01-13 18:06:05.734 D/dalvikvm(  452): GC_EXPLICIT freed 1K, 54% free 2611K/5639K, external 461K/513K, paused 57ms
01-13 18:06:06.405 I/System.out(  758): Values:2
01-13 18:06:07.406 I/System.out(  758): Values:2
01-13 18:06:08.407 I/System.out(  758): Values:2
01-13 18:06:09.317 E/BluetoothEventLoop.cpp(  164): event_filter: Received signal org.bluez.Adapter:PropertyChanged from /org/bluez/294/hci0
01-13 18:06:09.337 V/BluetoothEventRedirector(  514): Received android.bluetooth.adapter.action.DISCOVERY_FINISHED
01-13 18:06:09.347 E/BluetoothEventLoop.cpp(  164): event_filter: Received signal org.bluez.Adapter:PropertyChanged from /org/bluez/294/hci0
01-13 18:06:09.357 V/BluetoothEventRedirector(  514): Received android.bluetooth.adapter.action.DISCOVERY_STARTED
01-13 18:06:09.398 I/System.out(  758): Values:0
01-13 18:06:10.408 I/System.out(  758): Values:0
01-13 18:06:11.409 I/System.out(  758): Values:0
01-13 18:06:12.410 I/System.out(  758): Values:0
01-13 18:06:12.901 E/BluetoothEventLoop.cpp(  164): event_filter: Received signal org.bluez.Adapter:DeviceFound from /org/bluez/294/hci0
01-13 18:06:12.901 D/BluetoothService(  164): updateDeviceServiceChannelCache(E4:CE:8F:15:7D:27)
01-13 18:06:12.921 V/BluetoothEventRedirector(  514): Received android.bluetooth.device.action.FOUND
01-13 18:06:13.411 I/System.out(  758): Values:1
01-13 18:06:14.412 I/System.out(  758): Values:1
01-13 18:06:15.413 I/System.out(  758): Values:1
01-13 18:06:16.414 I/System.out(  758): Values:1
01-13 18:06:17.415 I/System.out(  758): Values:1
01-13 18:06:18.416 I/System.out(  758): Values:1
01-13 18:06:19.417 I/System.out(  758): Values:1
01-13 18:06:19.587 E/BluetoothEventLoop.cpp(  164): event_filter: Received signal org.bluez.Adapter:PropertyChanged from /org/bluez/294/hci0
01-13 18:06:19.607 V/BluetoothEventRedirector(  514): Received android.bluetooth.adapter.action.DISCOVERY_FINISHED
01-13 18:06:19.627 E/BluetoothEventLoop.cpp(  164): event_filter: Received signal org.bluez.Adapter:PropertyChanged from /org/bluez/294/hci0
01-13 18:06:19.637 V/BluetoothEventRedirector(  514): Received android.bluetooth.adapter.action.DISCOVERY_STARTED
01-13 18:06:20.418 I/System.out(  758): Values:0
01-13 18:06:21.409 I/System.out(  758): Values:0
01-13 18:06:22.420 I/System.out(  758): Values:0
01-13 18:06:23.411 I/System.out(  758): Values:0
01-13 18:06:23.521 E/BluetoothEventLoop.cpp(  164): event_filter: Received signal org.bluez.Adapter:DeviceFound from /org/bluez/294/hci0
01-13 18:06:23.521 D/BluetoothService(  164): updateDeviceServiceChannelCache(E4:CE:8F:15:7D:27)
01-13 18:06:23.531 V/BluetoothEventRedirector(  514): Received android.bluetooth.device.action.FOUND
01-13 18:06:24.412 I/System.out(  758): Values:1
01-13 18:06:25.423 I/System.out(  758): Values:1
01-13 18:06:26.424 I/System.out(  758): Values:1
01-13 18:06:27.425 I/System.out(  758): Values:1
01-13 18:06:28.426 I/System.out(  758): Values:1
01-13 18:06:29.427 I/System.out(  758): Values:1
01-13 18:06:29.867 E/BluetoothEventLoop.cpp(  164): event_filter: Received signal org.bluez.Adapter:PropertyChanged from /org/bluez/294/hci0
01-13 18:06:29.877 V/BluetoothEventRedirector(  514): Received android.bluetooth.adapter.action.DISCOVERY_FINISHED
01-13 18:06:29.898 E/BluetoothEventLoop.cpp(  164): event_filter: Received signal org.bluez.Adapter:PropertyChanged from /org/bluez/294/hci0
01-13 18:06:29.908 V/BluetoothEventRedirector(  514): Received android.bluetooth.adapter.action.DISCOVERY_STARTED
01-13 18:06:30.418 I/System.out(  758): Values:0
01-13 18:06:30.919 E/BluetoothEventLoop.cpp(  164): event_filter: Received signal org.bluez.Adapter:DeviceFound from /org/bluez/294/hci0
01-13 18:06:30.919 D/BluetoothService(  164): updateDeviceServiceChannelCache(E4:CE:8F:15:7D:27)
01-13 18:06:30.929 V/BluetoothEventRedirector(  514): Received android.bluetooth.device.action.FOUND
01-13 18:06:31.419 I/System.out(  758): Values:1
01-13 18:06:32.260 D/dalvikvm(  164): GC_CONCURRENT freed 549K, 48% free 4847K/9287K, external 35K/547K, paused 9ms+4ms
01-13 18:06:32.420 I/System.out(  758): Values:1
01-13 18:06:32.420 I/System.out(  758): Battery level start is reached
01-13 18:06:33.421 I/System.out(  758): Values:1
01-13 18:06:34.422 I/System.out(  758): Values:1
01-13 18:06:35.423 I/System.out(  758): Values:1
01-13 18:06:36.424 I/System.out(  758): Values:1
01-13 18:06:37.425 I/System.out(  758): Values:1
01-13 18:06:38.426 I/System.out(  758): Values:1
01-13 18:06:39.417 I/System.out(  758): Values:1
01-13 18:06:40.137 E/BluetoothEventLoop.cpp(  164): event_filter: Received signal org.bluez.Adapter:PropertyChanged from /org/bluez/294/hci0
01-13 18:06:40.158 V/BluetoothEventRedirector(  514): Received android.bluetooth.adapter.action.DISCOVERY_FINISHED
01-13 18:06:40.178 E/BluetoothEventLoop.cpp(  164): event_filter: Received signal org.bluez.Adapter:PropertyChanged from /org/bluez/294/hci0
01-13 18:06:40.178 V/BluetoothEventRedirector(  514): Received android.bluetooth.adapter.action.DISCOVERY_STARTED
01-13 18:06:40.418 I/System.out(  758): Values:0
01-13 18:06:41.199 E/BluetoothEventLoop.cpp(  164): event_filter: Received signal org.bluez.Adapter:DeviceFound from /org/bluez/294/hci0
01-13 18:06:41.199 D/BluetoothService(  164): updateDeviceServiceChannelCache(E4:CE:8F:15:7D:27)
01-13 18:06:41.209 V/BluetoothEventRedirector(  514): Received android.bluetooth.device.action.FOUND
01-13 18:06:41.419 I/System.out(  758): Values:1
01-13 18:06:42.420 I/System.out(  758): Values:1
01-13 18:06:43.431 I/System.out(  758): Values:1
01-13 18:06:44.432 I/System.out(  758): Values:1
01-13 18:06:45.433 I/System.out(  758): Values:1
01-13 18:06:46.434 I/System.out(  758): Values:1
01-13 18:06:47.435 I/System.out(  758): Values:1
01-13 18:06:48.436 I/System.out(  758): Values:1
01-13 18:06:49.427 I/System.out(  758): Values:1
01-13 18:06:50.418 E/BluetoothEventLoop.cpp(  164): event_filter: Received signal org.bluez.Adapter:PropertyChanged from /org/bluez/294/hci0
01-13 18:06:50.428 I/System.out(  758): Values:1
01-13 18:06:50.458 E/BluetoothEventLoop.cpp(  164): event_filter: Received signal org.bluez.Adapter:PropertyChanged from /org/bluez/294/hci0
01-13 18:06:50.458 V/BluetoothEventRedirector(  514): Received android.bluetooth.adapter.action.DISCOVERY_FINISHED
01-13 18:06:50.458 V/BluetoothEventRedirector(  514): Received android.bluetooth.adapter.action.DISCOVERY_STARTED
01-13 18:06:51.429 I/System.out(  758): Values:0
01-13 18:06:52.429 I/System.out(  758): Values:0
01-13 18:06:53.430 I/System.out(  758): Values:0
01-13 18:06:54.041 E/BluetoothEventLoop.cpp(  164): event_filter: Received signal org.bluez.Adapter:DeviceFound from /org/bluez/294/hci0
01-13 18:06:54.041 D/BluetoothService(  164): updateDeviceServiceChannelCache(E4:CE:8F:15:7D:27)
01-13 18:06:54.051 V/BluetoothEventRedirector(  514): Received android.bluetooth.device.action.FOUND
01-13 18:06:54.431 I/System.out(  758): Values:1
01-13 18:06:55.432 I/System.out(  758): Values:1
01-13 18:06:56.433 I/System.out(  758): Values:1
01-13 18:06:57.434 I/System.out(  758): Values:1
01-13 18:06:58.435 I/System.out(  758): Values:1
01-13 18:06:59.436 I/System.out(  758): Values:1
01-13 18:07:00.437 I/System.out(  758): Values:1
01-13 18:07:00.698 E/BluetoothEventLoop.cpp(  164): event_filter: Received signal org.bluez.Adapter:PropertyChanged from /org/bluez/294/hci0
01-13 18:07:00.708 V/BluetoothEventRedirector(  514): Received android.bluetooth.adapter.action.DISCOVERY_FINISHED
01-13 18:07:00.728 E/BluetoothEventLoop.cpp(  164): event_filter: Received signal org.bluez.Adapter:PropertyChanged from /org/bluez/294/hci0
01-13 18:07:00.738 V/BluetoothEventRedirector(  514): Received android.bluetooth.adapter.action.DISCOVERY_STARTED
01-13 18:07:01.428 I/System.out(  758): Values:0
01-13 18:07:02.439 I/System.out(  758): Values:0
01-13 18:07:03.440 I/System.out(  758): Values:0
01-13 18:07:04.331 E/BluetoothEventLoop.cpp(  164): event_filter: Received signal org.bluez.Adapter:DeviceFound from /org/bluez/294/hci0
01-13 18:07:04.331 D/BluetoothService(  164): updateDeviceServiceChannelCache(E4:CE:8F:15:7D:27)
01-13 18:07:04.341 V/BluetoothEventRedirector(  514): Received android.bluetooth.device.action.FOUND
01-13 18:07:04.441 I/System.out(  758): Values:1
01-13 18:07:05.432 I/System.out(  758): Values:1
01-13 18:07:06.443 I/System.out(  758): Values:1
01-13 18:07:07.444 I/System.out(  758): Values:1
01-13 18:07:08.445 I/System.out(  758): Values:1
01-13 18:07:09.436 I/System.out(  758): Values:1
01-13 18:07:10.437 I/System.out(  758): Values:1
01-13 18:07:10.968 E/BluetoothEventLoop.cpp(  164): event_filter: Received signal org.bluez.Adapter:PropertyChanged from /org/bluez/294/hci0
01-13 18:07:11.008 E/BluetoothEventLoop.cpp(  164): event_filter: Received signal org.bluez.Adapter:PropertyChanged from /org/bluez/294/hci0
01-13 18:07:11.008 V/BluetoothEventRedirector(  514): Received android.bluetooth.adapter.action.DISCOVERY_FINISHED
01-13 18:07:11.008 V/BluetoothEventRedirector(  514): Received android.bluetooth.adapter.action.DISCOVERY_STARTED
01-13 18:07:11.118 D/dalvikvm(  514): GC_CONCURRENT freed 386K, 55% free 2683K/5895K, external 0K/0K, paused 6ms+2ms
01-13 18:07:11.438 I/System.out(  758): Values:0
01-13 18:07:12.009 E/BluetoothEventLoop.cpp(  164): event_filter: Received signal org.bluez.Adapter:DeviceFound from /org/bluez/294/hci0
01-13 18:07:12.019 D/BluetoothService(  164): updateDeviceServiceChannelCache(E4:CE:8F:15:7D:27)
01-13 18:07:12.029 V/BluetoothEventRedirector(  514): Received android.bluetooth.device.action.FOUND
01-13 18:07:12.439 I/System.out(  758): Values:1
01-13 18:07:13.440 I/System.out(  758): Values:1
01-13 18:07:14.441 I/System.out(  758): Values:1
01-13 18:07:15.442 I/System.out(  758): Values:1
01-13 18:07:16.443 I/System.out(  758): Values:1
01-13 18:07:17.444 I/System.out(  758): Values:1
01-13 18:07:18.445 I/System.out(  758): Values:1
01-13 18:07:19.446 I/System.out(  758): Values:1
01-13 18:07:20.447 I/System.out(  758): Values:1
01-13 18:07:21.248 E/BluetoothEventLoop.cpp(  164): event_filter: Received signal org.bluez.Adapter:PropertyChanged from /org/bluez/294/hci0
01-13 18:07:21.258 V/BluetoothEventRedirector(  514): Received android.bluetooth.adapter.action.DISCOVERY_FINISHED
01-13 18:07:21.278 E/BluetoothEventLoop.cpp(  164): event_filter: Received signal org.bluez.Adapter:PropertyChanged from /org/bluez/294/hci0
01-13 18:07:21.288 V/BluetoothEventRedirector(  514): Received android.bluetooth.adapter.action.DISCOVERY_STARTED
01-13 18:07:21.448 I/System.out(  758): Values:0
01-13 18:07:22.309 E/BluetoothEventLoop.cpp(  164): event_filter: Received signal org.bluez.Adapter:DeviceFound from /org/bluez/294/hci0
01-13 18:07:22.309 D/BluetoothService(  164): updateDeviceServiceChannelCache(E4:CE:8F:15:7D:27)
01-13 18:07:22.319 V/BluetoothEventRedirector(  514): Received android.bluetooth.device.action.FOUND
01-13 18:07:22.439 I/System.out(  758): Values:1
01-13 18:07:23.440 I/System.out(  758): Values:1
01-13 18:07:24.441 I/System.out(  758): Values:1
01-13 18:07:25.442 I/System.out(  758): Values:1
01-13 18:07:26.443 I/System.out(  758): Values:1
01-13 18:07:27.444 I/System.out(  758): Values:1
01-13 18:07:28.445 I/System.out(  758): Values:1
01-13 18:07:29.436 I/System.out(  758): Values:1
01-13 18:07:30.437 I/System.out(  758): Values:1
01-13 18:07:31.438 I/System.out(  758): Values:1
01-13 18:07:31.518 E/BluetoothEventLoop.cpp(  164): event_filter: Received signal org.bluez.Adapter:PropertyChanged from /org/bluez/294/hci0
01-13 18:07:31.548 E/BluetoothEventLoop.cpp(  164): event_filter: Received signal org.bluez.Adapter:PropertyChanged from /org/bluez/294/hci0
01-13 18:07:31.558 V/BluetoothEventRedirector(  514): Received android.bluetooth.adapter.action.DISCOVERY_FINISHED
01-13 18:07:31.558 V/BluetoothEventRedirector(  514): Received android.bluetooth.adapter.action.DISCOVERY_STARTED
01-13 18:07:32.449 I/System.out(  758): Values:0
01-13 18:07:33.450 I/System.out(  758): Values:0
01-13 18:07:34.450 I/System.out(  758): Values:0
01-13 18:07:35.191 E/BluetoothEventLoop.cpp(  164): event_filter: Received signal org.bluez.Adapter:DeviceFound from /org/bluez/294/hci0
01-13 18:07:35.201 D/BluetoothService(  164): updateDeviceServiceChannelCache(E4:CE:8F:15:7D:27)
01-13 18:07:35.201 V/BluetoothEventRedirector(  514): Received android.bluetooth.device.action.FOUND
01-13 18:07:35.451 I/System.out(  758): Values:1
01-13 18:07:36.452 I/System.out(  758): Values:1
01-13 18:07:37.453 I/System.out(  758): Values:1
01-13 18:07:38.454 I/System.out(  758): Values:1
01-13 18:07:39.455 I/System.out(  758): Values:1
01-13 18:07:40.446 I/System.out(  758): Values:1
01-13 18:07:41.447 I/System.out(  758): Values:1
01-13 18:07:41.798 E/BluetoothEventLoop.cpp(  164): event_filter: Received signal org.bluez.Adapter:PropertyChanged from /org/bluez/294/hci0
01-13 18:07:41.808 V/BluetoothEventRedirector(  514): Received android.bluetooth.adapter.action.DISCOVERY_FINISHED
01-13 18:07:41.828 E/BluetoothEventLoop.cpp(  164): event_filter: Received signal org.bluez.Adapter:PropertyChanged from /org/bluez/294/hci0
01-13 18:07:41.828 V/BluetoothEventRedirector(  514): Received android.bluetooth.adapter.action.DISCOVERY_STARTED
01-13 18:07:42.448 I/System.out(  758): Values:0
01-13 18:07:43.449 I/System.out(  758): Values:0
01-13 18:07:44.450 I/System.out(  758): Values:0
01-13 18:07:45.451 I/System.out(  758): Values:0
01-13 18:07:45.461 E/BluetoothEventLoop.cpp(  164): event_filter: Received signal org.bluez.Adapter:DeviceFound from /org/bluez/294/hci0
01-13 18:07:45.471 D/BluetoothService(  164): updateDeviceServiceChannelCache(E4:CE:8F:15:7D:27)
01-13 18:07:45.481 V/BluetoothEventRedirector(  514): Received android.bluetooth.device.action.FOUND
01-13 18:07:46.452 I/System.out(  758): Values:1
01-13 18:07:47.453 I/System.out(  758): Values:1
01-13 18:07:48.454 I/System.out(  758): Values:1
01-13 18:07:49.455 I/System.out(  758): Values:1
01-13 18:07:50.456 I/System.out(  758): Values:1
01-13 18:07:51.447 I/System.out(  758): Values:1
01-13 18:07:52.068 E/BluetoothEventLoop.cpp(  164): event_filter: Received signal org.bluez.Adapter:PropertyChanged from /org/bluez/294/hci0
01-13 18:07:52.098 E/BluetoothEventLoop.cpp(  164): event_filter: Received signal org.bluez.Adapter:PropertyChanged from /org/bluez/294/hci0
01-13 18:07:52.108 V/BluetoothEventRedirector(  514): Received android.bluetooth.adapter.action.DISCOVERY_FINISHED
01-13 18:07:52.108 V/BluetoothEventRedirector(  514): Received android.bluetooth.adapter.action.DISCOVERY_STARTED
01-13 18:07:52.448 I/System.out(  758): Values:0
01-13 18:07:53.159 E/BluetoothEventLoop.cpp(  164): event_filter: Received signal org.bluez.Adapter:DeviceFound from /org/bluez/294/hci0
01-13 18:07:53.159 D/BluetoothService(  164): updateDeviceServiceChannelCache(E4:CE:8F:15:7D:27)
01-13 18:07:53.179 V/BluetoothEventRedirector(  514): Received android.bluetooth.device.action.FOUND
01-13 18:07:53.449 I/System.out(  758): Values:1
01-13 18:07:54.450 I/System.out(  758): Values:1
01-13 18:07:55.451 I/System.out(  758): Values:1
01-13 18:07:56.452 I/System.out(  758): Values:1
01-13 18:07:57.453 I/System.out(  758): Values:1
01-13 18:07:58.454 I/System.out(  758): Values:1
01-13 18:07:59.455 I/System.out(  758): Values:1
01-13 18:08:00.456 I/System.out(  758): Values:1
01-13 18:08:01.457 I/System.out(  758): Values:1
01-13 18:08:02.338 E/BluetoothEventLoop.cpp(  164): event_filter: Received signal org.bluez.Adapter:PropertyChanged from /org/bluez/294/hci0
01-13 18:08:02.358 V/BluetoothEventRedirector(  514): Received android.bluetooth.adapter.action.DISCOVERY_FINISHED
01-13 18:08:02.378 E/BluetoothEventLoop.cpp(  164): event_filter: Received signal org.bluez.Adapter:PropertyChanged from /org/bluez/294/hci0
01-13 18:08:02.378 V/BluetoothEventRedirector(  514): Received android.bluetooth.adapter.action.DISCOVERY_STARTED
01-13 18:08:02.458 I/System.out(  758): Values:0
01-13 18:08:03.449 E/BluetoothEventLoop.cpp(  164): event_filter: Received signal org.bluez.Adapter:DeviceFound from /org/bluez/294/hci0
01-13 18:08:03.449 D/BluetoothService(  164): updateDeviceServiceChannelCache(E4:CE:8F:15:7D:27)
01-13 18:08:03.449 I/System.out(  758): Values:0
01-13 18:08:03.459 V/BluetoothEventRedirector(  514): Received android.bluetooth.device.action.FOUND
01-13 18:08:04.450 I/System.out(  758): Values:1
01-13 18:08:05.451 I/System.out(  758): Values:1
01-13 18:08:06.452 I/System.out(  758): Values:1
01-13 18:08:07.453 I/System.out(  758): Values:1
01-13 18:08:08.454 I/System.out(  758): Values:1
01-13 18:08:08.534 D/dalvikvm(  452): GC_EXPLICIT freed 1K, 54% free 2611K/5639K, external 461K/513K, paused 55ms
01-13 18:08:09.455 I/System.out(  758): Values:1
01-13 18:08:10.456 I/System.out(  758): Values:1
01-13 18:08:11.457 I/System.out(  758): Values:1
01-13 18:08:12.458 I/System.out(  758): Values:1
01-13 18:08:12.618 E/BluetoothEventLoop.cpp(  164): event_filter: Received signal org.bluez.Adapter:PropertyChanged from /org/bluez/294/hci0
01-13 18:08:12.648 E/BluetoothEventLoop.cpp(  164): event_filter: Received signal org.bluez.Adapter:PropertyChanged from /org/bluez/294/hci0
01-13 18:08:12.648 V/BluetoothEventRedirector(  514): Received android.bluetooth.adapter.action.DISCOVERY_FINISHED
01-13 18:08:12.658 V/BluetoothEventRedirector(  514): Received android.bluetooth.adapter.action.DISCOVERY_STARTED
01-13 18:08:13.459 I/System.out(  758): Values:0
01-13 18:08:14.460 I/System.out(  758): Values:0
01-13 18:08:15.460 I/System.out(  758): Values:0
01-13 18:08:16.301 E/BluetoothEventLoop.cpp(  164): event_filter: Received signal org.bluez.Adapter:DeviceFound from /org/bluez/294/hci0
01-13 18:08:16.301 D/BluetoothService(  164): updateDeviceServiceChannelCache(E4:CE:8F:15:7D:27)
01-13 18:08:16.311 V/BluetoothEventRedirector(  514): Received android.bluetooth.device.action.FOUND
01-13 18:08:16.451 I/System.out(  758): Values:1
01-13 18:08:17.452 I/System.out(  758): Values:1
01-13 18:08:18.453 I/System.out(  758): Values:1
01-13 18:08:19.454 I/System.out(  758): Values:1
01-13 18:08:20.455 I/System.out(  758): Values:1
01-13 18:08:21.456 I/System.out(  758): Values:1
01-13 18:08:22.457 I/System.out(  758): Values:1
01-13 18:08:22.888 E/BluetoothEventLoop.cpp(  164): event_filter: Received signal org.bluez.Adapter:PropertyChanged from /org/bluez/294/hci0
01-13 18:08:22.908 V/BluetoothEventRedirector(  514): Received android.bluetooth.adapter.action.DISCOVERY_FINISHED
01-13 18:08:22.918 E/BluetoothEventLoop.cpp(  164): event_filter: Received signal org.bluez.Adapter:PropertyChanged from /org/bluez/294/hci0
01-13 18:08:22.928 V/BluetoothEventRedirector(  514): Received android.bluetooth.adapter.action.DISCOVERY_STARTED
01-13 18:08:23.458 I/System.out(  758): Values:0
01-13 18:08:24.459 I/System.out(  758): Values:0
01-13 18:08:25.450 I/System.out(  758): Values:0
01-13 18:08:26.461 I/System.out(  758): Values:0
01-13 18:08:27.102 E/BluetoothEventLoop.cpp(  164): event_filter: Received signal org.bluez.Adapter:DeviceFound from /org/bluez/294/hci0
01-13 18:08:27.112 D/BluetoothService(  164): updateDeviceServiceChannelCache(E4:CE:8F:15:7D:27)
01-13 18:08:27.112 V/BluetoothEventRedirector(  514): Received android.bluetooth.device.action.FOUND
01-13 18:08:27.202 D/dalvikvm(  514): GC_CONCURRENT freed 407K, 55% free 2660K/5895K, external 0K/0K, paused 7ms+2ms
01-13 18:08:27.462 I/System.out(  758): Values:1
01-13 18:08:28.463 I/System.out(  758): Values:1
01-13 18:08:29.464 I/System.out(  758): Values:1
01-13 18:08:30.455 I/System.out(  758): Values:1
01-13 18:08:31.466 I/System.out(  758): Values:1
01-13 18:08:32.467 I/System.out(  758): Values:1
01-13 18:08:33.158 E/BluetoothEventLoop.cpp(  164): event_filter: Received signal org.bluez.Adapter:PropertyChanged from /org/bluez/294/hci0
01-13 18:08:33.178 V/BluetoothEventRedirector(  514): Received android.bluetooth.adapter.action.DISCOVERY_FINISHED
01-13 18:08:33.198 E/BluetoothEventLoop.cpp(  164): event_filter: Received signal org.bluez.Adapter:PropertyChanged from /org/bluez/294/hci0
01-13 18:08:33.208 V/BluetoothEventRedirector(  514): Received android.bluetooth.adapter.action.DISCOVERY_STARTED
01-13 18:08:33.458 I/System.out(  758): Values:0
01-13 18:08:33.468 E/BluetoothEventLoop.cpp(  164): event_filter: Received signal org.bluez.Adapter:DeviceFound from /org/bluez/294/hci0
01-13 18:08:33.478 D/BluetoothService(  164): updateDeviceServiceChannelCache(E4:CE:8F:15:7D:27)
01-13 18:08:33.478 V/BluetoothEventRedirector(  514): Received android.bluetooth.device.action.FOUND
01-13 18:08:34.459 I/System.out(  758): Values:1
01-13 18:08:35.460 I/System.out(  758): Values:1
01-13 18:08:36.461 I/System.out(  758): Values:1
01-13 18:08:37.462 I/System.out(  758): Values:1
01-13 18:08:38.463 I/System.out(  758): Values:1
01-13 18:08:39.464 I/System.out(  758): Values:1
01-13 18:08:40.465 I/System.out(  758): Values:1
01-13 18:08:41.466 I/System.out(  758): Values:1
01-13 18:08:42.467 I/System.out(  758): Values:1
01-13 18:08:43.438 E/BluetoothEventLoop.cpp(  164): event_filter: Received signal org.bluez.Adapter:PropertyChanged from /org/bluez/294/hci0
01-13 18:08:43.448 V/BluetoothEventRedirector(  514): Received android.bluetooth.adapter.action.DISCOVERY_FINISHED
01-13 18:08:43.468 I/System.out(  758): Values:0
01-13 18:08:43.478 E/BluetoothEventLoop.cpp(  164): event_filter: Received signal org.bluez.Adapter:PropertyChanged from /org/bluez/294/hci0
01-13 18:08:43.478 V/BluetoothEventRedirector(  514): Received android.bluetooth.adapter.action.DISCOVERY_STARTED
01-13 18:08:44.469 I/System.out(  758): Values:0
01-13 18:08:45.470 I/System.out(  758): Values:0
01-13 18:08:46.471 I/System.out(  758): Values:0
01-13 18:08:47.472 I/System.out(  758): Values:0
01-13 18:08:48.473 I/System.out(  758): Values:0
01-13 18:08:48.483 E/BluetoothEventLoop.cpp(  164): event_filter: Received signal org.bluez.Adapter:DeviceFound from /org/bluez/294/hci0
01-13 18:08:48.483 D/BluetoothService(  164): updateDeviceServiceChannelCache(E4:CE:8F:15:7D:27)
01-13 18:08:48.503 V/BluetoothEventRedirector(  514): Received android.bluetooth.device.action.FOUND
01-13 18:08:49.474 I/System.out(  758): Values:1
01-13 18:08:50.475 I/System.out(  758): Values:1
01-13 18:08:51.476 I/System.out(  758): Values:1
01-13 18:08:52.467 I/System.out(  758): Values:1
01-13 18:08:53.468 I/System.out(  758): Values:1
01-13 18:08:53.708 E/BluetoothEventLoop.cpp(  164): event_filter: Received signal org.bluez.Adapter:PropertyChanged from /org/bluez/294/hci0
01-13 18:08:53.748 E/BluetoothEventLoop.cpp(  164): event_filter: Received signal org.bluez.Adapter:PropertyChanged from /org/bluez/294/hci0
01-13 18:08:53.758 V/BluetoothEventRedirector(  514): Received android.bluetooth.adapter.action.DISCOVERY_FINISHED
01-13 18:08:53.758 V/BluetoothEventRedirector(  514): Received android.bluetooth.adapter.action.DISCOVERY_STARTED
01-13 18:08:54.469 I/System.out(  758): Values:0
01-13 18:08:55.470 I/System.out(  758): Values:0
01-13 18:08:56.471 I/System.out(  758): Values:0
01-13 18:08:57.471 I/System.out(  758): Values:0
01-13 18:08:58.472 I/System.out(  758): Values:0
01-13 18:08:59.083 E/BluetoothEventLoop.cpp(  164): event_filter: Received signal org.bluez.Adapter:DeviceFound from /org/bluez/294/hci0
01-13 18:08:59.093 D/BluetoothService(  164): updateDeviceServiceChannelCache(E4:CE:8F:15:7D:27)
01-13 18:08:59.103 V/BluetoothEventRedirector(  514): Received android.bluetooth.device.action.FOUND
01-13 18:08:59.473 I/System.out(  758): Values:1
01-13 18:09:00.474 I/System.out(  758): Values:1
01-13 18:09:01.475 I/System.out(  758): Values:1
01-13 18:09:02.476 I/System.out(  758): Values:1
01-13 18:09:03.477 I/System.out(  758): Values:1
01-13 18:09:03.988 E/BluetoothEventLoop.cpp(  164): event_filter: Received signal org.bluez.Adapter:PropertyChanged from /org/bluez/294/hci0
01-13 18:09:04.008 V/BluetoothEventRedirector(  514): Received android.bluetooth.adapter.action.DISCOVERY_FINISHED
01-13 18:09:04.028 E/BluetoothEventLoop.cpp(  164): event_filter: Received signal org.bluez.Adapter:PropertyChanged from /org/bluez/294/hci0
01-13 18:09:04.038 V/BluetoothEventRedirector(  514): Received android.bluetooth.adapter.action.DISCOVERY_STARTED
01-13 18:09:04.478 I/System.out(  758): Values:0
01-13 18:09:05.469 I/System.out(  758): Values:0
01-13 18:09:06.470 I/System.out(  758): Values:0
01-13 18:09:07.481 I/System.out(  758): Values:0
01-13 18:09:08.472 I/System.out(  758): Values:0
01-13 18:09:08.873 E/BluetoothEventLoop.cpp(  164): event_filter: Received signal org.bluez.Adapter:DeviceFound from /org/bluez/294/hci0
01-13 18:09:08.883 D/BluetoothService(  164): updateDeviceServiceChannelCache(E4:CE:8F:15:7D:27)
01-13 18:09:08.893 V/BluetoothEventRedirector(  514): Received android.bluetooth.device.action.FOUND
01-13 18:09:09.043 E/BluetoothEventLoop.cpp(  164): event_filter: Received signal org.bluez.Adapter:DeviceFound from /org/bluez/294/hci0
01-13 18:09:09.053 D/BluetoothService(  164): updateDeviceServiceChannelCache(E4:CE:8F:15:7D:27)
01-13 18:09:09.053 V/BluetoothEventRedirector(  514): Received android.bluetooth.device.action.FOUND
01-13 18:09:09.473 I/System.out(  758): Values:2
01-13 18:09:10.484 I/System.out(  758): Values:2
01-13 18:09:11.475 I/System.out(  758): Values:2
01-13 18:09:12.476 I/System.out(  758): Values:2
01-13 18:09:13.477 I/System.out(  758): Values:2
01-13 18:09:14.268 E/BluetoothEventLoop.cpp(  164): event_filter: Received signal org.bluez.Adapter:PropertyChanged from /org/bluez/294/hci0
01-13 18:09:14.288 V/BluetoothEventRedirector(  514): Received android.bluetooth.adapter.action.DISCOVERY_FINISHED
01-13 18:09:14.298 E/BluetoothEventLoop.cpp(  164): event_filter: Received signal org.bluez.Adapter:PropertyChanged from /org/bluez/294/hci0
01-13 18:09:14.308 V/BluetoothEventRedirector(  514): Received android.bluetooth.adapter.action.DISCOVERY_STARTED
01-13 18:09:14.478 I/System.out(  758): Values:0
01-13 18:09:15.479 I/System.out(  758): Values:0
01-13 18:09:16.480 I/System.out(  758): Values:0
01-13 18:09:17.481 I/System.out(  758): Values:0
01-13 18:09:18.482 I/System.out(  758): Values:0
01-13 18:09:18.802 E/BluetoothEventLoop.cpp(  164): event_filter: Received signal org.bluez.Adapter:DeviceFound from /org/bluez/294/hci0
01-13 18:09:18.802 D/BluetoothService(  164): updateDeviceServiceChannelCache(E4:CE:8F:15:7D:27)
01-13 18:09:18.812 V/BluetoothEventRedirector(  514): Received android.bluetooth.device.action.FOUND
01-13 18:09:19.483 I/System.out(  758): Values:1
01-13 18:09:20.484 I/System.out(  758): Values:1
01-13 18:09:21.485 I/System.out(  758): Values:1
01-13 18:09:22.486 I/System.out(  758): Values:1
01-13 18:09:22.546 D/dalvikvm(  758): GC_CONCURRENT freed 394K, 56% free 2537K/5639K, external 8K/519K, paused 7ms+2ms
01-13 18:09:23.487 I/System.out(  758): Values:1
01-13 18:09:24.488 I/System.out(  758): Values:1
01-13 18:09:24.548 E/BluetoothEventLoop.cpp(  164): event_filter: Received signal org.bluez.Adapter:PropertyChanged from /org/bluez/294/hci0
01-13 18:09:24.578 E/BluetoothEventLoop.cpp(  164): event_filter: Received signal org.bluez.Adapter:PropertyChanged from /org/bluez/294/hci0
01-13 18:09:24.578 V/BluetoothEventRedirector(  514): Received android.bluetooth.adapter.action.DISCOVERY_FINISHED
01-13 18:09:24.588 V/BluetoothEventRedirector(  514): Received android.bluetooth.adapter.action.DISCOVERY_STARTED
01-13 18:09:25.199 E/BluetoothEventLoop.cpp(  164): event_filter: Received signal org.bluez.Adapter:DeviceFound from /org/bluez/294/hci0
01-13 18:09:25.199 D/BluetoothService(  164): updateDeviceServiceChannelCache(E4:CE:8F:15:7D:27)
01-13 18:09:25.219 V/BluetoothEventRedirector(  514): Received android.bluetooth.device.action.FOUND
01-13 18:09:25.489 I/System.out(  758): Values:1
01-13 18:09:26.490 I/System.out(  758): Values:1
01-13 18:09:27.491 I/System.out(  758): Values:1
01-13 18:09:28.482 I/System.out(  758): Values:1
01-13 18:09:29.483 I/System.out(  758): Values:1
01-13 18:09:30.484 I/System.out(  758): Values:1
01-13 18:09:31.485 I/System.out(  758): Values:1
01-13 18:09:32.486 I/System.out(  758): Values:1
01-13 18:09:33.487 I/System.out(  758): Values:1
01-13 18:09:34.488 I/System.out(  758): Values:1
01-13 18:09:34.818 E/BluetoothEventLoop.cpp(  164): event_filter: Received signal org.bluez.Adapter:PropertyChanged from /org/bluez/294/hci0
01-13 18:09:34.828 V/BluetoothEventRedirector(  514): Received android.bluetooth.adapter.action.DISCOVERY_FINISHED
01-13 18:09:34.848 E/BluetoothEventLoop.cpp(  164): event_filter: Received signal org.bluez.Adapter:PropertyChanged from /org/bluez/294/hci0
01-13 18:09:34.858 V/BluetoothEventRedirector(  514): Received android.bluetooth.adapter.action.DISCOVERY_STARTED
01-13 18:09:35.489 I/System.out(  758): Values:0
01-13 18:09:36.199 E/BluetoothEventLoop.cpp(  164): event_filter: Received signal org.bluez.Adapter:DeviceFound from /org/bluez/294/hci0
01-13 18:09:36.199 D/BluetoothService(  164): updateDeviceServiceChannelCache(E4:CE:8F:15:7D:27)
01-13 18:09:36.219 V/BluetoothEventRedirector(  514): Received android.bluetooth.device.action.FOUND
01-13 18:09:36.289 D/dalvikvm(  514): GC_CONCURRENT freed 385K, 55% free 2660K/5895K, external 0K/0K, paused 6ms+3ms
01-13 18:09:36.490 I/System.out(  758): Values:1
01-13 18:09:36.860 E/BluetoothEventLoop.cpp(  164): event_filter: Received signal org.bluez.Adapter:DeviceFound from /org/bluez/294/hci0
01-13 18:09:36.860 D/BluetoothService(  164): updateDeviceServiceChannelCache(E4:CE:8F:15:7D:27)
01-13 18:09:36.870 V/BluetoothEventRedirector(  514): Received android.bluetooth.device.action.FOUND
01-13 18:09:37.491 I/System.out(  758): Values:2
01-13 18:09:38.492 I/System.out(  758): Values:2
01-13 18:09:39.492 I/System.out(  758): Values:2
01-13 18:09:40.493 I/System.out(  758): Values:2
01-13 18:09:41.494 I/System.out(  758): Values:2
01-13 18:09:42.495 I/System.out(  758): Values:2
01-13 18:09:43.496 I/System.out(  758): Values:2
01-13 18:09:44.497 I/System.out(  758): Values:2
01-13 18:09:45.088 E/BluetoothEventLoop.cpp(  164): event_filter: Received signal org.bluez.Adapter:PropertyChanged from /org/bluez/294/hci0
01-13 18:09:45.108 V/BluetoothEventRedirector(  514): Received android.bluetooth.adapter.action.DISCOVERY_FINISHED
01-13 18:09:45.118 E/BluetoothEventLoop.cpp(  164): event_filter: Received signal org.bluez.Adapter:PropertyChanged from /org/bluez/294/hci0
01-13 18:09:45.128 V/BluetoothEventRedirector(  514): Received android.bluetooth.adapter.action.DISCOVERY_STARTED
01-13 18:09:45.498 I/System.out(  758): Values:0
01-13 18:09:46.499 I/System.out(  758): Values:0
01-13 18:09:47.490 I/System.out(  758): Values:0
01-13 18:09:48.491 I/System.out(  758): Values:0
01-13 18:09:49.492 I/System.out(  758): Values:0
01-13 18:09:50.493 I/System.out(  758): Values:0
01-13 18:09:51.504 I/System.out(  758): Values:0
01-13 18:09:51.825 E/BluetoothEventLoop.cpp(  164): event_filter: Received signal org.bluez.Adapter:DeviceFound from /org/bluez/294/hci0
01-13 18:09:51.825 D/BluetoothService(  164): updateDeviceServiceChannelCache(E4:CE:8F:15:7D:27)
01-13 18:09:51.835 V/BluetoothEventRedirector(  514): Received android.bluetooth.device.action.FOUND
01-13 18:09:52.495 I/System.out(  758): Values:1
01-13 18:09:53.496 I/System.out(  758): Values:1
01-13 18:09:54.497 I/System.out(  758): Values:1
01-13 18:09:55.368 E/BluetoothEventLoop.cpp(  164): event_filter: Received signal org.bluez.Adapter:PropertyChanged from /org/bluez/294/hci0
01-13 18:09:55.378 V/BluetoothEventRedirector(  514): Received android.bluetooth.adapter.action.DISCOVERY_FINISHED
01-13 18:09:55.398 E/BluetoothEventLoop.cpp(  164): event_filter: Received signal org.bluez.Adapter:PropertyChanged from /org/bluez/294/hci0
01-13 18:09:55.398 V/BluetoothEventRedirector(  514): Received android.bluetooth.adapter.action.DISCOVERY_STARTED
01-13 18:09:55.498 I/System.out(  758): Values:0
01-13 18:09:56.499 I/System.out(  758): Values:0
01-13 18:09:56.799 E/BluetoothEventLoop.cpp(  164): event_filter: Received signal org.bluez.Adapter:DeviceFound from /org/bluez/294/hci0
01-13 18:09:56.809 D/BluetoothService(  164): updateDeviceServiceChannelCache(E4:CE:8F:15:7D:27)
01-13 18:09:56.809 V/BluetoothEventRedirector(  514): Received android.bluetooth.device.action.FOUND
01-13 18:09:57.500 I/System.out(  758): Values:1
01-13 18:09:58.501 I/System.out(  758): Values:1
01-13 18:09:59.502 I/System.out(  758): Values:1
01-13 18:10:00.503 I/System.out(  758): Values:1
01-13 18:10:01.504 I/System.out(  758): Values:1
01-13 18:10:02.505 I/System.out(  758): Values:1
01-13 18:10:03.506 I/System.out(  758): Values:1
01-13 18:10:04.507 I/System.out(  758): Values:1
01-13 18:10:05.067 D/dalvikvm(  452): GC_EXPLICIT freed 1K, 54% free 2611K/5639K, external 461K/513K, paused 28ms
01-13 18:10:05.508 I/System.out(  758): Values:1
01-13 18:10:05.628 E/BluetoothEventLoop.cpp(  164): event_filter: Received signal org.bluez.Adapter:PropertyChanged from /org/bluez/294/hci0
01-13 18:10:05.668 E/BluetoothEventLoop.cpp(  164): event_filter: Received signal org.bluez.Adapter:PropertyChanged from /org/bluez/294/hci0
01-13 18:10:05.678 V/BluetoothEventRedirector(  514): Received android.bluetooth.adapter.action.DISCOVERY_FINISHED
01-13 18:10:05.678 V/BluetoothEventRedirector(  514): Received android.bluetooth.adapter.action.DISCOVERY_STARTED
01-13 18:10:06.509 I/System.out(  758): Values:0
01-13 18:10:07.240 E/BluetoothEventLoop.cpp(  164): event_filter: Received signal org.bluez.Adapter:DeviceFound from /org/bluez/294/hci0
01-13 18:10:07.240 D/BluetoothService(  164): updateDeviceServiceChannelCache(E4:CE:8F:15:7D:27)
01-13 18:10:07.250 V/BluetoothEventRedirector(  514): Received android.bluetooth.device.action.FOUND
01-13 18:10:07.500 I/System.out(  758): Values:1
01-13 18:10:08.501 I/System.out(  758): Values:1
01-13 18:10:09.502 I/System.out(  758): Values:1
01-13 18:10:10.503 I/System.out(  758): Values:1
01-13 18:10:11.504 I/System.out(  758): Values:1
01-13 18:10:12.505 I/System.out(  758): Values:1
01-13 18:10:13.496 I/System.out(  758): Values:1
01-13 18:10:14.507 I/System.out(  758): Values:1
01-13 18:10:15.508 I/System.out(  758): Values:1
01-13 18:10:15.908 E/BluetoothEventLoop.cpp(  164): event_filter: Received signal org.bluez.Adapter:PropertyChanged from /org/bluez/294/hci0
01-13 18:10:15.918 V/BluetoothEventRedirector(  514): Received android.bluetooth.adapter.action.DISCOVERY_FINISHED
01-13 18:10:15.938 E/BluetoothEventLoop.cpp(  164): event_filter: Received signal org.bluez.Adapter:PropertyChanged from /org/bluez/294/hci0
01-13 18:10:15.948 V/BluetoothEventRedirector(  514): Received android.bluetooth.adapter.action.DISCOVERY_STARTED
01-13 18:10:16.509 I/System.out(  758): Values:0
01-13 18:10:17.419 E/BluetoothEventLoop.cpp(  164): event_filter: Received signal org.bluez.Adapter:DeviceFound from /org/bluez/294/hci0
01-13 18:10:17.429 D/BluetoothService(  164): updateDeviceServiceChannelCache(E4:CE:8F:15:7D:27)
01-13 18:10:17.439 V/BluetoothEventRedirector(  514): Received android.bluetooth.device.action.FOUND
01-13 18:10:17.510 I/System.out(  758): Values:1
01-13 18:10:18.501 I/System.out(  758): Values:1
01-13 18:10:19.502 I/System.out(  758): Values:1
01-13 18:10:20.502 I/System.out(  758): Values:1
01-13 18:10:21.513 I/System.out(  758): Values:1
01-13 18:10:22.514 I/System.out(  758): Values:1
01-13 18:10:23.515 I/System.out(  758): Values:1
01-13 18:10:24.506 I/System.out(  758): Values:1
01-13 18:10:25.507 I/System.out(  758): Values:1
01-13 18:10:26.178 E/BluetoothEventLoop.cpp(  164): event_filter: Received signal org.bluez.Adapter:PropertyChanged from /org/bluez/294/hci0
01-13 18:10:26.198 V/BluetoothEventRedirector(  514): Received android.bluetooth.adapter.action.DISCOVERY_FINISHED
01-13 18:10:26.218 E/BluetoothEventLoop.cpp(  164): event_filter: Received signal org.bluez.Adapter:PropertyChanged from /org/bluez/294/hci0
01-13 18:10:26.218 V/BluetoothEventRedirector(  514): Received android.bluetooth.adapter.action.DISCOVERY_STARTED
01-13 18:10:26.508 I/System.out(  758): Values:0
01-13 18:10:27.509 I/System.out(  758): Values:0
01-13 18:10:28.510 I/System.out(  758): Values:0
01-13 18:10:29.511 I/System.out(  758): Values:0
01-13 18:10:30.512 I/System.out(  758): Values:0
01-13 18:10:31.513 I/System.out(  758): Values:0
01-13 18:10:32.514 I/System.out(  758): Values:0
01-13 18:10:33.515 I/System.out(  758): Values:0
01-13 18:10:34.506 I/System.out(  758): Values:0
01-13 18:10:35.377 E/BluetoothEventLoop.cpp(  164): event_filter: Received signal org.bluez.Adapter:DeviceFound from /org/bluez/294/hci0
01-13 18:10:35.377 D/BluetoothService(  164): updateDeviceServiceChannelCache(E4:CE:8F:15:7D:27)
01-13 18:10:35.387 V/BluetoothEventRedirector(  514): Received android.bluetooth.device.action.FOUND
01-13 18:10:35.507 I/System.out(  758): Values:1
01-13 18:10:36.458 E/BluetoothEventLoop.cpp(  164): event_filter: Received signal org.bluez.Adapter:PropertyChanged from /org/bluez/294/hci0
01-13 18:10:36.468 V/BluetoothEventRedirector(  514): Received android.bluetooth.adapter.action.DISCOVERY_FINISHED
01-13 18:10:36.488 E/BluetoothEventLoop.cpp(  164): event_filter: Received signal org.bluez.Adapter:PropertyChanged from /org/bluez/294/hci0
01-13 18:10:36.498 V/BluetoothEventRedirector(  514): Received android.bluetooth.adapter.action.DISCOVERY_STARTED
01-13 18:10:36.508 I/System.out(  758): Values:0
01-13 18:10:37.509 I/System.out(  758): Values:0
01-13 18:10:38.510 I/System.out(  758): Values:0
01-13 18:10:39.511 I/System.out(  758): Values:0
01-13 18:10:40.512 I/System.out(  758): Values:0
01-13 18:10:40.592 E/BluetoothEventLoop.cpp(  164): event_filter: Received signal org.bluez.Adapter:DeviceFound from /org/bluez/294/hci0
01-13 18:10:40.592 D/BluetoothService(  164): updateDeviceServiceChannelCache(E4:CE:8F:15:7D:27)
01-13 18:10:40.602 V/BluetoothEventRedirector(  514): Received android.bluetooth.device.action.FOUND
01-13 18:10:41.513 I/System.out(  758): Values:1
01-13 18:10:42.514 I/System.out(  758): Values:1
01-13 18:10:43.515 I/System.out(  758): Values:1
01-13 18:10:43.515 I/System.out(  758): Battery level end is reached
01-13 18:10:43.515 I/System.out(  758): Time difference in secs is: 251
01-13 18:10:44.516 I/System.out(  758): Values:1
01-13 18:10:44.516 I/System.out(  758): Time difference in secs is: 251
01-13 18:10:45.517 I/System.out(  758): Values:1
01-13 18:10:45.517 I/System.out(  758): Time difference in secs is: 251
01-13 18:10:46.508 I/System.out(  758): Values:1
01-13 18:10:46.518 I/System.out(  758): Time difference in secs is: 251
01-13 18:10:46.728 E/BluetoothEventLoop.cpp(  164): event_filter: Received signal org.bluez.Adapter:PropertyChanged from /org/bluez/294/hci0
01-13 18:10:46.758 E/BluetoothEventLoop.cpp(  164): event_filter: Received signal org.bluez.Adapter:PropertyChanged from /org/bluez/294/hci0
01-13 18:10:46.768 V/BluetoothEventRedirector(  514): Received android.bluetooth.adapter.action.DISCOVERY_FINISHED
01-13 18:10:46.768 V/BluetoothEventRedirector(  514): Received android.bluetooth.adapter.action.DISCOVERY_STARTED
01-13 18:10:47.519 I/System.out(  758): Values:0
01-13 18:10:47.519 I/System.out(  758): Time difference in secs is: 251
01-13 18:10:48.520 I/System.out(  758): Values:0
01-13 18:10:48.520 I/System.out(  758): Time difference in secs is: 251
01-13 18:10:48.550 E/BluetoothEventLoop.cpp(  164): event_filter: Received signal org.bluez.Adapter:DeviceFound from /org/bluez/294/hci0
01-13 18:10:48.550 D/BluetoothService(  164): updateDeviceServiceChannelCache(E4:CE:8F:15:7D:27)
01-13 18:10:48.570 V/BluetoothEventRedirector(  514): Received android.bluetooth.device.action.FOUND
01-13 18:10:48.650 D/dalvikvm(  514): GC_CONCURRENT freed 384K, 55% free 2660K/5895K, external 0K/0K, paused 6ms+2ms
01-13 18:10:49.521 I/System.out(  758): Values:1
01-13 18:10:49.521 I/System.out(  758): Time difference in secs is: 251
01-13 18:10:50.512 I/System.out(  758): Values:1
01-13 18:10:50.522 I/System.out(  758): Time difference in secs is: 251
01-13 18:10:51.513 I/System.out(  758): Values:1
01-13 18:10:51.523 I/System.out(  758): Time difference in secs is: 251
01-13 18:10:52.514 I/System.out(  758): Values:1
01-13 18:10:52.524 I/System.out(  758): Time difference in secs is: 251
01-13 18:10:53.515 I/System.out(  758): Values:1
01-13 18:10:53.515 I/System.out(  758): Time difference in secs is: 251
01-13 18:10:54.516 I/System.out(  758): Values:1
01-13 18:10:54.516 I/System.out(  758): Time difference in secs is: 251
01-13 18:10:55.507 I/System.out(  758): Values:1
01-13 18:10:55.517 I/System.out(  758): Time difference in secs is: 251
01-13 18:10:56.508 I/System.out(  758): Values:1
01-13 18:10:56.518 I/System.out(  758): Time difference in secs is: 251
01-13 18:10:56.998 E/BluetoothEventLoop.cpp(  164): event_filter: Received signal org.bluez.Adapter:PropertyChanged from /org/bluez/294/hci0
01-13 18:10:57.038 E/BluetoothEventLoop.cpp(  164): event_filter: Received signal org.bluez.Adapter:PropertyChanged from /org/bluez/294/hci0
01-13 18:10:57.048 V/BluetoothEventRedirector(  514): Received android.bluetooth.adapter.action.DISCOVERY_FINISHED
01-13 18:10:57.048 V/BluetoothEventRedirector(  514): Received android.bluetooth.adapter.action.DISCOVERY_STARTED
01-13 18:10:57.519 I/System.out(  758): Values:0
01-13 18:10:57.519 I/System.out(  758): Time difference in secs is: 251
01-13 18:10:58.520 I/System.out(  758): Values:0
01-13 18:10:58.520 I/System.out(  758): Time difference in secs is: 251
01-13 18:10:58.800 E/BluetoothEventLoop.cpp(  164): event_filter: Received signal org.bluez.Adapter:DeviceFound from /org/bluez/294/hci0
01-13 18:10:58.800 D/BluetoothService(  164): updateDeviceServiceChannelCache(E4:CE:8F:15:7D:27)
01-13 18:10:58.810 V/BluetoothEventRedirector(  514): Received android.bluetooth.device.action.FOUND
01-13 18:10:59.521 I/System.out(  758): Values:1
01-13 18:10:59.521 I/System.out(  758): Time difference in secs is: 251
01-13 18:11:00.512 I/System.out(  758): Values:1
01-13 18:11:00.522 I/System.out(  758): Time difference in secs is: 251
01-13 18:11:01.523 I/System.out(  758): Values:1
01-13 18:11:01.523 I/System.out(  758): Time difference in secs is: 251
01-13 18:11:02.523 I/System.out(  758): Values:1
01-13 18:11:02.523 I/System.out(  758): Time difference in secs is: 251
01-13 18:11:03.524 I/System.out(  758): Values:1
01-13 18:11:03.524 I/System.out(  758): Time difference in secs is: 251
01-13 18:11:04.525 I/System.out(  758): Values:1
01-13 18:11:04.525 I/System.out(  758): Time difference in secs is: 251
01-13 18:11:05.516 I/System.out(  758): Values:1
01-13 18:11:05.516 I/System.out(  758): Time difference in secs is: 251
01-13 18:11:06.517 I/System.out(  758): Values:1
01-13 18:11:06.517 I/System.out(  758): Time difference in secs is: 251
01-13 18:11:07.278 E/BluetoothEventLoop.cpp(  164): event_filter: Received signal org.bluez.Adapter:PropertyChanged from /org/bluez/294/hci0
01-13 18:11:07.298 V/BluetoothEventRedirector(  514): Received android.bluetooth.adapter.action.DISCOVERY_FINISHED
01-13 18:11:07.318 E/BluetoothEventLoop.cpp(  164): event_filter: Received signal org.bluez.Adapter:PropertyChanged from /org/bluez/294/hci0
01-13 18:11:07.318 V/BluetoothEventRedirector(  514): Received android.bluetooth.adapter.action.DISCOVERY_STARTED
01-13 18:11:07.518 I/System.out(  758): Values:0
01-13 18:11:07.518 I/System.out(  758): Time difference in secs is: 251
01-13 18:11:07.628 D/SettingsAppWidgetProvider(  514): Widget is from a previous version... Let's update
01-13 18:11:07.628 D/SettingsAppWidgetProvider(  514): No instances yet... Wait for at least one instance to exist before adding global settings
01-13 18:11:08.519 I/System.out(  758): Values:0
01-13 18:11:08.519 I/System.out(  758): Time difference in secs is: 251
01-13 18:11:08.780 W/Vold    (  111): Ignoring unknown switch 'usb_connected'
01-13 18:11:08.820 D/Vold    (  111): USB connected
01-13 18:11:08.820 D/Vold    (  111): Share method ums now available
01-13 18:11:08.830 I/StorageNotification(  237): UMS connection changed to true (media state mounted)
01-13 18:11:08.850 V/NotificationService(  164): Active profile: Default
01-13 18:11:08.850 I/PROFILE (  164): Group: Gmail containing : com.android.systemui : false
01-13 18:11:08.850 I/PROFILE (  164): Group: Phone containing : com.android.systemui : false
01-13 18:11:08.850 I/PROFILE (  164): Group: Calendar containing : com.android.systemui : false
01-13 18:11:08.850 I/PROFILE (  164): Group: Email containing : com.android.systemui : false
01-13 18:11:08.860 I/PROFILE (  164): Group: SMS containing : com.android.systemui : false
01-13 18:11:08.860 V/ProfileManager(  164): No active group, returning default: Other
01-13 18:11:08.860 V/NotificationService(  164): Pkg: com.android.systemui group: Other
01-13 18:11:08.870 W/ApplicationContext(  164): Unable to create files directory
01-13 18:11:08.890 D/WriteApps(  164): Error: java.lang.NullPointerException
01-13 18:11:08.900 V/NotificationService(  164): Active profile: Default
01-13 18:11:08.900 I/PROFILE (  164): Group: Gmail containing : android : false
01-13 18:11:08.900 I/PROFILE (  164): Group: Phone containing : android : false
01-13 18:11:08.900 I/PROFILE (  164): Group: Calendar containing : android : false
01-13 18:11:08.900 I/PROFILE (  164): Group: Email containing : android : false
01-13 18:11:08.900 I/PROFILE (  164): Group: SMS containing : android : false
01-13 18:11:08.900 V/ProfileManager(  164): No active group, returning default: Other
01-13 18:11:08.900 V/NotificationService(  164): Pkg: android group: Other
01-13 18:11:08.910 D/Tethering(  164): sendTetherStateChangedBroadcast 1, 0, 0
01-13 18:11:08.910 D/Tethering(  164): interfaceAdded :usb0
01-13 18:11:09.040 D/dalvikvm(  164): GC_CONCURRENT freed 525K, 48% free 4846K/9287K, external 35K/547K, paused 3ms+15ms
01-13 18:11:09.520 I/System.out(  758): Values:0
01-13 18:11:09.520 I/System.out(  758): Time difference in secs is: 251
01-13 18:11:10.521 I/System.out(  758): Values:0
01-13 18:11:10.521 I/System.out(  758): Time difference in secs is: 251
01-13 18:11:11.522 I/System.out(  758): Values:0
01-13 18:11:11.522 I/System.out(  758): Time difference in secs is: 251
01-13 18:11:11.803 E/BluetoothEventLoop.cpp(  164): event_filter: Received signal org.bluez.Adapter:DeviceFound from /org/bluez/294/hci0
01-13 18:11:11.803 D/BluetoothService(  164): updateDeviceServiceChannelCache(E4:CE:8F:15:7D:27)
01-13 18:11:11.813 V/BluetoothEventRedirector(  514): Received android.bluetooth.device.action.FOUND
01-13 18:11:12.523 I/System.out(  758): Values:1
01-13 18:11:12.523 I/System.out(  758): Time difference in secs is: 251
01-13 18:11:13.524 I/System.out(  758): Values:1
01-13 18:11:13.524 I/System.out(  758): Time difference in secs is: 251
01-13 18:11:14.525 I/System.out(  758): Values:1
01-13 18:11:14.525 I/System.out(  758): Time difference in secs is: 251
01-13 18:11:15.516 I/System.out(  758): Values:1
01-13 18:11:15.516 I/System.out(  758): Time difference in secs is: 251
01-13 18:11:16.517 I/System.out(  758): Values:1
01-13 18:11:16.517 I/System.out(  758): Time difference in secs is: 251
01-13 18:11:16.867 D/dalvikvm(  514): GC_EXPLICIT freed 122K, 55% free 2653K/5895K, external 0K/0K, paused 51ms
01-13 18:11:17.518 I/System.out(  758): Values:1
01-13 18:11:17.518 I/System.out(  758): Time difference in secs is: 251
01-13 18:11:17.558 E/BluetoothEventLoop.cpp(  164): event_filter: Received signal org.bluez.Adapter:PropertyChanged from /org/bluez/294/hci0
01-13 18:11:17.568 V/BluetoothEventRedirector(  514): Received android.bluetooth.adapter.action.DISCOVERY_FINISHED
01-13 18:11:17.588 E/BluetoothEventLoop.cpp(  164): event_filter: Received signal org.bluez.Adapter:PropertyChanged from /org/bluez/294/hci0
01-13 18:11:17.588 V/BluetoothEventRedirector(  514): Received android.bluetooth.adapter.action.DISCOVERY_STARTED
01-13 18:11:18.519 I/System.out(  758): Values:0
01-13 18:11:18.519 I/System.out(  758): Time difference in secs is: 251
01-13 18:11:18.809 E/BluetoothEventLoop.cpp(  164): event_filter: Received signal org.bluez.Adapter:DeviceFound from /org/bluez/294/hci0
01-13 18:11:18.809 D/BluetoothService(  164): updateDeviceServiceChannelCache(E4:CE:8F:15:7D:27)
01-13 18:11:18.819 V/BluetoothEventRedirector(  514): Received android.bluetooth.device.action.FOUND
01-13 18:11:19.520 I/System.out(  758): Values:1
01-13 18:11:19.520 I/System.out(  758): Time difference in secs is: 251
01-13 18:11:20.521 I/System.out(  758): Values:1
01-13 18:11:20.521 I/System.out(  758): Time difference in secs is: 251
01-13 18:11:21.522 I/System.out(  758): Values:1
01-13 18:11:21.522 I/System.out(  758): Time difference in secs is: 251
01-13 18:11:22.523 I/System.out(  758): Values:1
01-13 18:11:22.523 I/System.out(  758): Time difference in secs is: 251
01-13 18:11:23.524 I/System.out(  758): Values:1
01-13 18:11:23.534 I/System.out(  758): Time difference in secs is: 251
01-13 18:11:24.515 I/System.out(  758): Values:1
01-13 18:11:24.515 I/System.out(  758): Time difference in secs is: 251
01-13 18:11:25.526 I/System.out(  758): Values:1
01-13 18:11:25.526 I/System.out(  758): Time difference in secs is: 251
01-13 18:11:26.527 I/System.out(  758): Values:1
01-13 18:11:26.527 I/System.out(  758): Time difference in secs is: 251
01-13 18:11:27.528 I/System.out(  758): Values:1
01-13 18:11:27.528 I/System.out(  758): Time difference in secs is: 251
01-13 18:11:27.828 E/BluetoothEventLoop.cpp(  164): event_filter: Received signal org.bluez.Adapter:PropertyChanged from /org/bluez/294/hci0
01-13 18:11:27.838 V/BluetoothEventRedirector(  514): Received android.bluetooth.adapter.action.DISCOVERY_FINISHED
01-13 18:11:27.848 E/BluetoothEventLoop.cpp(  164): event_filter: Received signal org.bluez.Adapter:PropertyChanged from /org/bluez/294/hci0
