--------- beginning of /dev/log/main
01-13 17:39:18.888 D/AndroidRuntime(  636): 
01-13 17:39:18.888 D/AndroidRuntime(  636): >>>>>> AndroidRuntime START com.android.internal.os.RuntimeInit <<<<<<
01-13 17:39:18.888 I/AndroidRuntime(  636): Heap size: -Xmx32m
01-13 17:39:18.888 D/AndroidRuntime(  636): CheckJNI is OFF
01-13 17:39:18.888 D/dalvikvm(  636): creating instr width table
01-13 17:39:19.118 D/AndroidRuntime(  636): Calling main entry com.android.commands.pm.Pm
--------- beginning of /dev/log/system
01-13 17:39:19.138 I/ActivityManager(  171): Start proc com.android.defcontainer for service com.android.defcontainer/.DefaultContainerService: pid=644 uid=10030 gids={1015, 2001}
01-13 17:39:19.168 D/dalvikvm(  644): Debugger has detached; object registry had 1 entries
01-13 17:39:19.278 D/dalvikvm(  644): GC_EXPLICIT freed 298K, 55% free 2535K/5511K, external 0K/0K, paused 36ms
01-13 17:39:19.979 W/ActivityManager(  171): No content provider found for: 
01-13 17:39:20.119 W/ActivityManager(  171): No content provider found for: 
01-13 17:39:20.129 I/ActivityManager(  171): No longer want com.android.deskclock (pid 462): hidden #16
01-13 17:39:20.159 D/PackageParser(  171): Scanning package: /data/app/vmdl1595815340.tmp
01-13 17:39:20.299 I/PackageManager(  171): Removing non-system package:uk.ac.st_andrews.cs.host.mk74.energymeasurement.bluetooth
01-13 17:39:20.299 I/ActivityManager(  171): Force stopping package uk.ac.st_andrews.cs.host.mk74.energymeasurement.bluetooth uid=10061
01-13 17:39:20.399 D/PackageManager(  171): Scanning package uk.ac.st_andrews.cs.host.mk74.energymeasurement.bluetooth
01-13 17:39:20.399 I/PackageManager(  171): Package uk.ac.st_andrews.cs.host.mk74.energymeasurement.bluetooth codePath changed from /data/app/uk.ac.st_andrews.cs.host.mk74.energymeasurement.bluetooth-1.apk to /data/app/uk.ac.st_andrews.cs.host.mk74.energymeasurement.bluetooth-2.apk; Retaining data and using new
01-13 17:39:20.399 I/PackageManager(  171): Unpacking native libraries for /data/app/uk.ac.st_andrews.cs.host.mk74.energymeasurement.bluetooth-2.apk
01-13 17:39:20.409 D/installd(  118): DexInv: --- BEGIN '/data/app/uk.ac.st_andrews.cs.host.mk74.energymeasurement.bluetooth-2.apk' ---
01-13 17:39:20.720 D/dalvikvm(  653): creating instr width table
01-13 17:39:21.120 D/dalvikvm(  653): DexOpt: load 47ms, verify+opt 262ms
01-13 17:39:21.240 D/installd(  118): DexInv: --- END '/data/app/uk.ac.st_andrews.cs.host.mk74.energymeasurement.bluetooth-2.apk' (success) ---
01-13 17:39:21.240 I/ActivityManager(  171): Force stopping package uk.ac.st_andrews.cs.host.mk74.energymeasurement.bluetooth uid=10061
01-13 17:39:21.250 D/PackageManager(  171):   Activities: uk.ac.st_andrews.cs.host.mk74.energymeasurement.bluetooth.MainActivity
01-13 17:39:21.250 W/PackageManager(  171): Code path for pkg : uk.ac.st_andrews.cs.host.mk74.energymeasurement.bluetooth changing from /data/app/uk.ac.st_andrews.cs.host.mk74.energymeasurement.bluetooth-1.apk to /data/app/uk.ac.st_andrews.cs.host.mk74.energymeasurement.bluetooth-2.apk
01-13 17:39:21.250 W/PackageManager(  171): Resource path for pkg : uk.ac.st_andrews.cs.host.mk74.energymeasurement.bluetooth changing from /data/app/uk.ac.st_andrews.cs.host.mk74.energymeasurement.bluetooth-1.apk to /data/app/uk.ac.st_andrews.cs.host.mk74.energymeasurement.bluetooth-2.apk
01-13 17:39:21.360 D/dalvikvm(  171): GC_CONCURRENT freed 418K, 46% free 4772K/8775K, external 35K/547K, paused 6ms+7ms
01-13 17:39:21.450 I/installd(  118): move /data/dalvik-cache/data@app@uk.ac.st_andrews.cs.host.mk74.energymeasurement.bluetooth-2.apk@classes.dex -> /data/dalvik-cache/data@app@uk.ac.st_andrews.cs.host.mk74.energymeasurement.bluetooth-2.apk@classes.dex
01-13 17:39:21.460 D/PackageManager(  171): New package installed in /data/app/uk.ac.st_andrews.cs.host.mk74.energymeasurement.bluetooth-2.apk
01-13 17:39:21.560 I/ActivityManager(  171): Force stopping package uk.ac.st_andrews.cs.host.mk74.energymeasurement.bluetooth uid=10061
01-13 17:39:21.640 D/dalvikvm(  290): GC_EXPLICIT freed 229K, 55% free 2996K/6535K, external 3447K/4213K, paused 58ms
01-13 17:39:21.690 D/szipinf (  171): Initializing inflate state
01-13 17:39:21.690 D/HomeLoaders(  290): application intent received: android.intent.action.PACKAGE_REMOVED, replacing=true
01-13 17:39:21.690 D/HomeLoaders(  290):   --> package:uk.ac.st_andrews.cs.host.mk74.energymeasurement.bluetooth
01-13 17:39:21.721 D/szipinf (  171): Initializing inflate state
01-13 17:39:21.741 D/dalvikvm(  504): GC_EXPLICIT freed 163K, 59% free 2945K/7047K, external 0K/0K, paused 93ms
01-13 17:39:21.741 D/HomeLoaders(  290): application intent received: android.intent.action.PACKAGE_ADDED, replacing=true
01-13 17:39:21.741 D/HomeLoaders(  290):   --> package:uk.ac.st_andrews.cs.host.mk74.energymeasurement.bluetooth
01-13 17:39:21.741 D/HomeLoaders(  290):   --> update package uk.ac.st_andrews.cs.host.mk74.energymeasurement.bluetooth
01-13 17:39:21.771 D/szipinf (  171): Initializing inflate state
01-13 17:39:21.771 I/ActivityManager(  171): Start proc com.android.vending for broadcast com.android.vending/com.google.android.finsky.receivers.PersistentPackageMonitorReceiver: pid=654 uid=10029 gids={3003, 1015}
01-13 17:39:21.801 W/RecognitionManagerService(  171): no available voice recognition services found
01-13 17:39:21.881 D/szipinf (  171): Initializing inflate state
01-13 17:39:21.931 D/dalvikvm(  115): GC_EXPLICIT freed 11K, 54% free 2499K/5379K, external 0K/0K, paused 167ms
01-13 17:39:22.001 D/dalvikvm(  115): GC_EXPLICIT freed <1K, 54% free 2499K/5379K, external 0K/0K, paused 69ms
01-13 17:39:22.041 D/dalvikvm(  115): GC_EXPLICIT freed <1K, 54% free 2499K/5379K, external 0K/0K, paused 45ms
01-13 17:39:22.051 D/dalvikvm(  171): GC_EXPLICIT freed 420K, 47% free 4730K/8775K, external 35K/547K, paused 143ms
01-13 17:39:22.071 D/szipinf (  171): Initializing inflate state
01-13 17:39:22.151 D/szipinf (  171): Initializing inflate state
01-13 17:39:22.171 I/installd(  118): unlink /data/dalvik-cache/data@app@uk.ac.st_andrews.cs.host.mk74.energymeasurement.bluetooth-1.apk@classes.dex
01-13 17:39:22.201 D/szipinf (  171): Initializing inflate state
01-13 17:39:22.231 D/AndroidRuntime(  636): Shutting down VM
01-13 17:39:22.241 I/AndroidRuntime(  636): NOTE: attach of thread 'Binder Thread #3' failed
01-13 17:39:22.241 D/dalvikvm(  636): GC_CONCURRENT freed 102K, 71% free 299K/1024K, external 0K/0K, paused 0ms+0ms
01-13 17:39:22.241 D/jdwp    (  636): Got wake-up signal, bailing out of select
01-13 17:39:22.241 D/dalvikvm(  636): Debugger has detached; object registry had 1 entries
01-13 17:39:22.281 D/dalvikvm(  654): GC_CONCURRENT freed 412K, 55% free 2592K/5639K, external 0K/0K, paused 8ms+6ms
01-13 17:39:22.331 I/ActivityThread(  654): Pub com.google.android.finsky.RecentSuggestionsProvider: com.google.android.finsky.providers.RecentSuggestionsProvider
01-13 17:39:22.611 D/dalvikvm(  654): GC_CONCURRENT freed 299K, 52% free 2801K/5767K, external 0K/0K, paused 3ms+7ms
01-13 17:39:22.661 D/Finsky  (  654): [1] SanityChecker.run: # LocalAssets corrected : 0
01-13 17:39:22.661 D/Finsky  (  654): Sanity check took : 12 ms
01-13 17:39:22.661 D/AndroidRuntime(  668): 
01-13 17:39:22.661 D/AndroidRuntime(  668): >>>>>> AndroidRuntime START com.android.internal.os.RuntimeInit <<<<<<
01-13 17:39:22.661 I/AndroidRuntime(  668): Heap size: -Xmx32m
01-13 17:39:22.661 D/AndroidRuntime(  668): CheckJNI is OFF
01-13 17:39:22.661 D/dalvikvm(  668): creating instr width table
01-13 17:39:22.701 I/ActivityManager(  171): Start proc com.noshufou.android.su for broadcast com.noshufou.android.su/.UninstallReceiver: pid=683 uid=10052 gids={1015, 3003}
01-13 17:39:22.701 I/ActivityManager(  171): No longer want com.android.email (pid 472): hidden #16
01-13 17:39:22.892 D/szipinf (  683): Initializing inflate state
01-13 17:39:22.972 I/ActivityManager(  171): Start proc com.tmobile.thememanager for broadcast com.tmobile.thememanager/.receiver.ThemePackageReceiver: pid=696 uid=1300 gids={-1}
01-13 17:39:22.972 I/ActivityManager(  171): No longer want com.android.mms (pid 484): hidden #16
01-13 17:39:23.102 D/AndroidRuntime(  668): Calling main entry com.android.commands.am.Am
01-13 17:39:23.122 I/ActivityThread(  696): Pub com.tmobile.thememanager.themes: com.tmobile.thememanager.provider.ThemesProvider
01-13 17:39:23.132 I/ActivityManager(  171): Starting: Intent { act=android.intent.action.MAIN cat=[android.intent.category.LAUNCHER] flg=0x10000000 cmp=uk.ac.st_andrews.cs.host.mk74.energymeasurement.bluetooth/.MainActivity } from pid 668
01-13 17:39:23.202 I/ActivityManager(  171): Start proc uk.ac.st_andrews.cs.host.mk74.energymeasurement.bluetooth for activity uk.ac.st_andrews.cs.host.mk74.energymeasurement.bluetooth/.MainActivity: pid=706 uid=10061 gids={3002, 3001}
01-13 17:39:23.232 D/AndroidRuntime(  668): Shutting down VM
01-13 17:39:23.232 I/ActivityThread(  696): Pub com.tmobile.thememanager.packageresources: com.tmobile.thememanager.provider.PackageResourcesProvider
01-13 17:39:23.262 D/VoiceDialerReceiver(  515): onReceive Intent { act=android.intent.action.PACKAGE_REMOVED dat=package:uk.ac.st_andrews.cs.host.mk74.energymeasurement.bluetooth flg=0x10000000 cmp=com.android.voicedialer/.VoiceDialerReceiver (has extras) }
01-13 17:39:23.262 V/RecognizerEngine(  515): deleteCachedGrammarFiles /data/data/com.android.voicedialer/files/openentries.txt
01-13 17:39:23.262 I/ActivityManager(  171): No longer want com.koushikdutta.rommanager (pid 504): hidden #16
01-13 17:39:23.272 I/AndroidRuntime(  668): NOTE: attach of thread 'Binder Thread #3' failed
01-13 17:39:23.282 D/dalvikvm(  668): GC_CONCURRENT freed 104K, 69% free 324K/1024K, external 0K/0K, paused 1ms+0ms
01-13 17:39:23.292 D/jdwp    (  668): Got wake-up signal, bailing out of select
01-13 17:39:23.292 D/dalvikvm(  668): Debugger has detached; object registry had 1 entries
01-13 17:39:23.462 I/ActivityManager(  171): Start proc com.svox.pico for broadcast com.svox.pico/.VoiceDataInstallerReceiver: pid=715 uid=10047 gids={}
01-13 17:39:23.522 E/BluetoothEventLoop.cpp(  171): event_filter: Received signal org.bluez.Adapter:PropertyChanged from /org/bluez/300/hci0
01-13 17:39:23.542 V/BluetoothEventRedirector(  523): Received android.bluetooth.adapter.action.DISCOVERY_STARTED
01-13 17:39:23.622 D/dalvikvm(  706): GC_EXTERNAL_ALLOC freed 47K, 54% free 2522K/5379K, external 0K/0K, paused 89ms
01-13 17:39:23.662 I/ActivityThread(  715): Pub com.svox.pico.providers.SettingsProvider: com.svox.pico.providers.SettingsProvider
01-13 17:39:23.702 I/ActivityManager(  171): Displayed uk.ac.st_andrews.cs.host.mk74.energymeasurement.bluetooth/.MainActivity: +526ms (total +39s942ms)
01-13 17:39:23.762 D/InstallReceiver(  683): uk.ac.st_andrews.cs.host.mk74.energymeasurement.bluetooth
01-13 17:39:23.843 D/VoiceDialerReceiver(  515): onReceive Intent { act=android.intent.action.PACKAGE_ADDED dat=package:uk.ac.st_andrews.cs.host.mk74.energymeasurement.bluetooth flg=0x10000000 cmp=com.android.voicedialer/.VoiceDialerReceiver (has extras) }
01-13 17:39:23.843 V/RecognizerEngine(  515): deleteCachedGrammarFiles /data/data/com.android.voicedialer/files/openentries.txt
01-13 17:39:23.883 D/dalvikvm(  316): GC_CONCURRENT freed 475K, 54% free 2827K/6023K, external 82K/512K, paused 2ms+6ms
01-13 17:39:23.953 D/GTalkService(  316): [RawStanzaProvidersMgr] ##### searchProvidersFromIntent
01-13 17:39:23.963 D/GTalkService(  316): [RawStanzaProvidersMgr] no intent receivers found
01-13 17:39:24.053 D/GTalkService(  316): handlePackageInstalled: re-initialize providers
01-13 17:39:24.053 D/GTalkService(  316): [RawStanzaProvidersMgr] ##### searchProvidersFromIntent
01-13 17:39:24.063 D/dalvikvm(  536): GC_CONCURRENT freed 504K, 55% free 2619K/5767K, external 0K/0K, paused 7ms+6ms
01-13 17:39:24.073 D/GTalkService(  316): [RawStanzaProvidersMgr] no intent receivers found
01-13 17:39:24.123 I/ActivityManager(  171): No longer want com.android.protips (pid 556): hidden #16
01-13 17:39:24.173 D/dalvikvm(  316): GC_CONCURRENT freed 457K, 53% free 2839K/6023K, external 0K/512K, paused 2ms+2ms
01-13 17:39:24.263 D/dalvikvm(  171): GC_CONCURRENT freed 415K, 46% free 4824K/8775K, external 43K/547K, paused 3ms+5ms
01-13 17:39:24.363 D/Finsky  (  654): [23] DownloadRecords.initializeAndPrune: Pruned 0 old downloads from the cursor.
01-13 17:39:24.373 D/szipinf (  696): Initializing inflate state
01-13 17:39:24.383 D/szipinf (  696): Initializing inflate state
01-13 17:39:24.393 I/ThemeManager(  696): VerifyInstalledThemesThread took 144 ms.
01-13 17:39:24.533 I/System.out(  706): Values:0
01-13 17:39:25.534 I/System.out(  706): Values:0
01-13 17:39:26.535 I/System.out(  706): Values:0
01-13 17:39:27.336 D/dalvikvm(  171): GC_CONCURRENT freed 430K, 45% free 4879K/8775K, external 35K/547K, paused 3ms+4ms
01-13 17:39:27.526 I/System.out(  706): Values:0
01-13 17:39:27.676 D/dalvikvm(  171): Debugger has detached; object registry had 1 entries
01-13 17:39:27.676 D/dalvikvm(  277): Debugger has detached; object registry had 1 entries
01-13 17:39:27.686 D/dalvikvm(  259): Debugger has detached; object registry had 1 entries
01-13 17:39:27.686 D/dalvikvm(  261): Debugger has detached; object registry had 1 entries
01-13 17:39:27.686 D/dalvikvm(  244): Debugger has detached; object registry had 1 entries
01-13 17:39:27.686 D/dalvikvm(  316): Debugger has detached; object registry had 1 entries
01-13 17:39:27.686 D/dalvikvm(  706): Debugger has detached; object registry had 1 entries
01-13 17:39:27.696 W/Vold    (  111): Ignoring unknown switch 'usb_connected'
01-13 17:39:27.696 D/Vold    (  111): USB disconnected
01-13 17:39:27.696 D/Vold    (  111): Share method ums now unavailable
01-13 17:39:27.706 I/StorageNotification(  244): UMS connection changed to false (media state mounted)
01-13 17:39:27.856 D/dalvikvm(  523): Debugger has detached; object registry had 1 entries
01-13 17:39:27.867 D/SettingsAppWidgetProvider(  523): Widget is from a previous version... Let's update
01-13 17:39:27.867 D/SettingsAppWidgetProvider(  523): No instances yet... Wait for at least one instance to exist before adding global settings
01-13 17:39:27.867 D/dalvikvm(  548): Debugger has detached; object registry had 1 entries
01-13 17:39:27.877 D/dalvikvm(  515): Debugger has detached; object registry had 1 entries
01-13 17:39:27.877 D/dalvikvm(  381): Debugger has detached; object registry had 1 entries
01-13 17:39:27.887 D/dalvikvm(  290): Debugger has detached; object registry had 1 entries
01-13 17:39:27.887 D/dalvikvm(  598): Debugger has detached; object registry had 1 entries
01-13 17:39:27.887 D/dalvikvm(  536): Debugger has detached; object registry had 1 entries
01-13 17:39:27.887 D/dalvikvm(  389): Debugger has detached; object registry had 1 entries
01-13 17:39:27.887 D/dalvikvm(  569): Debugger has detached; object registry had 1 entries
01-13 17:39:27.887 D/dalvikvm(  606): Debugger has detached; object registry had 1 entries
01-13 17:39:27.887 D/dalvikvm(  644): Debugger has detached; object registry had 1 entries
01-13 17:39:27.887 D/dalvikvm(  654): Debugger has detached; object registry had 1 entries
01-13 17:39:27.887 D/dalvikvm(  683): Debugger has detached; object registry had 1 entries
01-13 17:39:27.887 D/dalvikvm(  696): Debugger has detached; object registry had 1 entries
01-13 17:39:27.887 D/dalvikvm(  715): Debugger has detached; object registry had 1 entries
01-13 17:39:27.887 D/dalvikvm(  577): Debugger has detached; object registry had 1 entries
01-13 17:39:27.897 D/dalvikvm(  587): Debugger has detached; object registry had 1 entries
01-13 17:39:28.527 I/System.out(  706): Values:0
01-13 17:39:28.777 D/Tethering(  171): InitialState.processMessage what=4
01-13 17:39:28.797 D/Tethering(  171): sendTetherStateChangedBroadcast 0, 0, 0
01-13 17:39:29.528 I/System.out(  706): Values:0
01-13 17:39:30.529 I/System.out(  706): Values:0
01-13 17:39:31.530 I/System.out(  706): Values:0
01-13 17:39:32.531 I/System.out(  706): Values:0
01-13 17:39:33.532 I/System.out(  706): Values:0
01-13 17:39:33.762 E/BluetoothEventLoop.cpp(  171): event_filter: Received signal org.bluez.Adapter:PropertyChanged from /org/bluez/300/hci0
01-13 17:39:33.782 V/BluetoothEventRedirector(  523): Received android.bluetooth.adapter.action.DISCOVERY_FINISHED
01-13 17:39:33.792 E/BluetoothEventLoop.cpp(  171): event_filter: Received signal org.bluez.Adapter:PropertyChanged from /org/bluez/300/hci0
01-13 17:39:33.802 V/BluetoothEventRedirector(  523): Received android.bluetooth.adapter.action.DISCOVERY_STARTED
01-13 17:39:34.533 I/System.out(  706): Values:0
01-13 17:39:35.534 I/System.out(  706): Values:0
01-13 17:39:36.185 E/BluetoothEventLoop.cpp(  171): event_filter: Received signal org.bluez.Adapter:DeviceFound from /org/bluez/300/hci0
01-13 17:39:36.195 D/BluetoothService(  171): updateDeviceServiceChannelCache(E4:CE:8F:15:7D:27)
01-13 17:39:36.205 V/BluetoothEventRedirector(  523): Received android.bluetooth.device.action.FOUND
01-13 17:39:36.275 D/dalvikvm(  523): GC_CONCURRENT freed 327K, 53% free 2683K/5703K, external 0K/0K, paused 2ms+2ms
01-13 17:39:36.525 I/System.out(  706): Values:1
01-13 17:39:37.536 I/System.out(  706): Values:1
01-13 17:39:38.537 I/System.out(  706): Values:1
01-13 17:39:39.538 I/System.out(  706): Values:1
01-13 17:39:40.539 I/System.out(  706): Values:1
01-13 17:39:41.530 I/System.out(  706): Values:1
01-13 17:39:42.541 I/System.out(  706): Values:1
01-13 17:39:43.532 I/System.out(  706): Values:1
01-13 17:39:44.032 E/BluetoothEventLoop.cpp(  171): event_filter: Received signal org.bluez.Adapter:PropertyChanged from /org/bluez/300/hci0
01-13 17:39:44.052 V/BluetoothEventRedirector(  523): Received android.bluetooth.adapter.action.DISCOVERY_FINISHED
01-13 17:39:44.072 E/BluetoothEventLoop.cpp(  171): event_filter: Received signal org.bluez.Adapter:PropertyChanged from /org/bluez/300/hci0
01-13 17:39:44.082 V/BluetoothEventRedirector(  523): Received android.bluetooth.adapter.action.DISCOVERY_STARTED
01-13 17:39:44.543 I/System.out(  706): Values:0
01-13 17:39:45.544 I/System.out(  706): Values:0
01-13 17:39:46.535 I/System.out(  706): Values:0
01-13 17:39:47.536 I/System.out(  706): Values:0
01-13 17:39:47.846 E/BluetoothEventLoop.cpp(  171): event_filter: Received signal org.bluez.Adapter:DeviceFound from /org/bluez/300/hci0
01-13 17:39:47.856 D/BluetoothService(  171): updateDeviceServiceChannelCache(E4:CE:8F:15:7D:27)
01-13 17:39:47.866 V/BluetoothEventRedirector(  523): Received android.bluetooth.device.action.FOUND
01-13 17:39:48.537 I/System.out(  706): Values:1
01-13 17:39:49.538 I/System.out(  706): Values:1
01-13 17:39:50.539 I/System.out(  706): Values:1
01-13 17:39:51.540 I/System.out(  706): Values:1
01-13 17:39:52.541 I/System.out(  706): Values:1
01-13 17:39:53.542 I/System.out(  706): Values:1
01-13 17:39:54.312 E/BluetoothEventLoop.cpp(  171): event_filter: Received signal org.bluez.Adapter:PropertyChanged from /org/bluez/300/hci0
01-13 17:39:54.322 V/BluetoothEventRedirector(  523): Received android.bluetooth.adapter.action.DISCOVERY_FINISHED
01-13 17:39:54.342 E/BluetoothEventLoop.cpp(  171): event_filter: Received signal org.bluez.Adapter:PropertyChanged from /org/bluez/300/hci0
01-13 17:39:54.352 V/BluetoothEventRedirector(  523): Received android.bluetooth.adapter.action.DISCOVERY_STARTED
01-13 17:39:54.543 I/System.out(  706): Values:0
01-13 17:39:55.544 I/System.out(  706): Values:0
01-13 17:39:56.544 I/System.out(  706): Values:0
01-13 17:39:57.405 E/BluetoothEventLoop.cpp(  171): event_filter: Received signal org.bluez.Adapter:DeviceFound from /org/bluez/300/hci0
01-13 17:39:57.415 D/BluetoothService(  171): updateDeviceServiceChannelCache(E4:CE:8F:15:7D:27)
01-13 17:39:57.425 V/BluetoothEventRedirector(  523): Received android.bluetooth.device.action.FOUND
01-13 17:39:57.545 I/System.out(  706): Values:1
01-13 17:39:58.536 I/System.out(  706): Values:1
01-13 17:39:59.537 I/System.out(  706): Values:1
01-13 17:40:00.538 I/System.out(  706): Values:1
01-13 17:40:01.539 I/System.out(  706): Values:1
01-13 17:40:02.540 I/System.out(  706): Values:1
01-13 17:40:03.541 I/System.out(  706): Values:1
01-13 17:40:04.542 I/System.out(  706): Values:1
01-13 17:40:04.582 E/BluetoothEventLoop.cpp(  171): event_filter: Received signal org.bluez.Adapter:PropertyChanged from /org/bluez/300/hci0
01-13 17:40:04.592 V/BluetoothEventRedirector(  523): Received android.bluetooth.adapter.action.DISCOVERY_FINISHED
01-13 17:40:04.612 E/BluetoothEventLoop.cpp(  171): event_filter: Received signal org.bluez.Adapter:PropertyChanged from /org/bluez/300/hci0
01-13 17:40:04.622 V/BluetoothEventRedirector(  523): Received android.bluetooth.adapter.action.DISCOVERY_STARTED
01-13 17:40:04.722 E/BluetoothEventLoop.cpp(  171): event_filter: Received signal org.bluez.Adapter:DeviceFound from /org/bluez/300/hci0
01-13 17:40:04.722 D/BluetoothService(  171): updateDeviceServiceChannelCache(E4:CE:8F:15:7D:27)
01-13 17:40:04.742 V/BluetoothEventRedirector(  523): Received android.bluetooth.device.action.FOUND
01-13 17:40:05.073 D/SntpClient(  171): request time failed: java.net.UnknownHostException: europe.pool.ntp.org
01-13 17:40:05.083 D/SntpClient(  171): request time failed: java.net.UnknownHostException: europe.pool.ntp.org
01-13 17:40:05.083 D/SntpClient(  171): request time failed: java.net.UnknownHostException: europe.pool.ntp.org
01-13 17:40:05.543 I/System.out(  706): Values:1
01-13 17:40:06.034 E/BluetoothEventLoop.cpp(  171): event_filter: Received signal org.bluez.Adapter:DeviceFound from /org/bluez/300/hci0
01-13 17:40:06.034 D/BluetoothService(  171): updateDeviceServiceChannelCache(E4:CE:8F:15:7D:27)
01-13 17:40:06.044 V/BluetoothEventRedirector(  523): Received android.bluetooth.device.action.FOUND
01-13 17:40:06.544 I/System.out(  706): Values:2
01-13 17:40:07.535 I/System.out(  706): Values:2
01-13 17:40:08.546 I/System.out(  706): Values:2
01-13 17:40:09.547 I/System.out(  706): Values:2
01-13 17:40:10.548 I/System.out(  706): Values:2
01-13 17:40:11.539 I/System.out(  706): Values:2
01-13 17:40:12.550 I/System.out(  706): Values:2
01-13 17:40:13.541 I/System.out(  706): Values:2
01-13 17:40:14.542 I/System.out(  706): Values:2
01-13 17:40:14.852 E/BluetoothEventLoop.cpp(  171): event_filter: Received signal org.bluez.Adapter:PropertyChanged from /org/bluez/300/hci0
01-13 17:40:14.882 E/BluetoothEventLoop.cpp(  171): event_filter: Received signal org.bluez.Adapter:PropertyChanged from /org/bluez/300/hci0
01-13 17:40:14.892 V/BluetoothEventRedirector(  523): Received android.bluetooth.adapter.action.DISCOVERY_FINISHED
01-13 17:40:14.902 V/BluetoothEventRedirector(  523): Received android.bluetooth.adapter.action.DISCOVERY_STARTED
01-13 17:40:15.543 I/System.out(  706): Values:0
01-13 17:40:16.544 I/System.out(  706): Values:0
01-13 17:40:17.545 I/System.out(  706): Values:0
01-13 17:40:18.536 I/System.out(  706): Values:0
01-13 17:40:19.537 I/System.out(  706): Values:0
01-13 17:40:20.538 I/System.out(  706): Values:0
01-13 17:40:21.539 I/System.out(  706): Values:0
01-13 17:40:22.550 I/System.out(  706): Values:0
01-13 17:40:23.551 I/System.out(  706): Values:0
01-13 17:40:24.552 I/System.out(  706): Values:0
01-13 17:40:24.882 E/BluetoothEventLoop.cpp(  171): event_filter: Received signal org.bluez.Adapter:DeviceFound from /org/bluez/300/hci0
01-13 17:40:24.882 D/BluetoothService(  171): updateDeviceServiceChannelCache(E4:CE:8F:15:7D:27)
01-13 17:40:24.892 V/BluetoothEventRedirector(  523): Received android.bluetooth.device.action.FOUND
01-13 17:40:25.122 E/BluetoothEventLoop.cpp(  171): event_filter: Received signal org.bluez.Adapter:PropertyChanged from /org/bluez/300/hci0
01-13 17:40:25.142 V/BluetoothEventRedirector(  523): Received android.bluetooth.adapter.action.DISCOVERY_FINISHED
01-13 17:40:25.152 E/BluetoothEventLoop.cpp(  171): event_filter: Received signal org.bluez.Adapter:PropertyChanged from /org/bluez/300/hci0
01-13 17:40:25.162 V/BluetoothEventRedirector(  523): Received android.bluetooth.adapter.action.DISCOVERY_STARTED
01-13 17:40:25.553 I/System.out(  706): Values:0
01-13 17:40:26.554 I/System.out(  706): Values:0
01-13 17:40:27.555 I/System.out(  706): Values:0
01-13 17:40:28.556 I/System.out(  706): Values:0
01-13 17:40:29.547 I/System.out(  706): Values:0
01-13 17:40:30.548 I/System.out(  706): Values:0
01-13 17:40:30.708 E/BluetoothEventLoop.cpp(  171): event_filter: Received signal org.bluez.Adapter:DeviceFound from /org/bluez/300/hci0
01-13 17:40:30.708 D/BluetoothService(  171): updateDeviceServiceChannelCache(E4:CE:8F:15:7D:27)
01-13 17:40:30.718 V/BluetoothEventRedirector(  523): Received android.bluetooth.device.action.FOUND
01-13 17:40:31.549 I/System.out(  706): Values:1
01-13 17:40:32.550 I/System.out(  706): Values:1
01-13 17:40:33.551 I/System.out(  706): Values:1
01-13 17:40:34.552 I/System.out(  706): Values:1
01-13 17:40:35.392 E/BluetoothEventLoop.cpp(  171): event_filter: Received signal org.bluez.Adapter:PropertyChanged from /org/bluez/300/hci0
01-13 17:40:35.412 V/BluetoothEventRedirector(  523): Received android.bluetooth.adapter.action.DISCOVERY_FINISHED
01-13 17:40:35.432 E/BluetoothEventLoop.cpp(  171): event_filter: Received signal org.bluez.Adapter:PropertyChanged from /org/bluez/300/hci0
01-13 17:40:35.442 V/BluetoothEventRedirector(  523): Received android.bluetooth.adapter.action.DISCOVERY_STARTED
01-13 17:40:35.452 E/BluetoothEventLoop.cpp(  171): event_filter: Received signal org.bluez.Adapter:DeviceFound from /org/bluez/300/hci0
01-13 17:40:35.452 D/BluetoothService(  171): updateDeviceServiceChannelCache(E4:CE:8F:15:7D:27)
01-13 17:40:35.462 V/BluetoothEventRedirector(  523): Received android.bluetooth.device.action.FOUND
01-13 17:40:35.553 I/System.out(  706): Values:1
01-13 17:40:36.554 I/System.out(  706): Values:1
01-13 17:40:37.554 I/System.out(  706): Values:1
01-13 17:40:38.555 I/System.out(  706): Values:1
01-13 17:40:39.556 I/System.out(  706): Values:1
01-13 17:40:40.557 I/System.out(  706): Values:1
01-13 17:40:41.548 I/System.out(  706): Values:1
01-13 17:40:42.549 I/System.out(  706): Values:1
01-13 17:40:43.550 I/System.out(  706): Values:1
01-13 17:40:44.561 I/System.out(  706): Values:1
01-13 17:40:45.562 I/System.out(  706): Values:1
01-13 17:40:45.672 E/BluetoothEventLoop.cpp(  171): event_filter: Received signal org.bluez.Adapter:PropertyChanged from /org/bluez/300/hci0
01-13 17:40:45.692 V/BluetoothEventRedirector(  523): Received android.bluetooth.adapter.action.DISCOVERY_FINISHED
01-13 17:40:45.702 E/BluetoothEventLoop.cpp(  171): event_filter: Received signal org.bluez.Adapter:PropertyChanged from /org/bluez/300/hci0
01-13 17:40:45.712 V/BluetoothEventRedirector(  523): Received android.bluetooth.adapter.action.DISCOVERY_STARTED
01-13 17:40:45.722 E/BluetoothEventLoop.cpp(  171): event_filter: Received signal org.bluez.Adapter:DeviceFound from /org/bluez/300/hci0
01-13 17:40:45.732 D/BluetoothService(  171): updateDeviceServiceChannelCache(E4:CE:8F:15:7D:27)
01-13 17:40:45.732 V/BluetoothEventRedirector(  523): Received android.bluetooth.device.action.FOUND
01-13 17:40:46.563 I/System.out(  706): Values:1
01-13 17:40:47.564 I/System.out(  706): Values:1
01-13 17:40:48.565 I/System.out(  706): Values:1
01-13 17:40:49.566 I/System.out(  706): Values:1
01-13 17:40:50.567 I/System.out(  706): Values:1
01-13 17:40:51.568 I/System.out(  706): Values:1
01-13 17:40:52.569 I/System.out(  706): Values:1
01-13 17:40:53.570 I/System.out(  706): Values:1
01-13 17:40:54.571 I/System.out(  706): Values:1
01-13 17:40:55.562 I/System.out(  706): Values:1
01-13 17:40:55.942 E/BluetoothEventLoop.cpp(  171): event_filter: Received signal org.bluez.Adapter:PropertyChanged from /org/bluez/300/hci0
01-13 17:40:55.962 V/BluetoothEventRedirector(  523): Received android.bluetooth.adapter.action.DISCOVERY_FINISHED
01-13 17:40:55.982 E/BluetoothEventLoop.cpp(  171): event_filter: Received signal org.bluez.Adapter:PropertyChanged from /org/bluez/300/hci0
01-13 17:40:55.992 V/BluetoothEventRedirector(  523): Received android.bluetooth.adapter.action.DISCOVERY_STARTED
01-13 17:40:56.563 I/System.out(  706): Values:0
01-13 17:40:57.564 I/System.out(  706): Values:0
01-13 17:40:58.555 I/System.out(  706): Values:0
01-13 17:40:58.645 E/BluetoothEventLoop.cpp(  171): event_filter: Received signal org.bluez.Adapter:DeviceFound from /org/bluez/300/hci0
01-13 17:40:58.655 D/BluetoothService(  171): updateDeviceServiceChannelCache(E4:CE:8F:15:7D:27)
01-13 17:40:58.665 V/BluetoothEventRedirector(  523): Received android.bluetooth.device.action.FOUND
01-13 17:40:59.566 I/System.out(  706): Values:1
01-13 17:41:00.567 I/System.out(  706): Values:1
01-13 17:41:01.568 I/System.out(  706): Values:1
01-13 17:41:02.569 I/System.out(  706): Values:1
01-13 17:41:03.570 I/System.out(  706): Values:1
01-13 17:41:04.571 I/System.out(  706): Values:1
01-13 17:41:05.572 I/System.out(  706): Values:1
01-13 17:41:06.222 E/BluetoothEventLoop.cpp(  171): event_filter: Received signal org.bluez.Adapter:PropertyChanged from /org/bluez/300/hci0
01-13 17:41:06.232 V/BluetoothEventRedirector(  523): Received android.bluetooth.adapter.action.DISCOVERY_FINISHED
01-13 17:41:06.252 E/BluetoothEventLoop.cpp(  171): event_filter: Received signal org.bluez.Adapter:PropertyChanged from /org/bluez/300/hci0
01-13 17:41:06.273 V/BluetoothEventRedirector(  523): Received android.bluetooth.adapter.action.DISCOVERY_STARTED
01-13 17:41:06.333 D/dalvikvm(  523): GC_CONCURRENT freed 462K, 55% free 2662K/5895K, external 0K/0K, paused 6ms+2ms
01-13 17:41:06.373 E/BluetoothEventLoop.cpp(  171): event_filter: Received signal org.bluez.Adapter:DeviceFound from /org/bluez/300/hci0
01-13 17:41:06.373 D/BluetoothService(  171): updateDeviceServiceChannelCache(E4:CE:8F:15:7D:27)
01-13 17:41:06.383 V/BluetoothEventRedirector(  523): Received android.bluetooth.device.action.FOUND
01-13 17:41:06.573 I/System.out(  706): Values:1
01-13 17:41:06.783 E/BluetoothEventLoop.cpp(  171): event_filter: Received signal org.bluez.Adapter:DeviceFound from /org/bluez/300/hci0
01-13 17:41:06.793 D/BluetoothService(  171): updateDeviceServiceChannelCache(E4:CE:8F:15:7D:27)
01-13 17:41:06.793 V/BluetoothEventRedirector(  523): Received android.bluetooth.device.action.FOUND
01-13 17:41:07.574 I/System.out(  706): Values:2
01-13 17:41:08.575 I/System.out(  706): Values:2
01-13 17:41:09.576 I/System.out(  706): Values:2
01-13 17:41:10.567 I/System.out(  706): Values:2
01-13 17:41:11.578 I/System.out(  706): Values:2
01-13 17:41:12.569 I/System.out(  706): Values:2
01-13 17:41:13.570 I/System.out(  706): Values:2
01-13 17:41:14.571 I/System.out(  706): Values:2
01-13 17:41:15.572 I/System.out(  706): Values:2
01-13 17:41:16.492 E/BluetoothEventLoop.cpp(  171): event_filter: Received signal org.bluez.Adapter:PropertyChanged from /org/bluez/300/hci0
01-13 17:41:16.512 V/BluetoothEventRedirector(  523): Received android.bluetooth.adapter.action.DISCOVERY_FINISHED
01-13 17:41:16.523 E/BluetoothEventLoop.cpp(  171): event_filter: Received signal org.bluez.Adapter:PropertyChanged from /org/bluez/300/hci0
01-13 17:41:16.533 V/BluetoothEventRedirector(  523): Received android.bluetooth.adapter.action.DISCOVERY_STARTED
01-13 17:41:16.573 I/System.out(  706): Values:0
01-13 17:41:17.574 I/System.out(  706): Values:0
01-13 17:41:18.575 I/System.out(  706): Values:0
01-13 17:41:19.285 E/BluetoothEventLoop.cpp(  171): event_filter: Received signal org.bluez.Adapter:DeviceFound from /org/bluez/300/hci0
01-13 17:41:19.295 D/BluetoothService(  171): updateDeviceServiceChannelCache(E4:CE:8F:15:7D:27)
01-13 17:41:19.305 V/BluetoothEventRedirector(  523): Received android.bluetooth.device.action.FOUND
01-13 17:41:19.575 I/System.out(  706): Values:1
01-13 17:41:20.576 I/System.out(  706): Values:1
01-13 17:41:21.577 I/System.out(  706): Values:1
01-13 17:41:22.578 I/System.out(  706): Values:1
01-13 17:41:23.579 I/System.out(  706): Values:1
01-13 17:41:24.570 I/System.out(  706): Values:1
01-13 17:41:25.571 I/System.out(  706): Values:1
01-13 17:41:26.572 I/System.out(  706): Values:1
01-13 17:41:26.762 E/BluetoothEventLoop.cpp(  171): event_filter: Received signal org.bluez.Adapter:PropertyChanged from /org/bluez/300/hci0
01-13 17:41:26.783 V/BluetoothEventRedirector(  523): Received android.bluetooth.adapter.action.DISCOVERY_FINISHED
01-13 17:41:26.803 E/BluetoothEventLoop.cpp(  171): event_filter: Received signal org.bluez.Adapter:PropertyChanged from /org/bluez/300/hci0
01-13 17:41:26.803 V/BluetoothEventRedirector(  523): Received android.bluetooth.adapter.action.DISCOVERY_STARTED
01-13 17:41:27.393 E/BluetoothEventLoop.cpp(  171): event_filter: Received signal org.bluez.Adapter:DeviceFound from /org/bluez/300/hci0
01-13 17:41:27.403 D/BluetoothService(  171): updateDeviceServiceChannelCache(E4:CE:8F:15:7D:27)
01-13 17:41:27.413 V/BluetoothEventRedirector(  523): Received android.bluetooth.device.action.FOUND
01-13 17:41:27.573 I/System.out(  706): Values:1
01-13 17:41:28.574 I/System.out(  706): Values:1
01-13 17:41:29.575 I/System.out(  706): Values:1
01-13 17:41:30.576 I/System.out(  706): Values:1
01-13 17:41:31.577 I/System.out(  706): Values:1
01-13 17:41:32.578 I/System.out(  706): Values:1
01-13 17:41:33.569 I/System.out(  706): Values:1
01-13 17:41:34.580 I/System.out(  706): Values:1
01-13 17:41:35.581 I/System.out(  706): Values:1
01-13 17:41:36.572 I/System.out(  706): Values:1
01-13 17:41:37.043 E/BluetoothEventLoop.cpp(  171): event_filter: Received signal org.bluez.Adapter:PropertyChanged from /org/bluez/300/hci0
01-13 17:41:37.083 E/BluetoothEventLoop.cpp(  171): event_filter: Received signal org.bluez.Adapter:PropertyChanged from /org/bluez/300/hci0
01-13 17:41:37.083 V/BluetoothEventRedirector(  523): Received android.bluetooth.adapter.action.DISCOVERY_FINISHED
01-13 17:41:37.093 V/BluetoothEventRedirector(  523): Received android.bluetooth.adapter.action.DISCOVERY_STARTED
01-13 17:41:37.303 E/BluetoothEventLoop.cpp(  171): event_filter: Received signal org.bluez.Adapter:DeviceFound from /org/bluez/300/hci0
01-13 17:41:37.303 D/BluetoothService(  171): updateDeviceServiceChannelCache(E4:CE:8F:15:7D:27)
01-13 17:41:37.313 V/BluetoothEventRedirector(  523): Received android.bluetooth.device.action.FOUND
01-13 17:41:37.573 I/System.out(  706): Values:1
01-13 17:41:38.284 E/BluetoothEventLoop.cpp(  171): event_filter: Received signal org.bluez.Adapter:DeviceFound from /org/bluez/300/hci0
01-13 17:41:38.284 D/BluetoothService(  171): updateDeviceServiceChannelCache(E4:CE:8F:15:7D:27)
01-13 17:41:38.294 V/BluetoothEventRedirector(  523): Received android.bluetooth.device.action.FOUND
01-13 17:41:38.574 I/System.out(  706): Values:2
01-13 17:41:39.575 I/System.out(  706): Values:2
01-13 17:41:40.576 I/System.out(  706): Values:2
01-13 17:41:41.577 I/System.out(  706): Values:2
01-13 17:41:42.578 I/System.out(  706): Values:2
01-13 17:41:43.579 I/System.out(  706): Values:2
01-13 17:41:44.580 I/System.out(  706): Values:2
01-13 17:41:45.581 I/System.out(  706): Values:2
01-13 17:41:46.582 I/System.out(  706): Values:2
01-13 17:41:47.323 E/BluetoothEventLoop.cpp(  171): event_filter: Received signal org.bluez.Adapter:PropertyChanged from /org/bluez/300/hci0
01-13 17:41:47.333 V/BluetoothEventRedirector(  523): Received android.bluetooth.adapter.action.DISCOVERY_FINISHED
01-13 17:41:47.353 E/BluetoothEventLoop.cpp(  171): event_filter: Received signal org.bluez.Adapter:PropertyChanged from /org/bluez/300/hci0
01-13 17:41:47.353 V/BluetoothEventRedirector(  523): Received android.bluetooth.adapter.action.DISCOVERY_STARTED
01-13 17:41:47.583 I/System.out(  706): Values:0
01-13 17:41:48.584 I/System.out(  706): Values:0
01-13 17:41:49.585 I/System.out(  706): Values:0
01-13 17:41:50.586 I/System.out(  706): Values:0
01-13 17:41:51.547 E/BluetoothEventLoop.cpp(  171): event_filter: Received signal org.bluez.Adapter:DeviceFound from /org/bluez/300/hci0
01-13 17:41:51.557 D/BluetoothService(  171): updateDeviceServiceChannelCache(E4:CE:8F:15:7D:27)
01-13 17:41:51.567 V/BluetoothEventRedirector(  523): Received android.bluetooth.device.action.FOUND
01-13 17:41:51.577 I/System.out(  706): Values:1
01-13 17:41:52.037 E/BluetoothEventLoop.cpp(  171): event_filter: Received signal org.bluez.Adapter:DeviceFound from /org/bluez/300/hci0
01-13 17:41:52.037 D/BluetoothService(  171): updateDeviceServiceChannelCache(E4:CE:8F:15:7D:27)
01-13 17:41:52.047 V/BluetoothEventRedirector(  523): Received android.bluetooth.device.action.FOUND
01-13 17:41:52.578 I/System.out(  706): Values:2
01-13 17:41:53.579 I/System.out(  706): Values:2
01-13 17:41:54.580 I/System.out(  706): Values:2
01-13 17:41:55.581 I/System.out(  706): Values:2
01-13 17:41:56.582 I/System.out(  706): Values:2
01-13 17:41:57.593 I/System.out(  706): Values:2
01-13 17:41:57.593 E/BluetoothEventLoop.cpp(  171): event_filter: Received signal org.bluez.Adapter:PropertyChanged from /org/bluez/300/hci0
01-13 17:41:57.613 V/BluetoothEventRedirector(  523): Received android.bluetooth.adapter.action.DISCOVERY_FINISHED
01-13 17:41:57.623 E/BluetoothEventLoop.cpp(  171): event_filter: Received signal org.bluez.Adapter:PropertyChanged from /org/bluez/300/hci0
01-13 17:41:57.633 V/BluetoothEventRedirector(  523): Received android.bluetooth.adapter.action.DISCOVERY_STARTED
01-13 17:41:58.594 I/System.out(  706): Values:0
01-13 17:41:59.595 I/System.out(  706): Values:0
01-13 17:42:00.596 I/System.out(  706): Values:0
01-13 17:42:01.586 I/System.out(  706): Values:0
01-13 17:42:02.587 I/System.out(  706): Values:0
01-13 17:42:03.198 E/BluetoothEventLoop.cpp(  171): event_filter: Received signal org.bluez.Adapter:DeviceFound from /org/bluez/300/hci0
01-13 17:42:03.208 D/BluetoothService(  171): updateDeviceServiceChannelCache(E4:CE:8F:15:7D:27)
01-13 17:42:03.218 V/BluetoothEventRedirector(  523): Received android.bluetooth.device.action.FOUND
01-13 17:42:03.588 I/System.out(  706): Values:1
01-13 17:42:04.589 I/System.out(  706): Values:1
01-13 17:42:05.590 I/System.out(  706): Values:1
01-13 17:42:06.591 I/System.out(  706): Values:1
01-13 17:42:07.592 I/System.out(  706): Values:1
01-13 17:42:07.873 E/BluetoothEventLoop.cpp(  171): event_filter: Received signal org.bluez.Adapter:PropertyChanged from /org/bluez/300/hci0
01-13 17:42:07.883 V/BluetoothEventRedirector(  523): Received android.bluetooth.adapter.action.DISCOVERY_FINISHED
01-13 17:42:07.903 E/BluetoothEventLoop.cpp(  171): event_filter: Received signal org.bluez.Adapter:PropertyChanged from /org/bluez/300/hci0
01-13 17:42:07.913 V/BluetoothEventRedirector(  523): Received android.bluetooth.adapter.action.DISCOVERY_STARTED
01-13 17:42:08.353 E/BluetoothEventLoop.cpp(  171): event_filter: Received signal org.bluez.Adapter:DeviceFound from /org/bluez/300/hci0
01-13 17:42:08.353 D/BluetoothService(  171): updateDeviceServiceChannelCache(E4:CE:8F:15:7D:27)
01-13 17:42:08.383 V/BluetoothEventRedirector(  523): Received android.bluetooth.device.action.FOUND
01-13 17:42:08.443 D/dalvikvm(  523): GC_CONCURRENT freed 389K, 55% free 2659K/5895K, external 0K/0K, paused 7ms+2ms
01-13 17:42:08.593 I/System.out(  706): Values:1
01-13 17:42:09.594 I/System.out(  706): Values:1
01-13 17:42:10.595 I/System.out(  706): Values:1
01-13 17:42:11.596 I/System.out(  706): Values:1
01-13 17:42:12.597 I/System.out(  706): Values:1
01-13 17:42:13.598 I/System.out(  706): Values:1
01-13 17:42:14.599 I/System.out(  706): Values:1
01-13 17:42:15.600 I/System.out(  706): Values:1
01-13 17:42:16.601 I/System.out(  706): Values:1
01-13 17:42:17.602 I/System.out(  706): Values:1
01-13 17:42:18.143 E/BluetoothEventLoop.cpp(  171): event_filter: Received signal org.bluez.Adapter:PropertyChanged from /org/bluez/300/hci0
01-13 17:42:18.183 E/BluetoothEventLoop.cpp(  171): event_filter: Received signal org.bluez.Adapter:PropertyChanged from /org/bluez/300/hci0
01-13 17:42:18.183 V/BluetoothEventRedirector(  523): Received android.bluetooth.adapter.action.DISCOVERY_FINISHED
01-13 17:42:18.183 V/BluetoothEventRedirector(  523): Received android.bluetooth.adapter.action.DISCOVERY_STARTED
01-13 17:42:18.603 I/System.out(  706): Values:0
01-13 17:42:18.703 E/BluetoothEventLoop.cpp(  171): event_filter: Received signal org.bluez.Adapter:DeviceFound from /org/bluez/300/hci0
01-13 17:42:18.703 D/BluetoothService(  171): updateDeviceServiceChannelCache(E4:CE:8F:15:7D:27)
01-13 17:42:18.713 V/BluetoothEventRedirector(  523): Received android.bluetooth.device.action.FOUND
01-13 17:42:19.604 I/System.out(  706): Values:1
01-13 17:42:20.605 I/System.out(  706): Values:1
01-13 17:42:21.606 I/System.out(  706): Values:1
01-13 17:42:22.607 I/System.out(  706): Values:1
01-13 17:42:23.608 I/System.out(  706): Values:1
01-13 17:42:24.599 I/System.out(  706): Values:1
01-13 17:42:25.600 I/System.out(  706): Values:1
01-13 17:42:26.601 I/System.out(  706): Values:1
01-13 17:42:27.602 I/System.out(  706): Values:1
01-13 17:42:28.413 E/BluetoothEventLoop.cpp(  171): event_filter: Received signal org.bluez.Adapter:PropertyChanged from /org/bluez/300/hci0
01-13 17:42:28.433 V/BluetoothEventRedirector(  523): Received android.bluetooth.adapter.action.DISCOVERY_FINISHED
01-13 17:42:28.453 E/BluetoothEventLoop.cpp(  171): event_filter: Received signal org.bluez.Adapter:PropertyChanged from /org/bluez/300/hci0
01-13 17:42:28.463 V/BluetoothEventRedirector(  523): Received android.bluetooth.adapter.action.DISCOVERY_STARTED
01-13 17:42:28.603 I/System.out(  706): Values:0
01-13 17:42:29.604 I/System.out(  706): Values:0
01-13 17:42:30.605 I/System.out(  706): Values:0
01-13 17:42:30.605 I/System.out(  706): Battery level start is reached
01-13 17:42:31.606 I/System.out(  706): Values:0
01-13 17:42:32.206 E/BluetoothEventLoop.cpp(  171): event_filter: Received signal org.bluez.Adapter:DeviceFound from /org/bluez/300/hci0
01-13 17:42:32.206 D/BluetoothService(  171): updateDeviceServiceChannelCache(E4:CE:8F:15:7D:27)
01-13 17:42:32.216 V/BluetoothEventRedirector(  523): Received android.bluetooth.device.action.FOUND
01-13 17:42:32.457 E/BluetoothEventLoop.cpp(  171): event_filter: Received signal org.bluez.Adapter:DeviceFound from /org/bluez/300/hci0
01-13 17:42:32.457 D/BluetoothService(  171): updateDeviceServiceChannelCache(E4:CE:8F:15:7D:27)
01-13 17:42:32.467 V/BluetoothEventRedirector(  523): Received android.bluetooth.device.action.FOUND
01-13 17:42:32.607 I/System.out(  706): Values:2
01-13 17:42:33.608 I/System.out(  706): Values:2
01-13 17:42:34.599 I/System.out(  706): Values:2
01-13 17:42:35.600 I/System.out(  706): Values:2
01-13 17:42:36.601 I/System.out(  706): Values:2
01-13 17:42:37.612 I/System.out(  706): Values:2
01-13 17:42:38.613 I/System.out(  706): Values:2
01-13 17:42:38.693 E/BluetoothEventLoop.cpp(  171): event_filter: Received signal org.bluez.Adapter:PropertyChanged from /org/bluez/300/hci0
01-13 17:42:38.713 V/BluetoothEventRedirector(  523): Received android.bluetooth.adapter.action.DISCOVERY_FINISHED
01-13 17:42:38.723 E/BluetoothEventLoop.cpp(  171): event_filter: Received signal org.bluez.Adapter:PropertyChanged from /org/bluez/300/hci0
01-13 17:42:38.733 V/BluetoothEventRedirector(  523): Received android.bluetooth.adapter.action.DISCOVERY_STARTED
01-13 17:42:39.614 I/System.out(  706): Values:0
01-13 17:42:40.615 I/System.out(  706): Values:0
01-13 17:42:40.665 E/BluetoothEventLoop.cpp(  171): event_filter: Received signal org.bluez.Adapter:DeviceFound from /org/bluez/300/hci0
01-13 17:42:40.665 D/BluetoothService(  171): updateDeviceServiceChannelCache(E4:CE:8F:15:7D:27)
01-13 17:42:40.685 V/BluetoothEventRedirector(  523): Received android.bluetooth.device.action.FOUND
01-13 17:42:41.616 I/System.out(  706): Values:1
01-13 17:42:42.606 I/System.out(  706): Values:1
01-13 17:42:43.607 I/System.out(  706): Values:1
01-13 17:42:44.608 I/System.out(  706): Values:1
01-13 17:42:45.609 I/System.out(  706): Values:1
01-13 17:42:46.610 I/System.out(  706): Values:1
01-13 17:42:47.611 I/System.out(  706): Values:1
01-13 17:42:48.612 I/System.out(  706): Values:1
01-13 17:42:48.963 E/BluetoothEventLoop.cpp(  171): event_filter: Received signal org.bluez.Adapter:PropertyChanged from /org/bluez/300/hci0
01-13 17:42:48.993 V/BluetoothEventRedirector(  523): Received android.bluetooth.adapter.action.DISCOVERY_FINISHED
01-13 17:42:49.003 E/BluetoothEventLoop.cpp(  171): event_filter: Received signal org.bluez.Adapter:PropertyChanged from /org/bluez/300/hci0
01-13 17:42:49.013 V/BluetoothEventRedirector(  523): Received android.bluetooth.adapter.action.DISCOVERY_STARTED
01-13 17:42:49.613 I/System.out(  706): Values:0
01-13 17:42:50.214 E/BluetoothEventLoop.cpp(  171): event_filter: Received signal org.bluez.Adapter:DeviceFound from /org/bluez/300/hci0
01-13 17:42:50.214 D/BluetoothService(  171): updateDeviceServiceChannelCache(E4:CE:8F:15:7D:27)
01-13 17:42:50.224 V/BluetoothEventRedirector(  523): Received android.bluetooth.device.action.FOUND
01-13 17:42:50.294 D/dalvikvm(  706): GC_CONCURRENT freed 392K, 55% free 2536K/5575K, external 8K/519K, paused 8ms+2ms
01-13 17:42:50.614 I/System.out(  706): Values:1
01-13 17:42:50.624 I/dalvikvm(  171): Jit: resizing JitTable from 4096 to 8192
01-13 17:42:51.615 I/System.out(  706): Values:1
01-13 17:42:52.616 I/System.out(  706): Values:1
01-13 17:42:53.607 I/System.out(  706): Values:1
01-13 17:42:54.618 I/System.out(  706): Values:1
01-13 17:42:55.619 I/System.out(  706): Values:1
01-13 17:42:56.620 I/System.out(  706): Values:1
01-13 17:42:57.621 I/System.out(  706): Values:1
01-13 17:42:58.622 I/System.out(  706): Values:1
01-13 17:42:59.243 E/BluetoothEventLoop.cpp(  171): event_filter: Received signal org.bluez.Adapter:PropertyChanged from /org/bluez/300/hci0
01-13 17:42:59.283 E/BluetoothEventLoop.cpp(  171): event_filter: Received signal org.bluez.Adapter:PropertyChanged from /org/bluez/300/hci0
01-13 17:42:59.283 V/BluetoothEventRedirector(  523): Received android.bluetooth.adapter.action.DISCOVERY_FINISHED
01-13 17:42:59.283 V/BluetoothEventRedirector(  523): Received android.bluetooth.adapter.action.DISCOVERY_STARTED
01-13 17:42:59.623 I/System.out(  706): Values:0
01-13 17:43:00.214 E/BluetoothEventLoop.cpp(  171): event_filter: Received signal org.bluez.Adapter:DeviceFound from /org/bluez/300/hci0
01-13 17:43:00.224 D/BluetoothService(  171): updateDeviceServiceChannelCache(E4:CE:8F:15:7D:27)
01-13 17:43:00.224 V/BluetoothEventRedirector(  523): Received android.bluetooth.device.action.FOUND
01-13 17:43:00.624 I/System.out(  706): Values:1
01-13 17:43:01.625 I/System.out(  706): Values:1
01-13 17:43:02.626 I/System.out(  706): Values:1
01-13 17:43:03.627 I/System.out(  706): Values:1
01-13 17:43:04.628 I/System.out(  706): Values:1
01-13 17:43:05.629 I/System.out(  706): Values:1
01-13 17:43:06.620 I/System.out(  706): Values:1
01-13 17:43:07.621 I/System.out(  706): Values:1
01-13 17:43:08.632 I/System.out(  706): Values:1
01-13 17:43:09.523 E/BluetoothEventLoop.cpp(  171): event_filter: Received signal org.bluez.Adapter:PropertyChanged from /org/bluez/300/hci0
01-13 17:43:09.533 V/BluetoothEventRedirector(  523): Received android.bluetooth.adapter.action.DISCOVERY_FINISHED
01-13 17:43:09.553 E/BluetoothEventLoop.cpp(  171): event_filter: Received signal org.bluez.Adapter:PropertyChanged from /org/bluez/300/hci0
01-13 17:43:09.563 V/BluetoothEventRedirector(  523): Received android.bluetooth.adapter.action.DISCOVERY_STARTED
01-13 17:43:09.633 I/System.out(  706): Values:0
01-13 17:43:10.624 I/System.out(  706): Values:0
01-13 17:43:11.625 I/System.out(  706): Values:0
01-13 17:43:12.616 I/System.out(  706): Values:0
01-13 17:43:12.776 E/BluetoothEventLoop.cpp(  171): event_filter: Received signal org.bluez.Adapter:DeviceFound from /org/bluez/300/hci0
01-13 17:43:12.786 D/BluetoothService(  171): updateDeviceServiceChannelCache(E4:CE:8F:15:7D:27)
01-13 17:43:12.786 V/BluetoothEventRedirector(  523): Received android.bluetooth.device.action.FOUND
01-13 17:43:13.627 I/System.out(  706): Values:1
01-13 17:43:14.618 I/System.out(  706): Values:1
01-13 17:43:15.629 I/System.out(  706): Values:1
01-13 17:43:16.620 I/System.out(  706): Values:1
01-13 17:43:17.631 I/System.out(  706): Values:1
01-13 17:43:18.632 I/System.out(  706): Values:1
01-13 17:43:19.633 I/System.out(  706): Values:1
01-13 17:43:19.793 E/BluetoothEventLoop.cpp(  171): event_filter: Received signal org.bluez.Adapter:PropertyChanged from /org/bluez/300/hci0
01-13 17:43:19.813 V/BluetoothEventRedirector(  523): Received android.bluetooth.adapter.action.DISCOVERY_FINISHED
01-13 17:43:19.833 E/BluetoothEventLoop.cpp(  171): event_filter: Received signal org.bluez.Adapter:PropertyChanged from /org/bluez/300/hci0
01-13 17:43:19.833 V/BluetoothEventRedirector(  523): Received android.bluetooth.adapter.action.DISCOVERY_STARTED
01-13 17:43:20.513 E/BluetoothEventLoop.cpp(  171): event_filter: Received signal org.bluez.Adapter:DeviceFound from /org/bluez/300/hci0
01-13 17:43:20.513 D/BluetoothService(  171): updateDeviceServiceChannelCache(E4:CE:8F:15:7D:27)
01-13 17:43:20.533 V/BluetoothEventRedirector(  523): Received android.bluetooth.device.action.FOUND
01-13 17:43:20.614 D/dalvikvm(  523): GC_CONCURRENT freed 384K, 55% free 2660K/5895K, external 0K/0K, paused 12ms+2ms
01-13 17:43:20.634 I/System.out(  706): Values:1
01-13 17:43:21.635 I/System.out(  706): Values:1
01-13 17:43:22.626 I/System.out(  706): Values:1
01-13 17:43:22.716 D/dalvikvm(  171): GC_CONCURRENT freed 586K, 46% free 4774K/8775K, external 35K/547K, paused 13ms+3ms
01-13 17:43:23.627 I/System.out(  706): Values:1
01-13 17:43:24.627 I/System.out(  706): Values:1
01-13 17:43:25.628 I/System.out(  706): Values:1
01-13 17:43:26.629 I/System.out(  706): Values:1
01-13 17:43:27.630 I/System.out(  706): Values:1
01-13 17:43:28.631 I/System.out(  706): Values:1
