01-13 17:22:14.489 E/VENC_ENC(  117): component_thread::4135 got MSG_ID_STATE_CHANGE
01-13 17:22:14.489 E/VENC_ENC(  117): process_state_change::4338 Attempt to go to OMX_StateExecuting
01-13 17:22:14.489 E/VENC_ENC(  117): allocate_q6_buffers::3767 Attempt to allocate q6 buffers 
01-13 17:22:14.489 E/VENC_ENC(  117): pmem_alloc::4886 Allocate pmem of size:0xa200, fd:54
01-13 17:22:14.489 E/VENC_ENC(  117): allocate_q6_buffers::3807 allocated recon_buff[0]: pVirt=0x4133b000, nPhy=0x6d2d6d61
01-13 17:22:14.489 E/VENC_ENC(  117): allocate_q6_buffers::3811 allocated recon_buf[0]: fd=54, offset=0 src=1
01-13 17:22:14.489 E/VENC_ENC(  117): pmem_alloc::4886 Allocate pmem of size:0xa200, fd:55
01-13 17:22:14.489 E/VENC_ENC(  117): allocate_q6_buffers::3807 allocated recon_buff[1]: pVirt=0x414cc000, nPhy=0xa8
01-13 17:22:14.489 E/VENC_ENC(  117): allocate_q6_buffers::3811 allocated recon_buf[1]: fd=55, offset=0 src=1
01-13 17:22:14.489 E/VENC_ENC(  117): pmem_alloc::4886 Allocate pmem of size:0xa200, fd:56
01-13 17:22:14.489 E/VENC_ENC(  117): allocate_q6_buffers::3827 allocated wb buffer: pVirt=0x41522000, nPhy=0x47488
01-13 17:22:14.489 E/VENC_ENC(  117): allocate_q6_buffers::3831 allocated wb buffer: fd=56, offset=0 src=1
01-13 17:22:14.489 E/VENC_ENC(  117): pmem_alloc::4886 Allocate pmem of size:0x9480, fd:57
01-13 17:22:14.489 E/VENC_ENC(  117): allocate_q6_buffers::3847 allocated cmd buffer: pVirt=0x41697000, nPhy=0x47618
01-13 17:22:14.489 E/VENC_ENC(  117): allocate_q6_buffers::3851 allocated cmd buffer: fd=57, offset=0 src=1
01-13 17:22:14.489 E/VENC_ENC(  117): pmem_alloc::4886 Allocate pmem of size:0x8400, fd:58
01-13 17:22:14.489 E/VENC_ENC(  117): allocate_q6_buffers::3867 allocated vlc buffer: pVirt=0x41708000, nPhy=0x208e0
01-13 17:22:14.489 E/VENC_ENC(  117): allocate_q6_buffers::3871 allocated vlc buffer: fd=58, offset=0 src=0
01-13 17:22:14.489 E/VENC_ENC(  117): ven_start::1063 Processing ven_start...
01-13 17:22:14.489 E/VENC_ENC(  117): ven_translate_config::858 Configuring for h263...
01-13 17:22:14.489 E/VENC_ENC(  117): ven_print_config::708 Config for video encoder
01-13 17:22:14.489 E/VENC_ENC(  117): ven_print_config::712 config standard=1, input_frame_height=144, input_frame_width=176
01-13 17:22:14.489 E/VENC_ENC(  117): ven_print_config::717 config output_frame_height=144, output_frame_width=176, rotation_angle=0
01-13 17:22:14.489 E/VENC_ENC(  117): ven_print_config::720 config intra_period=27
01-13 17:22:14.489 E/VENC_ENC(  117): ven_print_config::723 config rate_control=3
01-13 17:22:14.489 E/VENC_ENC(  117): ven_print_config::729 config mslice_mode=0, slice_size=0
01-13 17:22:14.489 E/VENC_ENC(  117): ven_print_config::736 config frame_numerator=27, fps_denominator=1, bitrate=192000
01-13 17:22:14.489 E/VENC_ENC(  117): ven_print_config::741 config iframe_qp=14, pframe_qp=14, min_qp=2
01-13 17:22:14.489 E/VENC_ENC(  117): ven_print_config::744 config max_qp=31
01-13 17:22:14.489 E/VENC_ENC(  117): ven_print_config::768 config h263 profile=0, level=0
01-13 17:22:14.499 D/QualcommCameraHardware(  117): runVideoThread E
01-13 17:22:14.509 E/VENC_ENC(  117): process_driver_msg::4618 received VENC_MSG_START from driver
01-13 17:22:14.699 I/System.out(  685): Values: 32
01-13 17:22:15.630 I/MPEG4Writer(  117): setStartTimestampUs: 189514
01-13 17:22:15.630 I/MPEG4Writer(  117): Earliest track starting time: 189514
01-13 17:22:15.700 I/System.out(  685): Values: 32
01-13 17:22:16.701 I/System.out(  685): Values: 32
01-13 17:22:16.751 D/dalvikvm(  173): GC_CONCURRENT freed 462K, 45% free 4870K/8711K, external 43K/547K, paused 7ms+3ms
01-13 17:22:17.702 I/System.out(  685): Values: 7192
01-13 17:22:18.703 I/System.out(  685): Values: 7192
01-13 17:22:19.223 D/dalvikvm(  173): Debugger has detached; object registry had 1 entries
01-13 17:22:19.223 D/dalvikvm(  244): Debugger has detached; object registry had 1 entries
01-13 17:22:19.223 D/dalvikvm(  260): Debugger has detached; object registry had 1 entries
01-13 17:22:19.223 D/dalvikvm(  259): Debugger has detached; object registry had 1 entries
01-13 17:22:19.223 D/dalvikvm(  277): Debugger has detached; object registry had 1 entries
01-13 17:22:19.233 D/dalvikvm(  289): Debugger has detached; object registry had 1 entries
01-13 17:22:19.233 D/dalvikvm(  333): Debugger has detached; object registry had 1 entries
01-13 17:22:19.233 D/dalvikvm(  685): Debugger has detached; object registry had 1 entries
01-13 17:22:19.243 W/Vold    (  112): Ignoring unknown switch 'usb_connected'
01-13 17:22:19.243 D/Vold    (  112): USB disconnected
01-13 17:22:19.243 D/Vold    (  112): Share method ums now unavailable
01-13 17:22:19.243 I/StorageNotification(  244): UMS connection changed to false (media state mounted)
01-13 17:22:19.323 D/dalvikvm(  377): Debugger has detached; object registry had 1 entries
01-13 17:22:19.333 D/dalvikvm(  509): Debugger has detached; object registry had 1 entries
01-13 17:22:19.343 D/dalvikvm(  517): Debugger has detached; object registry had 1 entries
01-13 17:22:19.343 D/dalvikvm(  526): Debugger has detached; object registry had 1 entries
01-13 17:22:19.353 D/dalvikvm(  546): Debugger has detached; object registry had 1 entries
01-13 17:22:19.353 D/dalvikvm(  555): Debugger has detached; object registry had 1 entries
01-13 17:22:19.363 D/dalvikvm(  564): Debugger has detached; object registry had 1 entries
01-13 17:22:19.363 D/dalvikvm(  576): Debugger has detached; object registry had 1 entries
01-13 17:22:19.363 D/dalvikvm(  584): Debugger has detached; object registry had 1 entries
01-13 17:22:19.363 D/dalvikvm(  613): Debugger has detached; object registry had 1 entries
01-13 17:22:19.363 D/dalvikvm(  623): Debugger has detached; object registry had 1 entries
01-13 17:22:19.363 D/dalvikvm(  652): Debugger has detached; object registry had 1 entries
01-13 17:22:19.363 D/dalvikvm(  665): Debugger has detached; object registry had 1 entries
01-13 17:22:19.363 D/dalvikvm(  673): Debugger has detached; object registry had 1 entries
01-13 17:22:19.363 D/dalvikvm(  404): Debugger has detached; object registry had 1 entries
01-13 17:22:19.413 D/SettingsAppWidgetProvider(  546): Widget is from a previous version... Let's update
01-13 17:22:19.413 D/SettingsAppWidgetProvider(  546): No instances yet... Wait for at least one instance to exist before adding global settings
01-13 17:22:19.704 I/System.out(  685): Values: 11288
01-13 17:22:20.304 D/Tethering(  173): InitialState.processMessage what=4
01-13 17:22:20.304 D/Tethering(  173): sendTetherStateChangedBroadcast 0, 0, 0
01-13 17:22:20.695 I/System.out(  685): Values: 19480
01-13 17:22:21.706 I/System.out(  685): Values: 19480
01-13 17:22:22.707 I/System.out(  685): Values: 23576
01-13 17:22:23.698 I/System.out(  685): Values: 23576
01-13 17:22:24.709 I/System.out(  685): Values: 23576
01-13 17:22:25.700 I/System.out(  685): Values: 27672
01-13 17:22:26.700 I/System.out(  685): Values: 27672
01-13 17:22:27.701 I/System.out(  685): Values: 27672
01-13 17:22:28.702 I/System.out(  685): Values: 31768
01-13 17:22:29.703 I/System.out(  685): Values: 31768
01-13 17:22:30.704 I/System.out(  685): Values: 35864
01-13 17:22:31.705 I/System.out(  685): Values: 35864
01-13 17:22:32.696 I/System.out(  685): Values: 35864
01-13 17:22:33.697 I/System.out(  685): Values: 39960
01-13 17:22:34.708 I/System.out(  685): Values: 39960
01-13 17:22:35.709 I/System.out(  685): Values: 39960
01-13 17:22:36.710 I/System.out(  685): Values: 44056
01-13 17:22:37.711 I/System.out(  685): Values: 44056
01-13 17:22:38.712 I/System.out(  685): Values: 44056
01-13 17:22:39.713 I/System.out(  685): Values: 44056
01-13 17:22:40.714 I/System.out(  685): Values: 48152
01-13 17:22:41.705 I/System.out(  685): Values: 48152
01-13 17:22:42.706 I/System.out(  685): Values: 52248
01-13 17:22:43.707 I/System.out(  685): Values: 52248
01-13 17:22:44.708 I/System.out(  685): Values: 52248
01-13 17:22:45.709 I/System.out(  685): Values: 56344
01-13 17:22:46.710 I/System.out(  685): Values: 56344
01-13 17:22:47.711 I/System.out(  685): Values: 56344
01-13 17:22:48.712 I/System.out(  685): Values: 60440
01-13 17:22:49.713 I/System.out(  685): Values: 60440
01-13 17:22:50.714 I/System.out(  685): Values: 60440
01-13 17:22:51.715 I/System.out(  685): Values: 64536
01-13 17:22:52.706 I/System.out(  685): Values: 64536
01-13 17:22:53.717 I/System.out(  685): Values: 64536
01-13 17:22:54.708 I/System.out(  685): Values: 68632
01-13 17:22:55.709 I/System.out(  685): Values: 68632
01-13 17:22:56.710 I/System.out(  685): Values: 72728
01-13 17:22:57.711 I/System.out(  685): Values: 72728
01-13 17:22:58.712 I/System.out(  685): Values: 72728
01-13 17:22:59.713 I/System.out(  685): Values: 76824
01-13 17:23:00.714 I/System.out(  685): Values: 76824
01-13 17:23:01.705 I/System.out(  685): Values: 76824
01-13 17:23:02.716 I/System.out(  685): Values: 76824
01-13 17:23:03.717 I/System.out(  685): Values: 80920
01-13 17:23:04.708 I/System.out(  685): Values: 80920
01-13 17:23:05.709 I/System.out(  685): Values: 89112
01-13 17:23:06.710 I/System.out(  685): Values: 97304
01-13 17:23:07.710 I/System.out(  685): Values: 109592
01-13 17:23:08.711 I/System.out(  685): Values: 138264
01-13 17:23:09.712 I/System.out(  685): Values: 142360
01-13 17:23:10.713 I/System.out(  685): Values: 146456
01-13 17:23:11.714 I/System.out(  685): Values: 146456
01-13 17:23:12.705 I/System.out(  685): Values: 146456
01-13 17:23:13.716 I/System.out(  685): Values: 150552
01-13 17:23:14.717 I/System.out(  685): Values: 150552
01-13 17:23:15.528 D/SntpClient(  173): request time failed: java.net.UnknownHostException: europe.pool.ntp.org
01-13 17:23:15.558 D/SntpClient(  173): request time failed: java.net.UnknownHostException: europe.pool.ntp.org
01-13 17:23:15.558 D/SntpClient(  173): request time failed: java.net.UnknownHostException: europe.pool.ntp.org
01-13 17:23:15.718 I/System.out(  685): Values: 150552
01-13 17:23:16.719 I/System.out(  685): Values: 154648
01-13 17:23:17.720 I/System.out(  685): Values: 154648
01-13 17:23:18.721 I/System.out(  685): Values: 158744
01-13 17:23:19.722 I/System.out(  685): Values: 158744
01-13 17:23:20.723 I/System.out(  685): Values: 158744
01-13 17:23:21.724 I/System.out(  685): Values: 162840
01-13 17:23:22.725 I/System.out(  685): Values: 162840
01-13 17:23:23.716 I/System.out(  685): Values: 162840
01-13 17:23:24.727 I/System.out(  685): Values: 166936
01-13 17:23:25.718 I/System.out(  685): Values: 166936
01-13 17:23:26.719 I/System.out(  685): Values: 166936
01-13 17:23:27.720 I/System.out(  685): Values: 166936
01-13 17:23:28.721 I/System.out(  685): Values: 171032
01-13 17:23:29.722 I/System.out(  685): Values: 171032
01-13 17:23:30.723 I/System.out(  685): Values: 175128
01-13 17:23:31.724 I/System.out(  685): Values: 175128
01-13 17:23:32.715 I/System.out(  685): Values: 175128
01-13 17:23:33.726 I/System.out(  685): Values: 179224
01-13 17:23:34.727 I/System.out(  685): Values: 179224
01-13 17:23:35.718 I/System.out(  685): Values: 179224
01-13 17:23:36.729 I/System.out(  685): Values: 183320
01-13 17:23:37.720 I/System.out(  685): Values: 183320
01-13 17:23:38.721 I/System.out(  685): Values: 183320
01-13 17:23:39.722 I/System.out(  685): Values: 187416
01-13 17:23:40.723 I/System.out(  685): Values: 187416
01-13 17:23:41.724 I/System.out(  685): Values: 191512
01-13 17:23:42.725 I/System.out(  685): Values: 191512
01-13 17:23:43.726 I/System.out(  685): Values: 191512
01-13 17:23:44.717 I/System.out(  685): Values: 195608
01-13 17:23:45.718 I/System.out(  685): Values: 195608
01-13 17:23:46.719 I/System.out(  685): Values: 195608
01-13 17:23:47.730 I/System.out(  685): Values: 195608
01-13 17:23:48.721 I/System.out(  685): Values: 199704
01-13 17:23:49.731 I/System.out(  685): Values: 199704
01-13 17:23:50.722 I/System.out(  685): Values: 203800
01-13 17:23:51.723 I/System.out(  685): Values: 203800
01-13 17:23:52.734 I/System.out(  685): Values: 203800
01-13 17:23:53.735 I/System.out(  685): Values: 207896
01-13 17:23:54.726 I/System.out(  685): Values: 207896
01-13 17:23:55.727 I/System.out(  685): Values: 207896
01-13 17:23:56.728 I/System.out(  685): Values: 211992
01-13 17:23:57.729 I/System.out(  685): Values: 211992
01-13 17:23:58.730 I/System.out(  685): Values: 211992
01-13 17:23:59.731 I/System.out(  685): Values: 216088
01-13 17:24:00.732 I/System.out(  685): Values: 216088
01-13 17:24:01.733 I/System.out(  685): Values: 220184
01-13 17:24:02.734 I/System.out(  685): Values: 220184
01-13 17:24:03.735 I/System.out(  685): Values: 220184
01-13 17:24:04.726 I/System.out(  685): Values: 224280
01-13 17:24:05.737 I/System.out(  685): Values: 224280
01-13 17:24:06.728 I/System.out(  685): Values: 224280
01-13 17:24:07.729 I/System.out(  685): Values: 228376
01-13 17:24:08.730 I/System.out(  685): Values: 228376
01-13 17:24:09.731 I/System.out(  685): Values: 228376
01-13 17:24:10.732 I/System.out(  685): Values: 232472
01-13 17:24:11.733 I/System.out(  685): Values: 232472
01-13 17:24:12.734 I/System.out(  685): Values: 232472
01-13 17:24:13.725 I/System.out(  685): Values: 236568
01-13 17:24:14.736 I/System.out(  685): Values: 236568
01-13 17:24:15.737 I/System.out(  685): Values: 236568
01-13 17:24:16.738 I/System.out(  685): Values: 240664
01-13 17:24:17.729 I/System.out(  685): Values: 240664
01-13 17:24:18.740 I/System.out(  685): Values: 244760
01-13 17:24:19.741 I/System.out(  685): Values: 244760
01-13 17:24:20.732 I/System.out(  685): Values: 244760
01-13 17:24:21.733 I/System.out(  685): Values: 248856
01-13 17:24:22.734 I/System.out(  685): Values: 248856
01-13 17:24:23.735 I/System.out(  685): Values: 248856
01-13 17:24:24.726 I/System.out(  685): Values: 252952
01-13 17:24:25.737 I/System.out(  685): Values: 252952
01-13 17:24:26.728 I/System.out(  685): Values: 252952
01-13 17:24:27.739 I/System.out(  685): Values: 257048
01-13 17:24:28.740 I/System.out(  685): Values: 257048
01-13 17:24:29.731 I/System.out(  685): Values: 261144
01-13 17:24:30.742 I/System.out(  685): Values: 261144
01-13 17:24:31.732 I/System.out(  685): Values: 261144
01-13 17:24:32.733 I/System.out(  685): Values: 261144
01-13 17:24:33.734 I/System.out(  685): Values: 265240
01-13 17:24:34.735 I/System.out(  685): Values: 265240
01-13 17:24:35.736 I/System.out(  685): Values: 265240
01-13 17:24:36.737 I/System.out(  685): Values: 269336
01-13 17:24:37.738 I/System.out(  685): Values: 269336
01-13 17:24:38.739 I/System.out(  685): Values: 273432
01-13 17:24:39.740 I/System.out(  685): Values: 273432
01-13 17:24:40.741 I/System.out(  685): Values: 273432
01-13 17:24:41.742 I/System.out(  685): Values: 277528
01-13 17:24:42.743 I/System.out(  685): Values: 277528
01-13 17:24:43.744 I/System.out(  685): Values: 277528
01-13 17:24:44.735 I/System.out(  685): Values: 281624
01-13 17:24:44.735 I/System.out(  685): Battery level start is reached
01-13 17:24:45.746 I/System.out(  685): Values: 281624
01-13 17:24:46.747 I/System.out(  685): Values: 281624
01-13 17:24:47.738 I/System.out(  685): Values: 285720
01-13 17:24:48.739 I/System.out(  685): Values: 285720
01-13 17:24:49.740 I/System.out(  685): Values: 289816
01-13 17:24:50.741 I/System.out(  685): Values: 289816
01-13 17:24:51.742 I/System.out(  685): Values: 289816
01-13 17:24:52.743 I/System.out(  685): Values: 289816
01-13 17:24:53.744 I/System.out(  685): Values: 293912
01-13 17:24:54.745 I/System.out(  685): Values: 293912
01-13 17:24:55.746 I/System.out(  685): Values: 293912
01-13 17:24:56.737 I/System.out(  685): Values: 298008
01-13 17:24:57.748 I/System.out(  685): Values: 298008
01-13 17:24:58.739 I/System.out(  685): Values: 302104
01-13 17:24:59.740 I/System.out(  685): Values: 302104
01-13 17:25:00.741 I/System.out(  685): Values: 302104
01-13 17:25:01.742 I/System.out(  685): Values: 306200
01-13 17:25:02.743 I/System.out(  685): Values: 306200
01-13 17:25:03.744 I/System.out(  685): Values: 306200
01-13 17:25:04.745 I/System.out(  685): Values: 310296
01-13 17:25:04.805 D/dalvikvm(  685): GC_CONCURRENT freed 376K, 55% free 2552K/5575K, external 8K/519K, paused 6ms+3ms
01-13 17:25:05.736 I/System.out(  685): Values: 310296
01-13 17:25:06.747 I/System.out(  685): Values: 310296
01-13 17:25:07.738 I/System.out(  685): Values: 314392
01-13 17:25:08.749 I/System.out(  685): Values: 314392
01-13 17:25:09.740 I/System.out(  685): Values: 318488
01-13 17:25:10.741 I/System.out(  685): Values: 318488
01-13 17:25:11.742 I/System.out(  685): Values: 318488
01-13 17:25:12.742 I/System.out(  685): Values: 322584
01-13 17:25:13.743 I/System.out(  685): Values: 322584
01-13 17:25:14.734 I/System.out(  685): Values: 322584
01-13 17:25:15.745 I/System.out(  685): Values: 322584
01-13 17:25:16.736 I/System.out(  685): Values: 326680
01-13 17:25:17.747 I/System.out(  685): Values: 326680
01-13 17:25:18.748 I/System.out(  685): Values: 326680
01-13 17:25:19.749 I/System.out(  685): Values: 330776
01-13 17:25:20.750 I/System.out(  685): Values: 330776
01-13 17:25:21.751 I/System.out(  685): Values: 334872
01-13 17:25:22.752 I/System.out(  685): Values: 334872
01-13 17:25:23.753 I/System.out(  685): Values: 334872
01-13 17:25:24.754 I/System.out(  685): Values: 338968
01-13 17:25:25.745 I/System.out(  685): Values: 338968
01-13 17:25:26.746 I/System.out(  685): Values: 338968
01-13 17:25:27.747 I/System.out(  685): Values: 343064
01-13 17:25:28.748 I/System.out(  685): Values: 343064
01-13 17:25:29.749 I/System.out(  685): Values: 347160
01-13 17:25:30.750 I/System.out(  685): Values: 347160
01-13 17:25:31.751 I/System.out(  685): Values: 347160
01-13 17:25:32.752 I/System.out(  685): Values: 351256
01-13 17:25:33.753 I/System.out(  685): Values: 351256
01-13 17:25:34.754 I/System.out(  685): Values: 351256
01-13 17:25:35.755 I/System.out(  685): Values: 351256
01-13 17:25:36.746 I/System.out(  685): Values: 355352
01-13 17:25:37.757 I/System.out(  685): Values: 355352
01-13 17:25:38.748 I/System.out(  685): Values: 355352
01-13 17:25:39.749 I/System.out(  685): Values: 359448
01-13 17:25:40.760 I/System.out(  685): Values: 359448
01-13 17:25:41.751 I/System.out(  685): Values: 363544
01-13 17:25:42.752 I/System.out(  685): Values: 363544
01-13 17:25:43.753 I/System.out(  685): Values: 363544
01-13 17:25:44.754 I/System.out(  685): Values: 367640
01-13 17:25:45.745 I/System.out(  685): Values: 367640
01-13 17:25:46.756 I/System.out(  685): Values: 367640
01-13 17:25:47.757 I/System.out(  685): Values: 371736
01-13 17:25:48.758 I/System.out(  685): Values: 371736
01-13 17:25:49.759 I/System.out(  685): Values: 371736
01-13 17:25:50.760 I/System.out(  685): Values: 375832
01-13 17:25:51.761 I/System.out(  685): Values: 375832
01-13 17:25:52.762 I/System.out(  685): Values: 379928
01-13 17:25:53.762 I/System.out(  685): Values: 379928
01-13 17:25:54.763 I/System.out(  685): Values: 379928
01-13 17:25:55.764 I/System.out(  685): Values: 384024
01-13 17:25:56.755 I/System.out(  685): Values: 384024
01-13 17:25:57.756 I/System.out(  685): Values: 384024
01-13 17:25:58.757 I/System.out(  685): Values: 384024
01-13 17:25:59.758 I/System.out(  685): Values: 388120
01-13 17:26:00.759 I/System.out(  685): Values: 388120
01-13 17:26:01.760 I/System.out(  685): Values: 392216
01-13 17:26:02.761 I/System.out(  685): Values: 392216
01-13 17:26:03.762 I/System.out(  685): Values: 392216
01-13 17:26:04.763 I/System.out(  685): Values: 396312
01-13 17:26:05.764 I/System.out(  685): Values: 396312
01-13 17:26:06.765 I/System.out(  685): Values: 396312
01-13 17:26:07.766 I/System.out(  685): Values: 400408
01-13 17:26:08.757 I/System.out(  685): Values: 400408
01-13 17:26:09.768 I/System.out(  685): Values: 400408
01-13 17:26:10.759 I/System.out(  685): Values: 404504
01-13 17:26:11.770 I/System.out(  685): Values: 404504
01-13 17:26:12.761 I/System.out(  685): Values: 404504
01-13 17:26:13.772 I/System.out(  685): Values: 408600
01-13 17:26:14.763 I/System.out(  685): Values: 408600
01-13 17:26:15.764 I/System.out(  685): Values: 412696
01-13 17:26:16.765 I/System.out(  685): Values: 412696
01-13 17:26:17.756 I/System.out(  685): Values: 412696
01-13 17:26:18.767 I/System.out(  685): Values: 412696
01-13 17:26:19.758 I/System.out(  685): Values: 416792
01-13 17:26:20.769 I/System.out(  685): Values: 416792
01-13 17:26:21.770 I/System.out(  685): Values: 416792
01-13 17:26:22.771 I/System.out(  685): Values: 420888
01-13 17:26:23.762 I/System.out(  685): Values: 420888
01-13 17:26:24.763 I/System.out(  685): Values: 424984
01-13 17:26:25.764 I/System.out(  685): Values: 424984
01-13 17:26:26.755 I/System.out(  685): Values: 424984
01-13 17:26:27.766 I/System.out(  685): Values: 429080
01-13 17:26:28.757 I/System.out(  685): Values: 429080
01-13 17:26:29.768 I/System.out(  685): Values: 429080
01-13 17:26:30.769 I/System.out(  685): Values: 433176
01-13 17:26:31.770 I/System.out(  685): Values: 433176
01-13 17:26:32.771 I/System.out(  685): Values: 433176
01-13 17:26:33.772 I/System.out(  685): Values: 437272
01-13 17:26:34.773 I/System.out(  685): Values: 437272
01-13 17:26:35.773 I/System.out(  685): Values: 441368
01-13 17:26:36.774 I/System.out(  685): Values: 441368
01-13 17:26:37.765 I/System.out(  685): Values: 441368
01-13 17:26:38.776 I/System.out(  685): Values: 445464
01-13 17:26:39.767 I/System.out(  685): Values: 445464
01-13 17:26:40.768 I/System.out(  685): Values: 445464
01-13 17:26:41.769 I/System.out(  685): Values: 445464
01-13 17:26:42.770 I/System.out(  685): Values: 449560
01-13 17:26:43.771 I/System.out(  685): Values: 449560
01-13 17:26:44.772 I/System.out(  685): Values: 449560
01-13 17:26:45.773 I/System.out(  685): Values: 453656
01-13 17:26:46.774 I/System.out(  685): Values: 453656
01-13 17:26:47.765 I/System.out(  685): Values: 457752
01-13 17:26:48.766 I/System.out(  685): Values: 457752
01-13 17:26:49.777 I/System.out(  685): Values: 457752
01-13 17:26:50.768 I/System.out(  685): Values: 461848
01-13 17:26:51.779 I/System.out(  685): Values: 461848
01-13 17:26:52.780 I/System.out(  685): Values: 461848
01-13 17:26:53.771 I/System.out(  685): Values: 465944
01-13 17:26:54.772 I/System.out(  685): Values: 465944
01-13 17:26:55.773 I/System.out(  685): Values: 470040
01-13 17:26:56.774 I/System.out(  685): Values: 470040
01-13 17:26:57.775 I/System.out(  685): Values: 470040
01-13 17:26:58.776 I/System.out(  685): Values: 474136
01-13 17:26:59.767 I/System.out(  685): Values: 474136
01-13 17:27:00.778 I/System.out(  685): Values: 474136
01-13 17:27:01.779 I/System.out(  685): Values: 474136
01-13 17:27:02.780 I/System.out(  685): Values: 478232
01-13 17:27:03.781 I/System.out(  685): Values: 478232
01-13 17:27:04.782 I/System.out(  685): Values: 478232
01-13 17:27:05.783 I/System.out(  685): Values: 482328
01-13 17:27:06.784 I/System.out(  685): Values: 482328
01-13 17:27:07.785 I/System.out(  685): Values: 486424
01-13 17:27:08.776 I/System.out(  685): Values: 486424
01-13 17:27:09.777 I/System.out(  685): Values: 486424
01-13 17:27:10.778 I/System.out(  685): Values: 490520
01-13 17:27:11.779 I/System.out(  685): Values: 490520
01-13 17:27:12.780 I/System.out(  685): Values: 490520
01-13 17:27:13.781 I/System.out(  685): Values: 494616
01-13 17:27:14.782 I/System.out(  685): Values: 494616
01-13 17:27:14.782 I/System.out(  685): Battery level end is reached
01-13 17:27:14.782 I/System.out(  685): Time difference in secs is: 150
01-13 17:27:15.783 I/System.out(  685): Values: 494616
01-13 17:27:15.783 I/System.out(  685): Time difference in secs is: 150
01-13 17:27:16.783 I/System.out(  685): Values: 498712
01-13 17:27:16.783 I/System.out(  685): Time difference in secs is: 150
01-13 17:27:17.774 I/System.out(  685): Values: 498712
01-13 17:27:17.774 I/System.out(  685): Time difference in secs is: 150
01-13 17:27:18.785 I/System.out(  685): Values: 502808
01-13 17:27:18.785 I/System.out(  685): Time difference in secs is: 150
01-13 17:27:19.776 I/System.out(  685): Values: 502808
01-13 17:27:19.776 I/System.out(  685): Time difference in secs is: 150
01-13 17:27:20.787 I/System.out(  685): Values: 531480
01-13 17:27:20.787 I/System.out(  685): Time difference in secs is: 150
01-13 17:27:21.778 I/System.out(  685): Values: 576536
01-13 17:27:21.788 I/System.out(  685): Time difference in secs is: 150
01-13 17:27:22.779 I/System.out(  685): Values: 617496
01-13 17:27:22.789 I/System.out(  685): Time difference in secs is: 150
01-13 17:27:23.780 I/System.out(  685): Values: 642072
01-13 17:27:23.790 I/System.out(  685): Time difference in secs is: 150
01-13 17:27:24.781 I/System.out(  685): Values: 666648
01-13 17:27:24.791 I/System.out(  685): Time difference in secs is: 150
01-13 17:27:25.782 I/System.out(  685): Values: 695320
01-13 17:27:25.792 I/System.out(  685): Time difference in secs is: 150
01-13 17:27:26.783 I/System.out(  685): Values: 723992
01-13 17:27:26.793 I/System.out(  685): Time difference in secs is: 150
01-13 17:27:27.784 I/System.out(  685): Values: 748568
01-13 17:27:27.794 I/System.out(  685): Time difference in secs is: 150
01-13 17:27:28.785 I/System.out(  685): Values: 781336
01-13 17:27:28.785 I/System.out(  685): Time difference in secs is: 150
01-13 17:27:29.776 I/System.out(  685): Values: 826392
01-13 17:27:29.786 I/System.out(  685): Time difference in secs is: 150
01-13 17:27:30.777 I/System.out(  685): Values: 842776
01-13 17:27:30.787 I/System.out(  685): Time difference in secs is: 150
01-13 17:27:31.778 I/System.out(  685): Values: 846872
01-13 17:27:31.788 I/System.out(  685): Time difference in secs is: 150
01-13 17:27:32.779 I/System.out(  685): Values: 846872
01-13 17:27:32.789 I/System.out(  685): Time difference in secs is: 150
01-13 17:27:33.780 I/System.out(  685): Values: 850968
01-13 17:27:33.790 I/System.out(  685): Time difference in secs is: 150
01-13 17:27:33.860 I/dalvikvm(  173): Jit: resizing JitTable from 4096 to 8192
01-13 17:27:33.900 D/SettingsAppWidgetProvider(  546): Widget is from a previous version... Let's update
01-13 17:27:33.900 D/SettingsAppWidgetProvider(  546): No instances yet... Wait for at least one instance to exist before adding global settings
01-13 17:27:34.781 I/System.out(  685): Values: 850968
01-13 17:27:34.791 I/System.out(  685): Time difference in secs is: 150
01-13 17:27:34.981 W/Vold    (  112): Ignoring unknown switch 'usb_connected'
01-13 17:27:35.011 D/Vold    (  112): USB connected
01-13 17:27:35.011 D/Vold    (  112): Share method ums now available
01-13 17:27:35.021 I/StorageNotification(  244): UMS connection changed to true (media state mounted)
01-13 17:27:35.041 W/ApplicationContext(  173): Unable to create files directory
01-13 17:27:35.081 V/NotificationService(  173): Active profile: Default
01-13 17:27:35.081 I/PROFILE (  173): Group: Gmail containing : com.android.systemui : false
01-13 17:27:35.081 I/PROFILE (  173): Group: Phone containing : com.android.systemui : false
01-13 17:27:35.081 I/PROFILE (  173): Group: Calendar containing : com.android.systemui : false
01-13 17:27:35.081 I/PROFILE (  173): Group: Email containing : com.android.systemui : false
01-13 17:27:35.081 I/PROFILE (  173): Group: SMS containing : com.android.systemui : false
01-13 17:27:35.081 V/ProfileManager(  173): No active group, returning default: Other
01-13 17:27:35.081 V/NotificationService(  173): Pkg: com.android.systemui group: Other
01-13 17:27:35.101 D/WriteApps(  173): Error: java.lang.NullPointerException
01-13 17:27:35.101 D/Tethering(  173): sendTetherStateChangedBroadcast 1, 0, 0
01-13 17:27:35.111 D/Tethering(  173): interfaceAdded :usb0
01-13 17:27:35.111 V/NotificationService(  173): Active profile: Default
01-13 17:27:35.111 I/PROFILE (  173): Group: Gmail containing : android : false
01-13 17:27:35.111 I/PROFILE (  173): Group: Phone containing : android : false
01-13 17:27:35.111 I/PROFILE (  173): Group: Calendar containing : android : false
01-13 17:27:35.111 I/PROFILE (  173): Group: Email containing : android : false
01-13 17:27:35.111 I/PROFILE (  173): Group: SMS containing : android : false
01-13 17:27:35.111 V/ProfileManager(  173): No active group, returning default: Other
01-13 17:27:35.111 V/NotificationService(  173): Pkg: android group: Other
01-13 17:27:35.272 D/dalvikvm(  173): GC_CONCURRENT freed 690K, 46% free 4742K/8711K, external 35K/547K, paused 3ms+8ms
01-13 17:27:35.792 I/System.out(  685): Values: 855064
01-13 17:27:35.792 I/System.out(  685): Time difference in secs is: 150
01-13 17:27:36.793 I/System.out(  685): Values: 855064
01-13 17:27:36.793 I/System.out(  685): Time difference in secs is: 150
01-13 17:27:37.784 I/System.out(  685): Values: 859160
01-13 17:27:37.794 I/System.out(  685): Time difference in secs is: 150
01-13 17:27:38.785 I/System.out(  685): Values: 859160
01-13 17:27:38.785 I/System.out(  685): Time difference in secs is: 150
01-13 17:27:39.786 I/System.out(  685): Values: 859160
01-13 17:27:39.786 I/System.out(  685): Time difference in secs is: 150
01-13 17:27:40.166 D/dalvikvm(  546): GC_EXPLICIT freed 114K, 54% free 2637K/5639K, external 0K/0K, paused 61ms
01-13 17:27:40.787 I/System.out(  685): Values: 863256
01-13 17:27:40.787 I/System.out(  685): Time difference in secs is: 150
01-13 17:27:41.788 I/System.out(  685): Values: 863256
01-13 17:27:41.788 I/System.out(  685): Time difference in secs is: 150
01-13 17:27:42.789 I/System.out(  685): Values: 867352
01-13 17:27:42.789 I/System.out(  685): Time difference in secs is: 150
01-13 17:27:43.790 I/System.out(  685): Values: 867352
01-13 17:27:43.790 I/System.out(  685): Time difference in secs is: 150
01-13 17:27:44.791 I/System.out(  685): Values: 867352
01-13 17:27:44.791 I/System.out(  685): Time difference in secs is: 150
01-13 17:27:45.792 I/System.out(  685): Values: 871448
01-13 17:27:45.792 I/System.out(  685): Time difference in secs is: 150
01-13 17:27:46.793 I/System.out(  685): Values: 871448
01-13 17:27:46.793 I/System.out(  685): Time difference in secs is: 150
01-13 17:27:47.794 I/System.out(  685): Values: 871448
01-13 17:27:47.804 I/System.out(  685): Time difference in secs is: 150
01-13 17:27:48.785 I/System.out(  685): Values: 875544
01-13 17:27:48.785 I/System.out(  685): Time difference in secs is: 150
01-13 17:27:49.796 I/System.out(  685): Values: 875544
01-13 17:27:49.796 I/System.out(  685): Time difference in secs is: 150
01-13 17:27:50.797 I/System.out(  685): Values: 879640
01-13 17:27:50.797 I/System.out(  685): Time difference in secs is: 150
01-13 17:27:51.798 I/System.out(  685): Values: 879640
01-13 17:27:51.798 I/System.out(  685): Time difference in secs is: 150
01-13 17:27:52.789 I/System.out(  685): Values: 883736
01-13 17:27:52.789 I/System.out(  685): Time difference in secs is: 150
01-13 17:27:53.800 I/System.out(  685): Values: 883736
01-13 17:27:53.800 I/System.out(  685): Time difference in secs is: 150
01-13 17:27:54.791 I/System.out(  685): Values: 883736
01-13 17:27:54.801 I/System.out(  685): Time difference in secs is: 150
01-13 17:27:55.792 I/System.out(  685): Values: 887832
01-13 17:27:55.792 I/System.out(  685): Time difference in secs is: 150
01-13 17:27:56.793 I/System.out(  685): Values: 887832
01-13 17:27:56.803 I/System.out(  685): Time difference in secs is: 150
01-13 17:27:57.794 I/System.out(  685): Values: 891928
01-13 17:27:57.804 I/System.out(  685): Time difference in secs is: 150
01-13 17:27:58.794 I/System.out(  685): Values: 891928
01-13 17:27:58.794 I/System.out(  685): Time difference in secs is: 150
01-13 17:27:59.785 I/System.out(  685): Values: 896024
01-13 17:27:59.795 I/System.out(  685): Time difference in secs is: 150
01-13 17:28:00.796 I/System.out(  685): Values: 896024
01-13 17:28:00.796 I/System.out(  685): Time difference in secs is: 150
01-13 17:28:01.787 I/System.out(  685): Values: 896024
01-13 17:28:01.797 I/System.out(  685): Time difference in secs is: 150
01-13 17:28:02.798 I/System.out(  685): Values: 900120
01-13 17:28:02.798 I/System.out(  685): Time difference in secs is: 150
01-13 17:28:03.799 I/System.out(  685): Values: 900120
01-13 17:28:03.799 I/System.out(  685): Time difference in secs is: 150
01-13 17:28:04.800 I/System.out(  685): Values: 904216
01-13 17:28:04.800 W/Vold    (  112): Ignoring unknown switch 'usb_connected'
01-13 17:28:04.810 D/dalvikvm(  576): Debugger has detached; object registry had 1 entries
01-13 17:28:04.810 D/dalvikvm(  685): Debugger has detached; object registry had 1 entries
01-13 17:28:04.810 D/dalvikvm(  277): Debugger has detached; object registry had 1 entries
01-13 17:28:04.810 D/dalvikvm(  173): Debugger has detached; object registry had 1 entries
01-13 17:28:04.810 D/dalvikvm(  259): Debugger has detached; object registry had 1 entries
01-13 17:28:04.810 D/Vold    (  112): USB disconnected
01-13 17:28:04.810 D/Vold    (  112): Share method ums now unavailable
01-13 17:28:04.820 I/StorageNotification(  244): UMS connection changed to false (media state mounted)
01-13 17:28:04.830 D/dalvikvm(  260): Debugger has detached; object registry had 1 entries
01-13 17:28:04.830 D/dalvikvm(  244): Debugger has detached; object registry had 1 entries
01-13 17:28:04.830 D/dalvikvm(  333): Debugger has detached; object registry had 1 entries
01-13 17:28:04.830 W/Vold    (  112): Ignoring unknown switch 'usb_connected'
01-13 17:28:04.840 D/Vold    (  112): USB connected
01-13 17:28:04.840 D/Vold    (  112): Share method ums now available
01-13 17:28:04.850 I/System.out(  685): Time difference in secs is: 150
01-13 17:28:04.890 I/StorageNotification(  244): UMS connection changed to true (media state mounted)
01-13 17:28:04.910 V/NotificationService(  173): Active profile: Default
01-13 17:28:04.910 I/PROFILE (  173): Group: Gmail containing : com.android.systemui : false
01-13 17:28:04.910 I/PROFILE (  173): Group: Phone containing : com.android.systemui : false
01-13 17:28:04.910 I/PROFILE (  173): Group: Calendar containing : com.android.systemui : false
01-13 17:28:04.910 I/PROFILE (  173): Group: Email containing : com.android.systemui : false
01-13 17:28:04.910 I/PROFILE (  173): Group: SMS containing : com.android.systemui : false
01-13 17:28:04.910 V/ProfileManager(  173): No active group, returning default: Other
01-13 17:28:04.910 V/NotificationService(  173): Pkg: com.android.systemui group: Other
01-13 17:28:04.920 W/ApplicationContext(  173): Unable to create files directory
01-13 17:28:04.930 D/WriteApps(  173): Error: java.lang.NullPointerException
01-13 17:28:04.940 E/Tethering(  173): active iface (usb0) reported as added, ignoring
01-13 17:28:04.950 V/NotificationService(  173): Active profile: Default
01-13 17:28:04.950 I/PROFILE (  173): Group: Gmail containing : android : false
01-13 17:28:04.950 I/PROFILE (  173): Group: Phone containing : android : false
01-13 17:28:04.950 I/PROFILE (  173): Group: Calendar containing : android : false
01-13 17:28:04.950 I/PROFILE (  173): Group: Email containing : android : false
01-13 17:28:04.950 I/PROFILE (  173): Group: SMS containing : android : false
01-13 17:28:04.950 D/dalvikvm(  517): Debugger has detached; object registry had 1 entries
01-13 17:28:04.950 V/ProfileManager(  173): No active group, returning default: Other
01-13 17:28:04.950 V/NotificationService(  173): Pkg: android group: Other
01-13 17:28:04.960 D/dalvikvm(  509): Debugger has detached; object registry had 1 entries
01-13 17:28:04.971 D/dalvikvm(  546): Debugger has detached; object registry had 1 entries
01-13 17:28:04.981 D/dalvikvm(  613): Debugger has detached; object registry had 1 entries
01-13 17:28:04.981 D/dalvikvm(  584): Debugger has detached; object registry had 1 entries
01-13 17:28:04.991 D/dalvikvm(  526): Debugger has detached; object registry had 1 entries
01-13 17:28:05.011 D/dalvikvm(  555): Debugger has detached; object registry had 1 entries
01-13 17:28:05.021 D/dalvikvm(  623): Debugger has detached; object registry had 1 entries
01-13 17:28:05.021 D/dalvikvm(  404): Debugger has detached; object registry had 1 entries
01-13 17:28:05.021 D/dalvikvm(  289): Debugger has detached; object registry had 1 entries
01-13 17:28:05.021 D/dalvikvm(  564): Debugger has detached; object registry had 1 entries
01-13 17:28:05.031 D/dalvikvm(  673): Debugger has detached; object registry had 1 entries
01-13 17:28:05.031 D/dalvikvm(  652): Debugger has detached; object registry had 1 entries
01-13 17:28:05.031 D/dalvikvm(  665): Debugger has detached; object registry had 1 entries
01-13 17:28:05.031 D/dalvikvm(  377): Debugger has detached; object registry had 1 entries
01-13 17:28:05.801 I/System.out(  685): Values: 904216
01-13 17:28:05.801 I/System.out(  685): Time difference in secs is: 150
01-13 17:28:06.802 I/System.out(  685): Values: 904216
01-13 17:28:06.802 I/System.out(  685): Time difference in secs is: 150
01-13 17:28:07.803 I/System.out(  685): Values: 908312
01-13 17:28:07.803 I/System.out(  685): Time difference in secs is: 150
01-13 17:28:08.804 I/System.out(  685): Values: 908312
01-13 17:28:08.804 I/System.out(  685): Time difference in secs is: 150
01-13 17:28:09.805 I/System.out(  685): Values: 908312
01-13 17:28:09.805 I/System.out(  685): Time difference in secs is: 150
01-13 17:28:10.796 I/System.out(  685): Values: 912408
01-13 17:28:10.796 I/System.out(  685): Time difference in secs is: 150
01-13 17:28:10.886 D/dalvikvm(  685): GC_CONCURRENT freed 435K, 56% free 2561K/5703K, external 8K/519K, paused 7ms+2ms
01-13 17:28:11.807 I/System.out(  685): Values: 912408
01-13 17:28:11.807 I/System.out(  685): Time difference in secs is: 150
01-13 17:28:12.798 I/System.out(  685): Values: 912408
01-13 17:28:12.808 I/System.out(  685): Time difference in secs is: 150
01-13 17:28:13.799 I/System.out(  685): Values: 916504
01-13 17:28:13.799 I/System.out(  685): Time difference in secs is: 150
01-13 17:28:14.800 I/System.out(  685): Values: 916504
01-13 17:28:14.800 I/System.out(  685): Time difference in secs is: 150
01-13 17:28:15.801 I/System.out(  685): Values: 920600
01-13 17:28:15.801 I/System.out(  685): Time difference in secs is: 150
01-13 17:28:16.802 I/System.out(  685): Values: 920600
01-13 17:28:16.802 I/System.out(  685): Time difference in secs is: 150
01-13 17:28:17.803 I/System.out(  685): Values: 924696
01-13 17:28:17.803 I/System.out(  685): Time difference in secs is: 150
01-13 17:28:18.804 I/System.out(  685): Values: 924696
01-13 17:28:18.804 I/System.out(  685): Time difference in secs is: 150
01-13 17:28:19.445 I/MPEG4Writer(  117): Received total/0-length (4249/0) buffers and encoded 4249 frames. - video
01-13 17:28:19.445 I/QC_CORE (  117): OMXCORE: qc_omx_component_send_command 4a99c, 0 , 2
01-13 17:28:19.445 E/VENC_ENC(  117): send_command::613 sending command MSG_ID_STATE_CHANGE
01-13 17:28:19.445 E/VENC_ENC(  117): component_thread::4135 got MSG_ID_STATE_CHANGE
01-13 17:28:19.445 E/VENC_ENC(  117): process_state_change::4297 Attempt to go to OMX_StateIdle
01-13 17:28:19.465 E/VENC_ENC(  117): process_driver_msg::4622 received VENC_MSG_STOP from driver
01-13 17:28:19.465 E/VENC_ENC(  117): free_q6_buffers::3902 free q6 buffers
01-13 17:28:19.465 E/VENC_ENC(  117): pmem_free::4902 Free pmem of fd: 54, size:45056
01-13 17:28:19.465 E/VENC_ENC(  117): pmem_free::4902 Free pmem of fd: 55, size:45056
01-13 17:28:19.465 E/VENC_ENC(  117): pmem_free::4902 Free pmem of fd: 56, size:45056
01-13 17:28:19.465 E/VENC_ENC(  117): pmem_free::4902 Free pmem of fd: 57, size:40960
01-13 17:28:19.465 E/VENC_ENC(  117): pmem_free::4902 Free pmem of fd: 58, size:36864
01-13 17:28:19.465 I/QC_CORE (  117): OMXCORE: qc_omx_component_send_command 4a99c, 0 , 1
01-13 17:28:19.465 E/VENC_ENC(  117): send_command::613 sending command MSG_ID_STATE_CHANGE
01-13 17:28:19.465 E/VENC_ENC(  117): component_thread::4135 got MSG_ID_STATE_CHANGE
01-13 17:28:19.465 E/VENC_ENC(  117): process_state_change::4271 Attempt to go to OMX_StateLoaded
01-13 17:28:19.465 I/QC_CORE (  117): OMXCORE: qc_omx_component_free_buffer[0] 4a99c, 47ee0
01-13 17:28:19.465 E/VENC_ENC(  117): pmem_free::4902 Free pmem of fd: 46, size:40960
01-13 17:28:19.465 E/VENC_ENC(  117): free_buffer::3739 Done with free_buffer, input
01-13 17:28:19.465 I/QC_CORE (  117): OMXCORE: qc_omx_component_free_buffer[0] 4a99c, 47e90
01-13 17:28:19.465 E/VENC_ENC(  117): pmem_free::4902 Free pmem of fd: 45, size:40960
01-13 17:28:19.465 E/VENC_ENC(  117): free_buffer::3739 Done with free_buffer, input
01-13 17:28:19.465 I/QC_CORE (  117): OMXCORE: qc_omx_component_free_buffer[0] 4a99c, 47e40
01-13 17:28:19.465 E/VENC_ENC(  117): pmem_free::4902 Free pmem of fd: 44, size:40960
01-13 17:28:19.465 E/VENC_ENC(  117): free_buffer::3739 Done with free_buffer, input
01-13 17:28:19.465 I/QC_CORE (  117): OMXCORE: qc_omx_component_free_buffer[0] 4a99c, 47df0
01-13 17:28:19.465 E/VENC_ENC(  117): pmem_free::4902 Free pmem of fd: 43, size:40960
01-13 17:28:19.465 E/VENC_ENC(  117): free_buffer::3739 Done with free_buffer, input
01-13 17:28:19.465 I/QC_CORE (  117): OMXCORE: qc_omx_component_free_buffer[0] 4a99c, 47da0
01-13 17:28:19.465 E/VENC_ENC(  117): pmem_free::4902 Free pmem of fd: 42, size:40960
01-13 17:28:19.465 E/VENC_ENC(  117): free_buffer::3739 Done with free_buffer, input
01-13 17:28:19.465 I/QC_CORE (  117): OMXCORE: qc_omx_component_free_buffer[0] 4a99c, 47d50
01-13 17:28:19.465 E/VENC_ENC(  117): pmem_free::4902 Free pmem of fd: 41, size:40960
01-13 17:28:19.465 E/VENC_ENC(  117): free_buffer::3739 Done with free_buffer, input
01-13 17:28:19.465 I/QC_CORE (  117): OMXCORE: qc_omx_component_free_buffer[1] 4a99c, 4b890
01-13 17:28:19.465 E/VENC_ENC(  117): pmem_free::4902 Free pmem of fd: 53, size:40960
01-13 17:28:19.465 E/VENC_ENC(  117): free_buffer::3709 Done with free_buffer, output
01-13 17:28:19.465 I/QC_CORE (  117): OMXCORE: qc_omx_component_free_buffer[1] 4a99c, 4b840
01-13 17:28:19.465 E/VENC_ENC(  117): pmem_free::4902 Free pmem of fd: 52, size:40960
01-13 17:28:19.465 E/VENC_ENC(  117): free_buffer::3709 Done with free_buffer, output
01-13 17:28:19.465 I/QC_CORE (  117): OMXCORE: qc_omx_component_free_buffer[1] 4a99c, 4b7f0
01-13 17:28:19.465 E/VENC_ENC(  117): pmem_free::4902 Free pmem of fd: 51, size:40960
01-13 17:28:19.465 E/VENC_ENC(  117): free_buffer::3709 Done with free_buffer, output
01-13 17:28:19.465 I/QC_CORE (  117): OMXCORE: qc_omx_component_free_buffer[1] 4a99c, 4b7a0
01-13 17:28:19.465 E/VENC_ENC(  117): pmem_free::4902 Free pmem of fd: 50, size:40960
01-13 17:28:19.465 E/VENC_ENC(  117): free_buffer::3709 Done with free_buffer, output
01-13 17:28:19.465 I/QC_CORE (  117): OMXCORE: qc_omx_component_free_buffer[1] 4a99c, 4b750
01-13 17:28:19.465 E/VENC_ENC(  117): pmem_free::4902 Free pmem of fd: 49, size:40960
01-13 17:28:19.465 E/VENC_ENC(  117): free_buffer::3709 Done with free_buffer, output
01-13 17:28:19.465 I/QC_CORE (  117): OMXCORE: qc_omx_component_free_buffer[1] 4a99c, 4b700
01-13 17:28:19.465 E/VENC_ENC(  117): pmem_free::4902 Free pmem of fd: 48, size:40960
01-13 17:28:19.465 E/VENC_ENC(  117): free_buffer::3709 Done with free_buffer, output
01-13 17:28:19.465 E/VENC_ENC(  117): free_buffer::3749 free buffer done, switch to loaded state
01-13 17:28:19.465 D/QualcommCameraHardware(  117): stopRecording: E
01-13 17:28:19.465 E/QualcommCameraHardware(  117): in native_stop_recording 
01-13 17:28:19.475 D/QualcommCameraHardware(  117): in native_stop_recording returned 0
01-13 17:28:19.475 E/QualcommCameraHardware(  117): Exiting video thread..
01-13 17:28:19.475 D/MPEG4Writer(  117): 0 chunks are written in the last batch
01-13 17:28:19.505 I/MPEG4Writer(  117): The mp4 file will not be streamable.
01-13 17:28:19.515 I/QC_CORE (  117): OMXCORE: qc_omx_component_get_state 4a99c
01-13 17:28:19.515 I/QC_CORE (  117): OMXCORE: qc_omx_component_deinit 4a99c
01-13 17:28:19.515 I/QC_CORE (  117): Calling FreeHandle in state 1 
01-13 17:28:19.525 E/VENC_ENC(  117): component_deinit::4007 deinitializing component...
01-13 17:28:19.525 E/VENC_ENC(  117): component_thread::4113 got MSG_ID_EXIT
01-13 17:28:19.525 E/VENC_ENC(  117): component_thread::4155 component thread is exiting
01-13 17:28:19.525 E/VENC_ENC(  117): reader_thread::4203 reader thread exiting
01-13 17:28:19.525 E/VENC_ENC(  117): ~Venc::171 deconstructor (closing driver)
01-13 17:28:19.525 E/VENC_ENC(  117): ven_device_close::1747 ven_device_close
01-13 17:28:19.525 W/ActivityManager(  173): Activity pause timeout for HistoryRecord{4092a3d8 uk.ac.st_andrews.cs.host.mk74.energymeasurement.cam/.MainActivity}
01-13 17:28:19.545 D/QualcommCameraHardware(  117): stopPreview: E
01-13 17:28:19.545 D/QualcommCameraHardware(  117): stopPreviewInternal E: 1
01-13 17:28:19.545 I/QualcommCameraHardware(  117): deinitPreview E
01-13 17:28:19.545 D/QualcommCameraHardware(  117): launch_watchdog_thread:
01-13 17:28:19.545 D/QualcommCameraHardware(  117): watchdog_thread_id = 292784
01-13 17:28:19.545 I/QualcommCameraHardware(  117): deinitPreview X
01-13 17:28:19.545 D/QualcommCameraHardware(  117): stopPreviewInternal X: 0
01-13 17:28:19.545 D/QualcommCameraHardware(  117): stopPreview: X
01-13 17:28:19.545 D/QualcommCameraHardware(  117): release E
01-13 17:28:19.545 D/QualcommCameraHardware(  117): deinitRaw E
01-13 17:28:19.545 D/QualcommCameraHardware(  117): deinitRaw X
01-13 17:28:19.545 I/QualcommCameraHardware(  117): register_buf: camfd = 30, reg = 1 buffer = 0x40122000
01-13 17:28:19.545 I/QualcommCameraHardware(  117): register_buf: camfd = 30, reg = 1 buffer = 0x40132000
01-13 17:28:19.545 I/QualcommCameraHardware(  117): register_buf: camfd = 30, reg = 1 buffer = 0x40142000
01-13 17:28:19.545 I/QualcommCameraHardware(  117): register_buf: camfd = 30, reg = 1 buffer = 0x40152000
01-13 17:28:19.545 I/QualcommCameraHardware(  117): register_buf: camfd = 33, reg = 1 buffer = 0x4041d000
01-13 17:28:19.545 I/QualcommCameraHardware(  117): register_buf: camfd = 33, reg = 1 buffer = 0x4042d000
01-13 17:28:19.545 I/QualcommCameraHardware(  117): register_buf: camfd = 33, reg = 1 buffer = 0x4043d000
01-13 17:28:19.545 I/QualcommCameraHardware(  117): register_buf: camfd = 33, reg = 1 buffer = 0x4044d000
01-13 17:28:19.545 I/QualcommCameraHardware(  117): register_buf: camfd = 33, reg = 1 buffer = 0x4045d000
01-13 17:28:19.545 I/QualcommCameraHardware(  117): register_buf: camfd = 33, reg = 1 buffer = 0x4046d000
01-13 17:28:19.545 I/QualcommCameraHardware(  117): register_buf: camfd = 33, reg = 1 buffer = 0x4047d000
01-13 17:28:19.545 I/QualcommCameraHardware(  117): register_buf: camfd = 33, reg = 1 buffer = 0x4048d000
01-13 17:28:19.545 D/QualcommCameraHardware(  117): frame_thread X
01-13 17:28:19.545 D/QualcommCameraHardware(  117): watchdog_thread_id = 292784
01-13 17:28:19.545 D/QualcommCameraHardware(  117): release_watchdog_thread: frame_thread_released = 1
01-13 17:28:19.545 D/mm-camera-ctrlcmd(  117): config_proc_CAMERA_STOP_SNAPSHOT: received CAMERA_STOP_SNAPSHOT!, ctrl->state = 25
01-13 17:28:19.545 D/mm-camera-ctrlcmd(  117): config_proc_CAMERA_STOP_SNAPSHOT: invalid state 25
01-13 17:28:19.655 D/QualcommCameraHardware(  117): void* watchdog(void*), frame_thread_released = 1, cnt = 0
01-13 17:28:19.655 D/QualcommCameraHardware(  117): void* watchdog(void*), exit, frame_thread_released=1
01-13 17:28:19.655 D/QualcommCameraHardware(  117): void release_watchdog_thread(): pthread_join succeeded on watchdog.
01-13 17:28:19.775 D/QualcommCameraHardware(  117): dlclose(libqcamera)
01-13 17:28:19.775 D/QualcommCameraHardware(  117): release X
01-13 17:28:19.775 D/QualcommCameraHardware(  117): ~QualcommCameraHardware E
01-13 17:28:19.775 D/QualcommCameraHardware(  117): ~QualcommCameraHardware X
01-13 17:28:19.795 I/System.out(  685): Values: 977584
01-13 17:28:19.795 I/System.out(  685): Time difference in secs is: 150
01-13 17:28:19.915 I/ActivityManager(  173): No longer want com.android.protips (pid 526): hidden #16
01-13 17:28:20.796 I/System.out(  685): Values: 977584
01-13 17:28:20.796 I/System.out(  685): Time difference in secs is: 150
01-13 17:28:21.797 I/System.out(  685): Values: 977584
01-13 17:28:21.797 I/System.out(  685): Time difference in secs is: 150
01-13 17:28:22.798 I/System.out(  685): Values: 977584
01-13 17:28:22.818 I/System.out(  685): Time difference in secs is: 150
01-13 17:28:23.799 I/System.out(  685): Values: 977584
01-13 17:28:23.839 I/System.out(  685): Time difference in secs is: 150
01-13 17:28:24.810 I/System.out(  685): Values: 977584
01-13 17:28:24.820 I/System.out(  685): Time difference in secs is: 150
01-13 17:28:25.010 D/dalvikvm(  685): GC_EXPLICIT freed 54K, 56% free 2549K/5703K, external 8K/519K, paused 86ms
01-13 17:28:25.811 I/System.out(  685): Values: 977584
01-13 17:28:25.811 I/System.out(  685): Time difference in secs is: 150
01-13 17:28:26.441 W/Vold    (  112): Ignoring unknown switch 'usb_connected'
01-13 17:28:26.441 D/Vold    (  112): USB disconnected
01-13 17:28:26.441 D/Vold    (  112): Share method ums now unavailable
01-13 17:28:26.461 I/StorageNotification(  244): UMS connection changed to false (media state mounted)
01-13 17:28:26.552 D/SettingsAppWidgetProvider(  546): Widget is from a previous version... Let's update
01-13 17:28:26.552 D/SettingsAppWidgetProvider(  546): No instances yet... Wait for at least one instance to exist before adding global settings
01-13 17:28:26.812 I/System.out(  685): Values: 977584
01-13 17:28:26.812 I/System.out(  685): Time difference in secs is: 150
01-13 17:28:27.502 D/Tethering(  173): InitialState.processMessage what=4
01-13 17:28:27.512 D/Tethering(  173): sendTetherStateChangedBroadcast 0, 0, 0
01-13 17:28:27.633 D/SettingsAppWidgetProvider(  546): Widget is from a previous version... Let's update
01-13 17:28:27.643 D/SettingsAppWidgetProvider(  546): No instances yet... Wait for at least one instance to exist before adding global settings
01-13 17:28:27.813 I/System.out(  685): Values: 977584
01-13 17:28:27.813 I/System.out(  685): Time difference in secs is: 150
