01-11 11:25:50.740 I/System.out(  679): Values: 1280.0
01-11 11:25:51.741 I/System.out(  679): Values: 1280.0
01-11 11:25:52.741 I/System.out(  679): Values: 1280.0
01-11 11:25:53.742 I/System.out(  679): Values: 1280.0
01-11 11:25:54.583 D/Finsky  (  626): [1] UpdateCheckReceiver.forceUpdateCheck: Force checking for available updates.
01-11 11:25:54.613 D/Finsky  (  626): [1] UpdatesAvailableReceiver.onReceive: Received updates available notification
01-11 11:25:54.683 E/Finsky  (  626): [1] UpdatesAvailableReceiver.onReceive: Could not set up current account / dfe api when receiving an updates available broadcast.
01-11 11:25:54.743 I/System.out(  679): Values: 1280.0
01-11 11:25:54.773 D/dalvikvm(  171): GC_CONCURRENT freed 485K, 50% free 4771K/9415K, external 35K/547K, paused 3ms+5ms
01-11 11:25:55.744 I/System.out(  679): Values: 1280.0
01-11 11:25:56.735 I/System.out(  679): Values: 1280.0
01-11 11:25:57.736 I/System.out(  679): Values: 1280.0
01-11 11:25:58.737 I/System.out(  679): Values: 1280.0
01-11 11:25:59.738 I/System.out(  679): Values: 1280.0
01-11 11:25:59.748 D/dalvikvm(  626): GC_EXPLICIT freed 327K, 53% free 2767K/5767K, external 0K/0K, paused 66ms
01-11 11:26:00.749 I/System.out(  679): Values: 1280.0
01-11 11:26:01.740 I/System.out(  679): Values: 1280.0
01-11 11:26:02.741 I/System.out(  679): Values: 1280.0
01-11 11:26:03.752 I/System.out(  679): Values: 1280.0
01-11 11:26:04.753 I/System.out(  679): Values: 1280.0
01-11 11:26:05.084 D/dalvikvm(  391): GC_EXPLICIT freed 9K, 55% free 2620K/5703K, external 0K/0K, paused 49ms
01-11 11:26:05.754 I/System.out(  679): Values: 1280.0
01-11 11:26:06.755 I/System.out(  679): Values: 1280.0
01-11 11:26:07.756 I/System.out(  679): Values: 1280.0
01-11 11:26:08.747 I/System.out(  679): Values: 1280.0
01-11 11:26:09.748 I/System.out(  679): Values: 1280.0
01-11 11:26:10.749 I/System.out(  679): Values: 1280.0
01-11 11:26:11.750 I/System.out(  679): Values: 1280.0
01-11 11:26:12.751 I/System.out(  679): Values: 1280.0
01-11 11:26:13.752 I/System.out(  679): Values: 1280.0
01-11 11:26:14.753 I/System.out(  679): Values: 1280.0
01-11 11:26:15.754 I/System.out(  679): Values: 1280.0
01-11 11:26:16.755 I/System.out(  679): Values: 1280.0
01-11 11:26:17.756 I/System.out(  679): Values: 1280.0
01-11 11:26:18.757 I/System.out(  679): Values: 1280.0
01-11 11:26:19.758 I/System.out(  679): Values: 1280.0
01-11 11:26:20.759 I/System.out(  679): Values: 1280.0
01-11 11:26:21.750 I/System.out(  679): Values: 1280.0
01-11 11:26:22.751 I/System.out(  679): Values: 1280.0
01-11 11:26:23.752 I/System.out(  679): Values: 1280.0
01-11 11:26:24.763 I/System.out(  679): Values: 1280.0
01-11 11:26:25.764 I/System.out(  679): Values: 1280.0
01-11 11:26:26.765 I/System.out(  679): Values: 1280.0
01-11 11:26:27.756 I/System.out(  679): Values: 1280.0
01-11 11:26:28.757 I/System.out(  679): Values: 1280.0
01-11 11:26:29.758 I/System.out(  679): Values: 1280.0
01-11 11:26:30.759 I/System.out(  679): Values: 1280.0
01-11 11:26:30.829 D/dalvikvm(  679): GC_CONCURRENT freed 393K, 55% free 2538K/5639K, external 8K/519K, paused 6ms+2ms
01-11 11:26:31.760 I/System.out(  679): Values: 1280.0
01-11 11:26:32.761 I/System.out(  679): Values: 1280.0
01-11 11:26:33.762 I/System.out(  679): Values: 1280.0
01-11 11:26:34.762 I/System.out(  679): Values: 1280.0
01-11 11:26:35.763 I/System.out(  679): Values: 1280.0
01-11 11:26:36.764 I/System.out(  679): Values: 1280.0
01-11 11:26:37.765 I/System.out(  679): Values: 1280.0
01-11 11:26:38.766 I/System.out(  679): Values: 1280.0
01-11 11:26:39.767 I/System.out(  679): Values: 1280.0
01-11 11:26:40.768 I/System.out(  679): Values: 1280.0
01-11 11:26:41.759 I/System.out(  679): Values: 1280.0
01-11 11:26:42.760 I/System.out(  679): Values: 1280.0
01-11 11:26:43.771 I/System.out(  679): Values: 1280.0
01-11 11:26:44.762 I/System.out(  679): Values: 1280.0
01-11 11:26:45.763 I/System.out(  679): Values: 1280.0
01-11 11:26:46.764 I/System.out(  679): Values: 1280.0
01-11 11:26:47.765 I/System.out(  679): Values: 1280.0
01-11 11:26:48.766 I/System.out(  679): Values: 1280.0
01-11 11:26:49.767 I/System.out(  679): Values: 1280.0
01-11 11:26:50.768 I/System.out(  679): Values: 1280.0
01-11 11:26:51.769 I/System.out(  679): Values: 1280.0
01-11 11:26:52.760 I/System.out(  679): Values: 1280.0
01-11 11:26:53.771 I/System.out(  679): Values: 1280.0
01-11 11:26:54.772 I/System.out(  679): Values: 1280.0
01-11 11:26:55.773 I/System.out(  679): Values: 1280.0
01-11 11:26:56.774 I/System.out(  679): Values: 1280.0
01-11 11:26:57.775 I/System.out(  679): Values: 1280.0
01-11 11:26:58.776 I/System.out(  679): Values: 1280.0
01-11 11:26:59.777 I/System.out(  679): Values: 1280.0
01-11 11:27:00.778 I/System.out(  679): Values: 1280.0
01-11 11:27:01.779 I/System.out(  679): Values: 1280.0
01-11 11:27:02.780 I/System.out(  679): Values: 1280.0
01-11 11:27:03.781 I/System.out(  679): Values: 1280.0
01-11 11:27:04.772 I/System.out(  679): Values: 1280.0
01-11 11:27:05.773 I/System.out(  679): Values: 1280.0
01-11 11:27:06.784 I/System.out(  679): Values: 1280.0
01-11 11:27:07.775 I/System.out(  679): Values: 1280.0
01-11 11:27:08.776 I/System.out(  679): Values: 1280.0
01-11 11:27:09.777 I/System.out(  679): Values: 1280.0
01-11 11:27:10.778 I/System.out(  679): Values: 1280.0
01-11 11:27:11.779 I/System.out(  679): Values: 1280.0
01-11 11:27:12.780 I/System.out(  679): Values: 1280.0
01-11 11:27:13.781 I/System.out(  679): Values: 1280.0
01-11 11:27:14.782 I/System.out(  679): Values: 1280.0
01-11 11:27:15.783 I/System.out(  679): Values: 1280.0
01-11 11:27:16.783 I/System.out(  679): Values: 1280.0
01-11 11:27:17.784 I/System.out(  679): Values: 1280.0
01-11 11:27:18.775 I/System.out(  679): Values: 1280.0
01-11 11:27:19.786 I/System.out(  679): Values: 1280.0
01-11 11:27:20.787 I/System.out(  679): Values: 1280.0
01-11 11:27:21.788 I/System.out(  679): Values: 1280.0
01-11 11:27:22.789 I/System.out(  679): Values: 1280.0
01-11 11:27:23.780 I/System.out(  679): Values: 1280.0
01-11 11:27:24.781 I/System.out(  679): Values: 1280.0
01-11 11:27:25.782 I/System.out(  679): Values: 1280.0
01-11 11:27:26.783 I/System.out(  679): Values: 1280.0
01-11 11:27:27.784 I/System.out(  679): Values: 1280.0
01-11 11:27:28.785 I/System.out(  679): Values: 1280.0
01-11 11:27:29.776 I/System.out(  679): Values: 1280.0
01-11 11:27:30.777 I/System.out(  679): Values: 1280.0
01-11 11:27:31.788 I/System.out(  679): Values: 1280.0
01-11 11:27:32.789 I/System.out(  679): Values: 1280.0
01-11 11:27:33.790 I/System.out(  679): Values: 1280.0
01-11 11:27:34.791 I/System.out(  679): Values: 1280.0
01-11 11:27:35.792 I/System.out(  679): Values: 1280.0
01-11 11:27:36.793 I/System.out(  679): Values: 1280.0
01-11 11:27:37.794 I/System.out(  679): Values: 1280.0
01-11 11:27:38.785 I/System.out(  679): Values: 1280.0
01-11 11:27:39.796 I/System.out(  679): Values: 1280.0
01-11 11:27:40.797 I/System.out(  679): Values: 1280.0
01-11 11:27:41.798 I/System.out(  679): Values: 1280.0
01-11 11:27:42.789 I/System.out(  679): Values: 1280.0
01-11 11:27:43.790 I/System.out(  679): Values: 1280.0
01-11 11:27:44.791 I/System.out(  679): Values: 1280.0
01-11 11:27:45.792 I/System.out(  679): Values: 1280.0
01-11 11:27:46.793 I/System.out(  679): Values: 1280.0
01-11 11:27:47.794 I/System.out(  679): Values: 1280.0
01-11 11:27:48.795 I/System.out(  679): Values: 1280.0
01-11 11:27:49.786 I/System.out(  679): Values: 1280.0
01-11 11:27:50.787 I/System.out(  679): Values: 1280.0
01-11 11:27:51.788 I/System.out(  679): Values: 1280.0
01-11 11:27:52.799 I/System.out(  679): Values: 1280.0
01-11 11:27:53.800 I/System.out(  679): Values: 1280.0
01-11 11:27:54.801 I/System.out(  679): Values: 1280.0
01-11 11:27:55.802 I/System.out(  679): Values: 1280.0
01-11 11:27:56.803 I/System.out(  679): Values: 1280.0
01-11 11:27:57.804 I/System.out(  679): Values: 1280.0
01-11 11:27:58.804 I/System.out(  679): Values: 1280.0
01-11 11:27:59.805 I/System.out(  679): Values: 1280.0
01-11 11:28:00.806 I/System.out(  679): Values: 1280.0
01-11 11:28:01.807 I/System.out(  679): Values: 1280.0
01-11 11:28:02.798 I/System.out(  679): Values: 1280.0
01-11 11:28:02.798 I/System.out(  679): Battery level end is reached
01-11 11:28:02.798 I/System.out(  679): Time difference in secs is: 501
01-11 11:28:03.799 I/System.out(  679): Values: 1280.0
01-11 11:28:03.799 I/System.out(  679): Time difference in secs is: 501
01-11 11:28:04.800 I/System.out(  679): Values: 1280.0
01-11 11:28:04.800 I/System.out(  679): Time difference in secs is: 501
01-11 11:28:05.801 I/System.out(  679): Values: 1280.0
01-11 11:28:05.801 I/System.out(  679): Time difference in secs is: 501
01-11 11:28:06.802 I/System.out(  679): Values: 1280.0
01-11 11:28:06.802 I/System.out(  679): Time difference in secs is: 501
01-11 11:28:07.803 I/System.out(  679): Values: 1280.0
01-11 11:28:07.813 I/System.out(  679): Time difference in secs is: 501
01-11 11:28:08.804 I/System.out(  679): Values: 1280.0
01-11 11:28:08.814 I/System.out(  679): Time difference in secs is: 501
01-11 11:28:09.795 I/System.out(  679): Values: 1280.0
01-11 11:28:09.805 I/System.out(  679): Time difference in secs is: 501
01-11 11:28:10.796 I/System.out(  679): Values: 1280.0
01-11 11:28:10.806 I/System.out(  679): Time difference in secs is: 501
01-11 11:28:11.807 I/System.out(  679): Values: 1280.0
01-11 11:28:11.807 I/System.out(  679): Time difference in secs is: 501
01-11 11:28:12.808 I/System.out(  679): Values: 1280.0
01-11 11:28:12.808 I/System.out(  679): Time difference in secs is: 501
01-11 11:28:13.799 I/System.out(  679): Values: 1280.0
01-11 11:28:13.809 I/System.out(  679): Time difference in secs is: 501
01-11 11:28:14.800 I/System.out(  679): Values: 1280.0
01-11 11:28:14.810 I/System.out(  679): Time difference in secs is: 501
01-11 11:28:15.801 I/System.out(  679): Values: 1280.0
01-11 11:28:15.811 I/System.out(  679): Time difference in secs is: 501
01-11 11:28:16.812 I/System.out(  679): Values: 1280.0
01-11 11:28:16.812 I/System.out(  679): Time difference in secs is: 501
01-11 11:28:17.813 I/System.out(  679): Values: 1280.0
01-11 11:28:17.813 I/System.out(  679): Time difference in secs is: 501
01-11 11:28:18.814 I/System.out(  679): Values: 1280.0
01-11 11:28:18.814 I/System.out(  679): Time difference in secs is: 501
01-11 11:28:19.805 I/System.out(  679): Values: 1280.0
01-11 11:28:19.805 I/System.out(  679): Time difference in secs is: 501
01-11 11:28:20.806 I/System.out(  679): Values: 1280.0
01-11 11:28:20.806 I/System.out(  679): Time difference in secs is: 501
01-11 11:28:21.807 I/System.out(  679): Values: 1280.0
01-11 11:28:21.807 I/System.out(  679): Time difference in secs is: 501
01-11 11:28:22.808 I/System.out(  679): Values: 1280.0
01-11 11:28:22.808 I/System.out(  679): Time difference in secs is: 501
01-11 11:28:23.809 I/System.out(  679): Values: 1280.0
01-11 11:28:23.809 I/System.out(  679): Time difference in secs is: 501
01-11 11:28:24.810 I/System.out(  679): Values: 1280.0
01-11 11:28:24.810 I/System.out(  679): Time difference in secs is: 501
01-11 11:28:25.811 I/System.out(  679): Values: 1280.0
01-11 11:28:25.811 I/System.out(  679): Time difference in secs is: 501
01-11 11:28:26.812 I/System.out(  679): Values: 1280.0
01-11 11:28:26.812 I/System.out(  679): Time difference in secs is: 501
01-11 11:28:27.813 I/System.out(  679): Values: 1280.0
01-11 11:28:27.813 I/System.out(  679): Time difference in secs is: 501
01-11 11:28:28.814 I/System.out(  679): Values: 1280.0
01-11 11:28:28.814 I/System.out(  679): Time difference in secs is: 501
01-11 11:28:29.815 I/System.out(  679): Values: 1280.0
01-11 11:28:29.815 I/System.out(  679): Time difference in secs is: 501
01-11 11:28:30.816 I/System.out(  679): Values: 1280.0
01-11 11:28:30.816 I/System.out(  679): Time difference in secs is: 501
01-11 11:28:31.817 I/System.out(  679): Values: 1280.0
01-11 11:28:31.817 I/System.out(  679): Time difference in secs is: 501
01-11 11:28:32.818 I/System.out(  679): Values: 1280.0
01-11 11:28:32.818 I/System.out(  679): Time difference in secs is: 501
01-11 11:28:33.809 I/System.out(  679): Values: 1280.0
01-11 11:28:33.809 I/System.out(  679): Time difference in secs is: 501
01-11 11:28:34.810 I/System.out(  679): Values: 1280.0
01-11 11:28:34.810 I/System.out(  679): Time difference in secs is: 501
01-11 11:28:35.811 I/System.out(  679): Values: 1280.0
01-11 11:28:35.811 I/System.out(  679): Time difference in secs is: 501
01-11 11:28:36.812 I/System.out(  679): Values: 1280.0
01-11 11:28:36.812 I/System.out(  679): Time difference in secs is: 501
01-11 11:28:37.813 I/System.out(  679): Values: 1280.0
01-11 11:28:37.813 I/System.out(  679): Time difference in secs is: 501
01-11 11:28:38.814 I/System.out(  679): Values: 1280.0
01-11 11:28:38.824 I/System.out(  679): Time difference in secs is: 501
01-11 11:28:39.804 I/System.out(  679): Values: 1280.0
01-11 11:28:39.814 I/System.out(  679): Time difference in secs is: 501
01-11 11:28:40.815 I/System.out(  679): Values: 1280.0
01-11 11:28:40.815 I/System.out(  679): Time difference in secs is: 501
01-11 11:28:41.806 I/System.out(  679): Values: 1280.0
01-11 11:28:41.816 I/System.out(  679): Time difference in secs is: 501
01-11 11:28:42.807 I/System.out(  679): Values: 1280.0
01-11 11:28:42.817 I/System.out(  679): Time difference in secs is: 501
01-11 11:28:43.808 I/System.out(  679): Values: 1280.0
01-11 11:28:43.818 I/System.out(  679): Time difference in secs is: 501
01-11 11:28:44.809 I/System.out(  679): Values: 1280.0
01-11 11:28:44.819 I/System.out(  679): Time difference in secs is: 501
01-11 11:28:45.810 I/System.out(  679): Values: 1280.0
01-11 11:28:45.820 I/System.out(  679): Time difference in secs is: 501
01-11 11:28:46.821 I/System.out(  679): Values: 1280.0
01-11 11:28:46.821 I/System.out(  679): Time difference in secs is: 501
01-11 11:28:47.822 I/System.out(  679): Values: 1280.0
01-11 11:28:47.822 I/System.out(  679): Time difference in secs is: 501
01-11 11:28:48.823 I/System.out(  679): Values: 1280.0
01-11 11:28:48.823 I/System.out(  679): Time difference in secs is: 501
01-11 11:28:49.824 I/System.out(  679): Values: 1280.0
01-11 11:28:49.824 I/System.out(  679): Time difference in secs is: 501
01-11 11:28:50.815 I/System.out(  679): Values: 1280.0
01-11 11:28:50.815 I/System.out(  679): Time difference in secs is: 501
01-11 11:28:51.816 I/System.out(  679): Values: 1280.0
01-11 11:28:51.816 I/System.out(  679): Time difference in secs is: 501
01-11 11:28:52.817 I/System.out(  679): Values: 1280.0
01-11 11:28:52.817 I/System.out(  679): Time difference in secs is: 501
01-11 11:28:53.818 I/System.out(  679): Values: 1280.0
01-11 11:28:53.818 I/System.out(  679): Time difference in secs is: 501
01-11 11:28:54.819 I/System.out(  679): Values: 1280.0
01-11 11:28:54.819 I/System.out(  679): Time difference in secs is: 501
01-11 11:28:55.820 I/System.out(  679): Values: 1280.0
01-11 11:28:55.820 I/System.out(  679): Time difference in secs is: 501
01-11 11:28:56.821 I/System.out(  679): Values: 1280.0
01-11 11:28:56.821 I/System.out(  679): Time difference in secs is: 501
01-11 11:28:57.822 I/System.out(  679): Values: 1280.0
01-11 11:28:57.822 I/System.out(  679): Time difference in secs is: 501
01-11 11:28:58.823 I/System.out(  679): Values: 1280.0
01-11 11:28:58.823 I/System.out(  679): Time difference in secs is: 501
01-11 11:28:59.824 I/System.out(  679): Values: 1280.0
01-11 11:28:59.824 I/System.out(  679): Time difference in secs is: 501
01-11 11:29:00.825 I/System.out(  679): Values: 1280.0
01-11 11:29:00.825 I/System.out(  679): Time difference in secs is: 501
01-11 11:29:01.826 I/System.out(  679): Values: 1280.0
01-11 11:29:01.826 I/System.out(  679): Time difference in secs is: 501
01-11 11:29:02.827 I/System.out(  679): Values: 1280.0
01-11 11:29:02.827 I/System.out(  679): Time difference in secs is: 501
01-11 11:29:03.818 I/System.out(  679): Values: 1280.0
01-11 11:29:03.818 I/System.out(  679): Time difference in secs is: 501
01-11 11:29:04.819 I/System.out(  679): Values: 1280.0
01-11 11:29:04.819 I/System.out(  679): Time difference in secs is: 501
01-11 11:29:05.820 I/System.out(  679): Values: 1280.0
01-11 11:29:05.820 I/System.out(  679): Time difference in secs is: 501
01-11 11:29:06.821 I/System.out(  679): Values: 1280.0
01-11 11:29:06.821 I/System.out(  679): Time difference in secs is: 501
01-11 11:29:07.822 I/System.out(  679): Values: 1280.0
01-11 11:29:07.822 I/System.out(  679): Time difference in secs is: 501
01-11 11:29:07.922 D/dalvikvm(  679): GC_CONCURRENT freed 382K, 55% free 2549K/5639K, external 8K/519K, paused 8ms+2ms
01-11 11:29:08.823 I/System.out(  679): Values: 1280.0
01-11 11:29:08.823 I/System.out(  679): Time difference in secs is: 501
01-11 11:29:09.824 I/System.out(  679): Values: 1280.0
01-11 11:29:09.824 I/System.out(  679): Time difference in secs is: 501
01-11 11:29:10.825 I/System.out(  679): Values: 1280.0
01-11 11:29:10.825 I/System.out(  679): Time difference in secs is: 501
01-11 11:29:11.826 I/System.out(  679): Values: 1280.0
01-11 11:29:11.826 I/System.out(  679): Time difference in secs is: 501
01-11 11:29:12.827 I/System.out(  679): Values: 1280.0
01-11 11:29:12.827 I/System.out(  679): Time difference in secs is: 501
01-11 11:29:13.828 I/System.out(  679): Values: 1280.0
01-11 11:29:13.828 I/System.out(  679): Time difference in secs is: 501
01-11 11:29:14.819 I/System.out(  679): Values: 1280.0
01-11 11:29:14.829 I/System.out(  679): Time difference in secs is: 501
01-11 11:29:15.820 I/System.out(  679): Values: 1280.0
01-11 11:29:15.830 I/System.out(  679): Time difference in secs is: 501
01-11 11:29:16.831 I/System.out(  679): Values: 1280.0
01-11 11:29:16.831 I/System.out(  679): Time difference in secs is: 501
01-11 11:29:17.832 I/System.out(  679): Values: 1280.0
01-11 11:29:17.832 I/System.out(  679): Time difference in secs is: 501
01-11 11:29:18.823 I/System.out(  679): Values: 1280.0
01-11 11:29:18.833 I/System.out(  679): Time difference in secs is: 501
01-11 11:29:19.834 I/System.out(  679): Values: 1280.0
01-11 11:29:19.834 I/System.out(  679): Time difference in secs is: 501
01-11 11:29:20.835 I/System.out(  679): Values: 1280.0
01-11 11:29:20.835 I/System.out(  679): Time difference in secs is: 501
01-11 11:29:21.825 I/System.out(  679): Values: 1280.0
01-11 11:29:21.825 I/System.out(  679): Time difference in secs is: 501
01-11 11:29:22.826 I/System.out(  679): Values: 1280.0
01-11 11:29:22.826 I/System.out(  679): Time difference in secs is: 501
01-11 11:29:23.827 I/System.out(  679): Values: 1280.0
01-11 11:29:23.827 I/System.out(  679): Time difference in secs is: 501
01-11 11:29:24.828 I/System.out(  679): Values: 1280.0
01-11 11:29:24.828 I/System.out(  679): Time difference in secs is: 501
01-11 11:29:25.829 I/System.out(  679): Values: 1280.0
01-11 11:29:25.829 I/System.out(  679): Time difference in secs is: 501
01-11 11:29:26.830 I/System.out(  679): Values: 1280.0
01-11 11:29:26.830 I/System.out(  679): Time difference in secs is: 501
01-11 11:29:27.831 I/System.out(  679): Values: 1280.0
01-11 11:29:27.831 I/System.out(  679): Time difference in secs is: 501
01-11 11:29:28.832 I/System.out(  679): Values: 1280.0
01-11 11:29:28.832 I/System.out(  679): Time difference in secs is: 501
01-11 11:29:29.833 I/System.out(  679): Values: 1280.0
01-11 11:29:29.833 I/System.out(  679): Time difference in secs is: 501
01-11 11:29:30.834 I/System.out(  679): Values: 1280.0
01-11 11:29:30.834 I/System.out(  679): Time difference in secs is: 501
01-11 11:29:31.835 I/System.out(  679): Values: 1280.0
01-11 11:29:31.835 I/System.out(  679): Time difference in secs is: 501
01-11 11:29:32.826 I/System.out(  679): Values: 1280.0
01-11 11:29:32.826 I/System.out(  679): Time difference in secs is: 501
01-11 11:29:33.827 I/System.out(  679): Values: 1280.0
01-11 11:29:33.827 I/System.out(  679): Time difference in secs is: 501
01-11 11:29:34.828 I/System.out(  679): Values: 1280.0
01-11 11:29:34.828 I/System.out(  679): Time difference in secs is: 501
01-11 11:29:35.829 I/System.out(  679): Values: 640.0
01-11 11:29:35.829 I/System.out(  679): Time difference in secs is: 501
01-11 11:29:36.830 I/System.out(  679): Values: 640.0
01-11 11:29:36.830 I/System.out(  679): Time difference in secs is: 501
01-11 11:29:37.831 I/System.out(  679): Values: 320.0
01-11 11:29:37.831 I/System.out(  679): Time difference in secs is: 501
01-11 11:29:38.832 I/System.out(  679): Values: 640.0
01-11 11:29:38.832 I/System.out(  679): Time difference in secs is: 501
01-11 11:29:39.833 I/System.out(  679): Values: 640.0
01-11 11:29:39.833 I/System.out(  679): Time difference in secs is: 501
01-11 11:29:40.834 I/System.out(  679): Values: 640.0
01-11 11:29:40.834 I/System.out(  679): Time difference in secs is: 501
01-11 11:29:40.974 D/SettingsAppWidgetProvider(  598): Widget is from a previous version... Let's update
01-11 11:29:40.974 D/SettingsAppWidgetProvider(  598): No instances yet... Wait for at least one instance to exist before adding global settings
01-11 11:29:41.004 D/dalvikvm(  267): GC_CONCURRENT freed 462K, 53% free 2853K/6023K, external 0K/0K, paused 2ms+3ms
01-11 11:29:41.835 I/System.out(  679): Values: 1280.0
01-11 11:29:41.835 I/System.out(  679): Time difference in secs is: 501
01-11 11:29:41.865 I/WindowManager(  171): Setting rotation to 1, animFlags=0
01-11 11:29:41.885 I/ActivityManager(  171): Config changed: { scale=1.0 imsi=0/0 loc=en_GB touch=3 keys=1/1/2 nav=3/1 orien=2 layout=34 uiMode=17 seq=4 themeResource=null}
01-11 11:29:41.965 I/PowerWidget(  242): Clearing any old widget stuffs
01-11 11:29:41.965 W/Vold    (  111): Ignoring unknown switch 'usb_connected'
01-11 11:29:41.975 D/szipinf (  171): Initializing inflate state
01-11 11:29:42.055 I/ActivityManager(  171): Start proc com.android.protips for broadcast com.android.protips/.ProtipWidget: pid=714 uid=10048 gids={}
01-11 11:29:42.065 D/Vold    (  111): USB connected
01-11 11:29:42.065 I/PowerWidget(  242): Setting up widget
01-11 11:29:42.065 I/PowerWidget(  242): Default buttons being loaded
01-11 11:29:42.065 I/PowerWidget(  242): Button list: toggleWifi|toggleBluetooth|toggleGPS|toggleSound
01-11 11:29:42.065 I/PowerWidget(  242): Setting up button: toggleWifi
01-11 11:29:42.065 I/PowerWidget(  242): Setting up button: toggleBluetooth
01-11 11:29:42.065 I/PowerWidget(  242): Setting up button: toggleGPS
01-11 11:29:42.065 D/Vold    (  111): Share method ums now available
01-11 11:29:42.075 I/PowerWidget(  242): Setting up button: toggleSound
01-11 11:29:42.075 D/szipinf (  171): Initializing inflate state
01-11 11:29:42.105 D/szipinf (  171): Initializing inflate state
01-11 11:29:42.125 D/szipinf (  171): Initializing inflate state
01-11 11:29:42.135 D/szipinf (  171): Initializing inflate state
01-11 11:29:42.215 W/ApplicationContext(  171): Unable to create files directory
01-11 11:29:42.225 D/Tethering(  171): sendTetherStateChangedBroadcast 1, 0, 0
01-11 11:29:42.225 D/Tethering(  171): interfaceAdded :usb0
01-11 11:29:42.245 D/WriteApps(  171): Error: java.lang.NullPointerException
01-11 11:29:42.245 V/NotificationService(  171): Active profile: Default
01-11 11:29:42.245 I/PROFILE (  171): Group: Gmail containing : android : false
01-11 11:29:42.245 I/PROFILE (  171): Group: Phone containing : android : false
01-11 11:29:42.245 I/PROFILE (  171): Group: Calendar containing : android : false
01-11 11:29:42.245 I/PROFILE (  171): Group: Email containing : android : false
01-11 11:29:42.245 I/PROFILE (  171): Group: SMS containing : android : false
01-11 11:29:42.245 V/ProfileManager(  171): No active group, returning default: Other
01-11 11:29:42.245 V/NotificationService(  171): Pkg: android group: Other
01-11 11:29:42.325 I/StorageNotification(  242): UMS connection changed to true (media state mounted)
01-11 11:29:42.335 V/NotificationService(  171): Active profile: Default
01-11 11:29:42.335 I/PROFILE (  171): Group: Gmail containing : com.android.systemui : false
01-11 11:29:42.335 I/PROFILE (  171): Group: Phone containing : com.android.systemui : false
01-11 11:29:42.335 I/PROFILE (  171): Group: Calendar containing : com.android.systemui : false
01-11 11:29:42.335 I/PROFILE (  171): Group: Email containing : com.android.systemui : false
01-11 11:29:42.335 I/PROFILE (  171): Group: SMS containing : com.android.systemui : false
01-11 11:29:42.335 V/ProfileManager(  171): No active group, returning default: Other
01-11 11:29:42.335 V/NotificationService(  171): Pkg: com.android.systemui group: Other
01-11 11:29:42.516 I/ActivityManager(  171): No longer want com.cyanogenmod.cmparts (pid 542): hidden #16
01-11 11:29:42.566 D/dalvikvm(  171): GC_CONCURRENT freed 538K, 49% free 4807K/9415K, external 35K/547K, paused 2ms+6ms
01-11 11:29:42.606 D/dalvikvm(  242): GC_EXTERNAL_ALLOC freed 336K, 52% free 2869K/5895K, external 905K/993K, paused 57ms
01-11 11:29:42.826 I/System.out(  679): Values: 1280.0
01-11 11:29:42.826 I/System.out(  679): Time difference in secs is: 501
01-11 11:29:43.206 I/System.out(  679): Values: 0.0
01-11 11:29:43.206 I/System.out(  679): Battery level end is reached
01-11 11:29:43.837 I/System.out(  679): Values: 1280.0
01-11 11:29:43.837 I/System.out(  679): Time difference in secs is: 501
01-11 11:29:44.197 I/System.out(  679): Values: 0.0
01-11 11:29:44.428 D/dalvikvm(  171): GC_EXPLICIT freed 71K, 50% free 4774K/9415K, external 35K/547K, paused 82ms
01-11 11:29:44.838 I/System.out(  679): Values: 1280.0
01-11 11:29:44.838 I/System.out(  679): Time difference in secs is: 501
01-11 11:29:45.208 I/System.out(  679): Values: 0.0
01-11 11:29:45.829 I/System.out(  679): Values: 1280.0
01-11 11:29:45.839 I/System.out(  679): Time difference in secs is: 501
01-11 11:29:46.209 I/System.out(  679): Values: 0.0
01-11 11:29:46.830 I/System.out(  679): Values: 1280.0
01-11 11:29:46.830 I/System.out(  679): Time difference in secs is: 501
01-11 11:29:47.200 I/System.out(  679): Values: 0.0
01-11 11:29:47.591 D/dalvikvm(  523): GC_EXPLICIT freed 78K, 55% free 2549K/5639K, external 0K/0K, paused 68ms
01-11 11:29:47.841 I/System.out(  679): Values: 1280.0
01-11 11:29:47.841 I/System.out(  679): Time difference in secs is: 501
01-11 11:29:48.211 I/System.out(  679): Values: 0.0
01-11 11:29:48.832 I/System.out(  679): Values: 1280.0
01-11 11:29:48.842 I/System.out(  679): Time difference in secs is: 501
01-11 11:29:49.212 I/System.out(  679): Values: 0.0
01-11 11:29:49.833 I/System.out(  679): Values: 1280.0
01-11 11:29:49.843 I/System.out(  679): Time difference in secs is: 501
01-11 11:29:50.213 I/System.out(  679): Values: 0.0
01-11 11:29:50.834 I/System.out(  679): Values: 1280.0
01-11 11:29:50.844 I/System.out(  679): Time difference in secs is: 501
01-11 11:29:51.214 I/System.out(  679): Values: 0.0
01-11 11:29:51.835 I/System.out(  679): Values: 1280.0
01-11 11:29:51.835 I/System.out(  679): Time difference in secs is: 501
01-11 11:29:52.205 I/System.out(  679): Values: 0.0
01-11 11:29:52.575 D/dalvikvm(  598): GC_EXPLICIT freed 115K, 54% free 2637K/5639K, external 0K/0K, paused 52ms
01-11 11:29:52.836 I/System.out(  679): Values: 1280.0
01-11 11:29:52.836 I/System.out(  679): Time difference in secs is: 501
01-11 11:29:53.206 I/System.out(  679): Values: 0.0
01-11 11:29:53.837 I/System.out(  679): Values: 1280.0
01-11 11:29:53.837 I/System.out(  679): Time difference in secs is: 501
01-11 11:29:54.207 I/System.out(  679): Values: 0.0
01-11 11:29:54.838 I/System.out(  679): Values: 1280.0
01-11 11:29:54.838 I/System.out(  679): Time difference in secs is: 501
01-11 11:29:55.208 I/System.out(  679): Values: 0.0
01-11 11:29:55.839 I/System.out(  679): Values: 1280.0
01-11 11:29:55.839 I/System.out(  679): Time difference in secs is: 501
01-11 11:29:56.209 I/System.out(  679): Values: 0.0
01-11 11:29:56.840 I/System.out(  679): Values: 1280.0
01-11 11:29:56.840 I/System.out(  679): Time difference in secs is: 501
01-11 11:29:57.210 I/System.out(  679): Values: 0.0
01-11 11:29:57.590 D/dalvikvm(  513): GC_EXPLICIT freed 12K, 56% free 2570K/5767K, external 0K/0K, paused 65ms
01-11 11:29:57.841 I/System.out(  679): Values: 1280.0
01-11 11:29:57.841 I/System.out(  679): Time difference in secs is: 501
01-11 11:29:58.211 I/System.out(  679): Values: 0.0
01-11 11:29:58.832 I/System.out(  679): Values: 1280.0
01-11 11:29:58.842 I/System.out(  679): Time difference in secs is: 501
01-11 11:29:59.212 I/System.out(  679): Values: 0.0
01-11 11:29:59.833 I/System.out(  679): Values: 1280.0
01-11 11:29:59.843 I/System.out(  679): Time difference in secs is: 501
01-11 11:30:00.213 I/System.out(  679): Values: 0.0
01-11 11:30:00.834 I/System.out(  679): Values: 1280.0
01-11 11:30:00.844 I/System.out(  679): Time difference in secs is: 501
01-11 11:30:01.214 I/System.out(  679): Values: 0.0
01-11 11:30:01.835 I/System.out(  679): Values: 1280.0
01-11 11:30:01.835 I/System.out(  679): Time difference in secs is: 501
01-11 11:30:02.215 I/System.out(  679): Values: 0.0
01-11 11:30:02.835 I/System.out(  679): Values: 1280.0
01-11 11:30:02.835 I/System.out(  679): Time difference in secs is: 501
01-11 11:30:03.216 I/System.out(  679): Values: 0.0
01-11 11:30:03.826 I/System.out(  679): Values: 1280.0
01-11 11:30:03.836 I/System.out(  679): Time difference in secs is: 501
01-11 11:30:04.217 I/System.out(  679): Values: 0.0
01-11 11:30:04.827 I/System.out(  679): Values: 1280.0
01-11 11:30:04.837 I/System.out(  679): Time difference in secs is: 501
01-11 11:30:05.208 I/System.out(  679): Values: 0.0
01-11 11:30:05.828 I/System.out(  679): Values: 1280.0
01-11 11:30:05.838 I/System.out(  679): Time difference in secs is: 501
01-11 11:30:06.209 I/System.out(  679): Values: 0.0
01-11 11:30:06.829 I/System.out(  679): Values: 1280.0
01-11 11:30:06.839 I/System.out(  679): Time difference in secs is: 501
01-11 11:30:07.210 I/System.out(  679): Values: 0.0
01-11 11:30:07.840 I/System.out(  679): Values: 1280.0
01-11 11:30:07.840 I/System.out(  679): Time difference in secs is: 501
01-11 11:30:08.211 I/System.out(  679): Values: 0.0
01-11 11:30:08.841 I/System.out(  679): Values: 1280.0
01-11 11:30:08.841 I/System.out(  679): Time difference in secs is: 501
01-11 11:30:09.212 I/System.out(  679): Values: 0.0
01-11 11:30:09.842 I/System.out(  679): Values: 1280.0
01-11 11:30:09.842 I/System.out(  679): Time difference in secs is: 501
01-11 11:30:10.213 I/System.out(  679): Values: 0.0
01-11 11:30:10.843 I/System.out(  679): Values: 1280.0
01-11 11:30:10.843 I/System.out(  679): Time difference in secs is: 501
01-11 11:30:11.214 I/System.out(  679): Values: 0.0
01-11 11:30:11.844 I/System.out(  679): Values: 1280.0
01-11 11:30:11.844 I/System.out(  679): Time difference in secs is: 501
01-11 11:30:12.215 I/System.out(  679): Values: 0.0
01-11 11:30:12.835 I/System.out(  679): Values: 1280.0
01-11 11:30:12.835 I/System.out(  679): Time difference in secs is: 501
01-11 11:30:13.206 I/System.out(  679): Values: 0.0
01-11 11:30:13.836 I/System.out(  679): Values: 1280.0
01-11 11:30:13.836 I/System.out(  679): Time difference in secs is: 501
01-11 11:30:14.217 I/System.out(  679): Values: 0.0
01-11 11:30:14.837 I/System.out(  679): Values: 1280.0
01-11 11:30:14.837 I/System.out(  679): Time difference in secs is: 501
01-11 11:30:15.218 I/System.out(  679): Values: 0.0
01-11 11:30:15.838 I/System.out(  679): Values: 1280.0
01-11 11:30:15.838 I/System.out(  679): Time difference in secs is: 501
01-11 11:30:16.219 I/System.out(  679): Values: 0.0
01-11 11:30:16.839 I/System.out(  679): Values: 1280.0
01-11 11:30:16.839 I/System.out(  679): Time difference in secs is: 501
01-11 11:30:17.210 I/System.out(  679): Values: 0.0
01-11 11:30:17.840 I/System.out(  679): Values: 1280.0
01-11 11:30:17.840 I/System.out(  679): Time difference in secs is: 501
01-11 11:30:18.210 I/System.out(  679): Values: 0.0
01-11 11:30:18.841 I/System.out(  679): Values: 1280.0
01-11 11:30:18.841 I/System.out(  679): Time difference in secs is: 501
01-11 11:30:19.211 I/System.out(  679): Values: 0.0
01-11 11:30:19.842 I/System.out(  679): Values: 1280.0
01-11 11:30:19.842 I/System.out(  679): Time difference in secs is: 501
01-11 11:30:20.212 I/System.out(  679): Values: 0.0
