01-18 13:42:12.850 I/System.out(  706): Time difference in secs is: 200
01-18 13:42:13.841 I/System.out(  706): Values: 10.0
01-18 13:42:13.851 I/System.out(  706): Time difference in secs is: 200
01-18 13:42:14.842 I/System.out(  706): Values: 10.0
01-18 13:42:14.852 I/System.out(  706): Time difference in secs is: 200
01-18 13:42:15.843 I/System.out(  706): Values: 10.0
01-18 13:42:15.853 I/System.out(  706): Time difference in secs is: 200
01-18 13:42:16.844 I/System.out(  706): Values: 10.0
01-18 13:42:16.854 I/System.out(  706): Time difference in secs is: 200
01-18 13:42:17.845 I/System.out(  706): Values: 10.0
01-18 13:42:17.855 I/System.out(  706): Time difference in secs is: 200
01-18 13:42:18.846 I/System.out(  706): Values: 10.0
01-18 13:42:18.856 I/System.out(  706): Time difference in secs is: 200
01-18 13:42:19.847 I/System.out(  706): Values: 10.0
01-18 13:42:19.857 I/System.out(  706): Time difference in secs is: 200
01-18 13:42:20.848 I/System.out(  706): Values: 10.0
01-18 13:42:20.858 I/System.out(  706): Time difference in secs is: 200
01-18 13:42:21.839 I/System.out(  706): Values: 10.0
01-18 13:42:21.849 I/System.out(  706): Time difference in secs is: 200
01-18 13:42:22.850 I/System.out(  706): Values: 10.0
01-18 13:42:22.850 I/System.out(  706): Time difference in secs is: 200
01-18 13:42:23.851 I/System.out(  706): Values: 10.0
01-18 13:42:23.851 I/System.out(  706): Time difference in secs is: 200
01-18 13:42:24.852 I/System.out(  706): Values: 10.0
01-18 13:42:24.852 I/System.out(  706): Time difference in secs is: 200
01-18 13:42:25.853 I/System.out(  706): Values: 10.0
01-18 13:42:25.853 I/System.out(  706): Time difference in secs is: 200
01-18 13:42:26.854 I/System.out(  706): Values: 10.0
01-18 13:42:26.854 I/System.out(  706): Time difference in secs is: 200
01-18 13:42:27.855 I/System.out(  706): Values: 10.0
01-18 13:42:27.855 I/System.out(  706): Time difference in secs is: 200
01-18 13:42:28.856 I/System.out(  706): Values: 10.0
01-18 13:42:28.856 I/System.out(  706): Time difference in secs is: 200
01-18 13:42:29.857 I/System.out(  706): Values: 10.0
01-18 13:42:29.857 I/System.out(  706): Time difference in secs is: 200
01-18 13:42:30.858 I/System.out(  706): Values: 10.0
01-18 13:42:30.858 I/System.out(  706): Time difference in secs is: 200
01-18 13:42:31.849 I/System.out(  706): Values: 10.0
01-18 13:42:31.849 I/System.out(  706): Time difference in secs is: 200
01-18 13:42:32.850 I/System.out(  706): Values: 10.0
01-18 13:42:32.850 I/System.out(  706): Time difference in secs is: 200
01-18 13:42:33.851 I/System.out(  706): Values: 10.0
01-18 13:42:33.851 I/System.out(  706): Time difference in secs is: 200
01-18 13:42:34.852 I/System.out(  706): Values: 10.0
01-18 13:42:34.852 I/System.out(  706): Time difference in secs is: 200
01-18 13:42:35.853 I/System.out(  706): Values: 10.0
01-18 13:42:35.853 I/System.out(  706): Time difference in secs is: 200
01-18 13:42:36.854 I/System.out(  706): Values: 10.0
01-18 13:42:36.854 I/System.out(  706): Time difference in secs is: 200
01-18 13:42:37.855 I/System.out(  706): Values: 10.0
01-18 13:42:37.855 I/System.out(  706): Time difference in secs is: 200
01-18 13:42:38.856 I/System.out(  706): Values: 10.0
01-18 13:42:38.856 I/System.out(  706): Time difference in secs is: 200
01-18 13:42:39.857 I/System.out(  706): Values: 10.0
01-18 13:42:39.857 I/System.out(  706): Time difference in secs is: 200
01-18 13:42:40.858 I/System.out(  706): Values: 10.0
01-18 13:42:40.858 I/System.out(  706): Time difference in secs is: 200
01-18 13:42:41.859 I/System.out(  706): Values: 10.0
01-18 13:42:41.859 I/System.out(  706): Time difference in secs is: 200
01-18 13:42:42.860 I/System.out(  706): Values: 10.0
01-18 13:42:42.860 I/System.out(  706): Time difference in secs is: 200
01-18 13:42:43.851 I/System.out(  706): Values: 10.0
01-18 13:42:43.851 I/System.out(  706): Time difference in secs is: 200
01-18 13:42:44.862 I/System.out(  706): Values: 10.0
01-18 13:42:44.862 I/System.out(  706): Time difference in secs is: 200
01-18 13:42:45.853 I/System.out(  706): Values: 10.0
01-18 13:42:45.853 I/System.out(  706): Time difference in secs is: 200
01-18 13:42:46.854 I/System.out(  706): Values: 10.0
01-18 13:42:46.854 I/System.out(  706): Time difference in secs is: 200
01-18 13:42:47.855 I/System.out(  706): Values: 10.0
01-18 13:42:47.855 I/System.out(  706): Time difference in secs is: 200
01-18 13:42:48.856 I/System.out(  706): Values: 10.0
01-18 13:42:48.856 I/System.out(  706): Time difference in secs is: 200
01-18 13:42:49.857 I/System.out(  706): Values: 10.0
01-18 13:42:49.857 I/System.out(  706): Time difference in secs is: 200
01-18 13:42:50.858 I/System.out(  706): Values: 10.0
01-18 13:42:50.858 I/System.out(  706): Time difference in secs is: 200
01-18 13:42:51.858 I/System.out(  706): Values: 10.0
01-18 13:42:51.858 I/System.out(  706): Time difference in secs is: 200
01-18 13:42:52.849 I/System.out(  706): Values: 10.0
01-18 13:42:52.859 I/System.out(  706): Time difference in secs is: 200
01-18 13:42:53.860 I/System.out(  706): Values: 10.0
01-18 13:42:53.860 I/System.out(  706): Time difference in secs is: 200
01-18 13:42:54.851 I/System.out(  706): Values: 10.0
01-18 13:42:54.861 I/System.out(  706): Time difference in secs is: 200
01-18 13:42:55.852 I/System.out(  706): Values: 10.0
01-18 13:42:55.862 I/System.out(  706): Time difference in secs is: 200
01-18 13:42:56.863 I/System.out(  706): Values: 10.0
01-18 13:42:56.863 I/System.out(  706): Time difference in secs is: 200
01-18 13:42:57.854 I/System.out(  706): Values: 10.0
01-18 13:42:57.864 I/System.out(  706): Time difference in secs is: 200
01-18 13:42:58.855 I/System.out(  706): Values: 10.0
01-18 13:42:58.865 I/System.out(  706): Time difference in secs is: 200
01-18 13:42:59.856 I/System.out(  706): Values: 10.0
01-18 13:42:59.866 I/System.out(  706): Time difference in secs is: 200
01-18 13:43:00.857 I/System.out(  706): Values: 10.0
01-18 13:43:00.867 I/System.out(  706): Time difference in secs is: 200
01-18 13:43:01.858 I/System.out(  706): Values: 10.0
01-18 13:43:01.868 I/System.out(  706): Time difference in secs is: 200
01-18 13:43:02.849 I/System.out(  706): Values: 10.0
01-18 13:43:02.859 I/System.out(  706): Time difference in secs is: 200
01-18 13:43:03.850 I/System.out(  706): Values: 10.0
01-18 13:43:03.860 I/System.out(  706): Time difference in secs is: 200
01-18 13:43:04.861 I/System.out(  706): Values: 10.0
01-18 13:43:04.861 I/System.out(  706): Time difference in secs is: 200
01-18 13:43:05.852 I/System.out(  706): Values: 10.0
01-18 13:43:05.862 I/System.out(  706): Time difference in secs is: 200
01-18 13:43:06.863 I/System.out(  706): Values: 10.0
01-18 13:43:06.863 I/System.out(  706): Time difference in secs is: 200
01-18 13:43:07.864 I/System.out(  706): Values: 10.0
01-18 13:43:07.864 I/System.out(  706): Time difference in secs is: 200
01-18 13:43:08.865 I/System.out(  706): Values: 10.0
01-18 13:43:08.865 I/System.out(  706): Time difference in secs is: 200
01-18 13:43:09.866 I/System.out(  706): Values: 10.0
01-18 13:43:09.866 I/System.out(  706): Time difference in secs is: 200
01-18 13:43:10.867 I/System.out(  706): Values: 10.0
01-18 13:43:10.867 I/System.out(  706): Time difference in secs is: 200
01-18 13:43:11.868 I/System.out(  706): Values: 10.0
01-18 13:43:11.868 I/System.out(  706): Time difference in secs is: 200
01-18 13:43:12.859 I/System.out(  706): Values: 10.0
01-18 13:43:12.859 I/System.out(  706): Time difference in secs is: 200
01-18 13:43:13.860 I/System.out(  706): Values: 10.0
01-18 13:43:13.860 I/System.out(  706): Time difference in secs is: 200
01-18 13:43:14.861 I/System.out(  706): Values: 10.0
01-18 13:43:14.861 I/System.out(  706): Time difference in secs is: 200
01-18 13:43:15.862 I/System.out(  706): Values: 10.0
01-18 13:43:15.862 I/System.out(  706): Time difference in secs is: 200
01-18 13:43:16.863 I/System.out(  706): Values: 10.0
01-18 13:43:16.863 I/System.out(  706): Time difference in secs is: 200
01-18 13:43:17.864 I/System.out(  706): Values: 10.0
01-18 13:43:17.864 I/System.out(  706): Time difference in secs is: 200
01-18 13:43:18.865 I/System.out(  706): Values: 10.0
01-18 13:43:18.865 I/System.out(  706): Time difference in secs is: 200
01-18 13:43:19.866 I/System.out(  706): Values: 10.0
01-18 13:43:19.866 I/System.out(  706): Time difference in secs is: 200
01-18 13:43:20.867 I/System.out(  706): Values: 10.0
01-18 13:43:20.867 I/System.out(  706): Time difference in secs is: 200
01-18 13:43:21.868 I/System.out(  706): Values: 10.0
01-18 13:43:21.868 I/System.out(  706): Time difference in secs is: 200
01-18 13:43:22.869 I/System.out(  706): Values: 10.0
01-18 13:43:22.869 I/System.out(  706): Time difference in secs is: 200
01-18 13:43:23.870 I/System.out(  706): Values: 10.0
01-18 13:43:23.870 I/System.out(  706): Time difference in secs is: 200
01-18 13:43:24.861 I/System.out(  706): Values: 10.0
01-18 13:43:24.861 I/System.out(  706): Time difference in secs is: 200
01-18 13:43:25.862 I/System.out(  706): Values: 10.0
01-18 13:43:25.862 I/System.out(  706): Time difference in secs is: 200
01-18 13:43:26.863 I/System.out(  706): Values: 10.0
01-18 13:43:26.863 I/System.out(  706): Time difference in secs is: 200
01-18 13:43:27.864 I/System.out(  706): Values: 10.0
01-18 13:43:27.864 I/System.out(  706): Time difference in secs is: 200
01-18 13:43:28.865 I/System.out(  706): Values: 10.0
01-18 13:43:28.865 I/System.out(  706): Time difference in secs is: 200
01-18 13:43:29.866 I/System.out(  706): Values: 10.0
01-18 13:43:29.886 I/System.out(  706): Time difference in secs is: 200
01-18 13:43:29.946 D/dalvikvm(  706): GC_CONCURRENT freed 437K, 56% free 2559K/5703K, external 8K/519K, paused 9ms+3ms
01-18 13:43:30.867 I/System.out(  706): Values: 10.0
01-18 13:43:30.867 I/System.out(  706): Time difference in secs is: 200
01-18 13:43:31.868 I/System.out(  706): Values: 10.0
01-18 13:43:31.868 I/System.out(  706): Time difference in secs is: 200
01-18 13:43:32.869 I/System.out(  706): Values: 10.0
01-18 13:43:32.869 I/System.out(  706): Time difference in secs is: 200
01-18 13:43:33.859 I/System.out(  706): Values: 10.0
01-18 13:43:33.859 I/System.out(  706): Time difference in secs is: 200
01-18 13:43:34.860 I/System.out(  706): Values: 10.0
01-18 13:43:34.860 I/System.out(  706): Time difference in secs is: 200
01-18 13:43:35.861 I/System.out(  706): Values: 10.0
01-18 13:43:35.861 I/System.out(  706): Time difference in secs is: 200
01-18 13:43:36.872 I/System.out(  706): Values: 10.0
01-18 13:43:36.872 I/System.out(  706): Time difference in secs is: 200
01-18 13:43:37.863 I/System.out(  706): Values: 10.0
01-18 13:43:37.863 I/System.out(  706): Time difference in secs is: 200
01-18 13:43:38.864 I/System.out(  706): Values: 10.0
01-18 13:43:38.874 I/System.out(  706): Time difference in secs is: 200
01-18 13:43:39.865 I/System.out(  706): Values: 10.0
01-18 13:43:39.865 I/System.out(  706): Time difference in secs is: 200
01-18 13:43:40.866 I/System.out(  706): Values: 10.0
01-18 13:43:40.866 I/System.out(  706): Time difference in secs is: 200
01-18 13:43:41.867 I/System.out(  706): Values: 10.0
01-18 13:43:41.867 I/System.out(  706): Time difference in secs is: 200
01-18 13:43:42.868 I/System.out(  706): Values: 10.0
01-18 13:43:42.868 I/System.out(  706): Time difference in secs is: 200
01-18 13:43:43.869 I/System.out(  706): Values: 10.0
01-18 13:43:43.869 I/System.out(  706): Time difference in secs is: 200
01-18 13:43:44.860 I/System.out(  706): Values: 10.0
01-18 13:43:44.860 I/System.out(  706): Time difference in secs is: 200
01-18 13:43:45.861 I/System.out(  706): Values: 10.0
01-18 13:43:45.871 I/System.out(  706): Time difference in secs is: 200
01-18 13:43:46.862 I/System.out(  706): Values: 10.0
01-18 13:43:46.872 I/System.out(  706): Time difference in secs is: 200
01-18 13:43:47.863 I/System.out(  706): Values: 10.0
01-18 13:43:47.873 I/System.out(  706): Time difference in secs is: 200
01-18 13:43:48.864 I/System.out(  706): Values: 10.0
01-18 13:43:48.874 I/System.out(  706): Time difference in secs is: 200
01-18 13:43:49.865 I/System.out(  706): Values: 10.0
01-18 13:43:49.875 I/System.out(  706): Time difference in secs is: 200
01-18 13:43:50.866 I/System.out(  706): Values: 10.0
01-18 13:43:50.876 I/System.out(  706): Time difference in secs is: 200
01-18 13:43:51.867 I/System.out(  706): Values: 10.0
01-18 13:43:51.877 I/System.out(  706): Time difference in secs is: 200
01-18 13:43:52.868 I/System.out(  706): Values: 10.0
01-18 13:43:52.878 I/System.out(  706): Time difference in secs is: 200
01-18 13:43:53.859 I/System.out(  706): Values: 10.0
01-18 13:43:53.869 I/System.out(  706): Time difference in secs is: 200
01-18 13:43:54.870 I/System.out(  706): Values: 10.0
01-18 13:43:54.870 I/System.out(  706): Time difference in secs is: 200
01-18 13:43:55.861 I/System.out(  706): Values: 10.0
01-18 13:43:55.871 I/System.out(  706): Time difference in secs is: 200
01-18 13:43:56.862 I/System.out(  706): Values: 10.0
01-18 13:43:56.872 I/System.out(  706): Time difference in secs is: 200
01-18 13:43:57.863 I/System.out(  706): Values: 10.0
01-18 13:43:57.873 I/System.out(  706): Time difference in secs is: 200
01-18 13:43:58.864 I/System.out(  706): Values: 10.0
01-18 13:43:58.874 I/System.out(  706): Time difference in secs is: 200
01-18 13:43:59.865 I/System.out(  706): Values: 10.0
01-18 13:43:59.875 I/System.out(  706): Time difference in secs is: 200
01-18 13:44:00.866 I/System.out(  706): Values: 10.0
01-18 13:44:00.876 I/System.out(  706): Time difference in secs is: 200
01-18 13:44:01.877 I/System.out(  706): Values: 10.0
01-18 13:44:01.877 I/System.out(  706): Time difference in secs is: 200
01-18 13:44:02.868 I/System.out(  706): Values: 10.0
01-18 13:44:02.878 I/System.out(  706): Time difference in secs is: 200
01-18 13:44:03.879 I/System.out(  706): Values: 10.0
01-18 13:44:03.879 I/System.out(  706): Time difference in secs is: 200
01-18 13:44:04.870 I/System.out(  706): Values: 10.0
01-18 13:44:04.870 I/System.out(  706): Time difference in secs is: 200
01-18 13:44:05.871 I/System.out(  706): Values: 10.0
01-18 13:44:05.871 I/System.out(  706): Time difference in secs is: 200
01-18 13:44:06.872 I/System.out(  706): Values: 10.0
01-18 13:44:06.872 I/System.out(  706): Time difference in secs is: 200
01-18 13:44:07.873 I/System.out(  706): Values: 10.0
01-18 13:44:07.873 I/System.out(  706): Time difference in secs is: 200
01-18 13:44:08.874 I/System.out(  706): Values: 10.0
01-18 13:44:08.874 I/System.out(  706): Time difference in secs is: 200
01-18 13:44:09.875 I/System.out(  706): Values: 10.0
01-18 13:44:09.875 I/System.out(  706): Time difference in secs is: 200
01-18 13:44:10.876 I/System.out(  706): Values: 10.0
01-18 13:44:10.876 I/System.out(  706): Time difference in secs is: 200
01-18 13:44:11.877 I/System.out(  706): Values: 10.0
01-18 13:44:11.877 I/System.out(  706): Time difference in secs is: 200
01-18 13:44:12.878 I/System.out(  706): Values: 10.0
01-18 13:44:12.878 I/System.out(  706): Time difference in secs is: 200
01-18 13:44:13.879 I/System.out(  706): Values: 10.0
01-18 13:44:13.879 I/System.out(  706): Time difference in secs is: 200
01-18 13:44:14.879 I/System.out(  706): Values: 10.0
01-18 13:44:14.879 I/System.out(  706): Time difference in secs is: 200
01-18 13:44:15.880 I/System.out(  706): Values: 10.0
01-18 13:44:15.880 I/System.out(  706): Time difference in secs is: 200
01-18 13:44:16.871 I/System.out(  706): Values: 10.0
01-18 13:44:16.881 I/System.out(  706): Time difference in secs is: 200
01-18 13:44:17.872 I/System.out(  706): Values: 10.0
01-18 13:44:17.872 I/System.out(  706): Time difference in secs is: 200
01-18 13:44:18.873 I/System.out(  706): Values: 10.0
01-18 13:44:18.883 I/System.out(  706): Time difference in secs is: 200
01-18 13:44:19.874 I/System.out(  706): Values: 10.0
01-18 13:44:19.884 I/System.out(  706): Time difference in secs is: 200
01-18 13:44:20.875 I/System.out(  706): Values: 10.0
01-18 13:44:20.885 I/System.out(  706): Time difference in secs is: 200
01-18 13:44:21.876 I/System.out(  706): Values: 10.0
01-18 13:44:21.886 I/System.out(  706): Time difference in secs is: 200
01-18 13:44:22.877 I/System.out(  706): Values: 10.0
01-18 13:44:22.887 I/System.out(  706): Time difference in secs is: 200
01-18 13:44:23.878 I/System.out(  706): Values: 10.0
01-18 13:44:23.888 I/System.out(  706): Time difference in secs is: 200
01-18 13:44:24.879 I/System.out(  706): Values: 10.0
01-18 13:44:24.879 I/System.out(  706): Time difference in secs is: 200
01-18 13:44:25.870 I/System.out(  706): Values: 10.0
01-18 13:44:25.880 I/System.out(  706): Time difference in secs is: 200
01-18 13:44:26.871 I/System.out(  706): Values: 10.0
01-18 13:44:26.881 I/System.out(  706): Time difference in secs is: 200
01-18 13:44:27.872 I/System.out(  706): Values: 10.0
01-18 13:44:27.882 I/System.out(  706): Time difference in secs is: 200
01-18 13:44:28.873 I/System.out(  706): Values: 10.0
01-18 13:44:28.883 I/System.out(  706): Time difference in secs is: 200
01-18 13:44:29.884 I/System.out(  706): Values: 10.0
01-18 13:44:29.884 I/System.out(  706): Time difference in secs is: 200
01-18 13:44:30.885 I/System.out(  706): Values: 10.0
01-18 13:44:30.885 I/System.out(  706): Time difference in secs is: 200
01-18 13:44:31.886 I/System.out(  706): Values: 10.0
01-18 13:44:31.886 I/System.out(  706): Time difference in secs is: 200
01-18 13:44:32.887 I/System.out(  706): Values: 10.0
01-18 13:44:32.887 I/System.out(  706): Time difference in secs is: 200
01-18 13:44:33.888 I/System.out(  706): Values: 10.0
01-18 13:44:33.888 I/System.out(  706): Time difference in secs is: 200
01-18 13:44:34.879 I/System.out(  706): Values: 10.0
01-18 13:44:34.879 I/System.out(  706): Time difference in secs is: 200
01-18 13:44:35.890 I/System.out(  706): Values: 10.0
01-18 13:44:35.890 I/System.out(  706): Time difference in secs is: 200
01-18 13:44:36.881 I/System.out(  706): Values: 10.0
01-18 13:44:36.881 I/System.out(  706): Time difference in secs is: 200
01-18 13:44:37.882 I/System.out(  706): Values: 10.0
01-18 13:44:37.882 I/System.out(  706): Time difference in secs is: 200
01-18 13:44:38.883 I/System.out(  706): Values: 10.0
01-18 13:44:38.883 I/System.out(  706): Time difference in secs is: 200
01-18 13:44:39.884 I/System.out(  706): Values: 10.0
01-18 13:44:39.884 I/System.out(  706): Time difference in secs is: 200
01-18 13:44:40.885 I/System.out(  706): Values: 10.0
01-18 13:44:40.885 I/System.out(  706): Time difference in secs is: 200
01-18 13:44:41.886 I/System.out(  706): Values: 10.0
01-18 13:44:41.886 I/System.out(  706): Time difference in secs is: 200
01-18 13:44:42.887 I/System.out(  706): Values: 10.0
01-18 13:44:42.887 I/System.out(  706): Time difference in secs is: 200
01-18 13:44:43.888 I/System.out(  706): Values: 10.0
01-18 13:44:43.888 I/System.out(  706): Time difference in secs is: 200
01-18 13:44:44.889 I/System.out(  706): Values: 10.0
01-18 13:44:44.889 I/System.out(  706): Time difference in secs is: 200
01-18 13:44:45.880 I/System.out(  706): Values: 10.0
01-18 13:44:45.880 I/System.out(  706): Time difference in secs is: 200
01-18 13:44:46.881 I/System.out(  706): Values: 10.0
01-18 13:44:46.881 I/System.out(  706): Time difference in secs is: 200
01-18 13:44:47.882 I/System.out(  706): Values: 10.0
01-18 13:44:47.882 I/System.out(  706): Time difference in secs is: 200
01-18 13:44:48.883 I/System.out(  706): Values: 10.0
01-18 13:44:48.883 I/System.out(  706): Time difference in secs is: 200
01-18 13:44:49.884 I/System.out(  706): Values: 10.0
01-18 13:44:49.884 I/System.out(  706): Time difference in secs is: 200
01-18 13:44:50.885 I/System.out(  706): Values: 10.0
01-18 13:44:50.885 I/System.out(  706): Time difference in secs is: 200
01-18 13:44:51.886 I/System.out(  706): Values: 10.0
01-18 13:44:51.886 I/System.out(  706): Time difference in secs is: 200
01-18 13:44:52.887 I/System.out(  706): Values: 10.0
01-18 13:44:52.887 I/System.out(  706): Time difference in secs is: 200
01-18 13:44:53.888 I/System.out(  706): Values: 10.0
01-18 13:44:53.888 I/System.out(  706): Time difference in secs is: 200
01-18 13:44:54.889 I/System.out(  706): Values: 10.0
01-18 13:44:54.889 I/System.out(  706): Time difference in secs is: 200
01-18 13:44:55.890 I/System.out(  706): Values: 10.0
01-18 13:44:55.890 I/System.out(  706): Time difference in secs is: 200
01-18 13:44:56.880 I/System.out(  706): Values: 10.0
01-18 13:44:56.880 I/System.out(  706): Time difference in secs is: 200
01-18 13:44:57.881 I/System.out(  706): Values: 10.0
01-18 13:44:57.891 I/System.out(  706): Time difference in secs is: 200
01-18 13:44:58.882 I/System.out(  706): Values: 10.0
01-18 13:44:58.892 I/System.out(  706): Time difference in secs is: 200
01-18 13:44:59.883 I/System.out(  706): Values: 10.0
01-18 13:44:59.893 I/System.out(  706): Time difference in secs is: 200
01-18 13:45:00.884 I/System.out(  706): Values: 10.0
01-18 13:45:00.894 I/System.out(  706): Time difference in secs is: 200
01-18 13:45:01.885 I/System.out(  706): Values: 10.0
01-18 13:45:01.895 I/System.out(  706): Time difference in secs is: 200
01-18 13:45:02.886 I/System.out(  706): Values: 10.0
01-18 13:45:02.896 I/System.out(  706): Time difference in secs is: 200
01-18 13:45:03.887 I/System.out(  706): Values: 10.0
01-18 13:45:03.897 I/System.out(  706): Time difference in secs is: 200
01-18 13:45:04.898 I/System.out(  706): Values: 10.0
01-18 13:45:04.898 I/System.out(  706): Time difference in secs is: 200
01-18 13:45:05.889 I/System.out(  706): Values: 10.0
01-18 13:45:05.889 I/System.out(  706): Time difference in secs is: 200
01-18 13:45:06.890 I/System.out(  706): Values: 10.0
01-18 13:45:06.890 I/System.out(  706): Time difference in secs is: 200
01-18 13:45:07.891 I/System.out(  706): Values: 10.0
01-18 13:45:07.891 I/System.out(  706): Time difference in secs is: 200
01-18 13:45:08.892 I/System.out(  706): Values: 10.0
01-18 13:45:08.892 I/System.out(  706): Time difference in secs is: 200
01-18 13:45:09.893 I/System.out(  706): Values: 10.0
01-18 13:45:09.893 I/System.out(  706): Time difference in secs is: 200
01-18 13:45:10.894 I/System.out(  706): Values: 10.0
01-18 13:45:10.894 I/System.out(  706): Time difference in secs is: 200
01-18 13:45:11.895 I/System.out(  706): Values: 10.0
01-18 13:45:11.895 I/System.out(  706): Time difference in secs is: 200
01-18 13:45:12.896 I/System.out(  706): Values: 10.0
01-18 13:45:12.896 I/System.out(  706): Time difference in secs is: 200
01-18 13:45:13.897 I/System.out(  706): Values: 10.0
01-18 13:45:13.897 I/System.out(  706): Time difference in secs is: 200
01-18 13:45:14.898 I/System.out(  706): Values: 10.0
01-18 13:45:14.898 I/System.out(  706): Time difference in secs is: 200
01-18 13:45:15.889 I/System.out(  706): Values: 10.0
01-18 13:45:15.889 I/System.out(  706): Time difference in secs is: 200
01-18 13:45:16.890 I/System.out(  706): Values: 10.0
01-18 13:45:16.890 I/System.out(  706): Time difference in secs is: 200
01-18 13:45:17.891 I/System.out(  706): Values: 10.0
01-18 13:45:17.891 I/System.out(  706): Time difference in secs is: 200
01-18 13:45:18.892 I/System.out(  706): Values: 10.0
01-18 13:45:18.892 I/System.out(  706): Time difference in secs is: 200
01-18 13:45:19.893 I/System.out(  706): Values: 10.0
01-18 13:45:19.893 I/System.out(  706): Time difference in secs is: 200
01-18 13:45:20.894 I/System.out(  706): Values: 10.0
01-18 13:45:20.894 I/System.out(  706): Time difference in secs is: 200
01-18 13:45:21.895 I/System.out(  706): Values: 10.0
01-18 13:45:21.895 I/System.out(  706): Time difference in secs is: 200
01-18 13:45:22.896 I/System.out(  706): Values: 10.0
01-18 13:45:22.896 I/System.out(  706): Time difference in secs is: 200
01-18 13:45:23.897 I/System.out(  706): Values: 10.0
01-18 13:45:23.897 I/System.out(  706): Time difference in secs is: 200
01-18 13:45:24.898 I/System.out(  706): Values: 10.0
01-18 13:45:24.898 I/System.out(  706): Time difference in secs is: 200
01-18 13:45:25.899 I/System.out(  706): Values: 10.0
01-18 13:45:25.899 I/System.out(  706): Time difference in secs is: 200
01-18 13:45:26.890 I/System.out(  706): Values: 10.0
01-18 13:45:26.890 I/System.out(  706): Time difference in secs is: 200
01-18 13:45:27.901 I/System.out(  706): Values: 10.0
01-18 13:45:27.901 I/System.out(  706): Time difference in secs is: 200
01-18 13:45:28.892 I/System.out(  706): Values: 10.0
01-18 13:45:28.892 I/System.out(  706): Time difference in secs is: 200
01-18 13:45:29.893 I/System.out(  706): Values: 10.0
01-18 13:45:29.893 I/System.out(  706): Time difference in secs is: 200
01-18 13:45:30.894 I/System.out(  706): Values: 10.0
01-18 13:45:30.894 I/System.out(  706): Time difference in secs is: 200
01-18 13:45:31.895 I/System.out(  706): Values: 10.0
01-18 13:45:31.895 I/System.out(  706): Time difference in secs is: 200
01-18 13:45:32.896 I/System.out(  706): Values: 10.0
01-18 13:45:32.896 I/System.out(  706): Time difference in secs is: 200
01-18 13:45:33.897 I/System.out(  706): Values: 10.0
01-18 13:45:33.897 I/System.out(  706): Time difference in secs is: 200
01-18 13:45:34.898 I/System.out(  706): Values: 10.0
01-18 13:45:34.898 I/System.out(  706): Time difference in secs is: 200
01-18 13:45:35.899 I/System.out(  706): Values: 10.0
01-18 13:45:35.899 I/System.out(  706): Time difference in secs is: 200
01-18 13:45:36.900 I/System.out(  706): Values: 10.0
01-18 13:45:36.900 I/System.out(  706): Time difference in secs is: 200
01-18 13:45:37.890 I/System.out(  706): Values: 10.0
01-18 13:45:37.910 I/System.out(  706): Time difference in secs is: 200
01-18 13:45:37.971 D/dalvikvm(  706): GC_CONCURRENT freed 437K, 56% free 2559K/5703K, external 8K/519K, paused 7ms+3ms
01-18 13:45:38.891 I/System.out(  706): Values: 10.0
01-18 13:45:38.891 I/System.out(  706): Time difference in secs is: 200
01-18 13:45:39.892 I/System.out(  706): Values: 10.0
01-18 13:45:39.892 I/System.out(  706): Time difference in secs is: 200
01-18 13:45:40.893 I/System.out(  706): Values: 10.0
01-18 13:45:40.893 I/System.out(  706): Time difference in secs is: 200
01-18 13:45:41.894 I/System.out(  706): Values: 10.0
01-18 13:45:41.894 I/System.out(  706): Time difference in secs is: 200
01-18 13:45:42.895 I/System.out(  706): Values: 10.0
01-18 13:45:42.895 I/System.out(  706): Time difference in secs is: 200
01-18 13:45:43.896 I/System.out(  706): Values: 10.0
01-18 13:45:43.896 I/System.out(  706): Time difference in secs is: 200
01-18 13:45:44.897 I/System.out(  706): Values: 10.0
01-18 13:45:44.897 I/System.out(  706): Time difference in secs is: 200
01-18 13:45:45.898 I/System.out(  706): Values: 10.0
01-18 13:45:45.898 I/System.out(  706): Time difference in secs is: 200
01-18 13:45:46.899 I/System.out(  706): Values: 10.0
01-18 13:45:46.899 I/System.out(  706): Time difference in secs is: 200
01-18 13:45:47.900 I/System.out(  706): Values: 10.0
01-18 13:45:47.900 I/System.out(  706): Time difference in secs is: 200
01-18 13:45:48.891 I/System.out(  706): Values: 10.0
01-18 13:45:48.901 I/System.out(  706): Time difference in secs is: 200
01-18 13:45:49.892 I/System.out(  706): Values: 10.0
01-18 13:45:49.902 I/System.out(  706): Time difference in secs is: 200
01-18 13:45:50.893 I/System.out(  706): Values: 10.0
01-18 13:45:50.903 I/System.out(  706): Time difference in secs is: 200
01-18 13:45:51.894 I/System.out(  706): Values: 10.0
01-18 13:45:51.904 I/System.out(  706): Time difference in secs is: 200
01-18 13:45:52.895 I/System.out(  706): Values: 10.0
01-18 13:45:52.905 I/System.out(  706): Time difference in secs is: 200
01-18 13:45:53.896 I/System.out(  706): Values: 10.0
01-18 13:45:53.906 I/System.out(  706): Time difference in secs is: 200
01-18 13:45:54.897 I/System.out(  706): Values: 10.0
01-18 13:45:54.907 I/System.out(  706): Time difference in secs is: 200
01-18 13:45:55.898 I/System.out(  706): Values: 10.0
01-18 13:45:55.908 I/System.out(  706): Time difference in secs is: 200
01-18 13:45:56.889 I/System.out(  706): Values: 10.0
01-18 13:45:56.899 I/System.out(  706): Time difference in secs is: 200
01-18 13:45:57.390 D/dalvikvm(  164): GC_CONCURRENT freed 472K, 49% free 4779K/9223K, external 35K/547K, paused 14ms+4ms
01-18 13:45:57.900 I/System.out(  706): Values: 10.0
01-18 13:45:57.900 I/System.out(  706): Time difference in secs is: 200
01-18 13:45:58.901 I/System.out(  706): Values: 10.0
01-18 13:45:58.901 I/System.out(  706): Time difference in secs is: 200
01-18 13:45:59.902 I/System.out(  706): Values: 10.0
01-18 13:45:59.902 I/System.out(  706): Time difference in secs is: 200
01-18 13:46:00.903 I/System.out(  706): Values: 10.0
01-18 13:46:00.903 I/System.out(  706): Time difference in secs is: 200
01-18 13:46:01.904 I/System.out(  706): Values: 10.0
01-18 13:46:01.904 I/System.out(  706): Time difference in secs is: 200
01-18 13:46:02.905 I/System.out(  706): Values: 10.0
01-18 13:46:02.905 I/System.out(  706): Time difference in secs is: 200
01-18 13:46:03.906 I/System.out(  706): Values: 10.0
01-18 13:46:03.906 I/System.out(  706): Time difference in secs is: 200
01-18 13:46:04.907 I/System.out(  706): Values: 10.0
01-18 13:46:04.907 I/System.out(  706): Time difference in secs is: 200
01-18 13:46:05.908 I/System.out(  706): Values: 10.0
01-18 13:46:05.908 I/System.out(  706): Time difference in secs is: 200
01-18 13:46:06.909 I/System.out(  706): Values: 10.0
01-18 13:46:06.909 I/System.out(  706): Time difference in secs is: 200
01-18 13:46:07.900 I/System.out(  706): Values: 10.0
01-18 13:46:07.900 I/System.out(  706): Time difference in secs is: 200
01-18 13:46:08.901 I/System.out(  706): Values: 10.0
01-18 13:46:08.901 I/System.out(  706): Time difference in secs is: 200
01-18 13:46:09.902 I/System.out(  706): Values: 10.0
01-18 13:46:09.902 I/System.out(  706): Time difference in secs is: 200
01-18 13:46:10.903 I/System.out(  706): Values: 10.0
01-18 13:46:10.903 I/System.out(  706): Time difference in secs is: 200
01-18 13:46:11.904 I/System.out(  706): Values: 10.0
01-18 13:46:11.904 I/System.out(  706): Time difference in secs is: 200
01-18 13:46:12.905 I/System.out(  706): Values: 10.0
01-18 13:46:12.905 I/System.out(  706): Time difference in secs is: 200
01-18 13:46:13.906 I/System.out(  706): Values: 10.0
01-18 13:46:13.906 I/System.out(  706): Time difference in secs is: 200
01-18 13:46:14.907 I/System.out(  706): Values: 10.0
01-18 13:46:14.907 I/System.out(  706): Time difference in secs is: 200
01-18 13:46:15.908 I/System.out(  706): Values: 10.0
01-18 13:46:15.908 I/System.out(  706): Time difference in secs is: 200
01-18 13:46:16.909 I/System.out(  706): Values: 10.0
01-18 13:46:16.909 I/System.out(  706): Time difference in secs is: 200
01-18 13:46:17.910 I/System.out(  706): Values: 10.0
01-18 13:46:17.910 I/System.out(  706): Time difference in secs is: 200
01-18 13:46:18.910 I/System.out(  706): Values: 10.0
01-18 13:46:18.910 I/System.out(  706): Time difference in secs is: 200
01-18 13:46:19.911 I/System.out(  706): Values: 1280.0
01-18 13:46:19.911 I/System.out(  706): Time difference in secs is: 200
01-18 13:46:20.912 I/System.out(  706): Values: 10.0
01-18 13:46:20.912 I/System.out(  706): Time difference in secs is: 200
01-18 13:46:21.903 I/System.out(  706): Values: 10.0
01-18 13:46:21.903 I/System.out(  706): Time difference in secs is: 200
01-18 13:46:22.904 I/System.out(  706): Values: 10.0
01-18 13:46:22.904 I/System.out(  706): Time difference in secs is: 200
01-18 13:46:23.905 I/System.out(  706): Values: 10.0
01-18 13:46:23.905 I/System.out(  706): Time difference in secs is: 200
01-18 13:46:24.906 I/System.out(  706): Values: 10.0
01-18 13:46:24.906 I/System.out(  706): Time difference in secs is: 200
01-18 13:46:25.907 I/System.out(  706): Values: 10.0
01-18 13:46:25.907 I/System.out(  706): Time difference in secs is: 200
01-18 13:46:26.908 I/System.out(  706): Values: 10.0
01-18 13:46:26.918 I/System.out(  706): Time difference in secs is: 200
01-18 13:46:27.899 I/System.out(  706): Values: 10.0
01-18 13:46:27.909 I/System.out(  706): Time difference in secs is: 200
01-18 13:46:28.900 I/System.out(  706): Values: 10.0
01-18 13:46:28.910 I/System.out(  706): Time difference in secs is: 200
01-18 13:46:29.901 I/System.out(  706): Values: 10.0
01-18 13:46:29.911 I/System.out(  706): Time difference in secs is: 200
01-18 13:46:30.902 I/System.out(  706): Values: 10.0
01-18 13:46:30.912 I/System.out(  706): Time difference in secs is: 200
01-18 13:46:31.913 I/System.out(  706): Values: 10.0
01-18 13:46:31.913 I/System.out(  706): Time difference in secs is: 200
01-18 13:46:32.914 I/System.out(  706): Values: 225.0
01-18 13:46:32.914 I/System.out(  706): Time difference in secs is: 200
01-18 13:46:33.915 I/System.out(  706): Values: 225.0
01-18 13:46:33.915 I/System.out(  706): Time difference in secs is: 200
01-18 13:46:34.916 I/System.out(  706): Values: 225.0
01-18 13:46:34.916 I/System.out(  706): Time difference in secs is: 200
01-18 13:46:35.917 I/System.out(  706): Values: 225.0
01-18 13:46:35.917 I/System.out(  706): Time difference in secs is: 200
01-18 13:46:36.918 I/System.out(  706): Values: 225.0
01-18 13:46:36.918 I/System.out(  706): Time difference in secs is: 200
01-18 13:46:37.919 I/System.out(  706): Values: 225.0
01-18 13:46:37.919 I/System.out(  706): Time difference in secs is: 200
01-18 13:46:38.920 I/System.out(  706): Values: 225.0
01-18 13:46:38.920 I/System.out(  706): Time difference in secs is: 200
01-18 13:46:39.921 I/System.out(  706): Values: 225.0
01-18 13:46:39.921 I/System.out(  706): Time difference in secs is: 200
01-18 13:46:40.922 I/System.out(  706): Values: 225.0
01-18 13:46:40.922 I/System.out(  706): Time difference in secs is: 200
01-18 13:46:41.913 I/System.out(  706): Values: 225.0
01-18 13:46:41.913 I/System.out(  706): Time difference in secs is: 200
01-18 13:46:42.914 I/System.out(  706): Values: 225.0
01-18 13:46:42.914 I/System.out(  706): Time difference in secs is: 200
01-18 13:46:43.915 I/System.out(  706): Values: 225.0
01-18 13:46:43.915 I/System.out(  706): Time difference in secs is: 200
01-18 13:46:44.916 I/System.out(  706): Values: 225.0
01-18 13:46:44.916 I/System.out(  706): Time difference in secs is: 200
01-18 13:46:45.917 I/System.out(  706): Values: 225.0
01-18 13:46:45.917 I/System.out(  706): Time difference in secs is: 200
01-18 13:46:46.918 I/System.out(  706): Values: 10.0
01-18 13:46:46.918 I/System.out(  706): Time difference in secs is: 200
01-18 13:46:47.919 I/System.out(  706): Values: 10.0
01-18 13:46:47.919 I/System.out(  706): Time difference in secs is: 200
01-18 13:46:48.920 I/System.out(  706): Values: 10.0
01-18 13:46:48.920 I/System.out(  706): Time difference in secs is: 200
01-18 13:46:49.911 I/System.out(  706): Values: 10.0
01-18 13:46:49.921 I/System.out(  706): Time difference in secs is: 200
01-18 13:46:50.912 I/System.out(  706): Values: 10.0
01-18 13:46:50.922 I/System.out(  706): Time difference in secs is: 200
01-18 13:46:51.923 I/System.out(  706): Values: 225.0
01-18 13:46:51.923 I/System.out(  706): Time difference in secs is: 200
01-18 13:46:52.924 I/System.out(  706): Values: 10.0
01-18 13:46:52.924 I/System.out(  706): Time difference in secs is: 200
01-18 13:46:53.915 I/System.out(  706): Values: 10.0
01-18 13:46:53.925 I/System.out(  706): Time difference in secs is: 200
01-18 13:46:54.916 I/System.out(  706): Values: 10.0
01-18 13:46:54.926 I/System.out(  706): Time difference in secs is: 200
01-18 13:46:55.526 D/SntpClient(  164): request time failed: java.net.UnknownHostException: europe.pool.ntp.org
01-18 13:46:55.566 D/SntpClient(  164): request time failed: java.net.UnknownHostException: europe.pool.ntp.org
01-18 13:46:55.566 D/SntpClient(  164): request time failed: java.net.UnknownHostException: europe.pool.ntp.org
01-18 13:46:55.857 I/EventLogService(  319): Aggregate from 1390051015797 (log), 1390051015797 (data)
01-18 13:46:55.917 I/System.out(  706): Values: 10.0
01-18 13:46:55.927 I/System.out(  706): Time difference in secs is: 200
01-18 13:46:56.918 I/System.out(  706): Values: 10.0
01-18 13:46:56.928 I/System.out(  706): Time difference in secs is: 200
01-18 13:46:57.919 I/System.out(  706): Values: 10.0
01-18 13:46:57.929 I/System.out(  706): Time difference in secs is: 200
01-18 13:46:58.689 D/SettingsAppWidgetProvider(  608): Widget is from a previous version... Let's update
01-18 13:46:58.689 D/SettingsAppWidgetProvider(  608): No instances yet... Wait for at least one instance to exist before adding global settings
01-18 13:46:58.920 I/System.out(  706): Values: 10.0
01-18 13:46:58.920 I/System.out(  706): Time difference in secs is: 200
01-18 13:46:59.810 W/Vold    (  111): Ignoring unknown switch 'usb_connected'
01-18 13:46:59.810 I/WindowManager(  164): Setting rotation to 3, animFlags=0
01-18 13:46:59.830 I/ActivityManager(  164): Config changed: { scale=1.0 imsi=0/0 loc=en_GB touch=3 keys=1/1/2 nav=3/1 orien=2 layout=34 uiMode=17 seq=3 themeResource=null}
01-18 13:46:59.910 I/System.out(  706): Values: 10.0
01-18 13:46:59.931 D/Vold    (  111): USB connected
01-18 13:46:59.931 I/System.out(  706): Time difference in secs is: 200
01-18 13:46:59.931 D/Vold    (  111): Share method ums now available
01-18 13:46:59.951 D/szipinf (  164): Initializing inflate state
01-18 13:47:00.031 D/szipinf (  164): Initializing inflate state
01-18 13:47:00.041 D/szipinf (  164): Initializing inflate state
01-18 13:47:00.051 D/szipinf (  164): Initializing inflate state
01-18 13:47:00.071 D/szipinf (  164): Initializing inflate state
01-18 13:47:00.161 I/PowerWidget(  235): Clearing any old widget stuffs
01-18 13:47:00.181 W/ApplicationContext(  164): Unable to create files directory
01-18 13:47:00.181 D/WriteApps(  164): Error: java.lang.NullPointerException
01-18 13:47:00.181 I/PowerWidget(  235): Setting up widget
01-18 13:47:00.181 I/PowerWidget(  235): Default buttons being loaded
01-18 13:47:00.181 I/PowerWidget(  235): Button list: toggleWifi|toggleBluetooth|toggleGPS|toggleSound
01-18 13:47:00.181 I/PowerWidget(  235): Setting up button: toggleWifi
01-18 13:47:00.191 D/Tethering(  164): sendTetherStateChangedBroadcast 1, 0, 0
01-18 13:47:00.191 D/Tethering(  164): interfaceAdded :usb0
01-18 13:47:00.191 I/PowerWidget(  235): Setting up button: toggleBluetooth
01-18 13:47:00.191 V/NotificationService(  164): Active profile: Default
01-18 13:47:00.191 I/PROFILE (  164): Group: Gmail containing : android : false
01-18 13:47:00.191 I/PROFILE (  164): Group: Phone containing : android : false
01-18 13:47:00.191 I/PROFILE (  164): Group: Calendar containing : android : false
01-18 13:47:00.191 I/PROFILE (  164): Group: Email containing : android : false
01-18 13:47:00.191 I/PROFILE (  164): Group: SMS containing : android : false
01-18 13:47:00.191 V/ProfileManager(  164): No active group, returning default: Other
01-18 13:47:00.191 V/NotificationService(  164): Pkg: android group: Other
01-18 13:47:00.201 I/PowerWidget(  235): Setting up button: toggleGPS
01-18 13:47:00.211 I/PowerWidget(  235): Setting up button: toggleSound
01-18 13:47:00.241 I/StorageNotification(  235): UMS connection changed to true (media state mounted)
01-18 13:47:00.251 V/NotificationService(  164): Active profile: Default
01-18 13:47:00.251 I/PROFILE (  164): Group: Gmail containing : com.android.systemui : false
01-18 13:47:00.251 I/PROFILE (  164): Group: Phone containing : com.android.systemui : false
01-18 13:47:00.251 I/PROFILE (  164): Group: Calendar containing : com.android.systemui : false
01-18 13:47:00.251 I/PROFILE (  164): Group: Email containing : com.android.systemui : false
01-18 13:47:00.251 I/PROFILE (  164): Group: SMS containing : com.android.systemui : false
01-18 13:47:00.251 V/ProfileManager(  164): No active group, returning default: Other
01-18 13:47:00.251 V/NotificationService(  164): Pkg: com.android.systemui group: Other
01-18 13:47:00.351 I/ActivityManager(  164): Start proc com.android.protips for broadcast com.android.protips/.ProtipWidget: pid=738 uid=10048 gids={}
01-18 13:47:00.451 D/dalvikvm(  235): GC_CONCURRENT freed 403K, 52% free 2878K/5959K, external 899K/993K, paused 2ms+16ms
01-18 13:47:00.561 D/dalvikvm(  235): GC_EXTERNAL_ALLOC freed 50K, 53% free 2827K/5959K, external 898K/993K, paused 99ms
01-18 13:47:00.601 I/ActivityManager(  164): No longer want com.cyanogenmod.cmparts (pid 534): hidden #16
01-18 13:47:00.831 D/dalvikvm(  164): GC_CONCURRENT freed 432K, 48% free 4806K/9223K, external 35K/547K, paused 3ms+7ms
01-18 13:47:00.911 I/System.out(  706): Values: 10.0
01-18 13:47:00.921 I/System.out(  706): Time difference in secs is: 200
01-18 13:47:01.122 I/System.out(  706): Values: 0.0
01-18 13:47:01.912 I/System.out(  706): Values: 10.0
01-18 13:47:01.922 I/System.out(  706): Time difference in secs is: 200
01-18 13:47:02.123 I/System.out(  706): Values: 0.0
01-18 13:47:02.293 D/dalvikvm(  164): GC_EXPLICIT freed 58K, 49% free 4776K/9223K, external 35K/547K, paused 80ms
01-18 13:47:02.923 I/System.out(  706): Values: 10.0
01-18 13:47:02.923 I/System.out(  706): Time difference in secs is: 200
01-18 13:47:03.124 I/System.out(  706): Values: 0.0
01-18 13:47:03.914 I/System.out(  706): Values: 10.0
01-18 13:47:03.924 I/System.out(  706): Time difference in secs is: 200
01-18 13:47:04.125 I/System.out(  706): Values: 0.0
01-18 13:47:04.925 I/System.out(  706): Values: 10.0
01-18 13:47:04.925 I/System.out(  706): Time difference in secs is: 200
01-18 13:47:05.116 I/System.out(  706): Values: 0.0
01-18 13:47:05.656 D/dalvikvm(  515): GC_EXPLICIT freed 77K, 55% free 2549K/5639K, external 0K/0K, paused 56ms
01-18 13:47:05.916 I/System.out(  706): Values: 10.0
01-18 13:47:05.926 I/System.out(  706): Time difference in secs is: 200
01-18 13:47:06.127 I/System.out(  706): Values: 0.0
01-18 13:47:06.927 I/System.out(  706): Values: 10.0
01-18 13:47:06.927 I/System.out(  706): Time difference in secs is: 200
01-18 13:47:07.128 I/System.out(  706): Values: 0.0
01-18 13:47:07.918 I/System.out(  706): Values: 10.0
01-18 13:47:07.928 I/System.out(  706): Time difference in secs is: 200
01-18 13:47:08.129 I/System.out(  706): Values: 0.0
01-18 13:47:08.929 I/System.out(  706): Values: 10.0
01-18 13:47:08.929 I/System.out(  706): Time difference in secs is: 200
01-18 13:47:09.119 I/System.out(  706): Values: 0.0
01-18 13:47:09.920 I/System.out(  706): Values: 10.0
01-18 13:47:09.920 I/System.out(  706): Time difference in secs is: 200
01-18 13:47:10.120 I/System.out(  706): Values: 0.0
01-18 13:47:10.671 D/dalvikvm(  608): GC_EXPLICIT freed 12K, 54% free 2637K/5639K, external 0K/0K, paused 63ms
01-18 13:47:10.921 I/System.out(  706): Values: 10.0
01-18 13:47:10.921 I/System.out(  706): Time difference in secs is: 200
01-18 13:47:11.121 I/System.out(  706): Values: 0.0
01-18 13:47:11.922 I/System.out(  706): Values: 10.0
01-18 13:47:11.922 I/System.out(  706): Time difference in secs is: 200
01-18 13:47:12.122 I/System.out(  706): Values: 0.0
01-18 13:47:12.923 I/System.out(  706): Values: 10.0
01-18 13:47:12.923 I/System.out(  706): Time difference in secs is: 200
01-18 13:47:13.123 I/System.out(  706): Values: 0.0
01-18 13:47:13.924 I/System.out(  706): Values: 10.0
01-18 13:47:13.924 I/System.out(  706): Time difference in secs is: 200
01-18 13:47:14.124 I/System.out(  706): Values: 0.0
01-18 13:47:14.925 I/System.out(  706): Values: 10.0
01-18 13:47:14.925 I/System.out(  706): Time difference in secs is: 200
01-18 13:47:15.125 I/System.out(  706): Values: 0.0
01-18 13:47:15.676 D/dalvikvm(  503): GC_EXPLICIT freed 12K, 56% free 2569K/5767K, external 0K/0K, paused 57ms
01-18 13:47:15.926 I/System.out(  706): Values: 10.0
01-18 13:47:15.926 I/System.out(  706): Time difference in secs is: 200
01-18 13:47:16.126 I/System.out(  706): Values: 0.0
01-18 13:47:16.927 I/System.out(  706): Values: 10.0
01-18 13:47:16.927 I/System.out(  706): Time difference in secs is: 200
01-18 13:47:17.127 I/System.out(  706): Values: 0.0
01-18 13:47:17.928 I/System.out(  706): Values: 10.0
01-18 13:47:17.928 I/System.out(  706): Time difference in secs is: 200
01-18 13:47:18.128 I/System.out(  706): Values: 0.0
01-18 13:47:18.929 I/System.out(  706): Values: 10.0
01-18 13:47:18.929 I/System.out(  706): Time difference in secs is: 200
01-18 13:47:19.129 I/System.out(  706): Values: 0.0
01-18 13:47:19.920 I/System.out(  706): Values: 10.0
01-18 13:47:19.920 I/System.out(  706): Time difference in secs is: 200
01-18 13:47:20.130 I/System.out(  706): Values: 0.0
01-18 13:47:20.931 I/System.out(  706): Values: 10.0
01-18 13:47:20.931 I/System.out(  706): Time difference in secs is: 200
01-18 13:47:21.131 I/System.out(  706): Values: 0.0
01-18 13:47:21.582 I/WindowManager(  164): Setting rotation to 0, animFlags=0
01-18 13:47:21.602 I/ActivityManager(  164): Config changed: { scale=1.0 imsi=0/0 loc=en_GB touch=3 keys=1/1/2 nav=3/1 orien=1 layout=34 uiMode=17 seq=4 themeResource=null}
01-18 13:47:21.752 I/PowerWidget(  235): Clearing any old widget stuffs
01-18 13:47:21.752 I/PowerWidget(  235): Setting up widget
01-18 13:47:21.752 I/PowerWidget(  235): Default buttons being loaded
01-18 13:47:21.752 I/PowerWidget(  235): Button list: toggleWifi|toggleBluetooth|toggleGPS|toggleSound
01-18 13:47:21.752 I/PowerWidget(  235): Setting up button: toggleWifi
01-18 13:47:21.762 I/PowerWidget(  235): Setting up button: toggleBluetooth
01-18 13:47:21.762 I/PowerWidget(  235): Setting up button: toggleGPS
01-18 13:47:21.762 I/PowerWidget(  235): Setting up button: toggleSound
01-18 13:47:21.932 I/System.out(  706): Values: 10.0
01-18 13:47:21.932 I/System.out(  706): Time difference in secs is: 200
01-18 13:47:22.122 I/System.out(  706): Values: 0.0
01-18 13:47:22.693 I/System.out(  706): Values: 0.0
01-18 13:47:22.933 I/System.out(  706): Values: 10.0
01-18 13:47:22.933 I/System.out(  706): Time difference in secs is: 200
01-18 13:47:23.123 I/System.out(  706): Values: 0.0
01-18 13:47:23.694 I/System.out(  706): Values: 0.0
01-18 13:47:23.854 D/dalvikvm(  164): GC_EXPLICIT freed 67K, 49% free 4772K/9223K, external 35K/547K, paused 99ms
01-18 13:47:23.924 I/System.out(  706): Values: 10.0
01-18 13:47:23.924 I/System.out(  706): Time difference in secs is: 200
01-18 13:47:24.124 I/System.out(  706): Values: 0.0
01-18 13:47:24.695 I/System.out(  706): Values: 0.0
01-18 13:47:24.925 I/System.out(  706): Values: 10.0
01-18 13:47:24.925 I/System.out(  706): Time difference in secs is: 200
01-18 13:47:25.125 I/System.out(  706): Values: 0.0
01-18 13:47:25.686 I/System.out(  706): Values: 0.0
01-18 13:47:25.926 I/System.out(  706): Values: 10.0
01-18 13:47:25.926 I/System.out(  706): Time difference in secs is: 200
01-18 13:47:26.126 I/System.out(  706): Values: 0.0
01-18 13:47:26.186 D/dalvikvm(  706): GC_CONCURRENT freed 416K, 55% free 2580K/5703K, external 8K/519K, paused 8ms+2ms
01-18 13:47:26.687 I/System.out(  706): Values: 0.0
01-18 13:47:26.927 I/System.out(  706): Values: 10.0
01-18 13:47:26.927 I/System.out(  706): Time difference in secs is: 200
01-18 13:47:27.127 I/System.out(  706): Values: 0.0
01-18 13:47:27.688 I/System.out(  706): Values: 0.0
01-18 13:47:27.928 I/System.out(  706): Values: 10.0
01-18 13:47:27.928 I/System.out(  706): Time difference in secs is: 200
01-18 13:47:28.128 I/System.out(  706): Values: 0.0
01-18 13:47:28.689 I/System.out(  706): Values: 0.0
01-18 13:47:28.929 I/System.out(  706): Values: 10.0
01-18 13:47:28.929 I/System.out(  706): Time difference in secs is: 200
01-18 13:47:29.129 I/System.out(  706): Values: 0.0
01-18 13:47:29.690 I/System.out(  706): Values: 0.0
01-18 13:47:29.930 I/System.out(  706): Values: 10.0
01-18 13:47:29.930 I/System.out(  706): Time difference in secs is: 200
01-18 13:47:30.130 I/System.out(  706): Values: 0.0
01-18 13:47:30.691 I/System.out(  706): Values: 0.0
01-18 13:47:30.931 I/System.out(  706): Values: 10.0
01-18 13:47:30.931 I/System.out(  706): Time difference in secs is: 200
01-18 13:47:31.131 I/System.out(  706): Values: 0.0
01-18 13:47:31.692 I/System.out(  706): Values: 0.0
01-18 13:47:31.932 I/System.out(  706): Values: 10.0
01-18 13:47:31.932 I/System.out(  706): Time difference in secs is: 200
01-18 13:47:32.132 I/System.out(  706): Values: 0.0
01-18 13:47:32.682 I/System.out(  706): Values: 0.0
01-18 13:47:32.933 I/System.out(  706): Values: 10.0
01-18 13:47:32.933 I/System.out(  706): Time difference in secs is: 200
01-18 13:47:33.133 I/System.out(  706): Values: 0.0
01-18 13:47:33.693 I/System.out(  706): Values: 0.0
01-18 13:47:33.934 I/System.out(  706): Values: 10.0
01-18 13:47:33.934 I/System.out(  706): Time difference in secs is: 200
01-18 13:47:34.124 I/System.out(  706): Values: 0.0
01-18 13:47:34.694 I/System.out(  706): Values: 0.0
01-18 13:47:34.935 I/System.out(  706): Values: 10.0
01-18 13:47:34.935 I/System.out(  706): Time difference in secs is: 200
01-18 13:47:35.125 I/System.out(  706): Values: 0.0
01-18 13:47:35.695 I/System.out(  706): Values: 0.0
01-18 13:47:35.936 I/System.out(  706): Values: 10.0
01-18 13:47:35.936 I/System.out(  706): Time difference in secs is: 200
01-18 13:47:36.126 I/System.out(  706): Values: 0.0
