--------- beginning of /dev/log/main
01-16 15:47:17.523 D/dalvikvm(  238): Debugger has detached; object registry had 1 entries
01-16 15:47:17.523 D/dalvikvm(  169): Debugger has detached; object registry had 1 entries
01-16 15:47:17.523 D/dalvikvm(  504): Debugger has detached; object registry had 1 entries
01-16 15:47:17.523 D/dalvikvm(  283): Debugger has detached; object registry had 1 entries
01-16 15:47:17.523 D/dalvikvm(  255): Debugger has detached; object registry had 1 entries
--------- beginning of /dev/log/system
01-16 15:47:17.523 W/Vold    (  111): Ignoring unknown switch 'usb_connected'
01-16 15:47:17.523 D/Vold    (  111): USB disconnected
01-16 15:47:17.523 D/Vold    (  111): Share method ums now unavailable
01-16 15:47:17.543 D/dalvikvm(  256): Debugger has detached; object registry had 1 entries
01-16 15:47:17.543 D/dalvikvm(  262): Debugger has detached; object registry had 1 entries
01-16 15:47:17.543 D/dalvikvm(  321): Debugger has detached; object registry had 1 entries
01-16 15:47:17.543 I/StorageNotification(  238): UMS connection changed to false (media state mounted)
01-16 15:47:17.563 W/Vold    (  111): Ignoring unknown switch 'usb_connected'
01-16 15:47:17.573 D/Vold    (  111): USB connected
01-16 15:47:17.573 D/Vold    (  111): Share method ums now available
01-16 15:47:17.603 W/ApplicationContext(  169): Unable to create files directory
01-16 15:47:17.603 D/WriteApps(  169): Error: java.lang.NullPointerException
01-16 15:47:17.613 E/Tethering(  169): active iface (usb0) reported as added, ignoring
01-16 15:47:17.623 V/NotificationService(  169): Active profile: Default
01-16 15:47:17.623 I/PROFILE (  169): Group: Gmail containing : android : false
01-16 15:47:17.623 I/PROFILE (  169): Group: Phone containing : android : false
01-16 15:47:17.623 I/PROFILE (  169): Group: Calendar containing : android : false
01-16 15:47:17.623 I/PROFILE (  169): Group: Email containing : android : false
01-16 15:47:17.623 I/PROFILE (  169): Group: SMS containing : android : false
01-16 15:47:17.623 V/ProfileManager(  169): No active group, returning default: Other
01-16 15:47:17.623 V/NotificationService(  169): Pkg: android group: Other
01-16 15:47:17.633 D/dalvikvm(  512): Debugger has detached; object registry had 1 entries
01-16 15:47:17.633 I/StorageNotification(  238): UMS connection changed to true (media state mounted)
01-16 15:47:17.643 V/NotificationService(  169): Active profile: Default
01-16 15:47:17.643 I/PROFILE (  169): Group: Gmail containing : com.android.systemui : false
01-16 15:47:17.643 I/PROFILE (  169): Group: Phone containing : com.android.systemui : false
01-16 15:47:17.643 I/PROFILE (  169): Group: Calendar containing : com.android.systemui : false
01-16 15:47:17.643 I/PROFILE (  169): Group: Email containing : com.android.systemui : false
01-16 15:47:17.643 I/PROFILE (  169): Group: SMS containing : com.android.systemui : false
01-16 15:47:17.643 V/ProfileManager(  169): No active group, returning default: Other
01-16 15:47:17.643 V/NotificationService(  169): Pkg: com.android.systemui group: Other
01-16 15:47:17.653 D/dalvikvm(  470): Debugger has detached; object registry had 1 entries
01-16 15:47:17.673 D/dalvikvm(  380): Debugger has detached; object registry had 1 entries
01-16 15:47:17.673 D/dalvikvm(  401): Debugger has detached; object registry had 1 entries
01-16 15:47:17.683 D/dalvikvm(  522): Debugger has detached; object registry had 1 entries
01-16 15:47:17.693 D/dalvikvm(  552): Debugger has detached; object registry had 1 entries
01-16 15:47:17.703 D/dalvikvm(  493): Debugger has detached; object registry had 1 entries
01-16 15:47:17.713 D/dalvikvm(  533): Debugger has detached; object registry had 1 entries
01-16 15:47:17.713 D/dalvikvm(  592): Debugger has detached; object registry had 1 entries
01-16 15:47:17.713 D/dalvikvm(  459): Debugger has detached; object registry had 1 entries
01-16 15:47:17.713 D/dalvikvm(  562): Debugger has detached; object registry had 1 entries
01-16 15:47:17.713 D/dalvikvm(  572): Debugger has detached; object registry had 1 entries
01-16 15:47:17.713 D/dalvikvm(  450): Debugger has detached; object registry had 1 entries
01-16 15:47:17.713 D/dalvikvm(  544): Debugger has detached; object registry had 1 entries
01-16 15:47:38.103 W/Vold    (  111): Ignoring unknown switch 'usb_connected'
01-16 15:47:38.103 D/Vold    (  111): USB disconnected
01-16 15:47:38.103 D/Vold    (  111): Share method ums now unavailable
01-16 15:47:38.123 I/StorageNotification(  238): UMS connection changed to false (media state mounted)
01-16 15:47:38.884 W/Vold    (  111): Ignoring unknown switch 'usb_connected'
01-16 15:47:38.924 D/Vold    (  111): USB connected
01-16 15:47:38.924 D/Vold    (  111): Share method ums now available
01-16 15:47:38.924 I/StorageNotification(  238): UMS connection changed to true (media state mounted)
01-16 15:47:38.954 V/NotificationService(  169): Active profile: Default
01-16 15:47:38.954 I/PROFILE (  169): Group: Gmail containing : com.android.systemui : false
01-16 15:47:38.954 I/PROFILE (  169): Group: Phone containing : com.android.systemui : false
01-16 15:47:38.954 I/PROFILE (  169): Group: Calendar containing : com.android.systemui : false
01-16 15:47:38.954 I/PROFILE (  169): Group: Email containing : com.android.systemui : false
01-16 15:47:38.964 I/PROFILE (  169): Group: SMS containing : com.android.systemui : false
01-16 15:47:38.964 V/ProfileManager(  169): No active group, returning default: Other
01-16 15:47:38.964 V/NotificationService(  169): Pkg: com.android.systemui group: Other
01-16 15:47:38.984 I/dalvikvm(  169): Jit: resizing JitTable from 4096 to 8192
01-16 15:47:38.984 W/ApplicationContext(  169): Unable to create files directory
01-16 15:47:38.994 D/WriteApps(  169): Error: java.lang.NullPointerException
01-16 15:47:38.994 E/Tethering(  169): active iface (usb0) reported as added, ignoring
01-16 15:47:38.994 V/NotificationService(  169): Active profile: Default
01-16 15:47:39.004 I/PROFILE (  169): Group: Gmail containing : android : false
01-16 15:47:39.004 I/PROFILE (  169): Group: Phone containing : android : false
01-16 15:47:39.004 I/PROFILE (  169): Group: Calendar containing : android : false
01-16 15:47:39.004 I/PROFILE (  169): Group: Email containing : android : false
01-16 15:47:39.004 I/PROFILE (  169): Group: SMS containing : android : false
01-16 15:47:39.004 V/ProfileManager(  169): No active group, returning default: Other
01-16 15:47:39.004 V/NotificationService(  169): Pkg: android group: Other
01-16 15:47:39.084 D/dalvikvm(  238): GC_CONCURRENT freed 467K, 53% free 2888K/6023K, external 907K/993K, paused 2ms+10ms
01-16 15:48:03.127 D/AndroidRuntime(  629): 
01-16 15:48:03.127 D/AndroidRuntime(  629): >>>>>> AndroidRuntime START com.android.internal.os.RuntimeInit <<<<<<
01-16 15:48:03.127 I/AndroidRuntime(  629): Heap size: -Xmx32m
01-16 15:48:03.127 D/AndroidRuntime(  629): CheckJNI is OFF
01-16 15:48:03.127 D/dalvikvm(  629): creating instr width table
01-16 15:48:03.348 D/AndroidRuntime(  629): Calling main entry com.android.commands.pm.Pm
01-16 15:48:03.368 I/ActivityManager(  169): Start proc com.android.defcontainer for service com.android.defcontainer/.DefaultContainerService: pid=637 uid=10030 gids={1015, 2001}
01-16 15:48:03.408 D/dalvikvm(  637): Debugger has detached; object registry had 1 entries
01-16 15:48:03.508 D/dalvikvm(  637): GC_EXPLICIT freed 323K, 55% free 2509K/5511K, external 0K/0K, paused 32ms
01-16 15:48:04.199 W/ActivityManager(  169): No content provider found for: 
01-16 15:48:04.339 W/ActivityManager(  169): No content provider found for: 
01-16 15:48:04.359 I/ActivityManager(  169): No longer want com.android.deskclock (pid 450): hidden #16
01-16 15:48:04.379 D/PackageParser(  169): Scanning package: /data/app/vmdl-639882735.tmp
01-16 15:48:04.539 D/dalvikvm(  169): GC_CONCURRENT freed 1116K, 47% free 4887K/9159K, external 3032K/3183K, paused 3ms+5ms
01-16 15:48:04.629 I/PackageManager(  169): Removing non-system package:uk.ac.st_andrews.cs.host.mk74.energymeasurement.magneticField
01-16 15:48:04.629 I/ActivityManager(  169): Force stopping package uk.ac.st_andrews.cs.host.mk74.energymeasurement.magneticField uid=10062
01-16 15:48:04.729 D/PackageManager(  169): Scanning package uk.ac.st_andrews.cs.host.mk74.energymeasurement.magneticField
01-16 15:48:04.729 I/PackageManager(  169): Package uk.ac.st_andrews.cs.host.mk74.energymeasurement.magneticField codePath changed from /data/app/uk.ac.st_andrews.cs.host.mk74.energymeasurement.magneticField-1.apk to /data/app/uk.ac.st_andrews.cs.host.mk74.energymeasurement.magneticField-2.apk; Retaining data and using new
01-16 15:48:04.729 I/PackageManager(  169): Unpacking native libraries for /data/app/uk.ac.st_andrews.cs.host.mk74.energymeasurement.magneticField-2.apk
01-16 15:48:04.739 D/installd(  118): DexInv: --- BEGIN '/data/app/uk.ac.st_andrews.cs.host.mk74.energymeasurement.magneticField-2.apk' ---
01-16 15:48:05.029 D/dalvikvm(  646): creating instr width table
01-16 15:48:05.420 D/dalvikvm(  646): DexOpt: load 42ms, verify+opt 266ms
01-16 15:48:05.530 D/installd(  118): DexInv: --- END '/data/app/uk.ac.st_andrews.cs.host.mk74.energymeasurement.magneticField-2.apk' (success) ---
01-16 15:48:05.530 I/ActivityManager(  169): Force stopping package uk.ac.st_andrews.cs.host.mk74.energymeasurement.magneticField uid=10062
01-16 15:48:05.540 W/PackageManager(  169): Code path for pkg : uk.ac.st_andrews.cs.host.mk74.energymeasurement.magneticField changing from /data/app/uk.ac.st_andrews.cs.host.mk74.energymeasurement.magneticField-1.apk to /data/app/uk.ac.st_andrews.cs.host.mk74.energymeasurement.magneticField-2.apk
01-16 15:48:05.540 D/PackageManager(  169):   Activities: uk.ac.st_andrews.cs.host.mk74.energymeasurement.magneticField.MainActivity
01-16 15:48:05.540 W/PackageManager(  169): Resource path for pkg : uk.ac.st_andrews.cs.host.mk74.energymeasurement.magneticField changing from /data/app/uk.ac.st_andrews.cs.host.mk74.energymeasurement.magneticField-1.apk to /data/app/uk.ac.st_andrews.cs.host.mk74.energymeasurement.magneticField-2.apk
01-16 15:48:05.680 I/installd(  118): move /data/dalvik-cache/data@app@uk.ac.st_andrews.cs.host.mk74.energymeasurement.magneticField-2.apk@classes.dex -> /data/dalvik-cache/data@app@uk.ac.st_andrews.cs.host.mk74.energymeasurement.magneticField-2.apk@classes.dex
01-16 15:48:05.680 D/PackageManager(  169): New package installed in /data/app/uk.ac.st_andrews.cs.host.mk74.energymeasurement.magneticField-2.apk
01-16 15:48:05.770 I/ActivityManager(  169): Force stopping package uk.ac.st_andrews.cs.host.mk74.energymeasurement.magneticField uid=10062
01-16 15:48:05.850 D/dalvikvm(  283): GC_EXPLICIT freed 131K, 51% free 2999K/6087K, external 3405K/4252K, paused 69ms
01-16 15:48:05.880 D/HomeLoaders(  283): application intent received: android.intent.action.PACKAGE_REMOVED, replacing=true
01-16 15:48:05.880 D/HomeLoaders(  283):   --> package:uk.ac.st_andrews.cs.host.mk74.energymeasurement.magneticField
01-16 15:48:05.900 D/szipinf (  169): Initializing inflate state
01-16 15:48:05.920 D/szipinf (  169): Initializing inflate state
01-16 15:48:05.940 D/dalvikvm(  493): GC_EXPLICIT freed 153K, 59% free 2945K/7047K, external 0K/0K, paused 85ms
01-16 15:48:05.950 D/HomeLoaders(  283): application intent received: android.intent.action.PACKAGE_ADDED, replacing=true
01-16 15:48:05.950 D/HomeLoaders(  283):   --> package:uk.ac.st_andrews.cs.host.mk74.energymeasurement.magneticField
01-16 15:48:05.950 D/HomeLoaders(  283):   --> update package uk.ac.st_andrews.cs.host.mk74.energymeasurement.magneticField
01-16 15:48:05.960 I/ActivityManager(  169): Start proc com.android.vending for broadcast com.android.vending/com.google.android.finsky.receivers.PersistentPackageMonitorReceiver: pid=647 uid=10029 gids={3003, 1015}
01-16 15:48:05.970 D/szipinf (  169): Initializing inflate state
01-16 15:48:06.100 D/dalvikvm(  169): GC_EXPLICIT freed 568K, 47% free 4860K/9159K, external 35K/547K, paused 115ms
01-16 15:48:06.130 W/RecognitionManagerService(  169): no available voice recognition services found
01-16 15:48:06.210 D/szipinf (  169): Initializing inflate state
01-16 15:48:06.261 D/szipinf (  169): Initializing inflate state
01-16 15:48:06.281 I/installd(  118): unlink /data/dalvik-cache/data@app@uk.ac.st_andrews.cs.host.mk74.energymeasurement.magneticField-1.apk@classes.dex
01-16 15:48:06.321 D/dalvikvm(  647): GC_CONCURRENT freed 411K, 55% free 2593K/5639K, external 0K/0K, paused 3ms+18ms
01-16 15:48:06.331 D/AndroidRuntime(  629): Shutting down VM
01-16 15:48:06.341 I/AndroidRuntime(  629): NOTE: attach of thread 'Binder Thread #3' failed
01-16 15:48:06.341 D/dalvikvm(  629): GC_CONCURRENT freed 102K, 71% free 299K/1024K, external 0K/0K, paused 1ms+4ms
01-16 15:48:06.351 D/jdwp    (  629): Got wake-up signal, bailing out of select
01-16 15:48:06.351 D/dalvikvm(  629): Debugger has detached; object registry had 1 entries
01-16 15:48:06.351 D/szipinf (  169): Initializing inflate state
01-16 15:48:06.381 D/szipinf (  169): Initializing inflate state
01-16 15:48:06.421 I/ActivityThread(  647): Pub com.google.android.finsky.RecentSuggestionsProvider: com.google.android.finsky.providers.RecentSuggestionsProvider
01-16 15:48:06.671 D/dalvikvm(  647): GC_CONCURRENT freed 295K, 52% free 2777K/5767K, external 0K/0K, paused 3ms+22ms
01-16 15:48:06.751 D/Finsky  (  647): [1] SanityChecker.run: # LocalAssets corrected : 0
01-16 15:48:06.751 D/Finsky  (  647): Sanity check took : 15 ms
01-16 15:48:06.761 D/AndroidRuntime(  665): 
01-16 15:48:06.761 D/AndroidRuntime(  665): >>>>>> AndroidRuntime START com.android.internal.os.RuntimeInit <<<<<<
01-16 15:48:06.761 I/AndroidRuntime(  665): Heap size: -Xmx32m
01-16 15:48:06.761 D/AndroidRuntime(  665): CheckJNI is OFF
01-16 15:48:06.761 D/dalvikvm(  665): creating instr width table
01-16 15:48:06.801 I/ActivityManager(  169): Start proc com.noshufou.android.su for broadcast com.noshufou.android.su/.UninstallReceiver: pid=676 uid=10052 gids={1015, 3003}
01-16 15:48:06.801 I/ActivityManager(  169): No longer want com.android.mms (pid 470): hidden #16
01-16 15:48:06.891 D/dalvikvm(  115): GC_EXPLICIT freed 11K, 54% free 2499K/5379K, external 0K/0K, paused 100ms
01-16 15:48:06.981 D/dalvikvm(  115): GC_EXPLICIT freed <1K, 54% free 2499K/5379K, external 0K/0K, paused 68ms
01-16 15:48:07.001 D/szipinf (  676): Initializing inflate state
01-16 15:48:07.071 D/dalvikvm(  115): GC_EXPLICIT freed <1K, 54% free 2499K/5379K, external 0K/0K, paused 75ms
01-16 15:48:07.111 I/ActivityManager(  169): Start proc com.tmobile.thememanager for broadcast com.tmobile.thememanager/.receiver.ThemePackageReceiver: pid=689 uid=1300 gids={-1}
01-16 15:48:07.111 I/ActivityManager(  169): No longer want com.koushikdutta.rommanager (pid 493): hidden #16
01-16 15:48:07.242 D/AndroidRuntime(  665): Calling main entry com.android.commands.am.Am
01-16 15:48:07.282 I/ActivityManager(  169): Starting: Intent { act=android.intent.action.MAIN cat=[android.intent.category.LAUNCHER] flg=0x10000000 cmp=uk.ac.st_andrews.cs.host.mk74.energymeasurement.magneticField/.MainActivity } from pid 665
01-16 15:48:07.322 D/AndroidRuntime(  665): Shutting down VM
01-16 15:48:07.332 I/ActivityManager(  169): Start proc uk.ac.st_andrews.cs.host.mk74.energymeasurement.magneticField for activity uk.ac.st_andrews.cs.host.mk74.energymeasurement.magneticField/.MainActivity: pid=699 uid=10062 gids={}
01-16 15:48:07.342 I/AndroidRuntime(  665): NOTE: attach of thread 'Binder Thread #3' failed
01-16 15:48:07.342 D/dalvikvm(  665): GC_CONCURRENT freed 104K, 69% free 324K/1024K, external 0K/0K, paused 0ms+0ms
01-16 15:48:07.352 D/jdwp    (  665): Got wake-up signal, bailing out of select
01-16 15:48:07.352 D/dalvikvm(  665): Debugger has detached; object registry had 1 entries
01-16 15:48:07.412 I/ActivityThread(  689): Pub com.tmobile.thememanager.themes: com.tmobile.thememanager.provider.ThemesProvider
01-16 15:48:07.492 I/ActivityThread(  689): Pub com.tmobile.thememanager.packageresources: com.tmobile.thememanager.provider.PackageResourcesProvider
01-16 15:48:07.532 D/VoiceDialerReceiver(  504): onReceive Intent { act=android.intent.action.PACKAGE_REMOVED dat=package:uk.ac.st_andrews.cs.host.mk74.energymeasurement.magneticField flg=0x10000000 cmp=com.android.voicedialer/.VoiceDialerReceiver (has extras) }
01-16 15:48:07.532 V/RecognizerEngine(  504): deleteCachedGrammarFiles /data/data/com.android.voicedialer/files/openentries.txt
01-16 15:48:07.542 I/ActivityManager(  169): No longer want com.android.email (pid 459): hidden #16
01-16 15:48:07.772 D/dalvikvm(  699): GC_EXTERNAL_ALLOC freed 45K, 54% free 2524K/5379K, external 0K/0K, paused 119ms
01-16 15:48:07.772 D/dalvikvm(  321): GC_CONCURRENT freed 473K, 53% free 2821K/5959K, external 82K/512K, paused 2ms+4ms
01-16 15:48:07.822 D/GTalkService(  321): [RawStanzaProvidersMgr] ##### searchProvidersFromIntent
01-16 15:48:07.822 D/GTalkService(  321): [RawStanzaProvidersMgr] no intent receivers found
01-16 15:48:07.882 D/GTalkService(  321): handlePackageInstalled: re-initialize providers
01-16 15:48:07.882 D/GTalkService(  321): [RawStanzaProvidersMgr] ##### searchProvidersFromIntent
01-16 15:48:07.882 D/GTalkService(  321): [RawStanzaProvidersMgr] no intent receivers found
01-16 15:48:07.922 I/ActivityManager(  169): Displayed uk.ac.st_andrews.cs.host.mk74.energymeasurement.magneticField/.MainActivity: +607ms (total +9m53s57ms)
01-16 15:48:08.022 D/dalvikvm(  169): GC_CONCURRENT freed 415K, 47% free 4941K/9159K, external 43K/547K, paused 5ms+8ms
01-16 15:48:08.182 D/dalvikvm(  321): GC_CONCURRENT freed 558K, 54% free 2819K/6023K, external 0K/512K, paused 3ms+2ms
01-16 15:48:08.212 I/ActivityManager(  169): Start proc com.svox.pico for broadcast com.svox.pico/.VoiceDataInstallerReceiver: pid=712 uid=10047 gids={}
01-16 15:48:08.333 I/ActivityThread(  712): Pub com.svox.pico.providers.SettingsProvider: com.svox.pico.providers.SettingsProvider
01-16 15:48:08.353 D/InstallReceiver(  676): uk.ac.st_andrews.cs.host.mk74.energymeasurement.magneticField
01-16 15:48:08.373 D/VoiceDialerReceiver(  504): onReceive Intent { act=android.intent.action.PACKAGE_ADDED dat=package:uk.ac.st_andrews.cs.host.mk74.energymeasurement.magneticField flg=0x10000000 cmp=com.android.voicedialer/.VoiceDialerReceiver (has extras) }
01-16 15:48:08.373 V/RecognizerEngine(  504): deleteCachedGrammarFiles /data/data/com.android.voicedialer/files/openentries.txt
01-16 15:48:08.463 D/dalvikvm(  512): GC_CONCURRENT freed 500K, 55% free 2622K/5767K, external 0K/0K, paused 3ms+6ms
01-16 15:48:08.513 I/ActivityManager(  169): No longer want com.android.protips (pid 533): hidden #16
01-16 15:48:08.593 D/Finsky  (  647): [23] DownloadRecords.initializeAndPrune: Pruned 0 old downloads from the cursor.
01-16 15:48:08.603 D/szipinf (  689): Initializing inflate state
01-16 15:48:08.613 D/szipinf (  689): Initializing inflate state
01-16 15:48:08.623 I/System.out(  699): Values: 264.0 234.875 187.8125
01-16 15:48:08.633 I/ThemeManager(  689): VerifyInstalledThemesThread took 273 ms.
01-16 15:48:09.624 I/System.out(  699): Values: 262.75 235.375 187.8125
01-16 15:48:10.625 I/System.out(  699): Values: 255.75 234.625 178.5625
01-16 15:48:11.315 D/dalvikvm(  169): Debugger has detached; object registry had 1 entries
01-16 15:48:11.315 D/dalvikvm(  255): Debugger has detached; object registry had 1 entries
01-16 15:48:11.315 D/dalvikvm(  256): Debugger has detached; object registry had 1 entries
01-16 15:48:11.315 D/dalvikvm(  262): Debugger has detached; object registry had 1 entries
01-16 15:48:11.315 D/dalvikvm(  321): Debugger has detached; object registry had 1 entries
01-16 15:48:11.315 D/dalvikvm(  699): Debugger has detached; object registry had 1 entries
01-16 15:48:11.315 D/dalvikvm(  238): Debugger has detached; object registry had 1 entries
01-16 15:48:11.315 W/Vold    (  111): Ignoring unknown switch 'usb_connected'
01-16 15:48:11.315 D/Vold    (  111): USB disconnected
01-16 15:48:11.315 D/Vold    (  111): Share method ums now unavailable
01-16 15:48:11.335 I/StorageNotification(  238): UMS connection changed to false (media state mounted)
01-16 15:48:11.346 D/dalvikvm(  504): Debugger has detached; object registry had 1 entries
01-16 15:48:11.396 D/dalvikvm(  512): Debugger has detached; object registry had 1 entries
01-16 15:48:11.396 D/dalvikvm(  544): Debugger has detached; object registry had 1 entries
01-16 15:48:11.396 D/dalvikvm(  283): Debugger has detached; object registry had 1 entries
01-16 15:48:11.396 D/dalvikvm(  380): Debugger has detached; object registry had 1 entries
01-16 15:48:11.396 D/dalvikvm(  401): Debugger has detached; object registry had 1 entries
01-16 15:48:11.396 D/dalvikvm(  522): Debugger has detached; object registry had 1 entries
01-16 15:48:11.406 D/dalvikvm(  552): Debugger has detached; object registry had 1 entries
01-16 15:48:11.406 D/dalvikvm(  592): Debugger has detached; object registry had 1 entries
01-16 15:48:11.406 D/dalvikvm(  562): Debugger has detached; object registry had 1 entries
01-16 15:48:11.406 D/dalvikvm(  572): Debugger has detached; object registry had 1 entries
01-16 15:48:11.406 D/dalvikvm(  637): Debugger has detached; object registry had 1 entries
01-16 15:48:11.406 D/dalvikvm(  647): Debugger has detached; object registry had 1 entries
01-16 15:48:11.406 D/dalvikvm(  676): Debugger has detached; object registry had 1 entries
01-16 15:48:11.406 D/dalvikvm(  689): Debugger has detached; object registry had 1 entries
01-16 15:48:11.406 D/dalvikvm(  712): Debugger has detached; object registry had 1 entries
01-16 15:48:11.516 D/dalvikvm(  169): GC_CONCURRENT freed 629K, 47% free 4938K/9159K, external 35K/547K, paused 5ms+4ms
01-16 15:48:11.556 D/SettingsAppWidgetProvider(  592): Widget is from a previous version... Let's update
01-16 15:48:11.556 D/SettingsAppWidgetProvider(  592): No instances yet... Wait for at least one instance to exist before adding global settings
01-16 15:48:11.616 I/System.out(  699): Values: 268.4375 251.4375 217.8125
01-16 15:48:12.417 D/Tethering(  169): InitialState.processMessage what=4
01-16 15:48:12.417 D/Tethering(  169): sendTetherStateChangedBroadcast 0, 0, 0
01-16 15:48:12.617 I/System.out(  699): Values: -15.25 -11.75 5.4375
01-16 15:48:13.628 I/System.out(  699): Values: -17.5 -19.3125 5.9375
01-16 15:48:14.619 I/System.out(  699): Values: -17.25 -19.3125 5.9375
01-16 15:48:15.630 I/System.out(  699): Values: -17.25 -18.3125 8.4375
01-16 15:48:16.631 I/System.out(  699): Values: -16.5 -18.8125 8.6875
01-16 15:48:17.502 D/dalvikvm(  283): GC_EXPLICIT freed 214K, 51% free 3038K/6087K, external 3414K/4239K, paused 70ms
01-16 15:48:17.632 I/System.out(  699): Values: -16.75 -17.8125 7.9375
01-16 15:48:18.633 I/System.out(  699): Values: -16.75 -18.5625 8.4375
01-16 15:48:19.634 I/System.out(  699): Values: -16.75 -19.0625 8.6875
01-16 15:48:20.635 I/System.out(  699): Values: -17.0 -18.3125 7.9375
01-16 15:48:21.636 I/System.out(  699): Values: -17.25 -19.3125 8.4375
01-16 15:48:22.486 D/dalvikvm(  380): GC_EXPLICIT freed 37K, 55% free 2615K/5703K, external 0K/0K, paused 59ms
01-16 15:48:22.637 I/System.out(  699): Values: -17.5 -19.3125 9.6875
01-16 15:48:23.637 I/System.out(  699): Values: -16.25 -19.5625 7.6875
01-16 15:48:24.638 I/System.out(  699): Values: -17.25 -19.0625 8.4375
01-16 15:48:25.629 I/System.out(  699): Values: -17.0 -18.5625 8.6875
01-16 15:48:26.630 I/System.out(  699): Values: -18.0 -18.8125 8.1875
01-16 15:48:27.501 D/dalvikvm(  401): GC_EXPLICIT freed 258K, 57% free 2520K/5767K, external 0K/0K, paused 66ms
01-16 15:48:27.631 I/System.out(  699): Values: -16.5 -19.0625 8.4375
01-16 15:48:28.632 I/System.out(  699): Values: -16.25 -19.3125 9.4375
01-16 15:48:29.633 I/System.out(  699): Values: -16.75 -18.5625 7.9375
01-16 15:48:30.634 I/System.out(  699): Values: -16.75 -19.8125 8.9375
01-16 15:48:31.625 I/System.out(  699): Values: -17.0 -18.3125 7.9375
01-16 15:48:32.516 D/dalvikvm(  504): GC_EXPLICIT freed 345K, 55% free 2513K/5511K, external 0K/0K, paused 72ms
01-16 15:48:32.626 I/System.out(  699): Values: -16.5 -18.5625 8.6875
01-16 15:48:33.627 I/System.out(  699): Values: -16.5 -19.3125 8.4375
01-16 15:48:34.628 I/System.out(  699): Values: -17.75 -19.5625 8.1875
01-16 15:48:35.629 I/System.out(  699): Values: -17.75 -18.5625 8.6875
01-16 15:48:36.630 I/System.out(  699): Values: -17.5 -18.8125 8.9375
01-16 15:48:37.501 D/dalvikvm(  512): GC_EXPLICIT freed 207K, 56% free 2571K/5767K, external 0K/0K, paused 57ms
01-16 15:48:37.631 I/System.out(  699): Values: -16.5 -19.5625 8.6875
01-16 15:48:38.632 I/System.out(  699): Values: -14.5625 -6.5 5.9375
01-16 15:48:39.633 I/System.out(  699): Values: -13.8125 -6.5 6.1875
01-16 15:48:40.634 I/System.out(  699): Values: -13.5625 -7.5 5.4375
01-16 15:48:41.625 I/System.out(  699): Values: -14.5625 -7.25 5.1875
01-16 15:48:42.536 D/dalvikvm(  592): GC_EXPLICIT freed 16K, 54% free 2637K/5639K, external 0K/0K, paused 90ms
01-16 15:48:42.626 I/System.out(  699): Values: -14.0625 -7.25 5.9375
01-16 15:48:43.627 I/System.out(  699): Values: -14.5625 -8.25 5.9375
01-16 15:48:44.628 I/System.out(  699): Values: -14.0625 -7.25 5.9375
01-16 15:48:45.639 I/System.out(  699): Values: -14.8125 -7.25 5.6875
01-16 15:48:46.640 I/System.out(  699): Values: -13.8125 -8.75 5.6875
01-16 15:48:47.641 I/System.out(  699): Values: -13.8125 -7.75 5.4375
01-16 15:48:48.642 I/System.out(  699): Values: -13.5625 -7.75 5.6875
01-16 15:48:49.643 I/System.out(  699): Values: -14.0625 -7.75 5.1875
01-16 15:48:50.644 I/System.out(  699): Values: -14.5625 -6.75 4.6875
01-16 15:48:51.645 I/System.out(  699): Values: -13.8125 -8.0 5.6875
01-16 15:48:52.646 I/System.out(  699): Values: -14.0625 -7.25 4.6875
01-16 15:48:53.647 I/System.out(  699): Values: -14.3125 -7.5 5.1875
01-16 15:48:54.638 I/System.out(  699): Values: -14.3125 -7.75 6.1875
01-16 15:48:55.639 I/System.out(  699): Values: -13.5625 -7.25 5.6875
01-16 15:48:56.640 I/System.out(  699): Values: -13.8125 -6.25 4.1875
01-16 15:48:57.641 I/System.out(  699): Values: -14.0625 -7.5 4.4375
01-16 15:48:58.642 I/System.out(  699): Values: -14.0625 -7.25 5.4375
01-16 15:48:59.643 I/System.out(  699): Values: -14.0625 -7.75 4.9375
01-16 15:49:00.644 I/System.out(  699): Values: -14.3125 -7.25 5.1875
01-16 15:49:01.645 I/System.out(  699): Values: -14.3125 -7.25 5.9375
01-16 15:49:02.646 I/System.out(  699): Values: -14.8125 -7.25 5.6875
01-16 15:49:03.647 I/System.out(  699): Values: -13.3125 -7.75 5.1875
01-16 15:49:04.637 I/System.out(  699): Values: -14.3125 -8.0 5.4375
01-16 15:49:05.638 I/System.out(  699): Values: -13.3125 -7.75 5.1875
01-16 15:49:06.639 I/System.out(  699): Values: -14.0625 -7.5 5.4375
01-16 15:49:07.640 I/System.out(  699): Values: -14.0625 -7.75 5.6875
01-16 15:49:08.641 I/System.out(  699): Values: -13.5625 -7.0 5.4375
01-16 15:49:09.642 I/System.out(  699): Values: -14.3125 -8.0 5.1875
01-16 15:49:10.643 I/System.out(  699): Values: -14.3125 -7.0 5.9375
01-16 15:49:11.644 I/System.out(  699): Values: -14.5625 -8.5 5.4375
01-16 15:49:12.635 I/System.out(  699): Values: -14.5625 -7.75 4.4375
01-16 15:49:13.636 I/System.out(  699): Values: -14.3125 -7.25 3.6875
01-16 15:49:14.637 I/System.out(  699): Values: -13.5625 -7.25 4.6875
01-16 15:49:15.638 I/System.out(  699): Values: -13.8125 -7.5 5.1875
01-16 15:49:16.639 I/System.out(  699): Values: -14.3125 -7.0 5.9375
01-16 15:49:17.640 I/System.out(  699): Values: -14.5625 -7.25 5.1875
01-16 15:49:18.641 I/System.out(  699): Values: -14.5625 -7.5 6.1875
01-16 15:49:19.642 I/System.out(  699): Values: -14.3125 -8.0 5.4375
01-16 15:49:20.643 I/System.out(  699): Values: -13.8125 -7.5 6.1875
01-16 15:49:21.644 I/System.out(  699): Values: -14.8125 -7.75 5.4375
01-16 15:49:22.645 I/System.out(  699): Values: -14.3125 -7.75 4.6875
01-16 15:49:23.646 I/System.out(  699): Values: -14.0625 -6.75 4.6875
01-16 15:49:24.647 I/System.out(  699): Values: -13.8125 -8.0 5.4375
01-16 15:49:25.648 I/System.out(  699): Values: -14.3125 -7.25 5.1875
01-16 15:49:26.649 I/System.out(  699): Values: -14.0625 -8.0 5.6875
01-16 15:49:27.650 I/System.out(  699): Values: -13.8125 -7.75 4.4375
01-16 15:49:28.651 I/System.out(  699): Values: -14.0625 -8.0 5.9375
01-16 15:49:29.652 I/System.out(  699): Values: -14.5625 -7.0 4.6875
01-16 15:49:30.653 I/System.out(  699): Values: -14.5625 -7.75 4.6875
01-16 15:49:31.654 I/System.out(  699): Values: -14.8125 -8.0 5.4375
01-16 15:49:32.645 I/System.out(  699): Values: -15.0 -7.25 4.1875
01-16 15:49:33.646 I/System.out(  699): Values: -13.8125 -7.5 5.1875
01-16 15:49:34.647 I/System.out(  699): Values: -14.5625 -8.5 5.4375
01-16 15:49:35.648 I/System.out(  699): Values: -14.5625 -8.0 5.4375
01-16 15:49:36.128 D/SntpClient(  169): request time failed: java.net.UnknownHostException: europe.pool.ntp.org
01-16 15:49:36.168 D/SntpClient(  169): request time failed: java.net.UnknownHostException: europe.pool.ntp.org
01-16 15:49:36.168 D/SntpClient(  169): request time failed: java.net.UnknownHostException: europe.pool.ntp.org
01-16 15:49:36.649 I/System.out(  699): Values: -13.0625 -7.5 5.4375
01-16 15:49:37.650 I/System.out(  699): Values: -13.5625 -7.75 5.6875
01-16 15:49:38.651 I/System.out(  699): Values: -13.8125 -7.75 5.9375
01-16 15:49:39.652 I/System.out(  699): Values: -14.0625 -8.0 5.9375
01-16 15:49:40.653 I/System.out(  699): Values: -14.3125 -7.75 5.6875
01-16 15:49:41.654 I/System.out(  699): Values: -14.0625 -7.5 5.4375
01-16 15:49:42.645 I/System.out(  699): Values: -13.8125 -7.5 5.4375
01-16 15:49:43.656 I/System.out(  699): Values: -14.0625 -7.75 5.4375
01-16 15:49:44.647 I/System.out(  699): Values: -13.8125 -7.75 5.4375
01-16 15:49:45.658 I/System.out(  699): Values: -13.5625 -8.5 4.4375
01-16 15:49:46.658 I/System.out(  699): Values: -13.3125 -7.25 5.9375
01-16 15:49:47.659 I/System.out(  699): Values: -14.0625 -7.75 4.6875
01-16 15:49:48.650 I/System.out(  699): Values: -14.0625 -7.25 5.6875
01-16 15:49:49.651 I/System.out(  699): Values: -13.8125 -7.75 5.4375
01-16 15:49:50.652 I/System.out(  699): Values: -14.3125 -8.0 4.9375
01-16 15:49:51.653 I/System.out(  699): Values: -14.0625 -7.75 4.6875
01-16 15:49:52.654 I/System.out(  699): Values: -14.8125 -7.25 5.9375
01-16 15:49:53.645 I/System.out(  699): Values: -13.8125 -8.25 5.9375
01-16 15:49:54.646 I/System.out(  699): Values: -13.8125 -7.5 5.6875
01-16 15:49:55.647 I/System.out(  699): Values: -14.8125 -7.75 5.1875
01-16 15:49:56.648 I/System.out(  699): Values: -13.8125 -7.75 5.1875
01-16 15:49:57.649 I/System.out(  699): Values: -14.0625 -8.0 5.4375
01-16 15:49:58.650 I/System.out(  699): Values: -13.8125 -7.75 5.4375
01-16 15:49:59.651 I/System.out(  699): Values: -14.3125 -7.5 4.4375
01-16 15:50:00.652 I/System.out(  699): Values: -13.0625 -7.0 5.1875
01-16 15:50:01.653 I/System.out(  699): Values: -14.0625 -8.25 4.6875
01-16 15:50:02.654 I/System.out(  699): Values: -14.0625 -7.75 4.6875
01-16 15:50:03.645 I/System.out(  699): Values: -14.0625 -8.0 5.9375
01-16 15:50:04.646 I/System.out(  699): Values: -13.8125 -7.75 5.1875
01-16 15:50:05.657 I/System.out(  699): Values: -14.8125 -7.75 4.1875
01-16 15:50:06.658 I/System.out(  699): Values: -14.0625 -7.75 5.6875
01-16 15:50:07.659 I/System.out(  699): Values: -14.3125 -9.0 4.6875
01-16 15:50:08.660 I/System.out(  699): Values: -21.75 -6.75 4.6875
01-16 15:50:09.661 I/System.out(  699): Values: -22.75 -6.75 4.4375
01-16 15:50:10.662 I/System.out(  699): Values: -19.0 -11.75 5.1875
01-16 15:50:11.663 I/System.out(  699): Values: -18.5 -11.25 4.6875
01-16 15:50:12.664 I/System.out(  699): Values: -18.5 -11.25 5.6875
01-16 15:50:13.665 I/System.out(  699): Values: -18.75 -11.25 6.6875
01-16 15:50:14.656 I/System.out(  699): Values: -18.25 -11.5 5.4375
01-16 15:50:15.667 I/System.out(  699): Values: -18.25 -12.25 5.6875
01-16 15:50:16.668 I/System.out(  699): Values: -19.5 -11.0 5.4375
01-16 15:50:17.659 I/System.out(  699): Values: -18.75 -12.0 5.4375
01-16 15:50:18.660 I/System.out(  699): Values: -18.25 -11.5 5.9375
01-16 15:50:19.661 I/System.out(  699): Values: -18.5 -12.25 5.6875
01-16 15:50:20.662 I/System.out(  699): Values: -19.0 -11.0 5.6875
01-16 15:50:21.663 I/System.out(  699): Values: -18.5 -11.0 7.1875
01-16 15:50:22.664 I/System.out(  699): Values: -17.75 -12.25 6.1875
01-16 15:50:23.665 I/System.out(  699): Values: -18.0 -12.5625 5.1875
01-16 15:50:24.656 I/System.out(  699): Values: -18.5 -12.0 6.1875
01-16 15:50:25.667 I/System.out(  699): Values: -19.0 -11.5 6.4375
01-16 15:50:26.668 I/System.out(  699): Values: -18.5 -11.25 5.4375
01-16 15:50:27.669 I/System.out(  699): Values: -18.0 -11.0 5.4375
01-16 15:50:28.669 I/System.out(  699): Values: -18.5 -11.0 5.4375
01-16 15:50:29.670 I/System.out(  699): Values: -18.25 -10.75 5.9375
01-16 15:50:30.671 I/System.out(  699): Values: -18.25 -12.25 5.6875
01-16 15:50:31.672 I/System.out(  699): Values: -18.5 -11.5 6.1875
01-16 15:50:32.673 I/System.out(  699): Values: -18.0 -11.5 5.9375
01-16 15:50:33.674 I/System.out(  699): Values: -18.75 -11.5 5.1875
01-16 15:50:34.675 I/System.out(  699): Values: -18.25 -12.0 5.4375
01-16 15:50:35.676 I/System.out(  699): Values: -18.5 -11.25 5.1875
01-16 15:50:36.677 I/System.out(  699): Values: -18.75 -12.0 5.6875
01-16 15:50:37.678 I/System.out(  699): Values: -18.25 -12.25 5.6875
01-16 15:50:38.679 I/System.out(  699): Values: -18.5 -11.75 5.4375
01-16 15:50:39.680 I/System.out(  699): Values: -18.25 -11.0 5.6875
01-16 15:50:40.681 I/System.out(  699): Values: -19.25 -11.75 4.9375
01-16 15:50:41.672 I/System.out(  699): Values: -18.75 -11.75 5.6875
01-16 15:50:42.673 I/System.out(  699): Values: -17.5 -11.25 5.6875
01-16 15:50:43.674 I/System.out(  699): Values: -19.0 -12.5625 6.4375
01-16 15:50:44.675 I/System.out(  699): Values: -18.25 -13.0625 5.4375
01-16 15:50:45.676 I/System.out(  699): Values: -18.0 -11.25 6.4375
01-16 15:50:46.677 I/System.out(  699): Values: -19.0 -10.75 5.4375
01-16 15:50:47.668 I/System.out(  699): Values: -18.0 -10.75 4.6875
01-16 15:50:48.679 I/System.out(  699): Values: -18.5 -11.25 6.1875
01-16 15:50:49.680 I/System.out(  699): Values: -18.0 -11.5 5.9375
01-16 15:50:50.681 I/System.out(  699): Values: -18.0 -10.75 5.9375
01-16 15:50:51.682 I/System.out(  699): Values: -18.0 -11.5 5.4375
01-16 15:50:52.683 I/System.out(  699): Values: -18.5 -11.75 5.4375
01-16 15:50:53.684 I/System.out(  699): Values: -18.5 -12.25 5.9375
01-16 15:50:54.685 I/System.out(  699): Values: -18.25 -12.25 5.1875
01-16 15:50:55.686 I/System.out(  699): Values: -18.25 -11.5 5.6875
01-16 15:50:56.687 I/System.out(  699): Values: -18.75 -12.0 5.9375
01-16 15:50:57.678 I/System.out(  699): Values: -18.75 -11.25 5.1875
01-16 15:50:58.679 I/System.out(  699): Values: -18.5 -11.0 6.1875
01-16 15:50:59.680 I/System.out(  699): Values: -18.75 -12.5625 5.4375
01-16 15:51:00.681 I/System.out(  699): Values: -18.0 -12.0 6.1875
01-16 15:51:01.682 I/System.out(  699): Values: -17.5 -11.75 6.4375
01-16 15:51:02.683 I/System.out(  699): Values: -18.0 -12.0 4.9375
01-16 15:51:03.684 I/System.out(  699): Values: -17.25 -11.75 5.4375
01-16 15:51:04.685 I/System.out(  699): Values: -18.0 -11.25 4.9375
01-16 15:51:05.676 I/System.out(  699): Values: -18.5 -11.25 5.6875
01-16 15:51:06.677 I/System.out(  699): Values: -18.75 -11.5 4.4375
01-16 15:51:07.678 I/System.out(  699): Values: -18.5 -12.0 6.4375
01-16 15:51:08.679 I/System.out(  699): Values: -18.25 -11.75 6.4375
01-16 15:51:09.679 I/System.out(  699): Values: -18.5 -12.25 5.4375
01-16 15:51:10.680 I/System.out(  699): Values: -18.75 -12.0 5.4375
01-16 15:51:11.681 I/System.out(  699): Values: -18.25 -12.0 6.6875
01-16 15:51:12.682 I/System.out(  699): Values: -19.0 -11.5 5.4375
01-16 15:51:13.683 I/System.out(  699): Values: -18.5 -10.75 5.6875
01-16 15:51:14.684 I/System.out(  699): Values: -19.0 -11.25 6.4375
01-16 15:51:15.675 I/System.out(  699): Values: -18.25 -11.5 5.1875
01-16 15:51:16.676 I/System.out(  699): Values: -19.5 -12.0 6.1875
01-16 15:51:17.677 I/System.out(  699): Values: -18.5 -11.75 5.9375
01-16 15:51:18.188 I/EventLogService(  321): Aggregate from 1389885678115 (log), 1389885678115 (data)
01-16 15:51:18.318 D/dalvikvm(  321): GC_CONCURRENT freed 324K, 53% free 2881K/6023K, external 0K/512K, paused 2ms+3ms
01-16 15:51:18.348 W/EventLogAggregator(  321): Unknown tag: system_update
01-16 15:51:18.348 W/EventLogAggregator(  321): Unknown tag: system_update_user
01-16 15:51:18.688 I/System.out(  699): Values: -18.25 -11.25 5.9375
01-16 15:51:19.689 I/System.out(  699): Values: -18.5 -11.75 4.6875
01-16 15:51:20.690 I/System.out(  699): Values: -18.0 -11.5 5.6875
01-16 15:51:21.681 I/System.out(  699): Values: -17.75 -11.5 4.9375
01-16 15:51:22.682 I/System.out(  699): Values: -18.75 -11.75 6.1875
01-16 15:51:23.683 I/System.out(  699): Values: -18.75 -11.5 4.9375
01-16 15:51:24.684 I/System.out(  699): Values: -18.0 -12.25 5.9375
01-16 15:51:25.675 I/System.out(  699): Values: -19.0 -11.5 5.4375
01-16 15:51:26.676 I/System.out(  699): Values: -19.0 -11.5 5.6875
01-16 15:51:26.756 D/dalvikvm(  699): GC_CONCURRENT freed 390K, 55% free 2539K/5575K, external 8K/519K, paused 6ms+2ms
01-16 15:51:27.687 I/System.out(  699): Values: -17.5 -12.25 5.6875
01-16 15:51:28.678 I/System.out(  699): Values: -17.25 -11.5 5.4375
01-16 15:51:29.679 I/System.out(  699): Values: -18.5 -11.5 4.6875
01-16 15:51:30.680 I/System.out(  699): Values: -18.25 -11.25 5.9375
01-16 15:51:31.681 I/System.out(  699): Values: -19.0 -11.0 5.1875
01-16 15:51:32.682 I/System.out(  699): Values: -18.75 -11.75 5.4375
01-16 15:51:33.683 I/System.out(  699): Values: -18.0 -11.5 5.1875
01-16 15:51:34.684 I/System.out(  699): Values: -18.5 -11.75 5.9375
01-16 15:51:35.675 I/System.out(  699): Values: -18.0 -12.0 5.1875
01-16 15:51:36.686 I/System.out(  699): Values: -18.75 -11.75 5.6875
01-16 15:51:37.687 I/System.out(  699): Values: -17.75 -11.5 5.4375
01-16 15:51:38.688 I/System.out(  699): Values: -18.25 -11.75 5.6875
01-16 15:51:39.689 I/System.out(  699): Values: -18.25 -11.0 5.4375
01-16 15:51:40.690 I/System.out(  699): Values: -18.25 -11.75 5.9375
01-16 15:51:41.691 I/System.out(  699): Values: -18.5 -11.25 5.1875
01-16 15:51:42.692 I/System.out(  699): Values: -18.5 -12.5625 4.9375
01-16 15:51:43.693 I/System.out(  699): Values: -18.5 -11.5 4.9375
01-16 15:51:44.694 I/System.out(  699): Values: -18.75 -11.5 5.4375
01-16 15:51:45.695 I/System.out(  699): Values: -18.5 -11.75 5.9375
01-16 15:51:46.696 I/System.out(  699): Values: -18.75 -11.75 5.6875
01-16 15:51:47.697 I/System.out(  699): Values: -18.25 -10.75 5.4375
01-16 15:51:48.698 I/System.out(  699): Values: -18.5 -11.75 4.6875
01-16 15:51:49.689 I/System.out(  699): Values: -18.0 -11.25 4.9375
01-16 15:51:50.689 I/System.out(  699): Values: -18.25 -12.25 5.4375
01-16 15:51:51.690 I/System.out(  699): Values: -18.25 -12.0 5.9375
01-16 15:51:52.691 I/System.out(  699): Values: -18.75 -12.0 4.6875
01-16 15:51:53.692 I/System.out(  699): Values: -18.75 -11.5 5.6875
01-16 15:51:54.693 I/System.out(  699): Values: -19.0 -11.75 5.9375
01-16 15:51:55.694 I/System.out(  699): Values: -18.75 -12.0 5.4375
01-16 15:51:56.695 I/System.out(  699): Values: -18.0 -12.25 5.6875
01-16 15:51:57.696 I/System.out(  699): Values: -18.75 -11.0 5.6875
01-16 15:51:58.697 I/System.out(  699): Values: -18.5 -11.5 5.4375
01-16 15:51:59.698 I/System.out(  699): Values: -18.25 -11.5 5.4375
01-16 15:52:00.699 I/System.out(  699): Values: -17.75 -11.0 4.9375
01-16 15:52:01.690 I/System.out(  699): Values: -19.0 -12.0 5.1875
01-16 15:52:02.701 I/System.out(  699): Values: -18.0 -11.5 5.6875
01-16 15:52:03.692 I/System.out(  699): Values: -18.5 -11.5 5.4375
01-16 15:52:04.693 I/System.out(  699): Values: -18.5 -12.0 6.4375
01-16 15:52:05.694 I/System.out(  699): Values: -18.75 -11.5 6.1875
01-16 15:52:06.695 I/System.out(  699): Values: -15.5 -12.25 6.4375
01-16 15:52:07.696 I/System.out(  699): Values: -15.75 -12.5625 5.9375
01-16 15:52:08.697 I/System.out(  699): Values: -15.75 -12.0 5.1875
01-16 15:52:09.698 I/System.out(  699): Values: -15.25 -12.0 5.1875
01-16 15:52:10.689 I/System.out(  699): Values: -15.5 -12.25 6.1875
01-16 15:52:11.700 I/System.out(  699): Values: -15.5 -12.25 5.9375
01-16 15:52:12.701 I/System.out(  699): Values: -14.3125 -12.0 5.1875
01-16 15:52:13.702 I/System.out(  699): Values: -14.8125 -12.25 5.6875
01-16 15:52:14.703 I/System.out(  699): Values: -14.0625 -11.5 4.9375
01-16 15:52:15.704 I/System.out(  699): Values: -15.0 -11.5 5.6875
01-16 15:52:16.705 I/System.out(  699): Values: -14.3125 -11.25 5.6875
01-16 15:52:17.696 I/System.out(  699): Values: -14.5625 -11.5 4.6875
01-16 15:52:18.697 I/System.out(  699): Values: -14.8125 -11.25 6.4375
01-16 15:52:19.698 I/System.out(  699): Values: -14.8125 -12.25 5.1875
01-16 15:52:20.699 I/System.out(  699): Values: -15.25 -11.75 6.1875
01-16 15:52:21.700 I/System.out(  699): Values: -14.8125 -11.75 5.4375
01-16 15:52:22.701 I/System.out(  699): Values: -16.0 -11.5 5.4375
01-16 15:52:23.702 I/System.out(  699): Values: -16.25 -11.5 5.6875
01-16 15:52:24.703 I/System.out(  699): Values: -15.75 -11.5 6.6875
01-16 15:52:25.704 I/System.out(  699): Values: -16.0 -12.0 5.9375
01-16 15:52:26.695 I/System.out(  699): Values: -16.25 -11.75 5.6875
01-16 15:52:27.696 I/System.out(  699): Values: -15.5 -11.5 4.9375
01-16 15:52:28.697 I/System.out(  699): Values: -16.25 -11.75 5.1875
01-16 15:52:29.698 I/System.out(  699): Values: -15.5 -12.0 5.4375
01-16 15:52:30.699 I/System.out(  699): Values: -15.75 -11.75 6.1875
01-16 15:52:31.700 I/System.out(  699): Values: -15.75 -12.0 5.4375
01-16 15:52:32.700 I/System.out(  699): Values: -15.0 -12.8125 5.4375
01-16 15:52:33.701 I/System.out(  699): Values: -15.5 -11.25 6.1875
01-16 15:52:34.702 I/System.out(  699): Values: -16.5 -11.25 5.4375
01-16 15:52:35.703 I/System.out(  699): Values: -16.5 -11.75 4.9375
01-16 15:52:36.694 I/System.out(  699): Values: -15.5 -12.25 5.1875
01-16 15:52:37.695 I/System.out(  699): Values: -16.0 -11.0 6.4375
01-16 15:52:38.696 I/System.out(  699): Values: -16.5 -11.5 6.1875
01-16 15:52:39.697 I/System.out(  699): Values: -15.75 -12.0 5.9375
01-16 15:52:40.708 I/System.out(  699): Values: -15.75 -11.5 5.9375
01-16 15:52:41.709 I/System.out(  699): Values: -15.5 -11.75 5.9375
01-16 15:52:42.710 I/System.out(  699): Values: -15.5 -12.0 5.1875
01-16 15:52:43.711 I/System.out(  699): Values: -15.5 -11.75 6.4375
01-16 15:52:44.712 I/System.out(  699): Values: -15.25 -12.0 5.4375
01-16 15:52:45.713 I/System.out(  699): Values: -16.5 -11.5 6.6875
01-16 15:52:46.714 I/System.out(  699): Values: -16.0 -12.0 5.4375
01-16 15:52:47.705 I/System.out(  699): Values: -16.0 -12.0 5.1875
01-16 15:52:48.706 I/System.out(  699): Values: -16.0 -11.75 6.6875
01-16 15:52:49.707 I/System.out(  699): Values: -16.25 -11.5 4.9375
01-16 15:52:50.708 I/System.out(  699): Values: -15.75 -12.5625 5.9375
01-16 15:52:51.709 I/System.out(  699): Values: -15.5 -11.0 5.6875
01-16 15:52:52.710 I/System.out(  699): Values: -16.0 -12.0 5.6875
01-16 15:52:53.711 I/System.out(  699): Values: -16.5 -12.25 5.6875
01-16 15:52:54.712 I/System.out(  699): Values: -15.5 -12.0 6.6875
01-16 15:52:55.713 I/System.out(  699): Values: -15.5 -11.5 5.4375
01-16 15:52:56.714 I/System.out(  699): Values: -16.25 -11.75 5.4375
01-16 15:52:57.705 I/System.out(  699): Values: -15.0 -11.0 5.4375
01-16 15:52:58.706 I/System.out(  699): Values: -15.25 -11.75 5.4375
01-16 15:52:59.707 I/System.out(  699): Values: -16.25 -12.0 5.6875
01-16 15:53:00.708 I/System.out(  699): Values: -15.75 -11.75 6.4375
01-16 15:53:01.719 I/System.out(  699): Values: -15.75 -11.75 5.4375
01-16 15:53:02.710 I/System.out(  699): Values: -15.75 -11.75 5.9375
01-16 15:53:03.711 I/System.out(  699): Values: -15.0 -11.75 5.9375
01-16 15:53:04.712 I/System.out(  699): Values: -16.0 -12.25 4.9375
01-16 15:53:05.713 I/System.out(  699): Values: -16.25 -11.5 6.1875
01-16 15:53:06.714 I/System.out(  699): Values: -16.0 -11.75 5.1875
01-16 15:53:07.715 I/System.out(  699): Values: -16.0 -12.0 5.9375
01-16 15:53:08.716 I/System.out(  699): Values: -15.75 -11.25 5.6875
01-16 15:53:09.717 I/System.out(  699): Values: -15.75 -11.75 5.9375
01-16 15:53:10.718 I/System.out(  699): Values: -16.0 -11.75 5.9375
01-16 15:53:11.719 I/System.out(  699): Values: -15.75 -12.0 6.1875
01-16 15:53:12.720 I/System.out(  699): Values: -15.75 -11.25 5.4375
01-16 15:53:13.721 I/System.out(  699): Values: -15.5 -12.25 5.6875
01-16 15:53:14.721 I/System.out(  699): Values: -16.5 -11.25 5.4375
01-16 15:53:15.722 I/System.out(  699): Values: -15.5 -11.25 5.4375
01-16 15:53:16.723 I/System.out(  699): Values: -16.0 -11.5 5.6875
01-16 15:53:17.724 I/System.out(  699): Values: -16.0 -11.75 4.6875
01-16 15:53:18.725 I/System.out(  699): Values: -15.75 -11.5 5.9375
01-16 15:53:19.726 I/System.out(  699): Values: -15.75 -11.75 6.1875
01-16 15:53:20.717 I/System.out(  699): Values: -16.5 -13.0625 5.9375
01-16 15:53:21.728 I/System.out(  699): Values: -15.75 -10.25 5.4375
01-16 15:53:22.719 I/System.out(  699): Values: -16.5 -11.5 5.1875
01-16 15:53:23.720 I/System.out(  699): Values: -16.75 -11.0 5.9375
01-16 15:53:24.721 I/System.out(  699): Values: -16.25 -12.5625 5.6875
01-16 15:53:25.722 I/System.out(  699): Values: -15.25 -11.75 5.1875
01-16 15:53:26.723 I/System.out(  699): Values: -16.25 -11.75 5.6875
01-16 15:53:27.724 I/System.out(  699): Values: -15.75 -11.25 4.9375
01-16 15:53:28.725 I/System.out(  699): Values: -15.75 -11.25 5.6875
01-16 15:53:29.726 I/System.out(  699): Values: -15.25 -11.75 5.1875
01-16 15:53:30.727 I/System.out(  699): Values: -16.0 -11.5 5.1875
01-16 15:53:31.728 I/System.out(  699): Values: -16.5 -11.75 5.6875
01-16 15:53:32.729 I/System.out(  699): Values: -15.5 -12.0 6.1875
01-16 15:53:33.730 I/System.out(  699): Values: -15.5 -12.8125 5.6875
01-16 15:53:34.731 I/System.out(  699): Values: -15.75 -11.25 6.1875
01-16 15:53:35.732 I/System.out(  699): Values: -15.75 -11.0 5.4375
01-16 15:53:36.733 I/System.out(  699): Values: -16.0 -12.25 5.4375
01-16 15:53:37.734 I/System.out(  699): Values: -16.0 -12.25 6.4375
01-16 15:53:38.735 I/System.out(  699): Values: -15.75 -11.5 5.4375
01-16 15:53:39.736 I/System.out(  699): Values: -15.5 -12.25 5.4375
01-16 15:53:40.737 I/System.out(  699): Values: -15.75 -12.25 5.1875
01-16 15:53:41.738 I/System.out(  699): Values: -16.25 -11.25 5.6875
01-16 15:53:42.739 I/System.out(  699): Values: -16.75 -12.25 5.1875
01-16 15:53:43.730 I/System.out(  699): Values: -16.0 -12.8125 5.6875
01-16 15:53:44.731 I/System.out(  699): Values: -15.25 -11.75 5.4375
01-16 15:53:45.732 I/System.out(  699): Values: -15.25 -12.0 5.1875
01-16 15:53:46.733 I/System.out(  699): Values: -16.0 -11.25 5.9375
01-16 15:53:47.734 I/System.out(  699): Values: -16.25 -12.25 6.1875
01-16 15:53:48.725 I/System.out(  699): Values: -16.0 -12.5625 5.9375
01-16 15:53:49.726 I/System.out(  699): Values: -15.75 -12.0 5.4375
01-16 15:53:50.737 I/System.out(  699): Values: -15.75 -12.0 5.4375
01-16 15:53:51.738 I/System.out(  699): Values: -15.0 -11.75 4.9375
01-16 15:53:52.739 I/System.out(  699): Values: -16.25 -11.5 5.4375
01-16 15:53:53.740 I/System.out(  699): Values: -17.0 -12.25 5.4375
01-16 15:53:54.741 I/System.out(  699): Values: -15.75 -12.0 5.6875
01-16 15:53:55.742 I/System.out(  699): Values: -16.25 -11.5 5.4375
01-16 15:53:56.742 I/System.out(  699): Values: -15.75 -12.25 6.1875
01-16 15:53:57.743 I/System.out(  699): Values: -15.5 -12.0 6.1875
01-16 15:53:58.744 I/System.out(  699): Values: -15.75 -11.25 5.4375
01-16 15:53:59.745 I/System.out(  699): Values: -15.75 -12.25 4.6875
01-16 15:54:00.736 I/System.out(  699): Values: -15.75 -12.0 5.1875
01-16 15:54:01.737 I/System.out(  699): Values: -15.75 -11.75 5.9375
01-16 15:54:02.738 I/System.out(  699): Values: -16.0 -12.0 5.1875
01-16 15:54:03.739 I/System.out(  699): Values: -15.25 -11.25 4.9375
01-16 15:54:04.740 I/System.out(  699): Values: -16.5 -11.75 5.6875
01-16 15:54:05.741 I/System.out(  699): Values: -16.25 -11.25 5.1875
01-16 15:54:06.742 I/System.out(  699): Values: -16.0 -12.0 6.6875
01-16 15:54:07.743 I/System.out(  699): Values: -15.5 -12.5625 6.1875
01-16 15:54:08.744 I/System.out(  699): Values: -15.75 -11.5 5.6875
01-16 15:54:09.735 I/System.out(  699): Values: -16.25 -12.5625 5.4375
01-16 15:54:10.736 I/System.out(  699): Values: -15.5 -11.25 5.9375
01-16 15:54:11.737 I/System.out(  699): Values: -15.75 -11.25 4.9375
01-16 15:54:12.738 I/System.out(  699): Values: -15.0 -12.25 5.4375
01-16 15:54:13.739 I/System.out(  699): Values: -16.0 -12.0 6.1875
01-16 15:54:14.740 I/System.out(  699): Values: -15.5 -12.5625 5.6875
01-16 15:54:15.741 I/System.out(  699): Values: -15.25 -11.5 7.1875
01-16 15:54:16.742 I/System.out(  699): Values: -15.25 -11.25 5.9375
01-16 15:54:17.743 I/System.out(  699): Values: -15.0 -12.0 6.1875
01-16 15:54:18.744 I/System.out(  699): Values: -14.8125 -12.25 5.6875
01-16 15:54:19.735 I/System.out(  699): Values: -16.5 -11.0 6.9375
01-16 15:54:20.736 I/System.out(  699): Values: -15.5 -12.5625 6.1875
01-16 15:54:21.737 I/System.out(  699): Values: -15.5 -12.25 5.9375
01-16 15:54:22.738 I/System.out(  699): Values: -15.5 -12.25 5.4375
01-16 15:54:23.739 I/System.out(  699): Values: -15.25 -11.75 6.1875
01-16 15:54:24.740 I/System.out(  699): Values: -15.25 -11.0 5.9375
01-16 15:54:25.741 I/System.out(  699): Values: -16.0 -12.0 5.9375
01-16 15:54:26.742 I/System.out(  699): Values: -16.75 -11.5 5.1875
01-16 15:54:27.743 I/System.out(  699): Values: -15.25 -12.8125 6.4375
01-16 15:54:28.744 I/System.out(  699): Values: -16.25 -12.25 5.6875
01-16 15:54:29.745 I/System.out(  699): Values: -15.25 -11.5 5.6875
01-16 15:54:30.746 I/System.out(  699): Values: -15.75 -12.0 5.9375
01-16 15:54:31.747 I/System.out(  699): Values: -15.75 -11.75 6.4375
01-16 15:54:32.748 I/System.out(  699): Values: -15.75 -11.25 5.6875
