01-16 19:10:31.795 I/System.out(  662): Values: -10.0625 2.0625 14.9375
01-16 19:10:32.796 I/System.out(  662): Values: -9.0625 1.8125 15.9375
01-16 19:10:33.797 I/System.out(  662): Values: -9.8125 1.3125 14.4375
01-16 19:10:34.798 I/System.out(  662): Values: -9.8125 0.8125 14.6875
01-16 19:10:35.789 I/System.out(  662): Values: -9.0625 2.3125 15.1875
01-16 19:10:36.790 I/System.out(  662): Values: -10.0625 1.5625 14.4375
01-16 19:10:37.801 I/System.out(  662): Values: -9.3125 1.3125 14.9375
01-16 19:10:38.802 I/System.out(  662): Values: -9.5625 2.3125 14.6875
01-16 19:10:39.803 I/System.out(  662): Values: -10.3125 2.3125 14.9375
01-16 19:10:40.804 I/System.out(  662): Values: -8.8125 1.8125 14.4375
01-16 19:10:41.795 I/System.out(  662): Values: -9.5625 1.5625 14.9375
01-16 19:10:42.796 I/System.out(  662): Values: -10.5625 2.5625 15.1875
01-16 19:10:43.797 I/System.out(  662): Values: -9.8125 1.5625 14.6875
01-16 19:10:44.798 I/System.out(  662): Values: -9.5625 1.8125 15.1875
01-16 19:10:45.799 I/System.out(  662): Values: -9.5625 1.3125 14.4375
01-16 19:10:46.800 I/System.out(  662): Values: -9.3125 2.0625 15.4375
01-16 19:10:47.801 I/System.out(  662): Values: -9.5625 1.3125 15.1875
01-16 19:10:48.802 I/System.out(  662): Values: -9.0625 1.8125 15.1875
01-16 19:10:49.803 I/System.out(  662): Values: -10.8125 2.0625 15.6875
01-16 19:10:50.804 I/System.out(  662): Values: -9.5625 1.8125 15.1875
01-16 19:10:51.805 I/System.out(  662): Values: -9.8125 1.8125 14.4375
01-16 19:10:52.806 I/System.out(  662): Values: -9.8125 2.0625 15.1875
01-16 19:10:53.797 I/System.out(  662): Values: -9.3125 2.3125 15.1875
01-16 19:10:54.808 I/System.out(  662): Values: -9.8125 2.0625 15.9375
01-16 19:10:55.799 I/System.out(  662): Values: -9.8125 1.8125 14.9375
01-16 19:10:56.800 I/System.out(  662): Values: -10.0625 1.3125 15.1875
01-16 19:10:57.801 I/System.out(  662): Values: -10.0625 1.3125 15.4375
01-16 19:10:58.802 I/System.out(  662): Values: -9.5625 1.5625 15.1875
01-16 19:10:59.803 I/System.out(  662): Values: -9.8125 1.3125 14.1875
01-16 19:11:00.804 I/System.out(  662): Values: -9.3125 2.3125 14.4375
01-16 19:11:01.804 I/System.out(  662): Values: -9.3125 2.5625 15.4375
01-16 19:11:02.805 I/System.out(  662): Values: -9.3125 2.3125 14.9375
01-16 19:11:03.806 I/System.out(  662): Values: -9.5625 1.5625 15.4375
01-16 19:11:04.807 I/System.out(  662): Values: -9.5625 2.0625 15.1875
01-16 19:11:05.798 I/System.out(  662): Values: -9.5625 2.0625 15.1875
01-16 19:11:06.799 I/System.out(  662): Values: -9.5625 1.8125 15.6875
01-16 19:11:07.800 I/System.out(  662): Values: -10.3125 1.3125 15.4375
01-16 19:11:08.801 I/System.out(  662): Values: -9.0625 2.0625 14.9375
01-16 19:11:09.802 I/System.out(  662): Values: -9.5625 2.3125 15.1875
01-16 19:11:10.803 I/System.out(  662): Values: -10.0625 1.5625 14.4375
01-16 19:11:11.804 I/System.out(  662): Values: -9.0625 1.3125 14.6875
01-16 19:11:12.795 I/System.out(  662): Values: -9.8125 1.5625 14.9375
01-16 19:11:13.806 I/System.out(  662): Values: -10.0625 2.3125 14.1875
01-16 19:11:14.807 I/System.out(  662): Values: -9.5625 2.0625 14.6875
01-16 19:11:15.808 I/System.out(  662): Values: -10.3125 1.8125 14.9375
01-16 19:11:16.809 I/System.out(  662): Values: -10.0625 1.5625 14.6875
01-16 19:11:17.810 I/System.out(  662): Values: -9.3125 1.8125 14.4375
01-16 19:11:18.811 I/System.out(  662): Values: -9.0625 1.8125 14.9375
01-16 19:11:19.812 I/System.out(  662): Values: -10.3125 1.8125 15.1875
01-16 19:11:20.813 I/System.out(  662): Values: -9.3125 1.5625 14.9375
01-16 19:11:21.814 I/System.out(  662): Values: -9.3125 1.8125 14.4375
01-16 19:11:22.815 I/System.out(  662): Values: -9.8125 1.8125 14.4375
01-16 19:11:23.816 I/System.out(  662): Values: -10.0625 2.0625 14.4375
01-16 19:11:24.817 I/System.out(  662): Values: -9.0625 2.5625 13.9375
01-16 19:11:25.808 I/System.out(  662): Values: -10.8125 1.3125 14.6875
01-16 19:11:26.809 I/System.out(  662): Values: -9.5625 1.3125 15.4375
01-16 19:11:27.810 I/System.out(  662): Values: -10.8125 2.3125 14.6875
01-16 19:11:28.811 I/System.out(  662): Values: -8.3125 1.5625 15.1875
01-16 19:11:29.812 I/System.out(  662): Values: -9.5625 1.8125 15.4375
01-16 19:11:30.813 I/System.out(  662): Values: -10.0625 1.8125 15.4375
01-16 19:11:31.814 I/System.out(  662): Values: -8.8125 2.5625 14.9375
01-16 19:11:32.815 I/System.out(  662): Values: -9.3125 1.8125 14.9375
01-16 19:11:33.816 I/System.out(  662): Values: -9.0625 1.8125 14.9375
01-16 19:11:34.817 I/System.out(  662): Values: -9.8125 1.0625 14.9375
01-16 19:11:35.818 I/System.out(  662): Values: -9.3125 1.3125 14.9375
01-16 19:11:36.819 I/System.out(  662): Values: -9.5625 1.8125 14.9375
01-16 19:11:37.820 I/System.out(  662): Values: -9.8125 1.5625 14.6875
01-16 19:11:38.821 I/System.out(  662): Values: -9.0625 1.8125 15.1875
01-16 19:11:39.812 I/System.out(  662): Values: -9.8125 1.5625 14.9375
01-16 19:11:40.813 I/System.out(  662): Values: -9.5625 1.3125 14.9375
01-16 19:11:41.814 I/System.out(  662): Values: -9.3125 1.5625 14.4375
01-16 19:11:42.814 I/System.out(  662): Values: -9.3125 1.3125 15.1875
01-16 19:11:43.815 I/System.out(  662): Values: -9.0625 2.5625 15.4375
01-16 19:11:44.816 I/System.out(  662): Values: -9.5625 1.3125 14.6875
01-16 19:11:45.817 I/System.out(  662): Values: -9.3125 1.5625 15.4375
01-16 19:11:46.818 I/System.out(  662): Values: -9.5625 1.5625 14.4375
01-16 19:11:47.819 I/System.out(  662): Values: -9.0625 1.3125 14.1875
01-16 19:11:48.820 I/System.out(  662): Values: -8.8125 2.5625 14.9375
01-16 19:11:49.821 I/System.out(  662): Values: -8.8125 1.8125 15.4375
01-16 19:11:50.822 I/System.out(  662): Values: -8.8125 1.8125 15.1875
01-16 19:11:51.823 I/System.out(  662): Values: -10.5625 1.3125 14.6875
01-16 19:11:52.824 I/System.out(  662): Values: -9.3125 2.8125 14.6875
01-16 19:11:53.825 I/System.out(  662): Values: -9.0625 1.8125 14.1875
01-16 19:11:54.826 I/System.out(  662): Values: -9.0625 1.5625 15.1875
01-16 19:11:55.827 I/System.out(  662): Values: -10.5625 1.3125 14.6875
01-16 19:11:56.828 I/System.out(  662): Values: -10.5625 0.8125 14.4375
01-16 19:11:57.829 I/System.out(  662): Values: -9.3125 2.0625 15.9375
01-16 19:11:58.830 I/System.out(  662): Values: -9.8125 2.3125 14.9375
01-16 19:11:59.831 I/System.out(  662): Values: -8.8125 1.3125 14.9375
01-16 19:12:00.822 I/System.out(  662): Values: -9.0625 1.5625 15.6875
01-16 19:12:01.823 I/System.out(  662): Values: -10.3125 1.8125 14.6875
01-16 19:12:02.824 I/System.out(  662): Values: -10.0625 1.8125 14.6875
01-16 19:12:03.815 I/System.out(  662): Values: -9.3125 2.3125 14.1875
01-16 19:12:03.895 D/dalvikvm(  662): GC_CONCURRENT freed 393K, 55% free 2539K/5639K, external 8K/519K, paused 8ms+3ms
01-16 19:12:04.826 I/System.out(  662): Values: -9.0625 1.3125 14.6875
01-16 19:12:05.827 I/System.out(  662): Values: -9.3125 2.3125 15.1875
01-16 19:12:06.828 I/System.out(  662): Values: -9.8125 2.0625 14.9375
01-16 19:12:07.829 I/System.out(  662): Values: -9.3125 1.5625 14.4375
01-16 19:12:08.830 I/System.out(  662): Values: -10.5625 1.8125 14.9375
01-16 19:12:09.831 I/System.out(  662): Values: -9.8125 1.3125 15.1875
01-16 19:12:10.832 I/System.out(  662): Values: -9.8125 1.3125 14.4375
01-16 19:12:11.833 I/System.out(  662): Values: -10.0625 1.5625 14.6875
01-16 19:12:12.834 I/System.out(  662): Values: -9.3125 2.0625 14.9375
01-16 19:12:13.835 I/System.out(  662): Values: -9.0625 1.3125 14.1875
01-16 19:12:14.836 I/System.out(  662): Values: -10.0625 2.0625 14.1875
01-16 19:12:15.837 I/System.out(  662): Values: -9.5625 1.8125 14.9375
01-16 19:12:16.838 I/System.out(  662): Values: -8.8125 0.8125 14.4375
01-16 19:12:17.829 I/System.out(  662): Values: -9.3125 1.8125 14.6875
01-16 19:12:18.830 I/System.out(  662): Values: -9.3125 1.5625 14.1875
01-16 19:12:19.831 I/System.out(  662): Values: -8.8125 2.3125 14.9375
01-16 19:12:20.832 I/System.out(  662): Values: -10.0625 2.5625 13.6875
01-16 19:12:21.833 I/System.out(  662): Values: -10.0625 1.5625 14.1875
01-16 19:12:22.834 I/System.out(  662): Values: -10.0625 1.8125 15.4375
01-16 19:12:23.835 I/System.out(  662): Values: -9.8125 1.0625 14.4375
01-16 19:12:24.825 I/System.out(  662): Values: -9.8125 0.5625 13.6875
01-16 19:12:25.836 I/System.out(  662): Values: -9.0625 2.3125 14.4375
01-16 19:12:26.837 I/System.out(  662): Values: -9.3125 1.8125 15.1875
01-16 19:12:27.838 I/System.out(  662): Values: -9.5625 2.0625 14.9375
01-16 19:12:28.839 I/System.out(  662): Values: -8.8125 1.8125 14.6875
01-16 19:12:29.830 I/System.out(  662): Values: -9.5625 1.5625 13.9375
01-16 19:12:30.831 I/System.out(  662): Values: -9.3125 2.3125 14.6875
01-16 19:12:31.832 I/System.out(  662): Values: -9.3125 1.8125 14.1875
01-16 19:12:32.833 I/System.out(  662): Values: -10.0625 1.3125 14.6875
01-16 19:12:33.834 I/System.out(  662): Values: -9.3125 1.5625 14.4375
01-16 19:12:34.835 I/System.out(  662): Values: -9.8125 2.0625 14.6875
01-16 19:12:35.836 I/System.out(  662): Values: -10.0625 2.0625 14.6875
01-16 19:12:36.837 I/System.out(  662): Values: -9.8125 2.0625 14.4375
01-16 19:12:37.828 I/System.out(  662): Values: -8.8125 1.8125 14.9375
01-16 19:12:38.829 I/System.out(  662): Values: -10.0625 1.3125 14.1875
01-16 19:12:39.830 I/System.out(  662): Values: -10.0625 0.8125 14.4375
01-16 19:12:40.831 I/System.out(  662): Values: -3.125 1.8125 16.1875
01-16 19:12:41.832 I/System.out(  662): Values: -0.875 1.8125 16.9375
01-16 19:12:42.833 I/System.out(  662): Values: -0.125 1.5625 14.9375
01-16 19:12:43.844 I/System.out(  662): Values: 0.625 1.0625 15.9375
01-16 19:12:44.835 I/System.out(  662): Values: 0.625 1.5625 15.9375
01-16 19:12:45.836 I/System.out(  662): Values: 1.125 1.3125 16.4375
01-16 19:12:46.837 I/System.out(  662): Values: 1.875 1.5625 16.9375
01-16 19:12:47.838 I/System.out(  662): Values: 2.875 1.3125 16.9375
01-16 19:12:48.839 I/System.out(  662): Values: 3.375 2.0625 18.4375
01-16 19:12:49.840 I/System.out(  662): Values: 3.125 1.8125 17.6875
01-16 19:12:50.841 I/System.out(  662): Values: 3.875 2.5625 16.6875
01-16 19:12:51.842 I/System.out(  662): Values: 3.875 3.3125 17.4375
01-16 19:12:52.843 I/System.out(  662): Values: 3.625 1.3125 16.9375
01-16 19:12:53.844 I/System.out(  662): Values: 3.875 1.8125 16.9375
01-16 19:12:54.845 I/System.out(  662): Values: 4.375 1.8125 16.6875
01-16 19:12:55.846 I/System.out(  662): Values: 4.875 2.5625 16.9375
01-16 19:12:56.847 I/System.out(  662): Values: 4.125 2.5625 15.9375
01-16 19:12:57.848 I/System.out(  662): Values: 3.375 2.8125 17.1875
01-16 19:12:58.849 I/System.out(  662): Values: 7.0625 1.5625 16.9375
01-16 19:12:59.850 I/System.out(  662): Values: 7.3125 1.3125 16.9375
01-16 19:13:00.841 I/System.out(  662): Values: 6.8125 0.5625 17.6875
01-16 19:13:01.842 I/System.out(  662): Values: 6.0625 1.0625 17.1875
01-16 19:13:02.843 I/System.out(  662): Values: 6.5625 2.3125 17.9375
01-16 19:13:03.844 I/System.out(  662): Values: 6.8125 0.8125 17.9375
01-16 19:13:04.835 I/System.out(  662): Values: 7.3125 0.5625 17.1875
01-16 19:13:05.835 I/System.out(  662): Values: 7.0625 1.3125 17.1875
01-16 19:13:06.836 I/System.out(  662): Values: 7.3125 -0.1875 17.4375
01-16 19:13:07.837 I/System.out(  662): Values: 7.0625 0.3125 17.6875
01-16 19:13:08.838 I/System.out(  662): Values: 6.3125 0.5625 17.1875
01-16 19:13:09.839 I/System.out(  662): Values: 7.3125 0.5625 17.4375
01-16 19:13:10.840 I/System.out(  662): Values: 6.3125 0.8125 17.6875
01-16 19:13:11.851 I/System.out(  662): Values: 6.8125 1.3125 17.1875
01-16 19:13:12.852 I/System.out(  662): Values: 6.8125 2.0625 16.6875
01-16 19:13:13.853 I/System.out(  662): Values: 7.5625 2.0625 16.9375
01-16 19:13:14.854 I/System.out(  662): Values: 7.0625 1.5625 17.4375
01-16 19:13:15.855 I/System.out(  662): Values: 6.5625 1.0625 16.9375
01-16 19:13:16.846 I/System.out(  662): Values: 6.3125 0.8125 17.6875
01-16 19:13:17.847 I/System.out(  662): Values: 7.5625 1.5625 17.4375
01-16 19:13:18.848 I/System.out(  662): Values: 7.3125 1.3125 17.1875
01-16 19:13:19.849 I/System.out(  662): Values: 7.3125 1.3125 17.4375
01-16 19:13:20.850 I/System.out(  662): Values: 6.8125 0.8125 17.1875
01-16 19:13:21.851 I/System.out(  662): Values: 6.3125 0.8125 17.4375
01-16 19:13:22.852 I/System.out(  662): Values: 7.3125 1.0625 17.9375
01-16 19:13:23.853 I/System.out(  662): Values: 7.0625 1.0625 17.4375
01-16 19:13:24.854 I/System.out(  662): Values: 7.5625 0.8125 16.4375
01-16 19:13:25.855 I/System.out(  662): Values: 6.8125 1.0625 17.9375
01-16 19:13:26.846 I/System.out(  662): Values: 6.0625 1.5625 17.1875
01-16 19:13:27.847 I/System.out(  662): Values: 7.5625 0.5625 16.9375
01-16 19:13:28.858 I/System.out(  662): Values: 6.3125 0.5625 17.6875
01-16 19:13:29.859 I/System.out(  662): Values: 7.0625 0.8125 17.6875
01-16 19:13:30.850 I/System.out(  662): Values: 7.3125 1.0625 17.6875
01-16 19:13:31.851 I/System.out(  662): Values: 6.0625 2.0625 16.9375
01-16 19:13:32.852 I/System.out(  662): Values: 7.3125 1.0625 16.4375
01-16 19:13:33.853 I/System.out(  662): Values: 7.8125 1.5625 17.1875
01-16 19:13:34.854 I/System.out(  662): Values: 6.3125 1.0625 17.9375
01-16 19:13:35.855 I/System.out(  662): Values: 6.5625 1.5625 17.4375
01-16 19:13:36.856 I/System.out(  662): Values: 7.0625 1.0625 17.1875
01-16 19:13:37.857 I/System.out(  662): Values: 6.5625 2.0625 17.6875
01-16 19:13:38.858 I/System.out(  662): Values: 6.8125 1.8125 16.6875
01-16 19:13:39.859 I/System.out(  662): Values: 7.3125 0.5625 16.9375
01-16 19:13:40.860 I/System.out(  662): Values: 6.8125 1.0625 16.9375
01-16 19:13:41.861 I/System.out(  662): Values: 6.8125 1.5625 17.6875
01-16 19:13:42.862 I/System.out(  662): Values: 6.5625 1.3125 16.4375
01-16 19:13:43.863 I/System.out(  662): Values: 7.3125 1.5625 16.9375
01-16 19:13:44.864 I/System.out(  662): Values: 6.5625 1.0625 17.4375
01-16 19:13:45.855 I/System.out(  662): Values: 7.3125 1.3125 17.1875
01-16 19:13:46.856 I/System.out(  662): Values: 6.5625 1.8125 17.1875
01-16 19:13:47.856 I/System.out(  662): Values: 7.0625 0.8125 17.4375
01-16 19:13:48.857 I/System.out(  662): Values: 7.5625 0.0625 16.4375
01-16 19:13:49.858 I/System.out(  662): Values: 7.5625 0.5625 17.1875
01-16 19:13:50.859 I/System.out(  662): Values: 7.0625 1.0625 17.4375
01-16 19:13:51.860 I/System.out(  662): Values: 7.5625 0.5625 17.9375
01-16 19:13:52.861 I/System.out(  662): Values: 7.3125 1.0625 17.1875
01-16 19:13:53.862 I/System.out(  662): Values: 7.5625 0.5625 16.6875
01-16 19:13:54.863 I/System.out(  662): Values: 7.0625 0.3125 17.1875
01-16 19:13:55.864 I/System.out(  662): Values: 7.0625 0.5625 17.6875
01-16 19:13:56.855 I/System.out(  662): Values: 7.5625 0.8125 16.6875
01-16 19:13:57.856 I/System.out(  662): Values: 7.5625 1.0625 16.9375
01-16 19:13:58.857 I/System.out(  662): Values: 7.3125 0.3125 17.1875
01-16 19:13:59.858 I/System.out(  662): Values: 7.5625 1.3125 16.6875
01-16 19:14:00.859 I/System.out(  662): Values: 7.3125 0.8125 17.1875
01-16 19:14:01.860 I/System.out(  662): Values: 7.0625 1.8125 17.1875
01-16 19:14:02.861 I/System.out(  662): Values: 6.8125 1.5625 17.9375
01-16 19:14:03.862 I/System.out(  662): Values: 6.0625 1.0625 16.9375
01-16 19:14:03.972 D/dalvikvm(  171): GC_CONCURRENT freed 645K, 46% free 4833K/8903K, external 35K/547K, paused 10ms+6ms
01-16 19:14:04.863 I/System.out(  662): Values: 7.5625 1.5625 16.9375
01-16 19:14:05.864 I/System.out(  662): Values: 6.5625 1.3125 16.6875
01-16 19:14:06.855 I/System.out(  662): Values: 7.0625 1.0625 17.1875
01-16 19:14:07.856 I/System.out(  662): Values: 7.3125 0.3125 17.1875
01-16 19:14:08.857 I/System.out(  662): Values: 6.5625 0.3125 16.6875
01-16 19:14:09.858 I/System.out(  662): Values: 6.3125 0.8125 17.1875
01-16 19:14:10.859 I/System.out(  662): Values: 7.8125 1.0625 17.1875
01-16 19:14:11.860 I/System.out(  662): Values: 7.3125 0.3125 17.6875
01-16 19:14:12.861 I/System.out(  662): Values: 7.5625 0.3125 17.6875
01-16 19:14:13.862 I/System.out(  662): Values: 7.5625 1.0625 17.1875
01-16 19:14:14.863 I/System.out(  662): Values: 6.3125 0.8125 17.1875
01-16 19:14:15.864 I/System.out(  662): Values: 7.8125 0.8125 17.9375
01-16 19:14:16.855 I/System.out(  662): Values: 6.8125 0.8125 17.1875
01-16 19:14:17.856 I/System.out(  662): Values: 6.5625 1.0625 17.4375
01-16 19:14:18.857 I/System.out(  662): Values: 7.0625 1.3125 17.6875
01-16 19:14:19.858 I/System.out(  662): Values: 6.8125 1.5625 17.1875
01-16 19:14:20.859 I/System.out(  662): Values: 6.5625 0.8125 17.6875
01-16 19:14:21.860 I/System.out(  662): Values: 6.3125 1.0625 18.1875
01-16 19:14:22.861 I/System.out(  662): Values: 7.0625 0.8125 16.6875
01-16 19:14:23.862 I/System.out(  662): Values: 6.3125 2.3125 17.1875
01-16 19:14:24.863 I/System.out(  662): Values: 6.8125 0.8125 17.6875
01-16 19:14:25.864 I/System.out(  662): Values: 6.8125 0.5625 17.1875
01-16 19:14:26.865 I/System.out(  662): Values: 7.3125 1.5625 16.9375
01-16 19:14:27.866 I/System.out(  662): Values: 7.3125 1.3125 17.9375
01-16 19:14:28.867 I/System.out(  662): Values: 7.0625 1.0625 16.6875
01-16 19:14:29.867 I/System.out(  662): Values: 6.8125 1.5625 16.6875
01-16 19:14:30.868 I/System.out(  662): Values: 6.5625 0.8125 16.9375
01-16 19:14:30.868 I/System.out(  662): Battery level end is reached
01-16 19:14:30.868 I/System.out(  662): Time difference in secs is: 253
01-16 19:14:31.869 I/System.out(  662): Values: 7.5625 1.0625 17.4375
01-16 19:14:31.869 I/System.out(  662): Time difference in secs is: 253
01-16 19:14:32.870 I/System.out(  662): Values: 7.8125 1.0625 16.9375
01-16 19:14:32.870 I/System.out(  662): Time difference in secs is: 253
01-16 19:14:33.871 I/System.out(  662): Values: 7.8125 1.0625 17.1875
01-16 19:14:33.871 I/System.out(  662): Time difference in secs is: 253
01-16 19:14:34.872 I/System.out(  662): Values: 7.0625 1.0625 17.6875
01-16 19:14:34.872 I/System.out(  662): Time difference in secs is: 253
01-16 19:14:35.873 I/System.out(  662): Values: 6.5625 0.8125 17.1875
01-16 19:14:35.873 I/System.out(  662): Time difference in secs is: 253
01-16 19:14:36.874 I/System.out(  662): Values: 7.5625 1.0625 16.9375
01-16 19:14:36.874 I/System.out(  662): Time difference in secs is: 253
01-16 19:14:37.865 I/System.out(  662): Values: 7.3125 0.5625 17.6875
01-16 19:14:37.865 I/System.out(  662): Time difference in secs is: 253
01-16 19:14:38.866 I/System.out(  662): Values: 7.8125 0.5625 17.1875
01-16 19:14:38.866 I/System.out(  662): Time difference in secs is: 253
01-16 19:14:39.867 I/System.out(  662): Values: 6.5625 1.5625 17.6875
01-16 19:14:39.877 I/System.out(  662): Time difference in secs is: 253
01-16 19:14:40.878 I/System.out(  662): Values: 6.0625 0.5625 16.9375
01-16 19:14:40.878 I/System.out(  662): Time difference in secs is: 253
01-16 19:14:41.879 I/System.out(  662): Values: 6.8125 0.3125 17.1875
01-16 19:14:41.879 I/System.out(  662): Time difference in secs is: 253
01-16 19:14:42.870 I/System.out(  662): Values: 7.5625 1.0625 16.6875
01-16 19:14:42.880 I/System.out(  662): Time difference in secs is: 253
01-16 19:14:43.871 I/System.out(  662): Values: 7.3125 1.8125 16.9375
01-16 19:14:43.881 I/System.out(  662): Time difference in secs is: 253
01-16 19:14:44.872 I/System.out(  662): Values: 6.8125 1.3125 16.6875
01-16 19:14:44.882 I/System.out(  662): Time difference in secs is: 253
01-16 19:14:45.873 I/System.out(  662): Values: 7.5625 1.0625 17.4375
01-16 19:14:45.883 I/System.out(  662): Time difference in secs is: 253
01-16 19:14:46.874 I/System.out(  662): Values: 6.8125 1.3125 16.6875
01-16 19:14:46.884 I/System.out(  662): Time difference in secs is: 253
01-16 19:14:47.865 I/System.out(  662): Values: 7.3125 0.5625 17.9375
01-16 19:14:47.875 I/System.out(  662): Time difference in secs is: 253
01-16 19:14:48.866 I/System.out(  662): Values: 7.5625 1.3125 16.4375
01-16 19:14:48.876 I/System.out(  662): Time difference in secs is: 253
01-16 19:14:49.867 I/System.out(  662): Values: 7.5625 1.5625 17.1875
01-16 19:14:49.877 I/System.out(  662): Time difference in secs is: 253
01-16 19:14:50.878 I/System.out(  662): Values: 7.0625 0.3125 16.9375
01-16 19:14:50.878 I/System.out(  662): Time difference in secs is: 253
01-16 19:14:51.879 I/System.out(  662): Values: 6.8125 0.8125 16.9375
01-16 19:14:51.879 I/System.out(  662): Time difference in secs is: 253
01-16 19:14:52.880 I/System.out(  662): Values: 6.8125 1.3125 17.1875
01-16 19:14:52.880 I/System.out(  662): Time difference in secs is: 253
01-16 19:14:53.881 I/System.out(  662): Values: 6.3125 -0.1875 17.6875
01-16 19:14:53.881 I/System.out(  662): Time difference in secs is: 253
01-16 19:14:54.882 I/System.out(  662): Values: 7.3125 1.3125 17.6875
01-16 19:14:54.882 I/System.out(  662): Time difference in secs is: 253
01-16 19:14:55.883 I/System.out(  662): Values: 6.3125 0.0625 17.6875
01-16 19:14:55.883 I/System.out(  662): Time difference in secs is: 253
01-16 19:14:56.884 I/System.out(  662): Values: 6.5625 1.0625 17.1875
01-16 19:14:56.884 I/System.out(  662): Time difference in secs is: 253
01-16 19:14:57.885 I/System.out(  662): Values: 7.3125 0.3125 16.1875
01-16 19:14:57.885 I/System.out(  662): Time difference in secs is: 253
01-16 19:14:58.886 I/System.out(  662): Values: 6.5625 1.3125 17.1875
01-16 19:14:58.886 I/System.out(  662): Time difference in secs is: 253
01-16 19:14:59.877 I/System.out(  662): Values: 7.8125 0.8125 17.4375
01-16 19:14:59.877 I/System.out(  662): Time difference in secs is: 253
01-16 19:15:00.878 I/System.out(  662): Values: 7.3125 0.8125 17.1875
01-16 19:15:00.878 I/System.out(  662): Time difference in secs is: 253
01-16 19:15:01.879 I/System.out(  662): Values: 7.0625 0.8125 17.1875
01-16 19:15:01.899 I/System.out(  662): Time difference in secs is: 253
01-16 19:15:01.979 D/dalvikvm(  662): GC_CONCURRENT freed 389K, 55% free 2544K/5639K, external 8K/519K, paused 9ms+2ms
01-16 19:15:02.880 I/System.out(  662): Values: 7.0625 -0.1875 16.9375
01-16 19:15:02.880 I/System.out(  662): Time difference in secs is: 253
01-16 19:15:03.881 I/System.out(  662): Values: 6.5625 0.3125 17.4375
01-16 19:15:03.881 I/System.out(  662): Time difference in secs is: 253
01-16 19:15:04.882 I/System.out(  662): Values: 7.3125 1.0625 17.1875
01-16 19:15:04.882 I/System.out(  662): Time difference in secs is: 253
01-16 19:15:05.883 I/System.out(  662): Values: 6.8125 0.3125 17.6875
01-16 19:15:05.883 I/System.out(  662): Time difference in secs is: 253
01-16 19:15:06.884 I/System.out(  662): Values: 6.8125 0.3125 17.1875
01-16 19:15:06.884 I/System.out(  662): Time difference in secs is: 253
01-16 19:15:07.875 I/System.out(  662): Values: 7.3125 0.5625 16.4375
01-16 19:15:07.875 I/System.out(  662): Time difference in secs is: 253
01-16 19:15:08.876 I/System.out(  662): Values: 7.0625 0.5625 17.4375
01-16 19:15:08.876 I/System.out(  662): Time difference in secs is: 253
01-16 19:15:09.877 I/System.out(  662): Values: 7.3125 0.8125 18.1875
01-16 19:15:09.877 I/System.out(  662): Time difference in secs is: 253
01-16 19:15:10.877 I/System.out(  662): Values: 7.0625 0.5625 16.9375
01-16 19:15:10.877 I/System.out(  662): Time difference in secs is: 253
01-16 19:15:11.878 I/System.out(  662): Values: 7.0625 0.3125 16.9375
01-16 19:15:11.878 I/System.out(  662): Time difference in secs is: 253
01-16 19:15:12.879 I/System.out(  662): Values: 6.8125 0.3125 16.9375
01-16 19:15:12.879 I/System.out(  662): Time difference in secs is: 253
01-16 19:15:13.880 I/System.out(  662): Values: 6.3125 -0.4375 17.4375
01-16 19:15:13.880 I/System.out(  662): Time difference in secs is: 253
01-16 19:15:14.881 I/System.out(  662): Values: 5.8125 0.3125 16.6875
01-16 19:15:14.881 I/System.out(  662): Time difference in secs is: 253
01-16 19:15:15.882 I/System.out(  662): Values: 6.3125 0.3125 17.1875
01-16 19:15:15.882 I/System.out(  662): Time difference in secs is: 253
01-16 19:15:16.883 I/System.out(  662): Values: 13.8125 3.0625 14.9375
01-16 19:15:16.883 I/System.out(  662): Time difference in secs is: 253
01-16 19:15:17.023 I/WindowManager(  171): Setting rotation to 3, animFlags=0
01-16 19:15:17.044 I/ActivityManager(  171): Config changed: { scale=1.0 imsi=0/0 loc=en_GB touch=3 keys=1/1/2 nav=3/1 orien=2 layout=34 uiMode=17 seq=3 themeResource=null}
01-16 19:15:17.154 D/szipinf (  171): Initializing inflate state
01-16 19:15:17.214 I/PowerWidget(  241): Clearing any old widget stuffs
01-16 19:15:17.224 I/PowerWidget(  241): Setting up widget
01-16 19:15:17.224 I/PowerWidget(  241): Default buttons being loaded
01-16 19:15:17.224 I/PowerWidget(  241): Button list: toggleWifi|toggleBluetooth|toggleGPS|toggleSound
01-16 19:15:17.224 I/PowerWidget(  241): Setting up button: toggleWifi
01-16 19:15:17.234 I/PowerWidget(  241): Setting up button: toggleBluetooth
01-16 19:15:17.234 I/PowerWidget(  241): Setting up button: toggleGPS
01-16 19:15:17.244 I/PowerWidget(  241): Setting up button: toggleSound
01-16 19:15:17.374 I/ActivityManager(  171): Start proc com.android.protips for broadcast com.android.protips/.ProtipWidget: pid=700 uid=10048 gids={}
01-16 19:15:17.384 D/szipinf (  171): Initializing inflate state
01-16 19:15:17.404 D/szipinf (  171): Initializing inflate state
01-16 19:15:17.414 D/szipinf (  171): Initializing inflate state
01-16 19:15:17.444 D/szipinf (  171): Initializing inflate state
01-16 19:15:17.514 I/WindowManager(  171): Setting rotation to 0, animFlags=0
01-16 19:15:17.534 I/ActivityManager(  171): Config changed: { scale=1.0 imsi=0/0 loc=en_GB touch=3 keys=1/1/2 nav=3/1 orien=1 layout=34 uiMode=17 seq=4 themeResource=null}
01-16 19:15:17.664 I/ActivityManager(  171): No longer want com.cyanogenmod.cmparts (pid 555): hidden #16
01-16 19:15:17.684 I/PowerWidget(  241): Clearing any old widget stuffs
01-16 19:15:17.694 I/PowerWidget(  241): Setting up widget
01-16 19:15:17.694 I/PowerWidget(  241): Default buttons being loaded
01-16 19:15:17.694 I/PowerWidget(  241): Button list: toggleWifi|toggleBluetooth|toggleGPS|toggleSound
01-16 19:15:17.694 I/PowerWidget(  241): Setting up button: toggleWifi
01-16 19:15:17.704 I/PowerWidget(  241): Setting up button: toggleBluetooth
01-16 19:15:17.704 I/PowerWidget(  241): Setting up button: toggleGPS
01-16 19:15:17.704 I/PowerWidget(  241): Setting up button: toggleSound
01-16 19:15:17.884 I/System.out(  662): Values: -12.3125 -22.75 25.6875
01-16 19:15:17.884 I/System.out(  662): Time difference in secs is: 253
01-16 19:15:18.155 I/System.out(  662): Values: -17.25 -18.25 24.6875
01-16 19:15:18.155 I/System.out(  662): Battery level end is reached
01-16 19:15:18.565 I/System.out(  662): Values: -21.25 -9.9375 20.9375
01-16 19:15:18.565 I/System.out(  662): Battery level end is reached
01-16 19:15:18.875 I/System.out(  662): Values: -19.75 -9.6875 18.6875
01-16 19:15:18.885 I/System.out(  662): Time difference in secs is: 253
01-16 19:15:19.156 I/System.out(  662): Values: -18.5 -9.9375 18.9375
01-16 19:15:19.566 I/System.out(  662): Values: -21.5 -9.1875 19.4375
01-16 19:15:19.816 D/dalvikvm(  171): GC_EXPLICIT freed 296K, 46% free 4853K/8903K, external 35K/547K, paused 103ms
01-16 19:15:19.876 I/System.out(  662): Values: -22.75 -5.9375 20.1875
01-16 19:15:19.876 I/System.out(  662): Time difference in secs is: 253
01-16 19:15:20.157 I/System.out(  662): Values: -21.75 -5.4375 18.9375
01-16 19:15:20.567 I/System.out(  662): Values: -21.0 -5.9375 18.1875
01-16 19:15:20.697 I/dalvikvm(  171): Jit: resizing JitTable from 4096 to 8192
01-16 19:15:20.757 D/SettingsAppWidgetProvider(  547): Widget is from a previous version... Let's update
01-16 19:15:20.757 D/SettingsAppWidgetProvider(  547): No instances yet... Wait for at least one instance to exist before adding global settings
01-16 19:15:20.877 I/System.out(  662): Values: -16.75 -13.25 29.6875
01-16 19:15:20.887 I/System.out(  662): Time difference in secs is: 253
01-16 19:15:21.158 I/System.out(  662): Values: 0.3125 -23.5625 27.6875
01-16 19:15:21.568 I/System.out(  662): Values: 35.8125 -25.8125 23.6875
01-16 19:15:21.718 I/WindowManager(  171): Setting rotation to 3, animFlags=0
01-16 19:15:21.738 I/ActivityManager(  171): Config changed: { scale=1.0 imsi=0/0 loc=en_GB touch=3 keys=1/1/2 nav=3/1 orien=2 layout=34 uiMode=17 seq=5 themeResource=null}
01-16 19:15:21.768 W/Vold    (  112): Ignoring unknown switch 'usb_connected'
01-16 19:15:21.858 D/Vold    (  112): USB connected
01-16 19:15:21.858 D/Vold    (  112): Share method ums now available
01-16 19:15:21.878 W/ApplicationContext(  171): Unable to create files directory
01-16 19:15:21.878 I/System.out(  662): Values: 46.5 -3.0 8.6875
01-16 19:15:21.888 I/System.out(  662): Time difference in secs is: 253
01-16 19:15:21.898 D/WriteApps(  171): Error: java.lang.NullPointerException
01-16 19:15:21.918 V/NotificationService(  171): Active profile: Default
01-16 19:15:21.928 I/PROFILE (  171): Group: Gmail containing : android : false
01-16 19:15:21.928 I/PROFILE (  171): Group: Phone containing : android : false
01-16 19:15:21.928 I/PROFILE (  171): Group: Calendar containing : android : false
01-16 19:15:21.928 I/PROFILE (  171): Group: Email containing : android : false
01-16 19:15:21.928 I/PROFILE (  171): Group: SMS containing : android : false
01-16 19:15:21.928 V/ProfileManager(  171): No active group, returning default: Other
01-16 19:15:21.928 V/NotificationService(  171): Pkg: android group: Other
01-16 19:15:21.938 D/Tethering(  171): sendTetherStateChangedBroadcast 1, 0, 0
01-16 19:15:21.938 D/Tethering(  171): interfaceAdded :usb0
01-16 19:15:21.938 I/PowerWidget(  241): Clearing any old widget stuffs
01-16 19:15:21.948 I/PowerWidget(  241): Setting up widget
01-16 19:15:21.948 I/PowerWidget(  241): Default buttons being loaded
01-16 19:15:21.948 I/PowerWidget(  241): Button list: toggleWifi|toggleBluetooth|toggleGPS|toggleSound
01-16 19:15:21.948 I/PowerWidget(  241): Setting up button: toggleWifi
01-16 19:15:21.958 I/PowerWidget(  241): Setting up button: toggleBluetooth
01-16 19:15:21.958 I/PowerWidget(  241): Setting up button: toggleGPS
01-16 19:15:21.958 I/PowerWidget(  241): Setting up button: toggleSound
01-16 19:15:21.978 I/StorageNotification(  241): UMS connection changed to true (media state mounted)
01-16 19:15:21.988 V/NotificationService(  171): Active profile: Default
01-16 19:15:21.988 I/PROFILE (  171): Group: Gmail containing : com.android.systemui : false
01-16 19:15:21.988 I/PROFILE (  171): Group: Phone containing : com.android.systemui : false
01-16 19:15:21.988 I/PROFILE (  171): Group: Calendar containing : com.android.systemui : false
01-16 19:15:21.988 I/PROFILE (  171): Group: Email containing : com.android.systemui : false
01-16 19:15:21.988 I/PROFILE (  171): Group: SMS containing : com.android.systemui : false
01-16 19:15:21.988 V/ProfileManager(  171): No active group, returning default: Other
01-16 19:15:21.988 V/NotificationService(  171): Pkg: com.android.systemui group: Other
01-16 19:15:22.108 D/dalvikvm(  241): GC_EXTERNAL_ALLOC freed 345K, 52% free 2860K/5895K, external 903K/993K, paused 40ms
01-16 19:15:22.158 I/System.out(  662): Values: 30.875 -2.25 -10.3125
01-16 19:15:22.549 D/dalvikvm(  668): GC_CONCURRENT freed 406K, 55% free 2530K/5575K, external 0K/0K, paused 7ms+2ms
01-16 19:15:22.569 I/System.out(  662): Values: 21.4375 -7.75 -16.8125
01-16 19:15:22.829 I/System.out(  662): Values: 20.6875 -7.75 -17.5625
01-16 19:15:22.829 I/System.out(  662): Battery level end is reached
01-16 19:15:22.889 I/System.out(  662): Values: 20.6875 -7.5 -17.5625
01-16 19:15:22.889 I/System.out(  662): Time difference in secs is: 253
01-16 19:15:23.159 I/System.out(  662): Values: 19.4375 -7.25 -17.5625
01-16 19:15:23.570 I/System.out(  662): Values: 20.6875 -7.5 -17.5625
01-16 19:15:23.830 I/System.out(  662): Values: 20.1875 -8.25 -17.0625
01-16 19:15:23.880 I/System.out(  662): Values: 19.9375 -7.5 -17.0625
01-16 19:15:23.890 I/System.out(  662): Time difference in secs is: 253
01-16 19:15:24.050 D/dalvikvm(  171): GC_EXPLICIT freed 263K, 46% free 4853K/8903K, external 35K/547K, paused 101ms
01-16 19:15:24.160 I/System.out(  662): Values: 20.1875 -7.75 -16.0625
01-16 19:15:24.571 I/System.out(  662): Values: 19.9375 -7.5 -17.3125
01-16 19:15:24.831 I/System.out(  662): Values: 19.9375 -8.25 -17.3125
01-16 19:15:24.891 I/System.out(  662): Values: 20.9375 -8.0 -16.5625
01-16 19:15:24.891 I/System.out(  662): Time difference in secs is: 253
01-16 19:15:25.161 I/System.out(  662): Values: 20.6875 -7.75 -15.3125
01-16 19:15:25.572 I/System.out(  662): Values: 20.9375 -8.5 -15.5625
01-16 19:15:25.832 I/System.out(  662): Values: 21.4375 -7.5 -15.0625
01-16 19:15:25.892 I/System.out(  662): Values: 21.6875 -7.5 -14.8125
01-16 19:15:25.892 I/System.out(  662): Time difference in secs is: 253
01-16 19:15:26.162 I/System.out(  662): Values: 21.1875 -8.0 -14.3125
01-16 19:15:26.573 I/System.out(  662): Values: 21.1875 -7.75 -15.5625
01-16 19:15:26.833 I/System.out(  662): Values: 21.4375 -8.0 -15.0625
01-16 19:15:26.883 I/System.out(  662): Values: 21.6875 -7.75 -14.8125
01-16 19:15:26.893 I/System.out(  662): Time difference in secs is: 253
01-16 19:15:27.043 D/dalvikvm(  383): GC_EXPLICIT freed 38K, 55% free 2615K/5703K, external 0K/0K, paused 72ms
01-16 19:15:27.163 I/System.out(  662): Values: 21.6875 -8.0 -15.3125
01-16 19:15:27.574 I/System.out(  662): Values: 21.4375 -8.25 -14.3125
01-16 19:15:27.834 I/System.out(  662): Values: 21.4375 -7.0 -14.5625
01-16 19:15:27.894 I/System.out(  662): Values: 21.1875 -7.5 -14.3125
01-16 19:15:27.894 I/System.out(  662): Time difference in secs is: 253
01-16 19:15:28.164 I/System.out(  662): Values: 21.4375 -7.75 -15.3125
01-16 19:15:28.565 I/System.out(  662): Values: 21.6875 -7.25 -15.3125
01-16 19:15:28.835 I/System.out(  662): Values: 21.1875 -7.75 -14.8125
01-16 19:15:28.895 I/System.out(  662): Values: 21.4375 -7.75 -14.8125
01-16 19:15:28.895 I/System.out(  662): Time difference in secs is: 253
01-16 19:15:29.165 I/System.out(  662): Values: 21.6875 -7.75 -14.8125
01-16 19:15:29.566 I/System.out(  662): Values: 21.4375 -7.75 -14.3125
01-16 19:15:29.836 I/System.out(  662): Values: 20.9375 -6.25 -14.8125
01-16 19:15:29.896 I/System.out(  662): Values: 21.1875 -6.5 -14.8125
01-16 19:15:29.896 I/System.out(  662): Time difference in secs is: 253
01-16 19:15:30.156 I/System.out(  662): Values: 21.9375 -7.25 -14.5625
01-16 19:15:30.577 I/System.out(  662): Values: 21.6875 -7.25 -14.3125
01-16 19:15:30.837 I/System.out(  662): Values: 21.4375 -7.75 -15.0625
01-16 19:15:30.887 I/System.out(  662): Values: 21.1875 -8.0 -15.5625
01-16 19:15:30.887 I/System.out(  662): Time difference in secs is: 253
01-16 19:15:31.157 I/System.out(  662): Values: 20.6875 -8.25 -14.8125
01-16 19:15:31.568 I/System.out(  662): Values: 21.4375 -7.5 -14.5625
01-16 19:15:31.838 I/System.out(  662): Values: 22.1875 -8.0 -14.5625
01-16 19:15:31.888 I/System.out(  662): Values: 21.6875 -8.25 -14.5625
01-16 19:15:31.888 I/System.out(  662): Time difference in secs is: 253
01-16 19:15:32.028 D/dalvikvm(  513): GC_EXPLICIT freed 218K, 56% free 2572K/5767K, external 0K/0K, paused 56ms
01-16 19:15:32.158 I/System.out(  662): Values: 20.6875 -8.0 -15.0625
01-16 19:15:32.569 I/System.out(  662): Values: 22.1875 -7.5 -15.5625
01-16 19:15:32.839 I/System.out(  662): Values: 21.1875 -7.5 -14.5625
01-16 19:15:32.889 I/System.out(  662): Values: 20.9375 -7.25 -14.3125
01-16 19:15:32.889 I/System.out(  662): Time difference in secs is: 253
01-16 19:15:33.159 I/System.out(  662): Values: 20.9375 -7.25 -15.0625
01-16 19:15:33.570 I/System.out(  662): Values: 21.1875 -7.75 -13.5625
01-16 19:15:33.840 I/System.out(  662): Values: 20.4375 -7.0 -14.8125
01-16 19:15:33.890 I/System.out(  662): Values: 21.1875 -7.5 -15.3125
01-16 19:15:33.890 I/System.out(  662): Time difference in secs is: 253
01-16 19:15:34.160 I/System.out(  662): Values: 20.4375 -8.0 -14.5625
01-16 19:15:34.571 I/System.out(  662): Values: 21.4375 -7.0 -13.8125
01-16 19:15:34.841 I/System.out(  662): Values: 21.4375 -7.5 -13.8125
01-16 19:15:34.891 I/System.out(  662): Values: 21.1875 -7.75 -14.3125
01-16 19:15:34.891 I/System.out(  662): Time difference in secs is: 253
01-16 19:15:35.161 I/System.out(  662): Values: 20.6875 -7.75 -15.3125
01-16 19:15:35.572 I/System.out(  662): Values: 21.1875 -6.75 -14.0625
01-16 19:15:35.842 I/System.out(  662): Values: 21.1875 -7.75 -13.8125
01-16 19:15:35.892 I/System.out(  662): Values: 21.4375 -7.25 -14.0625
01-16 19:15:35.892 I/System.out(  662): Time difference in secs is: 253
01-16 19:15:36.162 I/System.out(  662): Values: 21.1875 -7.25 -14.5625
01-16 19:15:36.573 I/System.out(  662): Values: 20.9375 -7.75 -14.3125
01-16 19:15:36.843 I/System.out(  662): Values: 20.9375 -7.5 -14.0625
01-16 19:15:36.893 I/System.out(  662): Values: 20.9375 -7.25 -14.0625
01-16 19:15:36.893 I/System.out(  662): Time difference in secs is: 253
01-16 19:15:37.033 D/dalvikvm(  523): GC_EXPLICIT freed 80K, 55% free 2549K/5639K, external 0K/0K, paused 56ms
01-16 19:15:37.163 I/System.out(  662): Values: 20.9375 -7.25 -14.5625
01-16 19:15:37.574 I/System.out(  662): Values: 20.9375 -7.5 -13.8125
01-16 19:15:37.844 I/System.out(  662): Values: 21.4375 -7.25 -14.8125
01-16 19:15:37.894 I/System.out(  662): Values: 21.6875 -6.75 -14.5625
01-16 19:15:37.894 I/System.out(  662): Time difference in secs is: 253
01-16 19:15:38.164 I/System.out(  662): Values: 21.6875 -7.5 -15.5625
01-16 19:15:38.575 I/System.out(  662): Values: 21.6875 -7.5 -14.8125
01-16 19:15:38.845 I/System.out(  662): Values: 21.4375 -7.0 -14.5625
01-16 19:15:38.885 I/System.out(  662): Values: 21.6875 -7.5 -14.0625
01-16 19:15:38.885 I/System.out(  662): Time difference in secs is: 253
01-16 19:15:39.165 I/System.out(  662): Values: 21.6875 -7.5 -15.0625
01-16 19:15:39.565 I/System.out(  662): Values: 21.9375 -7.0 -14.3125
01-16 19:15:39.846 I/System.out(  662): Values: 20.9375 -7.5 -14.0625
01-16 19:15:39.886 I/System.out(  662): Values: 20.1875 -8.0 -15.0625
01-16 19:15:39.886 I/System.out(  662): Time difference in secs is: 253
01-16 19:15:40.166 I/System.out(  662): Values: 21.1875 -7.75 -14.3125
01-16 19:15:40.576 I/System.out(  662): Values: 21.1875 -7.75 -14.0625
01-16 19:15:40.837 I/System.out(  662): Values: 21.4375 -7.25 -14.5625
01-16 19:15:40.897 I/System.out(  662): Values: 21.4375 -7.0 -14.0625
01-16 19:15:40.897 I/System.out(  662): Time difference in secs is: 253
01-16 19:15:41.167 I/System.out(  662): Values: 20.6875 -7.25 -14.5625
01-16 19:15:41.567 I/System.out(  662): Values: 20.4375 -8.0 -14.5625
01-16 19:15:41.838 I/System.out(  662): Values: 20.9375 -8.0 -14.5625
01-16 19:15:41.898 I/System.out(  662): Values: 20.9375 -7.75 -14.5625
01-16 19:15:41.898 I/System.out(  662): Time difference in secs is: 253
01-16 19:15:42.058 D/dalvikvm(  547): GC_EXPLICIT freed 115K, 54% free 2638K/5639K, external 0K/0K, paused 75ms
01-16 19:15:42.158 I/System.out(  662): Values: 21.1875 -7.25 -14.5625
01-16 19:15:42.568 I/System.out(  662): Values: 19.9375 -7.25 -14.3125
01-16 19:15:42.839 I/System.out(  662): Values: 21.6875 -8.25 -14.8125
01-16 19:15:42.889 I/System.out(  662): Values: 21.6875 -8.0 -15.0625
01-16 19:15:42.889 I/System.out(  662): Time difference in secs is: 253
01-16 19:15:43.159 I/System.out(  662): Values: 20.4375 -7.75 -14.5625
01-16 19:15:43.569 I/System.out(  662): Values: 21.4375 -8.25 -14.0625
01-16 19:15:43.840 I/System.out(  662): Values: 20.6875 -7.75 -14.3125
01-16 19:15:43.890 I/System.out(  662): Values: 20.6875 -8.0 -14.5625
01-16 19:15:43.890 I/System.out(  662): Time difference in secs is: 253
01-16 19:15:44.170 I/System.out(  662): Values: 20.9375 -7.25 -15.0625
01-16 19:15:44.570 I/System.out(  662): Values: 21.1875 -7.5 -14.0625
01-16 19:15:44.841 I/System.out(  662): Values: 19.6875 -7.75 -13.8125
01-16 19:15:44.891 I/System.out(  662): Values: 19.9375 -7.5 -12.8125
01-16 19:15:44.891 I/System.out(  662): Time difference in secs is: 253
01-16 19:15:45.161 I/System.out(  662): Values: 21.1875 -8.0 -13.8125
01-16 19:15:45.571 I/System.out(  662): Values: 21.1875 -7.0 -14.3125
01-16 19:15:45.842 I/System.out(  662): Values: 21.6875 -6.75 -14.5625
01-16 19:15:45.892 I/System.out(  662): Values: 21.6875 -7.0 -14.3125
01-16 19:15:45.892 I/System.out(  662): Time difference in secs is: 253
01-16 19:15:46.162 I/System.out(  662): Values: 21.4375 -7.5 -14.0625
01-16 19:15:46.572 I/System.out(  662): Values: 21.4375 -8.5 -14.5625
01-16 19:15:46.843 I/System.out(  662): Values: 20.9375 -7.5 -14.0625
01-16 19:15:46.893 I/System.out(  662): Values: 20.6875 -7.0 -13.8125
01-16 19:15:46.893 I/System.out(  662): Time difference in secs is: 253
01-16 19:15:47.083 D/dalvikvm(  617): GC_EXPLICIT freed 226K, 53% free 2762K/5767K, external 0K/0K, paused 88ms
01-16 19:15:47.163 I/System.out(  662): Values: 20.9375 -8.25 -13.8125
01-16 19:15:47.573 I/System.out(  662): Values: 21.1875 -7.75 -14.3125
01-16 19:15:47.844 I/System.out(  662): Values: 21.1875 -6.75 -13.8125
01-16 19:15:47.894 I/System.out(  662): Values: 21.4375 -7.0 -13.5625
01-16 19:15:47.894 I/System.out(  662): Time difference in secs is: 253
01-16 19:15:48.164 I/System.out(  662): Values: 21.4375 -8.0 -14.3125
01-16 19:15:48.574 I/System.out(  662): Values: 20.9375 -7.25 -14.8125
01-16 19:15:48.835 I/System.out(  662): Values: 20.9375 -6.75 -13.8125
01-16 19:15:48.895 I/System.out(  662): Values: 20.9375 -7.0 -14.3125
01-16 19:15:48.895 I/System.out(  662): Time difference in secs is: 253
01-16 19:15:49.165 I/System.out(  662): Values: 20.9375 -7.75 -14.5625
01-16 19:15:49.575 I/System.out(  662): Values: 20.6875 -7.0 -14.0625
01-16 19:15:49.835 I/System.out(  662): Values: 20.9375 -7.75 -14.5625
01-16 19:15:49.886 I/System.out(  662): Values: 20.6875 -7.5 -14.8125
01-16 19:15:49.886 I/System.out(  662): Time difference in secs is: 253
01-16 19:15:50.166 I/System.out(  662): Values: 20.6875 -7.5 -14.5625
01-16 19:15:50.566 I/System.out(  662): Values: 20.6875 -7.75 -13.8125
01-16 19:15:50.846 I/System.out(  662): Values: 21.6875 -7.25 -15.0625
01-16 19:15:50.897 I/System.out(  662): Values: 21.9375 -7.25 -14.5625
01-16 19:15:50.897 I/System.out(  662): Time difference in secs is: 253
01-16 19:15:51.167 I/System.out(  662): Values: 21.1875 -7.0 -13.3125
01-16 19:15:51.577 I/System.out(  662): Values: 21.4375 -6.25 -14.3125
01-16 19:15:51.647 D/dalvikvm(  662): GC_CONCURRENT freed 345K, 55% free 2587K/5639K, external 8K/519K, paused 5ms+2ms
01-16 19:15:51.837 I/System.out(  662): Values: 21.1875 -7.75 -13.8125
01-16 19:15:51.898 I/System.out(  662): Values: 20.9375 -7.25 -14.3125
01-16 19:15:51.898 I/System.out(  662): Time difference in secs is: 253
01-16 19:15:52.168 I/System.out(  662): Values: 20.9375 -7.0 -13.3125
01-16 19:15:52.568 I/System.out(  662): Values: 21.4375 -7.75 -13.8125
01-16 19:15:52.848 I/System.out(  662): Values: 0.5625 1.375 -26.875
01-16 19:15:52.888 I/System.out(  662): Values: 0.5625 1.125 -26.875
01-16 19:15:52.888 I/System.out(  662): Time difference in secs is: 253
01-16 19:15:53.169 I/System.out(  662): Values: 1.3125 1.375 -26.125
01-16 19:15:53.569 I/System.out(  662): Values: 1.5625 1.625 -26.375
01-16 19:15:53.849 I/System.out(  662): Values: 1.0625 1.375 -27.375
01-16 19:15:53.889 I/System.out(  662): Values: 1.0625 0.625 -27.375
01-16 19:15:53.889 I/System.out(  662): Time difference in secs is: 253
01-16 19:15:54.170 I/System.out(  662): Values: 0.8125 1.125 -26.625
01-16 19:15:54.570 I/System.out(  662): Values: 1.0625 1.125 -26.625
01-16 19:15:54.840 I/System.out(  662): Values: 1.0625 1.625 -26.375
01-16 19:15:54.890 I/System.out(  662): Values: 0.8125 1.375 -26.625
01-16 19:15:54.890 I/System.out(  662): Time difference in secs is: 253
01-16 19:15:55.171 I/System.out(  662): Values: 0.8125 2.125 -26.875
01-16 19:15:55.571 I/System.out(  662): Values: 1.8125 2.125 -26.875
01-16 19:15:55.841 I/System.out(  662): Values: 1.0625 2.125 -26.625
01-16 19:15:55.891 I/System.out(  662): Values: 0.5625 1.375 -26.625
01-16 19:15:55.891 I/System.out(  662): Time difference in secs is: 253
01-16 19:15:56.172 I/System.out(  662): Values: 0.8125 0.625 -26.125
01-16 19:15:56.572 I/System.out(  662): Values: 1.3125 0.875 -26.375
01-16 19:15:56.842 I/System.out(  662): Values: 0.8125 1.125 -26.125
01-16 19:15:56.892 I/System.out(  662): Values: 1.5625 1.375 -27.125
01-16 19:15:56.892 I/System.out(  662): Time difference in secs is: 253
01-16 19:15:57.173 I/System.out(  662): Values: 1.5625 0.625 -27.375
01-16 19:15:57.573 I/System.out(  662): Values: 0.3125 0.875 -26.875
01-16 19:15:57.843 I/System.out(  662): Values: 1.0625 1.125 -26.125
01-16 19:15:57.893 I/System.out(  662): Values: 0.8125 1.125 -26.625
01-16 19:15:57.893 I/System.out(  662): Time difference in secs is: 253
01-16 19:15:58.174 I/System.out(  662): Values: -0.1875 1.125 -26.375
01-16 19:15:58.574 I/System.out(  662): Values: 0.8125 2.125 -27.375
01-16 19:15:58.844 I/System.out(  662): Values: 0.8125 1.875 -26.375
01-16 19:15:58.894 I/System.out(  662): Values: 0.8125 1.375 -26.375
01-16 19:15:58.894 I/System.out(  662): Time difference in secs is: 253
01-16 19:15:59.175 I/System.out(  662): Values: 0.0625 1.875 -27.375
01-16 19:15:59.565 I/System.out(  662): Values: 0.5625 1.125 -26.875
01-16 19:15:59.835 I/System.out(  662): Values: 1.0625 1.125 -26.375
01-16 19:15:59.895 I/System.out(  662): Values: 0.8125 1.375 -26.375
01-16 19:15:59.895 I/System.out(  662): Time difference in secs is: 253
01-16 19:16:00.166 I/System.out(  662): Values: 1.0625 1.625 -26.375
01-16 19:16:00.566 I/System.out(  662): Values: 0.3125 1.375 -26.875
01-16 19:16:00.836 I/System.out(  662): Values: 1.3125 1.125 -26.625
01-16 19:16:00.886 I/System.out(  662): Values: 1.0625 1.125 -26.875
01-16 19:16:00.886 I/System.out(  662): Time difference in secs is: 253
01-16 19:16:01.167 I/System.out(  662): Values: 1.0625 1.375 -26.875
01-16 19:16:01.567 I/System.out(  662): Values: 0.3125 1.375 -26.875
01-16 19:16:01.837 I/System.out(  662): Values: 0.3125 1.875 -27.125
01-16 19:16:01.897 I/System.out(  662): Values: 0.3125 2.375 -27.125
01-16 19:16:01.897 I/System.out(  662): Time difference in secs is: 253
01-16 19:16:02.168 I/System.out(  662): Values: 0.5625 1.875 -26.625
01-16 19:16:02.578 I/System.out(  662): Values: 0.5625 2.375 -26.625
01-16 19:16:02.838 I/System.out(  662): Values: 0.0625 0.875 -26.625
01-16 19:16:02.898 I/System.out(  662): Values: 0.5625 1.375 -27.375
01-16 19:16:02.898 I/System.out(  662): Time difference in secs is: 253
01-16 19:16:03.169 I/System.out(  662): Values: 0.5625 1.125 -27.125
01-16 19:16:03.569 I/System.out(  662): Values: 0.8125 2.125 -27.375
01-16 19:16:03.849 I/System.out(  662): Values: 0.8125 1.125 -26.875
01-16 19:16:03.889 I/System.out(  662): Values: 0.8125 1.625 -26.875
01-16 19:16:03.889 I/System.out(  662): Time difference in secs is: 253
01-16 19:16:04.169 I/System.out(  662): Values: 0.5625 2.375 -26.875
01-16 19:16:04.570 I/System.out(  662): Values: 0.3125 1.375 -27.375
01-16 19:16:04.840 I/System.out(  662): Values: 0.8125 1.875 -26.625
01-16 19:16:04.890 I/System.out(  662): Values: 1.0625 1.625 -26.625
01-16 19:16:04.890 I/System.out(  662): Time difference in secs is: 253
01-16 19:16:05.170 I/System.out(  662): Values: 0.0625 1.875 -27.375
01-16 19:16:05.571 I/System.out(  662): Values: 0.3125 1.625 -26.875
01-16 19:16:05.851 I/System.out(  662): Values: 1.5625 1.625 -26.875
01-16 19:16:05.891 I/System.out(  662): Values: 0.5625 2.125 -26.375
01-16 19:16:05.891 I/System.out(  662): Time difference in secs is: 253
01-16 19:16:06.171 I/System.out(  662): Values: 0.3125 1.875 -27.125
01-16 19:16:06.572 I/System.out(  662): Values: 0.8125 1.375 -27.375
01-16 19:16:06.842 I/System.out(  662): Values: 0.8125 1.375 -26.625
01-16 19:16:06.892 I/System.out(  662): Values: 0.8125 1.125 -26.875
01-16 19:16:06.892 I/System.out(  662): Time difference in secs is: 253
01-16 19:16:07.172 I/System.out(  662): Values: 1.3125 1.375 -27.375
01-16 19:16:07.573 I/System.out(  662): Values: 1.8125 1.875 -26.875
01-16 19:16:07.843 I/System.out(  662): Values: 1.8125 1.375 -26.125
01-16 19:16:07.893 I/System.out(  662): Values: 2.0625 0.875 -26.375
01-16 19:16:07.893 I/System.out(  662): Time difference in secs is: 253
01-16 19:16:08.173 I/System.out(  662): Values: 1.0625 1.375 -26.625
01-16 19:16:08.574 I/System.out(  662): Values: -0.1875 1.625 -26.625
01-16 19:16:08.844 I/System.out(  662): Values: 0.0625 1.875 -26.625
01-16 19:16:08.894 I/System.out(  662): Values: 0.3125 1.375 -26.625
01-16 19:16:08.904 I/System.out(  662): Time difference in secs is: 253
01-16 19:16:09.174 I/System.out(  662): Values: 2.3125 1.875 -26.375
01-16 19:16:09.575 I/System.out(  662): Values: 1.0625 0.875 -26.625
01-16 19:16:09.835 I/System.out(  662): Values: 1.3125 1.125 -26.375
01-16 19:16:09.895 I/System.out(  662): Values: 1.0625 1.375 -27.125
01-16 19:16:09.895 I/System.out(  662): Time difference in secs is: 253
01-16 19:16:10.175 I/System.out(  662): Values: 1.3125 1.625 -26.375
01-16 19:16:10.576 I/System.out(  662): Values: -0.4375 2.125 -26.875
01-16 19:16:10.836 I/System.out(  662): Values: 0.0625 1.875 -27.125
01-16 19:16:10.896 I/System.out(  662): Values: -0.1875 1.875 -27.375
01-16 19:16:10.896 I/System.out(  662): Time difference in secs is: 253
01-16 19:16:11.176 I/System.out(  662): Values: 0.3125 1.125 -26.625
01-16 19:16:11.577 I/System.out(  662): Values: 0.3125 1.875 -27.125
01-16 19:16:11.847 I/System.out(  662): Values: 0.8125 1.625 -25.875
01-16 19:16:11.897 I/System.out(  662): Values: 0.8125 2.125 -25.875
01-16 19:16:11.897 I/System.out(  662): Time difference in secs is: 253
01-16 19:16:12.177 I/System.out(  662): Values: 1.3125 0.875 -26.625
