--------- beginning of /dev/log/main
01-14 11:52:10.738 D/AndroidRuntime(  672): 
01-14 11:52:10.738 D/AndroidRuntime(  672): >>>>>> AndroidRuntime START com.android.internal.os.RuntimeInit <<<<<<
01-14 11:52:10.738 I/AndroidRuntime(  672): Heap size: -Xmx32m
01-14 11:52:10.738 D/AndroidRuntime(  672): CheckJNI is OFF
01-14 11:52:10.748 D/dalvikvm(  672): creating instr width table
01-14 11:52:10.989 D/AndroidRuntime(  672): Calling main entry com.android.commands.pm.Pm
--------- beginning of /dev/log/system
01-14 11:52:11.009 I/ActivityManager(  172): Start proc com.android.defcontainer for service com.android.defcontainer/.DefaultContainerService: pid=680 uid=10030 gids={1015, 2001}
01-14 11:52:11.049 D/dalvikvm(  680): Debugger has detached; object registry had 1 entries
01-14 11:52:11.129 D/dalvikvm(  680): GC_EXPLICIT freed 297K, 55% free 2534K/5511K, external 0K/0K, paused 33ms
01-14 11:52:11.839 W/ActivityManager(  172): No content provider found for: 
01-14 11:52:11.990 W/ActivityManager(  172): No content provider found for: 
01-14 11:52:11.990 I/ActivityManager(  172): No longer want com.android.mms (pid 470): hidden #16
01-14 11:52:12.020 D/PackageParser(  172): Scanning package: /data/app/vmdl819903747.tmp
01-14 11:52:12.180 I/PackageManager(  172): Removing non-system package:uk.ac.st_andrews.cs.host.mk74.energymeasurement.proximity
01-14 11:52:12.180 I/ActivityManager(  172): Force stopping package uk.ac.st_andrews.cs.host.mk74.energymeasurement.proximity uid=10063
01-14 11:52:12.370 D/dalvikvm(  172): GC_CONCURRENT freed 1086K, 49% free 4855K/9351K, external 3166K/3864K, paused 4ms+5ms
01-14 11:52:12.370 D/PackageManager(  172): Scanning package uk.ac.st_andrews.cs.host.mk74.energymeasurement.proximity
01-14 11:52:12.390 I/PackageManager(  172): Package uk.ac.st_andrews.cs.host.mk74.energymeasurement.proximity codePath changed from /data/app/uk.ac.st_andrews.cs.host.mk74.energymeasurement.proximity-2.apk to /data/app/uk.ac.st_andrews.cs.host.mk74.energymeasurement.proximity-1.apk; Retaining data and using new
01-14 11:52:12.400 I/PackageManager(  172): Unpacking native libraries for /data/app/uk.ac.st_andrews.cs.host.mk74.energymeasurement.proximity-1.apk
01-14 11:52:12.410 D/installd(  118): DexInv: --- BEGIN '/data/app/uk.ac.st_andrews.cs.host.mk74.energymeasurement.proximity-1.apk' ---
01-14 11:52:12.690 D/dalvikvm(  689): creating instr width table
01-14 11:52:13.071 D/dalvikvm(  689): DexOpt: load 51ms, verify+opt 265ms
01-14 11:52:13.181 D/installd(  118): DexInv: --- END '/data/app/uk.ac.st_andrews.cs.host.mk74.energymeasurement.proximity-1.apk' (success) ---
01-14 11:52:13.181 I/ActivityManager(  172): Force stopping package uk.ac.st_andrews.cs.host.mk74.energymeasurement.proximity uid=10063
01-14 11:52:13.181 W/PackageManager(  172): Code path for pkg : uk.ac.st_andrews.cs.host.mk74.energymeasurement.proximity changing from /data/app/uk.ac.st_andrews.cs.host.mk74.energymeasurement.proximity-2.apk to /data/app/uk.ac.st_andrews.cs.host.mk74.energymeasurement.proximity-1.apk
01-14 11:52:13.191 D/PackageManager(  172):   Activities: uk.ac.st_andrews.cs.host.mk74.energymeasurement.proximity.MainActivity
01-14 11:52:13.191 W/PackageManager(  172): Resource path for pkg : uk.ac.st_andrews.cs.host.mk74.energymeasurement.proximity changing from /data/app/uk.ac.st_andrews.cs.host.mk74.energymeasurement.proximity-2.apk to /data/app/uk.ac.st_andrews.cs.host.mk74.energymeasurement.proximity-1.apk
01-14 11:52:13.331 I/installd(  118): move /data/dalvik-cache/data@app@uk.ac.st_andrews.cs.host.mk74.energymeasurement.proximity-1.apk@classes.dex -> /data/dalvik-cache/data@app@uk.ac.st_andrews.cs.host.mk74.energymeasurement.proximity-1.apk@classes.dex
01-14 11:52:13.331 D/PackageManager(  172): New package installed in /data/app/uk.ac.st_andrews.cs.host.mk74.energymeasurement.proximity-1.apk
01-14 11:52:13.471 I/ActivityManager(  172): Force stopping package uk.ac.st_andrews.cs.host.mk74.energymeasurement.proximity uid=10063
01-14 11:52:13.561 D/dalvikvm(  279): GC_EXPLICIT freed 97K, 55% free 3029K/6663K, external 3467K/4239K, paused 76ms
01-14 11:52:13.601 D/HomeLoaders(  279): application intent received: android.intent.action.PACKAGE_REMOVED, replacing=true
01-14 11:52:13.601 D/HomeLoaders(  279):   --> package:uk.ac.st_andrews.cs.host.mk74.energymeasurement.proximity
01-14 11:52:13.611 D/szipinf (  172): Initializing inflate state
01-14 11:52:13.641 D/szipinf (  172): Initializing inflate state
01-14 11:52:13.661 D/dalvikvm(  491): GC_EXPLICIT freed 177K, 59% free 2945K/7047K, external 0K/0K, paused 89ms
01-14 11:52:13.661 D/HomeLoaders(  279): application intent received: android.intent.action.PACKAGE_ADDED, replacing=true
01-14 11:52:13.661 D/HomeLoaders(  279):   --> package:uk.ac.st_andrews.cs.host.mk74.energymeasurement.proximity
01-14 11:52:13.661 D/HomeLoaders(  279):   --> update package uk.ac.st_andrews.cs.host.mk74.energymeasurement.proximity
01-14 11:52:13.691 I/ActivityManager(  172): Start proc com.noshufou.android.su for broadcast com.noshufou.android.su/.UninstallReceiver: pid=690 uid=10052 gids={1015, 3003}
01-14 11:52:13.711 D/szipinf (  172): Initializing inflate state
01-14 11:52:13.781 W/RecognitionManagerService(  172): no available voice recognition services found
01-14 11:52:13.831 D/dalvikvm(  115): GC_EXPLICIT freed 11K, 54% free 2499K/5379K, external 0K/0K, paused 143ms
01-14 11:52:13.911 D/dalvikvm(  115): GC_EXPLICIT freed <1K, 54% free 2499K/5379K, external 0K/0K, paused 59ms
01-14 11:52:13.962 D/dalvikvm(  172): GC_EXPLICIT freed 470K, 49% free 4793K/9351K, external 35K/547K, paused 144ms
01-14 11:52:13.962 D/dalvikvm(  115): GC_EXPLICIT freed <1K, 54% free 2499K/5379K, external 0K/0K, paused 57ms
01-14 11:52:14.002 D/szipinf (  172): Initializing inflate state
01-14 11:52:14.052 D/szipinf (  172): Initializing inflate state
01-14 11:52:14.092 D/szipinf (  690): Initializing inflate state
01-14 11:52:14.102 I/installd(  118): unlink /data/dalvik-cache/data@app@uk.ac.st_andrews.cs.host.mk74.energymeasurement.proximity-2.apk@classes.dex
01-14 11:52:14.112 D/szipinf (  172): Initializing inflate state
01-14 11:52:14.152 D/szipinf (  172): Initializing inflate state
01-14 11:52:14.162 D/AndroidRuntime(  672): Shutting down VM
01-14 11:52:14.172 D/dalvikvm(  672): GC_CONCURRENT freed 102K, 71% free 299K/1024K, external 0K/0K, paused 1ms+1ms
01-14 11:52:14.172 I/AndroidRuntime(  672): NOTE: attach of thread 'Binder Thread #3' failed
01-14 11:52:14.172 D/jdwp    (  672): Got wake-up signal, bailing out of select
01-14 11:52:14.172 D/dalvikvm(  672): Debugger has detached; object registry had 1 entries
01-14 11:52:14.192 I/ActivityManager(  172): Start proc com.tmobile.thememanager for broadcast com.tmobile.thememanager/.receiver.ThemePackageReceiver: pid=700 uid=1300 gids={-1}
01-14 11:52:14.192 I/ActivityManager(  172): No longer want com.koushikdutta.rommanager (pid 491): hidden #16
01-14 11:52:14.322 I/ActivityThread(  700): Pub com.tmobile.thememanager.themes: com.tmobile.thememanager.provider.ThemesProvider
01-14 11:52:14.382 I/ActivityThread(  700): Pub com.tmobile.thememanager.packageresources: com.tmobile.thememanager.provider.PackageResourcesProvider
01-14 11:52:14.422 D/VoiceDialerReceiver(  501): onReceive Intent { act=android.intent.action.PACKAGE_REMOVED dat=package:uk.ac.st_andrews.cs.host.mk74.energymeasurement.proximity flg=0x10000000 cmp=com.android.voicedialer/.VoiceDialerReceiver (has extras) }
01-14 11:52:14.422 V/RecognizerEngine(  501): deleteCachedGrammarFiles /data/data/com.android.voicedialer/files/openentries.txt
01-14 11:52:14.422 I/ActivityManager(  172): No longer want com.android.email (pid 459): hidden #16
01-14 11:52:14.472 I/ActivityManager(  172): Start proc com.svox.pico for broadcast com.svox.pico/.VoiceDataInstallerReceiver: pid=713 uid=10047 gids={}
01-14 11:52:14.522 D/AndroidRuntime(  712): 
01-14 11:52:14.522 D/AndroidRuntime(  712): >>>>>> AndroidRuntime START com.android.internal.os.RuntimeInit <<<<<<
01-14 11:52:14.522 I/AndroidRuntime(  712): Heap size: -Xmx32m
01-14 11:52:14.522 D/AndroidRuntime(  712): CheckJNI is OFF
01-14 11:52:14.522 D/dalvikvm(  712): creating instr width table
01-14 11:52:14.642 I/ActivityThread(  713): Pub com.svox.pico.providers.SettingsProvider: com.svox.pico.providers.SettingsProvider
01-14 11:52:14.732 D/GTalkService(  328): [RawStanzaProvidersMgr] ##### searchProvidersFromIntent
01-14 11:52:14.732 D/GTalkService(  328): [RawStanzaProvidersMgr] no intent receivers found
01-14 11:52:14.742 D/InstallReceiver(  690): uk.ac.st_andrews.cs.host.mk74.energymeasurement.proximity
01-14 11:52:14.852 D/GTalkService(  328): handlePackageInstalled: re-initialize providers
01-14 11:52:14.852 D/GTalkService(  328): [RawStanzaProvidersMgr] ##### searchProvidersFromIntent
01-14 11:52:14.852 D/GTalkService(  328): [RawStanzaProvidersMgr] no intent receivers found
01-14 11:52:14.862 D/VoiceDialerReceiver(  501): onReceive Intent { act=android.intent.action.PACKAGE_ADDED dat=package:uk.ac.st_andrews.cs.host.mk74.energymeasurement.proximity flg=0x10000000 cmp=com.android.voicedialer/.VoiceDialerReceiver (has extras) }
01-14 11:52:14.862 V/RecognizerEngine(  501): deleteCachedGrammarFiles /data/data/com.android.voicedialer/files/openentries.txt
01-14 11:52:14.902 D/dalvikvm(  328): GC_CONCURRENT freed 453K, 53% free 2831K/5959K, external 0K/512K, paused 13ms+13ms
01-14 11:52:15.073 D/AndroidRuntime(  712): Calling main entry com.android.commands.am.Am
01-14 11:52:15.153 I/ActivityManager(  172): Starting: Intent { act=android.intent.action.MAIN cat=[android.intent.category.LAUNCHER] flg=0x10000000 cmp=uk.ac.st_andrews.cs.host.mk74.energymeasurement.proximity/.MainActivity } from pid 712
01-14 11:52:15.233 D/dalvikvm(  510): GC_CONCURRENT freed 447K, 55% free 2600K/5703K, external 0K/0K, paused 3ms+13ms
01-14 11:52:15.263 D/AndroidRuntime(  712): Shutting down VM
01-14 11:52:15.283 D/dalvikvm(  712): GC_CONCURRENT freed 104K, 69% free 324K/1024K, external 0K/0K, paused 1ms+10ms
01-14 11:52:15.283 D/jdwp    (  712): Got wake-up signal, bailing out of select
01-14 11:52:15.283 D/dalvikvm(  712): Debugger has detached; object registry had 1 entries
01-14 11:52:15.283 I/ActivityManager(  172): Start proc uk.ac.st_andrews.cs.host.mk74.energymeasurement.proximity for activity uk.ac.st_andrews.cs.host.mk74.energymeasurement.proximity/.MainActivity: pid=732 uid=10063 gids={}
01-14 11:52:15.353 D/dalvikvm(  328): GC_CONCURRENT freed 464K, 53% free 2829K/5959K, external 0K/512K, paused 7ms+13ms
01-14 11:52:15.403 D/dalvikvm(  172): GC_CONCURRENT freed 392K, 48% free 4868K/9351K, external 43K/547K, paused 3ms+5ms
01-14 11:52:15.593 I/ActivityManager(  172): No longer want com.android.protips (pid 519): hidden #16
01-14 11:52:15.713 D/szipinf (  700): Initializing inflate state
01-14 11:52:15.743 D/szipinf (  700): Initializing inflate state
01-14 11:52:15.783 I/ThemeManager(  700): VerifyInstalledThemesThread took 873 ms.
01-14 11:52:15.923 D/dalvikvm(  732): GC_EXTERNAL_ALLOC freed 46K, 54% free 2523K/5379K, external 0K/0K, paused 46ms
01-14 11:52:15.984 I/ActivityManager(  172): Displayed uk.ac.st_andrews.cs.host.mk74.energymeasurement.proximity/.MainActivity: +715ms (total +11m46s478ms)
01-14 11:52:16.864 I/System.out(  732): Values: 9.0
01-14 11:52:17.865 I/System.out(  732): Values: 9.0
01-14 11:52:18.866 I/System.out(  732): Values: 9.0
01-14 11:52:19.317 D/dalvikvm(  172): GC_CONCURRENT freed 461K, 48% free 4921K/9351K, external 43K/547K, paused 9ms+4ms
01-14 11:52:19.557 D/dalvikvm(  550): Debugger has detached; object registry had 1 entries
01-14 11:52:19.557 D/dalvikvm(  277): Debugger has detached; object registry had 1 entries
01-14 11:52:19.557 D/dalvikvm(  172): Debugger has detached; object registry had 1 entries
01-14 11:52:19.557 D/dalvikvm(  258): Debugger has detached; object registry had 1 entries
01-14 11:52:19.557 D/dalvikvm(  260): Debugger has detached; object registry had 1 entries
01-14 11:52:19.567 D/dalvikvm(  328): Debugger has detached; object registry had 1 entries
01-14 11:52:19.567 D/dalvikvm(  732): Debugger has detached; object registry had 1 entries
01-14 11:52:19.567 D/dalvikvm(  243): Debugger has detached; object registry had 1 entries
01-14 11:52:19.577 W/Vold    (  111): Ignoring unknown switch 'usb_connected'
01-14 11:52:19.577 D/Vold    (  111): USB disconnected
01-14 11:52:19.577 D/Vold    (  111): Share method ums now unavailable
01-14 11:52:19.577 I/StorageNotification(  243): UMS connection changed to false (media state mounted)
01-14 11:52:19.667 D/dalvikvm(  510): Debugger has detached; object registry had 1 entries
01-14 11:52:19.667 D/dalvikvm(  279): Debugger has detached; object registry had 1 entries
01-14 11:52:19.687 D/dalvikvm(  595): Debugger has detached; object registry had 1 entries
01-14 11:52:19.697 D/SettingsAppWidgetProvider(  595): Widget is from a previous version... Let's update
01-14 11:52:19.697 D/SettingsAppWidgetProvider(  595): No instances yet... Wait for at least one instance to exist before adding global settings
01-14 11:52:19.697 D/dalvikvm(  614): Debugger has detached; object registry had 1 entries
01-14 11:52:19.707 D/dalvikvm(  501): Debugger has detached; object registry had 1 entries
01-14 11:52:19.707 D/dalvikvm(  400): Debugger has detached; object registry had 1 entries
01-14 11:52:19.717 D/dalvikvm(  532): Debugger has detached; object registry had 1 entries
01-14 11:52:19.717 D/dalvikvm(  392): Debugger has detached; object registry had 1 entries
01-14 11:52:19.717 D/dalvikvm(  560): Debugger has detached; object registry had 1 entries
01-14 11:52:19.717 D/dalvikvm(  542): Debugger has detached; object registry had 1 entries
01-14 11:52:19.717 D/dalvikvm(  570): Debugger has detached; object registry had 1 entries
01-14 11:52:19.717 D/dalvikvm(  680): Debugger has detached; object registry had 1 entries
01-14 11:52:19.727 D/dalvikvm(  700): Debugger has detached; object registry had 1 entries
01-14 11:52:19.727 D/dalvikvm(  713): Debugger has detached; object registry had 1 entries
01-14 11:52:19.727 D/dalvikvm(  690): Debugger has detached; object registry had 1 entries
01-14 11:52:19.867 I/System.out(  732): Values: 9.0
01-14 11:52:20.638 D/Tethering(  172): InitialState.processMessage what=4
01-14 11:52:20.638 D/Tethering(  172): sendTetherStateChangedBroadcast 0, 0, 0
01-14 11:52:20.868 I/System.out(  732): Values: 9.0
01-14 11:52:21.859 I/System.out(  732): Values: 9.0
01-14 11:52:22.870 I/System.out(  732): Values: 9.0
01-14 11:52:23.871 I/System.out(  732): Values: 9.0
01-14 11:52:24.872 I/System.out(  732): Values: 9.0
01-14 11:52:25.723 D/dalvikvm(  279): GC_EXPLICIT freed 240K, 55% free 3055K/6663K, external 3414K/4239K, paused 71ms
01-14 11:52:25.873 I/System.out(  732): Values: 9.0
01-14 11:52:26.874 I/System.out(  732): Values: 9.0
01-14 11:52:27.875 I/System.out(  732): Values: 9.0
01-14 11:52:28.866 I/System.out(  732): Values: 9.0
01-14 11:52:29.877 I/System.out(  732): Values: 9.0
01-14 11:52:30.728 D/dalvikvm(  400): GC_EXPLICIT freed 309K, 56% free 2519K/5703K, external 0K/0K, paused 79ms
01-14 11:52:30.868 I/System.out(  732): Values: 9.0
01-14 11:52:31.879 I/System.out(  732): Values: 9.0
01-14 11:52:32.870 I/System.out(  732): Values: 9.0
01-14 11:52:33.871 I/System.out(  732): Values: 9.0
01-14 11:52:34.872 I/System.out(  732): Values: 9.0
01-14 11:52:35.733 D/dalvikvm(  501): GC_EXPLICIT freed 345K, 55% free 2513K/5511K, external 0K/0K, paused 66ms
01-14 11:52:35.873 I/System.out(  732): Values: 9.0
01-14 11:52:36.874 I/System.out(  732): Values: 9.0
01-14 11:52:37.875 I/System.out(  732): Values: 9.0
01-14 11:52:38.876 I/System.out(  732): Values: 9.0
01-14 11:52:39.877 I/System.out(  732): Values: 9.0
01-14 11:52:40.738 D/dalvikvm(  510): GC_EXPLICIT freed 262K, 55% free 2571K/5703K, external 0K/0K, paused 76ms
01-14 11:52:40.878 I/System.out(  732): Values: 9.0
01-14 11:52:41.879 I/System.out(  732): Values: 9.0
01-14 11:52:42.880 I/System.out(  732): Values: 9.0
01-14 11:52:43.881 I/System.out(  732): Values: 9.0
01-14 11:52:44.882 I/System.out(  732): Values: 9.0
01-14 11:52:45.743 D/dalvikvm(  614): GC_EXPLICIT freed 221K, 53% free 2761K/5767K, external 0K/0K, paused 65ms
01-14 11:52:45.883 I/System.out(  732): Values: 9.0
01-14 11:52:46.884 I/System.out(  732): Values: 9.0
01-14 11:52:47.885 I/System.out(  732): Values: 9.0
01-14 11:52:48.886 I/System.out(  732): Values: 9.0
01-14 11:52:49.887 I/System.out(  732): Values: 9.0
01-14 11:52:50.878 I/System.out(  732): Values: 9.0
01-14 11:52:51.889 I/System.out(  732): Values: 9.0
01-14 11:52:52.890 I/System.out(  732): Values: 9.0
01-14 11:52:53.880 I/System.out(  732): Values: 9.0
01-14 11:52:54.881 I/System.out(  732): Values: 9.0
01-14 11:52:55.882 I/System.out(  732): Values: 9.0
01-14 11:52:56.883 I/System.out(  732): Values: 9.0
01-14 11:52:57.884 I/System.out(  732): Values: 9.0
01-14 11:52:58.885 I/System.out(  732): Values: 9.0
01-14 11:52:59.886 I/System.out(  732): Values: 9.0
01-14 11:53:00.887 I/System.out(  732): Values: 9.0
01-14 11:53:01.888 I/System.out(  732): Values: 9.0
01-14 11:53:02.889 I/System.out(  732): Values: 9.0
01-14 11:53:03.890 I/System.out(  732): Values: 9.0
01-14 11:53:04.891 I/System.out(  732): Values: 9.0
01-14 11:53:05.892 I/System.out(  732): Values: 9.0
01-14 11:53:06.893 I/System.out(  732): Values: 9.0
01-14 11:53:07.894 I/System.out(  732): Values: 9.0
01-14 11:53:08.895 I/System.out(  732): Values: 9.0
01-14 11:53:09.896 I/System.out(  732): Values: 9.0
01-14 11:53:10.897 I/System.out(  732): Values: 9.0
01-14 11:53:11.898 I/System.out(  732): Values: 9.0
01-14 11:53:12.899 I/System.out(  732): Values: 9.0
01-14 11:53:13.900 I/System.out(  732): Values: 9.0
01-14 11:53:14.891 I/System.out(  732): Values: 9.0
01-14 11:53:15.892 I/System.out(  732): Values: 9.0
01-14 11:53:16.903 I/System.out(  732): Values: 9.0
01-14 11:53:17.904 I/System.out(  732): Values: 9.0
01-14 11:53:18.905 I/System.out(  732): Values: 9.0
01-14 11:53:19.896 I/System.out(  732): Values: 9.0
01-14 11:53:20.897 I/System.out(  732): Values: 9.0
01-14 11:53:21.898 I/System.out(  732): Values: 9.0
01-14 11:53:22.899 I/System.out(  732): Values: 9.0
01-14 11:53:23.900 I/System.out(  732): Values: 9.0
01-14 11:53:24.901 I/System.out(  732): Values: 9.0
01-14 11:53:25.902 I/System.out(  732): Values: 9.0
01-14 11:53:26.903 I/System.out(  732): Values: 9.0
01-14 11:53:27.904 I/System.out(  732): Values: 9.0
01-14 11:53:28.905 I/System.out(  732): Values: 9.0
01-14 11:53:29.906 I/System.out(  732): Values: 9.0
01-14 11:53:30.907 I/System.out(  732): Values: 9.0
01-14 11:53:31.908 I/System.out(  732): Values: 9.0
01-14 11:53:32.899 I/System.out(  732): Values: 9.0
01-14 11:53:33.910 I/System.out(  732): Values: 9.0
01-14 11:53:34.911 I/System.out(  732): Values: 9.0
01-14 11:53:35.901 I/System.out(  732): Values: 9.0
01-14 11:53:36.902 I/System.out(  732): Values: 9.0
01-14 11:53:37.903 I/System.out(  732): Values: 9.0
01-14 11:53:38.904 I/System.out(  732): Values: 9.0
01-14 11:53:39.905 I/System.out(  732): Values: 9.0
01-14 11:53:40.896 I/System.out(  732): Values: 9.0
01-14 11:53:41.907 I/System.out(  732): Values: 9.0
01-14 11:53:42.908 I/System.out(  732): Values: 9.0
01-14 11:53:43.909 I/System.out(  732): Values: 9.0
01-14 11:53:44.910 I/System.out(  732): Values: 9.0
01-14 11:53:45.911 I/System.out(  732): Values: 9.0
01-14 11:53:46.902 I/System.out(  732): Values: 9.0
01-14 11:53:47.913 I/System.out(  732): Values: 9.0
01-14 11:53:48.914 I/System.out(  732): Values: 9.0
01-14 11:53:49.915 I/System.out(  732): Values: 9.0
01-14 11:53:50.916 I/System.out(  732): Values: 9.0
01-14 11:53:51.917 I/System.out(  732): Values: 9.0
01-14 11:53:52.908 I/System.out(  732): Values: 9.0
01-14 11:53:53.909 I/System.out(  732): Values: 9.0
01-14 11:53:54.910 I/System.out(  732): Values: 9.0
01-14 11:53:55.911 I/System.out(  732): Values: 9.0
01-14 11:53:56.912 I/System.out(  732): Values: 9.0
01-14 11:53:57.913 I/System.out(  732): Values: 9.0
01-14 11:53:58.914 I/System.out(  732): Values: 9.0
01-14 11:53:59.915 I/System.out(  732): Values: 9.0
01-14 11:54:00.906 I/System.out(  732): Values: 9.0
01-14 11:54:01.917 I/System.out(  732): Values: 9.0
01-14 11:54:02.918 I/System.out(  732): Values: 9.0
01-14 11:54:03.909 I/System.out(  732): Values: 9.0
01-14 11:54:04.910 I/System.out(  732): Values: 9.0
01-14 11:54:05.911 I/System.out(  732): Values: 9.0
01-14 11:54:06.912 I/System.out(  732): Values: 9.0
01-14 11:54:07.923 I/System.out(  732): Values: 9.0
01-14 11:54:08.924 I/System.out(  732): Values: 9.0
01-14 11:54:09.925 I/System.out(  732): Values: 9.0
01-14 11:54:10.916 I/System.out(  732): Values: 9.0
01-14 11:54:11.917 I/System.out(  732): Values: 9.0
01-14 11:54:12.918 I/System.out(  732): Values: 9.0
01-14 11:54:13.919 I/System.out(  732): Values: 9.0
01-14 11:54:14.920 I/System.out(  732): Values: 9.0
01-14 11:54:15.921 I/System.out(  732): Values: 9.0
01-14 11:54:16.921 I/System.out(  732): Values: 9.0
01-14 11:54:17.922 I/System.out(  732): Values: 9.0
01-14 11:54:18.923 I/System.out(  732): Values: 9.0
01-14 11:54:19.924 I/System.out(  732): Values: 9.0
01-14 11:54:20.925 I/System.out(  732): Values: 9.0
01-14 11:54:21.926 I/System.out(  732): Values: 9.0
01-14 11:54:22.927 I/System.out(  732): Values: 9.0
01-14 11:54:23.918 I/System.out(  732): Values: 9.0
01-14 11:54:24.929 I/System.out(  732): Values: 9.0
01-14 11:54:25.930 I/System.out(  732): Values: 9.0
01-14 11:54:26.931 I/System.out(  732): Values: 9.0
01-14 11:54:27.932 I/System.out(  732): Values: 9.0
01-14 11:54:28.933 I/System.out(  732): Values: 9.0
01-14 11:54:29.934 I/System.out(  732): Values: 9.0
01-14 11:54:30.935 I/System.out(  732): Values: 9.0
01-14 11:54:31.926 I/System.out(  732): Values: 9.0
01-14 11:54:32.927 I/System.out(  732): Values: 9.0
01-14 11:54:33.928 I/System.out(  732): Values: 9.0
01-14 11:54:34.929 I/System.out(  732): Values: 9.0
01-14 11:54:35.930 I/System.out(  732): Values: 9.0
01-14 11:54:36.931 I/System.out(  732): Values: 9.0
01-14 11:54:37.932 I/System.out(  732): Values: 9.0
01-14 11:54:38.933 I/System.out(  732): Values: 9.0
01-14 11:54:39.934 I/System.out(  732): Values: 9.0
01-14 11:54:40.935 I/System.out(  732): Values: 9.0
01-14 11:54:41.936 I/System.out(  732): Values: 9.0
01-14 11:54:42.937 I/System.out(  732): Values: 9.0
01-14 11:54:43.938 I/System.out(  732): Values: 9.0
01-14 11:54:44.929 I/System.out(  732): Values: 9.0
01-14 11:54:45.930 I/System.out(  732): Values: 9.0
01-14 11:54:46.941 I/System.out(  732): Values: 9.0
01-14 11:54:47.932 I/System.out(  732): Values: 9.0
01-14 11:54:48.933 I/System.out(  732): Values: 9.0
01-14 11:54:49.934 I/System.out(  732): Values: 9.0
01-14 11:54:50.935 I/System.out(  732): Values: 9.0
01-14 11:54:51.926 I/System.out(  732): Values: 9.0
01-14 11:54:52.937 I/System.out(  732): Values: 9.0
01-14 11:54:53.928 I/System.out(  732): Values: 9.0
01-14 11:54:54.929 I/System.out(  732): Values: 9.0
01-14 11:54:55.940 I/System.out(  732): Values: 9.0
01-14 11:54:56.941 I/System.out(  732): Values: 9.0
01-14 11:54:57.942 I/System.out(  732): Values: 9.0
01-14 11:54:58.942 I/System.out(  732): Values: 9.0
01-14 11:54:59.943 I/System.out(  732): Values: 9.0
01-14 11:55:00.944 I/System.out(  732): Values: 9.0
01-14 11:55:01.945 I/System.out(  732): Values: 9.0
01-14 11:55:02.946 I/System.out(  732): Values: 9.0
01-14 11:55:03.937 I/System.out(  732): Values: 9.0
01-14 11:55:04.938 I/System.out(  732): Values: 9.0
01-14 11:55:05.939 I/System.out(  732): Values: 9.0
01-14 11:55:06.940 I/System.out(  732): Values: 9.0
01-14 11:55:07.941 I/System.out(  732): Values: 9.0
01-14 11:55:08.942 I/System.out(  732): Values: 9.0
01-14 11:55:09.943 I/System.out(  732): Values: 9.0
01-14 11:55:10.944 I/System.out(  732): Values: 9.0
01-14 11:55:11.945 I/System.out(  732): Values: 9.0
01-14 11:55:12.946 I/System.out(  732): Values: 9.0
01-14 11:55:13.947 I/System.out(  732): Values: 9.0
01-14 11:55:14.938 I/System.out(  732): Values: 9.0
01-14 11:55:15.939 I/System.out(  732): Values: 9.0
01-14 11:55:16.950 I/System.out(  732): Values: 9.0
01-14 11:55:17.951 I/System.out(  732): Values: 9.0
01-14 11:55:18.942 I/System.out(  732): Values: 9.0
01-14 11:55:19.943 I/System.out(  732): Values: 9.0
01-14 11:55:20.944 I/System.out(  732): Values: 9.0
01-14 11:55:21.945 I/System.out(  732): Values: 9.0
01-14 11:55:22.946 I/System.out(  732): Values: 9.0
01-14 11:55:23.947 I/System.out(  732): Values: 9.0
01-14 11:55:24.948 I/System.out(  732): Values: 9.0
01-14 11:55:25.949 I/System.out(  732): Values: 9.0
01-14 11:55:26.950 I/System.out(  732): Values: 9.0
01-14 11:55:27.951 I/System.out(  732): Values: 9.0
01-14 11:55:28.952 I/System.out(  732): Values: 9.0
01-14 11:55:29.953 I/System.out(  732): Values: 9.0
01-14 11:55:30.954 I/System.out(  732): Values: 9.0
01-14 11:55:31.945 I/System.out(  732): Values: 9.0
01-14 11:55:32.956 I/System.out(  732): Values: 9.0
01-14 11:55:33.957 I/System.out(  732): Values: 9.0
01-14 11:55:34.958 I/System.out(  732): Values: 9.0
01-14 11:55:35.949 I/System.out(  732): Values: 9.0
01-14 11:55:36.960 I/System.out(  732): Values: 9.0
01-14 11:55:37.951 I/System.out(  732): Values: 9.0
01-14 11:55:38.952 I/System.out(  732): Values: 9.0
01-14 11:55:39.952 I/System.out(  732): Values: 9.0
01-14 11:55:40.953 I/System.out(  732): Values: 9.0
01-14 11:55:41.954 I/System.out(  732): Values: 9.0
01-14 11:55:42.945 I/System.out(  732): Values: 9.0
01-14 11:55:43.946 I/System.out(  732): Values: 9.0
01-14 11:55:44.947 I/System.out(  732): Values: 9.0
01-14 11:55:45.047 D/dalvikvm(  732): GC_CONCURRENT freed 389K, 55% free 2539K/5575K, external 8K/519K, paused 7ms+2ms
01-14 11:55:45.958 I/System.out(  732): Values: 9.0
01-14 11:55:46.959 I/System.out(  732): Values: 9.0
01-14 11:55:47.960 I/System.out(  732): Values: 9.0
01-14 11:55:48.961 I/System.out(  732): Values: 9.0
01-14 11:55:49.962 I/System.out(  732): Values: 9.0
01-14 11:55:50.963 I/System.out(  732): Values: 9.0
01-14 11:55:51.964 I/System.out(  732): Values: 9.0
01-14 11:55:52.965 I/System.out(  732): Values: 9.0
01-14 11:55:53.966 I/System.out(  732): Values: 9.0
01-14 11:55:54.957 I/System.out(  732): Values: 9.0
01-14 11:55:55.958 I/System.out(  732): Values: 9.0
01-14 11:55:56.959 I/System.out(  732): Values: 9.0
01-14 11:55:57.960 I/System.out(  732): Values: 9.0
01-14 11:55:58.961 I/System.out(  732): Values: 9.0
01-14 11:55:59.962 I/System.out(  732): Values: 9.0
01-14 11:56:00.963 I/System.out(  732): Values: 9.0
01-14 11:56:01.964 I/System.out(  732): Values: 9.0
01-14 11:56:02.965 I/System.out(  732): Values: 9.0
01-14 11:56:03.966 I/System.out(  732): Values: 9.0
01-14 11:56:04.967 I/System.out(  732): Values: 9.0
01-14 11:56:05.968 I/System.out(  732): Values: 9.0
01-14 11:56:06.969 I/System.out(  732): Values: 9.0
01-14 11:56:07.960 I/System.out(  732): Values: 9.0
01-14 11:56:08.961 I/System.out(  732): Values: 9.0
01-14 11:56:09.962 I/System.out(  732): Values: 9.0
01-14 11:56:10.973 I/System.out(  732): Values: 9.0
01-14 11:56:11.964 I/System.out(  732): Values: 9.0
01-14 11:56:12.965 I/System.out(  732): Values: 9.0
01-14 11:56:13.966 I/System.out(  732): Values: 9.0
01-14 11:56:14.967 I/System.out(  732): Values: 9.0
01-14 11:56:15.968 I/System.out(  732): Values: 9.0
01-14 11:56:16.969 I/System.out(  732): Values: 9.0
01-14 11:56:17.970 I/System.out(  732): Values: 9.0
01-14 11:56:18.971 I/System.out(  732): Values: 9.0
01-14 11:56:19.972 I/System.out(  732): Values: 9.0
01-14 11:56:20.973 I/System.out(  732): Values: 9.0
01-14 11:56:21.973 I/System.out(  732): Values: 9.0
01-14 11:56:22.974 I/System.out(  732): Values: 9.0
01-14 11:56:23.975 I/System.out(  732): Values: 9.0
01-14 11:56:24.976 I/System.out(  732): Values: 9.0
01-14 11:56:25.977 I/System.out(  732): Values: 9.0
01-14 11:56:26.978 I/System.out(  732): Values: 9.0
01-14 11:56:27.979 I/System.out(  732): Values: 9.0
01-14 11:56:28.970 I/System.out(  732): Values: 9.0
01-14 11:56:29.971 I/System.out(  732): Values: 9.0
01-14 11:56:30.982 I/System.out(  732): Values: 9.0
01-14 11:56:31.983 I/System.out(  732): Values: 9.0
01-14 11:56:32.984 I/System.out(  732): Values: 9.0
01-14 11:56:33.975 I/System.out(  732): Values: 9.0
01-14 11:56:34.976 I/System.out(  732): Values: 9.0
01-14 11:56:35.977 I/System.out(  732): Values: 9.0
01-14 11:56:36.978 I/System.out(  732): Values: 9.0
01-14 11:56:37.979 I/System.out(  732): Values: 9.0
01-14 11:56:38.980 I/System.out(  732): Values: 9.0
01-14 11:56:39.981 I/System.out(  732): Values: 9.0
01-14 11:56:40.982 I/System.out(  732): Values: 9.0
01-14 11:56:41.983 I/System.out(  732): Values: 9.0
01-14 11:56:42.984 I/System.out(  732): Values: 9.0
01-14 11:56:43.985 I/System.out(  732): Values: 9.0
01-14 11:56:44.986 I/System.out(  732): Values: 9.0
01-14 11:56:45.987 I/System.out(  732): Values: 9.0
01-14 11:56:46.988 I/System.out(  732): Values: 9.0
01-14 11:56:47.979 I/System.out(  732): Values: 9.0
01-14 11:56:48.980 I/System.out(  732): Values: 9.0
01-14 11:56:49.991 I/System.out(  732): Values: 9.0
01-14 11:56:50.992 I/System.out(  732): Values: 9.0
01-14 11:56:51.983 I/System.out(  732): Values: 9.0
01-14 11:56:52.984 I/System.out(  732): Values: 9.0
01-14 11:56:53.985 I/System.out(  732): Values: 9.0
01-14 11:56:54.986 I/System.out(  732): Values: 9.0
01-14 11:56:55.987 I/System.out(  732): Values: 9.0
01-14 11:56:56.988 I/System.out(  732): Values: 9.0
01-14 11:56:57.989 I/System.out(  732): Values: 9.0
01-14 11:56:58.990 I/System.out(  732): Values: 9.0
01-14 11:56:59.991 I/System.out(  732): Values: 9.0
01-14 11:57:00.992 I/System.out(  732): Values: 9.0
01-14 11:57:01.993 I/System.out(  732): Values: 9.0
01-14 11:57:02.994 I/System.out(  732): Values: 9.0
01-14 11:57:03.994 I/System.out(  732): Values: 9.0
01-14 11:57:04.995 I/System.out(  732): Values: 9.0
01-14 11:57:05.996 I/System.out(  732): Values: 9.0
01-14 11:57:06.997 I/System.out(  732): Values: 9.0
01-14 11:57:07.988 I/System.out(  732): Values: 9.0
01-14 11:57:08.999 I/System.out(  732): Values: 9.0
01-14 11:57:09.990 I/System.out(  732): Values: 9.0
01-14 11:57:11.001 I/System.out(  732): Values: 9.0
01-14 11:57:11.992 I/System.out(  732): Values: 9.0
01-14 11:57:12.993 I/System.out(  732): Values: 9.0
01-14 11:57:13.994 I/System.out(  732): Values: 9.0
01-14 11:57:14.995 I/System.out(  732): Values: 9.0
01-14 11:57:15.996 I/System.out(  732): Values: 9.0
01-14 11:57:16.987 I/System.out(  732): Values: 9.0
01-14 11:57:17.988 I/System.out(  732): Values: 9.0
01-14 11:57:18.999 I/System.out(  732): Values: 9.0
01-14 11:57:20.000 I/System.out(  732): Values: 9.0
01-14 11:57:21.001 I/System.out(  732): Values: 9.0
01-14 11:57:22.002 I/System.out(  732): Values: 9.0
01-14 11:57:23.003 I/System.out(  732): Values: 9.0
01-14 11:57:24.004 I/System.out(  732): Values: 9.0
01-14 11:57:25.005 I/System.out(  732): Values: 9.0
01-14 11:57:25.996 I/System.out(  732): Values: 9.0
01-14 11:57:26.997 I/System.out(  732): Values: 9.0
01-14 11:57:27.998 I/System.out(  732): Values: 9.0
01-14 11:57:28.999 I/System.out(  732): Values: 9.0
01-14 11:57:30.000 I/System.out(  732): Values: 9.0
01-14 11:57:31.001 I/System.out(  732): Values: 9.0
01-14 11:57:32.002 I/System.out(  732): Values: 9.0
01-14 11:57:33.003 I/System.out(  732): Values: 9.0
01-14 11:57:34.004 I/System.out(  732): Values: 9.0
01-14 11:57:35.005 I/System.out(  732): Values: 9.0
01-14 11:57:36.006 I/System.out(  732): Values: 9.0
01-14 11:57:36.997 I/System.out(  732): Values: 9.0
01-14 11:57:37.998 I/System.out(  732): Values: 9.0
01-14 11:57:38.999 I/System.out(  732): Values: 9.0
01-14 11:57:40.000 I/System.out(  732): Values: 9.0
01-14 11:57:41.001 I/System.out(  732): Values: 9.0
01-14 11:57:42.012 I/System.out(  732): Values: 9.0
01-14 11:57:43.003 I/System.out(  732): Values: 9.0
01-14 11:57:44.014 I/System.out(  732): Values: 9.0
01-14 11:57:45.015 I/System.out(  732): Values: 9.0
01-14 11:57:46.005 I/System.out(  732): Values: 9.0
01-14 11:57:47.016 I/System.out(  732): Values: 9.0
01-14 11:57:48.007 I/System.out(  732): Values: 9.0
01-14 11:57:49.008 I/System.out(  732): Values: 9.0
01-14 11:57:50.009 I/System.out(  732): Values: 9.0
01-14 11:57:51.010 I/System.out(  732): Values: 9.0
01-14 11:57:52.011 I/System.out(  732): Values: 9.0
01-14 11:57:53.012 I/System.out(  732): Values: 9.0
01-14 11:57:54.013 I/System.out(  732): Values: 9.0
01-14 11:57:55.014 I/System.out(  732): Values: 9.0
01-14 11:57:56.005 I/System.out(  732): Values: 9.0
01-14 11:57:57.016 I/System.out(  732): Values: 9.0
01-14 11:57:58.017 I/System.out(  732): Values: 9.0
01-14 11:57:59.018 I/System.out(  732): Values: 9.0
01-14 11:58:00.009 I/System.out(  732): Values: 9.0
01-14 11:58:01.020 I/System.out(  732): Values: 9.0
01-14 11:58:02.021 I/System.out(  732): Values: 9.0
01-14 11:58:03.012 I/System.out(  732): Values: 9.0
01-14 11:58:04.013 I/System.out(  732): Values: 9.0
01-14 11:58:05.014 I/System.out(  732): Values: 9.0
01-14 11:58:06.015 I/System.out(  732): Values: 9.0
01-14 11:58:07.016 I/System.out(  732): Values: 9.0
01-14 11:58:08.007 I/System.out(  732): Values: 9.0
01-14 11:58:09.018 I/System.out(  732): Values: 9.0
01-14 11:58:10.019 I/System.out(  732): Values: 9.0
01-14 11:58:11.020 I/System.out(  732): Values: 9.0
01-14 11:58:12.021 I/System.out(  732): Values: 9.0
01-14 11:58:13.022 I/System.out(  732): Values: 9.0
01-14 11:58:14.023 I/System.out(  732): Values: 9.0
01-14 11:58:15.024 I/System.out(  732): Values: 9.0
01-14 11:58:16.025 I/System.out(  732): Values: 9.0
01-14 11:58:17.026 I/System.out(  732): Values: 9.0
01-14 11:58:18.027 I/System.out(  732): Values: 9.0
01-14 11:58:19.028 I/System.out(  732): Values: 9.0
01-14 11:58:20.029 I/System.out(  732): Values: 9.0
01-14 11:58:21.020 I/System.out(  732): Values: 9.0
01-14 11:58:22.021 I/System.out(  732): Values: 9.0
01-14 11:58:23.022 I/System.out(  732): Values: 9.0
01-14 11:58:24.023 I/System.out(  732): Values: 9.0
01-14 11:58:25.024 I/System.out(  732): Values: 9.0
01-14 11:58:26.025 I/System.out(  732): Values: 9.0
01-14 11:58:27.015 I/System.out(  732): Values: 9.0
01-14 11:58:28.026 I/System.out(  732): Values: 9.0
01-14 11:58:29.017 I/System.out(  732): Values: 9.0
01-14 11:58:30.018 I/System.out(  732): Values: 9.0
01-14 11:58:31.029 I/System.out(  732): Values: 9.0
01-14 11:58:32.020 I/System.out(  732): Values: 9.0
01-14 11:58:33.021 I/System.out(  732): Values: 9.0
01-14 11:58:34.022 I/System.out(  732): Values: 9.0
01-14 11:58:35.023 I/System.out(  732): Values: 9.0
01-14 11:58:36.024 I/System.out(  732): Values: 9.0
01-14 11:58:37.025 I/System.out(  732): Values: 9.0
01-14 11:58:38.026 I/System.out(  732): Values: 9.0
01-14 11:58:39.027 I/System.out(  732): Values: 9.0
01-14 11:58:40.018 I/System.out(  732): Values: 9.0
01-14 11:58:41.029 I/System.out(  732): Values: 9.0
01-14 11:58:42.020 I/System.out(  732): Values: 9.0
01-14 11:58:43.021 I/System.out(  732): Values: 9.0
01-14 11:58:44.032 I/System.out(  732): Values: 9.0
01-14 11:58:45.023 I/System.out(  732): Values: 9.0
01-14 11:58:46.034 I/System.out(  732): Values: 9.0
01-14 11:58:47.025 I/System.out(  732): Values: 9.0
01-14 11:58:48.026 I/System.out(  732): Values: 9.0
01-14 11:58:49.027 I/System.out(  732): Values: 9.0
01-14 11:58:50.028 I/System.out(  732): Values: 9.0
01-14 11:58:51.029 I/System.out(  732): Values: 9.0
01-14 11:58:52.030 I/System.out(  732): Values: 9.0
01-14 11:58:53.031 I/System.out(  732): Values: 9.0
01-14 11:58:54.032 I/System.out(  732): Values: 9.0
01-14 11:58:55.033 I/System.out(  732): Values: 9.0
01-14 11:58:56.034 I/System.out(  732): Values: 9.0
01-14 11:58:57.035 I/System.out(  732): Values: 9.0
01-14 11:58:58.036 I/System.out(  732): Values: 9.0
01-14 11:58:59.037 I/System.out(  732): Values: 9.0
01-14 11:59:00.028 I/System.out(  732): Values: 9.0
01-14 11:59:01.029 I/System.out(  732): Values: 9.0
01-14 11:59:02.030 I/System.out(  732): Values: 9.0
01-14 11:59:03.031 I/System.out(  732): Values: 9.0
01-14 11:59:04.032 I/System.out(  732): Values: 9.0
01-14 11:59:05.033 I/System.out(  732): Values: 9.0
01-14 11:59:06.034 I/System.out(  732): Values: 9.0
01-14 11:59:07.035 I/System.out(  732): Values: 9.0
01-14 11:59:08.025 I/System.out(  732): Values: 9.0
01-14 11:59:09.026 I/System.out(  732): Values: 9.0
01-14 11:59:10.027 I/System.out(  732): Values: 9.0
01-14 11:59:11.038 I/System.out(  732): Values: 9.0
01-14 11:59:12.029 I/System.out(  732): Values: 9.0
01-14 11:59:13.030 I/System.out(  732): Values: 9.0
01-14 11:59:14.041 I/System.out(  732): Values: 9.0
01-14 11:59:15.042 I/System.out(  732): Values: 9.0
01-14 11:59:16.043 I/System.out(  732): Values: 9.0
01-14 11:59:17.044 I/System.out(  732): Values: 9.0
01-14 11:59:18.045 I/System.out(  732): Values: 9.0
01-14 11:59:19.046 I/System.out(  732): Values: 9.0
01-14 11:59:19.106 D/dalvikvm(  732): GC_CONCURRENT freed 394K, 55% free 2538K/5639K, external 8K/519K, paused 7ms+2ms
01-14 11:59:20.037 I/System.out(  732): Values: 9.0
01-14 11:59:21.038 I/System.out(  732): Values: 9.0
01-14 11:59:22.039 I/System.out(  732): Values: 9.0
01-14 11:59:23.040 I/System.out(  732): Values: 9.0
01-14 11:59:24.041 I/System.out(  732): Values: 9.0
01-14 11:59:25.042 I/System.out(  732): Values: 9.0
01-14 11:59:26.043 I/System.out(  732): Values: 9.0
01-14 11:59:27.044 I/System.out(  732): Values: 9.0
01-14 11:59:28.045 I/System.out(  732): Values: 9.0
01-14 11:59:29.036 I/System.out(  732): Values: 9.0
01-14 11:59:30.047 I/System.out(  732): Values: 9.0
01-14 11:59:31.048 I/System.out(  732): Values: 9.0
01-14 11:59:32.049 I/System.out(  732): Values: 9.0
01-14 11:59:33.040 I/System.out(  732): Values: 9.0
01-14 11:59:34.041 I/System.out(  732): Values: 9.0
01-14 11:59:35.042 I/System.out(  732): Values: 9.0
01-14 11:59:36.043 I/System.out(  732): Values: 9.0
01-14 11:59:37.044 I/System.out(  732): Values: 9.0
01-14 11:59:38.045 I/System.out(  732): Values: 9.0
01-14 11:59:39.046 I/System.out(  732): Values: 9.0
01-14 11:59:40.047 I/System.out(  732): Values: 9.0
01-14 11:59:41.048 I/System.out(  732): Values: 9.0
01-14 11:59:42.039 I/System.out(  732): Values: 9.0
01-14 11:59:43.050 I/System.out(  732): Values: 9.0
01-14 11:59:44.041 I/System.out(  732): Values: 9.0
01-14 11:59:45.042 I/System.out(  732): Values: 9.0
01-14 11:59:46.043 I/System.out(  732): Values: 9.0
01-14 11:59:47.054 I/System.out(  732): Values: 9.0
01-14 11:59:48.055 I/System.out(  732): Values: 9.0
01-14 11:59:49.046 I/System.out(  732): Values: 9.0
01-14 11:59:50.046 I/System.out(  732): Values: 9.0
01-14 11:59:51.047 I/System.out(  732): Values: 9.0
01-14 11:59:52.048 I/System.out(  732): Values: 9.0
01-14 11:59:53.049 I/System.out(  732): Values: 9.0
01-14 11:59:54.050 I/System.out(  732): Values: 9.0
01-14 11:59:55.051 I/System.out(  732): Values: 9.0
01-14 11:59:56.052 I/System.out(  732): Values: 9.0
01-14 11:59:57.053 I/System.out(  732): Values: 9.0
01-14 11:59:58.054 I/System.out(  732): Values: 9.0
01-14 11:59:59.055 I/System.out(  732): Values: 9.0
01-14 12:00:00.046 I/System.out(  732): Values: 9.0
01-14 12:00:01.057 I/System.out(  732): Values: 9.0
01-14 12:00:02.048 I/System.out(  732): Values: 9.0
01-14 12:00:03.049 I/System.out(  732): Values: 9.0
01-14 12:00:04.050 I/System.out(  732): Values: 9.0
01-14 12:00:05.051 I/System.out(  732): Values: 9.0
01-14 12:00:06.062 I/System.out(  732): Values: 9.0
01-14 12:00:07.063 I/System.out(  732): Values: 9.0
01-14 12:00:08.054 I/System.out(  732): Values: 9.0
01-14 12:00:09.055 I/System.out(  732): Values: 9.0
01-14 12:00:10.056 I/System.out(  732): Values: 9.0
01-14 12:00:11.057 I/System.out(  732): Values: 9.0
01-14 12:00:12.058 I/System.out(  732): Values: 9.0
01-14 12:00:13.059 I/System.out(  732): Values: 9.0
01-14 12:00:14.060 I/System.out(  732): Values: 9.0
01-14 12:00:15.061 I/System.out(  732): Values: 9.0
01-14 12:00:16.062 I/System.out(  732): Values: 9.0
01-14 12:00:17.063 I/System.out(  732): Values: 9.0
01-14 12:00:18.064 I/System.out(  732): Values: 9.0
01-14 12:00:19.065 I/System.out(  732): Values: 9.0
01-14 12:00:20.066 I/System.out(  732): Values: 9.0
01-14 12:00:21.067 I/System.out(  732): Values: 9.0
01-14 12:00:22.058 I/System.out(  732): Values: 9.0
01-14 12:00:23.059 I/System.out(  732): Values: 9.0
01-14 12:00:24.060 I/System.out(  732): Values: 9.0
01-14 12:00:24.330 D/dalvikvm(  614): GC_EXPLICIT freed 9K, 53% free 2754K/5767K, external 0K/0K, paused 35ms
01-14 12:00:25.061 I/System.out(  732): Values: 9.0
01-14 12:00:26.062 I/System.out(  732): Values: 9.0
01-14 12:00:27.063 I/System.out(  732): Values: 9.0
01-14 12:00:28.064 I/System.out(  732): Values: 9.0
01-14 12:00:29.065 I/System.out(  732): Values: 9.0
01-14 12:00:30.066 I/System.out(  732): Values: 9.0
01-14 12:00:31.067 I/System.out(  732): Values: 9.0
01-14 12:00:32.067 I/System.out(  732): Values: 9.0
01-14 12:00:33.068 I/System.out(  732): Values: 9.0
01-14 12:00:34.059 I/System.out(  732): Values: 9.0
01-14 12:00:35.060 I/System.out(  732): Values: 9.0
01-14 12:00:36.061 I/System.out(  732): Values: 9.0
01-14 12:00:37.062 I/System.out(  732): Values: 9.0
01-14 12:00:38.063 I/System.out(  732): Values: 9.0
01-14 12:00:39.064 I/System.out(  732): Values: 9.0
01-14 12:00:40.065 I/System.out(  732): Values: 9.0
01-14 12:00:41.066 I/System.out(  732): Values: 9.0
01-14 12:00:42.067 I/System.out(  732): Values: 9.0
01-14 12:00:43.068 I/System.out(  732): Values: 9.0
01-14 12:00:44.069 I/System.out(  732): Values: 9.0
01-14 12:00:45.070 I/System.out(  732): Values: 9.0
01-14 12:00:46.071 I/System.out(  732): Values: 9.0
01-14 12:00:47.072 I/System.out(  732): Values: 9.0
01-14 12:00:48.073 I/System.out(  732): Values: 9.0
01-14 12:00:49.074 I/System.out(  732): Values: 9.0
01-14 12:00:50.075 I/System.out(  732): Values: 9.0
01-14 12:00:51.076 I/System.out(  732): Values: 9.0
01-14 12:00:52.077 I/System.out(  732): Values: 9.0
01-14 12:00:53.068 I/System.out(  732): Values: 9.0
01-14 12:00:54.069 I/System.out(  732): Values: 9.0
01-14 12:00:55.070 I/System.out(  732): Values: 9.0
01-14 12:00:56.071 I/System.out(  732): Values: 9.0
01-14 12:00:57.072 I/System.out(  732): Values: 9.0
01-14 12:00:58.073 I/System.out(  732): Values: 9.0
01-14 12:00:59.074 I/System.out(  732): Values: 9.0
01-14 12:01:00.075 I/System.out(  732): Values: 9.0
01-14 12:01:01.076 I/System.out(  732): Values: 9.0
01-14 12:01:02.067 I/System.out(  732): Values: 9.0
01-14 12:01:03.068 I/System.out(  732): Values: 9.0
01-14 12:01:04.069 I/System.out(  732): Values: 9.0
01-14 12:01:05.080 I/System.out(  732): Values: 9.0
01-14 12:01:06.071 I/System.out(  732): Values: 9.0
01-14 12:01:07.082 I/System.out(  732): Values: 9.0
01-14 12:01:08.083 I/System.out(  732): Values: 9.0
01-14 12:01:09.084 I/System.out(  732): Values: 9.0
01-14 12:01:10.085 I/System.out(  732): Values: 9.0
01-14 12:01:11.076 I/System.out(  732): Values: 9.0
01-14 12:01:12.077 I/System.out(  732): Values: 9.0
01-14 12:01:13.077 I/System.out(  732): Values: 9.0
01-14 12:01:14.078 I/System.out(  732): Values: 9.0
01-14 12:01:15.079 I/System.out(  732): Values: 9.0
01-14 12:01:16.080 I/System.out(  732): Values: 9.0
01-14 12:01:17.081 I/System.out(  732): Values: 9.0
01-14 12:01:18.082 I/System.out(  732): Values: 9.0
01-14 12:01:19.083 I/System.out(  732): Values: 9.0
01-14 12:01:20.084 I/System.out(  732): Values: 9.0
01-14 12:01:21.085 I/System.out(  732): Values: 9.0
01-14 12:01:22.086 I/System.out(  732): Values: 9.0
01-14 12:01:23.087 I/System.out(  732): Values: 9.0
01-14 12:01:24.088 I/System.out(  732): Values: 9.0
01-14 12:01:25.089 I/System.out(  732): Values: 9.0
01-14 12:01:26.080 I/System.out(  732): Values: 9.0
01-14 12:01:27.081 I/System.out(  732): Values: 9.0
01-14 12:01:28.082 I/System.out(  732): Values: 9.0
01-14 12:01:29.083 I/System.out(  732): Values: 9.0
01-14 12:01:30.084 I/System.out(  732): Values: 9.0
01-14 12:01:30.104 D/SntpClient(  172): request time failed: java.net.UnknownHostException: europe.pool.ntp.org
01-14 12:01:30.164 D/SntpClient(  172): request time failed: java.net.UnknownHostException: europe.pool.ntp.org
01-14 12:01:30.164 D/SntpClient(  172): request time failed: java.net.UnknownHostException: europe.pool.ntp.org
01-14 12:01:30.254 D/dalvikvm(  172): GC_CONCURRENT freed 626K, 49% free 4797K/9351K, external 35K/547K, paused 9ms+3ms
01-14 12:01:31.075 I/System.out(  732): Values: 9.0
01-14 12:01:32.076 I/System.out(  732): Values: 9.0
01-14 12:01:33.087 I/System.out(  732): Values: 9.0
01-14 12:01:34.088 I/System.out(  732): Values: 9.0
01-14 12:01:35.079 I/System.out(  732): Values: 9.0
01-14 12:01:36.080 I/System.out(  732): Values: 9.0
01-14 12:01:37.081 I/System.out(  732): Values: 9.0
01-14 12:01:38.082 I/System.out(  732): Values: 9.0
01-14 12:01:39.093 I/System.out(  732): Values: 9.0
01-14 12:01:40.094 I/System.out(  732): Values: 9.0
01-14 12:01:41.095 I/System.out(  732): Values: 9.0
01-14 12:01:42.096 I/System.out(  732): Values: 9.0
01-14 12:01:43.087 I/System.out(  732): Values: 9.0
01-14 12:01:44.088 I/System.out(  732): Values: 9.0
01-14 12:01:45.089 I/System.out(  732): Values: 9.0
01-14 12:01:46.090 I/System.out(  732): Values: 9.0
01-14 12:01:47.091 I/System.out(  732): Values: 9.0
01-14 12:01:48.092 I/System.out(  732): Values: 9.0
01-14 12:01:49.093 I/System.out(  732): Values: 9.0
01-14 12:01:50.094 I/System.out(  732): Values: 9.0
01-14 12:01:51.095 I/System.out(  732): Values: 9.0
01-14 12:01:52.096 I/System.out(  732): Values: 9.0
01-14 12:01:53.097 I/System.out(  732): Values: 9.0
01-14 12:01:54.098 I/System.out(  732): Values: 9.0
01-14 12:01:55.088 I/System.out(  732): Values: 9.0
01-14 12:01:56.089 I/System.out(  732): Values: 9.0
01-14 12:01:57.090 I/System.out(  732): Values: 9.0
01-14 12:01:58.091 I/System.out(  732): Values: 9.0
01-14 12:01:59.092 I/System.out(  732): Values: 9.0
01-14 12:02:00.103 I/System.out(  732): Values: 9.0
01-14 12:02:01.104 I/System.out(  732): Values: 9.0
01-14 12:02:02.095 I/System.out(  732): Values: 9.0
01-14 12:02:03.096 I/System.out(  732): Values: 9.0
01-14 12:02:04.097 I/System.out(  732): Values: 9.0
01-14 12:02:05.098 I/System.out(  732): Values: 9.0
01-14 12:02:06.099 I/System.out(  732): Values: 9.0
01-14 12:02:07.100 I/System.out(  732): Values: 9.0
01-14 12:02:08.101 I/System.out(  732): Values: 9.0
01-14 12:02:09.102 I/System.out(  732): Values: 9.0
01-14 12:02:10.103 I/System.out(  732): Values: 9.0
01-14 12:02:11.104 I/System.out(  732): Values: 9.0
01-14 12:02:12.105 I/System.out(  732): Values: 9.0
01-14 12:02:13.106 I/System.out(  732): Values: 9.0
01-14 12:02:14.097 I/System.out(  732): Values: 9.0
01-14 12:02:15.108 I/System.out(  732): Values: 9.0
01-14 12:02:16.099 I/System.out(  732): Values: 9.0
01-14 12:02:17.100 I/System.out(  732): Values: 9.0
01-14 12:02:18.101 I/System.out(  732): Values: 9.0
01-14 12:02:19.102 I/System.out(  732): Values: 9.0
01-14 12:02:20.113 I/System.out(  732): Values: 9.0
01-14 12:02:21.114 I/System.out(  732): Values: 9.0
01-14 12:02:22.115 I/System.out(  732): Values: 9.0
01-14 12:02:23.106 I/System.out(  732): Values: 9.0
01-14 12:02:24.107 I/System.out(  732): Values: 9.0
01-14 12:02:25.108 I/System.out(  732): Values: 9.0
01-14 12:02:26.109 I/System.out(  732): Values: 9.0
01-14 12:02:27.110 I/System.out(  732): Values: 9.0
01-14 12:02:28.111 I/System.out(  732): Values: 9.0
01-14 12:02:29.112 I/System.out(  732): Values: 9.0
01-14 12:02:30.113 I/System.out(  732): Values: 9.0
01-14 12:02:31.114 I/System.out(  732): Values: 9.0
01-14 12:02:32.115 I/System.out(  732): Values: 9.0
01-14 12:02:33.116 I/System.out(  732): Values: 9.0
01-14 12:02:34.117 I/System.out(  732): Values: 9.0
01-14 12:02:35.118 I/System.out(  732): Values: 9.0
01-14 12:02:36.109 I/System.out(  732): Values: 9.0
01-14 12:02:37.109 I/System.out(  732): Values: 9.0
01-14 12:02:38.110 I/System.out(  732): Values: 9.0
01-14 12:02:39.111 I/System.out(  732): Values: 9.0
01-14 12:02:40.112 I/System.out(  732): Values: 9.0
01-14 12:02:41.113 I/System.out(  732): Values: 9.0
01-14 12:02:42.114 I/System.out(  732): Values: 9.0
01-14 12:02:43.115 I/System.out(  732): Values: 9.0
01-14 12:02:44.116 I/System.out(  732): Values: 9.0
01-14 12:02:45.117 I/System.out(  732): Values: 9.0
01-14 12:02:46.118 I/System.out(  732): Values: 9.0
01-14 12:02:47.119 I/System.out(  732): Values: 9.0
01-14 12:02:48.120 I/System.out(  732): Values: 9.0
01-14 12:02:49.121 I/System.out(  732): Values: 9.0
01-14 12:02:50.112 I/System.out(  732): Values: 9.0
01-14 12:02:51.113 I/System.out(  732): Values: 9.0
01-14 12:02:52.114 I/System.out(  732): Values: 9.0
01-14 12:02:53.115 I/System.out(  732): Values: 9.0
01-14 12:02:54.116 I/System.out(  732): Values: 9.0
01-14 12:02:54.186 D/dalvikvm(  732): GC_CONCURRENT freed 396K, 56% free 2536K/5639K, external 8K/519K, paused 10ms+2ms
01-14 12:02:55.117 I/System.out(  732): Values: 9.0
01-14 12:02:56.118 I/System.out(  732): Values: 9.0
01-14 12:02:57.119 I/System.out(  732): Values: 9.0
01-14 12:02:58.120 I/System.out(  732): Values: 9.0
01-14 12:02:59.121 I/System.out(  732): Values: 9.0
01-14 12:03:00.122 I/System.out(  732): Values: 9.0
01-14 12:03:01.123 I/System.out(  732): Values: 9.0
01-14 12:03:02.124 I/System.out(  732): Values: 9.0
01-14 12:03:03.125 I/System.out(  732): Values: 9.0
01-14 12:03:04.126 I/System.out(  732): Values: 9.0
01-14 12:03:05.127 I/System.out(  732): Values: 9.0
01-14 12:03:06.118 I/System.out(  732): Values: 9.0
01-14 12:03:07.119 I/System.out(  732): Values: 9.0
01-14 12:03:08.120 I/System.out(  732): Values: 9.0
01-14 12:03:09.121 I/System.out(  732): Values: 9.0
01-14 12:03:10.122 I/System.out(  732): Values: 9.0
01-14 12:03:11.123 I/System.out(  732): Values: 9.0
01-14 12:03:12.124 I/System.out(  732): Values: 9.0
01-14 12:03:13.125 I/System.out(  732): Values: 9.0
01-14 12:03:14.126 I/System.out(  732): Values: 9.0
01-14 12:03:15.127 I/System.out(  732): Values: 9.0
