01-10 14:47:04.983 I/wpa_supplicant(  606): CTRL-EVENT-STATE-CHANGE id=-1 state=2 BSSID=00:00:00:00:00:00
01-10 14:47:04.983 V/WifiMonitor(  164): Event [CTRL-EVENT-STATE-CHANGE id=-1 state=2 BSSID=00:00:00:00:00:00]
01-10 14:47:04.983 V/WifiStateTracker(  164): Changing supplicant state: INACTIVE ==> SCANNING
01-10 14:47:05.453 I/System.out(  717): 16
01-10 14:47:05.463 I/System.out(  717): Time difference in secs is: 150
01-10 14:47:05.584 I/wpa_supplicant(  606): CTRL-EVENT-STATE-CHANGE id=-1 state=1 BSSID=00:00:00:00:00:00
01-10 14:47:05.584 V/WifiMonitor(  164): Event [CTRL-EVENT-STATE-CHANGE id=-1 state=1 BSSID=00:00:00:00:00:00]
01-10 14:47:05.594 V/WifiStateTracker(  164): Changing supplicant state: SCANNING ==> INACTIVE
01-10 14:47:05.604 I/wpa_supplicant(  606): CTRL-EVENT-STATE-CHANGE id=-1 state=2 BSSID=00:00:00:00:00:00
01-10 14:47:05.604 V/WifiMonitor(  164): Event [CTRL-EVENT-STATE-CHANGE id=-1 state=2 BSSID=00:00:00:00:00:00]
01-10 14:47:05.604 V/WifiStateTracker(  164): Changing supplicant state: INACTIVE ==> SCANNING
01-10 14:47:05.834 D/WifiService(  164): ACTION_BATTERY_CHANGED pluggedType: 2
01-10 14:47:05.844 D/SettingsAppWidgetProvider(  583): Widget is from a previous version... Let's update
01-10 14:47:05.844 D/SettingsAppWidgetProvider(  583): No instances yet... Wait for at least one instance to exist before adding global settings
01-10 14:47:06.204 I/wpa_supplicant(  606): CTRL-EVENT-STATE-CHANGE id=-1 state=1 BSSID=00:00:00:00:00:00
01-10 14:47:06.204 V/WifiMonitor(  164): Event [CTRL-EVENT-STATE-CHANGE id=-1 state=1 BSSID=00:00:00:00:00:00]
01-10 14:47:06.214 V/WifiStateTracker(  164): Changing supplicant state: SCANNING ==> INACTIVE
01-10 14:47:06.214 I/wpa_supplicant(  606): CTRL-EVENT-STATE-CHANGE id=-1 state=2 BSSID=00:00:00:00:00:00
01-10 14:47:06.214 V/WifiMonitor(  164): Event [CTRL-EVENT-STATE-CHANGE id=-1 state=2 BSSID=00:00:00:00:00:00]
01-10 14:47:06.214 V/WifiStateTracker(  164): Changing supplicant state: INACTIVE ==> SCANNING
01-10 14:47:06.224 W/WifiService(  164): misformatted scan result for: 00:80:48:68:08:99	2457	165			
01-10 14:47:06.454 I/System.out(  717): 16
01-10 14:47:06.454 W/WifiService(  164): misformatted scan result for: 00:80:48:68:08:99	2457	165			
01-10 14:47:06.464 I/System.out(  717): Time difference in secs is: 150
01-10 14:47:06.795 I/wpa_supplicant(  606): CTRL-EVENT-STATE-CHANGE id=-1 state=1 BSSID=00:00:00:00:00:00
01-10 14:47:06.795 V/WifiMonitor(  164): Event [CTRL-EVENT-STATE-CHANGE id=-1 state=1 BSSID=00:00:00:00:00:00]
01-10 14:47:06.805 V/WifiStateTracker(  164): Changing supplicant state: SCANNING ==> INACTIVE
01-10 14:47:06.805 I/wpa_supplicant(  606): CTRL-EVENT-STATE-CHANGE id=-1 state=2 BSSID=00:00:00:00:00:00
01-10 14:47:06.815 V/WifiMonitor(  164): Event [CTRL-EVENT-STATE-CHANGE id=-1 state=2 BSSID=00:00:00:00:00:00]
01-10 14:47:06.815 V/WifiStateTracker(  164): Changing supplicant state: INACTIVE ==> SCANNING
01-10 14:47:06.835 W/Vold    (  112): Ignoring unknown switch 'usb_connected'
01-10 14:47:06.935 D/Vold    (  112): USB connected
01-10 14:47:06.935 D/Vold    (  112): Share method ums now available
01-10 14:47:06.955 I/StorageNotification(  235): UMS connection changed to true (media state mounted)
01-10 14:47:06.985 W/ApplicationContext(  164): Unable to create files directory
01-10 14:47:06.995 V/NotificationService(  164): Active profile: Default
01-10 14:47:06.995 I/PROFILE (  164): Group: Gmail containing : com.android.systemui : false
01-10 14:47:06.995 I/PROFILE (  164): Group: Phone containing : com.android.systemui : false
01-10 14:47:06.995 I/PROFILE (  164): Group: Calendar containing : com.android.systemui : false
01-10 14:47:06.995 I/PROFILE (  164): Group: Email containing : com.android.systemui : false
01-10 14:47:06.995 I/PROFILE (  164): Group: SMS containing : com.android.systemui : false
01-10 14:47:06.995 V/ProfileManager(  164): No active group, returning default: Other
01-10 14:47:06.995 V/NotificationService(  164): Pkg: com.android.systemui group: Other
01-10 14:47:07.005 D/WriteApps(  164): Error: java.lang.NullPointerException
01-10 14:47:07.015 V/NotificationService(  164): Active profile: Default
01-10 14:47:07.015 I/PROFILE (  164): Group: Gmail containing : android : false
01-10 14:47:07.015 I/PROFILE (  164): Group: Phone containing : android : false
01-10 14:47:07.015 I/PROFILE (  164): Group: Calendar containing : android : false
01-10 14:47:07.015 I/PROFILE (  164): Group: Email containing : android : false
01-10 14:47:07.015 I/PROFILE (  164): Group: SMS containing : android : false
01-10 14:47:07.015 V/ProfileManager(  164): No active group, returning default: Other
01-10 14:47:07.015 V/NotificationService(  164): Pkg: android group: Other
01-10 14:47:07.035 D/Tethering(  164): sendTetherStateChangedBroadcast 1, 0, 0
01-10 14:47:07.035 D/Tethering(  164): interfaceAdded :usb0
01-10 14:47:07.385 I/wpa_supplicant(  606): CTRL-EVENT-STATE-CHANGE id=-1 state=1 BSSID=00:00:00:00:00:00
01-10 14:47:07.385 V/WifiMonitor(  164): Event [CTRL-EVENT-STATE-CHANGE id=-1 state=1 BSSID=00:00:00:00:00:00]
01-10 14:47:07.395 V/WifiStateTracker(  164): Changing supplicant state: SCANNING ==> INACTIVE
01-10 14:47:07.395 I/wpa_supplicant(  606): CTRL-EVENT-STATE-CHANGE id=-1 state=2 BSSID=00:00:00:00:00:00
01-10 14:47:07.395 V/WifiMonitor(  164): Event [CTRL-EVENT-STATE-CHANGE id=-1 state=2 BSSID=00:00:00:00:00:00]
01-10 14:47:07.395 V/WifiStateTracker(  164): Changing supplicant state: INACTIVE ==> SCANNING
01-10 14:47:07.455 I/System.out(  717): 16
01-10 14:47:07.455 I/System.out(  717): Time difference in secs is: 150
01-10 14:47:07.996 I/wpa_supplicant(  606): CTRL-EVENT-STATE-CHANGE id=-1 state=1 BSSID=00:00:00:00:00:00
01-10 14:47:07.996 V/WifiMonitor(  164): Event [CTRL-EVENT-STATE-CHANGE id=-1 state=1 BSSID=00:00:00:00:00:00]
01-10 14:47:08.016 V/WifiStateTracker(  164): Changing supplicant state: SCANNING ==> INACTIVE
01-10 14:47:08.016 I/wpa_supplicant(  606): CTRL-EVENT-STATE-CHANGE id=-1 state=2 BSSID=00:00:00:00:00:00
01-10 14:47:08.016 V/WifiMonitor(  164): Event [CTRL-EVENT-STATE-CHANGE id=-1 state=2 BSSID=00:00:00:00:00:00]
01-10 14:47:08.016 V/WifiStateTracker(  164): Changing supplicant state: INACTIVE ==> SCANNING
01-10 14:47:08.456 I/System.out(  717): 17
01-10 14:47:08.456 I/System.out(  717): Time difference in secs is: 150
01-10 14:47:08.587 I/wpa_supplicant(  606): CTRL-EVENT-STATE-CHANGE id=-1 state=1 BSSID=00:00:00:00:00:00
01-10 14:47:08.587 V/WifiMonitor(  164): Event [CTRL-EVENT-STATE-CHANGE id=-1 state=1 BSSID=00:00:00:00:00:00]
01-10 14:47:08.607 V/WifiStateTracker(  164): Changing supplicant state: SCANNING ==> INACTIVE
01-10 14:47:08.607 I/wpa_supplicant(  606): CTRL-EVENT-STATE-CHANGE id=-1 state=2 BSSID=00:00:00:00:00:00
01-10 14:47:08.607 V/WifiMonitor(  164): Event [CTRL-EVENT-STATE-CHANGE id=-1 state=2 BSSID=00:00:00:00:00:00]
01-10 14:47:08.607 V/WifiStateTracker(  164): Changing supplicant state: INACTIVE ==> SCANNING
01-10 14:47:09.187 I/wpa_supplicant(  606): CTRL-EVENT-STATE-CHANGE id=-1 state=1 BSSID=00:00:00:00:00:00
01-10 14:47:09.187 V/WifiMonitor(  164): Event [CTRL-EVENT-STATE-CHANGE id=-1 state=1 BSSID=00:00:00:00:00:00]
01-10 14:47:09.197 V/WifiStateTracker(  164): Changing supplicant state: SCANNING ==> INACTIVE
01-10 14:47:09.197 I/wpa_supplicant(  606): CTRL-EVENT-STATE-CHANGE id=-1 state=2 BSSID=00:00:00:00:00:00
01-10 14:47:09.197 V/WifiMonitor(  164): Event [CTRL-EVENT-STATE-CHANGE id=-1 state=2 BSSID=00:00:00:00:00:00]
01-10 14:47:09.207 V/WifiStateTracker(  164): Changing supplicant state: INACTIVE ==> SCANNING
01-10 14:47:09.457 I/System.out(  717): 15
01-10 14:47:09.457 I/System.out(  717): Time difference in secs is: 150
01-10 14:47:09.778 I/wpa_supplicant(  606): CTRL-EVENT-STATE-CHANGE id=-1 state=1 BSSID=00:00:00:00:00:00
01-10 14:47:09.778 V/WifiMonitor(  164): Event [CTRL-EVENT-STATE-CHANGE id=-1 state=1 BSSID=00:00:00:00:00:00]
01-10 14:47:09.798 V/WifiStateTracker(  164): Changing supplicant state: SCANNING ==> INACTIVE
01-10 14:47:09.798 I/wpa_supplicant(  606): CTRL-EVENT-STATE-CHANGE id=-1 state=2 BSSID=00:00:00:00:00:00
01-10 14:47:09.798 V/WifiMonitor(  164): Event [CTRL-EVENT-STATE-CHANGE id=-1 state=2 BSSID=00:00:00:00:00:00]
01-10 14:47:09.798 V/WifiStateTracker(  164): Changing supplicant state: INACTIVE ==> SCANNING
01-10 14:47:09.808 W/WifiService(  164): misformatted scan result for: 00:80:48:68:08:99	2457	169			
01-10 14:47:10.368 I/wpa_supplicant(  606): CTRL-EVENT-STATE-CHANGE id=-1 state=1 BSSID=00:00:00:00:00:00
01-10 14:47:10.378 V/WifiMonitor(  164): Event [CTRL-EVENT-STATE-CHANGE id=-1 state=1 BSSID=00:00:00:00:00:00]
01-10 14:47:10.388 I/wpa_supplicant(  606): CTRL-EVENT-STATE-CHANGE id=-1 state=2 BSSID=00:00:00:00:00:00
01-10 14:47:10.408 V/WifiStateTracker(  164): Changing supplicant state: SCANNING ==> INACTIVE
01-10 14:47:10.408 V/WifiMonitor(  164): Event [CTRL-EVENT-STATE-CHANGE id=-1 state=2 BSSID=00:00:00:00:00:00]
01-10 14:47:10.408 V/WifiStateTracker(  164): Changing supplicant state: INACTIVE ==> SCANNING
01-10 14:47:10.448 I/System.out(  717): 15
01-10 14:47:10.448 I/System.out(  717): Time difference in secs is: 150
01-10 14:47:10.498 D/dalvikvm(  164): GC_CONCURRENT freed 511K, 48% free 4834K/9159K, external 35K/547K, paused 3ms+6ms
01-10 14:47:10.969 I/wpa_supplicant(  606): CTRL-EVENT-STATE-CHANGE id=-1 state=1 BSSID=00:00:00:00:00:00
01-10 14:47:10.969 V/WifiMonitor(  164): Event [CTRL-EVENT-STATE-CHANGE id=-1 state=1 BSSID=00:00:00:00:00:00]
01-10 14:47:10.969 V/WifiStateTracker(  164): Changing supplicant state: SCANNING ==> INACTIVE
01-10 14:47:10.989 I/wpa_supplicant(  606): CTRL-EVENT-STATE-CHANGE id=-1 state=2 BSSID=00:00:00:00:00:00
01-10 14:47:10.989 V/WifiMonitor(  164): Event [CTRL-EVENT-STATE-CHANGE id=-1 state=2 BSSID=00:00:00:00:00:00]
01-10 14:47:10.989 V/WifiStateTracker(  164): Changing supplicant state: INACTIVE ==> SCANNING
01-10 14:47:11.459 I/System.out(  717): 15
01-10 14:47:11.469 I/System.out(  717): Time difference in secs is: 150
01-10 14:47:11.569 I/wpa_supplicant(  606): CTRL-EVENT-STATE-CHANGE id=-1 state=1 BSSID=00:00:00:00:00:00
01-10 14:47:11.569 V/WifiMonitor(  164): Event [CTRL-EVENT-STATE-CHANGE id=-1 state=1 BSSID=00:00:00:00:00:00]
01-10 14:47:11.589 V/WifiStateTracker(  164): Changing supplicant state: SCANNING ==> INACTIVE
01-10 14:47:11.589 I/wpa_supplicant(  606): CTRL-EVENT-STATE-CHANGE id=-1 state=2 BSSID=00:00:00:00:00:00
01-10 14:47:11.589 V/WifiMonitor(  164): Event [CTRL-EVENT-STATE-CHANGE id=-1 state=2 BSSID=00:00:00:00:00:00]
01-10 14:47:11.589 V/WifiStateTracker(  164): Changing supplicant state: INACTIVE ==> SCANNING
01-10 14:47:12.160 I/wpa_supplicant(  606): CTRL-EVENT-STATE-CHANGE id=-1 state=1 BSSID=00:00:00:00:00:00
01-10 14:47:12.170 V/WifiMonitor(  164): Event [CTRL-EVENT-STATE-CHANGE id=-1 state=1 BSSID=00:00:00:00:00:00]
01-10 14:47:12.180 V/WifiStateTracker(  164): Changing supplicant state: SCANNING ==> INACTIVE
01-10 14:47:12.180 I/wpa_supplicant(  606): CTRL-EVENT-STATE-CHANGE id=-1 state=2 BSSID=00:00:00:00:00:00
01-10 14:47:12.180 V/WifiMonitor(  164): Event [CTRL-EVENT-STATE-CHANGE id=-1 state=2 BSSID=00:00:00:00:00:00]
01-10 14:47:12.180 V/WifiStateTracker(  164): Changing supplicant state: INACTIVE ==> SCANNING
01-10 14:47:12.460 I/System.out(  717): 15
01-10 14:47:12.470 I/System.out(  717): Time difference in secs is: 150
01-10 14:47:12.761 I/wpa_supplicant(  606): CTRL-EVENT-STATE-CHANGE id=-1 state=1 BSSID=00:00:00:00:00:00
01-10 14:47:12.761 V/WifiMonitor(  164): Event [CTRL-EVENT-STATE-CHANGE id=-1 state=1 BSSID=00:00:00:00:00:00]
01-10 14:47:12.781 V/WifiStateTracker(  164): Changing supplicant state: SCANNING ==> INACTIVE
01-10 14:47:12.781 I/wpa_supplicant(  606): CTRL-EVENT-STATE-CHANGE id=-1 state=2 BSSID=00:00:00:00:00:00
01-10 14:47:12.781 V/WifiMonitor(  164): Event [CTRL-EVENT-STATE-CHANGE id=-1 state=2 BSSID=00:00:00:00:00:00]
01-10 14:47:12.781 V/WifiStateTracker(  164): Changing supplicant state: INACTIVE ==> SCANNING
01-10 14:47:13.361 I/wpa_supplicant(  606): CTRL-EVENT-STATE-CHANGE id=-1 state=1 BSSID=00:00:00:00:00:00
01-10 14:47:13.361 V/WifiMonitor(  164): Event [CTRL-EVENT-STATE-CHANGE id=-1 state=1 BSSID=00:00:00:00:00:00]
01-10 14:47:13.371 V/WifiStateTracker(  164): Changing supplicant state: SCANNING ==> INACTIVE
01-10 14:47:13.381 I/wpa_supplicant(  606): CTRL-EVENT-STATE-CHANGE id=-1 state=2 BSSID=00:00:00:00:00:00
01-10 14:47:13.381 V/WifiMonitor(  164): Event [CTRL-EVENT-STATE-CHANGE id=-1 state=2 BSSID=00:00:00:00:00:00]
01-10 14:47:13.381 V/WifiStateTracker(  164): Changing supplicant state: INACTIVE ==> SCANNING
01-10 14:47:13.461 I/System.out(  717): 15
01-10 14:47:13.461 I/System.out(  717): Time difference in secs is: 150
01-10 14:47:13.962 I/wpa_supplicant(  606): CTRL-EVENT-STATE-CHANGE id=-1 state=1 BSSID=00:00:00:00:00:00
01-10 14:47:13.962 V/WifiMonitor(  164): Event [CTRL-EVENT-STATE-CHANGE id=-1 state=1 BSSID=00:00:00:00:00:00]
01-10 14:47:13.982 V/WifiStateTracker(  164): Changing supplicant state: SCANNING ==> INACTIVE
01-10 14:47:13.982 I/wpa_supplicant(  606): CTRL-EVENT-STATE-CHANGE id=-1 state=2 BSSID=00:00:00:00:00:00
01-10 14:47:13.982 V/WifiMonitor(  164): Event [CTRL-EVENT-STATE-CHANGE id=-1 state=2 BSSID=00:00:00:00:00:00]
01-10 14:47:13.982 V/WifiStateTracker(  164): Changing supplicant state: INACTIVE ==> SCANNING
01-10 14:47:14.472 I/System.out(  717): 15
01-10 14:47:14.472 I/System.out(  717): Time difference in secs is: 150
01-10 14:47:14.552 I/wpa_supplicant(  606): CTRL-EVENT-STATE-CHANGE id=-1 state=1 BSSID=00:00:00:00:00:00
01-10 14:47:14.552 V/WifiMonitor(  164): Event [CTRL-EVENT-STATE-CHANGE id=-1 state=1 BSSID=00:00:00:00:00:00]
01-10 14:47:14.572 I/wpa_supplicant(  606): CTRL-EVENT-STATE-CHANGE id=-1 state=2 BSSID=00:00:00:00:00:00
01-10 14:47:14.572 V/WifiStateTracker(  164): Changing supplicant state: SCANNING ==> INACTIVE
01-10 14:47:14.572 V/WifiMonitor(  164): Event [CTRL-EVENT-STATE-CHANGE id=-1 state=2 BSSID=00:00:00:00:00:00]
01-10 14:47:14.572 V/WifiStateTracker(  164): Changing supplicant state: INACTIVE ==> SCANNING
