--------- beginning of /dev/log/main
01-20 10:16:41.745 D/SettingsAppWidgetProvider(  585): Widget is from a previous version... Let's update
01-20 10:16:41.745 D/SettingsAppWidgetProvider(  585): No instances yet... Wait for at least one instance to exist before adding global settings
--------- beginning of /dev/log/system
01-20 10:16:46.550 W/Vold    (  111): Ignoring unknown switch 'usb_connected'
01-20 10:16:46.550 D/Vold    (  111): USB disconnected
01-20 10:16:46.550 D/Vold    (  111): Share method ums now unavailable
01-20 10:16:46.550 I/StorageNotification(  234): UMS connection changed to false (media state mounted)
01-20 10:16:46.560 D/dalvikvm(  516): Debugger has detached; object registry had 1 entries
01-20 10:16:46.560 D/dalvikvm(  278): Debugger has detached; object registry had 1 entries
01-20 10:16:46.560 D/dalvikvm(  234): Debugger has detached; object registry had 1 entries
01-20 10:16:46.560 D/dalvikvm(  163): Debugger has detached; object registry had 1 entries
01-20 10:16:46.560 D/dalvikvm(  256): Debugger has detached; object registry had 1 entries
01-20 10:16:46.560 D/dalvikvm(  252): Debugger has detached; object registry had 1 entries
01-20 10:16:46.560 D/dalvikvm(  250): Debugger has detached; object registry had 1 entries
01-20 10:16:46.560 D/dalvikvm(  321): Debugger has detached; object registry had 1 entries
01-20 10:16:46.580 W/Vold    (  111): Ignoring unknown switch 'usb_connected'
01-20 10:16:46.580 W/ProcessStats(  163): Skipping unknown process pid 599
01-20 10:16:46.590 W/ProcessStats(  163): Skipping unknown process pid 600
01-20 10:16:46.590 W/ProcessStats(  163): Skipping unknown process pid 603
01-20 10:16:46.590 D/Vold    (  111): USB connected
01-20 10:16:46.590 D/Vold    (  111): Share method ums now available
01-20 10:16:46.600 I/StorageNotification(  234): UMS connection changed to true (media state mounted)
01-20 10:16:46.600 V/NotificationService(  163): Active profile: Default
01-20 10:16:46.600 I/PROFILE (  163): Group: Gmail containing : com.android.systemui : false
01-20 10:16:46.600 I/PROFILE (  163): Group: Phone containing : com.android.systemui : false
01-20 10:16:46.600 I/PROFILE (  163): Group: Calendar containing : com.android.systemui : false
01-20 10:16:46.600 I/PROFILE (  163): Group: Email containing : com.android.systemui : false
01-20 10:16:46.600 I/PROFILE (  163): Group: SMS containing : com.android.systemui : false
01-20 10:16:46.600 V/ProfileManager(  163): No active group, returning default: Other
01-20 10:16:46.600 V/NotificationService(  163): Pkg: com.android.systemui group: Other
01-20 10:16:46.610 D/dalvikvm(  443): Debugger has detached; object registry had 1 entries
01-20 10:16:46.630 E/Tethering(  163): active iface (usb0) reported as added, ignoring
01-20 10:16:46.640 D/dalvikvm(  506): Debugger has detached; object registry had 1 entries
01-20 10:16:46.650 D/dalvikvm(  558): Debugger has detached; object registry had 1 entries
01-20 10:16:46.670 D/dalvikvm(  585): Debugger has detached; object registry had 1 entries
01-20 10:16:46.670 D/dalvikvm(  464): Debugger has detached; object registry had 1 entries
01-20 10:16:46.670 D/dalvikvm(  498): Debugger has detached; object registry had 1 entries
01-20 10:16:46.670 D/dalvikvm(  393): Debugger has detached; object registry had 1 entries
01-20 10:16:46.670 D/dalvikvm(  529): Debugger has detached; object registry had 1 entries
01-20 10:16:46.670 D/dalvikvm(  540): Debugger has detached; object registry had 1 entries
01-20 10:16:46.670 D/dalvikvm(  453): Debugger has detached; object registry had 1 entries
01-20 10:16:46.670 D/dalvikvm(  385): Debugger has detached; object registry had 1 entries
01-20 10:16:46.670 D/dalvikvm(  486): Debugger has detached; object registry had 1 entries
01-20 10:16:46.670 D/dalvikvm(  569): Debugger has detached; object registry had 1 entries
01-20 10:16:46.680 D/dalvikvm(  548): Debugger has detached; object registry had 1 entries
01-20 10:16:51.935 W/Vold    (  111): Ignoring unknown switch 'usb_connected'
01-20 10:16:51.935 D/Vold    (  111): USB disconnected
01-20 10:16:51.935 D/Vold    (  111): Share method ums now unavailable
01-20 10:16:51.945 I/StorageNotification(  234): UMS connection changed to false (media state mounted)
01-20 10:16:52.126 D/SettingsAppWidgetProvider(  585): Widget is from a previous version... Let's update
01-20 10:16:52.126 D/SettingsAppWidgetProvider(  585): No instances yet... Wait for at least one instance to exist before adding global settings
01-20 10:16:52.996 D/Tethering(  163): InitialState.processMessage what=4
01-20 10:16:53.006 D/Tethering(  163): sendTetherStateChangedBroadcast 0, 0, 0
01-20 10:17:00.544 D/SettingsAppWidgetProvider(  585): Widget is from a previous version... Let's update
01-20 10:17:00.544 D/SettingsAppWidgetProvider(  585): No instances yet... Wait for at least one instance to exist before adding global settings
01-20 10:17:01.625 W/Vold    (  111): Ignoring unknown switch 'usb_connected'
01-20 10:17:01.655 D/Vold    (  111): USB connected
01-20 10:17:01.655 D/Vold    (  111): Share method ums now available
01-20 10:17:01.655 I/StorageNotification(  234): UMS connection changed to true (media state mounted)
01-20 10:17:01.685 V/NotificationService(  163): Active profile: Default
01-20 10:17:01.685 I/PROFILE (  163): Group: Gmail containing : com.android.systemui : false
01-20 10:17:01.685 I/PROFILE (  163): Group: Phone containing : com.android.systemui : false
01-20 10:17:01.685 I/PROFILE (  163): Group: Calendar containing : com.android.systemui : false
01-20 10:17:01.685 I/PROFILE (  163): Group: Email containing : com.android.systemui : false
01-20 10:17:01.695 I/PROFILE (  163): Group: SMS containing : com.android.systemui : false
01-20 10:17:01.695 V/ProfileManager(  163): No active group, returning default: Other
01-20 10:17:01.695 V/NotificationService(  163): Pkg: com.android.systemui group: Other
01-20 10:17:01.705 W/ApplicationContext(  163): Unable to create files directory
01-20 10:17:01.715 D/WriteApps(  163): Error: java.lang.NullPointerException
01-20 10:17:01.725 V/NotificationService(  163): Active profile: Default
01-20 10:17:01.735 I/PROFILE (  163): Group: Gmail containing : android : false
01-20 10:17:01.735 I/PROFILE (  163): Group: Phone containing : android : false
01-20 10:17:01.735 I/PROFILE (  163): Group: Calendar containing : android : false
01-20 10:17:01.735 I/PROFILE (  163): Group: Email containing : android : false
01-20 10:17:01.735 I/PROFILE (  163): Group: SMS containing : android : false
01-20 10:17:01.735 V/ProfileManager(  163): No active group, returning default: Other
01-20 10:17:01.735 V/NotificationService(  163): Pkg: android group: Other
01-20 10:17:01.735 D/Tethering(  163): sendTetherStateChangedBroadcast 1, 0, 0
01-20 10:17:01.735 D/Tethering(  163): interfaceAdded :usb0
01-20 10:17:07.210 D/AndroidRuntime(  623): 
01-20 10:17:07.210 D/AndroidRuntime(  623): >>>>>> AndroidRuntime START com.android.internal.os.RuntimeInit <<<<<<
01-20 10:17:07.220 I/AndroidRuntime(  623): Heap size: -Xmx32m
01-20 10:17:07.220 D/AndroidRuntime(  623): CheckJNI is OFF
01-20 10:17:07.220 D/dalvikvm(  623): creating instr width table
01-20 10:17:07.440 D/AndroidRuntime(  623): Calling main entry com.android.commands.pm.Pm
01-20 10:17:07.460 I/ActivityManager(  163): Start proc com.android.defcontainer for service com.android.defcontainer/.DefaultContainerService: pid=631 uid=10030 gids={1015, 2001}
01-20 10:17:07.501 D/dalvikvm(  631): Debugger has detached; object registry had 1 entries
01-20 10:17:07.601 D/dalvikvm(  631): GC_EXPLICIT freed 323K, 55% free 2509K/5511K, external 0K/0K, paused 32ms
01-20 10:17:08.421 W/ActivityManager(  163): No content provider found for: 
01-20 10:17:08.592 W/ActivityManager(  163): No content provider found for: 
01-20 10:17:08.602 D/PackageParser(  163): Scanning package: /data/app/vmdl-2046230603.tmp
01-20 10:17:08.602 I/ActivityManager(  163): No longer want com.android.deskclock (pid 443): hidden #16
01-20 10:17:08.752 I/PackageManager(  163): Removing non-system package:uk.ac.st_andrews.cs.host.mk74.energymeasurement.wifi80211
01-20 10:17:08.752 I/ActivityManager(  163): Force stopping package uk.ac.st_andrews.cs.host.mk74.energymeasurement.wifi80211 uid=10060
01-20 10:17:08.862 D/PackageManager(  163): Scanning package uk.ac.st_andrews.cs.host.mk74.energymeasurement.wifi80211
01-20 10:17:08.862 I/PackageManager(  163): Package uk.ac.st_andrews.cs.host.mk74.energymeasurement.wifi80211 codePath changed from /data/app/uk.ac.st_andrews.cs.host.mk74.energymeasurement.wifi80211-1.apk to /data/app/uk.ac.st_andrews.cs.host.mk74.energymeasurement.wifi80211-2.apk; Retaining data and using new
01-20 10:17:08.862 I/PackageManager(  163): Unpacking native libraries for /data/app/uk.ac.st_andrews.cs.host.mk74.energymeasurement.wifi80211-2.apk
01-20 10:17:08.882 D/installd(  118): DexInv: --- BEGIN '/data/app/uk.ac.st_andrews.cs.host.mk74.energymeasurement.wifi80211-2.apk' ---
01-20 10:17:09.162 D/dalvikvm(  640): creating instr width table
01-20 10:17:09.553 D/dalvikvm(  640): DexOpt: load 42ms, verify+opt 265ms
01-20 10:17:09.663 D/installd(  118): DexInv: --- END '/data/app/uk.ac.st_andrews.cs.host.mk74.energymeasurement.wifi80211-2.apk' (success) ---
01-20 10:17:09.673 D/PackageManager(  163):   Activities: uk.ac.st_andrews.cs.host.mk74.energymeasurement.wifi80211.MainActivity
01-20 10:17:09.673 I/ActivityManager(  163): Force stopping package uk.ac.st_andrews.cs.host.mk74.energymeasurement.wifi80211 uid=10060
01-20 10:17:09.673 W/PackageManager(  163): Code path for pkg : uk.ac.st_andrews.cs.host.mk74.energymeasurement.wifi80211 changing from /data/app/uk.ac.st_andrews.cs.host.mk74.energymeasurement.wifi80211-1.apk to /data/app/uk.ac.st_andrews.cs.host.mk74.energymeasurement.wifi80211-2.apk
01-20 10:17:09.673 W/PackageManager(  163): Resource path for pkg : uk.ac.st_andrews.cs.host.mk74.energymeasurement.wifi80211 changing from /data/app/uk.ac.st_andrews.cs.host.mk74.energymeasurement.wifi80211-1.apk to /data/app/uk.ac.st_andrews.cs.host.mk74.energymeasurement.wifi80211-2.apk
01-20 10:17:09.853 D/dalvikvm(  163): GC_CONCURRENT freed 1115K, 49% free 4780K/9351K, external 2555K/3183K, paused 4ms+6ms
01-20 10:17:09.883 I/installd(  118): move /data/dalvik-cache/data@app@uk.ac.st_andrews.cs.host.mk74.energymeasurement.wifi80211-2.apk@classes.dex -> /data/dalvik-cache/data@app@uk.ac.st_andrews.cs.host.mk74.energymeasurement.wifi80211-2.apk@classes.dex
01-20 10:17:09.883 D/PackageManager(  163): New package installed in /data/app/uk.ac.st_andrews.cs.host.mk74.energymeasurement.wifi80211-2.apk
01-20 10:17:09.963 I/ActivityManager(  163): Force stopping package uk.ac.st_andrews.cs.host.mk74.energymeasurement.wifi80211 uid=10060
01-20 10:17:10.033 D/dalvikvm(  278): GC_EXPLICIT freed 199K, 55% free 3000K/6535K, external 3447K/3762K, paused 57ms
01-20 10:17:10.083 D/szipinf (  163): Initializing inflate state
01-20 10:17:10.083 D/HomeLoaders(  278): application intent received: android.intent.action.PACKAGE_REMOVED, replacing=true
01-20 10:17:10.083 D/HomeLoaders(  278):   --> package:uk.ac.st_andrews.cs.host.mk74.energymeasurement.wifi80211
01-20 10:17:10.123 D/szipinf (  163): Initializing inflate state
01-20 10:17:10.133 I/ActivityManager(  163): Start proc com.android.vending for broadcast com.android.vending/com.google.android.finsky.receivers.PersistentPackageMonitorReceiver: pid=641 uid=10029 gids={3003, 1015}
01-20 10:17:10.183 D/dalvikvm(  641): Debugger has detached; object registry had 1 entries
01-20 10:17:10.223 D/dalvikvm(  486): GC_EXPLICIT freed 169K, 59% free 2945K/7047K, external 0K/0K, paused 180ms
01-20 10:17:10.233 D/HomeLoaders(  278): application intent received: android.intent.action.PACKAGE_ADDED, replacing=true
01-20 10:17:10.233 D/HomeLoaders(  278):   --> package:uk.ac.st_andrews.cs.host.mk74.energymeasurement.wifi80211
01-20 10:17:10.233 D/HomeLoaders(  278):   --> update package uk.ac.st_andrews.cs.host.mk74.energymeasurement.wifi80211
01-20 10:17:10.273 D/szipinf (  163): Initializing inflate state
01-20 10:17:10.283 W/RecognitionManagerService(  163): no available voice recognition services found
01-20 10:17:10.343 D/szipinf (  163): Initializing inflate state
01-20 10:17:10.383 D/dalvikvm(  641): GC_CONCURRENT freed 409K, 54% free 2595K/5639K, external 0K/0K, paused 2ms+8ms
01-20 10:17:10.473 D/dalvikvm(  163): GC_EXPLICIT freed 389K, 50% free 4710K/9351K, external 35K/547K, paused 94ms
01-20 10:17:10.473 D/szipinf (  163): Initializing inflate state
01-20 10:17:10.493 I/ActivityThread(  641): Pub com.google.android.finsky.RecentSuggestionsProvider: com.google.android.finsky.providers.RecentSuggestionsProvider
01-20 10:17:10.523 I/dalvikvm(  163): Jit: resizing JitTable from 4096 to 8192
01-20 10:17:10.564 D/szipinf (  163): Initializing inflate state
01-20 10:17:10.604 D/szipinf (  163): Initializing inflate state
01-20 10:17:10.674 I/installd(  118): unlink /data/dalvik-cache/data@app@uk.ac.st_andrews.cs.host.mk74.energymeasurement.wifi80211-1.apk@classes.dex
01-20 10:17:10.674 D/AndroidRuntime(  623): Shutting down VM
01-20 10:17:10.714 D/dalvikvm(  623): GC_CONCURRENT freed 102K, 71% free 299K/1024K, external 0K/0K, paused 0ms+1ms
01-20 10:17:10.714 I/AndroidRuntime(  623): NOTE: attach of thread 'Binder Thread #3' failed
01-20 10:17:10.714 D/jdwp    (  623): Got wake-up signal, bailing out of select
01-20 10:17:10.714 D/dalvikvm(  623): Debugger has detached; object registry had 1 entries
01-20 10:17:10.794 D/dalvikvm(  641): GC_CONCURRENT freed 295K, 52% free 2796K/5767K, external 0K/0K, paused 3ms+5ms
01-20 10:17:10.864 D/Finsky  (  641): [1] SanityChecker.run: # LocalAssets corrected : 0
01-20 10:17:10.864 D/Finsky  (  641): Sanity check took : 6 ms
01-20 10:17:10.904 I/ActivityManager(  163): Start proc com.noshufou.android.su for broadcast com.noshufou.android.su/.UninstallReceiver: pid=670 uid=10052 gids={1015, 3003}
01-20 10:17:10.904 I/ActivityManager(  163): No longer want com.android.mms (pid 464): hidden #16
01-20 10:17:10.974 D/dalvikvm(  115): GC_EXPLICIT freed 11K, 54% free 2499K/5379K, external 0K/0K, paused 80ms
01-20 10:17:11.064 D/AndroidRuntime(  668): 
01-20 10:17:11.064 D/AndroidRuntime(  668): >>>>>> AndroidRuntime START com.android.internal.os.RuntimeInit <<<<<<
01-20 10:17:11.064 I/AndroidRuntime(  668): Heap size: -Xmx32m
01-20 10:17:11.064 D/AndroidRuntime(  668): CheckJNI is OFF
01-20 10:17:11.064 D/dalvikvm(  668): creating instr width table
01-20 10:17:11.104 D/dalvikvm(  115): GC_EXPLICIT freed <1K, 54% free 2499K/5379K, external 0K/0K, paused 122ms
01-20 10:17:11.154 D/dalvikvm(  115): GC_EXPLICIT freed <1K, 54% free 2499K/5379K, external 0K/0K, paused 53ms
01-20 10:17:11.344 D/szipinf (  670): Initializing inflate state
01-20 10:17:11.434 I/ActivityManager(  163): Start proc com.tmobile.thememanager for broadcast com.tmobile.thememanager/.receiver.ThemePackageReceiver: pid=683 uid=1300 gids={-1}
01-20 10:17:11.434 I/ActivityManager(  163): No longer want com.koushikdutta.rommanager (pid 486): hidden #16
01-20 10:17:11.464 D/AndroidRuntime(  668): Calling main entry com.android.commands.am.Am
01-20 10:17:11.534 I/ActivityManager(  163): Starting: Intent { act=android.intent.action.MAIN cat=[android.intent.category.LAUNCHER] flg=0x10000000 cmp=uk.ac.st_andrews.cs.host.mk74.energymeasurement.wifi80211/.MainActivity } from pid 668
01-20 10:17:11.615 D/AndroidRuntime(  668): Shutting down VM
01-20 10:17:11.615 I/ActivityManager(  163): Start proc uk.ac.st_andrews.cs.host.mk74.energymeasurement.wifi80211 for activity uk.ac.st_andrews.cs.host.mk74.energymeasurement.wifi80211/.MainActivity: pid=693 uid=10060 gids={}
01-20 10:17:11.625 D/dalvikvm(  668): GC_CONCURRENT freed 104K, 69% free 324K/1024K, external 0K/0K, paused 1ms+0ms
01-20 10:17:11.625 D/dalvikvm(  668): Debugger has detached; object registry had 1 entries
01-20 10:17:11.635 I/ActivityThread(  683): Pub com.tmobile.thememanager.themes: com.tmobile.thememanager.provider.ThemesProvider
01-20 10:17:11.655 I/ActivityThread(  683): Pub com.tmobile.thememanager.packageresources: com.tmobile.thememanager.provider.PackageResourcesProvider
01-20 10:17:11.685 D/VoiceDialerReceiver(  498): onReceive Intent { act=android.intent.action.PACKAGE_REMOVED dat=package:uk.ac.st_andrews.cs.host.mk74.energymeasurement.wifi80211 flg=0x10000000 cmp=com.android.voicedialer/.VoiceDialerReceiver (has extras) }
01-20 10:17:11.685 V/RecognizerEngine(  498): deleteCachedGrammarFiles /data/data/com.android.voicedialer/files/openentries.txt
01-20 10:17:11.695 I/ActivityManager(  163): No longer want com.android.email (pid 453): hidden #16
01-20 10:17:11.845 I/ActivityManager(  163): Start proc com.svox.pico for broadcast com.svox.pico/.VoiceDataInstallerReceiver: pid=703 uid=10047 gids={}
01-20 10:17:12.225 D/dalvikvm(  321): GC_CONCURRENT freed 389K, 53% free 2878K/6023K, external 82K/512K, paused 2ms+2ms
01-20 10:17:12.285 I/ActivityThread(  703): Pub com.svox.pico.providers.SettingsProvider: com.svox.pico.providers.SettingsProvider
01-20 10:17:12.345 D/InstallReceiver(  670): uk.ac.st_andrews.cs.host.mk74.energymeasurement.wifi80211
01-20 10:17:12.355 D/GTalkService(  321): [RawStanzaProvidersMgr] ##### searchProvidersFromIntent
01-20 10:17:12.365 D/GTalkService(  321): [RawStanzaProvidersMgr] no intent receivers found
01-20 10:17:12.475 D/GTalkService(  321): handlePackageInstalled: re-initialize providers
01-20 10:17:12.485 D/GTalkService(  321): [RawStanzaProvidersMgr] ##### searchProvidersFromIntent
01-20 10:17:12.495 D/GTalkService(  321): [RawStanzaProvidersMgr] no intent receivers found
01-20 10:17:12.515 D/VoiceDialerReceiver(  498): onReceive Intent { act=android.intent.action.PACKAGE_ADDED dat=package:uk.ac.st_andrews.cs.host.mk74.energymeasurement.wifi80211 flg=0x10000000 cmp=com.android.voicedialer/.VoiceDialerReceiver (has extras) }
01-20 10:17:12.515 V/RecognizerEngine(  498): deleteCachedGrammarFiles /data/data/com.android.voicedialer/files/openentries.txt
01-20 10:17:12.686 D/dalvikvm(  506): GC_CONCURRENT freed 443K, 55% free 2599K/5703K, external 0K/0K, paused 2ms+10ms
01-20 10:17:12.726 D/dalvikvm(  321): GC_CONCURRENT freed 516K, 53% free 2875K/6087K, external 0K/512K, paused 3ms+2ms
01-20 10:17:12.926 D/dalvikvm(  163): GC_CONCURRENT freed 355K, 49% free 4807K/9351K, external 43K/547K, paused 3ms+20ms
01-20 10:17:13.116 D/SettingsAppWidgetProvider(  585): Widget is from a previous version... Let's update
01-20 10:17:13.116 D/SettingsAppWidgetProvider(  585): No instances yet... Wait for at least one instance to exist before adding global settings
01-20 10:17:13.226 I/ActivityManager(  163): No longer want com.android.protips (pid 529): hidden #16
01-20 10:17:13.436 D/szipinf (  683): Initializing inflate state
01-20 10:17:13.476 D/Finsky  (  641): [23] DownloadRecords.initializeAndPrune: Pruned 0 old downloads from the cursor.
01-20 10:17:13.637 D/szipinf (  683): Initializing inflate state
01-20 10:17:13.727 I/ThemeManager(  683): VerifyInstalledThemesThread took 896 ms.
01-20 10:17:15.919 D/dalvikvm(  163): GC_CONCURRENT freed 506K, 49% free 4858K/9351K, external 43K/547K, paused 3ms+3ms
01-20 10:17:16.029 D/Tethering(  163): eth0 is not a tetherable iface, ignoring
01-20 10:17:17.560 D/WifiService(  163): ACTION_BATTERY_CHANGED pluggedType: 2
01-20 10:17:17.580 D/SettingsAppWidgetProvider(  585): Widget is from a previous version... Let's update
01-20 10:17:17.580 D/SettingsAppWidgetProvider(  585): No instances yet... Wait for at least one instance to exist before adding global settings
01-20 10:17:17.630 D/dalvikvm(  693): GC_EXTERNAL_ALLOC freed 46K, 54% free 2523K/5379K, external 0K/0K, paused 26ms
01-20 10:17:17.690 I/ActivityManager(  163): Displayed uk.ac.st_andrews.cs.host.mk74.energymeasurement.wifi80211/.MainActivity: +6s85ms (total +1m18s120ms)
01-20 10:17:18.401 V/WifiStateTracker(  163): Connection to supplicant established, state=DISCONNECTED
01-20 10:17:18.421 D/ConnectivityService(  163): ConnectivityService::handleDisconnect() - disconnecting netType(1)
01-20 10:17:18.421 D/ConnectivityService(  163): ConnectivityService::handleDisconnect() - netType(1) attempting failover
01-20 10:17:18.421 E/ConnectivityService(  163): not failing over to mobile type 0 because Mobile Data Disabled
01-20 10:17:18.421 E/ConnectivityService(  163): not failing over to mobile type 2 because Mobile Data Disabled
01-20 10:17:18.421 E/ConnectivityService(  163): not failing over to mobile type 3 because Mobile Data Disabled
01-20 10:17:18.421 E/ConnectivityService(  163): not failing over to mobile type 4 because Mobile Data Disabled
01-20 10:17:18.421 E/ConnectivityService(  163): not failing over to mobile type 5 because Mobile Data Disabled
01-20 10:17:18.421 E/ConnectivityService(  163): Network failover failing.
01-20 10:17:18.431 V/SyncManager(  163): SyncManager::mConnectivityIntentReceiver.onReceive() - DISCONNECTED and no connectivity
01-20 10:17:18.431 D/Tethering(  163): MasterInitialState.processMessage what=3
01-20 10:17:18.441 I/wpa_supplicant(  719): CTRL-EVENT-STATE-CHANGE id=-1 state=2 BSSID=00:00:00:00:00:00
01-20 10:17:18.441 V/WifiMonitor(  163): Event [CTRL-EVENT-STATE-CHANGE id=-1 state=2 BSSID=00:00:00:00:00:00]
01-20 10:17:18.451 D/GTalkService(  321): ##### Network broadcast (connected=false) type=WIFI, state=DISCONNECTED
01-20 10:17:18.461 I/ActivityManager(  163): Start proc com.cyanogenmod.stats for broadcast com.cyanogenmod.stats/.ReportingServiceManager: pid=724 uid=10010 gids={3003}
01-20 10:17:18.471 V/WifiStateTracker(  163): Changing supplicant state: DISCONNECTED ==> SCANNING
01-20 10:17:18.501 D/dalvikvm(  724): Debugger has detached; object registry had 1 entries
01-20 10:17:18.531 D/CMStats (  724): CONNECTIVITY_ACTION: noConnectivity = true
01-20 10:17:18.531 I/ActivityManager(  163): No longer want com.android.music (pid 516): hidden #16
01-20 10:17:18.561 I/MediaUploader(  548): No need to wake up
01-20 10:17:18.601 I/System.out(  693): 0
01-20 10:17:18.631 E/wpa_supplicant(  719): Ongoing Scan action...
01-20 10:17:18.661 D/dalvikvm(  321): GC_CONCURRENT freed 499K, 53% free 2887K/6087K, external 0K/512K, paused 2ms+2ms
01-20 10:17:19.022 I/wpa_supplicant(  719): CTRL-EVENT-STATE-CHANGE id=-1 state=1 BSSID=00:00:00:00:00:00
01-20 10:17:19.022 V/WifiMonitor(  163): Event [CTRL-EVENT-STATE-CHANGE id=-1 state=1 BSSID=00:00:00:00:00:00]
01-20 10:17:19.052 I/wpa_supplicant(  719): CTRL-EVENT-STATE-CHANGE id=-1 state=2 BSSID=00:00:00:00:00:00
01-20 10:17:19.052 V/WifiMonitor(  163): Event [CTRL-EVENT-STATE-CHANGE id=-1 state=2 BSSID=00:00:00:00:00:00]
01-20 10:17:19.052 V/WifiStateTracker(  163): Changing supplicant state: SCANNING ==> INACTIVE
01-20 10:17:19.062 V/WifiStateTracker(  163): Changing supplicant state: INACTIVE ==> SCANNING
01-20 10:17:19.622 I/wpa_supplicant(  719): CTRL-EVENT-STATE-CHANGE id=-1 state=1 BSSID=00:00:00:00:00:00
01-20 10:17:19.622 V/WifiMonitor(  163): Event [CTRL-EVENT-STATE-CHANGE id=-1 state=1 BSSID=00:00:00:00:00:00]
01-20 10:17:19.632 V/WifiStateTracker(  163): Changing supplicant state: SCANNING ==> INACTIVE
01-20 10:17:19.642 I/wpa_supplicant(  719): CTRL-EVENT-STATE-CHANGE id=-1 state=2 BSSID=00:00:00:00:00:00
01-20 10:17:19.642 V/WifiMonitor(  163): Event [CTRL-EVENT-STATE-CHANGE id=-1 state=2 BSSID=00:00:00:00:00:00]
01-20 10:17:19.652 V/WifiStateTracker(  163): Changing supplicant state: INACTIVE ==> SCANNING
01-20 10:17:19.652 I/System.out(  693): 16
01-20 10:17:20.223 I/wpa_supplicant(  719): CTRL-EVENT-STATE-CHANGE id=-1 state=1 BSSID=00:00:00:00:00:00
01-20 10:17:20.223 V/WifiMonitor(  163): Event [CTRL-EVENT-STATE-CHANGE id=-1 state=1 BSSID=00:00:00:00:00:00]
01-20 10:17:20.233 V/WifiStateTracker(  163): Changing supplicant state: SCANNING ==> INACTIVE
01-20 10:17:20.233 I/wpa_supplicant(  719): CTRL-EVENT-STATE-CHANGE id=-1 state=2 BSSID=00:00:00:00:00:00
01-20 10:17:20.233 V/WifiMonitor(  163): Event [CTRL-EVENT-STATE-CHANGE id=-1 state=2 BSSID=00:00:00:00:00:00]
01-20 10:17:20.253 V/WifiStateTracker(  163): Changing supplicant state: INACTIVE ==> SCANNING
01-20 10:17:20.613 I/System.out(  693): 15
01-20 10:17:20.814 I/wpa_supplicant(  719): CTRL-EVENT-STATE-CHANGE id=-1 state=1 BSSID=00:00:00:00:00:00
01-20 10:17:20.814 V/WifiMonitor(  163): Event [CTRL-EVENT-STATE-CHANGE id=-1 state=1 BSSID=00:00:00:00:00:00]
01-20 10:17:20.814 V/WifiStateTracker(  163): Changing supplicant state: SCANNING ==> INACTIVE
01-20 10:17:20.844 I/wpa_supplicant(  719): CTRL-EVENT-STATE-CHANGE id=-1 state=2 BSSID=00:00:00:00:00:00
01-20 10:17:20.844 V/WifiMonitor(  163): Event [CTRL-EVENT-STATE-CHANGE id=-1 state=2 BSSID=00:00:00:00:00:00]
01-20 10:17:20.844 V/WifiStateTracker(  163): Changing supplicant state: INACTIVE ==> SCANNING
01-20 10:17:20.854 W/ApplicationContext(  163): Unable to create files directory
01-20 10:17:20.864 D/WriteApps(  163): Error: java.lang.NullPointerException
01-20 10:17:20.874 V/NotificationService(  163): Active profile: Default
01-20 10:17:20.874 I/PROFILE (  163): Group: Gmail containing : android : false
01-20 10:17:20.874 I/PROFILE (  163): Group: Phone containing : android : false
01-20 10:17:20.874 I/PROFILE (  163): Group: Calendar containing : android : false
01-20 10:17:20.874 I/PROFILE (  163): Group: Email containing : android : false
01-20 10:17:20.874 I/PROFILE (  163): Group: SMS containing : android : false
01-20 10:17:20.874 V/ProfileManager(  163): No active group, returning default: Other
01-20 10:17:20.884 V/NotificationService(  163): Pkg: android group: Other
01-20 10:17:21.124 D/SntpClient(  163): request time failed: java.net.UnknownHostException: europe.pool.ntp.org
01-20 10:17:21.164 D/SntpClient(  163): request time failed: java.net.UnknownHostException: europe.pool.ntp.org
01-20 10:17:21.164 D/SntpClient(  163): request time failed: java.net.UnknownHostException: europe.pool.ntp.org
01-20 10:17:21.414 I/wpa_supplicant(  719): CTRL-EVENT-STATE-CHANGE id=-1 state=1 BSSID=00:00:00:00:00:00
01-20 10:17:21.424 V/WifiMonitor(  163): Event [CTRL-EVENT-STATE-CHANGE id=-1 state=1 BSSID=00:00:00:00:00:00]
01-20 10:17:21.444 V/WifiStateTracker(  163): Changing supplicant state: SCANNING ==> INACTIVE
01-20 10:17:21.444 I/wpa_supplicant(  719): CTRL-EVENT-STATE-CHANGE id=-1 state=2 BSSID=00:00:00:00:00:00
01-20 10:17:21.454 V/WifiMonitor(  163): Event [CTRL-EVENT-STATE-CHANGE id=-1 state=2 BSSID=00:00:00:00:00:00]
01-20 10:17:21.454 V/WifiStateTracker(  163): Changing supplicant state: INACTIVE ==> SCANNING
01-20 10:17:21.624 I/System.out(  693): 14
01-20 10:17:22.025 I/wpa_supplicant(  719): CTRL-EVENT-STATE-CHANGE id=-1 state=1 BSSID=00:00:00:00:00:00
01-20 10:17:22.025 V/WifiMonitor(  163): Event [CTRL-EVENT-STATE-CHANGE id=-1 state=1 BSSID=00:00:00:00:00:00]
01-20 10:17:22.035 V/WifiStateTracker(  163): Changing supplicant state: SCANNING ==> INACTIVE
01-20 10:17:22.045 I/wpa_supplicant(  719): CTRL-EVENT-STATE-CHANGE id=-1 state=2 BSSID=00:00:00:00:00:00
01-20 10:17:22.045 V/WifiMonitor(  163): Event [CTRL-EVENT-STATE-CHANGE id=-1 state=2 BSSID=00:00:00:00:00:00]
01-20 10:17:22.055 V/WifiStateTracker(  163): Changing supplicant state: INACTIVE ==> SCANNING
01-20 10:17:22.635 I/wpa_supplicant(  719): CTRL-EVENT-STATE-CHANGE id=-1 state=1 BSSID=00:00:00:00:00:00
01-20 10:17:22.635 V/WifiMonitor(  163): Event [CTRL-EVENT-STATE-CHANGE id=-1 state=1 BSSID=00:00:00:00:00:00]
01-20 10:17:22.635 V/WifiStateTracker(  163): Changing supplicant state: SCANNING ==> INACTIVE
01-20 10:17:22.665 I/System.out(  693): 16
01-20 10:17:22.665 I/wpa_supplicant(  719): CTRL-EVENT-STATE-CHANGE id=-1 state=2 BSSID=00:00:00:00:00:00
01-20 10:17:22.665 V/WifiMonitor(  163): Event [CTRL-EVENT-STATE-CHANGE id=-1 state=2 BSSID=00:00:00:00:00:00]
01-20 10:17:22.665 V/WifiStateTracker(  163): Changing supplicant state: INACTIVE ==> SCANNING
01-20 10:17:23.236 I/wpa_supplicant(  719): CTRL-EVENT-STATE-CHANGE id=-1 state=1 BSSID=00:00:00:00:00:00
01-20 10:17:23.236 V/WifiMonitor(  163): Event [CTRL-EVENT-STATE-CHANGE id=-1 state=1 BSSID=00:00:00:00:00:00]
01-20 10:17:23.256 V/WifiStateTracker(  163): Changing supplicant state: SCANNING ==> INACTIVE
01-20 10:17:23.266 I/wpa_supplicant(  719): CTRL-EVENT-STATE-CHANGE id=-1 state=2 BSSID=00:00:00:00:00:00
01-20 10:17:23.266 V/WifiMonitor(  163): Event [CTRL-EVENT-STATE-CHANGE id=-1 state=2 BSSID=00:00:00:00:00:00]
01-20 10:17:23.266 V/WifiStateTracker(  163): Changing supplicant state: INACTIVE ==> SCANNING
01-20 10:17:23.616 I/System.out(  693): 15
01-20 10:17:23.846 I/wpa_supplicant(  719): CTRL-EVENT-STATE-CHANGE id=-1 state=1 BSSID=00:00:00:00:00:00
01-20 10:17:23.846 V/WifiMonitor(  163): Event [CTRL-EVENT-STATE-CHANGE id=-1 state=1 BSSID=00:00:00:00:00:00]
01-20 10:17:23.877 V/WifiStateTracker(  163): Changing supplicant state: SCANNING ==> INACTIVE
01-20 10:17:23.877 I/wpa_supplicant(  719): CTRL-EVENT-STATE-CHANGE id=-1 state=2 BSSID=00:00:00:00:00:00
01-20 10:17:23.877 V/WifiMonitor(  163): Event [CTRL-EVENT-STATE-CHANGE id=-1 state=2 BSSID=00:00:00:00:00:00]
01-20 10:17:23.877 V/WifiStateTracker(  163): Changing supplicant state: INACTIVE ==> SCANNING
01-20 10:17:24.447 I/wpa_supplicant(  719): CTRL-EVENT-STATE-CHANGE id=-1 state=1 BSSID=00:00:00:00:00:00
01-20 10:17:24.457 V/WifiMonitor(  163): Event [CTRL-EVENT-STATE-CHANGE id=-1 state=1 BSSID=00:00:00:00:00:00]
01-20 10:17:24.477 I/wpa_supplicant(  719): CTRL-EVENT-STATE-CHANGE id=-1 state=2 BSSID=00:00:00:00:00:00
01-20 10:17:24.497 V/WifiStateTracker(  163): Changing supplicant state: SCANNING ==> INACTIVE
01-20 10:17:24.497 V/WifiMonitor(  163): Event [CTRL-EVENT-STATE-CHANGE id=-1 state=2 BSSID=00:00:00:00:00:00]
01-20 10:17:24.507 V/WifiStateTracker(  163): Changing supplicant state: INACTIVE ==> SCANNING
01-20 10:17:24.597 D/dalvikvm(  163): GC_CONCURRENT freed 558K, 49% free 4786K/9351K, external 43K/547K, paused 8ms+4ms
01-20 10:17:24.607 I/System.out(  693): 13
01-20 10:17:25.048 I/wpa_supplicant(  719): CTRL-EVENT-STATE-CHANGE id=-1 state=1 BSSID=00:00:00:00:00:00
01-20 10:17:25.048 V/WifiMonitor(  163): Event [CTRL-EVENT-STATE-CHANGE id=-1 state=1 BSSID=00:00:00:00:00:00]
01-20 10:17:25.078 V/WifiStateTracker(  163): Changing supplicant state: SCANNING ==> INACTIVE
01-20 10:17:25.078 I/wpa_supplicant(  719): CTRL-EVENT-STATE-CHANGE id=-1 state=2 BSSID=00:00:00:00:00:00
01-20 10:17:25.078 V/WifiMonitor(  163): Event [CTRL-EVENT-STATE-CHANGE id=-1 state=2 BSSID=00:00:00:00:00:00]
01-20 10:17:25.078 V/WifiStateTracker(  163): Changing supplicant state: INACTIVE ==> SCANNING
01-20 10:17:25.618 I/System.out(  693): 12
01-20 10:17:25.658 I/wpa_supplicant(  719): CTRL-EVENT-STATE-CHANGE id=-1 state=1 BSSID=00:00:00:00:00:00
01-20 10:17:25.658 V/WifiMonitor(  163): Event [CTRL-EVENT-STATE-CHANGE id=-1 state=1 BSSID=00:00:00:00:00:00]
01-20 10:17:25.668 V/WifiStateTracker(  163): Changing supplicant state: SCANNING ==> INACTIVE
01-20 10:17:25.678 I/wpa_supplicant(  719): CTRL-EVENT-STATE-CHANGE id=-1 state=2 BSSID=00:00:00:00:00:00
01-20 10:17:25.678 V/WifiMonitor(  163): Event [CTRL-EVENT-STATE-CHANGE id=-1 state=2 BSSID=00:00:00:00:00:00]
01-20 10:17:25.678 V/WifiStateTracker(  163): Changing supplicant state: INACTIVE ==> SCANNING
01-20 10:17:26.259 I/wpa_supplicant(  719): CTRL-EVENT-STATE-CHANGE id=-1 state=1 BSSID=00:00:00:00:00:00
01-20 10:17:26.259 V/WifiMonitor(  163): Event [CTRL-EVENT-STATE-CHANGE id=-1 state=1 BSSID=00:00:00:00:00:00]
01-20 10:17:26.279 V/WifiStateTracker(  163): Changing supplicant state: SCANNING ==> INACTIVE
01-20 10:17:26.279 I/wpa_supplicant(  719): CTRL-EVENT-STATE-CHANGE id=-1 state=2 BSSID=00:00:00:00:00:00
01-20 10:17:26.279 V/WifiMonitor(  163): Event [CTRL-EVENT-STATE-CHANGE id=-1 state=2 BSSID=00:00:00:00:00:00]
01-20 10:17:26.289 V/WifiStateTracker(  163): Changing supplicant state: INACTIVE ==> SCANNING
01-20 10:17:26.629 I/System.out(  693): 14
01-20 10:17:26.859 I/wpa_supplicant(  719): CTRL-EVENT-STATE-CHANGE id=-1 state=1 BSSID=00:00:00:00:00:00
01-20 10:17:26.859 V/WifiMonitor(  163): Event [CTRL-EVENT-STATE-CHANGE id=-1 state=1 BSSID=00:00:00:00:00:00]
01-20 10:17:26.879 V/WifiStateTracker(  163): Changing supplicant state: SCANNING ==> INACTIVE
01-20 10:17:26.879 I/wpa_supplicant(  719): CTRL-EVENT-STATE-CHANGE id=-1 state=2 BSSID=00:00:00:00:00:00
01-20 10:17:26.879 V/WifiMonitor(  163): Event [CTRL-EVENT-STATE-CHANGE id=-1 state=2 BSSID=00:00:00:00:00:00]
01-20 10:17:26.879 V/WifiStateTracker(  163): Changing supplicant state: INACTIVE ==> SCANNING
01-20 10:17:27.460 I/wpa_supplicant(  719): CTRL-EVENT-STATE-CHANGE id=-1 state=1 BSSID=00:00:00:00:00:00
01-20 10:17:27.470 V/WifiMonitor(  163): Event [CTRL-EVENT-STATE-CHANGE id=-1 state=1 BSSID=00:00:00:00:00:00]
01-20 10:17:27.490 V/WifiStateTracker(  163): Changing supplicant state: SCANNING ==> INACTIVE
01-20 10:17:27.490 I/wpa_supplicant(  719): CTRL-EVENT-STATE-CHANGE id=-1 state=2 BSSID=00:00:00:00:00:00
01-20 10:17:27.490 V/WifiMonitor(  163): Event [CTRL-EVENT-STATE-CHANGE id=-1 state=2 BSSID=00:00:00:00:00:00]
01-20 10:17:27.490 V/WifiStateTracker(  163): Changing supplicant state: INACTIVE ==> SCANNING
01-20 10:17:27.620 I/System.out(  693): 11
01-20 10:17:28.071 I/wpa_supplicant(  719): CTRL-EVENT-STATE-CHANGE id=-1 state=1 BSSID=00:00:00:00:00:00
01-20 10:17:28.071 V/WifiMonitor(  163): Event [CTRL-EVENT-STATE-CHANGE id=-1 state=1 BSSID=00:00:00:00:00:00]
01-20 10:17:28.081 V/WifiStateTracker(  163): Changing supplicant state: SCANNING ==> INACTIVE
01-20 10:17:28.081 I/wpa_supplicant(  719): CTRL-EVENT-STATE-CHANGE id=-1 state=2 BSSID=00:00:00:00:00:00
01-20 10:17:28.091 V/WifiMonitor(  163): Event [CTRL-EVENT-STATE-CHANGE id=-1 state=2 BSSID=00:00:00:00:00:00]
01-20 10:17:28.091 V/WifiStateTracker(  163): Changing supplicant state: INACTIVE ==> SCANNING
01-20 10:17:28.491 D/dalvikvm(  548): Debugger has detached; object registry had 1 entries
01-20 10:17:28.491 D/dalvikvm(  234): Debugger has detached; object registry had 1 entries
01-20 10:17:28.491 D/dalvikvm(  163): Debugger has detached; object registry had 1 entries
01-20 10:17:28.501 D/dalvikvm(  252): Debugger has detached; object registry had 1 entries
01-20 10:17:28.501 D/dalvikvm(  250): Debugger has detached; object registry had 1 entries
01-20 10:17:28.501 D/dalvikvm(  321): Debugger has detached; object registry had 1 entries
01-20 10:17:28.501 D/dalvikvm(  693): Debugger has detached; object registry had 1 entries
01-20 10:17:28.501 D/dalvikvm(  256): Debugger has detached; object registry had 1 entries
01-20 10:17:28.511 W/Vold    (  111): Ignoring unknown switch 'usb_connected'
01-20 10:17:28.511 D/Vold    (  111): USB disconnected
01-20 10:17:28.511 D/Vold    (  111): Share method ums now unavailable
01-20 10:17:28.521 I/StorageNotification(  234): UMS connection changed to false (media state mounted)
01-20 10:17:28.591 D/dalvikvm(  278): Debugger has detached; object registry had 1 entries
01-20 10:17:28.611 I/System.out(  693): 15
01-20 10:17:28.621 D/dalvikvm(  506): Debugger has detached; object registry had 1 entries
01-20 10:17:28.631 D/dalvikvm(  558): Debugger has detached; object registry had 1 entries
01-20 10:17:28.641 D/dalvikvm(  585): Debugger has detached; object registry had 1 entries
01-20 10:17:28.661 I/wpa_supplicant(  719): CTRL-EVENT-STATE-CHANGE id=-1 state=1 BSSID=00:00:00:00:00:00
01-20 10:17:28.661 V/WifiMonitor(  163): Event [CTRL-EVENT-STATE-CHANGE id=-1 state=1 BSSID=00:00:00:00:00:00]
01-20 10:17:28.661 D/WifiService(  163): ACTION_BATTERY_CHANGED pluggedType: 0
01-20 10:17:28.671 V/WifiStateTracker(  163): Changing supplicant state: SCANNING ==> INACTIVE
01-20 10:17:28.671 D/SettingsAppWidgetProvider(  585): Widget is from a previous version... Let's update
01-20 10:17:28.671 D/SettingsAppWidgetProvider(  585): No instances yet... Wait for at least one instance to exist before adding global settings
01-20 10:17:28.681 I/wpa_supplicant(  719): CTRL-EVENT-STATE-CHANGE id=-1 state=2 BSSID=00:00:00:00:00:00
01-20 10:17:28.681 V/WifiMonitor(  163): Event [CTRL-EVENT-STATE-CHANGE id=-1 state=2 BSSID=00:00:00:00:00:00]
01-20 10:17:28.681 V/WifiStateTracker(  163): Changing supplicant state: INACTIVE ==> SCANNING
01-20 10:17:28.691 D/dalvikvm(  498): Debugger has detached; object registry had 1 entries
01-20 10:17:28.691 D/dalvikvm(  393): Debugger has detached; object registry had 1 entries
01-20 10:17:28.691 D/dalvikvm(  540): Debugger has detached; object registry had 1 entries
01-20 10:17:28.691 D/dalvikvm(  385): Debugger has detached; object registry had 1 entries
01-20 10:17:28.691 D/dalvikvm(  569): Debugger has detached; object registry had 1 entries
01-20 10:17:28.691 D/dalvikvm(  631): Debugger has detached; object registry had 1 entries
01-20 10:17:28.691 D/dalvikvm(  641): Debugger has detached; object registry had 1 entries
01-20 10:17:28.691 D/dalvikvm(  670): Debugger has detached; object registry had 1 entries
01-20 10:17:28.691 D/dalvikvm(  683): Debugger has detached; object registry had 1 entries
01-20 10:17:28.691 D/dalvikvm(  703): Debugger has detached; object registry had 1 entries
01-20 10:17:28.691 D/dalvikvm(  724): Debugger has detached; object registry had 1 entries
01-20 10:17:29.262 I/wpa_supplicant(  719): CTRL-EVENT-STATE-CHANGE id=-1 state=1 BSSID=00:00:00:00:00:00
01-20 10:17:29.262 V/WifiMonitor(  163): Event [CTRL-EVENT-STATE-CHANGE id=-1 state=1 BSSID=00:00:00:00:00:00]
01-20 10:17:29.282 V/WifiStateTracker(  163): Changing supplicant state: SCANNING ==> INACTIVE
01-20 10:17:29.282 I/wpa_supplicant(  719): CTRL-EVENT-STATE-CHANGE id=-1 state=2 BSSID=00:00:00:00:00:00
01-20 10:17:29.282 V/WifiMonitor(  163): Event [CTRL-EVENT-STATE-CHANGE id=-1 state=2 BSSID=00:00:00:00:00:00]
01-20 10:17:29.292 V/WifiStateTracker(  163): Changing supplicant state: INACTIVE ==> SCANNING
01-20 10:17:29.542 D/Tethering(  163): InitialState.processMessage what=4
01-20 10:17:29.552 D/Tethering(  163): sendTetherStateChangedBroadcast 0, 0, 0
01-20 10:17:29.652 I/System.out(  693): 15
01-20 10:17:29.872 I/wpa_supplicant(  719): CTRL-EVENT-STATE-CHANGE id=-1 state=1 BSSID=00:00:00:00:00:00
01-20 10:17:29.872 V/WifiMonitor(  163): Event [CTRL-EVENT-STATE-CHANGE id=-1 state=1 BSSID=00:00:00:00:00:00]
01-20 10:17:29.902 V/WifiStateTracker(  163): Changing supplicant state: SCANNING ==> INACTIVE
01-20 10:17:29.902 I/wpa_supplicant(  719): CTRL-EVENT-STATE-CHANGE id=-1 state=2 BSSID=00:00:00:00:00:00
01-20 10:17:29.902 V/WifiMonitor(  163): Event [CTRL-EVENT-STATE-CHANGE id=-1 state=2 BSSID=00:00:00:00:00:00]
01-20 10:17:29.912 V/WifiStateTracker(  163): Changing supplicant state: INACTIVE ==> SCANNING
01-20 10:17:30.493 I/wpa_supplicant(  719): CTRL-EVENT-STATE-CHANGE id=-1 state=1 BSSID=00:00:00:00:00:00
01-20 10:17:30.493 V/WifiMonitor(  163): Event [CTRL-EVENT-STATE-CHANGE id=-1 state=1 BSSID=00:00:00:00:00:00]
01-20 10:17:30.513 V/WifiStateTracker(  163): Changing supplicant state: SCANNING ==> INACTIVE
01-20 10:17:30.513 I/wpa_supplicant(  719): CTRL-EVENT-STATE-CHANGE id=-1 state=2 BSSID=00:00:00:00:00:00
01-20 10:17:30.513 V/WifiMonitor(  163): Event [CTRL-EVENT-STATE-CHANGE id=-1 state=2 BSSID=00:00:00:00:00:00]
01-20 10:17:30.513 V/WifiStateTracker(  163): Changing supplicant state: INACTIVE ==> SCANNING
01-20 10:17:30.613 I/System.out(  693): 14
01-20 10:17:31.094 I/wpa_supplicant(  719): CTRL-EVENT-STATE-CHANGE id=-1 state=1 BSSID=00:00:00:00:00:00
01-20 10:17:31.104 V/WifiMonitor(  163): Event [CTRL-EVENT-STATE-CHANGE id=-1 state=1 BSSID=00:00:00:00:00:00]
01-20 10:17:31.124 I/wpa_supplicant(  719): CTRL-EVENT-STATE-CHANGE id=-1 state=2 BSSID=00:00:00:00:00:00
01-20 10:17:31.124 V/WifiMonitor(  163): Event [CTRL-EVENT-STATE-CHANGE id=-1 state=2 BSSID=00:00:00:00:00:00]
01-20 10:17:31.124 V/WifiStateTracker(  163): Changing supplicant state: SCANNING ==> INACTIVE
01-20 10:17:31.134 V/WifiStateTracker(  163): Changing supplicant state: INACTIVE ==> SCANNING
01-20 10:17:31.624 I/System.out(  693): 15
01-20 10:17:31.694 I/wpa_supplicant(  719): CTRL-EVENT-STATE-CHANGE id=-1 state=1 BSSID=00:00:00:00:00:00
01-20 10:17:31.694 V/WifiMonitor(  163): Event [CTRL-EVENT-STATE-CHANGE id=-1 state=1 BSSID=00:00:00:00:00:00]
01-20 10:17:31.724 V/WifiStateTracker(  163): Changing supplicant state: SCANNING ==> INACTIVE
01-20 10:17:31.724 I/wpa_supplicant(  719): CTRL-EVENT-STATE-CHANGE id=-1 state=2 BSSID=00:00:00:00:00:00
01-20 10:17:31.724 V/WifiMonitor(  163): Event [CTRL-EVENT-STATE-CHANGE id=-1 state=2 BSSID=00:00:00:00:00:00]
01-20 10:17:31.734 V/WifiStateTracker(  163): Changing supplicant state: INACTIVE ==> SCANNING
01-20 10:17:32.305 I/wpa_supplicant(  719): CTRL-EVENT-STATE-CHANGE id=-1 state=1 BSSID=00:00:00:00:00:00
01-20 10:17:32.315 V/WifiMonitor(  163): Event [CTRL-EVENT-STATE-CHANGE id=-1 state=1 BSSID=00:00:00:00:00:00]
01-20 10:17:32.325 V/WifiStateTracker(  163): Changing supplicant state: SCANNING ==> INACTIVE
01-20 10:17:32.325 I/wpa_supplicant(  719): CTRL-EVENT-STATE-CHANGE id=-1 state=2 BSSID=00:00:00:00:00:00
01-20 10:17:32.325 V/WifiMonitor(  163): Event [CTRL-EVENT-STATE-CHANGE id=-1 state=2 BSSID=00:00:00:00:00:00]
01-20 10:17:32.325 V/WifiStateTracker(  163): Changing supplicant state: INACTIVE ==> SCANNING
01-20 10:17:32.615 I/System.out(  693): 15
01-20 10:17:32.905 I/wpa_supplicant(  719): CTRL-EVENT-STATE-CHANGE id=-1 state=1 BSSID=00:00:00:00:00:00
01-20 10:17:32.905 V/WifiMonitor(  163): Event [CTRL-EVENT-STATE-CHANGE id=-1 state=1 BSSID=00:00:00:00:00:00]
01-20 10:17:32.935 V/WifiStateTracker(  163): Changing supplicant state: SCANNING ==> INACTIVE
01-20 10:17:32.935 I/wpa_supplicant(  719): CTRL-EVENT-STATE-CHANGE id=-1 state=2 BSSID=00:00:00:00:00:00
01-20 10:17:32.935 V/WifiMonitor(  163): Event [CTRL-EVENT-STATE-CHANGE id=-1 state=2 BSSID=00:00:00:00:00:00]
01-20 10:17:32.935 V/WifiStateTracker(  163): Changing supplicant state: INACTIVE ==> SCANNING
01-20 10:17:33.526 I/wpa_supplicant(  719): CTRL-EVENT-STATE-CHANGE id=-1 state=1 BSSID=00:00:00:00:00:00
01-20 10:17:33.526 V/WifiMonitor(  163): Event [CTRL-EVENT-STATE-CHANGE id=-1 state=1 BSSID=00:00:00:00:00:00]
01-20 10:17:33.546 V/WifiStateTracker(  163): Changing supplicant state: SCANNING ==> INACTIVE
01-20 10:17:33.546 I/wpa_supplicant(  719): CTRL-EVENT-STATE-CHANGE id=-1 state=2 BSSID=00:00:00:00:00:00
01-20 10:17:33.546 V/WifiMonitor(  163): Event [CTRL-EVENT-STATE-CHANGE id=-1 state=2 BSSID=00:00:00:00:00:00]
01-20 10:17:33.546 V/WifiStateTracker(  163): Changing supplicant state: INACTIVE ==> SCANNING
01-20 10:17:33.626 I/System.out(  693): 15
01-20 10:17:33.726 D/dalvikvm(  163): GC_CONCURRENT freed 444K, 49% free 4818K/9351K, external 35K/547K, paused 3ms+5ms
01-20 10:17:34.127 I/wpa_supplicant(  719): CTRL-EVENT-STATE-CHANGE id=-1 state=1 BSSID=00:00:00:00:00:00
01-20 10:17:34.127 V/WifiMonitor(  163): Event [CTRL-EVENT-STATE-CHANGE id=-1 state=1 BSSID=00:00:00:00:00:00]
01-20 10:17:34.147 V/WifiStateTracker(  163): Changing supplicant state: SCANNING ==> INACTIVE
01-20 10:17:34.157 I/wpa_supplicant(  719): CTRL-EVENT-STATE-CHANGE id=-1 state=2 BSSID=00:00:00:00:00:00
01-20 10:17:34.157 V/WifiMonitor(  163): Event [CTRL-EVENT-STATE-CHANGE id=-1 state=2 BSSID=00:00:00:00:00:00]
01-20 10:17:34.157 V/WifiStateTracker(  163): Changing supplicant state: INACTIVE ==> SCANNING
01-20 10:17:34.617 I/System.out(  693): 14
01-20 10:17:34.737 I/wpa_supplicant(  719): CTRL-EVENT-STATE-CHANGE id=-1 state=1 BSSID=00:00:00:00:00:00
01-20 10:17:34.737 V/WifiMonitor(  163): Event [CTRL-EVENT-STATE-CHANGE id=-1 state=1 BSSID=00:00:00:00:00:00]
01-20 10:17:34.767 V/WifiStateTracker(  163): Changing supplicant state: SCANNING ==> INACTIVE
01-20 10:17:34.767 I/wpa_supplicant(  719): CTRL-EVENT-STATE-CHANGE id=-1 state=2 BSSID=00:00:00:00:00:00
01-20 10:17:34.767 V/WifiMonitor(  163): Event [CTRL-EVENT-STATE-CHANGE id=-1 state=2 BSSID=00:00:00:00:00:00]
01-20 10:17:34.767 V/WifiStateTracker(  163): Changing supplicant state: INACTIVE ==> SCANNING
01-20 10:17:35.348 I/wpa_supplicant(  719): CTRL-EVENT-STATE-CHANGE id=-1 state=1 BSSID=00:00:00:00:00:00
01-20 10:17:35.348 V/WifiMonitor(  163): Event [CTRL-EVENT-STATE-CHANGE id=-1 state=1 BSSID=00:00:00:00:00:00]
01-20 10:17:35.378 V/WifiStateTracker(  163): Changing supplicant state: SCANNING ==> INACTIVE
01-20 10:17:35.378 I/wpa_supplicant(  719): CTRL-EVENT-STATE-CHANGE id=-1 state=2 BSSID=00:00:00:00:00:00
01-20 10:17:35.378 V/WifiMonitor(  163): Event [CTRL-EVENT-STATE-CHANGE id=-1 state=2 BSSID=00:00:00:00:00:00]
01-20 10:17:35.388 V/WifiStateTracker(  163): Changing supplicant state: INACTIVE ==> SCANNING
01-20 10:17:35.608 I/System.out(  693): 15
01-20 10:17:35.958 I/wpa_supplicant(  719): CTRL-EVENT-STATE-CHANGE id=-1 state=1 BSSID=00:00:00:00:00:00
01-20 10:17:35.958 V/WifiMonitor(  163): Event [CTRL-EVENT-STATE-CHANGE id=-1 state=1 BSSID=00:00:00:00:00:00]
01-20 10:17:35.978 V/WifiStateTracker(  163): Changing supplicant state: SCANNING ==> INACTIVE
01-20 10:17:35.988 I/wpa_supplicant(  719): CTRL-EVENT-STATE-CHANGE id=-1 state=2 BSSID=00:00:00:00:00:00
01-20 10:17:35.988 V/WifiMonitor(  163): Event [CTRL-EVENT-STATE-CHANGE id=-1 state=2 BSSID=00:00:00:00:00:00]
01-20 10:17:35.998 V/WifiStateTracker(  163): Changing supplicant state: INACTIVE ==> SCANNING
01-20 10:17:36.569 I/wpa_supplicant(  719): CTRL-EVENT-STATE-CHANGE id=-1 state=1 BSSID=00:00:00:00:00:00
01-20 10:17:36.569 V/WifiMonitor(  163): Event [CTRL-EVENT-STATE-CHANGE id=-1 state=1 BSSID=00:00:00:00:00:00]
01-20 10:17:36.589 V/WifiStateTracker(  163): Changing supplicant state: SCANNING ==> INACTIVE
01-20 10:17:36.599 I/wpa_supplicant(  719): CTRL-EVENT-STATE-CHANGE id=-1 state=2 BSSID=00:00:00:00:00:00
01-20 10:17:36.599 V/WifiMonitor(  163): Event [CTRL-EVENT-STATE-CHANGE id=-1 state=2 BSSID=00:00:00:00:00:00]
01-20 10:17:36.599 V/WifiStateTracker(  163): Changing supplicant state: INACTIVE ==> SCANNING
01-20 10:17:36.609 I/System.out(  693): 15
01-20 10:17:37.179 I/wpa_supplicant(  719): CTRL-EVENT-STATE-CHANGE id=-1 state=1 BSSID=00:00:00:00:00:00
01-20 10:17:37.179 V/WifiMonitor(  163): Event [CTRL-EVENT-STATE-CHANGE id=-1 state=1 BSSID=00:00:00:00:00:00]
01-20 10:17:37.200 V/WifiStateTracker(  163): Changing supplicant state: SCANNING ==> INACTIVE
01-20 10:17:37.210 I/wpa_supplicant(  719): CTRL-EVENT-STATE-CHANGE id=-1 state=2 BSSID=00:00:00:00:00:00
01-20 10:17:37.210 V/WifiMonitor(  163): Event [CTRL-EVENT-STATE-CHANGE id=-1 state=2 BSSID=00:00:00:00:00:00]
01-20 10:17:37.210 V/WifiStateTracker(  163): Changing supplicant state: INACTIVE ==> SCANNING
01-20 10:17:37.620 I/System.out(  693): 14
01-20 10:17:37.790 I/wpa_supplicant(  719): CTRL-EVENT-STATE-CHANGE id=-1 state=1 BSSID=00:00:00:00:00:00
01-20 10:17:37.790 V/WifiMonitor(  163): Event [CTRL-EVENT-STATE-CHANGE id=-1 state=1 BSSID=00:00:00:00:00:00]
01-20 10:17:37.810 V/WifiStateTracker(  163): Changing supplicant state: SCANNING ==> INACTIVE
01-20 10:17:37.810 I/wpa_supplicant(  719): CTRL-EVENT-STATE-CHANGE id=-1 state=2 BSSID=00:00:00:00:00:00
01-20 10:17:37.810 V/WifiMonitor(  163): Event [CTRL-EVENT-STATE-CHANGE id=-1 state=2 BSSID=00:00:00:00:00:00]
01-20 10:17:37.810 V/WifiStateTracker(  163): Changing supplicant state: INACTIVE ==> SCANNING
01-20 10:17:38.391 I/wpa_supplicant(  719): CTRL-EVENT-STATE-CHANGE id=-1 state=1 BSSID=00:00:00:00:00:00
01-20 10:17:38.391 V/WifiMonitor(  163): Event [CTRL-EVENT-STATE-CHANGE id=-1 state=1 BSSID=00:00:00:00:00:00]
01-20 10:17:38.421 V/WifiStateTracker(  163): Changing supplicant state: SCANNING ==> INACTIVE
01-20 10:17:38.421 I/wpa_supplicant(  719): CTRL-EVENT-STATE-CHANGE id=-1 state=2 BSSID=00:00:00:00:00:00
01-20 10:17:38.421 V/WifiMonitor(  163): Event [CTRL-EVENT-STATE-CHANGE id=-1 state=2 BSSID=00:00:00:00:00:00]
01-20 10:17:38.421 V/WifiStateTracker(  163): Changing supplicant state: INACTIVE ==> SCANNING
01-20 10:17:38.621 I/System.out(  693): 15
01-20 10:17:39.001 I/wpa_supplicant(  719): CTRL-EVENT-STATE-CHANGE id=-1 state=1 BSSID=00:00:00:00:00:00
01-20 10:17:39.001 V/WifiMonitor(  163): Event [CTRL-EVENT-STATE-CHANGE id=-1 state=1 BSSID=00:00:00:00:00:00]
01-20 10:17:39.021 I/wpa_supplicant(  719): CTRL-EVENT-STATE-CHANGE id=-1 state=2 BSSID=00:00:00:00:00:00
01-20 10:17:39.031 V/WifiMonitor(  163): Event [CTRL-EVENT-STATE-CHANGE id=-1 state=2 BSSID=00:00:00:00:00:00]
01-20 10:17:39.031 V/WifiStateTracker(  163): Changing supplicant state: SCANNING ==> INACTIVE
01-20 10:17:39.031 V/WifiStateTracker(  163): Changing supplicant state: INACTIVE ==> SCANNING
01-20 10:17:39.602 I/wpa_supplicant(  719): CTRL-EVENT-STATE-CHANGE id=-1 state=1 BSSID=00:00:00:00:00:00
01-20 10:17:39.602 V/WifiMonitor(  163): Event [CTRL-EVENT-STATE-CHANGE id=-1 state=1 BSSID=00:00:00:00:00:00]
01-20 10:17:39.632 V/WifiStateTracker(  163): Changing supplicant state: SCANNING ==> INACTIVE
01-20 10:17:39.642 I/wpa_supplicant(  719): CTRL-EVENT-STATE-CHANGE id=-1 state=2 BSSID=00:00:00:00:00:00
01-20 10:17:39.642 V/WifiMonitor(  163): Event [CTRL-EVENT-STATE-CHANGE id=-1 state=2 BSSID=00:00:00:00:00:00]
01-20 10:17:39.642 V/WifiStateTracker(  163): Changing supplicant state: INACTIVE ==> SCANNING
01-20 10:17:39.642 I/System.out(  693): 12
01-20 10:17:40.222 I/wpa_supplicant(  719): CTRL-EVENT-STATE-CHANGE id=-1 state=1 BSSID=00:00:00:00:00:00
01-20 10:17:40.222 V/WifiMonitor(  163): Event [CTRL-EVENT-STATE-CHANGE id=-1 state=1 BSSID=00:00:00:00:00:00]
01-20 10:17:40.242 V/WifiStateTracker(  163): Changing supplicant state: SCANNING ==> INACTIVE
01-20 10:17:40.242 I/wpa_supplicant(  719): CTRL-EVENT-STATE-CHANGE id=-1 state=2 BSSID=00:00:00:00:00:00
01-20 10:17:40.242 V/WifiMonitor(  163): Event [CTRL-EVENT-STATE-CHANGE id=-1 state=2 BSSID=00:00:00:00:00:00]
01-20 10:17:40.252 V/WifiStateTracker(  163): Changing supplicant state: INACTIVE ==> SCANNING
01-20 10:17:40.623 I/System.out(  693): 15
