--------- beginning of /dev/log/main
01-13 19:30:40.962 D/dalvikvm(  517): Debugger has detached; object registry had 1 entries
01-13 19:30:40.962 D/dalvikvm(  235): Debugger has detached; object registry had 1 entries
01-13 19:30:40.962 D/dalvikvm(  278): Debugger has detached; object registry had 1 entries
01-13 19:30:40.962 D/dalvikvm(  319): Debugger has detached; object registry had 1 entries
01-13 19:30:40.962 D/dalvikvm(  164): Debugger has detached; object registry had 1 entries
01-13 19:30:40.962 D/dalvikvm(  256): Debugger has detached; object registry had 1 entries
01-13 19:30:40.962 D/dalvikvm(  250): Debugger has detached; object registry had 1 entries
01-13 19:30:40.962 D/dalvikvm(  251): Debugger has detached; object registry had 1 entries
--------- beginning of /dev/log/system
01-13 19:30:40.962 W/Vold    (  112): Ignoring unknown switch 'usb_connected'
01-13 19:30:40.962 D/Vold    (  112): USB disconnected
01-13 19:30:40.962 D/Vold    (  112): Share method ums now unavailable
01-13 19:30:40.982 W/Vold    (  112): Ignoring unknown switch 'usb_connected'
01-13 19:30:40.992 I/StorageNotification(  235): UMS connection changed to false (media state mounted)
01-13 19:30:40.992 D/Vold    (  112): USB connected
01-13 19:30:40.992 D/Vold    (  112): Share method ums now available
01-13 19:30:41.053 W/ApplicationContext(  164): Unable to create files directory
01-13 19:30:41.073 D/WriteApps(  164): Error: java.lang.NullPointerException
01-13 19:30:41.073 D/dalvikvm(  442): Debugger has detached; object registry had 1 entries
01-13 19:30:41.083 V/NotificationService(  164): Active profile: Default
01-13 19:30:41.083 I/PROFILE (  164): Group: Gmail containing : android : false
01-13 19:30:41.083 I/PROFILE (  164): Group: Phone containing : android : false
01-13 19:30:41.083 I/PROFILE (  164): Group: Calendar containing : android : false
01-13 19:30:41.083 I/PROFILE (  164): Group: Email containing : android : false
01-13 19:30:41.083 I/PROFILE (  164): Group: SMS containing : android : false
01-13 19:30:41.083 V/ProfileManager(  164): No active group, returning default: Other
01-13 19:30:41.083 V/NotificationService(  164): Pkg: android group: Other
01-13 19:30:41.083 I/StorageNotification(  235): UMS connection changed to true (media state mounted)
01-13 19:30:41.093 E/Tethering(  164): active iface (usb0) reported as added, ignoring
01-13 19:30:41.093 V/NotificationService(  164): Active profile: Default
01-13 19:30:41.093 I/PROFILE (  164): Group: Gmail containing : com.android.systemui : false
01-13 19:30:41.093 I/PROFILE (  164): Group: Phone containing : com.android.systemui : false
01-13 19:30:41.093 I/PROFILE (  164): Group: Calendar containing : com.android.systemui : false
01-13 19:30:41.093 I/PROFILE (  164): Group: Email containing : com.android.systemui : false
01-13 19:30:41.093 I/PROFILE (  164): Group: SMS containing : com.android.systemui : false
01-13 19:30:41.093 V/ProfileManager(  164): No active group, returning default: Other
01-13 19:30:41.093 V/NotificationService(  164): Pkg: com.android.systemui group: Other
01-13 19:30:41.103 D/dalvikvm(  506): Debugger has detached; object registry had 1 entries
01-13 19:30:41.113 D/dalvikvm(  544): Debugger has detached; object registry had 1 entries
01-13 19:30:41.123 D/dalvikvm(  526): Debugger has detached; object registry had 1 entries
01-13 19:30:41.133 D/dalvikvm(  586): Debugger has detached; object registry had 1 entries
01-13 19:30:41.143 D/dalvikvm(  382): Debugger has detached; object registry had 1 entries
01-13 19:30:41.153 D/dalvikvm(  466): Debugger has detached; object registry had 1 entries
01-13 19:30:41.153 D/dalvikvm(  554): Debugger has detached; object registry had 1 entries
01-13 19:30:41.153 D/dalvikvm(  497): Debugger has detached; object registry had 1 entries
01-13 19:30:41.163 D/dalvikvm(  564): Debugger has detached; object registry had 1 entries
01-13 19:30:41.163 D/dalvikvm(  453): Debugger has detached; object registry had 1 entries
01-13 19:30:41.163 D/dalvikvm(  487): Debugger has detached; object registry had 1 entries
01-13 19:30:41.163 D/dalvikvm(  536): Debugger has detached; object registry had 1 entries
01-13 19:30:41.163 D/dalvikvm(  388): Debugger has detached; object registry had 1 entries
01-13 19:30:55.797 W/Vold    (  112): Ignoring unknown switch 'usb_connected'
01-13 19:30:55.797 D/Vold    (  112): USB disconnected
01-13 19:30:55.797 D/Vold    (  112): Share method ums now unavailable
01-13 19:30:55.797 I/StorageNotification(  235): UMS connection changed to false (media state mounted)
01-13 19:30:55.957 D/SettingsAppWidgetProvider(  586): Widget is from a previous version... Let's update
01-13 19:30:55.957 D/SettingsAppWidgetProvider(  586): No instances yet... Wait for at least one instance to exist before adding global settings
01-13 19:30:56.878 D/Tethering(  164): InitialState.processMessage what=4
01-13 19:30:56.878 D/Tethering(  164): sendTetherStateChangedBroadcast 0, 0, 0
01-13 19:30:57.719 D/SettingsAppWidgetProvider(  586): Widget is from a previous version... Let's update
01-13 19:30:57.719 D/SettingsAppWidgetProvider(  586): No instances yet... Wait for at least one instance to exist before adding global settings
01-13 19:30:58.840 W/Vold    (  112): Ignoring unknown switch 'usb_connected'
01-13 19:30:58.880 D/Vold    (  112): USB connected
01-13 19:30:58.880 D/Vold    (  112): Share method ums now available
01-13 19:30:58.880 I/StorageNotification(  235): UMS connection changed to true (media state mounted)
01-13 19:30:58.900 V/NotificationService(  164): Active profile: Default
01-13 19:30:58.910 I/PROFILE (  164): Group: Gmail containing : com.android.systemui : false
01-13 19:30:58.910 I/PROFILE (  164): Group: Phone containing : com.android.systemui : false
01-13 19:30:58.910 I/PROFILE (  164): Group: Calendar containing : com.android.systemui : false
01-13 19:30:58.910 I/PROFILE (  164): Group: Email containing : com.android.systemui : false
01-13 19:30:58.910 I/PROFILE (  164): Group: SMS containing : com.android.systemui : false
01-13 19:30:58.920 V/ProfileManager(  164): No active group, returning default: Other
01-13 19:30:58.920 V/NotificationService(  164): Pkg: com.android.systemui group: Other
01-13 19:30:58.930 W/ApplicationContext(  164): Unable to create files directory
01-13 19:30:58.950 D/Tethering(  164): sendTetherStateChangedBroadcast 1, 0, 0
01-13 19:30:58.950 D/Tethering(  164): interfaceAdded :usb0
01-13 19:30:58.960 D/WriteApps(  164): Error: java.lang.NullPointerException
01-13 19:30:58.960 V/NotificationService(  164): Active profile: Default
01-13 19:30:58.960 I/PROFILE (  164): Group: Gmail containing : android : false
01-13 19:30:58.960 I/PROFILE (  164): Group: Phone containing : android : false
01-13 19:30:58.960 I/PROFILE (  164): Group: Calendar containing : android : false
01-13 19:30:58.960 I/PROFILE (  164): Group: Email containing : android : false
01-13 19:30:58.960 I/PROFILE (  164): Group: SMS containing : android : false
01-13 19:30:58.960 V/ProfileManager(  164): No active group, returning default: Other
01-13 19:30:58.960 V/NotificationService(  164): Pkg: android group: Other
01-13 19:31:05.106 D/dalvikvm(  586): GC_EXPLICIT freed 121K, 54% free 2637K/5639K, external 0K/0K, paused 41ms
01-13 19:31:08.079 D/AndroidRuntime(  621): 
01-13 19:31:08.079 D/AndroidRuntime(  621): >>>>>> AndroidRuntime START com.android.internal.os.RuntimeInit <<<<<<
01-13 19:31:08.079 I/AndroidRuntime(  621): Heap size: -Xmx32m
01-13 19:31:08.079 D/AndroidRuntime(  621): CheckJNI is OFF
01-13 19:31:08.079 D/dalvikvm(  621): creating instr width table
01-13 19:31:08.289 D/AndroidRuntime(  621): Calling main entry com.android.commands.pm.Pm
01-13 19:31:08.309 I/ActivityManager(  164): Start proc com.android.defcontainer for service com.android.defcontainer/.DefaultContainerService: pid=629 uid=10030 gids={1015, 2001}
01-13 19:31:08.449 D/dalvikvm(  629): GC_EXPLICIT freed 298K, 55% free 2535K/5511K, external 0K/0K, paused 39ms
01-13 19:31:09.190 W/ActivityManager(  164): No content provider found for: 
01-13 19:31:09.320 W/ActivityManager(  164): No content provider found for: 
01-13 19:31:09.330 I/ActivityManager(  164): No longer want com.android.deskclock (pid 442): hidden #16
01-13 19:31:09.350 D/PackageParser(  164): Scanning package: /data/app/vmdl-510748426.tmp
01-13 19:31:09.801 D/SettingsAppWidgetProvider(  586): Widget is from a previous version... Let's update
01-13 19:31:09.801 D/SettingsAppWidgetProvider(  586): No instances yet... Wait for at least one instance to exist before adding global settings
01-13 19:31:10.151 I/PackageManager(  164): Removing non-system package:uk.ac.st_andrews.cs.host.mk74.energymeasurement.wifi80211
01-13 19:31:10.161 I/ActivityManager(  164): Force stopping package uk.ac.st_andrews.cs.host.mk74.energymeasurement.wifi80211 uid=10060
01-13 19:31:10.351 D/PackageManager(  164): Scanning package uk.ac.st_andrews.cs.host.mk74.energymeasurement.wifi80211
01-13 19:31:10.351 I/PackageManager(  164): Package uk.ac.st_andrews.cs.host.mk74.energymeasurement.wifi80211 codePath changed from /data/app/uk.ac.st_andrews.cs.host.mk74.energymeasurement.wifi80211-2.apk to /data/app/uk.ac.st_andrews.cs.host.mk74.energymeasurement.wifi80211-1.apk; Retaining data and using new
01-13 19:31:10.351 I/PackageManager(  164): Unpacking native libraries for /data/app/uk.ac.st_andrews.cs.host.mk74.energymeasurement.wifi80211-1.apk
01-13 19:31:10.361 D/installd(  119): DexInv: --- BEGIN '/data/app/uk.ac.st_andrews.cs.host.mk74.energymeasurement.wifi80211-1.apk' ---
01-13 19:31:10.641 D/dalvikvm(  638): creating instr width table
01-13 19:31:11.062 D/dalvikvm(  638): DexOpt: load 50ms, verify+opt 266ms
01-13 19:31:11.172 D/installd(  119): DexInv: --- END '/data/app/uk.ac.st_andrews.cs.host.mk74.energymeasurement.wifi80211-1.apk' (success) ---
01-13 19:31:11.172 I/ActivityManager(  164): Force stopping package uk.ac.st_andrews.cs.host.mk74.energymeasurement.wifi80211 uid=10060
01-13 19:31:11.182 D/PackageManager(  164):   Activities: uk.ac.st_andrews.cs.host.mk74.energymeasurement.wifi80211.MainActivity
01-13 19:31:11.182 W/PackageManager(  164): Code path for pkg : uk.ac.st_andrews.cs.host.mk74.energymeasurement.wifi80211 changing from /data/app/uk.ac.st_andrews.cs.host.mk74.energymeasurement.wifi80211-2.apk to /data/app/uk.ac.st_andrews.cs.host.mk74.energymeasurement.wifi80211-1.apk
01-13 19:31:11.182 W/PackageManager(  164): Resource path for pkg : uk.ac.st_andrews.cs.host.mk74.energymeasurement.wifi80211 changing from /data/app/uk.ac.st_andrews.cs.host.mk74.energymeasurement.wifi80211-2.apk to /data/app/uk.ac.st_andrews.cs.host.mk74.energymeasurement.wifi80211-1.apk
01-13 19:31:11.272 I/installd(  119): move /data/dalvik-cache/data@app@uk.ac.st_andrews.cs.host.mk74.energymeasurement.wifi80211-1.apk@classes.dex -> /data/dalvik-cache/data@app@uk.ac.st_andrews.cs.host.mk74.energymeasurement.wifi80211-1.apk@classes.dex
01-13 19:31:11.272 D/PackageManager(  164): New package installed in /data/app/uk.ac.st_andrews.cs.host.mk74.energymeasurement.wifi80211-1.apk
01-13 19:31:11.432 D/dalvikvm(  164): GC_CONCURRENT freed 1332K, 48% free 4812K/9223K, external 3643K/3857K, paused 4ms+6ms
01-13 19:31:11.482 I/ActivityManager(  164): Force stopping package uk.ac.st_andrews.cs.host.mk74.energymeasurement.wifi80211 uid=10060
01-13 19:31:11.532 D/dalvikvm(  278): GC_EXPLICIT freed 186K, 55% free 3003K/6599K, external 3447K/4213K, paused 46ms
01-13 19:31:11.582 D/HomeLoaders(  278): application intent received: android.intent.action.PACKAGE_REMOVED, replacing=true
01-13 19:31:11.582 D/HomeLoaders(  278):   --> package:uk.ac.st_andrews.cs.host.mk74.energymeasurement.wifi80211
01-13 19:31:11.582 D/szipinf (  164): Initializing inflate state
01-13 19:31:11.612 D/szipinf (  164): Initializing inflate state
01-13 19:31:11.622 I/ActivityManager(  164): Start proc com.android.vending for broadcast com.android.vending/com.google.android.finsky.receivers.PersistentPackageMonitorReceiver: pid=639 uid=10029 gids={3003, 1015}
01-13 19:31:11.662 D/dalvikvm(  639): Debugger has detached; object registry had 1 entries
01-13 19:31:11.712 D/dalvikvm(  487): GC_EXPLICIT freed 155K, 59% free 2945K/7047K, external 0K/0K, paused 167ms
01-13 19:31:11.752 D/szipinf (  164): Initializing inflate state
01-13 19:31:11.762 D/HomeLoaders(  278): application intent received: android.intent.action.PACKAGE_ADDED, replacing=true
01-13 19:31:11.762 D/HomeLoaders(  278):   --> package:uk.ac.st_andrews.cs.host.mk74.energymeasurement.wifi80211
01-13 19:31:11.762 D/HomeLoaders(  278):   --> update package uk.ac.st_andrews.cs.host.mk74.energymeasurement.wifi80211
01-13 19:31:11.803 D/dalvikvm(  639): GC_CONCURRENT freed 409K, 54% free 2595K/5639K, external 0K/0K, paused 4ms+2ms
01-13 19:31:11.893 D/dalvikvm(  164): GC_EXPLICIT freed 182K, 49% free 4723K/9223K, external 35K/547K, paused 103ms
01-13 19:31:11.903 W/RecognitionManagerService(  164): no available voice recognition services found
01-13 19:31:11.913 I/ActivityThread(  639): Pub com.google.android.finsky.RecentSuggestionsProvider: com.google.android.finsky.providers.RecentSuggestionsProvider
01-13 19:31:11.963 D/szipinf (  164): Initializing inflate state
01-13 19:31:12.013 D/szipinf (  164): Initializing inflate state
01-13 19:31:12.093 D/szipinf (  164): Initializing inflate state
01-13 19:31:12.133 I/installd(  119): unlink /data/dalvik-cache/data@app@uk.ac.st_andrews.cs.host.mk74.energymeasurement.wifi80211-2.apk@classes.dex
01-13 19:31:12.173 D/szipinf (  164): Initializing inflate state
01-13 19:31:12.223 D/AndroidRuntime(  621): Shutting down VM
01-13 19:31:12.243 D/dalvikvm(  621): GC_CONCURRENT freed 102K, 71% free 299K/1024K, external 0K/0K, paused 1ms+1ms
01-13 19:31:12.243 I/AndroidRuntime(  621): NOTE: attach of thread 'Binder Thread #3' failed
01-13 19:31:12.243 D/jdwp    (  621): Got wake-up signal, bailing out of select
01-13 19:31:12.243 D/dalvikvm(  621): Debugger has detached; object registry had 1 entries
01-13 19:31:12.273 D/dalvikvm(  319): GC_CONCURRENT freed 392K, 54% free 2775K/5959K, external 82K/512K, paused 2ms+62ms
01-13 19:31:12.283 D/dalvikvm(  639): GC_CONCURRENT freed 295K, 52% free 2777K/5767K, external 0K/0K, paused 2ms+9ms
01-13 19:31:12.363 D/Finsky  (  639): [1] SanityChecker.run: # LocalAssets corrected : 0
01-13 19:31:12.363 D/Finsky  (  639): Sanity check took : 3 ms
01-13 19:31:12.393 I/ActivityManager(  164): Start proc com.noshufou.android.su for broadcast com.noshufou.android.su/.UninstallReceiver: pid=668 uid=10052 gids={1015, 3003}
01-13 19:31:12.393 I/ActivityManager(  164): No longer want com.android.email (pid 453): hidden #16
01-13 19:31:12.473 D/dalvikvm(  116): GC_EXPLICIT freed 11K, 54% free 2499K/5379K, external 0K/0K, paused 91ms
01-13 19:31:12.533 D/dalvikvm(  116): GC_EXPLICIT freed <1K, 54% free 2499K/5379K, external 0K/0K, paused 58ms
01-13 19:31:12.633 D/dalvikvm(  116): GC_EXPLICIT freed <1K, 54% free 2499K/5379K, external 0K/0K, paused 75ms
01-13 19:31:12.653 D/AndroidRuntime(  666): 
01-13 19:31:12.653 D/AndroidRuntime(  666): >>>>>> AndroidRuntime START com.android.internal.os.RuntimeInit <<<<<<
01-13 19:31:12.653 D/szipinf (  668): Initializing inflate state
01-13 19:31:12.663 I/AndroidRuntime(  666): Heap size: -Xmx32m
01-13 19:31:12.663 D/AndroidRuntime(  666): CheckJNI is OFF
01-13 19:31:12.663 D/dalvikvm(  666): creating instr width table
01-13 19:31:12.773 I/ActivityManager(  164): Start proc com.tmobile.thememanager for broadcast com.tmobile.thememanager/.receiver.ThemePackageReceiver: pid=681 uid=1300 gids={-1}
01-13 19:31:12.783 I/ActivityManager(  164): No longer want com.android.mms (pid 466): hidden #16
01-13 19:31:12.984 D/AndroidRuntime(  666): Calling main entry com.android.commands.am.Am
01-13 19:31:13.014 I/ActivityManager(  164): Starting: Intent { act=android.intent.action.MAIN cat=[android.intent.category.LAUNCHER] flg=0x10000000 cmp=uk.ac.st_andrews.cs.host.mk74.energymeasurement.wifi80211/.MainActivity } from pid 666
01-13 19:31:13.024 I/ActivityThread(  681): Pub com.tmobile.thememanager.themes: com.tmobile.thememanager.provider.ThemesProvider
01-13 19:31:13.054 D/AndroidRuntime(  666): Shutting down VM
01-13 19:31:13.054 D/dalvikvm(  666): GC_CONCURRENT freed 104K, 69% free 324K/1024K, external 0K/0K, paused 1ms+1ms
01-13 19:31:13.054 I/ActivityManager(  164): Start proc uk.ac.st_andrews.cs.host.mk74.energymeasurement.wifi80211 for activity uk.ac.st_andrews.cs.host.mk74.energymeasurement.wifi80211/.MainActivity: pid=691 uid=10060 gids={}
01-13 19:31:13.064 I/AndroidRuntime(  666): NOTE: attach of thread 'Binder Thread #3' failed
01-13 19:31:13.064 D/jdwp    (  666): Got wake-up signal, bailing out of select
01-13 19:31:13.064 D/dalvikvm(  666): Debugger has detached; object registry had 1 entries
01-13 19:31:13.084 I/dalvikvm(  164): Jit: resizing JitTable from 4096 to 8192
01-13 19:31:13.094 I/ActivityThread(  681): Pub com.tmobile.thememanager.packageresources: com.tmobile.thememanager.provider.PackageResourcesProvider
01-13 19:31:13.114 D/VoiceDialerReceiver(  497): onReceive Intent { act=android.intent.action.PACKAGE_REMOVED dat=package:uk.ac.st_andrews.cs.host.mk74.energymeasurement.wifi80211 flg=0x10000000 cmp=com.android.voicedialer/.VoiceDialerReceiver (has extras) }
01-13 19:31:13.114 V/RecognizerEngine(  497): deleteCachedGrammarFiles /data/data/com.android.voicedialer/files/openentries.txt
01-13 19:31:13.144 I/ActivityManager(  164): No longer want com.koushikdutta.rommanager (pid 487): hidden #16
01-13 19:31:13.284 I/ActivityManager(  164): Start proc com.svox.pico for broadcast com.svox.pico/.VoiceDataInstallerReceiver: pid=700 uid=10047 gids={}
01-13 19:31:13.584 D/GTalkService(  319): [RawStanzaProvidersMgr] ##### searchProvidersFromIntent
01-13 19:31:13.594 D/GTalkService(  319): [RawStanzaProvidersMgr] no intent receivers found
01-13 19:31:13.674 I/ActivityThread(  700): Pub com.svox.pico.providers.SettingsProvider: com.svox.pico.providers.SettingsProvider
01-13 19:31:13.724 D/GTalkService(  319): handlePackageInstalled: re-initialize providers
01-13 19:31:13.724 D/GTalkService(  319): [RawStanzaProvidersMgr] ##### searchProvidersFromIntent
01-13 19:31:13.734 D/GTalkService(  319): [RawStanzaProvidersMgr] no intent receivers found
01-13 19:31:13.734 D/InstallReceiver(  668): uk.ac.st_andrews.cs.host.mk74.energymeasurement.wifi80211
01-13 19:31:13.865 D/dalvikvm(  319): GC_CONCURRENT freed 447K, 53% free 2839K/5959K, external 0K/512K, paused 2ms+24ms
01-13 19:31:13.885 D/VoiceDialerReceiver(  497): onReceive Intent { act=android.intent.action.PACKAGE_ADDED dat=package:uk.ac.st_andrews.cs.host.mk74.energymeasurement.wifi80211 flg=0x10000000 cmp=com.android.voicedialer/.VoiceDialerReceiver (has extras) }
01-13 19:31:13.885 V/RecognizerEngine(  497): deleteCachedGrammarFiles /data/data/com.android.voicedialer/files/openentries.txt
01-13 19:31:14.135 D/dalvikvm(  506): GC_CONCURRENT freed 500K, 55% free 2623K/5767K, external 0K/0K, paused 3ms+27ms
01-13 19:31:14.235 D/SettingsAppWidgetProvider(  586): Widget is from a previous version... Let's update
01-13 19:31:14.235 D/SettingsAppWidgetProvider(  586): No instances yet... Wait for at least one instance to exist before adding global settings
01-13 19:31:14.345 D/dalvikvm(  164): GC_CONCURRENT freed 450K, 48% free 4822K/9223K, external 43K/547K, paused 3ms+14ms
01-13 19:31:14.355 I/ActivityManager(  164): No longer want com.android.protips (pid 526): hidden #16
01-13 19:31:15.436 D/szipinf (  681): Initializing inflate state
01-13 19:31:15.997 D/Finsky  (  639): [23] DownloadRecords.initializeAndPrune: Pruned 0 old downloads from the cursor.
01-13 19:31:17.138 D/szipinf (  681): Initializing inflate state
01-13 19:31:17.268 D/dalvikvm(  164): GC_FOR_MALLOC freed 479K, 48% free 4844K/9223K, external 43K/547K, paused 40ms
01-13 19:31:17.508 D/dalvikvm(  164): GC_CONCURRENT freed 10K, 47% free 4894K/9223K, external 43K/547K, paused 3ms+6ms
01-13 19:31:18.029 D/Tethering(  164): eth0 is not a tetherable iface, ignoring
01-13 19:31:19.070 D/WifiService(  164): ACTION_BATTERY_CHANGED pluggedType: 2
01-13 19:31:19.080 D/SettingsAppWidgetProvider(  586): Widget is from a previous version... Let's update
01-13 19:31:19.090 D/SettingsAppWidgetProvider(  586): No instances yet... Wait for at least one instance to exist before adding global settings
01-13 19:31:19.140 D/dalvikvm(  691): GC_EXTERNAL_ALLOC freed 46K, 54% free 2522K/5379K, external 0K/0K, paused 35ms
01-13 19:31:19.210 I/ActivityManager(  164): Displayed uk.ac.st_andrews.cs.host.mk74.energymeasurement.wifi80211/.MainActivity: +6s166ms (total +5m29s584ms)
01-13 19:31:19.240 I/ThemeManager(  681): VerifyInstalledThemesThread took 4199 ms.
01-13 19:31:20.241 V/WifiStateTracker(  164): Connection to supplicant established, state=DISCONNECTED
01-13 19:31:20.261 D/ConnectivityService(  164): ConnectivityService::handleDisconnect() - disconnecting netType(1)
01-13 19:31:20.261 D/ConnectivityService(  164): ConnectivityService::handleDisconnect() - netType(1) attempting failover
01-13 19:31:20.261 E/ConnectivityService(  164): not failing over to mobile type 0 because Mobile Data Disabled
01-13 19:31:20.261 E/ConnectivityService(  164): not failing over to mobile type 2 because Mobile Data Disabled
01-13 19:31:20.261 E/ConnectivityService(  164): not failing over to mobile type 3 because Mobile Data Disabled
01-13 19:31:20.261 E/ConnectivityService(  164): not failing over to mobile type 4 because Mobile Data Disabled
01-13 19:31:20.261 E/ConnectivityService(  164): not failing over to mobile type 5 because Mobile Data Disabled
01-13 19:31:20.261 E/ConnectivityService(  164): Network failover failing.
01-13 19:31:20.271 V/SyncManager(  164): SyncManager::mConnectivityIntentReceiver.onReceive() - DISCONNECTED and no connectivity
01-13 19:31:20.271 D/Tethering(  164): MasterInitialState.processMessage what=3
01-13 19:31:20.271 I/wpa_supplicant(  717): CTRL-EVENT-STATE-CHANGE id=-1 state=2 BSSID=00:00:00:00:00:00
01-13 19:31:20.271 V/WifiMonitor(  164): Event [CTRL-EVENT-STATE-CHANGE id=-1 state=2 BSSID=00:00:00:00:00:00]
01-13 19:31:20.281 D/GTalkService(  319): ##### Network broadcast (connected=false) type=WIFI, state=DISCONNECTED
01-13 19:31:20.301 V/WifiStateTracker(  164): Changing supplicant state: DISCONNECTED ==> SCANNING
01-13 19:31:20.301 I/ActivityManager(  164): Start proc com.cyanogenmod.stats for broadcast com.cyanogenmod.stats/.ReportingServiceManager: pid=722 uid=10010 gids={3003}
01-13 19:31:20.331 D/dalvikvm(  722): Debugger has detached; object registry had 1 entries
01-13 19:31:20.361 I/System.out(  691): 0
01-13 19:31:20.371 D/CMStats (  722): CONNECTIVITY_ACTION: noConnectivity = true
01-13 19:31:20.371 I/ActivityManager(  164): No longer want com.android.music (pid 517): hidden #16
01-13 19:31:20.391 I/MediaUploader(  544): No need to wake up
01-13 19:31:20.531 D/dalvikvm(  319): GC_CONCURRENT freed 529K, 53% free 2838K/6023K, external 0K/512K, paused 2ms+3ms
01-13 19:31:20.541 D/dalvikvm(  388): GC_CONCURRENT freed 346K, 54% free 2651K/5703K, external 0K/0K, paused 2ms+3ms
01-13 19:31:20.861 I/wpa_supplicant(  717): CTRL-EVENT-STATE-CHANGE id=-1 state=1 BSSID=00:00:00:00:00:00
01-13 19:31:20.861 V/WifiMonitor(  164): Event [CTRL-EVENT-STATE-CHANGE id=-1 state=1 BSSID=00:00:00:00:00:00]
01-13 19:31:20.881 V/WifiStateTracker(  164): Changing supplicant state: SCANNING ==> INACTIVE
01-13 19:31:21.122 I/System.out(  691): 15
01-13 19:31:21.202 I/wpa_supplicant(  717): CTRL-EVENT-STATE-CHANGE id=-1 state=2 BSSID=00:00:00:00:00:00
01-13 19:31:21.202 V/WifiMonitor(  164): Event [CTRL-EVENT-STATE-CHANGE id=-1 state=2 BSSID=00:00:00:00:00:00]
01-13 19:31:21.202 V/WifiStateTracker(  164): Changing supplicant state: INACTIVE ==> SCANNING
01-13 19:31:21.212 E/wpa_supplicant(  717): Ongoing Scan action...
01-13 19:31:21.802 I/wpa_supplicant(  717): CTRL-EVENT-STATE-CHANGE id=-1 state=1 BSSID=00:00:00:00:00:00
01-13 19:31:21.802 V/WifiMonitor(  164): Event [CTRL-EVENT-STATE-CHANGE id=-1 state=1 BSSID=00:00:00:00:00:00]
01-13 19:31:21.822 V/WifiStateTracker(  164): Changing supplicant state: SCANNING ==> INACTIVE
01-13 19:31:21.822 I/wpa_supplicant(  717): CTRL-EVENT-STATE-CHANGE id=-1 state=2 BSSID=00:00:00:00:00:00
01-13 19:31:21.822 V/WifiMonitor(  164): Event [CTRL-EVENT-STATE-CHANGE id=-1 state=2 BSSID=00:00:00:00:00:00]
01-13 19:31:21.822 V/WifiStateTracker(  164): Changing supplicant state: INACTIVE ==> SCANNING
01-13 19:31:22.123 I/System.out(  691): 16
01-13 19:31:22.393 I/wpa_supplicant(  717): CTRL-EVENT-STATE-CHANGE id=-1 state=1 BSSID=00:00:00:00:00:00
01-13 19:31:22.393 V/WifiMonitor(  164): Event [CTRL-EVENT-STATE-CHANGE id=-1 state=1 BSSID=00:00:00:00:00:00]
01-13 19:31:22.423 V/WifiStateTracker(  164): Changing supplicant state: SCANNING ==> INACTIVE
01-13 19:31:22.423 I/wpa_supplicant(  717): CTRL-EVENT-STATE-CHANGE id=-1 state=2 BSSID=00:00:00:00:00:00
01-13 19:31:22.423 V/WifiMonitor(  164): Event [CTRL-EVENT-STATE-CHANGE id=-1 state=2 BSSID=00:00:00:00:00:00]
01-13 19:31:22.433 V/WifiStateTracker(  164): Changing supplicant state: INACTIVE ==> SCANNING
01-13 19:31:23.003 I/wpa_supplicant(  717): CTRL-EVENT-STATE-CHANGE id=-1 state=1 BSSID=00:00:00:00:00:00
01-13 19:31:23.003 V/WifiMonitor(  164): Event [CTRL-EVENT-STATE-CHANGE id=-1 state=1 BSSID=00:00:00:00:00:00]
01-13 19:31:23.023 V/WifiStateTracker(  164): Changing supplicant state: SCANNING ==> INACTIVE
01-13 19:31:23.023 I/wpa_supplicant(  717): CTRL-EVENT-STATE-CHANGE id=-1 state=2 BSSID=00:00:00:00:00:00
01-13 19:31:23.023 W/ApplicationContext(  164): Unable to create files directory
01-13 19:31:23.023 V/WifiMonitor(  164): Event [CTRL-EVENT-STATE-CHANGE id=-1 state=2 BSSID=00:00:00:00:00:00]
01-13 19:31:23.033 D/WriteApps(  164): Error: java.lang.NullPointerException
01-13 19:31:23.044 V/NotificationService(  164): Active profile: Default
01-13 19:31:23.044 I/PROFILE (  164): Group: Gmail containing : android : false
01-13 19:31:23.044 I/PROFILE (  164): Group: Phone containing : android : false
01-13 19:31:23.044 I/PROFILE (  164): Group: Calendar containing : android : false
01-13 19:31:23.044 I/PROFILE (  164): Group: Email containing : android : false
01-13 19:31:23.044 I/PROFILE (  164): Group: SMS containing : android : false
01-13 19:31:23.044 V/ProfileManager(  164): No active group, returning default: Other
01-13 19:31:23.044 V/NotificationService(  164): Pkg: android group: Other
01-13 19:31:23.054 V/WifiStateTracker(  164): Changing supplicant state: INACTIVE ==> SCANNING
01-13 19:31:23.114 I/System.out(  691): 15
01-13 19:31:23.604 I/wpa_supplicant(  717): CTRL-EVENT-STATE-CHANGE id=-1 state=1 BSSID=00:00:00:00:00:00
01-13 19:31:23.604 V/WifiMonitor(  164): Event [CTRL-EVENT-STATE-CHANGE id=-1 state=1 BSSID=00:00:00:00:00:00]
01-13 19:31:23.624 I/wpa_supplicant(  717): CTRL-EVENT-STATE-CHANGE id=-1 state=2 BSSID=00:00:00:00:00:00
01-13 19:31:23.624 V/WifiStateTracker(  164): Changing supplicant state: SCANNING ==> INACTIVE
01-13 19:31:23.624 V/WifiMonitor(  164): Event [CTRL-EVENT-STATE-CHANGE id=-1 state=2 BSSID=00:00:00:00:00:00]
01-13 19:31:23.624 V/WifiStateTracker(  164): Changing supplicant state: INACTIVE ==> SCANNING
01-13 19:31:24.054 D/dalvikvm(  235): Debugger has detached; object registry had 1 entries
01-13 19:31:24.054 D/dalvikvm(  164): Debugger has detached; object registry had 1 entries
01-13 19:31:24.054 D/dalvikvm(  256): Debugger has detached; object registry had 1 entries
01-13 19:31:24.054 D/dalvikvm(  250): Debugger has detached; object registry had 1 entries
01-13 19:31:24.054 D/dalvikvm(  251): Debugger has detached; object registry had 1 entries
01-13 19:31:24.054 D/dalvikvm(  691): Debugger has detached; object registry had 1 entries
01-13 19:31:24.054 D/dalvikvm(  319): Debugger has detached; object registry had 1 entries
01-13 19:31:24.065 W/Vold    (  112): Ignoring unknown switch 'usb_connected'
01-13 19:31:24.065 D/Vold    (  112): USB disconnected
01-13 19:31:24.065 D/Vold    (  112): Share method ums now unavailable
01-13 19:31:24.075 I/StorageNotification(  235): UMS connection changed to false (media state mounted)
01-13 19:31:24.165 I/System.out(  691): 16
01-13 19:31:24.185 D/dalvikvm(  506): Debugger has detached; object registry had 1 entries
01-13 19:31:24.185 I/wpa_supplicant(  717): CTRL-EVENT-STATE-CHANGE id=-1 state=1 BSSID=00:00:00:00:00:00
01-13 19:31:24.185 V/WifiMonitor(  164): Event [CTRL-EVENT-STATE-CHANGE id=-1 state=1 BSSID=00:00:00:00:00:00]
01-13 19:31:24.185 V/WifiStateTracker(  164): Changing supplicant state: SCANNING ==> INACTIVE
01-13 19:31:24.185 D/dalvikvm(  544): Debugger has detached; object registry had 1 entries
01-13 19:31:24.195 D/dalvikvm(  586): Debugger has detached; object registry had 1 entries
01-13 19:31:24.195 D/dalvikvm(  382): Debugger has detached; object registry had 1 entries
01-13 19:31:24.205 I/wpa_supplicant(  717): CTRL-EVENT-STATE-CHANGE id=-1 state=2 BSSID=00:00:00:00:00:00
01-13 19:31:24.205 V/WifiMonitor(  164): Event [CTRL-EVENT-STATE-CHANGE id=-1 state=2 BSSID=00:00:00:00:00:00]
01-13 19:31:24.205 V/WifiStateTracker(  164): Changing supplicant state: INACTIVE ==> SCANNING
01-13 19:31:24.225 D/WifiService(  164): ACTION_BATTERY_CHANGED pluggedType: 0
01-13 19:31:24.235 D/SettingsAppWidgetProvider(  586): Widget is from a previous version... Let's update
01-13 19:31:24.235 D/SettingsAppWidgetProvider(  586): No instances yet... Wait for at least one instance to exist before adding global settings
01-13 19:31:24.235 D/dalvikvm(  554): Debugger has detached; object registry had 1 entries
01-13 19:31:24.235 D/dalvikvm(  497): Debugger has detached; object registry had 1 entries
01-13 19:31:24.235 D/dalvikvm(  564): Debugger has detached; object registry had 1 entries
01-13 19:31:24.235 D/dalvikvm(  536): Debugger has detached; object registry had 1 entries
01-13 19:31:24.235 D/dalvikvm(  388): Debugger has detached; object registry had 1 entries
01-13 19:31:24.235 D/dalvikvm(  629): Debugger has detached; object registry had 1 entries
01-13 19:31:24.235 D/dalvikvm(  639): Debugger has detached; object registry had 1 entries
01-13 19:31:24.235 D/dalvikvm(  668): Debugger has detached; object registry had 1 entries
01-13 19:31:24.235 D/dalvikvm(  681): Debugger has detached; object registry had 1 entries
01-13 19:31:24.235 D/dalvikvm(  700): Debugger has detached; object registry had 1 entries
01-13 19:31:24.235 D/dalvikvm(  278): Debugger has detached; object registry had 1 entries
01-13 19:31:24.245 D/dalvikvm(  722): Debugger has detached; object registry had 1 entries
01-13 19:31:24.775 I/wpa_supplicant(  717): CTRL-EVENT-STATE-CHANGE id=-1 state=1 BSSID=00:00:00:00:00:00
01-13 19:31:24.785 V/WifiMonitor(  164): Event [CTRL-EVENT-STATE-CHANGE id=-1 state=1 BSSID=00:00:00:00:00:00]
01-13 19:31:24.805 V/WifiStateTracker(  164): Changing supplicant state: SCANNING ==> INACTIVE
01-13 19:31:24.805 I/wpa_supplicant(  717): CTRL-EVENT-STATE-CHANGE id=-1 state=2 BSSID=00:00:00:00:00:00
01-13 19:31:24.805 V/WifiMonitor(  164): Event [CTRL-EVENT-STATE-CHANGE id=-1 state=2 BSSID=00:00:00:00:00:00]
01-13 19:31:24.805 V/WifiStateTracker(  164): Changing supplicant state: INACTIVE ==> SCANNING
01-13 19:31:25.136 D/Tethering(  164): InitialState.processMessage what=4
01-13 19:31:25.136 D/Tethering(  164): sendTetherStateChangedBroadcast 0, 0, 0
01-13 19:31:25.146 I/System.out(  691): 15
01-13 19:31:25.206 D/dalvikvm(  164): GC_CONCURRENT freed 581K, 48% free 4812K/9223K, external 43K/547K, paused 3ms+5ms
01-13 19:31:25.386 I/wpa_supplicant(  717): CTRL-EVENT-STATE-CHANGE id=-1 state=1 BSSID=00:00:00:00:00:00
01-13 19:31:25.396 V/WifiMonitor(  164): Event [CTRL-EVENT-STATE-CHANGE id=-1 state=1 BSSID=00:00:00:00:00:00]
01-13 19:31:25.416 V/WifiStateTracker(  164): Changing supplicant state: SCANNING ==> INACTIVE
01-13 19:31:25.416 I/wpa_supplicant(  717): CTRL-EVENT-STATE-CHANGE id=-1 state=2 BSSID=00:00:00:00:00:00
01-13 19:31:25.416 V/WifiMonitor(  164): Event [CTRL-EVENT-STATE-CHANGE id=-1 state=2 BSSID=00:00:00:00:00:00]
01-13 19:31:25.426 V/WifiStateTracker(  164): Changing supplicant state: INACTIVE ==> SCANNING
01-13 19:31:26.006 I/wpa_supplicant(  717): CTRL-EVENT-STATE-CHANGE id=-1 state=1 BSSID=00:00:00:00:00:00
01-13 19:31:26.006 V/WifiMonitor(  164): Event [CTRL-EVENT-STATE-CHANGE id=-1 state=1 BSSID=00:00:00:00:00:00]
01-13 19:31:26.026 V/WifiStateTracker(  164): Changing supplicant state: SCANNING ==> INACTIVE
01-13 19:31:26.026 I/wpa_supplicant(  717): CTRL-EVENT-STATE-CHANGE id=-1 state=2 BSSID=00:00:00:00:00:00
01-13 19:31:26.026 V/WifiMonitor(  164): Event [CTRL-EVENT-STATE-CHANGE id=-1 state=2 BSSID=00:00:00:00:00:00]
01-13 19:31:26.036 V/WifiStateTracker(  164): Changing supplicant state: INACTIVE ==> SCANNING
01-13 19:31:26.117 I/System.out(  691): 16
01-13 19:31:26.617 I/wpa_supplicant(  717): CTRL-EVENT-STATE-CHANGE id=-1 state=1 BSSID=00:00:00:00:00:00
01-13 19:31:26.617 V/WifiMonitor(  164): Event [CTRL-EVENT-STATE-CHANGE id=-1 state=1 BSSID=00:00:00:00:00:00]
01-13 19:31:26.637 V/WifiStateTracker(  164): Changing supplicant state: SCANNING ==> INACTIVE
01-13 19:31:26.637 I/wpa_supplicant(  717): CTRL-EVENT-STATE-CHANGE id=-1 state=2 BSSID=00:00:00:00:00:00
01-13 19:31:26.637 V/WifiMonitor(  164): Event [CTRL-EVENT-STATE-CHANGE id=-1 state=2 BSSID=00:00:00:00:00:00]
01-13 19:31:26.637 V/WifiStateTracker(  164): Changing supplicant state: INACTIVE ==> SCANNING
01-13 19:31:27.117 I/System.out(  691): 15
01-13 19:31:27.218 I/wpa_supplicant(  717): CTRL-EVENT-STATE-CHANGE id=-1 state=1 BSSID=00:00:00:00:00:00
01-13 19:31:27.218 V/WifiMonitor(  164): Event [CTRL-EVENT-STATE-CHANGE id=-1 state=1 BSSID=00:00:00:00:00:00]
01-13 19:31:27.238 I/wpa_supplicant(  717): CTRL-EVENT-STATE-CHANGE id=-1 state=2 BSSID=00:00:00:00:00:00
01-13 19:31:27.238 V/WifiStateTracker(  164): Changing supplicant state: SCANNING ==> INACTIVE
01-13 19:31:27.238 V/WifiMonitor(  164): Event [CTRL-EVENT-STATE-CHANGE id=-1 state=2 BSSID=00:00:00:00:00:00]
01-13 19:31:27.248 V/WifiStateTracker(  164): Changing supplicant state: INACTIVE ==> SCANNING
01-13 19:31:27.818 I/wpa_supplicant(  717): CTRL-EVENT-STATE-CHANGE id=-1 state=1 BSSID=00:00:00:00:00:00
01-13 19:31:27.818 V/WifiMonitor(  164): Event [CTRL-EVENT-STATE-CHANGE id=-1 state=1 BSSID=00:00:00:00:00:00]
01-13 19:31:27.838 V/WifiStateTracker(  164): Changing supplicant state: SCANNING ==> INACTIVE
01-13 19:31:27.838 I/wpa_supplicant(  717): CTRL-EVENT-STATE-CHANGE id=-1 state=2 BSSID=00:00:00:00:00:00
01-13 19:31:27.838 V/WifiMonitor(  164): Event [CTRL-EVENT-STATE-CHANGE id=-1 state=2 BSSID=00:00:00:00:00:00]
01-13 19:31:27.838 V/WifiStateTracker(  164): Changing supplicant state: INACTIVE ==> SCANNING
01-13 19:31:28.118 I/System.out(  691): 15
01-13 19:31:28.419 I/wpa_supplicant(  717): CTRL-EVENT-STATE-CHANGE id=-1 state=1 BSSID=00:00:00:00:00:00
01-13 19:31:28.419 V/WifiMonitor(  164): Event [CTRL-EVENT-STATE-CHANGE id=-1 state=1 BSSID=00:00:00:00:00:00]
01-13 19:31:28.449 V/WifiStateTracker(  164): Changing supplicant state: SCANNING ==> INACTIVE
01-13 19:31:28.449 I/wpa_supplicant(  717): CTRL-EVENT-STATE-CHANGE id=-1 state=2 BSSID=00:00:00:00:00:00
01-13 19:31:28.449 V/WifiMonitor(  164): Event [CTRL-EVENT-STATE-CHANGE id=-1 state=2 BSSID=00:00:00:00:00:00]
01-13 19:31:28.459 V/WifiStateTracker(  164): Changing supplicant state: INACTIVE ==> SCANNING
01-13 19:31:29.039 I/wpa_supplicant(  717): CTRL-EVENT-STATE-CHANGE id=-1 state=1 BSSID=00:00:00:00:00:00
01-13 19:31:29.039 V/WifiMonitor(  164): Event [CTRL-EVENT-STATE-CHANGE id=-1 state=1 BSSID=00:00:00:00:00:00]
01-13 19:31:29.059 V/WifiStateTracker(  164): Changing supplicant state: SCANNING ==> INACTIVE
01-13 19:31:29.059 I/wpa_supplicant(  717): CTRL-EVENT-STATE-CHANGE id=-1 state=2 BSSID=00:00:00:00:00:00
01-13 19:31:29.059 V/WifiMonitor(  164): Event [CTRL-EVENT-STATE-CHANGE id=-1 state=2 BSSID=00:00:00:00:00:00]
01-13 19:31:29.069 V/WifiStateTracker(  164): Changing supplicant state: INACTIVE ==> SCANNING
01-13 19:31:29.109 I/System.out(  691): 16
01-13 19:31:29.640 I/wpa_supplicant(  717): CTRL-EVENT-STATE-CHANGE id=-1 state=1 BSSID=00:00:00:00:00:00
01-13 19:31:29.640 V/WifiMonitor(  164): Event [CTRL-EVENT-STATE-CHANGE id=-1 state=1 BSSID=00:00:00:00:00:00]
01-13 19:31:29.660 V/WifiStateTracker(  164): Changing supplicant state: SCANNING ==> INACTIVE
01-13 19:31:29.670 I/wpa_supplicant(  717): CTRL-EVENT-STATE-CHANGE id=-1 state=2 BSSID=00:00:00:00:00:00
01-13 19:31:29.670 V/WifiMonitor(  164): Event [CTRL-EVENT-STATE-CHANGE id=-1 state=2 BSSID=00:00:00:00:00:00]
01-13 19:31:29.670 V/WifiStateTracker(  164): Changing supplicant state: INACTIVE ==> SCANNING
01-13 19:31:30.120 I/System.out(  691): 15
01-13 19:31:30.271 I/wpa_supplicant(  717): CTRL-EVENT-STATE-CHANGE id=-1 state=1 BSSID=00:00:00:00:00:00
01-13 19:31:30.271 V/WifiMonitor(  164): Event [CTRL-EVENT-STATE-CHANGE id=-1 state=1 BSSID=00:00:00:00:00:00]
01-13 19:31:30.271 V/WifiStateTracker(  164): Changing supplicant state: SCANNING ==> INACTIVE
01-13 19:31:30.281 I/wpa_supplicant(  717): CTRL-EVENT-STATE-CHANGE id=-1 state=2 BSSID=00:00:00:00:00:00
01-13 19:31:30.281 V/WifiMonitor(  164): Event [CTRL-EVENT-STATE-CHANGE id=-1 state=2 BSSID=00:00:00:00:00:00]
01-13 19:31:30.281 V/WifiStateTracker(  164): Changing supplicant state: INACTIVE ==> SCANNING
01-13 19:31:30.861 I/wpa_supplicant(  717): CTRL-EVENT-STATE-CHANGE id=-1 state=1 BSSID=00:00:00:00:00:00
01-13 19:31:30.861 V/WifiMonitor(  164): Event [CTRL-EVENT-STATE-CHANGE id=-1 state=1 BSSID=00:00:00:00:00:00]
01-13 19:31:30.881 V/WifiStateTracker(  164): Changing supplicant state: SCANNING ==> INACTIVE
01-13 19:31:30.881 I/wpa_supplicant(  717): CTRL-EVENT-STATE-CHANGE id=-1 state=2 BSSID=00:00:00:00:00:00
01-13 19:31:30.881 V/WifiMonitor(  164): Event [CTRL-EVENT-STATE-CHANGE id=-1 state=2 BSSID=00:00:00:00:00:00]
01-13 19:31:30.891 V/WifiStateTracker(  164): Changing supplicant state: INACTIVE ==> SCANNING
01-13 19:31:31.121 I/System.out(  691): 15
01-13 19:31:31.472 I/wpa_supplicant(  717): CTRL-EVENT-STATE-CHANGE id=-1 state=1 BSSID=00:00:00:00:00:00
01-13 19:31:31.472 V/WifiMonitor(  164): Event [CTRL-EVENT-STATE-CHANGE id=-1 state=1 BSSID=00:00:00:00:00:00]
01-13 19:31:31.492 V/WifiStateTracker(  164): Changing supplicant state: SCANNING ==> INACTIVE
01-13 19:31:31.492 I/wpa_supplicant(  717): CTRL-EVENT-STATE-CHANGE id=-1 state=2 BSSID=00:00:00:00:00:00
01-13 19:31:31.492 V/WifiMonitor(  164): Event [CTRL-EVENT-STATE-CHANGE id=-1 state=2 BSSID=00:00:00:00:00:00]
01-13 19:31:31.492 V/WifiStateTracker(  164): Changing supplicant state: INACTIVE ==> SCANNING
01-13 19:31:32.072 I/wpa_supplicant(  717): CTRL-EVENT-STATE-CHANGE id=-1 state=1 BSSID=00:00:00:00:00:00
01-13 19:31:32.072 V/WifiMonitor(  164): Event [CTRL-EVENT-STATE-CHANGE id=-1 state=1 BSSID=00:00:00:00:00:00]
01-13 19:31:32.102 V/WifiStateTracker(  164): Changing supplicant state: SCANNING ==> INACTIVE
01-13 19:31:32.102 I/wpa_supplicant(  717): CTRL-EVENT-STATE-CHANGE id=-1 state=2 BSSID=00:00:00:00:00:00
01-13 19:31:32.102 V/WifiMonitor(  164): Event [CTRL-EVENT-STATE-CHANGE id=-1 state=2 BSSID=00:00:00:00:00:00]
01-13 19:31:32.112 I/System.out(  691): 15
01-13 19:31:32.112 V/WifiStateTracker(  164): Changing supplicant state: INACTIVE ==> SCANNING
01-13 19:31:32.683 I/wpa_supplicant(  717): CTRL-EVENT-STATE-CHANGE id=-1 state=1 BSSID=00:00:00:00:00:00
01-13 19:31:32.693 V/WifiMonitor(  164): Event [CTRL-EVENT-STATE-CHANGE id=-1 state=1 BSSID=00:00:00:00:00:00]
01-13 19:31:32.713 V/WifiStateTracker(  164): Changing supplicant state: SCANNING ==> INACTIVE
01-13 19:31:32.713 I/wpa_supplicant(  717): CTRL-EVENT-STATE-CHANGE id=-1 state=2 BSSID=00:00:00:00:00:00
01-13 19:31:32.713 V/WifiMonitor(  164): Event [CTRL-EVENT-STATE-CHANGE id=-1 state=2 BSSID=00:00:00:00:00:00]
01-13 19:31:32.723 V/WifiStateTracker(  164): Changing supplicant state: INACTIVE ==> SCANNING
01-13 19:31:33.123 I/System.out(  691): 15
01-13 19:31:33.294 I/wpa_supplicant(  717): CTRL-EVENT-STATE-CHANGE id=-1 state=1 BSSID=00:00:00:00:00:00
01-13 19:31:33.294 V/WifiMonitor(  164): Event [CTRL-EVENT-STATE-CHANGE id=-1 state=1 BSSID=00:00:00:00:00:00]
01-13 19:31:33.324 V/WifiStateTracker(  164): Changing supplicant state: SCANNING ==> INACTIVE
01-13 19:31:33.324 I/wpa_supplicant(  717): CTRL-EVENT-STATE-CHANGE id=-1 state=2 BSSID=00:00:00:00:00:00
01-13 19:31:33.324 V/WifiMonitor(  164): Event [CTRL-EVENT-STATE-CHANGE id=-1 state=2 BSSID=00:00:00:00:00:00]
01-13 19:31:33.334 V/WifiStateTracker(  164): Changing supplicant state: INACTIVE ==> SCANNING
01-13 19:31:33.904 I/wpa_supplicant(  717): CTRL-EVENT-STATE-CHANGE id=-1 state=1 BSSID=00:00:00:00:00:00
01-13 19:31:33.904 V/WifiMonitor(  164): Event [CTRL-EVENT-STATE-CHANGE id=-1 state=1 BSSID=00:00:00:00:00:00]
01-13 19:31:33.934 I/wpa_supplicant(  717): CTRL-EVENT-STATE-CHANGE id=-1 state=2 BSSID=00:00:00:00:00:00
01-13 19:31:33.934 V/WifiMonitor(  164): Event [CTRL-EVENT-STATE-CHANGE id=-1 state=2 BSSID=00:00:00:00:00:00]
01-13 19:31:33.934 V/WifiStateTracker(  164): Changing supplicant state: SCANNING ==> INACTIVE
01-13 19:31:33.934 V/WifiStateTracker(  164): Changing supplicant state: INACTIVE ==> SCANNING
01-13 19:31:34.124 I/System.out(  691): 15
01-13 19:31:34.495 I/wpa_supplicant(  717): CTRL-EVENT-STATE-CHANGE id=-1 state=1 BSSID=00:00:00:00:00:00
01-13 19:31:34.505 V/WifiMonitor(  164): Event [CTRL-EVENT-STATE-CHANGE id=-1 state=1 BSSID=00:00:00:00:00:00]
01-13 19:31:34.525 V/WifiStateTracker(  164): Changing supplicant state: SCANNING ==> INACTIVE
01-13 19:31:34.525 I/wpa_supplicant(  717): CTRL-EVENT-STATE-CHANGE id=-1 state=2 BSSID=00:00:00:00:00:00
01-13 19:31:34.525 V/WifiMonitor(  164): Event [CTRL-EVENT-STATE-CHANGE id=-1 state=2 BSSID=00:00:00:00:00:00]
01-13 19:31:34.535 V/WifiStateTracker(  164): Changing supplicant state: INACTIVE ==> SCANNING
01-13 19:31:35.115 I/wpa_supplicant(  717): CTRL-EVENT-STATE-CHANGE id=-1 state=1 BSSID=00:00:00:00:00:00
01-13 19:31:35.125 V/WifiMonitor(  164): Event [CTRL-EVENT-STATE-CHANGE id=-1 state=1 BSSID=00:00:00:00:00:00]
01-13 19:31:35.145 V/WifiStateTracker(  164): Changing supplicant state: SCANNING ==> INACTIVE
01-13 19:31:35.145 I/wpa_supplicant(  717): CTRL-EVENT-STATE-CHANGE id=-1 state=2 BSSID=00:00:00:00:00:00
01-13 19:31:35.145 V/WifiMonitor(  164): Event [CTRL-EVENT-STATE-CHANGE id=-1 state=2 BSSID=00:00:00:00:00:00]
01-13 19:31:35.145 V/WifiStateTracker(  164): Changing supplicant state: INACTIVE ==> SCANNING
01-13 19:31:35.155 I/System.out(  691): 16
01-13 19:31:35.726 I/wpa_supplicant(  717): CTRL-EVENT-STATE-CHANGE id=-1 state=1 BSSID=00:00:00:00:00:00
01-13 19:31:35.726 V/WifiMonitor(  164): Event [CTRL-EVENT-STATE-CHANGE id=-1 state=1 BSSID=00:00:00:00:00:00]
01-13 19:31:35.746 I/wpa_supplicant(  717): CTRL-EVENT-STATE-CHANGE id=-1 state=2 BSSID=00:00:00:00:00:00
01-13 19:31:35.776 V/WifiStateTracker(  164): Changing supplicant state: SCANNING ==> INACTIVE
01-13 19:31:35.776 V/WifiMonitor(  164): Event [CTRL-EVENT-STATE-CHANGE id=-1 state=2 BSSID=00:00:00:00:00:00]
01-13 19:31:35.786 V/WifiStateTracker(  164): Changing supplicant state: INACTIVE ==> SCANNING
01-13 19:31:35.886 D/dalvikvm(  164): GC_CONCURRENT freed 419K, 48% free 4865K/9223K, external 35K/547K, paused 12ms+5ms
01-13 19:31:36.116 I/System.out(  691): 15
01-13 19:31:36.326 I/wpa_supplicant(  717): CTRL-EVENT-STATE-CHANGE id=-1 state=1 BSSID=00:00:00:00:00:00
01-13 19:31:36.326 V/WifiMonitor(  164): Event [CTRL-EVENT-STATE-CHANGE id=-1 state=1 BSSID=00:00:00:00:00:00]
01-13 19:31:36.356 V/WifiStateTracker(  164): Changing supplicant state: SCANNING ==> INACTIVE
01-13 19:31:36.356 I/wpa_supplicant(  717): CTRL-EVENT-STATE-CHANGE id=-1 state=2 BSSID=00:00:00:00:00:00
01-13 19:31:36.356 V/WifiMonitor(  164): Event [CTRL-EVENT-STATE-CHANGE id=-1 state=2 BSSID=00:00:00:00:00:00]
01-13 19:31:36.356 V/WifiStateTracker(  164): Changing supplicant state: INACTIVE ==> SCANNING
01-13 19:31:36.937 I/wpa_supplicant(  717): CTRL-EVENT-STATE-CHANGE id=-1 state=1 BSSID=00:00:00:00:00:00
01-13 19:31:36.937 V/WifiMonitor(  164): Event [CTRL-EVENT-STATE-CHANGE id=-1 state=1 BSSID=00:00:00:00:00:00]
01-13 19:31:36.947 I/wpa_supplicant(  717): CTRL-EVENT-STATE-CHANGE id=-1 state=2 BSSID=00:00:00:00:00:00
01-13 19:31:36.947 V/WifiMonitor(  164): Event [CTRL-EVENT-STATE-CHANGE id=-1 state=2 BSSID=00:00:00:00:00:00]
01-13 19:31:36.967 V/WifiStateTracker(  164): Changing supplicant state: SCANNING ==> INACTIVE
01-13 19:31:36.967 V/WifiStateTracker(  164): Changing supplicant state: INACTIVE ==> SCANNING
01-13 19:31:37.117 I/System.out(  691): 15
01-13 19:31:37.538 I/wpa_supplicant(  717): CTRL-EVENT-STATE-CHANGE id=-1 state=1 BSSID=00:00:00:00:00:00
01-13 19:31:37.538 V/WifiMonitor(  164): Event [CTRL-EVENT-STATE-CHANGE id=-1 state=1 BSSID=00:00:00:00:00:00]
01-13 19:31:37.558 V/WifiStateTracker(  164): Changing supplicant state: SCANNING ==> INACTIVE
01-13 19:31:37.558 I/wpa_supplicant(  717): CTRL-EVENT-STATE-CHANGE id=-1 state=2 BSSID=00:00:00:00:00:00
01-13 19:31:37.558 V/WifiMonitor(  164): Event [CTRL-EVENT-STATE-CHANGE id=-1 state=2 BSSID=00:00:00:00:00:00]
01-13 19:31:37.558 V/WifiStateTracker(  164): Changing supplicant state: INACTIVE ==> SCANNING
01-13 19:31:38.118 I/System.out(  691): 15
01-13 19:31:38.138 I/wpa_supplicant(  717): CTRL-EVENT-STATE-CHANGE id=-1 state=1 BSSID=00:00:00:00:00:00
01-13 19:31:38.138 V/WifiMonitor(  164): Event [CTRL-EVENT-STATE-CHANGE id=-1 state=1 BSSID=00:00:00:00:00:00]
01-13 19:31:38.158 V/WifiStateTracker(  164): Changing supplicant state: SCANNING ==> INACTIVE
01-13 19:31:38.158 I/wpa_supplicant(  717): CTRL-EVENT-STATE-CHANGE id=-1 state=2 BSSID=00:00:00:00:00:00
01-13 19:31:38.158 V/WifiMonitor(  164): Event [CTRL-EVENT-STATE-CHANGE id=-1 state=2 BSSID=00:00:00:00:00:00]
01-13 19:31:38.168 V/WifiStateTracker(  164): Changing supplicant state: INACTIVE ==> SCANNING
01-13 19:31:38.749 I/wpa_supplicant(  717): CTRL-EVENT-STATE-CHANGE id=-1 state=1 BSSID=00:00:00:00:00:00
01-13 19:31:38.749 V/WifiMonitor(  164): Event [CTRL-EVENT-STATE-CHANGE id=-1 state=1 BSSID=00:00:00:00:00:00]
01-13 19:31:38.769 V/WifiStateTracker(  164): Changing supplicant state: SCANNING ==> INACTIVE
01-13 19:31:38.779 I/wpa_supplicant(  717): CTRL-EVENT-STATE-CHANGE id=-1 state=2 BSSID=00:00:00:00:00:00
01-13 19:31:38.779 V/WifiMonitor(  164): Event [CTRL-EVENT-STATE-CHANGE id=-1 state=2 BSSID=00:00:00:00:00:00]
01-13 19:31:38.779 V/WifiStateTracker(  164): Changing supplicant state: INACTIVE ==> SCANNING
01-13 19:31:39.119 I/System.out(  691): 15
01-13 19:31:39.369 I/wpa_supplicant(  717): CTRL-EVENT-STATE-CHANGE id=-1 state=1 BSSID=00:00:00:00:00:00
01-13 19:31:39.369 V/WifiMonitor(  164): Event [CTRL-EVENT-STATE-CHANGE id=-1 state=1 BSSID=00:00:00:00:00:00]
01-13 19:31:39.389 V/WifiStateTracker(  164): Changing supplicant state: SCANNING ==> INACTIVE
01-13 19:31:39.399 I/wpa_supplicant(  717): CTRL-EVENT-STATE-CHANGE id=-1 state=2 BSSID=00:00:00:00:00:00
01-13 19:31:39.399 V/WifiMonitor(  164): Event [CTRL-EVENT-STATE-CHANGE id=-1 state=2 BSSID=00:00:00:00:00:00]
01-13 19:31:39.399 V/WifiStateTracker(  164): Changing supplicant state: INACTIVE ==> SCANNING
01-13 19:31:39.980 I/wpa_supplicant(  717): CTRL-EVENT-STATE-CHANGE id=-1 state=1 BSSID=00:00:00:00:00:00
01-13 19:31:39.980 V/WifiMonitor(  164): Event [CTRL-EVENT-STATE-CHANGE id=-1 state=1 BSSID=00:00:00:00:00:00]
01-13 19:31:40.000 V/WifiStateTracker(  164): Changing supplicant state: SCANNING ==> INACTIVE
01-13 19:31:40.010 I/wpa_supplicant(  717): CTRL-EVENT-STATE-CHANGE id=-1 state=2 BSSID=00:00:00:00:00:00
01-13 19:31:40.010 V/WifiMonitor(  164): Event [CTRL-EVENT-STATE-CHANGE id=-1 state=2 BSSID=00:00:00:00:00:00]
01-13 19:31:40.010 V/WifiStateTracker(  164): Changing supplicant state: INACTIVE ==> SCANNING
01-13 19:31:40.120 I/System.out(  691): 16
01-13 19:31:40.591 I/wpa_supplicant(  717): CTRL-EVENT-STATE-CHANGE id=-1 state=1 BSSID=00:00:00:00:00:00
01-13 19:31:40.601 V/WifiMonitor(  164): Event [CTRL-EVENT-STATE-CHANGE id=-1 state=1 BSSID=00:00:00:00:00:00]
01-13 19:31:40.611 V/WifiStateTracker(  164): Changing supplicant state: SCANNING ==> INACTIVE
01-13 19:31:40.611 I/wpa_supplicant(  717): CTRL-EVENT-STATE-CHANGE id=-1 state=2 BSSID=00:00:00:00:00:00
01-13 19:31:40.621 V/WifiMonitor(  164): Event [CTRL-EVENT-STATE-CHANGE id=-1 state=2 BSSID=00:00:00:00:00:00]
01-13 19:31:40.621 V/WifiStateTracker(  164): Changing supplicant state: INACTIVE ==> SCANNING
01-13 19:31:41.121 I/System.out(  691): 16
01-13 19:31:41.201 I/wpa_supplicant(  717): CTRL-EVENT-STATE-CHANGE id=-1 state=1 BSSID=00:00:00:00:00:00
01-13 19:31:41.201 V/WifiMonitor(  164): Event [CTRL-EVENT-STATE-CHANGE id=-1 state=1 BSSID=00:00:00:00:00:00]
01-13 19:31:41.221 V/WifiStateTracker(  164): Changing supplicant state: SCANNING ==> INACTIVE
01-13 19:31:41.221 I/wpa_supplicant(  717): CTRL-EVENT-STATE-CHANGE id=-1 state=2 BSSID=00:00:00:00:00:00
01-13 19:31:41.221 V/WifiMonitor(  164): Event [CTRL-EVENT-STATE-CHANGE id=-1 state=2 BSSID=00:00:00:00:00:00]
01-13 19:31:41.221 V/WifiStateTracker(  164): Changing supplicant state: INACTIVE ==> SCANNING
01-13 19:31:41.802 I/wpa_supplicant(  717): CTRL-EVENT-STATE-CHANGE id=-1 state=1 BSSID=00:00:00:00:00:00
01-13 19:31:41.802 V/WifiMonitor(  164): Event [CTRL-EVENT-STATE-CHANGE id=-1 state=1 BSSID=00:00:00:00:00:00]
01-13 19:31:41.822 V/WifiStateTracker(  164): Changing supplicant state: SCANNING ==> INACTIVE
01-13 19:31:41.822 I/wpa_supplicant(  717): CTRL-EVENT-STATE-CHANGE id=-1 state=2 BSSID=00:00:00:00:00:00
01-13 19:31:41.822 V/WifiMonitor(  164): Event [CTRL-EVENT-STATE-CHANGE id=-1 state=2 BSSID=00:00:00:00:00:00]
01-13 19:31:41.822 V/WifiStateTracker(  164): Changing supplicant state: INACTIVE ==> SCANNING
01-13 19:31:42.122 I/System.out(  691): 16
