01-28 13:14:07.268 D/UsbnetService( 1592):  --> pluggedType = 2, mPluggedType = 0, mScreenOff = false
01-28 13:14:07.268 D/UsbnetService( 1592): BroadcastReceiver::onReceive-
01-28 13:14:07.278 D/RemoveMe( 1690): DCT got intent android.intent.action.BATTERY_CHANGED
01-28 13:14:07.278 D/lights  ( 1592): [LedInfo] write attr ok name=/sys/class/leds/amber/brightness string=1,len=1
01-28 13:14:07.278 D/RemoveMe( 1690): DCT got intent android.intent.action.BATTERY_CHANGED
01-28 13:14:07.278 D/lights  ( 1592): [LedInfo] write attr ok name=/sys/class/leds/amber/blink string=0,len=1
01-28 13:14:07.278 D/WifiService( 1592): ACTION_BATTERY_CHANGED pluggedType: 2
01-28 13:14:07.278 D/NotificationService( 1592): mIntentReceiver() Intent.ACTION_BATTERY_CHANGED
01-28 13:14:07.278 V/NotificationService( 1592): Charging...
01-28 13:14:07.278 D/PowerUI ( 1668): closing low battery warning: level=97
01-28 13:14:07.278 D/PowerUI ( 1668): plugged = true, health = 2, mBatteryLevel = 97, mPluggedBatteryLevel = 97, mLowBatteryWarningLevel2 = 25, mshowLowChargingWarning2 = true
01-28 13:14:07.288 D/RemoveMe( 1690): DCT got intent android.intent.action.BATTERY_CHANGED
01-28 13:14:07.288 D/lights  ( 1592): [LedInfo] write attr ok name=/sys/class/leds/amber/off_timer string=0 0,len=3
01-28 13:14:07.288 D/BatteryService( 1592): SendIntentforPowersaver
01-28 13:14:07.288 D/BatteryService( 1592): Current powersaver status == NORMAL_STATUS1 3 2 false
01-28 13:14:07.288 D/lights  ( 1592): [LedInfo] write attr ok name=/sys/class/leds/green/brightness string=0,len=1
01-28 13:14:07.288 I/System.out( 2875): timeDifference: 270
01-28 13:14:07.288 W/PowerUI ( 1668): unknown intent: Intent { act=android.intent.action.ACTION_POWER_CONNECTED flg=0x10000010 }
01-28 13:14:07.298 D/lights  ( 1592): [LedInfo] write attr ok name=/sys/class/leds/green/blink string=0,len=1
01-28 13:14:07.298 D/lights  ( 1592): [LedInfo] write attr ok name=/sys/class/leds/green/off_timer string=0 0,len=3
01-28 13:14:07.298 D/BatteryService( 1592): duration: 827307 discharge: 3
01-28 13:14:07.398 D/UsbnetService( 1592): BroadcastReceiver::onReceive+
01-28 13:14:07.398 D/UsbnetService( 1592): onReceive BATTERY_CHANGED
01-28 13:14:07.398 D/UsbnetService( 1592):  --> pluggedType = 2, mPluggedType = 0, mScreenOff = false
01-28 13:14:07.398 D/UsbnetService( 1592): BroadcastReceiver::onReceive-
01-28 13:14:07.398 D/lights  ( 1592): [LedInfo] write attr ok name=/sys/class/leds/amber/brightness string=1,len=1
01-28 13:14:07.398 D/RemoveMe( 1690): DCT got intent android.intent.action.BATTERY_CHANGED
01-28 13:14:07.398 D/WifiService( 1592): ACTION_BATTERY_CHANGED pluggedType: 2
01-28 13:14:07.398 D/NotificationService( 1592): mIntentReceiver() Intent.ACTION_BATTERY_CHANGED
01-28 13:14:07.398 V/NotificationService( 1592): Charging...
01-28 13:14:07.398 D/PowerUI ( 1668): closing low battery warning: level=97
01-28 13:14:07.398 D/PowerUI ( 1668): plugged = true, health = 2, mBatteryLevel = 97, mPluggedBatteryLevel = 97, mLowBatteryWarningLevel2 = 25, mshowLowChargingWarning2 = true
01-28 13:14:07.408 D/lights  ( 1592): [LedInfo] write attr ok name=/sys/class/leds/amber/blink string=0,len=1
01-28 13:14:07.408 D/RemoveMe( 1690): DCT got intent android.intent.action.BATTERY_CHANGED
01-28 13:14:07.408 D/RemoveMe( 1690): DCT got intent android.intent.action.BATTERY_CHANGED
01-28 13:14:07.408 D/lights  ( 1592): [LedInfo] write attr ok name=/sys/class/leds/amber/off_timer string=0 0,len=3
01-28 13:14:07.408 D/BatteryService( 1592): SendIntentforPowersaver
01-28 13:14:07.408 D/BatteryService( 1592): Current powersaver status == NORMAL_STATUS1 2 2 false
01-28 13:14:07.408 D/lights  ( 1592): [LedInfo] write attr ok name=/sys/class/leds/green/brightness string=0,len=1
01-28 13:14:07.408 I/System.out( 2875): timeDifference: 270
01-28 13:14:07.408 D/lights  ( 1592): [LedInfo] write attr ok name=/sys/class/leds/green/blink string=0,len=1
01-28 13:14:07.418 D/lights  ( 1592): [LedInfo] write attr ok name=/sys/class/leds/green/off_timer string=0 0,len=3
01-28 13:14:07.458 W/Vold    ( 1437): Ignoring unknown switch 'usb_mass_storage'
01-28 13:14:08.279 W/Vold    ( 1437): Ignoring unknown switch 'usb_connected'
01-28 13:14:08.279 D/UsbService( 1592): [USBNET] USB UEVENT: {SUBSYSTEM=switch, SWITCH_STATE=1, DEVPATH=/devices/virtual/switch/usb_connected, SEQNUM=1449, ACTION=change, SWITCH_NAME=usb_connected}
01-28 13:14:08.279 D/UsbService( 1592): [USBNET] handleMessage: 0; mConnected=1(0),mConfiguration=0(0)
01-28 13:14:08.299 D/NetdConnector( 1592): listenToSocket read--: (108,0)
01-28 13:14:08.299 D/NetdConnector( 1592): RCV <- {110 lo}
01-28 13:14:08.299 D/NetdConnector( 1592): doCommand++ (Wait Response)
01-28 13:14:08.309 D/NetdConnector( 1592): RSP <- {110 lo}
01-28 13:14:08.309 D/NetdConnector( 1592): miNoRespCnt=0
01-28 13:14:08.309 D/NetdConnector( 1592): RCV <- {110 dummy0}
01-28 13:14:08.329 D/NetdConnector( 1592): RSP <- {110 dummy0}
01-28 13:14:08.329 D/NetdConnector( 1592): miNoRespCnt=0
01-28 13:14:08.329 D/UsbReceiver( 2990): [MTP][UsbReceiver][onReceive]+
01-28 13:14:08.339 D/NetdConnector( 1592): RCV <- {110 ifb0}
01-28 13:14:08.339 D/NetdConnector( 1592): RSP <- {110 ifb0}
01-28 13:14:08.339 D/NetdConnector( 1592): miNoRespCnt=0
01-28 13:14:08.339 D/NetdConnector( 1592): RCV <- {110 ifb1}
01-28 13:14:08.339 D/NetdConnector( 1592): RSP <- {110 ifb1}
01-28 13:14:08.339 D/NetdConnector( 1592): miNoRespCnt=0
01-28 13:14:08.339 D/NetdConnector( 1592): RCV <- {110 rmnet0}
01-28 13:14:08.339 D/NetdConnector( 1592): RCV <- {110 rmnet1}
01-28 13:14:08.339 D/NetdConnector( 1592): RSP <- {110 rmnet0}
01-28 13:14:08.339 D/NetdConnector( 1592): miNoRespCnt=0
01-28 13:14:08.339 D/Vold    ( 1437): USB connected
01-28 13:14:08.339 D/Vold    ( 1437): Share method ums now available
01-28 13:14:08.339 D/VoldConnector( 1592): listenToSocket read--: (35,0)
01-28 13:14:08.339 D/VoldConnector( 1592): RCV <- {620 Share method ums now available}
01-28 13:14:08.349 D/UsbService( 1592): [USBNET] USB UEVENT: {SUBSYSTEM=switch, SWITCH_STATE=1, DEVPATH=/devices/virtual/switch/usb_configuration, SEQNUM=1450, ACTION=change, SWITCH_NAME=usb_configuration}
01-28 13:14:08.349 D/UsbService( 1592): [USBNET] handleMessage: 0; mConnected=1(1),mConfiguration=1(0)
01-28 13:14:08.349 D/NetdConnector( 1592): RSP <- {110 rmnet1}
01-28 13:14:08.349 D/NetdConnector( 1592): miNoRespCnt=0
01-28 13:14:08.349 D/NetdConnector( 1592): RCV <- {110 rmnet2}
01-28 13:14:08.349 D/NetdConnector( 1592): RSP <- {110 rmnet2}
01-28 13:14:08.359 D/NetdConnector( 1592): miNoRespCnt=0
01-28 13:14:08.359 D/NetdConnector( 1592): RCV <- {110 usb0}
01-28 13:14:08.359 D/NetdConnector( 1592): RSP <- {110 usb0}
01-28 13:14:08.359 D/NetdConnector( 1592): miNoRespCnt=0
01-28 13:14:08.359 D/NetdConnector( 1592): RCV <- {110 sit0}
01-28 13:14:08.359 D/NetdConnector( 1592): RSP <- {110 sit0}
01-28 13:14:08.359 D/NetdConnector( 1592): miNoRespCnt=0
01-28 13:14:08.359 D/NetdConnector( 1592): RCV <- {110 ip6tnl0}
01-28 13:14:08.359 D/NetdConnector( 1592): RSP <- {110 ip6tnl0}
01-28 13:14:08.359 D/NetdConnector( 1592): miNoRespCnt=0
01-28 13:14:08.359 D/NetdConnector( 1592): RCV <- {110 eth0}
01-28 13:14:08.359 D/NetdConnector( 1592): RSP <- {110 eth0}
01-28 13:14:08.359 D/NetdConnector( 1592): miNoRespCnt=0
01-28 13:14:08.359 D/NetdConnector( 1592): listenToSocket read++
01-28 13:14:08.359 D/NetdConnector( 1592): listenToSocket read--: (29,0)
01-28 13:14:08.359 D/NetdConnector( 1592): RCV <- {200 Interface list completed}
01-28 13:14:08.359 D/NetdConnector( 1592): RSP <- {200 Interface list completed}
01-28 13:14:08.359 D/NetdConnector( 1592): miNoRespCnt=0
01-28 13:14:08.359 D/NetdConnector( 1592): doCommand-- (complete)
01-28 13:14:08.359 D/NetdConnector( 1592): List terminated with {200 Interface list completed}
01-28 13:14:08.359 D/NetdConnector( 1592): listenToSocket read++
01-28 13:14:08.369 D/UsbConnectedReceiver( 2565): action = android.hardware.usb.action.USB_STATE
01-28 13:14:08.369 D/PSCommon( 2565): Content in /sys/class/switch/dock/status = offline
01-28 13:14:08.369 D/UsbConnectedReceiver( 2565): USB Connected.
01-28 13:14:08.389 D/VoldConnector( 1592): listenToSocket read++
01-28 13:14:08.389 D/WifiStateMachine( 1592): wifi hotspotSSID=HTC Portable Hotspot, hiddenSSID=false, secureType=wpa2-psk, enableMacFilter=0, maxConns=5, channel=0
01-28 13:14:08.389 D/WifiStateMachine( 1592): wifi hotspotdhcpEnable=1, maxDhcpClients=5, ipAddress=192.168.1.1, dhcpSubnetMask=255.255.255.0, startingIP=192.168.1.10, dhsIPAddr1=null, dnsIPAddr2=null, sleepPolicy=1
01-28 13:14:08.389 D/Tethering( 1592): sendTetherStateChangedBroadcast 1, 0, 0
01-28 13:14:08.389 D/Tethering( 1592): interfaceAdded :usb0
01-28 13:14:08.389 D/WifiStateMachine( 1592): getWifiApConfiguration:mconfig.SSID=HTC Portable Hotspot
01-28 13:14:08.389 D/NetdConnector( 1592): listenToSocket read--: (137,0)
01-28 13:14:08.389 D/NetdConnector( 1592): RCV <- {110 lo}
01-28 13:14:08.389 D/NetdConnector( 1592): RCV <- {110 dummy0}
01-28 13:14:08.389 D/NetdConnector( 1592): RCV <- {110 ifb0}
01-28 13:14:08.389 D/NetdConnector( 1592): RCV <- {110 ifb1}
01-28 13:14:08.389 D/NetdConnector( 1592): RCV <- {110 rmnet0}
01-28 13:14:08.389 D/NetdConnector( 1592): doCommand++ (Wait Response)
01-28 13:14:08.389 D/NetdConnector( 1592): RCV <- {110 rmnet1}
01-28 13:14:08.389 D/NetdConnector( 1592): RSP <- {110 lo}
01-28 13:14:08.399 D/PSCommon( 2565): -isMFGBuild() = false
01-28 13:14:08.399 D/UsbReceiver( 2990): [MTP][UsbReceiver][onReceive]+
01-28 13:14:08.399 D/NetdConnector( 1592): miNoRespCnt=0
01-28 13:14:08.399 D/NetdConnector( 1592): RSP <- {110 dummy0}
01-28 13:14:08.399 D/NetdConnector( 1592): miNoRespCnt=0
01-28 13:14:08.399 D/NetdConnector( 1592): RSP <- {110 ifb0}
01-28 13:14:08.399 D/NetdConnector( 1592): miNoRespCnt=0
01-28 13:14:08.399 D/NetdConnector( 1592): RCV <- {110 rmnet2}
01-28 13:14:08.399 D/NetdConnector( 1592): RCV <- {110 usb0}
01-28 13:14:08.399 D/NetdConnector( 1592): RSP <- {110 ifb1}
01-28 13:14:08.399 D/NetdConnector( 1592): miNoRespCnt=0
01-28 13:14:08.399 D/NetdConnector( 1592): RCV <- {110 sit0}
01-28 13:14:08.399 D/NetdConnector( 1592): RSP <- {110 rmnet0}
01-28 13:14:08.399 D/NetdConnector( 1592): miNoRespCnt=0
01-28 13:14:08.399 D/NetdConnector( 1592): RSP <- {110 rmnet1}
01-28 13:14:08.399 D/NetdConnector( 1592): RCV <- {110 ip6tnl0}
01-28 13:14:08.409 D/PSCommon( 2565): -isMFGBuild() = false
01-28 13:14:08.409 D/UsbConnectedReceiver( 2565): -enableChargeOnly()
01-28 13:14:08.409 D/PSCommon( 2565): Content in /sys/devices/platform/msm_hsusb/usb_cable_connect = 1
01-28 13:14:08.409 D/UsbConnectedReceiver( 2565): action = android.hardware.usb.action.USB_STATE
01-28 13:14:08.409 D/NetdConnector( 1592): miNoRespCnt=0
01-28 13:14:08.409 D/NetdConnector( 1592): RSP <- {110 rmnet2}
01-28 13:14:08.409 D/NetdConnector( 1592): RCV <- {110 eth0}
01-28 13:14:08.409 D/NetdConnector( 1592): miNoRespCnt=0
01-28 13:14:08.409 D/NetdConnector( 1592): RSP <- {110 usb0}
01-28 13:14:08.419 D/NetdConnector( 1592): miNoRespCnt=0
01-28 13:14:08.419 D/NetdConnector( 1592): RSP <- {110 sit0}
01-28 13:14:08.419 D/NetdConnector( 1592): RCV <- {200 Interface list completed}
01-28 13:14:08.419 D/NetdConnector( 1592): miNoRespCnt=0
01-28 13:14:08.419 D/NetdConnector( 1592): RSP <- {110 ip6tnl0}
01-28 13:14:08.419 D/NetdConnector( 1592): miNoRespCnt=0
01-28 13:14:08.419 D/NetdConnector( 1592): RSP <- {110 eth0}
01-28 13:14:08.419 D/NetdConnector( 1592): listenToSocket read++
01-28 13:14:08.419 D/NetdConnector( 1592): miNoRespCnt=0
01-28 13:14:08.419 D/NetdConnector( 1592): RSP <- {200 Interface list completed}
01-28 13:14:08.419 D/NetdConnector( 1592): miNoRespCnt=0
01-28 13:14:08.419 D/NetdConnector( 1592): doCommand-- (complete)
01-28 13:14:08.419 D/NetdConnector( 1592): List terminated with {200 Interface list completed}
01-28 13:14:08.459 I/StorageNotification( 1668): UMS connection changed to true (media state mounted)
01-28 13:14:08.469 D/ActivityManager( 1592): isSketcherDisabledInCurrentTask():false, ActivityRecord{40a63af8 uk.ac.st_andrews.cs.host.mk74.inlocy/.MainActivity}
01-28 13:14:08.479 I/NetSharing_NSReceiver( 3003): customizedNS:true
01-28 13:14:08.479 D/NetSharing_NSReceiver( 3003): onReceive : com.htc.usb.change
01-28 13:14:08.479 D/NetSharing_NSReceiver( 3003): USB = true hasTethered = false
01-28 13:14:08.489 D/SurfaceFlinger( 1441): getTokenForSurface(0xa812c) => 1 (client=0xa3dc0, bitmap=00000003), pid=1668
01-28 13:14:08.489 D/msm7x30.gralloc( 1441): gpu_context_t::getGrallocInformationFromFormat  1 
01-28 13:14:08.529 D/PSReceiver( 3003): onReceive : com.htc.usb.change
01-28 13:14:08.539 D/PSReceiver( 3003): USB Plugged, Set USBPlugged=  true
01-28 13:14:08.539 D/PSCommon( 2565): Content in /sys/class/switch/dock/status = offline
01-28 13:14:08.539 D/UsbConnectedReceiver( 2565): Connect_To_PC is Launched, return
01-28 13:14:08.559 I/NetSharing_NSReceiver( 3003): customizedNS:true
01-28 13:14:08.559 D/NetSharing_NSReceiver( 3003): onReceive : android.net.conn.TETHER_STATE_CHANGED
01-28 13:14:08.559 D/NetSharing_NSReceiver( 3003): Tethered state change:false
01-28 13:14:08.609 D/dalvikvm( 3003): GC_CONCURRENT freed 450K, 8% free 6952K/7495K, paused 1ms+3ms
01-28 13:14:08.799 D/msm7x30.gralloc( 1441): gpu_context_t::getGrallocInformationFromFormat  1 
01-28 13:14:09.780 I/System.out( 2875): Location: no CS school | WiFiNavigator running:false
01-28 13:14:09.780 I/System.out( 2875): Battery level: 97 | Time difference: 270
01-28 13:14:12.783 I/System.out( 2875): Location: no CS school | WiFiNavigator running:false
01-28 13:14:12.783 I/System.out( 2875): Battery level: 97 | Time difference: 270
01-28 13:14:13.654 D/dalvikvm( 2565): GC_EXPLICIT freed 201K, 10% free 6825K/7559K, paused 5ms+1ms
01-28 13:14:15.786 I/System.out( 2875): Location: no CS school | WiFiNavigator running:false
01-28 13:14:15.786 I/System.out( 2875): Battery level: 97 | Time difference: 270
01-28 13:14:18.619 D/dalvikvm( 2990): GC_EXPLICIT freed 62K, 5% free 7297K/7623K, paused 1ms+1ms
01-28 13:14:18.779 I/System.out( 2875): Location: no CS school | WiFiNavigator running:false
01-28 13:14:18.779 I/System.out( 2875): Battery level: 97 | Time difference: 270
01-28 13:14:18.829 D/SurfaceFlinger( 1441): virtual void android::Layer::onRemoved(): lcblk (identity=34, status=0, token=1)
01-28 13:14:21.782 I/System.out( 2875): Location: no CS school | WiFiNavigator running:false
01-28 13:14:21.782 I/System.out( 2875): Battery level: 97 | Time difference: 270
01-28 13:14:23.674 D/dalvikvm( 3003): GC_EXPLICIT freed 306K, 11% free 6678K/7495K, paused 10ms+1ms
01-28 13:14:24.785 I/System.out( 2875): Location: no CS school | WiFiNavigator running:false
01-28 13:14:24.785 I/System.out( 2875): Battery level: 97 | Time difference: 270
01-28 13:14:27.798 I/System.out( 2875): Location: no CS school | WiFiNavigator running:false
01-28 13:14:27.798 I/System.out( 2875): Battery level: 97 | Time difference: 270
01-28 13:14:28.699 D/dalvikvm( 2506): GC_EXPLICIT freed 44K, 5% free 7670K/8071K, paused 11ms+1ms
01-28 13:14:30.791 I/System.out( 2875): Location: no CS school | WiFiNavigator running:false
01-28 13:14:30.791 I/System.out( 2875): Battery level: 97 | Time difference: 270
