--------- beginning of /dev/log/main
01-28 12:59:48.560 D/dalvikvm( 1837): GC_EXPLICIT freed 549K, 40% free 7964K/13063K, paused 6ms+2ms
01-28 12:59:53.585 D/dalvikvm( 2584): GC_EXPLICIT freed 315K, 6% free 6749K/7175K, paused 5ms+9ms
01-28 13:00:00.482 D/AndroidRuntime( 2776): 
01-28 13:00:00.482 D/AndroidRuntime( 2776): >>>>>> AndroidRuntime START com.android.internal.os.RuntimeInit <<<<<<
01-28 13:00:00.482 D/AndroidRuntime( 2776): CheckJNI is OFF
01-28 13:00:00.662 D/CursorWindowStats( 2776): Get CursorWindow size from framework resource:4194304
01-28 13:00:00.772 D/AndroidRuntime( 2776): Calling main entry com.android.commands.pm.Pm
--------- beginning of /dev/log/system
01-28 13:00:00.822 I/ActivityManager( 1592): Start proc com.android.defcontainer for service com.android.defcontainer/.DefaultContainerService: pid=2784 uid=10087 gids={1015, 2001}
01-28 13:00:00.912 D/dalvikvm( 2784): GC_EXPLICIT freed 40K, 5% free 6458K/6787K, paused 1ms+1ms
01-28 13:00:01.202 W/ActivityManager( 1592): No content provider found for: 
01-28 13:00:01.212 W/ActivityManager( 1592): No content provider found for: 
01-28 13:00:01.212 I/ActivityManager( 1592): No longer want com.htc.sdm (pid 2181): hidden #16
01-28 13:00:01.222 D/PackageParser( 1592): Scanning package: /data/app/vmdl1481353154.tmp
01-28 13:00:01.232 I/dalvikvm( 1592): Jit: resizing JitTable from 8192 to 16384
01-28 13:00:01.302 I/PackageManager( 1592): Removing non-system package:uk.ac.st_andrews.cs.host.mk74.inlocy
01-28 13:00:01.302 I/ActivityManager( 1592): Force stopping package uk.ac.st_andrews.cs.host.mk74.inlocy uid=10113
01-28 13:00:01.603 D/PackageManager( 1592): Scanning package uk.ac.st_andrews.cs.host.mk74.inlocy
01-28 13:00:01.603 I/PackageManager( 1592): Package uk.ac.st_andrews.cs.host.mk74.inlocy codePath changed from /data/app/uk.ac.st_andrews.cs.host.mk74.inlocy-1.apk to /data/app/uk.ac.st_andrews.cs.host.mk74.inlocy-2.apk; Retaining data and using new
01-28 13:00:01.603 I/PackageManager( 1592): Unpacking native libraries for /data/app/uk.ac.st_andrews.cs.host.mk74.inlocy-2.apk
01-28 13:00:01.863 D/dalvikvm( 2792): DexOpt: load 39ms, verify+opt 157ms
01-28 13:00:02.073 I/ActivityManager( 1592): Force stopping package uk.ac.st_andrews.cs.host.mk74.inlocy uid=10113
01-28 13:00:02.073 W/PackageManager( 1592): Code path for pkg : uk.ac.st_andrews.cs.host.mk74.inlocy changing from /data/app/uk.ac.st_andrews.cs.host.mk74.inlocy-1.apk to /data/app/uk.ac.st_andrews.cs.host.mk74.inlocy-2.apk
01-28 13:00:02.073 D/PackageManager( 1592):   Activities: uk.ac.st_andrews.cs.host.mk74.inlocy.MainActivity
01-28 13:00:02.073 W/PackageManager( 1592): Resource path for pkg : uk.ac.st_andrews.cs.host.mk74.inlocy changing from /data/app/uk.ac.st_andrews.cs.host.mk74.inlocy-1.apk to /data/app/uk.ac.st_andrews.cs.host.mk74.inlocy-2.apk
01-28 13:00:02.233 D/PackageManager( 1592): [embedded] New package installed in /data/app/uk.ac.st_andrews.cs.host.mk74.inlocy-2.apk
01-28 13:00:02.424 I/ActivityManager( 1592): Force stopping package uk.ac.st_andrews.cs.host.mk74.inlocy uid=10113
01-28 13:00:02.484 I/power   ( 1592): *** set_screen_state 0
01-28 13:00:02.484 D/PowerManagerService( 1592): setScreenStateLocked++, on: false, err: 0
01-28 13:00:02.484 D/PowerManagerService( 1592): setScreenStateLocked, turn off the button light 
01-28 13:00:02.484 D/lights  ( 1592): set_light_buttons_func: on=0 brightness=0
01-28 13:00:02.484 D/dalvikvm( 1706): GC_EXPLICIT freed 95K, 20% free 11239K/13895K, paused 2ms+4ms
01-28 13:00:02.484 D/lights  ( 1592): set_rotated_rgb_led: on=0 brightness=0
01-28 13:00:02.484 D/lights  ( 1592): [LedInfo] write attr ok name=/sys/class/leds/amber-portrait/brightness string=0,len=1
01-28 13:00:02.484 D/lights  ( 1592): set_rotated_rgb_led: on=0 brightness=0
01-28 13:00:02.484 D/lights  ( 1592): [LedInfo] write attr ok name=/sys/class/leds/green-portrait/brightness string=0,len=1
01-28 13:00:02.484 D/lights  ( 1592): set_rotated_rgb_led: on=0 brightness=0
01-28 13:00:02.484 E/lights  ( 1592): [LedErr] open attr failed name=/sys/class/leds/blue-portrait/brightness errno: 2
01-28 13:00:02.484 V/KeyguardViewMediator( 1592): password timeout now
01-28 13:00:02.494 D/Sensors ( 1592): Enable akm: en = 0
01-28 13:00:02.494 D/HtcLockScreen( 1592): createPatternUnlockScreen() ...
01-28 13:00:02.494 D/HtcLockScreen( 1592): packageInfo - PackageInfo{41174078 com.htc.lockscreen}
01-28 13:00:02.534 D/dalvikvm( 1691): GC_EXPLICIT freed 632K, 9% free 7780K/8519K, paused 2ms+2ms
01-28 13:00:02.584 D/dalvikvm( 1592): GC_FOR_ALLOC freed 1123K, 12% free 16348K/18375K, paused 51ms
01-28 13:00:02.654 D/dalvikvm( 1592): GC_FOR_ALLOC freed 188K, 12% free 16430K/18503K, paused 47ms
01-28 13:00:02.684 D/PhoneApp( 1690): -- PackageChangeBroadcastReceiver  action = android.intent.action.PACKAGE_REMOVED
01-28 13:00:02.684 I/ActivityManager( 1592): Start proc com.android.smith for broadcast com.android.smith/.PackageReceiver: pid=2793 uid=10009 gids={1007, 1015}
01-28 13:00:02.694 D/HostWidgetManager( 1706): pauseWidgets: 2
01-28 13:00:02.694 D/AK8975  ( 1451): Compass CLOSE 
01-28 13:00:02.694 D/Launcher.Model( 1706): onReceive intent=Intent { act=android.intent.action.PACKAGE_REMOVED dat=package:uk.ac.st_andrews.cs.host.mk74.inlocy flg=0x10000010 (has extras) }
01-28 13:00:02.744 D/SurfaceFlinger( 1441): About to give-up screen, flinger = 0xa830
01-28 13:00:02.744 W/msm7x30.hwcomposer( 1441): hwc_set invalid context or list
01-28 13:00:02.744 D/msm7x30.hwcomposer( 1441): HWC called FB enableHDMIOutput(0)
01-28 13:00:02.764 I/TabletStatusBar( 1668): DISABLE_CLOCK: yes
01-28 13:00:02.774 I/TabletStatusBar( 1668): DISABLE_EXPAND: yes
01-28 13:00:02.774 I/TabletStatusBar( 1668): DISABLE_NAVIGATION: yes
01-28 13:00:02.854 D/PackageManager( 1592): generateServicesMap(android.accounts.AccountAuthenticator): 13 services unchanged
01-28 13:00:02.854 D/SurfaceFlinger( 1441): getTokenForSurface(0xb0a8c) => 0 (client=0xa26f0, bitmap=00000003), pid=1592
01-28 13:00:02.854 D/msm7x30.gralloc( 1441): gpu_context_t::getGrallocInformationFromFormat  1 
01-28 13:00:02.854 I/TabletStatusBar( 1668): DISABLE_BACK: yes
01-28 13:00:02.894 I/SM:lib  ( 2793): JNI_OnLoad(): library version = 5
01-28 13:00:02.894 I/SM:lib  ( 2793): JNI_OnLoad(): result = 0x10004
01-28 13:00:02.894 D/SM:HtcNative( 2793): system lib, 4.0.honeycomb.HTK75C-flyer-l5-s16
01-28 13:00:02.894 D/SM:PackageReceiver( 2793): package removed: package:uk.ac.st_andrews.cs.host.mk74.inlocy
01-28 13:00:02.904 D/WidgetScanner( 1706): onReceive: Intent { act=android.intent.action.PACKAGE_REMOVED dat=package:uk.ac.st_andrews.cs.host.mk74.inlocy flg=0x10000010 cmp=com.htc.launcher/.widget.WidgetScannerTrigger (has extras) }
01-28 13:00:02.904 I/ActivityManager( 1592): No longer want com.htc.musicenhancer (pid 2447): hidden #16
01-28 13:00:02.904 I/ActivityManager( 1592): Start proc com.htc.launcher.widgetscanner for service com.htc.launcher/.widget.WidgetScannerService: pid=2804 uid=9999 gids={3003, 3002, 3001, 2001, 1015}
01-28 13:00:02.934 I/ActivityManager( 1592): Start proc com.htc.opensense for broadcast com.htc.opensense/.pluginmanager.RegisterReceiver: pid=2805 uid=10013 gids={2001, 3003, 1006, 1015}
01-28 13:00:03.004 D/dalvikvm( 1708): GC_EXPLICIT freed 10K, 8% free 7049K/7623K, paused 1ms+62ms
01-28 13:00:03.064 D/PackageManager( 1592): generateServicesMap(android.content.SyncAdapter): 21 services unchanged
01-28 13:00:03.074 D/dalvikvm( 1708): GC_EXPLICIT freed 2K, 8% free 7048K/7623K, paused 2ms+1ms
01-28 13:00:03.164 D/PhoneWindow( 1706): couldn't save which view has focus because the focused view android.widget.RelativeLayout@407c1288 has no id.
01-28 13:00:03.194 I/ActivityManager( 1592): Start proc com.htc.cs for broadcast com.htc.cs/.plugin.PluginRegisterReceiver: pid=2818 uid=10041 gids={3003, 1015}
01-28 13:00:03.254 D/dalvikvm( 1442): GC_EXPLICIT freed 12K, 5% free 6453K/6787K, paused 1ms+1ms
01-28 13:00:03.314 D/dalvikvm( 1442): GC_EXPLICIT freed <1K, 5% free 6453K/6787K, paused 1ms+10ms
01-28 13:00:03.354 D/dalvikvm( 1442): GC_EXPLICIT freed <1K, 5% free 6453K/6787K, paused 1ms+1ms
01-28 13:00:03.364 I/RegisterService( 2805): android.intent.action.PACKAGE_REMOVED package:uk.ac.st_andrews.cs.host.mk74.inlocy
01-28 13:00:03.374 D/SurfaceFlinger( 1441): getTokenForSurface(0xacc74) => 0 (client=0xa80f0, bitmap=00000001), pid=1708
01-28 13:00:03.374 D/msm7x30.gralloc( 1441): gpu_context_t::getGrallocInformationFromFormat  1 
01-28 13:00:03.394 D/LauncherApplication( 2804): + LauncherApplication onCreate()
01-28 13:00:03.405 D/IdleScreen_base( 1708): onRingUnlockEnd
01-28 13:00:03.435 D/msm7x30.gralloc( 1441): gpu_context_t::getGrallocInformationFromFormat  1 
01-28 13:00:03.495 D/SqliteDatabaseCpp( 2565): dbopen(): path = /data/data/com.htc.opensense/databases , key = vecawtvq, flag = 6, file size = 23552
01-28 13:00:03.495 D/SqliteDatabaseCpp( 2565): dbopen(): path = /data/data/com.htc.opensense/databases , key = vecawtvq, mode: delete, disk free size: 7851 M, handle: 0x2b77d0
01-28 13:00:03.505 D/Launcher.Model( 1706): onReceive intent=Intent { act=android.intent.action.PACKAGE_ADDED dat=package:uk.ac.st_andrews.cs.host.mk74.inlocy flg=0x10000010 (has extras) }
01-28 13:00:03.505 D/Launcher.Model( 1706): mAllAppsList.updatePackage uk.ac.st_andrews.cs.host.mk74.inlocy
01-28 13:00:03.505 D/PackageManager( 1592): generateServicesMap(android.accounts.AccountAuthenticator): 13 services unchanged
01-28 13:00:03.515 D/PhoneApp( 1690): -- PackageChangeBroadcastReceiver  action = android.intent.action.PACKAGE_ADDED
01-28 13:00:03.545 D/LauncherApplication( 2804): - LauncherApplication onCreate()
01-28 13:00:03.565 D/PackageManager( 1592): generateServicesMap(android.content.SyncAdapter): 21 services unchanged
01-28 13:00:03.595 I/ActivityThread( 2818): Pub com.htc.connectedservice.csprovider: com.htc.cs.provider.ConnectedServiceProvider
01-28 13:00:03.615 I/ActivityThread( 2818): Pub com.htc.cs.dashboard: com.htc.cs.sync.dashboard.DashboardProvider
01-28 13:00:03.635 D/vicky   ( 2818): vicky received: android.intent.action.PACKAGE_REMOVED
01-28 13:00:03.675 I/ActivityManager( 1592): Start proc com.htc.recommend for broadcast com.htc.recommend/.receiver.AppInstalledReceiver: pid=2829 uid=10056 gids={2001, 3003}
01-28 13:00:03.715 I/ActivityManager( 1592): No longer want com.htc.pen (pid 2118): hidden #16
01-28 13:00:03.755 I/ActivityThread( 2829): Pub com.htc.recommend.provider.HTCRecommendCarouselProvider: com.htc.recommend.provider.HTCRecommendCarouselProvider
01-28 13:00:03.765 I/ActivityThread( 2829): Pub com.htc.recommend.provider.HTCRecommendContentProvider: com.htc.recommend.provider.HTCRecommendContentProvider
01-28 13:00:03.775 D/HTC Recommends( 2829): /mnt/sdcard/.LHYGB/CKCL
01-28 13:00:03.775 D/HTC Recommends( 2829): no token file
01-28 13:00:03.775 D/HTC Recommends( 2829): no token file
01-28 13:00:03.775 D/HTC Recommends( 2829): Log settings are 
01-28 13:00:03.775 D/HTC Recommends( 2829): Enable General Log : false
01-28 13:00:03.775 D/HTC Recommends( 2829): Enable Analytic Log : false
01-28 13:00:03.775 D/HTC Recommends( 2829): Enable Normal Log Level (dependent on General Log) : false
01-28 13:00:03.785 D/HTC Recommends( 2829): Enable Critical Log Level (dependent on General Log) : false
01-28 13:00:03.785 D/SqliteDatabaseCpp( 2829): dbopen(): path = /data/data/com.htc.recommend/databases , key = `tgvegkmmejd, flag = 6, file size = 61440
01-28 13:00:03.785 D/SqliteDatabaseCpp( 2829): dbopen(): path = /data/data/com.htc.recommend/databases , key = `tgvegkmmejd, mode: delete, disk free size: 7851 M, handle: 0x15d780
01-28 13:00:03.855 D/CombinedWidgetProvider( 1706): +addAppWidget
01-28 13:00:03.855 D/CombinedWidgetProvider( 1706): addAppWidget: WidgetSummary(YouTube/APP_WIDGET/[I@40968c80 x [I@40968ca0/-1/ComponentInfo{com.google.android.youtube/com.google.android.youtube.app.honeycomb.widget.WidgetProvider}/[I@40968cc0)
01-28 13:00:03.865 D/CombinedWidgetProvider( 1706): addAppWidget: WidgetSummary(Twitter (large)/APP_WIDGET/[I@40968f60 x [I@40968f80/-1/ComponentInfo{com.twitter.android/com.twitter.android.client.WidgetLargeProvider}/[I@40968fa0)
01-28 13:00:03.865 D/CombinedWidgetProvider( 1706): addAppWidget: WidgetSummary(Twitter (small)/APP_WIDGET/[I@40969290 x [I@409692b0/-1/ComponentInfo{com.twitter.android/com.twitter.android.client.WidgetSmallProvider}/[I@409692d0)
01-28 13:00:03.865 D/CombinedWidgetProvider( 1706): addAppWidget: WidgetSummary(Traffic/APP_WIDGET/[I@409695c0 x [I@409695e0/-1/ComponentInfo{com.google.android.apps.maps/com.google.googlenav.appwidget.traffic.TrafficAppWidget}/[I@40969600)
01-28 13:00:03.865 D/CombinedWidgetProvider( 1706): addAppWidget: WidgetSummary(Latitude/APP_WIDGET/[I@409698a0 x [I@409698c0/-1/ComponentInfo{com.google.android.apps.maps/com.google.googlenav.appwidget.friends.FriendsAppWidgetProvider}/[I@409698e0)
01-28 13:00:03.865 D/CombinedWidgetProvider( 1706): addAppWidget: WidgetSummary(Market/APP_WIDGET/[I@40969b80 x [I@40969ba0/-1/ComponentInfo{com.android.vending/com.android.vending.MarketWidgetProvider}/[I@40969bc0)
01-28 13:00:03.865 D/CombinedWidgetProvider( 1706): addAppWidget: WidgetSummary(Google Search/APP_WIDGET/[I@40969e60 x [I@40969e80/-1/ComponentInfo{com.google.android.googlequicksearchbox/com.google.android.googlequicksearchbox.SearchWidgetProvider}/[I@40969ea0)
01-28 13:00:03.865 D/CombinedWidgetProvider( 1706): addAppWidget: WidgetSummary(Gmail/APP_WIDGET/[I@4096a190 x [I@4096a1b0/-1/ComponentInfo{com.google.android.gm/com.google.android.gm.widget.GmailWidgetProvider}/[I@4096a1d0)
01-28 13:00:03.865 D/CombinedWidgetProvider( 1706): addAppWidget: WidgetSummary(Bookmarks/APP_WIDGET/[I@4096a470 x [I@4096a490/-1/ComponentInfo{com.android.browser/com.android.browser.widget.BookmarkThumbnailWidgetProvider}/[I@4096a4b0)
01-28 13:00:03.865 D/CombinedWidgetProvider( 1706): -addAppWidget
01-28 13:00:03.865 D/CombinedWidgetProvider( 1706): +addHtcWidgets, cat: -1
01-28 13:00:03.865 D/CombinedWidgetProvider( 1706):  uri: content://com.htc.launcher.widget.htcwidget/htcwidgets?widget_only=true
01-28 13:00:03.885 D/HtcWidgetProvider( 1706): row 1
01-28 13:00:03.885 D/CombinedWidgetProvider( 1706): addHtcWidget: WidgetSummary(Tips for Home/HTC_WIDGET/[I@4096ba40 x [I@4096ba60/1101/ComponentInfo{com.htc.rosiewidgets.tip/com.htc.rosiewidgets.tip.TipWidgetItem}/[I@4096ba80)
01-28 13:00:03.895 D/CombinedWidgetProvider( 1706): -addHtcWidgets
01-28 13:00:03.895 D/CombinedWidgetProvider( 1706): +addFxWidgets , provider: null
01-28 13:00:03.895 D/FxWidgetProviderInfoCollector( 1706): getAllStyles + [Ljava.lang.String;@406d1dc8 @ 
01-28 13:00:03.925 D/FxWidgetProvider( 1706): row 94
01-28 13:00:04.566 D/Launcher.Model( 1706): updateAppUsageStatCache +
01-28 13:00:04.576 D/Launcher.Model( 1706): updateAppUsageStatCache - diff: 6
01-28 13:00:04.586 D/HostWidgetManager( 1706): onResumeInKeyguard: 2
01-28 13:00:04.596 D/FxWorkspace( 1706): prepareUnlockAnimation
01-28 13:00:04.596 D/FxWorkspaceClient( 1706): showAllScreens()
01-28 13:00:04.596 D/FxWorkspaceClient( 1706): freezeAllScreens
01-28 13:00:04.596 D/UnlockAnimator( 1706): setFrame: unlock_to_03
01-28 13:00:04.596 D/Rotate.Performance( 1706): FxWorkspace.show()
01-28 13:00:04.666 D/HostWidgetManager( 1706): pauseWidgets: 2
01-28 13:00:04.666 D/PhoneWindow( 1706): couldn't save which view has focus because the focused view android.widget.RelativeLayout@407c1288 has no id.
01-28 13:00:04.786 D/dalvikvm( 2804): GC_CONCURRENT freed 173K, 4% free 6767K/7047K, paused 1ms+23ms
01-28 13:00:04.796 D/Launcher.Model( 1706): updateAppUsageStatCache +
01-28 13:00:04.806 D/Launcher.Model( 1706): updateAppUsageStatCache - diff: 6
01-28 13:00:04.816 I/ActivityThread( 2829): Pub com.htc.recommend.provider.HTCRecommendSuggestionProvider: com.htc.recommend.provider.HTCRecommendSuggestionProvider
01-28 13:00:04.826 D/HostWidgetManager( 1706): onResumeInKeyguard: 2
01-28 13:00:04.826 D/FxWorkspace( 1706): prepareUnlockAnimation
01-28 13:00:04.826 D/FxWorkspaceClient( 1706): showAllScreens()
01-28 13:00:04.826 D/FxWorkspaceClient( 1706): freezeAllScreens
01-28 13:00:04.826 D/UnlockAnimator( 1706): setFrame: unlock_to_03
01-28 13:00:04.826 D/Rotate.Performance( 1706): FxWorkspace.show()
01-28 13:00:04.846 D/FxWidgetProvider( 1706): row 1
01-28 13:00:04.846 D/CombinedWidgetProvider( 1706): addFxWidget: WidgetSummary(Watch/FX_WIDGET/[I@408f9d18 x [I@408f9d38/-2/ComponentInfo{com.htc.widget3d.watch/com.htc.widget3d.watch.WatchProvider}/[I@408f9d58)
01-28 13:00:04.846 D/FxWidgetProvider( 1706): row 1
01-28 13:00:04.846 D/CombinedWidgetProvider( 1706): addFxWidget: WidgetSummary(Airplane Mode/FX_WIDGET/[I@408fc0d0 x [I@408fc0f0/-2/ComponentInfo{com.htc.htcsettingwidgets/com.htc.htcsettingwidgets.AirplaneWidget}/[I@408fc110)
01-28 13:00:04.846 D/FxWidgetProvider( 1706): row 1
01-28 13:00:04.856 D/CombinedWidgetProvider( 1706): addFxWidget: WidgetSummary(Bluetooth/FX_WIDGET/[I@408fe5c0 x [I@408fe5e0/-2/ComponentInfo{com.htc.htcsettingwidgets/com.htc.htcsettingwidgets.BTWidget}/[I@408fe600)
01-28 13:00:04.856 D/FxWidgetProvider( 1706): row 1
01-28 13:00:04.856 D/CombinedWidgetProvider( 1706): addFxWidget: WidgetSummary(GPS/FX_WIDGET/[I@40900930 x [I@40900950/-2/ComponentInfo{com.htc.htcsettingwidgets/com.htc.htcsettingwidgets.GPSWidget}/[I@40900970)
01-28 13:00:04.866 D/FxWidgetProvider( 1706): row 1
01-28 13:00:04.866 D/CombinedWidgetProvider( 1706): addFxWidget: WidgetSummary(Wi-Fi Hotspot/FX_WIDGET/[I@40902c90 x [I@40902cb0/-2/ComponentInfo{com.htc.htcsettingwidgets/com.htc.htcsettingwidgets.HotspotWidget}/[I@40902cd0)
01-28 13:00:04.866 D/FxWidgetProvider( 1706): row 1
01-28 13:00:04.866 D/CombinedWidgetProvider( 1706): addFxWidget: WidgetSummary(Mobile Network/FX_WIDGET/[I@40905178 x [I@40905198/-2/ComponentInfo{com.htc.htcsettingwidgets/com.htc.htcsettingwidgets.MobileNetworkWidget}/[I@409051b8)
01-28 13:00:04.876 D/FxWidgetProvider( 1706): row 1
01-28 13:00:04.876 D/CombinedWidgetProvider( 1706): addFxWidget: WidgetSummary(Wi-Fi/FX_WIDGET/[I@40881c68 x [I@40881c88/-2/ComponentInfo{com.htc.htcsettingwidgets/com.htc.htcsettingwidgets.WiFiWidget}/[I@40881ca8)
01-28 13:00:04.876 D/FxWidgetProvider( 1706): row 1
01-28 13:00:04.876 D/CombinedWidgetProvider( 1706): addFxWidget: WidgetSummary(Mail/FX_WIDGET/[I@40883fd8 x [I@40883ff8/-2/ComponentInfo{com.htc.htcmailwidgets/com.htc.htcmailwidgets.WidgetReceiver}/[I@40884018)
01-28 13:00:04.876 D/FxWidgetProvider( 1706): row 3
01-28 13:00:04.886 D/FxWidgetProviderInfoCollector( 1706): more than one style shared the same component! Return the first one found.
01-28 13:00:04.886 D/CombinedWidgetProvider( 1706): addFxWidget: WidgetSummary(Mail/FX_WIDGET/[I@40886338 x [I@40886358/-2/ComponentInfo{com.htc.htcmailwidgets/com.htc.htcmailwidgets.WidgetReceiver}/[I@40886378)
01-28 13:00:04.886 D/FxWidgetProvider( 1706): row 3
01-28 13:00:04.886 D/FxWidgetProviderInfoCollector( 1706): more than one style shared the same component! Return the first one found.
01-28 13:00:04.886 D/CombinedWidgetProvider( 1706): addFxWidget: WidgetSummary(Mail/FX_WIDGET/[I@408886a8 x [I@408886c8/-2/ComponentInfo{com.htc.htcmailwidgets/com.htc.htcmailwidgets.WidgetReceiver}/[I@408886e8)
01-28 13:00:04.886 D/FxWidgetProvider( 1706): row 3
01-28 13:00:04.896 D/FxWidgetProviderInfoCollector( 1706): more than one style shared the same component! Return the first one found.
01-28 13:00:04.896 D/CombinedWidgetProvider( 1706): addFxWidget: WidgetSummary(Mail/FX_WIDGET/[I@4088a7e8 x [I@4088a808/-2/ComponentInfo{com.htc.htcmailwidgets/com.htc.htcmailwidgets.WidgetReceiver}/[I@4088a828)
01-28 13:00:04.896 D/FxWidgetProvider( 1706): row 3
01-28 13:00:04.896 D/FxWidgetProviderInfoCollector( 1706): more than one style shared the same component! Return the first one found.
01-28 13:00:04.896 D/CombinedWidgetProvider( 1706): addFxWidget: WidgetSummary(Mail/FX_WIDGET/[I@4088c910 x [I@4088c930/-2/ComponentInfo{com.htc.htcmailwidgets/com.htc.htcmailwidgets.WidgetReceiver}/[I@4088c950)
01-28 13:00:04.896 D/FxWidgetProvider( 1706): row 3
01-28 13:00:04.906 D/WidgetScanner( 2804): onReceiveInternal: Intent { act=android.intent.action.PACKAGE_REMOVED dat=package:uk.ac.st_andrews.cs.host.mk74.inlocy flg=0x10000010 cmp=com.htc.launcher/.widget.WidgetScannerService (has extras) }
01-28 13:00:04.906 D/FxWidgetProviderInfoCollector( 1706): more than one style shared the same component! Return the first one found.
01-28 13:00:04.906 D/CombinedWidgetProvider( 1706): addFxWidget: WidgetSummary(Mail/FX_WIDGET/[I@4088ec50 x [I@4088ec70/-2/ComponentInfo{com.htc.htcmailwidgets/com.htc.htcmailwidgets.WidgetReceiver}/[I@4088ec90)
01-28 13:00:04.906 D/FxWidgetProvider( 1706): row 3
01-28 13:00:04.906 D/FxWidgetProviderInfoCollector( 1706): more than one style shared the same component! Return the first one found.
01-28 13:00:04.906 D/CombinedWidgetProvider( 1706): addFxWidget: WidgetSummary(Mail/FX_WIDGET/[I@40890dd8 x [I@40890df8/-2/ComponentInfo{com.htc.htcmailwidgets/com.htc.htcmailwidgets.WidgetReceiver}/[I@40890e18)
01-28 13:00:04.906 D/FxWidgetProvider( 1706): row 5
01-28 13:00:04.916 D/FxWidgetProviderInfoCollector( 1706): more than one style shared the same component! Return the first one found.
01-28 13:00:04.916 D/CombinedWidgetProvider( 1706): addFxWidget: WidgetSummary(People/FX_WIDGET/[I@40892ee8 x [I@40892f08/-2/ComponentInfo{com.htc.htccontactwidgets_3d_fusion/com.htc.htccontactwidgets_3d_fusion.WidgetReceiver}/[I@40892f28)
01-28 13:00:04.916 D/FxWidgetProvider( 1706): row 5
01-28 13:00:04.916 D/HtcWidgetScanner( 2804): onPackageRemoved: uk.ac.st_andrews.cs.host.mk74.inlocy
01-28 13:00:04.916 D/FxWidgetProviderInfoCollector( 1706): more than one style shared the same component! Return the first one found.
01-28 13:00:04.916 D/CombinedWidgetProvider( 1706): addFxWidget: WidgetSummary(People/FX_WIDGET/[I@40895568 x [I@40895588/-2/ComponentInfo{com.htc.htccontactwidgets_3d_fusion/com.htc.htccontactwidgets_3d_fusion.WidgetReceiver}/[I@408955a8)
01-28 13:00:04.916 D/FxWidgetProvider( 1706): row 5
01-28 13:00:04.926 D/FxWidgetProviderInfoCollector( 1706): more than one style shared the same component! Return the first one found.
01-28 13:00:04.926 D/CombinedWidgetProvider( 1706): addFxWidget: WidgetSummary(People/FX_WIDGET/[I@408979d0 x [I@408979f0/-2/ComponentInfo{com.htc.htccontactwidgets_3d_fusion/com.htc.htccontactwidgets_3d_fusion.WidgetReceiver}/[I@40897a10)
01-28 13:00:04.926 D/FxWidgetProvider( 1706): row 5
01-28 13:00:04.926 D/FxWidgetProviderInfoCollector( 1706): more than one style shared the same component! Return the first one found.
01-28 13:00:04.926 D/CombinedWidgetProvider( 1706): addFxWidget: WidgetSummary(People/FX_WIDGET/[I@40899e20 x [I@40899e40/-2/ComponentInfo{com.htc.htccontactwidgets_3d_fusion/com.htc.htccontactwidgets_3d_fusion.WidgetReceiver}/[I@40899e60)
01-28 13:00:04.936 D/FxWidgetProvider( 1706): row 5
01-28 13:00:04.936 D/FxWidgetProviderInfoCollector( 1706): more than one style shared the same component! Return the first one found.
01-28 13:00:04.936 D/CombinedWidgetProvider( 1706): addFxWidget: WidgetSummary(People/FX_WIDGET/[I@4089c270 x [I@4089c290/-2/ComponentInfo{com.htc.htccontactwidgets_3d_fusion/com.htc.htccontactwidgets_3d_fusion.WidgetReceiver}/[I@4089c2b0)
01-28 13:00:04.936 D/FxWidgetProvider( 1706): row 1
01-28 13:00:04.936 D/CombinedWidgetProvider( 1706): addFxWidget: WidgetSummary(Calendar/FX_WIDGET/[I@4089e740 x [I@4089e760/-2/ComponentInfo{com.htc.htccalendarwidgets/com.htc.htccalendarwidgets.WidgetReceiver}/[I@4089e780)
01-28 13:00:04.946 D/FxWidgetProvider( 1706): row 3
01-28 13:00:04.946 D/FxWidgetProviderInfoCollector( 1706): more than one style shared the same component! Return the first one found.
01-28 13:00:04.946 D/CombinedWidgetProvider( 1706): addFxWidget: WidgetSummary(Calendar/FX_WIDGET/[I@408a0bd0 x [I@408a0bf0/-2/ComponentInfo{com.htc.htccalendarwidgets/com.htc.htccalendarwidgets.WidgetReceiver}/[I@408a0c10)
01-28 13:00:04.946 D/FxWidgetProvider( 1706): row 3
01-28 13:00:04.946 D/FxWidgetProviderInfoCollector( 1706): more than one style shared the same component! Return the first one found.
01-28 13:00:04.946 D/CombinedWidgetProvider( 1706): addFxWidget: WidgetSummary(Calendar/FX_WIDGET/[I@408a3088 x [I@408a30a8/-2/ComponentInfo{com.htc.htccalendarwidgets/com.htc.htccalendarwidgets.WidgetReceiver}/[I@408a30c8)
01-28 13:00:04.956 D/FxWidgetProvider( 1706): row 3
01-28 13:00:04.956 D/FxWidgetProviderInfoCollector( 1706): more than one style shared the same component! Return the first one found.
01-28 13:00:04.956 D/CombinedWidgetProvider( 1706): addFxWidget: WidgetSummary(Calendar/FX_WIDGET/[I@408a5310 x [I@408a5330/-2/ComponentInfo{com.htc.htccalendarwidgets/com.htc.htccalendarwidgets.WidgetReceiver}/[I@408a5350)
01-28 13:00:04.956 D/FxWidgetProvider( 1706): row 1
01-28 13:00:04.956 D/CombinedWidgetProvider( 1706): addFxWidget: WidgetSummary(Calendar/FX_WIDGET/[I@408a7580 x [I@408a75a0/-2/ComponentInfo{com.htc.htccalendarwidgets/com.htc.htccalendarwidgets.WidgetReceiver}/[I@408a75c0)
01-28 13:00:04.966 D/FxWidgetProvider( 1706): row 1
01-28 13:00:04.966 D/CombinedWidgetProvider( 1706): addFxWidget: WidgetSummary(Bookmarks/FX_WIDGET/[I@408a9958 x [I@408a9978/-2/ComponentInfo{com.htc.fusion.htcbookmarkwidget/com.htc.fusion.htcbookmarkwidget.WidgetReceiver}/[I@408a9998)
01-28 13:00:04.966 D/FxWidgetProvider( 1706): row 1
01-28 13:00:04.966 D/CombinedWidgetProvider( 1706): addFxWidget: WidgetSummary(Bookmarks/FX_WIDGET/[I@408abe80 x [I@408abea0/-2/ComponentInfo{com.htc.fusion.htcbookmarkwidget/com.htc.fusion.htcbookmarkwidget.WidgetReceiver}/[I@408abec0)
01-28 13:00:04.966 D/FxWidgetProvider( 1706): row 1
01-28 13:00:04.976 D/CombinedWidgetProvider( 1706): addFxWidget: WidgetSummary(Messages/FX_WIDGET/[I@408ae3a8 x [I@408ae3c8/-2/ComponentInfo{com.htc.htcmsgwidgets3d/com.htc.htcmsgwidgets.MsgWidgetProvider}/[I@408ae3e8)
01-28 13:00:04.976 D/FxWidgetProvider( 1706): row 1
01-28 13:00:04.976 D/CombinedWidgetProvider( 1706): addFxWidget: WidgetSummary(Messages/FX_WIDGET/[I@408b0678 x [I@408b0698/-2/ComponentInfo{com.htc.htcmsgwidgets3d/com.htc.htcmsgwidgets.MsgWidgetProvider}/[I@408b06b8)
01-28 13:00:04.976 D/FxWidgetProvider( 1706): row 1
01-28 13:00:04.986 D/CombinedWidgetProvider( 1706): addFxWidget: WidgetSummary(Messages/FX_WIDGET/[I@408b2a00 x [I@408b2a20/-2/ComponentInfo{com.htc.htcmsgwidgets3d/com.htc.htcmsgwidgets.MsgWidgetProvider}/[I@408b2a40)
01-28 13:00:04.986 D/FxWidgetProvider( 1706): row 1
01-28 13:00:04.986 D/CombinedWidgetProvider( 1706): addFxWidget: WidgetSummary(Messages/FX_WIDGET/[I@40b9bc80 x [I@40b9bca0/-2/ComponentInfo{com.htc.htcmsgwidgets3d/com.htc.htcmsgwidgets.MsgWidgetProvider}/[I@40b9bcc0)
01-28 13:00:04.986 D/FxWidgetProvider( 1706): row 1
01-28 13:00:04.996 D/CombinedWidgetProvider( 1706): addFxWidget: WidgetSummary(Messages/FX_WIDGET/[I@40b9df50 x [I@40b9df70/-2/ComponentInfo{com.htc.htcmsgwidgets3d/com.htc.htcmsgwidgets.MsgWidgetProvider}/[I@40b9df90)
01-28 13:00:05.006 D/FxWidgetProvider( 1706): row 1
01-28 13:00:05.016 D/CombinedWidgetProvider( 1706): addFxWidget: WidgetSummary(Messages/FX_WIDGET/[I@40ba0240 x [I@40ba0260/-2/ComponentInfo{com.htc.htcmsgwidgets3d/com.htc.htcmsgwidgets.MsgWidgetProvider}/[I@40ba0280)
01-28 13:00:05.016 D/FxWidgetProvider( 1706): row 1
01-28 13:00:05.026 D/CombinedWidgetProvider( 1706): addFxWidget: WidgetSummary(Messages/FX_WIDGET/[I@40ba2530 x [I@40ba2550/-2/ComponentInfo{com.htc.htcmsgwidgets3d/com.htc.htcmsgwidgets.MsgWidgetProvider}/[I@40ba2570)
01-28 13:00:05.026 D/FxWidgetProvider( 1706): row 1
01-28 13:00:05.036 D/CombinedWidgetProvider( 1706): addFxWidget: WidgetSummary(Twitter/FX_WIDGET/[I@40ba4820 x [I@40ba4840/-2/ComponentInfo{com.htc.Twitter3DWidget/com.htc.Twitter3DWidget.TwitterWidgetProvider}/[I@40ba4860)
01-28 13:00:05.036 D/FxWidgetProvider( 1706): row 1
01-28 13:00:05.036 D/CombinedWidgetProvider( 1706): addFxWidget: WidgetSummary(Twitter/FX_WIDGET/[I@40ba6c38 x [I@40ba6c58/-2/ComponentInfo{com.htc.Twitter3DWidget/com.htc.Twitter3DWidget.TwitterWidgetProvider}/[I@40ba6c78)
01-28 13:00:05.046 D/FxWidgetProvider( 1706): row 1
01-28 13:00:05.046 D/CombinedWidgetProvider( 1706): addFxWidget: WidgetSummary(Twitter/FX_WIDGET/[I@40ba9050 x [I@40ba9070/-2/ComponentInfo{com.htc.Twitter3DWidget/com.htc.Twitter3DWidget.TwitterWidgetProvider}/[I@40ba9090)
01-28 13:00:05.046 D/FxWidgetProvider( 1706): row 1
01-28 13:00:05.056 D/CombinedWidgetProvider( 1706): addFxWidget: WidgetSummary(Twitter/FX_WIDGET/[I@40bab468 x [I@40bab488/-2/ComponentInfo{com.htc.Twitter3DWidget/com.htc.Twitter3DWidget.TwitterWidgetProvider}/[I@40bab4a8)
01-28 13:00:05.056 D/FxWidgetProvider( 1706): row 1
01-28 13:00:05.066 D/CombinedWidgetProvider( 1706): addFxWidget: WidgetSummary(Trends/FX_WIDGET/[I@40bad870 x [I@40bad890/-2/ComponentInfo{com.htc.Trends3DWidget/com.htc.Trends3DWidget.TrendsWidgetProvider}/[I@40bad8b0)
01-28 13:00:05.066 D/FxWidgetProvider( 1706): row 1
01-28 13:00:05.066 D/CombinedWidgetProvider( 1706): addFxWidget: WidgetSummary(Sync All/FX_WIDGET/[I@40bafc30 x [I@40bafc50/-2/ComponentInfo{com.htc.Sync3DWidget/com.htc.Sync3DWidget.SyncWidgetProvider}/[I@40bafc70)
01-28 13:00:05.066 D/FxWidgetProvider( 1706): row 1
01-28 13:00:05.076 D/CombinedWidgetProvider( 1706): addFxWidget: WidgetSummary(Music/FX_WIDGET/[I@40bb1f70 x [I@40bb1f90/-2/ComponentInfo{com.htc.MusicWidget3D/com.htc.MusicWidget3D.MusicWidget3DProvider}/[I@40bb1fb0)
01-28 13:00:05.076 D/FxWidgetProvider( 1706): row 1
01-28 13:00:05.086 D/CombinedWidgetProvider( 1706): addFxWidget: WidgetSummary(Music/FX_WIDGET/[I@40bb4310 x [I@40bb4330/-2/ComponentInfo{com.htc.MusicWidget3D/com.htc.MusicWidget3D.MusicWidget3DProvider}/[I@40bb4350)
01-28 13:00:05.086 D/FxWidgetProvider( 1706): row 1
01-28 13:00:05.086 D/dalvikvm( 1706): GC_CONCURRENT freed 1098K, 16% free 11710K/13895K, paused 2ms+5ms
01-28 13:00:05.096 D/CombinedWidgetProvider( 1706): addFxWidget: WidgetSummary(Music/FX_WIDGET/[I@408f6eb0 x [I@408f54d8/-2/ComponentInfo{com.htc.MusicWidget3D/com.htc.MusicWidget3D.MusicWidget3DProvider}/[I@408f06d0)
01-28 13:00:05.096 D/FxWidgetProvider( 1706): row 1
01-28 13:00:05.106 D/CombinedWidgetProvider( 1706): addFxWidget: WidgetSummary(Friend Stream/FX_WIDGET/[I@40d2e138 x [I@40d2d178/-2/ComponentInfo{com.htc.FriendStream3DWidget/com.htc.FriendStream3DWidget.FriendStreamWidgetProvider}/[I@40d2c628)
01-28 13:00:05.106 D/FxWidgetProvider( 1706): row 1
01-28 13:00:05.116 D/CombinedWidgetProvider( 1706): addFxWidget: WidgetSummary(Friend Stream/FX_WIDGET/[I@40ba5e78 x [I@40ba5470/-2/ComponentInfo{com.htc.FriendStream3DWidget/com.htc.FriendStream3DWidget.FriendStreamWidgetProvider}/[I@40ba3b88)
01-28 13:00:05.116 D/FxWidgetProvider( 1706): row 1
01-28 13:00:05.126 D/CombinedWidgetProvider( 1706): addFxWidget: WidgetSummary(Friend Stream/FX_WIDGET/[I@409ae500 x [I@409ad9e8/-2/ComponentInfo{com.htc.FriendStream3DWidget/com.htc.FriendStream3DWidget.FriendStreamWidgetProvider}/[I@409ad1b8)
01-28 13:00:05.126 D/FxWidgetProvider( 1706): row 1
01-28 13:00:05.126 D/CombinedWidgetProvider( 1706): addFxWidget: WidgetSummary(Friend Stream/FX_WIDGET/[I@409665f8 x [I@40966530/-2/ComponentInfo{com.htc.FriendStream3DWidget/com.htc.FriendStream3DWidget.FriendStreamWidgetProvider}/[I@40966468)
01-28 13:00:05.136 D/FxWidgetProvider( 1706): row 1
01-28 13:00:05.136 D/CombinedWidgetProvider( 1706): addFxWidget: WidgetSummary(Friend Channel/FX_WIDGET/[I@40964448 x [I@409643d0/-2/ComponentInfo{com.htc.FriendStream3DWidget/com.htc.FriendStream3DWidget.FriendStreamWidgetProvider}/[I@40964358)
01-28 13:00:05.136 D/FxWidgetProvider( 1706): row 1
01-28 13:00:05.146 D/CombinedWidgetProvider( 1706): addFxWidget: WidgetSummary(My Shelf/FX_WIDGET/[I@408da9c8 x [I@408d95b8/-2/ComponentInfo{com.htc.ereader.widget3d/com.htc.ereader.widget3d.ereaderwidget3d.SimpleWidgetProvider}/[I@408d9358)
01-28 13:00:05.146 D/FxWidgetProvider( 1706): row 1
01-28 13:00:05.156 D/CombinedWidgetProvider( 1706): addFxWidget: WidgetSummary(Weather/FX_WIDGET/[I@408686c0 x [I@408675e0/-2/ComponentInfo{com.htc.widget3d.weather/com.htc.widget3d.weather.WeatherWidgetProvider}/[I@40860498)
01-28 13:00:05.156 D/FxWidgetProvider( 1706): row 1
01-28 13:00:05.166 D/CombinedWidgetProvider( 1706): addFxWidget: WidgetSummary(Weather/FX_WIDGET/[I@40812088 x [I@4080fc00/-2/ComponentInfo{com.htc.widget3d.weather/com.htc.widget3d.weather.WeatherWidgetProvider}/[I@4080d6f8)
01-28 13:00:05.166 D/FxWidgetProvider( 1706): row 1
01-28 13:00:05.166 D/CombinedWidgetProvider( 1706): addFxWidget: WidgetSummary(Weather/FX_WIDGET/[I@407abc70 x [I@407aa940/-2/ComponentInfo{com.htc.widget3d.weather/com.htc.widget3d.weather.WeatherWidgetProvider}/[I@407aa748)
01-28 13:00:05.166 D/FxWidgetProvider( 1706): row 1
01-28 13:00:05.176 D/CombinedWidgetProvider( 1706): addFxWidget: WidgetSummary(Screen Timeout/FX_WIDGET/[I@4072e600 x [I@4072e408/-2/ComponentInfo{com.htc.rosiewidgets.screentimeout/com.htc.rosiewidgets.screentimeout.ScreenTimeoutWidgetProvider}/[I@4072c530)
01-28 13:00:05.176 D/FxWidgetProvider( 1706): row 1
01-28 13:00:05.186 D/CombinedWidgetProvider( 1706): addFxWidget: WidgetSummary(Screen Brightness/FX_WIDGET/[I@409c47c0 x [I@409c4378/-2/ComponentInfo{com.htc.rosiewidgets.screenbrightness/com.htc.rosiewidgets.screenbrightness.ScreenBrightnessWidgetProvider}/[I@409c21a8)
01-28 13:00:05.186 D/FxWidgetProvider( 1706): row 1
01-28 13:00:05.196 D/CombinedWidgetProvider( 1706): addFxWidget: WidgetSummary(Notes/FX_WIDGET/[I@4090b7d0 x [I@408545c0/-2/ComponentInfo{com.htc.htcrichnoteswidget3d/com.htc.htcrichnoteswidget3d.NotesWidgetProvider}/[I@4084f2a0)
01-28 13:00:05.196 D/FxWidgetProvider( 1706): row 1
01-28 13:00:05.196 D/CombinedWidgetProvider( 1706): addFxWidget: WidgetSummary(Notes/FX_WIDGET/[I@4072e670 x [I@40729438/-2/ComponentInfo{com.htc.htcrichnoteswidget3d/com.htc.htcrichnoteswidget3d.NotesWidgetProvider}/[I@40728498)
01-28 13:00:05.196 D/FxWidgetProvider( 1706): row 1
01-28 13:00:05.206 D/CombinedWidgetProvider( 1706): addFxWidget: WidgetSummary(HTC Likes/FX_WIDGET/[I@40bb68c0 x [I@40bb68e0/-2/ComponentInfo{com.htc.android.fusion.recommend/com.htc.android.fusion.recommend.RosieIntentReceiver}/[I@40bb6900)
01-28 13:00:05.206 D/FxWidgetProvider( 1706): row 1
01-28 13:00:05.216 D/CombinedWidgetProvider( 1706): addFxWidget: WidgetSummary(Profile/FX_WIDGET/[I@40bb7480 x [I@40bb74a0/-2/ComponentInfo{com.htc.widget.profile/com.htc.widget.profile.HtcWidgetReceiver}/[I@40bb74c0)
01-28 13:00:05.216 D/FxWidgetProvider( 1706): row 1
01-28 13:00:05.216 D/CombinedWidgetProvider( 1706): addFxWidget: WidgetSummary(Power Dashboard/FX_WIDGET/[I@40bb8050 x [I@40bb8070/-2/ComponentInfo{com.htc.rosiewidgets.powerstrip/com.htc.rosiewidgets.powerstrip.PowerStripWidgetProvider}/[I@40bb8090)
01-28 13:00:05.226 D/FxWidgetProvider( 1706): row 1
01-28 13:00:05.226 D/CombinedWidgetProvider( 1706): addFxWidget: WidgetSummary(Photo Album/FX_WIDGET/[I@40bb8f68 x [I@40bb8f88/-2/ComponentInfo{com.htc.photowidget3d/com.htc.photowidget3d.album.PhotoAlbumWidgetProvider}/[I@40bb8fa8)
01-28 13:00:05.226 D/FxWidgetProvider( 1706): row 1
01-28 13:00:05.226 D/CombinedWidgetProvider( 1706): addFxWidget: WidgetSummary(Photo Frame/FX_WIDGET/[I@40bb9ea8 x [I@40bb9ec8/-2/ComponentInfo{com.htc.photowidget3d/com.htc.photowidget3d.frame.PhotoFrameWidgetProvider}/[I@40bb9ee8)
01-28 13:00:05.236 D/FxWidgetProvider( 1706): row 1
01-28 13:00:05.236 D/CombinedWidgetProvider( 1706): addFxWidget: WidgetSummary(Photo Grid/FX_WIDGET/[I@40bbade8 x [I@40bbae08/-2/ComponentInfo{com.htc.rosiewidgets.photogridwidget3d/com.htc.rosiewidgets.photogridwidget3d.PhotoGridWidget3DProvider}/[I@40bbae28)
01-28 13:00:05.236 D/FxWidgetProvider( 1706): row 1
01-28 13:00:05.236 D/CombinedWidgetProvider( 1706): addFxWidget: WidgetSummary(Navigate/FX_WIDGET/[I@40bbbd28 x [I@40bbbd48/-2/ComponentInfo{com.htc.laputa.widget3d.navigate/com.htc.laputa.widget3d.navigate.NavigateWidgetProvider}/[I@40bbbd68)
01-28 13:00:05.236 D/FxWidgetProvider( 1706): row 1
01-28 13:00:05.246 D/CombinedWidgetProvider( 1706): addFxWidget: WidgetSummary(Navigate/FX_WIDGET/[I@40bbcc78 x [I@40bbcc98/-2/ComponentInfo{com.htc.laputa.widget3d.navigate/com.htc.laputa.widget3d.navigate.NavigateWidgetProvider}/[I@40bbccb8)
01-28 13:00:05.246 D/FxWidgetProvider( 1706): row 1
01-28 13:00:05.246 D/CombinedWidgetProvider( 1706): addFxWidget: WidgetSummary(Locations/FX_WIDGET/[I@40bbdbc8 x [I@40bbdbe8/-2/ComponentInfo{com.htc.laputa.widget3d.locations/com.htc.laputa.widget3d.locations.LocationsWidgetProvider}/[I@40bbdc08)
01-28 13:00:05.246 D/FxWidgetProvider( 1706): row 1
01-28 13:00:05.256 D/CombinedWidgetProvider( 1706): addFxWidget: WidgetSummary(News/FX_WIDGET/[I@40bbeb00 x [I@40bbeb20/-2/ComponentInfo{com.htc.googlereaderwidget/com.htc.googlereaderwidget.RosieWidgetReceiver}/[I@40bbeb40)
01-28 13:00:05.256 D/FxWidgetProvider( 1706): row 1
01-28 13:00:05.266 D/CombinedWidgetProvider( 1706): addFxWidget: WidgetSummary(News/FX_WIDGET/[I@40bbfa18 x [I@40bbfa38/-2/ComponentInfo{com.htc.googlereaderwidget/com.htc.googlereaderwidget.RosieWidgetReceiver}/[I@40bbfa58)
01-28 13:00:05.266 D/FxWidgetProvider( 1706): row 1
01-28 13:00:05.266 D/CombinedWidgetProvider( 1706): addFxWidget: WidgetSummary(Data Dashboard/FX_WIDGET/[I@40bc0bd0 x [I@40bc0bf0/-2/ComponentInfo{com.htc.rosiewidgets.datastrip/com.htc.rosiewidgets.datastrip.DataStripWidgetProvider}/[I@40bc0c10)
01-28 13:00:05.266 D/FxWidgetProvider( 1706): row 1
01-28 13:00:05.266 D/CombinedWidgetProvider( 1706): addFxWidget: WidgetSummary(Data Roaming/FX_WIDGET/[I@40bc1c70 x [I@40bc1c90/-2/ComponentInfo{com.htc.rosiewidgets.dataroaming/com.htc.rosiewidgets.dataroaming.WidgetProvider}/[I@40bc1cb0)
01-28 13:00:05.276 D/FxWidgetProvider( 1706): row 1
01-28 13:00:05.276 D/CombinedWidgetProvider( 1706): addFxWidget: WidgetSummary(Analog Clock/FX_WIDGET/[I@40bc2db8 x [I@40bc2dd8/-2/ComponentInfo{com.htc.clock3dwidget/com.htc.clock3dwidget.ClockWidgetProvider}/[I@40bc2df8)
01-28 13:00:05.276 D/FxWidgetProvider( 1706): row 1
01-28 13:00:05.276 D/CombinedWidgetProvider( 1706): addFxWidget: WidgetSummary(Analog Clock/FX_WIDGET/[I@40bc3e58 x [I@40bc3e78/-2/ComponentInfo{com.htc.clock3dwidget/com.htc.clock3dwidget.ClockWidgetProvider}/[I@40bc3e98)
01-28 13:00:05.286 D/FxWidgetProvider( 1706): row 1
01-28 13:00:05.286 D/CombinedWidgetProvider( 1706): addFxWidget: WidgetSummary(Weather Clock/FX_WIDGET/[I@40bc4ef8 x [I@40bc4f18/-2/ComponentInfo{com.htc.clock3dwidget/com.htc.clock3dwidget.ClockWidgetProvider}/[I@40bc4f38)
01-28 13:00:05.286 D/FxWidgetProvider( 1706): row 1
01-28 13:00:05.286 D/CombinedWidgetProvider( 1706): addFxWidget: WidgetSummary(Travel Clock/FX_WIDGET/[I@40bc5f98 x [I@40bc5fb8/-2/ComponentInfo{com.htc.clock3dwidget/com.htc.clock3dwidget.ClockWidgetProvider}/[I@40bc5fd8)
01-28 13:00:05.286 D/FxWidgetProvider( 1706): row 1
01-28 13:00:05.296 D/CombinedWidgetProvider( 1706): addFxWidget: WidgetSummary(Digital Clock/FX_WIDGET/[I@40bc7038 x [I@40bc7058/-2/ComponentInfo{com.htc.clock3dwidget/com.htc.clock3dwidget.ClockWidgetProvider}/[I@40bc7078)
01-28 13:00:05.296 D/FxWidgetProvider( 1706): row 1
01-28 13:00:05.296 D/CombinedWidgetProvider( 1706): addFxWidget: WidgetSummary(Analog Clock/FX_WIDGET/[I@40bc80d8 x [I@40bc80f8/-2/ComponentInfo{com.htc.clock3dwidget/com.htc.clock3dwidget.ClockWidgetProvider}/[I@40bc8118)
01-28 13:00:05.296 D/FxWidgetProvider( 1706): row 1
01-28 13:00:05.306 D/CombinedWidgetProvider( 1706): addFxWidget: WidgetSummary(Analog Clock/FX_WIDGET/[I@40bc93f0 x [I@40bc9410/-2/ComponentInfo{com.htc.clock3dwidget/com.htc.clock3dwidget.ClockWidgetProvider}/[I@40bc9430)
01-28 13:00:05.306 D/FxWidgetProvider( 1706): row 1
01-28 13:00:05.306 D/CombinedWidgetProvider( 1706): addFxWidget: WidgetSummary(Analog Clock/FX_WIDGET/[I@40bca708 x [I@40bca728/-2/ComponentInfo{com.htc.clock3dwidget/com.htc.clock3dwidget.ClockWidgetProvider}/[I@40bca748)
01-28 13:00:05.306 D/FxWidgetProvider( 1706): row 1
01-28 13:00:05.316 D/CombinedWidgetProvider( 1706): addFxWidget: WidgetSummary(Analog Clock/FX_WIDGET/[I@40bcb978 x [I@40bcb998/-2/ComponentInfo{com.htc.clock3dwidget/com.htc.clock3dwidget.ClockWidgetProvider}/[I@40bcb9b8)
01-28 13:00:05.316 D/FxWidgetProvider( 1706): row 1
01-28 13:00:05.316 D/CombinedWidgetProvider( 1706): addFxWidget: WidgetSummary(Analog Clock/FX_WIDGET/[I@40bccbe8 x [I@40bccc08/-2/ComponentInfo{com.htc.clock3dwidget/com.htc.clock3dwidget.ClockWidgetProvider}/[I@40bccc28)
01-28 13:00:05.316 D/FxWidgetProvider( 1706): row 1
01-28 13:00:05.326 D/CombinedWidgetProvider( 1706): addFxWidget: WidgetSummary(Analog Clock/FX_WIDGET/[I@40bcde58 x [I@40bcde78/-2/ComponentInfo{com.htc.clock3dwidget/com.htc.clock3dwidget.ClockWidgetProvider}/[I@40bcde98)
01-28 13:00:05.326 D/FxWidgetProvider( 1706): row 1
01-28 13:00:05.326 D/CombinedWidgetProvider( 1706): addFxWidget: WidgetSummary(Analog Clock/FX_WIDGET/[I@40bcf0c8 x [I@40bcf0e8/-2/ComponentInfo{com.htc.clock3dwidget/com.htc.clock3dwidget.ClockWidgetProvider}/[I@40bcf108)
01-28 13:00:05.326 D/FxWidgetProvider( 1706): row 1
01-28 13:00:05.336 D/CombinedWidgetProvider( 1706): addFxWidget: WidgetSummary(Social Clock/FX_WIDGET/[I@40bd0338 x [I@40bd0358/-2/ComponentInfo{com.htc.clock3dwidget/com.htc.clock3dwidget.ClockWidgetProvider}/[I@40bd0378)
01-28 13:00:05.336 D/FxWidgetProvider( 1706): row 1
01-28 13:00:05.336 D/CombinedWidgetProvider( 1706): addFxWidget: WidgetSummary(Beam Clock/FX_WIDGET/[I@40bd15a8 x [I@40bd15c8/-2/ComponentInfo{com.htc.clock3dwidget/com.htc.clock3dwidget.ClockWidgetProvider}/[I@40bd15e8)
01-28 13:00:05.336 D/FxWidgetProvider( 1706): row 1
01-28 13:00:05.346 D/CombinedWidgetProvider( 1706): addFxWidget: WidgetSummary(Ring Clock/FX_WIDGET/[I@40bd2818 x [I@40bd2838/-2/ComponentInfo{com.htc.clock3dwidget/com.htc.clock3dwidget.ClockWidgetProvider}/[I@40bd2858)
01-28 13:00:05.346 D/FxWidgetProvider( 1706): row 1
01-28 13:00:05.396 D/dalvikvm( 2252): GC_CONCURRENT freed 485K, 8% free 6723K/7303K, paused 1ms+10ms
01-28 13:00:05.446 D/dalvikvm( 1592): GC_EXPLICIT freed 1531K, 13% free 16381K/18631K, paused 2ms+5ms
01-28 13:00:05.527 D/PhoneApp( 1690): EVENT_QUERY_MO_PACKAGES
01-28 13:00:05.547 D/HtcWidgetProvider( 1706): update 0
01-28 13:00:05.547 D/FxWidgetScanner( 2804): onPackageRemoved: uk.ac.st_andrews.cs.host.mk74.inlocy
01-28 13:00:05.547 D/FxWidgetScanner( 2804): removeFxWidgetList
01-28 13:00:05.567 D/dalvikvm( 1592): GC_EXPLICIT freed 150K, 13% free 16368K/18631K, paused 2ms+3ms
01-28 13:00:05.567 I/ActivityManager( 1592): Start proc com.htc.wdm for broadcast com.htc.wdm/.receiver.HTCDirectReceiver: pid=2837 uid=10070 gids={3003, 2001, 1015}
01-28 13:00:05.577 I/ActivityManager( 1592): No longer want com.htc.mysketcher (pid 2537): hidden #16
01-28 13:00:05.577 D/HostWidgetManager( 1706): pauseWidgets: 2
01-28 13:00:05.587 D/CombinedWidgetProvider( 1706): addFxWidget: WidgetSummary(Spin Cycle Clock/FX_WIDGET/[I@40bd3a88 x [I@40bd3aa8/-2/ComponentInfo{com.htc.clock3dwidget/com.htc.clock3dwidget.ClockWidgetProvider}/[I@40bd3ac8)
01-28 13:00:05.587 D/FxWidgetProvider( 1706): row 1
01-28 13:00:05.587 I/ActivityManager( 1592): No longer want com.htc.notes (pid 2596): hidden #16
01-28 13:00:05.597 D/PhoneWindow( 1706): couldn't save which view has focus because the focused view android.widget.RelativeLayout@407c1288 has no id.
01-28 13:00:05.597 D/CombinedWidgetProvider( 1706): addFxWidget: WidgetSummary(Analog Clock/FX_WIDGET/[I@40bd5a90 x [I@40bd5ab0/-2/ComponentInfo{com.htc.clock3dwidget/com.htc.clock3dwidget.ClockWidgetProvider}/[I@40bd5ad0)
01-28 13:00:05.607 D/FxWidgetProvider( 1706): row 1
01-28 13:00:05.617 D/CombinedWidgetProvider( 1706): addFxWidget: WidgetSummary(Calculator/FX_WIDGET/[I@40bd7d98 x [I@40bd7db8/-2/ComponentInfo{com.htc.android.fusion.calculator/com.htc.android.fusion.calculator.RosieIntentReceiver}/[I@40bd7dd8)
01-28 13:00:05.617 D/FxWidgetProvider( 1706): row 1
01-28 13:00:05.627 D/CombinedWidgetProvider( 1706): addFxWidget: WidgetSummary(Calculator/FX_WIDGET/[I@40bd9200 x [I@40bd9220/-2/ComponentInfo{com.htc.android.fusion.calculator/com.htc.android.fusion.calculator.RosieIntentReceiver}/[I@40bd9240)
01-28 13:00:05.627 D/FxWidgetProvider( 1706): row 1
01-28 13:00:05.647 D/CombinedWidgetProvider( 1706): addFxWidget: WidgetSummary(Calculator/FX_WIDGET/[I@40bda5c0 x [I@40bda5e0/-2/ComponentInfo{com.htc.android.fusion.calculator/com.htc.android.fusion.calculator.RosieIntentReceiver}/[I@40bda600)
01-28 13:00:05.647 D/FxWidgetProvider( 1706): row 1
01-28 13:00:05.657 I/ActivityThread( 2837): Pub com.htc.wdm.provider.HtcDirectCarouselProvider: com.htc.wdm.provider.HtcDirectCarouselProvider
01-28 13:00:05.657 D/CombinedWidgetProvider( 1706): addFxWidget: WidgetSummary(Calculator/FX_WIDGET/[I@40bdb980 x [I@40bdb9a0/-2/ComponentInfo{com.htc.android.fusion.calculator/com.htc.android.fusion.calculator.RosieIntentReceiver}/[I@40bdb9c0)
01-28 13:00:05.657 D/FxWidgetProvider( 1706): row 1
01-28 13:00:05.657 D/CombinedWidgetProvider( 1706): addFxWidget: WidgetSummary(Auto-sync/FX_WIDGET/[I@40bdd100 x [I@40bdd120/-2/ComponentInfo{com.htc.rosiewidgets.backgrounddata/com.htc.rosiewidgets.backgrounddata.BackgroundDataWidgetProvider}/[I@40bdd140)
01-28 13:00:05.667 I/ActivityThread( 2837): Pub com.htc.wdm.status.HtcDirectProvider: com.htc.wdm.status.HtcDirectProvider
01-28 13:00:05.677 D/FxWidgetProvider( 1706): row 1
01-28 13:00:05.677 D/HTC Hub ( 2837): /mnt/sdcard/.LHYGB/CKCL
01-28 13:00:05.677 D/HTC Hub ( 2837): no token file
01-28 13:00:05.677 D/HTC Hub ( 2837): no token file
01-28 13:00:05.677 D/HTC Hub ( 2837): Log settings are 
01-28 13:00:05.677 D/HTC Hub ( 2837): Enable General Log : false
01-28 13:00:05.677 D/HTC Hub ( 2837): Enable Analytic Log : false
01-28 13:00:05.677 D/HTC Hub ( 2837): Enable Normal Log Level (dependent on General Log) : false
01-28 13:00:05.677 D/HTC Hub ( 2837): Enable Critical Log Level (dependent on General Log) : false
01-28 13:00:05.687 I/ActivityManager( 1592): No longer want com.sdgtl.watch.flyer (pid 2631): hidden #16
01-28 13:00:05.717 I/ActivityManager( 1592): Start proc com.htc.htchubsyncprovider for content provider com.htc.htchubsyncprovider/.provider.MyDownloadsProvider: pid=2845 uid=10069 gids={3003, 2001, 1015}
01-28 13:00:05.727 D/PhoneApp( 1690): -- N1 =0
01-28 13:00:05.727 D/CombinedWidgetProvider( 1706): addFxWidget: WidgetSummary(Auto-rotate/FX_WIDGET/[I@40bde840 x [I@40bde860/-2/ComponentInfo{com.htc.autorotatewidget/com.htc.autorotatewidget.AutoRotateWidgetProvider}/[I@40bde880)
01-28 13:00:05.737 D/AndroidRuntime( 2776): Shutting down VM
01-28 13:00:05.737 D/FxWidgetProvider( 1706): row 1
01-28 13:00:05.747 W/ActivityManager( 1592): Scheduling restart of crashed service com.htc.mysketcher/.SketchAndShootWorker in 5000ms
01-28 13:00:05.757 D/Launcher.Model( 1706): updateAppUsageStatCache +
01-28 13:00:05.757 D/FxWidgetScanner( 2804): delete 0
01-28 13:00:05.757 D/WidgetScanner( 2804): upadted? false
01-28 13:00:05.757 D/dalvikvm( 2776): GC_CONCURRENT freed 105K, 83% free 364K/2048K, paused 0ms+0ms
01-28 13:00:05.757 D/jdwp    ( 2776): Got wake-up signal, bailing out of select
01-28 13:00:05.767 D/dalvikvm( 2776): Debugger has detached; object registry had 1 entries
01-28 13:00:05.767 I/AndroidRuntime( 2776): NOTE: attach of thread 'Binder Thread #3' failed
01-28 13:00:05.777 D/Launcher.Model( 1706): updateAppUsageStatCache - diff: 27
01-28 13:00:05.777 D/CombinedWidgetProvider( 1706): addFxWidget: WidgetSummary(Stocks/FX_WIDGET/[I@40be05a8 x [I@40be05c8/-2/ComponentInfo{com.htc.android.fusion.StockWidget/com.htc.android.fusion.StockWidget.RosieWidgetReceiver}/[I@40be05e8)
01-28 13:00:05.787 D/FxWidgetProvider( 1706): row 1
01-28 13:00:05.797 I/ActivityManager( 1592): No longer want com.htc.reportagent (pid 2640): hidden #16
01-28 13:00:05.807 D/AlarmManager( 1592): ACTION_SCREEN_OFF
01-28 13:00:05.807 D/UsbnetService( 1592): BroadcastReceiver::onReceive+
01-28 13:00:05.807 D/UsbnetService( 1592): onReceive SCREEN_OFF
01-28 13:00:05.807 I/ActivityManager( 1592): No longer want com.htc.notes:NotesService (pid 2661): hidden #16
01-28 13:00:05.817 D/PREF    ( 1706): setWidgetTilt .weatherclock.WeatherClockWidgetView : 16
01-28 13:00:05.817 D/WifiService( 1592): ACTION_SCREEN_OFF
01-28 13:00:05.817 D/WifiService( 1592): updateWifiState(): disable hotspot
01-28 13:00:05.817 D/WifiService( 1592): updateWifiState(): enable and start wifi
01-28 13:00:05.827 D/HostWidgetManager( 1706): onResumeInKeyguard: 2
01-28 13:00:05.827 D/CombinedWidgetProvider( 1706): addFxWidget: WidgetSummary(Stocks/FX_WIDGET/[I@40be3b90 x [I@40be3bb0/-2/ComponentInfo{com.htc.android.fusion.StockWidget/com.htc.android.fusion.StockWidget.RosieWidgetReceiver}/[I@40be3bd0)
01-28 13:00:05.827 D/FxWorkspace( 1706): prepareUnlockAnimation
01-28 13:00:05.827 D/FxWorkspaceClient( 1706): showAllScreens()
01-28 13:00:05.827 D/FxWorkspaceClient( 1706): freezeAllScreens
01-28 13:00:05.837 D/UnlockAnimator( 1706): setFrame: unlock_to_03
01-28 13:00:05.837 D/Rotate.Performance( 1706): FxWorkspace.show()
01-28 13:00:05.837 D/FxWidgetProvider( 1706): row 1
01-28 13:00:05.867 D/CombinedWidgetProvider( 1706): addFxWidget: WidgetSummary(Stocks/FX_WIDGET/[I@40be5b68 x [I@40be5b88/-2/ComponentInfo{com.htc.android.fusion.StockWidget/com.htc.android.fusion.StockWidget.RosieWidgetReceiver}/[I@40be5ba8)
01-28 13:00:05.877 D/CombinedWidgetProvider( 1706): -addFxWidgets diff: 1978
01-28 13:00:05.877 D/HostWidgetManager( 1706): pauseWidgets: 2
01-28 13:00:05.887 D/CombinedWidgetProvider( 1706): +addAppWidgetCategories
01-28 13:00:05.887 I/ActivityThread( 2845): Pub com.htc.wdm.provider.WDMProvider: com.htc.htchubsyncprovider.provider.WDMProvider
01-28 13:00:05.897 I/ActivityThread( 2845): Pub com.htc.wotaproviders.MyDownloadsProvider: com.htc.htchubsyncprovider.provider.MyDownloadsProvider
01-28 13:00:05.997 D/AndroidRuntime( 2857): 
01-28 13:00:05.997 D/AndroidRuntime( 2857): >>>>>> AndroidRuntime START com.android.internal.os.RuntimeInit <<<<<<
