01-28 11:19:01.498 D/dalvikvm( 1673): GC_FOR_ALLOC freed 2079K, 30% free 8769K/12359K, paused 64ms
01-28 11:19:01.498 I/dalvikvm-heap( 1673): Grow heap (frag case) to 9.655MB for 1056016-byte allocation
01-28 11:19:01.568 D/dalvikvm( 1673): GC_CONCURRENT freed <1K, 21% free 9800K/12359K, paused 2ms+2ms
01-28 11:19:01.678 D/dalvikvm( 1673): GC_CONCURRENT freed 4K, 13% free 10834K/12359K, paused 2ms+7ms
01-28 11:19:01.718 D/ActivityManager( 1588): isSketcherDisabledInCurrentTask():false, ActivityRecord{406a10e8 com.android.settings/.Settings$WifiSettingsActivity}
01-28 11:19:01.738 D/msm7x30.gralloc( 1441): gpu_context_t::getGrallocInformationFromFormat  1 
01-28 11:19:01.748 D/dalvikvm( 1673): GC_EXPLICIT freed 11K, 13% free 10823K/12359K, paused 1ms+10ms
01-28 11:19:01.748 D/SurfaceFlinger( 1441): virtual void android::Layer::onRemoved(): lcblk (identity=33, status=0, token=0)
01-28 11:19:01.769 D/WifiEnabler( 2756): receive USBNET connection: false
01-28 11:19:01.779 D/WifiSettings( 2756): receive USBNET connection: false
01-28 11:19:01.819 W/wpa_supplicant( 1785): Ongoing Scan action...
01-28 11:19:01.819 W/System.err( 2736): java.net.UnknownHostException: Unable to resolve host "mk74.host.cs.st-andrews.ac.uk": No address associated with hostname
01-28 11:19:01.819 W/System.err( 2736): 	at java.net.InetAddress.lookupHostByName(InetAddress.java:489)
01-28 11:19:01.819 W/System.err( 2736): 	at java.net.InetAddress.getAllByNameImpl(InetAddress.java:280)
01-28 11:19:01.819 W/System.err( 2736): 	at java.net.InetAddress.getAllByName(InetAddress.java:249)
01-28 11:19:01.819 W/System.err( 2736): 	at org.apache.harmony.luni.internal.net.www.protocol.http.HttpConnection.<init>(HttpConnection.java:69)
01-28 11:19:01.819 W/System.err( 2736): 	at org.apache.harmony.luni.internal.net.www.protocol.http.HttpConnection.<init>(HttpConnection.java:48)
01-28 11:19:01.819 W/System.err( 2736): 	at org.apache.harmony.luni.internal.net.www.protocol.http.HttpConnection$Address.connect(HttpConnection.java:304)
01-28 11:19:01.819 W/System.err( 2736): 	at org.apache.harmony.luni.internal.net.www.protocol.http.HttpConnectionPool.get(HttpConnectionPool.java:89)
01-28 11:19:01.819 W/System.err( 2736): 	at org.apache.harmony.luni.internal.net.www.protocol.http.HttpURLConnectionImpl.getHttpConnection(HttpURLConnectionImpl.java:292)
01-28 11:19:01.819 W/System.err( 2736): 	at org.apache.harmony.luni.internal.net.www.protocol.http.HttpURLConnectionImpl.makeConnection(HttpURLConnectionImpl.java:274)
01-28 11:19:01.829 W/System.err( 2736): 	at org.apache.harmony.luni.internal.net.www.protocol.http.HttpURLConnectionImpl.connect(HttpURLConnectionImpl.java:217)
01-28 11:19:01.829 W/System.err( 2736): 	at org.apache.harmony.luni.internal.net.www.protocol.http.HttpURLConnectionImpl.getOutputStream(HttpURLConnectionImpl.java:624)
01-28 11:19:01.829 W/System.err( 2736): 	at uk.ac.st_andrews.cs.host.mk74.naivewifiindoorlocalization.WiFiNavigator$SendScanResultsTask.doInBackground(WiFiNavigator.java:124)
01-28 11:19:01.829 W/System.err( 2736): 	at uk.ac.st_andrews.cs.host.mk74.naivewifiindoorlocalization.WiFiNavigator$SendScanResultsTask.doInBackground(WiFiNavigator.java:1)
01-28 11:19:01.829 W/System.err( 2736): 	at android.os.AsyncTask$2.call(AsyncTask.java:252)
01-28 11:19:01.829 D/SurfaceFlinger( 1441): getTokenForSurface(0x90634) => 3 (client=0xaef50, bitmap=0000000f), pid=2756
01-28 11:19:01.839 D/msm7x30.gralloc( 1441): gpu_context_t::getGrallocInformationFromFormat  1 
01-28 11:19:01.839 W/System.err( 2736): 	at java.util.concurrent.FutureTask$Sync.innerRun(FutureTask.java:305)
01-28 11:19:01.849 W/System.err( 2736): 	at java.util.concurrent.FutureTask.run(FutureTask.java:137)
01-28 11:19:01.859 W/System.err( 2736): 	at java.util.concurrent.ThreadPoolExecutor.runWorker(ThreadPoolExecutor.java:1081)
01-28 11:19:01.869 W/System.err( 2736): 	at java.util.concurrent.ThreadPoolExecutor$Worker.run(ThreadPoolExecutor.java:574)
01-28 11:19:01.869 W/System.err( 2736): 	at java.lang.Thread.run(Thread.java:1028)
01-28 11:19:01.889 D/SurfaceFlinger( 1441): virtual void android::Layer::onRemoved(): lcblk (identity=31, status=0, token=2)
01-28 11:19:01.969 W/wpa_supplicant( 1785): Ongoing Scan action...
01-28 11:19:02.019 D/msm7x30.gralloc( 1441): gpu_context_t::getGrallocInformationFromFormat  1 
01-28 11:19:02.069 D/dalvikvm( 2756): GC_FOR_ALLOC freed 3911K, 33% free 8329K/12423K, paused 33ms
01-28 11:19:02.069 I/dalvikvm-heap( 2756): Grow heap (frag case) to 10.453MB for 2342416-byte allocation
01-28 11:19:02.119 D/dalvikvm( 2756): GC_CONCURRENT freed 7K, 15% free 10608K/12423K, paused 3ms+2ms
01-28 11:19:02.349 I/wpa_supplicant( 1785): got scan complete
01-28 11:19:02.349 I/wpa_supplicant( 1785): wpa_supplicant_get_scan_results:return scan results2
01-28 11:19:02.349 I/wpa_supplicant( 1785): AP:ssid[BTOpenzone],rssi[-53],BSSID=9c:4e:20:c8:b0:f0
01-28 11:19:02.349 I/wpa_supplicant( 1785): AP:ssid[eduroam],rssi[-53],BSSID=9c:4e:20:c8:b0:f2
01-28 11:19:02.349 I/wpa_supplicant( 1785): AP:ssid[uos-visitor],rssi[-55],BSSID=9c:4e:20:c8:b0:f4
01-28 11:19:02.349 I/wpa_supplicant( 1785): AP:ssid[cs],rssi[-57],BSSID=9c:4e:20:c8:b0:f1
01-28 11:19:02.349 I/wpa_supplicant( 1785): AP:ssid[uos-connect],rssi[-55],BSSID=9c:4e:20:c8:b0:f3
01-28 11:19:02.349 I/wpa_supplicant( 1785): AP:ssid[cs],rssi[-75],BSSID=9c:4e:20:c8:cc:51
01-28 11:19:02.349 I/wpa_supplicant( 1785): AP:ssid[uos-visitor],rssi[-75],BSSID=9c:4e:20:c8:cc:54
01-28 11:19:02.349 I/wpa_supplicant( 1785): AP:ssid[BTOpenzone],rssi[-72],BSSID=9c:4e:20:c8:cc:50
01-28 11:19:02.349 I/wpa_supplicant( 1785): AP:ssid[eduroam],rssi[-72],BSSID=9c:4e:20:c8:cc:52
01-28 11:19:02.349 I/wpa_supplicant( 1785): AP:ssid[uos-visitor],rssi[-88],BSSID=9c:4e:20:c8:9e:74
01-28 11:19:02.349 I/wpa_supplicant( 1785): AP:ssid[eduroam],rssi[-86],BSSID=9c:4e:20:c8:9e:72
01-28 11:19:02.349 I/wpa_supplicant( 1785): AP:ssid[cs],rssi[-86],BSSID=9c:4e:20:c8:9e:71
01-28 11:19:02.349 I/wpa_supplicant( 1785): AP:ssid[BTOpenzone],rssi[-86],BSSID=9c:4e:20:c8:9e:70
01-28 11:19:02.349 I/wpa_supplicant( 1785): AP:ssid[uos-connect],rssi[-88],BSSID=9c:4e:20:c8:9e:73
01-28 11:19:02.349 I/wpa_supplicant( 1785): AP:ssid[hpsetup],rssi[-91],BSSID=c2:ce:46:d5:40:9c
01-28 11:19:02.349 I/wpa_supplicant( 1785): Received 2785 bytes of scan results (15 BSSes)
01-28 11:19:02.349 I/wpa_supplicant( 1785): wpa_driver_wext_get_scan_results---
01-28 11:19:02.349 I/wpa_supplicant( 1785): supplicant attached completed, trigger assoc.
01-28 11:19:02.349 I/wpa_supplicant( 1785): Trying to associate with 9c:4e:20:c8:b0:f1 (SSID='cs' freq=2447 MHz)
01-28 11:19:02.349 V/WifiMonitor( 1588): Event [Trying to associate with 9c:4e:20:c8:b0:f1 (SSID='cs' freq=2447 MHz)]
01-28 11:19:02.349 I/wpa_supplicant( 1785): CTRL-EVENT-STATE-CHANGE id=0 state=3 BSSID=9c:4e:20:c8:b0:f1
01-28 11:19:02.349 V/WifiMonitor( 1588): Event [CTRL-EVENT-STATE-CHANGE id=0 state=3 BSSID=9c:4e:20:c8:b0:f1]
01-28 11:19:02.389 W/System.err( 2736): java.net.UnknownHostException: Unable to resolve host "mk74.host.cs.st-andrews.ac.uk": No address associated with hostname
01-28 11:19:02.389 W/System.err( 2736): 	at java.net.InetAddress.lookupHostByName(InetAddress.java:489)
01-28 11:19:02.389 W/System.err( 2736): 	at java.net.InetAddress.getAllByNameImpl(InetAddress.java:280)
01-28 11:19:02.389 W/System.err( 2736): 	at java.net.InetAddress.getAllByName(InetAddress.java:249)
01-28 11:19:02.389 W/System.err( 2736): 	at org.apache.harmony.luni.internal.net.www.protocol.http.HttpConnection.<init>(HttpConnection.java:69)
01-28 11:19:02.389 W/System.err( 2736): 	at org.apache.harmony.luni.internal.net.www.protocol.http.HttpConnection.<init>(HttpConnection.java:48)
01-28 11:19:02.389 W/System.err( 2736): 	at org.apache.harmony.luni.internal.net.www.protocol.http.HttpConnection$Address.connect(HttpConnection.java:304)
01-28 11:19:02.389 W/System.err( 2736): 	at org.apache.harmony.luni.internal.net.www.protocol.http.HttpConnectionPool.get(HttpConnectionPool.java:89)
01-28 11:19:02.389 W/System.err( 2736): 	at org.apache.harmony.luni.internal.net.www.protocol.http.HttpURLConnectionImpl.getHttpConnection(HttpURLConnectionImpl.java:292)
01-28 11:19:02.389 W/System.err( 2736): 	at org.apache.harmony.luni.internal.net.www.protocol.http.HttpURLConnectionImpl.makeConnection(HttpURLConnectionImpl.java:274)
01-28 11:19:02.389 W/System.err( 2736): 	at org.apache.harmony.luni.internal.net.www.protocol.http.HttpURLConnectionImpl.connect(HttpURLConnectionImpl.java:217)
01-28 11:19:02.389 W/System.err( 2736): 	at org.apache.harmony.luni.internal.net.www.protocol.http.HttpURLConnectionImpl.getOutputStream(HttpURLConnectionImpl.java:624)
01-28 11:19:02.389 W/System.err( 2736): 	at uk.ac.st_andrews.cs.host.mk74.naivewifiindoorlocalization.WiFiNavigator$SendScanResultsTask.doInBackground(WiFiNavigator.java:124)
01-28 11:19:02.389 W/System.err( 2736): 	at uk.ac.st_andrews.cs.host.mk74.naivewifiindoorlocalization.WiFiNavigator$SendScanResultsTask.doInBackground(WiFiNavigator.java:1)
01-28 11:19:02.389 W/System.err( 2736): 	at android.os.AsyncTask$2.call(AsyncTask.java:252)
01-28 11:19:02.389 W/System.err( 2736): 	at java.util.concurrent.FutureTask$Sync.innerRun(FutureTask.java:305)
01-28 11:19:02.389 W/System.err( 2736): 	at java.util.concurrent.FutureTask.run(FutureTask.java:137)
01-28 11:19:02.389 W/System.err( 2736): 	at java.util.concurrent.ThreadPoolExecutor.runWorker(ThreadPoolExecutor.java:1081)
01-28 11:19:02.389 W/System.err( 2736): 	at java.util.concurrent.ThreadPoolExecutor$Worker.run(ThreadPoolExecutor.java:574)
01-28 11:19:02.389 W/System.err( 2736): 	at java.lang.Thread.run(Thread.java:1028)
01-28 11:19:02.739 D/ActivityManager( 1588): destroyActivityLocked, r=ActivityRecord{40a43e68 com.android.settings/.CredentialStorage}
01-28 11:19:02.739 V/ActivityManager( 1588): destroyActivityLocked, dalvik.system.VMStack.getThreadStackTrace(Native Method)
01-28 11:19:02.739 V/ActivityManager( 1588): destroyActivityLocked, java.lang.Thread.getStackTrace(Thread.java:746)
01-28 11:19:02.749 V/ActivityManager( 1588): destroyActivityLocked, com.android.server.am.ActivityStack.destroyActivityLocked(ActivityStack.java:3535)
01-28 11:19:02.749 V/ActivityManager( 1588): destroyActivityLocked, com.android.server.am.ActivityStack.finishCurrentActivityLocked(ActivityStack.java:3432)
01-28 11:19:02.749 V/ActivityManager( 1588): destroyActivityLocked, com.android.server.am.ActivityStack.finishCurrentActivityLocked(ActivityStack.java:3390)
01-28 11:19:02.749 V/ActivityManager( 1588): destroyActivityLocked, com.android.server.am.ActivityStack.activityIdleInternal(ActivityStack.java:3205)
01-28 11:19:02.749 V/ActivityManager( 1588): destroyActivityLocked, com.android.server.am.ActivityManagerService.activityIdle(ActivityManagerService.java:4185)
01-28 11:19:02.749 V/ActivityManager( 1588): destroyActivityLocked, android.app.ActivityManagerNative.onTransact(ActivityManagerNative.java:353)
01-28 11:19:02.749 V/ActivityManager( 1588): destroyActivityLocked, com.android.server.am.ActivityManagerService.onTransact(ActivityManagerService.java:1672)
01-28 11:19:02.749 V/ActivityManager( 1588): destroyActivityLocked, android.os.Binder.execTransact(Binder.java:339)
01-28 11:19:02.749 V/ActivityManager( 1588): destroyActivityLocked, dalvik.system.NativeStart.run(Native Method)
01-28 11:19:03.200 I/System.out( 2736): Location: unknown | WiFiNavigator running:true
01-28 11:19:03.200 I/System.out( 2736): Battery level: 99 | Time difference: -1
01-28 11:19:03.240 D/SurfaceFlinger( 1441): virtual void android::Layer::onRemoved(): lcblk (identity=38, status=0, token=1)
01-28 11:19:03.710 I/wpa_supplicant( 1785): CTRL-EVENT-DISCONNECTED - Disconnect event - remove keys
01-28 11:19:03.710 V/WifiMonitor( 1588): Event [CTRL-EVENT-DISCONNECTED - Disconnect event - remove keys]
01-28 11:19:03.710 D/WifiStateMachine( 1588): Network connection lost
01-28 11:19:03.710 D/WifiStateMachine( 1588): Reset connections and stopping DHCP
01-28 11:19:03.710 I/wpa_supplicant( 1785): CTRL-EVENT-STATE-CHANGE id=0 state=0 BSSID=9c:4e:20:c8:b0:f1
01-28 11:19:03.710 V/WifiMonitor( 1588): Event [CTRL-EVENT-STATE-CHANGE id=0 state=0 BSSID=9c:4e:20:c8:b0:f1]
01-28 11:19:03.720 I/wpa_supplicant( 1785): CTRL-EVENT-STATE-CHANGE id=0 state=4 BSSID=00:00:00:00:00:00
01-28 11:19:03.720 V/WifiMonitor( 1588): Event [CTRL-EVENT-STATE-CHANGE id=0 state=4 BSSID=00:00:00:00:00:00]
01-28 11:19:03.720 I/wpa_supplicant( 1785): Associated with 00:00:00:00:00:00
01-28 11:19:03.720 V/WifiMonitor( 1588): Event [Associated with 00:00:00:00:00:00]
01-28 11:19:03.720 I/wpa_supplicant( 1785): CTRL-REQ-CUSTOMIZATION-0:Identity
01-28 11:19:03.720 V/WifiMonitor( 1588): Event [CTRL-REQ-CUSTOMIZATION-0:Identity]
01-28 11:19:03.720 I/WifiMonitor( 1588): [EAP-MSG] Req: CUSTOMIZATION-0:Identity
01-28 11:19:03.720 I/wpa_supplicant( 1785): CTRL-EVENT-DISCONNECTED - Disconnect event - remove keys
01-28 11:19:03.720 V/WifiMonitor( 1588): Event [CTRL-EVENT-DISCONNECTED - Disconnect event - remove keys]
01-28 11:19:03.720 I/wpa_supplicant( 1785): CTRL-EVENT-STATE-CHANGE id=0 state=0 BSSID=00:00:00:00:00:00
01-28 11:19:03.720 V/WifiMonitor( 1588): Event [CTRL-EVENT-STATE-CHANGE id=0 state=0 BSSID=00:00:00:00:00:00]
01-28 11:19:03.720 I/wpa_supplicant( 1785): RX EAPOL from 9c:4e:20:c8:b0:f1
01-28 11:19:03.730 I/wpa_supplicant( 1785): Rx Data Filter Remove [5] command
01-28 11:19:03.730 I/wpa_supplicant( 1785): auto ip disabled
01-28 11:19:03.730 I/wpa_supplicant( 1785): Rx Data Filter: do not support, ignore
01-28 11:19:03.730 D/WifiStateMachine( 1588): setDetailed state, old =CONNECTING and new state=DISCONNECTED
01-28 11:19:03.730 D/WifiStateMachine( 1588): broadcastNetworkStateChange, state =DISCONNECTED
01-28 11:19:03.730 D/ConnectivityService( 1588): [embedded] ConnectivityChange for WIFI: DISCONNECTED/DISCONNECTED, default=-1
01-28 11:19:03.730 D/ConnectivityService( 1588): getMobileDataEnabled returning false
01-28 11:19:03.740 I//system/bin/wpa_supplicant( 1783): l2_packet_receive - recvfrom: Network is down
01-28 11:19:03.740 D/UsbnetStateTracker( 1588): isAvailable+-
01-28 11:19:03.740 D/UsbnetStateTracker( 1588): reconnect
01-28 11:19:03.740 D/UsbnetStateTracker( 1588): isAvailable+-
01-28 11:19:03.740 D/RemoveMe( 1686): DCT got intent android.net.wifi.STATE_CHANGE
01-28 11:19:03.740 D/DataConnectionTracker( 1686): enableApnType(default), isApnTypeActive=false, isApnIdEnabled=true and state= IDLE
01-28 11:19:03.740 D/StatusBar.NetworkController( 1665): mSignalStrength.isGsm() == true
01-28 11:19:03.750 D/RemoveMe( 1686): DCT got intent android.net.wifi.STATE_CHANGE
01-28 11:19:03.750 D/WifiStateMachine( 1588): Changing supplicant state: ASSOCIATED ==> ASSOCIATING
01-28 11:19:03.750 D/RemoveMe( 1686): DCT got intent android.net.wifi.STATE_CHANGE
01-28 11:19:03.750 D/WifiStateMachine( 1588): setDetailed state, old =DISCONNECTED and new state=CONNECTING
01-28 11:19:03.760 D/Tethering( 1588): Tethering got CONNECTIVITY_ACTION type: WIFI, subtype: , status: DISCONNECTED
01-28 11:19:03.760 I/keystore( 1448): uid: 1000 action: t -> 1 state: 1 -> 1 retry: 4
01-28 11:19:03.760 I/wpa_supplicant( 1785): CTRL_IFACE: wpa_supplicant_ctrl_iface_enable_80211X
01-28 11:19:03.760 D/WifiStateMachine( 1588): Changing supplicant state: ASSOCIATING ==> DISCONNECTED
01-28 11:19:03.760 D/LocationManagerService( 1588): CONNECTIVITY_ACTION: synchronized+
01-28 11:19:03.760 D/LocationManagerService( 1588): updateNetworkState unavailable info: NetworkInfo: type: WIFI[], state: CONNECTING/CONNECTING, reason: (unspecified), extra: (none), roaming: false, failover: false, isAvailable: true, isIpv4Connected: false, isIpv6Connected: false
01-28 11:19:03.760 D/LocationManagerService( 1588): CONNECTIVITY_ACTION: synchronized+ provider size: 3
01-28 11:19:03.760 D/WifiStateMachine( 1588): setDetailed state, old =CONNECTING and new state=DISCONNECTED
01-28 11:19:03.770 D/WifiStateMachine( 1588): Changing supplicant state: DISCONNECTED ==> ASSOCIATED
01-28 11:19:03.770 D/WifiStateMachine( 1588): setDetailed state, old =DISCONNECTED and new state=CONNECTING
01-28 11:19:03.770 D/Tethering( 1588): icon Type=1, subtype=0
01-28 11:19:03.770 D/Tethering( 1588): MasterInitialState.processMessage what=3
01-28 11:19:03.770 D/StatusBar.NetworkController( 1665): mSignalStrength.isGsm() == true
01-28 11:19:03.780 D/WifiStateMachine( 1588): Changing supplicant state: ASSOCIATED ==> DISCONNECTED
01-28 11:19:03.780 D/WifiStateMachine( 1588): setDetailed state, old =CONNECTING and new state=DISCONNECTED
01-28 11:19:03.780 D/GpsLocationProvider( 1588): + synchronized updateNetworkState  info: NetworkInfo: type: WIFI[], state: DISCONNECTED/DISCONNECTED, reason: (unspecified), extra: (none), roaming: false, failover: false, isAvailable: true, isIpv4Connected: false, isIpv6Connected: false
01-28 11:19:03.780 D/GpsLocationProvider( 1588): [shen] debug
01-28 11:19:03.780 D/GpsLocationProvider( 1588): [handleMessage] message :4
01-28 11:19:03.780 D/LocationManagerService( 1588): CONNECTIVITY_ACTION: synchronized-
01-28 11:19:03.780 D/GpsLocationProvider( 1588): [handleMessage] UPDATE_NETWORK_STATE
01-28 11:19:03.800 D/GpsLocationProvider( 1588): updateNetworkState unavailable info: NetworkInfo: type: WIFI[], state: DISCONNECTED/DISCONNECTED, reason: (unspecified), extra: (none), roaming: false, failover: false, isAvailable: true, isIpv4Connected: false, isIpv6Connected: false
01-28 11:19:03.821 I/wpa_supplicant( 1785): CTRL-EVENT-STATE-CHANGE id=0 state=2 BSSID=00:00:00:00:00:00
01-28 11:19:03.821 V/WifiMonitor( 1588): Event [CTRL-EVENT-STATE-CHANGE id=0 state=2 BSSID=00:00:00:00:00:00]
01-28 11:19:03.821 D/WifiStateMachine( 1588): Changing supplicant state: DISCONNECTED ==> SCANNING
01-28 11:19:03.821 D/WifiStateMachine( 1588): setDetailed state, old =DISCONNECTED and new state=SCANNING
01-28 11:19:04.151 I/NetSharing_NSReceiver( 2756): customizedNS:true
01-28 11:19:04.151 W/TelephonyManager( 2756): Hidden constructor called more than once per process!
01-28 11:19:04.151 W/TelephonyManager( 2756): Original: com.android.settings, new: com.android.settings
01-28 11:19:04.151 D/NetSharing_NSReceiver( 2756): onReceive : android.net.wifi.STATE_CHANGE
01-28 11:19:04.151 I/NetSharing_NSReceiver( 2756): wifienabled:false
01-28 11:19:04.161 D/DrmScannerReceiver( 1774): android.net.wifi.STATE_CHANGE
01-28 11:19:04.181 I/ActivityManager( 1588): Start proc com.htc.notes for broadcast com.htc.notes/.collection.NotesReceiver: pid=2798 uid=9996 gids={3003, 1015, 1006, 2001}
01-28 11:19:04.181 D/DrmIntentService( 1774): TIME_THREAD
01-28 11:19:04.181 D/DrmIntentService( 1774): Wifi disconnected.
01-28 11:19:04.271 I/ActivityManager( 1588): Start proc com.sdgtl.watch.flyer for broadcast com.sdgtl.watch.flyer/com.sdgtl.watch.service.ModeChangeReceiver: pid=2805 uid=10016 gids={3003, 1015}
01-28 11:19:04.301 I/ActivityManager( 1588): No longer want com.htc.launcher.widgetscanner (pid 2616): hidden #16
01-28 11:19:04.381 W/ContentService( 1588): binderDied() at ObserverNode name favorites
01-28 11:19:04.421 I/ActivityThread( 2805): Pub com.sdgtl.watchapp.widget: com.sdgtl.watch.widget.WatchAppContentProvider
01-28 11:19:04.441 I/ActivityThread( 2805): Pub searchformovies: com.sdgtl.watch.search.CatalogSearchProvider
01-28 11:19:04.441 I/ActivityThread( 2805): Pub com.sdgtl.watch.WatchAppCarouselProvider: com.sdgtl.watch.WatchAppCarouselProvider
01-28 11:19:04.551 D/dalvikvm( 2805): GC_CONCURRENT freed 326K, 6% free 6633K/7047K, paused 1ms+12ms
01-28 11:19:04.601 I/ActivityManager( 1588): Start proc com.htc.bg for broadcast com.htc.providers.uploads/.UploadReceiver: pid=2813 uid=10013 gids={2001, 3003, 1006, 1015}
01-28 11:19:04.631 I/ActivityManager( 1588): No longer want com.htc.htchubsyncprovider (pid 2681): hidden #16
01-28 11:19:04.651 I/ActivityThread( 2813): Pub com.htc.socialnetwork.flickr.provider.StreamProvider: com.htc.socialnetwork.flickr.provider.FlickrStreamProvider
01-28 11:19:04.671 I/ActivityThread( 2813): Pub com.htc.accounts: com.htc.CustomizationSetup.AccountsProvider
01-28 11:19:04.691 I/ActivityThread( 2813): Pub com.htc.htctwitter.Users: com.htc.htctwitter.FriendProvider
01-28 11:19:04.711 I/ActivityThread( 2813): Pub com.htc.opensense.snprovider: com.htc.opensense.snprovider.SocialNetworkProvider
01-28 11:19:04.731 D/SocialNetworkProvider( 2813): onCreate
01-28 11:19:04.731 I/ActivityThread( 2813): Pub com.htc.socialnetwork.flickr.provider.CacheImageProvider: com.htc.socialnetwork.flickr.provider.FlickrCacheImageProvider
01-28 11:19:04.731 I/ActivityThread( 2813): Pub com.htc.friendstream.provider.FriendStreamProvider: com.htc.friendstream.provider.FriendStreamProvider
01-28 11:19:04.741 I/ActivityThread( 2813): Pub com.htc.chirp.provider.Tweet;com.htc.htctwitter: com.htc.htctwitter.TwitterProvider
01-28 11:19:04.771 I/ActivityThread( 2813): Pub com.htc.provider.settings: com.htc.provider.settings.NotificationFlashLightProvider
01-28 11:19:04.771 I/ActivityThread( 2813): Pub com.htc.settings.accountsync.SYNC: com.htc.opensense.syncprovider.SyncProvider
01-28 11:19:04.771 D/SyncProvider( 2813): onCreate
01-28 11:19:04.771 I/ActivityThread( 2813): Pub com.htc.providers.uploads: com.htc.providers.uploads.UploadProvider
01-28 11:19:04.771 D/UploadProvider( 2813): UploadProvider is running
01-28 11:19:04.771 I/ActivityThread( 2813): Pub com.htc.cachemanager: com.htc.opensense.cachemanager.CacheProvider
01-28 11:19:04.781 I/ActivityThread( 2813): Pub com.htc.socialnetwork.facebook.provider.CacheImageProvider: com.htc.socialnetwork.facebook.provider.FacebookCacheImageProvider
01-28 11:19:04.801 I/ActivityThread( 2813): Pub com.htc.htctwitter.provider.CacheImageProvider: com.htc.htctwitter.provider.TwitterCacheImageProvider
01-28 11:19:04.801 I/ActivityThread( 2813): Pub com.htc.socialnetwork.facebook: com.htc.socialnetwork.facebook.FacebookDB
01-28 11:19:04.811 D/UploadReceiver( 2813): Action android.net.conn.CONNECTIVITY_CHANGE
01-28 11:19:04.811 I/ActivityManager( 1588): Start proc com.htc.reportagent for broadcast com.htc.reportagent/.receiver.ReportAgentReceiver: pid=2823 uid=10038 gids={3003, 1007}
01-28 11:19:04.831 V/UploadReceiver( 2813): Receiver onConnectivity
01-28 11:19:04.862 I/ActivityManager( 1588): No longer want com.svox.pico (pid 2684): hidden #16
01-28 11:19:04.882 I/MyReportAgent( 2823): ReportAgentReceiver [onReceive] android.net.conn.CONNECTIVITY_CHANGE
01-28 11:19:04.892 D/MyHTC   ( 1892): PoweronReceiver.onReceive(): intent=android.net.conn.CONNECTIVITY_CHANGE
01-28 11:19:04.892 I/ActivityManager( 1588): No longer want com.htc.cs (pid 2630): hidden #16
01-28 11:19:04.902 I/ActivityManager( 1588): Start proc com.google.android.apps.uploader for broadcast com.google.android.apps.uploader/.ConnectivityBroadcastReceiver: pid=2832 uid=10043 gids={3003}
01-28 11:19:04.912 D/CSUtil  ( 1892): serverTime = 1390907523405
01-28 11:19:04.912 D/CSUtil  ( 1892): serverTime = 56030
01-28 11:19:04.912 D/CSUtil  ( 1892): curGMTTime = 40744916
01-28 11:19:05.022 I/ActivityThread( 2832): Pub com.google.android.apps.uploader: com.google.android.apps.uploader.UploadsContentProvider
01-28 11:19:05.032 I/ActivityThread( 2832): Pub com.google.photos.provider.Album: com.google.android.apps.uploader.clients.picasa.AlbumProvider
01-28 11:19:05.032 D/MediaUploader( 2832): UploaderApplication.onCreate
01-28 11:19:05.072 D/dalvikvm( 1725): GC_EXPLICIT freed 280K, 6% free 6809K/7239K, paused 1ms+2ms
01-28 11:19:05.082 D/MediaUploader( 2832): nonWifiLimit=20971520, default=20971520
01-28 11:19:05.082 I/MediaUploader( 2832): No need to wake up
01-28 11:19:05.092 I/ActivityManager( 1588): Start proc com.htc.notes:NotesService for broadcast com.htc.notes/.provider.notes.NotesReceiver: pid=2843 uid=9996 gids={3003, 1015, 1006, 2001}
01-28 11:19:05.092 I/ActivityManager( 1588): No longer want com.android.vending (pid 2641): hidden #16
01-28 11:19:05.132 D/dalvikvm( 1442): GC_EXPLICIT freed 12K, 5% free 6453K/6787K, paused 1ms+1ms
01-28 11:19:05.182 D/dalvikvm( 1442): GC_EXPLICIT freed <1K, 5% free 6453K/6787K, paused 1ms+3ms
01-28 11:19:05.202 D/dalvikvm( 1442): GC_EXPLICIT freed <1K, 5% free 6453K/6787K, paused 1ms+1ms
01-28 11:19:05.202 I/ActivityManager( 1588): Start proc com.htc.htcMessageUploader for broadcast com.htc.htcMessageUploader/.UploadMessageReceiver: pid=2850 uid=10060 gids={3003}
01-28 11:19:05.212 V/MyReportAgent( 2823): ReportAgentReceiver Recv Intent: Intent { act=android.net.conn.CONNECTIVITY_CHANGE flg=0x10000010 cmp=com.htc.reportagent/.receiver.ReportAgentReceiver (has extras) }
01-28 11:19:05.212 D/MyReportAgent( 2823): android.net.conn.CONNECTIVITY_CHANGE
01-28 11:19:05.222 D/MyReportAgent( 2823): ReportService [##] onCreate(), this = com.htc.reportagent.ReportService@40681c28
01-28 11:19:05.232 W/ContentService( 1588): binderDied() at ObserverNode name com.google.android.gsf.gservices
01-28 11:19:05.232 D/MyReportAgent( 2823): ReportService [##] onStartCommand(), flags = 2, startId = 1, intent = Intent { act=android.net.conn.CONNECTIVITY_CHANGE flg=0x10000010 cmp=com.htc.reportagent/.ReportService (has extras) }, this = com.htc.reportagent.ReportService@40681c28
01-28 11:19:05.242 V/htcMessageUploader( 2850): [UploadMessageReceiver] UploadMessageReceiver() constructor !!!
01-28 11:19:05.242 I/htcMessageUploader( 2850): Start thread to upload fota event message:com.htc.htcMessageUploader.UploadMessageReceiver
01-28 11:19:05.242 D/htcMessageUploader( 2850): Total time in main thread:1 milli-seconds
01-28 11:19:05.242 I/ActivityManager( 1588): No longer want com.htc.recommend (pid 2665): hidden #16
01-28 11:19:05.292 D/AutoSetting( 1806): receiver - intent: android.net.conn.CONNECTIVITY_CHANGE
01-28 11:19:05.292 D/AutoSetting( 1806): receiver - NetworkInfo: type: WIFI[], state: DISCONNECTED/SCANNING, reason: (unspecified), extra: (none), roaming: false, failover: false, isAvailable: true, isIpv4Connected: false, isIpv6Connected: false
01-28 11:19:05.292 D/htcMessageUploader( 2850): Get CONNECTIVITY_ACTION intent 
01-28 11:19:05.292 I/htcMessageUploader( 2850): == UploadMessageReceiver finished ==
01-28 11:19:05.292 D/Socket_Alarm( 2850): registerHTCSocketMonitorCallBack
01-28 11:19:05.292 D/Socket_Alarm( 2850): set mSocketMonitor
01-28 11:19:05.292 D/Socket_Alarm( 2850): HTCSocketMonitorImpl::HTCSocketMonitorImpl
01-28 11:19:05.302 D/dalvikvm( 2813): GC_CONCURRENT freed 182K, 5% free 6718K/7047K, paused 2ms+83ms
01-28 11:19:05.302 D/AutoSetting( 1806): Util - no network available!
01-28 11:19:05.302 D/AutoSetting( 1806): service - onStartCommand() action: com.htc.app.autosetting.cancellocationupdate
01-28 11:19:05.302 D/AutoSetting( 1806): service - mHandler: cancel location update
01-28 11:19:05.302 D/AutoSetting( 1806): service -           changes count: 0
01-28 11:19:05.302 W/TelephonyManager( 1725): Hidden constructor called more than once per process!
01-28 11:19:05.302 W/TelephonyManager( 1725): Original: com.google.android.gsf, new: com.google.android.gsf
01-28 11:19:05.312 D/UPolicy ( 2823): IUserBehaviorLoggingService reference is gotten !
01-28 11:19:06.173 I/wpa_supplicant( 1785): got scan complete
01-28 11:19:06.173 I/wpa_supplicant( 1785): wpa_supplicant_get_scan_results:return scan results2
01-28 11:19:06.173 I/wpa_supplicant( 1785): AP:ssid[BTOpenzone],rssi[-53],BSSID=9c:4e:20:c8:b0:f0
01-28 11:19:06.173 I/wpa_supplicant( 1785): AP:ssid[uos-visitor],rssi[-53],BSSID=9c:4e:20:c8:b0:f4
01-28 11:19:06.173 I/wpa_supplicant( 1785): AP:ssid[eduroam],rssi[-54],BSSID=9c:4e:20:c8:b0:f2
01-28 11:19:06.173 I/wpa_supplicant( 1785): AP:ssid[cs],rssi[-53],BSSID=9c:4e:20:c8:b0:f1
01-28 11:19:06.173 I/wpa_supplicant( 1785): AP:ssid[uos-connect],rssi[-55],BSSID=9c:4e:20:c8:b0:f3
01-28 11:19:06.173 I/wpa_supplicant( 1785): AP:ssid[cs],rssi[-74],BSSID=9c:4e:20:c8:cc:51
01-28 11:19:06.173 I/wpa_supplicant( 1785): AP:ssid[uos-connect],rssi[-74],BSSID=9c:4e:20:c8:cc:53
01-28 11:19:06.183 I/wpa_supplicant( 1785): AP:ssid[BTOpenzone],rssi[-73],BSSID=9c:4e:20:c8:cc:50
01-28 11:19:06.183 I/wpa_supplicant( 1785): AP:ssid[uos-visitor],rssi[-73],BSSID=9c:4e:20:c8:cc:54
01-28 11:19:06.183 I/wpa_supplicant( 1785): AP:ssid[eduroam],rssi[-74],BSSID=9c:4e:20:c8:cc:52
01-28 11:19:06.183 I/wpa_supplicant( 1785): AP:ssid[cs],rssi[-84],BSSID=9c:4e:20:c8:9e:71
01-28 11:19:06.183 I/wpa_supplicant( 1785): AP:ssid[uos-visitor],rssi[-84],BSSID=9c:4e:20:c8:9e:74
01-28 11:19:06.183 I/wpa_supplicant( 1785): AP:ssid[eduroam],rssi[-84],BSSID=9c:4e:20:c8:9e:72
01-28 11:19:06.183 I/wpa_supplicant( 1785): AP:ssid[BTOpenzone],rssi[-85],BSSID=9c:4e:20:c8:9e:70
01-28 11:19:06.183 I/wpa_supplicant( 1785): AP:ssid[uos-connect],rssi[-84],BSSID=9c:4e:20:c8:9e:73
01-28 11:19:06.183 I/wpa_supplicant( 1785): AP:ssid[hpsetup],rssi[-92],BSSID=c2:ce:46:d5:40:9c
01-28 11:19:06.183 I/wpa_supplicant( 1785): Received 2960 bytes of scan results (16 BSSes)
01-28 11:19:06.183 I/wpa_supplicant( 1785): wpa_driver_wext_get_scan_results---
01-28 11:19:06.193 I/wpa_supplicant( 1785): supplicant attached completed, trigger assoc.
01-28 11:19:06.193 I/wpa_supplicant( 1785): Trying to associate with 9c:4e:20:c8:cc:51 (SSID='cs' freq=2462 MHz)
01-28 11:19:06.193 V/WifiMonitor( 1588): Event [Trying to associate with 9c:4e:20:c8:cc:51 (SSID='cs' freq=2462 MHz)]
01-28 11:19:06.203 I/wpa_supplicant( 1785): CTRL-EVENT-STATE-CHANGE id=0 state=3 BSSID=9c:4e:20:c8:cc:51
01-28 11:19:06.203 V/WifiMonitor( 1588): Event [CTRL-EVENT-STATE-CHANGE id=0 state=3 BSSID=9c:4e:20:c8:cc:51]
01-28 11:19:06.213 I/System.out( 2736): Location: unknown | WiFiNavigator running:true
01-28 11:19:06.213 I/System.out( 2736): Battery level: 99 | Time difference: -1
01-28 11:19:06.363 D/WifiStateMachine( 1588): Changing supplicant state: SCANNING ==> ASSOCIATING
01-28 11:19:06.373 D/WifiStateMachine( 1588): setDetailed state, old =SCANNING and new state=CONNECTING
01-28 11:19:06.373 I/keystore( 1448): uid: 1000 action: t -> 1 state: 1 -> 1 retry: 4
01-28 11:19:06.373 I/wpa_supplicant( 1785): CTRL_IFACE: wpa_supplicant_ctrl_iface_enable_80211X
01-28 11:19:06.393 W/System.err( 2736): java.net.UnknownHostException: Unable to resolve host "mk74.host.cs.st-andrews.ac.uk": No address associated with hostname
01-28 11:19:06.393 W/System.err( 2736): 	at java.net.InetAddress.lookupHostByName(InetAddress.java:499)
01-28 11:19:06.393 W/System.err( 2736): 	at java.net.InetAddress.getAllByNameImpl(InetAddress.java:280)
01-28 11:19:06.393 W/System.err( 2736): 	at java.net.InetAddress.getAllByName(InetAddress.java:249)
01-28 11:19:06.393 W/System.err( 2736): 	at org.apache.harmony.luni.internal.net.www.protocol.http.HttpConnection.<init>(HttpConnection.java:69)
01-28 11:19:06.403 W/System.err( 2736): 	at org.apache.harmony.luni.internal.net.www.protocol.http.HttpConnection.<init>(HttpConnection.java:48)
01-28 11:19:06.403 W/System.err( 2736): 	at org.apache.harmony.luni.internal.net.www.protocol.http.HttpConnection$Address.connect(HttpConnection.java:304)
01-28 11:19:06.403 W/System.err( 2736): 	at org.apache.harmony.luni.internal.net.www.protocol.http.HttpConnectionPool.get(HttpConnectionPool.java:89)
01-28 11:19:06.403 W/System.err( 2736): 	at org.apache.harmony.luni.internal.net.www.protocol.http.HttpURLConnectionImpl.getHttpConnection(HttpURLConnectionImpl.java:292)
01-28 11:19:06.403 W/System.err( 2736): 	at org.apache.harmony.luni.internal.net.www.protocol.http.HttpURLConnectionImpl.makeConnection(HttpURLConnectionImpl.java:274)
01-28 11:19:06.403 W/System.err( 2736): 	at org.apache.harmony.luni.internal.net.www.protocol.http.HttpURLConnectionImpl.connect(HttpURLConnectionImpl.java:217)
01-28 11:19:06.403 W/System.err( 2736): 	at org.apache.harmony.luni.internal.net.www.protocol.http.HttpURLConnectionImpl.getOutputStream(HttpURLConnectionImpl.java:624)
01-28 11:19:06.413 W/System.err( 2736): 	at uk.ac.st_andrews.cs.host.mk74.naivewifiindoorlocalization.WiFiNavigator$SendScanResultsTask.doInBackground(WiFiNavigator.java:124)
01-28 11:19:06.423 W/System.err( 2736): 	at uk.ac.st_andrews.cs.host.mk74.naivewifiindoorlocalization.WiFiNavigator$SendScanResultsTask.doInBackground(WiFiNavigator.java:1)
01-28 11:19:06.433 W/System.err( 2736): 	at android.os.AsyncTask$2.call(AsyncTask.java:252)
01-28 11:19:06.433 W/System.err( 2736): 	at java.util.concurrent.FutureTask$Sync.innerRun(FutureTask.java:305)
01-28 11:19:06.443 W/System.err( 2736): 	at java.util.concurrent.FutureTask.run(FutureTask.java:137)
01-28 11:19:06.443 W/System.err( 2736): 	at java.util.concurrent.ThreadPoolExecutor.runWorker(ThreadPoolExecutor.java:1081)
01-28 11:19:06.453 W/System.err( 2736): 	at java.util.concurrent.ThreadPoolExecutor$Worker.run(ThreadPoolExecutor.java:574)
01-28 11:19:06.453 W/System.err( 2736): 	at java.lang.Thread.run(Thread.java:1028)
01-28 11:19:06.473 D/dalvikvm( 2756): GC_CONCURRENT freed 3535K, 33% free 8408K/12423K, paused 2ms+2ms
01-28 11:19:06.843 V/HtcAlertDialog( 2756): onStop
01-28 11:19:06.884 D/SurfaceFlinger( 1441): virtual void android::Layer::onRemoved(): lcblk (identity=39, status=0, token=3)
01-28 11:19:07.804 I/wpa_supplicant( 1785): CTRL-EVENT-STATE-CHANGE id=0 state=4 BSSID=9c:4e:20:c8:cc:51
01-28 11:19:07.814 V/WifiMonitor( 1588): Event [CTRL-EVENT-STATE-CHANGE id=0 state=4 BSSID=9c:4e:20:c8:cc:51]
01-28 11:19:07.814 D/WifiStateMachine( 1588): Changing supplicant state: ASSOCIATING ==> ASSOCIATED
01-28 11:19:07.814 D/WifiStateMachine( 1588): setDetailed state, old =CONNECTING and new state=CONNECTING
01-28 11:19:07.824 I/wpa_supplicant( 1785): Associated with 00:00:00:00:00:00
01-28 11:19:07.824 V/WifiMonitor( 1588): Event [Associated with 00:00:00:00:00:00]
01-28 11:19:07.824 I/wpa_supplicant( 1785): CTRL-REQ-CUSTOMIZATION-0:Identity
01-28 11:19:07.824 V/WifiMonitor( 1588): Event [CTRL-REQ-CUSTOMIZATION-0:Identity]
01-28 11:19:07.824 I/WifiMonitor( 1588): [EAP-MSG] Req: CUSTOMIZATION-0:Identity
01-28 11:19:07.824 I/wpa_supplicant( 1785): CTRL-EVENT-DISCONNECTED - Disconnect event - remove keys
01-28 11:19:07.824 V/WifiMonitor( 1588): Event [CTRL-EVENT-DISCONNECTED - Disconnect event - remove keys]
01-28 11:19:07.834 I/wpa_supplicant( 1785): CTRL-EVENT-STATE-CHANGE id=0 state=0 BSSID=9c:4e:20:c8:cc:51
01-28 11:19:07.834 V/WifiMonitor( 1588): Event [CTRL-EVENT-STATE-CHANGE id=0 state=0 BSSID=9c:4e:20:c8:cc:51]
01-28 11:19:07.834 I/wpa_supplicant( 1785): RX EAPOL from 9c:4e:20:c8:cc:51
01-28 11:19:07.834 D/WifiStateMachine( 1588): Changing supplicant state: ASSOCIATED ==> DISCONNECTED
01-28 11:19:07.834 D/WifiStateMachine( 1588): setDetailed state, old =CONNECTING and new state=DISCONNECTED
01-28 11:19:07.935 I/wpa_supplicant( 1785): CTRL-EVENT-STATE-CHANGE id=0 state=2 BSSID=00:00:00:00:00:00
01-28 11:19:07.935 V/WifiMonitor( 1588): Event [CTRL-EVENT-STATE-CHANGE id=0 state=2 BSSID=00:00:00:00:00:00]
01-28 11:19:07.935 D/WifiStateMachine( 1588): Changing supplicant state: DISCONNECTED ==> SCANNING
01-28 11:19:07.935 D/WifiStateMachine( 1588): setDetailed state, old =DISCONNECTED and new state=SCANNING
01-28 11:19:07.955 D/dalvikvm( 2756): GC_CONCURRENT freed 484K, 32% free 8544K/12423K, paused 1ms+2ms
01-28 11:19:08.055 I/keystore( 1448): uid: 1000 action: t -> 1 state: 1 -> 1 retry: 4
01-28 11:19:08.285 D/ActivityManager( 1588): isSketcherDisabledInCurrentTask():false, ActivityRecord{406a10e8 com.android.settings/.Settings$WifiSettingsActivity}
01-28 11:19:08.395 D/dalvikvm( 2756): GC_CONCURRENT freed 418K, 30% free 8786K/12423K, paused 1ms+11ms
01-28 11:19:08.525 D/SurfaceFlinger( 1441): getTokenForSurface(0xce92c) => 1 (client=0xaef50, bitmap=00000003), pid=2756
01-28 11:19:08.525 D/msm7x30.gralloc( 1441): gpu_context_t::getGrallocInformationFromFormat  1 
01-28 11:19:08.615 D/msm7x30.gralloc( 1441): gpu_context_t::getGrallocInformationFromFormat  1 
01-28 11:19:09.196 I/System.out( 2736): Location: unknown | WiFiNavigator running:true
01-28 11:19:09.196 I/System.out( 2736): Battery level: 99 | Time difference: -1
01-28 11:19:09.806 V/HtcAlertDialog( 2756): onStop
01-28 11:19:09.866 D/SurfaceFlinger( 1441): virtual void android::Layer::onRemoved(): lcblk (identity=40, status=0, token=1)
01-28 11:19:10.037 I/wpa_supplicant( 1785): got scan complete
01-28 11:19:10.037 I/wpa_supplicant( 1785): wpa_supplicant_get_scan_results:return scan results2
01-28 11:19:10.037 I/wpa_supplicant( 1785): AP:ssid[cs],rssi[-73],BSSID=9c:4e:20:c8:cc:51
01-28 11:19:10.037 I/wpa_supplicant( 1785): AP:ssid[BTOpenzone],rssi[-73],BSSID=9c:4e:20:c8:cc:50
01-28 11:19:10.037 I/wpa_supplicant( 1785): AP:ssid[uos-visitor],rssi[-72],BSSID=9c:4e:20:c8:cc:54
01-28 11:19:10.037 I/wpa_supplicant( 1785): AP:ssid[eduroam],rssi[-68],BSSID=9c:4e:20:c8:cc:52
01-28 11:19:10.037 I/wpa_supplicant( 1785): AP:ssid[uos-connect],rssi[-73],BSSID=9c:4e:20:c8:cc:53
01-28 11:19:10.037 I/wpa_supplicant( 1785): AP:ssid[BTOpenzone],rssi[-82],BSSID=9c:4e:20:c8:9e:70
01-28 11:19:10.037 I/wpa_supplicant( 1785): AP:ssid[uos-visitor],rssi[-84],BSSID=9c:4e:20:c8:9e:74
01-28 11:19:10.037 I/wpa_supplicant( 1785): AP:ssid[eduroam],rssi[-85],BSSID=9c:4e:20:c8:9e:72
01-28 11:19:10.037 I/wpa_supplicant( 1785): AP:ssid[uos-connect],rssi[-85],BSSID=9c:4e:20:c8:9e:73
01-28 11:19:10.037 I/wpa_supplicant( 1785): AP:ssid[cs],rssi[-84],BSSID=9c:4e:20:c8:9e:71
01-28 11:19:10.037 I/wpa_supplicant( 1785): AP:ssid[hpsetup],rssi[-92],BSSID=c2:ce:46:d5:40:9c
01-28 11:19:10.037 I/wpa_supplicant( 1785): AP:ssid[uos-visitor],rssi[-56],BSSID=9c:4e:20:c8:b0:f4
01-28 11:19:10.037 I/wpa_supplicant( 1785): AP:ssid[eduroam],rssi[-55],BSSID=9c:4e:20:c8:b0:f2
01-28 11:19:10.037 I/wpa_supplicant( 1785): AP:ssid[BTOpenzone],rssi[-55],BSSID=9c:4e:20:c8:b0:f0
01-28 11:19:10.037 I/wpa_supplicant( 1785): AP:ssid[cs],rssi[-55],BSSID=9c:4e:20:c8:b0:f1
01-28 11:19:10.037 I/wpa_supplicant( 1785): AP:ssid[uos-connect],rssi[-55],BSSID=9c:4e:20:c8:b0:f3
01-28 11:19:10.037 I/wpa_supplicant( 1785): Received 2960 bytes of scan results (16 BSSes)
01-28 11:19:10.037 I/wpa_supplicant( 1785): wpa_driver_wext_get_scan_results---
01-28 11:19:10.037 I/wpa_supplicant( 1785): supplicant attached completed, trigger assoc.
01-28 11:19:10.037 I/wpa_supplicant( 1785): Trying to associate with 9c:4e:20:c8:cc:51 (SSID='cs' freq=2462 MHz)
01-28 11:19:10.037 V/WifiMonitor( 1588): Event [Trying to associate with 9c:4e:20:c8:cc:51 (SSID='cs' freq=2462 MHz)]
01-28 11:19:10.037 I/wpa_supplicant( 1785): CTRL-EVENT-STATE-CHANGE id=0 state=3 BSSID=9c:4e:20:c8:cc:51
01-28 11:19:10.037 V/WifiMonitor( 1588): Event [CTRL-EVENT-STATE-CHANGE id=0 state=3 BSSID=9c:4e:20:c8:cc:51]
01-28 11:19:10.047 D/WifiStateMachine( 1588): Changing supplicant state: SCANNING ==> ASSOCIATING
01-28 11:19:10.047 D/WifiStateMachine( 1588): setDetailed state, old =SCANNING and new state=CONNECTING
01-28 11:19:10.057 I/keystore( 1448): uid: 1000 action: t -> 1 state: 1 -> 1 retry: 4
01-28 11:19:10.057 I/wpa_supplicant( 1785): CTRL_IFACE: wpa_supplicant_ctrl_iface_enable_80211X
01-28 11:19:10.147 W/System.err( 2736): java.net.UnknownHostException: Unable to resolve host "mk74.host.cs.st-andrews.ac.uk": No address associated with hostname
01-28 11:19:10.147 W/System.err( 2736): 	at java.net.InetAddress.lookupHostByName(InetAddress.java:489)
01-28 11:19:10.147 W/System.err( 2736): 	at java.net.InetAddress.getAllByNameImpl(InetAddress.java:280)
01-28 11:19:10.147 W/System.err( 2736): 	at java.net.InetAddress.getAllByName(InetAddress.java:249)
01-28 11:19:10.147 W/System.err( 2736): 	at org.apache.harmony.luni.internal.net.www.protocol.http.HttpConnection.<init>(HttpConnection.java:69)
01-28 11:19:10.147 W/System.err( 2736): 	at org.apache.harmony.luni.internal.net.www.protocol.http.HttpConnection.<init>(HttpConnection.java:48)
01-28 11:19:10.147 W/System.err( 2736): 	at org.apache.harmony.luni.internal.net.www.protocol.http.HttpConnection$Address.connect(HttpConnection.java:304)
01-28 11:19:10.147 W/System.err( 2736): 	at org.apache.harmony.luni.internal.net.www.protocol.http.HttpConnectionPool.get(HttpConnectionPool.java:89)
01-28 11:19:10.147 W/System.err( 2736): 	at org.apache.harmony.luni.internal.net.www.protocol.http.HttpURLConnectionImpl.getHttpConnection(HttpURLConnectionImpl.java:292)
01-28 11:19:10.147 W/System.err( 2736): 	at org.apache.harmony.luni.internal.net.www.protocol.http.HttpURLConnectionImpl.makeConnection(HttpURLConnectionImpl.java:274)
01-28 11:19:10.147 W/System.err( 2736): 	at org.apache.harmony.luni.internal.net.www.protocol.http.HttpURLConnectionImpl.connect(HttpURLConnectionImpl.java:217)
01-28 11:19:10.157 W/System.err( 2736): 	at org.apache.harmony.luni.internal.net.www.protocol.http.HttpURLConnectionImpl.getOutputStream(HttpURLConnectionImpl.java:624)
01-28 11:19:10.157 W/System.err( 2736): 	at uk.ac.st_andrews.cs.host.mk74.naivewifiindoorlocalization.WiFiNavigator$SendScanResultsTask.doInBackground(WiFiNavigator.java:124)
01-28 11:19:10.157 W/System.err( 2736): 	at uk.ac.st_andrews.cs.host.mk74.naivewifiindoorlocalization.WiFiNavigator$SendScanResultsTask.doInBackground(WiFiNavigator.java:1)
01-28 11:19:10.157 W/System.err( 2736): 	at android.os.AsyncTask$2.call(AsyncTask.java:252)
01-28 11:19:10.157 W/System.err( 2736): 	at java.util.concurrent.FutureTask$Sync.innerRun(FutureTask.java:305)
01-28 11:19:10.157 W/System.err( 2736): 	at java.util.concurrent.FutureTask.run(FutureTask.java:137)
01-28 11:19:10.157 W/System.err( 2736): 	at java.util.concurrent.ThreadPoolExecutor.runWorker(ThreadPoolExecutor.java:1081)
01-28 11:19:10.157 W/System.err( 2736): 	at java.util.concurrent.ThreadPoolExecutor$Worker.run(ThreadPoolExecutor.java:574)
01-28 11:19:10.157 W/System.err( 2736): 	at java.lang.Thread.run(Thread.java:1028)
01-28 11:19:10.447 D/MyReportAgent( 2823): ReportService [##] onDestroy(), this =com.htc.reportagent.ReportService@40681c28
01-28 11:19:10.447 D/MyReportAgent( 2823): ReportServiceHandler [##] call stopSelfResult() startId = 1, reurn true
01-28 11:19:10.447 I/ActivityManager( 1588): No longer want com.google.android.partnersetup (pid 2697): hidden #16
01-28 11:19:10.687 I/keystore( 1448): uid: 1000 action: t -> 1 state: 1 -> 1 retry: 4
01-28 11:19:10.887 D/dalvikvm( 2756): GC_CONCURRENT freed 919K, 31% free 8603K/12423K, paused 1ms+2ms
01-28 11:19:10.957 D/ActivityManager( 1588): isSketcherDisabledInCurrentTask():false, ActivityRecord{406a10e8 com.android.settings/.Settings$WifiSettingsActivity}
01-28 11:19:10.998 D/SurfaceFlinger( 1441): getTokenForSurface(0xce92c) => 1 (client=0xaef50, bitmap=00000003), pid=2756
01-28 11:19:10.998 D/msm7x30.gralloc( 1441): gpu_context_t::getGrallocInformationFromFormat  1 
01-28 11:19:11.078 D/msm7x30.gralloc( 1441): gpu_context_t::getGrallocInformationFromFormat  1 
01-28 11:19:11.708 I/wpa_supplicant( 1785): CTRL-EVENT-STATE-CHANGE id=0 state=4 BSSID=9c:4e:20:c8:cc:51
01-28 11:19:11.708 V/WifiMonitor( 1588): Event [CTRL-EVENT-STATE-CHANGE id=0 state=4 BSSID=9c:4e:20:c8:cc:51]
01-28 11:19:11.708 D/WifiStateMachine( 1588): Changing supplicant state: ASSOCIATING ==> ASSOCIATED
01-28 11:19:11.708 D/WifiStateMachine( 1588): setDetailed state, old =CONNECTING and new state=CONNECTING
01-28 11:19:11.728 I/wpa_supplicant( 1785): Associated with 9c:4e:20:c8:cc:51
01-28 11:19:11.728 V/WifiMonitor( 1588): Event [Associated with 9c:4e:20:c8:cc:51]
01-28 11:19:11.728 I/wpa_supplicant( 1785): CTRL-REQ-CUSTOMIZATION-0:Identity
01-28 11:19:11.728 V/WifiMonitor( 1588): Event [CTRL-REQ-CUSTOMIZATION-0:Identity]
01-28 11:19:11.728 I/WifiMonitor( 1588): [EAP-MSG] Req: CUSTOMIZATION-0:Identity
01-28 11:19:11.728 I/wpa_supplicant( 1785): RX EAPOL from 9c:4e:20:c8:cc:51
01-28 11:19:11.728 I/wpa_supplicant( 1785): CTRL-REQ-CUSTOMIZATION-0:Identity
01-28 11:19:11.728 V/WifiMonitor( 1588): Event [CTRL-REQ-CUSTOMIZATION-0:Identity]
01-28 11:19:11.728 I/WifiMonitor( 1588): [EAP-MSG] Req: CUSTOMIZATION-0:Identity
01-28 11:19:11.728 I/wpa_supplicant( 1785): CTRL-EVENT-EAP-STARTED EAP authentication started
01-28 11:19:11.728 V/WifiMonitor( 1588): Event [CTRL-EVENT-EAP-STARTED EAP authentication started]
01-28 11:19:11.728 I/wpa_supplicant( 1785): TX EAPOL: type=0, dst=9c:4e:20:c8:cc:51
01-28 11:19:11.728 I/wpa_supplicant( 1785): l2_packet_send: ret = '13'
01-28 11:19:11.808 I/wpa_supplicant( 1785): RX EAPOL from 9c:4e:20:c8:cc:51
01-28 11:19:11.808 I/wpa_supplicant( 1785): CTRL-EVENT-EAP-METHOD EAP vendor 0 method 25 (PEAP) selected
01-28 11:19:11.808 V/WifiMonitor( 1588): Event [CTRL-EVENT-EAP-METHOD EAP vendor 0 method 25 (PEAP) selected]
01-28 11:19:11.808 I/wpa_supplicant( 1785): TX EAPOL: type=0, dst=9c:4e:20:c8:cc:51
01-28 11:19:11.808 I/wpa_supplicant( 1785): l2_packet_send: ret = '204'
01-28 11:19:11.848 I/wpa_supplicant( 1785): RX EAPOL from 9c:4e:20:c8:cc:51
01-28 11:19:11.848 I/wpa_supplicant( 1785): TX EAPOL: type=0, dst=9c:4e:20:c8:cc:51
01-28 11:19:11.848 I/wpa_supplicant( 1785): l2_packet_send: ret = '10'
01-28 11:19:11.948 I/wpa_supplicant( 1785): RX EAPOL from 9c:4e:20:c8:cc:51
01-28 11:19:11.948 I/wpa_supplicant( 1785): TX EAPOL: type=0, dst=9c:4e:20:c8:cc:51
01-28 11:19:11.948 I/wpa_supplicant( 1785): l2_packet_send: ret = '10'
01-28 11:19:11.968 I/wpa_supplicant( 1785): RX EAPOL from 9c:4e:20:c8:cc:51
01-28 11:19:11.968 I/wpa_supplicant( 1785): TX EAPOL: type=0, dst=9c:4e:20:c8:cc:51
01-28 11:19:11.968 I/wpa_supplicant( 1785): l2_packet_send: ret = '10'
01-28 11:19:11.978 I/wpa_supplicant( 1785): RX EAPOL from 9c:4e:20:c8:cc:51
01-28 11:19:11.978 I/wpa_supplicant( 1785): TX EAPOL: type=0, dst=9c:4e:20:c8:cc:51
01-28 11:19:11.988 I/wpa_supplicant( 1785): l2_packet_send: ret = '10'
01-28 11:19:12.089 I/wpa_supplicant( 1785): RX EAPOL from 9c:4e:20:c8:cc:51
01-28 11:19:12.089 I/wpa_supplicant( 1785): TX EAPOL: type=0, dst=9c:4e:20:c8:cc:51
01-28 11:19:12.089 I/wpa_supplicant( 1785): l2_packet_send: ret = '10'
01-28 11:19:12.089 I/wpa_supplicant( 1785): RX EAPOL from 9c:4e:20:c8:cc:51
01-28 11:19:12.129 I/wpa_supplicant( 1785): TX EAPOL: type=0, dst=9c:4e:20:c8:cc:51
01-28 11:19:12.129 I/wpa_supplicant( 1785): l2_packet_send: ret = '212'
01-28 11:19:12.199 I/System.out( 2736): Location: unknown | WiFiNavigator running:true
01-28 11:19:12.199 I/System.out( 2736): Battery level: 99 | Time difference: -1
01-28 11:19:12.219 I/wpa_supplicant( 1785): RX EAPOL from 9c:4e:20:c8:cc:51
01-28 11:19:12.219 I/wpa_supplicant( 1785): TX EAPOL: type=0, dst=9c:4e:20:c8:cc:51
01-28 11:19:12.219 I/wpa_supplicant( 1785): l2_packet_send: ret = '10'
01-28 11:19:12.219 I/wpa_supplicant( 1785): RX EAPOL from 9c:4e:20:c8:cc:51
01-28 11:19:12.219 I/wpa_supplicant( 1785): TX EAPOL: type=0, dst=9c:4e:20:c8:cc:51
01-28 11:19:12.219 I/wpa_supplicant( 1785): l2_packet_send: ret = '84'
01-28 11:19:12.229 I/wpa_supplicant( 1785): RX EAPOL from 9c:4e:20:c8:cc:51
01-28 11:19:12.229 I/wpa_supplicant( 1785): TX EAPOL: type=0, dst=9c:4e:20:c8:cc:51
01-28 11:19:12.229 I/wpa_supplicant( 1785): l2_packet_send: ret = '132'
01-28 11:19:12.259 I/wpa_supplicant( 1785): RX EAPOL from 9c:4e:20:c8:cc:51
01-28 11:19:12.259 I/wpa_supplicant( 1785): EAP-MSCHAPV2: Authentication succeeded
01-28 11:19:12.259 I/wpa_supplicant( 1785): TX EAPOL: type=0, dst=9c:4e:20:c8:cc:51
01-28 11:19:12.259 I/wpa_supplicant( 1785): l2_packet_send: ret = '84'
01-28 11:19:12.359 V/HtcAlertDialog( 2756): onStop
01-28 11:19:12.419 D/SurfaceFlinger( 1441): virtual void android::Layer::onRemoved(): lcblk (identity=41, status=0, token=1)
01-28 11:19:12.489 I/wpa_supplicant( 1785): RX EAPOL from 9c:4e:20:c8:cc:51
01-28 11:19:12.489 I/wpa_supplicant( 1785): EAP-TLV: TLV Result - Success - EAP-TLV/Phase2 Completed
01-28 11:19:12.489 I/wpa_supplicant( 1785): TX EAPOL: type=0, dst=9c:4e:20:c8:cc:51
01-28 11:19:12.489 I/wpa_supplicant( 1785): l2_packet_send: ret = '84'
01-28 11:19:12.499 I/wpa_supplicant( 1785): RX EAPOL from 9c:4e:20:c8:cc:51
01-28 11:19:12.499 I/wpa_supplicant( 1785): CTRL-EVENT-EAP-SUCCESS EAP authentication completed successfully
01-28 11:19:12.499 V/WifiMonitor( 1588): Event [CTRL-EVENT-EAP-SUCCESS EAP authentication completed successfully]
01-28 11:19:12.499 I/wpa_supplicant( 1785): RX EAPOL from 9c:4e:20:c8:cc:51
01-28 11:19:12.499 I/wpa_supplicant( 1785): CTRL-EVENT-STATE-CHANGE id=0 state=5 BSSID=00:00:00:00:00:00
01-28 11:19:12.499 V/WifiMonitor( 1588): Event [CTRL-EVENT-STATE-CHANGE id=0 state=5 BSSID=00:00:00:00:00:00]
01-28 11:19:12.499 D/WifiStateMachine( 1588): Changing supplicant state: ASSOCIATED ==> FOUR_WAY_HANDSHAKE
01-28 11:19:12.499 D/WifiStateMachine( 1588): setDetailed state, old =CONNECTING and new state=AUTHENTICATING
01-28 11:19:12.509 I/wpa_supplicant( 1785): l2_packet_send: ret = '121'
01-28 11:19:12.509 I/wpa_supplicant( 1785): RX EAPOL from 9c:4e:20:c8:cc:51
01-28 11:19:12.509 I/wpa_supplicant( 1785): CTRL-EVENT-STATE-CHANGE id=0 state=5 BSSID=00:00:00:00:00:00
01-28 11:19:12.509 V/WifiMonitor( 1588): Event [CTRL-EVENT-STATE-CHANGE id=0 state=5 BSSID=00:00:00:00:00:00]
01-28 11:19:12.509 D/WifiStateMachine( 1588): Changing supplicant state: FOUR_WAY_HANDSHAKE ==> FOUR_WAY_HANDSHAKE
01-28 11:19:12.509 D/WifiStateMachine( 1588): setDetailed state, old =AUTHENTICATING and new state=AUTHENTICATING
01-28 11:19:12.519 I/wpa_supplicant( 1785): l2_packet_send: ret = '99'
01-28 11:19:12.519 I/wpa_supplicant( 1785): WPS: cancel wps_retry timer in: wpas_wps_eapol_cb
01-28 11:19:12.519 I/wpa_supplicant( 1785): CTRL-EVENT-STATE-CHANGE id=0 state=6 BSSID=00:00:00:00:00:00
01-28 11:19:12.519 V/WifiMonitor( 1588): Event [CTRL-EVENT-STATE-CHANGE id=0 state=6 BSSID=00:00:00:00:00:00]
01-28 11:19:12.519 D/WifiStateMachine( 1588): Changing supplicant state: FOUR_WAY_HANDSHAKE ==> GROUP_HANDSHAKE
01-28 11:19:12.519 D/WifiStateMachine( 1588): setDetailed state, old =AUTHENTICATING and new state=AUTHENTICATING
01-28 11:19:12.519 I/wpa_supplicant( 1785): WPA: Key negotiation completed with 9c:4e:20:c8:cc:51 [PTK=CCMP GTK=CCMP]
01-28 11:19:12.519 V/WifiMonitor( 1588): Event [WPA: Key negotiation completed with 9c:4e:20:c8:cc:51 [PTK=CCMP GTK=CCMP]]
