01-28 11:18:52.039 I/wpa_supplicant( 1785): AP:ssid[Marine Instrumentation Limited],rssi[-92],BSSID=00:16:01:58:fe:4b
01-28 11:18:52.039 I/wpa_supplicant( 1785): AP:ssid[uos-visitor],rssi[-83],BSSID=9c:4e:20:c8:9e:74
01-28 11:18:52.039 I/wpa_supplicant( 1785): AP:ssid[eduroam],rssi[-86],BSSID=9c:4e:20:c8:9e:72
01-28 11:18:52.039 I/wpa_supplicant( 1785): AP:ssid[cs],rssi[-81],BSSID=9c:4e:20:c8:9e:71
01-28 11:18:52.039 I/wpa_supplicant( 1785): AP:ssid[uos-connect],rssi[-85],BSSID=9c:4e:20:c8:9e:73
01-28 11:18:52.039 I/wpa_supplicant( 1785): Received 3081 bytes of scan results (16 BSSes)
01-28 11:18:52.039 I/wpa_supplicant( 1785): wpa_driver_wext_get_scan_results---
01-28 11:18:52.049 I/wpa_supplicant( 1785): supplicant attached completed, trigger assoc.
01-28 11:18:52.049 I/wpa_supplicant( 1785): Trying to associate with 9c:4e:20:c8:b0:f1 (SSID='cs' freq=2447 MHz)
01-28 11:18:52.049 V/WifiMonitor( 1588): Event [Trying to associate with 9c:4e:20:c8:b0:f1 (SSID='cs' freq=2447 MHz)]
01-28 11:18:52.049 I/wpa_supplicant( 1785): CTRL-EVENT-STATE-CHANGE id=-1 state=3 BSSID=9c:4e:20:c8:b0:f1
01-28 11:18:52.049 V/WifiMonitor( 1588): Event [CTRL-EVENT-STATE-CHANGE id=-1 state=3 BSSID=9c:4e:20:c8:b0:f1]
01-28 11:18:52.059 D/WifiStateMachine( 1588): Changing supplicant state: SCANNING ==> ASSOCIATING
01-28 11:18:52.059 D/WifiStateMachine( 1588): setDetailed state, old =SCANNING and new state=CONNECTING
01-28 11:18:52.059 I/keystore( 1448): uid: 1000 action: t -> 2 state: 2 -> 2 retry: 4
01-28 11:18:52.059 I/wpa_supplicant( 1785): DISABLE_80211X
01-28 11:18:52.059 I/wpa_supplicant( 1785): CTRL_IFACE: wpa_supplicant_ctrl_iface_disable_80211X
01-28 11:18:52.169 W/System.err( 2736): java.net.UnknownHostException: Unable to resolve host "mk74.host.cs.st-andrews.ac.uk": No address associated with hostname
01-28 11:18:52.169 W/System.err( 2736): 	at java.net.InetAddress.lookupHostByName(InetAddress.java:489)
01-28 11:18:52.179 W/System.err( 2736): 	at java.net.InetAddress.getAllByNameImpl(InetAddress.java:280)
01-28 11:18:52.179 W/System.err( 2736): 	at java.net.InetAddress.getAllByName(InetAddress.java:249)
01-28 11:18:52.179 W/System.err( 2736): 	at org.apache.harmony.luni.internal.net.www.protocol.http.HttpConnection.<init>(HttpConnection.java:69)
01-28 11:18:52.179 W/System.err( 2736): 	at org.apache.harmony.luni.internal.net.www.protocol.http.HttpConnection.<init>(HttpConnection.java:48)
01-28 11:18:52.179 W/System.err( 2736): 	at org.apache.harmony.luni.internal.net.www.protocol.http.HttpConnection$Address.connect(HttpConnection.java:304)
01-28 11:18:52.179 W/System.err( 2736): 	at org.apache.harmony.luni.internal.net.www.protocol.http.HttpConnectionPool.get(HttpConnectionPool.java:89)
01-28 11:18:52.179 W/System.err( 2736): 	at org.apache.harmony.luni.internal.net.www.protocol.http.HttpURLConnectionImpl.getHttpConnection(HttpURLConnectionImpl.java:292)
01-28 11:18:52.179 W/System.err( 2736): 	at org.apache.harmony.luni.internal.net.www.protocol.http.HttpURLConnectionImpl.makeConnection(HttpURLConnectionImpl.java:274)
01-28 11:18:52.179 W/System.err( 2736): 	at org.apache.harmony.luni.internal.net.www.protocol.http.HttpURLConnectionImpl.connect(HttpURLConnectionImpl.java:217)
01-28 11:18:52.179 W/System.err( 2736): 	at org.apache.harmony.luni.internal.net.www.protocol.http.HttpURLConnectionImpl.getOutputStream(HttpURLConnectionImpl.java:624)
01-28 11:18:52.179 W/System.err( 2736): 	at uk.ac.st_andrews.cs.host.mk74.naivewifiindoorlocalization.WiFiNavigator$SendScanResultsTask.doInBackground(WiFiNavigator.java:124)
01-28 11:18:52.179 W/System.err( 2736): 	at uk.ac.st_andrews.cs.host.mk74.naivewifiindoorlocalization.WiFiNavigator$SendScanResultsTask.doInBackground(WiFiNavigator.java:1)
01-28 11:18:52.179 W/System.err( 2736): 	at android.os.AsyncTask$2.call(AsyncTask.java:252)
01-28 11:18:52.179 W/System.err( 2736): 	at java.util.concurrent.FutureTask$Sync.innerRun(FutureTask.java:305)
01-28 11:18:52.179 W/System.err( 2736): 	at java.util.concurrent.FutureTask.run(FutureTask.java:137)
01-28 11:18:52.179 W/System.err( 2736): 	at java.util.concurrent.ThreadPoolExecutor.runWorker(ThreadPoolExecutor.java:1081)
01-28 11:18:52.179 W/System.err( 2736): 	at java.util.concurrent.ThreadPoolExecutor$Worker.run(ThreadPoolExecutor.java:574)
01-28 11:18:52.189 W/System.err( 2736): 	at java.lang.Thread.run(Thread.java:1028)
01-28 11:18:52.199 D/msm7x30.gralloc( 1441): gpu_context_t::getGrallocInformationFromFormat  1 
01-28 11:18:52.239 V/WindowManager( 1588): Starting rotation animaiton
01-28 11:18:52.249 D/SurfaceFlinger( 1441): virtual void android::Layer::onRemoved(): lcblk (identity=25, status=0, token=0)
01-28 11:18:52.249 V/WindowManager( 1588): end of ratation animation
01-28 11:18:53.410 I/wpa_supplicant( 1785): CTRL-EVENT-STATE-CHANGE id=0 state=4 BSSID=9c:4e:20:c8:b0:f1
01-28 11:18:53.410 V/WifiMonitor( 1588): Event [CTRL-EVENT-STATE-CHANGE id=0 state=4 BSSID=9c:4e:20:c8:b0:f1]
01-28 11:18:53.410 D/WifiStateMachine( 1588): Changing supplicant state: ASSOCIATING ==> ASSOCIATED
01-28 11:18:53.410 D/WifiStateMachine( 1588): setDetailed state, old =CONNECTING and new state=CONNECTING
01-28 11:18:53.420 I/wpa_supplicant( 1785): Associated with 9c:4e:20:c8:b0:f1
01-28 11:18:53.420 V/WifiMonitor( 1588): Event [Associated with 9c:4e:20:c8:b0:f1]
01-28 11:18:53.420 I/wpa_supplicant( 1785): CTRL-REQ-CUSTOMIZATION-0:Identity
01-28 11:18:53.420 V/WifiMonitor( 1588): Event [CTRL-REQ-CUSTOMIZATION-0:Identity]
01-28 11:18:53.420 I/WifiMonitor( 1588): [EAP-MSG] Req: CUSTOMIZATION-0:Identity
01-28 11:18:53.420 I/wpa_supplicant( 1785): RX EAPOL from 9c:4e:20:c8:b0:f1
01-28 11:18:53.420 I/wpa_supplicant( 1785): RX EAPOL:return ,due to keystore locked
01-28 11:18:53.520 D/dalvikvm( 2756): GC_CONCURRENT freed 906K, 13% free 8745K/9991K, paused 1ms+3ms
01-28 11:18:53.991 I/keystore( 1448): uid: 1000 action: t -> 2 state: 2 -> 2 retry: 4
01-28 11:18:54.001 I/ActivityManager( 1588): Starting: Intent { act=com.android.credentials.UNLOCK cmp=com.android.settings/.CredentialStorage } from pid 2756
01-28 11:18:54.131 D/dalvikvm( 1588): GC_FOR_ALLOC freed 112K, 13% free 15881K/18055K, paused 46ms
01-28 11:18:54.131 I/dalvikvm-heap( 1588): Grow heap (frag case) to 15.730MB for 124216-byte allocation
01-28 11:18:54.191 I/System.out( 2736): Location: unknown | WiFiNavigator running:true
01-28 11:18:54.191 D/dalvikvm( 1588): GC_FOR_ALLOC freed 5K, 13% free 15997K/18183K, paused 47ms
01-28 11:18:54.201 I/System.out( 2736): Battery level: 99 | Time difference: -1
01-28 11:18:54.201 D/WifiStatusReceiver( 2756): Exit Wi-fi Setting
01-28 11:18:54.281 I/wpa_supplicant( 1785): got scan complete
01-28 11:18:54.281 I/wpa_supplicant( 1785): wpa_supplicant_get_scan_results:return scan results2
01-28 11:18:54.281 I/wpa_supplicant( 1785): AP:ssid[BTOpenzone],rssi[-55],BSSID=9c:4e:20:c8:b0:f0
01-28 11:18:54.281 I/wpa_supplicant( 1785): AP:ssid[uos-visitor],rssi[-55],BSSID=9c:4e:20:c8:b0:f4
01-28 11:18:54.281 I/wpa_supplicant( 1785): AP:ssid[eduroam],rssi[-55],BSSID=9c:4e:20:c8:b0:f2
01-28 11:18:54.281 I/wpa_supplicant( 1785): AP:ssid[cs],rssi[-53],BSSID=9c:4e:20:c8:b0:f1
01-28 11:18:54.281 I/wpa_supplicant( 1785): AP:ssid[uos-connect],rssi[-52],BSSID=9c:4e:20:c8:b0:f3
01-28 11:18:54.281 I/wpa_supplicant( 1785): AP:ssid[eduroam],rssi[-78],BSSID=9c:4e:20:c8:cc:52
01-28 11:18:54.281 I/wpa_supplicant( 1785): AP:ssid[uos-visitor],rssi[-78],BSSID=9c:4e:20:c8:cc:54
01-28 11:18:54.281 I/wpa_supplicant( 1785): AP:ssid[BTOpenzone],rssi[-79],BSSID=9c:4e:20:c8:cc:50
01-28 11:18:54.281 I/wpa_supplicant( 1785): AP:ssid[cs],rssi[-79],BSSID=9c:4e:20:c8:cc:51
01-28 11:18:54.281 I/wpa_supplicant( 1785): AP:ssid[uos-connect],rssi[-78],BSSID=9c:4e:20:c8:cc:53
01-28 11:18:54.281 I/wpa_supplicant( 1785): AP:ssid[BTOpenzone],rssi[-87],BSSID=9c:4e:20:c8:9e:70
01-28 11:18:54.281 I/wpa_supplicant( 1785): AP:ssid[uos-visitor],rssi[-85],BSSID=9c:4e:20:c8:9e:74
01-28 11:18:54.281 I/wpa_supplicant( 1785): AP:ssid[eduroam],rssi[-86],BSSID=9c:4e:20:c8:9e:72
01-28 11:18:54.281 I/wpa_supplicant( 1785): AP:ssid[cs],rssi[-85],BSSID=9c:4e:20:c8:9e:71
01-28 11:18:54.281 I/wpa_supplicant( 1785): AP:ssid[uos-connect],rssi[-85],BSSID=9c:4e:20:c8:9e:73
01-28 11:18:54.281 I/wpa_supplicant( 1785): AP:ssid[hpsetup],rssi[-89],BSSID=c2:ce:46:d5:40:9c
01-28 11:18:54.281 I/wpa_supplicant( 1785): Received 2960 bytes of scan results (16 BSSes)
01-28 11:18:54.281 I/wpa_supplicant( 1785): wpa_driver_wext_get_scan_results---
01-28 11:18:54.281 I/wpa_supplicant( 1785): Already associated with the selected AP.
01-28 11:18:54.341 D/dalvikvm( 1588): GC_EXPLICIT freed 23K, 13% free 15995K/18183K, paused 2ms+5ms
01-28 11:18:54.391 W/System.err( 2736): java.net.UnknownHostException: Unable to resolve host "mk74.host.cs.st-andrews.ac.uk": No address associated with hostname
01-28 11:18:54.411 I/keystore( 1448): uid: 1000 action: t -> 2 state: 2 -> 2 retry: 4
01-28 11:18:54.411 I/wpa_supplicant( 1785): TX EAPOL: type=1, dst=9c:4e:20:c8:b0:f1
01-28 11:18:54.411 I/wpa_supplicant( 1785): l2_packet_send: ret = '4'
01-28 11:18:54.411 I/wpa_supplicant( 1785): RX EAPOL from 9c:4e:20:c8:b0:f1
01-28 11:18:54.421 I/wpa_supplicant( 1785): RX EAPOL:return ,due to keystore locked
01-28 11:18:54.441 W/System.err( 2736): 	at java.net.InetAddress.lookupHostByName(InetAddress.java:489)
01-28 11:18:54.441 W/System.err( 2736): 	at java.net.InetAddress.getAllByNameImpl(InetAddress.java:280)
01-28 11:18:54.441 W/System.err( 2736): 	at java.net.InetAddress.getAllByName(InetAddress.java:249)
01-28 11:18:54.461 W/System.err( 2736): 	at org.apache.harmony.luni.internal.net.www.protocol.http.HttpConnection.<init>(HttpConnection.java:69)
01-28 11:18:54.461 W/System.err( 2736): 	at org.apache.harmony.luni.internal.net.www.protocol.http.HttpConnection.<init>(HttpConnection.java:48)
01-28 11:18:54.461 W/System.err( 2736): 	at org.apache.harmony.luni.internal.net.www.protocol.http.HttpConnection$Address.connect(HttpConnection.java:304)
01-28 11:18:54.461 W/System.err( 2736): 	at org.apache.harmony.luni.internal.net.www.protocol.http.HttpConnectionPool.get(HttpConnectionPool.java:89)
01-28 11:18:54.461 W/System.err( 2736): 	at org.apache.harmony.luni.internal.net.www.protocol.http.HttpURLConnectionImpl.getHttpConnection(HttpURLConnectionImpl.java:292)
01-28 11:18:54.461 W/System.err( 2736): 	at org.apache.harmony.luni.internal.net.www.protocol.http.HttpURLConnectionImpl.makeConnection(HttpURLConnectionImpl.java:274)
01-28 11:18:54.461 W/System.err( 2736): 	at org.apache.harmony.luni.internal.net.www.protocol.http.HttpURLConnectionImpl.connect(HttpURLConnectionImpl.java:217)
01-28 11:18:54.461 W/System.err( 2736): 	at org.apache.harmony.luni.internal.net.www.protocol.http.HttpURLConnectionImpl.getOutputStream(HttpURLConnectionImpl.java:624)
01-28 11:18:54.461 W/System.err( 2736): 	at uk.ac.st_andrews.cs.host.mk74.naivewifiindoorlocalization.WiFiNavigator$SendScanResultsTask.doInBackground(WiFiNavigator.java:124)
01-28 11:18:54.471 W/System.err( 2736): 	at uk.ac.st_andrews.cs.host.mk74.naivewifiindoorlocalization.WiFiNavigator$SendScanResultsTask.doInBackground(WiFiNavigator.java:1)
01-28 11:18:54.471 W/System.err( 2736): 	at android.os.AsyncTask$2.call(AsyncTask.java:252)
01-28 11:18:54.471 W/System.err( 2736): 	at java.util.concurrent.FutureTask$Sync.innerRun(FutureTask.java:305)
01-28 11:18:54.471 W/System.err( 2736): 	at java.util.concurrent.FutureTask.run(FutureTask.java:137)
01-28 11:18:54.481 W/System.err( 2736): 	at java.util.concurrent.ThreadPoolExecutor.runWorker(ThreadPoolExecutor.java:1081)
01-28 11:18:54.491 W/System.err( 2736): 	at java.util.concurrent.ThreadPoolExecutor$Worker.run(ThreadPoolExecutor.java:574)
01-28 11:18:54.491 W/System.err( 2736): 	at java.lang.Thread.run(Thread.java:1028)
01-28 11:18:54.511 D/ActivityManager( 1588): isSketcherDisabledInCurrentTask():false, ActivityRecord{406a10e8 com.android.settings/.Settings$WifiSettingsActivity}
01-28 11:18:54.531 D/dalvikvm( 2756): GC_FOR_ALLOC freed 600K, 9% free 9125K/9991K, paused 23ms
01-28 11:18:54.541 D/ActivityManager( 1588): isSketcherDisabledInCurrentTask():false, ActivityRecord{406a10e8 com.android.settings/.Settings$WifiSettingsActivity}
01-28 11:18:54.571 D/SurfaceFlinger( 1441): getTokenForSurface(0x6361c) => 1 (client=0xaef50, bitmap=00000003), pid=2756
01-28 11:18:54.571 D/msm7x30.gralloc( 1441): gpu_context_t::getGrallocInformationFromFormat  1 
01-28 11:18:54.592 I/HTCIMEService( 1673): [onCreateInputView]
01-28 11:18:54.602 D/SurfaceFlinger( 1441): getTokenForSurface(0xce92c) => 2 (client=0xaef50, bitmap=00000007), pid=2756
01-28 11:18:54.602 D/msm7x30.gralloc( 1441): gpu_context_t::getGrallocInformationFromFormat  1 
01-28 11:18:54.702 D/dalvikvm( 1673): GC_CONCURRENT freed 245K, 6% free 8469K/8967K, paused 1ms+6ms
01-28 11:18:54.722 D/msm7x30.gralloc( 1441): gpu_context_t::getGrallocInformationFromFormat  1 
01-28 11:18:54.762 V/WindowManager( 1588): Starting animation in AppWindowToken{41172940 token=ActivityRecord{40a43e68 com.android.settings/.CredentialStorage}} @ 467124
01-28 11:18:54.762 V/WindowManager( 1588): Finished animation in AppWindowToken{41172940 token=ActivityRecord{40a43e68 com.android.settings/.CredentialStorage}} @ 467136
01-28 11:18:54.772 I/ActivityManager( 1588): Displayed com.android.settings/.CredentialStorage: +563ms
01-28 11:18:54.772 I/HTCIMMView( 1673): [FixedWCL] adjustWCLHeight height:65
01-28 11:18:54.772 I/HTCIMEService( 1673): fetch result: 7.1
01-28 11:18:54.822 I/XT9_C   ( 1673): [loadDefaultDB] xt9_raw/ldb_0409.ldb size=304198 (loaded)
01-28 11:18:54.822 I/XT9_C   ( 1673): [registerXT9LDB] ldb_0409.ldb loading [done]
01-28 11:18:54.822 D/XT9_C   ( 1673): [registerXT9LDB] current LdbNum=109, First LdbNum=109, Second LdbNum=0
01-28 11:18:54.822 I/XT9_C   ( 1673): [loadDefaultDB] xt9_raw/kbd_0d09.kbd size=24928 (loaded)
01-28 11:18:54.832 I/LOG     ( 1673): priority threshold : 4
01-28 11:18:54.832 I/XT9_C   ( 1673): [loadDB] File not found. Load default DB.
01-28 11:18:54.832 I/XT9_C   ( 1673): [loadDefaultDB] xt9_raw/mdb_normal size=10358 (loaded)
01-28 11:18:54.832 I/XT9_C   ( 1673): Load mdbType=1 time=0.001953(sec)
01-28 11:18:54.842 I/HTCIMMView( 1673): [FixedWCL] adjustWCLHeight height:65
01-28 11:18:54.862 D/ActivityManager( 1588): isSketcherDisabledInCurrentTask():false, ActivityRecord{406a10e8 com.android.settings/.Settings$WifiSettingsActivity}
01-28 11:18:54.922 D/SurfaceFlinger( 1441): getTokenForSurface(0xb2844) => 0 (client=0xcc1e8, bitmap=00000001), pid=1673
01-28 11:18:54.922 D/msm7x30.gralloc( 1441): gpu_context_t::getGrallocInformationFromFormat  2 
01-28 11:18:54.952 D/msm7x30.gralloc( 1441): gpu_context_t::getGrallocInformationFromFormat  1 
01-28 11:18:55.012 D/dalvikvm( 2756): GC_FOR_ALLOC freed 41K, 9% free 9188K/9991K, paused 47ms
01-28 11:18:55.022 D/dalvikvm( 1673): GC_FOR_ALLOC freed 55K, 4% free 8747K/9095K, paused 39ms
01-28 11:18:55.022 I/dalvikvm-heap( 1673): Grow heap (frag case) to 9.633MB for 1056016-byte allocation
01-28 11:18:55.022 I/dalvikvm-heap( 2756): Grow heap (frag case) to 11.292MB for 2342416-byte allocation
01-28 11:18:55.072 D/dalvikvm( 1673): GC_CONCURRENT freed 1K, 4% free 9777K/10183K, paused 1ms+1ms
01-28 11:18:55.072 D/dalvikvm( 2756): GC_FOR_ALLOC freed <1K, 7% free 11476K/12295K, paused 35ms
01-28 11:18:55.112 D/dalvikvm( 1673): GC_FOR_ALLOC freed <1K, 4% free 9777K/10183K, paused 37ms
01-28 11:18:55.112 I/dalvikvm-heap( 1673): Grow heap (frag case) to 10.639MB for 1056016-byte allocation
01-28 11:18:55.152 D/dalvikvm( 1673): GC_CONCURRENT freed 0K, 5% free 10808K/11271K, paused 2ms+2ms
01-28 11:18:55.162 D/dalvikvm( 2756): GC_CONCURRENT freed <1K, 7% free 11476K/12295K, paused 1ms+2ms
01-28 11:18:55.272 I/wpa_supplicant( 1785): got scan complete
01-28 11:18:55.272 I/wpa_supplicant( 1785): wpa_supplicant_get_scan_results:return scan results2
01-28 11:18:55.272 I/wpa_supplicant( 1785): AP:ssid[uos-connect],rssi[-55],BSSID=9c:4e:20:c8:b0:f3
01-28 11:18:55.272 I/wpa_supplicant( 1785): AP:ssid[BTOpenzone],rssi[-55],BSSID=9c:4e:20:c8:b0:f0
01-28 11:18:55.272 I/wpa_supplicant( 1785): AP:ssid[uos-visitor],rssi[-55],BSSID=9c:4e:20:c8:b0:f4
01-28 11:18:55.272 I/wpa_supplicant( 1785): AP:ssid[eduroam],rssi[-53],BSSID=9c:4e:20:c8:b0:f2
01-28 11:18:55.272 I/wpa_supplicant( 1785): AP:ssid[cs],rssi[-54],BSSID=9c:4e:20:c8:b0:f1
01-28 11:18:55.272 I/wpa_supplicant( 1785): AP:ssid[BTOpenzone],rssi[-76],BSSID=9c:4e:20:c8:cc:50
01-28 11:18:55.272 I/wpa_supplicant( 1785): AP:ssid[uos-visitor],rssi[-77],BSSID=9c:4e:20:c8:cc:54
01-28 11:18:55.272 I/wpa_supplicant( 1785): AP:ssid[eduroam],rssi[-77],BSSID=9c:4e:20:c8:cc:52
01-28 11:18:55.272 I/wpa_supplicant( 1785): AP:ssid[cs],rssi[-77],BSSID=9c:4e:20:c8:cc:51
01-28 11:18:55.272 I/wpa_supplicant( 1785): AP:ssid[uos-connect],rssi[-77],BSSID=9c:4e:20:c8:cc:53
01-28 11:18:55.272 I/wpa_supplicant( 1785): AP:ssid[BTOpenzone],rssi[-85],BSSID=9c:4e:20:c8:9e:70
01-28 11:18:55.272 I/wpa_supplicant( 1785): AP:ssid[uos-connect],rssi[-84],BSSID=9c:4e:20:c8:9e:73
01-28 11:18:55.272 I/wpa_supplicant( 1785): AP:ssid[uos-visitor],rssi[-90],BSSID=9c:4e:20:c8:9e:74
01-28 11:18:55.272 I/wpa_supplicant( 1785): AP:ssid[eduroam],rssi[-86],BSSID=9c:4e:20:c8:9e:72
01-28 11:18:55.272 I/wpa_supplicant( 1785): AP:ssid[cs],rssi[-90],BSSID=9c:4e:20:c8:9e:71
01-28 11:18:55.272 I/wpa_supplicant( 1785): AP:ssid[LD-Net],rssi[-89],BSSID=00:14:6c:fd:72:38
01-28 11:18:55.272 I/wpa_supplicant( 1785): Received 3053 bytes of scan results (16 BSSes)
01-28 11:18:55.272 I/wpa_supplicant( 1785): wpa_driver_wext_get_scan_results---
01-28 11:18:55.272 I/wpa_supplicant( 1785): Already associated with the selected AP.
01-28 11:18:55.342 W/System.err( 2736): java.net.UnknownHostException: Unable to resolve host "mk74.host.cs.st-andrews.ac.uk": No address associated with hostname
01-28 11:18:55.342 W/System.err( 2736): 	at java.net.InetAddress.lookupHostByName(InetAddress.java:489)
01-28 11:18:55.342 W/System.err( 2736): 	at java.net.InetAddress.getAllByNameImpl(InetAddress.java:280)
01-28 11:18:55.342 W/System.err( 2736): 	at java.net.InetAddress.getAllByName(InetAddress.java:249)
01-28 11:18:55.342 W/System.err( 2736): 	at org.apache.harmony.luni.internal.net.www.protocol.http.HttpConnection.<init>(HttpConnection.java:69)
01-28 11:18:55.342 W/System.err( 2736): 	at org.apache.harmony.luni.internal.net.www.protocol.http.HttpConnection.<init>(HttpConnection.java:48)
01-28 11:18:55.342 W/System.err( 2736): 	at org.apache.harmony.luni.internal.net.www.protocol.http.HttpConnection$Address.connect(HttpConnection.java:304)
01-28 11:18:55.342 W/System.err( 2736): 	at org.apache.harmony.luni.internal.net.www.protocol.http.HttpConnectionPool.get(HttpConnectionPool.java:89)
01-28 11:18:55.342 W/System.err( 2736): 	at org.apache.harmony.luni.internal.net.www.protocol.http.HttpURLConnectionImpl.getHttpConnection(HttpURLConnectionImpl.java:292)
01-28 11:18:55.342 W/System.err( 2736): 	at org.apache.harmony.luni.internal.net.www.protocol.http.HttpURLConnectionImpl.makeConnection(HttpURLConnectionImpl.java:274)
01-28 11:18:55.342 W/System.err( 2736): 	at org.apache.harmony.luni.internal.net.www.protocol.http.HttpURLConnectionImpl.connect(HttpURLConnectionImpl.java:217)
01-28 11:18:55.342 W/System.err( 2736): 	at org.apache.harmony.luni.internal.net.www.protocol.http.HttpURLConnectionImpl.getOutputStream(HttpURLConnectionImpl.java:624)
01-28 11:18:55.342 W/System.err( 2736): 	at uk.ac.st_andrews.cs.host.mk74.naivewifiindoorlocalization.WiFiNavigator$SendScanResultsTask.doInBackground(WiFiNavigator.java:124)
01-28 11:18:55.342 W/System.err( 2736): 	at uk.ac.st_andrews.cs.host.mk74.naivewifiindoorlocalization.WiFiNavigator$SendScanResultsTask.doInBackground(WiFiNavigator.java:1)
01-28 11:18:55.342 W/System.err( 2736): 	at android.os.AsyncTask$2.call(AsyncTask.java:252)
01-28 11:18:55.342 W/System.err( 2736): 	at java.util.concurrent.FutureTask$Sync.innerRun(FutureTask.java:305)
01-28 11:18:55.352 W/System.err( 2736): 	at java.util.concurrent.FutureTask.run(FutureTask.java:137)
01-28 11:18:55.352 W/System.err( 2736): 	at java.util.concurrent.ThreadPoolExecutor.runWorker(ThreadPoolExecutor.java:1081)
01-28 11:18:55.352 W/System.err( 2736): 	at java.util.concurrent.ThreadPoolExecutor$Worker.run(ThreadPoolExecutor.java:574)
01-28 11:18:55.352 W/System.err( 2736): 	at java.lang.Thread.run(Thread.java:1028)
01-28 11:18:56.273 I/wpa_supplicant( 1785): got scan complete
01-28 11:18:56.273 I/wpa_supplicant( 1785): wpa_supplicant_get_scan_results:return scan results2
01-28 11:18:56.273 I/wpa_supplicant( 1785): AP:ssid[BTOpenzone],rssi[-54],BSSID=9c:4e:20:c8:b0:f0
01-28 11:18:56.273 I/wpa_supplicant( 1785): AP:ssid[uos-visitor],rssi[-57],BSSID=9c:4e:20:c8:b0:f4
01-28 11:18:56.273 I/wpa_supplicant( 1785): AP:ssid[eduroam],rssi[-54],BSSID=9c:4e:20:c8:b0:f2
01-28 11:18:56.273 I/wpa_supplicant( 1785): AP:ssid[cs],rssi[-55],BSSID=9c:4e:20:c8:b0:f1
01-28 11:18:56.273 I/wpa_supplicant( 1785): AP:ssid[uos-connect],rssi[-56],BSSID=9c:4e:20:c8:b0:f3
01-28 11:18:56.273 I/wpa_supplicant( 1785): AP:ssid[uos-visitor],rssi[-77],BSSID=9c:4e:20:c8:cc:54
01-28 11:18:56.273 I/wpa_supplicant( 1785): AP:ssid[BTOpenzone],rssi[-76],BSSID=9c:4e:20:c8:cc:50
01-28 11:18:56.273 I/wpa_supplicant( 1785): AP:ssid[eduroam],rssi[-76],BSSID=9c:4e:20:c8:cc:52
01-28 11:18:56.283 I/wpa_supplicant( 1785): AP:ssid[cs],rssi[-77],BSSID=9c:4e:20:c8:cc:51
01-28 11:18:56.283 I/wpa_supplicant( 1785): AP:ssid[uos-connect],rssi[-76],BSSID=9c:4e:20:c8:cc:53
01-28 11:18:56.283 I/wpa_supplicant( 1785): AP:ssid[uos-visitor],rssi[-84],BSSID=9c:4e:20:c8:9e:74
01-28 11:18:56.283 I/wpa_supplicant( 1785): AP:ssid[eduroam],rssi[-84],BSSID=9c:4e:20:c8:9e:72
01-28 11:18:56.283 I/wpa_supplicant( 1785): AP:ssid[cs],rssi[-83],BSSID=9c:4e:20:c8:9e:71
01-28 11:18:56.283 I/wpa_supplicant( 1785): AP:ssid[uos-connect],rssi[-84],BSSID=9c:4e:20:c8:9e:73
01-28 11:18:56.283 I/wpa_supplicant( 1785): AP:ssid[BTOpenzone],rssi[-83],BSSID=9c:4e:20:c8:9e:70
01-28 11:18:56.283 I/wpa_supplicant( 1785): Received 2853 bytes of scan results (15 BSSes)
01-28 11:18:56.283 I/wpa_supplicant( 1785): wpa_driver_wext_get_scan_results---
01-28 11:18:56.283 I/wpa_supplicant( 1785): Already associated with the selected AP.
01-28 11:18:56.323 W/System.err( 2736): java.net.UnknownHostException: Unable to resolve host "mk74.host.cs.st-andrews.ac.uk": No address associated with hostname
01-28 11:18:56.353 W/System.err( 2736): 	at java.net.InetAddress.lookupHostByName(InetAddress.java:499)
01-28 11:18:56.353 W/System.err( 2736): 	at java.net.InetAddress.getAllByNameImpl(InetAddress.java:280)
01-28 11:18:56.353 W/System.err( 2736): 	at java.net.InetAddress.getAllByName(InetAddress.java:249)
01-28 11:18:56.353 W/System.err( 2736): 	at org.apache.harmony.luni.internal.net.www.protocol.http.HttpConnection.<init>(HttpConnection.java:69)
01-28 11:18:56.353 W/System.err( 2736): 	at org.apache.harmony.luni.internal.net.www.protocol.http.HttpConnection.<init>(HttpConnection.java:48)
01-28 11:18:56.353 W/System.err( 2736): 	at org.apache.harmony.luni.internal.net.www.protocol.http.HttpConnection$Address.connect(HttpConnection.java:304)
01-28 11:18:56.353 W/System.err( 2736): 	at org.apache.harmony.luni.internal.net.www.protocol.http.HttpConnectionPool.get(HttpConnectionPool.java:89)
01-28 11:18:56.353 W/System.err( 2736): 	at org.apache.harmony.luni.internal.net.www.protocol.http.HttpURLConnectionImpl.getHttpConnection(HttpURLConnectionImpl.java:292)
01-28 11:18:56.353 W/System.err( 2736): 	at org.apache.harmony.luni.internal.net.www.protocol.http.HttpURLConnectionImpl.makeConnection(HttpURLConnectionImpl.java:274)
01-28 11:18:56.353 D/dalvikvm( 2736): GC_CONCURRENT freed 448K, 9% free 6651K/7239K, paused 1ms+1ms
01-28 11:18:56.353 W/System.err( 2736): 	at org.apache.harmony.luni.internal.net.www.protocol.http.HttpURLConnectionImpl.connect(HttpURLConnectionImpl.java:217)
01-28 11:18:56.353 W/System.err( 2736): 	at org.apache.harmony.luni.internal.net.www.protocol.http.HttpURLConnectionImpl.getOutputStream(HttpURLConnectionImpl.java:624)
01-28 11:18:56.353 W/System.err( 2736): 	at uk.ac.st_andrews.cs.host.mk74.naivewifiindoorlocalization.WiFiNavigator$SendScanResultsTask.doInBackground(WiFiNavigator.java:124)
01-28 11:18:56.353 W/System.err( 2736): 	at uk.ac.st_andrews.cs.host.mk74.naivewifiindoorlocalization.WiFiNavigator$SendScanResultsTask.doInBackground(WiFiNavigator.java:1)
01-28 11:18:56.353 W/System.err( 2736): 	at android.os.AsyncTask$2.call(AsyncTask.java:252)
01-28 11:18:56.353 W/System.err( 2736): 	at java.util.concurrent.FutureTask$Sync.innerRun(FutureTask.java:305)
01-28 11:18:56.353 W/System.err( 2736): 	at java.util.concurrent.FutureTask.run(FutureTask.java:137)
01-28 11:18:56.353 W/System.err( 2736): 	at java.util.concurrent.ThreadPoolExecutor.runWorker(ThreadPoolExecutor.java:1081)
01-28 11:18:56.363 W/System.err( 2736): 	at java.util.concurrent.ThreadPoolExecutor$Worker.run(ThreadPoolExecutor.java:574)
01-28 11:18:56.363 W/System.err( 2736): 	at java.lang.Thread.run(Thread.java:1028)
01-28 11:18:56.533 D/ActivityManager( 1588): isSketcherDisabledInCurrentTask():false, ActivityRecord{406a10e8 com.android.settings/.Settings$WifiSettingsActivity}
01-28 11:18:56.563 D/SurfaceFlinger( 1441): getTokenForSurface(0xbe94c) => 1 (client=0xcc1e8, bitmap=00000003), pid=1673
01-28 11:18:56.563 D/msm7x30.gralloc( 1441): gpu_context_t::getGrallocInformationFromFormat  1 
01-28 11:18:56.674 I/HTCIMMView( 1673): [FixedWCL] adjustWCLHeight height:65
01-28 11:18:56.674 D/SurfaceFlinger( 1441): virtual void android::Layer::onRemoved(): lcblk (identity=34, status=0, token=1)
01-28 11:18:56.694 D/msm7x30.gralloc( 1441): gpu_context_t::getGrallocInformationFromFormat  1 
01-28 11:18:56.724 D/dalvikvm( 1673): GC_FOR_ALLOC freed 2075K, 21% free 9791K/12359K, paused 16ms
01-28 11:18:56.774 D/dalvikvm( 1673): GC_CONCURRENT freed <1K, 13% free 10822K/12359K, paused 1ms+1ms
01-28 11:18:57.104 D/ActivityManager( 1588): isSketcherDisabledInCurrentTask():false, ActivityRecord{406a10e8 com.android.settings/.Settings$WifiSettingsActivity}
01-28 11:18:57.124 D/SurfaceFlinger( 1441): getTokenForSurface(0xb5f2c) => 1 (client=0xcc1e8, bitmap=00000003), pid=1673
01-28 11:18:57.134 D/msm7x30.gralloc( 1441): gpu_context_t::getGrallocInformationFromFormat  1 
01-28 11:18:57.194 I/System.out( 2736): Location: unknown | WiFiNavigator running:true
01-28 11:18:57.194 I/System.out( 2736): Battery level: 99 | Time difference: -1
01-28 11:18:57.254 I/wpa_supplicant( 1785): got scan complete
01-28 11:18:57.254 I/wpa_supplicant( 1785): wpa_supplicant_get_scan_results:return scan results2
01-28 11:18:57.254 I/wpa_supplicant( 1785): AP:ssid[BTOpenzone],rssi[-54],BSSID=9c:4e:20:c8:b0:f0
01-28 11:18:57.254 I/wpa_supplicant( 1785): AP:ssid[uos-visitor],rssi[-52],BSSID=9c:4e:20:c8:b0:f4
01-28 11:18:57.254 I/wpa_supplicant( 1785): AP:ssid[eduroam],rssi[-55],BSSID=9c:4e:20:c8:b0:f2
01-28 11:18:57.254 I/wpa_supplicant( 1785): AP:ssid[cs],rssi[-54],BSSID=9c:4e:20:c8:b0:f1
01-28 11:18:57.254 I/wpa_supplicant( 1785): AP:ssid[uos-connect],rssi[-54],BSSID=9c:4e:20:c8:b0:f3
01-28 11:18:57.254 I/wpa_supplicant( 1785): AP:ssid[uos-visitor],rssi[-74],BSSID=9c:4e:20:c8:cc:54
01-28 11:18:57.254 I/wpa_supplicant( 1785): AP:ssid[BTOpenzone],rssi[-74],BSSID=9c:4e:20:c8:cc:50
01-28 11:18:57.254 I/wpa_supplicant( 1785): AP:ssid[cs],rssi[-74],BSSID=9c:4e:20:c8:cc:51
01-28 11:18:57.254 I/wpa_supplicant( 1785): AP:ssid[eduroam],rssi[-75],BSSID=9c:4e:20:c8:cc:52
01-28 11:18:57.254 I/wpa_supplicant( 1785): AP:ssid[uos-connect],rssi[-75],BSSID=9c:4e:20:c8:cc:53
01-28 11:18:57.254 I/wpa_supplicant( 1785): AP:ssid[uos-visitor],rssi[-87],BSSID=9c:4e:20:c8:9e:74
01-28 11:18:57.254 I/wpa_supplicant( 1785): AP:ssid[uos-connect],rssi[-85],BSSID=9c:4e:20:c8:9e:73
01-28 11:18:57.254 I/wpa_supplicant( 1785): AP:ssid[eduroam],rssi[-87],BSSID=9c:4e:20:c8:9e:72
01-28 11:18:57.254 I/wpa_supplicant( 1785): AP:ssid[BTOpenzone],rssi[-85],BSSID=9c:4e:20:c8:9e:70
01-28 11:18:57.254 I/wpa_supplicant( 1785): AP:ssid[cs],rssi[-88],BSSID=9c:4e:20:c8:9e:71
01-28 11:18:57.254 I/wpa_supplicant( 1785): AP:ssid[LD-Net],rssi[-92],BSSID=00:14:6c:fd:72:38
01-28 11:18:57.254 I/wpa_supplicant( 1785): Received 3053 bytes of scan results (16 BSSes)
01-28 11:18:57.254 I/wpa_supplicant( 1785): wpa_driver_wext_get_scan_results---
01-28 11:18:57.254 I/wpa_supplicant( 1785): Already associated with the selected AP.
01-28 11:18:57.284 W/System.err( 2736): java.net.UnknownHostException: Unable to resolve host "mk74.host.cs.st-andrews.ac.uk": No address associated with hostname
01-28 11:18:57.284 W/System.err( 2736): 	at java.net.InetAddress.lookupHostByName(InetAddress.java:489)
01-28 11:18:57.284 W/System.err( 2736): 	at java.net.InetAddress.getAllByNameImpl(InetAddress.java:280)
01-28 11:18:57.284 W/System.err( 2736): 	at java.net.InetAddress.getAllByName(InetAddress.java:249)
01-28 11:18:57.284 W/System.err( 2736): 	at org.apache.harmony.luni.internal.net.www.protocol.http.HttpConnection.<init>(HttpConnection.java:69)
01-28 11:18:57.284 W/System.err( 2736): 	at org.apache.harmony.luni.internal.net.www.protocol.http.HttpConnection.<init>(HttpConnection.java:48)
01-28 11:18:57.284 W/System.err( 2736): 	at org.apache.harmony.luni.internal.net.www.protocol.http.HttpConnection$Address.connect(HttpConnection.java:304)
01-28 11:18:57.294 W/System.err( 2736): 	at org.apache.harmony.luni.internal.net.www.protocol.http.HttpConnectionPool.get(HttpConnectionPool.java:89)
01-28 11:18:57.294 W/System.err( 2736): 	at org.apache.harmony.luni.internal.net.www.protocol.http.HttpURLConnectionImpl.getHttpConnection(HttpURLConnectionImpl.java:292)
01-28 11:18:57.294 W/System.err( 2736): 	at org.apache.harmony.luni.internal.net.www.protocol.http.HttpURLConnectionImpl.makeConnection(HttpURLConnectionImpl.java:274)
01-28 11:18:57.294 W/System.err( 2736): 	at org.apache.harmony.luni.internal.net.www.protocol.http.HttpURLConnectionImpl.connect(HttpURLConnectionImpl.java:217)
01-28 11:18:57.294 W/System.err( 2736): 	at org.apache.harmony.luni.internal.net.www.protocol.http.HttpURLConnectionImpl.getOutputStream(HttpURLConnectionImpl.java:624)
01-28 11:18:57.294 W/System.err( 2736): 	at uk.ac.st_andrews.cs.host.mk74.naivewifiindoorlocalization.WiFiNavigator$SendScanResultsTask.doInBackground(WiFiNavigator.java:124)
01-28 11:18:57.294 W/System.err( 2736): 	at uk.ac.st_andrews.cs.host.mk74.naivewifiindoorlocalization.WiFiNavigator$SendScanResultsTask.doInBackground(WiFiNavigator.java:1)
01-28 11:18:57.294 W/System.err( 2736): 	at android.os.AsyncTask$2.call(AsyncTask.java:252)
01-28 11:18:57.294 W/System.err( 2736): 	at java.util.concurrent.FutureTask$Sync.innerRun(FutureTask.java:305)
01-28 11:18:57.294 W/System.err( 2736): 	at java.util.concurrent.FutureTask.run(FutureTask.java:137)
01-28 11:18:57.294 W/System.err( 2736): 	at java.util.concurrent.ThreadPoolExecutor.runWorker(ThreadPoolExecutor.java:1081)
01-28 11:18:57.294 W/System.err( 2736): 	at java.util.concurrent.ThreadPoolExecutor$Worker.run(ThreadPoolExecutor.java:574)
01-28 11:18:57.294 W/System.err( 2736): 	at java.lang.Thread.run(Thread.java:1028)
01-28 11:18:57.314 D/msm7x30.gralloc( 1441): gpu_context_t::getGrallocInformationFromFormat  1 
01-28 11:18:58.255 I/wpa_supplicant( 1785): got scan complete
01-28 11:18:58.255 I/wpa_supplicant( 1785): wpa_supplicant_get_scan_results:return scan results2
01-28 11:18:58.255 I/wpa_supplicant( 1785): AP:ssid[BTOpenzone],rssi[-54],BSSID=9c:4e:20:c8:b0:f0
01-28 11:18:58.255 I/wpa_supplicant( 1785): AP:ssid[uos-visitor],rssi[-52],BSSID=9c:4e:20:c8:b0:f4
01-28 11:18:58.255 I/wpa_supplicant( 1785): AP:ssid[eduroam],rssi[-54],BSSID=9c:4e:20:c8:b0:f2
01-28 11:18:58.255 I/wpa_supplicant( 1785): AP:ssid[cs],rssi[-54],BSSID=9c:4e:20:c8:b0:f1
01-28 11:18:58.255 I/wpa_supplicant( 1785): AP:ssid[uos-connect],rssi[-54],BSSID=9c:4e:20:c8:b0:f3
01-28 11:18:58.265 I/wpa_supplicant( 1785): AP:ssid[cs],rssi[-74],BSSID=9c:4e:20:c8:cc:51
01-28 11:18:58.265 I/wpa_supplicant( 1785): AP:ssid[uos-visitor],rssi[-75],BSSID=9c:4e:20:c8:cc:54
01-28 11:18:58.265 I/wpa_supplicant( 1785): AP:ssid[eduroam],rssi[-70],BSSID=9c:4e:20:c8:cc:52
01-28 11:18:58.265 I/wpa_supplicant( 1785): AP:ssid[BTOpenzone],rssi[-74],BSSID=9c:4e:20:c8:cc:50
01-28 11:18:58.265 I/wpa_supplicant( 1785): AP:ssid[uos-connect],rssi[-74],BSSID=9c:4e:20:c8:cc:53
01-28 11:18:58.265 I/wpa_supplicant( 1785): AP:ssid[uos-visitor],rssi[-86],BSSID=9c:4e:20:c8:9e:74
01-28 11:18:58.265 I/wpa_supplicant( 1785): AP:ssid[cs],rssi[-86],BSSID=9c:4e:20:c8:9e:71
01-28 11:18:58.265 I/wpa_supplicant( 1785): AP:ssid[BTOpenzone],rssi[-86],BSSID=9c:4e:20:c8:9e:70
01-28 11:18:58.265 I/wpa_supplicant( 1785): AP:ssid[eduroam],rssi[-87],BSSID=9c:4e:20:c8:9e:72
01-28 11:18:58.265 I/wpa_supplicant( 1785): AP:ssid[uos-connect],rssi[-86],BSSID=9c:4e:20:c8:9e:73
01-28 11:18:58.275 I/wpa_supplicant( 1785): AP:ssid[hpsetup],rssi[-90],BSSID=c2:ce:46:d5:40:9c
01-28 11:18:58.275 I/wpa_supplicant( 1785): Received 2960 bytes of scan results (16 BSSes)
01-28 11:18:58.275 I/wpa_supplicant( 1785): wpa_driver_wext_get_scan_results---
01-28 11:18:58.275 I/wpa_supplicant( 1785): Already associated with the selected AP.
01-28 11:18:58.285 W/System.err( 2736): java.net.UnknownHostException: Unable to resolve host "mk74.host.cs.st-andrews.ac.uk": No address associated with hostname
01-28 11:18:58.285 W/System.err( 2736): 	at java.net.InetAddress.lookupHostByName(InetAddress.java:489)
01-28 11:18:58.285 W/System.err( 2736): 	at java.net.InetAddress.getAllByNameImpl(InetAddress.java:280)
01-28 11:18:58.285 W/System.err( 2736): 	at java.net.InetAddress.getAllByName(InetAddress.java:249)
01-28 11:18:58.285 W/System.err( 2736): 	at org.apache.harmony.luni.internal.net.www.protocol.http.HttpConnection.<init>(HttpConnection.java:69)
01-28 11:18:58.285 W/System.err( 2736): 	at org.apache.harmony.luni.internal.net.www.protocol.http.HttpConnection.<init>(HttpConnection.java:48)
01-28 11:18:58.285 W/System.err( 2736): 	at org.apache.harmony.luni.internal.net.www.protocol.http.HttpConnection$Address.connect(HttpConnection.java:304)
01-28 11:18:58.285 W/System.err( 2736): 	at org.apache.harmony.luni.internal.net.www.protocol.http.HttpConnectionPool.get(HttpConnectionPool.java:89)
01-28 11:18:58.285 W/System.err( 2736): 	at org.apache.harmony.luni.internal.net.www.protocol.http.HttpURLConnectionImpl.getHttpConnection(HttpURLConnectionImpl.java:292)
01-28 11:18:58.285 W/System.err( 2736): 	at org.apache.harmony.luni.internal.net.www.protocol.http.HttpURLConnectionImpl.makeConnection(HttpURLConnectionImpl.java:274)
01-28 11:18:58.285 W/System.err( 2736): 	at org.apache.harmony.luni.internal.net.www.protocol.http.HttpURLConnectionImpl.connect(HttpURLConnectionImpl.java:217)
01-28 11:18:58.285 W/System.err( 2736): 	at org.apache.harmony.luni.internal.net.www.protocol.http.HttpURLConnectionImpl.getOutputStream(HttpURLConnectionImpl.java:624)
01-28 11:18:58.295 W/System.err( 2736): 	at uk.ac.st_andrews.cs.host.mk74.naivewifiindoorlocalization.WiFiNavigator$SendScanResultsTask.doInBackground(WiFiNavigator.java:124)
01-28 11:18:58.295 W/System.err( 2736): 	at uk.ac.st_andrews.cs.host.mk74.naivewifiindoorlocalization.WiFiNavigator$SendScanResultsTask.doInBackground(WiFiNavigator.java:1)
01-28 11:18:58.295 W/System.err( 2736): 	at android.os.AsyncTask$2.call(AsyncTask.java:252)
01-28 11:18:58.295 W/System.err( 2736): 	at java.util.concurrent.FutureTask$Sync.innerRun(FutureTask.java:305)
01-28 11:18:58.295 W/System.err( 2736): 	at java.util.concurrent.FutureTask.run(FutureTask.java:137)
01-28 11:18:58.295 W/System.err( 2736): 	at java.util.concurrent.ThreadPoolExecutor.runWorker(ThreadPoolExecutor.java:1081)
01-28 11:18:58.295 W/System.err( 2736): 	at java.util.concurrent.ThreadPoolExecutor$Worker.run(ThreadPoolExecutor.java:574)
01-28 11:18:58.295 W/System.err( 2736): 	at java.lang.Thread.run(Thread.java:1028)
01-28 11:18:58.395 D/SurfaceFlinger( 1441): virtual void android::Layer::onRemoved(): lcblk (identity=35, status=0, token=1)
01-28 11:18:58.435 D/SurfaceFlinger( 1441): getTokenForSurface(0xb5f2c) => 1 (client=0xcc1e8, bitmap=00000003), pid=1673
01-28 11:18:58.435 D/msm7x30.gralloc( 1441): gpu_context_t::getGrallocInformationFromFormat  1 
01-28 11:18:58.675 D/msm7x30.gralloc( 1441): gpu_context_t::getGrallocInformationFromFormat  1 
01-28 11:18:58.776 D/SurfaceFlinger( 1441): virtual void android::Layer::onRemoved(): lcblk (identity=36, status=0, token=1)
01-28 11:18:58.806 D/SurfaceFlinger( 1441): getTokenForSurface(0xced6c) => 1 (client=0xcc1e8, bitmap=00000003), pid=1673
01-28 11:18:58.806 D/msm7x30.gralloc( 1441): gpu_context_t::getGrallocInformationFromFormat  1 
01-28 11:18:59.066 D/msm7x30.gralloc( 1441): gpu_context_t::getGrallocInformationFromFormat  1 
01-28 11:18:59.246 I/wpa_supplicant( 1785): got scan complete
01-28 11:18:59.246 I/wpa_supplicant( 1785): wpa_supplicant_get_scan_results:return scan results2
01-28 11:18:59.246 I/wpa_supplicant( 1785): AP:ssid[BTOpenzone],rssi[-55],BSSID=9c:4e:20:c8:b0:f0
01-28 11:18:59.246 I/wpa_supplicant( 1785): AP:ssid[uos-visitor],rssi[-55],BSSID=9c:4e:20:c8:b0:f4
01-28 11:18:59.246 I/wpa_supplicant( 1785): AP:ssid[eduroam],rssi[-56],BSSID=9c:4e:20:c8:b0:f2
01-28 11:18:59.246 I/wpa_supplicant( 1785): AP:ssid[cs],rssi[-56],BSSID=9c:4e:20:c8:b0:f1
01-28 11:18:59.246 I/wpa_supplicant( 1785): AP:ssid[uos-connect],rssi[-55],BSSID=9c:4e:20:c8:b0:f3
01-28 11:18:59.246 I/wpa_supplicant( 1785): AP:ssid[uos-visitor],rssi[-73],BSSID=9c:4e:20:c8:cc:54
01-28 11:18:59.246 I/wpa_supplicant( 1785): AP:ssid[cs],rssi[-74],BSSID=9c:4e:20:c8:cc:51
01-28 11:18:59.246 I/wpa_supplicant( 1785): AP:ssid[BTOpenzone],rssi[-73],BSSID=9c:4e:20:c8:cc:50
01-28 11:18:59.246 I/wpa_supplicant( 1785): AP:ssid[eduroam],rssi[-73],BSSID=9c:4e:20:c8:cc:52
01-28 11:18:59.246 I/wpa_supplicant( 1785): AP:ssid[uos-connect],rssi[-74],BSSID=9c:4e:20:c8:cc:53
01-28 11:18:59.246 I/wpa_supplicant( 1785): AP:ssid[cs],rssi[-84],BSSID=9c:4e:20:c8:9e:71
01-28 11:18:59.246 I/wpa_supplicant( 1785): AP:ssid[BTOpenzone],rssi[-84],BSSID=9c:4e:20:c8:9e:70
01-28 11:18:59.246 I/wpa_supplicant( 1785): AP:ssid[uos-visitor],rssi[-85],BSSID=9c:4e:20:c8:9e:74
01-28 11:18:59.246 I/wpa_supplicant( 1785): AP:ssid[uos-connect],rssi[-84],BSSID=9c:4e:20:c8:9e:73
01-28 11:18:59.246 I/wpa_supplicant( 1785): AP:ssid[hpsetup],rssi[-89],BSSID=c2:ce:46:d5:40:9c
01-28 11:18:59.246 I/wpa_supplicant( 1785): AP:ssid[LD-Net],rssi[-92],BSSID=00:14:6c:fd:72:38
01-28 11:18:59.246 I/wpa_supplicant( 1785): Received 2959 bytes of scan results (16 BSSes)
01-28 11:18:59.246 I/wpa_supplicant( 1785): wpa_driver_wext_get_scan_results---
01-28 11:18:59.246 I/wpa_supplicant( 1785): Already associated with the selected AP.
01-28 11:18:59.266 W/System.err( 2736): java.net.UnknownHostException: Unable to resolve host "mk74.host.cs.st-andrews.ac.uk": No address associated with hostname
01-28 11:18:59.266 W/System.err( 2736): 	at java.net.InetAddress.lookupHostByName(InetAddress.java:489)
01-28 11:18:59.266 W/System.err( 2736): 	at java.net.InetAddress.getAllByNameImpl(InetAddress.java:280)
01-28 11:18:59.266 W/System.err( 2736): 	at java.net.InetAddress.getAllByName(InetAddress.java:249)
01-28 11:18:59.266 W/System.err( 2736): 	at org.apache.harmony.luni.internal.net.www.protocol.http.HttpConnection.<init>(HttpConnection.java:69)
01-28 11:18:59.266 W/System.err( 2736): 	at org.apache.harmony.luni.internal.net.www.protocol.http.HttpConnection.<init>(HttpConnection.java:48)
01-28 11:18:59.266 W/System.err( 2736): 	at org.apache.harmony.luni.internal.net.www.protocol.http.HttpConnection$Address.connect(HttpConnection.java:304)
01-28 11:18:59.266 W/System.err( 2736): 	at org.apache.harmony.luni.internal.net.www.protocol.http.HttpConnectionPool.get(HttpConnectionPool.java:89)
01-28 11:18:59.266 W/System.err( 2736): 	at org.apache.harmony.luni.internal.net.www.protocol.http.HttpURLConnectionImpl.getHttpConnection(HttpURLConnectionImpl.java:292)
01-28 11:18:59.266 W/System.err( 2736): 	at org.apache.harmony.luni.internal.net.www.protocol.http.HttpURLConnectionImpl.makeConnection(HttpURLConnectionImpl.java:274)
01-28 11:18:59.266 W/System.err( 2736): 	at org.apache.harmony.luni.internal.net.www.protocol.http.HttpURLConnectionImpl.connect(HttpURLConnectionImpl.java:217)
01-28 11:18:59.266 W/System.err( 2736): 	at org.apache.harmony.luni.internal.net.www.protocol.http.HttpURLConnectionImpl.getOutputStream(HttpURLConnectionImpl.java:624)
01-28 11:18:59.266 W/System.err( 2736): 	at uk.ac.st_andrews.cs.host.mk74.naivewifiindoorlocalization.WiFiNavigator$SendScanResultsTask.doInBackground(WiFiNavigator.java:124)
01-28 11:18:59.266 W/System.err( 2736): 	at uk.ac.st_andrews.cs.host.mk74.naivewifiindoorlocalization.WiFiNavigator$SendScanResultsTask.doInBackground(WiFiNavigator.java:1)
01-28 11:18:59.266 W/System.err( 2736): 	at android.os.AsyncTask$2.call(AsyncTask.java:252)
01-28 11:18:59.266 W/System.err( 2736): 	at java.util.concurrent.FutureTask$Sync.innerRun(FutureTask.java:305)
01-28 11:18:59.266 W/System.err( 2736): 	at java.util.concurrent.FutureTask.run(FutureTask.java:137)
01-28 11:18:59.266 W/System.err( 2736): 	at java.util.concurrent.ThreadPoolExecutor.runWorker(ThreadPoolExecutor.java:1081)
01-28 11:18:59.266 W/System.err( 2736): 	at java.util.concurrent.ThreadPoolExecutor$Worker.run(ThreadPoolExecutor.java:574)
01-28 11:18:59.266 W/System.err( 2736): 	at java.lang.Thread.run(Thread.java:1028)
01-28 11:18:59.887 D/SurfaceFlinger( 1441): virtual void android::Layer::onRemoved(): lcblk (identity=37, status=0, token=1)
01-28 11:19:00.197 I/System.out( 2736): Location: unknown | WiFiNavigator running:true
01-28 11:19:00.197 I/System.out( 2736): Battery level: 99 | Time difference: -1
01-28 11:19:00.227 I/wpa_supplicant( 1785): got scan complete
01-28 11:19:00.227 I/wpa_supplicant( 1785): wpa_supplicant_get_scan_results:return scan results2
01-28 11:19:00.227 I/wpa_supplicant( 1785): AP:ssid[BTOpenzone],rssi[-55],BSSID=9c:4e:20:c8:b0:f0
01-28 11:19:00.227 I/wpa_supplicant( 1785): AP:ssid[uos-visitor],rssi[-54],BSSID=9c:4e:20:c8:b0:f4
01-28 11:19:00.237 I/wpa_supplicant( 1785): AP:ssid[eduroam],rssi[-55],BSSID=9c:4e:20:c8:b0:f2
01-28 11:19:00.237 I/wpa_supplicant( 1785): AP:ssid[cs],rssi[-55],BSSID=9c:4e:20:c8:b0:f1
01-28 11:19:00.237 I/wpa_supplicant( 1785): AP:ssid[uos-connect],rssi[-55],BSSID=9c:4e:20:c8:b0:f3
01-28 11:19:00.237 I/wpa_supplicant( 1785): AP:ssid[eduroam],rssi[-78],BSSID=9c:4e:20:c8:cc:52
01-28 11:19:00.237 I/wpa_supplicant( 1785): AP:ssid[cs],rssi[-74],BSSID=9c:4e:20:c8:cc:51
01-28 11:19:00.237 I/wpa_supplicant( 1785): AP:ssid[uos-connect],rssi[-71],BSSID=9c:4e:20:c8:cc:53
01-28 11:19:00.237 I/wpa_supplicant( 1785): AP:ssid[uos-visitor],rssi[-73],BSSID=9c:4e:20:c8:cc:54
01-28 11:19:00.237 I/wpa_supplicant( 1785): AP:ssid[BTOpenzone],rssi[-77],BSSID=9c:4e:20:c8:cc:50
01-28 11:19:00.237 I/wpa_supplicant( 1785): AP:ssid[BTOpenzone],rssi[-84],BSSID=9c:4e:20:c8:9e:70
01-28 11:19:00.237 I/wpa_supplicant( 1785): AP:ssid[uos-visitor],rssi[-85],BSSID=9c:4e:20:c8:9e:74
01-28 11:19:00.247 I/wpa_supplicant( 1785): AP:ssid[eduroam],rssi[-85],BSSID=9c:4e:20:c8:9e:72
01-28 11:19:00.247 I/wpa_supplicant( 1785): AP:ssid[cs],rssi[-85],BSSID=9c:4e:20:c8:9e:71
01-28 11:19:00.247 I/wpa_supplicant( 1785): AP:ssid[uos-connect],rssi[-88],BSSID=9c:4e:20:c8:9e:73
01-28 11:19:00.247 I/wpa_supplicant( 1785): AP:ssid[hpsetup],rssi[-90],BSSID=c2:ce:46:d5:40:9c
01-28 11:19:00.247 I/wpa_supplicant( 1785): Received 2960 bytes of scan results (16 BSSes)
01-28 11:19:00.247 I/wpa_supplicant( 1785): wpa_driver_wext_get_scan_results---
01-28 11:19:00.247 I/wpa_supplicant( 1785): Already associated with the selected AP.
01-28 11:19:00.297 W/System.err( 2736): java.net.UnknownHostException: Unable to resolve host "mk74.host.cs.st-andrews.ac.uk": No address associated with hostname
01-28 11:19:00.297 W/System.err( 2736): 	at java.net.InetAddress.lookupHostByName(InetAddress.java:489)
01-28 11:19:00.297 W/System.err( 2736): 	at java.net.InetAddress.getAllByNameImpl(InetAddress.java:280)
01-28 11:19:00.297 W/System.err( 2736): 	at java.net.InetAddress.getAllByName(InetAddress.java:249)
01-28 11:19:00.297 W/System.err( 2736): 	at org.apache.harmony.luni.internal.net.www.protocol.http.HttpConnection.<init>(HttpConnection.java:69)
01-28 11:19:00.297 W/System.err( 2736): 	at org.apache.harmony.luni.internal.net.www.protocol.http.HttpConnection.<init>(HttpConnection.java:48)
01-28 11:19:00.297 W/System.err( 2736): 	at org.apache.harmony.luni.internal.net.www.protocol.http.HttpConnection$Address.connect(HttpConnection.java:304)
01-28 11:19:00.297 W/System.err( 2736): 	at org.apache.harmony.luni.internal.net.www.protocol.http.HttpConnectionPool.get(HttpConnectionPool.java:89)
01-28 11:19:00.297 W/System.err( 2736): 	at org.apache.harmony.luni.internal.net.www.protocol.http.HttpURLConnectionImpl.getHttpConnection(HttpURLConnectionImpl.java:292)
01-28 11:19:00.297 W/System.err( 2736): 	at org.apache.harmony.luni.internal.net.www.protocol.http.HttpURLConnectionImpl.makeConnection(HttpURLConnectionImpl.java:274)
01-28 11:19:00.297 W/System.err( 2736): 	at org.apache.harmony.luni.internal.net.www.protocol.http.HttpURLConnectionImpl.connect(HttpURLConnectionImpl.java:217)
01-28 11:19:00.297 W/System.err( 2736): 	at org.apache.harmony.luni.internal.net.www.protocol.http.HttpURLConnectionImpl.getOutputStream(HttpURLConnectionImpl.java:624)
01-28 11:19:00.297 W/System.err( 2736): 	at uk.ac.st_andrews.cs.host.mk74.naivewifiindoorlocalization.WiFiNavigator$SendScanResultsTask.doInBackground(WiFiNavigator.java:124)
01-28 11:19:00.297 W/System.err( 2736): 	at uk.ac.st_andrews.cs.host.mk74.naivewifiindoorlocalization.WiFiNavigator$SendScanResultsTask.doInBackground(WiFiNavigator.java:1)
01-28 11:19:00.297 W/System.err( 2736): 	at android.os.AsyncTask$2.call(AsyncTask.java:252)
01-28 11:19:00.297 W/System.err( 2736): 	at java.util.concurrent.FutureTask$Sync.innerRun(FutureTask.java:305)
01-28 11:19:00.297 W/System.err( 2736): 	at java.util.concurrent.FutureTask.run(FutureTask.java:137)
01-28 11:19:00.297 W/System.err( 2736): 	at java.util.concurrent.ThreadPoolExecutor.runWorker(ThreadPoolExecutor.java:1081)
01-28 11:19:00.297 W/System.err( 2736): 	at java.util.concurrent.ThreadPoolExecutor$Worker.run(ThreadPoolExecutor.java:574)
01-28 11:19:00.307 W/System.err( 2736): 	at java.lang.Thread.run(Thread.java:1028)
01-28 11:19:01.038 V/HtcAlertDialog( 2756): onStop
01-28 11:19:01.078 D/SurfaceFlinger( 1441): virtual void android::Layer::onRemoved(): lcblk (identity=30, status=0, token=1)
01-28 11:19:01.168 I/keystore( 1448): uid: 1000 action: u -> 1 state: 2 -> 1 retry: 4
01-28 11:19:01.238 D/dalvikvm( 1588): GC_FOR_ALLOC freed 148K, 12% free 16033K/18183K, paused 46ms
01-28 11:19:01.238 I/dalvikvm-heap( 1588): Grow heap (frag case) to 15.878MB for 124216-byte allocation
01-28 11:19:01.238 I/wpa_supplicant( 1785): got scan complete
01-28 11:19:01.238 I/wpa_supplicant( 1785): wpa_supplicant_get_scan_results:return scan results2
01-28 11:19:01.238 I/wpa_supplicant( 1785): AP:ssid[BTOpenzone],rssi[-53],BSSID=9c:4e:20:c8:b0:f0
01-28 11:19:01.238 I/wpa_supplicant( 1785): AP:ssid[uos-connect],rssi[-54],BSSID=9c:4e:20:c8:b0:f3
01-28 11:19:01.238 I/wpa_supplicant( 1785): AP:ssid[uos-visitor],rssi[-55],BSSID=9c:4e:20:c8:b0:f4
01-28 11:19:01.238 I/wpa_supplicant( 1785): AP:ssid[eduroam],rssi[-54],BSSID=9c:4e:20:c8:b0:f2
01-28 11:19:01.238 I/wpa_supplicant( 1785): AP:ssid[cs],rssi[-55],BSSID=9c:4e:20:c8:b0:f1
01-28 11:19:01.238 I/wpa_supplicant( 1785): AP:ssid[BTOpenzone],rssi[-73],BSSID=9c:4e:20:c8:cc:50
01-28 11:19:01.238 I/wpa_supplicant( 1785): AP:ssid[uos-visitor],rssi[-73],BSSID=9c:4e:20:c8:cc:54
01-28 11:19:01.238 I/wpa_supplicant( 1785): AP:ssid[eduroam],rssi[-72],BSSID=9c:4e:20:c8:cc:52
01-28 11:19:01.238 I/wpa_supplicant( 1785): AP:ssid[cs],rssi[-74],BSSID=9c:4e:20:c8:cc:51
01-28 11:19:01.238 I/wpa_supplicant( 1785): AP:ssid[uos-connect],rssi[-74],BSSID=9c:4e:20:c8:cc:53
01-28 11:19:01.238 I/wpa_supplicant( 1785): AP:ssid[uos-visitor],rssi[-91],BSSID=9c:4e:20:c8:9e:74
01-28 11:19:01.238 I/wpa_supplicant( 1785): AP:ssid[cs],rssi[-90],BSSID=9c:4e:20:c8:9e:71
01-28 11:19:01.238 I/wpa_supplicant( 1785): AP:ssid[BTOpenzone],rssi[-85],BSSID=9c:4e:20:c8:9e:70
01-28 11:19:01.238 I/wpa_supplicant( 1785): AP:ssid[eduroam],rssi[-86],BSSID=9c:4e:20:c8:9e:72
01-28 11:19:01.238 I/wpa_supplicant( 1785): AP:ssid[uos-connect],rssi[-86],BSSID=9c:4e:20:c8:9e:73
01-28 11:19:01.238 I/wpa_supplicant( 1785): AP:ssid[hpsetup],rssi[-92],BSSID=c2:ce:46:d5:40:9c
01-28 11:19:01.238 I/wpa_supplicant( 1785): Received 2960 bytes of scan results (16 BSSes)
01-28 11:19:01.238 I/wpa_supplicant( 1785): wpa_driver_wext_get_scan_results---
01-28 11:19:01.248 I/wpa_supplicant( 1785): Already associated with the selected AP.
01-28 11:19:01.298 D/dalvikvm( 1588): GC_FOR_ALLOC freed 31K, 12% free 16122K/18311K, paused 46ms
01-28 11:19:01.308 D/ActivityManager( 1588): isSketcherDisabledInCurrentTask():false, ActivityRecord{406a10e8 com.android.settings/.Settings$WifiSettingsActivity}
01-28 11:19:01.308 I/HTCIMEService( 1673): fetch result: 7.1
01-28 11:19:01.318 I/HTCIMMView( 1673): [FixedWCL] adjustWCLHeight height:65
01-28 11:19:01.328 V/WindowManager( 1588): Starting animation in AppWindowToken{41172940 token=ActivityRecord{40a43e68 com.android.settings/.CredentialStorage}} @ 473698
01-28 11:19:01.338 V/WindowManager( 1588): Finished animation in AppWindowToken{41172940 token=ActivityRecord{40a43e68 com.android.settings/.CredentialStorage}} @ 473716
01-28 11:19:01.368 D/SurfaceFlinger( 1441): getTokenForSurface(0xb1044) => 1 (client=0xaef50, bitmap=00000007), pid=2756
01-28 11:19:01.368 D/WifiStatusReceiver( 2756): Enter Wi-fi Setting
01-28 11:19:01.368 I/keystore( 1448): uid: 1000 action: t -> 1 state: 1 -> 1 retry: 4
01-28 11:19:01.378 I/keystore( 1448): uid: 1000 action: t -> 1 state: 1 -> 1 retry: 4
