01-28 11:19:21.598 D/RPC     ( 1588): read RPC packet size: [28]
01-28 11:19:21.598 V/lib_locapi( 1588): qct_loc_eng_inject_xtra_data, inject part = 59, len = 400, len = 400
01-28 11:19:21.598 V/lib_locapi( 1588): qct_loc_eng_inject_xtra_data, total part = 59, len = 400 
01-28 11:19:21.598 D/locapi_rpc_glue( 1588): loc_ioctl
01-28 11:19:21.598 D/RPC     ( 1588): written RPC packet size: [480]
01-28 11:19:21.598 D/RPC     ( 1588): read RPC packet
01-28 11:19:21.598 D/RPC     ( 1588): read RPC packet size: [28]
01-28 11:19:21.598 V/lib_locapi( 1588): qct_loc_eng_inject_xtra_data, inject part = 60, len = 400, len = 400
01-28 11:19:21.598 V/lib_locapi( 1588): qct_loc_eng_inject_xtra_data, total part = 60, len = 400 
01-28 11:19:21.598 D/locapi_rpc_glue( 1588): loc_ioctl
01-28 11:19:21.598 I/System.out( 2736): Location: no CS school | WiFiNavigator running:true
01-28 11:19:21.598 I/System.out( 2736): Battery level: 99 | Time difference: -1
01-28 11:19:21.608 D/RPC     ( 1588): written RPC packet size: [480]
01-28 11:19:21.608 D/RPC     ( 1588): read RPC packet
01-28 11:19:21.608 D/RPC     ( 1588): read RPC packet size: [28]
01-28 11:19:21.608 V/lib_locapi( 1588): qct_loc_eng_inject_xtra_data, inject part = 61, len = 400, len = 400
01-28 11:19:21.608 V/lib_locapi( 1588): qct_loc_eng_inject_xtra_data, total part = 61, len = 400 
01-28 11:19:21.608 D/locapi_rpc_glue( 1588): loc_ioctl
01-28 11:19:21.608 D/RPC     ( 1588): written RPC packet size: [480]
01-28 11:19:21.619 D/RPC     ( 1588): read RPC packet
01-28 11:19:21.619 D/RPC     ( 1588): read RPC packet size: [28]
01-28 11:19:21.619 V/lib_locapi( 1588): qct_loc_eng_inject_xtra_data, inject part = 62, len = 400, len = 400
01-28 11:19:21.619 V/lib_locapi( 1588): qct_loc_eng_inject_xtra_data, total part = 62, len = 400 
01-28 11:19:21.619 D/locapi_rpc_glue( 1588): loc_ioctl
01-28 11:19:21.619 D/RPC     ( 1588): written RPC packet size: [480]
01-28 11:19:21.619 D/RPC     ( 1588): read RPC packet
01-28 11:19:21.619 D/RPC     ( 1588): read RPC packet size: [28]
01-28 11:19:21.619 V/lib_locapi( 1588): qct_loc_eng_inject_xtra_data, inject part = 63, len = 400, len = 400
01-28 11:19:21.619 V/lib_locapi( 1588): qct_loc_eng_inject_xtra_data, total part = 63, len = 400 
01-28 11:19:21.619 D/locapi_rpc_glue( 1588): loc_ioctl
01-28 11:19:21.619 D/RPC     ( 1588): written RPC packet size: [480]
01-28 11:19:21.619 D/RPC     ( 1588): read RPC packet
01-28 11:19:21.619 D/RPC     ( 1588): read RPC packet size: [28]
01-28 11:19:21.619 V/lib_locapi( 1588): qct_loc_eng_inject_xtra_data, inject part = 64, len = 400, len = 400
01-28 11:19:21.619 V/lib_locapi( 1588): qct_loc_eng_inject_xtra_data, total part = 64, len = 400 
01-28 11:19:21.619 D/locapi_rpc_glue( 1588): loc_ioctl
01-28 11:19:21.619 D/RPC     ( 1588): written RPC packet size: [480]
01-28 11:19:21.619 D/RPC     ( 1588): read RPC packet
01-28 11:19:21.619 D/RPC     ( 1588): read RPC packet size: [28]
01-28 11:19:21.619 V/lib_locapi( 1588): qct_loc_eng_inject_xtra_data, inject part = 65, len = 400, len = 400
01-28 11:19:21.619 V/lib_locapi( 1588): qct_loc_eng_inject_xtra_data, total part = 65, len = 400 
01-28 11:19:21.619 D/locapi_rpc_glue( 1588): loc_ioctl
01-28 11:19:21.619 D/RPC     ( 1588): written RPC packet size: [480]
01-28 11:19:21.629 D/RPC     ( 1588): read RPC packet
01-28 11:19:21.629 D/RPC     ( 1588): read RPC packet size: [28]
01-28 11:19:21.629 V/lib_locapi( 1588): qct_loc_eng_inject_xtra_data, inject part = 66, len = 400, len = 400
01-28 11:19:21.629 V/lib_locapi( 1588): qct_loc_eng_inject_xtra_data, total part = 66, len = 400 
01-28 11:19:21.629 D/locapi_rpc_glue( 1588): loc_ioctl
01-28 11:19:21.629 D/RPC     ( 1588): written RPC packet size: [480]
01-28 11:19:21.629 D/RPC     ( 1588): read RPC packet
01-28 11:19:21.629 D/RPC     ( 1588): read RPC packet size: [28]
01-28 11:19:21.629 V/lib_locapi( 1588): qct_loc_eng_inject_xtra_data, inject part = 67, len = 400, len = 400
01-28 11:19:21.629 V/lib_locapi( 1588): qct_loc_eng_inject_xtra_data, total part = 67, len = 400 
01-28 11:19:21.629 D/locapi_rpc_glue( 1588): loc_ioctl
01-28 11:19:21.629 D/RPC     ( 1588): written RPC packet size: [480]
01-28 11:19:21.629 D/RPC     ( 1588): read RPC packet
01-28 11:19:21.629 D/RPC     ( 1588): read RPC packet size: [28]
01-28 11:19:21.629 V/lib_locapi( 1588): qct_loc_eng_inject_xtra_data, inject part = 68, len = 400, len = 400
01-28 11:19:21.629 V/lib_locapi( 1588): qct_loc_eng_inject_xtra_data, total part = 68, len = 400 
01-28 11:19:21.629 D/locapi_rpc_glue( 1588): loc_ioctl
01-28 11:19:21.629 D/RPC     ( 1588): written RPC packet size: [480]
01-28 11:19:21.629 D/RPC     ( 1588): read RPC packet
01-28 11:19:21.629 D/RPC     ( 1588): read RPC packet size: [28]
01-28 11:19:21.629 V/lib_locapi( 1588): qct_loc_eng_inject_xtra_data, inject part = 69, len = 400, len = 400
01-28 11:19:21.629 V/lib_locapi( 1588): qct_loc_eng_inject_xtra_data, total part = 69, len = 400 
01-28 11:19:21.629 D/locapi_rpc_glue( 1588): loc_ioctl
01-28 11:19:21.639 D/RPC     ( 1588): written RPC packet size: [480]
01-28 11:19:21.639 D/RPC     ( 1588): read RPC packet
01-28 11:19:21.639 D/RPC     ( 1588): read RPC packet size: [28]
01-28 11:19:21.639 V/lib_locapi( 1588): qct_loc_eng_inject_xtra_data, inject part = 70, len = 400, len = 400
01-28 11:19:21.639 V/lib_locapi( 1588): qct_loc_eng_inject_xtra_data, total part = 70, len = 400 
01-28 11:19:21.639 D/locapi_rpc_glue( 1588): loc_ioctl
01-28 11:19:21.639 D/RPC     ( 1588): written RPC packet size: [480]
01-28 11:19:21.639 D/RPC     ( 1588): read RPC packet
01-28 11:19:21.639 D/RPC     ( 1588): read RPC packet size: [28]
01-28 11:19:21.639 V/lib_locapi( 1588): qct_loc_eng_inject_xtra_data, inject part = 71, len = 400, len = 400
01-28 11:19:21.639 V/lib_locapi( 1588): qct_loc_eng_inject_xtra_data, total part = 71, len = 400 
01-28 11:19:21.639 D/locapi_rpc_glue( 1588): loc_ioctl
01-28 11:19:21.649 D/RPC     ( 1588): written RPC packet size: [480]
01-28 11:19:21.649 D/RPC     ( 1588): read RPC packet
01-28 11:19:21.649 D/RPC     ( 1588): read RPC packet size: [28]
01-28 11:19:21.649 V/lib_locapi( 1588): qct_loc_eng_inject_xtra_data, inject part = 72, len = 400, len = 400
01-28 11:19:21.649 V/lib_locapi( 1588): qct_loc_eng_inject_xtra_data, total part = 72, len = 400 
01-28 11:19:21.649 D/locapi_rpc_glue( 1588): loc_ioctl
01-28 11:19:21.649 D/RPC     ( 1588): written RPC packet size: [480]
01-28 11:19:21.649 D/RPC     ( 1588): read RPC packet
01-28 11:19:21.649 D/RPC     ( 1588): read RPC packet size: [28]
01-28 11:19:21.649 V/lib_locapi( 1588): qct_loc_eng_inject_xtra_data, inject part = 73, len = 400, len = 400
01-28 11:19:21.649 V/lib_locapi( 1588): qct_loc_eng_inject_xtra_data, total part = 73, len = 400 
01-28 11:19:21.649 D/locapi_rpc_glue( 1588): loc_ioctl
01-28 11:19:21.649 D/RPC     ( 1588): written RPC packet size: [480]
01-28 11:19:21.649 D/RPC     ( 1588): read RPC packet
01-28 11:19:21.649 D/RPC     ( 1588): read RPC packet size: [28]
01-28 11:19:21.649 V/lib_locapi( 1588): qct_loc_eng_inject_xtra_data, inject part = 74, len = 400, len = 400
01-28 11:19:21.649 V/lib_locapi( 1588): qct_loc_eng_inject_xtra_data, total part = 74, len = 400 
01-28 11:19:21.649 D/locapi_rpc_glue( 1588): loc_ioctl
01-28 11:19:21.649 D/RPC     ( 1588): written RPC packet size: [480]
01-28 11:19:21.649 D/RPC     ( 1588): read RPC packet
01-28 11:19:21.649 D/RPC     ( 1588): read RPC packet size: [28]
01-28 11:19:21.649 V/lib_locapi( 1588): qct_loc_eng_inject_xtra_data, inject part = 75, len = 400, len = 400
01-28 11:19:21.649 V/lib_locapi( 1588): qct_loc_eng_inject_xtra_data, total part = 75, len = 400 
01-28 11:19:21.659 D/locapi_rpc_glue( 1588): loc_ioctl
01-28 11:19:21.659 D/RPC     ( 1588): written RPC packet size: [480]
01-28 11:19:21.659 D/RPC     ( 1588): read RPC packet
01-28 11:19:21.659 D/RPC     ( 1588): read RPC packet size: [28]
01-28 11:19:21.659 V/lib_locapi( 1588): qct_loc_eng_inject_xtra_data, inject part = 76, len = 400, len = 400
01-28 11:19:21.659 V/lib_locapi( 1588): qct_loc_eng_inject_xtra_data, total part = 76, len = 400 
01-28 11:19:21.659 D/locapi_rpc_glue( 1588): loc_ioctl
01-28 11:19:21.659 D/RPC     ( 1588): written RPC packet size: [480]
01-28 11:19:21.659 D/RPC     ( 1588): read RPC packet
01-28 11:19:21.659 D/RPC     ( 1588): read RPC packet size: [28]
01-28 11:19:21.669 V/lib_locapi( 1588): qct_loc_eng_inject_xtra_data, inject part = 77, len = 400, len = 400
01-28 11:19:21.669 V/lib_locapi( 1588): qct_loc_eng_inject_xtra_data, total part = 77, len = 400 
01-28 11:19:21.669 D/locapi_rpc_glue( 1588): loc_ioctl
01-28 11:19:21.669 D/RPC     ( 1588): written RPC packet size: [480]
01-28 11:19:21.669 D/RPC     ( 1588): read RPC packet
01-28 11:19:21.669 D/RPC     ( 1588): read RPC packet size: [28]
01-28 11:19:21.669 V/lib_locapi( 1588): qct_loc_eng_inject_xtra_data, inject part = 78, len = 400, len = 400
01-28 11:19:21.669 V/lib_locapi( 1588): qct_loc_eng_inject_xtra_data, total part = 78, len = 400 
01-28 11:19:21.669 D/locapi_rpc_glue( 1588): loc_ioctl
01-28 11:19:21.669 D/RPC     ( 1588): written RPC packet size: [480]
01-28 11:19:21.669 D/RPC     ( 1588): read RPC packet
01-28 11:19:21.669 D/RPC     ( 1588): read RPC packet size: [28]
01-28 11:19:21.669 V/lib_locapi( 1588): qct_loc_eng_inject_xtra_data, inject part = 79, len = 400, len = 400
01-28 11:19:21.669 V/lib_locapi( 1588): qct_loc_eng_inject_xtra_data, total part = 79, len = 400 
01-28 11:19:21.669 D/locapi_rpc_glue( 1588): loc_ioctl
01-28 11:19:21.669 D/RPC     ( 1588): written RPC packet size: [480]
01-28 11:19:21.669 D/RPC     ( 1588): read RPC packet
01-28 11:19:21.669 D/RPC     ( 1588): read RPC packet size: [28]
01-28 11:19:21.669 V/lib_locapi( 1588): qct_loc_eng_inject_xtra_data, inject part = 80, len = 400, len = 400
01-28 11:19:21.679 V/lib_locapi( 1588): qct_loc_eng_inject_xtra_data, total part = 80, len = 400 
01-28 11:19:21.679 D/locapi_rpc_glue( 1588): loc_ioctl
01-28 11:19:21.679 D/RPC     ( 1588): written RPC packet size: [480]
01-28 11:19:21.679 D/RPC     ( 1588): read RPC packet
01-28 11:19:21.679 D/RPC     ( 1588): read RPC packet size: [28]
01-28 11:19:21.679 V/lib_locapi( 1588): qct_loc_eng_inject_xtra_data, inject part = 81, len = 400, len = 400
01-28 11:19:21.679 V/lib_locapi( 1588): qct_loc_eng_inject_xtra_data, total part = 81, len = 400 
01-28 11:19:21.679 D/locapi_rpc_glue( 1588): loc_ioctl
01-28 11:19:21.679 D/RPC     ( 1588): written RPC packet size: [480]
01-28 11:19:21.679 D/RPC     ( 1588): read RPC packet
01-28 11:19:21.689 D/RPC     ( 1588): read RPC packet size: [28]
01-28 11:19:21.689 V/lib_locapi( 1588): qct_loc_eng_inject_xtra_data, inject part = 82, len = 400, len = 400
01-28 11:19:21.689 V/lib_locapi( 1588): qct_loc_eng_inject_xtra_data, total part = 82, len = 400 
01-28 11:19:21.689 D/locapi_rpc_glue( 1588): loc_ioctl
01-28 11:19:21.689 D/RPC     ( 1588): written RPC packet size: [480]
01-28 11:19:21.689 D/RPC     ( 1588): read RPC packet
01-28 11:19:21.689 D/RPC     ( 1588): read RPC packet size: [28]
01-28 11:19:21.689 V/lib_locapi( 1588): qct_loc_eng_inject_xtra_data, inject part = 83, len = 400, len = 400
01-28 11:19:21.689 V/lib_locapi( 1588): qct_loc_eng_inject_xtra_data, total part = 83, len = 400 
01-28 11:19:21.689 D/locapi_rpc_glue( 1588): loc_ioctl
01-28 11:19:21.689 D/RPC     ( 1588): written RPC packet size: [480]
01-28 11:19:21.689 D/RPC     ( 1588): read RPC packet
01-28 11:19:21.689 D/RPC     ( 1588): read RPC packet size: [28]
01-28 11:19:21.689 V/lib_locapi( 1588): qct_loc_eng_inject_xtra_data, inject part = 84, len = 400, len = 400
01-28 11:19:21.689 V/lib_locapi( 1588): qct_loc_eng_inject_xtra_data, total part = 84, len = 400 
01-28 11:19:21.689 D/locapi_rpc_glue( 1588): loc_ioctl
01-28 11:19:21.689 D/RPC     ( 1588): written RPC packet size: [480]
01-28 11:19:21.699 D/RPC     ( 1588): read RPC packet
01-28 11:19:21.699 D/RPC     ( 1588): read RPC packet size: [28]
01-28 11:19:21.699 V/lib_locapi( 1588): qct_loc_eng_inject_xtra_data, inject part = 85, len = 400, len = 400
01-28 11:19:21.699 V/lib_locapi( 1588): qct_loc_eng_inject_xtra_data, total part = 85, len = 400 
01-28 11:19:21.699 D/locapi_rpc_glue( 1588): loc_ioctl
01-28 11:19:21.699 D/RPC     ( 1588): written RPC packet size: [480]
01-28 11:19:21.699 D/RPC     ( 1588): read RPC packet
01-28 11:19:21.699 D/RPC     ( 1588): read RPC packet size: [28]
01-28 11:19:21.699 V/lib_locapi( 1588): qct_loc_eng_inject_xtra_data, inject part = 86, len = 400, len = 400
01-28 11:19:21.699 V/lib_locapi( 1588): qct_loc_eng_inject_xtra_data, total part = 86, len = 400 
01-28 11:19:21.699 D/locapi_rpc_glue( 1588): loc_ioctl
01-28 11:19:21.699 D/RPC     ( 1588): written RPC packet size: [480]
01-28 11:19:21.699 D/RPC     ( 1588): read RPC packet
01-28 11:19:21.699 D/RPC     ( 1588): read RPC packet size: [28]
01-28 11:19:21.699 V/lib_locapi( 1588): qct_loc_eng_inject_xtra_data, inject part = 87, len = 400, len = 400
01-28 11:19:21.699 V/lib_locapi( 1588): qct_loc_eng_inject_xtra_data, total part = 87, len = 400 
01-28 11:19:21.699 D/locapi_rpc_glue( 1588): loc_ioctl
01-28 11:19:21.699 D/RPC     ( 1588): written RPC packet size: [480]
01-28 11:19:21.709 D/RPC     ( 1588): read RPC packet
01-28 11:19:21.709 D/RPC     ( 1588): read RPC packet size: [28]
01-28 11:19:21.709 V/lib_locapi( 1588): qct_loc_eng_inject_xtra_data, inject part = 88, len = 400, len = 400
01-28 11:19:21.709 V/lib_locapi( 1588): qct_loc_eng_inject_xtra_data, total part = 88, len = 400 
01-28 11:19:21.709 D/locapi_rpc_glue( 1588): loc_ioctl
01-28 11:19:21.709 D/RPC     ( 1588): written RPC packet size: [480]
01-28 11:19:21.709 D/RPC     ( 1588): read RPC packet
01-28 11:19:21.709 D/RPC     ( 1588): read RPC packet size: [28]
01-28 11:19:21.709 V/lib_locapi( 1588): qct_loc_eng_inject_xtra_data, inject part = 89, len = 400, len = 400
01-28 11:19:21.709 V/lib_locapi( 1588): qct_loc_eng_inject_xtra_data, total part = 89, len = 400 
01-28 11:19:21.709 D/locapi_rpc_glue( 1588): loc_ioctl
01-28 11:19:21.709 D/RPC     ( 1588): written RPC packet size: [480]
01-28 11:19:21.719 D/RPC     ( 1588): read RPC packet
01-28 11:19:21.719 D/RPC     ( 1588): read RPC packet size: [28]
01-28 11:19:21.719 V/lib_locapi( 1588): qct_loc_eng_inject_xtra_data, inject part = 90, len = 400, len = 400
01-28 11:19:21.719 V/lib_locapi( 1588): qct_loc_eng_inject_xtra_data, total part = 90, len = 400 
01-28 11:19:21.719 D/locapi_rpc_glue( 1588): loc_ioctl
01-28 11:19:21.719 D/RPC     ( 1588): written RPC packet size: [480]
01-28 11:19:21.719 D/RPC     ( 1588): read RPC packet
01-28 11:19:21.719 D/RPC     ( 1588): read RPC packet size: [28]
01-28 11:19:21.719 V/lib_locapi( 1588): qct_loc_eng_inject_xtra_data, inject part = 91, len = 400, len = 400
01-28 11:19:21.719 V/lib_locapi( 1588): qct_loc_eng_inject_xtra_data, total part = 91, len = 400 
01-28 11:19:21.719 D/locapi_rpc_glue( 1588): loc_ioctl
01-28 11:19:21.719 D/RPC     ( 1588): written RPC packet size: [480]
01-28 11:19:21.729 D/RPC     ( 1588): read RPC packet
01-28 11:19:21.729 D/RPC     ( 1588): read RPC packet size: [28]
01-28 11:19:21.729 V/lib_locapi( 1588): qct_loc_eng_inject_xtra_data, inject part = 92, len = 400, len = 400
01-28 11:19:21.729 V/lib_locapi( 1588): qct_loc_eng_inject_xtra_data, total part = 92, len = 400 
01-28 11:19:21.729 D/locapi_rpc_glue( 1588): loc_ioctl
01-28 11:19:21.729 D/RPC     ( 1588): written RPC packet size: [480]
01-28 11:19:21.729 D/RPC     ( 1588): read RPC packet
01-28 11:19:21.729 D/RPC     ( 1588): read RPC packet size: [28]
01-28 11:19:21.729 V/lib_locapi( 1588): qct_loc_eng_inject_xtra_data, inject part = 93, len = 400, len = 400
01-28 11:19:21.729 V/lib_locapi( 1588): qct_loc_eng_inject_xtra_data, total part = 93, len = 400 
01-28 11:19:21.729 D/locapi_rpc_glue( 1588): loc_ioctl
01-28 11:19:21.739 D/RPC     ( 1588): written RPC packet size: [480]
01-28 11:19:21.739 D/RPC     ( 1588): read RPC packet
01-28 11:19:21.739 D/RPC     ( 1588): read RPC packet size: [28]
01-28 11:19:21.739 V/lib_locapi( 1588): qct_loc_eng_inject_xtra_data, inject part = 94, len = 400, len = 400
01-28 11:19:21.739 V/lib_locapi( 1588): qct_loc_eng_inject_xtra_data, total part = 94, len = 400 
01-28 11:19:21.739 D/locapi_rpc_glue( 1588): loc_ioctl
01-28 11:19:21.739 D/RPC     ( 1588): written RPC packet size: [480]
01-28 11:19:21.739 D/RPC     ( 1588): read RPC packet
01-28 11:19:21.739 D/RPC     ( 1588): read RPC packet size: [28]
01-28 11:19:21.739 V/lib_locapi( 1588): qct_loc_eng_inject_xtra_data, inject part = 95, len = 400, len = 400
01-28 11:19:21.739 V/lib_locapi( 1588): qct_loc_eng_inject_xtra_data, total part = 95, len = 400 
01-28 11:19:21.739 D/locapi_rpc_glue( 1588): loc_ioctl
01-28 11:19:21.739 D/RPC     ( 1588): written RPC packet size: [480]
01-28 11:19:21.749 D/RPC     ( 1588): read RPC packet
01-28 11:19:21.749 D/RPC     ( 1588): read RPC packet size: [28]
01-28 11:19:21.749 V/lib_locapi( 1588): qct_loc_eng_inject_xtra_data, inject part = 96, len = 400, len = 400
01-28 11:19:21.749 V/lib_locapi( 1588): qct_loc_eng_inject_xtra_data, total part = 96, len = 400 
01-28 11:19:21.749 D/locapi_rpc_glue( 1588): loc_ioctl
01-28 11:19:21.749 D/RPC     ( 1588): written RPC packet size: [480]
01-28 11:19:21.749 D/RPC     ( 1588): read RPC packet
01-28 11:19:21.749 D/RPC     ( 1588): read RPC packet size: [28]
01-28 11:19:21.749 V/lib_locapi( 1588): qct_loc_eng_inject_xtra_data, inject part = 97, len = 400, len = 400
01-28 11:19:21.749 V/lib_locapi( 1588): qct_loc_eng_inject_xtra_data, total part = 97, len = 400 
01-28 11:19:21.749 D/locapi_rpc_glue( 1588): loc_ioctl
01-28 11:19:21.759 D/RPC     ( 1588): written RPC packet size: [480]
01-28 11:19:21.759 D/RPC     ( 1588): read RPC packet
01-28 11:19:21.759 D/RPC     ( 1588): read RPC packet size: [28]
01-28 11:19:21.759 V/lib_locapi( 1588): qct_loc_eng_inject_xtra_data, inject part = 98, len = 400, len = 400
01-28 11:19:21.759 V/lib_locapi( 1588): qct_loc_eng_inject_xtra_data, total part = 98, len = 400 
01-28 11:19:21.759 D/locapi_rpc_glue( 1588): loc_ioctl
01-28 11:19:21.759 D/RPC     ( 1588): written RPC packet size: [480]
01-28 11:19:21.759 D/RPC     ( 1588): read RPC packet
01-28 11:19:21.759 D/RPC     ( 1588): read RPC packet size: [28]
01-28 11:19:21.759 V/lib_locapi( 1588): qct_loc_eng_inject_xtra_data, inject part = 99, len = 400, len = 400
01-28 11:19:21.759 V/lib_locapi( 1588): qct_loc_eng_inject_xtra_data, total part = 99, len = 400 
01-28 11:19:21.759 D/locapi_rpc_glue( 1588): loc_ioctl
01-28 11:19:21.759 D/RPC     ( 1588): written RPC packet size: [480]
01-28 11:19:21.759 D/RPC     ( 1588): read RPC packet
01-28 11:19:21.759 D/RPC     ( 1588): read RPC packet size: [28]
01-28 11:19:21.759 V/lib_locapi( 1588): qct_loc_eng_inject_xtra_data, inject part = 100, len = 136, len = 136
01-28 11:19:21.769 V/lib_locapi( 1588): qct_loc_eng_inject_xtra_data, total part = 100, len = 136 
01-28 11:19:21.769 D/locapi_rpc_glue( 1588): loc_ioctl
01-28 11:19:21.769 D/RPC     ( 1588): written RPC packet size: [216]
01-28 11:19:21.769 D/RPC     ( 1588): read RPC packet
01-28 11:19:21.769 D/RPC     ( 1588): read RPC packet size: [28]
01-28 11:19:21.769 D/lib_locapi( 1588): qct_loc_eng_inject_xtra_data: injected 39736, SUCCESS 
01-28 11:19:21.769 D/GpsLocationProvider( 1588): [handleDownloadXtraData] native_inject_xtra_data -
01-28 11:19:21.769 D/GpsLocationProvider( 1588): [handleDownloadXtraData] Next XTRA interval is:86400000
01-28 11:19:21.769 D/GpsLocationProvider( 1588): handleDownloadXtraData---
01-28 11:19:21.799 I/rmt_storage( 1458): rmt_storage write: bytes written = 3145216
01-28 11:19:21.799 I/rmt_storage( 1458): rmt_storage lseek...
01-28 11:19:21.799 I/rmt_storage( 1458): rmt_storage lseek ret = 6143
01-28 11:19:21.799 I/rmt_storage( 1458): rmt_storage write buf = 0x40310e00, num_sector = 1
01-28 11:19:21.809 I/rmt_storage( 1458): rmt_storage write: bytes written = 512
01-28 11:19:21.809 I/rmt_storage( 1458): rmt_storage status handle = 1
01-28 11:19:21.839 D/RPC     ( 1588): read RPC packet
01-28 11:19:21.839 D/RPC     ( 1588): read RPC packet size: [80]
01-28 11:19:21.839 V/locapi_rpc_glue( 1588): Callback received: 80 (cb_id=0x6340000 handle=1)
01-28 11:19:21.839 V/locapi_rpc_glue( 1588): +loc_api_callback_process_sync_call
01-28 11:19:21.839 V/locapi_rpc_glue( 1588): -loc_api_callback_process_sync_call, no sync call in use
01-28 11:19:21.839 D/RPC     ( 1588): written RPC packet size: [28]
01-28 11:19:22.059 I/wpa_supplicant( 1785): got scan complete
01-28 11:19:22.059 I/wpa_supplicant( 1785): wpa_supplicant_get_scan_results:return scan results2
01-28 11:19:22.069 I/wpa_supplicant( 1785): AP:ssid[BTOpenzone],rssi[-55],BSSID=9c:4e:20:c8:b0:f0
01-28 11:19:22.069 I/wpa_supplicant( 1785): AP:ssid[uos-visitor],rssi[-55],BSSID=9c:4e:20:c8:b0:f4
01-28 11:19:22.069 I/wpa_supplicant( 1785): AP:ssid[eduroam],rssi[-54],BSSID=9c:4e:20:c8:b0:f2
01-28 11:19:22.069 I/wpa_supplicant( 1785): AP:ssid[cs],rssi[-55],BSSID=9c:4e:20:c8:b0:f1
01-28 11:19:22.069 I/wpa_supplicant( 1785): AP:ssid[uos-connect],rssi[-55],BSSID=9c:4e:20:c8:b0:f3
01-28 11:19:22.069 I/wpa_supplicant( 1785): AP:ssid[uos-connect],rssi[-75],BSSID=9c:4e:20:c8:cc:53
01-28 11:19:22.069 I/wpa_supplicant( 1785): AP:ssid[BTOpenzone],rssi[-75],BSSID=9c:4e:20:c8:cc:50
01-28 11:19:22.069 I/wpa_supplicant( 1785): AP:ssid[uos-visitor],rssi[-75],BSSID=9c:4e:20:c8:cc:54
01-28 11:19:22.069 I/wpa_supplicant( 1785): AP:ssid[eduroam],rssi[-75],BSSID=9c:4e:20:c8:cc:52
01-28 11:19:22.069 I/wpa_supplicant( 1785): AP:ssid[cs],rssi[-75],BSSID=9c:4e:20:c8:cc:51
01-28 11:19:22.069 I/wpa_supplicant( 1785): AP:ssid[BTOpenzone],rssi[-81],BSSID=9c:4e:20:c8:9e:70
01-28 11:19:22.079 I/wpa_supplicant( 1785): AP:ssid[uos-visitor],rssi[-81],BSSID=9c:4e:20:c8:9e:74
01-28 11:19:22.079 I/wpa_supplicant( 1785): AP:ssid[eduroam],rssi[-80],BSSID=9c:4e:20:c8:9e:72
01-28 11:19:22.079 I/wpa_supplicant( 1785): AP:ssid[cs],rssi[-81],BSSID=9c:4e:20:c8:9e:71
01-28 11:19:22.079 I/wpa_supplicant( 1785): AP:ssid[uos-connect],rssi[-81],BSSID=9c:4e:20:c8:9e:73
01-28 11:19:22.079 I/wpa_supplicant( 1785): AP:ssid[hpsetup],rssi[-91],BSSID=c2:ce:46:d5:40:9c
01-28 11:19:22.079 I/wpa_supplicant( 1785): Received 2960 bytes of scan results (16 BSSes)
01-28 11:19:22.079 I/wpa_supplicant( 1785): wpa_driver_wext_get_scan_results---
01-28 11:19:22.760 I/rmt_storage( 1458): rmt_storage write event
01-28 11:19:22.760 I/rmt_storage( 1458): unblock rmt_storage client thread
01-28 11:19:22.760 I/rmt_storage( 1458): rmt_storage lseek...
01-28 11:19:22.760 I/rmt_storage( 1458): rmt_storage lseek ret = 0
01-28 11:19:22.760 I/rmt_storage( 1458): rmt_storage write buf = 0x40011000, num_sector = 6143
01-28 11:19:22.770 I/rmt_storage( 1458): rmt_storage events processing done
01-28 11:19:23.070 I/wpa_supplicant( 1785): got scan complete
01-28 11:19:23.070 I/wpa_supplicant( 1785): wpa_supplicant_get_scan_results:return scan results2
01-28 11:19:23.070 I/wpa_supplicant( 1785): AP:ssid[BTOpenzone],rssi[-55],BSSID=9c:4e:20:c8:b0:f0
01-28 11:19:23.070 I/wpa_supplicant( 1785): AP:ssid[uos-visitor],rssi[-55],BSSID=9c:4e:20:c8:b0:f4
01-28 11:19:23.070 I/wpa_supplicant( 1785): AP:ssid[eduroam],rssi[-54],BSSID=9c:4e:20:c8:b0:f2
01-28 11:19:23.070 I/wpa_supplicant( 1785): AP:ssid[cs],rssi[-54],BSSID=9c:4e:20:c8:b0:f1
01-28 11:19:23.070 I/wpa_supplicant( 1785): AP:ssid[uos-connect],rssi[-55],BSSID=9c:4e:20:c8:b0:f3
01-28 11:19:23.070 I/wpa_supplicant( 1785): AP:ssid[uos-visitor],rssi[-73],BSSID=9c:4e:20:c8:cc:54
01-28 11:19:23.070 I/wpa_supplicant( 1785): AP:ssid[eduroam],rssi[-74],BSSID=9c:4e:20:c8:cc:52
01-28 11:19:23.070 I/wpa_supplicant( 1785): AP:ssid[BTOpenzone],rssi[-74],BSSID=9c:4e:20:c8:cc:50
01-28 11:19:23.070 I/wpa_supplicant( 1785): AP:ssid[uos-connect],rssi[-77],BSSID=9c:4e:20:c8:cc:53
01-28 11:19:23.070 I/wpa_supplicant( 1785): AP:ssid[cs],rssi[-73],BSSID=9c:4e:20:c8:cc:51
01-28 11:19:23.070 I/wpa_supplicant( 1785): AP:ssid[BTOpenzone],rssi[-84],BSSID=9c:4e:20:c8:9e:70
01-28 11:19:23.070 I/wpa_supplicant( 1785): AP:ssid[eduroam],rssi[-83],BSSID=9c:4e:20:c8:9e:72
01-28 11:19:23.070 I/wpa_supplicant( 1785): AP:ssid[uos-connect],rssi[-87],BSSID=9c:4e:20:c8:9e:73
01-28 11:19:23.070 I/wpa_supplicant( 1785): AP:ssid[uos-visitor],rssi[-84],BSSID=9c:4e:20:c8:9e:74
01-28 11:19:23.070 I/wpa_supplicant( 1785): AP:ssid[cs],rssi[-89],BSSID=9c:4e:20:c8:9e:71
01-28 11:19:23.070 I/wpa_supplicant( 1785): Received 2853 bytes of scan results (15 BSSes)
01-28 11:19:23.070 I/wpa_supplicant( 1785): wpa_driver_wext_get_scan_results---
01-28 11:19:23.791 I/rmt_storage( 1458): rmt_storage write: bytes written = 3145216
01-28 11:19:23.791 I/rmt_storage( 1458): rmt_storage lseek...
01-28 11:19:23.791 I/rmt_storage( 1458): rmt_storage lseek ret = 6143
01-28 11:19:23.791 I/rmt_storage( 1458): rmt_storage write buf = 0x40310e00, num_sector = 1
01-28 11:19:23.801 I/rmt_storage( 1458): rmt_storage write: bytes written = 512
01-28 11:19:23.801 I/rmt_storage( 1458): rmt_storage status handle = 2
01-28 11:19:24.051 I/wpa_supplicant( 1785): got scan complete
01-28 11:19:24.051 I/wpa_supplicant( 1785): wpa_supplicant_get_scan_results:return scan results2
01-28 11:19:24.051 I/wpa_supplicant( 1785): AP:ssid[BTOpenzone],rssi[-57],BSSID=9c:4e:20:c8:b0:f0
01-28 11:19:24.051 I/wpa_supplicant( 1785): AP:ssid[uos-visitor],rssi[-57],BSSID=9c:4e:20:c8:b0:f4
01-28 11:19:24.051 I/wpa_supplicant( 1785): AP:ssid[eduroam],rssi[-57],BSSID=9c:4e:20:c8:b0:f2
01-28 11:19:24.051 I/wpa_supplicant( 1785): AP:ssid[cs],rssi[-55],BSSID=9c:4e:20:c8:b0:f1
01-28 11:19:24.061 I/wpa_supplicant( 1785): AP:ssid[uos-connect],rssi[-55],BSSID=9c:4e:20:c8:b0:f3
01-28 11:19:24.061 I/wpa_supplicant( 1785): AP:ssid[uos-connect],rssi[-78],BSSID=9c:4e:20:c8:cc:53
01-28 11:19:24.061 I/wpa_supplicant( 1785): AP:ssid[eduroam],rssi[-80],BSSID=9c:4e:20:c8:cc:52
01-28 11:19:24.061 I/wpa_supplicant( 1785): AP:ssid[uos-visitor],rssi[-74],BSSID=9c:4e:20:c8:cc:54
01-28 11:19:24.061 I/wpa_supplicant( 1785): AP:ssid[uos-visitor],rssi[-82],BSSID=9c:4e:20:c8:9e:74
01-28 11:19:24.061 I/wpa_supplicant( 1785): AP:ssid[cs],rssi[-74],BSSID=9c:4e:20:c8:cc:51
01-28 11:19:24.061 I/wpa_supplicant( 1785): AP:ssid[BTOpenzone],rssi[-80],BSSID=9c:4e:20:c8:cc:50
01-28 11:19:24.061 I/wpa_supplicant( 1785): AP:ssid[BTOpenzone],rssi[-83],BSSID=9c:4e:20:c8:9e:70
01-28 11:19:24.061 I/wpa_supplicant( 1785): AP:ssid[uos-connect],rssi[-88],BSSID=9c:4e:20:c8:9e:73
01-28 11:19:24.061 I/wpa_supplicant( 1785): AP:ssid[cs],rssi[-83],BSSID=9c:4e:20:c8:9e:71
01-28 11:19:24.061 I/wpa_supplicant( 1785): AP:ssid[eduroam],rssi[-87],BSSID=9c:4e:20:c8:9e:72
01-28 11:19:24.061 I/wpa_supplicant( 1785): AP:ssid[hpsetup],rssi[-90],BSSID=c2:ce:46:d5:40:9c
01-28 11:19:24.061 I/wpa_supplicant( 1785): Received 2960 bytes of scan results (16 BSSes)
01-28 11:19:24.061 I/wpa_supplicant( 1785): wpa_driver_wext_get_scan_results---
01-28 11:19:24.591 I/System.out( 2736): Location: no CS school | WiFiNavigator running:true
01-28 11:19:24.601 I/System.out( 2736): Battery level: 99 | Time difference: -1
01-28 11:19:25.072 I/wpa_supplicant( 1785): got scan complete
01-28 11:19:25.072 I/wpa_supplicant( 1785): wpa_supplicant_get_scan_results:return scan results2
01-28 11:19:25.072 I/wpa_supplicant( 1785): AP:ssid[BTOpenzone],rssi[-57],BSSID=9c:4e:20:c8:b0:f0
01-28 11:19:25.072 I/wpa_supplicant( 1785): AP:ssid[uos-visitor],rssi[-55],BSSID=9c:4e:20:c8:b0:f4
01-28 11:19:25.072 I/wpa_supplicant( 1785): AP:ssid[eduroam],rssi[-56],BSSID=9c:4e:20:c8:b0:f2
01-28 11:19:25.072 I/wpa_supplicant( 1785): AP:ssid[cs],rssi[-56],BSSID=9c:4e:20:c8:b0:f1
01-28 11:19:25.072 I/wpa_supplicant( 1785): AP:ssid[uos-connect],rssi[-56],BSSID=9c:4e:20:c8:b0:f3
01-28 11:19:25.072 I/wpa_supplicant( 1785): AP:ssid[cs],rssi[-76],BSSID=9c:4e:20:c8:cc:51
01-28 11:19:25.072 I/wpa_supplicant( 1785): AP:ssid[BTOpenzone],rssi[-75],BSSID=9c:4e:20:c8:cc:50
01-28 11:19:25.072 I/wpa_supplicant( 1785): AP:ssid[uos-visitor],rssi[-72],BSSID=9c:4e:20:c8:cc:54
01-28 11:19:25.072 I/wpa_supplicant( 1785): AP:ssid[eduroam],rssi[-74],BSSID=9c:4e:20:c8:cc:52
01-28 11:19:25.072 I/wpa_supplicant( 1785): AP:ssid[uos-connect],rssi[-80],BSSID=9c:4e:20:c8:cc:53
01-28 11:19:25.072 I/wpa_supplicant( 1785): AP:ssid[uos-visitor],rssi[-88],BSSID=9c:4e:20:c8:9e:74
01-28 11:19:25.072 I/wpa_supplicant( 1785): AP:ssid[cs],rssi[-88],BSSID=9c:4e:20:c8:9e:71
01-28 11:19:25.072 I/wpa_supplicant( 1785): AP:ssid[BTOpenzone],rssi[-88],BSSID=9c:4e:20:c8:9e:70
01-28 11:19:25.072 I/wpa_supplicant( 1785): AP:ssid[eduroam],rssi[-88],BSSID=9c:4e:20:c8:9e:72
01-28 11:19:25.072 I/wpa_supplicant( 1785): AP:ssid[uos-connect],rssi[-88],BSSID=9c:4e:20:c8:9e:73
01-28 11:19:25.072 I/wpa_supplicant( 1785): AP:ssid[hpsetup],rssi[-94],BSSID=c2:ce:46:d5:40:9c
01-28 11:19:25.072 I/wpa_supplicant( 1785): Received 2960 bytes of scan results (16 BSSes)
01-28 11:19:25.072 I/wpa_supplicant( 1785): wpa_driver_wext_get_scan_results---
01-28 11:19:25.112 D/AutoSetting( 1806): service - mHandler: update timezone
01-28 11:19:25.112 D/AutoSetting( 1806): service - getTimeZoneIDFromMCC() MCC code: -1 TimeZoneID: 
01-28 11:19:25.122 D/AutoSetting( 1806): service - getTimeZoneIDFromMCC() MCC code: -1 TimeZoneID: 
01-28 11:19:25.122 D/AutoSetting( 1806): service - processTimeZoneID() system nitz: 
01-28 11:19:25.122 D/AutoSetting( 1806): service - processTimeZoneID() system nitz is valid: false (false)
01-28 11:19:25.122 D/AutoSetting( 1806): service - processTimeZoneID() last time user manually select a timezone is within 3 hour, do not popup dialog again (mcc:-1)
01-28 11:19:25.162 D/dalvikvm( 2736): GC_CONCURRENT freed 410K, 10% free 6645K/7303K, paused 1ms+1ms
01-28 11:19:26.083 I/wpa_supplicant( 1785): got scan complete
01-28 11:19:26.083 I/wpa_supplicant( 1785): wpa_supplicant_get_scan_results:return scan results2
01-28 11:19:26.083 I/wpa_supplicant( 1785): AP:ssid[cs],rssi[-54],BSSID=9c:4e:20:c8:b0:f1
01-28 11:19:26.093 I/wpa_supplicant( 1785): AP:ssid[BTOpenzone],rssi[-56],BSSID=9c:4e:20:c8:b0:f0
01-28 11:19:26.093 I/wpa_supplicant( 1785): AP:ssid[uos-visitor],rssi[-57],BSSID=9c:4e:20:c8:b0:f4
01-28 11:19:26.093 I/wpa_supplicant( 1785): AP:ssid[eduroam],rssi[-56],BSSID=9c:4e:20:c8:b0:f2
01-28 11:19:26.093 I/wpa_supplicant( 1785): AP:ssid[uos-connect],rssi[-56],BSSID=9c:4e:20:c8:b0:f3
01-28 11:19:26.093 I/wpa_supplicant( 1785): AP:ssid[uos-connect],rssi[-78],BSSID=9c:4e:20:c8:cc:53
01-28 11:19:26.093 I/wpa_supplicant( 1785): AP:ssid[BTOpenzone],rssi[-79],BSSID=9c:4e:20:c8:cc:50
01-28 11:19:26.093 I/wpa_supplicant( 1785): AP:ssid[uos-visitor],rssi[-82],BSSID=9c:4e:20:c8:cc:54
01-28 11:19:26.093 I/wpa_supplicant( 1785): AP:ssid[eduroam],rssi[-78],BSSID=9c:4e:20:c8:cc:52
01-28 11:19:26.093 I/wpa_supplicant( 1785): AP:ssid[cs],rssi[-82],BSSID=9c:4e:20:c8:cc:51
01-28 11:19:26.093 I/wpa_supplicant( 1785): AP:ssid[eduroam],rssi[-87],BSSID=9c:4e:20:c8:9e:72
01-28 11:19:26.093 I/wpa_supplicant( 1785): AP:ssid[BTOpenzone],rssi[-88],BSSID=9c:4e:20:c8:9e:70
01-28 11:19:26.093 I/wpa_supplicant( 1785): AP:ssid[uos-visitor],rssi[-89],BSSID=9c:4e:20:c8:9e:74
01-28 11:19:26.093 I/wpa_supplicant( 1785): AP:ssid[cs],rssi[-88],BSSID=9c:4e:20:c8:9e:71
01-28 11:19:26.093 I/wpa_supplicant( 1785): AP:ssid[uos-connect],rssi[-87],BSSID=9c:4e:20:c8:9e:73
01-28 11:19:26.093 I/wpa_supplicant( 1785): AP:ssid[LD-Net],rssi[-95],BSSID=00:14:6c:fd:72:38
01-28 11:19:26.093 I/wpa_supplicant( 1785): Received 3053 bytes of scan results (16 BSSes)
01-28 11:19:26.093 I/wpa_supplicant( 1785): wpa_driver_wext_get_scan_results---
01-28 11:19:27.074 I/wpa_supplicant( 1785): got scan complete
01-28 11:19:27.074 I/wpa_supplicant( 1785): wpa_supplicant_get_scan_results:return scan results2
01-28 11:19:27.074 I/wpa_supplicant( 1785): AP:ssid[BTOpenzone],rssi[-55],BSSID=9c:4e:20:c8:b0:f0
01-28 11:19:27.074 I/wpa_supplicant( 1785): AP:ssid[uos-visitor],rssi[-54],BSSID=9c:4e:20:c8:b0:f4
01-28 11:19:27.084 I/wpa_supplicant( 1785): AP:ssid[eduroam],rssi[-54],BSSID=9c:4e:20:c8:b0:f2
01-28 11:19:27.084 I/wpa_supplicant( 1785): AP:ssid[cs],rssi[-54],BSSID=9c:4e:20:c8:b0:f1
01-28 11:19:27.084 I/wpa_supplicant( 1785): AP:ssid[uos-connect],rssi[-55],BSSID=9c:4e:20:c8:b0:f3
01-28 11:19:27.084 I/wpa_supplicant( 1785): AP:ssid[uos-connect],rssi[-81],BSSID=9c:4e:20:c8:cc:53
01-28 11:19:27.084 I/wpa_supplicant( 1785): AP:ssid[BTOpenzone],rssi[-81],BSSID=9c:4e:20:c8:cc:50
01-28 11:19:27.084 I/wpa_supplicant( 1785): AP:ssid[cs],rssi[-80],BSSID=9c:4e:20:c8:cc:51
01-28 11:19:27.084 I/wpa_supplicant( 1785): AP:ssid[uos-visitor],rssi[-83],BSSID=9c:4e:20:c8:cc:54
01-28 11:19:27.094 I/wpa_supplicant( 1785): AP:ssid[eduroam],rssi[-81],BSSID=9c:4e:20:c8:cc:52
01-28 11:19:27.094 I/wpa_supplicant( 1785): AP:ssid[BTOpenzone],rssi[-87],BSSID=9c:4e:20:c8:9e:70
01-28 11:19:27.094 I/wpa_supplicant( 1785): AP:ssid[uos-visitor],rssi[-87],BSSID=9c:4e:20:c8:9e:74
01-28 11:19:27.094 I/wpa_supplicant( 1785): AP:ssid[eduroam],rssi[-87],BSSID=9c:4e:20:c8:9e:72
01-28 11:19:27.094 I/wpa_supplicant( 1785): AP:ssid[cs],rssi[-87],BSSID=9c:4e:20:c8:9e:71
01-28 11:19:27.094 I/wpa_supplicant( 1785): AP:ssid[uos-connect],rssi[-87],BSSID=9c:4e:20:c8:9e:73
01-28 11:19:27.094 I/wpa_supplicant( 1785): AP:ssid[hpsetup],rssi[-94],BSSID=c2:ce:46:d5:40:9c
01-28 11:19:27.094 I/wpa_supplicant( 1785): Received 2960 bytes of scan results (16 BSSes)
01-28 11:19:27.094 I/wpa_supplicant( 1785): wpa_driver_wext_get_scan_results---
01-28 11:19:27.604 I/System.out( 2736): Location: no CS school | WiFiNavigator running:true
01-28 11:19:27.604 I/System.out( 2736): Battery level: 99 | Time difference: -1
01-28 11:19:28.095 I/wpa_supplicant( 1785): got scan complete
01-28 11:19:28.095 I/wpa_supplicant( 1785): wpa_supplicant_get_scan_results:return scan results2
01-28 11:19:28.095 I/wpa_supplicant( 1785): AP:ssid[BTOpenzone],rssi[-55],BSSID=9c:4e:20:c8:b0:f0
01-28 11:19:28.105 I/wpa_supplicant( 1785): AP:ssid[uos-visitor],rssi[-57],BSSID=9c:4e:20:c8:b0:f4
01-28 11:19:28.105 I/wpa_supplicant( 1785): AP:ssid[eduroam],rssi[-56],BSSID=9c:4e:20:c8:b0:f2
01-28 11:19:28.105 I/wpa_supplicant( 1785): AP:ssid[cs],rssi[-56],BSSID=9c:4e:20:c8:b0:f1
01-28 11:19:28.105 I/wpa_supplicant( 1785): AP:ssid[uos-connect],rssi[-56],BSSID=9c:4e:20:c8:b0:f3
01-28 11:19:28.105 I/wpa_supplicant( 1785): AP:ssid[eduroam],rssi[-75],BSSID=9c:4e:20:c8:cc:52
01-28 11:19:28.105 I/wpa_supplicant( 1785): AP:ssid[BTOpenzone],rssi[-75],BSSID=9c:4e:20:c8:cc:50
01-28 11:19:28.105 I/wpa_supplicant( 1785): AP:ssid[uos-visitor],rssi[-74],BSSID=9c:4e:20:c8:cc:54
01-28 11:19:28.105 I/wpa_supplicant( 1785): AP:ssid[cs],rssi[-74],BSSID=9c:4e:20:c8:cc:51
01-28 11:19:28.105 I/wpa_supplicant( 1785): AP:ssid[uos-connect],rssi[-75],BSSID=9c:4e:20:c8:cc:53
01-28 11:19:28.105 I/wpa_supplicant( 1785): AP:ssid[uos-visitor],rssi[-86],BSSID=9c:4e:20:c8:9e:74
01-28 11:19:28.105 I/wpa_supplicant( 1785): AP:ssid[eduroam],rssi[-88],BSSID=9c:4e:20:c8:9e:72
01-28 11:19:28.105 I/wpa_supplicant( 1785): AP:ssid[uos-connect],rssi[-87],BSSID=9c:4e:20:c8:9e:73
01-28 11:19:28.105 I/wpa_supplicant( 1785): AP:ssid[BTOpenzone],rssi[-89],BSSID=9c:4e:20:c8:9e:70
01-28 11:19:28.105 I/wpa_supplicant( 1785): AP:ssid[cs],rssi[-85],BSSID=9c:4e:20:c8:9e:71
01-28 11:19:28.105 I/wpa_supplicant( 1785): AP:ssid[hpsetup],rssi[-93],BSSID=c2:ce:46:d5:40:9c
01-28 11:19:28.105 I/wpa_supplicant( 1785): Received 2960 bytes of scan results (16 BSSes)
01-28 11:19:28.105 I/wpa_supplicant( 1785): wpa_driver_wext_get_scan_results---
01-28 11:19:29.086 I/wpa_supplicant( 1785): got scan complete
01-28 11:19:29.086 I/wpa_supplicant( 1785): wpa_supplicant_get_scan_results:return scan results2
01-28 11:19:29.086 I/wpa_supplicant( 1785): AP:ssid[BTOpenzone],rssi[-54],BSSID=9c:4e:20:c8:b0:f0
01-28 11:19:29.096 I/wpa_supplicant( 1785): AP:ssid[uos-visitor],rssi[-54],BSSID=9c:4e:20:c8:b0:f4
01-28 11:19:29.096 I/wpa_supplicant( 1785): AP:ssid[eduroam],rssi[-55],BSSID=9c:4e:20:c8:b0:f2
01-28 11:19:29.096 I/wpa_supplicant( 1785): AP:ssid[uos-connect],rssi[-55],BSSID=9c:4e:20:c8:b0:f3
01-28 11:19:29.096 I/wpa_supplicant( 1785): AP:ssid[cs],rssi[-52],BSSID=9c:4e:20:c8:b0:f1
01-28 11:19:29.096 I/wpa_supplicant( 1785): AP:ssid[uos-visitor],rssi[-76],BSSID=9c:4e:20:c8:cc:54
01-28 11:19:29.096 I/wpa_supplicant( 1785): AP:ssid[eduroam],rssi[-77],BSSID=9c:4e:20:c8:cc:52
01-28 11:19:29.096 I/wpa_supplicant( 1785): AP:ssid[cs],rssi[-74],BSSID=9c:4e:20:c8:cc:51
01-28 11:19:29.096 I/wpa_supplicant( 1785): AP:ssid[BTOpenzone],rssi[-76],BSSID=9c:4e:20:c8:cc:50
01-28 11:19:29.096 I/wpa_supplicant( 1785): AP:ssid[uos-connect],rssi[-75],BSSID=9c:4e:20:c8:cc:53
01-28 11:19:29.096 I/wpa_supplicant( 1785): AP:ssid[uos-connect],rssi[-82],BSSID=9c:4e:20:c8:9e:73
01-28 11:19:29.096 I/wpa_supplicant( 1785): AP:ssid[Marine Instrumentation Limited],rssi[-94],BSSID=00:16:01:58:fe:4b
01-28 11:19:29.096 I/wpa_supplicant( 1785): AP:ssid[cs],rssi[-85],BSSID=9c:4e:20:c8:9e:71
01-28 11:19:29.096 I/wpa_supplicant( 1785): AP:ssid[uos-visitor],rssi[-85],BSSID=9c:4e:20:c8:9e:74
01-28 11:19:29.096 I/wpa_supplicant( 1785): AP:ssid[BTOpenzone],rssi[-83],BSSID=9c:4e:20:c8:9e:70
01-28 11:19:29.096 I/wpa_supplicant( 1785): AP:ssid[eduroam],rssi[-84],BSSID=9c:4e:20:c8:9e:72
01-28 11:19:29.096 I/wpa_supplicant( 1785): Received 3081 bytes of scan results (16 BSSes)
01-28 11:19:29.096 I/wpa_supplicant( 1785): wpa_driver_wext_get_scan_results---
01-28 11:19:29.176 D/dalvikvm( 2736): GC_CONCURRENT freed 372K, 9% free 6671K/7303K, paused 1ms+1ms
01-28 11:19:30.077 I/wpa_supplicant( 1785): got scan complete
01-28 11:19:30.077 I/wpa_supplicant( 1785): wpa_supplicant_get_scan_results:return scan results2
01-28 11:19:30.077 I/wpa_supplicant( 1785): AP:ssid[BTOpenzone],rssi[-53],BSSID=9c:4e:20:c8:b0:f0
01-28 11:19:30.087 I/wpa_supplicant( 1785): AP:ssid[uos-visitor],rssi[-52],BSSID=9c:4e:20:c8:b0:f4
01-28 11:19:30.087 I/wpa_supplicant( 1785): AP:ssid[eduroam],rssi[-54],BSSID=9c:4e:20:c8:b0:f2
01-28 11:19:30.087 I/wpa_supplicant( 1785): AP:ssid[cs],rssi[-53],BSSID=9c:4e:20:c8:b0:f1
01-28 11:19:30.087 I/wpa_supplicant( 1785): AP:ssid[uos-connect],rssi[-54],BSSID=9c:4e:20:c8:b0:f3
01-28 11:19:30.087 I/wpa_supplicant( 1785): AP:ssid[cs],rssi[-77],BSSID=9c:4e:20:c8:cc:51
01-28 11:19:30.087 I/wpa_supplicant( 1785): AP:ssid[uos-connect],rssi[-76],BSSID=9c:4e:20:c8:cc:53
01-28 11:19:30.097 I/wpa_supplicant( 1785): AP:ssid[eduroam],rssi[-77],BSSID=9c:4e:20:c8:cc:52
01-28 11:19:30.097 I/wpa_supplicant( 1785): AP:ssid[BTOpenzone],rssi[-76],BSSID=9c:4e:20:c8:cc:50
01-28 11:19:30.097 I/wpa_supplicant( 1785): AP:ssid[uos-visitor],rssi[-76],BSSID=9c:4e:20:c8:cc:54
01-28 11:19:30.097 I/wpa_supplicant( 1785): AP:ssid[Marine Instrumentation Limited],rssi[-93],BSSID=00:16:01:58:fe:4b
01-28 11:19:30.097 I/wpa_supplicant( 1785): AP:ssid[BTOpenzone],rssi[-85],BSSID=9c:4e:20:c8:9e:70
01-28 11:19:30.097 I/wpa_supplicant( 1785): AP:ssid[eduroam],rssi[-84],BSSID=9c:4e:20:c8:9e:72
01-28 11:19:30.097 I/wpa_supplicant( 1785): AP:ssid[uos-connect],rssi[-85],BSSID=9c:4e:20:c8:9e:73
01-28 11:19:30.097 I/wpa_supplicant( 1785): AP:ssid[uos-visitor],rssi[-85],BSSID=9c:4e:20:c8:9e:74
01-28 11:19:30.097 I/wpa_supplicant( 1785): AP:ssid[cs],rssi[-86],BSSID=9c:4e:20:c8:9e:71
01-28 11:19:30.097 I/wpa_supplicant( 1785): AP:ssid[LD-Net],rssi[-89],BSSID=00:14:6c:fd:72:38
01-28 11:19:30.097 I/wpa_supplicant( 1785): Received 3281 bytes of scan results (17 BSSes)
01-28 11:19:30.097 I/wpa_supplicant( 1785): wpa_driver_wext_get_scan_results---
01-28 11:19:30.597 I/System.out( 2736): Location: no CS school | WiFiNavigator running:true
01-28 11:19:30.607 I/System.out( 2736): Battery level: 99 | Time difference: -1
01-28 11:19:30.747 D/DrmTimeThread( 1774): catch: null
01-28 11:19:30.747 D/DrmTimeThread( 1774): failed, try another server
01-28 11:19:30.747 D/DrmTimeThread( 1774): connect to nist1-pa.ustiming.org
01-28 11:19:31.068 I/wpa_supplicant( 1785): got scan complete
01-28 11:19:31.078 I/wpa_supplicant( 1785): wpa_supplicant_get_scan_results:return scan results2
01-28 11:19:31.078 I/wpa_supplicant( 1785): AP:ssid[BTOpenzone],rssi[-52],BSSID=9c:4e:20:c8:b0:f0
01-28 11:19:31.078 I/wpa_supplicant( 1785): AP:ssid[uos-visitor],rssi[-54],BSSID=9c:4e:20:c8:b0:f4
01-28 11:19:31.078 I/wpa_supplicant( 1785): AP:ssid[eduroam],rssi[-53],BSSID=9c:4e:20:c8:b0:f2
01-28 11:19:31.078 I/wpa_supplicant( 1785): AP:ssid[cs],rssi[-54],BSSID=9c:4e:20:c8:b0:f1
01-28 11:19:31.088 I/wpa_supplicant( 1785): AP:ssid[uos-connect],rssi[-53],BSSID=9c:4e:20:c8:b0:f3
01-28 11:19:31.088 I/wpa_supplicant( 1785): AP:ssid[BTOpenzone],rssi[-76],BSSID=9c:4e:20:c8:cc:50
01-28 11:19:31.088 I/wpa_supplicant( 1785): AP:ssid[uos-visitor],rssi[-76],BSSID=9c:4e:20:c8:cc:54
01-28 11:19:31.088 I/wpa_supplicant( 1785): AP:ssid[eduroam],rssi[-72],BSSID=9c:4e:20:c8:cc:52
01-28 11:19:31.088 I/wpa_supplicant( 1785): AP:ssid[cs],rssi[-76],BSSID=9c:4e:20:c8:cc:51
01-28 11:19:31.088 I/wpa_supplicant( 1785): AP:ssid[uos-connect],rssi[-81],BSSID=9c:4e:20:c8:cc:53
01-28 11:19:31.088 I/wpa_supplicant( 1785): AP:ssid[cs],rssi[-82],BSSID=9c:4e:20:c8:9e:71
01-28 11:19:31.088 I/wpa_supplicant( 1785): AP:ssid[uos-connect],rssi[-82],BSSID=9c:4e:20:c8:9e:73
01-28 11:19:31.088 I/wpa_supplicant( 1785): AP:ssid[BTOpenzone],rssi[-83],BSSID=9c:4e:20:c8:9e:70
01-28 11:19:31.088 I/wpa_supplicant( 1785): AP:ssid[uos-visitor],rssi[-83],BSSID=9c:4e:20:c8:9e:74
01-28 11:19:31.088 I/wpa_supplicant( 1785): AP:ssid[eduroam],rssi[-87],BSSID=9c:4e:20:c8:9e:72
01-28 11:19:31.088 I/wpa_supplicant( 1785): AP:ssid[hpsetup],rssi[-93],BSSID=c2:ce:46:d5:40:9c
01-28 11:19:31.098 I/wpa_supplicant( 1785): Received 2960 bytes of scan results (16 BSSes)
01-28 11:19:31.098 I/wpa_supplicant( 1785): wpa_driver_wext_get_scan_results---
01-28 11:19:31.148 D/DrmTimeThread( 1774): get time from server(nist1-pa.ustiming.org): Tue Jan 28 11:19:32 GMT+00:00 2014 (1390907972000)
01-28 11:19:31.148 D/DrmTimeThread( 1774): convert time is correct
01-28 11:19:31.148 D/DrmScannerReceiver( 1774): com.android.provider.drm.action.ACTION_DRM_GET_TIME
01-28 11:19:31.148 D/DrmScannerReceiver( 1774): Start to get NTP Time.1390907972000
01-28 11:19:31.148 D/DrmScannerReceiver( 1774): Start to get SystemTime.1390907971158
01-28 11:19:31.148 D/DrmScannerReceiver( 1774): Start to get TimeZone Offset GMT+00:00
01-28 11:19:31.148 D/DrmScannerReceiver( 1774): Start to get elapsedRealtime
01-28 11:19:31.158 D/DrmScannerReceiver( 1774): End of ACTION_DRM_GET_TIME
01-28 11:19:31.158 D/DrmTimeThread( 1774): failed, try another server
01-28 11:19:31.158 D/DrmTimeThread( 1774): connect to nist1-sj.ustiming.org
01-28 11:19:31.168 D/DrmIntentService( 1774): SYNC_CLOCK
01-28 11:19:31.168 D/DrmIntentService( 1774):  @@@@@ no magic number.
01-28 11:19:31.168 I/DrmIntentService( 1774): syncDrmClock: Update Stamp.
01-28 11:19:31.168 I/DrmProvider( 1774): update(): permission (3) - INSTALL_DRM
01-28 11:19:31.168 I/DrmProvider( 1774): update(): old content id = null
01-28 11:19:31.258 D/DrmProvider( 1774): update notifyChange. count = 1
01-28 11:19:31.258 D/DrmProvider( 1774):  @@@@@ Backup DRM database. - Enter.
01-28 11:19:31.288 D/DrmProvider( 1774):  @@@@@ Backup DRM database. - Leave.
01-28 11:19:31.288 I/DrmIntentService( 1774): syncDrmClock: Update Stamp Complete.
01-28 11:19:31.298 I/DrmIntentService( 1774): syncDrmClock: Close cursor.
01-28 11:19:31.628 D/DrmTimeThread( 1774): get time from server(nist1-sj.ustiming.org): Tue Jan 28 11:19:32 GMT+00:00 2014 (1390907972000)
01-28 11:19:31.628 D/DrmTimeThread( 1774): convert time is correct
01-28 11:19:31.638 D/DrmTimeThread( 1774): failed, try another server
01-28 11:19:31.638 D/DrmTimeThread( 1774): connect to wwv.nist.gov
01-28 11:19:31.648 D/DrmScannerReceiver( 1774): com.android.provider.drm.action.ACTION_DRM_GET_TIME
01-28 11:19:31.648 D/DrmScannerReceiver( 1774): Start to get NTP Time.1390907972000
01-28 11:19:31.648 D/DrmScannerReceiver( 1774): Start to get SystemTime.1390907971657
01-28 11:19:31.648 D/DrmScannerReceiver( 1774): Start to get TimeZone Offset GMT+00:00
01-28 11:19:31.658 D/DrmScannerReceiver( 1774): Start to get elapsedRealtime
01-28 11:19:31.678 D/DrmScannerReceiver( 1774): End of ACTION_DRM_GET_TIME
01-28 11:19:31.688 D/DrmIntentService( 1774): SYNC_CLOCK
01-28 11:19:31.698 D/DrmIntentService( 1774):  @@@@@ no magic number.
01-28 11:19:31.698 I/DrmIntentService( 1774): syncDrmClock: Update Stamp.
01-28 11:19:31.698 I/DrmProvider( 1774): update(): permission (3) - INSTALL_DRM
01-28 11:19:31.698 I/DrmProvider( 1774): update(): old content id = null
01-28 11:19:31.778 D/DrmProvider( 1774): update notifyChange. count = 1
01-28 11:19:31.788 D/DrmProvider( 1774):  @@@@@ Backup DRM database. - Enter.
01-28 11:19:31.818 D/DrmProvider( 1774):  @@@@@ Backup DRM database. - Leave.
01-28 11:19:31.818 I/DrmIntentService( 1774): syncDrmClock: Update Stamp Complete.
01-28 11:19:31.818 I/DrmIntentService( 1774): syncDrmClock: Close cursor.
01-28 11:19:32.019 D/DrmTimeThread( 1774): get time from server(wwv.nist.gov): Tue Jan 28 11:19:32 GMT+00:00 2014 (1390907972000)
01-28 11:19:32.019 D/DrmTimeThread( 1774): convert time is correct
01-28 11:19:32.029 D/DrmScannerReceiver( 1774): com.android.provider.drm.action.ACTION_DRM_GET_TIME
01-28 11:19:32.029 D/DrmScannerReceiver( 1774): Start to get NTP Time.1390907972000
01-28 11:19:32.039 D/DrmScannerReceiver( 1774): Start to get SystemTime.1390907972040
01-28 11:19:32.039 D/DrmTimeThread( 1774): failed, try another server
01-28 11:19:32.039 D/DrmTimeThread( 1774): connect to time-nw.nist.gov
01-28 11:19:32.049 D/DrmScannerReceiver( 1774): Start to get TimeZone Offset GMT+00:00
01-28 11:19:32.049 D/DrmScannerReceiver( 1774): Start to get elapsedRealtime
01-28 11:19:32.069 D/DrmScannerReceiver( 1774): End of ACTION_DRM_GET_TIME
01-28 11:19:32.089 D/DrmIntentService( 1774): SYNC_CLOCK
01-28 11:19:32.089 D/DrmIntentService( 1774):  @@@@@ no magic number.
01-28 11:19:32.099 I/wpa_supplicant( 1785): got scan complete
01-28 11:19:32.099 I/wpa_supplicant( 1785): wpa_supplicant_get_scan_results:return scan results2
01-28 11:19:32.099 I/wpa_supplicant( 1785): AP:ssid[BTOpenzone],rssi[-54],BSSID=9c:4e:20:c8:b0:f0
01-28 11:19:32.099 I/wpa_supplicant( 1785): AP:ssid[uos-visitor],rssi[-54],BSSID=9c:4e:20:c8:b0:f4
01-28 11:19:32.099 I/wpa_supplicant( 1785): AP:ssid[eduroam],rssi[-55],BSSID=9c:4e:20:c8:b0:f2
01-28 11:19:32.099 I/wpa_supplicant( 1785): AP:ssid[cs],rssi[-54],BSSID=9c:4e:20:c8:b0:f1
01-28 11:19:32.099 I/wpa_supplicant( 1785): AP:ssid[uos-connect],rssi[-54],BSSID=9c:4e:20:c8:b0:f3
01-28 11:19:32.099 I/wpa_supplicant( 1785): AP:ssid[cs],rssi[-76],BSSID=9c:4e:20:c8:cc:51
01-28 11:19:32.099 I/wpa_supplicant( 1785): AP:ssid[BTOpenzone],rssi[-79],BSSID=9c:4e:20:c8:cc:50
01-28 11:19:32.099 I/wpa_supplicant( 1785): AP:ssid[uos-visitor],rssi[-76],BSSID=9c:4e:20:c8:cc:54
01-28 11:19:32.099 I/wpa_supplicant( 1785): AP:ssid[eduroam],rssi[-80],BSSID=9c:4e:20:c8:cc:52
01-28 11:19:32.099 I/wpa_supplicant( 1785): AP:ssid[uos-connect],rssi[-76],BSSID=9c:4e:20:c8:cc:53
01-28 11:19:32.099 I/wpa_supplicant( 1785): AP:ssid[uos-visitor],rssi[-87],BSSID=9c:4e:20:c8:9e:74
01-28 11:19:32.099 I/wpa_supplicant( 1785): AP:ssid[eduroam],rssi[-83],BSSID=9c:4e:20:c8:9e:72
01-28 11:19:32.099 I/wpa_supplicant( 1785): AP:ssid[BTOpenzone],rssi[-81],BSSID=9c:4e:20:c8:9e:70
01-28 11:19:32.099 I/wpa_supplicant( 1785): AP:ssid[cs],rssi[-82],BSSID=9c:4e:20:c8:9e:71
01-28 11:19:32.099 I/wpa_supplicant( 1785): AP:ssid[uos-connect],rssi[-83],BSSID=9c:4e:20:c8:9e:73
01-28 11:19:32.099 I/wpa_supplicant( 1785): AP:ssid[hpsetup],rssi[-93],BSSID=c2:ce:46:d5:40:9c
01-28 11:19:32.099 I/wpa_supplicant( 1785): Received 2960 bytes of scan results (16 BSSes)
01-28 11:19:32.099 I/wpa_supplicant( 1785): wpa_driver_wext_get_scan_results---
01-28 11:19:32.109 I/DrmIntentService( 1774): syncDrmClock: Update Stamp.
01-28 11:19:32.109 I/DrmProvider( 1774): update(): permission (3) - INSTALL_DRM
01-28 11:19:32.109 I/DrmProvider( 1774): update(): old content id = null
01-28 11:19:32.229 D/DrmProvider( 1774): update notifyChange. count = 1
01-28 11:19:32.229 D/DrmProvider( 1774):  @@@@@ Backup DRM database. - Enter.
01-28 11:19:32.249 D/DrmProvider( 1774):  @@@@@ Backup DRM database. - Leave.
01-28 11:19:32.249 I/DrmIntentService( 1774): syncDrmClock: Update Stamp Complete.
01-28 11:19:32.249 I/DrmIntentService( 1774): syncDrmClock: Close cursor.
01-28 11:19:33.050 I/wpa_supplicant( 1785): got scan complete
01-28 11:19:33.050 I/wpa_supplicant( 1785): wpa_supplicant_get_scan_results:return scan results2
01-28 11:19:33.050 I/wpa_supplicant( 1785): AP:ssid[cs],rssi[-54],BSSID=9c:4e:20:c8:b0:f1
01-28 11:19:33.050 I/wpa_supplicant( 1785): AP:ssid[BTOpenzone],rssi[-53],BSSID=9c:4e:20:c8:b0:f0
01-28 11:19:33.050 I/wpa_supplicant( 1785): AP:ssid[uos-visitor],rssi[-54],BSSID=9c:4e:20:c8:b0:f4
01-28 11:19:33.050 I/wpa_supplicant( 1785): AP:ssid[eduroam],rssi[-53],BSSID=9c:4e:20:c8:b0:f2
01-28 11:19:33.050 I/wpa_supplicant( 1785): AP:ssid[uos-connect],rssi[-55],BSSID=9c:4e:20:c8:b0:f3
01-28 11:19:33.050 I/wpa_supplicant( 1785): AP:ssid[uos-visitor],rssi[-76],BSSID=9c:4e:20:c8:cc:54
01-28 11:19:33.050 I/wpa_supplicant( 1785): AP:ssid[uos-connect],rssi[-76],BSSID=9c:4e:20:c8:cc:53
01-28 11:19:33.050 I/wpa_supplicant( 1785): AP:ssid[eduroam],rssi[-76],BSSID=9c:4e:20:c8:cc:52
01-28 11:19:33.050 I/wpa_supplicant( 1785): AP:ssid[cs],rssi[-76],BSSID=9c:4e:20:c8:cc:51
01-28 11:19:33.050 I/wpa_supplicant( 1785): AP:ssid[BTOpenzone],rssi[-76],BSSID=9c:4e:20:c8:cc:50
01-28 11:19:33.050 I/wpa_supplicant( 1785): AP:ssid[uos-visitor],rssi[-78],BSSID=9c:4e:20:c8:9e:74
01-28 11:19:33.050 I/wpa_supplicant( 1785): AP:ssid[cs],rssi[-86],BSSID=9c:4e:20:c8:9e:71
01-28 11:19:33.050 I/wpa_supplicant( 1785): AP:ssid[uos-connect],rssi[-83],BSSID=9c:4e:20:c8:9e:73
01-28 11:19:33.050 I/wpa_supplicant( 1785): AP:ssid[BTOpenzone],rssi[-85],BSSID=9c:4e:20:c8:9e:70
01-28 11:19:33.050 I/wpa_supplicant( 1785): AP:ssid[eduroam],rssi[-85],BSSID=9c:4e:20:c8:9e:72
01-28 11:19:33.050 I/wpa_supplicant( 1785): AP:ssid[LD-Net],rssi[-94],BSSID=00:14:6c:fd:72:38
