--------- beginning of /dev/log/system
01-09 14:36:15.333 I/PowerManagerService(  512): Waking up from sleep...
01-09 14:36:15.373 I/WindowManager(  512): Lock screen displayed!
--------- beginning of /dev/log/main
01-09 14:36:15.433 D/SurfaceFlinger(  177): Screen acquired, type=0 flinger=0xb736d478
01-09 14:36:15.443 D/audio_hw_primary(  180): adev_set_parameters: enter: screen_state=on
01-09 14:36:15.443 D/audio_hw_primary(  180): adev_set_parameters: exit with code(-2)
01-09 14:36:15.674 D/SurfaceControl(  512): Excessive delay in unblankDisplay() while turning screen on: 240ms
01-09 14:36:15.714 V/DigitalWidgetViewsFactory( 4127): DigitalWidget sets next alarm string to null
01-09 14:36:15.724 D/YouTube MDX( 4575): Recieved intent android.intent.action.SCREEN_ON
01-09 14:36:16.474 D/audio_hw_primary(  180): start_output_stream: enter: usecase(1: low-latency-playback) devices(0x2)
01-09 14:36:16.474 D/audio_hw_primary(  180): select_devices: out_snd_device(2: speaker) in_snd_device(0: none)
01-09 14:36:16.474 D/audio_hw_primary(  180): enable_snd_device: sending audio calibration for snd_device(2) acdb_id(14)
01-09 14:36:16.474 D/ACDB-LOADER(  180): ACDB -> send_afe_cal
01-09 14:36:16.474 D/audio_hw_primary(  180): enable_snd_device: snd_device(2: speaker)
01-09 14:36:16.474 D/PhoneStatusBar(  585): disable: < expand icons alerts ticker system_info BACK HOME recent* CLOCK search >
01-09 14:36:16.484 D/audio_hw_primary(  180): enable_audio_route: apply mixer path: low-latency-playback
01-09 14:36:16.494 D/audio_hw_primary(  180): start_output_stream: exit
01-09 14:36:16.524 D/PhoneStatusBar(  585): disable: < expand icons alerts ticker system_info back* home* recent clock* search >
01-09 14:36:16.534 W/InputMethodManagerService(  512): Window already focused, ignoring focus gain of: com.android.internal.view.IInputMethodClient$Stub$Proxy@424e13e8 attribute=android.view.inputmethod.EditorInfo@428f1708, token = android.os.BinderProxy@427aa0f8
01-09 14:36:16.975 V/TAG     (  512): bug 7643792: fitSystemWindows([0,50][0,0])
01-09 14:36:18.947 I/InputReader(  512): Reconfiguring input devices.  changes=0x00000004
01-09 14:36:18.947 I/InputReader(  512): Device reconfigured: id=6, name='elan-touchscreen', size 1200x1920, orientation 0, mode 1, display id 0
01-09 14:36:18.957 I/ActivityManager(  512): Config changes=1480 {1.0 234mcc?mnc en_US ldltr sw600dp w600dp h887dp 320dpi lrg port finger -keyb/v/h -nav/h s.8}
01-09 14:36:19.017 D/audio_hw_primary(  180): adev_set_parameters: enter: rotation=0
01-09 14:36:19.017 D/audio_hw_primary(  180): adev_set_parameters: exit with code(0)
01-09 14:36:19.107 D/PhoneStatusBar(  585): mSettingsPanelGravity = 8388661
01-09 14:36:19.157 D/Launcher.Model(  766): DbDebug    Modify item (Play Music) in db, id: 4 (2, 0, 0, 0) --> (2, 0, 0, 0)
01-09 14:36:19.157 D/Launcher.Model(  766): DbDebug    Modify item (Play Books) in db, id: 6 (2, 0, 1, 0) --> (2, 0, 1, 0)
01-09 14:36:19.157 D/Launcher.Model(  766): DbDebug    Modify item (Play Movies & TV) in db, id: 8 (2, 0, 2, 0) --> (2, 0, 2, 0)
01-09 14:36:19.157 D/Launcher.Model(  766): DbDebug    Modify item (Play Games) in db, id: 10 (2, 0, 3, 0) --> (2, 0, 3, 0)
01-09 14:36:19.157 D/Launcher.Model(  766): DbDebug    Modify item (Play Magazines) in db, id: 12 (2, 0, 0, 1) --> (2, 0, 0, 1)
01-09 14:36:19.167 D/Launcher.Model(  766): DbDebug    Modify item (Google+) in db, id: 14 (2, 0, 1, 1) --> (2, 0, 1, 1)
01-09 14:36:19.167 D/Launcher.Model(  766): DbDebug    Modify item (Keep) in db, id: 16 (2, 0, 2, 1) --> (2, 0, 2, 1)
01-09 14:36:19.167 D/Launcher.Model(  766): DbDebug    Modify item (Drive) in db, id: 18 (2, 0, 3, 1) --> (2, 0, 3, 1)
01-09 14:36:19.167 D/Launcher.Model(  766): DbDebug    Modify item (Calendar) in db, id: 20 (2, 0, 0, 2) --> (2, 0, 0, 2)
01-09 14:36:19.167 D/Launcher.Model(  766): DbDebug    Modify item (Currents) in db, id: 22 (2, 0, 1, 2) --> (2, 0, 1, 2)
01-09 14:36:19.167 D/Launcher.Model(  766): DbDebug    Modify item (Gallery) in db, id: 24 (2, 0, 2, 2) --> (2, 0, 2, 2)
01-09 14:36:19.167 D/Launcher.Model(  766): DbDebug    Modify item (Earth) in db, id: 26 (2, 0, 3, 2) --> (2, 0, 3, 2)
01-09 14:36:19.297 I/WindowManager(  512): Screen frozen for +413ms due to Window{42984ab8 u0 com.android.launcher/com.android.launcher2.Launcher}
01-09 14:36:19.717 D/audio_hw_primary(  180): out_standby: enter: usecase(1: low-latency-playback)
01-09 14:36:19.757 D/audio_hw_primary(  180): stop_output_stream: enter: usecase(1: low-latency-playback)
01-09 14:36:19.757 D/audio_hw_primary(  180): disable_audio_route: reset mixer path: low-latency-playback
01-09 14:36:19.757 D/audio_hw_primary(  180): disable_snd_device: snd_device(2: speaker)
01-09 14:36:19.757 D/audio_hw_primary(  180): stop_output_stream: exit: status(0)
01-09 14:36:19.757 D/audio_hw_primary(  180): out_standby: exit
01-09 14:36:21.459 D/dalvikvm(  512): GC_EXPLICIT freed 888K, 22% free 17028K/21772K, paused 4ms+9ms, total 146ms
01-09 14:36:42.420 I/ActivityManager(  512): START u0 {flg=0x10000000 cmp=android/.accounts.ChooseTypeAndAccountActivity bnds=[40,261][1160,1077] (has extras)} from pid -1
01-09 14:36:42.440 D/audio_hw_primary(  180): start_output_stream: enter: usecase(1: low-latency-playback) devices(0x2)
01-09 14:36:42.440 D/audio_hw_primary(  180): select_devices: out_snd_device(2: speaker) in_snd_device(0: none)
01-09 14:36:42.440 D/audio_hw_primary(  180): enable_snd_device: sending audio calibration for snd_device(2) acdb_id(14)
01-09 14:36:42.440 D/ACDB-LOADER(  180): ACDB -> send_afe_cal
01-09 14:36:42.440 D/audio_hw_primary(  180): enable_snd_device: snd_device(2: speaker)
01-09 14:36:42.440 D/audio_hw_primary(  180): enable_audio_route: apply mixer path: low-latency-playback
01-09 14:36:42.440 I/ActivityManager(  512): Start proc android:ui for activity android/.accounts.ChooseTypeAndAccountActivity: pid=6207 uid=1000 gids={41000, 1015, 1028, 3002, 3001, 3003, 3007}
01-09 14:36:42.450 D/audio_hw_primary(  180): start_output_stream: exit
01-09 14:36:42.490 I/ActivityManager(  512): Start proc com.google.android.gsf.login for service com.google.android.gsf.login/com.google.android.gsf.loginservice.GoogleLoginService: pid=6219 uid=10021 gids={50021, 3003, 1007, 1028, 1015, 1006, 2001, 3006}
01-09 14:36:42.550 D/libEGL  ( 6207): loaded /system/lib/egl/libEGL_adreno200.so
01-09 14:36:42.550 D/libEGL  ( 6207): loaded /system/lib/egl/libGLESv1_CM_adreno200.so
01-09 14:36:42.550 D/libEGL  ( 6207): loaded /system/lib/egl/libGLESv2_adreno200.so
01-09 14:36:42.550 I/Adreno200-EGL( 6207): <qeglDrvAPI_eglInitialize:265>: EGL 1.4 QUALCOMM Build: Iabe52cfaeae4c5fab1acacfe6f056ba15fa93274
01-09 14:36:42.590 D/OpenGLRenderer( 6207): Enabling debug mode 0
01-09 14:36:42.640 I/ActivityManager(  512): START u0 {flg=0x80000 cmp=com.google.android.gsf.login/.AccountIntroActivity (has extras)} from pid 6207
01-09 14:36:42.710 D/dalvikvm(  512): GC_FOR_ALLOC freed 1019K, 22% free 17173K/21772K, paused 59ms, total 59ms
01-09 14:36:42.720 I/ActivityManager(  512): Displayed android/.accounts.ChooseTypeAndAccountActivity: +291ms
01-09 14:36:42.740 I/GLSActivity( 6219): Starting account intro Intent { flg=0x80000 cmp=com.google.android.gsf.login/.AccountIntroActivity (has extras) }
01-09 14:36:42.740 I/ActivityManager(  512): START u0 {cmp=com.google.android.gsf.login/.AccountIntroUIActivity (has extras)} from pid 6219
01-09 14:36:42.800 D/libEGL  ( 6219): loaded /system/lib/egl/libEGL_adreno200.so
01-09 14:36:42.800 D/libEGL  ( 6219): loaded /system/lib/egl/libGLESv1_CM_adreno200.so
01-09 14:36:42.800 D/libEGL  ( 6219): loaded /system/lib/egl/libGLESv2_adreno200.so
01-09 14:36:42.810 I/Adreno200-EGL( 6219): <qeglDrvAPI_eglInitialize:265>: EGL 1.4 QUALCOMM Build: Iabe52cfaeae4c5fab1acacfe6f056ba15fa93274
01-09 14:36:42.840 D/OpenGLRenderer( 6219): Enabling debug mode 0
01-09 14:36:42.950 I/ActivityManager(  512): Displayed com.google.android.gsf.login/.AccountIntroUIActivity: +198ms (total +227ms)
01-09 14:36:44.842 D/dalvikvm(  512): GC_FOR_ALLOC freed 1150K, 22% free 17191K/21772K, paused 55ms, total 55ms
01-09 14:36:44.902 D/dalvikvm(  512): GC_FOR_ALLOC freed 1122K, 22% free 17174K/21772K, paused 48ms, total 49ms
01-09 14:36:44.922 I/ActivityManager(  512): START u0 {act=com.android.systemui.recent.action.TOGGLE_RECENTS flg=0x10800000 cmp=com.android.systemui/.recent.RecentsActivity (has extras)} from pid 585
01-09 14:36:44.982 D/dalvikvm(  512): GC_FOR_ALLOC freed 1116K, 22% free 17180K/21772K, paused 56ms, total 56ms
01-09 14:36:45.082 I/ActivityManager(  512): Displayed com.android.systemui/.recent.RecentsActivity: +96ms
01-09 14:36:45.953 D/dalvikvm(  512): GC_FOR_ALLOC freed 1135K, 22% free 17189K/21772K, paused 56ms, total 57ms
01-09 14:36:46.023 D/dalvikvm(  512): GC_FOR_ALLOC freed 1115K, 22% free 17180K/21772K, paused 58ms, total 58ms
01-09 14:36:46.033 I/ActivityManager(  512): No longer want com.android.defcontainer (pid 4828): empty #17
01-09 14:36:46.033 I/ActivityManager(  512): Killing 6207:android:ui/1000: remove task
01-09 14:36:46.053 I/WindowState(  512): WIN DEATH: Window{4279cf90 u0 android/android.accounts.ChooseTypeAndAccountActivity}
01-09 14:36:46.113 W/ResourceType(  512): Skipping entry 0x7f05000e in package table 0 because it is not complex!
01-09 14:36:46.113 W/ResourceType(  512): Skipping entry 0x7f05000f in package table 0 because it is not complex!
01-09 14:36:48.035 D/audio_hw_primary(  180): out_standby: enter: usecase(1: low-latency-playback)
01-09 14:36:48.085 D/audio_hw_primary(  180): stop_output_stream: enter: usecase(1: low-latency-playback)
01-09 14:36:48.085 D/audio_hw_primary(  180): disable_audio_route: reset mixer path: low-latency-playback
01-09 14:36:48.085 D/audio_hw_primary(  180): disable_snd_device: snd_device(2: speaker)
01-09 14:36:48.095 D/audio_hw_primary(  180): stop_output_stream: exit: status(0)
01-09 14:36:48.095 D/audio_hw_primary(  180): out_standby: exit
01-09 14:37:09.616 D/AndroidRuntime( 6266): 
01-09 14:37:09.616 D/AndroidRuntime( 6266): >>>>>> AndroidRuntime START com.android.internal.os.RuntimeInit <<<<<<
01-09 14:37:09.616 D/AndroidRuntime( 6266): CheckJNI is OFF
01-09 14:37:09.626 D/dalvikvm( 6266): Trying to load lib libjavacore.so 0x0
01-09 14:37:09.636 D/dalvikvm( 6266): Added shared lib libjavacore.so 0x0
01-09 14:37:09.636 D/dalvikvm( 6266): Trying to load lib libnativehelper.so 0x0
01-09 14:37:09.636 D/dalvikvm( 6266): Added shared lib libnativehelper.so 0x0
01-09 14:37:09.766 D/AndroidRuntime( 6266): Calling main entry com.android.commands.pm.Pm
01-09 14:37:09.786 I/ActivityManager(  512): Start proc com.android.defcontainer for service com.android.defcontainer/.DefaultContainerService: pid=6280 uid=10013 gids={50013, 1015, 1023, 2001, 1028}
01-09 14:37:09.816 D/Finsky  ( 4841): [1] PackageVerificationReceiver.checkPrerequisites: Skipping verification because network inactive
01-09 14:37:09.816 W/ActivityManager(  512): No content provider found for permission revoke: file:///data/local/tmp/EnergyMeasurementAccelerometer.apk
01-09 14:37:09.826 D/Finsky  ( 4841): [1] PackageVerificationReceiver.checkPrerequisites: Skipping verification because network inactive
01-09 14:37:09.836 W/ActivityManager(  512): No content provider found for permission revoke: file:///data/local/tmp/EnergyMeasurementAccelerometer.apk
01-09 14:37:09.836 I/PackageManager(  512): Copying native libraries to /data/app-lib/vmdl95637536
01-09 14:37:09.836 W/PackageManager(  512): Invalid verification token 6 received
01-09 14:37:09.876 I/ActivityManager(  512): Force stopping package uk.ac.st_andrews.cs.host.mk74.energymeasurement.accelerometer appid=10071 user=-1
01-09 14:37:09.997 I/PackageManager(  512): Running dexopt on: uk.ac.st_andrews.cs.host.mk74.energymeasurement.accelerometer
01-09 14:37:09.997 I/PackageManager(  512): Package uk.ac.st_andrews.cs.host.mk74.energymeasurement.accelerometer codePath changed from /data/app/uk.ac.st_andrews.cs.host.mk74.energymeasurement.accelerometer-2.apk to /data/app/uk.ac.st_andrews.cs.host.mk74.energymeasurement.accelerometer-1.apk; Retaining data and using new
01-09 14:37:10.257 D/dalvikvm( 6293): DexOpt: load 44ms, verify+opt 164ms, 957308 bytes
01-09 14:37:10.317 W/PackageManager(  512): Code path for pkg : uk.ac.st_andrews.cs.host.mk74.energymeasurement.accelerometer changing from /data/app/uk.ac.st_andrews.cs.host.mk74.energymeasurement.accelerometer-2.apk to /data/app/uk.ac.st_andrews.cs.host.mk74.energymeasurement.accelerometer-1.apk
01-09 14:37:10.317 I/ActivityManager(  512): Force stopping package uk.ac.st_andrews.cs.host.mk74.energymeasurement.accelerometer appid=10071 user=-1
01-09 14:37:10.317 W/PackageManager(  512): Resource path for pkg : uk.ac.st_andrews.cs.host.mk74.energymeasurement.accelerometer changing from /data/app/uk.ac.st_andrews.cs.host.mk74.energymeasurement.accelerometer-2.apk to /data/app/uk.ac.st_andrews.cs.host.mk74.energymeasurement.accelerometer-1.apk
01-09 14:37:10.447 I/ActivityManager(  512): Force stopping package uk.ac.st_andrews.cs.host.mk74.energymeasurement.accelerometer appid=10071 user=0
01-09 14:37:10.467 W/ActivityManager(  512): Skipping broadcast of Intent { act=android.intent.action.PACKAGE_REMOVED dat=package:uk.ac.st_andrews.cs.host.mk74.energymeasurement.accelerometer flg=0x8000010 (has extras) }: user 10 is stopped
01-09 14:37:10.477 I/InputReader(  512): Reconfiguring input devices.  changes=0x00000010
01-09 14:37:10.507 I/InputReader(  512): Reconfiguring input devices.  changes=0x00000010
01-09 14:37:10.527 W/ActivityManager(  512): Skipping broadcast of Intent { act=android.intent.action.PACKAGE_ADDED dat=package:uk.ac.st_andrews.cs.host.mk74.energymeasurement.accelerometer flg=0x8000010 (has extras) }: user 10 is stopped
01-09 14:37:10.537 W/ContextImpl( 4899): Calling a method in the system process without a qualified user: android.app.ContextImpl.startService:1385 android.content.ContextWrapper.startService:473 android.content.ContextWrapper.startService:473 com.android.keychain.KeyChainBroadcastReceiver.onReceive:12 android.app.ActivityThread.handleReceiver:2424 
01-09 14:37:10.547 D/dalvikvm(  753): GC_CONCURRENT freed 530K, 6% free 9276K/9840K, paused 1ms+2ms, total 18ms
01-09 14:37:10.547 D/dalvikvm(  753): WAIT_FOR_CONCURRENT_GC blocked 9ms
01-09 14:37:10.547 D/BackupManagerService(  512): Received broadcast Intent { act=android.intent.action.PACKAGE_REMOVED dat=package:uk.ac.st_andrews.cs.host.mk74.energymeasurement.accelerometer flg=0x8000010 (has extras) }
01-09 14:37:10.547 W/ActivityManager(  512): Skipping broadcast of Intent { act=android.intent.action.PACKAGE_REPLACED dat=package:uk.ac.st_andrews.cs.host.mk74.energymeasurement.accelerometer flg=0x8000010 (has extras) }: user 10 is stopped
01-09 14:37:10.557 W/ActivityManager(  512): Skipping broadcast of Intent { act=android.intent.action.MY_PACKAGE_REPLACED flg=0x8000010 pkg=uk.ac.st_andrews.cs.host.mk74.energymeasurement.accelerometer (has extras) }: user 10 is stopped
01-09 14:37:10.567 D/BackupManagerService(  512): Received broadcast Intent { act=android.intent.action.PACKAGE_ADDED dat=package:uk.ac.st_andrews.cs.host.mk74.energymeasurement.accelerometer flg=0x8000010 (has extras) }
01-09 14:37:10.567 V/BackupManagerService(  512): removePackageParticipantsLocked: uid=10071 #1
01-09 14:37:10.567 V/BackupManagerService(  512): addPackageParticipantsLocked: #1
01-09 14:37:10.637 D/dalvikvm(  512): GC_EXPLICIT freed 1356K, 18% free 17909K/21772K, paused 4ms+9ms, total 78ms
01-09 14:37:10.637 D/dalvikvm(  512): WAIT_FOR_CONCURRENT_GC blocked 41ms
01-09 14:37:10.637 D/dalvikvm(  512): WAIT_FOR_CONCURRENT_GC blocked 41ms
01-09 14:37:10.637 D/dalvikvm(  512): WAIT_FOR_CONCURRENT_GC blocked 41ms
01-09 14:37:10.637 D/dalvikvm(  512): WAIT_FOR_CONCURRENT_GC blocked 41ms
01-09 14:37:10.637 D/AndroidRuntime( 6266): Shutting down VM
01-09 14:37:10.637 D/jdwp    ( 6266): Got wake-up signal, bailing out of select
01-09 14:37:10.637 D/dalvikvm( 6266): Debugger has detached; object registry had 1 entries
01-09 14:37:10.827 D/dalvikvm(  704): GC_FOR_ALLOC freed 391K, 7% free 10157K/10912K, paused 20ms, total 20ms
01-09 14:37:10.827 I/dalvikvm-heap(  704): Grow heap (frag case) to 9.965MB for 16400-byte allocation
01-09 14:37:10.847 D/dalvikvm(  704): GC_FOR_ALLOC freed <1K, 7% free 10173K/10932K, paused 20ms, total 20ms
01-09 14:37:10.877 D/dalvikvm(  704): GC_FOR_ALLOC freed 5K, 7% free 10174K/10932K, paused 24ms, total 24ms
01-09 14:37:10.877 I/dalvikvm-heap(  704): Grow heap (frag case) to 9.973MB for 8208-byte allocation
01-09 14:37:10.897 D/dalvikvm(  704): GC_FOR_ALLOC freed 2K, 7% free 10180K/10944K, paused 26ms, total 26ms
01-09 14:37:10.907 I/GCoreUlr(  704): Ensuring that reporting is stopped because of reasons: (no Google accounts)
01-09 14:37:10.947 D/dalvikvm(  704): GC_EXPLICIT freed 102K, 8% free 10084K/10944K, paused 2ms+4ms, total 39ms
01-09 14:37:10.947 D/GCoreFlp(  704): Unknown pending intent to remove.
01-09 14:37:10.947 I/GCoreUlr(  704): Unbound from all location providers
01-09 14:37:11.198 D/AndroidRuntime( 6327): 
01-09 14:37:11.198 D/AndroidRuntime( 6327): >>>>>> AndroidRuntime START com.android.internal.os.RuntimeInit <<<<<<
01-09 14:37:11.198 D/AndroidRuntime( 6327): CheckJNI is OFF
01-09 14:37:11.208 D/dalvikvm( 6327): Trying to load lib libjavacore.so 0x0
01-09 14:37:11.218 D/dalvikvm( 6327): Added shared lib libjavacore.so 0x0
01-09 14:37:11.218 D/dalvikvm( 6327): Trying to load lib libnativehelper.so 0x0
01-09 14:37:11.218 D/dalvikvm( 6327): Added shared lib libnativehelper.so 0x0
01-09 14:37:11.368 D/AndroidRuntime( 6327): Calling main entry com.android.commands.am.Am
01-09 14:37:11.368 D/dalvikvm( 6327): Note: class Landroid/app/ActivityManagerNative; has 163 unimplemented (abstract) methods
01-09 14:37:11.378 I/ActivityManager(  512): START u0 {act=android.intent.action.MAIN cat=[android.intent.category.LAUNCHER] flg=0x10000000 cmp=uk.ac.st_andrews.cs.host.mk74.energymeasurement.accelerometer/.MainActivity} from pid 6327
01-09 14:37:11.458 D/dalvikvm(  512): GC_FOR_ALLOC freed 1563K, 21% free 17386K/21772K, paused 63ms, total 63ms
01-09 14:37:11.478 D/AndroidRuntime( 6327): Shutting down VM
01-09 14:37:11.488 D/jdwp    ( 6327): Got wake-up signal, bailing out of select
01-09 14:37:11.488 D/dalvikvm( 6327): Debugger has detached; object registry had 1 entries
01-09 14:37:11.488 D/dalvikvm( 6343): Late-enabling CheckJNI
01-09 14:37:11.488 I/ActivityManager(  512): Start proc uk.ac.st_andrews.cs.host.mk74.energymeasurement.accelerometer for activity uk.ac.st_andrews.cs.host.mk74.energymeasurement.accelerometer/.MainActivity: pid=6343 uid=10071 gids={50071, 1028}
01-09 14:37:11.638 D/libEGL  ( 6343): loaded /system/lib/egl/libEGL_adreno200.so
01-09 14:37:11.638 D/libEGL  ( 6343): loaded /system/lib/egl/libGLESv1_CM_adreno200.so
01-09 14:37:11.638 D/libEGL  ( 6343): loaded /system/lib/egl/libGLESv2_adreno200.so
01-09 14:37:11.648 I/Adreno200-EGL( 6343): <qeglDrvAPI_eglInitialize:265>: EGL 1.4 QUALCOMM Build: Iabe52cfaeae4c5fab1acacfe6f056ba15fa93274
01-09 14:37:11.688 D/OpenGLRenderer( 6343): Enabling debug mode 0
01-09 14:37:11.708 D/dalvikvm( 4874): GC_CONCURRENT freed 262K, 4% free 9318K/9684K, paused 5ms+1ms, total 20ms
01-09 14:37:11.748 I/ActivityManager(  512): Displayed uk.ac.st_andrews.cs.host.mk74.energymeasurement.accelerometer/.MainActivity: +270ms
01-09 14:37:11.788 W/ActivityManager(  512): Permission denied: checkComponentPermission() owningUid=10057
01-09 14:37:11.788 W/ActivityManager(  512): Permission denied: checkComponentPermission() owningUid=10057
01-09 14:37:11.798 D/dalvikvm( 4928): GC_CONCURRENT freed 386K, 5% free 9239K/9664K, paused 1ms+2ms, total 16ms
01-09 14:37:11.808 W/ActivityManager(  512): Permission denied: checkComponentPermission() owningUid=10057
01-09 14:37:11.808 W/ActivityManager(  512): Permission denied: checkComponentPermission() owningUid=10057
01-09 14:37:11.818 W/ActivityManager(  512): Permission denied: checkComponentPermission() owningUid=10057
01-09 14:37:11.818 W/ActivityManager(  512): Permission denied: checkComponentPermission() owningUid=10057
01-09 14:37:11.818 W/ActivityManager(  512): Permission denied: checkComponentPermission() owningUid=10057
01-09 14:37:11.818 W/ActivityManager(  512): Permission denied: checkComponentPermission() owningUid=10057
01-09 14:37:11.828 W/ActivityManager(  512): Permission denied: checkComponentPermission() owningUid=10057
01-09 14:37:11.828 W/ActivityManager(  512): Permission denied: checkComponentPermission() owningUid=10057
01-09 14:37:11.838 W/ActivityManager(  512): Permission denied: checkComponentPermission() owningUid=10057
01-09 14:37:11.838 W/ActivityManager(  512): Permission denied: checkComponentPermission() owningUid=10057
01-09 14:37:12.579 I/System.out( 6343): Values: 0.15534973 -0.2836609 9.972214
01-09 14:37:13.580 I/System.out( 6343): Values: 0.119644165 -0.30984497 10.081711
01-09 14:37:14.581 I/System.out( 6343): Values: 0.1743927 -0.26461792 9.962692
01-09 14:37:15.582 I/System.out( 6343): Values: 0.15534973 -0.32650757 9.988876
01-09 14:37:16.583 I/System.out( 6343): Values: 0.16725159 -0.2669983 10.038864
01-09 14:37:17.584 I/System.out( 6343): Values: 0.13392639 -0.3003235 10.029343
01-09 14:37:18.575 I/System.out( 6343): Values: 0.14582825 -0.29556274 9.912704
01-09 14:37:18.595 D/dalvikvm( 6343): Debugger has detached; object registry had 1 entries
01-09 14:37:19.246 D/PicasaSyncManager( 4488): battery info: false
01-09 14:37:19.266 D/PicasaUploaderSyncManager( 4521): battery info: false
01-09 14:37:19.286 D/dalvikvm( 4521): GC_CONCURRENT freed 272K, 4% free 8979K/9288K, paused 1ms+1ms, total 16ms
01-09 14:37:19.576 I/System.out( 6343): Values: -1.9060516 2.6775208 10.764877
01-09 14:37:20.206 I/ActivityManager(  512): No longer want com.google.android.youtube (pid 4575): empty #17
01-09 14:37:20.577 I/System.out( 6343): Values: 0.1006012 0.37808228 8.784409
01-09 14:37:21.578 I/System.out( 6343): Values: -0.13267517 -0.09799194 10.062668
01-09 14:37:22.579 I/System.out( 6343): Values: -0.31834412 -0.0027770996 10.050766
01-09 14:37:23.580 I/System.out( 6343): Values: -0.32548523 -0.081329346 10.091232
01-09 14:37:24.581 I/System.out( 6343): Values: -0.31596375 -0.04800415 9.986496
01-09 14:37:25.582 I/System.out( 6343): Values: -0.31358337 -0.057525635 10.01506
01-09 14:37:25.802 D/dalvikvm( 4841): GC_CONCURRENT freed 407K, 5% free 9409K/9856K, paused 2ms+1ms, total 23ms
01-09 14:37:25.862 D/Finsky  ( 4841): [1] 5.onFinished: Installation state replication succeeded.
01-09 14:37:26.583 I/System.out( 6343): Values: -0.29692078 -0.057525635 10.07695
01-09 14:37:27.584 I/System.out( 6343): Values: -0.30644226 -0.078948975 9.998398
01-09 14:37:28.585 I/System.out( 6343): Values: -0.27549744 -0.038482666 10.019821
01-09 14:37:29.576 I/System.out( 6343): Values: -0.27549744 -0.06466675 10.065048
01-09 14:37:30.577 I/System.out( 6343): Values: -0.2707367 -0.09085083 10.019821
01-09 14:37:31.578 I/System.out( 6343): Values: -0.311203 -0.06466675 10.093613
01-09 14:37:32.579 I/System.out( 6343): Values: -0.2945404 -0.019439697 10.01506
01-09 14:37:33.580 I/System.out( 6343): Values: -0.30168152 -0.057525635 10.000778
01-09 14:37:34.580 I/System.out( 6343): Values: -0.32548523 -0.04562378 10.036484
01-09 14:37:35.591 I/System.out( 6343): Values: -0.28977966 -0.057525635 10.100754
01-09 14:37:36.592 I/System.out( 6343): Values: -0.3278656 -0.07180786 10.043625
01-09 14:37:37.593 I/System.out( 6343): Values: -0.29930115 -0.052764893 10.053146
01-09 14:37:38.594 I/System.out( 6343): Values: -0.29216003 -0.040863037 10.067429
01-09 14:37:39.585 I/System.out( 6343): Values: -0.31834412 -0.04324341 10.038864
01-09 14:37:40.596 I/System.out( 6343): Values: -0.29216003 -0.021820068 9.988876
01-09 14:37:41.587 I/System.out( 6343): Values: -0.3207245 -0.062286377 10.043625
01-09 14:37:42.588 I/System.out( 6343): Values: -0.29216003 0.0067443848 10.07933
01-09 14:37:43.589 I/System.out( 6343): Values: -0.31358337 -0.10513306 10.036484
01-09 14:37:44.590 I/System.out( 6343): Values: -0.3040619 -0.08370972 10.019821
01-09 14:37:45.591 I/System.out( 6343): Values: -0.25883484 -0.059906006 10.07457
01-09 14:37:46.592 I/System.out( 6343): Values: -0.3040619 -0.08609009 10.057907
01-09 14:37:47.593 I/System.out( 6343): Values: -0.31834412 -0.040863037 10.043625
01-09 14:37:48.594 I/System.out( 6343): Values: -0.28977966 -0.06466675 10.022202
01-09 14:37:49.585 I/System.out( 6343): Values: -0.28501892 -0.012298584 10.07933
01-09 14:37:50.596 I/System.out( 6343): Values: -0.33024597 -0.059906006 10.093613
01-09 14:37:51.587 I/System.out( 6343): Values: -0.30644226 -0.05038452 10.046005
01-09 14:37:52.588 I/System.out( 6343): Values: -0.2945404 -0.019439697 9.998398
01-09 14:37:53.589 I/System.out( 6343): Values: -0.31834412 -0.081329346 9.998398
01-09 14:37:54.590 I/System.out( 6343): Values: -0.3040619 -0.031341553 10.034103
01-09 14:37:55.601 I/System.out( 6343): Values: -0.27311707 -0.078948975 10.007919
01-09 14:37:56.602 I/System.out( 6343): Values: -0.33976746 -0.07180786 10.134079
01-09 14:37:57.603 I/System.out( 6343): Values: -0.29692078 -0.07418823 10.005539
01-09 14:37:58.604 I/System.out( 6343): Values: -0.31358337 -0.04800415 10.072189
01-09 14:37:59.605 I/System.out( 6343): Values: -0.26359558 -0.031341553 10.072189
01-09 14:38:00.606 I/System.out( 6343): Values: -0.32548523 -0.04800415 10.069809
01-09 14:38:01.597 I/System.out( 6343): Values: -0.30168152 -0.017059326 10.031723
01-09 14:38:02.598 I/System.out( 6343): Values: -0.29692078 -0.033721924 10.069809
01-09 14:38:03.599 I/System.out( 6343): Values: -0.3350067 -0.06942749 10.07457
01-09 14:38:04.600 I/System.out( 6343): Values: -0.27549744 -0.081329346 9.993637
01-09 14:38:05.601 I/System.out( 6343): Values: -0.28263855 -0.10751343 10.055527
01-09 14:38:06.602 I/System.out( 6343): Values: -0.31834412 -0.09561157 10.024582
01-09 14:38:07.603 I/System.out( 6343): Values: -0.311203 -0.033721924 10.065048
01-09 14:38:08.604 I/System.out( 6343): Values: -0.31358337 -0.038482666 10.046005
01-09 14:38:09.605 I/System.out( 6343): Values: -0.2707367 -0.081329346 10.0412445
01-09 14:38:10.606 I/System.out( 6343): Values: -0.31358337 -0.09085083 10.01506
01-09 14:38:11.597 I/System.out( 6343): Values: -0.30644226 -0.04562378 10.050766
01-09 14:38:12.608 I/System.out( 6343): Values: -0.30168152 -0.062286377 10.024582
01-09 14:38:13.619 I/System.out( 6343): Values: -0.33024597 -0.036102295 10.107895
01-09 14:38:14.620 I/System.out( 6343): Values: -0.30644226 -0.052764893 10.000778
01-09 14:38:15.621 I/System.out( 6343): Values: -0.27549744 -0.081329346 9.965073
01-09 14:38:16.622 I/System.out( 6343): Values: -0.311203 -0.09561157 10.069809
01-09 14:38:17.632 I/System.out( 6343): Values: -0.29930115 -0.057525635 9.9769745
01-09 14:38:18.623 I/System.out( 6343): Values: -0.29692078 -0.06704712 10.031723
01-09 14:38:19.624 I/System.out( 6343): Values: -0.33738708 -0.06942749 10.07933
01-09 14:38:20.625 I/System.out( 6343): Values: -0.31358337 -0.052764893 10.043625
01-09 14:38:21.626 I/System.out( 6343): Values: -0.29692078 -0.07418823 10.069809
01-09 14:38:22.627 I/System.out( 6343): Values: -0.2945404 -0.06704712 10.024582
01-09 14:38:23.628 I/System.out( 6343): Values: -0.28263855 -0.06704712 10.072189
01-09 14:38:24.629 I/System.out( 6343): Values: -0.2612152 -0.07418823 10.093613
01-09 14:38:25.630 I/System.out( 6343): Values: -0.311203 -0.0932312 10.086472
01-09 14:38:26.631 I/System.out( 6343): Values: -0.31358337 -0.014678955 10.0103
01-09 14:38:27.632 I/System.out( 6343): Values: -0.27549744 -0.05038452 9.996017
01-09 14:38:28.633 I/System.out( 6343): Values: -0.28977966 -0.057525635 9.967453
01-09 14:38:29.634 I/System.out( 6343): Values: -0.28977966 -0.062286377 10.036484
01-09 14:38:30.635 I/System.out( 6343): Values: -0.33024597 -0.059906006 10.053146
01-09 14:38:30.695 D/dalvikvm( 6343): GC_CONCURRENT freed 230K, 3% free 9019K/9288K, paused 16ms+2ms, total 57ms
01-09 14:38:31.626 I/System.out( 6343): Values: -0.29216003 -0.081329346 10.065048
01-09 14:38:32.627 I/System.out( 6343): Values: -0.30882263 -0.062286377 10.034103
01-09 14:38:33.628 I/System.out( 6343): Values: -0.26835632 -0.04800415 10.048386
01-09 14:38:34.629 I/System.out( 6343): Values: -0.311203 -0.07418823 10.07695
01-09 14:38:35.630 I/System.out( 6343): Values: -0.27549744 -0.09085083 10.072189
01-09 14:38:36.631 I/System.out( 6343): Values: -0.3207245 -0.078948975 10.036484
01-09 14:38:37.632 I/System.out( 6343): Values: -0.311203 -0.081329346 10.036484
01-09 14:38:38.633 I/System.out( 6343): Values: -0.311203 -0.06942749 10.088852
01-09 14:38:39.634 I/System.out( 6343): Values: -0.3516693 -0.028961182 10.017441
01-09 14:38:40.635 I/System.out( 6343): Values: -0.30168152 -0.052764893 10.031723
01-09 14:38:41.636 I/System.out( 6343): Values: -0.311203 -0.06942749 10.067429
01-09 14:38:42.637 I/System.out( 6343): Values: -0.31596375 -0.036102295 10.019821
01-09 14:38:43.638 I/System.out( 6343): Values: -0.29930115 -0.062286377 10.055527
01-09 14:38:44.639 I/System.out( 6343): Values: -0.2945404 -0.100372314 10.046005
01-09 14:38:45.640 I/System.out( 6343): Values: -0.29930115 -0.038482666 10.055527
01-09 14:38:46.641 I/System.out( 6343): Values: -0.26835632 -0.057525635 10.060287
01-09 14:38:47.642 I/System.out( 6343): Values: -0.30644226 -0.04324341 10.01268
01-09 14:38:48.643 I/System.out( 6343): Values: -0.311203 -0.0765686 10.065048
01-09 14:38:49.644 I/System.out( 6343): Values: -0.2873993 -0.036102295 10.024582
01-09 14:38:50.645 I/System.out( 6343): Values: -0.28977966 -0.07180786 10.081711
01-09 14:38:51.646 I/System.out( 6343): Values: -0.31358337 -0.04800415 10.057907
01-09 14:38:52.647 I/System.out( 6343): Values: -0.30168152 -0.055145264 10.1436
01-09 14:38:53.638 I/System.out( 6343): Values: -0.31358337 -0.021820068 10.103134
01-09 14:38:54.639 I/System.out( 6343): Values: -0.28501892 -0.08370972 10.022202
01-09 14:38:55.640 I/System.out( 6343): Values: -0.33024597 -0.06942749 10.026962
01-09 14:38:56.641 I/System.out( 6343): Values: -0.27311707 -0.06942749 10.029343
01-09 14:38:57.642 I/System.out( 6343): Values: -0.29216003 -0.052764893 10.055527
01-09 14:38:58.643 I/System.out( 6343): Values: -0.30644226 -0.06704712 10.036484
01-09 14:38:59.643 I/System.out( 6343): Values: -0.31834412 -0.040863037 10.031723
01-09 14:39:00.654 I/System.out( 6343): Values: -0.311203 -0.0765686 10.093613
01-09 14:39:01.645 I/System.out( 6343): Values: -0.33024597 -0.06942749 10.0412445
01-09 14:39:02.646 I/System.out( 6343): Values: -0.27549744 -0.078948975 10.01268
01-09 14:39:03.647 I/System.out( 6343): Values: -0.28501892 -0.052764893 10.060287
01-09 14:39:04.648 I/System.out( 6343): Values: -0.3278656 -0.052764893 10.043625
01-09 14:39:05.649 I/System.out( 6343): Values: -0.30168152 -0.08609009 10.026962
01-09 14:39:06.650 I/System.out( 6343): Values: -0.28501892 -0.028961182 10.01268
01-09 14:39:07.651 I/System.out( 6343): Values: -0.28977966 -0.057525635 10.055527
01-09 14:39:08.652 I/System.out( 6343): Values: -0.26359558 -0.07180786 10.01506
01-09 14:39:09.653 I/System.out( 6343): Values: -0.3207245 -0.055145264 10.01268
01-09 14:39:10.654 I/System.out( 6343): Values: -0.29930115 -0.06466675 10.031723
01-09 14:39:11.655 I/System.out( 6343): Values: -0.33024597 -0.0765686 10.129318
01-09 14:39:12.656 I/System.out( 6343): Values: -0.2873993 -0.057525635 10.038864
01-09 14:39:13.647 I/System.out( 6343): Values: -0.31596375 -0.07418823 10.046005
01-09 14:39:14.648 I/System.out( 6343): Values: -0.2873993 -0.07418823 9.991257
01-09 14:39:15.649 I/System.out( 6343): Values: -0.31834412 -0.038482666 10.060287
01-09 14:39:16.650 I/System.out( 6343): Values: -0.29692078 -0.04800415 10.081711
01-09 14:39:17.651 I/System.out( 6343): Values: -0.31358337 -0.04562378 10.01506
01-09 14:39:18.652 I/System.out( 6343): Values: -0.30168152 -0.09085083 10.117416
01-09 14:39:19.653 I/System.out( 6343): Values: -0.30644226 -0.04800415 10.0103
01-09 14:39:20.664 I/System.out( 6343): Values: -0.32310486 -0.036102295 10.091232
01-09 14:39:21.655 I/System.out( 6343): Values: -0.32548523 -0.078948975 10.105515
01-09 14:39:22.656 I/System.out( 6343): Values: -0.2778778 -0.07180786 10.069809
01-09 14:39:23.657 I/System.out( 6343): Values: -0.3278656 -0.05038452 10.043625
01-09 14:39:24.658 I/System.out( 6343): Values: -0.27549744 -0.04324341 10.07933
01-09 14:39:25.659 I/System.out( 6343): Values: -0.3278656 -0.04562378 10.060287
01-09 14:39:26.660 I/System.out( 6343): Values: -0.2778778 -0.04800415 10.069809
01-09 14:39:27.661 I/System.out( 6343): Values: -0.30168152 -0.0932312 10.050766
01-09 14:39:28.662 I/System.out( 6343): Values: -0.31596375 -0.0027770996 10.031723
01-09 14:39:29.663 I/System.out( 6343): Values: -0.31596375 -0.07418823 9.967453
01-09 14:39:30.664 I/System.out( 6343): Values: -0.311203 -0.04562378 10.100754
01-09 14:39:31.665 I/System.out( 6343): Values: -0.30882263 -0.033721924 10.034103
01-09 14:39:32.656 I/System.out( 6343): Values: -0.31596375 -0.038482666 10.053146
01-09 14:39:33.657 I/System.out( 6343): Values: -0.28025818 -0.031341553 10.007919
01-09 14:39:34.668 I/System.out( 6343): Values: -0.3207245 -0.081329346 10.060287
01-09 14:39:35.659 I/System.out( 6343): Values: -0.32310486 -0.052764893 10.007919
01-09 14:39:36.670 I/System.out( 6343): Values: -0.29692078 -0.055145264 10.026962
01-09 14:39:37.671 I/System.out( 6343): Values: -0.29216003 -0.04324341 10.024582
01-09 14:39:38.672 I/System.out( 6343): Values: -0.28501892 -0.09085083 10.0412445
01-09 14:39:39.673 I/System.out( 6343): Values: -0.33976746 -0.052764893 10.053146
01-09 14:39:40.674 I/System.out( 6343): Values: -0.28501892 -0.055145264 10.069809
01-09 14:39:41.674 I/System.out( 6343): Values: -0.31358337 -0.028961182 10.01506
01-09 14:39:42.665 I/System.out( 6343): Values: -0.32548523 -0.07180786 10.065048
01-09 14:39:43.666 I/System.out( 6343): Values: -0.3445282 -0.057525635 10.067429
01-09 14:39:44.667 I/System.out( 6343): Values: -0.34214783 -0.055145264 10.031723
01-09 14:39:45.668 I/System.out( 6343): Values: -0.31834412 -0.059906006 10.069809
01-09 14:39:46.669 I/System.out( 6343): Values: -0.27549744 -0.06704712 10.024582
01-09 14:39:47.670 I/System.out( 6343): Values: -0.3278656 -0.052764893 10.017441
01-09 14:39:48.671 I/System.out( 6343): Values: -0.31358337 -0.04324341 10.053146
01-09 14:39:49.672 I/System.out( 6343): Values: -0.2778778 -0.038482666 10.022202
01-09 14:39:50.673 I/System.out( 6343): Values: -0.30644226 -0.0932312 10.038864
01-09 14:39:51.674 I/System.out( 6343): Values: -0.29930115 -0.033721924 10.055527
01-09 14:39:52.665 I/System.out( 6343): Values: -0.33976746 -0.06942749 10.0412445
01-09 14:39:53.676 I/System.out( 6343): Values: -0.28977966 -0.04800415 10.050766
01-09 14:39:54.667 I/System.out( 6343): Values: -0.311203 -0.102752686 10.034103
01-09 14:39:55.668 I/System.out( 6343): Values: -0.28977966 -0.040863037 10.048386
01-09 14:39:56.669 I/System.out( 6343): Values: -0.33024597 -0.052764893 10.043625
01-09 14:39:57.670 I/System.out( 6343): Values: -0.30882263 -0.09085083 10.034103
01-09 14:39:58.671 I/System.out( 6343): Values: -0.31834412 -0.09799194 10.053146
01-09 14:39:59.682 I/System.out( 6343): Values: -0.26597595 -0.09085083 10.07933
01-09 14:40:00.683 I/System.out( 6343): Values: -0.31358337 -0.05038452 10.065048
01-09 14:40:01.684 I/System.out( 6343): Values: -0.32310486 -0.040863037 10.031723
01-09 14:40:02.685 I/System.out( 6343): Values: -0.30644226 -0.05038452 10.048386
01-09 14:40:03.676 I/System.out( 6343): Values: -0.3040619 -0.05038452 9.988876
01-09 14:40:04.677 I/System.out( 6343): Values: -0.32310486 -0.036102295 10.115036
01-09 14:40:05.678 I/System.out( 6343): Values: -0.3040619 -0.052764893 10.057907
01-09 14:40:06.679 I/System.out( 6343): Values: -0.29930115 -0.10513306 10.038864
01-09 14:40:07.680 I/System.out( 6343): Values: -0.28501892 -0.036102295 10.117416
01-09 14:40:08.681 I/System.out( 6343): Values: -0.3207245 -0.06466675 10.062668
01-09 14:40:09.682 I/System.out( 6343): Values: -0.36357117 -0.052764893 10.057907
01-09 14:40:10.683 I/System.out( 6343): Values: -0.30168152 -0.06704712 10.060287
01-09 14:40:11.684 I/System.out( 6343): Values: -0.3207245 -0.014678955 10.0412445
01-09 14:40:12.685 I/System.out( 6343): Values: -0.30168152 -0.04800415 10.026962
01-09 14:40:13.676 I/System.out( 6343): Values: -0.28025818 -0.031341553 10.07933
01-09 14:40:14.677 I/System.out( 6343): Values: -0.28977966 -0.08847046 10.036484
01-09 14:40:15.688 I/System.out( 6343): Values: -0.27549744 -0.04324341 9.972214
01-09 14:40:16.689 I/System.out( 6343): Values: -0.30168152 -0.05038452 10.057907
01-09 14:40:17.690 I/System.out( 6343): Values: -0.2945404 -0.08609009 10.086472
01-09 14:40:18.691 I/System.out( 6343): Values: -0.29930115 -0.08609009 10.019821
01-09 14:40:19.692 I/System.out( 6343): Values: -0.29930115 -0.04562378 10.053146
01-09 14:40:20.693 I/System.out( 6343): Values: -0.3207245 -0.081329346 10.036484
01-09 14:40:21.694 I/System.out( 6343): Values: -0.30882263 -0.07418823 10.07933
01-09 14:40:22.695 I/System.out( 6343): Values: -0.2945404 -0.04324341 10.065048
01-09 14:40:23.695 I/System.out( 6343): Values: -0.35881042 -0.07418823 10.057907
01-09 14:40:24.686 I/System.out( 6343): Values: -0.32548523 -0.055145264 10.1245575
01-09 14:40:25.687 I/System.out( 6343): Values: -0.311203 -0.04562378 9.988876
01-09 14:40:26.688 I/System.out( 6343): Values: -0.30168152 -0.09561157 10.036484
01-09 14:40:27.689 I/System.out( 6343): Values: -0.32548523 -0.0027770996 10.067429
01-09 14:40:28.690 I/System.out( 6343): Values: -0.30168152 -0.08609009 10.000778
01-09 14:40:29.691 I/System.out( 6343): Values: -0.29216003 -0.07418823 10.065048
01-09 14:40:30.692 I/System.out( 6343): Values: -0.31358337 -0.057525635 10.093613
01-09 14:40:31.693 I/System.out( 6343): Values: -0.3040619 -0.078948975 10.038864
01-09 14:40:32.704 I/System.out( 6343): Values: -0.28263855 -0.062286377 10.031723
01-09 14:40:33.695 I/System.out( 6343): Values: -0.28263855 -0.036102295 10.003159
01-09 14:40:34.696 I/System.out( 6343): Values: -0.2778778 -0.07418823 10.129318
01-09 14:40:35.707 I/System.out( 6343): Values: -0.34214783 -0.028961182 10.038864
01-09 14:40:36.698 I/System.out( 6343): Values: -0.29692078 -0.057525635 10.019821
01-09 14:40:37.699 I/System.out( 6343): Values: -0.30644226 -0.07180786 10.024582
01-09 14:40:38.700 I/System.out( 6343): Values: -0.33738708 -0.057525635 9.962692
01-09 14:40:39.701 I/System.out( 6343): Values: -0.32310486 -0.06942749 9.991257
01-09 14:40:40.702 I/System.out( 6343): Values: -0.2612152 -0.036102295 10.081711
01-09 14:40:41.703 I/System.out( 6343): Values: -0.28025818 -0.059906006 10.053146
01-09 14:40:42.714 I/System.out( 6343): Values: -0.30644226 -0.05038452 10.019821
01-09 14:40:43.705 I/System.out( 6343): Values: -0.31596375 -0.0932312 10.024582
01-09 14:40:44.706 I/System.out( 6343): Values: -0.2873993 -0.04324341 10.095993
01-09 14:40:45.707 I/System.out( 6343): Values: -0.27549744 -0.08847046 10.081711
01-09 14:40:46.708 I/System.out( 6343): Values: -0.3207245 -0.04562378 10.062668
01-09 14:40:47.709 I/System.out( 6343): Values: -0.33262634 -0.078948975 9.988876
01-09 14:40:48.710 I/System.out( 6343): Values: -0.34928894 -0.06704712 10.050766
01-09 14:40:49.711 I/System.out( 6343): Values: -0.31596375 -0.078948975 10.091232
01-09 14:40:50.712 I/System.out( 6343): Values: -0.32310486 -0.081329346 10.081711
01-09 14:40:51.713 I/System.out( 6343): Values: -0.28263855 -0.06466675 10.0412445
01-09 14:40:52.714 I/System.out( 6343): Values: -0.3207245 -0.078948975 9.9769745
01-09 14:40:53.715 I/System.out( 6343): Values: -0.28025818 -0.05038452 10.024582
01-09 14:40:54.716 I/System.out( 6343): Values: -0.2778778 -0.057525635 10.000778
01-09 14:40:55.717 I/System.out( 6343): Values: -0.30168152 -0.055145264 10.105515
01-09 14:40:56.708 I/System.out( 6343): Values: -0.28977966 -0.052764893 10.0412445
01-09 14:40:57.709 I/System.out( 6343): Values: -0.3207245 -0.031341553 10.029343
01-09 14:40:58.710 I/System.out( 6343): Values: -0.311203 -0.038482666 10.069809
01-09 14:40:59.721 I/System.out( 6343): Values: -0.31596375 -0.057525635 10.07457
01-09 14:41:00.712 I/System.out( 6343): Values: -0.30882263 -0.040863037 9.998398
01-09 14:41:01.723 I/System.out( 6343): Values: -0.3278656 -0.0932312 10.084091
01-09 14:41:02.714 I/System.out( 6343): Values: -0.33024597 -0.057525635 10.07457
01-09 14:41:03.725 I/System.out( 6343): Values: -0.29930115 -0.07180786 10.07695
01-09 14:41:04.716 I/System.out( 6343): Values: -0.32310486 -0.057525635 9.991257
01-09 14:41:05.716 I/System.out( 6343): Values: -0.311203 -0.06942749 10.038864
01-09 14:41:06.717 I/System.out( 6343): Values: -0.2612152 -0.059906006 10.093613
01-09 14:41:07.718 I/System.out( 6343): Values: -0.3040619 -0.04800415 10.069809
01-09 14:41:08.719 I/System.out( 6343): Values: -0.30168152 -0.057525635 10.122177
01-09 14:41:09.720 I/System.out( 6343): Values: -0.28977966 -0.08370972 10.091232
01-09 14:41:10.721 I/System.out( 6343): Values: -0.33024597 -0.036102295 10.057907
01-09 14:41:11.722 I/System.out( 6343): Values: -0.35881042 -0.014678955 10.01506
01-09 14:41:12.723 I/System.out( 6343): Values: -0.31596375 -0.038482666 10.003159
01-09 14:41:13.724 I/System.out( 6343): Values: -0.2945404 -0.062286377 10.062668
01-09 14:41:14.725 I/System.out( 6343): Values: -0.29216003 -0.052764893 10.20311
01-09 14:41:15.716 I/System.out( 6343): Values: -0.33976746 -0.038482666 9.94841
01-09 14:41:16.717 I/System.out( 6343): Values: -0.29930115 -0.08847046 10.062668
01-09 14:41:17.718 I/System.out( 6343): Values: -0.32548523 -0.055145264 10.053146
01-09 14:41:18.719 I/System.out( 6343): Values: -0.2778778 -0.09799194 10.055527
01-09 14:41:19.720 I/System.out( 6343): Values: -0.2945404 -0.0765686 10.081711
01-09 14:41:20.721 I/System.out( 6343): Values: -0.3445282 -0.0765686 10.084091
01-09 14:41:21.722 I/System.out( 6343): Values: -0.32548523 -0.05038452 10.050766
01-09 14:41:22.723 I/System.out( 6343): Values: -0.25645447 -0.057525635 10.031723
01-09 14:41:23.724 I/System.out( 6343): Values: -0.28977966 -0.052764893 10.022202
01-09 14:41:24.725 I/System.out( 6343): Values: -0.28501892 -0.062286377 10.07695
01-09 14:41:25.716 I/System.out( 6343): Values: -0.26359558 -0.06466675 10.07695
01-09 14:41:26.717 I/System.out( 6343): Values: -0.31596375 -0.08847046 10.046005
01-09 14:41:27.728 I/System.out( 6343): Values: -0.30168152 -0.057525635 10.098373
01-09 14:41:28.719 I/System.out( 6343): Values: -0.30882263 -0.08609009 10.084091
01-09 14:41:29.720 I/System.out( 6343): Values: -0.31834412 -0.05038452 10.050766
01-09 14:41:30.721 I/System.out( 6343): Values: -0.2873993 -0.036102295 10.026962
01-09 14:41:31.732 I/System.out( 6343): Values: -0.32548523 -0.02658081 10.036484
01-09 14:41:32.733 I/System.out( 6343): Values: -0.3207245 -0.06466675 9.996017
01-09 14:41:33.734 I/System.out( 6343): Values: -0.30644226 -0.06942749 10.07933
01-09 14:41:33.804 D/dalvikvm( 6343): GC_CONCURRENT freed 390K, 5% free 9015K/9444K, paused 4ms+1ms, total 57ms
01-09 14:41:34.735 I/System.out( 6343): Values: -0.28977966 -0.081329346 10.060287
01-09 14:41:35.726 I/System.out( 6343): Values: -0.32548523 -0.06466675 10.053146
01-09 14:41:36.727 I/System.out( 6343): Values: -0.33024597 -0.0765686 10.084091
01-09 14:41:37.728 I/System.out( 6343): Values: -0.28263855 -0.0765686 10.048386
01-09 14:41:38.729 I/System.out( 6343): Values: -0.31596375 -0.11941528 10.069809
01-09 14:41:39.730 I/System.out( 6343): Values: -0.3278656 -0.06466675 10.086472
01-09 14:41:40.731 I/System.out( 6343): Values: -0.29216003 -0.081329346 10.091232
01-09 14:41:41.732 I/System.out( 6343): Values: -0.3040619 -0.05038452 10.057907
01-09 14:41:42.733 I/System.out( 6343): Values: -0.33024597 -0.036102295 10.01506
01-09 14:41:43.734 I/System.out( 6343): Values: -0.30168152 -0.08609009 10.017441
01-09 14:41:44.735 I/System.out( 6343): Values: -0.30882263 -0.05038452 10.119797
01-09 14:41:45.726 I/System.out( 6343): Values: -0.2778778 -0.009918213 10.017441
01-09 14:41:46.736 I/System.out( 6343): Values: -0.2945404 -0.057525635 10.081711
01-09 14:41:47.727 I/System.out( 6343): Values: -0.30882263 -0.04324341 10.050766
01-09 14:41:48.728 I/System.out( 6343): Values: -0.29216003 -0.038482666 10.093613
01-09 14:41:49.729 I/System.out( 6343): Values: -0.29692078 -0.059906006 10.057907
01-09 14:41:50.730 I/System.out( 6343): Values: -0.2707367 -0.04562378 10.050766
01-09 14:41:51.731 I/System.out( 6343): Values: -0.2873993 -0.036102295 10.095993
01-09 14:41:52.732 I/System.out( 6343): Values: -0.30644226 -0.052764893 10.091232
01-09 14:41:53.733 I/System.out( 6343): Values: -0.29930115 -0.04800415 10.053146
01-09 14:41:54.734 I/System.out( 6343): Values: -0.2873993 -0.09085083 10.038864
01-09 14:41:55.725 I/System.out( 6343): Values: -0.3445282 -0.08370972 10.069809
01-09 14:41:56.736 I/System.out( 6343): Values: -0.2945404 -0.062286377 10.0412445
01-09 14:41:57.737 I/System.out( 6343): Values: -0.31596375 -0.062286377 10.065048
01-09 14:41:58.738 I/System.out( 6343): Values: -0.38261414 -0.09085083 10.053146
01-09 14:41:59.739 I/System.out( 6343): Values: -0.3040619 -0.08370972 10.034103
01-09 14:42:00.740 I/System.out( 6343): Values: -0.27549744 -0.031341553 10.065048
01-09 14:42:01.741 I/System.out( 6343): Values: -0.29692078 -0.057525635 10.067429
01-09 14:42:02.742 I/System.out( 6343): Values: -0.311203 -0.062286377 10.060287
01-09 14:42:03.743 I/System.out( 6343): Values: -0.29930115 -0.0765686 10.046005
01-09 14:42:04.744 I/System.out( 6343): Values: -0.31358337 -0.10751343 10.081711
01-09 14:42:05.745 I/System.out( 6343): Values: -0.30882263 -0.04324341 10.105515
01-09 14:42:06.736 I/System.out( 6343): Values: -0.311203 -0.08609009 10.050766
01-09 14:42:07.737 I/System.out( 6343): Values: -0.32310486 -0.033721924 10.129318
01-09 14:42:08.738 I/System.out( 6343): Values: -0.28977966 -0.04324341 10.091232
01-09 14:42:09.739 I/System.out( 6343): Values: -0.3445282 -0.06704712 10.019821
01-09 14:42:10.740 I/System.out( 6343): Values: -0.30644226 -0.062286377 10.0412445
01-09 14:42:11.741 I/System.out( 6343): Values: -0.27549744 -0.07418823 10.105515
01-09 14:42:12.742 I/System.out( 6343): Values: -0.33262634 -0.04562378 10.024582
01-09 14:42:13.743 I/System.out( 6343): Values: -0.28501892 -0.04324341 10.07933
01-09 14:42:14.744 I/System.out( 6343): Values: -0.30644226 -0.028961182 10.065048
01-09 14:42:15.745 I/System.out( 6343): Values: -0.28977966 -0.059906006 10.048386
01-09 14:42:16.746 I/System.out( 6343): Values: -0.30644226 -0.055145264 10.095993
01-09 14:42:17.737 I/System.out( 6343): Values: -0.32548523 -0.07180786 10.024582
01-09 14:42:18.738 I/System.out( 6343): Values: -0.32310486 -0.07418823 10.036484
01-09 14:42:19.739 I/System.out( 6343): Values: -0.2873993 -0.11703491 10.031723
01-09 14:42:20.740 I/System.out( 6343): Values: -0.31596375 -0.09799194 10.031723
01-09 14:42:21.741 I/System.out( 6343): Values: -0.29930115 -0.04324341 10.07457
01-09 14:42:22.742 I/System.out( 6343): Values: -0.34690857 -0.059906006 10.055527
01-09 14:42:23.743 I/System.out( 6343): Values: -0.32310486 -0.057525635 10.086472
01-09 14:42:24.744 I/System.out( 6343): Values: -0.33976746 -0.033721924 10.07457
01-09 14:42:25.745 I/System.out( 6343): Values: -0.2707367 -0.078948975 10.034103
01-09 14:42:26.746 I/System.out( 6343): Values: -0.33024597 -0.036102295 10.060287
01-09 14:42:27.736 I/System.out( 6343): Values: -0.2612152 -0.078948975 10.117416
01-09 14:42:28.737 I/System.out( 6343): Values: -0.28025818 -0.1265564 10.103134
01-09 14:42:29.748 I/System.out( 6343): Values: -0.31596375 -0.081329346 10.13884
01-09 14:42:30.749 I/System.out( 6343): Values: -0.31834412 -0.04800415 10.07695
01-09 14:42:31.750 I/System.out( 6343): Values: -0.29692078 -0.055145264 10.038864
01-09 14:42:32.751 I/System.out( 6343): Values: -0.30644226 -0.06466675 10.084091
01-09 14:42:33.752 I/System.out( 6343): Values: -0.3278656 -0.08609009 9.986496
01-09 14:42:34.753 I/System.out( 6343): Values: -0.32310486 -0.059906006 10.024582
01-09 14:42:35.754 I/System.out( 6343): Values: -0.33976746 -0.04324341 10.019821
01-09 14:42:36.745 I/System.out( 6343): Values: -0.31834412 -0.031341553 10.01268
01-09 14:42:37.746 I/System.out( 6343): Values: -0.28501892 -0.033721924 10.038864
01-09 14:42:38.757 I/System.out( 6343): Values: -0.2540741 -0.062286377 10.091232
01-09 14:42:39.748 I/System.out( 6343): Values: -0.2873993 -0.06704712 10.022202
01-09 14:42:40.749 I/System.out( 6343): Values: -0.28263855 -0.059906006 10.07457
01-09 14:42:41.750 I/System.out( 6343): Values: -0.33976746 -0.059906006 10.046005
01-09 14:42:42.751 I/System.out( 6343): Values: -0.3040619 -0.040863037 10.022202
01-09 14:42:43.752 I/System.out( 6343): Values: -0.31596375 -0.06466675 10.031723
01-09 14:42:44.753 I/System.out( 6343): Values: -0.29692078 -0.06704712 10.065048
01-09 14:42:45.754 I/System.out( 6343): Values: -0.29692078 -0.078948975 10.069809
01-09 14:42:46.765 I/System.out( 6343): Values: -0.31834412 -0.052764893 9.993637
01-09 14:42:47.756 I/System.out( 6343): Values: -0.28977966 -0.06704712 10.072189
01-09 14:42:48.757 I/System.out( 6343): Values: -0.33262634 -0.06466675 10.046005
01-09 14:42:49.758 I/System.out( 6343): Values: -0.2945404 -0.028961182 10.036484
01-09 14:42:50.759 I/System.out( 6343): Values: -0.32310486 -0.033721924 10.095993
01-09 14:42:51.760 I/System.out( 6343): Values: -0.3278656 -0.06466675 10.022202
01-09 14:42:52.761 I/System.out( 6343): Values: -0.29692078 -0.02658081 10.069809
01-09 14:42:53.762 I/System.out( 6343): Values: -0.311203 -0.036102295 10.095993
01-09 14:42:54.763 I/System.out( 6343): Values: -0.31358337 -0.059906006 10.069809
01-09 14:42:55.764 I/System.out( 6343): Values: -0.31596375 -0.019439697 10.038864
01-09 14:42:56.765 I/System.out( 6343): Values: -0.32310486 0.01626587 10.0412445
