--------- beginning of /dev/log/main
01-07 13:08:19.360 D/AndroidRuntime( 3835): 
01-07 13:08:19.360 D/AndroidRuntime( 3835): >>>>>> AndroidRuntime START com.android.internal.os.RuntimeInit <<<<<<
01-07 13:08:19.370 D/AndroidRuntime( 3835): CheckJNI is OFF
01-07 13:08:19.370 D/dalvikvm( 3835): Trying to load lib libjavacore.so 0x0
01-07 13:08:19.380 D/dalvikvm( 3835): Added shared lib libjavacore.so 0x0
01-07 13:08:19.390 D/dalvikvm( 3835): Trying to load lib libnativehelper.so 0x0
01-07 13:08:19.390 D/dalvikvm( 3835): Added shared lib libnativehelper.so 0x0
01-07 13:08:19.510 D/AndroidRuntime( 3835): Calling main entry com.android.commands.pm.Pm
--------- beginning of /dev/log/system
01-07 13:08:19.520 I/ActivityManager(  523): Start proc com.android.defcontainer for service com.android.defcontainer/.DefaultContainerService: pid=3849 uid=10013 gids={50013, 1015, 1023, 2001, 1028}
01-07 13:08:19.560 W/ActivityManager(  523): No content provider found for permission revoke: file:///data/local/tmp/EnergyMeasurementAccelerometer.apk
01-07 13:08:19.570 I/ActivityManager(  523): Start proc com.android.vending for broadcast com.android.vending/com.google.android.vending.verifier.PackageVerificationReceiver: pid=3862 uid=10049 gids={50049, 3003, 1015, 1028}
01-07 13:08:19.660 D/Finsky  ( 3862): [1] FinskyApp.onCreate: Initializing network with DFE https://android.clients.google.com/fdfe/
01-07 13:08:19.680 D/Finsky  ( 3862): [1] DailyHygiene.goMakeHygieneIfDirty: Dirty, need more hygiene.
01-07 13:08:19.700 D/dalvikvm( 3862): GC_CONCURRENT freed 319K, 4% free 9057K/9412K, paused 2ms+2ms, total 23ms
01-07 13:08:19.720 W/Settings( 3862): Setting download_manager_max_bytes_over_mobile has moved from android.provider.Settings.Secure to android.provider.Settings.Global.
01-07 13:08:19.720 W/Settings( 3862): Setting download_manager_recommended_max_bytes_over_mobile has moved from android.provider.Settings.Secure to android.provider.Settings.Global.
01-07 13:08:19.720 W/Finsky  ( 3862): [1] FinskyApp.getCurrentAccount: No account configured on this device.
01-07 13:08:19.730 W/Finsky  ( 3862): [1] FinskyApp.getDfeApi: No account configured on this device.
01-07 13:08:19.730 D/Finsky  ( 3862): [1] PackageVerificationReceiver.checkPrerequisites: Skipping verification because network inactive
01-07 13:08:19.730 D/Finsky  ( 3862): [1] PackageVerificationReceiver.checkPrerequisites: Skipping verification because network inactive
01-07 13:08:19.740 W/ActivityManager(  523): No content provider found for permission revoke: file:///data/local/tmp/EnergyMeasurementAccelerometer.apk
01-07 13:08:19.740 I/PackageManager(  523): Copying native libraries to /data/app-lib/vmdl452456971
01-07 13:08:19.740 W/PackageManager(  523): Invalid verification token 2 received
01-07 13:08:19.760 D/Finsky  ( 3862): [1] GmsCoreHelper.cleanupNlp: result=false type=4
01-07 13:08:19.781 I/ActivityManager(  523): Force stopping package uk.ac.st_andrews.cs.host.mk74.energymeasurement.accelerometer appid=10071 user=-1
01-07 13:08:19.881 I/PackageManager(  523): Running dexopt on: uk.ac.st_andrews.cs.host.mk74.energymeasurement.accelerometer
01-07 13:08:19.881 I/PackageManager(  523): Package uk.ac.st_andrews.cs.host.mk74.energymeasurement.accelerometer codePath changed from /data/app/uk.ac.st_andrews.cs.host.mk74.energymeasurement.accelerometer-2.apk to /data/app/uk.ac.st_andrews.cs.host.mk74.energymeasurement.accelerometer-1.apk; Retaining data and using new
01-07 13:08:20.141 D/dalvikvm( 3894): DexOpt: load 43ms, verify+opt 162ms, 957308 bytes
01-07 13:08:20.191 W/PackageManager(  523): Code path for pkg : uk.ac.st_andrews.cs.host.mk74.energymeasurement.accelerometer changing from /data/app/uk.ac.st_andrews.cs.host.mk74.energymeasurement.accelerometer-2.apk to /data/app/uk.ac.st_andrews.cs.host.mk74.energymeasurement.accelerometer-1.apk
01-07 13:08:20.191 I/ActivityManager(  523): Force stopping package uk.ac.st_andrews.cs.host.mk74.energymeasurement.accelerometer appid=10071 user=-1
01-07 13:08:20.191 W/PackageManager(  523): Resource path for pkg : uk.ac.st_andrews.cs.host.mk74.energymeasurement.accelerometer changing from /data/app/uk.ac.st_andrews.cs.host.mk74.energymeasurement.accelerometer-2.apk to /data/app/uk.ac.st_andrews.cs.host.mk74.energymeasurement.accelerometer-1.apk
01-07 13:08:20.341 I/ActivityManager(  523): Force stopping package uk.ac.st_andrews.cs.host.mk74.energymeasurement.accelerometer appid=10071 user=0
01-07 13:08:20.361 I/InputReader(  523): Reconfiguring input devices.  changes=0x00000010
01-07 13:08:20.381 D/dalvikvm(  772): GC_EXPLICIT freed 894K, 19% free 17139K/20976K, paused 1ms+3ms, total 42ms
01-07 13:08:20.401 D/dalvikvm(  523): GC_CONCURRENT freed 2019K, 21% free 17667K/22172K, paused 2ms+15ms, total 90ms
01-07 13:08:20.411 D/dalvikvm(  523): WAIT_FOR_CONCURRENT_GC blocked 33ms
01-07 13:08:20.411 D/dalvikvm(  523): WAIT_FOR_CONCURRENT_GC blocked 32ms
01-07 13:08:20.411 D/dalvikvm(  523): WAIT_FOR_CONCURRENT_GC blocked 32ms
01-07 13:08:20.411 D/dalvikvm(  523): WAIT_FOR_CONCURRENT_GC blocked 33ms
01-07 13:08:20.411 I/ActivityManager(  523): Start proc android.process.acore for broadcast com.android.providers.contacts/.PackageIntentReceiver: pid=3895 uid=10000 gids={50000, 3003, 1015, 1028}
01-07 13:08:20.411 W/ActivityManager(  523): Skipping broadcast of Intent { act=android.intent.action.PACKAGE_REMOVED dat=package:uk.ac.st_andrews.cs.host.mk74.energymeasurement.accelerometer flg=0x8000010 (has extras) }: user 10 is stopped
01-07 13:08:20.431 W/ActivityManager(  523): Skipping broadcast of Intent { act=android.intent.action.PACKAGE_ADDED dat=package:uk.ac.st_andrews.cs.host.mk74.energymeasurement.accelerometer flg=0x8000010 (has extras) }: user 10 is stopped
01-07 13:08:20.441 I/Launcher(  772): Deferring update until onResume
01-07 13:08:20.451 I/InputReader(  523): Reconfiguring input devices.  changes=0x00000010
01-07 13:08:20.461 W/ActivityManager(  523): Skipping broadcast of Intent { act=android.intent.action.PACKAGE_REPLACED dat=package:uk.ac.st_andrews.cs.host.mk74.energymeasurement.accelerometer flg=0x8000010 (has extras) }: user 10 is stopped
01-07 13:08:20.461 W/ActivityManager(  523): Skipping broadcast of Intent { act=android.intent.action.MY_PACKAGE_REPLACED flg=0x8000010 pkg=uk.ac.st_andrews.cs.host.mk74.energymeasurement.accelerometer (has extras) }: user 10 is stopped
01-07 13:08:20.471 I/Launcher(  772): Deferring update until onResume
01-07 13:08:20.501 D/BackupManagerService(  523): Received broadcast Intent { act=android.intent.action.PACKAGE_REMOVED dat=package:uk.ac.st_andrews.cs.host.mk74.energymeasurement.accelerometer flg=0x8000010 (has extras) }
01-07 13:08:20.511 D/BackupManagerService(  523): Received broadcast Intent { act=android.intent.action.PACKAGE_ADDED dat=package:uk.ac.st_andrews.cs.host.mk74.energymeasurement.accelerometer flg=0x8000010 (has extras) }
01-07 13:08:20.521 V/BackupManagerService(  523): removePackageParticipantsLocked: uid=10071 #1
01-07 13:08:20.521 V/BackupManagerService(  523): addPackageParticipantsLocked: #1
01-07 13:08:20.531 D/dalvikvm( 3895): GC_CONCURRENT freed 211K, 3% free 9100K/9348K, paused 2ms+5ms, total 28ms
01-07 13:08:20.541 D/dalvikvm(  754): GC_CONCURRENT freed 525K, 6% free 9250K/9812K, paused 2ms+1ms, total 21ms
01-07 13:08:20.551 I/ActivityManager(  523): Start proc com.android.keychain for broadcast com.android.keychain/.KeyChainBroadcastReceiver: pid=3920 uid=1000 gids={41000, 1015, 1028, 3002, 3001, 3003, 3007}
01-07 13:08:20.561 D/dalvikvm(  523): GC_EXPLICIT freed 476K, 21% free 17545K/22172K, paused 11ms+9ms, total 97ms
01-07 13:08:20.571 D/AndroidRuntime( 3835): Shutting down VM
01-07 13:08:20.581 D/jdwp    ( 3835): Got wake-up signal, bailing out of select
01-07 13:08:20.581 D/dalvikvm( 3835): Debugger has detached; object registry had 1 entries
01-07 13:08:20.581 W/ContextImpl( 3920): Calling a method in the system process without a qualified user: android.app.ContextImpl.startService:1385 android.content.ContextWrapper.startService:473 android.content.ContextWrapper.startService:473 com.android.keychain.KeyChainBroadcastReceiver.onReceive:12 android.app.ActivityThread.handleReceiver:2424 
01-07 13:08:20.611 I/ActivityManager(  523): Start proc com.android.musicfx for broadcast com.android.musicfx/.Compatibility$Receiver: pid=3933 uid=10042 gids={50042, 3003, 3002, 1028}
01-07 13:08:20.621 D/dalvikvm(  178): GC_EXPLICIT freed 40K, 1% free 8863K/8944K, paused 1ms+2ms, total 20ms
01-07 13:08:20.631 D/dalvikvm(  178): GC_EXPLICIT freed <1K, 1% free 8863K/8944K, paused 1ms+1ms, total 16ms
01-07 13:08:20.641 I/ContactLocale( 3895): AddressBook Labels [en_US]: [, A, B, C, D, E, F, G, H, I, J, K, L, M, N, O, P, Q, R, S, T, U, V, W, X, Y, Z, Α, Β, Γ, Δ, Ε, Ζ, Η, Θ, Ι, Κ, Λ, Μ, Ν, Ξ, Ο, Π, Ρ, Σ, Τ, Υ, Φ, Χ, Ψ, Ω, , А, Б, В, Г, Д, Е, Є, Ж, З, И, І, Ї, Й, К, Л, М, Н, О, П, Р, С, Т, У, Ф, Х, Ц, Ч, Ш, Щ, Ю, Я, , א, ב, ג, ד, ה, ו, ז, ח, ט, י, כ, ל, מ, נ, ס, ע, פ, צ, ק, ר, ש, ת, , ا, ب, ت, ث, ج, ح, خ, د, ذ, ر, ز, س, ش, ص, ض, ط, ظ, ع, غ, ف, ق, ك, ل, م, ن, ه, و, ي, , ก, ข, ฃ, ค, ฅ, ฆ, ง, จ, ฉ, ช, ซ, ฌ, ญ, ฎ, ฏ, ฐ, ฑ, ฒ, ณ, ด, ต, ถ, ท, ธ, น, บ, ป, ผ, ฝ, พ, ฟ, ภ, ม, ย, ร, ฤ, ล, ฦ, ว, ศ, ษ, ส, ห, ฬ, อ, ฮ, , ㄱ, ㄴ, ㄷ, ㄹ, ㅁ, ㅂ, ㅅ, ㅇ, ㅈ, ㅊ, ㅋ, ㅌ, ㅍ, ㅎ, , あ, か, さ, た, な, は, ま, や, ら, わ, #, ]
01-07 13:08:20.651 D/dalvikvm(  178): GC_EXPLICIT freed <1K, 1% free 8863K/8944K, paused 1ms+2ms, total 16ms
01-07 13:08:20.651 I/ActivityManager(  523): Start proc com.google.android.gms for broadcast com.google.android.gms/.games.receiver.GamesSystemBroadcastReceiver: pid=3948 uid=10021 gids={50021, 3003, 1007, 1028, 1015, 1006, 2001, 3006}
01-07 13:08:20.741 I/ActivityManager(  523): Start proc com.google.android.googlequicksearchbox for broadcast com.google.android.googlequicksearchbox/com.google.android.apps.sidekick.GmmLocationProviderImpl$GmmPackageWatcher: pid=3968 uid=10057 gids={50057, 3003, 1028, 3002, 1015}
01-07 13:08:20.772 D/dalvikvm( 3948): GC_CONCURRENT freed 275K, 4% free 9021K/9336K, paused 2ms+2ms, total 27ms
01-07 13:08:20.802 D/dalvikvm( 3948): No JNI_OnLoad found in /system/lib/libAppDataSearch.so 0x4214eff8, skipping init
01-07 13:08:20.802 D/Icing   ( 3948): Init last flush num docs 53 last docstore size 14336
01-07 13:08:20.802 D/Icing   ( 3948): Docid map file has data, scanning...
01-07 13:08:20.802 D/Icing   ( 3948): Scanning /data/data/com.google.android.gms/files/AppDataSearch/main/cur/ds.docids found 122 documents, last docstore location 32512
01-07 13:08:20.802 D/Icing   ( 3948): File /data/data/com.google.android.gms/files/AppDataSearch/main/cur/ds.perdocdata contains 122 records of size 6
01-07 13:08:20.802 I/ActivityManager(  523): Start proc com.google.android.partnersetup for content provider com.google.android.partnersetup/.RlzAppProvider: pid=3992 uid=10026 gids={50026, 3003, 1028}
01-07 13:08:20.822 D/Icing   ( 3948): Corpus scoring data inited successfully num corpora 1
01-07 13:08:20.822 D/Icing   ( 3948): Init docstore ok num docs 122 bytes 33024
01-07 13:08:20.822 V/Icing   ( 3948): Lite index crc computed in 0.061ms
01-07 13:08:20.822 V/Icing   ( 3948): Lite index init ok in 2.747ms
01-07 13:08:20.832 D/Icing   ( 3948): Lite index recovered docid (52, 121]
01-07 13:08:20.832 V/Icing   ( 3948): Warming lite-index took 0.000ms
01-07 13:08:20.832 V/Icing   ( 3948): Warming lexicon took 0.000ms
01-07 13:08:20.832 V/Icing   ( 3948): Warming display mappings took 0.031ms
01-07 13:08:20.832 D/Icing   ( 3948): Init index ok num docs 122
01-07 13:08:20.832 D/Icing   ( 3948): Init done
01-07 13:08:20.862 D/dalvikvm( 3968): GC_CONCURRENT freed 262K, 4% free 9114K/9412K, paused 4ms+1ms, total 31ms
01-07 13:08:20.862 D/dalvikvm( 3968): WAIT_FOR_CONCURRENT_GC blocked 4ms
01-07 13:08:20.862 D/dalvikvm( 3968): WAIT_FOR_CONCURRENT_GC blocked 4ms
01-07 13:08:20.872 I/Icing   ( 3948): 0 corpora need re-polling
01-07 13:08:20.872 W/GAV2    ( 3968): Thread[main,5,main]: Need to call initialize() and be in fallback mode to start dispatch.
01-07 13:08:20.892 I/PeopleDatabaseHelper( 3948): cleanUpNonGplusAccounts done.
01-07 13:08:20.932 D/dalvikvm( 3948): GC_CONCURRENT freed 271K, 4% free 9162K/9472K, paused 2ms+6ms, total 32ms
01-07 13:08:20.992 I/ActivityManager(  523): Start proc com.google.android.talk for broadcast com.google.android.talk/com.google.android.apps.babel.phone.PackageReplacedReceiver: pid=4044 uid=10030 gids={50030, 3003, 1015, 1006, 3002, 1028}
01-07 13:08:21.062 D/dalvikvm( 4044): GC_CONCURRENT freed 331K, 4% free 8980K/9348K, paused 3ms+2ms, total 20ms
01-07 13:08:21.062 W/Settings( 4044): Setting airplane_mode_on has moved from android.provider.Settings.System to android.provider.Settings.Global, returning read-only value.
01-07 13:08:21.082 D/AndroidRuntime( 4029): 
01-07 13:08:21.082 D/AndroidRuntime( 4029): >>>>>> AndroidRuntime START com.android.internal.os.RuntimeInit <<<<<<
01-07 13:08:21.082 D/AndroidRuntime( 4029): CheckJNI is OFF
01-07 13:08:21.082 D/dalvikvm( 4029): Trying to load lib libjavacore.so 0x0
01-07 13:08:21.092 D/dalvikvm( 4029): Added shared lib libjavacore.so 0x0
01-07 13:08:21.102 D/dalvikvm( 4029): Trying to load lib libnativehelper.so 0x0
01-07 13:08:21.102 D/dalvikvm( 4029): Added shared lib libnativehelper.so 0x0
01-07 13:08:21.142 D/dalvikvm( 3968): GC_CONCURRENT freed 238K, 3% free 9279K/9556K, paused 9ms+1ms, total 27ms
01-07 13:08:21.152 I/GCoreUlr(  711): Ensuring that reporting is stopped because of reasons: (no Google accounts)
01-07 13:08:21.152 D/dalvikvm(  804): GC_EXPLICIT freed 136K, 5% free 9403K/9812K, paused 2ms+2ms, total 22ms
01-07 13:08:21.152 D/GCoreFlp(  711): Unknown pending intent to remove.
01-07 13:08:21.152 I/GCoreUlr(  711): Unbound from all location providers
01-07 13:08:21.172 W/GAV2    ( 3968): Thread[Thread-248,5,main]: dispatch call queued.  Need to call GAServiceManager.getInstance().initialize().
01-07 13:08:21.172 I/Velvet.VelvetFactory( 3968): refreshing search history.
01-07 13:08:21.182 I/Recovery( 3948): Received: Intent { act=com.google.android.gms.INITIALIZE flg=0x10 pkg=com.google.android.gms cmp=com.google.android.gms/.recovery.AccountRecoveryBackgroundService$Receiver }
01-07 13:08:21.182 I/ActivityManager(  523): Start proc com.google.android.gsf.login for service com.google.android.gms/.recovery.AccountRecoveryBackgroundService: pid=4102 uid=10021 gids={50021, 3003, 1007, 1028, 1015, 1006, 2001, 3006}
01-07 13:08:21.192 D/GCM     (  804): GcmService start Intent { act=com.google.android.gms.INITIALIZE flg=0x10 pkg=com.google.android.gms cmp=com.google.android.gms/.gcm.GcmService } com.google.android.gms.INITIALIZE
01-07 13:08:21.212 W/Sidekick_LocationOracleImpl( 3968): Best location was null
01-07 13:08:21.222 E/Velvet.VelvetBackgroundTasksImpl( 3968): Background task refresh_search_history failed
01-07 13:08:21.222 E/Velvet.VelvetBackgroundTasksImpl( 3968): java.lang.NullPointerException
01-07 13:08:21.222 E/Velvet.VelvetBackgroundTasksImpl( 3968): 	at com.google.common.base.Preconditions.checkNotNull(Preconditions.java:187)
01-07 13:08:21.222 E/Velvet.VelvetBackgroundTasksImpl( 3968): 	at com.google.android.apps.sidekick.LocationOracleImpl.getBgHandler(LocationOracleImpl.java:280)
01-07 13:08:21.222 E/Velvet.VelvetBackgroundTasksImpl( 3968): 	at com.google.android.apps.sidekick.LocationOracleImpl.requestRecentLocation(LocationOracleImpl.java:568)
01-07 13:08:21.222 E/Velvet.VelvetBackgroundTasksImpl( 3968): 	at com.google.android.searchcommon.google.complete.AndroidProxySuggestionFetcher.fetch(AndroidProxySuggestionFetcher.java:82)
01-07 13:08:21.222 E/Velvet.VelvetBackgroundTasksImpl( 3968): 	at com.google.android.searchcommon.google.complete.CompleteServerClient.query(CompleteServerClient.java:91)
01-07 13:08:21.222 E/Velvet.VelvetBackgroundTasksImpl( 3968): 	at com.google.android.searchcommon.google.AbstractGoogleWebSource.doQueryInternal(AbstractGoogleWebSource.java:61)
01-07 13:08:21.222 E/Velvet.VelvetBackgroundTasksImpl( 3968): 	at com.google.android.searchcommon.google.AbstractGoogleSource.getSuggestions(AbstractGoogleSource.java:65)
01-07 13:08:21.222 E/Velvet.VelvetBackgroundTasksImpl( 3968): 	at com.google.android.searchcommon.google.WebSuggestSourceWrapper.getSuggestions(WebSuggestSourceWrapper.java:55)
01-07 13:08:21.222 E/Velvet.VelvetBackgroundTasksImpl( 3968): 	at com.google.android.searchcommon.google.WebSuggestSourceWithLocalHistory.getSuggestions(WebSuggestSourceWithLocalHistory.java:111)
01-07 13:08:21.222 E/Velvet.VelvetBackgroundTasksImpl( 3968): 	at com.google.android.searchcommon.google.WebSuggestSourceWrapper.getSuggestions(WebSuggestSourceWrapper.java:55)
01-07 13:08:21.222 E/Velvet.VelvetBackgroundTasksImpl( 3968): 	at com.google.android.searchcommon.google.ZeroQueryCachingWebSuggestSource.getSuggestions(ZeroQueryCachingWebSuggestSource.java:105)
01-07 13:08:21.222 E/Velvet.VelvetBackgroundTasksImpl( 3968): 	at com.google.android.searchcommon.google.WebSuggestSourceWrapper.getSuggestions(WebSuggestSourceWrapper.java:55)
01-07 13:08:21.222 E/Velvet.VelvetBackgroundTasksImpl( 3968): 	at com.google.android.searchcommon.google.DeletedQueryRemovingSourceWrapper.getSuggestions(DeletedQueryRemovingSourceWrapper.java:48)
01-07 13:08:21.222 E/Velvet.VelvetBackgroundTasksImpl( 3968): 	at com.google.android.velvet.VelvetFactory$1.call(VelvetFactory.java:559)
01-07 13:08:21.222 E/Velvet.VelvetBackgroundTasksImpl( 3968): 	at com.google.android.velvet.VelvetFactory$1.call(VelvetFactory.java:555)
01-07 13:08:21.222 E/Velvet.VelvetBackgroundTasksImpl( 3968): 	at java.util.concurrent.FutureTask.run(FutureTask.java:234)
01-07 13:08:21.222 E/Velvet.VelvetBackgroundTasksImpl( 3968): 	at com.google.android.searchcommon.util.NamingTaskExecutor$1.run(NamingTaskExecutor.java:50)
01-07 13:08:21.222 E/Velvet.VelvetBackgroundTasksImpl( 3968): 	at java.util.concurrent.Executors$RunnableAdapter.call(Executors.java:390)
01-07 13:08:21.222 E/Velvet.VelvetBackgroundTasksImpl( 3968): 	at java.util.concurrent.FutureTask.run(FutureTask.java:234)
01-07 13:08:21.222 E/Velvet.VelvetBackgroundTasksImpl( 3968): 	at java.util.concurrent.ScheduledThreadPoolExecutor$ScheduledFutureTask.access$201(ScheduledThreadPoolExecutor.java:153)
01-07 13:08:21.222 E/Velvet.VelvetBackgroundTasksImpl( 3968): 	at java.util.concurrent.ScheduledThreadPoolExecutor$ScheduledFutureTask.run(ScheduledThreadPoolExecutor.java:267)
01-07 13:08:21.222 E/Velvet.VelvetBackgroundTasksImpl( 3968): 	at java.util.concurrent.ThreadPoolExecutor.runWorker(ThreadPoolExecutor.java:1080)
01-07 13:08:21.222 E/Velvet.VelvetBackgroundTasksImpl( 3968): 	at java.util.concurrent.ThreadPoolExecutor$Worker.run(ThreadPoolExecutor.java:573)
01-07 13:08:21.222 E/Velvet.VelvetBackgroundTasksImpl( 3968): 	at java.lang.Thread.run(Thread.java:841)
01-07 13:08:21.222 E/Velvet.VelvetBackgroundTasksImpl( 3968): 	at com.google.android.searchcommon.util.PriorityThreadFactory$1.run(PriorityThreadFactory.java:49)
01-07 13:08:21.222 D/AndroidRuntime( 4029): Calling main entry com.android.commands.am.Am
01-07 13:08:21.222 D/dalvikvm( 4029): Note: class Landroid/app/ActivityManagerNative; has 163 unimplemented (abstract) methods
01-07 13:08:21.232 I/ActivityManager(  523): START u0 {act=android.intent.action.MAIN cat=[android.intent.category.LAUNCHER] flg=0x10000000 cmp=uk.ac.st_andrews.cs.host.mk74.energymeasurement.accelerometer/.MainActivity} from pid 4029
01-07 13:08:21.242 D/dalvikvm( 4121): Late-enabling CheckJNI
01-07 13:08:21.242 D/AndroidRuntime( 4029): Shutting down VM
01-07 13:08:21.242 I/ActivityManager(  523): Start proc uk.ac.st_andrews.cs.host.mk74.energymeasurement.accelerometer for activity uk.ac.st_andrews.cs.host.mk74.energymeasurement.accelerometer/.MainActivity: pid=4121 uid=10071 gids={50071, 1028}
01-07 13:08:21.252 D/jdwp    ( 4029): Got wake-up signal, bailing out of select
01-07 13:08:21.252 D/dalvikvm( 4029): Debugger has detached; object registry had 1 entries
01-07 13:08:21.252 I/Recovery( 3948): Received: Intent { act=com.google.android.gms.INITIALIZE flg=0x10 pkg=com.google.android.gms cmp=com.google.android.gms/.recovery.AccountRecoveryBackgroundService$Receiver }
01-07 13:08:21.262 E/jdwp    ( 4121): Failed sending reply to debugger: Broken pipe
01-07 13:08:21.262 D/dalvikvm( 4121): Debugger has detached; object registry had 1 entries
01-07 13:08:21.272 D/GCM     (  804): GcmService start Intent { act=com.google.android.gms.INITIALIZE flg=0x10 pkg=com.google.android.gms cmp=com.google.android.gms/.gcm.GcmService } com.google.android.gms.INITIALIZE
01-07 13:08:21.282 I/ActivityManager(  523): No longer want com.android.bluetooth (pid 3083): empty #17
01-07 13:08:21.292 D/BluetoothTethering(  523): got CMD_CHANNEL_DISCONNECTED
01-07 13:08:21.292 E/BluetoothTethering(  523): attempted to stop reverse tether with nothing tethered
01-07 13:08:21.332 D/dalvikvm( 4044): GC_CONCURRENT freed 345K, 5% free 9032K/9416K, paused 1ms+3ms, total 12ms
01-07 13:08:21.362 D/dalvikvm(  804): null clazz in OP_INSTANCE_OF, single-stepping
01-07 13:08:21.362 D/libEGL  ( 4121): loaded /system/lib/egl/libEGL_adreno200.so
01-07 13:08:21.372 D/libEGL  ( 4121): loaded /system/lib/egl/libGLESv1_CM_adreno200.so
01-07 13:08:21.372 D/libEGL  ( 4121): loaded /system/lib/egl/libGLESv2_adreno200.so
01-07 13:08:21.372 I/Adreno200-EGL( 4121): <qeglDrvAPI_eglInitialize:265>: EGL 1.4 QUALCOMM Build: Iabe52cfaeae4c5fab1acacfe6f056ba15fa93274
01-07 13:08:21.402 D/OpenGLRenderer( 4121): Enabling debug mode 0
01-07 13:08:21.482 I/ActivityManager(  523): Displayed uk.ac.st_andrews.cs.host.mk74.energymeasurement.accelerometer/.MainActivity: +251ms
01-07 13:08:21.512 D/dalvikvm( 3895): GC_CONCURRENT freed 193K, 3% free 9355K/9588K, paused 1ms+1ms, total 14ms
01-07 13:08:22.223 W/ActivityManager(  523): Permission denied: checkComponentPermission() owningUid=10057
01-07 13:08:22.223 W/ActivityManager(  523): Permission denied: checkComponentPermission() owningUid=10057
01-07 13:08:22.253 W/ActivityManager(  523): Permission denied: checkComponentPermission() owningUid=10057
01-07 13:08:22.253 W/ActivityManager(  523): Permission denied: checkComponentPermission() owningUid=10057
01-07 13:08:22.263 W/ActivityManager(  523): Permission denied: checkComponentPermission() owningUid=10057
01-07 13:08:22.263 W/ActivityManager(  523): Permission denied: checkComponentPermission() owningUid=10057
01-07 13:08:22.283 W/ActivityManager(  523): Permission denied: checkComponentPermission() owningUid=10057
01-07 13:08:22.283 W/ActivityManager(  523): Permission denied: checkComponentPermission() owningUid=10057
01-07 13:08:22.293 I/System.out( 4121): Values: 1.240799 -0.02658081 9.869858
01-07 13:08:22.333 D/dalvikvm( 3948): GC_CONCURRENT freed 335K, 4% free 9219K/9596K, paused 6ms+3ms, total 28ms
01-07 13:08:22.343 W/ActivityManager(  523): Permission denied: checkComponentPermission() owningUid=10057
01-07 13:08:22.343 W/ActivityManager(  523): Permission denied: checkComponentPermission() owningUid=10057
01-07 13:08:22.353 W/ActivityManager(  523): Permission denied: checkComponentPermission() owningUid=10057
01-07 13:08:22.353 W/ActivityManager(  523): Permission denied: checkComponentPermission() owningUid=10057
01-07 13:08:22.643 I/PowerManagerService(  523): Waking up from sleep...
01-07 13:08:22.673 I/WindowManager(  523): Lock screen displayed!
01-07 13:08:22.683 D/audio_hw_primary(  180): adev_set_parameters: enter: screen_state=on
01-07 13:08:22.683 D/audio_hw_primary(  180): adev_set_parameters: exit with code(-2)
01-07 13:08:22.733 D/SurfaceFlinger(  177): Screen acquired, type=0 flinger=0xb7637478
01-07 13:08:22.964 D/SurfaceControl(  523): Excessive delay in unblankDisplay() while turning screen on: 239ms
01-07 13:08:22.994 D/YouTube MDX( 3425): Recieved intent android.intent.action.SCREEN_ON
01-07 13:08:22.994 V/DigitalWidgetViewsFactory( 3584): DigitalWidget sets next alarm string to null
01-07 13:08:23.284 I/System.out( 4121): Values: 0.32911682 -0.13845825 8.782028
01-07 13:08:24.285 I/System.out( 4121): Values: -0.27549744 0.01864624 9.986496
01-07 13:08:24.355 D/audio_hw_primary(  180): start_output_stream: enter: usecase(1: low-latency-playback) devices(0x2)
01-07 13:08:24.355 D/audio_hw_primary(  180): select_devices: out_snd_device(2: speaker) in_snd_device(0: none)
01-07 13:08:24.355 D/audio_hw_primary(  180): enable_snd_device: sending audio calibration for snd_device(2) acdb_id(14)
01-07 13:08:24.355 D/ACDB-LOADER(  180): ACDB -> send_afe_cal
01-07 13:08:24.355 D/audio_hw_primary(  180): enable_snd_device: snd_device(2: speaker)
01-07 13:08:24.355 D/audio_hw_primary(  180): enable_audio_route: apply mixer path: low-latency-playback
01-07 13:08:24.365 D/PhoneStatusBar(  597): disable: < expand icons alerts ticker system_info BACK HOME recent* CLOCK search >
01-07 13:08:24.365 D/audio_hw_primary(  180): start_output_stream: exit
01-07 13:08:24.405 D/PhoneStatusBar(  597): disable: < expand icons alerts ticker system_info back* home* recent clock* search >
01-07 13:08:24.866 V/TAG     (  523): bug 7643792: fitSystemWindows([0,50][0,0])
01-07 13:08:25.286 I/System.out( 4121): Values: -0.21836853 0.021026611 9.988876
01-07 13:08:25.867 W/GAV2    ( 3968): Thread[GAThread,5,main]: Service unavailable (code=1), will retry.
01-07 13:08:25.867 I/GAV2    ( 3968): Thread[GAThread,5,main]: No campaign data found.
01-07 13:08:25.867 W/ActivityManager(  523): Unable to start service Intent { act=com.google.android.gms.analytics.service.START (has extras) } U=0: not found
01-07 13:08:26.297 I/System.out( 4121): Values: -0.40403748 0.04244995 9.991257
01-07 13:08:27.298 I/System.out( 4121): Values: 0.074417114 -1.214386 9.807968
01-07 13:08:27.608 D/audio_hw_primary(  180): out_standby: enter: usecase(1: low-latency-playback)
01-07 13:08:27.668 D/audio_hw_primary(  180): stop_output_stream: enter: usecase(1: low-latency-playback)
01-07 13:08:27.668 D/audio_hw_primary(  180): disable_audio_route: reset mixer path: low-latency-playback
01-07 13:08:27.668 D/audio_hw_primary(  180): disable_snd_device: snd_device(2: speaker)
01-07 13:08:27.678 D/audio_hw_primary(  180): stop_output_stream: exit: status(0)
01-07 13:08:27.678 D/audio_hw_primary(  180): out_standby: exit
01-07 13:08:28.319 D/dalvikvm( 4121): Debugger has detached; object registry had 1 entries
01-07 13:08:28.319 I/System.out( 4121): Values: -0.3207245 0.021026611 9.988876
01-07 13:08:28.389 D/PicasaSyncManager( 3351): battery info: false
01-07 13:08:28.409 D/PicasaUploaderSyncManager( 3380): battery info: false
01-07 13:08:29.300 I/System.out( 4121): Values: -0.31834412 0.028167725 10.081711
01-07 13:08:29.350 I/ActivityManager(  523): No longer want com.android.settings (pid 3522): empty #17
01-07 13:08:30.301 I/System.out( 4121): Values: -0.32548523 0.06863403 10.036484
01-07 13:08:30.881 W/GAV2    ( 3968): Thread[Service Reconnect,5,main]: Service unavailable (code=1), using local store.
01-07 13:08:30.881 W/ActivityManager(  523): Unable to start service Intent { act=com.google.android.gms.analytics.service.START (has extras) } U=0: not found
01-07 13:08:31.302 I/System.out( 4121): Values: -0.28025818 0.028167725 10.072189
01-07 13:08:32.303 I/System.out( 4121): Values: -0.28501892 0.06149292 10.017441
01-07 13:08:33.304 I/System.out( 4121): Values: -0.2945404 0.073394775 10.003159
01-07 13:08:34.295 I/System.out( 4121): Values: -0.29930115 0.047210693 9.924606
01-07 13:08:35.296 I/System.out( 4121): Values: -0.25645447 0.10195923 10.007919
01-07 13:08:35.546 V/DeadZone(  597): consuming errant click: (340.17856,62.57141)
01-07 13:08:35.616 V/DeadZone(  597): consuming errant click: (391.0714,46.285767)
01-07 13:08:35.726 V/DeadZone(  597): consuming errant click: (516.9643,37.714355)
01-07 13:08:35.806 V/DeadZone(  597): consuming errant click: (630.3571,28.285767)
01-07 13:08:35.956 D/dalvikvm( 3862): GC_CONCURRENT freed 198K, 3% free 9373K/9608K, paused 2ms+2ms, total 22ms
01-07 13:08:35.956 D/dalvikvm( 3862): WAIT_FOR_CONCURRENT_GC blocked 6ms
01-07 13:08:36.006 V/DeadZone(  597): consuming errant click: (636.6071,23.142822)
01-07 13:08:36.036 V/DeadZone(  597): consuming errant click: (575.0,27.428589)
01-07 13:08:36.046 D/Finsky  ( 3862): [1] 5.onFinished: Installation state replication succeeded.
01-07 13:08:36.086 V/DeadZone(  597): consuming errant click: (575.0,36.857178)
01-07 13:08:36.117 V/DeadZone(  597): consuming errant click: (630.3571,28.285767)
01-07 13:08:36.297 I/System.out( 4121): Values: 0.5028839 1.0802917 9.841293
01-07 13:08:37.298 I/System.out( 4121): Values: -2.1345673 -0.15512085 10.448288
01-07 13:08:38.299 I/System.out( 4121): Values: -0.19218445 -0.20986938 10.312607
01-07 13:08:39.300 I/System.out( 4121): Values: -0.33738708 -0.031341553 10.048386
01-07 13:08:40.301 I/System.out( 4121): Values: -0.3207245 -0.059906006 10.034103
01-07 13:08:41.302 I/System.out( 4121): Values: -0.26835632 -0.081329346 9.996017
01-07 13:08:42.303 I/System.out( 4121): Values: -0.29692078 -0.02420044 10.053146
01-07 13:08:43.294 I/System.out( 4121): Values: -0.29216003 -0.07418823 10.062668
01-07 13:08:44.294 I/System.out( 4121): Values: -0.2707367 -0.062286377 10.024582
01-07 13:08:45.305 I/System.out( 4121): Values: -0.29692078 -0.052764893 10.036484
01-07 13:08:46.306 I/System.out( 4121): Values: -0.31834412 -0.040863037 10.067429
01-07 13:08:46.687 I/EventLogService(  804): Aggregate from 1389098326586 (log), 1389098326586 (data)
01-07 13:08:46.747 I/ServiceDumpSys(  804): dumping service [account]
01-07 13:08:47.307 I/System.out( 4121): Values: -0.3040619 -0.031341553 10.055527
01-07 13:08:48.308 I/System.out( 4121): Values: -0.29930115 -0.017059326 10.224533
01-07 13:08:49.309 I/System.out( 4121): Values: -0.28263855 0.011505127 9.972214
01-07 13:08:50.310 I/System.out( 4121): Values: -0.3207245 0.08053589 10.0412445
01-07 13:08:51.311 I/System.out( 4121): Values: -0.34690857 -0.06942749 10.053146
01-07 13:08:52.312 I/System.out( 4121): Values: -0.28977966 -0.028961182 10.060287
01-07 13:08:53.313 I/System.out( 4121): Values: -0.3350067 -0.0765686 10.048386
01-07 13:08:54.304 I/System.out( 4121): Values: -0.28025818 -0.07180786 10.062668
01-07 13:08:55.305 I/System.out( 4121): Values: -0.311203 -0.0765686 10.0412445
01-07 13:08:56.316 I/System.out( 4121): Values: -0.30644226 -0.055145264 10.067429
01-07 13:08:57.307 I/System.out( 4121): Values: -0.31834412 -0.04562378 9.972214
01-07 13:08:58.308 I/System.out( 4121): Values: -0.28263855 -0.06466675 10.038864
01-07 13:08:59.309 I/System.out( 4121): Values: -0.30168152 -0.04324341 10.050766
01-07 13:09:00.310 I/System.out( 4121): Values: -0.28025818 -0.0765686 10.060287
01-07 13:09:01.311 I/System.out( 4121): Values: -0.31358337 -0.0932312 10.069809
01-07 13:09:02.312 I/System.out( 4121): Values: -0.28263855 -0.028961182 10.072189
01-07 13:09:03.313 I/System.out( 4121): Values: -0.28977966 -0.055145264 10.07457
01-07 13:09:04.304 I/System.out( 4121): Values: -0.32548523 -0.06466675 10.036484
01-07 13:09:05.315 I/System.out( 4121): Values: -0.31596375 -0.057525635 10.029343
01-07 13:09:06.316 I/System.out( 4121): Values: -0.29930115 -0.059906006 10.005539
01-07 13:09:07.307 I/System.out( 4121): Values: -0.29930115 -0.06942749 10.084091
01-07 13:09:08.308 I/System.out( 4121): Values: -0.31358337 -0.05038452 9.998398
01-07 13:09:09.309 I/System.out( 4121): Values: -0.28501892 -0.06704712 10.060287
01-07 13:09:10.310 I/System.out( 4121): Values: -0.3278656 -0.06942749 10.055527
01-07 13:09:11.311 I/System.out( 4121): Values: -0.31596375 -0.100372314 10.01268
01-07 13:09:12.322 I/System.out( 4121): Values: -0.35643005 -0.02658081 10.026962
01-07 13:09:13.323 I/System.out( 4121): Values: -0.27549744 -0.052764893 10.034103
01-07 13:09:14.314 I/System.out( 4121): Values: -0.311203 -0.078948975 9.981735
01-07 13:09:15.315 I/System.out( 4121): Values: -0.31834412 -0.0765686 10.084091
01-07 13:09:16.316 I/System.out( 4121): Values: -0.29692078 -0.06942749 10.050766
01-07 13:09:17.317 I/System.out( 4121): Values: -0.31358337 -0.07180786 10.072189
01-07 13:09:18.318 I/System.out( 4121): Values: -0.33976746 -0.055145264 10.043625
01-07 13:09:19.319 I/System.out( 4121): Values: -0.3278656 -0.04324341 10.043625
01-07 13:09:20.320 I/System.out( 4121): Values: -0.31596375 -0.059906006 10.095993
01-07 13:09:21.321 I/System.out( 4121): Values: -0.26359558 -0.09085083 10.022202
01-07 13:09:22.322 I/System.out( 4121): Values: -0.3207245 -0.057525635 10.069809
01-07 13:09:23.323 I/System.out( 4121): Values: -0.31834412 -0.06942749 10.022202
01-07 13:09:24.324 I/System.out( 4121): Values: -0.3207245 -0.06466675 10.0412445
01-07 13:09:25.325 I/System.out( 4121): Values: -0.34214783 -0.038482666 9.991257
01-07 13:09:26.315 I/System.out( 4121): Values: -0.3350067 -0.08370972 10.145981
01-07 13:09:27.316 I/System.out( 4121): Values: -0.33738708 -0.1098938 10.057907
01-07 13:09:28.317 I/System.out( 4121): Values: -0.3445282 -0.06466675 10.053146
01-07 13:09:29.318 I/System.out( 4121): Values: -0.2945404 -0.07418823 10.003159
01-07 13:09:30.319 I/System.out( 4121): Values: -0.33262634 -0.100372314 10.095993
01-07 13:09:31.320 I/System.out( 4121): Values: -0.34928894 -0.052764893 10.067429
01-07 13:09:32.321 I/System.out( 4121): Values: -0.3278656 -0.09799194 10.029343
01-07 13:09:33.322 I/System.out( 4121): Values: -0.2778778 -0.057525635 9.974594
01-07 13:09:34.323 I/System.out( 4121): Values: -0.31596375 -0.052764893 10.024582
01-07 13:09:35.324 I/System.out( 4121): Values: -0.31358337 -0.06942749 10.119797
01-07 13:09:36.315 I/System.out( 4121): Values: -0.29930115 -0.08847046 10.031723
01-07 13:09:37.316 I/System.out( 4121): Values: -0.33262634 -0.09561157 10.117416
01-07 13:09:38.317 I/System.out( 4121): Values: -0.33738708 -0.081329346 10.01268
01-07 13:09:38.377 D/dalvikvm( 4121): GC_CONCURRENT freed 227K, 3% free 9021K/9288K, paused 11ms+2ms, total 43ms
01-07 13:09:39.318 I/System.out( 4121): Values: -0.31358337 -0.1098938 10.062668
01-07 13:09:40.319 I/System.out( 4121): Values: -0.3445282 -0.0765686 10.024582
01-07 13:09:41.320 I/System.out( 4121): Values: -0.2873993 -0.08609009 10.100754
01-07 13:09:42.321 I/System.out( 4121): Values: -0.30168152 -0.081329346 9.993637
01-07 13:09:43.322 I/System.out( 4121): Values: -0.31596375 -0.055145264 10.000778
01-07 13:09:44.323 I/System.out( 4121): Values: -0.28977966 -0.04800415 10.048386
01-07 13:09:45.324 I/System.out( 4121): Values: -0.29692078 -0.02658081 10.107895
01-07 13:09:46.315 I/System.out( 4121): Values: -0.27311707 -0.06704712 10.005539
01-07 13:09:47.326 I/System.out( 4121): Values: -0.34214783 -0.121795654 10.057907
01-07 13:09:48.327 I/System.out( 4121): Values: -0.3350067 -0.05038452 9.969833
01-07 13:09:49.328 I/System.out( 4121): Values: -0.33262634 -0.02420044 10.065048
01-07 13:09:50.329 I/System.out( 4121): Values: -0.32310486 -0.07418823 10.0412445
01-07 13:09:51.330 I/System.out( 4121): Values: -0.27549744 -0.07180786 10.019821
01-07 13:09:52.331 I/System.out( 4121): Values: -0.28977966 -0.062286377 10.053146
01-07 13:09:53.332 I/System.out( 4121): Values: -0.31596375 -0.031341553 10.110275
01-07 13:09:54.333 I/System.out( 4121): Values: -0.29930115 -0.08609009 9.998398
01-07 13:09:55.334 I/System.out( 4121): Values: -0.30882263 -0.06942749 10.069809
01-07 13:09:56.325 I/System.out( 4121): Values: -0.29692078 -0.06942749 10.055527
01-07 13:09:57.326 I/System.out( 4121): Values: -0.27549744 -0.07180786 10.046005
01-07 13:09:58.327 I/System.out( 4121): Values: -0.28025818 -0.02420044 10.060287
01-07 13:09:59.328 I/System.out( 4121): Values: -0.33262634 -0.036102295 10.072189
01-07 13:09:59.998 I/ActivityManager(  523): No longer want com.google.android.music:main (pid 3223): empty for 1843s
01-07 13:10:00.058 W/ActivityManager(  523): Scheduling restart of crashed service com.google.android.music/.playback.MusicPlaybackService in 5000ms
01-07 13:10:00.329 I/System.out( 4121): Values: -0.33262634 -0.05038452 10.048386
01-07 13:10:01.330 I/System.out( 4121): Values: -0.29692078 -0.04800415 10.046005
01-07 13:10:02.331 I/System.out( 4121): Values: -0.30644226 -0.078948975 10.091232
01-07 13:10:03.332 I/System.out( 4121): Values: -0.33738708 -0.05038452 10.050766
01-07 13:10:04.333 I/System.out( 4121): Values: -0.32548523 -0.059906006 10.019821
01-07 13:10:05.093 I/ActivityManager(  523): Start proc com.google.android.music:main for service com.google.android.music/.playback.MusicPlaybackService: pid=4227 uid=10041 gids={50041, 3003, 1015, 1028}
01-07 13:10:05.213 D/dalvikvm(  523): GC_EXPLICIT freed 2155K, 23% free 16818K/21608K, paused 2ms+8ms, total 80ms
01-07 13:10:05.213 I/MusicStore( 4227): Database version: 70
01-07 13:10:05.263 D/dalvikvm( 4227): GC_CONCURRENT freed 280K, 4% free 9082K/9404K, paused 2ms+2ms, total 18ms
01-07 13:10:05.263 D/dalvikvm( 4227): WAIT_FOR_CONCURRENT_GC blocked 6ms
01-07 13:10:05.324 I/System.out( 4121): Values: -0.32310486 -0.124176025 10.057907
01-07 13:10:05.334 D/SystemUtils( 4227): getSystemProperty: lpa.decode=null
01-07 13:10:05.354 D/CacheService( 4227): onCreate
01-07 13:10:05.384 D/dalvikvm(  804): GC_EXPLICIT freed 182K, 5% free 9405K/9812K, paused 2ms+3ms, total 29ms
01-07 13:10:05.394 D/CacheService( 4227): onBind
01-07 13:10:05.404 I/LocalDevicePlayback( 4227): Streaming client created.
01-07 13:10:06.325 I/System.out( 4121): Values: -0.3040619 -0.06704712 10.067429
01-07 13:10:06.445 D/dalvikvm( 4227): GC_CONCURRENT freed 221K, 3% free 9298K/9560K, paused 5ms+4ms, total 46ms
01-07 13:10:06.485 I/MediaStoreImporter( 4227): Update: incremental Added music: 0 Updated music: 0 Deleted music: 0 Created playlists: 0 Updated playlists: 0 Deleted playlists: 0 Inserted playlist items: 0 Deleted playlist items: 0 Removed orphaned playlist items: 0
01-07 13:10:07.336 I/System.out( 4121): Values: -0.36357117 -0.05038452 10.115036
01-07 13:10:08.336 I/System.out( 4121): Values: -0.28977966 -0.09561157 10.062668
01-07 13:10:09.327 I/System.out( 4121): Values: -0.3040619 -0.04562378 10.084091
01-07 13:10:10.328 I/System.out( 4121): Values: -0.3040619 -0.08609009 10.036484
01-07 13:10:10.388 I/MusicLeanback( 4227): Conditions not met for autocaching.
01-07 13:10:10.388 I/MusicLeanback( 4227): Stop autocaching.
01-07 13:10:11.329 I/System.out( 4121): Values: -0.311203 -0.06704712 10.050766
01-07 13:10:12.330 I/System.out( 4121): Values: -0.32310486 -0.09085083 10.07933
01-07 13:10:13.331 I/System.out( 4121): Values: -0.31596375 -0.102752686 10.029343
01-07 13:10:14.332 I/System.out( 4121): Values: -0.31358337 -0.11465454 10.091232
01-07 13:10:15.343 I/System.out( 4121): Values: -0.30644226 -0.08847046 10.01268
01-07 13:10:16.334 I/System.out( 4121): Values: -0.3207245 -0.04800415 10.100754
01-07 13:10:17.335 I/System.out( 4121): Values: -0.29930115 -0.059906006 10.057907
01-07 13:10:18.336 I/System.out( 4121): Values: -0.2945404 -0.08370972 10.069809
01-07 13:10:19.337 I/System.out( 4121): Values: -0.311203 -0.02420044 10.060287
01-07 13:10:20.338 I/System.out( 4121): Values: -0.28977966 -0.06466675 9.922226
01-07 13:10:21.339 I/System.out( 4121): Values: -0.2873993 -0.059906006 9.998398
01-07 13:10:22.340 I/System.out( 4121): Values: -0.30882263 -0.081329346 10.062668
01-07 13:10:23.341 I/System.out( 4121): Values: -0.3445282 -0.059906006 10.103134
01-07 13:10:24.342 I/System.out( 4121): Values: -0.38737488 -0.04800415 10.134079
01-07 13:10:25.343 I/System.out( 4121): Values: -0.30168152 -0.081329346 10.057907
01-07 13:10:26.344 I/System.out( 4121): Values: -0.30882263 -0.04324341 10.057907
01-07 13:10:27.345 I/System.out( 4121): Values: -0.31834412 -0.07180786 9.993637
01-07 13:10:28.336 I/System.out( 4121): Values: -0.3350067 -0.009918213 10.019821
01-07 13:10:29.337 I/System.out( 4121): Values: -0.33024597 -0.20510864 9.988876
01-07 13:10:30.338 I/System.out( 4121): Values: -0.3207245 -0.059906006 10.060287
01-07 13:10:31.339 I/System.out( 4121): Values: -0.29692078 -0.09085083 10.043625
01-07 13:10:32.340 I/System.out( 4121): Values: -0.30882263 -0.04562378 10.055527
01-07 13:10:33.341 I/System.out( 4121): Values: -0.2945404 -0.055145264 10.065048
01-07 13:10:34.342 I/System.out( 4121): Values: -0.2945404 -0.081329346 10.084091
01-07 13:10:35.343 I/System.out( 4121): Values: -0.24931335 -0.040863037 10.031723
01-07 13:10:36.344 I/System.out( 4121): Values: -0.32548523 -0.062286377 10.046005
01-07 13:10:37.345 I/System.out( 4121): Values: -0.2873993 -0.036102295 10.048386
01-07 13:10:38.336 I/System.out( 4121): Values: -0.33024597 -0.08847046 10.093613
01-07 13:10:39.347 I/System.out( 4121): Values: -0.33262634 -0.07180786 10.000778
01-07 13:10:40.348 I/System.out( 4121): Values: -0.3207245 -0.052764893 10.024582
01-07 13:10:41.349 I/System.out( 4121): Values: -0.30644226 -0.100372314 10.048386
01-07 13:10:42.350 I/System.out( 4121): Values: -0.32548523 -0.052764893 10.017441
01-07 13:10:43.351 I/System.out( 4121): Values: -0.311203 -0.057525635 10.024582
01-07 13:10:44.352 I/System.out( 4121): Values: -0.311203 -0.08609009 10.01268
01-07 13:10:45.353 I/System.out( 4121): Values: -0.34214783 -0.06704712 10.060287
01-07 13:10:46.354 I/System.out( 4121): Values: -0.33976746 -0.055145264 10.103134
01-07 13:10:47.355 I/System.out( 4121): Values: -0.31834412 -0.102752686 9.998398
01-07 13:10:48.346 I/System.out( 4121): Values: -0.311203 -0.062286377 10.081711
01-07 13:10:49.346 I/System.out( 4121): Values: -0.30168152 -0.06466675 10.055527
01-07 13:10:50.347 I/System.out( 4121): Values: -0.28025818 -0.0765686 10.081711
01-07 13:10:51.348 I/System.out( 4121): Values: -0.33024597 -0.055145264 10.060287
01-07 13:10:52.349 I/System.out( 4121): Values: -0.3350067 -0.062286377 10.022202
01-07 13:10:53.350 I/System.out( 4121): Values: -0.29216003 -0.040863037 10.057907
01-07 13:10:54.351 I/System.out( 4121): Values: -0.33262634 -0.04800415 10.048386
01-07 13:10:55.352 I/System.out( 4121): Values: -0.31834412 -0.059906006 10.0412445
01-07 13:10:56.353 I/System.out( 4121): Values: -0.311203 -0.07180786 10.115036
01-07 13:10:57.344 I/System.out( 4121): Values: -0.30168152 -0.059906006 10.019821
01-07 13:10:58.345 I/System.out( 4121): Values: -0.3516693 -0.052764893 10.000778
01-07 13:10:59.356 I/System.out( 4121): Values: -0.33738708 -0.059906006 10.0103
01-07 13:11:00.357 I/System.out( 4121): Values: -0.31834412 -0.062286377 10.034103
01-07 13:11:01.358 I/System.out( 4121): Values: -0.33024597 -0.040863037 10.029343
01-07 13:11:02.359 I/System.out( 4121): Values: -0.30882263 -0.1098938 10.043625
01-07 13:11:03.360 I/System.out( 4121): Values: -0.31596375 -0.07180786 10.038864
01-07 13:11:04.361 I/System.out( 4121): Values: -0.31358337 -0.0765686 10.057907
01-07 13:11:05.362 I/System.out( 4121): Values: -0.31596375 -0.07418823 10.110275
01-07 13:11:06.363 I/System.out( 4121): Values: -0.3278656 -0.055145264 10.081711
01-07 13:11:07.354 I/System.out( 4121): Values: -0.35404968 -0.078948975 10.057907
01-07 13:11:08.355 I/System.out( 4121): Values: -0.31358337 -0.08370972 10.043625
01-07 13:11:09.356 I/System.out( 4121): Values: -0.32548523 -0.08370972 10.07457
01-07 13:11:10.357 I/System.out( 4121): Values: -0.30882263 -0.0765686 10.057907
01-07 13:11:11.358 I/System.out( 4121): Values: -0.3445282 -0.040863037 10.062668
01-07 13:11:12.359 I/System.out( 4121): Values: -0.32310486 -0.08609009 10.029343
01-07 13:11:13.360 I/System.out( 4121): Values: -0.32548523 -0.07418823 10.062668
01-07 13:11:14.371 I/System.out( 4121): Values: -0.33024597 -0.055145264 10.084091
01-07 13:11:15.372 I/System.out( 4121): Values: -0.3350067 -0.062286377 10.053146
01-07 13:11:16.373 I/System.out( 4121): Values: -0.31358337 -0.06704712 10.07933
01-07 13:11:17.354 I/System.out( 4121): Values: -0.29692078 -0.06466675 9.95079
01-07 13:11:18.365 I/System.out( 4121): Values: -0.30882263 -0.07418823 10.029343
01-07 13:11:19.366 I/System.out( 4121): Values: -0.3040619 -0.10513306 10.019821
01-07 13:11:20.367 I/System.out( 4121): Values: -0.3278656 -0.055145264 9.988876
01-07 13:11:21.368 I/System.out( 4121): Values: -0.31834412 -0.05038452 10.036484
01-07 13:11:22.369 I/System.out( 4121): Values: -0.3278656 -0.0765686 10.038864
01-07 13:11:23.370 I/System.out( 4121): Values: -0.3040619 -0.031341553 10.038864
01-07 13:11:24.371 I/System.out( 4121): Values: -0.32548523 -0.08370972 10.026962
01-07 13:11:25.372 I/System.out( 4121): Values: -0.3207245 -0.07180786 10.01268
01-07 13:11:26.373 I/System.out( 4121): Values: -0.2873993 -0.052764893 10.065048
01-07 13:11:27.374 I/System.out( 4121): Values: -0.29216003 -0.06942749 9.979355
01-07 13:11:28.375 I/System.out( 4121): Values: -0.26597595 -0.05038452 10.060287
01-07 13:11:29.366 I/System.out( 4121): Values: -0.30644226 -0.07180786 10.022202
01-07 13:11:30.367 I/System.out( 4121): Values: -0.2873993 -0.04800415 10.003159
01-07 13:11:31.367 I/System.out( 4121): Values: -0.2873993 -0.09799194 10.043625
01-07 13:11:32.368 I/System.out( 4121): Values: -0.33024597 -0.078948975 10.050766
01-07 13:11:33.369 I/System.out( 4121): Values: -0.30644226 -0.06466675 10.01268
01-07 13:11:34.370 I/System.out( 4121): Values: -0.32310486 -0.059906006 10.069809
01-07 13:11:35.371 I/System.out( 4121): Values: -0.30168152 -0.059906006 10.048386
01-07 13:11:36.372 I/System.out( 4121): Values: -0.33024597 -0.10751343 10.034103
01-07 13:11:37.373 I/System.out( 4121): Values: -0.33738708 -0.057525635 10.026962
01-07 13:11:38.374 I/System.out( 4121): Values: -0.31596375 -0.078948975 10.048386
01-07 13:11:39.365 I/System.out( 4121): Values: -0.33976746 -0.04562378 10.093613
01-07 13:11:40.366 I/System.out( 4121): Values: -0.33262634 -0.04324341 10.026962
01-07 13:11:41.367 I/System.out( 4121): Values: -0.31834412 -0.055145264 10.01506
01-07 13:11:42.368 I/System.out( 4121): Values: -0.3040619 -0.06466675 10.043625
01-07 13:11:43.369 I/System.out( 4121): Values: -0.34214783 -0.08609009 10.026962
01-07 13:11:44.380 I/System.out( 4121): Values: -0.30644226 -0.06466675 10.07933
01-07 13:11:45.381 I/System.out( 4121): Values: -0.2778778 -0.07180786 10.029343
01-07 13:11:46.382 I/System.out( 4121): Values: -0.3278656 -0.08847046 10.022202
01-07 13:11:47.383 I/System.out( 4121): Values: -0.32310486 -0.0765686 9.988876
01-07 13:11:48.384 I/System.out( 4121): Values: -0.32310486 -0.08609009 10.091232
01-07 13:11:49.375 I/System.out( 4121): Values: -0.3040619 -0.07418823 10.065048
01-07 13:11:50.376 I/System.out( 4121): Values: -0.31596375 -0.124176025 10.036484
01-07 13:11:51.377 I/System.out( 4121): Values: -0.311203 -0.059906006 10.084091
01-07 13:11:52.378 I/System.out( 4121): Values: -0.33024597 -0.09085083 10.043625
01-07 13:11:53.379 I/System.out( 4121): Values: -0.30882263 -0.06942749 10.000778
01-07 13:11:54.380 I/System.out( 4121): Values: -0.34214783 -0.06942749 10.112656
01-07 13:11:55.381 I/System.out( 4121): Values: -0.30168152 -0.124176025 10.065048
01-07 13:11:56.382 I/System.out( 4121): Values: -0.32548523 -0.028961182 10.057907
01-07 13:11:57.383 I/System.out( 4121): Values: -0.30644226 -0.06942749 10.07457
01-07 13:11:58.384 I/System.out( 4121): Values: -0.29692078 -0.07180786 10.036484
01-07 13:11:59.375 I/System.out( 4121): Values: -0.29930115 -0.0932312 10.01268
01-07 13:12:00.386 I/System.out( 4121): Values: -0.29216003 -0.057525635 10.100754
01-07 13:12:01.387 I/System.out( 4121): Values: -0.31358337 -0.0765686 10.026962
01-07 13:12:02.388 I/System.out( 4121): Values: -0.3207245 -0.055145264 10.084091
01-07 13:12:03.389 I/System.out( 4121): Values: -0.33262634 -0.04800415 10.053146
01-07 13:12:04.390 I/System.out( 4121): Values: -0.30644226 -0.062286377 10.107895
01-07 13:12:05.391 I/System.out( 4121): Values: -0.2873993 -0.0932312 10.117416
01-07 13:12:06.392 I/System.out( 4121): Values: -0.33262634 -0.057525635 10.1245575
01-07 13:12:07.393 I/System.out( 4121): Values: -0.3278656 -0.06466675 10.0412445
01-07 13:12:08.384 I/System.out( 4121): Values: -0.2945404 -0.055145264 10.065048
01-07 13:12:09.385 I/System.out( 4121): Values: -0.311203 -0.04562378 10.060287
01-07 13:12:10.396 I/System.out( 4121): Values: -0.34928894 -0.07180786 10.098373
01-07 13:12:11.387 I/System.out( 4121): Values: -0.311203 -0.0932312 10.007919
01-07 13:12:12.388 I/System.out( 4121): Values: -0.30644226 -0.057525635 10.019821
01-07 13:12:13.398 I/System.out( 4121): Values: -0.2873993 -0.07180786 10.057907
01-07 13:12:14.389 I/System.out( 4121): Values: -0.33024597 -0.038482666 10.091232
01-07 13:12:15.400 I/System.out( 4121): Values: -0.311203 -0.08609009 9.998398
01-07 13:12:16.401 I/System.out( 4121): Values: -0.35881042 0.0019836426 10.048386
01-07 13:12:17.402 I/System.out( 4121): Values: -0.31358337 -0.09799194 10.029343
01-07 13:12:18.403 I/System.out( 4121): Values: -0.3207245 -0.078948975 10.01506
01-07 13:12:19.394 I/System.out( 4121): Values: -0.31834412 -0.055145264 10.024582
01-07 13:12:20.395 I/System.out( 4121): Values: -0.32310486 -0.08609009 10.081711
01-07 13:12:21.396 I/System.out( 4121): Values: -0.35881042 -0.09799194 10.053146
01-07 13:12:22.397 I/System.out( 4121): Values: -0.32310486 -0.081329346 10.034103
01-07 13:12:23.398 I/System.out( 4121): Values: -0.33262634 -0.062286377 10.115036
01-07 13:12:24.399 I/System.out( 4121): Values: -0.33738708 -0.09085083 10.029343
01-07 13:12:25.400 I/System.out( 4121): Values: -0.31596375 -0.078948975 10.017441
01-07 13:12:26.401 I/System.out( 4121): Values: -0.31596375 -0.06704712 10.055527
01-07 13:12:27.402 I/System.out( 4121): Values: -0.28025818 -0.078948975 10.029343
01-07 13:12:28.403 I/System.out( 4121): Values: -0.33738708 -0.052764893 10.038864
01-07 13:12:29.404 I/System.out( 4121): Values: -0.29930115 -0.10513306 10.053146
01-07 13:12:30.405 I/System.out( 4121): Values: -0.33262634 -0.08847046 9.998398
01-07 13:12:31.406 I/System.out( 4121): Values: -0.3278656 -0.102752686 10.053146
01-07 13:12:32.397 I/System.out( 4121): Values: -0.29216003 -0.07418823 10.022202
01-07 13:12:33.398 I/System.out( 4121): Values: -0.311203 -0.07180786 9.988876
01-07 13:12:34.399 I/System.out( 4121): Values: -0.28025818 -0.08370972 10.038864
