--------- beginning of /dev/log/main
01-14 12:25:10.631 D/AndroidRuntime(20664): 
01-14 12:25:10.631 D/AndroidRuntime(20664): >>>>>> AndroidRuntime START com.android.internal.os.RuntimeInit <<<<<<
01-14 12:25:10.631 D/AndroidRuntime(20664): CheckJNI is OFF
01-14 12:25:10.641 D/dalvikvm(20664): Trying to load lib libjavacore.so 0x0
01-14 12:25:10.651 D/dalvikvm(20664): Added shared lib libjavacore.so 0x0
01-14 12:25:10.661 D/dalvikvm(20664): Trying to load lib libnativehelper.so 0x0
01-14 12:25:10.661 D/dalvikvm(20664): Added shared lib libnativehelper.so 0x0
01-14 12:25:10.791 D/AndroidRuntime(20664): Calling main entry com.android.commands.pm.Pm
--------- beginning of /dev/log/system
01-14 12:25:10.801 I/ActivityManager(  523): Start proc com.android.defcontainer for service com.android.defcontainer/.DefaultContainerService: pid=20678 uid=10013 gids={50013, 1015, 1023, 2001, 1028}
01-14 12:25:10.821 D/dalvikvm(  178): GC_EXPLICIT freed 40K, 1% free 8863K/8944K, paused 2ms+2ms, total 23ms
01-14 12:25:10.841 D/dalvikvm(  178): GC_EXPLICIT freed <1K, 1% free 8863K/8944K, paused 1ms+2ms, total 18ms
01-14 12:25:10.841 W/ActivityManager(  523): No content provider found for permission revoke: file:///data/local/tmp/EnergyMeasurementBluetoothLE.apk
01-14 12:25:10.851 D/Finsky  (19653): [1] PackageVerificationReceiver.checkPrerequisites: Skipping verification because network inactive
01-14 12:25:10.861 D/Finsky  (19653): [1] PackageVerificationReceiver.checkPrerequisites: Skipping verification because network inactive
01-14 12:25:10.861 D/dalvikvm(  178): GC_EXPLICIT freed <1K, 1% free 8863K/8944K, paused 1ms+2ms, total 20ms
01-14 12:25:10.872 W/ActivityManager(  523): No content provider found for permission revoke: file:///data/local/tmp/EnergyMeasurementBluetoothLE.apk
01-14 12:25:10.872 I/PackageManager(  523): Copying native libraries to /data/app-lib/vmdl-857836132
01-14 12:25:10.872 W/PackageManager(  523): Invalid verification token 9 received
01-14 12:25:10.912 I/ActivityManager(  523): Force stopping package uk.ac.st_andrews.cs.host.mk74.energymeasurement.bluetoothle appid=10092 user=-1
01-14 12:25:11.062 I/PackageManager(  523): Running dexopt on: uk.ac.st_andrews.cs.host.mk74.energymeasurement.bluetoothle
01-14 12:25:11.062 I/PackageManager(  523): Package uk.ac.st_andrews.cs.host.mk74.energymeasurement.bluetoothle codePath changed from /data/app/uk.ac.st_andrews.cs.host.mk74.energymeasurement.bluetoothle-1.apk to /data/app/uk.ac.st_andrews.cs.host.mk74.energymeasurement.bluetoothle-2.apk; Retaining data and using new
01-14 12:25:11.332 D/dalvikvm(20695): DexOpt: load 47ms, verify+opt 177ms, 960660 bytes
01-14 12:25:11.382 W/PackageManager(  523): Code path for pkg : uk.ac.st_andrews.cs.host.mk74.energymeasurement.bluetoothle changing from /data/app/uk.ac.st_andrews.cs.host.mk74.energymeasurement.bluetoothle-1.apk to /data/app/uk.ac.st_andrews.cs.host.mk74.energymeasurement.bluetoothle-2.apk
01-14 12:25:11.382 I/ActivityManager(  523): Force stopping package uk.ac.st_andrews.cs.host.mk74.energymeasurement.bluetoothle appid=10092 user=-1
01-14 12:25:11.382 W/PackageManager(  523): Resource path for pkg : uk.ac.st_andrews.cs.host.mk74.energymeasurement.bluetoothle changing from /data/app/uk.ac.st_andrews.cs.host.mk74.energymeasurement.bluetoothle-1.apk to /data/app/uk.ac.st_andrews.cs.host.mk74.energymeasurement.bluetoothle-2.apk
01-14 12:25:11.552 I/ActivityManager(  523): Force stopping package uk.ac.st_andrews.cs.host.mk74.energymeasurement.bluetoothle appid=10092 user=0
01-14 12:25:11.562 W/ActivityManager(  523): Skipping broadcast of Intent { act=android.intent.action.PACKAGE_REMOVED dat=package:uk.ac.st_andrews.cs.host.mk74.energymeasurement.bluetoothle flg=0x8000010 (has extras) }: user 10 is stopped
01-14 12:25:11.572 I/InputReader(  523): Reconfiguring input devices.  changes=0x00000010
01-14 12:25:11.582 I/ActivityManager(  523): Start proc com.android.keychain for broadcast com.android.keychain/.KeyChainBroadcastReceiver: pid=20699 uid=1000 gids={41000, 1015, 1028, 3002, 3001, 3003, 3007}
01-14 12:25:11.612 I/InputReader(  523): Reconfiguring input devices.  changes=0x00000010
01-14 12:25:11.642 W/ActivityManager(  523): Skipping broadcast of Intent { act=android.intent.action.PACKAGE_ADDED dat=package:uk.ac.st_andrews.cs.host.mk74.energymeasurement.bluetoothle flg=0x8000010 (has extras) }: user 10 is stopped
01-14 12:25:11.642 W/ContextImpl(20699): Calling a method in the system process without a qualified user: android.app.ContextImpl.startService:1385 android.content.ContextWrapper.startService:473 android.content.ContextWrapper.startService:473 com.android.keychain.KeyChainBroadcastReceiver.onReceive:12 android.app.ActivityThread.handleReceiver:2424 
01-14 12:25:11.652 W/ActivityManager(  523): Skipping broadcast of Intent { act=android.intent.action.PACKAGE_REPLACED dat=package:uk.ac.st_andrews.cs.host.mk74.energymeasurement.bluetoothle flg=0x8000010 (has extras) }: user 10 is stopped
01-14 12:25:11.682 W/ActivityManager(  523): Skipping broadcast of Intent { act=android.intent.action.MY_PACKAGE_REPLACED flg=0x8000010 pkg=uk.ac.st_andrews.cs.host.mk74.energymeasurement.bluetoothle (has extras) }: user 10 is stopped
01-14 12:25:11.692 D/BackupManagerService(  523): Received broadcast Intent { act=android.intent.action.PACKAGE_REMOVED dat=package:uk.ac.st_andrews.cs.host.mk74.energymeasurement.bluetoothle flg=0x8000010 (has extras) }
01-14 12:25:11.712 D/BackupManagerService(  523): Received broadcast Intent { act=android.intent.action.PACKAGE_ADDED dat=package:uk.ac.st_andrews.cs.host.mk74.energymeasurement.bluetoothle flg=0x8000010 (has extras) }
01-14 12:25:11.712 V/BackupManagerService(  523): removePackageParticipantsLocked: uid=10092 #1
01-14 12:25:11.712 V/BackupManagerService(  523): addPackageParticipantsLocked: #1
01-14 12:25:11.722 I/ActivityManager(  523): Start proc com.android.musicfx for broadcast com.android.musicfx/.Compatibility$Receiver: pid=20720 uid=10042 gids={50042, 3003, 3002, 1028}
01-14 12:25:11.762 D/dalvikvm(  523): GC_EXPLICIT freed 1353K, 19% free 17054K/20828K, paused 4ms+9ms, total 82ms
01-14 12:25:11.762 D/AndroidRuntime(20664): Shutting down VM
01-14 12:25:11.762 D/jdwp    (20664): Got wake-up signal, bailing out of select
01-14 12:25:11.762 D/dalvikvm(20664): Debugger has detached; object registry had 1 entries
01-14 12:25:11.792 I/ActivityManager(  523): Start proc com.google.android.gms for broadcast com.google.android.gms/.games.receiver.GamesSystemBroadcastReceiver: pid=20735 uid=10021 gids={50021, 3003, 1007, 1028, 1015, 1006, 2001, 3006}
01-14 12:25:11.872 I/ActivityManager(  523): Start proc com.google.android.googlequicksearchbox for broadcast com.google.android.googlequicksearchbox/com.google.android.apps.sidekick.GmmLocationProviderImpl$GmmPackageWatcher: pid=20756 uid=10057 gids={50057, 3003, 1028, 3002, 1015}
01-14 12:25:11.903 D/dalvikvm(20735): GC_CONCURRENT freed 275K, 4% free 9019K/9332K, paused 4ms+2ms, total 28ms
01-14 12:25:11.933 D/dalvikvm(20735): No JNI_OnLoad found in /system/lib/libAppDataSearch.so 0x426d9da0, skipping init
01-14 12:25:11.933 D/Icing   (20735): Init last flush num docs 55 last docstore size 15104
01-14 12:25:11.933 D/Icing   (20735): Docid map file has data, scanning...
01-14 12:25:11.933 D/Icing   (20735): Scanning /data/data/com.google.android.gms/files/AppDataSearch/main/cur/ds.docids found 57 documents, last docstore location 15616
01-14 12:25:11.933 D/Icing   (20735): File /data/data/com.google.android.gms/files/AppDataSearch/main/cur/ds.perdocdata contains 57 records of size 6
01-14 12:25:11.933 I/ActivityManager(  523): Start proc com.google.android.partnersetup for content provider com.google.android.partnersetup/.RlzAppProvider: pid=20784 uid=10026 gids={50026, 3003, 1028}
01-14 12:25:11.943 D/Icing   (20735): Corpus scoring data inited successfully num corpora 1
01-14 12:25:11.953 D/Icing   (20735): Init docstore ok num docs 57 bytes 16128
01-14 12:25:11.953 V/Icing   (20735): Lite index crc computed in 0.122ms
01-14 12:25:11.953 V/Icing   (20735): Lite index init ok in 2.441ms
01-14 12:25:11.953 D/Icing   (20735): Lite index recovered docid (54, 56]
01-14 12:25:11.953 V/Icing   (20735): Warming lite-index took 0.000ms
01-14 12:25:11.953 V/Icing   (20735): Warming lexicon took 0.000ms
01-14 12:25:11.953 V/Icing   (20735): Warming display mappings took 0.000ms
01-14 12:25:11.953 D/Icing   (20735): Init index ok num docs 57
01-14 12:25:11.953 D/Icing   (20735): Init done
01-14 12:25:11.983 D/dalvikvm(20756): GC_CONCURRENT freed 257K, 4% free 9119K/9412K, paused 2ms+2ms, total 21ms
01-14 12:25:11.983 D/dalvikvm(20756): WAIT_FOR_CONCURRENT_GC blocked 4ms
01-14 12:25:11.993 D/dalvikvm(20756): WAIT_FOR_CONCURRENT_GC blocked 3ms
01-14 12:25:11.993 D/dalvikvm(20756): WAIT_FOR_CONCURRENT_GC blocked 7ms
01-14 12:25:11.993 D/dalvikvm(20756): WAIT_FOR_CONCURRENT_GC blocked 8ms
01-14 12:25:11.993 W/GAV2    (20756): Thread[main,5,main]: Need to call initialize() and be in fallback mode to start dispatch.
01-14 12:25:12.003 I/Icing   (20735): 0 corpora need re-polling
01-14 12:25:12.053 D/dalvikvm(19208): GC_CONCURRENT freed 326K, 4% free 9295K/9660K, paused 9ms+1ms, total 20ms
01-14 12:25:12.053 I/PeopleDatabaseHelper(20735): cleanUpNonGplusAccounts done.
01-14 12:25:12.083 D/dalvikvm(20735): GC_CONCURRENT freed 270K, 4% free 9164K/9480K, paused 4ms+2ms, total 20ms
01-14 12:25:12.123 I/ActivityManager(  523): Start proc com.google.android.talk for broadcast com.google.android.talk/com.google.android.apps.babel.phone.PackageReplacedReceiver: pid=20834 uid=10030 gids={50030, 3003, 1015, 1006, 3002, 1028}
01-14 12:25:12.183 W/Settings(20834): Setting airplane_mode_on has moved from android.provider.Settings.System to android.provider.Settings.Global, returning read-only value.
01-14 12:25:12.193 D/dalvikvm(20834): GC_CONCURRENT freed 315K, 4% free 9044K/9400K, paused 2ms+2ms, total 27ms
01-14 12:25:12.193 D/dalvikvm(20834): WAIT_FOR_CONCURRENT_GC blocked 2ms
01-14 12:25:12.193 D/dalvikvm(20834): WAIT_FOR_CONCURRENT_GC blocked 2ms
01-14 12:25:12.263 D/AndroidRuntime(20827): 
01-14 12:25:12.263 D/AndroidRuntime(20827): >>>>>> AndroidRuntime START com.android.internal.os.RuntimeInit <<<<<<
01-14 12:25:12.263 D/AndroidRuntime(20827): CheckJNI is OFF
01-14 12:25:12.273 W/GAV2    (20756): Thread[Thread-518,5,main]: dispatch call queued.  Need to call GAServiceManager.getInstance().initialize().
01-14 12:25:12.273 D/dalvikvm(20827): Trying to load lib libjavacore.so 0x0
01-14 12:25:12.273 D/dalvikvm(20827): Added shared lib libjavacore.so 0x0
01-14 12:25:12.283 I/GCoreUlr(  714): Ensuring that reporting is stopped because of reasons: (no Google accounts)
01-14 12:25:12.283 D/GCoreFlp(  714): Unknown pending intent to remove.
01-14 12:25:12.283 I/GCoreUlr(  714): Unbound from all location providers
01-14 12:25:12.283 D/dalvikvm(20827): Trying to load lib libnativehelper.so 0x0
01-14 12:25:12.283 D/dalvikvm(20827): Added shared lib libnativehelper.so 0x0
01-14 12:25:12.283 I/Recovery(20735): Received: Intent { act=com.google.android.gms.INITIALIZE flg=0x10 pkg=com.google.android.gms cmp=com.google.android.gms/.recovery.AccountRecoveryBackgroundService$Receiver }
01-14 12:25:12.303 D/dalvikvm(20756): GC_CONCURRENT freed 249K, 3% free 9293K/9572K, paused 9ms+13ms, total 51ms
01-14 12:25:12.303 D/GCM     (  808): GcmService start Intent { act=com.google.android.gms.INITIALIZE flg=0x10 pkg=com.google.android.gms cmp=com.google.android.gms/.gcm.GcmService } com.google.android.gms.INITIALIZE
01-14 12:25:12.343 I/ActivityManager(  523): No longer want android:ui (pid 20332): empty #17
01-14 12:25:12.363 D/dalvikvm(  808): GC_EXPLICIT freed 219K, 6% free 9649K/10244K, paused 3ms+3ms, total 33ms
01-14 12:25:12.403 D/AndroidRuntime(20827): Calling main entry com.android.commands.am.Am
01-14 12:25:12.413 D/dalvikvm(20827): Note: class Landroid/app/ActivityManagerNative; has 163 unimplemented (abstract) methods
01-14 12:25:12.413 I/ActivityManager(  523): START u0 {act=android.intent.action.MAIN cat=[android.intent.category.LAUNCHER] flg=0x10000000 cmp=uk.ac.st_andrews.cs.host.mk74.energymeasurement.bluetoothle/.MainActivity} from pid 20827
01-14 12:25:12.483 D/dalvikvm(  523): GC_FOR_ALLOC freed 699K, 19% free 16979K/20828K, paused 65ms, total 65ms
01-14 12:25:12.483 I/dalvikvm-heap(  523): Grow heap (frag case) to 17.161MB for 566416-byte allocation
01-14 12:25:12.543 D/dalvikvm(  523): GC_FOR_ALLOC freed 2K, 19% free 17530K/21384K, paused 64ms, total 64ms
01-14 12:25:12.553 D/AndroidRuntime(20827): Shutting down VM
01-14 12:25:12.553 D/jdwp    (20827): Got wake-up signal, bailing out of select
01-14 12:25:12.553 D/dalvikvm(20827): Debugger has detached; object registry had 1 entries
01-14 12:25:12.553 I/ActivityManager(  523): Start proc uk.ac.st_andrews.cs.host.mk74.energymeasurement.bluetoothle for activity uk.ac.st_andrews.cs.host.mk74.energymeasurement.bluetoothle/.MainActivity: pid=20901 uid=10092 gids={50092, 3002, 3001, 1028}
01-14 12:25:12.563 D/dalvikvm(20901): Late-enabling CheckJNI
01-14 12:25:12.573 E/jdwp    (20901): Failed sending reply to debugger: Broken pipe
01-14 12:25:12.573 D/dalvikvm(20901): Debugger has detached; object registry had 1 entries
01-14 12:25:12.603 D/BluetoothManagerService(  523): Message: 20
01-14 12:25:12.613 D/BluetoothManagerService(  523): Added callback: android.bluetooth.IBluetoothManagerCallback$Stub$Proxy@42d31348:true
01-14 12:25:12.673 D/libEGL  (20901): loaded /system/lib/egl/libEGL_adreno200.so
01-14 12:25:12.673 D/libEGL  (20901): loaded /system/lib/egl/libGLESv1_CM_adreno200.so
01-14 12:25:12.683 D/libEGL  (20901): loaded /system/lib/egl/libGLESv2_adreno200.so
01-14 12:25:12.683 I/Adreno200-EGL(20901): <qeglDrvAPI_eglInitialize:265>: EGL 1.4 QUALCOMM Build: Iabe52cfaeae4c5fab1acacfe6f056ba15fa93274
01-14 12:25:12.703 D/dalvikvm(20834): GC_CONCURRENT freed 387K, 5% free 9047K/9472K, paused 3ms+2ms, total 34ms
01-14 12:25:12.733 D/dalvikvm(19689): GC_CONCURRENT freed 401K, 5% free 9397K/9836K, paused 3ms+7ms, total 29ms
01-14 12:25:12.733 D/OpenGLRenderer(20901): Enabling debug mode 0
01-14 12:25:12.793 I/ActivityManager(  523): Displayed uk.ac.st_andrews.cs.host.mk74.energymeasurement.bluetoothle/.MainActivity: +243ms
01-14 12:25:13.344 W/ActivityManager(  523): Permission denied: checkComponentPermission() owningUid=10057
01-14 12:25:13.344 W/ActivityManager(  523): Permission denied: checkComponentPermission() owningUid=10057
01-14 12:25:13.364 W/ActivityManager(  523): Permission denied: checkComponentPermission() owningUid=10057
01-14 12:25:13.364 W/ActivityManager(  523): Permission denied: checkComponentPermission() owningUid=10057
01-14 12:25:13.374 W/ActivityManager(  523): Permission denied: checkComponentPermission() owningUid=10057
01-14 12:25:13.374 W/ActivityManager(  523): Permission denied: checkComponentPermission() owningUid=10057
01-14 12:25:13.384 W/ActivityManager(  523): Permission denied: checkComponentPermission() owningUid=10057
01-14 12:25:13.384 W/ActivityManager(  523): Permission denied: checkComponentPermission() owningUid=10057
01-14 12:25:13.414 W/ActivityManager(  523): Permission denied: checkComponentPermission() owningUid=10057
01-14 12:25:13.414 W/ActivityManager(  523): Permission denied: checkComponentPermission() owningUid=10057
01-14 12:25:13.424 W/ActivityManager(  523): Permission denied: checkComponentPermission() owningUid=10057
01-14 12:25:13.424 W/ActivityManager(  523): Permission denied: checkComponentPermission() owningUid=10057
01-14 12:25:13.444 D/dalvikvm(20735): GC_CONCURRENT freed 331K, 4% free 9225K/9596K, paused 2ms+3ms, total 37ms
01-14 12:25:13.614 I/System.out(20901): Values:0
01-14 12:25:13.614 D/BluetoothAdapter(20901): stopLeScan()
01-14 12:25:13.614 I/System.out(20901): About to start new scanning
01-14 12:25:13.614 D/BluetoothAdapter(20901): startLeScan(): null
01-14 12:25:13.644 D/BtGatt.GattService(14573): registerClient() - UUID=ce8c877a-5c70-4309-98f4-5e60c1b60b6b
01-14 12:25:13.644 D/BtGatt.btif(14573): btif_gattc_register_app
01-14 12:25:13.644 D/BtGatt.btif(14573): btgattc_handle_event: Event 1000
01-14 12:25:13.654 D/BtGatt.btif(14573): btif_gattc_upstreams_evt: Event 0
01-14 12:25:13.654 D/BtGatt.GattService(14573): onClientRegistered() - UUID=ce8c877a-5c70-4309-98f4-5e60c1b60b6b, clientIf=4
01-14 12:25:13.654 D/BluetoothAdapter(20901): onClientRegistered() - status=0 clientIf=4
01-14 12:25:13.654 D/BtGatt.GattService(14573): startScan() - queue=0
01-14 12:25:13.654 D/BtGatt.GattService(14573): startScan() - adding client=4
01-14 12:25:13.654 D/BtGatt.btif(14573): btif_gattc_scan
01-14 12:25:13.654 D/BtGatt.btif(14573): btgattc_handle_event: Event 1002
01-14 12:25:13.654 W/bt-btif (14573):  bta_dm_ble_observe BTM_BleObserve  failed. status 2
01-14 12:25:13.654 I/System.out(20901): Started new scanning
01-14 12:25:14.625 I/System.out(20901): Values:0
01-14 12:25:15.626 I/System.out(20901): Values:0
01-14 12:25:16.617 I/System.out(20901): Values:0
01-14 12:25:17.007 W/ActivityManager(  523): Unable to start service Intent { act=com.google.android.gms.analytics.service.START (has extras) } U=0: not found
01-14 12:25:17.017 W/GAV2    (20756): Thread[GAThread,5,main]: Service unavailable (code=1), will retry.
01-14 12:25:17.038 I/GAV2    (20756): Thread[GAThread,5,main]: No campaign data found.
01-14 12:25:17.628 I/System.out(20901): Values:0
01-14 12:25:18.619 I/System.out(20901): Values:0
01-14 12:25:18.639 D/dalvikvm(20901): Debugger has detached; object registry had 1 entries
01-14 12:25:18.819 D/PicasaSyncManager(19208): battery info: false
01-14 12:25:18.829 D/PicasaUploaderSyncManager(19230): battery info: false
01-14 12:25:19.630 I/System.out(20901): Values:0
01-14 12:25:19.740 I/ActivityManager(  523): No longer want com.google.android.deskclock (pid 18064): empty #17
01-14 12:25:20.631 I/System.out(20901): Values:0
01-14 12:25:20.721 D/dalvikvm(20901): GC_CONCURRENT freed 161K, 3% free 9088K/9288K, paused 7ms+17ms, total 83ms
01-14 12:25:21.632 I/System.out(20901): Values:0
01-14 12:25:22.022 W/ActivityManager(  523): Unable to start service Intent { act=com.google.android.gms.analytics.service.START (has extras) } U=0: not found
01-14 12:25:22.022 W/GAV2    (20756): Thread[Service Reconnect,5,main]: Service unavailable (code=1), using local store.
01-14 12:25:22.633 I/System.out(20901): Values:0
01-14 12:25:23.624 I/System.out(20901): Values:0
01-14 12:25:23.634 D/BluetoothAdapter(20901): stopLeScan()
01-14 12:25:23.634 D/BtGatt.GattService(14573): stopScan() - queue=1
01-14 12:25:23.644 D/BtGatt.GattService(14573): stopScan() - queue empty; stopping scan
01-14 12:25:23.644 D/BtGatt.btif(14573): btif_gattc_scan
01-14 12:25:23.644 D/BtGatt.btif(14573): btgattc_handle_event: Event 1003
01-14 12:25:23.654 D/BtGatt.GattService(14573): unregisterClient() - clientIf=4
01-14 12:25:23.654 D/BtGatt.btif(14573): btif_gattc_unregister_app
01-14 12:25:23.654 D/BtGatt.btif(14573): btgattc_handle_event: Event 1001
01-14 12:25:23.654 D/BtGatt.btif(14573): btif_gattc_upstreams_evt: Event 1
01-14 12:25:23.664 I/System.out(20901): About to start new scanning
01-14 12:25:23.664 D/BluetoothAdapter(20901): startLeScan(): null
01-14 12:25:23.664 D/BtGatt.GattService(14573): registerClient() - UUID=72a26bce-e5e4-4afe-98da-4e35945bc548
01-14 12:25:23.674 D/BtGatt.btif(14573): btif_gattc_register_app
01-14 12:25:23.674 D/BtGatt.btif(14573): btgattc_handle_event: Event 1000
01-14 12:25:23.674 D/BtGatt.btif(14573): btif_gattc_upstreams_evt: Event 0
01-14 12:25:23.674 D/BtGatt.GattService(14573): onClientRegistered() - UUID=72a26bce-e5e4-4afe-98da-4e35945bc548, clientIf=4
01-14 12:25:23.684 D/BluetoothAdapter(20901): onClientRegistered() - status=0 clientIf=4
01-14 12:25:23.694 D/BtGatt.GattService(14573): startScan() - queue=0
01-14 12:25:23.694 D/BtGatt.GattService(14573): startScan() - adding client=4
01-14 12:25:23.704 D/BtGatt.btif(14573): btif_gattc_scan
01-14 12:25:23.704 D/BtGatt.btif(14573): btgattc_handle_event: Event 1002
01-14 12:25:23.714 I/System.out(20901): Started new scanning
01-14 12:25:24.635 I/System.out(20901): Values:0
01-14 12:25:25.636 I/System.out(20901): Values:0
01-14 12:25:26.637 I/System.out(20901): Values:0
01-14 12:25:27.167 D/dalvikvm(19653): GC_CONCURRENT freed 117K, 3% free 9423K/9692K, paused 2ms+1ms, total 21ms
01-14 12:25:27.217 D/Finsky  (19653): [1] 5.onFinished: Installation state replication succeeded.
01-14 12:25:27.638 I/System.out(20901): Values:0
01-14 12:25:28.639 I/System.out(20901): Values:0
01-14 12:25:29.640 I/System.out(20901): Values:0
01-14 12:25:30.641 I/System.out(20901): Values:0
01-14 12:25:31.642 I/System.out(20901): Values:0
01-14 12:25:32.653 I/System.out(20901): Values:0
01-14 12:25:33.654 I/System.out(20901): Values:0
01-14 12:25:33.654 D/BluetoothAdapter(20901): stopLeScan()
01-14 12:25:33.664 D/BtGatt.GattService(14573): stopScan() - queue=1
01-14 12:25:33.664 D/BtGatt.GattService(14573): stopScan() - queue empty; stopping scan
01-14 12:25:33.664 D/BtGatt.btif(14573): btif_gattc_scan
01-14 12:25:33.674 D/BtGatt.btif(14573): btgattc_handle_event: Event 1003
01-14 12:25:33.684 D/BtGatt.GattService(14573): unregisterClient() - clientIf=4
01-14 12:25:33.684 D/BtGatt.btif(14573): btif_gattc_unregister_app
01-14 12:25:33.694 D/BtGatt.btif(14573): btgattc_handle_event: Event 1001
01-14 12:25:33.694 D/BtGatt.btif(14573): btif_gattc_upstreams_evt: Event 1
01-14 12:25:33.704 I/System.out(20901): About to start new scanning
01-14 12:25:33.714 D/BluetoothAdapter(20901): startLeScan(): null
01-14 12:25:33.724 D/BtGatt.GattService(14573): registerClient() - UUID=ff19e24c-2039-4a3b-a6fe-df3e3f729b04
01-14 12:25:33.724 D/BtGatt.btif(14573): btif_gattc_register_app
01-14 12:25:33.734 D/BtGatt.btif(14573): btgattc_handle_event: Event 1000
01-14 12:25:33.734 D/BtGatt.btif(14573): btif_gattc_upstreams_evt: Event 0
01-14 12:25:33.734 D/BtGatt.GattService(14573): onClientRegistered() - UUID=ff19e24c-2039-4a3b-a6fe-df3e3f729b04, clientIf=4
01-14 12:25:33.734 D/BluetoothAdapter(20901): onClientRegistered() - status=0 clientIf=4
01-14 12:25:33.744 D/BtGatt.GattService(14573): startScan() - queue=0
01-14 12:25:33.744 D/BtGatt.GattService(14573): startScan() - adding client=4
01-14 12:25:33.744 D/BtGatt.btif(14573): btif_gattc_scan
01-14 12:25:33.744 D/BtGatt.btif(14573): btgattc_handle_event: Event 1002
01-14 12:25:33.744 I/System.out(20901): Started new scanning
01-14 12:25:34.655 I/System.out(20901): Values:0
01-14 12:25:35.646 I/System.out(20901): Values:0
01-14 12:25:36.647 I/System.out(20901): Values:0
01-14 12:25:37.658 I/System.out(20901): Values:0
01-14 12:25:38.659 I/System.out(20901): Values:0
01-14 12:25:39.660 I/System.out(20901): Values:0
01-14 12:25:40.661 I/System.out(20901): Values:0
01-14 12:25:41.662 I/System.out(20901): Values:0
01-14 12:25:42.663 I/System.out(20901): Values:0
01-14 12:25:43.663 I/System.out(20901): Values:0
01-14 12:25:43.663 D/BluetoothAdapter(20901): stopLeScan()
01-14 12:25:43.674 D/BtGatt.GattService(14573): stopScan() - queue=1
01-14 12:25:43.684 D/BtGatt.GattService(14573): stopScan() - queue empty; stopping scan
01-14 12:25:43.684 D/BtGatt.btif(14573): btif_gattc_scan
01-14 12:25:43.694 D/BtGatt.btif(14573): btgattc_handle_event: Event 1003
01-14 12:25:43.704 D/BtGatt.GattService(14573): unregisterClient() - clientIf=4
01-14 12:25:43.704 D/BtGatt.btif(14573): btif_gattc_unregister_app
01-14 12:25:43.714 D/BtGatt.btif(14573): btgattc_handle_event: Event 1001
01-14 12:25:43.714 D/BtGatt.btif(14573): btif_gattc_upstreams_evt: Event 1
01-14 12:25:43.714 I/System.out(20901): About to start new scanning
01-14 12:25:43.714 D/BluetoothAdapter(20901): startLeScan(): null
01-14 12:25:43.724 D/BtGatt.GattService(14573): registerClient() - UUID=d7ebd8f4-deb5-4ffb-955b-bfc8f6e5d51a
01-14 12:25:43.724 D/BtGatt.btif(14573): btif_gattc_register_app
01-14 12:25:43.724 D/BtGatt.btif(14573): btgattc_handle_event: Event 1000
01-14 12:25:43.724 D/BtGatt.btif(14573): btif_gattc_upstreams_evt: Event 0
01-14 12:25:43.724 D/BtGatt.GattService(14573): onClientRegistered() - UUID=d7ebd8f4-deb5-4ffb-955b-bfc8f6e5d51a, clientIf=4
01-14 12:25:43.734 D/BluetoothAdapter(20901): onClientRegistered() - status=0 clientIf=4
01-14 12:25:43.734 D/BtGatt.GattService(14573): startScan() - queue=0
01-14 12:25:43.734 D/BtGatt.GattService(14573): startScan() - adding client=4
01-14 12:25:43.734 D/BtGatt.btif(14573): btif_gattc_scan
01-14 12:25:43.734 D/BtGatt.btif(14573): btgattc_handle_event: Event 1002
01-14 12:25:43.734 I/System.out(20901): Started new scanning
01-14 12:25:44.664 I/System.out(20901): Values:0
01-14 12:25:45.665 I/System.out(20901): Values:0
01-14 12:25:46.666 I/System.out(20901): Values:0
01-14 12:25:47.667 I/System.out(20901): Values:0
01-14 12:25:48.678 I/System.out(20901): Values:0
01-14 12:25:49.679 I/System.out(20901): Values:0
01-14 12:25:50.680 I/System.out(20901): Values:0
01-14 12:25:51.681 I/System.out(20901): Values:0
01-14 12:25:52.682 I/System.out(20901): Values:0
01-14 12:25:53.683 D/BluetoothAdapter(20901): stopLeScan()
01-14 12:25:53.683 I/System.out(20901): Values:0
01-14 12:25:53.693 D/BtGatt.GattService(14573): stopScan() - queue=1
01-14 12:25:53.703 D/BtGatt.GattService(14573): stopScan() - queue empty; stopping scan
01-14 12:25:53.703 D/BtGatt.btif(14573): btif_gattc_scan
01-14 12:25:53.713 D/BtGatt.btif(14573): btgattc_handle_event: Event 1003
01-14 12:25:53.723 D/BtGatt.GattService(14573): unregisterClient() - clientIf=4
01-14 12:25:53.723 D/BtGatt.btif(14573): btif_gattc_unregister_app
01-14 12:25:53.733 D/BtGatt.btif(14573): btgattc_handle_event: Event 1001
01-14 12:25:53.733 D/BtGatt.btif(14573): btif_gattc_upstreams_evt: Event 1
01-14 12:25:53.733 I/System.out(20901): About to start new scanning
01-14 12:25:53.733 D/BluetoothAdapter(20901): startLeScan(): null
01-14 12:25:53.743 D/BtGatt.GattService(14573): registerClient() - UUID=03e9fa88-124f-4a2b-88ad-ec00f77cdd21
01-14 12:25:53.743 D/BtGatt.btif(14573): btif_gattc_register_app
01-14 12:25:53.743 D/BtGatt.btif(14573): btgattc_handle_event: Event 1000
01-14 12:25:53.743 D/BtGatt.btif(14573): btif_gattc_upstreams_evt: Event 0
01-14 12:25:53.743 D/BtGatt.GattService(14573): onClientRegistered() - UUID=03e9fa88-124f-4a2b-88ad-ec00f77cdd21, clientIf=4
01-14 12:25:53.753 D/BluetoothAdapter(20901): onClientRegistered() - status=0 clientIf=4
01-14 12:25:53.753 D/BtGatt.GattService(14573): startScan() - queue=0
01-14 12:25:53.753 D/BtGatt.GattService(14573): startScan() - adding client=4
01-14 12:25:53.753 D/BtGatt.btif(14573): btif_gattc_scan
01-14 12:25:53.753 D/BtGatt.btif(14573): btgattc_handle_event: Event 1002
01-14 12:25:53.753 I/System.out(20901): Started new scanning
01-14 12:25:54.684 I/System.out(20901): Values:0
01-14 12:25:55.695 I/System.out(20901): Values:0
01-14 12:25:56.686 I/System.out(20901): Values:0
01-14 12:25:57.687 I/System.out(20901): Values:0
01-14 12:25:58.698 I/System.out(20901): Values:0
01-14 12:25:59.699 I/System.out(20901): Values:0
01-14 12:26:00.700 I/System.out(20901): Values:0
01-14 12:26:01.701 I/System.out(20901): Values:0
01-14 12:26:02.702 I/System.out(20901): Values:0
01-14 12:26:03.703 I/System.out(20901): Values:0
01-14 12:26:03.703 D/BluetoothAdapter(20901): stopLeScan()
01-14 12:26:03.713 D/BtGatt.GattService(14573): stopScan() - queue=1
01-14 12:26:03.713 D/BtGatt.GattService(14573): stopScan() - queue empty; stopping scan
01-14 12:26:03.733 D/BtGatt.btif(14573): btif_gattc_scan
01-14 12:26:03.733 D/BtGatt.btif(14573): btgattc_handle_event: Event 1003
01-14 12:26:03.743 D/BtGatt.GattService(14573): unregisterClient() - clientIf=4
01-14 12:26:03.743 D/BtGatt.btif(14573): btif_gattc_unregister_app
01-14 12:26:03.753 D/BtGatt.btif(14573): btgattc_handle_event: Event 1001
01-14 12:26:03.753 D/BtGatt.btif(14573): btif_gattc_upstreams_evt: Event 1
01-14 12:26:03.763 I/System.out(20901): About to start new scanning
01-14 12:26:03.763 D/BluetoothAdapter(20901): startLeScan(): null
01-14 12:26:03.763 D/BtGatt.GattService(14573): registerClient() - UUID=43fe8ba1-965a-41bc-ba4c-289e55597686
01-14 12:26:03.773 D/BtGatt.btif(14573): btif_gattc_register_app
01-14 12:26:03.773 D/BtGatt.btif(14573): btgattc_handle_event: Event 1000
01-14 12:26:03.773 D/BtGatt.btif(14573): btif_gattc_upstreams_evt: Event 0
01-14 12:26:03.773 D/BtGatt.GattService(14573): onClientRegistered() - UUID=43fe8ba1-965a-41bc-ba4c-289e55597686, clientIf=4
01-14 12:26:03.773 D/BluetoothAdapter(20901): onClientRegistered() - status=0 clientIf=4
01-14 12:26:03.783 D/BtGatt.GattService(14573): startScan() - queue=0
01-14 12:26:03.783 D/BtGatt.GattService(14573): startScan() - adding client=4
01-14 12:26:03.783 D/BtGatt.btif(14573): btif_gattc_scan
01-14 12:26:03.783 D/BtGatt.btif(14573): btgattc_handle_event: Event 1002
01-14 12:26:03.783 I/System.out(20901): Started new scanning
01-14 12:26:04.714 I/System.out(20901): Values:0
01-14 12:26:05.705 I/System.out(20901): Values:0
01-14 12:26:06.706 I/System.out(20901): Values:0
01-14 12:26:07.707 I/System.out(20901): Values:0
01-14 12:26:08.708 I/System.out(20901): Values:0
01-14 12:26:09.709 I/System.out(20901): Values:0
01-14 12:26:10.720 I/System.out(20901): Values:0
01-14 12:26:11.721 I/System.out(20901): Values:0
01-14 12:26:12.722 I/System.out(20901): Values:0
01-14 12:26:13.723 I/System.out(20901): Values:0
01-14 12:26:13.723 D/BluetoothAdapter(20901): stopLeScan()
01-14 12:26:13.733 D/BtGatt.GattService(14573): stopScan() - queue=1
01-14 12:26:13.733 D/BtGatt.GattService(14573): stopScan() - queue empty; stopping scan
01-14 12:26:13.743 D/BtGatt.btif(14573): btif_gattc_scan
01-14 12:26:13.743 D/BtGatt.btif(14573): btgattc_handle_event: Event 1003
01-14 12:26:13.753 D/BtGatt.GattService(14573): unregisterClient() - clientIf=4
01-14 12:26:13.753 D/BtGatt.btif(14573): btif_gattc_unregister_app
01-14 12:26:13.763 D/BtGatt.btif(14573): btgattc_handle_event: Event 1001
01-14 12:26:13.773 D/BtGatt.btif(14573): btif_gattc_upstreams_evt: Event 1
01-14 12:26:13.773 I/System.out(20901): About to start new scanning
01-14 12:26:13.773 D/BluetoothAdapter(20901): startLeScan(): null
01-14 12:26:13.783 D/BtGatt.GattService(14573): registerClient() - UUID=b25ac6b1-dc30-41c5-a211-edf1a4affa47
01-14 12:26:13.783 D/BtGatt.btif(14573): btif_gattc_register_app
01-14 12:26:13.783 D/BtGatt.btif(14573): btgattc_handle_event: Event 1000
01-14 12:26:13.783 D/BtGatt.btif(14573): btif_gattc_upstreams_evt: Event 0
01-14 12:26:13.783 D/BtGatt.GattService(14573): onClientRegistered() - UUID=b25ac6b1-dc30-41c5-a211-edf1a4affa47, clientIf=4
01-14 12:26:13.783 D/BluetoothAdapter(20901): onClientRegistered() - status=0 clientIf=4
01-14 12:26:13.793 D/BtGatt.GattService(14573): startScan() - queue=0
01-14 12:26:13.793 D/BtGatt.GattService(14573): startScan() - adding client=4
01-14 12:26:13.793 D/BtGatt.btif(14573): btif_gattc_scan
01-14 12:26:13.793 D/BtGatt.btif(14573): btgattc_handle_event: Event 1002
01-14 12:26:13.793 I/System.out(20901): Started new scanning
01-14 12:26:14.714 I/System.out(20901): Values:0
01-14 12:26:15.715 I/System.out(20901): Values:0
01-14 12:26:16.726 I/System.out(20901): Values:0
01-14 12:26:17.727 I/System.out(20901): Values:0
01-14 12:26:18.728 I/System.out(20901): Values:0
01-14 12:26:19.739 I/System.out(20901): Values:0
01-14 12:26:20.740 I/System.out(20901): Values:0
01-14 12:26:21.741 I/System.out(20901): Values:0
01-14 12:26:22.742 I/System.out(20901): Values:0
01-14 12:26:23.743 I/System.out(20901): Values:0
01-14 12:26:23.743 D/BluetoothAdapter(20901): stopLeScan()
01-14 12:26:23.753 D/BtGatt.GattService(14573): stopScan() - queue=1
01-14 12:26:23.763 D/BtGatt.GattService(14573): stopScan() - queue empty; stopping scan
01-14 12:26:23.763 D/BtGatt.btif(14573): btif_gattc_scan
01-14 12:26:23.773 D/BtGatt.btif(14573): btgattc_handle_event: Event 1003
01-14 12:26:23.783 D/BtGatt.GattService(14573): unregisterClient() - clientIf=4
01-14 12:26:23.783 D/BtGatt.btif(14573): btif_gattc_unregister_app
01-14 12:26:23.793 D/BtGatt.btif(14573): btgattc_handle_event: Event 1001
01-14 12:26:23.793 D/BtGatt.btif(14573): btif_gattc_upstreams_evt: Event 1
01-14 12:26:23.793 I/System.out(20901): About to start new scanning
01-14 12:26:23.803 D/BluetoothAdapter(20901): startLeScan(): null
01-14 12:26:23.803 D/BtGatt.GattService(14573): registerClient() - UUID=46fde59a-0274-4857-bbb6-c5fadbe2980b
01-14 12:26:23.803 D/BtGatt.btif(14573): btif_gattc_register_app
01-14 12:26:23.803 D/BtGatt.btif(14573): btgattc_handle_event: Event 1000
01-14 12:26:23.803 D/BtGatt.btif(14573): btif_gattc_upstreams_evt: Event 0
01-14 12:26:23.813 D/BtGatt.GattService(14573): onClientRegistered() - UUID=46fde59a-0274-4857-bbb6-c5fadbe2980b, clientIf=4
01-14 12:26:23.813 D/BluetoothAdapter(20901): onClientRegistered() - status=0 clientIf=4
01-14 12:26:23.813 D/BtGatt.GattService(14573): startScan() - queue=0
01-14 12:26:23.813 D/BtGatt.GattService(14573): startScan() - adding client=4
01-14 12:26:23.813 D/BtGatt.btif(14573): btif_gattc_scan
01-14 12:26:23.813 D/BtGatt.btif(14573): btgattc_handle_event: Event 1002
01-14 12:26:23.823 I/System.out(20901): Started new scanning
01-14 12:26:24.744 I/System.out(20901): Values:0
01-14 12:26:25.755 I/System.out(20901): Values:0
01-14 12:26:26.746 I/System.out(20901): Values:0
01-14 12:26:27.757 I/System.out(20901): Values:0
01-14 12:26:28.747 I/System.out(20901): Values:0
01-14 12:26:29.748 I/System.out(20901): Values:0
01-14 12:26:30.749 I/System.out(20901): Values:0
01-14 12:26:31.760 I/System.out(20901): Values:0
01-14 12:26:32.761 I/System.out(20901): Values:0
01-14 12:26:33.762 I/System.out(20901): Values:0
01-14 12:26:33.762 D/BluetoothAdapter(20901): stopLeScan()
01-14 12:26:33.772 D/BtGatt.GattService(14573): stopScan() - queue=1
01-14 12:26:33.772 D/BtGatt.GattService(14573): stopScan() - queue empty; stopping scan
01-14 12:26:33.782 D/BtGatt.btif(14573): btif_gattc_scan
01-14 12:26:33.782 D/BtGatt.btif(14573): btgattc_handle_event: Event 1003
01-14 12:26:33.792 D/BtGatt.GattService(14573): unregisterClient() - clientIf=4
01-14 12:26:33.802 D/BtGatt.btif(14573): btif_gattc_unregister_app
01-14 12:26:33.802 D/BtGatt.btif(14573): btgattc_handle_event: Event 1001
01-14 12:26:33.812 D/BtGatt.btif(14573): btif_gattc_upstreams_evt: Event 1
01-14 12:26:33.812 I/System.out(20901): About to start new scanning
01-14 12:26:33.812 D/BluetoothAdapter(20901): startLeScan(): null
01-14 12:26:33.822 D/BtGatt.GattService(14573): registerClient() - UUID=b75374a2-3590-4acb-85b8-35cc46709126
01-14 12:26:33.822 D/BtGatt.btif(14573): btif_gattc_register_app
01-14 12:26:33.822 D/BtGatt.btif(14573): btgattc_handle_event: Event 1000
01-14 12:26:33.822 D/BtGatt.btif(14573): btif_gattc_upstreams_evt: Event 0
01-14 12:26:33.822 D/BtGatt.GattService(14573): onClientRegistered() - UUID=b75374a2-3590-4acb-85b8-35cc46709126, clientIf=4
01-14 12:26:33.822 D/BluetoothAdapter(20901): onClientRegistered() - status=0 clientIf=4
01-14 12:26:33.832 D/BtGatt.GattService(14573): startScan() - queue=0
01-14 12:26:33.832 D/BtGatt.GattService(14573): startScan() - adding client=4
01-14 12:26:33.832 D/BtGatt.btif(14573): btif_gattc_scan
01-14 12:26:33.832 D/BtGatt.btif(14573): btgattc_handle_event: Event 1002
01-14 12:26:33.832 I/System.out(20901): Started new scanning
01-14 12:26:34.763 I/System.out(20901): Values:0
01-14 12:26:35.754 I/System.out(20901): Values:0
01-14 12:26:36.755 I/System.out(20901): Values:0
01-14 12:26:37.756 I/System.out(20901): Values:0
01-14 12:26:38.767 I/System.out(20901): Values:0
01-14 12:26:39.768 I/System.out(20901): Values:0
01-14 12:26:40.769 I/System.out(20901): Values:0
01-14 12:26:41.770 I/System.out(20901): Values:0
01-14 12:26:42.771 I/System.out(20901): Values:0
01-14 12:26:43.772 I/System.out(20901): Values:0
01-14 12:26:43.772 D/BluetoothAdapter(20901): stopLeScan()
01-14 12:26:43.792 D/BtGatt.GattService(14573): stopScan() - queue=1
01-14 12:26:43.792 D/BtGatt.GattService(14573): stopScan() - queue empty; stopping scan
01-14 12:26:43.802 D/BtGatt.btif(14573): btif_gattc_scan
01-14 12:26:43.802 D/BtGatt.btif(14573): btgattc_handle_event: Event 1003
01-14 12:26:43.822 D/BtGatt.GattService(14573): unregisterClient() - clientIf=4
01-14 12:26:43.822 D/BtGatt.btif(14573): btif_gattc_unregister_app
01-14 12:26:43.822 D/BtGatt.btif(14573): btgattc_handle_event: Event 1001
01-14 12:26:43.832 D/BtGatt.btif(14573): btif_gattc_upstreams_evt: Event 1
01-14 12:26:43.832 I/System.out(20901): About to start new scanning
01-14 12:26:43.832 D/BluetoothAdapter(20901): startLeScan(): null
01-14 12:26:43.832 D/BtGatt.GattService(14573): registerClient() - UUID=02fc93f3-f541-4d47-8693-c786e02f4106
01-14 12:26:43.832 D/BtGatt.btif(14573): btif_gattc_register_app
01-14 12:26:43.832 D/BtGatt.btif(14573): btgattc_handle_event: Event 1000
01-14 12:26:43.832 D/BtGatt.btif(14573): btif_gattc_upstreams_evt: Event 0
01-14 12:26:43.832 D/BtGatt.GattService(14573): onClientRegistered() - UUID=02fc93f3-f541-4d47-8693-c786e02f4106, clientIf=4
01-14 12:26:43.832 D/BluetoothAdapter(20901): onClientRegistered() - status=0 clientIf=4
01-14 12:26:43.842 D/BtGatt.GattService(14573): startScan() - queue=0
01-14 12:26:43.842 D/BtGatt.GattService(14573): startScan() - adding client=4
01-14 12:26:43.842 D/BtGatt.btif(14573): btif_gattc_scan
01-14 12:26:43.842 D/BtGatt.btif(14573): btgattc_handle_event: Event 1002
01-14 12:26:43.842 I/System.out(20901): Started new scanning
01-14 12:26:44.773 I/System.out(20901): Values:0
01-14 12:26:45.774 I/System.out(20901): Values:0
01-14 12:26:46.775 I/System.out(20901): Values:0
01-14 12:26:47.786 I/System.out(20901): Values:0
01-14 12:26:48.787 I/System.out(20901): Values:0
01-14 12:26:49.778 I/System.out(20901): Values:0
01-14 12:26:50.789 I/System.out(20901): Values:0
01-14 12:26:51.790 I/System.out(20901): Values:0
01-14 12:26:52.791 I/System.out(20901): Values:0
01-14 12:26:53.792 I/System.out(20901): Values:0
01-14 12:26:53.792 D/BluetoothAdapter(20901): stopLeScan()
01-14 12:26:53.812 D/BtGatt.GattService(14573): stopScan() - queue=1
01-14 12:26:53.812 D/BtGatt.GattService(14573): stopScan() - queue empty; stopping scan
01-14 12:26:53.822 D/BtGatt.btif(14573): btif_gattc_scan
01-14 12:26:53.822 D/BtGatt.btif(14573): btgattc_handle_event: Event 1003
01-14 12:26:53.842 D/BtGatt.GattService(14573): unregisterClient() - clientIf=4
01-14 12:26:53.842 D/BtGatt.btif(14573): btif_gattc_unregister_app
01-14 12:26:53.842 D/BtGatt.btif(14573): btgattc_handle_event: Event 1001
01-14 12:26:53.852 D/BtGatt.btif(14573): btif_gattc_upstreams_evt: Event 1
01-14 12:26:53.862 I/System.out(20901): About to start new scanning
01-14 12:26:53.862 D/BluetoothAdapter(20901): startLeScan(): null
01-14 12:26:53.862 D/BtGatt.GattService(14573): registerClient() - UUID=14a6bfdf-7950-47d1-a46b-1b20b56eeb8f
01-14 12:26:53.862 D/BtGatt.btif(14573): btif_gattc_register_app
01-14 12:26:53.862 D/BtGatt.btif(14573): btgattc_handle_event: Event 1000
01-14 12:26:53.862 D/BtGatt.btif(14573): btif_gattc_upstreams_evt: Event 0
01-14 12:26:53.872 D/BtGatt.GattService(14573): onClientRegistered() - UUID=14a6bfdf-7950-47d1-a46b-1b20b56eeb8f, clientIf=4
01-14 12:26:53.872 D/BluetoothAdapter(20901): onClientRegistered() - status=0 clientIf=4
01-14 12:26:53.872 D/BtGatt.GattService(14573): startScan() - queue=0
01-14 12:26:53.872 D/BtGatt.GattService(14573): startScan() - adding client=4
01-14 12:26:53.872 D/BtGatt.btif(14573): btif_gattc_scan
01-14 12:26:53.882 D/BtGatt.btif(14573): btgattc_handle_event: Event 1002
01-14 12:26:53.882 I/System.out(20901): Started new scanning
01-14 12:26:54.793 I/System.out(20901): Values:0
01-14 12:26:55.794 I/System.out(20901): Values:0
01-14 12:26:56.805 I/System.out(20901): Values:0
01-14 12:26:57.796 I/System.out(20901): Values:0
01-14 12:26:58.797 I/System.out(20901): Values:0
01-14 12:26:59.798 I/System.out(20901): Values:0
01-14 12:27:00.809 I/System.out(20901): Values:0
01-14 12:27:01.810 I/System.out(20901): Values:0
01-14 12:27:02.811 I/System.out(20901): Values:0
01-14 12:27:03.812 I/System.out(20901): Values:0
01-14 12:27:03.812 D/BluetoothAdapter(20901): stopLeScan()
01-14 12:27:03.832 D/BtGatt.GattService(14573): stopScan() - queue=1
01-14 12:27:03.832 D/BtGatt.GattService(14573): stopScan() - queue empty; stopping scan
01-14 12:27:03.832 D/BtGatt.btif(14573): btif_gattc_scan
01-14 12:27:03.842 D/BtGatt.btif(14573): btgattc_handle_event: Event 1003
01-14 12:27:03.852 D/BtGatt.GattService(14573): unregisterClient() - clientIf=4
01-14 12:27:03.852 D/BtGatt.btif(14573): btif_gattc_unregister_app
01-14 12:27:03.862 D/BtGatt.btif(14573): btgattc_handle_event: Event 1001
01-14 12:27:03.862 D/BtGatt.btif(14573): btif_gattc_upstreams_evt: Event 1
01-14 12:27:03.872 I/System.out(20901): About to start new scanning
01-14 12:27:03.872 D/BluetoothAdapter(20901): startLeScan(): null
01-14 12:27:03.882 D/BtGatt.GattService(14573): registerClient() - UUID=e64d9b03-296a-4511-9818-197d21a66f2e
01-14 12:27:03.882 D/BtGatt.btif(14573): btif_gattc_register_app
01-14 12:27:03.882 D/BtGatt.btif(14573): btgattc_handle_event: Event 1000
01-14 12:27:03.892 D/BtGatt.btif(14573): btif_gattc_upstreams_evt: Event 0
01-14 12:27:03.892 D/BtGatt.GattService(14573): onClientRegistered() - UUID=e64d9b03-296a-4511-9818-197d21a66f2e, clientIf=4
01-14 12:27:03.892 D/BluetoothAdapter(20901): onClientRegistered() - status=0 clientIf=4
01-14 12:27:03.892 D/BtGatt.GattService(14573): startScan() - queue=0
01-14 12:27:03.892 D/BtGatt.GattService(14573): startScan() - adding client=4
01-14 12:27:03.902 D/BtGatt.btif(14573): btif_gattc_scan
01-14 12:27:03.902 D/BtGatt.btif(14573): btgattc_handle_event: Event 1002
01-14 12:27:03.902 I/System.out(20901): Started new scanning
01-14 12:27:04.813 I/System.out(20901): Values:0
01-14 12:27:05.804 I/System.out(20901): Values:0
01-14 12:27:06.815 I/System.out(20901): Values:0
01-14 12:27:07.806 I/System.out(20901): Values:0
01-14 12:27:08.817 I/System.out(20901): Values:0
01-14 12:27:09.818 I/System.out(20901): Values:0
01-14 12:27:10.819 I/System.out(20901): Values:0
01-14 12:27:11.820 I/System.out(20901): Values:0
01-14 12:27:12.820 I/System.out(20901): Values:0
01-14 12:27:13.821 I/System.out(20901): Values:0
01-14 12:27:13.821 D/BluetoothAdapter(20901): stopLeScan()
01-14 12:27:13.841 D/BtGatt.GattService(14573): stopScan() - queue=1
01-14 12:27:13.841 D/BtGatt.GattService(14573): stopScan() - queue empty; stopping scan
01-14 12:27:13.851 D/BtGatt.btif(14573): btif_gattc_scan
01-14 12:27:13.851 D/BtGatt.btif(14573): btgattc_handle_event: Event 1003
01-14 12:27:13.872 D/BtGatt.GattService(14573): unregisterClient() - clientIf=4
01-14 12:27:13.872 D/BtGatt.btif(14573): btif_gattc_unregister_app
01-14 12:27:13.872 D/BtGatt.btif(14573): btgattc_handle_event: Event 1001
01-14 12:27:13.882 D/BtGatt.btif(14573): btif_gattc_upstreams_evt: Event 1
01-14 12:27:13.882 I/System.out(20901): About to start new scanning
01-14 12:27:13.892 D/BluetoothAdapter(20901): startLeScan(): null
01-14 12:27:13.892 D/BtGatt.GattService(14573): registerClient() - UUID=d744990c-55f0-424d-af68-b276bd9b6308
01-14 12:27:13.892 D/BtGatt.btif(14573): btif_gattc_register_app
01-14 12:27:13.892 D/BtGatt.btif(14573): btgattc_handle_event: Event 1000
01-14 12:27:13.892 D/BtGatt.btif(14573): btif_gattc_upstreams_evt: Event 0
01-14 12:27:13.892 D/BtGatt.GattService(14573): onClientRegistered() - UUID=d744990c-55f0-424d-af68-b276bd9b6308, clientIf=4
01-14 12:27:13.902 D/BluetoothAdapter(20901): onClientRegistered() - status=0 clientIf=4
01-14 12:27:13.902 D/BtGatt.GattService(14573): startScan() - queue=0
01-14 12:27:13.902 D/BtGatt.GattService(14573): startScan() - adding client=4
01-14 12:27:13.902 D/BtGatt.btif(14573): btif_gattc_scan
01-14 12:27:13.902 D/BtGatt.btif(14573): btgattc_handle_event: Event 1002
01-14 12:27:13.912 I/System.out(20901): Started new scanning
01-14 12:27:14.822 I/System.out(20901): Values:0
01-14 12:27:15.823 I/System.out(20901): Values:0
01-14 12:27:16.824 I/System.out(20901): Values:0
01-14 12:27:17.825 I/System.out(20901): Values:0
01-14 12:27:18.826 I/System.out(20901): Values:0
01-14 12:27:19.837 I/System.out(20901): Values:0
01-14 12:27:20.838 I/System.out(20901): Values:0
01-14 12:27:21.028 D/HeadsetPhoneState(14573): sendDeviceStateChanged. mService=0 mSignal=0 mRoam=0 mBatteryCharge=4
01-14 12:27:21.839 I/System.out(20901): Values:0
01-14 12:27:21.849 I/System.out(20901): Battery level start is reached
01-14 12:27:22.840 I/System.out(20901): Values:0
01-14 12:27:23.841 I/System.out(20901): Values:0
01-14 12:27:23.861 D/BluetoothAdapter(20901): stopLeScan()
01-14 12:27:23.871 D/BtGatt.GattService(14573): stopScan() - queue=1
01-14 12:27:23.871 D/BtGatt.GattService(14573): stopScan() - queue empty; stopping scan
01-14 12:27:23.881 D/BtGatt.btif(14573): btif_gattc_scan
01-14 12:27:23.881 D/BtGatt.btif(14573): btgattc_handle_event: Event 1003
01-14 12:27:23.901 D/BtGatt.GattService(14573): unregisterClient() - clientIf=4
01-14 12:27:23.901 D/BtGatt.btif(14573): btif_gattc_unregister_app
01-14 12:27:23.901 D/BtGatt.btif(14573): btgattc_handle_event: Event 1001
01-14 12:27:23.901 D/BtGatt.btif(14573): btif_gattc_upstreams_evt: Event 1
01-14 12:27:23.901 I/System.out(20901): About to start new scanning
01-14 12:27:23.911 D/BluetoothAdapter(20901): startLeScan(): null
01-14 12:27:23.911 D/BtGatt.GattService(14573): registerClient() - UUID=08b8227d-154d-4754-b094-4e2e1acfbdbc
01-14 12:27:23.911 D/BtGatt.btif(14573): btif_gattc_register_app
01-14 12:27:23.911 D/BtGatt.btif(14573): btgattc_handle_event: Event 1000
01-14 12:27:23.911 D/BtGatt.btif(14573): btif_gattc_upstreams_evt: Event 0
01-14 12:27:23.921 D/BtGatt.GattService(14573): onClientRegistered() - UUID=08b8227d-154d-4754-b094-4e2e1acfbdbc, clientIf=4
01-14 12:27:23.921 D/BluetoothAdapter(20901): onClientRegistered() - status=0 clientIf=4
01-14 12:27:23.921 D/BtGatt.GattService(14573): startScan() - queue=0
01-14 12:27:23.921 D/BtGatt.GattService(14573): startScan() - adding client=4
01-14 12:27:23.921 D/BtGatt.btif(14573): btif_gattc_scan
01-14 12:27:23.921 D/BtGatt.btif(14573): btgattc_handle_event: Event 1002
01-14 12:27:23.931 I/System.out(20901): Started new scanning
01-14 12:27:24.852 I/System.out(20901): Values:0
01-14 12:27:25.853 I/System.out(20901): Values:0
01-14 12:27:26.854 I/System.out(20901): Values:0
01-14 12:27:27.855 I/System.out(20901): Values:0
01-14 12:27:28.856 I/System.out(20901): Values:0
01-14 12:27:29.857 I/System.out(20901): Values:0
01-14 12:27:30.858 I/System.out(20901): Values:0
01-14 12:27:31.859 I/System.out(20901): Values:0
01-14 12:27:32.860 I/System.out(20901): Values:0
01-14 12:27:33.861 I/System.out(20901): Values:0
01-14 12:27:33.861 D/BluetoothAdapter(20901): stopLeScan()
01-14 12:27:33.881 D/BtGatt.GattService(14573): stopScan() - queue=1
01-14 12:27:33.881 D/BtGatt.GattService(14573): stopScan() - queue empty; stopping scan
01-14 12:27:33.881 D/BtGatt.btif(14573): btif_gattc_scan
01-14 12:27:33.881 D/BtGatt.btif(14573): btgattc_handle_event: Event 1003
01-14 12:27:33.891 D/BtGatt.GattService(14573): unregisterClient() - clientIf=4
01-14 12:27:33.901 D/BtGatt.btif(14573): btif_gattc_unregister_app
01-14 12:27:33.901 D/BtGatt.btif(14573): btgattc_handle_event: Event 1001
01-14 12:27:33.901 D/BtGatt.btif(14573): btif_gattc_upstreams_evt: Event 1
01-14 12:27:33.901 I/System.out(20901): About to start new scanning
01-14 12:27:33.911 D/BluetoothAdapter(20901): startLeScan(): null
01-14 12:27:33.911 D/BtGatt.GattService(14573): registerClient() - UUID=11594bdc-c0a3-4047-b119-9fdfe314a433
01-14 12:27:33.911 D/BtGatt.btif(14573): btif_gattc_register_app
01-14 12:27:33.921 D/BtGatt.btif(14573): btgattc_handle_event: Event 1000
01-14 12:27:33.921 D/BtGatt.btif(14573): btif_gattc_upstreams_evt: Event 0
01-14 12:27:33.921 D/BtGatt.GattService(14573): onClientRegistered() - UUID=11594bdc-c0a3-4047-b119-9fdfe314a433, clientIf=4
01-14 12:27:33.921 D/BluetoothAdapter(20901): onClientRegistered() - status=0 clientIf=4
01-14 12:27:33.931 D/BtGatt.GattService(14573): startScan() - queue=0
01-14 12:27:33.931 D/BtGatt.GattService(14573): startScan() - adding client=4
01-14 12:27:33.931 D/BtGatt.btif(14573): btif_gattc_scan
01-14 12:27:33.931 D/BtGatt.btif(14573): btgattc_handle_event: Event 1002
01-14 12:27:33.941 I/System.out(20901): Started new scanning
01-14 12:27:34.862 I/System.out(20901): Values:0
01-14 12:27:35.863 I/System.out(20901): Values:0
01-14 12:27:36.854 I/System.out(20901): Values:0
01-14 12:27:37.855 I/System.out(20901): Values:0
01-14 12:27:38.856 I/System.out(20901): Values:0
01-14 12:27:39.867 I/System.out(20901): Values:0
01-14 12:27:40.868 I/System.out(20901): Values:0
01-14 12:27:41.869 I/System.out(20901): Values:0
01-14 12:27:42.870 I/System.out(20901): Values:0
01-14 12:27:43.871 I/System.out(20901): Values:0
01-14 12:27:43.871 D/BluetoothAdapter(20901): stopLeScan()
01-14 12:27:43.881 D/BtGatt.GattService(14573): stopScan() - queue=1
01-14 12:27:43.891 D/BtGatt.GattService(14573): stopScan() - queue empty; stopping scan
01-14 12:27:43.891 D/BtGatt.btif(14573): btif_gattc_scan
01-14 12:27:43.901 D/BtGatt.btif(14573): btgattc_handle_event: Event 1003
01-14 12:27:43.911 D/BtGatt.GattService(14573): unregisterClient() - clientIf=4
01-14 12:27:43.911 D/BtGatt.btif(14573): btif_gattc_unregister_app
01-14 12:27:43.921 D/BtGatt.btif(14573): btgattc_handle_event: Event 1001
01-14 12:27:43.921 D/BtGatt.btif(14573): btif_gattc_upstreams_evt: Event 1
01-14 12:27:43.931 I/System.out(20901): About to start new scanning
01-14 12:27:43.931 D/BluetoothAdapter(20901): startLeScan(): null
01-14 12:27:43.951 D/BtGatt.GattService(14573): registerClient() - UUID=16084bba-d231-428c-8f62-746b85e77194
01-14 12:27:43.951 D/BtGatt.btif(14573): btif_gattc_register_app
01-14 12:27:43.961 D/BtGatt.btif(14573): btgattc_handle_event: Event 1000
