01-14 12:27:43.961 D/BtGatt.btif(14573): btif_gattc_upstreams_evt: Event 0
01-14 12:27:43.961 D/BtGatt.GattService(14573): onClientRegistered() - UUID=16084bba-d231-428c-8f62-746b85e77194, clientIf=4
01-14 12:27:43.961 D/BluetoothAdapter(20901): onClientRegistered() - status=0 clientIf=4
01-14 12:27:43.971 D/BtGatt.GattService(14573): startScan() - queue=0
01-14 12:27:43.971 D/BtGatt.GattService(14573): startScan() - adding client=4
01-14 12:27:43.971 D/BtGatt.btif(14573): btif_gattc_scan
01-14 12:27:43.971 D/BtGatt.btif(14573): btgattc_handle_event: Event 1002
01-14 12:27:43.971 I/System.out(20901): Started new scanning
01-14 12:27:44.872 I/System.out(20901): Values:0
01-14 12:27:45.873 I/System.out(20901): Values:0
01-14 12:27:46.864 I/System.out(20901): Values:0
01-14 12:27:47.865 I/System.out(20901): Values:0
01-14 12:27:48.876 I/System.out(20901): Values:0
01-14 12:27:49.877 I/System.out(20901): Values:0
01-14 12:27:50.878 I/System.out(20901): Values:0
01-14 12:27:51.889 I/System.out(20901): Values:0
01-14 12:27:52.890 I/System.out(20901): Values:0
01-14 12:27:53.891 I/System.out(20901): Values:0
01-14 12:27:53.891 D/BluetoothAdapter(20901): stopLeScan()
01-14 12:27:53.911 D/BtGatt.GattService(14573): stopScan() - queue=1
01-14 12:27:53.911 D/BtGatt.GattService(14573): stopScan() - queue empty; stopping scan
01-14 12:27:53.911 D/BtGatt.btif(14573): btif_gattc_scan
01-14 12:27:53.921 D/BtGatt.btif(14573): btgattc_handle_event: Event 1003
01-14 12:27:53.931 D/BtGatt.GattService(14573): unregisterClient() - clientIf=4
01-14 12:27:53.931 D/BtGatt.btif(14573): btif_gattc_unregister_app
01-14 12:27:53.941 D/BtGatt.btif(14573): btgattc_handle_event: Event 1001
01-14 12:27:53.941 D/BtGatt.btif(14573): btif_gattc_upstreams_evt: Event 1
01-14 12:27:53.951 I/System.out(20901): About to start new scanning
01-14 12:27:53.961 D/BluetoothAdapter(20901): startLeScan(): null
01-14 12:27:53.961 D/BtGatt.GattService(14573): registerClient() - UUID=1e82abf2-f66f-47c6-90d4-9f457587acb2
01-14 12:27:53.961 D/BtGatt.btif(14573): btif_gattc_register_app
01-14 12:27:53.971 D/BtGatt.btif(14573): btgattc_handle_event: Event 1000
01-14 12:27:53.971 D/BtGatt.btif(14573): btif_gattc_upstreams_evt: Event 0
01-14 12:27:53.971 D/BtGatt.GattService(14573): onClientRegistered() - UUID=1e82abf2-f66f-47c6-90d4-9f457587acb2, clientIf=4
01-14 12:27:53.971 D/BluetoothAdapter(20901): onClientRegistered() - status=0 clientIf=4
01-14 12:27:53.971 D/BtGatt.GattService(14573): startScan() - queue=0
01-14 12:27:53.971 D/BtGatt.GattService(14573): startScan() - adding client=4
01-14 12:27:53.981 D/BtGatt.btif(14573): btif_gattc_scan
01-14 12:27:53.981 D/BtGatt.btif(14573): btgattc_handle_event: Event 1002
01-14 12:27:53.981 I/System.out(20901): Started new scanning
01-14 12:27:54.892 I/System.out(20901): Values:0
01-14 12:27:55.892 I/System.out(20901): Values:0
01-14 12:27:56.893 I/System.out(20901): Values:0
01-14 12:27:57.894 I/System.out(20901): Values:0
01-14 12:27:58.895 I/System.out(20901): Values:0
01-14 12:27:59.896 I/System.out(20901): Values:0
01-14 12:28:00.897 I/System.out(20901): Values:0
01-14 12:28:01.908 I/System.out(20901): Values:0
01-14 12:28:02.909 I/System.out(20901): Values:0
01-14 12:28:03.910 I/System.out(20901): Values:0
01-14 12:28:03.910 D/BluetoothAdapter(20901): stopLeScan()
01-14 12:28:03.930 D/BtGatt.GattService(14573): stopScan() - queue=1
01-14 12:28:03.930 D/BtGatt.GattService(14573): stopScan() - queue empty; stopping scan
01-14 12:28:03.930 D/BtGatt.btif(14573): btif_gattc_scan
01-14 12:28:03.940 D/BtGatt.btif(14573): btgattc_handle_event: Event 1003
01-14 12:28:03.950 D/BtGatt.GattService(14573): unregisterClient() - clientIf=4
01-14 12:28:03.950 D/BtGatt.btif(14573): btif_gattc_unregister_app
01-14 12:28:03.960 D/BtGatt.btif(14573): btgattc_handle_event: Event 1001
01-14 12:28:03.960 D/BtGatt.btif(14573): btif_gattc_upstreams_evt: Event 1
01-14 12:28:03.970 I/System.out(20901): About to start new scanning
01-14 12:28:03.970 D/BluetoothAdapter(20901): startLeScan(): null
01-14 12:28:03.970 D/BtGatt.GattService(14573): registerClient() - UUID=cdcb0264-bdf2-43b9-9c5f-e8e8b7a02a20
01-14 12:28:03.980 D/BtGatt.btif(14573): btif_gattc_register_app
01-14 12:28:03.980 D/BtGatt.btif(14573): btgattc_handle_event: Event 1000
01-14 12:28:03.980 D/BtGatt.btif(14573): btif_gattc_upstreams_evt: Event 0
01-14 12:28:03.980 D/BtGatt.GattService(14573): onClientRegistered() - UUID=cdcb0264-bdf2-43b9-9c5f-e8e8b7a02a20, clientIf=4
01-14 12:28:03.980 D/BluetoothAdapter(20901): onClientRegistered() - status=0 clientIf=4
01-14 12:28:03.990 D/BtGatt.GattService(14573): startScan() - queue=0
01-14 12:28:03.990 D/BtGatt.GattService(14573): startScan() - adding client=4
01-14 12:28:03.990 D/BtGatt.btif(14573): btif_gattc_scan
01-14 12:28:03.990 D/BtGatt.btif(14573): btgattc_handle_event: Event 1002
01-14 12:28:03.990 I/System.out(20901): Started new scanning
01-14 12:28:04.911 I/System.out(20901): Values:0
01-14 12:28:05.912 I/System.out(20901): Values:0
01-14 12:28:06.913 I/System.out(20901): Values:0
01-14 12:28:07.914 I/System.out(20901): Values:0
01-14 12:28:08.915 I/System.out(20901): Values:0
01-14 12:28:09.916 I/System.out(20901): Values:0
01-14 12:28:10.917 I/System.out(20901): Values:0
01-14 12:28:11.918 I/System.out(20901): Values:0
01-14 12:28:12.929 I/System.out(20901): Values:0
01-14 12:28:13.930 I/System.out(20901): Values:0
01-14 12:28:13.930 D/BluetoothAdapter(20901): stopLeScan()
01-14 12:28:13.940 D/BtGatt.GattService(14573): stopScan() - queue=1
01-14 12:28:13.950 D/BtGatt.GattService(14573): stopScan() - queue empty; stopping scan
01-14 12:28:13.950 D/BtGatt.btif(14573): btif_gattc_scan
01-14 12:28:13.960 D/BtGatt.btif(14573): btgattc_handle_event: Event 1003
01-14 12:28:13.970 D/BtGatt.GattService(14573): unregisterClient() - clientIf=4
01-14 12:28:13.970 D/BtGatt.btif(14573): btif_gattc_unregister_app
01-14 12:28:13.980 D/BtGatt.btif(14573): btgattc_handle_event: Event 1001
01-14 12:28:13.990 D/BtGatt.btif(14573): btif_gattc_upstreams_evt: Event 1
01-14 12:28:13.990 I/System.out(20901): About to start new scanning
01-14 12:28:13.990 D/BluetoothAdapter(20901): startLeScan(): null
01-14 12:28:14.000 D/BtGatt.GattService(14573): registerClient() - UUID=82f316df-fd21-4c70-9213-aaf1845f668e
01-14 12:28:14.000 D/BtGatt.btif(14573): btif_gattc_register_app
01-14 12:28:14.000 D/BtGatt.btif(14573): btgattc_handle_event: Event 1000
01-14 12:28:14.000 D/BtGatt.btif(14573): btif_gattc_upstreams_evt: Event 0
01-14 12:28:14.000 D/BtGatt.GattService(14573): onClientRegistered() - UUID=82f316df-fd21-4c70-9213-aaf1845f668e, clientIf=4
01-14 12:28:14.000 D/BluetoothAdapter(20901): onClientRegistered() - status=0 clientIf=4
01-14 12:28:14.010 D/BtGatt.GattService(14573): startScan() - queue=0
01-14 12:28:14.010 D/BtGatt.GattService(14573): startScan() - adding client=4
01-14 12:28:14.010 D/BtGatt.btif(14573): btif_gattc_scan
01-14 12:28:14.010 D/BtGatt.btif(14573): btgattc_handle_event: Event 1002
01-14 12:28:14.010 I/System.out(20901): Started new scanning
01-14 12:28:14.931 I/System.out(20901): Values:0
01-14 12:28:15.932 I/System.out(20901): Values:0
01-14 12:28:16.933 I/System.out(20901): Values:0
01-14 12:28:17.934 I/System.out(20901): Values:0
01-14 12:28:18.935 I/System.out(20901): Values:0
01-14 12:28:19.936 I/System.out(20901): Values:0
01-14 12:28:20.937 I/System.out(20901): Values:0
01-14 12:28:21.948 I/System.out(20901): Values:0
01-14 12:28:22.949 I/System.out(20901): Values:0
01-14 12:28:23.950 I/System.out(20901): Values:0
01-14 12:28:23.950 D/BluetoothAdapter(20901): stopLeScan()
01-14 12:28:23.960 D/BtGatt.GattService(14573): stopScan() - queue=1
01-14 12:28:23.960 D/BtGatt.GattService(14573): stopScan() - queue empty; stopping scan
01-14 12:28:23.980 D/BtGatt.btif(14573): btif_gattc_scan
01-14 12:28:23.980 D/BtGatt.btif(14573): btgattc_handle_event: Event 1003
01-14 12:28:23.990 D/BtGatt.GattService(14573): unregisterClient() - clientIf=4
01-14 12:28:23.990 D/BtGatt.btif(14573): btif_gattc_unregister_app
01-14 12:28:24.000 D/BtGatt.btif(14573): btgattc_handle_event: Event 1001
01-14 12:28:24.010 D/BtGatt.btif(14573): btif_gattc_upstreams_evt: Event 1
01-14 12:28:24.010 I/System.out(20901): About to start new scanning
01-14 12:28:24.020 D/BluetoothAdapter(20901): startLeScan(): null
01-14 12:28:24.030 D/BtGatt.GattService(14573): registerClient() - UUID=737d761f-8871-4ddd-9ce4-8c52a0e3052c
01-14 12:28:24.030 D/BtGatt.btif(14573): btif_gattc_register_app
01-14 12:28:24.040 D/BtGatt.btif(14573): btgattc_handle_event: Event 1000
01-14 12:28:24.040 D/BtGatt.btif(14573): btif_gattc_upstreams_evt: Event 0
01-14 12:28:24.040 D/BtGatt.GattService(14573): onClientRegistered() - UUID=737d761f-8871-4ddd-9ce4-8c52a0e3052c, clientIf=4
01-14 12:28:24.040 D/BluetoothAdapter(20901): onClientRegistered() - status=0 clientIf=4
01-14 12:28:24.050 D/BtGatt.GattService(14573): startScan() - queue=0
01-14 12:28:24.050 D/BtGatt.GattService(14573): startScan() - adding client=4
01-14 12:28:24.050 D/BtGatt.btif(14573): btif_gattc_scan
01-14 12:28:24.050 D/BtGatt.btif(14573): btgattc_handle_event: Event 1002
01-14 12:28:24.050 I/System.out(20901): Started new scanning
01-14 12:28:24.951 I/System.out(20901): Values:0
01-14 12:28:25.952 I/System.out(20901): Values:0
01-14 12:28:26.953 I/System.out(20901): Values:0
01-14 12:28:27.954 I/System.out(20901): Values:0
01-14 12:28:28.955 I/System.out(20901): Values:0
01-14 12:28:29.956 I/System.out(20901): Values:0
01-14 12:28:30.957 I/System.out(20901): Values:0
01-14 12:28:31.958 I/System.out(20901): Values:0
01-14 12:28:32.959 I/System.out(20901): Values:0
01-14 12:28:33.960 I/System.out(20901): Values:0
01-14 12:28:33.960 D/BluetoothAdapter(20901): stopLeScan()
01-14 12:28:33.980 D/BtGatt.GattService(14573): stopScan() - queue=1
01-14 12:28:33.980 D/BtGatt.GattService(14573): stopScan() - queue empty; stopping scan
01-14 12:28:33.990 D/BtGatt.btif(14573): btif_gattc_scan
01-14 12:28:34.000 D/BtGatt.btif(14573): btgattc_handle_event: Event 1003
01-14 12:28:34.010 D/BtGatt.GattService(14573): unregisterClient() - clientIf=4
01-14 12:28:34.010 D/BtGatt.btif(14573): btif_gattc_unregister_app
01-14 12:28:34.020 D/BtGatt.btif(14573): btgattc_handle_event: Event 1001
01-14 12:28:34.020 D/BtGatt.btif(14573): btif_gattc_upstreams_evt: Event 1
01-14 12:28:34.020 I/System.out(20901): About to start new scanning
01-14 12:28:34.030 D/BluetoothAdapter(20901): startLeScan(): null
01-14 12:28:34.030 D/BtGatt.GattService(14573): registerClient() - UUID=991c3368-7485-44ed-86fc-4699bc77c630
01-14 12:28:34.030 D/BtGatt.btif(14573): btif_gattc_register_app
01-14 12:28:34.030 D/BtGatt.btif(14573): btgattc_handle_event: Event 1000
01-14 12:28:34.030 D/BtGatt.btif(14573): btif_gattc_upstreams_evt: Event 0
01-14 12:28:34.040 D/BtGatt.GattService(14573): onClientRegistered() - UUID=991c3368-7485-44ed-86fc-4699bc77c630, clientIf=4
01-14 12:28:34.040 D/BluetoothAdapter(20901): onClientRegistered() - status=0 clientIf=4
01-14 12:28:34.040 D/BtGatt.GattService(14573): startScan() - queue=0
01-14 12:28:34.040 D/BtGatt.GattService(14573): startScan() - adding client=4
01-14 12:28:34.040 D/BtGatt.btif(14573): btif_gattc_scan
01-14 12:28:34.040 D/BtGatt.btif(14573): btgattc_handle_event: Event 1002
01-14 12:28:34.050 I/System.out(20901): Started new scanning
01-14 12:28:34.971 I/System.out(20901): Values:0
01-14 12:28:35.972 I/System.out(20901): Values:0
01-14 12:28:36.963 I/System.out(20901): Values:0
01-14 12:28:37.974 I/System.out(20901): Values:0
01-14 12:28:38.975 I/System.out(20901): Values:0
01-14 12:28:39.035 D/dalvikvm(20901): GC_CONCURRENT freed 385K, 5% free 9089K/9512K, paused 5ms+6ms, total 52ms
01-14 12:28:39.976 I/System.out(20901): Values:0
01-14 12:28:40.976 I/System.out(20901): Values:0
01-14 12:28:41.977 I/System.out(20901): Values:0
01-14 12:28:42.988 I/System.out(20901): Values:0
01-14 12:28:43.989 I/System.out(20901): Values:0
01-14 12:28:43.989 D/BluetoothAdapter(20901): stopLeScan()
01-14 12:28:44.009 D/BtGatt.GattService(14573): stopScan() - queue=1
01-14 12:28:44.009 D/BtGatt.GattService(14573): stopScan() - queue empty; stopping scan
01-14 12:28:44.019 D/BtGatt.btif(14573): btif_gattc_scan
01-14 12:28:44.019 D/BtGatt.btif(14573): btgattc_handle_event: Event 1003
01-14 12:28:44.029 D/BtGatt.GattService(14573): unregisterClient() - clientIf=4
01-14 12:28:44.039 D/BtGatt.btif(14573): btif_gattc_unregister_app
01-14 12:28:44.039 D/BtGatt.btif(14573): btgattc_handle_event: Event 1001
01-14 12:28:44.049 D/BtGatt.btif(14573): btif_gattc_upstreams_evt: Event 1
01-14 12:28:44.059 I/System.out(20901): About to start new scanning
01-14 12:28:44.059 D/BluetoothAdapter(20901): startLeScan(): null
01-14 12:28:44.059 D/BtGatt.GattService(14573): registerClient() - UUID=a4a70eb6-3cef-4c16-b0d6-638c94f84d16
01-14 12:28:44.070 D/BtGatt.btif(14573): btif_gattc_register_app
01-14 12:28:44.070 D/BtGatt.btif(14573): btgattc_handle_event: Event 1000
01-14 12:28:44.070 D/BtGatt.btif(14573): btif_gattc_upstreams_evt: Event 0
01-14 12:28:44.070 D/BtGatt.GattService(14573): onClientRegistered() - UUID=a4a70eb6-3cef-4c16-b0d6-638c94f84d16, clientIf=4
01-14 12:28:44.070 D/BluetoothAdapter(20901): onClientRegistered() - status=0 clientIf=4
01-14 12:28:44.070 D/BtGatt.GattService(14573): startScan() - queue=0
01-14 12:28:44.080 D/BtGatt.GattService(14573): startScan() - adding client=4
01-14 12:28:44.080 D/BtGatt.btif(14573): btif_gattc_scan
01-14 12:28:44.080 D/BtGatt.btif(14573): btgattc_handle_event: Event 1002
01-14 12:28:44.080 I/System.out(20901): Started new scanning
01-14 12:28:44.990 I/System.out(20901): Values:0
01-14 12:28:45.991 I/System.out(20901): Values:0
01-14 12:28:46.992 I/System.out(20901): Values:0
01-14 12:28:47.993 I/System.out(20901): Values:0
01-14 12:28:49.004 I/System.out(20901): Values:0
01-14 12:28:49.995 I/System.out(20901): Values:0
01-14 12:28:50.996 I/System.out(20901): Values:0
01-14 12:28:51.997 I/System.out(20901): Values:0
01-14 12:28:53.008 I/System.out(20901): Values:0
01-14 12:28:54.009 I/System.out(20901): Values:0
01-14 12:28:54.009 D/BluetoothAdapter(20901): stopLeScan()
01-14 12:28:54.019 D/BtGatt.GattService(14573): stopScan() - queue=1
01-14 12:28:54.019 D/BtGatt.GattService(14573): stopScan() - queue empty; stopping scan
01-14 12:28:54.039 D/BtGatt.btif(14573): btif_gattc_scan
01-14 12:28:54.039 D/BtGatt.btif(14573): btgattc_handle_event: Event 1003
01-14 12:28:54.049 D/BtGatt.GattService(14573): unregisterClient() - clientIf=4
01-14 12:28:54.049 D/BtGatt.btif(14573): btif_gattc_unregister_app
01-14 12:28:54.059 D/BtGatt.btif(14573): btgattc_handle_event: Event 1001
01-14 12:28:54.059 D/BtGatt.btif(14573): btif_gattc_upstreams_evt: Event 1
01-14 12:28:54.069 I/System.out(20901): About to start new scanning
01-14 12:28:54.069 D/BluetoothAdapter(20901): startLeScan(): null
01-14 12:28:54.069 D/BtGatt.GattService(14573): registerClient() - UUID=419dff6e-1c34-4446-ae70-00c6fea495f0
01-14 12:28:54.079 D/BtGatt.btif(14573): btif_gattc_register_app
01-14 12:28:54.079 D/BtGatt.btif(14573): btgattc_handle_event: Event 1000
01-14 12:28:54.079 D/BtGatt.btif(14573): btif_gattc_upstreams_evt: Event 0
01-14 12:28:54.079 D/BtGatt.GattService(14573): onClientRegistered() - UUID=419dff6e-1c34-4446-ae70-00c6fea495f0, clientIf=4
01-14 12:28:54.079 D/BluetoothAdapter(20901): onClientRegistered() - status=0 clientIf=4
01-14 12:28:54.079 D/BtGatt.GattService(14573): startScan() - queue=0
01-14 12:28:54.089 D/BtGatt.GattService(14573): startScan() - adding client=4
01-14 12:28:54.089 D/BtGatt.btif(14573): btif_gattc_scan
01-14 12:28:54.089 D/BtGatt.btif(14573): btgattc_handle_event: Event 1002
01-14 12:28:54.089 I/System.out(20901): Started new scanning
01-14 12:28:55.010 I/System.out(20901): Values:0
01-14 12:28:56.011 I/System.out(20901): Values:0
01-14 12:28:57.012 I/System.out(20901): Values:0
01-14 12:28:58.013 I/System.out(20901): Values:0
01-14 12:28:59.014 I/System.out(20901): Values:0
01-14 12:29:00.015 I/System.out(20901): Values:0
01-14 12:29:01.016 I/System.out(20901): Values:0
01-14 12:29:02.017 I/System.out(20901): Values:0
01-14 12:29:03.028 I/System.out(20901): Values:0
01-14 12:29:04.019 I/System.out(20901): Values:0
01-14 12:29:04.029 D/BluetoothAdapter(20901): stopLeScan()
01-14 12:29:04.039 D/BtGatt.GattService(14573): stopScan() - queue=1
01-14 12:29:04.039 D/BtGatt.GattService(14573): stopScan() - queue empty; stopping scan
01-14 12:29:04.049 D/BtGatt.btif(14573): btif_gattc_scan
01-14 12:29:04.059 D/BtGatt.btif(14573): btgattc_handle_event: Event 1003
01-14 12:29:04.069 D/BtGatt.GattService(14573): unregisterClient() - clientIf=4
01-14 12:29:04.069 D/BtGatt.btif(14573): btif_gattc_unregister_app
01-14 12:29:04.079 D/BtGatt.btif(14573): btgattc_handle_event: Event 1001
01-14 12:29:04.079 D/BtGatt.btif(14573): btif_gattc_upstreams_evt: Event 1
01-14 12:29:04.079 I/System.out(20901): About to start new scanning
01-14 12:29:04.089 D/BluetoothAdapter(20901): startLeScan(): null
01-14 12:29:04.089 D/BtGatt.GattService(14573): registerClient() - UUID=b5f2a599-d085-4a48-a17c-15c8529d9725
01-14 12:29:04.089 D/BtGatt.btif(14573): btif_gattc_register_app
01-14 12:29:04.089 D/BtGatt.btif(14573): btgattc_handle_event: Event 1000
01-14 12:29:04.089 D/BtGatt.btif(14573): btif_gattc_upstreams_evt: Event 0
01-14 12:29:04.099 D/BtGatt.GattService(14573): onClientRegistered() - UUID=b5f2a599-d085-4a48-a17c-15c8529d9725, clientIf=4
01-14 12:29:04.099 D/BluetoothAdapter(20901): onClientRegistered() - status=0 clientIf=4
01-14 12:29:04.099 D/BtGatt.GattService(14573): startScan() - queue=0
01-14 12:29:04.099 D/BtGatt.GattService(14573): startScan() - adding client=4
01-14 12:29:04.099 D/BtGatt.btif(14573): btif_gattc_scan
01-14 12:29:04.099 D/BtGatt.btif(14573): btgattc_handle_event: Event 1002
01-14 12:29:04.109 I/System.out(20901): Started new scanning
01-14 12:29:05.020 I/System.out(20901): Values:0
01-14 12:29:06.031 I/System.out(20901): Values:0
01-14 12:29:07.032 I/System.out(20901): Values:0
01-14 12:29:08.033 I/System.out(20901): Values:0
01-14 12:29:09.024 I/System.out(20901): Values:0
01-14 12:29:10.035 I/System.out(20901): Values:0
01-14 12:29:11.026 I/System.out(20901): Values:0
01-14 12:29:12.037 I/System.out(20901): Values:0
01-14 12:29:13.038 I/System.out(20901): Values:0
01-14 12:29:14.039 I/System.out(20901): Values:0
01-14 12:29:14.039 D/BluetoothAdapter(20901): stopLeScan()
01-14 12:29:14.059 D/BtGatt.GattService(14573): stopScan() - queue=1
01-14 12:29:14.059 D/BtGatt.GattService(14573): stopScan() - queue empty; stopping scan
01-14 12:29:14.069 D/BtGatt.btif(14573): btif_gattc_scan
01-14 12:29:14.069 D/BtGatt.btif(14573): btgattc_handle_event: Event 1003
01-14 12:29:14.089 D/BtGatt.GattService(14573): unregisterClient() - clientIf=4
01-14 12:29:14.089 D/BtGatt.btif(14573): btif_gattc_unregister_app
01-14 12:29:14.089 D/BtGatt.btif(14573): btgattc_handle_event: Event 1001
01-14 12:29:14.099 D/BtGatt.btif(14573): btif_gattc_upstreams_evt: Event 1
01-14 12:29:14.099 I/System.out(20901): About to start new scanning
01-14 12:29:14.099 D/BluetoothAdapter(20901): startLeScan(): null
01-14 12:29:14.109 D/BtGatt.GattService(14573): registerClient() - UUID=4bf93ca8-043c-4a91-be9c-b9a9e243b096
01-14 12:29:14.109 D/BtGatt.btif(14573): btif_gattc_register_app
01-14 12:29:14.109 D/BtGatt.btif(14573): btgattc_handle_event: Event 1000
01-14 12:29:14.109 D/BtGatt.btif(14573): btif_gattc_upstreams_evt: Event 0
01-14 12:29:14.109 D/BtGatt.GattService(14573): onClientRegistered() - UUID=4bf93ca8-043c-4a91-be9c-b9a9e243b096, clientIf=4
01-14 12:29:14.109 D/BluetoothAdapter(20901): onClientRegistered() - status=0 clientIf=4
01-14 12:29:14.119 D/BtGatt.GattService(14573): startScan() - queue=0
01-14 12:29:14.119 D/BtGatt.GattService(14573): startScan() - adding client=4
01-14 12:29:14.119 D/BtGatt.btif(14573): btif_gattc_scan
01-14 12:29:14.119 D/BtGatt.btif(14573): btgattc_handle_event: Event 1002
01-14 12:29:14.119 I/System.out(20901): Started new scanning
01-14 12:29:15.040 I/System.out(20901): Values:0
01-14 12:29:16.041 I/System.out(20901): Values:0
01-14 12:29:17.052 I/System.out(20901): Values:0
01-14 12:29:18.053 I/System.out(20901): Values:0
01-14 12:29:19.054 I/System.out(20901): Values:0
01-14 12:29:20.055 I/System.out(20901): Values:0
01-14 12:29:21.066 I/System.out(20901): Values:0
01-14 12:29:22.057 I/System.out(20901): Values:0
01-14 12:29:23.068 I/System.out(20901): Values:0
01-14 12:29:24.069 I/System.out(20901): Values:0
01-14 12:29:24.069 D/BluetoothAdapter(20901): stopLeScan()
01-14 12:29:24.089 D/BtGatt.GattService(14573): stopScan() - queue=1
01-14 12:29:24.089 D/BtGatt.GattService(14573): stopScan() - queue empty; stopping scan
01-14 12:29:24.089 D/BtGatt.btif(14573): btif_gattc_scan
01-14 12:29:24.099 D/BtGatt.btif(14573): btgattc_handle_event: Event 1003
01-14 12:29:24.109 D/BtGatt.GattService(14573): unregisterClient() - clientIf=4
01-14 12:29:24.109 D/BtGatt.btif(14573): btif_gattc_unregister_app
01-14 12:29:24.119 D/BtGatt.btif(14573): btgattc_handle_event: Event 1001
01-14 12:29:24.119 D/BtGatt.btif(14573): btif_gattc_upstreams_evt: Event 1
01-14 12:29:24.129 I/System.out(20901): About to start new scanning
01-14 12:29:24.129 D/BluetoothAdapter(20901): startLeScan(): null
01-14 12:29:24.139 D/BtGatt.GattService(14573): registerClient() - UUID=b1f2fb31-8c56-471d-ba4a-750aba6c5cbc
01-14 12:29:24.139 D/BtGatt.btif(14573): btif_gattc_register_app
01-14 12:29:24.139 D/BtGatt.btif(14573): btgattc_handle_event: Event 1000
01-14 12:29:24.139 D/BtGatt.btif(14573): btif_gattc_upstreams_evt: Event 0
01-14 12:29:24.139 D/BtGatt.GattService(14573): onClientRegistered() - UUID=b1f2fb31-8c56-471d-ba4a-750aba6c5cbc, clientIf=4
01-14 12:29:24.149 D/BluetoothAdapter(20901): onClientRegistered() - status=0 clientIf=4
01-14 12:29:24.149 D/BtGatt.GattService(14573): startScan() - queue=0
01-14 12:29:24.149 D/BtGatt.GattService(14573): startScan() - adding client=4
01-14 12:29:24.149 D/BtGatt.btif(14573): btif_gattc_scan
01-14 12:29:24.149 D/BtGatt.btif(14573): btgattc_handle_event: Event 1002
01-14 12:29:24.149 I/System.out(20901): Started new scanning
01-14 12:29:25.070 I/System.out(20901): Values:0
01-14 12:29:26.070 I/System.out(20901): Values:0
01-14 12:29:27.071 I/System.out(20901): Values:0
01-14 12:29:28.072 I/System.out(20901): Values:0
01-14 12:29:29.083 I/System.out(20901): Values:0
01-14 12:29:30.074 I/System.out(20901): Values:0
01-14 12:29:31.085 I/System.out(20901): Values:0
01-14 12:29:32.076 I/System.out(20901): Values:0
01-14 12:29:33.087 I/System.out(20901): Values:0
01-14 12:29:34.078 I/System.out(20901): Values:0
01-14 12:29:34.088 D/BluetoothAdapter(20901): stopLeScan()
01-14 12:29:34.098 D/BtGatt.GattService(14573): stopScan() - queue=1
01-14 12:29:34.098 D/BtGatt.GattService(14573): stopScan() - queue empty; stopping scan
01-14 12:29:34.108 D/BtGatt.btif(14573): btif_gattc_scan
01-14 12:29:34.108 D/BtGatt.btif(14573): btgattc_handle_event: Event 1003
01-14 12:29:34.128 D/BtGatt.GattService(14573): unregisterClient() - clientIf=4
01-14 12:29:34.128 D/BtGatt.btif(14573): btif_gattc_unregister_app
01-14 12:29:34.128 D/BtGatt.btif(14573): btgattc_handle_event: Event 1001
01-14 12:29:34.138 D/BtGatt.btif(14573): btif_gattc_upstreams_evt: Event 1
01-14 12:29:34.138 I/System.out(20901): About to start new scanning
01-14 12:29:34.138 D/BluetoothAdapter(20901): startLeScan(): null
01-14 12:29:34.148 D/BtGatt.GattService(14573): registerClient() - UUID=cdcc092a-b101-4c75-8267-11f05f44de58
01-14 12:29:34.148 D/BtGatt.btif(14573): btif_gattc_register_app
01-14 12:29:34.148 D/BtGatt.btif(14573): btgattc_handle_event: Event 1000
01-14 12:29:34.148 D/BtGatt.btif(14573): btif_gattc_upstreams_evt: Event 0
01-14 12:29:34.148 D/BtGatt.GattService(14573): onClientRegistered() - UUID=cdcc092a-b101-4c75-8267-11f05f44de58, clientIf=4
01-14 12:29:34.158 D/BluetoothAdapter(20901): onClientRegistered() - status=0 clientIf=4
01-14 12:29:34.158 D/BtGatt.GattService(14573): startScan() - queue=0
01-14 12:29:34.158 D/BtGatt.GattService(14573): startScan() - adding client=4
01-14 12:29:34.158 D/BtGatt.btif(14573): btif_gattc_scan
01-14 12:29:34.158 D/BtGatt.btif(14573): btgattc_handle_event: Event 1002
01-14 12:29:34.168 I/System.out(20901): Started new scanning
01-14 12:29:35.089 I/System.out(20901): Values:0
01-14 12:29:36.090 I/System.out(20901): Values:0
01-14 12:29:37.091 I/System.out(20901): Values:0
01-14 12:29:38.092 I/System.out(20901): Values:0
01-14 12:29:39.103 I/System.out(20901): Values:0
01-14 12:29:40.104 I/System.out(20901): Values:0
01-14 12:29:41.105 I/System.out(20901): Values:0
01-14 12:29:42.096 I/System.out(20901): Values:0
01-14 12:29:43.107 I/System.out(20901): Values:0
01-14 12:29:44.108 I/System.out(20901): Values:0
01-14 12:29:44.108 D/BluetoothAdapter(20901): stopLeScan()
01-14 12:29:44.118 D/BtGatt.GattService(14573): stopScan() - queue=1
01-14 12:29:44.128 D/BtGatt.GattService(14573): stopScan() - queue empty; stopping scan
01-14 12:29:44.128 D/BtGatt.btif(14573): btif_gattc_scan
01-14 12:29:44.138 D/BtGatt.btif(14573): btgattc_handle_event: Event 1003
01-14 12:29:44.148 D/BtGatt.GattService(14573): unregisterClient() - clientIf=4
01-14 12:29:44.148 D/BtGatt.btif(14573): btif_gattc_unregister_app
01-14 12:29:44.158 D/BtGatt.btif(14573): btgattc_handle_event: Event 1001
01-14 12:29:44.158 D/BtGatt.btif(14573): btif_gattc_upstreams_evt: Event 1
01-14 12:29:44.168 I/System.out(20901): About to start new scanning
01-14 12:29:44.168 D/BluetoothAdapter(20901): startLeScan(): null
01-14 12:29:44.188 D/BtGatt.GattService(14573): registerClient() - UUID=749bbd9c-068f-4293-9d9a-9a9dce841618
01-14 12:29:44.188 D/BtGatt.btif(14573): btif_gattc_register_app
01-14 12:29:44.188 D/BtGatt.btif(14573): btgattc_handle_event: Event 1000
01-14 12:29:44.198 D/BtGatt.btif(14573): btif_gattc_upstreams_evt: Event 0
01-14 12:29:44.198 D/BtGatt.GattService(14573): onClientRegistered() - UUID=749bbd9c-068f-4293-9d9a-9a9dce841618, clientIf=4
01-14 12:29:44.198 D/BluetoothAdapter(20901): onClientRegistered() - status=0 clientIf=4
01-14 12:29:44.208 D/BtGatt.GattService(14573): startScan() - queue=0
01-14 12:29:44.208 D/BtGatt.GattService(14573): startScan() - adding client=4
01-14 12:29:44.208 D/BtGatt.btif(14573): btif_gattc_scan
01-14 12:29:44.208 D/BtGatt.btif(14573): btgattc_handle_event: Event 1002
01-14 12:29:44.208 I/System.out(20901): Started new scanning
01-14 12:29:45.109 I/System.out(20901): Values:0
01-14 12:29:46.110 I/System.out(20901): Values:0
01-14 12:29:47.111 I/System.out(20901): Values:0
01-14 12:29:48.122 I/System.out(20901): Values:0
01-14 12:29:49.113 I/System.out(20901): Values:0
01-14 12:29:50.114 I/System.out(20901): Values:0
01-14 12:29:51.125 I/System.out(20901): Values:0
01-14 12:29:52.116 I/System.out(20901): Values:0
01-14 12:29:53.117 I/System.out(20901): Values:0
01-14 12:29:54.118 I/System.out(20901): Values:0
01-14 12:29:54.118 D/BluetoothAdapter(20901): stopLeScan()
01-14 12:29:54.138 D/BtGatt.GattService(14573): stopScan() - queue=1
01-14 12:29:54.138 D/BtGatt.GattService(14573): stopScan() - queue empty; stopping scan
01-14 12:29:54.148 D/BtGatt.btif(14573): btif_gattc_scan
01-14 12:29:54.148 D/BtGatt.btif(14573): btgattc_handle_event: Event 1003
01-14 12:29:54.168 D/BtGatt.GattService(14573): unregisterClient() - clientIf=4
01-14 12:29:54.168 D/BtGatt.btif(14573): btif_gattc_unregister_app
01-14 12:29:54.168 D/BtGatt.btif(14573): btgattc_handle_event: Event 1001
01-14 12:29:54.178 D/BtGatt.btif(14573): btif_gattc_upstreams_evt: Event 1
01-14 12:29:54.178 I/System.out(20901): About to start new scanning
01-14 12:29:54.178 D/BluetoothAdapter(20901): startLeScan(): null
01-14 12:29:54.188 D/BtGatt.GattService(14573): registerClient() - UUID=d953ef9a-2048-4b90-8f71-717bc1fcdc0c
01-14 12:29:54.188 D/BtGatt.btif(14573): btif_gattc_register_app
01-14 12:29:54.188 D/BtGatt.btif(14573): btgattc_handle_event: Event 1000
01-14 12:29:54.188 D/BtGatt.btif(14573): btif_gattc_upstreams_evt: Event 0
01-14 12:29:54.188 D/BtGatt.GattService(14573): onClientRegistered() - UUID=d953ef9a-2048-4b90-8f71-717bc1fcdc0c, clientIf=4
01-14 12:29:54.198 D/BluetoothAdapter(20901): onClientRegistered() - status=0 clientIf=4
01-14 12:29:54.198 D/BtGatt.GattService(14573): startScan() - queue=0
01-14 12:29:54.198 D/BtGatt.GattService(14573): startScan() - adding client=4
01-14 12:29:54.198 D/BtGatt.btif(14573): btif_gattc_scan
01-14 12:29:54.198 D/BtGatt.btif(14573): btgattc_handle_event: Event 1002
01-14 12:29:54.198 I/System.out(20901): Started new scanning
01-14 12:29:55.119 I/System.out(20901): Values:0
01-14 12:29:56.130 I/System.out(20901): Values:0
01-14 12:29:57.131 I/System.out(20901): Values:0
01-14 12:29:58.132 I/System.out(20901): Values:0
01-14 12:29:59.133 I/System.out(20901): Values:0
01-14 12:30:00.134 I/System.out(20901): Values:0
01-14 12:30:01.135 I/System.out(20901): Values:0
01-14 12:30:02.126 I/System.out(20901): Values:0
01-14 12:30:03.127 I/System.out(20901): Values:0
01-14 12:30:04.138 I/System.out(20901): Values:0
01-14 12:30:04.138 D/BluetoothAdapter(20901): stopLeScan()
01-14 12:30:04.148 D/BtGatt.GattService(14573): stopScan() - queue=1
01-14 12:30:04.158 D/BtGatt.GattService(14573): stopScan() - queue empty; stopping scan
01-14 12:30:04.158 D/BtGatt.btif(14573): btif_gattc_scan
01-14 12:30:04.168 D/BtGatt.btif(14573): btgattc_handle_event: Event 1003
01-14 12:30:04.178 D/BtGatt.GattService(14573): unregisterClient() - clientIf=4
01-14 12:30:04.178 D/BtGatt.btif(14573): btif_gattc_unregister_app
01-14 12:30:04.188 D/BtGatt.btif(14573): btgattc_handle_event: Event 1001
01-14 12:30:04.188 D/BtGatt.btif(14573): btif_gattc_upstreams_evt: Event 1
01-14 12:30:04.198 I/System.out(20901): About to start new scanning
01-14 12:30:04.198 D/BluetoothAdapter(20901): startLeScan(): null
01-14 12:30:04.198 D/BtGatt.GattService(14573): registerClient() - UUID=d1d04f96-43c1-4fdc-b34a-36fa76b98752
01-14 12:30:04.208 D/BtGatt.btif(14573): btif_gattc_register_app
01-14 12:30:04.208 D/BtGatt.btif(14573): btgattc_handle_event: Event 1000
01-14 12:30:04.208 D/BtGatt.btif(14573): btif_gattc_upstreams_evt: Event 0
01-14 12:30:04.208 D/BtGatt.GattService(14573): onClientRegistered() - UUID=d1d04f96-43c1-4fdc-b34a-36fa76b98752, clientIf=4
01-14 12:30:04.208 D/BluetoothAdapter(20901): onClientRegistered() - status=0 clientIf=4
01-14 12:30:04.218 D/BtGatt.GattService(14573): startScan() - queue=0
01-14 12:30:04.218 D/BtGatt.GattService(14573): startScan() - adding client=4
01-14 12:30:04.218 D/BtGatt.btif(14573): btif_gattc_scan
01-14 12:30:04.218 D/BtGatt.btif(14573): btgattc_handle_event: Event 1002
01-14 12:30:04.218 I/System.out(20901): Started new scanning
01-14 12:30:05.139 I/System.out(20901): Values:0
01-14 12:30:06.140 I/System.out(20901): Values:0
01-14 12:30:07.141 I/System.out(20901): Values:0
01-14 12:30:08.142 I/System.out(20901): Values:0
01-14 12:30:09.142 I/System.out(20901): Values:0
01-14 12:30:10.143 I/System.out(20901): Values:0
01-14 12:30:11.144 I/System.out(20901): Values:0
01-14 12:30:12.145 I/System.out(20901): Values:0
01-14 12:30:13.146 I/System.out(20901): Values:0
01-14 12:30:14.147 I/System.out(20901): Values:0
01-14 12:30:14.147 D/BluetoothAdapter(20901): stopLeScan()
01-14 12:30:14.157 D/BtGatt.GattService(14573): stopScan() - queue=1
01-14 12:30:14.157 D/BtGatt.GattService(14573): stopScan() - queue empty; stopping scan
01-14 12:30:14.157 D/BtGatt.btif(14573): btif_gattc_scan
01-14 12:30:14.157 D/BtGatt.btif(14573): btgattc_handle_event: Event 1003
01-14 12:30:14.197 D/BtGatt.GattService(14573): unregisterClient() - clientIf=4
01-14 12:30:14.197 D/BtGatt.btif(14573): btif_gattc_unregister_app
01-14 12:30:14.197 D/BtGatt.btif(14573): btgattc_handle_event: Event 1001
01-14 12:30:14.197 D/BtGatt.btif(14573): btif_gattc_upstreams_evt: Event 1
01-14 12:30:14.197 I/System.out(20901): About to start new scanning
01-14 12:30:14.207 D/BluetoothAdapter(20901): startLeScan(): null
01-14 12:30:14.207 D/BtGatt.GattService(14573): registerClient() - UUID=3d0ebe1e-b75d-4de3-8de6-1ed37e060be4
01-14 12:30:14.207 D/BtGatt.btif(14573): btif_gattc_register_app
01-14 12:30:14.207 D/BtGatt.btif(14573): btgattc_handle_event: Event 1000
01-14 12:30:14.207 D/BtGatt.btif(14573): btif_gattc_upstreams_evt: Event 0
01-14 12:30:14.217 D/BtGatt.GattService(14573): onClientRegistered() - UUID=3d0ebe1e-b75d-4de3-8de6-1ed37e060be4, clientIf=4
01-14 12:30:14.217 D/BluetoothAdapter(20901): onClientRegistered() - status=0 clientIf=4
01-14 12:30:14.217 D/BtGatt.GattService(14573): startScan() - queue=0
01-14 12:30:14.217 D/BtGatt.GattService(14573): startScan() - adding client=4
01-14 12:30:14.217 D/BtGatt.btif(14573): btif_gattc_scan
01-14 12:30:14.217 D/BtGatt.btif(14573): btgattc_handle_event: Event 1002
01-14 12:30:14.227 I/System.out(20901): Started new scanning
01-14 12:30:15.148 I/System.out(20901): Values:0
01-14 12:30:16.159 I/System.out(20901): Values:0
01-14 12:30:17.160 I/System.out(20901): Values:0
01-14 12:30:18.161 I/System.out(20901): Values:0
01-14 12:30:19.162 I/System.out(20901): Values:0
01-14 12:30:20.163 I/System.out(20901): Values:0
01-14 12:30:21.154 I/System.out(20901): Values:0
01-14 12:30:22.165 I/System.out(20901): Values:0
01-14 12:30:23.166 I/System.out(20901): Values:0
01-14 12:30:24.167 I/System.out(20901): Values:0
01-14 12:30:24.177 D/BluetoothAdapter(20901): stopLeScan()
01-14 12:30:24.187 D/BtGatt.GattService(14573): stopScan() - queue=1
01-14 12:30:24.187 D/BtGatt.GattService(14573): stopScan() - queue empty; stopping scan
01-14 12:30:24.187 D/BtGatt.btif(14573): btif_gattc_scan
01-14 12:30:24.187 D/BtGatt.btif(14573): btgattc_handle_event: Event 1003
01-14 12:30:24.217 D/BtGatt.GattService(14573): unregisterClient() - clientIf=4
01-14 12:30:24.217 D/BtGatt.btif(14573): btif_gattc_unregister_app
01-14 12:30:24.227 D/BtGatt.btif(14573): btgattc_handle_event: Event 1001
01-14 12:30:24.227 D/BtGatt.btif(14573): btif_gattc_upstreams_evt: Event 1
01-14 12:30:24.227 I/System.out(20901): About to start new scanning
01-14 12:30:24.227 D/BluetoothAdapter(20901): startLeScan(): null
01-14 12:30:24.237 D/BtGatt.GattService(14573): registerClient() - UUID=1fa31578-b6ff-4701-a2d0-95554bc8096f
01-14 12:30:24.237 D/BtGatt.btif(14573): btif_gattc_register_app
01-14 12:30:24.237 D/BtGatt.btif(14573): btgattc_handle_event: Event 1000
01-14 12:30:24.237 D/BtGatt.btif(14573): btif_gattc_upstreams_evt: Event 0
01-14 12:30:24.237 D/BtGatt.GattService(14573): onClientRegistered() - UUID=1fa31578-b6ff-4701-a2d0-95554bc8096f, clientIf=4
01-14 12:30:24.247 D/BluetoothAdapter(20901): onClientRegistered() - status=0 clientIf=4
01-14 12:30:24.247 D/BtGatt.GattService(14573): startScan() - queue=0
01-14 12:30:24.247 D/BtGatt.GattService(14573): startScan() - adding client=4
01-14 12:30:24.247 D/BtGatt.btif(14573): btif_gattc_scan
01-14 12:30:24.247 D/BtGatt.btif(14573): btgattc_handle_event: Event 1002
01-14 12:30:24.247 I/System.out(20901): Started new scanning
01-14 12:30:25.178 I/System.out(20901): Values:0
01-14 12:30:26.179 I/System.out(20901): Values:0
01-14 12:30:27.180 I/System.out(20901): Values:0
01-14 12:30:28.181 I/System.out(20901): Values:0
01-14 12:30:29.182 I/System.out(20901): Values:0
01-14 12:30:30.173 I/System.out(20901): Values:0
01-14 12:30:31.184 I/System.out(20901): Values:0
01-14 12:30:32.185 I/System.out(20901): Values:0
01-14 12:30:33.186 I/System.out(20901): Values:0
01-14 12:30:34.187 I/System.out(20901): Values:0
01-14 12:30:34.187 D/BluetoothAdapter(20901): stopLeScan()
01-14 12:30:34.207 D/BtGatt.GattService(14573): stopScan() - queue=1
01-14 12:30:34.207 D/BtGatt.GattService(14573): stopScan() - queue empty; stopping scan
01-14 12:30:34.207 D/BtGatt.btif(14573): btif_gattc_scan
01-14 12:30:34.207 D/BtGatt.btif(14573): btgattc_handle_event: Event 1003
01-14 12:30:34.237 D/BtGatt.GattService(14573): unregisterClient() - clientIf=4
01-14 12:30:34.237 D/BtGatt.btif(14573): btif_gattc_unregister_app
01-14 12:30:34.237 D/BtGatt.btif(14573): btgattc_handle_event: Event 1001
01-14 12:30:34.247 D/BtGatt.btif(14573): btif_gattc_upstreams_evt: Event 1
01-14 12:30:34.247 I/System.out(20901): About to start new scanning
01-14 12:30:34.247 D/BluetoothAdapter(20901): startLeScan(): null
01-14 12:30:34.247 D/BtGatt.GattService(14573): registerClient() - UUID=e12235f9-809a-4c32-b77e-aa4ceaf786b2
01-14 12:30:34.247 D/BtGatt.btif(14573): btif_gattc_register_app
01-14 12:30:34.247 D/BtGatt.btif(14573): btgattc_handle_event: Event 1000
01-14 12:30:34.257 D/BtGatt.btif(14573): btif_gattc_upstreams_evt: Event 0
01-14 12:30:34.257 D/BtGatt.GattService(14573): onClientRegistered() - UUID=e12235f9-809a-4c32-b77e-aa4ceaf786b2, clientIf=4
01-14 12:30:34.257 D/BluetoothAdapter(20901): onClientRegistered() - status=0 clientIf=4
01-14 12:30:34.257 D/BtGatt.GattService(14573): startScan() - queue=0
01-14 12:30:34.257 D/BtGatt.GattService(14573): startScan() - adding client=4
01-14 12:30:34.267 D/BtGatt.btif(14573): btif_gattc_scan
01-14 12:30:34.267 D/BtGatt.btif(14573): btgattc_handle_event: Event 1002
01-14 12:30:34.267 I/System.out(20901): Started new scanning
01-14 12:30:35.188 I/System.out(20901): Values:0
01-14 12:30:36.189 I/System.out(20901): Values:0
01-14 12:30:37.200 I/System.out(20901): Values:0
01-14 12:30:38.191 I/System.out(20901): Values:0
01-14 12:30:39.202 I/System.out(20901): Values:0
01-14 12:30:40.203 I/System.out(20901): Values:0
01-14 12:30:41.194 I/System.out(20901): Values:0
01-14 12:30:42.195 I/System.out(20901): Values:0
01-14 12:30:43.206 I/System.out(20901): Values:0
01-14 12:30:44.207 I/System.out(20901): Values:0
01-14 12:30:44.207 D/BluetoothAdapter(20901): stopLeScan()
01-14 12:30:44.227 D/BtGatt.GattService(14573): stopScan() - queue=1
01-14 12:30:44.227 D/BtGatt.GattService(14573): stopScan() - queue empty; stopping scan
01-14 12:30:44.227 D/BtGatt.btif(14573): btif_gattc_scan
01-14 12:30:44.227 D/BtGatt.btif(14573): btgattc_handle_event: Event 1003
01-14 12:30:44.227 D/BtGatt.GattService(14573): unregisterClient() - clientIf=4
01-14 12:30:44.227 D/BtGatt.btif(14573): btif_gattc_unregister_app
01-14 12:30:44.227 D/BtGatt.btif(14573): btgattc_handle_event: Event 1001
01-14 12:30:44.257 D/BtGatt.btif(14573): btif_gattc_upstreams_evt: Event 1
01-14 12:30:44.267 I/System.out(20901): About to start new scanning
01-14 12:30:44.267 D/BluetoothAdapter(20901): startLeScan(): null
01-14 12:30:44.277 D/BtGatt.GattService(14573): registerClient() - UUID=9b8c20b0-d885-494b-9f4e-0be67e79b849
01-14 12:30:44.277 D/BtGatt.btif(14573): btif_gattc_register_app
01-14 12:30:44.277 D/BtGatt.btif(14573): btgattc_handle_event: Event 1000
01-14 12:30:44.277 D/BtGatt.btif(14573): btif_gattc_upstreams_evt: Event 0
01-14 12:30:44.277 D/BtGatt.GattService(14573): onClientRegistered() - UUID=9b8c20b0-d885-494b-9f4e-0be67e79b849, clientIf=4
01-14 12:30:44.277 D/BluetoothAdapter(20901): onClientRegistered() - status=0 clientIf=4
01-14 12:30:44.287 D/BtGatt.GattService(14573): startScan() - queue=0
01-14 12:30:44.287 D/BtGatt.GattService(14573): startScan() - adding client=4
01-14 12:30:44.287 D/BtGatt.btif(14573): btif_gattc_scan
01-14 12:30:44.287 D/BtGatt.btif(14573): btgattc_handle_event: Event 1002
01-14 12:30:44.287 I/System.out(20901): Started new scanning
01-14 12:30:45.208 I/System.out(20901): Values:0
01-14 12:30:46.209 I/System.out(20901): Values:0
01-14 12:30:47.210 I/System.out(20901): Values:0
01-14 12:30:48.221 I/System.out(20901): Values:0
01-14 12:30:49.222 I/System.out(20901): Values:0
01-14 12:30:50.223 I/System.out(20901): Values:0
01-14 12:30:51.224 I/System.out(20901): Values:0
01-14 12:30:52.215 I/System.out(20901): Values:0
01-14 12:30:53.215 I/System.out(20901): Values:0
01-14 12:30:54.226 I/System.out(20901): Values:0
01-14 12:30:54.226 D/BluetoothAdapter(20901): stopLeScan()
01-14 12:30:54.247 D/BtGatt.GattService(14573): stopScan() - queue=1
01-14 12:30:54.247 D/BtGatt.GattService(14573): stopScan() - queue empty; stopping scan
01-14 12:30:54.247 D/BtGatt.btif(14573): btif_gattc_scan
01-14 12:30:54.247 D/BtGatt.btif(14573): btgattc_handle_event: Event 1003
01-14 12:30:54.277 D/BtGatt.GattService(14573): unregisterClient() - clientIf=4
01-14 12:30:54.277 D/BtGatt.btif(14573): btif_gattc_unregister_app
01-14 12:30:54.277 D/BtGatt.btif(14573): btgattc_handle_event: Event 1001
01-14 12:30:54.287 D/BtGatt.btif(14573): btif_gattc_upstreams_evt: Event 1
01-14 12:30:54.287 I/System.out(20901): About to start new scanning
01-14 12:30:54.287 D/BluetoothAdapter(20901): startLeScan(): null
01-14 12:30:54.297 D/BtGatt.GattService(14573): registerClient() - UUID=38a9db54-8783-4247-b7e5-c96d9c0cd4d7
01-14 12:30:54.297 D/BtGatt.btif(14573): btif_gattc_register_app
01-14 12:30:54.297 D/BtGatt.btif(14573): btgattc_handle_event: Event 1000
01-14 12:30:54.297 D/BtGatt.btif(14573): btif_gattc_upstreams_evt: Event 0
01-14 12:30:54.297 D/BtGatt.GattService(14573): onClientRegistered() - UUID=38a9db54-8783-4247-b7e5-c96d9c0cd4d7, clientIf=4
01-14 12:30:54.297 D/BluetoothAdapter(20901): onClientRegistered() - status=0 clientIf=4
01-14 12:30:54.307 D/BtGatt.GattService(14573): startScan() - queue=0
01-14 12:30:54.307 D/BtGatt.GattService(14573): startScan() - adding client=4
01-14 12:30:54.307 D/BtGatt.btif(14573): btif_gattc_scan
01-14 12:30:54.307 D/BtGatt.btif(14573): btgattc_handle_event: Event 1002
01-14 12:30:54.307 I/System.out(20901): Started new scanning
01-14 12:30:55.227 I/System.out(20901): Values:0
01-14 12:30:56.228 I/System.out(20901): Values:0
01-14 12:30:57.229 I/System.out(20901): Values:0
01-14 12:30:58.230 I/System.out(20901): Values:0
01-14 12:30:59.231 I/System.out(20901): Values:0
01-14 12:31:00.232 I/System.out(20901): Values:0
01-14 12:31:01.233 I/System.out(20901): Values:0
01-14 12:31:02.234 I/System.out(20901): Values:0
01-14 12:31:03.235 I/System.out(20901): Values:0
01-14 12:31:04.236 I/System.out(20901): Values:0
01-14 12:31:04.236 D/BluetoothAdapter(20901): stopLeScan()
01-14 12:31:04.256 D/BtGatt.GattService(14573): stopScan() - queue=1
01-14 12:31:04.256 D/BtGatt.GattService(14573): stopScan() - queue empty; stopping scan
01-14 12:31:04.266 D/BtGatt.btif(14573): btif_gattc_scan
01-14 12:31:04.266 D/BtGatt.btif(14573): btgattc_handle_event: Event 1003
01-14 12:31:04.286 D/BtGatt.GattService(14573): unregisterClient() - clientIf=4
01-14 12:31:04.286 D/BtGatt.btif(14573): btif_gattc_unregister_app
01-14 12:31:04.286 D/BtGatt.btif(14573): btgattc_handle_event: Event 1001
01-14 12:31:04.296 D/BtGatt.btif(14573): btif_gattc_upstreams_evt: Event 1
01-14 12:31:04.296 I/System.out(20901): About to start new scanning
01-14 12:31:04.296 D/BluetoothAdapter(20901): startLeScan(): null
01-14 12:31:04.306 D/BtGatt.GattService(14573): registerClient() - UUID=17098b55-e2a3-4ed8-aea8-0da25d8b5970
01-14 12:31:04.306 D/BtGatt.btif(14573): btif_gattc_register_app
01-14 12:31:04.306 D/BtGatt.btif(14573): btgattc_handle_event: Event 1000
01-14 12:31:04.306 D/BtGatt.btif(14573): btif_gattc_upstreams_evt: Event 0
01-14 12:31:04.306 D/BtGatt.GattService(14573): onClientRegistered() - UUID=17098b55-e2a3-4ed8-aea8-0da25d8b5970, clientIf=4
01-14 12:31:04.306 D/BluetoothAdapter(20901): onClientRegistered() - status=0 clientIf=4
01-14 12:31:04.316 D/BtGatt.GattService(14573): startScan() - queue=0
01-14 12:31:04.316 D/BtGatt.GattService(14573): startScan() - adding client=4
01-14 12:31:04.316 D/BtGatt.btif(14573): btif_gattc_scan
01-14 12:31:04.316 D/BtGatt.btif(14573): btgattc_handle_event: Event 1002
01-14 12:31:04.316 I/System.out(20901): Started new scanning
01-14 12:31:05.237 I/System.out(20901): Values:0
01-14 12:31:06.238 I/System.out(20901): Values:0
01-14 12:31:07.239 I/System.out(20901): Values:0
01-14 12:31:08.240 I/System.out(20901): Values:0
01-14 12:31:09.251 I/System.out(20901): Values:0
01-14 12:31:10.252 I/System.out(20901): Values:0
01-14 12:31:11.243 I/System.out(20901): Values:0
01-14 12:31:12.254 I/System.out(20901): Values:0
01-14 12:31:13.255 I/System.out(20901): Values:0
01-14 12:31:14.246 I/System.out(20901): Values:0
01-14 12:31:14.256 D/BluetoothAdapter(20901): stopLeScan()
01-14 12:31:14.266 D/BtGatt.GattService(14573): stopScan() - queue=1
01-14 12:31:14.266 D/BtGatt.GattService(14573): stopScan() - queue empty; stopping scan
01-14 12:31:14.276 D/BtGatt.btif(14573): btif_gattc_scan
01-14 12:31:14.276 D/BtGatt.btif(14573): btgattc_handle_event: Event 1003
01-14 12:31:14.296 D/BtGatt.GattService(14573): unregisterClient() - clientIf=4
01-14 12:31:14.296 D/BtGatt.btif(14573): btif_gattc_unregister_app
01-14 12:31:14.306 D/BtGatt.btif(14573): btgattc_handle_event: Event 1001
01-14 12:31:14.306 D/BtGatt.btif(14573): btif_gattc_upstreams_evt: Event 1
01-14 12:31:14.306 I/System.out(20901): About to start new scanning
01-14 12:31:14.316 D/BluetoothAdapter(20901): startLeScan(): null
01-14 12:31:14.316 D/BtGatt.GattService(14573): registerClient() - UUID=0ffbc810-9727-446f-9096-4ef508883eaf
01-14 12:31:14.316 D/BtGatt.btif(14573): btif_gattc_register_app
01-14 12:31:14.316 D/BtGatt.btif(14573): btgattc_handle_event: Event 1000
01-14 12:31:14.316 D/BtGatt.btif(14573): btif_gattc_upstreams_evt: Event 0
01-14 12:31:14.316 D/BtGatt.GattService(14573): onClientRegistered() - UUID=0ffbc810-9727-446f-9096-4ef508883eaf, clientIf=4
01-14 12:31:14.326 D/BluetoothAdapter(20901): onClientRegistered() - status=0 clientIf=4
01-14 12:31:14.326 D/BtGatt.GattService(14573): startScan() - queue=0
01-14 12:31:14.326 D/BtGatt.GattService(14573): startScan() - adding client=4
01-14 12:31:14.326 D/BtGatt.btif(14573): btif_gattc_scan
01-14 12:31:14.326 D/BtGatt.btif(14573): btgattc_handle_event: Event 1002
01-14 12:31:14.336 I/System.out(20901): Started new scanning
01-14 12:31:15.247 I/System.out(20901): Values:0
01-14 12:31:16.258 I/System.out(20901): Values:0
01-14 12:31:17.259 I/System.out(20901): Values:0
01-14 12:31:18.260 I/System.out(20901): Values:0
01-14 12:31:19.261 I/System.out(20901): Values:0
01-14 12:31:20.262 I/System.out(20901): Values:0
01-14 12:31:21.263 I/System.out(20901): Values:0
01-14 12:31:22.264 I/System.out(20901): Values:0
01-14 12:31:23.265 I/System.out(20901): Values:0
01-14 12:31:24.276 I/System.out(20901): Values:0
01-14 12:31:24.276 D/BluetoothAdapter(20901): stopLeScan()
01-14 12:31:24.286 D/BtGatt.GattService(14573): stopScan() - queue=1
01-14 12:31:24.286 D/BtGatt.GattService(14573): stopScan() - queue empty; stopping scan
01-14 12:31:24.296 D/BtGatt.btif(14573): btif_gattc_scan
01-14 12:31:24.296 D/BtGatt.btif(14573): btgattc_handle_event: Event 1003
01-14 12:31:24.306 D/BtGatt.GattService(14573): unregisterClient() - clientIf=4
01-14 12:31:24.306 D/BtGatt.btif(14573): btif_gattc_unregister_app
01-14 12:31:24.316 D/BtGatt.btif(14573): btgattc_handle_event: Event 1001
01-14 12:31:24.326 D/BtGatt.btif(14573): btif_gattc_upstreams_evt: Event 1
01-14 12:31:24.326 I/System.out(20901): About to start new scanning
01-14 12:31:24.326 D/BluetoothAdapter(20901): startLeScan(): null
01-14 12:31:24.336 D/BtGatt.GattService(14573): registerClient() - UUID=42e10fad-22e1-4f4b-8f42-29972a2d57bd
01-14 12:31:24.336 D/BtGatt.btif(14573): btif_gattc_register_app
01-14 12:31:24.336 D/BtGatt.btif(14573): btgattc_handle_event: Event 1000
01-14 12:31:24.336 D/BtGatt.btif(14573): btif_gattc_upstreams_evt: Event 0
01-14 12:31:24.336 D/BtGatt.GattService(14573): onClientRegistered() - UUID=42e10fad-22e1-4f4b-8f42-29972a2d57bd, clientIf=4
01-14 12:31:24.336 D/BluetoothAdapter(20901): onClientRegistered() - status=0 clientIf=4
01-14 12:31:24.346 D/BtGatt.GattService(14573): startScan() - queue=0
01-14 12:31:24.346 D/BtGatt.GattService(14573): startScan() - adding client=4
01-14 12:31:24.346 D/BtGatt.btif(14573): btif_gattc_scan
01-14 12:31:24.346 D/BtGatt.btif(14573): btgattc_handle_event: Event 1002
01-14 12:31:24.346 I/System.out(20901): Started new scanning
01-14 12:31:25.267 I/System.out(20901): Values:0
01-14 12:31:26.268 I/System.out(20901): Values:0
01-14 12:31:27.279 I/System.out(20901): Values:0
01-14 12:31:28.280 I/System.out(20901): Values:0
01-14 12:31:29.281 I/System.out(20901): Values:0
01-14 12:31:30.282 I/System.out(20901): Values:0
01-14 12:31:31.283 I/System.out(20901): Values:0
01-14 12:31:32.284 I/System.out(20901): Values:0
01-14 12:31:33.295 I/System.out(20901): Values:0
01-14 12:31:34.296 I/System.out(20901): Values:0
01-14 12:31:34.296 D/BluetoothAdapter(20901): stopLeScan()
01-14 12:31:34.316 D/BtGatt.GattService(14573): stopScan() - queue=1
01-14 12:31:34.316 D/BtGatt.GattService(14573): stopScan() - queue empty; stopping scan
01-14 12:31:34.316 D/BtGatt.btif(14573): btif_gattc_scan
01-14 12:31:34.326 D/BtGatt.btif(14573): btgattc_handle_event: Event 1003
01-14 12:31:34.336 D/BtGatt.GattService(14573): unregisterClient() - clientIf=4
01-14 12:31:34.336 D/BtGatt.btif(14573): btif_gattc_unregister_app
01-14 12:31:34.346 D/BtGatt.btif(14573): btgattc_handle_event: Event 1001
01-14 12:31:34.346 D/BtGatt.btif(14573): btif_gattc_upstreams_evt: Event 1
01-14 12:31:34.356 I/System.out(20901): About to start new scanning
01-14 12:31:34.356 D/BluetoothAdapter(20901): startLeScan(): null
01-14 12:31:34.356 D/BtGatt.GattService(14573): registerClient() - UUID=5f3e314b-9b32-478c-bac6-787b16e7a9eb
01-14 12:31:34.366 D/BtGatt.btif(14573): btif_gattc_register_app
01-14 12:31:34.366 D/BtGatt.btif(14573): btgattc_handle_event: Event 1000
01-14 12:31:34.366 D/BtGatt.btif(14573): btif_gattc_upstreams_evt: Event 0
01-14 12:31:34.366 D/BtGatt.GattService(14573): onClientRegistered() - UUID=5f3e314b-9b32-478c-bac6-787b16e7a9eb, clientIf=4
01-14 12:31:34.366 D/BluetoothAdapter(20901): onClientRegistered() - status=0 clientIf=4
01-14 12:31:34.376 D/BtGatt.GattService(14573): startScan() - queue=0
01-14 12:31:34.376 D/BtGatt.GattService(14573): startScan() - adding client=4
01-14 12:31:34.376 D/BtGatt.btif(14573): btif_gattc_scan
01-14 12:31:34.376 D/BtGatt.btif(14573): btgattc_handle_event: Event 1002
