01-13 19:15:26.422 I/System.out(17775): Values:1
01-13 19:15:26.963 I/BluetoothAdapterProperties(14573): Callback:discoveryStateChangeCallback with state:0
01-13 19:15:26.983 W/bt-btif (14573): bta_dm_check_av:0
01-13 19:15:26.983 V/BluetoothDiscoveryReceiver(14542): Received: android.bluetooth.adapter.action.DISCOVERY_FINISHED
01-13 19:15:27.003 I/BluetoothAdapterProperties(14573): Callback:discoveryStateChangeCallback with state:1
01-13 19:15:27.013 V/BluetoothDiscoveryReceiver(14542): Received: android.bluetooth.adapter.action.DISCOVERY_STARTED
01-13 19:15:27.283 D/dalvikvm(14573): GC_CONCURRENT freed 387K, 5% free 9010K/9436K, paused 3ms+7ms, total 49ms
01-13 19:15:27.433 I/System.out(17775): Values:1
01-13 19:15:28.434 I/System.out(17775): Values:1
01-13 19:15:29.435 I/System.out(17775): Values:1
01-13 19:15:30.436 I/System.out(17775): Values:1
01-13 19:15:31.437 I/System.out(17775): Values:1
01-13 19:15:32.438 I/System.out(17775): Values:1
01-13 19:15:33.429 I/System.out(17775): Values:1
01-13 19:15:34.430 I/System.out(17775): Values:1
01-13 19:15:35.431 I/System.out(17775): Values:1
01-13 19:15:36.432 I/System.out(17775): Values:1
01-13 19:15:37.433 I/System.out(17775): Values:1
01-13 19:15:38.434 I/System.out(17775): Values:1
01-13 19:15:39.445 I/System.out(17775): Values:1
01-13 19:15:39.825 I/BluetoothAdapterProperties(14573): Callback:discoveryStateChangeCallback with state:0
01-13 19:15:39.845 W/bt-btif (14573): bta_dm_check_av:0
01-13 19:15:39.845 V/BluetoothDiscoveryReceiver(14542): Received: android.bluetooth.adapter.action.DISCOVERY_FINISHED
01-13 19:15:39.855 I/BluetoothAdapterProperties(14573): Callback:discoveryStateChangeCallback with state:1
01-13 19:15:39.875 V/BluetoothDiscoveryReceiver(14542): Received: android.bluetooth.adapter.action.DISCOVERY_STARTED
01-13 19:15:40.446 I/System.out(17775): Values:0
01-13 19:15:41.447 I/System.out(17775): Values:0
01-13 19:15:42.448 I/System.out(17775): Values:0
01-13 19:15:43.439 I/System.out(17775): Values:0
01-13 19:15:44.440 I/System.out(17775): Values:1
01-13 19:15:45.441 I/System.out(17775): Values:1
01-13 19:15:46.442 I/System.out(17775): Values:1
01-13 19:15:47.443 I/System.out(17775): Values:1
01-13 19:15:48.444 I/System.out(17775): Values:1
01-13 19:15:49.445 I/System.out(17775): Values:1
01-13 19:15:50.446 I/System.out(17775): Values:1
01-13 19:15:51.447 I/System.out(17775): Values:1
01-13 19:15:52.448 I/System.out(17775): Values:1
01-13 19:15:52.678 I/BluetoothAdapterProperties(14573): Callback:discoveryStateChangeCallback with state:0
01-13 19:15:52.708 W/bt-btif (14573): bta_dm_check_av:0
01-13 19:15:52.708 V/BluetoothDiscoveryReceiver(14542): Received: android.bluetooth.adapter.action.DISCOVERY_FINISHED
01-13 19:15:52.718 I/BluetoothAdapterProperties(14573): Callback:discoveryStateChangeCallback with state:1
01-13 19:15:52.768 D/dalvikvm(14542): GC_FOR_ALLOC freed 356K, 6% free 8976K/9532K, paused 27ms, total 27ms
01-13 19:15:52.768 V/BluetoothDiscoveryReceiver(14542): Received: android.bluetooth.adapter.action.DISCOVERY_STARTED
01-13 19:15:53.449 I/System.out(17775): Values:0
01-13 19:15:54.450 I/System.out(17775): Values:0
01-13 19:15:55.451 I/System.out(17775): Values:0
01-13 19:15:56.452 I/System.out(17775): Values:0
01-13 19:15:57.453 I/System.out(17775): Values:1
01-13 19:15:58.453 I/System.out(17775): Values:1
01-13 19:15:59.454 I/System.out(17775): Values:1
01-13 19:16:00.455 I/System.out(17775): Values:1
01-13 19:16:01.446 I/System.out(17775): Values:1
01-13 19:16:02.457 I/System.out(17775): Values:1
01-13 19:16:03.458 I/System.out(17775): Values:1
01-13 19:16:04.459 I/System.out(17775): Values:1
01-13 19:16:05.460 I/System.out(17775): Values:1
01-13 19:16:05.550 I/BluetoothAdapterProperties(14573): Callback:discoveryStateChangeCallback with state:0
01-13 19:16:05.570 W/bt-btif (14573): bta_dm_check_av:0
01-13 19:16:05.570 V/BluetoothDiscoveryReceiver(14542): Received: android.bluetooth.adapter.action.DISCOVERY_FINISHED
01-13 19:16:05.590 I/BluetoothAdapterProperties(14573): Callback:discoveryStateChangeCallback with state:1
01-13 19:16:05.600 V/BluetoothDiscoveryReceiver(14542): Received: android.bluetooth.adapter.action.DISCOVERY_STARTED
01-13 19:16:06.461 I/System.out(17775): Values:1
01-13 19:16:07.462 I/System.out(17775): Values:1
01-13 19:16:08.463 I/System.out(17775): Values:1
01-13 19:16:09.454 I/System.out(17775): Values:1
01-13 19:16:10.465 I/System.out(17775): Values:1
01-13 19:16:11.466 I/System.out(17775): Values:1
01-13 19:16:12.467 I/System.out(17775): Values:1
01-13 19:16:13.468 I/System.out(17775): Values:1
01-13 19:16:14.469 I/System.out(17775): Values:1
01-13 19:16:15.470 I/System.out(17775): Values:1
01-13 19:16:16.471 I/System.out(17775): Values:1
01-13 19:16:17.472 I/System.out(17775): Values:1
01-13 19:16:18.413 I/BluetoothAdapterProperties(14573): Callback:discoveryStateChangeCallback with state:0
01-13 19:16:18.423 W/bt-btif (14573): bta_dm_check_av:0
01-13 19:16:18.433 V/BluetoothDiscoveryReceiver(14542): Received: android.bluetooth.adapter.action.DISCOVERY_FINISHED
01-13 19:16:18.443 I/BluetoothAdapterProperties(14573): Callback:discoveryStateChangeCallback with state:1
01-13 19:16:18.463 I/System.out(17775): Values:0
01-13 19:16:18.493 V/BluetoothDiscoveryReceiver(14542): Received: android.bluetooth.adapter.action.DISCOVERY_STARTED
01-13 19:16:19.474 I/System.out(17775): Values:0
01-13 19:16:20.465 I/System.out(17775): Values:0
01-13 19:16:21.466 I/System.out(17775): Values:0
01-13 19:16:22.467 I/System.out(17775): Values:1
01-13 19:16:23.468 I/System.out(17775): Values:1
01-13 19:16:24.479 I/System.out(17775): Values:1
01-13 19:16:25.480 I/System.out(17775): Values:1
01-13 19:16:26.481 I/System.out(17775): Values:1
01-13 19:16:27.482 I/System.out(17775): Values:1
01-13 19:16:28.473 I/System.out(17775): Values:1
01-13 19:16:29.474 I/System.out(17775): Values:1
01-13 19:16:30.475 I/System.out(17775): Values:1
01-13 19:16:31.276 I/BluetoothAdapterProperties(14573): Callback:discoveryStateChangeCallback with state:0
01-13 19:16:31.296 W/bt-btif (14573): bta_dm_check_av:0
01-13 19:16:31.296 V/BluetoothDiscoveryReceiver(14542): Received: android.bluetooth.adapter.action.DISCOVERY_FINISHED
01-13 19:16:31.306 I/BluetoothAdapterProperties(14573): Callback:discoveryStateChangeCallback with state:1
01-13 19:16:31.326 V/BluetoothDiscoveryReceiver(14542): Received: android.bluetooth.adapter.action.DISCOVERY_STARTED
01-13 19:16:31.486 I/System.out(17775): Values:0
01-13 19:16:32.487 I/System.out(17775): Values:0
01-13 19:16:33.488 I/System.out(17775): Values:0
01-13 19:16:34.479 I/System.out(17775): Values:0
01-13 19:16:35.480 I/System.out(17775): Values:1
01-13 19:16:36.491 I/System.out(17775): Values:1
01-13 19:16:37.492 I/System.out(17775): Values:1
01-13 19:16:38.493 I/System.out(17775): Values:1
01-13 19:16:39.494 I/System.out(17775): Values:1
01-13 19:16:40.495 I/System.out(17775): Values:1
01-13 19:16:41.495 I/System.out(17775): Values:1
01-13 19:16:42.486 I/System.out(17775): Values:1
01-13 19:16:43.487 I/System.out(17775): Values:1
01-13 19:16:44.138 I/BluetoothAdapterProperties(14573): Callback:discoveryStateChangeCallback with state:0
01-13 19:16:44.158 W/bt-btif (14573): bta_dm_check_av:0
01-13 19:16:44.168 V/BluetoothDiscoveryReceiver(14542): Received: android.bluetooth.adapter.action.DISCOVERY_FINISHED
01-13 19:16:44.168 I/BluetoothAdapterProperties(14573): Callback:discoveryStateChangeCallback with state:1
01-13 19:16:44.208 V/BluetoothDiscoveryReceiver(14542): Received: android.bluetooth.adapter.action.DISCOVERY_STARTED
01-13 19:16:44.228 D/dalvikvm(14542): GC_FOR_ALLOC freed 354K, 6% free 8975K/9532K, paused 14ms, total 14ms
01-13 19:16:44.498 I/System.out(17775): Values:1
01-13 19:16:45.499 I/System.out(17775): Values:1
01-13 19:16:46.500 I/System.out(17775): Values:1
01-13 19:16:47.501 I/System.out(17775): Values:1
01-13 19:16:48.492 I/System.out(17775): Values:1
01-13 19:16:49.493 I/System.out(17775): Values:1
01-13 19:16:50.494 I/System.out(17775): Values:1
01-13 19:16:51.495 I/System.out(17775): Values:1
01-13 19:16:52.496 I/System.out(17775): Values:1
01-13 19:16:53.497 I/System.out(17775): Values:1
01-13 19:16:54.498 I/System.out(17775): Values:1
01-13 19:16:54.568 D/dalvikvm(17775): GC_CONCURRENT freed 384K, 5% free 9020K/9444K, paused 5ms+1ms, total 49ms
01-13 19:16:55.509 I/System.out(17775): Values:1
01-13 19:16:56.510 I/System.out(17775): Values:1
01-13 19:16:57.001 I/BluetoothAdapterProperties(14573): Callback:discoveryStateChangeCallback with state:0
01-13 19:16:57.021 W/bt-btif (14573): bta_dm_check_av:0
01-13 19:16:57.021 V/BluetoothDiscoveryReceiver(14542): Received: android.bluetooth.adapter.action.DISCOVERY_FINISHED
01-13 19:16:57.031 I/BluetoothAdapterProperties(14573): Callback:discoveryStateChangeCallback with state:1
01-13 19:16:57.051 V/BluetoothDiscoveryReceiver(14542): Received: android.bluetooth.adapter.action.DISCOVERY_STARTED
01-13 19:16:57.511 I/System.out(17775): Values:0
01-13 19:16:58.512 I/System.out(17775): Values:0
01-13 19:16:59.513 I/System.out(17775): Values:0
01-13 19:17:00.514 I/System.out(17775): Values:0
01-13 19:17:01.515 I/System.out(17775): Values:1
01-13 19:17:02.506 I/System.out(17775): Values:1
01-13 19:17:03.517 I/System.out(17775): Values:1
01-13 19:17:04.508 I/System.out(17775): Values:1
01-13 19:17:05.509 I/System.out(17775): Values:1
01-13 19:17:06.510 I/System.out(17775): Values:1
01-13 19:17:07.511 I/System.out(17775): Values:1
01-13 19:17:08.512 I/System.out(17775): Values:1
01-13 19:17:09.523 I/System.out(17775): Values:1
01-13 19:17:09.863 I/BluetoothAdapterProperties(14573): Callback:discoveryStateChangeCallback with state:0
01-13 19:17:09.873 W/bt-btif (14573): bta_dm_check_av:0
01-13 19:17:09.873 V/BluetoothDiscoveryReceiver(14542): Received: android.bluetooth.adapter.action.DISCOVERY_FINISHED
01-13 19:17:09.893 I/BluetoothAdapterProperties(14573): Callback:discoveryStateChangeCallback with state:1
01-13 19:17:09.903 V/BluetoothDiscoveryReceiver(14542): Received: android.bluetooth.adapter.action.DISCOVERY_STARTED
01-13 19:17:10.524 I/System.out(17775): Values:0
01-13 19:17:11.525 I/System.out(17775): Values:0
01-13 19:17:12.516 I/System.out(17775): Values:0
01-13 19:17:13.517 I/System.out(17775): Values:0
01-13 19:17:14.528 I/System.out(17775): Values:0
01-13 19:17:15.529 I/System.out(17775): Values:1
01-13 19:17:16.530 I/System.out(17775): Values:1
01-13 19:17:17.531 I/System.out(17775): Values:1
01-13 19:17:18.532 I/System.out(17775): Values:1
01-13 19:17:19.533 I/System.out(17775): Values:1
01-13 19:17:20.534 I/System.out(17775): Values:1
01-13 19:17:21.535 I/System.out(17775): Values:1
01-13 19:17:22.536 I/System.out(17775): Values:1
01-13 19:17:22.726 I/BluetoothAdapterProperties(14573): Callback:discoveryStateChangeCallback with state:0
01-13 19:17:22.736 W/bt-btif (14573): bta_dm_check_av:0
01-13 19:17:22.746 V/BluetoothDiscoveryReceiver(14542): Received: android.bluetooth.adapter.action.DISCOVERY_FINISHED
01-13 19:17:22.756 I/BluetoothAdapterProperties(14573): Callback:discoveryStateChangeCallback with state:1
01-13 19:17:22.776 V/BluetoothDiscoveryReceiver(14542): Received: android.bluetooth.adapter.action.DISCOVERY_STARTED
01-13 19:17:22.926 D/btif_config_util(14573): btif_config_save_file(L153): in file name:/data/misc/bluedroid/bt_config.new
01-13 19:17:23.537 I/System.out(17775): Values:1
01-13 19:17:24.537 I/System.out(17775): Values:1
01-13 19:17:25.538 I/System.out(17775): Values:1
01-13 19:17:26.539 I/System.out(17775): Values:1
01-13 19:17:27.540 I/System.out(17775): Values:1
01-13 19:17:28.541 I/System.out(17775): Values:1
01-13 19:17:29.542 I/System.out(17775): Values:1
01-13 19:17:30.543 I/System.out(17775): Values:1
01-13 19:17:31.534 I/System.out(17775): Values:1
01-13 19:17:32.535 I/System.out(17775): Values:1
01-13 19:17:33.536 I/System.out(17775): Values:1
01-13 19:17:34.537 I/System.out(17775): Values:1
01-13 19:17:35.538 I/System.out(17775): Values:1
01-13 19:17:35.588 I/BluetoothAdapterProperties(14573): Callback:discoveryStateChangeCallback with state:0
01-13 19:17:35.608 W/bt-btif (14573): bta_dm_check_av:0
01-13 19:17:35.608 V/BluetoothDiscoveryReceiver(14542): Received: android.bluetooth.adapter.action.DISCOVERY_FINISHED
01-13 19:17:35.618 I/BluetoothAdapterProperties(14573): Callback:discoveryStateChangeCallback with state:1
01-13 19:17:35.638 V/BluetoothDiscoveryReceiver(14542): Received: android.bluetooth.adapter.action.DISCOVERY_STARTED
01-13 19:17:36.549 I/System.out(17775): Values:0
01-13 19:17:37.550 I/System.out(17775): Values:0
01-13 19:17:38.551 I/System.out(17775): Values:0
01-13 19:17:39.552 I/System.out(17775): Values:0
01-13 19:17:40.553 I/System.out(17775): Values:1
01-13 19:17:41.554 I/System.out(17775): Values:1
01-13 19:17:42.555 I/System.out(17775): Values:1
01-13 19:17:43.556 I/System.out(17775): Values:1
01-13 19:17:44.557 I/System.out(17775): Values:1
01-13 19:17:45.548 I/System.out(17775): Values:1
01-13 19:17:46.559 I/System.out(17775): Values:1
01-13 19:17:47.560 I/System.out(17775): Values:1
01-13 19:17:48.451 I/BluetoothAdapterProperties(14573): Callback:discoveryStateChangeCallback with state:0
01-13 19:17:48.471 W/bt-btif (14573): bta_dm_check_av:0
01-13 19:17:48.481 I/BluetoothAdapterProperties(14573): Callback:discoveryStateChangeCallback with state:1
01-13 19:17:48.491 V/BluetoothDiscoveryReceiver(14542): Received: android.bluetooth.adapter.action.DISCOVERY_FINISHED
01-13 19:17:48.521 D/dalvikvm(14542): GC_FOR_ALLOC freed 362K, 6% free 8975K/9532K, paused 27ms, total 27ms
01-13 19:17:48.541 V/BluetoothDiscoveryReceiver(14542): Received: android.bluetooth.adapter.action.DISCOVERY_STARTED
01-13 19:17:48.561 I/System.out(17775): Values:0
01-13 19:17:49.552 I/System.out(17775): Values:0
01-13 19:17:50.563 I/System.out(17775): Values:0
01-13 19:17:51.564 I/System.out(17775): Values:0
01-13 19:17:52.565 I/System.out(17775): Values:1
01-13 19:17:53.556 I/System.out(17775): Values:1
01-13 19:17:54.567 I/System.out(17775): Values:1
01-13 19:17:55.568 I/System.out(17775): Values:1
01-13 19:17:56.569 I/System.out(17775): Values:1
01-13 19:17:57.570 I/System.out(17775): Values:1
01-13 19:17:58.571 I/System.out(17775): Values:1
01-13 19:17:59.572 I/System.out(17775): Values:1
01-13 19:18:00.573 I/System.out(17775): Values:1
01-13 19:18:01.303 I/BluetoothAdapterProperties(14573): Callback:discoveryStateChangeCallback with state:0
01-13 19:18:01.323 W/bt-btif (14573): bta_dm_check_av:0
01-13 19:18:01.323 V/BluetoothDiscoveryReceiver(14542): Received: android.bluetooth.adapter.action.DISCOVERY_FINISHED
01-13 19:18:01.343 I/BluetoothAdapterProperties(14573): Callback:discoveryStateChangeCallback with state:1
01-13 19:18:01.353 V/BluetoothDiscoveryReceiver(14542): Received: android.bluetooth.adapter.action.DISCOVERY_STARTED
01-13 19:18:01.574 I/System.out(17775): Values:0
01-13 19:18:02.575 I/System.out(17775): Values:0
01-13 19:18:03.576 I/System.out(17775): Values:0
01-13 19:18:04.567 I/System.out(17775): Values:0
01-13 19:18:05.568 I/System.out(17775): Values:1
01-13 19:18:06.578 I/System.out(17775): Values:1
01-13 19:18:07.569 I/System.out(17775): Values:1
01-13 19:18:08.570 I/System.out(17775): Values:1
01-13 19:18:09.581 I/System.out(17775): Values:1
01-13 19:18:10.572 I/System.out(17775): Values:1
01-13 19:18:11.573 I/System.out(17775): Values:1
01-13 19:18:12.584 I/System.out(17775): Values:1
01-13 19:18:13.585 I/System.out(17775): Values:1
01-13 19:18:14.176 I/BluetoothAdapterProperties(14573): Callback:discoveryStateChangeCallback with state:0
01-13 19:18:14.196 W/bt-btif (14573): bta_dm_check_av:0
01-13 19:18:14.196 V/BluetoothDiscoveryReceiver(14542): Received: android.bluetooth.adapter.action.DISCOVERY_FINISHED
01-13 19:18:14.206 I/BluetoothAdapterProperties(14573): Callback:discoveryStateChangeCallback with state:1
01-13 19:18:14.226 V/BluetoothDiscoveryReceiver(14542): Received: android.bluetooth.adapter.action.DISCOVERY_STARTED
01-13 19:18:14.576 I/System.out(17775): Values:1
01-13 19:18:15.577 I/System.out(17775): Values:1
01-13 19:18:16.578 I/System.out(17775): Values:1
01-13 19:18:17.589 I/System.out(17775): Values:1
01-13 19:18:18.590 I/System.out(17775): Values:1
01-13 19:18:19.591 I/System.out(17775): Values:1
01-13 19:18:20.592 I/System.out(17775): Values:1
01-13 19:18:21.593 I/System.out(17775): Values:1
01-13 19:18:22.594 I/System.out(17775): Values:1
01-13 19:18:23.585 I/System.out(17775): Values:1
01-13 19:18:24.596 I/System.out(17775): Values:1
01-13 19:18:25.597 I/System.out(17775): Values:1
01-13 19:18:26.588 I/System.out(17775): Values:1
01-13 19:18:27.028 I/BluetoothAdapterProperties(14573): Callback:discoveryStateChangeCallback with state:0
01-13 19:18:27.058 W/bt-btif (14573): bta_dm_check_av:0
01-13 19:18:27.058 V/BluetoothDiscoveryReceiver(14542): Received: android.bluetooth.adapter.action.DISCOVERY_FINISHED
01-13 19:18:27.068 I/BluetoothAdapterProperties(14573): Callback:discoveryStateChangeCallback with state:1
01-13 19:18:27.089 V/BluetoothDiscoveryReceiver(14542): Received: android.bluetooth.adapter.action.DISCOVERY_STARTED
01-13 19:18:27.589 I/System.out(17775): Values:0
01-13 19:18:28.600 I/System.out(17775): Values:0
01-13 19:18:29.601 I/System.out(17775): Values:0
01-13 19:18:30.602 I/System.out(17775): Values:0
01-13 19:18:31.603 I/System.out(17775): Values:1
01-13 19:18:32.604 I/System.out(17775): Values:1
01-13 19:18:33.605 I/System.out(17775): Values:1
01-13 19:18:34.606 I/System.out(17775): Values:1
01-13 19:18:35.607 I/System.out(17775): Values:1
01-13 19:18:36.598 I/System.out(17775): Values:1
01-13 19:18:37.609 I/System.out(17775): Values:1
01-13 19:18:38.610 I/System.out(17775): Values:1
01-13 19:18:39.611 I/System.out(17775): Values:1
01-13 19:18:39.901 I/BluetoothAdapterProperties(14573): Callback:discoveryStateChangeCallback with state:0
01-13 19:18:39.921 W/bt-btif (14573): bta_dm_check_av:0
01-13 19:18:39.921 V/BluetoothDiscoveryReceiver(14542): Received: android.bluetooth.adapter.action.DISCOVERY_FINISHED
01-13 19:18:39.931 I/BluetoothAdapterProperties(14573): Callback:discoveryStateChangeCallback with state:1
01-13 19:18:39.951 V/BluetoothDiscoveryReceiver(14542): Received: android.bluetooth.adapter.action.DISCOVERY_STARTED
01-13 19:18:40.001 D/dalvikvm(14542): GC_FOR_ALLOC freed 359K, 6% free 8974K/9532K, paused 13ms, total 13ms
01-13 19:18:40.612 I/System.out(17775): Values:0
01-13 19:18:41.613 I/System.out(17775): Values:1
01-13 19:18:42.614 I/System.out(17775): Values:1
01-13 19:18:43.615 I/System.out(17775): Values:1
01-13 19:18:44.616 I/System.out(17775): Values:1
01-13 19:18:45.617 I/System.out(17775): Values:1
01-13 19:18:46.618 I/System.out(17775): Values:1
01-13 19:18:47.619 I/System.out(17775): Values:1
01-13 19:18:48.610 I/System.out(17775): Values:1
01-13 19:18:49.610 I/System.out(17775): Values:1
01-13 19:18:50.621 I/System.out(17775): Values:1
01-13 19:18:51.622 I/System.out(17775): Values:1
01-13 19:18:52.613 I/System.out(17775): Values:1
01-13 19:18:52.754 I/BluetoothAdapterProperties(14573): Callback:discoveryStateChangeCallback with state:0
01-13 19:18:52.774 W/bt-btif (14573): bta_dm_check_av:0
01-13 19:18:52.784 V/BluetoothDiscoveryReceiver(14542): Received: android.bluetooth.adapter.action.DISCOVERY_FINISHED
01-13 19:18:52.794 I/BluetoothAdapterProperties(14573): Callback:discoveryStateChangeCallback with state:1
01-13 19:18:52.804 V/BluetoothDiscoveryReceiver(14542): Received: android.bluetooth.adapter.action.DISCOVERY_STARTED
01-13 19:18:53.614 I/System.out(17775): Values:1
01-13 19:18:54.615 I/System.out(17775): Values:1
01-13 19:18:55.616 I/System.out(17775): Values:1
01-13 19:18:56.627 I/System.out(17775): Values:1
01-13 19:18:57.628 I/System.out(17775): Values:1
01-13 19:18:58.629 I/System.out(17775): Values:1
01-13 19:18:59.630 I/System.out(17775): Values:1
01-13 19:19:00.631 I/System.out(17775): Values:1
01-13 19:19:01.632 I/System.out(17775): Values:1
01-13 19:19:02.633 I/System.out(17775): Values:1
01-13 19:19:03.634 I/System.out(17775): Values:1
01-13 19:19:04.625 I/System.out(17775): Values:1
01-13 19:19:05.616 I/BluetoothAdapterProperties(14573): Callback:discoveryStateChangeCallback with state:0
01-13 19:19:05.626 I/System.out(17775): Values:1
01-13 19:19:05.646 W/bt-btif (14573): bta_dm_check_av:0
01-13 19:19:05.656 I/BluetoothAdapterProperties(14573): Callback:discoveryStateChangeCallback with state:1
01-13 19:19:05.666 V/BluetoothDiscoveryReceiver(14542): Received: android.bluetooth.adapter.action.DISCOVERY_FINISHED
01-13 19:19:05.706 V/BluetoothDiscoveryReceiver(14542): Received: android.bluetooth.adapter.action.DISCOVERY_STARTED
01-13 19:19:06.627 I/System.out(17775): Values:0
01-13 19:19:07.638 I/System.out(17775): Values:0
01-13 19:19:08.639 I/System.out(17775): Values:0
01-13 19:19:09.640 I/System.out(17775): Values:1
01-13 19:19:10.641 I/System.out(17775): Values:1
01-13 19:19:11.642 I/System.out(17775): Values:1
01-13 19:19:12.643 I/System.out(17775): Values:1
01-13 19:19:13.634 I/System.out(17775): Values:1
01-13 19:19:14.635 I/System.out(17775): Values:1
01-13 19:19:15.636 I/System.out(17775): Values:1
01-13 19:19:16.637 I/System.out(17775): Values:1
01-13 19:19:17.638 I/System.out(17775): Values:1
01-13 19:19:18.489 I/BluetoothAdapterProperties(14573): Callback:discoveryStateChangeCallback with state:0
01-13 19:19:18.509 W/bt-btif (14573): bta_dm_check_av:0
01-13 19:19:18.509 V/BluetoothDiscoveryReceiver(14542): Received: android.bluetooth.adapter.action.DISCOVERY_FINISHED
01-13 19:19:18.529 I/BluetoothAdapterProperties(14573): Callback:discoveryStateChangeCallback with state:1
01-13 19:19:18.539 V/BluetoothDiscoveryReceiver(14542): Received: android.bluetooth.adapter.action.DISCOVERY_STARTED
01-13 19:19:18.649 I/System.out(17775): Values:0
01-13 19:19:19.650 I/System.out(17775): Values:1
01-13 19:19:20.641 I/System.out(17775): Values:1
01-13 19:19:21.642 I/System.out(17775): Values:1
01-13 19:19:22.643 I/System.out(17775): Values:1
01-13 19:19:23.644 I/System.out(17775): Values:1
01-13 19:19:24.645 I/System.out(17775): Values:1
01-13 19:19:25.646 I/System.out(17775): Values:1
01-13 19:19:26.647 I/System.out(17775): Values:1
01-13 19:19:27.648 I/System.out(17775): Values:1
01-13 19:19:28.649 I/System.out(17775): Values:1
01-13 19:19:29.650 I/System.out(17775): Values:1
01-13 19:19:30.651 I/System.out(17775): Values:1
01-13 19:19:31.351 I/BluetoothAdapterProperties(14573): Callback:discoveryStateChangeCallback with state:0
01-13 19:19:31.371 V/BluetoothDiscoveryReceiver(14542): Received: android.bluetooth.adapter.action.DISCOVERY_FINISHED
01-13 19:19:31.381 W/bt-btif (14573): bta_dm_check_av:0
01-13 19:19:31.401 I/BluetoothAdapterProperties(14573): Callback:discoveryStateChangeCallback with state:1
01-13 19:19:31.431 V/BluetoothDiscoveryReceiver(14542): Received: android.bluetooth.adapter.action.DISCOVERY_STARTED
01-13 19:19:31.451 D/dalvikvm(14542): GC_FOR_ALLOC freed 354K, 6% free 8973K/9532K, paused 13ms, total 13ms
01-13 19:19:31.651 I/System.out(17775): Values:0
01-13 19:19:32.652 I/System.out(17775): Values:1
01-13 19:19:33.653 I/System.out(17775): Values:1
01-13 19:19:34.654 I/System.out(17775): Values:1
01-13 19:19:35.655 I/System.out(17775): Values:1
01-13 19:19:36.656 I/System.out(17775): Values:1
01-13 19:19:37.657 I/System.out(17775): Values:1
01-13 19:19:38.658 I/System.out(17775): Values:1
01-13 19:19:39.659 I/System.out(17775): Values:1
01-13 19:19:40.660 I/System.out(17775): Values:1
01-13 19:19:41.661 I/System.out(17775): Values:1
01-13 19:19:42.662 I/System.out(17775): Values:1
01-13 19:19:43.673 I/System.out(17775): Values:1
01-13 19:19:44.234 I/BluetoothAdapterProperties(14573): Callback:discoveryStateChangeCallback with state:0
01-13 19:19:44.244 W/bt-btif (14573): bta_dm_check_av:0
01-13 19:19:44.254 V/BluetoothDiscoveryReceiver(14542): Received: android.bluetooth.adapter.action.DISCOVERY_FINISHED
01-13 19:19:44.264 I/BluetoothAdapterProperties(14573): Callback:discoveryStateChangeCallback with state:1
01-13 19:19:44.274 V/BluetoothDiscoveryReceiver(14542): Received: android.bluetooth.adapter.action.DISCOVERY_STARTED
01-13 19:19:44.664 I/System.out(17775): Values:0
01-13 19:19:45.665 I/System.out(17775): Values:0
01-13 19:19:46.666 I/System.out(17775): Values:0
01-13 19:19:47.667 I/System.out(17775): Values:0
01-13 19:19:48.668 I/System.out(17775): Values:1
01-13 19:19:49.669 I/System.out(17775): Values:1
01-13 19:19:50.670 I/System.out(17775): Values:1
01-13 19:19:51.671 I/System.out(17775): Values:1
01-13 19:19:52.672 I/System.out(17775): Values:1
01-13 19:19:53.673 I/System.out(17775): Values:1
01-13 19:19:54.674 I/System.out(17775): Values:1
01-13 19:19:55.675 I/System.out(17775): Values:1
01-13 19:19:56.666 I/System.out(17775): Values:1
01-13 19:19:57.096 I/BluetoothAdapterProperties(14573): Callback:discoveryStateChangeCallback with state:0
01-13 19:19:57.106 V/BluetoothDiscoveryReceiver(14542): Received: android.bluetooth.adapter.action.DISCOVERY_FINISHED
01-13 19:19:57.116 W/bt-btif (14573): bta_dm_check_av:0
01-13 19:19:57.126 I/BluetoothAdapterProperties(14573): Callback:discoveryStateChangeCallback with state:1
01-13 19:19:57.166 V/BluetoothDiscoveryReceiver(14542): Received: android.bluetooth.adapter.action.DISCOVERY_STARTED
01-13 19:19:57.677 I/System.out(17775): Values:0
01-13 19:19:58.678 I/System.out(17775): Values:0
01-13 19:19:59.679 I/System.out(17775): Values:0
01-13 19:20:00.680 I/System.out(17775): Values:0
01-13 19:20:01.671 I/System.out(17775): Values:1
01-13 19:20:01.821 D/dalvikvm(14573): GC_CONCURRENT freed 396K, 5% free 9010K/9444K, paused 12ms+1ms, total 60ms
01-13 19:20:02.662 I/System.out(17775): Values:2
01-13 19:20:03.673 I/System.out(17775): Values:2
01-13 19:20:04.674 I/System.out(17775): Values:2
01-13 19:20:05.675 I/System.out(17775): Values:2
01-13 19:20:06.666 I/System.out(17775): Values:2
01-13 19:20:07.677 I/System.out(17775): Values:2
01-13 19:20:08.678 I/System.out(17775): Values:2
01-13 19:20:09.679 I/System.out(17775): Values:2
01-13 19:20:09.959 I/BluetoothAdapterProperties(14573): Callback:discoveryStateChangeCallback with state:0
01-13 19:20:09.979 W/bt-btif (14573): bta_dm_check_av:0
01-13 19:20:09.979 V/BluetoothDiscoveryReceiver(14542): Received: android.bluetooth.adapter.action.DISCOVERY_FINISHED
01-13 19:20:09.999 I/BluetoothAdapterProperties(14573): Callback:discoveryStateChangeCallback with state:1
01-13 19:20:10.009 V/BluetoothDiscoveryReceiver(14542): Received: android.bluetooth.adapter.action.DISCOVERY_STARTED
01-13 19:20:10.680 I/System.out(17775): Values:0
01-13 19:20:11.681 I/System.out(17775): Values:2
01-13 19:20:12.682 I/System.out(17775): Values:2
01-13 19:20:13.683 I/System.out(17775): Values:2
01-13 19:20:14.683 I/System.out(17775): Values:2
01-13 19:20:15.684 I/System.out(17775): Values:2
01-13 19:20:16.675 I/System.out(17775): Values:2
01-13 19:20:17.686 I/System.out(17775): Values:2
01-13 19:20:17.746 D/dalvikvm(17775): GC_CONCURRENT freed 386K, 5% free 9019K/9444K, paused 10ms+4ms, total 57ms
01-13 19:20:18.687 I/System.out(17775): Values:2
01-13 19:20:19.688 I/System.out(17775): Values:2
01-13 19:20:20.689 I/System.out(17775): Values:2
01-13 19:20:21.690 I/System.out(17775): Values:2
01-13 19:20:22.691 I/System.out(17775): Values:2
01-13 19:20:22.821 I/BluetoothAdapterProperties(14573): Callback:discoveryStateChangeCallback with state:0
01-13 19:20:22.841 W/bt-btif (14573): bta_dm_check_av:0
01-13 19:20:22.841 I/BluetoothAdapterProperties(14573): Callback:discoveryStateChangeCallback with state:1
01-13 19:20:22.861 V/BluetoothDiscoveryReceiver(14542): Received: android.bluetooth.adapter.action.DISCOVERY_FINISHED
01-13 19:20:22.901 V/BluetoothDiscoveryReceiver(14542): Received: android.bluetooth.adapter.action.DISCOVERY_STARTED
01-13 19:20:22.922 D/dalvikvm(14542): GC_FOR_ALLOC freed 359K, 6% free 8975K/9532K, paused 21ms, total 21ms
01-13 19:20:23.692 I/System.out(17775): Values:0
01-13 19:20:24.703 I/System.out(17775): Values:0
01-13 19:20:25.704 I/System.out(17775): Values:0
01-13 19:20:26.695 I/System.out(17775): Values:0
01-13 19:20:27.706 I/System.out(17775): Values:1
01-13 19:20:28.697 I/System.out(17775): Values:1
01-13 19:20:29.708 I/System.out(17775): Values:1
01-13 19:20:30.699 I/System.out(17775): Values:1
01-13 19:20:31.700 I/System.out(17775): Values:1
01-13 19:20:32.701 I/System.out(17775): Values:1
01-13 19:20:33.702 I/System.out(17775): Values:1
01-13 19:20:34.703 I/System.out(17775): Values:1
01-13 19:20:35.674 I/BluetoothAdapterProperties(14573): Callback:discoveryStateChangeCallback with state:0
01-13 19:20:35.684 V/BluetoothDiscoveryReceiver(14542): Received: android.bluetooth.adapter.action.DISCOVERY_FINISHED
01-13 19:20:35.684 W/bt-btif (14573): bta_dm_check_av:0
01-13 19:20:35.704 I/System.out(17775): Values:0
01-13 19:20:35.714 I/BluetoothAdapterProperties(14573): Callback:discoveryStateChangeCallback with state:1
01-13 19:20:35.724 V/BluetoothDiscoveryReceiver(14542): Received: android.bluetooth.adapter.action.DISCOVERY_STARTED
01-13 19:20:36.705 I/System.out(17775): Values:0
01-13 19:20:37.706 I/System.out(17775): Values:0
01-13 19:20:38.707 I/System.out(17775): Values:0
01-13 19:20:39.708 I/System.out(17775): Values:0
01-13 19:20:40.709 I/System.out(17775): Values:2
01-13 19:20:41.710 I/System.out(17775): Values:2
01-13 19:20:42.711 I/System.out(17775): Values:2
01-13 19:20:43.712 I/System.out(17775): Values:2
01-13 19:20:44.713 I/System.out(17775): Values:2
01-13 19:20:45.714 I/System.out(17775): Values:2
01-13 19:20:46.715 I/System.out(17775): Values:2
01-13 19:20:47.716 I/System.out(17775): Values:2
01-13 19:20:48.537 I/BluetoothAdapterProperties(14573): Callback:discoveryStateChangeCallback with state:0
01-13 19:20:48.557 W/bt-btif (14573): bta_dm_check_av:0
01-13 19:20:48.567 I/BluetoothAdapterProperties(14573): Callback:discoveryStateChangeCallback with state:1
01-13 19:20:48.587 V/BluetoothDiscoveryReceiver(14542): Received: android.bluetooth.adapter.action.DISCOVERY_FINISHED
01-13 19:20:48.607 V/BluetoothDiscoveryReceiver(14542): Received: android.bluetooth.adapter.action.DISCOVERY_STARTED
01-13 19:20:48.717 I/System.out(17775): Values:1
01-13 19:20:49.718 I/System.out(17775): Values:1
01-13 19:20:50.719 I/System.out(17775): Values:1
01-13 19:20:51.730 I/System.out(17775): Values:1
01-13 19:20:52.731 I/System.out(17775): Values:1
01-13 19:20:53.732 I/System.out(17775): Values:1
01-13 19:20:54.733 I/System.out(17775): Values:1
01-13 19:20:55.724 I/System.out(17775): Values:1
01-13 19:20:56.724 I/System.out(17775): Values:1
01-13 19:20:57.725 I/System.out(17775): Values:1
01-13 19:20:58.726 I/System.out(17775): Values:1
01-13 19:20:59.727 I/System.out(17775): Values:1
01-13 19:21:00.728 I/System.out(17775): Values:1
01-13 19:21:01.399 I/BluetoothAdapterProperties(14573): Callback:discoveryStateChangeCallback with state:0
01-13 19:21:01.419 W/bt-btif (14573): bta_dm_check_av:0
01-13 19:21:01.429 V/BluetoothDiscoveryReceiver(14542): Received: android.bluetooth.adapter.action.DISCOVERY_FINISHED
01-13 19:21:01.439 I/BluetoothAdapterProperties(14573): Callback:discoveryStateChangeCallback with state:1
01-13 19:21:01.449 V/BluetoothDiscoveryReceiver(14542): Received: android.bluetooth.adapter.action.DISCOVERY_STARTED
01-13 19:21:01.739 I/System.out(17775): Values:0
01-13 19:21:02.740 I/System.out(17775): Values:0
01-13 19:21:03.741 I/System.out(17775): Values:0
01-13 19:21:04.732 I/System.out(17775): Values:0
01-13 19:21:05.733 I/System.out(17775): Values:1
01-13 19:21:06.734 I/System.out(17775): Values:1
01-13 19:21:07.735 I/System.out(17775): Values:1
01-13 19:21:08.736 I/System.out(17775): Values:1
01-13 19:21:09.747 I/System.out(17775): Values:1
01-13 19:21:10.748 I/System.out(17775): Values:1
01-13 19:21:11.749 I/System.out(17775): Values:1
01-13 19:21:12.750 I/System.out(17775): Values:1
01-13 19:21:13.751 I/System.out(17775): Values:1
01-13 19:21:14.262 I/BluetoothAdapterProperties(14573): Callback:discoveryStateChangeCallback with state:0
01-13 19:21:14.282 W/bt-btif (14573): bta_dm_check_av:0
01-13 19:21:14.282 V/BluetoothDiscoveryReceiver(14542): Received: android.bluetooth.adapter.action.DISCOVERY_FINISHED
01-13 19:21:14.302 I/BluetoothAdapterProperties(14573): Callback:discoveryStateChangeCallback with state:1
01-13 19:21:14.322 V/BluetoothDiscoveryReceiver(14542): Received: android.bluetooth.adapter.action.DISCOVERY_STARTED
01-13 19:21:14.372 D/dalvikvm(14542): GC_FOR_ALLOC freed 360K, 6% free 8973K/9532K, paused 13ms, total 13ms
01-13 19:21:14.752 I/System.out(17775): Values:0
01-13 19:21:15.743 I/System.out(17775): Values:0
01-13 19:21:16.754 I/System.out(17775): Values:0
01-13 19:21:17.755 I/System.out(17775): Values:0
01-13 19:21:18.756 I/System.out(17775): Values:1
01-13 19:21:19.757 I/System.out(17775): Values:1
01-13 19:21:20.758 I/System.out(17775): Values:1
01-13 19:21:21.759 I/System.out(17775): Values:1
01-13 19:21:22.760 I/System.out(17775): Values:1
01-13 19:21:23.761 I/System.out(17775): Values:1
01-13 19:21:24.762 I/System.out(17775): Values:1
01-13 19:21:25.763 I/System.out(17775): Values:1
01-13 19:21:26.764 I/System.out(17775): Values:1
01-13 19:21:27.114 I/BluetoothAdapterProperties(14573): Callback:discoveryStateChangeCallback with state:0
01-13 19:21:27.134 W/bt-btif (14573): bta_dm_check_av:0
01-13 19:21:27.144 V/BluetoothDiscoveryReceiver(14542): Received: android.bluetooth.adapter.action.DISCOVERY_FINISHED
01-13 19:21:27.154 I/BluetoothAdapterProperties(14573): Callback:discoveryStateChangeCallback with state:1
01-13 19:21:27.174 V/BluetoothDiscoveryReceiver(14542): Received: android.bluetooth.adapter.action.DISCOVERY_STARTED
01-13 19:21:27.765 I/System.out(17775): Values:0
01-13 19:21:28.766 I/System.out(17775): Values:1
01-13 19:21:29.767 I/System.out(17775): Values:1
01-13 19:21:30.768 I/System.out(17775): Values:1
01-13 19:21:31.769 I/System.out(17775): Values:1
01-13 19:21:32.770 I/System.out(17775): Values:1
01-13 19:21:33.771 I/System.out(17775): Values:1
01-13 19:21:34.772 I/System.out(17775): Values:1
01-13 19:21:35.773 I/System.out(17775): Values:1
01-13 19:21:36.774 I/System.out(17775): Values:1
01-13 19:21:37.765 I/System.out(17775): Values:1
01-13 19:21:38.766 I/System.out(17775): Values:1
01-13 19:21:39.776 I/System.out(17775): Values:1
01-13 19:21:39.987 I/BluetoothAdapterProperties(14573): Callback:discoveryStateChangeCallback with state:0
01-13 19:21:40.007 W/bt-btif (14573): bta_dm_check_av:0
01-13 19:21:40.007 V/BluetoothDiscoveryReceiver(14542): Received: android.bluetooth.adapter.action.DISCOVERY_FINISHED
01-13 19:21:40.017 I/BluetoothAdapterProperties(14573): Callback:discoveryStateChangeCallback with state:1
01-13 19:21:40.037 V/BluetoothDiscoveryReceiver(14542): Received: android.bluetooth.adapter.action.DISCOVERY_STARTED
01-13 19:21:40.777 I/System.out(17775): Values:1
01-13 19:21:41.778 I/System.out(17775): Values:1
01-13 19:21:42.779 I/System.out(17775): Values:1
01-13 19:21:43.780 I/System.out(17775): Values:1
01-13 19:21:44.781 I/System.out(17775): Values:1
01-13 19:21:45.782 I/System.out(17775): Values:1
01-13 19:21:46.783 I/System.out(17775): Values:1
01-13 19:21:47.784 I/System.out(17775): Values:1
01-13 19:21:48.785 I/System.out(17775): Values:1
01-13 19:21:49.786 I/System.out(17775): Values:1
01-13 19:21:50.787 I/System.out(17775): Values:1
01-13 19:21:51.788 I/System.out(17775): Values:1
01-13 19:21:52.789 I/System.out(17775): Values:1
01-13 19:21:52.849 I/BluetoothAdapterProperties(14573): Callback:discoveryStateChangeCallback with state:0
01-13 19:21:52.869 W/bt-btif (14573): bta_dm_check_av:0
01-13 19:21:52.879 V/BluetoothDiscoveryReceiver(14542): Received: android.bluetooth.adapter.action.DISCOVERY_FINISHED
01-13 19:21:52.889 I/BluetoothAdapterProperties(14573): Callback:discoveryStateChangeCallback with state:1
01-13 19:21:52.909 V/BluetoothDiscoveryReceiver(14542): Received: android.bluetooth.adapter.action.DISCOVERY_STARTED
01-13 19:21:53.800 I/System.out(17775): Values:0
01-13 19:21:54.801 I/System.out(17775): Values:0
01-13 19:21:55.792 I/System.out(17775): Values:0
01-13 19:21:56.793 I/System.out(17775): Values:1
01-13 19:21:57.794 I/System.out(17775): Values:1
01-13 19:21:58.795 I/System.out(17775): Values:1
01-13 19:21:59.796 I/System.out(17775): Values:1
01-13 19:22:00.797 I/System.out(17775): Values:1
01-13 19:22:01.798 I/System.out(17775): Values:1
01-13 19:22:02.799 I/System.out(17775): Values:1
01-13 19:22:03.800 I/System.out(17775): Values:1
01-13 19:22:04.811 I/System.out(17775): Values:1
01-13 19:22:05.712 I/BluetoothAdapterProperties(14573): Callback:discoveryStateChangeCallback with state:0
01-13 19:22:05.732 W/bt-btif (14573): bta_dm_check_av:0
01-13 19:22:05.732 V/BluetoothDiscoveryReceiver(14542): Received: android.bluetooth.adapter.action.DISCOVERY_FINISHED
01-13 19:22:05.752 I/BluetoothAdapterProperties(14573): Callback:discoveryStateChangeCallback with state:1
01-13 19:22:05.782 V/BluetoothDiscoveryReceiver(14542): Received: android.bluetooth.adapter.action.DISCOVERY_STARTED
01-13 19:22:05.802 I/System.out(17775): Values:0
01-13 19:22:05.812 D/dalvikvm(14542): GC_FOR_ALLOC freed 354K, 6% free 8973K/9532K, paused 16ms, total 16ms
01-13 19:22:06.803 I/System.out(17775): Values:2
01-13 19:22:07.804 I/System.out(17775): Values:2
01-13 19:22:08.805 I/System.out(17775): Values:2
01-13 19:22:09.806 I/System.out(17775): Values:2
01-13 19:22:10.817 I/System.out(17775): Values:2
01-13 19:22:11.818 I/System.out(17775): Values:2
01-13 19:22:12.819 I/System.out(17775): Values:2
01-13 19:22:13.820 I/System.out(17775): Values:2
01-13 19:22:14.821 I/System.out(17775): Values:2
01-13 19:22:15.822 I/System.out(17775): Values:2
01-13 19:22:16.823 I/System.out(17775): Values:2
01-13 19:22:17.814 I/System.out(17775): Values:2
01-13 19:22:18.574 I/BluetoothAdapterProperties(14573): Callback:discoveryStateChangeCallback with state:0
01-13 19:22:18.594 W/bt-btif (14573): bta_dm_check_av:0
01-13 19:22:18.594 V/BluetoothDiscoveryReceiver(14542): Received: android.bluetooth.adapter.action.DISCOVERY_FINISHED
01-13 19:22:18.614 I/BluetoothAdapterProperties(14573): Callback:discoveryStateChangeCallback with state:1
01-13 19:22:18.624 V/BluetoothDiscoveryReceiver(14542): Received: android.bluetooth.adapter.action.DISCOVERY_STARTED
01-13 19:22:18.815 I/System.out(17775): Values:0
01-13 19:22:19.816 I/System.out(17775): Values:0
01-13 19:22:20.817 I/System.out(17775): Values:0
01-13 19:22:21.818 I/System.out(17775): Values:0
01-13 19:22:22.818 I/System.out(17775): Values:0
01-13 19:22:23.819 I/System.out(17775): Values:0
01-13 19:22:24.820 I/System.out(17775): Values:0
01-13 19:22:25.821 I/System.out(17775): Values:0
01-13 19:22:26.822 I/System.out(17775): Values:0
01-13 19:22:27.813 I/System.out(17775): Values:1
01-13 19:22:28.814 I/System.out(17775): Values:1
01-13 19:22:29.825 I/System.out(17775): Values:1
01-13 19:22:30.826 I/System.out(17775): Values:1
01-13 19:22:31.437 I/BluetoothAdapterProperties(14573): Callback:discoveryStateChangeCallback with state:0
01-13 19:22:31.457 W/bt-btif (14573): bta_dm_check_av:0
01-13 19:22:31.467 V/BluetoothDiscoveryReceiver(14542): Received: android.bluetooth.adapter.action.DISCOVERY_FINISHED
01-13 19:22:31.477 I/BluetoothAdapterProperties(14573): Callback:discoveryStateChangeCallback with state:1
01-13 19:22:31.497 V/BluetoothDiscoveryReceiver(14542): Received: android.bluetooth.adapter.action.DISCOVERY_STARTED
01-13 19:22:31.827 I/System.out(17775): Values:0
01-13 19:22:32.828 I/System.out(17775): Values:0
01-13 19:22:33.829 I/System.out(17775): Values:0
01-13 19:22:34.830 I/System.out(17775): Values:0
01-13 19:22:35.831 I/System.out(17775): Values:0
01-13 19:22:36.832 I/System.out(17775): Values:0
01-13 19:22:37.823 I/System.out(17775): Values:0
01-13 19:22:38.824 I/System.out(17775): Values:0
01-13 19:22:39.825 I/System.out(17775): Values:0
01-13 19:22:40.836 I/System.out(17775): Values:1
01-13 19:22:41.827 I/System.out(17775): Values:1
01-13 19:22:42.828 I/System.out(17775): Values:1
01-13 19:22:43.839 I/System.out(17775): Values:1
01-13 19:22:44.309 I/BluetoothAdapterProperties(14573): Callback:discoveryStateChangeCallback with state:0
01-13 19:22:44.329 W/bt-btif (14573): bta_dm_check_av:0
01-13 19:22:44.339 I/BluetoothAdapterProperties(14573): Callback:discoveryStateChangeCallback with state:1
01-13 19:22:44.349 V/BluetoothDiscoveryReceiver(14542): Received: android.bluetooth.adapter.action.DISCOVERY_FINISHED
01-13 19:22:44.390 V/BluetoothDiscoveryReceiver(14542): Received: android.bluetooth.adapter.action.DISCOVERY_STARTED
01-13 19:22:44.840 I/System.out(17775): Values:0
01-13 19:22:45.841 I/System.out(17775): Values:0
01-13 19:22:46.842 I/System.out(17775): Values:0
01-13 19:22:47.843 I/System.out(17775): Values:0
01-13 19:22:48.834 I/System.out(17775): Values:1
01-13 19:22:49.845 I/System.out(17775): Values:1
01-13 19:22:50.836 I/System.out(17775): Values:1
01-13 19:22:51.837 I/System.out(17775): Values:1
01-13 19:22:52.838 I/System.out(17775): Values:1
01-13 19:22:53.839 I/System.out(17775): Values:1
01-13 19:22:54.840 I/System.out(17775): Values:1
01-13 19:22:55.851 I/System.out(17775): Values:1
01-13 19:22:56.852 I/System.out(17775): Values:1
01-13 19:22:57.162 I/BluetoothAdapterProperties(14573): Callback:discoveryStateChangeCallback with state:0
01-13 19:22:57.172 V/BluetoothDiscoveryReceiver(14542): Received: android.bluetooth.adapter.action.DISCOVERY_FINISHED
01-13 19:22:57.182 W/bt-btif (14573): bta_dm_check_av:0
01-13 19:22:57.192 I/BluetoothAdapterProperties(14573): Callback:discoveryStateChangeCallback with state:1
01-13 19:22:57.212 V/BluetoothDiscoveryReceiver(14542): Received: android.bluetooth.adapter.action.DISCOVERY_STARTED
01-13 19:22:57.252 D/dalvikvm(14542): GC_FOR_ALLOC freed 357K, 6% free 8974K/9532K, paused 13ms, total 13ms
01-13 19:22:57.833 I/System.out(17775): Values:1
01-13 19:22:58.834 I/System.out(17775): Values:1
01-13 19:22:59.845 I/System.out(17775): Values:1
01-13 19:23:00.846 I/System.out(17775): Values:1
01-13 19:23:01.847 I/System.out(17775): Values:1
01-13 19:23:02.848 I/System.out(17775): Values:1
01-13 19:23:03.849 I/System.out(17775): Values:1
01-13 19:23:04.849 I/System.out(17775): Values:1
01-13 19:23:05.850 I/System.out(17775): Values:1
01-13 19:23:06.851 I/System.out(17775): Values:1
01-13 19:23:07.852 I/System.out(17775): Values:1
01-13 19:23:08.853 I/System.out(17775): Values:1
01-13 19:23:09.864 I/System.out(17775): Values:1
01-13 19:23:10.025 I/BluetoothAdapterProperties(14573): Callback:discoveryStateChangeCallback with state:0
01-13 19:23:10.045 W/bt-btif (14573): bta_dm_check_av:0
01-13 19:23:10.045 V/BluetoothDiscoveryReceiver(14542): Received: android.bluetooth.adapter.action.DISCOVERY_FINISHED
01-13 19:23:10.065 I/BluetoothAdapterProperties(14573): Callback:discoveryStateChangeCallback with state:1
01-13 19:23:10.075 V/BluetoothDiscoveryReceiver(14542): Received: android.bluetooth.adapter.action.DISCOVERY_STARTED
01-13 19:23:10.865 I/System.out(17775): Values:0
01-13 19:23:11.866 I/System.out(17775): Values:0
01-13 19:23:12.867 I/System.out(17775): Values:0
01-13 19:23:13.858 I/System.out(17775): Values:1
01-13 19:23:14.859 I/System.out(17775): Values:1
01-13 19:23:15.860 I/System.out(17775): Values:1
01-13 19:23:16.871 I/System.out(17775): Values:1
01-13 19:23:17.872 I/System.out(17775): Values:1
01-13 19:23:18.873 I/System.out(17775): Values:1
01-13 19:23:19.864 I/System.out(17775): Values:1
01-13 19:23:20.875 I/System.out(17775): Values:1
01-13 19:23:21.876 I/System.out(17775): Values:1
01-13 19:23:22.877 I/System.out(17775): Values:1
01-13 19:23:22.887 I/BluetoothAdapterProperties(14573): Callback:discoveryStateChangeCallback with state:0
01-13 19:23:22.907 W/bt-btif (14573): bta_dm_check_av:0
01-13 19:23:22.907 V/BluetoothDiscoveryReceiver(14542): Received: android.bluetooth.adapter.action.DISCOVERY_FINISHED
01-13 19:23:22.917 I/BluetoothAdapterProperties(14573): Callback:discoveryStateChangeCallback with state:1
01-13 19:23:22.937 V/BluetoothDiscoveryReceiver(14542): Received: android.bluetooth.adapter.action.DISCOVERY_STARTED
01-13 19:23:23.878 I/System.out(17775): Values:0
01-13 19:23:24.879 I/System.out(17775): Values:0
01-13 19:23:25.880 I/System.out(17775): Values:0
01-13 19:23:26.881 I/System.out(17775): Values:1
01-13 19:23:27.882 I/System.out(17775): Values:1
01-13 19:23:28.883 I/System.out(17775): Values:1
01-13 19:23:29.874 I/System.out(17775): Values:1
01-13 19:23:30.885 I/System.out(17775): Values:1
01-13 19:23:31.886 I/System.out(17775): Values:1
01-13 19:23:32.887 I/System.out(17775): Values:1
01-13 19:23:33.888 I/System.out(17775): Values:1
01-13 19:23:34.889 I/System.out(17775): Values:1
01-13 19:23:35.750 I/BluetoothAdapterProperties(14573): Callback:discoveryStateChangeCallback with state:0
01-13 19:23:35.770 W/bt-btif (14573): bta_dm_check_av:0
01-13 19:23:35.770 V/BluetoothDiscoveryReceiver(14542): Received: android.bluetooth.adapter.action.DISCOVERY_FINISHED
01-13 19:23:35.790 I/BluetoothAdapterProperties(14573): Callback:discoveryStateChangeCallback with state:1
01-13 19:23:35.820 V/BluetoothDiscoveryReceiver(14542): Received: android.bluetooth.adapter.action.DISCOVERY_STARTED
01-13 19:23:35.890 I/System.out(17775): Values:0
01-13 19:23:36.891 I/System.out(17775): Values:1
01-13 19:23:37.892 I/System.out(17775): Values:1
01-13 19:23:38.893 I/System.out(17775): Values:1
01-13 19:23:39.884 I/System.out(17775): Values:1
01-13 19:23:40.895 I/System.out(17775): Values:1
01-13 19:23:41.896 I/System.out(17775): Values:1
01-13 19:23:41.946 D/dalvikvm(17775): GC_CONCURRENT freed 387K, 5% free 9019K/9444K, paused 8ms+5ms, total 53ms
01-13 19:23:42.887 I/System.out(17775): Values:1
01-13 19:23:43.898 I/System.out(17775): Values:1
01-13 19:23:44.899 I/System.out(17775): Values:1
01-13 19:23:45.900 I/System.out(17775): Values:1
01-13 19:23:46.901 I/System.out(17775): Values:1
01-13 19:23:47.901 I/System.out(17775): Values:1
01-13 19:23:48.612 I/BluetoothAdapterProperties(14573): Callback:discoveryStateChangeCallback with state:0
01-13 19:23:48.622 W/bt-btif (14573): bta_dm_check_av:0
01-13 19:23:48.632 V/BluetoothDiscoveryReceiver(14542): Received: android.bluetooth.adapter.action.DISCOVERY_FINISHED
01-13 19:23:48.642 I/BluetoothAdapterProperties(14573): Callback:discoveryStateChangeCallback with state:1
01-13 19:23:48.662 V/BluetoothDiscoveryReceiver(14542): Received: android.bluetooth.adapter.action.DISCOVERY_STARTED
01-13 19:23:48.892 I/System.out(17775): Values:0
01-13 19:23:49.893 I/System.out(17775): Values:0
01-13 19:23:50.894 I/System.out(17775): Values:0
01-13 19:23:51.905 I/System.out(17775): Values:0
01-13 19:23:52.896 I/System.out(17775): Values:1
01-13 19:23:53.907 I/System.out(17775): Values:1
01-13 19:23:54.908 I/System.out(17775): Values:1
01-13 19:23:55.909 I/System.out(17775): Values:1
01-13 19:23:56.910 I/System.out(17775): Values:1
01-13 19:23:57.911 I/System.out(17775): Values:1
01-13 19:23:58.912 I/System.out(17775): Values:1
01-13 19:23:59.913 I/System.out(17775): Values:1
01-13 19:24:00.904 I/System.out(17775): Values:1
01-13 19:24:01.475 I/BluetoothAdapterProperties(14573): Callback:discoveryStateChangeCallback with state:0
01-13 19:24:01.495 W/bt-btif (14573): bta_dm_check_av:0
01-13 19:24:01.495 V/BluetoothDiscoveryReceiver(14542): Received: android.bluetooth.adapter.action.DISCOVERY_FINISHED
01-13 19:24:01.505 I/BluetoothAdapterProperties(14573): Callback:discoveryStateChangeCallback with state:1
01-13 19:24:01.525 V/BluetoothDiscoveryReceiver(14542): Received: android.bluetooth.adapter.action.DISCOVERY_STARTED
01-13 19:24:01.565 D/dalvikvm(14542): GC_FOR_ALLOC freed 366K, 6% free 8973K/9532K, paused 13ms, total 13ms
01-13 19:24:01.915 I/System.out(17775): Values:0
01-13 19:24:02.916 I/System.out(17775): Values:0
01-13 19:24:03.907 I/System.out(17775): Values:0
01-13 19:24:04.908 I/System.out(17775): Values:0
01-13 19:24:05.198 D/dalvikvm(14573): GC_CONCURRENT freed 400K, 5% free 9010K/9448K, paused 1ms+1ms, total 23ms
01-13 19:24:05.909 I/System.out(17775): Values:1
01-13 19:24:05.919 I/System.out(17775): Battery level end is reached
01-13 19:24:05.919 I/System.out(17775): Time difference in secs is: 781
01-13 19:24:06.910 I/System.out(17775): Values:1
01-13 19:24:06.920 I/System.out(17775): Time difference in secs is: 781
01-13 19:24:07.911 I/System.out(17775): Values:1
01-13 19:24:07.921 I/System.out(17775): Time difference in secs is: 781
01-13 19:24:08.912 I/System.out(17775): Values:1
01-13 19:24:08.912 I/System.out(17775): Time difference in secs is: 781
01-13 19:24:09.913 I/System.out(17775): Values:1
01-13 19:24:09.913 I/System.out(17775): Time difference in secs is: 781
01-13 19:24:10.914 I/System.out(17775): Values:1
01-13 19:24:10.914 I/System.out(17775): Time difference in secs is: 781
01-13 19:24:11.915 I/System.out(17775): Values:1
01-13 19:24:11.915 I/System.out(17775): Time difference in secs is: 781
01-13 19:24:12.906 I/System.out(17775): Values:1
01-13 19:24:12.916 I/System.out(17775): Time difference in secs is: 781
01-13 19:24:13.917 I/System.out(17775): Values:1
01-13 19:24:13.917 I/System.out(17775): Time difference in secs is: 781
01-13 19:24:14.337 I/BluetoothAdapterProperties(14573): Callback:discoveryStateChangeCallback with state:0
01-13 19:24:14.367 W/bt-btif (14573): bta_dm_check_av:0
01-13 19:24:14.377 I/BluetoothAdapterProperties(14573): Callback:discoveryStateChangeCallback with state:1
01-13 19:24:14.407 V/BluetoothDiscoveryReceiver(14542): Received: android.bluetooth.adapter.action.DISCOVERY_FINISHED
01-13 19:24:14.417 V/BluetoothDiscoveryReceiver(14542): Received: android.bluetooth.adapter.action.DISCOVERY_STARTED
01-13 19:24:14.918 I/System.out(17775): Values:0
01-13 19:24:14.918 I/System.out(17775): Time difference in secs is: 781
01-13 19:24:15.919 I/System.out(17775): Values:1
01-13 19:24:15.919 I/System.out(17775): Time difference in secs is: 781
01-13 19:24:16.920 I/System.out(17775): Values:1
