01-14 11:59:47.856 D/BluetoothAdapter(19894): stopLeScan()
01-14 11:59:47.876 D/BtGatt.GattService(14573): stopScan() - queue=1
01-14 11:59:47.876 D/BtGatt.GattService(14573): stopScan() - queue empty; stopping scan
01-14 11:59:47.876 D/BtGatt.btif(14573): btif_gattc_scan
01-14 11:59:47.886 D/BtGatt.btif(14573): btgattc_handle_event: Event 1003
01-14 11:59:47.886 D/BtGatt.GattService(14573): unregisterClient() - clientIf=4
01-14 11:59:47.896 D/BtGatt.btif(14573): btif_gattc_unregister_app
01-14 11:59:47.906 D/BtGatt.btif(14573): btgattc_handle_event: Event 1001
01-14 11:59:47.906 D/BtGatt.btif(14573): btif_gattc_upstreams_evt: Event 1
01-14 11:59:47.906 I/System.out(19894): About to start new scanning
01-14 11:59:47.916 D/BluetoothAdapter(19894): startLeScan(): null
01-14 11:59:47.916 D/BtGatt.GattService(14573): registerClient() - UUID=132b1794-dd38-411e-9f99-25cac6f9cab9
01-14 11:59:47.916 D/BtGatt.btif(14573): btif_gattc_register_app
01-14 11:59:47.916 D/BtGatt.btif(14573): btgattc_handle_event: Event 1000
01-14 11:59:47.916 D/BtGatt.btif(14573): btif_gattc_upstreams_evt: Event 0
01-14 11:59:47.916 D/BtGatt.GattService(14573): onClientRegistered() - UUID=132b1794-dd38-411e-9f99-25cac6f9cab9, clientIf=4
01-14 11:59:47.926 D/BluetoothAdapter(19894): onClientRegistered() - status=0 clientIf=4
01-14 11:59:47.926 D/BtGatt.GattService(14573): startScan() - queue=0
01-14 11:59:47.926 D/BtGatt.GattService(14573): startScan() - adding client=4
01-14 11:59:47.926 D/BtGatt.btif(14573): btif_gattc_scan
01-14 11:59:47.926 D/BtGatt.btif(14573): btgattc_handle_event: Event 1002
01-14 11:59:47.926 I/System.out(19894): Started new scanning
01-14 11:59:48.857 I/System.out(19894): Values:0
01-14 11:59:49.858 I/System.out(19894): Values:0
01-14 11:59:50.859 I/System.out(19894): Values:0
01-14 11:59:51.860 I/System.out(19894): Values:0
01-14 11:59:52.861 I/System.out(19894): Values:0
01-14 11:59:53.872 I/System.out(19894): Values:0
01-14 11:59:54.872 I/System.out(19894): Values:0
01-14 11:59:55.873 I/System.out(19894): Values:0
01-14 11:59:56.864 I/System.out(19894): Values:0
01-14 11:59:57.865 I/System.out(19894): Values:0
01-14 11:59:57.865 D/BluetoothAdapter(19894): stopLeScan()
01-14 11:59:57.885 D/BtGatt.GattService(14573): stopScan() - queue=1
01-14 11:59:57.885 D/BtGatt.GattService(14573): stopScan() - queue empty; stopping scan
01-14 11:59:57.885 D/BtGatt.btif(14573): btif_gattc_scan
01-14 11:59:57.895 D/BtGatt.btif(14573): btgattc_handle_event: Event 1003
01-14 11:59:57.895 D/BtGatt.GattService(14573): unregisterClient() - clientIf=4
01-14 11:59:57.905 D/BtGatt.btif(14573): btif_gattc_unregister_app
01-14 11:59:57.915 D/BtGatt.btif(14573): btgattc_handle_event: Event 1001
01-14 11:59:57.915 D/BtGatt.btif(14573): btif_gattc_upstreams_evt: Event 1
01-14 11:59:57.925 I/System.out(19894): About to start new scanning
01-14 11:59:57.925 D/BluetoothAdapter(19894): startLeScan(): null
01-14 11:59:57.935 D/BtGatt.GattService(14573): registerClient() - UUID=81d8aab0-3032-4e7e-894c-15570755fe91
01-14 11:59:57.945 D/BtGatt.btif(14573): btif_gattc_register_app
01-14 11:59:57.945 D/BtGatt.btif(14573): btgattc_handle_event: Event 1000
01-14 11:59:57.955 D/BtGatt.btif(14573): btif_gattc_upstreams_evt: Event 0
01-14 11:59:57.955 D/BtGatt.GattService(14573): onClientRegistered() - UUID=81d8aab0-3032-4e7e-894c-15570755fe91, clientIf=4
01-14 11:59:57.955 D/BluetoothAdapter(19894): onClientRegistered() - status=0 clientIf=4
01-14 11:59:57.955 D/BtGatt.GattService(14573): startScan() - queue=0
01-14 11:59:57.965 D/BtGatt.GattService(14573): startScan() - adding client=4
01-14 11:59:57.965 D/BtGatt.btif(14573): btif_gattc_scan
01-14 11:59:57.965 D/BtGatt.btif(14573): btgattc_handle_event: Event 1002
01-14 11:59:57.965 I/System.out(19894): Started new scanning
01-14 11:59:58.866 I/System.out(19894): Values:0
01-14 11:59:59.867 I/System.out(19894): Values:0
01-14 12:00:00.868 I/System.out(19894): Values:0
01-14 12:00:01.189 V/DigitalWidgetViewsFactory(18064): DigitalWidget sets next alarm string to null
01-14 12:00:01.879 I/System.out(19894): Values:0
01-14 12:00:02.880 I/System.out(19894): Values:0
01-14 12:00:03.881 I/System.out(19894): Values:0
01-14 12:00:04.882 I/System.out(19894): Values:0
01-14 12:00:05.883 I/System.out(19894): Values:0
01-14 12:00:06.874 I/System.out(19894): Values:0
01-14 12:00:07.875 I/System.out(19894): Values:0
01-14 12:00:07.875 D/BluetoothAdapter(19894): stopLeScan()
01-14 12:00:07.895 D/BtGatt.GattService(14573): stopScan() - queue=1
01-14 12:00:07.895 D/BtGatt.GattService(14573): stopScan() - queue empty; stopping scan
01-14 12:00:07.895 D/BtGatt.btif(14573): btif_gattc_scan
01-14 12:00:07.905 D/BtGatt.btif(14573): btgattc_handle_event: Event 1003
01-14 12:00:07.915 D/BtGatt.GattService(14573): unregisterClient() - clientIf=4
01-14 12:00:07.915 D/BtGatt.btif(14573): btif_gattc_unregister_app
01-14 12:00:07.925 D/BtGatt.btif(14573): btgattc_handle_event: Event 1001
01-14 12:00:07.925 D/BtGatt.btif(14573): btif_gattc_upstreams_evt: Event 1
01-14 12:00:07.935 I/System.out(19894): About to start new scanning
01-14 12:00:07.935 D/BluetoothAdapter(19894): startLeScan(): null
01-14 12:00:07.955 D/BtGatt.GattService(14573): registerClient() - UUID=cd8a5ab9-2677-4d5a-8cb6-f50f58c55215
01-14 12:00:07.955 D/BtGatt.btif(14573): btif_gattc_register_app
01-14 12:00:07.955 D/BtGatt.btif(14573): btgattc_handle_event: Event 1000
01-14 12:00:07.955 D/BtGatt.btif(14573): btif_gattc_upstreams_evt: Event 0
01-14 12:00:07.955 D/BtGatt.GattService(14573): onClientRegistered() - UUID=cd8a5ab9-2677-4d5a-8cb6-f50f58c55215, clientIf=4
01-14 12:00:07.965 D/BluetoothAdapter(19894): onClientRegistered() - status=0 clientIf=4
01-14 12:00:07.965 D/BtGatt.GattService(14573): startScan() - queue=0
01-14 12:00:07.965 D/BtGatt.GattService(14573): startScan() - adding client=4
01-14 12:00:07.965 D/BtGatt.btif(14573): btif_gattc_scan
01-14 12:00:07.965 D/BtGatt.btif(14573): btgattc_handle_event: Event 1002
01-14 12:00:07.965 I/System.out(19894): Started new scanning
01-14 12:00:08.876 I/System.out(19894): Values:0
01-14 12:00:09.887 I/System.out(19894): Values:0
01-14 12:00:10.888 I/System.out(19894): Values:0
01-14 12:00:11.889 I/System.out(19894): Values:0
01-14 12:00:12.890 I/System.out(19894): Values:0
01-14 12:00:13.891 I/System.out(19894): Values:0
01-14 12:00:14.892 I/System.out(19894): Values:0
01-14 12:00:15.883 I/System.out(19894): Values:0
01-14 12:00:16.884 I/System.out(19894): Values:0
01-14 12:00:17.905 I/System.out(19894): Values:0
01-14 12:00:17.905 D/BluetoothAdapter(19894): stopLeScan()
01-14 12:00:17.915 D/BtGatt.GattService(14573): stopScan() - queue=1
01-14 12:00:17.915 D/BtGatt.GattService(14573): stopScan() - queue empty; stopping scan
01-14 12:00:17.915 D/BtGatt.btif(14573): btif_gattc_scan
01-14 12:00:17.925 D/BtGatt.btif(14573): btgattc_handle_event: Event 1003
01-14 12:00:17.935 D/BtGatt.GattService(14573): unregisterClient() - clientIf=4
01-14 12:00:17.935 D/BtGatt.btif(14573): btif_gattc_unregister_app
01-14 12:00:17.945 D/BtGatt.btif(14573): btgattc_handle_event: Event 1001
01-14 12:00:17.945 D/BtGatt.btif(14573): btif_gattc_upstreams_evt: Event 1
01-14 12:00:17.955 I/System.out(19894): About to start new scanning
01-14 12:00:17.955 D/BluetoothAdapter(19894): startLeScan(): null
01-14 12:00:17.955 D/BtGatt.GattService(14573): registerClient() - UUID=5c61cfbe-3069-45c5-8e7d-fe98f225631f
01-14 12:00:17.965 D/BtGatt.btif(14573): btif_gattc_register_app
01-14 12:00:17.965 D/BtGatt.btif(14573): btgattc_handle_event: Event 1000
01-14 12:00:17.965 D/BtGatt.btif(14573): btif_gattc_upstreams_evt: Event 0
01-14 12:00:17.965 D/BtGatt.GattService(14573): onClientRegistered() - UUID=5c61cfbe-3069-45c5-8e7d-fe98f225631f, clientIf=4
01-14 12:00:17.965 D/BluetoothAdapter(19894): onClientRegistered() - status=0 clientIf=4
01-14 12:00:17.965 D/BtGatt.GattService(14573): startScan() - queue=0
01-14 12:00:17.975 D/BtGatt.GattService(14573): startScan() - adding client=4
01-14 12:00:17.975 D/BtGatt.btif(14573): btif_gattc_scan
01-14 12:00:17.975 D/BtGatt.btif(14573): btgattc_handle_event: Event 1002
01-14 12:00:17.975 I/System.out(19894): Started new scanning
01-14 12:00:18.896 I/System.out(19894): Values:0
01-14 12:00:19.897 I/System.out(19894): Values:0
01-14 12:00:20.898 I/System.out(19894): Values:0
01-14 12:00:21.909 I/System.out(19894): Values:0
01-14 12:00:22.910 I/System.out(19894): Values:0
01-14 12:00:23.921 I/System.out(19894): Values:0
01-14 12:00:24.922 I/System.out(19894): Values:0
01-14 12:00:25.923 I/System.out(19894): Values:0
01-14 12:00:26.924 I/System.out(19894): Values:0
01-14 12:00:27.925 D/BluetoothAdapter(19894): stopLeScan()
01-14 12:00:27.925 I/System.out(19894): Values:0
01-14 12:00:27.935 D/BtGatt.GattService(14573): stopScan() - queue=1
01-14 12:00:27.935 D/BtGatt.GattService(14573): stopScan() - queue empty; stopping scan
01-14 12:00:27.935 D/BtGatt.btif(14573): btif_gattc_scan
01-14 12:00:27.935 D/BtGatt.btif(14573): btgattc_handle_event: Event 1003
01-14 12:00:27.935 D/BtGatt.GattService(14573): unregisterClient() - clientIf=4
01-14 12:00:27.935 D/BtGatt.btif(14573): btif_gattc_unregister_app
01-14 12:00:27.945 D/BtGatt.btif(14573): btgattc_handle_event: Event 1001
01-14 12:00:27.945 D/BtGatt.btif(14573): btif_gattc_upstreams_evt: Event 1
01-14 12:00:27.945 I/System.out(19894): About to start new scanning
01-14 12:00:27.945 D/BluetoothAdapter(19894): startLeScan(): null
01-14 12:00:27.945 D/BtGatt.GattService(14573): registerClient() - UUID=0d8d23f2-2ffc-4145-960a-67ab022f5482
01-14 12:00:27.945 D/BtGatt.btif(14573): btif_gattc_register_app
01-14 12:00:27.945 D/BtGatt.btif(14573): btgattc_handle_event: Event 1000
01-14 12:00:27.945 D/BtGatt.btif(14573): btif_gattc_upstreams_evt: Event 0
01-14 12:00:27.945 D/BtGatt.GattService(14573): onClientRegistered() - UUID=0d8d23f2-2ffc-4145-960a-67ab022f5482, clientIf=4
01-14 12:00:27.975 D/BluetoothAdapter(19894): onClientRegistered() - status=0 clientIf=4
01-14 12:00:27.975 D/BtGatt.GattService(14573): startScan() - queue=0
01-14 12:00:27.975 D/BtGatt.GattService(14573): startScan() - adding client=4
01-14 12:00:27.975 D/BtGatt.btif(14573): btif_gattc_scan
01-14 12:00:27.975 D/BtGatt.btif(14573): btgattc_handle_event: Event 1002
01-14 12:00:27.975 I/System.out(19894): Started new scanning
01-14 12:00:28.926 I/System.out(19894): Values:0
01-14 12:00:29.927 I/System.out(19894): Values:0
01-14 12:00:30.938 I/System.out(19894): Values:0
01-14 12:00:31.929 I/System.out(19894): Values:0
01-14 12:00:32.930 I/System.out(19894): Values:0
01-14 12:00:33.941 I/System.out(19894): Values:0
01-14 12:00:34.942 I/System.out(19894): Values:0
01-14 12:00:35.943 I/System.out(19894): Values:0
01-14 12:00:36.944 I/System.out(19894): Values:0
01-14 12:00:37.945 I/System.out(19894): Values:0
01-14 12:00:37.945 D/BluetoothAdapter(19894): stopLeScan()
01-14 12:00:37.955 D/BtGatt.GattService(14573): stopScan() - queue=1
01-14 12:00:37.955 D/BtGatt.GattService(14573): stopScan() - queue empty; stopping scan
01-14 12:00:37.955 D/BtGatt.btif(14573): btif_gattc_scan
01-14 12:00:37.955 D/BtGatt.btif(14573): btgattc_handle_event: Event 1003
01-14 12:00:37.985 D/BtGatt.GattService(14573): unregisterClient() - clientIf=4
01-14 12:00:37.985 D/BtGatt.btif(14573): btif_gattc_unregister_app
01-14 12:00:37.985 D/BtGatt.btif(14573): btgattc_handle_event: Event 1001
01-14 12:00:37.995 D/BtGatt.btif(14573): btif_gattc_upstreams_evt: Event 1
01-14 12:00:37.995 I/System.out(19894): About to start new scanning
01-14 12:00:37.995 D/BluetoothAdapter(19894): startLeScan(): null
01-14 12:00:38.005 D/BtGatt.GattService(14573): registerClient() - UUID=84f0d615-2575-4f30-8f45-ac5700ffd9e7
01-14 12:00:38.005 D/BtGatt.btif(14573): btif_gattc_register_app
01-14 12:00:38.005 D/BtGatt.btif(14573): btgattc_handle_event: Event 1000
01-14 12:00:38.005 D/BtGatt.btif(14573): btif_gattc_upstreams_evt: Event 0
01-14 12:00:38.005 D/BtGatt.GattService(14573): onClientRegistered() - UUID=84f0d615-2575-4f30-8f45-ac5700ffd9e7, clientIf=4
01-14 12:00:38.005 D/BluetoothAdapter(19894): onClientRegistered() - status=0 clientIf=4
01-14 12:00:38.005 D/BtGatt.GattService(14573): startScan() - queue=0
01-14 12:00:38.015 D/BtGatt.GattService(14573): startScan() - adding client=4
01-14 12:00:38.015 D/BtGatt.btif(14573): btif_gattc_scan
01-14 12:00:38.015 D/BtGatt.btif(14573): btgattc_handle_event: Event 1002
01-14 12:00:38.015 I/System.out(19894): Started new scanning
01-14 12:00:38.945 I/System.out(19894): Values:0
01-14 12:00:39.946 I/System.out(19894): Values:0
01-14 12:00:40.947 I/System.out(19894): Values:0
01-14 12:00:41.948 I/System.out(19894): Values:0
01-14 12:00:42.949 I/System.out(19894): Values:0
01-14 12:00:43.950 I/System.out(19894): Values:0
01-14 12:00:44.961 I/System.out(19894): Values:0
01-14 12:00:45.952 I/System.out(19894): Values:0
01-14 12:00:46.963 I/System.out(19894): Values:0
01-14 12:00:47.964 I/System.out(19894): Values:0
01-14 12:00:47.964 D/BluetoothAdapter(19894): stopLeScan()
01-14 12:00:47.974 D/BtGatt.GattService(14573): stopScan() - queue=1
01-14 12:00:47.974 D/BtGatt.GattService(14573): stopScan() - queue empty; stopping scan
01-14 12:00:47.974 D/BtGatt.btif(14573): btif_gattc_scan
01-14 12:00:47.974 D/BtGatt.btif(14573): btgattc_handle_event: Event 1003
01-14 12:00:48.004 D/BtGatt.GattService(14573): unregisterClient() - clientIf=4
01-14 12:00:48.004 D/BtGatt.btif(14573): btif_gattc_unregister_app
01-14 12:00:48.004 D/BtGatt.btif(14573): btgattc_handle_event: Event 1001
01-14 12:00:48.014 D/BtGatt.btif(14573): btif_gattc_upstreams_evt: Event 1
01-14 12:00:48.014 I/System.out(19894): About to start new scanning
01-14 12:00:48.014 D/BluetoothAdapter(19894): startLeScan(): null
01-14 12:00:48.014 D/BtGatt.GattService(14573): registerClient() - UUID=af740388-22a9-4cf8-aea9-8c21c303a960
01-14 12:00:48.024 D/BtGatt.btif(14573): btif_gattc_register_app
01-14 12:00:48.024 D/BtGatt.btif(14573): btgattc_handle_event: Event 1000
01-14 12:00:48.024 D/BtGatt.btif(14573): btif_gattc_upstreams_evt: Event 0
01-14 12:00:48.024 D/BtGatt.GattService(14573): onClientRegistered() - UUID=af740388-22a9-4cf8-aea9-8c21c303a960, clientIf=4
01-14 12:00:48.024 D/BluetoothAdapter(19894): onClientRegistered() - status=0 clientIf=4
01-14 12:00:48.024 D/BtGatt.GattService(14573): startScan() - queue=0
01-14 12:00:48.034 D/BtGatt.GattService(14573): startScan() - adding client=4
01-14 12:00:48.034 D/BtGatt.btif(14573): btif_gattc_scan
01-14 12:00:48.034 D/BtGatt.btif(14573): btgattc_handle_event: Event 1002
01-14 12:00:48.034 I/System.out(19894): Started new scanning
01-14 12:00:48.965 I/System.out(19894): Values:0
01-14 12:00:49.956 I/System.out(19894): Values:0
01-14 12:00:50.967 I/System.out(19894): Values:0
01-14 12:00:51.968 I/System.out(19894): Values:0
01-14 12:00:52.969 I/System.out(19894): Values:0
01-14 12:00:53.970 I/System.out(19894): Values:0
01-14 12:00:54.971 I/System.out(19894): Values:0
01-14 12:00:55.982 I/System.out(19894): Values:0
01-14 12:00:56.983 I/System.out(19894): Values:0
01-14 12:00:57.033 D/dalvikvm(19894): GC_CONCURRENT freed 385K, 5% free 9089K/9512K, paused 11ms+5ms, total 58ms
01-14 12:00:57.974 I/System.out(19894): Values:0
01-14 12:00:57.974 D/BluetoothAdapter(19894): stopLeScan()
01-14 12:00:57.994 D/BtGatt.GattService(14573): stopScan() - queue=1
01-14 12:00:57.994 D/BtGatt.GattService(14573): stopScan() - queue empty; stopping scan
01-14 12:00:57.994 D/BtGatt.btif(14573): btif_gattc_scan
01-14 12:00:57.994 D/BtGatt.btif(14573): btgattc_handle_event: Event 1003
01-14 12:00:58.024 D/BtGatt.GattService(14573): unregisterClient() - clientIf=4
01-14 12:00:58.024 D/BtGatt.btif(14573): btif_gattc_unregister_app
01-14 12:00:58.024 D/BtGatt.btif(14573): btgattc_handle_event: Event 1001
01-14 12:00:58.034 D/BtGatt.btif(14573): btif_gattc_upstreams_evt: Event 1
01-14 12:00:58.034 I/System.out(19894): About to start new scanning
01-14 12:00:58.044 D/BluetoothAdapter(19894): startLeScan(): null
01-14 12:00:58.054 D/BtGatt.GattService(14573): registerClient() - UUID=36617952-a465-4ec5-96f2-8f897ed02f19
01-14 12:00:58.054 D/BtGatt.btif(14573): btif_gattc_register_app
01-14 12:00:58.064 D/BtGatt.btif(14573): btgattc_handle_event: Event 1000
01-14 12:00:58.064 D/BtGatt.btif(14573): btif_gattc_upstreams_evt: Event 0
01-14 12:00:58.064 D/BtGatt.GattService(14573): onClientRegistered() - UUID=36617952-a465-4ec5-96f2-8f897ed02f19, clientIf=4
01-14 12:00:58.064 D/BluetoothAdapter(19894): onClientRegistered() - status=0 clientIf=4
01-14 12:00:58.074 D/BtGatt.GattService(14573): startScan() - queue=0
01-14 12:00:58.074 D/BtGatt.GattService(14573): startScan() - adding client=4
01-14 12:00:58.074 D/BtGatt.btif(14573): btif_gattc_scan
01-14 12:00:58.074 D/BtGatt.btif(14573): btgattc_handle_event: Event 1002
01-14 12:00:58.074 I/System.out(19894): Started new scanning
01-14 12:00:58.985 I/System.out(19894): Values:0
01-14 12:00:59.976 I/System.out(19894): Values:0
01-14 12:01:00.987 I/System.out(19894): Values:0
01-14 12:01:01.988 I/System.out(19894): Values:0
01-14 12:01:02.989 I/System.out(19894): Values:0
01-14 12:01:03.990 I/System.out(19894): Values:0
01-14 12:01:04.991 I/System.out(19894): Values:0
01-14 12:01:05.992 I/System.out(19894): Values:0
01-14 12:01:06.993 I/System.out(19894): Values:0
01-14 12:01:08.004 I/System.out(19894): Values:0
01-14 12:01:08.004 D/BluetoothAdapter(19894): stopLeScan()
01-14 12:01:08.014 D/BtGatt.GattService(14573): stopScan() - queue=1
01-14 12:01:08.014 D/BtGatt.GattService(14573): stopScan() - queue empty; stopping scan
01-14 12:01:08.014 D/BtGatt.btif(14573): btif_gattc_scan
01-14 12:01:08.014 D/BtGatt.btif(14573): btgattc_handle_event: Event 1003
01-14 12:01:08.034 D/BtGatt.GattService(14573): unregisterClient() - clientIf=4
01-14 12:01:08.034 D/BtGatt.btif(14573): btif_gattc_unregister_app
01-14 12:01:08.044 D/BtGatt.btif(14573): btgattc_handle_event: Event 1001
01-14 12:01:08.044 D/BtGatt.btif(14573): btif_gattc_upstreams_evt: Event 1
01-14 12:01:08.054 I/System.out(19894): About to start new scanning
01-14 12:01:08.054 D/BluetoothAdapter(19894): startLeScan(): null
01-14 12:01:08.054 D/BtGatt.GattService(14573): registerClient() - UUID=8cbed0fa-2d2c-4be5-934e-fc5c567027f1
01-14 12:01:08.064 D/BtGatt.btif(14573): btif_gattc_register_app
01-14 12:01:08.064 D/BtGatt.btif(14573): btgattc_handle_event: Event 1000
01-14 12:01:08.064 D/BtGatt.btif(14573): btif_gattc_upstreams_evt: Event 0
01-14 12:01:08.064 D/BtGatt.GattService(14573): onClientRegistered() - UUID=8cbed0fa-2d2c-4be5-934e-fc5c567027f1, clientIf=4
01-14 12:01:08.064 D/BluetoothAdapter(19894): onClientRegistered() - status=0 clientIf=4
01-14 12:01:08.064 D/BtGatt.GattService(14573): startScan() - queue=0
01-14 12:01:08.074 D/BtGatt.GattService(14573): startScan() - adding client=4
01-14 12:01:08.074 D/BtGatt.btif(14573): btif_gattc_scan
01-14 12:01:08.074 D/BtGatt.btif(14573): btgattc_handle_event: Event 1002
01-14 12:01:08.074 I/System.out(19894): Started new scanning
01-14 12:01:09.005 I/System.out(19894): Values:0
01-14 12:01:09.996 I/System.out(19894): Values:0
01-14 12:01:10.997 I/System.out(19894): Values:0
01-14 12:01:11.998 I/System.out(19894): Values:0
01-14 12:01:13.009 I/System.out(19894): Values:0
01-14 12:01:14.010 I/System.out(19894): Values:0
01-14 12:01:15.011 I/System.out(19894): Values:0
01-14 12:01:16.012 I/System.out(19894): Values:0
01-14 12:01:17.013 I/System.out(19894): Values:0
01-14 12:01:18.014 D/BluetoothAdapter(19894): stopLeScan()
01-14 12:01:18.014 I/System.out(19894): Values:0
01-14 12:01:18.034 D/BtGatt.GattService(14573): stopScan() - queue=1
01-14 12:01:18.034 D/BtGatt.GattService(14573): stopScan() - queue empty; stopping scan
01-14 12:01:18.034 D/BtGatt.btif(14573): btif_gattc_scan
01-14 12:01:18.034 D/BtGatt.btif(14573): btgattc_handle_event: Event 1003
01-14 12:01:18.054 D/BtGatt.GattService(14573): unregisterClient() - clientIf=4
01-14 12:01:18.054 D/BtGatt.btif(14573): btif_gattc_unregister_app
01-14 12:01:18.064 D/BtGatt.btif(14573): btgattc_handle_event: Event 1001
01-14 12:01:18.064 D/BtGatt.btif(14573): btif_gattc_upstreams_evt: Event 1
01-14 12:01:18.064 I/System.out(19894): About to start new scanning
01-14 12:01:18.074 D/BluetoothAdapter(19894): startLeScan(): null
01-14 12:01:18.074 D/BtGatt.GattService(14573): registerClient() - UUID=fb0155cb-50fc-4181-a409-c3273bc25e23
01-14 12:01:18.074 D/BtGatt.btif(14573): btif_gattc_register_app
01-14 12:01:18.074 D/BtGatt.btif(14573): btgattc_handle_event: Event 1000
01-14 12:01:18.074 D/BtGatt.btif(14573): btif_gattc_upstreams_evt: Event 0
01-14 12:01:18.074 D/BtGatt.GattService(14573): onClientRegistered() - UUID=fb0155cb-50fc-4181-a409-c3273bc25e23, clientIf=4
01-14 12:01:18.084 D/BluetoothAdapter(19894): onClientRegistered() - status=0 clientIf=4
01-14 12:01:18.084 D/BtGatt.GattService(14573): startScan() - queue=0
01-14 12:01:18.084 D/BtGatt.GattService(14573): startScan() - adding client=4
01-14 12:01:18.084 D/BtGatt.btif(14573): btif_gattc_scan
01-14 12:01:18.084 D/BtGatt.btif(14573): btgattc_handle_event: Event 1002
01-14 12:01:18.084 I/System.out(19894): Started new scanning
01-14 12:01:19.015 I/System.out(19894): Values:0
01-14 12:01:20.026 I/System.out(19894): Values:0
01-14 12:01:21.017 I/System.out(19894): Values:0
01-14 12:01:22.017 I/System.out(19894): Values:0
01-14 12:01:23.018 I/System.out(19894): Values:0
01-14 12:01:24.029 I/System.out(19894): Values:0
01-14 12:01:25.030 I/System.out(19894): Values:0
01-14 12:01:26.031 I/System.out(19894): Values:0
01-14 12:01:27.032 I/System.out(19894): Values:0
01-14 12:01:28.033 I/System.out(19894): Values:0
01-14 12:01:28.033 D/BluetoothAdapter(19894): stopLeScan()
01-14 12:01:28.043 D/BtGatt.GattService(14573): stopScan() - queue=1
01-14 12:01:28.043 D/BtGatt.GattService(14573): stopScan() - queue empty; stopping scan
01-14 12:01:28.053 D/BtGatt.btif(14573): btif_gattc_scan
01-14 12:01:28.053 D/BtGatt.btif(14573): btgattc_handle_event: Event 1003
01-14 12:01:28.063 D/BtGatt.GattService(14573): unregisterClient() - clientIf=4
01-14 12:01:28.063 D/BtGatt.btif(14573): btif_gattc_unregister_app
01-14 12:01:28.073 D/BtGatt.btif(14573): btgattc_handle_event: Event 1001
01-14 12:01:28.073 D/BtGatt.btif(14573): btif_gattc_upstreams_evt: Event 1
01-14 12:01:28.083 I/System.out(19894): About to start new scanning
01-14 12:01:28.083 D/BluetoothAdapter(19894): startLeScan(): null
01-14 12:01:28.093 D/BtGatt.GattService(14573): registerClient() - UUID=fa9ffe75-4b00-4509-9e8d-2256e7d950b7
01-14 12:01:28.093 D/BtGatt.btif(14573): btif_gattc_register_app
01-14 12:01:28.093 D/BtGatt.btif(14573): btgattc_handle_event: Event 1000
01-14 12:01:28.093 D/BtGatt.btif(14573): btif_gattc_upstreams_evt: Event 0
01-14 12:01:28.093 D/BtGatt.GattService(14573): onClientRegistered() - UUID=fa9ffe75-4b00-4509-9e8d-2256e7d950b7, clientIf=4
01-14 12:01:28.093 D/BluetoothAdapter(19894): onClientRegistered() - status=0 clientIf=4
01-14 12:01:28.103 D/BtGatt.GattService(14573): startScan() - queue=0
01-14 12:01:28.103 D/BtGatt.GattService(14573): startScan() - adding client=4
01-14 12:01:28.103 D/BtGatt.btif(14573): btif_gattc_scan
01-14 12:01:28.103 D/BtGatt.btif(14573): btgattc_handle_event: Event 1002
01-14 12:01:28.103 I/System.out(19894): Started new scanning
01-14 12:01:29.034 I/System.out(19894): Values:0
01-14 12:01:30.035 I/System.out(19894): Values:0
01-14 12:01:31.036 I/System.out(19894): Values:0
01-14 12:01:32.037 I/System.out(19894): Values:0
01-14 12:01:33.038 I/System.out(19894): Values:0
01-14 12:01:34.039 I/System.out(19894): Values:0
01-14 12:01:35.050 I/System.out(19894): Values:0
01-14 12:01:36.051 I/System.out(19894): Values:0
01-14 12:01:37.052 I/System.out(19894): Values:0
01-14 12:01:38.053 I/System.out(19894): Values:0
01-14 12:01:38.053 D/BluetoothAdapter(19894): stopLeScan()
01-14 12:01:38.063 D/BtGatt.GattService(14573): stopScan() - queue=1
01-14 12:01:38.063 D/BtGatt.GattService(14573): stopScan() - queue empty; stopping scan
01-14 12:01:38.073 D/BtGatt.btif(14573): btif_gattc_scan
01-14 12:01:38.073 D/BtGatt.btif(14573): btgattc_handle_event: Event 1003
01-14 12:01:38.083 D/BtGatt.GattService(14573): unregisterClient() - clientIf=4
01-14 12:01:38.083 D/BtGatt.btif(14573): btif_gattc_unregister_app
01-14 12:01:38.093 D/BtGatt.btif(14573): btgattc_handle_event: Event 1001
01-14 12:01:38.093 D/BtGatt.btif(14573): btif_gattc_upstreams_evt: Event 1
01-14 12:01:38.103 I/System.out(19894): About to start new scanning
01-14 12:01:38.103 D/BluetoothAdapter(19894): startLeScan(): null
01-14 12:01:38.103 D/BtGatt.GattService(14573): registerClient() - UUID=e89a6da5-04de-402a-bbef-c67d9d7d3240
01-14 12:01:38.113 D/BtGatt.btif(14573): btif_gattc_register_app
01-14 12:01:38.113 D/BtGatt.btif(14573): btgattc_handle_event: Event 1000
01-14 12:01:38.113 D/BtGatt.btif(14573): btif_gattc_upstreams_evt: Event 0
01-14 12:01:38.113 D/BtGatt.GattService(14573): onClientRegistered() - UUID=e89a6da5-04de-402a-bbef-c67d9d7d3240, clientIf=4
01-14 12:01:38.113 D/BluetoothAdapter(19894): onClientRegistered() - status=0 clientIf=4
01-14 12:01:38.113 D/BtGatt.GattService(14573): startScan() - queue=0
01-14 12:01:38.113 D/BtGatt.GattService(14573): startScan() - adding client=4
01-14 12:01:38.123 D/BtGatt.btif(14573): btif_gattc_scan
01-14 12:01:38.123 D/BtGatt.btif(14573): btgattc_handle_event: Event 1002
01-14 12:01:38.123 I/System.out(19894): Started new scanning
01-14 12:01:39.044 I/System.out(19894): Values:0
01-14 12:01:40.055 I/System.out(19894): Values:0
01-14 12:01:41.056 I/System.out(19894): Values:0
01-14 12:01:42.057 I/System.out(19894): Values:0
01-14 12:01:43.058 I/System.out(19894): Values:0
01-14 12:01:44.059 I/System.out(19894): Values:0
01-14 12:01:45.070 I/System.out(19894): Values:0
01-14 12:01:46.071 I/System.out(19894): Values:0
01-14 12:01:47.072 I/System.out(19894): Values:0
01-14 12:01:48.073 I/System.out(19894): Values:0
01-14 12:01:48.073 D/BluetoothAdapter(19894): stopLeScan()
01-14 12:01:48.083 D/BtGatt.GattService(14573): stopScan() - queue=1
01-14 12:01:48.083 D/BtGatt.GattService(14573): stopScan() - queue empty; stopping scan
01-14 12:01:48.083 D/BtGatt.btif(14573): btif_gattc_scan
01-14 12:01:48.093 D/BtGatt.btif(14573): btgattc_handle_event: Event 1003
01-14 12:01:48.093 D/BtGatt.GattService(14573): unregisterClient() - clientIf=4
01-14 12:01:48.103 D/BtGatt.btif(14573): btif_gattc_unregister_app
01-14 12:01:48.113 D/BtGatt.btif(14573): btgattc_handle_event: Event 1001
01-14 12:01:48.113 D/BtGatt.btif(14573): btif_gattc_upstreams_evt: Event 1
01-14 12:01:48.123 I/System.out(19894): About to start new scanning
01-14 12:01:48.123 D/BluetoothAdapter(19894): startLeScan(): null
01-14 12:01:48.133 D/BtGatt.GattService(14573): registerClient() - UUID=15b60646-ab73-4fbf-9902-fc792b513e67
01-14 12:01:48.133 D/BtGatt.btif(14573): btif_gattc_register_app
01-14 12:01:48.143 D/BtGatt.btif(14573): btgattc_handle_event: Event 1000
01-14 12:01:48.143 D/BtGatt.btif(14573): btif_gattc_upstreams_evt: Event 0
01-14 12:01:48.153 D/BtGatt.GattService(14573): onClientRegistered() - UUID=15b60646-ab73-4fbf-9902-fc792b513e67, clientIf=4
01-14 12:01:48.153 D/BluetoothAdapter(19894): onClientRegistered() - status=0 clientIf=4
01-14 12:01:48.153 D/BtGatt.GattService(14573): startScan() - queue=0
01-14 12:01:48.163 D/BtGatt.GattService(14573): startScan() - adding client=4
01-14 12:01:48.163 D/BtGatt.btif(14573): btif_gattc_scan
01-14 12:01:48.163 D/BtGatt.btif(14573): btgattc_handle_event: Event 1002
01-14 12:01:48.163 I/System.out(19894): Started new scanning
01-14 12:01:49.074 I/System.out(19894): Values:0
01-14 12:01:50.075 I/System.out(19894): Values:0
01-14 12:01:51.066 I/System.out(19894): Values:0
01-14 12:01:52.077 I/System.out(19894): Values:0
01-14 12:01:53.078 I/System.out(19894): Values:0
01-14 12:01:54.079 I/System.out(19894): Values:0
01-14 12:01:55.080 I/System.out(19894): Values:0
01-14 12:01:56.081 I/System.out(19894): Values:0
01-14 12:01:57.082 I/System.out(19894): Values:0
01-14 12:01:58.093 I/System.out(19894): Values:0
01-14 12:01:58.093 D/BluetoothAdapter(19894): stopLeScan()
01-14 12:01:58.093 D/BtGatt.GattService(14573): stopScan() - queue=1
01-14 12:01:58.103 D/BtGatt.GattService(14573): stopScan() - queue empty; stopping scan
01-14 12:01:58.103 D/BtGatt.btif(14573): btif_gattc_scan
01-14 12:01:58.113 D/BtGatt.btif(14573): btgattc_handle_event: Event 1003
01-14 12:01:58.113 D/BtGatt.GattService(14573): unregisterClient() - clientIf=4
01-14 12:01:58.123 D/BtGatt.btif(14573): btif_gattc_unregister_app
01-14 12:01:58.123 D/BtGatt.btif(14573): btgattc_handle_event: Event 1001
01-14 12:01:58.133 D/BtGatt.btif(14573): btif_gattc_upstreams_evt: Event 1
01-14 12:01:58.133 I/System.out(19894): About to start new scanning
01-14 12:01:58.143 D/BluetoothAdapter(19894): startLeScan(): null
01-14 12:01:58.143 D/BtGatt.GattService(14573): registerClient() - UUID=8702ac91-4ac7-483d-a921-1a5f5bb75200
01-14 12:01:58.143 D/BtGatt.btif(14573): btif_gattc_register_app
01-14 12:01:58.153 D/BtGatt.btif(14573): btgattc_handle_event: Event 1000
01-14 12:01:58.153 D/BtGatt.btif(14573): btif_gattc_upstreams_evt: Event 0
01-14 12:01:58.153 D/BtGatt.GattService(14573): onClientRegistered() - UUID=8702ac91-4ac7-483d-a921-1a5f5bb75200, clientIf=4
01-14 12:01:58.153 D/BluetoothAdapter(19894): onClientRegistered() - status=0 clientIf=4
01-14 12:01:58.153 D/BtGatt.GattService(14573): startScan() - queue=0
01-14 12:01:58.153 D/BtGatt.GattService(14573): startScan() - adding client=4
01-14 12:01:58.163 D/BtGatt.btif(14573): btif_gattc_scan
01-14 12:01:58.163 D/BtGatt.btif(14573): btgattc_handle_event: Event 1002
01-14 12:01:58.163 I/System.out(19894): Started new scanning
01-14 12:01:59.084 I/System.out(19894): Values:0
01-14 12:02:00.085 I/System.out(19894): Values:0
01-14 12:02:01.086 I/System.out(19894): Values:0
01-14 12:02:02.087 I/System.out(19894): Values:0
01-14 12:02:03.088 I/System.out(19894): Values:0
01-14 12:02:04.089 I/System.out(19894): Values:0
01-14 12:02:05.090 I/System.out(19894): Values:0
01-14 12:02:06.101 I/System.out(19894): Values:0
01-14 12:02:07.101 I/System.out(19894): Values:0
01-14 12:02:08.112 I/System.out(19894): Values:0
01-14 12:02:08.112 D/BluetoothAdapter(19894): stopLeScan()
01-14 12:02:08.112 D/BtGatt.GattService(14573): stopScan() - queue=1
01-14 12:02:08.112 D/BtGatt.GattService(14573): stopScan() - queue empty; stopping scan
01-14 12:02:08.122 D/BtGatt.btif(14573): btif_gattc_scan
01-14 12:02:08.132 D/BtGatt.btif(14573): btgattc_handle_event: Event 1003
01-14 12:02:08.142 D/BtGatt.GattService(14573): unregisterClient() - clientIf=4
01-14 12:02:08.142 D/BtGatt.btif(14573): btif_gattc_unregister_app
01-14 12:02:08.142 D/BtGatt.btif(14573): btgattc_handle_event: Event 1001
01-14 12:02:08.153 D/BtGatt.btif(14573): btif_gattc_upstreams_evt: Event 1
01-14 12:02:08.153 I/System.out(19894): About to start new scanning
01-14 12:02:08.163 D/BluetoothAdapter(19894): startLeScan(): null
01-14 12:02:08.163 D/BtGatt.GattService(14573): registerClient() - UUID=c2e76f57-4f5c-4c1e-8c41-7daabe0f32ea
01-14 12:02:08.163 D/BtGatt.btif(14573): btif_gattc_register_app
01-14 12:02:08.173 D/BtGatt.btif(14573): btgattc_handle_event: Event 1000
01-14 12:02:08.173 D/BtGatt.btif(14573): btif_gattc_upstreams_evt: Event 0
01-14 12:02:08.173 D/BtGatt.GattService(14573): onClientRegistered() - UUID=c2e76f57-4f5c-4c1e-8c41-7daabe0f32ea, clientIf=4
01-14 12:02:08.173 D/BluetoothAdapter(19894): onClientRegistered() - status=0 clientIf=4
01-14 12:02:08.173 D/BtGatt.GattService(14573): startScan() - queue=0
01-14 12:02:08.173 D/BtGatt.GattService(14573): startScan() - adding client=4
01-14 12:02:08.183 D/BtGatt.btif(14573): btif_gattc_scan
01-14 12:02:08.183 D/BtGatt.btif(14573): btgattc_handle_event: Event 1002
01-14 12:02:08.183 I/System.out(19894): Started new scanning
01-14 12:02:09.113 I/System.out(19894): Values:0
01-14 12:02:10.114 I/System.out(19894): Values:0
01-14 12:02:11.105 I/System.out(19894): Values:0
01-14 12:02:12.106 I/System.out(19894): Values:0
01-14 12:02:13.117 I/System.out(19894): Values:0
01-14 12:02:14.118 I/System.out(19894): Values:0
01-14 12:02:15.119 I/System.out(19894): Values:0
01-14 12:02:16.120 I/System.out(19894): Values:0
01-14 12:02:17.121 I/System.out(19894): Values:0
01-14 12:02:18.122 I/System.out(19894): Values:0
01-14 12:02:18.122 D/BluetoothAdapter(19894): stopLeScan()
01-14 12:02:18.142 D/BtGatt.GattService(14573): stopScan() - queue=1
01-14 12:02:18.142 D/BtGatt.GattService(14573): stopScan() - queue empty; stopping scan
01-14 12:02:18.142 D/BtGatt.btif(14573): btif_gattc_scan
01-14 12:02:18.142 D/BtGatt.btif(14573): btgattc_handle_event: Event 1003
01-14 12:02:18.152 D/BtGatt.GattService(14573): unregisterClient() - clientIf=4
01-14 12:02:18.152 D/BtGatt.btif(14573): btif_gattc_unregister_app
01-14 12:02:18.162 D/BtGatt.btif(14573): btgattc_handle_event: Event 1001
01-14 12:02:18.162 D/BtGatt.btif(14573): btif_gattc_upstreams_evt: Event 1
01-14 12:02:18.172 I/System.out(19894): About to start new scanning
01-14 12:02:18.172 D/BluetoothAdapter(19894): startLeScan(): null
01-14 12:02:18.182 D/BtGatt.GattService(14573): registerClient() - UUID=c56359f1-2d97-47e4-8d42-de42d8169c1b
01-14 12:02:18.182 D/BtGatt.btif(14573): btif_gattc_register_app
01-14 12:02:18.182 D/BtGatt.btif(14573): btgattc_handle_event: Event 1000
01-14 12:02:18.182 D/BtGatt.btif(14573): btif_gattc_upstreams_evt: Event 0
01-14 12:02:18.182 D/BtGatt.GattService(14573): onClientRegistered() - UUID=c56359f1-2d97-47e4-8d42-de42d8169c1b, clientIf=4
01-14 12:02:18.182 D/BluetoothAdapter(19894): onClientRegistered() - status=0 clientIf=4
01-14 12:02:18.192 D/BtGatt.GattService(14573): startScan() - queue=0
01-14 12:02:18.192 D/BtGatt.GattService(14573): startScan() - adding client=4
01-14 12:02:18.192 D/BtGatt.btif(14573): btif_gattc_scan
01-14 12:02:18.192 D/BtGatt.btif(14573): btgattc_handle_event: Event 1002
01-14 12:02:18.192 I/System.out(19894): Started new scanning
01-14 12:02:19.123 I/System.out(19894): Values:0
01-14 12:02:20.124 I/System.out(19894): Values:0
01-14 12:02:21.125 I/System.out(19894): Values:0
01-14 12:02:22.126 I/System.out(19894): Values:0
01-14 12:02:23.127 I/System.out(19894): Values:0
01-14 12:02:24.138 I/System.out(19894): Values:0
01-14 12:02:25.139 I/System.out(19894): Values:0
01-14 12:02:26.140 I/System.out(19894): Values:0
01-14 12:02:27.141 I/System.out(19894): Values:0
01-14 12:02:28.142 I/System.out(19894): Values:0
01-14 12:02:28.142 D/BluetoothAdapter(19894): stopLeScan()
01-14 12:02:28.162 D/BtGatt.GattService(14573): stopScan() - queue=1
01-14 12:02:28.162 D/BtGatt.GattService(14573): stopScan() - queue empty; stopping scan
01-14 12:02:28.172 D/BtGatt.btif(14573): btif_gattc_scan
01-14 12:02:28.172 D/BtGatt.btif(14573): btgattc_handle_event: Event 1003
01-14 12:02:28.182 D/BtGatt.GattService(14573): unregisterClient() - clientIf=4
01-14 12:02:28.192 D/BtGatt.btif(14573): btif_gattc_unregister_app
01-14 12:02:28.192 D/BtGatt.btif(14573): btgattc_handle_event: Event 1001
01-14 12:02:28.202 D/BtGatt.btif(14573): btif_gattc_upstreams_evt: Event 1
01-14 12:02:28.202 I/System.out(19894): About to start new scanning
01-14 12:02:28.212 D/BluetoothAdapter(19894): startLeScan(): null
01-14 12:02:28.212 D/BtGatt.GattService(14573): registerClient() - UUID=cf1ea734-2c0a-4127-8f78-4c16e991fc76
01-14 12:02:28.212 D/BtGatt.btif(14573): btif_gattc_register_app
01-14 12:02:28.212 D/BtGatt.btif(14573): btgattc_handle_event: Event 1000
01-14 12:02:28.222 D/BtGatt.btif(14573): btif_gattc_upstreams_evt: Event 0
01-14 12:02:28.222 D/BtGatt.GattService(14573): onClientRegistered() - UUID=cf1ea734-2c0a-4127-8f78-4c16e991fc76, clientIf=4
01-14 12:02:28.222 D/BluetoothAdapter(19894): onClientRegistered() - status=0 clientIf=4
01-14 12:02:28.222 D/BtGatt.GattService(14573): startScan() - queue=0
01-14 12:02:28.222 D/BtGatt.GattService(14573): startScan() - adding client=4
01-14 12:02:28.222 D/BtGatt.btif(14573): btif_gattc_scan
01-14 12:02:28.232 D/BtGatt.btif(14573): btgattc_handle_event: Event 1002
01-14 12:02:28.232 I/System.out(19894): Started new scanning
01-14 12:02:29.143 I/System.out(19894): Values:0
01-14 12:02:30.144 I/System.out(19894): Values:0
01-14 12:02:31.145 I/System.out(19894): Values:0
01-14 12:02:32.156 I/System.out(19894): Values:0
01-14 12:02:33.157 I/System.out(19894): Values:0
01-14 12:02:34.158 I/System.out(19894): Values:0
01-14 12:02:35.159 I/System.out(19894): Values:0
01-14 12:02:36.160 I/System.out(19894): Values:0
01-14 12:02:37.161 I/System.out(19894): Values:0
01-14 12:02:38.172 D/BluetoothAdapter(19894): stopLeScan()
01-14 12:02:38.172 I/System.out(19894): Values:0
01-14 12:02:38.182 D/BtGatt.GattService(14573): stopScan() - queue=1
01-14 12:02:38.182 D/BtGatt.GattService(14573): stopScan() - queue empty; stopping scan
01-14 12:02:38.192 D/BtGatt.btif(14573): btif_gattc_scan
01-14 12:02:38.192 D/BtGatt.btif(14573): btgattc_handle_event: Event 1003
01-14 12:02:38.202 D/BtGatt.GattService(14573): unregisterClient() - clientIf=4
01-14 12:02:38.212 D/BtGatt.btif(14573): btif_gattc_unregister_app
01-14 12:02:38.212 D/BtGatt.btif(14573): btgattc_handle_event: Event 1001
01-14 12:02:38.222 D/BtGatt.btif(14573): btif_gattc_upstreams_evt: Event 1
01-14 12:02:38.222 I/System.out(19894): About to start new scanning
01-14 12:02:38.222 D/BluetoothAdapter(19894): startLeScan(): null
01-14 12:02:38.232 D/BtGatt.GattService(14573): registerClient() - UUID=09ee8c0c-2368-480c-a6eb-f90b8f045896
01-14 12:02:38.232 D/BtGatt.btif(14573): btif_gattc_register_app
01-14 12:02:38.232 D/BtGatt.btif(14573): btgattc_handle_event: Event 1000
01-14 12:02:38.232 D/BtGatt.btif(14573): btif_gattc_upstreams_evt: Event 0
01-14 12:02:38.232 D/BtGatt.GattService(14573): onClientRegistered() - UUID=09ee8c0c-2368-480c-a6eb-f90b8f045896, clientIf=4
01-14 12:02:38.232 D/BluetoothAdapter(19894): onClientRegistered() - status=0 clientIf=4
01-14 12:02:38.242 D/BtGatt.GattService(14573): startScan() - queue=0
01-14 12:02:38.242 D/BtGatt.GattService(14573): startScan() - adding client=4
01-14 12:02:38.242 D/BtGatt.btif(14573): btif_gattc_scan
01-14 12:02:38.242 D/BtGatt.btif(14573): btgattc_handle_event: Event 1002
01-14 12:02:38.242 I/System.out(19894): Started new scanning
01-14 12:02:39.163 I/System.out(19894): Values:0
01-14 12:02:40.164 I/System.out(19894): Values:0
01-14 12:02:41.165 I/System.out(19894): Values:0
01-14 12:02:42.166 I/System.out(19894): Values:0
01-14 12:02:43.167 I/System.out(19894): Values:0
01-14 12:02:44.178 I/System.out(19894): Values:0
01-14 12:02:45.179 I/System.out(19894): Values:0
01-14 12:02:46.180 I/System.out(19894): Values:0
01-14 12:02:47.181 I/System.out(19894): Values:0
01-14 12:02:48.182 I/System.out(19894): Values:0
01-14 12:02:48.182 D/BluetoothAdapter(19894): stopLeScan()
01-14 12:02:48.202 D/BtGatt.GattService(14573): stopScan() - queue=1
01-14 12:02:48.202 D/BtGatt.GattService(14573): stopScan() - queue empty; stopping scan
01-14 12:02:48.202 D/BtGatt.btif(14573): btif_gattc_scan
01-14 12:02:48.212 D/BtGatt.btif(14573): btgattc_handle_event: Event 1003
01-14 12:02:48.222 D/BtGatt.GattService(14573): unregisterClient() - clientIf=4
01-14 12:02:48.222 D/BtGatt.btif(14573): btif_gattc_unregister_app
01-14 12:02:48.232 D/BtGatt.btif(14573): btgattc_handle_event: Event 1001
01-14 12:02:48.232 D/BtGatt.btif(14573): btif_gattc_upstreams_evt: Event 1
01-14 12:02:48.242 I/System.out(19894): About to start new scanning
01-14 12:02:48.242 D/BluetoothAdapter(19894): startLeScan(): null
01-14 12:02:48.242 D/BtGatt.GattService(14573): registerClient() - UUID=50c43bf3-b220-432f-8871-5dee7c0dc51d
01-14 12:02:48.242 D/BtGatt.btif(14573): btif_gattc_register_app
01-14 12:02:48.252 D/BtGatt.btif(14573): btgattc_handle_event: Event 1000
01-14 12:02:48.252 D/BtGatt.btif(14573): btif_gattc_upstreams_evt: Event 0
01-14 12:02:48.252 D/BtGatt.GattService(14573): onClientRegistered() - UUID=50c43bf3-b220-432f-8871-5dee7c0dc51d, clientIf=4
01-14 12:02:48.252 D/BluetoothAdapter(19894): onClientRegistered() - status=0 clientIf=4
01-14 12:02:48.252 D/BtGatt.GattService(14573): startScan() - queue=0
01-14 12:02:48.252 D/BtGatt.GattService(14573): startScan() - adding client=4
01-14 12:02:48.262 D/BtGatt.btif(14573): btif_gattc_scan
01-14 12:02:48.262 D/BtGatt.btif(14573): btgattc_handle_event: Event 1002
01-14 12:02:48.262 I/System.out(19894): Started new scanning
01-14 12:02:49.183 I/System.out(19894): Values:0
01-14 12:02:50.184 I/System.out(19894): Values:0
01-14 12:02:51.174 I/System.out(19894): Values:0
01-14 12:02:52.185 I/System.out(19894): Values:0
01-14 12:02:53.186 I/System.out(19894): Values:0
01-14 12:02:54.187 I/System.out(19894): Values:0
01-14 12:02:55.188 I/System.out(19894): Values:0
01-14 12:02:56.189 I/System.out(19894): Values:0
01-14 12:02:57.190 I/System.out(19894): Values:0
01-14 12:02:58.201 I/System.out(19894): Values:0
01-14 12:02:58.201 D/BluetoothAdapter(19894): stopLeScan()
01-14 12:02:58.211 D/BtGatt.GattService(14573): stopScan() - queue=1
01-14 12:02:58.221 D/BtGatt.GattService(14573): stopScan() - queue empty; stopping scan
01-14 12:02:58.221 D/BtGatt.btif(14573): btif_gattc_scan
01-14 12:02:58.221 D/BtGatt.btif(14573): btgattc_handle_event: Event 1003
01-14 12:02:58.241 D/BtGatt.GattService(14573): unregisterClient() - clientIf=4
01-14 12:02:58.241 D/BtGatt.btif(14573): btif_gattc_unregister_app
01-14 12:02:58.241 D/BtGatt.btif(14573): btgattc_handle_event: Event 1001
01-14 12:02:58.251 D/BtGatt.btif(14573): btif_gattc_upstreams_evt: Event 1
01-14 12:02:58.251 I/System.out(19894): About to start new scanning
01-14 12:02:58.261 D/BluetoothAdapter(19894): startLeScan(): null
01-14 12:02:58.261 D/BtGatt.GattService(14573): registerClient() - UUID=c68d3283-4cb5-45fb-b9c1-aaca8e667ba4
01-14 12:02:58.261 D/BtGatt.btif(14573): btif_gattc_register_app
01-14 12:02:58.271 D/BtGatt.btif(14573): btgattc_handle_event: Event 1000
01-14 12:02:58.271 D/BtGatt.btif(14573): btif_gattc_upstreams_evt: Event 0
01-14 12:02:58.271 D/BtGatt.GattService(14573): onClientRegistered() - UUID=c68d3283-4cb5-45fb-b9c1-aaca8e667ba4, clientIf=4
01-14 12:02:58.271 D/BluetoothAdapter(19894): onClientRegistered() - status=0 clientIf=4
01-14 12:02:58.271 D/BtGatt.GattService(14573): startScan() - queue=0
01-14 12:02:58.271 D/BtGatt.GattService(14573): startScan() - adding client=4
01-14 12:02:58.281 D/BtGatt.btif(14573): btif_gattc_scan
01-14 12:02:58.281 D/BtGatt.btif(14573): btgattc_handle_event: Event 1002
01-14 12:02:58.281 I/System.out(19894): Started new scanning
01-14 12:02:59.202 I/System.out(19894): Values:0
01-14 12:03:00.203 I/System.out(19894): Values:0
01-14 12:03:01.194 I/System.out(19894): Values:0
01-14 12:03:02.195 I/System.out(19894): Values:0
01-14 12:03:03.206 I/System.out(19894): Values:0
01-14 12:03:04.207 I/System.out(19894): Values:0
01-14 12:03:05.208 I/System.out(19894): Values:0
01-14 12:03:06.209 I/System.out(19894): Values:0
01-14 12:03:07.210 I/System.out(19894): Values:0
01-14 12:03:08.221 I/System.out(19894): Values:0
01-14 12:03:08.221 D/BluetoothAdapter(19894): stopLeScan()
01-14 12:03:08.231 D/BtGatt.GattService(14573): stopScan() - queue=1
01-14 12:03:08.231 D/BtGatt.GattService(14573): stopScan() - queue empty; stopping scan
01-14 12:03:08.241 D/BtGatt.btif(14573): btif_gattc_scan
01-14 12:03:08.241 D/BtGatt.btif(14573): btgattc_handle_event: Event 1003
01-14 12:03:08.261 D/BtGatt.GattService(14573): unregisterClient() - clientIf=4
01-14 12:03:08.261 D/BtGatt.btif(14573): btif_gattc_unregister_app
01-14 12:03:08.261 D/BtGatt.btif(14573): btgattc_handle_event: Event 1001
01-14 12:03:08.271 D/BtGatt.btif(14573): btif_gattc_upstreams_evt: Event 1
01-14 12:03:08.271 I/System.out(19894): About to start new scanning
01-14 12:03:08.271 D/BluetoothAdapter(19894): startLeScan(): null
01-14 12:03:08.281 D/BtGatt.GattService(14573): registerClient() - UUID=c12c8b8a-f419-4dd1-9464-523f2bedf578
01-14 12:03:08.281 D/BtGatt.btif(14573): btif_gattc_register_app
01-14 12:03:08.281 D/BtGatt.btif(14573): btgattc_handle_event: Event 1000
01-14 12:03:08.281 D/BtGatt.btif(14573): btif_gattc_upstreams_evt: Event 0
01-14 12:03:08.281 D/BtGatt.GattService(14573): onClientRegistered() - UUID=c12c8b8a-f419-4dd1-9464-523f2bedf578, clientIf=4
01-14 12:03:08.281 D/BluetoothAdapter(19894): onClientRegistered() - status=0 clientIf=4
01-14 12:03:08.281 D/BtGatt.GattService(14573): startScan() - queue=0
01-14 12:03:08.291 D/BtGatt.GattService(14573): startScan() - adding client=4
01-14 12:03:08.291 D/BtGatt.btif(14573): btif_gattc_scan
01-14 12:03:08.291 D/BtGatt.btif(14573): btgattc_handle_event: Event 1002
01-14 12:03:08.291 I/System.out(19894): Started new scanning
01-14 12:03:09.222 I/System.out(19894): Values:0
01-14 12:03:10.223 I/System.out(19894): Values:0
01-14 12:03:11.214 I/System.out(19894): Values:0
01-14 12:03:12.215 I/System.out(19894): Values:0
01-14 12:03:13.216 I/System.out(19894): Values:0
01-14 12:03:14.227 I/System.out(19894): Values:0
01-14 12:03:15.228 I/System.out(19894): Values:0
01-14 12:03:16.229 I/System.out(19894): Values:0
01-14 12:03:17.230 I/System.out(19894): Values:0
01-14 12:03:18.241 D/BluetoothAdapter(19894): stopLeScan()
01-14 12:03:18.241 I/System.out(19894): Values:0
01-14 12:03:18.251 D/BtGatt.GattService(14573): stopScan() - queue=1
01-14 12:03:18.251 D/BtGatt.GattService(14573): stopScan() - queue empty; stopping scan
01-14 12:03:18.261 D/BtGatt.btif(14573): btif_gattc_scan
01-14 12:03:18.261 D/BtGatt.btif(14573): btgattc_handle_event: Event 1003
01-14 12:03:18.281 D/BtGatt.GattService(14573): unregisterClient() - clientIf=4
01-14 12:03:18.281 D/BtGatt.btif(14573): btif_gattc_unregister_app
01-14 12:03:18.281 D/BtGatt.btif(14573): btgattc_handle_event: Event 1001
01-14 12:03:18.291 D/BtGatt.btif(14573): btif_gattc_upstreams_evt: Event 1
01-14 12:03:18.291 I/System.out(19894): About to start new scanning
01-14 12:03:18.291 D/BluetoothAdapter(19894): startLeScan(): null
01-14 12:03:18.301 D/BtGatt.GattService(14573): registerClient() - UUID=73f9b973-6648-4b4f-8878-b1383e139f5e
01-14 12:03:18.301 D/BtGatt.btif(14573): btif_gattc_register_app
01-14 12:03:18.301 D/BtGatt.btif(14573): btgattc_handle_event: Event 1000
01-14 12:03:18.301 D/BtGatt.btif(14573): btif_gattc_upstreams_evt: Event 0
01-14 12:03:18.301 D/BtGatt.GattService(14573): onClientRegistered() - UUID=73f9b973-6648-4b4f-8878-b1383e139f5e, clientIf=4
01-14 12:03:18.301 D/BluetoothAdapter(19894): onClientRegistered() - status=0 clientIf=4
01-14 12:03:18.301 D/BtGatt.GattService(14573): startScan() - queue=0
01-14 12:03:18.311 D/BtGatt.GattService(14573): startScan() - adding client=4
01-14 12:03:18.311 D/BtGatt.btif(14573): btif_gattc_scan
01-14 12:03:18.311 D/BtGatt.btif(14573): btgattc_handle_event: Event 1002
01-14 12:03:18.311 I/System.out(19894): Started new scanning
01-14 12:03:19.242 I/System.out(19894): Values:0
01-14 12:03:20.243 I/System.out(19894): Values:0
01-14 12:03:21.244 I/System.out(19894): Values:0
01-14 12:03:22.245 I/System.out(19894): Values:0
01-14 12:03:23.246 I/System.out(19894): Values:0
01-14 12:03:24.247 I/System.out(19894): Values:0
01-14 12:03:25.248 I/System.out(19894): Values:0
01-14 12:03:26.249 I/System.out(19894): Values:0
01-14 12:03:27.260 I/System.out(19894): Values:0
01-14 12:03:28.261 I/System.out(19894): Values:0
01-14 12:03:28.261 D/BluetoothAdapter(19894): stopLeScan()
01-14 12:03:28.271 D/BtGatt.GattService(14573): stopScan() - queue=1
01-14 12:03:28.281 D/BtGatt.GattService(14573): stopScan() - queue empty; stopping scan
01-14 12:03:28.281 D/BtGatt.btif(14573): btif_gattc_scan
01-14 12:03:28.291 D/BtGatt.btif(14573): btgattc_handle_event: Event 1003
01-14 12:03:28.291 D/BtGatt.GattService(14573): unregisterClient() - clientIf=4
01-14 12:03:28.301 D/BtGatt.btif(14573): btif_gattc_unregister_app
01-14 12:03:28.301 D/BtGatt.btif(14573): btgattc_handle_event: Event 1001
01-14 12:03:28.311 D/BtGatt.btif(14573): btif_gattc_upstreams_evt: Event 1
01-14 12:03:28.311 I/System.out(19894): About to start new scanning
01-14 12:03:28.321 D/BluetoothAdapter(19894): startLeScan(): null
01-14 12:03:28.321 D/BtGatt.GattService(14573): registerClient() - UUID=756ea221-e644-4d99-838c-c127323519ac
01-14 12:03:28.321 D/BtGatt.btif(14573): btif_gattc_register_app
01-14 12:03:28.331 D/BtGatt.btif(14573): btgattc_handle_event: Event 1000
01-14 12:03:28.331 D/BtGatt.btif(14573): btif_gattc_upstreams_evt: Event 0
01-14 12:03:28.331 D/BtGatt.GattService(14573): onClientRegistered() - UUID=756ea221-e644-4d99-838c-c127323519ac, clientIf=4
01-14 12:03:28.331 D/BluetoothAdapter(19894): onClientRegistered() - status=0 clientIf=4
01-14 12:03:28.331 D/BtGatt.GattService(14573): startScan() - queue=0
01-14 12:03:28.331 D/BtGatt.GattService(14573): startScan() - adding client=4
01-14 12:03:28.341 D/BtGatt.btif(14573): btif_gattc_scan
01-14 12:03:28.341 D/BtGatt.btif(14573): btgattc_handle_event: Event 1002
01-14 12:03:28.341 I/System.out(19894): Started new scanning
01-14 12:03:29.262 I/System.out(19894): Values:0
01-14 12:03:30.263 I/System.out(19894): Values:0
01-14 12:03:31.254 I/System.out(19894): Values:0
01-14 12:03:32.255 I/System.out(19894): Values:0
01-14 12:03:33.266 I/System.out(19894): Values:0
01-14 12:03:34.267 I/System.out(19894): Values:0
01-14 12:03:35.267 I/System.out(19894): Values:0
01-14 12:03:36.268 I/System.out(19894): Values:0
01-14 12:03:37.269 I/System.out(19894): Values:0
01-14 12:03:38.270 I/System.out(19894): Values:0
01-14 12:03:38.280 D/BluetoothAdapter(19894): stopLeScan()
01-14 12:03:38.290 D/BtGatt.GattService(14573): stopScan() - queue=1
01-14 12:03:38.290 D/BtGatt.GattService(14573): stopScan() - queue empty; stopping scan
01-14 12:03:38.300 D/BtGatt.btif(14573): btif_gattc_scan
01-14 12:03:38.300 D/BtGatt.btif(14573): btgattc_handle_event: Event 1003
01-14 12:03:38.310 D/BtGatt.GattService(14573): unregisterClient() - clientIf=4
