01-14 12:31:34.376 I/System.out(20901): Started new scanning
01-14 12:31:35.297 I/System.out(20901): Values:0
01-14 12:31:36.298 I/System.out(20901): Values:0
01-14 12:31:37.299 I/System.out(20901): Values:0
01-14 12:31:38.299 I/System.out(20901): Values:0
01-14 12:31:39.300 I/System.out(20901): Values:0
01-14 12:31:40.311 I/System.out(20901): Values:0
01-14 12:31:41.312 I/System.out(20901): Values:0
01-14 12:31:42.313 I/System.out(20901): Values:0
01-14 12:31:43.314 I/System.out(20901): Values:0
01-14 12:31:44.325 I/System.out(20901): Values:0
01-14 12:31:44.325 D/BluetoothAdapter(20901): stopLeScan()
01-14 12:31:44.335 D/BtGatt.GattService(14573): stopScan() - queue=1
01-14 12:31:44.335 D/BtGatt.GattService(14573): stopScan() - queue empty; stopping scan
01-14 12:31:44.335 D/BtGatt.btif(14573): btif_gattc_scan
01-14 12:31:44.345 D/BtGatt.btif(14573): btgattc_handle_event: Event 1003
01-14 12:31:44.355 D/BtGatt.GattService(14573): unregisterClient() - clientIf=4
01-14 12:31:44.355 D/BtGatt.btif(14573): btif_gattc_unregister_app
01-14 12:31:44.365 D/BtGatt.btif(14573): btgattc_handle_event: Event 1001
01-14 12:31:44.375 D/BtGatt.btif(14573): btif_gattc_upstreams_evt: Event 1
01-14 12:31:44.375 I/System.out(20901): About to start new scanning
01-14 12:31:44.375 D/BluetoothAdapter(20901): startLeScan(): null
01-14 12:31:44.385 D/BtGatt.GattService(14573): registerClient() - UUID=c8ecfbe9-7cec-430f-8cbd-bf7985345c9c
01-14 12:31:44.385 D/BtGatt.btif(14573): btif_gattc_register_app
01-14 12:31:44.385 D/BtGatt.btif(14573): btgattc_handle_event: Event 1000
01-14 12:31:44.385 D/BtGatt.btif(14573): btif_gattc_upstreams_evt: Event 0
01-14 12:31:44.385 D/BtGatt.GattService(14573): onClientRegistered() - UUID=c8ecfbe9-7cec-430f-8cbd-bf7985345c9c, clientIf=4
01-14 12:31:44.385 D/BluetoothAdapter(20901): onClientRegistered() - status=0 clientIf=4
01-14 12:31:44.395 D/BtGatt.GattService(14573): startScan() - queue=0
01-14 12:31:44.395 D/BtGatt.GattService(14573): startScan() - adding client=4
01-14 12:31:44.395 D/BtGatt.btif(14573): btif_gattc_scan
01-14 12:31:44.395 D/BtGatt.btif(14573): btgattc_handle_event: Event 1002
01-14 12:31:44.395 I/System.out(20901): Started new scanning
01-14 12:31:45.316 I/System.out(20901): Values:0
01-14 12:31:46.317 I/System.out(20901): Values:0
01-14 12:31:47.318 I/System.out(20901): Values:0
01-14 12:31:48.319 I/System.out(20901): Values:0
01-14 12:31:49.320 I/System.out(20901): Values:0
01-14 12:31:50.331 I/System.out(20901): Values:0
01-14 12:31:51.332 I/System.out(20901): Values:0
01-14 12:31:52.333 I/System.out(20901): Values:0
01-14 12:31:53.324 I/System.out(20901): Values:0
01-14 12:31:54.325 I/System.out(20901): Values:0
01-14 12:31:54.325 D/BluetoothAdapter(20901): stopLeScan()
01-14 12:31:54.345 D/BtGatt.GattService(14573): stopScan() - queue=1
01-14 12:31:54.345 D/BtGatt.GattService(14573): stopScan() - queue empty; stopping scan
01-14 12:31:54.355 D/BtGatt.btif(14573): btif_gattc_scan
01-14 12:31:54.355 D/BtGatt.btif(14573): btgattc_handle_event: Event 1003
01-14 12:31:54.375 D/BtGatt.GattService(14573): unregisterClient() - clientIf=4
01-14 12:31:54.375 D/BtGatt.btif(14573): btif_gattc_unregister_app
01-14 12:31:54.375 D/BtGatt.btif(14573): btgattc_handle_event: Event 1001
01-14 12:31:54.385 D/BtGatt.btif(14573): btif_gattc_upstreams_evt: Event 1
01-14 12:31:54.385 I/System.out(20901): About to start new scanning
01-14 12:31:54.385 D/BluetoothAdapter(20901): startLeScan(): null
01-14 12:31:54.395 D/BtGatt.GattService(14573): registerClient() - UUID=9ede60a7-39b9-447b-9766-d186ebf097b3
01-14 12:31:54.395 D/BtGatt.btif(14573): btif_gattc_register_app
01-14 12:31:54.395 D/BtGatt.btif(14573): btgattc_handle_event: Event 1000
01-14 12:31:54.395 D/BtGatt.btif(14573): btif_gattc_upstreams_evt: Event 0
01-14 12:31:54.395 D/BtGatt.GattService(14573): onClientRegistered() - UUID=9ede60a7-39b9-447b-9766-d186ebf097b3, clientIf=4
01-14 12:31:54.405 D/BluetoothAdapter(20901): onClientRegistered() - status=0 clientIf=4
01-14 12:31:54.405 D/BtGatt.GattService(14573): startScan() - queue=0
01-14 12:31:54.405 D/BtGatt.GattService(14573): startScan() - adding client=4
01-14 12:31:54.405 D/BtGatt.btif(14573): btif_gattc_scan
01-14 12:31:54.405 D/BtGatt.btif(14573): btgattc_handle_event: Event 1002
01-14 12:31:54.405 I/System.out(20901): Started new scanning
01-14 12:31:55.326 I/System.out(20901): Values:0
01-14 12:31:56.337 I/System.out(20901): Values:0
01-14 12:31:57.338 I/System.out(20901): Values:0
01-14 12:31:58.339 I/System.out(20901): Values:0
01-14 12:31:59.340 I/System.out(20901): Values:0
01-14 12:31:59.400 D/dalvikvm(20901): GC_CONCURRENT freed 385K, 5% free 9091K/9516K, paused 5ms+1ms, total 46ms
01-14 12:32:00.341 I/System.out(20901): Values:0
01-14 12:32:01.352 I/System.out(20901): Values:0
01-14 12:32:02.353 I/System.out(20901): Values:0
01-14 12:32:03.354 I/System.out(20901): Values:0
01-14 12:32:04.355 I/System.out(20901): Values:0
01-14 12:32:04.355 D/BluetoothAdapter(20901): stopLeScan()
01-14 12:32:04.365 D/BtGatt.GattService(14573): stopScan() - queue=1
01-14 12:32:04.375 D/BtGatt.GattService(14573): stopScan() - queue empty; stopping scan
01-14 12:32:04.375 D/BtGatt.btif(14573): btif_gattc_scan
01-14 12:32:04.385 D/BtGatt.btif(14573): btgattc_handle_event: Event 1003
01-14 12:32:04.395 D/BtGatt.GattService(14573): unregisterClient() - clientIf=4
01-14 12:32:04.395 D/BtGatt.btif(14573): btif_gattc_unregister_app
01-14 12:32:04.415 D/BtGatt.btif(14573): btgattc_handle_event: Event 1001
01-14 12:32:04.415 D/BtGatt.btif(14573): btif_gattc_upstreams_evt: Event 1
01-14 12:32:04.425 I/System.out(20901): About to start new scanning
01-14 12:32:04.435 D/BluetoothAdapter(20901): startLeScan(): null
01-14 12:32:04.435 D/BtGatt.GattService(14573): registerClient() - UUID=19afb239-08cd-45dd-b449-dc479a495daa
01-14 12:32:04.435 D/BtGatt.btif(14573): btif_gattc_register_app
01-14 12:32:04.435 D/BtGatt.btif(14573): btgattc_handle_event: Event 1000
01-14 12:32:04.445 D/BtGatt.btif(14573): btif_gattc_upstreams_evt: Event 0
01-14 12:32:04.445 D/BtGatt.GattService(14573): onClientRegistered() - UUID=19afb239-08cd-45dd-b449-dc479a495daa, clientIf=4
01-14 12:32:04.445 D/BluetoothAdapter(20901): onClientRegistered() - status=0 clientIf=4
01-14 12:32:04.445 D/BtGatt.GattService(14573): startScan() - queue=0
01-14 12:32:04.445 D/BtGatt.GattService(14573): startScan() - adding client=4
01-14 12:32:04.445 D/BtGatt.btif(14573): btif_gattc_scan
01-14 12:32:04.455 D/BtGatt.btif(14573): btgattc_handle_event: Event 1002
01-14 12:32:04.455 I/System.out(20901): Started new scanning
01-14 12:32:05.356 I/System.out(20901): Values:0
01-14 12:32:06.357 I/System.out(20901): Values:0
01-14 12:32:07.358 I/System.out(20901): Values:0
01-14 12:32:08.359 I/System.out(20901): Values:0
01-14 12:32:09.360 I/System.out(20901): Values:0
01-14 12:32:10.371 I/System.out(20901): Values:0
01-14 12:32:11.372 I/System.out(20901): Values:0
01-14 12:32:12.373 I/System.out(20901): Values:0
01-14 12:32:13.374 I/System.out(20901): Values:0
01-14 12:32:14.385 I/System.out(20901): Values:0
01-14 12:32:14.385 D/BluetoothAdapter(20901): stopLeScan()
01-14 12:32:14.395 D/BtGatt.GattService(14573): stopScan() - queue=1
01-14 12:32:14.395 D/BtGatt.GattService(14573): stopScan() - queue empty; stopping scan
01-14 12:32:14.395 D/BtGatt.btif(14573): btif_gattc_scan
01-14 12:32:14.405 D/BtGatt.btif(14573): btgattc_handle_event: Event 1003
01-14 12:32:14.415 D/BtGatt.GattService(14573): unregisterClient() - clientIf=4
01-14 12:32:14.415 D/BtGatt.btif(14573): btif_gattc_unregister_app
01-14 12:32:14.425 D/BtGatt.btif(14573): btgattc_handle_event: Event 1001
01-14 12:32:14.435 D/BtGatt.btif(14573): btif_gattc_upstreams_evt: Event 1
01-14 12:32:14.435 I/System.out(20901): About to start new scanning
01-14 12:32:14.435 D/BluetoothAdapter(20901): startLeScan(): null
01-14 12:32:14.445 D/BtGatt.GattService(14573): registerClient() - UUID=12b5d362-f1d0-4969-9f1f-710db2d531e4
01-14 12:32:14.445 D/BtGatt.btif(14573): btif_gattc_register_app
01-14 12:32:14.445 D/BtGatt.btif(14573): btgattc_handle_event: Event 1000
01-14 12:32:14.445 D/BtGatt.btif(14573): btif_gattc_upstreams_evt: Event 0
01-14 12:32:14.445 D/BtGatt.GattService(14573): onClientRegistered() - UUID=12b5d362-f1d0-4969-9f1f-710db2d531e4, clientIf=4
01-14 12:32:14.445 D/BluetoothAdapter(20901): onClientRegistered() - status=0 clientIf=4
01-14 12:32:14.455 D/BtGatt.GattService(14573): startScan() - queue=0
01-14 12:32:14.455 D/BtGatt.GattService(14573): startScan() - adding client=4
01-14 12:32:14.455 D/BtGatt.btif(14573): btif_gattc_scan
01-14 12:32:14.455 D/BtGatt.btif(14573): btgattc_handle_event: Event 1002
01-14 12:32:14.455 I/System.out(20901): Started new scanning
01-14 12:32:15.386 I/System.out(20901): Values:0
01-14 12:32:16.377 I/System.out(20901): Values:0
01-14 12:32:17.378 I/System.out(20901): Values:0
01-14 12:32:18.389 I/System.out(20901): Values:0
01-14 12:32:19.390 I/System.out(20901): Values:0
01-14 12:32:20.391 I/System.out(20901): Values:0
01-14 12:32:21.392 I/System.out(20901): Values:0
01-14 12:32:22.392 I/System.out(20901): Values:0
01-14 12:32:23.393 I/System.out(20901): Values:0
01-14 12:32:24.394 I/System.out(20901): Values:0
01-14 12:32:24.394 D/BluetoothAdapter(20901): stopLeScan()
01-14 12:32:24.414 D/BtGatt.GattService(14573): stopScan() - queue=1
01-14 12:32:24.414 D/BtGatt.GattService(14573): stopScan() - queue empty; stopping scan
01-14 12:32:24.414 D/BtGatt.btif(14573): btif_gattc_scan
01-14 12:32:24.424 D/BtGatt.btif(14573): btgattc_handle_event: Event 1003
01-14 12:32:24.434 D/BtGatt.GattService(14573): unregisterClient() - clientIf=4
01-14 12:32:24.434 D/BtGatt.btif(14573): btif_gattc_unregister_app
01-14 12:32:24.445 D/BtGatt.btif(14573): btgattc_handle_event: Event 1001
01-14 12:32:24.445 D/BtGatt.btif(14573): btif_gattc_upstreams_evt: Event 1
01-14 12:32:24.455 I/System.out(20901): About to start new scanning
01-14 12:32:24.455 D/BluetoothAdapter(20901): startLeScan(): null
01-14 12:32:24.455 D/BtGatt.GattService(14573): registerClient() - UUID=32be921f-e760-408b-910a-cf00a573962b
01-14 12:32:24.465 D/BtGatt.btif(14573): btif_gattc_register_app
01-14 12:32:24.465 D/BtGatt.btif(14573): btgattc_handle_event: Event 1000
01-14 12:32:24.465 D/BtGatt.btif(14573): btif_gattc_upstreams_evt: Event 0
01-14 12:32:24.465 D/BtGatt.GattService(14573): onClientRegistered() - UUID=32be921f-e760-408b-910a-cf00a573962b, clientIf=4
01-14 12:32:24.465 D/BluetoothAdapter(20901): onClientRegistered() - status=0 clientIf=4
01-14 12:32:24.465 D/BtGatt.GattService(14573): startScan() - queue=0
01-14 12:32:24.475 D/BtGatt.GattService(14573): startScan() - adding client=4
01-14 12:32:24.475 D/BtGatt.btif(14573): btif_gattc_scan
01-14 12:32:24.475 D/BtGatt.btif(14573): btgattc_handle_event: Event 1002
01-14 12:32:24.475 I/System.out(20901): Started new scanning
01-14 12:32:25.395 I/System.out(20901): Values:0
01-14 12:32:26.396 I/System.out(20901): Values:0
01-14 12:32:27.397 I/System.out(20901): Values:0
01-14 12:32:28.398 I/System.out(20901): Values:0
01-14 12:32:29.409 I/System.out(20901): Values:0
01-14 12:32:30.410 I/System.out(20901): Values:0
01-14 12:32:31.411 I/System.out(20901): Values:0
01-14 12:32:32.412 I/System.out(20901): Values:0
01-14 12:32:33.413 I/System.out(20901): Values:0
01-14 12:32:34.414 I/System.out(20901): Values:0
01-14 12:32:34.414 D/BluetoothAdapter(20901): stopLeScan()
01-14 12:32:34.424 D/BtGatt.GattService(14573): stopScan() - queue=1
01-14 12:32:34.424 D/BtGatt.GattService(14573): stopScan() - queue empty; stopping scan
01-14 12:32:34.444 D/BtGatt.btif(14573): btif_gattc_scan
01-14 12:32:34.444 D/BtGatt.btif(14573): btgattc_handle_event: Event 1003
01-14 12:32:34.454 D/BtGatt.GattService(14573): unregisterClient() - clientIf=4
01-14 12:32:34.454 D/BtGatt.btif(14573): btif_gattc_unregister_app
01-14 12:32:34.464 D/BtGatt.btif(14573): btgattc_handle_event: Event 1001
01-14 12:32:34.464 D/BtGatt.btif(14573): btif_gattc_upstreams_evt: Event 1
01-14 12:32:34.474 I/System.out(20901): About to start new scanning
01-14 12:32:34.474 D/BluetoothAdapter(20901): startLeScan(): null
01-14 12:32:34.484 D/BtGatt.GattService(14573): registerClient() - UUID=fe63e833-6681-4216-b9b9-f09681674077
01-14 12:32:34.484 D/BtGatt.btif(14573): btif_gattc_register_app
01-14 12:32:34.484 D/BtGatt.btif(14573): btgattc_handle_event: Event 1000
01-14 12:32:34.484 D/BtGatt.btif(14573): btif_gattc_upstreams_evt: Event 0
01-14 12:32:34.484 D/BtGatt.GattService(14573): onClientRegistered() - UUID=fe63e833-6681-4216-b9b9-f09681674077, clientIf=4
01-14 12:32:34.484 D/BluetoothAdapter(20901): onClientRegistered() - status=0 clientIf=4
01-14 12:32:34.494 D/BtGatt.GattService(14573): startScan() - queue=0
01-14 12:32:34.494 D/BtGatt.GattService(14573): startScan() - adding client=4
01-14 12:32:34.494 D/BtGatt.btif(14573): btif_gattc_scan
01-14 12:32:34.494 D/BtGatt.btif(14573): btgattc_handle_event: Event 1002
01-14 12:32:34.494 I/System.out(20901): Started new scanning
01-14 12:32:35.425 I/System.out(20901): Values:0
01-14 12:32:36.416 I/System.out(20901): Values:0
01-14 12:32:37.427 I/System.out(20901): Values:0
01-14 12:32:38.428 I/System.out(20901): Values:0
01-14 12:32:39.429 I/System.out(20901): Values:0
01-14 12:32:40.430 I/System.out(20901): Values:0
01-14 12:32:41.431 I/System.out(20901): Values:0
01-14 12:32:42.432 I/System.out(20901): Values:0
01-14 12:32:43.433 I/System.out(20901): Values:0
01-14 12:32:44.434 D/BluetoothAdapter(20901): stopLeScan()
01-14 12:32:44.434 D/BtGatt.GattService(14573): stopScan() - queue=1
01-14 12:32:44.444 D/BtGatt.GattService(14573): stopScan() - queue empty; stopping scan
01-14 12:32:44.444 D/BtGatt.btif(14573): btif_gattc_scan
01-14 12:32:44.454 D/BtGatt.btif(14573): btgattc_handle_event: Event 1003
01-14 12:32:44.464 D/BtGatt.GattService(14573): unregisterClient() - clientIf=4
01-14 12:32:44.464 D/BtGatt.btif(14573): btif_gattc_unregister_app
01-14 12:32:44.474 D/BtGatt.btif(14573): btgattc_handle_event: Event 1001
01-14 12:32:44.474 D/BtGatt.btif(14573): btif_gattc_upstreams_evt: Event 1
01-14 12:32:44.484 I/System.out(20901): About to start new scanning
01-14 12:32:44.484 D/BluetoothAdapter(20901): startLeScan(): null
01-14 12:32:44.484 D/BtGatt.GattService(14573): registerClient() - UUID=9c10224f-fbbc-402c-a7a5-712b13bb990e
01-14 12:32:44.494 D/BtGatt.btif(14573): btif_gattc_register_app
01-14 12:32:44.494 D/BtGatt.btif(14573): btgattc_handle_event: Event 1000
01-14 12:32:44.494 D/BtGatt.btif(14573): btif_gattc_upstreams_evt: Event 0
01-14 12:32:44.494 D/BtGatt.GattService(14573): onClientRegistered() - UUID=9c10224f-fbbc-402c-a7a5-712b13bb990e, clientIf=4
01-14 12:32:44.494 D/BluetoothAdapter(20901): onClientRegistered() - status=0 clientIf=4
01-14 12:32:44.494 D/BtGatt.GattService(14573): startScan() - queue=0
01-14 12:32:44.504 D/BtGatt.GattService(14573): startScan() - adding client=4
01-14 12:32:44.504 D/BtGatt.btif(14573): btif_gattc_scan
01-14 12:32:44.504 D/BtGatt.btif(14573): btgattc_handle_event: Event 1002
01-14 12:32:44.504 I/System.out(20901): Started new scanning
01-14 12:32:44.504 I/System.out(20901): Values:0
01-14 12:32:45.445 I/System.out(20901): Values:0
01-14 12:32:46.436 I/System.out(20901): Values:0
01-14 12:32:47.437 I/System.out(20901): Values:0
01-14 12:32:48.438 I/System.out(20901): Values:0
01-14 12:32:49.439 I/System.out(20901): Values:0
01-14 12:32:50.440 I/System.out(20901): Values:0
01-14 12:32:51.451 I/System.out(20901): Values:0
01-14 12:32:52.452 I/System.out(20901): Values:0
01-14 12:32:53.453 I/System.out(20901): Values:0
01-14 12:32:54.454 I/System.out(20901): Values:0
01-14 12:32:54.454 D/BluetoothAdapter(20901): stopLeScan()
01-14 12:32:54.464 D/BtGatt.GattService(14573): stopScan() - queue=1
01-14 12:32:54.464 D/BtGatt.GattService(14573): stopScan() - queue empty; stopping scan
01-14 12:32:54.474 D/BtGatt.btif(14573): btif_gattc_scan
01-14 12:32:54.474 D/BtGatt.btif(14573): btgattc_handle_event: Event 1003
01-14 12:32:54.494 D/BtGatt.GattService(14573): unregisterClient() - clientIf=4
01-14 12:32:54.494 D/BtGatt.btif(14573): btif_gattc_unregister_app
01-14 12:32:54.494 D/BtGatt.btif(14573): btgattc_handle_event: Event 1001
01-14 12:32:54.504 D/BtGatt.btif(14573): btif_gattc_upstreams_evt: Event 1
01-14 12:32:54.504 I/System.out(20901): About to start new scanning
01-14 12:32:54.504 D/BluetoothAdapter(20901): startLeScan(): null
01-14 12:32:54.514 D/BtGatt.GattService(14573): registerClient() - UUID=0a242545-cb40-4f7f-8312-513b6bb88dc7
01-14 12:32:54.514 D/BtGatt.btif(14573): btif_gattc_register_app
01-14 12:32:54.514 D/BtGatt.btif(14573): btgattc_handle_event: Event 1000
01-14 12:32:54.514 D/BtGatt.btif(14573): btif_gattc_upstreams_evt: Event 0
01-14 12:32:54.514 D/BtGatt.GattService(14573): onClientRegistered() - UUID=0a242545-cb40-4f7f-8312-513b6bb88dc7, clientIf=4
01-14 12:32:54.514 D/BluetoothAdapter(20901): onClientRegistered() - status=0 clientIf=4
01-14 12:32:54.524 D/BtGatt.GattService(14573): startScan() - queue=0
01-14 12:32:54.524 D/BtGatt.GattService(14573): startScan() - adding client=4
01-14 12:32:54.524 D/BtGatt.btif(14573): btif_gattc_scan
01-14 12:32:54.524 D/BtGatt.btif(14573): btgattc_handle_event: Event 1002
01-14 12:32:54.524 I/System.out(20901): Started new scanning
01-14 12:32:55.445 I/System.out(20901): Values:0
01-14 12:32:56.456 I/System.out(20901): Values:0
01-14 12:32:57.457 I/System.out(20901): Values:0
01-14 12:32:58.458 I/System.out(20901): Values:0
01-14 12:32:59.459 I/System.out(20901): Values:0
01-14 12:33:00.460 I/System.out(20901): Values:0
01-14 12:33:01.461 I/System.out(20901): Values:0
01-14 12:33:02.462 I/System.out(20901): Values:0
01-14 12:33:03.463 I/System.out(20901): Values:0
01-14 12:33:04.474 I/System.out(20901): Values:0
01-14 12:33:04.474 D/BluetoothAdapter(20901): stopLeScan()
01-14 12:33:04.484 D/BtGatt.GattService(14573): stopScan() - queue=1
01-14 12:33:04.484 D/BtGatt.GattService(14573): stopScan() - queue empty; stopping scan
01-14 12:33:04.484 D/BtGatt.btif(14573): btif_gattc_scan
01-14 12:33:04.494 D/BtGatt.btif(14573): btgattc_handle_event: Event 1003
01-14 12:33:04.504 D/BtGatt.GattService(14573): unregisterClient() - clientIf=4
01-14 12:33:04.514 D/BtGatt.btif(14573): btif_gattc_unregister_app
01-14 12:33:04.514 D/BtGatt.btif(14573): btgattc_handle_event: Event 1001
01-14 12:33:04.524 D/BtGatt.btif(14573): btif_gattc_upstreams_evt: Event 1
01-14 12:33:04.524 I/System.out(20901): About to start new scanning
01-14 12:33:04.524 D/BluetoothAdapter(20901): startLeScan(): null
01-14 12:33:04.534 D/BtGatt.GattService(14573): registerClient() - UUID=53bef629-05da-4f1f-8e9e-8bd5422926ad
01-14 12:33:04.534 D/BtGatt.btif(14573): btif_gattc_register_app
01-14 12:33:04.534 D/BtGatt.btif(14573): btgattc_handle_event: Event 1000
01-14 12:33:04.534 D/BtGatt.btif(14573): btif_gattc_upstreams_evt: Event 0
01-14 12:33:04.534 D/BtGatt.GattService(14573): onClientRegistered() - UUID=53bef629-05da-4f1f-8e9e-8bd5422926ad, clientIf=4
01-14 12:33:04.534 D/BluetoothAdapter(20901): onClientRegistered() - status=0 clientIf=4
01-14 12:33:04.544 D/BtGatt.GattService(14573): startScan() - queue=0
01-14 12:33:04.544 D/BtGatt.GattService(14573): startScan() - adding client=4
01-14 12:33:04.544 D/BtGatt.btif(14573): btif_gattc_scan
01-14 12:33:04.544 D/BtGatt.btif(14573): btgattc_handle_event: Event 1002
01-14 12:33:04.544 I/System.out(20901): Started new scanning
01-14 12:33:05.505 I/System.out(20901): Values:0
01-14 12:33:06.496 I/System.out(20901): Values:0
01-14 12:33:07.497 I/System.out(20901): Values:0
01-14 12:33:08.497 I/System.out(20901): Values:0
01-14 12:33:09.508 I/System.out(20901): Values:0
01-14 12:33:10.509 I/System.out(20901): Values:0
01-14 12:33:11.510 I/System.out(20901): Values:0
01-14 12:33:12.511 I/System.out(20901): Values:0
01-14 12:33:13.512 I/System.out(20901): Values:0
01-14 12:33:14.513 D/BluetoothAdapter(20901): stopLeScan()
01-14 12:33:14.513 D/BtGatt.GattService(14573): stopScan() - queue=1
01-14 12:33:14.523 D/BtGatt.GattService(14573): stopScan() - queue empty; stopping scan
01-14 12:33:14.523 D/BtGatt.btif(14573): btif_gattc_scan
01-14 12:33:14.533 D/BtGatt.btif(14573): btgattc_handle_event: Event 1003
01-14 12:33:14.543 D/BtGatt.GattService(14573): unregisterClient() - clientIf=4
01-14 12:33:14.543 D/BtGatt.btif(14573): btif_gattc_unregister_app
01-14 12:33:14.553 D/BtGatt.btif(14573): btgattc_handle_event: Event 1001
01-14 12:33:14.553 D/BtGatt.btif(14573): btif_gattc_upstreams_evt: Event 1
01-14 12:33:14.563 I/System.out(20901): About to start new scanning
01-14 12:33:14.563 D/BluetoothAdapter(20901): startLeScan(): null
01-14 12:33:14.573 I/System.out(20901): Values:0
01-14 12:33:14.583 D/BtGatt.GattService(14573): registerClient() - UUID=c03c81ad-bfa2-4f45-a671-27632b5341a3
01-14 12:33:14.583 D/BtGatt.btif(14573): btif_gattc_register_app
01-14 12:33:14.593 D/BtGatt.btif(14573): btgattc_handle_event: Event 1000
01-14 12:33:14.593 D/BtGatt.btif(14573): btif_gattc_upstreams_evt: Event 0
01-14 12:33:14.603 D/BtGatt.GattService(14573): onClientRegistered() - UUID=c03c81ad-bfa2-4f45-a671-27632b5341a3, clientIf=4
01-14 12:33:14.603 D/BluetoothAdapter(20901): onClientRegistered() - status=0 clientIf=4
01-14 12:33:14.603 D/BtGatt.GattService(14573): startScan() - queue=0
01-14 12:33:14.613 D/BtGatt.GattService(14573): startScan() - adding client=4
01-14 12:33:14.613 D/BtGatt.btif(14573): btif_gattc_scan
01-14 12:33:14.613 D/BtGatt.btif(14573): btgattc_handle_event: Event 1002
01-14 12:33:14.613 I/System.out(20901): Started new scanning
01-14 12:33:15.514 I/System.out(20901): Values:0
01-14 12:33:16.515 I/System.out(20901): Values:0
01-14 12:33:17.516 I/System.out(20901): Values:0
01-14 12:33:18.517 I/System.out(20901): Values:0
01-14 12:33:19.518 I/System.out(20901): Values:0
01-14 12:33:20.529 I/System.out(20901): Values:0
01-14 12:33:21.530 I/System.out(20901): Values:0
01-14 12:33:22.531 I/System.out(20901): Values:0
01-14 12:33:23.532 I/System.out(20901): Values:0
01-14 12:33:24.533 I/System.out(20901): Values:0
01-14 12:33:24.533 D/BluetoothAdapter(20901): stopLeScan()
01-14 12:33:24.543 D/BtGatt.GattService(14573): stopScan() - queue=1
01-14 12:33:24.543 D/BtGatt.GattService(14573): stopScan() - queue empty; stopping scan
01-14 12:33:24.553 D/BtGatt.btif(14573): btif_gattc_scan
01-14 12:33:24.553 D/BtGatt.btif(14573): btgattc_handle_event: Event 1003
01-14 12:33:24.573 D/BtGatt.GattService(14573): unregisterClient() - clientIf=4
01-14 12:33:24.573 D/BtGatt.btif(14573): btif_gattc_unregister_app
01-14 12:33:24.573 D/BtGatt.btif(14573): btgattc_handle_event: Event 1001
01-14 12:33:24.583 D/BtGatt.btif(14573): btif_gattc_upstreams_evt: Event 1
01-14 12:33:24.583 I/System.out(20901): About to start new scanning
01-14 12:33:24.583 D/BluetoothAdapter(20901): startLeScan(): null
01-14 12:33:24.593 D/BtGatt.GattService(14573): registerClient() - UUID=cbb85174-1fd8-4a67-9e75-0e992fbffbc6
01-14 12:33:24.593 D/BtGatt.btif(14573): btif_gattc_register_app
01-14 12:33:24.593 D/BtGatt.btif(14573): btgattc_handle_event: Event 1000
01-14 12:33:24.593 D/BtGatt.btif(14573): btif_gattc_upstreams_evt: Event 0
01-14 12:33:24.593 D/BtGatt.GattService(14573): onClientRegistered() - UUID=cbb85174-1fd8-4a67-9e75-0e992fbffbc6, clientIf=4
01-14 12:33:24.593 D/BluetoothAdapter(20901): onClientRegistered() - status=0 clientIf=4
01-14 12:33:24.603 D/BtGatt.GattService(14573): startScan() - queue=0
01-14 12:33:24.603 D/BtGatt.GattService(14573): startScan() - adding client=4
01-14 12:33:24.603 D/BtGatt.btif(14573): btif_gattc_scan
01-14 12:33:24.603 D/BtGatt.btif(14573): btgattc_handle_event: Event 1002
01-14 12:33:24.603 I/System.out(20901): Started new scanning
01-14 12:33:25.524 I/System.out(20901): Values:0
01-14 12:33:26.525 I/System.out(20901): Values:0
01-14 12:33:27.536 I/System.out(20901): Values:0
01-14 12:33:28.537 I/System.out(20901): Values:0
01-14 12:33:29.538 I/System.out(20901): Values:0
01-14 12:33:30.539 I/System.out(20901): Values:0
01-14 12:33:31.540 I/System.out(20901): Values:0
01-14 12:33:32.541 I/System.out(20901): Values:0
01-14 12:33:33.552 I/System.out(20901): Values:0
01-14 12:33:34.553 I/System.out(20901): Values:0
01-14 12:33:34.553 D/BluetoothAdapter(20901): stopLeScan()
01-14 12:33:34.563 D/BtGatt.GattService(14573): stopScan() - queue=1
01-14 12:33:34.563 D/BtGatt.GattService(14573): stopScan() - queue empty; stopping scan
01-14 12:33:34.563 D/BtGatt.btif(14573): btif_gattc_scan
01-14 12:33:34.573 D/BtGatt.btif(14573): btgattc_handle_event: Event 1003
01-14 12:33:34.583 D/BtGatt.GattService(14573): unregisterClient() - clientIf=4
01-14 12:33:34.583 D/BtGatt.btif(14573): btif_gattc_unregister_app
01-14 12:33:34.593 D/BtGatt.btif(14573): btgattc_handle_event: Event 1001
01-14 12:33:34.593 D/BtGatt.btif(14573): btif_gattc_upstreams_evt: Event 1
01-14 12:33:34.603 I/System.out(20901): About to start new scanning
01-14 12:33:34.603 D/BluetoothAdapter(20901): startLeScan(): null
01-14 12:33:34.603 D/BtGatt.GattService(14573): registerClient() - UUID=14025b4b-8599-48b7-b56a-bfa7a5ed3e13
01-14 12:33:34.613 D/BtGatt.btif(14573): btif_gattc_register_app
01-14 12:33:34.613 D/BtGatt.btif(14573): btgattc_handle_event: Event 1000
01-14 12:33:34.613 D/BtGatt.btif(14573): btif_gattc_upstreams_evt: Event 0
01-14 12:33:34.613 D/BtGatt.GattService(14573): onClientRegistered() - UUID=14025b4b-8599-48b7-b56a-bfa7a5ed3e13, clientIf=4
01-14 12:33:34.613 D/BluetoothAdapter(20901): onClientRegistered() - status=0 clientIf=4
01-14 12:33:34.623 D/BtGatt.GattService(14573): startScan() - queue=0
01-14 12:33:34.623 D/BtGatt.GattService(14573): startScan() - adding client=4
01-14 12:33:34.623 D/BtGatt.btif(14573): btif_gattc_scan
01-14 12:33:34.623 D/BtGatt.btif(14573): btgattc_handle_event: Event 1002
01-14 12:33:34.623 I/System.out(20901): Started new scanning
01-14 12:33:35.544 I/System.out(20901): Values:0
01-14 12:33:36.555 I/System.out(20901): Values:0
01-14 12:33:37.546 I/System.out(20901): Values:0
01-14 12:33:38.557 I/System.out(20901): Values:0
01-14 12:33:39.548 I/System.out(20901): Values:0
01-14 12:33:40.559 I/System.out(20901): Values:0
01-14 12:33:41.560 I/System.out(20901): Values:0
01-14 12:33:42.561 I/System.out(20901): Values:0
01-14 12:33:43.562 I/System.out(20901): Values:0
01-14 12:33:44.563 I/System.out(20901): Values:0
01-14 12:33:44.563 D/BluetoothAdapter(20901): stopLeScan()
01-14 12:33:44.573 D/BtGatt.GattService(14573): stopScan() - queue=1
01-14 12:33:44.573 D/BtGatt.GattService(14573): stopScan() - queue empty; stopping scan
01-14 12:33:44.583 D/BtGatt.btif(14573): btif_gattc_scan
01-14 12:33:44.583 D/BtGatt.btif(14573): btgattc_handle_event: Event 1003
01-14 12:33:44.603 D/BtGatt.GattService(14573): unregisterClient() - clientIf=4
01-14 12:33:44.603 D/BtGatt.btif(14573): btif_gattc_unregister_app
01-14 12:33:44.603 D/BtGatt.btif(14573): btgattc_handle_event: Event 1001
01-14 12:33:44.613 D/BtGatt.btif(14573): btif_gattc_upstreams_evt: Event 1
01-14 12:33:44.623 I/System.out(20901): About to start new scanning
01-14 12:33:44.623 D/BluetoothAdapter(20901): startLeScan(): null
01-14 12:33:44.623 D/BtGatt.GattService(14573): registerClient() - UUID=c233db8a-feb6-4118-974f-e4ebacf092e6
01-14 12:33:44.633 D/BtGatt.btif(14573): btif_gattc_register_app
01-14 12:33:44.633 D/BtGatt.btif(14573): btgattc_handle_event: Event 1000
01-14 12:33:44.633 D/BtGatt.btif(14573): btif_gattc_upstreams_evt: Event 0
01-14 12:33:44.633 D/BtGatt.GattService(14573): onClientRegistered() - UUID=c233db8a-feb6-4118-974f-e4ebacf092e6, clientIf=4
01-14 12:33:44.633 D/BluetoothAdapter(20901): onClientRegistered() - status=0 clientIf=4
01-14 12:33:44.633 D/BtGatt.GattService(14573): startScan() - queue=0
01-14 12:33:44.643 D/BtGatt.GattService(14573): startScan() - adding client=4
01-14 12:33:44.643 D/BtGatt.btif(14573): btif_gattc_scan
01-14 12:33:44.643 D/BtGatt.btif(14573): btgattc_handle_event: Event 1002
01-14 12:33:44.643 I/System.out(20901): Started new scanning
01-14 12:33:45.574 I/System.out(20901): Values:0
01-14 12:33:46.575 I/System.out(20901): Values:0
01-14 12:33:47.566 I/System.out(20901): Values:0
01-14 12:33:48.567 I/System.out(20901): Values:0
01-14 12:33:49.578 I/System.out(20901): Values:0
01-14 12:33:50.579 I/System.out(20901): Values:0
01-14 12:33:51.580 I/System.out(20901): Values:0
01-14 12:33:52.580 I/System.out(20901): Values:0
01-14 12:33:53.581 I/System.out(20901): Values:0
01-14 12:33:54.582 D/BluetoothAdapter(20901): stopLeScan()
01-14 12:33:54.582 I/System.out(20901): Values:0
01-14 12:33:54.592 D/BtGatt.GattService(14573): stopScan() - queue=1
01-14 12:33:54.602 D/BtGatt.GattService(14573): stopScan() - queue empty; stopping scan
01-14 12:33:54.602 D/BtGatt.btif(14573): btif_gattc_scan
01-14 12:33:54.612 D/BtGatt.btif(14573): btgattc_handle_event: Event 1003
01-14 12:33:54.622 D/BtGatt.GattService(14573): unregisterClient() - clientIf=4
01-14 12:33:54.622 D/BtGatt.btif(14573): btif_gattc_unregister_app
01-14 12:33:54.632 D/BtGatt.btif(14573): btgattc_handle_event: Event 1001
01-14 12:33:54.632 D/BtGatt.btif(14573): btif_gattc_upstreams_evt: Event 1
01-14 12:33:54.632 I/System.out(20901): About to start new scanning
01-14 12:33:54.632 D/BluetoothAdapter(20901): startLeScan(): null
01-14 12:33:54.642 D/BtGatt.GattService(14573): registerClient() - UUID=7816de75-5057-4d98-a186-49d564762012
01-14 12:33:54.642 D/BtGatt.btif(14573): btif_gattc_register_app
01-14 12:33:54.642 D/BtGatt.btif(14573): btgattc_handle_event: Event 1000
01-14 12:33:54.642 D/BtGatt.btif(14573): btif_gattc_upstreams_evt: Event 0
01-14 12:33:54.642 D/BtGatt.GattService(14573): onClientRegistered() - UUID=7816de75-5057-4d98-a186-49d564762012, clientIf=4
01-14 12:33:54.653 D/BluetoothAdapter(20901): onClientRegistered() - status=0 clientIf=4
01-14 12:33:54.653 D/BtGatt.GattService(14573): startScan() - queue=0
01-14 12:33:54.653 D/BtGatt.GattService(14573): startScan() - adding client=4
01-14 12:33:54.653 D/BtGatt.btif(14573): btif_gattc_scan
01-14 12:33:54.653 D/BtGatt.btif(14573): btgattc_handle_event: Event 1002
01-14 12:33:54.653 I/System.out(20901): Started new scanning
01-14 12:33:55.593 I/System.out(20901): Values:0
01-14 12:33:56.584 I/System.out(20901): Values:0
01-14 12:33:57.585 I/System.out(20901): Values:0
01-14 12:33:58.586 I/System.out(20901): Values:0
01-14 12:33:59.597 I/System.out(20901): Values:0
01-14 12:34:00.598 I/System.out(20901): Values:0
01-14 12:34:01.599 I/System.out(20901): Values:0
01-14 12:34:02.600 I/System.out(20901): Values:0
01-14 12:34:03.601 I/System.out(20901): Values:0
01-14 12:34:04.612 D/BluetoothAdapter(20901): stopLeScan()
01-14 12:34:04.612 I/System.out(20901): Values:0
01-14 12:34:04.612 D/BtGatt.GattService(14573): stopScan() - queue=1
01-14 12:34:04.612 D/BtGatt.GattService(14573): stopScan() - queue empty; stopping scan
01-14 12:34:04.632 D/BtGatt.btif(14573): btif_gattc_scan
01-14 12:34:04.632 D/BtGatt.btif(14573): btgattc_handle_event: Event 1003
01-14 12:34:04.652 D/BtGatt.GattService(14573): unregisterClient() - clientIf=4
01-14 12:34:04.652 D/BtGatt.btif(14573): btif_gattc_unregister_app
01-14 12:34:04.652 D/BtGatt.btif(14573): btgattc_handle_event: Event 1001
01-14 12:34:04.652 D/BtGatt.btif(14573): btif_gattc_upstreams_evt: Event 1
01-14 12:34:04.652 I/System.out(20901): About to start new scanning
01-14 12:34:04.662 D/BluetoothAdapter(20901): startLeScan(): null
01-14 12:34:04.662 D/BtGatt.GattService(14573): registerClient() - UUID=1007efca-b0ec-43a9-805b-005263f78d8b
01-14 12:34:04.662 D/BtGatt.btif(14573): btif_gattc_register_app
01-14 12:34:04.662 D/BtGatt.btif(14573): btgattc_handle_event: Event 1000
01-14 12:34:04.662 D/BtGatt.btif(14573): btif_gattc_upstreams_evt: Event 0
01-14 12:34:04.662 D/BtGatt.GattService(14573): onClientRegistered() - UUID=1007efca-b0ec-43a9-805b-005263f78d8b, clientIf=4
01-14 12:34:04.672 D/BluetoothAdapter(20901): onClientRegistered() - status=0 clientIf=4
01-14 12:34:04.672 D/BtGatt.GattService(14573): startScan() - queue=0
01-14 12:34:04.672 D/BtGatt.GattService(14573): startScan() - adding client=4
01-14 12:34:04.672 D/BtGatt.btif(14573): btif_gattc_scan
01-14 12:34:04.672 D/BtGatt.btif(14573): btgattc_handle_event: Event 1002
01-14 12:34:04.682 I/System.out(20901): Started new scanning
01-14 12:34:05.613 I/System.out(20901): Values:0
01-14 12:34:06.614 I/System.out(20901): Values:0
01-14 12:34:07.605 I/System.out(20901): Values:0
01-14 12:34:08.616 I/System.out(20901): Values:0
01-14 12:34:09.607 I/System.out(20901): Values:0
01-14 12:34:10.618 I/System.out(20901): Values:0
01-14 12:34:11.629 I/System.out(20901): Values:0
01-14 12:34:12.630 I/System.out(20901): Values:0
01-14 12:34:13.631 I/System.out(20901): Values:0
01-14 12:34:14.632 D/BluetoothAdapter(20901): stopLeScan()
01-14 12:34:14.652 D/BtGatt.GattService(14573): stopScan() - queue=1
01-14 12:34:14.652 D/BtGatt.GattService(14573): stopScan() - queue empty; stopping scan
01-14 12:34:14.652 D/BtGatt.btif(14573): btif_gattc_scan
01-14 12:34:14.662 D/BtGatt.btif(14573): btgattc_handle_event: Event 1003
01-14 12:34:14.672 D/BtGatt.GattService(14573): unregisterClient() - clientIf=4
01-14 12:34:14.672 D/BtGatt.btif(14573): btif_gattc_unregister_app
01-14 12:34:14.682 D/BtGatt.btif(14573): btgattc_handle_event: Event 1001
01-14 12:34:14.682 D/BtGatt.btif(14573): btif_gattc_upstreams_evt: Event 1
01-14 12:34:14.692 I/System.out(20901): About to start new scanning
01-14 12:34:14.692 D/BluetoothAdapter(20901): startLeScan(): null
01-14 12:34:14.692 D/BtGatt.GattService(14573): registerClient() - UUID=d17de2d2-7ce3-4bd1-8120-f290b22d24d3
01-14 12:34:14.702 D/BtGatt.btif(14573): btif_gattc_register_app
01-14 12:34:14.702 D/BtGatt.btif(14573): btgattc_handle_event: Event 1000
01-14 12:34:14.702 D/BtGatt.btif(14573): btif_gattc_upstreams_evt: Event 0
01-14 12:34:14.702 D/BtGatt.GattService(14573): onClientRegistered() - UUID=d17de2d2-7ce3-4bd1-8120-f290b22d24d3, clientIf=4
01-14 12:34:14.702 D/BluetoothAdapter(20901): onClientRegistered() - status=0 clientIf=4
01-14 12:34:14.712 D/BtGatt.GattService(14573): startScan() - queue=0
01-14 12:34:14.712 D/BtGatt.GattService(14573): startScan() - adding client=4
01-14 12:34:14.712 D/BtGatt.btif(14573): btif_gattc_scan
01-14 12:34:14.712 D/BtGatt.btif(14573): btgattc_handle_event: Event 1002
01-14 12:34:14.712 I/System.out(20901): Started new scanning
01-14 12:34:14.712 I/System.out(20901): Values:0
01-14 12:34:15.633 I/System.out(20901): Values:0
01-14 12:34:16.644 I/System.out(20901): Values:0
01-14 12:34:17.635 I/System.out(20901): Values:0
01-14 12:34:18.646 I/System.out(20901): Values:0
01-14 12:34:19.637 I/System.out(20901): Values:0
01-14 12:34:20.648 I/System.out(20901): Values:0
01-14 12:34:21.649 I/System.out(20901): Values:0
01-14 12:34:22.650 I/System.out(20901): Values:0
01-14 12:34:23.651 I/System.out(20901): Values:0
01-14 12:34:24.662 I/System.out(20901): Values:0
01-14 12:34:24.662 D/BluetoothAdapter(20901): stopLeScan()
01-14 12:34:24.682 D/BtGatt.GattService(14573): stopScan() - queue=1
01-14 12:34:24.682 D/BtGatt.GattService(14573): stopScan() - queue empty; stopping scan
01-14 12:34:24.682 D/BtGatt.btif(14573): btif_gattc_scan
01-14 12:34:24.692 D/BtGatt.btif(14573): btgattc_handle_event: Event 1003
01-14 12:34:24.702 D/BtGatt.GattService(14573): unregisterClient() - clientIf=4
01-14 12:34:24.702 D/BtGatt.btif(14573): btif_gattc_unregister_app
01-14 12:34:24.712 D/BtGatt.btif(14573): btgattc_handle_event: Event 1001
01-14 12:34:24.712 D/BtGatt.btif(14573): btif_gattc_upstreams_evt: Event 1
01-14 12:34:24.722 I/System.out(20901): About to start new scanning
01-14 12:34:24.722 D/BluetoothAdapter(20901): startLeScan(): null
01-14 12:34:24.722 D/BtGatt.GattService(14573): registerClient() - UUID=106bddd1-e0b5-4f3d-8296-fb257e55fe20
01-14 12:34:24.732 D/BtGatt.btif(14573): btif_gattc_register_app
01-14 12:34:24.732 D/BtGatt.btif(14573): btgattc_handle_event: Event 1000
01-14 12:34:24.732 D/BtGatt.btif(14573): btif_gattc_upstreams_evt: Event 0
01-14 12:34:24.732 D/BtGatt.GattService(14573): onClientRegistered() - UUID=106bddd1-e0b5-4f3d-8296-fb257e55fe20, clientIf=4
01-14 12:34:24.732 D/BluetoothAdapter(20901): onClientRegistered() - status=0 clientIf=4
01-14 12:34:24.732 D/BtGatt.GattService(14573): startScan() - queue=0
01-14 12:34:24.742 D/BtGatt.GattService(14573): startScan() - adding client=4
01-14 12:34:24.742 D/BtGatt.btif(14573): btif_gattc_scan
01-14 12:34:24.742 D/BtGatt.btif(14573): btgattc_handle_event: Event 1002
01-14 12:34:24.742 I/System.out(20901): Started new scanning
01-14 12:34:25.663 I/System.out(20901): Values:0
01-14 12:34:26.654 I/System.out(20901): Values:0
01-14 12:34:27.655 I/System.out(20901): Values:0
01-14 12:34:28.656 I/System.out(20901): Values:0
01-14 12:34:29.657 I/System.out(20901): Values:0
01-14 12:34:30.668 I/System.out(20901): Values:0
01-14 12:34:31.669 I/System.out(20901): Values:0
01-14 12:34:32.670 I/System.out(20901): Values:0
01-14 12:34:33.671 I/System.out(20901): Values:0
01-14 12:34:34.682 I/System.out(20901): Values:0
01-14 12:34:34.682 D/BluetoothAdapter(20901): stopLeScan()
01-14 12:34:34.692 D/BtGatt.GattService(14573): stopScan() - queue=1
01-14 12:34:34.702 D/BtGatt.GattService(14573): stopScan() - queue empty; stopping scan
01-14 12:34:34.702 D/BtGatt.btif(14573): btif_gattc_scan
01-14 12:34:34.712 D/BtGatt.btif(14573): btgattc_handle_event: Event 1003
01-14 12:34:34.722 D/BtGatt.GattService(14573): unregisterClient() - clientIf=4
01-14 12:34:34.722 D/BtGatt.btif(14573): btif_gattc_unregister_app
01-14 12:34:34.732 D/BtGatt.btif(14573): btgattc_handle_event: Event 1001
01-14 12:34:34.732 D/BtGatt.btif(14573): btif_gattc_upstreams_evt: Event 1
01-14 12:34:34.742 I/System.out(20901): About to start new scanning
01-14 12:34:34.742 D/BluetoothAdapter(20901): startLeScan(): null
01-14 12:34:34.762 D/BtGatt.GattService(14573): registerClient() - UUID=37d33297-32e6-4a31-98de-7b89a8ca3cdd
01-14 12:34:34.762 D/BtGatt.btif(14573): btif_gattc_register_app
01-14 12:34:34.772 D/BtGatt.btif(14573): btgattc_handle_event: Event 1000
01-14 12:34:34.772 D/BtGatt.btif(14573): btif_gattc_upstreams_evt: Event 0
01-14 12:34:34.772 D/BtGatt.GattService(14573): onClientRegistered() - UUID=37d33297-32e6-4a31-98de-7b89a8ca3cdd, clientIf=4
01-14 12:34:34.772 D/BluetoothAdapter(20901): onClientRegistered() - status=0 clientIf=4
01-14 12:34:34.782 D/BtGatt.GattService(14573): startScan() - queue=0
01-14 12:34:34.782 D/BtGatt.GattService(14573): startScan() - adding client=4
01-14 12:34:34.782 D/BtGatt.btif(14573): btif_gattc_scan
01-14 12:34:34.782 D/BtGatt.btif(14573): btgattc_handle_event: Event 1002
01-14 12:34:34.782 I/System.out(20901): Started new scanning
01-14 12:34:35.683 I/System.out(20901): Values:0
01-14 12:34:36.684 I/System.out(20901): Values:0
01-14 12:34:37.674 I/System.out(20901): Values:0
01-14 12:34:38.685 I/System.out(20901): Values:0
01-14 12:34:39.686 I/System.out(20901): Values:0
01-14 12:34:40.687 I/System.out(20901): Values:0
01-14 12:34:41.688 I/System.out(20901): Values:0
01-14 12:34:42.689 I/System.out(20901): Values:0
01-14 12:34:43.690 I/System.out(20901): Values:0
01-14 12:34:44.691 I/System.out(20901): Values:0
01-14 12:34:44.701 D/BluetoothAdapter(20901): stopLeScan()
01-14 12:34:44.711 D/BtGatt.GattService(14573): stopScan() - queue=1
01-14 12:34:44.711 D/BtGatt.GattService(14573): stopScan() - queue empty; stopping scan
01-14 12:34:44.721 D/BtGatt.btif(14573): btif_gattc_scan
01-14 12:34:44.721 D/BtGatt.btif(14573): btgattc_handle_event: Event 1003
01-14 12:34:44.741 D/BtGatt.GattService(14573): unregisterClient() - clientIf=4
01-14 12:34:44.741 D/BtGatt.btif(14573): btif_gattc_unregister_app
01-14 12:34:44.741 D/BtGatt.btif(14573): btgattc_handle_event: Event 1001
01-14 12:34:44.751 D/BtGatt.btif(14573): btif_gattc_upstreams_evt: Event 1
01-14 12:34:44.751 I/System.out(20901): About to start new scanning
01-14 12:34:44.751 D/BluetoothAdapter(20901): startLeScan(): null
01-14 12:34:44.761 D/BtGatt.GattService(14573): registerClient() - UUID=6113ff8c-5e13-49c4-ada6-868410964ba2
01-14 12:34:44.761 D/BtGatt.btif(14573): btif_gattc_register_app
01-14 12:34:44.761 D/BtGatt.btif(14573): btgattc_handle_event: Event 1000
01-14 12:34:44.761 D/BtGatt.btif(14573): btif_gattc_upstreams_evt: Event 0
01-14 12:34:44.761 D/BtGatt.GattService(14573): onClientRegistered() - UUID=6113ff8c-5e13-49c4-ada6-868410964ba2, clientIf=4
01-14 12:34:44.771 D/BluetoothAdapter(20901): onClientRegistered() - status=0 clientIf=4
01-14 12:34:44.771 D/BtGatt.GattService(14573): startScan() - queue=0
01-14 12:34:44.771 D/BtGatt.GattService(14573): startScan() - adding client=4
01-14 12:34:44.771 D/BtGatt.btif(14573): btif_gattc_scan
01-14 12:34:44.771 D/BtGatt.btif(14573): btgattc_handle_event: Event 1002
01-14 12:34:44.781 I/System.out(20901): Started new scanning
01-14 12:34:45.702 I/System.out(20901): Values:0
01-14 12:34:46.703 I/System.out(20901): Values:0
01-14 12:34:47.704 I/System.out(20901): Values:0
01-14 12:34:48.705 I/System.out(20901): Values:0
01-14 12:34:49.706 I/System.out(20901): Values:0
01-14 12:34:50.707 I/System.out(20901): Values:0
01-14 12:34:51.718 I/System.out(20901): Values:0
01-14 12:34:52.719 I/System.out(20901): Values:0
01-14 12:34:53.720 I/System.out(20901): Values:0
01-14 12:34:54.721 I/System.out(20901): Values:0
01-14 12:34:54.731 D/BluetoothAdapter(20901): stopLeScan()
01-14 12:34:54.741 D/BtGatt.GattService(14573): stopScan() - queue=1
01-14 12:34:54.741 D/BtGatt.GattService(14573): stopScan() - queue empty; stopping scan
01-14 12:34:54.751 D/BtGatt.btif(14573): btif_gattc_scan
01-14 12:34:54.761 D/BtGatt.btif(14573): btgattc_handle_event: Event 1003
01-14 12:34:54.771 D/BtGatt.GattService(14573): unregisterClient() - clientIf=4
01-14 12:34:54.771 D/BtGatt.btif(14573): btif_gattc_unregister_app
01-14 12:34:54.781 D/BtGatt.btif(14573): btgattc_handle_event: Event 1001
01-14 12:34:54.781 D/BtGatt.btif(14573): btif_gattc_upstreams_evt: Event 1
01-14 12:34:54.781 I/System.out(20901): About to start new scanning
01-14 12:34:54.781 D/BluetoothAdapter(20901): startLeScan(): null
01-14 12:34:54.791 D/BtGatt.GattService(14573): registerClient() - UUID=b9377475-5bb4-4ba4-aa4a-9598a116686f
01-14 12:34:54.791 D/BtGatt.btif(14573): btif_gattc_register_app
01-14 12:34:54.791 D/BtGatt.btif(14573): btgattc_handle_event: Event 1000
01-14 12:34:54.791 D/BtGatt.btif(14573): btif_gattc_upstreams_evt: Event 0
01-14 12:34:54.791 D/BtGatt.GattService(14573): onClientRegistered() - UUID=b9377475-5bb4-4ba4-aa4a-9598a116686f, clientIf=4
01-14 12:34:54.801 D/BluetoothAdapter(20901): onClientRegistered() - status=0 clientIf=4
01-14 12:34:54.801 D/BtGatt.GattService(14573): startScan() - queue=0
01-14 12:34:54.801 D/BtGatt.GattService(14573): startScan() - adding client=4
01-14 12:34:54.801 D/BtGatt.btif(14573): btif_gattc_scan
01-14 12:34:54.801 D/BtGatt.btif(14573): btgattc_handle_event: Event 1002
01-14 12:34:54.801 I/System.out(20901): Started new scanning
01-14 12:34:55.732 I/System.out(20901): Values:0
01-14 12:34:56.723 I/System.out(20901): Values:0
01-14 12:34:57.724 I/System.out(20901): Values:0
01-14 12:34:58.725 I/System.out(20901): Values:0
01-14 12:34:59.736 I/System.out(20901): Values:0
01-14 12:35:00.727 I/System.out(20901): Values:0
01-14 12:35:01.728 I/System.out(20901): Values:0
01-14 12:35:02.729 I/System.out(20901): Values:0
01-14 12:35:03.740 I/System.out(20901): Values:0
01-14 12:35:04.741 I/System.out(20901): Values:0
01-14 12:35:04.741 D/BluetoothAdapter(20901): stopLeScan()
01-14 12:35:04.761 D/BtGatt.GattService(14573): stopScan() - queue=1
01-14 12:35:04.761 D/BtGatt.GattService(14573): stopScan() - queue empty; stopping scan
01-14 12:35:04.761 D/BtGatt.btif(14573): btif_gattc_scan
01-14 12:35:04.771 D/BtGatt.btif(14573): btgattc_handle_event: Event 1003
01-14 12:35:04.781 D/BtGatt.GattService(14573): unregisterClient() - clientIf=4
01-14 12:35:04.781 D/BtGatt.btif(14573): btif_gattc_unregister_app
01-14 12:35:04.791 D/BtGatt.btif(14573): btgattc_handle_event: Event 1001
01-14 12:35:04.801 D/BtGatt.btif(14573): btif_gattc_upstreams_evt: Event 1
01-14 12:35:04.801 I/System.out(20901): About to start new scanning
01-14 12:35:04.801 D/BluetoothAdapter(20901): startLeScan(): null
01-14 12:35:04.811 D/BtGatt.GattService(14573): registerClient() - UUID=11165249-e1ee-4353-b766-c9c390bb0216
01-14 12:35:04.811 D/BtGatt.btif(14573): btif_gattc_register_app
01-14 12:35:04.811 D/BtGatt.btif(14573): btgattc_handle_event: Event 1000
01-14 12:35:04.811 D/BtGatt.btif(14573): btif_gattc_upstreams_evt: Event 0
01-14 12:35:04.811 D/BtGatt.GattService(14573): onClientRegistered() - UUID=11165249-e1ee-4353-b766-c9c390bb0216, clientIf=4
01-14 12:35:04.811 D/BluetoothAdapter(20901): onClientRegistered() - status=0 clientIf=4
01-14 12:35:04.821 D/BtGatt.GattService(14573): startScan() - queue=0
01-14 12:35:04.821 D/BtGatt.GattService(14573): startScan() - adding client=4
01-14 12:35:04.821 D/BtGatt.btif(14573): btif_gattc_scan
01-14 12:35:04.821 D/BtGatt.btif(14573): btgattc_handle_event: Event 1002
01-14 12:35:04.821 I/System.out(20901): Started new scanning
01-14 12:35:05.742 I/System.out(20901): Values:0
01-14 12:35:06.743 I/System.out(20901): Values:0
01-14 12:35:07.744 I/System.out(20901): Values:0
01-14 12:35:08.745 I/System.out(20901): Values:0
01-14 12:35:09.746 I/System.out(20901): Values:0
01-14 12:35:10.747 I/System.out(20901): Values:0
01-14 12:35:11.748 I/System.out(20901): Values:0
01-14 12:35:12.759 I/System.out(20901): Values:0
01-14 12:35:13.760 I/System.out(20901): Values:0
01-14 12:35:14.771 D/BluetoothAdapter(20901): stopLeScan()
01-14 12:35:14.771 D/BtGatt.GattService(14573): stopScan() - queue=1
01-14 12:35:14.781 D/BtGatt.GattService(14573): stopScan() - queue empty; stopping scan
01-14 12:35:14.781 D/BtGatt.btif(14573): btif_gattc_scan
01-14 12:35:14.791 D/BtGatt.btif(14573): btgattc_handle_event: Event 1003
01-14 12:35:14.801 D/BtGatt.GattService(14573): unregisterClient() - clientIf=4
01-14 12:35:14.801 D/BtGatt.btif(14573): btif_gattc_unregister_app
01-14 12:35:14.811 D/BtGatt.btif(14573): btgattc_handle_event: Event 1001
01-14 12:35:14.811 D/BtGatt.btif(14573): btif_gattc_upstreams_evt: Event 1
01-14 12:35:14.821 I/System.out(20901): About to start new scanning
01-14 12:35:14.831 I/System.out(20901): Values:0
01-14 12:35:14.831 D/BluetoothAdapter(20901): startLeScan(): null
01-14 12:35:14.831 D/BtGatt.GattService(14573): registerClient() - UUID=c2b75866-6186-444e-9c94-af540edb5f03
01-14 12:35:14.841 D/BtGatt.btif(14573): btif_gattc_register_app
01-14 12:35:14.841 D/BtGatt.btif(14573): btgattc_handle_event: Event 1000
01-14 12:35:14.841 D/BtGatt.btif(14573): btif_gattc_upstreams_evt: Event 0
01-14 12:35:14.841 D/BtGatt.GattService(14573): onClientRegistered() - UUID=c2b75866-6186-444e-9c94-af540edb5f03, clientIf=4
01-14 12:35:14.841 D/BluetoothAdapter(20901): onClientRegistered() - status=0 clientIf=4
01-14 12:35:14.851 D/BtGatt.GattService(14573): startScan() - queue=0
01-14 12:35:14.851 D/BtGatt.GattService(14573): startScan() - adding client=4
01-14 12:35:14.851 D/BtGatt.btif(14573): btif_gattc_scan
01-14 12:35:14.851 D/BtGatt.btif(14573): btgattc_handle_event: Event 1002
01-14 12:35:14.851 I/System.out(20901): Started new scanning
01-14 12:35:15.772 I/System.out(20901): Values:0
01-14 12:35:16.773 I/System.out(20901): Values:0
01-14 12:35:17.764 I/System.out(20901): Values:0
01-14 12:35:18.765 I/System.out(20901): Values:0
01-14 12:35:18.825 D/dalvikvm(20901): GC_CONCURRENT freed 384K, 5% free 9093K/9516K, paused 5ms+2ms, total 48ms
01-14 12:35:19.766 I/System.out(20901): Values:0
01-14 12:35:20.777 I/System.out(20901): Values:0
01-14 12:35:21.778 I/System.out(20901): Values:0
01-14 12:35:22.778 I/System.out(20901): Values:0
01-14 12:35:23.779 I/System.out(20901): Values:0
01-14 12:35:24.790 I/System.out(20901): Values:0
01-14 12:35:24.790 D/BluetoothAdapter(20901): stopLeScan()
01-14 12:35:24.800 D/BtGatt.GattService(14573): stopScan() - queue=1
01-14 12:35:24.810 D/BtGatt.GattService(14573): stopScan() - queue empty; stopping scan
01-14 12:35:24.810 D/BtGatt.btif(14573): btif_gattc_scan
01-14 12:35:24.820 D/BtGatt.btif(14573): btgattc_handle_event: Event 1003
01-14 12:35:24.830 D/BtGatt.GattService(14573): unregisterClient() - clientIf=4
01-14 12:35:24.830 D/BtGatt.btif(14573): btif_gattc_unregister_app
01-14 12:35:24.840 D/BtGatt.btif(14573): btgattc_handle_event: Event 1001
01-14 12:35:24.840 D/BtGatt.btif(14573): btif_gattc_upstreams_evt: Event 1
01-14 12:35:24.851 I/System.out(20901): About to start new scanning
01-14 12:35:24.851 D/BluetoothAdapter(20901): startLeScan(): null
01-14 12:35:24.861 D/BtGatt.GattService(14573): registerClient() - UUID=5e2561f2-4abd-4384-8ef2-3d327c8d2028
01-14 12:35:24.861 D/BtGatt.btif(14573): btif_gattc_register_app
01-14 12:35:24.871 D/BtGatt.btif(14573): btgattc_handle_event: Event 1000
01-14 12:35:24.871 D/BtGatt.btif(14573): btif_gattc_upstreams_evt: Event 0
01-14 12:35:24.871 D/BtGatt.GattService(14573): onClientRegistered() - UUID=5e2561f2-4abd-4384-8ef2-3d327c8d2028, clientIf=4
01-14 12:35:24.871 D/BluetoothAdapter(20901): onClientRegistered() - status=0 clientIf=4
01-14 12:35:24.871 D/BtGatt.GattService(14573): startScan() - queue=0
01-14 12:35:24.871 D/BtGatt.GattService(14573): startScan() - adding client=4
01-14 12:35:24.881 D/BtGatt.btif(14573): btif_gattc_scan
01-14 12:35:24.881 D/BtGatt.btif(14573): btgattc_handle_event: Event 1002
01-14 12:35:24.881 I/System.out(20901): Started new scanning
01-14 12:35:25.791 I/System.out(20901): Values:0
01-14 12:35:26.792 I/System.out(20901): Values:0
01-14 12:35:27.783 I/System.out(20901): Values:0
01-14 12:35:28.784 I/System.out(20901): Values:0
01-14 12:35:29.795 I/System.out(20901): Values:0
01-14 12:35:30.796 I/System.out(20901): Values:0
01-14 12:35:31.797 I/System.out(20901): Values:0
01-14 12:35:32.798 I/System.out(20901): Values:0
