--------- beginning of /dev/log/main
01-13 18:06:09.447 D/AndroidRuntime(15866): 
01-13 18:06:09.447 D/AndroidRuntime(15866): >>>>>> AndroidRuntime START com.android.internal.os.RuntimeInit <<<<<<
01-13 18:06:09.447 D/AndroidRuntime(15866): CheckJNI is OFF
01-13 18:06:09.457 D/dalvikvm(15866): Trying to load lib libjavacore.so 0x0
01-13 18:06:09.467 D/dalvikvm(15866): Added shared lib libjavacore.so 0x0
01-13 18:06:09.477 D/dalvikvm(15866): Trying to load lib libnativehelper.so 0x0
01-13 18:06:09.477 D/dalvikvm(15866): Added shared lib libnativehelper.so 0x0
01-13 18:06:09.597 D/AndroidRuntime(15866): Calling main entry com.android.commands.pm.Pm
--------- beginning of /dev/log/system
01-13 18:06:09.617 I/ActivityManager(  523): Start proc com.android.defcontainer for service com.android.defcontainer/.DefaultContainerService: pid=15876 uid=10013 gids={50013, 1015, 1023, 2001, 1028}
01-13 18:06:09.647 W/ActivityManager(  523): No content provider found for permission revoke: file:///data/local/tmp/EnergyMeasurementBluetooth.apk
01-13 18:06:09.657 I/ActivityManager(  523): Start proc com.android.vending for broadcast com.android.vending/com.google.android.vending.verifier.PackageVerificationReceiver: pid=15889 uid=10049 gids={50049, 3003, 1015, 1028}
01-13 18:06:09.737 D/Finsky  (15889): [1] FinskyApp.onCreate: Initializing network with DFE https://android.clients.google.com/fdfe/
01-13 18:06:09.767 D/Finsky  (15889): [1] DailyHygiene.goMakeHygieneIfDirty: Dirty, need more hygiene.
01-13 18:06:09.777 D/dalvikvm(15889): GC_CONCURRENT freed 259K, 4% free 9067K/9364K, paused 2ms+2ms, total 25ms
01-13 18:06:09.797 W/Settings(15889): Setting download_manager_max_bytes_over_mobile has moved from android.provider.Settings.Secure to android.provider.Settings.Global.
01-13 18:06:09.797 W/Settings(15889): Setting download_manager_recommended_max_bytes_over_mobile has moved from android.provider.Settings.Secure to android.provider.Settings.Global.
01-13 18:06:09.807 W/Finsky  (15889): [1] FinskyApp.getCurrentAccount: No account configured on this device.
01-13 18:06:09.807 W/Finsky  (15889): [1] FinskyApp.getDfeApi: No account configured on this device.
01-13 18:06:09.817 D/Finsky  (15889): [1] PackageVerificationReceiver.checkPrerequisites: Skipping verification because network inactive
01-13 18:06:09.817 D/Finsky  (15889): [1] PackageVerificationReceiver.checkPrerequisites: Skipping verification because network inactive
01-13 18:06:09.827 W/ActivityManager(  523): No content provider found for permission revoke: file:///data/local/tmp/EnergyMeasurementBluetooth.apk
01-13 18:06:09.827 I/PackageManager(  523): Copying native libraries to /data/app-lib/vmdl-1560711907
01-13 18:06:09.827 W/PackageManager(  523): Invalid verification token 5 received
01-13 18:06:09.837 D/Finsky  (15889): [1] GmsCoreHelper.cleanupNlp: result=false type=4
01-13 18:06:09.867 I/ActivityManager(  523): Force stopping package uk.ac.st_andrews.cs.host.mk74.energymeasurement.bluetooth appid=10091 user=-1
01-13 18:06:09.967 I/PackageManager(  523): Running dexopt on: uk.ac.st_andrews.cs.host.mk74.energymeasurement.bluetooth
01-13 18:06:09.967 I/PackageManager(  523): Package uk.ac.st_andrews.cs.host.mk74.energymeasurement.bluetooth codePath changed from /data/app/uk.ac.st_andrews.cs.host.mk74.energymeasurement.bluetooth-1.apk to /data/app/uk.ac.st_andrews.cs.host.mk74.energymeasurement.bluetooth-2.apk; Retaining data and using new
01-13 18:06:10.227 D/dalvikvm(15921): DexOpt: load 43ms, verify+opt 162ms, 957076 bytes
01-13 18:06:10.277 W/PackageManager(  523): Code path for pkg : uk.ac.st_andrews.cs.host.mk74.energymeasurement.bluetooth changing from /data/app/uk.ac.st_andrews.cs.host.mk74.energymeasurement.bluetooth-1.apk to /data/app/uk.ac.st_andrews.cs.host.mk74.energymeasurement.bluetooth-2.apk
01-13 18:06:10.277 I/ActivityManager(  523): Force stopping package uk.ac.st_andrews.cs.host.mk74.energymeasurement.bluetooth appid=10091 user=-1
01-13 18:06:10.277 W/PackageManager(  523): Resource path for pkg : uk.ac.st_andrews.cs.host.mk74.energymeasurement.bluetooth changing from /data/app/uk.ac.st_andrews.cs.host.mk74.energymeasurement.bluetooth-1.apk to /data/app/uk.ac.st_andrews.cs.host.mk74.energymeasurement.bluetooth-2.apk
01-13 18:06:10.428 I/ActivityManager(  523): Force stopping package uk.ac.st_andrews.cs.host.mk74.energymeasurement.bluetooth appid=10091 user=0
01-13 18:06:10.438 W/ActivityManager(  523): Skipping broadcast of Intent { act=android.intent.action.PACKAGE_REMOVED dat=package:uk.ac.st_andrews.cs.host.mk74.energymeasurement.bluetooth flg=0x8000010 (has extras) }: user 10 is stopped
01-13 18:06:10.448 I/InputReader(  523): Reconfiguring input devices.  changes=0x00000010
01-13 18:06:10.448 I/ActivityManager(  523): Start proc android.process.acore for broadcast com.android.providers.contacts/.PackageIntentReceiver: pid=15923 uid=10000 gids={50000, 3003, 1015, 1028}
01-13 18:06:10.468 I/InputReader(  523): Reconfiguring input devices.  changes=0x00000010
01-13 18:06:10.478 W/ActivityManager(  523): Skipping broadcast of Intent { act=android.intent.action.PACKAGE_ADDED dat=package:uk.ac.st_andrews.cs.host.mk74.energymeasurement.bluetooth flg=0x8000010 (has extras) }: user 10 is stopped
01-13 18:06:10.488 D/dalvikvm(  771): GC_CONCURRENT freed 535K, 6% free 9145K/9716K, paused 3ms+2ms, total 30ms
01-13 18:06:10.508 W/ActivityManager(  523): Skipping broadcast of Intent { act=android.intent.action.PACKAGE_REPLACED dat=package:uk.ac.st_andrews.cs.host.mk74.energymeasurement.bluetooth flg=0x8000010 (has extras) }: user 10 is stopped
01-13 18:06:10.528 W/ActivityManager(  523): Skipping broadcast of Intent { act=android.intent.action.MY_PACKAGE_REPLACED flg=0x8000010 pkg=uk.ac.st_andrews.cs.host.mk74.energymeasurement.bluetooth (has extras) }: user 10 is stopped
01-13 18:06:10.578 D/BackupManagerService(  523): Received broadcast Intent { act=android.intent.action.PACKAGE_REMOVED dat=package:uk.ac.st_andrews.cs.host.mk74.energymeasurement.bluetooth flg=0x8000010 (has extras) }
01-13 18:06:10.598 D/dalvikvm(15923): GC_CONCURRENT freed 192K, 3% free 9089K/9320K, paused 3ms+2ms, total 19ms
01-13 18:06:10.608 D/BackupManagerService(  523): Received broadcast Intent { act=android.intent.action.PACKAGE_ADDED dat=package:uk.ac.st_andrews.cs.host.mk74.energymeasurement.bluetooth flg=0x8000010 (has extras) }
01-13 18:06:10.608 D/dalvikvm(  523): GC_EXPLICIT freed 1224K, 15% free 18235K/21384K, paused 3ms+9ms, total 80ms
01-13 18:06:10.608 V/BackupManagerService(  523): removePackageParticipantsLocked: uid=10091 #1
01-13 18:06:10.608 V/BackupManagerService(  523): addPackageParticipantsLocked: #1
01-13 18:06:10.628 D/AndroidRuntime(15866): Shutting down VM
01-13 18:06:10.628 D/jdwp    (15866): Got wake-up signal, bailing out of select
01-13 18:06:10.628 D/dalvikvm(15866): Debugger has detached; object registry had 1 entries
01-13 18:06:10.628 I/ActivityManager(  523): Start proc com.android.keychain for broadcast com.android.keychain/.KeyChainBroadcastReceiver: pid=15948 uid=1000 gids={41000, 1015, 1028, 3002, 3001, 3003, 3007}
01-13 18:06:10.648 W/ContextImpl(15948): Calling a method in the system process without a qualified user: android.app.ContextImpl.startService:1385 android.content.ContextWrapper.startService:473 android.content.ContextWrapper.startService:473 com.android.keychain.KeyChainBroadcastReceiver.onReceive:12 android.app.ActivityThread.handleReceiver:2424 
01-13 18:06:10.658 I/ActivityManager(  523): Start proc com.android.musicfx for broadcast com.android.musicfx/.Compatibility$Receiver: pid=15961 uid=10042 gids={50042, 3003, 3002, 1028}
01-13 18:06:10.708 I/ContactLocale(15923): AddressBook Labels [en_US]: [, A, B, C, D, E, F, G, H, I, J, K, L, M, N, O, P, Q, R, S, T, U, V, W, X, Y, Z, Α, Β, Γ, Δ, Ε, Ζ, Η, Θ, Ι, Κ, Λ, Μ, Ν, Ξ, Ο, Π, Ρ, Σ, Τ, Υ, Φ, Χ, Ψ, Ω, , А, Б, В, Г, Д, Е, Є, Ж, З, И, І, Ї, Й, К, Л, М, Н, О, П, Р, С, Т, У, Ф, Х, Ц, Ч, Ш, Щ, Ю, Я, , א, ב, ג, ד, ה, ו, ז, ח, ט, י, כ, ל, מ, נ, ס, ע, פ, צ, ק, ר, ש, ת, , ا, ب, ت, ث, ج, ح, خ, د, ذ, ر, ز, س, ش, ص, ض, ط, ظ, ع, غ, ف, ق, ك, ل, م, ن, ه, و, ي, , ก, ข, ฃ, ค, ฅ, ฆ, ง, จ, ฉ, ช, ซ, ฌ, ญ, ฎ, ฏ, ฐ, ฑ, ฒ, ณ, ด, ต, ถ, ท, ธ, น, บ, ป, ผ, ฝ, พ, ฟ, ภ, ม, ย, ร, ฤ, ล, ฦ, ว, ศ, ษ, ส, ห, ฬ, อ, ฮ, , ㄱ, ㄴ, ㄷ, ㄹ, ㅁ, ㅂ, ㅅ, ㅇ, ㅈ, ㅊ, ㅋ, ㅌ, ㅍ, ㅎ, , あ, か, さ, た, な, は, ま, や, ら, わ, #, ]
01-13 18:06:10.708 I/ActivityManager(  523): Start proc com.google.android.gms for broadcast com.google.android.gms/.games.receiver.GamesSystemBroadcastReceiver: pid=15976 uid=10021 gids={50021, 3003, 1007, 1028, 1015, 1006, 2001, 3006}
01-13 18:06:10.788 I/ActivityManager(  523): Start proc com.google.android.googlequicksearchbox for broadcast com.google.android.googlequicksearchbox/com.google.android.apps.sidekick.GmmLocationProviderImpl$GmmPackageWatcher: pid=15996 uid=10057 gids={50057, 3003, 1028, 3002, 1015}
01-13 18:06:10.818 D/dalvikvm(15976): GC_CONCURRENT freed 276K, 4% free 9010K/9324K, paused 3ms+2ms, total 26ms
01-13 18:06:10.848 I/ActivityManager(  523): Start proc com.google.android.partnersetup for content provider com.google.android.partnersetup/.RlzAppProvider: pid=16019 uid=10026 gids={50026, 3003, 1028}
01-13 18:06:10.868 D/dalvikvm(15976): No JNI_OnLoad found in /system/lib/libAppDataSearch.so 0x426df308, skipping init
01-13 18:06:10.868 D/dalvikvm(  178): GC_EXPLICIT freed 40K, 1% free 8863K/8944K, paused 2ms+2ms, total 20ms
01-13 18:06:10.878 D/Icing   (15976): Init last flush num docs 53 last docstore size 14336
01-13 18:06:10.878 D/Icing   (15976): Docid map file has data, scanning...
01-13 18:06:10.878 D/Icing   (15976): Scanning /data/data/com.google.android.gms/files/AppDataSearch/main/cur/ds.docids found 234 documents, last docstore location 63744
01-13 18:06:10.878 D/Icing   (15976): File /data/data/com.google.android.gms/files/AppDataSearch/main/cur/ds.perdocdata contains 234 records of size 6
01-13 18:06:10.888 D/dalvikvm(  178): GC_EXPLICIT freed <1K, 1% free 8863K/8944K, paused 1ms+2ms, total 17ms
01-13 18:06:10.898 D/dalvikvm(  178): GC_EXPLICIT freed <1K, 1% free 8863K/8944K, paused 1ms+1ms, total 16ms
01-13 18:06:10.908 D/dalvikvm(15996): GC_CONCURRENT freed 253K, 4% free 9123K/9412K, paused 2ms+2ms, total 28ms
01-13 18:06:10.908 D/dalvikvm(15996): WAIT_FOR_CONCURRENT_GC blocked 11ms
01-13 18:06:10.908 D/dalvikvm(15996): WAIT_FOR_CONCURRENT_GC blocked 11ms
01-13 18:06:10.908 D/dalvikvm(15996): WAIT_FOR_CONCURRENT_GC blocked 10ms
01-13 18:06:10.908 D/dalvikvm(15996): WAIT_FOR_CONCURRENT_GC blocked 10ms
01-13 18:06:10.908 D/dalvikvm(15996): WAIT_FOR_CONCURRENT_GC blocked 10ms
01-13 18:06:10.918 W/GAV2    (15996): Thread[main,5,main]: Need to call initialize() and be in fallback mode to start dispatch.
01-13 18:06:10.988 I/PeopleDatabaseHelper(15976): cleanUpNonGplusAccounts done.
01-13 18:06:11.008 D/dalvikvm(15976): GC_CONCURRENT freed 264K, 4% free 9144K/9448K, paused 3ms+2ms, total 17ms
01-13 18:06:11.018 D/Icing   (15976): Corpus scoring data inited successfully num corpora 1
01-13 18:06:11.018 D/Icing   (15976): Init docstore ok num docs 234 bytes 64000
01-13 18:06:11.028 V/Icing   (15976): Lite index crc computed in 0.092ms
01-13 18:06:11.028 V/Icing   (15976): Lite index init ok in 1.465ms
01-13 18:06:11.028 D/Icing   (15976): Lite index recovered docid (52, 233]
01-13 18:06:11.028 V/Icing   (15976): Warming lite-index took 0.000ms
01-13 18:06:11.028 V/Icing   (15976): Warming lexicon took 0.000ms
01-13 18:06:11.028 V/Icing   (15976): Warming display mappings took 0.000ms
01-13 18:06:11.028 D/Icing   (15976): Init index ok num docs 234
01-13 18:06:11.028 D/Icing   (15976): Init done
01-13 18:06:11.048 I/ActivityManager(  523): Start proc com.google.android.talk for broadcast com.google.android.talk/com.google.android.apps.babel.phone.PackageReplacedReceiver: pid=16073 uid=10030 gids={50030, 3003, 1015, 1006, 3002, 1028}
01-13 18:06:11.108 W/Settings(16073): Setting airplane_mode_on has moved from android.provider.Settings.System to android.provider.Settings.Global, returning read-only value.
01-13 18:06:11.108 I/Icing   (15976): 0 corpora need re-polling
01-13 18:06:11.118 D/dalvikvm(16073): GC_CONCURRENT freed 320K, 4% free 9056K/9412K, paused 2ms+2ms, total 19ms
01-13 18:06:11.118 D/dalvikvm(16073): WAIT_FOR_CONCURRENT_GC blocked 9ms
01-13 18:06:11.118 D/dalvikvm(16073): WAIT_FOR_CONCURRENT_GC blocked 9ms
01-13 18:06:11.118 D/dalvikvm(16073): WAIT_FOR_CONCURRENT_GC blocked 11ms
01-13 18:06:11.148 D/AndroidRuntime(16056): 
01-13 18:06:11.148 D/AndroidRuntime(16056): >>>>>> AndroidRuntime START com.android.internal.os.RuntimeInit <<<<<<
01-13 18:06:11.148 D/AndroidRuntime(16056): CheckJNI is OFF
01-13 18:06:11.158 D/dalvikvm(16056): Trying to load lib libjavacore.so 0x0
01-13 18:06:11.158 D/dalvikvm(16056): Added shared lib libjavacore.so 0x0
01-13 18:06:11.168 D/dalvikvm(16056): Trying to load lib libnativehelper.so 0x0
01-13 18:06:11.168 D/dalvikvm(16056): Added shared lib libnativehelper.so 0x0
01-13 18:06:11.208 I/GCoreUlr(  714): Ensuring that reporting is stopped because of reasons: (no Google accounts)
01-13 18:06:11.208 D/GCoreFlp(  714): Unknown pending intent to remove.
01-13 18:06:11.208 I/GCoreUlr(  714): Unbound from all location providers
01-13 18:06:11.208 D/dalvikvm(15996): GC_CONCURRENT freed 268K, 4% free 9281K/9588K, paused 5ms+8ms, total 42ms
01-13 18:06:11.218 W/GAV2    (15996): Thread[Thread-340,5,main]: dispatch call queued.  Need to call GAServiceManager.getInstance().initialize().
01-13 18:06:11.228 I/Recovery(15976): Received: Intent { act=com.google.android.gms.INITIALIZE flg=0x10 pkg=com.google.android.gms cmp=com.google.android.gms/.recovery.AccountRecoveryBackgroundService$Receiver }
01-13 18:06:11.228 D/dalvikvm(  714): GC_CONCURRENT freed 446K, 9% free 9862K/10828K, paused 1ms+2ms, total 51ms
01-13 18:06:11.228 D/dalvikvm(  714): WAIT_FOR_CONCURRENT_GC blocked 20ms
01-13 18:06:11.238 I/ActivityManager(  523): Start proc com.google.android.gsf.login for service com.google.android.gms/.recovery.AccountRecoveryBackgroundService: pid=16135 uid=10021 gids={50021, 3003, 1007, 1028, 1015, 1006, 2001, 3006}
01-13 18:06:11.258 D/GCM     (  808): GcmService start Intent { act=com.google.android.gms.INITIALIZE flg=0x10 pkg=com.google.android.gms cmp=com.google.android.gms/.gcm.GcmService } com.google.android.gms.INITIALIZE
01-13 18:06:11.288 I/Recovery(15976): Received: Intent { act=com.google.android.gms.INITIALIZE flg=0x10 pkg=com.google.android.gms cmp=com.google.android.gms/.recovery.AccountRecoveryBackgroundService$Receiver }
01-13 18:06:11.288 D/GCM     (  808): GcmService start Intent { act=com.google.android.gms.INITIALIZE flg=0x10 pkg=com.google.android.gms cmp=com.google.android.gms/.gcm.GcmService } com.google.android.gms.INITIALIZE
01-13 18:06:11.288 D/AndroidRuntime(16056): Calling main entry com.android.commands.am.Am
01-13 18:06:11.288 D/dalvikvm(16056): Note: class Landroid/app/ActivityManagerNative; has 163 unimplemented (abstract) methods
01-13 18:06:11.298 I/ActivityManager(  523): START u0 {act=android.intent.action.MAIN cat=[android.intent.category.LAUNCHER] flg=0x10000000 cmp=uk.ac.st_andrews.cs.host.mk74.energymeasurement.bluetooth/.MainActivity} from pid 16056
01-13 18:06:11.369 D/dalvikvm(  523): GC_FOR_ALLOC freed 2156K, 22% free 16887K/21384K, paused 65ms, total 65ms
01-13 18:06:11.369 D/AndroidRuntime(16056): Shutting down VM
01-13 18:06:11.369 D/jdwp    (16056): Got wake-up signal, bailing out of select
01-13 18:06:11.369 D/dalvikvm(16056): Debugger has detached; object registry had 1 entries
01-13 18:06:11.379 D/dalvikvm(16153): Late-enabling CheckJNI
01-13 18:06:11.379 I/ActivityManager(  523): Start proc uk.ac.st_andrews.cs.host.mk74.energymeasurement.bluetooth for activity uk.ac.st_andrews.cs.host.mk74.energymeasurement.bluetooth/.MainActivity: pid=16153 uid=10091 gids={50091, 3002, 3001, 1028}
01-13 18:06:11.399 E/jdwp    (16153): Failed sending reply to debugger: Broken pipe
01-13 18:06:11.399 D/dalvikvm(16153): Debugger has detached; object registry had 1 entries
01-13 18:06:11.429 D/BluetoothManagerService(  523): Message: 20
01-13 18:06:11.429 D/BluetoothManagerService(  523): Added callback: android.bluetooth.IBluetoothManagerCallback$Stub$Proxy@426e9688:true
01-13 18:06:11.429 W/bt-btif (14573): bta_dm_check_av:0
01-13 18:06:11.439 I/BluetoothAdapterProperties(14573): Callback:discoveryStateChangeCallback with state:1
01-13 18:06:11.439 V/BluetoothDiscoveryReceiver(14542): Received: android.bluetooth.adapter.action.DISCOVERY_STARTED
01-13 18:06:11.479 D/dalvikvm(  808): GC_EXPLICIT freed 158K, 7% free 9627K/10244K, paused 2ms+4ms, total 25ms
01-13 18:06:11.489 D/libEGL  (16153): loaded /system/lib/egl/libEGL_adreno200.so
01-13 18:06:11.489 D/libEGL  (16153): loaded /system/lib/egl/libGLESv1_CM_adreno200.so
01-13 18:06:11.489 D/libEGL  (16153): loaded /system/lib/egl/libGLESv2_adreno200.so
01-13 18:06:11.489 I/Adreno200-EGL(16153): <qeglDrvAPI_eglInitialize:265>: EGL 1.4 QUALCOMM Build: Iabe52cfaeae4c5fab1acacfe6f056ba15fa93274
01-13 18:06:11.529 D/OpenGLRenderer(16153): Enabling debug mode 0
01-13 18:06:11.589 I/ActivityManager(  523): Displayed uk.ac.st_andrews.cs.host.mk74.energymeasurement.bluetooth/.MainActivity: +221ms
01-13 18:06:11.589 D/dalvikvm(15923): GC_CONCURRENT freed 195K, 3% free 9356K/9588K, paused 2ms+1ms, total 18ms
01-13 18:06:11.629 D/dalvikvm(16073): GC_CONCURRENT freed 388K, 5% free 9063K/9488K, paused 1ms+2ms, total 14ms
01-13 18:06:12.410 W/ActivityManager(  523): Permission denied: checkComponentPermission() owningUid=10057
01-13 18:06:12.410 W/ActivityManager(  523): Permission denied: checkComponentPermission() owningUid=10057
01-13 18:06:12.440 I/System.out(16153): Values:0
01-13 18:06:12.460 D/dalvikvm(15976): GC_CONCURRENT freed 317K, 4% free 9214K/9568K, paused 11ms+9ms, total 49ms
01-13 18:06:12.480 W/ActivityManager(  523): Permission denied: checkComponentPermission() owningUid=10057
01-13 18:06:12.480 W/ActivityManager(  523): Permission denied: checkComponentPermission() owningUid=10057
01-13 18:06:12.490 W/ActivityManager(  523): Permission denied: checkComponentPermission() owningUid=10057
01-13 18:06:12.490 W/ActivityManager(  523): Permission denied: checkComponentPermission() owningUid=10057
01-13 18:06:12.500 W/ActivityManager(  523): Permission denied: checkComponentPermission() owningUid=10057
01-13 18:06:12.500 W/ActivityManager(  523): Permission denied: checkComponentPermission() owningUid=10057
01-13 18:06:12.520 W/ActivityManager(  523): Permission denied: checkComponentPermission() owningUid=10057
01-13 18:06:12.520 W/ActivityManager(  523): Permission denied: checkComponentPermission() owningUid=10057
01-13 18:06:12.530 W/ActivityManager(  523): Permission denied: checkComponentPermission() owningUid=10057
01-13 18:06:12.530 W/ActivityManager(  523): Permission denied: checkComponentPermission() owningUid=10057
01-13 18:06:13.441 I/System.out(16153): Values:0
01-13 18:06:14.442 I/System.out(16153): Values:1
01-13 18:06:15.443 I/System.out(16153): Values:1
01-13 18:06:15.923 W/ActivityManager(  523): Unable to start service Intent { act=com.google.android.gms.analytics.service.START (has extras) } U=0: not found
01-13 18:06:15.933 W/GAV2    (15996): Thread[GAThread,5,main]: Service unavailable (code=1), will retry.
01-13 18:06:15.933 I/GAV2    (15996): Thread[GAThread,5,main]: No campaign data found.
01-13 18:06:16.443 I/System.out(16153): Values:1
01-13 18:06:17.444 I/System.out(16153): Values:1
01-13 18:06:18.445 I/System.out(16153): Values:1
01-13 18:06:19.436 I/System.out(16153): Values:1
01-13 18:06:20.177 D/dalvikvm(16153): Debugger has detached; object registry had 1 entries
01-13 18:06:20.267 D/PicasaSyncManager(15420): battery info: false
01-13 18:06:20.277 D/PicasaUploaderSyncManager(15453): battery info: false
01-13 18:06:20.437 I/System.out(16153): Values:1
01-13 18:06:20.928 W/ActivityManager(  523): Unable to start service Intent { act=com.google.android.gms.analytics.service.START (has extras) } U=0: not found
01-13 18:06:20.938 W/GAV2    (15996): Thread[Service Reconnect,5,main]: Service unavailable (code=1), using local store.
01-13 18:06:21.218 I/ActivityManager(  523): No longer want com.google.android.youtube (pid 15515): empty #17
01-13 18:06:21.438 I/System.out(16153): Values:1
01-13 18:06:22.439 I/System.out(16153): Values:1
01-13 18:06:23.440 I/System.out(16153): Values:1
01-13 18:06:24.261 I/BluetoothAdapterProperties(14573): Callback:discoveryStateChangeCallback with state:0
01-13 18:06:24.281 W/bt-btif (14573): bta_dm_check_av:0
01-13 18:06:24.291 I/BluetoothAdapterProperties(14573): Callback:discoveryStateChangeCallback with state:1
01-13 18:06:24.291 V/BluetoothDiscoveryReceiver(14542): Received: android.bluetooth.adapter.action.DISCOVERY_FINISHED
01-13 18:06:24.321 V/BluetoothDiscoveryReceiver(14542): Received: android.bluetooth.adapter.action.DISCOVERY_STARTED
01-13 18:06:24.441 I/System.out(16153): Values:0
01-13 18:06:25.442 I/System.out(16153): Values:1
01-13 18:06:26.053 D/dalvikvm(15889): GC_CONCURRENT freed 247K, 4% free 9229K/9516K, paused 4ms+4ms, total 30ms
01-13 18:06:26.143 D/Finsky  (15889): [1] 5.onFinished: Installation state replication succeeded.
01-13 18:06:26.453 I/System.out(16153): Values:1
01-13 18:06:27.444 I/System.out(16153): Values:1
01-13 18:06:28.445 I/System.out(16153): Values:1
01-13 18:06:29.446 I/System.out(16153): Values:1
01-13 18:06:30.447 I/System.out(16153): Values:1
01-13 18:06:31.448 I/System.out(16153): Values:1
01-13 18:06:32.449 I/System.out(16153): Values:1
01-13 18:06:33.450 I/System.out(16153): Values:1
01-13 18:06:34.451 I/System.out(16153): Values:1
01-13 18:06:35.452 I/System.out(16153): Values:1
01-13 18:06:36.463 I/System.out(16153): Values:1
01-13 18:06:37.114 I/BluetoothAdapterProperties(14573): Callback:discoveryStateChangeCallback with state:0
01-13 18:06:37.114 V/BluetoothDiscoveryReceiver(14542): Received: android.bluetooth.adapter.action.DISCOVERY_FINISHED
01-13 18:06:37.114 W/bt-btif (14573): bta_dm_check_av:0
01-13 18:06:37.124 I/BluetoothAdapterProperties(14573): Callback:discoveryStateChangeCallback with state:1
01-13 18:06:37.154 D/dalvikvm(14542): GC_FOR_ALLOC freed 350K, 6% free 8976K/9532K, paused 24ms, total 25ms
01-13 18:06:37.184 V/BluetoothDiscoveryReceiver(14542): Received: android.bluetooth.adapter.action.DISCOVERY_STARTED
01-13 18:06:37.454 I/System.out(16153): Values:0
01-13 18:06:38.465 I/System.out(16153): Values:0
01-13 18:06:39.466 I/System.out(16153): Values:0
01-13 18:06:40.457 I/System.out(16153): Values:1
01-13 18:06:41.458 I/System.out(16153): Values:1
01-13 18:06:42.459 I/System.out(16153): Values:1
01-13 18:06:43.460 I/System.out(16153): Values:1
01-13 18:06:44.461 I/System.out(16153): Values:1
01-13 18:06:45.462 I/System.out(16153): Values:1
01-13 18:06:46.463 I/System.out(16153): Values:1
01-13 18:06:47.464 I/System.out(16153): Values:1
01-13 18:06:48.465 I/System.out(16153): Values:1
01-13 18:06:49.476 I/System.out(16153): Values:1
01-13 18:06:49.956 I/BluetoothAdapterProperties(14573): Callback:discoveryStateChangeCallback with state:0
01-13 18:06:49.966 V/BluetoothDiscoveryReceiver(14542): Received: android.bluetooth.adapter.action.DISCOVERY_FINISHED
01-13 18:06:49.976 W/bt-btif (14573): bta_dm_check_av:0
01-13 18:06:49.986 I/BluetoothAdapterProperties(14573): Callback:discoveryStateChangeCallback with state:1
01-13 18:06:50.006 V/BluetoothDiscoveryReceiver(14542): Received: android.bluetooth.adapter.action.DISCOVERY_STARTED
01-13 18:06:50.467 I/System.out(16153): Values:1
01-13 18:06:51.478 I/System.out(16153): Values:1
01-13 18:06:52.479 I/System.out(16153): Values:1
01-13 18:06:53.480 I/System.out(16153): Values:1
01-13 18:06:54.481 I/System.out(16153): Values:1
01-13 18:06:55.482 I/System.out(16153): Values:1
01-13 18:06:56.483 I/System.out(16153): Values:1
01-13 18:06:57.474 I/System.out(16153): Values:1
01-13 18:06:58.474 I/System.out(16153): Values:1
01-13 18:06:59.475 I/System.out(16153): Values:1
01-13 18:07:00.466 I/System.out(16153): Values:1
01-13 18:07:01.477 I/System.out(16153): Values:1
01-13 18:07:02.488 I/System.out(16153): Values:1
01-13 18:07:02.819 I/BluetoothAdapterProperties(14573): Callback:discoveryStateChangeCallback with state:0
01-13 18:07:02.839 W/bt-btif (14573): bta_dm_check_av:0
01-13 18:07:02.839 V/BluetoothDiscoveryReceiver(14542): Received: android.bluetooth.adapter.action.DISCOVERY_FINISHED
01-13 18:07:02.859 I/BluetoothAdapterProperties(14573): Callback:discoveryStateChangeCallback with state:1
01-13 18:07:02.869 V/BluetoothDiscoveryReceiver(14542): Received: android.bluetooth.adapter.action.DISCOVERY_STARTED
01-13 18:07:03.489 I/System.out(16153): Values:0
01-13 18:07:04.490 I/System.out(16153): Values:0
01-13 18:07:05.491 I/System.out(16153): Values:0
01-13 18:07:06.492 I/System.out(16153): Values:1
01-13 18:07:07.493 I/System.out(16153): Values:1
01-13 18:07:08.494 I/System.out(16153): Values:1
01-13 18:07:09.495 I/System.out(16153): Values:1
01-13 18:07:10.496 I/System.out(16153): Values:1
01-13 18:07:11.487 I/System.out(16153): Values:1
01-13 18:07:12.498 I/System.out(16153): Values:1
01-13 18:07:13.499 I/System.out(16153): Values:1
01-13 18:07:14.500 I/System.out(16153): Values:1
01-13 18:07:15.501 I/System.out(16153): Values:1
01-13 18:07:15.681 I/BluetoothAdapterProperties(14573): Callback:discoveryStateChangeCallback with state:0
01-13 18:07:15.701 W/bt-btif (14573): bta_dm_check_av:0
01-13 18:07:15.701 I/BluetoothAdapterProperties(14573): Callback:discoveryStateChangeCallback with state:1
01-13 18:07:15.711 V/BluetoothDiscoveryReceiver(14542): Received: android.bluetooth.adapter.action.DISCOVERY_FINISHED
01-13 18:07:15.761 V/BluetoothDiscoveryReceiver(14542): Received: android.bluetooth.adapter.action.DISCOVERY_STARTED
01-13 18:07:16.502 I/System.out(16153): Values:0
01-13 18:07:17.503 I/System.out(16153): Values:0
01-13 18:07:18.504 I/System.out(16153): Values:1
01-13 18:07:19.505 I/System.out(16153): Values:1
01-13 18:07:20.506 I/System.out(16153): Values:1
01-13 18:07:21.507 I/System.out(16153): Values:1
01-13 18:07:22.498 I/System.out(16153): Values:1
01-13 18:07:23.509 I/System.out(16153): Values:1
01-13 18:07:24.500 I/System.out(16153): Values:1
01-13 18:07:25.501 I/System.out(16153): Values:1
01-13 18:07:26.512 I/System.out(16153): Values:1
01-13 18:07:27.513 I/System.out(16153): Values:1
01-13 18:07:28.504 I/System.out(16153): Values:1
01-13 18:07:28.524 I/BluetoothAdapterProperties(14573): Callback:discoveryStateChangeCallback with state:0
01-13 18:07:28.544 W/bt-btif (14573): bta_dm_check_av:0
01-13 18:07:28.544 V/BluetoothDiscoveryReceiver(14542): Received: android.bluetooth.adapter.action.DISCOVERY_FINISHED
01-13 18:07:28.564 I/BluetoothAdapterProperties(14573): Callback:discoveryStateChangeCallback with state:1
01-13 18:07:28.584 V/BluetoothDiscoveryReceiver(14542): Received: android.bluetooth.adapter.action.DISCOVERY_STARTED
01-13 18:07:28.614 D/dalvikvm(14542): GC_FOR_ALLOC freed 358K, 6% free 8976K/9532K, paused 29ms, total 29ms
01-13 18:07:29.515 I/System.out(16153): Values:0
01-13 18:07:30.516 I/System.out(16153): Values:0
01-13 18:07:31.517 I/System.out(16153): Values:0
01-13 18:07:32.518 I/System.out(16153): Values:0
01-13 18:07:33.519 I/System.out(16153): Values:1
01-13 18:07:34.520 I/System.out(16153): Values:2
01-13 18:07:35.521 I/System.out(16153): Values:2
01-13 18:07:36.522 I/System.out(16153): Values:2
01-13 18:07:37.523 I/System.out(16153): Values:2
01-13 18:07:38.514 I/System.out(16153): Values:2
01-13 18:07:39.525 I/System.out(16153): Values:2
01-13 18:07:40.516 I/System.out(16153): Values:2
01-13 18:07:41.396 I/BluetoothAdapterProperties(14573): Callback:discoveryStateChangeCallback with state:0
01-13 18:07:41.416 W/bt-btif (14573): bta_dm_check_av:0
01-13 18:07:41.416 V/BluetoothDiscoveryReceiver(14542): Received: android.bluetooth.adapter.action.DISCOVERY_FINISHED
01-13 18:07:41.426 I/BluetoothAdapterProperties(14573): Callback:discoveryStateChangeCallback with state:1
01-13 18:07:41.466 V/BluetoothDiscoveryReceiver(14542): Received: android.bluetooth.adapter.action.DISCOVERY_STARTED
01-13 18:07:41.516 I/System.out(16153): Values:0
01-13 18:07:42.517 I/System.out(16153): Values:1
01-13 18:07:43.518 I/System.out(16153): Values:1
01-13 18:07:44.519 I/System.out(16153): Values:1
01-13 18:07:44.559 D/dalvikvm(16153): GC_CONCURRENT freed 230K, 3% free 9020K/9288K, paused 2ms+2ms, total 28ms
01-13 18:07:45.520 I/System.out(16153): Values:1
01-13 18:07:46.521 I/System.out(16153): Values:1
01-13 18:07:47.522 I/System.out(16153): Values:1
01-13 18:07:48.523 I/System.out(16153): Values:1
01-13 18:07:49.534 I/System.out(16153): Values:1
01-13 18:07:50.535 I/System.out(16153): Values:1
01-13 18:07:51.536 I/System.out(16153): Values:1
01-13 18:07:52.537 I/System.out(16153): Values:1
01-13 18:07:53.528 I/System.out(16153): Values:1
01-13 18:07:54.249 I/BluetoothAdapterProperties(14573): Callback:discoveryStateChangeCallback with state:0
01-13 18:07:54.269 W/bt-btif (14573): bta_dm_check_av:0
01-13 18:07:54.279 V/BluetoothDiscoveryReceiver(14542): Received: android.bluetooth.adapter.action.DISCOVERY_FINISHED
01-13 18:07:54.279 I/BluetoothAdapterProperties(14573): Callback:discoveryStateChangeCallback with state:1
01-13 18:07:54.299 V/BluetoothDiscoveryReceiver(14542): Received: android.bluetooth.adapter.action.DISCOVERY_STARTED
01-13 18:07:54.539 I/System.out(16153): Values:0
01-13 18:07:55.540 I/System.out(16153): Values:0
01-13 18:07:56.541 I/System.out(16153): Values:0
01-13 18:07:57.542 I/System.out(16153): Values:0
01-13 18:07:58.543 I/System.out(16153): Values:0
01-13 18:07:59.544 I/System.out(16153): Values:1
01-13 18:08:00.535 I/System.out(16153): Values:1
01-13 18:08:01.536 I/System.out(16153): Values:1
01-13 18:08:02.537 I/System.out(16153): Values:1
01-13 18:08:03.538 I/System.out(16153): Values:1
01-13 18:08:04.549 I/System.out(16153): Values:1
01-13 18:08:05.550 I/System.out(16153): Values:1
01-13 18:08:06.551 I/System.out(16153): Values:1
01-13 18:08:07.111 I/BluetoothAdapterProperties(14573): Callback:discoveryStateChangeCallback with state:0
01-13 18:08:07.131 W/bt-btif (14573): bta_dm_check_av:0
01-13 18:08:07.141 V/BluetoothDiscoveryReceiver(14542): Received: android.bluetooth.adapter.action.DISCOVERY_FINISHED
01-13 18:08:07.151 I/BluetoothAdapterProperties(14573): Callback:discoveryStateChangeCallback with state:1
01-13 18:08:07.162 V/BluetoothDiscoveryReceiver(14542): Received: android.bluetooth.adapter.action.DISCOVERY_STARTED
01-13 18:08:07.552 I/System.out(16153): Values:1
01-13 18:08:08.553 I/System.out(16153): Values:1
01-13 18:08:09.554 I/System.out(16153): Values:1
01-13 18:08:10.555 I/System.out(16153): Values:1
01-13 18:08:11.556 I/System.out(16153): Values:1
01-13 18:08:12.557 I/System.out(16153): Values:1
01-13 18:08:13.558 I/System.out(16153): Values:1
01-13 18:08:14.559 I/System.out(16153): Values:1
01-13 18:08:15.560 I/System.out(16153): Values:1
01-13 18:08:16.561 I/System.out(16153): Values:1
01-13 18:08:17.562 I/System.out(16153): Values:1
01-13 18:08:18.563 I/System.out(16153): Values:1
01-13 18:08:19.554 I/System.out(16153): Values:1
01-13 18:08:19.974 I/BluetoothAdapterProperties(14573): Callback:discoveryStateChangeCallback with state:0
01-13 18:08:19.994 W/bt-btif (14573): bta_dm_check_av:0
01-13 18:08:19.994 V/BluetoothDiscoveryReceiver(14542): Received: android.bluetooth.adapter.action.DISCOVERY_FINISHED
01-13 18:08:20.004 I/BluetoothAdapterProperties(14573): Callback:discoveryStateChangeCallback with state:1
01-13 18:08:20.024 V/BluetoothDiscoveryReceiver(14542): Received: android.bluetooth.adapter.action.DISCOVERY_STARTED
01-13 18:08:20.044 D/dalvikvm(14542): GC_FOR_ALLOC freed 360K, 6% free 8974K/9532K, paused 14ms, total 14ms
01-13 18:08:20.565 I/System.out(16153): Values:0
01-13 18:08:21.556 I/System.out(16153): Values:0
01-13 18:08:22.557 I/System.out(16153): Values:0
01-13 18:08:23.558 I/System.out(16153): Values:0
01-13 18:08:24.568 I/System.out(16153): Values:0
01-13 18:08:25.059 D/dalvikvm(14573): GC_CONCURRENT freed 394K, 5% free 9010K/9444K, paused 5ms+1ms, total 56ms
01-13 18:08:25.559 I/System.out(16153): Values:1
01-13 18:08:26.560 I/System.out(16153): Values:1
01-13 18:08:27.561 I/System.out(16153): Values:1
01-13 18:08:28.562 I/System.out(16153): Values:1
01-13 18:08:29.563 I/System.out(16153): Values:1
01-13 18:08:30.564 I/System.out(16153): Values:1
01-13 18:08:31.565 I/System.out(16153): Values:1
01-13 18:08:32.566 I/System.out(16153): Values:1
01-13 18:08:32.837 I/BluetoothAdapterProperties(14573): Callback:discoveryStateChangeCallback with state:0
01-13 18:08:32.857 W/bt-btif (14573): bta_dm_check_av:0
01-13 18:08:32.857 V/BluetoothDiscoveryReceiver(14542): Received: android.bluetooth.adapter.action.DISCOVERY_FINISHED
01-13 18:08:32.867 I/BluetoothAdapterProperties(14573): Callback:discoveryStateChangeCallback with state:1
01-13 18:08:32.887 V/BluetoothDiscoveryReceiver(14542): Received: android.bluetooth.adapter.action.DISCOVERY_STARTED
01-13 18:08:33.567 I/System.out(16153): Values:1
01-13 18:08:34.568 I/System.out(16153): Values:1
01-13 18:08:35.569 I/System.out(16153): Values:1
01-13 18:08:36.570 I/System.out(16153): Values:1
01-13 18:08:37.571 I/System.out(16153): Values:1
01-13 18:08:38.572 I/System.out(16153): Values:1
01-13 18:08:39.573 I/System.out(16153): Values:1
01-13 18:08:40.574 I/System.out(16153): Values:1
01-13 18:08:41.575 I/System.out(16153): Values:1
01-13 18:08:42.576 I/System.out(16153): Values:1
01-13 18:08:43.577 I/System.out(16153): Values:1
01-13 18:08:44.578 I/System.out(16153): Values:1
01-13 18:08:45.579 I/System.out(16153): Values:1
01-13 18:08:45.699 I/BluetoothAdapterProperties(14573): Callback:discoveryStateChangeCallback with state:0
01-13 18:08:45.719 W/bt-btif (14573): bta_dm_check_av:0
01-13 18:08:45.729 V/BluetoothDiscoveryReceiver(14542): Received: android.bluetooth.adapter.action.DISCOVERY_FINISHED
01-13 18:08:45.739 I/BluetoothAdapterProperties(14573): Callback:discoveryStateChangeCallback with state:1
01-13 18:08:45.759 V/BluetoothDiscoveryReceiver(14542): Received: android.bluetooth.adapter.action.DISCOVERY_STARTED
01-13 18:08:46.580 I/System.out(16153): Values:0
01-13 18:08:47.581 I/System.out(16153): Values:0
01-13 18:08:48.582 I/System.out(16153): Values:0
01-13 18:08:49.593 I/System.out(16153): Values:0
01-13 18:08:50.594 I/System.out(16153): Values:0
01-13 18:08:51.585 I/System.out(16153): Values:1
01-13 18:08:52.586 I/System.out(16153): Values:1
01-13 18:08:53.587 I/System.out(16153): Values:1
01-13 18:08:54.588 I/System.out(16153): Values:1
01-13 18:08:55.589 I/System.out(16153): Values:1
01-13 18:08:56.590 I/System.out(16153): Values:1
01-13 18:08:57.591 I/System.out(16153): Values:1
01-13 18:08:58.572 I/BluetoothAdapterProperties(14573): Callback:discoveryStateChangeCallback with state:0
01-13 18:08:58.592 W/bt-btif (14573): bta_dm_check_av:0
01-13 18:08:58.602 I/System.out(16153): Values:0
01-13 18:08:58.602 I/BluetoothAdapterProperties(14573): Callback:discoveryStateChangeCallback with state:1
01-13 18:08:58.612 V/BluetoothDiscoveryReceiver(14542): Received: android.bluetooth.adapter.action.DISCOVERY_FINISHED
01-13 18:08:58.642 V/BluetoothDiscoveryReceiver(14542): Received: android.bluetooth.adapter.action.DISCOVERY_STARTED
01-13 18:08:59.603 I/System.out(16153): Values:0
01-13 18:09:00.604 I/System.out(16153): Values:0
01-13 18:09:01.605 I/System.out(16153): Values:0
01-13 18:09:02.596 I/System.out(16153): Values:0
01-13 18:09:03.597 I/System.out(16153): Values:1
01-13 18:09:04.608 I/System.out(16153): Values:1
01-13 18:09:05.609 I/System.out(16153): Values:1
01-13 18:09:06.599 I/System.out(16153): Values:1
01-13 18:09:07.600 I/System.out(16153): Values:1
01-13 18:09:08.601 I/System.out(16153): Values:1
01-13 18:09:09.602 I/System.out(16153): Values:1
01-13 18:09:10.613 I/System.out(16153): Values:1
01-13 18:09:11.424 I/BluetoothAdapterProperties(14573): Callback:discoveryStateChangeCallback with state:0
01-13 18:09:11.434 V/BluetoothDiscoveryReceiver(14542): Received: android.bluetooth.adapter.action.DISCOVERY_FINISHED
01-13 18:09:11.444 W/bt-btif (14573): bta_dm_check_av:0
01-13 18:09:11.454 I/BluetoothAdapterProperties(14573): Callback:discoveryStateChangeCallback with state:1
01-13 18:09:11.474 V/BluetoothDiscoveryReceiver(14542): Received: android.bluetooth.adapter.action.DISCOVERY_STARTED
01-13 18:09:11.614 I/System.out(16153): Values:1
01-13 18:09:12.615 I/System.out(16153): Values:1
01-13 18:09:13.616 I/System.out(16153): Values:1
01-13 18:09:14.607 I/System.out(16153): Values:1
01-13 18:09:15.618 I/System.out(16153): Values:1
01-13 18:09:16.619 I/System.out(16153): Values:1
01-13 18:09:17.620 I/System.out(16153): Values:1
01-13 18:09:18.611 I/System.out(16153): Values:1
01-13 18:09:19.612 I/System.out(16153): Values:1
01-13 18:09:20.613 I/System.out(16153): Values:1
01-13 18:09:21.614 I/System.out(16153): Values:1
01-13 18:09:22.625 I/System.out(16153): Values:1
01-13 18:09:23.626 I/System.out(16153): Values:1
01-13 18:09:24.287 I/BluetoothAdapterProperties(14573): Callback:discoveryStateChangeCallback with state:0
01-13 18:09:24.297 V/BluetoothDiscoveryReceiver(14542): Received: android.bluetooth.adapter.action.DISCOVERY_FINISHED
01-13 18:09:24.307 W/bt-btif (14573): bta_dm_check_av:0
01-13 18:09:24.317 I/BluetoothAdapterProperties(14573): Callback:discoveryStateChangeCallback with state:1
01-13 18:09:24.337 V/BluetoothDiscoveryReceiver(14542): Received: android.bluetooth.adapter.action.DISCOVERY_STARTED
01-13 18:09:24.377 D/dalvikvm(14542): GC_FOR_ALLOC freed 366K, 6% free 8973K/9532K, paused 13ms, total 14ms
01-13 18:09:24.617 I/System.out(16153): Values:0
01-13 18:09:25.628 I/System.out(16153): Values:0
01-13 18:09:26.629 I/System.out(16153): Values:0
01-13 18:09:27.069 D/btif_config_util(14573): btif_config_save_file(L153): in file name:/data/misc/bluedroid/bt_config.new
01-13 18:09:27.630 I/System.out(16153): Values:1
01-13 18:09:28.631 I/System.out(16153): Values:1
01-13 18:09:29.622 I/System.out(16153): Values:1
01-13 18:09:30.633 I/System.out(16153): Values:1
01-13 18:09:31.624 I/System.out(16153): Values:1
01-13 18:09:32.625 I/System.out(16153): Values:1
01-13 18:09:33.636 I/System.out(16153): Values:1
01-13 18:09:34.637 I/System.out(16153): Values:1
01-13 18:09:35.638 I/System.out(16153): Values:1
01-13 18:09:36.639 I/System.out(16153): Values:1
01-13 18:09:37.149 I/BluetoothAdapterProperties(14573): Callback:discoveryStateChangeCallback with state:0
01-13 18:09:37.169 W/bt-btif (14573): bta_dm_check_av:0
01-13 18:09:37.179 V/BluetoothDiscoveryReceiver(14542): Received: android.bluetooth.adapter.action.DISCOVERY_FINISHED
01-13 18:09:37.189 I/BluetoothAdapterProperties(14573): Callback:discoveryStateChangeCallback with state:1
01-13 18:09:37.199 V/BluetoothDiscoveryReceiver(14542): Received: android.bluetooth.adapter.action.DISCOVERY_STARTED
01-13 18:09:37.650 I/System.out(16153): Values:1
01-13 18:09:38.641 I/System.out(16153): Values:2
01-13 18:09:39.652 I/System.out(16153): Values:2
01-13 18:09:40.653 I/System.out(16153): Values:2
01-13 18:09:41.644 I/System.out(16153): Values:2
01-13 18:09:42.645 I/System.out(16153): Values:2
01-13 18:09:43.646 I/System.out(16153): Values:2
01-13 18:09:44.647 I/System.out(16153): Values:2
01-13 18:09:45.648 I/System.out(16153): Values:2
01-13 18:09:46.659 I/System.out(16153): Values:2
01-13 18:09:47.660 I/System.out(16153): Values:2
01-13 18:09:48.661 I/System.out(16153): Values:2
01-13 18:09:49.662 I/System.out(16153): Values:2
01-13 18:09:50.012 I/BluetoothAdapterProperties(14573): Callback:discoveryStateChangeCallback with state:0
01-13 18:09:50.032 W/bt-btif (14573): bta_dm_check_av:0
01-13 18:09:50.042 I/BluetoothAdapterProperties(14573): Callback:discoveryStateChangeCallback with state:1
01-13 18:09:50.052 V/BluetoothDiscoveryReceiver(14542): Received: android.bluetooth.adapter.action.DISCOVERY_FINISHED
01-13 18:09:50.092 V/BluetoothDiscoveryReceiver(14542): Received: android.bluetooth.adapter.action.DISCOVERY_STARTED
01-13 18:09:50.662 I/System.out(16153): Values:0
01-13 18:09:51.663 I/System.out(16153): Values:0
01-13 18:09:52.664 I/System.out(16153): Values:0
01-13 18:09:53.665 I/System.out(16153): Values:0
01-13 18:09:54.666 I/System.out(16153): Values:0
01-13 18:09:55.667 I/System.out(16153): Values:1
01-13 18:09:56.668 I/System.out(16153): Values:1
01-13 18:09:57.669 I/System.out(16153): Values:1
01-13 18:09:58.670 I/System.out(16153): Values:1
01-13 18:09:59.671 I/System.out(16153): Values:1
01-13 18:10:00.672 I/System.out(16153): Values:1
01-13 18:10:01.673 I/System.out(16153): Values:1
01-13 18:10:02.674 I/System.out(16153): Values:1
01-13 18:10:02.874 I/BluetoothAdapterProperties(14573): Callback:discoveryStateChangeCallback with state:0
01-13 18:10:02.884 W/bt-btif (14573): bta_dm_check_av:0
01-13 18:10:02.884 V/BluetoothDiscoveryReceiver(14542): Received: android.bluetooth.adapter.action.DISCOVERY_FINISHED
01-13 18:10:02.894 I/BluetoothAdapterProperties(14573): Callback:discoveryStateChangeCallback with state:1
01-13 18:10:02.944 V/BluetoothDiscoveryReceiver(14542): Received: android.bluetooth.adapter.action.DISCOVERY_STARTED
01-13 18:10:03.675 I/System.out(16153): Values:0
01-13 18:10:04.676 I/System.out(16153): Values:0
01-13 18:10:05.667 I/System.out(16153): Values:0
01-13 18:10:06.678 I/System.out(16153): Values:0
01-13 18:10:07.679 I/System.out(16153): Values:0
01-13 18:10:08.680 I/System.out(16153): Values:1
01-13 18:10:09.681 I/System.out(16153): Values:1
01-13 18:10:10.682 I/System.out(16153): Values:1
01-13 18:10:11.683 I/System.out(16153): Values:1
01-13 18:10:12.684 I/System.out(16153): Values:1
01-13 18:10:13.685 I/System.out(16153): Values:1
01-13 18:10:14.696 I/System.out(16153): Values:1
01-13 18:10:15.687 I/System.out(16153): Values:1
01-13 18:10:15.727 I/BluetoothAdapterProperties(14573): Callback:discoveryStateChangeCallback with state:0
01-13 18:10:15.747 W/bt-btif (14573): bta_dm_check_av:0
01-13 18:10:15.757 V/BluetoothDiscoveryReceiver(14542): Received: android.bluetooth.adapter.action.DISCOVERY_FINISHED
01-13 18:10:15.767 I/BluetoothAdapterProperties(14573): Callback:discoveryStateChangeCallback with state:1
01-13 18:10:15.777 V/BluetoothDiscoveryReceiver(14542): Received: android.bluetooth.adapter.action.DISCOVERY_STARTED
01-13 18:10:15.807 D/dalvikvm(14542): GC_FOR_ALLOC freed 356K, 6% free 8974K/9532K, paused 12ms, total 13ms
01-13 18:10:16.688 I/System.out(16153): Values:0
01-13 18:10:17.689 I/System.out(16153): Values:0
01-13 18:10:18.690 I/System.out(16153): Values:0
01-13 18:10:19.691 I/System.out(16153): Values:0
01-13 18:10:20.692 I/System.out(16153): Values:1
01-13 18:10:21.693 I/System.out(16153): Values:1
01-13 18:10:22.694 I/System.out(16153): Values:1
01-13 18:10:23.705 I/System.out(16153): Values:1
01-13 18:10:24.696 I/System.out(16153): Values:1
01-13 18:10:25.697 I/System.out(16153): Values:1
01-13 18:10:26.708 I/System.out(16153): Values:1
01-13 18:10:27.699 I/System.out(16153): Values:1
01-13 18:10:28.599 I/BluetoothAdapterProperties(14573): Callback:discoveryStateChangeCallback with state:0
01-13 18:10:28.610 V/BluetoothDiscoveryReceiver(14542): Received: android.bluetooth.adapter.action.DISCOVERY_FINISHED
01-13 18:10:28.620 W/bt-btif (14573): bta_dm_check_av:0
01-13 18:10:28.630 I/BluetoothAdapterProperties(14573): Callback:discoveryStateChangeCallback with state:1
01-13 18:10:28.650 V/BluetoothDiscoveryReceiver(14542): Received: android.bluetooth.adapter.action.DISCOVERY_STARTED
01-13 18:10:28.700 I/System.out(16153): Values:0
01-13 18:10:29.701 I/System.out(16153): Values:0
01-13 18:10:30.712 I/System.out(16153): Values:0
01-13 18:10:31.713 I/System.out(16153): Values:0
01-13 18:10:32.714 I/System.out(16153): Values:0
01-13 18:10:33.704 I/System.out(16153): Values:1
01-13 18:10:34.705 I/System.out(16153): Values:1
01-13 18:10:35.706 I/System.out(16153): Values:1
01-13 18:10:36.707 I/System.out(16153): Values:1
01-13 18:10:37.708 I/System.out(16153): Values:1
01-13 18:10:38.709 I/System.out(16153): Values:1
01-13 18:10:39.710 I/System.out(16153): Values:1
01-13 18:10:40.711 I/System.out(16153): Values:1
01-13 18:10:41.462 I/BluetoothAdapterProperties(14573): Callback:discoveryStateChangeCallback with state:0
01-13 18:10:41.482 W/bt-btif (14573): bta_dm_check_av:0
01-13 18:10:41.492 I/BluetoothAdapterProperties(14573): Callback:discoveryStateChangeCallback with state:1
01-13 18:10:41.502 V/BluetoothDiscoveryReceiver(14542): Received: android.bluetooth.adapter.action.DISCOVERY_FINISHED
01-13 18:10:41.542 V/BluetoothDiscoveryReceiver(14542): Received: android.bluetooth.adapter.action.DISCOVERY_STARTED
01-13 18:10:41.712 I/System.out(16153): Values:0
01-13 18:10:42.713 I/System.out(16153): Values:0
01-13 18:10:43.714 I/System.out(16153): Values:0
01-13 18:10:44.705 I/System.out(16153): Values:0
01-13 18:10:45.716 I/System.out(16153): Values:0
01-13 18:10:46.717 I/System.out(16153): Values:1
01-13 18:10:47.718 I/System.out(16153): Values:1
01-13 18:10:48.719 I/System.out(16153): Values:1
01-13 18:10:49.710 I/System.out(16153): Values:1
01-13 18:10:50.711 I/System.out(16153): Values:1
01-13 18:10:51.712 I/System.out(16153): Values:1
01-13 18:10:52.713 I/System.out(16153): Values:1
01-13 18:10:53.724 I/System.out(16153): Values:1
01-13 18:10:54.315 I/BluetoothAdapterProperties(14573): Callback:discoveryStateChangeCallback with state:0
01-13 18:10:54.335 W/bt-btif (14573): bta_dm_check_av:0
01-13 18:10:54.335 V/BluetoothDiscoveryReceiver(14542): Received: android.bluetooth.adapter.action.DISCOVERY_FINISHED
01-13 18:10:54.345 I/BluetoothAdapterProperties(14573): Callback:discoveryStateChangeCallback with state:1
01-13 18:10:54.365 V/BluetoothDiscoveryReceiver(14542): Received: android.bluetooth.adapter.action.DISCOVERY_STARTED
01-13 18:10:54.715 I/System.out(16153): Values:1
01-13 18:10:55.726 I/System.out(16153): Values:1
01-13 18:10:56.727 I/System.out(16153): Values:1
01-13 18:10:57.728 I/System.out(16153): Values:1
01-13 18:10:58.719 I/System.out(16153): Values:1
01-13 18:10:59.720 I/System.out(16153): Values:1
01-13 18:11:00.721 I/System.out(16153): Values:1
01-13 18:11:01.722 I/System.out(16153): Values:1
01-13 18:11:02.723 I/System.out(16153): Values:1
01-13 18:11:03.724 I/System.out(16153): Values:1
01-13 18:11:04.725 I/System.out(16153): Values:1
01-13 18:11:05.726 I/System.out(16153): Values:1
01-13 18:11:06.727 I/System.out(16153): Values:1
01-13 18:11:07.177 I/BluetoothAdapterProperties(14573): Callback:discoveryStateChangeCallback with state:0
01-13 18:11:07.197 W/bt-btif (14573): bta_dm_check_av:0
01-13 18:11:07.197 V/BluetoothDiscoveryReceiver(14542): Received: android.bluetooth.adapter.action.DISCOVERY_FINISHED
01-13 18:11:07.207 I/BluetoothAdapterProperties(14573): Callback:discoveryStateChangeCallback with state:1
01-13 18:11:07.227 V/BluetoothDiscoveryReceiver(14542): Received: android.bluetooth.adapter.action.DISCOVERY_STARTED
01-13 18:11:07.728 I/System.out(16153): Values:1
01-13 18:11:08.729 I/System.out(16153): Values:1
01-13 18:11:08.789 D/dalvikvm(16153): GC_CONCURRENT freed 387K, 5% free 9019K/9444K, paused 11ms+7ms, total 57ms
01-13 18:11:09.730 I/System.out(16153): Values:1
01-13 18:11:10.731 I/System.out(16153): Values:1
01-13 18:11:11.732 I/System.out(16153): Values:1
01-13 18:11:12.733 I/System.out(16153): Values:1
01-13 18:11:13.724 I/System.out(16153): Values:1
01-13 18:11:14.735 I/System.out(16153): Values:1
01-13 18:11:15.735 I/System.out(16153): Values:1
01-13 18:11:16.736 I/System.out(16153): Values:1
01-13 18:11:17.727 I/System.out(16153): Values:1
01-13 18:11:18.738 I/System.out(16153): Values:1
01-13 18:11:19.739 I/System.out(16153): Values:1
01-13 18:11:20.040 I/BluetoothAdapterProperties(14573): Callback:discoveryStateChangeCallback with state:0
01-13 18:11:20.060 W/bt-btif (14573): bta_dm_check_av:0
01-13 18:11:20.060 V/BluetoothDiscoveryReceiver(14542): Received: android.bluetooth.adapter.action.DISCOVERY_FINISHED
01-13 18:11:20.080 I/BluetoothAdapterProperties(14573): Callback:discoveryStateChangeCallback with state:1
01-13 18:11:20.100 V/BluetoothDiscoveryReceiver(14542): Received: android.bluetooth.adapter.action.DISCOVERY_STARTED
01-13 18:11:20.180 D/dalvikvm(  523): GC_CONCURRENT freed 1747K, 21% free 17031K/21384K, paused 10ms+8ms, total 94ms
01-13 18:11:20.210 D/dalvikvm(14542): GC_FOR_ALLOC freed 365K, 6% free 8974K/9532K, paused 92ms, total 93ms
01-13 18:11:20.740 I/System.out(16153): Values:0
01-13 18:11:21.741 I/System.out(16153): Values:0
01-13 18:11:22.742 I/System.out(16153): Values:0
01-13 18:11:23.743 I/System.out(16153): Values:0
01-13 18:11:24.734 I/System.out(16153): Values:1
01-13 18:11:25.745 I/System.out(16153): Values:1
01-13 18:11:26.746 I/System.out(16153): Values:1
01-13 18:11:27.747 I/System.out(16153): Values:1
01-13 18:11:28.748 I/System.out(16153): Values:1
01-13 18:11:29.749 I/System.out(16153): Values:1
01-13 18:11:30.750 I/System.out(16153): Values:1
01-13 18:11:31.751 I/System.out(16153): Values:1
01-13 18:11:32.752 I/System.out(16153): Values:1
01-13 18:11:32.902 I/BluetoothAdapterProperties(14573): Callback:discoveryStateChangeCallback with state:0
01-13 18:11:32.932 W/bt-btif (14573): bta_dm_check_av:0
01-13 18:11:32.932 V/BluetoothDiscoveryReceiver(14542): Received: android.bluetooth.adapter.action.DISCOVERY_FINISHED
01-13 18:11:32.942 I/BluetoothAdapterProperties(14573): Callback:discoveryStateChangeCallback with state:1
01-13 18:11:32.962 V/BluetoothDiscoveryReceiver(14542): Received: android.bluetooth.adapter.action.DISCOVERY_STARTED
01-13 18:11:33.753 I/System.out(16153): Values:0
01-13 18:11:34.754 I/System.out(16153): Values:0
01-13 18:11:35.755 I/System.out(16153): Values:0
01-13 18:11:36.756 I/System.out(16153): Values:0
01-13 18:11:37.757 I/System.out(16153): Values:1
01-13 18:11:38.758 I/System.out(16153): Values:1
01-13 18:11:39.759 I/System.out(16153): Values:1
