--------- beginning of /dev/log/main
01-06 15:59:20.382 D/AndroidRuntime(16247): 
01-06 15:59:20.382 D/AndroidRuntime(16247): >>>>>> AndroidRuntime START com.android.internal.os.RuntimeInit <<<<<<
01-06 15:59:20.382 D/AndroidRuntime(16247): CheckJNI is OFF
01-06 15:59:20.392 D/dalvikvm(16247): Trying to load lib libjavacore.so 0x0
01-06 15:59:20.392 D/dalvikvm(16247): Added shared lib libjavacore.so 0x0
01-06 15:59:20.402 D/dalvikvm(16247): Trying to load lib libnativehelper.so 0x0
01-06 15:59:20.402 D/dalvikvm(16247): Added shared lib libnativehelper.so 0x0
01-06 15:59:20.542 D/AndroidRuntime(16247): Calling main entry com.android.commands.pm.Pm
--------- beginning of /dev/log/system
01-06 15:59:20.552 W/ActivityManager(  512): No content provider found for permission revoke: file:///data/local/tmp/EnergyMeasurementCam.apk
01-06 15:59:20.562 D/Finsky  ( 4238): [1] PackageVerificationReceiver.checkPrerequisites: Skipping verification because network inactive
01-06 15:59:20.562 D/Finsky  ( 4238): [1] PackageVerificationReceiver.checkPrerequisites: Skipping verification because network inactive
01-06 15:59:20.572 W/ActivityManager(  512): No content provider found for permission revoke: file:///data/local/tmp/EnergyMeasurementCam.apk
01-06 15:59:20.572 I/PackageManager(  512): Copying native libraries to /data/app-lib/vmdl1107268430
01-06 15:59:20.572 W/PackageManager(  512): Invalid verification token 121 received
01-06 15:59:20.652 D/dalvikvm(  512): GC_CONCURRENT freed 2097K, 23% free 17462K/22484K, paused 3ms+6ms, total 73ms
01-06 15:59:20.652 D/dalvikvm(  512): WAIT_FOR_CONCURRENT_GC blocked 59ms
01-06 15:59:20.672 I/ActivityManager(  512): Force stopping package uk.ac.st_andrews.cs.host.mk74.energymeasurement.cam appid=10093 user=-1
01-06 15:59:20.743 I/PackageManager(  512): Running dexopt on: uk.ac.st_andrews.cs.host.mk74.energymeasurement.cam
01-06 15:59:20.743 I/PackageManager(  512): Package uk.ac.st_andrews.cs.host.mk74.energymeasurement.cam codePath changed from /data/app/uk.ac.st_andrews.cs.host.mk74.energymeasurement.cam-2.apk to /data/app/uk.ac.st_andrews.cs.host.mk74.energymeasurement.cam-1.apk; Retaining data and using new
01-06 15:59:21.013 D/dalvikvm(16262): DexOpt: load 44ms, verify+opt 163ms, 972612 bytes
01-06 15:59:21.053 W/PackageManager(  512): Code path for pkg : uk.ac.st_andrews.cs.host.mk74.energymeasurement.cam changing from /data/app/uk.ac.st_andrews.cs.host.mk74.energymeasurement.cam-2.apk to /data/app/uk.ac.st_andrews.cs.host.mk74.energymeasurement.cam-1.apk
01-06 15:59:21.053 I/ActivityManager(  512): Force stopping package uk.ac.st_andrews.cs.host.mk74.energymeasurement.cam appid=10093 user=-1
01-06 15:59:21.053 W/PackageManager(  512): Resource path for pkg : uk.ac.st_andrews.cs.host.mk74.energymeasurement.cam changing from /data/app/uk.ac.st_andrews.cs.host.mk74.energymeasurement.cam-2.apk to /data/app/uk.ac.st_andrews.cs.host.mk74.energymeasurement.cam-1.apk
01-06 15:59:21.193 I/ActivityManager(  512): Force stopping package uk.ac.st_andrews.cs.host.mk74.energymeasurement.cam appid=10093 user=0
01-06 15:59:21.253 I/InputReader(  512): Reconfiguring input devices.  changes=0x00000010
01-06 15:59:21.263 D/dalvikvm(  592): GC_EXPLICIT freed 1417K, 73% free 13962K/51696K, paused 2ms+18ms, total 63ms
01-06 15:59:21.263 D/dalvikvm(  779): GC_EXPLICIT freed 1181K, 46% free 18194K/33332K, paused 2ms+4ms, total 60ms
01-06 15:59:21.263 D/dalvikvm( 2628): GC_EXPLICIT freed 376K, 6% free 9204K/9700K, paused 1ms+2ms, total 48ms
01-06 15:59:21.273 W/ContextImpl( 4300): Calling a method in the system process without a qualified user: android.app.ContextImpl.startService:1385 android.content.ContextWrapper.startService:473 android.content.ContextWrapper.startService:473 com.android.keychain.KeyChainBroadcastReceiver.onReceive:12 android.app.ActivityThread.handleReceiver:2424 
01-06 15:59:21.283 D/dalvikvm( 4424): GC_EXPLICIT freed 110K, 5% free 9286K/9764K, paused 1ms+63ms, total 80ms
01-06 15:59:21.293 W/ActivityManager(  512): Skipping broadcast of Intent { act=android.intent.action.PACKAGE_REMOVED dat=package:uk.ac.st_andrews.cs.host.mk74.energymeasurement.cam flg=0x8000010 (has extras) }: user 10 is stopped
01-06 15:59:21.303 I/InputReader(  512): Reconfiguring input devices.  changes=0x00000010
01-06 15:59:21.303 W/ActivityManager(  512): Skipping broadcast of Intent { act=android.intent.action.PACKAGE_ADDED dat=package:uk.ac.st_andrews.cs.host.mk74.energymeasurement.cam flg=0x8000010 (has extras) }: user 10 is stopped
01-06 15:59:21.323 D/BackupManagerService(  512): Received broadcast Intent { act=android.intent.action.PACKAGE_REMOVED dat=package:uk.ac.st_andrews.cs.host.mk74.energymeasurement.cam flg=0x8000010 (has extras) }
01-06 15:59:21.333 D/dalvikvm(  760): GC_CONCURRENT freed 347K, 4% free 9313K/9696K, paused 1ms+2ms, total 13ms
01-06 15:59:21.333 D/BackupManagerService(  512): Received broadcast Intent { act=android.intent.action.PACKAGE_ADDED dat=package:uk.ac.st_andrews.cs.host.mk74.energymeasurement.cam flg=0x8000010 (has extras) }
01-06 15:59:21.333 V/BackupManagerService(  512): removePackageParticipantsLocked: uid=10093 #1
01-06 15:59:21.343 V/BackupManagerService(  512): addPackageParticipantsLocked: #1
01-06 15:59:21.353 W/ActivityManager(  512): Skipping broadcast of Intent { act=android.intent.action.PACKAGE_REPLACED dat=package:uk.ac.st_andrews.cs.host.mk74.energymeasurement.cam flg=0x8000010 (has extras) }: user 10 is stopped
01-06 15:59:21.353 W/ActivityManager(  512): Skipping broadcast of Intent { act=android.intent.action.MY_PACKAGE_REPLACED flg=0x8000010 pkg=uk.ac.st_andrews.cs.host.mk74.energymeasurement.cam (has extras) }: user 10 is stopped
01-06 15:59:21.463 D/dalvikvm(  512): GC_EXPLICIT freed 1361K, 22% free 17573K/22484K, paused 3ms+9ms, total 111ms
01-06 15:59:21.463 D/AndroidRuntime(16247): Shutting down VM
01-06 15:59:21.463 D/jdwp    (16247): Got wake-up signal, bailing out of select
01-06 15:59:21.463 D/dalvikvm(16247): Debugger has detached; object registry had 1 entries
01-06 15:59:21.623 I/Velvet.VelvetFactory( 4424): refreshing search history.
01-06 15:59:21.633 W/Sidekick_LocationOracleImpl( 4424): Best location was null
01-06 15:59:21.633 E/Velvet.VelvetBackgroundTasksImpl( 4424): Background task refresh_search_history failed
01-06 15:59:21.633 E/Velvet.VelvetBackgroundTasksImpl( 4424): java.lang.NullPointerException
01-06 15:59:21.633 E/Velvet.VelvetBackgroundTasksImpl( 4424): 	at com.google.common.base.Preconditions.checkNotNull(Preconditions.java:187)
01-06 15:59:21.633 E/Velvet.VelvetBackgroundTasksImpl( 4424): 	at com.google.android.apps.sidekick.LocationOracleImpl.getBgHandler(LocationOracleImpl.java:280)
01-06 15:59:21.633 E/Velvet.VelvetBackgroundTasksImpl( 4424): 	at com.google.android.apps.sidekick.LocationOracleImpl.requestRecentLocation(LocationOracleImpl.java:568)
01-06 15:59:21.633 E/Velvet.VelvetBackgroundTasksImpl( 4424): 	at com.google.android.searchcommon.google.complete.AndroidProxySuggestionFetcher.fetch(AndroidProxySuggestionFetcher.java:82)
01-06 15:59:21.633 E/Velvet.VelvetBackgroundTasksImpl( 4424): 	at com.google.android.searchcommon.google.complete.CompleteServerClient.query(CompleteServerClient.java:91)
01-06 15:59:21.633 E/Velvet.VelvetBackgroundTasksImpl( 4424): 	at com.google.android.searchcommon.google.AbstractGoogleWebSource.doQueryInternal(AbstractGoogleWebSource.java:61)
01-06 15:59:21.633 E/Velvet.VelvetBackgroundTasksImpl( 4424): 	at com.google.android.searchcommon.google.AbstractGoogleSource.getSuggestions(AbstractGoogleSource.java:65)
01-06 15:59:21.633 E/Velvet.VelvetBackgroundTasksImpl( 4424): 	at com.google.android.searchcommon.google.WebSuggestSourceWrapper.getSuggestions(WebSuggestSourceWrapper.java:55)
01-06 15:59:21.633 E/Velvet.VelvetBackgroundTasksImpl( 4424): 	at com.google.android.searchcommon.google.WebSuggestSourceWithLocalHistory.getSuggestions(WebSuggestSourceWithLocalHistory.java:111)
01-06 15:59:21.633 E/Velvet.VelvetBackgroundTasksImpl( 4424): 	at com.google.android.searchcommon.google.WebSuggestSourceWrapper.getSuggestions(WebSuggestSourceWrapper.java:55)
01-06 15:59:21.633 E/Velvet.VelvetBackgroundTasksImpl( 4424): 	at com.google.android.searchcommon.google.ZeroQueryCachingWebSuggestSource.getSuggestions(ZeroQueryCachingWebSuggestSource.java:105)
01-06 15:59:21.633 E/Velvet.VelvetBackgroundTasksImpl( 4424): 	at com.google.android.searchcommon.google.WebSuggestSourceWrapper.getSuggestions(WebSuggestSourceWrapper.java:55)
01-06 15:59:21.633 E/Velvet.VelvetBackgroundTasksImpl( 4424): 	at com.google.android.searchcommon.google.DeletedQueryRemovingSourceWrapper.getSuggestions(DeletedQueryRemovingSourceWrapper.java:48)
01-06 15:59:21.633 E/Velvet.VelvetBackgroundTasksImpl( 4424): 	at com.google.android.velvet.VelvetFactory$1.call(VelvetFactory.java:559)
01-06 15:59:21.633 E/Velvet.VelvetBackgroundTasksImpl( 4424): 	at com.google.android.velvet.VelvetFactory$1.call(VelvetFactory.java:555)
01-06 15:59:21.633 E/Velvet.VelvetBackgroundTasksImpl( 4424): 	at java.util.concurrent.FutureTask.run(FutureTask.java:234)
01-06 15:59:21.633 E/Velvet.VelvetBackgroundTasksImpl( 4424): 	at com.google.android.searchcommon.util.NamingTaskExecutor$1.run(NamingTaskExecutor.java:50)
01-06 15:59:21.633 E/Velvet.VelvetBackgroundTasksImpl( 4424): 	at java.util.concurrent.Executors$RunnableAdapter.call(Executors.java:390)
01-06 15:59:21.633 E/Velvet.VelvetBackgroundTasksImpl( 4424): 	at java.util.concurrent.FutureTask.run(FutureTask.java:234)
01-06 15:59:21.633 E/Velvet.VelvetBackgroundTasksImpl( 4424): 	at java.util.concurrent.ScheduledThreadPoolExecutor$ScheduledFutureTask.access$201(ScheduledThreadPoolExecutor.java:153)
01-06 15:59:21.633 E/Velvet.VelvetBackgroundTasksImpl( 4424): 	at java.util.concurrent.ScheduledThreadPoolExecutor$ScheduledFutureTask.run(ScheduledThreadPoolExecutor.java:267)
01-06 15:59:21.633 E/Velvet.VelvetBackgroundTasksImpl( 4424): 	at java.util.concurrent.ThreadPoolExecutor.runWorker(ThreadPoolExecutor.java:1080)
01-06 15:59:21.633 E/Velvet.VelvetBackgroundTasksImpl( 4424): 	at java.util.concurrent.ThreadPoolExecutor$Worker.run(ThreadPoolExecutor.java:573)
01-06 15:59:21.633 E/Velvet.VelvetBackgroundTasksImpl( 4424): 	at java.lang.Thread.run(Thread.java:841)
01-06 15:59:21.633 E/Velvet.VelvetBackgroundTasksImpl( 4424): 	at com.google.android.searchcommon.util.PriorityThreadFactory$1.run(PriorityThreadFactory.java:49)
01-06 15:59:21.643 D/dalvikvm(  710): GC_FOR_ALLOC freed 313K, 9% free 9885K/10848K, paused 17ms, total 17ms
01-06 15:59:21.663 I/GCoreUlr(  710): Ensuring that reporting is stopped because of reasons: (no Google accounts)
01-06 15:59:21.663 D/GCoreFlp(  710): Unknown pending intent to remove.
01-06 15:59:21.663 I/GCoreUlr(  710): Unbound from all location providers
01-06 15:59:22.064 D/AndroidRuntime(16297): 
01-06 15:59:22.064 D/AndroidRuntime(16297): >>>>>> AndroidRuntime START com.android.internal.os.RuntimeInit <<<<<<
01-06 15:59:22.064 D/AndroidRuntime(16297): CheckJNI is OFF
01-06 15:59:22.064 D/dalvikvm(16297): Trying to load lib libjavacore.so 0x0
01-06 15:59:22.074 D/dalvikvm(16297): Added shared lib libjavacore.so 0x0
01-06 15:59:22.084 D/dalvikvm(16297): Trying to load lib libnativehelper.so 0x0
01-06 15:59:22.084 D/dalvikvm(16297): Added shared lib libnativehelper.so 0x0
01-06 15:59:22.204 D/AndroidRuntime(16297): Calling main entry com.android.commands.am.Am
01-06 15:59:22.204 D/dalvikvm(16297): Note: class Landroid/app/ActivityManagerNative; has 163 unimplemented (abstract) methods
01-06 15:59:22.204 I/ActivityManager(  512): START u0 {act=android.intent.action.MAIN cat=[android.intent.category.LAUNCHER] flg=0x10000000 cmp=uk.ac.st_andrews.cs.host.mk74.energymeasurement.cam/.MainActivity} from pid 16297
01-06 15:59:22.244 D/AndroidRuntime(16297): Shutting down VM
01-06 15:59:22.244 D/jdwp    (16297): Got wake-up signal, bailing out of select
01-06 15:59:22.244 D/dalvikvm(16297): Debugger has detached; object registry had 1 entries
01-06 15:59:22.254 D/dalvikvm(16312): Late-enabling CheckJNI
01-06 15:59:22.254 I/ActivityManager(  512): Start proc uk.ac.st_andrews.cs.host.mk74.energymeasurement.cam for activity uk.ac.st_andrews.cs.host.mk74.energymeasurement.cam/.MainActivity: pid=16312 uid=10093 gids={50093, 1006, 1015, 1028}
01-06 15:59:22.334 I/AwesomePlayer(15830): setDataSource_l(URL suppressed)
01-06 15:59:22.364 I/AwesomePlayer(15830): setDataSource_l(URL suppressed)
01-06 15:59:22.384 I/Camera2ClientBase(15830): Camera 0: Opened
01-06 15:59:22.384 I/Camera2 (15830): Camera 0: Opened
01-06 15:59:22.384 E/mm-camera-intf(15830): mm_camera_open: dev name = /dev/video1, cam_idx = 1
01-06 15:59:22.384 E/mm-camera-sensor(  218): module_sensor_start_session:320 session 1
01-06 15:59:22.504 W/ActivityManager(  512): Permission denied: checkComponentPermission() owningUid=10057
01-06 15:59:22.504 W/ActivityManager(  512): Permission denied: checkComponentPermission() owningUid=10057
01-06 15:59:22.514 W/ActivityManager(  512): Permission denied: checkComponentPermission() owningUid=10057
01-06 15:59:22.514 W/ActivityManager(  512): Permission denied: checkComponentPermission() owningUid=10057
01-06 15:59:22.514 W/ActivityManager(  512): Permission denied: checkComponentPermission() owningUid=10057
01-06 15:59:22.514 W/ActivityManager(  512): Permission denied: checkComponentPermission() owningUid=10057
01-06 15:59:22.524 W/ActivityManager(  512): Permission denied: checkComponentPermission() owningUid=10057
01-06 15:59:22.524 W/ActivityManager(  512): Permission denied: checkComponentPermission() owningUid=10057
01-06 15:59:22.534 W/ActivityManager(  512): Permission denied: checkComponentPermission() owningUid=10057
01-06 15:59:22.534 W/ActivityManager(  512): Permission denied: checkComponentPermission() owningUid=10057
01-06 15:59:22.544 W/ActivityManager(  512): Permission denied: checkComponentPermission() owningUid=10057
01-06 15:59:22.544 W/ActivityManager(  512): Permission denied: checkComponentPermission() owningUid=10057
01-06 15:59:22.554 E/mm-camera(  218): is_module_start_session: Enter
01-06 15:59:22.554 E/mm-camera(  218): is_module_start_session: Exit successful
01-06 15:59:22.554 E/mm-camera(  218): is_module_get_port: Exit successful
01-06 15:59:22.554 E/mm-camera(  218): c2d_module_start_session:246, info: starting session 1
01-06 15:59:22.554 E/mm-camera(  218): c2d_module_start_session:284, info: c2d_thread created.
01-06 15:59:22.554 E/mm-camera(  218): c2d_module_start_session:306, info: session 1 started.
01-06 15:59:22.554 E/mm-camera-img(  218): module_imglib_create_msg_thread:202] E
01-06 15:59:22.554 E/mm-camera-img(  218): module_imglib_create_msg_thread:224] X
01-06 15:59:22.554 E/mm-camera(  218): module_faceproc_query_mod:1296 Max Face ROI 2
01-06 15:59:22.554 E/mm-camera(  218): c2d_thread_func:39: c2d_thread entering the polling loop...
01-06 15:59:22.554 E/mm-camera-img(  218): module_imglib_msg_thread:61] abort 0
01-06 15:59:22.554 E/mm-camera-img(  218): img_q_wait: before wait
01-06 15:59:22.554 E/mm-camera-intf(15830): mm_camera_open:  opened, break out while loop
01-06 15:59:22.564 E/mm-camera-intf(15830): mm_stream_get_v4l2_fmt: Unknown fmt=77
01-06 15:59:22.564 E/Camera2-Parameters(15830): buildFastInfo: Unknown override AE mode: 0
01-06 15:59:22.564 E/Camera2-Parameters(15830): buildFastInfo: Unknown override AE mode: 0
01-06 15:59:22.564 E/Camera2-Parameters(15830): buildFastInfo: Unknown override AE mode: 0
01-06 15:59:22.564 E/Camera2-Parameters(15830): buildFastInfo: Unknown override AE mode: 0
01-06 15:59:22.564 E/Camera2-Parameters(15830): buildFastInfo: Unknown override AE mode: 0
01-06 15:59:22.564 E/Camera2-Parameters(15830): buildFastInfo: Unknown override AE mode: 0
01-06 15:59:22.564 E/Camera2-Parameters(15830): buildFastInfo: Unknown override AE mode: 0
01-06 15:59:22.564 E/Camera2-Parameters(15830): buildFastInfo: Unknown override AE mode: 0
01-06 15:59:22.564 E/Camera2-Parameters(15830): buildFastInfo: Unknown override AE mode: 0
01-06 15:59:22.564 E/Camera2-Parameters(15830): buildFastInfo: Unknown override AE mode: 0
01-06 15:59:22.564 E/Camera2-Parameters(15830): buildFastInfo: Unknown override AE mode: 0
01-06 15:59:22.564 E/Camera2-Parameters(15830): buildFastInfo: Unknown override AE mode: 0
01-06 15:59:22.564 E/Camera2-Parameters(15830): buildFastInfo: Unknown override AE mode: 0
01-06 15:59:22.564 E/Camera2-Parameters(15830): buildFastInfo: Unknown override AE mode: 0
01-06 15:59:22.564 E/Camera2-Parameters(15830): Error finding static metadata entry 'android.info.supportedHardwareLevel' (170000)
01-06 15:59:22.564 I/Camera2-Parameters(15830): Camera 0: ZSL mode disabled for limited mode HALs
01-06 15:59:22.564 I/System.out(16312): CameraPreview()
01-06 15:59:22.604 D/libEGL  (16312): loaded /system/lib/egl/libEGL_adreno200.so
01-06 15:59:22.604 D/libEGL  (16312): loaded /system/lib/egl/libGLESv1_CM_adreno200.so
01-06 15:59:22.604 D/libEGL  (16312): loaded /system/lib/egl/libGLESv2_adreno200.so
01-06 15:59:22.604 I/Adreno200-EGL(16312): <qeglDrvAPI_eglInitialize:265>: EGL 1.4 QUALCOMM Build: Iabe52cfaeae4c5fab1acacfe6f056ba15fa93274
01-06 15:59:22.654 D/OpenGLRenderer(16312): Enabling debug mode 0
01-06 15:59:22.654 I/System.out(16312): SurfaceCreated
01-06 15:59:22.654 E/QCamera3HWI(15830): camera_metadata_t* qcamera::QCamera3HardwareInterface::translateCapabilityToMetadata(int): Setting focus mode to auto
01-06 15:59:22.664 E/mm-jpeg-intf(15830): mm_jpeg_init:1664] Launch jobmgr thread rc 0
01-06 15:59:22.664 E/qomx_image_core(15830): OMX_Init:84] Complete 1
01-06 15:59:22.694 E/mm-camera-sensor(  218): port_sensor_caps_reserve:115 ide 10002 stream type 1 w*h 1920*1080
01-06 15:59:22.694 E/mm-camera-sensor(  218): port_sensor_ext_link_func:184 ide 10002
01-06 15:59:22.694 E/mm-camera(  218): c2d_port_check_caps_reserve:77, identity=0x10002
01-06 15:59:22.694 E/mm-camera(  218): c2d_port_check_caps_reserve:143, identity=0x10002, reserved
01-06 15:59:22.694 E/mm-camera(  218): c2d_module_notify_add_stream:983] Rotation:0
01-06 15:59:22.694 E/mm-camera(  218): c2d_module_notify_add_stream:1035, info: success, identity=0x10002
01-06 15:59:22.724 I/QCamera3Stream(15830): virtual int32_t qcamera::QCamera3Stream::init(cam_stream_type_t, cam_format_t, cam_dimension_t, uint8_t, qcamera::stream_cb_routine, void*): disabling stream_cb for snapshot
01-06 15:59:22.724 E/mm-camera(  218): mct_stream_start_link: Regular snapshot
01-06 15:59:22.724 E/mm-camera-sensor(  218): port_sensor_caps_reserve:115 ide 10003 stream type 3 w*h 2592*1944
01-06 15:59:22.724 E/mm-camera-sensor(  218): port_sensor_ext_link_func:184 ide 10003
01-06 15:59:22.724 E/mm-camera(  218): mct_get_compatible_dest_port: Check link failed
01-06 15:59:22.724 E/mm-camera(  218): mct_get_compatible_dest_port: Check link failed
01-06 15:59:22.724 E/mm-camera(  218): mct_get_compatible_dest_port: Check link failed
01-06 15:59:22.724 E/mm-camera(  218): mct_get_compatible_dest_port: Check link failed
01-06 15:59:22.724 E/mm-camera(  218): mct_get_compatible_dest_port: Check link failed
01-06 15:59:22.724 E/mm-camera(  218): c2d_port_check_caps_reserve:77, identity=0x10003
01-06 15:59:22.724 E/mm-camera(  218): c2d_port_check_caps_reserve:143, identity=0x10003, reserved
01-06 15:59:22.724 E/mm-camera(  218): c2d_module_notify_add_stream:983] Rotation:0
01-06 15:59:22.724 E/mm-camera(  218): c2d_module_notify_add_stream:1035, info: success, identity=0x10003
01-06 15:59:22.765 E/mm-camera-sensor(  218): module_sensor_event_control_set_parm:1028 CAM_INTF_PARM_LED_MODE 0 
01-06 15:59:22.765 E/mm-camera-sensor(  218): 
01-06 15:59:22.765 E/mm-camera(  218): stats_port_proc_downstream_set_parm AF ROI sent x: 0 ,y: 0 dx: 0 dy: 0, weight: 0 
01-06 15:59:22.765 E/mm-camera(  218): isp_util_set_param_crop_region, no active stream yet
01-06 15:59:22.765 E/mm-camera(  218): mct_pipeline_process_set: stream_type = 7
01-06 15:59:22.765 D/QCamera3Channel(15830): virtual int32_t qcamera::QCamera3RegularChannel::request(const native_handle_t**, uint32_t): First request on this channel starting stream
01-06 15:59:22.775 D/QCameraHWI_Mem(15830): int qcamera::QCamera3GrallocMemory::registerBuffers(uint32_t, const native_handle_t***): idx = 0, fd = 42, size = 3112960, offset = 0
01-06 15:59:22.775 D/QCameraHWI_Mem(15830): int qcamera::QCamera3GrallocMemory::registerBuffers(uint32_t, const native_handle_t***): idx = 1, fd = 45, size = 3112960, offset = 0
01-06 15:59:22.775 D/QCameraHWI_Mem(15830): int qcamera::QCamera3GrallocMemory::registerBuffers(uint32_t, const native_handle_t***): idx = 2, fd = 47, size = 3112960, offset = 0
01-06 15:59:22.775 D/QCameraHWI_Mem(15830): int qcamera::QCamera3GrallocMemory::registerBuffers(uint32_t, const native_handle_t***): idx = 3, fd = 49, size = 3112960, offset = 0
01-06 15:59:22.775 D/QCameraHWI_Mem(15830): int qcamera::QCamera3GrallocMemory::registerBuffers(uint32_t, const native_handle_t***): idx = 4, fd = 51, size = 3112960, offset = 0
01-06 15:59:22.775 D/QCameraHWI_Mem(15830): int qcamera::QCamera3GrallocMemory::registerBuffers(uint32_t, const native_handle_t***): idx = 5, fd = 53, size = 3112960, offset = 0
01-06 15:59:22.775 E/mm-camera(  218): mct_pipeline_process_set: stream_type = 1
01-06 15:59:22.775 E/mm-camera-sensor(  218): module_sensor_stream_on:562 ide 10002 SENSOR_START_STREAM
01-06 15:59:22.775 E/mm-camera-sensor(  218): module_sensor_stream_on:756 SENSOR_SET_RESOLUTION 2592*1944 mask a
01-06 15:59:22.775 E/mm-camera-sensor(  218): sensor_set_resolution:956 width 2592, height 1944
01-06 15:59:22.775 E/mm-camera-sensor(  218): sensor_set_resolution:958 stream mask a hfr mode 0 fps 15.000000
01-06 15:59:22.775 E/mm-camera-sensor(  218): sensor_set_resolution:1001 cur res 8 new res 0
01-06 15:59:22.785 E/mm-camera(  218): isp_sink_port_stream_config: session_id = 1, stream_id = 2, is_split = 0
01-06 15:59:22.795 E/mm-camera(  218): isp_sink_port_stream_config: session_id = 1, stream_id = 3, is_split = 0
01-06 15:59:22.805 I/ActivityManager(  512): Displayed uk.ac.st_andrews.cs.host.mk74.energymeasurement.cam/.MainActivity: +560ms
01-06 15:59:22.825 E/mm-camera-sensor(  218): persist_whitebalance_calibration:66 r_over_g_calib_factor = 0.992188
01-06 15:59:22.825 E/mm-camera-sensor(  218): 
01-06 15:59:22.825 E/mm-camera-sensor(  218): persist_whitebalance_calibration:67 b_over_g_calib_factor = 1.015625
01-06 15:59:22.825 E/mm-camera-sensor(  218): 
01-06 15:59:22.825 E/mm-camera-sensor(  218): persist_whitebalance_calibration:68 gr_over_gb_calib_factor = 1.000000
01-06 15:59:22.825 E/mm-camera-sensor(  218): 
01-06 15:59:22.835 E/mm-camera(  218): af_port_handle_control_event: AF not supported (yet)!
01-06 15:59:22.835 E/mm-camera(  218): af_port_handle_control_event: AF not supported (yet)!
01-06 15:59:22.835 E/mm-camera(  218): af_port_handle_control_event: AF not supported (yet)!
01-06 15:59:22.835 E/mm-camera(  218): af_port_handle_control_event: AF not supported (yet)!
01-06 15:59:22.835 E/mm-camera(  218): af_port_handle_control_event: AF not supported (yet)!
01-06 15:59:22.835 E/mm-camera(  218): af_port_handle_control_event: AF not supported (yet)!
01-06 15:59:22.835 E/mm-camera(  218): af_port_handle_control_event: AF not supported (yet)!
01-06 15:59:22.835 E/mm-camera(  218): af_port_handle_control_event: AF not supported (yet)!
01-06 15:59:22.835 E/mm-camera(  218): af_port_handle_control_event: AF not supported (yet)!
01-06 15:59:22.835 E/mm-camera(  218): af_port_handle_control_event: AF not supported (yet)!
01-06 15:59:22.835 E/mm-camera(  218): af_port_handle_control_event: AF not supported (yet)!
01-06 15:59:22.835 E/mm-camera(  218): af_port_handle_control_event: AF not supported (yet)!
01-06 15:59:22.835 E/mm-camera(  218): af_port_handle_control_event: AF not supported (yet)!
01-06 15:59:22.835 E/mm-camera(  218): c2d_module_handle_streamon_event:768, identity=0x10002, stream-on done
01-06 15:59:22.835 E/mm-camera(  218): c2d_module_handle_streamon_event:789] failed chromatix_param is NULL
01-06 15:59:22.865 I/mm-camera(  218): isp_fmt_to_pix_pattern: format 30
01-06 15:59:22.865 I/mm-camera(  218): isp_fmt_to_pix_pattern: format 30
01-06 15:59:22.865 I/mm-camera(  218): isp_fmt_to_pix_pattern: format 30
01-06 15:59:22.865 I/mm-camera(  218): vfe_calc_fov: out1w = 2592, out1h = 1944, out2w = 2048, out2h = 1536
01-06 15:59:22.865 I/mm-camera(  218): vfe_calc_fov: demosaic first_p = 0, last_p = 2591, first_l = 0, last_l = 1943
01-06 15:59:22.865 I/mm-camera(  218): vfe_calc_fov: crop_factor = 4096, x=0, y=0, crop_out_x=2592, crop_out_y=1944
01-06 15:59:22.865 I/mm-camera(  218): main_scaler_config: ip_w=2592, ip_h=1944
01-06 15:59:22.865 I/mm-camera(  218): main_scaler_config: op_w=2592, op_h=1944
01-06 15:59:22.865 E/mm-camera(  218): isp_pipeline_start: 1250
01-06 15:59:22.865 I/mm-camera(  218): isp_fmt_to_pix_pattern: format 30
01-06 15:59:22.865 E/mm-camera(  218): isp_pipeline_reset_hist_dmi, Enter
01-06 15:59:22.865 E/mm-camera(  218): isp_pipeline_reset_hist_dmi, Enter
01-06 15:59:22.865 E/mm-camera(  218): isp_pipeline_reset_hist_dmi, Enter
01-06 15:59:22.875 E/mm-camera(  218): isp_axi_util_subscribe_v4l2_event: event_type = 0x8000100, is_subscribe = 1
01-06 15:59:22.885 E/mm-camera-sensor(  218): module_sensor_stream_on:742 ide 10002 SENSOR_START_STREAM
01-06 15:59:22.925 E/mm-camera(  218): ### AWB not confident
01-06 15:59:23.055 E/mm-camera(  218): ### AWB not confident
01-06 15:59:23.065 I/MediaRecorderJNI(16312): prepare: surface=0x74565bb8
01-06 15:59:23.065 I/System.out(16312): about to start recording
01-06 15:59:23.065 W/StagefrightRecorder(15830): Intended video encoding frame rate (-1 fps) is too small and will be set to (15 fps)
01-06 15:59:23.075 E/QCamera3HWI(15830): camera_metadata_t* qcamera::QCamera3HardwareInterface::translateCapabilityToMetadata(int): Setting focus mode to auto
01-06 15:59:23.075 E/OMX-VENC-720p(15830): 
01-06 15:59:23.075 E/OMX-VENC-720p(15830):  Is component secure 0
01-06 15:59:23.105 E/OMX-VENC-720p(15830): 
01-06 15:59:23.105 E/OMX-VENC-720p(15830): WARNING: Unsupported Color format [2130708361]
01-06 15:59:23.105 E/OMX-VENC-720p(15830): 
01-06 15:59:23.105 E/OMX-VENC-720p(15830): C2D init is successful
01-06 15:59:23.105 E/OMX-VENC-720p(15830): 
01-06 15:59:23.105 E/OMX-VENC-720p(15830): WARNING: Unsupported Color format [2130708361]
01-06 15:59:23.105 E/OMX-VENC-720p(15830): 
01-06 15:59:23.105 E/OMX-VENC-720p(15830): WARNING: Requested i/p bufsize[38016],Driver's updated i/p bufsize = 40960
01-06 15:59:23.105 E/OMX-VENC-720p(15830): get_parameter: OMX_IndexParamVideoProfileLevelQuerySupported for Input port returned Profile:1, Level:128
01-06 15:59:23.105 E/OMX-VENC-720p(15830): 
01-06 15:59:23.105 E/OMX-VENC-720p(15830):  venc_set_intra_period: nPFrames = 14 nBFrames = 0
01-06 15:59:23.105 I/MPEG4Writer(15830): limits: 2147483647/0 bytes/us, bit rate: 192000 bps and the estimated moov size 3072 bytes
01-06 15:59:23.105 E/OMX-VENC-720p(15830): 
01-06 15:59:23.105 E/OMX-VENC-720p(15830):  Allocated virt:0xafc38000, FD: 107 of size 65536 at index: 0
01-06 15:59:23.105 E/OMX-VENC-720p(15830): 
01-06 15:59:23.105 E/OMX-VENC-720p(15830):  Allocated virt:0xafc28000, FD: 109 of size 65536 at index: 1
01-06 15:59:23.125 D/audio_hw_primary(15830): start_output_stream: enter: usecase(1: low-latency-playback) devices(0x2)
01-06 15:59:23.125 D/audio_hw_primary(15830): select_devices: out_snd_device(2: speaker) in_snd_device(0: none)
01-06 15:59:23.125 D/audio_hw_primary(15830): enable_snd_device: sending audio calibration for snd_device(2) acdb_id(14)
01-06 15:59:23.125 D/ACDB-LOADER(15830): ACDB -> send_afe_cal
01-06 15:59:23.125 D/audio_hw_primary(15830): enable_snd_device: snd_device(2: speaker)
01-06 15:59:23.135 I/Adreno200-C2D(  218): <c2d_wrapper_init:137>: C2D2 initializing a3xx version: libc2d2_a3xx.so
01-06 15:59:23.135 I/Adreno200-C2D(  218): <c2d_wrapper_init:208>: C2D2 wrapper initialized successfully
01-06 15:59:23.135 D/audio_hw_primary(15830): enable_audio_route: apply mixer path: low-latency-playback
01-06 15:59:23.145 D/audio_hw_primary(15830): start_output_stream: exit
01-06 15:59:23.195 E/mm-camera(  218): ### AWB not confident
01-06 15:59:23.325 E/mm-camera(  218): ### AWB not confident
01-06 15:59:23.345 E/mm-camera(  218): mct_pipeline_process_set: stream_type = 1
01-06 15:59:23.345 E/mm-camera-sensor(  218): module_sensor_module_process_event:1210 ide 10002 MCT_EVENT_CONTROL_STREAMOFF
01-06 15:59:23.345 E/mm-camera(  218): c2d_module_handle_streamoff_event:823, info: doing stream-off for identity 0x10002
01-06 15:59:23.345 E/mm-camera(  218): c2d_module_handle_streamoff_event:873, info: stream-off done for identity 0x10002
01-06 15:59:23.345 E/mm-camera(  218): isp_axi_util_subscribe_v4l2_event: event_type = 0x8000100, is_subscribe = 0
01-06 15:59:23.495 E/mm-camera-sensor(  218): module_sensor_module_process_event:1227 ide 10002 MCT_EVENT_CONTROL_STREAMOFF
01-06 15:59:23.495 D/QCameraHWI_Mem(15830): put buffer 0 successfully
01-06 15:59:23.495 D/QCameraHWI_Mem(15830): put buffer 1 successfully
01-06 15:59:23.495 D/QCameraHWI_Mem(15830): put buffer 2 successfully
01-06 15:59:23.495 D/QCameraHWI_Mem(15830): put buffer 3 successfully
01-06 15:59:23.495 D/QCameraHWI_Mem(15830): put buffer 4 successfully
01-06 15:59:23.505 D/QCameraHWI_Mem(15830): put buffer 5 successfully
01-06 15:59:23.505 D/QCamera3Stream(15830): static void* qcamera::QCamera3Stream::dataProcRoutine(void*): Exit
01-06 15:59:23.505 E/QCamera3Channel(15830): int32_t qcamera::QCamera3Channel::stop(): Attempt to stop inactive channel
01-06 15:59:23.505 E/mm-camera-sensor(  218): port_sensor_unlink_func:206 ide 10002
01-06 15:59:23.505 E/mm-camera-sensor(  218): port_sensor_caps_unreserve:169 ide 10002
01-06 15:59:23.505 E/mm-camera(  218): c2d_port_check_caps_unreserve:170, identity=0x10002
01-06 15:59:23.505 E/mm-camera(  218): c2d_port_check_caps_unreserve:179, identity=0x10002, unreserved
01-06 15:59:23.505 E/QCamera3Channel(15830): virtual qcamera::QCamera3Channel::~QCamera3Channel(): deleting channel 7937
01-06 15:59:23.505 E/mm-jpeg-intf(15830): mm_jpeg_close:2124] E
01-06 15:59:23.515 E/mm-jpeg-intf(15830): mm_jpeg_close:2129] 
01-06 15:59:23.515 E/mm-jpeg-intf(15830): mm_jpeg_close:2137] 
01-06 15:59:23.515 E/mm-jpeg-intf(15830): mm_jpeg_close:2140] 
01-06 15:59:23.515 E/mm-jpeg-intf(15830): mm_jpeg_close:2147] X
01-06 15:59:23.515 E/qomx_image_core(15830): OMX_Deinit:101] Complete
01-06 15:59:23.515 D/QCamera3PostProc(15830): int32_t qcamera::QCamera3PostProcessor::deinit(): Jpeg closed, rc = 0, mJpegClientHandle = 500
01-06 15:59:23.515 E/mm-camera-sensor(  218): port_sensor_unlink_func:206 ide 10003
01-06 15:59:23.515 E/mm-camera-sensor(  218): port_sensor_caps_unreserve:169 ide 10003
01-06 15:59:23.525 E/mm-camera(  218): c2d_port_check_caps_unreserve:170, identity=0x10003
01-06 15:59:23.525 E/mm-camera(  218): c2d_port_check_caps_unreserve:179, identity=0x10003, unreserved
01-06 15:59:23.525 E/mm-camera(  218): q3a_thread_aecawb_stop:295 MSG_STOP_THREAD
01-06 15:59:23.525 E/QCamera3Channel(15830): virtual qcamera::QCamera3Channel::~QCamera3Channel(): deleting channel 8450
01-06 15:59:23.535 E/mm-jpeg-intf(15830): mm_jpeg_init:1664] Launch jobmgr thread rc 0
01-06 15:59:23.535 E/qomx_image_core(15830): OMX_Init:84] Complete 1
01-06 15:59:23.535 E/mm-camera-sensor(  218): port_sensor_caps_reserve:115 ide 10002 stream type 1 w*h 1920*1080
01-06 15:59:23.535 E/mm-camera-sensor(  218): port_sensor_ext_link_func:184 ide 10002
01-06 15:59:23.535 E/mm-camera(  218): c2d_port_check_caps_reserve:77, identity=0x10002
01-06 15:59:23.535 E/mm-camera(  218): c2d_port_check_caps_reserve:143, identity=0x10002, reserved
01-06 15:59:23.535 E/mm-camera(  218): c2d_module_notify_add_stream:983] Rotation:0
01-06 15:59:23.535 E/mm-camera(  218): c2d_module_notify_add_stream:1035, info: success, identity=0x10002
01-06 15:59:23.535 I/QCamera3Stream(15830): virtual int32_t qcamera::QCamera3Stream::init(cam_stream_type_t, cam_format_t, cam_dimension_t, uint8_t, qcamera::stream_cb_routine, void*): disabling stream_cb for snapshot
01-06 15:59:23.535 E/mm-camera(  218): mct_stream_start_link: Regular snapshot
01-06 15:59:23.535 E/mm-camera-sensor(  218): port_sensor_caps_reserve:115 ide 10003 stream type 3 w*h 2592*1944
01-06 15:59:23.535 E/mm-camera-sensor(  218): port_sensor_ext_link_func:184 ide 10003
01-06 15:59:23.535 E/mm-camera(  218): mct_get_compatible_dest_port: Check link failed
01-06 15:59:23.535 E/mm-camera(  218): mct_get_compatible_dest_port: Check link failed
01-06 15:59:23.535 E/mm-camera(  218): mct_get_compatible_dest_port: Check link failed
01-06 15:59:23.535 E/mm-camera(  218): mct_get_compatible_dest_port: Check link failed
01-06 15:59:23.535 E/mm-camera(  218): mct_get_compatible_dest_port: Check link failed
01-06 15:59:23.535 E/mm-camera(  218): c2d_port_check_caps_reserve:77, identity=0x10003
01-06 15:59:23.535 E/mm-camera(  218): c2d_port_check_caps_reserve:143, identity=0x10003, reserved
01-06 15:59:23.535 E/mm-camera(  218): c2d_module_notify_add_stream:983] Rotation:0
01-06 15:59:23.535 E/mm-camera(  218): c2d_module_notify_add_stream:1035, info: success, identity=0x10003
01-06 15:59:23.555 E/mm-camera-sensor(  218): port_sensor_caps_reserve:115 ide 10004 stream type 4 w*h 176*144
01-06 15:59:23.555 E/mm-camera-sensor(  218): port_sensor_ext_link_func:184 ide 10004
01-06 15:59:23.555 E/mm-camera(  218): mct_get_compatible_dest_port: Check link failed
01-06 15:59:23.555 E/mm-camera(  218): mct_get_compatible_dest_port: Check link failed
01-06 15:59:23.555 E/mm-camera(  218): mct_get_compatible_dest_port: Check link failed
01-06 15:59:23.555 E/mm-camera(  218): mct_get_compatible_dest_port: Check link failed
01-06 15:59:23.555 E/mm-camera(  218): c2d_port_check_caps_reserve:77, identity=0x10004
01-06 15:59:23.555 E/mm-camera(  218): c2d_port_check_caps_reserve:143, identity=0x10004, reserved
01-06 15:59:23.555 E/mm-camera(  218): c2d_module_notify_add_stream:983] Rotation:0
01-06 15:59:23.555 E/mm-camera(  218): c2d_module_notify_add_stream:1035, info: success, identity=0x10004
01-06 15:59:23.555 E/mm-camera-sensor(  218): module_sensor_event_control_set_parm:1028 CAM_INTF_PARM_LED_MODE 0 
01-06 15:59:23.555 E/mm-camera-sensor(  218): 
01-06 15:59:23.555 E/mm-camera(  218): isp_util_set_param_crop_region, no active stream yet
01-06 15:59:23.555 D/QCamera3Channel(15830): virtual int32_t qcamera::QCamera3RegularChannel::request(const native_handle_t**, uint32_t): First request on this channel starting stream
01-06 15:59:23.555 D/QCameraHWI_Mem(15830): int qcamera::QCamera3GrallocMemory::registerBuffers(uint32_t, const native_handle_t***): idx = 0, fd = 42, size = 3112960, offset = 0
01-06 15:59:23.555 D/QCameraHWI_Mem(15830): int qcamera::QCamera3GrallocMemory::registerBuffers(uint32_t, const native_handle_t***): idx = 1, fd = 45, size = 3112960, offset = 0
01-06 15:59:23.555 D/QCameraHWI_Mem(15830): int qcamera::QCamera3GrallocMemory::registerBuffers(uint32_t, const native_handle_t***): idx = 2, fd = 47, size = 3112960, offset = 0
01-06 15:59:23.555 D/QCameraHWI_Mem(15830): int qcamera::QCamera3GrallocMemory::registerBuffers(uint32_t, const native_handle_t***): idx = 3, fd = 49, size = 3112960, offset = 0
01-06 15:59:23.555 D/QCameraHWI_Mem(15830): int qcamera::QCamera3GrallocMemory::registerBuffers(uint32_t, const native_handle_t***): idx = 4, fd = 51, size = 3112960, offset = 0
01-06 15:59:23.555 D/QCameraHWI_Mem(15830): int qcamera::QCamera3GrallocMemory::registerBuffers(uint32_t, const native_handle_t***): idx = 5, fd = 53, size = 3112960, offset = 0
01-06 15:59:23.565 E/mm-camera(  218): mct_pipeline_process_set: stream_type = 1
01-06 15:59:23.565 E/mm-camera-sensor(  218): module_sensor_stream_on:562 ide 10002 SENSOR_START_STREAM
01-06 15:59:23.565 E/mm-camera-sensor(  218): module_sensor_stream_on:756 SENSOR_SET_RESOLUTION 2592*1944 mask 1a
01-06 15:59:23.565 E/mm-camera-sensor(  218): sensor_set_resolution:956 width 2592, height 1944
01-06 15:59:23.565 E/mm-camera-sensor(  218): sensor_set_resolution:958 stream mask 1a hfr mode 0 fps 15.000000
01-06 15:59:23.565 E/mm-camera-sensor(  218): sensor_set_resolution:1001 cur res 0 new res 0
01-06 15:59:23.565 E/mm-camera(  218): isp_sink_port_stream_config: session_id = 1, stream_id = 2, is_split = 0
01-06 15:59:23.575 I/System.out(16312): Values: 3104
01-06 15:59:23.575 E/mm-camera(  218): isp_sink_port_stream_config: session_id = 1, stream_id = 3, is_split = 0
01-06 15:59:23.575 E/mm-camera(  218): isp_sink_port_stream_config: session_id = 1, stream_id = 4, is_split = 0
01-06 15:59:23.575 E/mm-camera-sensor(  218): persist_whitebalance_calibration:66 r_over_g_calib_factor = 0.992188
01-06 15:59:23.575 E/mm-camera-sensor(  218): 
01-06 15:59:23.575 E/mm-camera-sensor(  218): persist_whitebalance_calibration:67 b_over_g_calib_factor = 1.015625
01-06 15:59:23.575 E/mm-camera-sensor(  218): 
01-06 15:59:23.575 E/mm-camera-sensor(  218): persist_whitebalance_calibration:68 gr_over_gb_calib_factor = 1.000000
01-06 15:59:23.575 E/mm-camera-sensor(  218): 
01-06 15:59:23.595 E/mm-camera(  218): c2d_module_handle_streamon_event:768, identity=0x10002, stream-on done
01-06 15:59:23.595 E/mm-camera(  218): c2d_module_handle_streamon_event:789] failed chromatix_param is NULL
01-06 15:59:23.615 I/mm-camera(  218): isp_fmt_to_pix_pattern: format 30
01-06 15:59:23.615 I/mm-camera(  218): isp_fmt_to_pix_pattern: format 30
01-06 15:59:23.615 I/mm-camera(  218): isp_fmt_to_pix_pattern: format 30
01-06 15:59:23.635 I/mm-camera(  218): vfe_calc_fov: out1w = 2592, out1h = 1944, out2w = 2048, out2h = 1536
01-06 15:59:23.635 I/mm-camera(  218): vfe_calc_fov: demosaic first_p = 0, last_p = 2591, first_l = 0, last_l = 1943
01-06 15:59:23.635 I/mm-camera(  218): vfe_calc_fov: crop_factor = 4096, x=0, y=0, crop_out_x=2592, crop_out_y=1944
01-06 15:59:23.635 I/mm-camera(  218): main_scaler_config: ip_w=2592, ip_h=1944
01-06 15:59:23.635 I/mm-camera(  218): main_scaler_config: op_w=2592, op_h=1944
01-06 15:59:23.635 E/mm-camera(  218): isp_pipeline_start: 1250
01-06 15:59:23.635 I/mm-camera(  218): isp_fmt_to_pix_pattern: format 30
01-06 15:59:23.635 E/mm-camera(  218): isp_pipeline_reset_hist_dmi, Enter
01-06 15:59:23.635 E/mm-camera(  218): isp_pipeline_reset_hist_dmi, Enter
01-06 15:59:23.635 E/mm-camera(  218): isp_pipeline_reset_hist_dmi, Enter
01-06 15:59:23.635 E/mm-camera(  218): isp_axi_util_subscribe_v4l2_event: event_type = 0x8000100, is_subscribe = 1
01-06 15:59:23.645 E/mm-camera-sensor(  218): module_sensor_stream_on:742 ide 10002 SENSOR_START_STREAM
01-06 15:59:23.675 E/mm-camera(  218): linearization_set_params: param_id is not supported in this module
01-06 15:59:23.675 E/mm-camera(  218): pca_rolloff_set_params: param_id is not supported in this module
01-06 15:59:23.675 E/mm-camera(  218): wb_set_params: param_id is not supported in this module
01-06 15:59:23.675 E/mm-camera(  218): demosaic_set_params: param_id 6, is not supported in this module
01-06 15:59:23.675 E/mm-camera(  218): demux_set_params: param_id 6, is not supported in this module
01-06 15:59:23.675 E/mm-camera(  218): clf_set_params: param_id 6, is not supported in this module
01-06 15:59:23.675 E/mm-camera(  218): mce_set_params: param_id is not supported in this module
01-06 15:59:23.675 E/mm-camera(  218): sce_set_params: param_id is not supported in this module
01-06 15:59:23.675 E/mm-camera(  218): linearization_set_params: param_id is not supported in this module
01-06 15:59:23.675 E/mm-camera(  218): pca_rolloff_set_params: param_id is not supported in this module
01-06 15:59:23.675 E/mm-camera(  218): demosaic_set_params: param_id 8, is not supported in this module
01-06 15:59:23.675 E/mm-camera(  218): demux_set_params: param_id 8, is not supported in this module
01-06 15:59:23.675 E/mm-camera(  218): clf_set_params: param_id 8, is not supported in this module
01-06 15:59:23.675 E/mm-camera-sensor(  218): module_sensor_event_control_set_parm:1028 CAM_INTF_PARM_LED_MODE 0 
01-06 15:59:23.675 E/mm-camera-sensor(  218): 
01-06 15:59:23.675 I/mm-camera(  218): Zoom_DBG:fov_adjust_crop_window: out1w = 2592, out1h = 1944, out2w = 2048, out2h = 1536
01-06 15:59:23.675 I/mm-camera(  218): main_scaler_config: ip_w=2592, ip_h=1944
01-06 15:59:23.675 I/mm-camera(  218): main_scaler_config: op_w=2592, op_h=1944
01-06 15:59:23.685 D/QCamera3Channel(15830): virtual int32_t qcamera::QCamera3RegularChannel::request(const native_handle_t**, uint32_t): First request on this channel starting stream
01-06 15:59:23.685 D/QCameraHWI_Mem(15830): int qcamera::QCamera3GrallocMemory::registerBuffers(uint32_t, const native_handle_t***): idx = 0, fd = 77, size = 40960, offset = 0
01-06 15:59:23.685 D/QCameraHWI_Mem(15830): int qcamera::QCamera3GrallocMemory::registerBuffers(uint32_t, const native_handle_t***): idx = 1, fd = 79, size = 40960, offset = 0
01-06 15:59:23.685 D/QCameraHWI_Mem(15830): int qcamera::QCamera3GrallocMemory::registerBuffers(uint32_t, const native_handle_t***): idx = 2, fd = 113, size = 40960, offset = 0
01-06 15:59:23.685 D/QCameraHWI_Mem(15830): int qcamera::QCamera3GrallocMemory::registerBuffers(uint32_t, const native_handle_t***): idx = 3, fd = 115, size = 40960, offset = 0
01-06 15:59:23.685 D/QCameraHWI_Mem(15830): int qcamera::QCamera3GrallocMemory::registerBuffers(uint32_t, const native_handle_t***): idx = 4, fd = 117, size = 40960, offset = 0
01-06 15:59:23.685 D/QCameraHWI_Mem(15830): int qcamera::QCamera3GrallocMemory::registerBuffers(uint32_t, const native_handle_t***): idx = 5, fd = 119, size = 40960, offset = 0
01-06 15:59:23.685 D/QCameraHWI_Mem(15830): int qcamera::QCamera3GrallocMemory::registerBuffers(uint32_t, const native_handle_t***): idx = 6, fd = 121, size = 40960, offset = 0
01-06 15:59:23.685 D/QCameraHWI_Mem(15830): int qcamera::QCamera3GrallocMemory::registerBuffers(uint32_t, const native_handle_t***): idx = 7, fd = 123, size = 40960, offset = 0
01-06 15:59:23.685 D/QCameraHWI_Mem(15830): int qcamera::QCamera3GrallocMemory::registerBuffers(uint32_t, const native_handle_t***): idx = 8, fd = 125, size = 40960, offset = 0
01-06 15:59:23.685 E/mm-camera(  218): mct_pipeline_process_set: stream_type = 4
01-06 15:59:23.685 E/mm-camera-sensor(  218): module_sensor_stream_on:562 ide 10004 SENSOR_START_STREAM
01-06 15:59:23.685 E/mm-camera(  218): c2d_module_handle_streamon_event:768, identity=0x10004, stream-on done
01-06 15:59:23.685 E/mm-camera(  218): c2d_module_handle_streamon_event:789] failed chromatix_param is NULL
01-06 15:59:23.685 I/mm-camera(  218): vfe_calc_fov: out1w = 2592, out1h = 1944, out2w = 2048, out2h = 1536
01-06 15:59:23.685 I/mm-camera(  218): vfe_calc_fov: demosaic first_p = 0, last_p = 2591, first_l = 0, last_l = 1943
01-06 15:59:23.685 I/mm-camera(  218): vfe_calc_fov: crop_factor = 4096, x=0, y=0, crop_out_x=2592, crop_out_y=1944
01-06 15:59:23.685 I/mm-camera(  218): main_scaler_config: ip_w=2592, ip_h=1944
01-06 15:59:23.685 I/mm-camera(  218): main_scaler_config: op_w=2592, op_h=1944
01-06 15:59:23.715 E/mm-camera(  218): ### AWB not confident
01-06 15:59:23.816 E/Camera2-FrameProcessor(15830): process3aState: Camera 0: No AE state provided by HAL for frame 4!
01-06 15:59:23.816 E/Camera2-FrameProcessor(15830): process3aState: Camera 0: No AF state provided by HAL for frame 4!
01-06 15:59:23.816 E/Camera2-FrameProcessor(15830): process3aState: Camera 0: No AWB state provided by HAL for frame 4!
01-06 15:59:23.816 E/Camera2-FrameProcessor(15830): process3aState: Camera 0: No AF trigger ID provided by HAL for frame 4!
01-06 15:59:23.816 E/Camera2-FrameProcessor(15830): process3aState: Camera 0: No AE precapture trigger ID provided by HAL for frame 4!
01-06 15:59:23.846 E/mm-camera(  218): ### AWB not confident
01-06 15:59:23.976 E/mm-camera(  218): ### AWB not confident
01-06 15:59:24.116 E/mm-camera(  218): ### AWB not confident
01-06 15:59:24.206 I/MPEG4Writer(15830): setStartTimestampUs: 708282
01-06 15:59:24.206 I/MPEG4Writer(15830): Earliest track starting time: 708282
01-06 15:59:24.246 E/mm-camera(  218): ### AWB not confident
01-06 15:59:24.376 E/mm-camera(  218): ### AWB not confident
01-06 15:59:24.516 E/mm-camera(  218): ### AWB not confident
01-06 15:59:24.576 I/System.out(16312): Values: 5344
01-06 15:59:24.646 E/mm-camera(  218): ### AWB not confident
01-06 15:59:24.776 E/mm-camera(  218): ### AWB not confident
01-06 15:59:24.917 E/mm-camera(  218): ### AWB not confident
01-06 15:59:25.047 E/mm-camera(  218): ### AWB not confident
01-06 15:59:25.177 E/mm-camera(  218): ### AWB not confident
01-06 15:59:25.317 E/mm-camera(  218): ### AWB not confident
01-06 15:59:25.327 D/dalvikvm(16312): Debugger has detached; object registry had 1 entries
01-06 15:59:25.447 E/mm-camera(  218): ### AWB not confident
01-06 15:59:25.567 I/System.out(16312): Values: 21485
01-06 15:59:25.577 E/mm-camera(  218): ### AWB not confident
01-06 15:59:25.717 E/mm-camera(  218): ### AWB not confident
01-06 15:59:25.848 E/mm-camera(  218): ### AWB not confident
01-06 15:59:25.978 D/PicasaSyncManager( 4272): battery info: false
01-06 15:59:25.978 D/PicasaUploaderSyncManager(13425): battery info: false
01-06 15:59:25.988 E/mm-camera(  218): ### AWB not confident
01-06 15:59:26.068 D/dalvikvm(  512): GC_CONCURRENT freed 2143K, 23% free 17506K/22484K, paused 4ms+7ms, total 99ms
01-06 15:59:26.118 E/mm-camera(  218): ### AWB not confident
01-06 15:59:26.248 E/mm-camera(  218): ### AWB not confident
01-06 15:59:26.248 E/mm-camera(  218): af_util_update_focus_status: AF Status already updated to output!Return!
01-06 15:59:26.248 E/mm-camera-sensor(  218): af_actuator_move_focus:132 error
01-06 15:59:26.388 E/mm-camera(  218): ### AWB not confident
01-06 15:59:26.518 E/mm-camera(  218): ### AWB not confident
01-06 15:59:26.568 I/System.out(16312): Values: 32093
01-06 15:59:26.648 E/mm-camera(  218): ### AWB not confident
01-06 15:59:26.778 E/mm-camera(  218): ### AWB not confident
01-06 15:59:26.919 E/mm-camera(  218): ### AWB not confident
01-06 15:59:26.939 D/audio_hw_primary(15830): out_standby: enter: usecase(1: low-latency-playback)
01-06 15:59:26.989 D/audio_hw_primary(15830): stop_output_stream: enter: usecase(1: low-latency-playback)
01-06 15:59:26.989 D/audio_hw_primary(15830): disable_audio_route: reset mixer path: low-latency-playback
01-06 15:59:26.989 D/audio_hw_primary(15830): disable_snd_device: snd_device(2: speaker)
01-06 15:59:26.989 D/audio_hw_primary(15830): stop_output_stream: exit: status(0)
01-06 15:59:26.989 D/audio_hw_primary(15830): out_standby: exit
01-06 15:59:27.049 E/mm-camera(  218): ### AWB not confident
01-06 15:59:27.189 E/mm-camera(  218): ### AWB not confident
01-06 15:59:27.309 E/mm-camera(  218): ### AWB not confident
01-06 15:59:27.439 E/mm-camera(  218): ### AWB not confident
01-06 15:59:27.559 I/System.out(16312): Values: 42134
01-06 15:59:27.569 E/mm-camera(  218): ### AWB not confident
01-06 15:59:27.709 E/mm-camera(  218): ### AWB not confident
01-06 15:59:27.839 E/mm-camera(  218): ### AWB not confident
01-06 15:59:27.970 E/mm-camera(  218): ### AWB not confident
01-06 15:59:28.110 E/mm-camera(  218): ### AWB not confident
01-06 15:59:28.240 E/mm-camera(  218): ### AWB not confident
01-06 15:59:28.370 E/mm-camera(  218): ### AWB not confident
01-06 15:59:28.510 E/mm-camera(  218): ### AWB not confident
01-06 15:59:28.560 I/System.out(16312): Values: 52747
01-06 15:59:28.640 E/mm-camera(  218): ### AWB not confident
01-06 15:59:28.770 E/mm-camera(  218): ### AWB not confident
01-06 15:59:28.911 E/mm-camera(  218): ### AWB not confident
01-06 15:59:29.041 E/mm-camera(  218): ### AWB not confident
01-06 15:59:29.181 E/mm-camera(  218): ### AWB not confident
01-06 15:59:29.311 E/mm-camera(  218): ### AWB not confident
01-06 15:59:29.441 E/mm-camera(  218): ### AWB not confident
01-06 15:59:29.571 I/System.out(16312): Values: 62686
01-06 15:59:29.571 E/mm-camera(  218): ### AWB not confident
01-06 15:59:29.711 E/mm-camera(  218): ### AWB not confident
01-06 15:59:29.841 E/mm-camera(  218): ### AWB not confident
01-06 15:59:29.982 E/mm-camera(  218): ### AWB not confident
01-06 15:59:30.112 E/mm-camera(  218): ### AWB not confident
01-06 15:59:30.242 E/mm-camera(  218): ### AWB not confident
01-06 15:59:30.382 E/mm-camera(  218): ### AWB not confident
01-06 15:59:30.512 E/mm-camera(  218): ### AWB not confident
01-06 15:59:30.572 I/System.out(16312): Values: 71938
01-06 15:59:30.642 E/mm-camera(  218): ### AWB not confident
01-06 15:59:30.782 E/mm-camera(  218): ### AWB not confident
01-06 15:59:30.912 E/mm-camera(  218): ### AWB not confident
01-06 15:59:31.043 E/mm-camera(  218): ### AWB not confident
01-06 15:59:31.173 E/mm-camera(  218): ### AWB not confident
01-06 15:59:31.313 E/mm-camera(  218): ### AWB not confident
01-06 15:59:31.443 E/mm-camera(  218): ### AWB not confident
01-06 15:59:31.573 I/System.out(16312): Values: 81019
01-06 15:59:31.573 E/mm-camera(  218): ### AWB not confident
01-06 15:59:31.713 E/mm-camera(  218): ### AWB not confident
01-06 15:59:31.843 E/mm-camera(  218): ### AWB not confident
01-06 15:59:31.974 E/mm-camera(  218): ### AWB not confident
01-06 15:59:32.114 E/mm-camera(  218): ### AWB not confident
01-06 15:59:32.244 E/mm-camera(  218): ### AWB not confident
01-06 15:59:32.384 E/mm-camera(  218): ### AWB not confident
01-06 15:59:32.514 E/mm-camera(  218): ### AWB not confident
01-06 15:59:32.574 I/System.out(16312): Values: 91831
01-06 15:59:32.644 E/mm-camera(  218): ### AWB not confident
01-06 15:59:32.784 E/mm-camera(  218): ### AWB not confident
01-06 15:59:32.914 E/mm-camera(  218): ### AWB not confident
01-06 15:59:33.045 E/mm-camera(  218): ### AWB not confident
01-06 15:59:33.175 E/mm-camera(  218): ### AWB not confident
01-06 15:59:33.315 E/mm-camera(  218): ### AWB not confident
01-06 15:59:33.445 E/mm-camera(  218): ### AWB not confident
