01-10 18:47:39.409 E/mm-camera(  196): ### AWB not confident
01-10 18:47:39.549 E/mm-camera(  196): ### AWB not confident
01-10 18:47:39.679 E/mm-camera(  196): ### AWB not confident
01-10 18:47:39.809 E/mm-camera(  196): ### AWB not confident
01-10 18:47:39.950 E/mm-camera(  196): ### AWB not confident
01-10 18:47:39.990 I/System.out( 2902): Values: 3276258
01-10 18:47:40.080 E/mm-camera(  196): ### AWB not confident
01-10 18:47:40.210 E/mm-camera(  196): ### AWB not confident
01-10 18:47:40.350 E/mm-camera(  196): ### AWB not confident
01-10 18:47:40.480 E/mm-camera(  196): ### AWB not confident
01-10 18:47:40.610 E/mm-camera(  196): ### AWB not confident
01-10 18:47:40.750 E/mm-camera(  196): ### AWB not confident
01-10 18:47:40.880 E/mm-camera(  196): ### AWB not confident
01-10 18:47:40.991 I/System.out( 2902): Values: 3285712
01-10 18:47:41.011 E/mm-camera(  196): ### AWB not confident
01-10 18:47:41.151 E/mm-camera(  196): ### AWB not confident
01-10 18:47:41.281 E/mm-camera(  196): ### AWB not confident
01-10 18:47:41.411 E/mm-camera(  196): ### AWB not confident
01-10 18:47:41.551 E/mm-camera(  196): ### AWB not confident
01-10 18:47:41.681 E/mm-camera(  196): ### AWB not confident
01-10 18:47:41.811 E/mm-camera(  196): ### AWB not confident
01-10 18:47:41.952 E/mm-camera(  196): ### AWB not confident
01-10 18:47:41.992 I/System.out( 2902): Values: 3298826
01-10 18:47:42.082 E/mm-camera(  196): ### AWB not confident
01-10 18:47:42.212 E/mm-camera(  196): ### AWB not confident
01-10 18:47:42.352 E/mm-camera(  196): ### AWB not confident
01-10 18:47:42.482 E/mm-camera(  196): ### AWB not confident
01-10 18:47:42.612 E/mm-camera(  196): ### AWB not confident
01-10 18:47:42.752 E/mm-camera(  196): ### AWB not confident
01-10 18:47:42.882 E/mm-camera(  196): ### AWB not confident
01-10 18:47:42.993 I/System.out( 2902): Values: 3309013
01-10 18:47:43.013 E/mm-camera(  196): ### AWB not confident
01-10 18:47:43.153 E/mm-camera(  196): ### AWB not confident
01-10 18:47:43.283 E/mm-camera(  196): ### AWB not confident
01-10 18:47:43.413 E/mm-camera(  196): ### AWB not confident
01-10 18:47:43.553 E/mm-camera(  196): ### AWB not confident
01-10 18:47:43.683 E/mm-camera(  196): ### AWB not confident
01-10 18:47:43.813 E/mm-camera(  196): ### AWB not confident
01-10 18:47:43.953 E/mm-camera(  196): ### AWB not confident
01-10 18:47:43.994 I/System.out( 2902): Values: 3317003
01-10 18:47:44.084 E/mm-camera(  196): ### AWB not confident
01-10 18:47:44.214 E/mm-camera(  196): ### AWB not confident
01-10 18:47:44.354 E/mm-camera(  196): ### AWB not confident
01-10 18:47:44.484 E/mm-camera(  196): ### AWB not confident
01-10 18:47:44.614 E/mm-camera(  196): ### AWB not confident
01-10 18:47:44.754 E/mm-camera(  196): ### AWB not confident
01-10 18:47:44.884 E/mm-camera(  196): ### AWB not confident
01-10 18:47:44.995 I/System.out( 2902): Values: 3327934
01-10 18:47:45.015 E/mm-camera(  196): ### AWB not confident
01-10 18:47:45.155 E/mm-camera(  196): ### AWB not confident
01-10 18:47:45.285 E/mm-camera(  196): ### AWB not confident
01-10 18:47:45.415 E/mm-camera(  196): ### AWB not confident
01-10 18:47:45.555 E/mm-camera(  196): ### AWB not confident
01-10 18:47:45.685 E/mm-camera(  196): ### AWB not confident
01-10 18:47:45.815 E/mm-camera(  196): ### AWB not confident
01-10 18:47:45.955 E/mm-camera(  196): ### AWB not confident
01-10 18:47:45.995 I/System.out( 2902): Values: 3340319
01-10 18:47:46.086 E/mm-camera(  196): ### AWB not confident
01-10 18:47:46.216 E/mm-camera(  196): ### AWB not confident
01-10 18:47:46.356 E/mm-camera(  196): ### AWB not confident
01-10 18:47:46.486 E/mm-camera(  196): ### AWB not confident
01-10 18:47:46.606 E/mm-camera(  196): ### AWB not confident
01-10 18:47:46.746 E/mm-camera(  196): ### AWB not confident
01-10 18:47:46.876 E/mm-camera(  196): ### AWB not confident
01-10 18:47:46.986 I/System.out( 2902): Values: 3351240
01-10 18:47:47.006 E/mm-camera(  196): ### AWB not confident
01-10 18:47:47.147 E/mm-camera(  196): ### AWB not confident
01-10 18:47:47.277 E/mm-camera(  196): ### AWB not confident
01-10 18:47:47.407 E/mm-camera(  196): ### AWB not confident
01-10 18:47:47.547 E/mm-camera(  196): ### AWB not confident
01-10 18:47:47.677 E/mm-camera(  196): ### AWB not confident
01-10 18:47:47.807 E/mm-camera(  196): ### AWB not confident
01-10 18:47:47.947 E/mm-camera(  196): ### AWB not confident
01-10 18:47:47.987 I/System.out( 2902): Values: 3362158
01-10 18:47:48.078 E/mm-camera(  196): ### AWB not confident
01-10 18:47:48.208 E/mm-camera(  196): ### AWB not confident
01-10 18:47:48.348 E/mm-camera(  196): ### AWB not confident
01-10 18:47:48.478 E/mm-camera(  196): ### AWB not confident
01-10 18:47:48.608 E/mm-camera(  196): ### AWB not confident
01-10 18:47:48.748 E/mm-camera(  196): ### AWB not confident
01-10 18:47:48.878 E/mm-camera(  196): ### AWB not confident
01-10 18:47:48.988 I/System.out( 2902): Values: 3374554
01-10 18:47:49.008 E/mm-camera(  196): ### AWB not confident
01-10 18:47:49.149 E/mm-camera(  196): ### AWB not confident
01-10 18:47:49.279 E/mm-camera(  196): ### AWB not confident
01-10 18:47:49.409 E/mm-camera(  196): ### AWB not confident
01-10 18:47:49.539 E/mm-camera(  196): ### AWB not confident
01-10 18:47:49.679 E/mm-camera(  196): ### AWB not confident
01-10 18:47:49.809 E/mm-camera(  196): ### AWB not confident
01-10 18:47:49.949 E/mm-camera(  196): ### AWB not confident
01-10 18:47:49.989 I/System.out( 2902): Values: 3384008
01-10 18:47:50.079 E/mm-camera(  196): ### AWB not confident
01-10 18:47:50.210 E/mm-camera(  196): ### AWB not confident
01-10 18:47:50.350 E/mm-camera(  196): ### AWB not confident
01-10 18:47:50.480 E/mm-camera(  196): ### AWB not confident
01-10 18:47:50.610 E/mm-camera(  196): ### AWB not confident
01-10 18:47:50.750 E/mm-camera(  196): ### AWB not confident
01-10 18:47:50.880 E/mm-camera(  196): ### AWB not confident
01-10 18:47:50.990 I/System.out( 2902): Values: 3396393
01-10 18:47:51.010 E/mm-camera(  196): ### AWB not confident
01-10 18:47:51.151 E/mm-camera(  196): ### AWB not confident
01-10 18:47:51.281 E/mm-camera(  196): ### AWB not confident
01-10 18:47:51.411 E/mm-camera(  196): ### AWB not confident
01-10 18:47:51.551 E/mm-camera(  196): ### AWB not confident
01-10 18:47:51.681 E/mm-camera(  196): ### AWB not confident
01-10 18:47:51.811 E/mm-camera(  196): ### AWB not confident
01-10 18:47:51.941 E/mm-camera(  196): ### AWB not confident
01-10 18:47:51.991 I/System.out( 2902): Values: 3407316
01-10 18:47:52.081 E/mm-camera(  196): ### AWB not confident
01-10 18:47:52.212 E/mm-camera(  196): ### AWB not confident
01-10 18:47:52.342 E/mm-camera(  196): ### AWB not confident
01-10 18:47:52.482 E/mm-camera(  196): ### AWB not confident
01-10 18:47:52.612 E/mm-camera(  196): ### AWB not confident
01-10 18:47:52.752 E/mm-camera(  196): ### AWB not confident
01-10 18:47:52.882 E/mm-camera(  196): ### AWB not confident
01-10 18:47:53.002 I/System.out( 2902): Values: 3416038
01-10 18:47:53.012 E/mm-camera(  196): ### AWB not confident
01-10 18:47:53.152 E/mm-camera(  196): ### AWB not confident
01-10 18:47:53.283 E/mm-camera(  196): ### AWB not confident
01-10 18:47:53.413 E/mm-camera(  196): ### AWB not confident
01-10 18:47:53.553 E/mm-camera(  196): ### AWB not confident
01-10 18:47:53.683 E/mm-camera(  196): ### AWB not confident
01-10 18:47:53.813 E/mm-camera(  196): ### AWB not confident
01-10 18:47:53.953 E/mm-camera(  196): ### AWB not confident
01-10 18:47:54.003 I/System.out( 2902): Values: 3426224
01-10 18:47:54.083 E/mm-camera(  196): ### AWB not confident
01-10 18:47:54.214 E/mm-camera(  196): ### AWB not confident
01-10 18:47:54.344 E/mm-camera(  196): ### AWB not confident
01-10 18:47:54.484 E/mm-camera(  196): ### AWB not confident
01-10 18:47:54.614 E/mm-camera(  196): ### AWB not confident
01-10 18:47:54.754 E/mm-camera(  196): ### AWB not confident
01-10 18:47:54.884 E/mm-camera(  196): ### AWB not confident
01-10 18:47:55.004 I/System.out( 2902): Values: 3440084
01-10 18:47:55.014 E/mm-camera(  196): ### AWB not confident
01-10 18:47:55.144 E/mm-camera(  196): ### AWB not confident
01-10 18:47:55.285 E/mm-camera(  196): ### AWB not confident
01-10 18:47:55.415 E/mm-camera(  196): ### AWB not confident
01-10 18:47:55.555 E/mm-camera(  196): ### AWB not confident
01-10 18:47:55.685 E/mm-camera(  196): ### AWB not confident
01-10 18:47:55.815 E/mm-camera(  196): ### AWB not confident
01-10 18:47:55.945 E/mm-camera(  196): ### AWB not confident
01-10 18:47:56.005 I/System.out( 2902): Values: 3450271
01-10 18:47:56.085 E/mm-camera(  196): ### AWB not confident
01-10 18:47:56.215 E/mm-camera(  196): ### AWB not confident
01-10 18:47:56.356 E/mm-camera(  196): ### AWB not confident
01-10 18:47:56.486 E/mm-camera(  196): ### AWB not confident
01-10 18:47:56.616 E/mm-camera(  196): ### AWB not confident
01-10 18:47:56.746 E/mm-camera(  196): ### AWB not confident
01-10 18:47:56.876 E/mm-camera(  196): ### AWB not confident
01-10 18:47:56.996 I/System.out( 2902): Values: 3461192
01-10 18:47:57.006 E/mm-camera(  196): ### AWB not confident
01-10 18:47:57.136 E/mm-camera(  196): ### AWB not confident
01-10 18:47:57.276 E/mm-camera(  196): ### AWB not confident
01-10 18:47:57.407 E/mm-camera(  196): ### AWB not confident
01-10 18:47:57.547 E/mm-camera(  196): ### AWB not confident
01-10 18:47:57.677 E/mm-camera(  196): ### AWB not confident
01-10 18:47:57.807 E/mm-camera(  196): ### AWB not confident
01-10 18:47:57.937 E/mm-camera(  196): ### AWB not confident
01-10 18:47:57.997 I/System.out( 2902): Values: 3471378
01-10 18:47:58.077 E/mm-camera(  196): ### AWB not confident
01-10 18:47:58.207 E/mm-camera(  196): ### AWB not confident
01-10 18:47:58.348 E/mm-camera(  196): ### AWB not confident
01-10 18:47:58.478 E/mm-camera(  196): ### AWB not confident
01-10 18:47:58.608 E/mm-camera(  196): ### AWB not confident
01-10 18:47:58.738 E/mm-camera(  196): ### AWB not confident
01-10 18:47:58.878 E/mm-camera(  196): ### AWB not confident
01-10 18:47:58.998 I/System.out( 2902): Values: 3484500
01-10 18:47:59.008 E/mm-camera(  196): ### AWB not confident
01-10 18:47:59.148 E/mm-camera(  196): ### AWB not confident
01-10 18:47:59.278 E/mm-camera(  196): ### AWB not confident
01-10 18:47:59.409 E/mm-camera(  196): ### AWB not confident
01-10 18:47:59.549 E/mm-camera(  196): ### AWB not confident
01-10 18:47:59.679 E/mm-camera(  196): ### AWB not confident
01-10 18:47:59.809 E/mm-camera(  196): ### AWB not confident
01-10 18:47:59.939 E/mm-camera(  196): ### AWB not confident
01-10 18:47:59.999 I/System.out( 2902): Values: 3494687
01-10 18:48:00.079 E/mm-camera(  196): ### AWB not confident
01-10 18:48:00.209 E/mm-camera(  196): ### AWB not confident
01-10 18:48:00.339 E/mm-camera(  196): ### AWB not confident
01-10 18:48:00.480 E/mm-camera(  196): ### AWB not confident
01-10 18:48:00.610 E/mm-camera(  196): ### AWB not confident
01-10 18:48:00.740 E/mm-camera(  196): ### AWB not confident
01-10 18:48:00.880 E/mm-camera(  196): ### AWB not confident
01-10 18:48:01.000 I/System.out( 2902): Values: 3505608
01-10 18:48:01.010 E/mm-camera(  196): ### AWB not confident
01-10 18:48:01.140 E/mm-camera(  196): ### AWB not confident
01-10 18:48:01.280 E/mm-camera(  196): ### AWB not confident
01-10 18:48:01.411 E/mm-camera(  196): ### AWB not confident
01-10 18:48:01.541 E/mm-camera(  196): ### AWB not confident
01-10 18:48:01.681 E/mm-camera(  196): ### AWB not confident
01-10 18:48:01.811 E/mm-camera(  196): ### AWB not confident
01-10 18:48:01.941 E/mm-camera(  196): ### AWB not confident
01-10 18:48:02.001 I/System.out( 2902): Values: 3514330
01-10 18:48:02.081 E/mm-camera(  196): ### AWB not confident
01-10 18:48:02.211 E/mm-camera(  196): ### AWB not confident
01-10 18:48:02.341 E/mm-camera(  196): ### AWB not confident
01-10 18:48:02.482 E/mm-camera(  196): ### AWB not confident
01-10 18:48:02.612 E/mm-camera(  196): ### AWB not confident
01-10 18:48:02.742 E/mm-camera(  196): ### AWB not confident
01-10 18:48:02.882 E/mm-camera(  196): ### AWB not confident
01-10 18:48:03.002 I/System.out( 2902): Values: 3527444
01-10 18:48:03.002 I/System.out( 2902): Battery level end is reached
01-10 18:48:03.002 I/System.out( 2902): Time difference in secs is: 241
01-10 18:48:03.012 E/mm-camera(  196): ### AWB not confident
01-10 18:48:03.142 E/mm-camera(  196): ### AWB not confident
01-10 18:48:03.282 E/mm-camera(  196): ### AWB not confident
01-10 18:48:03.412 E/mm-camera(  196): ### AWB not confident
01-10 18:48:03.543 E/mm-camera(  196): ### AWB not confident
01-10 18:48:03.683 E/mm-camera(  196): ### AWB not confident
01-10 18:48:03.813 E/mm-camera(  196): ### AWB not confident
01-10 18:48:03.943 E/mm-camera(  196): ### AWB not confident
01-10 18:48:04.003 I/System.out( 2902): Values: 3539095
01-10 18:48:04.003 I/System.out( 2902): Time difference in secs is: 241
01-10 18:48:04.083 E/mm-camera(  196): ### AWB not confident
01-10 18:48:04.213 E/mm-camera(  196): ### AWB not confident
01-10 18:48:04.343 E/mm-camera(  196): ### AWB not confident
01-10 18:48:04.484 E/mm-camera(  196): ### AWB not confident
01-10 18:48:04.614 E/mm-camera(  196): ### AWB not confident
01-10 18:48:04.744 E/mm-camera(  196): ### AWB not confident
01-10 18:48:04.884 E/mm-camera(  196): ### AWB not confident
01-10 18:48:05.004 I/System.out( 2902): Values: 3549288
01-10 18:48:05.004 I/System.out( 2902): Time difference in secs is: 241
01-10 18:48:05.014 E/mm-camera(  196): ### AWB not confident
01-10 18:48:05.144 E/mm-camera(  196): ### AWB not confident
01-10 18:48:05.284 E/mm-camera(  196): ### AWB not confident
01-10 18:48:05.414 E/mm-camera(  196): ### AWB not confident
01-10 18:48:05.545 E/mm-camera(  196): ### AWB not confident
01-10 18:48:05.685 E/mm-camera(  196): ### AWB not confident
01-10 18:48:05.815 E/mm-camera(  196): ### AWB not confident
01-10 18:48:05.955 E/mm-camera(  196): ### AWB not confident
01-10 18:48:06.005 I/System.out( 2902): Values: 3558753
01-10 18:48:06.005 I/System.out( 2902): Time difference in secs is: 241
01-10 18:48:06.085 E/mm-camera(  196): ### AWB not confident
01-10 18:48:06.215 E/mm-camera(  196): ### AWB not confident
01-10 18:48:06.345 E/mm-camera(  196): ### AWB not confident
01-10 18:48:06.485 E/mm-camera(  196): ### AWB not confident
01-10 18:48:06.616 E/mm-camera(  196): ### AWB not confident
01-10 18:48:06.746 E/mm-camera(  196): ### AWB not confident
01-10 18:48:06.886 E/mm-camera(  196): ### AWB not confident
01-10 18:48:07.006 I/System.out( 2902): Values: 3570403
01-10 18:48:07.006 I/System.out( 2902): Time difference in secs is: 241
01-10 18:48:07.016 E/mm-camera(  196): ### AWB not confident
01-10 18:48:07.146 E/mm-camera(  196): ### AWB not confident
01-10 18:48:07.276 E/mm-camera(  196): ### AWB not confident
01-10 18:48:07.406 E/mm-camera(  196): ### AWB not confident
01-10 18:48:07.537 E/mm-camera(  196): ### AWB not confident
01-10 18:48:07.677 E/mm-camera(  196): ### AWB not confident
01-10 18:48:07.807 E/mm-camera(  196): ### AWB not confident
01-10 18:48:07.937 E/mm-camera(  196): ### AWB not confident
01-10 18:48:07.997 I/System.out( 2902): Values: 3582792
01-10 18:48:07.997 I/System.out( 2902): Time difference in secs is: 241
01-10 18:48:08.077 E/mm-camera(  196): ### AWB not confident
01-10 18:48:08.207 E/mm-camera(  196): ### AWB not confident
01-10 18:48:08.337 E/mm-camera(  196): ### AWB not confident
01-10 18:48:08.477 E/mm-camera(  196): ### AWB not confident
01-10 18:48:08.608 E/mm-camera(  196): ### AWB not confident
01-10 18:48:08.738 E/mm-camera(  196): ### AWB not confident
01-10 18:48:08.878 E/mm-camera(  196): ### AWB not confident
01-10 18:48:08.998 I/System.out( 2902): Values: 3592978
01-10 18:48:08.998 I/System.out( 2902): Time difference in secs is: 241
01-10 18:48:09.008 E/mm-camera(  196): ### AWB not confident
01-10 18:48:09.138 E/mm-camera(  196): ### AWB not confident
01-10 18:48:09.278 E/mm-camera(  196): ### AWB not confident
01-10 18:48:09.408 E/mm-camera(  196): ### AWB not confident
01-10 18:48:09.538 E/mm-camera(  196): ### AWB not confident
01-10 18:48:09.679 E/mm-camera(  196): ### AWB not confident
01-10 18:48:09.809 E/mm-camera(  196): ### AWB not confident
01-10 18:48:09.939 E/mm-camera(  196): ### AWB not confident
01-10 18:48:09.999 I/System.out( 2902): Values: 3601700
01-10 18:48:09.999 I/System.out( 2902): Time difference in secs is: 241
01-10 18:48:10.079 E/mm-camera(  196): ### AWB not confident
01-10 18:48:10.209 E/mm-camera(  196): ### AWB not confident
01-10 18:48:10.339 E/mm-camera(  196): ### AWB not confident
01-10 18:48:10.479 E/mm-camera(  196): ### AWB not confident
01-10 18:48:10.610 E/mm-camera(  196): ### AWB not confident
01-10 18:48:10.750 E/mm-camera(  196): ### AWB not confident
01-10 18:48:10.880 E/mm-camera(  196): ### AWB not confident
01-10 18:48:11.000 I/System.out( 2902): Values: 3615552
01-10 18:48:11.000 I/System.out( 2902): Time difference in secs is: 241
01-10 18:48:11.010 E/mm-camera(  196): ### AWB not confident
01-10 18:48:11.140 E/mm-camera(  196): ### AWB not confident
01-10 18:48:11.280 E/mm-camera(  196): ### AWB not confident
01-10 18:48:11.410 E/mm-camera(  196): ### AWB not confident
01-10 18:48:11.550 E/mm-camera(  196): ### AWB not confident
01-10 18:48:11.681 E/mm-camera(  196): ### AWB not confident
01-10 18:48:11.811 E/mm-camera(  196): ### AWB not confident
01-10 18:48:11.941 E/mm-camera(  196): ### AWB not confident
01-10 18:48:12.001 I/System.out( 2902): Values: 3625011
01-10 18:48:12.001 I/System.out( 2902): Time difference in secs is: 241
01-10 18:48:12.081 E/mm-camera(  196): ### AWB not confident
01-10 18:48:12.211 E/mm-camera(  196): ### AWB not confident
01-10 18:48:12.341 E/mm-camera(  196): ### AWB not confident
01-10 18:48:12.481 E/mm-camera(  196): ### AWB not confident
01-10 18:48:12.611 E/mm-camera(  196): ### AWB not confident
01-10 18:48:12.742 E/mm-camera(  196): ### AWB not confident
01-10 18:48:12.882 E/mm-camera(  196): ### AWB not confident
01-10 18:48:13.002 I/System.out( 2902): Values: 3637410
01-10 18:48:13.002 I/System.out( 2902): Time difference in secs is: 241
01-10 18:48:13.012 E/mm-camera(  196): ### AWB not confident
01-10 18:48:13.142 E/mm-camera(  196): ### AWB not confident
01-10 18:48:13.282 E/mm-camera(  196): ### AWB not confident
01-10 18:48:13.412 E/mm-camera(  196): ### AWB not confident
01-10 18:48:13.542 E/mm-camera(  196): ### AWB not confident
01-10 18:48:13.683 E/mm-camera(  196): ### AWB not confident
01-10 18:48:13.813 E/mm-camera(  196): ### AWB not confident
01-10 18:48:13.943 E/mm-camera(  196): ### AWB not confident
01-10 18:48:14.003 I/System.out( 2902): Values: 3647596
01-10 18:48:14.003 I/System.out( 2902): Time difference in secs is: 241
01-10 18:48:14.083 E/mm-camera(  196): ### AWB not confident
01-10 18:48:14.213 E/mm-camera(  196): ### AWB not confident
01-10 18:48:14.343 E/mm-camera(  196): ### AWB not confident
01-10 18:48:14.483 E/mm-camera(  196): ### AWB not confident
01-10 18:48:14.613 E/mm-camera(  196): ### AWB not confident
01-10 18:48:14.744 E/mm-camera(  196): ### AWB not confident
01-10 18:48:14.884 E/mm-camera(  196): ### AWB not confident
01-10 18:48:15.004 I/System.out( 2902): Values: 3657790
01-10 18:48:15.004 I/System.out( 2902): Time difference in secs is: 241
01-10 18:48:15.014 E/mm-camera(  196): ### AWB not confident
01-10 18:48:15.144 E/mm-camera(  196): ### AWB not confident
01-10 18:48:15.284 E/mm-camera(  196): ### AWB not confident
01-10 18:48:15.414 E/mm-camera(  196): ### AWB not confident
01-10 18:48:15.544 E/mm-camera(  196): ### AWB not confident
01-10 18:48:15.684 E/mm-camera(  196): ### AWB not confident
01-10 18:48:15.815 E/mm-camera(  196): ### AWB not confident
01-10 18:48:15.945 E/mm-camera(  196): ### AWB not confident
01-10 18:48:16.005 I/System.out( 2902): Values: 3667976
01-10 18:48:16.005 I/System.out( 2902): Time difference in secs is: 241
01-10 18:48:16.085 E/mm-camera(  196): ### AWB not confident
01-10 18:48:17.006 I/System.out( 2902): Values: 3772317
01-10 18:48:17.006 I/System.out( 2902): Time difference in secs is: 241
01-10 18:48:17.997 I/System.out( 2902): Values: 3907220
01-10 18:48:17.997 I/System.out( 2902): Time difference in secs is: 241
01-10 18:48:18.998 I/System.out( 2902): Values: 4120756
01-10 18:48:18.998 I/System.out( 2902): Time difference in secs is: 241
01-10 18:48:19.198 I/EntropyMixer(  526): Writing entropy...
01-10 18:48:19.208 D/PicasaSyncManager( 2127): battery info: true
01-10 18:48:19.218 D/PicasaUploaderSyncManager( 2149): battery info: true
01-10 18:48:19.228 W/PowerUI (  605): unknown intent: Intent { act=android.intent.action.ACTION_POWER_CONNECTED flg=0x8000010 }
01-10 18:48:19.258 D/dalvikvm( 2149): GC_CONCURRENT freed 266K, 4% free 8983K/9288K, paused 21ms+2ms, total 35ms
01-10 18:48:19.278 E/mm-camera(  196): ### AWB not confident
01-10 18:48:19.408 E/mm-camera(  196): ### AWB not confident
01-10 18:48:19.538 E/mm-camera(  196): ### AWB not confident
01-10 18:48:19.678 E/mm-camera(  196): ### AWB not confident
01-10 18:48:19.808 E/mm-camera(  196): ### AWB not confident
01-10 18:48:19.939 E/mm-camera(  196): ### AWB not confident
01-10 18:48:19.999 I/System.out( 2902): Values: 4198433
01-10 18:48:19.999 I/System.out( 2902): Time difference in secs is: 241
01-10 18:48:20.299 D/MtpService(  672): updating state; isCurrentUser=true, mMtpLocked=false
01-10 18:48:20.319 D/MtpService(  672): addStorageLocked 65537 /storage/emulated/0
01-10 18:48:20.329 D/MtpService(  672): updating state; isCurrentUser=true, mMtpLocked=false
01-10 18:48:20.329 D/MtpService(  672): starting MTP server in MTP mode
01-10 18:48:20.329 D/MtpService(  672): addStorageLocked 65537 /storage/emulated/0
01-10 18:48:20.739 E/mm-camera(  196): ### AWB not confident
01-10 18:48:20.880 E/mm-camera(  196): ### AWB not confident
01-10 18:48:21.000 I/System.out( 2902): Values: 4334375
01-10 18:48:21.000 I/System.out( 2902): Time difference in secs is: 241
01-10 18:48:21.010 E/mm-camera(  196): ### AWB not confident
01-10 18:48:21.150 E/mm-camera(  196): ### AWB not confident
01-10 18:48:21.280 E/mm-camera(  196): ### AWB not confident
01-10 18:48:21.540 E/mm-camera(  196): ### AWB not confident
01-10 18:48:21.680 E/mm-camera(  196): ### AWB not confident
01-10 18:48:21.810 E/mm-camera(  196): ### AWB not confident
01-10 18:48:21.951 E/mm-camera(  196): ### AWB not confident
01-10 18:48:22.001 I/System.out( 2902): Values: 4365503
01-10 18:48:22.001 I/System.out( 2902): Time difference in secs is: 241
01-10 18:48:22.081 E/mm-camera(  196): ### AWB not confident
01-10 18:48:22.211 E/mm-camera(  196): ### AWB not confident
01-10 18:48:22.341 E/mm-camera(  196): ### AWB not confident
01-10 18:48:22.481 E/mm-camera(  196): ### AWB not confident
01-10 18:48:22.611 E/mm-camera(  196): ### AWB not confident
01-10 18:48:22.741 E/mm-camera(  196): ### AWB not confident
01-10 18:48:22.881 E/mm-camera(  196): ### AWB not confident
01-10 18:48:23.002 I/System.out( 2902): Values: 4448889
01-10 18:48:23.002 I/System.out( 2902): Time difference in secs is: 241
01-10 18:48:23.012 E/mm-camera(  196): ### AWB not confident
01-10 18:48:23.142 E/mm-camera(  196): ### AWB not confident
01-10 18:48:23.282 E/mm-camera(  196): ### AWB not confident
01-10 18:48:23.412 E/mm-camera(  196): ### AWB not confident
01-10 18:48:23.542 E/mm-camera(  196): ### AWB not confident
01-10 18:48:23.682 E/mm-camera(  196): ### AWB not confident
01-10 18:48:23.812 E/mm-camera(  196): ### AWB not confident
01-10 18:48:23.953 E/mm-camera(  196): ### AWB not confident
01-10 18:48:24.003 I/System.out( 2902): Values: 4526098
01-10 18:48:24.003 I/System.out( 2902): Time difference in secs is: 241
01-10 18:48:24.083 E/mm-camera(  196): ### AWB not confident
01-10 18:48:24.213 E/mm-camera(  196): ### AWB not confident
01-10 18:48:24.343 E/mm-camera(  196): ### AWB not confident
01-10 18:48:24.483 E/mm-camera(  196): ### AWB not confident
01-10 18:48:24.613 E/mm-camera(  196): ### AWB not confident
01-10 18:48:24.743 E/mm-camera(  196): ### AWB not confident
01-10 18:48:24.883 E/mm-camera(  196): ### AWB not confident
01-10 18:48:25.004 I/System.out( 2902): Values: 4643036
01-10 18:48:25.004 I/System.out( 2902): Time difference in secs is: 241
01-10 18:48:25.014 E/mm-camera(  196): ### AWB not confident
01-10 18:48:25.154 E/mm-camera(  196): ### AWB not confident
01-10 18:48:25.284 E/mm-camera(  196): ### AWB not confident
01-10 18:48:25.414 E/mm-camera(  196): ### AWB not confident
01-10 18:48:25.544 E/mm-camera(  196): ### AWB not confident
01-10 18:48:25.684 E/mm-camera(  196): ### AWB not confident
01-10 18:48:25.814 E/mm-camera(  196): ### AWB not confident
01-10 18:48:25.944 E/mm-camera(  196): ### AWB not confident
01-10 18:48:26.005 I/System.out( 2902): Values: 4811325
01-10 18:48:26.005 I/System.out( 2902): Time difference in secs is: 241
01-10 18:48:26.085 E/mm-camera(  196): ### AWB not confident
01-10 18:48:26.215 E/mm-camera(  196): ### AWB not confident
01-10 18:48:26.345 E/mm-camera(  196): ### AWB not confident
01-10 18:48:26.485 E/mm-camera(  196): ### AWB not confident
01-10 18:48:26.885 E/mm-camera(  196): ### AWB not confident
01-10 18:48:27.005 I/System.out( 2902): Values: 4970711
01-10 18:48:27.005 I/System.out( 2902): Time difference in secs is: 241
01-10 18:48:27.016 E/mm-camera(  196): ### AWB not confident
01-10 18:48:27.146 E/mm-camera(  196): ### AWB not confident
01-10 18:48:27.286 E/mm-camera(  196): ### AWB not confident
01-10 18:48:27.416 E/mm-camera(  196): ### AWB not confident
01-10 18:48:27.536 E/mm-camera(  196): ### AWB not confident
01-10 18:48:27.676 E/mm-camera(  196): ### AWB not confident
01-10 18:48:27.806 E/mm-camera(  196): ### AWB not confident
01-10 18:48:27.946 E/mm-camera(  196): ### AWB not confident
01-10 18:48:27.996 I/System.out( 2902): Values: 5041791
01-10 18:48:27.996 I/System.out( 2902): Time difference in secs is: 241
01-10 18:48:28.077 E/mm-camera(  196): ### AWB not confident
01-10 18:48:28.207 E/mm-camera(  196): ### AWB not confident
01-10 18:48:28.337 E/mm-camera(  196): ### AWB not confident
01-10 18:48:28.417 D/dalvikvm(  672): GC_CONCURRENT freed 367K, 5% free 9282K/9688K, paused 1ms+4ms, total 29ms
01-10 18:48:28.477 E/mm-camera(  196): ### AWB not confident
01-10 18:48:28.597 D/dalvikvm(  526): GC_EXPLICIT freed 1534K, 21% free 17038K/21372K, paused 3ms+6ms, total 80ms
01-10 18:48:28.607 E/mm-camera(  196): ### AWB not confident
01-10 18:48:28.737 E/mm-camera(  196): ### AWB not confident
01-10 18:48:28.877 E/mm-camera(  196): ### AWB not confident
01-10 18:48:28.997 I/System.out( 2902): Values: 5110663
01-10 18:48:28.997 I/System.out( 2902): Time difference in secs is: 241
01-10 18:48:29.007 E/mm-camera(  196): ### AWB not confident
01-10 18:48:29.138 E/mm-camera(  196): ### AWB not confident
01-10 18:48:29.278 E/mm-camera(  196): ### AWB not confident
01-10 18:48:29.408 E/mm-camera(  196): ### AWB not confident
01-10 18:48:29.538 E/mm-camera(  196): ### AWB not confident
01-10 18:48:29.678 E/mm-camera(  196): ### AWB not confident
01-10 18:48:29.808 E/mm-camera(  196): ### AWB not confident
01-10 18:48:29.948 E/mm-camera(  196): ### AWB not confident
01-10 18:48:29.998 I/System.out( 2902): Values: 5163559
01-10 18:48:29.998 I/System.out( 2902): Time difference in secs is: 241
01-10 18:48:30.078 E/mm-camera(  196): ### AWB not confident
01-10 18:48:30.209 E/mm-camera(  196): ### AWB not confident
01-10 18:48:30.339 E/mm-camera(  196): ### AWB not confident
01-10 18:48:30.479 E/mm-camera(  196): ### AWB not confident
01-10 18:48:30.609 E/mm-camera(  196): ### AWB not confident
01-10 18:48:30.739 E/mm-camera(  196): ### AWB not confident
01-10 18:48:30.879 E/mm-camera(  196): ### AWB not confident
01-10 18:48:30.999 I/System.out( 2902): Values: 5215994
01-10 18:48:31.009 I/System.out( 2902): Time difference in secs is: 241
01-10 18:48:31.009 E/mm-camera(  196): ### AWB not confident
01-10 18:48:31.140 E/mm-camera(  196): ### AWB not confident
01-10 18:48:31.280 E/mm-camera(  196): ### AWB not confident
01-10 18:48:31.410 E/mm-camera(  196): ### AWB not confident
01-10 18:48:31.540 E/mm-camera(  196): ### AWB not confident
01-10 18:48:31.680 E/mm-camera(  196): ### AWB not confident
01-10 18:48:31.810 E/mm-camera(  196): ### AWB not confident
01-10 18:48:31.940 E/mm-camera(  196): ### AWB not confident
01-10 18:48:32.000 I/System.out( 2902): Values: 5264529
01-10 18:48:32.010 I/System.out( 2902): Time difference in secs is: 241
01-10 18:48:32.080 E/mm-camera(  196): ### AWB not confident
01-10 18:48:32.211 E/mm-camera(  196): ### AWB not confident
01-10 18:48:32.341 E/mm-camera(  196): ### AWB not confident
01-10 18:48:32.481 E/mm-camera(  196): ### AWB not confident
01-10 18:48:32.611 E/mm-camera(  196): ### AWB not confident
01-10 18:48:32.741 E/mm-camera(  196): ### AWB not confident
01-10 18:48:32.881 E/mm-camera(  196): ### AWB not confident
01-10 18:48:33.001 I/System.out( 2902): Values: 5316310
01-10 18:48:33.011 I/System.out( 2902): Time difference in secs is: 241
01-10 18:48:33.011 E/mm-camera(  196): ### AWB not confident
01-10 18:48:33.141 E/mm-camera(  196): ### AWB not confident
01-10 18:48:33.282 E/mm-camera(  196): ### AWB not confident
01-10 18:48:33.412 E/mm-camera(  196): ### AWB not confident
01-10 18:48:33.542 E/mm-camera(  196): ### AWB not confident
01-10 18:48:33.682 E/mm-camera(  196): ### AWB not confident
01-10 18:48:33.812 E/mm-camera(  196): ### AWB not confident
01-10 18:48:33.942 E/mm-camera(  196): ### AWB not confident
01-10 18:48:34.002 I/System.out( 2902): Values: 5373204
01-10 18:48:34.012 I/System.out( 2902): Time difference in secs is: 241
01-10 18:48:34.082 E/mm-camera(  196): ### AWB not confident
01-10 18:48:34.213 E/mm-camera(  196): ### AWB not confident
01-10 18:48:34.343 E/mm-camera(  196): ### AWB not confident
01-10 18:48:34.483 E/mm-camera(  196): ### AWB not confident
01-10 18:48:34.613 E/mm-camera(  196): ### AWB not confident
01-10 18:48:34.743 E/mm-camera(  196): ### AWB not confident
01-10 18:48:34.883 E/mm-camera(  196): ### AWB not confident
01-10 18:48:35.013 I/System.out( 2902): Values: 5427551
01-10 18:48:35.013 I/System.out( 2902): Time difference in secs is: 241
01-10 18:48:35.013 E/mm-camera(  196): ### AWB not confident
01-10 18:48:35.143 E/mm-camera(  196): ### AWB not confident
01-10 18:48:35.284 E/mm-camera(  196): ### AWB not confident
01-10 18:48:35.414 E/mm-camera(  196): ### AWB not confident
01-10 18:48:35.544 E/mm-camera(  196): ### AWB not confident
01-10 18:48:35.684 E/mm-camera(  196): ### AWB not confident
01-10 18:48:35.814 E/mm-camera(  196): ### AWB not confident
01-10 18:48:35.944 E/mm-camera(  196): ### AWB not confident
01-10 18:48:36.014 I/System.out( 2902): Values: 5489474
01-10 18:48:36.014 I/System.out( 2902): Time difference in secs is: 241
01-10 18:48:36.084 E/mm-camera(  196): ### AWB not confident
01-10 18:48:36.214 E/mm-camera(  196): ### AWB not confident
01-10 18:48:36.345 E/mm-camera(  196): ### AWB not confident
01-10 18:48:36.485 E/mm-camera(  196): ### AWB not confident
01-10 18:48:36.615 E/mm-camera(  196): ### AWB not confident
01-10 18:48:36.745 E/mm-camera(  196): ### AWB not confident
01-10 18:48:36.885 E/mm-camera(  196): ### AWB not confident
01-10 18:48:37.015 I/System.out( 2902): Values: 5540792
01-10 18:48:37.015 I/System.out( 2902): Time difference in secs is: 241
01-10 18:48:37.015 E/mm-camera(  196): ### AWB not confident
01-10 18:48:37.145 E/mm-camera(  196): ### AWB not confident
01-10 18:48:37.286 E/mm-camera(  196): ### AWB not confident
01-10 18:48:37.416 E/mm-camera(  196): ### AWB not confident
01-10 18:48:37.556 E/mm-camera(  196): ### AWB not confident
01-10 18:48:37.686 E/mm-camera(  196): ### AWB not confident
01-10 18:48:37.806 E/mm-camera(  196): ### AWB not confident
01-10 18:48:37.936 E/mm-camera(  196): ### AWB not confident
01-10 18:48:38.016 I/System.out( 2902): Values: 5595353
01-10 18:48:38.016 I/System.out( 2902): Time difference in secs is: 241
01-10 18:48:38.076 E/mm-camera(  196): ### AWB not confident
01-10 18:48:38.206 E/mm-camera(  196): ### AWB not confident
01-10 18:48:38.347 E/mm-camera(  196): ### AWB not confident
01-10 18:48:38.477 E/mm-camera(  196): ### AWB not confident
01-10 18:48:38.607 E/mm-camera(  196): ### AWB not confident
01-10 18:48:38.737 E/mm-camera(  196): ### AWB not confident
01-10 18:48:38.877 E/mm-camera(  196): ### AWB not confident
01-10 18:48:39.007 I/System.out( 2902): Values: 5643042
01-10 18:48:39.007 E/mm-camera(  196): ### AWB not confident
01-10 18:48:39.007 I/System.out( 2902): Time difference in secs is: 241
01-10 18:48:39.137 E/mm-camera(  196): ### AWB not confident
01-10 18:48:39.277 E/mm-camera(  196): ### AWB not confident
01-10 18:48:39.408 E/mm-camera(  196): ### AWB not confident
01-10 18:48:39.538 E/mm-camera(  196): ### AWB not confident
01-10 18:48:39.678 E/mm-camera(  196): ### AWB not confident
01-10 18:48:39.808 E/mm-camera(  196): ### AWB not confident
01-10 18:48:39.938 E/mm-camera(  196): ### AWB not confident
01-10 18:48:40.018 I/System.out( 2902): Values: 5688595
01-10 18:48:40.018 I/System.out( 2902): Time difference in secs is: 241
01-10 18:48:40.078 E/mm-camera(  196): ### AWB not confident
01-10 18:48:40.208 E/mm-camera(  196): ### AWB not confident
01-10 18:48:40.339 E/mm-camera(  196): ### AWB not confident
01-10 18:48:40.479 E/mm-camera(  196): ### AWB not confident
01-10 18:48:40.609 E/mm-camera(  196): ### AWB not confident
01-10 18:48:40.739 E/mm-camera(  196): ### AWB not confident
01-10 18:48:40.879 E/mm-camera(  196): ### AWB not confident
01-10 18:48:41.009 I/System.out( 2902): Values: 5758511
01-10 18:48:41.009 I/System.out( 2902): Time difference in secs is: 241
01-10 18:48:41.009 E/mm-camera(  196): ### AWB not confident
01-10 18:48:41.139 E/mm-camera(  196): ### AWB not confident
01-10 18:48:41.279 E/mm-camera(  196): ### AWB not confident
01-10 18:48:41.410 E/mm-camera(  196): ### AWB not confident
01-10 18:48:41.540 E/mm-camera(  196): ### AWB not confident
01-10 18:48:41.680 E/mm-camera(  196): ### AWB not confident
01-10 18:48:41.810 E/mm-camera(  196): ### AWB not confident
01-10 18:48:41.940 E/mm-camera(  196): ### AWB not confident
01-10 18:48:42.010 I/System.out( 2902): Values: 5801061
01-10 18:48:42.010 I/System.out( 2902): Time difference in secs is: 241
01-10 18:48:42.080 E/mm-camera(  196): ### AWB not confident
01-10 18:48:42.210 E/mm-camera(  196): ### AWB not confident
01-10 18:48:42.340 E/mm-camera(  196): ### AWB not confident
01-10 18:48:42.481 E/mm-camera(  196): ### AWB not confident
