01-08 12:55:19.746 I/System.out( 5231): Values: 0.0 0.0
01-08 12:55:20.737 I/System.out( 5231): Values: 0.0 0.0
01-08 12:55:21.738 I/System.out( 5231): Values: 0.0 0.0
01-08 12:55:22.739 I/System.out( 5231): Values: 0.0 0.0
01-08 12:55:23.750 I/System.out( 5231): Values: 0.0 0.0
01-08 12:55:24.751 I/System.out( 5231): Values: 0.0 0.0
01-08 12:55:25.742 I/System.out( 5231): Values: 0.0 0.0
01-08 12:55:26.753 I/System.out( 5231): Values: 0.0 0.0
01-08 12:55:27.764 I/System.out( 5231): Values: 0.0 0.0
01-08 12:55:28.755 I/System.out( 5231): Values: 0.0 0.0
01-08 12:55:29.766 I/System.out( 5231): Values: 0.0 0.0
01-08 12:55:30.757 I/System.out( 5231): Values: 0.0 0.0
01-08 12:55:31.758 I/System.out( 5231): Values: 0.0 0.0
01-08 12:55:32.769 I/System.out( 5231): Values: 0.0 0.0
01-08 12:55:33.770 I/System.out( 5231): Values: 0.0 0.0
01-08 12:55:34.771 I/System.out( 5231): Values: 0.0 0.0
01-08 12:55:35.772 I/System.out( 5231): Values: 0.0 0.0
01-08 12:55:36.773 I/System.out( 5231): Values: 0.0 0.0
01-08 12:55:37.774 I/System.out( 5231): Values: 0.0 0.0
01-08 12:55:38.775 I/System.out( 5231): Values: 0.0 0.0
01-08 12:55:39.786 I/System.out( 5231): Values: 0.0 0.0
01-08 12:55:40.777 I/System.out( 5231): Values: 0.0 0.0
01-08 12:55:41.788 I/System.out( 5231): Values: 0.0 0.0
01-08 12:55:42.779 I/System.out( 5231): Values: 0.0 0.0
01-08 12:55:43.790 I/System.out( 5231): Values: 0.0 0.0
01-08 12:55:44.791 I/System.out( 5231): Values: 0.0 0.0
01-08 12:55:45.792 I/System.out( 5231): Values: 0.0 0.0
01-08 12:55:46.793 I/System.out( 5231): Values: 0.0 0.0
01-08 12:55:47.793 I/System.out( 5231): Values: 0.0 0.0
01-08 12:55:48.794 I/System.out( 5231): Values: 0.0 0.0
01-08 12:55:49.795 I/System.out( 5231): Values: 0.0 0.0
01-08 12:55:50.796 I/System.out( 5231): Values: 0.0 0.0
01-08 12:55:51.797 I/System.out( 5231): Values: 0.0 0.0
01-08 12:55:52.798 I/System.out( 5231): Values: 0.0 0.0
01-08 12:55:53.799 I/System.out( 5231): Values: 0.0 0.0
01-08 12:55:54.800 I/System.out( 5231): Values: 0.0 0.0
01-08 12:55:55.801 I/System.out( 5231): Values: 0.0 0.0
01-08 12:55:56.792 I/System.out( 5231): Values: 0.0 0.0
01-08 12:55:57.793 I/System.out( 5231): Values: 0.0 0.0
01-08 12:55:58.794 I/System.out( 5231): Values: 0.0 0.0
01-08 12:55:59.795 I/System.out( 5231): Values: 0.0 0.0
01-08 12:56:00.796 I/System.out( 5231): Values: 0.0 0.0
01-08 12:56:01.797 I/System.out( 5231): Values: 0.0 0.0
01-08 12:56:02.798 I/System.out( 5231): Values: 0.0 0.0
01-08 12:56:03.799 I/System.out( 5231): Values: 0.0 0.0
01-08 12:56:04.800 I/System.out( 5231): Values: 0.0 0.0
01-08 12:56:05.801 I/System.out( 5231): Values: 0.0 0.0
01-08 12:56:06.802 I/System.out( 5231): Values: 0.0 0.0
01-08 12:56:07.793 I/System.out( 5231): Values: 0.0 0.0
01-08 12:56:08.794 I/System.out( 5231): Values: 0.0 0.0
01-08 12:56:09.795 I/System.out( 5231): Values: 0.0 0.0
01-08 12:56:10.796 I/System.out( 5231): Values: 0.0 0.0
01-08 12:56:11.807 I/System.out( 5231): Values: 0.0 0.0
01-08 12:56:12.808 I/System.out( 5231): Values: 0.0 0.0
01-08 12:56:13.799 I/System.out( 5231): Values: 0.0 0.0
01-08 12:56:14.800 I/System.out( 5231): Values: 0.0 0.0
01-08 12:56:15.801 I/System.out( 5231): Values: 0.0 0.0
01-08 12:56:16.792 I/System.out( 5231): Values: 0.0 0.0
01-08 12:56:17.803 I/System.out( 5231): Values: 0.0 0.0
01-08 12:56:18.804 I/System.out( 5231): Values: 0.0 0.0
01-08 12:56:19.805 I/System.out( 5231): Values: 0.0 0.0
01-08 12:56:20.806 I/System.out( 5231): Values: 0.0 0.0
01-08 12:56:21.807 I/System.out( 5231): Values: 0.0 0.0
01-08 12:56:22.808 I/System.out( 5231): Values: 0.0 0.0
01-08 12:56:23.809 I/System.out( 5231): Values: 0.0 0.0
01-08 12:56:24.820 I/System.out( 5231): Values: 0.0 0.0
01-08 12:56:25.821 I/System.out( 5231): Values: 0.0 0.0
01-08 12:56:26.822 I/System.out( 5231): Values: 0.0 0.0
01-08 12:56:27.823 I/System.out( 5231): Values: 0.0 0.0
01-08 12:56:28.824 I/System.out( 5231): Values: 0.0 0.0
01-08 12:56:29.825 I/System.out( 5231): Values: 0.0 0.0
01-08 12:56:30.825 I/System.out( 5231): Values: 0.0 0.0
01-08 12:56:31.826 I/System.out( 5231): Values: 0.0 0.0
01-08 12:56:32.827 I/System.out( 5231): Values: 0.0 0.0
01-08 12:56:33.828 I/System.out( 5231): Values: 0.0 0.0
01-08 12:56:34.829 I/System.out( 5231): Values: 0.0 0.0
01-08 12:56:35.830 I/System.out( 5231): Values: 0.0 0.0
01-08 12:56:36.831 I/System.out( 5231): Values: 0.0 0.0
01-08 12:56:37.832 I/System.out( 5231): Values: 0.0 0.0
01-08 12:56:38.833 I/System.out( 5231): Values: 0.0 0.0
01-08 12:56:39.844 I/System.out( 5231): Values: 0.0 0.0
01-08 12:56:40.835 I/System.out( 5231): Values: 0.0 0.0
01-08 12:56:41.836 I/System.out( 5231): Values: 0.0 0.0
01-08 12:56:42.837 I/System.out( 5231): Values: 0.0 0.0
01-08 12:56:43.838 I/System.out( 5231): Values: 0.0 0.0
01-08 12:56:44.849 I/System.out( 5231): Values: 0.0 0.0
01-08 12:56:45.850 I/System.out( 5231): Values: 0.0 0.0
01-08 12:56:46.851 I/System.out( 5231): Values: 0.0 0.0
01-08 12:56:47.852 I/System.out( 5231): Values: 0.0 0.0
01-08 12:56:48.853 I/System.out( 5231): Values: 0.0 0.0
01-08 12:56:49.844 I/System.out( 5231): Values: 0.0 0.0
01-08 12:56:50.855 I/System.out( 5231): Values: 0.0 0.0
01-08 12:56:51.856 I/System.out( 5231): Values: 0.0 0.0
01-08 12:56:52.857 I/System.out( 5231): Values: 0.0 0.0
01-08 12:56:53.858 I/System.out( 5231): Values: 0.0 0.0
01-08 12:56:54.859 I/System.out( 5231): Values: 0.0 0.0
01-08 12:56:55.870 I/System.out( 5231): Values: 0.0 0.0
01-08 12:56:56.871 I/System.out( 5231): Values: 0.0 0.0
01-08 12:56:57.862 I/System.out( 5231): Values: 0.0 0.0
01-08 12:56:57.972 I/System.out(  730): [SEVERE:5355671]: LogSource: AsyncHttpRequestImpl.run(): exception thrown : Unable to resolve host "www.google.com": No address associated with hostname: java.net.UnknownHostException
01-08 12:56:57.972 E/GlsClient-device-location-query(  730): requestFailed
01-08 12:56:58.873 I/System.out( 5231): Values: 0.0 0.0
01-08 12:56:59.874 I/System.out( 5231): Values: 0.0 0.0
01-08 12:57:00.875 I/System.out( 5231): Values: 0.0 0.0
01-08 12:57:01.876 I/System.out( 5231): Values: 0.0 0.0
01-08 12:57:02.877 I/System.out( 5231): Values: 0.0 0.0
01-08 12:57:03.878 I/System.out( 5231): Values: 0.0 0.0
01-08 12:57:04.879 I/System.out( 5231): Values: 0.0 0.0
01-08 12:57:05.880 I/System.out( 5231): Values: 0.0 0.0
01-08 12:57:06.881 I/System.out( 5231): Values: 0.0 0.0
01-08 12:57:07.892 I/System.out( 5231): Values: 0.0 0.0
01-08 12:57:08.883 I/System.out( 5231): Values: 0.0 0.0
01-08 12:57:09.884 I/System.out( 5231): Values: 0.0 0.0
01-08 12:57:10.885 I/System.out( 5231): Values: 0.0 0.0
01-08 12:57:11.886 I/System.out( 5231): Values: 0.0 0.0
01-08 12:57:12.887 I/System.out( 5231): Values: 0.0 0.0
01-08 12:57:13.887 I/System.out( 5231): Values: 0.0 0.0
01-08 12:57:14.888 I/System.out( 5231): Values: 0.0 0.0
01-08 12:57:15.889 I/System.out( 5231): Values: 0.0 0.0
01-08 12:57:16.890 I/System.out( 5231): Values: 0.0 0.0
01-08 12:57:17.881 I/System.out( 5231): Values: 0.0 0.0
01-08 12:57:18.882 I/System.out( 5231): Values: 0.0 0.0
01-08 12:57:19.883 I/System.out( 5231): Values: 0.0 0.0
01-08 12:57:20.884 I/System.out( 5231): Values: 0.0 0.0
01-08 12:57:21.895 I/System.out( 5231): Values: 0.0 0.0
01-08 12:57:22.886 I/System.out( 5231): Values: 0.0 0.0
01-08 12:57:23.887 I/System.out( 5231): Values: 0.0 0.0
01-08 12:57:24.888 I/System.out( 5231): Values: 0.0 0.0
01-08 12:57:25.889 I/System.out( 5231): Values: 0.0 0.0
01-08 12:57:26.890 I/System.out( 5231): Values: 0.0 0.0
01-08 12:57:27.891 I/System.out( 5231): Values: 0.0 0.0
01-08 12:57:28.882 I/System.out( 5231): Values: 0.0 0.0
01-08 12:57:29.893 I/System.out( 5231): Values: 0.0 0.0
01-08 12:57:30.894 I/System.out( 5231): Values: 0.0 0.0
01-08 12:57:31.895 I/System.out( 5231): Values: 0.0 0.0
01-08 12:57:32.896 I/System.out( 5231): Values: 0.0 0.0
01-08 12:57:33.897 I/System.out( 5231): Values: 0.0 0.0
01-08 12:57:34.898 I/System.out( 5231): Values: 0.0 0.0
01-08 12:57:35.899 I/System.out( 5231): Values: 0.0 0.0
01-08 12:57:36.900 I/System.out( 5231): Values: 0.0 0.0
01-08 12:57:37.901 I/System.out( 5231): Values: 0.0 0.0
01-08 12:57:38.902 I/System.out( 5231): Values: 0.0 0.0
01-08 12:57:39.903 I/System.out( 5231): Values: 0.0 0.0
01-08 12:57:40.914 I/System.out( 5231): Values: 0.0 0.0
01-08 12:57:41.905 I/System.out( 5231): Values: 0.0 0.0
01-08 12:57:42.916 I/System.out( 5231): Values: 0.0 0.0
01-08 12:57:43.907 I/System.out( 5231): Values: 0.0 0.0
01-08 12:57:44.908 I/System.out( 5231): Values: 0.0 0.0
01-08 12:57:45.118 I/EventLogService(  831): Aggregate from 1389184065014 (log), 1389184065014 (data)
01-08 12:57:45.188 I/ServiceDumpSys(  831): dumping service [account]
01-08 12:57:45.909 I/System.out( 5231): Values: 0.0 0.0
01-08 12:57:46.920 I/System.out( 5231): Values: 0.0 0.0
01-08 12:57:47.921 I/System.out( 5231): Values: 0.0 0.0
01-08 12:57:48.922 I/System.out( 5231): Values: 0.0 0.0
01-08 12:57:49.913 I/System.out( 5231): Values: 0.0 0.0
01-08 12:57:50.914 I/System.out( 5231): Values: 0.0 0.0
01-08 12:57:51.925 I/System.out( 5231): Values: 0.0 0.0
01-08 12:57:52.926 I/System.out( 5231): Values: 0.0 0.0
01-08 12:57:53.927 I/System.out( 5231): Values: 0.0 0.0
01-08 12:57:54.928 I/System.out( 5231): Values: 0.0 0.0
01-08 12:57:55.929 I/System.out( 5231): Values: 0.0 0.0
01-08 12:57:56.929 I/System.out( 5231): Values: 0.0 0.0
01-08 12:57:57.930 I/System.out( 5231): Values: 0.0 0.0
01-08 12:57:58.931 I/System.out( 5231): Values: 0.0 0.0
01-08 12:57:59.932 I/System.out( 5231): Values: 0.0 0.0
01-08 12:58:00.933 I/System.out( 5231): Values: 0.0 0.0
01-08 12:58:01.934 I/System.out( 5231): Values: 0.0 0.0
01-08 12:58:02.935 I/System.out( 5231): Values: 0.0 0.0
01-08 12:58:03.936 I/System.out( 5231): Values: 0.0 0.0
01-08 12:58:04.937 I/System.out( 5231): Values: 0.0 0.0
01-08 12:58:05.938 I/System.out( 5231): Values: 0.0 0.0
01-08 12:58:06.939 I/System.out( 5231): Values: 0.0 0.0
01-08 12:58:07.940 I/System.out( 5231): Values: 0.0 0.0
01-08 12:58:08.941 I/System.out( 5231): Values: 0.0 0.0
01-08 12:58:09.942 I/System.out( 5231): Values: 0.0 0.0
01-08 12:58:10.943 I/System.out( 5231): Values: 0.0 0.0
01-08 12:58:11.944 I/System.out( 5231): Values: 0.0 0.0
01-08 12:58:12.955 I/System.out( 5231): Values: 0.0 0.0
01-08 12:58:13.946 I/System.out( 5231): Values: 0.0 0.0
01-08 12:58:14.957 I/System.out( 5231): Values: 0.0 0.0
01-08 12:58:15.958 I/System.out( 5231): Values: 0.0 0.0
01-08 12:58:16.959 I/System.out( 5231): Values: 0.0 0.0
01-08 12:58:17.960 I/System.out( 5231): Values: 0.0 0.0
01-08 12:58:18.961 I/System.out( 5231): Values: 0.0 0.0
01-08 12:58:19.962 I/System.out( 5231): Values: 0.0 0.0
01-08 12:58:20.963 I/System.out( 5231): Values: 0.0 0.0
01-08 12:58:21.964 I/System.out( 5231): Values: 0.0 0.0
01-08 12:58:22.965 I/System.out( 5231): Values: 0.0 0.0
01-08 12:58:23.966 I/System.out( 5231): Values: 0.0 0.0
01-08 12:58:24.967 I/System.out( 5231): Values: 0.0 0.0
01-08 12:58:25.968 I/System.out( 5231): Values: 0.0 0.0
01-08 12:58:26.969 I/System.out( 5231): Values: 0.0 0.0
01-08 12:58:27.970 I/System.out( 5231): Values: 0.0 0.0
01-08 12:58:28.971 I/System.out( 5231): Values: 0.0 0.0
01-08 12:58:29.972 I/System.out( 5231): Values: 0.0 0.0
01-08 12:58:30.973 I/System.out( 5231): Values: 0.0 0.0
01-08 12:58:31.974 I/System.out( 5231): Values: 0.0 0.0
01-08 12:58:32.975 I/System.out( 5231): Values: 0.0 0.0
01-08 12:58:33.976 I/System.out( 5231): Values: 0.0 0.0
01-08 12:58:34.026 D/dalvikvm( 5231): GC_CONCURRENT freed 386K, 5% free 9024K/9448K, paused 8ms+3ms, total 51ms
01-08 12:58:34.977 I/System.out( 5231): Values: 0.0 0.0
01-08 12:58:35.978 I/System.out( 5231): Values: 0.0 0.0
01-08 12:58:36.979 I/System.out( 5231): Values: 0.0 0.0
01-08 12:58:37.980 I/System.out( 5231): Values: 0.0 0.0
01-08 12:58:38.981 I/System.out( 5231): Values: 0.0 0.0
01-08 12:58:39.981 I/System.out( 5231): Values: 0.0 0.0
01-08 12:58:40.982 I/System.out( 5231): Values: 0.0 0.0
01-08 12:58:41.973 I/System.out( 5231): Values: 0.0 0.0
01-08 12:58:42.974 I/System.out( 5231): Values: 0.0 0.0
01-08 12:58:43.975 I/System.out( 5231): Values: 0.0 0.0
01-08 12:58:44.986 I/System.out( 5231): Values: 0.0 0.0
01-08 12:58:45.987 I/System.out( 5231): Values: 0.0 0.0
01-08 12:58:46.988 I/System.out( 5231): Values: 0.0 0.0
01-08 12:58:47.989 I/System.out( 5231): Values: 0.0 0.0
01-08 12:58:48.990 I/System.out( 5231): Values: 0.0 0.0
01-08 12:58:49.991 I/System.out( 5231): Values: 0.0 0.0
01-08 12:58:50.992 I/System.out( 5231): Values: 0.0 0.0
01-08 12:58:51.993 I/System.out( 5231): Values: 0.0 0.0
01-08 12:58:52.994 I/System.out( 5231): Values: 0.0 0.0
01-08 12:58:54.005 I/System.out( 5231): Values: 0.0 0.0
01-08 12:58:55.006 I/System.out( 5231): Values: 0.0 0.0
01-08 12:58:55.997 I/System.out( 5231): Values: 0.0 0.0
01-08 12:58:57.008 I/System.out( 5231): Values: 0.0 0.0
01-08 12:58:58.009 I/System.out( 5231): Values: 0.0 0.0
01-08 12:58:59.010 I/System.out( 5231): Values: 0.0 0.0
01-08 12:59:00.011 I/System.out( 5231): Values: 0.0 0.0
01-08 12:59:01.012 I/System.out( 5231): Values: 0.0 0.0
01-08 12:59:02.013 I/System.out( 5231): Values: 0.0 0.0
01-08 12:59:03.004 I/System.out( 5231): Values: 0.0 0.0
01-08 12:59:04.015 I/System.out( 5231): Values: 0.0 0.0
01-08 12:59:05.016 I/System.out( 5231): Values: 0.0 0.0
01-08 12:59:06.017 I/System.out( 5231): Values: 0.0 0.0
01-08 12:59:07.018 I/System.out( 5231): Values: 0.0 0.0
01-08 12:59:08.019 I/System.out( 5231): Values: 0.0 0.0
01-08 12:59:09.030 I/System.out( 5231): Values: 0.0 0.0
01-08 12:59:10.031 I/System.out( 5231): Values: 0.0 0.0
01-08 12:59:11.032 I/System.out( 5231): Values: 0.0 0.0
01-08 12:59:12.033 I/System.out( 5231): Values: 0.0 0.0
01-08 12:59:13.034 I/System.out( 5231): Values: 0.0 0.0
01-08 12:59:14.035 I/System.out( 5231): Values: 0.0 0.0
01-08 12:59:15.036 I/System.out( 5231): Values: 0.0 0.0
01-08 12:59:16.037 I/System.out( 5231): Values: 0.0 0.0
01-08 12:59:17.038 I/System.out( 5231): Values: 0.0 0.0
01-08 12:59:18.039 I/System.out( 5231): Values: 0.0 0.0
01-08 12:59:19.040 I/System.out( 5231): Values: 0.0 0.0
01-08 12:59:20.041 I/System.out( 5231): Values: 0.0 0.0
01-08 12:59:21.052 I/System.out( 5231): Values: 0.0 0.0
01-08 12:59:22.053 I/System.out( 5231): Values: 0.0 0.0
01-08 12:59:23.043 I/System.out( 5231): Values: 0.0 0.0
01-08 12:59:24.054 I/System.out( 5231): Values: 0.0 0.0
01-08 12:59:25.055 I/System.out( 5231): Values: 0.0 0.0
01-08 12:59:26.056 I/System.out( 5231): Values: 0.0 0.0
01-08 12:59:27.067 I/System.out( 5231): Values: 0.0 0.0
01-08 12:59:28.068 I/System.out( 5231): Values: 0.0 0.0
01-08 12:59:29.069 I/System.out( 5231): Values: 0.0 0.0
01-08 12:59:30.070 I/System.out( 5231): Values: 0.0 0.0
01-08 12:59:31.071 I/System.out( 5231): Values: 0.0 0.0
01-08 12:59:32.072 I/System.out( 5231): Values: 0.0 0.0
01-08 12:59:33.073 I/System.out( 5231): Values: 0.0 0.0
01-08 12:59:34.074 I/System.out( 5231): Values: 0.0 0.0
01-08 12:59:35.085 I/System.out( 5231): Values: 0.0 0.0
01-08 12:59:36.076 I/System.out( 5231): Values: 0.0 0.0
01-08 12:59:37.077 I/System.out( 5231): Values: 0.0 0.0
01-08 12:59:38.078 I/System.out( 5231): Values: 0.0 0.0
01-08 12:59:39.089 I/System.out( 5231): Values: 0.0 0.0
01-08 12:59:40.090 I/System.out( 5231): Values: 0.0 0.0
01-08 12:59:41.091 I/System.out( 5231): Values: 0.0 0.0
01-08 12:59:42.082 I/System.out( 5231): Values: 0.0 0.0
01-08 12:59:43.083 I/System.out( 5231): Values: 0.0 0.0
01-08 12:59:44.084 I/System.out( 5231): Values: 0.0 0.0
01-08 12:59:45.085 I/System.out( 5231): Values: 0.0 0.0
01-08 12:59:46.086 I/System.out( 5231): Values: 0.0 0.0
01-08 12:59:47.087 I/System.out( 5231): Values: 0.0 0.0
01-08 12:59:48.088 I/System.out( 5231): Values: 0.0 0.0
01-08 12:59:49.089 I/System.out( 5231): Values: 0.0 0.0
01-08 12:59:50.090 I/System.out( 5231): Values: 0.0 0.0
01-08 12:59:51.091 I/System.out( 5231): Values: 0.0 0.0
01-08 12:59:52.082 I/System.out( 5231): Values: 0.0 0.0
01-08 12:59:53.083 I/System.out( 5231): Values: 0.0 0.0
01-08 12:59:54.084 I/System.out( 5231): Values: 0.0 0.0
01-08 12:59:55.085 I/System.out( 5231): Values: 0.0 0.0
01-08 12:59:56.086 I/System.out( 5231): Values: 0.0 0.0
01-08 12:59:57.087 I/System.out( 5231): Values: 0.0 0.0
01-08 12:59:58.088 I/System.out( 5231): Values: 0.0 0.0
01-08 12:59:59.089 I/System.out( 5231): Values: 0.0 0.0
01-08 13:00:00.000 I/ActivityManager(  519): No longer want com.google.android.music:main (pid 4747): empty for 1849s
01-08 13:00:00.050 W/ActivityManager(  519): Scheduling restart of crashed service com.google.android.music/.playback.MusicPlaybackService in 5000ms
01-08 13:00:00.090 I/System.out( 5231): Values: 0.0 0.0
01-08 13:00:01.091 I/System.out( 5231): Values: 0.0 0.0
01-08 13:00:02.092 I/System.out( 5231): Values: 0.0 0.0
01-08 13:00:03.083 I/System.out( 5231): Values: 0.0 0.0
01-08 13:00:04.084 I/System.out( 5231): Values: 0.0 0.0
01-08 13:00:05.075 I/ActivityManager(  519): Start proc com.google.android.music:main for service com.google.android.music/.playback.MusicPlaybackService: pid=5341 uid=10041 gids={50041, 3003, 1015, 1028}
01-08 13:00:05.085 I/System.out( 5231): Values: 0.0 0.0
01-08 13:00:05.115 I/MusicStore( 5341): Database version: 70
01-08 13:00:05.175 D/dalvikvm( 5341): GC_CONCURRENT freed 321K, 4% free 9047K/9412K, paused 1ms+2ms, total 25ms
01-08 13:00:05.235 D/SystemUtils( 5341): getSystemProperty: lpa.decode=null
01-08 13:00:05.265 D/dalvikvm(  831): GC_EXPLICIT freed 172K, 6% free 9526K/10124K, paused 2ms+3ms, total 24ms
01-08 13:00:05.285 D/CacheService( 5341): onCreate
01-08 13:00:05.295 D/CacheService( 5341): onBind
01-08 13:00:05.305 I/LocalDevicePlayback( 5341): Streaming client created.
01-08 13:00:06.085 I/System.out( 5231): Values: 0.0 0.0
01-08 13:00:06.346 D/dalvikvm( 5341): GC_CONCURRENT freed 177K, 3% free 9310K/9544K, paused 3ms+6ms, total 29ms
01-08 13:00:06.386 I/MediaStoreImporter( 5341): Update: incremental Added music: 0 Updated music: 0 Deleted music: 0 Created playlists: 0 Updated playlists: 0 Deleted playlists: 0 Inserted playlist items: 0 Deleted playlist items: 0 Removed orphaned playlist items: 0
01-08 13:00:07.086 I/System.out( 5231): Values: 0.0 0.0
01-08 13:00:08.087 I/System.out( 5231): Values: 0.0 0.0
01-08 13:00:09.098 I/System.out( 5231): Values: 0.0 0.0
01-08 13:00:10.099 I/System.out( 5231): Values: 0.0 0.0
01-08 13:00:10.280 I/MusicLeanback( 5341): Conditions not met for autocaching.
01-08 13:00:10.280 I/MusicLeanback( 5341): Stop autocaching.
01-08 13:00:11.100 I/System.out( 5231): Values: 0.0 0.0
01-08 13:00:12.101 I/System.out( 5231): Values: 0.0 0.0
01-08 13:00:13.102 I/System.out( 5231): Values: 0.0 0.0
01-08 13:00:14.103 I/System.out( 5231): Values: 0.0 0.0
01-08 13:00:15.104 I/System.out( 5231): Values: 0.0 0.0
01-08 13:00:16.105 I/System.out( 5231): Values: 0.0 0.0
01-08 13:00:17.106 I/System.out( 5231): Values: 0.0 0.0
01-08 13:00:18.107 I/System.out( 5231): Values: 0.0 0.0
01-08 13:00:19.118 I/System.out( 5231): Values: 0.0 0.0
01-08 13:00:20.119 I/System.out( 5231): Values: 0.0 0.0
01-08 13:00:21.120 I/System.out( 5231): Values: 0.0 0.0
01-08 13:00:22.121 I/System.out( 5231): Values: 0.0 0.0
01-08 13:00:23.122 I/System.out( 5231): Values: 0.0 0.0
01-08 13:00:24.123 I/System.out( 5231): Values: 0.0 0.0
01-08 13:00:25.124 I/System.out( 5231): Values: 0.0 0.0
01-08 13:00:26.125 I/System.out( 5231): Values: 0.0 0.0
01-08 13:00:27.126 I/System.out( 5231): Values: 0.0 0.0
01-08 13:00:28.127 I/System.out( 5231): Values: 0.0 0.0
01-08 13:00:29.128 I/System.out( 5231): Values: 0.0 0.0
01-08 13:00:30.129 I/System.out( 5231): Values: 0.0 0.0
01-08 13:00:31.140 I/System.out( 5231): Values: 0.0 0.0
01-08 13:00:32.141 I/System.out( 5231): Values: 0.0 0.0
01-08 13:00:33.142 I/System.out( 5231): Values: 0.0 0.0
01-08 13:00:34.143 I/System.out( 5231): Values: 0.0 0.0
01-08 13:00:35.134 I/System.out( 5231): Values: 0.0 0.0
01-08 13:00:36.135 I/System.out( 5231): Values: 0.0 0.0
01-08 13:00:37.136 I/System.out( 5231): Values: 0.0 0.0
01-08 13:00:38.137 I/System.out( 5231): Values: 0.0 0.0
01-08 13:00:39.138 I/System.out( 5231): Values: 0.0 0.0
01-08 13:00:40.139 I/System.out( 5231): Values: 0.0 0.0
01-08 13:00:41.150 I/System.out( 5231): Values: 0.0 0.0
01-08 13:00:42.151 I/System.out( 5231): Values: 0.0 0.0
01-08 13:00:43.152 I/System.out( 5231): Values: 0.0 0.0
01-08 13:00:44.153 I/System.out( 5231): Values: 0.0 0.0
01-08 13:00:45.144 I/System.out( 5231): Values: 0.0 0.0
01-08 13:00:46.145 I/System.out( 5231): Values: 0.0 0.0
01-08 13:00:47.146 I/System.out( 5231): Values: 0.0 0.0
01-08 13:00:48.147 I/System.out( 5231): Values: 0.0 0.0
01-08 13:00:49.158 I/System.out( 5231): Values: 0.0 0.0
01-08 13:00:50.158 I/System.out( 5231): Values: 0.0 0.0
01-08 13:00:51.159 I/System.out( 5231): Values: 0.0 0.0
01-08 13:00:52.160 I/System.out( 5231): Values: 0.0 0.0
01-08 13:00:53.161 I/System.out( 5231): Values: 0.0 0.0
01-08 13:00:54.152 I/System.out( 5231): Values: 0.0 0.0
01-08 13:00:55.163 I/System.out( 5231): Values: 0.0 0.0
01-08 13:00:56.174 I/System.out( 5231): Values: 0.0 0.0
01-08 13:00:57.165 I/System.out( 5231): Values: 0.0 0.0
01-08 13:00:58.176 I/System.out( 5231): Values: 0.0 0.0
01-08 13:00:59.177 I/System.out( 5231): Values: 0.0 0.0
01-08 13:01:00.178 I/System.out( 5231): Values: 0.0 0.0
01-08 13:01:01.179 I/System.out( 5231): Values: 0.0 0.0
01-08 13:01:02.180 I/System.out( 5231): Values: 0.0 0.0
01-08 13:01:03.181 I/System.out( 5231): Values: 0.0 0.0
01-08 13:01:04.172 I/System.out( 5231): Values: 0.0 0.0
01-08 13:01:05.173 I/System.out( 5231): Values: 0.0 0.0
01-08 13:01:06.174 I/System.out( 5231): Values: 0.0 0.0
01-08 13:01:07.175 I/System.out( 5231): Values: 0.0 0.0
01-08 13:01:08.176 I/System.out( 5231): Values: 0.0 0.0
01-08 13:01:09.177 I/System.out( 5231): Values: 0.0 0.0
01-08 13:01:10.178 I/System.out( 5231): Values: 0.0 0.0
01-08 13:01:11.179 I/System.out( 5231): Values: 0.0 0.0
01-08 13:01:12.180 I/System.out( 5231): Values: 0.0 0.0
01-08 13:01:13.181 I/System.out( 5231): Values: 0.0 0.0
01-08 13:01:14.182 I/System.out( 5231): Values: 0.0 0.0
01-08 13:01:15.173 I/System.out( 5231): Values: 0.0 0.0
01-08 13:01:16.184 I/System.out( 5231): Values: 0.0 0.0
01-08 13:01:17.185 I/System.out( 5231): Values: 0.0 0.0
01-08 13:01:18.176 I/System.out( 5231): Values: 0.0 0.0
01-08 13:01:19.177 I/System.out( 5231): Values: 0.0 0.0
01-08 13:01:20.178 I/System.out( 5231): Values: 0.0 0.0
01-08 13:01:21.179 I/System.out( 5231): Values: 0.0 0.0
01-08 13:01:22.180 I/System.out( 5231): Values: 0.0 0.0
01-08 13:01:23.181 I/System.out( 5231): Values: 0.0 0.0
01-08 13:01:24.172 I/System.out( 5231): Values: 0.0 0.0
01-08 13:01:25.183 I/System.out( 5231): Values: 0.0 0.0
01-08 13:01:26.184 I/System.out( 5231): Values: 0.0 0.0
01-08 13:01:27.185 I/System.out( 5231): Values: 0.0 0.0
01-08 13:01:28.196 I/System.out( 5231): Values: 0.0 0.0
01-08 13:01:29.207 I/System.out( 5231): Values: 0.0 0.0
01-08 13:01:30.208 I/System.out( 5231): Values: 0.0 0.0
01-08 13:01:31.199 I/System.out( 5231): Values: 0.0 0.0
01-08 13:01:32.210 I/System.out( 5231): Values: 0.0 0.0
01-08 13:01:33.210 I/System.out( 5231): Values: 0.0 0.0
01-08 13:01:34.211 I/System.out( 5231): Values: 0.0 0.0
01-08 13:01:35.202 I/System.out( 5231): Values: 0.0 0.0
01-08 13:01:36.203 I/System.out( 5231): Values: 0.0 0.0
01-08 13:01:37.214 I/System.out( 5231): Values: 0.0 0.0
01-08 13:01:38.215 I/System.out( 5231): Values: 0.0 0.0
01-08 13:01:39.216 I/System.out( 5231): Values: 0.0 0.0
01-08 13:01:40.217 I/System.out( 5231): Values: 0.0 0.0
01-08 13:01:41.218 I/System.out( 5231): Values: 0.0 0.0
01-08 13:01:42.219 I/System.out( 5231): Values: 0.0 0.0
01-08 13:01:43.230 I/System.out( 5231): Values: 0.0 0.0
01-08 13:01:44.231 I/System.out( 5231): Values: 0.0 0.0
01-08 13:01:45.232 I/System.out( 5231): Values: 0.0 0.0
01-08 13:01:46.233 I/System.out( 5231): Values: 0.0 0.0
01-08 13:01:47.234 I/System.out( 5231): Values: 0.0 0.0
01-08 13:01:48.235 I/System.out( 5231): Values: 0.0 0.0
01-08 13:01:49.236 I/System.out( 5231): Values: 0.0 0.0
01-08 13:01:50.237 I/System.out( 5231): Values: 0.0 0.0
01-08 13:01:51.238 I/System.out( 5231): Values: 0.0 0.0
01-08 13:01:52.239 I/System.out( 5231): Values: 0.0 0.0
01-08 13:01:53.240 I/System.out( 5231): Values: 0.0 0.0
01-08 13:01:54.241 I/System.out( 5231): Values: 0.0 0.0
01-08 13:01:55.252 I/System.out( 5231): Values: 0.0 0.0
01-08 13:01:56.243 I/System.out( 5231): Values: 0.0 0.0
01-08 13:01:57.254 I/System.out( 5231): Values: 0.0 0.0
01-08 13:01:58.255 I/System.out( 5231): Values: 0.0 0.0
01-08 13:01:59.256 I/System.out( 5231): Values: 0.0 0.0
01-08 13:01:59.997 I/ActivityManager(  519): No longer want com.google.android.gsf.login (pid 4868): empty for 1839s
01-08 13:02:00.267 I/System.out( 5231): Values: 0.0 0.0
01-08 13:02:00.317 D/dalvikvm( 5231): GC_CONCURRENT freed 386K, 5% free 9024K/9448K, paused 16ms+5ms, total 57ms
01-08 13:02:01.258 I/System.out( 5231): Values: 0.0 0.0
01-08 13:02:02.269 I/System.out( 5231): Values: 0.0 0.0
01-08 13:02:03.270 I/System.out( 5231): Values: 0.0 0.0
01-08 13:02:04.271 I/System.out( 5231): Values: 0.0 0.0
01-08 13:02:05.272 I/System.out( 5231): Values: 0.0 0.0
01-08 13:02:06.273 I/System.out( 5231): Values: 0.0 0.0
01-08 13:02:07.274 I/System.out( 5231): Values: 0.0 0.0
01-08 13:02:08.275 I/System.out( 5231): Values: 0.0 0.0
01-08 13:02:09.276 I/System.out( 5231): Values: 0.0 0.0
01-08 13:02:10.277 I/System.out( 5231): Values: 0.0 0.0
01-08 13:02:11.278 I/System.out( 5231): Values: 0.0 0.0
01-08 13:02:12.279 I/System.out( 5231): Values: 0.0 0.0
01-08 13:02:13.280 I/System.out( 5231): Values: 0.0 0.0
01-08 13:02:14.281 I/System.out( 5231): Values: 0.0 0.0
01-08 13:02:15.282 I/System.out( 5231): Values: 0.0 0.0
01-08 13:02:16.272 I/System.out( 5231): Values: 0.0 0.0
01-08 13:02:17.273 I/System.out( 5231): Values: 0.0 0.0
01-08 13:02:18.274 I/System.out( 5231): Values: 0.0 0.0
01-08 13:02:19.275 I/System.out( 5231): Values: 0.0 0.0
01-08 13:02:20.276 I/System.out( 5231): Values: 0.0 0.0
01-08 13:02:21.287 I/System.out( 5231): Values: 0.0 0.0
01-08 13:02:22.288 I/System.out( 5231): Values: 0.0 0.0
01-08 13:02:23.289 I/System.out( 5231): Values: 0.0 0.0
01-08 13:02:24.290 I/System.out( 5231): Values: 0.0 0.0
01-08 13:02:25.281 I/System.out( 5231): Values: 0.0 0.0
01-08 13:02:26.282 I/System.out( 5231): Values: 0.0 0.0
01-08 13:02:27.283 I/System.out( 5231): Values: 0.0 0.0
01-08 13:02:28.284 I/System.out( 5231): Values: 0.0 0.0
01-08 13:02:29.285 I/System.out( 5231): Values: 0.0 0.0
01-08 13:02:30.286 I/System.out( 5231): Values: 0.0 0.0
01-08 13:02:31.287 I/System.out( 5231): Values: 0.0 0.0
01-08 13:02:32.288 I/System.out( 5231): Values: 0.0 0.0
01-08 13:02:33.289 I/System.out( 5231): Values: 0.0 0.0
01-08 13:02:34.290 I/System.out( 5231): Values: 0.0 0.0
01-08 13:02:35.291 I/System.out( 5231): Values: 0.0 0.0
01-08 13:02:36.292 I/System.out( 5231): Values: 0.0 0.0
01-08 13:02:37.293 I/System.out( 5231): Values: 0.0 0.0
01-08 13:02:38.294 I/System.out( 5231): Values: 0.0 0.0
01-08 13:02:39.285 I/System.out( 5231): Values: 0.0 0.0
01-08 13:02:40.286 I/System.out( 5231): Values: 0.0 0.0
01-08 13:02:41.287 I/System.out( 5231): Values: 0.0 0.0
01-08 13:02:42.298 I/System.out( 5231): Values: 0.0 0.0
01-08 13:02:43.299 I/System.out( 5231): Values: 0.0 0.0
01-08 13:02:44.300 I/System.out( 5231): Values: 0.0 0.0
01-08 13:02:45.301 I/System.out( 5231): Values: 0.0 0.0
01-08 13:02:46.302 I/System.out( 5231): Values: 0.0 0.0
01-08 13:02:47.303 I/System.out( 5231): Values: 0.0 0.0
01-08 13:02:48.304 I/System.out( 5231): Values: 0.0 0.0
01-08 13:02:49.315 I/System.out( 5231): Values: 0.0 0.0
01-08 13:02:50.316 I/System.out( 5231): Values: 0.0 0.0
01-08 13:02:51.307 I/System.out( 5231): Values: 0.0 0.0
01-08 13:02:52.308 I/System.out( 5231): Values: 0.0 0.0
01-08 13:02:53.319 I/System.out( 5231): Values: 0.0 0.0
01-08 13:02:54.320 I/System.out( 5231): Values: 0.0 0.0
01-08 13:02:55.321 I/System.out( 5231): Values: 0.0 0.0
01-08 13:02:56.322 I/System.out( 5231): Values: 0.0 0.0
01-08 13:02:57.323 I/System.out( 5231): Values: 0.0 0.0
01-08 13:02:58.324 I/System.out( 5231): Values: 0.0 0.0
01-08 13:02:59.325 I/System.out( 5231): Values: 0.0 0.0
01-08 13:03:00.325 I/System.out( 5231): Values: 0.0 0.0
01-08 13:03:01.326 I/System.out( 5231): Values: 0.0 0.0
01-08 13:03:02.327 I/System.out( 5231): Values: 0.0 0.0
01-08 13:03:03.328 I/System.out( 5231): Values: 0.0 0.0
01-08 13:03:04.329 I/System.out( 5231): Values: 0.0 0.0
01-08 13:03:05.340 I/System.out( 5231): Values: 0.0 0.0
01-08 13:03:06.341 I/System.out( 5231): Values: 0.0 0.0
01-08 13:03:07.332 I/System.out( 5231): Values: 0.0 0.0
01-08 13:03:08.343 I/System.out( 5231): Values: 0.0 0.0
01-08 13:03:09.344 I/System.out( 5231): Values: 0.0 0.0
01-08 13:03:10.345 I/System.out( 5231): Values: 0.0 0.0
01-08 13:03:11.356 I/System.out( 5231): Values: 0.0 0.0
01-08 13:03:12.347 I/System.out( 5231): Values: 0.0 0.0
01-08 13:03:13.348 I/System.out( 5231): Values: 0.0 0.0
01-08 13:03:14.359 I/System.out( 5231): Values: 0.0 0.0
01-08 13:03:15.360 I/System.out( 5231): Values: 0.0 0.0
01-08 13:03:16.361 I/System.out( 5231): Values: 0.0 0.0
01-08 13:03:17.352 I/System.out( 5231): Values: 0.0 0.0
01-08 13:03:18.353 I/System.out( 5231): Values: 0.0 0.0
01-08 13:03:19.364 I/System.out( 5231): Values: 0.0 0.0
01-08 13:03:20.365 I/System.out( 5231): Values: 0.0 0.0
01-08 13:03:21.366 I/System.out( 5231): Values: 0.0 0.0
01-08 13:03:22.367 I/System.out( 5231): Values: 0.0 0.0
01-08 13:03:23.368 I/System.out( 5231): Values: 0.0 0.0
01-08 13:03:24.369 I/System.out( 5231): Values: 0.0 0.0
01-08 13:03:25.370 I/System.out( 5231): Values: 0.0 0.0
01-08 13:03:26.371 I/System.out( 5231): Values: 0.0 0.0
01-08 13:03:27.372 I/System.out( 5231): Values: 0.0 0.0
01-08 13:03:28.373 I/System.out( 5231): Values: 0.0 0.0
01-08 13:03:29.384 I/System.out( 5231): Values: 0.0 0.0
01-08 13:03:30.385 I/System.out( 5231): Values: 0.0 0.0
01-08 13:03:31.386 I/System.out( 5231): Values: 0.0 0.0
01-08 13:03:32.377 I/System.out( 5231): Values: 0.0 0.0
01-08 13:03:33.388 I/System.out( 5231): Values: 0.0 0.0
01-08 13:03:34.389 I/System.out( 5231): Values: 0.0 0.0
01-08 13:03:35.390 I/System.out( 5231): Values: 0.0 0.0
01-08 13:03:36.391 I/System.out( 5231): Values: 0.0 0.0
01-08 13:03:37.382 I/System.out( 5231): Values: 0.0 0.0
01-08 13:03:38.383 I/System.out( 5231): Values: 0.0 0.0
01-08 13:03:39.384 I/System.out( 5231): Values: 0.0 0.0
01-08 13:03:40.385 I/System.out( 5231): Values: 0.0 0.0
01-08 13:03:41.386 I/System.out( 5231): Values: 0.0 0.0
01-08 13:03:42.387 I/System.out( 5231): Values: 0.0 0.0
01-08 13:03:43.387 I/System.out( 5231): Values: 0.0 0.0
01-08 13:03:44.388 I/System.out( 5231): Values: 0.0 0.0
01-08 13:03:45.389 I/System.out( 5231): Values: 0.0 0.0
01-08 13:03:46.390 I/System.out( 5231): Values: 0.0 0.0
01-08 13:03:47.381 I/System.out( 5231): Values: 0.0 0.0
01-08 13:03:48.382 I/System.out( 5231): Values: 0.0 0.0
01-08 13:03:49.383 I/System.out( 5231): Values: 0.0 0.0
01-08 13:03:50.384 I/System.out( 5231): Values: 0.0 0.0
01-08 13:03:51.395 I/System.out( 5231): Values: 0.0 0.0
01-08 13:03:52.386 I/System.out( 5231): Values: 0.0 0.0
01-08 13:03:53.387 I/System.out( 5231): Values: 0.0 0.0
01-08 13:03:54.388 I/System.out( 5231): Values: 0.0 0.0
01-08 13:03:55.389 I/System.out( 5231): Values: 0.0 0.0
01-08 13:03:56.390 I/System.out( 5231): Values: 0.0 0.0
01-08 13:03:57.391 I/System.out( 5231): Values: 0.0 0.0
01-08 13:03:58.392 I/System.out( 5231): Values: 0.0 0.0
01-08 13:03:59.393 I/System.out( 5231): Values: 0.0 0.0
01-08 13:03:59.994 I/ActivityManager(  519): No longer want com.google.android.gallery3d (pid 1523): empty for 1847s
01-08 13:03:59.994 I/ActivityManager(  519): No longer want com.android.chrome (pid 2106): empty for 1847s
01-08 13:03:59.994 I/ActivityManager(  519): No longer want com.google.android.gms (pid 4846): empty for 1856s
01-08 13:04:00.004 I/ActivityManager(  519): No longer want com.google.android.googlequicksearchbox (pid 5135): empty for 1856s
01-08 13:04:00.004 I/ActivityManager(  519): No longer want com.android.musicfx (pid 5109): empty for 1856s
01-08 13:04:00.004 I/ActivityManager(  519): No longer want com.google.android.talk (pid 5215): empty for 1857s
01-08 13:04:00.004 I/ActivityManager(  519): No longer want android.process.acore (pid 5070): empty for 1857s
01-08 13:04:00.014 I/ActivityManager(  519): No longer want com.google.android.partnersetup (pid 5168): empty for 1857s
01-08 13:04:00.014 I/ActivityManager(  519): No longer want com.android.keychain (pid 5095): empty for 1857s
01-08 13:04:00.014 I/ActivityManager(  519): No longer want com.android.defcontainer (pid 5024): empty for 1858s
01-08 13:04:00.384 I/System.out( 5231): Values: 0.0 0.0
01-08 13:04:01.395 I/System.out( 5231): Values: 0.0 0.0
01-08 13:04:02.396 I/System.out( 5231): Values: 0.0 0.0
01-08 13:04:03.397 I/System.out( 5231): Values: 0.0 0.0
01-08 13:04:04.398 I/System.out( 5231): Values: 0.0 0.0
01-08 13:04:05.399 I/System.out( 5231): Values: 0.0 0.0
01-08 13:04:06.400 I/System.out( 5231): Values: 0.0 0.0
01-08 13:04:07.401 I/System.out( 5231): Values: 0.0 0.0
01-08 13:04:08.392 I/System.out( 5231): Values: 0.0 0.0
01-08 13:04:09.403 I/System.out( 5231): Values: 0.0 0.0
01-08 13:04:10.404 I/System.out( 5231): Values: 0.0 0.0
01-08 13:04:11.405 I/System.out( 5231): Values: 0.0 0.0
01-08 13:04:12.406 I/System.out( 5231): Values: 0.0 0.0
01-08 13:04:13.407 I/System.out( 5231): Values: 0.0 0.0
01-08 13:04:14.408 I/System.out( 5231): Values: 0.0 0.0
01-08 13:04:15.409 I/System.out( 5231): Values: 0.0 0.0
01-08 13:04:16.410 I/System.out( 5231): Values: 0.0 0.0
01-08 13:04:17.421 I/System.out( 5231): Values: 0.0 0.0
01-08 13:04:18.422 I/System.out( 5231): Values: 0.0 0.0
01-08 13:04:19.413 I/System.out( 5231): Values: 0.0 0.0
01-08 13:04:20.424 I/System.out( 5231): Values: 0.0 0.0
01-08 13:04:21.425 I/System.out( 5231): Values: 0.0 0.0
01-08 13:04:22.426 I/System.out( 5231): Values: 0.0 0.0
01-08 13:04:23.427 I/System.out( 5231): Values: 0.0 0.0
01-08 13:04:24.438 I/System.out( 5231): Values: 0.0 0.0
01-08 13:04:25.439 I/System.out( 5231): Values: 0.0 0.0
01-08 13:04:26.439 I/System.out( 5231): Values: 0.0 0.0
01-08 13:04:27.440 I/System.out( 5231): Values: 0.0 0.0
01-08 13:04:28.441 I/System.out( 5231): Values: 0.0 0.0
01-08 13:04:29.442 I/System.out( 5231): Values: 0.0 0.0
01-08 13:04:30.443 I/System.out( 5231): Values: 0.0 0.0
01-08 13:04:31.444 I/System.out( 5231): Values: 0.0 0.0
01-08 13:04:32.445 I/System.out( 5231): Values: 0.0 0.0
01-08 13:04:33.446 I/System.out( 5231): Values: 0.0 0.0
01-08 13:04:34.447 I/System.out( 5231): Values: 0.0 0.0
01-08 13:04:35.448 I/System.out( 5231): Values: 0.0 0.0
01-08 13:04:36.459 I/System.out( 5231): Values: 0.0 0.0
01-08 13:04:37.460 I/System.out( 5231): Values: 0.0 0.0
01-08 13:04:38.461 I/System.out( 5231): Values: 0.0 0.0
01-08 13:04:39.462 I/System.out( 5231): Values: 0.0 0.0
01-08 13:04:40.463 I/System.out( 5231): Values: 0.0 0.0
01-08 13:04:41.454 I/System.out( 5231): Values: 0.0 0.0
01-08 13:04:42.455 I/System.out( 5231): Values: 0.0 0.0
01-08 13:04:43.456 I/System.out( 5231): Values: 0.0 0.0
01-08 13:04:44.467 I/System.out( 5231): Values: 0.0 0.0
01-08 13:04:45.468 I/System.out( 5231): Values: 0.0 0.0
01-08 13:04:46.469 I/System.out( 5231): Values: 0.0 0.0
01-08 13:04:47.470 I/System.out( 5231): Values: 0.0 0.0
01-08 13:04:48.471 I/System.out( 5231): Values: 0.0 0.0
01-08 13:04:49.472 I/System.out( 5231): Values: 0.0 0.0
01-08 13:04:50.473 I/System.out( 5231): Values: 0.0 0.0
01-08 13:04:51.474 I/System.out( 5231): Values: 0.0 0.0
01-08 13:04:52.475 I/System.out( 5231): Values: 0.0 0.0
01-08 13:04:53.476 I/System.out( 5231): Values: 0.0 0.0
01-08 13:04:54.477 I/System.out( 5231): Values: 0.0 0.0
01-08 13:04:55.478 I/System.out( 5231): Values: 0.0 0.0
01-08 13:04:56.479 I/System.out( 5231): Values: 0.0 0.0
01-08 13:04:57.480 I/System.out( 5231): Values: 0.0 0.0
01-08 13:04:58.481 I/System.out( 5231): Values: 0.0 0.0
01-08 13:04:59.482 I/System.out( 5231): Values: 0.0 0.0
01-08 13:05:00.483 I/System.out( 5231): Values: 0.0 0.0
01-08 13:05:01.484 I/System.out( 5231): Values: 0.0 0.0
01-08 13:05:02.485 I/System.out( 5231): Values: 0.0 0.0
01-08 13:05:03.486 I/System.out( 5231): Values: 0.0 0.0
01-08 13:05:04.487 I/System.out( 5231): Values: 0.0 0.0
01-08 13:05:05.488 I/System.out( 5231): Values: 0.0 0.0
01-08 13:05:06.489 I/System.out( 5231): Values: 0.0 0.0
01-08 13:05:07.490 I/System.out( 5231): Values: 0.0 0.0
01-08 13:05:08.491 I/System.out( 5231): Values: 0.0 0.0
01-08 13:05:09.481 I/System.out( 5231): Values: 0.0 0.0
01-08 13:05:10.482 I/System.out( 5231): Values: 0.0 0.0
01-08 13:05:11.483 I/System.out( 5231): Values: 0.0 0.0
01-08 13:05:12.484 I/System.out( 5231): Values: 0.0 0.0
01-08 13:05:13.485 I/System.out( 5231): Values: 0.0 0.0
01-08 13:05:14.486 I/System.out( 5231): Values: 0.0 0.0
01-08 13:05:15.487 I/System.out( 5231): Values: 0.0 0.0
01-08 13:05:16.488 I/System.out( 5231): Values: 0.0 0.0
01-08 13:05:17.489 I/System.out( 5231): Values: 0.0 0.0
01-08 13:05:18.490 I/System.out( 5231): Values: 0.0 0.0
01-08 13:05:19.491 I/System.out( 5231): Values: 0.0 0.0
01-08 13:05:20.482 I/System.out( 5231): Values: 0.0 0.0
01-08 13:05:21.493 I/System.out( 5231): Values: 0.0 0.0
01-08 13:05:22.484 I/System.out( 5231): Values: 0.0 0.0
01-08 13:05:23.485 I/System.out( 5231): Values: 0.0 0.0
01-08 13:05:24.486 I/System.out( 5231): Values: 0.0 0.0
01-08 13:05:25.497 I/System.out( 5231): Values: 0.0 0.0
01-08 13:05:26.498 I/System.out( 5231): Values: 0.0 0.0
01-08 13:05:26.548 D/dalvikvm( 5231): GC_CONCURRENT freed 386K, 5% free 9024K/9448K, paused 3ms+4ms, total 48ms
01-08 13:05:27.499 I/System.out( 5231): Values: 0.0 0.0
01-08 13:05:28.500 I/System.out( 5231): Values: 0.0 0.0
01-08 13:05:29.501 I/System.out( 5231): Values: 0.0 0.0
01-08 13:05:30.502 I/System.out( 5231): Values: 0.0 0.0
01-08 13:05:31.503 I/System.out( 5231): Values: 0.0 0.0
01-08 13:05:32.504 I/System.out( 5231): Values: 0.0 0.0
01-08 13:05:33.505 I/System.out( 5231): Values: 0.0 0.0
01-08 13:05:34.506 I/System.out( 5231): Values: 0.0 0.0
01-08 13:05:35.507 I/System.out( 5231): Values: 0.0 0.0
01-08 13:05:36.508 I/System.out( 5231): Values: 0.0 0.0
01-08 13:05:37.509 I/System.out( 5231): Values: 0.0 0.0
01-08 13:05:38.510 I/System.out( 5231): Values: 0.0 0.0
01-08 13:05:39.521 I/System.out( 5231): Values: 0.0 0.0
01-08 13:05:40.512 I/System.out( 5231): Values: 0.0 0.0
01-08 13:05:41.523 I/System.out( 5231): Values: 0.0 0.0
01-08 13:05:42.514 I/System.out( 5231): Values: 0.0 0.0
01-08 13:05:43.515 I/System.out( 5231): Values: 0.0 0.0
01-08 13:05:44.526 I/System.out( 5231): Values: 0.0 0.0
01-08 13:05:45.527 I/System.out( 5231): Values: 0.0 0.0
01-08 13:05:46.528 I/System.out( 5231): Values: 0.0 0.0
01-08 13:05:47.539 I/System.out( 5231): Values: 0.0 0.0
01-08 13:05:48.540 I/System.out( 5231): Values: 0.0 0.0
01-08 13:05:49.541 I/System.out( 5231): Values: 0.0 0.0
01-08 13:05:50.542 I/System.out( 5231): Values: 0.0 0.0
01-08 13:05:51.543 I/System.out( 5231): Values: 0.0 0.0
01-08 13:05:52.543 I/System.out( 5231): Values: 0.0 0.0
01-08 13:05:53.544 I/System.out( 5231): Values: 0.0 0.0
01-08 13:05:54.545 I/System.out( 5231): Values: 0.0 0.0
01-08 13:05:55.546 I/System.out( 5231): Values: 0.0 0.0
01-08 13:05:56.547 I/System.out( 5231): Values: 0.0 0.0
01-08 13:05:57.548 I/System.out( 5231): Values: 0.0 0.0
01-08 13:05:58.559 I/System.out( 5231): Values: 0.0 0.0
01-08 13:05:59.560 I/System.out( 5231): Values: 0.0 0.0
01-08 13:06:00.561 I/System.out( 5231): Values: 0.0 0.0
01-08 13:06:01.552 I/System.out( 5231): Values: 0.0 0.0
01-08 13:06:02.553 I/System.out( 5231): Values: 0.0 0.0
01-08 13:06:03.554 I/System.out( 5231): Values: 0.0 0.0
01-08 13:06:04.565 I/System.out( 5231): Values: 0.0 0.0
01-08 13:06:05.566 I/System.out( 5231): Values: 0.0 0.0
01-08 13:06:06.577 I/System.out( 5231): Values: 0.0 0.0
01-08 13:06:07.578 I/System.out( 5231): Values: 0.0 0.0
01-08 13:06:08.579 I/System.out( 5231): Values: 0.0 0.0
01-08 13:06:09.580 I/System.out( 5231): Values: 0.0 0.0
01-08 13:06:10.581 I/System.out( 5231): Values: 0.0 0.0
01-08 13:06:11.582 I/System.out( 5231): Values: 0.0 0.0
01-08 13:06:12.573 I/System.out( 5231): Values: 0.0 0.0
01-08 13:06:13.584 I/System.out( 5231): Values: 0.0 0.0
01-08 13:06:14.585 I/System.out( 5231): Values: 0.0 0.0
01-08 13:06:15.586 I/System.out( 5231): Values: 0.0 0.0
01-08 13:06:16.597 I/System.out( 5231): Values: 0.0 0.0
01-08 13:06:17.588 I/System.out( 5231): Values: 0.0 0.0
01-08 13:06:18.589 I/System.out( 5231): Values: 0.0 0.0
01-08 13:06:19.590 I/System.out( 5231): Values: 0.0 0.0
01-08 13:06:20.591 I/System.out( 5231): Values: 0.0 0.0
01-08 13:06:21.592 I/System.out( 5231): Values: 0.0 0.0
01-08 13:06:22.593 I/System.out( 5231): Values: 0.0 0.0
01-08 13:06:23.594 I/System.out( 5231): Values: 0.0 0.0
01-08 13:06:24.595 I/System.out( 5231): Values: 0.0 0.0
01-08 13:06:25.596 I/System.out( 5231): Values: 0.0 0.0
01-08 13:06:26.597 I/System.out( 5231): Values: 0.0 0.0
01-08 13:06:27.598 I/System.out( 5231): Values: 0.0 0.0
01-08 13:06:28.599 I/System.out( 5231): Values: 0.0 0.0
01-08 13:06:29.600 I/System.out( 5231): Values: 0.0 0.0
01-08 13:06:30.601 I/System.out( 5231): Values: 0.0 0.0
01-08 13:06:31.602 I/System.out( 5231): Values: 0.0 0.0
01-08 13:06:32.603 I/System.out( 5231): Values: 0.0 0.0
01-08 13:06:33.594 I/System.out( 5231): Values: 0.0 0.0
01-08 13:06:34.595 I/System.out( 5231): Values: 0.0 0.0
01-08 13:06:35.595 I/System.out( 5231): Values: 0.0 0.0
01-08 13:06:36.596 I/System.out( 5231): Values: 0.0 0.0
01-08 13:06:37.597 I/System.out( 5231): Values: 0.0 0.0
01-08 13:06:38.598 I/System.out( 5231): Values: 0.0 0.0
01-08 13:06:39.599 I/System.out( 5231): Values: 0.0 0.0
01-08 13:06:40.600 I/System.out( 5231): Values: 0.0 0.0
01-08 13:06:41.601 I/System.out( 5231): Values: 0.0 0.0
01-08 13:06:42.602 I/System.out( 5231): Values: 0.0 0.0
01-08 13:06:43.593 I/System.out( 5231): Values: 0.0 0.0
01-08 13:06:44.594 I/System.out( 5231): Values: 0.0 0.0
01-08 13:06:45.595 I/System.out( 5231): Values: 0.0 0.0
01-08 13:06:46.596 I/System.out( 5231): Values: 0.0 0.0
01-08 13:06:47.597 I/System.out( 5231): Values: 0.0 0.0
01-08 13:06:48.598 I/System.out( 5231): Values: 0.0 0.0
01-08 13:06:49.599 I/System.out( 5231): Values: 0.0 0.0
01-08 13:06:50.610 I/System.out( 5231): Values: 0.0 0.0
01-08 13:06:51.611 I/System.out( 5231): Values: 0.0 0.0
01-08 13:06:52.612 I/System.out( 5231): Values: 0.0 0.0
01-08 13:06:53.613 I/System.out( 5231): Values: 0.0 0.0
01-08 13:06:54.614 I/System.out( 5231): Values: 0.0 0.0
01-08 13:06:55.605 I/System.out( 5231): Values: 0.0 0.0
01-08 13:06:56.616 I/System.out( 5231): Values: 0.0 0.0
01-08 13:06:57.617 I/System.out( 5231): Values: 0.0 0.0
01-08 13:06:58.618 I/System.out( 5231): Values: 0.0 0.0
01-08 13:06:59.629 I/System.out( 5231): Values: 0.0 0.0
01-08 13:07:00.630 I/System.out( 5231): Values: 0.0 0.0
01-08 13:07:01.631 I/System.out( 5231): Values: 0.0 0.0
01-08 13:07:02.632 I/System.out( 5231): Values: 0.0 0.0
01-08 13:07:03.633 I/System.out( 5231): Values: 0.0 0.0
01-08 13:07:04.624 I/System.out( 5231): Values: 0.0 0.0
01-08 13:07:05.625 I/System.out( 5231): Values: 0.0 0.0
01-08 13:07:06.626 I/System.out( 5231): Values: 0.0 0.0
01-08 13:07:07.627 I/System.out( 5231): Values: 0.0 0.0
01-08 13:07:08.628 I/System.out( 5231): Values: 0.0 0.0
01-08 13:07:09.629 I/System.out( 5231): Values: 0.0 0.0
01-08 13:07:10.630 I/System.out( 5231): Values: 0.0 0.0
01-08 13:07:11.631 I/System.out( 5231): Values: 0.0 0.0
01-08 13:07:12.622 I/System.out( 5231): Values: 0.0 0.0
01-08 13:07:13.633 I/System.out( 5231): Values: 0.0 0.0
01-08 13:07:14.624 I/System.out( 5231): Values: 0.0 0.0
01-08 13:07:15.635 I/System.out( 5231): Values: 0.0 0.0
01-08 13:07:16.626 I/System.out( 5231): Values: 0.0 0.0
01-08 13:07:17.627 I/System.out( 5231): Values: 0.0 0.0
01-08 13:07:18.627 I/System.out( 5231): Values: 0.0 0.0
01-08 13:07:19.628 I/System.out( 5231): Values: 0.0 0.0
01-08 13:07:20.009 D/dalvikvm(  519): JIT code cache reset in 1 ms (1048432 bytes 2/0)
01-08 13:07:20.019 D/dalvikvm(  519): GC_CONCURRENT freed 2168K, 20% free 17238K/21384K, paused 9ms+7ms, total 126ms
01-08 13:07:20.629 I/System.out( 5231): Values: 0.0 0.0
01-08 13:07:21.630 I/System.out( 5231): Values: 0.0 0.0
01-08 13:07:22.631 I/System.out( 5231): Values: 0.0 0.0
01-08 13:07:23.622 I/System.out( 5231): Values: 0.0 0.0
01-08 13:07:24.633 I/System.out( 5231): Values: 0.0 0.0
01-08 13:07:25.634 I/System.out( 5231): Values: 0.0 0.0
01-08 13:07:26.635 I/System.out( 5231): Values: 0.0 0.0
01-08 13:07:27.636 I/System.out( 5231): Values: 0.0 0.0
01-08 13:07:28.637 I/System.out( 5231): Values: 0.0 0.0
01-08 13:07:29.638 I/System.out( 5231): Values: 0.0 0.0
01-08 13:07:30.639 I/System.out( 5231): Values: 0.0 0.0
01-08 13:07:31.650 I/System.out( 5231): Values: 0.0 0.0
01-08 13:07:32.651 I/System.out( 5231): Values: 0.0 0.0
01-08 13:07:33.652 I/System.out( 5231): Values: 0.0 0.0
01-08 13:07:34.653 I/System.out( 5231): Values: 0.0 0.0
01-08 13:07:35.644 I/System.out( 5231): Values: 0.0 0.0
01-08 13:07:36.655 I/System.out( 5231): Values: 0.0 0.0
01-08 13:07:37.656 I/System.out( 5231): Values: 0.0 0.0
01-08 13:07:38.657 I/System.out( 5231): Values: 0.0 0.0
01-08 13:07:39.658 I/System.out( 5231): Values: 0.0 0.0
01-08 13:07:40.659 I/System.out( 5231): Values: 0.0 0.0
01-08 13:07:41.660 I/System.out( 5231): Values: 0.0 0.0
01-08 13:07:42.661 I/System.out( 5231): Values: 0.0 0.0
01-08 13:07:43.662 I/System.out( 5231): Values: 0.0 0.0
01-08 13:07:44.663 I/System.out( 5231): Values: 0.0 0.0
01-08 13:07:45.664 I/System.out( 5231): Values: 0.0 0.0
01-08 13:07:46.665 I/System.out( 5231): Values: 0.0 0.0
01-08 13:07:47.666 I/System.out( 5231): Values: 0.0 0.0
01-08 13:07:48.667 I/System.out( 5231): Values: 0.0 0.0
01-08 13:07:49.668 I/System.out( 5231): Values: 0.0 0.0
01-08 13:07:50.669 I/System.out( 5231): Values: 0.0 0.0
01-08 13:07:51.670 I/System.out( 5231): Values: 0.0 0.0
01-08 13:07:52.671 I/System.out( 5231): Values: 0.0 0.0
01-08 13:07:53.662 I/System.out( 5231): Values: 0.0 0.0
01-08 13:07:54.663 I/System.out( 5231): Values: 0.0 0.0
01-08 13:07:55.664 I/System.out( 5231): Values: 0.0 0.0
01-08 13:07:56.665 I/System.out( 5231): Values: 0.0 0.0
01-08 13:07:57.666 I/System.out( 5231): Values: 0.0 0.0
01-08 13:07:58.667 I/System.out( 5231): Values: 0.0 0.0
01-08 13:07:59.668 I/System.out( 5231): Values: 0.0 0.0
01-08 13:08:00.668 I/System.out( 5231): Values: 0.0 0.0
01-08 13:08:01.669 I/System.out( 5231): Values: 0.0 0.0
01-08 13:08:02.670 I/System.out( 5231): Values: 0.0 0.0
01-08 13:08:03.671 I/System.out( 5231): Values: 0.0 0.0
01-08 13:08:04.672 I/System.out( 5231): Values: 0.0 0.0
01-08 13:08:05.673 I/System.out( 5231): Values: 0.0 0.0
01-08 13:08:06.664 I/System.out( 5231): Values: 0.0 0.0
01-08 13:08:07.675 I/System.out( 5231): Values: 0.0 0.0
01-08 13:08:08.676 I/System.out( 5231): Values: 0.0 0.0
01-08 13:08:09.677 I/System.out( 5231): Values: 0.0 0.0
01-08 13:08:10.678 I/System.out( 5231): Values: 0.0 0.0
01-08 13:08:11.679 I/System.out( 5231): Values: 0.0 0.0
01-08 13:08:12.680 I/System.out( 5231): Values: 0.0 0.0
01-08 13:08:13.691 I/System.out( 5231): Values: 0.0 0.0
01-08 13:08:14.682 I/System.out( 5231): Values: 0.0 0.0
01-08 13:08:15.693 I/System.out( 5231): Values: 0.0 0.0
01-08 13:08:16.694 I/System.out( 5231): Values: 0.0 0.0
01-08 13:08:17.695 I/System.out( 5231): Values: 0.0 0.0
01-08 13:08:18.696 I/System.out( 5231): Values: 0.0 0.0
01-08 13:08:19.697 I/System.out( 5231): Values: 0.0 0.0
01-08 13:08:20.117 D/dalvikvm(  730): GC_CONCURRENT freed 447K, 13% free 10437K/11940K, paused 10ms+1ms, total 30ms
01-08 13:08:20.698 I/System.out( 5231): Values: 0.0 0.0
01-08 13:08:21.699 I/System.out( 5231): Values: 0.0 0.0
01-08 13:08:22.700 I/System.out( 5231): Values: 0.0 0.0
01-08 13:08:23.711 I/System.out( 5231): Values: 0.0 0.0
01-08 13:08:24.712 I/System.out( 5231): Values: 0.0 0.0
01-08 13:08:25.713 I/System.out( 5231): Values: 0.0 0.0
01-08 13:08:26.714 I/System.out( 5231): Values: 0.0 0.0
01-08 13:08:27.715 I/System.out( 5231): Values: 0.0 0.0
01-08 13:08:28.716 I/System.out( 5231): Values: 0.0 0.0
01-08 13:08:29.717 I/System.out( 5231): Values: 0.0 0.0
01-08 13:08:30.718 I/System.out( 5231): Values: 0.0 0.0
01-08 13:08:31.719 I/System.out( 5231): Values: 0.0 0.0
01-08 13:08:32.730 I/System.out( 5231): Values: 0.0 0.0
01-08 13:08:33.731 I/System.out( 5231): Values: 0.0 0.0
01-08 13:08:34.732 I/System.out( 5231): Values: 0.0 0.0
01-08 13:08:35.733 I/System.out( 5231): Values: 0.0 0.0
01-08 13:08:36.734 I/System.out( 5231): Values: 0.0 0.0
01-08 13:08:37.735 I/System.out( 5231): Values: 0.0 0.0
01-08 13:08:38.746 I/System.out( 5231): Values: 0.0 0.0
01-08 13:08:39.737 I/System.out( 5231): Values: 0.0 0.0
01-08 13:08:40.748 I/System.out( 5231): Values: 0.0 0.0
01-08 13:08:41.739 I/System.out( 5231): Values: 0.0 0.0
01-08 13:08:42.750 I/System.out( 5231): Values: 0.0 0.0
01-08 13:08:43.751 I/System.out( 5231): Values: 0.0 0.0
01-08 13:08:44.741 I/System.out( 5231): Values: 0.0 0.0
01-08 13:08:45.752 I/System.out( 5231): Values: 0.0 0.0
01-08 13:08:46.753 I/System.out( 5231): Values: 0.0 0.0
01-08 13:08:47.754 I/System.out( 5231): Values: 0.0 0.0
01-08 13:08:48.755 I/System.out( 5231): Values: 0.0 0.0
01-08 13:08:49.756 I/System.out( 5231): Values: 0.0 0.0
01-08 13:08:50.757 I/System.out( 5231): Values: 0.0 0.0
01-08 13:08:51.768 I/System.out( 5231): Values: 0.0 0.0
01-08 13:08:52.759 I/System.out( 5231): Values: 0.0 0.0
01-08 13:08:52.829 D/dalvikvm( 5231): GC_CONCURRENT freed 386K, 5% free 9024K/9448K, paused 5ms+1ms, total 61ms
01-08 13:08:53.760 I/System.out( 5231): Values: 0.0 0.0
01-08 13:08:54.771 I/System.out( 5231): Values: 0.0 0.0
01-08 13:08:55.772 I/System.out( 5231): Values: 0.0 0.0
01-08 13:08:56.773 I/System.out( 5231): Values: 0.0 0.0
01-08 13:08:57.764 I/System.out( 5231): Values: 0.0 0.0
01-08 13:08:58.765 I/System.out( 5231): Values: 0.0 0.0
01-08 13:08:59.766 I/System.out( 5231): Values: 0.0 0.0
01-08 13:09:00.767 I/System.out( 5231): Values: 0.0 0.0
