--------- beginning of /dev/log/system
01-09 16:42:44.928 I/PowerManagerService(  512): Waking up from sleep...
--------- beginning of /dev/log/main
01-09 16:42:44.958 D/audio_hw_primary(  180): adev_set_parameters: enter: screen_state=on
01-09 16:42:44.958 D/audio_hw_primary(  180): adev_set_parameters: exit with code(-2)
01-09 16:42:44.978 I/WindowManager(  512): Lock screen displayed!
01-09 16:42:45.008 D/SurfaceFlinger(  177): Screen acquired, type=0 flinger=0xb736d478
01-09 16:42:45.248 D/SurfaceControl(  512): Excessive delay in unblankDisplay() while turning screen on: 241ms
01-09 16:42:45.278 V/PanelView(  585): animationTick called with dtms=0; nothing to do (h=456.0 v=6000.0)
01-09 16:42:45.278 V/PanelView(  585): animationTick called with dtms=-11; nothing to do (h=456.0 v=6000.0)
01-09 16:42:45.388 V/DigitalWidgetViewsFactory( 4127): DigitalWidget sets next alarm string to null
01-09 16:42:45.388 D/YouTube MDX( 8346): Recieved intent android.intent.action.SCREEN_ON
01-09 16:42:45.408 D/PhoneStatusBar(  585): disable: < expand ICONS* alerts TICKER* system_info back* home* RECENT CLOCK search >
01-09 16:42:46.779 V/PanelView(  585): animationTick called with dtms=0; nothing to do (h=729.0 v=-4000.0)
01-09 16:42:46.779 V/PanelView(  585): animationTick called with dtms=0; nothing to do (h=729.0 v=-4000.0)
01-09 16:42:46.779 V/PanelView(  585): animationTick called with dtms=0; nothing to do (h=729.0 v=-4000.0)
01-09 16:42:46.970 D/PhoneStatusBar(  585): disable: < expand icons* alerts ticker* system_info back home RECENT clock* search >
01-09 16:42:47.040 D/PhoneStatusBar(  585): disable: < expand icons alerts ticker system_info BACK* HOME* RECENT CLOCK* search >
01-09 16:42:48.321 D/audio_hw_primary(  180): start_output_stream: enter: usecase(1: low-latency-playback) devices(0x2)
01-09 16:42:48.321 D/audio_hw_primary(  180): select_devices: out_snd_device(2: speaker) in_snd_device(0: none)
01-09 16:42:48.321 D/audio_hw_primary(  180): enable_snd_device: sending audio calibration for snd_device(2) acdb_id(14)
01-09 16:42:48.321 D/ACDB-LOADER(  180): ACDB -> send_afe_cal
01-09 16:42:48.321 D/audio_hw_primary(  180): enable_snd_device: snd_device(2: speaker)
01-09 16:42:48.321 D/audio_hw_primary(  180): enable_audio_route: apply mixer path: low-latency-playback
01-09 16:42:48.321 D/PhoneStatusBar(  585): disable: < expand icons alerts ticker system_info BACK HOME recent* CLOCK search >
01-09 16:42:48.331 D/audio_hw_primary(  180): start_output_stream: exit
01-09 16:42:48.371 D/PhoneStatusBar(  585): disable: < expand icons alerts ticker system_info back* home* recent clock* search >
01-09 16:42:48.371 W/InputMethodManagerService(  512): Window already focused, ignoring focus gain of: com.android.internal.view.IInputMethodClient$Stub$Proxy@4292a1d8 attribute=android.view.inputmethod.EditorInfo@4292a1e8, token = android.os.BinderProxy@42607308
01-09 16:42:48.821 V/TAG     (  512): bug 7643792: fitSystemWindows([0,50][0,0])
01-09 16:42:51.564 D/audio_hw_primary(  180): out_standby: enter: usecase(1: low-latency-playback)
01-09 16:42:51.614 D/audio_hw_primary(  180): stop_output_stream: enter: usecase(1: low-latency-playback)
01-09 16:42:51.614 D/audio_hw_primary(  180): disable_audio_route: reset mixer path: low-latency-playback
01-09 16:42:51.614 D/audio_hw_primary(  180): disable_snd_device: snd_device(2: speaker)
01-09 16:42:51.634 D/audio_hw_primary(  180): stop_output_stream: exit: status(0)
01-09 16:42:51.634 D/audio_hw_primary(  180): out_standby: exit
01-09 16:42:57.300 D/AndroidRuntime( 8683): 
01-09 16:42:57.300 D/AndroidRuntime( 8683): >>>>>> AndroidRuntime START com.android.internal.os.RuntimeInit <<<<<<
01-09 16:42:57.300 D/AndroidRuntime( 8683): CheckJNI is OFF
01-09 16:42:57.310 D/dalvikvm( 8683): Trying to load lib libjavacore.so 0x0
01-09 16:42:57.310 D/dalvikvm( 8683): Added shared lib libjavacore.so 0x0
01-09 16:42:57.330 D/dalvikvm( 8683): Trying to load lib libnativehelper.so 0x0
01-09 16:42:57.330 D/dalvikvm( 8683): Added shared lib libnativehelper.so 0x0
01-09 16:42:57.450 D/AndroidRuntime( 8683): Calling main entry com.android.commands.pm.Pm
01-09 16:42:57.470 I/ActivityManager(  512): Start proc com.android.defcontainer for service com.android.defcontainer/.DefaultContainerService: pid=8697 uid=10013 gids={50013, 1015, 1023, 2001, 1028}
01-09 16:42:57.500 W/ActivityManager(  512): No content provider found for permission revoke: file:///data/local/tmp/EnergyMeasurementGyroscope.apk
01-09 16:42:57.510 I/ActivityManager(  512): Start proc com.android.vending for broadcast com.android.vending/com.google.android.vending.verifier.PackageVerificationReceiver: pid=8710 uid=10049 gids={50049, 3003, 1015, 1028}
01-09 16:42:57.590 D/dalvikvm(  512): GC_CONCURRENT freed 3228K, 21% free 16935K/21400K, paused 3ms+8ms, total 68ms
01-09 16:42:57.600 D/Finsky  ( 8710): [1] FinskyApp.onCreate: Initializing network with DFE https://android.clients.google.com/fdfe/
01-09 16:42:57.630 D/Finsky  ( 8710): [1] DailyHygiene.goMakeHygieneIfDirty: Dirty, need more hygiene.
01-09 16:42:57.640 D/dalvikvm( 8710): GC_CONCURRENT freed 315K, 4% free 9055K/9408K, paused 3ms+1ms, total 23ms
01-09 16:42:57.660 W/Settings( 8710): Setting download_manager_max_bytes_over_mobile has moved from android.provider.Settings.Secure to android.provider.Settings.Global.
01-09 16:42:57.660 W/Settings( 8710): Setting download_manager_recommended_max_bytes_over_mobile has moved from android.provider.Settings.Secure to android.provider.Settings.Global.
01-09 16:42:57.670 W/Finsky  ( 8710): [1] FinskyApp.getCurrentAccount: No account configured on this device.
01-09 16:42:57.670 W/Finsky  ( 8710): [1] FinskyApp.getDfeApi: No account configured on this device.
01-09 16:42:57.670 D/Finsky  ( 8710): [1] PackageVerificationReceiver.checkPrerequisites: Skipping verification because network inactive
01-09 16:42:57.680 D/Finsky  ( 8710): [1] PackageVerificationReceiver.checkPrerequisites: Skipping verification because network inactive
01-09 16:42:57.680 W/ActivityManager(  512): No content provider found for permission revoke: file:///data/local/tmp/EnergyMeasurementGyroscope.apk
01-09 16:42:57.690 I/PackageManager(  512): Copying native libraries to /data/app-lib/vmdl1716656459
01-09 16:42:57.690 W/PackageManager(  512): Invalid verification token 11 received
01-09 16:42:57.700 D/Finsky  ( 8710): [1] GmsCoreHelper.cleanupNlp: result=false type=4
01-09 16:42:57.740 I/ActivityManager(  512): Force stopping package uk.ac.st_andrews.cs.host.mk74.energymeasurement.gyroscope appid=10072 user=-1
01-09 16:42:57.820 I/PackageManager(  512): Running dexopt on: uk.ac.st_andrews.cs.host.mk74.energymeasurement.gyroscope
01-09 16:42:57.820 I/PackageManager(  512): Package uk.ac.st_andrews.cs.host.mk74.energymeasurement.gyroscope codePath changed from /data/app/uk.ac.st_andrews.cs.host.mk74.energymeasurement.gyroscope-1.apk to /data/app/uk.ac.st_andrews.cs.host.mk74.energymeasurement.gyroscope-2.apk; Retaining data and using new
01-09 16:42:58.080 D/dalvikvm( 8742): DexOpt: load 43ms, verify+opt 163ms, 957308 bytes
01-09 16:42:58.141 I/ActivityManager(  512): Force stopping package uk.ac.st_andrews.cs.host.mk74.energymeasurement.gyroscope appid=10072 user=-1
01-09 16:42:58.141 W/PackageManager(  512): Code path for pkg : uk.ac.st_andrews.cs.host.mk74.energymeasurement.gyroscope changing from /data/app/uk.ac.st_andrews.cs.host.mk74.energymeasurement.gyroscope-1.apk to /data/app/uk.ac.st_andrews.cs.host.mk74.energymeasurement.gyroscope-2.apk
01-09 16:42:58.141 W/PackageManager(  512): Resource path for pkg : uk.ac.st_andrews.cs.host.mk74.energymeasurement.gyroscope changing from /data/app/uk.ac.st_andrews.cs.host.mk74.energymeasurement.gyroscope-1.apk to /data/app/uk.ac.st_andrews.cs.host.mk74.energymeasurement.gyroscope-2.apk
01-09 16:42:58.271 I/ActivityManager(  512): Force stopping package uk.ac.st_andrews.cs.host.mk74.energymeasurement.gyroscope appid=10072 user=0
01-09 16:42:58.291 I/InputReader(  512): Reconfiguring input devices.  changes=0x00000010
01-09 16:42:58.311 I/ActivityManager(  512): Start proc android.process.acore for broadcast com.android.providers.contacts/.PackageIntentReceiver: pid=8743 uid=10000 gids={50000, 3003, 1015, 1028}
01-09 16:42:58.331 D/dalvikvm( 7005): GC_EXPLICIT freed 866K, 9% free 16363K/17804K, paused 2ms+8ms, total 48ms
01-09 16:42:58.341 W/ActivityManager(  512): Skipping broadcast of Intent { act=android.intent.action.PACKAGE_REMOVED dat=package:uk.ac.st_andrews.cs.host.mk74.energymeasurement.gyroscope flg=0x8000010 (has extras) }: user 10 is stopped
01-09 16:42:58.361 I/InputReader(  512): Reconfiguring input devices.  changes=0x00000010
01-09 16:42:58.361 W/ActivityManager(  512): Skipping broadcast of Intent { act=android.intent.action.PACKAGE_ADDED dat=package:uk.ac.st_andrews.cs.host.mk74.energymeasurement.gyroscope flg=0x8000010 (has extras) }: user 10 is stopped
01-09 16:42:58.381 W/ActivityManager(  512): Skipping broadcast of Intent { act=android.intent.action.PACKAGE_REPLACED dat=package:uk.ac.st_andrews.cs.host.mk74.energymeasurement.gyroscope flg=0x8000010 (has extras) }: user 10 is stopped
01-09 16:42:58.381 W/ActivityManager(  512): Skipping broadcast of Intent { act=android.intent.action.MY_PACKAGE_REPLACED flg=0x8000010 pkg=uk.ac.st_andrews.cs.host.mk74.energymeasurement.gyroscope (has extras) }: user 10 is stopped
01-09 16:42:58.391 D/dalvikvm(  753): GC_CONCURRENT freed 524K, 6% free 9141K/9720K, paused 1ms+2ms, total 14ms
01-09 16:42:58.391 D/BackupManagerService(  512): Received broadcast Intent { act=android.intent.action.PACKAGE_REMOVED dat=package:uk.ac.st_andrews.cs.host.mk74.energymeasurement.gyroscope flg=0x8000010 (has extras) }
01-09 16:42:58.411 D/BackupManagerService(  512): Received broadcast Intent { act=android.intent.action.PACKAGE_ADDED dat=package:uk.ac.st_andrews.cs.host.mk74.energymeasurement.gyroscope flg=0x8000010 (has extras) }
01-09 16:42:58.411 V/BackupManagerService(  512): removePackageParticipantsLocked: uid=10072 #1
01-09 16:42:58.411 V/BackupManagerService(  512): addPackageParticipantsLocked: #1
01-09 16:42:58.461 D/dalvikvm( 8743): GC_CONCURRENT freed 225K, 3% free 9112K/9376K, paused 1ms+2ms, total 16ms
01-09 16:42:58.471 D/dalvikvm(  512): GC_EXPLICIT freed 1522K, 22% free 16839K/21400K, paused 4ms+7ms, total 91ms
01-09 16:42:58.481 I/ActivityManager(  512): Start proc com.android.keychain for broadcast com.android.keychain/.KeyChainBroadcastReceiver: pid=8768 uid=1000 gids={41000, 1015, 1028, 3002, 3001, 3003, 3007}
01-09 16:42:58.491 D/AndroidRuntime( 8683): Shutting down VM
01-09 16:42:58.491 D/jdwp    ( 8683): Got wake-up signal, bailing out of select
01-09 16:42:58.491 D/dalvikvm( 8683): Debugger has detached; object registry had 1 entries
01-09 16:42:58.511 D/dalvikvm( 4488): GC_CONCURRENT freed 411K, 5% free 9249K/9700K, paused 2ms+2ms, total 19ms
01-09 16:42:58.511 W/ContextImpl( 8768): Calling a method in the system process without a qualified user: android.app.ContextImpl.startService:1385 android.content.ContextWrapper.startService:473 android.content.ContextWrapper.startService:473 com.android.keychain.KeyChainBroadcastReceiver.onReceive:12 android.app.ActivityThread.handleReceiver:2424 
01-09 16:42:58.551 I/ActivityManager(  512): Start proc com.android.musicfx for broadcast com.android.musicfx/.Compatibility$Receiver: pid=8781 uid=10042 gids={50042, 3003, 3002, 1028}
01-09 16:42:58.571 I/ContactLocale( 8743): AddressBook Labels [en_US]: [, A, B, C, D, E, F, G, H, I, J, K, L, M, N, O, P, Q, R, S, T, U, V, W, X, Y, Z, Α, Β, Γ, Δ, Ε, Ζ, Η, Θ, Ι, Κ, Λ, Μ, Ν, Ξ, Ο, Π, Ρ, Σ, Τ, Υ, Φ, Χ, Ψ, Ω, , А, Б, В, Г, Д, Е, Є, Ж, З, И, І, Ї, Й, К, Л, М, Н, О, П, Р, С, Т, У, Ф, Х, Ц, Ч, Ш, Щ, Ю, Я, , א, ב, ג, ד, ה, ו, ז, ח, ט, י, כ, ל, מ, נ, ס, ע, פ, צ, ק, ר, ש, ת, , ا, ب, ت, ث, ج, ح, خ, د, ذ, ر, ز, س, ش, ص, ض, ط, ظ, ع, غ, ف, ق, ك, ل, م, ن, ه, و, ي, , ก, ข, ฃ, ค, ฅ, ฆ, ง, จ, ฉ, ช, ซ, ฌ, ญ, ฎ, ฏ, ฐ, ฑ, ฒ, ณ, ด, ต, ถ, ท, ธ, น, บ, ป, ผ, ฝ, พ, ฟ, ภ, ม, ย, ร, ฤ, ล, ฦ, ว, ศ, ษ, ส, ห, ฬ, อ, ฮ, , ㄱ, ㄴ, ㄷ, ㄹ, ㅁ, ㅂ, ㅅ, ㅇ, ㅈ, ㅊ, ㅋ, ㅌ, ㅍ, ㅎ, , あ, か, さ, た, な, は, ま, や, ら, わ, #, ]
01-09 16:42:58.571 D/dalvikvm(  178): GC_EXPLICIT freed 40K, 1% free 8863K/8944K, paused 2ms+2ms, total 21ms
01-09 16:42:58.591 D/dalvikvm(  178): GC_EXPLICIT freed <1K, 1% free 8863K/8944K, paused 1ms+2ms, total 16ms
01-09 16:42:58.601 D/dalvikvm(  178): GC_EXPLICIT freed <1K, 1% free 8863K/8944K, paused 1ms+2ms, total 16ms
01-09 16:42:58.611 I/ActivityManager(  512): Start proc com.google.android.gms for broadcast com.google.android.gms/.games.receiver.GamesSystemBroadcastReceiver: pid=8797 uid=10021 gids={50021, 3003, 1007, 1028, 1015, 1006, 2001, 3006}
01-09 16:42:58.691 I/ActivityManager(  512): Start proc com.google.android.googlequicksearchbox for broadcast com.google.android.googlequicksearchbox/com.google.android.apps.sidekick.GmmLocationProviderImpl$GmmPackageWatcher: pid=8817 uid=10057 gids={50057, 3003, 1028, 3002, 1015}
01-09 16:42:58.731 D/dalvikvm( 8797): GC_CONCURRENT freed 298K, 4% free 9035K/9372K, paused 1ms+1ms, total 24ms
01-09 16:42:58.761 I/ActivityManager(  512): Start proc com.google.android.partnersetup for content provider com.google.android.partnersetup/.RlzAppProvider: pid=8848 uid=10026 gids={50026, 3003, 1028}
01-09 16:42:58.781 D/dalvikvm( 8797): No JNI_OnLoad found in /system/lib/libAppDataSearch.so 0x42284ff0, skipping init
01-09 16:42:58.781 D/Icing   ( 8797): Init last flush num docs 53 last docstore size 14336
01-09 16:42:58.781 D/Icing   ( 8797): Docid map file has data, scanning...
01-09 16:42:58.781 D/Icing   ( 8797): Scanning /data/data/com.google.android.gms/files/AppDataSearch/main/cur/ds.docids found 166 documents, last docstore location 45056
01-09 16:42:58.781 D/Icing   ( 8797): File /data/data/com.google.android.gms/files/AppDataSearch/main/cur/ds.perdocdata contains 166 records of size 6
01-09 16:42:58.831 D/dalvikvm( 8817): GC_CONCURRENT freed 235K, 3% free 9174K/9380K, paused 2ms+2ms, total 26ms
01-09 16:42:58.831 W/GAV2    ( 8817): Thread[main,5,main]: Need to call initialize() and be in fallback mode to start dispatch.
01-09 16:42:58.851 D/Icing   ( 8797): Corpus scoring data inited successfully num corpora 1
01-09 16:42:58.851 D/Icing   ( 8797): Init docstore ok num docs 166 bytes 45312
01-09 16:42:58.851 I/PeopleDatabaseHelper( 8797): cleanUpNonGplusAccounts done.
01-09 16:42:58.861 V/Icing   ( 8797): Lite index crc computed in 0.092ms
01-09 16:42:58.871 V/Icing   ( 8797): Lite index init ok in 14.008ms
01-09 16:42:58.871 D/Icing   ( 8797): Lite index recovered docid (52, 165]
01-09 16:42:58.871 V/Icing   ( 8797): Warming lite-index took 0.000ms
01-09 16:42:58.871 V/Icing   ( 8797): Warming lexicon took 0.000ms
01-09 16:42:58.871 V/Icing   ( 8797): Warming display mappings took 0.000ms
01-09 16:42:58.871 D/Icing   ( 8797): Init index ok num docs 166
01-09 16:42:58.871 D/Icing   ( 8797): Init done
01-09 16:42:58.941 D/dalvikvm( 8797): GC_CONCURRENT freed 299K, 4% free 9131K/9468K, paused 3ms+2ms, total 20ms
01-09 16:42:58.941 I/ActivityManager(  512): Start proc com.google.android.talk for broadcast com.google.android.talk/com.google.android.apps.babel.phone.PackageReplacedReceiver: pid=8893 uid=10030 gids={50030, 3003, 1015, 1006, 3002, 1028}
01-09 16:42:58.951 I/Icing   ( 8797): 0 corpora need re-polling
01-09 16:42:59.011 D/AndroidRuntime( 8869): 
01-09 16:42:59.011 D/AndroidRuntime( 8869): >>>>>> AndroidRuntime START com.android.internal.os.RuntimeInit <<<<<<
01-09 16:42:59.011 D/AndroidRuntime( 8869): CheckJNI is OFF
01-09 16:42:59.021 D/dalvikvm( 8869): Trying to load lib libjavacore.so 0x0
01-09 16:42:59.021 D/dalvikvm( 8869): Added shared lib libjavacore.so 0x0
01-09 16:42:59.021 D/dalvikvm( 8893): GC_CONCURRENT freed 330K, 4% free 8981K/9348K, paused 3ms+3ms, total 22ms
01-09 16:42:59.021 W/Settings( 8893): Setting airplane_mode_on has moved from android.provider.Settings.System to android.provider.Settings.Global, returning read-only value.
01-09 16:42:59.031 D/dalvikvm( 8869): Trying to load lib libnativehelper.so 0x0
01-09 16:42:59.031 D/dalvikvm( 8869): Added shared lib libnativehelper.so 0x0
01-09 16:42:59.091 W/GAV2    ( 8817): Thread[Thread-446,5,main]: dispatch call queued.  Need to call GAServiceManager.getInstance().initialize().
01-09 16:42:59.111 D/dalvikvm(  704): GC_FOR_ALLOC freed 285K, 11% free 9839K/10944K, paused 22ms, total 23ms
01-09 16:42:59.122 I/Recovery( 8797): Received: Intent { act=com.google.android.gms.INITIALIZE flg=0x10 pkg=com.google.android.gms cmp=com.google.android.gms/.recovery.AccountRecoveryBackgroundService$Receiver }
01-09 16:42:59.142 I/ActivityManager(  512): Start proc com.google.android.gsf.login for service com.google.android.gms/.recovery.AccountRecoveryBackgroundService: pid=8955 uid=10021 gids={50021, 3003, 1007, 1028, 1015, 1006, 2001, 3006}
01-09 16:42:59.142 D/dalvikvm( 8817): GC_CONCURRENT freed 288K, 4% free 9291K/9620K, paused 5ms+3ms, total 22ms
01-09 16:42:59.152 D/AndroidRuntime( 8869): Calling main entry com.android.commands.am.Am
01-09 16:42:59.162 D/dalvikvm( 8869): Note: class Landroid/app/ActivityManagerNative; has 163 unimplemented (abstract) methods
01-09 16:42:59.162 I/GCoreUlr(  704): Ensuring that reporting is stopped because of reasons: (no Google accounts)
01-09 16:42:59.162 D/GCoreFlp(  704): Unknown pending intent to remove.
01-09 16:42:59.162 I/GCoreUlr(  704): Unbound from all location providers
01-09 16:42:59.162 D/GCM     (  781): GcmService start Intent { act=com.google.android.gms.INITIALIZE flg=0x10 pkg=com.google.android.gms cmp=com.google.android.gms/.gcm.GcmService } com.google.android.gms.INITIALIZE
01-09 16:42:59.162 I/ActivityManager(  512): START u0 {act=android.intent.action.MAIN cat=[android.intent.category.LAUNCHER] flg=0x10000000 cmp=uk.ac.st_andrews.cs.host.mk74.energymeasurement.gyroscope/.MainActivity} from pid 8869
01-09 16:42:59.172 D/AndroidRuntime( 8869): Shutting down VM
01-09 16:42:59.172 D/jdwp    ( 8869): Got wake-up signal, bailing out of select
01-09 16:42:59.172 D/dalvikvm( 8869): Debugger has detached; object registry had 1 entries
01-09 16:42:59.182 D/dalvikvm( 8971): Late-enabling CheckJNI
01-09 16:42:59.192 I/ActivityManager(  512): Start proc uk.ac.st_andrews.cs.host.mk74.energymeasurement.gyroscope for activity uk.ac.st_andrews.cs.host.mk74.energymeasurement.gyroscope/.MainActivity: pid=8971 uid=10072 gids={50072, 1028}
01-09 16:42:59.202 I/Recovery( 8797): Received: Intent { act=com.google.android.gms.INITIALIZE flg=0x10 pkg=com.google.android.gms cmp=com.google.android.gms/.recovery.AccountRecoveryBackgroundService$Receiver }
01-09 16:42:59.222 D/GCM     (  781): GcmService start Intent { act=com.google.android.gms.INITIALIZE flg=0x10 pkg=com.google.android.gms cmp=com.google.android.gms/.gcm.GcmService } com.google.android.gms.INITIALIZE
01-09 16:42:59.282 E/qcom_sensors_hal(  512): hal_process_report_ind: Bad item quality: 11 
01-09 16:42:59.322 D/dalvikvm(  781): GC_EXPLICIT freed 156K, 6% free 9505K/10108K, paused 1ms+4ms, total 28ms
01-09 16:42:59.332 D/libEGL  ( 8971): loaded /system/lib/egl/libEGL_adreno200.so
01-09 16:42:59.332 D/libEGL  ( 8971): loaded /system/lib/egl/libGLESv1_CM_adreno200.so
01-09 16:42:59.332 D/libEGL  ( 8971): loaded /system/lib/egl/libGLESv2_adreno200.so
01-09 16:42:59.342 I/Adreno200-EGL( 8971): <qeglDrvAPI_eglInitialize:265>: EGL 1.4 QUALCOMM Build: Iabe52cfaeae4c5fab1acacfe6f056ba15fa93274
01-09 16:42:59.352 D/dalvikvm( 8893): GC_CONCURRENT freed 338K, 4% free 9032K/9408K, paused 1ms+1ms, total 14ms
01-09 16:42:59.372 D/OpenGLRenderer( 8971): Enabling debug mode 0
01-09 16:42:59.452 I/ActivityManager(  512): Displayed uk.ac.st_andrews.cs.host.mk74.energymeasurement.gyroscope/.MainActivity: +273ms
01-09 16:42:59.462 D/dalvikvm( 8743): GC_CONCURRENT freed 182K, 3% free 9359K/9580K, paused 1ms+1ms, total 15ms
01-09 16:43:00.253 W/ActivityManager(  512): Permission denied: checkComponentPermission() owningUid=10057
01-09 16:43:00.253 W/ActivityManager(  512): Permission denied: checkComponentPermission() owningUid=10057
01-09 16:43:00.263 I/System.out( 8971): Values: -0.032302856 -0.020202637 0.03404236
01-09 16:43:00.283 W/ActivityManager(  512): Permission denied: checkComponentPermission() owningUid=10057
01-09 16:43:00.283 W/ActivityManager(  512): Permission denied: checkComponentPermission() owningUid=10057
01-09 16:43:00.303 W/ActivityManager(  512): Permission denied: checkComponentPermission() owningUid=10057
01-09 16:43:00.303 W/ActivityManager(  512): Permission denied: checkComponentPermission() owningUid=10057
01-09 16:43:00.323 W/ActivityManager(  512): Permission denied: checkComponentPermission() owningUid=10057
01-09 16:43:00.323 W/ActivityManager(  512): Permission denied: checkComponentPermission() owningUid=10057
01-09 16:43:00.343 W/ActivityManager(  512): Permission denied: checkComponentPermission() owningUid=10057
01-09 16:43:00.343 W/ActivityManager(  512): Permission denied: checkComponentPermission() owningUid=10057
01-09 16:43:00.363 W/ActivityManager(  512): Permission denied: checkComponentPermission() owningUid=10057
01-09 16:43:00.363 W/ActivityManager(  512): Permission denied: checkComponentPermission() owningUid=10057
01-09 16:43:01.274 I/System.out( 8971): Values: -0.0029296875 0.010238647 9.3078613E-4
01-09 16:43:01.294 D/dalvikvm( 8971): Debugger has detached; object registry had 1 entries
01-09 16:43:01.374 D/PicasaSyncManager( 4488): battery info: false
01-09 16:43:01.384 D/PicasaUploaderSyncManager( 4521): battery info: false
01-09 16:43:02.275 I/System.out( 8971): Values: -0.0013275146 0.006500244 3.9672852E-4
01-09 16:43:03.266 I/System.out( 8971): Values: -2.593994E-4 0.010772705 9.3078613E-4
01-09 16:43:03.836 W/GAV2    ( 8817): Thread[GAThread,5,main]: Service unavailable (code=1), will retry.
01-09 16:43:03.836 W/ActivityManager(  512): Unable to start service Intent { act=com.google.android.gms.analytics.service.START (has extras) } U=0: not found
01-09 16:43:03.856 I/GAV2    ( 8817): Thread[GAThread,5,main]: No campaign data found.
01-09 16:43:04.267 I/System.out( 8971): Values: -0.0034637451 0.006500244 9.3078613E-4
01-09 16:43:05.278 I/System.out( 8971): Values: -7.9345703E-4 0.0070343018 0.0030670166
01-09 16:43:06.268 I/System.out( 8971): Values: 0.002456665 0.002822876 8.392334E-4
01-09 16:43:07.269 I/System.out( 8971): Values: 3.2043457E-4 -0.0025177002 8.392334E-4
01-09 16:43:08.270 I/System.out( 8971): Values: -2.1362305E-4 -3.8146973E-4 3.0517578E-4
01-09 16:43:08.851 W/GAV2    ( 8817): Thread[Service Reconnect,5,main]: Service unavailable (code=1), using local store.
01-09 16:43:08.851 W/ActivityManager(  512): Unable to start service Intent { act=com.google.android.gms.analytics.service.START (has extras) } U=0: not found
01-09 16:43:09.271 I/System.out( 8971): Values: -0.0018157959 -0.001449585 -0.0012969971
01-09 16:43:10.272 I/System.out( 8971): Values: 0.0013885498 6.866455E-4 3.0517578E-4
01-09 16:43:11.273 I/System.out( 8971): Values: 0.0019226074 -0.0030517578 0.0024414063
01-09 16:43:12.274 I/System.out( 8971): Values: 8.544922E-4 1.5258789E-4 8.392334E-4
01-09 16:43:13.265 I/System.out( 8971): Values: 0.002456665 -0.004119873 -0.0018310547
01-09 16:43:13.946 D/dalvikvm( 8710): GC_CONCURRENT freed 203K, 3% free 9262K/9504K, paused 4ms+3ms, total 28ms
01-09 16:43:14.046 D/Finsky  ( 8710): [1] 5.onFinished: Installation state replication succeeded.
01-09 16:43:14.266 I/System.out( 8971): Values: -2.1362305E-4 1.5258789E-4 3.0517578E-4
01-09 16:43:15.277 I/System.out( 8971): Values: 0.0019226074 -0.001449585 3.0517578E-4
01-09 16:43:16.268 I/System.out( 8971): Values: -0.0028839111 -0.0073242188 3.0517578E-4
01-09 16:43:17.269 I/System.out( 8971): Values: -0.0023498535 -0.0035858154 3.0517578E-4
01-09 16:43:18.280 I/System.out( 8971): Values: 3.2043457E-4 0.0012207031 0.0024414063
01-09 16:43:19.281 I/System.out( 8971): Values: -2.1362305E-4 -0.0019836426 3.0517578E-4
01-09 16:43:20.282 I/System.out( 8971): Values: -2.1362305E-4 1.5258789E-4 3.0517578E-4
01-09 16:43:21.283 I/System.out( 8971): Values: -0.0012817383 -3.8146973E-4 -2.2888184E-4
01-09 16:43:22.284 I/System.out( 8971): Values: -7.4768066E-4 -0.004119873 -0.0018310547
01-09 16:43:23.285 I/System.out( 8971): Values: -2.1362305E-4 6.866455E-4 -0.0012969971
01-09 16:43:24.286 I/System.out( 8971): Values: -0.0012817383 -0.0019836426 -0.0012969971
01-09 16:43:25.287 I/System.out( 8971): Values: 0.0013885498 6.866455E-4 3.0517578E-4
01-09 16:43:26.278 I/System.out( 8971): Values: -7.4768066E-4 0.0012207031 0.001373291
01-09 16:43:27.279 I/System.out( 8971): Values: -2.1362305E-4 6.866455E-4 0.0029754639
01-09 16:43:28.280 I/System.out( 8971): Values: 3.2043457E-4 -0.0019836426 -0.0012969971
01-09 16:43:29.281 I/System.out( 8971): Values: -0.0012817383 -0.0025177002 -2.2888184E-4
01-09 16:43:30.282 I/System.out( 8971): Values: -2.1362305E-4 -0.001449585 0.0024414063
01-09 16:43:31.283 I/System.out( 8971): Values: -2.1362305E-4 -0.0019836426 0.001373291
01-09 16:43:32.284 I/System.out( 8971): Values: 0.0019226074 -0.004119873 -2.2888184E-4
01-09 16:43:33.285 I/System.out( 8971): Values: -7.4768066E-4 -0.0035858154 8.392334E-4
01-09 16:43:34.286 I/System.out( 8971): Values: -7.4768066E-4 -0.0030517578 0.001373291
01-09 16:43:35.277 I/System.out( 8971): Values: 3.2043457E-4 -0.001449585 0.001373291
01-09 16:43:36.278 I/System.out( 8971): Values: -2.1362305E-4 -0.0030517578 -2.2888184E-4
01-09 16:43:37.279 I/System.out( 8971): Values: -2.1362305E-4 -0.004119873 -2.2888184E-4
01-09 16:43:38.280 I/System.out( 8971): Values: 3.2043457E-4 0.0012207031 0.0035095215
01-09 16:43:39.291 I/System.out( 8971): Values: 3.2043457E-4 -0.0035858154 8.392334E-4
01-09 16:43:40.292 I/System.out( 8971): Values: -0.0018157959 -0.0051879883 8.392334E-4
01-09 16:43:41.293 I/System.out( 8971): Values: 3.2043457E-4 -0.0035858154 -0.0012969971
01-09 16:43:42.294 I/System.out( 8971): Values: 0.0013885498 1.5258789E-4 -7.6293945E-4
01-09 16:43:43.295 I/System.out( 8971): Values: -0.0028839111 -0.001449585 -2.2888184E-4
01-09 16:43:44.296 I/System.out( 8971): Values: -0.0023498535 -0.0035858154 8.392334E-4
01-09 16:43:45.287 I/System.out( 8971): Values: 8.544922E-4 -3.8146973E-4 3.0517578E-4
01-09 16:43:46.288 I/System.out( 8971): Values: -0.0018157959 -0.0019836426 -7.6293945E-4
01-09 16:43:47.289 I/System.out( 8971): Values: -7.4768066E-4 -9.1552734E-4 8.392334E-4
01-09 16:43:48.289 I/System.out( 8971): Values: 0.0013885498 0.0012207031 -0.0018310547
01-09 16:43:49.290 I/System.out( 8971): Values: 3.2043457E-4 1.5258789E-4 -7.6293945E-4
01-09 16:43:50.291 I/System.out( 8971): Values: 0.0013885498 -9.1552734E-4 -2.2888184E-4
01-09 16:43:51.292 I/System.out( 8971): Values: 8.544922E-4 -0.0030517578 -2.2888184E-4
01-09 16:43:52.293 I/System.out( 8971): Values: -0.0012817383 -9.1552734E-4 -0.0012969971
01-09 16:43:53.294 I/System.out( 8971): Values: -0.0039520264 -3.8146973E-4 -0.0023651123
01-09 16:43:54.295 I/System.out( 8971): Values: -0.0034179688 -0.001449585 -7.6293945E-4
01-09 16:43:55.286 I/System.out( 8971): Values: 0.0013885498 -0.001449585 0.001373291
01-09 16:43:56.287 I/System.out( 8971): Values: -0.0018157959 -9.1552734E-4 0.0019073486
01-09 16:43:57.288 I/System.out( 8971): Values: 3.2043457E-4 -0.0035858154 -7.6293945E-4
01-09 16:43:58.289 I/System.out( 8971): Values: -2.1362305E-4 0.0012207031 -7.6293945E-4
01-09 16:43:59.290 I/System.out( 8971): Values: 3.2043457E-4 -0.0030517578 8.392334E-4
01-09 16:44:00.291 I/System.out( 8971): Values: 8.544922E-4 -0.0019836426 -7.6293945E-4
01-09 16:44:01.302 I/System.out( 8971): Values: 8.544922E-4 -9.1552734E-4 -2.2888184E-4
01-09 16:44:02.303 I/System.out( 8971): Values: -2.1362305E-4 -0.001449585 -0.0018310547
01-09 16:44:03.304 I/System.out( 8971): Values: 3.2043457E-4 6.866455E-4 -0.0018310547
01-09 16:44:04.305 I/System.out( 8971): Values: -2.1362305E-4 -0.0030517578 -0.0012969971
01-09 16:44:05.306 I/System.out( 8971): Values: 3.2043457E-4 -0.001449585 0.001373291
01-09 16:44:06.297 I/System.out( 8971): Values: -5.645752E-4 0.002456665 -1.373291E-4
01-09 16:44:07.298 I/System.out( 8971): Values: -5.645752E-4 0.0013885498 9.3078613E-4
01-09 16:44:08.299 I/System.out( 8971): Values: -0.0016326904 3.2043457E-4 0.0014648438
01-09 16:44:09.300 I/System.out( 8971): Values: -0.002166748 -2.1362305E-4 9.3078613E-4
01-09 16:44:10.301 I/System.out( 8971): Values: -5.645752E-4 -0.0012817383 3.9672852E-4
01-09 16:44:11.302 I/System.out( 8971): Values: -0.0010986328 -7.4768066E-4 9.3078613E-4
01-09 16:44:12.303 I/System.out( 8971): Values: -0.0010986328 -0.0018157959 -0.0022735596
01-09 16:44:13.304 I/System.out( 8971): Values: -5.645752E-4 0.0019226074 0.0014648438
01-09 16:44:14.295 I/System.out( 8971): Values: -3.0517578E-5 -7.4768066E-4 -0.0022735596
01-09 16:44:15.306 I/System.out( 8971): Values: -5.645752E-4 -2.1362305E-4 -6.713867E-4
01-09 16:44:16.307 I/System.out( 8971): Values: -0.0027008057 -7.4768066E-4 -1.373291E-4
01-09 16:44:17.308 I/System.out( 8971): Values: 0.0010375977 -0.0023498535 9.3078613E-4
01-09 16:44:18.309 I/System.out( 8971): Values: -0.0016326904 0.0029907227 0.0019989014
01-09 16:44:19.310 I/System.out( 8971): Values: -5.645752E-4 -0.0012817383 0.0014648438
01-09 16:44:19.380 D/dalvikvm( 8971): GC_CONCURRENT freed 233K, 3% free 9017K/9288K, paused 26ms+1ms, total 70ms
01-09 16:44:20.311 I/System.out( 8971): Values: -0.002166748 -0.0012817383 3.9672852E-4
01-09 16:44:21.312 I/System.out( 8971): Values: -0.0010986328 -0.0018157959 9.3078613E-4
01-09 16:44:22.313 I/System.out( 8971): Values: -0.0010986328 0.0013885498 3.9672852E-4
01-09 16:44:23.314 I/System.out( 8971): Values: 5.0354004E-4 -0.0050201416 3.9672852E-4
01-09 16:44:24.315 I/System.out( 8971): Values: 0.0015716553 3.2043457E-4 9.3078613E-4
01-09 16:44:25.316 I/System.out( 8971): Values: -0.0032348633 0.002456665 -6.713867E-4
01-09 16:44:26.317 I/System.out( 8971): Values: -3.0517578E-5 -0.0034179688 9.3078613E-4
01-09 16:44:27.308 I/System.out( 8971): Values: -3.0517578E-5 8.544922E-4 -1.373291E-4
01-09 16:44:28.309 I/System.out( 8971): Values: -3.0517578E-5 -0.0012817383 3.9672852E-4
01-09 16:44:29.309 I/System.out( 8971): Values: 0.0015716553 -0.0039520264 -0.0012054443
01-09 16:44:30.310 I/System.out( 8971): Values: -5.645752E-4 -0.0012817383 0.0014648438
01-09 16:44:31.311 I/System.out( 8971): Values: 0.0010375977 -0.0023498535 3.9672852E-4
01-09 16:44:32.312 I/System.out( 8971): Values: -0.0016326904 3.2043457E-4 3.9672852E-4
01-09 16:44:33.313 I/System.out( 8971): Values: 5.0354004E-4 -0.0023498535 -0.0012054443
01-09 16:44:34.314 I/System.out( 8971): Values: 5.0354004E-4 -2.1362305E-4 -6.713867E-4
01-09 16:44:35.305 I/System.out( 8971): Values: -0.0010986328 3.2043457E-4 9.3078613E-4
01-09 16:44:36.316 I/System.out( 8971): Values: -5.645752E-4 -0.0012817383 9.3078613E-4
01-09 16:44:37.307 I/System.out( 8971): Values: 0.0031738281 0.0019226074 0.0030670166
01-09 16:44:38.318 I/System.out( 8971): Values: 0.002105713 3.2043457E-4 -6.713867E-4
01-09 16:44:39.319 I/System.out( 8971): Values: -5.645752E-4 -0.0012817383 -1.373291E-4
01-09 16:44:40.320 I/System.out( 8971): Values: 5.0354004E-4 -0.005554199 9.3078613E-4
01-09 16:44:41.321 I/System.out( 8971): Values: -5.645752E-4 0.0013885498 3.9672852E-4
01-09 16:44:42.322 I/System.out( 8971): Values: 0.0010375977 -0.0028839111 0.0014648438
01-09 16:44:43.323 I/System.out( 8971): Values: 0.0026397705 -0.0023498535 0.0014648438
01-09 16:44:44.324 I/System.out( 8971): Values: -0.0016326904 -0.0023498535 -1.373291E-4
01-09 16:44:45.325 I/System.out( 8971): Values: -3.0517578E-5 3.2043457E-4 3.9672852E-4
01-09 16:44:46.326 I/System.out( 8971): Values: -5.645752E-4 -0.0018157959 3.9672852E-4
01-09 16:44:47.317 I/System.out( 8971): Values: -3.0517578E-5 -0.0018157959 9.3078613E-4
01-09 16:44:48.318 I/System.out( 8971): Values: 0.0031738281 8.544922E-4 0.0014648438
01-09 16:44:49.319 I/System.out( 8971): Values: -0.003768921 -0.0012817383 -0.001739502
01-09 16:44:50.320 I/System.out( 8971): Values: 0.002105713 -0.0028839111 3.9672852E-4
01-09 16:44:51.321 I/System.out( 8971): Values: -0.0010986328 -0.0012817383 -6.713867E-4
01-09 16:44:52.322 I/System.out( 8971): Values: 5.0354004E-4 -0.0012817383 -6.713867E-4
01-09 16:44:53.323 I/System.out( 8971): Values: -5.645752E-4 3.2043457E-4 -1.373291E-4
01-09 16:44:54.324 I/System.out( 8971): Values: -0.0016326904 -0.0012817383 3.9672852E-4
01-09 16:44:55.325 I/System.out( 8971): Values: 0.0010375977 3.2043457E-4 -1.373291E-4
01-09 16:44:56.316 I/System.out( 8971): Values: -0.0010986328 -7.4768066E-4 9.3078613E-4
01-09 16:44:57.317 I/System.out( 8971): Values: -0.002166748 -0.0012817383 -0.0012054443
01-09 16:44:58.318 I/System.out( 8971): Values: -0.0010986328 -2.1362305E-4 0.0014648438
01-09 16:44:59.319 I/System.out( 8971): Values: -5.645752E-4 8.544922E-4 -6.713867E-4
01-09 16:45:00.320 I/System.out( 8971): Values: -3.0517578E-5 -0.0028839111 9.3078613E-4
01-09 16:45:01.321 I/System.out( 8971): Values: 5.0354004E-4 -0.0012817383 -6.713867E-4
01-09 16:45:01.651 V/DigitalWidgetViewsFactory( 4127): DigitalWidget sets next alarm string to null
01-09 16:45:02.322 I/System.out( 8971): Values: 5.0354004E-4 -7.4768066E-4 -6.713867E-4
01-09 16:45:03.323 I/System.out( 8971): Values: -5.645752E-4 -0.0012817383 -0.001739502
01-09 16:45:04.324 I/System.out( 8971): Values: -0.0010986328 -0.0012817383 0.0014648438
01-09 16:45:05.325 I/System.out( 8971): Values: 5.0354004E-4 -0.0012817383 -1.373291E-4
01-09 16:45:06.316 I/System.out( 8971): Values: -5.340576E-4 -3.2043457E-4 -8.544922E-4
01-09 16:45:07.317 I/System.out( 8971): Values: -0.0010681152 -3.2043457E-4 7.4768066E-4
01-09 16:45:08.318 I/System.out( 8971): Values: 0.0 2.1362305E-4 -3.2043457E-4
01-09 16:45:09.319 I/System.out( 8971): Values: 5.340576E-4 -3.2043457E-4 -0.0013885498
01-09 16:45:10.320 I/System.out( 8971): Values: -0.0010681152 2.1362305E-4 0.0018157959
01-09 16:45:11.320 I/System.out( 8971): Values: 5.340576E-4 7.4768066E-4 -3.2043457E-4
01-09 16:45:12.321 I/System.out( 8971): Values: -5.340576E-4 0.0018157959 -3.2043457E-4
01-09 16:45:13.322 I/System.out( 8971): Values: -5.340576E-4 -8.544922E-4 7.4768066E-4
01-09 16:45:14.333 I/System.out( 8971): Values: 0.0021362305 7.4768066E-4 -8.544922E-4
01-09 16:45:15.334 I/System.out( 8971): Values: 5.340576E-4 -0.0019226074 -0.0013885498
01-09 16:45:16.325 I/System.out( 8971): Values: -0.0016021729 -3.2043457E-4 -3.2043457E-4
01-09 16:45:17.326 I/System.out( 8971): Values: -0.0016021729 -8.544922E-4 0.0023498535
01-09 16:45:17.456 D/dalvikvm(  512): GC_CONCURRENT freed 1767K, 21% free 16945K/21400K, paused 35ms+7ms, total 130ms
01-09 16:45:18.337 I/System.out( 8971): Values: 5.340576E-4 -0.004058838 2.1362305E-4
01-09 16:45:19.328 I/System.out( 8971): Values: -0.0021362305 -0.0013885498 -0.0019226074
01-09 16:45:20.329 I/System.out( 8971): Values: -0.0010681152 -8.544922E-4 -3.2043457E-4
01-09 16:45:21.330 I/System.out( 8971): Values: 0.0021362305 2.1362305E-4 -3.2043457E-4
01-09 16:45:22.331 I/System.out( 8971): Values: -0.0016021729 0.0012817383 -3.2043457E-4
01-09 16:45:23.332 I/System.out( 8971): Values: -0.0016021729 0.0012817383 0.0012817383
01-09 16:45:24.333 I/System.out( 8971): Values: 0.0021362305 -8.544922E-4 0.0023498535
01-09 16:45:25.334 I/System.out( 8971): Values: -0.0021362305 -0.0029907227 -3.2043457E-4
01-09 16:45:26.325 I/System.out( 8971): Values: 5.340576E-4 -0.0013885498 0.0012817383
01-09 16:45:27.336 I/System.out( 8971): Values: -0.0010681152 -0.002456665 -0.0019226074
01-09 16:45:28.337 I/System.out( 8971): Values: -0.002670288 7.4768066E-4 7.4768066E-4
01-09 16:45:29.338 I/System.out( 8971): Values: -0.0016021729 0.0018157959 2.1362305E-4
01-09 16:45:30.339 I/System.out( 8971): Values: 0.0016021729 -0.0035247803 2.1362305E-4
01-09 16:45:31.340 I/System.out( 8971): Values: -5.340576E-4 -0.0029907227 2.1362305E-4
01-09 16:45:32.341 I/System.out( 8971): Values: -0.0021362305 -3.2043457E-4 -3.2043457E-4
01-09 16:45:33.342 I/System.out( 8971): Values: 0.0021362305 0.0039520264 2.1362305E-4
01-09 16:45:34.343 I/System.out( 8971): Values: 5.340576E-4 -3.2043457E-4 7.4768066E-4
01-09 16:45:35.344 I/System.out( 8971): Values: -0.0010681152 -0.0035247803 2.1362305E-4
01-09 16:45:36.335 I/System.out( 8971): Values: 0.0010681152 -0.0029907227 -0.0013885498
01-09 16:45:37.336 I/System.out( 8971): Values: -0.0010681152 -8.544922E-4 -8.544922E-4
01-09 16:45:38.347 I/System.out( 8971): Values: -0.0010681152 0.0023498535 7.4768066E-4
01-09 16:45:39.338 I/System.out( 8971): Values: 5.340576E-4 -3.2043457E-4 -8.544922E-4
01-09 16:45:40.339 I/System.out( 8971): Values: -0.0021362305 -0.002456665 -0.002456665
01-09 16:45:41.340 I/System.out( 8971): Values: -0.0010681152 2.1362305E-4 2.1362305E-4
01-09 16:45:42.341 I/System.out( 8971): Values: -5.340576E-4 -8.544922E-4 -0.0029907227
01-09 16:45:43.342 I/System.out( 8971): Values: 0.0010681152 -3.2043457E-4 -3.2043457E-4
01-09 16:45:44.343 I/System.out( 8971): Values: -0.0010681152 -0.002456665 -0.0013885498
01-09 16:45:45.344 I/System.out( 8971): Values: 0.0016021729 -3.2043457E-4 -0.0019226074
01-09 16:45:46.345 I/System.out( 8971): Values: 0.0010681152 -0.0035247803 0.0012817383
01-09 16:45:47.346 I/System.out( 8971): Values: -5.340576E-4 -0.0013885498 -8.544922E-4
01-09 16:45:48.337 I/System.out( 8971): Values: 0.0016021729 -0.0013885498 7.4768066E-4
01-09 16:45:49.338 I/System.out( 8971): Values: 0.0010681152 -3.2043457E-4 -0.0013885498
01-09 16:45:50.349 I/System.out( 8971): Values: -0.0010681152 -0.0019226074 0.0012817383
01-09 16:45:51.350 I/System.out( 8971): Values: 0.0021362305 0.0012817383 2.1362305E-4
01-09 16:45:52.351 I/System.out( 8971): Values: -0.0010681152 -8.544922E-4 2.1362305E-4
01-09 16:45:53.351 I/System.out( 8971): Values: -0.0016021729 0.0012817383 -8.544922E-4
01-09 16:45:54.352 I/System.out( 8971): Values: 0.0016021729 -0.002456665 -3.2043457E-4
01-09 16:45:55.353 I/System.out( 8971): Values: 0.0016021729 -0.0013885498 2.1362305E-4
01-09 16:45:56.354 I/System.out( 8971): Values: -5.340576E-4 2.1362305E-4 7.4768066E-4
01-09 16:45:57.355 I/System.out( 8971): Values: 0.0 -3.2043457E-4 2.1362305E-4
01-09 16:45:58.346 I/System.out( 8971): Values: 0.0 2.1362305E-4 0.0028839111
01-09 16:45:59.347 I/System.out( 8971): Values: 5.340576E-4 -8.544922E-4 -0.0019226074
01-09 16:46:00.348 I/System.out( 8971): Values: -0.0032043457 -8.544922E-4 -8.544922E-4
01-09 16:46:01.349 I/System.out( 8971): Values: 0.0 -0.0013885498 0.0023498535
01-09 16:46:02.350 I/System.out( 8971): Values: -0.0010681152 -0.0045928955 0.0018157959
01-09 16:46:03.351 I/System.out( 8971): Values: -0.002670288 -8.544922E-4 7.4768066E-4
01-09 16:46:04.352 I/System.out( 8971): Values: -0.0010681152 -8.544922E-4 -3.2043457E-4
01-09 16:46:05.353 I/System.out( 8971): Values: 0.0 -0.0019226074 0.0023498535
01-09 16:46:06.354 I/System.out( 8971): Values: 9.1552734E-5 5.79834E-4 -0.0012512207
01-09 16:46:07.355 I/System.out( 8971): Values: 9.1552734E-5 -0.0015563965 0.0024871826
01-09 16:46:08.346 I/System.out( 8971): Values: -0.0052490234 0.0011138916 -7.171631E-4
01-09 16:46:09.347 I/System.out( 8971): Values: -0.0015106201 4.5776367E-5 8.8500977E-4
01-09 16:46:10.348 I/System.out( 8971): Values: 6.2561035E-4 5.79834E-4 8.8500977E-4
01-09 16:46:11.349 I/System.out( 8971): Values: 0.0027618408 4.5776367E-5 -0.0017852783
01-09 16:46:12.350 I/System.out( 8971): Values: -9.765625E-4 -0.0015563965 0.0014190674
01-09 16:46:13.351 I/System.out( 8971): Values: 6.2561035E-4 5.79834E-4 0.0035552979
01-09 16:46:14.352 I/System.out( 8971): Values: -4.4250488E-4 0.0016479492 8.8500977E-4
01-09 16:46:15.353 I/System.out( 8971): Values: 9.1552734E-5 0.0027160645 -1.8310547E-4
01-09 16:46:16.354 I/System.out( 8971): Values: 6.2561035E-4 -0.0010223389 0.0024871826
01-09 16:46:17.355 I/System.out( 8971): Values: 0.0016937256 0.0011138916 0.0035552979
01-09 16:46:18.346 I/System.out( 8971): Values: 0.001159668 0.0043182373 0.0014190674
01-09 16:46:19.347 I/System.out( 8971): Values: 0.0022277832 0.003250122 -1.8310547E-4
01-09 16:46:20.348 I/System.out( 8971): Values: 9.1552734E-5 4.5776367E-5 0.0014190674
01-09 16:46:21.349 I/System.out( 8971): Values: -9.765625E-4 -0.0010223389 -0.0012512207
01-09 16:46:22.350 I/System.out( 8971): Values: 9.1552734E-5 -0.002090454 3.5095215E-4
01-09 16:46:23.351 I/System.out( 8971): Values: -0.0036468506 -4.8828125E-4 -0.0012512207
01-09 16:46:24.352 I/System.out( 8971): Values: -9.765625E-4 4.5776367E-5 -1.8310547E-4
01-09 16:46:25.353 I/System.out( 8971): Values: 9.1552734E-5 -0.0026245117 0.001953125
01-09 16:46:26.364 I/System.out( 8971): Values: -9.765625E-4 0.0016479492 3.5095215E-4
01-09 16:46:27.365 I/System.out( 8971): Values: -4.4250488E-4 -0.004760742 0.001953125
01-09 16:46:28.356 I/System.out( 8971): Values: -4.4250488E-4 5.79834E-4 0.001953125
01-09 16:46:29.357 I/System.out( 8971): Values: -9.765625E-4 -0.002090454 3.5095215E-4
01-09 16:46:30.358 I/System.out( 8971): Values: 0.0016937256 -0.0031585693 0.0014190674
01-09 16:46:31.359 I/System.out( 8971): Values: -0.0015106201 -0.0026245117 -0.0012512207
01-09 16:46:32.360 I/System.out( 8971): Values: 6.2561035E-4 -0.002090454 3.5095215E-4
01-09 16:46:33.361 I/System.out( 8971): Values: 0.0022277832 0.0016479492 -0.0017852783
01-09 16:46:34.361 I/System.out( 8971): Values: 0.0027618408 0.0027160645 3.5095215E-4
01-09 16:46:35.362 I/System.out( 8971): Values: 9.1552734E-5 0.0011138916 -7.171631E-4
01-09 16:46:36.363 I/System.out( 8971): Values: 0.0016937256 5.79834E-4 -1.8310547E-4
01-09 16:46:37.364 I/System.out( 8971): Values: -0.0015106201 0.0011138916 -7.171631E-4
01-09 16:46:38.355 I/System.out( 8971): Values: -4.4250488E-4 0.0011138916 0.0024871826
01-09 16:46:39.366 I/System.out( 8971): Values: -0.0015106201 -4.8828125E-4 -1.8310547E-4
01-09 16:46:40.357 I/System.out( 8971): Values: -4.4250488E-4 4.5776367E-5 -0.0012512207
01-09 16:46:41.358 I/System.out( 8971): Values: 6.2561035E-4 4.5776367E-5 0.0024871826
01-09 16:46:42.359 I/System.out( 8971): Values: 0.0032958984 -0.0010223389 3.5095215E-4
01-09 16:46:43.360 I/System.out( 8971): Values: -9.765625E-4 5.79834E-4 -0.0017852783
01-09 16:46:44.361 I/System.out( 8971): Values: 9.1552734E-5 5.79834E-4 0.0014190674
01-09 16:46:45.362 I/System.out( 8971): Values: -4.4250488E-4 -0.002090454 8.8500977E-4
01-09 16:46:46.373 I/System.out( 8971): Values: -0.0036468506 -0.0010223389 3.5095215E-4
01-09 16:46:47.374 I/System.out( 8971): Values: 9.1552734E-5 0.0011138916 3.5095215E-4
01-09 16:46:48.365 I/System.out( 8971): Values: -0.0020446777 4.5776367E-5 8.8500977E-4
01-09 16:46:49.366 I/System.out( 8971): Values: -0.0025787354 -0.003692627 8.8500977E-4
01-09 16:46:50.367 I/System.out( 8971): Values: -9.765625E-4 0.0027160645 3.5095215E-4
01-09 16:46:51.368 I/System.out( 8971): Values: 0.0016937256 5.79834E-4 3.5095215E-4
01-09 16:46:52.369 I/System.out( 8971): Values: 6.2561035E-4 -0.003692627 -0.0033874512
01-09 16:46:53.370 I/System.out( 8971): Values: -4.4250488E-4 4.5776367E-5 -1.8310547E-4
01-09 16:46:54.371 I/System.out( 8971): Values: 0.0016937256 0.0037841797 3.5095215E-4
01-09 16:46:55.372 I/System.out( 8971): Values: 0.0016937256 4.5776367E-5 8.8500977E-4
01-09 16:46:56.373 I/System.out( 8971): Values: -9.765625E-4 -0.002090454 3.5095215E-4
01-09 16:46:57.374 I/System.out( 8971): Values: -0.0015106201 -0.0026245117 -1.8310547E-4
01-09 16:46:58.375 I/System.out( 8971): Values: -0.0020446777 -0.0010223389 -0.0012512207
01-09 16:46:59.366 I/System.out( 8971): Values: -0.0015106201 4.5776367E-5 3.5095215E-4
01-09 16:47:00.377 I/System.out( 8971): Values: 0.0022277832 0.0011138916 -7.171631E-4
01-09 16:47:01.368 I/System.out( 8971): Values: -9.765625E-4 -0.0031585693 -0.0017852783
01-09 16:47:02.369 I/System.out( 8971): Values: 6.2561035E-4 0.0011138916 -1.8310547E-4
01-09 16:47:03.370 I/System.out( 8971): Values: -4.4250488E-4 -4.8828125E-4 -0.0017852783
01-09 16:47:04.371 I/System.out( 8971): Values: -9.765625E-4 0.0027160645 3.5095215E-4
01-09 16:47:05.372 I/System.out( 8971): Values: 0.0016937256 -4.8828125E-4 3.5095215E-4
01-09 16:47:06.373 I/System.out( 8971): Values: 3.6621094E-4 -0.002746582 1.5258789E-4
01-09 16:47:07.384 I/System.out( 8971): Values: -0.0017700195 -0.0016784668 -3.8146973E-4
01-09 16:47:08.385 I/System.out( 8971): Values: 9.0026855E-4 -0.0022125244 -9.1552734E-4
01-09 16:47:09.386 I/System.out( 8971): Values: 0.003036499 -0.0016784668 1.5258789E-4
01-09 16:47:10.387 I/System.out( 8971): Values: -0.0012359619 0.0015258789 0.0017547607
01-09 16:47:11.388 I/System.out( 8971): Values: 0.0014343262 -6.1035156E-4 -9.1552734E-4
01-09 16:47:12.389 I/System.out( 8971): Values: -7.019043E-4 -6.1035156E-4 6.866455E-4
01-09 16:47:13.390 I/System.out( 8971): Values: 0.0014343262 -0.002746582 6.866455E-4
01-09 16:47:14.391 I/System.out( 8971): Values: -0.0012359619 -0.0011444092 1.5258789E-4
01-09 16:47:15.392 I/System.out( 8971): Values: -1.6784668E-4 -0.0016784668 1.5258789E-4
01-09 16:47:16.393 I/System.out( 8971): Values: 9.0026855E-4 0.0020599365 -9.1552734E-4
01-09 16:47:17.393 I/System.out( 8971): Values: 0.003036499 -0.0011444092 -0.0019836426
01-09 16:47:18.394 I/System.out( 8971): Values: -7.019043E-4 -0.0016784668 0.0012207031
01-09 16:47:19.385 I/System.out( 8971): Values: -7.019043E-4 9.918213E-4 -0.0030517578
01-09 16:47:20.386 I/System.out( 8971): Values: -1.6784668E-4 -0.0016784668 0.0017547607
01-09 16:47:21.387 I/System.out( 8971): Values: 3.6621094E-4 -0.0016784668 0.0017547607
01-09 16:47:22.388 I/System.out( 8971): Values: -0.0033721924 4.5776367E-4 -3.8146973E-4
01-09 16:47:23.389 I/System.out( 8971): Values: -1.6784668E-4 -0.0011444092 0.0017547607
01-09 16:47:23.459 D/dalvikvm( 8971): GC_CONCURRENT freed 391K, 5% free 9015K/9444K, paused 13ms+2ms, total 48ms
01-09 16:47:24.390 I/System.out( 8971): Values: -0.0012359619 -7.6293945E-5 1.5258789E-4
01-09 16:47:25.391 I/System.out( 8971): Values: -0.0023040771 -7.6293945E-5 0.0022888184
01-09 16:47:26.392 I/System.out( 8971): Values: 9.0026855E-4 -7.6293945E-5 -9.1552734E-4
01-09 16:47:27.393 I/System.out( 8971): Values: -0.0012359619 -6.1035156E-4 0.0012207031
01-09 16:47:28.394 I/System.out( 8971): Values: 9.0026855E-4 -0.0038146973 6.866455E-4
01-09 16:47:29.395 I/System.out( 8971): Values: -1.6784668E-4 -0.0011444092 6.866455E-4
01-09 16:47:30.406 I/System.out( 8971): Values: -0.0012359619 4.5776367E-4 0.0022888184
01-09 16:47:31.397 I/System.out( 8971): Values: -1.6784668E-4 -0.0011444092 -3.8146973E-4
01-09 16:47:32.398 I/System.out( 8971): Values: 0.0014343262 4.5776367E-4 -0.001449585
01-09 16:47:33.399 I/System.out( 8971): Values: 0.0019683838 9.918213E-4 0.0012207031
01-09 16:47:34.400 I/System.out( 8971): Values: 0.003036499 0.0015258789 0.0012207031
01-09 16:47:35.401 I/System.out( 8971): Values: 0.0014343262 -0.0011444092 -0.0019836426
01-09 16:47:36.402 I/System.out( 8971): Values: -1.6784668E-4 -0.0022125244 -9.1552734E-4
01-09 16:47:37.403 I/System.out( 8971): Values: -1.6784668E-4 -0.0016784668 -9.1552734E-4
01-09 16:47:38.404 I/System.out( 8971): Values: 3.6621094E-4 -7.6293945E-5 1.5258789E-4
01-09 16:47:39.395 I/System.out( 8971): Values: 9.0026855E-4 -6.1035156E-4 -0.0025177002
01-09 16:47:40.406 I/System.out( 8971): Values: 3.6621094E-4 0.0015258789 1.5258789E-4
01-09 16:47:41.407 I/System.out( 8971): Values: 0.0014343262 -7.6293945E-5 -0.0025177002
01-09 16:47:42.398 I/System.out( 8971): Values: -1.6784668E-4 -0.0011444092 -9.1552734E-4
01-09 16:47:43.399 I/System.out( 8971): Values: 3.6621094E-4 0.0015258789 -3.8146973E-4
01-09 16:47:44.410 I/System.out( 8971): Values: -1.6784668E-4 0.0020599365 0.0017547607
01-09 16:47:45.411 I/System.out( 8971): Values: 3.6621094E-4 -6.1035156E-4 -9.1552734E-4
01-09 16:47:46.412 I/System.out( 8971): Values: 9.0026855E-4 -0.002746582 6.866455E-4
01-09 16:47:47.413 I/System.out( 8971): Values: -1.6784668E-4 0.0015258789 -0.001449585
01-09 16:47:48.414 I/System.out( 8971): Values: 3.6621094E-4 -0.0022125244 -9.1552734E-4
01-09 16:47:49.415 I/System.out( 8971): Values: -0.0023040771 -0.002746582 0.0012207031
01-09 16:47:50.416 I/System.out( 8971): Values: 3.6621094E-4 -0.0022125244 6.866455E-4
01-09 16:47:51.407 I/System.out( 8971): Values: 0.0014343262 9.918213E-4 0.0012207031
01-09 16:47:52.408 I/System.out( 8971): Values: 3.6621094E-4 -0.002746582 -9.1552734E-4
01-09 16:47:53.409 I/System.out( 8971): Values: -0.0017700195 -0.002746582 -9.1552734E-4
01-09 16:47:54.410 I/System.out( 8971): Values: 3.6621094E-4 -7.6293945E-5 1.5258789E-4
01-09 16:47:55.411 I/System.out( 8971): Values: -7.019043E-4 0.0015258789 6.866455E-4
01-09 16:47:56.412 I/System.out( 8971): Values: 3.6621094E-4 -6.1035156E-4 1.5258789E-4
01-09 16:47:57.413 I/System.out( 8971): Values: -1.6784668E-4 -0.0022125244 -3.8146973E-4
01-09 16:47:58.424 I/System.out( 8971): Values: 3.6621094E-4 0.0025939941 -0.001449585
01-09 16:47:59.424 I/System.out( 8971): Values: -1.6784668E-4 -0.0011444092 -3.8146973E-4
01-09 16:48:00.425 I/System.out( 8971): Values: 9.0026855E-4 -7.6293945E-5 0.0022888184
01-09 16:48:01.416 I/System.out( 8971): Values: -7.019043E-4 -6.1035156E-4 -0.001449585
01-09 16:48:02.417 I/System.out( 8971): Values: 9.0026855E-4 -0.0022125244 -0.001449585
01-09 16:48:03.418 I/System.out( 8971): Values: -0.0017700195 -7.6293945E-5 -9.1552734E-4
01-09 16:48:04.419 I/System.out( 8971): Values: 3.6621094E-4 -0.0011444092 6.866455E-4
01-09 16:48:05.420 I/System.out( 8971): Values: -1.6784668E-4 9.918213E-4 6.866455E-4
01-09 16:48:06.421 I/System.out( 8971): Values: 3.3569336E-4 0.0033569336 9.0026855E-4
01-09 16:48:07.422 I/System.out( 8971): Values: -0.0012664795 1.5258789E-4 -1.6784668E-4
01-09 16:48:08.423 I/System.out( 8971): Values: -0.0012664795 0.0012207031 0.003036499
01-09 16:48:09.424 I/System.out( 8971): Values: -0.0012664795 6.866455E-4 -1.6784668E-4
