01-09 17:06:59.096 I/System.out( 8971): Values: 0.0010375977 3.0517578E-4 0.0016326904
01-09 17:07:00.087 I/System.out( 8971): Values: -5.645752E-4 -0.0012969971 3.0517578E-5
01-09 17:07:01.088 I/System.out( 8971): Values: -0.0032348633 -7.6293945E-4 -0.0010375977
01-09 17:07:02.089 I/System.out( 8971): Values: 0.0015716553 0.0045776367 3.0517578E-5
01-09 17:07:03.090 I/System.out( 8971): Values: 5.0354004E-4 -7.6293945E-4 3.0517578E-5
01-09 17:07:04.091 I/System.out( 8971): Values: -5.645752E-4 0.0035095215 -5.0354004E-4
01-09 17:07:05.092 I/System.out( 8971): Values: 5.0354004E-4 -2.2888184E-4 0.0010986328
01-09 17:07:06.093 I/System.out( 8971): Values: -6.2561035E-4 -4.119873E-4 -5.340576E-4
01-09 17:07:07.094 I/System.out( 8971): Values: 4.4250488E-4 1.2207031E-4 -0.0010681152
01-09 17:07:08.095 I/System.out( 8971): Values: 0.0015106201 -4.119873E-4 0.0032043457
01-09 17:07:09.096 I/System.out( 8971): Values: -0.001159668 0.0027923584 -0.0010681152
01-09 17:07:10.087 I/System.out( 8971): Values: -0.0022277832 -0.0014801025 -0.0010681152
01-09 17:07:11.088 I/System.out( 8971): Values: -0.001159668 0.0011901855 -5.340576E-4
01-09 17:07:12.089 I/System.out( 8971): Values: -6.2561035E-4 -4.119873E-4 0.0016021729
01-09 17:07:13.090 I/System.out( 8971): Values: -9.1552734E-5 6.5612793E-4 -0.0021362305
01-09 17:07:14.101 I/System.out( 8971): Values: 0.0020446777 0.0011901855 -0.0016021729
01-09 17:07:15.102 I/System.out( 8971): Values: -9.1552734E-5 -0.0014801025 0.0
01-09 17:07:16.103 I/System.out( 8971): Values: 0.0015106201 -0.0014801025 -0.0021362305
01-09 17:07:17.114 I/System.out( 8971): Values: 4.4250488E-4 -4.119873E-4 -0.0021362305
01-09 17:07:18.105 I/System.out( 8971): Values: 4.4250488E-4 0.003326416 0.0010681152
01-09 17:07:19.106 I/System.out( 8971): Values: -0.003829956 0.0017242432 -0.0010681152
01-09 17:07:20.107 I/System.out( 8971): Values: 0.0015106201 0.0011901855 0.0
01-09 17:07:21.108 I/System.out( 8971): Values: 4.4250488E-4 -4.119873E-4 0.0010681152
01-09 17:07:22.109 I/System.out( 8971): Values: -9.1552734E-5 -0.0025482178 0.0016021729
01-09 17:07:23.110 I/System.out( 8971): Values: 0.0025787354 -9.460449E-4 -0.0010681152
01-09 17:07:24.111 I/System.out( 8971): Values: -0.001159668 -0.0020141602 0.0
01-09 17:07:25.112 I/System.out( 8971): Values: -9.1552734E-5 -0.0014801025 5.340576E-4
01-09 17:07:26.113 I/System.out( 8971): Values: -0.0016937256 -4.119873E-4 0.0021362305
01-09 17:07:27.114 I/System.out( 8971): Values: -0.001159668 0.0011901855 -0.0010681152
01-09 17:07:28.115 I/System.out( 8971): Values: -0.0027618408 -0.0020141602 -5.340576E-4
01-09 17:07:29.106 I/System.out( 8971): Values: -0.0016937256 -0.003616333 5.340576E-4
01-09 17:07:30.107 I/System.out( 8971): Values: -0.001159668 0.0027923584 0.0010681152
01-09 17:07:31.118 I/System.out( 8971): Values: -9.1552734E-5 0.0017242432 -5.340576E-4
01-09 17:07:32.109 I/System.out( 8971): Values: -9.1552734E-5 6.5612793E-4 -0.0010681152
01-09 17:07:33.110 I/System.out( 8971): Values: -9.1552734E-5 -0.0020141602 -0.0010681152
01-09 17:07:34.111 I/System.out( 8971): Values: -9.1552734E-5 0.0011901855 -0.0016021729
01-09 17:07:35.111 I/System.out( 8971): Values: -0.0016937256 0.0011901855 -0.0016021729
01-09 17:07:36.112 I/System.out( 8971): Values: 4.4250488E-4 -4.119873E-4 0.0021362305
01-09 17:07:37.123 I/System.out( 8971): Values: -6.2561035E-4 0.0022583008 0.0021362305
01-09 17:07:38.124 I/System.out( 8971): Values: -6.2561035E-4 0.0011901855 -0.0021362305
01-09 17:07:39.115 I/System.out( 8971): Values: -9.1552734E-5 6.5612793E-4 5.340576E-4
01-09 17:07:40.116 I/System.out( 8971): Values: 9.765625E-4 1.2207031E-4 0.0
01-09 17:07:41.117 I/System.out( 8971): Values: 0.0020446777 0.0011901855 -0.0016021729
01-09 17:07:42.118 I/System.out( 8971): Values: 4.4250488E-4 -0.0020141602 5.340576E-4
01-09 17:07:43.119 I/System.out( 8971): Values: -0.0022277832 0.0022583008 0.0
01-09 17:07:44.120 I/System.out( 8971): Values: -9.1552734E-5 -0.0025482178 -5.340576E-4
01-09 17:07:45.121 I/System.out( 8971): Values: 9.765625E-4 -0.0020141602 -0.0021362305
01-09 17:07:46.122 I/System.out( 8971): Values: 9.765625E-4 0.0017242432 -5.340576E-4
01-09 17:07:47.123 I/System.out( 8971): Values: 9.765625E-4 -4.119873E-4 5.340576E-4
01-09 17:07:48.124 I/System.out( 8971): Values: -9.1552734E-5 -0.003616333 5.340576E-4
01-09 17:07:49.115 I/System.out( 8971): Values: -6.2561035E-4 1.2207031E-4 0.0010681152
01-09 17:07:50.116 I/System.out( 8971): Values: 4.4250488E-4 6.5612793E-4 0.0010681152
01-09 17:07:51.127 I/System.out( 8971): Values: 0.0036468506 1.2207031E-4 5.340576E-4
01-09 17:07:52.128 I/System.out( 8971): Values: 4.4250488E-4 0.0022583008 0.0016021729
01-09 17:07:53.129 I/System.out( 8971): Values: 0.0015106201 -0.0020141602 0.0
01-09 17:07:54.130 I/System.out( 8971): Values: 0.0015106201 0.0027923584 -0.002670288
01-09 17:07:55.131 I/System.out( 8971): Values: -6.2561035E-4 0.0011901855 -0.0016021729
01-09 17:07:56.132 I/System.out( 8971): Values: -0.001159668 -9.460449E-4 0.0
01-09 17:07:57.133 I/System.out( 8971): Values: -9.1552734E-5 -9.460449E-4 -5.340576E-4
01-09 17:07:58.134 I/System.out( 8971): Values: 4.4250488E-4 0.0011901855 -5.340576E-4
01-09 17:07:59.125 I/System.out( 8971): Values: -0.001159668 1.2207031E-4 0.0
01-09 17:07:59.996 I/ActivityManager(  512): No longer want com.google.android.music:main (pid 8573): empty for 1849s
01-09 17:08:00.056 W/ActivityManager(  512): Scheduling restart of crashed service com.google.android.music/.playback.MusicPlaybackService in 5000ms
01-09 17:08:00.126 I/System.out( 8971): Values: -6.2561035E-4 -9.460449E-4 0.0016021729
01-09 17:08:01.137 I/System.out( 8971): Values: -0.0022277832 1.2207031E-4 0.0
01-09 17:08:02.128 I/System.out( 8971): Values: 0.003112793 -0.0014801025 -0.0021362305
01-09 17:08:03.129 I/System.out( 8971): Values: 0.0036468506 0.0011901855 -5.340576E-4
01-09 17:08:04.130 I/System.out( 8971): Values: -9.1552734E-5 -0.0020141602 5.340576E-4
01-09 17:08:05.081 I/ActivityManager(  512): Start proc com.google.android.music:main for service com.google.android.music/.playback.MusicPlaybackService: pid=9078 uid=10041 gids={50041, 3003, 1015, 1028}
01-09 17:08:05.131 I/System.out( 8971): Values: -9.1552734E-5 -9.460449E-4 0.0010681152
01-09 17:08:05.141 I/MusicStore( 9078): Database version: 70
01-09 17:08:05.211 D/dalvikvm( 9078): GC_CONCURRENT freed 323K, 4% free 9050K/9408K, paused 3ms+5ms, total 36ms
01-09 17:08:05.291 D/SystemUtils( 9078): getSystemProperty: lpa.decode=null
01-09 17:08:05.301 D/CacheService( 9078): onCreate
01-09 17:08:05.311 D/CacheService( 9078): onBind
01-09 17:08:05.321 I/LocalDevicePlayback( 9078): Streaming client created.
01-09 17:08:06.132 I/System.out( 8971): Values: 5.0354004E-4 0.003540039 5.493164E-4
01-09 17:08:06.382 D/dalvikvm( 9078): GC_CONCURRENT freed 178K, 3% free 9310K/9540K, paused 4ms+6ms, total 39ms
01-09 17:08:06.412 I/MediaStoreImporter( 9078): Update: incremental Added music: 0 Updated music: 0 Deleted music: 0 Created playlists: 0 Updated playlists: 0 Deleted playlists: 0 Inserted playlist items: 0 Deleted playlist items: 0 Removed orphaned playlist items: 0
01-09 17:08:07.133 I/System.out( 8971): Values: -3.0517578E-5 -1.9836426E-4 -5.187988E-4
01-09 17:08:08.134 I/System.out( 8971): Values: 5.0354004E-4 -7.324219E-4 -0.0021209717
01-09 17:08:09.135 I/System.out( 8971): Values: -0.002166748 -1.9836426E-4 0.001083374
01-09 17:08:10.136 I/System.out( 8971): Values: -5.645752E-4 0.0019378662 -5.187988E-4
01-09 17:08:10.366 I/MusicLeanback( 9078): Conditions not met for autocaching.
01-09 17:08:10.366 I/MusicLeanback( 9078): Stop autocaching.
01-09 17:08:11.137 I/System.out( 8971): Values: 0.0026397705 0.0030059814 0.0016174316
01-09 17:08:12.138 I/System.out( 8971): Values: -0.0016326904 -1.9836426E-4 0.001083374
01-09 17:08:13.139 I/System.out( 8971): Values: -5.645752E-4 0.0040740967 -5.187988E-4
01-09 17:08:14.140 I/System.out( 8971): Values: 5.0354004E-4 8.69751E-4 -0.0015869141
01-09 17:08:15.141 I/System.out( 8971): Values: -3.0517578E-5 -1.9836426E-4 0.0016174316
01-09 17:08:16.142 I/System.out( 8971): Values: 0.002105713 -0.0023345947 -0.0021209717
01-09 17:08:17.143 I/System.out( 8971): Values: -5.645752E-4 -1.9836426E-4 -0.0021209717
01-09 17:08:18.143 I/System.out( 8971): Values: 5.0354004E-4 -0.0012664795 1.5258789E-5
01-09 17:08:19.144 I/System.out( 8971): Values: -0.0016326904 -0.0018005371 -0.0026550293
01-09 17:08:20.145 I/System.out( 8971): Values: 0.0010375977 3.3569336E-4 -5.187988E-4
01-09 17:08:21.136 I/System.out( 8971): Values: -3.0517578E-5 0.0024719238 -0.0015869141
01-09 17:08:22.137 I/System.out( 8971): Values: -0.0032348633 3.3569336E-4 0.001083374
01-09 17:08:23.138 I/System.out( 8971): Values: -0.0010986328 -7.324219E-4 -5.187988E-4
01-09 17:08:24.139 I/System.out( 8971): Values: 0.0010375977 0.0014038086 0.0021514893
01-09 17:08:25.160 I/System.out( 8971): Values: -0.0010986328 0.0024719238 -5.187988E-4
01-09 17:08:26.161 I/System.out( 8971): Values: -5.645752E-4 -7.324219E-4 1.5258789E-5
01-09 17:08:27.162 I/System.out( 8971): Values: 5.0354004E-4 -1.9836426E-4 5.493164E-4
01-09 17:08:28.163 I/System.out( 8971): Values: -0.0010986328 0.0019378662 -0.0015869141
01-09 17:08:29.164 I/System.out( 8971): Values: 0.0010375977 -1.9836426E-4 -5.187988E-4
01-09 17:08:30.165 I/System.out( 8971): Values: -3.0517578E-5 -7.324219E-4 -0.0010528564
01-09 17:08:31.166 I/System.out( 8971): Values: -3.0517578E-5 8.69751E-4 -5.187988E-4
01-09 17:08:32.157 I/System.out( 8971): Values: 0.0010375977 -0.0018005371 0.0016174316
01-09 17:08:33.158 I/System.out( 8971): Values: -3.0517578E-5 -1.9836426E-4 5.493164E-4
01-09 17:08:34.159 I/System.out( 8971): Values: 0.0015716553 3.3569336E-4 0.001083374
01-09 17:08:35.160 I/System.out( 8971): Values: 0.0010375977 8.69751E-4 1.5258789E-5
01-09 17:08:36.171 I/System.out( 8971): Values: -3.0517578E-5 0.0019378662 -0.0021209717
01-09 17:08:37.172 I/System.out( 8971): Values: -3.0517578E-5 0.0030059814 -0.0026550293
01-09 17:08:38.173 I/System.out( 8971): Values: -0.0016326904 -0.00340271 0.0026855469
01-09 17:08:39.174 I/System.out( 8971): Values: -0.0016326904 -0.005004883 0.001083374
01-09 17:08:40.165 I/System.out( 8971): Values: -3.0517578E-5 0.0024719238 0.001083374
01-09 17:08:41.166 I/System.out( 8971): Values: -5.645752E-4 0.0019378662 -0.0015869141
01-09 17:08:42.167 I/System.out( 8971): Values: 0.0015716553 0.0024719238 1.5258789E-5
01-09 17:08:43.168 I/System.out( 8971): Values: -3.0517578E-5 -1.9836426E-4 5.493164E-4
01-09 17:08:44.169 I/System.out( 8971): Values: 0.0010375977 0.0030059814 5.493164E-4
01-09 17:08:44.239 D/dalvikvm( 8971): GC_CONCURRENT freed 386K, 5% free 9016K/9440K, paused 28ms+2ms, total 68ms
01-09 17:08:45.170 I/System.out( 8971): Values: -3.0517578E-5 8.69751E-4 -0.0021209717
01-09 17:08:46.171 I/System.out( 8971): Values: -5.645752E-4 8.69751E-4 -0.0015869141
01-09 17:08:47.172 I/System.out( 8971): Values: 0.0010375977 -0.0023345947 5.493164E-4
01-09 17:08:48.173 I/System.out( 8971): Values: -5.645752E-4 3.3569336E-4 5.493164E-4
01-09 17:08:49.174 I/System.out( 8971): Values: 0.0010375977 3.3569336E-4 5.493164E-4
01-09 17:08:50.175 I/System.out( 8971): Values: -0.0016326904 -0.0012664795 -0.0021209717
01-09 17:08:51.176 I/System.out( 8971): Values: 0.0026397705 -0.0018005371 -5.187988E-4
01-09 17:08:52.177 I/System.out( 8971): Values: 5.0354004E-4 0.0014038086 0.0016174316
01-09 17:08:53.168 I/System.out( 8971): Values: 0.0010375977 -0.0018005371 1.5258789E-5
01-09 17:08:54.169 I/System.out( 8971): Values: -0.0010986328 -7.324219E-4 -0.0010528564
01-09 17:08:55.170 I/System.out( 8971): Values: -3.0517578E-5 -0.0018005371 0.001083374
01-09 17:08:56.171 I/System.out( 8971): Values: -3.0517578E-5 -1.9836426E-4 -5.187988E-4
01-09 17:08:57.172 I/System.out( 8971): Values: 5.0354004E-4 -0.0023345947 -5.187988E-4
01-09 17:08:58.173 I/System.out( 8971): Values: -0.0010986328 -0.0012664795 0.0032196045
01-09 17:08:59.174 I/System.out( 8971): Values: -3.0517578E-5 0.0014038086 0.0021514893
01-09 17:09:00.174 I/System.out( 8971): Values: -5.645752E-4 0.0030059814 -0.0015869141
01-09 17:09:01.165 I/System.out( 8971): Values: -5.645752E-4 -1.9836426E-4 0.0016174316
01-09 17:09:02.176 I/System.out( 8971): Values: -0.0010986328 -0.0023345947 5.493164E-4
01-09 17:09:03.177 I/System.out( 8971): Values: -3.0517578E-5 -7.324219E-4 0.0016174316
01-09 17:09:04.168 I/System.out( 8971): Values: -0.0016326904 -1.9836426E-4 1.5258789E-5
01-09 17:09:05.169 I/System.out( 8971): Values: -5.645752E-4 -0.0023345947 0.0021514893
01-09 17:09:06.170 I/System.out( 8971): Values: -5.187988E-4 -4.4250488E-4 -1.373291E-4
01-09 17:09:07.171 I/System.out( 8971): Values: 0.0026855469 -9.765625E-4 -0.0012054443
01-09 17:09:08.172 I/System.out( 8971): Values: -0.0021209717 -0.0015106201 0.0019989014
01-09 17:09:09.173 I/System.out( 8971): Values: 1.5258789E-5 0.0027618408 3.9672852E-4
01-09 17:09:10.184 I/System.out( 8971): Values: -0.0010528564 -9.765625E-4 3.9672852E-4
01-09 17:09:11.185 I/System.out( 8971): Values: 0.0021514893 0.0016937256 -0.0012054443
01-09 17:09:12.176 I/System.out( 8971): Values: 5.493164E-4 -9.765625E-4 0.0019989014
01-09 17:09:13.177 I/System.out( 8971): Values: 1.5258789E-5 -0.003112793 0.0014648438
01-09 17:09:14.188 I/System.out( 8971): Values: 5.493164E-4 -0.003112793 -6.713867E-4
01-09 17:09:15.189 I/System.out( 8971): Values: 0.001083374 0.0027618408 3.9672852E-4
01-09 17:09:16.190 I/System.out( 8971): Values: -0.0015869141 0.0022277832 9.3078613E-4
01-09 17:09:17.191 I/System.out( 8971): Values: -0.0015869141 -0.0020446777 3.9672852E-4
01-09 17:09:18.192 I/System.out( 8971): Values: 1.5258789E-5 0.0016937256 -6.713867E-4
01-09 17:09:19.193 I/System.out( 8971): Values: 5.493164E-4 9.1552734E-5 0.0030670166
01-09 17:09:20.194 I/System.out( 8971): Values: 0.001083374 9.1552734E-5 3.9672852E-4
01-09 17:09:21.195 I/System.out( 8971): Values: -5.187988E-4 -0.003112793 -6.713867E-4
01-09 17:09:22.196 I/System.out( 8971): Values: 5.493164E-4 0.0016937256 -0.001739502
01-09 17:09:23.187 I/System.out( 8971): Values: -0.0010528564 0.0022277832 3.9672852E-4
01-09 17:09:24.188 I/System.out( 8971): Values: -0.003189087 6.2561035E-4 3.9672852E-4
01-09 17:09:25.199 I/System.out( 8971): Values: 5.493164E-4 0.0032958984 -0.0012054443
01-09 17:09:26.190 I/System.out( 8971): Values: -0.0010528564 -4.4250488E-4 3.9672852E-4
01-09 17:09:27.191 I/System.out( 8971): Values: 5.493164E-4 0.0022277832 3.9672852E-4
01-09 17:09:28.192 I/System.out( 8971): Values: -5.187988E-4 0.0022277832 -0.0012054443
01-09 17:09:29.193 I/System.out( 8971): Values: -5.187988E-4 -0.003112793 -0.0012054443
01-09 17:09:30.194 I/System.out( 8971): Values: 5.493164E-4 9.1552734E-5 0.0019989014
01-09 17:09:31.195 I/System.out( 8971): Values: -0.0021209717 -0.0020446777 0.0014648438
01-09 17:09:32.186 I/System.out( 8971): Values: -0.0015869141 9.1552734E-5 -0.0012054443
01-09 17:09:33.187 I/System.out( 8971): Values: -0.0010528564 6.2561035E-4 9.3078613E-4
01-09 17:09:34.198 I/System.out( 8971): Values: 0.001083374 0.0043640137 3.9672852E-4
01-09 17:09:35.189 I/System.out( 8971): Values: 1.5258789E-5 -0.0020446777 3.9672852E-4
01-09 17:09:36.190 I/System.out( 8971): Values: -0.0010528564 -4.4250488E-4 9.3078613E-4
01-09 17:09:37.201 I/System.out( 8971): Values: 1.5258789E-5 -4.4250488E-4 -6.713867E-4
01-09 17:09:38.202 I/System.out( 8971): Values: 1.5258789E-5 0.001159668 -1.373291E-4
01-09 17:09:39.203 I/System.out( 8971): Values: 0.0021514893 0.0022277832 -1.373291E-4
01-09 17:09:40.204 I/System.out( 8971): Values: -0.0015869141 0.003829956 3.9672852E-4
01-09 17:09:41.205 I/System.out( 8971): Values: 1.5258789E-5 -0.0015106201 -1.373291E-4
01-09 17:09:42.195 I/System.out( 8971): Values: -0.0010528564 -0.0020446777 0.0030670166
01-09 17:09:43.196 I/System.out( 8971): Values: -0.003189087 0.001159668 -1.373291E-4
01-09 17:09:44.207 I/System.out( 8971): Values: -5.187988E-4 -0.0015106201 3.9672852E-4
01-09 17:09:45.198 I/System.out( 8971): Values: 5.493164E-4 -0.0025787354 -6.713867E-4
01-09 17:09:46.199 I/System.out( 8971): Values: -0.0010528564 6.2561035E-4 0.0019989014
01-09 17:09:47.200 I/System.out( 8971): Values: 1.5258789E-5 -9.765625E-4 -6.713867E-4
01-09 17:09:48.201 I/System.out( 8971): Values: 1.5258789E-5 9.1552734E-5 -1.373291E-4
01-09 17:09:49.202 I/System.out( 8971): Values: -0.0021209717 -0.0025787354 -0.0012054443
01-09 17:09:50.203 I/System.out( 8971): Values: 5.493164E-4 0.0016937256 3.9672852E-4
01-09 17:09:51.204 I/System.out( 8971): Values: 0.001083374 -9.765625E-4 -1.373291E-4
01-09 17:09:52.195 I/System.out( 8971): Values: -0.0026550293 0.0043640137 -0.001739502
01-09 17:09:53.206 I/System.out( 8971): Values: -0.0010528564 -0.0015106201 -1.373291E-4
01-09 17:09:54.197 I/System.out( 8971): Values: -5.187988E-4 0.003829956 0.0014648438
01-09 17:09:55.198 I/System.out( 8971): Values: 1.5258789E-5 9.1552734E-5 -0.0012054443
01-09 17:09:56.199 I/System.out( 8971): Values: -5.187988E-4 9.1552734E-5 -0.001739502
01-09 17:09:57.210 I/System.out( 8971): Values: -0.0010528564 9.1552734E-5 -6.713867E-4
01-09 17:09:58.211 I/System.out( 8971): Values: 0.0021514893 -9.765625E-4 -6.713867E-4
01-09 17:09:59.212 I/System.out( 8971): Values: 1.5258789E-5 -0.0036468506 -0.0022735596
01-09 17:10:00.213 I/System.out( 8971): Values: -0.0010528564 9.1552734E-5 3.9672852E-4
01-09 17:10:01.214 I/System.out( 8971): Values: -0.0015869141 0.001159668 -0.0012054443
01-09 17:10:02.205 I/System.out( 8971): Values: -0.0010528564 -0.004714966 -0.0033416748
01-09 17:10:03.216 I/System.out( 8971): Values: 1.5258789E-5 6.2561035E-4 -6.713867E-4
01-09 17:10:03.576 D/dalvikvm(  512): JIT code cache reset in 2 ms (1048532 bytes 4/0)
01-09 17:10:03.596 D/dalvikvm(  512): GC_CONCURRENT freed 2079K, 22% free 16786K/21400K, paused 11ms+8ms, total 125ms
01-09 17:10:04.207 I/System.out( 8971): Values: 0.0021514893 9.1552734E-5 3.9672852E-4
01-09 17:10:05.208 I/System.out( 8971): Values: -5.187988E-4 9.1552734E-5 3.9672852E-4
01-09 17:10:06.209 I/System.out( 8971): Values: -0.0022277832 -7.171631E-4 -1.373291E-4
01-09 17:10:07.220 I/System.out( 8971): Values: -0.0022277832 0.0014190674 -6.713867E-4
01-09 17:10:08.211 I/System.out( 8971): Values: 9.765625E-4 0.001953125 -1.373291E-4
01-09 17:10:09.212 I/System.out( 8971): Values: 0.0020446777 3.5095215E-4 -6.713867E-4
01-09 17:10:10.213 I/System.out( 8971): Values: 4.4250488E-4 8.8500977E-4 3.9672852E-4
01-09 17:10:11.214 I/System.out( 8971): Values: 0.0020446777 -0.0017852783 3.9672852E-4
01-09 17:10:12.215 I/System.out( 8971): Values: -9.1552734E-5 0.001953125 -0.0022735596
01-09 17:10:13.216 I/System.out( 8971): Values: -0.001159668 -0.0017852783 -1.373291E-4
01-09 17:10:14.207 I/System.out( 8971): Values: -0.0027618408 -7.171631E-4 3.9672852E-4
01-09 17:10:15.208 I/System.out( 8971): Values: -0.0032958984 -0.0017852783 9.3078613E-4
01-09 17:10:16.209 I/System.out( 8971): Values: 0.0015106201 0.001953125 9.3078613E-4
01-09 17:10:17.210 I/System.out( 8971): Values: -6.2561035E-4 -0.0012512207 -1.373291E-4
01-09 17:10:18.211 I/System.out( 8971): Values: -0.0043640137 -1.8310547E-4 3.9672852E-4
01-09 17:10:19.222 I/System.out( 8971): Values: 9.765625E-4 -0.0012512207 -0.0012054443
01-09 17:10:20.223 I/System.out( 8971): Values: 0.0025787354 8.8500977E-4 -0.0012054443
01-09 17:10:21.224 I/System.out( 8971): Values: -0.0016937256 3.5095215E-4 -0.0012054443
01-09 17:10:22.225 I/System.out( 8971): Values: 9.765625E-4 0.001953125 -1.373291E-4
01-09 17:10:23.226 I/System.out( 8971): Values: -9.1552734E-5 -1.8310547E-4 0.0014648438
01-09 17:10:24.216 I/System.out( 8971): Values: -6.2561035E-4 0.001953125 3.9672852E-4
01-09 17:10:25.217 I/System.out( 8971): Values: -9.1552734E-5 -1.8310547E-4 -6.713867E-4
01-09 17:10:26.218 I/System.out( 8971): Values: -0.001159668 -0.002319336 -1.373291E-4
01-09 17:10:27.219 I/System.out( 8971): Values: -0.001159668 0.0014190674 -6.713867E-4
01-09 17:10:28.220 I/System.out( 8971): Values: -0.0022277832 -7.171631E-4 0.0019989014
01-09 17:10:29.221 I/System.out( 8971): Values: -6.2561035E-4 -0.0017852783 -0.001739502
01-09 17:10:30.222 I/System.out( 8971): Values: -0.0016937256 -7.171631E-4 -0.0028076172
01-09 17:10:31.223 I/System.out( 8971): Values: 9.765625E-4 3.5095215E-4 3.9672852E-4
01-09 17:10:32.224 I/System.out( 8971): Values: -6.2561035E-4 0.001953125 3.9672852E-4
01-09 17:10:33.215 I/System.out( 8971): Values: 4.4250488E-4 0.0035552979 3.9672852E-4
01-09 17:10:34.216 I/System.out( 8971): Values: -6.2561035E-4 -1.8310547E-4 -0.001739502
01-09 17:10:35.227 I/System.out( 8971): Values: -6.2561035E-4 -0.0028533936 -1.373291E-4
01-09 17:10:36.228 I/System.out( 8971): Values: -0.0016937256 -0.002319336 -0.0012054443
01-09 17:10:37.229 I/System.out( 8971): Values: -9.1552734E-5 -0.0017852783 -0.001739502
01-09 17:10:38.230 I/System.out( 8971): Values: 0.0015106201 0.0024871826 -6.713867E-4
01-09 17:10:39.231 I/System.out( 8971): Values: -0.0022277832 -0.002319336 -6.713867E-4
01-09 17:10:40.232 I/System.out( 8971): Values: 4.4250488E-4 -1.8310547E-4 9.3078613E-4
01-09 17:10:41.233 I/System.out( 8971): Values: 9.765625E-4 0.0024871826 9.3078613E-4
01-09 17:10:42.234 I/System.out( 8971): Values: -0.0032958984 -1.8310547E-4 -1.373291E-4
01-09 17:10:43.235 I/System.out( 8971): Values: -0.001159668 8.8500977E-4 -6.713867E-4
01-09 17:10:44.226 I/System.out( 8971): Values: -9.1552734E-5 -0.0017852783 0.0019989014
01-09 17:10:45.237 I/System.out( 8971): Values: 4.4250488E-4 -1.8310547E-4 9.3078613E-4
01-09 17:10:46.228 I/System.out( 8971): Values: -9.1552734E-5 0.001953125 -6.713867E-4
01-09 17:10:47.229 I/System.out( 8971): Values: 9.765625E-4 -1.8310547E-4 -0.0012054443
01-09 17:10:48.230 I/System.out( 8971): Values: 4.4250488E-4 -0.0012512207 9.3078613E-4
01-09 17:10:49.231 I/System.out( 8971): Values: -9.1552734E-5 0.001953125 3.9672852E-4
01-09 17:10:50.232 I/System.out( 8971): Values: -6.2561035E-4 0.0024871826 -0.0028076172
01-09 17:10:51.233 I/System.out( 8971): Values: 0.003112793 8.8500977E-4 -1.373291E-4
01-09 17:10:52.234 I/System.out( 8971): Values: -0.0016937256 -7.171631E-4 -6.713867E-4
01-09 17:10:53.235 I/System.out( 8971): Values: -6.2561035E-4 -0.0012512207 0.0014648438
01-09 17:10:54.236 I/System.out( 8971): Values: -6.2561035E-4 8.8500977E-4 9.3078613E-4
01-09 17:10:55.227 I/System.out( 8971): Values: 9.765625E-4 0.0014190674 3.9672852E-4
01-09 17:10:56.248 I/System.out( 8971): Values: 0.0025787354 0.0030212402 0.0014648438
01-09 17:10:57.249 I/System.out( 8971): Values: 0.0025787354 -0.0017852783 -1.373291E-4
01-09 17:10:58.250 I/System.out( 8971): Values: -6.2561035E-4 0.001953125 0.0014648438
01-09 17:10:59.251 I/System.out( 8971): Values: 0.0015106201 -1.8310547E-4 -1.373291E-4
01-09 17:11:00.252 I/System.out( 8971): Values: 0.0025787354 -0.002319336 9.3078613E-4
01-09 17:11:01.253 I/System.out( 8971): Values: -9.1552734E-5 -1.8310547E-4 9.3078613E-4
01-09 17:11:02.254 I/System.out( 8971): Values: 9.765625E-4 0.0014190674 -6.713867E-4
01-09 17:11:03.255 I/System.out( 8971): Values: -9.1552734E-5 -7.171631E-4 -1.373291E-4
01-09 17:11:04.256 I/System.out( 8971): Values: 4.4250488E-4 -0.0012512207 -1.373291E-4
01-09 17:11:05.257 I/System.out( 8971): Values: 9.765625E-4 0.001953125 0.0014648438
01-09 17:11:06.247 I/System.out( 8971): Values: -0.0022888184 -3.0517578E-5 0.0016326904
01-09 17:11:07.248 I/System.out( 8971): Values: -6.866455E-4 -0.002166748 3.0517578E-5
01-09 17:11:08.259 I/System.out( 8971): Values: 3.8146973E-4 -5.645752E-4 -5.0354004E-4
01-09 17:11:09.250 I/System.out( 8971): Values: -0.0012207031 5.0354004E-4 0.0016326904
01-09 17:11:10.251 I/System.out( 8971): Values: -0.002822876 -0.0032348633 3.0517578E-5
01-09 17:11:11.252 I/System.out( 8971): Values: -0.0012207031 -3.0517578E-5 -0.0010375977
01-09 17:11:12.263 I/System.out( 8971): Values: -0.0022888184 5.0354004E-4 0.0010986328
01-09 17:11:13.264 I/System.out( 8971): Values: 9.1552734E-4 -5.645752E-4 -0.0015716553
01-09 17:11:14.255 I/System.out( 8971): Values: 0.0019836426 -3.0517578E-5 0.0016326904
01-09 17:11:15.256 I/System.out( 8971): Values: 0.001449585 -0.002166748 0.0010986328
01-09 17:11:16.257 I/System.out( 8971): Values: 0.0019836426 -3.0517578E-5 0.002166748
01-09 17:11:17.258 I/System.out( 8971): Values: -1.5258789E-4 -3.0517578E-5 -0.002105713
01-09 17:11:18.259 I/System.out( 8971): Values: -0.0012207031 -3.0517578E-5 -0.002105713
01-09 17:11:19.260 I/System.out( 8971): Values: -6.866455E-4 -3.0517578E-5 5.645752E-4
01-09 17:11:20.261 I/System.out( 8971): Values: -6.866455E-4 0.0015716553 -5.0354004E-4
01-09 17:11:21.262 I/System.out( 8971): Values: -1.5258789E-4 -0.0043029785 5.645752E-4
01-09 17:11:22.263 I/System.out( 8971): Values: -1.5258789E-4 -0.0016326904 -0.002105713
01-09 17:11:23.264 I/System.out( 8971): Values: 3.8146973E-4 0.0026397705 -0.002105713
01-09 17:11:24.265 I/System.out( 8971): Values: 0.0019836426 5.0354004E-4 5.645752E-4
01-09 17:11:25.256 I/System.out( 8971): Values: 0.0030517578 -0.002166748 -0.0026397705
01-09 17:11:26.257 I/System.out( 8971): Values: -0.0012207031 0.002105713 0.0016326904
01-09 17:11:27.268 I/System.out( 8971): Values: 3.8146973E-4 -5.645752E-4 3.0517578E-5
01-09 17:11:28.259 I/System.out( 8971): Values: -1.5258789E-4 -5.645752E-4 5.645752E-4
01-09 17:11:29.260 I/System.out( 8971): Values: 3.8146973E-4 -5.645752E-4 -5.0354004E-4
01-09 17:11:30.261 I/System.out( 8971): Values: -1.5258789E-4 0.002105713 0.0016326904
01-09 17:11:31.262 I/System.out( 8971): Values: -1.5258789E-4 0.002105713 0.0016326904
01-09 17:11:32.263 I/System.out( 8971): Values: 0.001449585 0.002105713 -0.0010375977
01-09 17:11:33.264 I/System.out( 8971): Values: -0.0022888184 -0.002166748 3.0517578E-5
01-09 17:11:34.265 I/System.out( 8971): Values: -0.0017547607 -0.0016326904 3.0517578E-5
01-09 17:11:35.256 I/System.out( 8971): Values: 0.0019836426 -5.645752E-4 5.645752E-4
01-09 17:11:36.267 I/System.out( 8971): Values: -0.0012207031 -5.645752E-4 -5.0354004E-4
01-09 17:11:37.268 I/System.out( 8971): Values: -0.0022888184 -0.0016326904 0.0010986328
01-09 17:11:38.269 I/System.out( 8971): Values: 0.0019836426 0.0031738281 3.0517578E-5
01-09 17:11:39.270 I/System.out( 8971): Values: -1.5258789E-4 -3.0517578E-5 -5.0354004E-4
01-09 17:11:40.271 I/System.out( 8971): Values: 0.0019836426 -0.0016326904 5.645752E-4
01-09 17:11:41.272 I/System.out( 8971): Values: -1.5258789E-4 0.0010375977 0.0010986328
01-09 17:11:42.273 I/System.out( 8971): Values: 3.8146973E-4 5.0354004E-4 3.0517578E-5
01-09 17:11:43.274 I/System.out( 8971): Values: -1.5258789E-4 -3.0517578E-5 -5.0354004E-4
01-09 17:11:44.275 I/System.out( 8971): Values: -0.0017547607 -5.645752E-4 -0.0015716553
01-09 17:11:45.266 I/System.out( 8971): Values: -6.866455E-4 -5.645752E-4 5.645752E-4
01-09 17:11:46.277 I/System.out( 8971): Values: -6.866455E-4 -0.0032348633 3.0517578E-5
01-09 17:11:47.268 I/System.out( 8971): Values: 3.8146973E-4 0.0010375977 0.0010986328
01-09 17:11:47.348 D/dalvikvm( 8971): GC_CONCURRENT freed 386K, 5% free 9016K/9440K, paused 31ms+1ms, total 81ms
01-09 17:11:48.268 I/System.out( 8971): Values: 9.1552734E-4 5.0354004E-4 0.0032348633
01-09 17:11:49.269 I/System.out( 8971): Values: -6.866455E-4 -5.645752E-4 -5.0354004E-4
01-09 17:11:50.270 I/System.out( 8971): Values: -1.5258789E-4 0.002105713 -0.0010375977
01-09 17:11:51.271 I/System.out( 8971): Values: 0.0030517578 -0.002166748 -0.0010375977
01-09 17:11:52.272 I/System.out( 8971): Values: 9.1552734E-4 5.0354004E-4 3.0517578E-5
01-09 17:11:53.273 I/System.out( 8971): Values: -6.866455E-4 -5.645752E-4 0.0016326904
01-09 17:11:54.274 I/System.out( 8971): Values: 9.1552734E-4 -0.0027008057 5.645752E-4
01-09 17:11:55.275 I/System.out( 8971): Values: 3.8146973E-4 5.0354004E-4 -0.0010375977
01-09 17:11:56.276 I/System.out( 8971): Values: 0.001449585 -3.0517578E-5 5.645752E-4
01-09 17:11:57.267 I/System.out( 8971): Values: -0.0012207031 -3.0517578E-5 -5.0354004E-4
01-09 17:11:58.268 I/System.out( 8971): Values: -6.866455E-4 -3.0517578E-5 -5.0354004E-4
01-09 17:11:59.269 I/System.out( 8971): Values: 3.8146973E-4 -5.645752E-4 -5.0354004E-4
01-09 17:12:00.280 I/System.out( 8971): Values: -0.0012207031 0.002105713 5.645752E-4
01-09 17:12:01.281 I/System.out( 8971): Values: 0.001449585 0.0015716553 -0.0010375977
01-09 17:12:02.282 I/System.out( 8971): Values: 3.8146973E-4 -0.0010986328 5.645752E-4
01-09 17:12:03.283 I/System.out( 8971): Values: -0.0022888184 0.0015716553 -0.0010375977
01-09 17:12:04.284 I/System.out( 8971): Values: -1.5258789E-4 -0.0027008057 5.645752E-4
01-09 17:12:05.285 I/System.out( 8971): Values: -0.0033569336 -0.0027008057 5.645752E-4
01-09 17:12:06.276 I/System.out( 8971): Values: 0.0014953613 0.0015106201 -4.5776367E-4
01-09 17:12:07.277 I/System.out( 8971): Values: 0.002029419 -0.0016937256 7.6293945E-5
01-09 17:12:08.278 I/System.out( 8971): Values: 0.0025634766 -0.0016937256 7.6293945E-5
01-09 17:12:09.279 I/System.out( 8971): Values: 0.0014953613 4.4250488E-4 -9.918213E-4
01-09 17:12:10.290 I/System.out( 8971): Values: 9.613037E-4 -6.2561035E-4 -0.0020599365
01-09 17:12:11.281 I/System.out( 8971): Values: 4.272461E-4 0.003112793 7.6293945E-5
01-09 17:12:12.282 I/System.out( 8971): Values: 4.272461E-4 -0.0048980713 -0.0031280518
01-09 17:12:13.283 I/System.out( 8971): Values: -1.0681152E-4 -9.1552734E-5 -4.5776367E-4
01-09 17:12:14.284 I/System.out( 8971): Values: -0.0011749268 -9.1552734E-5 -4.5776367E-4
01-09 17:12:15.285 I/System.out( 8971): Values: 4.272461E-4 -0.001159668 0.0011444092
01-09 17:12:16.276 I/System.out( 8971): Values: -0.0017089844 -0.001159668 -0.0015258789
01-09 17:12:17.277 I/System.out( 8971): Values: 9.613037E-4 -0.0027618408 6.1035156E-4
01-09 17:12:18.288 I/System.out( 8971): Values: 4.272461E-4 -9.1552734E-5 -0.0015258789
01-09 17:12:19.289 I/System.out( 8971): Values: 0.0014953613 0.003112793 6.1035156E-4
01-09 17:12:20.290 I/System.out( 8971): Values: -1.0681152E-4 -9.1552734E-5 -4.5776367E-4
01-09 17:12:21.291 I/System.out( 8971): Values: 4.272461E-4 -9.1552734E-5 6.1035156E-4
01-09 17:12:22.292 I/System.out( 8971): Values: 0.0014953613 -6.2561035E-4 0.0016784668
01-09 17:12:23.293 I/System.out( 8971): Values: 0.0014953613 4.4250488E-4 7.6293945E-5
01-09 17:12:24.294 I/System.out( 8971): Values: 0.0014953613 9.765625E-4 6.1035156E-4
01-09 17:12:25.295 I/System.out( 8971): Values: -0.0017089844 -9.1552734E-5 -9.918213E-4
01-09 17:12:26.296 I/System.out( 8971): Values: -0.0017089844 -9.1552734E-5 7.6293945E-5
01-09 17:12:27.287 I/System.out( 8971): Values: -0.002243042 4.4250488E-4 0.0011444092
01-09 17:12:28.288 I/System.out( 8971): Values: 4.272461E-4 -0.0043640137 -4.5776367E-4
01-09 17:12:29.289 I/System.out( 8971): Values: -6.4086914E-4 -9.1552734E-5 0.0011444092
01-09 17:12:30.289 I/System.out( 8971): Values: -0.002243042 -0.0022277832 0.0011444092
01-09 17:12:31.290 I/System.out( 8971): Values: -6.4086914E-4 -6.2561035E-4 0.0022125244
01-09 17:12:32.291 I/System.out( 8971): Values: -1.0681152E-4 -6.2561035E-4 6.1035156E-4
01-09 17:12:33.292 I/System.out( 8971): Values: 9.613037E-4 -9.1552734E-5 0.0011444092
01-09 17:12:34.293 I/System.out( 8971): Values: 4.272461E-4 0.0020446777 7.6293945E-5
01-09 17:12:35.294 I/System.out( 8971): Values: -0.0017089844 -0.0016937256 0.0016784668
01-09 17:12:36.295 I/System.out( 8971): Values: -0.0027770996 -0.0032958984 7.6293945E-5
01-09 17:12:37.286 I/System.out( 8971): Values: -0.002243042 -9.1552734E-5 -4.5776367E-4
01-09 17:12:38.287 I/System.out( 8971): Values: -0.0011749268 -9.1552734E-5 7.6293945E-5
01-09 17:12:39.288 I/System.out( 8971): Values: 9.613037E-4 4.4250488E-4 -0.0025939941
01-09 17:12:40.289 I/System.out( 8971): Values: 0.0014953613 -0.0022277832 -4.5776367E-4
01-09 17:12:41.290 I/System.out( 8971): Values: -0.0011749268 -0.001159668 -0.0015258789
01-09 17:12:42.291 I/System.out( 8971): Values: 4.272461E-4 0.0015106201 0.0011444092
01-09 17:12:43.292 I/System.out( 8971): Values: -0.002243042 9.765625E-4 -0.0015258789
01-09 17:12:44.303 I/System.out( 8971): Values: 4.272461E-4 4.4250488E-4 -4.5776367E-4
01-09 17:12:45.304 I/System.out( 8971): Values: -0.002243042 0.003112793 6.1035156E-4
01-09 17:12:46.295 I/System.out( 8971): Values: 4.272461E-4 9.765625E-4 -9.918213E-4
01-09 17:12:47.296 I/System.out( 8971): Values: -0.002243042 -6.2561035E-4 -4.5776367E-4
01-09 17:12:48.297 I/System.out( 8971): Values: 4.272461E-4 -0.0048980713 6.1035156E-4
01-09 17:12:49.298 I/System.out( 8971): Values: -6.4086914E-4 0.0036468506 6.1035156E-4
01-09 17:12:50.299 I/System.out( 8971): Values: -0.0033111572 -0.0032958984 7.6293945E-5
01-09 17:12:51.300 I/System.out( 8971): Values: 9.613037E-4 4.4250488E-4 0.0011444092
01-09 17:12:52.301 I/System.out( 8971): Values: -6.4086914E-4 -0.0022277832 0.0011444092
01-09 17:12:53.302 I/System.out( 8971): Values: -1.0681152E-4 4.4250488E-4 0.0011444092
01-09 17:12:54.303 I/System.out( 8971): Values: -1.0681152E-4 9.765625E-4 -0.0025939941
01-09 17:12:55.304 I/System.out( 8971): Values: -1.0681152E-4 -0.0016937256 6.1035156E-4
01-09 17:12:56.305 I/System.out( 8971): Values: 9.613037E-4 9.765625E-4 7.6293945E-5
01-09 17:12:57.306 I/System.out( 8971): Values: -0.0017089844 -6.2561035E-4 7.6293945E-5
01-09 17:12:58.307 I/System.out( 8971): Values: 4.272461E-4 -0.001159668 0.0011444092
01-09 17:12:59.298 I/System.out( 8971): Values: 0.0025634766 -0.0032958984 7.6293945E-5
01-09 17:12:59.998 I/ActivityManager(  512): No longer want com.google.android.gms (pid 8797): empty for 1800s
01-09 17:12:59.998 I/ActivityManager(  512): No longer want com.google.android.gsf.login (pid 8955): empty for 1800s
01-09 17:13:00.028 I/ActivityManager(  512): No longer want com.google.android.googlequicksearchbox (pid 8817): empty for 1800s
01-09 17:13:00.028 I/ActivityManager(  512): No longer want com.android.musicfx (pid 8781): empty for 1800s
01-09 17:13:00.028 I/ActivityManager(  512): No longer want com.google.android.talk (pid 8893): empty for 1800s
01-09 17:13:00.039 I/ActivityManager(  512): No longer want android.process.acore (pid 8743): empty for 1801s
01-09 17:13:00.039 I/ActivityManager(  512): No longer want com.google.android.partnersetup (pid 8848): empty for 1801s
01-09 17:13:00.049 I/ActivityManager(  512): No longer want com.android.keychain (pid 8768): empty for 1801s
01-09 17:13:00.049 I/ActivityManager(  512): No longer want com.android.defcontainer (pid 8697): empty for 1802s
01-09 17:13:00.299 I/System.out( 8971): Values: -0.0017089844 -0.0016937256 -4.5776367E-4
01-09 17:13:01.300 I/System.out( 8971): Values: -0.0011749268 9.765625E-4 -9.918213E-4
01-09 17:13:02.301 I/System.out( 8971): Values: -1.0681152E-4 -0.001159668 6.1035156E-4
01-09 17:13:03.302 I/System.out( 8971): Values: 4.272461E-4 -0.0016937256 -9.918213E-4
01-09 17:13:04.303 I/System.out( 8971): Values: -0.0017089844 4.4250488E-4 7.6293945E-5
01-09 17:13:05.304 I/System.out( 8971): Values: -0.0017089844 9.765625E-4 -4.5776367E-4
01-09 17:13:06.305 I/System.out( 8971): Values: -9.1552734E-5 0.0013427734 -0.0014343262
01-09 17:13:07.306 I/System.out( 8971): Values: -0.001159668 0.001876831 7.019043E-4
01-09 17:13:08.297 I/System.out( 8971): Values: -0.0016937256 2.746582E-4 -9.0026855E-4
01-09 17:13:08.307 I/System.out( 8971): Battery level end is reached
01-09 17:13:08.307 I/System.out( 8971): Time difference in secs is: 721
01-09 17:13:09.298 I/System.out( 8971): Values: -0.001159668 0.001876831 -0.0014343262
01-09 17:13:09.318 I/System.out( 8971): Time difference in secs is: 721
01-09 17:13:10.299 I/System.out( 8971): Values: -6.2561035E-4 -0.0013275146 1.6784668E-4
01-09 17:13:10.319 I/System.out( 8971): Time difference in secs is: 721
01-09 17:13:11.299 I/System.out( 8971): Values: 0.0015106201 -7.9345703E-4 -3.6621094E-4
01-09 17:13:11.320 I/System.out( 8971): Time difference in secs is: 721
01-09 17:13:12.310 I/System.out( 8971): Values: 0.0020446777 -2.593994E-4 0.0017700195
01-09 17:13:12.320 I/System.out( 8971): Time difference in secs is: 721
01-09 17:13:13.311 I/System.out( 8971): Values: -6.2561035E-4 0.0024108887 -3.6621094E-4
01-09 17:13:13.321 I/System.out( 8971): Time difference in secs is: 721
01-09 17:13:14.312 I/System.out( 8971): Values: 9.765625E-4 8.087158E-4 1.6784668E-4
01-09 17:13:14.322 I/System.out( 8971): Time difference in secs is: 721
01-09 17:13:15.313 I/System.out( 8971): Values: -0.0016937256 -7.9345703E-4 7.019043E-4
01-09 17:13:15.323 I/System.out( 8971): Time difference in secs is: 721
01-09 17:13:16.314 I/System.out( 8971): Values: -0.001159668 -7.9345703E-4 7.019043E-4
01-09 17:13:16.314 I/System.out( 8971): Time difference in secs is: 721
01-09 17:13:17.315 I/System.out( 8971): Values: -9.1552734E-5 -0.0029296875 1.6784668E-4
01-09 17:13:17.315 I/System.out( 8971): Time difference in secs is: 721
01-09 17:13:18.306 I/System.out( 8971): Values: -6.2561035E-4 -2.593994E-4 -3.6621094E-4
01-09 17:13:18.316 I/System.out( 8971): Time difference in secs is: 721
01-09 17:13:19.307 I/System.out( 8971): Values: -6.2561035E-4 0.001876831 -0.0014343262
01-09 17:13:19.307 I/System.out( 8971): Time difference in secs is: 721
01-09 17:13:20.308 I/System.out( 8971): Values: -6.2561035E-4 -0.0023956299 -9.0026855E-4
01-09 17:13:20.318 I/System.out( 8971): Time difference in secs is: 721
01-09 17:13:21.309 I/System.out( 8971): Values: -9.1552734E-5 2.746582E-4 0.0017700195
01-09 17:13:21.319 I/System.out( 8971): Time difference in secs is: 721
01-09 17:13:22.310 I/System.out( 8971): Values: -9.1552734E-5 2.746582E-4 -3.6621094E-4
01-09 17:13:22.330 I/System.out( 8971): Time difference in secs is: 721
01-09 17:13:23.311 I/System.out( 8971): Values: 9.765625E-4 0.0024108887 -0.0014343262
01-09 17:13:23.331 I/System.out( 8971): Time difference in secs is: 721
01-09 17:13:24.312 I/System.out( 8971): Values: -9.1552734E-5 -2.593994E-4 1.6784668E-4
01-09 17:13:24.332 I/System.out( 8971): Time difference in secs is: 721
01-09 17:13:25.313 I/System.out( 8971): Values: -9.1552734E-5 0.0013427734 0.0012359619
01-09 17:13:25.333 I/System.out( 8971): Time difference in secs is: 721
01-09 17:13:26.314 I/System.out( 8971): Values: -9.1552734E-5 8.087158E-4 -0.0014343262
01-09 17:13:26.334 I/System.out( 8971): Time difference in secs is: 721
01-09 17:13:27.315 I/System.out( 8971): Values: -6.2561035E-4 0.0013427734 -0.0014343262
01-09 17:13:27.325 I/System.out( 8971): Time difference in secs is: 721
01-09 17:13:28.316 I/System.out( 8971): Values: -6.2561035E-4 0.0013427734 1.6784668E-4
01-09 17:13:28.326 I/System.out( 8971): Time difference in secs is: 721
01-09 17:13:29.307 I/System.out( 8971): Values: 9.765625E-4 -0.0013275146 0.0012359619
01-09 17:13:29.337 I/System.out( 8971): Time difference in secs is: 721
01-09 17:13:30.308 I/System.out( 8971): Values: -0.001159668 8.087158E-4 0.0017700195
01-09 17:13:30.328 I/System.out( 8971): Time difference in secs is: 721
01-09 17:13:31.309 I/System.out( 8971): Values: 4.4250488E-4 -2.593994E-4 1.6784668E-4
01-09 17:13:31.329 I/System.out( 8971): Time difference in secs is: 721
01-09 17:13:32.310 I/System.out( 8971): Values: 0.0020446777 0.0024108887 -0.0019683838
01-09 17:13:32.330 I/System.out( 8971): Time difference in secs is: 721
01-09 17:13:33.311 I/System.out( 8971): Values: 4.4250488E-4 0.0024108887 0.0012359619
01-09 17:13:33.331 I/System.out( 8971): Time difference in secs is: 721
01-09 17:13:34.312 I/System.out( 8971): Values: -0.0016937256 -7.9345703E-4 -3.6621094E-4
01-09 17:13:34.332 I/System.out( 8971): Time difference in secs is: 721
01-09 17:13:35.313 I/System.out( 8971): Values: -9.1552734E-5 0.001876831 0.0017700195
01-09 17:13:35.333 I/System.out( 8971): Time difference in secs is: 721
01-09 17:13:36.314 I/System.out( 8971): Values: -9.1552734E-5 -0.0013275146 -0.0025024414
01-09 17:13:36.334 I/System.out( 8971): Time difference in secs is: 721
01-09 17:13:37.305 I/System.out( 8971): Values: -0.001159668 8.087158E-4 7.019043E-4
01-09 17:13:37.325 I/System.out( 8971): Time difference in secs is: 721
01-09 17:13:38.306 I/System.out( 8971): Values: -0.001159668 0.001876831 -0.0025024414
01-09 17:13:38.326 I/System.out( 8971): Time difference in secs is: 721
01-09 17:13:39.307 I/System.out( 8971): Values: 0.0020446777 2.746582E-4 -0.0025024414
01-09 17:13:39.327 I/System.out( 8971): Time difference in secs is: 721
01-09 17:13:40.318 I/System.out( 8971): Values: -0.001159668 2.746582E-4 1.6784668E-4
01-09 17:13:40.328 I/System.out( 8971): Time difference in secs is: 721
01-09 17:13:41.309 I/System.out( 8971): Values: -9.1552734E-5 -0.0018615723 1.6784668E-4
01-09 17:13:41.329 I/System.out( 8971): Time difference in secs is: 721
01-09 17:13:42.310 I/System.out( 8971): Values: 0.0015106201 -2.593994E-4 -3.6621094E-4
01-09 17:13:42.330 I/System.out( 8971): Time difference in secs is: 721
01-09 17:13:43.311 I/System.out( 8971): Values: -9.1552734E-5 0.0013427734 7.019043E-4
01-09 17:13:43.331 I/System.out( 8971): Time difference in secs is: 721
01-09 17:13:44.312 I/System.out( 8971): Values: -6.2561035E-4 0.0013427734 -3.6621094E-4
01-09 17:13:44.332 I/System.out( 8971): Time difference in secs is: 721
01-09 17:13:45.313 I/System.out( 8971): Values: -9.1552734E-5 2.746582E-4 7.019043E-4
01-09 17:13:45.333 I/System.out( 8971): Time difference in secs is: 721
01-09 17:13:46.324 I/System.out( 8971): Values: 4.4250488E-4 0.001876831 0.0017700195
01-09 17:13:46.334 I/System.out( 8971): Time difference in secs is: 721
01-09 17:13:47.325 I/System.out( 8971): Values: -0.0016937256 -0.0013275146 -3.6621094E-4
01-09 17:13:47.335 I/System.out( 8971): Time difference in secs is: 721
01-09 17:13:48.316 I/System.out( 8971): Values: 4.4250488E-4 0.003479004 0.0017700195
01-09 17:13:48.326 I/System.out( 8971): Time difference in secs is: 721
01-09 17:13:49.317 I/System.out( 8971): Values: 0.0020446777 -0.0018615723 0.0017700195
01-09 17:13:49.327 I/System.out( 8971): Time difference in secs is: 721
01-09 17:13:50.318 I/System.out( 8971): Values: 0.0020446777 0.001876831 7.019043E-4
01-09 17:13:50.338 I/System.out( 8971): Time difference in secs is: 721
01-09 17:13:51.319 I/System.out( 8971): Values: -6.2561035E-4 -7.9345703E-4 -0.0014343262
01-09 17:13:51.339 I/System.out( 8971): Time difference in secs is: 721
01-09 17:13:52.320 I/System.out( 8971): Values: -6.2561035E-4 8.087158E-4 -9.0026855E-4
01-09 17:13:52.330 I/System.out( 8971): Time difference in secs is: 721
01-09 17:13:53.320 I/System.out( 8971): Values: 4.4250488E-4 8.087158E-4 1.6784668E-4
01-09 17:13:53.341 I/System.out( 8971): Time difference in secs is: 721
01-09 17:13:54.321 I/System.out( 8971): Values: -0.0032958984 8.087158E-4 -0.0025024414
01-09 17:13:54.341 I/System.out( 8971): Time difference in secs is: 721
01-09 17:13:55.322 I/System.out( 8971): Values: 9.765625E-4 -0.0013275146 1.6784668E-4
01-09 17:13:55.332 I/System.out( 8971): Time difference in secs is: 721
01-09 17:13:56.323 I/System.out( 8971): Values: 0.0015106201 -0.0029296875 0.0023040771
01-09 17:13:56.343 I/System.out( 8971): Time difference in secs is: 721
01-09 17:13:57.324 I/System.out( 8971): Values: 4.4250488E-4 0.004547119 7.019043E-4
01-09 17:13:57.334 I/System.out( 8971): Time difference in secs is: 721
01-09 17:13:58.325 I/System.out( 8971): Values: -9.1552734E-5 2.746582E-4 1.6784668E-4
01-09 17:13:58.335 I/System.out( 8971): Time difference in secs is: 721
01-09 17:13:59.326 I/System.out( 8971): Values: -6.2561035E-4 8.087158E-4 -3.6621094E-4
01-09 17:13:59.336 I/System.out( 8971): Time difference in secs is: 721
01-09 17:13:59.997 I/ActivityManager(  512): No longer want com.google.android.apps.uploader (pid 4521): empty for 1858s
01-09 17:14:00.007 I/ActivityManager(  512): No longer want com.google.android.gallery3d (pid 4488): empty for 1858s
01-09 17:14:00.007 I/ActivityManager(  512): No longer want com.android.chrome (pid 4467): empty for 1858s
01-09 17:14:00.317 I/System.out( 8971): Values: 0.0015106201 -0.0018615723 7.019043E-4
01-09 17:14:00.317 I/System.out( 8971): Time difference in secs is: 721
01-09 17:14:01.318 I/System.out( 8971): Values: 0.0015106201 -0.0018615723 0.0017700195
01-09 17:14:01.338 I/System.out( 8971): Time difference in secs is: 721
01-09 17:14:02.319 I/System.out( 8971): Values: -0.001159668 0.0013427734 -0.0014343262
01-09 17:14:02.339 I/System.out( 8971): Time difference in secs is: 721
01-09 17:14:03.320 I/System.out( 8971): Values: 0.0015106201 -2.593994E-4 7.019043E-4
01-09 17:14:03.340 I/System.out( 8971): Time difference in secs is: 721
01-09 17:14:04.321 I/System.out( 8971): Values: -0.01878357 -0.013076782 -0.0041046143
01-09 17:14:04.341 I/System.out( 8971): Time difference in secs is: 721
01-09 17:14:05.332 I/System.out( 8971): Values: -0.0059661865 -0.011474609 0.0012359619
01-09 17:14:05.332 I/System.out( 8971): Time difference in secs is: 721
01-09 17:14:06.333 I/System.out( 8971): Values: 4.4250488E-4 0.001876831 1.6784668E-4
01-09 17:14:06.343 I/System.out( 8971): Time difference in secs is: 721
01-09 17:14:07.334 I/System.out( 8971): Values: -0.0022277832 -0.0018615723 7.019043E-4
01-09 17:14:07.334 I/System.out( 8971): Time difference in secs is: 721
01-09 17:14:08.335 I/System.out( 8971): Values: 9.765625E-4 -7.9345703E-4 0.0012359619
01-09 17:14:08.335 I/System.out( 8971): Time difference in secs is: 721
01-09 17:14:09.326 I/System.out( 8971): Values: 9.765625E-4 0.001876831 0.0012359619
01-09 17:14:09.336 I/System.out( 8971): Time difference in secs is: 721
01-09 17:14:10.327 I/System.out( 8971): Values: -0.005432129 -7.9345703E-4 7.019043E-4
01-09 17:14:10.337 I/System.out( 8971): Time difference in secs is: 721
01-09 17:14:11.328 I/System.out( 8971): Values: -0.0022277832 -0.006134033 -0.003036499
01-09 17:14:11.338 I/System.out( 8971): Time difference in secs is: 721
01-09 17:14:12.329 I/System.out( 8971): Values: -0.0027618408 -0.006134033 -0.0062408447
01-09 17:14:12.339 I/System.out( 8971): Time difference in secs is: 721
01-09 17:14:13.330 I/System.out( 8971): Values: -0.04815674 -0.050460815 -0.0697937
01-09 17:14:13.350 I/System.out( 8971): Time difference in secs is: 721
01-09 17:14:14.331 I/System.out( 8971): Values: 0.0015106201 -0.0018615723 0.08828735
01-09 17:14:14.341 I/System.out( 8971): Time difference in secs is: 721
01-09 17:14:15.332 I/System.out( 8971): Values: 0.030883789 -0.012542725 -0.019592285
01-09 17:14:15.352 I/System.out( 8971): Time difference in secs is: 721
01-09 17:14:16.183 I/EntropyMixer(  512): Writing entropy...
01-09 17:14:16.193 W/PowerUI (  585): unknown intent: Intent { act=android.intent.action.ACTION_POWER_CONNECTED flg=0x8000010 }
01-09 17:14:16.203 I/ActivityManager(  512): Start proc com.android.chrome for broadcast com.android.chrome/org.chromium.base.PowerStatusReceiver: pid=9153 uid=10009 gids={50009, 1006, 3003, 1015, 1028}
01-09 17:14:16.283 I/ActivityManager(  512): Start proc com.google.android.gallery3d for broadcast com.google.android.gallery3d/com.google.android.picasasync.BatteryReceiver: pid=9166 uid=10019 gids={50019, 1006, 3003, 1015, 1028}
01-09 17:14:16.283 I/ActivityManager(  512): No longer want com.google.android.apps.plus (pid 4546): empty for 1874s
01-09 17:14:16.333 I/System.out( 8971): Values: 0.0020446777 0.0013427734 -0.0014343262
01-09 17:14:16.333 I/System.out( 8971): Time difference in secs is: 721
01-09 17:14:16.363 E/        ( 7005): RS Message thread exiting.
01-09 17:14:16.363 E/RenderScript( 7005): rsAssert failed: !mTypes.size(), in frameworks/rs/rsType.cpp at 59
01-09 17:14:16.363 E/RenderScript( 7005): rsAssert failed: !mElements.size(), in frameworks/rs/rsElement.cpp at 375
01-09 17:14:16.373 D/dalvikvm( 9166): GC_CONCURRENT freed 332K, 4% free 8992K/9360K, paused 1ms+1ms, total 17ms
01-09 17:14:16.413 I/ActivityManager(  512): Start proc com.google.android.apps.uploader for broadcast com.google.android.apps.uploader/com.google.android.picasasync.BatteryReceiver: pid=9200 uid=10040 gids={50040, 3003, 1015, 1028}
01-09 17:14:16.413 D/UploadsManager( 9166):    wifiOnlyPhoto changed to true
01-09 17:14:16.413 D/UploadsManager( 9166):    wifiOnlyVideo changed to true
01-09 17:14:16.413 D/UploadsManager( 9166):    syncOnBattery changed to true
01-09 17:14:16.413 D/PicasaSync( 9166): sync account database
01-09 17:14:16.413 I/ActivityManager(  512): No longer want com.android.vending (pid 8710): empty for 1862s
01-09 17:14:16.423 W/ActivityManager(  512): Scheduling restart of crashed service com.android.vending/com.google.android.finsky.services.DailyHygiene in 5000ms
01-09 17:14:16.433 D/PicasaSync( 9166): accounts in DB=0
01-09 17:14:16.443 D/PicasaSyncManager( 9166): background data: true
01-09 17:14:16.453 D/PicasaSyncManager( 9166): battery info: true
01-09 17:14:16.463 I/ActivityManager(  512): Start proc com.google.android.apps.plus for broadcast com.google.android.apps.plus/.iu.InstantUploadEnvironment$BatteryReceiver: pid=9215 uid=10050 gids={50050, 3003, 3002, 1015, 1006, 1028}
01-09 17:14:16.473 D/PicasaUploader( 9200):    wifiOnlyPhoto changed to true
01-09 17:14:16.473 D/PicasaUploader( 9200):    wifiOnlyVideo changed to true
01-09 17:14:16.473 D/PicasaUploader( 9200):    syncOnBattery changed to true
01-09 17:14:16.473 D/PicasaUploaderSync( 9200): sync account database
01-09 17:14:16.483 D/dalvikvm(  178): GC_EXPLICIT freed 41K, 1% free 8863K/8944K, paused 2ms+2ms, total 20ms
01-09 17:14:16.493 D/PicasaUploaderSync( 9200): accounts in DB=0
01-09 17:14:16.493 D/PicasaUploaderSyncManager( 9200): background data: true
01-09 17:14:16.503 D/PicasaUploaderSyncManager( 9200): battery info: true
01-09 17:14:16.503 D/dalvikvm(  178): GC_EXPLICIT freed <1K, 1% free 8863K/8944K, paused 1ms+2ms, total 16ms
01-09 17:14:16.523 D/dalvikvm(  178): GC_EXPLICIT freed <1K, 1% free 8863K/8944K, paused 1ms+2ms, total 17ms
01-09 17:14:16.563 D/dalvikvm( 9215): GC_CONCURRENT freed 359K, 5% free 9017K/9412K, paused 2ms+2ms, total 22ms
01-09 17:14:16.563 D/dalvikvm( 9215): WAIT_FOR_CONCURRENT_GC blocked 11ms
