01-07 15:24:14.947 I/System.out( 6492): Time difference in secs is: 902
01-07 15:24:15.948 I/System.out( 6492): Values: 241.4316
01-07 15:24:15.948 I/System.out( 6492): Time difference in secs is: 902
01-07 15:24:16.949 I/System.out( 6492): Values: 243.70526
01-07 15:24:16.949 I/System.out( 6492): Time difference in secs is: 902
01-07 15:24:17.950 I/System.out( 6492): Values: 244.46317
01-07 15:24:17.960 I/System.out( 6492): Time difference in secs is: 902
01-07 15:24:18.951 I/System.out( 6492): Values: 245.22105
01-07 15:24:18.961 I/System.out( 6492): Time difference in secs is: 902
01-07 15:24:19.952 I/System.out( 6492): Values: 244.46317
01-07 15:24:19.962 I/System.out( 6492): Time difference in secs is: 902
01-07 15:24:20.953 I/System.out( 6492): Values: 241.59999
01-07 15:24:20.963 I/System.out( 6492): Time difference in secs is: 902
01-07 15:24:21.954 I/System.out( 6492): Values: 241.93683
01-07 15:24:21.964 I/System.out( 6492): Time difference in secs is: 902
01-07 15:24:22.965 I/System.out( 6492): Values: 245.72632
01-07 15:24:22.965 I/System.out( 6492): Time difference in secs is: 902
01-07 15:24:23.956 I/System.out( 6492): Values: 242.52632
01-07 15:24:23.956 I/System.out( 6492): Time difference in secs is: 902
01-07 15:24:24.967 I/System.out( 6492): Values: 241.85263
01-07 15:24:24.967 I/System.out( 6492): Time difference in secs is: 902
01-07 15:24:25.958 I/System.out( 6492): Values: 242.3579
01-07 15:24:25.958 I/System.out( 6492): Time difference in secs is: 902
01-07 15:24:26.959 I/System.out( 6492): Values: 244.71579
01-07 15:24:26.959 I/System.out( 6492): Time difference in secs is: 902
01-07 15:24:27.960 I/System.out( 6492): Values: 244.46317
01-07 15:24:27.980 I/System.out( 6492): Time difference in secs is: 902
01-07 15:24:28.961 I/System.out( 6492): Values: 243.70526
01-07 15:24:28.971 I/System.out( 6492): Time difference in secs is: 902
01-07 15:24:29.961 I/System.out( 6492): Values: 239.49474
01-07 15:24:29.982 I/System.out( 6492): Time difference in secs is: 902
01-07 15:24:30.972 I/System.out( 6492): Values: 243.87369
01-07 15:24:30.972 I/System.out( 6492): Time difference in secs is: 902
01-07 15:24:31.973 I/System.out( 6492): Values: 244.0421
01-07 15:24:31.973 I/System.out( 6492): Time difference in secs is: 902
01-07 15:24:32.974 I/System.out( 6492): Values: 243.95789
01-07 15:24:32.974 I/System.out( 6492): Time difference in secs is: 902
01-07 15:24:33.975 I/System.out( 6492): Values: 240.50526
01-07 15:24:33.975 I/System.out( 6492): Time difference in secs is: 902
01-07 15:24:34.966 I/System.out( 6492): Values: 241.09474
01-07 15:24:34.976 I/System.out( 6492): Time difference in secs is: 902
01-07 15:24:35.977 I/System.out( 6492): Values: 244.0421
01-07 15:24:35.977 I/System.out( 6492): Time difference in secs is: 902
01-07 15:24:36.968 I/System.out( 6492): Values: 244.21053
01-07 15:24:36.978 I/System.out( 6492): Time difference in secs is: 902
01-07 15:24:37.979 I/System.out( 6492): Values: 243.2
01-07 15:24:37.979 I/System.out( 6492): Time difference in secs is: 902
01-07 15:24:38.980 I/System.out( 6492): Values: 241.34737
01-07 15:24:38.980 I/System.out( 6492): Time difference in secs is: 902
01-07 15:24:39.981 I/System.out( 6492): Values: 241.6842
01-07 15:24:40.001 I/System.out( 6492): Time difference in secs is: 902
01-07 15:24:40.982 I/System.out( 6492): Values: 245.30525
01-07 15:24:41.002 I/System.out( 6492): Time difference in secs is: 902
01-07 15:24:41.122 D/dalvikvm(  523): GC_CONCURRENT freed 2591K, 18% free 17454K/21184K, paused 21ms+7ms, total 130ms
01-07 15:24:41.983 I/System.out( 6492): Values: 244.8
01-07 15:24:41.993 I/System.out( 6492): Time difference in secs is: 902
01-07 15:24:42.984 I/System.out( 6492): Values: 242.27367
01-07 15:24:42.984 I/System.out( 6492): Time difference in secs is: 902
01-07 15:24:43.985 I/System.out( 6492): Values: 241.6842
01-07 15:24:43.985 I/System.out( 6492): Time difference in secs is: 902
01-07 15:24:44.986 I/System.out( 6492): Values: 244.29472
01-07 15:24:44.996 I/System.out( 6492): Time difference in secs is: 902
01-07 15:24:45.987 I/System.out( 6492): Values: 245.13686
01-07 15:24:45.997 I/System.out( 6492): Time difference in secs is: 902
01-07 15:24:46.988 I/System.out( 6492): Values: 245.72632
01-07 15:24:46.998 I/System.out( 6492): Time difference in secs is: 902
01-07 15:24:47.999 I/System.out( 6492): Values: 242.52632
01-07 15:24:47.999 I/System.out( 6492): Time difference in secs is: 902
01-07 15:24:49.000 I/System.out( 6492): Values: 241.17894
01-07 15:24:49.020 I/System.out( 6492): Time difference in secs is: 902
01-07 15:24:49.070 D/dalvikvm( 6492): GC_CONCURRENT freed 381K, 5% free 9024K/9444K, paused 10ms+1ms, total 70ms
01-07 15:24:50.001 I/System.out( 6492): Values: 242.18947
01-07 15:24:50.011 I/System.out( 6492): Time difference in secs is: 902
01-07 15:24:51.002 I/System.out( 6492): Values: 244.71579
01-07 15:24:51.012 I/System.out( 6492): Time difference in secs is: 902
01-07 15:24:52.003 I/System.out( 6492): Values: 244.71579
01-07 15:24:52.013 I/System.out( 6492): Time difference in secs is: 902
01-07 15:24:53.004 I/System.out( 6492): Values: 244.54736
01-07 15:24:53.014 I/System.out( 6492): Time difference in secs is: 902
01-07 15:24:54.005 I/System.out( 6492): Values: 241.76843
01-07 15:24:54.005 I/System.out( 6492): Time difference in secs is: 902
01-07 15:24:55.006 I/System.out( 6492): Values: 241.4316
01-07 15:24:55.026 I/System.out( 6492): Time difference in secs is: 902
01-07 15:24:56.007 I/System.out( 6492): Values: 244.0421
01-07 15:24:56.017 I/System.out( 6492): Time difference in secs is: 902
01-07 15:24:57.018 I/System.out( 6492): Values: 245.4737
01-07 15:24:57.018 I/System.out( 6492): Time difference in secs is: 902
01-07 15:24:58.009 I/System.out( 6492): Values: 246.23158
01-07 15:24:58.029 I/System.out( 6492): Time difference in secs is: 902
01-07 15:24:59.020 I/System.out( 6492): Values: 245.55789
01-07 15:24:59.020 I/System.out( 6492): Time difference in secs is: 902
01-07 15:25:00.021 I/System.out( 6492): Values: 244.54736
01-07 15:25:00.031 I/System.out( 6492): Time difference in secs is: 902
01-07 15:25:01.022 I/System.out( 6492): Values: 241.6842
01-07 15:25:01.022 I/System.out( 6492): Time difference in secs is: 902
01-07 15:25:02.023 I/System.out( 6492): Values: 238.73685
01-07 15:25:02.023 I/System.out( 6492): Time difference in secs is: 902
01-07 15:25:03.024 I/System.out( 6492): Values: 324.7158
01-07 15:25:03.024 I/System.out( 6492): Time difference in secs is: 902
01-07 15:25:04.015 I/System.out( 6492): Values: 227.03159
01-07 15:25:04.015 I/System.out( 6492): Time difference in secs is: 902
01-07 15:25:05.016 I/System.out( 6492): Values: 241.76843
01-07 15:25:05.016 I/System.out( 6492): Time difference in secs is: 902
01-07 15:25:06.017 I/System.out( 6492): Values: 241.34737
01-07 15:25:06.027 I/System.out( 6492): Time difference in secs is: 902
01-07 15:25:07.018 I/System.out( 6492): Values: 244.0421
01-07 15:25:07.028 I/System.out( 6492): Time difference in secs is: 902
01-07 15:25:08.029 I/System.out( 6492): Values: 240.9263
01-07 15:25:08.039 I/System.out( 6492): Time difference in secs is: 902
01-07 15:25:09.030 I/System.out( 6492): Values: 154.61052
01-07 15:25:09.030 I/System.out( 6492): Time difference in secs is: 902
01-07 15:25:10.031 I/System.out( 6492): Values: 179.03159
01-07 15:25:10.051 I/System.out( 6492): Time difference in secs is: 902
01-07 15:25:11.042 I/System.out( 6492): Values: 244.21053
01-07 15:25:11.052 I/System.out( 6492): Time difference in secs is: 902
01-07 15:25:12.043 I/System.out( 6492): Values: 241.76843
01-07 15:25:12.043 I/System.out( 6492): Time difference in secs is: 902
01-07 15:25:13.044 I/System.out( 6492): Values: 248.58948
01-07 15:25:13.044 I/System.out( 6492): Time difference in secs is: 902
01-07 15:25:13.694 I/EntropyMixer(  523): Writing entropy...
01-07 15:25:13.714 D/PicasaSyncManager( 5384): battery info: true
01-07 15:25:13.714 W/PowerUI (  597): unknown intent: Intent { act=android.intent.action.ACTION_POWER_CONNECTED flg=0x8000010 }
01-07 15:25:13.734 D/PicasaUploaderSyncManager( 5407): battery info: true
01-07 15:25:13.744 I/ActivityManager(  523): Start proc com.google.android.youtube for broadcast com.google.android.youtube/.app.prefetch.PrefetchService$DeviceStateReceiver: pid=6626 uid=10063 gids={50063, 3003, 1015, 1006, 1028}
01-07 15:25:13.864 D/dalvikvm( 6626): GC_CONCURRENT freed 279K, 4% free 9005K/9324K, paused 1ms+2ms, total 22ms
01-07 15:25:13.954 D/dalvikvm( 6626): GC_CONCURRENT freed 280K, 4% free 9228K/9548K, paused 1ms+3ms, total 16ms
01-07 15:25:13.974 D/dalvikvm( 6626): DexOpt: --- BEGIN 'ads-1154878338.jar' (bootstrap=0) ---
01-07 15:25:14.004 D/dalvikvm( 6653): DexOpt: load 3ms, verify+opt 5ms, 144708 bytes
01-07 15:25:14.014 D/dalvikvm( 6626): DexOpt: --- END 'ads-1154878338.jar' (success) ---
01-07 15:25:14.014 D/dalvikvm( 6626): DEX prep '/data/data/com.google.android.youtube/cache/ads-1154878338.jar': unzip in 0ms, rewrite 49ms
01-07 15:25:14.034 I/System.out( 6492): Values: 241.93683
01-07 15:25:14.034 I/System.out( 6492): Time difference in secs is: 902
01-07 15:25:14.105 D/dalvikvm(  804): GC_EXPLICIT freed 171K, 5% free 9410K/9812K, paused 2ms+4ms, total 29ms
01-07 15:25:14.145 D/dalvikvm( 6626): GC_CONCURRENT freed 252K, 3% free 9425K/9704K, paused 2ms+2ms, total 26ms
01-07 15:25:14.145 I/ConversionPing( 6626): Sending ping: http://googleads.g.doubleclick.net/pagead/viewthroughconversion/1001680686/?label=8cu4CIrA3gMQrt7R3QM&muid=EmUrK9jpBXsGnFBYwt80rw
01-07 15:25:14.155 E/ConversionPing( 6626): ConversionPing could not reach the url, no conversion sent.
01-07 15:25:14.155 W/SocketClient(  175): write error (Broken pipe)
01-07 15:25:14.765 D/MtpService(  661): updating state; isCurrentUser=true, mMtpLocked=false
01-07 15:25:14.765 D/MtpService(  661): addStorageLocked 65537 /storage/emulated/0
01-07 15:25:14.765 D/MtpService(  661): updating state; isCurrentUser=true, mMtpLocked=false
01-07 15:25:14.775 D/MtpService(  661): starting MTP server in MTP mode
01-07 15:25:14.775 D/MtpService(  661): addStorageLocked 65537 /storage/emulated/0
01-07 15:25:15.035 I/System.out( 6492): Values: 242.61052
01-07 15:25:15.035 I/System.out( 6492): Time difference in secs is: 902
01-07 15:25:16.036 I/System.out( 6492): Values: 241.93683
01-07 15:25:16.036 I/System.out( 6492): Time difference in secs is: 902
01-07 15:25:16.597 D/dalvikvm(  661): GC_CONCURRENT freed 384K, 5% free 9341K/9776K, paused 3ms+3ms, total 23ms
01-07 15:25:16.717 D/dalvikvm(  523): GC_EXPLICIT freed 451K, 19% free 17321K/21184K, paused 3ms+6ms, total 82ms
01-07 15:25:17.037 I/System.out( 6492): Values: 242.10527
01-07 15:25:17.037 I/System.out( 6492): Time difference in secs is: 902
01-07 15:25:18.038 I/System.out( 6492): Values: 244.12633
01-07 15:25:18.038 I/System.out( 6492): Time difference in secs is: 902
01-07 15:25:19.039 I/System.out( 6492): Values: 245.81053
01-07 15:25:19.039 I/System.out( 6492): Time difference in secs is: 902
01-07 15:25:20.040 I/System.out( 6492): Values: 245.22105
01-07 15:25:20.050 I/System.out( 6492): Time difference in secs is: 902
01-07 15:25:21.041 I/System.out( 6492): Values: 242.02106
01-07 15:25:21.041 I/System.out( 6492): Time difference in secs is: 902
01-07 15:25:22.042 I/System.out( 6492): Values: 241.17894
01-07 15:25:22.042 I/System.out( 6492): Time difference in secs is: 902
01-07 15:25:23.043 I/System.out( 6492): Values: 241.09474
01-07 15:25:23.043 I/System.out( 6492): Time difference in secs is: 902
01-07 15:25:24.044 I/System.out( 6492): Values: 244.63156
01-07 15:25:24.044 I/System.out( 6492): Time difference in secs is: 902
01-07 15:25:25.045 I/System.out( 6492): Values: 243.70526
01-07 15:25:25.045 I/System.out( 6492): Time difference in secs is: 902
01-07 15:25:26.046 I/System.out( 6492): Values: 245.72632
01-07 15:25:26.046 I/System.out( 6492): Time difference in secs is: 902
01-07 15:25:27.047 I/System.out( 6492): Values: 244.37895
01-07 15:25:27.047 I/System.out( 6492): Time difference in secs is: 902
