--------- beginning of /dev/log/main
01-06 19:09:18.843 D/audio_hw_primary(15830): start_output_stream: enter: usecase(1: low-latency-playback) devices(0x2)
01-06 19:09:18.843 D/audio_hw_primary(15830): select_devices: out_snd_device(2: speaker) in_snd_device(0: none)
01-06 19:09:18.843 D/audio_hw_primary(15830): enable_snd_device: sending audio calibration for snd_device(2) acdb_id(14)
01-06 19:09:18.843 D/ACDB-LOADER(15830): ACDB -> send_afe_cal
01-06 19:09:18.843 D/audio_hw_primary(15830): enable_snd_device: snd_device(2: speaker)
01-06 19:09:18.853 D/audio_hw_primary(15830): enable_audio_route: apply mixer path: low-latency-playback
--------- beginning of /dev/log/system
01-06 19:09:18.853 D/PhoneStatusBar(  592): disable: < expand icons alerts ticker system_info BACK HOME recent* CLOCK search >
01-06 19:09:18.863 D/audio_hw_primary(15830): start_output_stream: exit
01-06 19:09:18.923 D/PhoneStatusBar(  592): disable: < expand icons alerts ticker system_info back* home* recent clock* search >
01-06 19:09:19.363 V/TAG     (  512): bug 7643792: fitSystemWindows([0,50][0,0])
01-06 19:09:22.096 D/audio_hw_primary(15830): out_standby: enter: usecase(1: low-latency-playback)
01-06 19:09:22.146 D/audio_hw_primary(15830): stop_output_stream: enter: usecase(1: low-latency-playback)
01-06 19:09:22.146 D/audio_hw_primary(15830): disable_audio_route: reset mixer path: low-latency-playback
01-06 19:09:22.146 D/audio_hw_primary(15830): disable_snd_device: snd_device(2: speaker)
01-06 19:09:22.156 D/audio_hw_primary(15830): stop_output_stream: exit: status(0)
01-06 19:09:22.156 D/audio_hw_primary(15830): out_standby: exit
01-06 19:09:41.445 D/AndroidRuntime(19968): 
01-06 19:09:41.445 D/AndroidRuntime(19968): >>>>>> AndroidRuntime START com.android.internal.os.RuntimeInit <<<<<<
01-06 19:09:41.445 D/AndroidRuntime(19968): CheckJNI is OFF
01-06 19:09:41.455 D/dalvikvm(19968): Trying to load lib libjavacore.so 0x0
01-06 19:09:41.455 D/dalvikvm(19968): Added shared lib libjavacore.so 0x0
01-06 19:09:41.465 D/dalvikvm(19968): Trying to load lib libnativehelper.so 0x0
01-06 19:09:41.465 D/dalvikvm(19968): Added shared lib libnativehelper.so 0x0
01-06 19:09:41.585 D/AndroidRuntime(19968): Calling main entry com.android.commands.pm.Pm
01-06 19:09:41.595 I/ActivityManager(  512): Start proc com.android.defcontainer for service com.android.defcontainer/.DefaultContainerService: pid=19982 uid=10013 gids={50013, 1015, 1023, 2001, 1028}
01-06 19:09:41.635 W/ActivityManager(  512): No content provider found for permission revoke: file:///data/local/tmp/EnergyMeasurementLight.apk
01-06 19:09:41.645 I/ActivityManager(  512): Start proc com.android.vending for broadcast com.android.vending/com.google.android.vending.verifier.PackageVerificationReceiver: pid=19995 uid=10049 gids={50049, 3003, 1015, 1028}
01-06 19:09:41.725 D/Finsky  (19995): [1] FinskyApp.onCreate: Initializing network with DFE https://android.clients.google.com/fdfe/
01-06 19:09:41.745 D/Finsky  (19995): [1] DailyHygiene.goMakeHygieneIfDirty: Dirty, need more hygiene.
01-06 19:09:41.755 D/dalvikvm(19995): GC_CONCURRENT freed 305K, 4% free 9049K/9392K, paused 2ms+2ms, total 21ms
01-06 19:09:41.785 W/Settings(19995): Setting download_manager_max_bytes_over_mobile has moved from android.provider.Settings.Secure to android.provider.Settings.Global.
01-06 19:09:41.785 W/Settings(19995): Setting download_manager_recommended_max_bytes_over_mobile has moved from android.provider.Settings.Secure to android.provider.Settings.Global.
01-06 19:09:41.795 W/Finsky  (19995): [1] FinskyApp.getCurrentAccount: No account configured on this device.
01-06 19:09:41.795 W/Finsky  (19995): [1] FinskyApp.getDfeApi: No account configured on this device.
01-06 19:09:41.795 D/Finsky  (19995): [1] PackageVerificationReceiver.checkPrerequisites: Skipping verification because network inactive
01-06 19:09:41.805 D/Finsky  (19995): [1] PackageVerificationReceiver.checkPrerequisites: Skipping verification because network inactive
01-06 19:09:41.805 W/ActivityManager(  512): No content provider found for permission revoke: file:///data/local/tmp/EnergyMeasurementLight.apk
01-06 19:09:41.805 I/PackageManager(  512): Copying native libraries to /data/app-lib/vmdl1163475246
01-06 19:09:41.805 W/PackageManager(  512): Invalid verification token 126 received
01-06 19:09:41.815 D/Finsky  (19995): [1] GmsCoreHelper.cleanupNlp: result=false type=4
01-06 19:09:41.855 I/ActivityManager(  512): Force stopping package uk.ac.st_andrews.cs.host.mk74.energymeasurement.light appid=10074 user=-1
01-06 19:09:41.995 I/PackageManager(  512): Running dexopt on: uk.ac.st_andrews.cs.host.mk74.energymeasurement.light
01-06 19:09:41.995 I/PackageManager(  512): Package uk.ac.st_andrews.cs.host.mk74.energymeasurement.light codePath changed from /data/app/uk.ac.st_andrews.cs.host.mk74.energymeasurement.light-2.apk to /data/app/uk.ac.st_andrews.cs.host.mk74.energymeasurement.light-1.apk; Retaining data and using new
01-06 19:09:42.255 D/dalvikvm(20027): DexOpt: load 43ms, verify+opt 162ms, 957308 bytes
01-06 19:09:42.296 W/PackageManager(  512): Code path for pkg : uk.ac.st_andrews.cs.host.mk74.energymeasurement.light changing from /data/app/uk.ac.st_andrews.cs.host.mk74.energymeasurement.light-2.apk to /data/app/uk.ac.st_andrews.cs.host.mk74.energymeasurement.light-1.apk
01-06 19:09:42.296 I/ActivityManager(  512): Force stopping package uk.ac.st_andrews.cs.host.mk74.energymeasurement.light appid=10074 user=-1
01-06 19:09:42.306 W/PackageManager(  512): Resource path for pkg : uk.ac.st_andrews.cs.host.mk74.energymeasurement.light changing from /data/app/uk.ac.st_andrews.cs.host.mk74.energymeasurement.light-2.apk to /data/app/uk.ac.st_andrews.cs.host.mk74.energymeasurement.light-1.apk
01-06 19:09:42.446 I/ActivityManager(  512): Force stopping package uk.ac.st_andrews.cs.host.mk74.energymeasurement.light appid=10074 user=0
01-06 19:09:42.456 W/ActivityManager(  512): Skipping broadcast of Intent { act=android.intent.action.PACKAGE_REMOVED dat=package:uk.ac.st_andrews.cs.host.mk74.energymeasurement.light flg=0x8000010 (has extras) }: user 10 is stopped
01-06 19:09:42.476 I/InputReader(  512): Reconfiguring input devices.  changes=0x00000010
01-06 19:09:42.476 I/ActivityManager(  512): Start proc android.process.acore for broadcast com.android.providers.contacts/.PackageIntentReceiver: pid=20028 uid=10000 gids={50000, 3003, 1015, 1028}
01-06 19:09:42.486 I/InputReader(  512): Reconfiguring input devices.  changes=0x00000010
01-06 19:09:42.526 D/dalvikvm(  760): GC_CONCURRENT freed 529K, 6% free 9274K/9840K, paused 1ms+2ms, total 28ms
01-06 19:09:42.526 D/dalvikvm(  760): WAIT_FOR_CONCURRENT_GC blocked 8ms
01-06 19:09:42.526 W/ActivityManager(  512): Skipping broadcast of Intent { act=android.intent.action.PACKAGE_ADDED dat=package:uk.ac.st_andrews.cs.host.mk74.energymeasurement.light flg=0x8000010 (has extras) }: user 10 is stopped
01-06 19:09:42.536 D/dalvikvm(  779): JIT code cache reset in 1 ms (1048480 bytes 1/0)
01-06 19:09:42.546 D/dalvikvm(  779): GC_CONCURRENT freed 2577K, 36% free 18904K/29412K, paused 1ms+11ms, total 52ms
01-06 19:09:42.546 W/ActivityManager(  512): Skipping broadcast of Intent { act=android.intent.action.PACKAGE_REPLACED dat=package:uk.ac.st_andrews.cs.host.mk74.energymeasurement.light flg=0x8000010 (has extras) }: user 10 is stopped
01-06 19:09:42.566 W/ActivityManager(  512): Skipping broadcast of Intent { act=android.intent.action.MY_PACKAGE_REPLACED flg=0x8000010 pkg=uk.ac.st_andrews.cs.host.mk74.energymeasurement.light (has extras) }: user 10 is stopped
01-06 19:09:42.596 D/BackupManagerService(  512): Received broadcast Intent { act=android.intent.action.PACKAGE_REMOVED dat=package:uk.ac.st_andrews.cs.host.mk74.energymeasurement.light flg=0x8000010 (has extras) }
01-06 19:09:42.616 D/BackupManagerService(  512): Received broadcast Intent { act=android.intent.action.PACKAGE_ADDED dat=package:uk.ac.st_andrews.cs.host.mk74.energymeasurement.light flg=0x8000010 (has extras) }
01-06 19:09:42.616 V/BackupManagerService(  512): removePackageParticipantsLocked: uid=10074 #1
01-06 19:09:42.616 V/BackupManagerService(  512): addPackageParticipantsLocked: #1
01-06 19:09:42.646 D/dalvikvm(20028): GC_CONCURRENT freed 223K, 3% free 9113K/9372K, paused 1ms+3ms, total 21ms
01-06 19:09:42.666 D/dalvikvm(  512): GC_EXPLICIT freed 1743K, 22% free 17310K/22024K, paused 4ms+9ms, total 106ms
01-06 19:09:42.676 D/AndroidRuntime(19968): Shutting down VM
01-06 19:09:42.676 D/jdwp    (19968): Got wake-up signal, bailing out of select
01-06 19:09:42.676 D/dalvikvm(19968): Debugger has detached; object registry had 1 entries
01-06 19:09:42.686 I/ActivityManager(  512): Start proc com.android.keychain for broadcast com.android.keychain/.KeyChainBroadcastReceiver: pid=20053 uid=1000 gids={41000, 1015, 1028, 3002, 3001, 3003, 3007}
01-06 19:09:42.716 W/ContextImpl(20053): Calling a method in the system process without a qualified user: android.app.ContextImpl.startService:1385 android.content.ContextWrapper.startService:473 android.content.ContextWrapper.startService:473 com.android.keychain.KeyChainBroadcastReceiver.onReceive:12 android.app.ActivityThread.handleReceiver:2424 
01-06 19:09:42.726 I/ActivityManager(  512): Start proc com.android.musicfx for broadcast com.android.musicfx/.Compatibility$Receiver: pid=20066 uid=10042 gids={50042, 3003, 3002, 1028}
01-06 19:09:42.746 I/ContactLocale(20028): AddressBook Labels [en_US]: [, A, B, C, D, E, F, G, H, I, J, K, L, M, N, O, P, Q, R, S, T, U, V, W, X, Y, Z, Α, Β, Γ, Δ, Ε, Ζ, Η, Θ, Ι, Κ, Λ, Μ, Ν, Ξ, Ο, Π, Ρ, Σ, Τ, Υ, Φ, Χ, Ψ, Ω, , А, Б, В, Г, Д, Е, Є, Ж, З, И, І, Ї, Й, К, Л, М, Н, О, П, Р, С, Т, У, Ф, Х, Ц, Ч, Ш, Щ, Ю, Я, , א, ב, ג, ד, ה, ו, ז, ח, ט, י, כ, ל, מ, נ, ס, ע, פ, צ, ק, ר, ש, ת, , ا, ب, ت, ث, ج, ح, خ, د, ذ, ر, ز, س, ش, ص, ض, ط, ظ, ع, غ, ف, ق, ك, ل, م, ن, ه, و, ي, , ก, ข, ฃ, ค, ฅ, ฆ, ง, จ, ฉ, ช, ซ, ฌ, ญ, ฎ, ฏ, ฐ, ฑ, ฒ, ณ, ด, ต, ถ, ท, ธ, น, บ, ป, ผ, ฝ, พ, ฟ, ภ, ม, ย, ร, ฤ, ล, ฦ, ว, ศ, ษ, ส, ห, ฬ, อ, ฮ, , ㄱ, ㄴ, ㄷ, ㄹ, ㅁ, ㅂ, ㅅ, ㅇ, ㅈ, ㅊ, ㅋ, ㅌ, ㅍ, ㅎ, , あ, か, さ, た, な, は, ま, や, ら, わ, #, ]
01-06 19:09:42.776 I/ActivityManager(  512): Start proc com.google.android.gms for broadcast com.google.android.gms/.games.receiver.GamesSystemBroadcastReceiver: pid=20081 uid=10021 gids={50021, 3003, 1007, 1028, 1015, 1006, 2001, 3006}
01-06 19:09:42.796 D/dalvikvm(  178): GC_EXPLICIT freed 40K, 1% free 8863K/8948K, paused 1ms+2ms, total 20ms
01-06 19:09:42.806 D/dalvikvm(  178): GC_EXPLICIT freed <1K, 1% free 8863K/8948K, paused 1ms+2ms, total 16ms
01-06 19:09:42.826 D/dalvikvm(  178): GC_EXPLICIT freed <1K, 1% free 8863K/8948K, paused 1ms+2ms, total 16ms
01-06 19:09:42.866 I/ActivityManager(  512): Start proc com.google.android.googlequicksearchbox for broadcast com.google.android.googlequicksearchbox/com.google.android.apps.sidekick.GmmLocationProviderImpl$GmmPackageWatcher: pid=20102 uid=10057 gids={50057, 3003, 1028, 3002, 1015}
01-06 19:09:42.886 D/dalvikvm(20081): GC_CONCURRENT freed 285K, 4% free 9009K/9332K, paused 2ms+2ms, total 26ms
01-06 19:09:42.926 D/dalvikvm(20081): No JNI_OnLoad found in /system/lib/libAppDataSearch.so 0x421762f0, skipping init
01-06 19:09:42.936 D/Icing   (20081): Init last flush num docs 53 last docstore size 14336
01-06 19:09:42.936 D/Icing   (20081): Docid map file has data, scanning...
01-06 19:09:42.936 D/Icing   (20081): Scanning /data/data/com.google.android.gms/files/AppDataSearch/main/cur/ds.docids found 119 documents, last docstore location 31488
01-06 19:09:42.936 D/Icing   (20081): File /data/data/com.google.android.gms/files/AppDataSearch/main/cur/ds.perdocdata contains 119 records of size 6
01-06 19:09:42.936 I/ActivityManager(  512): Start proc com.google.android.partnersetup for content provider com.google.android.partnersetup/.RlzAppProvider: pid=20129 uid=10026 gids={50026, 3003, 1028}
01-06 19:09:42.956 D/Icing   (20081): Corpus scoring data inited successfully num corpora 1
01-06 19:09:42.956 D/Icing   (20081): Init docstore ok num docs 119 bytes 32000
01-06 19:09:42.966 V/Icing   (20081): Lite index crc computed in 0.092ms
01-06 19:09:42.966 V/Icing   (20081): Lite index init ok in 1.862ms
01-06 19:09:42.966 D/Icing   (20081): Lite index recovered docid (52, 118]
01-06 19:09:42.966 V/Icing   (20081): Warming lite-index took 0.031ms
01-06 19:09:42.966 V/Icing   (20081): Warming lexicon took 0.031ms
01-06 19:09:42.966 V/Icing   (20081): Warming display mappings took 0.000ms
01-06 19:09:42.966 D/Icing   (20081): Init index ok num docs 119
01-06 19:09:42.966 D/Icing   (20081): Init done
01-06 19:09:42.986 D/dalvikvm(20102): GC_CONCURRENT freed 219K, 3% free 9089K/9348K, paused 4ms+2ms, total 24ms
01-06 19:09:43.006 W/GAV2    (20102): Thread[main,5,main]: Need to call initialize() and be in fallback mode to start dispatch.
01-06 19:09:43.016 I/Icing   (20081): 0 corpora need re-polling
01-06 19:09:43.076 I/PeopleDatabaseHelper(20081): cleanUpNonGplusAccounts done.
01-06 19:09:43.096 D/dalvikvm(20081): GC_CONCURRENT freed 335K, 4% free 9121K/9496K, paused 1ms+2ms, total 27ms
01-06 19:09:43.126 I/ActivityManager(  512): Start proc com.google.android.talk for broadcast com.google.android.talk/com.google.android.apps.babel.phone.PackageReplacedReceiver: pid=20178 uid=10030 gids={50030, 3003, 1015, 1006, 3002, 1028}
01-06 19:09:43.186 D/AndroidRuntime(20150): 
01-06 19:09:43.186 D/AndroidRuntime(20150): >>>>>> AndroidRuntime START com.android.internal.os.RuntimeInit <<<<<<
01-06 19:09:43.186 D/AndroidRuntime(20150): CheckJNI is OFF
01-06 19:09:43.196 D/dalvikvm(20150): Trying to load lib libjavacore.so 0x0
01-06 19:09:43.196 W/Settings(20178): Setting airplane_mode_on has moved from android.provider.Settings.System to android.provider.Settings.Global, returning read-only value.
01-06 19:09:43.206 D/dalvikvm(20150): Added shared lib libjavacore.so 0x0
01-06 19:09:43.216 D/dalvikvm(20150): Trying to load lib libnativehelper.so 0x0
01-06 19:09:43.216 D/dalvikvm(20150): Added shared lib libnativehelper.so 0x0
01-06 19:09:43.216 D/dalvikvm(20178): GC_CONCURRENT freed 347K, 5% free 9019K/9404K, paused 3ms+2ms, total 21ms
01-06 19:09:43.216 D/dalvikvm(20178): WAIT_FOR_CONCURRENT_GC blocked 11ms
01-06 19:09:43.226 D/dalvikvm(20102): GC_CONCURRENT freed 243K, 3% free 9257K/9540K, paused 3ms+2ms, total 37ms
01-06 19:09:43.287 W/GAV2    (20102): Thread[Thread-1829,5,main]: dispatch call queued.  Need to call GAServiceManager.getInstance().initialize().
01-06 19:09:43.307 I/Recovery(20081): Received: Intent { act=com.google.android.gms.INITIALIZE flg=0x10 pkg=com.google.android.gms cmp=com.google.android.gms/.recovery.AccountRecoveryBackgroundService$Receiver }
01-06 19:09:43.317 I/GCoreUlr(  710): Ensuring that reporting is stopped because of reasons: (no Google accounts)
01-06 19:09:43.317 D/GCoreFlp(  710): Unknown pending intent to remove.
01-06 19:09:43.317 I/GCoreUlr(  710): Unbound from all location providers
01-06 19:09:43.317 I/ActivityManager(  512): Start proc com.google.android.gsf.login for service com.google.android.gms/.recovery.AccountRecoveryBackgroundService: pid=20241 uid=10021 gids={50021, 3003, 1007, 1028, 1015, 1006, 2001, 3006}
01-06 19:09:43.327 D/GCM     (  821): GcmService start Intent { act=com.google.android.gms.INITIALIZE flg=0x10 pkg=com.google.android.gms cmp=com.google.android.gms/.gcm.GcmService } com.google.android.gms.INITIALIZE
01-06 19:09:43.337 D/AndroidRuntime(20150): Calling main entry com.android.commands.am.Am
01-06 19:09:43.337 D/dalvikvm(20150): Note: class Landroid/app/ActivityManagerNative; has 163 unimplemented (abstract) methods
01-06 19:09:43.347 I/ActivityManager(  512): START u0 {act=android.intent.action.MAIN cat=[android.intent.category.LAUNCHER] flg=0x10000000 cmp=uk.ac.st_andrews.cs.host.mk74.energymeasurement.light/.MainActivity} from pid 20150
01-06 19:09:43.357 D/dalvikvm(  710): GC_CONCURRENT freed 395K, 9% free 9908K/10848K, paused 11ms+2ms, total 34ms
01-06 19:09:43.357 D/AndroidRuntime(20150): Shutting down VM
01-06 19:09:43.357 D/jdwp    (20150): Got wake-up signal, bailing out of select
01-06 19:09:43.357 D/dalvikvm(20150): Debugger has detached; object registry had 1 entries
01-06 19:09:43.357 D/dalvikvm(20255): Late-enabling CheckJNI
01-06 19:09:43.357 I/ActivityManager(  512): Start proc uk.ac.st_andrews.cs.host.mk74.energymeasurement.light for activity uk.ac.st_andrews.cs.host.mk74.energymeasurement.light/.MainActivity: pid=20255 uid=10074 gids={50074, 1028}
01-06 19:09:43.377 I/Recovery(20081): Received: Intent { act=com.google.android.gms.INITIALIZE flg=0x10 pkg=com.google.android.gms cmp=com.google.android.gms/.recovery.AccountRecoveryBackgroundService$Receiver }
01-06 19:09:43.377 D/GCM     (  821): GcmService start Intent { act=com.google.android.gms.INITIALIZE flg=0x10 pkg=com.google.android.gms cmp=com.google.android.gms/.gcm.GcmService } com.google.android.gms.INITIALIZE
01-06 19:09:43.497 D/dalvikvm(  821): GC_EXPLICIT freed 204K, 6% free 9467K/9972K, paused 1ms+3ms, total 24ms
01-06 19:09:43.497 D/libEGL  (20255): loaded /system/lib/egl/libEGL_adreno200.so
01-06 19:09:43.497 D/libEGL  (20255): loaded /system/lib/egl/libGLESv1_CM_adreno200.so
01-06 19:09:43.497 D/libEGL  (20255): loaded /system/lib/egl/libGLESv2_adreno200.so
01-06 19:09:43.497 I/Adreno200-EGL(20255): <qeglDrvAPI_eglInitialize:265>: EGL 1.4 QUALCOMM Build: Iabe52cfaeae4c5fab1acacfe6f056ba15fa93274
01-06 19:09:43.537 D/OpenGLRenderer(20255): Enabling debug mode 0
01-06 19:09:43.607 I/ActivityManager(  512): Displayed uk.ac.st_andrews.cs.host.mk74.energymeasurement.light/.MainActivity: +260ms
01-06 19:09:43.637 D/dalvikvm(20028): GC_CONCURRENT freed 180K, 3% free 9356K/9576K, paused 1ms+2ms, total 15ms
01-06 19:09:43.637 D/dalvikvm(20178): GC_CONCURRENT freed 353K, 5% free 9054K/9444K, paused 2ms+1ms, total 14ms
01-06 19:09:44.448 I/System.out(20255): Values: 222.56844
01-06 19:09:44.488 W/ActivityManager(  512): Permission denied: checkComponentPermission() owningUid=10057
01-06 19:09:44.488 W/ActivityManager(  512): Permission denied: checkComponentPermission() owningUid=10057
01-06 19:09:44.498 W/ActivityManager(  512): Permission denied: checkComponentPermission() owningUid=10057
01-06 19:09:44.508 W/ActivityManager(  512): Permission denied: checkComponentPermission() owningUid=10057
01-06 19:09:44.528 W/ActivityManager(  512): Permission denied: checkComponentPermission() owningUid=10057
01-06 19:09:44.528 W/ActivityManager(  512): Permission denied: checkComponentPermission() owningUid=10057
01-06 19:09:44.538 W/ActivityManager(  512): Permission denied: checkComponentPermission() owningUid=10057
01-06 19:09:44.538 W/ActivityManager(  512): Permission denied: checkComponentPermission() owningUid=10057
01-06 19:09:44.558 W/ActivityManager(  512): Permission denied: checkComponentPermission() owningUid=10057
01-06 19:09:44.558 W/ActivityManager(  512): Permission denied: checkComponentPermission() owningUid=10057
01-06 19:09:44.568 W/ActivityManager(  512): Permission denied: checkComponentPermission() owningUid=10057
01-06 19:09:44.568 W/ActivityManager(  512): Permission denied: checkComponentPermission() owningUid=10057
01-06 19:09:44.578 D/dalvikvm(20081): GC_CONCURRENT freed 281K, 4% free 9249K/9568K, paused 2ms+1ms, total 15ms
01-06 19:09:45.449 I/System.out(20255): Values: 223.49474
01-06 19:09:46.339 D/dalvikvm(20255): Debugger has detached; object registry had 1 entries
01-06 19:09:46.440 I/System.out(20255): Values: 223.66316
01-06 19:09:46.470 D/PicasaSyncManager(18841): battery info: false
01-06 19:09:46.490 D/PicasaUploaderSyncManager(18882): battery info: false
01-06 19:09:46.510 D/dalvikvm(18882): GC_CONCURRENT freed 262K, 4% free 8988K/9288K, paused 3ms+3ms, total 20ms
01-06 19:09:47.441 I/System.out(20255): Values: 229.13683
01-06 19:09:48.011 W/GAV2    (20102): Thread[GAThread,5,main]: Service unavailable (code=1), will retry.
01-06 19:09:48.011 W/ActivityManager(  512): Unable to start service Intent { act=com.google.android.gms.analytics.service.START (has extras) } U=0: not found
01-06 19:09:48.041 I/GAV2    (20102): Thread[GAThread,5,main]: No campaign data found.
01-06 19:09:48.452 I/System.out(20255): Values: 210.27367
01-06 19:09:49.453 I/System.out(20255): Values: 235.45264
01-06 19:09:50.443 I/System.out(20255): Values: 273.93683
01-06 19:09:51.454 I/System.out(20255): Values: 213.97894
01-06 19:09:52.455 I/System.out(20255): Values: 231.32632
01-06 19:09:53.026 W/GAV2    (20102): Thread[Service Reconnect,5,main]: Service unavailable (code=1), using local store.
01-06 19:09:53.026 W/ActivityManager(  512): Unable to start service Intent { act=com.google.android.gms.analytics.service.START (has extras) } U=0: not found
01-06 19:09:53.456 I/System.out(20255): Values: 228.63159
01-06 19:09:54.457 I/System.out(20255): Values: 227.87369
01-06 19:09:55.458 I/System.out(20255): Values: 228.0421
01-06 19:09:56.459 I/System.out(20255): Values: 228.0421
01-06 19:09:57.460 I/System.out(20255): Values: 230.73685
01-06 19:09:58.131 D/dalvikvm(19995): GC_CONCURRENT freed 209K, 3% free 9251K/9500K, paused 4ms+5ms, total 43ms
01-06 19:09:58.241 D/Finsky  (19995): [1] 5.onFinished: Installation state replication succeeded.
01-06 19:09:58.461 I/System.out(20255): Values: 230.98949
01-06 19:09:59.452 I/System.out(20255): Values: 229.81052
01-06 19:10:00.453 I/System.out(20255): Values: 226.69473
01-06 19:10:01.454 I/System.out(20255): Values: 226.86316
01-06 19:10:02.455 I/System.out(20255): Values: 228.88422
01-06 19:10:03.466 I/System.out(20255): Values: 229.55789
01-06 19:10:04.467 I/System.out(20255): Values: 230.4842
01-06 19:10:05.468 I/System.out(20255): Values: 226.94737
01-06 19:10:06.459 I/System.out(20255): Values: 226.10526
01-06 19:10:07.460 I/System.out(20255): Values: 229.05263
01-06 19:10:08.471 I/System.out(20255): Values: 229.72632
01-06 19:10:09.462 I/System.out(20255): Values: 229.55789
01-06 19:10:10.473 I/System.out(20255): Values: 226.94737
01-06 19:10:11.464 I/System.out(20255): Values: 226.3579
01-06 19:10:12.465 I/System.out(20255): Values: 230.73685
01-06 19:10:13.466 I/System.out(20255): Values: 230.90526
01-06 19:10:14.477 I/System.out(20255): Values: 227.62106
01-06 19:10:15.478 I/System.out(20255): Values: 226.3579
01-06 19:10:16.479 I/System.out(20255): Values: 226.94737
01-06 19:10:17.470 I/System.out(20255): Values: 226.3579
01-06 19:10:18.481 I/System.out(20255): Values: 230.06316
01-06 19:10:19.472 I/System.out(20255): Values: 230.90526
01-06 19:10:20.483 I/System.out(20255): Values: 229.64212
01-06 19:10:21.484 I/System.out(20255): Values: 228.0421
01-06 19:10:22.485 I/System.out(20255): Values: 226.3579
01-06 19:10:23.486 I/System.out(20255): Values: 226.3579
01-06 19:10:24.487 I/System.out(20255): Values: 227.2
01-06 19:10:25.488 I/System.out(20255): Values: 230.06316
01-06 19:10:26.489 I/System.out(20255): Values: 229.81052
01-06 19:10:27.490 I/System.out(20255): Values: 229.72632
01-06 19:10:28.491 I/System.out(20255): Values: 227.87369
01-06 19:10:29.482 I/System.out(20255): Values: 226.02106
01-06 19:10:30.493 I/System.out(20255): Values: 227.9579
01-06 19:10:31.494 I/System.out(20255): Values: 229.13683
01-06 19:10:32.495 I/System.out(20255): Values: 230.3158
01-06 19:10:33.495 I/System.out(20255): Values: 229.13683
01-06 19:10:34.496 I/System.out(20255): Values: 227.78946
01-06 19:10:35.497 I/System.out(20255): Values: 225.85263
01-06 19:10:36.498 I/System.out(20255): Values: 228.0421
01-06 19:10:37.499 I/System.out(20255): Values: 229.30527
01-06 19:10:38.490 I/System.out(20255): Values: 229.89473
01-06 19:10:39.501 I/System.out(20255): Values: 229.13683
01-06 19:10:40.502 I/System.out(20255): Values: 228.37895
01-06 19:10:41.503 I/System.out(20255): Values: 226.18947
01-06 19:10:42.504 I/System.out(20255): Values: 226.61053
01-06 19:10:43.505 I/System.out(20255): Values: 229.89473
01-06 19:10:44.506 I/System.out(20255): Values: 230.82104
01-06 19:10:45.507 I/System.out(20255): Values: 229.89473
01-06 19:10:46.518 I/System.out(20255): Values: 227.03159
01-06 19:10:47.519 I/System.out(20255): Values: 226.4421
01-06 19:10:48.520 I/System.out(20255): Values: 227.87369
01-06 19:10:49.511 I/System.out(20255): Values: 228.79999
01-06 19:10:50.512 I/System.out(20255): Values: 230.90526
01-06 19:10:51.513 I/System.out(20255): Values: 230.06316
01-06 19:10:52.514 I/System.out(20255): Values: 228.37895
01-06 19:10:53.525 I/System.out(20255): Values: 228.46315
01-06 19:10:54.536 I/System.out(20255): Values: 226.86316
01-06 19:10:55.527 I/System.out(20255): Values: 228.71579
01-06 19:10:56.528 I/System.out(20255): Values: 231.32632
01-06 19:10:57.529 I/System.out(20255): Values: 230.23158
01-06 19:10:58.530 I/System.out(20255): Values: 229.30527
01-06 19:10:59.531 I/System.out(20255): Values: 226.86316
01-06 19:11:00.532 I/System.out(20255): Values: 225.93686
01-06 19:11:01.533 I/System.out(20255): Values: 228.12631
01-06 19:11:02.534 I/System.out(20255): Values: 229.97896
01-06 19:11:03.545 I/System.out(20255): Values: 231.32632
01-06 19:11:04.536 I/System.out(20255): Values: 227.11578
01-06 19:11:05.547 I/System.out(20255): Values: 226.61053
01-06 19:11:06.548 I/System.out(20255): Values: 226.86316
01-06 19:11:07.549 I/System.out(20255): Values: 228.96843
01-06 19:11:08.550 I/System.out(20255): Values: 229.72632
01-06 19:11:09.551 I/System.out(20255): Values: 228.63159
01-06 19:11:10.552 I/System.out(20255): Values: 226.10526
01-06 19:11:11.553 I/System.out(20255): Values: 226.94737
01-06 19:11:12.554 I/System.out(20255): Values: 230.23158
01-06 19:11:13.555 I/System.out(20255): Values: 230.06316
01-06 19:11:14.556 I/System.out(20255): Values: 226.69473
01-06 19:11:15.557 I/System.out(20255): Values: 227.28423
01-06 19:11:15.597 D/dalvikvm(20255): GC_CONCURRENT freed 231K, 3% free 9018K/9288K, paused 4ms+2ms, total 30ms
01-06 19:11:16.558 I/System.out(20255): Values: 228.63159
01-06 19:11:17.558 I/System.out(20255): Values: 229.97896
01-06 19:11:18.559 I/System.out(20255): Values: 228.46315
01-06 19:11:19.560 I/System.out(20255): Values: 225.93686
01-06 19:11:20.561 I/System.out(20255): Values: 227.28423
01-06 19:11:21.562 I/System.out(20255): Values: 229.47368
01-06 19:11:22.563 I/System.out(20255): Values: 230.3158
01-06 19:11:23.564 I/System.out(20255): Values: 226.61053
01-06 19:11:24.565 I/System.out(20255): Values: 227.2
01-06 19:11:25.566 I/System.out(20255): Values: 228.46315
01-06 19:11:26.567 I/System.out(20255): Values: 229.64212
01-06 19:11:27.578 I/System.out(20255): Values: 228.29475
01-06 19:11:28.569 I/System.out(20255): Values: 226.2737
01-06 19:11:29.580 I/System.out(20255): Values: 227.9579
01-06 19:11:30.571 I/System.out(20255): Values: 230.98949
01-06 19:11:31.582 I/System.out(20255): Values: 227.11578
01-06 19:11:32.573 I/System.out(20255): Values: 227.11578
01-06 19:11:33.584 I/System.out(20255): Values: 228.79999
01-06 19:11:34.585 I/System.out(20255): Values: 230.90526
01-06 19:11:35.586 I/System.out(20255): Values: 228.0421
01-06 19:11:36.587 I/System.out(20255): Values: 226.61053
01-06 19:11:37.588 I/System.out(20255): Values: 229.30527
01-06 19:11:38.589 I/System.out(20255): Values: 230.14735
01-06 19:11:39.590 I/System.out(20255): Values: 229.55789
01-06 19:11:40.581 I/System.out(20255): Values: 227.11578
01-06 19:11:41.592 I/System.out(20255): Values: 226.02106
01-06 19:11:42.593 I/System.out(20255): Values: 228.29475
01-06 19:11:43.584 I/System.out(20255): Values: 229.47368
01-06 19:11:44.585 I/System.out(20255): Values: 229.72632
01-06 19:11:45.596 I/System.out(20255): Values: 228.12631
01-06 19:11:46.597 I/System.out(20255): Values: 226.61053
01-06 19:11:47.598 I/System.out(20255): Values: 226.77893
01-06 19:11:48.599 I/System.out(20255): Values: 230.3158
01-06 19:11:49.600 I/System.out(20255): Values: 229.30527
01-06 19:11:50.601 I/System.out(20255): Values: 226.2737
01-06 19:11:51.602 I/System.out(20255): Values: 228.21053
01-06 19:11:52.603 I/System.out(20255): Values: 230.3158
01-06 19:11:53.604 I/System.out(20255): Values: 227.78946
01-06 19:11:54.605 I/System.out(20255): Values: 225.5158
01-06 19:11:55.606 I/System.out(20255): Values: 229.13683
01-06 19:11:56.607 I/System.out(20255): Values: 231.07368
01-06 19:11:57.618 I/System.out(20255): Values: 226.86316
01-06 19:11:58.619 I/System.out(20255): Values: 226.86316
01-06 19:11:59.620 I/System.out(20255): Values: 229.30527
01-06 19:12:00.620 I/System.out(20255): Values: 228.88422
01-06 19:12:01.611 I/System.out(20255): Values: 226.61053
01-06 19:12:02.612 I/System.out(20255): Values: 228.12631
01-06 19:12:03.623 I/System.out(20255): Values: 229.89473
01-06 19:12:04.624 I/System.out(20255): Values: 229.72632
01-06 19:12:05.625 I/System.out(20255): Values: 226.69473
01-06 19:12:06.626 I/System.out(20255): Values: 228.12631
01-06 19:12:07.627 I/System.out(20255): Values: 231.49472
01-06 19:12:08.628 I/System.out(20255): Values: 227.70526
01-06 19:12:09.629 I/System.out(20255): Values: 227.11578
01-06 19:12:10.620 I/System.out(20255): Values: 228.0421
01-06 19:12:11.631 I/System.out(20255): Values: 229.97896
01-06 19:12:12.632 I/System.out(20255): Values: 227.28423
01-06 19:12:13.633 I/System.out(20255): Values: 226.02106
01-06 19:12:14.634 I/System.out(20255): Values: 226.77893
01-06 19:12:15.645 I/System.out(20255): Values: 230.90526
01-06 19:12:16.646 I/System.out(20255): Values: 228.12631
01-06 19:12:17.647 I/System.out(20255): Values: 225.6842
01-06 19:12:18.648 I/System.out(20255): Values: 228.37895
01-06 19:12:19.649 I/System.out(20255): Values: 230.23158
01-06 19:12:20.650 I/System.out(20255): Values: 226.3579
01-06 19:12:21.661 I/System.out(20255): Values: 226.4421
01-06 19:12:22.662 I/System.out(20255): Values: 229.30527
01-06 19:12:23.663 I/System.out(20255): Values: 230.3158
01-06 19:12:24.664 I/System.out(20255): Values: 229.38948
01-06 19:12:25.675 I/System.out(20255): Values: 226.86316
01-06 19:12:26.676 I/System.out(20255): Values: 228.71579
01-06 19:12:27.677 I/System.out(20255): Values: 230.3158
01-06 19:12:28.678 I/System.out(20255): Values: 228.37895
01-06 19:12:29.679 I/System.out(20255): Values: 226.52632
01-06 19:12:30.680 I/System.out(20255): Values: 228.12631
01-06 19:12:31.681 I/System.out(20255): Values: 230.14735
01-06 19:12:32.682 I/System.out(20255): Values: 229.05263
01-06 19:12:33.683 I/System.out(20255): Values: 226.10526
01-06 19:12:34.684 I/System.out(20255): Values: 227.70526
01-06 19:12:35.685 I/System.out(20255): Values: 229.81052
01-06 19:12:36.686 I/System.out(20255): Values: 228.46315
01-06 19:12:37.687 I/System.out(20255): Values: 226.94737
01-06 19:12:38.688 I/System.out(20255): Values: 228.88422
01-06 19:12:39.689 I/System.out(20255): Values: 230.90526
01-06 19:12:40.690 I/System.out(20255): Values: 229.30527
01-06 19:12:41.691 I/System.out(20255): Values: 225.6
01-06 19:12:42.692 I/System.out(20255): Values: 227.70526
01-06 19:12:43.703 I/System.out(20255): Values: 229.81052
01-06 19:12:44.693 I/System.out(20255): Values: 228.96843
01-06 19:12:45.694 I/System.out(20255): Values: 226.3579
01-06 19:12:46.695 I/System.out(20255): Values: 228.88422
01-06 19:12:47.706 I/System.out(20255): Values: 230.98949
01-06 19:12:48.697 I/System.out(20255): Values: 229.97896
01-06 19:12:49.708 I/System.out(20255): Values: 225.93686
01-06 19:12:50.699 I/System.out(20255): Values: 227.70526
01-06 19:12:51.700 I/System.out(20255): Values: 229.22105
01-06 19:12:52.701 I/System.out(20255): Values: 231.32632
01-06 19:12:53.712 I/System.out(20255): Values: 228.88422
01-06 19:12:54.703 I/System.out(20255): Values: 226.02106
01-06 19:12:55.704 I/System.out(20255): Values: 226.52632
01-06 19:12:56.715 I/System.out(20255): Values: 228.63159
01-06 19:12:57.716 I/System.out(20255): Values: 230.90526
01-06 19:12:58.717 I/System.out(20255): Values: 230.82104
01-06 19:12:59.718 I/System.out(20255): Values: 226.77893
01-06 19:13:00.709 I/System.out(20255): Values: 226.69473
01-06 19:13:01.720 I/System.out(20255): Values: 226.10526
01-06 19:13:02.721 I/System.out(20255): Values: 228.54736
01-06 19:13:03.722 I/System.out(20255): Values: 228.54736
01-06 19:13:04.723 I/System.out(20255): Values: 230.23158
01-06 19:13:05.724 I/System.out(20255): Values: 229.22105
01-06 19:13:06.725 I/System.out(20255): Values: 226.86316
01-06 19:13:07.726 I/System.out(20255): Values: 226.52632
01-06 19:13:08.727 I/System.out(20255): Values: 226.4421
01-06 19:13:09.728 I/System.out(20255): Values: 228.0421
01-06 19:13:10.729 I/System.out(20255): Values: 229.13683
01-06 19:13:11.730 I/System.out(20255): Values: 230.3158
01-06 19:13:12.731 I/System.out(20255): Values: 230.23158
01-06 19:13:13.732 I/System.out(20255): Values: 227.78946
01-06 19:13:14.733 I/System.out(20255): Values: 226.4421
01-06 19:13:15.734 I/System.out(20255): Values: 226.69473
01-06 19:13:16.735 I/System.out(20255): Values: 228.29475
01-06 19:13:17.736 I/System.out(20255): Values: 229.97896
01-06 19:13:18.737 I/System.out(20255): Values: 230.06316
01-06 19:13:19.738 I/System.out(20255): Values: 228.63159
01-06 19:13:20.739 I/System.out(20255): Values: 226.10526
01-06 19:13:21.740 I/System.out(20255): Values: 227.87369
01-06 19:13:22.741 I/System.out(20255): Values: 228.29475
01-06 19:13:23.742 I/System.out(20255): Values: 229.81052
01-06 19:13:24.743 I/System.out(20255): Values: 229.72632
01-06 19:13:25.744 I/System.out(20255): Values: 229.38948
01-06 19:13:26.745 I/System.out(20255): Values: 226.2737
01-06 19:13:27.745 I/System.out(20255): Values: 226.52632
01-06 19:13:28.746 I/System.out(20255): Values: 226.2737
01-06 19:13:29.747 I/System.out(20255): Values: 227.9579
01-06 19:13:30.748 I/System.out(20255): Values: 228.0421
01-06 19:13:31.749 I/System.out(20255): Values: 229.81052
01-06 19:13:32.750 I/System.out(20255): Values: 230.82104
01-06 19:13:33.751 I/System.out(20255): Values: 229.47368
01-06 19:13:34.752 I/System.out(20255): Values: 229.47368
01-06 19:13:35.753 I/System.out(20255): Values: 229.38948
01-06 19:13:36.754 I/System.out(20255): Values: 228.29475
01-06 19:13:37.765 I/System.out(20255): Values: 227.78946
01-06 19:13:38.766 I/System.out(20255): Values: 226.61053
01-06 19:13:39.767 I/System.out(20255): Values: 226.10526
01-06 19:13:40.768 I/System.out(20255): Values: 227.11578
01-06 19:13:41.769 I/System.out(20255): Values: 227.28423
01-06 19:13:42.770 I/System.out(20255): Values: 228.88422
01-06 19:13:43.771 I/System.out(20255): Values: 229.05263
01-06 19:13:44.782 I/System.out(20255): Values: 229.97896
01-06 19:13:45.783 I/System.out(20255): Values: 231.32632
01-06 19:13:46.774 I/System.out(20255): Values: 230.90526
01-06 19:13:47.775 I/System.out(20255): Values: 231.15788
01-06 19:13:48.786 I/System.out(20255): Values: 230.06316
01-06 19:13:49.787 I/System.out(20255): Values: 230.06316
01-06 19:13:50.798 I/System.out(20255): Values: 229.22105
01-06 19:13:51.799 I/System.out(20255): Values: 227.78946
01-06 19:13:52.800 I/System.out(20255): Values: 227.11578
01-06 19:13:53.791 I/System.out(20255): Values: 226.86316
01-06 19:13:54.802 I/System.out(20255): Values: 226.69473
01-06 19:13:55.793 I/System.out(20255): Values: 227.87369
01-06 19:13:56.794 I/System.out(20255): Values: 229.47368
01-06 19:13:57.795 I/System.out(20255): Values: 230.3158
01-06 19:13:58.806 I/System.out(20255): Values: 230.06316
01-06 19:13:59.807 I/System.out(20255): Values: 229.38948
01-06 19:14:00.808 I/System.out(20255): Values: 228.88422
01-06 19:14:01.809 I/System.out(20255): Values: 227.28423
01-06 19:14:02.810 I/System.out(20255): Values: 226.10526
01-06 19:14:03.811 I/System.out(20255): Values: 226.10526
01-06 19:14:04.812 I/System.out(20255): Values: 227.78946
01-06 19:14:05.813 I/System.out(20255): Values: 228.88422
01-06 19:14:06.814 I/System.out(20255): Values: 230.3158
01-06 19:14:07.815 I/System.out(20255): Values: 229.97896
01-06 19:14:08.816 I/System.out(20255): Values: 229.89473
01-06 19:14:09.817 I/System.out(20255): Values: 231.07368
01-06 19:14:10.828 I/System.out(20255): Values: 230.73685
01-06 19:14:11.828 I/System.out(20255): Values: 231.24211
01-06 19:14:12.829 I/System.out(20255): Values: 229.22105
01-06 19:14:13.830 I/System.out(20255): Values: 229.05263
01-06 19:14:14.831 I/System.out(20255): Values: 229.64212
01-06 19:14:15.832 I/System.out(20255): Values: 228.29475
01-06 19:14:16.833 I/System.out(20255): Values: 228.21053
01-06 19:14:17.834 I/System.out(20255): Values: 226.94737
01-06 19:14:18.835 I/System.out(20255): Values: 228.21053
01-06 19:14:19.846 I/System.out(20255): Values: 226.94737
01-06 19:14:20.847 I/System.out(20255): Values: 227.2
01-06 19:14:21.858 I/System.out(20255): Values: 228.88422
01-06 19:14:22.859 I/System.out(20255): Values: 231.24211
01-06 19:14:23.860 I/System.out(20255): Values: 229.97896
01-06 19:14:24.861 I/System.out(20255): Values: 229.81052
01-06 19:14:25.862 I/System.out(20255): Values: 232.08421
01-06 19:14:25.992 D/dalvikvm(  512): GC_CONCURRENT freed 1892K, 21% free 17407K/22024K, paused 15ms+7ms, total 127ms
01-06 19:14:26.863 I/System.out(20255): Values: 231.41052
01-06 19:14:27.864 I/System.out(20255): Values: 231.74738
01-06 19:14:28.865 I/System.out(20255): Values: 231.32632
01-06 19:14:29.866 I/System.out(20255): Values: 231.41052
01-06 19:14:30.867 I/System.out(20255): Values: 229.38948
01-06 19:14:31.868 I/System.out(20255): Values: 229.47368
01-06 19:14:32.869 I/System.out(20255): Values: 229.81052
01-06 19:14:33.880 I/System.out(20255): Values: 228.88422
01-06 19:14:34.881 I/System.out(20255): Values: 228.88422
01-06 19:14:35.882 I/System.out(20255): Values: 226.77893
01-06 19:14:36.883 I/System.out(20255): Values: 228.0421
01-06 19:14:37.884 I/System.out(20255): Values: 228.29475
01-06 19:14:38.885 I/System.out(20255): Values: 227.9579
01-06 19:14:39.886 I/System.out(20255): Values: 226.3579
01-06 19:14:40.887 I/System.out(20255): Values: 226.61053
01-06 19:14:41.888 I/System.out(20255): Values: 227.2
01-06 19:14:41.958 D/dalvikvm(20255): GC_CONCURRENT freed 388K, 5% free 9016K/9444K, paused 10ms+4ms, total 57ms
01-06 19:14:42.889 I/System.out(20255): Values: 227.11578
01-06 19:14:43.890 I/System.out(20255): Values: 226.69473
01-06 19:14:44.891 I/System.out(20255): Values: 228.54736
01-06 19:14:45.892 I/System.out(20255): Values: 228.46315
01-06 19:14:46.903 I/System.out(20255): Values: 226.77893
01-06 19:14:47.894 I/System.out(20255): Values: 226.3579
01-06 19:14:48.895 I/System.out(20255): Values: 226.02106
01-06 19:14:49.906 I/System.out(20255): Values: 226.69473
01-06 19:14:50.907 I/System.out(20255): Values: 226.86316
01-06 19:14:51.908 I/System.out(20255): Values: 226.69473
01-06 19:14:52.909 I/System.out(20255): Values: 229.22105
01-06 19:14:53.910 I/System.out(20255): Values: 228.46315
01-06 19:14:54.911 I/System.out(20255): Values: 229.30527
01-06 19:14:55.912 I/System.out(20255): Values: 230.14735
01-06 19:14:56.912 I/System.out(20255): Values: 229.97896
01-06 19:14:57.913 I/System.out(20255): Values: 230.3158
01-06 19:14:58.914 I/System.out(20255): Values: 230.82104
01-06 19:14:59.915 I/System.out(20255): Values: 231.57895
01-06 19:15:00.916 I/System.out(20255): Values: 230.98949
01-06 19:15:01.477 V/DigitalWidgetViewsFactory(17600): DigitalWidget sets next alarm string to null
01-06 19:15:01.917 I/System.out(20255): Values: 230.90526
01-06 19:15:02.918 I/System.out(20255): Values: 230.82104
01-06 19:15:03.919 I/System.out(20255): Values: 231.57895
01-06 19:15:04.920 I/System.out(20255): Values: 229.55789
01-06 19:15:05.921 I/System.out(20255): Values: 230.73685
01-06 19:15:06.922 I/System.out(20255): Values: 231.24211
01-06 19:15:07.923 I/System.out(20255): Values: 230.90526
01-06 19:15:08.924 I/System.out(20255): Values: 230.73685
01-06 19:15:09.925 I/System.out(20255): Values: 230.3158
01-06 19:15:10.936 I/System.out(20255): Values: 229.64212
01-06 19:15:11.937 I/System.out(20255): Values: 229.55789
01-06 19:15:12.938 I/System.out(20255): Values: 230.3158
01-06 19:15:13.939 I/System.out(20255): Values: 229.97896
01-06 19:15:14.940 I/System.out(20255): Values: 231.07368
01-06 19:15:15.941 I/System.out(20255): Values: 231.24211
01-06 19:15:16.942 I/System.out(20255): Values: 230.90526
01-06 19:15:17.953 I/System.out(20255): Values: 231.41052
01-06 19:15:18.954 I/System.out(20255): Values: 229.89473
01-06 19:15:19.955 I/System.out(20255): Values: 229.22105
01-06 19:15:20.966 I/System.out(20255): Values: 228.21053
01-06 19:15:21.967 I/System.out(20255): Values: 227.87369
01-06 19:15:22.968 I/System.out(20255): Values: 227.28423
01-06 19:15:23.969 I/System.out(20255): Values: 227.78946
01-06 19:15:24.970 I/System.out(20255): Values: 227.2
01-06 19:15:25.961 I/System.out(20255): Values: 229.13683
01-06 19:15:26.962 I/System.out(20255): Values: 228.46315
01-06 19:15:27.963 I/System.out(20255): Values: 229.89473
01-06 19:15:28.974 I/System.out(20255): Values: 231.07368
01-06 19:15:29.975 I/System.out(20255): Values: 230.82104
01-06 19:15:30.976 I/System.out(20255): Values: 231.66316
01-06 19:15:31.977 I/System.out(20255): Values: 228.88422
01-06 19:15:32.978 I/System.out(20255): Values: 226.77893
01-06 19:15:33.979 I/System.out(20255): Values: 227.11578
01-06 19:15:34.980 I/System.out(20255): Values: 227.70526
01-06 19:15:35.991 I/System.out(20255): Values: 228.29475
01-06 19:15:36.992 I/System.out(20255): Values: 230.14735
01-06 19:15:37.983 I/System.out(20255): Values: 229.97896
01-06 19:15:38.984 I/System.out(20255): Values: 228.21053
01-06 19:15:39.995 I/System.out(20255): Values: 227.28423
01-06 19:15:40.995 I/System.out(20255): Values: 225.6842
01-06 19:15:41.996 I/System.out(20255): Values: 229.64212
01-06 19:15:42.997 I/System.out(20255): Values: 229.81052
01-06 19:15:43.998 I/System.out(20255): Values: 231.24211
01-06 19:15:44.999 I/System.out(20255): Values: 229.13683
01-06 19:15:46.000 I/System.out(20255): Values: 225.6842
01-06 19:15:47.001 I/System.out(20255): Values: 226.86316
01-06 19:15:48.002 I/System.out(20255): Values: 229.05263
01-06 19:15:49.003 I/System.out(20255): Values: 229.72632
01-06 19:15:50.004 I/System.out(20255): Values: 230.82104
01-06 19:15:51.015 I/System.out(20255): Values: 227.70526
01-06 19:15:52.016 I/System.out(20255): Values: 227.2
01-06 19:15:53.017 I/System.out(20255): Values: 228.37895
01-06 19:15:54.018 I/System.out(20255): Values: 230.23158
01-06 19:15:55.019 I/System.out(20255): Values: 230.06316
01-06 19:15:56.020 I/System.out(20255): Values: 227.9579
01-06 19:15:57.021 I/System.out(20255): Values: 227.28423
01-06 19:15:58.032 I/System.out(20255): Values: 231.49472
01-06 19:15:59.023 I/System.out(20255): Values: 226.86316
01-06 19:16:00.024 I/System.out(20255): Values: 226.52632
01-06 19:16:01.025 I/System.out(20255): Values: 229.72632
01-06 19:16:02.026 I/System.out(20255): Values: 229.55789
01-06 19:16:03.037 I/System.out(20255): Values: 225.5158
01-06 19:16:04.038 I/System.out(20255): Values: 230.23158
01-06 19:16:05.029 I/System.out(20255): Values: 229.38948
01-06 19:16:06.040 I/System.out(20255): Values: 226.94737
01-06 19:16:07.041 I/System.out(20255): Values: 228.0421
01-06 19:16:08.042 I/System.out(20255): Values: 229.05263
01-06 19:16:09.043 I/System.out(20255): Values: 226.2737
01-06 19:16:10.044 I/System.out(20255): Values: 229.30527
01-06 19:16:11.045 I/System.out(20255): Values: 229.97896
01-06 19:16:12.046 I/System.out(20255): Values: 225.43156
01-06 19:16:13.047 I/System.out(20255): Values: 229.22105
01-06 19:16:14.048 I/System.out(20255): Values: 230.90526
01-06 19:16:15.059 I/System.out(20255): Values: 226.02106
01-06 19:16:16.060 I/System.out(20255): Values: 230.23158
01-06 19:16:17.061 I/System.out(20255): Values: 227.11578
01-06 19:16:18.062 I/System.out(20255): Values: 226.2737
01-06 19:16:19.063 I/System.out(20255): Values: 230.73685
01-06 19:16:20.064 I/System.out(20255): Values: 229.38948
01-06 19:16:21.065 I/System.out(20255): Values: 226.18947
01-06 19:16:22.076 I/System.out(20255): Values: 226.69473
01-06 19:16:23.077 I/System.out(20255): Values: 230.06316
01-06 19:16:24.078 I/System.out(20255): Values: 226.61053
01-06 19:16:25.078 I/System.out(20255): Values: 227.28423
01-06 19:16:26.079 I/System.out(20255): Values: 231.24211
01-06 19:16:27.080 I/System.out(20255): Values: 229.81052
01-06 19:16:28.081 I/System.out(20255): Values: 226.4421
01-06 19:16:29.082 I/System.out(20255): Values: 229.30527
01-06 19:16:30.083 I/System.out(20255): Values: 226.61053
01-06 19:16:31.084 I/System.out(20255): Values: 225.85263
01-06 19:16:32.085 I/System.out(20255): Values: 225.17894
01-06 19:16:33.086 I/System.out(20255): Values: 228.96843
01-06 19:16:34.097 I/System.out(20255): Values: 227.87369
01-06 19:16:35.098 I/System.out(20255): Values: 226.69473
01-06 19:16:36.099 I/System.out(20255): Values: 230.3158
01-06 19:16:37.100 I/System.out(20255): Values: 228.0421
01-06 19:16:38.091 I/System.out(20255): Values: 227.28423
01-06 19:16:39.092 I/System.out(20255): Values: 229.30527
01-06 19:16:40.103 I/System.out(20255): Values: 230.73685
01-06 19:16:41.104 I/System.out(20255): Values: 226.4421
01-06 19:16:42.115 I/System.out(20255): Values: 230.3158
01-06 19:16:43.116 I/System.out(20255): Values: 228.29475
01-06 19:16:44.117 I/System.out(20255): Values: 227.03159
01-06 19:16:45.118 I/System.out(20255): Values: 229.89473
01-06 19:16:46.119 I/System.out(20255): Values: 225.85263
01-06 19:16:47.110 I/System.out(20255): Values: 229.22105
01-06 19:16:48.111 I/System.out(20255): Values: 226.2737
01-06 19:16:49.122 I/System.out(20255): Values: 229.81052
01-06 19:16:50.123 I/System.out(20255): Values: 227.11578
01-06 19:16:51.124 I/System.out(20255): Values: 228.0421
01-06 19:16:52.125 I/System.out(20255): Values: 229.55789
01-06 19:16:53.126 I/System.out(20255): Values: 226.86316
01-06 19:16:54.127 I/System.out(20255): Values: 231.07368
01-06 19:16:55.128 I/System.out(20255): Values: 227.2
01-06 19:16:56.129 I/System.out(20255): Values: 229.22105
01-06 19:16:57.120 I/System.out(20255): Values: 228.96843
01-06 19:16:58.131 I/System.out(20255): Values: 227.2
01-06 19:16:59.122 I/System.out(20255): Values: 230.14735
01-06 19:17:00.123 I/System.out(20255): Values: 227.03159
01-06 19:17:01.124 I/System.out(20255): Values: 230.73685
01-06 19:17:02.125 I/System.out(20255): Values: 228.96843
01-06 19:17:03.126 I/System.out(20255): Values: 229.47368
01-06 19:17:04.127 I/System.out(20255): Values: 227.78946
01-06 19:17:05.128 I/System.out(20255): Values: 229.89473
01-06 19:17:06.139 I/System.out(20255): Values: 229.13683
01-06 19:17:07.140 I/System.out(20255): Values: 226.86316
01-06 19:17:08.141 I/System.out(20255): Values: 229.89473
01-06 19:17:09.131 I/System.out(20255): Values: 227.2
01-06 19:17:10.132 I/System.out(20255): Values: 229.89473
01-06 19:17:11.133 I/System.out(20255): Values: 226.61053
01-06 19:17:12.144 I/System.out(20255): Values: 231.32632
01-06 19:17:13.145 I/System.out(20255): Values: 228.21053
01-06 19:17:14.146 I/System.out(20255): Values: 229.97896
01-06 19:17:15.147 I/System.out(20255): Values: 229.05263
01-06 19:17:16.148 I/System.out(20255): Values: 228.79999
01-06 19:17:17.139 I/System.out(20255): Values: 227.87369
01-06 19:17:18.140 I/System.out(20255): Values: 226.94737
01-06 19:17:19.141 I/System.out(20255): Values: 228.54736
01-06 19:17:20.152 I/System.out(20255): Values: 225.93686
01-06 19:17:21.153 I/System.out(20255): Values: 229.13683
01-06 19:17:22.154 I/System.out(20255): Values: 226.4421
01-06 19:17:23.155 I/System.out(20255): Values: 229.64212
01-06 19:17:24.156 I/System.out(20255): Values: 226.86316
01-06 19:17:25.157 I/System.out(20255): Values: 229.89473
01-06 19:17:26.168 I/System.out(20255): Values: 226.18947
01-06 19:17:27.169 I/System.out(20255): Values: 228.54736
01-06 19:17:28.170 I/System.out(20255): Values: 227.2
01-06 19:17:29.161 I/System.out(20255): Values: 230.3158
01-06 19:17:30.172 I/System.out(20255): Values: 226.02106
01-06 19:17:31.163 I/System.out(20255): Values: 229.89473
01-06 19:17:32.164 I/System.out(20255): Values: 226.4421
01-06 19:17:33.165 I/System.out(20255): Values: 229.38948
01-06 19:17:34.166 I/System.out(20255): Values: 225.43156
01-06 19:17:35.177 I/System.out(20255): Values: 230.90526
01-06 19:17:36.178 I/System.out(20255): Values: 226.2737
01-06 19:17:37.179 I/System.out(20255): Values: 229.47368
01-06 19:17:38.180 I/System.out(20255): Values: 228.29475
01-06 19:17:39.181 I/System.out(20255): Values: 230.73685
01-06 19:17:40.182 I/System.out(20255): Values: 226.69473
01-06 19:17:41.183 I/System.out(20255): Values: 230.23158
01-06 19:17:42.184 I/System.out(20255): Values: 226.69473
01-06 19:17:43.185 I/System.out(20255): Values: 229.05263
01-06 19:17:44.186 I/System.out(20255): Values: 229.38948
01-06 19:17:45.187 I/System.out(20255): Values: 229.55789
01-06 19:17:46.188 I/System.out(20255): Values: 229.64212
01-06 19:17:47.189 I/System.out(20255): Values: 226.94737
01-06 19:17:48.190 I/System.out(20255): Values: 228.37895
01-06 19:17:49.201 I/System.out(20255): Values: 228.0421
01-06 19:17:50.192 I/System.out(20255): Values: 229.72632
01-06 19:17:51.193 I/System.out(20255): Values: 230.3158
01-06 19:17:52.203 I/System.out(20255): Values: 227.11578
01-06 19:17:53.194 I/System.out(20255): Values: 230.3158
01-06 19:17:54.205 I/System.out(20255): Values: 227.03159
01-06 19:17:55.206 I/System.out(20255): Values: 227.11578
01-06 19:17:56.207 I/System.out(20255): Values: 230.06316
01-06 19:17:57.208 I/System.out(20255): Values: 227.11578
01-06 19:17:58.209 I/System.out(20255): Values: 225.34737
01-06 19:17:59.220 I/System.out(20255): Values: 229.55789
01-06 19:17:59.991 I/ActivityManager(  512): No longer want com.google.android.music:main (pid 19579): empty for 1813s
01-06 19:18:00.061 W/ActivityManager(  512): Scheduling restart of crashed service com.google.android.music/.playback.MusicPlaybackService in 5000ms
01-06 19:18:00.211 I/System.out(20255): Values: 228.37895
01-06 19:18:01.212 I/System.out(20255): Values: 226.18947
01-06 19:18:02.213 I/System.out(20255): Values: 227.03159
01-06 19:18:03.214 I/System.out(20255): Values: 230.73685
