--------- beginning of /dev/log/main
01-07 13:49:08.039 D/AndroidRuntime( 5128): 
01-07 13:49:08.039 D/AndroidRuntime( 5128): >>>>>> AndroidRuntime START com.android.internal.os.RuntimeInit <<<<<<
01-07 13:49:08.039 D/AndroidRuntime( 5128): CheckJNI is OFF
01-07 13:49:08.049 D/dalvikvm( 5128): Trying to load lib libjavacore.so 0x0
01-07 13:49:08.049 D/dalvikvm( 5128): Added shared lib libjavacore.so 0x0
01-07 13:49:08.059 D/dalvikvm( 5128): Trying to load lib libnativehelper.so 0x0
01-07 13:49:08.059 D/dalvikvm( 5128): Added shared lib libnativehelper.so 0x0
01-07 13:49:08.199 D/AndroidRuntime( 5128): Calling main entry com.android.commands.pm.Pm
01-07 13:49:08.209 D/Finsky  ( 4729): [1] PackageVerificationReceiver.checkPrerequisites: Skipping verification because network inactive
--------- beginning of /dev/log/system
01-07 13:49:08.209 W/ActivityManager(  523): No content provider found for permission revoke: file:///data/local/tmp/EnergyMeasurementMagneticField.apk
01-07 13:49:08.219 D/Finsky  ( 4729): [1] PackageVerificationReceiver.checkPrerequisites: Skipping verification because network inactive
01-07 13:49:08.219 W/ActivityManager(  523): No content provider found for permission revoke: file:///data/local/tmp/EnergyMeasurementMagneticField.apk
01-07 13:49:08.219 I/PackageManager(  523): Copying native libraries to /data/app-lib/vmdl-870155917
01-07 13:49:08.229 W/PackageManager(  523): Invalid verification token 4 received
01-07 13:49:08.259 I/ActivityManager(  523): Force stopping package uk.ac.st_andrews.cs.host.mk74.energymeasurement.magneticField appid=10073 user=-1
01-07 13:49:08.339 I/PackageManager(  523): Running dexopt on: uk.ac.st_andrews.cs.host.mk74.energymeasurement.magneticField
01-07 13:49:08.339 I/PackageManager(  523): Package uk.ac.st_andrews.cs.host.mk74.energymeasurement.magneticField codePath changed from /data/app/uk.ac.st_andrews.cs.host.mk74.energymeasurement.magneticField-2.apk to /data/app/uk.ac.st_andrews.cs.host.mk74.energymeasurement.magneticField-1.apk; Retaining data and using new
01-07 13:49:08.600 D/dalvikvm( 5143): DexOpt: load 43ms, verify+opt 162ms, 957308 bytes
01-07 13:49:08.640 W/PackageManager(  523): Code path for pkg : uk.ac.st_andrews.cs.host.mk74.energymeasurement.magneticField changing from /data/app/uk.ac.st_andrews.cs.host.mk74.energymeasurement.magneticField-2.apk to /data/app/uk.ac.st_andrews.cs.host.mk74.energymeasurement.magneticField-1.apk
01-07 13:49:08.640 I/ActivityManager(  523): Force stopping package uk.ac.st_andrews.cs.host.mk74.energymeasurement.magneticField appid=10073 user=-1
01-07 13:49:08.650 W/PackageManager(  523): Resource path for pkg : uk.ac.st_andrews.cs.host.mk74.energymeasurement.magneticField changing from /data/app/uk.ac.st_andrews.cs.host.mk74.energymeasurement.magneticField-2.apk to /data/app/uk.ac.st_andrews.cs.host.mk74.energymeasurement.magneticField-1.apk
01-07 13:49:08.770 I/ActivityManager(  523): Force stopping package uk.ac.st_andrews.cs.host.mk74.energymeasurement.magneticField appid=10073 user=0
01-07 13:49:08.790 I/InputReader(  523): Reconfiguring input devices.  changes=0x00000010
01-07 13:49:08.830 D/dalvikvm(  597): GC_EXPLICIT freed 33369K, 73% free 14510K/52288K, paused 2ms+7ms, total 58ms
01-07 13:49:08.830 W/ContextImpl( 4787): Calling a method in the system process without a qualified user: android.app.ContextImpl.startService:1385 android.content.ContextWrapper.startService:473 android.content.ContextWrapper.startService:473 com.android.keychain.KeyChainBroadcastReceiver.onReceive:12 android.app.ActivityThread.handleReceiver:2424 
01-07 13:49:08.860 W/ActivityManager(  523): Skipping broadcast of Intent { act=android.intent.action.PACKAGE_REMOVED dat=package:uk.ac.st_andrews.cs.host.mk74.energymeasurement.magneticField flg=0x8000010 (has extras) }: user 10 is stopped
01-07 13:49:08.870 I/InputReader(  523): Reconfiguring input devices.  changes=0x00000010
01-07 13:49:08.880 D/BackupManagerService(  523): Received broadcast Intent { act=android.intent.action.PACKAGE_REMOVED dat=package:uk.ac.st_andrews.cs.host.mk74.energymeasurement.magneticField flg=0x8000010 (has extras) }
01-07 13:49:08.880 W/ActivityManager(  523): Skipping broadcast of Intent { act=android.intent.action.PACKAGE_ADDED dat=package:uk.ac.st_andrews.cs.host.mk74.energymeasurement.magneticField flg=0x8000010 (has extras) }: user 10 is stopped
01-07 13:49:08.890 W/ActivityManager(  523): Skipping broadcast of Intent { act=android.intent.action.PACKAGE_REPLACED dat=package:uk.ac.st_andrews.cs.host.mk74.energymeasurement.magneticField flg=0x8000010 (has extras) }: user 10 is stopped
01-07 13:49:08.890 W/ActivityManager(  523): Skipping broadcast of Intent { act=android.intent.action.MY_PACKAGE_REPLACED flg=0x8000010 pkg=uk.ac.st_andrews.cs.host.mk74.energymeasurement.magneticField (has extras) }: user 10 is stopped
01-07 13:49:08.900 D/BackupManagerService(  523): Received broadcast Intent { act=android.intent.action.PACKAGE_ADDED dat=package:uk.ac.st_andrews.cs.host.mk74.energymeasurement.magneticField flg=0x8000010 (has extras) }
01-07 13:49:08.900 V/BackupManagerService(  523): removePackageParticipantsLocked: uid=10073 #1
01-07 13:49:08.900 V/BackupManagerService(  523): addPackageParticipantsLocked: #1
01-07 13:49:08.950 D/dalvikvm( 3351): GC_CONCURRENT freed 378K, 5% free 9276K/9700K, paused 1ms+2ms, total 17ms
01-07 13:49:08.990 D/dalvikvm(  523): GC_EXPLICIT freed 1445K, 20% free 17442K/21608K, paused 2ms+11ms, total 106ms
01-07 13:49:09.000 D/AndroidRuntime( 5128): Shutting down VM
01-07 13:49:09.000 D/jdwp    ( 5128): Got wake-up signal, bailing out of select
01-07 13:49:09.000 D/dalvikvm( 5128): Debugger has detached; object registry had 1 entries
01-07 13:49:09.060 D/dalvikvm( 4835): GC_CONCURRENT freed 300K, 4% free 9318K/9656K, paused 1ms+1ms, total 17ms
01-07 13:49:09.110 I/GCoreUlr(  711): Ensuring that reporting is stopped because of reasons: (no Google accounts)
01-07 13:49:09.140 D/dalvikvm(  711): GC_EXPLICIT freed 386K, 7% free 9855K/10584K, paused 1ms+3ms, total 29ms
01-07 13:49:09.140 D/GCoreFlp(  711): Unknown pending intent to remove.
01-07 13:49:09.140 I/GCoreUlr(  711): Unbound from all location providers
01-07 13:49:09.611 D/AndroidRuntime( 5175): 
01-07 13:49:09.611 D/AndroidRuntime( 5175): >>>>>> AndroidRuntime START com.android.internal.os.RuntimeInit <<<<<<
01-07 13:49:09.611 D/AndroidRuntime( 5175): CheckJNI is OFF
01-07 13:49:09.621 D/dalvikvm( 5175): Trying to load lib libjavacore.so 0x0
01-07 13:49:09.631 D/dalvikvm( 5175): Added shared lib libjavacore.so 0x0
01-07 13:49:09.641 D/dalvikvm( 5175): Trying to load lib libnativehelper.so 0x0
01-07 13:49:09.641 D/dalvikvm( 5175): Added shared lib libnativehelper.so 0x0
01-07 13:49:09.761 D/AndroidRuntime( 5175): Calling main entry com.android.commands.am.Am
01-07 13:49:09.761 D/dalvikvm( 5175): Note: class Landroid/app/ActivityManagerNative; has 163 unimplemented (abstract) methods
01-07 13:49:09.761 I/ActivityManager(  523): START u0 {act=android.intent.action.MAIN cat=[android.intent.category.LAUNCHER] flg=0x10000000 cmp=uk.ac.st_andrews.cs.host.mk74.energymeasurement.magneticField/.MainActivity} from pid 5175
01-07 13:49:09.851 D/dalvikvm(  523): GC_FOR_ALLOC freed 1473K, 20% free 17424K/21608K, paused 61ms, total 61ms
01-07 13:49:09.851 D/AndroidRuntime( 5175): Shutting down VM
01-07 13:49:09.861 D/jdwp    ( 5175): Got wake-up signal, bailing out of select
01-07 13:49:09.861 D/dalvikvm( 5175): Debugger has detached; object registry had 1 entries
01-07 13:49:09.861 D/dalvikvm( 5189): Late-enabling CheckJNI
01-07 13:49:09.861 I/ActivityManager(  523): Start proc uk.ac.st_andrews.cs.host.mk74.energymeasurement.magneticField for activity uk.ac.st_andrews.cs.host.mk74.energymeasurement.magneticField/.MainActivity: pid=5189 uid=10073 gids={50073, 1028}
01-07 13:49:09.951 I/AKMD2   (  210): AKMD_Release: Memory free.
01-07 13:49:10.011 D/dalvikvm( 4762): GC_CONCURRENT freed 387K, 5% free 9390K/9816K, paused 2ms+2ms, total 18ms
01-07 13:49:10.031 D/libEGL  ( 5189): loaded /system/lib/egl/libEGL_adreno200.so
01-07 13:49:10.031 D/libEGL  ( 5189): loaded /system/lib/egl/libGLESv1_CM_adreno200.so
01-07 13:49:10.031 D/libEGL  ( 5189): loaded /system/lib/egl/libGLESv2_adreno200.so
01-07 13:49:10.041 I/Adreno200-EGL( 5189): <qeglDrvAPI_eglInitialize:265>: EGL 1.4 QUALCOMM Build: Iabe52cfaeae4c5fab1acacfe6f056ba15fa93274
01-07 13:49:10.071 W/ActivityManager(  523): Permission denied: checkComponentPermission() owningUid=10057
01-07 13:49:10.071 W/ActivityManager(  523): Permission denied: checkComponentPermission() owningUid=10057
01-07 13:49:10.081 D/OpenGLRenderer( 5189): Enabling debug mode 0
01-07 13:49:10.081 W/ActivityManager(  523): Permission denied: checkComponentPermission() owningUid=10057
01-07 13:49:10.081 W/ActivityManager(  523): Permission denied: checkComponentPermission() owningUid=10057
01-07 13:49:10.091 W/ActivityManager(  523): Permission denied: checkComponentPermission() owningUid=10057
01-07 13:49:10.091 W/ActivityManager(  523): Permission denied: checkComponentPermission() owningUid=10057
01-07 13:49:10.091 W/ActivityManager(  523): Permission denied: checkComponentPermission() owningUid=10057
01-07 13:49:10.091 W/ActivityManager(  523): Permission denied: checkComponentPermission() owningUid=10057
01-07 13:49:10.111 W/ActivityManager(  523): Permission denied: checkComponentPermission() owningUid=10057
01-07 13:49:10.111 W/ActivityManager(  523): Permission denied: checkComponentPermission() owningUid=10057
01-07 13:49:10.121 W/ActivityManager(  523): Permission denied: checkComponentPermission() owningUid=10057
01-07 13:49:10.121 W/ActivityManager(  523): Permission denied: checkComponentPermission() owningUid=10057
01-07 13:49:10.151 I/ActivityManager(  523): Displayed uk.ac.st_andrews.cs.host.mk74.energymeasurement.magneticField/.MainActivity: +295ms
01-07 13:49:10.962 I/System.out( 5189): Values: -17.219543 -24.539185 -17.399597
01-07 13:49:11.963 I/System.out( 5189): Values: -17.57965 -25.19989 -16.619873
01-07 13:49:12.954 I/System.out( 5189): Values: -18.23883 -26.69983 -13.079834
01-07 13:49:13.955 I/System.out( 5189): Values: -16.079712 -25.019836 -14.93988
01-07 13:49:14.966 I/System.out( 5189): Values: -17.279053 -28.379822 -12.359619
01-07 13:49:15.026 D/dalvikvm( 5189): Debugger has detached; object registry had 1 entries
01-07 13:49:15.096 D/PicasaSyncManager( 3351): battery info: false
01-07 13:49:15.116 D/PicasaUploaderSyncManager( 3380): battery info: false
01-07 13:49:15.967 I/System.out( 5189): Values: -21.1792 -49.438477 -16.738892
01-07 13:49:16.958 I/System.out( 5189): Values: -22.738647 -56.098938 -34.13849
01-07 13:49:17.959 I/System.out( 5189): Values: -18.119812 -42.23938 -43.43872
01-07 13:49:18.960 I/System.out( 5189): Values: -2.4597168 -46.37909 -50.698853
01-07 13:49:19.971 I/System.out( 5189): Values: 1.0787964 -46.559143 -52.259827
01-07 13:49:20.972 I/System.out( 5189): Values: 2.758789 -27.2995 -37.319946
01-07 13:49:21.973 I/System.out( 5189): Values: 2.3986816 -26.638794 -37.739563
01-07 13:49:22.974 I/System.out( 5189): Values: 2.1591187 -27.418518 -37.01935
01-07 13:49:23.965 I/System.out( 5189): Values: 2.519226 -27.479553 -37.5
01-07 13:49:24.045 D/dalvikvm( 4729): GC_CONCURRENT freed 469K, 6% free 9261K/9768K, paused 3ms+4ms, total 27ms
01-07 13:49:24.135 D/Finsky  ( 4729): [1] 5.onFinished: Installation state replication succeeded.
01-07 13:49:24.976 I/System.out( 5189): Values: 2.0996094 -27.418518 -36.898804
01-07 13:49:25.977 I/System.out( 5189): Values: 2.1591187 -26.45874 -37.5
01-07 13:49:26.968 I/System.out( 5189): Values: 2.1591187 -26.998901 -37.55951
01-07 13:49:27.969 I/System.out( 5189): Values: 2.3391724 -27.23999 -37.61902
01-07 13:49:28.980 I/System.out( 5189): Values: 2.1591187 -26.879883 -37.55951
01-07 13:49:29.981 I/System.out( 5189): Values: 2.218628 -26.879883 -37.5
01-07 13:49:30.982 I/System.out( 5189): Values: 1.979065 -26.879883 -37.739563
01-07 13:49:31.982 I/System.out( 5189): Values: 1.9195557 -27.059937 -37.319946
01-07 13:49:32.983 I/System.out( 5189): Values: 2.279663 -27.178955 -37.25891
01-07 13:49:33.984 I/System.out( 5189): Values: 2.758789 -20.27893 -32.339478
01-07 13:49:34.985 I/System.out( 5189): Values: 2.8198242 -19.73877 -32.699585
01-07 13:49:35.996 I/System.out( 5189): Values: 2.758789 -20.579529 -32.87964
01-07 13:49:36.997 I/System.out( 5189): Values: 2.758789 -19.558716 -32.818604
01-07 13:49:37.998 I/System.out( 5189): Values: 2.5787354 -19.979858 -32.57904
01-07 13:49:38.999 I/System.out( 5189): Values: 2.3986816 -19.918823 -32.458496
01-07 13:49:40.000 I/System.out( 5189): Values: 2.9388428 -19.918823 -32.699585
01-07 13:49:41.001 I/System.out( 5189): Values: 2.999878 -20.039368 -32.87964
01-07 13:49:42.002 I/System.out( 5189): Values: 2.6992798 -19.859314 -32.87964
01-07 13:49:43.003 I/System.out( 5189): Values: 2.4597168 -20.219421 -32.759094
01-07 13:49:44.014 I/System.out( 5189): Values: 3.0593872 -20.098877 -32.63855
01-07 13:49:45.005 I/System.out( 5189): Values: 2.218628 -19.799805 -32.398987
01-07 13:49:46.016 I/System.out( 5189): Values: 3.1799316 -19.979858 -32.51953
01-07 13:49:47.007 I/System.out( 5189): Values: 2.8793335 -20.039368 -32.27997
01-07 13:49:48.018 I/System.out( 5189): Values: 2.5787354 -20.698547 -32.339478
01-07 13:49:49.019 I/System.out( 5189): Values: 2.6992798 -19.918823 -32.51953
01-07 13:49:50.020 I/System.out( 5189): Values: 2.999878 -20.039368 -32.87964
01-07 13:49:51.021 I/System.out( 5189): Values: 2.6397705 -20.219421 -32.63855
01-07 13:49:52.022 I/System.out( 5189): Values: 2.9388428 -20.098877 -32.87964
01-07 13:49:53.033 I/System.out( 5189): Values: 2.8198242 -20.27893 -32.159424
01-07 13:49:54.024 I/System.out( 5189): Values: 2.8198242 -20.159912 -33.239746
01-07 13:49:55.035 I/System.out( 5189): Values: 2.6397705 -20.639038 -32.939148
01-07 13:49:56.036 I/System.out( 5189): Values: 3.0593872 -20.27893 -32.51953
01-07 13:49:57.037 I/System.out( 5189): Values: 2.6397705 -19.73877 -32.63855
01-07 13:49:58.038 I/System.out( 5189): Values: 2.6992798 -20.339966 -32.818604
01-07 13:49:59.039 I/System.out( 5189): Values: 2.9388428 -20.159912 -32.63855
01-07 13:50:00.040 I/System.out( 5189): Values: 2.4597168 -20.399475 -32.51953
01-07 13:50:01.041 I/System.out( 5189): Values: 2.279663 -20.098877 -32.63855
01-07 13:50:02.042 I/System.out( 5189): Values: 2.999878 -20.098877 -32.818604
01-07 13:50:03.053 I/System.out( 5189): Values: 2.6992798 -20.219421 -32.759094
01-07 13:50:04.054 I/System.out( 5189): Values: 2.758789 -20.039368 -32.759094
01-07 13:50:05.045 I/System.out( 5189): Values: 2.6992798 -20.219421 -32.939148
01-07 13:50:06.046 I/System.out( 5189): Values: 2.6397705 -20.219421 -32.51953
01-07 13:50:07.047 I/System.out( 5189): Values: 2.6397705 -20.039368 -33.059692
01-07 13:50:08.048 I/System.out( 5189): Values: 3.239441 -20.098877 -32.398987
01-07 13:50:09.059 I/System.out( 5189): Values: 2.9388428 -20.399475 -33.059692
01-07 13:50:10.060 I/System.out( 5189): Values: 2.279663 -20.098877 -33.17871
01-07 13:50:11.061 I/System.out( 5189): Values: 2.999878 -20.458984 -32.218933
01-07 13:50:12.062 I/System.out( 5189): Values: 2.5787354 -20.458984 -31.97937
01-07 13:50:13.063 I/System.out( 5189): Values: 2.4597168 -20.039368 -32.03888
01-07 13:50:14.064 I/System.out( 5189): Values: 2.3986816 -20.039368 -32.818604
01-07 13:50:15.055 I/System.out( 5189): Values: 2.519226 -19.859314 -32.87964
01-07 13:50:16.055 I/System.out( 5189): Values: 2.9388428 -20.518494 -32.818604
01-07 13:50:17.066 I/System.out( 5189): Values: 2.758789 -19.979858 -32.699585
01-07 13:50:18.057 I/System.out( 5189): Values: 2.3986816 -20.399475 -32.57904
01-07 13:50:19.058 I/System.out( 5189): Values: 2.0996094 -20.458984 -32.759094
01-07 13:50:20.059 I/System.out( 5189): Values: 2.6397705 -19.918823 -32.998657
01-07 13:50:21.070 I/System.out( 5189): Values: 2.9388428 -20.039368 -32.818604
01-07 13:50:22.071 I/System.out( 5189): Values: 3.1188965 -20.098877 -32.339478
01-07 13:50:22.111 D/dalvikvm( 5189): GC_CONCURRENT freed 233K, 3% free 9018K/9288K, paused 3ms+2ms, total 34ms
01-07 13:50:23.072 I/System.out( 5189): Values: 2.9388428 -20.27893 -32.998657
01-07 13:50:24.073 I/System.out( 5189): Values: 2.8198242 -20.159912 -32.57904
01-07 13:50:25.084 I/System.out( 5189): Values: 2.6397705 -20.219421 -32.458496
01-07 13:50:26.075 I/System.out( 5189): Values: 2.8198242 -20.458984 -32.759094
01-07 13:50:27.076 I/System.out( 5189): Values: 2.218628 -20.219421 -33.239746
01-07 13:50:28.087 I/System.out( 5189): Values: 2.8793335 -19.859314 -33.1192
01-07 13:50:29.078 I/System.out( 5189): Values: 2.9388428 -20.27893 -32.57904
01-07 13:50:30.089 I/System.out( 5189): Values: 3.5385132 -19.918823 -32.818604
01-07 13:50:31.090 I/System.out( 5189): Values: 2.758789 -19.918823 -32.998657
01-07 13:50:32.091 I/System.out( 5189): Values: 2.9388428 -20.27893 -32.63855
01-07 13:50:33.092 I/System.out( 5189): Values: 3.0593872 -20.219421 -33.4198
01-07 13:50:34.093 I/System.out( 5189): Values: 3.3599854 -19.619751 -32.218933
01-07 13:50:35.094 I/System.out( 5189): Values: 2.6992798 -20.098877 -32.939148
01-07 13:50:36.095 I/System.out( 5189): Values: 2.8793335 -19.859314 -33.17871
01-07 13:50:37.096 I/System.out( 5189): Values: 2.758789 -20.579529 -32.818604
01-07 13:50:38.097 I/System.out( 5189): Values: 2.279663 -19.859314 -32.87964
01-07 13:50:39.098 I/System.out( 5189): Values: 2.8198242 -20.219421 -32.699585
01-07 13:50:40.099 I/System.out( 5189): Values: 2.8198242 -20.159912 -32.63855
01-07 13:50:41.100 I/System.out( 5189): Values: 2.6397705 -20.518494 -32.398987
01-07 13:50:42.101 I/System.out( 5189): Values: 3.2989502 -19.799805 -32.759094
01-07 13:50:43.102 I/System.out( 5189): Values: 2.4597168 -20.159912 -32.699585
01-07 13:50:44.113 I/System.out( 5189): Values: 2.4597168 -20.098877 -32.63855
01-07 13:50:45.114 I/System.out( 5189): Values: 2.8793335 -20.698547 -32.818604
01-07 13:50:46.115 I/System.out( 5189): Values: 2.999878 -20.159912 -33.059692
01-07 13:50:47.106 I/System.out( 5189): Values: 2.8198242 -20.399475 -32.699585
01-07 13:50:48.107 I/System.out( 5189): Values: 2.0385742 -20.159912 -32.699585
01-07 13:50:49.108 I/System.out( 5189): Values: 2.519226 -19.799805 -33.17871
01-07 13:50:50.119 I/System.out( 5189): Values: 2.1591187 -20.159912 -32.998657
01-07 13:50:51.110 I/System.out( 5189): Values: 2.5787354 -19.799805 -33.1192
01-07 13:50:52.121 I/System.out( 5189): Values: 3.1188965 -20.039368 -32.87964
01-07 13:50:53.122 I/System.out( 5189): Values: 2.6992798 -20.339966 -33.17871
01-07 13:50:54.123 I/System.out( 5189): Values: 2.5787354 -19.73877 -32.51953
01-07 13:50:55.124 I/System.out( 5189): Values: 2.3391724 -19.73877 -33.4198
01-07 13:50:56.125 I/System.out( 5189): Values: 2.8198242 -20.399475 -33.239746
01-07 13:50:57.126 I/System.out( 5189): Values: 2.519226 -20.639038 -32.939148
01-07 13:50:58.127 I/System.out( 5189): Values: 2.3986816 -20.159912 -32.87964
01-07 13:50:59.117 I/System.out( 5189): Values: 2.6397705 -20.639038 -32.699585
01-07 13:51:00.118 I/System.out( 5189): Values: 2.8198242 -19.859314 -32.57904
01-07 13:51:01.119 I/System.out( 5189): Values: 2.3986816 -20.339966 -33.059692
01-07 13:51:02.130 I/System.out( 5189): Values: 2.6397705 -20.219421 -32.87964
01-07 13:51:03.131 I/System.out( 5189): Values: 2.3391724 -19.859314 -32.759094
01-07 13:51:04.132 I/System.out( 5189): Values: 2.4597168 -20.27893 -32.759094
01-07 13:51:05.133 I/System.out( 5189): Values: 3.3599854 -20.27893 -32.939148
01-07 13:51:06.134 I/System.out( 5189): Values: 2.8793335 -19.799805 -32.57904
01-07 13:51:07.135 I/System.out( 5189): Values: 3.1188965 -20.159912 -32.63855
01-07 13:51:08.126 I/System.out( 5189): Values: 2.758789 -20.039368 -32.57904
01-07 13:51:09.137 I/System.out( 5189): Values: 2.519226 -19.67926 -32.759094
01-07 13:51:10.138 I/System.out( 5189): Values: 2.8198242 -20.159912 -33.1192
01-07 13:51:11.139 I/System.out( 5189): Values: 2.3986816 -19.918823 -33.4198
01-07 13:51:12.140 I/System.out( 5189): Values: 2.3986816 -19.73877 -32.998657
01-07 13:51:13.141 I/System.out( 5189): Values: 2.6397705 -20.219421 -32.51953
01-07 13:51:14.142 I/System.out( 5189): Values: 2.6397705 -19.799805 -32.818604
01-07 13:51:15.143 I/System.out( 5189): Values: 2.519226 -20.039368 -32.699585
01-07 13:51:16.144 I/System.out( 5189): Values: 2.8793335 -20.219421 -32.939148
01-07 13:51:17.145 I/System.out( 5189): Values: 2.758789 -20.098877 -32.63855
01-07 13:51:18.146 I/System.out( 5189): Values: 2.3391724 -20.039368 -32.03888
01-07 13:51:19.147 I/System.out( 5189): Values: 2.0385742 -19.67926 -32.998657
01-07 13:51:20.148 I/System.out( 5189): Values: 2.5787354 -20.219421 -32.57904
01-07 13:51:21.149 I/System.out( 5189): Values: 2.3986816 -19.499207 -32.818604
01-07 13:51:22.150 I/System.out( 5189): Values: 2.3391724 -19.918823 -32.818604
01-07 13:51:23.151 I/System.out( 5189): Values: 1.979065 -20.339966 -32.51953
01-07 13:51:24.152 I/System.out( 5189): Values: 2.8793335 -20.339966 -33.299255
01-07 13:51:25.153 I/System.out( 5189): Values: 2.999878 -20.27893 -32.939148
01-07 13:51:26.154 I/System.out( 5189): Values: 2.6397705 -20.27893 -32.51953
01-07 13:51:27.155 I/System.out( 5189): Values: 2.6992798 -20.159912 -32.51953
01-07 13:51:28.156 I/System.out( 5189): Values: 2.3391724 -20.039368 -33.53882
01-07 13:51:29.157 I/System.out( 5189): Values: 2.5787354 -20.339966 -32.63855
01-07 13:51:30.168 I/System.out( 5189): Values: 2.5787354 -20.458984 -32.458496
01-07 13:51:31.169 I/System.out( 5189): Values: 2.6397705 -20.098877 -32.939148
01-07 13:51:32.170 I/System.out( 5189): Values: 2.5787354 -19.67926 -32.759094
01-07 13:51:33.171 I/System.out( 5189): Values: 2.6397705 -19.799805 -32.699585
01-07 13:51:34.172 I/System.out( 5189): Values: 2.6992798 -20.27893 -32.818604
01-07 13:51:35.173 I/System.out( 5189): Values: 2.8198242 -20.219421 -32.939148
01-07 13:51:36.174 I/System.out( 5189): Values: 2.5787354 -19.859314 -32.51953
01-07 13:51:37.185 I/System.out( 5189): Values: 2.758789 -19.859314 -32.939148
01-07 13:51:38.176 I/System.out( 5189): Values: 2.6397705 -19.979858 -32.939148
01-07 13:51:39.177 I/System.out( 5189): Values: 2.8793335 -20.27893 -33.299255
01-07 13:51:40.178 I/System.out( 5189): Values: 2.1591187 -20.219421 -32.63855
01-07 13:51:41.179 I/System.out( 5189): Values: 2.758789 -19.67926 -33.059692
01-07 13:51:42.180 I/System.out( 5189): Values: 2.519226 -19.859314 -32.57904
01-07 13:51:43.180 I/System.out( 5189): Values: 2.8793335 -19.918823 -32.57904
01-07 13:51:44.181 I/System.out( 5189): Values: 2.0996094 -20.219421 -32.818604
01-07 13:51:45.182 I/System.out( 5189): Values: 2.3986816 -19.859314 -33.299255
01-07 13:51:46.183 I/System.out( 5189): Values: 2.5787354 -20.458984 -32.818604
01-07 13:51:47.184 I/System.out( 5189): Values: 2.8198242 -20.219421 -32.339478
01-07 13:51:48.185 I/System.out( 5189): Values: 2.6397705 -19.799805 -32.87964
01-07 13:51:49.186 I/System.out( 5189): Values: 2.519226 -20.339966 -32.27997
01-07 13:51:50.187 I/System.out( 5189): Values: 2.8793335 -19.859314 -32.339478
01-07 13:51:51.188 I/System.out( 5189): Values: 2.519226 -19.73877 -32.818604
01-07 13:51:52.189 I/System.out( 5189): Values: 2.5787354 -19.859314 -33.1192
01-07 13:51:53.190 I/System.out( 5189): Values: 2.6397705 -20.159912 -32.759094
01-07 13:51:54.191 I/System.out( 5189): Values: 2.6992798 -19.73877 -32.998657
01-07 13:51:55.192 I/System.out( 5189): Values: 2.5787354 -20.579529 -33.059692
01-07 13:51:56.193 I/System.out( 5189): Values: 2.3986816 -19.73877 -32.63855
01-07 13:51:57.194 I/System.out( 5189): Values: 2.218628 -19.859314 -32.699585
01-07 13:51:58.195 I/System.out( 5189): Values: 2.6397705 -20.039368 -33.1192
01-07 13:51:59.196 I/System.out( 5189): Values: 2.8793335 -20.339966 -32.939148
01-07 13:52:00.197 I/System.out( 5189): Values: 3.239441 -19.799805 -33.059692
01-07 13:52:01.198 I/System.out( 5189): Values: 2.9388428 -20.159912 -32.759094
01-07 13:52:02.199 I/System.out( 5189): Values: 2.4597168 -20.098877 -33.1192
01-07 13:52:03.200 I/System.out( 5189): Values: 2.8198242 -20.27893 -33.17871
01-07 13:52:04.201 I/System.out( 5189): Values: 2.279663 -19.859314 -32.818604
01-07 13:52:05.202 I/System.out( 5189): Values: 2.6992798 -19.73877 -33.17871
01-07 13:52:06.213 I/System.out( 5189): Values: 2.4597168 -20.039368 -32.759094
01-07 13:52:07.204 I/System.out( 5189): Values: 2.519226 -19.859314 -33.599854
01-07 13:52:08.205 I/System.out( 5189): Values: 2.9388428 -20.098877 -32.57904
01-07 13:52:09.206 I/System.out( 5189): Values: 2.3391724 -20.458984 -32.398987
01-07 13:52:10.207 I/System.out( 5189): Values: 2.6992798 -20.039368 -32.87964
01-07 13:52:11.208 I/System.out( 5189): Values: 2.4597168 -19.859314 -32.87964
01-07 13:52:12.209 I/System.out( 5189): Values: 2.8793335 -20.098877 -32.998657
01-07 13:52:13.210 I/System.out( 5189): Values: 2.0385742 -20.339966 -32.63855
01-07 13:52:14.211 I/System.out( 5189): Values: 2.6397705 -19.918823 -32.939148
01-07 13:52:15.212 I/System.out( 5189): Values: 2.519226 -20.339966 -33.358765
01-07 13:52:16.213 I/System.out( 5189): Values: 2.218628 -20.159912 -33.059692
01-07 13:52:17.214 I/System.out( 5189): Values: 2.8198242 -19.979858 -32.939148
01-07 13:52:18.225 I/System.out( 5189): Values: 2.4597168 -20.039368 -32.998657
01-07 13:52:19.226 I/System.out( 5189): Values: 2.519226 -20.159912 -33.358765
01-07 13:52:20.217 I/System.out( 5189): Values: 2.5787354 -20.039368 -32.27997
01-07 13:52:21.218 I/System.out( 5189): Values: 2.5787354 -20.098877 -32.51953
01-07 13:52:22.219 I/System.out( 5189): Values: 2.3391724 -19.619751 -32.27997
01-07 13:52:23.220 I/System.out( 5189): Values: 2.758789 -19.73877 -32.87964
01-07 13:52:24.231 I/System.out( 5189): Values: 2.999878 -19.979858 -32.339478
01-07 13:52:25.232 I/System.out( 5189): Values: 2.3986816 -19.859314 -33.4198
01-07 13:52:26.232 I/System.out( 5189): Values: 2.4597168 -19.918823 -32.87964
01-07 13:52:27.233 I/System.out( 5189): Values: 2.758789 -20.039368 -33.239746
01-07 13:52:28.234 I/System.out( 5189): Values: 2.3986816 -20.159912 -32.939148
01-07 13:52:29.225 I/System.out( 5189): Values: 2.758789 -20.518494 -32.998657
01-07 13:52:30.226 I/System.out( 5189): Values: 2.9388428 -20.219421 -33.17871
01-07 13:52:31.227 I/System.out( 5189): Values: 2.758789 -19.979858 -32.458496
01-07 13:52:32.228 I/System.out( 5189): Values: 3.1188965 -20.098877 -32.63855
01-07 13:52:33.239 I/System.out( 5189): Values: 2.4597168 -20.219421 -32.818604
01-07 13:52:34.240 I/System.out( 5189): Values: 2.519226 -20.039368 -33.299255
01-07 13:52:35.241 I/System.out( 5189): Values: 2.279663 -19.979858 -33.059692
01-07 13:52:36.242 I/System.out( 5189): Values: 2.4597168 -19.979858 -32.63855
01-07 13:52:37.243 I/System.out( 5189): Values: 2.6397705 -19.499207 -33.17871
01-07 13:52:38.244 I/System.out( 5189): Values: 2.8793335 -20.27893 -32.759094
01-07 13:52:39.245 I/System.out( 5189): Values: 2.3391724 -19.979858 -32.339478
01-07 13:52:40.246 I/System.out( 5189): Values: 1.9195557 -20.399475 -33.239746
01-07 13:52:41.247 I/System.out( 5189): Values: 2.279663 -19.859314 -33.059692
01-07 13:52:42.248 I/System.out( 5189): Values: 2.6992798 -20.219421 -32.939148
01-07 13:52:43.249 I/System.out( 5189): Values: 2.999878 -19.979858 -32.57904
01-07 13:52:44.250 I/System.out( 5189): Values: 2.519226 -19.979858 -32.458496
01-07 13:52:45.251 I/System.out( 5189): Values: 2.5787354 -19.439697 -33.059692
01-07 13:52:46.262 I/System.out( 5189): Values: 2.6397705 -19.918823 -32.998657
01-07 13:52:47.263 I/System.out( 5189): Values: 2.3986816 -19.67926 -32.398987
01-07 13:52:48.254 I/System.out( 5189): Values: 3.1799316 -19.799805 -32.699585
01-07 13:52:49.255 I/System.out( 5189): Values: 2.3986816 -20.27893 -32.998657
01-07 13:52:50.256 I/System.out( 5189): Values: 2.519226 -19.799805 -32.87964
01-07 13:52:51.257 I/System.out( 5189): Values: 2.0996094 -19.67926 -33.239746
01-07 13:52:52.268 I/System.out( 5189): Values: 2.3391724 -20.219421 -32.57904
01-07 13:52:53.259 I/System.out( 5189): Values: 2.6397705 -20.039368 -32.699585
01-07 13:52:54.260 I/System.out( 5189): Values: 2.758789 -20.458984 -32.398987
01-07 13:52:55.261 I/System.out( 5189): Values: 2.3391724 -19.859314 -32.818604
01-07 13:52:56.262 I/System.out( 5189): Values: 2.279663 -19.619751 -32.759094
01-07 13:52:57.263 I/System.out( 5189): Values: 2.1591187 -20.159912 -33.059692
01-07 13:52:58.264 I/System.out( 5189): Values: 2.519226 -19.918823 -32.63855
01-07 13:52:59.265 I/System.out( 5189): Values: 2.8793335 -19.439697 -32.57904
01-07 13:53:00.266 I/System.out( 5189): Values: 2.6397705 -19.499207 -32.339478
01-07 13:53:01.267 I/System.out( 5189): Values: 2.1591187 -19.979858 -33.358765
01-07 13:53:02.268 I/System.out( 5189): Values: 2.3986816 -19.259644 -32.939148
01-07 13:53:03.269 I/System.out( 5189): Values: 2.9388428 -19.979858 -32.63855
01-07 13:53:04.270 I/System.out( 5189): Values: 2.6397705 -20.039368 -32.759094
01-07 13:53:05.271 I/System.out( 5189): Values: 2.519226 -20.219421 -33.1192
01-07 13:53:06.272 I/System.out( 5189): Values: 2.758789 -20.098877 -32.27997
01-07 13:53:07.273 I/System.out( 5189): Values: 2.279663 -20.27893 -32.939148
01-07 13:53:08.284 I/System.out( 5189): Values: 2.9388428 -20.219421 -32.63855
01-07 13:53:09.274 I/System.out( 5189): Values: 2.6397705 -20.399475 -32.998657
01-07 13:53:10.275 I/System.out( 5189): Values: 2.5787354 -20.098877 -33.299255
01-07 13:53:11.276 I/System.out( 5189): Values: 2.6397705 -20.098877 -32.87964
01-07 13:53:12.277 I/System.out( 5189): Values: 2.519226 -19.499207 -32.939148
01-07 13:53:13.278 I/System.out( 5189): Values: 2.8198242 -19.73877 -32.87964
01-07 13:53:14.279 I/System.out( 5189): Values: 2.519226 -20.098877 -32.939148
01-07 13:53:15.280 I/System.out( 5189): Values: 2.758789 -20.27893 -32.51953
01-07 13:53:16.281 I/System.out( 5189): Values: 2.3391724 -19.67926 -32.818604
01-07 13:53:17.292 I/System.out( 5189): Values: 2.279663 -19.799805 -32.939148
01-07 13:53:18.293 I/System.out( 5189): Values: 2.758789 -20.339966 -32.818604
01-07 13:53:19.294 I/System.out( 5189): Values: 2.3391724 -19.918823 -32.57904
01-07 13:53:20.295 I/System.out( 5189): Values: 2.9388428 -20.159912 -32.759094
01-07 13:53:21.296 I/System.out( 5189): Values: 2.6397705 -19.619751 -33.17871
01-07 13:53:22.297 I/System.out( 5189): Values: 2.218628 -19.558716 -33.1192
01-07 13:53:23.298 I/System.out( 5189): Values: 2.3391724 -19.979858 -33.239746
01-07 13:53:24.299 I/System.out( 5189): Values: 2.519226 -20.219421 -33.47931
01-07 13:53:24.359 D/dalvikvm( 5189): GC_CONCURRENT freed 388K, 5% free 9017K/9444K, paused 6ms+1ms, total 51ms
01-07 13:53:25.300 I/System.out( 5189): Values: 2.8793335 -20.039368 -32.699585
01-07 13:53:26.311 I/System.out( 5189): Values: 2.8198242 -20.518494 -33.47931
01-07 13:53:27.312 I/System.out( 5189): Values: 2.6397705 -20.219421 -32.759094
01-07 13:53:28.313 I/System.out( 5189): Values: 2.3986816 -19.73877 -32.818604
01-07 13:53:29.304 I/System.out( 5189): Values: 2.6992798 -20.159912 -32.939148
01-07 13:53:30.305 I/System.out( 5189): Values: 2.6397705 -20.27893 -32.57904
01-07 13:53:31.306 I/System.out( 5189): Values: 2.6397705 -20.159912 -32.699585
01-07 13:53:32.307 I/System.out( 5189): Values: 2.519226 -19.918823 -32.939148
01-07 13:53:33.308 I/System.out( 5189): Values: 2.3986816 -19.859314 -32.759094
01-07 13:53:34.319 I/System.out( 5189): Values: 2.758789 -19.979858 -32.818604
01-07 13:53:35.310 I/System.out( 5189): Values: 2.6397705 -19.859314 -33.1192
01-07 13:53:36.311 I/System.out( 5189): Values: 2.8793335 -20.039368 -32.939148
01-07 13:53:37.322 I/System.out( 5189): Values: 2.999878 -20.098877 -32.87964
01-07 13:53:38.323 I/System.out( 5189): Values: 2.279663 -20.098877 -33.059692
01-07 13:53:39.324 I/System.out( 5189): Values: 2.5787354 -20.039368 -33.059692
01-07 13:53:40.325 I/System.out( 5189): Values: 2.519226 -19.67926 -32.57904
01-07 13:53:41.316 I/System.out( 5189): Values: 2.0996094 -20.039368 -32.51953
01-07 13:53:42.317 I/System.out( 5189): Values: 2.4597168 -19.67926 -32.998657
01-07 13:53:43.328 I/System.out( 5189): Values: 2.519226 -19.799805 -33.299255
01-07 13:53:44.329 I/System.out( 5189): Values: 2.6992798 -20.219421 -32.998657
01-07 13:53:45.330 I/System.out( 5189): Values: 2.5787354 -20.098877 -32.63855
01-07 13:53:46.331 I/System.out( 5189): Values: 2.3391724 -20.039368 -32.818604
01-07 13:53:47.332 I/System.out( 5189): Values: 2.5787354 -19.918823 -32.87964
01-07 13:53:48.343 I/System.out( 5189): Values: 2.218628 -19.918823 -32.939148
01-07 13:53:49.344 I/System.out( 5189): Values: 2.4597168 -19.619751 -32.939148
01-07 13:53:50.345 I/System.out( 5189): Values: 2.758789 -20.039368 -32.699585
01-07 13:53:51.336 I/System.out( 5189): Values: 2.758789 -19.859314 -32.63855
01-07 13:53:52.336 I/System.out( 5189): Values: 3.0593872 -20.159912 -32.099915
01-07 13:53:53.347 I/System.out( 5189): Values: 2.6397705 -20.159912 -32.939148
01-07 13:53:54.338 I/System.out( 5189): Values: 2.6397705 -20.27893 -32.03888
01-07 13:53:55.349 I/System.out( 5189): Values: 2.6992798 -20.159912 -32.759094
01-07 13:53:56.350 I/System.out( 5189): Values: 2.758789 -19.918823 -32.818604
01-07 13:53:57.351 I/System.out( 5189): Values: 2.758789 -20.039368 -32.998657
01-07 13:53:58.352 I/System.out( 5189): Values: 2.999878 -20.579529 -32.458496
01-07 13:53:59.353 I/System.out( 5189): Values: 3.2989502 -20.339966 -32.759094
01-07 13:54:00.354 I/System.out( 5189): Values: 2.5787354 -19.67926 -32.57904
01-07 13:54:01.355 I/System.out( 5189): Values: 3.239441 -20.579529 -32.759094
01-07 13:54:02.356 I/System.out( 5189): Values: 2.6397705 -20.27893 -32.63855
01-07 13:54:03.357 I/System.out( 5189): Values: 2.4597168 -19.619751 -32.458496
01-07 13:54:04.358 I/System.out( 5189): Values: 2.999878 -19.979858 -33.059692
01-07 13:54:05.359 I/System.out( 5189): Values: 3.239441 -19.67926 -32.818604
01-07 13:54:06.360 I/System.out( 5189): Values: 2.6397705 -19.979858 -32.699585
01-07 13:54:07.361 I/System.out( 5189): Values: 2.9388428 -20.27893 -32.458496
01-07 13:54:08.362 I/System.out( 5189): Values: 2.5787354 -19.918823 -32.099915
01-07 13:54:09.363 I/System.out( 5189): Values: 2.5787354 -20.27893 -32.759094
01-07 13:54:10.364 I/System.out( 5189): Values: 2.758789 -19.73877 -32.51953
01-07 13:54:11.375 I/System.out( 5189): Values: 2.4597168 -20.159912 -32.998657
01-07 13:54:12.366 I/System.out( 5189): Values: 2.8198242 -20.399475 -32.63855
01-07 13:54:13.367 I/System.out( 5189): Values: 3.1799316 -20.159912 -32.27997
01-07 13:54:14.368 I/System.out( 5189): Values: 2.3391724 -20.399475 -33.059692
01-07 13:54:15.369 I/System.out( 5189): Values: 2.3986816 -19.67926 -32.458496
01-07 13:54:16.380 I/System.out( 5189): Values: 2.279663 -19.558716 -33.059692
01-07 13:54:17.381 I/System.out( 5189): Values: 2.5787354 -20.399475 -32.458496
01-07 13:54:18.382 I/System.out( 5189): Values: 2.6992798 -20.098877 -32.458496
01-07 13:54:19.383 I/System.out( 5189): Values: 2.6992798 -20.098877 -32.57904
01-07 13:54:20.384 I/System.out( 5189): Values: 2.9388428 -20.159912 -32.218933
01-07 13:54:21.385 I/System.out( 5189): Values: 2.999878 -20.039368 -33.059692
01-07 13:54:22.376 I/System.out( 5189): Values: 2.9388428 -19.979858 -32.939148
01-07 13:54:23.377 I/System.out( 5189): Values: 2.6397705 -20.698547 -32.51953
01-07 13:54:24.378 I/System.out( 5189): Values: 2.5787354 -20.219421 -32.818604
01-07 13:54:25.379 I/System.out( 5189): Values: 2.758789 -19.799805 -32.87964
01-07 13:54:26.380 I/System.out( 5189): Values: 3.2989502 -20.159912 -33.239746
01-07 13:54:27.381 I/System.out( 5189): Values: 2.8793335 -19.799805 -32.759094
01-07 13:54:28.392 I/System.out( 5189): Values: 2.279663 -19.799805 -32.57904
01-07 13:54:29.393 I/System.out( 5189): Values: 2.3391724 -20.399475 -33.239746
01-07 13:54:30.384 I/System.out( 5189): Values: 2.8793335 -19.73877 -32.818604
01-07 13:54:31.395 I/System.out( 5189): Values: 2.9388428 -20.039368 -33.059692
01-07 13:54:32.386 I/System.out( 5189): Values: 2.8793335 -20.27893 -32.759094
01-07 13:54:33.397 I/System.out( 5189): Values: 2.5787354 -20.039368 -32.57904
01-07 13:54:34.388 I/System.out( 5189): Values: 2.999878 -19.918823 -33.059692
01-07 13:54:35.388 I/System.out( 5189): Values: 2.3986816 -19.918823 -32.57904
01-07 13:54:36.389 I/System.out( 5189): Values: 2.8198242 -19.799805 -32.27997
01-07 13:54:37.390 I/System.out( 5189): Values: 2.6397705 -19.859314 -32.339478
01-07 13:54:38.401 I/System.out( 5189): Values: 2.8793335 -20.339966 -32.87964
01-07 13:54:39.402 I/System.out( 5189): Values: 2.8793335 -20.159912 -32.398987
01-07 13:54:40.403 I/System.out( 5189): Values: 2.758789 -20.399475 -32.398987
01-07 13:54:41.404 I/System.out( 5189): Values: 2.3986816 -19.859314 -32.699585
01-07 13:54:42.395 I/System.out( 5189): Values: 2.5787354 -20.219421 -32.699585
01-07 13:54:43.406 I/System.out( 5189): Values: 2.6992798 -19.979858 -32.699585
01-07 13:54:44.397 I/System.out( 5189): Values: 3.1799316 -20.458984 -32.27997
01-07 13:54:45.398 I/System.out( 5189): Values: 2.1591187 -20.219421 -32.759094
01-07 13:54:46.409 I/System.out( 5189): Values: 2.3391724 -19.558716 -32.759094
01-07 13:54:47.410 I/System.out( 5189): Values: 2.9388428 -20.339966 -32.458496
01-07 13:54:48.411 I/System.out( 5189): Values: 2.4597168 -20.339966 -32.51953
01-07 13:54:49.422 I/System.out( 5189): Values: 3.239441 -20.219421 -32.398987
01-07 13:54:50.423 I/System.out( 5189): Values: 2.5787354 -20.098877 -32.57904
01-07 13:54:51.414 I/System.out( 5189): Values: 2.8198242 -20.27893 -32.998657
01-07 13:54:52.415 I/System.out( 5189): Values: 2.8793335 -19.918823 -32.87964
01-07 13:54:53.416 I/System.out( 5189): Values: 3.0593872 -19.799805 -32.759094
01-07 13:54:54.427 I/System.out( 5189): Values: 2.6992798 -20.039368 -32.63855
01-07 13:54:55.428 I/System.out( 5189): Values: 2.519226 -19.73877 -31.97937
01-07 13:54:56.419 I/System.out( 5189): Values: 2.758789 -20.098877 -32.87964
01-07 13:54:57.430 I/System.out( 5189): Values: 2.3391724 -19.859314 -32.818604
01-07 13:54:58.431 I/System.out( 5189): Values: 2.8198242 -20.039368 -32.27997
01-07 13:54:59.432 I/System.out( 5189): Values: 2.8198242 -19.73877 -32.818604
01-07 13:55:00.433 I/System.out( 5189): Values: 3.0593872 -20.039368 -32.458496
01-07 13:55:01.434 I/System.out( 5189): Values: 2.279663 -19.979858 -32.939148
01-07 13:55:02.435 I/System.out( 5189): Values: 2.8793335 -20.219421 -32.57904
01-07 13:55:03.436 I/System.out( 5189): Values: 2.8198242 -20.219421 -32.818604
01-07 13:55:04.437 I/System.out( 5189): Values: 2.5787354 -20.27893 -32.699585
01-07 13:55:05.438 I/System.out( 5189): Values: 2.6397705 -20.399475 -32.51953
01-07 13:55:06.429 I/System.out( 5189): Values: 2.999878 -20.219421 -32.339478
01-07 13:55:07.440 I/System.out( 5189): Values: 3.1188965 -19.859314 -32.759094
01-07 13:55:08.441 I/System.out( 5189): Values: 3.2989502 -20.339966 -32.339478
01-07 13:55:09.442 I/System.out( 5189): Values: 2.999878 -20.458984 -32.63855
01-07 13:55:10.443 I/System.out( 5189): Values: 2.6397705 -20.039368 -32.818604
01-07 13:55:11.444 I/System.out( 5189): Values: 2.279663 -20.458984 -32.699585
01-07 13:55:12.445 I/System.out( 5189): Values: 2.9388428 -19.859314 -32.759094
01-07 13:55:13.456 I/System.out( 5189): Values: 3.1188965 -20.27893 -32.818604
01-07 13:55:14.457 I/System.out( 5189): Values: 2.8793335 -19.859314 -32.159424
01-07 13:55:15.448 I/System.out( 5189): Values: 2.6397705 -20.339966 -32.458496
01-07 13:55:16.459 I/System.out( 5189): Values: 2.1591187 -20.458984 -32.87964
01-07 13:55:17.450 I/System.out( 5189): Values: 2.519226 -19.799805 -32.87964
01-07 13:55:18.450 I/System.out( 5189): Values: 2.6992798 -19.918823 -32.699585
01-07 13:55:19.461 I/System.out( 5189): Values: 3.1188965 -19.859314 -32.87964
01-07 13:55:20.462 I/System.out( 5189): Values: 2.8793335 -20.098877 -32.218933
01-07 13:55:21.463 I/System.out( 5189): Values: 2.6397705 -20.399475 -33.059692
01-07 13:55:22.454 I/System.out( 5189): Values: 2.5787354 -20.759583 -33.17871
01-07 13:55:23.455 I/System.out( 5189): Values: 2.999878 -20.098877 -32.27997
01-07 13:55:24.466 I/System.out( 5189): Values: 3.4194946 -20.219421 -32.759094
01-07 13:55:25.467 I/System.out( 5189): Values: 3.1799316 -19.918823 -32.458496
01-07 13:55:26.468 I/System.out( 5189): Values: 2.6397705 -20.039368 -33.17871
01-07 13:55:27.469 I/System.out( 5189): Values: 2.758789 -20.098877 -33.059692
01-07 13:55:28.470 I/System.out( 5189): Values: 2.6992798 -19.979858 -33.059692
01-07 13:55:29.471 I/System.out( 5189): Values: 2.8198242 -19.859314 -32.27997
01-07 13:55:30.472 I/System.out( 5189): Values: 2.4597168 -20.098877 -32.339478
01-07 13:55:31.473 I/System.out( 5189): Values: 2.8793335 -19.799805 -32.818604
01-07 13:55:32.474 I/System.out( 5189): Values: 2.6992798 -20.159912 -32.57904
01-07 13:55:33.475 I/System.out( 5189): Values: 2.6992798 -20.458984 -32.998657
01-07 13:55:34.476 I/System.out( 5189): Values: 2.8793335 -19.859314 -32.458496
01-07 13:55:35.487 I/System.out( 5189): Values: 2.758789 -20.219421 -32.759094
01-07 13:55:36.478 I/System.out( 5189): Values: 2.8793335 -20.518494 -32.51953
01-07 13:55:37.489 I/System.out( 5189): Values: 2.6397705 -20.098877 -32.339478
01-07 13:55:38.480 I/System.out( 5189): Values: 3.239441 -20.339966 -32.57904
01-07 13:55:39.491 I/System.out( 5189): Values: 2.6992798 -20.399475 -33.059692
01-07 13:55:40.492 I/System.out( 5189): Values: 2.5787354 -20.458984 -32.87964
01-07 13:55:41.493 I/System.out( 5189): Values: 3.0593872 -19.918823 -32.759094
01-07 13:55:42.494 I/System.out( 5189): Values: 2.999878 -20.159912 -32.699585
01-07 13:55:43.485 I/System.out( 5189): Values: 3.239441 -20.159912 -32.27997
01-07 13:55:44.496 I/System.out( 5189): Values: 2.5787354 -20.039368 -32.51953
01-07 13:55:45.497 I/System.out( 5189): Values: 2.8793335 -20.339966 -32.57904
01-07 13:55:46.498 I/System.out( 5189): Values: 2.6992798 -19.918823 -32.87964
01-07 13:55:47.499 I/System.out( 5189): Values: 2.8793335 -20.579529 -32.699585
01-07 13:55:48.500 I/System.out( 5189): Values: 2.6992798 -20.518494 -32.759094
01-07 13:55:49.501 I/System.out( 5189): Values: 2.4597168 -20.098877 -32.87964
01-07 13:55:50.502 I/System.out( 5189): Values: 2.758789 -20.27893 -33.1192
01-07 13:55:51.503 I/System.out( 5189): Values: 2.8793335 -19.979858 -32.939148
01-07 13:55:52.504 I/System.out( 5189): Values: 2.758789 -20.759583 -33.059692
01-07 13:55:53.515 I/System.out( 5189): Values: 2.519226 -19.918823 -32.939148
01-07 13:55:54.506 I/System.out( 5189): Values: 2.999878 -20.159912 -32.458496
01-07 13:55:55.507 I/System.out( 5189): Values: 2.758789 -20.339966 -33.059692
01-07 13:55:56.518 I/System.out( 5189): Values: 2.8198242 -20.039368 -32.57904
01-07 13:55:57.519 I/System.out( 5189): Values: 3.1188965 -19.979858 -32.63855
01-07 13:55:58.510 I/System.out( 5189): Values: 2.8198242 -20.098877 -32.998657
01-07 13:55:59.521 I/System.out( 5189): Values: 3.1188965 -19.67926 -32.57904
01-07 13:56:00.522 I/System.out( 5189): Values: 2.5787354 -19.799805 -32.87964
01-07 13:56:01.523 I/System.out( 5189): Values: 2.758789 -20.219421 -32.759094
01-07 13:56:02.523 I/System.out( 5189): Values: 3.1799316 -20.219421 -32.998657
01-07 13:56:03.524 I/System.out( 5189): Values: 2.1591187 -19.619751 -32.218933
01-07 13:56:04.525 I/System.out( 5189): Values: 2.999878 -19.859314 -32.939148
01-07 13:56:05.526 I/System.out( 5189): Values: 2.758789 -20.458984 -32.759094
01-07 13:56:06.527 I/System.out( 5189): Values: 2.519226 -19.799805 -33.059692
01-07 13:56:07.528 I/System.out( 5189): Values: 2.3391724 -19.859314 -32.51953
01-07 13:56:08.529 I/System.out( 5189): Values: 2.0385742 -19.979858 -32.939148
01-07 13:56:09.530 I/System.out( 5189): Values: 2.8198242 -19.73877 -33.059692
01-07 13:56:10.531 I/System.out( 5189): Values: 2.8198242 -20.159912 -32.818604
01-07 13:56:11.532 I/System.out( 5189): Values: 2.4597168 -20.039368 -32.51953
01-07 13:56:12.533 I/System.out( 5189): Values: 2.758789 -20.039368 -32.339478
01-07 13:56:13.534 I/System.out( 5189): Values: 2.999878 -19.918823 -32.818604
01-07 13:56:14.525 I/System.out( 5189): Values: 2.4597168 -19.918823 -33.239746
01-07 13:56:15.536 I/System.out( 5189): Values: 3.2989502 -20.399475 -32.63855
01-07 13:56:16.537 I/System.out( 5189): Values: 2.9388428 -20.27893 -32.63855
01-07 13:56:17.548 I/System.out( 5189): Values: 2.758789 -20.098877 -32.51953
01-07 13:56:18.549 I/System.out( 5189): Values: 2.5787354 -20.159912 -32.939148
01-07 13:56:19.540 I/System.out( 5189): Values: 2.4597168 -19.979858 -32.939148
01-07 13:56:20.551 I/System.out( 5189): Values: 2.8793335 -19.979858 -32.63855
01-07 13:56:21.552 I/System.out( 5189): Values: 2.218628 -20.098877 -32.63855
01-07 13:56:22.553 I/System.out( 5189): Values: 2.3986816 -20.458984 -32.818604
01-07 13:56:23.554 I/System.out( 5189): Values: 2.279663 -20.219421 -32.51953
01-07 13:56:24.555 I/System.out( 5189): Values: 2.3391724 -19.979858 -32.759094
01-07 13:56:25.546 I/System.out( 5189): Values: 2.8793335 -20.219421 -32.818604
01-07 13:56:26.557 I/System.out( 5189): Values: 2.5787354 -19.799805 -33.1192
01-07 13:56:26.617 D/dalvikvm( 5189): GC_CONCURRENT freed 390K, 5% free 9015K/9444K, paused 13ms+2ms, total 62ms
01-07 13:56:27.558 I/System.out( 5189): Values: 2.5787354 -19.73877 -32.939148
01-07 13:56:28.559 I/System.out( 5189): Values: 2.8793335 -20.098877 -32.57904
01-07 13:56:29.560 I/System.out( 5189): Values: 2.9388428 -20.159912 -32.699585
01-07 13:56:30.561 I/System.out( 5189): Values: 3.0593872 -19.558716 -32.939148
01-07 13:56:31.562 I/System.out( 5189): Values: 2.218628 -20.098877 -33.17871
01-07 13:56:32.563 I/System.out( 5189): Values: 2.758789 -19.799805 -32.759094
01-07 13:56:33.564 I/System.out( 5189): Values: 2.4597168 -19.73877 -32.759094
01-07 13:56:34.555 I/System.out( 5189): Values: 2.519226 -20.399475 -32.998657
01-07 13:56:35.566 I/System.out( 5189): Values: 2.6397705 -20.339966 -32.57904
01-07 13:56:36.567 I/System.out( 5189): Values: 2.6397705 -20.159912 -32.87964
01-07 13:56:37.568 I/System.out( 5189): Values: 2.5787354 -19.799805 -32.87964
01-07 13:56:38.569 I/System.out( 5189): Values: 2.999878 -19.918823 -32.87964
01-07 13:56:39.570 I/System.out( 5189): Values: 2.519226 -20.098877 -32.998657
01-07 13:56:40.571 I/System.out( 5189): Values: 2.0996094 -20.518494 -32.699585
01-07 13:56:41.572 I/System.out( 5189): Values: 2.218628 -20.159912 -32.87964
01-07 13:56:42.573 I/System.out( 5189): Values: 2.519226 -20.27893 -32.63855
01-07 13:56:43.584 I/System.out( 5189): Values: 2.5787354 -20.039368 -32.699585
01-07 13:56:44.575 I/System.out( 5189): Values: 2.3391724 -19.558716 -32.339478
01-07 13:56:45.575 I/System.out( 5189): Values: 2.218628 -20.098877 -33.1192
01-07 13:56:46.586 I/System.out( 5189): Values: 3.0593872 -20.219421 -32.998657
01-07 13:56:47.577 I/System.out( 5189): Values: 2.6992798 -20.159912 -33.1192
01-07 13:56:48.578 I/System.out( 5189): Values: 2.8793335 -19.979858 -33.299255
01-07 13:56:49.579 I/System.out( 5189): Values: 2.758789 -20.579529 -32.51953
01-07 13:56:50.580 I/System.out( 5189): Values: 2.758789 -20.27893 -32.759094
01-07 13:56:51.591 I/System.out( 5189): Values: 2.5787354 -19.619751 -33.1192
01-07 13:56:52.592 I/System.out( 5189): Values: 2.8793335 -20.159912 -32.939148
01-07 13:56:53.593 I/System.out( 5189): Values: 2.218628 -20.039368 -32.57904
01-07 13:56:54.584 I/System.out( 5189): Values: 2.8198242 -19.73877 -32.63855
01-07 13:56:55.595 I/System.out( 5189): Values: 2.6992798 -20.039368 -32.818604
01-07 13:56:56.586 I/System.out( 5189): Values: 2.8793335 -20.098877 -32.51953
01-07 13:56:57.587 I/System.out( 5189): Values: 2.6397705 -19.499207 -32.339478
01-07 13:56:58.598 I/System.out( 5189): Values: 2.8793335 -20.098877 -32.398987
01-07 13:56:59.599 I/System.out( 5189): Values: 2.758789 -19.67926 -32.63855
01-07 13:57:00.600 I/System.out( 5189): Values: 2.8793335 -19.979858 -33.4198
01-07 13:57:01.601 I/System.out( 5189): Values: 2.999878 -20.039368 -32.63855
01-07 13:57:02.602 I/System.out( 5189): Values: 3.1799316 -19.67926 -32.939148
01-07 13:57:03.603 I/System.out( 5189): Values: 3.1188965 -19.558716 -32.759094
01-07 13:57:04.594 I/System.out( 5189): Values: 3.0593872 -19.619751 -32.63855
01-07 13:57:05.605 I/System.out( 5189): Values: 2.4597168 -19.67926 -32.27997
01-07 13:57:06.606 I/System.out( 5189): Values: 2.9388428 -19.799805 -32.699585
01-07 13:57:07.607 I/System.out( 5189): Values: 3.1799316 -19.799805 -33.299255
01-07 13:57:08.608 I/System.out( 5189): Values: 2.999878 -19.859314 -32.63855
01-07 13:57:09.609 I/System.out( 5189): Values: 3.3599854 -20.039368 -32.939148
01-07 13:57:10.610 I/System.out( 5189): Values: 2.3986816 -20.219421 -32.339478
01-07 13:57:11.611 I/System.out( 5189): Values: 3.2989502 -20.098877 -33.358765
01-07 13:57:12.612 I/System.out( 5189): Values: 3.2989502 -19.979858 -32.699585
01-07 13:57:13.613 I/System.out( 5189): Values: 2.5787354 -20.039368 -32.57904
01-07 13:57:14.604 I/System.out( 5189): Values: 2.8793335 -19.558716 -32.159424
01-07 13:57:15.605 I/System.out( 5189): Values: 2.5787354 -20.098877 -32.339478
01-07 13:57:16.616 I/System.out( 5189): Values: 2.758789 -20.039368 -33.059692
01-07 13:57:17.617 I/System.out( 5189): Values: 2.758789 -19.558716 -32.699585
01-07 13:57:18.618 I/System.out( 5189): Values: 2.519226 -19.918823 -32.87964
01-07 13:57:19.619 I/System.out( 5189): Values: 2.9388428 -19.73877 -32.87964
01-07 13:57:20.620 I/System.out( 5189): Values: 2.5787354 -19.979858 -32.759094
01-07 13:57:21.621 I/System.out( 5189): Values: 2.8198242 -19.859314 -33.1192
01-07 13:57:22.622 I/System.out( 5189): Values: 2.758789 -20.039368 -32.818604
01-07 13:57:23.623 I/System.out( 5189): Values: 2.4597168 -19.979858 -32.57904
01-07 13:57:24.634 I/System.out( 5189): Values: 2.758789 -19.859314 -32.398987
01-07 13:57:25.635 I/System.out( 5189): Values: 3.1799316 -19.918823 -32.759094
01-07 13:57:26.636 I/System.out( 5189): Values: 3.0593872 -20.219421 -33.059692
