01-07 14:17:51.270 I/System.out( 5189): Values: 2.519226 -19.799805 -32.218933
01-07 14:17:52.281 I/System.out( 5189): Values: 2.999878 -20.219421 -31.559753
01-07 14:17:53.282 I/System.out( 5189): Values: 2.6397705 -19.918823 -32.03888
01-07 14:17:54.283 I/System.out( 5189): Values: 2.8198242 -20.458984 -32.099915
01-07 14:17:55.284 I/System.out( 5189): Values: 2.4597168 -20.159912 -31.97937
01-07 14:17:56.275 I/System.out( 5189): Values: 2.519226 -19.859314 -31.799316
01-07 14:17:57.286 I/System.out( 5189): Values: 2.3986816 -19.918823 -31.858826
01-07 14:17:58.287 I/System.out( 5189): Values: 2.6992798 -20.518494 -32.458496
01-07 14:17:59.288 I/System.out( 5189): Values: 1.9195557 -20.039368 -31.97937
01-07 14:18:00.289 I/System.out( 5189): Values: 2.999878 -20.698547 -32.099915
01-07 14:18:01.290 I/System.out( 5189): Values: 2.9388428 -20.399475 -31.739807
01-07 14:18:02.291 I/System.out( 5189): Values: 2.5787354 -20.098877 -31.799316
01-07 14:18:03.292 I/System.out( 5189): Values: 2.5787354 -20.098877 -32.51953
01-07 14:18:04.293 I/System.out( 5189): Values: 2.758789 -19.799805 -31.619263
01-07 14:18:05.294 I/System.out( 5189): Values: 2.4597168 -20.039368 -32.218933
01-07 14:18:06.285 I/System.out( 5189): Values: 2.5787354 -20.27893 -32.51953
01-07 14:18:07.296 I/System.out( 5189): Values: 2.5787354 -19.799805 -32.63855
01-07 14:18:08.297 I/System.out( 5189): Values: 1.9195557 -20.27893 -31.91986
01-07 14:18:09.298 I/System.out( 5189): Values: 2.5787354 -19.979858 -31.799316
01-07 14:18:10.299 I/System.out( 5189): Values: 2.218628 -20.458984 -31.498718
01-07 14:18:11.300 I/System.out( 5189): Values: 2.4597168 -20.159912 -31.079102
01-07 14:18:12.301 I/System.out( 5189): Values: 2.1591187 -19.859314 -31.678772
01-07 14:18:13.302 I/System.out( 5189): Values: 1.9195557 -20.159912 -31.318665
01-07 14:18:14.303 I/System.out( 5189): Values: 2.3986816 -19.979858 -31.439209
01-07 14:18:15.314 I/System.out( 5189): Values: 2.279663 -20.27893 -31.739807
01-07 14:18:16.315 I/System.out( 5189): Values: 2.0996094 -19.67926 -31.799316
01-07 14:18:17.306 I/System.out( 5189): Values: 2.6992798 -20.27893 -31.079102
01-07 14:18:18.317 I/System.out( 5189): Values: 2.6397705 -19.859314 -31.199646
01-07 14:18:19.308 I/System.out( 5189): Values: 2.6992798 -19.73877 -31.019592
01-07 14:18:20.319 I/System.out( 5189): Values: 2.279663 -19.439697 -31.318665
01-07 14:18:21.320 I/System.out( 5189): Values: 2.279663 -20.039368 -31.13861
01-07 14:18:22.321 I/System.out( 5189): Values: 2.279663 -20.219421 -31.799316
01-07 14:18:23.322 I/System.out( 5189): Values: 2.3391724 -20.219421 -31.559753
01-07 14:18:24.323 I/System.out( 5189): Values: 2.5787354 -19.979858 -31.498718
01-07 14:18:25.314 I/System.out( 5189): Values: 2.279663 -20.039368 -31.318665
01-07 14:18:26.325 I/System.out( 5189): Values: 2.5787354 -20.039368 -31.619263
01-07 14:18:27.325 I/System.out( 5189): Values: 2.6992798 -20.27893 -31.439209
01-07 14:18:28.336 I/System.out( 5189): Values: 2.8198242 -20.098877 -31.318665
01-07 14:18:29.327 I/System.out( 5189): Values: 2.0996094 -20.639038 -31.13861
01-07 14:18:30.338 I/System.out( 5189): Values: 2.4597168 -19.859314 -30.778503
01-07 14:18:31.339 I/System.out( 5189): Values: 2.9388428 -20.098877 -31.318665
01-07 14:18:32.340 I/System.out( 5189): Values: 2.5787354 -20.579529 -31.559753
01-07 14:18:33.341 I/System.out( 5189): Values: 2.3391724 -20.098877 -31.858826
01-07 14:18:34.342 I/System.out( 5189): Values: 2.279663 -20.098877 -31.799316
01-07 14:18:35.343 I/System.out( 5189): Values: 2.8793335 -20.339966 -31.439209
01-07 14:18:36.334 I/System.out( 5189): Values: 2.519226 -20.339966 -31.13861
01-07 14:18:37.335 I/System.out( 5189): Values: 2.5787354 -20.159912 -30.958557
01-07 14:18:38.346 I/System.out( 5189): Values: 2.519226 -19.859314 -31.019592
01-07 14:18:39.347 I/System.out( 5189): Values: 2.3986816 -20.759583 -31.318665
01-07 14:18:40.348 I/System.out( 5189): Values: 2.4597168 -19.73877 -31.13861
01-07 14:18:41.349 I/System.out( 5189): Values: 2.4597168 -20.27893 -31.439209
01-07 14:18:42.350 I/System.out( 5189): Values: 1.9195557 -20.159912 -31.259155
01-07 14:18:43.351 I/System.out( 5189): Values: 3.0593872 -20.518494 -30.899048
01-07 14:18:44.352 I/System.out( 5189): Values: 2.5787354 -20.219421 -31.799316
01-07 14:18:45.353 I/System.out( 5189): Values: 2.519226 -19.859314 -31.019592
01-07 14:18:46.354 I/System.out( 5189): Values: 1.8585205 -20.339966 -31.439209
01-07 14:18:47.355 I/System.out( 5189): Values: 2.218628 -20.039368 -31.019592
01-07 14:18:48.346 I/System.out( 5189): Values: 2.758789 -19.378662 -31.619263
01-07 14:18:49.347 I/System.out( 5189): Values: 2.1591187 -19.918823 -30.839539
01-07 14:18:50.348 I/System.out( 5189): Values: 2.519226 -20.159912 -31.559753
01-07 14:18:51.359 I/System.out( 5189): Values: 2.5787354 -20.339966 -31.199646
01-07 14:18:52.360 I/System.out( 5189): Values: 2.519226 -20.098877 -31.13861
01-07 14:18:53.361 I/System.out( 5189): Values: 2.4597168 -20.339966 -30.899048
01-07 14:18:54.362 I/System.out( 5189): Values: 2.279663 -20.458984 -31.13861
01-07 14:18:55.363 I/System.out( 5189): Values: 2.8198242 -20.339966 -31.498718
01-07 14:18:56.364 I/System.out( 5189): Values: 2.279663 -20.159912 -31.079102
01-07 14:18:57.355 I/System.out( 5189): Values: 2.0996094 -20.159912 -31.13861
01-07 14:18:58.366 I/System.out( 5189): Values: 1.6799927 -20.098877 -31.498718
01-07 14:18:59.367 I/System.out( 5189): Values: 2.279663 -20.039368 -31.079102
01-07 14:18:59.997 I/ActivityManager(  523): No longer want com.google.android.youtube (pid 4485): empty for 1827s
01-07 14:19:00.007 I/ActivityManager(  523): No longer want com.google.android.gsf.login (pid 4967): empty for 1837s
01-07 14:19:00.368 I/System.out( 5189): Values: 2.4597168 -20.399475 -31.619263
01-07 14:19:01.369 I/System.out( 5189): Values: 2.0385742 -20.339966 -31.259155
01-07 14:19:02.380 I/System.out( 5189): Values: 2.0996094 -20.339966 -31.13861
01-07 14:19:03.381 I/System.out( 5189): Values: 2.3391724 -20.098877 -31.13861
01-07 14:19:04.382 I/System.out( 5189): Values: 2.3986816 -19.979858 -32.159424
01-07 14:19:05.383 I/System.out( 5189): Values: 2.0385742 -20.458984 -31.259155
01-07 14:19:06.384 I/System.out( 5189): Values: 2.0385742 -20.399475 -31.13861
01-07 14:19:07.375 I/System.out( 5189): Values: 2.1591187 -20.639038 -30.718994
01-07 14:19:08.386 I/System.out( 5189): Values: 2.218628 -20.458984 -31.079102
01-07 14:19:09.377 I/System.out( 5189): Values: 2.3391724 -19.918823 -31.13861
01-07 14:19:10.378 I/System.out( 5189): Values: 1.6189575 -20.458984 -31.019592
01-07 14:19:11.388 I/System.out( 5189): Values: 1.739502 -20.399475 -31.498718
01-07 14:19:12.379 I/System.out( 5189): Values: 2.0996094 -20.819092 -31.019592
01-07 14:19:13.390 I/System.out( 5189): Values: 2.3391724 -20.399475 -31.019592
01-07 14:19:14.391 I/System.out( 5189): Values: 2.4597168 -19.859314 -31.318665
01-07 14:19:15.392 I/System.out( 5189): Values: 2.3986816 -20.219421 -31.13861
01-07 14:19:16.393 I/System.out( 5189): Values: 2.0996094 -19.859314 -30.958557
01-07 14:19:17.384 I/System.out( 5189): Values: 2.3986816 -19.918823 -31.199646
01-07 14:19:18.385 I/System.out( 5189): Values: 2.3391724 -20.339966 -30.899048
01-07 14:19:19.386 I/System.out( 5189): Values: 1.9195557 -20.159912 -31.439209
01-07 14:19:20.387 I/System.out( 5189): Values: 2.519226 -20.458984 -30.718994
01-07 14:19:21.388 I/System.out( 5189): Values: 1.979065 -19.73877 -31.318665
01-07 14:19:22.399 I/System.out( 5189): Values: 2.4597168 -19.918823 -31.559753
01-07 14:19:23.400 I/System.out( 5189): Values: 2.4597168 -20.159912 -31.13861
01-07 14:19:24.401 I/System.out( 5189): Values: 2.4597168 -20.458984 -30.599976
01-07 14:19:25.402 I/System.out( 5189): Values: 2.218628 -20.098877 -31.498718
01-07 14:19:26.403 I/System.out( 5189): Values: 2.279663 -20.399475 -31.199646
01-07 14:19:27.394 I/System.out( 5189): Values: 2.6992798 -20.098877 -30.778503
01-07 14:19:28.395 I/System.out( 5189): Values: 1.979065 -20.579529 -30.718994
01-07 14:19:29.406 I/System.out( 5189): Values: 1.6189575 -20.159912 -31.318665
01-07 14:19:30.397 I/System.out( 5189): Values: 2.1591187 -20.039368 -30.778503
01-07 14:19:31.408 I/System.out( 5189): Values: 2.218628 -20.339966 -31.318665
01-07 14:19:32.409 I/System.out( 5189): Values: 1.6799927 -20.518494 -30.778503
01-07 14:19:33.410 I/System.out( 5189): Values: 2.519226 -19.979858 -31.13861
01-07 14:19:34.411 I/System.out( 5189): Values: 2.0996094 -20.27893 -31.259155
01-07 14:19:35.412 I/System.out( 5189): Values: 2.279663 -20.039368 -31.199646
01-07 14:19:36.413 I/System.out( 5189): Values: 2.1591187 -19.918823 -30.718994
01-07 14:19:37.414 I/System.out( 5189): Values: 1.8585205 -20.098877 -30.778503
01-07 14:19:38.415 I/System.out( 5189): Values: 2.0385742 -20.098877 -31.13861
01-07 14:19:39.416 I/System.out( 5189): Values: 2.0996094 -20.098877 -30.778503
01-07 14:19:40.417 I/System.out( 5189): Values: 2.0996094 -20.039368 -31.259155
01-07 14:19:41.418 I/System.out( 5189): Values: 2.3391724 -20.219421 -31.318665
01-07 14:19:42.419 I/System.out( 5189): Values: 2.4597168 -20.518494 -31.259155
01-07 14:19:43.420 I/System.out( 5189): Values: 2.3986816 -20.27893 -30.839539
01-07 14:19:44.421 I/System.out( 5189): Values: 1.7990112 -19.67926 -31.3797
01-07 14:19:45.422 I/System.out( 5189): Values: 2.0385742 -20.399475 -31.13861
01-07 14:19:46.423 I/System.out( 5189): Values: 1.9195557 -19.979858 -30.419922
01-07 14:19:47.424 I/System.out( 5189): Values: 1.979065 -20.159912 -31.079102
01-07 14:19:48.425 I/System.out( 5189): Values: 2.5787354 -20.339966 -31.799316
01-07 14:19:49.426 I/System.out( 5189): Values: 2.519226 -19.918823 -31.199646
01-07 14:19:50.427 I/System.out( 5189): Values: 2.3391724 -20.098877 -31.019592
01-07 14:19:51.428 I/System.out( 5189): Values: 2.3391724 -20.098877 -31.318665
01-07 14:19:52.429 I/System.out( 5189): Values: 2.3391724 -20.399475 -31.079102
01-07 14:19:53.430 I/System.out( 5189): Values: 2.0996094 -19.918823 -31.13861
01-07 14:19:54.430 I/System.out( 5189): Values: 2.0385742 -19.918823 -31.199646
01-07 14:19:55.431 I/System.out( 5189): Values: 1.6189575 -20.098877 -31.259155
01-07 14:19:56.432 I/System.out( 5189): Values: 2.4597168 -20.159912 -31.3797
01-07 14:19:57.443 I/System.out( 5189): Values: 2.3391724 -20.098877 -31.559753
01-07 14:19:58.444 I/System.out( 5189): Values: 2.279663 -20.579529 -31.199646
01-07 14:19:59.445 I/System.out( 5189): Values: 2.5787354 -20.219421 -31.019592
01-07 14:19:59.996 I/ActivityManager(  523): No longer want com.google.android.apps.uploader (pid 3380): empty for 1844s
01-07 14:19:59.996 I/ActivityManager(  523): No longer want com.google.android.gallery3d (pid 3351): empty for 1844s
01-07 14:19:59.996 I/ActivityManager(  523): No longer want com.android.chrome (pid 3337): empty for 1844s
01-07 14:20:00.006 I/ActivityManager(  523): No longer want com.google.android.gms (pid 4815): empty for 1850s
01-07 14:20:00.016 I/ActivityManager(  523): No longer want com.google.android.googlequicksearchbox (pid 4835): empty for 1850s
01-07 14:20:00.016 I/ActivityManager(  523): No longer want com.android.musicfx (pid 4800): empty for 1850s
01-07 14:20:00.016 I/ActivityManager(  523): No longer want com.google.android.talk (pid 4912): empty for 1850s
01-07 14:20:00.016 I/ActivityManager(  523): No longer want android.process.acore (pid 4762): empty for 1850s
01-07 14:20:00.016 I/ActivityManager(  523): No longer want com.google.android.partnersetup (pid 4867): empty for 1851s
01-07 14:20:00.026 I/ActivityManager(  523): No longer want com.android.keychain (pid 4787): empty for 1851s
01-07 14:20:00.026 I/ActivityManager(  523): No longer want com.android.defcontainer (pid 4716): empty for 1851s
01-07 14:20:00.436 I/System.out( 5189): Values: 2.1591187 -20.27893 -31.259155
01-07 14:20:01.437 I/System.out( 5189): Values: 2.519226 -20.159912 -31.019592
01-07 14:20:02.448 I/System.out( 5189): Values: 2.758789 -20.039368 -30.839539
01-07 14:20:03.439 I/System.out( 5189): Values: 2.4597168 -20.518494 -31.13861
01-07 14:20:04.440 I/System.out( 5189): Values: 2.519226 -20.339966 -31.019592
01-07 14:20:05.451 I/System.out( 5189): Values: 2.3986816 -20.698547 -30.659485
01-07 14:20:06.452 I/System.out( 5189): Values: 2.3391724 -20.27893 -31.079102
01-07 14:20:07.453 I/System.out( 5189): Values: 2.4597168 -20.27893 -31.019592
01-07 14:20:08.444 I/System.out( 5189): Values: 1.9195557 -20.159912 -31.439209
01-07 14:20:09.455 I/System.out( 5189): Values: 2.3986816 -20.399475 -31.259155
01-07 14:20:10.456 I/System.out( 5189): Values: 2.279663 -20.27893 -31.3797
01-07 14:20:11.447 I/System.out( 5189): Values: 2.1591187 -19.979858 -31.3797
01-07 14:20:12.458 I/System.out( 5189): Values: 2.0996094 -20.339966 -30.958557
01-07 14:20:13.459 I/System.out( 5189): Values: 2.0996094 -20.039368 -31.259155
01-07 14:20:14.460 I/System.out( 5189): Values: 2.6397705 -20.339966 -31.439209
01-07 14:20:15.461 I/System.out( 5189): Values: 2.218628 -20.219421 -31.318665
01-07 14:20:16.462 I/System.out( 5189): Values: 2.1591187 -20.039368 -31.3797
01-07 14:20:17.463 I/System.out( 5189): Values: 1.979065 -20.27893 -30.899048
01-07 14:20:18.454 I/System.out( 5189): Values: 2.218628 -20.399475 -31.019592
01-07 14:20:19.465 I/System.out( 5189): Values: 2.0996094 -20.27893 -31.019592
01-07 14:20:20.466 I/System.out( 5189): Values: 2.1591187 -20.27893 -31.739807
01-07 14:20:21.467 I/System.out( 5189): Values: 2.3986816 -20.039368 -31.439209
01-07 14:20:22.468 I/System.out( 5189): Values: 2.279663 -20.579529 -31.259155
01-07 14:20:23.469 I/System.out( 5189): Values: 2.1591187 -20.518494 -31.619263
01-07 14:20:24.470 I/System.out( 5189): Values: 2.4597168 -20.039368 -31.3797
01-07 14:20:25.481 I/System.out( 5189): Values: 1.979065 -20.399475 -31.498718
01-07 14:20:26.472 I/System.out( 5189): Values: 2.519226 -20.098877 -30.958557
01-07 14:20:27.473 I/System.out( 5189): Values: 1.739502 -20.219421 -31.259155
01-07 14:20:28.484 I/System.out( 5189): Values: 2.4597168 -20.27893 -30.778503
01-07 14:20:29.475 I/System.out( 5189): Values: 2.4597168 -19.918823 -31.079102
01-07 14:20:30.476 I/System.out( 5189): Values: 1.8585205 -20.159912 -30.778503
01-07 14:20:31.477 I/System.out( 5189): Values: 2.3391724 -20.639038 -31.498718
01-07 14:20:32.488 I/System.out( 5189): Values: 1.979065 -20.399475 -31.498718
01-07 14:20:33.479 I/System.out( 5189): Values: 2.3391724 -20.039368 -31.3797
01-07 14:20:34.480 I/System.out( 5189): Values: 2.3391724 -20.219421 -30.778503
01-07 14:20:35.491 I/System.out( 5189): Values: 2.1591187 -19.799805 -31.13861
01-07 14:20:36.492 I/System.out( 5189): Values: 2.218628 -20.698547 -31.439209
01-07 14:20:37.492 I/System.out( 5189): Values: 2.1591187 -20.039368 -31.439209
01-07 14:20:38.493 I/System.out( 5189): Values: 1.739502 -20.219421 -30.899048
01-07 14:20:39.494 I/System.out( 5189): Values: 2.6397705 -20.27893 -31.019592
01-07 14:20:39.544 D/dalvikvm( 5189): GC_CONCURRENT freed 388K, 5% free 9016K/9444K, paused 7ms+2ms, total 50ms
01-07 14:20:40.505 I/System.out( 5189): Values: 2.279663 -20.458984 -31.13861
01-07 14:20:41.496 I/System.out( 5189): Values: 2.1591187 -20.27893 -31.079102
01-07 14:20:42.497 I/System.out( 5189): Values: 2.218628 -20.039368 -31.3797
01-07 14:20:43.508 I/System.out( 5189): Values: 2.3391724 -20.27893 -31.619263
01-07 14:20:44.509 I/System.out( 5189): Values: 2.279663 -19.619751 -30.239868
01-07 14:20:45.510 I/System.out( 5189): Values: 2.3986816 -20.339966 -31.3797
01-07 14:20:46.511 I/System.out( 5189): Values: 2.3986816 -20.27893 -31.199646
01-07 14:20:47.512 I/System.out( 5189): Values: 2.8793335 -20.098877 -31.13861
01-07 14:20:48.513 I/System.out( 5189): Values: 2.0385742 -20.458984 -30.778503
01-07 14:20:49.514 I/System.out( 5189): Values: 2.0385742 -19.918823 -31.559753
01-07 14:20:50.515 I/System.out( 5189): Values: 2.6992798 -20.039368 -31.3797
01-07 14:20:51.516 I/System.out( 5189): Values: 2.6397705 -20.518494 -30.958557
01-07 14:20:52.527 I/System.out( 5189): Values: 2.0996094 -20.159912 -31.498718
01-07 14:20:53.528 I/System.out( 5189): Values: 2.0996094 -20.399475 -31.858826
01-07 14:20:54.519 I/System.out( 5189): Values: 2.4597168 -20.098877 -31.019592
01-07 14:20:55.530 I/System.out( 5189): Values: 2.5787354 -20.159912 -31.259155
01-07 14:20:56.521 I/System.out( 5189): Values: 2.0385742 -20.098877 -31.318665
01-07 14:20:57.522 I/System.out( 5189): Values: 2.0996094 -20.518494 -31.559753
01-07 14:20:58.533 I/System.out( 5189): Values: 1.9195557 -20.098877 -31.3797
01-07 14:20:59.534 I/System.out( 5189): Values: 2.3391724 -20.159912 -30.899048
01-07 14:21:00.535 I/System.out( 5189): Values: 2.3391724 -20.339966 -31.439209
01-07 14:21:01.526 I/System.out( 5189): Values: 2.1591187 -19.799805 -31.3797
01-07 14:21:02.527 I/System.out( 5189): Values: 2.0996094 -19.918823 -31.678772
01-07 14:21:03.538 I/System.out( 5189): Values: 2.0996094 -20.27893 -31.019592
01-07 14:21:04.539 I/System.out( 5189): Values: 2.279663 -20.27893 -31.259155
01-07 14:21:05.540 I/System.out( 5189): Values: 2.1591187 -20.399475 -31.079102
01-07 14:21:06.541 I/System.out( 5189): Values: 2.0385742 -20.579529 -31.318665
01-07 14:21:07.542 I/System.out( 5189): Values: 1.979065 -20.27893 -30.599976
01-07 14:21:08.543 I/System.out( 5189): Values: 1.979065 -20.27893 -31.199646
01-07 14:21:09.544 I/System.out( 5189): Values: 2.218628 -19.73877 -31.199646
01-07 14:21:10.545 I/System.out( 5189): Values: 2.0385742 -20.039368 -31.439209
01-07 14:21:11.546 I/System.out( 5189): Values: 2.4597168 -20.399475 -31.3797
01-07 14:21:12.547 I/System.out( 5189): Values: 2.758789 -20.219421 -31.199646
01-07 14:21:13.548 I/System.out( 5189): Values: 2.1591187 -20.219421 -31.259155
01-07 14:21:14.549 I/System.out( 5189): Values: 2.279663 -20.098877 -31.259155
01-07 14:21:15.550 I/System.out( 5189): Values: 2.218628 -19.859314 -31.3797
01-07 14:21:16.561 I/System.out( 5189): Values: 2.6397705 -20.339966 -31.199646
01-07 14:21:17.562 I/System.out( 5189): Values: 1.7990112 -19.979858 -31.318665
01-07 14:21:18.563 I/System.out( 5189): Values: 2.4597168 -20.098877 -31.559753
01-07 14:21:19.554 I/System.out( 5189): Values: 2.6397705 -20.219421 -31.259155
01-07 14:21:20.565 I/System.out( 5189): Values: 2.4597168 -20.518494 -31.019592
01-07 14:21:21.555 I/System.out( 5189): Values: 2.4597168 -20.399475 -31.498718
01-07 14:21:22.566 I/System.out( 5189): Values: 2.0385742 -19.979858 -30.958557
01-07 14:21:23.567 I/System.out( 5189): Values: 2.758789 -20.27893 -31.259155
01-07 14:21:24.568 I/System.out( 5189): Values: 2.218628 -20.27893 -31.439209
01-07 14:21:25.569 I/System.out( 5189): Values: 1.979065 -19.918823 -31.13861
01-07 14:21:26.570 I/System.out( 5189): Values: 2.0996094 -20.339966 -31.318665
01-07 14:21:27.571 I/System.out( 5189): Values: 2.279663 -20.518494 -31.3797
01-07 14:21:28.572 I/System.out( 5189): Values: 2.6992798 -19.979858 -31.13861
01-07 14:21:29.573 I/System.out( 5189): Values: 2.218628 -20.219421 -30.778503
01-07 14:21:30.574 I/System.out( 5189): Values: 2.3391724 -20.039368 -30.839539
01-07 14:21:31.575 I/System.out( 5189): Values: 2.4597168 -20.098877 -31.439209
01-07 14:21:32.576 I/System.out( 5189): Values: 2.4597168 -20.159912 -31.259155
01-07 14:21:33.587 I/System.out( 5189): Values: 2.4597168 -20.339966 -30.718994
01-07 14:21:34.588 I/System.out( 5189): Values: 2.3391724 -20.219421 -31.199646
01-07 14:21:35.589 I/System.out( 5189): Values: 1.979065 -20.27893 -31.3797
01-07 14:21:36.590 I/System.out( 5189): Values: 2.3986816 -20.219421 -31.259155
01-07 14:21:37.591 I/System.out( 5189): Values: 2.519226 -20.579529 -31.318665
01-07 14:21:38.592 I/System.out( 5189): Values: 2.0996094 -20.579529 -30.839539
01-07 14:21:39.593 I/System.out( 5189): Values: 2.218628 -20.098877 -31.079102
01-07 14:21:40.594 I/System.out( 5189): Values: 1.3793945 -20.639038 -31.91986
01-07 14:21:41.595 I/System.out( 5189): Values: 2.3986816 -20.098877 -30.958557
01-07 14:21:42.596 I/System.out( 5189): Values: 1.7990112 -20.698547 -31.259155
01-07 14:21:43.597 I/System.out( 5189): Values: 2.218628 -20.458984 -31.079102
01-07 14:21:44.598 I/System.out( 5189): Values: 1.979065 -20.159912 -31.199646
01-07 14:21:45.599 I/System.out( 5189): Values: 2.1591187 -20.518494 -30.778503
01-07 14:21:46.600 I/System.out( 5189): Values: 2.3986816 -20.219421 -30.839539
01-07 14:21:47.601 I/System.out( 5189): Values: 2.4597168 -20.219421 -31.079102
01-07 14:21:48.602 I/System.out( 5189): Values: 2.519226 -20.27893 -31.259155
01-07 14:21:49.603 I/System.out( 5189): Values: 2.1591187 -20.579529 -31.439209
01-07 14:21:50.604 I/System.out( 5189): Values: 2.5787354 -20.159912 -31.3797
01-07 14:21:51.605 I/System.out( 5189): Values: 2.6992798 -19.918823 -31.439209
01-07 14:21:52.596 I/System.out( 5189): Values: 2.3391724 -19.979858 -31.019592
01-07 14:21:53.607 I/System.out( 5189): Values: 2.1591187 -20.399475 -31.318665
01-07 14:21:54.608 I/System.out( 5189): Values: 2.218628 -20.098877 -31.019592
01-07 14:21:55.609 I/System.out( 5189): Values: 2.1591187 -20.698547 -31.858826
01-07 14:21:56.610 I/System.out( 5189): Values: 1.979065 -19.859314 -31.199646
01-07 14:21:57.611 I/System.out( 5189): Values: 1.979065 -19.979858 -31.079102
01-07 14:21:58.612 I/System.out( 5189): Values: 2.5787354 -19.859314 -31.498718
01-07 14:21:59.613 I/System.out( 5189): Values: 2.3986816 -19.979858 -30.778503
01-07 14:22:00.604 I/System.out( 5189): Values: 2.3391724 -20.039368 -31.3797
01-07 14:22:01.615 I/System.out( 5189): Values: 2.218628 -20.039368 -31.3797
01-07 14:22:02.606 I/System.out( 5189): Values: 1.9195557 -20.039368 -31.3797
01-07 14:22:03.607 I/System.out( 5189): Values: 1.739502 -20.399475 -31.739807
01-07 14:22:04.617 I/System.out( 5189): Values: 2.3986816 -20.399475 -31.079102
01-07 14:22:05.608 I/System.out( 5189): Values: 2.519226 -20.339966 -31.739807
01-07 14:22:06.609 I/System.out( 5189): Values: 2.0385742 -19.979858 -31.559753
01-07 14:22:07.610 I/System.out( 5189): Values: 1.7990112 -19.979858 -30.958557
01-07 14:22:08.621 I/System.out( 5189): Values: 2.519226 -20.219421 -31.13861
01-07 14:22:09.622 I/System.out( 5189): Values: 2.3986816 -19.918823 -31.318665
01-07 14:22:10.623 I/System.out( 5189): Values: 1.7990112 -20.159912 -31.079102
01-07 14:22:11.624 I/System.out( 5189): Values: 1.9195557 -20.039368 -31.3797
01-07 14:22:12.635 I/System.out( 5189): Values: 2.6397705 -20.639038 -31.678772
01-07 14:22:13.636 I/System.out( 5189): Values: 1.7990112 -20.339966 -30.839539
01-07 14:22:14.627 I/System.out( 5189): Values: 2.3391724 -20.039368 -31.079102
01-07 14:22:15.638 I/System.out( 5189): Values: 2.0996094 -19.859314 -31.91986
01-07 14:22:16.639 I/System.out( 5189): Values: 2.6397705 -20.518494 -31.439209
01-07 14:22:17.640 I/System.out( 5189): Values: 1.979065 -20.159912 -31.199646
01-07 14:22:18.641 I/System.out( 5189): Values: 1.6799927 -19.918823 -31.318665
01-07 14:22:19.642 I/System.out( 5189): Values: 2.519226 -20.27893 -30.899048
01-07 14:22:20.643 I/System.out( 5189): Values: 2.0385742 -19.799805 -31.3797
01-07 14:22:21.644 I/System.out( 5189): Values: 2.5787354 -20.159912 -31.13861
01-07 14:22:22.645 I/System.out( 5189): Values: 2.218628 -20.039368 -31.559753
01-07 14:22:23.646 I/System.out( 5189): Values: 2.3986816 -19.859314 -31.13861
01-07 14:22:24.647 I/System.out( 5189): Values: 2.1591187 -19.799805 -31.3797
01-07 14:22:25.648 I/System.out( 5189): Values: 2.218628 -20.219421 -31.199646
01-07 14:22:26.649 I/System.out( 5189): Values: 2.0996094 -20.219421 -31.619263
01-07 14:22:27.650 I/System.out( 5189): Values: 2.6397705 -20.27893 -31.318665
01-07 14:22:28.651 I/System.out( 5189): Values: 1.499939 -20.579529 -31.199646
01-07 14:22:29.652 I/System.out( 5189): Values: 2.3391724 -20.159912 -31.318665
01-07 14:22:30.663 I/System.out( 5189): Values: 1.979065 -20.518494 -31.3797
01-07 14:22:31.654 I/System.out( 5189): Values: 2.0385742 -20.039368 -31.3797
01-07 14:22:32.655 I/System.out( 5189): Values: 2.279663 -20.27893 -31.318665
01-07 14:22:33.656 I/System.out( 5189): Values: 1.9195557 -20.518494 -30.958557
01-07 14:22:34.667 I/System.out( 5189): Values: 1.9195557 -20.27893 -31.559753
01-07 14:22:35.658 I/System.out( 5189): Values: 1.8585205 -19.918823 -31.318665
01-07 14:22:36.669 I/System.out( 5189): Values: 1.9195557 -20.458984 -31.199646
01-07 14:22:37.670 I/System.out( 5189): Values: 1.979065 -20.098877 -31.259155
01-07 14:22:38.671 I/System.out( 5189): Values: 1.739502 -20.458984 -31.079102
01-07 14:22:39.672 I/System.out( 5189): Values: 1.6799927 -20.518494 -31.199646
01-07 14:22:40.673 I/System.out( 5189): Values: 1.9195557 -19.979858 -31.019592
01-07 14:22:41.674 I/System.out( 5189): Values: 2.0996094 -19.859314 -31.259155
01-07 14:22:42.675 I/System.out( 5189): Values: 2.6397705 -20.339966 -31.739807
01-07 14:22:43.676 I/System.out( 5189): Values: 2.3391724 -20.159912 -31.318665
01-07 14:22:44.677 I/System.out( 5189): Values: 1.7990112 -20.27893 -31.199646
01-07 14:22:45.678 I/System.out( 5189): Values: 1.8585205 -20.458984 -31.079102
01-07 14:22:46.679 I/System.out( 5189): Values: 2.3391724 -20.339966 -31.13861
01-07 14:22:47.680 I/System.out( 5189): Values: 2.218628 -20.27893 -31.439209
01-07 14:22:48.680 I/System.out( 5189): Values: 2.279663 -20.159912 -31.318665
01-07 14:22:49.681 I/System.out( 5189): Values: 2.0996094 -19.918823 -31.259155
01-07 14:22:50.682 I/System.out( 5189): Values: 1.9195557 -20.159912 -30.839539
01-07 14:22:51.673 I/System.out( 5189): Values: 2.0385742 -20.159912 -31.079102
01-07 14:22:52.684 I/System.out( 5189): Values: 1.9195557 -20.159912 -31.91986
01-07 14:22:53.685 I/System.out( 5189): Values: 2.1591187 -20.219421 -31.079102
01-07 14:22:54.686 I/System.out( 5189): Values: 2.218628 -20.399475 -31.318665
01-07 14:22:55.687 I/System.out( 5189): Values: 2.0996094 -20.579529 -31.318665
01-07 14:22:56.688 I/System.out( 5189): Values: 2.0385742 -20.639038 -31.678772
01-07 14:22:57.699 I/System.out( 5189): Values: 2.4597168 -20.339966 -31.079102
01-07 14:22:58.690 I/System.out( 5189): Values: 2.3986816 -20.339966 -31.439209
01-07 14:22:59.701 I/System.out( 5189): Values: 1.9195557 -20.039368 -31.259155
01-07 14:23:00.702 I/System.out( 5189): Values: 2.3391724 -19.918823 -31.259155
01-07 14:23:01.703 I/System.out( 5189): Values: 2.0996094 -20.518494 -31.13861
01-07 14:23:02.704 I/System.out( 5189): Values: 1.7990112 -20.399475 -31.318665
01-07 14:23:03.695 I/System.out( 5189): Values: 2.279663 -20.098877 -30.958557
01-07 14:23:04.696 I/System.out( 5189): Values: 1.8585205 -20.518494 -31.858826
01-07 14:23:05.707 I/System.out( 5189): Values: 1.9195557 -20.339966 -31.199646
01-07 14:23:06.698 I/System.out( 5189): Values: 1.6799927 -19.558716 -31.318665
01-07 14:23:07.699 I/System.out( 5189): Values: 1.739502 -20.219421 -31.318665
01-07 14:23:08.700 I/System.out( 5189): Values: 2.279663 -19.859314 -31.079102
01-07 14:23:09.701 I/System.out( 5189): Values: 2.1591187 -20.518494 -30.839539
01-07 14:23:10.712 I/System.out( 5189): Values: 1.6189575 -20.819092 -30.958557
01-07 14:23:11.713 I/System.out( 5189): Values: 2.3986816 -20.698547 -31.318665
01-07 14:23:12.704 I/System.out( 5189): Values: 2.3986816 -19.979858 -31.619263
01-07 14:23:13.705 I/System.out( 5189): Values: 2.0385742 -19.799805 -31.559753
01-07 14:23:14.706 I/System.out( 5189): Values: 2.519226 -20.27893 -31.318665
01-07 14:23:15.717 I/System.out( 5189): Values: 2.218628 -20.27893 -31.498718
01-07 14:23:16.708 I/System.out( 5189): Values: 1.739502 -19.799805 -31.079102
01-07 14:23:17.709 I/System.out( 5189): Values: 2.519226 -19.918823 -31.498718
01-07 14:23:18.720 I/System.out( 5189): Values: 1.739502 -20.579529 -31.498718
01-07 14:23:19.721 I/System.out( 5189): Values: 2.4597168 -19.979858 -31.799316
01-07 14:23:20.722 I/System.out( 5189): Values: 1.9195557 -19.73877 -31.199646
01-07 14:23:21.723 I/System.out( 5189): Values: 2.4597168 -20.878601 -31.619263
01-07 14:23:22.724 I/System.out( 5189): Values: 2.0996094 -20.219421 -31.3797
01-07 14:23:23.715 I/System.out( 5189): Values: 2.4597168 -20.159912 -31.13861
01-07 14:23:24.716 I/System.out( 5189): Values: 1.9195557 -20.219421 -31.498718
01-07 14:23:25.727 I/System.out( 5189): Values: 2.3986816 -20.159912 -31.559753
01-07 14:23:26.718 I/System.out( 5189): Values: 2.3986816 -20.339966 -31.619263
01-07 14:23:27.729 I/System.out( 5189): Values: 1.8585205 -20.458984 -31.199646
01-07 14:23:28.730 I/System.out( 5189): Values: 2.218628 -19.859314 -31.498718
01-07 14:23:29.731 I/System.out( 5189): Values: 2.218628 -20.219421 -31.3797
01-07 14:23:30.732 I/System.out( 5189): Values: 2.519226 -20.159912 -31.259155
01-07 14:23:31.732 I/System.out( 5189): Values: 2.0996094 -20.399475 -30.718994
01-07 14:23:32.733 I/System.out( 5189): Values: 2.218628 -20.039368 -31.799316
01-07 14:23:33.734 I/System.out( 5189): Values: 2.279663 -20.518494 -31.739807
01-07 14:23:34.735 I/System.out( 5189): Values: 2.279663 -20.458984 -31.498718
01-07 14:23:35.736 I/System.out( 5189): Values: 1.7990112 -20.339966 -31.13861
01-07 14:23:36.737 I/System.out( 5189): Values: 1.3793945 -20.098877 -30.899048
01-07 14:23:37.738 I/System.out( 5189): Values: 2.519226 -20.458984 -31.3797
01-07 14:23:38.739 I/System.out( 5189): Values: 1.7990112 -20.339966 -30.958557
01-07 14:23:39.740 I/System.out( 5189): Values: 1.8585205 -20.339966 -31.559753
01-07 14:23:40.741 I/System.out( 5189): Values: 1.979065 -20.159912 -31.678772
01-07 14:23:41.742 I/System.out( 5189): Values: 2.6397705 -20.159912 -31.199646
01-07 14:23:41.802 D/dalvikvm( 5189): GC_CONCURRENT freed 384K, 5% free 9016K/9440K, paused 4ms+2ms, total 50ms
01-07 14:23:42.743 I/System.out( 5189): Values: 2.0996094 -20.399475 -31.259155
01-07 14:23:43.744 I/System.out( 5189): Values: 2.0385742 -20.518494 -31.079102
01-07 14:23:44.745 I/System.out( 5189): Values: 2.0385742 -20.219421 -31.259155
01-07 14:23:45.746 I/System.out( 5189): Values: 2.3986816 -20.458984 -31.739807
01-07 14:23:46.747 I/System.out( 5189): Values: 1.739502 -19.979858 -31.199646
01-07 14:23:47.748 I/System.out( 5189): Values: 2.1591187 -20.458984 -31.3797
01-07 14:23:48.749 I/System.out( 5189): Values: 2.6397705 -20.039368 -30.958557
01-07 14:23:49.750 I/System.out( 5189): Values: 1.9195557 -20.458984 -31.019592
01-07 14:23:50.751 I/System.out( 5189): Values: 2.6397705 -20.159912 -31.318665
01-07 14:23:51.752 I/System.out( 5189): Values: 2.0996094 -19.918823 -31.079102
01-07 14:23:52.753 I/System.out( 5189): Values: 2.279663 -19.859314 -31.439209
01-07 14:23:53.764 I/System.out( 5189): Values: 2.1591187 -20.579529 -31.498718
01-07 14:23:54.755 I/System.out( 5189): Values: 2.3391724 -20.159912 -31.678772
01-07 14:23:55.756 I/System.out( 5189): Values: 2.3391724 -19.979858 -31.739807
01-07 14:23:56.757 I/System.out( 5189): Values: 2.4597168 -20.098877 -31.019592
01-07 14:23:57.758 I/System.out( 5189): Values: 2.0385742 -20.819092 -31.559753
01-07 14:23:58.759 I/System.out( 5189): Values: 2.5787354 -20.098877 -31.3797
01-07 14:23:59.760 I/System.out( 5189): Values: 2.3391724 -20.219421 -31.318665
01-07 14:24:00.761 I/System.out( 5189): Values: 1.8585205 -19.979858 -31.199646
01-07 14:24:01.772 I/System.out( 5189): Values: 2.0996094 -20.339966 -31.318665
01-07 14:24:02.773 I/System.out( 5189): Values: 1.979065 -20.219421 -30.958557
01-07 14:24:03.774 I/System.out( 5189): Values: 2.0385742 -20.219421 -31.498718
01-07 14:24:04.765 I/System.out( 5189): Values: 1.9195557 -19.558716 -31.498718
01-07 14:24:05.766 I/System.out( 5189): Values: 2.0996094 -20.27893 -30.899048
01-07 14:24:06.777 I/System.out( 5189): Values: 1.979065 -20.219421 -31.439209
01-07 14:24:07.768 I/System.out( 5189): Values: 2.0385742 -20.039368 -31.259155
01-07 14:24:08.769 I/System.out( 5189): Values: 2.0996094 -20.759583 -31.439209
01-07 14:24:09.780 I/System.out( 5189): Values: 2.3986816 -20.399475 -31.439209
01-07 14:24:10.781 I/System.out( 5189): Values: 1.6799927 -20.399475 -31.079102
01-07 14:24:11.782 I/System.out( 5189): Values: 2.279663 -20.518494 -31.259155
01-07 14:24:12.783 I/System.out( 5189): Values: 2.3986816 -19.979858 -31.439209
01-07 14:24:13.784 I/System.out( 5189): Values: 2.0385742 -20.339966 -31.678772
01-07 14:24:14.774 I/System.out( 5189): Values: 1.9195557 -19.918823 -31.559753
01-07 14:24:15.785 I/System.out( 5189): Values: 2.0996094 -20.878601 -31.97937
01-07 14:24:16.786 I/System.out( 5189): Values: 1.7990112 -20.219421 -31.259155
01-07 14:24:17.787 I/System.out( 5189): Values: 1.8585205 -20.159912 -31.498718
01-07 14:24:18.788 I/System.out( 5189): Values: 2.4597168 -20.458984 -31.259155
01-07 14:24:19.789 I/System.out( 5189): Values: 1.9195557 -19.859314 -31.019592
01-07 14:24:20.790 I/System.out( 5189): Values: 1.8585205 -20.759583 -31.079102
01-07 14:24:21.791 I/System.out( 5189): Values: 1.7990112 -20.399475 -31.559753
01-07 14:24:22.792 I/System.out( 5189): Values: 1.499939 -20.27893 -31.439209
01-07 14:24:22.802 I/System.out( 5189): Battery level end is reached
01-07 14:24:22.802 I/System.out( 5189): Time difference in secs is: 782
01-07 14:24:23.803 I/System.out( 5189): Values: 2.218628 -20.219421 -31.079102
01-07 14:24:23.803 I/System.out( 5189): Time difference in secs is: 782
01-07 14:24:24.804 I/System.out( 5189): Values: 2.1591187 -20.039368 -31.019592
01-07 14:24:24.804 I/System.out( 5189): Time difference in secs is: 782
01-07 14:24:25.805 I/System.out( 5189): Values: 2.1591187 -20.399475 -31.3797
01-07 14:24:25.805 I/System.out( 5189): Time difference in secs is: 782
01-07 14:24:26.796 I/System.out( 5189): Values: 2.1591187 -20.339966 -31.559753
01-07 14:24:26.806 I/System.out( 5189): Time difference in secs is: 782
01-07 14:24:27.797 I/System.out( 5189): Values: 2.3986816 -20.098877 -31.678772
01-07 14:24:27.807 I/System.out( 5189): Time difference in secs is: 782
01-07 14:24:28.798 I/System.out( 5189): Values: 2.279663 -20.339966 -30.899048
01-07 14:24:28.808 I/System.out( 5189): Time difference in secs is: 782
01-07 14:24:29.799 I/System.out( 5189): Values: 2.3986816 -20.399475 -31.079102
01-07 14:24:29.809 I/System.out( 5189): Time difference in secs is: 782
01-07 14:24:30.810 I/System.out( 5189): Values: 2.1591187 -19.979858 -31.318665
01-07 14:24:30.810 I/System.out( 5189): Time difference in secs is: 782
01-07 14:24:31.811 I/System.out( 5189): Values: 2.3391724 -20.039368 -30.899048
01-07 14:24:31.821 I/System.out( 5189): Time difference in secs is: 782
01-07 14:24:32.812 I/System.out( 5189): Values: 1.739502 -20.579529 -31.259155
01-07 14:24:32.822 I/System.out( 5189): Time difference in secs is: 782
01-07 14:24:33.813 I/System.out( 5189): Values: 2.0996094 -20.339966 -31.13861
01-07 14:24:33.823 I/System.out( 5189): Time difference in secs is: 782
01-07 14:24:34.814 I/System.out( 5189): Values: 2.279663 -19.979858 -31.3797
01-07 14:24:34.814 I/System.out( 5189): Time difference in secs is: 782
01-07 14:24:35.815 I/System.out( 5189): Values: 1.979065 -19.619751 -31.498718
01-07 14:24:35.825 I/System.out( 5189): Time difference in secs is: 782
01-07 14:24:36.816 I/System.out( 5189): Values: 1.8585205 -20.819092 -30.958557
01-07 14:24:36.816 I/System.out( 5189): Time difference in secs is: 782
01-07 14:24:37.817 I/System.out( 5189): Values: 1.979065 -19.918823 -31.498718
01-07 14:24:37.817 I/System.out( 5189): Time difference in secs is: 782
01-07 14:24:38.828 I/System.out( 5189): Values: 1.979065 -20.399475 -31.739807
01-07 14:24:38.828 I/System.out( 5189): Time difference in secs is: 782
01-07 14:24:39.819 I/System.out( 5189): Values: 1.739502 -20.518494 -30.958557
01-07 14:24:39.829 I/System.out( 5189): Time difference in secs is: 782
01-07 14:24:40.820 I/System.out( 5189): Values: -15.238953 -0.35858154 3.3599854
01-07 14:24:40.830 I/System.out( 5189): Time difference in secs is: 782
01-07 14:24:41.831 I/System.out( 5189): Values: -10.499573 0.29907227 0.35858154
01-07 14:24:41.841 I/System.out( 5189): Time difference in secs is: 782
01-07 14:24:42.832 I/System.out( 5189): Values: -6.059265 -5.9387207 0.7797241
01-07 14:24:42.842 I/System.out( 5189): Time difference in secs is: 782
01-07 14:24:43.833 I/System.out( 5189): Values: -5.0994873 -6.3598633 1.739502
01-07 14:24:43.843 I/System.out( 5189): Time difference in secs is: 782
01-07 14:24:44.834 I/System.out( 5189): Values: -6.5994263 -7.319641 2.0996094
01-07 14:24:44.834 I/System.out( 5189): Time difference in secs is: 782
01-07 14:24:45.835 I/System.out( 5189): Values: -6.3598633 -10.499573 3.239441
01-07 14:24:45.835 I/System.out( 5189): Time difference in secs is: 782
01-07 14:24:46.836 I/System.out( 5189): Values: -10.618591 -4.019165 2.1591187
01-07 14:24:46.846 I/System.out( 5189): Time difference in secs is: 782
01-07 14:24:47.837 I/System.out( 5189): Values: -6.1798096 -7.258606 1.6799927
01-07 14:24:47.837 I/System.out( 5189): Time difference in secs is: 782
01-07 14:24:48.838 I/System.out( 5189): Values: -6.9595337 -4.8599243 0.35858154
01-07 14:24:48.838 I/System.out( 5189): Time difference in secs is: 782
01-07 14:24:49.839 I/System.out( 5189): Values: -5.6991577 -7.1990967 1.1993408
01-07 14:24:49.849 I/System.out( 5189): Time difference in secs is: 782
01-07 14:24:50.850 I/System.out( 5189): Values: -6.1187744 -10.559082 3.5385132
01-07 14:24:50.850 I/System.out( 5189): Time difference in secs is: 782
01-07 14:24:51.841 I/System.out( 5189): Values: -3.8391113 -11.698914 2.0385742
01-07 14:24:51.861 I/System.out( 5189): Time difference in secs is: 782
01-07 14:24:52.842 I/System.out( 5189): Values: 0.47912598 -10.919189 -0.17852783
01-07 14:24:52.852 I/System.out( 5189): Time difference in secs is: 782
01-07 14:24:53.843 I/System.out( 5189): Values: -10.559082 8.999634 -0.17852783
01-07 14:24:53.863 I/System.out( 5189): Time difference in secs is: 782
01-07 14:24:54.063 I/EntropyMixer(  523): Writing entropy...
01-07 14:24:54.093 I/ActivityManager(  523): Start proc com.android.chrome for broadcast com.android.chrome/org.chromium.base.PowerStatusReceiver: pid=5360 uid=10009 gids={50009, 1006, 3003, 1015, 1028}
01-07 14:24:54.103 W/PowerUI (  597): unknown intent: Intent { act=android.intent.action.ACTION_POWER_CONNECTED flg=0x8000010 }
01-07 14:24:54.173 I/ActivityManager(  523): Start proc com.google.android.gallery3d for broadcast com.google.android.gallery3d/com.google.android.picasasync.BatteryReceiver: pid=5384 uid=10019 gids={50019, 1006, 3003, 1015, 1028}
01-07 14:24:54.173 I/ActivityManager(  523): No longer want com.google.android.apps.plus (pid 3396): empty for 2139s
01-07 14:24:54.243 E/        (  772): RS Message thread exiting.
01-07 14:24:54.243 E/RenderScript(  772): rsAssert failed: !mTypes.size(), in frameworks/rs/rsType.cpp at 59
01-07 14:24:54.243 E/RenderScript(  772): rsAssert failed: !mElements.size(), in frameworks/rs/rsElement.cpp at 375
01-07 14:24:54.263 D/dalvikvm( 5384): GC_CONCURRENT freed 315K, 4% free 9013K/9364K, paused 1ms+2ms, total 18ms
01-07 14:24:54.293 I/ActivityManager(  523): Start proc com.google.android.apps.uploader for broadcast com.google.android.apps.uploader/com.google.android.picasasync.BatteryReceiver: pid=5407 uid=10040 gids={50040, 3003, 1015, 1028}
01-07 14:24:54.293 I/ActivityManager(  523): No longer want com.android.vending (pid 4729): empty for 2130s
01-07 14:24:54.303 D/UploadsManager( 5384):    wifiOnlyPhoto changed to true
01-07 14:24:54.303 D/UploadsManager( 5384):    wifiOnlyVideo changed to true
01-07 14:24:54.303 D/UploadsManager( 5384):    syncOnBattery changed to true
01-07 14:24:54.303 W/ActivityManager(  523): Scheduling restart of crashed service com.android.vending/com.google.android.finsky.services.DailyHygiene in 5000ms
01-07 14:24:54.313 D/PicasaSync( 5384): sync account database
01-07 14:24:54.323 D/PicasaSync( 5384): accounts in DB=0
01-07 14:24:54.323 D/PicasaSyncManager( 5384): background data: true
01-07 14:24:54.333 D/PicasaSyncManager( 5384): battery info: true
01-07 14:24:54.353 D/PicasaUploader( 5407):    wifiOnlyPhoto changed to true
01-07 14:24:54.353 D/PicasaUploader( 5407):    wifiOnlyVideo changed to true
01-07 14:24:54.353 D/PicasaUploader( 5407):    syncOnBattery changed to true
01-07 14:24:54.353 D/PicasaUploaderSync( 5407): sync account database
01-07 14:24:54.353 I/ActivityManager(  523): Start proc com.google.android.apps.plus for broadcast com.google.android.apps.plus/.iu.InstantUploadEnvironment$BatteryReceiver: pid=5422 uid=10050 gids={50050, 3003, 3002, 1015, 1006, 1028}
01-07 14:24:54.363 D/PicasaUploaderSync( 5407): accounts in DB=0
01-07 14:24:54.363 D/PicasaUploaderSyncManager( 5407): background data: true
01-07 14:24:54.373 D/PicasaUploaderSyncManager( 5407): battery info: true
01-07 14:24:54.423 D/dalvikvm( 5422): GC_CONCURRENT freed 338K, 4% free 9038K/9412K, paused 1ms+2ms, total 18ms
01-07 14:24:54.423 D/dalvikvm( 5422): WAIT_FOR_CONCURRENT_GC blocked 7ms
01-07 14:24:54.433 D/dalvikvm( 5422): WAIT_FOR_CONCURRENT_GC blocked 9ms
01-07 14:24:54.463 D/dalvikvm( 5422): GC_CONCURRENT freed 122K, 2% free 9425K/9588K, paused 1ms+2ms, total 16ms
01-07 14:24:54.463 D/dalvikvm( 5422): WAIT_FOR_CONCURRENT_GC blocked 5ms
01-07 14:24:54.513 D/dalvikvm( 5422): GC_CONCURRENT freed 144K, 2% free 9778K/9972K, paused 1ms+2ms, total 22ms
01-07 14:24:54.513 D/dalvikvm( 5422): WAIT_FOR_CONCURRENT_GC blocked 6ms
01-07 14:24:54.583 D/dalvikvm( 5422): GC_CONCURRENT freed 144K, 2% free 10122K/10328K, paused 1ms+3ms, total 25ms
01-07 14:24:54.583 D/dalvikvm( 5422): WAIT_FOR_CONCURRENT_GC blocked 15ms
01-07 14:24:54.643 D/dalvikvm( 5422): GC_CONCURRENT freed 136K, 2% free 10461K/10672K, paused 2ms+3ms, total 24ms
01-07 14:24:54.643 D/dalvikvm( 5422): WAIT_FOR_CONCURRENT_GC blocked 14ms
01-07 14:24:54.693 D/dalvikvm( 5422): GC_CONCURRENT freed 327K, 4% free 10572K/10984K, paused 2ms+1ms, total 25ms
01-07 14:24:54.693 D/dalvikvm( 5422): WAIT_FOR_CONCURRENT_GC blocked 22ms
01-07 14:24:54.713 D/dalvikvm( 5422): GC_FOR_ALLOC freed 62K, 4% free 10636K/10984K, paused 22ms, total 22ms
01-07 14:24:54.743 D/dalvikvm( 5422): GC_FOR_ALLOC freed 126K, 5% free 10764K/11240K, paused 26ms, total 26ms
01-07 14:24:54.743 I/dalvikvm-heap( 5422): Grow heap (frag case) to 10.784MB for 250434-byte allocation
01-07 14:24:54.773 D/dalvikvm( 5422): GC_FOR_ALLOC freed 0K, 5% free 11008K/11488K, paused 23ms, total 23ms
01-07 14:24:54.804 D/dalvikvm( 5422): GC_FOR_ALLOC freed 499K, 7% free 11010K/11744K, paused 27ms, total 27ms
01-07 14:24:54.834 D/dalvikvm( 5422): GC_FOR_ALLOC freed 369K, 6% free 11127K/11744K, paused 27ms, total 28ms
01-07 14:24:54.834 I/System.out( 5189): Values: -12.539673 7.739258 -1.5594482
01-07 14:24:54.844 I/System.out( 5189): Time difference in secs is: 782
01-07 14:24:54.864 D/dalvikvm( 5422): GC_FOR_ALLOC freed 126K, 5% free 11255K/11744K, paused 24ms, total 24ms
01-07 14:24:54.944 D/dalvikvm( 5422): GC_CONCURRENT freed 373K, 4% free 11683K/12092K, paused 1ms+2ms, total 27ms
01-07 14:24:54.944 D/dalvikvm( 5422): WAIT_FOR_CONCURRENT_GC blocked 12ms
01-07 14:24:55.084 D/dalvikvm( 5422): GC_CONCURRENT freed 206K, 2% free 12422K/12664K, paused 1ms+2ms, total 34ms
01-07 14:24:55.084 D/dalvikvm( 5422): WAIT_FOR_CONCURRENT_GC blocked 14ms
01-07 14:24:55.244 D/dalvikvm( 5422): GC_CONCURRENT freed 499K, 4% free 13112K/13648K, paused 1ms+1ms, total 41ms
01-07 14:24:55.244 D/dalvikvm( 5422): WAIT_FOR_CONCURRENT_GC blocked 24ms
01-07 14:24:55.444 D/dalvikvm( 5422): GC_CONCURRENT freed 587K, 5% free 13944K/14568K, paused 1ms+2ms, total 48ms
01-07 14:24:55.444 D/dalvikvm( 5422): WAIT_FOR_CONCURRENT_GC blocked 31ms
01-07 14:24:55.514 D/gp.PicasaPhotoCP( 5422): set fsid first time:-1
01-07 14:24:55.524 I/ActivityManager(  523): Start proc com.google.android.youtube for broadcast com.google.android.youtube/.app.prefetch.PrefetchService$DeviceStateReceiver: pid=5450 uid=10063 gids={50063, 3003, 1015, 1006, 1028}
01-07 14:24:55.634 D/dalvikvm( 5450): GC_CONCURRENT freed 264K, 4% free 9004K/9308K, paused 2ms+1ms, total 18ms
01-07 14:24:55.724 D/dalvikvm( 5450): GC_CONCURRENT freed 281K, 4% free 9231K/9548K, paused 1ms+2ms, total 15ms
01-07 14:24:55.744 D/dalvikvm( 5450): DexOpt: --- BEGIN 'ads-1154878338.jar' (bootstrap=0) ---
01-07 14:24:55.774 D/dalvikvm( 5481): DexOpt: load 3ms, verify+opt 5ms, 144708 bytes
01-07 14:24:55.794 D/dalvikvm( 5450): DexOpt: --- END 'ads-1154878338.jar' (success) ---
01-07 14:24:55.794 D/dalvikvm( 5450): DEX prep '/data/data/com.google.android.youtube/cache/ads-1154878338.jar': unzip in 0ms, rewrite 54ms
01-07 14:24:55.845 I/System.out( 5189): Values: -12.539673 7.4386597 -1.2588501
01-07 14:24:55.845 I/System.out( 5189): Time difference in secs is: 782
01-07 14:24:55.875 D/dalvikvm( 5450): GC_CONCURRENT freed 246K, 3% free 9409K/9692K, paused 1ms+1ms, total 16ms
01-07 14:24:55.885 I/ConversionPing( 5450): Sending ping: http://googleads.g.doubleclick.net/pagead/viewthroughconversion/1001680686/?label=8cu4CIrA3gMQrt7R3QM&muid=EmUrK9jpBXsGnFBYwt80rw
01-07 14:24:55.895 E/ConversionPing( 5450): ConversionPing could not reach the url, no conversion sent.
01-07 14:24:55.895 D/MtpService(  661): updating state; isCurrentUser=true, mMtpLocked=false
01-07 14:24:55.895 D/MtpService(  661): addStorageLocked 65537 /storage/emulated/0
01-07 14:24:55.895 D/MtpService(  661): updating state; isCurrentUser=true, mMtpLocked=false
01-07 14:24:55.905 D/MtpService(  661): starting MTP server in MTP mode
01-07 14:24:55.905 D/MtpService(  661): addStorageLocked 65537 /storage/emulated/0
01-07 14:24:55.925 D/dalvikvm(  661): GC_CONCURRENT freed 410K, 5% free 9312K/9776K, paused 2ms+4ms, total 26ms
01-07 14:24:56.846 I/System.out( 5189): Values: -12.359619 7.798767 -1.2588501
01-07 14:24:56.846 I/System.out( 5189): Time difference in secs is: 782
01-07 14:24:57.186 D/dalvikvm(  523): GC_EXPLICIT freed 1982K, 17% free 17316K/20696K, paused 4ms+9ms, total 115ms
01-07 14:24:57.466 D/dalvikvm(  523): GC_EXPLICIT freed 248K, 18% free 17142K/20696K, paused 2ms+6ms, total 75ms
01-07 14:24:57.846 I/System.out( 5189): Values: -11.878967 7.978821 -1.6189575
01-07 14:24:57.846 I/System.out( 5189): Time difference in secs is: 782
01-07 14:24:58.847 I/System.out( 5189): Values: -11.878967 7.6797485 -1.739502
01-07 14:24:58.847 I/System.out( 5189): Time difference in secs is: 782
01-07 14:24:59.278 W/GAV2    ( 5384): Thread[GAThread,5,main]: Service unavailable (code=1), will retry.
01-07 14:24:59.278 W/ActivityManager(  523): Unable to start service Intent { act=com.google.android.gms.analytics.service.START (has extras) } U=0: not found
01-07 14:24:59.288 I/GAV2    ( 5384): Thread[GAThread,5,main]: No campaign data found.
01-07 14:24:59.848 I/System.out( 5189): Values: -12.539673 7.798767 -1.0192871
01-07 14:24:59.848 I/System.out( 5189): Time difference in secs is: 782
01-07 14:25:00.849 I/System.out( 5189): Values: -12.719727 7.6797485 -1.3793945
01-07 14:25:00.849 I/System.out( 5189): Time difference in secs is: 782
01-07 14:25:01.850 I/System.out( 5189): Values: -11.759949 7.499695 -1.5594482
01-07 14:25:01.850 I/System.out( 5189): Time difference in secs is: 782
01-07 14:25:02.851 I/System.out( 5189): Values: -12.478638 7.739258 -1.1398315
01-07 14:25:02.851 I/System.out( 5189): Time difference in secs is: 782
01-07 14:25:03.852 I/System.out( 5189): Values: -11.698914 7.978821 -1.1398315
01-07 14:25:03.852 I/System.out( 5189): Time difference in secs is: 782
01-07 14:25:04.293 W/GAV2    ( 5384): Thread[Service Reconnect,5,main]: Service unavailable (code=1), using local store.
01-07 14:25:04.293 W/ActivityManager(  523): Unable to start service Intent { act=com.google.android.gms.analytics.service.START (has extras) } U=0: not found
01-07 14:25:04.853 I/System.out( 5189): Values: -12.179565 7.9193115 -1.4389038
01-07 14:25:04.853 I/System.out( 5189): Time difference in secs is: 782
01-07 14:25:05.854 I/System.out( 5189): Values: -12.478638 7.798767 -1.3198853
01-07 14:25:05.854 I/System.out( 5189): Time difference in secs is: 782
01-07 14:25:06.845 I/System.out( 5189): Values: -12.298584 7.798767 -1.4389038
01-07 14:25:06.845 I/System.out( 5189): Time difference in secs is: 782
01-07 14:25:07.846 I/System.out( 5189): Values: -12.658691 8.099365 -1.3793945
01-07 14:25:07.846 I/System.out( 5189): Time difference in secs is: 782
01-07 14:25:08.847 I/System.out( 5189): Values: -12.419128 7.4386597 -1.499939
01-07 14:25:08.847 I/System.out( 5189): Time difference in secs is: 782
01-07 14:25:09.848 I/System.out( 5189): Values: -11.938477 7.798767 -0.8987427
01-07 14:25:09.848 I/System.out( 5189): Time difference in secs is: 782
01-07 14:25:10.849 I/System.out( 5189): Values: -11.938477 7.978821 -1.0787964
01-07 14:25:10.849 I/System.out( 5189): Time difference in secs is: 782
01-07 14:25:11.850 I/System.out( 5189): Values: -12.599182 7.499695 -1.2588501
01-07 14:25:11.850 I/System.out( 5189): Time difference in secs is: 782
01-07 14:25:12.851 I/System.out( 5189): Values: -11.938477 7.8598022 -2.0385742
01-07 14:25:12.851 I/System.out( 5189): Time difference in secs is: 782
01-07 14:25:13.852 I/System.out( 5189): Values: -12.539673 7.8598022 -1.1398315
01-07 14:25:13.852 I/System.out( 5189): Time difference in secs is: 782
01-07 14:25:14.853 I/System.out( 5189): Values: -12.059021 7.499695 -1.3198853
01-07 14:25:14.853 I/System.out( 5189): Time difference in secs is: 782
01-07 14:15:29.102 I/System.out( 5189): Values: 3.1188965 -19.979858 -31.799316
01-07 14:15:30.103 I/System.out( 5189): Values: 2.218628 -20.399475 -31.799316
01-07 14:15:31.094 I/System.out( 5189): Values: 2.218628 -20.458984 -32.099915
01-07 14:15:32.105 I/System.out( 5189): Values: 3.4194946 -20.098877 -32.218933
01-07 14:15:33.106 I/System.out( 5189): Values: 2.4597168 -19.558716 -31.799316
01-07 14:15:34.107 I/System.out( 5189): Values: 2.0385742 -20.27893 -32.218933
01-07 14:15:35.117 I/System.out( 5189): Values: 2.6397705 -19.499207 -32.398987
01-07 14:15:36.108 I/System.out( 5189): Values: 2.6397705 -20.039368 -32.339478
01-07 14:15:37.109 I/System.out( 5189): Values: 2.5787354 -20.27893 -31.858826
01-07 14:15:38.120 I/System.out( 5189): Values: 2.0996094 -20.098877 -31.91986
