01-11 11:53:19.689 I/System.out( 2130): Values: 178
01-11 11:53:19.699 I/System.out( 2130): Time difference in secs is: 781
01-11 11:53:20.700 I/System.out( 2130): Values: 151
01-11 11:53:20.700 I/System.out( 2130): Time difference in secs is: 781
01-11 11:53:21.691 I/System.out( 2130): Values: 101
01-11 11:53:21.701 I/System.out( 2130): Time difference in secs is: 781
01-11 11:53:22.692 I/System.out( 2130): Values: 57
01-11 11:53:22.702 I/System.out( 2130): Time difference in secs is: 781
01-11 11:53:23.703 I/System.out( 2130): Values: 33
01-11 11:53:23.703 I/System.out( 2130): Time difference in secs is: 781
01-11 11:53:24.704 I/System.out( 2130): Values: 15
01-11 11:53:24.704 I/System.out( 2130): Time difference in secs is: 781
01-11 11:53:25.705 I/System.out( 2130): Values: 146
01-11 11:53:25.705 I/System.out( 2130): Time difference in secs is: 781
01-11 11:53:26.706 I/System.out( 2130): Values: 54
01-11 11:53:26.716 I/System.out( 2130): Time difference in secs is: 781
01-11 11:53:27.707 I/System.out( 2130): Values: 692
01-11 11:53:27.717 I/System.out( 2130): Time difference in secs is: 781
01-11 11:53:28.708 I/System.out( 2130): Values: 82
01-11 11:53:28.718 I/System.out( 2130): Time difference in secs is: 781
01-11 11:53:29.709 I/System.out( 2130): Values: 122
01-11 11:53:29.709 I/System.out( 2130): Time difference in secs is: 781
01-11 11:53:30.710 I/System.out( 2130): Values: 18
01-11 11:53:30.710 I/System.out( 2130): Time difference in secs is: 781
01-11 11:53:31.711 I/System.out( 2130): Values: 267
01-11 11:53:31.711 I/System.out( 2130): Time difference in secs is: 781
01-11 11:53:32.712 I/System.out( 2130): Values: 234
01-11 11:53:32.712 I/System.out( 2130): Time difference in secs is: 781
01-11 11:53:33.713 I/System.out( 2130): Values: 42
01-11 11:53:33.713 I/System.out( 2130): Time difference in secs is: 781
01-11 11:53:34.714 I/System.out( 2130): Values: 35
01-11 11:53:34.714 I/System.out( 2130): Time difference in secs is: 781
01-11 11:53:35.715 I/System.out( 2130): Values: 317
01-11 11:53:35.715 I/System.out( 2130): Time difference in secs is: 781
01-11 11:53:36.716 I/System.out( 2130): Values: 26
01-11 11:53:36.716 I/System.out( 2130): Time difference in secs is: 781
01-11 11:53:37.717 I/System.out( 2130): Values: 15
01-11 11:53:37.727 I/System.out( 2130): Time difference in secs is: 781
01-11 11:53:38.718 I/System.out( 2130): Values: 161
01-11 11:53:38.728 I/System.out( 2130): Time difference in secs is: 781
01-11 11:53:39.719 I/System.out( 2130): Values: 230
01-11 11:53:39.719 I/System.out( 2130): Time difference in secs is: 781
01-11 11:53:40.720 I/System.out( 2130): Values: 17
01-11 11:53:40.720 I/System.out( 2130): Time difference in secs is: 781
01-11 11:53:41.721 I/System.out( 2130): Values: 30
01-11 11:53:41.721 I/System.out( 2130): Time difference in secs is: 781
01-11 11:53:42.722 I/System.out( 2130): Values: 31
01-11 11:53:42.722 I/System.out( 2130): Time difference in secs is: 781
01-11 11:53:43.723 I/System.out( 2130): Values: 19
01-11 11:53:43.723 I/System.out( 2130): Time difference in secs is: 781
01-11 11:53:44.724 I/System.out( 2130): Values: 58
01-11 11:53:44.734 I/System.out( 2130): Time difference in secs is: 781
01-11 11:53:45.725 I/System.out( 2130): Values: 19
01-11 11:53:45.735 I/System.out( 2130): Time difference in secs is: 781
01-11 11:53:46.735 I/System.out( 2130): Values: 23
01-11 11:53:46.735 I/System.out( 2130): Time difference in secs is: 781
01-11 11:53:47.726 I/System.out( 2130): Values: 29
01-11 11:53:47.736 I/System.out( 2130): Time difference in secs is: 781
01-11 11:53:48.737 I/System.out( 2130): Values: 168
01-11 11:53:48.737 I/System.out( 2130): Time difference in secs is: 781
01-11 11:53:49.738 I/System.out( 2130): Values: 754
01-11 11:53:49.738 I/System.out( 2130): Time difference in secs is: 781
01-11 11:53:50.729 I/System.out( 2130): Values: 1206
01-11 11:53:50.729 I/System.out( 2130): Time difference in secs is: 781
01-11 11:53:51.730 I/System.out( 2130): Values: 21
01-11 11:53:51.730 I/System.out( 2130): Time difference in secs is: 781
01-11 11:53:52.731 I/System.out( 2130): Values: 291
01-11 11:53:52.731 I/System.out( 2130): Time difference in secs is: 781
01-11 11:53:53.732 I/System.out( 2130): Values: 21
01-11 11:53:53.732 I/System.out( 2130): Time difference in secs is: 781
01-11 11:53:54.733 I/System.out( 2130): Values: 53
01-11 11:53:54.733 I/System.out( 2130): Time difference in secs is: 781
01-11 11:53:55.734 I/System.out( 2130): Values: 1026
01-11 11:53:55.734 I/System.out( 2130): Time difference in secs is: 781
01-11 11:53:56.735 I/System.out( 2130): Values: 15
01-11 11:53:56.745 I/System.out( 2130): Time difference in secs is: 781
01-11 11:53:57.736 I/System.out( 2130): Values: 245
01-11 11:53:57.736 I/System.out( 2130): Time difference in secs is: 781
01-11 11:53:58.737 I/System.out( 2130): Values: 15
01-11 11:53:58.737 I/System.out( 2130): Time difference in secs is: 781
01-11 11:53:59.738 I/System.out( 2130): Values: 161
01-11 11:53:59.738 I/System.out( 2130): Time difference in secs is: 781
01-11 11:54:00.739 I/System.out( 2130): Values: 124
01-11 11:54:00.739 I/System.out( 2130): Time difference in secs is: 781
01-11 11:54:01.730 I/System.out( 2130): Values: 184
01-11 11:54:01.740 I/System.out( 2130): Time difference in secs is: 781
01-11 11:54:02.731 I/System.out( 2130): Values: 73
01-11 11:54:02.741 I/System.out( 2130): Time difference in secs is: 781
01-11 11:54:03.732 I/System.out( 2130): Values: 65
01-11 11:54:03.742 I/System.out( 2130): Time difference in secs is: 781
01-11 11:54:04.733 I/System.out( 2130): Values: 170
01-11 11:54:04.743 I/System.out( 2130): Time difference in secs is: 781
01-11 11:54:05.734 I/System.out( 2130): Values: 349
01-11 11:54:05.744 I/System.out( 2130): Time difference in secs is: 781
01-11 11:54:06.735 I/System.out( 2130): Values: 23
01-11 11:54:06.745 I/System.out( 2130): Time difference in secs is: 781
01-11 11:54:07.736 I/System.out( 2130): Values: 22
01-11 11:54:07.746 I/System.out( 2130): Time difference in secs is: 781
01-11 11:54:08.737 I/System.out( 2130): Values: 1024
01-11 11:54:08.747 I/System.out( 2130): Time difference in secs is: 781
01-11 11:54:09.748 I/System.out( 2130): Values: 808
01-11 11:54:09.748 I/System.out( 2130): Time difference in secs is: 781
01-11 11:54:10.749 I/System.out( 2130): Values: 90
01-11 11:54:10.749 I/System.out( 2130): Time difference in secs is: 781
01-11 11:54:11.740 I/System.out( 2130): Values: 74
01-11 11:54:11.740 I/System.out( 2130): Time difference in secs is: 781
01-11 11:54:12.751 I/System.out( 2130): Values: 198
01-11 11:54:12.751 I/System.out( 2130): Time difference in secs is: 781
01-11 11:54:13.752 I/System.out( 2130): Values: 242
01-11 11:54:13.752 I/System.out( 2130): Time difference in secs is: 781
01-11 11:54:14.743 I/System.out( 2130): Values: 49
01-11 11:54:14.753 I/System.out( 2130): Time difference in secs is: 781
01-11 11:54:15.744 I/System.out( 2130): Values: 1112
01-11 11:54:15.754 I/System.out( 2130): Time difference in secs is: 781
01-11 11:54:16.755 I/System.out( 2130): Values: 2336
01-11 11:54:16.755 I/System.out( 2130): Time difference in secs is: 781
01-11 11:54:17.756 I/System.out( 2130): Values: 861
01-11 11:54:17.756 I/System.out( 2130): Time difference in secs is: 781
01-11 11:54:18.757 I/System.out( 2130): Values: 430
01-11 11:54:18.757 I/System.out( 2130): Time difference in secs is: 781
01-11 11:54:19.758 I/System.out( 2130): Values: 3857
01-11 11:54:19.758 I/System.out( 2130): Time difference in secs is: 781
01-11 11:54:20.759 I/System.out( 2130): Values: 1422
01-11 11:54:20.759 I/System.out( 2130): Time difference in secs is: 781
01-11 11:54:21.760 I/System.out( 2130): Values: 749
01-11 11:54:21.760 I/System.out( 2130): Time difference in secs is: 781
01-11 11:54:22.751 I/System.out( 2130): Values: 93
01-11 11:54:22.761 I/System.out( 2130): Time difference in secs is: 781
01-11 11:54:23.752 I/System.out( 2130): Values: 52
01-11 11:54:23.762 I/System.out( 2130): Time difference in secs is: 781
01-11 11:54:24.753 I/System.out( 2130): Values: 34
01-11 11:54:24.763 I/System.out( 2130): Time difference in secs is: 781
01-11 11:54:25.754 I/System.out( 2130): Values: 740
01-11 11:54:25.764 I/System.out( 2130): Time difference in secs is: 781
01-11 11:54:26.755 I/System.out( 2130): Values: 2016
01-11 11:54:26.765 I/System.out( 2130): Time difference in secs is: 781
01-11 11:54:27.766 I/System.out( 2130): Values: 101
01-11 11:54:27.766 I/System.out( 2130): Time difference in secs is: 781
01-11 11:54:28.766 I/System.out( 2130): Values: 22
01-11 11:54:28.766 I/System.out( 2130): Time difference in secs is: 781
01-11 11:54:29.767 I/System.out( 2130): Values: 18
01-11 11:54:29.767 I/System.out( 2130): Time difference in secs is: 781
01-11 11:54:30.768 I/System.out( 2130): Values: 134
01-11 11:54:30.768 I/System.out( 2130): Time difference in secs is: 781
01-11 11:54:31.769 I/System.out( 2130): Values: 17
01-11 11:54:31.769 I/System.out( 2130): Time difference in secs is: 781
01-11 11:54:32.770 I/System.out( 2130): Values: 41
01-11 11:54:32.770 I/System.out( 2130): Time difference in secs is: 781
01-11 11:54:33.761 I/System.out( 2130): Values: 497
01-11 11:54:33.771 I/System.out( 2130): Time difference in secs is: 781
01-11 11:54:34.772 I/System.out( 2130): Values: 1019
01-11 11:54:34.772 I/System.out( 2130): Time difference in secs is: 781
01-11 11:54:35.763 I/System.out( 2130): Values: 57
01-11 11:54:35.773 I/System.out( 2130): Time difference in secs is: 781
01-11 11:54:36.764 I/System.out( 2130): Values: 18
01-11 11:54:36.774 I/System.out( 2130): Time difference in secs is: 781
01-11 11:54:37.775 I/System.out( 2130): Values: 14
01-11 11:54:37.775 I/System.out( 2130): Time difference in secs is: 781
01-11 11:54:38.776 I/System.out( 2130): Values: 1410
01-11 11:54:38.776 I/System.out( 2130): Time difference in secs is: 781
01-11 11:54:39.777 I/System.out( 2130): Values: 19
01-11 11:54:39.777 I/System.out( 2130): Time difference in secs is: 781
01-11 11:54:40.778 I/System.out( 2130): Values: 15
01-11 11:54:40.778 I/System.out( 2130): Time difference in secs is: 781
01-11 11:54:41.769 I/System.out( 2130): Values: 18
01-11 11:54:41.769 I/System.out( 2130): Time difference in secs is: 781
01-11 11:54:42.770 I/System.out( 2130): Values: 31
01-11 11:54:42.770 I/System.out( 2130): Time difference in secs is: 781
01-11 11:54:43.771 I/System.out( 2130): Values: 23
01-11 11:54:43.771 I/System.out( 2130): Time difference in secs is: 781
01-11 11:54:44.772 I/System.out( 2130): Values: 624
01-11 11:54:44.772 I/System.out( 2130): Time difference in secs is: 781
01-11 11:54:45.773 I/System.out( 2130): Values: 1262
01-11 11:54:45.773 I/System.out( 2130): Time difference in secs is: 781
01-11 11:54:46.774 I/System.out( 2130): Values: 3225
01-11 11:54:46.774 I/System.out( 2130): Time difference in secs is: 781
01-11 11:54:47.775 I/System.out( 2130): Values: 1359
01-11 11:54:47.775 I/System.out( 2130): Time difference in secs is: 781
01-11 11:54:48.776 I/System.out( 2130): Values: 530
01-11 11:54:48.776 I/System.out( 2130): Time difference in secs is: 781
01-11 11:54:49.777 I/System.out( 2130): Values: 1746
01-11 11:54:49.777 I/System.out( 2130): Time difference in secs is: 781
01-11 11:54:50.778 I/System.out( 2130): Values: 7694
01-11 11:54:50.778 I/System.out( 2130): Time difference in secs is: 781
01-11 11:54:51.779 I/System.out( 2130): Values: 1033
01-11 11:54:51.779 I/System.out( 2130): Time difference in secs is: 781
01-11 11:54:52.770 I/System.out( 2130): Values: 1217
01-11 11:54:52.770 I/System.out( 2130): Time difference in secs is: 781
01-11 11:54:53.771 I/System.out( 2130): Values: 17
01-11 11:54:53.771 I/System.out( 2130): Time difference in secs is: 781
01-11 11:54:54.772 I/System.out( 2130): Values: 19
01-11 11:54:54.772 I/System.out( 2130): Time difference in secs is: 781
01-11 11:54:55.773 I/System.out( 2130): Values: 318
01-11 11:54:55.773 I/System.out( 2130): Time difference in secs is: 781
01-11 11:54:56.774 I/System.out( 2130): Values: 510
01-11 11:54:56.774 I/System.out( 2130): Time difference in secs is: 781
01-11 11:54:57.775 I/System.out( 2130): Values: 1189
01-11 11:54:57.775 I/System.out( 2130): Time difference in secs is: 781
01-11 11:54:58.776 I/System.out( 2130): Values: 2377
01-11 11:54:58.786 I/System.out( 2130): Time difference in secs is: 781
01-11 11:54:59.777 I/System.out( 2130): Values: 51
01-11 11:54:59.777 I/System.out( 2130): Time difference in secs is: 781
01-11 11:55:00.778 I/System.out( 2130): Values: 868
01-11 11:55:00.778 I/System.out( 2130): Time difference in secs is: 781
01-11 11:55:01.769 I/System.out( 2130): Values: 4657
01-11 11:55:01.769 I/System.out( 2130): Time difference in secs is: 781
01-11 11:55:02.770 I/System.out( 2130): Values: 1178
01-11 11:55:02.780 I/System.out( 2130): Time difference in secs is: 781
01-11 11:55:03.771 I/System.out( 2130): Values: 509
01-11 11:55:03.771 I/System.out( 2130): Time difference in secs is: 781
01-11 11:55:04.772 I/System.out( 2130): Values: 113
01-11 11:55:04.782 I/System.out( 2130): Time difference in secs is: 781
01-11 11:55:05.773 I/System.out( 2130): Values: 331
01-11 11:55:05.773 I/System.out( 2130): Time difference in secs is: 781
01-11 11:55:06.774 I/System.out( 2130): Values: 153
01-11 11:55:06.784 I/System.out( 2130): Time difference in secs is: 781
01-11 11:55:07.775 I/System.out( 2130): Values: 1196
01-11 11:55:07.785 I/System.out( 2130): Time difference in secs is: 781
01-11 11:55:08.776 I/System.out( 2130): Values: 1154
01-11 11:55:08.786 I/System.out( 2130): Time difference in secs is: 781
01-11 11:55:09.787 I/System.out( 2130): Values: 2251
01-11 11:55:09.787 I/System.out( 2130): Time difference in secs is: 781
01-11 11:55:10.787 I/System.out( 2130): Values: 507
01-11 11:55:10.787 I/System.out( 2130): Time difference in secs is: 781
01-11 11:55:11.788 I/System.out( 2130): Values: 567
01-11 11:55:11.788 I/System.out( 2130): Time difference in secs is: 781
01-11 11:55:12.779 I/System.out( 2130): Values: 145
01-11 11:55:12.789 I/System.out( 2130): Time difference in secs is: 781
01-11 11:55:13.790 I/System.out( 2130): Values: 333
01-11 11:55:13.790 I/System.out( 2130): Time difference in secs is: 781
01-11 11:55:14.791 I/System.out( 2130): Values: 1162
01-11 11:55:14.791 I/System.out( 2130): Time difference in secs is: 781
01-11 11:55:15.782 I/System.out( 2130): Values: 185
01-11 11:55:15.782 I/System.out( 2130): Time difference in secs is: 781
01-11 11:55:16.793 I/System.out( 2130): Values: 306
01-11 11:55:16.793 I/System.out( 2130): Time difference in secs is: 781
01-11 11:55:17.784 I/System.out( 2130): Values: 766
01-11 11:55:17.794 I/System.out( 2130): Time difference in secs is: 781
01-11 11:55:18.785 I/System.out( 2130): Values: 729
01-11 11:55:18.795 I/System.out( 2130): Time difference in secs is: 781
01-11 11:55:19.786 I/System.out( 2130): Values: 286
01-11 11:55:19.806 I/System.out( 2130): Time difference in secs is: 781
01-11 11:55:19.866 D/dalvikvm( 2130): GC_CONCURRENT freed 386K, 5% free 9039K/9464K, paused 8ms+1ms, total 65ms
01-11 11:55:20.787 I/System.out( 2130): Values: 228
01-11 11:55:20.797 I/System.out( 2130): Time difference in secs is: 781
01-11 11:55:21.798 I/System.out( 2130): Values: 19
01-11 11:55:21.798 I/System.out( 2130): Time difference in secs is: 781
01-11 11:55:22.789 I/System.out( 2130): Values: 17
01-11 11:55:22.789 I/System.out( 2130): Time difference in secs is: 781
01-11 11:55:23.790 I/System.out( 2130): Values: 107
01-11 11:55:23.790 I/System.out( 2130): Time difference in secs is: 781
01-11 11:55:24.791 I/System.out( 2130): Values: 223
01-11 11:55:24.791 I/System.out( 2130): Time difference in secs is: 781
01-11 11:55:25.792 I/System.out( 2130): Values: 292
01-11 11:55:25.792 I/System.out( 2130): Time difference in secs is: 781
01-11 11:55:26.793 I/System.out( 2130): Values: 4421
01-11 11:55:26.793 I/System.out( 2130): Time difference in secs is: 781
01-11 11:55:27.794 I/System.out( 2130): Values: 5941
01-11 11:55:27.804 I/System.out( 2130): Time difference in secs is: 781
01-11 11:55:28.795 I/System.out( 2130): Values: 5967
01-11 11:55:28.795 I/System.out( 2130): Time difference in secs is: 781
01-11 11:55:29.796 I/System.out( 2130): Values: 1461
01-11 11:55:29.796 I/System.out( 2130): Time difference in secs is: 781
01-11 11:55:30.797 I/System.out( 2130): Values: 1058
01-11 11:55:30.807 I/System.out( 2130): Time difference in secs is: 781
01-11 11:55:31.798 I/System.out( 2130): Values: 575
01-11 11:55:31.808 I/System.out( 2130): Time difference in secs is: 781
01-11 11:55:32.789 I/System.out( 2130): Values: 1991
01-11 11:55:32.799 I/System.out( 2130): Time difference in secs is: 781
01-11 11:55:33.790 I/System.out( 2130): Values: 6465
01-11 11:55:33.800 I/System.out( 2130): Time difference in secs is: 781
01-11 11:55:34.791 I/System.out( 2130): Values: 7020
01-11 11:55:34.801 I/System.out( 2130): Time difference in secs is: 781
01-11 11:55:35.792 I/System.out( 2130): Values: 715
01-11 11:55:35.802 I/System.out( 2130): Time difference in secs is: 781
01-11 11:55:36.793 I/System.out( 2130): Values: 32
01-11 11:55:36.803 I/System.out( 2130): Time difference in secs is: 781
01-11 11:55:37.794 I/System.out( 2130): Values: 90
01-11 11:55:37.804 I/System.out( 2130): Time difference in secs is: 781
01-11 11:55:38.805 I/System.out( 2130): Values: 5353
01-11 11:55:38.805 I/System.out( 2130): Time difference in secs is: 781
01-11 11:55:39.806 I/System.out( 2130): Values: 5585
01-11 11:55:39.806 I/System.out( 2130): Time difference in secs is: 781
01-11 11:55:40.807 I/System.out( 2130): Values: 3517
01-11 11:55:40.807 I/System.out( 2130): Time difference in secs is: 781
01-11 11:55:41.808 I/System.out( 2130): Values: 7018
01-11 11:55:41.808 I/System.out( 2130): Time difference in secs is: 781
01-11 11:55:42.809 I/System.out( 2130): Values: 6004
01-11 11:55:42.809 I/System.out( 2130): Time difference in secs is: 781
01-11 11:55:43.810 I/System.out( 2130): Values: 3192
01-11 11:55:43.810 I/System.out( 2130): Time difference in secs is: 781
01-11 11:55:44.811 I/System.out( 2130): Values: 7907
01-11 11:55:44.811 I/System.out( 2130): Time difference in secs is: 781
01-11 11:55:45.802 I/System.out( 2130): Values: 5817
01-11 11:55:45.812 I/System.out( 2130): Time difference in secs is: 781
01-11 11:55:46.803 I/System.out( 2130): Values: 1278
01-11 11:55:46.813 I/System.out( 2130): Time difference in secs is: 781
01-11 11:55:47.814 I/System.out( 2130): Values: 1758
01-11 11:55:47.814 I/System.out( 2130): Time difference in secs is: 781
01-11 11:55:48.805 I/System.out( 2130): Values: 4077
01-11 11:55:48.815 I/System.out( 2130): Time difference in secs is: 781
01-11 11:55:49.806 I/System.out( 2130): Values: 3973
01-11 11:55:49.816 I/System.out( 2130): Time difference in secs is: 781
01-11 11:55:50.807 I/System.out( 2130): Values: 6179
01-11 11:55:50.817 I/System.out( 2130): Time difference in secs is: 781
01-11 11:55:51.818 I/System.out( 2130): Values: 6833
01-11 11:55:51.818 I/System.out( 2130): Time difference in secs is: 781
01-11 11:55:52.808 I/System.out( 2130): Values: 1166
01-11 11:55:52.808 I/System.out( 2130): Time difference in secs is: 781
01-11 11:55:53.809 I/System.out( 2130): Values: 3406
01-11 11:55:53.809 I/System.out( 2130): Time difference in secs is: 781
01-11 11:55:54.810 I/System.out( 2130): Values: 933
01-11 11:55:54.810 I/System.out( 2130): Time difference in secs is: 781
01-11 11:55:55.811 I/System.out( 2130): Values: 2334
01-11 11:55:55.811 I/System.out( 2130): Time difference in secs is: 781
01-11 11:55:56.812 I/System.out( 2130): Values: 329
01-11 11:55:56.812 I/System.out( 2130): Time difference in secs is: 781
01-11 11:55:57.813 I/System.out( 2130): Values: 114
01-11 11:55:57.823 I/System.out( 2130): Time difference in secs is: 781
01-11 11:55:58.814 I/System.out( 2130): Values: 3297
01-11 11:55:58.814 I/System.out( 2130): Time difference in secs is: 781
01-11 11:55:59.815 I/System.out( 2130): Values: 2773
01-11 11:55:59.815 I/System.out( 2130): Time difference in secs is: 781
01-11 11:56:00.816 I/System.out( 2130): Values: 309
01-11 11:56:00.816 I/System.out( 2130): Time difference in secs is: 781
01-11 11:56:01.817 I/System.out( 2130): Values: 1470
01-11 11:56:01.827 I/System.out( 2130): Time difference in secs is: 781
01-11 11:56:02.818 I/System.out( 2130): Values: 1781
01-11 11:56:02.818 I/System.out( 2130): Time difference in secs is: 781
01-11 11:56:03.809 I/System.out( 2130): Values: 796
01-11 11:56:03.819 I/System.out( 2130): Time difference in secs is: 781
01-11 11:56:04.810 I/System.out( 2130): Values: 694
01-11 11:56:04.820 I/System.out( 2130): Time difference in secs is: 781
01-11 11:56:05.821 I/System.out( 2130): Values: 651
01-11 11:56:05.821 I/System.out( 2130): Time difference in secs is: 781
01-11 11:56:06.822 I/System.out( 2130): Values: 2054
01-11 11:56:06.822 I/System.out( 2130): Time difference in secs is: 781
01-11 11:56:07.823 I/System.out( 2130): Values: 2813
01-11 11:56:07.833 I/System.out( 2130): Time difference in secs is: 781
01-11 11:56:08.824 I/System.out( 2130): Values: 717
01-11 11:56:08.824 I/System.out( 2130): Time difference in secs is: 781
01-11 11:56:09.825 I/System.out( 2130): Values: 1352
01-11 11:56:09.835 I/System.out( 2130): Time difference in secs is: 781
01-11 11:56:10.836 I/System.out( 2130): Values: 274
01-11 11:56:10.836 I/System.out( 2130): Time difference in secs is: 781
01-11 11:56:11.837 I/System.out( 2130): Values: 3553
01-11 11:56:11.837 I/System.out( 2130): Time difference in secs is: 781
01-11 11:56:12.838 I/System.out( 2130): Values: 2441
01-11 11:56:12.848 I/System.out( 2130): Time difference in secs is: 781
01-11 11:56:13.829 I/System.out( 2130): Values: 223
01-11 11:56:13.829 I/System.out( 2130): Time difference in secs is: 781
01-11 11:56:14.830 I/System.out( 2130): Values: 405
01-11 11:56:14.830 I/System.out( 2130): Time difference in secs is: 781
01-11 11:56:15.831 I/System.out( 2130): Values: 170
01-11 11:56:15.831 I/System.out( 2130): Time difference in secs is: 781
01-11 11:56:16.832 I/System.out( 2130): Values: 265
01-11 11:56:16.832 I/System.out( 2130): Time difference in secs is: 781
01-11 11:56:17.833 I/System.out( 2130): Values: 98
01-11 11:56:17.833 I/System.out( 2130): Time difference in secs is: 781
01-11 11:56:18.834 I/System.out( 2130): Values: 77
01-11 11:56:18.834 I/System.out( 2130): Time difference in secs is: 781
01-11 11:56:19.835 I/System.out( 2130): Values: 206
01-11 11:56:19.835 I/System.out( 2130): Time difference in secs is: 781
01-11 11:56:20.836 I/System.out( 2130): Values: 493
01-11 11:56:20.836 I/System.out( 2130): Time difference in secs is: 781
01-11 11:56:21.837 I/System.out( 2130): Values: 425
01-11 11:56:21.837 I/System.out( 2130): Time difference in secs is: 781
01-11 11:56:22.838 I/System.out( 2130): Values: 141
01-11 11:56:22.838 I/System.out( 2130): Time difference in secs is: 781
01-11 11:56:23.839 I/System.out( 2130): Values: 106
01-11 11:56:23.839 I/System.out( 2130): Time difference in secs is: 781
01-11 11:56:24.830 I/System.out( 2130): Values: 90
01-11 11:56:24.830 I/System.out( 2130): Time difference in secs is: 781
01-11 11:56:25.831 I/System.out( 2130): Values: 373
01-11 11:56:25.831 I/System.out( 2130): Time difference in secs is: 781
01-11 11:56:26.832 I/System.out( 2130): Values: 533
01-11 11:56:26.832 I/System.out( 2130): Time difference in secs is: 781
01-11 11:56:27.833 I/System.out( 2130): Values: 171
01-11 11:56:27.843 I/System.out( 2130): Time difference in secs is: 781
01-11 11:56:28.834 I/System.out( 2130): Values: 1387
01-11 11:56:28.834 I/System.out( 2130): Time difference in secs is: 781
01-11 11:56:29.835 I/System.out( 2130): Values: 1314
01-11 11:56:29.845 I/System.out( 2130): Time difference in secs is: 781
01-11 11:56:30.836 I/System.out( 2130): Values: 1320
01-11 11:56:30.846 I/System.out( 2130): Time difference in secs is: 781
01-11 11:56:31.837 I/System.out( 2130): Values: 352
01-11 11:56:31.847 I/System.out( 2130): Time difference in secs is: 781
01-11 11:56:32.838 I/System.out( 2130): Values: 5797
01-11 11:56:32.848 I/System.out( 2130): Time difference in secs is: 781
01-11 11:56:33.839 I/System.out( 2130): Values: 5238
01-11 11:56:33.839 I/System.out( 2130): Time difference in secs is: 781
01-11 11:56:34.850 I/System.out( 2130): Values: 1941
01-11 11:56:34.850 I/System.out( 2130): Time difference in secs is: 781
01-11 11:56:35.850 I/System.out( 2130): Values: 1066
01-11 11:56:35.850 I/System.out( 2130): Time difference in secs is: 781
01-11 11:56:36.841 I/System.out( 2130): Values: 1078
01-11 11:56:36.851 I/System.out( 2130): Time difference in secs is: 781
01-11 11:56:37.842 I/System.out( 2130): Values: 841
01-11 11:56:37.852 I/System.out( 2130): Time difference in secs is: 781
01-11 11:56:38.853 I/System.out( 2130): Values: 3526
01-11 11:56:38.853 I/System.out( 2130): Time difference in secs is: 781
01-11 11:56:39.854 I/System.out( 2130): Values: 446
01-11 11:56:39.854 I/System.out( 2130): Time difference in secs is: 781
01-11 11:56:40.855 I/System.out( 2130): Values: 1396
01-11 11:56:40.855 I/System.out( 2130): Time difference in secs is: 781
01-11 11:56:41.856 I/System.out( 2130): Values: 266
01-11 11:56:41.856 I/System.out( 2130): Time difference in secs is: 781
01-11 11:56:42.857 I/System.out( 2130): Values: 1446
01-11 11:56:42.867 I/System.out( 2130): Time difference in secs is: 781
01-11 11:56:43.858 I/System.out( 2130): Values: 426
01-11 11:56:43.868 I/System.out( 2130): Time difference in secs is: 781
01-11 11:56:44.849 I/System.out( 2130): Values: 1267
01-11 11:56:44.849 I/System.out( 2130): Time difference in secs is: 781
01-11 11:56:45.850 I/System.out( 2130): Values: 2557
01-11 11:56:45.850 I/System.out( 2130): Time difference in secs is: 781
01-11 11:56:46.851 I/System.out( 2130): Values: 2348
01-11 11:56:46.851 I/System.out( 2130): Time difference in secs is: 781
01-11 11:56:47.852 I/System.out( 2130): Values: 2499
01-11 11:56:47.852 I/System.out( 2130): Time difference in secs is: 781
01-11 11:56:48.853 I/System.out( 2130): Values: 1780
01-11 11:56:48.863 I/System.out( 2130): Time difference in secs is: 781
01-11 11:56:49.854 I/System.out( 2130): Values: 530
01-11 11:56:49.854 I/System.out( 2130): Time difference in secs is: 781
01-11 11:56:50.855 I/System.out( 2130): Values: 9135
01-11 11:56:50.865 I/System.out( 2130): Time difference in secs is: 781
01-11 11:56:51.856 I/System.out( 2130): Values: 4838
01-11 11:56:51.866 I/System.out( 2130): Time difference in secs is: 781
01-11 11:56:52.867 I/System.out( 2130): Values: 7837
01-11 11:56:52.867 I/System.out( 2130): Time difference in secs is: 781
01-11 11:56:53.868 I/System.out( 2130): Values: 1870
01-11 11:56:53.868 I/System.out( 2130): Time difference in secs is: 781
01-11 11:56:54.869 I/System.out( 2130): Values: 2562
01-11 11:56:54.869 I/System.out( 2130): Time difference in secs is: 781
01-11 11:56:55.860 I/System.out( 2130): Values: 1038
01-11 11:56:55.870 I/System.out( 2130): Time difference in secs is: 781
01-11 11:56:56.861 I/System.out( 2130): Values: 6069
01-11 11:56:56.871 I/System.out( 2130): Time difference in secs is: 781
01-11 11:56:57.872 I/System.out( 2130): Values: 2610
01-11 11:56:57.872 I/System.out( 2130): Time difference in secs is: 781
01-11 11:56:58.873 I/System.out( 2130): Values: 3181
01-11 11:56:58.873 I/System.out( 2130): Time difference in secs is: 781
01-11 11:56:59.874 I/System.out( 2130): Values: 4842
01-11 11:56:59.874 I/System.out( 2130): Time difference in secs is: 781
01-11 11:57:00.875 I/System.out( 2130): Values: 12697
01-11 11:57:00.875 I/System.out( 2130): Time difference in secs is: 781
01-11 11:57:01.876 I/System.out( 2130): Values: 23633
01-11 11:57:01.876 I/System.out( 2130): Time difference in secs is: 781
01-11 11:57:02.877 I/System.out( 2130): Values: 30129
01-11 11:57:02.887 I/System.out( 2130): Time difference in secs is: 781
01-11 11:57:03.878 I/System.out( 2130): Values: 28425
01-11 11:57:03.878 I/System.out( 2130): Time difference in secs is: 781
01-11 11:57:04.869 I/System.out( 2130): Values: 30022
01-11 11:57:04.869 I/System.out( 2130): Time difference in secs is: 781
01-11 11:57:05.870 I/System.out( 2130): Values: 29781
01-11 11:57:05.870 I/System.out( 2130): Time difference in secs is: 781
01-11 11:57:06.871 I/System.out( 2130): Values: 29218
01-11 11:57:06.871 I/System.out( 2130): Time difference in secs is: 781
01-11 11:57:07.872 I/System.out( 2130): Values: 23150
01-11 11:57:07.872 I/System.out( 2130): Time difference in secs is: 781
01-11 11:57:08.873 I/System.out( 2130): Values: 14991
01-11 11:57:08.873 I/System.out( 2130): Time difference in secs is: 781
01-11 11:57:09.874 I/System.out( 2130): Values: 15763
01-11 11:57:09.874 I/System.out( 2130): Time difference in secs is: 781
01-11 11:57:10.875 I/System.out( 2130): Values: 19294
01-11 11:57:10.875 I/System.out( 2130): Time difference in secs is: 781
01-11 11:57:11.876 I/System.out( 2130): Values: 25605
01-11 11:57:11.876 I/System.out( 2130): Time difference in secs is: 781
01-11 11:57:12.877 I/System.out( 2130): Values: 18177
01-11 11:57:12.877 I/System.out( 2130): Time difference in secs is: 781
01-11 11:57:13.878 I/System.out( 2130): Values: 21104
01-11 11:57:13.878 I/System.out( 2130): Time difference in secs is: 781
01-11 11:57:14.869 I/System.out( 2130): Values: 19882
01-11 11:57:14.869 I/System.out( 2130): Time difference in secs is: 781
01-11 11:57:15.870 I/System.out( 2130): Values: 20054
01-11 11:57:15.870 I/System.out( 2130): Time difference in secs is: 781
01-11 11:57:16.870 I/System.out( 2130): Values: 16577
01-11 11:57:16.870 I/System.out( 2130): Time difference in secs is: 781
01-11 11:57:17.871 I/System.out( 2130): Values: 18289
01-11 11:57:17.871 I/System.out( 2130): Time difference in secs is: 781
01-11 11:57:18.872 I/System.out( 2130): Values: 20877
01-11 11:57:18.872 I/System.out( 2130): Time difference in secs is: 781
01-11 11:57:19.873 I/System.out( 2130): Values: 21694
01-11 11:57:19.873 I/System.out( 2130): Time difference in secs is: 781
01-11 11:57:20.874 I/System.out( 2130): Values: 17781
01-11 11:57:20.874 I/System.out( 2130): Time difference in secs is: 781
01-11 11:57:21.875 I/System.out( 2130): Values: 15597
01-11 11:57:21.875 I/System.out( 2130): Time difference in secs is: 781
01-11 11:57:22.876 I/System.out( 2130): Values: 18517
01-11 11:57:22.876 I/System.out( 2130): Time difference in secs is: 781
01-11 11:57:23.877 I/System.out( 2130): Values: 19941
01-11 11:57:23.887 I/System.out( 2130): Time difference in secs is: 781
01-11 11:57:24.878 I/System.out( 2130): Values: 21149
01-11 11:57:24.888 I/System.out( 2130): Time difference in secs is: 781
01-11 11:57:25.879 I/System.out( 2130): Values: 20647
01-11 11:57:25.879 I/System.out( 2130): Time difference in secs is: 781
01-11 11:57:26.880 I/System.out( 2130): Values: 17993
01-11 11:57:26.880 I/System.out( 2130): Time difference in secs is: 781
01-11 11:57:27.881 I/System.out( 2130): Values: 15831
01-11 11:57:27.881 I/System.out( 2130): Time difference in secs is: 781
01-11 11:57:28.882 I/System.out( 2130): Values: 17802
01-11 11:57:28.882 I/System.out( 2130): Time difference in secs is: 781
01-11 11:57:29.883 I/System.out( 2130): Values: 17464
01-11 11:57:29.883 I/System.out( 2130): Time difference in secs is: 781
01-11 11:57:30.884 I/System.out( 2130): Values: 17422
01-11 11:57:30.884 I/System.out( 2130): Time difference in secs is: 781
01-11 11:57:31.885 I/System.out( 2130): Values: 17631
01-11 11:57:31.885 I/System.out( 2130): Time difference in secs is: 781
01-11 11:57:32.886 I/System.out( 2130): Values: 19160
01-11 11:57:32.886 I/System.out( 2130): Time difference in secs is: 781
01-11 11:57:33.887 I/System.out( 2130): Values: 18178
01-11 11:57:33.897 I/System.out( 2130): Time difference in secs is: 781
01-11 11:57:34.898 I/System.out( 2130): Values: 15540
01-11 11:57:34.898 I/System.out( 2130): Time difference in secs is: 781
01-11 11:57:35.889 I/System.out( 2130): Values: 18898
01-11 11:57:35.889 I/System.out( 2130): Time difference in secs is: 781
01-11 11:57:36.890 I/System.out( 2130): Values: 17647
01-11 11:57:36.890 I/System.out( 2130): Time difference in secs is: 781
01-11 11:57:37.891 I/System.out( 2130): Values: 15830
01-11 11:57:37.891 I/System.out( 2130): Time difference in secs is: 781
01-11 11:57:38.892 I/System.out( 2130): Values: 15806
01-11 11:57:38.892 I/System.out( 2130): Time difference in secs is: 781
01-11 11:57:39.893 I/System.out( 2130): Values: 17534
01-11 11:57:39.893 I/System.out( 2130): Time difference in secs is: 781
01-11 11:57:40.894 I/System.out( 2130): Values: 17084
01-11 11:57:40.894 I/System.out( 2130): Time difference in secs is: 781
01-11 11:57:41.895 I/System.out( 2130): Values: 19910
01-11 11:57:41.895 I/System.out( 2130): Time difference in secs is: 781
01-11 11:57:42.896 I/System.out( 2130): Values: 15382
01-11 11:57:42.896 I/System.out( 2130): Time difference in secs is: 781
01-11 11:57:43.897 I/System.out( 2130): Values: 15906
01-11 11:57:43.897 I/System.out( 2130): Time difference in secs is: 781
01-11 11:57:44.898 I/System.out( 2130): Values: 16445
01-11 11:57:44.898 I/System.out( 2130): Time difference in secs is: 781
01-11 11:57:45.899 I/System.out( 2130): Values: 17684
01-11 11:57:45.899 I/System.out( 2130): Time difference in secs is: 781
01-11 11:57:46.890 I/System.out( 2130): Values: 15683
01-11 11:57:46.890 I/System.out( 2130): Time difference in secs is: 781
01-11 11:57:47.891 I/System.out( 2130): Values: 17873
01-11 11:57:47.891 I/System.out( 2130): Time difference in secs is: 781
01-11 11:57:48.892 I/System.out( 2130): Values: 19986
01-11 11:57:48.892 I/System.out( 2130): Time difference in secs is: 781
01-11 11:57:48.982 D/dalvikvm( 2130): GC_CONCURRENT freed 386K, 5% free 9039K/9464K, paused 4ms+1ms, total 80ms
01-11 11:57:49.893 I/System.out( 2130): Values: 16946
01-11 11:57:49.903 I/System.out( 2130): Time difference in secs is: 781
01-11 11:57:50.894 I/System.out( 2130): Values: 17799
01-11 11:57:50.904 I/System.out( 2130): Time difference in secs is: 781
01-11 11:57:51.905 I/System.out( 2130): Values: 32767
01-11 11:57:51.905 I/System.out( 2130): Time difference in secs is: 781
01-11 11:57:52.906 I/System.out( 2130): Values: 19109
01-11 11:57:52.906 I/System.out( 2130): Time difference in secs is: 781
01-11 11:57:53.907 I/System.out( 2130): Values: 20417
01-11 11:57:53.907 I/System.out( 2130): Time difference in secs is: 781
01-11 11:57:54.908 I/System.out( 2130): Values: 16327
01-11 11:57:54.908 I/System.out( 2130): Time difference in secs is: 781
01-11 11:57:55.909 I/System.out( 2130): Values: 20018
01-11 11:57:55.909 I/System.out( 2130): Time difference in secs is: 781
01-11 11:57:56.900 I/System.out( 2130): Values: 19825
01-11 11:57:56.900 I/System.out( 2130): Time difference in secs is: 781
01-11 11:57:57.901 I/System.out( 2130): Values: 18621
01-11 11:57:57.901 I/System.out( 2130): Time difference in secs is: 781
01-11 11:57:58.902 I/System.out( 2130): Values: 21256
01-11 11:57:58.902 I/System.out( 2130): Time difference in secs is: 781
01-11 11:57:59.902 I/System.out( 2130): Values: 22578
01-11 11:57:59.902 I/System.out( 2130): Time difference in secs is: 781
01-11 11:58:00.903 I/System.out( 2130): Values: 17003
01-11 11:58:00.903 I/System.out( 2130): Time difference in secs is: 781
01-11 11:58:01.904 I/System.out( 2130): Values: 17421
01-11 11:58:01.904 I/System.out( 2130): Time difference in secs is: 781
01-11 11:58:02.905 I/System.out( 2130): Values: 15960
01-11 11:58:02.915 I/System.out( 2130): Time difference in secs is: 781
01-11 11:58:03.906 I/System.out( 2130): Values: 15338
01-11 11:58:03.916 I/System.out( 2130): Time difference in secs is: 781
01-11 11:58:04.907 I/System.out( 2130): Values: 16566
01-11 11:58:04.917 I/System.out( 2130): Time difference in secs is: 781
01-11 11:58:05.918 I/System.out( 2130): Values: 16590
01-11 11:58:05.918 I/System.out( 2130): Time difference in secs is: 781
01-11 11:58:06.909 I/System.out( 2130): Values: 16335
01-11 11:58:06.909 I/System.out( 2130): Time difference in secs is: 781
01-11 11:58:07.910 I/System.out( 2130): Values: 18889
01-11 11:58:07.910 I/System.out( 2130): Time difference in secs is: 781
01-11 11:58:08.911 I/System.out( 2130): Values: 15170
01-11 11:58:08.911 I/System.out( 2130): Time difference in secs is: 781
01-11 11:58:09.912 I/System.out( 2130): Values: 15387
01-11 11:58:09.912 I/System.out( 2130): Time difference in secs is: 781
01-11 11:58:10.913 I/System.out( 2130): Values: 14018
01-11 11:58:10.913 I/System.out( 2130): Time difference in secs is: 781
01-11 11:58:11.914 I/System.out( 2130): Values: 18590
01-11 11:58:11.914 I/System.out( 2130): Time difference in secs is: 781
01-11 11:58:12.915 I/System.out( 2130): Values: 16592
01-11 11:58:12.915 I/System.out( 2130): Time difference in secs is: 781
01-11 11:58:13.916 I/System.out( 2130): Values: 32767
01-11 11:58:13.916 I/System.out( 2130): Time difference in secs is: 781
01-11 11:58:14.917 I/System.out( 2130): Values: 17754
01-11 11:58:14.917 I/System.out( 2130): Time difference in secs is: 781
01-11 11:58:15.918 I/System.out( 2130): Values: 13470
01-11 11:58:15.918 I/System.out( 2130): Time difference in secs is: 781
01-11 11:58:16.909 I/System.out( 2130): Values: 11937
01-11 11:58:16.909 I/System.out( 2130): Time difference in secs is: 781
01-11 11:58:17.910 I/System.out( 2130): Values: 13579
01-11 11:58:17.910 I/System.out( 2130): Time difference in secs is: 781
01-11 11:58:18.911 I/System.out( 2130): Values: 11456
01-11 11:58:18.911 I/System.out( 2130): Time difference in secs is: 781
01-11 11:58:19.912 I/System.out( 2130): Values: 15192
01-11 11:58:19.912 I/System.out( 2130): Time difference in secs is: 781
01-11 11:58:20.913 I/System.out( 2130): Values: 32767
01-11 11:58:20.923 I/System.out( 2130): Time difference in secs is: 781
01-11 11:58:21.914 I/System.out( 2130): Values: 6136
01-11 11:58:21.924 I/System.out( 2130): Time difference in secs is: 781
01-11 11:58:22.925 I/System.out( 2130): Values: 32767
01-11 11:58:22.925 I/System.out( 2130): Time difference in secs is: 781
01-11 11:58:23.876 I/EntropyMixer(  506): Writing entropy...
01-11 11:58:23.886 I/ActivityManager(  506): Start proc com.android.chrome for broadcast com.android.chrome/org.chromium.base.PowerStatusReceiver: pid=2313 uid=10009 gids={50009, 1006, 3003, 1015, 1028}
01-11 11:58:23.886 W/PowerUI (  583): unknown intent: Intent { act=android.intent.action.ACTION_POWER_CONNECTED flg=0x8000010 }
01-11 11:58:23.926 I/System.out( 2130): Values: 32767
01-11 11:58:23.926 I/System.out( 2130): Time difference in secs is: 781
01-11 11:58:23.946 I/ActivityManager(  506): Start proc com.google.android.gallery3d for broadcast com.google.android.gallery3d/com.google.android.picasasync.BatteryReceiver: pid=2330 uid=10019 gids={50019, 1006, 3003, 1015, 1028}
01-11 11:58:23.946 I/ActivityManager(  506): No longer want com.google.android.apps.plus (pid 1689): empty for 2604s
01-11 11:58:24.026 E/        (  761): RS Message thread exiting.
01-11 11:58:24.036 E/RenderScript(  761): rsAssert failed: !mTypes.size(), in frameworks/rs/rsType.cpp at 59
01-11 11:58:24.036 E/RenderScript(  761): rsAssert failed: !mElements.size(), in frameworks/rs/rsElement.cpp at 375
01-11 11:58:24.036 D/dalvikvm( 2330): GC_CONCURRENT freed 333K, 4% free 9013K/9384K, paused 2ms+2ms, total 24ms
01-11 11:58:24.076 I/ActivityManager(  506): Start proc com.google.android.apps.uploader for broadcast com.google.android.apps.uploader/com.google.android.picasasync.BatteryReceiver: pid=2351 uid=10040 gids={50040, 3003, 1015, 1028}
01-11 11:58:24.076 I/ActivityManager(  506): No longer want com.android.vending (pid 1403): empty for 2594s
01-11 11:58:24.086 W/ActivityManager(  506): Scheduling restart of crashed service com.android.vending/com.google.android.finsky.services.DailyHygiene in 5000ms
01-11 11:58:24.096 D/UploadsManager( 2330):    wifiOnlyPhoto changed to true
01-11 11:58:24.096 D/UploadsManager( 2330):    wifiOnlyVideo changed to true
01-11 11:58:24.096 D/UploadsManager( 2330):    syncOnBattery changed to true
01-11 11:58:24.096 D/PicasaSync( 2330): sync account database
01-11 11:58:24.116 D/PicasaSync( 2330): accounts in DB=0
01-11 11:58:24.116 D/PicasaSyncManager( 2330): background data: true
01-11 11:58:24.126 D/PicasaSyncManager( 2330): battery info: true
01-11 11:58:24.146 I/ActivityManager(  506): Start proc com.google.android.apps.plus for broadcast com.google.android.apps.plus/.iu.InstantUploadEnvironment$BatteryReceiver: pid=2374 uid=10050 gids={50050, 3003, 3002, 1015, 1006, 1028}
01-11 11:58:24.156 D/dalvikvm(  506): GC_CONCURRENT freed 1697K, 18% free 15983K/19464K, paused 3ms+6ms, total 55ms
01-11 11:58:24.156 D/PicasaUploader( 2351):    wifiOnlyPhoto changed to true
01-11 11:58:24.156 D/PicasaUploader( 2351):    wifiOnlyVideo changed to true
01-11 11:58:24.156 D/PicasaUploader( 2351):    syncOnBattery changed to true
01-11 11:58:24.156 D/PicasaUploaderSync( 2351): sync account database
01-11 11:58:24.166 D/PicasaUploaderSync( 2351): accounts in DB=0
01-11 11:58:24.166 D/PicasaUploaderSyncManager( 2351): background data: true
01-11 11:58:24.176 D/PicasaUploaderSyncManager( 2351): battery info: true
01-11 11:58:24.226 D/dalvikvm( 2374): GC_CONCURRENT freed 358K, 5% free 9018K/9412K, paused 2ms+2ms, total 19ms
01-11 11:58:24.226 D/dalvikvm( 2374): WAIT_FOR_CONCURRENT_GC blocked 9ms
01-11 11:58:24.226 D/dalvikvm( 2374): WAIT_FOR_CONCURRENT_GC blocked 9ms
01-11 11:58:24.266 D/dalvikvm( 2374): GC_CONCURRENT freed 116K, 2% free 9411K/9568K, paused 2ms+2ms, total 14ms
01-11 11:58:24.266 D/dalvikvm( 2374): WAIT_FOR_CONCURRENT_GC blocked 4ms
01-11 11:58:24.316 D/dalvikvm( 2374): GC_CONCURRENT freed 144K, 2% free 9767K/9960K, paused 1ms+2ms, total 18ms
01-11 11:58:24.316 D/dalvikvm( 2374): WAIT_FOR_CONCURRENT_GC blocked 7ms
01-11 11:58:24.376 D/dalvikvm( 2374): GC_CONCURRENT freed 144K, 2% free 10111K/10316K, paused 1ms+2ms, total 20ms
01-11 11:58:24.376 D/dalvikvm( 2374): WAIT_FOR_CONCURRENT_GC blocked 7ms
01-11 11:58:24.426 D/dalvikvm( 2374): GC_CONCURRENT freed 136K, 2% free 10452K/10660K, paused 1ms+2ms, total 23ms
01-11 11:58:24.426 D/dalvikvm( 2374): WAIT_FOR_CONCURRENT_GC blocked 13ms
01-11 11:58:24.486 D/dalvikvm( 2374): GC_CONCURRENT freed 330K, 4% free 10571K/10988K, paused 1ms+1ms, total 24ms
01-11 11:58:24.486 D/dalvikvm( 2374): WAIT_FOR_CONCURRENT_GC blocked 22ms
01-11 11:58:24.527 D/dalvikvm( 2374): GC_FOR_ALLOC freed 62K, 4% free 10635K/10988K, paused 34ms, total 34ms
01-11 11:58:24.557 D/dalvikvm( 2374): GC_FOR_ALLOC freed 126K, 5% free 10763K/11244K, paused 34ms, total 34ms
01-11 11:58:24.567 I/dalvikvm-heap( 2374): Grow heap (frag case) to 10.784MB for 250434-byte allocation
01-11 11:58:24.597 D/dalvikvm( 2374): GC_FOR_ALLOC freed 0K, 5% free 11008K/11492K, paused 33ms, total 33ms
01-11 11:58:24.627 D/dalvikvm( 2374): GC_FOR_ALLOC freed 499K, 7% free 11010K/11748K, paused 23ms, total 23ms
01-11 11:58:24.657 D/dalvikvm( 2374): GC_FOR_ALLOC freed 369K, 6% free 11127K/11748K, paused 22ms, total 22ms
01-11 11:58:24.677 D/dalvikvm( 2374): GC_FOR_ALLOC freed 126K, 5% free 11254K/11748K, paused 21ms, total 21ms
01-11 11:58:24.767 D/dalvikvm( 2374): GC_CONCURRENT freed 373K, 4% free 11683K/12092K, paused 3ms+2ms, total 40ms
01-11 11:58:24.767 D/dalvikvm( 2374): WAIT_FOR_CONCURRENT_GC blocked 16ms
01-11 11:58:24.897 D/dalvikvm( 2374): GC_CONCURRENT freed 206K, 2% free 12422K/12664K, paused 2ms+2ms, total 31ms
01-11 11:58:24.897 D/dalvikvm( 2374): WAIT_FOR_CONCURRENT_GC blocked 14ms
01-11 11:58:24.927 I/System.out( 2130): Values: 32741
01-11 11:58:24.927 I/System.out( 2130): Time difference in secs is: 781
01-11 11:58:25.037 D/dalvikvm( 2374): GC_CONCURRENT freed 499K, 4% free 13112K/13648K, paused 1ms+2ms, total 34ms
01-11 11:58:25.037 D/dalvikvm( 2374): WAIT_FOR_CONCURRENT_GC blocked 10ms
01-11 11:58:25.247 D/dalvikvm( 2374): GC_CONCURRENT freed 587K, 5% free 13944K/14568K, paused 2ms+2ms, total 43ms
01-11 11:58:25.247 D/dalvikvm( 2374): WAIT_FOR_CONCURRENT_GC blocked 24ms
01-11 11:58:25.307 D/gp.PicasaPhotoCP( 2374): set fsid first time:-1
01-11 11:58:25.317 I/ActivityManager(  506): Start proc com.google.android.youtube for broadcast com.google.android.youtube/.app.prefetch.PrefetchService$DeviceStateReceiver: pid=2403 uid=10063 gids={50063, 3003, 1015, 1006, 1028}
01-11 11:58:25.427 D/dalvikvm( 2403): GC_CONCURRENT freed 282K, 4% free 9002K/9320K, paused 2ms+2ms, total 17ms
01-11 11:58:25.527 D/dalvikvm( 2403): GC_CONCURRENT freed 280K, 4% free 9233K/9552K, paused 2ms+2ms, total 16ms
01-11 11:58:25.537 D/dalvikvm( 2403): DexOpt: --- BEGIN 'ads-55861551.jar' (bootstrap=0) ---
01-11 11:58:25.578 D/dalvikvm( 2434): DexOpt: load 3ms, verify+opt 5ms, 144708 bytes
01-11 11:58:25.598 D/dalvikvm( 2403): DexOpt: --- END 'ads-55861551.jar' (success) ---
01-11 11:58:25.598 D/dalvikvm( 2403): DEX prep '/data/data/com.google.android.youtube/cache/ads-55861551.jar': unzip in 0ms, rewrite 61ms
01-11 11:58:25.728 D/dalvikvm( 2403): GC_CONCURRENT freed 258K, 4% free 9417K/9712K, paused 2ms+3ms, total 30ms
01-11 11:58:25.738 I/ConversionPing( 2403): Sending ping: http://googleads.g.doubleclick.net/pagead/viewthroughconversion/1001680686/?label=8cu4CIrA3gMQrt7R3QM&muid=EmUrK9jpBXsGnFBYwt80rw
01-11 11:58:25.738 E/ConversionPing( 2403): ConversionPing could not reach the url, no conversion sent.
01-11 11:58:25.758 D/MtpService(  645): updating state; isCurrentUser=true, mMtpLocked=false
01-11 11:58:25.758 D/MtpService(  645): addStorageLocked 65537 /storage/emulated/0
01-11 11:58:25.758 D/MtpService(  645): updating state; isCurrentUser=true, mMtpLocked=false
01-11 11:58:25.768 D/MtpService(  645): starting MTP server in MTP mode
01-11 11:58:25.768 D/MtpService(  645): addStorageLocked 65537 /storage/emulated/0
01-11 11:58:25.928 I/System.out( 2130): Values: 27821
01-11 11:58:25.928 I/System.out( 2130): Time difference in secs is: 781
01-11 11:58:26.919 I/System.out( 2130): Values: 21474
01-11 11:58:26.919 I/System.out( 2130): Time difference in secs is: 781
01-11 11:58:27.199 D/dalvikvm(  506): GC_EXPLICIT freed 314K, 19% free 15882K/19464K, paused 3ms+6ms, total 79ms
01-11 11:58:27.239 D/dalvikvm(  645): GC_CONCURRENT freed 266K, 4% free 9282K/9588K, paused 3ms+4ms, total 17ms
01-11 11:58:27.920 I/System.out( 2130): Values: 11363
01-11 11:58:27.920 I/System.out( 2130): Time difference in secs is: 781
01-11 11:58:28.921 I/System.out( 2130): Values: 25014
01-11 11:58:28.921 I/System.out( 2130): Time difference in secs is: 781
01-11 11:58:29.071 W/GAV2    ( 2330): Thread[GAThread,5,main]: Service unavailable (code=1), will retry.
01-11 11:58:29.071 W/ActivityManager(  506): Unable to start service Intent { act=com.google.android.gms.analytics.service.START (has extras) } U=0: not found
01-11 11:58:29.081 I/GAV2    ( 2330): Thread[GAThread,5,main]: No campaign data found.
01-11 11:58:29.922 I/System.out( 2130): Values: 32767
01-11 11:58:29.922 I/System.out( 2130): Time difference in secs is: 781
01-11 11:58:30.923 I/System.out( 2130): Values: 9722
01-11 11:58:30.923 I/System.out( 2130): Time difference in secs is: 781
01-11 11:58:31.924 I/System.out( 2130): Values: 8585
01-11 11:58:31.924 I/System.out( 2130): Time difference in secs is: 781
01-11 11:58:32.925 I/System.out( 2130): Values: 9809
01-11 11:58:32.935 I/System.out( 2130): Time difference in secs is: 781
01-11 11:58:33.926 I/System.out( 2130): Values: 9704
01-11 11:58:33.936 I/System.out( 2130): Time difference in secs is: 781
01-11 11:58:34.076 W/GAV2    ( 2330): Thread[Service Reconnect,5,main]: Service unavailable (code=1), using local store.
01-11 11:58:34.076 W/ActivityManager(  506): Unable to start service Intent { act=com.google.android.gms.analytics.service.START (has extras) } U=0: not found
01-11 11:58:34.927 I/System.out( 2130): Values: 10581
01-11 11:58:34.937 I/System.out( 2130): Time difference in secs is: 781
01-11 11:58:35.928 I/System.out( 2130): Values: 9000
01-11 11:58:35.938 I/System.out( 2130): Time difference in secs is: 781
01-11 11:58:36.929 I/System.out( 2130): Values: 9465
01-11 11:58:36.929 I/System.out( 2130): Time difference in secs is: 781
01-11 11:58:37.930 I/System.out( 2130): Values: 9237
01-11 11:58:37.930 I/System.out( 2130): Time difference in secs is: 781
01-11 11:58:38.931 I/System.out( 2130): Values: 10042
01-11 11:58:38.931 I/System.out( 2130): Time difference in secs is: 781
01-11 11:58:39.932 I/System.out( 2130): Values: 11271
01-11 11:58:39.932 I/System.out( 2130): Time difference in secs is: 781
01-11 11:58:40.922 I/System.out( 2130): Values: 8708
01-11 11:58:40.933 I/System.out( 2130): Time difference in secs is: 781
01-11 11:58:41.703 D/audio_hw_primary(  180): start_output_stream: enter: usecase(1: low-latency-playback) devices(0x2)
01-11 11:58:41.703 D/audio_hw_primary(  180): select_devices: out_snd_device(2: speaker) in_snd_device(0: none)
01-11 11:58:41.703 D/audio_hw_primary(  180): enable_snd_device: sending audio calibration for snd_device(2) acdb_id(14)
01-11 11:58:41.703 D/ACDB-LOADER(  180): ACDB -> send_afe_cal
01-11 11:58:41.703 D/audio_hw_primary(  180): enable_snd_device: snd_device(2: speaker)
01-11 11:58:41.713 D/audio_hw_primary(  180): enable_audio_route: apply mixer path: low-latency-playback
01-11 11:58:41.713 D/audio_hw_primary(  180): start_output_stream: exit
01-11 11:58:41.753 D/dalvikvm(  506): GC_FOR_ALLOC freed 69K, 16% free 16436K/19464K, paused 50ms, total 50ms
01-11 11:58:41.753 I/dalvikvm-heap(  506): Grow heap (frag case) to 16.630MB for 566416-byte allocation
01-11 11:58:41.813 D/dalvikvm(  506): GC_FOR_ALLOC freed <1K, 16% free 16989K/20020K, paused 54ms, total 54ms
01-11 11:58:41.873 D/dalvikvm(  506): GC_FOR_ALLOC freed 1112K, 21% free 15876K/20020K, paused 56ms, total 56ms
01-11 11:58:41.873 D/MPEG4Writer(  180): Stopping Audio track
01-11 11:58:41.893 I/MPEG4Writer(  180): Received total/0-length (131342/0) buffers and encoded 131342 frames. - audio
