01-08 14:43:12.571 I/System.out( 6565): Values: -2.8095258 56.3397693
01-08 14:43:13.572 I/System.out( 6565): Values: -2.8095258 56.3397693
01-08 14:43:14.563 I/System.out( 6565): Values: -2.8095258 56.3397693
01-08 14:43:15.574 I/System.out( 6565): Values: -2.8095258 56.3397693
01-08 14:43:16.575 I/System.out( 6565): Values: -2.8095258 56.3397693
01-08 14:43:17.586 I/System.out( 6565): Values: -2.8095258 56.3397693
01-08 14:43:18.587 I/System.out( 6565): Values: -2.8095258 56.3397693
01-08 14:43:19.578 I/System.out( 6565): Values: -2.8095258 56.3397693
01-08 14:43:20.589 I/System.out( 6565): Values: -2.8095258 56.3397693
01-08 14:43:21.590 I/System.out( 6565): Values: -2.8095258 56.3397693
01-08 14:43:22.591 I/System.out( 6565): Values: -2.8095258 56.3397693
01-08 14:43:23.582 I/System.out( 6565): Values: -2.8095258 56.3397693
01-08 14:43:23.612 D/dalvikvm(  730): GC_CONCURRENT freed 619K, 11% free 10646K/11936K, paused 2ms+2ms, total 50ms
01-08 14:43:23.612 D/dalvikvm(  730): WAIT_FOR_CONCURRENT_GC blocked 27ms
01-08 14:43:24.593 I/System.out( 6565): Values: -2.8095248 56.3397687
01-08 14:43:25.594 I/System.out( 6565): Values: -2.8095248 56.3397687
01-08 14:43:26.585 I/System.out( 6565): Values: -2.8095248 56.3397687
01-08 14:43:27.596 I/System.out( 6565): Values: -2.8095248 56.3397687
01-08 14:43:28.597 I/System.out( 6565): Values: -2.8095248 56.3397687
01-08 14:43:28.657 D/dalvikvm( 6565): GC_CONCURRENT freed 388K, 5% free 9026K/9452K, paused 4ms+1ms, total 51ms
01-08 14:43:29.598 I/System.out( 6565): Values: -2.8095248 56.3397687
01-08 14:43:30.609 I/System.out( 6565): Values: -2.8095248 56.3397687
01-08 14:43:31.610 I/System.out( 6565): Values: -2.8095248 56.3397687
01-08 14:43:32.611 I/System.out( 6565): Values: -2.8095248 56.3397687
01-08 14:43:33.612 I/System.out( 6565): Values: -2.8095248 56.3397687
01-08 14:43:34.613 I/System.out( 6565): Values: -2.8095248 56.3397687
01-08 14:43:35.614 I/System.out( 6565): Values: -2.8095248 56.3397687
01-08 14:43:36.615 I/System.out( 6565): Values: -2.8095248 56.3397687
01-08 14:43:37.616 I/System.out( 6565): Values: -2.8095248 56.3397687
01-08 14:43:38.616 I/System.out( 6565): Values: -2.8095248 56.3397687
01-08 14:43:39.627 I/System.out( 6565): Values: -2.8095248 56.3397687
01-08 14:43:40.628 I/System.out( 6565): Values: -2.8095248 56.3397687
01-08 14:43:41.629 I/System.out( 6565): Values: -2.8095248 56.3397687
01-08 14:43:42.630 I/System.out( 6565): Values: -2.8095248 56.3397687
01-08 14:43:43.621 I/System.out( 6565): Values: -2.8095248 56.3397687
01-08 14:43:43.671 D/dalvikvm(  730): GC_CONCURRENT freed 555K, 11% free 10631K/11936K, paused 3ms+2ms, total 59ms
01-08 14:43:44.632 I/System.out( 6565): Values: -2.8095254 56.3397682
01-08 14:43:45.633 I/System.out( 6565): Values: -2.8095254 56.3397682
01-08 14:43:46.634 I/System.out( 6565): Values: -2.8095254 56.3397682
01-08 14:43:47.635 I/System.out( 6565): Values: -2.8095254 56.3397682
01-08 14:43:48.636 I/System.out( 6565): Values: -2.8095254 56.3397682
01-08 14:43:49.637 I/System.out( 6565): Values: -2.8095254 56.3397682
01-08 14:43:50.638 I/System.out( 6565): Values: -2.8095254 56.3397682
01-08 14:43:51.639 I/System.out( 6565): Values: -2.8095254 56.3397682
01-08 14:43:51.649 I/System.out( 6565): Battery level start is reached
01-08 14:43:52.640 I/System.out( 6565): Values: -2.8095254 56.3397682
01-08 14:43:53.641 I/System.out( 6565): Values: -2.8095254 56.3397682
01-08 14:43:54.642 I/System.out( 6565): Values: -2.8095254 56.3397682
01-08 14:43:55.653 I/System.out( 6565): Values: -2.8095254 56.3397682
01-08 14:43:56.644 I/System.out( 6565): Values: -2.8095254 56.3397682
01-08 14:43:57.655 I/System.out( 6565): Values: -2.8095254 56.3397682
01-08 14:43:58.646 I/System.out( 6565): Values: -2.8095254 56.3397682
01-08 14:43:59.647 I/System.out( 6565): Values: -2.8095254 56.3397682
01-08 14:44:00.648 I/System.out( 6565): Values: -2.8095254 56.3397682
01-08 14:44:01.659 I/System.out( 6565): Values: -2.8095254 56.3397682
01-08 14:44:02.660 I/System.out( 6565): Values: -2.8095254 56.3397682
01-08 14:44:03.661 I/System.out( 6565): Values: -2.8095254 56.3397682
01-08 14:44:04.652 I/System.out( 6565): Values: -2.8095263 56.3397693
01-08 14:44:05.653 I/System.out( 6565): Values: -2.8095263 56.3397693
01-08 14:44:06.654 I/System.out( 6565): Values: -2.8095263 56.3397693
01-08 14:44:07.665 I/System.out( 6565): Values: -2.8095263 56.3397693
01-08 14:44:08.666 I/System.out( 6565): Values: -2.8095263 56.3397693
01-08 14:44:09.667 I/System.out( 6565): Values: -2.8095263 56.3397693
01-08 14:44:10.668 I/System.out( 6565): Values: -2.8095263 56.3397693
01-08 14:44:11.669 I/System.out( 6565): Values: -2.8095263 56.3397693
01-08 14:44:12.670 I/System.out( 6565): Values: -2.8095263 56.3397693
01-08 14:44:13.671 I/System.out( 6565): Values: -2.8095263 56.3397693
01-08 14:44:14.672 I/System.out( 6565): Values: -2.8095263 56.3397693
01-08 14:44:15.673 I/System.out( 6565): Values: -2.8095263 56.3397693
01-08 14:44:16.674 I/System.out( 6565): Values: -2.8095263 56.3397693
01-08 14:44:17.675 I/System.out( 6565): Values: -2.8095263 56.3397693
01-08 14:44:18.676 I/System.out( 6565): Values: -2.8095263 56.3397693
01-08 14:44:19.677 I/System.out( 6565): Values: -2.8095263 56.3397693
01-08 14:44:20.678 I/System.out( 6565): Values: -2.8095263 56.3397693
01-08 14:44:21.679 I/System.out( 6565): Values: -2.8095263 56.3397693
01-08 14:44:22.679 I/System.out( 6565): Values: -2.8095263 56.3397693
01-08 14:44:23.680 I/System.out( 6565): Values: -2.8095263 56.3397693
01-08 14:44:23.791 D/dalvikvm(  730): GC_CONCURRENT freed 600K, 11% free 10644K/11936K, paused 2ms+3ms, total 45ms
01-08 14:44:23.791 D/dalvikvm(  730): WAIT_FOR_CONCURRENT_GC blocked 22ms
01-08 14:44:24.681 I/System.out( 6565): Values: -2.8095266 56.3397813
01-08 14:44:25.682 I/System.out( 6565): Values: -2.8095266 56.3397813
01-08 14:44:26.693 I/System.out( 6565): Values: -2.8095266 56.3397813
01-08 14:44:27.694 I/System.out( 6565): Values: -2.8095266 56.3397813
01-08 14:44:28.685 I/System.out( 6565): Values: -2.8095266 56.3397813
01-08 14:44:29.696 I/System.out( 6565): Values: -2.8095266 56.3397813
01-08 14:44:30.697 I/System.out( 6565): Values: -2.8095266 56.3397813
01-08 14:44:31.698 I/System.out( 6565): Values: -2.8095266 56.3397813
01-08 14:44:32.699 I/System.out( 6565): Values: -2.8095266 56.3397813
01-08 14:44:33.700 I/System.out( 6565): Values: -2.8095266 56.3397813
01-08 14:44:34.701 I/System.out( 6565): Values: -2.8095266 56.3397813
01-08 14:44:35.702 I/System.out( 6565): Values: -2.8095266 56.3397813
01-08 14:44:36.703 I/System.out( 6565): Values: -2.8095266 56.3397813
01-08 14:44:37.714 I/System.out( 6565): Values: -2.8095266 56.3397813
01-08 14:44:38.705 I/System.out( 6565): Values: -2.8095266 56.3397813
01-08 14:44:39.706 I/System.out( 6565): Values: -2.8095266 56.3397813
01-08 14:44:40.717 I/System.out( 6565): Values: -2.8095266 56.3397813
01-08 14:44:41.718 I/System.out( 6565): Values: -2.8095266 56.3397813
01-08 14:44:42.719 I/System.out( 6565): Values: -2.8095266 56.3397813
01-08 14:44:43.720 I/System.out( 6565): Values: -2.8095266 56.3397813
01-08 14:44:44.721 I/System.out( 6565): Values: -2.80955 56.3398022
01-08 14:44:45.712 I/System.out( 6565): Values: -2.80955 56.3398022
01-08 14:44:46.713 I/System.out( 6565): Values: -2.80955 56.3398022
01-08 14:44:47.724 I/System.out( 6565): Values: -2.80955 56.3398022
01-08 14:44:48.725 I/System.out( 6565): Values: -2.80955 56.3398022
01-08 14:44:49.726 I/System.out( 6565): Values: -2.80955 56.3398022
01-08 14:44:50.737 I/System.out( 6565): Values: -2.80955 56.3398022
01-08 14:44:51.738 I/System.out( 6565): Values: -2.80955 56.3398022
01-08 14:44:52.739 I/System.out( 6565): Values: -2.80955 56.3398022
01-08 14:44:53.740 I/System.out( 6565): Values: -2.80955 56.3398022
01-08 14:44:54.741 I/System.out( 6565): Values: -2.80955 56.3398022
01-08 14:44:55.742 I/System.out( 6565): Values: -2.80955 56.3398022
01-08 14:44:56.743 I/System.out( 6565): Values: -2.80955 56.3398022
01-08 14:44:57.734 I/System.out( 6565): Values: -2.80955 56.3398022
01-08 14:44:58.745 I/System.out( 6565): Values: -2.80955 56.3398022
01-08 14:44:59.746 I/System.out( 6565): Values: -2.80955 56.3398022
01-08 14:45:00.747 I/System.out( 6565): Values: -2.80955 56.3398022
01-08 14:45:01.748 I/System.out( 6565): Values: -2.80955 56.3398022
01-08 14:45:02.749 I/System.out( 6565): Values: -2.80955 56.3398022
01-08 14:45:03.750 I/System.out( 6565): Values: -2.80955 56.3398022
01-08 14:45:03.790 D/dalvikvm(  730): GC_CONCURRENT freed 609K, 11% free 10652K/11936K, paused 2ms+3ms, total 49ms
01-08 14:45:03.790 D/dalvikvm(  730): WAIT_FOR_CONCURRENT_GC blocked 25ms
01-08 14:45:03.800 D/dalvikvm(  730): WAIT_FOR_CONCURRENT_GC blocked 29ms
01-08 14:45:04.751 I/System.out( 6565): Values: -2.8095313 56.3397953
01-08 14:45:05.762 I/System.out( 6565): Values: -2.8095313 56.3397953
01-08 14:45:06.762 I/System.out( 6565): Values: -2.8095313 56.3397953
01-08 14:45:07.763 I/System.out( 6565): Values: -2.8095313 56.3397953
01-08 14:45:08.754 I/System.out( 6565): Values: -2.8095313 56.3397953
01-08 14:45:09.755 I/System.out( 6565): Values: -2.8095313 56.3397953
01-08 14:45:10.756 I/System.out( 6565): Values: -2.8095313 56.3397953
01-08 14:45:11.757 I/System.out( 6565): Values: -2.8095313 56.3397953
01-08 14:45:12.768 I/System.out( 6565): Values: -2.8095313 56.3397953
01-08 14:45:13.769 I/System.out( 6565): Values: -2.8095313 56.3397953
01-08 14:45:14.770 I/System.out( 6565): Values: -2.8095313 56.3397953
01-08 14:45:15.771 I/System.out( 6565): Values: -2.8095313 56.3397953
01-08 14:45:16.772 I/System.out( 6565): Values: -2.8095313 56.3397953
01-08 14:45:17.773 I/System.out( 6565): Values: -2.8095313 56.3397953
01-08 14:45:18.774 I/System.out( 6565): Values: -2.8095313 56.3397953
01-08 14:45:19.775 I/System.out( 6565): Values: -2.8095313 56.3397953
01-08 14:45:20.776 I/System.out( 6565): Values: -2.8095313 56.3397953
01-08 14:45:21.777 I/System.out( 6565): Values: -2.8095313 56.3397953
01-08 14:45:22.778 I/System.out( 6565): Values: -2.8095313 56.3397953
01-08 14:45:23.779 I/System.out( 6565): Values: -2.8095313 56.3397953
01-08 14:45:23.869 D/dalvikvm(  730): GC_CONCURRENT freed 546K, 11% free 10627K/11936K, paused 3ms+2ms, total 115ms
01-08 14:45:23.879 D/dalvikvm(  519): GC_CONCURRENT freed 2022K, 21% free 17259K/21836K, paused 5ms+8ms, total 86ms
01-08 14:45:24.780 I/System.out( 6565): Values: -2.809525 56.3397646
01-08 14:45:25.781 I/System.out( 6565): Values: -2.809525 56.3397646
01-08 14:45:26.782 I/System.out( 6565): Values: -2.809525 56.3397646
01-08 14:45:27.773 I/System.out( 6565): Values: -2.809525 56.3397646
01-08 14:45:28.784 I/System.out( 6565): Values: -2.809525 56.3397646
01-08 14:45:29.785 I/System.out( 6565): Values: -2.809525 56.3397646
01-08 14:45:30.786 I/System.out( 6565): Values: -2.809525 56.3397646
01-08 14:45:31.787 I/System.out( 6565): Values: -2.809525 56.3397646
01-08 14:45:32.788 I/System.out( 6565): Values: -2.809525 56.3397646
01-08 14:45:33.789 I/System.out( 6565): Values: -2.809525 56.3397646
01-08 14:45:34.790 I/System.out( 6565): Values: -2.809525 56.3397646
01-08 14:45:35.791 I/System.out( 6565): Values: -2.809525 56.3397646
01-08 14:45:36.792 I/System.out( 6565): Values: -2.809525 56.3397646
01-08 14:45:37.793 I/System.out( 6565): Values: -2.809525 56.3397646
01-08 14:45:38.794 I/System.out( 6565): Values: -2.809525 56.3397646
01-08 14:45:39.795 I/System.out( 6565): Values: -2.809525 56.3397646
01-08 14:45:40.796 I/System.out( 6565): Values: -2.809525 56.3397646
01-08 14:45:41.797 I/System.out( 6565): Values: -2.809525 56.3397646
01-08 14:45:42.798 I/System.out( 6565): Values: -2.809525 56.3397646
01-08 14:45:43.799 I/System.out( 6565): Values: -2.809525 56.3397646
01-08 14:45:44.800 I/System.out( 6565): Values: -2.8095198 56.3397592
01-08 14:45:45.801 I/System.out( 6565): Values: -2.8095198 56.3397592
01-08 14:45:46.792 I/System.out( 6565): Values: -2.8095198 56.3397592
01-08 14:45:47.803 I/System.out( 6565): Values: -2.8095198 56.3397592
01-08 14:45:48.793 I/System.out( 6565): Values: -2.8095198 56.3397592
01-08 14:45:49.804 I/System.out( 6565): Values: -2.8095198 56.3397592
01-08 14:45:50.805 I/System.out( 6565): Values: -2.8095198 56.3397592
01-08 14:45:51.806 I/System.out( 6565): Values: -2.8095198 56.3397592
01-08 14:45:52.807 I/System.out( 6565): Values: -2.8095198 56.3397592
01-08 14:45:53.808 I/System.out( 6565): Values: -2.8095198 56.3397592
01-08 14:45:54.819 I/System.out( 6565): Values: -2.8095198 56.3397592
01-08 14:45:55.820 I/System.out( 6565): Values: -2.8095198 56.3397592
01-08 14:45:56.821 I/System.out( 6565): Values: -2.8095198 56.3397592
01-08 14:45:57.822 I/System.out( 6565): Values: -2.8095198 56.3397592
01-08 14:45:58.823 I/System.out( 6565): Values: -2.8095198 56.3397592
01-08 14:45:59.824 I/System.out( 6565): Values: -2.8095198 56.3397592
01-08 14:46:00.835 I/System.out( 6565): Values: -2.8095198 56.3397592
01-08 14:46:01.826 I/System.out( 6565): Values: -2.8095198 56.3397592
01-08 14:46:02.827 I/System.out( 6565): Values: -2.8095198 56.3397592
01-08 14:46:03.828 D/dalvikvm(  730): GC_CONCURRENT freed 586K, 11% free 10652K/11936K, paused 3ms+3ms, total 43ms
01-08 14:46:03.828 D/dalvikvm(  730): WAIT_FOR_CONCURRENT_GC blocked 23ms
01-08 14:46:03.828 I/System.out( 6565): Values: -2.8095198 56.3397592
01-08 14:46:04.829 I/System.out( 6565): Values: -2.809524 56.3397688
01-08 14:46:05.830 I/System.out( 6565): Values: -2.809524 56.3397688
01-08 14:46:06.841 I/System.out( 6565): Values: -2.809524 56.3397688
01-08 14:46:07.842 I/System.out( 6565): Values: -2.809524 56.3397688
01-08 14:46:08.843 I/System.out( 6565): Values: -2.809524 56.3397688
01-08 14:46:09.834 I/System.out( 6565): Values: -2.809524 56.3397688
01-08 14:46:10.835 I/System.out( 6565): Values: -2.809524 56.3397688
01-08 14:46:11.836 I/System.out( 6565): Values: -2.809524 56.3397688
01-08 14:46:12.847 I/System.out( 6565): Values: -2.809524 56.3397688
01-08 14:46:13.848 I/System.out( 6565): Values: -2.809524 56.3397688
01-08 14:46:14.849 I/System.out( 6565): Values: -2.809524 56.3397688
01-08 14:46:15.850 I/System.out( 6565): Values: -2.809524 56.3397688
01-08 14:46:16.851 I/System.out( 6565): Values: -2.809524 56.3397688
01-08 14:46:17.852 I/System.out( 6565): Values: -2.809524 56.3397688
01-08 14:46:18.853 I/System.out( 6565): Values: -2.809524 56.3397688
01-08 14:46:19.854 I/System.out( 6565): Values: -2.809524 56.3397688
01-08 14:46:20.855 I/System.out( 6565): Values: -2.809524 56.3397688
01-08 14:46:21.856 I/System.out( 6565): Values: -2.809524 56.3397688
01-08 14:46:22.857 I/System.out( 6565): Values: -2.809524 56.3397688
01-08 14:46:23.858 I/System.out( 6565): Values: -2.8095266 56.339784
01-08 14:46:24.859 I/System.out( 6565): Values: -2.8095266 56.339784
01-08 14:46:25.860 I/System.out( 6565): Values: -2.8095266 56.339784
01-08 14:46:26.861 I/System.out( 6565): Values: -2.8095266 56.339784
01-08 14:46:27.862 I/System.out( 6565): Values: -2.8095266 56.339784
01-08 14:46:28.863 I/System.out( 6565): Values: -2.8095266 56.339784
01-08 14:46:29.864 I/System.out( 6565): Values: -2.8095266 56.339784
01-08 14:46:30.865 I/System.out( 6565): Values: -2.8095266 56.339784
01-08 14:46:31.876 I/System.out( 6565): Values: -2.8095266 56.339784
01-08 14:46:32.866 I/System.out( 6565): Values: -2.8095266 56.339784
01-08 14:46:33.867 I/System.out( 6565): Values: -2.8095266 56.339784
01-08 14:46:34.878 I/System.out( 6565): Values: -2.8095266 56.339784
01-08 14:46:35.879 I/System.out( 6565): Values: -2.8095266 56.339784
01-08 14:46:36.880 I/System.out( 6565): Values: -2.8095266 56.339784
01-08 14:46:37.881 I/System.out( 6565): Values: -2.8095266 56.339784
01-08 14:46:38.872 I/System.out( 6565): Values: -2.8095266 56.339784
01-08 14:46:39.883 I/System.out( 6565): Values: -2.8095266 56.339784
01-08 14:46:40.884 I/System.out( 6565): Values: -2.8095266 56.339784
01-08 14:46:41.885 I/System.out( 6565): Values: -2.8095266 56.339784
01-08 14:46:41.945 D/dalvikvm( 6565): GC_CONCURRENT freed 387K, 5% free 9027K/9452K, paused 8ms+4ms, total 56ms
01-08 14:46:42.896 I/System.out( 6565): Values: -2.8095266 56.339784
01-08 14:46:43.887 I/System.out( 6565): Values: -2.8095266 56.339784
01-08 14:46:43.917 D/dalvikvm(  730): GC_CONCURRENT freed 629K, 11% free 10643K/11936K, paused 6ms+3ms, total 83ms
01-08 14:46:43.917 D/dalvikvm(  730): WAIT_FOR_CONCURRENT_GC blocked 32ms
01-08 14:46:43.917 D/dalvikvm(  730): WAIT_FOR_CONCURRENT_GC blocked 38ms
01-08 14:46:44.888 I/System.out( 6565): Values: -2.8095376 56.339802
01-08 14:46:45.889 I/System.out( 6565): Values: -2.8095376 56.339802
01-08 14:46:46.900 I/System.out( 6565): Values: -2.8095376 56.339802
01-08 14:46:47.901 I/System.out( 6565): Values: -2.8095376 56.339802
01-08 14:46:48.902 I/System.out( 6565): Values: -2.8095376 56.339802
01-08 14:46:49.893 I/System.out( 6565): Values: -2.8095376 56.339802
01-08 14:46:50.894 I/System.out( 6565): Values: -2.8095376 56.339802
01-08 14:46:51.905 I/System.out( 6565): Values: -2.8095376 56.339802
01-08 14:46:52.906 I/System.out( 6565): Values: -2.8095376 56.339802
01-08 14:46:53.907 I/System.out( 6565): Values: -2.8095376 56.339802
01-08 14:46:54.908 I/System.out( 6565): Values: -2.8095376 56.339802
01-08 14:46:55.909 I/System.out( 6565): Values: -2.8095376 56.339802
01-08 14:46:56.910 I/System.out( 6565): Values: -2.8095376 56.339802
01-08 14:46:57.911 I/System.out( 6565): Values: -2.8095376 56.339802
01-08 14:46:58.912 I/System.out( 6565): Values: -2.8095376 56.339802
01-08 14:46:59.913 I/System.out( 6565): Values: -2.8095376 56.339802
01-08 14:47:00.924 I/System.out( 6565): Values: -2.8095376 56.339802
01-08 14:47:01.915 I/System.out( 6565): Values: -2.8095376 56.339802
01-08 14:47:02.916 I/System.out( 6565): Values: -2.8095376 56.339802
01-08 14:47:03.917 D/dalvikvm(  730): GC_CONCURRENT freed 544K, 11% free 10645K/11936K, paused 3ms+9ms, total 55ms
01-08 14:47:03.917 I/System.out( 6565): Values: -2.8095264 56.3397844
01-08 14:47:04.928 I/System.out( 6565): Values: -2.8095264 56.3397844
01-08 14:47:05.929 I/System.out( 6565): Values: -2.8095264 56.3397844
01-08 14:47:06.930 I/System.out( 6565): Values: -2.8095264 56.3397844
01-08 14:47:07.931 I/System.out( 6565): Values: -2.8095264 56.3397844
01-08 14:47:08.922 I/System.out( 6565): Values: -2.8095264 56.3397844
01-08 14:47:09.933 I/System.out( 6565): Values: -2.8095264 56.3397844
01-08 14:47:10.934 I/System.out( 6565): Values: -2.8095264 56.3397844
01-08 14:47:11.935 I/System.out( 6565): Values: -2.8095264 56.3397844
01-08 14:47:12.936 I/System.out( 6565): Values: -2.8095264 56.3397844
01-08 14:47:13.937 I/System.out( 6565): Values: -2.8095264 56.3397844
01-08 14:47:14.938 I/System.out( 6565): Values: -2.8095264 56.3397844
01-08 14:47:15.939 I/System.out( 6565): Values: -2.8095264 56.3397844
01-08 14:47:16.950 I/System.out( 6565): Values: -2.8095264 56.3397844
01-08 14:47:17.950 I/System.out( 6565): Values: -2.8095264 56.3397844
01-08 14:47:18.951 I/System.out( 6565): Values: -2.8095264 56.3397844
01-08 14:47:19.952 I/System.out( 6565): Values: -2.8095264 56.3397844
01-08 14:47:20.953 I/System.out( 6565): Values: -2.8095264 56.3397844
01-08 14:47:21.954 I/System.out( 6565): Values: -2.8095264 56.3397844
01-08 14:47:22.955 I/System.out( 6565): Values: -2.8095264 56.3397844
01-08 14:47:23.966 I/System.out( 6565): Values: -2.8095219 56.3397718
01-08 14:47:24.957 I/System.out( 6565): Values: -2.8095219 56.3397718
01-08 14:47:25.958 I/System.out( 6565): Values: -2.8095219 56.3397718
01-08 14:47:26.969 I/System.out( 6565): Values: -2.8095219 56.3397718
01-08 14:47:27.970 I/System.out( 6565): Values: -2.8095219 56.3397718
01-08 14:47:28.971 I/System.out( 6565): Values: -2.8095219 56.3397718
01-08 14:47:29.972 I/System.out( 6565): Values: -2.8095219 56.3397718
01-08 14:47:30.963 I/System.out( 6565): Values: -2.8095219 56.3397718
01-08 14:47:31.974 I/System.out( 6565): Values: -2.8095219 56.3397718
01-08 14:47:32.975 I/System.out( 6565): Values: -2.8095219 56.3397718
01-08 14:47:33.976 I/System.out( 6565): Values: -2.8095219 56.3397718
01-08 14:47:34.977 I/System.out( 6565): Values: -2.8095219 56.3397718
01-08 14:47:35.978 I/System.out( 6565): Values: -2.8095219 56.3397718
01-08 14:47:36.979 I/System.out( 6565): Values: -2.8095219 56.3397718
01-08 14:47:37.980 I/System.out( 6565): Values: -2.8095219 56.3397718
01-08 14:47:38.991 I/System.out( 6565): Values: -2.8095219 56.3397718
01-08 14:47:39.982 I/System.out( 6565): Values: -2.8095219 56.3397718
01-08 14:47:40.993 I/System.out( 6565): Values: -2.8095219 56.3397718
01-08 14:47:41.984 I/System.out( 6565): Values: -2.8095219 56.3397718
01-08 14:47:42.995 I/System.out( 6565): Values: -2.8095219 56.3397718
01-08 14:47:43.906 D/dalvikvm(  730): GC_CONCURRENT freed 614K, 11% free 10649K/11936K, paused 2ms+3ms, total 46ms
01-08 14:47:43.906 D/dalvikvm(  730): WAIT_FOR_CONCURRENT_GC blocked 20ms
01-08 14:47:43.986 I/System.out( 6565): Values: -2.8095259 56.3397698
01-08 14:47:44.987 I/System.out( 6565): Values: -2.8095259 56.3397698
01-08 14:47:45.998 I/System.out( 6565): Values: -2.8095259 56.3397698
01-08 14:47:46.999 I/System.out( 6565): Values: -2.8095259 56.3397698
01-08 14:47:48.000 I/System.out( 6565): Values: -2.8095259 56.3397698
01-08 14:47:49.001 I/System.out( 6565): Values: -2.8095259 56.3397698
01-08 14:47:50.002 I/System.out( 6565): Values: -2.8095259 56.3397698
01-08 14:47:51.003 I/System.out( 6565): Values: -2.8095259 56.3397698
01-08 14:47:52.014 I/System.out( 6565): Values: -2.8095259 56.3397698
01-08 14:47:53.005 I/System.out( 6565): Values: -2.8095259 56.3397698
01-08 14:47:54.006 I/System.out( 6565): Values: -2.8095259 56.3397698
01-08 14:47:55.017 I/System.out( 6565): Values: -2.8095259 56.3397698
01-08 14:47:56.018 I/System.out( 6565): Values: -2.8095259 56.3397698
01-08 14:47:57.019 I/System.out( 6565): Values: -2.8095259 56.3397698
01-08 14:47:58.020 I/System.out( 6565): Values: -2.8095259 56.3397698
01-08 14:47:59.021 I/System.out( 6565): Values: -2.8095259 56.3397698
01-08 14:48:00.022 I/System.out( 6565): Values: -2.8095259 56.3397698
01-08 14:48:01.022 I/System.out( 6565): Values: -2.8095259 56.3397698
01-08 14:48:02.023 I/System.out( 6565): Values: -2.8095259 56.3397698
01-08 14:48:03.024 I/System.out( 6565): Values: -2.8095259 56.3397698
01-08 14:48:04.025 I/System.out( 6565): Values: -2.8095275 56.3397661
01-08 14:48:05.026 I/System.out( 6565): Values: -2.8095275 56.3397661
01-08 14:48:06.027 I/System.out( 6565): Values: -2.8095275 56.3397661
01-08 14:48:07.028 I/System.out( 6565): Values: -2.8095275 56.3397661
01-08 14:48:08.029 I/System.out( 6565): Values: -2.8095275 56.3397661
01-08 14:48:09.040 I/System.out( 6565): Values: -2.8095275 56.3397661
01-08 14:48:10.041 I/System.out( 6565): Values: -2.8095275 56.3397661
01-08 14:48:11.042 I/System.out( 6565): Values: -2.8095275 56.3397661
01-08 14:48:12.043 I/System.out( 6565): Values: -2.8095275 56.3397661
01-08 14:48:13.044 I/System.out( 6565): Values: -2.8095275 56.3397661
01-08 14:48:14.045 I/System.out( 6565): Values: -2.8095275 56.3397661
01-08 14:48:15.046 I/System.out( 6565): Values: -2.8095275 56.3397661
01-08 14:48:16.047 I/System.out( 6565): Values: -2.8095275 56.3397661
01-08 14:48:17.048 I/System.out( 6565): Values: -2.8095275 56.3397661
01-08 14:48:18.049 I/System.out( 6565): Values: -2.8095275 56.3397661
01-08 14:48:19.060 I/System.out( 6565): Values: -2.8095275 56.3397661
01-08 14:48:20.061 I/System.out( 6565): Values: -2.8095275 56.3397661
01-08 14:48:21.062 I/System.out( 6565): Values: -2.8095275 56.3397661
01-08 14:48:22.063 I/System.out( 6565): Values: -2.8095275 56.3397661
01-08 14:48:23.064 I/System.out( 6565): Values: -2.8095275 56.3397661
01-08 14:48:23.985 D/dalvikvm(  730): GC_CONCURRENT freed 605K, 11% free 10662K/11936K, paused 19ms+3ms, total 64ms
01-08 14:48:23.985 D/dalvikvm(  730): WAIT_FOR_CONCURRENT_GC blocked 21ms
01-08 14:48:23.995 D/dalvikvm(  730): WAIT_FOR_CONCURRENT_GC blocked 26ms
01-08 14:48:24.065 I/System.out( 6565): Values: -2.8095257 56.3397701
01-08 14:48:25.066 I/System.out( 6565): Values: -2.8095257 56.3397701
01-08 14:48:26.067 I/System.out( 6565): Values: -2.8095257 56.3397701
01-08 14:48:27.068 I/System.out( 6565): Values: -2.8095257 56.3397701
01-08 14:48:28.069 I/System.out( 6565): Values: -2.8095257 56.3397701
01-08 14:48:29.070 I/System.out( 6565): Values: -2.8095257 56.3397701
01-08 14:48:30.081 I/System.out( 6565): Values: -2.8095257 56.3397701
01-08 14:48:31.082 I/System.out( 6565): Values: -2.8095257 56.3397701
01-08 14:48:32.083 I/System.out( 6565): Values: -2.8095257 56.3397701
01-08 14:48:33.084 I/System.out( 6565): Values: -2.8095257 56.3397701
01-08 14:48:34.085 I/System.out( 6565): Values: -2.8095257 56.3397701
01-08 14:48:35.086 I/System.out( 6565): Values: -2.8095257 56.3397701
01-08 14:48:36.087 I/System.out( 6565): Values: -2.8095257 56.3397701
01-08 14:48:37.088 I/System.out( 6565): Values: -2.8095257 56.3397701
01-08 14:48:38.099 I/System.out( 6565): Values: -2.8095257 56.3397701
01-08 14:48:39.100 I/System.out( 6565): Values: -2.8095257 56.3397701
01-08 14:48:40.101 I/System.out( 6565): Values: -2.8095257 56.3397701
01-08 14:48:41.102 I/System.out( 6565): Values: -2.8095257 56.3397701
01-08 14:48:42.103 I/System.out( 6565): Values: -2.8095257 56.3397701
01-08 14:48:43.094 I/System.out( 6565): Values: -2.8095257 56.3397701
01-08 14:48:44.075 D/dalvikvm(  730): GC_CONCURRENT freed 558K, 11% free 10631K/11936K, paused 2ms+3ms, total 48ms
01-08 14:48:44.105 I/System.out( 6565): Values: -2.8095234 56.339765
01-08 14:48:45.106 I/System.out( 6565): Values: -2.8095234 56.339765
01-08 14:48:46.106 I/System.out( 6565): Values: -2.8095234 56.339765
01-08 14:48:47.107 I/System.out( 6565): Values: -2.8095234 56.339765
01-08 14:48:48.108 I/System.out( 6565): Values: -2.8095234 56.339765
01-08 14:48:49.109 I/System.out( 6565): Values: -2.8095234 56.339765
01-08 14:48:50.110 I/System.out( 6565): Values: -2.8095234 56.339765
01-08 14:48:51.111 I/System.out( 6565): Values: -2.8095234 56.339765
01-08 14:48:52.102 I/System.out( 6565): Values: -2.8095234 56.339765
01-08 14:48:53.103 I/System.out( 6565): Values: -2.8095234 56.339765
01-08 14:48:54.104 I/System.out( 6565): Values: -2.8095234 56.339765
01-08 14:48:55.105 I/System.out( 6565): Values: -2.8095234 56.339765
01-08 14:48:56.106 I/System.out( 6565): Values: -2.8095234 56.339765
01-08 14:48:57.107 I/System.out( 6565): Values: -2.8095234 56.339765
01-08 14:48:58.108 I/System.out( 6565): Values: -2.8095234 56.339765
01-08 14:48:59.119 I/System.out( 6565): Values: -2.8095234 56.339765
01-08 14:49:00.120 I/System.out( 6565): Values: -2.8095234 56.339765
01-08 14:49:01.121 I/System.out( 6565): Values: -2.8095234 56.339765
01-08 14:49:02.112 I/System.out( 6565): Values: -2.8095234 56.339765
01-08 14:49:03.113 I/System.out( 6565): Values: -2.8095234 56.339765
01-08 14:49:04.124 I/System.out( 6565): Values: -2.8095208 56.3397597
01-08 14:49:05.115 I/System.out( 6565): Values: -2.8095208 56.3397597
01-08 14:49:06.116 I/System.out( 6565): Values: -2.8095208 56.3397597
01-08 14:49:07.127 I/System.out( 6565): Values: -2.8095208 56.3397597
01-08 14:49:08.128 I/System.out( 6565): Values: -2.8095208 56.3397597
01-08 14:49:09.129 I/System.out( 6565): Values: -2.8095208 56.3397597
01-08 14:49:10.130 I/System.out( 6565): Values: -2.8095208 56.3397597
01-08 14:49:11.131 I/System.out( 6565): Values: -2.8095208 56.3397597
01-08 14:49:12.132 I/System.out( 6565): Values: -2.8095208 56.3397597
01-08 14:49:13.143 I/System.out( 6565): Values: -2.8095208 56.3397597
01-08 14:49:14.144 I/System.out( 6565): Values: -2.8095208 56.3397597
01-08 14:49:15.135 I/System.out( 6565): Values: -2.8095208 56.3397597
01-08 14:49:16.136 I/System.out( 6565): Values: -2.8095208 56.3397597
01-08 14:49:17.147 I/System.out( 6565): Values: -2.8095208 56.3397597
01-08 14:49:18.148 I/System.out( 6565): Values: -2.8095208 56.3397597
01-08 14:49:19.149 I/System.out( 6565): Values: -2.8095208 56.3397597
01-08 14:49:20.150 I/System.out( 6565): Values: -2.8095208 56.3397597
01-08 14:49:21.151 I/System.out( 6565): Values: -2.8095208 56.3397597
01-08 14:49:22.152 I/System.out( 6565): Values: -2.8095208 56.3397597
01-08 14:49:23.163 I/System.out( 6565): Values: -2.8095208 56.3397597
01-08 14:49:23.973 D/dalvikvm(  730): GC_CONCURRENT freed 593K, 11% free 10651K/11936K, paused 2ms+3ms, total 41ms
01-08 14:49:23.973 D/dalvikvm(  730): WAIT_FOR_CONCURRENT_GC blocked 26ms
01-08 14:49:24.164 I/System.out( 6565): Values: -2.8095242 56.3397683
01-08 14:49:25.165 I/System.out( 6565): Values: -2.8095242 56.3397683
01-08 14:49:26.156 I/System.out( 6565): Values: -2.8095242 56.3397683
01-08 14:49:27.167 I/System.out( 6565): Values: -2.8095242 56.3397683
01-08 14:49:28.168 I/System.out( 6565): Values: -2.8095242 56.3397683
01-08 14:49:29.168 I/System.out( 6565): Values: -2.8095242 56.3397683
01-08 14:49:30.169 I/System.out( 6565): Values: -2.8095242 56.3397683
01-08 14:49:31.170 I/System.out( 6565): Values: -2.8095242 56.3397683
01-08 14:49:32.181 I/System.out( 6565): Values: -2.8095242 56.3397683
01-08 14:49:33.172 I/System.out( 6565): Values: -2.8095242 56.3397683
01-08 14:49:34.173 I/System.out( 6565): Values: -2.8095242 56.3397683
01-08 14:49:35.184 I/System.out( 6565): Values: -2.8095242 56.3397683
01-08 14:49:36.175 I/System.out( 6565): Values: -2.8095242 56.3397683
01-08 14:49:37.176 I/System.out( 6565): Values: -2.8095242 56.3397683
01-08 14:49:38.177 I/System.out( 6565): Values: -2.8095242 56.3397683
01-08 14:49:39.188 I/System.out( 6565): Values: -2.8095242 56.3397683
01-08 14:49:40.189 I/System.out( 6565): Values: -2.8095242 56.3397683
01-08 14:49:41.190 I/System.out( 6565): Values: -2.8095242 56.3397683
01-08 14:49:42.191 I/System.out( 6565): Values: -2.8095242 56.3397683
01-08 14:49:43.192 I/System.out( 6565): Values: -2.8095242 56.3397683
01-08 14:49:44.183 I/System.out( 6565): Values: -2.809524 56.3397836
01-08 14:49:45.194 I/System.out( 6565): Values: -2.809524 56.3397836
01-08 14:49:46.195 I/System.out( 6565): Values: -2.809524 56.3397836
01-08 14:49:47.196 I/System.out( 6565): Values: -2.809524 56.3397836
01-08 14:49:48.197 I/System.out( 6565): Values: -2.809524 56.3397836
01-08 14:49:49.198 I/System.out( 6565): Values: -2.809524 56.3397836
01-08 14:49:50.209 I/System.out( 6565): Values: -2.809524 56.3397836
01-08 14:49:51.220 I/System.out( 6565): Values: -2.809524 56.3397836
01-08 14:49:52.221 I/System.out( 6565): Values: -2.809524 56.3397836
01-08 14:49:53.222 I/System.out( 6565): Values: -2.809524 56.3397836
01-08 14:49:54.213 I/System.out( 6565): Values: -2.809524 56.3397836
01-08 14:49:55.214 I/System.out( 6565): Values: -2.809524 56.3397836
01-08 14:49:55.264 D/dalvikvm( 6565): GC_CONCURRENT freed 386K, 5% free 9027K/9452K, paused 7ms+2ms, total 42ms
01-08 14:49:56.215 I/System.out( 6565): Values: -2.809524 56.3397836
01-08 14:49:57.226 I/System.out( 6565): Values: -2.809524 56.3397836
01-08 14:49:58.217 I/System.out( 6565): Values: -2.809524 56.3397836
01-08 14:49:59.228 I/System.out( 6565): Values: -2.809524 56.3397836
01-08 14:50:00.229 I/System.out( 6565): Values: -2.809524 56.3397836
01-08 14:50:01.230 I/System.out( 6565): Values: -2.809524 56.3397836
01-08 14:50:02.231 I/System.out( 6565): Values: -2.809524 56.3397836
01-08 14:50:03.232 I/System.out( 6565): Values: -2.809524 56.3397836
01-08 14:50:04.083 D/dalvikvm(  730): GC_CONCURRENT freed 615K, 11% free 10655K/11936K, paused 27ms+3ms, total 69ms
01-08 14:50:04.083 D/dalvikvm(  730): WAIT_FOR_CONCURRENT_GC blocked 25ms
01-08 14:50:04.223 I/System.out( 6565): Values: -2.8095159 56.339774
01-08 14:50:05.224 I/System.out( 6565): Values: -2.8095159 56.339774
01-08 14:50:06.235 I/System.out( 6565): Values: -2.8095159 56.339774
01-08 14:50:07.226 I/System.out( 6565): Values: -2.8095159 56.339774
01-08 14:50:08.237 I/System.out( 6565): Values: -2.8095159 56.339774
01-08 14:50:09.238 I/System.out( 6565): Values: -2.8095159 56.339774
01-08 14:50:10.239 I/System.out( 6565): Values: -2.8095159 56.339774
01-08 14:50:11.240 I/System.out( 6565): Values: -2.8095159 56.339774
01-08 14:50:12.251 I/System.out( 6565): Values: -2.8095159 56.339774
01-08 14:50:13.241 I/System.out( 6565): Values: -2.8095159 56.339774
01-08 14:50:14.242 I/System.out( 6565): Values: -2.8095159 56.339774
01-08 14:50:15.253 I/System.out( 6565): Values: -2.8095159 56.339774
01-08 14:50:16.244 I/System.out( 6565): Values: -2.8095159 56.339774
01-08 14:50:17.255 I/System.out( 6565): Values: -2.8095159 56.339774
01-08 14:50:18.246 I/System.out( 6565): Values: -2.8095159 56.339774
01-08 14:50:19.247 I/System.out( 6565): Values: -2.8095159 56.339774
01-08 14:50:20.248 I/System.out( 6565): Values: -2.8095159 56.339774
01-08 14:50:21.259 I/System.out( 6565): Values: -2.8095159 56.339774
01-08 14:50:22.260 I/System.out( 6565): Values: -2.8095159 56.339774
01-08 14:50:23.261 I/System.out( 6565): Values: -2.8095159 56.339774
01-08 14:50:24.082 D/dalvikvm(  730): GC_CONCURRENT freed 557K, 11% free 10628K/11936K, paused 3ms+2ms, total 57ms
01-08 14:50:24.252 I/System.out( 6565): Values: -2.8095328 56.3397743
01-08 14:50:25.263 I/System.out( 6565): Values: -2.8095328 56.3397743
01-08 14:50:26.254 I/System.out( 6565): Values: -2.8095328 56.3397743
01-08 14:50:27.255 I/System.out( 6565): Values: -2.8095328 56.3397743
01-08 14:50:28.256 I/System.out( 6565): Values: -2.8095328 56.3397743
01-08 14:50:29.267 I/System.out( 6565): Values: -2.8095328 56.3397743
01-08 14:50:30.268 I/System.out( 6565): Values: -2.8095328 56.3397743
01-08 14:50:31.269 I/System.out( 6565): Values: -2.8095328 56.3397743
01-08 14:50:32.270 I/System.out( 6565): Values: -2.8095328 56.3397743
01-08 14:50:33.281 I/System.out( 6565): Values: -2.8095328 56.3397743
01-08 14:50:34.282 I/System.out( 6565): Values: -2.8095328 56.3397743
01-08 14:50:35.283 I/System.out( 6565): Values: -2.8095328 56.3397743
01-08 14:50:36.284 I/System.out( 6565): Values: -2.8095328 56.3397743
01-08 14:50:37.285 I/System.out( 6565): Values: -2.8095328 56.3397743
01-08 14:50:38.296 I/System.out( 6565): Values: -2.8095328 56.3397743
01-08 14:50:39.287 I/System.out( 6565): Values: -2.8095328 56.3397743
01-08 14:50:40.288 I/System.out( 6565): Values: -2.8095328 56.3397743
01-08 14:50:41.289 I/System.out( 6565): Values: -2.8095328 56.3397743
01-08 14:50:42.300 I/System.out( 6565): Values: -2.8095328 56.3397743
01-08 14:50:43.301 I/System.out( 6565): Values: -2.8095328 56.3397743
01-08 14:50:44.302 I/System.out( 6565): Values: -2.8095308 56.3397764
01-08 14:50:45.303 I/System.out( 6565): Values: -2.8095308 56.3397764
01-08 14:50:46.304 I/System.out( 6565): Values: -2.8095308 56.3397764
01-08 14:50:47.305 I/System.out( 6565): Values: -2.8095308 56.3397764
01-08 14:50:48.306 I/System.out( 6565): Values: -2.8095308 56.3397764
01-08 14:50:49.307 I/System.out( 6565): Values: -2.8095308 56.3397764
01-08 14:50:50.308 I/System.out( 6565): Values: -2.8095308 56.3397764
01-08 14:50:51.319 I/System.out( 6565): Values: -2.8095308 56.3397764
01-08 14:50:52.320 I/System.out( 6565): Values: -2.8095308 56.3397764
01-08 14:50:53.321 I/System.out( 6565): Values: -2.8095308 56.3397764
01-08 14:50:54.322 I/System.out( 6565): Values: -2.8095308 56.3397764
01-08 14:50:55.323 I/System.out( 6565): Values: -2.8095308 56.3397764
01-08 14:50:56.324 I/System.out( 6565): Values: -2.8095308 56.3397764
01-08 14:50:57.325 I/System.out( 6565): Values: -2.8095308 56.3397764
01-08 14:50:58.325 I/System.out( 6565): Values: -2.8095308 56.3397764
01-08 14:50:59.336 I/System.out( 6565): Values: -2.8095308 56.3397764
01-08 14:51:00.337 I/System.out( 6565): Values: -2.8095308 56.3397764
01-08 14:51:01.338 I/System.out( 6565): Values: -2.8095308 56.3397764
01-08 14:51:02.339 I/System.out( 6565): Values: -2.8095308 56.3397764
01-08 14:51:03.340 I/System.out( 6565): Values: -2.8095308 56.3397764
01-08 14:51:04.151 D/dalvikvm(  730): GC_CONCURRENT freed 581K, 11% free 10658K/11936K, paused 3ms+3ms, total 44ms
01-08 14:51:04.151 D/dalvikvm(  730): WAIT_FOR_CONCURRENT_GC blocked 24ms
01-08 14:51:04.341 I/System.out( 6565): Values: -2.8095283 56.3397707
01-08 14:51:05.332 I/System.out( 6565): Values: -2.8095283 56.3397707
01-08 14:51:06.343 I/System.out( 6565): Values: -2.8095283 56.3397707
01-08 14:51:07.354 I/System.out( 6565): Values: -2.8095283 56.3397707
01-08 14:51:08.355 I/System.out( 6565): Values: -2.8095283 56.3397707
01-08 14:51:09.346 I/System.out( 6565): Values: -2.8095283 56.3397707
01-08 14:51:10.357 I/System.out( 6565): Values: -2.8095283 56.3397707
01-08 14:51:11.358 I/System.out( 6565): Values: -2.8095283 56.3397707
01-08 14:51:12.359 I/System.out( 6565): Values: -2.8095283 56.3397707
01-08 14:51:13.360 I/System.out( 6565): Values: -2.8095283 56.3397707
01-08 14:51:14.361 I/System.out( 6565): Values: -2.8095283 56.3397707
01-08 14:51:15.362 I/System.out( 6565): Values: -2.8095283 56.3397707
01-08 14:51:16.363 I/System.out( 6565): Values: -2.8095283 56.3397707
01-08 14:51:17.364 I/System.out( 6565): Values: -2.8095283 56.3397707
01-08 14:51:18.365 I/System.out( 6565): Values: -2.8095283 56.3397707
01-08 14:51:19.376 I/System.out( 6565): Values: -2.8095283 56.3397707
01-08 14:51:20.377 I/System.out( 6565): Values: -2.8095283 56.3397707
01-08 14:51:21.088 D/ConnectivityService(  519): Captive portal check NetworkInfo: type: WIFI[], state: CONNECTING/CAPTIVE_PORTAL_CHECK, reason: (unspecified), extra: "cs", roaming: false, failover: false, isAvailable: true
01-08 14:51:21.108 D/ConnectivityService(  519): ConnectivityChange for WIFI: CONNECTED/CONNECTED
01-08 14:51:21.148 D/ConnectivityService(  519): handleConnectivityChange: address are the same reset per doReset linkProperty[1]: resetMask=0
01-08 14:51:21.148 D/Nat464Xlat(  519): requiresClat: netType=1, hasIPv4Address=true
01-08 14:51:21.238 D/dalvikvm(  519): GC_CONCURRENT freed 2014K, 21% free 17263K/21836K, paused 3ms+5ms, total 75ms
01-08 14:51:21.368 I/System.out( 6565): Values: -2.8095283 56.3397707
01-08 14:51:22.119 D/ConnectivityService(  519): NetTransition Wakelock for ConnectedState released by timeout
01-08 14:51:22.379 I/System.out( 6565): Values: -2.8095283 56.3397707
01-08 14:51:23.380 I/System.out( 6565): Values: -2.8095283 56.3397707
01-08 14:51:24.191 D/Tethering(  519): MasterInitialState.processMessage what=3
01-08 14:51:24.201 I/ActivityManager(  519): Start proc android.process.media for broadcast com.android.providers.downloads/.DownloadReceiver: pid=7249 uid=10015 gids={50015, 1015, 1023, 1024, 1028, 2001, 3003, 3007}
01-08 14:51:24.291 E/        (  519): W/virtual loc_api_adapter_err LocApiAdapter::enableData(int): default implementation invoked
01-08 14:51:24.291 E/        (  519): W/virtual loc_api_adapter_err LocApiAdapter::setAPN(char*, int): default implementation invoked
01-08 14:51:24.331 I/ActivityManager(  519): Start proc com.google.android.gallery3d for broadcast com.google.android.gallery3d/com.google.android.picasasync.ConnectivityReceiver: pid=7279 uid=10019 gids={50019, 1006, 3003, 1015, 1028}
01-08 14:51:24.341 I/ActivityManager(  519): No longer want com.google.android.apps.plus (pid 5477): empty for 3456s
01-08 14:51:24.381 I/System.out( 6565): Values: -2.8095324 56.3397734
01-08 14:51:24.391 E/        (  785): RS Message thread exiting.
01-08 14:51:24.401 E/RenderScript(  785): rsAssert failed: !mTypes.size(), in frameworks/rs/rsType.cpp at 59
01-08 14:51:24.401 E/RenderScript(  785): rsAssert failed: !mElements.size(), in frameworks/rs/rsElement.cpp at 375
01-08 14:51:24.411 D/dalvikvm( 7279): GC_CONCURRENT freed 336K, 4% free 9010K/9384K, paused 2ms+1ms, total 19ms
01-08 14:51:24.451 D/UploadsManager( 7279):    wifiOnlyPhoto changed to true
01-08 14:51:24.451 D/UploadsManager( 7279):    wifiOnlyVideo changed to true
01-08 14:51:24.451 D/UploadsManager( 7279):    syncOnBattery changed to true
01-08 14:51:24.451 D/PicasaSync( 7279): sync account database
01-08 14:51:24.451 I/ActivityManager(  519): No longer want com.google.android.youtube (pid 5503): empty for 3456s
01-08 14:51:24.461 I/ActivityManager(  519): Start proc com.google.android.apps.uploader for broadcast com.google.android.apps.uploader/com.google.android.picasasync.ConnectivityReceiver: pid=7303 uid=10040 gids={50040, 3003, 1015, 1028}
01-08 14:51:24.481 D/PicasaSync( 7279): accounts in DB=0
01-08 14:51:24.481 D/PicasaSyncManager( 7279): active network: NetworkInfo: type: WIFI[], state: CONNECTED/CONNECTED, reason: (unspecified), extra: "cs", roaming: false, failover: false, isAvailable: true
01-08 14:51:24.481 D/PicasaSyncManager( 7279): background data: true
01-08 14:51:24.491 D/PicasaSyncManager( 7279): battery info: false
01-08 14:51:24.511 I/ActivityManager(  519): Start proc com.google.android.apps.plus for broadcast com.google.android.apps.plus/.service.ConnectivityReceiver: pid=7316 uid=10050 gids={50050, 3003, 3002, 1015, 1006, 1028}
01-08 14:51:24.511 I/ActivityManager(  519): No longer want com.android.vending (pid 5936): empty for 3451s
01-08 14:51:24.521 W/ActivityManager(  519): Scheduling restart of crashed service com.android.vending/com.google.android.finsky.services.DailyHygiene in 5000ms
01-08 14:51:24.531 D/PicasaUploader( 7303):    wifiOnlyPhoto changed to true
01-08 14:51:24.531 D/PicasaUploader( 7303):    wifiOnlyVideo changed to true
01-08 14:51:24.531 D/PicasaUploader( 7303):    syncOnBattery changed to true
01-08 14:51:24.531 D/PicasaUploaderSync( 7303): sync account database
01-08 14:51:24.541 D/PicasaUploaderSync( 7303): accounts in DB=0
01-08 14:51:24.541 D/PicasaUploaderSyncManager( 7303): active network: NetworkInfo: type: WIFI[], state: CONNECTED/CONNECTED, reason: (unspecified), extra: "cs", roaming: false, failover: false, isAvailable: true
01-08 14:51:24.541 D/PicasaUploaderSyncManager( 7303): background data: true
01-08 14:51:24.551 D/PicasaUploaderSyncManager( 7303): battery info: false
01-08 14:51:24.591 D/dalvikvm( 7316): GC_CONCURRENT freed 353K, 5% free 9023K/9412K, paused 2ms+2ms, total 23ms
01-08 14:51:24.591 D/dalvikvm( 7316): WAIT_FOR_CONCURRENT_GC blocked 9ms
01-08 14:51:24.591 D/dalvikvm( 7316): WAIT_FOR_CONCURRENT_GC blocked 9ms
01-08 14:51:24.631 D/dalvikvm( 7316): GC_CONCURRENT freed 123K, 2% free 9408K/9572K, paused 2ms+2ms, total 19ms
01-08 14:51:24.631 D/dalvikvm( 7316): WAIT_FOR_CONCURRENT_GC blocked 7ms
01-08 14:51:24.691 D/dalvikvm( 7316): GC_CONCURRENT freed 144K, 2% free 9763K/9956K, paused 1ms+2ms, total 18ms
01-08 14:51:24.691 D/dalvikvm( 7316): WAIT_FOR_CONCURRENT_GC blocked 7ms
01-08 14:51:24.751 D/dalvikvm( 7316): GC_CONCURRENT freed 144K, 2% free 10107K/10312K, paused 1ms+2ms, total 25ms
01-08 14:51:24.751 D/dalvikvm( 7316): WAIT_FOR_CONCURRENT_GC blocked 15ms
01-08 14:51:24.771 D/ConnectivityService(  519): handleInetConditionHoldEnd: net=1, condition=100, published condition=0
01-08 14:51:24.801 D/dalvikvm( 7316): GC_CONCURRENT freed 136K, 2% free 10447K/10656K, paused 2ms+2ms, total 27ms
01-08 14:51:24.801 D/dalvikvm( 7316): WAIT_FOR_CONCURRENT_GC blocked 17ms
01-08 14:51:24.861 D/dalvikvm( 7316): GC_CONCURRENT freed 332K, 4% free 10572K/10992K, paused 1ms+1ms, total 22ms
01-08 14:51:24.861 D/dalvikvm( 7316): WAIT_FOR_CONCURRENT_GC blocked 20ms
01-08 14:51:24.881 D/dalvikvm( 7316): GC_FOR_ALLOC freed 62K, 4% free 10636K/10992K, paused 27ms, total 27ms
01-08 14:51:24.911 D/dalvikvm( 7316): GC_FOR_ALLOC freed 126K, 5% free 10764K/11248K, paused 25ms, total 25ms
01-08 14:51:24.911 I/dalvikvm-heap( 7316): Grow heap (frag case) to 10.784MB for 250434-byte allocation
01-08 14:51:24.941 D/dalvikvm( 7316): GC_FOR_ALLOC freed 0K, 5% free 11008K/11496K, paused 23ms, total 23ms
01-08 14:51:24.971 D/dalvikvm( 7316): GC_FOR_ALLOC freed 499K, 7% free 11010K/11752K, paused 23ms, total 23ms
01-08 14:51:25.002 D/dalvikvm( 7316): GC_FOR_ALLOC freed 369K, 6% free 11127K/11752K, paused 27ms, total 27ms
01-08 14:51:25.032 D/dalvikvm( 7316): GC_FOR_ALLOC freed 126K, 5% free 11255K/11752K, paused 23ms, total 23ms
01-08 14:51:25.102 D/dalvikvm( 7316): GC_CONCURRENT freed 373K, 4% free 11682K/12092K, paused 2ms+2ms, total 28ms
01-08 14:51:25.102 D/dalvikvm( 7316): WAIT_FOR_CONCURRENT_GC blocked 12ms
01-08 14:51:25.232 D/dalvikvm( 7316): GC_CONCURRENT freed 205K, 2% free 12418K/12660K, paused 2ms+2ms, total 36ms
01-08 14:51:25.232 D/dalvikvm( 7316): WAIT_FOR_CONCURRENT_GC blocked 20ms
01-08 14:51:25.362 D/dalvikvm( 7316): GC_CONCURRENT freed 499K, 4% free 13108K/13644K, paused 3ms+2ms, total 40ms
01-08 14:51:25.362 D/dalvikvm( 7316): WAIT_FOR_CONCURRENT_GC blocked 21ms
01-08 14:51:25.372 I/System.out( 6565): Values: -2.8095324 56.3397734
01-08 14:51:25.562 D/dalvikvm( 7316): GC_CONCURRENT freed 587K, 5% free 13941K/14564K, paused 1ms+3ms, total 56ms
01-08 14:51:25.562 D/dalvikvm( 7316): WAIT_FOR_CONCURRENT_GC blocked 42ms
01-08 14:51:25.612 D/gp.PicasaPhotoCP( 7316): set fsid first time:-1
01-08 14:51:25.622 D/dalvikvm( 7316): No JNI_OnLoad found in /system/lib/libwebp_android.so 0x41e70d48, skipping init
01-08 14:51:25.622 D/dalvikvm( 7316): No JNI_OnLoad found in /system/lib/libplus_jni_v8.so 0x41e70d48, skipping init
01-08 14:51:25.622 I/NativeLibrarySupport( 7316): Native WEBP decoder, version=0.3.0
01-08 14:51:25.622 I/NativeLibrarySupport( 7316): Native networking disabled
01-08 14:51:25.672 D/GCM     (  831): GcmService start Intent { act=android.net.conn.CONNECTIVITY_CHANGE flg=0x8000010 cmp=com.google.android.gms/.gcm.GcmService (has extras) } android.net.conn.CONNECTIVITY_CHANGE
01-08 14:51:25.672 I/ActivityManager(  519): No longer want com.google.android.music:main (pid 6824): empty for 2875s
01-08 14:51:25.702 I/ActivityManager(  519): Start proc com.google.android.youtube for broadcast com.google.android.youtube/.app.prefetch.PrefetchService$DeviceStateReceiver: pid=7341 uid=10063 gids={50063, 3003, 1015, 1006, 1028}
01-08 14:51:25.702 D/dalvikvm(  177): GC_EXPLICIT freed 41K, 1% free 8863K/8944K, paused 1ms+2ms, total 23ms
01-08 14:51:25.722 W/ActivityManager(  519): Scheduling restart of crashed service com.google.android.music/.playback.MusicPlaybackService in 5000ms
01-08 14:51:25.722 D/dalvikvm(  177): GC_EXPLICIT freed <1K, 1% free 8863K/8944K, paused 1ms+2ms, total 20ms
01-08 14:51:25.732 D/dalvikvm( 7316): GC_FOR_ALLOC freed 849K, 7% free 14263K/15264K, paused 66ms, total 66ms
01-08 14:51:25.742 I/dalvikvm-heap( 7316): Grow heap (frag case) to 16.401MB for 2557264-byte allocation
01-08 14:51:25.742 D/dalvikvm(  177): GC_EXPLICIT freed <1K, 1% free 8863K/8944K, paused 1ms+2ms, total 16ms
01-08 14:51:25.772 D/dalvikvm( 7316): GC_FOR_ALLOC freed <1K, 6% free 16760K/17764K, paused 35ms, total 35ms
01-08 14:51:25.812 D/dalvikvm( 7316): GC_CONCURRENT freed 7K, 6% free 16753K/17764K, paused 1ms+1ms, total 37ms
01-08 14:51:25.812 D/dalvikvm( 7316): WAIT_FOR_CONCURRENT_GC blocked 36ms
01-08 14:51:25.812 D/dalvikvm( 7341): GC_CONCURRENT freed 283K, 4% free 9002K/9324K, paused 2ms+2ms, total 16ms
01-08 14:51:25.822 I/dalvikvm-heap( 7316): Grow heap (frag case) to 20.516MB for 4322896-byte allocation
01-08 14:51:25.852 D/dalvikvm( 7316): GC_FOR_ALLOC freed <1K, 5% free 20974K/21988K, paused 33ms, total 33ms
01-08 14:51:25.892 D/dalvikvm( 7316): GC_CONCURRENT freed 3K, 5% free 23560K/24588K, paused 2ms+2ms, total 36ms
01-08 14:51:25.892 D/dalvikvm( 7316): WAIT_FOR_CONCURRENT_GC blocked 28ms
01-08 14:51:25.902 D/dalvikvm( 7341): GC_CONCURRENT freed 269K, 4% free 9223K/9528K, paused 1ms+2ms, total 16ms
01-08 14:51:25.922 D/dalvikvm( 7341): DexOpt: --- BEGIN 'ads782366099.jar' (bootstrap=0) ---
01-08 14:51:25.952 D/dalvikvm( 7374): DexOpt: load 3ms, verify+opt 5ms, 144708 bytes
01-08 14:51:25.982 D/dalvikvm( 7341): DexOpt: --- END 'ads782366099.jar' (success) ---
01-08 14:51:25.982 D/dalvikvm( 7341): DEX prep '/data/data/com.google.android.youtube/cache/ads782366099.jar': unzip in 0ms, rewrite 56ms
01-08 14:51:26.043 D/dalvikvm( 7341): GC_CONCURRENT freed 259K, 4% free 9405K/9700K, paused 1ms+2ms, total 16ms
01-08 14:51:26.063 I/ConversionPing( 7341): Sending ping: http://googleads.g.doubleclick.net/pagead/viewthroughconversion/1001680686/?label=8cu4CIrA3gMQrt7R3QM&muid=EmUrK9jpBXsGnFBYwt80rw
01-08 14:51:26.383 I/System.out( 6565): Values: -2.8095324 56.3397734
01-08 14:51:27.374 I/System.out( 6565): Values: -2.8095324 56.3397734
01-08 14:51:28.375 I/System.out( 6565): Values: -2.8095324 56.3397734
01-08 14:51:29.376 I/System.out( 6565): Values: -2.8095324 56.3397734
01-08 14:51:29.436 W/GAV2    ( 7279): Thread[GAThread,5,main]: Service unavailable (code=1), will retry.
01-08 14:51:29.436 W/ActivityManager(  519): Unable to start service Intent { act=com.google.android.gms.analytics.service.START (has extras) } U=0: not found
01-08 14:51:29.456 I/GAV2    ( 7279): Thread[GAThread,5,main]: No campaign data found.
01-08 14:51:30.377 I/System.out( 6565): Values: -2.8095324 56.3397734
01-08 14:51:30.767 I/ActivityManager(  519): Start proc com.google.android.music:main for service com.google.android.music/.playback.MusicPlaybackService: pid=7397 uid=10041 gids={50041, 3003, 1015, 1028}
01-08 14:51:30.847 I/MusicStore( 7397): Database version: 70
01-08 14:51:30.927 D/dalvikvm( 7397): GC_CONCURRENT freed 256K, 4% free 9046K/9340K, paused 3ms+2ms, total 44ms
01-08 14:51:30.997 D/SystemUtils( 7397): getSystemProperty: lpa.decode=null
01-08 14:51:31.017 D/CacheService( 7397): onCreate
01-08 14:51:31.027 D/CacheService( 7397): onBind
01-08 14:51:31.037 I/LocalDevicePlayback( 7397): Streaming client created.
01-08 14:51:31.388 I/System.out( 6565): Values: -2.8095324 56.3397734
01-08 14:51:32.138 D/dalvikvm(  519): GC_EXPLICIT freed 522K, 22% free 17197K/21836K, paused 6ms+7ms, total 101ms
01-08 14:51:32.179 D/dalvikvm( 7397): GC_CONCURRENT freed 220K, 3% free 9310K/9568K, paused 3ms+3ms, total 25ms
01-08 14:51:32.219 I/MediaStoreImporter( 7397): Update: incremental Added music: 0 Updated music: 0 Deleted music: 0 Created playlists: 0 Updated playlists: 0 Deleted playlists: 0 Inserted playlist items: 0 Deleted playlist items: 0 Removed orphaned playlist items: 0
