01-09 13:19:04.065 I/System.out( 4308): Empty value
01-09 13:19:05.056 I/System.out( 4308): Empty value
01-09 13:19:06.067 I/System.out( 4308): Empty value
01-09 13:19:07.068 I/System.out( 4308): Empty value
01-09 13:19:08.069 I/System.out( 4308): Empty value
01-09 13:19:09.070 I/System.out( 4308): Empty value
01-09 13:19:10.071 I/System.out( 4308): Empty value
01-09 13:19:11.072 I/System.out( 4308): Empty value
01-09 13:19:12.073 I/System.out( 4308): Empty value
01-09 13:19:13.074 I/System.out( 4308): Empty value
01-09 13:19:14.075 I/System.out( 4308): Empty value
01-09 13:19:15.076 I/System.out( 4308): Empty value
01-09 13:19:16.077 I/System.out( 4308): Empty value
01-09 13:19:17.068 I/System.out( 4308): Empty value
01-09 13:19:18.079 I/System.out( 4308): Empty value
01-09 13:19:19.080 I/System.out( 4308): Empty value
01-09 13:19:20.080 I/System.out( 4308): Empty value
01-09 13:19:21.081 I/System.out( 4308): Empty value
01-09 13:19:22.082 I/System.out( 4308): Empty value
01-09 13:19:23.083 I/System.out( 4308): Empty value
01-09 13:19:24.084 I/System.out( 4308): Empty value
01-09 13:19:25.085 I/System.out( 4308): Empty value
01-09 13:19:26.086 I/System.out( 4308): Empty value
01-09 13:19:27.087 I/System.out( 4308): Empty value
01-09 13:19:28.088 I/System.out( 4308): Empty value
01-09 13:19:29.089 I/System.out( 4308): Empty value
01-09 13:19:30.090 I/System.out( 4308): Empty value
01-09 13:19:31.091 I/System.out( 4308): Empty value
01-09 13:19:32.092 I/System.out( 4308): Empty value
01-09 13:19:33.093 I/System.out( 4308): Empty value
01-09 13:19:34.094 I/System.out( 4308): Empty value
01-09 13:19:35.095 I/System.out( 4308): Empty value
01-09 13:19:36.096 I/System.out( 4308): Empty value
01-09 13:19:37.097 I/System.out( 4308): Empty value
01-09 13:19:38.088 I/System.out( 4308): Empty value
01-09 13:19:39.089 I/System.out( 4308): Empty value
01-09 13:19:40.090 I/System.out( 4308): Empty value
01-09 13:19:41.091 I/System.out( 4308): Empty value
01-09 13:19:42.092 I/System.out( 4308): Empty value
01-09 13:19:43.103 I/System.out( 4308): Empty value
01-09 13:19:44.104 I/System.out( 4308): Empty value
01-09 13:19:45.105 I/System.out( 4308): Empty value
01-09 13:19:46.096 I/System.out( 4308): Empty value
01-09 13:19:47.107 I/System.out( 4308): Empty value
01-09 13:19:48.098 I/System.out( 4308): Empty value
01-09 13:19:49.099 I/System.out( 4308): Empty value
01-09 13:19:50.100 I/System.out( 4308): Empty value
01-09 13:19:51.111 I/System.out( 4308): Empty value
01-09 13:19:52.112 I/System.out( 4308): Empty value
01-09 13:19:53.113 I/System.out( 4308): Empty value
01-09 13:19:54.114 I/System.out( 4308): Empty value
01-09 13:19:55.115 I/System.out( 4308): Empty value
01-09 13:19:56.116 I/System.out( 4308): Empty value
01-09 13:19:57.117 I/System.out( 4308): Empty value
01-09 13:19:58.118 I/System.out( 4308): Empty value
01-09 13:19:59.119 I/System.out( 4308): Empty value
01-09 13:20:00.120 I/System.out( 4308): Empty value
01-09 13:20:01.121 I/System.out( 4308): Empty value
01-09 13:20:02.122 I/System.out( 4308): Empty value
01-09 13:20:03.122 I/System.out( 4308): Empty value
01-09 13:20:04.123 I/System.out( 4308): Empty value
01-09 13:20:05.124 I/System.out( 4308): Empty value
01-09 13:20:06.125 I/System.out( 4308): Empty value
01-09 13:20:07.126 I/System.out( 4308): Empty value
01-09 13:20:08.127 I/System.out( 4308): Empty value
01-09 13:20:09.118 I/System.out( 4308): Empty value
01-09 13:20:10.129 I/System.out( 4308): Empty value
01-09 13:20:11.130 I/System.out( 4308): Empty value
01-09 13:20:12.131 I/System.out( 4308): Empty value
01-09 13:20:13.132 I/System.out( 4308): Empty value
01-09 13:20:14.133 I/System.out( 4308): Empty value
01-09 13:20:15.134 I/System.out( 4308): Empty value
01-09 13:20:16.135 I/System.out( 4308): Empty value
01-09 13:20:17.136 I/System.out( 4308): Empty value
01-09 13:20:18.137 I/System.out( 4308): Empty value
01-09 13:20:19.138 I/System.out( 4308): Empty value
01-09 13:20:20.139 I/System.out( 4308): Empty value
01-09 13:20:21.140 I/System.out( 4308): Empty value
01-09 13:20:22.141 I/System.out( 4308): Empty value
01-09 13:20:23.142 I/System.out( 4308): Empty value
01-09 13:20:24.143 I/System.out( 4308): Empty value
01-09 13:20:25.144 I/System.out( 4308): Empty value
01-09 13:20:26.145 I/System.out( 4308): Empty value
01-09 13:20:27.146 I/System.out( 4308): Empty value
01-09 13:20:27.196 D/dalvikvm( 4308): GC_CONCURRENT freed 385K, 5% free 9009K/9432K, paused 8ms+1ms, total 58ms
01-09 13:20:28.137 I/System.out( 4308): Empty value
01-09 13:20:29.148 I/System.out( 4308): Empty value
01-09 13:20:30.149 I/System.out( 4308): Empty value
01-09 13:20:31.150 I/System.out( 4308): Empty value
01-09 13:20:32.151 I/System.out( 4308): Empty value
01-09 13:20:33.152 I/System.out( 4308): Empty value
01-09 13:20:34.153 I/System.out( 4308): Empty value
01-09 13:20:35.154 I/System.out( 4308): Empty value
01-09 13:20:36.155 I/System.out( 4308): Empty value
01-09 13:20:37.156 I/System.out( 4308): Empty value
01-09 13:20:38.157 I/System.out( 4308): Empty value
01-09 13:20:39.148 I/System.out( 4308): Empty value
01-09 13:20:40.159 I/System.out( 4308): Empty value
01-09 13:20:41.150 I/System.out( 4308): Empty value
01-09 13:20:42.151 I/System.out( 4308): Empty value
01-09 13:20:43.162 I/System.out( 4308): Empty value
01-09 13:20:44.163 I/System.out( 4308): Empty value
01-09 13:20:45.164 I/System.out( 4308): Empty value
01-09 13:20:46.164 I/System.out( 4308): Empty value
01-09 13:20:47.165 I/System.out( 4308): Empty value
01-09 13:20:48.166 I/System.out( 4308): Empty value
01-09 13:20:49.157 I/System.out( 4308): Empty value
01-09 13:20:50.168 I/System.out( 4308): Empty value
01-09 13:20:51.169 I/System.out( 4308): Empty value
01-09 13:20:52.170 I/System.out( 4308): Empty value
01-09 13:20:53.161 I/System.out( 4308): Empty value
01-09 13:20:54.172 I/System.out( 4308): Empty value
01-09 13:20:55.173 I/System.out( 4308): Empty value
01-09 13:20:56.174 I/System.out( 4308): Empty value
01-09 13:20:57.165 I/System.out( 4308): Empty value
01-09 13:20:58.166 I/System.out( 4308): Empty value
01-09 13:20:59.177 I/System.out( 4308): Empty value
01-09 13:21:00.168 I/System.out( 4308): Empty value
01-09 13:21:01.169 I/System.out( 4308): Empty value
01-09 13:21:02.180 I/System.out( 4308): Empty value
01-09 13:21:03.181 I/System.out( 4308): Empty value
01-09 13:21:04.182 I/System.out( 4308): Empty value
01-09 13:21:05.183 I/System.out( 4308): Empty value
01-09 13:21:06.184 I/System.out( 4308): Empty value
01-09 13:21:07.185 I/System.out( 4308): Empty value
01-09 13:21:08.186 I/System.out( 4308): Empty value
01-09 13:21:09.187 I/System.out( 4308): Empty value
01-09 13:21:10.188 I/System.out( 4308): Empty value
01-09 13:21:11.189 I/System.out( 4308): Empty value
01-09 13:21:12.190 I/System.out( 4308): Empty value
01-09 13:21:13.191 I/System.out( 4308): Empty value
01-09 13:21:14.192 I/System.out( 4308): Empty value
01-09 13:21:15.193 I/System.out( 4308): Empty value
01-09 13:21:16.194 I/System.out( 4308): Empty value
01-09 13:21:17.195 I/System.out( 4308): Empty value
01-09 13:21:18.196 I/System.out( 4308): Empty value
01-09 13:21:19.187 I/System.out( 4308): Empty value
01-09 13:21:20.198 I/System.out( 4308): Empty value
01-09 13:21:21.189 I/System.out( 4308): Empty value
01-09 13:21:22.190 I/System.out( 4308): Empty value
01-09 13:21:23.191 I/System.out( 4308): Empty value
01-09 13:21:24.202 I/System.out( 4308): Empty value
01-09 13:21:25.203 I/System.out( 4308): Empty value
01-09 13:21:26.204 I/System.out( 4308): Empty value
01-09 13:21:27.205 I/System.out( 4308): Empty value
01-09 13:21:28.205 I/System.out( 4308): Empty value
01-09 13:21:29.206 I/System.out( 4308): Empty value
01-09 13:21:30.207 I/System.out( 4308): Empty value
01-09 13:21:31.198 I/System.out( 4308): Empty value
01-09 13:21:32.209 I/System.out( 4308): Empty value
01-09 13:21:33.210 I/System.out( 4308): Empty value
01-09 13:21:34.211 I/System.out( 4308): Empty value
01-09 13:21:35.212 I/System.out( 4308): Empty value
01-09 13:21:36.213 I/System.out( 4308): Empty value
01-09 13:21:37.214 I/System.out( 4308): Empty value
01-09 13:21:38.205 I/System.out( 4308): Empty value
01-09 13:21:39.216 I/System.out( 4308): Empty value
01-09 13:21:40.217 I/System.out( 4308): Empty value
01-09 13:21:41.218 I/System.out( 4308): Empty value
01-09 13:21:42.209 I/System.out( 4308): Empty value
01-09 13:21:43.210 I/System.out( 4308): Empty value
01-09 13:21:44.211 I/System.out( 4308): Empty value
01-09 13:21:45.222 I/System.out( 4308): Empty value
01-09 13:21:46.223 I/System.out( 4308): Empty value
01-09 13:21:47.214 I/System.out( 4308): Empty value
01-09 13:21:48.225 I/System.out( 4308): Empty value
01-09 13:21:49.226 I/System.out( 4308): Empty value
01-09 13:21:50.227 I/System.out( 4308): Empty value
01-09 13:21:51.228 I/System.out( 4308): Empty value
01-09 13:21:52.219 I/System.out( 4308): Empty value
01-09 13:21:53.230 I/System.out( 4308): Empty value
01-09 13:21:54.231 I/System.out( 4308): Empty value
01-09 13:21:55.232 I/System.out( 4308): Empty value
01-09 13:21:56.233 I/System.out( 4308): Empty value
01-09 13:21:57.234 I/System.out( 4308): Empty value
01-09 13:21:58.235 I/System.out( 4308): Empty value
01-09 13:21:59.236 I/System.out( 4308): Empty value
01-09 13:22:00.227 I/System.out( 4308): Empty value
01-09 13:22:01.228 I/System.out( 4308): Empty value
01-09 13:22:02.239 I/System.out( 4308): Empty value
01-09 13:22:03.240 I/System.out( 4308): Empty value
01-09 13:22:04.241 I/System.out( 4308): Empty value
01-09 13:22:05.242 I/System.out( 4308): Empty value
01-09 13:22:06.243 I/System.out( 4308): Empty value
01-09 13:22:07.244 I/System.out( 4308): Empty value
01-09 13:22:08.245 I/System.out( 4308): Empty value
01-09 13:22:09.246 I/System.out( 4308): Empty value
01-09 13:22:10.247 I/System.out( 4308): Empty value
01-09 13:22:11.247 I/System.out( 4308): Empty value
01-09 13:22:12.248 I/System.out( 4308): Empty value
01-09 13:22:13.259 I/System.out( 4308): Empty value
01-09 13:22:14.250 I/System.out( 4308): Empty value
01-09 13:22:15.251 I/System.out( 4308): Empty value
01-09 13:22:16.252 I/System.out( 4308): Empty value
01-09 13:22:17.253 I/System.out( 4308): Empty value
01-09 13:22:18.264 I/System.out( 4308): Empty value
01-09 13:22:19.265 I/System.out( 4308): Empty value
01-09 13:22:20.266 I/System.out( 4308): Empty value
01-09 13:22:21.257 I/System.out( 4308): Empty value
01-09 13:22:22.258 I/System.out( 4308): Empty value
01-09 13:22:23.259 I/System.out( 4308): Empty value
01-09 13:22:24.260 I/System.out( 4308): Empty value
01-09 13:22:25.271 I/System.out( 4308): Empty value
01-09 13:22:26.272 I/System.out( 4308): Empty value
01-09 13:22:27.273 I/System.out( 4308): Empty value
01-09 13:22:28.274 I/System.out( 4308): Empty value
01-09 13:22:29.275 I/System.out( 4308): Empty value
01-09 13:22:30.276 I/System.out( 4308): Empty value
01-09 13:22:31.267 I/System.out( 4308): Empty value
01-09 13:22:32.278 I/System.out( 4308): Empty value
01-09 13:22:33.269 I/System.out( 4308): Empty value
01-09 13:22:34.280 I/System.out( 4308): Empty value
01-09 13:22:35.281 I/System.out( 4308): Empty value
01-09 13:22:36.282 I/System.out( 4308): Empty value
01-09 13:22:37.283 I/System.out( 4308): Empty value
01-09 13:22:38.284 I/System.out( 4308): Empty value
01-09 13:22:39.285 I/System.out( 4308): Empty value
01-09 13:22:40.286 I/System.out( 4308): Empty value
01-09 13:22:41.287 I/System.out( 4308): Empty value
01-09 13:22:42.288 I/System.out( 4308): Empty value
01-09 13:22:43.289 I/System.out( 4308): Empty value
01-09 13:22:44.290 I/System.out( 4308): Empty value
01-09 13:22:45.291 I/System.out( 4308): Empty value
01-09 13:22:46.292 I/System.out( 4308): Empty value
01-09 13:22:47.303 I/System.out( 4308): Empty value
01-09 13:22:48.304 I/System.out( 4308): Empty value
01-09 13:22:49.305 I/System.out( 4308): Empty value
01-09 13:22:50.306 I/System.out( 4308): Empty value
01-09 13:22:51.297 I/System.out( 4308): Empty value
01-09 13:22:52.298 I/System.out( 4308): Empty value
01-09 13:22:53.299 I/System.out( 4308): Empty value
01-09 13:22:54.299 I/System.out( 4308): Empty value
01-09 13:22:55.300 I/System.out( 4308): Empty value
01-09 13:22:56.301 I/System.out( 4308): Empty value
01-09 13:22:57.302 I/System.out( 4308): Empty value
01-09 13:22:58.303 I/System.out( 4308): Empty value
01-09 13:22:59.304 I/System.out( 4308): Empty value
01-09 13:23:00.315 I/System.out( 4308): Empty value
01-09 13:23:01.306 I/System.out( 4308): Empty value
01-09 13:23:02.307 I/System.out( 4308): Empty value
01-09 13:23:03.308 I/System.out( 4308): Empty value
01-09 13:23:04.319 I/System.out( 4308): Empty value
01-09 13:23:05.310 I/System.out( 4308): Empty value
01-09 13:23:06.311 I/System.out( 4308): Empty value
01-09 13:23:07.312 I/System.out( 4308): Empty value
01-09 13:23:08.313 I/System.out( 4308): Empty value
01-09 13:23:09.324 I/System.out( 4308): Empty value
01-09 13:23:10.325 I/System.out( 4308): Empty value
01-09 13:23:11.326 I/System.out( 4308): Empty value
01-09 13:23:12.317 I/System.out( 4308): Empty value
01-09 13:23:13.328 I/System.out( 4308): Empty value
01-09 13:23:14.319 I/System.out( 4308): Empty value
01-09 13:23:15.320 I/System.out( 4308): Empty value
01-09 13:23:16.321 I/System.out( 4308): Empty value
01-09 13:23:17.322 I/System.out( 4308): Empty value
01-09 13:23:18.323 I/System.out( 4308): Empty value
01-09 13:23:19.324 I/System.out( 4308): Empty value
01-09 13:23:20.325 I/System.out( 4308): Empty value
01-09 13:23:21.326 I/System.out( 4308): Empty value
01-09 13:23:22.327 I/System.out( 4308): Empty value
01-09 13:23:23.328 I/System.out( 4308): Empty value
01-09 13:23:24.329 I/System.out( 4308): Empty value
01-09 13:23:25.330 I/System.out( 4308): Empty value
01-09 13:23:26.331 I/System.out( 4308): Empty value
01-09 13:23:27.332 I/System.out( 4308): Empty value
01-09 13:23:28.333 I/System.out( 4308): Empty value
01-09 13:23:29.334 I/System.out( 4308): Empty value
01-09 13:23:30.335 I/System.out( 4308): Empty value
01-09 13:23:31.336 I/System.out( 4308): Empty value
01-09 13:23:32.337 I/System.out( 4308): Empty value
01-09 13:23:33.338 I/System.out( 4308): Empty value
01-09 13:23:34.339 I/System.out( 4308): Empty value
01-09 13:23:35.340 I/System.out( 4308): Empty value
01-09 13:23:36.341 I/System.out( 4308): Empty value
01-09 13:23:37.341 I/System.out( 4308): Empty value
01-09 13:23:38.342 I/System.out( 4308): Empty value
01-09 13:23:39.343 I/System.out( 4308): Empty value
01-09 13:23:40.344 I/System.out( 4308): Empty value
01-09 13:23:41.345 I/System.out( 4308): Empty value
01-09 13:23:42.356 I/System.out( 4308): Empty value
01-09 13:23:43.347 I/System.out( 4308): Empty value
01-09 13:23:44.348 I/System.out( 4308): Empty value
01-09 13:23:45.349 I/System.out( 4308): Empty value
01-09 13:23:46.350 I/System.out( 4308): Empty value
01-09 13:23:47.351 I/System.out( 4308): Empty value
01-09 13:23:48.352 I/System.out( 4308): Empty value
01-09 13:23:49.353 I/System.out( 4308): Empty value
01-09 13:23:50.354 I/System.out( 4308): Empty value
01-09 13:23:51.355 I/System.out( 4308): Empty value
01-09 13:23:52.356 I/System.out( 4308): Empty value
01-09 13:23:53.357 I/System.out( 4308): Empty value
01-09 13:23:54.358 I/System.out( 4308): Empty value
01-09 13:23:55.359 I/System.out( 4308): Empty value
01-09 13:23:56.360 I/System.out( 4308): Empty value
01-09 13:23:57.361 I/System.out( 4308): Empty value
01-09 13:23:58.362 I/System.out( 4308): Empty value
01-09 13:23:59.373 I/System.out( 4308): Empty value
01-09 13:24:00.374 I/System.out( 4308): Empty value
01-09 13:24:01.375 I/System.out( 4308): Empty value
01-09 13:24:02.376 I/System.out( 4308): Empty value
01-09 13:24:03.377 I/System.out( 4308): Empty value
01-09 13:24:04.368 I/System.out( 4308): Empty value
01-09 13:24:05.369 I/System.out( 4308): Empty value
01-09 13:24:06.370 I/System.out( 4308): Empty value
01-09 13:24:07.381 I/System.out( 4308): Empty value
01-09 13:24:08.372 I/System.out( 4308): Empty value
01-09 13:24:09.373 I/System.out( 4308): Empty value
01-09 13:24:10.374 I/System.out( 4308): Empty value
01-09 13:24:11.375 I/System.out( 4308): Empty value
01-09 13:24:11.435 D/dalvikvm( 4308): GC_CONCURRENT freed 385K, 5% free 9009K/9432K, paused 7ms+9ms, total 52ms
01-09 13:24:12.376 I/System.out( 4308): Empty value
01-09 13:24:13.377 I/System.out( 4308): Empty value
01-09 13:24:14.378 I/System.out( 4308): Empty value
01-09 13:24:15.379 I/System.out( 4308): Empty value
01-09 13:24:16.380 I/System.out( 4308): Empty value
01-09 13:24:17.381 I/System.out( 4308): Empty value
01-09 13:24:18.382 I/System.out( 4308): Empty value
01-09 13:24:19.382 I/System.out( 4308): Empty value
01-09 13:24:20.383 I/System.out( 4308): Empty value
01-09 13:24:21.384 I/System.out( 4308): Empty value
01-09 13:24:22.385 I/System.out( 4308): Empty value
01-09 13:24:23.386 I/System.out( 4308): Empty value
01-09 13:24:24.387 I/System.out( 4308): Empty value
01-09 13:24:25.388 I/System.out( 4308): Empty value
01-09 13:24:26.389 I/System.out( 4308): Empty value
01-09 13:24:27.390 I/System.out( 4308): Empty value
01-09 13:24:28.391 I/System.out( 4308): Empty value
01-09 13:24:29.392 I/System.out( 4308): Empty value
01-09 13:24:29.392 I/System.out( 4308): Battery level start is reached
01-09 13:24:30.393 I/System.out( 4308): Empty value
01-09 13:24:31.394 I/System.out( 4308): Empty value
01-09 13:24:32.395 I/System.out( 4308): Empty value
01-09 13:24:33.396 I/System.out( 4308): Empty value
01-09 13:24:34.397 I/System.out( 4308): Empty value
01-09 13:24:35.398 I/System.out( 4308): Empty value
01-09 13:24:36.389 I/System.out( 4308): Empty value
01-09 13:24:37.390 I/System.out( 4308): Empty value
01-09 13:24:38.401 I/System.out( 4308): Empty value
01-09 13:24:39.402 I/System.out( 4308): Empty value
01-09 13:24:40.403 I/System.out( 4308): Empty value
01-09 13:24:41.404 I/System.out( 4308): Empty value
01-09 13:24:42.405 I/System.out( 4308): Empty value
01-09 13:24:43.396 I/System.out( 4308): Empty value
01-09 13:24:44.397 I/System.out( 4308): Empty value
01-09 13:24:45.398 I/System.out( 4308): Empty value
01-09 13:24:46.409 I/System.out( 4308): Empty value
01-09 13:24:47.410 I/System.out( 4308): Empty value
01-09 13:24:48.411 I/System.out( 4308): Empty value
01-09 13:24:49.402 I/System.out( 4308): Empty value
01-09 13:24:50.413 I/System.out( 4308): Empty value
01-09 13:24:51.414 I/System.out( 4308): Empty value
01-09 13:24:52.415 I/System.out( 4308): Empty value
01-09 13:24:53.416 I/System.out( 4308): Empty value
01-09 13:24:54.417 I/System.out( 4308): Empty value
01-09 13:24:55.418 I/System.out( 4308): Empty value
01-09 13:24:56.409 I/System.out( 4308): Empty value
01-09 13:24:57.410 I/System.out( 4308): Empty value
01-09 13:24:58.411 I/System.out( 4308): Empty value
01-09 13:24:59.422 I/System.out( 4308): Empty value
01-09 13:25:00.002 I/ActivityManager(  512): No longer want com.google.android.youtube (pid 2247): empty for 1818s
01-09 13:25:00.423 I/System.out( 4308): Empty value
01-09 13:25:01.424 I/System.out( 4308): Empty value
01-09 13:25:02.424 I/System.out( 4308): Empty value
01-09 13:25:03.425 I/System.out( 4308): Empty value
01-09 13:25:04.426 I/System.out( 4308): Empty value
01-09 13:25:05.417 I/System.out( 4308): Empty value
01-09 13:25:06.418 I/System.out( 4308): Empty value
01-09 13:25:07.419 I/System.out( 4308): Empty value
01-09 13:25:08.420 I/System.out( 4308): Empty value
01-09 13:25:09.421 I/System.out( 4308): Empty value
01-09 13:25:10.422 I/System.out( 4308): Empty value
01-09 13:25:11.423 I/System.out( 4308): Empty value
01-09 13:25:12.424 I/System.out( 4308): Empty value
01-09 13:25:13.425 I/System.out( 4308): Empty value
01-09 13:25:14.426 I/System.out( 4308): Empty value
01-09 13:25:14.446 I/EntropyMixer(  512): Writing entropy...
01-09 13:25:15.427 I/System.out( 4308): Empty value
01-09 13:25:16.428 I/System.out( 4308): Empty value
01-09 13:25:17.429 I/System.out( 4308): Empty value
01-09 13:25:18.430 I/System.out( 4308): Empty value
01-09 13:25:19.191 I/EventLogService(  781): Aggregate from 1389272119078 (log), 1389272119078 (data)
01-09 13:25:19.251 I/ServiceDumpSys(  781): dumping service [account]
01-09 13:25:19.441 I/System.out( 4308): Empty value
01-09 13:25:20.432 I/System.out( 4308): Empty value
01-09 13:25:21.443 I/System.out( 4308): Empty value
01-09 13:25:22.444 I/System.out( 4308): Empty value
01-09 13:25:23.445 I/System.out( 4308): Empty value
01-09 13:25:24.436 I/System.out( 4308): Empty value
01-09 13:25:25.447 I/System.out( 4308): Empty value
01-09 13:25:26.438 I/System.out( 4308): Empty value
01-09 13:25:27.439 I/System.out( 4308): Empty value
01-09 13:25:28.450 I/System.out( 4308): Empty value
01-09 13:25:29.451 I/System.out( 4308): Empty value
01-09 13:25:30.442 I/System.out( 4308): Empty value
01-09 13:25:31.443 I/System.out( 4308): Empty value
01-09 13:25:32.454 I/System.out( 4308): Empty value
01-09 13:25:33.455 I/System.out( 4308): Empty value
01-09 13:25:34.446 I/System.out( 4308): Empty value
01-09 13:25:35.447 I/System.out( 4308): Empty value
01-09 13:25:36.448 I/System.out( 4308): Empty value
01-09 13:25:37.449 I/System.out( 4308): Empty value
01-09 13:25:38.460 I/System.out( 4308): Empty value
01-09 13:25:39.451 I/System.out( 4308): Empty value
01-09 13:25:40.452 I/System.out( 4308): Empty value
01-09 13:25:41.453 I/System.out( 4308): Empty value
01-09 13:25:42.464 I/System.out( 4308): Empty value
01-09 13:25:43.465 I/System.out( 4308): Empty value
01-09 13:25:44.466 I/System.out( 4308): Empty value
01-09 13:25:45.466 I/System.out( 4308): Empty value
01-09 13:25:46.457 I/System.out( 4308): Empty value
01-09 13:25:47.458 I/System.out( 4308): Empty value
01-09 13:25:48.459 I/System.out( 4308): Empty value
01-09 13:25:49.470 I/System.out( 4308): Empty value
01-09 13:25:50.461 I/System.out( 4308): Empty value
01-09 13:25:51.462 I/System.out( 4308): Empty value
01-09 13:25:52.463 I/System.out( 4308): Empty value
01-09 13:25:53.464 I/System.out( 4308): Empty value
01-09 13:25:54.465 I/System.out( 4308): Empty value
01-09 13:25:55.466 I/System.out( 4308): Empty value
01-09 13:25:56.467 I/System.out( 4308): Empty value
01-09 13:25:57.478 I/System.out( 4308): Empty value
01-09 13:25:58.479 I/System.out( 4308): Empty value
01-09 13:25:59.480 I/System.out( 4308): Empty value
01-09 13:26:00.471 I/System.out( 4308): Empty value
01-09 13:26:01.472 I/System.out( 4308): Empty value
01-09 13:26:02.483 I/System.out( 4308): Empty value
01-09 13:26:03.484 I/System.out( 4308): Empty value
01-09 13:26:04.485 I/System.out( 4308): Empty value
01-09 13:26:05.486 I/System.out( 4308): Empty value
01-09 13:26:06.487 I/System.out( 4308): Empty value
01-09 13:26:07.488 I/System.out( 4308): Empty value
01-09 13:26:08.479 I/System.out( 4308): Empty value
01-09 13:26:09.490 I/System.out( 4308): Empty value
01-09 13:26:10.491 I/System.out( 4308): Empty value
01-09 13:26:11.492 I/System.out( 4308): Empty value
01-09 13:26:12.493 I/System.out( 4308): Empty value
01-09 13:26:13.494 I/System.out( 4308): Empty value
01-09 13:26:14.495 I/System.out( 4308): Empty value
01-09 13:26:15.496 I/System.out( 4308): Empty value
01-09 13:26:16.497 I/System.out( 4308): Empty value
01-09 13:26:17.488 I/System.out( 4308): Empty value
01-09 13:26:18.499 I/System.out( 4308): Empty value
01-09 13:26:19.500 I/System.out( 4308): Empty value
01-09 13:26:20.501 I/System.out( 4308): Empty value
01-09 13:26:21.502 I/System.out( 4308): Empty value
01-09 13:26:22.503 I/System.out( 4308): Empty value
01-09 13:26:23.504 I/System.out( 4308): Empty value
01-09 13:26:24.505 I/System.out( 4308): Empty value
01-09 13:26:25.496 I/System.out( 4308): Empty value
01-09 13:26:26.507 I/System.out( 4308): Empty value
01-09 13:26:27.507 I/System.out( 4308): Empty value
01-09 13:26:28.518 I/System.out( 4308): Empty value
01-09 13:26:29.519 I/System.out( 4308): Empty value
01-09 13:26:30.510 I/System.out( 4308): Empty value
01-09 13:26:31.511 I/System.out( 4308): Empty value
01-09 13:26:32.512 I/System.out( 4308): Empty value
01-09 13:26:33.513 I/System.out( 4308): Empty value
01-09 13:26:34.514 I/System.out( 4308): Empty value
01-09 13:26:35.525 I/System.out( 4308): Empty value
01-09 13:26:36.526 I/System.out( 4308): Empty value
01-09 13:26:37.527 I/System.out( 4308): Empty value
01-09 13:26:38.518 I/System.out( 4308): Empty value
01-09 13:26:39.519 I/System.out( 4308): Empty value
01-09 13:26:40.520 I/System.out( 4308): Empty value
01-09 13:26:41.521 I/System.out( 4308): Empty value
01-09 13:26:42.522 I/System.out( 4308): Empty value
01-09 13:26:43.523 I/System.out( 4308): Empty value
01-09 13:26:44.524 I/System.out( 4308): Empty value
01-09 13:26:45.535 I/System.out( 4308): Empty value
01-09 13:26:46.536 I/System.out( 4308): Empty value
01-09 13:26:47.527 I/System.out( 4308): Empty value
01-09 13:26:48.528 I/System.out( 4308): Empty value
01-09 13:26:49.539 I/System.out( 4308): Empty value
01-09 13:26:50.530 I/System.out( 4308): Empty value
01-09 13:26:51.541 I/System.out( 4308): Empty value
01-09 13:26:52.542 I/System.out( 4308): Empty value
01-09 13:26:53.543 I/System.out( 4308): Empty value
01-09 13:26:54.544 I/System.out( 4308): Empty value
01-09 13:26:55.545 I/System.out( 4308): Empty value
01-09 13:26:56.546 I/System.out( 4308): Empty value
01-09 13:26:57.547 I/System.out( 4308): Empty value
01-09 13:26:58.548 I/System.out( 4308): Empty value
01-09 13:26:59.549 I/System.out( 4308): Empty value
01-09 13:27:00.550 I/System.out( 4308): Empty value
01-09 13:27:01.551 I/System.out( 4308): Empty value
01-09 13:27:02.552 I/System.out( 4308): Empty value
01-09 13:27:03.553 I/System.out( 4308): Empty value
01-09 13:27:04.554 I/System.out( 4308): Empty value
01-09 13:27:05.555 I/System.out( 4308): Empty value
01-09 13:27:06.556 I/System.out( 4308): Empty value
01-09 13:27:07.557 I/System.out( 4308): Empty value
01-09 13:27:08.558 I/System.out( 4308): Empty value
01-09 13:27:09.559 I/System.out( 4308): Empty value
01-09 13:27:10.559 I/System.out( 4308): Empty value
01-09 13:27:11.560 I/System.out( 4308): Empty value
01-09 13:27:12.561 I/System.out( 4308): Empty value
01-09 13:27:13.562 I/System.out( 4308): Empty value
01-09 13:27:14.563 I/System.out( 4308): Empty value
01-09 13:27:15.564 I/System.out( 4308): Empty value
01-09 13:27:16.565 I/System.out( 4308): Empty value
01-09 13:27:17.556 I/System.out( 4308): Empty value
01-09 13:27:18.567 I/System.out( 4308): Empty value
01-09 13:27:19.568 I/System.out( 4308): Empty value
01-09 13:27:20.569 I/System.out( 4308): Empty value
01-09 13:27:21.570 I/System.out( 4308): Empty value
01-09 13:27:22.571 I/System.out( 4308): Empty value
01-09 13:27:23.582 I/System.out( 4308): Empty value
01-09 13:27:24.573 I/System.out( 4308): Empty value
01-09 13:27:25.584 I/System.out( 4308): Empty value
01-09 13:27:26.585 I/System.out( 4308): Empty value
01-09 13:27:27.586 I/System.out( 4308): Empty value
01-09 13:27:28.587 I/System.out( 4308): Empty value
01-09 13:27:29.588 I/System.out( 4308): Empty value
01-09 13:27:30.589 I/System.out( 4308): Empty value
01-09 13:27:31.590 I/System.out( 4308): Empty value
01-09 13:27:32.591 I/System.out( 4308): Empty value
01-09 13:27:33.592 I/System.out( 4308): Empty value
01-09 13:27:34.593 I/System.out( 4308): Empty value
01-09 13:27:35.594 I/System.out( 4308): Empty value
01-09 13:27:36.595 I/System.out( 4308): Empty value
01-09 13:27:37.596 I/System.out( 4308): Empty value
01-09 13:27:38.597 I/System.out( 4308): Empty value
01-09 13:27:39.598 I/System.out( 4308): Empty value
01-09 13:27:40.589 I/System.out( 4308): Empty value
01-09 13:27:41.590 I/System.out( 4308): Empty value
01-09 13:27:42.591 I/System.out( 4308): Empty value
01-09 13:27:43.592 I/System.out( 4308): Empty value
01-09 13:27:44.603 I/System.out( 4308): Empty value
01-09 13:27:45.594 I/System.out( 4308): Empty value
01-09 13:27:46.595 I/System.out( 4308): Empty value
01-09 13:27:47.596 I/System.out( 4308): Empty value
01-09 13:27:48.597 I/System.out( 4308): Empty value
01-09 13:27:49.598 I/System.out( 4308): Empty value
01-09 13:27:50.599 I/System.out( 4308): Empty value
01-09 13:27:51.600 I/System.out( 4308): Empty value
01-09 13:27:52.601 I/System.out( 4308): Empty value
01-09 13:27:53.601 I/System.out( 4308): Empty value
01-09 13:27:53.662 D/dalvikvm( 4308): GC_CONCURRENT freed 383K, 5% free 9010K/9432K, paused 8ms+3ms, total 57ms
01-09 13:27:54.602 I/System.out( 4308): Empty value
01-09 13:27:55.603 I/System.out( 4308): Empty value
01-09 13:27:56.604 I/System.out( 4308): Empty value
01-09 13:27:57.605 I/System.out( 4308): Empty value
01-09 13:27:58.606 I/System.out( 4308): Empty value
01-09 13:27:59.597 I/System.out( 4308): Empty value
01-09 13:28:00.608 I/System.out( 4308): Empty value
01-09 13:28:01.609 I/System.out( 4308): Empty value
01-09 13:28:02.610 I/System.out( 4308): Empty value
01-09 13:28:03.611 I/System.out( 4308): Empty value
01-09 13:28:04.612 I/System.out( 4308): Empty value
01-09 13:28:05.613 I/System.out( 4308): Empty value
01-09 13:28:06.614 I/System.out( 4308): Empty value
01-09 13:28:07.615 I/System.out( 4308): Empty value
01-09 13:28:08.626 I/System.out( 4308): Empty value
01-09 13:28:09.617 I/System.out( 4308): Empty value
01-09 13:28:10.618 I/System.out( 4308): Empty value
01-09 13:28:11.619 I/System.out( 4308): Empty value
01-09 13:28:12.620 I/System.out( 4308): Empty value
01-09 13:28:13.621 I/System.out( 4308): Empty value
01-09 13:28:14.622 I/System.out( 4308): Empty value
01-09 13:28:15.623 I/System.out( 4308): Empty value
01-09 13:28:16.624 I/System.out( 4308): Empty value
01-09 13:28:17.625 I/System.out( 4308): Empty value
01-09 13:28:18.626 I/System.out( 4308): Empty value
01-09 13:28:19.627 I/System.out( 4308): Empty value
01-09 13:28:20.628 I/System.out( 4308): Empty value
01-09 13:28:21.629 I/System.out( 4308): Empty value
01-09 13:28:22.630 I/System.out( 4308): Empty value
01-09 13:28:23.631 I/System.out( 4308): Empty value
01-09 13:28:24.632 I/System.out( 4308): Empty value
01-09 13:28:25.633 I/System.out( 4308): Empty value
01-09 13:28:26.634 I/System.out( 4308): Empty value
01-09 13:28:27.635 I/System.out( 4308): Empty value
01-09 13:28:28.626 I/System.out( 4308): Empty value
01-09 13:28:29.637 I/System.out( 4308): Empty value
01-09 13:28:30.638 I/System.out( 4308): Empty value
01-09 13:28:31.639 I/System.out( 4308): Empty value
01-09 13:28:32.650 I/System.out( 4308): Empty value
01-09 13:28:33.641 I/System.out( 4308): Empty value
01-09 13:28:34.642 I/System.out( 4308): Empty value
01-09 13:28:35.653 I/System.out( 4308): Empty value
01-09 13:28:36.653 I/System.out( 4308): Empty value
01-09 13:28:37.654 I/System.out( 4308): Empty value
01-09 13:28:38.655 I/System.out( 4308): Empty value
01-09 13:28:39.656 I/System.out( 4308): Empty value
01-09 13:28:40.657 I/System.out( 4308): Empty value
01-09 13:28:41.658 I/System.out( 4308): Empty value
01-09 13:28:42.659 I/System.out( 4308): Empty value
01-09 13:28:43.660 I/System.out( 4308): Empty value
01-09 13:28:44.661 I/System.out( 4308): Empty value
01-09 13:28:45.662 I/System.out( 4308): Empty value
01-09 13:28:46.663 I/System.out( 4308): Empty value
01-09 13:28:47.664 I/System.out( 4308): Empty value
01-09 13:28:48.665 I/System.out( 4308): Empty value
01-09 13:28:49.666 I/System.out( 4308): Empty value
01-09 13:28:50.667 I/System.out( 4308): Empty value
01-09 13:28:51.668 I/System.out( 4308): Empty value
01-09 13:28:52.669 I/System.out( 4308): Empty value
01-09 13:28:53.670 I/System.out( 4308): Empty value
01-09 13:28:54.671 I/System.out( 4308): Empty value
01-09 13:28:55.662 I/System.out( 4308): Empty value
01-09 13:28:56.673 I/System.out( 4308): Empty value
01-09 13:28:57.674 I/System.out( 4308): Empty value
01-09 13:28:58.675 I/System.out( 4308): Empty value
01-09 13:28:59.676 I/System.out( 4308): Empty value
01-09 13:29:00.677 I/System.out( 4308): Empty value
01-09 13:29:01.668 I/System.out( 4308): Empty value
01-09 13:29:02.679 I/System.out( 4308): Empty value
01-09 13:29:03.680 I/System.out( 4308): Empty value
01-09 13:29:04.681 I/System.out( 4308): Empty value
01-09 13:29:05.682 I/System.out( 4308): Empty value
01-09 13:29:06.683 I/System.out( 4308): Empty value
01-09 13:29:07.684 I/System.out( 4308): Empty value
01-09 13:29:08.685 I/System.out( 4308): Empty value
01-09 13:29:09.676 I/System.out( 4308): Empty value
01-09 13:29:10.677 I/System.out( 4308): Empty value
01-09 13:29:11.688 I/System.out( 4308): Empty value
01-09 13:29:12.679 I/System.out( 4308): Empty value
01-09 13:29:13.690 I/System.out( 4308): Empty value
01-09 13:29:14.691 I/System.out( 4308): Empty value
01-09 13:29:15.692 I/System.out( 4308): Empty value
01-09 13:29:16.693 I/System.out( 4308): Empty value
01-09 13:29:17.694 I/System.out( 4308): Empty value
01-09 13:29:18.705 I/System.out( 4308): Empty value
01-09 13:29:19.695 I/System.out( 4308): Empty value
01-09 13:29:20.706 I/System.out( 4308): Empty value
01-09 13:29:21.707 I/System.out( 4308): Empty value
01-09 13:29:22.698 I/System.out( 4308): Empty value
01-09 13:29:23.699 I/System.out( 4308): Empty value
01-09 13:29:24.710 I/System.out( 4308): Empty value
01-09 13:29:25.701 I/System.out( 4308): Empty value
01-09 13:29:26.702 I/System.out( 4308): Empty value
01-09 13:29:27.713 I/System.out( 4308): Empty value
01-09 13:29:28.714 I/System.out( 4308): Empty value
01-09 13:29:29.715 I/System.out( 4308): Empty value
01-09 13:29:30.716 I/System.out( 4308): Empty value
01-09 13:29:31.707 I/System.out( 4308): Empty value
01-09 13:29:32.718 I/System.out( 4308): Empty value
01-09 13:29:33.719 I/System.out( 4308): Empty value
01-09 13:29:34.720 I/System.out( 4308): Empty value
01-09 13:29:35.721 I/System.out( 4308): Empty value
01-09 13:29:36.722 I/System.out( 4308): Empty value
01-09 13:29:37.723 I/System.out( 4308): Empty value
01-09 13:29:38.724 I/System.out( 4308): Empty value
01-09 13:29:39.735 I/System.out( 4308): Empty value
01-09 13:29:40.736 I/System.out( 4308): Empty value
01-09 13:29:41.727 I/System.out( 4308): Empty value
01-09 13:29:42.728 I/System.out( 4308): Empty value
01-09 13:29:43.729 I/System.out( 4308): Empty value
01-09 13:29:44.740 I/System.out( 4308): Empty value
01-09 13:29:45.731 I/System.out( 4308): Empty value
01-09 13:29:46.732 I/System.out( 4308): Empty value
01-09 13:29:47.743 I/System.out( 4308): Empty value
01-09 13:29:48.744 I/System.out( 4308): Empty value
01-09 13:29:49.745 I/System.out( 4308): Empty value
01-09 13:29:50.736 I/System.out( 4308): Empty value
01-09 13:29:51.737 I/System.out( 4308): Empty value
01-09 13:29:52.738 I/System.out( 4308): Empty value
01-09 13:29:53.739 I/System.out( 4308): Empty value
01-09 13:29:54.740 I/System.out( 4308): Empty value
01-09 13:29:55.741 I/System.out( 4308): Empty value
01-09 13:29:56.742 I/System.out( 4308): Empty value
01-09 13:29:57.753 I/System.out( 4308): Empty value
01-09 13:29:58.754 I/System.out( 4308): Empty value
01-09 13:29:59.755 I/System.out( 4308): Empty value
01-09 13:30:00.756 I/System.out( 4308): Empty value
01-09 13:30:01.226 V/DigitalWidgetViewsFactory( 4127): DigitalWidget sets next alarm string to null
01-09 13:30:01.747 I/System.out( 4308): Empty value
01-09 13:30:02.747 I/System.out( 4308): Empty value
01-09 13:30:03.748 I/System.out( 4308): Empty value
01-09 13:30:04.749 I/System.out( 4308): Empty value
01-09 13:30:05.750 I/System.out( 4308): Empty value
01-09 13:30:06.751 I/System.out( 4308): Empty value
01-09 13:30:07.752 I/System.out( 4308): Empty value
01-09 13:30:08.753 I/System.out( 4308): Empty value
01-09 13:30:09.754 I/System.out( 4308): Empty value
01-09 13:30:10.765 I/System.out( 4308): Empty value
01-09 13:30:11.766 I/System.out( 4308): Empty value
01-09 13:30:12.757 I/System.out( 4308): Empty value
01-09 13:30:13.758 I/System.out( 4308): Empty value
01-09 13:30:14.759 I/System.out( 4308): Empty value
01-09 13:30:15.760 I/System.out( 4308): Empty value
01-09 13:30:16.761 I/System.out( 4308): Empty value
01-09 13:30:17.762 I/System.out( 4308): Empty value
01-09 13:30:18.773 I/System.out( 4308): Empty value
01-09 13:30:19.774 I/System.out( 4308): Empty value
01-09 13:30:20.775 I/System.out( 4308): Empty value
01-09 13:30:21.776 I/System.out( 4308): Empty value
01-09 13:30:22.767 I/System.out( 4308): Empty value
01-09 13:30:23.768 I/System.out( 4308): Empty value
01-09 13:30:24.769 I/System.out( 4308): Empty value
01-09 13:30:25.770 I/System.out( 4308): Empty value
01-09 13:30:26.771 I/System.out( 4308): Empty value
01-09 13:30:27.772 I/System.out( 4308): Empty value
01-09 13:30:28.773 I/System.out( 4308): Empty value
01-09 13:30:29.774 I/System.out( 4308): Empty value
01-09 13:30:30.785 I/System.out( 4308): Empty value
01-09 13:30:31.786 I/System.out( 4308): Empty value
01-09 13:30:32.787 I/System.out( 4308): Empty value
01-09 13:30:33.778 I/System.out( 4308): Empty value
01-09 13:30:34.789 I/System.out( 4308): Empty value
01-09 13:30:35.780 I/System.out( 4308): Empty value
01-09 13:30:36.781 I/System.out( 4308): Empty value
01-09 13:30:37.792 I/System.out( 4308): Empty value
01-09 13:30:38.793 I/System.out( 4308): Empty value
01-09 13:30:39.794 I/System.out( 4308): Empty value
01-09 13:30:40.795 I/System.out( 4308): Empty value
01-09 13:30:41.796 I/System.out( 4308): Empty value
01-09 13:30:42.797 I/System.out( 4308): Empty value
01-09 13:30:43.798 I/System.out( 4308): Empty value
01-09 13:30:44.799 I/System.out( 4308): Empty value
01-09 13:30:45.799 I/System.out( 4308): Empty value
01-09 13:30:46.800 I/System.out( 4308): Empty value
01-09 13:30:47.801 I/System.out( 4308): Empty value
01-09 13:30:48.802 I/System.out( 4308): Empty value
01-09 13:30:49.803 I/System.out( 4308): Empty value
01-09 13:30:50.814 I/System.out( 4308): Empty value
01-09 13:30:51.815 I/System.out( 4308): Empty value
01-09 13:30:52.816 I/System.out( 4308): Empty value
01-09 13:30:53.807 I/System.out( 4308): Empty value
01-09 13:30:54.808 I/System.out( 4308): Empty value
01-09 13:30:55.809 I/System.out( 4308): Empty value
01-09 13:30:56.820 I/System.out( 4308): Empty value
01-09 13:30:57.811 I/System.out( 4308): Empty value
01-09 13:30:58.822 I/System.out( 4308): Empty value
01-09 13:30:59.823 I/System.out( 4308): Empty value
01-09 13:31:00.003 I/ActivityManager(  512): No longer want com.google.android.music:main (pid 4166): empty for 1849s
01-09 13:31:00.053 W/ActivityManager(  512): Scheduling restart of crashed service com.google.android.music/.playback.MusicPlaybackService in 5000ms
01-09 13:31:00.824 I/System.out( 4308): Empty value
01-09 13:31:01.825 I/System.out( 4308): Empty value
01-09 13:31:02.816 I/System.out( 4308): Empty value
01-09 13:31:03.817 I/System.out( 4308): Empty value
01-09 13:31:04.828 I/System.out( 4308): Empty value
01-09 13:31:05.088 I/ActivityManager(  512): Start proc com.google.android.music:main for service com.google.android.music/.playback.MusicPlaybackService: pid=4393 uid=10041 gids={50041, 3003, 1015, 1028}
01-09 13:31:05.138 I/MusicStore( 4393): Database version: 70
01-09 13:31:05.188 D/dalvikvm( 4393): GC_CONCURRENT freed 219K, 3% free 9088K/9344K, paused 3ms+7ms, total 27ms
01-09 13:31:05.268 D/SystemUtils( 4393): getSystemProperty: lpa.decode=null
01-09 13:31:05.289 D/CacheService( 4393): onCreate
01-09 13:31:05.299 D/CacheService( 4393): onBind
01-09 13:31:05.309 I/LocalDevicePlayback( 4393): Streaming client created.
01-09 13:31:05.819 I/System.out( 4308): Empty value
01-09 13:31:06.370 D/dalvikvm( 4393): GC_CONCURRENT freed 264K, 4% free 9312K/9616K, paused 4ms+4ms, total 33ms
01-09 13:31:06.370 D/dalvikvm( 4393): WAIT_FOR_CONCURRENT_GC blocked 4ms
01-09 13:31:06.400 I/MediaStoreImporter( 4393): Update: incremental Added music: 0 Updated music: 0 Deleted music: 0 Created playlists: 0 Updated playlists: 0 Deleted playlists: 0 Inserted playlist items: 0 Deleted playlist items: 0 Removed orphaned playlist items: 0
01-09 13:31:06.830 I/System.out( 4308): Empty value
01-09 13:31:07.831 I/System.out( 4308): Empty value
01-09 13:31:08.832 I/System.out( 4308): Empty value
01-09 13:31:09.833 I/System.out( 4308): Empty value
01-09 13:31:10.353 I/MusicLeanback( 4393): Conditions not met for autocaching.
01-09 13:31:10.353 I/MusicLeanback( 4393): Stop autocaching.
01-09 13:31:10.834 I/System.out( 4308): Empty value
01-09 13:31:11.835 I/System.out( 4308): Empty value
01-09 13:31:12.836 I/System.out( 4308): Empty value
01-09 13:31:13.837 I/System.out( 4308): Empty value
01-09 13:31:14.838 I/System.out( 4308): Empty value
01-09 13:31:15.839 I/System.out( 4308): Empty value
01-09 13:31:16.840 I/System.out( 4308): Empty value
01-09 13:31:17.841 I/System.out( 4308): Empty value
01-09 13:31:18.842 I/System.out( 4308): Empty value
01-09 13:31:19.843 I/System.out( 4308): Empty value
01-09 13:31:20.844 I/System.out( 4308): Empty value
01-09 13:31:21.845 I/System.out( 4308): Empty value
01-09 13:31:22.846 I/System.out( 4308): Empty value
01-09 13:31:23.847 I/System.out( 4308): Empty value
01-09 13:31:24.838 I/System.out( 4308): Empty value
01-09 13:31:25.849 I/System.out( 4308): Empty value
01-09 13:31:26.850 I/System.out( 4308): Empty value
01-09 13:31:27.851 I/System.out( 4308): Empty value
01-09 13:31:28.851 I/System.out( 4308): Empty value
01-09 13:31:29.852 I/System.out( 4308): Empty value
01-09 13:31:30.863 I/System.out( 4308): Empty value
01-09 13:31:31.864 I/System.out( 4308): Empty value
01-09 13:31:32.865 I/System.out( 4308): Empty value
01-09 13:31:33.866 I/System.out( 4308): Empty value
01-09 13:31:34.867 I/System.out( 4308): Empty value
01-09 13:31:35.868 I/System.out( 4308): Empty value
01-09 13:31:36.869 I/System.out( 4308): Empty value
01-09 13:31:37.870 I/System.out( 4308): Empty value
01-09 13:31:38.871 I/System.out( 4308): Empty value
01-09 13:31:38.931 D/dalvikvm( 4308): GC_CONCURRENT freed 387K, 5% free 9010K/9436K, paused 9ms+4ms, total 56ms
01-09 13:31:39.872 I/System.out( 4308): Empty value
01-09 13:31:40.873 I/System.out( 4308): Empty value
01-09 13:31:41.874 I/System.out( 4308): Empty value
01-09 13:31:42.875 I/System.out( 4308): Empty value
01-09 13:31:43.876 I/System.out( 4308): Empty value
01-09 13:31:44.877 I/System.out( 4308): Empty value
01-09 13:31:45.878 I/System.out( 4308): Empty value
01-09 13:31:46.879 I/System.out( 4308): Empty value
01-09 13:31:47.880 I/System.out( 4308): Empty value
01-09 13:31:48.881 I/System.out( 4308): Empty value
01-09 13:31:49.882 I/System.out( 4308): Empty value
01-09 13:31:50.883 I/System.out( 4308): Empty value
01-09 13:31:51.884 I/System.out( 4308): Empty value
01-09 13:31:52.885 I/System.out( 4308): Empty value
01-09 13:31:53.886 I/System.out( 4308): Empty value
01-09 13:31:54.887 I/System.out( 4308): Empty value
01-09 13:31:55.888 I/System.out( 4308): Empty value
01-09 13:31:56.889 I/System.out( 4308): Empty value
01-09 13:31:57.890 I/System.out( 4308): Empty value
01-09 13:31:58.891 I/System.out( 4308): Empty value
01-09 13:31:59.892 I/System.out( 4308): Empty value
01-09 13:32:00.893 I/System.out( 4308): Empty value
01-09 13:32:01.894 I/System.out( 4308): Empty value
01-09 13:32:02.895 I/System.out( 4308): Empty value
01-09 13:32:03.896 I/System.out( 4308): Empty value
01-09 13:32:04.887 I/System.out( 4308): Empty value
01-09 13:32:05.888 I/System.out( 4308): Empty value
01-09 13:32:06.899 I/System.out( 4308): Empty value
01-09 13:32:07.900 I/System.out( 4308): Empty value
01-09 13:32:08.901 I/System.out( 4308): Empty value
01-09 13:32:09.902 I/System.out( 4308): Empty value
01-09 13:32:10.903 I/System.out( 4308): Empty value
01-09 13:32:11.903 I/System.out( 4308): Empty value
01-09 13:32:12.904 I/System.out( 4308): Empty value
01-09 13:32:13.905 I/System.out( 4308): Empty value
01-09 13:32:14.906 I/System.out( 4308): Empty value
01-09 13:32:15.907 I/System.out( 4308): Empty value
01-09 13:32:16.908 I/System.out( 4308): Empty value
01-09 13:32:17.909 I/System.out( 4308): Empty value
01-09 13:32:18.920 I/System.out( 4308): Empty value
01-09 13:32:19.921 I/System.out( 4308): Empty value
01-09 13:32:20.912 I/System.out( 4308): Empty value
01-09 13:32:21.923 I/System.out( 4308): Empty value
01-09 13:32:22.924 I/System.out( 4308): Empty value
01-09 13:32:23.925 I/System.out( 4308): Empty value
01-09 13:32:24.926 I/System.out( 4308): Empty value
01-09 13:32:25.927 I/System.out( 4308): Empty value
01-09 13:32:26.928 I/System.out( 4308): Empty value
01-09 13:32:27.929 I/System.out( 4308): Empty value
01-09 13:32:28.940 I/System.out( 4308): Empty value
01-09 13:32:29.931 I/System.out( 4308): Empty value
01-09 13:32:30.942 I/System.out( 4308): Empty value
01-09 13:32:31.943 I/System.out( 4308): Empty value
01-09 13:32:32.944 I/System.out( 4308): Empty value
01-09 13:32:33.935 I/System.out( 4308): Empty value
01-09 13:32:34.946 I/System.out( 4308): Empty value
01-09 13:32:35.937 I/System.out( 4308): Empty value
01-09 13:32:36.948 I/System.out( 4308): Empty value
01-09 13:32:37.939 I/System.out( 4308): Empty value
01-09 13:32:38.950 I/System.out( 4308): Empty value
01-09 13:32:39.951 I/System.out( 4308): Empty value
01-09 13:32:40.952 I/System.out( 4308): Empty value
01-09 13:32:41.953 I/System.out( 4308): Empty value
01-09 13:32:42.954 I/System.out( 4308): Empty value
01-09 13:32:43.955 I/System.out( 4308): Empty value
01-09 13:32:44.956 I/System.out( 4308): Empty value
01-09 13:32:45.947 I/System.out( 4308): Empty value
01-09 13:32:46.958 I/System.out( 4308): Empty value
01-09 13:32:47.959 I/System.out( 4308): Empty value
01-09 13:32:48.960 I/System.out( 4308): Empty value
01-09 13:32:49.961 I/System.out( 4308): Empty value
01-09 13:32:50.962 I/System.out( 4308): Empty value
01-09 13:32:51.963 I/System.out( 4308): Empty value
01-09 13:32:52.964 I/System.out( 4308): Empty value
01-09 13:32:53.965 I/System.out( 4308): Empty value
01-09 13:32:54.966 I/System.out( 4308): Empty value
01-09 13:32:55.966 I/System.out( 4308): Empty value
01-09 13:32:56.967 I/System.out( 4308): Empty value
01-09 13:32:57.958 I/System.out( 4308): Empty value
01-09 13:32:58.959 I/System.out( 4308): Empty value
01-09 13:32:59.960 I/System.out( 4308): Empty value
01-09 13:33:00.971 I/System.out( 4308): Empty value
01-09 13:33:01.962 I/System.out( 4308): Empty value
01-09 13:33:02.973 I/System.out( 4308): Empty value
01-09 13:33:03.974 I/System.out( 4308): Empty value
01-09 13:33:04.975 I/System.out( 4308): Empty value
01-09 13:33:05.976 I/System.out( 4308): Empty value
01-09 13:33:06.967 I/System.out( 4308): Empty value
01-09 13:33:07.968 I/System.out( 4308): Empty value
01-09 13:33:08.969 I/System.out( 4308): Empty value
01-09 13:33:09.980 I/System.out( 4308): Empty value
01-09 13:33:10.971 I/System.out( 4308): Empty value
01-09 13:33:11.972 I/System.out( 4308): Empty value
01-09 13:33:12.973 I/System.out( 4308): Empty value
01-09 13:33:13.984 I/System.out( 4308): Empty value
01-09 13:33:14.985 I/System.out( 4308): Empty value
01-09 13:33:15.986 I/System.out( 4308): Empty value
01-09 13:33:16.987 I/System.out( 4308): Empty value
01-09 13:33:17.978 I/System.out( 4308): Empty value
01-09 13:33:18.979 I/System.out( 4308): Empty value
01-09 13:33:19.980 I/System.out( 4308): Empty value
01-09 13:33:20.981 I/System.out( 4308): Empty value
01-09 13:33:21.992 I/System.out( 4308): Empty value
01-09 13:33:22.993 I/System.out( 4308): Empty value
01-09 13:33:23.994 I/System.out( 4308): Empty value
01-09 13:33:24.995 I/System.out( 4308): Empty value
01-09 13:33:25.996 I/System.out( 4308): Empty value
01-09 13:33:26.997 I/System.out( 4308): Empty value
01-09 13:33:27.988 I/System.out( 4308): Empty value
01-09 13:33:28.989 I/System.out( 4308): Empty value
01-09 13:33:29.990 I/System.out( 4308): Empty value
01-09 13:33:30.991 I/System.out( 4308): Empty value
01-09 13:33:31.992 I/System.out( 4308): Empty value
01-09 13:33:32.993 I/System.out( 4308): Empty value
01-09 13:33:33.994 I/System.out( 4308): Empty value
01-09 13:33:35.005 I/System.out( 4308): Empty value
01-09 13:33:35.996 I/System.out( 4308): Empty value
01-09 13:33:36.997 I/System.out( 4308): Empty value
01-09 13:33:37.997 I/System.out( 4308): Empty value
01-09 13:33:38.998 I/System.out( 4308): Empty value
01-09 13:33:39.999 I/System.out( 4308): Empty value
01-09 13:33:41.000 I/System.out( 4308): Empty value
01-09 13:33:42.001 I/System.out( 4308): Empty value
01-09 13:33:43.002 I/System.out( 4308): Empty value
01-09 13:33:44.003 I/System.out( 4308): Empty value
01-09 13:33:45.004 I/System.out( 4308): Empty value
01-09 13:33:46.005 I/System.out( 4308): Empty value
01-09 13:33:47.006 I/System.out( 4308): Empty value
01-09 13:33:48.017 I/System.out( 4308): Empty value
01-09 13:33:49.008 I/System.out( 4308): Empty value
01-09 13:33:50.009 I/System.out( 4308): Empty value
01-09 13:33:51.010 I/System.out( 4308): Empty value
01-09 13:33:52.021 I/System.out( 4308): Empty value
01-09 13:33:53.012 I/System.out( 4308): Empty value
01-09 13:33:54.023 I/System.out( 4308): Empty value
01-09 13:33:55.024 I/System.out( 4308): Empty value
01-09 13:33:56.025 I/System.out( 4308): Empty value
01-09 13:33:57.026 I/System.out( 4308): Empty value
01-09 13:33:58.027 I/System.out( 4308): Empty value
01-09 13:33:59.028 I/System.out( 4308): Empty value
01-09 13:34:00.019 I/System.out( 4308): Empty value
01-09 13:34:01.020 I/System.out( 4308): Empty value
01-09 13:34:02.021 I/System.out( 4308): Empty value
01-09 13:34:03.032 I/System.out( 4308): Empty value
01-09 13:34:04.033 I/System.out( 4308): Empty value
01-09 13:34:05.034 I/System.out( 4308): Empty value
01-09 13:34:06.035 I/System.out( 4308): Empty value
01-09 13:34:07.036 I/System.out( 4308): Empty value
01-09 13:34:08.037 I/System.out( 4308): Empty value
01-09 13:34:09.038 I/System.out( 4308): Empty value
01-09 13:34:10.039 I/System.out( 4308): Empty value
01-09 13:34:11.040 I/System.out( 4308): Empty value
01-09 13:34:12.041 I/System.out( 4308): Empty value
01-09 13:34:13.042 I/System.out( 4308): Empty value
01-09 13:34:14.043 I/System.out( 4308): Empty value
01-09 13:34:15.044 I/System.out( 4308): Empty value
01-09 13:34:16.045 I/System.out( 4308): Empty value
01-09 13:34:17.046 I/System.out( 4308): Empty value
01-09 13:34:18.047 I/System.out( 4308): Empty value
