--------- beginning of /dev/log/main
01-08 11:48:26.391 D/AndroidRuntime( 3373): 
01-08 11:48:26.391 D/AndroidRuntime( 3373): >>>>>> AndroidRuntime START com.android.internal.os.RuntimeInit <<<<<<
01-08 11:48:26.391 D/AndroidRuntime( 3373): CheckJNI is OFF
01-08 11:48:26.401 D/dalvikvm( 3373): Trying to load lib libjavacore.so 0x0
01-08 11:48:26.401 D/dalvikvm( 3373): Added shared lib libjavacore.so 0x0
01-08 11:48:26.411 D/dalvikvm( 3373): Trying to load lib libnativehelper.so 0x0
01-08 11:48:26.411 D/dalvikvm( 3373): Added shared lib libnativehelper.so 0x0
01-08 11:48:26.531 D/AndroidRuntime( 3373): Calling main entry com.android.commands.pm.Pm
01-08 11:48:26.541 D/Finsky  ( 1323): [1] PackageVerificationReceiver.onReceive: Verification requested, id = 5
--------- beginning of /dev/log/system
01-08 11:48:26.541 W/ActivityManager(  519): No content provider found for permission revoke: file:///data/local/tmp/EnergyMeasurementWifi80211.apk
01-08 11:48:26.551 D/Finsky  ( 1323): [1] WorkerTask.onPreExecute: Verification Requested for id = 5, data=file:///data/local/tmp/EnergyMeasurementWifi80211.apk flags=114 fromVerificationActivity=false
01-08 11:48:26.581 D/dalvikvm( 1323): GC_FOR_ALLOC freed 556K, 9% free 9275K/10120K, paused 16ms, total 17ms
01-08 11:48:26.611 I/ElegantRequestDirector( 1323): I/O exception (javax.net.ssl.SSLException) caught when processing request: Write error: ssl=0x747a1040: I/O error during system call, Broken pipe
01-08 11:48:26.611 I/ElegantRequestDirector( 1323): Retrying request
01-08 11:48:26.711 D/Finsky  ( 1323): [1] 2.onResponse: Verification id=5 response=0
01-08 11:48:26.721 D/Finsky  ( 1323): [1] PackageVerificationReceiver.onReceive: Verification requested, id = 5
01-08 11:48:26.731 W/ActivityManager(  519): No content provider found for permission revoke: file:///data/local/tmp/EnergyMeasurementWifi80211.apk
01-08 11:48:26.731 I/PackageManager(  519): Copying native libraries to /data/app-lib/vmdl-1009184599
01-08 11:48:26.761 I/ActivityManager(  519): Force stopping package uk.ac.st_andrews.cs.host.mk74.energymeasurement.wifi80211 appid=10081 user=-1
01-08 11:48:26.841 I/PackageManager(  519): Running dexopt on: uk.ac.st_andrews.cs.host.mk74.energymeasurement.wifi80211
01-08 11:48:26.841 I/PackageManager(  519): Package uk.ac.st_andrews.cs.host.mk74.energymeasurement.wifi80211 codePath changed from /data/app/uk.ac.st_andrews.cs.host.mk74.energymeasurement.wifi80211-2.apk to /data/app/uk.ac.st_andrews.cs.host.mk74.energymeasurement.wifi80211-1.apk; Retaining data and using new
01-08 11:48:27.091 D/dalvikvm( 3389): DexOpt: load 43ms, verify+opt 162ms, 958148 bytes
01-08 11:48:27.141 W/PackageManager(  519): Code path for pkg : uk.ac.st_andrews.cs.host.mk74.energymeasurement.wifi80211 changing from /data/app/uk.ac.st_andrews.cs.host.mk74.energymeasurement.wifi80211-2.apk to /data/app/uk.ac.st_andrews.cs.host.mk74.energymeasurement.wifi80211-1.apk
01-08 11:48:27.141 W/PackageManager(  519): Resource path for pkg : uk.ac.st_andrews.cs.host.mk74.energymeasurement.wifi80211 changing from /data/app/uk.ac.st_andrews.cs.host.mk74.energymeasurement.wifi80211-2.apk to /data/app/uk.ac.st_andrews.cs.host.mk74.energymeasurement.wifi80211-1.apk
01-08 11:48:27.141 I/ActivityManager(  519): Force stopping package uk.ac.st_andrews.cs.host.mk74.energymeasurement.wifi80211 appid=10081 user=-1
01-08 11:48:27.282 I/ActivityManager(  519): Force stopping package uk.ac.st_andrews.cs.host.mk74.energymeasurement.wifi80211 appid=10081 user=0
01-08 11:48:27.332 D/dalvikvm(  601): GC_EXPLICIT freed 1465K, 70% free 15035K/49484K, paused 2ms+5ms, total 54ms
01-08 11:48:27.332 D/dalvikvm(  785): GC_EXPLICIT freed 745K, 21% free 17113K/21564K, paused 1ms+13ms, total 37ms
01-08 11:48:27.342 D/dalvikvm(  519): GC_EXPLICIT freed 1633K, 16% free 16683K/19728K, paused 2ms+10ms, total 62ms
01-08 11:48:27.372 D/dalvikvm( 1872): GC_EXPLICIT freed 378K, 6% free 9196K/9684K, paused 2ms+2ms, total 19ms
01-08 11:48:27.392 D/dalvikvm( 1368): GC_EXPLICIT freed 158K, 6% free 9478K/10044K, paused 2ms+2ms, total 41ms
01-08 11:48:27.392 I/InputReader(  519): Reconfiguring input devices.  changes=0x00000010
01-08 11:48:27.392 W/ActivityManager(  519): Skipping broadcast of Intent { act=android.intent.action.PACKAGE_REMOVED dat=package:uk.ac.st_andrews.cs.host.mk74.energymeasurement.wifi80211 flg=0x8000010 (has extras) }: user 10 is stopped
01-08 11:48:27.402 W/ActivityManager(  519): Skipping broadcast of Intent { act=android.intent.action.PACKAGE_ADDED dat=package:uk.ac.st_andrews.cs.host.mk74.energymeasurement.wifi80211 flg=0x8000010 (has extras) }: user 10 is stopped
01-08 11:48:27.412 I/InputReader(  519): Reconfiguring input devices.  changes=0x00000010
01-08 11:48:27.422 W/ContextImpl( 1898): Calling a method in the system process without a qualified user: android.app.ContextImpl.startService:1385 android.content.ContextWrapper.startService:473 android.content.ContextWrapper.startService:473 com.android.keychain.KeyChainBroadcastReceiver.onReceive:12 android.app.ActivityThread.handleReceiver:2424 
01-08 11:48:27.442 W/ActivityManager(  519): Skipping broadcast of Intent { act=android.intent.action.PACKAGE_REPLACED dat=package:uk.ac.st_andrews.cs.host.mk74.energymeasurement.wifi80211 flg=0x8000010 (has extras) }: user 10 is stopped
01-08 11:48:27.442 W/ActivityManager(  519): Skipping broadcast of Intent { act=android.intent.action.MY_PACKAGE_REPLACED flg=0x8000010 pkg=uk.ac.st_andrews.cs.host.mk74.energymeasurement.wifi80211 (has extras) }: user 10 is stopped
01-08 11:48:27.462 D/dalvikvm(  770): GC_CONCURRENT freed 520K, 6% free 9268K/9824K, paused 2ms+2ms, total 15ms
01-08 11:48:27.462 D/dalvikvm(  770): WAIT_FOR_CONCURRENT_GC blocked 6ms
01-08 11:48:27.492 D/BackupManagerService(  519): Received broadcast Intent { act=android.intent.action.PACKAGE_REMOVED dat=package:uk.ac.st_andrews.cs.host.mk74.energymeasurement.wifi80211 flg=0x8000010 (has extras) }
01-08 11:48:27.502 D/BackupManagerService(  519): Received broadcast Intent { act=android.intent.action.PACKAGE_ADDED dat=package:uk.ac.st_andrews.cs.host.mk74.energymeasurement.wifi80211 flg=0x8000010 (has extras) }
01-08 11:48:27.502 V/BackupManagerService(  519): removePackageParticipantsLocked: uid=10081 #1
01-08 11:48:27.502 V/BackupManagerService(  519): addPackageParticipantsLocked: #1
01-08 11:48:27.542 D/dalvikvm(  519): GC_EXPLICIT freed 450K, 16% free 16766K/19728K, paused 3ms+9ms, total 88ms
01-08 11:48:27.542 D/AndroidRuntime( 3373): Shutting down VM
01-08 11:48:27.542 D/jdwp    ( 3373): Got wake-up signal, bailing out of select
01-08 11:48:27.542 D/dalvikvm( 3373): Debugger has detached; object registry had 1 entries
01-08 11:48:27.672 D/dalvikvm(  730): GC_CONCURRENT freed 440K, 6% free 10177K/10720K, paused 1ms+3ms, total 22ms
01-08 11:48:27.672 I/GCoreUlr(  730): Ensuring that reporting is stopped because of reasons: (no Google accounts)
01-08 11:48:27.682 D/GCoreFlp(  730): Unknown pending intent to remove.
01-08 11:48:27.682 I/GCoreUlr(  730): Unbound from all location providers
01-08 11:48:28.162 D/AndroidRuntime( 3420): 
01-08 11:48:28.162 D/AndroidRuntime( 3420): >>>>>> AndroidRuntime START com.android.internal.os.RuntimeInit <<<<<<
01-08 11:48:28.162 D/AndroidRuntime( 3420): CheckJNI is OFF
01-08 11:48:28.172 D/dalvikvm( 3420): Trying to load lib libjavacore.so 0x0
01-08 11:48:28.182 D/dalvikvm( 3420): Added shared lib libjavacore.so 0x0
01-08 11:48:28.192 D/dalvikvm( 3420): Trying to load lib libnativehelper.so 0x0
01-08 11:48:28.192 D/dalvikvm( 3420): Added shared lib libnativehelper.so 0x0
01-08 11:48:28.313 D/AndroidRuntime( 3420): Calling main entry com.android.commands.am.Am
01-08 11:48:28.313 D/dalvikvm( 3420): Note: class Landroid/app/ActivityManagerNative; has 163 unimplemented (abstract) methods
01-08 11:48:28.323 I/ActivityManager(  519): START u0 {act=android.intent.action.MAIN cat=[android.intent.category.LAUNCHER] flg=0x10000000 cmp=uk.ac.st_andrews.cs.host.mk74.energymeasurement.wifi80211/.MainActivity} from pid 3420
01-08 11:48:28.403 D/dalvikvm(  519): GC_FOR_ALLOC freed 1458K, 15% free 16811K/19728K, paused 62ms, total 62ms
01-08 11:48:28.403 D/AndroidRuntime( 3420): Shutting down VM
01-08 11:48:28.413 D/jdwp    ( 3420): Got wake-up signal, bailing out of select
01-08 11:48:28.413 D/dalvikvm( 3420): Debugger has detached; object registry had 1 entries
01-08 11:48:28.433 D/dalvikvm( 3436): Late-enabling CheckJNI
01-08 11:48:28.443 I/ActivityManager(  519): Start proc uk.ac.st_andrews.cs.host.mk74.energymeasurement.wifi80211 for activity uk.ac.st_andrews.cs.host.mk74.energymeasurement.wifi80211/.MainActivity: pid=3436 uid=10081 gids={50081, 1028}
01-08 11:48:28.523 D/WifiService(  519): setWifiEnabled: true pid=3436, uid=10081
01-08 11:48:28.583 D/libEGL  ( 3436): loaded /system/lib/egl/libEGL_adreno200.so
01-08 11:48:28.583 D/libEGL  ( 3436): loaded /system/lib/egl/libGLESv1_CM_adreno200.so
01-08 11:48:28.583 D/libEGL  ( 3436): loaded /system/lib/egl/libGLESv2_adreno200.so
01-08 11:48:28.583 I/Adreno200-EGL( 3436): <qeglDrvAPI_eglInitialize:265>: EGL 1.4 QUALCOMM Build: Iabe52cfaeae4c5fab1acacfe6f056ba15fa93274
01-08 11:48:28.623 D/OpenGLRenderer( 3436): Enabling debug mode 0
01-08 11:48:28.653 W/ActivityManager(  519): Permission denied: checkComponentPermission() owningUid=10057
01-08 11:48:28.653 W/ActivityManager(  519): Permission denied: checkComponentPermission() owningUid=10057
01-08 11:48:28.663 W/ActivityManager(  519): Permission denied: checkComponentPermission() owningUid=10057
01-08 11:48:28.663 W/ActivityManager(  519): Permission denied: checkComponentPermission() owningUid=10057
01-08 11:48:28.673 W/ActivityManager(  519): Permission denied: checkComponentPermission() owningUid=10057
01-08 11:48:28.673 W/ActivityManager(  519): Permission denied: checkComponentPermission() owningUid=10057
01-08 11:48:28.683 W/ActivityManager(  519): Permission denied: checkComponentPermission() owningUid=10057
01-08 11:48:28.683 W/ActivityManager(  519): Permission denied: checkComponentPermission() owningUid=10057
01-08 11:48:28.693 I/ActivityManager(  519): Displayed uk.ac.st_andrews.cs.host.mk74.energymeasurement.wifi80211/.MainActivity: +269ms
01-08 11:48:28.703 W/ActivityManager(  519): Permission denied: checkComponentPermission() owningUid=10057
01-08 11:48:28.703 W/ActivityManager(  519): Permission denied: checkComponentPermission() owningUid=10057
01-08 11:48:29.534 I/System.out( 3436): 18
01-08 11:48:30.525 I/System.out( 3436): 19
01-08 11:48:31.556 I/System.out( 3436): 20
01-08 11:48:32.437 D/dalvikvm(  730): GC_CONCURRENT freed 373K, 5% free 10203K/10720K, paused 6ms+4ms, total 44ms
01-08 11:48:32.527 I/System.out( 3436): 20
01-08 11:48:33.548 I/System.out( 3436): 20
01-08 11:48:34.549 I/System.out( 3436): 20
01-08 11:48:35.540 I/System.out( 3436): 19
01-08 11:48:36.571 I/System.out( 3436): 19
01-08 11:48:36.811 D/dalvikvm(  730): GC_CONCURRENT freed 381K, 5% free 10244K/10732K, paused 7ms+4ms, total 71ms
01-08 11:48:37.522 I/System.out( 3436): 18
01-08 11:48:38.533 I/System.out( 3436): 18
01-08 11:48:39.554 I/System.out( 3436): 18
01-08 11:48:40.434 D/dalvikvm(  519): GC_CONCURRENT freed 1832K, 15% free 16887K/19728K, paused 8ms+8ms, total 147ms
01-08 11:48:40.534 I/System.out( 3436): 18
01-08 11:48:40.935 D/dalvikvm(  730): GC_CONCURRENT freed 386K, 5% free 10247K/10740K, paused 4ms+4ms, total 44ms
01-08 11:48:41.535 I/System.out( 3436): 18
01-08 11:48:42.556 I/System.out( 3436): 17
01-08 11:48:42.657 D/dalvikvm( 1323): GC_CONCURRENT freed 211K, 6% free 9527K/10120K, paused 5ms+3ms, total 52ms
01-08 11:48:42.727 D/Finsky  ( 1323): [1] 5.onFinished: Installation state replication succeeded.
01-08 11:48:43.537 I/System.out( 3436): 19
01-08 11:48:44.558 I/System.out( 3436): 19
01-08 11:48:44.578 D/dalvikvm( 3436): Debugger has detached; object registry had 1 entries
01-08 11:48:44.638 D/dalvikvm( 3436): GC_CONCURRENT freed 285K, 4% free 9059K/9384K, paused 11ms+3ms, total 62ms
01-08 11:48:44.999 D/PicasaSyncManager( 1523): battery info: false
01-08 11:48:44.999 D/PicasaUploaderSyncManager( 1557): battery info: false
01-08 11:48:45.179 D/dalvikvm(  730): GC_CONCURRENT freed 381K, 5% free 10274K/10764K, paused 1ms+3ms, total 24ms
01-08 11:48:45.539 I/System.out( 3436): 19
01-08 11:48:46.540 I/System.out( 3436): 19
01-08 11:48:47.541 I/System.out( 3436): 19
01-08 11:48:48.532 I/System.out( 3436): 19
01-08 11:48:49.543 I/System.out( 3436): 19
01-08 11:48:49.733 I/EntropyMixer(  519): Writing entropy...
01-08 11:48:49.743 D/PicasaSyncManager( 1523): battery info: true
01-08 11:48:49.743 D/PicasaUploaderSyncManager( 1557): battery info: true
01-08 11:48:49.753 W/PowerUI (  601): unknown intent: Intent { act=android.intent.action.ACTION_POWER_CONNECTED flg=0x8000010 }
01-08 11:48:49.783 D/dalvikvm(  730): GC_CONCURRENT freed 415K, 5% free 10288K/10812K, paused 2ms+3ms, total 27ms
01-08 11:48:50.544 I/System.out( 3436): 19
01-08 11:48:51.545 I/System.out( 3436): 19
01-08 11:48:51.835 D/MtpService(  687): updating state; isCurrentUser=true, mMtpLocked=false
01-08 11:48:51.845 D/MtpService(  687): addStorageLocked 65537 /storage/emulated/0
01-08 11:48:51.845 D/MtpService(  687): updating state; isCurrentUser=true, mMtpLocked=false
01-08 11:48:51.845 D/MtpService(  687): starting MTP server in MTP mode
01-08 11:48:51.845 D/MtpService(  687): addStorageLocked 65537 /storage/emulated/0
01-08 11:48:52.556 I/System.out( 3436): 19
01-08 11:48:53.547 I/System.out( 3436): 19
01-08 11:48:53.958 D/dalvikvm(  730): GC_CONCURRENT freed 414K, 5% free 10286K/10812K, paused 10ms+3ms, total 50ms
01-08 11:48:53.968 D/dalvikvm( 3436): Debugger has detached; object registry had 1 entries
01-08 11:48:54.548 I/System.out( 3436): 18
01-08 11:48:54.578 D/PicasaSyncManager( 1523): battery info: false
01-08 11:48:54.588 D/PicasaUploaderSyncManager( 1557): battery info: false
01-08 11:48:54.618 D/dalvikvm(  519): GC_CONCURRENT freed 1992K, 13% free 16809K/19172K, paused 2ms+11ms, total 93ms
01-08 11:48:55.549 I/System.out( 3436): 18
01-08 11:48:56.560 I/System.out( 3436): 18
01-08 11:48:57.561 I/System.out( 3436): 19
01-08 11:48:58.562 I/System.out( 3436): 19
01-08 11:48:58.622 D/dalvikvm(  730): GC_CONCURRENT freed 393K, 5% free 10301K/10812K, paused 6ms+4ms, total 40ms
01-08 11:48:59.553 I/System.out( 3436): 19
01-08 11:49:00.564 I/System.out( 3436): 19
01-08 11:49:01.545 I/System.out( 3436): 19
01-08 11:49:02.556 I/System.out( 3436): 19
01-08 11:49:03.477 D/dalvikvm(  730): GC_CONCURRENT freed 408K, 5% free 10304K/10820K, paused 7ms+3ms, total 54ms
01-08 11:49:03.547 I/System.out( 3436): 19
01-08 11:49:04.558 I/System.out( 3436): 19
01-08 11:49:05.549 I/System.out( 3436): 19
01-08 11:49:06.570 I/System.out( 3436): 19
01-08 11:49:06.630 D/dalvikvm( 3436): GC_CONCURRENT freed 372K, 5% free 9081K/9492K, paused 5ms+6ms, total 74ms
01-08 11:49:07.571 I/System.out( 3436): 19
01-08 11:49:08.412 D/dalvikvm(  730): GC_CONCURRENT freed 403K, 5% free 10311K/10824K, paused 3ms+4ms, total 39ms
01-08 11:49:08.552 I/System.out( 3436): 19
01-08 11:49:09.573 I/System.out( 3436): 18
01-08 11:49:10.564 I/System.out( 3436): 20
01-08 11:49:11.575 I/System.out( 3436): 20
01-08 11:49:12.566 I/System.out( 3436): 20
01-08 11:49:12.946 D/dalvikvm(  730): GC_CONCURRENT freed 402K, 5% free 10330K/10844K, paused 6ms+3ms, total 70ms
01-08 11:49:13.587 I/System.out( 3436): 19
01-08 11:49:13.667 D/dalvikvm(  519): GC_CONCURRENT freed 1891K, 13% free 16835K/19172K, paused 5ms+7ms, total 120ms
01-08 11:49:14.568 I/System.out( 3436): 20
01-08 11:49:15.579 I/System.out( 3436): 20
01-08 11:49:16.570 I/System.out( 3436): 20
01-08 11:49:17.561 I/System.out( 3436): 20
01-08 11:49:17.581 D/dalvikvm(  730): GC_CONCURRENT freed 415K, 5% free 10349K/10876K, paused 6ms+4ms, total 89ms
01-08 11:49:18.562 I/System.out( 3436): 20
01-08 11:49:19.563 I/System.out( 3436): 21
01-08 11:49:20.564 I/System.out( 3436): 20
01-08 11:49:21.564 I/System.out( 3436): 20
01-08 11:49:22.065 D/dalvikvm(  730): GC_CONCURRENT freed 432K, 5% free 10353K/10896K, paused 7ms+4ms, total 74ms
01-08 11:49:22.575 I/System.out( 3436): 20
01-08 11:49:23.576 I/System.out( 3436): 20
01-08 11:49:24.567 I/System.out( 3436): 19
01-08 11:49:25.578 I/System.out( 3436): 19
01-08 11:49:26.569 I/System.out( 3436): 19
01-08 11:49:26.619 D/dalvikvm(  730): GC_CONCURRENT freed 425K, 5% free 10351K/10896K, paused 2ms+4ms, total 56ms
01-08 11:49:27.580 I/System.out( 3436): 18
01-08 11:49:27.871 D/dalvikvm( 3436): GC_CONCURRENT freed 395K, 5% free 9073K/9508K, paused 4ms+2ms, total 68ms
01-08 11:49:28.571 I/System.out( 3436): 19
01-08 11:49:29.572 I/System.out( 3436): 19
01-08 11:49:30.573 I/System.out( 3436): 20
01-08 11:49:31.354 D/dalvikvm(  730): GC_CONCURRENT freed 417K, 5% free 10354K/10896K, paused 2ms+3ms, total 39ms
01-08 11:49:31.574 I/System.out( 3436): 20
01-08 11:49:32.035 D/dalvikvm(  519): GC_CONCURRENT freed 1897K, 13% free 16859K/19172K, paused 9ms+7ms, total 130ms
01-08 11:49:32.585 I/System.out( 3436): 20
01-08 11:49:33.576 I/System.out( 3436): 20
01-08 11:49:34.597 I/System.out( 3436): 20
01-08 11:49:35.588 I/System.out( 3436): 20
01-08 11:49:36.029 D/dalvikvm(  730): GC_CONCURRENT freed 426K, 5% free 10362K/10900K, paused 9ms+4ms, total 66ms
01-08 11:49:36.579 I/System.out( 3436): 20
01-08 11:49:37.590 I/System.out( 3436): 21
01-08 11:49:38.601 I/System.out( 3436): 21
01-08 11:49:39.582 I/System.out( 3436): 21
01-08 11:49:40.583 I/System.out( 3436): 20
01-08 11:49:40.633 D/dalvikvm(  730): GC_CONCURRENT freed 439K, 6% free 10370K/10920K, paused 6ms+4ms, total 95ms
01-08 11:49:41.584 I/System.out( 3436): 20
01-08 11:49:42.585 I/System.out( 3436): 21
01-08 11:49:43.586 I/System.out( 3436): 22
01-08 11:49:44.587 I/System.out( 3436): 22
01-08 11:49:45.308 D/dalvikvm(  730): GC_CONCURRENT freed 443K, 6% free 10393K/10948K, paused 6ms+8ms, total 85ms
01-08 11:49:45.588 I/System.out( 3436): 22
01-08 11:49:46.589 I/System.out( 3436): 22
01-08 11:49:47.590 I/System.out( 3436): 22
01-08 11:49:48.631 I/System.out( 3436): 22
01-08 11:49:48.681 D/dalvikvm( 3436): GC_CONCURRENT freed 394K, 5% free 9085K/9516K, paused 5ms+2ms, total 60ms
01-08 11:49:49.482 D/dalvikvm(  519): GC_CONCURRENT freed 1881K, 13% free 16862K/19172K, paused 10ms+7ms, total 125ms
01-08 11:49:49.572 I/System.out( 3436): 19
01-08 11:49:50.142 D/dalvikvm(  730): GC_CONCURRENT freed 458K, 6% free 10386K/10956K, paused 2ms+5ms, total 48ms
01-08 11:49:50.583 I/System.out( 3436): 19
01-08 11:49:51.584 I/System.out( 3436): 21
01-08 11:49:52.595 I/System.out( 3436): 22
01-08 11:49:53.586 I/System.out( 3436): 21
01-08 11:49:54.597 I/System.out( 3436): 20
01-08 11:49:54.867 D/dalvikvm(  730): GC_CONCURRENT freed 449K, 6% free 10393K/10956K, paused 7ms+4ms, total 63ms
01-08 11:49:55.588 I/System.out( 3436): 21
01-08 11:49:56.599 I/System.out( 3436): 21
01-08 11:49:57.600 I/System.out( 3436): 19
01-08 11:49:58.601 I/System.out( 3436): 19
01-08 11:49:59.592 I/System.out( 3436): 19
01-08 11:49:59.752 D/dalvikvm(  730): GC_CONCURRENT freed 439K, 6% free 10383K/10956K, paused 6ms+4ms, total 53ms
01-08 11:50:00.593 I/System.out( 3436): 19
01-08 11:50:01.594 I/System.out( 3436): 19
01-08 11:50:02.595 I/System.out( 3436): 19
01-08 11:50:03.606 I/System.out( 3436): 19
01-08 11:50:04.466 D/dalvikvm(  730): GC_CONCURRENT freed 412K, 6% free 10382K/10956K, paused 7ms+4ms, total 45ms
01-08 11:50:04.596 I/System.out( 3436): 19
01-08 11:50:05.607 I/System.out( 3436): 19
01-08 11:50:06.598 I/System.out( 3436): 19
01-08 11:50:07.609 I/System.out( 3436): 19
01-08 11:50:07.880 D/dalvikvm(  519): GC_CONCURRENT freed 1881K, 12% free 16879K/19172K, paused 8ms+7ms, total 136ms
01-08 11:50:08.600 I/System.out( 3436): 19
01-08 11:50:09.281 D/dalvikvm(  730): GC_CONCURRENT freed 411K, 6% free 10381K/10956K, paused 4ms+3ms, total 61ms
01-08 11:50:09.601 I/System.out( 3436): 19
01-08 11:50:10.592 I/System.out( 3436): 19
01-08 11:50:10.612 D/dalvikvm( 3436): GC_CONCURRENT freed 414K, 5% free 9076K/9528K, paused 1ms+2ms, total 24ms
01-08 11:50:11.603 I/System.out( 3436): 20
01-08 11:50:12.594 I/System.out( 3436): 20
01-08 11:50:13.605 I/System.out( 3436): 20
01-08 11:50:14.036 D/dalvikvm(  730): GC_CONCURRENT freed 420K, 6% free 10388K/10956K, paused 3ms+4ms, total 46ms
01-08 11:50:14.606 I/System.out( 3436): 20
01-08 11:50:15.607 I/System.out( 3436): 21
01-08 11:50:16.608 I/System.out( 3436): 21
01-08 11:50:17.609 I/System.out( 3436): 21
01-08 11:50:18.610 I/System.out( 3436): 21
01-08 11:50:18.790 D/dalvikvm(  730): GC_CONCURRENT freed 445K, 6% free 10401K/10956K, paused 7ms+5ms, total 55ms
01-08 11:50:19.611 I/System.out( 3436): 23
01-08 11:50:20.632 I/System.out( 3436): 23
01-08 11:50:21.593 I/System.out( 3436): 22
01-08 11:50:22.604 I/System.out( 3436): 22
01-08 11:50:22.744 D/dalvikvm(  730): GC_CONCURRENT freed 425K, 6% free 10391K/10956K, paused 2ms+3ms, total 43ms
01-08 11:50:23.615 I/System.out( 3436): 22
01-08 11:50:24.626 I/System.out( 3436): 20
01-08 11:50:25.627 I/System.out( 3436): 20
01-08 11:50:25.737 D/dalvikvm(  519): GC_CONCURRENT freed 1907K, 13% free 16854K/19172K, paused 18ms+8ms, total 133ms
01-08 11:50:26.628 I/System.out( 3436): 21
01-08 11:50:27.379 D/dalvikvm(  730): GC_CONCURRENT freed 436K, 6% free 10401K/10956K, paused 6ms+4ms, total 49ms
01-08 11:50:27.619 I/System.out( 3436): 21
01-08 11:50:28.640 I/System.out( 3436): 21
01-08 11:50:29.631 I/System.out( 3436): 21
01-08 11:50:30.632 I/System.out( 3436): 21
01-08 11:50:30.692 D/dalvikvm( 3436): GC_CONCURRENT freed 387K, 5% free 9083K/9528K, paused 6ms+2ms, total 71ms
01-08 11:50:31.613 I/System.out( 3436): 21
01-08 11:50:32.213 D/dalvikvm(  730): GC_CONCURRENT freed 450K, 6% free 10402K/10964K, paused 7ms+4ms, total 81ms
01-08 11:50:32.624 I/System.out( 3436): 20
01-08 11:50:33.615 I/System.out( 3436): 20
01-08 11:50:34.626 I/System.out( 3436): 20
01-08 11:50:35.617 I/System.out( 3436): 20
01-08 11:50:36.628 I/System.out( 3436): 20
01-08 11:50:36.738 D/dalvikvm(  730): GC_CONCURRENT freed 438K, 6% free 10396K/10964K, paused 2ms+4ms, total 41ms
01-08 11:50:37.619 I/System.out( 3436): 19
01-08 11:50:38.630 I/System.out( 3436): 19
01-08 11:50:39.621 I/System.out( 3436): 19
01-08 11:50:40.622 I/System.out( 3436): 19
01-08 11:50:41.472 D/dalvikvm(  730): GC_CONCURRENT freed 421K, 6% free 10386K/10964K, paused 1ms+5ms, total 32ms
01-08 11:50:41.623 I/System.out( 3436): 19
01-08 11:50:42.624 I/System.out( 3436): 20
01-08 11:50:43.324 D/dalvikvm(  519): GC_CONCURRENT freed 1872K, 13% free 16858K/19172K, paused 9ms+7ms, total 94ms
01-08 11:50:43.635 I/System.out( 3436): 20
01-08 11:50:44.626 I/System.out( 3436): 20
01-08 11:50:45.637 I/System.out( 3436): 19
01-08 11:50:46.067 D/dalvikvm(  730): GC_CONCURRENT freed 419K, 6% free 10390K/10964K, paused 3ms+7ms, total 72ms
01-08 11:50:46.658 I/System.out( 3436): 19
01-08 11:50:47.648 I/System.out( 3436): 19
01-08 11:50:48.629 I/System.out( 3436): 20
01-08 11:50:49.650 I/System.out( 3436): 23
01-08 11:50:50.641 I/System.out( 3436): 23
01-08 11:50:50.792 D/dalvikvm(  730): GC_CONCURRENT freed 437K, 6% free 10400K/10964K, paused 7ms+4ms, total 64ms
01-08 11:50:51.642 I/System.out( 3436): 23
01-08 11:50:51.672 D/dalvikvm( 3436): GC_CONCURRENT freed 404K, 5% free 9075K/9524K, paused 2ms+7ms, total 41ms
01-08 11:50:52.643 I/System.out( 3436): 23
01-08 11:50:53.644 I/System.out( 3436): 23
01-08 11:50:54.645 I/System.out( 3436): 23
01-08 11:50:54.775 D/dalvikvm(  730): GC_CONCURRENT freed 428K, 6% free 10398K/10964K, paused 3ms+3ms, total 39ms
01-08 11:50:55.656 I/System.out( 3436): 23
01-08 11:50:56.647 I/System.out( 3436): 19
01-08 11:50:57.638 I/System.out( 3436): 19
01-08 11:50:58.649 I/System.out( 3436): 19
01-08 11:50:59.660 I/System.out( 3436): 19
01-08 11:50:59.740 D/dalvikvm(  730): GC_CONCURRENT freed 434K, 6% free 10391K/10964K, paused 7ms+4ms, total 46ms
01-08 11:51:00.661 I/System.out( 3436): 20
01-08 11:51:01.122 D/dalvikvm(  519): GC_CONCURRENT freed 1893K, 13% free 16862K/19172K, paused 9ms+8ms, total 130ms
01-08 11:51:01.652 I/System.out( 3436): 20
01-08 11:51:02.643 I/System.out( 3436): 20
01-08 11:51:03.654 I/System.out( 3436): 20
01-08 11:51:04.545 D/dalvikvm(  730): GC_CONCURRENT freed 429K, 6% free 10394K/10964K, paused 7ms+4ms, total 53ms
01-08 11:51:04.645 I/System.out( 3436): 20
01-08 11:51:05.656 I/System.out( 3436): 20
01-08 11:51:06.647 I/System.out( 3436): 24
01-08 11:51:07.658 I/System.out( 3436): 24
01-08 11:51:08.699 I/System.out( 3436): 24
01-08 11:51:08.779 D/dalvikvm(  730): GC_CONCURRENT freed 423K, 6% free 10398K/10964K, paused 3ms+4ms, total 41ms
01-08 11:51:09.660 I/System.out( 3436): 24
01-08 11:51:10.671 I/System.out( 3436): 24
01-08 11:51:11.662 I/System.out( 3436): 24
01-08 11:51:11.672 D/dalvikvm( 3436): GC_CONCURRENT freed 401K, 5% free 9076K/9524K, paused 3ms+2ms, total 21ms
01-08 11:51:12.663 I/System.out( 3436): 20
01-08 11:51:12.943 D/dalvikvm(  730): GC_CONCURRENT freed 419K, 6% free 10401K/10964K, paused 3ms+4ms, total 39ms
01-08 11:51:13.654 I/System.out( 3436): 21
01-08 11:51:14.665 I/System.out( 3436): 21
01-08 11:51:15.666 I/System.out( 3436): 21
01-08 11:51:16.657 I/System.out( 3436): 21
01-08 11:51:17.668 I/System.out( 3436): 20
01-08 11:51:17.868 D/dalvikvm(  730): GC_CONCURRENT freed 439K, 6% free 10411K/10964K, paused 5ms+4ms, total 50ms
01-08 11:51:18.659 D/dalvikvm(  519): GC_CONCURRENT freed 1891K, 13% free 16850K/19172K, paused 10ms+7ms, total 96ms
01-08 11:51:18.659 I/System.out( 3436): 20
01-08 11:51:19.670 I/System.out( 3436): 19
01-08 11:51:20.671 I/System.out( 3436): 19
01-08 11:51:21.662 I/System.out( 3436): 19
01-08 11:51:22.673 I/System.out( 3436): 23
01-08 11:51:22.733 D/dalvikvm(  730): GC_CONCURRENT freed 440K, 6% free 10409K/10964K, paused 3ms+4ms, total 41ms
01-08 11:51:23.684 I/System.out( 3436): 23
01-08 11:51:24.705 I/System.out( 3436): 23
01-08 11:51:25.676 I/System.out( 3436): 23
01-08 11:51:26.677 I/System.out( 3436): 23
01-08 11:51:26.927 D/dalvikvm(  730): GC_CONCURRENT freed 426K, 6% free 10410K/10964K, paused 3ms+4ms, total 40ms
01-08 11:51:27.668 I/System.out( 3436): 22
01-08 11:51:28.679 I/System.out( 3436): 22
01-08 11:51:29.669 I/System.out( 3436): 23
01-08 11:51:30.680 I/System.out( 3436): 23
01-08 11:51:30.961 D/dalvikvm(  730): GC_CONCURRENT freed 417K, 6% free 10410K/10964K, paused 2ms+3ms, total 36ms
01-08 11:51:31.671 I/System.out( 3436): 20
01-08 11:51:31.681 D/dalvikvm( 3436): GC_CONCURRENT freed 399K, 5% free 9075K/9524K, paused 1ms+2ms, total 19ms
01-08 11:51:32.672 I/System.out( 3436): 20
01-08 11:51:33.673 I/System.out( 3436): 20
01-08 11:51:34.684 I/System.out( 3436): 20
01-08 11:51:35.645 D/dalvikvm(  730): GC_CONCURRENT freed 426K, 6% free 10410K/10964K, paused 2ms+3ms, total 39ms
01-08 11:51:35.675 I/System.out( 3436): 19
01-08 11:51:36.296 D/dalvikvm(  519): GC_CONCURRENT freed 1903K, 12% free 16874K/19172K, paused 9ms+7ms, total 147ms
01-08 11:51:36.686 I/System.out( 3436): 22
01-08 11:51:37.687 I/System.out( 3436): 22
01-08 11:51:38.688 I/System.out( 3436): 22
01-08 11:51:39.679 I/System.out( 3436): 23
01-08 11:51:40.300 D/dalvikvm(  730): GC_CONCURRENT freed 462K, 6% free 10429K/11004K, paused 6ms+5ms, total 63ms
01-08 11:51:40.690 I/System.out( 3436): 23
01-08 11:51:41.681 I/System.out( 3436): 23
01-08 11:51:42.692 I/System.out( 3436): 23
01-08 11:51:43.683 I/System.out( 3436): 23
01-08 11:51:44.314 D/dalvikvm(  730): GC_CONCURRENT freed 438K, 6% free 10418K/11004K, paused 5ms+4ms, total 39ms
01-08 11:51:44.684 I/System.out( 3436): 23
01-08 11:51:45.685 I/System.out( 3436): 23
01-08 11:51:46.696 I/System.out( 3436): 23
01-08 11:51:47.687 I/System.out( 3436): 19
01-08 11:51:48.698 I/System.out( 3436): 18
01-08 11:51:48.868 D/dalvikvm(  730): GC_CONCURRENT freed 440K, 6% free 10425K/11004K, paused 8ms+4ms, total 78ms
01-08 11:51:49.689 I/System.out( 3436): 20
01-08 11:51:50.700 I/System.out( 3436): 20
01-08 11:51:51.691 I/System.out( 3436): 20
01-08 11:51:51.711 D/dalvikvm( 3436): GC_CONCURRENT freed 397K, 5% free 9075K/9524K, paused 1ms+4ms, total 21ms
01-08 11:51:52.692 I/System.out( 3436): 20
01-08 11:51:53.623 D/dalvikvm(  519): GC_CONCURRENT freed 1913K, 12% free 16883K/19172K, paused 8ms+7ms, total 116ms
01-08 11:51:53.643 D/dalvikvm(  730): GC_CONCURRENT freed 433K, 6% free 10415K/11004K, paused 3ms+3ms, total 31ms
01-08 11:51:53.683 I/System.out( 3436): 18
01-08 11:51:54.694 I/System.out( 3436): 19
01-08 11:51:55.695 I/System.out( 3436): 19
01-08 11:51:56.696 I/System.out( 3436): 19
01-08 11:51:57.707 I/System.out( 3436): 19
01-08 11:51:58.688 I/System.out( 3436): 19
01-08 11:51:59.178 D/dalvikvm(  730): GC_CONCURRENT freed 460K, 6% free 10423K/11000K, paused 7ms+4ms, total 50ms
01-08 11:51:59.699 I/System.out( 3436): 19
01-08 11:52:00.700 I/System.out( 3436): 19
01-08 11:52:01.701 I/System.out( 3436): 19
01-08 11:52:02.692 I/System.out( 3436): 19
01-08 11:52:03.703 I/System.out( 3436): 19
01-08 11:52:04.704 I/System.out( 3436): 19
01-08 11:52:04.764 D/dalvikvm(  730): GC_CONCURRENT freed 474K, 6% free 10419K/11004K, paused 26ms+4ms, total 82ms
01-08 11:52:05.705 I/System.out( 3436): 19
01-08 11:52:06.696 I/System.out( 3436): 19
01-08 11:52:07.707 I/System.out( 3436): 19
01-08 11:52:08.708 I/System.out( 3436): 19
01-08 11:52:09.709 I/System.out( 3436): 19
01-08 11:52:09.909 D/dalvikvm(  730): GC_CONCURRENT freed 471K, 6% free 10418K/11004K, paused 10ms+5ms, total 66ms
01-08 11:52:10.710 I/System.out( 3436): 24
01-08 11:52:11.720 I/System.out( 3436): 24
01-08 11:52:12.711 I/System.out( 3436): 24
01-08 11:52:12.741 D/dalvikvm(  519): GC_CONCURRENT freed 1965K, 13% free 16864K/19172K, paused 16ms+23ms, total 150ms
01-08 11:52:12.752 D/dalvikvm( 3436): GC_CONCURRENT freed 391K, 5% free 9074K/9524K, paused 1ms+2ms, total 43ms
01-08 11:52:13.712 I/System.out( 3436): 24
01-08 11:52:14.103 D/dalvikvm(  730): GC_CONCURRENT freed 444K, 6% free 10420K/11004K, paused 6ms+4ms, total 46ms
01-08 11:52:14.713 I/System.out( 3436): 24
01-08 11:52:15.714 I/System.out( 3436): 24
01-08 11:52:16.715 I/System.out( 3436): 24
01-08 11:52:17.716 I/System.out( 3436): 24
01-08 11:52:18.287 D/dalvikvm(  730): GC_CONCURRENT freed 445K, 6% free 10418K/11004K, paused 2ms+4ms, total 42ms
01-08 11:52:18.717 I/System.out( 3436): 24
01-08 11:52:19.718 I/System.out( 3436): 23
01-08 11:52:20.729 I/System.out( 3436): 23
01-08 11:52:21.740 I/System.out( 3436): 22
01-08 11:52:22.531 D/dalvikvm(  730): GC_CONCURRENT freed 429K, 6% free 10414K/11004K, paused 9ms+4ms, total 43ms
01-08 11:52:22.721 I/System.out( 3436): 21
01-08 11:52:23.712 I/System.out( 3436): 20
01-08 11:52:24.713 I/System.out( 3436): 20
01-08 11:52:25.724 I/System.out( 3436): 20
01-08 11:52:26.715 I/System.out( 3436): 20
01-08 11:52:27.356 D/dalvikvm(  730): GC_CONCURRENT freed 433K, 6% free 10413K/11004K, paused 3ms+4ms, total 38ms
01-08 11:52:27.726 I/System.out( 3436): 20
01-08 11:52:28.717 I/System.out( 3436): 20
01-08 11:52:29.738 I/System.out( 3436): 24
01-08 11:52:30.199 D/dalvikvm(  519): GC_CONCURRENT freed 1930K, 13% free 16868K/19172K, paused 24ms+8ms, total 129ms
01-08 11:52:30.739 I/System.out( 3436): 23
01-08 11:52:31.440 D/dalvikvm(  730): GC_CONCURRENT freed 418K, 6% free 10410K/11004K, paused 3ms+4ms, total 45ms
01-08 11:52:31.750 I/System.out( 3436): 23
01-08 11:52:31.790 D/dalvikvm( 3436): GC_CONCURRENT freed 383K, 5% free 9084K/9524K, paused 6ms+2ms, total 54ms
01-08 11:52:32.731 I/System.out( 3436): 23
01-08 11:52:33.732 I/System.out( 3436): 24
01-08 11:52:34.723 I/System.out( 3436): 21
01-08 11:52:35.384 D/dalvikvm(  730): GC_CONCURRENT freed 420K, 6% free 10417K/11004K, paused 3ms+4ms, total 42ms
01-08 11:52:35.734 I/System.out( 3436): 23
01-08 11:52:36.735 I/System.out( 3436): 23
01-08 11:52:37.736 I/System.out( 3436): 24
01-08 11:52:38.737 I/System.out( 3436): 24
01-08 11:52:39.598 D/dalvikvm(  730): GC_CONCURRENT freed 430K, 6% free 10426K/11004K, paused 3ms+4ms, total 41ms
01-08 11:52:39.728 I/System.out( 3436): 24
01-08 11:52:40.739 I/System.out( 3436): 24
01-08 11:52:41.730 I/System.out( 3436): 23
01-08 11:52:42.741 I/System.out( 3436): 23
01-08 11:52:43.582 D/dalvikvm(  730): GC_CONCURRENT freed 428K, 6% free 10428K/11004K, paused 2ms+4ms, total 44ms
01-08 11:52:43.722 I/System.out( 3436): 23
01-08 11:52:44.733 I/System.out( 3436): 23
01-08 11:52:45.724 I/System.out( 3436): 23
01-08 11:52:46.214 D/dalvikvm(  519): GC_CONCURRENT freed 1917K, 12% free 16875K/19172K, paused 8ms+7ms, total 123ms
01-08 11:52:46.735 I/System.out( 3436): 21
01-08 11:52:47.726 I/System.out( 3436): 19
01-08 11:52:48.366 D/dalvikvm(  730): GC_CONCURRENT freed 455K, 6% free 10442K/11008K, paused 6ms+5ms, total 91ms
01-08 11:52:48.737 I/System.out( 3436): 22
01-08 11:52:49.728 I/System.out( 3436): 23
01-08 11:52:50.749 I/System.out( 3436): 23
01-08 11:52:50.799 D/dalvikvm( 3436): GC_CONCURRENT freed 400K, 5% free 9085K/9524K, paused 5ms+2ms, total 66ms
01-08 11:52:51.740 I/System.out( 3436): 23
01-08 11:52:52.751 I/System.out( 3436): 23
01-08 11:52:53.021 D/dalvikvm(  730): GC_CONCURRENT freed 488K, 6% free 10448K/11048K, paused 9ms+5ms, total 105ms
01-08 11:52:53.731 I/System.out( 3436): 20
01-08 11:52:54.742 I/System.out( 3436): 20
01-08 11:52:55.733 I/System.out( 3436): 19
01-08 11:52:56.744 I/System.out( 3436): 19
01-08 11:52:57.745 I/System.out( 3436): 19
01-08 11:52:57.856 D/dalvikvm(  730): GC_CONCURRENT freed 451K, 6% free 10424K/11048K, paused 1ms+4ms, total 32ms
01-08 11:52:58.736 I/System.out( 3436): 20
01-08 11:52:59.747 I/System.out( 3436): 20
01-08 11:53:00.748 I/System.out( 3436): 20
01-08 11:53:01.749 I/System.out( 3436): 20
01-08 11:53:02.580 D/dalvikvm(  730): GC_CONCURRENT freed 438K, 6% free 10428K/11048K, paused 3ms+4ms, total 45ms
01-08 11:53:02.750 I/System.out( 3436): 23
01-08 11:53:03.751 I/System.out( 3436): 23
01-08 11:53:03.951 D/dalvikvm(  519): GC_CONCURRENT freed 1937K, 13% free 16871K/19172K, paused 16ms+8ms, total 146ms
01-08 11:53:04.742 I/System.out( 3436): 23
01-08 11:53:05.753 I/System.out( 3436): 23
01-08 11:53:06.674 D/dalvikvm(  730): GC_CONCURRENT freed 428K, 6% free 10427K/11048K, paused 2ms+4ms, total 43ms
01-08 11:53:06.744 I/System.out( 3436): 23
01-08 11:53:07.755 I/System.out( 3436): 23
01-08 11:53:08.756 I/System.out( 3436): 24
01-08 11:53:09.757 I/System.out( 3436): 21
01-08 11:53:10.808 I/System.out( 3436): 22
01-08 11:53:10.858 D/dalvikvm( 3436): GC_CONCURRENT freed 400K, 5% free 9084K/9524K, paused 10ms+2ms, total 102ms
01-08 11:53:10.908 D/dalvikvm(  730): GC_CONCURRENT freed 420K, 6% free 10431K/11048K, paused 2ms+4ms, total 37ms
01-08 11:53:11.759 I/System.out( 3436): 24
01-08 11:53:12.760 I/System.out( 3436): 24
01-08 11:53:13.761 I/System.out( 3436): 24
01-08 11:53:14.752 I/System.out( 3436): 24
01-08 11:53:15.012 D/dalvikvm(  730): GC_CONCURRENT freed 432K, 6% free 10444K/11048K, paused 3ms+4ms, total 40ms
01-08 11:53:15.753 I/System.out( 3436): 24
01-08 11:53:16.764 I/System.out( 3436): 20
01-08 11:53:17.765 I/System.out( 3436): 22
01-08 11:53:18.766 I/System.out( 3436): 22
01-08 11:53:19.767 I/System.out( 3436): 22
01-08 11:53:19.867 D/dalvikvm(  730): GC_CONCURRENT freed 460K, 6% free 10454K/11048K, paused 3ms+5ms, total 48ms
01-08 11:53:20.548 D/dalvikvm(  519): GC_CONCURRENT freed 1900K, 13% free 16870K/19172K, paused 9ms+7ms, total 115ms
01-08 11:53:20.758 I/System.out( 3436): 22
01-08 11:53:21.759 I/System.out( 3436): 22
01-08 11:53:22.770 I/System.out( 3436): 21
01-08 11:53:23.771 I/System.out( 3436): 20
01-08 11:53:24.612 D/dalvikvm(  730): GC_CONCURRENT freed 461K, 6% free 10434K/11048K, paused 3ms+4ms, total 38ms
01-08 11:53:24.752 I/System.out( 3436): 18
01-08 11:53:25.753 I/System.out( 3436): 19
01-08 11:53:26.754 I/System.out( 3436): 19
01-08 11:53:27.765 I/System.out( 3436): 20
01-08 11:53:28.766 I/System.out( 3436): 22
01-08 11:53:29.266 D/dalvikvm(  730): GC_CONCURRENT freed 444K, 6% free 10429K/11048K, paused 8ms+3ms, total 47ms
01-08 11:53:29.777 I/System.out( 3436): 23
01-08 11:53:30.768 I/System.out( 3436): 23
01-08 11:53:30.788 D/dalvikvm( 3436): GC_CONCURRENT freed 412K, 5% free 9077K/9528K, paused 1ms+2ms, total 23ms
01-08 11:53:31.779 I/System.out( 3436): 23
01-08 11:53:32.770 I/System.out( 3436): 23
01-08 11:53:33.360 D/dalvikvm(  730): GC_CONCURRENT freed 427K, 6% free 10429K/11048K, paused 2ms+4ms, total 35ms
01-08 11:53:33.781 I/System.out( 3436): 23
01-08 11:53:34.762 I/System.out( 3436): 23
01-08 11:53:35.772 I/System.out( 3436): 23
01-08 11:53:36.783 I/System.out( 3436): 24
01-08 11:53:37.584 D/dalvikvm(  730): GC_CONCURRENT freed 424K, 6% free 10429K/11048K, paused 3ms+4ms, total 36ms
01-08 11:53:37.774 I/System.out( 3436): 22
01-08 11:53:38.345 D/dalvikvm(  519): GC_CONCURRENT freed 1943K, 12% free 16875K/19172K, paused 8ms+8ms, total 125ms
01-08 11:53:38.785 I/System.out( 3436): 22
01-08 11:53:39.776 I/System.out( 3436): 22
01-08 11:53:40.787 I/System.out( 3436): 22
01-08 11:53:41.778 I/System.out( 3436): 24
01-08 11:53:42.479 D/dalvikvm(  730): GC_CONCURRENT freed 462K, 6% free 10449K/11048K, paused 6ms+4ms, total 80ms
01-08 11:53:42.789 I/System.out( 3436): 24
01-08 11:53:43.780 I/System.out( 3436): 24
01-08 11:53:44.791 I/System.out( 3436): 24
01-08 11:53:45.792 I/System.out( 3436): 24
01-08 11:53:46.633 D/dalvikvm(  730): GC_CONCURRENT freed 451K, 6% free 10441K/11048K, paused 6ms+4ms, total 44ms
01-08 11:53:46.773 I/System.out( 3436): 24
01-08 11:53:47.784 I/System.out( 3436): 24
01-08 11:53:48.775 I/System.out( 3436): 24
01-08 11:53:49.806 I/System.out( 3436): 24
01-08 11:53:49.846 D/dalvikvm( 3436): GC_CONCURRENT freed 399K, 5% free 9087K/9524K, paused 5ms+2ms, total 63ms
01-08 11:53:50.787 I/System.out( 3436): 24
01-08 11:53:50.877 D/dalvikvm(  730): GC_CONCURRENT freed 443K, 6% free 10443K/11048K, paused 3ms+4ms, total 41ms
01-08 11:53:51.788 I/System.out( 3436): 24
01-08 11:53:52.799 I/System.out( 3436): 22
01-08 11:53:53.790 I/System.out( 3436): 23
01-08 11:53:54.801 I/System.out( 3436): 23
01-08 11:53:55.031 D/dalvikvm(  519): GC_CONCURRENT freed 1937K, 12% free 16874K/19172K, paused 18ms+7ms, total 139ms
01-08 11:53:55.101 D/dalvikvm(  730): GC_CONCURRENT freed 432K, 6% free 10438K/11048K, paused 2ms+5ms, total 40ms
01-08 11:53:55.792 I/System.out( 3436): 23
01-08 11:53:56.793 I/System.out( 3436): 24
01-08 11:53:57.794 I/System.out( 3436): 24
01-08 11:53:58.805 I/System.out( 3436): 23
01-08 11:53:59.255 D/dalvikvm(  730): GC_CONCURRENT freed 432K, 6% free 10442K/11048K, paused 3ms+4ms, total 39ms
01-08 11:53:59.796 I/System.out( 3436): 23
01-08 11:54:00.787 I/System.out( 3436): 23
01-08 11:54:01.798 I/System.out( 3436): 23
01-08 11:54:02.789 I/System.out( 3436): 22
01-08 11:54:03.800 I/System.out( 3436): 22
01-08 11:54:04.080 D/dalvikvm(  730): GC_CONCURRENT freed 467K, 6% free 10461K/11048K, paused 6ms+4ms, total 86ms
01-08 11:54:04.791 I/System.out( 3436): 22
01-08 11:54:05.792 I/System.out( 3436): 20
01-08 11:54:06.793 I/System.out( 3436): 20
01-08 11:54:07.794 I/System.out( 3436): 20
01-08 11:54:08.635 D/dalvikvm(  730): GC_CONCURRENT freed 452K, 6% free 10442K/11048K, paused 8ms+3ms, total 41ms
01-08 11:54:08.805 I/System.out( 3436): 18
01-08 11:54:08.825 D/dalvikvm( 3436): GC_CONCURRENT freed 398K, 5% free 9082K/9524K, paused 2ms+4ms, total 32ms
01-08 11:54:09.796 I/System.out( 3436): 18
01-08 11:54:10.797 I/System.out( 3436): 20
01-08 11:54:11.798 I/System.out( 3436): 20
01-08 11:54:12.198 D/dalvikvm(  519): GC_CONCURRENT freed 1900K, 13% free 16860K/19172K, paused 27ms+8ms, total 106ms
01-08 11:54:12.799 I/System.out( 3436): 20
01-08 11:54:13.549 D/dalvikvm(  730): GC_CONCURRENT freed 434K, 6% free 10445K/11048K, paused 4ms+4ms, total 55ms
01-08 11:54:13.810 I/System.out( 3436): 24
01-08 11:54:14.851 I/System.out( 3436): 24
01-08 11:54:15.802 I/System.out( 3436): 23
01-08 11:54:16.803 I/System.out( 3436): 23
01-08 11:54:17.713 D/dalvikvm(  730): GC_CONCURRENT freed 433K, 6% free 10445K/11048K, paused 3ms+3ms, total 37ms
01-08 11:54:17.793 I/System.out( 3436): 23
01-08 11:54:18.804 I/System.out( 3436): 23
01-08 11:54:19.795 I/System.out( 3436): 23
01-08 11:54:20.806 I/System.out( 3436): 23
01-08 11:54:21.807 I/System.out( 3436): 20
01-08 11:54:22.578 D/dalvikvm(  730): GC_CONCURRENT freed 460K, 6% free 10451K/11048K, paused 7ms+4ms, total 58ms
01-08 11:54:22.808 I/System.out( 3436): 20
01-08 11:54:23.809 I/System.out( 3436): 20
01-08 11:54:24.810 I/System.out( 3436): 20
01-08 11:54:25.811 I/System.out( 3436): 19
01-08 11:54:26.802 I/System.out( 3436): 19
01-08 11:54:27.803 I/System.out( 3436): 19
01-08 11:54:28.144 D/dalvikvm(  730): GC_CONCURRENT freed 483K, 6% free 10449K/11044K, paused 7ms+4ms, total 76ms
01-08 11:54:28.804 I/System.out( 3436): 20
01-08 11:54:28.824 D/dalvikvm( 3436): GC_CONCURRENT freed 400K, 5% free 9075K/9524K, paused 3ms+3ms, total 22ms
01-08 11:54:29.815 I/System.out( 3436): 20
01-08 11:54:30.126 D/dalvikvm(  519): GC_CONCURRENT freed 1909K, 13% free 16870K/19172K, paused 25ms+7ms, total 132ms
01-08 11:54:30.806 I/System.out( 3436): 20
01-08 11:54:31.817 I/System.out( 3436): 20
01-08 11:54:32.828 I/System.out( 3436): 23
01-08 11:54:32.908 D/dalvikvm(  730): GC_CONCURRENT freed 457K, 6% free 10434K/11044K, paused 2ms+4ms, total 39ms
01-08 11:54:33.819 I/System.out( 3436): 22
01-08 11:54:34.820 I/System.out( 3436): 23
01-08 11:54:35.821 I/System.out( 3436): 23
01-08 11:54:36.812 I/System.out( 3436): 23
01-08 11:54:37.082 D/dalvikvm(  730): GC_CONCURRENT freed 427K, 6% free 10431K/11044K, paused 3ms+4ms, total 35ms
01-08 11:54:37.813 I/System.out( 3436): 23
01-08 11:54:38.814 I/System.out( 3436): 20
01-08 11:54:39.815 I/System.out( 3436): 20
01-08 11:54:40.806 I/System.out( 3436): 20
01-08 11:54:41.817 I/System.out( 3436): 20
01-08 11:54:42.027 D/dalvikvm(  730): GC_CONCURRENT freed 442K, 6% free 10430K/11044K, paused 2ms+4ms, total 49ms
01-08 11:54:42.808 I/System.out( 3436): 20
01-08 11:54:43.819 I/System.out( 3436): 19
01-08 11:54:44.830 I/System.out( 3436): 19
01-08 11:54:45.831 I/System.out( 3436): 19
01-08 11:54:46.812 I/System.out( 3436): 20
01-08 11:54:47.342 D/dalvikvm(  730): GC_CONCURRENT freed 475K, 6% free 10434K/11044K, paused 2ms+9ms, total 70ms
01-08 11:54:47.823 I/System.out( 3436): 20
01-08 11:54:48.714 D/dalvikvm(  519): GC_CONCURRENT freed 1926K, 12% free 16885K/19172K, paused 8ms+8ms, total 130ms
01-08 11:54:48.814 I/System.out( 3436): 20
01-08 11:54:48.834 D/dalvikvm( 3436): GC_CONCURRENT freed 388K, 5% free 9074K/9524K, paused 2ms+2ms, total 18ms
01-08 11:54:49.825 I/System.out( 3436): 20
01-08 11:54:50.816 I/System.out( 3436): 23
01-08 11:54:51.827 I/System.out( 3436): 23
01-08 11:54:52.157 D/dalvikvm(  730): GC_CONCURRENT freed 471K, 6% free 10432K/11044K, paused 6ms+5ms, total 77ms
01-08 11:54:52.818 I/System.out( 3436): 23
01-08 11:54:53.829 I/System.out( 3436): 23
01-08 11:54:54.820 I/System.out( 3436): 24
01-08 11:54:55.831 I/System.out( 3436): 22
01-08 11:54:56.832 I/System.out( 3436): 20
01-08 11:54:56.932 D/dalvikvm(  730): GC_CONCURRENT freed 477K, 6% free 10436K/11044K, paused 6ms+4ms, total 61ms
01-08 11:54:57.823 I/System.out( 3436): 20
01-08 11:54:58.834 I/System.out( 3436): 20
01-08 11:54:59.825 I/System.out( 3436): 20
01-08 11:55:00.835 I/System.out( 3436): 21
01-08 11:55:01.836 I/System.out( 3436): 20
01-08 11:55:01.887 D/dalvikvm(  730): GC_CONCURRENT freed 463K, 6% free 10413K/11044K, paused 3ms+4ms, total 38ms
01-08 11:55:02.847 I/System.out( 3436): 20
01-08 11:55:03.848 I/System.out( 3436): 21
01-08 11:55:04.839 I/System.out( 3436): 21
01-08 11:55:05.870 I/System.out( 3436): 22
01-08 11:55:05.970 D/dalvikvm(  519): GC_CONCURRENT freed 1906K, 12% free 16875K/19172K, paused 10ms+8ms, total 130ms
01-08 11:55:06.571 D/dalvikvm(  730): GC_CONCURRENT freed 455K, 6% free 10418K/11044K, paused 6ms+4ms, total 59ms
01-08 11:55:06.831 I/System.out( 3436): 22
01-08 11:55:07.832 I/System.out( 3436): 23
01-08 11:55:08.853 I/System.out( 3436): 23
01-08 11:55:08.903 D/dalvikvm( 3436): GC_CONCURRENT freed 390K, 5% free 9085K/9524K, paused 7ms+11ms, total 75ms
01-08 11:55:09.834 I/System.out( 3436): 23
01-08 11:55:10.445 D/dalvikvm(  730): GC_CONCURRENT freed 430K, 6% free 10409K/11044K, paused 2ms+3ms, total 39ms
01-08 11:55:10.845 I/System.out( 3436): 23
01-08 11:55:11.836 I/System.out( 3436): 24
01-08 11:55:12.847 I/System.out( 3436): 24
01-08 11:55:13.838 I/System.out( 3436): 20
01-08 11:55:14.849 I/System.out( 3436): 20
01-08 11:55:15.159 D/dalvikvm(  730): GC_CONCURRENT freed 451K, 6% free 10425K/11044K, paused 5ms+5ms, total 82ms
01-08 11:55:15.840 I/System.out( 3436): 21
01-08 11:55:16.861 I/System.out( 3436): 20
01-08 11:55:17.832 I/System.out( 3436): 20
01-08 11:55:18.843 I/System.out( 3436): 20
01-08 11:55:19.784 D/dalvikvm(  730): GC_CONCURRENT freed 449K, 6% free 10418K/11044K, paused 7ms+4ms, total 53ms
01-08 11:55:19.844 I/System.out( 3436): 21
01-08 11:55:20.855 I/System.out( 3436): 23
01-08 11:55:21.846 I/System.out( 3436): 23
01-08 11:55:22.557 D/dalvikvm(  519): GC_CONCURRENT freed 1889K, 12% free 16872K/19172K, paused 9ms+7ms, total 112ms
01-08 11:55:22.857 I/System.out( 3436): 23
01-08 11:55:23.858 I/System.out( 3436): 23
01-08 11:55:23.918 D/dalvikvm(  730): GC_CONCURRENT freed 430K, 6% free 10415K/11044K, paused 3ms+3ms, total 40ms
01-08 11:55:24.859 I/System.out( 3436): 23
01-08 11:55:25.850 I/System.out( 3436): 23
01-08 11:55:26.861 I/System.out( 3436): 23
01-08 11:55:27.902 I/System.out( 3436): 23
01-08 11:55:27.942 D/dalvikvm( 3436): GC_CONCURRENT freed 392K, 5% free 9083K/9524K, paused 5ms+2ms, total 58ms
01-08 11:55:27.992 D/dalvikvm(  730): GC_CONCURRENT freed 424K, 6% free 10418K/11044K, paused 3ms+4ms, total 29ms
01-08 11:55:28.853 I/System.out( 3436): 23
01-08 11:55:29.854 I/System.out( 3436): 23
01-08 11:55:30.855 I/System.out( 3436): 23
01-08 11:55:31.866 I/System.out( 3436): 23
01-08 11:55:32.176 D/dalvikvm(  730): GC_CONCURRENT freed 422K, 6% free 10423K/11044K, paused 3ms+4ms, total 38ms
01-08 11:55:32.857 I/System.out( 3436): 23
01-08 11:55:33.868 I/System.out( 3436): 23
01-08 11:55:34.869 I/System.out( 3436): 23
01-08 11:55:35.870 I/System.out( 3436): 23
01-08 11:55:36.360 D/dalvikvm(  730): GC_CONCURRENT freed 422K, 6% free 10427K/11044K, paused 3ms+3ms, total 38ms
01-08 11:55:36.871 I/System.out( 3436): 23
01-08 11:55:37.852 I/System.out( 3436): 23
01-08 11:55:38.863 I/System.out( 3436): 23
01-08 11:55:39.223 D/dalvikvm(  519): GC_CONCURRENT freed 1910K, 12% free 16875K/19172K, paused 17ms+6ms, total 150ms
01-08 11:55:39.854 I/System.out( 3436): 23
01-08 11:55:40.464 D/dalvikvm(  730): GC_CONCURRENT freed 425K, 6% free 10429K/11044K, paused 3ms+4ms, total 37ms
01-08 11:55:40.865 I/System.out( 3436): 23
01-08 11:55:41.856 I/System.out( 3436): 21
01-08 11:55:42.866 I/System.out( 3436): 21
01-08 11:55:43.867 I/System.out( 3436): 19
01-08 11:55:44.878 I/System.out( 3436): 19
01-08 11:55:45.079 D/dalvikvm(  730): GC_CONCURRENT freed 437K, 6% free 10428K/11044K, paused 3ms+4ms, total 38ms
01-08 11:55:45.869 I/System.out( 3436): 19
01-08 11:55:46.890 I/System.out( 3436): 19
01-08 11:55:46.950 D/dalvikvm( 3436): GC_CONCURRENT freed 389K, 5% free 9081K/9520K, paused 5ms+6ms, total 70ms
01-08 11:55:47.861 I/System.out( 3436): 19
01-08 11:55:48.872 I/System.out( 3436): 19
01-08 11:55:49.863 I/System.out( 3436): 19
01-08 11:55:50.394 D/dalvikvm(  730): GC_CONCURRENT freed 463K, 6% free 10435K/11044K, paused 13ms+4ms, total 64ms
01-08 11:55:50.884 I/System.out( 3436): 19
01-08 11:55:51.865 I/System.out( 3436): 19
01-08 11:55:52.876 I/System.out( 3436): 19
01-08 11:55:53.877 I/System.out( 3436): 19
01-08 11:55:54.888 I/System.out( 3436): 17
01-08 11:55:55.889 I/System.out( 3436): 17
01-08 11:55:56.009 D/dalvikvm(  730): GC_CONCURRENT freed 464K, 6% free 10425K/11044K, paused 8ms+4ms, total 63ms
01-08 11:55:56.890 I/System.out( 3436): 17
01-08 11:55:57.891 I/System.out( 3436): 17
01-08 11:55:58.141 D/dalvikvm(  519): GC_CONCURRENT freed 1888K, 12% free 16879K/19172K, paused 15ms+8ms, total 111ms
01-08 11:55:58.882 I/System.out( 3436): 22
01-08 11:55:59.883 I/System.out( 3436): 24
01-08 11:56:00.864 D/dalvikvm(  730): GC_CONCURRENT freed 462K, 6% free 10424K/11044K, paused 3ms+4ms, total 48ms
01-08 11:56:00.874 I/System.out( 3436): 24
01-08 11:56:01.885 I/System.out( 3436): 24
01-08 11:56:02.876 I/System.out( 3436): 24
01-08 11:56:03.887 I/System.out( 3436): 24
01-08 11:56:04.888 I/System.out( 3436): 24
01-08 11:56:05.038 D/dalvikvm(  730): GC_CONCURRENT freed 434K, 6% free 10420K/11044K, paused 2ms+4ms, total 56ms
01-08 11:56:05.889 I/System.out( 3436): 19
01-08 11:56:06.900 I/System.out( 3436): 19
01-08 11:56:07.891 I/System.out( 3436): 22
01-08 11:56:07.911 D/dalvikvm( 3436): GC_CONCURRENT freed 406K, 5% free 9075K/9520K, paused 2ms+2ms, total 20ms
01-08 11:56:08.892 I/System.out( 3436): 22
01-08 11:56:09.763 D/dalvikvm(  730): GC_CONCURRENT freed 443K, 6% free 10424K/11044K, paused 7ms+4ms, total 59ms
01-08 11:56:09.883 I/System.out( 3436): 22
01-08 11:56:10.894 I/System.out( 3436): 22
01-08 11:56:11.885 I/System.out( 3436): 22
01-08 11:56:12.906 I/System.out( 3436): 22
01-08 11:56:13.897 I/System.out( 3436): 19
01-08 11:56:14.798 D/dalvikvm(  730): GC_CONCURRENT freed 456K, 6% free 10425K/11044K, paused 6ms+4ms, total 72ms
01-08 11:56:14.888 I/System.out( 3436): 22
01-08 11:56:15.538 D/dalvikvm(  519): GC_CONCURRENT freed 1936K, 12% free 16872K/19172K, paused 20ms+7ms, total 140ms
01-08 11:56:15.899 I/System.out( 3436): 23
01-08 11:56:16.890 I/System.out( 3436): 23
01-08 11:56:17.901 I/System.out( 3436): 23
01-08 11:56:18.812 D/dalvikvm(  730): GC_CONCURRENT freed 436K, 6% free 10417K/11044K, paused 3ms+4ms, total 40ms
01-08 11:56:18.882 I/System.out( 3436): 23
01-08 11:56:19.893 I/System.out( 3436): 23
01-08 11:56:20.894 I/System.out( 3436): 20
01-08 11:56:21.905 I/System.out( 3436): 23
01-08 11:56:22.896 I/System.out( 3436): 23
01-08 11:56:23.606 D/dalvikvm(  730): GC_CONCURRENT freed 464K, 6% free 10433K/11044K, paused 6ms+5ms, total 67ms
01-08 11:56:23.907 I/System.out( 3436): 23
01-08 11:56:24.908 I/System.out( 3436): 23
01-08 11:56:25.908 I/System.out( 3436): 22
