--------- beginning of /dev/log/main
01-08 11:48:26.391 D/AndroidRuntime( 3373): 
01-08 11:48:26.391 D/AndroidRuntime( 3373): >>>>>> AndroidRuntime START com.android.internal.os.RuntimeInit <<<<<<
01-08 11:48:26.391 D/AndroidRuntime( 3373): CheckJNI is OFF
01-08 11:48:26.401 D/dalvikvm( 3373): Trying to load lib libjavacore.so 0x0
01-08 11:48:26.401 D/dalvikvm( 3373): Added shared lib libjavacore.so 0x0
01-08 11:48:26.411 D/dalvikvm( 3373): Trying to load lib libnativehelper.so 0x0
01-08 11:48:26.411 D/dalvikvm( 3373): Added shared lib libnativehelper.so 0x0
01-08 11:48:26.531 D/AndroidRuntime( 3373): Calling main entry com.android.commands.pm.Pm
01-08 11:48:26.541 D/Finsky  ( 1323): [1] PackageVerificationReceiver.onReceive: Verification requested, id = 5
--------- beginning of /dev/log/system
01-08 11:48:26.541 W/ActivityManager(  519): No content provider found for permission revoke: file:///data/local/tmp/EnergyMeasurementWifi80211.apk
01-08 11:48:26.551 D/Finsky  ( 1323): [1] WorkerTask.onPreExecute: Verification Requested for id = 5, data=file:///data/local/tmp/EnergyMeasurementWifi80211.apk flags=114 fromVerificationActivity=false
01-08 11:48:26.581 D/dalvikvm( 1323): GC_FOR_ALLOC freed 556K, 9% free 9275K/10120K, paused 16ms, total 17ms
01-08 11:48:26.611 I/ElegantRequestDirector( 1323): I/O exception (javax.net.ssl.SSLException) caught when processing request: Write error: ssl=0x747a1040: I/O error during system call, Broken pipe
01-08 11:48:26.611 I/ElegantRequestDirector( 1323): Retrying request
01-08 11:48:26.711 D/Finsky  ( 1323): [1] 2.onResponse: Verification id=5 response=0
01-08 11:48:26.721 D/Finsky  ( 1323): [1] PackageVerificationReceiver.onReceive: Verification requested, id = 5
01-08 11:48:26.731 W/ActivityManager(  519): No content provider found for permission revoke: file:///data/local/tmp/EnergyMeasurementWifi80211.apk
01-08 11:48:26.731 I/PackageManager(  519): Copying native libraries to /data/app-lib/vmdl-1009184599
01-08 11:48:26.761 I/ActivityManager(  519): Force stopping package uk.ac.st_andrews.cs.host.mk74.energymeasurement.wifi80211 appid=10081 user=-1
01-08 11:48:26.841 I/PackageManager(  519): Running dexopt on: uk.ac.st_andrews.cs.host.mk74.energymeasurement.wifi80211
01-08 11:48:26.841 I/PackageManager(  519): Package uk.ac.st_andrews.cs.host.mk74.energymeasurement.wifi80211 codePath changed from /data/app/uk.ac.st_andrews.cs.host.mk74.energymeasurement.wifi80211-2.apk to /data/app/uk.ac.st_andrews.cs.host.mk74.energymeasurement.wifi80211-1.apk; Retaining data and using new
01-08 11:48:27.091 D/dalvikvm( 3389): DexOpt: load 43ms, verify+opt 162ms, 958148 bytes
01-08 11:48:27.141 W/PackageManager(  519): Code path for pkg : uk.ac.st_andrews.cs.host.mk74.energymeasurement.wifi80211 changing from /data/app/uk.ac.st_andrews.cs.host.mk74.energymeasurement.wifi80211-2.apk to /data/app/uk.ac.st_andrews.cs.host.mk74.energymeasurement.wifi80211-1.apk
01-08 11:48:27.141 W/PackageManager(  519): Resource path for pkg : uk.ac.st_andrews.cs.host.mk74.energymeasurement.wifi80211 changing from /data/app/uk.ac.st_andrews.cs.host.mk74.energymeasurement.wifi80211-2.apk to /data/app/uk.ac.st_andrews.cs.host.mk74.energymeasurement.wifi80211-1.apk
01-08 11:48:27.141 I/ActivityManager(  519): Force stopping package uk.ac.st_andrews.cs.host.mk74.energymeasurement.wifi80211 appid=10081 user=-1
01-08 11:48:27.282 I/ActivityManager(  519): Force stopping package uk.ac.st_andrews.cs.host.mk74.energymeasurement.wifi80211 appid=10081 user=0
01-08 11:48:27.332 D/dalvikvm(  601): GC_EXPLICIT freed 1465K, 70% free 15035K/49484K, paused 2ms+5ms, total 54ms
01-08 11:48:27.332 D/dalvikvm(  785): GC_EXPLICIT freed 745K, 21% free 17113K/21564K, paused 1ms+13ms, total 37ms
01-08 11:48:27.342 D/dalvikvm(  519): GC_EXPLICIT freed 1633K, 16% free 16683K/19728K, paused 2ms+10ms, total 62ms
01-08 11:48:27.372 D/dalvikvm( 1872): GC_EXPLICIT freed 378K, 6% free 9196K/9684K, paused 2ms+2ms, total 19ms
01-08 11:48:27.392 D/dalvikvm( 1368): GC_EXPLICIT freed 158K, 6% free 9478K/10044K, paused 2ms+2ms, total 41ms
01-08 11:48:27.392 I/InputReader(  519): Reconfiguring input devices.  changes=0x00000010
01-08 11:48:27.392 W/ActivityManager(  519): Skipping broadcast of Intent { act=android.intent.action.PACKAGE_REMOVED dat=package:uk.ac.st_andrews.cs.host.mk74.energymeasurement.wifi80211 flg=0x8000010 (has extras) }: user 10 is stopped
01-08 11:48:27.402 W/ActivityManager(  519): Skipping broadcast of Intent { act=android.intent.action.PACKAGE_ADDED dat=package:uk.ac.st_andrews.cs.host.mk74.energymeasurement.wifi80211 flg=0x8000010 (has extras) }: user 10 is stopped
01-08 11:48:27.412 I/InputReader(  519): Reconfiguring input devices.  changes=0x00000010
01-08 11:48:27.422 W/ContextImpl( 1898): Calling a method in the system process without a qualified user: android.app.ContextImpl.startService:1385 android.content.ContextWrapper.startService:473 android.content.ContextWrapper.startService:473 com.android.keychain.KeyChainBroadcastReceiver.onReceive:12 android.app.ActivityThread.handleReceiver:2424 
01-08 11:48:27.442 W/ActivityManager(  519): Skipping broadcast of Intent { act=android.intent.action.PACKAGE_REPLACED dat=package:uk.ac.st_andrews.cs.host.mk74.energymeasurement.wifi80211 flg=0x8000010 (has extras) }: user 10 is stopped
01-08 11:48:27.442 W/ActivityManager(  519): Skipping broadcast of Intent { act=android.intent.action.MY_PACKAGE_REPLACED flg=0x8000010 pkg=uk.ac.st_andrews.cs.host.mk74.energymeasurement.wifi80211 (has extras) }: user 10 is stopped
01-08 11:48:27.462 D/dalvikvm(  770): GC_CONCURRENT freed 520K, 6% free 9268K/9824K, paused 2ms+2ms, total 15ms
01-08 11:48:27.462 D/dalvikvm(  770): WAIT_FOR_CONCURRENT_GC blocked 6ms
01-08 11:48:27.492 D/BackupManagerService(  519): Received broadcast Intent { act=android.intent.action.PACKAGE_REMOVED dat=package:uk.ac.st_andrews.cs.host.mk74.energymeasurement.wifi80211 flg=0x8000010 (has extras) }
01-08 11:48:27.502 D/BackupManagerService(  519): Received broadcast Intent { act=android.intent.action.PACKAGE_ADDED dat=package:uk.ac.st_andrews.cs.host.mk74.energymeasurement.wifi80211 flg=0x8000010 (has extras) }
01-08 11:48:27.502 V/BackupManagerService(  519): removePackageParticipantsLocked: uid=10081 #1
01-08 11:48:27.502 V/BackupManagerService(  519): addPackageParticipantsLocked: #1
01-08 11:48:27.542 D/dalvikvm(  519): GC_EXPLICIT freed 450K, 16% free 16766K/19728K, paused 3ms+9ms, total 88ms
01-08 11:48:27.542 D/AndroidRuntime( 3373): Shutting down VM
01-08 11:48:27.542 D/jdwp    ( 3373): Got wake-up signal, bailing out of select
01-08 11:48:27.542 D/dalvikvm( 3373): Debugger has detached; object registry had 1 entries
01-08 11:48:27.672 D/dalvikvm(  730): GC_CONCURRENT freed 440K, 6% free 10177K/10720K, paused 1ms+3ms, total 22ms
01-08 11:48:27.672 I/GCoreUlr(  730): Ensuring that reporting is stopped because of reasons: (no Google accounts)
01-08 11:48:27.682 D/GCoreFlp(  730): Unknown pending intent to remove.
01-08 11:48:27.682 I/GCoreUlr(  730): Unbound from all location providers
01-08 11:48:28.162 D/AndroidRuntime( 3420): 
01-08 11:48:28.162 D/AndroidRuntime( 3420): >>>>>> AndroidRuntime START com.android.internal.os.RuntimeInit <<<<<<
01-08 11:48:28.162 D/AndroidRuntime( 3420): CheckJNI is OFF
01-08 11:48:28.172 D/dalvikvm( 3420): Trying to load lib libjavacore.so 0x0
01-08 11:48:28.182 D/dalvikvm( 3420): Added shared lib libjavacore.so 0x0
01-08 11:48:28.192 D/dalvikvm( 3420): Trying to load lib libnativehelper.so 0x0
01-08 11:48:28.192 D/dalvikvm( 3420): Added shared lib libnativehelper.so 0x0
01-08 11:48:28.313 D/AndroidRuntime( 3420): Calling main entry com.android.commands.am.Am
01-08 11:48:28.313 D/dalvikvm( 3420): Note: class Landroid/app/ActivityManagerNative; has 163 unimplemented (abstract) methods
01-08 11:48:28.323 I/ActivityManager(  519): START u0 {act=android.intent.action.MAIN cat=[android.intent.category.LAUNCHER] flg=0x10000000 cmp=uk.ac.st_andrews.cs.host.mk74.energymeasurement.wifi80211/.MainActivity} from pid 3420
01-08 11:48:28.403 D/dalvikvm(  519): GC_FOR_ALLOC freed 1458K, 15% free 16811K/19728K, paused 62ms, total 62ms
01-08 11:48:28.403 D/AndroidRuntime( 3420): Shutting down VM
01-08 11:48:28.413 D/jdwp    ( 3420): Got wake-up signal, bailing out of select
01-08 11:48:28.413 D/dalvikvm( 3420): Debugger has detached; object registry had 1 entries
01-08 11:48:28.433 D/dalvikvm( 3436): Late-enabling CheckJNI
01-08 11:48:28.443 I/ActivityManager(  519): Start proc uk.ac.st_andrews.cs.host.mk74.energymeasurement.wifi80211 for activity uk.ac.st_andrews.cs.host.mk74.energymeasurement.wifi80211/.MainActivity: pid=3436 uid=10081 gids={50081, 1028}
01-08 11:48:28.523 D/WifiService(  519): setWifiEnabled: true pid=3436, uid=10081
01-08 11:48:28.583 D/libEGL  ( 3436): loaded /system/lib/egl/libEGL_adreno200.so
01-08 11:48:28.583 D/libEGL  ( 3436): loaded /system/lib/egl/libGLESv1_CM_adreno200.so
01-08 11:48:28.583 D/libEGL  ( 3436): loaded /system/lib/egl/libGLESv2_adreno200.so
01-08 11:48:28.583 I/Adreno200-EGL( 3436): <qeglDrvAPI_eglInitialize:265>: EGL 1.4 QUALCOMM Build: Iabe52cfaeae4c5fab1acacfe6f056ba15fa93274
01-08 11:48:28.623 D/OpenGLRenderer( 3436): Enabling debug mode 0
01-08 11:48:28.653 W/ActivityManager(  519): Permission denied: checkComponentPermission() owningUid=10057
01-08 11:48:28.653 W/ActivityManager(  519): Permission denied: checkComponentPermission() owningUid=10057
01-08 11:48:28.663 W/ActivityManager(  519): Permission denied: checkComponentPermission() owningUid=10057
01-08 11:48:28.663 W/ActivityManager(  519): Permission denied: checkComponentPermission() owningUid=10057
01-08 11:48:28.673 W/ActivityManager(  519): Permission denied: checkComponentPermission() owningUid=10057
01-08 11:48:28.673 W/ActivityManager(  519): Permission denied: checkComponentPermission() owningUid=10057
01-08 11:48:28.683 W/ActivityManager(  519): Permission denied: checkComponentPermission() owningUid=10057
01-08 11:48:28.683 W/ActivityManager(  519): Permission denied: checkComponentPermission() owningUid=10057
01-08 11:48:28.693 I/ActivityManager(  519): Displayed uk.ac.st_andrews.cs.host.mk74.energymeasurement.wifi80211/.MainActivity: +269ms
01-08 11:48:28.703 W/ActivityManager(  519): Permission denied: checkComponentPermission() owningUid=10057
01-08 11:48:28.703 W/ActivityManager(  519): Permission denied: checkComponentPermission() owningUid=10057
01-08 11:48:29.534 I/System.out( 3436): 18
01-08 11:48:30.525 I/System.out( 3436): 19
01-08 11:48:31.556 I/System.out( 3436): 20
01-08 11:48:32.437 D/dalvikvm(  730): GC_CONCURRENT freed 373K, 5% free 10203K/10720K, paused 6ms+4ms, total 44ms
01-08 11:48:32.527 I/System.out( 3436): 20
01-08 11:48:33.548 I/System.out( 3436): 20
01-08 11:48:34.549 I/System.out( 3436): 20
01-08 11:48:35.540 I/System.out( 3436): 19
01-08 11:48:36.571 I/System.out( 3436): 19
01-08 11:48:36.811 D/dalvikvm(  730): GC_CONCURRENT freed 381K, 5% free 10244K/10732K, paused 7ms+4ms, total 71ms
01-08 11:48:37.522 I/System.out( 3436): 18
01-08 11:48:38.533 I/System.out( 3436): 18
01-08 11:48:39.554 I/System.out( 3436): 18
01-08 11:48:40.434 D/dalvikvm(  519): GC_CONCURRENT freed 1832K, 15% free 16887K/19728K, paused 8ms+8ms, total 147ms
01-08 11:48:40.534 I/System.out( 3436): 18
01-08 11:48:40.935 D/dalvikvm(  730): GC_CONCURRENT freed 386K, 5% free 10247K/10740K, paused 4ms+4ms, total 44ms
01-08 11:48:41.535 I/System.out( 3436): 18
01-08 11:48:42.556 I/System.out( 3436): 17
01-08 11:48:42.657 D/dalvikvm( 1323): GC_CONCURRENT freed 211K, 6% free 9527K/10120K, paused 5ms+3ms, total 52ms
01-08 11:48:42.727 D/Finsky  ( 1323): [1] 5.onFinished: Installation state replication succeeded.
01-08 11:48:43.537 I/System.out( 3436): 19
01-08 11:48:44.558 I/System.out( 3436): 19
01-08 11:48:44.578 D/dalvikvm( 3436): Debugger has detached; object registry had 1 entries
01-08 11:48:44.638 D/dalvikvm( 3436): GC_CONCURRENT freed 285K, 4% free 9059K/9384K, paused 11ms+3ms, total 62ms
01-08 11:48:44.999 D/PicasaSyncManager( 1523): battery info: false
01-08 11:48:44.999 D/PicasaUploaderSyncManager( 1557): battery info: false
01-08 11:48:45.179 D/dalvikvm(  730): GC_CONCURRENT freed 381K, 5% free 10274K/10764K, paused 1ms+3ms, total 24ms
01-08 11:48:45.539 I/System.out( 3436): 19
01-08 11:48:46.540 I/System.out( 3436): 19
01-08 11:48:47.541 I/System.out( 3436): 19
01-08 11:48:48.532 I/System.out( 3436): 19
01-08 11:48:49.543 I/System.out( 3436): 19
01-08 11:48:49.733 I/EntropyMixer(  519): Writing entropy...
01-08 11:48:49.743 D/PicasaSyncManager( 1523): battery info: true
01-08 11:48:49.743 D/PicasaUploaderSyncManager( 1557): battery info: true
01-08 11:48:49.753 W/PowerUI (  601): unknown intent: Intent { act=android.intent.action.ACTION_POWER_CONNECTED flg=0x8000010 }
01-08 11:48:49.783 D/dalvikvm(  730): GC_CONCURRENT freed 415K, 5% free 10288K/10812K, paused 2ms+3ms, total 27ms
01-08 11:48:50.544 I/System.out( 3436): 19
01-08 11:48:51.545 I/System.out( 3436): 19
01-08 11:48:51.835 D/MtpService(  687): updating state; isCurrentUser=true, mMtpLocked=false
01-08 11:48:51.845 D/MtpService(  687): addStorageLocked 65537 /storage/emulated/0
01-08 11:48:51.845 D/MtpService(  687): updating state; isCurrentUser=true, mMtpLocked=false
01-08 11:48:51.845 D/MtpService(  687): starting MTP server in MTP mode
01-08 11:48:51.845 D/MtpService(  687): addStorageLocked 65537 /storage/emulated/0
01-08 11:48:52.556 I/System.out( 3436): 19
01-08 11:48:53.547 I/System.out( 3436): 19
01-08 11:48:53.958 D/dalvikvm(  730): GC_CONCURRENT freed 414K, 5% free 10286K/10812K, paused 10ms+3ms, total 50ms
01-08 11:48:53.968 D/dalvikvm( 3436): Debugger has detached; object registry had 1 entries
01-08 11:48:54.548 I/System.out( 3436): 18
01-08 11:48:54.578 D/PicasaSyncManager( 1523): battery info: false
01-08 11:48:54.588 D/PicasaUploaderSyncManager( 1557): battery info: false
01-08 11:48:54.618 D/dalvikvm(  519): GC_CONCURRENT freed 1992K, 13% free 16809K/19172K, paused 2ms+11ms, total 93ms
01-08 11:48:55.549 I/System.out( 3436): 18
01-08 11:48:56.560 I/System.out( 3436): 18
01-08 11:48:57.561 I/System.out( 3436): 19
01-08 11:48:58.562 I/System.out( 3436): 19
01-08 11:48:58.622 D/dalvikvm(  730): GC_CONCURRENT freed 393K, 5% free 10301K/10812K, paused 6ms+4ms, total 40ms
01-08 11:48:59.553 I/System.out( 3436): 19
01-08 11:49:00.564 I/System.out( 3436): 19
01-08 11:49:01.545 I/System.out( 3436): 19
01-08 11:49:02.556 I/System.out( 3436): 19
01-08 11:49:03.477 D/dalvikvm(  730): GC_CONCURRENT freed 408K, 5% free 10304K/10820K, paused 7ms+3ms, total 54ms
01-08 11:49:03.547 I/System.out( 3436): 19
01-08 11:49:04.558 I/System.out( 3436): 19
01-08 11:49:05.549 I/System.out( 3436): 19
01-08 11:49:06.570 I/System.out( 3436): 19
01-08 11:49:06.630 D/dalvikvm( 3436): GC_CONCURRENT freed 372K, 5% free 9081K/9492K, paused 5ms+6ms, total 74ms
01-08 11:49:07.571 I/System.out( 3436): 19
01-08 11:49:08.412 D/dalvikvm(  730): GC_CONCURRENT freed 403K, 5% free 10311K/10824K, paused 3ms+4ms, total 39ms
01-08 11:49:08.552 I/System.out( 3436): 19
01-08 11:49:09.573 I/System.out( 3436): 18
01-08 11:49:10.564 I/System.out( 3436): 20
01-08 11:49:11.575 I/System.out( 3436): 20
01-08 11:49:12.566 I/System.out( 3436): 20
01-08 11:49:12.946 D/dalvikvm(  730): GC_CONCURRENT freed 402K, 5% free 10330K/10844K, paused 6ms+3ms, total 70ms
01-08 11:49:13.587 I/System.out( 3436): 19
01-08 11:49:13.667 D/dalvikvm(  519): GC_CONCURRENT freed 1891K, 13% free 16835K/19172K, paused 5ms+7ms, total 120ms
01-08 11:49:14.568 I/System.out( 3436): 20
01-08 11:49:15.579 I/System.out( 3436): 20
01-08 11:49:16.570 I/System.out( 3436): 20
01-08 11:49:17.561 I/System.out( 3436): 20
01-08 11:49:17.581 D/dalvikvm(  730): GC_CONCURRENT freed 415K, 5% free 10349K/10876K, paused 6ms+4ms, total 89ms
01-08 11:49:18.562 I/System.out( 3436): 20
01-08 11:49:19.563 I/System.out( 3436): 21
01-08 11:49:20.564 I/System.out( 3436): 20
01-08 11:49:21.564 I/System.out( 3436): 20
01-08 11:49:22.065 D/dalvikvm(  730): GC_CONCURRENT freed 432K, 5% free 10353K/10896K, paused 7ms+4ms, total 74ms
01-08 11:49:22.575 I/System.out( 3436): 20
01-08 11:49:23.576 I/System.out( 3436): 20
01-08 11:49:24.567 I/System.out( 3436): 19
01-08 11:49:25.578 I/System.out( 3436): 19
01-08 11:49:26.569 I/System.out( 3436): 19
01-08 11:49:26.619 D/dalvikvm(  730): GC_CONCURRENT freed 425K, 5% free 10351K/10896K, paused 2ms+4ms, total 56ms
01-08 11:49:27.580 I/System.out( 3436): 18
01-08 11:49:27.871 D/dalvikvm( 3436): GC_CONCURRENT freed 395K, 5% free 9073K/9508K, paused 4ms+2ms, total 68ms
01-08 11:49:28.571 I/System.out( 3436): 19
01-08 11:49:29.572 I/System.out( 3436): 19
01-08 11:49:30.573 I/System.out( 3436): 20
01-08 11:49:31.354 D/dalvikvm(  730): GC_CONCURRENT freed 417K, 5% free 10354K/10896K, paused 2ms+3ms, total 39ms
01-08 11:49:31.574 I/System.out( 3436): 20
01-08 11:49:32.035 D/dalvikvm(  519): GC_CONCURRENT freed 1897K, 13% free 16859K/19172K, paused 9ms+7ms, total 130ms
01-08 11:49:32.585 I/System.out( 3436): 20
01-08 11:49:33.576 I/System.out( 3436): 20
01-08 11:49:34.597 I/System.out( 3436): 20
01-08 11:49:35.588 I/System.out( 3436): 20
01-08 11:49:36.029 D/dalvikvm(  730): GC_CONCURRENT freed 426K, 5% free 10362K/10900K, paused 9ms+4ms, total 66ms
01-08 11:49:36.579 I/System.out( 3436): 20
01-08 11:49:37.590 I/System.out( 3436): 21
01-08 11:49:38.601 I/System.out( 3436): 21
01-08 11:49:39.582 I/System.out( 3436): 21
01-08 11:49:40.583 I/System.out( 3436): 20
01-08 11:49:40.633 D/dalvikvm(  730): GC_CONCURRENT freed 439K, 6% free 10370K/10920K, paused 6ms+4ms, total 95ms
01-08 11:49:41.584 I/System.out( 3436): 20
01-08 11:49:42.585 I/System.out( 3436): 21
01-08 11:49:43.586 I/System.out( 3436): 22
01-08 11:49:44.587 I/System.out( 3436): 22
01-08 11:49:45.308 D/dalvikvm(  730): GC_CONCURRENT freed 443K, 6% free 10393K/10948K, paused 6ms+8ms, total 85ms
01-08 11:49:45.588 I/System.out( 3436): 22
01-08 11:49:46.589 I/System.out( 3436): 22
01-08 11:49:47.590 I/System.out( 3436): 22
01-08 11:49:48.631 I/System.out( 3436): 22
01-08 11:49:48.681 D/dalvikvm( 3436): GC_CONCURRENT freed 394K, 5% free 9085K/9516K, paused 5ms+2ms, total 60ms
01-08 11:49:49.482 D/dalvikvm(  519): GC_CONCURRENT freed 1881K, 13% free 16862K/19172K, paused 10ms+7ms, total 125ms
01-08 11:49:49.572 I/System.out( 3436): 19
01-08 11:49:50.142 D/dalvikvm(  730): GC_CONCURRENT freed 458K, 6% free 10386K/10956K, paused 2ms+5ms, total 48ms
01-08 11:49:50.583 I/System.out( 3436): 19
01-08 11:49:51.584 I/System.out( 3436): 21
01-08 11:49:52.595 I/System.out( 3436): 22
01-08 11:49:53.586 I/System.out( 3436): 21
01-08 11:49:54.597 I/System.out( 3436): 20
01-08 11:49:54.867 D/dalvikvm(  730): GC_CONCURRENT freed 449K, 6% free 10393K/10956K, paused 7ms+4ms, total 63ms
01-08 11:49:55.588 I/System.out( 3436): 21
01-08 11:49:56.599 I/System.out( 3436): 21
01-08 11:49:57.600 I/System.out( 3436): 19
01-08 11:49:58.601 I/System.out( 3436): 19
01-08 11:49:59.592 I/System.out( 3436): 19
01-08 11:49:59.752 D/dalvikvm(  730): GC_CONCURRENT freed 439K, 6% free 10383K/10956K, paused 6ms+4ms, total 53ms
01-08 11:50:00.593 I/System.out( 3436): 19
01-08 11:50:01.594 I/System.out( 3436): 19
01-08 11:50:02.595 I/System.out( 3436): 19
01-08 11:50:03.606 I/System.out( 3436): 19
01-08 11:50:04.466 D/dalvikvm(  730): GC_CONCURRENT freed 412K, 6% free 10382K/10956K, paused 7ms+4ms, total 45ms
01-08 11:50:04.596 I/System.out( 3436): 19
01-08 11:50:05.607 I/System.out( 3436): 19
01-08 11:50:06.598 I/System.out( 3436): 19
01-08 11:50:07.609 I/System.out( 3436): 19
01-08 11:50:07.880 D/dalvikvm(  519): GC_CONCURRENT freed 1881K, 12% free 16879K/19172K, paused 8ms+7ms, total 136ms
01-08 11:50:08.600 I/System.out( 3436): 19
01-08 11:50:09.281 D/dalvikvm(  730): GC_CONCURRENT freed 411K, 6% free 10381K/10956K, paused 4ms+3ms, total 61ms
01-08 11:50:09.601 I/System.out( 3436): 19
01-08 11:50:10.592 I/System.out( 3436): 19
01-08 11:50:10.612 D/dalvikvm( 3436): GC_CONCURRENT freed 414K, 5% free 9076K/9528K, paused 1ms+2ms, total 24ms
01-08 11:50:11.603 I/System.out( 3436): 20
01-08 11:50:12.594 I/System.out( 3436): 20
01-08 11:50:13.605 I/System.out( 3436): 20
01-08 11:50:14.036 D/dalvikvm(  730): GC_CONCURRENT freed 420K, 6% free 10388K/10956K, paused 3ms+4ms, total 46ms
01-08 11:50:14.606 I/System.out( 3436): 20
01-08 11:50:15.607 I/System.out( 3436): 21
01-08 11:50:16.608 I/System.out( 3436): 21
01-08 11:50:17.609 I/System.out( 3436): 21
01-08 11:50:18.610 I/System.out( 3436): 21
01-08 11:50:18.790 D/dalvikvm(  730): GC_CONCURRENT freed 445K, 6% free 10401K/10956K, paused 7ms+5ms, total 55ms
01-08 11:50:19.611 I/System.out( 3436): 23
01-08 11:50:20.632 I/System.out( 3436): 23
01-08 11:50:21.593 I/System.out( 3436): 22
01-08 11:50:22.604 I/System.out( 3436): 22
01-08 11:50:22.744 D/dalvikvm(  730): GC_CONCURRENT freed 425K, 6% free 10391K/10956K, paused 2ms+3ms, total 43ms
01-08 11:50:23.615 I/System.out( 3436): 22
01-08 11:50:24.626 I/System.out( 3436): 20
01-08 11:50:25.627 I/System.out( 3436): 20
01-08 11:50:25.737 D/dalvikvm(  519): GC_CONCURRENT freed 1907K, 13% free 16854K/19172K, paused 18ms+8ms, total 133ms
01-08 11:50:26.628 I/System.out( 3436): 21
01-08 11:50:27.379 D/dalvikvm(  730): GC_CONCURRENT freed 436K, 6% free 10401K/10956K, paused 6ms+4ms, total 49ms
01-08 11:50:27.619 I/System.out( 3436): 21
01-08 11:50:28.640 I/System.out( 3436): 21
01-08 11:50:29.631 I/System.out( 3436): 21
01-08 11:50:30.632 I/System.out( 3436): 21
01-08 11:50:30.692 D/dalvikvm( 3436): GC_CONCURRENT freed 387K, 5% free 9083K/9528K, paused 6ms+2ms, total 71ms
01-08 11:50:31.613 I/System.out( 3436): 21
01-08 11:50:32.213 D/dalvikvm(  730): GC_CONCURRENT freed 450K, 6% free 10402K/10964K, paused 7ms+4ms, total 81ms
01-08 11:50:32.624 I/System.out( 3436): 20
01-08 11:50:33.615 I/System.out( 3436): 20
01-08 11:50:34.626 I/System.out( 3436): 20
01-08 11:50:35.617 I/System.out( 3436): 20
01-08 11:50:36.628 I/System.out( 3436): 20
01-08 11:50:36.738 D/dalvikvm(  730): GC_CONCURRENT freed 438K, 6% free 10396K/10964K, paused 2ms+4ms, total 41ms
01-08 11:50:37.619 I/System.out( 3436): 19
01-08 11:50:38.630 I/System.out( 3436): 19
01-08 11:50:39.621 I/System.out( 3436): 19
01-08 11:50:40.622 I/System.out( 3436): 19
01-08 11:50:41.472 D/dalvikvm(  730): GC_CONCURRENT freed 421K, 6% free 10386K/10964K, paused 1ms+5ms, total 32ms
01-08 11:50:41.623 I/System.out( 3436): 19
01-08 11:50:42.624 I/System.out( 3436): 20
01-08 11:50:43.324 D/dalvikvm(  519): GC_CONCURRENT freed 1872K, 13% free 16858K/19172K, paused 9ms+7ms, total 94ms
01-08 11:50:43.635 I/System.out( 3436): 20
01-08 11:50:44.626 I/System.out( 3436): 20
01-08 11:50:45.637 I/System.out( 3436): 19
01-08 11:50:46.067 D/dalvikvm(  730): GC_CONCURRENT freed 419K, 6% free 10390K/10964K, paused 3ms+7ms, total 72ms
01-08 11:50:46.658 I/System.out( 3436): 19
01-08 11:50:47.648 I/System.out( 3436): 19
01-08 11:50:48.629 I/System.out( 3436): 20
01-08 11:50:49.650 I/System.out( 3436): 23
01-08 11:50:50.641 I/System.out( 3436): 23
01-08 11:50:50.792 D/dalvikvm(  730): GC_CONCURRENT freed 437K, 6% free 10400K/10964K, paused 7ms+4ms, total 64ms
01-08 11:50:51.642 I/System.out( 3436): 23
01-08 11:50:51.672 D/dalvikvm( 3436): GC_CONCURRENT freed 404K, 5% free 9075K/9524K, paused 2ms+7ms, total 41ms
01-08 11:50:52.643 I/System.out( 3436): 23
01-08 11:50:53.644 I/System.out( 3436): 23
01-08 11:50:54.645 I/System.out( 3436): 23
01-08 11:50:54.775 D/dalvikvm(  730): GC_CONCURRENT freed 428K, 6% free 10398K/10964K, paused 3ms+3ms, total 39ms
01-08 11:50:55.656 I/System.out( 3436): 23
01-08 11:50:56.647 I/System.out( 3436): 19
01-08 11:50:57.638 I/System.out( 3436): 19
01-08 11:50:58.649 I/System.out( 3436): 19
01-08 11:50:59.660 I/System.out( 3436): 19
01-08 11:50:59.740 D/dalvikvm(  730): GC_CONCURRENT freed 434K, 6% free 10391K/10964K, paused 7ms+4ms, total 46ms
01-08 11:51:00.661 I/System.out( 3436): 20
01-08 11:51:01.122 D/dalvikvm(  519): GC_CONCURRENT freed 1893K, 13% free 16862K/19172K, paused 9ms+8ms, total 130ms
01-08 11:51:01.652 I/System.out( 3436): 20
01-08 11:51:02.643 I/System.out( 3436): 20
01-08 11:51:03.654 I/System.out( 3436): 20
01-08 11:51:04.545 D/dalvikvm(  730): GC_CONCURRENT freed 429K, 6% free 10394K/10964K, paused 7ms+4ms, total 53ms
01-08 11:51:04.645 I/System.out( 3436): 20
01-08 11:51:05.656 I/System.out( 3436): 20
01-08 11:51:06.647 I/System.out( 3436): 24
01-08 11:51:07.658 I/System.out( 3436): 24
01-08 11:51:08.699 I/System.out( 3436): 24
01-08 11:51:08.779 D/dalvikvm(  730): GC_CONCURRENT freed 423K, 6% free 10398K/10964K, paused 3ms+4ms, total 41ms
01-08 11:51:09.660 I/System.out( 3436): 24
01-08 11:51:10.671 I/System.out( 3436): 24
01-08 11:51:11.662 I/System.out( 3436): 24
01-08 11:51:11.672 D/dalvikvm( 3436): GC_CONCURRENT freed 401K, 5% free 9076K/9524K, paused 3ms+2ms, total 21ms
01-08 11:51:12.663 I/System.out( 3436): 20
01-08 11:51:12.943 D/dalvikvm(  730): GC_CONCURRENT freed 419K, 6% free 10401K/10964K, paused 3ms+4ms, total 39ms
01-08 11:51:13.654 I/System.out( 3436): 21
01-08 11:51:14.665 I/System.out( 3436): 21
01-08 11:51:15.666 I/System.out( 3436): 21
01-08 11:51:16.657 I/System.out( 3436): 21
01-08 11:51:17.668 I/System.out( 3436): 20
01-08 11:51:17.868 D/dalvikvm(  730): GC_CONCURRENT freed 439K, 6% free 10411K/10964K, paused 5ms+4ms, total 50ms
01-08 11:51:18.659 D/dalvikvm(  519): GC_CONCURRENT freed 1891K, 13% free 16850K/19172K, paused 10ms+7ms, total 96ms
01-08 11:51:18.659 I/System.out( 3436): 20
01-08 11:51:19.670 I/System.out( 3436): 19
01-08 11:51:20.671 I/System.out( 3436): 19
01-08 11:51:21.662 I/System.out( 3436): 19
01-08 11:51:22.673 I/System.out( 3436): 23
01-08 11:51:22.733 D/dalvikvm(  730): GC_CONCURRENT freed 440K, 6% free 10409K/10964K, paused 3ms+4ms, total 41ms
01-08 11:51:23.684 I/System.out( 3436): 23
01-08 11:51:24.705 I/System.out( 3436): 23
01-08 11:51:25.676 I/System.out( 3436): 23
01-08 11:51:26.677 I/System.out( 3436): 23
01-08 11:51:26.927 D/dalvikvm(  730): GC_CONCURRENT freed 426K, 6% free 10410K/10964K, paused 3ms+4ms, total 40ms
01-08 11:51:27.668 I/System.out( 3436): 22
01-08 11:51:28.679 I/System.out( 3436): 22
01-08 11:51:29.669 I/System.out( 3436): 23
01-08 11:51:30.680 I/System.out( 3436): 23
01-08 11:51:30.961 D/dalvikvm(  730): GC_CONCURRENT freed 417K, 6% free 10410K/10964K, paused 2ms+3ms, total 36ms
01-08 11:51:31.671 I/System.out( 3436): 20
01-08 11:51:31.681 D/dalvikvm( 3436): GC_CONCURRENT freed 399K, 5% free 9075K/9524K, paused 1ms+2ms, total 19ms
01-08 11:51:32.672 I/System.out( 3436): 20
01-08 11:51:33.673 I/System.out( 3436): 20
01-08 11:51:34.684 I/System.out( 3436): 20
01-08 11:51:35.645 D/dalvikvm(  730): GC_CONCURRENT freed 426K, 6% free 10410K/10964K, paused 2ms+3ms, total 39ms
01-08 11:51:35.675 I/System.out( 3436): 19
01-08 11:51:36.296 D/dalvikvm(  519): GC_CONCURRENT freed 1903K, 12% free 16874K/19172K, paused 9ms+7ms, total 147ms
01-08 11:51:36.686 I/System.out( 3436): 22
01-08 11:51:37.687 I/System.out( 3436): 22
01-08 11:51:38.688 I/System.out( 3436): 22
01-08 11:51:39.679 I/System.out( 3436): 23
01-08 11:51:40.300 D/dalvikvm(  730): GC_CONCURRENT freed 462K, 6% free 10429K/11004K, paused 6ms+5ms, total 63ms
01-08 11:51:40.690 I/System.out( 3436): 23
01-08 11:51:41.681 I/System.out( 3436): 23
01-08 11:51:42.692 I/System.out( 3436): 23
01-08 11:51:43.683 I/System.out( 3436): 23
01-08 11:51:44.314 D/dalvikvm(  730): GC_CONCURRENT freed 438K, 6% free 10418K/11004K, paused 5ms+4ms, total 39ms
01-08 11:51:44.684 I/System.out( 3436): 23
01-08 11:51:45.685 I/System.out( 3436): 23
01-08 11:51:46.696 I/System.out( 3436): 23
01-08 11:51:47.687 I/System.out( 3436): 19
01-08 11:51:48.698 I/System.out( 3436): 18
01-08 11:51:48.868 D/dalvikvm(  730): GC_CONCURRENT freed 440K, 6% free 10425K/11004K, paused 8ms+4ms, total 78ms
01-08 11:51:49.689 I/System.out( 3436): 20
01-08 11:51:50.700 I/System.out( 3436): 20
01-08 11:51:51.691 I/System.out( 3436): 20
01-08 11:51:51.711 D/dalvikvm( 3436): GC_CONCURRENT freed 397K, 5% free 9075K/9524K, paused 1ms+4ms, total 21ms
01-08 11:51:52.692 I/System.out( 3436): 20
01-08 11:51:53.623 D/dalvikvm(  519): GC_CONCURRENT freed 1913K, 12% free 16883K/19172K, paused 8ms+7ms, total 116ms
01-08 11:51:53.643 D/dalvikvm(  730): GC_CONCURRENT freed 433K, 6% free 10415K/11004K, paused 3ms+3ms, total 31ms
01-08 11:51:53.683 I/System.out( 3436): 18
01-08 11:51:54.694 I/System.out( 3436): 19
01-08 11:51:55.695 I/System.out( 3436): 19
01-08 11:51:56.696 I/System.out( 3436): 19
01-08 11:51:57.707 I/System.out( 3436): 19
01-08 11:51:58.688 I/System.out( 3436): 19
01-08 11:51:59.178 D/dalvikvm(  730): GC_CONCURRENT freed 460K, 6% free 10423K/11000K, paused 7ms+4ms, total 50ms
01-08 11:51:59.699 I/System.out( 3436): 19
01-08 11:52:00.700 I/System.out( 3436): 19
01-08 11:52:01.701 I/System.out( 3436): 19
01-08 11:52:02.692 I/System.out( 3436): 19
01-08 11:52:03.703 I/System.out( 3436): 19
01-08 11:52:04.704 I/System.out( 3436): 19
01-08 11:52:04.764 D/dalvikvm(  730): GC_CONCURRENT freed 474K, 6% free 10419K/11004K, paused 26ms+4ms, total 82ms
01-08 11:52:05.705 I/System.out( 3436): 19
01-08 11:52:06.696 I/System.out( 3436): 19
01-08 11:52:07.707 I/System.out( 3436): 19
01-08 11:52:08.708 I/System.out( 3436): 19
01-08 11:52:09.709 I/System.out( 3436): 19
01-08 11:52:09.909 D/dalvikvm(  730): GC_CONCURRENT freed 471K, 6% free 10418K/11004K, paused 10ms+5ms, total 66ms
01-08 11:52:10.710 I/System.out( 3436): 24
01-08 11:52:11.720 I/System.out( 3436): 24
01-08 11:52:12.711 I/System.out( 3436): 24
01-08 11:52:12.741 D/dalvikvm(  519): GC_CONCURRENT freed 1965K, 13% free 16864K/19172K, paused 16ms+23ms, total 150ms
01-08 11:52:12.752 D/dalvikvm( 3436): GC_CONCURRENT freed 391K, 5% free 9074K/9524K, paused 1ms+2ms, total 43ms
01-08 11:52:13.712 I/System.out( 3436): 24
01-08 11:52:14.103 D/dalvikvm(  730): GC_CONCURRENT freed 444K, 6% free 10420K/11004K, paused 6ms+4ms, total 46ms
01-08 11:52:14.713 I/System.out( 3436): 24
01-08 11:52:15.714 I/System.out( 3436): 24
01-08 11:52:16.715 I/System.out( 3436): 24
01-08 11:52:17.716 I/System.out( 3436): 24
01-08 11:52:18.287 D/dalvikvm(  730): GC_CONCURRENT freed 445K, 6% free 10418K/11004K, paused 2ms+4ms, total 42ms
01-08 11:52:18.717 I/System.out( 3436): 24
01-08 11:52:19.718 I/System.out( 3436): 23
01-08 11:52:20.729 I/System.out( 3436): 23
01-08 11:52:21.740 I/System.out( 3436): 22
01-08 11:52:22.531 D/dalvikvm(  730): GC_CONCURRENT freed 429K, 6% free 10414K/11004K, paused 9ms+4ms, total 43ms
01-08 11:52:22.721 I/System.out( 3436): 21
01-08 11:52:23.712 I/System.out( 3436): 20
01-08 11:52:24.713 I/System.out( 3436): 20
01-08 11:52:25.724 I/System.out( 3436): 20
01-08 11:52:26.715 I/System.out( 3436): 20
01-08 11:52:27.356 D/dalvikvm(  730): GC_CONCURRENT freed 433K, 6% free 10413K/11004K, paused 3ms+4ms, total 38ms
01-08 11:52:27.726 I/System.out( 3436): 20
01-08 11:52:28.717 I/System.out( 3436): 20
01-08 11:52:29.738 I/System.out( 3436): 24
01-08 11:52:30.199 D/dalvikvm(  519): GC_CONCURRENT freed 1930K, 13% free 16868K/19172K, paused 24ms+8ms, total 129ms
01-08 11:52:30.739 I/System.out( 3436): 23
01-08 11:52:31.440 D/dalvikvm(  730): GC_CONCURRENT freed 418K, 6% free 10410K/11004K, paused 3ms+4ms, total 45ms
01-08 11:52:31.750 I/System.out( 3436): 23
01-08 11:52:31.790 D/dalvikvm( 3436): GC_CONCURRENT freed 383K, 5% free 9084K/9524K, paused 6ms+2ms, total 54ms
01-08 11:52:32.731 I/System.out( 3436): 23
01-08 11:52:33.732 I/System.out( 3436): 24
01-08 11:52:34.723 I/System.out( 3436): 21
01-08 11:52:35.384 D/dalvikvm(  730): GC_CONCURRENT freed 420K, 6% free 10417K/11004K, paused 3ms+4ms, total 42ms
01-08 11:52:35.734 I/System.out( 3436): 23
01-08 11:52:36.735 I/System.out( 3436): 23
01-08 11:52:37.736 I/System.out( 3436): 24
01-08 11:52:38.737 I/System.out( 3436): 24
01-08 11:52:39.598 D/dalvikvm(  730): GC_CONCURRENT freed 430K, 6% free 10426K/11004K, paused 3ms+4ms, total 41ms
01-08 11:52:39.728 I/System.out( 3436): 24
01-08 11:52:40.739 I/System.out( 3436): 24
01-08 11:52:41.730 I/System.out( 3436): 23
01-08 11:52:42.741 I/System.out( 3436): 23
01-08 11:52:43.582 D/dalvikvm(  730): GC_CONCURRENT freed 428K, 6% free 10428K/11004K, paused 2ms+4ms, total 44ms
01-08 11:52:43.722 I/System.out( 3436): 23
01-08 11:52:44.733 I/System.out( 3436): 23
01-08 11:52:45.724 I/System.out( 3436): 23
01-08 11:52:46.214 D/dalvikvm(  519): GC_CONCURRENT freed 1917K, 12% free 16875K/19172K, paused 8ms+7ms, total 123ms
01-08 11:52:46.735 I/System.out( 3436): 21
01-08 11:52:47.726 I/System.out( 3436): 19
01-08 11:52:48.366 D/dalvikvm(  730): GC_CONCURRENT freed 455K, 6% free 10442K/11008K, paused 6ms+5ms, total 91ms
01-08 11:52:48.737 I/System.out( 3436): 22
01-08 11:52:49.728 I/System.out( 3436): 23
01-08 11:52:50.749 I/System.out( 3436): 23
01-08 11:52:50.799 D/dalvikvm( 3436): GC_CONCURRENT freed 400K, 5% free 9085K/9524K, paused 5ms+2ms, total 66ms
01-08 11:52:51.740 I/System.out( 3436): 23
01-08 11:52:52.751 I/System.out( 3436): 23
01-08 11:52:53.021 D/dalvikvm(  730): GC_CONCURRENT freed 488K, 6% free 10448K/11048K, paused 9ms+5ms, total 105ms
01-08 11:52:53.731 I/System.out( 3436): 20
01-08 11:52:54.742 I/System.out( 3436): 20
01-08 11:52:55.733 I/System.out( 3436): 19
01-08 11:52:56.744 I/System.out( 3436): 19
01-08 11:52:57.745 I/System.out( 3436): 19
01-08 11:52:57.856 D/dalvikvm(  730): GC_CONCURRENT freed 451K, 6% free 10424K/11048K, paused 1ms+4ms, total 32ms
01-08 11:52:58.736 I/System.out( 3436): 20
01-08 11:52:59.747 I/System.out( 3436): 20
01-08 11:53:00.748 I/System.out( 3436): 20
01-08 11:53:01.749 I/System.out( 3436): 20
01-08 11:53:02.580 D/dalvikvm(  730): GC_CONCURRENT freed 438K, 6% free 10428K/11048K, paused 3ms+4ms, total 45ms
01-08 11:53:02.750 I/System.out( 3436): 23
01-08 11:53:03.751 I/System.out( 3436): 23
01-08 11:53:03.951 D/dalvikvm(  519): GC_CONCURRENT freed 1937K, 13% free 16871K/19172K, paused 16ms+8ms, total 146ms
01-08 11:53:04.742 I/System.out( 3436): 23
01-08 11:53:05.753 I/System.out( 3436): 23
01-08 11:53:06.674 D/dalvikvm(  730): GC_CONCURRENT freed 428K, 6% free 10427K/11048K, paused 2ms+4ms, total 43ms
01-08 11:53:06.744 I/System.out( 3436): 23
01-08 11:53:07.755 I/System.out( 3436): 23
01-08 11:53:08.756 I/System.out( 3436): 24
01-08 11:53:09.757 I/System.out( 3436): 21
01-08 11:53:10.808 I/System.out( 3436): 22
01-08 11:53:10.858 D/dalvikvm( 3436): GC_CONCURRENT freed 400K, 5% free 9084K/9524K, paused 10ms+2ms, total 102ms
01-08 11:53:10.908 D/dalvikvm(  730): GC_CONCURRENT freed 420K, 6% free 10431K/11048K, paused 2ms+4ms, total 37ms
01-08 11:53:11.759 I/System.out( 3436): 24
01-08 11:53:12.760 I/System.out( 3436): 24
01-08 11:53:13.761 I/System.out( 3436): 24
01-08 11:53:14.752 I/System.out( 3436): 24
01-08 11:53:15.012 D/dalvikvm(  730): GC_CONCURRENT freed 432K, 6% free 10444K/11048K, paused 3ms+4ms, total 40ms
01-08 11:53:15.753 I/System.out( 3436): 24
01-08 11:53:16.764 I/System.out( 3436): 20
01-08 11:53:17.765 I/System.out( 3436): 22
01-08 11:53:18.766 I/System.out( 3436): 22
01-08 11:53:19.767 I/System.out( 3436): 22
01-08 11:53:19.867 D/dalvikvm(  730): GC_CONCURRENT freed 460K, 6% free 10454K/11048K, paused 3ms+5ms, total 48ms
01-08 11:53:20.548 D/dalvikvm(  519): GC_CONCURRENT freed 1900K, 13% free 16870K/19172K, paused 9ms+7ms, total 115ms
01-08 11:53:20.758 I/System.out( 3436): 22
01-08 11:53:21.759 I/System.out( 3436): 22
01-08 11:53:22.770 I/System.out( 3436): 21
01-08 11:53:23.771 I/System.out( 3436): 20
01-08 11:53:24.612 D/dalvikvm(  730): GC_CONCURRENT freed 461K, 6% free 10434K/11048K, paused 3ms+4ms, total 38ms
01-08 11:53:24.752 I/System.out( 3436): 18
01-08 11:53:25.753 I/System.out( 3436): 19
01-08 11:53:26.754 I/System.out( 3436): 19
01-08 11:53:27.765 I/System.out( 3436): 20
01-08 11:53:28.766 I/System.out( 3436): 22
01-08 11:53:29.266 D/dalvikvm(  730): GC_CONCURRENT freed 444K, 6% free 10429K/11048K, paused 8ms+3ms, total 47ms
01-08 11:53:29.777 I/System.out( 3436): 23
01-08 11:53:30.768 I/System.out( 3436): 23
01-08 11:53:30.788 D/dalvikvm( 3436): GC_CONCURRENT freed 412K, 5% free 9077K/9528K, paused 1ms+2ms, total 23ms
01-08 11:53:31.779 I/System.out( 3436): 23
01-08 11:53:32.770 I/System.out( 3436): 23
01-08 11:53:33.360 D/dalvikvm(  730): GC_CONCURRENT freed 427K, 6% free 10429K/11048K, paused 2ms+4ms, total 35ms
01-08 11:53:33.781 I/System.out( 3436): 23
01-08 11:53:34.762 I/System.out( 3436): 23
01-08 11:53:35.772 I/System.out( 3436): 23
01-08 11:53:36.783 I/System.out( 3436): 24
01-08 11:53:37.584 D/dalvikvm(  730): GC_CONCURRENT freed 424K, 6% free 10429K/11048K, paused 3ms+4ms, total 36ms
01-08 11:53:37.774 I/System.out( 3436): 22
01-08 11:53:38.345 D/dalvikvm(  519): GC_CONCURRENT freed 1943K, 12% free 16875K/19172K, paused 8ms+8ms, total 125ms
01-08 11:53:38.785 I/System.out( 3436): 22
01-08 11:53:39.776 I/System.out( 3436): 22
01-08 11:53:40.787 I/System.out( 3436): 22
01-08 11:53:41.778 I/System.out( 3436): 24
01-08 11:53:42.479 D/dalvikvm(  730): GC_CONCURRENT freed 462K, 6% free 10449K/11048K, paused 6ms+4ms, total 80ms
01-08 11:53:42.789 I/System.out( 3436): 24
01-08 11:53:43.780 I/System.out( 3436): 24
01-08 11:53:44.791 I/System.out( 3436): 24
01-08 11:53:45.792 I/System.out( 3436): 24
01-08 11:53:46.633 D/dalvikvm(  730): GC_CONCURRENT freed 451K, 6% free 10441K/11048K, paused 6ms+4ms, total 44ms
01-08 11:53:46.773 I/System.out( 3436): 24
01-08 11:53:47.784 I/System.out( 3436): 24
01-08 11:53:48.775 I/System.out( 3436): 24
01-08 11:53:49.806 I/System.out( 3436): 24
01-08 11:53:49.846 D/dalvikvm( 3436): GC_CONCURRENT freed 399K, 5% free 9087K/9524K, paused 5ms+2ms, total 63ms
01-08 11:53:50.787 I/System.out( 3436): 24
01-08 11:53:50.877 D/dalvikvm(  730): GC_CONCURRENT freed 443K, 6% free 10443K/11048K, paused 3ms+4ms, total 41ms
01-08 11:53:51.788 I/System.out( 3436): 24
01-08 11:53:52.799 I/System.out( 3436): 22
01-08 11:53:53.790 I/System.out( 3436): 23
01-08 11:53:54.801 I/System.out( 3436): 23
01-08 11:53:55.031 D/dalvikvm(  519): GC_CONCURRENT freed 1937K, 12% free 16874K/19172K, paused 18ms+7ms, total 139ms
01-08 11:53:55.101 D/dalvikvm(  730): GC_CONCURRENT freed 432K, 6% free 10438K/11048K, paused 2ms+5ms, total 40ms
01-08 11:53:55.792 I/System.out( 3436): 23
01-08 11:53:56.793 I/System.out( 3436): 24
01-08 11:53:57.794 I/System.out( 3436): 24
01-08 11:53:58.805 I/System.out( 3436): 23
01-08 11:53:59.255 D/dalvikvm(  730): GC_CONCURRENT freed 432K, 6% free 10442K/11048K, paused 3ms+4ms, total 39ms
01-08 11:53:59.796 I/System.out( 3436): 23
01-08 11:54:00.787 I/System.out( 3436): 23
01-08 11:54:01.798 I/System.out( 3436): 23
01-08 11:54:02.789 I/System.out( 3436): 22
01-08 11:54:03.800 I/System.out( 3436): 22
01-08 11:54:04.080 D/dalvikvm(  730): GC_CONCURRENT freed 467K, 6% free 10461K/11048K, paused 6ms+4ms, total 86ms
01-08 11:54:04.791 I/System.out( 3436): 22
01-08 11:54:05.792 I/System.out( 3436): 20
01-08 11:54:06.793 I/System.out( 3436): 20
01-08 11:54:07.794 I/System.out( 3436): 20
01-08 11:54:08.635 D/dalvikvm(  730): GC_CONCURRENT freed 452K, 6% free 10442K/11048K, paused 8ms+3ms, total 41ms
01-08 11:54:08.805 I/System.out( 3436): 18
01-08 11:54:08.825 D/dalvikvm( 3436): GC_CONCURRENT freed 398K, 5% free 9082K/9524K, paused 2ms+4ms, total 32ms
01-08 11:54:09.796 I/System.out( 3436): 18
01-08 11:54:10.797 I/System.out( 3436): 20
01-08 11:54:11.798 I/System.out( 3436): 20
01-08 11:54:12.198 D/dalvikvm(  519): GC_CONCURRENT freed 1900K, 13% free 16860K/19172K, paused 27ms+8ms, total 106ms
01-08 11:54:12.799 I/System.out( 3436): 20
01-08 11:54:13.549 D/dalvikvm(  730): GC_CONCURRENT freed 434K, 6% free 10445K/11048K, paused 4ms+4ms, total 55ms
01-08 11:54:13.810 I/System.out( 3436): 24
01-08 11:54:14.851 I/System.out( 3436): 24
01-08 11:54:15.802 I/System.out( 3436): 23
01-08 11:54:16.803 I/System.out( 3436): 23
01-08 11:54:17.713 D/dalvikvm(  730): GC_CONCURRENT freed 433K, 6% free 10445K/11048K, paused 3ms+3ms, total 37ms
01-08 11:54:17.793 I/System.out( 3436): 23
01-08 11:54:18.804 I/System.out( 3436): 23
01-08 11:54:19.795 I/System.out( 3436): 23
01-08 11:54:20.806 I/System.out( 3436): 23
01-08 11:54:21.807 I/System.out( 3436): 20
01-08 11:54:22.578 D/dalvikvm(  730): GC_CONCURRENT freed 460K, 6% free 10451K/11048K, paused 7ms+4ms, total 58ms
01-08 11:54:22.808 I/System.out( 3436): 20
01-08 11:54:23.809 I/System.out( 3436): 20
01-08 11:54:24.810 I/System.out( 3436): 20
01-08 11:54:25.811 I/System.out( 3436): 19
01-08 11:54:26.802 I/System.out( 3436): 19
01-08 11:54:27.803 I/System.out( 3436): 19
01-08 11:54:28.144 D/dalvikvm(  730): GC_CONCURRENT freed 483K, 6% free 10449K/11044K, paused 7ms+4ms, total 76ms
01-08 11:54:28.804 I/System.out( 3436): 20
01-08 11:54:28.824 D/dalvikvm( 3436): GC_CONCURRENT freed 400K, 5% free 9075K/9524K, paused 3ms+3ms, total 22ms
01-08 11:54:29.815 I/System.out( 3436): 20
01-08 11:54:30.126 D/dalvikvm(  519): GC_CONCURRENT freed 1909K, 13% free 16870K/19172K, paused 25ms+7ms, total 132ms
01-08 11:54:30.806 I/System.out( 3436): 20
01-08 11:54:31.817 I/System.out( 3436): 20
01-08 11:54:32.828 I/System.out( 3436): 23
01-08 11:54:32.908 D/dalvikvm(  730): GC_CONCURRENT freed 457K, 6% free 10434K/11044K, paused 2ms+4ms, total 39ms
01-08 11:54:33.819 I/System.out( 3436): 22
01-08 11:54:34.820 I/System.out( 3436): 23
01-08 11:54:35.821 I/System.out( 3436): 23
01-08 11:54:36.812 I/System.out( 3436): 23
01-08 11:54:37.082 D/dalvikvm(  730): GC_CONCURRENT freed 427K, 6% free 10431K/11044K, paused 3ms+4ms, total 35ms
01-08 11:54:37.813 I/System.out( 3436): 23
01-08 11:54:38.814 I/System.out( 3436): 20
01-08 11:54:39.815 I/System.out( 3436): 20
01-08 11:54:40.806 I/System.out( 3436): 20
01-08 11:54:41.817 I/System.out( 3436): 20
01-08 11:54:42.027 D/dalvikvm(  730): GC_CONCURRENT freed 442K, 6% free 10430K/11044K, paused 2ms+4ms, total 49ms
01-08 11:54:42.808 I/System.out( 3436): 20
01-08 11:54:43.819 I/System.out( 3436): 19
01-08 11:54:44.830 I/System.out( 3436): 19
01-08 11:54:45.831 I/System.out( 3436): 19
01-08 11:54:46.812 I/System.out( 3436): 20
01-08 11:54:47.342 D/dalvikvm(  730): GC_CONCURRENT freed 475K, 6% free 10434K/11044K, paused 2ms+9ms, total 70ms
01-08 11:54:47.823 I/System.out( 3436): 20
01-08 11:54:48.714 D/dalvikvm(  519): GC_CONCURRENT freed 1926K, 12% free 16885K/19172K, paused 8ms+8ms, total 130ms
01-08 11:54:48.814 I/System.out( 3436): 20
01-08 11:54:48.834 D/dalvikvm( 3436): GC_CONCURRENT freed 388K, 5% free 9074K/9524K, paused 2ms+2ms, total 18ms
01-08 11:54:49.825 I/System.out( 3436): 20
01-08 11:54:50.816 I/System.out( 3436): 23
01-08 11:54:51.827 I/System.out( 3436): 23
01-08 11:54:52.157 D/dalvikvm(  730): GC_CONCURRENT freed 471K, 6% free 10432K/11044K, paused 6ms+5ms, total 77ms
01-08 11:54:52.818 I/System.out( 3436): 23
01-08 11:54:53.829 I/System.out( 3436): 23
01-08 11:54:54.820 I/System.out( 3436): 24
01-08 11:54:55.831 I/System.out( 3436): 22
01-08 11:54:56.832 I/System.out( 3436): 20
01-08 11:54:56.932 D/dalvikvm(  730): GC_CONCURRENT freed 477K, 6% free 10436K/11044K, paused 6ms+4ms, total 61ms
01-08 11:54:57.823 I/System.out( 3436): 20
01-08 11:54:58.834 I/System.out( 3436): 20
01-08 11:54:59.825 I/System.out( 3436): 20
01-08 11:55:00.835 I/System.out( 3436): 21
01-08 11:55:01.836 I/System.out( 3436): 20
01-08 11:55:01.887 D/dalvikvm(  730): GC_CONCURRENT freed 463K, 6% free 10413K/11044K, paused 3ms+4ms, total 38ms
01-08 11:55:02.847 I/System.out( 3436): 20
01-08 11:55:03.848 I/System.out( 3436): 21
01-08 11:55:04.839 I/System.out( 3436): 21
01-08 11:55:05.870 I/System.out( 3436): 22
01-08 11:55:05.970 D/dalvikvm(  519): GC_CONCURRENT freed 1906K, 12% free 16875K/19172K, paused 10ms+8ms, total 130ms
01-08 11:55:06.571 D/dalvikvm(  730): GC_CONCURRENT freed 455K, 6% free 10418K/11044K, paused 6ms+4ms, total 59ms
01-08 11:55:06.831 I/System.out( 3436): 22
01-08 11:55:07.832 I/System.out( 3436): 23
01-08 11:55:08.853 I/System.out( 3436): 23
01-08 11:55:08.903 D/dalvikvm( 3436): GC_CONCURRENT freed 390K, 5% free 9085K/9524K, paused 7ms+11ms, total 75ms
01-08 11:55:09.834 I/System.out( 3436): 23
01-08 11:55:10.445 D/dalvikvm(  730): GC_CONCURRENT freed 430K, 6% free 10409K/11044K, paused 2ms+3ms, total 39ms
01-08 11:55:10.845 I/System.out( 3436): 23
01-08 11:55:11.836 I/System.out( 3436): 24
01-08 11:55:12.847 I/System.out( 3436): 24
01-08 11:55:13.838 I/System.out( 3436): 20
01-08 11:55:14.849 I/System.out( 3436): 20
01-08 11:55:15.159 D/dalvikvm(  730): GC_CONCURRENT freed 451K, 6% free 10425K/11044K, paused 5ms+5ms, total 82ms
01-08 11:55:15.840 I/System.out( 3436): 21
01-08 11:55:16.861 I/System.out( 3436): 20
01-08 11:55:17.832 I/System.out( 3436): 20
01-08 11:55:18.843 I/System.out( 3436): 20
01-08 11:55:19.784 D/dalvikvm(  730): GC_CONCURRENT freed 449K, 6% free 10418K/11044K, paused 7ms+4ms, total 53ms
01-08 11:55:19.844 I/System.out( 3436): 21
01-08 11:55:20.855 I/System.out( 3436): 23
01-08 11:55:21.846 I/System.out( 3436): 23
01-08 11:55:22.557 D/dalvikvm(  519): GC_CONCURRENT freed 1889K, 12% free 16872K/19172K, paused 9ms+7ms, total 112ms
01-08 11:55:22.857 I/System.out( 3436): 23
01-08 11:55:23.858 I/System.out( 3436): 23
01-08 11:55:23.918 D/dalvikvm(  730): GC_CONCURRENT freed 430K, 6% free 10415K/11044K, paused 3ms+3ms, total 40ms
01-08 11:55:24.859 I/System.out( 3436): 23
01-08 11:55:25.850 I/System.out( 3436): 23
01-08 11:55:26.861 I/System.out( 3436): 23
01-08 11:55:27.902 I/System.out( 3436): 23
01-08 11:55:27.942 D/dalvikvm( 3436): GC_CONCURRENT freed 392K, 5% free 9083K/9524K, paused 5ms+2ms, total 58ms
01-08 11:55:27.992 D/dalvikvm(  730): GC_CONCURRENT freed 424K, 6% free 10418K/11044K, paused 3ms+4ms, total 29ms
01-08 11:55:28.853 I/System.out( 3436): 23
01-08 11:55:29.854 I/System.out( 3436): 23
01-08 11:55:30.855 I/System.out( 3436): 23
01-08 11:55:31.866 I/System.out( 3436): 23
01-08 11:55:32.176 D/dalvikvm(  730): GC_CONCURRENT freed 422K, 6% free 10423K/11044K, paused 3ms+4ms, total 38ms
01-08 11:55:32.857 I/System.out( 3436): 23
01-08 11:55:33.868 I/System.out( 3436): 23
01-08 11:55:34.869 I/System.out( 3436): 23
01-08 11:55:35.870 I/System.out( 3436): 23
01-08 11:55:36.360 D/dalvikvm(  730): GC_CONCURRENT freed 422K, 6% free 10427K/11044K, paused 3ms+3ms, total 38ms
01-08 11:55:36.871 I/System.out( 3436): 23
01-08 11:55:37.852 I/System.out( 3436): 23
01-08 11:55:38.863 I/System.out( 3436): 23
01-08 11:55:39.223 D/dalvikvm(  519): GC_CONCURRENT freed 1910K, 12% free 16875K/19172K, paused 17ms+6ms, total 150ms
01-08 11:55:39.854 I/System.out( 3436): 23
01-08 11:55:40.464 D/dalvikvm(  730): GC_CONCURRENT freed 425K, 6% free 10429K/11044K, paused 3ms+4ms, total 37ms
01-08 11:55:40.865 I/System.out( 3436): 23
01-08 11:55:41.856 I/System.out( 3436): 21
01-08 11:55:42.866 I/System.out( 3436): 21
01-08 11:55:43.867 I/System.out( 3436): 19
01-08 11:55:44.878 I/System.out( 3436): 19
01-08 11:55:45.079 D/dalvikvm(  730): GC_CONCURRENT freed 437K, 6% free 10428K/11044K, paused 3ms+4ms, total 38ms
01-08 11:55:45.869 I/System.out( 3436): 19
01-08 11:55:46.890 I/System.out( 3436): 19
01-08 11:55:46.950 D/dalvikvm( 3436): GC_CONCURRENT freed 389K, 5% free 9081K/9520K, paused 5ms+6ms, total 70ms
01-08 11:55:47.861 I/System.out( 3436): 19
01-08 11:55:48.872 I/System.out( 3436): 19
01-08 11:55:49.863 I/System.out( 3436): 19
01-08 11:55:50.394 D/dalvikvm(  730): GC_CONCURRENT freed 463K, 6% free 10435K/11044K, paused 13ms+4ms, total 64ms
01-08 11:55:50.884 I/System.out( 3436): 19
01-08 11:55:51.865 I/System.out( 3436): 19
01-08 11:55:52.876 I/System.out( 3436): 19
01-08 11:55:53.877 I/System.out( 3436): 19
01-08 11:55:54.888 I/System.out( 3436): 17
01-08 11:55:55.889 I/System.out( 3436): 17
01-08 11:55:56.009 D/dalvikvm(  730): GC_CONCURRENT freed 464K, 6% free 10425K/11044K, paused 8ms+4ms, total 63ms
01-08 11:55:56.890 I/System.out( 3436): 17
01-08 11:55:57.891 I/System.out( 3436): 17
01-08 11:55:58.141 D/dalvikvm(  519): GC_CONCURRENT freed 1888K, 12% free 16879K/19172K, paused 15ms+8ms, total 111ms
01-08 11:55:58.882 I/System.out( 3436): 22
01-08 11:55:59.883 I/System.out( 3436): 24
01-08 11:56:00.864 D/dalvikvm(  730): GC_CONCURRENT freed 462K, 6% free 10424K/11044K, paused 3ms+4ms, total 48ms
01-08 11:56:00.874 I/System.out( 3436): 24
01-08 11:56:01.885 I/System.out( 3436): 24
01-08 11:56:02.876 I/System.out( 3436): 24
01-08 11:56:03.887 I/System.out( 3436): 24
01-08 11:56:04.888 I/System.out( 3436): 24
01-08 11:56:05.038 D/dalvikvm(  730): GC_CONCURRENT freed 434K, 6% free 10420K/11044K, paused 2ms+4ms, total 56ms
01-08 11:56:05.889 I/System.out( 3436): 19
01-08 11:56:06.900 I/System.out( 3436): 19
01-08 11:56:07.891 I/System.out( 3436): 22
01-08 11:56:07.911 D/dalvikvm( 3436): GC_CONCURRENT freed 406K, 5% free 9075K/9520K, paused 2ms+2ms, total 20ms
01-08 11:56:08.892 I/System.out( 3436): 22
01-08 11:56:09.763 D/dalvikvm(  730): GC_CONCURRENT freed 443K, 6% free 10424K/11044K, paused 7ms+4ms, total 59ms
01-08 11:56:09.883 I/System.out( 3436): 22
01-08 11:56:10.894 I/System.out( 3436): 22
01-08 11:56:11.885 I/System.out( 3436): 22
01-08 11:56:12.906 I/System.out( 3436): 22
01-08 11:56:13.897 I/System.out( 3436): 19
01-08 11:56:14.798 D/dalvikvm(  730): GC_CONCURRENT freed 456K, 6% free 10425K/11044K, paused 6ms+4ms, total 72ms
01-08 11:56:14.888 I/System.out( 3436): 22
01-08 11:56:15.538 D/dalvikvm(  519): GC_CONCURRENT freed 1936K, 12% free 16872K/19172K, paused 20ms+7ms, total 140ms
01-08 11:56:15.899 I/System.out( 3436): 23
01-08 11:56:16.890 I/System.out( 3436): 23
01-08 11:56:17.901 I/System.out( 3436): 23
01-08 11:56:18.812 D/dalvikvm(  730): GC_CONCURRENT freed 436K, 6% free 10417K/11044K, paused 3ms+4ms, total 40ms
01-08 11:56:18.882 I/System.out( 3436): 23
01-08 11:56:19.893 I/System.out( 3436): 23
01-08 11:56:20.894 I/System.out( 3436): 20
01-08 11:56:21.905 I/System.out( 3436): 23
01-08 11:56:22.896 I/System.out( 3436): 23
01-08 11:56:23.606 D/dalvikvm(  730): GC_CONCURRENT freed 464K, 6% free 10433K/11044K, paused 6ms+5ms, total 67ms
01-08 11:56:23.907 I/System.out( 3436): 23
01-08 11:56:24.908 I/System.out( 3436): 23
01-08 11:56:25.908 I/System.out( 3436): 22
01-08 11:56:26.939 I/System.out( 3436): 22
01-08 11:56:26.980 D/dalvikvm( 3436): GC_CONCURRENT freed 384K, 5% free 9083K/9520K, paused 5ms+2ms, total 50ms
01-08 11:56:27.920 I/System.out( 3436): 19
01-08 11:56:28.271 D/dalvikvm(  730): GC_CONCURRENT freed 464K, 6% free 10423K/11044K, paused 6ms+4ms, total 80ms
01-08 11:56:28.901 I/System.out( 3436): 19
01-08 11:56:29.912 I/System.out( 3436): 19
01-08 11:56:30.923 I/System.out( 3436): 19
01-08 11:56:31.914 I/System.out( 3436): 19
01-08 11:56:32.915 I/System.out( 3436): 19
01-08 11:56:33.065 D/dalvikvm(  519): GC_CONCURRENT freed 1913K, 12% free 16877K/19172K, paused 15ms+8ms, total 118ms
01-08 11:56:33.676 D/dalvikvm(  730): GC_CONCURRENT freed 469K, 6% free 10423K/11044K, paused 13ms+5ms, total 60ms
01-08 11:56:33.916 I/System.out( 3436): 19
01-08 11:56:34.927 I/System.out( 3436): 19
01-08 11:56:35.928 I/System.out( 3436): 19
01-08 11:56:36.939 I/System.out( 3436): 22
01-08 11:56:37.930 I/System.out( 3436): 22
01-08 11:56:38.401 D/dalvikvm(  730): GC_CONCURRENT freed 454K, 6% free 10418K/11044K, paused 6ms+4ms, total 53ms
01-08 11:56:38.931 I/System.out( 3436): 22
01-08 11:56:39.922 I/System.out( 3436): 22
01-08 11:56:40.933 I/System.out( 3436): 23
01-08 11:56:41.924 I/System.out( 3436): 23
01-08 11:56:42.505 D/dalvikvm(  730): GC_CONCURRENT freed 425K, 6% free 10413K/11044K, paused 3ms+4ms, total 32ms
01-08 11:56:42.935 I/System.out( 3436): 23
01-08 11:56:43.926 I/System.out( 3436): 23
01-08 11:56:44.937 I/System.out( 3436): 23
01-08 11:56:45.928 I/System.out( 3436): 22
01-08 11:56:46.408 D/dalvikvm(  730): GC_CONCURRENT freed 421K, 6% free 10413K/11044K, paused 3ms+4ms, total 36ms
01-08 11:56:46.969 I/System.out( 3436): 22
01-08 11:56:47.029 D/dalvikvm( 3436): GC_CONCURRENT freed 391K, 5% free 9083K/9520K, paused 11ms+2ms, total 68ms
01-08 11:56:47.940 I/System.out( 3436): 22
01-08 11:56:48.961 I/System.out( 3436): 22
01-08 11:56:49.692 D/dalvikvm(  519): GC_CONCURRENT freed 1882K, 12% free 16881K/19172K, paused 10ms+7ms, total 135ms
01-08 11:56:49.922 I/System.out( 3436): 21
01-08 11:56:50.933 I/System.out( 3436): 22
01-08 11:56:50.973 D/dalvikvm(  730): GC_CONCURRENT freed 450K, 6% free 10434K/11044K, paused 3ms+7ms, total 74ms
01-08 11:56:51.934 I/System.out( 3436): 22
01-08 11:56:52.925 I/System.out( 3436): 20
01-08 11:56:53.946 I/System.out( 3436): 20
01-08 11:56:54.937 I/System.out( 3436): 22
01-08 11:56:55.537 D/dalvikvm(  730): GC_CONCURRENT freed 462K, 6% free 10423K/11044K, paused 6ms+4ms, total 58ms
01-08 11:56:55.938 I/System.out( 3436): 21
01-08 11:56:56.939 I/System.out( 3436): 21
01-08 11:56:57.950 I/System.out( 3436): 24
01-08 11:56:58.971 I/System.out( 3436): 24
01-08 11:56:59.752 D/dalvikvm(  730): GC_CONCURRENT freed 428K, 6% free 10421K/11044K, paused 3ms+4ms, total 46ms
01-08 11:56:59.952 I/System.out( 3436): 24
01-08 11:57:00.953 I/System.out( 3436): 24
01-08 11:57:01.954 I/System.out( 3436): 24
01-08 11:57:02.955 I/System.out( 3436): 24
01-08 11:57:03.845 D/dalvikvm(  730): GC_CONCURRENT freed 435K, 6% free 10435K/11044K, paused 8ms+4ms, total 46ms
01-08 11:57:03.946 I/System.out( 3436): 25
01-08 11:57:04.957 I/System.out( 3436): 25
01-08 11:57:05.877 D/dalvikvm(  519): GC_CONCURRENT freed 1935K, 13% free 16866K/19172K, paused 14ms+7ms, total 137ms
01-08 11:57:05.948 I/System.out( 3436): 25
01-08 11:57:05.958 D/dalvikvm( 3436): GC_CONCURRENT freed 398K, 5% free 9086K/9524K, paused 1ms+2ms, total 15ms
01-08 11:57:06.959 I/System.out( 3436): 24
01-08 11:57:07.950 I/System.out( 3436): 20
01-08 11:57:07.980 D/dalvikvm(  730): GC_CONCURRENT freed 436K, 6% free 10437K/11044K, paused 3ms+4ms, total 49ms
01-08 11:57:08.960 I/System.out( 3436): 19
01-08 11:57:09.951 I/System.out( 3436): 19
01-08 11:57:10.942 I/System.out( 3436): 19
01-08 11:57:11.953 I/System.out( 3436): 19
01-08 11:57:12.944 I/System.out( 3436): 19
01-08 11:57:13.515 D/dalvikvm(  730): GC_CONCURRENT freed 466K, 6% free 10440K/11044K, paused 7ms+4ms, total 64ms
01-08 11:57:13.955 I/System.out( 3436): 19
01-08 11:57:14.946 I/System.out( 3436): 19
01-08 11:57:15.967 I/System.out( 3436): 19
01-08 11:57:16.958 I/System.out( 3436): 19
01-08 11:57:17.969 I/System.out( 3436): 23
01-08 11:57:18.470 D/dalvikvm(  730): GC_CONCURRENT freed 445K, 6% free 10431K/11044K, paused 2ms+4ms, total 38ms
01-08 11:57:18.970 I/System.out( 3436): 23
01-08 11:57:19.961 I/System.out( 3436): 23
01-08 11:57:20.962 I/System.out( 3436): 23
01-08 11:57:21.963 I/System.out( 3436): 24
01-08 11:57:22.774 D/dalvikvm(  730): GC_CONCURRENT freed 431K, 6% free 10436K/11044K, paused 3ms+4ms, total 43ms
01-08 11:57:22.954 I/System.out( 3436): 24
01-08 11:57:23.965 I/System.out( 3436): 24
01-08 11:57:24.205 D/dalvikvm(  519): GC_CONCURRENT freed 1901K, 12% free 16875K/19172K, paused 10ms+7ms, total 129ms
01-08 11:57:24.956 I/System.out( 3436): 23
01-08 11:57:25.977 I/System.out( 3436): 23
01-08 11:57:26.047 D/dalvikvm( 3436): GC_CONCURRENT freed 398K, 5% free 9084K/9520K, paused 6ms+7ms, total 81ms
01-08 11:57:26.958 I/System.out( 3436): 19
01-08 11:57:27.549 D/dalvikvm(  730): GC_CONCURRENT freed 463K, 6% free 10443K/11044K, paused 6ms+4ms, total 84ms
01-08 11:57:27.969 I/System.out( 3436): 18
01-08 11:57:28.960 I/System.out( 3436): 19
01-08 11:57:29.971 I/System.out( 3436): 19
01-08 11:57:30.952 I/System.out( 3436): 19
01-08 11:57:31.963 I/System.out( 3436): 19
01-08 11:57:32.854 D/dalvikvm(  730): GC_CONCURRENT freed 478K, 6% free 10435K/11044K, paused 6ms+4ms, total 60ms
01-08 11:57:32.954 I/System.out( 3436): 19
01-08 11:57:33.965 I/System.out( 3436): 19
01-08 11:57:34.956 I/System.out( 3436): 19
01-08 11:57:35.967 I/System.out( 3436): 19
01-08 11:57:36.968 I/System.out( 3436): 19
01-08 11:57:37.979 I/System.out( 3436): 19
01-08 11:57:38.369 D/dalvikvm(  730): GC_CONCURRENT freed 473K, 6% free 10431K/11044K, paused 14ms+5ms, total 68ms
01-08 11:57:38.980 I/System.out( 3436): 19
01-08 11:57:39.981 I/System.out( 3436): 19
01-08 11:57:40.982 I/System.out( 3436): 19
01-08 11:57:41.973 I/System.out( 3436): 19
01-08 11:57:42.333 D/dalvikvm(  519): GC_CONCURRENT freed 1911K, 12% free 16880K/19172K, paused 21ms+7ms, total 139ms
01-08 11:57:42.974 I/System.out( 3436): 19
01-08 11:57:43.674 D/dalvikvm(  730): GC_CONCURRENT freed 472K, 6% free 10428K/11044K, paused 7ms+4ms, total 79ms
01-08 11:57:43.975 I/System.out( 3436): 19
01-08 11:57:44.815 I/ActivityManager(  519): No longer want com.google.android.apps.currents (pid 916): empty for 1801s
01-08 11:57:44.876 I/EventLogService(  831): Aggregate from 1389180500264 (log), 1389180464759 (data)
01-08 11:57:44.896 W/ActivityManager(  519): Scheduling restart of crashed service com.google.android.apps.currents/com.google.apps.dots.android.dotslib.service.AudioPlayerService in 5000ms
01-08 11:57:44.936 I/ServiceDumpSys(  831): dumping service [account]
01-08 11:57:44.966 I/System.out( 3436): 19
01-08 11:57:45.977 I/System.out( 3436): 19
01-08 11:57:46.968 I/System.out( 3436): 19
01-08 11:57:47.989 I/System.out( 3436): 19
01-08 11:57:48.049 D/dalvikvm( 3436): GC_CONCURRENT freed 397K, 5% free 9081K/9520K, paused 6ms+5ms, total 72ms
01-08 11:57:49.000 I/System.out( 3436): 19
01-08 11:57:49.050 D/dalvikvm(  730): GC_CONCURRENT freed 479K, 6% free 10419K/11044K, paused 3ms+4ms, total 45ms
01-08 11:57:49.991 I/System.out( 3436): 19
01-08 11:57:51.002 I/System.out( 3436): 19
01-08 11:57:51.982 I/System.out( 3436): 20
01-08 11:57:52.983 I/System.out( 3436): 20
01-08 11:57:53.964 D/dalvikvm(  730): GC_CONCURRENT freed 446K, 6% free 10400K/11044K, paused 3ms+4ms, total 39ms
01-08 11:57:53.974 I/System.out( 3436): 20
01-08 11:57:54.985 I/System.out( 3436): 20
01-08 11:57:55.986 I/System.out( 3436): 20
01-08 11:57:56.987 I/System.out( 3436): 19
01-08 11:57:57.988 I/System.out( 3436): 22
01-08 11:57:58.609 D/dalvikvm(  730): GC_CONCURRENT freed 447K, 6% free 10404K/11044K, paused 10ms+4ms, total 55ms
01-08 11:57:58.999 I/System.out( 3436): 22
01-08 11:58:00.000 I/ActivityManager(  519): No longer want com.google.android.gsf.login (pid 969): empty #17
01-08 11:58:00.000 I/ActivityManager(  519): No longer want com.google.android.music:main (pid 1465): empty for 1808s
01-08 11:58:00.030 I/System.out( 3436): 22
01-08 11:58:00.100 W/ActivityManager(  519): Scheduling restart of crashed service com.google.android.music/.playback.MusicPlaybackService in 5000ms
01-08 11:58:00.120 D/dalvikvm(  519): GC_CONCURRENT freed 1917K, 13% free 16857K/19172K, paused 5ms+8ms, total 93ms
01-08 11:58:00.991 I/System.out( 3436): 22
01-08 11:58:02.002 I/System.out( 3436): 23
01-08 11:58:02.993 I/System.out( 3436): 20
01-08 11:58:03.454 D/dalvikvm(  730): GC_CONCURRENT freed 455K, 6% free 10419K/11044K, paused 6ms+4ms, total 83ms
01-08 11:58:03.994 I/System.out( 3436): 20
01-08 11:58:04.995 I/System.out( 3436): 20
01-08 11:58:05.145 I/ActivityManager(  519): Start proc com.google.android.music:main for service com.google.android.music/.playback.MusicPlaybackService: pid=3892 uid=10041 gids={50041, 3003, 1015, 1028}
01-08 11:58:05.185 I/MusicStore( 3892): Database version: 70
01-08 11:58:05.245 D/dalvikvm( 3892): GC_CONCURRENT freed 323K, 4% free 9053K/9412K, paused 2ms+1ms, total 23ms
01-08 11:58:05.245 D/dalvikvm( 3892): WAIT_FOR_CONCURRENT_GC blocked 6ms
01-08 11:58:05.325 D/SystemUtils( 3892): getSystemProperty: lpa.decode=null
01-08 11:58:05.335 D/CacheService( 3892): onCreate
01-08 11:58:05.335 D/CacheService( 3892): onBind
01-08 11:58:05.345 I/LocalDevicePlayback( 3892): Streaming client created.
01-08 11:58:05.986 I/System.out( 3436): 24
01-08 11:58:06.407 D/dalvikvm( 3892): GC_CONCURRENT freed 163K, 3% free 9310K/9544K, paused 4ms+5ms, total 39ms
01-08 11:58:06.457 I/MediaStoreImporter( 3892): Update: incremental Added music: 0 Updated music: 0 Deleted music: 0 Created playlists: 0 Updated playlists: 0 Deleted playlists: 0 Inserted playlist items: 0 Deleted playlist items: 0 Removed orphaned playlist items: 0
01-08 11:58:06.997 I/System.out( 3436): 23
01-08 11:58:07.828 D/dalvikvm(  730): GC_CONCURRENT freed 493K, 6% free 10411K/11044K, paused 4ms+5ms, total 84ms
01-08 11:58:07.988 I/System.out( 3436): 23
01-08 11:58:08.008 D/dalvikvm( 3436): GC_CONCURRENT freed 388K, 5% free 9083K/9520K, paused 1ms+1ms, total 15ms
01-08 11:58:08.999 I/System.out( 3436): 25
01-08 11:58:09.990 I/System.out( 3436): 25
01-08 11:58:10.390 I/MusicLeanback( 3892): Conditions not met for autocaching.
01-08 11:58:10.390 I/MusicLeanback( 3892): Stop autocaching.
01-08 11:58:11.001 I/System.out( 3436): 21
01-08 11:58:12.002 I/System.out( 3436): 21
01-08 11:58:12.122 D/dalvikvm(  730): GC_CONCURRENT freed 443K, 6% free 10401K/11044K, paused 3ms+4ms, total 40ms
01-08 11:58:12.993 I/System.out( 3436): 22
01-08 11:58:14.004 I/System.out( 3436): 25
01-08 11:58:14.995 I/System.out( 3436): 23
01-08 11:58:15.595 D/dalvikvm(  519): GC_CONCURRENT freed 1887K, 12% free 16873K/19172K, paused 3ms+8ms, total 88ms
01-08 11:58:16.006 I/System.out( 3436): 23
01-08 11:58:16.226 D/dalvikvm(  730): GC_CONCURRENT freed 427K, 6% free 10404K/11044K, paused 7ms+3ms, total 49ms
01-08 11:58:16.997 I/System.out( 3436): 23
01-08 11:58:18.008 I/System.out( 3436): 22
01-08 11:58:18.999 I/System.out( 3436): 22
01-08 11:58:20.010 I/System.out( 3436): 22
01-08 11:58:20.340 D/GCM     (  831): Ignoring attempt to send heartbeat on dead connection.
01-08 11:58:20.450 D/dalvikvm(  730): GC_CONCURRENT freed 414K, 6% free 10404K/11044K, paused 3ms+4ms, total 36ms
01-08 11:58:21.001 I/System.out( 3436): 20
01-08 11:58:22.002 I/System.out( 3436): 20
01-08 11:58:23.003 I/System.out( 3436): 20
01-08 11:58:24.004 I/System.out( 3436): 23
01-08 11:58:25.015 I/System.out( 3436): 21
01-08 11:58:25.205 D/dalvikvm(  730): GC_CONCURRENT freed 440K, 6% free 10421K/11044K, paused 6ms+4ms, total 60ms
01-08 11:58:26.006 I/System.out( 3436): 21
01-08 11:58:27.027 I/System.out( 3436): 22
01-08 11:58:27.087 D/dalvikvm( 3436): GC_CONCURRENT freed 392K, 5% free 9083K/9520K, paused 6ms+6ms, total 73ms
01-08 11:58:28.008 I/System.out( 3436): 23
01-08 11:58:29.019 I/System.out( 3436): 20
01-08 11:58:30.010 I/System.out( 3436): 22
01-08 11:58:30.020 D/dalvikvm(  730): GC_CONCURRENT freed 464K, 6% free 10426K/11044K, paused 6ms+11ms, total 73ms
01-08 11:58:31.021 I/System.out( 3436): 22
01-08 11:58:32.012 I/System.out( 3436): 20
01-08 11:58:32.882 D/dalvikvm(  519): GC_CONCURRENT freed 1904K, 13% free 16869K/19172K, paused 18ms+7ms, total 122ms
01-08 11:58:33.002 I/System.out( 3436): 21
01-08 11:58:34.013 I/System.out( 3436): 22
01-08 11:58:34.844 D/dalvikvm(  730): GC_CONCURRENT freed 465K, 6% free 10426K/11044K, paused 7ms+5ms, total 63ms
01-08 11:58:35.014 I/System.out( 3436): 21
01-08 11:58:36.015 I/System.out( 3436): 21
01-08 11:58:37.006 I/System.out( 3436): 20
01-08 11:58:38.017 I/System.out( 3436): 20
01-08 11:58:39.018 I/System.out( 3436): 20
01-08 11:58:39.749 D/dalvikvm(  730): GC_CONCURRENT freed 446K, 6% free 10421K/11044K, paused 7ms+4ms, total 50ms
01-08 11:58:40.029 I/System.out( 3436): 20
01-08 11:58:41.020 I/System.out( 3436): 21
01-08 11:58:42.021 I/System.out( 3436): 21
01-08 11:58:43.012 I/System.out( 3436): 21
01-08 11:58:44.023 I/System.out( 3436): 20
01-08 11:58:44.314 D/dalvikvm(  730): GC_CONCURRENT freed 445K, 6% free 10425K/11044K, paused 7ms+4ms, total 62ms
01-08 11:58:45.014 I/System.out( 3436): 20
01-08 11:58:46.025 I/System.out( 3436): 20
01-08 11:58:47.016 I/System.out( 3436): 20
01-08 11:58:47.036 D/dalvikvm( 3436): GC_CONCURRENT freed 399K, 5% free 9074K/9520K, paused 2ms+3ms, total 23ms
01-08 11:58:48.027 I/System.out( 3436): 20
01-08 11:58:48.898 D/dalvikvm(  730): GC_CONCURRENT freed 438K, 6% free 10420K/11044K, paused 2ms+3ms, total 42ms
01-08 11:58:49.018 I/System.out( 3436): 20
01-08 11:58:50.029 I/System.out( 3436): 20
01-08 11:58:51.020 I/System.out( 3436): 20
01-08 11:58:51.030 D/dalvikvm(  519): GC_CONCURRENT freed 1924K, 12% free 16878K/19172K, paused 19ms+8ms, total 142ms
01-08 11:58:52.041 I/System.out( 3436): 20
01-08 11:58:53.022 I/System.out( 3436): 19
01-08 11:58:53.502 D/dalvikvm(  730): GC_CONCURRENT freed 429K, 6% free 10414K/11044K, paused 6ms+4ms, total 44ms
01-08 11:58:54.033 I/System.out( 3436): 19
01-08 11:58:55.034 I/System.out( 3436): 19
01-08 11:58:56.045 I/System.out( 3436): 19
01-08 11:58:57.026 I/System.out( 3436): 19
01-08 11:58:58.037 I/System.out( 3436): 19
01-08 11:58:58.257 D/dalvikvm(  730): GC_CONCURRENT freed 426K, 6% free 10403K/11044K, paused 7ms+4ms, total 48ms
01-08 11:58:59.028 I/System.out( 3436): 19
01-08 11:59:00.039 I/System.out( 3436): 19
01-08 11:59:01.030 I/System.out( 3436): 19
01-08 11:59:02.041 I/System.out( 3436): 20
01-08 11:59:03.032 I/System.out( 3436): 21
01-08 11:59:03.152 D/dalvikvm(  730): GC_CONCURRENT freed 427K, 6% free 10407K/11044K, paused 2ms+4ms, total 48ms
01-08 11:59:04.033 I/System.out( 3436): 22
01-08 11:59:05.034 I/System.out( 3436): 22
01-08 11:59:06.045 I/System.out( 3436): 22
01-08 11:59:07.046 I/System.out( 3436): 22
01-08 11:59:08.037 I/System.out( 3436): 21
01-08 11:59:08.057 D/dalvikvm( 3436): GC_CONCURRENT freed 387K, 5% free 9083K/9516K, paused 3ms+3ms, total 28ms
01-08 11:59:08.077 D/dalvikvm(  730): GC_CONCURRENT freed 459K, 6% free 10422K/11044K, paused 8ms+4ms, total 116ms
01-08 11:59:09.048 I/System.out( 3436): 20
01-08 11:59:09.488 D/dalvikvm(  519): GC_CONCURRENT freed 1925K, 12% free 16871K/19172K, paused 18ms+12ms, total 141ms
01-08 11:59:10.049 I/System.out( 3436): 20
01-08 11:59:11.050 I/System.out( 3436): 20
01-08 11:59:12.061 I/System.out( 3436): 19
01-08 11:59:12.851 D/dalvikvm(  730): GC_CONCURRENT freed 446K, 6% free 10406K/11044K, paused 3ms+3ms, total 38ms
01-08 11:59:13.042 I/System.out( 3436): 20
01-08 11:59:14.043 I/System.out( 3436): 20
01-08 11:59:15.043 I/System.out( 3436): 20
01-08 11:59:16.044 I/System.out( 3436): 20
01-08 11:59:17.045 I/System.out( 3436): 20
01-08 11:59:17.776 D/dalvikvm(  730): GC_CONCURRENT freed 436K, 6% free 10403K/11044K, paused 5ms+3ms, total 43ms
01-08 11:59:18.046 I/System.out( 3436): 20
01-08 11:59:19.057 I/System.out( 3436): 19
01-08 11:59:20.058 I/System.out( 3436): 19
01-08 11:59:21.049 I/System.out( 3436): 18
01-08 11:59:22.060 I/System.out( 3436): 19
01-08 11:59:22.571 D/dalvikvm(  730): GC_CONCURRENT freed 424K, 6% free 10390K/11044K, paused 2ms+4ms, total 34ms
01-08 11:59:23.051 I/System.out( 3436): 20
01-08 11:59:24.052 I/System.out( 3436): 21
01-08 11:59:25.053 I/System.out( 3436): 22
01-08 11:59:26.044 I/System.out( 3436): 22
01-08 11:59:27.055 I/System.out( 3436): 22
01-08 11:59:27.456 D/dalvikvm(  730): GC_CONCURRENT freed 457K, 6% free 10404K/11044K, paused 8ms+5ms, total 101ms
01-08 11:59:28.046 I/System.out( 3436): 21
01-08 11:59:28.086 D/dalvikvm(  519): GC_CONCURRENT freed 1909K, 13% free 16868K/19172K, paused 9ms+8ms, total 127ms
01-08 11:59:29.077 I/System.out( 3436): 20
01-08 11:59:29.117 D/dalvikvm( 3436): GC_CONCURRENT freed 397K, 5% free 9083K/9516K, paused 4ms+5ms, total 66ms
01-08 11:59:30.058 I/System.out( 3436): 19
01-08 11:59:31.069 I/System.out( 3436): 19
01-08 11:59:32.030 D/dalvikvm(  730): GC_CONCURRENT freed 436K, 6% free 10392K/11044K, paused 7ms+4ms, total 56ms
01-08 11:59:32.060 I/System.out( 3436): 19
01-08 11:59:33.071 I/System.out( 3436): 19
01-08 11:59:34.062 I/System.out( 3436): 19
01-08 11:59:35.063 I/System.out( 3436): 21
01-08 11:59:36.054 I/System.out( 3436): 21
01-08 11:59:36.735 D/dalvikvm(  730): GC_CONCURRENT freed 432K, 6% free 10395K/11044K, paused 6ms+4ms, total 54ms
01-08 11:59:37.065 I/System.out( 3436): 21
01-08 11:59:38.066 I/System.out( 3436): 22
01-08 11:59:39.067 I/System.out( 3436): 23
01-08 11:59:40.068 I/System.out( 3436): 24
01-08 11:59:41.069 I/System.out( 3436): 23
01-08 11:59:41.139 D/dalvikvm(  730): GC_CONCURRENT freed 420K, 6% free 10395K/11044K, paused 2ms+4ms, total 39ms
01-08 11:59:42.070 I/System.out( 3436): 23
01-08 11:59:43.071 I/System.out( 3436): 23
01-08 11:59:44.062 I/System.out( 3436): 23
01-08 11:59:45.073 I/System.out( 3436): 23
01-08 11:59:45.283 D/dalvikvm(  730): GC_CONCURRENT freed 420K, 6% free 10402K/11044K, paused 3ms+4ms, total 39ms
01-08 11:59:46.024 D/dalvikvm(  519): GC_CONCURRENT freed 1911K, 12% free 16879K/19172K, paused 18ms+7ms, total 141ms
01-08 11:59:46.064 I/System.out( 3436): 22
01-08 11:59:47.075 I/System.out( 3436): 22
01-08 11:59:48.076 I/System.out( 3436): 23
01-08 11:59:49.067 I/System.out( 3436): 24
01-08 11:59:49.127 D/dalvikvm( 3436): GC_CONCURRENT freed 410K, 5% free 9076K/9524K, paused 1ms+9ms, total 60ms
01-08 11:59:49.667 D/dalvikvm(  730): GC_CONCURRENT freed 424K, 6% free 10407K/11044K, paused 2ms+3ms, total 40ms
01-08 11:59:50.078 I/System.out( 3436): 25
01-08 11:59:51.089 I/System.out( 3436): 26
01-08 11:59:52.070 I/System.out( 3436): 26
01-08 11:59:53.081 I/System.out( 3436): 27
01-08 11:59:53.261 D/dalvikvm(  730): GC_CONCURRENT freed 409K, 6% free 10411K/11044K, paused 2ms+4ms, total 36ms
01-08 11:59:54.062 I/System.out( 3436): 28
01-08 11:59:55.073 I/System.out( 3436): 28
01-08 11:59:56.064 I/System.out( 3436): 26
01-08 11:59:56.754 D/dalvikvm(  730): GC_CONCURRENT freed 407K, 6% free 10422K/11044K, paused 3ms+4ms, total 34ms
01-08 11:59:57.075 I/System.out( 3436): 26
01-08 11:59:58.085 I/System.out( 3436): 27
01-08 11:59:59.076 I/System.out( 3436): 27
01-08 12:00:00.067 I/System.out( 3436): 26
01-08 12:00:00.968 D/dalvikvm(  519): GC_CONCURRENT freed 1906K, 12% free 16886K/19172K, paused 8ms+7ms, total 124ms
01-08 12:00:01.018 D/dalvikvm(  730): GC_CONCURRENT freed 452K, 6% free 10456K/11044K, paused 1ms+5ms, total 124ms
01-08 12:00:01.068 I/System.out( 3436): 28
01-08 12:00:02.089 I/System.out( 3436): 28
01-08 12:00:03.070 I/System.out( 3436): 28
01-08 12:00:04.081 I/System.out( 3436): 25
01-08 12:00:04.442 D/dalvikvm(  730): GC_CONCURRENT freed 441K, 6% free 10449K/11044K, paused 3ms+4ms, total 39ms
01-08 12:00:05.082 I/System.out( 3436): 26
01-08 12:00:05.092 D/dalvikvm( 3436): GC_CONCURRENT freed 382K, 5% free 9086K/9524K, paused 2ms+2ms, total 21ms
01-08 12:00:06.073 I/System.out( 3436): 26
01-08 12:00:07.074 I/System.out( 3436): 22
01-08 12:00:08.085 I/System.out( 3436): 22
01-08 12:00:08.466 D/dalvikvm(  730): GC_CONCURRENT freed 430K, 6% free 10457K/11044K, paused 2ms+3ms, total 38ms
01-08 12:00:09.086 I/System.out( 3436): 20
01-08 12:00:10.087 I/System.out( 3436): 20
01-08 12:00:11.078 I/System.out( 3436): 19
01-08 12:00:12.089 I/System.out( 3436): 19
01-08 12:00:12.980 D/dalvikvm(  730): GC_CONCURRENT freed 436K, 6% free 10453K/11044K, paused 3ms+4ms, total 35ms
01-08 12:00:13.090 I/System.out( 3436): 21
01-08 12:00:14.101 I/System.out( 3436): 21
01-08 12:00:15.082 I/System.out( 3436): 21
01-08 12:00:16.093 I/System.out( 3436): 21
01-08 12:00:17.064 D/dalvikvm(  519): GC_CONCURRENT freed 1870K, 12% free 16910K/19172K, paused 14ms+8ms, total 118ms
01-08 12:00:17.084 I/System.out( 3436): 21
01-08 12:00:17.695 D/dalvikvm(  730): GC_CONCURRENT freed 447K, 6% free 10461K/11044K, paused 3ms+4ms, total 44ms
01-08 12:00:18.095 I/System.out( 3436): 21
01-08 12:00:19.086 I/System.out( 3436): 20
01-08 12:00:20.097 I/System.out( 3436): 20
01-08 12:00:21.088 I/System.out( 3436): 20
01-08 12:00:22.139 I/System.out( 3436): 20
01-08 12:00:22.509 D/dalvikvm(  730): GC_CONCURRENT freed 439K, 6% free 10452K/11044K, paused 2ms+4ms, total 32ms
01-08 12:00:23.100 I/System.out( 3436): 20
01-08 12:00:24.101 I/System.out( 3436): 20
01-08 12:00:25.102 I/System.out( 3436): 19
01-08 12:00:25.192 D/dalvikvm( 3436): GC_CONCURRENT freed 398K, 5% free 9075K/9520K, paused 29ms+2ms, total 92ms
01-08 12:00:26.103 I/System.out( 3436): 22
01-08 12:00:27.104 I/System.out( 3436): 23
01-08 12:00:27.294 D/dalvikvm(  730): GC_CONCURRENT freed 451K, 6% free 10464K/11044K, paused 3ms+4ms, total 42ms
01-08 12:00:28.105 I/System.out( 3436): 25
01-08 12:00:29.106 I/System.out( 3436): 25
01-08 12:00:30.107 I/System.out( 3436): 25
01-08 12:00:31.108 I/System.out( 3436): 24
01-08 12:00:31.368 D/dalvikvm(  730): GC_CONCURRENT freed 450K, 6% free 10465K/11044K, paused 2ms+4ms, total 42ms
01-08 12:00:32.099 I/System.out( 3436): 22
01-08 12:00:33.110 I/System.out( 3436): 21
01-08 12:00:34.111 I/System.out( 3436): 21
01-08 12:00:34.831 D/dalvikvm(  519): GC_CONCURRENT freed 1950K, 12% free 16914K/19172K, paused 20ms+7ms, total 138ms
01-08 12:00:35.102 I/System.out( 3436): 21
01-08 12:00:36.103 I/System.out( 3436): 21
01-08 12:00:36.163 D/dalvikvm(  730): GC_CONCURRENT freed 459K, 6% free 10461K/11044K, paused 4ms+4ms, total 57ms
01-08 12:00:37.114 I/System.out( 3436): 22
01-08 12:00:38.105 I/System.out( 3436): 22
01-08 12:00:39.116 I/System.out( 3436): 22
01-08 12:00:40.106 I/System.out( 3436): 20
01-08 12:00:40.677 D/dalvikvm(  730): GC_CONCURRENT freed 461K, 6% free 10457K/11044K, paused 3ms+4ms, total 41ms
01-08 12:00:41.117 I/System.out( 3436): 20
01-08 12:00:42.108 I/System.out( 3436): 19
01-08 12:00:43.119 I/System.out( 3436): 19
01-08 12:00:44.120 I/System.out( 3436): 19
01-08 12:00:45.121 I/System.out( 3436): 19
01-08 12:00:45.171 D/dalvikvm( 3436): GC_CONCURRENT freed 394K, 5% free 9084K/9520K, paused 8ms+2ms, total 67ms
01-08 12:00:45.862 D/dalvikvm(  730): GC_CONCURRENT freed 481K, 6% free 10452K/11048K, paused 7ms+4ms, total 60ms
01-08 12:00:46.112 I/System.out( 3436): 20
01-08 12:00:47.123 I/System.out( 3436): 20
01-08 12:00:48.114 I/System.out( 3436): 20
01-08 12:00:49.125 I/System.out( 3436): 20
01-08 12:00:50.106 I/System.out( 3436): 21
01-08 12:00:50.707 D/dalvikvm(  730): GC_CONCURRENT freed 461K, 6% free 10434K/11048K, paused 2ms+4ms, total 41ms
01-08 12:00:51.127 I/System.out( 3436): 21
01-08 12:00:52.118 I/System.out( 3436): 20
01-08 12:00:52.749 D/dalvikvm(  519): GC_CONCURRENT freed 1905K, 12% free 16913K/19172K, paused 9ms+7ms, total 111ms
01-08 12:00:53.119 I/System.out( 3436): 20
01-08 12:00:54.120 I/System.out( 3436): 20
01-08 12:00:55.131 I/System.out( 3436): 19
01-08 12:00:55.421 D/dalvikvm(  730): GC_CONCURRENT freed 436K, 6% free 10425K/11048K, paused 3ms+4ms, total 37ms
01-08 12:00:56.112 I/System.out( 3436): 19
01-08 12:00:57.123 I/System.out( 3436): 19
01-08 12:00:58.114 I/System.out( 3436): 20
01-08 12:00:59.125 I/System.out( 3436): 20
01-08 12:01:00.076 D/dalvikvm(  730): GC_CONCURRENT freed 439K, 6% free 10414K/11048K, paused 4ms+3ms, total 45ms
01-08 12:01:00.116 I/System.out( 3436): 20
01-08 12:01:01.127 I/System.out( 3436): 20
01-08 12:01:02.128 I/System.out( 3436): 19
01-08 12:01:03.129 I/System.out( 3436): 19
01-08 12:01:04.130 I/System.out( 3436): 20
01-08 12:01:04.961 D/dalvikvm(  730): GC_CONCURRENT freed 427K, 6% free 10410K/11048K, paused 3ms+4ms, total 38ms
01-08 12:01:05.131 I/System.out( 3436): 20
01-08 12:01:06.142 I/System.out( 3436): 20
01-08 12:01:06.212 D/dalvikvm( 3436): GC_CONCURRENT freed 394K, 5% free 9082K/9520K, paused 5ms+32ms, total 89ms
01-08 12:01:07.133 I/System.out( 3436): 20
01-08 12:01:08.134 I/System.out( 3436): 20
01-08 12:01:09.125 I/System.out( 3436): 20
01-08 12:01:09.715 D/dalvikvm(  730): GC_CONCURRENT freed 437K, 6% free 10406K/11048K, paused 7ms+4ms, total 51ms
01-08 12:01:10.136 I/System.out( 3436): 20
01-08 12:01:11.117 D/dalvikvm(  519): GC_CONCURRENT freed 1896K, 12% free 16916K/19172K, paused 15ms+7ms, total 130ms
01-08 12:01:11.127 I/System.out( 3436): 20
01-08 12:01:12.138 I/System.out( 3436): 20
01-08 12:01:13.129 I/System.out( 3436): 20
01-08 12:01:14.140 I/System.out( 3436): 20
01-08 12:01:14.330 D/dalvikvm(  730): GC_CONCURRENT freed 441K, 6% free 10397K/11048K, paused 7ms+4ms, total 59ms
01-08 12:01:15.131 I/System.out( 3436): 21
01-08 12:01:16.162 I/System.out( 3436): 21
01-08 12:01:17.143 I/System.out( 3436): 21
01-08 12:01:18.134 I/System.out( 3436): 21
01-08 12:01:19.054 D/dalvikvm(  730): GC_CONCURRENT freed 444K, 6% free 10402K/11048K, paused 6ms+5ms, total 55ms
01-08 12:01:19.135 I/System.out( 3436): 20
01-08 12:01:20.146 I/System.out( 3436): 20
01-08 12:01:21.137 I/System.out( 3436): 19
01-08 12:01:22.147 I/System.out( 3436): 21
01-08 12:01:23.138 I/System.out( 3436): 21
01-08 12:01:23.819 D/dalvikvm(  730): GC_CONCURRENT freed 444K, 6% free 10397K/11048K, paused 2ms+4ms, total 40ms
01-08 12:01:24.149 I/System.out( 3436): 21
01-08 12:01:25.150 I/System.out( 3436): 21
01-08 12:01:26.131 I/System.out( 3436): 22
01-08 12:01:27.152 I/System.out( 3436): 22
01-08 12:01:27.202 D/dalvikvm( 3436): GC_CONCURRENT freed 402K, 5% free 9085K/9524K, paused 5ms+2ms, total 68ms
01-08 12:01:28.133 I/System.out( 3436): 21
01-08 12:01:28.814 D/dalvikvm(  730): GC_CONCURRENT freed 452K, 6% free 10408K/11048K, paused 3ms+3ms, total 51ms
01-08 12:01:29.144 I/System.out( 3436): 21
01-08 12:01:29.485 D/dalvikvm(  519): GC_CONCURRENT freed 1935K, 12% free 16926K/19172K, paused 23ms+8ms, total 125ms
01-08 12:01:30.145 I/System.out( 3436): 20
01-08 12:01:31.156 I/System.out( 3436): 20
01-08 12:01:32.157 I/System.out( 3436): 19
01-08 12:01:33.158 I/System.out( 3436): 19
01-08 12:01:33.779 D/dalvikvm(  730): GC_CONCURRENT freed 435K, 6% free 10393K/11048K, paused 3ms+3ms, total 50ms
01-08 12:01:34.159 I/System.out( 3436): 19
01-08 12:01:35.150 I/System.out( 3436): 20
01-08 12:01:36.161 I/System.out( 3436): 20
01-08 12:01:37.142 I/System.out( 3436): 20
01-08 12:01:38.153 I/System.out( 3436): 20
01-08 12:01:38.604 D/dalvikvm(  730): GC_CONCURRENT freed 433K, 6% free 10392K/11048K, paused 2ms+4ms, total 40ms
01-08 12:01:39.164 I/System.out( 3436): 20
01-08 12:01:40.165 I/System.out( 3436): 20
01-08 12:01:41.166 I/System.out( 3436): 20
01-08 12:01:42.157 I/System.out( 3436): 20
01-08 12:01:43.168 I/System.out( 3436): 20
01-08 12:01:43.398 D/dalvikvm(  730): GC_CONCURRENT freed 433K, 6% free 10392K/11048K, paused 7ms+3ms, total 53ms
01-08 12:01:44.159 I/System.out( 3436): 20
01-08 12:01:45.170 I/System.out( 3436): 20
01-08 12:01:46.171 I/System.out( 3436): 21
01-08 12:01:47.172 I/System.out( 3436): 23
01-08 12:01:48.093 D/dalvikvm(  519): GC_CONCURRENT freed 1926K, 12% free 16914K/19172K, paused 8ms+5ms, total 113ms
01-08 12:01:48.113 D/dalvikvm(  730): GC_CONCURRENT freed 454K, 6% free 10407K/11048K, paused 23ms+4ms, total 74ms
01-08 12:01:48.163 I/System.out( 3436): 23
01-08 12:01:48.173 D/dalvikvm( 3436): GC_CONCURRENT freed 400K, 5% free 9084K/9524K, paused 1ms+2ms, total 19ms
01-08 12:01:49.174 I/System.out( 3436): 23
01-08 12:01:50.165 I/System.out( 3436): 23
01-08 12:01:51.176 I/System.out( 3436): 23
01-08 12:01:52.127 D/dalvikvm(  730): GC_CONCURRENT freed 433K, 6% free 10398K/11048K, paused 3ms+4ms, total 38ms
01-08 12:01:52.167 I/System.out( 3436): 22
01-08 12:01:53.168 I/System.out( 3436): 20
01-08 12:01:54.169 I/System.out( 3436): 20
01-08 12:01:55.190 I/System.out( 3436): 20
01-08 12:01:56.171 I/System.out( 3436): 20
01-08 12:01:56.841 D/dalvikvm(  730): GC_CONCURRENT freed 431K, 6% free 10399K/11048K, paused 6ms+4ms, total 46ms
01-08 12:01:57.172 I/System.out( 3436): 20
01-08 12:01:58.163 I/System.out( 3436): 20
01-08 12:01:59.174 I/System.out( 3436): 20
01-08 12:02:00.175 I/System.out( 3436): 20
01-08 12:02:01.176 I/System.out( 3436): 19
01-08 12:02:01.546 D/dalvikvm(  730): GC_CONCURRENT freed 436K, 6% free 10394K/11048K, paused 6ms+4ms, total 65ms
01-08 12:02:02.177 I/System.out( 3436): 19
01-08 12:02:03.178 I/System.out( 3436): 19
01-08 12:02:04.168 I/System.out( 3436): 19
01-08 12:02:05.189 I/System.out( 3436): 19
01-08 12:02:06.180 I/System.out( 3436): 19
01-08 12:02:06.180 D/dalvikvm(  519): GC_CONCURRENT freed 1932K, 12% free 16926K/19172K, paused 9ms+6ms, total 125ms
01-08 12:02:06.190 D/dalvikvm(  730): GC_CONCURRENT freed 415K, 6% free 10390K/11048K, paused 2ms+4ms, total 29ms
01-08 12:02:07.181 I/System.out( 3436): 19
01-08 12:02:08.172 I/System.out( 3436): 19
01-08 12:02:09.183 I/System.out( 3436): 19
01-08 12:02:09.263 D/dalvikvm( 3436): GC_CONCURRENT freed 399K, 5% free 9082K/9524K, paused 5ms+7ms, total 87ms
01-08 12:02:10.184 I/System.out( 3436): 19
01-08 12:02:10.615 D/dalvikvm(  730): GC_CONCURRENT freed 414K, 6% free 10387K/11048K, paused 9ms+4ms, total 41ms
01-08 12:02:11.185 I/System.out( 3436): 19
01-08 12:02:12.186 I/System.out( 3436): 20
01-08 12:02:13.187 I/System.out( 3436): 20
01-08 12:02:14.178 I/System.out( 3436): 22
01-08 12:02:15.189 I/System.out( 3436): 23
01-08 12:02:15.419 D/dalvikvm(  730): GC_CONCURRENT freed 444K, 6% free 10407K/11048K, paused 6ms+4ms, total 72ms
01-08 12:02:16.180 I/System.out( 3436): 24
01-08 12:02:17.191 I/System.out( 3436): 23
01-08 12:02:18.182 I/System.out( 3436): 23
01-08 12:02:19.193 I/System.out( 3436): 21
01-08 12:02:19.333 D/dalvikvm(  730): GC_CONCURRENT freed 427K, 6% free 10397K/11048K, paused 2ms+4ms, total 44ms
01-08 12:02:20.184 I/System.out( 3436): 20
01-08 12:02:21.185 I/System.out( 3436): 20
01-08 12:02:22.176 I/System.out( 3436): 19
01-08 12:02:23.187 I/System.out( 3436): 19
01-08 12:02:24.188 I/System.out( 3436): 20
01-08 12:02:24.368 D/dalvikvm(  519): GC_CONCURRENT freed 1941K, 12% free 16915K/19172K, paused 19ms+8ms, total 121ms
01-08 12:02:24.428 D/dalvikvm(  730): GC_CONCURRENT freed 424K, 6% free 10397K/11044K, paused 1ms+3ms, total 31ms
01-08 12:02:25.189 I/System.out( 3436): 20
01-08 12:02:26.190 I/System.out( 3436): 20
01-08 12:02:27.201 I/System.out( 3436): 22
01-08 12:02:28.192 I/System.out( 3436): 22
01-08 12:02:28.983 D/dalvikvm(  730): GC_CONCURRENT freed 430K, 6% free 10424K/11044K, paused 6ms+8ms, total 81ms
01-08 12:02:29.193 I/System.out( 3436): 22
01-08 12:02:29.213 D/dalvikvm( 3436): GC_CONCURRENT freed 390K, 5% free 9083K/9520K, paused 1ms+3ms, total 27ms
01-08 12:02:30.184 I/System.out( 3436): 22
01-08 12:02:31.195 I/System.out( 3436): 21
01-08 12:02:32.196 I/System.out( 3436): 21
01-08 12:02:33.187 I/System.out( 3436): 21
01-08 12:02:33.807 D/dalvikvm(  730): GC_CONCURRENT freed 466K, 6% free 10415K/11044K, paused 6ms+5ms, total 48ms
01-08 12:02:34.198 I/System.out( 3436): 22
01-08 12:02:35.189 I/System.out( 3436): 22
01-08 12:02:36.200 I/System.out( 3436): 23
01-08 12:02:37.201 I/System.out( 3436): 23
01-08 12:02:37.721 D/dalvikvm(  730): GC_CONCURRENT freed 436K, 6% free 10400K/11044K, paused 2ms+3ms, total 40ms
01-08 12:02:38.192 I/System.out( 3436): 23
01-08 12:02:39.193 I/System.out( 3436): 21
01-08 12:02:40.194 I/System.out( 3436): 20
01-08 12:02:41.195 I/System.out( 3436): 19
01-08 12:02:41.775 D/dalvikvm(  519): GC_CONCURRENT freed 1911K, 12% free 16921K/19172K, paused 18ms+8ms, total 125ms
01-08 12:02:42.206 I/System.out( 3436): 19
01-08 12:02:42.446 D/dalvikvm(  730): GC_CONCURRENT freed 429K, 6% free 10403K/11044K, paused 7ms+4ms, total 51ms
01-08 12:02:43.207 I/System.out( 3436): 20
01-08 12:02:44.208 I/System.out( 3436): 21
01-08 12:02:45.199 I/System.out( 3436): 21
01-08 12:02:46.210 I/System.out( 3436): 21
01-08 12:02:47.210 I/System.out( 3436): 21
01-08 12:02:47.371 D/dalvikvm(  730): GC_CONCURRENT freed 443K, 6% free 10412K/11044K, paused 7ms+5ms, total 53ms
01-08 12:02:48.191 I/System.out( 3436): 21
01-08 12:02:49.222 I/System.out( 3436): 20
01-08 12:02:49.262 D/dalvikvm( 3436): GC_CONCURRENT freed 394K, 5% free 9083K/9520K, paused 5ms+3ms, total 55ms
01-08 12:02:50.223 I/System.out( 3436): 20
01-08 12:02:51.214 I/System.out( 3436): 22
01-08 12:02:52.215 I/System.out( 3436): 22
01-08 12:02:52.366 D/dalvikvm(  730): GC_CONCURRENT freed 454K, 6% free 10418K/11044K, paused 2ms+4ms, total 49ms
01-08 12:02:53.206 I/System.out( 3436): 22
01-08 12:02:54.217 I/System.out( 3436): 22
01-08 12:02:55.208 I/System.out( 3436): 22
01-08 12:02:56.219 I/System.out( 3436): 21
01-08 12:02:57.210 I/System.out( 3436): 21
01-08 12:02:57.230 D/dalvikvm(  730): GC_CONCURRENT freed 464K, 6% free 10421K/11044K, paused 5ms+5ms, total 79ms
01-08 12:02:58.221 I/System.out( 3436): 21
01-08 12:02:59.212 I/System.out( 3436): 21
01-08 12:03:00.073 D/dalvikvm(  519): GC_CONCURRENT freed 1956K, 12% free 16911K/19172K, paused 17ms+7ms, total 143ms
01-08 12:03:00.213 I/System.out( 3436): 22
01-08 12:03:01.224 I/System.out( 3436): 22
01-08 12:03:02.095 D/dalvikvm(  730): GC_CONCURRENT freed 476K, 6% free 10419K/11044K, paused 19ms+5ms, total 82ms
01-08 12:03:02.215 I/System.out( 3436): 22
01-08 12:03:03.226 I/System.out( 3436): 22
01-08 12:03:04.247 I/System.out( 3436): 25
01-08 12:03:05.238 I/System.out( 3436): 25
01-08 12:03:06.239 I/System.out( 3436): 25
01-08 12:03:06.419 D/dalvikvm(  730): GC_CONCURRENT freed 448K, 6% free 10423K/11044K, paused 7ms+4ms, total 48ms
01-08 12:03:07.230 I/System.out( 3436): 26
01-08 12:03:08.251 I/System.out( 3436): 25
01-08 12:03:08.291 D/dalvikvm( 3436): GC_CONCURRENT freed 394K, 5% free 9085K/9520K, paused 5ms+2ms, total 51ms
01-08 12:03:09.222 I/System.out( 3436): 24
01-08 12:03:10.233 I/System.out( 3436): 20
01-08 12:03:10.443 D/dalvikvm(  730): GC_CONCURRENT freed 434K, 6% free 10422K/11044K, paused 3ms+4ms, total 40ms
01-08 12:03:11.224 I/System.out( 3436): 20
01-08 12:03:12.235 I/System.out( 3436): 21
01-08 12:03:13.236 I/System.out( 3436): 23
01-08 12:03:14.237 I/System.out( 3436): 23
01-08 12:03:15.238 I/System.out( 3436): 23
01-08 12:03:15.378 D/dalvikvm(  730): GC_CONCURRENT freed 462K, 6% free 10442K/11044K, paused 5ms+5ms, total 66ms
01-08 12:03:16.239 I/System.out( 3436): 23
01-08 12:03:16.729 D/dalvikvm(  519): GC_CONCURRENT freed 1938K, 12% free 16898K/19172K, paused 20ms+7ms, total 119ms
01-08 12:03:17.240 I/System.out( 3436): 23
01-08 12:03:18.231 I/System.out( 3436): 20
01-08 12:03:19.232 I/System.out( 3436): 20
01-08 12:03:20.153 D/dalvikvm(  730): GC_CONCURRENT freed 468K, 6% free 10438K/11044K, paused 7ms+5ms, total 78ms
01-08 12:03:20.223 I/System.out( 3436): 20
01-08 12:03:21.234 I/System.out( 3436): 20
01-08 12:03:22.225 I/System.out( 3436): 20
01-08 12:03:23.236 I/System.out( 3436): 18
01-08 12:03:24.227 I/System.out( 3436): 18
01-08 12:03:25.238 I/System.out( 3436): 20
01-08 12:03:25.418 D/dalvikvm(  730): GC_CONCURRENT freed 478K, 6% free 10435K/11044K, paused 2ms+4ms, total 43ms
01-08 12:03:26.229 I/System.out( 3436): 20
01-08 12:03:27.240 I/System.out( 3436): 20
01-08 12:03:28.251 I/System.out( 3436): 20
01-08 12:03:28.261 D/dalvikvm( 3436): GC_CONCURRENT freed 393K, 5% free 9082K/9520K, paused 2ms+2ms, total 20ms
01-08 12:03:29.231 I/System.out( 3436): 21
01-08 12:03:30.232 I/System.out( 3436): 21
01-08 12:03:30.383 D/dalvikvm(  730): GC_CONCURRENT freed 452K, 6% free 10426K/11044K, paused 8ms+4ms, total 52ms
01-08 12:03:31.233 I/System.out( 3436): 21
01-08 12:03:32.244 I/System.out( 3436): 20
01-08 12:03:33.235 I/System.out( 3436): 20
01-08 12:03:34.236 I/System.out( 3436): 19
01-08 12:03:35.017 D/dalvikvm(  730): GC_CONCURRENT freed 435K, 6% free 10421K/11044K, paused 6ms+4ms, total 49ms
01-08 12:03:35.257 I/System.out( 3436): 19
01-08 12:03:35.357 D/dalvikvm(  519): GC_CONCURRENT freed 1904K, 12% free 16882K/19172K, paused 17ms+7ms, total 116ms
01-08 12:03:36.248 I/System.out( 3436): 19
01-08 12:03:37.249 I/System.out( 3436): 19
01-08 12:03:38.240 I/System.out( 3436): 20
01-08 12:03:39.251 I/System.out( 3436): 21
01-08 12:03:39.682 D/dalvikvm(  730): GC_CONCURRENT freed 435K, 6% free 10419K/11044K, paused 9ms+4ms, total 45ms
01-08 12:03:40.252 I/System.out( 3436): 22
01-08 12:03:41.253 I/System.out( 3436): 22
01-08 12:03:42.254 I/System.out( 3436): 22
01-08 12:03:43.245 I/System.out( 3436): 21
01-08 12:03:44.256 I/System.out( 3436): 21
01-08 12:03:44.396 D/dalvikvm(  730): GC_CONCURRENT freed 451K, 6% free 10431K/11044K, paused 3ms+3ms, total 48ms
01-08 12:03:45.257 I/System.out( 3436): 19
01-08 12:03:46.258 I/System.out( 3436): 21
01-08 12:03:47.279 I/System.out( 3436): 22
01-08 12:03:48.270 I/System.out( 3436): 22
01-08 12:03:49.051 D/dalvikvm(  730): GC_CONCURRENT freed 467K, 6% free 10427K/11044K, paused 7ms+4ms, total 56ms
01-08 12:03:49.291 I/System.out( 3436): 22
01-08 12:03:49.321 D/dalvikvm( 3436): GC_CONCURRENT freed 403K, 5% free 9085K/9528K, paused 5ms+2ms, total 56ms
01-08 12:03:50.262 I/System.out( 3436): 22
01-08 12:03:51.273 I/System.out( 3436): 23
01-08 12:03:52.274 I/System.out( 3436): 24
01-08 12:03:52.474 D/dalvikvm(  519): GC_CONCURRENT freed 1915K, 12% free 16895K/19172K, paused 17ms+13ms, total 122ms
01-08 12:03:53.145 D/dalvikvm(  730): GC_CONCURRENT freed 439K, 6% free 10419K/11044K, paused 2ms+4ms, total 45ms
01-08 12:03:53.265 I/System.out( 3436): 24
01-08 12:03:54.276 I/System.out( 3436): 24
01-08 12:03:55.267 I/System.out( 3436): 24
01-08 12:03:56.278 I/System.out( 3436): 24
01-08 12:03:57.269 D/dalvikvm(  730): GC_CONCURRENT freed 427K, 6% free 10421K/11044K, paused 2ms+4ms, total 38ms
01-08 12:03:57.269 I/System.out( 3436): 21
01-08 12:03:58.280 I/System.out( 3436): 21
01-08 12:03:59.271 I/System.out( 3436): 21
01-08 12:04:00.272 I/System.out( 3436): 21
01-08 12:04:01.273 I/System.out( 3436): 21
01-08 12:04:01.863 D/dalvikvm(  730): GC_CONCURRENT freed 455K, 6% free 10421K/11044K, paused 8ms+4ms, total 70ms
01-08 12:04:02.274 I/System.out( 3436): 20
01-08 12:04:03.275 I/System.out( 3436): 23
01-08 12:04:04.286 I/System.out( 3436): 23
01-08 12:04:05.277 I/System.out( 3436): 23
01-08 12:04:06.288 I/System.out( 3436): 23
01-08 12:04:06.498 D/dalvikvm(  730): GC_CONCURRENT freed 467K, 6% free 10439K/11044K, paused 7ms+5ms, total 70ms
01-08 12:04:07.279 I/System.out( 3436): 23
01-08 12:04:08.310 I/System.out( 3436): 23
01-08 12:04:08.350 D/dalvikvm( 3436): GC_CONCURRENT freed 397K, 5% free 9085K/9524K, paused 5ms+3ms, total 61ms
01-08 12:04:08.710 D/dalvikvm(  519): GC_CONCURRENT freed 1902K, 12% free 16880K/19172K, paused 17ms+8ms, total 93ms
01-08 12:04:09.281 I/System.out( 3436): 21
01-08 12:04:10.282 I/System.out( 3436): 21
01-08 12:04:11.293 I/System.out( 3436): 22
01-08 12:04:11.373 D/dalvikvm(  730): GC_CONCURRENT freed 476K, 6% free 10436K/11044K, paused 8ms+4ms, total 60ms
01-08 12:04:12.283 I/System.out( 3436): 22
01-08 12:04:13.284 I/System.out( 3436): 22
01-08 12:04:14.275 I/System.out( 3436): 22
01-08 12:04:15.286 I/System.out( 3436): 22
01-08 12:04:16.197 D/dalvikvm(  730): GC_CONCURRENT freed 474K, 6% free 10432K/11044K, paused 6ms+4ms, total 63ms
01-08 12:04:16.277 I/System.out( 3436): 20
01-08 12:04:17.298 I/System.out( 3436): 20
01-08 12:04:18.289 I/System.out( 3436): 20
01-08 12:04:19.290 I/System.out( 3436): 20
01-08 12:04:20.291 I/System.out( 3436): 24
01-08 12:04:21.042 D/dalvikvm(  730): GC_CONCURRENT freed 466K, 6% free 10435K/11044K, paused 8ms+8ms, total 66ms
01-08 12:04:21.292 I/System.out( 3436): 24
01-08 12:04:22.293 I/System.out( 3436): 24
01-08 12:04:23.284 I/System.out( 3436): 23
01-08 12:04:24.295 I/System.out( 3436): 23
01-08 12:04:25.276 D/dalvikvm(  730): GC_CONCURRENT freed 440K, 6% free 10425K/11044K, paused 3ms+3ms, total 35ms
01-08 12:04:25.286 I/System.out( 3436): 21
01-08 12:04:26.017 D/dalvikvm(  519): GC_CONCURRENT freed 1895K, 12% free 16896K/19172K, paused 9ms+7ms, total 139ms
01-08 12:04:26.307 I/System.out( 3436): 21
01-08 12:04:27.328 I/System.out( 3436): 23
01-08 12:04:27.358 D/dalvikvm( 3436): GC_CONCURRENT freed 388K, 5% free 9083K/9524K, paused 9ms+2ms, total 46ms
01-08 12:04:28.299 I/System.out( 3436): 23
01-08 12:04:29.300 I/System.out( 3436): 24
01-08 12:04:29.490 D/dalvikvm(  730): GC_CONCURRENT freed 422K, 6% free 10428K/11044K, paused 3ms+4ms, total 39ms
01-08 12:04:30.301 I/System.out( 3436): 24
01-08 12:04:31.302 I/System.out( 3436): 24
01-08 12:04:32.303 I/System.out( 3436): 24
01-08 12:04:33.294 I/System.out( 3436): 24
01-08 12:04:33.774 D/dalvikvm(  730): GC_CONCURRENT freed 432K, 6% free 10441K/11044K, paused 2ms+4ms, total 45ms
01-08 12:04:34.305 I/System.out( 3436): 24
01-08 12:04:35.296 I/System.out( 3436): 24
01-08 12:04:36.307 I/System.out( 3436): 24
01-08 12:04:37.298 I/System.out( 3436): 22
01-08 12:04:38.309 I/System.out( 3436): 20
01-08 12:04:38.629 D/dalvikvm(  730): GC_CONCURRENT freed 474K, 6% free 10445K/11044K, paused 11ms+4ms, total 93ms
01-08 12:04:39.300 I/System.out( 3436): 19
01-08 12:04:40.311 I/System.out( 3436): 20
01-08 12:04:41.322 I/System.out( 3436): 20
01-08 12:04:42.313 I/System.out( 3436): 20
01-08 12:04:43.314 I/System.out( 3436): 20
01-08 12:04:43.504 D/dalvikvm(  519): GC_CONCURRENT freed 1920K, 12% free 16900K/19172K, paused 17ms+12ms, total 152ms
01-08 12:04:43.554 D/dalvikvm(  730): GC_CONCURRENT freed 443K, 6% free 10432K/11044K, paused 2ms+4ms, total 29ms
01-08 12:04:44.305 I/System.out( 3436): 20
01-08 12:04:45.316 I/System.out( 3436): 20
01-08 12:04:46.327 I/System.out( 3436): 23
01-08 12:04:46.327 D/dalvikvm( 3436): GC_CONCURRENT freed 389K, 5% free 9083K/9524K, paused 3ms+3ms, total 21ms
01-08 12:04:47.328 I/System.out( 3436): 22
01-08 12:04:48.279 D/dalvikvm(  730): GC_CONCURRENT freed 453K, 6% free 10446K/11044K, paused 6ms+4ms, total 48ms
01-08 12:04:48.309 I/System.out( 3436): 23
01-08 12:04:49.320 I/System.out( 3436): 23
01-08 12:04:50.321 I/System.out( 3436): 23
01-08 12:04:51.322 I/System.out( 3436): 23
01-08 12:04:52.323 I/System.out( 3436): 21
01-08 12:04:52.413 D/dalvikvm(  730): GC_CONCURRENT freed 435K, 6% free 10435K/11044K, paused 2ms+3ms, total 34ms
01-08 12:04:53.324 I/System.out( 3436): 23
01-08 12:04:54.335 I/System.out( 3436): 24
01-08 12:04:55.325 I/System.out( 3436): 24
01-08 12:04:56.336 I/System.out( 3436): 24
01-08 12:04:56.427 D/dalvikvm(  730): GC_CONCURRENT freed 431K, 6% free 10443K/11044K, paused 3ms+3ms, total 46ms
01-08 12:04:57.327 I/System.out( 3436): 24
01-08 12:04:58.328 I/System.out( 3436): 24
01-08 12:04:59.339 I/System.out( 3436): 24
01-08 12:04:59.770 D/dalvikvm(  519): GC_CONCURRENT freed 1917K, 12% free 16898K/19172K, paused 9ms+8ms, total 117ms
01-08 12:05:00.340 I/System.out( 3436): 23
01-08 12:05:00.430 D/dalvikvm(  730): GC_CONCURRENT freed 444K, 6% free 10442K/11044K, paused 3ms+4ms, total 40ms
01-08 12:05:01.331 I/System.out( 3436): 23
01-08 12:05:02.322 I/System.out( 3436): 20
01-08 12:05:03.333 I/System.out( 3436): 20
01-08 12:05:04.324 I/System.out( 3436): 20
01-08 12:05:04.915 D/dalvikvm(  730): GC_CONCURRENT freed 445K, 6% free 10439K/11044K, paused 3ms+4ms, total 41ms
01-08 12:05:05.345 I/System.out( 3436): 20
01-08 12:05:05.395 D/dalvikvm( 3436): GC_CONCURRENT freed 397K, 5% free 9084K/9524K, paused 7ms+2ms, total 64ms
01-08 12:05:06.336 I/System.out( 3436): 20
01-08 12:05:07.337 I/System.out( 3436): 20
01-08 12:05:08.328 I/System.out( 3436): 20
01-08 12:05:09.339 I/System.out( 3436): 20
01-08 12:05:09.649 D/dalvikvm(  730): GC_CONCURRENT freed 436K, 6% free 10433K/11044K, paused 6ms+5ms, total 43ms
01-08 12:05:10.330 I/System.out( 3436): 20
01-08 12:05:11.341 I/System.out( 3436): 20
01-08 12:05:12.332 I/System.out( 3436): 20
01-08 12:05:13.333 I/System.out( 3436): 20
01-08 12:05:14.334 I/System.out( 3436): 20
01-08 12:05:14.464 D/dalvikvm(  730): GC_CONCURRENT freed 436K, 6% free 10429K/11044K, paused 3ms+4ms, total 38ms
01-08 12:05:15.325 I/System.out( 3436): 20
01-08 12:05:16.336 I/System.out( 3436): 20
01-08 12:05:17.327 I/System.out( 3436): 24
01-08 12:05:17.928 D/dalvikvm(  519): GC_CONCURRENT freed 1945K, 12% free 16895K/19172K, paused 10ms+7ms, total 125ms
01-08 12:05:18.348 I/System.out( 3436): 24
01-08 12:05:19.339 I/System.out( 3436): 24
01-08 12:05:19.359 D/dalvikvm(  730): GC_CONCURRENT freed 464K, 6% free 10447K/11044K, paused 6ms+5ms, total 86ms
01-08 12:05:20.350 I/System.out( 3436): 24
01-08 12:05:21.341 I/System.out( 3436): 24
01-08 12:05:22.342 I/System.out( 3436): 24
01-08 12:05:23.343 I/System.out( 3436): 21
01-08 12:05:23.413 D/dalvikvm(  730): GC_CONCURRENT freed 445K, 6% free 10429K/11044K, paused 2ms+4ms, total 33ms
01-08 12:05:24.344 I/System.out( 3436): 21
01-08 12:05:25.365 I/System.out( 3436): 21
01-08 12:05:25.425 D/dalvikvm( 3436): GC_CONCURRENT freed 398K, 5% free 9084K/9524K, paused 4ms+2ms, total 89ms
01-08 12:05:26.336 I/System.out( 3436): 22
01-08 12:05:27.347 I/System.out( 3436): 22
01-08 12:05:28.288 D/dalvikvm(  730): GC_CONCURRENT freed 445K, 6% free 10437K/11044K, paused 7ms+4ms, total 53ms
01-08 12:05:28.338 I/System.out( 3436): 20
01-08 12:05:29.349 I/System.out( 3436): 19
01-08 12:05:30.340 I/System.out( 3436): 20
01-08 12:05:31.351 I/System.out( 3436): 20
01-08 12:05:32.332 I/System.out( 3436): 20
01-08 12:05:32.962 D/dalvikvm(  730): GC_CONCURRENT freed 442K, 6% free 10425K/11044K, paused 3ms+4ms, total 37ms
01-08 12:05:33.343 I/System.out( 3436): 20
01-08 12:05:34.334 I/System.out( 3436): 20
01-08 12:05:35.345 I/System.out( 3436): 20
01-08 12:05:35.835 D/dalvikvm(  519): GC_CONCURRENT freed 1922K, 12% free 16900K/19172K, paused 18ms+7ms, total 147ms
01-08 12:05:36.345 I/System.out( 3436): 20
01-08 12:05:37.356 I/System.out( 3436): 20
01-08 12:05:37.787 D/dalvikvm(  730): GC_CONCURRENT freed 437K, 6% free 10420K/11044K, paused 3ms+3ms, total 40ms
01-08 12:05:38.347 I/System.out( 3436): 20
01-08 12:05:39.358 I/System.out( 3436): 20
01-08 12:05:40.379 I/System.out( 3436): 21
01-08 12:05:41.360 I/System.out( 3436): 21
01-08 12:05:42.361 I/System.out( 3436): 21
01-08 12:05:42.542 D/dalvikvm(  730): GC_CONCURRENT freed 449K, 6% free 10418K/11044K, paused 8ms+4ms, total 63ms
01-08 12:05:43.362 I/System.out( 3436): 21
01-08 12:05:44.363 I/System.out( 3436): 21
01-08 12:05:45.354 I/System.out( 3436): 20
01-08 12:05:46.375 I/System.out( 3436): 20
01-08 12:05:46.415 D/dalvikvm( 3436): GC_CONCURRENT freed 401K, 5% free 9084K/9524K, paused 5ms+2ms, total 52ms
01-08 12:05:47.206 D/dalvikvm(  730): GC_CONCURRENT freed 445K, 6% free 10415K/11044K, paused 3ms+5ms, total 48ms
01-08 12:05:47.356 I/System.out( 3436): 20
01-08 12:05:48.367 I/System.out( 3436): 20
01-08 12:05:49.368 I/System.out( 3436): 20
01-08 12:05:50.369 I/System.out( 3436): 20
01-08 12:05:51.370 I/System.out( 3436): 20
01-08 12:05:51.871 D/dalvikvm(  730): GC_CONCURRENT freed 436K, 6% free 10412K/11044K, paused 3ms+3ms, total 46ms
01-08 12:05:52.371 I/System.out( 3436): 20
01-08 12:05:53.362 I/System.out( 3436): 19
01-08 12:05:53.903 D/dalvikvm(  519): GC_CONCURRENT freed 1898K, 12% free 16907K/19172K, paused 16ms+7ms, total 113ms
01-08 12:05:54.373 I/System.out( 3436): 19
01-08 12:05:55.364 I/System.out( 3436): 19
01-08 12:05:56.375 I/System.out( 3436): 19
01-08 12:05:56.625 D/dalvikvm(  730): GC_CONCURRENT freed 424K, 6% free 10402K/11044K, paused 2ms+4ms, total 33ms
01-08 12:05:57.366 I/System.out( 3436): 19
01-08 12:05:58.377 I/System.out( 3436): 20
01-08 12:05:59.368 I/System.out( 3436): 20
01-08 12:06:00.379 I/System.out( 3436): 20
01-08 12:06:01.310 D/dalvikvm(  730): GC_CONCURRENT freed 435K, 6% free 10400K/11044K, paused 7ms+4ms, total 52ms
01-08 12:06:01.370 I/System.out( 3436): 20
01-08 12:06:02.381 I/System.out( 3436): 20
01-08 12:06:03.372 I/System.out( 3436): 21
01-08 12:06:04.373 I/System.out( 3436): 21
01-08 12:06:05.374 I/System.out( 3436): 21
01-08 12:06:06.155 D/dalvikvm(  730): GC_CONCURRENT freed 444K, 6% free 10403K/11044K, paused 8ms+4ms, total 60ms
01-08 12:06:06.385 I/System.out( 3436): 21
01-08 12:06:07.376 I/System.out( 3436): 21
01-08 12:06:07.396 D/dalvikvm( 3436): GC_CONCURRENT freed 404K, 5% free 9074K/9520K, paused 1ms+2ms, total 19ms
01-08 12:06:08.387 I/System.out( 3436): 21
01-08 12:06:09.378 I/System.out( 3436): 21
01-08 12:06:10.389 I/System.out( 3436): 22
01-08 12:06:10.739 D/dalvikvm(  730): GC_CONCURRENT freed 457K, 6% free 10407K/11044K, paused 6ms+4ms, total 60ms
01-08 12:06:11.380 I/System.out( 3436): 22
01-08 12:06:12.120 D/dalvikvm(  519): GC_CONCURRENT freed 1957K, 12% free 16906K/19172K, paused 20ms+8ms, total 121ms
01-08 12:06:12.391 I/System.out( 3436): 22
01-08 12:06:13.372 I/System.out( 3436): 22
01-08 12:06:14.383 I/System.out( 3436): 22
01-08 12:06:14.703 D/dalvikvm(  730): GC_CONCURRENT freed 423K, 6% free 10396K/11044K, paused 2ms+3ms, total 32ms
01-08 12:06:15.374 I/System.out( 3436): 22
01-08 12:06:16.385 I/System.out( 3436): 22
01-08 12:06:17.376 I/System.out( 3436): 22
01-08 12:06:18.387 I/System.out( 3436): 22
01-08 12:06:18.737 D/dalvikvm(  730): GC_CONCURRENT freed 407K, 6% free 10398K/11044K, paused 3ms+3ms, total 35ms
01-08 12:06:19.387 I/System.out( 3436): 22
01-08 12:06:20.388 I/System.out( 3436): 21
01-08 12:06:21.389 I/System.out( 3436): 21
01-08 12:06:22.390 I/System.out( 3436): 22
01-08 12:06:23.391 I/System.out( 3436): 22
01-08 12:06:23.682 D/dalvikvm(  730): GC_CONCURRENT freed 448K, 6% free 10421K/11044K, paused 6ms+4ms, total 67ms
01-08 12:06:24.392 I/System.out( 3436): 22
01-08 12:06:25.393 I/System.out( 3436): 22
01-08 12:06:26.384 I/System.out( 3436): 21
01-08 12:06:27.415 I/System.out( 3436): 20
01-08 12:06:27.455 D/dalvikvm( 3436): GC_CONCURRENT freed 394K, 5% free 9084K/9520K, paused 9ms+2ms, total 59ms
01-08 12:06:28.346 D/dalvikvm(  730): GC_CONCURRENT freed 461K, 6% free 10411K/11044K, paused 10ms+4ms, total 50ms
01-08 12:06:28.386 I/System.out( 3436): 20
01-08 12:06:29.397 I/System.out( 3436): 20
01-08 12:06:29.688 D/dalvikvm(  519): GC_CONCURRENT freed 1932K, 12% free 16913K/19172K, paused 9ms+8ms, total 111ms
01-08 12:06:30.388 I/System.out( 3436): 20
01-08 12:06:31.399 I/System.out( 3436): 20
01-08 12:06:32.390 I/System.out( 3436): 20
01-08 12:06:33.061 D/dalvikvm(  730): GC_CONCURRENT freed 440K, 6% free 10404K/11044K, paused 2ms+4ms, total 44ms
01-08 12:06:33.401 I/System.out( 3436): 20
01-08 12:06:34.382 I/System.out( 3436): 21
01-08 12:06:35.393 I/System.out( 3436): 21
01-08 12:06:36.394 I/System.out( 3436): 21
01-08 12:06:37.405 I/System.out( 3436): 21
01-08 12:06:37.725 D/dalvikvm(  730): GC_CONCURRENT freed 446K, 6% free 10413K/11044K, paused 3ms+4ms, total 47ms
01-08 12:06:38.396 I/System.out( 3436): 20
01-08 12:06:39.407 I/System.out( 3436): 20
01-08 12:06:40.408 I/System.out( 3436): 21
01-08 12:06:41.409 I/System.out( 3436): 21
01-08 12:06:42.410 I/System.out( 3436): 21
01-08 12:06:42.480 D/dalvikvm(  730): GC_CONCURRENT freed 448K, 6% free 10412K/11044K, paused 7ms+4ms, total 61ms
01-08 12:06:43.421 I/System.out( 3436): 21
01-08 12:06:44.402 I/System.out( 3436): 21
01-08 12:06:45.403 I/System.out( 3436): 21
01-08 12:06:46.424 I/System.out( 3436): 21
01-08 12:06:47.195 D/dalvikvm(  730): GC_CONCURRENT freed 450K, 6% free 10417K/11044K, paused 6ms+4ms, total 73ms
01-08 12:06:47.425 I/System.out( 3436): 21
01-08 12:06:47.465 D/dalvikvm( 3436): GC_CONCURRENT freed 389K, 5% free 9082K/9520K, paused 5ms+2ms, total 55ms
01-08 12:06:47.925 D/dalvikvm(  519): GC_CONCURRENT freed 1959K, 12% free 16909K/19172K, paused 26ms+7ms, total 131ms
01-08 12:06:48.416 I/System.out( 3436): 21
01-08 12:06:49.417 I/System.out( 3436): 20
01-08 12:06:50.418 I/System.out( 3436): 20
01-08 12:06:51.419 I/System.out( 3436): 19
01-08 12:06:51.879 D/dalvikvm(  730): GC_CONCURRENT freed 440K, 6% free 10406K/11044K, paused 7ms+3ms, total 50ms
01-08 12:06:52.430 I/System.out( 3436): 19
01-08 12:06:53.421 I/System.out( 3436): 20
01-08 12:06:54.432 I/System.out( 3436): 20
01-08 12:06:55.413 I/System.out( 3436): 20
01-08 12:06:56.444 I/System.out( 3436): 20
01-08 12:06:56.524 D/dalvikvm(  730): GC_CONCURRENT freed 432K, 6% free 10404K/11044K, paused 3ms+4ms, total 40ms
01-08 12:06:57.425 I/System.out( 3436): 19
01-08 12:06:58.426 I/System.out( 3436): 20
01-08 12:06:59.417 I/System.out( 3436): 20
01-08 12:06:59.417 I/System.out( 3436): Battery level start is reached
01-08 12:07:00.428 I/System.out( 3436): 21
01-08 12:07:01.429 I/System.out( 3436): 21
01-08 12:07:01.479 D/dalvikvm(  730): GC_CONCURRENT freed 439K, 6% free 10407K/11044K, paused 3ms+5ms, total 42ms
01-08 12:07:02.429 I/System.out( 3436): 21
01-08 12:07:03.430 I/System.out( 3436): 21
01-08 12:07:04.431 I/System.out( 3436): 21
01-08 12:07:05.432 I/System.out( 3436): 19
01-08 12:07:06.323 D/dalvikvm(  519): GC_CONCURRENT freed 1925K, 12% free 16911K/19172K, paused 22ms+10ms, total 141ms
01-08 12:07:06.373 D/dalvikvm(  730): GC_CONCURRENT freed 443K, 6% free 10409K/11044K, paused 3ms+4ms, total 37ms
01-08 12:07:06.423 I/System.out( 3436): 20
01-08 12:07:07.434 I/System.out( 3436): 20
01-08 12:07:08.425 I/System.out( 3436): 23
01-08 12:07:08.445 D/dalvikvm( 3436): GC_CONCURRENT freed 397K, 5% free 9086K/9520K, paused 2ms+2ms, total 22ms
01-08 12:07:09.436 I/System.out( 3436): 23
01-08 12:07:10.447 I/System.out( 3436): 23
01-08 12:07:10.517 D/dalvikvm(  730): GC_CONCURRENT freed 423K, 6% free 10403K/11044K, paused 3ms+3ms, total 35ms
01-08 12:07:11.438 I/System.out( 3436): 23
01-08 12:07:12.439 I/System.out( 3436): 22
01-08 12:07:13.430 I/System.out( 3436): 20
01-08 12:07:14.441 I/System.out( 3436): 20
01-08 12:07:15.332 D/dalvikvm(  730): GC_CONCURRENT freed 443K, 6% free 10414K/11044K, paused 6ms+4ms, total 75ms
01-08 12:07:15.422 I/System.out( 3436): 20
01-08 12:07:16.433 I/System.out( 3436): 20
01-08 12:07:17.424 I/System.out( 3436): 20
01-08 12:07:18.435 I/System.out( 3436): 20
01-08 12:07:19.426 I/System.out( 3436): 20
01-08 12:07:19.957 D/dalvikvm(  730): GC_CONCURRENT freed 442K, 6% free 10405K/11044K, paused 3ms+4ms, total 40ms
01-08 12:07:20.437 I/System.out( 3436): 20
01-08 12:07:21.428 I/System.out( 3436): 19
01-08 12:07:22.439 I/System.out( 3436): 19
01-08 12:07:23.430 I/System.out( 3436): 20
01-08 12:07:24.441 I/System.out( 3436): 20
01-08 12:07:24.681 D/dalvikvm(  519): GC_CONCURRENT freed 1956K, 12% free 16905K/19172K, paused 7ms+6ms, total 117ms
01-08 12:07:24.701 D/dalvikvm(  730): GC_CONCURRENT freed 427K, 6% free 10402K/11044K, paused 3ms+4ms, total 29ms
01-08 12:07:25.432 I/System.out( 3436): 20
01-08 12:07:26.433 I/System.out( 3436): 20
01-08 12:07:27.444 I/System.out( 3436): 20
01-08 12:07:28.445 I/System.out( 3436): 20
01-08 12:07:29.376 D/dalvikvm(  730): GC_CONCURRENT freed 435K, 6% free 10399K/11044K, paused 3ms+4ms, total 38ms
01-08 12:07:29.436 I/System.out( 3436): 20
01-08 12:07:29.456 D/dalvikvm( 3436): GC_CONCURRENT freed 411K, 5% free 9077K/9528K, paused 1ms+2ms, total 19ms
01-08 12:07:30.447 I/System.out( 3436): 20
01-08 12:07:31.438 I/System.out( 3436): 20
01-08 12:07:32.449 I/System.out( 3436): 20
01-08 12:07:33.440 I/System.out( 3436): 19
01-08 12:07:34.000 D/dalvikvm(  730): GC_CONCURRENT freed 429K, 6% free 10393K/11044K, paused 7ms+3ms, total 50ms
01-08 12:07:34.451 I/System.out( 3436): 19
01-08 12:07:35.432 I/System.out( 3436): 19
01-08 12:07:36.443 I/System.out( 3436): 20
01-08 12:07:37.434 I/System.out( 3436): 20
01-08 12:07:38.445 I/System.out( 3436): 20
01-08 12:07:38.805 D/dalvikvm(  730): GC_CONCURRENT freed 427K, 6% free 10396K/11044K, paused 3ms+3ms, total 43ms
01-08 12:07:39.436 I/System.out( 3436): 21
01-08 12:07:40.447 I/System.out( 3436): 21
01-08 12:07:41.468 I/System.out( 3436): 21
01-08 12:07:42.459 I/System.out( 3436): 21
01-08 12:07:42.989 D/dalvikvm(  519): GC_CONCURRENT freed 1898K, 12% free 16903K/19172K, paused 12ms+7ms, total 115ms
01-08 12:07:43.450 I/System.out( 3436): 21
01-08 12:07:43.730 D/dalvikvm(  730): GC_CONCURRENT freed 445K, 6% free 10405K/11044K, paused 7ms+4ms, total 62ms
01-08 12:07:44.450 I/System.out( 3436): 20
01-08 12:07:45.451 I/System.out( 3436): 20
01-08 12:07:46.442 I/System.out( 3436): 22
01-08 12:07:47.453 I/System.out( 3436): 22
01-08 12:07:48.444 I/System.out( 3436): 22
01-08 12:07:48.444 D/dalvikvm(  730): GC_CONCURRENT freed 460K, 6% free 10409K/11044K, paused 6ms+4ms, total 58ms
01-08 12:07:49.455 I/System.out( 3436): 22
01-08 12:07:50.456 I/System.out( 3436): 22
01-08 12:07:50.466 D/dalvikvm( 3436): GC_CONCURRENT freed 396K, 5% free 9086K/9524K, paused 2ms+1ms, total 21ms
01-08 12:07:51.457 I/System.out( 3436): 20
01-08 12:07:52.448 I/System.out( 3436): 20
01-08 12:07:53.089 D/dalvikvm(  730): GC_CONCURRENT freed 456K, 6% free 10405K/11044K, paused 8ms+4ms, total 51ms
01-08 12:07:53.459 I/System.out( 3436): 20
01-08 12:07:54.460 I/System.out( 3436): 20
01-08 12:07:55.461 I/System.out( 3436): 20
01-08 12:07:56.442 I/System.out( 3436): 20
01-08 12:07:57.453 I/System.out( 3436): 20
01-08 12:07:57.633 D/dalvikvm(  730): GC_CONCURRENT freed 441K, 6% free 10396K/11044K, paused 7ms+5ms, total 58ms
01-08 12:07:58.464 I/System.out( 3436): 19
01-08 12:07:59.455 I/System.out( 3436): 19
01-08 12:08:00.456 I/System.out( 3436): 19
01-08 12:08:01.057 D/dalvikvm(  519): GC_CONCURRENT freed 1942K, 12% free 16911K/19172K, paused 20ms+7ms, total 122ms
01-08 12:08:01.467 I/System.out( 3436): 19
01-08 12:08:02.408 D/dalvikvm(  730): GC_CONCURRENT freed 426K, 6% free 10385K/11044K, paused 2ms+4ms, total 36ms
01-08 12:08:02.458 I/System.out( 3436): 19
01-08 12:08:03.469 I/System.out( 3436): 20
01-08 12:08:04.460 I/System.out( 3436): 20
01-08 12:08:05.471 I/System.out( 3436): 19
01-08 12:08:06.462 I/System.out( 3436): 19
01-08 12:08:07.243 D/dalvikvm(  730): GC_CONCURRENT freed 418K, 6% free 10393K/11044K, paused 9ms+4ms, total 46ms
01-08 12:08:07.463 I/System.out( 3436): 21
01-08 12:08:08.464 I/System.out( 3436): 21
01-08 12:08:09.455 I/System.out( 3436): 21
01-08 12:08:10.476 I/System.out( 3436): 21
01-08 12:08:11.477 I/System.out( 3436): 23
01-08 12:08:11.507 D/dalvikvm( 3436): GC_CONCURRENT freed 396K, 5% free 9085K/9524K, paused 9ms+2ms, total 35ms
01-08 12:08:12.248 D/dalvikvm(  730): GC_CONCURRENT freed 452K, 6% free 10408K/11044K, paused 6ms+5ms, total 62ms
01-08 12:08:12.478 I/System.out( 3436): 23
01-08 12:08:13.479 I/System.out( 3436): 22
01-08 12:08:14.470 I/System.out( 3436): 22
01-08 12:08:15.481 I/System.out( 3436): 22
01-08 12:08:16.462 I/System.out( 3436): 22
01-08 12:08:17.242 D/dalvikvm(  730): GC_CONCURRENT freed 468K, 6% free 10411K/11044K, paused 6ms+4ms, total 81ms
01-08 12:08:17.473 I/System.out( 3436): 20
01-08 12:08:18.474 I/System.out( 3436): 20
01-08 12:08:19.475 I/System.out( 3436): 22
01-08 12:08:19.475 D/dalvikvm(  519): GC_CONCURRENT freed 1918K, 12% free 16886K/19172K, paused 8ms+7ms, total 100ms
01-08 12:08:20.486 I/System.out( 3436): 22
01-08 12:08:21.477 I/System.out( 3436): 22
01-08 12:08:22.127 D/dalvikvm(  730): GC_CONCURRENT freed 464K, 6% free 10411K/11044K, paused 6ms+4ms, total 63ms
01-08 12:08:22.488 I/System.out( 3436): 22
01-08 12:08:23.499 I/System.out( 3436): 22
01-08 12:08:24.500 I/System.out( 3436): 22
01-08 12:08:25.491 I/System.out( 3436): 20
01-08 12:08:26.471 I/System.out( 3436): 21
01-08 12:08:27.052 D/dalvikvm(  730): GC_CONCURRENT freed 456K, 6% free 10409K/11044K, paused 9ms+4ms, total 62ms
01-08 12:08:27.492 I/System.out( 3436): 20
01-08 12:08:28.473 I/System.out( 3436): 21
01-08 12:08:29.484 I/System.out( 3436): 22
01-08 12:08:30.475 I/System.out( 3436): 22
01-08 12:08:31.526 I/System.out( 3436): 22
01-08 12:08:31.556 D/dalvikvm( 3436): GC_CONCURRENT freed 400K, 5% free 9086K/9524K, paused 5ms+2ms, total 78ms
01-08 12:08:31.697 D/dalvikvm(  730): GC_CONCURRENT freed 461K, 6% free 10416K/11044K, paused 3ms+5ms, total 54ms
01-08 12:08:32.487 I/System.out( 3436): 22
01-08 12:08:33.498 I/System.out( 3436): 22
01-08 12:08:34.489 I/System.out( 3436): 21
01-08 12:08:35.500 I/System.out( 3436): 21
01-08 12:08:36.431 D/dalvikvm(  730): GC_CONCURRENT freed 460K, 6% free 10413K/11044K, paused 8ms+4ms, total 81ms
01-08 12:08:36.491 I/System.out( 3436): 20
01-08 12:08:37.172 D/dalvikvm(  519): GC_CONCURRENT freed 1905K, 12% free 16907K/19172K, paused 17ms+7ms, total 114ms
01-08 12:08:37.492 I/System.out( 3436): 20
01-08 12:08:38.493 I/System.out( 3436): 20
01-08 12:08:39.494 I/System.out( 3436): 19
01-08 12:08:40.485 I/System.out( 3436): 18
01-08 12:08:41.066 D/dalvikvm(  730): GC_CONCURRENT freed 431K, 6% free 10399K/11044K, paused 7ms+4ms, total 44ms
01-08 12:08:41.496 I/System.out( 3436): 19
01-08 12:08:42.507 I/System.out( 3436): 19
01-08 12:08:43.498 I/System.out( 3436): 19
01-08 12:08:44.499 I/System.out( 3436): 20
01-08 12:08:45.510 I/System.out( 3436): 20
01-08 12:08:45.680 D/dalvikvm(  730): GC_CONCURRENT freed 419K, 6% free 10402K/11044K, paused 9ms+4ms, total 44ms
01-08 12:08:46.501 I/System.out( 3436): 20
01-08 12:08:47.502 I/System.out( 3436): 20
01-08 12:08:48.493 I/System.out( 3436): 20
01-08 12:08:49.504 I/System.out( 3436): 20
01-08 12:08:50.505 I/System.out( 3436): 20
01-08 12:08:50.555 D/dalvikvm(  730): GC_CONCURRENT freed 430K, 6% free 10404K/11044K, paused 2ms+4ms, total 44ms
01-08 12:08:51.506 I/System.out( 3436): 20
01-08 12:08:52.517 I/System.out( 3436): 21
01-08 12:08:52.527 D/dalvikvm( 3436): GC_CONCURRENT freed 398K, 5% free 9084K/9524K, paused 5ms+2ms, total 28ms
01-08 12:08:53.508 I/System.out( 3436): 25
01-08 12:08:54.509 I/System.out( 3436): 25
01-08 12:08:54.649 D/dalvikvm(  730): GC_CONCURRENT freed 421K, 6% free 10406K/11044K, paused 3ms+16ms, total 50ms
01-08 12:08:55.330 D/dalvikvm(  519): GC_CONCURRENT freed 1937K, 12% free 16893K/19172K, paused 9ms+8ms, total 128ms
01-08 12:08:55.510 I/System.out( 3436): 25
01-08 12:08:56.511 I/System.out( 3436): 25
01-08 12:08:57.502 I/System.out( 3436): 25
01-08 12:08:58.503 I/System.out( 3436): 24
01-08 12:08:58.793 D/dalvikvm(  730): GC_CONCURRENT freed 439K, 6% free 10425K/11044K, paused 7ms+4ms, total 80ms
01-08 12:08:59.494 I/System.out( 3436): 20
01-08 12:09:00.505 I/System.out( 3436): 23
01-08 12:09:01.506 I/System.out( 3436): 23
01-08 12:09:02.517 I/System.out( 3436): 23
01-08 12:09:03.007 D/dalvikvm(  730): GC_CONCURRENT freed 439K, 6% free 10412K/11044K, paused 3ms+3ms, total 36ms
01-08 12:09:03.518 I/System.out( 3436): 24
01-08 12:09:04.509 I/System.out( 3436): 24
01-08 12:09:05.520 I/System.out( 3436): 24
01-08 12:09:06.521 I/System.out( 3436): 24
01-08 12:09:07.351 D/dalvikvm(  730): GC_CONCURRENT freed 430K, 6% free 10426K/11044K, paused 9ms+3ms, total 49ms
01-08 12:09:07.512 I/System.out( 3436): 23
01-08 12:09:08.512 I/System.out( 3436): 21
01-08 12:09:09.503 I/System.out( 3436): 25
01-08 12:09:10.524 I/System.out( 3436): 25
01-08 12:09:10.605 D/dalvikvm( 3436): GC_CONCURRENT freed 394K, 5% free 9087K/9520K, paused 5ms+7ms, total 96ms
01-08 12:09:11.395 D/dalvikvm(  519): GC_CONCURRENT freed 1946K, 12% free 16884K/19172K, paused 21ms+8ms, total 129ms
01-08 12:09:11.455 D/dalvikvm(  730): GC_CONCURRENT freed 442K, 6% free 10437K/11044K, paused 3ms+4ms, total 43ms
01-08 12:09:11.505 I/System.out( 3436): 25
01-08 12:09:12.536 I/System.out( 3436): 25
01-08 12:09:13.517 I/System.out( 3436): 24
01-08 12:09:14.528 I/System.out( 3436): 24
01-08 12:09:15.489 D/dalvikvm(  730): GC_CONCURRENT freed 442K, 6% free 10441K/11044K, paused 2ms+5ms, total 40ms
01-08 12:09:15.519 I/System.out( 3436): 23
01-08 12:09:16.530 I/System.out( 3436): 23
01-08 12:09:17.521 I/System.out( 3436): 23
01-08 12:09:18.522 I/System.out( 3436): 23
01-08 12:09:19.433 D/dalvikvm(  730): GC_CONCURRENT freed 430K, 6% free 10437K/11044K, paused 2ms+4ms, total 35ms
01-08 12:09:19.513 I/System.out( 3436): 23
01-08 12:09:20.524 I/System.out( 3436): 21
01-08 12:09:21.515 I/System.out( 3436): 22
01-08 12:09:22.526 I/System.out( 3436): 22
01-08 12:09:23.517 I/System.out( 3436): 22
01-08 12:09:24.048 D/dalvikvm(  730): GC_CONCURRENT freed 454K, 6% free 10450K/11044K, paused 6ms+4ms, total 81ms
01-08 12:09:24.528 I/System.out( 3436): 22
01-08 12:09:25.529 I/System.out( 3436): 23
01-08 12:09:26.520 I/System.out( 3436): 22
01-08 12:09:27.161 D/dalvikvm(  519): GC_CONCURRENT freed 1876K, 12% free 16902K/19172K, paused 10ms+8ms, total 128ms
01-08 12:09:27.531 I/System.out( 3436): 22
01-08 12:09:28.512 I/System.out( 3436): 23
01-08 12:09:28.532 D/dalvikvm(  730): GC_CONCURRENT freed 475K, 6% free 10461K/11048K, paused 6ms+4ms, total 63ms
01-08 12:09:29.543 I/System.out( 3436): 23
01-08 12:09:29.583 D/dalvikvm( 3436): GC_CONCURRENT freed 404K, 5% free 9087K/9528K, paused 5ms+2ms, total 59ms
01-08 12:09:30.524 I/System.out( 3436): 21
01-08 12:09:31.535 I/System.out( 3436): 22
01-08 12:09:32.526 I/System.out( 3436): 23
01-08 12:09:33.177 D/dalvikvm(  730): GC_CONCURRENT freed 478K, 6% free 10466K/11056K, paused 9ms+4ms, total 71ms
01-08 12:09:33.537 I/System.out( 3436): 23
01-08 12:09:34.528 I/System.out( 3436): 23
01-08 12:09:35.549 I/System.out( 3436): 23
01-08 12:09:36.540 I/System.out( 3436): 22
01-08 12:09:37.541 I/System.out( 3436): 22
01-08 12:09:37.891 D/dalvikvm(  730): GC_CONCURRENT freed 486K, 6% free 10471K/11072K, paused 2ms+5ms, total 53ms
01-08 12:09:38.532 I/System.out( 3436): 22
01-08 12:09:39.543 I/System.out( 3436): 22
01-08 12:09:40.534 I/System.out( 3436): 23
01-08 12:09:41.545 I/System.out( 3436): 21
01-08 12:09:42.536 I/System.out( 3436): 21
01-08 12:09:42.576 D/dalvikvm(  730): GC_CONCURRENT freed 486K, 6% free 10460K/11072K, paused 8ms+4ms, total 82ms
01-08 12:09:43.547 I/System.out( 3436): 20
01-08 12:09:43.867 D/dalvikvm(  519): GC_CONCURRENT freed 1919K, 12% free 16908K/19172K, paused 20ms+8ms, total 125ms
01-08 12:09:44.538 I/System.out( 3436): 20
01-08 12:09:45.549 I/System.out( 3436): 20
01-08 12:09:46.550 I/System.out( 3436): 20
01-08 12:09:47.390 D/dalvikvm(  730): GC_CONCURRENT freed 449K, 6% free 10446K/11072K, paused 6ms+4ms, total 44ms
01-08 12:09:47.541 I/System.out( 3436): 20
01-08 12:09:48.542 I/System.out( 3436): 20
01-08 12:09:49.553 I/System.out( 3436): 20
01-08 12:09:49.613 D/dalvikvm( 3436): GC_CONCURRENT freed 403K, 5% free 9085K/9528K, paused 5ms+7ms, total 77ms
01-08 12:09:50.543 I/System.out( 3436): 19
01-08 12:09:51.544 I/System.out( 3436): 19
01-08 12:09:51.895 D/dalvikvm(  730): GC_CONCURRENT freed 438K, 6% free 10445K/11072K, paused 2ms+3ms, total 39ms
01-08 12:09:52.535 I/System.out( 3436): 23
01-08 12:09:53.546 I/System.out( 3436): 23
01-08 12:09:54.557 I/System.out( 3436): 23
01-08 12:09:55.548 I/System.out( 3436): 23
01-08 12:09:55.989 D/dalvikvm(  730): GC_CONCURRENT freed 430K, 6% free 10445K/11072K, paused 2ms+3ms, total 35ms
01-08 12:09:56.559 I/System.out( 3436): 24
01-08 12:09:57.540 I/System.out( 3436): 20
01-08 12:09:58.551 I/System.out( 3436): 20
01-08 12:09:59.542 I/System.out( 3436): 20
01-08 12:10:00.543 I/System.out( 3436): 20
01-08 12:10:00.663 D/dalvikvm(  730): GC_CONCURRENT freed 454K, 6% free 10440K/11072K, paused 3ms+4ms, total 41ms
01-08 12:10:01.354 D/dalvikvm(  519): GC_CONCURRENT freed 1932K, 12% free 16899K/19172K, paused 16ms+7ms, total 112ms
01-08 12:10:01.544 I/System.out( 3436): 19
01-08 12:10:02.555 I/System.out( 3436): 24
01-08 12:10:03.556 I/System.out( 3436): 24
01-08 12:10:04.557 I/System.out( 3436): 24
01-08 12:10:05.478 D/dalvikvm(  730): GC_CONCURRENT freed 472K, 6% free 10456K/11072K, paused 6ms+5ms, total 89ms
01-08 12:10:05.548 I/System.out( 3436): 24
01-08 12:10:06.559 I/System.out( 3436): 24
01-08 12:10:07.560 I/System.out( 3436): 24
01-08 12:10:08.551 I/System.out( 3436): 23
01-08 12:10:08.571 D/dalvikvm( 3436): GC_CONCURRENT freed 400K, 5% free 9076K/9528K, paused 1ms+2ms, total 18ms
01-08 12:10:09.162 D/dalvikvm(  730): GC_CONCURRENT freed 450K, 6% free 10439K/11072K, paused 6ms+4ms, total 39ms
01-08 12:10:09.552 I/System.out( 3436): 21
01-08 12:10:10.553 I/System.out( 3436): 19
01-08 12:10:11.554 I/System.out( 3436): 19
01-08 12:10:12.575 I/System.out( 3436): 18
01-08 12:10:13.546 I/System.out( 3436): 20
01-08 12:10:14.577 I/System.out( 3436): 20
01-08 12:10:14.657 D/dalvikvm(  730): GC_CONCURRENT freed 473K, 6% free 10445K/11068K, paused 17ms+5ms, total 58ms
01-08 12:10:15.558 I/System.out( 3436): 20
01-08 12:10:16.559 I/System.out( 3436): 20
01-08 12:10:17.560 I/System.out( 3436): 20
01-08 12:10:18.561 I/System.out( 3436): 20
01-08 12:10:18.731 D/dalvikvm(  519): GC_CONCURRENT freed 1942K, 12% free 16901K/19172K, paused 8ms+8ms, total 119ms
01-08 12:10:19.362 D/dalvikvm(  730): GC_CONCURRENT freed 466K, 6% free 10433K/11068K, paused 6ms+4ms, total 52ms
01-08 12:10:19.552 I/System.out( 3436): 23
01-08 12:10:20.563 I/System.out( 3436): 23
01-08 12:10:21.564 I/System.out( 3436): 23
01-08 12:10:22.555 I/System.out( 3436): 24
01-08 12:10:23.225 D/dalvikvm(  730): GC_CONCURRENT freed 434K, 6% free 10425K/11068K, paused 3ms+4ms, total 41ms
01-08 12:10:23.566 I/System.out( 3436): 22
01-08 12:10:24.557 I/System.out( 3436): 20
01-08 12:10:25.568 I/System.out( 3436): 20
01-08 12:10:26.569 I/System.out( 3436): 20
01-08 12:10:27.570 I/System.out( 3436): 20
01-08 12:10:28.110 D/dalvikvm(  730): GC_CONCURRENT freed 435K, 6% free 10423K/11068K, paused 3ms+4ms, total 39ms
01-08 12:10:28.581 I/System.out( 3436): 21
01-08 12:10:28.631 D/dalvikvm( 3436): GC_CONCURRENT freed 379K, 5% free 9083K/9520K, paused 7ms+2ms, total 58ms
01-08 12:10:29.562 I/System.out( 3436): 21
01-08 12:10:30.563 I/System.out( 3436): 21
01-08 12:10:31.554 I/System.out( 3436): 21
01-08 12:10:32.564 I/System.out( 3436): 21
01-08 12:10:32.855 D/dalvikvm(  730): GC_CONCURRENT freed 449K, 6% free 10429K/11068K, paused 8ms+4ms, total 76ms
01-08 12:10:33.555 I/System.out( 3436): 20
01-08 12:10:34.566 I/System.out( 3436): 20
01-08 12:10:35.557 I/System.out( 3436): 21
01-08 12:10:36.198 D/dalvikvm(  519): GC_CONCURRENT freed 1917K, 12% free 16902K/19172K, paused 18ms+7ms, total 133ms
01-08 12:10:36.568 I/System.out( 3436): 21
01-08 12:10:37.459 D/dalvikvm(  730): GC_CONCURRENT freed 453K, 6% free 10427K/11068K, paused 3ms+4ms, total 60ms
01-08 12:10:37.559 I/System.out( 3436): 22
01-08 12:10:38.570 I/System.out( 3436): 22
01-08 12:10:39.561 I/System.out( 3436): 22
01-08 12:10:40.572 I/System.out( 3436): 21
01-08 12:10:41.573 I/System.out( 3436): 20
01-08 12:10:42.064 D/dalvikvm(  730): GC_CONCURRENT freed 457K, 6% free 10424K/11068K, paused 6ms+4ms, total 47ms
01-08 12:10:42.574 I/System.out( 3436): 20
01-08 12:10:43.565 I/System.out( 3436): 19
01-08 12:10:44.576 I/System.out( 3436): 19
01-08 12:10:45.567 I/System.out( 3436): 20
01-08 12:10:46.578 I/System.out( 3436): 21
01-08 12:10:46.778 D/dalvikvm(  730): GC_CONCURRENT freed 438K, 6% free 10413K/11068K, paused 3ms+4ms, total 50ms
01-08 12:10:47.579 I/System.out( 3436): 21
01-08 12:10:48.610 I/System.out( 3436): 21
01-08 12:10:48.660 D/dalvikvm( 3436): GC_CONCURRENT freed 388K, 5% free 9083K/9520K, paused 8ms+2ms, total 56ms
01-08 12:10:49.591 I/System.out( 3436): 21
01-08 12:10:50.572 I/System.out( 3436): 21
01-08 12:10:51.433 D/dalvikvm(  730): GC_CONCURRENT freed 443K, 6% free 10415K/11068K, paused 8ms+5ms, total 58ms
01-08 12:10:51.573 I/System.out( 3436): 19
01-08 12:10:52.584 I/System.out( 3436): 19
01-08 12:10:53.575 I/System.out( 3436): 19
01-08 12:10:54.236 D/dalvikvm(  519): GC_CONCURRENT freed 1898K, 12% free 16914K/19172K, paused 9ms+8ms, total 123ms
01-08 12:10:54.586 I/System.out( 3436): 19
01-08 12:10:55.577 I/System.out( 3436): 19
01-08 12:10:56.588 I/System.out( 3436): 19
01-08 12:10:56.938 D/dalvikvm(  730): GC_CONCURRENT freed 465K, 6% free 10419K/11060K, paused 5ms+3ms, total 75ms
01-08 12:10:57.579 I/System.out( 3436): 19
01-08 12:10:58.590 I/System.out( 3436): 20
01-08 12:10:59.581 I/System.out( 3436): 22
01-08 12:11:00.582 I/System.out( 3436): 22
01-08 12:11:01.563 D/dalvikvm(  730): GC_CONCURRENT freed 472K, 6% free 10417K/11060K, paused 6ms+4ms, total 63ms
01-08 12:11:01.573 I/System.out( 3436): 23
01-08 12:11:02.584 I/System.out( 3436): 23
01-08 12:11:03.575 I/System.out( 3436): 22
01-08 12:11:04.586 I/System.out( 3436): 23
01-08 12:11:05.587 I/System.out( 3436): 23
01-08 12:11:05.657 D/dalvikvm(  730): GC_CONCURRENT freed 432K, 6% free 10408K/11060K, paused 3ms+4ms, total 36ms
01-08 12:11:06.588 I/System.out( 3436): 24
01-08 12:11:07.589 I/System.out( 3436): 24
01-08 12:11:08.580 I/System.out( 3436): 24
01-08 12:11:08.640 D/dalvikvm( 3436): GC_CONCURRENT freed 403K, 5% free 9076K/9520K, paused 8ms+2ms, total 60ms
01-08 12:11:09.591 I/System.out( 3436): 24
01-08 12:11:09.771 D/dalvikvm(  730): GC_CONCURRENT freed 434K, 6% free 10420K/11060K, paused 3ms+4ms, total 50ms
01-08 12:11:10.592 I/System.out( 3436): 24
01-08 12:11:11.092 D/dalvikvm(  519): GC_CONCURRENT freed 1970K, 12% free 16897K/19172K, paused 9ms+11ms, total 134ms
01-08 12:11:11.593 I/System.out( 3436): 24
01-08 12:11:12.584 I/System.out( 3436): 24
01-08 12:11:13.595 I/System.out( 3436): 24
01-08 12:11:13.815 D/dalvikvm(  730): GC_CONCURRENT freed 436K, 6% free 10417K/11060K, paused 2ms+4ms, total 40ms
01-08 12:11:14.585 I/System.out( 3436): 20
01-08 12:11:15.596 I/System.out( 3436): 20
01-08 12:11:16.587 I/System.out( 3436): 21
01-08 12:11:17.598 I/System.out( 3436): 20
01-08 12:11:18.409 D/dalvikvm(  730): GC_CONCURRENT freed 441K, 6% free 10420K/11060K, paused 3ms+4ms, total 42ms
01-08 12:11:18.599 I/System.out( 3436): 21
01-08 12:11:19.610 I/System.out( 3436): 21
01-08 12:11:20.591 I/System.out( 3436): 21
01-08 12:11:21.582 I/System.out( 3436): 21
01-08 12:11:22.593 I/System.out( 3436): 18
01-08 12:11:22.743 D/dalvikvm(  730): GC_CONCURRENT freed 444K, 6% free 10419K/11060K, paused 6ms+4ms, total 55ms
01-08 12:11:23.604 I/System.out( 3436): 20
01-08 12:11:24.605 I/System.out( 3436): 20
01-08 12:11:25.606 I/System.out( 3436): 23
01-08 12:11:26.607 I/System.out( 3436): 23
01-08 12:11:27.548 D/dalvikvm(  730): GC_CONCURRENT freed 468K, 6% free 10436K/11060K, paused 7ms+5ms, total 85ms
01-08 12:11:27.598 I/System.out( 3436): 24
01-08 12:11:27.618 D/dalvikvm( 3436): GC_CONCURRENT freed 385K, 5% free 9076K/9520K, paused 2ms+2ms, total 19ms
01-08 12:11:28.289 D/dalvikvm(  519): GC_CONCURRENT freed 1948K, 12% free 16897K/19172K, paused 24ms+7ms, total 150ms
01-08 12:11:28.609 I/System.out( 3436): 24
01-08 12:11:29.610 I/System.out( 3436): 24
01-08 12:11:30.611 I/System.out( 3436): 24
01-08 12:11:31.572 D/dalvikvm(  730): GC_CONCURRENT freed 452K, 6% free 10429K/11060K, paused 2ms+4ms, total 46ms
01-08 12:11:31.602 I/System.out( 3436): 24
01-08 12:11:32.613 I/System.out( 3436): 24
01-08 12:11:33.614 I/System.out( 3436): 24
01-08 12:11:34.615 I/System.out( 3436): 25
01-08 12:11:35.616 I/System.out( 3436): 25
01-08 12:11:35.956 D/dalvikvm(  730): GC_CONCURRENT freed 445K, 6% free 10439K/11060K, paused 7ms+4ms, total 61ms
01-08 12:11:36.607 I/System.out( 3436): 25
01-08 12:11:37.618 I/System.out( 3436): 25
01-08 12:11:38.609 I/System.out( 3436): 25
01-08 12:11:39.620 I/System.out( 3436): 25
01-08 12:11:40.030 D/dalvikvm(  730): GC_CONCURRENT freed 451K, 6% free 10449K/11060K, paused 7ms+4ms, total 65ms
01-08 12:11:40.621 I/System.out( 3436): 24
01-08 12:11:41.612 I/System.out( 3436): 24
01-08 12:11:42.613 I/System.out( 3436): 24
01-08 12:11:43.604 I/System.out( 3436): 25
01-08 12:11:44.154 D/dalvikvm(  519): GC_CONCURRENT freed 1948K, 12% free 16894K/19172K, paused 9ms+8ms, total 137ms
01-08 12:11:44.194 D/dalvikvm(  730): GC_CONCURRENT freed 449K, 6% free 10453K/11060K, paused 3ms+4ms, total 29ms
01-08 12:11:44.615 I/System.out( 3436): 25
01-08 12:11:45.506 D/dalvikvm( 3436): GC_CONCURRENT freed 385K, 5% free 9075K/9520K, paused 2ms+1ms, total 19ms
01-08 12:11:45.616 I/System.out( 3436): 24
01-08 12:11:46.627 I/System.out( 3436): 24
01-08 12:11:47.608 I/System.out( 3436): 22
01-08 12:11:48.288 D/dalvikvm(  730): GC_CONCURRENT freed 437K, 6% free 10447K/11060K, paused 1ms+3ms, total 34ms
01-08 12:11:48.619 I/System.out( 3436): 22
01-08 12:11:49.620 I/System.out( 3436): 22
01-08 12:11:50.621 I/System.out( 3436): 21
01-08 12:11:51.612 I/System.out( 3436): 21
01-08 12:11:52.623 I/System.out( 3436): 21
01-08 12:11:52.933 D/dalvikvm(  730): GC_CONCURRENT freed 452K, 6% free 10456K/11060K, paused 8ms+4ms, total 50ms
01-08 12:11:53.614 I/System.out( 3436): 21
01-08 12:11:54.625 I/System.out( 3436): 21
01-08 12:11:55.616 I/System.out( 3436): 21
01-08 12:11:56.627 I/System.out( 3436): 22
01-08 12:11:57.627 I/System.out( 3436): 22
01-08 12:11:57.718 D/dalvikvm(  730): GC_CONCURRENT freed 465K, 6% free 10454K/11060K, paused 7ms+4ms, total 61ms
01-08 12:11:58.638 I/System.out( 3436): 22
01-08 12:11:59.639 I/System.out( 3436): 22
01-08 12:12:00.640 I/System.out( 3436): 22
01-08 12:12:01.141 D/dalvikvm(  519): GC_CONCURRENT freed 1940K, 12% free 16898K/19172K, paused 20ms+8ms, total 133ms
01-08 12:12:01.631 I/System.out( 3436): 24
01-08 12:12:02.462 D/dalvikvm(  730): GC_CONCURRENT freed 481K, 6% free 10465K/11060K, paused 6ms+4ms, total 77ms
01-08 12:12:02.632 I/System.out( 3436): 23
01-08 12:12:03.683 I/System.out( 3436): 23
01-08 12:12:03.703 D/dalvikvm( 3436): GC_CONCURRENT freed 381K, 5% free 9085K/9520K, paused 12ms+2ms, total 70ms
01-08 12:12:04.634 I/System.out( 3436): 24
01-08 12:12:05.635 I/System.out( 3436): 24
01-08 12:12:06.336 D/dalvikvm(  730): GC_CONCURRENT freed 447K, 6% free 10457K/11060K, paused 2ms+3ms, total 39ms
01-08 12:12:06.646 I/System.out( 3436): 24
01-08 12:12:07.657 I/System.out( 3436): 24
01-08 12:12:08.648 I/System.out( 3436): 24
01-08 12:12:09.649 I/System.out( 3436): 24
01-08 12:12:10.360 D/dalvikvm(  730): GC_CONCURRENT freed 439K, 6% free 10464K/11060K, paused 3ms+5ms, total 41ms
01-08 12:12:10.650 I/System.out( 3436): 24
01-08 12:12:11.651 I/System.out( 3436): 21
01-08 12:12:12.642 I/System.out( 3436): 20
01-08 12:12:13.643 I/System.out( 3436): 21
01-08 12:12:14.644 I/System.out( 3436): 21
01-08 12:12:15.125 D/dalvikvm(  730): GC_CONCURRENT freed 456K, 6% free 10458K/11060K, paused 3ms+4ms, total 40ms
01-08 12:12:15.645 I/System.out( 3436): 21
01-08 12:12:16.636 I/System.out( 3436): 21
01-08 12:12:17.647 I/System.out( 3436): 20
01-08 12:12:18.057 D/dalvikvm(  519): GC_CONCURRENT freed 1941K, 12% free 16908K/19172K, paused 8ms+7ms, total 136ms
01-08 12:12:18.648 I/System.out( 3436): 20
01-08 12:12:19.649 I/System.out( 3436): 24
01-08 12:12:20.129 D/dalvikvm(  730): GC_CONCURRENT freed 466K, 6% free 10459K/11060K, paused 2ms+4ms, total 47ms
01-08 12:12:20.650 I/System.out( 3436): 24
01-08 12:12:21.651 I/System.out( 3436): 24
01-08 12:12:22.662 I/System.out( 3436): 24
01-08 12:12:22.732 D/dalvikvm( 3436): GC_CONCURRENT freed 396K, 5% free 9087K/9520K, paused 7ms+30ms, total 91ms
01-08 12:12:23.653 I/System.out( 3436): 24
01-08 12:12:24.213 D/dalvikvm(  730): GC_CONCURRENT freed 450K, 6% free 10455K/11060K, paused 2ms+3ms, total 40ms
01-08 12:12:24.654 I/System.out( 3436): 24
01-08 12:12:25.645 I/System.out( 3436): 24
01-08 12:12:26.656 I/System.out( 3436): 24
01-08 12:12:27.677 I/System.out( 3436): 24
01-08 12:12:28.478 D/dalvikvm(  730): GC_CONCURRENT freed 447K, 6% free 10459K/11060K, paused 11ms+4ms, total 49ms
01-08 12:12:28.648 I/System.out( 3436): 25
01-08 12:12:29.659 I/System.out( 3436): 25
01-08 12:12:30.650 I/System.out( 3436): 24
01-08 12:12:31.661 I/System.out( 3436): 24
01-08 12:12:32.542 D/dalvikvm(  730): GC_CONCURRENT freed 448K, 6% free 10463K/11060K, paused 3ms+4ms, total 41ms
01-08 12:12:32.642 I/System.out( 3436): 24
01-08 12:12:33.653 I/System.out( 3436): 23
01-08 12:12:33.913 D/dalvikvm(  519): GC_CONCURRENT freed 1955K, 12% free 16903K/19172K, paused 8ms+7ms, total 119ms
01-08 12:12:34.243 W/Process (  519): Unable to open /proc/4408/status
01-08 12:12:34.644 I/System.out( 3436): 20
01-08 12:12:35.655 I/System.out( 3436): 20
01-08 12:12:36.646 I/System.out( 3436): 19
01-08 12:12:37.216 D/dalvikvm(  730): GC_CONCURRENT freed 447K, 6% free 10452K/11060K, paused 2ms+4ms, total 36ms
01-08 12:12:37.657 I/System.out( 3436): 19
01-08 12:12:38.658 I/System.out( 3436): 19
01-08 12:12:39.658 I/System.out( 3436): 19
01-08 12:12:40.649 I/System.out( 3436): 20
01-08 12:12:41.680 I/System.out( 3436): 20
01-08 12:12:41.731 D/dalvikvm( 3436): GC_CONCURRENT freed 394K, 5% free 9084K/9520K, paused 6ms+7ms, total 71ms
01-08 12:12:42.601 D/dalvikvm(  730): GC_CONCURRENT freed 476K, 6% free 10461K/11060K, paused 9ms+4ms, total 73ms
01-08 12:12:42.651 I/System.out( 3436): 20
01-08 12:12:43.652 I/System.out( 3436): 20
01-08 12:12:44.643 I/System.out( 3436): 24
01-08 12:12:45.654 I/System.out( 3436): 24
01-08 12:12:46.655 I/System.out( 3436): 24
01-08 12:12:47.496 D/dalvikvm(  730): GC_CONCURRENT freed 492K, 6% free 10464K/11068K, paused 5ms+4ms, total 67ms
01-08 12:12:47.656 I/System.out( 3436): 24
01-08 12:12:48.657 I/System.out( 3436): 24
01-08 12:12:49.658 I/System.out( 3436): 24
01-08 12:12:50.659 I/System.out( 3436): 22
01-08 12:12:51.450 D/dalvikvm(  519): GC_CONCURRENT freed 1909K, 12% free 16903K/19172K, paused 9ms+7ms, total 117ms
01-08 12:12:51.660 I/System.out( 3436): 19
01-08 12:12:52.151 D/dalvikvm(  730): GC_CONCURRENT freed 481K, 6% free 10449K/11068K, paused 17ms+5ms, total 56ms
01-08 12:12:52.671 I/System.out( 3436): 19
01-08 12:12:53.662 I/System.out( 3436): 19
01-08 12:12:54.663 I/System.out( 3436): 23
01-08 12:12:55.654 I/System.out( 3436): 24
01-08 12:12:56.655 I/System.out( 3436): 24
01-08 12:12:57.035 D/dalvikvm(  730): GC_CONCURRENT freed 477K, 6% free 10454K/11068K, paused 15ms+5ms, total 63ms
01-08 12:12:57.656 I/System.out( 3436): 24
01-08 12:12:58.667 I/System.out( 3436): 24
01-08 12:12:59.668 I/System.out( 3436): 24
01-08 12:13:00.689 I/System.out( 3436): 24
01-08 12:13:00.739 D/dalvikvm( 3436): GC_CONCURRENT freed 396K, 5% free 9087K/9520K, paused 6ms+2ms, total 66ms
01-08 12:13:01.119 D/dalvikvm(  730): GC_CONCURRENT freed 458K, 6% free 10445K/11068K, paused 8ms+5ms, total 48ms
01-08 12:13:01.670 I/System.out( 3436): 24
01-08 12:13:02.681 I/System.out( 3436): 24
01-08 12:13:03.662 I/System.out( 3436): 24
01-08 12:13:04.673 I/System.out( 3436): 24
01-08 12:13:05.063 D/dalvikvm(  730): GC_CONCURRENT freed 442K, 6% free 10449K/11068K, paused 4ms+4ms, total 44ms
01-08 12:13:05.674 I/System.out( 3436): 22
01-08 12:13:06.675 I/System.out( 3436): 22
01-08 12:13:07.676 I/System.out( 3436): 21
01-08 12:13:07.826 D/dalvikvm(  519): GC_CONCURRENT freed 1949K, 12% free 16899K/19172K, paused 23ms+7ms, total 135ms
01-08 12:13:08.677 I/System.out( 3436): 24
01-08 12:13:09.678 I/System.out( 3436): 24
01-08 12:13:09.778 D/dalvikvm(  730): GC_CONCURRENT freed 474K, 6% free 10469K/11068K, paused 6ms+4ms, total 67ms
01-08 12:13:10.679 I/System.out( 3436): 24
01-08 12:13:11.680 I/System.out( 3436): 24
01-08 12:13:12.681 I/System.out( 3436): 23
01-08 12:13:13.712 I/System.out( 3436): 20
01-08 12:13:14.432 D/dalvikvm(  730): GC_CONCURRENT freed 496K, 6% free 10465K/11076K, paused 6ms+5ms, total 82ms
01-08 12:13:14.683 I/System.out( 3436): 22
01-08 12:13:15.684 I/System.out( 3436): 22
01-08 12:13:16.685 I/System.out( 3436): 24
01-08 12:13:17.686 I/System.out( 3436): 24
01-08 12:13:18.556 D/dalvikvm(  730): GC_CONCURRENT freed 453K, 6% free 10443K/11076K, paused 2ms+4ms, total 36ms
01-08 12:13:18.677 I/System.out( 3436): 23
01-08 12:13:19.708 I/System.out( 3436): 24
01-08 12:13:19.748 D/dalvikvm( 3436): GC_CONCURRENT freed 405K, 5% free 9088K/9532K, paused 5ms+2ms, total 66ms
01-08 12:13:20.679 I/System.out( 3436): 24
01-08 12:13:21.029 I/ActivityManager(  519): No longer want com.android.settings (pid 3109): empty for 1808s
01-08 12:13:21.039 D/GCM     (  831): Ignoring attempt to send heartbeat on dead connection.
01-08 12:13:21.689 I/System.out( 3436): 24
01-08 12:13:22.690 I/System.out( 3436): 24
01-08 12:13:22.771 D/dalvikvm(  730): GC_CONCURRENT freed 434K, 6% free 10455K/11076K, paused 3ms+4ms, total 41ms
01-08 12:13:23.691 I/System.out( 3436): 24
01-08 12:13:24.212 D/dalvikvm(  519): GC_CONCURRENT freed 1958K, 12% free 16898K/19172K, paused 9ms+7ms, total 125ms
01-08 12:13:24.722 I/System.out( 3436): 24
01-08 12:13:25.693 I/System.out( 3436): 23
01-08 12:13:26.694 I/System.out( 3436): 21
01-08 12:13:27.575 D/dalvikvm(  730): GC_CONCURRENT freed 469K, 6% free 10473K/11076K, paused 4ms+5ms, total 55ms
01-08 12:13:27.685 I/System.out( 3436): 21
01-08 12:13:28.696 I/System.out( 3436): 21
01-08 12:13:29.687 I/System.out( 3436): 19
01-08 12:13:30.698 I/System.out( 3436): 19
01-08 12:13:31.699 I/System.out( 3436): 21
01-08 12:13:32.710 I/System.out( 3436): 21
01-08 12:13:32.991 D/dalvikvm(  730): GC_CONCURRENT freed 504K, 6% free 10463K/11080K, paused 6ms+5ms, total 65ms
01-08 12:13:33.701 I/System.out( 3436): 21
01-08 12:13:34.702 I/System.out( 3436): 21
01-08 12:13:35.693 I/System.out( 3436): 21
01-08 12:13:36.704 I/System.out( 3436): 21
01-08 12:13:37.695 I/System.out( 3436): 23
01-08 12:13:37.715 D/dalvikvm(  730): GC_CONCURRENT freed 471K, 6% free 10450K/11080K, paused 2ms+4ms, total 45ms
01-08 12:13:38.716 I/System.out( 3436): 24
01-08 12:13:38.766 D/dalvikvm( 3436): GC_CONCURRENT freed 391K, 5% free 9085K/9528K, paused 6ms+2ms, total 63ms
01-08 12:13:39.717 I/System.out( 3436): 24
01-08 12:13:40.718 I/System.out( 3436): 24
01-08 12:13:41.709 I/System.out( 3436): 24
01-08 12:13:42.019 D/dalvikvm(  519): GC_CONCURRENT freed 1959K, 12% free 16893K/19172K, paused 9ms+7ms, total 125ms
01-08 12:13:42.079 D/dalvikvm(  730): GC_CONCURRENT freed 444K, 6% free 10448K/11080K, paused 8ms+4ms, total 50ms
01-08 12:13:42.710 I/System.out( 3436): 24
01-08 12:13:43.721 I/System.out( 3436): 24
01-08 12:13:44.702 I/System.out( 3436): 24
01-08 12:13:45.713 I/System.out( 3436): 24
01-08 12:13:46.013 D/dalvikvm(  730): GC_CONCURRENT freed 441K, 6% free 10452K/11080K, paused 5ms+4ms, total 43ms
01-08 12:13:46.704 I/System.out( 3436): 24
01-08 12:13:47.715 I/System.out( 3436): 24
01-08 12:13:48.726 I/System.out( 3436): 20
01-08 12:13:49.717 I/System.out( 3436): 19
01-08 12:13:50.718 I/System.out( 3436): 19
01-08 12:13:50.908 D/dalvikvm(  730): GC_CONCURRENT freed 464K, 6% free 10461K/11080K, paused 7ms+4ms, total 66ms
01-08 12:13:51.719 I/System.out( 3436): 24
01-08 12:13:52.730 I/System.out( 3436): 24
01-08 12:13:53.721 I/System.out( 3436): 24
01-08 12:13:54.722 I/System.out( 3436): 23
01-08 12:13:54.862 I/dalvikvm(  601): Jit: resizing JitTable from 4096 to 8192
01-08 12:13:54.942 D/dalvikvm(  730): GC_CONCURRENT freed 450K, 6% free 10453K/11080K, paused 3ms+4ms, total 38ms
01-08 12:13:55.713 I/System.out( 3436): 24
01-08 12:13:56.714 I/System.out( 3436): 20
01-08 12:13:57.715 I/System.out( 3436): 24
01-08 12:13:57.735 D/dalvikvm( 3436): GC_CONCURRENT freed 411K, 5% free 9078K/9528K, paused 1ms+2ms, total 19ms
01-08 12:13:58.465 D/dalvikvm(  519): GC_CONCURRENT freed 1939K, 12% free 16887K/19172K, paused 29ms+7ms, total 130ms
01-08 12:13:58.726 I/System.out( 3436): 24
01-08 12:13:59.106 D/dalvikvm(  730): GC_CONCURRENT freed 435K, 6% free 10451K/11080K, paused 2ms+4ms, total 37ms
01-08 12:13:59.737 I/System.out( 3436): 24
01-08 12:14:00.728 I/System.out( 3436): 24
01-08 12:14:01.729 I/System.out( 3436): 24
01-08 12:14:02.720 I/System.out( 3436): 19
01-08 12:14:03.731 I/System.out( 3436): 19
01-08 12:14:03.911 D/dalvikvm(  730): GC_CONCURRENT freed 469K, 6% free 10458K/11080K, paused 5ms+5ms, total 85ms
01-08 12:14:04.721 I/System.out( 3436): 20
01-08 12:14:05.732 I/System.out( 3436): 23
01-08 12:14:06.723 I/System.out( 3436): 23
01-08 12:14:07.734 I/System.out( 3436): 24
01-08 12:14:08.735 I/System.out( 3436): 24
01-08 12:14:08.916 D/dalvikvm(  730): GC_CONCURRENT freed 487K, 6% free 10468K/11080K, paused 6ms+4ms, total 75ms
01-08 12:14:09.736 I/System.out( 3436): 24
01-08 12:14:10.737 I/System.out( 3436): 24
01-08 12:14:11.728 I/System.out( 3436): 23
01-08 12:14:12.739 I/System.out( 3436): 24
01-08 12:14:12.950 D/dalvikvm(  730): GC_CONCURRENT freed 456K, 6% free 10452K/11080K, paused 3ms+4ms, total 39ms
01-08 12:14:13.730 I/System.out( 3436): 24
01-08 12:14:14.751 I/System.out( 3436): 23
01-08 12:14:15.082 D/dalvikvm(  519): GC_CONCURRENT freed 1932K, 12% free 16890K/19172K, paused 20ms+7ms, total 119ms
01-08 12:14:15.722 I/System.out( 3436): 21
01-08 12:14:16.753 I/System.out( 3436): 21
01-08 12:14:16.803 D/dalvikvm( 3436): GC_CONCURRENT freed 393K, 5% free 9086K/9528K, paused 6ms+9ms, total 71ms
01-08 12:14:17.734 I/System.out( 3436): 21
01-08 12:14:17.804 D/dalvikvm(  730): GC_CONCURRENT freed 464K, 6% free 10463K/11080K, paused 3ms+5ms, total 50ms
01-08 12:14:18.745 I/System.out( 3436): 22
01-08 12:14:19.746 I/System.out( 3436): 22
01-08 12:14:20.737 I/System.out( 3436): 24
01-08 12:14:21.748 I/System.out( 3436): 24
01-08 12:14:22.038 D/dalvikvm(  730): GC_CONCURRENT freed 442K, 6% free 10452K/11080K, paused 2ms+4ms, total 32ms
01-08 12:14:22.739 I/System.out( 3436): 25
01-08 12:14:23.750 I/System.out( 3436): 25
01-08 12:14:24.741 I/System.out( 3436): 25
01-08 12:14:25.762 I/System.out( 3436): 25
01-08 12:14:26.062 D/dalvikvm(  730): GC_CONCURRENT freed 451K, 6% free 10466K/11080K, paused 2ms+4ms, total 46ms
01-08 12:14:26.733 I/System.out( 3436): 25
01-08 12:14:27.744 I/System.out( 3436): 24
01-08 12:14:28.735 I/System.out( 3436): 23
01-08 12:14:29.746 I/System.out( 3436): 23
01-08 12:14:30.066 D/dalvikvm(  730): GC_CONCURRENT freed 448K, 6% free 10458K/11080K, paused 2ms+5ms, total 37ms
01-08 12:14:30.737 I/System.out( 3436): 24
01-08 12:14:31.408 D/dalvikvm(  519): GC_CONCURRENT freed 1948K, 12% free 16887K/19172K, paused 8ms+8ms, total 116ms
01-08 12:14:31.758 I/System.out( 3436): 24
01-08 12:14:32.739 I/System.out( 3436): 24
01-08 12:14:33.760 I/System.out( 3436): 22
01-08 12:14:34.190 D/dalvikvm(  730): GC_CONCURRENT freed 435K, 6% free 10456K/11080K, paused 2ms+4ms, total 36ms
01-08 12:14:34.801 I/System.out( 3436): 22
01-08 12:14:34.831 D/dalvikvm( 3436): GC_CONCURRENT freed 393K, 5% free 9085K/9528K, paused 24ms+2ms, total 67ms
01-08 12:14:35.752 I/System.out( 3436): 22
01-08 12:14:36.743 I/System.out( 3436): 22
01-08 12:14:37.754 I/System.out( 3436): 23
01-08 12:14:38.695 D/dalvikvm(  730): GC_CONCURRENT freed 456K, 6% free 10466K/11080K, paused 8ms+4ms, total 64ms
01-08 12:14:38.745 I/System.out( 3436): 20
01-08 12:14:39.756 I/System.out( 3436): 20
01-08 12:14:40.747 I/System.out( 3436): 20
01-08 12:14:41.758 I/System.out( 3436): 20
01-08 12:14:42.749 I/System.out( 3436): 19
01-08 12:14:43.760 I/System.out( 3436): 20
01-08 12:14:44.150 D/dalvikvm(  730): GC_CONCURRENT freed 487K, 6% free 10467K/11080K, paused 5ms+4ms, total 83ms
01-08 12:14:44.751 I/System.out( 3436): 20
01-08 12:14:45.752 I/System.out( 3436): 20
01-08 12:14:46.762 I/System.out( 3436): 20
01-08 12:14:47.753 I/System.out( 3436): 20
01-08 12:14:48.754 I/System.out( 3436): 20
01-08 12:14:48.895 D/dalvikvm(  519): GC_CONCURRENT freed 1897K, 12% free 16874K/19172K, paused 3ms+7ms, total 81ms
01-08 12:14:49.515 D/dalvikvm(  730): GC_CONCURRENT freed 499K, 6% free 10457K/11080K, paused 5ms+5ms, total 70ms
01-08 12:14:49.755 I/System.out( 3436): 19
01-08 12:14:50.756 I/System.out( 3436): 19
01-08 12:14:51.757 I/System.out( 3436): 22
01-08 12:14:52.768 I/System.out( 3436): 22
01-08 12:14:53.759 I/System.out( 3436): 23
01-08 12:14:54.430 D/dalvikvm(  730): GC_CONCURRENT freed 472K, 6% free 10452K/11080K, paused 6ms+4ms, total 69ms
01-08 12:14:54.770 I/System.out( 3436): 23
01-08 12:14:55.761 I/System.out( 3436): 23
01-08 12:14:55.771 D/dalvikvm( 3436): GC_CONCURRENT freed 415K, 5% free 9078K/9532K, paused 3ms+2ms, total 47ms
01-08 12:14:56.762 I/System.out( 3436): 22
01-08 12:14:57.763 I/System.out( 3436): 21
01-08 12:14:58.764 I/System.out( 3436): 21
01-08 12:14:59.135 D/dalvikvm(  730): GC_CONCURRENT freed 471K, 6% free 10450K/11080K, paused 6ms+4ms, total 59ms
01-08 12:14:59.755 I/System.out( 3436): 21
01-08 12:15:00.766 I/System.out( 3436): 22
01-08 12:15:01.777 I/System.out( 3436): 21
01-08 12:15:02.768 I/System.out( 3436): 21
01-08 12:15:03.759 I/System.out( 3436): 21
01-08 12:15:03.779 D/dalvikvm(  730): GC_CONCURRENT freed 462K, 6% free 10443K/11080K, paused 3ms+4ms, total 48ms
01-08 12:15:04.770 I/System.out( 3436): 21
01-08 12:15:05.771 I/System.out( 3436): 21
01-08 12:15:06.572 D/dalvikvm(  519): GC_CONCURRENT freed 1915K, 12% free 16894K/19172K, paused 9ms+8ms, total 117ms
01-08 12:15:06.762 I/System.out( 3436): 20
01-08 12:15:07.763 I/System.out( 3436): 20
01-08 12:15:08.714 D/dalvikvm(  730): GC_CONCURRENT freed 446K, 6% free 10432K/11080K, paused 8ms+4ms, total 46ms
01-08 12:15:08.764 I/System.out( 3436): 20
01-08 12:15:09.775 I/System.out( 3436): 20
01-08 12:15:10.766 I/System.out( 3436): 22
01-08 12:15:11.777 I/System.out( 3436): 22
01-08 12:15:12.778 I/System.out( 3436): 22
01-08 12:15:13.559 D/dalvikvm(  730): GC_CONCURRENT freed 461K, 6% free 10441K/11080K, paused 6ms+4ms, total 60ms
01-08 12:15:13.779 I/System.out( 3436): 22
01-08 12:15:14.780 I/System.out( 3436): 22
01-08 12:15:15.771 I/System.out( 3436): 20
01-08 12:15:15.791 D/dalvikvm( 3436): GC_CONCURRENT freed 396K, 5% free 9076K/9528K, paused 1ms+2ms, total 18ms
01-08 12:15:16.772 I/System.out( 3436): 20
01-08 12:15:17.783 I/System.out( 3436): 24
01-08 12:15:18.463 D/dalvikvm(  730): GC_CONCURRENT freed 480K, 6% free 10443K/11080K, paused 7ms+5ms, total 79ms
01-08 12:15:18.784 I/System.out( 3436): 24
01-08 12:15:19.775 I/System.out( 3436): 24
01-08 12:15:20.786 I/System.out( 3436): 24
01-08 12:15:21.777 I/System.out( 3436): 24
01-08 12:15:22.417 D/dalvikvm(  730): GC_CONCURRENT freed 455K, 6% free 10434K/11080K, paused 3ms+4ms, total 49ms
01-08 12:15:22.788 I/System.out( 3436): 24
01-08 12:15:23.668 D/dalvikvm(  519): GC_CONCURRENT freed 1951K, 12% free 16886K/19172K, paused 19ms+13ms, total 146ms
01-08 12:15:23.779 I/System.out( 3436): 24
01-08 12:15:24.790 I/System.out( 3436): 24
01-08 12:15:25.781 I/System.out( 3436): 24
01-08 12:15:26.491 D/dalvikvm(  730): GC_CONCURRENT freed 439K, 6% free 10438K/11080K, paused 7ms+4ms, total 45ms
01-08 12:15:26.782 I/System.out( 3436): 23
01-08 12:15:27.783 I/System.out( 3436): 20
01-08 12:15:28.783 I/System.out( 3436): 24
01-08 12:15:29.814 I/System.out( 3436): 24
01-08 12:15:30.665 D/dalvikvm(  730): GC_CONCURRENT freed 433K, 6% free 10438K/11080K, paused 2ms+4ms, total 48ms
01-08 12:15:30.775 I/System.out( 3436): 24
01-08 12:15:31.786 I/System.out( 3436): 24
01-08 12:15:32.787 I/System.out( 3436): 24
01-08 12:15:33.808 I/System.out( 3436): 24
01-08 12:15:33.838 D/dalvikvm( 3436): GC_CONCURRENT freed 381K, 5% free 9086K/9528K, paused 6ms+2ms, total 49ms
01-08 12:15:34.799 I/System.out( 3436): 24
01-08 12:15:34.939 D/dalvikvm(  730): GC_CONCURRENT freed 439K, 6% free 10445K/11080K, paused 6ms+4ms, total 52ms
01-08 12:15:35.800 I/System.out( 3436): 24
01-08 12:15:36.791 I/System.out( 3436): 24
01-08 12:15:37.782 I/System.out( 3436): 23
01-08 12:15:38.793 I/System.out( 3436): 21
01-08 12:15:39.814 I/System.out( 3436): 23
01-08 12:15:39.864 D/dalvikvm(  730): GC_CONCURRENT freed 476K, 6% free 10463K/11080K, paused 2ms+6ms, total 53ms
01-08 12:15:40.595 D/dalvikvm(  519): GC_CONCURRENT freed 1945K, 12% free 16894K/19172K, paused 9ms+7ms, total 139ms
01-08 12:15:40.785 I/System.out( 3436): 23
01-08 12:15:41.796 I/System.out( 3436): 24
01-08 12:15:42.797 I/System.out( 3436): 24
01-08 12:15:43.798 I/System.out( 3436): 24
01-08 12:15:44.058 D/dalvikvm(  730): GC_CONCURRENT freed 459K, 6% free 10446K/11080K, paused 3ms+4ms, total 39ms
01-08 12:15:44.789 I/System.out( 3436): 24
01-08 12:15:45.800 I/System.out( 3436): 23
01-08 12:15:46.801 I/System.out( 3436): 23
01-08 12:15:47.792 I/System.out( 3436): 24
01-08 12:15:48.323 D/dalvikvm(  730): GC_CONCURRENT freed 435K, 6% free 10448K/11080K, paused 3ms+4ms, total 44ms
01-08 12:15:48.803 I/System.out( 3436): 24
01-08 12:15:49.794 I/System.out( 3436): 24
01-08 12:15:50.805 I/System.out( 3436): 24
01-08 12:15:51.796 I/System.out( 3436): 24
01-08 12:15:51.816 D/dalvikvm( 3436): GC_CONCURRENT freed 391K, 5% free 9086K/9528K, paused 2ms+2ms, total 21ms
01-08 12:15:52.447 D/dalvikvm(  730): GC_CONCURRENT freed 434K, 6% free 10456K/11080K, paused 6ms+4ms, total 43ms
01-08 12:15:52.807 I/System.out( 3436): 24
01-08 12:15:53.808 I/System.out( 3436): 20
01-08 12:15:54.809 I/System.out( 3436): 20
01-08 12:15:55.810 I/System.out( 3436): 24
01-08 12:15:56.811 I/System.out( 3436): 24
01-08 12:15:57.331 D/dalvikvm(  519): GC_CONCURRENT freed 1949K, 12% free 16887K/19172K, paused 8ms+5ms, total 122ms
01-08 12:15:57.351 D/dalvikvm(  730): GC_CONCURRENT freed 464K, 6% free 10475K/11080K, paused 8ms+4ms, total 46ms
01-08 12:15:57.802 I/System.out( 3436): 24
01-08 12:15:58.793 I/System.out( 3436): 23
01-08 12:15:59.804 I/System.out( 3436): 24
01-08 12:16:00.795 I/System.out( 3436): 24
01-08 12:16:00.795 I/System.out( 3436): Battery level end is reached
01-08 12:16:00.795 I/System.out( 3436): Time difference in secs is: 541
01-08 12:16:01.806 I/System.out( 3436): 20
01-08 12:16:01.806 I/System.out( 3436): Time difference in secs is: 541
01-08 12:16:02.176 D/dalvikvm(  730): GC_CONCURRENT freed 491K, 6% free 10482K/11084K, paused 4ms+4ms, total 52ms
01-08 12:16:02.807 I/System.out( 3436): 21
01-08 12:16:02.807 I/System.out( 3436): Time difference in secs is: 541
01-08 12:16:03.798 I/System.out( 3436): 22
01-08 12:16:03.808 I/System.out( 3436): Time difference in secs is: 541
01-08 12:16:04.809 I/System.out( 3436): 22
01-08 12:16:04.819 I/System.out( 3436): Time difference in secs is: 541
01-08 12:16:05.810 I/System.out( 3436): 21
01-08 12:16:05.810 I/System.out( 3436): Time difference in secs is: 541
01-08 12:16:06.811 I/System.out( 3436): 21
01-08 12:16:06.821 I/System.out( 3436): Time difference in secs is: 541
01-08 12:16:07.081 D/dalvikvm(  730): GC_CONCURRENT freed 482K, 6% free 10464K/11084K, paused 3ms+4ms, total 47ms
01-08 12:16:07.802 I/System.out( 3436): 21
01-08 12:16:07.802 I/System.out( 3436): Time difference in secs is: 541
01-08 12:16:08.813 I/System.out( 3436): 21
01-08 12:16:08.813 I/System.out( 3436): Time difference in secs is: 541
01-08 12:16:09.814 I/System.out( 3436): 20
01-08 12:16:09.814 I/System.out( 3436): Time difference in secs is: 541
01-08 12:16:10.825 I/System.out( 3436): 20
01-08 12:16:10.835 I/System.out( 3436): Time difference in secs is: 541
01-08 12:16:10.905 D/dalvikvm( 3436): GC_CONCURRENT freed 396K, 5% free 9085K/9528K, paused 5ms+3ms, total 86ms
01-08 12:16:11.815 I/System.out( 3436): 20
01-08 12:16:11.835 I/System.out( 3436): Time difference in secs is: 541
01-08 12:16:11.906 D/dalvikvm(  730): GC_CONCURRENT freed 452K, 6% free 10451K/11084K, paused 3ms+4ms, total 39ms
01-08 12:16:12.816 I/System.out( 3436): 20
01-08 12:16:12.816 I/System.out( 3436): Time difference in secs is: 541
01-08 12:16:13.817 I/System.out( 3436): 20
01-08 12:16:13.817 I/System.out( 3436): Time difference in secs is: 541
01-08 12:16:14.688 D/dalvikvm(  519): GC_CONCURRENT freed 1899K, 12% free 16874K/19172K, paused 19ms+8ms, total 111ms
01-08 12:16:14.808 I/System.out( 3436): 20
01-08 12:16:14.808 I/System.out( 3436): Time difference in secs is: 541
01-08 12:16:15.819 I/System.out( 3436): 20
01-08 12:16:15.819 I/System.out( 3436): Time difference in secs is: 541
01-08 12:16:16.770 D/dalvikvm(  730): GC_CONCURRENT freed 438K, 6% free 10446K/11084K, paused 3ms+3ms, total 36ms
01-08 12:16:16.810 I/System.out( 3436): 20
01-08 12:16:16.810 I/System.out( 3436): Time difference in secs is: 541
01-08 12:16:17.811 I/System.out( 3436): 20
01-08 12:16:17.811 I/System.out( 3436): Time difference in secs is: 541
01-08 12:16:18.802 I/System.out( 3436): 20
01-08 12:16:18.802 I/System.out( 3436): Time difference in secs is: 541
01-08 12:16:19.813 I/System.out( 3436): 20
01-08 12:16:19.823 I/System.out( 3436): Time difference in secs is: 541
01-08 12:16:20.804 I/System.out( 3436): 20
01-08 12:16:20.804 I/System.out( 3436): Time difference in secs is: 541
01-08 12:16:21.515 D/dalvikvm(  730): GC_CONCURRENT freed 438K, 6% free 10441K/11084K, paused 3ms+4ms, total 37ms
01-08 12:16:21.815 I/System.out( 3436): 20
01-08 12:16:21.815 I/System.out( 3436): Time difference in secs is: 541
01-08 12:16:22.816 I/System.out( 3436): 20
01-08 12:16:22.816 I/System.out( 3436): Time difference in secs is: 541
01-08 12:16:23.817 I/System.out( 3436): 20
01-08 12:16:23.817 I/System.out( 3436): Time difference in secs is: 541
01-08 12:16:24.818 I/System.out( 3436): 20
01-08 12:16:24.828 I/System.out( 3436): Time difference in secs is: 541
01-08 12:16:25.819 I/System.out( 3436): 20
01-08 12:16:25.829 I/System.out( 3436): Time difference in secs is: 541
01-08 12:16:26.330 D/dalvikvm(  730): GC_CONCURRENT freed 438K, 6% free 10436K/11084K, paused 3ms+4ms, total 40ms
01-08 12:16:26.820 I/System.out( 3436): 20
01-08 12:16:26.830 I/System.out( 3436): Time difference in secs is: 541
01-08 12:16:27.811 I/System.out( 3436): 20
01-08 12:16:27.821 I/System.out( 3436): Time difference in secs is: 541
01-08 12:16:28.812 I/System.out( 3436): 20
01-08 12:16:28.822 I/System.out( 3436): Time difference in secs is: 541
01-08 12:16:29.813 I/System.out( 3436): 20
01-08 12:16:29.813 I/System.out( 3436): Time difference in secs is: 541
01-08 12:16:30.834 I/System.out( 3436): 21
01-08 12:16:30.834 I/System.out( 3436): Time difference in secs is: 541
01-08 12:16:30.904 D/dalvikvm( 3436): GC_CONCURRENT freed 391K, 5% free 9085K/9528K, paused 6ms+2ms, total 80ms
01-08 12:16:31.184 D/dalvikvm(  730): GC_CONCURRENT freed 443K, 6% free 10431K/11084K, paused 8ms+4ms, total 55ms
01-08 12:16:31.815 I/System.out( 3436): 21
01-08 12:16:31.815 I/System.out( 3436): Time difference in secs is: 541
01-08 12:16:32.826 I/System.out( 3436): 21
01-08 12:16:32.826 I/System.out( 3436): Time difference in secs is: 541
01-08 12:16:33.286 D/dalvikvm(  519): GC_CONCURRENT freed 1884K, 12% free 16895K/19172K, paused 19ms+7ms, total 135ms
01-08 12:16:33.827 I/System.out( 3436): 21
01-08 12:16:33.847 I/System.out( 3436): Time difference in secs is: 541
01-08 12:16:34.828 I/System.out( 3436): 21
01-08 12:16:34.828 I/System.out( 3436): Time difference in secs is: 541
01-08 12:16:35.829 I/System.out( 3436): 21
01-08 12:16:35.829 I/System.out( 3436): Time difference in secs is: 541
01-08 12:16:35.949 D/dalvikvm(  730): GC_CONCURRENT freed 454K, 6% free 10431K/11084K, paused 2ms+4ms, total 50ms
01-08 12:16:36.820 I/System.out( 3436): 21
01-08 12:16:36.820 I/System.out( 3436): Time difference in secs is: 541
01-08 12:16:37.831 I/System.out( 3436): 21
01-08 12:16:37.831 I/System.out( 3436): Time difference in secs is: 541
01-08 12:16:38.812 I/System.out( 3436): 23
01-08 12:16:38.812 I/System.out( 3436): Time difference in secs is: 541
01-08 12:16:39.823 I/System.out( 3436): 23
01-08 12:16:39.823 I/System.out( 3436): Time difference in secs is: 541
01-08 12:16:40.724 D/dalvikvm(  730): GC_CONCURRENT freed 476K, 6% free 10440K/11084K, paused 5ms+4ms, total 92ms
01-08 12:16:40.814 I/System.out( 3436): 23
01-08 12:16:40.814 I/System.out( 3436): Time difference in secs is: 541
01-08 12:16:41.825 I/System.out( 3436): 22
01-08 12:16:41.825 I/System.out( 3436): Time difference in secs is: 541
01-08 12:16:42.826 I/System.out( 3436): 22
01-08 12:16:42.826 I/System.out( 3436): Time difference in secs is: 541
01-08 12:16:43.827 I/System.out( 3436): 20
01-08 12:16:43.837 I/System.out( 3436): Time difference in secs is: 541
01-08 12:16:44.828 I/System.out( 3436): 22
01-08 12:16:44.828 I/System.out( 3436): Time difference in secs is: 541
01-08 12:16:45.508 D/dalvikvm(  730): GC_CONCURRENT freed 480K, 6% free 10431K/11084K, paused 6ms+4ms, total 85ms
01-08 12:16:45.839 I/System.out( 3436): 22
01-08 12:16:45.839 I/System.out( 3436): Time difference in secs is: 541
01-08 12:16:46.840 I/System.out( 3436): 23
01-08 12:16:46.840 I/System.out( 3436): Time difference in secs is: 541
01-08 12:16:47.831 I/System.out( 3436): 22
01-08 12:16:47.831 I/System.out( 3436): Time difference in secs is: 541
01-08 12:16:48.832 I/System.out( 3436): 22
01-08 12:16:48.832 I/System.out( 3436): Time difference in secs is: 541
01-08 12:16:48.972 W/PowerUI (  601): unknown intent: Intent { act=android.intent.action.ACTION_POWER_CONNECTED flg=0x8000010 }
01-08 12:16:48.972 I/EntropyMixer(  519): Writing entropy...
01-08 12:16:48.982 D/PicasaSyncManager( 1523): battery info: true
01-08 12:16:48.992 D/PicasaUploaderSyncManager( 1557): battery info: true
01-08 12:16:49.833 I/System.out( 3436): 22
01-08 12:16:49.843 I/System.out( 3436): Time difference in secs is: 541
01-08 12:16:49.873 D/dalvikvm( 3436): GC_CONCURRENT freed 397K, 5% free 9087K/9528K, paused 4ms+2ms, total 52ms
01-08 12:16:49.893 D/dalvikvm(  519): GC_CONCURRENT freed 1961K, 12% free 16892K/19172K, paused 5ms+15ms, total 168ms
01-08 12:16:49.933 D/dalvikvm(  730): GC_CONCURRENT freed 438K, 7% free 10411K/11084K, paused 3ms+4ms, total 29ms
01-08 12:16:49.983 D/MtpService(  687): updating state; isCurrentUser=true, mMtpLocked=false
01-08 12:16:49.993 D/MtpService(  687): addStorageLocked 65537 /storage/emulated/0
01-08 12:16:49.993 D/MtpService(  687): updating state; isCurrentUser=true, mMtpLocked=false
01-08 12:16:49.993 D/MtpService(  687): starting MTP server in MTP mode
01-08 12:16:49.993 D/MtpService(  687): addStorageLocked 65537 /storage/emulated/0
01-08 12:16:50.834 I/System.out( 3436): 21
01-08 12:16:50.834 I/System.out( 3436): Time difference in secs is: 541
01-08 12:16:51.825 I/System.out( 3436): 20
01-08 12:16:51.825 I/System.out( 3436): Time difference in secs is: 541
01-08 12:16:51.855 D/dalvikvm(  687): GC_CONCURRENT freed 401K, 5% free 9294K/9736K, paused 13ms+3ms, total 37ms
01-08 12:16:52.025 D/dalvikvm(  519): GC_EXPLICIT freed 485K, 13% free 16756K/19172K, paused 3ms+6ms, total 79ms
01-08 12:16:52.835 I/System.out( 3436): 21
01-08 12:16:52.835 I/System.out( 3436): Time difference in secs is: 541
01-08 12:16:53.826 I/System.out( 3436): 20
01-08 12:16:53.836 I/System.out( 3436): Time difference in secs is: 541
01-08 12:16:54.497 D/dalvikvm(  730): GC_CONCURRENT freed 445K, 7% free 10412K/11084K, paused 6ms+4ms, total 51ms
01-08 12:16:54.837 I/System.out( 3436): 20
01-08 12:16:54.847 I/System.out( 3436): Time difference in secs is: 541
01-08 12:16:55.828 I/System.out( 3436): 20
01-08 12:16:55.828 I/System.out( 3436): Time difference in secs is: 541
01-08 12:16:56.829 I/System.out( 3436): 20
01-08 12:16:56.839 I/System.out( 3436): Time difference in secs is: 541
01-08 12:16:57.840 I/System.out( 3436): 20
01-08 12:16:57.850 I/System.out( 3436): Time difference in secs is: 541
01-08 12:16:58.831 I/System.out( 3436): 20
01-08 12:16:58.841 I/System.out( 3436): Time difference in secs is: 541
01-08 12:16:58.901 D/dalvikvm(  730): GC_CONCURRENT freed 440K, 7% free 10406K/11084K, paused 4ms+3ms, total 43ms
01-08 12:16:59.832 I/System.out( 3436): 20
01-08 12:16:59.842 I/System.out( 3436): Time difference in secs is: 541
01-08 12:17:00.833 I/System.out( 3436): 20
01-08 12:17:00.833 I/System.out( 3436): Time difference in secs is: 541
01-08 12:17:01.834 I/System.out( 3436): 20
01-08 12:17:01.844 I/System.out( 3436): Time difference in secs is: 541
01-08 12:17:02.835 I/System.out( 3436): 20
01-08 12:17:02.845 I/System.out( 3436): Time difference in secs is: 541
01-08 12:17:03.286 D/dalvikvm(  730): GC_CONCURRENT freed 437K, 7% free 10405K/11084K, paused 2ms+4ms, total 40ms
01-08 12:17:03.846 I/System.out( 3436): 20
01-08 12:17:03.846 I/System.out( 3436): Time difference in secs is: 541
01-08 12:17:04.857 I/System.out( 3436): 20
01-08 12:17:04.857 I/System.out( 3436): Time difference in secs is: 541
01-08 12:17:05.848 I/System.out( 3436): 20
01-08 12:17:05.848 I/System.out( 3436): Time difference in secs is: 541
01-08 12:17:06.859 I/System.out( 3436): 20
01-08 12:17:06.859 I/System.out( 3436): Time difference in secs is: 541
01-08 12:17:07.730 D/dalvikvm(  730): GC_CONCURRENT freed 434K, 7% free 10404K/11084K, paused 7ms+4ms, total 57ms
01-08 12:17:07.850 I/System.out( 3436): 20
01-08 12:17:07.850 I/System.out( 3436): Time difference in secs is: 541
01-08 12:17:08.311 D/dalvikvm(  519): GC_CONCURRENT freed 1707K, 12% free 16905K/19172K, paused 9ms+7ms, total 131ms
01-08 12:17:08.861 I/System.out( 3436): 20
01-08 12:17:08.861 I/System.out( 3436): Time difference in secs is: 541
01-08 12:17:09.862 I/System.out( 3436): 19
01-08 12:17:09.882 I/System.out( 3436): Time difference in secs is: 541
01-08 12:17:10.893 I/System.out( 3436): 19
01-08 12:17:10.903 I/System.out( 3436): Time difference in secs is: 541
01-08 12:17:11.844 I/System.out( 3436): 19
01-08 12:17:11.844 I/System.out( 3436): Time difference in secs is: 541
01-08 12:17:12.345 D/dalvikvm(  730): GC_CONCURRENT freed 422K, 7% free 10396K/11084K, paused 2ms+4ms, total 35ms
01-08 12:17:12.885 I/System.out( 3436): 19
01-08 12:17:12.895 I/System.out( 3436): Time difference in secs is: 541
01-08 12:17:13.866 I/System.out( 3436): 19
01-08 12:17:13.876 I/System.out( 3436): Time difference in secs is: 541
01-08 12:17:14.867 I/System.out( 3436): 19
01-08 12:17:14.877 I/System.out( 3436): Time difference in secs is: 541
01-08 12:17:15.858 I/System.out( 3436): 19
01-08 12:17:15.868 I/System.out( 3436): Time difference in secs is: 541
01-08 12:17:16.839 D/dalvikvm(  730): GC_CONCURRENT freed 415K, 7% free 10392K/11084K, paused 7ms+3ms, total 43ms
01-08 12:17:16.869 D/dalvikvm( 3436): GC_FOR_ALLOC freed 501K, 6% free 9099K/9636K, paused 21ms, total 22ms
01-08 12:17:16.879 I/System.out( 3436): 19
01-08 12:17:16.879 I/System.out( 3436): Time difference in secs is: 541
01-08 12:17:17.870 I/System.out( 3436): 19
01-08 12:17:17.870 I/System.out( 3436): Time difference in secs is: 541
01-08 12:17:18.851 I/System.out( 3436): 19
01-08 12:17:18.861 I/System.out( 3436): Time difference in secs is: 541
01-08 12:17:19.852 I/System.out( 3436): 19
01-08 12:17:19.862 I/System.out( 3436): Time difference in secs is: 541
01-08 12:17:20.843 I/System.out( 3436): 19
01-08 12:17:20.853 I/System.out( 3436): Time difference in secs is: 541
01-08 12:17:21.433 D/dalvikvm(  730): GC_CONCURRENT freed 414K, 7% free 10389K/11084K, paused 6ms+3ms, total 42ms
01-08 12:17:21.854 I/System.out( 3436): 19
01-08 12:17:21.864 I/System.out( 3436): Time difference in secs is: 541
01-08 12:17:22.855 I/System.out( 3436): 19
01-08 12:17:22.855 I/System.out( 3436): Time difference in secs is: 541
01-08 12:17:23.856 I/System.out( 3436): 19
01-08 12:17:23.866 I/System.out( 3436): Time difference in secs is: 541
