--------- beginning of /dev/log/main
01-09 12:12:04.794 D/dalvikvm(  704): GC_CONCURRENT freed 286K, 9% free 10021K/10908K, paused 3ms+3ms, total 54ms
--------- beginning of /dev/log/system
01-09 12:12:34.883 D/ConnectivityService(  512): NetTransition Wakelock for ConnectedState released by timeout
01-09 12:12:46.164 D/AndroidRuntime( 2884): 
01-09 12:12:46.164 D/AndroidRuntime( 2884): >>>>>> AndroidRuntime START com.android.internal.os.RuntimeInit <<<<<<
01-09 12:12:46.164 D/AndroidRuntime( 2884): CheckJNI is OFF
01-09 12:12:46.174 D/dalvikvm( 2884): Trying to load lib libjavacore.so 0x0
01-09 12:12:46.184 D/dalvikvm( 2884): Added shared lib libjavacore.so 0x0
01-09 12:12:46.194 D/dalvikvm( 2884): Trying to load lib libnativehelper.so 0x0
01-09 12:12:46.194 D/dalvikvm( 2884): Added shared lib libnativehelper.so 0x0
01-09 12:12:46.314 D/AndroidRuntime( 2884): Calling main entry com.android.commands.pm.Pm
01-09 12:12:46.324 I/ActivityManager(  512): Start proc com.android.defcontainer for service com.android.defcontainer/.DefaultContainerService: pid=2898 uid=10013 gids={50013, 1015, 1023, 2001, 1028}
01-09 12:12:46.364 W/ActivityManager(  512): No content provider found for permission revoke: file:///data/local/tmp/EnergyMeasurementWifi80211.apk
01-09 12:12:46.374 I/ActivityManager(  512): Start proc com.android.vending for broadcast com.android.vending/com.google.android.vending.verifier.PackageVerificationReceiver: pid=2911 uid=10049 gids={50049, 3003, 1015, 1028}
01-09 12:12:46.444 D/Finsky  ( 2911): [1] FinskyApp.onCreate: Initializing network with DFE https://android.clients.google.com/fdfe/
01-09 12:12:46.464 D/Finsky  ( 2911): [1] DailyHygiene.goMakeHygieneIfDirty: Dirty, need more hygiene.
01-09 12:12:46.474 D/dalvikvm( 2911): GC_CONCURRENT freed 310K, 4% free 9052K/9400K, paused 2ms+1ms, total 20ms
01-09 12:12:46.494 W/Settings( 2911): Setting download_manager_max_bytes_over_mobile has moved from android.provider.Settings.Secure to android.provider.Settings.Global.
01-09 12:12:46.504 W/Settings( 2911): Setting download_manager_recommended_max_bytes_over_mobile has moved from android.provider.Settings.Secure to android.provider.Settings.Global.
01-09 12:12:46.504 W/Finsky  ( 2911): [1] FinskyApp.getCurrentAccount: No account configured on this device.
01-09 12:12:46.504 W/Finsky  ( 2911): [1] FinskyApp.getDfeApi: No account configured on this device.
01-09 12:12:46.504 D/Finsky  ( 2911): [1] PackageVerificationReceiver.checkPrerequisites: Skipping verification because network inactive
01-09 12:12:46.514 D/Finsky  ( 2911): [1] PackageVerificationReceiver.checkPrerequisites: Skipping verification because network inactive
01-09 12:12:46.514 W/ActivityManager(  512): No content provider found for permission revoke: file:///data/local/tmp/EnergyMeasurementWifi80211.apk
01-09 12:12:46.514 I/PackageManager(  512): Copying native libraries to /data/app-lib/vmdl758594226
01-09 12:12:46.524 W/PackageManager(  512): Invalid verification token 1 received
01-09 12:12:46.534 D/Finsky  ( 2911): [1] GmsCoreHelper.cleanupNlp: result=false type=4
01-09 12:12:46.564 I/ActivityManager(  512): Force stopping package uk.ac.st_andrews.cs.host.mk74.energymeasurement.wifi80211 appid=10081 user=-1
01-09 12:12:46.654 I/PackageManager(  512): Running dexopt on: uk.ac.st_andrews.cs.host.mk74.energymeasurement.wifi80211
01-09 12:12:46.654 I/PackageManager(  512): Package uk.ac.st_andrews.cs.host.mk74.energymeasurement.wifi80211 codePath changed from /data/app/uk.ac.st_andrews.cs.host.mk74.energymeasurement.wifi80211-1.apk to /data/app/uk.ac.st_andrews.cs.host.mk74.energymeasurement.wifi80211-2.apk; Retaining data and using new
01-09 12:12:46.915 D/dalvikvm( 2943): DexOpt: load 43ms, verify+opt 162ms, 958148 bytes
01-09 12:12:46.965 W/PackageManager(  512): Code path for pkg : uk.ac.st_andrews.cs.host.mk74.energymeasurement.wifi80211 changing from /data/app/uk.ac.st_andrews.cs.host.mk74.energymeasurement.wifi80211-1.apk to /data/app/uk.ac.st_andrews.cs.host.mk74.energymeasurement.wifi80211-2.apk
01-09 12:12:46.965 I/ActivityManager(  512): Force stopping package uk.ac.st_andrews.cs.host.mk74.energymeasurement.wifi80211 appid=10081 user=-1
01-09 12:12:46.965 W/PackageManager(  512): Resource path for pkg : uk.ac.st_andrews.cs.host.mk74.energymeasurement.wifi80211 changing from /data/app/uk.ac.st_andrews.cs.host.mk74.energymeasurement.wifi80211-1.apk to /data/app/uk.ac.st_andrews.cs.host.mk74.energymeasurement.wifi80211-2.apk
01-09 12:12:47.045 D/dalvikvm(  512): GC_CONCURRENT freed 2619K, 20% free 17061K/21316K, paused 2ms+6ms, total 60ms
01-09 12:12:47.045 D/dalvikvm(  512): WAIT_FOR_CONCURRENT_GC blocked 26ms
01-09 12:12:47.115 I/ActivityManager(  512): Force stopping package uk.ac.st_andrews.cs.host.mk74.energymeasurement.wifi80211 appid=10081 user=0
01-09 12:12:47.145 I/InputReader(  512): Reconfiguring input devices.  changes=0x00000010
01-09 12:12:47.165 D/dalvikvm(  766): GC_EXPLICIT freed 452K, 16% free 29342K/34876K, paused 2ms+6ms, total 42ms
01-09 12:12:47.165 I/ActivityManager(  512): Start proc android.process.acore for broadcast com.android.providers.contacts/.PackageIntentReceiver: pid=2944 uid=10000 gids={50000, 3003, 1015, 1028}
01-09 12:12:47.175 W/ActivityManager(  512): Skipping broadcast of Intent { act=android.intent.action.PACKAGE_REMOVED dat=package:uk.ac.st_andrews.cs.host.mk74.energymeasurement.wifi80211 flg=0x8000010 (has extras) }: user 10 is stopped
01-09 12:12:47.205 D/dalvikvm(  753): GC_CONCURRENT freed 366K, 5% free 9288K/9688K, paused 1ms+2ms, total 14ms
01-09 12:12:47.205 D/dalvikvm(  753): WAIT_FOR_CONCURRENT_GC blocked 6ms
01-09 12:12:47.215 I/InputReader(  512): Reconfiguring input devices.  changes=0x00000010
01-09 12:12:47.215 W/ActivityManager(  512): Skipping broadcast of Intent { act=android.intent.action.PACKAGE_ADDED dat=package:uk.ac.st_andrews.cs.host.mk74.energymeasurement.wifi80211 flg=0x8000010 (has extras) }: user 10 is stopped
01-09 12:12:47.215 D/BackupManagerService(  512): Received broadcast Intent { act=android.intent.action.PACKAGE_REMOVED dat=package:uk.ac.st_andrews.cs.host.mk74.energymeasurement.wifi80211 flg=0x8000010 (has extras) }
01-09 12:12:47.235 W/ActivityManager(  512): Skipping broadcast of Intent { act=android.intent.action.PACKAGE_REPLACED dat=package:uk.ac.st_andrews.cs.host.mk74.energymeasurement.wifi80211 flg=0x8000010 (has extras) }: user 10 is stopped
01-09 12:12:47.235 W/ActivityManager(  512): Skipping broadcast of Intent { act=android.intent.action.MY_PACKAGE_REPLACED flg=0x8000010 pkg=uk.ac.st_andrews.cs.host.mk74.energymeasurement.wifi80211 (has extras) }: user 10 is stopped
01-09 12:12:47.245 D/BackupManagerService(  512): Received broadcast Intent { act=android.intent.action.PACKAGE_ADDED dat=package:uk.ac.st_andrews.cs.host.mk74.energymeasurement.wifi80211 flg=0x8000010 (has extras) }
01-09 12:12:47.245 V/BackupManagerService(  512): removePackageParticipantsLocked: uid=10081 #1
01-09 12:12:47.245 V/BackupManagerService(  512): addPackageParticipantsLocked: #1
01-09 12:12:47.285 D/dalvikvm( 2944): GC_CONCURRENT freed 224K, 3% free 9111K/9372K, paused 1ms+2ms, total 18ms
01-09 12:12:47.315 I/ActivityManager(  512): Start proc com.android.keychain for broadcast com.android.keychain/.KeyChainBroadcastReceiver: pid=2969 uid=1000 gids={41000, 1015, 1028, 3002, 3001, 3003, 3007}
01-09 12:12:47.335 D/dalvikvm(  512): GC_EXPLICIT freed 654K, 20% free 17109K/21316K, paused 3ms+12ms, total 100ms
01-09 12:12:47.335 W/ContextImpl( 2969): Calling a method in the system process without a qualified user: android.app.ContextImpl.startService:1385 android.content.ContextWrapper.startService:473 android.content.ContextWrapper.startService:473 com.android.keychain.KeyChainBroadcastReceiver.onReceive:12 android.app.ActivityThread.handleReceiver:2424 
01-09 12:12:47.355 D/AndroidRuntime( 2884): Shutting down VM
01-09 12:12:47.355 D/jdwp    ( 2884): Got wake-up signal, bailing out of select
01-09 12:12:47.355 D/dalvikvm( 2884): Debugger has detached; object registry had 1 entries
01-09 12:12:47.395 I/ContactLocale( 2944): AddressBook Labels [en_US]: [, A, B, C, D, E, F, G, H, I, J, K, L, M, N, O, P, Q, R, S, T, U, V, W, X, Y, Z, Α, Β, Γ, Δ, Ε, Ζ, Η, Θ, Ι, Κ, Λ, Μ, Ν, Ξ, Ο, Π, Ρ, Σ, Τ, Υ, Φ, Χ, Ψ, Ω, , А, Б, В, Г, Д, Е, Є, Ж, З, И, І, Ї, Й, К, Л, М, Н, О, П, Р, С, Т, У, Ф, Х, Ц, Ч, Ш, Щ, Ю, Я, , א, ב, ג, ד, ה, ו, ז, ח, ט, י, כ, ל, מ, נ, ס, ע, פ, צ, ק, ר, ש, ת, , ا, ب, ت, ث, ج, ح, خ, د, ذ, ر, ز, س, ش, ص, ض, ط, ظ, ع, غ, ف, ق, ك, ل, م, ن, ه, و, ي, , ก, ข, ฃ, ค, ฅ, ฆ, ง, จ, ฉ, ช, ซ, ฌ, ญ, ฎ, ฏ, ฐ, ฑ, ฒ, ณ, ด, ต, ถ, ท, ธ, น, บ, ป, ผ, ฝ, พ, ฟ, ภ, ม, ย, ร, ฤ, ล, ฦ, ว, ศ, ษ, ส, ห, ฬ, อ, ฮ, , ㄱ, ㄴ, ㄷ, ㄹ, ㅁ, ㅂ, ㅅ, ㅇ, ㅈ, ㅊ, ㅋ, ㅌ, ㅍ, ㅎ, , あ, か, さ, た, な, は, ま, や, ら, わ, #, ]
01-09 12:12:47.525 I/ActivityManager(  512): Start proc com.android.musicfx for broadcast com.android.musicfx/.Compatibility$Receiver: pid=2983 uid=10042 gids={50042, 3003, 3002, 1028}
01-09 12:12:47.545 D/dalvikvm(  178): GC_EXPLICIT freed 40K, 1% free 8863K/8940K, paused 2ms+2ms, total 20ms
01-09 12:12:47.555 D/dalvikvm(  178): GC_EXPLICIT freed <1K, 1% free 8863K/8940K, paused 1ms+2ms, total 16ms
01-09 12:12:47.575 D/dalvikvm(  178): GC_EXPLICIT freed <1K, 1% free 8863K/8940K, paused 1ms+2ms, total 18ms
01-09 12:12:47.585 I/ActivityManager(  512): Start proc com.google.android.gms for broadcast com.google.android.gms/.games.receiver.GamesSystemBroadcastReceiver: pid=2998 uid=10021 gids={50021, 3003, 1007, 1028, 1015, 1006, 2001, 3006}
01-09 12:12:47.675 I/ActivityManager(  512): Start proc com.google.android.googlequicksearchbox for broadcast com.google.android.googlequicksearchbox/com.google.android.apps.sidekick.GmmLocationProviderImpl$GmmPackageWatcher: pid=3025 uid=10057 gids={50057, 3003, 1028, 3002, 1015}
01-09 12:12:47.736 D/dalvikvm( 2998): GC_CONCURRENT freed 258K, 4% free 9014K/9308K, paused 3ms+3ms, total 34ms
01-09 12:12:47.756 I/ActivityManager(  512): Start proc com.google.android.partnersetup for content provider com.google.android.partnersetup/.RlzAppProvider: pid=3051 uid=10026 gids={50026, 3003, 1028}
01-09 12:12:47.796 D/dalvikvm( 3025): GC_CONCURRENT freed 207K, 3% free 9055K/9300K, paused 4ms+1ms, total 18ms
01-09 12:12:47.816 W/GAV2    ( 3025): Thread[main,5,main]: Need to call initialize() and be in fallback mode to start dispatch.
01-09 12:12:47.836 D/dalvikvm( 2998): No JNI_OnLoad found in /system/lib/libAppDataSearch.so 0x42284fe8, skipping init
01-09 12:12:47.836 D/Icing   ( 2998): Init last flush num docs 53 last docstore size 14336
01-09 12:12:47.836 D/Icing   ( 2998): Docid map file has data, scanning...
01-09 12:12:47.836 D/Icing   ( 2998): Scanning /data/data/com.google.android.gms/files/AppDataSearch/main/cur/ds.docids found 156 documents, last docstore location 42240
01-09 12:12:47.836 D/Icing   ( 2998): File /data/data/com.google.android.gms/files/AppDataSearch/main/cur/ds.perdocdata contains 156 records of size 6
01-09 12:12:47.876 D/AndroidRuntime( 3013): 
01-09 12:12:47.876 D/AndroidRuntime( 3013): >>>>>> AndroidRuntime START com.android.internal.os.RuntimeInit <<<<<<
01-09 12:12:47.876 D/AndroidRuntime( 3013): CheckJNI is OFF
01-09 12:12:47.886 D/dalvikvm( 3013): Trying to load lib libjavacore.so 0x0
01-09 12:12:47.896 D/dalvikvm( 3013): Added shared lib libjavacore.so 0x0
01-09 12:12:47.896 I/PeopleDatabaseHelper( 2998): cleanUpNonGplusAccounts done.
01-09 12:12:47.896 D/dalvikvm( 3013): Trying to load lib libnativehelper.so 0x0
01-09 12:12:47.896 D/dalvikvm( 3013): Added shared lib libnativehelper.so 0x0
01-09 12:12:47.916 D/dalvikvm( 2998): GC_CONCURRENT freed 288K, 4% free 9131K/9456K, paused 3ms+3ms, total 16ms
01-09 12:12:47.936 D/Icing   ( 2998): Corpus scoring data inited successfully num corpora 1
01-09 12:12:47.936 D/Icing   ( 2998): Init docstore ok num docs 156 bytes 42496
01-09 12:12:47.956 V/Icing   ( 2998): Lite index crc computed in 0.092ms
01-09 12:12:47.956 V/Icing   ( 2998): Lite index init ok in 11.444ms
01-09 12:12:47.956 D/Icing   ( 2998): Lite index recovered docid (52, 155]
01-09 12:12:47.956 V/Icing   ( 2998): Warming lite-index took 0.000ms
01-09 12:12:47.956 V/Icing   ( 2998): Warming lexicon took 0.000ms
01-09 12:12:47.956 V/Icing   ( 2998): Warming display mappings took 0.031ms
01-09 12:12:47.956 D/Icing   ( 2998): Init index ok num docs 156
01-09 12:12:47.956 D/Icing   ( 2998): Init done
01-09 12:12:47.996 I/Icing   ( 2998): 0 corpora need re-polling
01-09 12:12:48.006 D/dalvikvm( 3025): GC_CONCURRENT freed 254K, 3% free 9291K/9564K, paused 3ms+3ms, total 31ms
01-09 12:12:48.006 W/GAV2    ( 3025): Thread[Thread-215,5,main]: dispatch call queued.  Need to call GAServiceManager.getInstance().initialize().
01-09 12:12:48.006 I/Velvet.VelvetFactory( 3025): refreshing search history.
01-09 12:12:48.006 I/Search.GservicesUpdateTask( 3025): Updating Gservices keys
01-09 12:12:48.026 I/Recovery( 2998): Received: Intent { act=com.google.android.gms.INITIALIZE flg=0x10 pkg=com.google.android.gms cmp=com.google.android.gms/.recovery.AccountRecoveryBackgroundService$Receiver }
01-09 12:12:48.026 D/AndroidRuntime( 3013): Calling main entry com.android.commands.am.Am
01-09 12:12:48.026 D/dalvikvm( 3013): Note: class Landroid/app/ActivityManagerNative; has 163 unimplemented (abstract) methods
01-09 12:12:48.036 I/GCoreUlr(  704): Ensuring that reporting is stopped because of reasons: (no Google accounts)
01-09 12:12:48.036 I/ActivityManager(  512): Start proc com.google.android.gsf.login for service com.google.android.gms/.recovery.AccountRecoveryBackgroundService: pid=3128 uid=10021 gids={50021, 3003, 1007, 1028, 1015, 1006, 2001, 3006}
01-09 12:12:48.036 I/ActivityManager(  512): START u0 {act=android.intent.action.MAIN cat=[android.intent.category.LAUNCHER] flg=0x10000000 cmp=uk.ac.st_andrews.cs.host.mk74.energymeasurement.wifi80211/.MainActivity} from pid 3013
01-09 12:12:48.056 W/Sidekick_LocationOracleImpl( 3025): Best location was null
01-09 12:12:48.066 E/Velvet.VelvetBackgroundTasksImpl( 3025): Background task refresh_search_history failed
01-09 12:12:48.066 E/Velvet.VelvetBackgroundTasksImpl( 3025): java.lang.NullPointerException
01-09 12:12:48.066 E/Velvet.VelvetBackgroundTasksImpl( 3025): 	at com.google.common.base.Preconditions.checkNotNull(Preconditions.java:187)
01-09 12:12:48.066 E/Velvet.VelvetBackgroundTasksImpl( 3025): 	at com.google.android.apps.sidekick.LocationOracleImpl.getBgHandler(LocationOracleImpl.java:280)
01-09 12:12:48.066 E/Velvet.VelvetBackgroundTasksImpl( 3025): 	at com.google.android.apps.sidekick.LocationOracleImpl.requestRecentLocation(LocationOracleImpl.java:568)
01-09 12:12:48.066 E/Velvet.VelvetBackgroundTasksImpl( 3025): 	at com.google.android.searchcommon.google.complete.AndroidProxySuggestionFetcher.fetch(AndroidProxySuggestionFetcher.java:82)
01-09 12:12:48.066 E/Velvet.VelvetBackgroundTasksImpl( 3025): 	at com.google.android.searchcommon.google.complete.CompleteServerClient.query(CompleteServerClient.java:91)
01-09 12:12:48.066 E/Velvet.VelvetBackgroundTasksImpl( 3025): 	at com.google.android.searchcommon.google.AbstractGoogleWebSource.doQueryInternal(AbstractGoogleWebSource.java:61)
01-09 12:12:48.066 E/Velvet.VelvetBackgroundTasksImpl( 3025): 	at com.google.android.searchcommon.google.AbstractGoogleSource.getSuggestions(AbstractGoogleSource.java:65)
01-09 12:12:48.066 E/Velvet.VelvetBackgroundTasksImpl( 3025): 	at com.google.android.searchcommon.google.WebSuggestSourceWrapper.getSuggestions(WebSuggestSourceWrapper.java:55)
01-09 12:12:48.066 E/Velvet.VelvetBackgroundTasksImpl( 3025): 	at com.google.android.searchcommon.google.WebSuggestSourceWithLocalHistory.getSuggestions(WebSuggestSourceWithLocalHistory.java:111)
01-09 12:12:48.066 E/Velvet.VelvetBackgroundTasksImpl( 3025): 	at com.google.android.searchcommon.google.WebSuggestSourceWrapper.getSuggestions(WebSuggestSourceWrapper.java:55)
01-09 12:12:48.066 E/Velvet.VelvetBackgroundTasksImpl( 3025): 	at com.google.android.searchcommon.google.ZeroQueryCachingWebSuggestSource.getSuggestions(ZeroQueryCachingWebSuggestSource.java:105)
01-09 12:12:48.066 E/Velvet.VelvetBackgroundTasksImpl( 3025): 	at com.google.android.searchcommon.google.WebSuggestSourceWrapper.getSuggestions(WebSuggestSourceWrapper.java:55)
01-09 12:12:48.066 E/Velvet.VelvetBackgroundTasksImpl( 3025): 	at com.google.android.searchcommon.google.DeletedQueryRemovingSourceWrapper.getSuggestions(DeletedQueryRemovingSourceWrapper.java:48)
01-09 12:12:48.066 E/Velvet.VelvetBackgroundTasksImpl( 3025): 	at com.google.android.velvet.VelvetFactory$1.call(VelvetFactory.java:559)
01-09 12:12:48.066 E/Velvet.VelvetBackgroundTasksImpl( 3025): 	at com.google.android.velvet.VelvetFactory$1.call(VelvetFactory.java:555)
01-09 12:12:48.066 E/Velvet.VelvetBackgroundTasksImpl( 3025): 	at java.util.concurrent.FutureTask.run(FutureTask.java:234)
01-09 12:12:48.066 E/Velvet.VelvetBackgroundTasksImpl( 3025): 	at com.google.android.searchcommon.util.NamingTaskExecutor$1.run(NamingTaskExecutor.java:50)
01-09 12:12:48.066 E/Velvet.VelvetBackgroundTasksImpl( 3025): 	at java.util.concurrent.Executors$RunnableAdapter.call(Executors.java:390)
01-09 12:12:48.066 E/Velvet.VelvetBackgroundTasksImpl( 3025): 	at java.util.concurrent.FutureTask.run(FutureTask.java:234)
01-09 12:12:48.066 E/Velvet.VelvetBackgroundTasksImpl( 3025): 	at java.util.concurrent.ScheduledThreadPoolExecutor$ScheduledFutureTask.access$201(ScheduledThreadPoolExecutor.java:153)
01-09 12:12:48.066 E/Velvet.VelvetBackgroundTasksImpl( 3025): 	at java.util.concurrent.ScheduledThreadPoolExecutor$ScheduledFutureTask.run(ScheduledThreadPoolExecutor.java:267)
01-09 12:12:48.066 E/Velvet.VelvetBackgroundTasksImpl( 3025): 	at java.util.concurrent.ThreadPoolExecutor.runWorker(ThreadPoolExecutor.java:1080)
01-09 12:12:48.066 E/Velvet.VelvetBackgroundTasksImpl( 3025): 	at java.util.concurrent.ThreadPoolExecutor$Worker.run(ThreadPoolExecutor.java:573)
01-09 12:12:48.066 E/Velvet.VelvetBackgroundTasksImpl( 3025): 	at java.lang.Thread.run(Thread.java:841)
01-09 12:12:48.066 E/Velvet.VelvetBackgroundTasksImpl( 3025): 	at com.google.android.searchcommon.util.PriorityThreadFactory$1.run(PriorityThreadFactory.java:49)
01-09 12:12:48.066 I/Search.RefreshSearchDomainAndCookiesTask( 3025): refreshing search domain
01-09 12:12:48.066 W/Search.SearchUrlHelper( 3025): Auth token not ready, no auth header set.
01-09 12:12:48.116 D/dalvikvm(  512): GC_FOR_ALLOC freed 1661K, 20% free 17204K/21316K, paused 55ms, total 55ms
01-09 12:12:48.116 D/AndroidRuntime( 3013): Shutting down VM
01-09 12:12:48.126 D/jdwp    ( 3013): Got wake-up signal, bailing out of select
01-09 12:12:48.126 D/dalvikvm( 3013): Debugger has detached; object registry had 1 entries
01-09 12:12:48.126 D/GCoreFlp(  704): Unknown pending intent to remove.
01-09 12:12:48.126 D/GCM     (  781): GcmService start Intent { act=com.google.android.gms.INITIALIZE flg=0x10 pkg=com.google.android.gms cmp=com.google.android.gms/.gcm.GcmService } com.google.android.gms.INITIALIZE
01-09 12:12:48.146 D/dalvikvm( 3148): Late-enabling CheckJNI
01-09 12:12:48.146 I/GCoreUlr(  704): Unbound from all location providers
01-09 12:12:48.146 I/ActivityManager(  512): Start proc uk.ac.st_andrews.cs.host.mk74.energymeasurement.wifi80211 for activity uk.ac.st_andrews.cs.host.mk74.energymeasurement.wifi80211/.MainActivity: pid=3148 uid=10081 gids={50081, 1028}
01-09 12:12:48.186 D/WifiService(  512): setWifiEnabled: true pid=3148, uid=10081
01-09 12:12:48.196 I/Recovery( 2998): Received: Intent { act=com.google.android.gms.INITIALIZE flg=0x10 pkg=com.google.android.gms cmp=com.google.android.gms/.recovery.AccountRecoveryBackgroundService$Receiver }
01-09 12:12:48.206 D/GCM     (  781): GcmService start Intent { act=com.google.android.gms.INITIALIZE flg=0x10 pkg=com.google.android.gms cmp=com.google.android.gms/.gcm.GcmService } com.google.android.gms.INITIALIZE
01-09 12:12:48.256 D/dalvikvm( 3025): GC_CONCURRENT freed 325K, 4% free 9377K/9740K, paused 1ms+8ms, total 27ms
01-09 12:12:48.266 W/Search.RefreshSearchDomainAndCookiesTask( 3025): Search parameters fetch failed: java.net.UnknownHostException: Unable to resolve host "www.google.co.uk": No address associated with hostname
01-09 12:12:48.266 W/Search.RefreshSearchDomainAndCookiesTask( 3025): Search parameters fetch failed
01-09 12:12:48.276 D/libEGL  ( 3148): loaded /system/lib/egl/libEGL_adreno200.so
01-09 12:12:48.276 D/libEGL  ( 3148): loaded /system/lib/egl/libGLESv1_CM_adreno200.so
01-09 12:12:48.276 D/libEGL  ( 3148): loaded /system/lib/egl/libGLESv2_adreno200.so
01-09 12:12:48.286 I/Adreno200-EGL( 3148): <qeglDrvAPI_eglInitialize:265>: EGL 1.4 QUALCOMM Build: Iabe52cfaeae4c5fab1acacfe6f056ba15fa93274
01-09 12:12:48.306 D/dalvikvm( 2944): GC_CONCURRENT freed 187K, 3% free 9359K/9584K, paused 3ms+9ms, total 40ms
01-09 12:12:48.316 I/ActivityManager(  512): No longer want com.android.chrome (pid 2138): empty #17
01-09 12:12:48.336 D/OpenGLRenderer( 3148): Enabling debug mode 0
01-09 12:12:48.386 I/ActivityManager(  512): Displayed uk.ac.st_andrews.cs.host.mk74.energymeasurement.wifi80211/.MainActivity: +253ms
01-09 12:12:49.207 I/System.out( 3148): 18
01-09 12:12:49.367 W/ActivityManager(  512): Permission denied: checkComponentPermission() owningUid=10057
01-09 12:12:49.367 W/ActivityManager(  512): Permission denied: checkComponentPermission() owningUid=10057
01-09 12:12:49.407 W/ActivityManager(  512): Permission denied: checkComponentPermission() owningUid=10057
01-09 12:12:49.407 W/ActivityManager(  512): Permission denied: checkComponentPermission() owningUid=10057
01-09 12:12:49.417 W/ActivityManager(  512): Permission denied: checkComponentPermission() owningUid=10057
01-09 12:12:49.417 W/ActivityManager(  512): Permission denied: checkComponentPermission() owningUid=10057
01-09 12:12:49.427 W/ActivityManager(  512): Permission denied: checkComponentPermission() owningUid=10057
01-09 12:12:49.427 W/ActivityManager(  512): Permission denied: checkComponentPermission() owningUid=10057
01-09 12:12:49.467 D/dalvikvm( 2998): GC_CONCURRENT freed 298K, 4% free 9222K/9556K, paused 2ms+2ms, total 24ms
01-09 12:12:49.477 W/ActivityManager(  512): Permission denied: checkComponentPermission() owningUid=10057
01-09 12:12:49.477 W/ActivityManager(  512): Permission denied: checkComponentPermission() owningUid=10057
01-09 12:12:49.497 W/ActivityManager(  512): Permission denied: checkComponentPermission() owningUid=10057
01-09 12:12:49.497 W/ActivityManager(  512): Permission denied: checkComponentPermission() owningUid=10057
01-09 12:12:50.108 D/dalvikvm(  704): GC_CONCURRENT freed 438K, 9% free 10014K/10908K, paused 5ms+3ms, total 85ms
01-09 12:12:50.198 I/System.out( 3148): 18
01-09 12:12:51.209 I/System.out( 3148): 18
01-09 12:12:52.230 I/System.out( 3148): 18
01-09 12:12:52.820 W/ActivityManager(  512): Unable to start service Intent { act=com.google.android.gms.analytics.service.START (has extras) } U=0: not found
01-09 12:12:52.830 W/GAV2    ( 3025): Thread[GAThread,5,main]: Service unavailable (code=1), will retry.
01-09 12:12:52.851 I/GAV2    ( 3025): Thread[GAThread,5,main]: No campaign data found.
01-09 12:12:53.221 I/System.out( 3148): 18
01-09 12:12:54.202 I/System.out( 3148): 18
01-09 12:12:54.242 D/dalvikvm(  704): GC_CONCURRENT freed 328K, 8% free 10071K/10908K, paused 8ms+3ms, total 45ms
01-09 12:12:55.223 I/System.out( 3148): 19
01-09 12:12:56.204 I/System.out( 3148): 19
01-09 12:12:57.215 I/System.out( 3148): 19
01-09 12:12:57.825 W/GAV2    ( 3025): Thread[Service Reconnect,5,main]: Service unavailable (code=1), using local store.
01-09 12:12:57.825 W/ActivityManager(  512): Unable to start service Intent { act=com.google.android.gms.analytics.service.START (has extras) } U=0: not found
01-09 12:12:58.206 I/System.out( 3148): 19
01-09 12:12:58.616 D/dalvikvm(  704): GC_CONCURRENT freed 365K, 8% free 10112K/10908K, paused 3ms+3ms, total 41ms
01-09 12:12:59.257 I/System.out( 3148): 19
01-09 12:12:59.967 D/dalvikvm(  512): JIT code cache reset in 1 ms (1048560 bytes 1/0)
01-09 12:12:59.987 D/dalvikvm(  512): GC_CONCURRENT freed 1895K, 15% free 17293K/20200K, paused 8ms+11ms, total 147ms
01-09 12:13:00.208 I/System.out( 3148): 19
01-09 12:13:01.209 I/System.out( 3148): 19
01-09 12:13:02.230 I/System.out( 3148): 19
01-09 12:13:02.960 D/dalvikvm( 2911): GC_CONCURRENT freed 207K, 3% free 9251K/9496K, paused 4ms+3ms, total 24ms
01-09 12:13:03.050 D/dalvikvm(  704): GC_CONCURRENT freed 373K, 7% free 10147K/10908K, paused 3ms+3ms, total 35ms
01-09 12:13:03.111 D/Finsky  ( 2911): [1] 5.onFinished: Installation state replication succeeded.
01-09 12:13:03.211 I/System.out( 3148): 19
01-09 12:13:04.212 I/System.out( 3148): 19
01-09 12:13:05.243 I/System.out( 3148): 19
01-09 12:13:06.234 D/dalvikvm( 3148): GC_FOR_ALLOC freed 314K, 4% free 9062K/9412K, paused 17ms, total 26ms
01-09 12:13:06.234 I/System.out( 3148): 19
01-09 12:13:07.225 I/System.out( 3148): 19
01-09 12:13:07.415 D/dalvikvm(  704): GC_CONCURRENT freed 374K, 7% free 10181K/10908K, paused 7ms+3ms, total 48ms
01-09 12:13:08.205 I/System.out( 3148): 18
01-09 12:13:09.206 I/System.out( 3148): 19
01-09 12:13:10.217 I/System.out( 3148): 19
01-09 12:13:11.228 I/System.out( 3148): 19
01-09 12:13:11.969 D/dalvikvm(  704): GC_CONCURRENT freed 373K, 7% free 10215K/10908K, paused 2ms+3ms, total 48ms
01-09 12:13:12.229 I/System.out( 3148): 19
01-09 12:13:13.220 I/System.out( 3148): 19
01-09 12:13:14.231 I/System.out( 3148): 18
01-09 12:13:15.212 I/System.out( 3148): 19
01-09 12:13:16.223 I/System.out( 3148): 19
01-09 12:13:16.273 D/dalvikvm(  704): GC_CONCURRENT freed 370K, 7% free 10248K/10908K, paused 7ms+4ms, total 63ms
01-09 12:13:17.224 I/System.out( 3148): 19
01-09 12:13:18.205 I/System.out( 3148): 19
01-09 12:13:18.796 D/dalvikvm(  512): GC_CONCURRENT freed 2081K, 13% free 17251K/19648K, paused 17ms+10ms, total 135ms
01-09 12:13:19.216 I/System.out( 3148): 19
01-09 12:13:20.227 I/System.out( 3148): 19
01-09 12:13:20.247 D/dalvikvm( 3148): Debugger has detached; object registry had 1 entries
01-09 12:13:20.578 I/ActivityManager(  512): Start proc com.android.chrome for broadcast com.android.chrome/org.chromium.base.PowerStatusReceiver: pid=3230 uid=10009 gids={50009, 1006, 3003, 1015, 1028}
01-09 12:13:20.648 D/PicasaSyncManager( 2151): battery info: false
01-09 12:13:20.648 D/PicasaUploaderSyncManager( 2198): battery info: false
01-09 12:13:20.658 I/ActivityManager(  512): No longer want com.google.android.deskclock (pid 1060): empty #17
01-09 12:13:20.678 D/dalvikvm(  704): GC_CONCURRENT freed 377K, 6% free 10285K/10908K, paused 2ms+3ms, total 26ms
01-09 12:13:21.218 I/System.out( 3148): 19
01-09 12:13:21.468 I/ActivityManager(  512): No longer want com.android.providers.calendar (pid 2625): empty #17
01-09 12:13:22.229 I/System.out( 3148): 20
01-09 12:13:23.220 I/System.out( 3148): 20
01-09 12:13:24.231 I/System.out( 3148): 20
01-09 12:13:25.242 I/System.out( 3148): 20
01-09 12:13:25.332 D/dalvikvm(  704): GC_CONCURRENT freed 402K, 6% free 10316K/10908K, paused 2ms+4ms, total 38ms
01-09 12:13:26.223 I/System.out( 3148): 20
01-09 12:13:27.244 I/System.out( 3148): 20
01-09 12:13:27.304 D/dalvikvm( 3148): GC_CONCURRENT freed 378K, 5% free 9082K/9496K, paused 7ms+2ms, total 80ms
01-09 12:13:28.215 I/System.out( 3148): 20
01-09 12:13:29.226 I/System.out( 3148): 20
01-09 12:13:30.227 I/System.out( 3148): 20
01-09 12:13:30.367 D/dalvikvm(  704): GC_CONCURRENT freed 405K, 6% free 10340K/10908K, paused 9ms+3ms, total 65ms
01-09 12:13:31.218 I/System.out( 3148): 20
01-09 12:13:32.229 I/System.out( 3148): 20
01-09 12:13:33.220 I/System.out( 3148): 20
01-09 12:13:34.231 I/System.out( 3148): 19
01-09 12:13:35.232 I/System.out( 3148): 19
01-09 12:13:35.352 D/dalvikvm(  704): GC_CONCURRENT freed 406K, 6% free 10358K/10908K, paused 2ms+3ms, total 54ms
01-09 12:13:36.223 I/System.out( 3148): 19
01-09 12:13:37.234 I/System.out( 3148): 19
01-09 12:13:37.354 D/dalvikvm(  512): GC_CONCURRENT freed 2042K, 13% free 17205K/19648K, paused 14ms+6ms, total 93ms
01-09 12:13:38.235 I/System.out( 3148): 19
01-09 12:13:39.236 I/System.out( 3148): 19
01-09 12:13:40.017 D/dalvikvm(  704): GC_CONCURRENT freed 397K, 5% free 10372K/10908K, paused 3ms+4ms, total 44ms
01-09 12:13:40.227 I/System.out( 3148): 19
01-09 12:13:41.248 I/System.out( 3148): 18
01-09 12:13:42.219 I/System.out( 3148): 18
01-09 12:13:43.230 I/System.out( 3148): 18
01-09 12:13:44.231 I/System.out( 3148): 18
01-09 12:13:44.811 D/dalvikvm(  704): GC_CONCURRENT freed 387K, 5% free 10376K/10908K, paused 3ms+3ms, total 36ms
01-09 12:13:45.242 I/System.out( 3148): 18
01-09 12:13:46.233 I/System.out( 3148): 18
01-09 12:13:47.234 I/System.out( 3148): 18
01-09 12:13:48.235 I/System.out( 3148): 18
01-09 12:13:49.226 I/System.out( 3148): 18
01-09 12:13:49.246 D/dalvikvm( 3148): GC_CONCURRENT freed 400K, 5% free 9073K/9512K, paused 2ms+2ms, total 21ms
01-09 12:13:49.856 D/dalvikvm(  704): GC_CONCURRENT freed 387K, 5% free 10378K/10908K, paused 2ms+3ms, total 44ms
01-09 12:13:50.236 I/System.out( 3148): 18
01-09 12:13:51.227 I/System.out( 3148): 18
01-09 12:13:52.228 I/System.out( 3148): 18
01-09 12:13:53.239 I/System.out( 3148): 19
01-09 12:13:54.230 I/System.out( 3148): 19
01-09 12:13:54.781 D/dalvikvm(  704): GC_CONCURRENT freed 395K, 5% free 10385K/10908K, paused 9ms+3ms, total 58ms
01-09 12:13:55.241 I/System.out( 3148): 19
01-09 12:13:56.232 I/System.out( 3148): 19
01-09 12:13:57.243 I/System.out( 3148): 19
01-09 12:13:58.234 I/System.out( 3148): 18
01-09 12:13:58.745 D/dalvikvm(  512): GC_CONCURRENT freed 1980K, 13% free 17202K/19648K, paused 8ms+7ms, total 117ms
01-09 12:13:59.235 I/System.out( 3148): 17
01-09 12:13:59.425 D/dalvikvm(  704): GC_CONCURRENT freed 399K, 5% free 10385K/10908K, paused 8ms+3ms, total 54ms
01-09 12:14:00.226 I/System.out( 3148): 18
01-09 12:14:01.237 I/System.out( 3148): 18
01-09 12:14:02.238 I/System.out( 3148): 18
01-09 12:14:03.239 I/System.out( 3148): 19
01-09 12:14:04.190 D/dalvikvm(  704): GC_CONCURRENT freed 402K, 5% free 10387K/10908K, paused 2ms+3ms, total 51ms
01-09 12:14:04.240 I/System.out( 3148): 19
01-09 12:14:05.241 I/System.out( 3148): 19
01-09 12:14:06.242 I/System.out( 3148): 19
01-09 12:14:07.253 I/System.out( 3148): 19
01-09 12:14:08.274 I/System.out( 3148): 20
01-09 12:14:08.995 D/dalvikvm(  704): GC_CONCURRENT freed 413K, 5% free 10390K/10908K, paused 2ms+3ms, total 55ms
01-09 12:14:09.245 I/System.out( 3148): 20
01-09 12:14:10.246 I/System.out( 3148): 20
01-09 12:14:11.237 I/System.out( 3148): 20
01-09 12:14:11.257 D/dalvikvm( 3148): GC_CONCURRENT freed 391K, 5% free 9073K/9512K, paused 1ms+2ms, total 19ms
01-09 12:14:12.248 I/System.out( 3148): 20
01-09 12:14:13.239 I/System.out( 3148): 20
01-09 12:14:13.850 D/dalvikvm(  704): GC_CONCURRENT freed 422K, 5% free 10398K/10908K, paused 7ms+4ms, total 66ms
01-09 12:14:14.250 I/System.out( 3148): 19
01-09 12:14:15.251 I/System.out( 3148): 19
01-09 12:14:16.252 I/System.out( 3148): 18
01-09 12:14:17.253 I/System.out( 3148): 18
01-09 12:14:18.254 I/System.out( 3148): 18
01-09 12:14:18.724 D/dalvikvm(  704): GC_CONCURRENT freed 414K, 5% free 10387K/10908K, paused 9ms+4ms, total 56ms
01-09 12:14:19.255 I/System.out( 3148): 18
01-09 12:14:19.395 D/dalvikvm(  512): GC_CONCURRENT freed 1992K, 13% free 17207K/19648K, paused 24ms+7ms, total 112ms
01-09 12:14:20.236 I/System.out( 3148): 19
01-09 12:14:21.247 I/System.out( 3148): 19
01-09 12:14:22.268 I/System.out( 3148): 20
01-09 12:14:23.249 I/System.out( 3148): 20
01-09 12:14:23.809 D/dalvikvm(  704): GC_CONCURRENT freed 419K, 5% free 10390K/10908K, paused 2ms+4ms, total 50ms
01-09 12:14:24.260 I/System.out( 3148): 20
01-09 12:14:25.251 I/System.out( 3148): 20
01-09 12:14:26.262 I/System.out( 3148): 20
01-09 12:14:27.263 I/System.out( 3148): 20
01-09 12:14:28.264 I/System.out( 3148): 19
01-09 12:14:28.764 D/dalvikvm(  704): GC_CONCURRENT freed 420K, 5% free 10396K/10908K, paused 6ms+5ms, total 71ms
01-09 12:14:29.265 I/System.out( 3148): 19
01-09 12:14:30.246 I/System.out( 3148): 19
01-09 12:14:31.257 I/System.out( 3148): 19
01-09 12:14:32.247 I/System.out( 3148): 19
01-09 12:14:33.299 I/System.out( 3148): 19
01-09 12:14:33.329 D/dalvikvm( 3148): GC_CONCURRENT freed 390K, 5% free 9082K/9508K, paused 27ms+2ms, total 70ms
01-09 12:14:33.389 D/dalvikvm(  704): GC_CONCURRENT freed 410K, 5% free 10392K/10908K, paused 3ms+3ms, total 45ms
01-09 12:14:34.259 I/System.out( 3148): 17
01-09 12:14:35.290 I/System.out( 3148): 17
01-09 12:14:36.271 I/System.out( 3148): 19
01-09 12:14:37.262 I/System.out( 3148): 19
01-09 12:14:38.203 D/dalvikvm(  704): GC_CONCURRENT freed 399K, 5% free 10389K/10908K, paused 3ms+3ms, total 46ms
01-09 12:14:38.263 I/System.out( 3148): 19
01-09 12:14:39.274 I/System.out( 3148): 19
01-09 12:14:40.265 I/System.out( 3148): 19
01-09 12:14:40.275 D/dalvikvm(  512): GC_CONCURRENT freed 2001K, 13% free 17205K/19648K, paused 18ms+14ms, total 151ms
01-09 12:14:41.266 I/System.out( 3148): 19
01-09 12:14:42.257 I/System.out( 3148): 19
01-09 12:14:42.928 D/dalvikvm(  704): GC_CONCURRENT freed 407K, 5% free 10392K/10908K, paused 2ms+4ms, total 51ms
01-09 12:14:43.268 I/System.out( 3148): 19
01-09 12:14:44.259 I/System.out( 3148): 19
01-09 12:14:45.270 I/System.out( 3148): 19
01-09 12:14:46.261 I/System.out( 3148): 19
01-09 12:14:47.282 I/System.out( 3148): 19
01-09 12:14:47.622 D/dalvikvm(  704): GC_CONCURRENT freed 408K, 5% free 10390K/10908K, paused 7ms+4ms, total 60ms
01-09 12:14:48.273 I/System.out( 3148): 17
01-09 12:14:49.274 I/System.out( 3148): 17
01-09 12:14:50.265 I/System.out( 3148): 19
01-09 12:14:51.266 I/System.out( 3148): 19
01-09 12:14:52.027 D/dalvikvm(  704): GC_CONCURRENT freed 399K, 5% free 10387K/10908K, paused 2ms+4ms, total 43ms
01-09 12:14:52.267 I/System.out( 3148): 19
01-09 12:14:53.298 I/System.out( 3148): 19
01-09 12:14:54.269 I/System.out( 3148): 19
01-09 12:14:55.280 I/System.out( 3148): 19
01-09 12:14:55.350 D/dalvikvm( 3148): GC_CONCURRENT freed 397K, 5% free 9073K/9508K, paused 8ms+12ms, total 68ms
01-09 12:14:56.271 I/System.out( 3148): 17
01-09 12:14:56.932 D/dalvikvm(  704): GC_CONCURRENT freed 397K, 5% free 10387K/10908K, paused 8ms+3ms, total 47ms
01-09 12:14:57.282 I/System.out( 3148): 17
01-09 12:14:58.273 I/System.out( 3148): 17
01-09 12:14:59.284 I/System.out( 3148): 17
01-09 12:15:00.275 I/System.out( 3148): 18
01-09 12:15:00.905 D/dalvikvm(  512): GC_CONCURRENT freed 1988K, 13% free 17206K/19648K, paused 16ms+8ms, total 121ms
01-09 12:15:01.276 I/System.out( 3148): 18
01-09 12:15:01.506 D/dalvikvm(  704): GC_CONCURRENT freed 391K, 5% free 10385K/10908K, paused 3ms+4ms, total 42ms
01-09 12:15:02.277 I/System.out( 3148): 18
01-09 12:15:03.288 I/System.out( 3148): 18
01-09 12:15:04.279 I/System.out( 3148): 18
01-09 12:15:05.280 I/System.out( 3148): 18
01-09 12:15:06.281 I/System.out( 3148): 17
01-09 12:15:06.351 D/dalvikvm(  704): GC_CONCURRENT freed 392K, 5% free 10385K/10908K, paused 3ms+3ms, total 41ms
01-09 12:15:07.282 I/System.out( 3148): 17
01-09 12:15:08.283 I/System.out( 3148): 17
01-09 12:15:09.294 I/System.out( 3148): 17
01-09 12:15:10.285 I/System.out( 3148): 17
01-09 12:15:11.286 I/System.out( 3148): 18
01-09 12:15:11.656 D/dalvikvm(  704): GC_CONCURRENT freed 424K, 5% free 10395K/10908K, paused 13ms+4ms, total 70ms
01-09 12:15:12.287 I/System.out( 3148): 18
01-09 12:15:13.288 I/System.out( 3148): 18
01-09 12:15:14.289 I/System.out( 3148): 19
01-09 12:15:15.289 I/System.out( 3148): 19
01-09 12:15:16.290 I/System.out( 3148): 19
01-09 12:15:16.481 D/dalvikvm(  704): GC_CONCURRENT freed 414K, 5% free 10384K/10908K, paused 2ms+4ms, total 49ms
01-09 12:15:17.291 I/System.out( 3148): 18
01-09 12:15:18.302 I/System.out( 3148): 18
01-09 12:15:18.362 D/dalvikvm( 3148): GC_CONCURRENT freed 383K, 5% free 9079K/9508K, paused 5ms+2ms, total 69ms
01-09 12:15:19.283 I/System.out( 3148): 17
01-09 12:15:20.294 I/System.out( 3148): 17
01-09 12:15:21.195 D/dalvikvm(  704): GC_CONCURRENT freed 395K, 5% free 10379K/10908K, paused 2ms+4ms, total 33ms
01-09 12:15:21.275 I/System.out( 3148): 18
01-09 12:15:22.286 I/System.out( 3148): 18
01-09 12:15:22.677 D/dalvikvm(  512): GC_CONCURRENT freed 1989K, 13% free 17220K/19648K, paused 20ms+7ms, total 132ms
01-09 12:15:23.277 I/System.out( 3148): 18
01-09 12:15:24.288 I/System.out( 3148): 18
01-09 12:15:25.289 I/System.out( 3148): 18
01-09 12:15:26.280 I/System.out( 3148): 18
01-09 12:15:26.971 D/dalvikvm(  704): GC_CONCURRENT freed 437K, 5% free 10390K/10908K, paused 5ms+4ms, total 62ms
01-09 12:15:27.291 I/System.out( 3148): 18
01-09 12:15:28.312 I/System.out( 3148): 19
01-09 12:15:29.303 I/System.out( 3148): 19
01-09 12:15:30.304 I/System.out( 3148): 18
01-09 12:15:31.295 I/System.out( 3148): 18
01-09 12:15:31.665 D/dalvikvm(  704): GC_CONCURRENT freed 414K, 5% free 10380K/10908K, paused 2ms+4ms, total 45ms
01-09 12:15:32.296 I/System.out( 3148): 18
01-09 12:15:33.297 I/System.out( 3148): 17
01-09 12:15:34.288 I/System.out( 3148): 17
01-09 12:15:35.299 I/System.out( 3148): 17
01-09 12:15:36.300 I/System.out( 3148): 17
01-09 12:15:36.891 D/dalvikvm(  704): GC_CONCURRENT freed 429K, 5% free 10390K/10908K, paused 6ms+3ms, total 63ms
01-09 12:15:37.301 I/System.out( 3148): 19
01-09 12:15:38.292 I/System.out( 3148): 19
01-09 12:15:39.303 I/System.out( 3148): 19
01-09 12:15:40.294 I/System.out( 3148): 19
01-09 12:15:41.305 I/System.out( 3148): 19
01-09 12:15:41.375 D/dalvikvm( 3148): GC_CONCURRENT freed 393K, 5% free 9081K/9512K, paused 8ms+6ms, total 87ms
01-09 12:15:41.595 D/dalvikvm(  704): GC_CONCURRENT freed 419K, 5% free 10382K/10908K, paused 2ms+10ms, total 53ms
01-09 12:15:42.296 I/System.out( 3148): 19
01-09 12:15:43.297 I/System.out( 3148): 19
01-09 12:15:43.757 D/dalvikvm(  512): GC_CONCURRENT freed 1995K, 13% free 17191K/19648K, paused 3ms+7ms, total 75ms
01-09 12:15:44.298 I/System.out( 3148): 18
01-09 12:15:45.289 I/System.out( 3148): 19
01-09 12:15:46.300 I/System.out( 3148): 19
01-09 12:15:47.301 I/System.out( 3148): 19
01-09 12:15:47.411 D/dalvikvm(  704): GC_CONCURRENT freed 451K, 5% free 10393K/10908K, paused 9ms+4ms, total 95ms
01-09 12:15:48.312 I/System.out( 3148): 19
01-09 12:15:49.333 I/System.out( 3148): 19
01-09 12:15:50.314 I/System.out( 3148): 19
01-09 12:15:51.335 I/System.out( 3148): 19
01-09 12:15:52.095 D/dalvikvm(  704): GC_CONCURRENT freed 422K, 5% free 10383K/10908K, paused 6ms+3ms, total 49ms
01-09 12:15:52.306 I/System.out( 3148): 19
01-09 12:15:53.307 I/System.out( 3148): 19
01-09 12:15:54.298 I/System.out( 3148): 19
01-09 12:15:55.309 I/System.out( 3148): 19
01-09 12:15:56.299 I/System.out( 3148): 19
01-09 12:15:56.840 D/dalvikvm(  704): GC_CONCURRENT freed 410K, 5% free 10384K/10908K, paused 2ms+4ms, total 47ms
01-09 12:15:57.310 I/System.out( 3148): 19
01-09 12:15:58.311 I/System.out( 3148): 19
01-09 12:15:59.312 I/System.out( 3148): 19
01-09 12:16:00.313 I/System.out( 3148): 19
01-09 12:16:01.314 I/System.out( 3148): 19
01-09 12:16:01.605 D/dalvikvm(  704): GC_CONCURRENT freed 410K, 5% free 10384K/10908K, paused 3ms+4ms, total 59ms
01-09 12:16:02.305 I/System.out( 3148): 19
01-09 12:16:03.326 I/System.out( 3148): 19
01-09 12:16:03.376 D/dalvikvm( 3148): GC_CONCURRENT freed 394K, 5% free 9081K/9512K, paused 6ms+2ms, total 65ms
01-09 12:16:04.317 I/System.out( 3148): 19
01-09 12:16:04.387 D/dalvikvm(  512): GC_CONCURRENT freed 1987K, 13% free 17205K/19648K, paused 21ms+7ms, total 131ms
01-09 12:16:05.318 I/System.out( 3148): 19
01-09 12:16:06.319 I/System.out( 3148): 19
01-09 12:16:06.489 D/dalvikvm(  704): GC_CONCURRENT freed 409K, 5% free 10386K/10908K, paused 2ms+3ms, total 53ms
01-09 12:16:07.320 I/System.out( 3148): 19
01-09 12:16:08.321 I/System.out( 3148): 19
01-09 12:16:09.322 I/System.out( 3148): 18
01-09 12:16:10.323 I/System.out( 3148): 18
01-09 12:16:11.324 I/System.out( 3148): 18
01-09 12:16:11.374 D/dalvikvm(  704): GC_CONCURRENT freed 404K, 5% free 10384K/10908K, paused 7ms+3ms, total 53ms
01-09 12:16:12.325 I/System.out( 3148): 18
01-09 12:16:13.326 I/System.out( 3148): 18
01-09 12:16:14.327 I/System.out( 3148): 18
01-09 12:16:15.318 I/System.out( 3148): 17
01-09 12:16:15.829 D/dalvikvm(  704): GC_CONCURRENT freed 396K, 5% free 10382K/10908K, paused 6ms+4ms, total 51ms
01-09 12:16:16.329 I/System.out( 3148): 17
01-09 12:16:17.320 I/System.out( 3148): 18
01-09 12:16:18.331 I/System.out( 3148): 18
01-09 12:16:19.322 I/System.out( 3148): 18
01-09 12:16:20.333 I/System.out( 3148): 18
01-09 12:16:20.743 D/dalvikvm(  704): GC_CONCURRENT freed 391K, 5% free 10378K/10908K, paused 3ms+4ms, total 46ms
01-09 12:16:21.334 I/System.out( 3148): 18
01-09 12:16:22.325 I/System.out( 3148): 19
01-09 12:16:23.326 I/System.out( 3148): 19
01-09 12:16:24.337 I/System.out( 3148): 19
01-09 12:16:25.328 I/System.out( 3148): 19
01-09 12:16:25.918 D/dalvikvm(  512): GC_CONCURRENT freed 1984K, 13% free 17206K/19648K, paused 18ms+8ms, total 122ms
01-09 12:16:25.968 D/dalvikvm(  704): GC_CONCURRENT freed 409K, 5% free 10384K/10908K, paused 8ms+3ms, total 35ms
01-09 12:16:26.349 I/System.out( 3148): 19
01-09 12:16:26.389 D/dalvikvm( 3148): GC_CONCURRENT freed 400K, 5% free 9082K/9520K, paused 7ms+2ms, total 57ms
01-09 12:16:27.340 I/System.out( 3148): 18
01-09 12:16:28.351 I/System.out( 3148): 17
01-09 12:16:29.342 I/System.out( 3148): 17
01-09 12:16:30.343 I/System.out( 3148): 17
01-09 12:16:31.194 D/dalvikvm(  704): GC_CONCURRENT freed 427K, 5% free 10393K/10908K, paused 10ms+4ms, total 78ms
01-09 12:16:31.334 I/System.out( 3148): 17
01-09 12:16:32.345 I/System.out( 3148): 17
01-09 12:16:33.336 I/System.out( 3148): 18
01-09 12:16:34.337 I/System.out( 3148): 18
01-09 12:16:35.328 I/System.out( 3148): 18
01-09 12:16:35.918 D/dalvikvm(  704): GC_CONCURRENT freed 404K, 5% free 10377K/10908K, paused 3ms+3ms, total 41ms
01-09 12:16:36.339 I/System.out( 3148): 18
01-09 12:16:37.330 I/System.out( 3148): 19
01-09 12:16:38.341 I/System.out( 3148): 18
01-09 12:16:39.341 I/System.out( 3148): 18
01-09 12:16:40.332 I/System.out( 3148): 19
01-09 12:16:40.883 D/dalvikvm(  704): GC_CONCURRENT freed 403K, 5% free 10387K/10908K, paused 6ms+5ms, total 63ms
01-09 12:16:41.343 I/System.out( 3148): 19
01-09 12:16:42.334 I/System.out( 3148): 19
01-09 12:16:43.335 I/System.out( 3148): 19
01-09 12:16:44.326 I/System.out( 3148): 20
01-09 12:16:45.337 I/System.out( 3148): 19
01-09 12:16:45.618 D/dalvikvm(  704): GC_CONCURRENT freed 417K, 5% free 10392K/10908K, paused 8ms+4ms, total 77ms
01-09 12:16:46.338 I/System.out( 3148): 19
01-09 12:16:46.939 D/dalvikvm(  512): GC_CONCURRENT freed 1992K, 13% free 17208K/19648K, paused 8ms+6ms, total 124ms
01-09 12:16:47.349 I/System.out( 3148): 20
01-09 12:16:48.350 I/System.out( 3148): 20
01-09 12:16:49.361 I/System.out( 3148): 20
01-09 12:16:49.431 D/dalvikvm( 3148): GC_CONCURRENT freed 402K, 5% free 9083K/9524K, paused 7ms+6ms, total 85ms
01-09 12:16:50.242 D/dalvikvm(  704): GC_CONCURRENT freed 418K, 5% free 10396K/10908K, paused 8ms+4ms, total 66ms
01-09 12:16:50.342 I/System.out( 3148): 19
01-09 12:16:51.363 I/System.out( 3148): 19
01-09 12:16:52.344 I/System.out( 3148): 19
01-09 12:16:53.345 I/System.out( 3148): 19
01-09 12:16:54.346 I/System.out( 3148): 19
01-09 12:16:54.937 D/dalvikvm(  704): GC_CONCURRENT freed 419K, 5% free 10392K/10908K, paused 7ms+4ms, total 70ms
01-09 12:16:55.347 I/System.out( 3148): 19
01-09 12:16:56.338 I/System.out( 3148): 19
01-09 12:16:57.349 I/System.out( 3148): 18
01-09 12:16:58.340 I/System.out( 3148): 18
01-09 12:16:59.351 I/System.out( 3148): 18
01-09 12:16:59.661 D/dalvikvm(  704): GC_CONCURRENT freed 405K, 5% free 10387K/10908K, paused 7ms+4ms, total 60ms
01-09 12:17:00.352 I/System.out( 3148): 19
01-09 12:17:01.353 I/System.out( 3148): 19
01-09 12:17:02.344 I/System.out( 3148): 19
01-09 12:17:03.355 I/System.out( 3148): 19
01-09 12:17:04.346 I/System.out( 3148): 19
01-09 12:17:04.406 D/dalvikvm(  704): GC_CONCURRENT freed 407K, 5% free 10391K/10908K, paused 3ms+3ms, total 45ms
01-09 12:17:05.357 I/System.out( 3148): 19
01-09 12:17:06.348 I/System.out( 3148): 18
01-09 12:17:07.069 D/dalvikvm(  512): GC_CONCURRENT freed 1978K, 13% free 17216K/19648K, paused 8ms+8ms, total 117ms
01-09 12:17:07.349 I/System.out( 3148): 18
01-09 12:17:08.350 I/System.out( 3148): 18
01-09 12:17:09.131 D/dalvikvm(  704): GC_CONCURRENT freed 403K, 5% free 10389K/10908K, paused 2ms+4ms, total 46ms
01-09 12:17:09.361 I/System.out( 3148): 18
01-09 12:17:10.362 I/System.out( 3148): 18
01-09 12:17:11.353 I/System.out( 3148): 18
01-09 12:17:11.413 D/dalvikvm( 3148): GC_CONCURRENT freed 398K, 5% free 9073K/9520K, paused 2ms+7ms, total 61ms
01-09 12:17:12.364 I/System.out( 3148): 18
01-09 12:17:13.365 I/System.out( 3148): 18
01-09 12:17:13.855 D/dalvikvm(  704): GC_CONCURRENT freed 397K, 5% free 10385K/10908K, paused 2ms+3ms, total 40ms
01-09 12:17:14.356 I/System.out( 3148): 19
01-09 12:17:15.347 I/System.out( 3148): 19
01-09 12:17:16.358 I/System.out( 3148): 19
01-09 12:17:17.359 I/System.out( 3148): 19
01-09 12:17:18.360 I/System.out( 3148): 19
01-09 12:17:18.740 D/dalvikvm(  704): GC_CONCURRENT freed 406K, 5% free 10393K/10908K, paused 2ms+3ms, total 46ms
01-09 12:17:19.361 I/System.out( 3148): 20
01-09 12:17:20.372 I/System.out( 3148): 20
01-09 12:17:21.372 I/System.out( 3148): 20
01-09 12:17:22.373 I/System.out( 3148): 19
01-09 12:17:23.374 I/System.out( 3148): 19
01-09 12:17:23.505 D/dalvikvm(  704): GC_CONCURRENT freed 424K, 5% free 10400K/10908K, paused 10ms+4ms, total 70ms
01-09 12:17:24.365 I/System.out( 3148): 19
01-09 12:17:25.366 I/System.out( 3148): 19
01-09 12:17:26.357 I/System.out( 3148): 19
01-09 12:17:27.368 I/System.out( 3148): 19
01-09 12:17:27.719 D/dalvikvm(  512): GC_CONCURRENT freed 1990K, 13% free 17216K/19648K, paused 8ms+7ms, total 122ms
01-09 12:17:28.359 I/System.out( 3148): 19
01-09 12:17:28.379 D/dalvikvm(  704): GC_CONCURRENT freed 419K, 5% free 10391K/10908K, paused 2ms+9ms, total 52ms
01-09 12:17:29.370 I/System.out( 3148): 18
01-09 12:17:30.381 I/System.out( 3148): 18
01-09 12:17:31.372 I/System.out( 3148): 19
01-09 12:17:32.373 I/System.out( 3148): 19
01-09 12:17:33.034 D/dalvikvm(  704): GC_CONCURRENT freed 405K, 5% free 10390K/10908K, paused 2ms+4ms, total 52ms
01-09 12:17:33.394 I/System.out( 3148): 19
01-09 12:17:33.444 D/dalvikvm( 3148): GC_CONCURRENT freed 386K, 5% free 9081K/9520K, paused 11ms+2ms, total 74ms
01-09 12:17:34.365 I/System.out( 3148): 19
01-09 12:17:35.366 I/System.out( 3148): 19
01-09 12:17:36.367 I/System.out( 3148): 18
01-09 12:17:37.358 I/System.out( 3148): 19
01-09 12:17:37.909 D/dalvikvm(  704): GC_CONCURRENT freed 405K, 5% free 10390K/10908K, paused 6ms+4ms, total 54ms
01-09 12:17:38.369 I/System.out( 3148): 19
01-09 12:17:39.360 I/System.out( 3148): 19
01-09 12:17:40.371 I/System.out( 3148): 19
01-09 12:17:41.372 I/System.out( 3148): 18
01-09 12:17:42.373 I/System.out( 3148): 18
01-09 12:17:42.533 D/dalvikvm(  704): GC_CONCURRENT freed 405K, 5% free 10392K/10908K, paused 2ms+3ms, total 47ms
01-09 12:17:43.374 I/System.out( 3148): 18
01-09 12:17:44.365 I/System.out( 3148): 18
01-09 12:17:45.366 I/System.out( 3148): 17
01-09 12:17:46.377 I/System.out( 3148): 17
01-09 12:17:47.068 D/dalvikvm(  704): GC_CONCURRENT freed 393K, 5% free 10385K/10908K, paused 3ms+4ms, total 45ms
01-09 12:17:47.378 I/System.out( 3148): 17
01-09 12:17:48.379 I/System.out( 3148): 17
01-09 12:17:48.479 D/dalvikvm(  512): GC_CONCURRENT freed 1969K, 13% free 17219K/19648K, paused 9ms+7ms, total 137ms
01-09 12:17:49.380 I/System.out( 3148): 17
01-09 12:17:50.381 I/System.out( 3148): 17
01-09 12:17:51.382 I/System.out( 3148): 17
01-09 12:17:52.383 I/System.out( 3148): 18
01-09 12:17:52.563 D/dalvikvm(  704): GC_CONCURRENT freed 422K, 5% free 10397K/10908K, paused 21ms+3ms, total 66ms
01-09 12:17:53.374 I/System.out( 3148): 18
01-09 12:17:54.385 I/System.out( 3148): 18
01-09 12:17:55.366 I/System.out( 3148): 18
01-09 12:17:56.387 I/System.out( 3148): 18
01-09 12:17:56.427 D/dalvikvm( 3148): GC_CONCURRENT freed 394K, 5% free 9080K/9520K, paused 7ms+2ms, total 52ms
01-09 12:17:57.368 I/System.out( 3148): 19
01-09 12:17:57.388 D/dalvikvm(  704): GC_CONCURRENT freed 408K, 5% free 10381K/10908K, paused 2ms+4ms, total 49ms
01-09 12:17:58.379 I/System.out( 3148): 19
01-09 12:17:59.390 I/System.out( 3148): 19
01-09 12:18:00.381 I/System.out( 3148): 19
01-09 12:18:01.392 I/System.out( 3148): 18
01-09 12:18:02.393 I/System.out( 3148): 18
01-09 12:18:02.513 D/dalvikvm(  704): GC_CONCURRENT freed 401K, 5% free 10386K/10908K, paused 2ms+4ms, total 44ms
01-09 12:18:03.393 I/System.out( 3148): 18
01-09 12:18:04.394 I/System.out( 3148): 18
01-09 12:18:05.375 I/System.out( 3148): 18
01-09 12:18:06.386 I/System.out( 3148): 19
01-09 12:18:07.377 I/System.out( 3148): 19
01-09 12:18:07.427 D/dalvikvm(  704): GC_CONCURRENT freed 405K, 5% free 10385K/10908K, paused 3ms+4ms, total 53ms
01-09 12:18:08.388 I/System.out( 3148): 19
01-09 12:18:09.379 I/System.out( 3148): 19
01-09 12:18:10.160 D/dalvikvm(  512): GC_CONCURRENT freed 1991K, 13% free 17215K/19648K, paused 8ms+7ms, total 131ms
01-09 12:18:10.390 I/System.out( 3148): 19
01-09 12:18:11.391 I/System.out( 3148): 18
01-09 12:18:12.142 D/dalvikvm(  704): GC_CONCURRENT freed 408K, 5% free 10387K/10908K, paused 3ms+3ms, total 47ms
01-09 12:18:12.392 I/System.out( 3148): 19
01-09 12:18:13.393 I/System.out( 3148): 19
01-09 12:18:14.394 I/System.out( 3148): 19
01-09 12:18:15.395 I/System.out( 3148): 19
01-09 12:18:16.396 I/System.out( 3148): 19
01-09 12:18:16.937 D/dalvikvm(  704): GC_CONCURRENT freed 410K, 5% free 10387K/10908K, paused 3ms+4ms, total 48ms
01-09 12:18:17.397 I/System.out( 3148): 19
01-09 12:18:18.388 I/System.out( 3148): 18
01-09 12:18:18.408 D/dalvikvm( 3148): GC_CONCURRENT freed 397K, 5% free 9073K/9520K, paused 1ms+2ms, total 19ms
01-09 12:18:19.399 I/System.out( 3148): 18
01-09 12:18:20.390 I/System.out( 3148): 19
01-09 12:18:21.401 I/System.out( 3148): 19
01-09 12:18:21.811 D/dalvikvm(  704): GC_CONCURRENT freed 404K, 5% free 10386K/10908K, paused 6ms+4ms, total 57ms
01-09 12:18:22.402 I/System.out( 3148): 19
01-09 12:18:23.403 I/System.out( 3148): 19
01-09 12:18:24.404 I/System.out( 3148): 19
01-09 12:18:25.385 I/System.out( 3148): 19
01-09 12:18:26.396 I/System.out( 3148): 19
01-09 12:18:26.636 D/dalvikvm(  704): GC_CONCURRENT freed 416K, 5% free 10385K/10908K, paused 11ms+4ms, total 71ms
01-09 12:18:27.387 I/System.out( 3148): 19
01-09 12:18:28.398 I/System.out( 3148): 19
01-09 12:18:29.389 I/System.out( 3148): 19
01-09 12:18:30.400 I/System.out( 3148): 19
01-09 12:18:30.790 D/dalvikvm(  512): GC_CONCURRENT freed 1982K, 13% free 17212K/19648K, paused 8ms+7ms, total 135ms
01-09 12:18:31.391 I/System.out( 3148): 19
01-09 12:18:31.431 D/dalvikvm(  704): GC_CONCURRENT freed 409K, 5% free 10387K/10908K, paused 6ms+4ms, total 59ms
01-09 12:18:32.402 I/System.out( 3148): 19
01-09 12:18:33.403 I/System.out( 3148): 20
01-09 12:18:34.414 I/System.out( 3148): 20
01-09 12:18:35.405 I/System.out( 3148): 20
01-09 12:18:36.155 D/dalvikvm(  704): GC_CONCURRENT freed 421K, 5% free 10396K/10908K, paused 8ms+4ms, total 64ms
01-09 12:18:36.406 I/System.out( 3148): 20
01-09 12:18:37.407 I/System.out( 3148): 20
01-09 12:18:38.418 I/System.out( 3148): 19
01-09 12:18:39.409 I/System.out( 3148): 19
01-09 12:18:40.430 I/System.out( 3148): 18
01-09 12:18:40.480 D/dalvikvm( 3148): GC_CONCURRENT freed 390K, 5% free 9081K/9520K, paused 6ms+10ms, total 76ms
01-09 12:18:40.870 D/dalvikvm(  704): GC_CONCURRENT freed 417K, 5% free 10393K/10908K, paused 6ms+4ms, total 65ms
01-09 12:18:41.411 I/System.out( 3148): 18
01-09 12:18:42.412 I/System.out( 3148): 19
01-09 12:18:43.413 I/System.out( 3148): 19
01-09 12:18:44.403 I/System.out( 3148): 19
01-09 12:18:45.434 I/System.out( 3148): 19
01-09 12:18:45.545 D/dalvikvm(  704): GC_CONCURRENT freed 408K, 5% free 10390K/10908K, paused 2ms+4ms, total 54ms
01-09 12:18:46.415 I/System.out( 3148): 19
01-09 12:18:47.416 I/System.out( 3148): 19
01-09 12:18:48.417 I/System.out( 3148): 19
01-09 12:18:49.448 I/System.out( 3148): 19
01-09 12:18:50.179 D/dalvikvm(  704): GC_CONCURRENT freed 409K, 5% free 10391K/10908K, paused 7ms+4ms, total 70ms
01-09 12:18:50.419 I/System.out( 3148): 19
01-09 12:18:50.910 D/dalvikvm(  512): GC_CONCURRENT freed 2002K, 13% free 17215K/19648K, paused 18ms+6ms, total 115ms
01-09 12:18:51.420 I/System.out( 3148): 19
01-09 12:18:52.431 I/System.out( 3148): 19
01-09 12:18:53.432 I/System.out( 3148): 18
01-09 12:18:54.433 I/System.out( 3148): 18
01-09 12:18:54.934 D/dalvikvm(  704): GC_CONCURRENT freed 403K, 5% free 10386K/10908K, paused 3ms+4ms, total 43ms
01-09 12:18:55.424 I/System.out( 3148): 18
01-09 12:18:56.415 I/System.out( 3148): 19
01-09 12:18:57.426 I/System.out( 3148): 19
01-09 12:18:58.427 I/System.out( 3148): 19
01-09 12:18:59.428 I/System.out( 3148): 19
01-09 12:18:59.678 D/dalvikvm(  704): GC_CONCURRENT freed 402K, 5% free 10394K/10908K, paused 3ms+4ms, total 53ms
01-09 12:19:00.429 I/System.out( 3148): 19
01-09 12:19:01.430 I/System.out( 3148): 19
01-09 12:19:02.451 I/System.out( 3148): 18
01-09 12:19:02.491 D/dalvikvm( 3148): GC_CONCURRENT freed 392K, 5% free 9080K/9520K, paused 6ms+2ms, total 53ms
01-09 12:19:03.432 I/System.out( 3148): 18
01-09 12:19:04.283 D/dalvikvm(  704): GC_CONCURRENT freed 409K, 5% free 10396K/10908K, paused 6ms+3ms, total 62ms
01-09 12:19:04.433 I/System.out( 3148): 19
01-09 12:19:05.444 I/System.out( 3148): 18
01-09 12:19:06.425 I/System.out( 3148): 19
01-09 12:19:07.436 I/System.out( 3148): 19
01-09 12:19:08.457 I/System.out( 3148): 19
01-09 12:19:09.228 D/dalvikvm(  704): GC_CONCURRENT freed 410K, 5% free 10394K/10908K, paused 2ms+3ms, total 43ms
01-09 12:19:09.438 I/System.out( 3148): 19
01-09 12:19:10.439 I/System.out( 3148): 20
01-09 12:19:11.270 D/dalvikvm(  512): GC_CONCURRENT freed 1982K, 13% free 17221K/19648K, paused 8ms+7ms, total 113ms
01-09 12:19:11.430 I/System.out( 3148): 21
01-09 12:19:12.441 I/System.out( 3148): 21
01-09 12:19:13.442 I/System.out( 3148): 21
01-09 12:19:13.852 D/dalvikvm(  704): GC_CONCURRENT freed 436K, 5% free 10405K/10908K, paused 9ms+4ms, total 84ms
01-09 12:19:14.443 I/System.out( 3148): 20
01-09 12:19:15.444 I/System.out( 3148): 19
01-09 12:19:16.445 I/System.out( 3148): 19
01-09 12:19:17.446 I/System.out( 3148): 19
01-09 12:19:18.447 I/System.out( 3148): 19
01-09 12:19:18.517 D/dalvikvm(  704): GC_CONCURRENT freed 424K, 5% free 10406K/10908K, paused 25ms+4ms, total 87ms
01-09 12:19:19.448 I/System.out( 3148): 19
01-09 12:19:20.449 I/System.out( 3148): 20
01-09 12:19:21.440 I/System.out( 3148): 20
01-09 12:19:22.451 I/System.out( 3148): 19
01-09 12:19:23.251 D/dalvikvm(  704): GC_CONCURRENT freed 427K, 5% free 10407K/10908K, paused 9ms+3ms, total 50ms
01-09 12:19:23.442 I/System.out( 3148): 20
01-09 12:19:23.492 D/dalvikvm( 3148): GC_CONCURRENT freed 391K, 5% free 9074K/9520K, paused 5ms+5ms, total 47ms
01-09 12:19:24.453 I/System.out( 3148): 20
01-09 12:19:25.444 I/System.out( 3148): 19
01-09 12:19:26.455 I/System.out( 3148): 19
01-09 12:19:27.445 I/System.out( 3148): 19
01-09 12:19:28.086 D/dalvikvm(  704): GC_CONCURRENT freed 429K, 5% free 10406K/10908K, paused 7ms+4ms, total 85ms
01-09 12:19:28.456 I/System.out( 3148): 19
01-09 12:19:29.447 I/System.out( 3148): 19
01-09 12:19:30.458 I/System.out( 3148): 19
01-09 12:19:30.829 D/dalvikvm(  512): GC_CONCURRENT freed 1984K, 13% free 17230K/19648K, paused 8ms+7ms, total 110ms
01-09 12:19:31.449 I/System.out( 3148): 20
01-09 12:19:32.460 I/System.out( 3148): 19
01-09 12:19:32.841 D/dalvikvm(  704): GC_CONCURRENT freed 420K, 5% free 10411K/10908K, paused 8ms+4ms, total 81ms
01-09 12:19:33.451 I/System.out( 3148): 18
01-09 12:19:34.462 I/System.out( 3148): 18
01-09 12:19:35.463 I/System.out( 3148): 18
01-09 12:19:36.464 I/System.out( 3148): 19
01-09 12:19:37.465 I/System.out( 3148): 19
01-09 12:19:37.685 D/dalvikvm(  704): GC_CONCURRENT freed 411K, 5% free 10406K/10908K, paused 10ms+3ms, total 57ms
01-09 12:19:38.456 I/System.out( 3148): 19
01-09 12:19:39.467 I/System.out( 3148): 19
01-09 12:19:40.478 I/System.out( 3148): 19
01-09 12:19:41.469 I/System.out( 3148): 19
01-09 12:19:42.470 I/System.out( 3148): 18
01-09 12:19:42.590 D/dalvikvm(  704): GC_CONCURRENT freed 408K, 5% free 10405K/10908K, paused 3ms+4ms, total 49ms
01-09 12:19:43.471 I/System.out( 3148): 18
01-09 12:19:44.492 I/System.out( 3148): 18
01-09 12:19:45.483 I/System.out( 3148): 17
01-09 12:19:45.543 D/dalvikvm( 3148): GC_CONCURRENT freed 385K, 5% free 9080K/9520K, paused 7ms+6ms, total 67ms
01-09 12:19:46.474 I/System.out( 3148): 18
01-09 12:19:47.425 D/dalvikvm(  704): GC_CONCURRENT freed 400K, 5% free 10401K/10908K, paused 7ms+3ms, total 49ms
01-09 12:19:47.455 I/System.out( 3148): 18
01-09 12:19:48.466 I/System.out( 3148): 18
01-09 12:19:49.477 I/System.out( 3148): 18
01-09 12:19:50.478 I/System.out( 3148): 18
01-09 12:19:51.479 I/System.out( 3148): 19
01-09 12:19:52.330 D/dalvikvm(  512): GC_CONCURRENT freed 1980K, 13% free 17236K/19648K, paused 8ms+6ms, total 114ms
01-09 12:19:52.360 D/dalvikvm(  704): GC_CONCURRENT freed 400K, 5% free 10403K/10908K, paused 2ms+4ms, total 32ms
01-09 12:19:52.470 I/System.out( 3148): 18
01-09 12:19:53.481 I/System.out( 3148): 18
01-09 12:19:54.472 I/System.out( 3148): 18
01-09 12:19:55.483 I/System.out( 3148): 18
01-09 12:19:56.484 I/System.out( 3148): 18
01-09 12:19:57.315 D/dalvikvm(  704): GC_CONCURRENT freed 404K, 5% free 10402K/10908K, paused 2ms+4ms, total 40ms
01-09 12:19:57.475 I/System.out( 3148): 19
01-09 12:19:58.476 I/System.out( 3148): 19
01-09 12:19:59.477 I/System.out( 3148): 19
01-09 12:20:00.468 I/System.out( 3148): 19
01-09 12:20:01.479 I/System.out( 3148): 19
01-09 12:20:01.829 D/dalvikvm(  704): GC_CONCURRENT freed 410K, 5% free 10402K/10908K, paused 6ms+4ms, total 58ms
01-09 12:20:02.480 I/System.out( 3148): 18
01-09 12:20:03.481 I/System.out( 3148): 17
01-09 12:20:04.482 I/System.out( 3148): 17
01-09 12:20:05.483 I/System.out( 3148): 18
01-09 12:20:06.484 I/System.out( 3148): 18
01-09 12:20:06.534 D/dalvikvm(  704): GC_CONCURRENT freed 397K, 5% free 10396K/10908K, paused 3ms+4ms, total 45ms
01-09 12:20:07.485 I/System.out( 3148): 18
01-09 12:20:08.516 I/System.out( 3148): 18
01-09 12:20:08.556 D/dalvikvm( 3148): GC_CONCURRENT freed 396K, 5% free 9081K/9516K, paused 7ms+1ms, total 76ms
01-09 12:20:09.476 I/System.out( 3148): 19
01-09 12:20:10.487 I/System.out( 3148): 19
01-09 12:20:11.478 I/System.out( 3148): 19
01-09 12:20:11.539 D/dalvikvm(  704): GC_CONCURRENT freed 403K, 5% free 10399K/10908K, paused 4ms+3ms, total 50ms
01-09 12:20:12.489 I/System.out( 3148): 19
01-09 12:20:13.490 I/System.out( 3148): 19
01-09 12:20:13.641 D/dalvikvm(  512): GC_CONCURRENT freed 2010K, 13% free 17237K/19648K, paused 19ms+7ms, total 122ms
01-09 12:20:14.491 I/System.out( 3148): 19
01-09 12:20:15.492 I/System.out( 3148): 19
01-09 12:20:16.393 D/dalvikvm(  704): GC_CONCURRENT freed 415K, 5% free 10401K/10908K, paused 3ms+4ms, total 53ms
01-09 12:20:16.483 I/System.out( 3148): 20
01-09 12:20:17.494 I/System.out( 3148): 20
01-09 12:20:18.475 I/System.out( 3148): 20
01-09 12:20:19.486 I/System.out( 3148): 20
01-09 12:20:20.487 I/System.out( 3148): 20
01-09 12:20:20.948 D/dalvikvm(  704): GC_CONCURRENT freed 427K, 5% free 10404K/10908K, paused 9ms+3ms, total 78ms
01-09 12:20:21.488 I/System.out( 3148): 19
01-09 12:20:22.489 I/System.out( 3148): 18
01-09 12:20:23.500 I/System.out( 3148): 17
01-09 12:20:24.491 I/System.out( 3148): 19
01-09 12:20:25.502 I/System.out( 3148): 19
01-09 12:20:25.672 D/dalvikvm(  704): GC_CONCURRENT freed 416K, 5% free 10391K/10908K, paused 6ms+4ms, total 59ms
01-09 12:20:26.503 I/System.out( 3148): 19
01-09 12:20:27.504 I/System.out( 3148): 19
01-09 12:20:28.505 I/System.out( 3148): 19
01-09 12:20:29.496 I/System.out( 3148): 19
01-09 12:20:30.357 D/dalvikvm(  704): GC_CONCURRENT freed 405K, 5% free 10390K/10908K, paused 7ms+3ms, total 66ms
01-09 12:20:30.497 I/System.out( 3148): 18
01-09 12:20:30.527 D/dalvikvm( 3148): GC_CONCURRENT freed 403K, 5% free 9074K/9516K, paused 1ms+4ms, total 33ms
01-09 12:20:31.498 I/System.out( 3148): 18
01-09 12:20:32.499 I/System.out( 3148): 18
01-09 12:20:33.510 I/System.out( 3148): 18
01-09 12:20:33.870 D/dalvikvm(  512): GC_CONCURRENT freed 1980K, 13% free 17238K/19648K, paused 10ms+7ms, total 126ms
01-09 12:20:34.511 I/System.out( 3148): 17
01-09 12:20:35.312 D/dalvikvm(  704): GC_CONCURRENT freed 393K, 5% free 10385K/10908K, paused 3ms+4ms, total 52ms
01-09 12:20:35.512 I/System.out( 3148): 18
01-09 12:20:36.513 I/System.out( 3148): 18
01-09 12:20:37.504 I/System.out( 3148): 19
01-09 12:20:38.505 I/System.out( 3148): 19
01-09 12:20:39.506 I/System.out( 3148): 19
01-09 12:20:40.257 D/dalvikvm(  704): GC_CONCURRENT freed 402K, 5% free 10390K/10908K, paused 7ms+4ms, total 64ms
01-09 12:20:40.507 I/System.out( 3148): 19
01-09 12:20:41.508 I/System.out( 3148): 19
01-09 12:20:42.509 I/System.out( 3148): 19
01-09 12:20:43.510 I/System.out( 3148): 17
01-09 12:20:44.511 I/System.out( 3148): 17
01-09 12:20:45.031 D/dalvikvm(  704): GC_CONCURRENT freed 397K, 5% free 10384K/10908K, paused 7ms+3ms, total 52ms
01-09 12:20:45.522 I/System.out( 3148): 17
01-09 12:20:46.523 I/System.out( 3148): 17
01-09 12:20:47.524 I/System.out( 3148): 17
01-09 12:20:48.515 I/System.out( 3148): 17
01-09 12:20:49.516 I/System.out( 3148): 19
01-09 12:20:49.826 D/dalvikvm(  704): GC_CONCURRENT freed 388K, 5% free 10382K/10908K, paused 2ms+3ms, total 39ms
01-09 12:20:50.507 I/System.out( 3148): 19
01-09 12:20:51.518 I/System.out( 3148): 19
01-09 12:20:52.518 I/System.out( 3148): 19
01-09 12:20:53.529 I/System.out( 3148): 19
01-09 12:20:53.610 D/dalvikvm( 3148): GC_CONCURRENT freed 390K, 5% free 9081K/9516K, paused 6ms+6ms, total 93ms
01-09 12:20:54.520 I/System.out( 3148): 19
01-09 12:20:54.721 D/dalvikvm(  704): GC_CONCURRENT freed 403K, 5% free 10388K/10908K, paused 3ms+4ms, total 53ms
01-09 12:20:55.521 I/System.out( 3148): 18
01-09 12:20:55.632 D/dalvikvm(  512): GC_CONCURRENT freed 1990K, 13% free 17221K/19648K, paused 6ms+15ms, total 111ms
01-09 12:20:56.532 I/System.out( 3148): 18
01-09 12:20:57.523 I/System.out( 3148): 19
01-09 12:20:58.524 I/System.out( 3148): 19
01-09 12:20:59.475 D/dalvikvm(  704): GC_CONCURRENT freed 406K, 5% free 10387K/10908K, paused 6ms+4ms, total 67ms
01-09 12:20:59.515 I/System.out( 3148): 19
01-09 12:21:00.526 I/System.out( 3148): 19
01-09 12:21:01.517 I/System.out( 3148): 19
01-09 12:21:02.528 I/System.out( 3148): 19
01-09 12:21:03.529 I/System.out( 3148): 19
01-09 12:21:04.340 D/dalvikvm(  704): GC_CONCURRENT freed 411K, 5% free 10387K/10908K, paused 8ms+4ms, total 56ms
01-09 12:21:04.520 I/System.out( 3148): 19
01-09 12:21:05.531 I/System.out( 3148): 19
01-09 12:21:06.522 I/System.out( 3148): 19
01-09 12:21:07.533 I/System.out( 3148): 19
01-09 12:21:08.524 I/System.out( 3148): 19
01-09 12:21:09.245 D/dalvikvm(  704): GC_CONCURRENT freed 411K, 5% free 10387K/10908K, paused 3ms+3ms, total 52ms
01-09 12:21:09.525 I/System.out( 3148): 19
01-09 12:21:10.536 I/System.out( 3148): 19
01-09 12:21:11.527 I/System.out( 3148): 19
01-09 12:21:12.538 I/System.out( 3148): 19
01-09 12:21:13.529 I/System.out( 3148): 19
01-09 12:21:14.110 D/dalvikvm(  704): GC_CONCURRENT freed 410K, 5% free 10388K/10908K, paused 6ms+4ms, total 65ms
01-09 12:21:14.540 I/System.out( 3148): 19
01-09 12:21:15.541 I/System.out( 3148): 17
01-09 12:21:15.581 D/dalvikvm( 3148): GC_CONCURRENT freed 393K, 5% free 9080K/9516K, paused 17ms+2ms, total 48ms
01-09 12:21:16.292 D/dalvikvm(  512): GC_CONCURRENT freed 1967K, 13% free 17236K/19648K, paused 8ms+7ms, total 136ms
01-09 12:21:16.552 I/System.out( 3148): 17
01-09 12:21:17.553 I/System.out( 3148): 17
01-09 12:21:18.554 I/System.out( 3148): 17
01-09 12:21:18.914 D/dalvikvm(  704): GC_CONCURRENT freed 394K, 5% free 10381K/10908K, paused 6ms+3ms, total 46ms
01-09 12:21:19.545 I/System.out( 3148): 19
01-09 12:21:20.556 I/System.out( 3148): 19
01-09 12:21:21.557 I/System.out( 3148): 19
01-09 12:21:22.548 I/System.out( 3148): 19
01-09 12:21:23.559 I/System.out( 3148): 19
01-09 12:21:23.839 D/dalvikvm(  704): GC_CONCURRENT freed 410K, 5% free 10385K/10908K, paused 3ms+4ms, total 45ms
01-09 12:21:24.550 I/System.out( 3148): 19
01-09 12:21:24.550 I/System.out( 3148): Battery level start is reached
01-09 12:21:25.561 I/System.out( 3148): 19
01-09 12:21:26.562 I/System.out( 3148): 19
01-09 12:21:27.573 I/System.out( 3148): 19
01-09 12:21:28.564 I/System.out( 3148): 18
01-09 12:21:28.804 D/dalvikvm(  704): GC_CONCURRENT freed 409K, 5% free 10381K/10908K, paused 3ms+4ms, total 45ms
01-09 12:21:29.565 I/System.out( 3148): 18
01-09 12:21:30.556 I/System.out( 3148): 18
01-09 12:21:31.567 I/System.out( 3148): 18
01-09 12:21:32.568 I/System.out( 3148): 17
01-09 12:21:33.569 I/System.out( 3148): 18
01-09 12:21:33.669 D/dalvikvm(  704): GC_CONCURRENT freed 391K, 5% free 10380K/10908K, paused 3ms+3ms, total 44ms
01-09 12:21:34.570 I/System.out( 3148): 18
01-09 12:21:35.570 I/System.out( 3148): 18
01-09 12:21:36.561 I/System.out( 3148): 18
01-09 12:21:37.572 I/System.out( 3148): 18
01-09 12:21:37.833 D/dalvikvm(  512): GC_CONCURRENT freed 1990K, 13% free 17240K/19648K, paused 9ms+6ms, total 140ms
01-09 12:21:38.523 D/dalvikvm(  704): GC_CONCURRENT freed 394K, 5% free 10383K/10908K, paused 7ms+4ms, total 61ms
01-09 12:21:38.573 I/System.out( 3148): 17
01-09 12:21:38.583 D/dalvikvm( 3148): GC_CONCURRENT freed 397K, 5% free 9082K/9516K, paused 2ms+2ms, total 23ms
01-09 12:21:39.574 I/System.out( 3148): 18
01-09 12:21:40.585 I/System.out( 3148): 18
01-09 12:21:41.566 I/System.out( 3148): 18
01-09 12:21:42.577 I/System.out( 3148): 18
01-09 12:21:43.438 D/dalvikvm(  704): GC_CONCURRENT freed 393K, 5% free 10378K/10908K, paused 3ms+4ms, total 47ms
01-09 12:21:43.568 I/System.out( 3148): 18
01-09 12:21:44.579 I/System.out( 3148): 18
01-09 12:21:45.570 I/System.out( 3148): 18
01-09 12:21:46.581 I/System.out( 3148): 18
01-09 12:21:47.582 I/System.out( 3148): 19
01-09 12:21:48.343 D/dalvikvm(  704): GC_CONCURRENT freed 394K, 5% free 10379K/10908K, paused 3ms+4ms, total 49ms
01-09 12:21:48.583 I/System.out( 3148): 19
01-09 12:21:49.584 I/System.out( 3148): 19
01-09 12:21:50.565 I/System.out( 3148): 19
01-09 12:21:51.576 I/System.out( 3148): 19
01-09 12:21:52.587 I/System.out( 3148): 19
01-09 12:21:53.298 D/dalvikvm(  704): GC_CONCURRENT freed 406K, 5% free 10385K/10908K, paused 9ms+4ms, total 64ms
01-09 12:21:53.578 I/System.out( 3148): 19
01-09 12:21:54.579 I/System.out( 3148): 19
01-09 12:21:55.580 I/System.out( 3148): 18
01-09 12:21:56.581 I/System.out( 3148): 18
01-09 12:21:57.582 I/System.out( 3148): 18
01-09 12:21:58.002 D/dalvikvm(  704): GC_CONCURRENT freed 404K, 5% free 10383K/10908K, paused 7ms+4ms, total 58ms
01-09 12:21:58.583 I/System.out( 3148): 18
01-09 12:21:59.524 D/dalvikvm(  512): GC_CONCURRENT freed 1993K, 13% free 17223K/19648K, paused 7ms+6ms, total 95ms
01-09 12:21:59.584 I/System.out( 3148): 18
01-09 12:22:00.585 I/System.out( 3148): 18
01-09 12:22:01.586 I/System.out( 3148): 18
01-09 12:22:01.606 D/dalvikvm( 3148): GC_CONCURRENT freed 399K, 5% free 9083K/9520K, paused 3ms+2ms, total 27ms
01-09 12:22:02.587 I/System.out( 3148): 18
01-09 12:22:02.977 D/dalvikvm(  704): GC_CONCURRENT freed 399K, 5% free 10383K/10908K, paused 5ms+4ms, total 56ms
01-09 12:22:03.588 I/System.out( 3148): 18
01-09 12:22:04.589 I/System.out( 3148): 18
01-09 12:22:05.590 I/System.out( 3148): 18
01-09 12:22:06.591 I/System.out( 3148): 18
01-09 12:22:07.592 I/System.out( 3148): 18
01-09 12:22:08.042 D/dalvikvm(  704): GC_CONCURRENT freed 399K, 5% free 10383K/10908K, paused 1ms+3ms, total 37ms
01-09 12:22:08.593 I/System.out( 3148): 18
01-09 12:22:09.584 I/System.out( 3148): 18
01-09 12:22:10.595 I/System.out( 3148): 18
01-09 12:22:11.576 I/System.out( 3148): 18
01-09 12:22:12.587 I/System.out( 3148): 18
01-09 12:22:12.877 D/dalvikvm(  704): GC_CONCURRENT freed 399K, 5% free 10383K/10908K, paused 2ms+4ms, total 43ms
01-09 12:22:13.588 I/System.out( 3148): 18
01-09 12:22:14.589 I/System.out( 3148): 18
01-09 12:22:15.590 I/System.out( 3148): 18
01-09 12:22:16.601 I/System.out( 3148): 18
01-09 12:22:17.591 I/System.out( 3148): 18
01-09 12:22:17.642 D/dalvikvm(  704): GC_CONCURRENT freed 398K, 5% free 10384K/10908K, paused 3ms+4ms, total 54ms
01-09 12:22:18.602 I/System.out( 3148): 18
01-09 12:22:19.603 I/System.out( 3148): 17
01-09 12:22:20.594 I/System.out( 3148): 18
01-09 12:22:21.595 I/System.out( 3148): 18
01-09 12:22:22.026 D/dalvikvm(  512): GC_CONCURRENT freed 2001K, 13% free 17238K/19648K, paused 20ms+8ms, total 118ms
01-09 12:22:22.616 I/System.out( 3148): 19
01-09 12:22:22.716 D/dalvikvm(  704): GC_CONCURRENT freed 398K, 5% free 10383K/10908K, paused 2ms+4ms, total 43ms
01-09 12:22:23.607 I/System.out( 3148): 19
01-09 12:22:24.628 I/System.out( 3148): 20
01-09 12:22:24.668 D/dalvikvm( 3148): GC_CONCURRENT freed 396K, 5% free 9083K/9520K, paused 5ms+1ms, total 60ms
01-09 12:22:25.599 I/System.out( 3148): 20
01-09 12:22:26.610 I/System.out( 3148): 20
01-09 12:22:27.611 I/System.out( 3148): 20
01-09 12:22:27.671 D/dalvikvm(  704): GC_CONCURRENT freed 422K, 5% free 10392K/10908K, paused 9ms+4ms, total 107ms
01-09 12:22:28.612 I/System.out( 3148): 20
01-09 12:22:29.613 I/System.out( 3148): 20
01-09 12:22:30.604 I/System.out( 3148): 19
01-09 12:22:31.605 I/System.out( 3148): 19
01-09 12:22:32.516 D/dalvikvm(  704): GC_CONCURRENT freed 419K, 5% free 10394K/10908K, paused 7ms+4ms, total 70ms
01-09 12:22:32.596 I/System.out( 3148): 19
01-09 12:22:33.607 I/System.out( 3148): 19
01-09 12:22:34.608 I/System.out( 3148): 19
01-09 12:22:35.609 I/System.out( 3148): 19
01-09 12:22:36.610 I/System.out( 3148): 19
01-09 12:22:37.251 D/dalvikvm(  704): GC_CONCURRENT freed 413K, 5% free 10392K/10908K, paused 6ms+4ms, total 62ms
01-09 12:22:37.621 I/System.out( 3148): 19
01-09 12:22:38.612 I/System.out( 3148): 19
01-09 12:22:39.623 I/System.out( 3148): 19
01-09 12:22:40.624 I/System.out( 3148): 19
01-09 12:22:41.615 I/System.out( 3148): 19
01-09 12:22:42.025 D/dalvikvm(  704): GC_CONCURRENT freed 407K, 5% free 10395K/10908K, paused 3ms+4ms, total 45ms
01-09 12:22:42.616 I/System.out( 3148): 19
01-09 12:22:42.756 D/dalvikvm(  512): GC_CONCURRENT freed 2029K, 13% free 17238K/19648K, paused 9ms+7ms, total 112ms
01-09 12:22:43.607 I/System.out( 3148): 19
01-09 12:22:44.618 I/System.out( 3148): 19
01-09 12:22:45.609 I/System.out( 3148): 19
01-09 12:22:46.630 I/System.out( 3148): 19
01-09 12:22:46.670 D/dalvikvm( 3148): GC_CONCURRENT freed 399K, 5% free 9083K/9520K, paused 5ms+2ms, total 55ms
01-09 12:22:46.740 D/dalvikvm(  704): GC_CONCURRENT freed 413K, 5% free 10392K/10908K, paused 2ms+4ms, total 47ms
01-09 12:22:47.611 I/System.out( 3148): 18
01-09 12:22:48.622 I/System.out( 3148): 18
01-09 12:22:49.613 I/System.out( 3148): 19
01-09 12:22:50.624 I/System.out( 3148): 19
01-09 12:22:51.595 D/dalvikvm(  704): GC_CONCURRENT freed 406K, 5% free 10392K/10908K, paused 2ms+3ms, total 46ms
01-09 12:22:51.615 I/System.out( 3148): 19
01-09 12:22:52.616 I/System.out( 3148): 19
01-09 12:22:53.617 I/System.out( 3148): 19
01-09 12:22:54.618 I/System.out( 3148): 19
01-09 12:22:55.619 I/System.out( 3148): 19
01-09 12:22:56.169 D/dalvikvm(  704): GC_CONCURRENT freed 409K, 5% free 10394K/10908K, paused 2ms+3ms, total 36ms
01-09 12:22:56.630 I/System.out( 3148): 19
01-09 12:22:57.621 I/System.out( 3148): 19
01-09 12:22:58.632 I/System.out( 3148): 17
01-09 12:22:59.622 I/System.out( 3148): 17
01-09 12:23:00.633 I/System.out( 3148): 17
01-09 12:23:00.964 D/dalvikvm(  704): GC_CONCURRENT freed 396K, 5% free 10387K/10908K, paused 3ms+3ms, total 44ms
01-09 12:23:01.624 I/System.out( 3148): 18
01-09 12:23:02.625 I/System.out( 3148): 18
01-09 12:23:03.616 I/System.out( 3148): 19
01-09 12:23:03.636 D/dalvikvm(  512): GC_CONCURRENT freed 2018K, 13% free 17240K/19648K, paused 8ms+7ms, total 137ms
01-09 12:23:04.637 I/System.out( 3148): 19
01-09 12:23:05.628 I/System.out( 3148): 19
01-09 12:23:05.939 D/dalvikvm(  704): GC_CONCURRENT freed 398K, 5% free 10389K/10908K, paused 6ms+3ms, total 62ms
01-09 12:23:06.629 I/System.out( 3148): 18
01-09 12:23:07.630 I/System.out( 3148): 18
01-09 12:23:08.631 I/System.out( 3148): 19
01-09 12:23:08.661 D/dalvikvm( 3148): GC_CONCURRENT freed 393K, 5% free 9075K/9520K, paused 2ms+2ms, total 33ms
01-09 12:23:09.642 I/System.out( 3148): 19
01-09 12:23:10.643 I/System.out( 3148): 19
01-09 12:23:10.723 D/dalvikvm(  704): GC_CONCURRENT freed 404K, 5% free 10391K/10908K, paused 2ms+3ms, total 49ms
01-09 12:23:11.644 I/System.out( 3148): 19
01-09 12:23:12.635 I/System.out( 3148): 19
01-09 12:23:13.626 I/System.out( 3148): 19
01-09 12:23:14.637 I/System.out( 3148): 17
01-09 12:23:15.618 D/dalvikvm(  704): GC_CONCURRENT freed 402K, 5% free 10386K/10908K, paused 7ms+3ms, total 56ms
01-09 12:23:15.628 I/System.out( 3148): 17
01-09 12:23:16.639 I/System.out( 3148): 17
01-09 12:23:17.640 I/System.out( 3148): 17
01-09 12:23:18.641 I/System.out( 3148): 17
01-09 12:23:19.642 I/System.out( 3148): 18
01-09 12:23:20.643 I/System.out( 3148): 18
01-09 12:23:21.083 D/dalvikvm(  704): GC_CONCURRENT freed 427K, 5% free 10397K/10908K, paused 10ms+3ms, total 66ms
01-09 12:23:21.654 I/System.out( 3148): 18
01-09 12:23:22.635 I/System.out( 3148): 18
01-09 12:23:23.636 I/System.out( 3148): 19
01-09 12:23:24.637 I/System.out( 3148): 19
01-09 12:23:25.247 D/dalvikvm(  512): GC_CONCURRENT freed 1998K, 13% free 17219K/19648K, paused 14ms+7ms, total 107ms
01-09 12:23:25.638 I/System.out( 3148): 19
01-09 12:23:25.938 D/dalvikvm(  704): GC_CONCURRENT freed 416K, 5% free 10386K/10908K, paused 7ms+4ms, total 53ms
01-09 12:23:26.639 I/System.out( 3148): 19
01-09 12:23:27.650 I/System.out( 3148): 20
01-09 12:23:28.641 I/System.out( 3148): 19
01-09 12:23:29.642 I/System.out( 3148): 19
01-09 12:23:30.653 I/System.out( 3148): 19
01-09 12:23:30.813 D/dalvikvm(  704): GC_CONCURRENT freed 417K, 5% free 10395K/10908K, paused 3ms+3ms, total 57ms
01-09 12:23:31.644 I/System.out( 3148): 20
01-09 12:23:31.664 D/dalvikvm( 3148): GC_CONCURRENT freed 402K, 5% free 9076K/9520K, paused 1ms+2ms, total 20ms
01-09 12:23:32.655 I/System.out( 3148): 20
01-09 12:23:33.646 I/System.out( 3148): 19
01-09 12:23:34.647 I/System.out( 3148): 19
01-09 12:23:35.608 D/dalvikvm(  704): GC_CONCURRENT freed 418K, 5% free 10394K/10908K, paused 11ms+4ms, total 60ms
01-09 12:23:35.638 I/System.out( 3148): 19
01-09 12:23:36.649 I/System.out( 3148): 19
01-09 12:23:37.640 I/System.out( 3148): 19
01-09 12:23:38.651 I/System.out( 3148): 19
01-09 12:23:39.652 I/System.out( 3148): 19
01-09 12:23:40.522 D/dalvikvm(  704): GC_CONCURRENT freed 413K, 5% free 10392K/10908K, paused 3ms+4ms, total 38ms
01-09 12:23:40.643 I/System.out( 3148): 19
01-09 12:23:41.653 I/System.out( 3148): 19
01-09 12:23:42.644 I/System.out( 3148): 19
01-09 12:23:43.645 I/System.out( 3148): 19
01-09 12:23:44.646 I/System.out( 3148): 19
01-09 12:23:45.237 D/dalvikvm(  704): GC_CONCURRENT freed 410K, 5% free 10392K/10908K, paused 2ms+3ms, total 51ms
01-09 12:23:45.657 I/System.out( 3148): 19
01-09 12:23:45.888 D/dalvikvm(  512): GC_CONCURRENT freed 2006K, 13% free 17220K/19648K, paused 3ms+8ms, total 84ms
01-09 12:23:46.648 I/System.out( 3148): 19
01-09 12:23:47.659 I/System.out( 3148): 19
01-09 12:23:48.660 I/System.out( 3148): 19
01-09 12:23:49.651 I/System.out( 3148): 17
01-09 12:23:50.292 D/dalvikvm(  704): GC_CONCURRENT freed 404K, 5% free 10389K/10908K, paused 7ms+4ms, total 63ms
01-09 12:23:50.662 I/System.out( 3148): 17
01-09 12:23:51.653 I/System.out( 3148): 19
01-09 12:23:52.664 I/System.out( 3148): 19
01-09 12:23:53.665 I/System.out( 3148): 19
01-09 12:23:53.745 D/dalvikvm( 3148): GC_CONCURRENT freed 387K, 5% free 9082K/9516K, paused 5ms+2ms, total 92ms
01-09 12:23:54.656 I/System.out( 3148): 19
01-09 12:23:55.207 D/dalvikvm(  704): GC_CONCURRENT freed 404K, 5% free 10391K/10908K, paused 2ms+4ms, total 51ms
01-09 12:23:55.667 I/System.out( 3148): 19
01-09 12:23:56.658 I/System.out( 3148): 19
01-09 12:23:57.669 I/System.out( 3148): 19
01-09 12:23:58.660 I/System.out( 3148): 19
01-09 12:23:59.671 I/System.out( 3148): 19
01-09 12:24:00.142 D/dalvikvm(  704): GC_CONCURRENT freed 409K, 5% free 10392K/10908K, paused 3ms+4ms, total 48ms
01-09 12:24:00.672 I/System.out( 3148): 19
01-09 12:24:01.663 I/System.out( 3148): 19
01-09 12:24:02.674 I/System.out( 3148): 19
01-09 12:24:03.655 I/System.out( 3148): 19
01-09 12:24:04.666 I/System.out( 3148): 19
01-09 12:24:05.096 D/dalvikvm(  704): GC_CONCURRENT freed 409K, 5% free 10393K/10908K, paused 2ms+4ms, total 50ms
01-09 12:24:05.657 I/System.out( 3148): 19
01-09 12:24:06.678 I/System.out( 3148): 19
01-09 12:24:07.088 D/dalvikvm(  512): GC_CONCURRENT freed 1974K, 13% free 17234K/19648K, paused 8ms+7ms, total 139ms
01-09 12:24:07.659 I/System.out( 3148): 19
01-09 12:24:08.670 I/System.out( 3148): 19
01-09 12:24:09.681 I/System.out( 3148): 18
01-09 12:24:09.751 D/dalvikvm(  704): GC_CONCURRENT freed 406K, 5% free 10392K/10908K, paused 4ms+4ms, total 38ms
01-09 12:24:10.672 I/System.out( 3148): 19
01-09 12:24:11.683 I/System.out( 3148): 19
01-09 12:24:12.674 I/System.out( 3148): 19
01-09 12:24:13.685 I/System.out( 3148): 19
01-09 12:24:14.676 I/System.out( 3148): 19
01-09 12:24:14.726 D/dalvikvm(  704): GC_CONCURRENT freed 408K, 5% free 10394K/10908K, paused 16ms+4ms, total 58ms
01-09 12:24:15.687 I/System.out( 3148): 19
01-09 12:24:15.737 D/dalvikvm( 3148): GC_CONCURRENT freed 393K, 5% free 9082K/9516K, paused 6ms+2ms, total 59ms
01-09 12:24:16.698 I/System.out( 3148): 19
01-09 12:24:17.689 I/System.out( 3148): 19
01-09 12:24:18.690 I/System.out( 3148): 19
01-09 12:24:19.631 D/dalvikvm(  704): GC_CONCURRENT freed 411K, 5% free 10392K/10908K, paused 10ms+3ms, total 50ms
01-09 12:24:19.681 I/System.out( 3148): 18
01-09 12:24:20.692 I/System.out( 3148): 18
01-09 12:24:21.683 I/System.out( 3148): 19
01-09 12:24:22.694 I/System.out( 3148): 19
01-09 12:24:23.684 I/System.out( 3148): 19
01-09 12:24:24.215 D/dalvikvm(  704): GC_CONCURRENT freed 413K, 5% free 10390K/10908K, paused 3ms+4ms, total 48ms
01-09 12:24:24.685 I/System.out( 3148): 19
01-09 12:24:25.676 I/System.out( 3148): 20
01-09 12:24:26.687 I/System.out( 3148): 21
01-09 12:24:27.688 I/System.out( 3148): 21
01-09 12:24:27.829 D/dalvikvm(  512): GC_CONCURRENT freed 2011K, 13% free 17230K/19648K, paused 18ms+7ms, total 116ms
01-09 12:24:28.679 I/System.out( 3148): 21
01-09 12:24:29.150 D/dalvikvm(  704): GC_CONCURRENT freed 427K, 5% free 10408K/10908K, paused 3ms+4ms, total 74ms
01-09 12:24:29.690 I/System.out( 3148): 21
01-09 12:24:30.681 I/System.out( 3148): 21
01-09 12:24:31.702 I/System.out( 3148): 20
01-09 12:24:32.693 I/System.out( 3148): 19
01-09 12:24:33.694 I/System.out( 3148): 20
01-09 12:24:33.914 D/dalvikvm(  704): GC_CONCURRENT freed 437K, 5% free 10404K/10908K, paused 6ms+4ms, total 76ms
01-09 12:24:34.685 I/System.out( 3148): 20
01-09 12:24:35.696 I/System.out( 3148): 20
01-09 12:24:36.697 I/System.out( 3148): 20
01-09 12:24:36.717 D/dalvikvm( 3148): GC_CONCURRENT freed 389K, 5% free 9082K/9516K, paused 2ms+2ms, total 21ms
01-09 12:24:37.698 I/System.out( 3148): 20
01-09 12:24:38.699 I/System.out( 3148): 19
01-09 12:24:38.779 D/dalvikvm(  704): GC_CONCURRENT freed 429K, 5% free 10404K/10908K, paused 7ms+4ms, total 69ms
01-09 12:24:39.700 I/System.out( 3148): 19
01-09 12:24:40.701 I/System.out( 3148): 19
01-09 12:24:41.692 I/System.out( 3148): 19
01-09 12:24:42.703 I/System.out( 3148): 19
01-09 12:24:43.554 D/dalvikvm(  704): GC_CONCURRENT freed 418K, 5% free 10397K/10908K, paused 6ms+3ms, total 50ms
01-09 12:24:43.694 I/System.out( 3148): 19
01-09 12:24:44.695 I/System.out( 3148): 18
01-09 12:24:45.686 I/System.out( 3148): 19
01-09 12:24:46.697 I/System.out( 3148): 19
01-09 12:24:47.708 I/System.out( 3148): 19
01-09 12:24:47.808 D/dalvikvm(  512): GC_CONCURRENT freed 1983K, 13% free 17218K/19648K, paused 4ms+8ms, total 119ms
01-09 12:24:48.208 D/dalvikvm(  704): GC_CONCURRENT freed 408K, 5% free 10397K/10908K, paused 6ms+4ms, total 69ms
01-09 12:24:48.699 I/System.out( 3148): 19
01-09 12:24:49.720 I/System.out( 3148): 19
01-09 12:24:50.711 I/System.out( 3148): 18
01-09 12:24:51.702 I/System.out( 3148): 17
01-09 12:24:52.713 I/System.out( 3148): 17
01-09 12:24:52.933 D/dalvikvm(  704): GC_CONCURRENT freed 395K, 5% free 10389K/10908K, paused 2ms+4ms, total 42ms
01-09 12:24:53.704 I/System.out( 3148): 17
01-09 12:24:54.715 I/System.out( 3148): 19
01-09 12:24:55.706 I/System.out( 3148): 20
01-09 12:24:56.707 I/System.out( 3148): 20
01-09 12:24:57.718 I/System.out( 3148): 20
01-09 12:24:57.888 D/dalvikvm(  704): GC_CONCURRENT freed 407K, 5% free 10400K/10908K, paused 7ms+4ms, total 72ms
01-09 12:24:58.709 I/System.out( 3148): 20
01-09 12:24:58.729 D/dalvikvm( 3148): GC_CONCURRENT freed 400K, 5% free 9075K/9516K, paused 1ms+2ms, total 23ms
01-09 12:24:59.720 I/System.out( 3148): 20
01-09 12:25:00.711 I/System.out( 3148): 20
01-09 12:25:01.722 I/System.out( 3148): 19
01-09 12:25:02.723 I/System.out( 3148): 19
01-09 12:25:02.813 D/dalvikvm(  704): GC_CONCURRENT freed 420K, 5% free 10403K/10908K, paused 6ms+3ms, total 68ms
01-09 12:25:03.714 I/System.out( 3148): 19
01-09 12:25:04.725 I/System.out( 3148): 19
01-09 12:25:05.705 I/System.out( 3148): 17
01-09 12:25:06.716 I/System.out( 3148): 19
01-09 12:25:07.707 I/System.out( 3148): 19
01-09 12:25:07.747 D/dalvikvm(  704): GC_CONCURRENT freed 411K, 5% free 10398K/10908K, paused 3ms+4ms, total 56ms
01-09 12:25:08.358 D/dalvikvm(  512): GC_CONCURRENT freed 2005K, 13% free 17236K/19648K, paused 7ms+7ms, total 116ms
01-09 12:25:08.718 I/System.out( 3148): 19
01-09 12:25:09.719 I/System.out( 3148): 19
01-09 12:25:10.720 I/System.out( 3148): 19
01-09 12:25:11.721 I/System.out( 3148): 19
01-09 12:25:12.712 I/System.out( 3148): 19
01-09 12:25:12.762 D/dalvikvm(  704): GC_CONCURRENT freed 410K, 5% free 10397K/10908K, paused 2ms+4ms, total 53ms
01-09 12:25:13.723 I/System.out( 3148): 19
01-09 12:25:14.724 I/System.out( 3148): 20
01-09 12:25:15.705 I/System.out( 3148): 20
01-09 12:25:16.716 I/System.out( 3148): 20
01-09 12:25:17.717 I/System.out( 3148): 20
01-09 12:25:17.807 D/dalvikvm(  704): GC_CONCURRENT freed 420K, 5% free 10406K/10908K, paused 2ms+4ms, total 53ms
01-09 12:25:18.708 I/System.out( 3148): 20
01-09 12:25:18.868 I/EventLogService(  781): Aggregate from 1389269462601 (log), 1389268518782 (data)
01-09 12:25:18.928 I/ServiceDumpSys(  781): dumping service [account]
01-09 12:25:19.719 I/System.out( 3148): 20
01-09 12:25:20.720 I/System.out( 3148): 19
01-09 12:25:20.730 D/dalvikvm( 3148): GC_CONCURRENT freed 391K, 5% free 9084K/9516K, paused 3ms+2ms, total 23ms
01-09 12:25:21.721 I/System.out( 3148): 20
01-09 12:25:22.722 I/System.out( 3148): 21
01-09 12:25:22.922 D/dalvikvm(  704): GC_CONCURRENT freed 434K, 5% free 10408K/10908K, paused 7ms+4ms, total 62ms
01-09 12:25:23.713 I/System.out( 3148): 22
01-09 12:25:24.724 I/System.out( 3148): 22
01-09 12:25:25.715 I/System.out( 3148): 23
01-09 12:25:26.716 I/System.out( 3148): 23
01-09 12:25:27.156 D/dalvikvm(  704): GC_CONCURRENT freed 422K, 5% free 10404K/10908K, paused 8ms+4ms, total 54ms
01-09 12:25:27.747 I/System.out( 3148): 22
01-09 12:25:27.837 D/dalvikvm(  512): GC_CONCURRENT freed 1990K, 13% free 17228K/19648K, paused 8ms+7ms, total 115ms
01-09 12:25:28.718 I/System.out( 3148): 21
01-09 12:25:29.739 I/System.out( 3148): 20
01-09 12:25:30.720 I/System.out( 3148): 20
01-09 12:25:31.731 I/System.out( 3148): 19
01-09 12:25:32.081 D/dalvikvm(  704): GC_CONCURRENT freed 428K, 5% free 10413K/10908K, paused 7ms+3ms, total 67ms
01-09 12:25:32.732 I/System.out( 3148): 19
01-09 12:25:33.733 I/System.out( 3148): 20
01-09 12:25:34.724 I/System.out( 3148): 20
01-09 12:25:35.735 I/System.out( 3148): 21
01-09 12:25:36.716 I/System.out( 3148): 21
01-09 12:25:36.766 D/dalvikvm(  704): GC_CONCURRENT freed 433K, 5% free 10418K/10908K, paused 7ms+4ms, total 63ms
01-09 12:25:37.727 I/System.out( 3148): 21
01-09 12:25:38.728 I/System.out( 3148): 21
01-09 12:25:39.739 I/System.out( 3148): 20
01-09 12:25:40.750 I/System.out( 3148): 20
01-09 12:25:40.780 D/dalvikvm( 3148): GC_CONCURRENT freed 390K, 5% free 9083K/9516K, paused 5ms+2ms, total 53ms
01-09 12:25:41.621 D/dalvikvm(  704): GC_CONCURRENT freed 431K, 5% free 10416K/10908K, paused 6ms+3ms, total 78ms
01-09 12:25:41.721 I/System.out( 3148): 18
01-09 12:25:42.732 I/System.out( 3148): 18
01-09 12:25:43.723 I/System.out( 3148): 18
01-09 12:25:44.734 I/System.out( 3148): 19
01-09 12:25:45.735 I/System.out( 3148): 18
01-09 12:25:46.635 D/dalvikvm(  704): GC_CONCURRENT freed 415K, 5% free 10407K/10908K, paused 3ms+3ms, total 51ms
01-09 12:25:46.716 I/System.out( 3148): 20
01-09 12:25:47.726 I/System.out( 3148): 20
01-09 12:25:48.117 D/dalvikvm(  512): GC_CONCURRENT freed 1987K, 13% free 17239K/19648K, paused 8ms+7ms, total 111ms
01-09 12:25:48.737 I/System.out( 3148): 20
01-09 12:25:49.728 I/System.out( 3148): 20
01-09 12:25:50.739 I/System.out( 3148): 20
01-09 12:25:51.570 D/dalvikvm(  704): GC_CONCURRENT freed 418K, 5% free 10413K/10908K, paused 6ms+4ms, total 86ms
01-09 12:25:51.740 I/System.out( 3148): 17
01-09 12:25:52.741 I/System.out( 3148): 17
01-09 12:25:53.732 I/System.out( 3148): 18
01-09 12:25:54.743 I/System.out( 3148): 18
01-09 12:25:55.744 I/System.out( 3148): 18
01-09 12:25:56.415 D/dalvikvm(  704): GC_CONCURRENT freed 404K, 5% free 10405K/10908K, paused 8ms+4ms, total 53ms
01-09 12:25:56.745 I/System.out( 3148): 18
01-09 12:25:57.736 I/System.out( 3148): 18
01-09 12:25:58.747 I/System.out( 3148): 18
01-09 12:25:59.748 I/System.out( 3148): 19
01-09 12:26:00.739 I/System.out( 3148): 19
01-09 12:26:01.230 D/dalvikvm(  704): GC_CONCURRENT freed 403K, 5% free 10408K/10908K, paused 3ms+4ms, total 43ms
01-09 12:26:01.750 I/System.out( 3148): 19
01-09 12:26:02.751 I/System.out( 3148): 18
01-09 12:26:02.801 D/dalvikvm( 3148): GC_CONCURRENT freed 394K, 5% free 9075K/9512K, paused 7ms+2ms, total 43ms
01-09 12:26:03.752 I/System.out( 3148): 19
01-09 12:26:04.753 I/System.out( 3148): 18
01-09 12:26:05.764 I/System.out( 3148): 18
01-09 12:26:06.034 D/dalvikvm(  704): GC_CONCURRENT freed 405K, 5% free 10405K/10908K, paused 12ms+3ms, total 53ms
01-09 12:26:06.745 I/System.out( 3148): 18
01-09 12:26:07.746 I/System.out( 3148): 18
01-09 12:26:08.747 I/System.out( 3148): 18
01-09 12:26:09.368 D/dalvikvm(  512): GC_CONCURRENT freed 1997K, 13% free 17249K/19648K, paused 8ms+8ms, total 118ms
01-09 12:26:09.758 I/System.out( 3148): 17
01-09 12:26:10.749 I/System.out( 3148): 18
01-09 12:26:10.779 D/dalvikvm(  704): GC_CONCURRENT freed 398K, 5% free 10400K/10908K, paused 3ms+4ms, total 62ms
01-09 12:26:11.760 I/System.out( 3148): 19
01-09 12:26:12.761 I/System.out( 3148): 19
01-09 12:26:13.752 I/System.out( 3148): 20
01-09 12:26:14.763 I/System.out( 3148): 20
01-09 12:26:15.754 I/System.out( 3148): 20
01-09 12:26:15.774 D/dalvikvm(  704): GC_CONCURRENT freed 417K, 5% free 10408K/10908K, paused 9ms+8ms, total 81ms
01-09 12:26:16.755 I/System.out( 3148): 20
01-09 12:26:17.756 I/System.out( 3148): 20
01-09 12:26:18.747 I/System.out( 3148): 19
01-09 12:26:19.768 I/System.out( 3148): 19
01-09 12:26:20.779 I/System.out( 3148): 19
01-09 12:26:20.889 D/dalvikvm(  704): GC_CONCURRENT freed 422K, 5% free 10406K/10908K, paused 1ms+4ms, total 43ms
01-09 12:26:21.760 I/System.out( 3148): 19
01-09 12:26:22.781 I/System.out( 3148): 19
01-09 12:26:23.762 I/System.out( 3148): 19
01-09 12:26:24.783 I/System.out( 3148): 19
01-09 12:26:24.823 D/dalvikvm( 3148): GC_CONCURRENT freed 385K, 5% free 9082K/9512K, paused 6ms+3ms, total 54ms
01-09 12:26:25.764 I/System.out( 3148): 19
01-09 12:26:25.794 D/dalvikvm(  704): GC_CONCURRENT freed 422K, 5% free 10399K/10908K, paused 2ms+4ms, total 53ms
01-09 12:26:26.775 I/System.out( 3148): 18
01-09 12:26:27.776 I/System.out( 3148): 18
01-09 12:26:28.767 I/System.out( 3148): 19
01-09 12:26:29.768 I/System.out( 3148): 19
01-09 12:26:30.758 D/dalvikvm(  512): GC_CONCURRENT freed 2021K, 13% free 17246K/19648K, paused 8ms+7ms, total 131ms
01-09 12:26:30.758 I/System.out( 3148): 19
01-09 12:26:30.799 D/dalvikvm(  704): GC_CONCURRENT freed 408K, 5% free 10398K/10908K, paused 7ms+3ms, total 39ms
01-09 12:26:31.759 I/System.out( 3148): 19
01-09 12:26:32.760 I/System.out( 3148): 19
01-09 12:26:33.771 I/System.out( 3148): 18
01-09 12:26:34.772 I/System.out( 3148): 18
01-09 12:26:35.503 D/dalvikvm(  704): GC_CONCURRENT freed 404K, 5% free 10394K/10908K, paused 6ms+4ms, total 62ms
01-09 12:26:35.783 I/System.out( 3148): 18
01-09 12:26:36.794 I/System.out( 3148): 18
01-09 12:26:37.765 I/System.out( 3148): 18
01-09 12:26:38.766 I/System.out( 3148): 18
01-09 12:26:39.757 I/System.out( 3148): 18
01-09 12:26:40.278 D/dalvikvm(  704): GC_CONCURRENT freed 397K, 5% free 10386K/10908K, paused 2ms+3ms, total 37ms
01-09 12:26:40.768 I/System.out( 3148): 18
01-09 12:26:41.769 I/System.out( 3148): 18
01-09 12:26:42.770 I/System.out( 3148): 18
01-09 12:26:43.771 I/System.out( 3148): 18
01-09 12:26:44.772 I/System.out( 3148): 17
01-09 12:26:44.842 D/dalvikvm(  704): GC_CONCURRENT freed 390K, 5% free 10383K/10908K, paused 2ms+4ms, total 33ms
01-09 12:26:45.773 I/System.out( 3148): 17
01-09 12:26:46.774 I/System.out( 3148): 17
01-09 12:26:47.775 I/System.out( 3148): 17
01-09 12:26:47.825 D/dalvikvm( 3148): GC_CONCURRENT freed 396K, 5% free 9082K/9516K, paused 6ms+2ms, total 57ms
01-09 12:26:48.776 I/System.out( 3148): 18
01-09 12:26:49.517 D/dalvikvm(  704): GC_CONCURRENT freed 387K, 5% free 10382K/10908K, paused 3ms+3ms, total 39ms
01-09 12:26:49.777 I/System.out( 3148): 18
01-09 12:26:50.778 I/System.out( 3148): 18
01-09 12:26:51.779 I/System.out( 3148): 18
01-09 12:26:52.229 D/dalvikvm(  512): GC_CONCURRENT freed 2006K, 13% free 17247K/19648K, paused 19ms+7ms, total 121ms
01-09 12:26:52.780 I/System.out( 3148): 18
01-09 12:26:53.781 I/System.out( 3148): 20
01-09 12:26:54.422 D/dalvikvm(  704): GC_CONCURRENT freed 402K, 5% free 10392K/10908K, paused 7ms+3ms, total 59ms
01-09 12:26:54.782 I/System.out( 3148): 20
01-09 12:26:55.773 I/System.out( 3148): 20
01-09 12:26:56.784 I/System.out( 3148): 20
01-09 12:26:57.775 I/System.out( 3148): 20
01-09 12:26:58.786 I/System.out( 3148): 21
01-09 12:26:59.046 D/dalvikvm(  704): GC_CONCURRENT freed 428K, 5% free 10403K/10908K, paused 5ms+4ms, total 78ms
01-09 12:26:59.777 I/System.out( 3148): 19
01-09 12:27:00.788 I/System.out( 3148): 19
01-09 12:27:01.779 I/System.out( 3148): 21
01-09 12:27:02.790 I/System.out( 3148): 21
01-09 12:27:03.801 I/System.out( 3148): 21
01-09 12:27:03.871 D/dalvikvm(  704): GC_CONCURRENT freed 435K, 5% free 10406K/10908K, paused 3ms+4ms, total 50ms
01-09 12:27:04.802 I/System.out( 3148): 22
01-09 12:27:05.793 I/System.out( 3148): 21
01-09 12:27:06.794 I/System.out( 3148): 20
01-09 12:27:07.795 I/System.out( 3148): 20
01-09 12:27:08.786 I/System.out( 3148): 20
01-09 12:27:08.816 D/dalvikvm( 3148): GC_CONCURRENT freed 397K, 5% free 9075K/9516K, paused 1ms+2ms, total 31ms
01-09 12:27:08.816 D/dalvikvm(  704): GC_CONCURRENT freed 442K, 5% free 10413K/10908K, paused 6ms+4ms, total 107ms
01-09 12:27:09.797 I/System.out( 3148): 19
01-09 12:27:10.788 I/System.out( 3148): 19
01-09 12:27:11.508 D/dalvikvm(  512): GC_CONCURRENT freed 2004K, 13% free 17220K/19648K, paused 3ms+7ms, total 83ms
01-09 12:27:11.789 I/System.out( 3148): 19
01-09 12:27:12.809 I/System.out( 3148): 20
01-09 12:27:13.640 D/dalvikvm(  704): GC_CONCURRENT freed 428K, 5% free 10400K/10908K, paused 3ms+3ms, total 39ms
01-09 12:27:13.790 I/System.out( 3148): 20
01-09 12:27:14.801 I/System.out( 3148): 19
01-09 12:27:15.802 I/System.out( 3148): 20
01-09 12:27:16.813 I/System.out( 3148): 20
01-09 12:27:17.814 I/System.out( 3148): 20
01-09 12:27:18.625 D/dalvikvm(  704): GC_CONCURRENT freed 422K, 5% free 10405K/10908K, paused 6ms+4ms, total 65ms
01-09 12:27:18.795 I/System.out( 3148): 19
01-09 12:27:19.806 I/System.out( 3148): 19
01-09 12:27:20.797 I/System.out( 3148): 20
01-09 12:27:21.808 I/System.out( 3148): 19
01-09 12:27:22.809 I/System.out( 3148): 21
01-09 12:27:23.520 D/dalvikvm(  704): GC_CONCURRENT freed 425K, 5% free 10409K/10908K, paused 2ms+4ms, total 53ms
01-09 12:27:23.810 I/System.out( 3148): 22
01-09 12:27:24.801 I/System.out( 3148): 22
01-09 12:27:25.802 I/System.out( 3148): 22
01-09 12:27:26.813 I/System.out( 3148): 22
01-09 12:27:27.734 D/dalvikvm(  704): GC_CONCURRENT freed 415K, 5% free 10406K/10908K, paused 3ms+4ms, total 51ms
01-09 12:27:27.814 I/System.out( 3148): 22
01-09 12:27:28.815 I/System.out( 3148): 20
01-09 12:27:29.826 I/System.out( 3148): 20
01-09 12:27:29.876 D/dalvikvm( 3148): GC_CONCURRENT freed 389K, 5% free 9084K/9512K, paused 6ms+1ms, total 65ms
01-09 12:27:30.817 I/System.out( 3148): 20
01-09 12:27:31.037 D/dalvikvm(  512): GC_CONCURRENT freed 1973K, 13% free 17239K/19648K, paused 12ms+7ms, total 148ms
01-09 12:27:31.818 I/System.out( 3148): 19
01-09 12:27:32.429 D/dalvikvm(  704): GC_CONCURRENT freed 416K, 5% free 10414K/10908K, paused 3ms+3ms, total 67ms
01-09 12:27:32.819 I/System.out( 3148): 19
01-09 12:27:33.820 I/System.out( 3148): 17
01-09 12:27:34.821 I/System.out( 3148): 17
01-09 12:27:35.822 I/System.out( 3148): 17
01-09 12:27:36.833 I/System.out( 3148): 17
01-09 12:27:37.764 D/dalvikvm(  704): GC_CONCURRENT freed 436K, 5% free 10421K/10908K, paused 3ms+4ms, total 54ms
01-09 12:27:37.824 I/System.out( 3148): 20
01-09 12:27:38.825 I/System.out( 3148): 20
01-09 12:27:39.816 I/System.out( 3148): 21
01-09 12:27:40.827 I/System.out( 3148): 21
01-09 12:27:41.828 I/System.out( 3148): 21
01-09 12:27:42.639 D/dalvikvm(  704): GC_CONCURRENT freed 447K, 5% free 10428K/10924K, paused 5ms+4ms, total 76ms
01-09 12:27:42.819 I/System.out( 3148): 20
01-09 12:27:43.830 I/System.out( 3148): 20
01-09 12:27:44.821 I/System.out( 3148): 20
01-09 12:27:45.832 I/System.out( 3148): 19
01-09 12:27:46.833 I/System.out( 3148): 22
01-09 12:27:47.343 D/dalvikvm(  704): GC_CONCURRENT freed 448K, 5% free 10428K/10924K, paused 6ms+3ms, total 72ms
01-09 12:27:47.834 I/System.out( 3148): 22
01-09 12:27:48.825 I/System.out( 3148): 23
01-09 12:27:49.826 I/System.out( 3148): 23
01-09 12:27:50.787 D/dalvikvm(  512): GC_CONCURRENT freed 2047K, 13% free 17230K/19648K, paused 8ms+6ms, total 135ms
01-09 12:27:50.817 I/System.out( 3148): 24
01-09 12:27:50.837 D/dalvikvm( 3148): GC_CONCURRENT freed 395K, 5% free 9085K/9520K, paused 1ms+2ms, total 15ms
01-09 12:27:51.507 D/dalvikvm(  704): GC_CONCURRENT freed 434K, 5% free 10432K/10924K, paused 6ms+4ms, total 63ms
01-09 12:27:51.828 I/System.out( 3148): 24
01-09 12:27:52.819 I/System.out( 3148): 24
01-09 12:27:53.830 I/System.out( 3148): 23
01-09 12:27:54.830 I/System.out( 3148): 23
01-09 12:27:55.611 D/dalvikvm(  704): GC_CONCURRENT freed 419K, 5% free 10431K/10924K, paused 3ms+3ms, total 52ms
01-09 12:27:55.861 I/System.out( 3148): 18
01-09 12:27:56.832 I/System.out( 3148): 18
01-09 12:27:57.833 I/System.out( 3148): 18
01-09 12:27:58.834 I/System.out( 3148): 19
01-09 12:27:59.825 I/System.out( 3148): 19
01-09 12:28:00.506 D/dalvikvm(  704): GC_CONCURRENT freed 412K, 5% free 10428K/10924K, paused 9ms+4ms, total 54ms
01-09 12:28:00.836 I/System.out( 3148): 20
01-09 12:28:01.827 I/System.out( 3148): 20
01-09 12:28:02.838 I/System.out( 3148): 20
01-09 12:28:03.839 I/System.out( 3148): 20
01-09 12:28:04.840 I/System.out( 3148): 19
01-09 12:28:05.221 D/dalvikvm(  704): GC_CONCURRENT freed 426K, 5% free 10435K/10924K, paused 6ms+3ms, total 62ms
01-09 12:28:05.831 I/System.out( 3148): 20
01-09 12:28:06.842 I/System.out( 3148): 21
01-09 12:28:07.843 I/System.out( 3148): 21
01-09 12:28:08.834 I/System.out( 3148): 21
01-09 12:28:09.835 I/System.out( 3148): 21
01-09 12:28:10.025 D/dalvikvm(  512): GC_CONCURRENT freed 2021K, 13% free 17233K/19648K, paused 8ms+6ms, total 110ms
01-09 12:28:10.035 D/dalvikvm(  704): GC_CONCURRENT freed 424K, 5% free 10434K/10924K, paused 24ms+4ms, total 59ms
01-09 12:28:10.836 I/System.out( 3148): 20
01-09 12:28:11.857 I/System.out( 3148): 20
01-09 12:28:11.907 D/dalvikvm( 3148): GC_CONCURRENT freed 403K, 5% free 9085K/9528K, paused 6ms+2ms, total 74ms
01-09 12:28:12.838 I/System.out( 3148): 18
01-09 12:28:13.839 I/System.out( 3148): 18
01-09 12:28:14.840 I/System.out( 3148): 20
01-09 12:28:14.900 D/dalvikvm(  704): GC_CONCURRENT freed 444K, 5% free 10441K/10936K, paused 16ms+4ms, total 73ms
01-09 12:28:15.841 I/System.out( 3148): 20
01-09 12:28:16.842 I/System.out( 3148): 20
01-09 12:28:17.833 I/System.out( 3148): 20
01-09 12:28:18.854 I/System.out( 3148): 20
01-09 12:28:19.845 I/System.out( 3148): 19
01-09 12:28:19.945 D/dalvikvm(  704): GC_CONCURRENT freed 441K, 5% free 10440K/10936K, paused 7ms+4ms, total 63ms
01-09 12:28:20.836 I/System.out( 3148): 19
01-09 12:28:21.847 I/System.out( 3148): 19
01-09 12:28:22.838 I/System.out( 3148): 21
01-09 12:28:23.849 I/System.out( 3148): 22
01-09 12:28:24.850 I/System.out( 3148): 22
01-09 12:28:24.970 D/dalvikvm(  704): GC_CONCURRENT freed 444K, 5% free 10444K/10936K, paused 7ms+4ms, total 63ms
01-09 12:28:25.841 I/System.out( 3148): 21
01-09 12:28:26.852 I/System.out( 3148): 20
01-09 12:28:27.843 I/System.out( 3148): 20
01-09 12:28:28.854 I/System.out( 3148): 20
01-09 12:28:29.835 D/dalvikvm(  704): GC_CONCURRENT freed 436K, 5% free 10446K/10936K, paused 7ms+4ms, total 85ms
01-09 12:28:29.845 I/System.out( 3148): 19
01-09 12:28:30.565 D/dalvikvm(  512): GC_CONCURRENT freed 2017K, 13% free 17244K/19648K, paused 8ms+7ms, total 131ms
01-09 12:28:30.856 I/System.out( 3148): 20
01-09 12:28:31.847 I/System.out( 3148): 20
01-09 12:28:32.848 I/System.out( 3148): 21
01-09 12:28:32.878 D/dalvikvm( 3148): GC_CONCURRENT freed 403K, 5% free 9076K/9524K, paused 1ms+4ms, total 34ms
01-09 12:28:33.859 I/System.out( 3148): 19
01-09 12:28:34.850 I/System.out( 3148): 20
01-09 12:28:34.850 D/dalvikvm(  704): GC_CONCURRENT freed 438K, 5% free 10442K/10936K, paused 2ms+4ms, total 58ms
01-09 12:28:35.851 I/System.out( 3148): 20
01-09 12:28:36.851 I/System.out( 3148): 20
01-09 12:28:37.862 I/System.out( 3148): 20
01-09 12:28:38.863 I/System.out( 3148): 20
01-09 12:28:39.724 D/dalvikvm(  704): GC_CONCURRENT freed 438K, 5% free 10436K/10936K, paused 2ms+4ms, total 52ms
01-09 12:28:39.854 I/System.out( 3148): 20
01-09 12:28:40.855 I/System.out( 3148): 18
01-09 12:28:41.856 I/System.out( 3148): 18
01-09 12:28:42.857 I/System.out( 3148): 19
01-09 12:28:43.858 I/System.out( 3148): 19
01-09 12:28:44.309 D/dalvikvm(  704): GC_CONCURRENT freed 417K, 5% free 10431K/10936K, paused 3ms+3ms, total 37ms
01-09 12:28:44.859 I/System.out( 3148): 19
01-09 12:28:45.850 I/System.out( 3148): 19
01-09 12:28:46.871 I/System.out( 3148): 19
01-09 12:28:47.862 I/System.out( 3148): 18
01-09 12:28:48.873 I/System.out( 3148): 18
01-09 12:28:49.294 D/dalvikvm(  704): GC_CONCURRENT freed 414K, 5% free 10432K/10936K, paused 6ms+4ms, total 52ms
01-09 12:28:49.874 I/System.out( 3148): 19
01-09 12:28:50.675 D/dalvikvm(  512): GC_CONCURRENT freed 2006K, 13% free 17241K/19648K, paused 9ms+10ms, total 156ms
01-09 12:28:50.855 I/System.out( 3148): 19
01-09 12:28:51.866 I/System.out( 3148): 19
01-09 12:28:52.857 I/System.out( 3148): 19
01-09 12:28:53.868 I/System.out( 3148): 19
01-09 12:28:54.108 D/dalvikvm(  704): GC_CONCURRENT freed 421K, 5% free 10432K/10936K, paused 2ms+4ms, total 52ms
01-09 12:28:54.859 I/System.out( 3148): 18
01-09 12:28:54.879 D/dalvikvm( 3148): GC_CONCURRENT freed 396K, 5% free 9076K/9524K, paused 1ms+2ms, total 19ms
01-09 12:28:55.870 I/System.out( 3148): 18
01-09 12:28:56.871 I/System.out( 3148): 19
01-09 12:28:57.862 I/System.out( 3148): 21
01-09 12:28:58.873 I/System.out( 3148): 21
01-09 12:28:59.083 D/dalvikvm(  704): GC_CONCURRENT freed 427K, 5% free 10435K/10936K, paused 3ms+4ms, total 51ms
01-09 12:28:59.864 I/System.out( 3148): 21
01-09 12:28:59.994 I/ActivityManager(  512): No longer want com.google.android.music:main (pid 2322): empty for 1809s
01-09 12:29:00.084 W/ActivityManager(  512): Scheduling restart of crashed service com.google.android.music/.playback.MusicPlaybackService in 5000ms
01-09 12:29:00.865 I/System.out( 3148): 21
01-09 12:29:01.856 I/System.out( 3148): 20
01-09 12:29:02.867 I/System.out( 3148): 19
01-09 12:29:03.798 D/dalvikvm(  704): GC_CONCURRENT freed 435K, 5% free 10426K/10936K, paused 6ms+4ms, total 64ms
01-09 12:29:03.858 I/System.out( 3148): 17
01-09 12:29:04.869 I/System.out( 3148): 17
01-09 12:29:05.139 I/ActivityManager(  512): Start proc com.google.android.music:main for service com.google.android.music/.playback.MusicPlaybackService: pid=3650 uid=10041 gids={50041, 3003, 1015, 1028}
01-09 12:29:05.229 I/MusicStore( 3650): Database version: 70
01-09 12:29:05.279 D/dalvikvm( 3650): GC_CONCURRENT freed 280K, 4% free 9081K/9404K, paused 3ms+2ms, total 29ms
01-09 12:29:05.279 D/dalvikvm( 3650): WAIT_FOR_CONCURRENT_GC blocked 5ms
01-09 12:29:05.359 D/SystemUtils( 3650): getSystemProperty: lpa.decode=null
01-09 12:29:05.379 D/CacheService( 3650): onCreate
01-09 12:29:05.379 D/CacheService( 3650): onBind
01-09 12:29:05.389 I/LocalDevicePlayback( 3650): Streaming client created.
01-09 12:29:05.860 I/System.out( 3148): 17
01-09 12:29:06.460 D/dalvikvm( 3650): GC_CONCURRENT freed 223K, 3% free 9310K/9572K, paused 3ms+5ms, total 36ms
01-09 12:29:06.530 I/MediaStoreImporter( 3650): Update: incremental Added music: 0 Updated music: 0 Deleted music: 0 Created playlists: 0 Updated playlists: 0 Deleted playlists: 0 Inserted playlist items: 0 Deleted playlist items: 0 Removed orphaned playlist items: 0
01-09 12:29:06.871 I/System.out( 3148): 17
01-09 12:29:07.862 I/System.out( 3148): 18
01-09 12:29:08.883 I/System.out( 3148): 19
01-09 12:29:09.213 D/dalvikvm(  704): GC_CONCURRENT freed 444K, 5% free 10432K/10936K, paused 5ms+4ms, total 67ms
01-09 12:29:09.874 I/System.out( 3148): 19
01-09 12:29:10.524 D/dalvikvm(  512): GC_CONCURRENT freed 2035K, 13% free 17244K/19648K, paused 17ms+8ms, total 144ms
01-09 12:29:10.534 I/MusicLeanback( 3650): Conditions not met for autocaching.
01-09 12:29:10.534 I/MusicLeanback( 3650): Stop autocaching.
01-09 12:29:10.875 I/System.out( 3148): 19
01-09 12:29:11.866 I/System.out( 3148): 19
01-09 12:29:12.877 I/System.out( 3148): 20
01-09 12:29:13.898 I/System.out( 3148): 20
01-09 12:29:13.998 D/dalvikvm(  704): GC_CONCURRENT freed 433K, 5% free 10422K/10936K, paused 3ms+3ms, total 48ms
01-09 12:29:14.889 I/System.out( 3148): 19
01-09 12:29:15.890 I/System.out( 3148): 19
01-09 12:29:16.881 I/System.out( 3148): 19
01-09 12:29:16.901 D/dalvikvm( 3148): GC_CONCURRENT freed 389K, 5% free 9083K/9520K, paused 3ms+2ms, total 26ms
01-09 12:29:17.892 I/System.out( 3148): 19
01-09 12:29:18.882 I/System.out( 3148): 19
01-09 12:29:18.903 D/dalvikvm(  704): GC_CONCURRENT freed 419K, 5% free 10414K/10936K, paused 3ms+3ms, total 52ms
01-09 12:29:19.893 I/System.out( 3148): 19
01-09 12:29:20.894 I/System.out( 3148): 19
01-09 12:29:21.875 I/System.out( 3148): 19
01-09 12:29:22.886 I/System.out( 3148): 19
01-09 12:29:23.867 D/dalvikvm(  704): GC_CONCURRENT freed 413K, 5% free 10412K/10936K, paused 5ms+4ms, total 52ms
01-09 12:29:23.877 I/System.out( 3148): 19
01-09 12:29:24.898 I/System.out( 3148): 19
01-09 12:29:25.879 I/System.out( 3148): 18
01-09 12:29:25.879 I/System.out( 3148): Battery level end is reached
01-09 12:29:25.889 I/System.out( 3148): Time difference in secs is: 481
01-09 12:29:26.890 I/System.out( 3148): 17
01-09 12:29:26.890 I/System.out( 3148): Time difference in secs is: 481
01-09 12:29:27.881 I/System.out( 3148): 18
01-09 12:29:27.891 I/System.out( 3148): Time difference in secs is: 481
01-09 12:29:28.472 D/dalvikvm(  704): GC_CONCURRENT freed 408K, 5% free 10402K/10936K, paused 3ms+4ms, total 42ms
01-09 12:29:28.902 I/System.out( 3148): 18
01-09 12:29:28.902 I/System.out( 3148): Time difference in secs is: 481
01-09 12:29:29.893 I/System.out( 3148): 18
01-09 12:29:29.893 I/System.out( 3148): Time difference in secs is: 481
01-09 12:29:30.904 I/System.out( 3148): 20
01-09 12:29:30.904 I/System.out( 3148): Time difference in secs is: 481
01-09 12:29:31.174 D/dalvikvm(  512): GC_CONCURRENT freed 1987K, 13% free 17242K/19648K, paused 21ms+7ms, total 129ms
01-09 12:29:31.885 I/System.out( 3148): 20
01-09 12:29:31.885 I/System.out( 3148): Time difference in secs is: 481
01-09 12:29:32.896 I/System.out( 3148): 19
01-09 12:29:32.896 I/System.out( 3148): Time difference in secs is: 481
01-09 12:29:33.106 D/dalvikvm(  704): GC_CONCURRENT freed 411K, 5% free 10408K/10936K, paused 4ms+4ms, total 49ms
01-09 12:29:33.887 I/System.out( 3148): 20
01-09 12:29:33.887 I/System.out( 3148): Time difference in secs is: 481
01-09 12:29:34.898 I/System.out( 3148): 20
01-09 12:29:34.898 I/System.out( 3148): Time difference in secs is: 481
01-09 12:29:35.899 I/System.out( 3148): 20
01-09 12:29:35.899 I/System.out( 3148): Time difference in secs is: 481
01-09 12:29:36.910 I/System.out( 3148): 19
01-09 12:29:36.910 I/System.out( 3148): Time difference in secs is: 481
01-09 12:29:37.621 D/dalvikvm(  704): GC_CONCURRENT freed 423K, 5% free 10408K/10936K, paused 3ms+3ms, total 51ms
01-09 12:29:37.901 I/System.out( 3148): 19
01-09 12:29:37.921 I/System.out( 3148): Time difference in secs is: 481
01-09 12:29:37.981 D/dalvikvm( 3148): GC_CONCURRENT freed 393K, 5% free 9077K/9520K, paused 7ms+1ms, total 75ms
01-09 12:29:38.902 I/System.out( 3148): 19
01-09 12:29:38.922 I/System.out( 3148): Time difference in secs is: 481
01-09 12:29:39.903 I/System.out( 3148): 19
01-09 12:29:39.913 I/System.out( 3148): Time difference in secs is: 481
01-09 12:29:40.914 I/System.out( 3148): 19
01-09 12:29:40.924 I/System.out( 3148): Time difference in secs is: 481
01-09 12:29:41.895 I/System.out( 3148): 19
01-09 12:29:41.895 I/System.out( 3148): Time difference in secs is: 481
01-09 12:29:42.355 D/dalvikvm(  704): GC_CONCURRENT freed 417K, 5% free 10402K/10936K, paused 2ms+4ms, total 48ms
01-09 12:29:42.896 I/System.out( 3148): 19
01-09 12:29:42.906 I/System.out( 3148): Time difference in secs is: 481
01-09 12:29:43.907 I/System.out( 3148): 19
01-09 12:29:43.907 I/System.out( 3148): Time difference in secs is: 481
01-09 12:29:44.898 I/System.out( 3148): 19
01-09 12:29:44.908 I/System.out( 3148): Time difference in secs is: 481
01-09 12:29:45.899 I/System.out( 3148): 19
01-09 12:29:45.899 I/System.out( 3148): Time difference in secs is: 481
01-09 12:29:46.910 I/System.out( 3148): 19
01-09 12:29:46.910 I/System.out( 3148): Time difference in secs is: 481
01-09 12:29:47.110 D/dalvikvm(  704): GC_CONCURRENT freed 414K, 5% free 10399K/10936K, paused 2ms+4ms, total 49ms
01-09 12:29:47.901 I/System.out( 3148): 19
01-09 12:29:47.901 I/System.out( 3148): Time difference in secs is: 481
01-09 12:29:48.912 I/System.out( 3148): 18
01-09 12:29:48.912 I/System.out( 3148): Time difference in secs is: 481
01-09 12:29:49.913 I/System.out( 3148): 18
01-09 12:29:49.913 I/System.out( 3148): Time difference in secs is: 481
01-09 12:29:50.914 I/System.out( 3148): 18
01-09 12:29:50.914 I/System.out( 3148): Time difference in secs is: 481
01-09 12:29:51.324 D/dalvikvm(  512): GC_CONCURRENT freed 1977K, 13% free 17251K/19648K, paused 9ms+7ms, total 130ms
01-09 12:29:51.915 I/System.out( 3148): 18
01-09 12:29:51.925 I/System.out( 3148): Time difference in secs is: 481
01-09 12:29:51.995 D/dalvikvm(  704): GC_CONCURRENT freed 399K, 5% free 10392K/10936K, paused 2ms+3ms, total 35ms
01-09 12:29:52.906 I/System.out( 3148): 18
01-09 12:29:52.906 I/System.out( 3148): Time difference in secs is: 481
01-09 12:29:53.907 I/System.out( 3148): 18
01-09 12:29:53.917 I/System.out( 3148): Time difference in secs is: 481
01-09 12:29:54.908 I/System.out( 3148): 18
01-09 12:29:54.918 I/System.out( 3148): Time difference in secs is: 481
01-09 12:29:55.909 I/System.out( 3148): 18
01-09 12:29:55.919 I/System.out( 3148): Time difference in secs is: 481
01-09 12:29:56.659 D/dalvikvm(  704): GC_CONCURRENT freed 397K, 5% free 10395K/10936K, paused 2ms+3ms, total 45ms
01-09 12:29:56.910 I/System.out( 3148): 19
01-09 12:29:56.920 I/System.out( 3148): Time difference in secs is: 481
01-09 12:29:57.911 I/System.out( 3148): 21
01-09 12:29:57.951 I/System.out( 3148): Time difference in secs is: 481
01-09 12:29:58.932 I/System.out( 3148): 21
01-09 12:29:58.932 I/System.out( 3148): Time difference in secs is: 481
01-09 12:29:58.982 D/dalvikvm( 3148): GC_CONCURRENT freed 381K, 5% free 9084K/9520K, paused 5ms+2ms, total 67ms
01-09 12:29:59.923 I/System.out( 3148): 21
01-09 12:29:59.923 I/System.out( 3148): Time difference in secs is: 481
01-09 12:30:00.853 D/dalvikvm(  704): GC_CONCURRENT freed 394K, 5% free 10396K/10936K, paused 7ms+4ms, total 51ms
01-09 12:30:00.914 I/System.out( 3148): 23
01-09 12:30:00.914 I/System.out( 3148): Time difference in secs is: 481
01-09 12:30:01.924 I/System.out( 3148): 26
01-09 12:30:01.924 I/System.out( 3148): Time difference in secs is: 481
01-09 12:30:02.915 I/System.out( 3148): 24
01-09 12:30:02.915 I/System.out( 3148): Time difference in secs is: 481
01-09 12:30:03.906 I/System.out( 3148): 24
01-09 12:30:03.906 I/System.out( 3148): Time difference in secs is: 481
01-09 12:30:04.487 D/dalvikvm(  704): GC_CONCURRENT freed 380K, 5% free 10404K/10936K, paused 2ms+4ms, total 40ms
01-09 12:30:04.917 I/System.out( 3148): 27
01-09 12:30:04.927 I/System.out( 3148): Time difference in secs is: 481
01-09 12:30:05.918 I/System.out( 3148): 28
01-09 12:30:05.938 I/System.out( 3148): Time difference in secs is: 481
01-09 12:30:06.919 I/System.out( 3148): 25
01-09 12:30:06.929 I/System.out( 3148): Time difference in secs is: 481
01-09 12:30:07.920 I/System.out( 3148): 25
01-09 12:30:07.930 I/System.out( 3148): Time difference in secs is: 481
01-09 12:30:08.141 D/dalvikvm(  704): GC_CONCURRENT freed 391K, 5% free 10417K/10936K, paused 3ms+4ms, total 46ms
01-09 12:30:08.911 I/System.out( 3148): 25
01-09 12:30:08.911 I/System.out( 3148): Time difference in secs is: 481
01-09 12:30:09.452 I/EntropyMixer(  512): Writing entropy...
01-09 12:30:09.502 W/PowerUI (  585): unknown intent: Intent { act=android.intent.action.ACTION_POWER_CONNECTED flg=0x8000010 }
01-09 12:30:09.512 D/PicasaSyncManager( 2151): battery info: true
01-09 12:30:09.522 D/PicasaUploaderSyncManager( 2198): battery info: true
01-09 12:30:09.552 D/dalvikvm(  512): GC_CONCURRENT freed 2113K, 13% free 17241K/19648K, paused 10ms+7ms, total 157ms
01-09 12:30:09.552 D/dalvikvm(  512): WAIT_FOR_CONCURRENT_GC blocked 39ms
01-09 12:30:09.552 D/dalvikvm(  512): WAIT_FOR_CONCURRENT_GC blocked 37ms
01-09 12:30:09.552 D/dalvikvm(  512): WAIT_FOR_CONCURRENT_GC blocked 36ms
01-09 12:30:09.552 D/dalvikvm(  512): WAIT_FOR_CONCURRENT_GC blocked 36ms
01-09 12:30:09.552 D/dalvikvm(  512): WAIT_FOR_CONCURRENT_GC blocked 29ms
01-09 12:30:09.552 D/dalvikvm(  512): WAIT_FOR_CONCURRENT_GC blocked 29ms
01-09 12:30:09.922 I/System.out( 3148): 26
01-09 12:30:09.922 I/System.out( 3148): Time difference in secs is: 481
01-09 12:30:10.483 D/MtpService( 2180): updating state; isCurrentUser=true, mMtpLocked=false
01-09 12:30:10.483 D/MtpService( 2180): addStorageLocked 65537 /storage/emulated/0
01-09 12:30:10.483 D/MtpService( 2180): updating state; isCurrentUser=true, mMtpLocked=false
01-09 12:30:10.483 D/MtpService( 2180): starting MTP server in MTP mode
01-09 12:30:10.483 D/MtpService( 2180): addStorageLocked 65537 /storage/emulated/0
01-09 12:30:10.913 I/System.out( 3148): 25
01-09 12:30:10.913 I/System.out( 3148): Time difference in secs is: 481
01-09 12:30:11.414 D/dalvikvm(  704): GC_CONCURRENT freed 401K, 5% free 10411K/10936K, paused 3ms+4ms, total 48ms
01-09 12:30:11.924 I/System.out( 3148): 24
01-09 12:30:11.944 I/System.out( 3148): Time difference in secs is: 481
01-09 12:30:12.925 I/System.out( 3148): 24
01-09 12:30:12.925 I/System.out( 3148): Time difference in secs is: 481
01-09 12:30:13.226 D/dalvikvm( 2180): GC_CONCURRENT freed 224K, 3% free 9226K/9476K, paused 3ms+3ms, total 52ms
01-09 12:30:13.436 D/dalvikvm(  512): GC_EXPLICIT freed 787K, 13% free 17132K/19648K, paused 2ms+7ms, total 73ms
01-09 12:30:13.916 I/System.out( 3148): 24
01-09 12:30:13.916 I/System.out( 3148): Time difference in secs is: 481
01-09 12:30:14.917 I/System.out( 3148): 19
01-09 12:30:14.917 I/System.out( 3148): Time difference in secs is: 481
01-09 12:30:14.967 D/dalvikvm(  704): GC_CONCURRENT freed 404K, 5% free 10437K/10936K, paused 4ms+3ms, total 80ms
01-09 12:30:15.928 I/System.out( 3148): 19
01-09 12:30:15.938 I/System.out( 3148): Time difference in secs is: 481
01-09 12:30:16.919 I/System.out( 3148): 19
01-09 12:30:16.929 I/System.out( 3148): Time difference in secs is: 481
01-09 12:30:17.930 I/System.out( 3148): 19
01-09 12:30:17.930 I/System.out( 3148): Time difference in secs is: 481
01-09 12:30:18.951 I/System.out( 3148): 19
01-09 12:30:18.961 I/System.out( 3148): Time difference in secs is: 481
01-09 12:30:19.221 D/dalvikvm(  704): GC_CONCURRENT freed 422K, 5% free 10425K/10936K, paused 3ms+8ms, total 66ms
01-09 12:30:19.922 I/System.out( 3148): 19
01-09 12:30:19.922 I/System.out( 3148): Time difference in secs is: 481
01-09 12:30:20.933 I/System.out( 3148): 19
01-09 12:30:20.943 I/System.out( 3148): Time difference in secs is: 481
01-09 12:30:21.924 I/System.out( 3148): 19
01-09 12:30:21.924 I/System.out( 3148): Time difference in secs is: 481
01-09 12:30:22.985 D/dalvikvm( 3148): GC_FOR_ALLOC freed 495K, 6% free 9100K/9632K, paused 68ms, total 69ms
01-09 12:30:22.995 I/System.out( 3148): 19
01-09 12:30:22.995 I/System.out( 3148): Time difference in secs is: 481
01-09 12:30:23.666 D/dalvikvm(  704): GC_CONCURRENT freed 410K, 5% free 10425K/10936K, paused 7ms+4ms, total 66ms
01-09 12:30:23.926 I/System.out( 3148): 19
01-09 12:30:23.926 I/System.out( 3148): Time difference in secs is: 481
01-09 12:30:24.927 I/System.out( 3148): 19
01-09 12:30:24.927 I/System.out( 3148): Time difference in secs is: 481
01-09 12:30:25.938 I/System.out( 3148): 19
01-09 12:30:25.938 I/System.out( 3148): Time difference in secs is: 481
01-09 12:30:26.929 I/System.out( 3148): 19
01-09 12:30:26.929 I/System.out( 3148): Time difference in secs is: 481
01-09 12:30:27.940 I/System.out( 3148): 19
01-09 12:30:27.940 I/System.out( 3148): Time difference in secs is: 481
01-09 12:30:28.130 D/dalvikvm(  704): GC_CONCURRENT freed 411K, 5% free 10425K/10936K, paused 2ms+4ms, total 55ms
