01-08 12:16:19.813 I/System.out( 3436): 20
01-08 12:16:19.823 I/System.out( 3436): Time difference in secs is: 541
01-08 12:16:20.804 I/System.out( 3436): 20
01-08 12:16:20.804 I/System.out( 3436): Time difference in secs is: 541
01-08 12:16:21.515 D/dalvikvm(  730): GC_CONCURRENT freed 438K, 6% free 10441K/11084K, paused 3ms+4ms, total 37ms
01-08 12:16:21.815 I/System.out( 3436): 20
01-08 12:16:21.815 I/System.out( 3436): Time difference in secs is: 541
01-08 12:16:22.816 I/System.out( 3436): 20
01-08 12:16:22.816 I/System.out( 3436): Time difference in secs is: 541
01-08 12:16:23.817 I/System.out( 3436): 20
01-08 12:16:23.817 I/System.out( 3436): Time difference in secs is: 541
01-08 12:16:24.818 I/System.out( 3436): 20
01-08 12:16:24.828 I/System.out( 3436): Time difference in secs is: 541
01-08 12:16:25.819 I/System.out( 3436): 20
01-08 12:16:25.829 I/System.out( 3436): Time difference in secs is: 541
01-08 12:16:26.330 D/dalvikvm(  730): GC_CONCURRENT freed 438K, 6% free 10436K/11084K, paused 3ms+4ms, total 40ms
01-08 12:16:26.820 I/System.out( 3436): 20
01-08 12:16:26.830 I/System.out( 3436): Time difference in secs is: 541
01-08 12:16:27.811 I/System.out( 3436): 20
01-08 12:16:27.821 I/System.out( 3436): Time difference in secs is: 541
01-08 12:16:28.812 I/System.out( 3436): 20
01-08 12:16:28.822 I/System.out( 3436): Time difference in secs is: 541
01-08 12:16:29.813 I/System.out( 3436): 20
01-08 12:16:29.813 I/System.out( 3436): Time difference in secs is: 541
01-08 12:16:30.834 I/System.out( 3436): 21
01-08 12:16:30.834 I/System.out( 3436): Time difference in secs is: 541
01-08 12:16:30.904 D/dalvikvm( 3436): GC_CONCURRENT freed 391K, 5% free 9085K/9528K, paused 6ms+2ms, total 80ms
01-08 12:16:31.184 D/dalvikvm(  730): GC_CONCURRENT freed 443K, 6% free 10431K/11084K, paused 8ms+4ms, total 55ms
01-08 12:16:31.815 I/System.out( 3436): 21
01-08 12:16:31.815 I/System.out( 3436): Time difference in secs is: 541
01-08 12:16:32.826 I/System.out( 3436): 21
01-08 12:16:32.826 I/System.out( 3436): Time difference in secs is: 541
01-08 12:16:33.286 D/dalvikvm(  519): GC_CONCURRENT freed 1884K, 12% free 16895K/19172K, paused 19ms+7ms, total 135ms
01-08 12:16:33.827 I/System.out( 3436): 21
01-08 12:16:33.847 I/System.out( 3436): Time difference in secs is: 541
01-08 12:16:34.828 I/System.out( 3436): 21
01-08 12:16:34.828 I/System.out( 3436): Time difference in secs is: 541
01-08 12:16:35.829 I/System.out( 3436): 21
01-08 12:16:35.829 I/System.out( 3436): Time difference in secs is: 541
01-08 12:16:35.949 D/dalvikvm(  730): GC_CONCURRENT freed 454K, 6% free 10431K/11084K, paused 2ms+4ms, total 50ms
01-08 12:16:36.820 I/System.out( 3436): 21
01-08 12:16:36.820 I/System.out( 3436): Time difference in secs is: 541
01-08 12:16:37.831 I/System.out( 3436): 21
01-08 12:16:37.831 I/System.out( 3436): Time difference in secs is: 541
01-08 12:16:38.812 I/System.out( 3436): 23
01-08 12:16:38.812 I/System.out( 3436): Time difference in secs is: 541
01-08 12:16:39.823 I/System.out( 3436): 23
01-08 12:16:39.823 I/System.out( 3436): Time difference in secs is: 541
01-08 12:16:40.724 D/dalvikvm(  730): GC_CONCURRENT freed 476K, 6% free 10440K/11084K, paused 5ms+4ms, total 92ms
01-08 12:16:40.814 I/System.out( 3436): 23
01-08 12:16:40.814 I/System.out( 3436): Time difference in secs is: 541
01-08 12:16:41.825 I/System.out( 3436): 22
01-08 12:16:41.825 I/System.out( 3436): Time difference in secs is: 541
01-08 12:16:42.826 I/System.out( 3436): 22
01-08 12:16:42.826 I/System.out( 3436): Time difference in secs is: 541
01-08 12:16:43.827 I/System.out( 3436): 20
01-08 12:16:43.837 I/System.out( 3436): Time difference in secs is: 541
01-08 12:16:44.828 I/System.out( 3436): 22
01-08 12:16:44.828 I/System.out( 3436): Time difference in secs is: 541
01-08 12:16:45.508 D/dalvikvm(  730): GC_CONCURRENT freed 480K, 6% free 10431K/11084K, paused 6ms+4ms, total 85ms
01-08 12:16:45.839 I/System.out( 3436): 22
01-08 12:16:45.839 I/System.out( 3436): Time difference in secs is: 541
01-08 12:16:46.840 I/System.out( 3436): 23
01-08 12:16:46.840 I/System.out( 3436): Time difference in secs is: 541
01-08 12:16:47.831 I/System.out( 3436): 22
01-08 12:16:47.831 I/System.out( 3436): Time difference in secs is: 541
01-08 12:16:48.832 I/System.out( 3436): 22
01-08 12:16:48.832 I/System.out( 3436): Time difference in secs is: 541
01-08 12:16:48.972 W/PowerUI (  601): unknown intent: Intent { act=android.intent.action.ACTION_POWER_CONNECTED flg=0x8000010 }
01-08 12:16:48.972 I/EntropyMixer(  519): Writing entropy...
01-08 12:16:48.982 D/PicasaSyncManager( 1523): battery info: true
01-08 12:16:48.992 D/PicasaUploaderSyncManager( 1557): battery info: true
01-08 12:16:49.833 I/System.out( 3436): 22
01-08 12:16:49.843 I/System.out( 3436): Time difference in secs is: 541
01-08 12:16:49.873 D/dalvikvm( 3436): GC_CONCURRENT freed 397K, 5% free 9087K/9528K, paused 4ms+2ms, total 52ms
01-08 12:16:49.893 D/dalvikvm(  519): GC_CONCURRENT freed 1961K, 12% free 16892K/19172K, paused 5ms+15ms, total 168ms
01-08 12:16:49.933 D/dalvikvm(  730): GC_CONCURRENT freed 438K, 7% free 10411K/11084K, paused 3ms+4ms, total 29ms
01-08 12:16:49.983 D/MtpService(  687): updating state; isCurrentUser=true, mMtpLocked=false
01-08 12:16:49.993 D/MtpService(  687): addStorageLocked 65537 /storage/emulated/0
01-08 12:16:49.993 D/MtpService(  687): updating state; isCurrentUser=true, mMtpLocked=false
01-08 12:16:49.993 D/MtpService(  687): starting MTP server in MTP mode
01-08 12:16:49.993 D/MtpService(  687): addStorageLocked 65537 /storage/emulated/0
01-08 12:16:50.834 I/System.out( 3436): 21
01-08 12:16:50.834 I/System.out( 3436): Time difference in secs is: 541
01-08 12:16:51.825 I/System.out( 3436): 20
01-08 12:16:51.825 I/System.out( 3436): Time difference in secs is: 541
01-08 12:16:51.855 D/dalvikvm(  687): GC_CONCURRENT freed 401K, 5% free 9294K/9736K, paused 13ms+3ms, total 37ms
01-08 12:16:52.025 D/dalvikvm(  519): GC_EXPLICIT freed 485K, 13% free 16756K/19172K, paused 3ms+6ms, total 79ms
01-08 12:16:52.835 I/System.out( 3436): 21
01-08 12:16:52.835 I/System.out( 3436): Time difference in secs is: 541
01-08 12:16:53.826 I/System.out( 3436): 20
01-08 12:16:53.836 I/System.out( 3436): Time difference in secs is: 541
01-08 12:16:54.497 D/dalvikvm(  730): GC_CONCURRENT freed 445K, 7% free 10412K/11084K, paused 6ms+4ms, total 51ms
01-08 12:16:54.837 I/System.out( 3436): 20
01-08 12:16:54.847 I/System.out( 3436): Time difference in secs is: 541
01-08 12:16:55.828 I/System.out( 3436): 20
01-08 12:16:55.828 I/System.out( 3436): Time difference in secs is: 541
01-08 12:16:56.829 I/System.out( 3436): 20
01-08 12:16:56.839 I/System.out( 3436): Time difference in secs is: 541
01-08 12:16:57.840 I/System.out( 3436): 20
01-08 12:16:57.850 I/System.out( 3436): Time difference in secs is: 541
01-08 12:16:58.831 I/System.out( 3436): 20
01-08 12:16:58.841 I/System.out( 3436): Time difference in secs is: 541
01-08 12:16:58.901 D/dalvikvm(  730): GC_CONCURRENT freed 440K, 7% free 10406K/11084K, paused 4ms+3ms, total 43ms
01-08 12:16:59.832 I/System.out( 3436): 20
01-08 12:16:59.842 I/System.out( 3436): Time difference in secs is: 541
01-08 12:17:00.833 I/System.out( 3436): 20
01-08 12:17:00.833 I/System.out( 3436): Time difference in secs is: 541
01-08 12:17:01.834 I/System.out( 3436): 20
01-08 12:17:01.844 I/System.out( 3436): Time difference in secs is: 541
01-08 12:17:02.835 I/System.out( 3436): 20
01-08 12:17:02.845 I/System.out( 3436): Time difference in secs is: 541
01-08 12:17:03.286 D/dalvikvm(  730): GC_CONCURRENT freed 437K, 7% free 10405K/11084K, paused 2ms+4ms, total 40ms
01-08 12:17:03.846 I/System.out( 3436): 20
01-08 12:17:03.846 I/System.out( 3436): Time difference in secs is: 541
01-08 12:17:04.857 I/System.out( 3436): 20
01-08 12:17:04.857 I/System.out( 3436): Time difference in secs is: 541
01-08 12:17:05.848 I/System.out( 3436): 20
01-08 12:17:05.848 I/System.out( 3436): Time difference in secs is: 541
01-08 12:17:06.859 I/System.out( 3436): 20
01-08 12:17:06.859 I/System.out( 3436): Time difference in secs is: 541
01-08 12:17:07.730 D/dalvikvm(  730): GC_CONCURRENT freed 434K, 7% free 10404K/11084K, paused 7ms+4ms, total 57ms
01-08 12:17:07.850 I/System.out( 3436): 20
01-08 12:17:07.850 I/System.out( 3436): Time difference in secs is: 541
01-08 12:17:08.311 D/dalvikvm(  519): GC_CONCURRENT freed 1707K, 12% free 16905K/19172K, paused 9ms+7ms, total 131ms
01-08 12:17:08.861 I/System.out( 3436): 20
01-08 12:17:08.861 I/System.out( 3436): Time difference in secs is: 541
01-08 12:17:09.862 I/System.out( 3436): 19
01-08 12:17:09.882 I/System.out( 3436): Time difference in secs is: 541
01-08 12:17:10.893 I/System.out( 3436): 19
01-08 12:17:10.903 I/System.out( 3436): Time difference in secs is: 541
01-08 12:17:11.844 I/System.out( 3436): 19
01-08 12:17:11.844 I/System.out( 3436): Time difference in secs is: 541
01-08 12:17:12.345 D/dalvikvm(  730): GC_CONCURRENT freed 422K, 7% free 10396K/11084K, paused 2ms+4ms, total 35ms
01-08 12:17:12.885 I/System.out( 3436): 19
01-08 12:17:12.895 I/System.out( 3436): Time difference in secs is: 541
01-08 12:17:13.866 I/System.out( 3436): 19
01-08 12:17:13.876 I/System.out( 3436): Time difference in secs is: 541
01-08 12:17:14.867 I/System.out( 3436): 19
01-08 12:17:14.877 I/System.out( 3436): Time difference in secs is: 541
01-08 12:17:15.858 I/System.out( 3436): 19
01-08 12:17:15.868 I/System.out( 3436): Time difference in secs is: 541
01-08 12:17:16.839 D/dalvikvm(  730): GC_CONCURRENT freed 415K, 7% free 10392K/11084K, paused 7ms+3ms, total 43ms
01-08 12:17:16.869 D/dalvikvm( 3436): GC_FOR_ALLOC freed 501K, 6% free 9099K/9636K, paused 21ms, total 22ms
01-08 12:17:16.879 I/System.out( 3436): 19
01-08 12:17:16.879 I/System.out( 3436): Time difference in secs is: 541
01-08 12:17:17.870 I/System.out( 3436): 19
01-08 12:17:17.870 I/System.out( 3436): Time difference in secs is: 541
01-08 12:17:18.851 I/System.out( 3436): 19
01-08 12:17:18.861 I/System.out( 3436): Time difference in secs is: 541
01-08 12:17:19.852 I/System.out( 3436): 19
01-08 12:17:19.862 I/System.out( 3436): Time difference in secs is: 541
01-08 12:17:20.843 I/System.out( 3436): 19
01-08 12:17:20.853 I/System.out( 3436): Time difference in secs is: 541
01-08 12:17:21.433 D/dalvikvm(  730): GC_CONCURRENT freed 414K, 7% free 10389K/11084K, paused 6ms+3ms, total 42ms
01-08 12:17:21.854 I/System.out( 3436): 19
01-08 12:17:21.864 I/System.out( 3436): Time difference in secs is: 541
01-08 12:17:22.855 I/System.out( 3436): 19
01-08 12:17:22.855 I/System.out( 3436): Time difference in secs is: 541
01-08 12:17:23.856 I/System.out( 3436): 19
01-08 12:17:23.866 I/System.out( 3436): Time difference in secs is: 541
