01-16 17:32:36.628 I/System.out(  709): Values:3
01-16 17:32:37.629 I/System.out(  709): Values:3
01-16 17:32:38.630 I/System.out(  709): Values:3
01-16 17:32:39.621 I/System.out(  709): Values:3
01-16 17:32:40.392 E/BluetoothEventLoop.cpp(  171): event_filter: Received signal org.bluez.Adapter:DeviceFound from /org/bluez/301/hci0
01-16 17:32:40.392 D/BluetoothService(  171): updateDeviceServiceChannelCache(7C:6D:62:95:C2:F5)
01-16 17:32:40.412 V/BluetoothEventRedirector(  563): Received android.bluetooth.device.action.FOUND
01-16 17:32:40.632 I/System.out(  709): Values:4
01-16 17:32:41.633 I/System.out(  709): Values:4
01-16 17:32:42.624 I/System.out(  709): Values:4
01-16 17:32:42.664 E/BluetoothEventLoop.cpp(  171): event_filter: Received signal org.bluez.Adapter:DeviceFound from /org/bluez/301/hci0
01-16 17:32:42.664 D/BluetoothService(  171): updateDeviceServiceChannelCache(00:23:12:41:4B:A0)
01-16 17:32:42.684 V/BluetoothEventRedirector(  563): Received android.bluetooth.device.action.FOUND
01-16 17:32:43.625 I/System.out(  709): Values:5
01-16 17:32:43.785 E/BluetoothEventLoop.cpp(  171): event_filter: Received signal org.bluez.Adapter:PropertyChanged from /org/bluez/301/hci0
01-16 17:32:43.815 V/BluetoothEventRedirector(  563): Received android.bluetooth.adapter.action.DISCOVERY_FINISHED
01-16 17:32:43.825 E/BluetoothEventLoop.cpp(  171): event_filter: Received signal org.bluez.Adapter:PropertyChanged from /org/bluez/301/hci0
01-16 17:32:43.825 V/BluetoothEventRedirector(  563): Received android.bluetooth.adapter.action.DISCOVERY_STARTED
01-16 17:32:44.295 E/BluetoothEventLoop.cpp(  171): event_filter: Received signal org.bluez.Adapter:DeviceFound from /org/bluez/301/hci0
01-16 17:32:44.295 D/BluetoothService(  171): updateDeviceServiceChannelCache(7C:6D:62:95:C2:F5)
01-16 17:32:44.305 V/BluetoothEventRedirector(  563): Received android.bluetooth.device.action.FOUND
01-16 17:32:44.626 I/System.out(  709): Values:1
01-16 17:32:45.627 I/System.out(  709): Values:1
01-16 17:32:45.867 E/BluetoothEventLoop.cpp(  171): event_filter: Received signal org.bluez.Adapter:DeviceFound from /org/bluez/301/hci0
01-16 17:32:45.867 D/BluetoothService(  171): updateDeviceServiceChannelCache(E4:CE:8F:15:7D:27)
01-16 17:32:45.877 V/BluetoothEventRedirector(  563): Received android.bluetooth.device.action.FOUND
01-16 17:32:46.628 I/System.out(  709): Values:2
01-16 17:32:47.629 I/System.out(  709): Values:2
01-16 17:32:48.630 I/System.out(  709): Values:2
01-16 17:32:49.631 I/System.out(  709): Values:2
01-16 17:32:50.632 I/System.out(  709): Values:2
01-16 17:32:51.633 I/System.out(  709): Values:2
01-16 17:32:52.634 I/System.out(  709): Values:2
01-16 17:32:53.635 I/System.out(  709): Values:2
01-16 17:32:53.725 E/BluetoothEventLoop.cpp(  171): event_filter: Received signal org.bluez.Adapter:DeviceFound from /org/bluez/301/hci0
01-16 17:32:53.725 D/BluetoothService(  171): updateDeviceServiceChannelCache(B8:8D:12:11:06:FF)
01-16 17:32:53.735 V/BluetoothEventRedirector(  563): Received android.bluetooth.device.action.FOUND
01-16 17:32:54.055 E/BluetoothEventLoop.cpp(  171): event_filter: Received signal org.bluez.Adapter:PropertyChanged from /org/bluez/301/hci0
01-16 17:32:54.075 V/BluetoothEventRedirector(  563): Received android.bluetooth.adapter.action.DISCOVERY_FINISHED
01-16 17:32:54.085 E/BluetoothEventLoop.cpp(  171): event_filter: Received signal org.bluez.Adapter:PropertyChanged from /org/bluez/301/hci0
01-16 17:32:54.095 V/BluetoothEventRedirector(  563): Received android.bluetooth.adapter.action.DISCOVERY_STARTED
01-16 17:32:54.515 E/BluetoothEventLoop.cpp(  171): event_filter: Received signal org.bluez.Adapter:DeviceFound from /org/bluez/301/hci0
01-16 17:32:54.515 D/BluetoothService(  171): updateDeviceServiceChannelCache(64:B9:E8:D8:6E:24)
01-16 17:32:54.525 V/BluetoothEventRedirector(  563): Received android.bluetooth.device.action.FOUND
01-16 17:32:54.636 I/System.out(  709): Values:1
01-16 17:32:55.637 I/System.out(  709): Values:1
01-16 17:32:55.677 E/BluetoothEventLoop.cpp(  171): event_filter: Received signal org.bluez.Adapter:DeviceFound from /org/bluez/301/hci0
01-16 17:32:55.677 D/BluetoothService(  171): updateDeviceServiceChannelCache(7C:6D:62:95:C2:F5)
01-16 17:32:55.687 V/BluetoothEventRedirector(  563): Received android.bluetooth.device.action.FOUND
01-16 17:32:56.627 I/System.out(  709): Values:2
01-16 17:32:57.108 E/BluetoothEventLoop.cpp(  171): event_filter: Received signal org.bluez.Adapter:DeviceFound from /org/bluez/301/hci0
01-16 17:32:57.118 D/BluetoothService(  171): updateDeviceServiceChannelCache(E4:CE:8F:15:7D:27)
01-16 17:32:57.128 V/BluetoothEventRedirector(  563): Received android.bluetooth.device.action.FOUND
01-16 17:32:57.278 E/BluetoothEventLoop.cpp(  171): event_filter: Received signal org.bluez.Adapter:DeviceFound from /org/bluez/301/hci0
01-16 17:32:57.278 D/BluetoothService(  171): updateDeviceServiceChannelCache(00:23:12:41:4B:A0)
01-16 17:32:57.288 V/BluetoothEventRedirector(  563): Received android.bluetooth.device.action.FOUND
01-16 17:32:57.628 I/System.out(  709): Values:4
01-16 17:32:58.639 I/System.out(  709): Values:4
01-16 17:32:59.630 I/System.out(  709): Values:4
01-16 17:33:00.041 I/dalvikvm(  171): Jit: resizing JitTable from 4096 to 8192
01-16 17:33:00.641 I/System.out(  709): Values:4
01-16 17:33:01.012 E/BluetoothEventLoop.cpp(  171): event_filter: Received signal org.bluez.Adapter:DeviceFound from /org/bluez/301/hci0
01-16 17:33:01.022 D/BluetoothService(  171): updateDeviceServiceChannelCache(B8:8D:12:11:06:FF)
01-16 17:33:01.032 V/BluetoothEventRedirector(  563): Received android.bluetooth.device.action.FOUND
01-16 17:33:01.632 I/System.out(  709): Values:5
01-16 17:33:02.633 I/System.out(  709): Values:5
01-16 17:33:03.634 I/System.out(  709): Values:5
01-16 17:33:04.335 E/BluetoothEventLoop.cpp(  171): event_filter: Received signal org.bluez.Adapter:PropertyChanged from /org/bluez/301/hci0
01-16 17:33:04.345 V/BluetoothEventRedirector(  563): Received android.bluetooth.adapter.action.DISCOVERY_FINISHED
01-16 17:33:04.365 E/BluetoothEventLoop.cpp(  171): event_filter: Received signal org.bluez.Adapter:PropertyChanged from /org/bluez/301/hci0
01-16 17:33:04.375 V/BluetoothEventRedirector(  563): Received android.bluetooth.adapter.action.DISCOVERY_STARTED
01-16 17:33:04.405 D/dalvikvm(  563): GC_CONCURRENT freed 433K, 55% free 2692K/5895K, external 0K/0K, paused 2ms+2ms
01-16 17:33:04.635 I/System.out(  709): Values:0
01-16 17:33:04.916 E/BluetoothEventLoop.cpp(  171): event_filter: Received signal org.bluez.Adapter:DeviceFound from /org/bluez/301/hci0
01-16 17:33:04.916 D/BluetoothService(  171): updateDeviceServiceChannelCache(E4:CE:8F:15:7D:27)
01-16 17:33:04.926 V/BluetoothEventRedirector(  563): Received android.bluetooth.device.action.FOUND
01-16 17:33:05.636 I/System.out(  709): Values:1
01-16 17:33:05.676 E/BluetoothEventLoop.cpp(  171): event_filter: Received signal org.bluez.Adapter:DeviceFound from /org/bluez/301/hci0
01-16 17:33:05.676 D/BluetoothService(  171): updateDeviceServiceChannelCache(7C:6D:62:95:C2:F5)
01-16 17:33:05.686 V/BluetoothEventRedirector(  563): Received android.bluetooth.device.action.FOUND
01-16 17:33:06.257 E/BluetoothEventLoop.cpp(  171): event_filter: Received signal org.bluez.Adapter:DeviceFound from /org/bluez/301/hci0
01-16 17:33:06.257 D/BluetoothService(  171): updateDeviceServiceChannelCache(64:B9:E8:D8:6E:24)
01-16 17:33:06.267 V/BluetoothEventRedirector(  563): Received android.bluetooth.device.action.FOUND
01-16 17:33:06.637 I/System.out(  709): Values:3
01-16 17:33:06.667 E/BluetoothEventLoop.cpp(  171): event_filter: Received signal org.bluez.Adapter:DeviceFound from /org/bluez/301/hci0
01-16 17:33:06.677 D/BluetoothService(  171): updateDeviceServiceChannelCache(00:23:12:41:4B:A0)
01-16 17:33:06.687 V/BluetoothEventRedirector(  563): Received android.bluetooth.device.action.FOUND
01-16 17:33:07.558 E/BluetoothEventLoop.cpp(  171): event_filter: Received signal org.bluez.Adapter:DeviceFound from /org/bluez/301/hci0
01-16 17:33:07.558 D/BluetoothService(  171): updateDeviceServiceChannelCache(B8:8D:12:11:06:FF)
01-16 17:33:07.578 V/BluetoothEventRedirector(  563): Received android.bluetooth.device.action.FOUND
01-16 17:33:07.638 I/System.out(  709): Values:5
01-16 17:33:07.798 E/BluetoothEventLoop.cpp(  171): event_filter: Received signal org.bluez.Adapter:DeviceFound from /org/bluez/301/hci0
01-16 17:33:07.828 D/BluetoothService(  171): updateDeviceServiceChannelCache(B8:8D:12:11:06:FF)
01-16 17:33:07.838 V/BluetoothEventRedirector(  563): Received android.bluetooth.device.action.FOUND
01-16 17:33:07.909 D/dalvikvm(  171): GC_CONCURRENT freed 659K, 45% free 4930K/8839K, external 35K/547K, paused 9ms+4ms
01-16 17:33:08.639 I/System.out(  709): Values:6
01-16 17:33:09.640 I/System.out(  709): Values:6
01-16 17:33:10.641 I/System.out(  709): Values:6
01-16 17:33:11.642 I/System.out(  709): Values:6
01-16 17:33:12.643 I/System.out(  709): Values:6
01-16 17:33:13.644 I/System.out(  709): Values:6
01-16 17:33:14.605 E/BluetoothEventLoop.cpp(  171): event_filter: Received signal org.bluez.Adapter:PropertyChanged from /org/bluez/301/hci0
01-16 17:33:14.615 V/BluetoothEventRedirector(  563): Received android.bluetooth.adapter.action.DISCOVERY_FINISHED
01-16 17:33:14.635 I/System.out(  709): Values:0
01-16 17:33:14.645 E/BluetoothEventLoop.cpp(  171): event_filter: Received signal org.bluez.Adapter:PropertyChanged from /org/bluez/301/hci0
01-16 17:33:14.645 V/BluetoothEventRedirector(  563): Received android.bluetooth.adapter.action.DISCOVERY_STARTED
01-16 17:33:15.166 E/BluetoothEventLoop.cpp(  171): event_filter: Received signal org.bluez.Adapter:DeviceFound from /org/bluez/301/hci0
01-16 17:33:15.176 D/BluetoothService(  171): updateDeviceServiceChannelCache(B8:8D:12:11:06:FF)
01-16 17:33:15.176 V/BluetoothEventRedirector(  563): Received android.bluetooth.device.action.FOUND
01-16 17:33:15.216 E/BluetoothEventLoop.cpp(  171): event_filter: Received signal org.bluez.Adapter:DeviceFound from /org/bluez/301/hci0
01-16 17:33:15.226 D/BluetoothService(  171): updateDeviceServiceChannelCache(E4:CE:8F:15:7D:27)
01-16 17:33:15.236 V/BluetoothEventRedirector(  563): Received android.bluetooth.device.action.FOUND
01-16 17:33:15.646 I/System.out(  709): Values:2
01-16 17:33:16.147 E/BluetoothEventLoop.cpp(  171): event_filter: Received signal org.bluez.Adapter:DeviceFound from /org/bluez/301/hci0
01-16 17:33:16.147 D/BluetoothService(  171): updateDeviceServiceChannelCache(7C:6D:62:95:C2:F5)
01-16 17:33:16.157 V/BluetoothEventRedirector(  563): Received android.bluetooth.device.action.FOUND
01-16 17:33:16.647 I/System.out(  709): Values:3
01-16 17:33:16.657 E/BluetoothEventLoop.cpp(  171): event_filter: Received signal org.bluez.Adapter:DeviceFound from /org/bluez/301/hci0
01-16 17:33:16.657 D/BluetoothService(  171): updateDeviceServiceChannelCache(58:B0:35:77:FC:9B)
01-16 17:33:16.667 V/BluetoothEventRedirector(  563): Received android.bluetooth.device.action.FOUND
01-16 17:33:16.677 D/CachedBluetoothDevice(  563): Default to address. Device has no name (yet) 58:B0:35:77:FC:9B
01-16 17:33:17.398 E/BluetoothEventLoop.cpp(  171): event_filter: Received signal org.bluez.Adapter:DeviceFound from /org/bluez/301/hci0
01-16 17:33:17.408 D/BluetoothService(  171): updateDeviceServiceChannelCache(64:B9:E8:D8:6E:24)
01-16 17:33:17.418 V/BluetoothEventRedirector(  563): Received android.bluetooth.device.action.FOUND
01-16 17:33:17.648 I/System.out(  709): Values:5
01-16 17:33:18.649 I/System.out(  709): Values:5
01-16 17:33:19.650 I/System.out(  709): Values:5
01-16 17:33:20.641 I/System.out(  709): Values:5
01-16 17:33:21.642 I/System.out(  709): Values:5
01-16 17:33:22.643 I/System.out(  709): Values:5
01-16 17:33:23.644 I/System.out(  709): Values:5
01-16 17:33:24.645 I/System.out(  709): Values:5
01-16 17:33:25.646 I/System.out(  709): Values:5
01-16 17:33:26.647 I/System.out(  709): Values:5
01-16 17:33:27.648 I/System.out(  709): Values:5
01-16 17:33:28.649 I/System.out(  709): Values:5
01-16 17:33:29.650 I/System.out(  709): Values:5
01-16 17:33:30.010 E/BluetoothEventLoop.cpp(  171): event_filter: Received signal org.bluez.Adapter:PropertyChanged from /org/bluez/301/hci0
01-16 17:33:30.050 E/BluetoothEventLoop.cpp(  171): event_filter: Received signal org.bluez.Adapter:PropertyChanged from /org/bluez/301/hci0
01-16 17:33:30.050 V/BluetoothEventRedirector(  563): Received android.bluetooth.adapter.action.DISCOVERY_FINISHED
01-16 17:33:30.050 V/BluetoothEventRedirector(  563): Received android.bluetooth.adapter.action.DISCOVERY_STARTED
01-16 17:33:30.651 I/System.out(  709): Values:0
01-16 17:33:31.652 I/System.out(  709): Values:0
01-16 17:33:32.272 E/BluetoothEventLoop.cpp(  171): event_filter: Received signal org.bluez.Adapter:DeviceFound from /org/bluez/301/hci0
01-16 17:33:32.272 D/BluetoothService(  171): updateDeviceServiceChannelCache(7C:6D:62:95:C2:F5)
01-16 17:33:32.282 V/BluetoothEventRedirector(  563): Received android.bluetooth.device.action.FOUND
01-16 17:33:32.653 I/System.out(  709): Values:1
01-16 17:33:33.644 I/System.out(  709): Values:1
01-16 17:33:34.645 I/System.out(  709): Values:1
01-16 17:33:35.465 E/BluetoothEventLoop.cpp(  171): event_filter: Received signal org.bluez.Adapter:DeviceFound from /org/bluez/301/hci0
01-16 17:33:35.465 D/BluetoothService(  171): updateDeviceServiceChannelCache(E4:CE:8F:15:7D:27)
01-16 17:33:35.475 V/BluetoothEventRedirector(  563): Received android.bluetooth.device.action.FOUND
01-16 17:33:35.646 I/System.out(  709): Values:2
01-16 17:33:36.246 E/BluetoothEventLoop.cpp(  171): event_filter: Received signal org.bluez.Adapter:DeviceFound from /org/bluez/301/hci0
01-16 17:33:36.246 D/BluetoothService(  171): updateDeviceServiceChannelCache(B8:8D:12:11:06:FF)
01-16 17:33:36.256 V/BluetoothEventRedirector(  563): Received android.bluetooth.device.action.FOUND
01-16 17:33:36.647 I/System.out(  709): Values:3
01-16 17:33:36.807 E/BluetoothEventLoop.cpp(  171): event_filter: Received signal org.bluez.Adapter:DeviceFound from /org/bluez/301/hci0
01-16 17:33:36.817 D/BluetoothService(  171): updateDeviceServiceChannelCache(64:B9:E8:D8:6E:24)
01-16 17:33:36.827 V/BluetoothEventRedirector(  563): Received android.bluetooth.device.action.FOUND
01-16 17:33:37.648 I/System.out(  709): Values:4
01-16 17:33:38.648 I/System.out(  709): Values:4
01-16 17:33:39.649 I/System.out(  709): Values:4
01-16 17:33:39.690 E/BluetoothEventLoop.cpp(  171): event_filter: Received signal org.bluez.Adapter:DeviceFound from /org/bluez/301/hci0
01-16 17:33:39.690 D/BluetoothService(  171): updateDeviceServiceChannelCache(00:23:12:41:4B:A0)
01-16 17:33:39.700 V/BluetoothEventRedirector(  563): Received android.bluetooth.device.action.FOUND
01-16 17:33:40.290 E/BluetoothEventLoop.cpp(  171): event_filter: Received signal org.bluez.Adapter:PropertyChanged from /org/bluez/301/hci0
01-16 17:33:40.310 V/BluetoothEventRedirector(  563): Received android.bluetooth.adapter.action.DISCOVERY_FINISHED
01-16 17:33:40.320 E/BluetoothEventLoop.cpp(  171): event_filter: Received signal org.bluez.Adapter:PropertyChanged from /org/bluez/301/hci0
01-16 17:33:40.330 V/BluetoothEventRedirector(  563): Received android.bluetooth.adapter.action.DISCOVERY_STARTED
01-16 17:33:40.650 I/System.out(  709): Values:0
01-16 17:33:41.651 I/System.out(  709): Values:0
01-16 17:33:42.652 I/System.out(  709): Values:0
01-16 17:33:42.732 E/BluetoothEventLoop.cpp(  171): event_filter: Received signal org.bluez.Adapter:DeviceFound from /org/bluez/301/hci0
01-16 17:33:42.732 D/BluetoothService(  171): updateDeviceServiceChannelCache(B8:8D:12:11:06:FF)
01-16 17:33:42.732 V/BluetoothEventRedirector(  563): Received android.bluetooth.device.action.FOUND
01-16 17:33:42.752 D/dalvikvm(  709): GC_CONCURRENT freed 389K, 55% free 2540K/5575K, external 8K/519K, paused 7ms+2ms
01-16 17:33:42.823 E/BluetoothEventLoop.cpp(  171): event_filter: Received signal org.bluez.Adapter:DeviceFound from /org/bluez/301/hci0
01-16 17:33:42.823 D/BluetoothService(  171): updateDeviceServiceChannelCache(64:B9:E8:D8:6E:24)
01-16 17:33:42.833 V/BluetoothEventRedirector(  563): Received android.bluetooth.device.action.FOUND
01-16 17:33:43.653 I/System.out(  709): Values:2
01-16 17:33:44.654 I/System.out(  709): Values:2
01-16 17:33:45.645 I/System.out(  709): Values:2
01-16 17:33:46.186 E/BluetoothEventLoop.cpp(  171): event_filter: Received signal org.bluez.Adapter:DeviceFound from /org/bluez/301/hci0
01-16 17:33:46.186 D/BluetoothService(  171): updateDeviceServiceChannelCache(E4:CE:8F:15:7D:27)
01-16 17:33:46.196 V/BluetoothEventRedirector(  563): Received android.bluetooth.device.action.FOUND
01-16 17:33:46.646 I/System.out(  709): Values:3
01-16 17:33:47.357 E/BluetoothEventLoop.cpp(  171): event_filter: Received signal org.bluez.Adapter:DeviceFound from /org/bluez/301/hci0
01-16 17:33:47.367 D/BluetoothService(  171): updateDeviceServiceChannelCache(7C:6D:62:95:C2:F5)
01-16 17:33:47.377 V/BluetoothEventRedirector(  563): Received android.bluetooth.device.action.FOUND
01-16 17:33:47.647 I/System.out(  709): Values:4
01-16 17:33:48.648 I/System.out(  709): Values:4
01-16 17:33:49.649 I/System.out(  709): Values:4
01-16 17:33:49.919 E/BluetoothEventLoop.cpp(  171): event_filter: Received signal org.bluez.Adapter:DeviceFound from /org/bluez/301/hci0
01-16 17:33:49.919 D/BluetoothService(  171): updateDeviceServiceChannelCache(00:23:12:41:4B:A0)
01-16 17:33:49.929 V/BluetoothEventRedirector(  563): Received android.bluetooth.device.action.FOUND
01-16 17:33:50.560 E/BluetoothEventLoop.cpp(  171): event_filter: Received signal org.bluez.Adapter:PropertyChanged from /org/bluez/301/hci0
01-16 17:33:50.590 E/BluetoothEventLoop.cpp(  171): event_filter: Received signal org.bluez.Adapter:PropertyChanged from /org/bluez/301/hci0
01-16 17:33:50.600 V/BluetoothEventRedirector(  563): Received android.bluetooth.adapter.action.DISCOVERY_FINISHED
01-16 17:33:50.600 V/BluetoothEventRedirector(  563): Received android.bluetooth.adapter.action.DISCOVERY_STARTED
01-16 17:33:50.650 I/System.out(  709): Values:0
01-16 17:33:51.651 I/System.out(  709): Values:0
01-16 17:33:52.652 I/System.out(  709): Values:0
01-16 17:33:52.822 E/BluetoothEventLoop.cpp(  171): event_filter: Received signal org.bluez.Adapter:DeviceFound from /org/bluez/301/hci0
01-16 17:33:52.822 D/BluetoothService(  171): updateDeviceServiceChannelCache(E4:CE:8F:15:7D:27)
01-16 17:33:52.842 V/BluetoothEventRedirector(  563): Received android.bluetooth.device.action.FOUND
01-16 17:33:53.073 E/BluetoothEventLoop.cpp(  171): event_filter: Received signal org.bluez.Adapter:DeviceFound from /org/bluez/301/hci0
01-16 17:33:53.073 D/BluetoothService(  171): updateDeviceServiceChannelCache(7C:6D:62:95:C2:F5)
01-16 17:33:53.093 V/BluetoothEventRedirector(  563): Received android.bluetooth.device.action.FOUND
01-16 17:33:53.653 I/System.out(  709): Values:2
01-16 17:33:54.654 I/System.out(  709): Values:2
01-16 17:33:55.655 I/System.out(  709): Values:2
01-16 17:33:56.656 I/System.out(  709): Values:2
01-16 17:33:56.986 E/BluetoothEventLoop.cpp(  171): event_filter: Received signal org.bluez.Adapter:DeviceFound from /org/bluez/301/hci0
01-16 17:33:56.986 D/BluetoothService(  171): updateDeviceServiceChannelCache(00:23:12:41:4B:A0)
01-16 17:33:56.996 V/BluetoothEventRedirector(  563): Received android.bluetooth.device.action.FOUND
01-16 17:33:57.317 E/BluetoothEventLoop.cpp(  171): event_filter: Received signal org.bluez.Adapter:DeviceFound from /org/bluez/301/hci0
01-16 17:33:57.317 D/BluetoothService(  171): updateDeviceServiceChannelCache(64:B9:E8:D8:6E:24)
01-16 17:33:57.337 V/BluetoothEventRedirector(  563): Received android.bluetooth.device.action.FOUND
01-16 17:33:57.647 I/System.out(  709): Values:4
01-16 17:33:58.648 I/System.out(  709): Values:4
01-16 17:33:59.649 I/System.out(  709): Values:4
01-16 17:34:00.650 I/System.out(  709): Values:4
01-16 17:34:00.830 E/BluetoothEventLoop.cpp(  171): event_filter: Received signal org.bluez.Adapter:PropertyChanged from /org/bluez/301/hci0
01-16 17:34:00.850 V/BluetoothEventRedirector(  563): Received android.bluetooth.adapter.action.DISCOVERY_FINISHED
01-16 17:34:00.870 E/BluetoothEventLoop.cpp(  171): event_filter: Received signal org.bluez.Adapter:PropertyChanged from /org/bluez/301/hci0
01-16 17:34:00.880 V/BluetoothEventRedirector(  563): Received android.bluetooth.adapter.action.DISCOVERY_STARTED
01-16 17:34:01.651 I/System.out(  709): Values:0
01-16 17:34:02.652 I/System.out(  709): Values:0
01-16 17:34:03.162 E/BluetoothEventLoop.cpp(  171): event_filter: Received signal org.bluez.Adapter:DeviceFound from /org/bluez/301/hci0
01-16 17:34:03.162 D/BluetoothService(  171): updateDeviceServiceChannelCache(64:B9:E8:D8:6E:24)
01-16 17:34:03.172 V/BluetoothEventRedirector(  563): Received android.bluetooth.device.action.FOUND
01-16 17:34:03.393 E/BluetoothEventLoop.cpp(  171): event_filter: Received signal org.bluez.Adapter:DeviceFound from /org/bluez/301/hci0
01-16 17:34:03.393 D/BluetoothService(  171): updateDeviceServiceChannelCache(B8:8D:12:11:06:FF)
01-16 17:34:03.403 V/BluetoothEventRedirector(  563): Received android.bluetooth.device.action.FOUND
01-16 17:34:03.653 I/System.out(  709): Values:2
01-16 17:34:04.654 I/System.out(  709): Values:2
01-16 17:34:05.645 I/System.out(  709): Values:2
01-16 17:34:06.646 I/System.out(  709): Values:2
01-16 17:34:06.796 E/BluetoothEventLoop.cpp(  171): event_filter: Received signal org.bluez.Adapter:DeviceFound from /org/bluez/301/hci0
01-16 17:34:06.796 D/BluetoothService(  171): updateDeviceServiceChannelCache(E4:CE:8F:15:7D:27)
01-16 17:34:06.806 V/BluetoothEventRedirector(  563): Received android.bluetooth.device.action.FOUND
01-16 17:34:07.657 I/System.out(  709): Values:3
01-16 17:34:08.658 I/System.out(  709): Values:3
01-16 17:34:08.688 E/BluetoothEventLoop.cpp(  171): event_filter: Received signal org.bluez.Adapter:DeviceFound from /org/bluez/301/hci0
01-16 17:34:08.698 D/BluetoothService(  171): updateDeviceServiceChannelCache(7C:6D:62:95:C2:F5)
01-16 17:34:08.698 V/BluetoothEventRedirector(  563): Received android.bluetooth.device.action.FOUND
01-16 17:34:09.659 I/System.out(  709): Values:4
01-16 17:34:10.660 I/System.out(  709): Values:4
01-16 17:34:11.110 E/BluetoothEventLoop.cpp(  171): event_filter: Received signal org.bluez.Adapter:PropertyChanged from /org/bluez/301/hci0
01-16 17:34:11.140 E/BluetoothEventLoop.cpp(  171): event_filter: Received signal org.bluez.Adapter:PropertyChanged from /org/bluez/301/hci0
01-16 17:34:11.150 V/BluetoothEventRedirector(  563): Received android.bluetooth.adapter.action.DISCOVERY_FINISHED
01-16 17:34:11.150 V/BluetoothEventRedirector(  563): Received android.bluetooth.adapter.action.DISCOVERY_STARTED
01-16 17:34:11.661 I/System.out(  709): Values:0
01-16 17:34:12.662 I/System.out(  709): Values:0
01-16 17:34:13.653 I/System.out(  709): Values:0
01-16 17:34:14.654 I/System.out(  709): Values:0
01-16 17:34:15.655 I/System.out(  709): Values:0
01-16 17:34:16.656 I/System.out(  709): Values:0
01-16 17:34:17.146 E/BluetoothEventLoop.cpp(  171): event_filter: Received signal org.bluez.Adapter:DeviceFound from /org/bluez/301/hci0
01-16 17:34:17.146 D/BluetoothService(  171): updateDeviceServiceChannelCache(E4:CE:8F:15:7D:27)
01-16 17:34:17.156 V/BluetoothEventRedirector(  563): Received android.bluetooth.device.action.FOUND
01-16 17:34:17.396 E/BluetoothEventLoop.cpp(  171): event_filter: Received signal org.bluez.Adapter:DeviceFound from /org/bluez/301/hci0
01-16 17:34:17.396 D/BluetoothService(  171): updateDeviceServiceChannelCache(00:23:12:41:4B:A0)
01-16 17:34:17.406 V/BluetoothEventRedirector(  563): Received android.bluetooth.device.action.FOUND
01-16 17:34:17.657 I/System.out(  709): Values:2
01-16 17:34:18.287 E/BluetoothEventLoop.cpp(  171): event_filter: Received signal org.bluez.Adapter:DeviceFound from /org/bluez/301/hci0
01-16 17:34:18.287 D/BluetoothService(  171): updateDeviceServiceChannelCache(7C:6D:62:95:C2:F5)
01-16 17:34:18.297 V/BluetoothEventRedirector(  563): Received android.bluetooth.device.action.FOUND
01-16 17:34:18.658 I/System.out(  709): Values:3
01-16 17:34:19.659 I/System.out(  709): Values:3
01-16 17:34:19.899 E/BluetoothEventLoop.cpp(  171): event_filter: Received signal org.bluez.Adapter:DeviceFound from /org/bluez/301/hci0
01-16 17:34:19.899 D/BluetoothService(  171): updateDeviceServiceChannelCache(B8:8D:12:11:06:FF)
01-16 17:34:19.909 V/BluetoothEventRedirector(  563): Received android.bluetooth.device.action.FOUND
01-16 17:34:20.659 I/System.out(  709): Values:4
01-16 17:34:21.380 E/BluetoothEventLoop.cpp(  171): event_filter: Received signal org.bluez.Adapter:PropertyChanged from /org/bluez/301/hci0
01-16 17:34:21.400 V/BluetoothEventRedirector(  563): Received android.bluetooth.adapter.action.DISCOVERY_FINISHED
01-16 17:34:21.420 E/BluetoothEventLoop.cpp(  171): event_filter: Received signal org.bluez.Adapter:PropertyChanged from /org/bluez/301/hci0
01-16 17:34:21.440 V/BluetoothEventRedirector(  563): Received android.bluetooth.adapter.action.DISCOVERY_STARTED
01-16 17:34:21.520 D/dalvikvm(  563): GC_CONCURRENT freed 459K, 55% free 2668K/5895K, external 0K/0K, paused 7ms+2ms
01-16 17:34:21.640 E/BluetoothEventLoop.cpp(  171): event_filter: Received signal org.bluez.Adapter:DeviceFound from /org/bluez/301/hci0
01-16 17:34:21.650 D/BluetoothService(  171): updateDeviceServiceChannelCache(E4:CE:8F:15:7D:27)
01-16 17:34:21.660 I/System.out(  709): Values:1
01-16 17:34:21.670 V/BluetoothEventRedirector(  563): Received android.bluetooth.device.action.FOUND
01-16 17:34:22.661 I/System.out(  709): Values:1
01-16 17:34:23.662 I/System.out(  709): Values:1
01-16 17:34:24.493 E/BluetoothEventLoop.cpp(  171): event_filter: Received signal org.bluez.Adapter:DeviceFound from /org/bluez/301/hci0
01-16 17:34:24.493 D/BluetoothService(  171): updateDeviceServiceChannelCache(7C:6D:62:95:C2:F5)
01-16 17:34:24.503 V/BluetoothEventRedirector(  563): Received android.bluetooth.device.action.FOUND
01-16 17:34:24.663 I/System.out(  709): Values:2
01-16 17:34:25.664 I/System.out(  709): Values:2
01-16 17:34:25.925 E/BluetoothEventLoop.cpp(  171): event_filter: Received signal org.bluez.Adapter:DeviceFound from /org/bluez/301/hci0
01-16 17:34:25.925 D/BluetoothService(  171): updateDeviceServiceChannelCache(B8:8D:12:11:06:FF)
01-16 17:34:25.955 V/BluetoothEventRedirector(  563): Received android.bluetooth.device.action.FOUND
01-16 17:34:26.655 I/System.out(  709): Values:3
01-16 17:34:27.666 I/System.out(  709): Values:3
01-16 17:34:28.087 E/BluetoothEventLoop.cpp(  171): event_filter: Received signal org.bluez.Adapter:DeviceFound from /org/bluez/301/hci0
01-16 17:34:28.087 D/BluetoothService(  171): updateDeviceServiceChannelCache(64:B9:E8:D8:6E:24)
01-16 17:34:28.097 V/BluetoothEventRedirector(  563): Received android.bluetooth.device.action.FOUND
01-16 17:34:28.667 I/System.out(  709): Values:4
01-16 17:34:29.128 E/BluetoothEventLoop.cpp(  171): event_filter: Received signal org.bluez.Adapter:DeviceFound from /org/bluez/301/hci0
01-16 17:34:29.128 D/BluetoothService(  171): updateDeviceServiceChannelCache(00:23:12:41:4B:A0)
01-16 17:34:29.148 V/BluetoothEventRedirector(  563): Received android.bluetooth.device.action.FOUND
01-16 17:34:29.658 I/System.out(  709): Values:5
01-16 17:34:30.659 I/System.out(  709): Values:5
01-16 17:34:31.660 E/BluetoothEventLoop.cpp(  171): event_filter: Received signal org.bluez.Adapter:PropertyChanged from /org/bluez/301/hci0
01-16 17:34:31.660 I/System.out(  709): Values:5
01-16 17:34:31.700 E/BluetoothEventLoop.cpp(  171): event_filter: Received signal org.bluez.Adapter:PropertyChanged from /org/bluez/301/hci0
01-16 17:34:31.700 V/BluetoothEventRedirector(  563): Received android.bluetooth.adapter.action.DISCOVERY_FINISHED
01-16 17:34:31.700 V/BluetoothEventRedirector(  563): Received android.bluetooth.adapter.action.DISCOVERY_STARTED
01-16 17:34:31.760 E/BluetoothEventLoop.cpp(  171): event_filter: Received signal org.bluez.Adapter:DeviceFound from /org/bluez/301/hci0
01-16 17:34:31.760 D/BluetoothService(  171): updateDeviceServiceChannelCache(7C:6D:62:95:C2:F5)
01-16 17:34:31.770 V/BluetoothEventRedirector(  563): Received android.bluetooth.device.action.FOUND
01-16 17:34:32.661 I/System.out(  709): Values:1
01-16 17:34:33.252 E/BluetoothEventLoop.cpp(  171): event_filter: Received signal org.bluez.Adapter:DeviceFound from /org/bluez/301/hci0
01-16 17:34:33.252 D/BluetoothService(  171): updateDeviceServiceChannelCache(64:B9:E8:D8:6E:24)
01-16 17:34:33.272 V/BluetoothEventRedirector(  563): Received android.bluetooth.device.action.FOUND
01-16 17:34:33.562 E/BluetoothEventLoop.cpp(  171): event_filter: Received signal org.bluez.Adapter:DeviceFound from /org/bluez/301/hci0
01-16 17:34:33.562 D/BluetoothService(  171): updateDeviceServiceChannelCache(E4:CE:8F:15:7D:27)
01-16 17:34:33.572 V/BluetoothEventRedirector(  563): Received android.bluetooth.device.action.FOUND
01-16 17:34:33.662 I/System.out(  709): Values:3
01-16 17:34:34.663 I/System.out(  709): Values:3
01-16 17:34:35.664 I/System.out(  709): Values:3
01-16 17:34:36.665 I/System.out(  709): Values:3
01-16 17:34:37.666 I/System.out(  709): Values:3
01-16 17:34:38.667 I/System.out(  709): Values:3
01-16 17:34:39.658 I/System.out(  709): Values:3
01-16 17:34:40.659 I/System.out(  709): Values:3
01-16 17:34:41.670 I/System.out(  709): Values:3
01-16 17:34:41.940 E/BluetoothEventLoop.cpp(  171): event_filter: Received signal org.bluez.Adapter:PropertyChanged from /org/bluez/301/hci0
01-16 17:34:41.980 E/BluetoothEventLoop.cpp(  171): event_filter: Received signal org.bluez.Adapter:PropertyChanged from /org/bluez/301/hci0
01-16 17:34:41.980 V/BluetoothEventRedirector(  563): Received android.bluetooth.adapter.action.DISCOVERY_FINISHED
01-16 17:34:41.990 V/BluetoothEventRedirector(  563): Received android.bluetooth.adapter.action.DISCOVERY_STARTED
01-16 17:34:42.671 I/System.out(  709): Values:0
01-16 17:34:43.262 E/BluetoothEventLoop.cpp(  171): event_filter: Received signal org.bluez.Adapter:DeviceFound from /org/bluez/301/hci0
01-16 17:34:43.262 D/BluetoothService(  171): updateDeviceServiceChannelCache(7C:6D:62:95:C2:F5)
01-16 17:34:43.272 V/BluetoothEventRedirector(  563): Received android.bluetooth.device.action.FOUND
01-16 17:34:43.672 I/System.out(  709): Values:1
01-16 17:34:43.922 E/BluetoothEventLoop.cpp(  171): event_filter: Received signal org.bluez.Adapter:DeviceFound from /org/bluez/301/hci0
01-16 17:34:43.922 D/BluetoothService(  171): updateDeviceServiceChannelCache(7C:6D:62:95:C2:F5)
01-16 17:34:43.932 V/BluetoothEventRedirector(  563): Received android.bluetooth.device.action.FOUND
01-16 17:34:44.663 I/System.out(  709): Values:2
01-16 17:34:45.173 E/BluetoothEventLoop.cpp(  171): event_filter: Received signal org.bluez.Adapter:DeviceFound from /org/bluez/301/hci0
01-16 17:34:45.173 D/BluetoothService(  171): updateDeviceServiceChannelCache(E4:CE:8F:15:7D:27)
01-16 17:34:45.183 V/BluetoothEventRedirector(  563): Received android.bluetooth.device.action.FOUND
01-16 17:34:45.664 I/System.out(  709): Values:3
01-16 17:34:46.665 I/System.out(  709): Values:3
01-16 17:34:47.666 I/System.out(  709): Values:3
01-16 17:34:48.657 I/System.out(  709): Values:3
01-16 17:34:49.658 I/System.out(  709): Values:3
01-16 17:34:50.669 I/System.out(  709): Values:3
01-16 17:34:51.620 E/BluetoothEventLoop.cpp(  171): event_filter: Received signal org.bluez.Adapter:DeviceFound from /org/bluez/301/hci0
01-16 17:34:51.620 D/BluetoothService(  171): updateDeviceServiceChannelCache(B8:8D:12:11:06:FF)
01-16 17:34:51.630 V/BluetoothEventRedirector(  563): Received android.bluetooth.device.action.FOUND
01-16 17:34:51.660 I/System.out(  709): Values:4
01-16 17:34:52.210 E/BluetoothEventLoop.cpp(  171): event_filter: Received signal org.bluez.Adapter:PropertyChanged from /org/bluez/301/hci0
01-16 17:34:52.230 V/BluetoothEventRedirector(  563): Received android.bluetooth.adapter.action.DISCOVERY_FINISHED
01-16 17:34:52.250 E/BluetoothEventLoop.cpp(  171): event_filter: Received signal org.bluez.Adapter:PropertyChanged from /org/bluez/301/hci0
01-16 17:34:52.250 V/BluetoothEventRedirector(  563): Received android.bluetooth.adapter.action.DISCOVERY_STARTED
01-16 17:34:52.591 E/BluetoothEventLoop.cpp(  171): event_filter: Received signal org.bluez.Adapter:DeviceFound from /org/bluez/301/hci0
01-16 17:34:52.591 D/BluetoothService(  171): updateDeviceServiceChannelCache(E4:CE:8F:15:7D:27)
01-16 17:34:52.601 V/BluetoothEventRedirector(  563): Received android.bluetooth.device.action.FOUND
01-16 17:34:52.671 I/System.out(  709): Values:1
01-16 17:34:53.181 E/BluetoothEventLoop.cpp(  171): event_filter: Received signal org.bluez.Adapter:DeviceFound from /org/bluez/301/hci0
01-16 17:34:53.181 D/BluetoothService(  171): updateDeviceServiceChannelCache(B8:8D:12:11:06:FF)
01-16 17:34:53.201 V/BluetoothEventRedirector(  563): Received android.bluetooth.device.action.FOUND
01-16 17:34:53.532 E/BluetoothEventLoop.cpp(  171): event_filter: Received signal org.bluez.Adapter:DeviceFound from /org/bluez/301/hci0
01-16 17:34:53.532 D/BluetoothService(  171): updateDeviceServiceChannelCache(B8:8D:12:11:06:FF)
01-16 17:34:53.552 V/BluetoothEventRedirector(  563): Received android.bluetooth.device.action.FOUND
01-16 17:34:53.672 I/System.out(  709): Values:3
01-16 17:34:54.673 I/System.out(  709): Values:3
01-16 17:34:55.674 I/System.out(  709): Values:3
01-16 17:34:55.854 E/BluetoothEventLoop.cpp(  171): event_filter: Received signal org.bluez.Adapter:DeviceFound from /org/bluez/301/hci0
01-16 17:34:55.864 D/BluetoothService(  171): updateDeviceServiceChannelCache(00:23:12:41:4B:A0)
01-16 17:34:55.864 V/BluetoothEventRedirector(  563): Received android.bluetooth.device.action.FOUND
01-16 17:34:56.665 I/System.out(  709): Values:4
01-16 17:34:57.165 E/BluetoothEventLoop.cpp(  171): event_filter: Received signal org.bluez.Adapter:DeviceFound from /org/bluez/301/hci0
01-16 17:34:57.175 D/BluetoothService(  171): updateDeviceServiceChannelCache(7C:6D:62:95:C2:F5)
01-16 17:34:57.185 V/BluetoothEventRedirector(  563): Received android.bluetooth.device.action.FOUND
01-16 17:34:57.666 I/System.out(  709): Values:5
01-16 17:34:58.667 I/System.out(  709): Values:5
01-16 17:34:59.668 I/System.out(  709): Values:5
01-16 17:35:00.669 I/System.out(  709): Values:5
01-16 17:35:01.669 I/System.out(  709): Values:5
01-16 17:35:02.490 E/BluetoothEventLoop.cpp(  171): event_filter: Received signal org.bluez.Adapter:PropertyChanged from /org/bluez/301/hci0
01-16 17:35:02.500 V/BluetoothEventRedirector(  563): Received android.bluetooth.adapter.action.DISCOVERY_FINISHED
01-16 17:35:02.520 E/BluetoothEventLoop.cpp(  171): event_filter: Received signal org.bluez.Adapter:PropertyChanged from /org/bluez/301/hci0
01-16 17:35:02.530 V/BluetoothEventRedirector(  563): Received android.bluetooth.adapter.action.DISCOVERY_STARTED
01-16 17:35:02.670 I/System.out(  709): Values:0
01-16 17:35:03.671 I/System.out(  709): Values:0
01-16 17:35:03.812 E/BluetoothEventLoop.cpp(  171): event_filter: Received signal org.bluez.Adapter:DeviceFound from /org/bluez/301/hci0
01-16 17:35:03.812 D/BluetoothService(  171): updateDeviceServiceChannelCache(E4:CE:8F:15:7D:27)
01-16 17:35:03.822 V/BluetoothEventRedirector(  563): Received android.bluetooth.device.action.FOUND
01-16 17:35:04.672 I/System.out(  709): Values:1
01-16 17:35:04.672 I/System.out(  709): Battery level start is reached
01-16 17:35:05.673 I/System.out(  709): Values:1
01-16 17:35:06.254 E/BluetoothEventLoop.cpp(  171): event_filter: Received signal org.bluez.Adapter:DeviceFound from /org/bluez/301/hci0
01-16 17:35:06.254 D/BluetoothService(  171): updateDeviceServiceChannelCache(B8:8D:12:11:06:FF)
01-16 17:35:06.274 V/BluetoothEventRedirector(  563): Received android.bluetooth.device.action.FOUND
01-16 17:35:06.674 I/System.out(  709): Values:2
01-16 17:35:07.675 I/System.out(  709): Values:2
01-16 17:35:08.676 I/System.out(  709): Values:2
01-16 17:35:09.107 E/BluetoothEventLoop.cpp(  171): event_filter: Received signal org.bluez.Adapter:DeviceFound from /org/bluez/301/hci0
01-16 17:35:09.107 D/BluetoothService(  171): updateDeviceServiceChannelCache(00:23:12:41:4B:A0)
01-16 17:35:09.117 V/BluetoothEventRedirector(  563): Received android.bluetooth.device.action.FOUND
01-16 17:35:09.677 I/System.out(  709): Values:3
01-16 17:35:10.668 I/System.out(  709): Values:3
01-16 17:35:10.748 E/BluetoothEventLoop.cpp(  171): event_filter: Received signal org.bluez.Adapter:DeviceFound from /org/bluez/301/hci0
01-16 17:35:10.748 D/BluetoothService(  171): updateDeviceServiceChannelCache(64:B9:E8:D8:6E:24)
01-16 17:35:10.758 V/BluetoothEventRedirector(  563): Received android.bluetooth.device.action.FOUND
01-16 17:35:11.679 I/System.out(  709): Values:4
01-16 17:35:12.680 I/System.out(  709): Values:4
01-16 17:35:12.760 E/BluetoothEventLoop.cpp(  171): event_filter: Received signal org.bluez.Adapter:PropertyChanged from /org/bluez/301/hci0
01-16 17:35:12.800 E/BluetoothEventLoop.cpp(  171): event_filter: Received signal org.bluez.Adapter:PropertyChanged from /org/bluez/301/hci0
01-16 17:35:12.800 V/BluetoothEventRedirector(  563): Received android.bluetooth.adapter.action.DISCOVERY_FINISHED
01-16 17:35:12.810 V/BluetoothEventRedirector(  563): Received android.bluetooth.adapter.action.DISCOVERY_STARTED
01-16 17:35:13.681 I/System.out(  709): Values:0
01-16 17:35:13.981 E/BluetoothEventLoop.cpp(  171): event_filter: Received signal org.bluez.Adapter:DeviceFound from /org/bluez/301/hci0
01-16 17:35:13.981 D/BluetoothService(  171): updateDeviceServiceChannelCache(E4:CE:8F:15:7D:27)
01-16 17:35:13.992 V/BluetoothEventRedirector(  563): Received android.bluetooth.device.action.FOUND
01-16 17:35:14.012 E/BluetoothEventLoop.cpp(  171): event_filter: Received signal org.bluez.Adapter:DeviceFound from /org/bluez/301/hci0
01-16 17:35:14.012 D/BluetoothService(  171): updateDeviceServiceChannelCache(B8:8D:12:11:06:FF)
01-16 17:35:14.032 V/BluetoothEventRedirector(  563): Received android.bluetooth.device.action.FOUND
01-16 17:35:14.052 E/BluetoothEventLoop.cpp(  171): event_filter: Received signal org.bluez.Adapter:DeviceFound from /org/bluez/301/hci0
01-16 17:35:14.052 D/BluetoothService(  171): updateDeviceServiceChannelCache(B8:8D:12:11:06:FF)
01-16 17:35:14.052 V/BluetoothEventRedirector(  563): Received android.bluetooth.device.action.FOUND
01-16 17:35:14.672 I/System.out(  709): Values:3
01-16 17:35:15.073 E/BluetoothEventLoop.cpp(  171): event_filter: Received signal org.bluez.Adapter:DeviceFound from /org/bluez/301/hci0
01-16 17:35:15.073 D/BluetoothService(  171): updateDeviceServiceChannelCache(7C:6D:62:95:C2:F5)
01-16 17:35:15.083 V/BluetoothEventRedirector(  563): Received android.bluetooth.device.action.FOUND
01-16 17:35:15.673 I/System.out(  709): Values:4
01-16 17:35:16.674 I/System.out(  709): Values:4
01-16 17:35:17.014 E/BluetoothEventLoop.cpp(  171): event_filter: Received signal org.bluez.Adapter:DeviceFound from /org/bluez/301/hci0
01-16 17:35:17.014 D/BluetoothService(  171): updateDeviceServiceChannelCache(00:23:12:41:4B:A0)
01-16 17:35:17.024 V/BluetoothEventRedirector(  563): Received android.bluetooth.device.action.FOUND
01-16 17:35:17.675 I/System.out(  709): Values:5
01-16 17:35:18.676 I/System.out(  709): Values:5
01-16 17:35:19.677 I/System.out(  709): Values:5
01-16 17:35:20.678 I/System.out(  709): Values:5
01-16 17:35:21.679 I/System.out(  709): Values:5
01-16 17:35:22.680 I/System.out(  709): Values:5
01-16 17:35:23.040 E/BluetoothEventLoop.cpp(  171): event_filter: Received signal org.bluez.Adapter:PropertyChanged from /org/bluez/301/hci0
01-16 17:35:23.060 V/BluetoothEventRedirector(  563): Received android.bluetooth.adapter.action.DISCOVERY_FINISHED
01-16 17:35:23.070 E/BluetoothEventLoop.cpp(  171): event_filter: Received signal org.bluez.Adapter:PropertyChanged from /org/bluez/301/hci0
01-16 17:35:23.080 V/BluetoothEventRedirector(  563): Received android.bluetooth.adapter.action.DISCOVERY_STARTED
01-16 17:35:23.361 E/BluetoothEventLoop.cpp(  171): event_filter: Received signal org.bluez.Adapter:DeviceFound from /org/bluez/301/hci0
01-16 17:35:23.361 D/BluetoothService(  171): updateDeviceServiceChannelCache(00:23:12:41:4B:A0)
01-16 17:35:23.371 V/BluetoothEventRedirector(  563): Received android.bluetooth.device.action.FOUND
01-16 17:35:23.681 I/System.out(  709): Values:1
01-16 17:35:24.682 I/System.out(  709): Values:1
01-16 17:35:25.683 I/System.out(  709): Values:1
01-16 17:35:26.684 I/System.out(  709): Values:1
01-16 17:35:27.685 I/System.out(  709): Values:1
01-16 17:35:27.795 E/BluetoothEventLoop.cpp(  171): event_filter: Received signal org.bluez.Adapter:DeviceFound from /org/bluez/301/hci0
01-16 17:35:27.805 D/BluetoothService(  171): updateDeviceServiceChannelCache(64:B9:E8:D8:6E:24)
01-16 17:35:27.815 V/BluetoothEventRedirector(  563): Received android.bluetooth.device.action.FOUND
01-16 17:35:28.676 I/System.out(  709): Values:2
01-16 17:35:29.687 I/System.out(  709): Values:2
01-16 17:35:30.688 I/System.out(  709): Values:2
01-16 17:35:31.679 I/System.out(  709): Values:2
01-16 17:35:32.680 I/System.out(  709): Values:2
01-16 17:35:33.310 E/BluetoothEventLoop.cpp(  171): event_filter: Received signal org.bluez.Adapter:PropertyChanged from /org/bluez/301/hci0
01-16 17:35:33.330 V/BluetoothEventRedirector(  563): Received android.bluetooth.adapter.action.DISCOVERY_FINISHED
01-16 17:35:33.350 E/BluetoothEventLoop.cpp(  171): event_filter: Received signal org.bluez.Adapter:PropertyChanged from /org/bluez/301/hci0
01-16 17:35:33.360 V/BluetoothEventRedirector(  563): Received android.bluetooth.adapter.action.DISCOVERY_STARTED
01-16 17:35:33.410 D/dalvikvm(  563): GC_CONCURRENT freed 403K, 55% free 2690K/5895K, external 0K/0K, paused 2ms+4ms
01-16 17:35:33.681 I/System.out(  709): Values:0
01-16 17:35:34.682 I/System.out(  709): Values:0
01-16 17:35:35.643 E/BluetoothEventLoop.cpp(  171): event_filter: Received signal org.bluez.Adapter:DeviceFound from /org/bluez/301/hci0
01-16 17:35:35.643 D/BluetoothService(  171): updateDeviceServiceChannelCache(7C:6D:62:95:C2:F5)
01-16 17:35:35.653 V/BluetoothEventRedirector(  563): Received android.bluetooth.device.action.FOUND
01-16 17:35:35.683 I/System.out(  709): Values:1
01-16 17:35:36.403 E/BluetoothEventLoop.cpp(  171): event_filter: Received signal org.bluez.Adapter:DeviceFound from /org/bluez/301/hci0
01-16 17:35:36.403 D/BluetoothService(  171): updateDeviceServiceChannelCache(E4:CE:8F:15:7D:27)
01-16 17:35:36.423 V/BluetoothEventRedirector(  563): Received android.bluetooth.device.action.FOUND
01-16 17:35:36.684 I/System.out(  709): Values:2
01-16 17:35:37.685 I/System.out(  709): Values:2
01-16 17:35:38.686 I/System.out(  709): Values:2
01-16 17:35:39.356 E/BluetoothEventLoop.cpp(  171): event_filter: Received signal org.bluez.Adapter:DeviceFound from /org/bluez/301/hci0
01-16 17:35:39.356 D/BluetoothService(  171): updateDeviceServiceChannelCache(64:B9:E8:D8:6E:24)
01-16 17:35:39.366 V/BluetoothEventRedirector(  563): Received android.bluetooth.device.action.FOUND
01-16 17:35:39.687 I/System.out(  709): Values:3
01-16 17:35:40.678 I/System.out(  709): Values:3
01-16 17:35:41.679 I/System.out(  709): Values:3
01-16 17:35:42.679 I/System.out(  709): Values:3
01-16 17:35:43.020 E/BluetoothEventLoop.cpp(  171): event_filter: Received signal org.bluez.Adapter:DeviceFound from /org/bluez/301/hci0
01-16 17:35:43.020 D/BluetoothService(  171): updateDeviceServiceChannelCache(64:B9:E8:D8:6E:24)
01-16 17:35:43.040 V/BluetoothEventRedirector(  563): Received android.bluetooth.device.action.FOUND
01-16 17:35:43.590 E/BluetoothEventLoop.cpp(  171): event_filter: Received signal org.bluez.Adapter:PropertyChanged from /org/bluez/301/hci0
01-16 17:35:43.600 V/BluetoothEventRedirector(  563): Received android.bluetooth.adapter.action.DISCOVERY_FINISHED
01-16 17:35:43.620 E/BluetoothEventLoop.cpp(  171): event_filter: Received signal org.bluez.Adapter:PropertyChanged from /org/bluez/301/hci0
01-16 17:35:43.630 V/BluetoothEventRedirector(  563): Received android.bluetooth.adapter.action.DISCOVERY_STARTED
01-16 17:35:43.690 I/System.out(  709): Values:0
01-16 17:35:44.681 I/System.out(  709): Values:0
01-16 17:35:44.922 E/BluetoothEventLoop.cpp(  171): event_filter: Received signal org.bluez.Adapter:DeviceFound from /org/bluez/301/hci0
01-16 17:35:44.932 D/BluetoothService(  171): updateDeviceServiceChannelCache(E4:CE:8F:15:7D:27)
01-16 17:35:44.942 V/BluetoothEventRedirector(  563): Received android.bluetooth.device.action.FOUND
01-16 17:35:45.692 I/System.out(  709): Values:1
01-16 17:35:46.693 I/System.out(  709): Values:1
01-16 17:35:47.084 E/BluetoothEventLoop.cpp(  171): event_filter: Received signal org.bluez.Adapter:DeviceFound from /org/bluez/301/hci0
01-16 17:35:47.084 D/BluetoothService(  171): updateDeviceServiceChannelCache(7C:6D:62:95:C2:F5)
01-16 17:35:47.094 V/BluetoothEventRedirector(  563): Received android.bluetooth.device.action.FOUND
01-16 17:35:47.694 I/System.out(  709): Values:2
01-16 17:35:48.685 I/System.out(  709): Values:2
01-16 17:35:49.686 I/System.out(  709): Values:2
01-16 17:35:50.687 I/System.out(  709): Values:2
01-16 17:35:51.308 E/BluetoothEventLoop.cpp(  171): event_filter: Received signal org.bluez.Adapter:DeviceFound from /org/bluez/301/hci0
01-16 17:35:51.318 D/BluetoothService(  171): updateDeviceServiceChannelCache(00:23:12:41:4B:A0)
01-16 17:35:51.328 V/BluetoothEventRedirector(  563): Received android.bluetooth.device.action.FOUND
01-16 17:35:51.688 I/System.out(  709): Values:3
01-16 17:35:52.689 I/System.out(  709): Values:3
01-16 17:35:52.759 E/BluetoothEventLoop.cpp(  171): event_filter: Received signal org.bluez.Adapter:DeviceFound from /org/bluez/301/hci0
01-16 17:35:52.769 D/BluetoothService(  171): updateDeviceServiceChannelCache(64:B9:E8:D8:6E:24)
01-16 17:35:52.779 V/BluetoothEventRedirector(  563): Received android.bluetooth.device.action.FOUND
01-16 17:35:53.690 I/System.out(  709): Values:4
01-16 17:35:53.860 E/BluetoothEventLoop.cpp(  171): event_filter: Received signal org.bluez.Adapter:PropertyChanged from /org/bluez/301/hci0
01-16 17:35:53.880 V/BluetoothEventRedirector(  563): Received android.bluetooth.adapter.action.DISCOVERY_FINISHED
01-16 17:35:53.900 E/BluetoothEventLoop.cpp(  171): event_filter: Received signal org.bluez.Adapter:PropertyChanged from /org/bluez/301/hci0
01-16 17:35:53.910 V/BluetoothEventRedirector(  563): Received android.bluetooth.adapter.action.DISCOVERY_STARTED
01-16 17:35:54.691 I/System.out(  709): Values:0
01-16 17:35:55.692 I/System.out(  709): Values:0
01-16 17:35:56.693 I/System.out(  709): Values:0
01-16 17:35:57.694 I/System.out(  709): Values:0
01-16 17:35:58.195 E/BluetoothEventLoop.cpp(  171): event_filter: Received signal org.bluez.Adapter:DeviceFound from /org/bluez/301/hci0
01-16 17:35:58.195 D/BluetoothService(  171): updateDeviceServiceChannelCache(E4:CE:8F:15:7D:27)
01-16 17:35:58.205 V/BluetoothEventRedirector(  563): Received android.bluetooth.device.action.FOUND
01-16 17:35:58.685 I/System.out(  709): Values:1
01-16 17:35:58.785 E/BluetoothEventLoop.cpp(  171): event_filter: Received signal org.bluez.Adapter:DeviceFound from /org/bluez/301/hci0
01-16 17:35:58.785 D/BluetoothService(  171): updateDeviceServiceChannelCache(7C:6D:62:95:C2:F5)
01-16 17:35:58.795 V/BluetoothEventRedirector(  563): Received android.bluetooth.device.action.FOUND
01-16 17:35:59.596 E/BluetoothEventLoop.cpp(  171): event_filter: Received signal org.bluez.Adapter:DeviceFound from /org/bluez/301/hci0
01-16 17:35:59.606 D/BluetoothService(  171): updateDeviceServiceChannelCache(7C:6D:62:95:C2:F5)
01-16 17:35:59.616 V/BluetoothEventRedirector(  563): Received android.bluetooth.device.action.FOUND
01-16 17:35:59.696 I/System.out(  709): Values:3
01-16 17:36:00.697 I/System.out(  709): Values:3
01-16 17:36:01.688 I/System.out(  709): Values:3
01-16 17:36:02.349 E/BluetoothEventLoop.cpp(  171): event_filter: Received signal org.bluez.Adapter:DeviceFound from /org/bluez/301/hci0
01-16 17:36:02.359 D/BluetoothService(  171): updateDeviceServiceChannelCache(64:B9:E8:D8:6E:24)
01-16 17:36:02.369 V/BluetoothEventRedirector(  563): Received android.bluetooth.device.action.FOUND
01-16 17:36:02.439 E/BluetoothEventLoop.cpp(  171): event_filter: Received signal org.bluez.Adapter:DeviceFound from /org/bluez/301/hci0
01-16 17:36:02.439 D/BluetoothService(  171): updateDeviceServiceChannelCache(00:23:12:41:4B:A0)
01-16 17:36:02.449 V/BluetoothEventRedirector(  563): Received android.bluetooth.device.action.FOUND
01-16 17:36:02.689 I/System.out(  709): Values:5
01-16 17:36:03.270 E/BluetoothEventLoop.cpp(  171): event_filter: Received signal org.bluez.Adapter:DeviceFound from /org/bluez/301/hci0
01-16 17:36:03.270 D/BluetoothService(  171): updateDeviceServiceChannelCache(B8:8D:12:11:06:FF)
01-16 17:36:03.280 V/BluetoothEventRedirector(  563): Received android.bluetooth.device.action.FOUND
01-16 17:36:03.690 I/System.out(  709): Values:6
01-16 17:36:04.140 E/BluetoothEventLoop.cpp(  171): event_filter: Received signal org.bluez.Adapter:PropertyChanged from /org/bluez/301/hci0
01-16 17:36:04.160 V/BluetoothEventRedirector(  563): Received android.bluetooth.adapter.action.DISCOVERY_FINISHED
01-16 17:36:04.170 E/BluetoothEventLoop.cpp(  171): event_filter: Received signal org.bluez.Adapter:PropertyChanged from /org/bluez/301/hci0
01-16 17:36:04.180 V/BluetoothEventRedirector(  563): Received android.bluetooth.adapter.action.DISCOVERY_STARTED
01-16 17:36:04.691 I/System.out(  709): Values:0
01-16 17:36:05.692 I/System.out(  709): Values:0
01-16 17:36:06.693 I/System.out(  709): Values:0
01-16 17:36:07.694 I/System.out(  709): Values:0
