01-14 12:57:08.428 E/VENC_ENC(  116): allocate_q6_buffers::3847 allocated cmd buffer: pVirt=0x41955000, nPhy=0x6f6e3d74
01-14 12:57:08.428 E/VENC_ENC(  116): allocate_q6_buffers::3851 allocated cmd buffer: fd=57, offset=0 src=1
01-14 12:57:08.428 E/VENC_ENC(  116): pmem_alloc::4886 Allocate pmem of size:0x8400, fd:58
01-14 12:57:08.428 E/VENC_ENC(  116): allocate_q6_buffers::3867 allocated vlc buffer: pVirt=0x40103000, nPhy=0xf0
01-14 12:57:08.428 E/VENC_ENC(  116): allocate_q6_buffers::3871 allocated vlc buffer: fd=58, offset=0 src=0
01-14 12:57:08.428 E/VENC_ENC(  116): ven_start::1063 Processing ven_start...
01-14 12:57:08.428 E/VENC_ENC(  116): ven_translate_config::858 Configuring for h263...
01-14 12:57:08.428 E/VENC_ENC(  116): ven_print_config::708 Config for video encoder
01-14 12:57:08.428 E/VENC_ENC(  116): ven_print_config::712 config standard=1, input_frame_height=144, input_frame_width=176
01-14 12:57:08.428 E/VENC_ENC(  116): ven_print_config::717 config output_frame_height=144, output_frame_width=176, rotation_angle=0
01-14 12:57:08.428 E/VENC_ENC(  116): ven_print_config::720 config intra_period=27
01-14 12:57:08.428 E/VENC_ENC(  116): ven_print_config::723 config rate_control=3
01-14 12:57:08.428 E/VENC_ENC(  116): ven_print_config::729 config mslice_mode=0, slice_size=0
01-14 12:57:08.428 E/VENC_ENC(  116): ven_print_config::736 config frame_numerator=27, fps_denominator=1, bitrate=192000
01-14 12:57:08.428 E/VENC_ENC(  116): ven_print_config::741 config iframe_qp=14, pframe_qp=14, min_qp=2
01-14 12:57:08.428 E/VENC_ENC(  116): ven_print_config::744 config max_qp=31
01-14 12:57:08.428 E/VENC_ENC(  116): ven_print_config::768 config h263 profile=0, level=0
01-14 12:57:08.438 E/VENC_ENC(  116): process_driver_msg::4618 received VENC_MSG_START from driver
01-14 12:57:08.678 I/System.out(  695): Values: 32
01-14 12:57:09.609 I/MPEG4Writer(  116): setStartTimestampUs: 226776
01-14 12:57:09.609 I/MPEG4Writer(  116): Earliest track starting time: 226776
01-14 12:57:09.679 I/System.out(  695): Values: 32
01-14 12:57:10.680 I/System.out(  695): Values: 11288
01-14 12:57:11.681 I/System.out(  695): Values: 64536
01-14 12:57:12.682 I/System.out(  695): Values: 80920
01-14 12:57:13.103 D/dalvikvm(  278): GC_EXPLICIT freed 168K, 55% free 3035K/6599K, external 3394K/4213K, paused 78ms
01-14 12:57:13.433 D/dalvikvm(  275): Debugger has detached; object registry had 1 entries
01-14 12:57:13.433 D/dalvikvm(  171): Debugger has detached; object registry had 1 entries
01-14 12:57:13.433 D/dalvikvm(  504): Debugger has detached; object registry had 1 entries
01-14 12:57:13.433 D/dalvikvm(  259): Debugger has detached; object registry had 1 entries
01-14 12:57:13.433 D/dalvikvm(  257): Debugger has detached; object registry had 1 entries
01-14 12:57:13.433 D/dalvikvm(  329): Debugger has detached; object registry had 1 entries
01-14 12:57:13.443 D/dalvikvm(  241): Debugger has detached; object registry had 1 entries
01-14 12:57:13.443 D/dalvikvm(  695): Debugger has detached; object registry had 1 entries
01-14 12:57:13.453 W/Vold    (  111): Ignoring unknown switch 'usb_connected'
01-14 12:57:13.453 D/Vold    (  111): USB disconnected
01-14 12:57:13.453 D/Vold    (  111): Share method ums now unavailable
01-14 12:57:13.473 I/StorageNotification(  241): UMS connection changed to false (media state mounted)
01-14 12:57:13.533 D/dalvikvm(  546): Debugger has detached; object registry had 1 entries
01-14 12:57:13.553 D/dalvikvm(  278): Debugger has detached; object registry had 1 entries
01-14 12:57:13.563 D/dalvikvm(  381): Debugger has detached; object registry had 1 entries
01-14 12:57:13.583 D/dalvikvm(  596): Debugger has detached; object registry had 1 entries
01-14 12:57:13.593 D/SettingsAppWidgetProvider(  596): Widget is from a previous version... Let's update
01-14 12:57:13.593 D/SettingsAppWidgetProvider(  596): No instances yet... Wait for at least one instance to exist before adding global settings
01-14 12:57:13.603 D/dalvikvm(  554): Debugger has detached; object registry had 1 entries
01-14 12:57:13.603 D/dalvikvm(  404): Debugger has detached; object registry had 1 entries
01-14 12:57:13.603 D/dalvikvm(  462): Debugger has detached; object registry had 1 entries
01-14 12:57:13.603 D/dalvikvm(  564): Debugger has detached; object registry had 1 entries
01-14 12:57:13.603 D/dalvikvm(  574): Debugger has detached; object registry had 1 entries
01-14 12:57:13.603 D/dalvikvm(  643): Debugger has detached; object registry had 1 entries
01-14 12:57:13.603 D/dalvikvm(  685): Debugger has detached; object registry had 1 entries
01-14 12:57:13.603 D/dalvikvm(  633): Debugger has detached; object registry had 1 entries
01-14 12:57:13.603 D/dalvikvm(  705): Debugger has detached; object registry had 1 entries
01-14 12:57:13.603 D/dalvikvm(  672): Debugger has detached; object registry had 1 entries
01-14 12:57:13.613 D/dalvikvm(  535): Debugger has detached; object registry had 1 entries
01-14 12:57:13.683 I/System.out(  695): Values: 93208
01-14 12:57:14.514 D/Tethering(  171): InitialState.processMessage what=4
01-14 12:57:14.514 D/Tethering(  171): sendTetherStateChangedBroadcast 0, 0, 0
01-14 12:57:14.684 I/System.out(  695): Values: 109592
01-14 12:57:15.685 I/System.out(  695): Values: 146456
01-14 12:57:16.676 I/System.out(  695): Values: 150552
01-14 12:57:17.677 I/System.out(  695): Values: 154648
01-14 12:57:18.678 I/System.out(  695): Values: 183320
01-14 12:57:19.569 D/dalvikvm(  381): GC_EXPLICIT freed 33K, 55% free 2614K/5703K, external 0K/0K, paused 57ms
01-14 12:57:19.679 I/System.out(  695): Values: 191512
01-14 12:57:20.680 I/System.out(  695): Values: 195608
01-14 12:57:21.681 I/System.out(  695): Values: 195608
01-14 12:57:22.682 I/System.out(  695): Values: 195608
01-14 12:57:23.683 I/System.out(  695): Values: 199704
01-14 12:57:24.614 D/dalvikvm(  404): GC_EXPLICIT freed 305K, 56% free 2519K/5703K, external 0K/0K, paused 84ms
01-14 12:57:24.684 I/System.out(  695): Values: 199704
01-14 12:57:25.685 I/System.out(  695): Values: 203800
01-14 12:57:26.686 I/System.out(  695): Values: 203800
01-14 12:57:27.687 I/System.out(  695): Values: 203800
01-14 12:57:28.678 I/System.out(  695): Values: 207896
01-14 12:57:29.599 D/dalvikvm(  504): GC_EXPLICIT freed 342K, 55% free 2513K/5511K, external 0K/0K, paused 71ms
01-14 12:57:29.689 I/System.out(  695): Values: 207896
01-14 12:57:30.680 I/System.out(  695): Values: 207896
01-14 12:57:31.691 I/System.out(  695): Values: 211992
01-14 12:57:32.682 I/System.out(  695): Values: 211992
01-14 12:57:33.683 I/System.out(  695): Values: 211992
01-14 12:57:34.684 I/System.out(  695): Values: 216088
01-14 12:57:35.685 I/System.out(  695): Values: 216088
01-14 12:57:36.686 I/System.out(  695): Values: 216088
01-14 12:57:37.677 I/System.out(  695): Values: 220184
01-14 12:57:38.688 I/System.out(  695): Values: 220184
01-14 12:57:39.679 I/System.out(  695): Values: 220184
01-14 12:57:40.690 I/System.out(  695): Values: 224280
01-14 12:57:41.680 I/System.out(  695): Values: 224280
01-14 12:57:42.681 I/System.out(  695): Values: 224280
01-14 12:57:43.682 I/System.out(  695): Values: 228376
01-14 12:57:44.693 I/System.out(  695): Values: 228376
01-14 12:57:45.694 I/System.out(  695): Values: 232472
01-14 12:57:46.695 I/System.out(  695): Values: 232472
01-14 12:57:47.696 I/System.out(  695): Values: 232472
01-14 12:57:48.687 I/System.out(  695): Values: 236568
01-14 12:57:49.688 I/System.out(  695): Values: 236568
01-14 12:57:50.689 I/System.out(  695): Values: 236568
01-14 12:57:51.690 I/System.out(  695): Values: 240664
01-14 12:57:52.691 I/System.out(  695): Values: 240664
01-14 12:57:53.692 I/System.out(  695): Values: 244760
01-14 12:57:54.693 I/System.out(  695): Values: 244760
01-14 12:57:55.694 I/System.out(  695): Values: 244760
01-14 12:57:56.695 I/System.out(  695): Values: 244760
01-14 12:57:57.686 I/System.out(  695): Values: 248856
01-14 12:57:58.697 I/System.out(  695): Values: 248856
01-14 12:57:59.688 I/System.out(  695): Values: 248856
01-14 12:58:00.699 I/System.out(  695): Values: 252952
01-14 12:58:01.700 I/System.out(  695): Values: 252952
01-14 12:58:02.701 I/System.out(  695): Values: 257048
01-14 12:58:03.702 I/System.out(  695): Values: 257048
01-14 12:58:04.703 I/System.out(  695): Values: 257048
01-14 12:58:05.704 I/System.out(  695): Values: 261144
01-14 12:58:06.695 I/System.out(  695): Values: 261144
01-14 12:58:07.696 I/System.out(  695): Values: 261144
01-14 12:58:08.697 I/System.out(  695): Values: 265240
01-14 12:58:09.698 I/System.out(  695): Values: 265240
01-14 12:58:10.699 I/System.out(  695): Values: 265240
01-14 12:58:11.700 I/System.out(  695): Values: 269336
01-14 12:58:12.701 I/System.out(  695): Values: 269336
01-14 12:58:13.702 I/System.out(  695): Values: 273432
01-14 12:58:14.703 I/System.out(  695): Values: 273432
01-14 12:58:15.704 I/System.out(  695): Values: 273432
01-14 12:58:16.705 I/System.out(  695): Values: 273432
01-14 12:58:17.696 I/System.out(  695): Values: 277528
01-14 12:58:18.707 I/System.out(  695): Values: 277528
01-14 12:58:19.698 I/System.out(  695): Values: 277528
01-14 12:58:20.699 I/System.out(  695): Values: 281624
01-14 12:58:21.700 I/System.out(  695): Values: 281624
01-14 12:58:22.700 I/System.out(  695): Values: 285720
01-14 12:58:23.701 I/System.out(  695): Values: 285720
01-14 12:58:24.702 I/System.out(  695): Values: 285720
01-14 12:58:25.703 I/System.out(  695): Values: 289816
01-14 12:58:26.694 I/System.out(  695): Values: 289816
01-14 12:58:27.705 I/System.out(  695): Values: 289816
01-14 12:58:28.696 I/System.out(  695): Values: 293912
01-14 12:58:29.707 I/System.out(  695): Values: 293912
01-14 12:58:30.708 I/System.out(  695): Values: 298008
01-14 12:58:31.709 I/System.out(  695): Values: 298008
01-14 12:58:32.710 I/System.out(  695): Values: 298008
01-14 12:58:32.710 I/System.out(  695): Battery level start is reached
01-14 12:58:33.711 I/System.out(  695): Values: 302104
01-14 12:58:34.712 I/System.out(  695): Values: 302104
01-14 12:58:35.713 I/System.out(  695): Values: 302104
01-14 12:58:36.714 I/System.out(  695): Values: 306200
01-14 12:58:37.705 I/System.out(  695): Values: 306200
01-14 12:58:38.706 I/System.out(  695): Values: 306200
01-14 12:58:39.707 I/System.out(  695): Values: 310296
01-14 12:58:40.708 I/System.out(  695): Values: 310296
01-14 12:58:41.709 I/System.out(  695): Values: 310296
01-14 12:58:42.710 I/System.out(  695): Values: 314392
01-14 12:58:43.711 I/System.out(  695): Values: 314392
01-14 12:58:44.712 I/System.out(  695): Values: 314392
01-14 12:58:45.713 I/System.out(  695): Values: 318488
01-14 12:58:46.714 I/System.out(  695): Values: 318488
01-14 12:58:47.715 I/System.out(  695): Values: 318488
01-14 12:58:48.706 I/System.out(  695): Values: 322584
01-14 12:58:49.717 I/System.out(  695): Values: 322584
01-14 12:58:50.718 I/System.out(  695): Values: 326680
01-14 12:58:51.719 I/System.out(  695): Values: 326680
01-14 12:58:52.720 I/System.out(  695): Values: 326680
01-14 12:58:53.721 I/System.out(  695): Values: 330776
01-14 12:58:54.722 I/System.out(  695): Values: 330776
01-14 12:58:55.723 I/System.out(  695): Values: 330776
01-14 12:58:56.724 I/System.out(  695): Values: 334872
01-14 12:58:57.725 I/System.out(  695): Values: 334872
01-14 12:58:58.726 I/System.out(  695): Values: 338968
01-14 12:58:59.717 I/System.out(  695): Values: 338968
01-14 12:59:00.728 I/System.out(  695): Values: 338968
01-14 12:59:01.729 I/System.out(  695): Values: 338968
01-14 12:59:02.720 I/System.out(  695): Values: 343064
01-14 12:59:03.721 I/System.out(  695): Values: 343064
01-14 12:59:04.721 I/System.out(  695): Values: 343064
01-14 12:59:05.722 I/System.out(  695): Values: 347160
01-14 12:59:06.723 I/System.out(  695): Values: 347160
01-14 12:59:07.724 I/System.out(  695): Values: 351256
01-14 12:59:08.715 I/System.out(  695): Values: 351256
01-14 12:59:09.726 I/System.out(  695): Values: 351256
01-14 12:59:10.727 I/System.out(  695): Values: 355352
01-14 12:59:11.718 I/System.out(  695): Values: 355352
01-14 12:59:12.729 I/System.out(  695): Values: 355352
01-14 12:59:13.720 I/System.out(  695): Values: 359448
01-14 12:59:14.731 I/System.out(  695): Values: 359448
01-14 12:59:15.722 I/System.out(  695): Values: 359448
01-14 12:59:16.723 I/System.out(  695): Values: 363544
01-14 12:59:17.724 I/System.out(  695): Values: 363544
01-14 12:59:18.715 I/System.out(  695): Values: 367640
01-14 12:59:19.726 I/System.out(  695): Values: 367640
01-14 12:59:20.717 I/System.out(  695): Values: 367640
01-14 12:59:21.728 I/System.out(  695): Values: 367640
01-14 12:59:22.719 I/System.out(  695): Values: 371736
01-14 12:59:23.730 I/System.out(  695): Values: 371736
01-14 12:59:24.721 I/System.out(  695): Values: 371736
01-14 12:59:25.732 I/System.out(  695): Values: 375832
01-14 12:59:26.733 I/System.out(  695): Values: 375832
01-14 12:59:27.734 I/System.out(  695): Values: 379928
01-14 12:59:28.735 I/System.out(  695): Values: 379928
01-14 12:59:29.726 I/System.out(  695): Values: 379928
01-14 12:59:30.727 I/System.out(  695): Values: 384024
01-14 12:59:31.728 I/System.out(  695): Values: 384024
01-14 12:59:32.729 I/System.out(  695): Values: 384024
01-14 12:59:33.730 I/System.out(  695): Values: 388120
01-14 12:59:34.731 I/System.out(  695): Values: 388120
01-14 12:59:35.732 I/System.out(  695): Values: 388120
01-14 12:59:36.733 I/System.out(  695): Values: 392216
01-14 12:59:37.734 I/System.out(  695): Values: 392216
01-14 12:59:38.725 I/System.out(  695): Values: 396312
01-14 12:59:39.736 I/System.out(  695): Values: 396312
01-14 12:59:40.727 I/System.out(  695): Values: 396312
01-14 12:59:41.738 I/System.out(  695): Values: 400408
01-14 12:59:42.729 I/System.out(  695): Values: 400408
01-14 12:59:43.740 I/System.out(  695): Values: 400408
01-14 12:59:44.731 I/System.out(  695): Values: 400408
01-14 12:59:45.731 I/System.out(  695): Values: 404504
01-14 12:59:46.742 I/System.out(  695): Values: 404504
01-14 12:59:47.733 I/System.out(  695): Values: 408600
01-14 12:59:48.734 I/System.out(  695): Values: 408600
01-14 12:59:49.725 I/System.out(  695): Values: 408600
01-14 12:59:50.736 I/System.out(  695): Values: 412696
01-14 12:59:51.737 I/System.out(  695): Values: 412696
01-14 12:59:52.738 I/System.out(  695): Values: 412696
01-14 12:59:53.739 I/System.out(  695): Values: 416792
01-14 12:59:54.740 I/System.out(  695): Values: 416792
01-14 12:59:55.741 I/System.out(  695): Values: 420888
01-14 12:59:56.742 I/System.out(  695): Values: 420888
01-14 12:59:57.743 I/System.out(  695): Values: 420888
01-14 12:59:57.813 D/dalvikvm(  695): GC_CONCURRENT freed 376K, 55% free 2552K/5575K, external 8K/519K, paused 9ms+1ms
01-14 12:59:58.744 I/System.out(  695): Values: 424984
01-14 12:59:59.745 I/System.out(  695): Values: 424984
01-14 13:00:00.736 I/System.out(  695): Values: 424984
01-14 13:00:01.747 I/System.out(  695): Values: 429080
01-14 13:00:02.738 I/System.out(  695): Values: 429080
01-14 13:00:03.739 I/System.out(  695): Values: 433176
01-14 13:00:04.740 I/System.out(  695): Values: 433176
01-14 13:00:05.741 I/System.out(  695): Values: 433176
01-14 13:00:06.742 I/System.out(  695): Values: 433176
01-14 13:00:07.743 I/System.out(  695): Values: 437272
01-14 13:00:08.744 I/System.out(  695): Values: 437272
01-14 13:00:09.735 I/System.out(  695): Values: 437272
01-14 13:00:10.746 I/System.out(  695): Values: 441368
01-14 13:00:11.737 I/System.out(  695): Values: 441368
01-14 13:00:12.738 I/System.out(  695): Values: 441368
01-14 13:00:13.749 I/System.out(  695): Values: 445464
01-14 13:00:14.750 I/System.out(  695): Values: 445464
01-14 13:00:15.751 I/System.out(  695): Values: 449560
01-14 13:00:16.752 I/System.out(  695): Values: 449560
01-14 13:00:17.753 I/System.out(  695): Values: 449560
01-14 13:00:18.754 I/System.out(  695): Values: 453656
01-14 13:00:19.755 I/System.out(  695): Values: 453656
01-14 13:00:20.746 I/System.out(  695): Values: 453656
01-14 13:00:21.747 I/System.out(  695): Values: 457752
01-14 13:00:22.748 I/System.out(  695): Values: 457752
01-14 13:00:23.749 I/System.out(  695): Values: 461848
01-14 13:00:24.750 I/System.out(  695): Values: 461848
01-14 13:00:25.751 I/System.out(  695): Values: 461848
01-14 13:00:26.752 I/System.out(  695): Values: 461848
01-14 13:00:27.752 I/System.out(  695): Values: 465944
01-14 13:00:28.753 I/System.out(  695): Values: 465944
01-14 13:00:29.744 I/System.out(  695): Values: 465944
01-14 13:00:30.755 I/System.out(  695): Values: 470040
01-14 13:00:31.746 I/System.out(  695): Values: 470040
01-14 13:00:32.757 I/System.out(  695): Values: 474136
01-14 13:00:33.758 I/System.out(  695): Values: 474136
01-14 13:00:34.749 I/System.out(  695): Values: 474136
01-14 13:00:35.760 I/System.out(  695): Values: 478232
01-14 13:00:36.761 I/System.out(  695): Values: 478232
01-14 13:00:37.762 I/System.out(  695): Values: 478232
01-14 13:00:38.753 I/System.out(  695): Values: 482328
01-14 13:00:39.764 I/System.out(  695): Values: 482328
01-14 13:00:40.755 I/System.out(  695): Values: 482328
01-14 13:00:41.756 I/System.out(  695): Values: 486424
01-14 13:00:42.757 I/System.out(  695): Values: 486424
01-14 13:00:43.758 I/System.out(  695): Values: 490520
01-14 13:00:44.759 I/System.out(  695): Values: 490520
01-14 13:00:45.750 I/System.out(  695): Values: 490520
01-14 13:00:46.761 I/System.out(  695): Values: 494616
01-14 13:00:47.762 I/System.out(  695): Values: 494616
01-14 13:00:48.763 I/System.out(  695): Values: 494616
01-14 13:00:49.764 I/System.out(  695): Values: 494616
01-14 13:00:50.765 I/System.out(  695): Values: 498712
01-14 13:00:51.766 I/System.out(  695): Values: 498712
01-14 13:00:52.757 I/System.out(  695): Values: 498712
01-14 13:00:53.758 I/System.out(  695): Values: 502808
01-14 13:00:54.759 I/System.out(  695): Values: 502808
01-14 13:00:55.760 I/System.out(  695): Values: 506904
01-14 13:00:56.761 I/System.out(  695): Values: 506904
01-14 13:00:57.762 I/System.out(  695): Values: 506904
01-14 13:00:58.763 I/System.out(  695): Values: 511000
01-14 13:00:59.764 I/System.out(  695): Values: 511000
01-14 13:01:00.765 I/System.out(  695): Values: 511000
01-14 13:01:01.756 I/System.out(  695): Values: 515096
01-14 13:01:02.757 I/System.out(  695): Values: 515096
01-14 13:01:03.758 I/System.out(  695): Values: 515096
01-14 13:01:04.769 I/System.out(  695): Values: 519192
01-14 13:01:05.760 I/System.out(  695): Values: 519192
01-14 13:01:06.761 I/System.out(  695): Values: 523288
01-14 13:01:07.762 I/System.out(  695): Values: 523288
01-14 13:01:08.763 I/System.out(  695): Values: 523288
01-14 13:01:09.763 I/System.out(  695): Values: 523288
01-14 13:01:10.754 I/System.out(  695): Values: 527384
01-14 13:01:11.765 I/System.out(  695): Values: 527384
01-14 13:01:12.756 I/System.out(  695): Values: 527384
01-14 13:01:13.767 I/System.out(  695): Values: 531480
01-14 13:01:14.758 I/System.out(  695): Values: 531480
01-14 13:01:15.769 I/System.out(  695): Values: 535576
01-14 13:01:16.770 I/System.out(  695): Values: 535576
01-14 13:01:17.771 I/System.out(  695): Values: 535576
01-14 13:01:18.772 I/System.out(  695): Values: 539672
01-14 13:01:19.773 I/System.out(  695): Values: 539672
01-14 13:01:20.774 I/System.out(  695): Values: 539672
01-14 13:01:21.765 I/System.out(  695): Values: 543768
01-14 13:01:22.776 I/System.out(  695): Values: 543768
01-14 13:01:23.767 I/System.out(  695): Values: 543768
01-14 13:01:24.768 I/System.out(  695): Values: 547864
01-14 13:01:25.769 I/System.out(  695): Values: 547864
01-14 13:01:26.770 I/System.out(  695): Values: 551960
01-14 13:01:27.771 I/System.out(  695): Values: 551960
01-14 13:01:28.772 I/System.out(  695): Values: 551960
01-14 13:01:29.773 I/System.out(  695): Values: 556056
01-14 13:01:30.774 I/System.out(  695): Values: 556056
01-14 13:01:31.775 I/System.out(  695): Values: 556056
01-14 13:01:32.776 I/System.out(  695): Values: 556056
01-14 13:01:33.777 I/System.out(  695): Values: 560152
01-14 13:01:34.768 I/System.out(  695): Values: 560152
01-14 13:01:35.769 I/System.out(  695): Values: 564248
01-14 13:01:36.770 I/System.out(  695): Values: 564248
01-14 13:01:37.771 I/System.out(  695): Values: 564248
01-14 13:01:38.772 I/System.out(  695): Values: 568344
01-14 13:01:39.773 I/System.out(  695): Values: 568344
01-14 13:01:40.774 I/System.out(  695): Values: 568344
01-14 13:01:41.775 I/System.out(  695): Values: 572440
01-14 13:01:42.776 I/System.out(  695): Values: 572440
01-14 13:01:43.767 I/System.out(  695): Values: 572440
01-14 13:01:44.778 I/System.out(  695): Values: 576536
01-14 13:01:45.779 I/System.out(  695): Values: 576536
01-14 13:01:46.770 I/System.out(  695): Values: 580632
01-14 13:01:47.781 I/System.out(  695): Values: 580632
01-14 13:01:48.772 I/System.out(  695): Values: 580632
01-14 13:01:49.773 I/System.out(  695): Values: 584728
01-14 13:01:50.773 I/System.out(  695): Values: 584728
01-14 13:01:51.774 I/System.out(  695): Values: 584728
01-14 13:01:52.775 I/System.out(  695): Values: 588824
01-14 13:01:53.776 I/System.out(  695): Values: 588824
01-14 13:01:53.776 I/System.out(  695): Battery level end is reached
01-14 13:01:53.776 I/System.out(  695): Time difference in secs is: 201
01-14 13:01:54.777 I/System.out(  695): Values: 588824
01-14 13:01:54.777 I/System.out(  695): Time difference in secs is: 201
01-14 13:01:55.778 I/System.out(  695): Values: 592920
01-14 13:01:55.778 I/System.out(  695): Time difference in secs is: 201
01-14 13:01:56.779 I/System.out(  695): Values: 592920
01-14 13:01:56.779 I/System.out(  695): Time difference in secs is: 201
01-14 13:01:57.780 I/System.out(  695): Values: 592920
01-14 13:01:57.780 I/System.out(  695): Time difference in secs is: 201
01-14 13:01:58.781 I/System.out(  695): Values: 597016
01-14 13:01:58.781 I/System.out(  695): Time difference in secs is: 201
01-14 13:01:59.782 I/System.out(  695): Values: 597016
01-14 13:01:59.782 I/System.out(  695): Time difference in secs is: 201
01-14 13:02:00.783 I/System.out(  695): Values: 597016
01-14 13:02:00.783 I/System.out(  695): Time difference in secs is: 201
01-14 13:02:01.784 I/System.out(  695): Values: 601112
01-14 13:02:01.784 I/System.out(  695): Time difference in secs is: 201
01-14 13:02:02.775 I/System.out(  695): Values: 601112
01-14 13:02:02.775 I/System.out(  695): Time difference in secs is: 201
01-14 13:02:03.786 I/System.out(  695): Values: 605208
01-14 13:02:03.786 I/System.out(  695): Time difference in secs is: 201
01-14 13:02:04.777 I/System.out(  695): Values: 605208
01-14 13:02:04.777 I/System.out(  695): Time difference in secs is: 201
01-14 13:02:05.778 I/System.out(  695): Values: 605208
01-14 13:02:05.778 I/System.out(  695): Time difference in secs is: 201
01-14 13:02:06.779 I/System.out(  695): Values: 621592
01-14 13:02:06.779 I/System.out(  695): Time difference in secs is: 201
01-14 13:02:07.780 I/System.out(  695): Values: 642072
01-14 13:02:07.780 I/System.out(  695): Time difference in secs is: 201
01-14 13:02:08.781 I/System.out(  695): Values: 650264
01-14 13:02:08.781 I/System.out(  695): Time difference in secs is: 201
01-14 13:02:09.782 I/System.out(  695): Values: 674840
01-14 13:02:09.782 I/System.out(  695): Time difference in secs is: 201
01-14 13:02:10.783 I/System.out(  695): Values: 687128
01-14 13:02:10.793 I/System.out(  695): Time difference in secs is: 201
01-14 13:02:11.784 I/System.out(  695): Values: 711704
01-14 13:02:11.794 I/System.out(  695): Time difference in secs is: 201
01-14 13:02:12.785 I/System.out(  695): Values: 728088
01-14 13:02:12.785 I/System.out(  695): Time difference in secs is: 201
01-14 13:02:13.786 I/System.out(  695): Values: 748568
01-14 13:02:13.786 I/System.out(  695): Time difference in secs is: 201
01-14 13:02:14.777 I/System.out(  695): Values: 769048
01-14 13:02:14.787 I/System.out(  695): Time difference in secs is: 201
01-14 13:02:15.778 I/System.out(  695): Values: 789528
01-14 13:02:15.788 I/System.out(  695): Time difference in secs is: 201
01-14 13:02:15.988 D/SettingsAppWidgetProvider(  596): Widget is from a previous version... Let's update
01-14 13:02:15.988 D/SettingsAppWidgetProvider(  596): No instances yet... Wait for at least one instance to exist before adding global settings
01-14 13:02:16.068 D/dalvikvm(  171): GC_CONCURRENT freed 1235K, 48% free 4854K/9159K, external 43K/547K, paused 4ms+9ms
01-14 13:02:16.789 I/System.out(  695): Values: 805912
01-14 13:02:16.789 I/System.out(  695): Time difference in secs is: 201
01-14 13:02:16.969 W/Vold    (  111): Ignoring unknown switch 'usb_connected'
01-14 13:02:17.069 D/Vold    (  111): USB connected
01-14 13:02:17.069 D/Vold    (  111): Share method ums now available
01-14 13:02:17.069 I/StorageNotification(  241): UMS connection changed to true (media state mounted)
01-14 13:02:17.079 V/NotificationService(  171): Active profile: Default
01-14 13:02:17.079 I/PROFILE (  171): Group: Gmail containing : com.android.systemui : false
01-14 13:02:17.079 I/PROFILE (  171): Group: Phone containing : com.android.systemui : false
01-14 13:02:17.079 I/PROFILE (  171): Group: Calendar containing : com.android.systemui : false
01-14 13:02:17.079 I/PROFILE (  171): Group: Email containing : com.android.systemui : false
01-14 13:02:17.079 I/PROFILE (  171): Group: SMS containing : com.android.systemui : false
01-14 13:02:17.079 V/ProfileManager(  171): No active group, returning default: Other
01-14 13:02:17.079 V/NotificationService(  171): Pkg: com.android.systemui group: Other
01-14 13:02:17.089 W/ApplicationContext(  171): Unable to create files directory
01-14 13:02:17.089 D/WriteApps(  171): Error: java.lang.NullPointerException
01-14 13:02:17.109 V/NotificationService(  171): Active profile: Default
01-14 13:02:17.109 I/PROFILE (  171): Group: Gmail containing : android : false
01-14 13:02:17.109 I/PROFILE (  171): Group: Phone containing : android : false
01-14 13:02:17.109 I/PROFILE (  171): Group: Calendar containing : android : false
01-14 13:02:17.109 I/PROFILE (  171): Group: Email containing : android : false
01-14 13:02:17.119 I/PROFILE (  171): Group: SMS containing : android : false
01-14 13:02:17.119 V/ProfileManager(  171): No active group, returning default: Other
01-14 13:02:17.119 V/NotificationService(  171): Pkg: android group: Other
01-14 13:02:17.129 D/Tethering(  171): sendTetherStateChangedBroadcast 1, 0, 0
01-14 13:02:17.129 D/Tethering(  171): interfaceAdded :usb0
01-14 13:02:17.780 I/System.out(  695): Values: 814104
01-14 13:02:17.790 I/System.out(  695): Time difference in secs is: 201
01-14 13:02:18.781 I/System.out(  695): Values: 814104
01-14 13:02:18.791 I/System.out(  695): Time difference in secs is: 201
01-14 13:02:19.792 I/System.out(  695): Values: 822296
01-14 13:02:19.792 I/System.out(  695): Time difference in secs is: 201
01-14 13:02:20.793 I/System.out(  695): Values: 826392
01-14 13:02:20.793 I/System.out(  695): Time difference in secs is: 201
01-14 13:02:21.794 I/System.out(  695): Values: 826392
01-14 13:02:21.794 I/System.out(  695): Time difference in secs is: 201
01-14 13:02:22.214 D/dalvikvm(  596): GC_EXPLICIT freed 21K, 54% free 2637K/5639K, external 0K/0K, paused 76ms
01-14 13:02:22.785 I/System.out(  695): Values: 830488
01-14 13:02:22.785 I/System.out(  695): Time difference in secs is: 201
01-14 13:02:23.786 I/System.out(  695): Values: 830488
01-14 13:02:23.786 I/System.out(  695): Time difference in secs is: 201
01-14 13:02:24.787 I/System.out(  695): Values: 834584
01-14 13:02:24.787 I/System.out(  695): Time difference in secs is: 201
01-14 13:02:25.788 I/System.out(  695): Values: 834584
01-14 13:02:25.788 I/System.out(  695): Time difference in secs is: 201
01-14 13:02:26.789 I/System.out(  695): Values: 838680
01-14 13:02:26.789 I/System.out(  695): Time difference in secs is: 201
01-14 13:02:27.790 I/System.out(  695): Values: 838680
01-14 13:02:27.790 I/System.out(  695): Time difference in secs is: 201
01-14 13:02:28.791 I/System.out(  695): Values: 842776
01-14 13:02:28.791 I/System.out(  695): Time difference in secs is: 201
