01-07 13:40:44.720 I/QC_CORE (  116): OMXCORE: qc_omx_component_send_command 4a8bc, 0 , 2
01-07 13:40:44.720 E/VENC_ENC(  116): send_command::613 sending command MSG_ID_STATE_CHANGE
01-07 13:40:44.720 E/VENC_ENC(  116): component_thread::4135 got MSG_ID_STATE_CHANGE
01-07 13:40:44.720 E/VENC_ENC(  116): process_state_change::4297 Attempt to go to OMX_StateIdle
01-07 13:40:44.720 I/QC_CORE (  116): OMXCORE: qc_omx_component_send_command 4a8bc, 0 , 3
01-07 13:40:44.720 E/VENC_ENC(  116): send_command::613 sending command MSG_ID_STATE_CHANGE
01-07 13:40:44.720 E/VENC_ENC(  116): component_thread::4135 got MSG_ID_STATE_CHANGE
01-07 13:40:44.720 E/VENC_ENC(  116): process_state_change::4338 Attempt to go to OMX_StateExecuting
01-07 13:40:44.720 E/VENC_ENC(  116): allocate_q6_buffers::3767 Attempt to allocate q6 buffers 
01-07 13:40:44.720 E/VENC_ENC(  116): pmem_alloc::4886 Allocate pmem of size:0xa200, fd:54
01-07 13:40:44.720 E/VENC_ENC(  116): allocate_q6_buffers::3807 allocated recon_buff[0]: pVirt=0x41286000, nPhy=0x657a6973
01-07 13:40:44.720 E/VENC_ENC(  116): allocate_q6_buffers::3811 allocated recon_buf[0]: fd=54, offset=0 src=1
01-07 13:40:44.720 E/VENC_ENC(  116): pmem_alloc::4886 Allocate pmem of size:0xa200, fd:55
01-07 13:40:44.720 E/VENC_ENC(  116): allocate_q6_buffers::3807 allocated recon_buff[1]: pVirt=0x41391000, nPhy=0x73617274
01-07 13:40:44.720 E/VENC_ENC(  116): allocate_q6_buffers::3811 allocated recon_buf[1]: fd=55, offset=0 src=1
01-07 13:40:44.720 E/VENC_ENC(  116): pmem_alloc::4886 Allocate pmem of size:0xa200, fd:56
01-07 13:40:44.720 E/VENC_ENC(  116): allocate_q6_buffers::3827 allocated wb buffer: pVirt=0x415bc000, nPhy=0x0
01-07 13:40:44.720 E/VENC_ENC(  116): allocate_q6_buffers::3831 allocated wb buffer: fd=56, offset=0 src=1
01-07 13:40:44.720 E/VENC_ENC(  116): pmem_alloc::4886 Allocate pmem of size:0x9480, fd:57
01-07 13:40:44.720 E/VENC_ENC(  116): allocate_q6_buffers::3847 allocated cmd buffer: pVirt=0x41616000, nPhy=0x657a6973
01-07 13:40:44.720 E/VENC_ENC(  116): allocate_q6_buffers::3851 allocated cmd buffer: fd=57, offset=0 src=1
01-07 13:40:44.720 E/VENC_ENC(  116): pmem_alloc::4886 Allocate pmem of size:0x8400, fd:58
01-07 13:40:44.720 E/VENC_ENC(  116): allocate_q6_buffers::3867 allocated vlc buffer: pVirt=0x4166b000, nPhy=0x6f6d2c65
01-07 13:40:44.720 E/VENC_ENC(  116): allocate_q6_buffers::3871 allocated vlc buffer: fd=58, offset=0 src=0
01-07 13:40:44.720 E/VENC_ENC(  116): ven_start::1063 Processing ven_start...
01-07 13:40:44.720 E/VENC_ENC(  116): ven_translate_config::858 Configuring for h263...
01-07 13:40:44.720 E/VENC_ENC(  116): ven_print_config::708 Config for video encoder
01-07 13:40:44.720 E/VENC_ENC(  116): ven_print_config::712 config standard=1, input_frame_height=144, input_frame_width=176
01-07 13:40:44.720 E/VENC_ENC(  116): ven_print_config::717 config output_frame_height=144, output_frame_width=176, rotation_angle=0
01-07 13:40:44.720 E/VENC_ENC(  116): ven_print_config::720 config intra_period=27
01-07 13:40:44.720 E/VENC_ENC(  116): ven_print_config::723 config rate_control=3
01-07 13:40:44.720 E/VENC_ENC(  116): ven_print_config::729 config mslice_mode=0, slice_size=0
01-07 13:40:44.720 E/VENC_ENC(  116): ven_print_config::736 config frame_numerator=27, fps_denominator=1, bitrate=192000
01-07 13:40:44.720 E/VENC_ENC(  116): ven_print_config::741 config iframe_qp=14, pframe_qp=14, min_qp=2
01-07 13:40:44.720 E/VENC_ENC(  116): ven_print_config::744 config max_qp=31
01-07 13:40:44.720 E/VENC_ENC(  116): ven_print_config::768 config h263 profile=0, level=0
01-07 13:40:44.730 D/QualcommCameraHardware(  116): runVideoThread E
01-07 13:40:44.740 E/VENC_ENC(  116): process_driver_msg::4618 received VENC_MSG_START from driver
01-07 13:40:44.950 E/OMXCodec(  116): [OMX.qcom.video.encoder.h263] Codec's input buffers are too small to accomodate buffer read from source (info->mSize = 38016, srcLength = 497664)
01-07 13:40:45.010 I/System.out(  721): Values: 32
01-07 13:40:45.040 E/OMXCodec(  116): [OMX.qcom.video.encoder.h263] Codec's input buffers are too small to accomodate buffer read from source (info->mSize = 38016, srcLength = 497664)
01-07 13:40:45.130 E/OMXCodec(  116): [OMX.qcom.video.encoder.h263] Codec's input buffers are too small to accomodate buffer read from source (info->mSize = 38016, srcLength = 497664)
01-07 13:40:45.210 E/OMXCodec(  116): [OMX.qcom.video.encoder.h263] Codec's input buffers are too small to accomodate buffer read from source (info->mSize = 38016, srcLength = 497664)
01-07 13:40:45.300 E/OMXCodec(  116): [OMX.qcom.video.encoder.h263] Codec's input buffers are too small to accomodate buffer read from source (info->mSize = 38016, srcLength = 497664)
01-07 13:40:45.390 E/OMXCodec(  116): [OMX.qcom.video.encoder.h263] Codec's input buffers are too small to accomodate buffer read from source (info->mSize = 38016, srcLength = 497664)
01-07 13:40:45.390 I/MPEG4Writer(  116): Received total/0-length (0/0) buffers and encoded 0 frames. - video
01-07 13:40:46.011 I/System.out(  721): Values: 32
01-07 13:40:47.012 I/System.out(  721): Values: 32
01-07 13:40:47.722 D/dalvikvm(  239): Debugger has detached; object registry had 1 entries
01-07 13:40:47.722 D/dalvikvm(  274): Debugger has detached; object registry had 1 entries
01-07 13:40:47.722 D/dalvikvm(  169): Debugger has detached; object registry had 1 entries
01-07 13:40:47.722 D/dalvikvm(  255): Debugger has detached; object registry had 1 entries
01-07 13:40:47.732 D/dalvikvm(  321): Debugger has detached; object registry had 1 entries
01-07 13:40:47.732 D/dalvikvm(  721): Debugger has detached; object registry had 1 entries
01-07 13:40:47.732 D/dalvikvm(  256): Debugger has detached; object registry had 1 entries
01-07 13:40:47.732 W/Vold    (  111): Ignoring unknown switch 'usb_connected'
01-07 13:40:47.732 D/Vold    (  111): USB disconnected
01-07 13:40:47.732 D/Vold    (  111): Share method ums now unavailable
01-07 13:40:47.742 I/StorageNotification(  239): UMS connection changed to false (media state mounted)
01-07 13:40:47.813 D/dalvikvm(  551): Debugger has detached; object registry had 1 entries
01-07 13:40:47.823 D/dalvikvm(  510): Debugger has detached; object registry had 1 entries
01-07 13:40:47.833 D/dalvikvm(  276): Debugger has detached; object registry had 1 entries
01-07 13:40:47.833 D/dalvikvm(  401): Debugger has detached; object registry had 1 entries
01-07 13:40:47.853 D/dalvikvm(  594): Debugger has detached; object registry had 1 entries
01-07 13:40:47.863 D/SettingsAppWidgetProvider(  594): Widget is from a previous version... Let's update
01-07 13:40:47.863 D/SettingsAppWidgetProvider(  594): No instances yet... Wait for at least one instance to exist before adding global settings
01-07 13:40:47.873 D/dalvikvm(  521): Debugger has detached; object registry had 1 entries
01-07 13:40:47.873 D/dalvikvm(  561): Debugger has detached; object registry had 1 entries
01-07 13:40:47.873 D/dalvikvm(  543): Debugger has detached; object registry had 1 entries
01-07 13:40:47.873 D/dalvikvm(  571): Debugger has detached; object registry had 1 entries
01-07 13:40:47.873 D/dalvikvm(  604): Debugger has detached; object registry had 1 entries
01-07 13:40:47.873 D/dalvikvm(  670): Debugger has detached; object registry had 1 entries
01-07 13:40:47.873 D/dalvikvm(  687): Debugger has detached; object registry had 1 entries
01-07 13:40:47.873 D/dalvikvm(  696): Debugger has detached; object registry had 1 entries
01-07 13:40:47.873 D/dalvikvm(  710): Debugger has detached; object registry had 1 entries
01-07 13:40:47.873 D/dalvikvm(  731): Debugger has detached; object registry had 1 entries
01-07 13:40:47.873 D/dalvikvm(  372): Debugger has detached; object registry had 1 entries
01-07 13:40:48.013 I/System.out(  721): Values: 32
01-07 13:40:48.824 D/Tethering(  169): InitialState.processMessage what=4
01-07 13:40:48.824 D/Tethering(  169): sendTetherStateChangedBroadcast 0, 0, 0
01-07 13:40:49.004 I/System.out(  721): Values: 32
01-07 13:40:50.015 I/System.out(  721): Values: 32
01-07 13:40:51.006 I/System.out(  721): Values: 32
01-07 13:40:52.007 I/System.out(  721): Values: 32
01-07 13:40:53.008 I/System.out(  721): Values: 32
01-07 13:40:53.888 D/dalvikvm(  276): GC_EXPLICIT freed 362K, 51% free 3029K/6087K, external 3285K/3444K, paused 65ms
01-07 13:40:54.009 I/System.out(  721): Values: 32
01-07 13:40:55.010 I/System.out(  721): Values: 32
01-07 13:40:56.011 I/System.out(  721): Values: 32
01-07 13:40:57.002 I/System.out(  721): Values: 32
01-07 13:40:58.013 I/System.out(  721): Values: 32
01-07 13:40:58.913 D/dalvikvm(  401): GC_EXPLICIT freed 98K, 57% free 2519K/5767K, external 0K/0K, paused 79ms
01-07 13:40:59.013 I/System.out(  721): Values: 32
01-07 13:41:00.014 I/System.out(  721): Values: 32
01-07 13:41:01.005 I/System.out(  721): Values: 32
01-07 13:41:02.006 I/System.out(  721): Values: 32
01-07 13:41:03.007 I/System.out(  721): Values: 32
01-07 13:41:04.008 I/System.out(  721): Values: 32
01-07 13:41:05.009 I/System.out(  721): Values: 32
01-07 13:41:05.079 D/dalvikvm(  510): GC_EXPLICIT freed 196K, 56% free 2570K/5767K, external 0K/0K, paused 26ms
01-07 13:41:06.010 I/System.out(  721): Values: 32
01-07 13:41:07.011 I/System.out(  721): Values: 32
01-07 13:41:08.012 I/System.out(  721): Values: 32
01-07 13:41:09.013 I/System.out(  721): Values: 32
01-07 13:41:10.014 I/System.out(  721): Values: 32
01-07 13:41:10.134 D/dalvikvm(  604): GC_EXPLICIT freed 19K, 53% free 2754K/5767K, external 0K/0K, paused 72ms
01-07 13:41:11.015 I/System.out(  721): Values: 32
01-07 13:41:12.016 I/System.out(  721): Values: 32
01-07 13:41:13.007 I/System.out(  721): Values: 32
01-07 13:41:14.008 I/System.out(  721): Values: 32
01-07 13:41:15.009 I/System.out(  721): Values: 32
01-07 13:41:15.119 D/dalvikvm(  594): GC_EXPLICIT freed 16K, 54% free 2637K/5639K, external 0K/0K, paused 57ms
01-07 13:41:16.010 I/System.out(  721): Values: 32
01-07 13:41:17.011 I/System.out(  721): Values: 32
01-07 13:41:18.012 I/System.out(  721): Values: 32
01-07 13:41:19.013 I/System.out(  721): Values: 32
01-07 13:41:20.014 I/System.out(  721): Values: 32
01-07 13:41:20.014 I/System.out(  721): Battery level start is reached
01-07 13:41:21.015 I/System.out(  721): Values: 32
01-07 13:41:22.006 I/System.out(  721): Values: 32
01-07 13:41:23.017 I/System.out(  721): Values: 32
01-07 13:41:24.008 I/System.out(  721): Values: 32
01-07 13:41:25.019 I/System.out(  721): Values: 32
01-07 13:41:26.010 I/System.out(  721): Values: 32
01-07 13:41:27.021 I/System.out(  721): Values: 32
01-07 13:41:28.012 I/System.out(  721): Values: 32
01-07 13:41:29.013 I/System.out(  721): Values: 32
01-07 13:41:30.014 I/System.out(  721): Values: 32
01-07 13:41:31.005 I/System.out(  721): Values: 32
01-07 13:41:32.016 I/System.out(  721): Values: 32
01-07 13:41:33.017 I/System.out(  721): Values: 32
01-07 13:41:34.018 I/System.out(  721): Values: 32
01-07 13:41:35.019 I/System.out(  721): Values: 32
01-07 13:41:36.010 I/System.out(  721): Values: 32
01-07 13:41:37.021 I/System.out(  721): Values: 32
01-07 13:41:38.022 I/System.out(  721): Values: 32
01-07 13:41:39.023 I/System.out(  721): Values: 32
01-07 13:41:40.023 I/System.out(  721): Values: 32
01-07 13:41:41.024 I/System.out(  721): Values: 32
01-07 13:41:42.015 I/System.out(  721): Values: 32
01-07 13:41:43.026 I/System.out(  721): Values: 32
01-07 13:41:44.017 I/System.out(  721): Values: 32
01-07 13:41:45.028 I/System.out(  721): Values: 32
01-07 13:41:46.019 I/System.out(  721): Values: 32
01-07 13:41:47.030 I/System.out(  721): Values: 32
01-07 13:41:48.031 I/System.out(  721): Values: 32
01-07 13:41:49.022 I/System.out(  721): Values: 32
01-07 13:41:50.023 I/System.out(  721): Values: 32
01-07 13:41:51.024 I/System.out(  721): Values: 32
01-07 13:41:52.025 I/System.out(  721): Values: 32
01-07 13:41:53.026 I/System.out(  721): Values: 32
01-07 13:41:54.027 I/System.out(  721): Values: 32
01-07 13:41:55.028 I/System.out(  721): Values: 32
01-07 13:41:56.029 I/System.out(  721): Values: 32
01-07 13:41:57.030 I/System.out(  721): Values: 32
01-07 13:41:58.031 I/System.out(  721): Values: 32
01-07 13:41:59.032 I/System.out(  721): Values: 32
01-07 13:42:00.033 I/System.out(  721): Values: 32
01-07 13:42:01.034 I/System.out(  721): Values: 32
01-07 13:42:02.025 I/System.out(  721): Values: 32
01-07 13:42:03.036 I/System.out(  721): Values: 32
01-07 13:42:04.027 I/System.out(  721): Values: 32
01-07 13:42:05.028 I/System.out(  721): Values: 32
01-07 13:42:06.039 I/System.out(  721): Values: 32
01-07 13:42:07.030 I/System.out(  721): Values: 32
01-07 13:42:08.031 I/System.out(  721): Values: 32
01-07 13:42:09.032 I/System.out(  721): Values: 32
01-07 13:42:10.033 I/System.out(  721): Values: 32
01-07 13:42:11.034 I/System.out(  721): Values: 32
01-07 13:42:12.035 I/System.out(  721): Values: 32
01-07 13:42:13.036 I/System.out(  721): Values: 32
01-07 13:42:14.037 I/System.out(  721): Values: 32
01-07 13:42:15.028 I/System.out(  721): Values: 32
01-07 13:42:16.029 I/System.out(  721): Values: 32
01-07 13:42:17.040 I/System.out(  721): Values: 32
01-07 13:42:18.031 I/System.out(  721): Values: 32
01-07 13:42:19.042 I/System.out(  721): Values: 32
01-07 13:42:20.033 I/System.out(  721): Values: 32
01-07 13:42:21.033 I/System.out(  721): Values: 32
01-07 13:42:22.034 I/System.out(  721): Values: 32
01-07 13:42:23.035 I/System.out(  721): Values: 32
01-07 13:42:24.036 I/System.out(  721): Values: 32
01-07 13:42:25.037 I/System.out(  721): Values: 32
01-07 13:42:26.038 I/System.out(  721): Values: 32
01-07 13:42:27.039 I/System.out(  721): Values: 32
01-07 13:42:28.040 I/System.out(  721): Values: 32
01-07 13:42:29.041 I/System.out(  721): Values: 32
01-07 13:42:30.042 I/System.out(  721): Values: 32
01-07 13:42:31.043 I/System.out(  721): Values: 32
01-07 13:42:32.044 I/System.out(  721): Values: 32
01-07 13:42:33.045 I/System.out(  721): Values: 32
01-07 13:42:34.036 I/System.out(  721): Values: 32
01-07 13:42:35.047 I/System.out(  721): Values: 32
01-07 13:42:36.038 I/System.out(  721): Values: 32
01-07 13:42:37.039 I/System.out(  721): Values: 32
01-07 13:42:38.040 I/System.out(  721): Values: 32
01-07 13:42:39.041 I/System.out(  721): Values: 32
01-07 13:42:40.042 I/System.out(  721): Values: 32
01-07 13:42:41.043 I/System.out(  721): Values: 32
01-07 13:42:42.044 I/System.out(  721): Values: 32
01-07 13:42:43.035 I/System.out(  721): Values: 32
01-07 13:42:44.046 I/System.out(  721): Values: 32
01-07 13:42:45.037 I/System.out(  721): Values: 32
01-07 13:42:46.048 I/System.out(  721): Values: 32
01-07 13:42:47.039 I/System.out(  721): Values: 32
01-07 13:42:48.050 I/System.out(  721): Values: 32
01-07 13:42:49.041 I/System.out(  721): Values: 32
01-07 13:42:50.042 I/System.out(  721): Values: 32
01-07 13:42:51.043 I/System.out(  721): Values: 32
01-07 13:42:52.044 I/System.out(  721): Values: 32
01-07 13:42:53.045 I/System.out(  721): Values: 32
01-07 13:42:54.036 I/System.out(  721): Values: 32
01-07 13:42:55.037 I/System.out(  721): Values: 32
01-07 13:42:56.038 I/System.out(  721): Values: 32
01-07 13:42:57.049 I/System.out(  721): Values: 32
01-07 13:42:58.040 I/System.out(  721): Values: 32
01-07 13:42:59.051 I/System.out(  721): Values: 32
01-07 13:43:00.042 I/System.out(  721): Values: 32
01-07 13:43:01.043 I/System.out(  721): Values: 32
01-07 13:43:01.053 I/System.out(  721): Battery level end is reached
01-07 13:43:01.053 I/System.out(  721): Time difference in secs is: 101
01-07 13:43:02.044 I/System.out(  721): Values: 32
01-07 13:43:02.054 I/System.out(  721): Time difference in secs is: 101
01-07 13:43:03.044 I/System.out(  721): Values: 32
01-07 13:43:03.054 I/System.out(  721): Time difference in secs is: 101
01-07 13:43:04.045 I/System.out(  721): Values: 32
01-07 13:43:04.045 I/System.out(  721): Time difference in secs is: 101
01-07 13:43:05.036 I/System.out(  721): Values: 32
01-07 13:43:05.046 I/System.out(  721): Time difference in secs is: 101
01-07 13:43:06.047 I/System.out(  721): Values: 32
01-07 13:43:06.047 I/System.out(  721): Time difference in secs is: 101
01-07 13:43:06.138 D/dalvikvm(  169): GC_CONCURRENT freed 569K, 51% free 4683K/9415K, external 43K/547K, paused 19ms+4ms
01-07 13:43:07.038 I/System.out(  721): Values: 32
01-07 13:43:07.048 I/System.out(  721): Time difference in secs is: 101
01-07 13:43:08.049 I/System.out(  721): Values: 32
01-07 13:43:08.049 I/System.out(  721): Time difference in secs is: 101
01-07 13:43:09.050 I/System.out(  721): Values: 32
01-07 13:43:09.050 I/System.out(  721): Time difference in secs is: 101
01-07 13:43:10.041 I/System.out(  721): Values: 32
01-07 13:43:10.051 I/System.out(  721): Time difference in secs is: 101
01-07 13:43:11.042 I/System.out(  721): Values: 32
01-07 13:43:11.052 I/System.out(  721): Time difference in secs is: 101
01-07 13:43:12.043 I/System.out(  721): Values: 32
01-07 13:43:12.053 I/System.out(  721): Time difference in secs is: 101
01-07 13:43:13.044 I/System.out(  721): Values: 32
01-07 13:43:13.054 I/System.out(  721): Time difference in secs is: 101
01-07 13:43:14.035 I/System.out(  721): Values: 32
01-07 13:43:14.045 I/System.out(  721): Time difference in secs is: 101
01-07 13:43:15.046 I/System.out(  721): Values: 32
01-07 13:43:15.046 I/System.out(  721): Time difference in secs is: 101
01-07 13:43:16.047 I/System.out(  721): Values: 32
01-07 13:43:16.047 I/System.out(  721): Time difference in secs is: 101
01-07 13:43:17.038 I/System.out(  721): Values: 32
01-07 13:43:17.048 I/System.out(  721): Time difference in secs is: 101
01-07 13:43:18.049 I/System.out(  721): Values: 32
01-07 13:43:18.049 I/System.out(  721): Time difference in secs is: 101
01-07 13:43:19.050 I/System.out(  721): Values: 32
01-07 13:43:19.050 I/System.out(  721): Time difference in secs is: 101
01-07 13:43:20.051 I/System.out(  721): Values: 32
01-07 13:43:20.051 I/System.out(  721): Time difference in secs is: 101
01-07 13:43:21.052 I/System.out(  721): Values: 32
01-07 13:43:21.052 I/System.out(  721): Time difference in secs is: 101
01-07 13:43:22.053 I/System.out(  721): Values: 32
01-07 13:43:22.053 I/System.out(  721): Time difference in secs is: 101
01-07 13:43:23.054 I/System.out(  721): Values: 32
01-07 13:43:23.054 I/System.out(  721): Time difference in secs is: 101
01-07 13:43:24.055 I/System.out(  721): Values: 32
01-07 13:43:24.055 I/System.out(  721): Time difference in secs is: 101
01-07 13:43:25.046 I/System.out(  721): Values: 32
01-07 13:43:25.056 I/System.out(  721): Time difference in secs is: 101
01-07 13:43:26.057 I/System.out(  721): Values: 32
01-07 13:43:26.057 I/System.out(  721): Time difference in secs is: 101
01-07 13:43:27.058 I/System.out(  721): Values: 32
01-07 13:43:27.058 I/System.out(  721): Time difference in secs is: 101
01-07 13:43:28.049 I/System.out(  721): Values: 32
01-07 13:43:28.049 I/System.out(  721): Time difference in secs is: 101
01-07 13:43:29.050 I/System.out(  721): Values: 32
01-07 13:43:29.050 I/System.out(  721): Time difference in secs is: 101
01-07 13:43:30.051 I/System.out(  721): Values: 32
01-07 13:43:30.051 I/System.out(  721): Time difference in secs is: 101
01-07 13:43:31.052 I/System.out(  721): Values: 32
01-07 13:43:31.052 I/System.out(  721): Time difference in secs is: 101
01-07 13:43:32.053 I/System.out(  721): Values: 32
01-07 13:43:32.063 I/System.out(  721): Time difference in secs is: 101
01-07 13:43:33.054 I/System.out(  721): Values: 32
01-07 13:43:33.054 I/System.out(  721): Time difference in secs is: 101
01-07 13:43:34.055 I/System.out(  721): Values: 32
01-07 13:43:34.065 I/System.out(  721): Time difference in secs is: 101
01-07 13:43:34.145 D/dalvikvm(  721): GC_CONCURRENT freed 384K, 55% free 2546K/5575K, external 8K/519K, paused 6ms+2ms
01-07 13:43:35.056 I/System.out(  721): Values: 32
01-07 13:43:35.056 I/System.out(  721): Time difference in secs is: 101
01-07 13:43:36.057 I/System.out(  721): Values: 32
01-07 13:43:36.057 I/System.out(  721): Time difference in secs is: 101
01-07 13:43:37.048 I/System.out(  721): Values: 32
01-07 13:43:37.058 I/System.out(  721): Time difference in secs is: 101
01-07 13:43:38.059 I/System.out(  721): Values: 32
01-07 13:43:38.059 I/System.out(  721): Time difference in secs is: 101
01-07 13:43:39.050 I/System.out(  721): Values: 32
01-07 13:43:39.060 I/System.out(  721): Time difference in secs is: 101
01-07 13:43:40.061 I/System.out(  721): Values: 32
01-07 13:43:40.061 I/System.out(  721): Time difference in secs is: 101
01-07 13:43:41.052 I/System.out(  721): Values: 32
01-07 13:43:41.062 I/System.out(  721): Time difference in secs is: 101
01-07 13:43:42.053 I/System.out(  721): Values: 32
01-07 13:43:42.063 I/System.out(  721): Time difference in secs is: 101
01-07 13:43:43.054 I/System.out(  721): Values: 32
01-07 13:43:43.064 I/System.out(  721): Time difference in secs is: 101
01-07 13:43:44.054 I/System.out(  721): Values: 32
01-07 13:43:44.065 I/System.out(  721): Time difference in secs is: 101
01-07 13:43:45.045 I/System.out(  721): Values: 32
01-07 13:43:45.055 I/System.out(  721): Time difference in secs is: 101
01-07 13:43:46.046 I/System.out(  721): Values: 32
01-07 13:43:46.056 I/System.out(  721): Time difference in secs is: 101
01-07 13:43:46.117 D/SettingsAppWidgetProvider(  594): Widget is from a previous version... Let's update
01-07 13:43:46.117 D/SettingsAppWidgetProvider(  594): No instances yet... Wait for at least one instance to exist before adding global settings
01-07 13:43:47.057 I/System.out(  721): Values: 32
01-07 13:43:47.057 I/System.out(  721): Time difference in secs is: 101
01-07 13:43:47.258 W/Vold    (  111): Ignoring unknown switch 'usb_connected'
01-07 13:43:47.348 D/Vold    (  111): USB connected
01-07 13:43:47.348 D/Vold    (  111): Share method ums now available
01-07 13:43:47.358 I/StorageNotification(  239): UMS connection changed to true (media state mounted)
01-07 13:43:47.388 V/NotificationService(  169): Active profile: Default
01-07 13:43:47.388 I/PROFILE (  169): Group: Gmail containing : com.android.systemui : false
01-07 13:43:47.388 I/PROFILE (  169): Group: Phone containing : com.android.systemui : false
01-07 13:43:47.388 I/PROFILE (  169): Group: Calendar containing : com.android.systemui : false
01-07 13:43:47.388 I/PROFILE (  169): Group: Email containing : com.android.systemui : false
01-07 13:43:47.408 W/ApplicationContext(  169): Unable to create files directory
01-07 13:43:47.408 D/WriteApps(  169): Error: java.lang.NullPointerException
01-07 13:43:47.408 I/PROFILE (  169): Group: SMS containing : com.android.systemui : false
01-07 13:43:47.408 V/ProfileManager(  169): No active group, returning default: Other
01-07 13:43:47.408 V/NotificationService(  169): Pkg: com.android.systemui group: Other
01-07 13:43:47.428 D/Tethering(  169): sendTetherStateChangedBroadcast 1, 0, 0
01-07 13:43:47.428 D/Tethering(  169): interfaceAdded :usb0
01-07 13:43:47.438 V/NotificationService(  169): Active profile: Default
01-07 13:43:47.438 I/PROFILE (  169): Group: Gmail containing : android : false
01-07 13:43:47.438 I/PROFILE (  169): Group: Phone containing : android : false
01-07 13:43:47.438 I/PROFILE (  169): Group: Calendar containing : android : false
01-07 13:43:47.438 I/PROFILE (  169): Group: Email containing : android : false
01-07 13:43:47.438 I/PROFILE (  169): Group: SMS containing : android : false
01-07 13:43:47.438 V/ProfileManager(  169): No active group, returning default: Other
01-07 13:43:47.438 V/NotificationService(  169): Pkg: android group: Other
01-07 13:43:48.048 I/System.out(  721): Values: 32
01-07 13:43:48.058 I/System.out(  721): Time difference in secs is: 101
01-07 13:43:49.049 I/System.out(  721): Values: 32
01-07 13:43:49.059 I/System.out(  721): Time difference in secs is: 101
01-07 13:43:49.850 D/QualcommCameraHardware(  116): stopRecording: E
01-07 13:43:49.850 E/QualcommCameraHardware(  116): in native_stop_recording 
01-07 13:43:49.850 D/QualcommCameraHardware(  116): in native_stop_recording returned 0
01-07 13:43:49.850 E/QualcommCameraHardware(  116): Exiting video thread..
01-07 13:43:49.860 D/MPEG4Writer(  116): 0 chunks are written in the last batch
01-07 13:43:49.860 I/QC_CORE (  116): OMXCORE: qc_omx_component_get_state 4a8bc
01-07 13:43:49.860 I/QC_CORE (  116): OMXCORE: qc_omx_component_send_command 4a8bc, 0 , 2
01-07 13:43:49.860 E/VENC_ENC(  116): send_command::613 sending command MSG_ID_STATE_CHANGE
01-07 13:43:49.860 E/VENC_ENC(  116): component_thread::4135 got MSG_ID_STATE_CHANGE
01-07 13:43:49.860 E/VENC_ENC(  116): process_state_change::4297 Attempt to go to OMX_StateIdle
01-07 13:43:49.860 I/QC_CORE (  116): OMXCORE: qc_omx_component_get_state 4a8bc
01-07 13:43:49.870 E/VENC_ENC(  116): process_driver_msg::4622 received VENC_MSG_STOP from driver
01-07 13:43:49.870 E/VENC_ENC(  116): free_q6_buffers::3902 free q6 buffers
01-07 13:43:49.870 E/VENC_ENC(  116): pmem_free::4902 Free pmem of fd: 54, size:45056
01-07 13:43:49.870 E/VENC_ENC(  116): pmem_free::4902 Free pmem of fd: 55, size:45056
01-07 13:43:49.870 E/VENC_ENC(  116): pmem_free::4902 Free pmem of fd: 56, size:45056
01-07 13:43:49.870 E/VENC_ENC(  116): pmem_free::4902 Free pmem of fd: 57, size:40960
01-07 13:43:49.870 E/VENC_ENC(  116): pmem_free::4902 Free pmem of fd: 58, size:36864
01-07 13:43:49.960 I/QC_CORE (  116): OMXCORE: qc_omx_component_get_state 4a8bc
01-07 13:43:49.960 I/QC_CORE (  116): OMXCORE: qc_omx_component_send_command 4a8bc, 0 , 1
01-07 13:43:49.960 E/VENC_ENC(  116): send_command::613 sending command MSG_ID_STATE_CHANGE
01-07 13:43:49.960 E/VENC_ENC(  116): component_thread::4135 got MSG_ID_STATE_CHANGE
01-07 13:43:49.960 E/VENC_ENC(  116): process_state_change::4271 Attempt to go to OMX_StateLoaded
01-07 13:43:49.960 I/QC_CORE (  116): OMXCORE: qc_omx_component_free_buffer[1] 4a8bc, 4b898
01-07 13:43:49.960 E/VENC_ENC(  116): pmem_free::4902 Free pmem of fd: 53, size:40960
01-07 13:43:49.960 E/VENC_ENC(  116): free_buffer::3709 Done with free_buffer, output
01-07 13:43:49.960 I/QC_CORE (  116): OMXCORE: qc_omx_component_free_buffer[1] 4a8bc, 4b848
01-07 13:43:49.960 E/VENC_ENC(  116): pmem_free::4902 Free pmem of fd: 52, size:40960
01-07 13:43:49.960 E/VENC_ENC(  116): free_buffer::3709 Done with free_buffer, output
01-07 13:43:49.960 I/QC_CORE (  116): OMXCORE: qc_omx_component_free_buffer[1] 4a8bc, 4b7f8
01-07 13:43:49.960 E/VENC_ENC(  116): pmem_free::4902 Free pmem of fd: 51, size:40960
01-07 13:43:49.960 E/VENC_ENC(  116): free_buffer::3709 Done with free_buffer, output
01-07 13:43:49.960 I/QC_CORE (  116): OMXCORE: qc_omx_component_free_buffer[1] 4a8bc, 4b7a8
01-07 13:43:49.960 E/VENC_ENC(  116): pmem_free::4902 Free pmem of fd: 50, size:40960
01-07 13:43:49.960 E/VENC_ENC(  116): free_buffer::3709 Done with free_buffer, output
01-07 13:43:49.960 I/QC_CORE (  116): OMXCORE: qc_omx_component_free_buffer[1] 4a8bc, 4b758
01-07 13:43:49.960 E/VENC_ENC(  116): pmem_free::4902 Free pmem of fd: 49, size:40960
01-07 13:43:49.960 E/VENC_ENC(  116): free_buffer::3709 Done with free_buffer, output
01-07 13:43:49.960 I/QC_CORE (  116): OMXCORE: qc_omx_component_free_buffer[1] 4a8bc, 4b708
01-07 13:43:49.960 E/VENC_ENC(  116): pmem_free::4902 Free pmem of fd: 48, size:40960
01-07 13:43:49.960 E/VENC_ENC(  116): free_buffer::3709 Done with free_buffer, output
01-07 13:43:49.960 I/QC_CORE (  116): OMXCORE: qc_omx_component_free_buffer[0] 4a8bc, 4b488
01-07 13:43:49.960 E/VENC_ENC(  116): pmem_free::4902 Free pmem of fd: 46, size:40960
01-07 13:43:49.960 E/VENC_ENC(  116): free_buffer::3739 Done with free_buffer, input
01-07 13:43:49.960 I/QC_CORE (  116): OMXCORE: qc_omx_component_free_buffer[0] 4a8bc, 4b438
01-07 13:43:49.960 E/VENC_ENC(  116): pmem_free::4902 Free pmem of fd: 45, size:40960
01-07 13:43:49.960 E/VENC_ENC(  116): free_buffer::3739 Done with free_buffer, input
01-07 13:43:49.960 I/QC_CORE (  116): OMXCORE: qc_omx_component_free_buffer[0] 4a8bc, 4b3e8
01-07 13:43:49.960 E/VENC_ENC(  116): pmem_free::4902 Free pmem of fd: 44, size:40960
01-07 13:43:49.960 E/VENC_ENC(  116): free_buffer::3739 Done with free_buffer, input
01-07 13:43:49.960 I/QC_CORE (  116): OMXCORE: qc_omx_component_free_buffer[0] 4a8bc, 4b398
01-07 13:43:49.960 E/VENC_ENC(  116): pmem_free::4902 Free pmem of fd: 43, size:40960
01-07 13:43:49.960 E/VENC_ENC(  116): free_buffer::3739 Done with free_buffer, input
01-07 13:43:49.960 I/QC_CORE (  116): OMXCORE: qc_omx_component_free_buffer[0] 4a8bc, 4b348
01-07 13:43:49.960 E/VENC_ENC(  116): pmem_free::4902 Free pmem of fd: 42, size:40960
01-07 13:43:49.960 E/VENC_ENC(  116): free_buffer::3739 Done with free_buffer, input
01-07 13:43:49.960 I/QC_CORE (  116): OMXCORE: qc_omx_component_free_buffer[0] 4a8bc, 4b2f8
01-07 13:43:49.960 E/VENC_ENC(  116): pmem_free::4902 Free pmem of fd: 41, size:40960
01-07 13:43:49.960 E/VENC_ENC(  116): free_buffer::3739 Done with free_buffer, input
01-07 13:43:49.960 E/VENC_ENC(  116): free_buffer::3749 free buffer done, switch to loaded state
01-07 13:43:49.960 I/QC_CORE (  116): OMXCORE: qc_omx_component_get_state 4a8bc
01-07 13:43:49.960 I/QC_CORE (  116): OMXCORE: qc_omx_component_deinit 4a8bc
01-07 13:43:49.960 I/QC_CORE (  116): Calling FreeHandle in state 1 
01-07 13:43:49.960 E/VENC_ENC(  116): component_deinit::4007 deinitializing component...
01-07 13:43:49.970 E/VENC_ENC(  116): component_thread::4113 got MSG_ID_EXIT
01-07 13:43:49.970 E/VENC_ENC(  116): component_thread::4155 component thread is exiting
01-07 13:43:49.970 E/VENC_ENC(  116): reader_thread::4203 reader thread exiting
01-07 13:43:49.970 E/VENC_ENC(  116): ~Venc::171 deconstructor (closing driver)
01-07 13:43:49.970 E/VENC_ENC(  116): ven_device_close::1747 ven_device_close
01-07 13:43:49.970 D/QualcommCameraHardware(  116): stopPreview: E
01-07 13:43:49.970 D/QualcommCameraHardware(  116): stopPreviewInternal E: 1
01-07 13:43:49.970 I/QualcommCameraHardware(  116): deinitPreview E
01-07 13:43:49.970 D/QualcommCameraHardware(  116): launch_watchdog_thread:
01-07 13:43:49.970 D/QualcommCameraHardware(  116): watchdog_thread_id = 132464
01-07 13:43:49.970 I/QualcommCameraHardware(  116): deinitPreview X
01-07 13:43:49.970 D/QualcommCameraHardware(  116): stopPreviewInternal X: 0
01-07 13:43:49.970 D/QualcommCameraHardware(  116): stopPreview: X
01-07 13:43:49.970 D/QualcommCameraHardware(  116): release E
01-07 13:43:49.970 D/QualcommCameraHardware(  116): deinitRaw E
01-07 13:43:49.970 D/QualcommCameraHardware(  116): deinitRaw X
01-07 13:43:49.980 D/mm-camera-ctrlcmd(  116): config_proc_CAMERA_STOP_SNAPSHOT: received CAMERA_STOP_SNAPSHOT!, ctrl->state = 25
01-07 13:43:49.980 D/mm-camera-ctrlcmd(  116): config_proc_CAMERA_STOP_SNAPSHOT: invalid state 25
01-07 13:43:49.980 D/QualcommCameraHardware(  116): dlclose(libqcamera)
01-07 13:43:49.980 D/QualcommCameraHardware(  116): release X
01-07 13:43:49.980 I/QualcommCameraHardware(  116): register_buf: camfd = 30, reg = 1 buffer = 0x413bc000
01-07 13:43:49.980 I/QualcommCameraHardware(  116): register_buf: camfd = 30, reg = 1 buffer = 0x4143c000
01-07 13:43:49.980 I/QualcommCameraHardware(  116): register_buf: camfd = 30, reg = 1 buffer = 0x414bc000
01-07 13:43:49.980 I/QualcommCameraHardware(  116): register_buf: camfd = 30, reg = 1 buffer = 0x4153c000
01-07 13:43:49.980 I/QualcommCameraHardware(  116): register_buf: camfd = 33, reg = 1 buffer = 0x41682000
01-07 13:43:49.980 I/QualcommCameraHardware(  116): register_buf: camfd = 33, reg = 1 buffer = 0x41702000
01-07 13:43:49.980 I/QualcommCameraHardware(  116): register_buf: camfd = 33, reg = 1 buffer = 0x41782000
01-07 13:43:49.980 I/QualcommCameraHardware(  116): register_buf: camfd = 33, reg = 1 buffer = 0x41802000
01-07 13:43:49.980 I/QualcommCameraHardware(  116): register_buf: camfd = 33, reg = 1 buffer = 0x41882000
01-07 13:43:49.980 I/QualcommCameraHardware(  116): register_buf: camfd = 33, reg = 1 buffer = 0x41902000
01-07 13:43:49.980 I/QualcommCameraHardware(  116): register_buf: camfd = 33, reg = 1 buffer = 0x41982000
01-07 13:43:49.980 I/QualcommCameraHardware(  116): register_buf: camfd = 33, reg = 1 buffer = 0x41a02000
01-07 13:43:50.050 I/System.out(  721): Values: 3104
01-07 13:43:50.060 I/System.out(  721): Time difference in secs is: 101
01-07 13:43:50.090 D/QualcommCameraHardware(  116): void* watchdog(void*), frame_thread_released = 0, cnt = 0
01-07 13:43:50.190 D/QualcommCameraHardware(  116): void* watchdog(void*), frame_thread_released = 0, cnt = 1
01-07 13:43:50.210 D/QualcommCameraHardware(  116): frame_thread X
01-07 13:43:50.221 D/QualcommCameraHardware(  116): watchdog_thread_id = 132464
01-07 13:43:50.221 D/QualcommCameraHardware(  116): release_watchdog_thread: frame_thread_released = 1
01-07 13:43:50.291 D/QualcommCameraHardware(  116): void* watchdog(void*), frame_thread_released = 1, cnt = 2
01-07 13:43:50.291 D/QualcommCameraHardware(  116): void* watchdog(void*), exit, frame_thread_released=1
01-07 13:43:50.291 D/QualcommCameraHardware(  116): void release_watchdog_thread(): pthread_join succeeded on watchdog.
01-07 13:43:50.291 D/QualcommCameraHardware(  116): ~QualcommCameraHardware E
01-07 13:43:50.291 D/QualcommCameraHardware(  116): ~QualcommCameraHardware X
01-07 13:43:50.401 I/ActivityManager(  169): No longer want com.android.music (pid 521): hidden #16
01-07 13:43:51.061 I/System.out(  721): Values: 3104
01-07 13:43:51.061 I/System.out(  721): Time difference in secs is: 101
01-07 13:43:52.062 I/System.out(  721): Values: 3104
01-07 13:43:52.062 I/System.out(  721): Time difference in secs is: 101
01-07 13:43:53.063 I/System.out(  721): Values: 3104
01-07 13:43:53.073 I/System.out(  721): Time difference in secs is: 101
01-07 13:43:54.064 I/System.out(  721): Values: 3104
01-07 13:43:54.064 I/System.out(  721): Time difference in secs is: 101
01-07 13:43:55.065 I/System.out(  721): Values: 3104
01-07 13:43:55.065 I/System.out(  721): Time difference in secs is: 101
01-07 13:43:55.476 D/dalvikvm(  721): GC_EXPLICIT freed 76K, 55% free 2537K/5575K, external 8K/519K, paused 81ms
01-07 13:43:56.066 I/System.out(  721): Values: 3104
01-07 13:43:56.066 I/System.out(  721): Time difference in secs is: 101
01-07 13:43:57.067 I/System.out(  721): Values: 3104
01-07 13:43:57.067 I/System.out(  721): Time difference in secs is: 101
01-07 13:43:58.068 I/System.out(  721): Values: 3104
01-07 13:43:58.078 I/System.out(  721): Time difference in secs is: 101
01-07 13:43:59.069 I/System.out(  721): Values: 3104
01-07 13:43:59.069 I/System.out(  721): Time difference in secs is: 101
01-07 13:44:00.070 I/System.out(  721): Values: 3104
01-07 13:44:00.080 I/System.out(  721): Time difference in secs is: 101
01-07 13:44:01.081 I/System.out(  721): Values: 3104
01-07 13:44:01.081 I/System.out(  721): Time difference in secs is: 101
01-07 13:44:02.082 I/System.out(  721): Values: 3104
01-07 13:44:02.082 I/System.out(  721): Time difference in secs is: 101
01-07 13:44:03.083 I/System.out(  721): Values: 3104
01-07 13:44:03.093 I/System.out(  721): Time difference in secs is: 101
01-07 13:44:04.084 I/System.out(  721): Values: 3104
01-07 13:44:04.104 I/System.out(  721): Time difference in secs is: 101
01-07 13:44:05.075 I/System.out(  721): Values: 3104
01-07 13:44:05.075 I/System.out(  721): Time difference in secs is: 101
01-07 13:44:05.085 D/dalvikvm(  594): GC_EXPLICIT freed 6K, 54% free 2637K/5639K, external 0K/0K, paused 39ms
01-07 13:44:06.086 I/System.out(  721): Values: 3104
01-07 13:44:06.096 I/System.out(  721): Time difference in secs is: 101
01-07 13:44:07.087 I/System.out(  721): Values: 3104
01-07 13:44:07.087 I/System.out(  721): Time difference in secs is: 101
