--------- beginning of /dev/log/system
03-24 18:43:05.906 I/ActivityManager(  523): START u0 {flg=0x10000000 cmp=android/.accounts.ChooseTypeAndAccountActivity bnds=[40,261][1160,1077] (has extras)} from pid -1
--------- beginning of /dev/log/main
03-24 18:43:05.926 D/audio_hw_primary(  180): start_output_stream: enter: usecase(1: low-latency-playback) devices(0x2)
03-24 18:43:05.926 D/audio_hw_primary(  180): select_devices: out_snd_device(2: speaker) in_snd_device(0: none)
03-24 18:43:05.926 D/audio_hw_primary(  180): enable_snd_device: sending audio calibration for snd_device(2) acdb_id(14)
03-24 18:43:05.926 D/ACDB-LOADER(  180): ACDB -> send_afe_cal
03-24 18:43:05.926 D/audio_hw_primary(  180): enable_snd_device: snd_device(2: speaker)
03-24 18:43:05.936 D/audio_hw_primary(  180): enable_audio_route: apply mixer path: low-latency-playback
03-24 18:43:05.946 D/audio_hw_primary(  180): start_output_stream: exit
03-24 18:43:05.986 D/dalvikvm(  523): GC_FOR_ALLOC freed 1735K, 20% free 16289K/20292K, paused 58ms, total 58ms
03-24 18:43:06.006 I/ActivityManager(  523): Start proc android:ui for activity android/.accounts.ChooseTypeAndAccountActivity: pid=14494 uid=1000 gids={41000, 1015, 1028, 3002, 3001, 3003, 3007}
03-24 18:43:06.096 D/libEGL  (14494): loaded /system/lib/egl/libEGL_adreno200.so
03-24 18:43:06.096 D/libEGL  (14494): loaded /system/lib/egl/libGLESv1_CM_adreno200.so
03-24 18:43:06.096 D/libEGL  (14494): loaded /system/lib/egl/libGLESv2_adreno200.so
03-24 18:43:06.096 I/Adreno200-EGL(14494): <qeglDrvAPI_eglInitialize:265>: EGL 1.4 QUALCOMM Build: Iabe52cfaeae4c5fab1acacfe6f056ba15fa93274
03-24 18:43:06.136 D/OpenGLRenderer(14494): Enabling debug mode 0
03-24 18:43:06.136 I/ActivityManager(  523): START u0 {flg=0x80000 cmp=com.google.android.gsf.login/.AccountIntroActivity (has extras)} from pid 14494
03-24 18:43:06.436 I/WindowManager(  523): Screenshot max retries 4 of Token{42a8b088 ActivityRecord{42b4ed20 u0 android/.accounts.ChooseTypeAndAccountActivity}} appWin=Window{42748d90 u0 android/android.accounts.ChooseTypeAndAccountActivity} drawState=1
03-24 18:43:06.436 W/WindowManager(  523): Screenshot failure taking screenshot for (1200x1920) to layer 21010
03-24 18:43:06.546 I/GLSActivity(14240): Starting account intro Intent { flg=0x80000 cmp=com.google.android.gsf.login/.AccountIntroActivity (has extras) }
03-24 18:43:06.546 I/ActivityManager(  523): START u0 {cmp=com.google.android.gsf.login/.AccountIntroUIActivity (has extras)} from pid 14240
03-24 18:43:06.636 D/libEGL  (14240): loaded /system/lib/egl/libEGL_adreno200.so
03-24 18:43:06.636 D/libEGL  (14240): loaded /system/lib/egl/libGLESv1_CM_adreno200.so
03-24 18:43:06.646 D/libEGL  (14240): loaded /system/lib/egl/libGLESv2_adreno200.so
03-24 18:43:06.656 I/Adreno200-EGL(14240): <qeglDrvAPI_eglInitialize:265>: EGL 1.4 QUALCOMM Build: Iabe52cfaeae4c5fab1acacfe6f056ba15fa93274
03-24 18:43:06.706 D/OpenGLRenderer(14240): Enabling debug mode 0
03-24 18:43:06.807 I/ActivityManager(  523): Displayed com.google.android.gsf.login/.AccountIntroUIActivity: +253ms (total +814ms)
03-24 18:43:06.807 I/ActivityManager(  523): Displayed android/.accounts.ChooseTypeAndAccountActivity: +814ms
03-24 18:43:06.867 D/dalvikvm(  523): GC_CONCURRENT freed 2278K, 23% free 15750K/20292K, paused 3ms+4ms, total 56ms
03-24 18:43:08.558 D/dalvikvm(  523): GC_CONCURRENT freed 572K, 17% free 16850K/20292K, paused 4ms+5ms, total 62ms
03-24 18:43:08.558 D/dalvikvm(  523): WAIT_FOR_CONCURRENT_GC blocked 47ms
03-24 18:43:08.578 I/ActivityManager(  523): START u0 {act=com.android.systemui.recent.action.TOGGLE_RECENTS flg=0x10800000 cmp=com.android.systemui/.recent.RecentsActivity (has extras)} from pid 612
03-24 18:43:08.628 D/dalvikvm(  523): GC_FOR_ALLOC freed 1114K, 17% free 16850K/20292K, paused 47ms, total 47ms
03-24 18:43:08.718 I/ActivityManager(  523): Displayed com.android.systemui/.recent.RecentsActivity: +88ms
03-24 18:43:09.739 D/dalvikvm(  523): GC_FOR_ALLOC freed 1135K, 17% free 16857K/20292K, paused 84ms, total 84ms
03-24 18:43:09.749 I/ActivityManager(  523): Killing 14494:android:ui/1000: remove task
03-24 18:43:09.769 I/WindowState(  523): WIN DEATH: Window{42748d90 u0 android/android.accounts.ChooseTypeAndAccountActivity}
03-24 18:43:11.691 D/audio_hw_primary(  180): out_standby: enter: usecase(1: low-latency-playback)
03-24 18:43:11.741 D/audio_hw_primary(  180): stop_output_stream: enter: usecase(1: low-latency-playback)
03-24 18:43:11.741 D/audio_hw_primary(  180): disable_audio_route: reset mixer path: low-latency-playback
03-24 18:43:11.741 D/audio_hw_primary(  180): disable_snd_device: snd_device(2: speaker)
03-24 18:43:11.741 D/audio_hw_primary(  180): stop_output_stream: exit: status(0)
03-24 18:43:11.741 D/audio_hw_primary(  180): out_standby: exit
03-24 18:43:14.854 D/AndroidRuntime(14524): 
03-24 18:43:14.854 D/AndroidRuntime(14524): >>>>>> AndroidRuntime START com.android.internal.os.RuntimeInit <<<<<<
03-24 18:43:14.854 D/AndroidRuntime(14524): CheckJNI is OFF
03-24 18:43:14.864 D/dalvikvm(14524): Trying to load lib libjavacore.so 0x0
03-24 18:43:14.864 D/dalvikvm(14524): Added shared lib libjavacore.so 0x0
03-24 18:43:14.874 D/dalvikvm(14524): Trying to load lib libnativehelper.so 0x0
03-24 18:43:14.874 D/dalvikvm(14524): Added shared lib libnativehelper.so 0x0
03-24 18:43:14.995 D/AndroidRuntime(14524): Calling main entry com.android.commands.pm.Pm
03-24 18:43:15.005 D/Finsky  (13931): [1] PackageVerificationReceiver.checkPrerequisites: Skipping verification because network inactive
03-24 18:43:15.005 W/ActivityManager(  523): No content provider found for permission revoke: file:///data/local/tmp/locy.apk
03-24 18:43:15.015 D/Finsky  (13931): [1] PackageVerificationReceiver.checkPrerequisites: Skipping verification because network inactive
03-24 18:43:15.015 W/ActivityManager(  523): No content provider found for permission revoke: file:///data/local/tmp/locy.apk
03-24 18:43:15.015 I/PackageManager(  523): Copying native libraries to /data/app-lib/vmdl-979386916
03-24 18:43:15.015 W/PackageManager(  523): Invalid verification token 17 received
03-24 18:43:15.055 I/ActivityManager(  523): Force stopping package uk.ac.st_andrews.cs.host.mk74.locy appid=10100 user=-1
03-24 18:43:15.135 I/PackageManager(  523): Running dexopt on: uk.ac.st_andrews.cs.host.mk74.locy
03-24 18:43:15.135 I/PackageManager(  523): Package uk.ac.st_andrews.cs.host.mk74.locy codePath changed from /data/app/uk.ac.st_andrews.cs.host.mk74.locy-1.apk to /data/app/uk.ac.st_andrews.cs.host.mk74.locy-2.apk; Retaining data and using new
03-24 18:43:15.405 D/dalvikvm(14539): DexOpt: load 47ms, verify+opt 173ms, 1010372 bytes
03-24 18:43:15.455 W/PackageManager(  523): Code path for pkg : uk.ac.st_andrews.cs.host.mk74.locy changing from /data/app/uk.ac.st_andrews.cs.host.mk74.locy-1.apk to /data/app/uk.ac.st_andrews.cs.host.mk74.locy-2.apk
03-24 18:43:15.455 I/ActivityManager(  523): Force stopping package uk.ac.st_andrews.cs.host.mk74.locy appid=10100 user=-1
03-24 18:43:15.455 W/PackageManager(  523): Resource path for pkg : uk.ac.st_andrews.cs.host.mk74.locy changing from /data/app/uk.ac.st_andrews.cs.host.mk74.locy-1.apk to /data/app/uk.ac.st_andrews.cs.host.mk74.locy-2.apk
03-24 18:43:15.575 D/dalvikvm(  523): GC_CONCURRENT freed 1881K, 17% free 16980K/20292K, paused 2ms+5ms, total 60ms
03-24 18:43:15.575 D/dalvikvm(  523): WAIT_FOR_CONCURRENT_GC blocked 22ms
03-24 18:43:15.615 I/ActivityManager(  523): Force stopping package uk.ac.st_andrews.cs.host.mk74.locy appid=10100 user=0
03-24 18:43:15.645 D/dalvikvm(  789): GC_EXPLICIT freed 740K, 22% free 16894K/21404K, paused 2ms+3ms, total 27ms
03-24 18:43:15.665 D/dalvikvm(  612): GC_EXPLICIT freed 200K, 71% free 15064K/50252K, paused 1ms+12ms, total 40ms
03-24 18:43:15.675 D/dalvikvm(14142): GC_EXPLICIT freed 113K, 5% free 9257K/9680K, paused 2ms+2ms, total 27ms
03-24 18:43:15.685 I/InputReader(  523): Reconfiguring input devices.  changes=0x00000010
03-24 18:43:15.695 D/dalvikvm(13964): GC_EXPLICIT freed 193K, 6% free 9178K/9720K, paused 1ms+5ms, total 24ms
03-24 18:43:15.715 W/ContextImpl(14021): Calling a method in the system process without a qualified user: android.app.ContextImpl.startService:1385 android.content.ContextWrapper.startService:473 android.content.ContextWrapper.startService:473 com.android.keychain.KeyChainBroadcastReceiver.onReceive:12 android.app.ActivityThread.handleReceiver:2424 
03-24 18:43:15.715 W/ActivityManager(  523): Skipping broadcast of Intent { act=android.intent.action.PACKAGE_REMOVED dat=package:uk.ac.st_andrews.cs.host.mk74.locy flg=0x8000010 (has extras) }: user 10 is stopped
03-24 18:43:15.725 I/InputReader(  523): Reconfiguring input devices.  changes=0x00000010
03-24 18:43:15.735 D/dalvikvm(  777): GC_CONCURRENT freed 379K, 5% free 9285K/9744K, paused 1ms+4ms, total 20ms
03-24 18:43:15.735 D/dalvikvm(  777): WAIT_FOR_CONCURRENT_GC blocked 11ms
03-24 18:43:15.745 W/ActivityManager(  523): Skipping broadcast of Intent { act=android.intent.action.PACKAGE_ADDED dat=package:uk.ac.st_andrews.cs.host.mk74.locy flg=0x8000010 (has extras) }: user 10 is stopped
03-24 18:43:15.755 W/ActivityManager(  523): Skipping broadcast of Intent { act=android.intent.action.PACKAGE_REPLACED dat=package:uk.ac.st_andrews.cs.host.mk74.locy flg=0x8000010 (has extras) }: user 10 is stopped
03-24 18:43:15.755 W/ActivityManager(  523): Skipping broadcast of Intent { act=android.intent.action.MY_PACKAGE_REPLACED flg=0x8000010 pkg=uk.ac.st_andrews.cs.host.mk74.locy (has extras) }: user 10 is stopped
03-24 18:43:15.755 D/BackupManagerService(  523): Received broadcast Intent { act=android.intent.action.PACKAGE_REMOVED dat=package:uk.ac.st_andrews.cs.host.mk74.locy flg=0x8000010 (has extras) }
03-24 18:43:15.765 D/BackupManagerService(  523): Received broadcast Intent { act=android.intent.action.PACKAGE_ADDED dat=package:uk.ac.st_andrews.cs.host.mk74.locy flg=0x8000010 (has extras) }
03-24 18:43:15.765 V/BackupManagerService(  523): removePackageParticipantsLocked: uid=10100 #1
03-24 18:43:15.775 V/BackupManagerService(  523): addPackageParticipantsLocked: #1
03-24 18:43:15.845 D/dalvikvm(  523): GC_EXPLICIT freed 1221K, 19% free 16480K/20292K, paused 4ms+10ms, total 97ms
03-24 18:43:15.855 D/AndroidRuntime(14524): Shutting down VM
03-24 18:43:15.855 D/jdwp    (14524): Got wake-up signal, bailing out of select
03-24 18:43:15.855 D/dalvikvm(14524): Debugger has detached; object registry had 1 entries
03-24 18:43:15.955 I/GCoreUlr(  732): Ensuring that reporting is stopped because of reasons: (no Google accounts)
03-24 18:43:15.955 D/GCoreFlp(  732): Unknown pending intent to remove.
03-24 18:43:15.955 I/GCoreUlr(  732): Unbound from all location providers
03-24 18:43:16.416 D/AndroidRuntime(14574): 
03-24 18:43:16.416 D/AndroidRuntime(14574): >>>>>> AndroidRuntime START com.android.internal.os.RuntimeInit <<<<<<
03-24 18:43:16.416 D/AndroidRuntime(14574): CheckJNI is OFF
03-24 18:43:16.426 D/dalvikvm(14574): Trying to load lib libjavacore.so 0x0
03-24 18:43:16.426 D/dalvikvm(14574): Added shared lib libjavacore.so 0x0
03-24 18:43:16.436 D/dalvikvm(14574): Trying to load lib libnativehelper.so 0x0
03-24 18:43:16.436 D/dalvikvm(14574): Added shared lib libnativehelper.so 0x0
03-24 18:43:16.566 D/AndroidRuntime(14574): Calling main entry com.android.commands.am.Am
03-24 18:43:16.566 D/dalvikvm(14574): Note: class Landroid/app/ActivityManagerNative; has 163 unimplemented (abstract) methods
03-24 18:43:16.576 I/ActivityManager(  523): START u0 {act=android.intent.action.MAIN cat=[android.intent.category.LAUNCHER] flg=0x10000000 cmp=uk.ac.st_andrews.cs.host.mk74.locy/.MainActivity} from pid 14574
03-24 18:43:16.656 D/dalvikvm(  523): GC_FOR_ALLOC freed 1440K, 19% free 16453K/20292K, paused 57ms, total 57ms
03-24 18:43:16.666 D/AndroidRuntime(14574): Shutting down VM
03-24 18:43:16.666 D/jdwp    (14574): Got wake-up signal, bailing out of select
03-24 18:43:16.666 D/dalvikvm(14574): Debugger has detached; object registry had 1 entries
03-24 18:43:16.686 I/ActivityManager(  523): Start proc uk.ac.st_andrews.cs.host.mk74.locy for activity uk.ac.st_andrews.cs.host.mk74.locy/.MainActivity: pid=14588 uid=10100 gids={50100, 1028}
03-24 18:43:16.696 D/dalvikvm(14588): Late-enabling CheckJNI
03-24 18:43:16.866 D/libEGL  (14588): loaded /system/lib/egl/libEGL_adreno200.so
03-24 18:43:16.866 D/libEGL  (14588): loaded /system/lib/egl/libGLESv1_CM_adreno200.so
03-24 18:43:16.876 D/libEGL  (14588): loaded /system/lib/egl/libGLESv2_adreno200.so
03-24 18:43:16.876 I/Adreno200-EGL(14588): <qeglDrvAPI_eglInitialize:265>: EGL 1.4 QUALCOMM Build: Iabe52cfaeae4c5fab1acacfe6f056ba15fa93274
03-24 18:43:16.916 D/OpenGLRenderer(14588): Enabling debug mode 0
03-24 18:43:16.936 D/dalvikvm(13964): GC_CONCURRENT freed 236K, 4% free 9353K/9720K, paused 1ms+2ms, total 16ms
03-24 18:43:16.966 I/ActivityManager(  523): Displayed uk.ac.st_andrews.cs.host.mk74.locy/.MainActivity: +299ms
03-24 18:43:16.966 W/ActivityManager(  523): Permission denied: checkComponentPermission() owningUid=10057
03-24 18:43:16.966 W/ActivityManager(  523): Permission denied: checkComponentPermission() owningUid=10057
03-24 18:43:16.976 W/ActivityManager(  523): Permission denied: checkComponentPermission() owningUid=10057
03-24 18:43:16.976 W/ActivityManager(  523): Permission denied: checkComponentPermission() owningUid=10057
03-24 18:43:16.996 W/ActivityManager(  523): Permission denied: checkComponentPermission() owningUid=10057
03-24 18:43:16.996 D/dalvikvm(14117): GC_CONCURRENT freed 389K, 5% free 9224K/9652K, paused 3ms+2ms, total 19ms
03-24 18:43:16.996 W/ActivityManager(  523): Permission denied: checkComponentPermission() owningUid=10057
03-24 18:43:17.007 W/ActivityManager(  523): Permission denied: checkComponentPermission() owningUid=10057
03-24 18:43:17.007 W/ActivityManager(  523): Permission denied: checkComponentPermission() owningUid=10057
03-24 18:43:17.027 W/ActivityManager(  523): Permission denied: checkComponentPermission() owningUid=10057
03-24 18:43:17.027 W/ActivityManager(  523): Permission denied: checkComponentPermission() owningUid=10057
03-24 18:43:17.437 I/rmt_storage(  185): rmt_storage_rw_iovec_cb: /boot/modem_fs2: clnt_h=0x2: req_h=0x21 msg_id=3: R/W request received
03-24 18:43:17.437 I/rmt_storage(  185): wakelock acquired: 1, error no: 110
03-24 18:43:17.437 I/rmt_storage(  185): rmt_storage_client_thread: /boot/modem_fs2: clnt_h=0x2 Unblock worker thread (th_id: -1212791488)
03-24 18:43:17.457 I/rmt_storage(  185): rmt_storage_client_thread: /boot/modem_fs2: clnt_h=0x2: req_h=0x21 msg_id=3: Bytes written = 261632
03-24 18:43:17.457 I/rmt_storage(  185): rmt_storage_client_thread: /boot/modem_fs2: clnt_h=0x2: req_h=0x21 msg_id=3: Bytes written = 512
03-24 18:43:17.457 I/rmt_storage(  185): rmt_storage_client_thread: /boot/modem_fs2: clnt_h=0x2: req_h=0x21 msg_id=3: Send response: res=0 err=0
03-24 18:43:17.457 I/rmt_storage(  185): rmt_storage_client_thread: /boot/modem_fs2: clnt_h=0x2 About to block rmt_storage client thread (th_id: -1212791488) wakelock released: 1, error no: 0
03-24 18:43:17.457 I/rmt_storage(  185): 
03-24 18:43:18.468 D/dalvikvm(14588): Debugger has detached; object registry had 1 entries
03-24 18:43:18.548 I/ActivityManager(  523): Start proc com.android.chrome for broadcast com.android.chrome/org.chromium.base.PowerStatusReceiver: pid=14616 uid=10009 gids={50009, 1006, 3003, 1015, 1028}
03-24 18:43:18.598 I/ActivityManager(  523): Start proc com.google.android.apps.uploader for broadcast com.google.android.apps.uploader/com.google.android.picasasync.BatteryReceiver: pid=14639 uid=10040 gids={50040, 3003, 1015, 1028}
03-24 18:43:18.608 D/UploadsManager(13988):    wifiOnlyPhoto changed to true
03-24 18:43:18.608 D/UploadsManager(13988):    wifiOnlyVideo changed to true
03-24 18:43:18.608 D/UploadsManager(13988):    syncOnBattery changed to true
03-24 18:43:18.608 D/PicasaSync(13988): sync account database
03-24 18:43:18.628 D/PicasaSync(13988): accounts in DB=0
03-24 18:43:18.628 D/PicasaSyncManager(13988): background data: true
03-24 18:43:18.638 D/PicasaSyncManager(13988): battery info: false
03-24 18:43:18.658 D/PicasaUploader(14639):    wifiOnlyPhoto changed to true
03-24 18:43:18.658 D/PicasaUploader(14639):    wifiOnlyVideo changed to true
03-24 18:43:18.658 D/PicasaUploader(14639):    syncOnBattery changed to true
03-24 18:43:18.658 D/PicasaUploaderSync(14639): sync account database
03-24 18:43:18.668 D/PicasaUploaderSync(14639): accounts in DB=0
03-24 18:43:18.668 D/PicasaUploaderSyncManager(14639): background data: true
03-24 18:43:18.668 D/PicasaUploaderSyncManager(14639): battery info: false
03-24 18:43:19.829 I/System.out(14588): Location: 0.0 0.0 | GPSNavigator running:true
03-24 18:43:19.829 I/System.out(14588): Battery level: 100 | Time difference: -1
03-24 18:43:22.832 I/System.out(14588): Location: 0.0 0.0 | GPSNavigator running:true
03-24 18:43:22.832 I/System.out(14588): Battery level: 100 | Time difference: -1
03-24 18:43:25.845 I/System.out(14588): Location: 0.0 0.0 | GPSNavigator running:false
03-24 18:43:25.845 I/System.out(14588): Battery level: 100 | Time difference: -1
03-24 18:43:28.848 I/System.out(14588): Location: 0.0 0.0 | GPSNavigator running:false
03-24 18:43:28.848 I/System.out(14588): Battery level: 100 | Time difference: -1
03-24 18:43:30.920 D/dalvikvm(13931): GC_CONCURRENT freed 434K, 5% free 9386K/9860K, paused 3ms+1ms, total 16ms
03-24 18:43:31.000 D/Finsky  (13931): [1] 5.onFinished: Installation state replication succeeded.
03-24 18:43:31.851 I/System.out(14588): Location: 0.0 0.0 | GPSNavigator running:false
03-24 18:43:31.851 I/System.out(14588): Battery level: 100 | Time difference: -1
03-24 18:43:34.844 I/System.out(14588): Location: 0.0 0.0 | GPSNavigator running:false
03-24 18:43:34.844 I/System.out(14588): Battery level: 100 | Time difference: -1
03-24 18:43:37.847 I/System.out(14588): Location: 0.0 0.0 | GPSNavigator running:false
03-24 18:43:37.847 I/System.out(14588): Battery level: 100 | Time difference: -1
03-24 18:43:38.467 D/dalvikvm(14588): GC_CONCURRENT freed 184K, 3% free 9065K/9288K, paused 9ms+1ms, total 64ms
03-24 18:43:40.840 I/System.out(14588): Location: 0.0 0.0 | GPSNavigator running:false
03-24 18:43:40.840 I/System.out(14588): Battery level: 100 | Time difference: -1
03-24 18:43:43.853 I/System.out(14588): Location: 0.0 0.0 | GPSNavigator running:false
03-24 18:43:43.853 I/System.out(14588): Battery level: 100 | Time difference: -1
03-24 18:43:46.846 I/System.out(14588): Location: 0.0 0.0 | GPSNavigator running:false
03-24 18:43:46.846 I/System.out(14588): Battery level: 100 | Time difference: -1
03-24 18:43:49.849 I/System.out(14588): Location: 0.0 0.0 | GPSNavigator running:false
03-24 18:43:49.849 I/System.out(14588): Battery level: 100 | Time difference: -1
03-24 18:43:52.841 I/System.out(14588): Location: 0.0 0.0 | GPSNavigator running:false
03-24 18:43:52.841 I/System.out(14588): Battery level: 100 | Time difference: -1
03-24 18:43:55.844 I/System.out(14588): Location: 0.0 0.0 | GPSNavigator running:false
03-24 18:43:55.854 I/System.out(14588): Battery level: 100 | Time difference: -1
03-24 18:43:58.847 I/System.out(14588): Location: 0.0 0.0 | GPSNavigator running:false
03-24 18:43:58.847 I/System.out(14588): Battery level: 100 | Time difference: -1
03-24 18:44:01.850 I/System.out(14588): Location: 0.0 0.0 | GPSNavigator running:false
03-24 18:44:01.850 I/System.out(14588): Battery level: 100 | Time difference: -1
03-24 18:44:04.853 I/System.out(14588): Location: 0.0 0.0 | GPSNavigator running:false
03-24 18:44:04.853 I/System.out(14588): Battery level: 100 | Time difference: -1
03-24 18:44:07.856 I/System.out(14588): Location: 0.0 0.0 | GPSNavigator running:false
03-24 18:44:07.856 I/System.out(14588): Battery level: 100 | Time difference: -1
03-24 18:44:10.859 I/System.out(14588): Location: 0.0 0.0 | GPSNavigator running:false
03-24 18:44:10.859 I/System.out(14588): Battery level: 100 | Time difference: -1
03-24 18:44:13.852 I/System.out(14588): Location: 0.0 0.0 | GPSNavigator running:false
03-24 18:44:13.852 I/System.out(14588): Battery level: 100 | Time difference: -1
03-24 18:44:16.855 I/System.out(14588): Location: 0.0 0.0 | GPSNavigator running:false
03-24 18:44:16.855 I/System.out(14588): Battery level: 100 | Time difference: -1
03-24 18:44:19.858 I/System.out(14588): Location: 0.0 0.0 | GPSNavigator running:false
03-24 18:44:19.858 I/System.out(14588): Battery level: 100 | Time difference: -1
03-24 18:44:22.851 I/System.out(14588): Location: 0.0 0.0 | GPSNavigator running:false
03-24 18:44:22.851 I/System.out(14588): Battery level: 100 | Time difference: -1
03-24 18:44:25.854 I/System.out(14588): Location: 0.0 0.0 | GPSNavigator running:false
03-24 18:44:25.854 I/System.out(14588): Battery level: 100 | Time difference: -1
03-24 18:44:28.857 I/System.out(14588): Location: 0.0 0.0 | GPSNavigator running:false
03-24 18:44:28.857 I/System.out(14588): Battery level: 100 | Time difference: -1
03-24 18:44:31.860 I/System.out(14588): Location: 0.0 0.0 | GPSNavigator running:false
03-24 18:44:31.860 I/System.out(14588): Battery level: 100 | Time difference: -1
03-24 18:44:34.862 I/System.out(14588): Location: 0.0 0.0 | GPSNavigator running:false
03-24 18:44:34.862 I/System.out(14588): Battery level: 100 | Time difference: -1
03-24 18:44:37.865 I/System.out(14588): Location: 0.0 0.0 | GPSNavigator running:false
03-24 18:44:37.865 I/System.out(14588): Battery level: 100 | Time difference: -1
03-24 18:44:40.868 I/System.out(14588): Location: 0.0 0.0 | GPSNavigator running:false
03-24 18:44:40.868 I/System.out(14588): Battery level: 100 | Time difference: -1
03-24 18:44:43.871 I/System.out(14588): Location: 0.0 0.0 | GPSNavigator running:false
03-24 18:44:43.871 I/System.out(14588): Battery level: 100 | Time difference: -1
03-24 18:44:46.874 I/System.out(14588): Location: 0.0 0.0 | GPSNavigator running:false
03-24 18:44:46.874 I/System.out(14588): Battery level: 100 | Time difference: -1
03-24 18:44:49.867 I/System.out(14588): Location: 0.0 0.0 | GPSNavigator running:false
03-24 18:44:49.867 I/System.out(14588): Battery level: 100 | Time difference: -1
03-24 18:44:52.870 I/System.out(14588): Location: 0.0 0.0 | GPSNavigator running:false
03-24 18:44:52.870 I/System.out(14588): Battery level: 100 | Time difference: -1
03-24 18:44:55.813 D/dalvikvm(14588): GC_CONCURRENT freed 390K, 5% free 9059K/9488K, paused 6ms+2ms, total 67ms
03-24 18:44:55.873 I/System.out(14588): Location: 0.0 0.0 | GPSNavigator running:false
03-24 18:44:55.873 I/System.out(14588): Battery level: 100 | Time difference: -1
03-24 18:44:58.876 I/System.out(14588): Location: 0.0 0.0 | GPSNavigator running:false
03-24 18:44:58.876 I/System.out(14588): Battery level: 100 | Time difference: -1
03-24 18:45:01.879 I/System.out(14588): Location: 0.0 0.0 | GPSNavigator running:false
03-24 18:45:01.879 I/System.out(14588): Battery level: 100 | Time difference: -1
03-24 18:45:04.882 I/System.out(14588): Location: 0.0 0.0 | GPSNavigator running:false
03-24 18:45:04.882 I/System.out(14588): Battery level: 100 | Time difference: -1
03-24 18:45:07.875 I/System.out(14588): Location: 0.0 0.0 | GPSNavigator running:false
03-24 18:45:07.875 I/System.out(14588): Battery level: 100 | Time difference: -1
03-24 18:45:10.878 I/System.out(14588): Location: 0.0 0.0 | GPSNavigator running:false
03-24 18:45:10.878 I/System.out(14588): Battery level: 100 | Time difference: -1
03-24 18:45:13.871 I/System.out(14588): Location: 0.0 0.0 | GPSNavigator running:false
03-24 18:45:13.871 I/System.out(14588): Battery level: 100 | Time difference: -1
03-24 18:45:16.873 I/System.out(14588): Location: 0.0 0.0 | GPSNavigator running:false
03-24 18:45:16.873 I/System.out(14588): Battery level: 100 | Time difference: -1
03-24 18:45:19.886 I/System.out(14588): Location: 0.0 0.0 | GPSNavigator running:false
03-24 18:45:19.886 I/System.out(14588): Battery level: 100 | Time difference: -1
03-24 18:45:22.879 I/System.out(14588): Location: 0.0 0.0 | GPSNavigator running:false
03-24 18:45:22.879 I/System.out(14588): Battery level: 100 | Time difference: -1
03-24 18:45:25.882 I/System.out(14588): Location: 0.0 0.0 | GPSNavigator running:false
03-24 18:45:25.882 I/System.out(14588): Battery level: 100 | Time difference: -1
03-24 18:45:28.885 I/System.out(14588): Location: 0.0 0.0 | GPSNavigator running:false
03-24 18:45:28.885 I/System.out(14588): Battery level: 100 | Time difference: -1
03-24 18:45:31.888 I/System.out(14588): Location: 0.0 0.0 | GPSNavigator running:false
03-24 18:45:31.888 I/System.out(14588): Battery level: 100 | Time difference: -1
03-24 18:45:34.881 I/System.out(14588): Location: 0.0 0.0 | GPSNavigator running:false
03-24 18:45:34.881 I/System.out(14588): Battery level: 100 | Time difference: -1
03-24 18:45:37.884 I/System.out(14588): Location: 0.0 0.0 | GPSNavigator running:false
03-24 18:45:37.884 I/System.out(14588): Battery level: 100 | Time difference: -1
03-24 18:45:40.887 I/System.out(14588): Location: 0.0 0.0 | GPSNavigator running:false
03-24 18:45:40.887 I/System.out(14588): Battery level: 100 | Time difference: -1
03-24 18:45:43.880 I/System.out(14588): Location: 0.0 0.0 | GPSNavigator running:false
03-24 18:45:43.880 I/System.out(14588): Battery level: 100 | Time difference: -1
03-24 18:45:46.883 I/System.out(14588): Location: 0.0 0.0 | GPSNavigator running:false
03-24 18:45:46.893 I/System.out(14588): Battery level: 100 | Time difference: -1
03-24 18:45:49.886 I/System.out(14588): Location: 0.0 0.0 | GPSNavigator running:false
03-24 18:45:49.896 I/System.out(14588): Battery level: 100 | Time difference: -1
03-24 18:45:52.899 I/System.out(14588): Location: 0.0 0.0 | GPSNavigator running:false
03-24 18:45:52.899 I/System.out(14588): Battery level: 100 | Time difference: -1
03-24 18:45:55.892 I/System.out(14588): Location: 0.0 0.0 | GPSNavigator running:false
03-24 18:45:55.892 I/System.out(14588): Battery level: 100 | Time difference: -1
03-24 18:45:58.894 I/System.out(14588): Location: 0.0 0.0 | GPSNavigator running:false
03-24 18:45:58.894 I/System.out(14588): Battery level: 100 | Time difference: -1
03-24 18:46:01.897 I/System.out(14588): Location: 0.0 0.0 | GPSNavigator running:false
03-24 18:46:01.897 I/System.out(14588): Battery level: 100 | Time difference: -1
03-24 18:46:04.900 I/System.out(14588): Location: 0.0 0.0 | GPSNavigator running:false
03-24 18:46:04.900 I/System.out(14588): Battery level: 100 | Time difference: -1
03-24 18:46:05.271 D/dalvikvm(14588): GC_CONCURRENT freed 394K, 5% free 9051K/9488K, paused 3ms+4ms, total 29ms
03-24 18:46:07.893 I/System.out(14588): Location: 0.0 0.0 | GPSNavigator running:false
03-24 18:46:07.893 I/System.out(14588): Battery level: 100 | Time difference: -1
03-24 18:46:10.896 I/System.out(14588): Location: 0.0 0.0 | GPSNavigator running:false
03-24 18:46:10.896 I/System.out(14588): Battery level: 100 | Time difference: -1
03-24 18:46:13.899 I/System.out(14588): Location: 0.0 0.0 | GPSNavigator running:false
03-24 18:46:13.899 I/System.out(14588): Battery level: 100 | Time difference: -1
03-24 18:46:16.902 I/System.out(14588): Location: 0.0 0.0 | GPSNavigator running:false
03-24 18:46:16.902 I/System.out(14588): Battery level: 100 | Time difference: -1
03-24 18:46:19.905 I/System.out(14588): Location: 0.0 0.0 | GPSNavigator running:false
03-24 18:46:19.915 I/System.out(14588): Battery level: 100 | Time difference: -1
03-24 18:46:22.898 I/System.out(14588): Location: 0.0 0.0 | GPSNavigator running:false
03-24 18:46:22.908 I/System.out(14588): Battery level: 100 | Time difference: -1
03-24 18:46:25.901 I/System.out(14588): Location: 0.0 0.0 | GPSNavigator running:false
03-24 18:46:25.901 I/System.out(14588): Battery level: 100 | Time difference: -1
03-24 18:46:28.914 I/System.out(14588): Location: 0.0 0.0 | GPSNavigator running:false
03-24 18:46:28.914 I/System.out(14588): Battery level: 100 | Time difference: -1
03-24 18:46:31.907 I/System.out(14588): Location: 0.0 0.0 | GPSNavigator running:false
03-24 18:46:31.917 I/System.out(14588): Battery level: 100 | Time difference: -1
03-24 18:46:34.900 I/System.out(14588): Location: 0.0 0.0 | GPSNavigator running:false
03-24 18:46:34.900 I/System.out(14588): Battery level: 100 | Time difference: -1
03-24 18:46:37.913 I/System.out(14588): Location: 0.0 0.0 | GPSNavigator running:false
03-24 18:46:37.913 I/System.out(14588): Battery level: 100 | Time difference: -1
03-24 18:46:40.915 I/System.out(14588): Location: 0.0 0.0 | GPSNavigator running:false
03-24 18:46:40.915 I/System.out(14588): Battery level: 100 | Time difference: -1
03-24 18:46:43.918 I/System.out(14588): Location: 0.0 0.0 | GPSNavigator running:false
03-24 18:46:43.918 I/System.out(14588): Battery level: 100 | Time difference: -1
03-24 18:46:46.921 I/System.out(14588): Location: 0.0 0.0 | GPSNavigator running:false
03-24 18:46:46.921 I/System.out(14588): Battery level: 100 | Time difference: -1
03-24 18:46:49.914 I/System.out(14588): Location: 0.0 0.0 | GPSNavigator running:false
03-24 18:46:49.914 I/System.out(14588): Battery level: 100 | Time difference: -1
03-24 18:46:52.917 I/System.out(14588): Location: 0.0 0.0 | GPSNavigator running:false
03-24 18:46:52.917 I/System.out(14588): Battery level: 100 | Time difference: -1
03-24 18:46:55.910 I/System.out(14588): Location: 0.0 0.0 | GPSNavigator running:false
03-24 18:46:55.910 I/System.out(14588): Battery level: 100 | Time difference: -1
03-24 18:46:58.923 I/System.out(14588): Location: 0.0 0.0 | GPSNavigator running:false
03-24 18:46:58.923 I/System.out(14588): Battery level: 100 | Time difference: -1
03-24 18:47:01.916 I/System.out(14588): Location: 0.0 0.0 | GPSNavigator running:false
03-24 18:47:01.916 I/System.out(14588): Battery level: 100 | Time difference: -1
03-24 18:47:04.919 I/System.out(14588): Location: 0.0 0.0 | GPSNavigator running:false
03-24 18:47:04.929 I/System.out(14588): Battery level: 100 | Time difference: -1
03-24 18:47:07.922 I/System.out(14588): Location: 0.0 0.0 | GPSNavigator running:false
03-24 18:47:07.922 I/System.out(14588): Battery level: 100 | Time difference: -1
03-24 18:47:10.915 I/System.out(14588): Location: 0.0 0.0 | GPSNavigator running:false
03-24 18:47:10.925 I/System.out(14588): Battery level: 100 | Time difference: -1
03-24 18:47:13.918 I/System.out(14588): Location: 0.0 0.0 | GPSNavigator running:false
03-24 18:47:13.928 I/System.out(14588): Battery level: 100 | Time difference: -1
03-24 18:47:16.921 I/System.out(14588): Location: 0.0 0.0 | GPSNavigator running:false
03-24 18:47:16.921 I/System.out(14588): Battery level: 100 | Time difference: -1
03-24 18:47:19.913 I/System.out(14588): Location: 0.0 0.0 | GPSNavigator running:false
03-24 18:47:19.913 I/System.out(14588): Battery level: 100 | Time difference: -1
03-24 18:47:22.626 D/dalvikvm(14588): GC_CONCURRENT freed 372K, 5% free 9065K/9476K, paused 8ms+2ms, total 65ms
03-24 18:47:22.916 I/System.out(14588): Location: 0.0 0.0 | GPSNavigator running:false
03-24 18:47:22.926 I/System.out(14588): Battery level: 100 | Time difference: -1
03-24 18:47:25.909 I/System.out(14588): Location: 0.0 0.0 | GPSNavigator running:false
03-24 18:47:25.919 I/System.out(14588): Battery level: 100 | Time difference: -1
03-24 18:47:28.922 I/System.out(14588): Location: 0.0 0.0 | GPSNavigator running:false
03-24 18:47:28.922 I/System.out(14588): Battery level: 100 | Time difference: -1
03-24 18:47:31.925 I/System.out(14588): Location: 0.0 0.0 | GPSNavigator running:false
03-24 18:47:31.925 I/System.out(14588): Battery level: 100 | Time difference: -1
03-24 18:47:34.928 I/System.out(14588): Location: 0.0 0.0 | GPSNavigator running:false
03-24 18:47:34.928 I/System.out(14588): Battery level: 100 | Time difference: -1
03-24 18:47:37.921 I/System.out(14588): Location: 0.0 0.0 | GPSNavigator running:false
03-24 18:47:37.931 I/System.out(14588): Battery level: 100 | Time difference: -1
03-24 18:47:40.924 I/System.out(14588): Location: 0.0 0.0 | GPSNavigator running:false
03-24 18:47:40.934 I/System.out(14588): Battery level: 100 | Time difference: -1
03-24 18:47:43.937 I/System.out(14588): Location: 0.0 0.0 | GPSNavigator running:false
03-24 18:47:43.937 I/System.out(14588): Battery level: 100 | Time difference: -1
03-24 18:47:46.930 I/System.out(14588): Location: 0.0 0.0 | GPSNavigator running:false
03-24 18:47:46.930 I/System.out(14588): Battery level: 100 | Time difference: -1
03-24 18:47:49.933 I/System.out(14588): Location: 0.0 0.0 | GPSNavigator running:false
03-24 18:47:49.933 I/System.out(14588): Battery level: 100 | Time difference: -1
03-24 18:47:52.936 I/System.out(14588): Location: 0.0 0.0 | GPSNavigator running:false
03-24 18:47:52.936 I/System.out(14588): Battery level: 100 | Time difference: -1
03-24 18:47:55.939 I/System.out(14588): Location: 0.0 0.0 | GPSNavigator running:false
03-24 18:47:55.939 I/System.out(14588): Battery level: 100 | Time difference: -1
03-24 18:47:58.932 I/System.out(14588): Location: 0.0 0.0 | GPSNavigator running:false
03-24 18:47:58.932 I/System.out(14588): Battery level: 100 | Time difference: -1
03-24 18:48:01.934 I/System.out(14588): Location: 0.0 0.0 | GPSNavigator running:false
03-24 18:48:01.934 I/System.out(14588): Battery level: 100 | Time difference: -1
03-24 18:48:04.937 I/System.out(14588): Location: 0.0 0.0 | GPSNavigator running:false
03-24 18:48:04.937 I/System.out(14588): Battery level: 100 | Time difference: -1
03-24 18:48:07.940 I/System.out(14588): Location: 0.0 0.0 | GPSNavigator running:false
03-24 18:48:07.940 I/System.out(14588): Battery level: 100 | Time difference: -1
03-24 18:48:10.943 I/System.out(14588): Location: 0.0 0.0 | GPSNavigator running:false
03-24 18:48:10.943 I/System.out(14588): Battery level: 100 | Time difference: -1
03-24 18:48:13.946 I/System.out(14588): Location: 0.0 0.0 | GPSNavigator running:false
03-24 18:48:13.946 I/System.out(14588): Battery level: 100 | Time difference: -1
03-24 18:48:16.949 I/System.out(14588): Location: 0.0 0.0 | GPSNavigator running:false
03-24 18:48:16.949 I/System.out(14588): Battery level: 100 | Time difference: -1
03-24 18:48:19.952 I/System.out(14588): Location: 0.0 0.0 | GPSNavigator running:false
03-24 18:48:19.952 I/System.out(14588): Battery level: 100 | Time difference: -1
03-24 18:48:22.945 I/System.out(14588): Location: 0.0 0.0 | GPSNavigator running:false
03-24 18:48:22.945 I/System.out(14588): Battery level: 100 | Time difference: -1
03-24 18:48:25.948 I/System.out(14588): Location: 0.0 0.0 | GPSNavigator running:false
03-24 18:48:25.948 I/System.out(14588): Battery level: 100 | Time difference: -1
03-24 18:48:28.941 I/System.out(14588): Location: 0.0 0.0 | GPSNavigator running:false
03-24 18:48:28.941 I/System.out(14588): Battery level: 100 | Time difference: -1
03-24 18:48:31.944 I/System.out(14588): Location: 0.0 0.0 | GPSNavigator running:false
03-24 18:48:31.944 I/System.out(14588): Battery level: 100 | Time difference: -1
03-24 18:48:32.354 D/dalvikvm(14588): GC_CONCURRENT freed 396K, 5% free 9057K/9492K, paused 6ms+2ms, total 70ms
03-24 18:48:34.957 I/System.out(14588): Location: 0.0 0.0 | GPSNavigator running:false
03-24 18:48:34.957 I/System.out(14588): Battery level: 100 | Time difference: -1
03-24 18:48:37.960 I/System.out(14588): Location: 0.0 0.0 | GPSNavigator running:false
03-24 18:48:37.960 I/System.out(14588): Battery level: 100 | Time difference: -1
03-24 18:48:40.953 I/System.out(14588): Location: 0.0 0.0 | GPSNavigator running:false
03-24 18:48:40.953 I/System.out(14588): Battery level: 100 | Time difference: -1
03-24 18:48:43.955 I/System.out(14588): Location: 0.0 0.0 | GPSNavigator running:false
03-24 18:48:43.955 I/System.out(14588): Battery level: 100 | Time difference: -1
03-24 18:48:46.958 I/System.out(14588): Location: 0.0 0.0 | GPSNavigator running:false
03-24 18:48:46.958 I/System.out(14588): Battery level: 100 | Time difference: -1
03-24 18:48:49.961 I/System.out(14588): Location: 0.0 0.0 | GPSNavigator running:false
03-24 18:48:49.961 I/System.out(14588): Battery level: 100 | Time difference: -1
03-24 18:48:52.964 I/System.out(14588): Location: 0.0 0.0 | GPSNavigator running:false
03-24 18:48:52.964 I/System.out(14588): Battery level: 100 | Time difference: -1
03-24 18:48:55.967 I/System.out(14588): Location: 0.0 0.0 | GPSNavigator running:false
03-24 18:48:55.967 I/System.out(14588): Battery level: 100 | Time difference: -1
03-24 18:48:58.960 I/System.out(14588): Location: 0.0 0.0 | GPSNavigator running:false
03-24 18:48:58.960 I/System.out(14588): Battery level: 100 | Time difference: -1
03-24 18:49:01.963 I/System.out(14588): Location: 0.0 0.0 | GPSNavigator running:false
03-24 18:49:01.963 I/System.out(14588): Battery level: 100 | Time difference: -1
03-24 18:49:04.966 I/System.out(14588): Location: 0.0 0.0 | GPSNavigator running:false
03-24 18:49:04.966 I/System.out(14588): Battery level: 100 | Time difference: -1
03-24 18:49:07.969 I/System.out(14588): Location: 0.0 0.0 | GPSNavigator running:false
03-24 18:49:07.969 I/System.out(14588): Battery level: 100 | Time difference: -1
03-24 18:49:10.972 I/System.out(14588): Location: 0.0 0.0 | GPSNavigator running:false
03-24 18:49:10.972 I/System.out(14588): Battery level: 100 | Time difference: -1
03-24 18:49:13.975 I/System.out(14588): Location: 0.0 0.0 | GPSNavigator running:false
03-24 18:49:13.975 I/System.out(14588): Battery level: 100 | Time difference: -1
03-24 18:49:16.968 I/System.out(14588): Location: 0.0 0.0 | GPSNavigator running:false
03-24 18:49:16.978 I/System.out(14588): Battery level: 100 | Time difference: -1
03-24 18:49:19.961 I/System.out(14588): Location: 0.0 0.0 | GPSNavigator running:false
03-24 18:49:19.971 I/System.out(14588): Battery level: 100 | Time difference: -1
03-24 18:49:22.974 I/System.out(14588): Location: 0.0 0.0 | GPSNavigator running:false
03-24 18:49:22.974 I/System.out(14588): Battery level: 100 | Time difference: -1
03-24 18:49:25.976 I/System.out(14588): Location: 0.0 0.0 | GPSNavigator running:false
03-24 18:49:25.976 I/System.out(14588): Battery level: 100 | Time difference: -1
03-24 18:49:28.979 I/System.out(14588): Location: 0.0 0.0 | GPSNavigator running:false
03-24 18:49:28.979 I/System.out(14588): Battery level: 100 | Time difference: -1
03-24 18:49:31.972 I/System.out(14588): Location: 0.0 0.0 | GPSNavigator running:false
03-24 18:49:31.972 I/System.out(14588): Battery level: 100 | Time difference: -1
03-24 18:49:34.975 I/System.out(14588): Location: 0.0 0.0 | GPSNavigator running:false
03-24 18:49:34.975 I/System.out(14588): Battery level: 100 | Time difference: -1
03-24 18:49:37.978 I/System.out(14588): Location: 0.0 0.0 | GPSNavigator running:false
03-24 18:49:37.978 I/System.out(14588): Battery level: 100 | Time difference: -1
03-24 18:49:40.971 I/System.out(14588): Location: 0.0 0.0 | GPSNavigator running:false
03-24 18:49:40.971 I/System.out(14588): Battery level: 100 | Time difference: -1
03-24 18:49:43.984 I/System.out(14588): Location: 0.0 0.0 | GPSNavigator running:false
03-24 18:49:43.984 I/System.out(14588): Battery level: 100 | Time difference: -1
03-24 18:49:46.977 I/System.out(14588): Location: 0.0 0.0 | GPSNavigator running:false
03-24 18:49:46.987 I/System.out(14588): Battery level: 100 | Time difference: -1
03-24 18:49:49.700 D/dalvikvm(14588): GC_CONCURRENT freed 372K, 5% free 9069K/9492K, paused 8ms+2ms, total 65ms
03-24 18:49:49.970 I/System.out(14588): Location: 0.0 0.0 | GPSNavigator running:false
03-24 18:49:49.980 I/System.out(14588): Battery level: 100 | Time difference: -1
03-24 18:49:52.983 I/System.out(14588): Location: 0.0 0.0 | GPSNavigator running:false
03-24 18:49:52.983 I/System.out(14588): Battery level: 100 | Time difference: -1
03-24 18:49:55.986 I/System.out(14588): Location: 0.0 0.0 | GPSNavigator running:false
03-24 18:49:55.986 I/System.out(14588): Battery level: 100 | Time difference: -1
03-24 18:49:58.989 I/System.out(14588): Location: 0.0 0.0 | GPSNavigator running:false
03-24 18:49:58.989 I/System.out(14588): Battery level: 100 | Time difference: -1
03-24 18:50:01.992 I/System.out(14588): Location: 0.0 0.0 | GPSNavigator running:false
03-24 18:50:01.992 I/System.out(14588): Battery level: 100 | Time difference: -1
03-24 18:50:04.985 I/System.out(14588): Location: 0.0 0.0 | GPSNavigator running:false
03-24 18:50:04.985 I/System.out(14588): Battery level: 100 | Time difference: -1
03-24 18:50:07.987 I/System.out(14588): Location: 0.0 0.0 | GPSNavigator running:false
03-24 18:50:07.987 I/System.out(14588): Battery level: 100 | Time difference: -1
03-24 18:50:10.990 I/System.out(14588): Location: 0.0 0.0 | GPSNavigator running:false
03-24 18:50:10.990 I/System.out(14588): Battery level: 100 | Time difference: -1
03-24 18:50:13.993 I/System.out(14588): Location: 0.0 0.0 | GPSNavigator running:false
03-24 18:50:13.993 I/System.out(14588): Battery level: 100 | Time difference: -1
03-24 18:50:16.996 I/System.out(14588): Location: 0.0 0.0 | GPSNavigator running:false
03-24 18:50:16.996 I/System.out(14588): Battery level: 100 | Time difference: -1
03-24 18:50:19.989 I/System.out(14588): Location: 0.0 0.0 | GPSNavigator running:false
03-24 18:50:19.989 I/System.out(14588): Battery level: 100 | Time difference: -1
03-24 18:50:22.992 I/System.out(14588): Location: 0.0 0.0 | GPSNavigator running:false
03-24 18:50:22.992 I/System.out(14588): Battery level: 100 | Time difference: -1
03-24 18:50:25.995 I/System.out(14588): Location: 0.0 0.0 | GPSNavigator running:false
03-24 18:50:25.995 I/System.out(14588): Battery level: 100 | Time difference: -1
03-24 18:50:28.998 I/System.out(14588): Location: 0.0 0.0 | GPSNavigator running:false
03-24 18:50:28.998 I/System.out(14588): Battery level: 100 | Time difference: -1
03-24 18:50:32.001 I/System.out(14588): Location: 0.0 0.0 | GPSNavigator running:false
03-24 18:50:32.001 I/System.out(14588): Battery level: 100 | Time difference: -1
03-24 18:50:35.004 I/System.out(14588): Location: 0.0 0.0 | GPSNavigator running:false
03-24 18:50:35.004 I/System.out(14588): Battery level: 100 | Time difference: -1
03-24 18:50:38.007 I/System.out(14588): Location: 0.0 0.0 | GPSNavigator running:false
03-24 18:50:38.007 I/System.out(14588): Battery level: 100 | Time difference: -1
03-24 18:50:41.000 I/System.out(14588): Location: 0.0 0.0 | GPSNavigator running:false
03-24 18:50:41.000 I/System.out(14588): Battery level: 100 | Time difference: -1
03-24 18:50:44.003 I/System.out(14588): Location: 0.0 0.0 | GPSNavigator running:false
03-24 18:50:44.003 I/System.out(14588): Battery level: 100 | Time difference: -1
03-24 18:50:47.006 I/System.out(14588): Location: 0.0 0.0 | GPSNavigator running:false
03-24 18:50:47.006 I/System.out(14588): Battery level: 100 | Time difference: -1
03-24 18:50:50.008 I/System.out(14588): Location: 0.0 0.0 | GPSNavigator running:false
03-24 18:50:50.008 I/System.out(14588): Battery level: 100 | Time difference: -1
03-24 18:50:53.011 I/System.out(14588): Location: 0.0 0.0 | GPSNavigator running:false
03-24 18:50:53.011 I/System.out(14588): Battery level: 100 | Time difference: -1
03-24 18:50:56.004 I/System.out(14588): Location: 0.0 0.0 | GPSNavigator running:false
03-24 18:50:56.004 I/System.out(14588): Battery level: 100 | Time difference: -1
03-24 18:50:59.007 I/System.out(14588): Location: 0.0 0.0 | GPSNavigator running:false
03-24 18:50:59.007 I/System.out(14588): Battery level: 100 | Time difference: -1
03-24 18:50:59.688 D/dalvikvm(14588): GC_CONCURRENT freed 392K, 5% free 9065K/9496K, paused 6ms+6ms, total 81ms
03-24 18:51:02.010 I/System.out(14588): Location: 0.0 0.0 | GPSNavigator running:false
03-24 18:51:02.010 I/System.out(14588): Battery level: 100 | Time difference: -1
03-24 18:51:05.003 I/System.out(14588): Location: 0.0 0.0 | GPSNavigator running:false
03-24 18:51:05.013 I/System.out(14588): Battery level: 100 | Time difference: -1
03-24 18:51:08.016 I/System.out(14588): Location: 0.0 0.0 | GPSNavigator running:false
03-24 18:51:08.016 I/System.out(14588): Battery level: 100 | Time difference: -1
03-24 18:51:11.019 I/System.out(14588): Location: 0.0 0.0 | GPSNavigator running:false
03-24 18:51:11.019 I/System.out(14588): Battery level: 100 | Time difference: -1
03-24 18:51:14.012 I/System.out(14588): Location: 0.0 0.0 | GPSNavigator running:false
03-24 18:51:14.012 I/System.out(14588): Battery level: 100 | Time difference: -1
03-24 18:51:17.015 I/System.out(14588): Location: 0.0 0.0 | GPSNavigator running:false
03-24 18:51:17.015 I/System.out(14588): Battery level: 100 | Time difference: -1
03-24 18:51:20.018 I/System.out(14588): Location: 0.0 0.0 | GPSNavigator running:false
03-24 18:51:20.018 I/System.out(14588): Battery level: 100 | Time difference: -1
03-24 18:51:23.021 I/System.out(14588): Location: 0.0 0.0 | GPSNavigator running:false
03-24 18:51:23.021 I/System.out(14588): Battery level: 100 | Time difference: -1
03-24 18:51:26.014 I/System.out(14588): Location: 0.0 0.0 | GPSNavigator running:false
03-24 18:51:26.014 I/System.out(14588): Battery level: 100 | Time difference: -1
03-24 18:51:29.017 I/System.out(14588): Location: 0.0 0.0 | GPSNavigator running:false
03-24 18:51:29.017 I/System.out(14588): Battery level: 100 | Time difference: -1
03-24 18:51:32.019 I/System.out(14588): Location: 0.0 0.0 | GPSNavigator running:false
03-24 18:51:32.019 I/System.out(14588): Battery level: 100 | Time difference: -1
03-24 18:51:35.012 I/System.out(14588): Location: 0.0 0.0 | GPSNavigator running:false
03-24 18:51:35.022 I/System.out(14588): Battery level: 100 | Time difference: -1
03-24 18:51:38.025 I/System.out(14588): Location: 0.0 0.0 | GPSNavigator running:false
03-24 18:51:38.025 I/System.out(14588): Battery level: 100 | Time difference: -1
03-24 18:51:41.028 I/System.out(14588): Location: 0.0 0.0 | GPSNavigator running:false
03-24 18:51:41.028 I/System.out(14588): Battery level: 100 | Time difference: -1
03-24 18:51:44.021 I/System.out(14588): Location: 0.0 0.0 | GPSNavigator running:false
03-24 18:51:44.021 I/System.out(14588): Battery level: 100 | Time difference: -1
03-24 18:51:47.024 I/System.out(14588): Location: 0.0 0.0 | GPSNavigator running:false
03-24 18:51:47.024 I/System.out(14588): Battery level: 100 | Time difference: -1
03-24 18:51:50.027 I/System.out(14588): Location: 0.0 0.0 | GPSNavigator running:false
03-24 18:51:50.027 I/System.out(14588): Battery level: 100 | Time difference: -1
03-24 18:51:53.030 I/System.out(14588): Location: 0.0 0.0 | GPSNavigator running:false
03-24 18:51:53.030 I/System.out(14588): Battery level: 100 | Time difference: -1
03-24 18:51:56.023 I/System.out(14588): Location: 0.0 0.0 | GPSNavigator running:false
03-24 18:51:56.023 I/System.out(14588): Battery level: 100 | Time difference: -1
03-24 18:51:59.026 I/System.out(14588): Location: 0.0 0.0 | GPSNavigator running:false
03-24 18:51:59.036 I/System.out(14588): Battery level: 100 | Time difference: -1
03-24 18:52:02.029 I/System.out(14588): Location: 0.0 0.0 | GPSNavigator running:false
03-24 18:52:02.039 I/System.out(14588): Battery level: 100 | Time difference: -1
03-24 18:52:05.022 I/System.out(14588): Location: 0.0 0.0 | GPSNavigator running:false
03-24 18:52:05.032 I/System.out(14588): Battery level: 100 | Time difference: -1
03-24 18:52:08.035 I/System.out(14588): Location: 0.0 0.0 | GPSNavigator running:false
03-24 18:52:08.035 I/System.out(14588): Battery level: 100 | Time difference: -1
03-24 18:52:11.038 I/System.out(14588): Location: 0.0 0.0 | GPSNavigator running:false
03-24 18:52:11.038 I/System.out(14588): Battery level: 100 | Time difference: -1
03-24 18:52:14.040 I/System.out(14588): Location: 0.0 0.0 | GPSNavigator running:false
03-24 18:52:14.040 I/System.out(14588): Battery level: 100 | Time difference: -1
03-24 18:52:17.033 I/System.out(14588): Location: 0.0 0.0 | GPSNavigator running:false
03-24 18:52:17.033 I/System.out(14588): Battery level: 100 | Time difference: -1
03-24 18:52:17.224 D/dalvikvm(14588): GC_CONCURRENT freed 396K, 5% free 9057K/9496K, paused 6ms+8ms, total 78ms
03-24 18:52:20.036 I/System.out(14588): Location: 0.0 0.0 | GPSNavigator running:false
03-24 18:52:20.036 I/System.out(14588): Battery level: 100 | Time difference: -1
03-24 18:52:23.039 I/System.out(14588): Location: 0.0 0.0 | GPSNavigator running:false
03-24 18:52:23.039 I/System.out(14588): Battery level: 100 | Time difference: -1
03-24 18:52:26.042 I/System.out(14588): Location: 0.0 0.0 | GPSNavigator running:false
03-24 18:52:26.042 I/System.out(14588): Battery level: 100 | Time difference: -1
03-24 18:52:29.045 I/System.out(14588): Location: 0.0 0.0 | GPSNavigator running:false
03-24 18:52:29.045 I/System.out(14588): Battery level: 100 | Time difference: -1
03-24 18:52:32.048 I/System.out(14588): Location: 0.0 0.0 | GPSNavigator running:false
03-24 18:52:32.048 I/System.out(14588): Battery level: 100 | Time difference: -1
03-24 18:52:35.041 I/System.out(14588): Location: 0.0 0.0 | GPSNavigator running:false
03-24 18:52:35.041 I/System.out(14588): Battery level: 100 | Time difference: -1
03-24 18:52:38.054 I/System.out(14588): Location: 0.0 0.0 | GPSNavigator running:false
03-24 18:52:38.054 I/System.out(14588): Battery level: 100 | Time difference: -1
03-24 18:52:41.047 I/System.out(14588): Location: 0.0 0.0 | GPSNavigator running:false
03-24 18:52:41.047 I/System.out(14588): Battery level: 100 | Time difference: -1
03-24 18:52:44.050 I/System.out(14588): Location: 0.0 0.0 | GPSNavigator running:false
03-24 18:52:44.050 I/System.out(14588): Battery level: 100 | Time difference: -1
03-24 18:52:47.043 I/System.out(14588): Location: 0.0 0.0 | GPSNavigator running:false
03-24 18:52:47.053 I/System.out(14588): Battery level: 100 | Time difference: -1
03-24 18:52:50.056 I/System.out(14588): Location: 0.0 0.0 | GPSNavigator running:false
03-24 18:52:50.056 I/System.out(14588): Battery level: 100 | Time difference: -1
03-24 18:52:53.048 I/System.out(14588): Location: 0.0 0.0 | GPSNavigator running:false
