03-24 14:30:10.621 I/System.out( 7674): Battery level: 99 | Time difference: -1
03-24 14:30:13.623 I/System.out( 7674): Location: -2.79636512 56.3421777 | WiFiNavigator running:true
03-24 14:30:13.623 I/System.out( 7674): Battery level: 99 | Time difference: -1
03-24 14:30:16.626 I/System.out( 7674): Location: -2.79636518 56.34217762 | WiFiNavigator running:true
03-24 14:30:16.626 I/System.out( 7674): Battery level: 99 | Time difference: -1
03-24 14:30:19.629 I/System.out( 7674): Location: -2.79636522 56.342178 | WiFiNavigator running:true
03-24 14:30:19.629 I/System.out( 7674): Battery level: 99 | Time difference: -1
03-24 14:30:21.101 D/dalvikvm( 7674): GC_CONCURRENT freed 387K, 5% free 9090K/9516K, paused 4ms+5ms, total 57ms
03-24 14:30:22.632 I/System.out( 7674): Location: -2.79636536 56.34217796 | WiFiNavigator running:true
03-24 14:30:22.632 I/System.out( 7674): Battery level: 99 | Time difference: -1
03-24 14:30:25.635 I/System.out( 7674): Location: -2.79636539 56.34217807 | WiFiNavigator running:true
03-24 14:30:25.635 I/System.out( 7674): Battery level: 99 | Time difference: -1
03-24 14:30:28.638 I/System.out( 7674): Location: -2.79636559 56.34217777 | WiFiNavigator running:true
03-24 14:30:28.638 I/System.out( 7674): Battery level: 99 | Time difference: -1
03-24 14:30:31.641 I/System.out( 7674): Location: -2.79636578 56.34217763 | WiFiNavigator running:true
03-24 14:30:31.641 I/System.out( 7674): Battery level: 99 | Time difference: -1
03-24 14:30:34.644 I/System.out( 7674): Location: -2.79636595 56.34217752 | WiFiNavigator running:true
03-24 14:30:34.644 I/System.out( 7674): Battery level: 99 | Time difference: -1
03-24 14:30:37.637 I/System.out( 7674): Location: -2.79636612 56.34217749 | WiFiNavigator running:true
03-24 14:30:37.637 I/System.out( 7674): Battery level: 99 | Time difference: -1
03-24 14:30:40.640 I/System.out( 7674): Location: -2.79636634 56.34217752 | WiFiNavigator running:true
03-24 14:30:40.640 I/System.out( 7674): Battery level: 99 | Time difference: -1
03-24 14:30:42.402 I/System.out( 7674): Battery level end is reached
03-24 14:30:43.643 I/System.out( 7674): Location: -2.79636647 56.34217758 | WiFiNavigator running:true
03-24 14:30:43.643 I/System.out( 7674): Battery level: 98 | Time difference: 661
03-24 14:30:46.646 I/System.out( 7674): Location: -2.79636657 56.34217745 | WiFiNavigator running:true
03-24 14:30:46.646 I/System.out( 7674): Battery level: 98 | Time difference: 661
03-24 14:30:49.649 I/System.out( 7674): Location: -2.79636673 56.34217751 | WiFiNavigator running:true
03-24 14:30:49.649 I/System.out( 7674): Battery level: 98 | Time difference: 661
03-24 14:30:52.652 I/System.out( 7674): Location: -2.79636693 56.34217743 | WiFiNavigator running:true
03-24 14:30:52.652 I/System.out( 7674): Battery level: 98 | Time difference: 661
03-24 14:30:53.112 D/dalvikvm(  732): GC_CONCURRENT freed 384K, 20% free 10212K/12696K, paused 5ms+2ms, total 51ms
03-24 14:30:55.654 I/System.out( 7674): Location: -2.79636698 56.34217755 | WiFiNavigator running:true
03-24 14:30:55.654 I/System.out( 7674): Battery level: 98 | Time difference: 661
03-24 14:30:58.657 I/System.out( 7674): Location: -2.79636712 56.34217766 | WiFiNavigator running:true
03-24 14:30:58.657 I/System.out( 7674): Battery level: 98 | Time difference: 661
03-24 14:31:01.660 I/System.out( 7674): Location: -2.7963672 56.34217774 | WiFiNavigator running:true
03-24 14:31:01.660 I/System.out( 7674): Battery level: 98 | Time difference: 661
03-24 14:31:04.653 I/System.out( 7674): Location: -2.79636727 56.34217773 | WiFiNavigator running:true
03-24 14:31:04.653 I/System.out( 7674): Battery level: 98 | Time difference: 661
03-24 14:31:07.656 I/System.out( 7674): Location: -2.79636741 56.34217783 | WiFiNavigator running:true
03-24 14:31:07.656 I/System.out( 7674): Battery level: 98 | Time difference: 661
03-24 14:31:10.659 I/System.out( 7674): Location: -2.79636751 56.34217771 | WiFiNavigator running:true
03-24 14:31:10.659 I/System.out( 7674): Battery level: 98 | Time difference: 661
03-24 14:31:13.662 I/System.out( 7674): Location: -2.79636751 56.34217776 | WiFiNavigator running:true
03-24 14:31:13.662 I/System.out( 7674): Battery level: 98 | Time difference: 661
03-24 14:31:16.665 I/System.out( 7674): Location: -2.79636755 56.34217782 | WiFiNavigator running:true
03-24 14:31:16.665 I/System.out( 7674): Battery level: 98 | Time difference: 661
03-24 14:31:19.668 I/System.out( 7674): Location: -2.79636766 56.34217777 | WiFiNavigator running:true
03-24 14:31:19.668 I/System.out( 7674): Battery level: 98 | Time difference: 661
03-24 14:31:22.671 I/System.out( 7674): Location: -2.79636786 56.34217782 | WiFiNavigator running:true
03-24 14:31:22.671 I/System.out( 7674): Battery level: 98 | Time difference: 661
03-24 14:31:25.674 I/System.out( 7674): Location: -2.79636789 56.34217791 | WiFiNavigator running:true
03-24 14:31:25.674 I/System.out( 7674): Battery level: 98 | Time difference: 661
03-24 14:31:28.677 I/System.out( 7674): Location: -2.79636785 56.34217792 | WiFiNavigator running:true
03-24 14:31:28.677 I/System.out( 7674): Battery level: 98 | Time difference: 661
03-24 14:31:31.680 I/System.out( 7674): Location: -2.7963679 56.34217789 | WiFiNavigator running:true
03-24 14:31:31.680 I/System.out( 7674): Battery level: 98 | Time difference: 661
03-24 14:31:34.673 I/System.out( 7674): Location: -2.79636797 56.34217784 | WiFiNavigator running:true
03-24 14:31:34.673 I/System.out( 7674): Battery level: 98 | Time difference: 661
03-24 14:31:37.675 I/System.out( 7674): Location: -2.79636799 56.34217793 | WiFiNavigator running:true
03-24 14:31:37.675 I/System.out( 7674): Battery level: 98 | Time difference: 661
03-24 14:31:40.678 I/System.out( 7674): Location: -2.79636797 56.34217795 | WiFiNavigator running:true
03-24 14:31:40.678 I/System.out( 7674): Battery level: 98 | Time difference: 661
03-24 14:31:43.681 I/System.out( 7674): Location: -2.796368 56.34217802 | WiFiNavigator running:true
03-24 14:31:43.681 I/System.out( 7674): Battery level: 98 | Time difference: 661
03-24 14:31:46.684 I/System.out( 7674): Location: -2.79636806 56.34217805 | WiFiNavigator running:true
03-24 14:31:46.684 I/System.out( 7674): Battery level: 98 | Time difference: 661
03-24 14:31:49.687 I/System.out( 7674): Location: -2.79636807 56.34217809 | WiFiNavigator running:true
03-24 14:31:49.687 I/System.out( 7674): Battery level: 98 | Time difference: 661
03-24 14:31:52.690 I/System.out( 7674): Location: -2.79636802 56.34217807 | WiFiNavigator running:true
03-24 14:31:52.690 I/System.out( 7674): Battery level: 98 | Time difference: 661
03-24 14:31:55.693 I/System.out( 7674): Location: -2.79636802 56.34217799 | WiFiNavigator running:true
03-24 14:31:55.693 I/System.out( 7674): Battery level: 98 | Time difference: 661
03-24 14:31:58.696 I/System.out( 7674): Location: -2.79636791 56.34217798 | WiFiNavigator running:true
03-24 14:31:58.696 I/System.out( 7674): Battery level: 98 | Time difference: 661
03-24 14:32:01.699 I/System.out( 7674): Location: -2.79636785 56.3421779 | WiFiNavigator running:true
03-24 14:32:01.699 I/System.out( 7674): Battery level: 98 | Time difference: 661
03-24 14:32:04.702 I/System.out( 7674): Location: -2.7963677 56.34217781 | WiFiNavigator running:true
03-24 14:32:04.702 I/System.out( 7674): Battery level: 98 | Time difference: 661
03-24 14:32:07.124 D/dalvikvm(  732): GC_CONCURRENT freed 393K, 20% free 10204K/12696K, paused 2ms+3ms, total 29ms
03-24 14:32:07.695 I/System.out( 7674): Location: -2.79636752 56.34217779 | WiFiNavigator running:true
03-24 14:32:07.695 I/System.out( 7674): Battery level: 98 | Time difference: 661
03-24 14:32:10.698 I/System.out( 7674): Location: -2.79636737 56.34217765 | WiFiNavigator running:true
03-24 14:32:10.698 I/System.out( 7674): Battery level: 98 | Time difference: 661
03-24 14:32:13.701 I/System.out( 7674): Location: -2.79636719 56.34217759 | WiFiNavigator running:true
03-24 14:32:13.701 I/System.out( 7674): Battery level: 98 | Time difference: 661
03-24 14:32:16.704 I/System.out( 7674): Location: -2.79636719 56.34217751 | WiFiNavigator running:true
03-24 14:32:16.704 I/System.out( 7674): Battery level: 98 | Time difference: 661
03-24 14:32:19.706 I/System.out( 7674): Location: -2.79636715 56.34217739 | WiFiNavigator running:true
03-24 14:32:19.706 I/System.out( 7674): Battery level: 98 | Time difference: 661
03-24 14:32:22.709 I/System.out( 7674): Location: -2.79636714 56.34217736 | WiFiNavigator running:true
03-24 14:32:22.709 I/System.out( 7674): Battery level: 98 | Time difference: 661
03-24 14:32:25.702 I/System.out( 7674): Location: -2.79636716 56.34217727 | WiFiNavigator running:true
03-24 14:32:25.702 I/System.out( 7674): Battery level: 98 | Time difference: 661
03-24 14:32:28.715 I/System.out( 7674): Location: -2.79636717 56.34217718 | WiFiNavigator running:true
03-24 14:32:28.715 I/System.out( 7674): Battery level: 98 | Time difference: 661
03-24 14:32:31.708 I/System.out( 7674): Location: -2.79636723 56.34217718 | WiFiNavigator running:true
03-24 14:32:31.708 I/System.out( 7674): Battery level: 98 | Time difference: 661
03-24 14:32:32.309 I/rmt_storage(  185): rmt_storage_rw_iovec_cb: /boot/modem_fs2: clnt_h=0x2: req_h=0x15 msg_id=3: R/W request received
03-24 14:32:32.309 I/rmt_storage(  185): wakelock acquired: 1, error no: 110
03-24 14:32:32.309 I/rmt_storage(  185): rmt_storage_client_thread: /boot/modem_fs2: clnt_h=0x2 Unblock worker thread (th_id: -1212791488)
03-24 14:32:32.339 I/rmt_storage(  185): rmt_storage_client_thread: /boot/modem_fs2: clnt_h=0x2: req_h=0x15 msg_id=3: Bytes written = 261632
03-24 14:32:32.339 I/rmt_storage(  185): rmt_storage_client_thread: /boot/modem_fs2: clnt_h=0x2: req_h=0x15 msg_id=3: Bytes written = 512
03-24 14:32:32.339 I/rmt_storage(  185): rmt_storage_client_thread: /boot/modem_fs2: clnt_h=0x2: req_h=0x15 msg_id=3: Send response: res=0 err=0
03-24 14:32:32.339 I/rmt_storage(  185): rmt_storage_client_thread: /boot/modem_fs2: clnt_h=0x2 About to block rmt_storage client thread (th_id: -1212791488) wakelock released: 1, error no: 0
03-24 14:32:32.339 I/rmt_storage(  185): 
03-24 14:32:34.711 I/System.out( 7674): Location: -2.79636726 56.34217714 | WiFiNavigator running:true
03-24 14:32:34.711 I/System.out( 7674): Battery level: 98 | Time difference: 661
03-24 14:32:37.714 I/System.out( 7674): Location: -2.79636734 56.34217711 | WiFiNavigator running:true
03-24 14:32:37.714 I/System.out( 7674): Battery level: 98 | Time difference: 661
03-24 14:32:40.717 I/System.out( 7674): Location: -2.79636739 56.34217707 | WiFiNavigator running:true
03-24 14:32:40.717 I/System.out( 7674): Battery level: 98 | Time difference: 661
03-24 14:32:43.720 I/System.out( 7674): Location: -2.79636749 56.34217712 | WiFiNavigator running:true
03-24 14:32:43.720 I/System.out( 7674): Battery level: 98 | Time difference: 661
03-24 14:32:46.723 I/System.out( 7674): Location: -2.79636745 56.34217701 | WiFiNavigator running:true
03-24 14:32:46.723 I/System.out( 7674): Battery level: 98 | Time difference: 661
03-24 14:32:49.726 I/System.out( 7674): Location: -2.79636752 56.34217701 | WiFiNavigator running:true
03-24 14:32:49.726 I/System.out( 7674): Battery level: 98 | Time difference: 661
03-24 14:32:52.729 I/System.out( 7674): Location: -2.79636756 56.34217721 | WiFiNavigator running:true
03-24 14:32:52.729 I/System.out( 7674): Battery level: 98 | Time difference: 661
03-24 14:32:55.732 I/System.out( 7674): Location: -2.79636762 56.3421776 | WiFiNavigator running:true
03-24 14:32:55.732 I/System.out( 7674): Battery level: 98 | Time difference: 661
03-24 14:32:58.725 I/System.out( 7674): Location: -2.79636769 56.34217787 | WiFiNavigator running:true
03-24 14:32:58.725 I/System.out( 7674): Battery level: 98 | Time difference: 661
03-24 14:33:01.727 I/System.out( 7674): Location: -2.79636769 56.34217781 | WiFiNavigator running:true
03-24 14:33:01.727 I/System.out( 7674): Battery level: 98 | Time difference: 661
03-24 14:33:04.730 I/System.out( 7674): Location: -2.79636774 56.34217806 | WiFiNavigator running:true
03-24 14:33:04.730 I/System.out( 7674): Battery level: 98 | Time difference: 661
03-24 14:33:07.733 I/System.out( 7674): Location: -2.79636782 56.34217812 | WiFiNavigator running:true
03-24 14:33:07.733 I/System.out( 7674): Battery level: 98 | Time difference: 661
03-24 14:33:08.144 D/dalvikvm(  523): GC_CONCURRENT freed 1696K, 19% free 16133K/19740K, paused 7ms+4ms, total 100ms
03-24 14:33:10.736 I/System.out( 7674): Location: -2.79636783 56.34217803 | WiFiNavigator running:true
03-24 14:33:10.736 I/System.out( 7674): Battery level: 98 | Time difference: 661
03-24 14:33:13.739 I/System.out( 7674): Location: -2.79636801 56.34217804 | WiFiNavigator running:true
03-24 14:33:13.739 I/System.out( 7674): Battery level: 98 | Time difference: 661
03-24 14:33:16.742 I/System.out( 7674): Location: -2.7963681 56.34217816 | WiFiNavigator running:true
03-24 14:33:16.742 I/System.out( 7674): Battery level: 98 | Time difference: 661
03-24 14:33:19.735 I/System.out( 7674): Location: -2.79636817 56.34217807 | WiFiNavigator running:true
03-24 14:33:19.735 I/System.out( 7674): Battery level: 98 | Time difference: 661
03-24 14:33:21.116 D/dalvikvm(  732): GC_CONCURRENT freed 386K, 20% free 10204K/12696K, paused 4ms+3ms, total 56ms
03-24 14:33:22.738 I/System.out( 7674): Location: -2.7963681 56.34217809 | WiFiNavigator running:true
03-24 14:33:22.738 I/System.out( 7674): Battery level: 98 | Time difference: 661
03-24 14:33:25.741 I/System.out( 7674): Location: -2.796368 56.34217816 | WiFiNavigator running:true
03-24 14:33:25.741 I/System.out( 7674): Battery level: 98 | Time difference: 661
03-24 14:33:28.744 I/System.out( 7674): Location: -2.79636801 56.34217812 | WiFiNavigator running:true
03-24 14:33:28.744 I/System.out( 7674): Battery level: 98 | Time difference: 661
03-24 14:33:31.747 I/System.out( 7674): Location: -2.79636805 56.3421781 | WiFiNavigator running:true
03-24 14:33:31.747 I/System.out( 7674): Battery level: 98 | Time difference: 661
03-24 14:33:34.750 I/System.out( 7674): Location: -2.79636809 56.34217802 | WiFiNavigator running:true
03-24 14:33:34.750 I/System.out( 7674): Battery level: 98 | Time difference: 661
03-24 14:33:37.753 I/System.out( 7674): Location: -2.79636813 56.34217798 | WiFiNavigator running:true
03-24 14:33:37.753 I/System.out( 7674): Battery level: 98 | Time difference: 661
03-24 14:33:40.756 I/System.out( 7674): Location: -2.79636823 56.34217799 | WiFiNavigator running:true
03-24 14:33:40.756 I/System.out( 7674): Battery level: 98 | Time difference: 661
03-24 14:33:43.758 I/System.out( 7674): Location: -2.79636832 56.34217803 | WiFiNavigator running:true
03-24 14:33:43.758 I/System.out( 7674): Battery level: 98 | Time difference: 661
03-24 14:33:46.751 I/System.out( 7674): Location: -2.79636844 56.34217817 | WiFiNavigator running:true
03-24 14:33:46.751 I/System.out( 7674): Battery level: 98 | Time difference: 661
03-24 14:33:49.754 I/System.out( 7674): Location: -2.79636843 56.34217825 | WiFiNavigator running:true
03-24 14:33:49.754 I/System.out( 7674): Battery level: 98 | Time difference: 661
03-24 14:33:52.757 I/System.out( 7674): Location: -2.7963684 56.34217839 | WiFiNavigator running:true
03-24 14:33:52.757 I/System.out( 7674): Battery level: 98 | Time difference: 661
03-24 14:33:55.760 I/System.out( 7674): Location: -2.79636847 56.34217849 | WiFiNavigator running:true
03-24 14:33:55.760 I/System.out( 7674): Battery level: 98 | Time difference: 661
03-24 14:33:58.763 I/System.out( 7674): Location: -2.79636856 56.34217854 | WiFiNavigator running:true
03-24 14:33:58.763 I/System.out( 7674): Battery level: 98 | Time difference: 661
03-24 14:34:01.766 I/System.out( 7674): Location: -2.79636869 56.34217861 | WiFiNavigator running:true
03-24 14:34:01.766 I/System.out( 7674): Battery level: 98 | Time difference: 661
03-24 14:34:04.769 I/System.out( 7674): Location: -2.79636884 56.34217866 | WiFiNavigator running:true
03-24 14:34:04.769 I/System.out( 7674): Battery level: 98 | Time difference: 661
03-24 14:34:07.762 I/System.out( 7674): Location: -2.79636909 56.34217865 | WiFiNavigator running:true
03-24 14:34:07.762 I/System.out( 7674): Battery level: 98 | Time difference: 661
03-24 14:34:10.765 I/System.out( 7674): Location: -2.7963691 56.34217868 | WiFiNavigator running:true
03-24 14:34:10.765 I/System.out( 7674): Battery level: 98 | Time difference: 661
03-24 14:34:13.768 I/System.out( 7674): Location: -2.79636899 56.34217868 | WiFiNavigator running:true
03-24 14:34:13.768 I/System.out( 7674): Battery level: 98 | Time difference: 661
03-24 14:34:16.771 I/System.out( 7674): Location: -2.79636905 56.34217877 | WiFiNavigator running:true
03-24 14:34:16.771 I/System.out( 7674): Battery level: 98 | Time difference: 661
03-24 14:34:19.774 I/System.out( 7674): Location: -2.79636911 56.34217886 | WiFiNavigator running:true
03-24 14:34:19.774 I/System.out( 7674): Battery level: 98 | Time difference: 661
03-24 14:34:22.777 I/System.out( 7674): Location: -2.7963692 56.34217883 | WiFiNavigator running:true
03-24 14:34:22.777 I/System.out( 7674): Battery level: 98 | Time difference: 661
03-24 14:34:25.779 I/System.out( 7674): Location: -2.7963693 56.34217882 | WiFiNavigator running:true
03-24 14:34:25.779 I/System.out( 7674): Battery level: 98 | Time difference: 661
03-24 14:34:28.782 I/System.out( 7674): Location: -2.7963693 56.34217877 | WiFiNavigator running:true
03-24 14:34:28.782 I/System.out( 7674): Battery level: 98 | Time difference: 661
03-24 14:34:31.785 I/System.out( 7674): Location: -2.79636939 56.34217877 | WiFiNavigator running:true
03-24 14:34:31.785 I/System.out( 7674): Battery level: 98 | Time difference: 661
03-24 14:34:34.778 I/System.out( 7674): Location: -2.79636948 56.34217868 | WiFiNavigator running:true
03-24 14:34:34.788 I/System.out( 7674): Battery level: 98 | Time difference: 661
03-24 14:34:35.119 D/dalvikvm(  732): GC_CONCURRENT freed 386K, 20% free 10203K/12696K, paused 7ms+2ms, total 57ms
03-24 14:34:36.290 I/rmt_storage(  185): rmt_storage_rw_iovec_cb: /boot/modem_fs1: clnt_h=0x1: req_h=0x16 msg_id=3: R/W request received
03-24 14:34:36.290 I/rmt_storage(  185): wakelock acquired: 1, error no: 110
03-24 14:34:36.290 I/rmt_storage(  185): rmt_storage_client_thread: /boot/modem_fs1: clnt_h=0x1 Unblock worker thread (th_id: -1212792336)
03-24 14:34:36.310 I/rmt_storage(  185): rmt_storage_client_thread: /boot/modem_fs1: clnt_h=0x1: req_h=0x16 msg_id=3: Bytes written = 261632
03-24 14:34:36.310 I/rmt_storage(  185): rmt_storage_client_thread: /boot/modem_fs1: clnt_h=0x1: req_h=0x16 msg_id=3: Bytes written = 512
03-24 14:34:36.310 I/rmt_storage(  185): rmt_storage_client_thread: /boot/modem_fs1: clnt_h=0x1: req_h=0x16 msg_id=3: Send response: res=0 err=0
03-24 14:34:36.310 I/rmt_storage(  185): rmt_storage_client_thread: /boot/modem_fs1: clnt_h=0x1 About to block rmt_storage client thread (th_id: -1212792336) wakelock released: 1, error no: 0
03-24 14:34:36.310 I/rmt_storage(  185): 
03-24 14:34:37.781 I/System.out( 7674): Location: -2.79636957 56.34217852 | WiFiNavigator running:true
03-24 14:34:37.781 I/System.out( 7674): Battery level: 98 | Time difference: 661
03-24 14:34:40.784 I/System.out( 7674): Location: -2.79636974 56.34217841 | WiFiNavigator running:true
03-24 14:34:40.784 I/System.out( 7674): Battery level: 98 | Time difference: 661
03-24 14:34:43.787 I/System.out( 7674): Location: -2.79636982 56.34217856 | WiFiNavigator running:true
03-24 14:34:43.787 I/System.out( 7674): Battery level: 98 | Time difference: 661
03-24 14:34:46.790 I/System.out( 7674): Location: -2.79636984 56.34217855 | WiFiNavigator running:true
03-24 14:34:46.790 I/System.out( 7674): Battery level: 98 | Time difference: 661
03-24 14:34:49.793 I/System.out( 7674): Location: -2.79636999 56.34217842 | WiFiNavigator running:true
03-24 14:34:49.793 I/System.out( 7674): Battery level: 98 | Time difference: 661
03-24 14:34:52.796 I/System.out( 7674): Location: -2.79637 56.34217832 | WiFiNavigator running:true
03-24 14:34:52.796 I/System.out( 7674): Battery level: 98 | Time difference: 661
03-24 14:34:55.799 I/System.out( 7674): Location: -2.79637 56.34217842 | WiFiNavigator running:true
03-24 14:34:55.799 I/System.out( 7674): Battery level: 98 | Time difference: 661
03-24 14:34:58.802 I/System.out( 7674): Location: -2.79636997 56.3421785 | WiFiNavigator running:true
03-24 14:34:58.802 I/System.out( 7674): Battery level: 98 | Time difference: 661
03-24 14:35:01.805 I/System.out( 7674): Location: -2.79637 56.34217848 | WiFiNavigator running:true
03-24 14:35:01.805 I/System.out( 7674): Battery level: 98 | Time difference: 661
03-24 14:35:04.798 I/System.out( 7674): Location: -2.79637004 56.34217853 | WiFiNavigator running:true
03-24 14:35:04.798 I/System.out( 7674): Battery level: 98 | Time difference: 661
03-24 14:35:07.800 I/System.out( 7674): Location: -2.79637017 56.34217848 | WiFiNavigator running:true
03-24 14:35:07.800 I/System.out( 7674): Battery level: 98 | Time difference: 661
03-24 14:35:10.803 I/System.out( 7674): Location: -2.79637021 56.34217846 | WiFiNavigator running:true
03-24 14:35:10.803 I/System.out( 7674): Battery level: 98 | Time difference: 661
03-24 14:35:13.806 I/System.out( 7674): Location: -2.79637032 56.34217831 | WiFiNavigator running:true
03-24 14:35:13.806 I/System.out( 7674): Battery level: 98 | Time difference: 661
03-24 14:35:16.809 I/System.out( 7674): Location: -2.79637033 56.34217826 | WiFiNavigator running:true
03-24 14:35:16.809 I/System.out( 7674): Battery level: 98 | Time difference: 661
03-24 14:35:19.812 I/System.out( 7674): Location: -2.79637032 56.34217819 | WiFiNavigator running:true
03-24 14:35:19.812 I/System.out( 7674): Battery level: 98 | Time difference: 661
03-24 14:35:22.805 I/System.out( 7674): Location: -2.79637033 56.34217814 | WiFiNavigator running:true
03-24 14:35:22.805 I/System.out( 7674): Battery level: 98 | Time difference: 661
03-24 14:35:25.818 I/System.out( 7674): Location: -2.79637032 56.34217803 | WiFiNavigator running:true
03-24 14:35:25.818 I/System.out( 7674): Battery level: 98 | Time difference: 661
03-24 14:35:28.821 I/System.out( 7674): Location: -2.79637039 56.3421778 | WiFiNavigator running:true
03-24 14:35:28.821 I/System.out( 7674): Battery level: 98 | Time difference: 661
03-24 14:35:31.814 I/System.out( 7674): Location: -2.79637037 56.34217763 | WiFiNavigator running:true
03-24 14:35:31.814 I/System.out( 7674): Battery level: 98 | Time difference: 661
03-24 14:35:34.817 I/System.out( 7674): Location: -2.7963704 56.34217748 | WiFiNavigator running:true
03-24 14:35:34.817 I/System.out( 7674): Battery level: 98 | Time difference: 661
03-24 14:35:36.869 I/EntropyMixer(  523): Writing entropy...
03-24 14:35:37.820 I/System.out( 7674): Location: -2.7963703 56.34217735 | WiFiNavigator running:true
03-24 14:35:37.820 I/System.out( 7674): Battery level: 98 | Time difference: 661
03-24 14:35:40.823 I/System.out( 7674): Location: -2.79637024 56.34217727 | WiFiNavigator running:true
03-24 14:35:40.823 I/System.out( 7674): Battery level: 98 | Time difference: 661
03-24 14:35:42.024 I/EventLogService(  828): Aggregate from 1395669941937 (log), 1395669941937 (data)
03-24 14:35:42.114 I/ServiceDumpSys(  828): dumping service [account]
03-24 14:35:43.826 I/System.out( 7674): Location: -2.79637012 56.34217715 | WiFiNavigator running:true
03-24 14:35:43.826 I/System.out( 7674): Battery level: 98 | Time difference: 661
03-24 14:35:46.829 I/System.out( 7674): Location: -2.79637009 56.34217699 | WiFiNavigator running:true
03-24 14:35:46.829 I/System.out( 7674): Battery level: 98 | Time difference: 661
03-24 14:35:47.109 D/dalvikvm(  732): GC_CONCURRENT freed 393K, 20% free 10194K/12696K, paused 5ms+2ms, total 44ms
03-24 14:35:49.831 I/System.out( 7674): Location: -2.7963701 56.34217689 | WiFiNavigator running:true
03-24 14:35:49.831 I/System.out( 7674): Battery level: 98 | Time difference: 661
03-24 14:35:52.834 I/System.out( 7674): Location: -2.7963701 56.34217689 | WiFiNavigator running:true
03-24 14:35:52.834 I/System.out( 7674): Battery level: 98 | Time difference: 661
03-24 14:35:55.837 I/System.out( 7674): Location: -2.79637012 56.34217693 | WiFiNavigator running:true
03-24 14:35:55.837 I/System.out( 7674): Battery level: 98 | Time difference: 661
03-24 14:35:58.830 I/System.out( 7674): Location: -2.79637014 56.34217688 | WiFiNavigator running:true
03-24 14:35:58.830 I/System.out( 7674): Battery level: 98 | Time difference: 661
03-24 14:36:01.833 I/System.out( 7674): Location: -2.79637013 56.34217695 | WiFiNavigator running:true
03-24 14:36:01.833 I/System.out( 7674): Battery level: 98 | Time difference: 661
03-24 14:36:04.836 I/System.out( 7674): Location: -2.79637017 56.34217691 | WiFiNavigator running:true
03-24 14:36:04.836 I/System.out( 7674): Battery level: 98 | Time difference: 661
03-24 14:36:07.839 I/System.out( 7674): Location: -2.7963702 56.34217689 | WiFiNavigator running:true
03-24 14:36:07.839 I/System.out( 7674): Battery level: 98 | Time difference: 661
03-24 14:36:10.842 I/System.out( 7674): Location: -2.79637021 56.34217685 | WiFiNavigator running:true
03-24 14:36:10.842 I/System.out( 7674): Battery level: 98 | Time difference: 661
03-24 14:36:10.902 D/dalvikvm( 7674): GC_CONCURRENT freed 387K, 5% free 9090K/9516K, paused 5ms+2ms, total 51ms
03-24 14:36:13.845 I/System.out( 7674): Location: -2.79637028 56.3421769 | WiFiNavigator running:true
03-24 14:36:13.845 I/System.out( 7674): Battery level: 98 | Time difference: 661
03-24 14:36:16.848 I/System.out( 7674): Location: -2.79637036 56.34217693 | WiFiNavigator running:true
03-24 14:36:16.848 I/System.out( 7674): Battery level: 98 | Time difference: 661
03-24 14:36:19.851 I/System.out( 7674): Location: -2.79637034 56.34217688 | WiFiNavigator running:true
03-24 14:36:19.851 I/System.out( 7674): Battery level: 98 | Time difference: 661
03-24 14:36:22.854 I/System.out( 7674): Location: -2.79637035 56.34217693 | WiFiNavigator running:true
03-24 14:36:22.854 I/System.out( 7674): Battery level: 98 | Time difference: 661
03-24 14:36:25.857 I/System.out( 7674): Location: -2.7963703 56.34217692 | WiFiNavigator running:true
03-24 14:36:25.857 I/System.out( 7674): Battery level: 98 | Time difference: 661
03-24 14:36:28.850 I/System.out( 7674): Location: -2.79637029 56.34217683 | WiFiNavigator running:true
03-24 14:36:28.850 I/System.out( 7674): Battery level: 98 | Time difference: 661
03-24 14:36:31.852 I/System.out( 7674): Location: -2.7963703 56.34217678 | WiFiNavigator running:true
03-24 14:36:31.852 I/System.out( 7674): Battery level: 98 | Time difference: 661
03-24 14:36:34.855 I/System.out( 7674): Location: -2.79637032 56.34217683 | WiFiNavigator running:true
03-24 14:36:34.855 I/System.out( 7674): Battery level: 98 | Time difference: 661
03-24 14:36:37.858 I/System.out( 7674): Location: -2.79637034 56.34217683 | WiFiNavigator running:true
03-24 14:36:37.858 I/System.out( 7674): Battery level: 98 | Time difference: 661
03-24 14:36:40.861 I/System.out( 7674): Location: -2.79637042 56.34217683 | WiFiNavigator running:true
03-24 14:36:40.861 I/System.out( 7674): Battery level: 98 | Time difference: 661
03-24 14:36:43.864 I/System.out( 7674): Location: -2.79637045 56.34217679 | WiFiNavigator running:true
03-24 14:36:43.864 I/System.out( 7674): Battery level: 98 | Time difference: 661
03-24 14:36:46.867 I/System.out( 7674): Location: -2.79637049 56.34217688 | WiFiNavigator running:true
03-24 14:36:46.867 I/System.out( 7674): Battery level: 98 | Time difference: 661
03-24 14:36:49.129 D/dalvikvm(  523): GC_CONCURRENT freed 1691K, 19% free 16141K/19740K, paused 7ms+6ms, total 102ms
03-24 14:36:49.870 I/System.out( 7674): Location: -2.79637044 56.34217693 | WiFiNavigator running:true
03-24 14:36:49.870 I/System.out( 7674): Battery level: 98 | Time difference: 661
03-24 14:36:52.863 I/System.out( 7674): Location: -2.79637051 56.34217694 | WiFiNavigator running:true
03-24 14:36:52.863 I/System.out( 7674): Battery level: 98 | Time difference: 661
03-24 14:36:55.866 I/System.out( 7674): Location: -2.79637057 56.34217694 | WiFiNavigator running:true
03-24 14:36:55.866 I/System.out( 7674): Battery level: 98 | Time difference: 661
03-24 14:36:58.869 I/System.out( 7674): Location: -2.79637065 56.34217694 | WiFiNavigator running:true
03-24 14:36:58.869 I/System.out( 7674): Battery level: 98 | Time difference: 661
03-24 14:37:00.080 D/dalvikvm(  732): GC_CONCURRENT freed 381K, 20% free 10197K/12696K, paused 2ms+2ms, total 29ms
03-24 14:37:01.872 I/System.out( 7674): Location: -2.79637068 56.34217697 | WiFiNavigator running:true
03-24 14:37:01.872 I/System.out( 7674): Battery level: 98 | Time difference: 661
03-24 14:37:04.875 I/System.out( 7674): Location: -2.79637075 56.34217705 | WiFiNavigator running:true
03-24 14:37:04.875 I/System.out( 7674): Battery level: 98 | Time difference: 661
03-24 14:37:07.878 I/System.out( 7674): Location: -2.79637077 56.34217716 | WiFiNavigator running:true
03-24 14:37:07.878 I/System.out( 7674): Battery level: 98 | Time difference: 661
03-24 14:37:10.881 I/System.out( 7674): Location: -2.79637083 56.34217717 | WiFiNavigator running:true
03-24 14:37:10.881 I/System.out( 7674): Battery level: 98 | Time difference: 661
03-24 14:37:13.883 I/System.out( 7674): Location: -2.79637083 56.34217732 | WiFiNavigator running:true
03-24 14:37:13.883 I/System.out( 7674): Battery level: 98 | Time difference: 661
03-24 14:37:16.886 I/System.out( 7674): Location: -2.79637086 56.34217736 | WiFiNavigator running:true
03-24 14:37:16.886 I/System.out( 7674): Battery level: 98 | Time difference: 661
03-24 14:37:19.099 W/System.err(  732): java.net.UnknownHostException: Unable to resolve host "www.google.com": No address associated with hostname
03-24 14:37:19.099 W/System.err(  732): 	at java.net.InetAddress.lookupHostByName(InetAddress.java:424)
03-24 14:37:19.099 W/System.err(  732): 	at java.net.InetAddress.getAllByNameImpl(InetAddress.java:236)
03-24 14:37:19.099 W/System.err(  732): 	at java.net.InetAddress.getAllByName(InetAddress.java:214)
03-24 14:37:19.099 W/System.err(  732): 	at org.apache.http.impl.conn.DefaultClientConnectionOperator.openConnection(DefaultClientConnectionOperator.java:137)
03-24 14:37:19.099 W/System.err(  732): 	at org.apache.http.impl.conn.AbstractPoolEntry.open(AbstractPoolEntry.java:164)
03-24 14:37:19.099 W/System.err(  732): 	at org.apache.http.impl.conn.AbstractPooledConnAdapter.open(AbstractPooledConnAdapter.java:119)
03-24 14:37:19.109 W/System.err(  732): 	at org.apache.http.impl.client.DefaultRequestDirector.execute(DefaultRequestDirector.java:360)
03-24 14:37:19.109 W/System.err(  732): 	at org.apache.http.impl.client.AbstractHttpClient.execute(AbstractHttpClient.java:555)
03-24 14:37:19.109 W/System.err(  732): 	at org.apache.http.impl.client.AbstractHttpClient.execute(AbstractHttpClient.java:487)
03-24 14:37:19.109 W/System.err(  732): 	at android.net.http.AndroidHttpClient.execute(AndroidHttpClient.java:257)
03-24 14:37:19.109 W/System.err(  732): 	at le.a(SourceFile:202)
03-24 14:37:19.109 W/System.err(  732): 	at le.execute(SourceFile:244)
03-24 14:37:19.109 W/System.err(  732): 	at le.execute(SourceFile:312)
03-24 14:37:19.109 W/System.err(  732): 	at dxo.g(SourceFile:126)
03-24 14:37:19.109 W/System.err(  732): 	at dxo.c(SourceFile:172)
03-24 14:37:19.109 W/System.err(  732): 	at eaa.run(SourceFile:418)
03-24 14:37:19.109 W/System.err(  732): 	at dzz.b(SourceFile:224)
03-24 14:37:19.109 W/System.err(  732): 	at dzz.run(SourceFile:198)
03-24 14:37:19.109 W/System.err(  732): 	at dxw.run(SourceFile:96)
03-24 14:37:19.109 W/System.err(  732): Caused by: libcore.io.GaiException: getaddrinfo failed: EAI_NODATA (No address associated with hostname)
03-24 14:37:19.109 W/System.err(  732): 	at libcore.io.Posix.getaddrinfo(Native Method)
03-24 14:37:19.109 W/System.err(  732): 	at libcore.io.ForwardingOs.getaddrinfo(ForwardingOs.java:61)
03-24 14:37:19.109 W/System.err(  732): 	at java.net.InetAddress.lookupHostByName(InetAddress.java:405)
03-24 14:37:19.119 W/System.err(  732): 	... 18 more
03-24 14:37:19.889 I/System.out( 7674): Location: -2.79637095 56.34217748 | WiFiNavigator running:true
03-24 14:37:19.889 I/System.out( 7674): Battery level: 98 | Time difference: 661
03-24 14:37:22.882 I/System.out( 7674): Location: -2.796371 56.34217748 | WiFiNavigator running:true
03-24 14:37:22.882 I/System.out( 7674): Battery level: 98 | Time difference: 661
03-24 14:37:25.885 I/System.out( 7674): Location: -2.79637099 56.34217751 | WiFiNavigator running:true
03-24 14:37:25.885 I/System.out( 7674): Battery level: 98 | Time difference: 661
03-24 14:37:28.888 I/System.out( 7674): Location: -2.796371 56.34217745 | WiFiNavigator running:true
03-24 14:37:28.888 I/System.out( 7674): Battery level: 98 | Time difference: 661
03-24 14:37:31.891 I/System.out( 7674): Location: -2.7963709 56.34217756 | WiFiNavigator running:true
03-24 14:37:31.891 I/System.out( 7674): Battery level: 98 | Time difference: 661
03-24 14:37:34.894 I/System.out( 7674): Location: -2.79637086 56.34217744 | WiFiNavigator running:true
03-24 14:37:34.894 I/System.out( 7674): Battery level: 98 | Time difference: 661
03-24 14:37:37.897 I/System.out( 7674): Location: -2.79637082 56.34217743 | WiFiNavigator running:true
03-24 14:37:37.897 I/System.out( 7674): Battery level: 98 | Time difference: 661
03-24 14:37:40.900 I/System.out( 7674): Location: -2.79637092 56.34217745 | WiFiNavigator running:true
03-24 14:37:40.900 I/System.out( 7674): Battery level: 98 | Time difference: 661
03-24 14:37:43.903 I/System.out( 7674): Location: -2.796371 56.34217742 | WiFiNavigator running:true
03-24 14:37:43.903 I/System.out( 7674): Battery level: 98 | Time difference: 661
03-24 14:37:46.896 I/System.out( 7674): Location: -2.79637109 56.34217742 | WiFiNavigator running:true
03-24 14:37:46.896 I/System.out( 7674): Battery level: 98 | Time difference: 661
03-24 14:37:49.899 I/System.out( 7674): Location: -2.79637117 56.34217753 | WiFiNavigator running:true
03-24 14:37:49.899 I/System.out( 7674): Battery level: 98 | Time difference: 661
03-24 14:37:52.902 I/System.out( 7674): Location: -2.79637122 56.34217758 | WiFiNavigator running:true
03-24 14:37:52.902 I/System.out( 7674): Battery level: 98 | Time difference: 661
03-24 14:37:55.904 I/System.out( 7674): Location: -2.79637131 56.34217766 | WiFiNavigator running:true
03-24 14:37:55.904 I/System.out( 7674): Battery level: 98 | Time difference: 661
03-24 14:37:58.907 I/System.out( 7674): Location: -2.79637134 56.34217771 | WiFiNavigator running:true
03-24 14:37:58.907 I/System.out( 7674): Battery level: 98 | Time difference: 661
03-24 14:38:00.089 D/dalvikvm(  732): GC_CONCURRENT freed 391K, 20% free 10189K/12696K, paused 1ms+2ms, total 21ms
03-24 14:38:01.910 I/System.out( 7674): Location: -2.79637138 56.34217765 | WiFiNavigator running:true
03-24 14:38:01.910 I/System.out( 7674): Battery level: 98 | Time difference: 661
03-24 14:38:04.913 I/System.out( 7674): Location: -2.79637141 56.34217762 | WiFiNavigator running:true
03-24 14:38:04.913 I/System.out( 7674): Battery level: 98 | Time difference: 661
03-24 14:38:07.916 I/System.out( 7674): Location: -2.79637144 56.34217767 | WiFiNavigator running:true
03-24 14:38:07.916 I/System.out( 7674): Battery level: 98 | Time difference: 661
03-24 14:38:10.909 I/System.out( 7674): Location: -2.79637143 56.34217762 | WiFiNavigator running:true
03-24 14:38:10.909 I/System.out( 7674): Battery level: 98 | Time difference: 661
03-24 14:38:13.912 I/System.out( 7674): Location: -2.79637146 56.3421776 | WiFiNavigator running:true
03-24 14:38:13.912 I/System.out( 7674): Battery level: 98 | Time difference: 661
03-24 14:38:16.915 I/System.out( 7674): Location: -2.79637145 56.34217761 | WiFiNavigator running:true
03-24 14:38:16.915 I/System.out( 7674): Battery level: 98 | Time difference: 661
03-24 14:38:19.918 I/System.out( 7674): Location: -2.79637148 56.34217758 | WiFiNavigator running:true
03-24 14:38:19.918 I/System.out( 7674): Battery level: 98 | Time difference: 661
03-24 14:38:22.921 I/System.out( 7674): Location: -2.79637148 56.34217765 | WiFiNavigator running:true
03-24 14:38:22.921 I/System.out( 7674): Battery level: 98 | Time difference: 661
03-24 14:38:25.914 I/System.out( 7674): Location: -2.79637147 56.34217766 | WiFiNavigator running:true
03-24 14:38:25.914 I/System.out( 7674): Battery level: 98 | Time difference: 661
03-24 14:38:28.917 I/System.out( 7674): Location: -2.79637146 56.34217761 | WiFiNavigator running:true
03-24 14:38:28.917 I/System.out( 7674): Battery level: 98 | Time difference: 661
03-24 14:38:31.920 I/System.out( 7674): Location: -2.79637148 56.34217757 | WiFiNavigator running:true
03-24 14:38:31.920 I/System.out( 7674): Battery level: 98 | Time difference: 661
03-24 14:38:34.923 I/System.out( 7674): Location: -2.79637147 56.34217757 | WiFiNavigator running:true
03-24 14:38:34.923 I/System.out( 7674): Battery level: 98 | Time difference: 661
03-24 14:38:37.925 I/System.out( 7674): Location: -2.79637145 56.34217754 | WiFiNavigator running:true
03-24 14:38:37.925 I/System.out( 7674): Battery level: 98 | Time difference: 661
03-24 14:38:40.928 I/System.out( 7674): Location: -2.79637137 56.34217766 | WiFiNavigator running:true
03-24 14:38:40.928 I/System.out( 7674): Battery level: 98 | Time difference: 661
03-24 14:38:43.921 I/System.out( 7674): Location: -2.79637131 56.34217768 | WiFiNavigator running:true
03-24 14:38:43.921 I/System.out( 7674): Battery level: 98 | Time difference: 661
03-24 14:38:46.924 I/System.out( 7674): Location: -2.79637124 56.34217778 | WiFiNavigator running:true
03-24 14:38:46.924 I/System.out( 7674): Battery level: 98 | Time difference: 661
03-24 14:38:49.927 I/System.out( 7674): Location: -2.79637122 56.34217788 | WiFiNavigator running:true
03-24 14:38:49.927 I/System.out( 7674): Battery level: 98 | Time difference: 661
03-24 14:38:52.930 I/System.out( 7674): Location: -2.79637118 56.34217796 | WiFiNavigator running:true
03-24 14:38:52.930 I/System.out( 7674): Battery level: 98 | Time difference: 661
03-24 14:38:55.933 I/System.out( 7674): Location: -2.7963712 56.34217796 | WiFiNavigator running:true
03-24 14:38:55.933 I/System.out( 7674): Battery level: 98 | Time difference: 661
03-24 14:38:58.936 I/System.out( 7674): Location: -2.79637118 56.34217811 | WiFiNavigator running:true
03-24 14:38:58.936 I/System.out( 7674): Battery level: 98 | Time difference: 661
03-24 14:39:01.939 I/System.out( 7674): Location: -2.7963712 56.34217818 | WiFiNavigator running:true
03-24 14:39:01.939 I/System.out( 7674): Battery level: 98 | Time difference: 661
03-24 14:39:04.942 I/System.out( 7674): Location: -2.79637119 56.34217829 | WiFiNavigator running:true
03-24 14:39:04.942 I/System.out( 7674): Battery level: 98 | Time difference: 661
03-24 14:39:07.935 I/System.out( 7674): Location: -2.79637119 56.34217846 | WiFiNavigator running:true
03-24 14:39:07.935 I/System.out( 7674): Battery level: 98 | Time difference: 661
03-24 14:39:10.948 I/System.out( 7674): Location: -2.79637116 56.34217858 | WiFiNavigator running:true
03-24 14:39:10.948 I/System.out( 7674): Battery level: 98 | Time difference: 661
03-24 14:39:13.090 D/dalvikvm(  732): GC_CONCURRENT freed 383K, 20% free 10192K/12696K, paused 4ms+2ms, total 64ms
03-24 14:39:13.951 I/System.out( 7674): Location: -2.79637117 56.34217868 | WiFiNavigator running:true
03-24 14:39:13.951 I/System.out( 7674): Battery level: 98 | Time difference: 661
03-24 14:39:16.944 I/System.out( 7674): Location: -2.79637115 56.34217875 | WiFiNavigator running:true
03-24 14:39:16.944 I/System.out( 7674): Battery level: 98 | Time difference: 661
03-24 14:39:19.946 I/System.out( 7674): Location: -2.79637112 56.34217885 | WiFiNavigator running:true
03-24 14:39:19.946 I/System.out( 7674): Battery level: 98 | Time difference: 661
03-24 14:39:22.939 I/System.out( 7674): Location: -2.79637119 56.34217891 | WiFiNavigator running:true
03-24 14:39:22.939 I/System.out( 7674): Battery level: 98 | Time difference: 661
03-24 14:39:25.952 I/System.out( 7674): Location: -2.79637126 56.34217897 | WiFiNavigator running:true
03-24 14:39:25.952 I/System.out( 7674): Battery level: 98 | Time difference: 661
03-24 14:39:28.955 I/System.out( 7674): Location: -2.7963713 56.34217909 | WiFiNavigator running:true
03-24 14:39:28.955 I/System.out( 7674): Battery level: 98 | Time difference: 661
03-24 14:39:31.958 I/System.out( 7674): Location: -2.79637134 56.34217914 | WiFiNavigator running:true
03-24 14:39:31.958 I/System.out( 7674): Battery level: 98 | Time difference: 661
03-24 14:39:34.961 I/System.out( 7674): Location: -2.79637145 56.3421792 | WiFiNavigator running:true
03-24 14:39:34.961 I/System.out( 7674): Battery level: 98 | Time difference: 661
03-24 14:39:37.964 I/System.out( 7674): Location: -2.79637149 56.34217924 | WiFiNavigator running:true
03-24 14:39:37.964 I/System.out( 7674): Battery level: 98 | Time difference: 661
03-24 14:39:40.957 I/System.out( 7674): Location: -2.79637158 56.34217942 | WiFiNavigator running:true
03-24 14:39:40.957 I/System.out( 7674): Battery level: 98 | Time difference: 661
03-24 14:39:43.970 I/System.out( 7674): Location: -2.79637179 56.34217952 | WiFiNavigator running:true
03-24 14:39:43.970 I/System.out( 7674): Battery level: 98 | Time difference: 661
03-24 14:39:46.963 I/System.out( 7674): Location: -2.79637187 56.3421797 | WiFiNavigator running:true
03-24 14:39:46.963 I/System.out( 7674): Battery level: 98 | Time difference: 661
03-24 14:39:49.966 I/System.out( 7674): Location: -2.79637192 56.34217982 | WiFiNavigator running:true
03-24 14:39:49.966 I/System.out( 7674): Battery level: 98 | Time difference: 661
03-24 14:39:52.969 I/System.out( 7674): Location: -2.796372 56.34217991 | WiFiNavigator running:true
03-24 14:39:52.969 I/System.out( 7674): Battery level: 98 | Time difference: 661
03-24 14:39:55.962 I/System.out( 7674): Location: -2.79637213 56.34217992 | WiFiNavigator running:true
03-24 14:39:55.962 I/System.out( 7674): Battery level: 98 | Time difference: 661
03-24 14:39:58.975 I/System.out( 7674): Location: -2.79637218 56.34217997 | WiFiNavigator running:true
03-24 14:39:58.975 I/System.out( 7674): Battery level: 98 | Time difference: 661
03-24 14:40:01.977 I/System.out( 7674): Location: -2.79637222 56.34218002 | WiFiNavigator running:true
03-24 14:40:01.977 I/System.out( 7674): Battery level: 98 | Time difference: 661
03-24 14:40:02.338 I/rmt_storage(  185): rmt_storage_rw_iovec_cb: /boot/modem_fs2: clnt_h=0x2: req_h=0x17 msg_id=3: R/W request received
03-24 14:40:02.338 I/rmt_storage(  185): wakelock acquired: 1, error no: 110
03-24 14:40:02.338 I/rmt_storage(  185): rmt_storage_client_thread: /boot/modem_fs2: clnt_h=0x2 Unblock worker thread (th_id: -1212791488)
03-24 14:40:02.368 I/rmt_storage(  185): rmt_storage_client_thread: /boot/modem_fs2: clnt_h=0x2: req_h=0x17 msg_id=3: Bytes written = 261632
03-24 14:40:02.378 I/rmt_storage(  185): rmt_storage_client_thread: /boot/modem_fs2: clnt_h=0x2: req_h=0x17 msg_id=3: Bytes written = 512
03-24 14:40:02.378 I/rmt_storage(  185): rmt_storage_client_thread: /boot/modem_fs2: clnt_h=0x2: req_h=0x17 msg_id=3: Send response: res=0 err=0
03-24 14:40:02.378 I/rmt_storage(  185): rmt_storage_client_thread: /boot/modem_fs2: clnt_h=0x2 About to block rmt_storage client thread (th_id: -1212791488) wakelock released: 1, error no: 0
03-24 14:40:02.378 I/rmt_storage(  185): 
03-24 14:40:04.980 I/System.out( 7674): Location: -2.79637226 56.34218002 | WiFiNavigator running:true
03-24 14:40:04.980 I/System.out( 7674): Battery level: 98 | Time difference: 661
03-24 14:40:07.983 I/System.out( 7674): Location: -2.79637229 56.34218008 | WiFiNavigator running:true
03-24 14:40:07.983 I/System.out( 7674): Battery level: 98 | Time difference: 661
03-24 14:40:10.976 I/System.out( 7674): Location: -2.79637233 56.34218003 | WiFiNavigator running:true
03-24 14:40:10.976 I/System.out( 7674): Battery level: 98 | Time difference: 661
03-24 14:40:13.979 I/System.out( 7674): Location: -2.79637229 56.34217997 | WiFiNavigator running:true
03-24 14:40:13.979 I/System.out( 7674): Battery level: 98 | Time difference: 661
03-24 14:40:16.972 I/System.out( 7674): Location: -2.79637234 56.34217996 | WiFiNavigator running:true
03-24 14:40:16.972 I/System.out( 7674): Battery level: 98 | Time difference: 661
03-24 14:40:19.985 I/System.out( 7674): Location: -2.79637233 56.34218002 | WiFiNavigator running:true
03-24 14:40:19.985 I/System.out( 7674): Battery level: 98 | Time difference: 661
03-24 14:40:22.988 I/System.out( 7674): Location: -2.79637239 56.34218002 | WiFiNavigator running:true
03-24 14:40:22.988 I/System.out( 7674): Battery level: 98 | Time difference: 661
03-24 14:40:25.120 D/dalvikvm(  732): GC_CONCURRENT freed 385K, 20% free 10192K/12696K, paused 4ms+3ms, total 67ms
03-24 14:40:25.991 I/System.out( 7674): Location: -2.79637242 56.34218 | WiFiNavigator running:true
03-24 14:40:25.991 I/System.out( 7674): Battery level: 98 | Time difference: 661
03-24 14:40:28.994 I/System.out( 7674): Location: -2.79637252 56.34218004 | WiFiNavigator running:true
03-24 14:40:28.994 I/System.out( 7674): Battery level: 98 | Time difference: 661
03-24 14:40:31.997 I/System.out( 7674): Location: -2.7963726 56.34218007 | WiFiNavigator running:true
03-24 14:40:31.997 I/System.out( 7674): Battery level: 98 | Time difference: 661
03-24 14:40:34.990 I/System.out( 7674): Location: -2.79637272 56.34218007 | WiFiNavigator running:true
03-24 14:40:34.990 I/System.out( 7674): Battery level: 98 | Time difference: 661
03-24 14:40:37.993 I/System.out( 7674): Location: -2.79637273 56.34218011 | WiFiNavigator running:true
03-24 14:40:37.993 I/System.out( 7674): Battery level: 98 | Time difference: 661
03-24 14:40:40.996 I/System.out( 7674): Location: -2.7963728 56.34218009 | WiFiNavigator running:true
03-24 14:40:40.996 I/System.out( 7674): Battery level: 98 | Time difference: 661
03-24 14:40:43.998 I/System.out( 7674): Location: -2.79637281 56.34218 | WiFiNavigator running:true
03-24 14:40:44.008 I/System.out( 7674): Battery level: 98 | Time difference: 661
03-24 14:40:44.139 D/dalvikvm(  523): GC_CONCURRENT freed 1711K, 19% free 16143K/19740K, paused 39ms+5ms, total 152ms
03-24 14:40:47.001 I/System.out( 7674): Location: -2.79637281 56.34218001 | WiFiNavigator running:true
03-24 14:40:47.001 I/System.out( 7674): Battery level: 98 | Time difference: 661
03-24 14:40:50.004 I/System.out( 7674): Location: -2.79637281 56.34217996 | WiFiNavigator running:true
03-24 14:40:50.004 I/System.out( 7674): Battery level: 98 | Time difference: 661
03-24 14:40:53.007 I/System.out( 7674): Location: -2.79637279 56.34217993 | WiFiNavigator running:true
03-24 14:40:53.007 I/System.out( 7674): Battery level: 98 | Time difference: 661
03-24 14:40:56.010 I/System.out( 7674): Location: -2.79637287 56.34217986 | WiFiNavigator running:true
03-24 14:40:56.010 I/System.out( 7674): Battery level: 98 | Time difference: 661
03-24 14:40:59.013 I/System.out( 7674): Location: -2.79637294 56.34217987 | WiFiNavigator running:true
03-24 14:40:59.013 I/System.out( 7674): Battery level: 98 | Time difference: 661
03-24 14:41:02.006 I/System.out( 7674): Location: -2.79637307 56.3421798 | WiFiNavigator running:true
03-24 14:41:02.006 I/System.out( 7674): Battery level: 98 | Time difference: 661
03-24 14:41:05.019 I/System.out( 7674): Location: -2.79637303 56.34217977 | WiFiNavigator running:true
03-24 14:41:05.019 I/System.out( 7674): Battery level: 98 | Time difference: 661
03-24 14:41:08.012 I/System.out( 7674): Location: -2.79637309 56.34217987 | WiFiNavigator running:true
03-24 14:41:08.012 I/System.out( 7674): Battery level: 98 | Time difference: 661
03-24 14:41:11.015 I/System.out( 7674): Location: -2.79637317 56.3421799 | WiFiNavigator running:true
03-24 14:41:11.015 I/System.out( 7674): Battery level: 98 | Time difference: 661
03-24 14:41:14.018 I/System.out( 7674): Location: -2.79637319 56.34217994 | WiFiNavigator running:true
03-24 14:41:14.018 I/System.out( 7674): Battery level: 98 | Time difference: 661
03-24 14:41:17.021 I/System.out( 7674): Location: -2.79637316 56.34217999 | WiFiNavigator running:true
03-24 14:41:17.021 I/System.out( 7674): Battery level: 98 | Time difference: 661
03-24 14:41:20.024 I/System.out( 7674): Location: -2.79637321 56.34217996 | WiFiNavigator running:true
03-24 14:41:20.024 I/System.out( 7674): Battery level: 98 | Time difference: 661
03-24 14:41:23.027 I/System.out( 7674): Location: -2.79637323 56.34218002 | WiFiNavigator running:true
03-24 14:41:23.027 I/System.out( 7674): Battery level: 98 | Time difference: 661
03-24 14:41:26.029 I/System.out( 7674): Location: -2.79637324 56.34218005 | WiFiNavigator running:true
03-24 14:41:26.029 I/System.out( 7674): Battery level: 98 | Time difference: 661
03-24 14:41:29.032 I/System.out( 7674): Location: -2.79637336 56.34217997 | WiFiNavigator running:true
03-24 14:41:29.032 I/System.out( 7674): Battery level: 98 | Time difference: 661
03-24 14:41:32.035 I/System.out( 7674): Location: -2.79637343 56.34217994 | WiFiNavigator running:true
03-24 14:41:32.035 I/System.out( 7674): Battery level: 98 | Time difference: 661
03-24 14:41:35.028 I/System.out( 7674): Location: -2.7963735 56.34217996 | WiFiNavigator running:true
03-24 14:41:35.028 I/System.out( 7674): Battery level: 98 | Time difference: 661
03-24 14:41:38.021 I/System.out( 7674): Location: -2.79637356 56.34217996 | WiFiNavigator running:true
03-24 14:41:38.031 I/System.out( 7674): Battery level: 98 | Time difference: 661
03-24 14:41:38.101 D/dalvikvm(  732): GC_CONCURRENT freed 395K, 20% free 10185K/12696K, paused 18ms+5ms, total 49ms
03-24 14:41:41.034 I/System.out( 7674): Location: -2.79637363 56.34217994 | WiFiNavigator running:true
03-24 14:41:41.034 I/System.out( 7674): Battery level: 98 | Time difference: 661
03-24 14:41:44.037 I/System.out( 7674): Location: -2.79637365 56.34217994 | WiFiNavigator running:true
