--------- beginning of /dev/log/main
04-04 19:27:27.101 D/dalvikvm(  165): GC_EXTERNAL_ALLOC freed 399K, 49% free 4748K/9159K, external 3638K/3689K, paused 51ms
04-04 19:27:27.181 D/dalvikvm(  165): GC_EXTERNAL_ALLOC freed 24K, 49% free 4736K/9159K, external 1888K/2114K, paused 50ms
04-04 19:27:27.261 D/dalvikvm(  165): GC_EXTERNAL_ALLOC freed 3K, 49% free 4736K/9159K, external 2819K/2864K, paused 49ms
04-04 19:27:27.321 D/dalvikvm(  165): GC_EXTERNAL_ALLOC freed 4K, 49% free 4738K/9159K, external 2215K/2495K, paused 47ms
04-04 19:27:27.421 D/dalvikvm(  165): GC_EXTERNAL_ALLOC freed 15K, 49% free 4762K/9159K, external 3026K/3272K, paused 48ms
04-04 19:27:56.039 D/KeyguardViewMediator(  165): wakeWhenReadyLocked(26)
04-04 19:27:56.049 I/power   (  165): *** set_screen_state 1
04-04 19:27:56.049 D/SurfaceFlinger(  165): Screen about to return, flinger = 0x94690
04-04 19:27:56.069 D/AK8973  (  120): Compass Start
04-04 19:27:57.200 D/SettingsAppWidgetProvider(  599): Widget is from a previous version... Let's update
04-04 19:27:57.200 D/SettingsAppWidgetProvider(  599): No instances yet... Wait for at least one instance to exist before adding global settings
--------- beginning of /dev/log/system
04-04 19:27:57.221 W/InputManagerService(  165): Window already focused, ignoring focus gain of: com.android.internal.view.IInputMethodClient$Stub$Proxy@40690d88
04-04 19:27:57.331 I/dalvikvm(  165): Jit: resizing JitTable from 4096 to 8192
04-04 19:28:05.118 D/dalvikvm(  599): GC_EXPLICIT freed 9K, 54% free 2637K/5639K, external 0K/0K, paused 67ms
04-04 19:28:57.760 I/power   (  165): *** set_screen_state 0
04-04 19:28:58.010 D/SurfaceFlinger(  165): About to give-up screen, flinger = 0x94690
04-04 19:28:58.150 D/AK8973  (  120): Compass CLOSE 
04-04 19:29:02.875 D/dalvikvm(  165): GC_EXTERNAL_ALLOC freed 165K, 49% free 4747K/9159K, external 3503K/3689K, paused 49ms
04-04 19:29:02.965 D/dalvikvm(  165): GC_EXTERNAL_ALLOC freed 16K, 49% free 4735K/9159K, external 1766K/1772K, paused 47ms
04-04 19:29:03.025 D/dalvikvm(  165): GC_EXTERNAL_ALLOC freed 3K, 49% free 4741K/9159K, external 1888K/2288K, paused 48ms
04-04 19:29:03.095 D/dalvikvm(  165): GC_EXTERNAL_ALLOC freed 1K, 49% free 4742K/9159K, external 2819K/2864K, paused 47ms
04-04 19:29:03.165 D/dalvikvm(  165): GC_EXTERNAL_ALLOC freed 4K, 49% free 4744K/9159K, external 2215K/2495K, paused 55ms
04-04 19:29:03.255 D/dalvikvm(  165): GC_EXTERNAL_ALLOC freed 16K, 48% free 4767K/9159K, external 3026K/3272K, paused 49ms
04-04 19:29:07.829 I/dalvikvm(  165): Total arena pages for JIT: 11
04-04 19:29:07.829 I/dalvikvm(  165): Total arena pages for JIT: 12
04-04 19:29:10.262 D/KeyguardViewMediator(  165): wakeWhenReadyLocked(26)
04-04 19:29:10.262 I/power   (  165): *** set_screen_state 1
04-04 19:29:10.272 D/SurfaceFlinger(  165): Screen about to return, flinger = 0x94690
04-04 19:29:10.292 D/AK8973  (  120): Compass Start
04-04 19:29:11.683 D/SettingsAppWidgetProvider(  599): Widget is from a previous version... Let's update
04-04 19:29:11.683 D/SettingsAppWidgetProvider(  599): No instances yet... Wait for at least one instance to exist before adding global settings
04-04 19:29:11.723 W/InputManagerService(  165): Window already focused, ignoring focus gain of: com.android.internal.view.IInputMethodClient$Stub$Proxy@406b4ee0
04-04 19:29:16.858 D/dalvikvm(  599): GC_EXPLICIT freed 3K, 54% free 2637K/5639K, external 0K/0K, paused 63ms
04-04 19:29:17.539 D/AndroidRuntime(  632): 
04-04 19:29:17.539 D/AndroidRuntime(  632): >>>>>> AndroidRuntime START com.android.internal.os.RuntimeInit <<<<<<
04-04 19:29:17.539 I/AndroidRuntime(  632): Heap size: -Xmx32m
04-04 19:29:17.539 D/AndroidRuntime(  632): CheckJNI is OFF
04-04 19:29:17.539 D/dalvikvm(  632): creating instr width table
04-04 19:29:17.759 D/AndroidRuntime(  632): Calling main entry com.android.commands.pm.Pm
04-04 19:29:17.769 I/ActivityManager(  165): Start proc com.android.defcontainer for service com.android.defcontainer/.DefaultContainerService: pid=640 uid=10030 gids={1015, 2001}
04-04 19:29:17.809 D/dalvikvm(  640): Debugger has detached; object registry had 1 entries
04-04 19:29:17.889 D/dalvikvm(  640): GC_EXPLICIT freed 297K, 55% free 2534K/5511K, external 0K/0K, paused 33ms
04-04 19:29:18.620 W/ActivityManager(  165): No content provider found for: 
04-04 19:29:18.780 W/ActivityManager(  165): No content provider found for: 
04-04 19:29:18.790 D/PackageParser(  165): Scanning package: /data/app/vmdl-2094136012.tmp
04-04 19:29:18.790 I/ActivityManager(  165): No longer want com.android.deskclock (pid 454): hidden #16
04-04 19:29:18.970 I/PackageManager(  165): Removing non-system package:uk.ac.st_andrews.cs.host.mk74.locygpslocalization
04-04 19:29:18.980 I/ActivityManager(  165): Force stopping package uk.ac.st_andrews.cs.host.mk74.locygpslocalization uid=10072
04-04 19:29:19.070 D/PackageManager(  165): Scanning package uk.ac.st_andrews.cs.host.mk74.locygpslocalization
04-04 19:29:19.080 I/PackageManager(  165): Package uk.ac.st_andrews.cs.host.mk74.locygpslocalization codePath changed from /data/app/uk.ac.st_andrews.cs.host.mk74.locygpslocalization-1.apk to /data/app/uk.ac.st_andrews.cs.host.mk74.locygpslocalization-2.apk; Retaining data and using new
04-04 19:29:19.080 I/PackageManager(  165): Unpacking native libraries for /data/app/uk.ac.st_andrews.cs.host.mk74.locygpslocalization-2.apk
04-04 19:29:19.090 D/installd(  118): DexInv: --- BEGIN '/data/app/uk.ac.st_andrews.cs.host.mk74.locygpslocalization-2.apk' ---
04-04 19:29:19.421 D/dalvikvm(  649): creating instr width table
04-04 19:29:19.661 D/dalvikvm(  649): DexOpt: couldn't find field Landroid/graphics/BitmapFactory$Options;.inMutable
04-04 19:29:19.861 D/dalvikvm(  649): DexOpt: load 55ms, verify+opt 280ms
04-04 19:29:19.991 D/installd(  118): DexInv: --- END '/data/app/uk.ac.st_andrews.cs.host.mk74.locygpslocalization-2.apk' (success) ---
04-04 19:29:19.991 I/ActivityManager(  165): Force stopping package uk.ac.st_andrews.cs.host.mk74.locygpslocalization uid=10072
04-04 19:29:20.001 W/PackageManager(  165): Code path for pkg : uk.ac.st_andrews.cs.host.mk74.locygpslocalization changing from /data/app/uk.ac.st_andrews.cs.host.mk74.locygpslocalization-1.apk to /data/app/uk.ac.st_andrews.cs.host.mk74.locygpslocalization-2.apk
04-04 19:29:20.001 D/PackageManager(  165):   Activities: uk.ac.st_andrews.cs.host.mk74.locygpslocalization.MainActivity
04-04 19:29:20.001 W/PackageManager(  165): Resource path for pkg : uk.ac.st_andrews.cs.host.mk74.locygpslocalization changing from /data/app/uk.ac.st_andrews.cs.host.mk74.locygpslocalization-1.apk to /data/app/uk.ac.st_andrews.cs.host.mk74.locygpslocalization-2.apk
04-04 19:29:20.081 I/installd(  118): move /data/dalvik-cache/data@app@uk.ac.st_andrews.cs.host.mk74.locygpslocalization-2.apk@classes.dex -> /data/dalvik-cache/data@app@uk.ac.st_andrews.cs.host.mk74.locygpslocalization-2.apk@classes.dex
04-04 19:29:20.081 D/PackageManager(  165): New package installed in /data/app/uk.ac.st_andrews.cs.host.mk74.locygpslocalization-2.apk
04-04 19:29:20.191 I/ActivityManager(  165): Force stopping package uk.ac.st_andrews.cs.host.mk74.locygpslocalization uid=10072
04-04 19:29:20.272 D/dalvikvm(  276): GC_EXPLICIT freed 186K, 54% free 3044K/6599K, external 3568K/4365K, paused 75ms
04-04 19:29:20.332 D/HomeLoaders(  276): application intent received: android.intent.action.PACKAGE_REMOVED, replacing=true
04-04 19:29:20.332 D/HomeLoaders(  276):   --> package:uk.ac.st_andrews.cs.host.mk74.locygpslocalization
04-04 19:29:20.332 D/szipinf (  165): Initializing inflate state
04-04 19:29:20.352 D/szipinf (  165): Initializing inflate state
04-04 19:29:20.382 I/ActivityManager(  165): Start proc com.android.vending for broadcast com.android.vending/com.google.android.finsky.receivers.PersistentPackageMonitorReceiver: pid=650 uid=10029 gids={3003, 1015}
04-04 19:29:20.442 D/dalvikvm(  115): GC_EXPLICIT freed 11K, 54% free 2499K/5379K, external 0K/0K, paused 71ms
04-04 19:29:20.472 D/dalvikvm(  115): GC_EXPLICIT freed <1K, 54% free 2499K/5379K, external 0K/0K, paused 28ms
04-04 19:29:20.492 D/dalvikvm(  499): GC_EXPLICIT freed 139K, 59% free 2947K/7047K, external 0K/0K, paused 183ms
04-04 19:29:20.512 D/dalvikvm(  115): GC_EXPLICIT freed <1K, 54% free 2499K/5379K, external 0K/0K, paused 37ms
04-04 19:29:20.522 D/HomeLoaders(  276): application intent received: android.intent.action.PACKAGE_ADDED, replacing=true
04-04 19:29:20.522 D/HomeLoaders(  276):   --> package:uk.ac.st_andrews.cs.host.mk74.locygpslocalization
04-04 19:29:20.522 D/HomeLoaders(  276):   --> update package uk.ac.st_andrews.cs.host.mk74.locygpslocalization
04-04 19:29:20.542 D/szipinf (  165): Initializing inflate state
04-04 19:29:20.572 W/RecognitionManagerService(  165): no available voice recognition services found
04-04 19:29:20.722 D/dalvikvm(  650): GC_CONCURRENT freed 411K, 55% free 2593K/5639K, external 0K/0K, paused 4ms+14ms
04-04 19:29:20.782 D/dalvikvm(  165): GC_EXPLICIT freed 849K, 48% free 4817K/9159K, external 3503K/3689K, paused 144ms
04-04 19:29:20.802 D/szipinf (  165): Initializing inflate state
04-04 19:29:20.822 I/ActivityThread(  650): Pub com.google.android.finsky.RecentSuggestionsProvider: com.google.android.finsky.providers.RecentSuggestionsProvider
04-04 19:29:20.862 D/szipinf (  165): Initializing inflate state
04-04 19:29:20.902 D/szipinf (  165): Initializing inflate state
04-04 19:29:20.942 D/szipinf (  165): Initializing inflate state
04-04 19:29:20.992 I/installd(  118): unlink /data/dalvik-cache/data@app@uk.ac.st_andrews.cs.host.mk74.locygpslocalization-1.apk@classes.dex
04-04 19:29:21.022 D/AndroidRuntime(  632): Shutting down VM
04-04 19:29:21.042 D/dalvikvm(  632): GC_CONCURRENT freed 102K, 71% free 299K/1024K, external 0K/0K, paused 1ms+1ms
04-04 19:29:21.062 I/AndroidRuntime(  632): NOTE: attach of thread 'Binder Thread #3' failed
04-04 19:29:21.062 D/jdwp    (  632): Got wake-up signal, bailing out of select
04-04 19:29:21.062 D/dalvikvm(  632): Debugger has detached; object registry had 1 entries
04-04 19:29:21.132 D/dalvikvm(  650): GC_CONCURRENT freed 296K, 52% free 2783K/5767K, external 0K/0K, paused 3ms+5ms
04-04 19:29:21.202 D/Finsky  (  650): [1] SanityChecker.run: # LocalAssets corrected : 0
04-04 19:29:21.202 D/Finsky  (  650): Sanity check took : 12 ms
04-04 19:29:21.242 I/ActivityManager(  165): Start proc com.noshufou.android.su for broadcast com.noshufou.android.su/.UninstallReceiver: pid=679 uid=10052 gids={1015, 3003}
04-04 19:29:21.252 I/ActivityManager(  165): No longer want com.android.email (pid 465): hidden #16
04-04 19:29:21.353 D/AndroidRuntime(  677): 
04-04 19:29:21.353 D/AndroidRuntime(  677): >>>>>> AndroidRuntime START com.android.internal.os.RuntimeInit <<<<<<
04-04 19:29:21.353 I/AndroidRuntime(  677): Heap size: -Xmx32m
04-04 19:29:21.353 D/AndroidRuntime(  677): CheckJNI is OFF
04-04 19:29:21.353 D/dalvikvm(  677): creating instr width table
04-04 19:29:21.503 D/szipinf (  679): Initializing inflate state
04-04 19:29:21.573 I/ActivityManager(  165): Start proc com.tmobile.thememanager for broadcast com.tmobile.thememanager/.receiver.ThemePackageReceiver: pid=692 uid=1300 gids={-1}
04-04 19:29:21.573 I/ActivityManager(  165): No longer want com.android.mms (pid 476): hidden #16
04-04 19:29:21.693 D/AndroidRuntime(  677): Calling main entry com.android.commands.am.Am
04-04 19:29:21.733 I/ActivityManager(  165): Starting: Intent { act=android.intent.action.MAIN cat=[android.intent.category.LAUNCHER] flg=0x10000000 cmp=uk.ac.st_andrews.cs.host.mk74.locygpslocalization/.MainActivity } from pid 677
04-04 19:29:21.793 D/AndroidRuntime(  677): Shutting down VM
04-04 19:29:21.803 I/ActivityManager(  165): Start proc uk.ac.st_andrews.cs.host.mk74.locygpslocalization for activity uk.ac.st_andrews.cs.host.mk74.locygpslocalization/.MainActivity: pid=703 uid=10072 gids={}
04-04 19:29:21.813 I/AndroidRuntime(  677): NOTE: attach of thread 'Binder Thread #3' failed
04-04 19:29:21.823 D/dalvikvm(  677): GC_CONCURRENT freed 104K, 69% free 324K/1024K, external 0K/0K, paused 1ms+2ms
04-04 19:29:21.823 D/jdwp    (  677): Got wake-up signal, bailing out of select
04-04 19:29:21.823 D/dalvikvm(  677): Debugger has detached; object registry had 1 entries
04-04 19:29:21.833 I/ActivityThread(  692): Pub com.tmobile.thememanager.themes: com.tmobile.thememanager.provider.ThemesProvider
04-04 19:29:21.873 I/ActivityThread(  692): Pub com.tmobile.thememanager.packageresources: com.tmobile.thememanager.provider.PackageResourcesProvider
04-04 19:29:21.923 D/VoiceDialerReceiver(  508): onReceive Intent { act=android.intent.action.PACKAGE_REMOVED dat=package:uk.ac.st_andrews.cs.host.mk74.locygpslocalization flg=0x10000000 cmp=com.android.voicedialer/.VoiceDialerReceiver (has extras) }
04-04 19:29:21.933 V/RecognizerEngine(  508): deleteCachedGrammarFiles /data/data/com.android.voicedialer/files/openentries.txt
04-04 19:29:21.933 I/ActivityManager(  165): No longer want com.koushikdutta.rommanager (pid 499): hidden #16
04-04 19:29:22.183 D/dalvikvm(  318): GC_CONCURRENT freed 469K, 53% free 2816K/5959K, external 82K/512K, paused 5ms+29ms
04-04 19:29:22.203 D/dalvikvm(  703): GC_EXTERNAL_ALLOC freed 56K, 53% free 2540K/5379K, external 0K/0K, paused 136ms
04-04 19:29:22.203 I/System.out(  703): LocyNavigatorThread has started
04-04 19:29:22.243 D/GTalkService(  318): [RawStanzaProvidersMgr] ##### searchProvidersFromIntent
04-04 19:29:22.243 D/GTalkService(  318): [RawStanzaProvidersMgr] no intent receivers found
04-04 19:29:22.314 D/GTalkService(  318): handlePackageInstalled: re-initialize providers
04-04 19:29:22.314 D/GTalkService(  318): [RawStanzaProvidersMgr] ##### searchProvidersFromIntent
04-04 19:29:22.324 D/GTalkService(  318): [RawStanzaProvidersMgr] no intent receivers found
04-04 19:29:22.334 I/ActivityManager(  165): Displayed uk.ac.st_andrews.cs.host.mk74.locygpslocalization/.MainActivity: +547ms (total +9m54s288ms)
04-04 19:29:22.434 D/lib_locapi(  165): loc_eng_set_position mode, client = 0, interval = 0, mode = 1
04-04 19:29:22.484 D/lib_locapi(  165): loc_eng_start
04-04 19:29:22.514 D/lib_locapi(  165): set_agps_server returned = -1
04-04 19:29:22.524 I/ActivityManager(  165): Start proc com.svox.pico for broadcast com.svox.pico/.VoiceDataInstallerReceiver: pid=717 uid=10047 gids={}
04-04 19:29:22.634 I/ActivityThread(  717): Pub com.svox.pico.providers.SettingsProvider: com.svox.pico.providers.SettingsProvider
04-04 19:29:22.644 D/InstallReceiver(  679): uk.ac.st_andrews.cs.host.mk74.locygpslocalization
04-04 19:29:22.674 D/VoiceDialerReceiver(  508): onReceive Intent { act=android.intent.action.PACKAGE_ADDED dat=package:uk.ac.st_andrews.cs.host.mk74.locygpslocalization flg=0x10000000 cmp=com.android.voicedialer/.VoiceDialerReceiver (has extras) }
04-04 19:29:22.684 V/RecognizerEngine(  508): deleteCachedGrammarFiles /data/data/com.android.voicedialer/files/openentries.txt
04-04 19:29:22.814 D/dalvikvm(  318): GC_CONCURRENT freed 499K, 54% free 2791K/5959K, external 0K/512K, paused 2ms+7ms
04-04 19:29:22.824 D/dalvikvm(  517): GC_CONCURRENT freed 500K, 55% free 2623K/5767K, external 0K/0K, paused 4ms+3ms
04-04 19:29:22.874 I/ActivityManager(  165): No longer want com.android.protips (pid 537): hidden #16
04-04 19:29:22.924 D/Finsky  (  650): [23] DownloadRecords.initializeAndPrune: Pruned 0 old downloads from the cursor.
04-04 19:29:22.934 D/szipinf (  692): Initializing inflate state
04-04 19:29:22.954 D/szipinf (  692): Initializing inflate state
04-04 19:29:22.964 I/ThemeManager(  692): VerifyInstalledThemesThread took 453 ms.
04-04 19:29:25.246 I/System.out(  703): Location: unknown | GPSNavigator running:true
04-04 19:29:25.246 I/System.out(  703): Battery level: 90 | Time difference: -1
04-04 19:29:27.939 D/dalvikvm(  276): GC_EXPLICIT freed 240K, 55% free 3025K/6599K, external 3516K/4365K, paused 70ms
04-04 19:29:28.239 I/System.out(  703): Location: unknown | GPSNavigator running:true
04-04 19:29:28.239 I/System.out(  703): Battery level: 90 | Time difference: -1
04-04 19:29:29.931 D/lib_locapi(  165): loc_eng_stop
04-04 19:29:31.242 I/System.out(  703): Location: unknown | GPSNavigator running:true
04-04 19:29:31.242 I/System.out(  703): Battery level: 90 | Time difference: -1
04-04 19:29:32.934 D/dalvikvm(  379): GC_EXPLICIT freed 337K, 54% free 2646K/5639K, external 0K/0K, paused 55ms
04-04 19:29:34.245 I/System.out(  703): Location: unknown | GPSNavigator running:true
04-04 19:29:34.245 I/System.out(  703): Battery level: 90 | Time difference: -1
04-04 19:29:37.238 I/System.out(  703): Location: unknown | GPSNavigator running:true
04-04 19:29:37.238 I/System.out(  703): Battery level: 90 | Time difference: -1
04-04 19:29:40.241 I/System.out(  703): Location: unknown | GPSNavigator running:true
04-04 19:29:40.241 I/System.out(  703): Battery level: 90 | Time difference: -1
04-04 19:29:41.002 D/dalvikvm(  407): GC_EXPLICIT freed 320K, 56% free 2519K/5703K, external 0K/0K, paused 57ms
04-04 19:29:43.244 I/System.out(  703): Location: unknown | GPSNavigator running:true
04-04 19:29:43.244 I/System.out(  703): Battery level: 90 | Time difference: -1
04-04 19:29:44.415 D/dalvikvm(  508): Debugger has detached; object registry had 1 entries
04-04 19:29:44.415 D/dalvikvm(  235): Debugger has detached; object registry had 1 entries
04-04 19:29:44.415 D/dalvikvm(  165): Debugger has detached; object registry had 1 entries
04-04 19:29:44.415 D/dalvikvm(  318): Debugger has detached; object registry had 1 entries
04-04 19:29:44.415 D/dalvikvm(  253): Debugger has detached; object registry had 1 entries
04-04 19:29:44.415 D/dalvikvm(  251): Debugger has detached; object registry had 1 entries
04-04 19:29:44.415 D/dalvikvm(  270): Debugger has detached; object registry had 1 entries
04-04 19:29:44.415 D/dalvikvm(  703): Debugger has detached; object registry had 1 entries
04-04 19:29:44.435 W/Vold    (  111): Ignoring unknown switch 'usb_connected'
04-04 19:29:44.435 D/Vold    (  111): USB disconnected
04-04 19:29:44.435 D/Vold    (  111): Share method ums now unavailable
04-04 19:29:44.445 I/StorageNotification(  235): UMS connection changed to false (media state mounted)
04-04 19:29:44.515 D/dalvikvm(  517): Debugger has detached; object registry had 1 entries
04-04 19:29:44.535 D/dalvikvm(  547): Debugger has detached; object registry had 1 entries
04-04 19:29:44.545 D/dalvikvm(  276): Debugger has detached; object registry had 1 entries
04-04 19:29:44.555 D/dalvikvm(  527): Debugger has detached; object registry had 1 entries
04-04 19:29:44.575 D/dalvikvm(  599): Debugger has detached; object registry had 1 entries
04-04 19:29:44.595 D/SettingsAppWidgetProvider(  599): Widget is from a previous version... Let's update
04-04 19:29:44.595 D/SettingsAppWidgetProvider(  599): No instances yet... Wait for at least one instance to exist before adding global settings
04-04 19:29:44.595 D/dalvikvm(  555): Debugger has detached; object registry had 1 entries
04-04 19:29:44.595 D/dalvikvm(  379): Debugger has detached; object registry had 1 entries
04-04 19:29:44.595 D/dalvikvm(  565): Debugger has detached; object registry had 1 entries
04-04 19:29:44.595 D/dalvikvm(  575): Debugger has detached; object registry had 1 entries
04-04 19:29:44.595 D/dalvikvm(  640): Debugger has detached; object registry had 1 entries
04-04 19:29:44.595 D/dalvikvm(  650): Debugger has detached; object registry had 1 entries
04-04 19:29:44.595 D/dalvikvm(  679): Debugger has detached; object registry had 1 entries
04-04 19:29:44.595 D/dalvikvm(  692): Debugger has detached; object registry had 1 entries
04-04 19:29:44.595 D/dalvikvm(  717): Debugger has detached; object registry had 1 entries
04-04 19:29:44.595 D/dalvikvm(  407): Debugger has detached; object registry had 1 entries
04-04 19:29:45.476 D/Tethering(  165): InitialState.processMessage what=4
04-04 19:29:45.486 D/Tethering(  165): sendTetherStateChangedBroadcast 0, 0, 0
04-04 19:29:46.247 I/System.out(  703): Location: unknown | GPSNavigator running:true
04-04 19:29:46.247 I/System.out(  703): Battery level: 90 | Time difference: -1
04-04 19:29:49.240 I/System.out(  703): Location: unknown | GPSNavigator running:true
04-04 19:29:49.240 I/System.out(  703): Battery level: 90 | Time difference: -1
04-04 19:29:50.551 D/dalvikvm(  508): GC_EXPLICIT freed 330K, 55% free 2513K/5511K, external 0K/0K, paused 60ms
04-04 19:29:52.243 I/System.out(  703): Location: unknown | GPSNavigator running:true
04-04 19:29:52.243 I/System.out(  703): Battery level: 90 | Time difference: -1
04-04 19:29:55.246 I/System.out(  703): Location: unknown | GPSNavigator running:true
04-04 19:29:55.246 I/System.out(  703): Battery level: 90 | Time difference: -1
04-04 19:29:55.566 D/dalvikvm(  517): GC_EXPLICIT freed 206K, 56% free 2571K/5767K, external 0K/0K, paused 74ms
04-04 19:29:58.239 I/System.out(  703): Location: unknown | GPSNavigator running:true
04-04 19:29:58.239 I/System.out(  703): Battery level: 90 | Time difference: -1
04-04 19:30:01.242 I/System.out(  703): Location: unknown | GPSNavigator running:true
04-04 19:30:01.242 I/System.out(  703): Battery level: 90 | Time difference: -1
04-04 19:30:04.244 I/System.out(  703): Location: unknown | GPSNavigator running:true
04-04 19:30:04.244 I/System.out(  703): Battery level: 90 | Time difference: -1
04-04 19:30:07.247 I/System.out(  703): Location: unknown | GPSNavigator running:true
04-04 19:30:07.247 I/System.out(  703): Battery level: 90 | Time difference: -1
04-04 19:30:10.240 I/System.out(  703): Location: unknown | GPSNavigator running:true
04-04 19:30:10.240 I/System.out(  703): Battery level: 90 | Time difference: -1
04-04 19:30:13.243 I/System.out(  703): Location: unknown | GPSNavigator running:true
04-04 19:30:13.243 I/System.out(  703): Battery level: 90 | Time difference: -1
04-04 19:30:15.365 D/lib_locapi(  165): loc_eng_set_position mode, client = 0, interval = 0, mode = 1
04-04 19:30:15.375 D/lib_locapi(  165): loc_eng_start
04-04 19:30:15.385 D/lib_locapi(  165): set_agps_server returned = -1
04-04 19:30:16.246 I/System.out(  703): Location: unknown | GPSNavigator running:true
04-04 19:30:16.246 I/System.out(  703): Battery level: 90 | Time difference: -1
04-04 19:30:19.249 I/System.out(  703): Location: unknown | GPSNavigator running:true
04-04 19:30:19.249 I/System.out(  703): Battery level: 90 | Time difference: -1
04-04 19:30:22.252 I/System.out(  703): Location: unknown | GPSNavigator running:true
04-04 19:30:22.252 I/System.out(  703): Battery level: 90 | Time difference: -1
04-04 19:30:25.245 I/System.out(  703): Location: unknown | GPSNavigator running:true
04-04 19:30:25.245 I/System.out(  703): Battery level: 90 | Time difference: -1
04-04 19:30:28.248 I/System.out(  703): Location: unknown | GPSNavigator running:true
04-04 19:30:28.248 I/System.out(  703): Battery level: 90 | Time difference: -1
04-04 19:30:29.939 I/WindowManager(  165): Setting rotation to 3, animFlags=0
04-04 19:30:29.960 I/ActivityManager(  165): Config changed: { scale=1.0 imsi=0/0 loc=en_GB touch=3 keys=1/1/2 nav=3/1 orien=2 layout=34 uiMode=17 seq=4 themeResource=null}
04-04 19:30:30.050 I/PowerWidget(  235): Clearing any old widget stuffs
04-04 19:30:30.060 D/szipinf (  165): Initializing inflate state
04-04 19:30:30.070 D/lib_locapi(  165): loc_eng_set_position mode, client = 0, interval = 0, mode = 1
04-04 19:30:30.070 I/PowerWidget(  235): Setting up widget
04-04 19:30:30.070 I/PowerWidget(  235): Default buttons being loaded
04-04 19:30:30.070 I/PowerWidget(  235): Button list: toggleWifi|toggleBluetooth|toggleGPS|toggleSound
04-04 19:30:30.070 I/PowerWidget(  235): Setting up button: toggleWifi
04-04 19:30:30.070 I/PowerWidget(  235): Setting up button: toggleBluetooth
04-04 19:30:30.080 I/PowerWidget(  235): Setting up button: toggleGPS
04-04 19:30:30.090 I/PowerWidget(  235): Setting up button: toggleSound
04-04 19:30:30.250 I/ActivityManager(  165): Start proc com.android.protips for broadcast com.android.protips/.ProtipWidget: pid=735 uid=10048 gids={}
04-04 19:30:30.260 D/szipinf (  165): Initializing inflate state
04-04 19:30:30.280 D/szipinf (  165): Initializing inflate state
04-04 19:30:30.300 D/szipinf (  165): Initializing inflate state
04-04 19:30:30.380 I/System.out(  703): LocyNavigatorThread has started
04-04 19:30:30.490 I/ActivityManager(  165): No longer want com.cyanogenmod.cmparts (pid 547): hidden #16
04-04 19:30:30.590 D/dalvikvm(  165): GC_CONCURRENT freed 1306K, 48% free 4848K/9159K, external 43K/547K, paused 2ms+6ms
04-04 19:30:31.251 I/System.out(  703): Location: unknown | GPSNavigator running:true
04-04 19:30:31.251 I/System.out(  703): Battery level: 90 | Time difference: -1
04-04 19:30:32.082 D/dalvikvm(  165): GC_EXPLICIT freed 85K, 48% free 4767K/9159K, external 35K/547K, paused 89ms
04-04 19:30:32.082 I/WindowManager(  165): Setting rotation to 0, animFlags=0
04-04 19:30:32.102 I/ActivityManager(  165): Config changed: { scale=1.0 imsi=0/0 loc=en_GB touch=3 keys=1/1/2 nav=3/1 orien=1 layout=34 uiMode=17 seq=5 themeResource=null}
04-04 19:30:32.152 D/lib_locapi(  165): loc_eng_set_position mode, client = 0, interval = 0, mode = 1
04-04 19:30:32.172 I/PowerWidget(  235): Clearing any old widget stuffs
04-04 19:30:32.192 I/PowerWidget(  235): Setting up widget
04-04 19:30:32.192 I/PowerWidget(  235): Default buttons being loaded
04-04 19:30:32.192 I/PowerWidget(  235): Button list: toggleWifi|toggleBluetooth|toggleGPS|toggleSound
04-04 19:30:32.192 I/PowerWidget(  235): Setting up button: toggleWifi
04-04 19:30:32.192 I/PowerWidget(  235): Setting up button: toggleBluetooth
04-04 19:30:32.202 I/PowerWidget(  235): Setting up button: toggleGPS
04-04 19:30:32.202 I/PowerWidget(  235): Setting up button: toggleSound
04-04 19:30:32.222 I/System.out(  703): LocyNavigatorThread has started
04-04 19:30:33.393 I/System.out(  703): Location: unknown | GPSNavigator running:true
04-04 19:30:33.393 I/System.out(  703): Battery level: 90 | Time difference: -1
04-04 19:30:34.254 I/System.out(  703): Location: unknown | GPSNavigator running:true
04-04 19:30:34.254 I/System.out(  703): Battery level: 90 | Time difference: -1
04-04 19:30:34.394 D/dalvikvm(  165): GC_EXPLICIT freed 22K, 48% free 4764K/9159K, external 35K/547K, paused 96ms
04-04 19:30:34.624 I/WindowManager(  165): Setting rotation to 3, animFlags=0
04-04 19:30:34.644 I/ActivityManager(  165): Config changed: { scale=1.0 imsi=0/0 loc=en_GB touch=3 keys=1/1/2 nav=3/1 orien=2 layout=34 uiMode=17 seq=6 themeResource=null}
04-04 19:30:34.744 D/lib_locapi(  165): loc_eng_set_position mode, client = 0, interval = 0, mode = 1
04-04 19:30:34.774 I/System.out(  703): LocyNavigatorThread has started
04-04 19:30:34.784 I/PowerWidget(  235): Clearing any old widget stuffs
04-04 19:30:34.784 I/PowerWidget(  235): Setting up widget
04-04 19:30:34.784 I/PowerWidget(  235): Default buttons being loaded
04-04 19:30:34.784 I/PowerWidget(  235): Button list: toggleWifi|toggleBluetooth|toggleGPS|toggleSound
04-04 19:30:34.784 I/PowerWidget(  235): Setting up button: toggleWifi
04-04 19:30:34.794 I/PowerWidget(  235): Setting up button: toggleBluetooth
04-04 19:30:34.804 I/PowerWidget(  235): Setting up button: toggleGPS
04-04 19:30:34.804 I/PowerWidget(  235): Setting up button: toggleSound
04-04 19:30:35.235 I/System.out(  703): Location: unknown | GPSNavigator running:true
04-04 19:30:35.235 I/System.out(  703): Battery level: 90 | Time difference: -1
04-04 19:30:36.236 D/dalvikvm(  165): GC_EXPLICIT freed 48K, 48% free 4770K/9159K, external 35K/547K, paused 81ms
04-04 19:30:36.236 I/WindowManager(  165): Setting rotation to 0, animFlags=0
04-04 19:30:36.256 I/ActivityManager(  165): Config changed: { scale=1.0 imsi=0/0 loc=en_GB touch=3 keys=1/1/2 nav=3/1 orien=1 layout=34 uiMode=17 seq=7 themeResource=null}
04-04 19:30:36.316 D/lib_locapi(  165): loc_eng_set_position mode, client = 0, interval = 0, mode = 1
04-04 19:30:36.356 I/PowerWidget(  235): Clearing any old widget stuffs
04-04 19:30:36.356 I/PowerWidget(  235): Setting up widget
04-04 19:30:36.356 I/PowerWidget(  235): Default buttons being loaded
04-04 19:30:36.356 I/PowerWidget(  235): Button list: toggleWifi|toggleBluetooth|toggleGPS|toggleSound
04-04 19:30:36.366 I/PowerWidget(  235): Setting up button: toggleWifi
04-04 19:30:36.366 I/PowerWidget(  235): Setting up button: toggleBluetooth
04-04 19:30:36.366 I/PowerWidget(  235): Setting up button: toggleGPS
04-04 19:30:36.366 I/PowerWidget(  235): Setting up button: toggleSound
04-04 19:30:36.386 I/System.out(  703): Location: unknown | GPSNavigator running:true
04-04 19:30:36.386 I/System.out(  703): Battery level: 90 | Time difference: -1
04-04 19:30:36.436 I/System.out(  703): LocyNavigatorThread has started
04-04 19:30:36.496 D/dalvikvm(  692): GC_CONCURRENT freed 406K, 55% free 2530K/5575K, external 0K/0K, paused 2ms+8ms
04-04 19:30:37.247 I/System.out(  703): Location: unknown | GPSNavigator running:true
04-04 19:30:37.247 I/System.out(  703): Battery level: 90 | Time difference: -1
04-04 19:30:37.787 I/System.out(  703): Location: -2.80910165 56.33992628 | GPSNavigator running:true
04-04 19:30:37.787 I/System.out(  703): Battery level: 90 | Time difference: -1
04-04 19:30:38.228 I/System.out(  703): Location: -2.80910165 56.33992628 | GPSNavigator running:true
04-04 19:30:38.228 I/System.out(  703): Battery level: 90 | Time difference: -1
04-04 19:30:38.598 D/dalvikvm(  165): GC_EXPLICIT freed 20K, 48% free 4775K/9159K, external 35K/547K, paused 112ms
04-04 19:30:39.389 I/System.out(  703): Location: -2.80910165 56.33992628 | GPSNavigator running:true
04-04 19:30:39.389 I/System.out(  703): Battery level: 90 | Time difference: -1
04-04 19:30:39.449 I/System.out(  703): Location: -2.80910165 56.33992628 | GPSNavigator running:true
04-04 19:30:39.449 I/System.out(  703): Battery level: 90 | Time difference: -1
04-04 19:30:40.250 I/System.out(  703): Location: -2.8090708 56.33990291 | GPSNavigator running:true
04-04 19:30:40.250 I/System.out(  703): Battery level: 90 | Time difference: -1
04-04 19:30:40.790 I/System.out(  703): Location: -2.80897572 56.33985288 | GPSNavigator running:true
04-04 19:30:40.790 I/System.out(  703): Battery level: 90 | Time difference: -1
04-04 19:30:41.231 I/System.out(  703): Location: -2.8090708 56.33990291 | GPSNavigator running:true
04-04 19:30:41.231 I/System.out(  703): Battery level: 90 | Time difference: -1
04-04 19:30:42.392 I/System.out(  703): Location: -2.80896539 56.3399125 | GPSNavigator running:true
04-04 19:30:42.392 I/System.out(  703): Battery level: 90 | Time difference: -1
04-04 19:30:42.452 I/System.out(  703): Location: -2.80897572 56.33985288 | GPSNavigator running:true
04-04 19:30:42.452 I/System.out(  703): Battery level: 90 | Time difference: -1
04-04 19:30:42.602 D/dalvikvm(  527): GC_EXPLICIT freed 80K, 55% free 2549K/5639K, external 0K/0K, paused 53ms
04-04 19:30:43.252 I/System.out(  703): Location: -2.80896539 56.3399125 | GPSNavigator running:true
04-04 19:30:43.262 I/System.out(  703): Battery level: 90 | Time difference: -1
04-04 19:30:43.793 I/System.out(  703): Location: -2.80891883 56.33987444 | GPSNavigator running:true
04-04 19:30:43.793 I/System.out(  703): Battery level: 90 | Time difference: -1
04-04 19:30:44.233 I/System.out(  703): Location: -2.80896539 56.3399125 | GPSNavigator running:true
04-04 19:30:44.233 I/System.out(  703): Battery level: 90 | Time difference: -1
04-04 19:30:45.395 I/System.out(  703): Location: -2.80888228 56.33986905 | GPSNavigator running:true
04-04 19:30:45.405 I/System.out(  703): Battery level: 90 | Time difference: -1
04-04 19:30:45.455 I/System.out(  703): Location: -2.80891883 56.33987444 | GPSNavigator running:true
04-04 19:30:45.455 I/System.out(  703): Battery level: 90 | Time difference: -1
04-04 19:30:46.245 I/System.out(  703): Location: -2.80886686 56.33987801 | GPSNavigator running:true
04-04 19:30:46.245 I/System.out(  703): Battery level: 90 | Time difference: -1
04-04 19:30:46.786 I/System.out(  703): Location: -2.80890782 56.3399031 | GPSNavigator running:true
04-04 19:30:46.786 I/System.out(  703): Battery level: 90 | Time difference: -1
04-04 19:30:47.226 I/System.out(  703): Location: -2.80886686 56.33987801 | GPSNavigator running:true
04-04 19:30:47.226 I/System.out(  703): Battery level: 90 | Time difference: -1
04-04 19:30:47.517 D/dalvikvm(  703): GC_CONCURRENT freed 286K, 53% free 2642K/5575K, external 8K/519K, paused 7ms+2ms
04-04 19:30:48.387 I/System.out(  703): Location: -2.80888805 56.33991999 | GPSNavigator running:true
04-04 19:30:48.398 I/System.out(  703): Battery level: 90 | Time difference: -1
04-04 19:30:48.448 I/System.out(  703): Location: -2.80890782 56.3399031 | GPSNavigator running:true
04-04 19:30:48.448 I/System.out(  703): Battery level: 90 | Time difference: -1
04-04 19:30:49.258 I/System.out(  703): Location: -2.80887993 56.33992918 | GPSNavigator running:true
04-04 19:30:49.258 I/System.out(  703): Battery level: 90 | Time difference: -1
04-04 19:30:49.318 D/SntpClient(  165): request time failed: java.net.UnknownHostException: europe.pool.ntp.org
04-04 19:30:49.368 D/SntpClient(  165): request time failed: java.net.UnknownHostException: europe.pool.ntp.org
04-04 19:30:49.368 D/SntpClient(  165): request time failed: java.net.UnknownHostException: europe.pool.ntp.org
04-04 19:30:49.789 I/System.out(  703): Location: -2.80888082 56.33994021 | GPSNavigator running:true
04-04 19:30:49.789 I/System.out(  703): Battery level: 90 | Time difference: -1
04-04 19:30:50.229 I/System.out(  703): Location: -2.80887993 56.33992918 | GPSNavigator running:true
04-04 19:30:50.229 I/System.out(  703): Battery level: 90 | Time difference: -1
04-04 19:30:51.390 I/System.out(  703): Location: -2.80888156 56.33994624 | GPSNavigator running:true
04-04 19:30:51.390 I/System.out(  703): Battery level: 90 | Time difference: -1
04-04 19:30:51.450 I/System.out(  703): Location: -2.80888082 56.33994021 | GPSNavigator running:true
04-04 19:30:51.450 I/System.out(  703): Battery level: 90 | Time difference: -1
04-04 19:30:52.251 I/System.out(  703): Location: -2.80887432 56.33995064 | GPSNavigator running:true
04-04 19:30:52.251 I/System.out(  703): Battery level: 90 | Time difference: -1
04-04 19:30:52.792 I/System.out(  703): Location: -2.808863 56.33994872 | GPSNavigator running:true
04-04 19:30:52.792 I/System.out(  703): Battery level: 90 | Time difference: -1
04-04 19:30:53.232 I/System.out(  703): Location: -2.80887432 56.33995064 | GPSNavigator running:true
04-04 19:30:53.232 I/System.out(  703): Battery level: 90 | Time difference: -1
04-04 19:30:54.393 I/System.out(  703): Location: -2.80884527 56.33995504 | GPSNavigator running:true
04-04 19:30:54.393 I/System.out(  703): Battery level: 90 | Time difference: -1
04-04 19:30:54.453 I/System.out(  703): Location: -2.808863 56.33994872 | GPSNavigator running:true
04-04 19:30:54.453 I/System.out(  703): Battery level: 90 | Time difference: -1
04-04 19:30:55.264 I/System.out(  703): Location: -2.80883676 56.3399555 | GPSNavigator running:true
04-04 19:30:55.264 I/System.out(  703): Battery level: 90 | Time difference: -1
04-04 19:30:55.795 I/System.out(  703): Location: -2.80882622 56.3399606 | GPSNavigator running:true
04-04 19:30:55.795 I/System.out(  703): Battery level: 90 | Time difference: -1
04-04 19:30:56.225 I/System.out(  703): Location: -2.80883676 56.3399555 | GPSNavigator running:true
04-04 19:30:56.225 I/System.out(  703): Battery level: 90 | Time difference: -1
04-04 19:30:57.386 I/System.out(  703): Location: -2.80882622 56.3399606 | GPSNavigator running:true
04-04 19:30:57.396 I/System.out(  703): Battery level: 90 | Time difference: -1
04-04 19:30:57.446 I/System.out(  703): Location: -2.80882622 56.3399606 | GPSNavigator running:true
04-04 19:30:57.446 I/System.out(  703): Battery level: 90 | Time difference: -1
04-04 19:30:58.247 I/System.out(  703): Location: -2.80877581 56.3399649 | GPSNavigator running:true
04-04 19:30:58.257 I/System.out(  703): Battery level: 90 | Time difference: -1
04-04 19:30:58.788 I/System.out(  703): Location: -2.80875887 56.33996572 | GPSNavigator running:true
04-04 19:30:58.788 I/System.out(  703): Battery level: 90 | Time difference: -1
04-04 19:30:59.228 I/System.out(  703): Location: -2.80877581 56.3399649 | GPSNavigator running:true
04-04 19:30:59.228 I/System.out(  703): Battery level: 90 | Time difference: -1
04-04 19:31:00.389 I/System.out(  703): Location: -2.80875887 56.33996572 | GPSNavigator running:true
04-04 19:31:00.399 I/System.out(  703): Battery level: 90 | Time difference: -1
04-04 19:31:00.449 I/System.out(  703): Location: -2.80875887 56.33996572 | GPSNavigator running:true
04-04 19:31:00.449 I/System.out(  703): Battery level: 90 | Time difference: -1
04-04 19:31:01.260 I/System.out(  703): Location: -2.80872099 56.33998038 | GPSNavigator running:true
04-04 19:31:01.260 I/System.out(  703): Battery level: 90 | Time difference: -1
04-04 19:31:01.791 I/System.out(  703): Location: -2.80871269 56.33998404 | GPSNavigator running:true
04-04 19:31:01.791 I/System.out(  703): Battery level: 90 | Time difference: -1
04-04 19:31:02.231 I/System.out(  703): Location: -2.80872099 56.33998038 | GPSNavigator running:true
04-04 19:31:02.231 I/System.out(  703): Battery level: 90 | Time difference: -1
04-04 19:31:03.392 I/System.out(  703): Location: -2.80871269 56.33998404 | GPSNavigator running:true
04-04 19:31:03.402 I/System.out(  703): Battery level: 90 | Time difference: -1
04-04 19:31:03.452 I/System.out(  703): Location: -2.80871269 56.33998404 | GPSNavigator running:true
04-04 19:31:03.452 I/System.out(  703): Battery level: 90 | Time difference: -1
04-04 19:31:04.263 I/System.out(  703): Location: -2.80869304 56.33999773 | GPSNavigator running:true
04-04 19:31:04.263 I/System.out(  703): Battery level: 90 | Time difference: -1
04-04 19:31:04.794 I/System.out(  703): Location: -2.80867573 56.34000457 | GPSNavigator running:true
04-04 19:31:04.804 I/System.out(  703): Battery level: 90 | Time difference: -1
04-04 19:31:05.234 I/System.out(  703): Location: -2.80869304 56.33999773 | GPSNavigator running:true
04-04 19:31:05.234 I/System.out(  703): Battery level: 90 | Time difference: -1
04-04 19:31:06.385 I/System.out(  703): Location: -2.80867573 56.34000457 | GPSNavigator running:true
04-04 19:31:06.385 I/System.out(  703): Battery level: 90 | Time difference: -1
04-04 19:31:06.445 I/System.out(  703): Location: -2.80867573 56.34000457 | GPSNavigator running:true
04-04 19:31:06.445 I/System.out(  703): Battery level: 90 | Time difference: -1
04-04 19:31:07.256 I/System.out(  703): Location: -2.80865652 56.34002292 | GPSNavigator running:true
04-04 19:31:07.256 I/System.out(  703): Battery level: 90 | Time difference: -1
04-04 19:31:07.786 I/System.out(  703): Location: -2.80863455 56.34002839 | GPSNavigator running:true
04-04 19:31:07.786 I/System.out(  703): Battery level: 90 | Time difference: -1
04-04 19:31:08.227 I/System.out(  703): Location: -2.80865652 56.34002292 | GPSNavigator running:true
04-04 19:31:08.227 I/System.out(  703): Battery level: 90 | Time difference: -1
04-04 19:31:09.388 I/System.out(  703): Location: -2.80863455 56.34002839 | GPSNavigator running:true
04-04 19:31:09.388 I/System.out(  703): Battery level: 90 | Time difference: -1
04-04 19:31:09.448 I/System.out(  703): Location: -2.80863455 56.34002839 | GPSNavigator running:true
04-04 19:31:09.448 I/System.out(  703): Battery level: 90 | Time difference: -1
04-04 19:31:10.259 I/System.out(  703): Location: -2.8086031 56.34004352 | GPSNavigator running:true
04-04 19:31:10.259 I/System.out(  703): Battery level: 90 | Time difference: -1
04-04 19:31:10.789 I/System.out(  703): Location: -2.80858839 56.34005231 | GPSNavigator running:true
04-04 19:31:10.789 I/System.out(  703): Battery level: 90 | Time difference: -1
04-04 19:31:11.230 I/System.out(  703): Location: -2.8086031 56.34004352 | GPSNavigator running:true
04-04 19:31:11.230 I/System.out(  703): Battery level: 90 | Time difference: -1
04-04 19:31:12.391 I/System.out(  703): Location: -2.80858839 56.34005231 | GPSNavigator running:true
04-04 19:31:12.391 I/System.out(  703): Battery level: 90 | Time difference: -1
04-04 19:31:12.461 I/System.out(  703): Location: -2.80858839 56.34005231 | GPSNavigator running:true
04-04 19:31:12.461 I/System.out(  703): Battery level: 90 | Time difference: -1
04-04 19:31:13.262 I/System.out(  703): Location: -2.80855045 56.34004862 | GPSNavigator running:true
04-04 19:31:13.262 I/System.out(  703): Battery level: 90 | Time difference: -1
04-04 19:31:13.792 I/System.out(  703): Location: -2.80853938 56.34005295 | GPSNavigator running:true
04-04 19:31:13.792 I/System.out(  703): Battery level: 90 | Time difference: -1
04-04 19:31:14.233 I/System.out(  703): Location: -2.80855045 56.34004862 | GPSNavigator running:true
04-04 19:31:14.233 I/System.out(  703): Battery level: 90 | Time difference: -1
04-04 19:31:15.394 I/System.out(  703): Location: -2.80853938 56.34005295 | GPSNavigator running:true
04-04 19:31:15.394 I/System.out(  703): Battery level: 90 | Time difference: -1
04-04 19:31:15.454 I/System.out(  703): Location: -2.80853938 56.34005295 | GPSNavigator running:true
04-04 19:31:15.464 I/System.out(  703): Battery level: 90 | Time difference: -1
04-04 19:31:16.265 I/System.out(  703): Location: -2.80851583 56.34005284 | GPSNavigator running:true
04-04 19:31:16.265 I/System.out(  703): Battery level: 90 | Time difference: -1
04-04 19:31:16.795 I/System.out(  703): Location: -2.80851472 56.34005908 | GPSNavigator running:true
04-04 19:31:16.795 I/System.out(  703): Battery level: 90 | Time difference: -1
04-04 19:31:17.226 I/System.out(  703): Location: -2.80851583 56.34005284 | GPSNavigator running:true
04-04 19:31:17.226 I/System.out(  703): Battery level: 90 | Time difference: -1
04-04 19:31:18.397 I/System.out(  703): Location: -2.80851472 56.34005908 | GPSNavigator running:true
04-04 19:31:18.397 I/System.out(  703): Battery level: 90 | Time difference: -1
04-04 19:31:18.447 I/System.out(  703): Location: -2.80851472 56.34005908 | GPSNavigator running:true
04-04 19:31:18.457 I/System.out(  703): Battery level: 90 | Time difference: -1
04-04 19:31:19.258 I/System.out(  703): Location: -2.80849324 56.34007196 | GPSNavigator running:true
04-04 19:31:19.258 I/System.out(  703): Battery level: 90 | Time difference: -1
04-04 19:31:19.788 I/System.out(  703): Location: -2.80848661 56.34007674 | GPSNavigator running:true
04-04 19:31:19.798 I/System.out(  703): Battery level: 90 | Time difference: -1
04-04 19:31:20.229 I/System.out(  703): Location: -2.80849324 56.34007196 | GPSNavigator running:true
04-04 19:31:20.229 I/System.out(  703): Battery level: 90 | Time difference: -1
04-04 19:31:21.400 I/System.out(  703): Location: -2.80848661 56.34007674 | GPSNavigator running:true
04-04 19:31:21.400 I/System.out(  703): Battery level: 90 | Time difference: -1
04-04 19:31:21.450 I/System.out(  703): Location: -2.80848661 56.34007674 | GPSNavigator running:true
04-04 19:31:21.460 I/System.out(  703): Battery level: 90 | Time difference: -1
04-04 19:31:22.261 I/System.out(  703): Location: -2.80844597 56.34008554 | GPSNavigator running:true
04-04 19:31:22.261 I/System.out(  703): Battery level: 90 | Time difference: -1
04-04 19:31:22.791 I/System.out(  703): Location: -2.80844597 56.34008554 | GPSNavigator running:true
04-04 19:31:22.791 I/System.out(  703): Battery level: 90 | Time difference: -1
04-04 19:31:23.231 I/System.out(  703): Location: -2.80844597 56.34008554 | GPSNavigator running:true
04-04 19:31:23.231 I/System.out(  703): Battery level: 90 | Time difference: -1
04-04 19:31:24.393 I/System.out(  703): Location: -2.80841007 56.34007242 | GPSNavigator running:true
04-04 19:31:24.403 I/System.out(  703): Battery level: 90 | Time difference: -1
04-04 19:31:24.453 I/System.out(  703): Location: -2.80841007 56.34007242 | GPSNavigator running:true
04-04 19:31:24.463 I/System.out(  703): Battery level: 90 | Time difference: -1
04-04 19:31:25.263 I/System.out(  703): Location: -2.8083738 56.34006803 | GPSNavigator running:true
04-04 19:31:25.263 I/System.out(  703): Battery level: 90 | Time difference: -1
04-04 19:31:25.794 I/System.out(  703): Location: -2.8083738 56.34006803 | GPSNavigator running:true
04-04 19:31:25.804 I/System.out(  703): Battery level: 90 | Time difference: -1
04-04 19:31:26.234 I/System.out(  703): Location: -2.8083738 56.34006803 | GPSNavigator running:true
04-04 19:31:26.234 I/System.out(  703): Battery level: 90 | Time difference: -1
04-04 19:31:27.396 I/System.out(  703): Location: -2.80837481 56.34006297 | GPSNavigator running:true
04-04 19:31:27.396 I/System.out(  703): Battery level: 90 | Time difference: -1
04-04 19:31:27.456 I/System.out(  703): Location: -2.80837481 56.34006297 | GPSNavigator running:true
04-04 19:31:27.456 I/System.out(  703): Battery level: 90 | Time difference: -1
04-04 19:31:27.516 D/dalvikvm(  703): GC_CONCURRENT freed 410K, 55% free 2652K/5767K, external 8K/519K, paused 12ms+5ms
04-04 19:31:28.256 I/System.out(  703): Location: -2.80840206 56.34007244 | GPSNavigator running:true
04-04 19:31:28.256 I/System.out(  703): Battery level: 90 | Time difference: -1
04-04 19:31:28.787 I/System.out(  703): Location: -2.80840206 56.34007244 | GPSNavigator running:true
04-04 19:31:28.797 I/System.out(  703): Battery level: 90 | Time difference: -1
04-04 19:31:29.227 I/System.out(  703): Location: -2.80840206 56.34007244 | GPSNavigator running:true
04-04 19:31:29.237 I/System.out(  703): Battery level: 90 | Time difference: -1
04-04 19:31:30.388 I/System.out(  703): Location: -2.80840206 56.34007244 | GPSNavigator running:true
04-04 19:31:30.398 I/System.out(  703): Battery level: 90 | Time difference: -1
04-04 19:31:30.459 I/System.out(  703): Location: -2.80840206 56.34007244 | GPSNavigator running:true
04-04 19:31:30.459 I/System.out(  703): Battery level: 90 | Time difference: -1
04-04 19:31:31.259 I/System.out(  703): Location: -2.80844789 56.34007765 | GPSNavigator running:true
04-04 19:31:31.259 I/System.out(  703): Battery level: 90 | Time difference: -1
04-04 19:31:31.800 I/System.out(  703): Location: -2.80844789 56.34007765 | GPSNavigator running:true
04-04 19:31:31.800 I/System.out(  703): Battery level: 90 | Time difference: -1
04-04 19:31:32.230 I/System.out(  703): Location: -2.80844789 56.34007765 | GPSNavigator running:true
04-04 19:31:32.230 I/System.out(  703): Battery level: 90 | Time difference: -1
04-04 19:31:33.401 I/System.out(  703): Location: -2.80844802 56.34006774 | GPSNavigator running:true
04-04 19:31:33.401 I/System.out(  703): Battery level: 90 | Time difference: -1
04-04 19:31:33.451 I/System.out(  703): Location: -2.80844802 56.34006774 | GPSNavigator running:true
04-04 19:31:33.461 I/System.out(  703): Battery level: 90 | Time difference: -1
04-04 19:31:34.262 I/System.out(  703): Location: -2.8084997 56.34007366 | GPSNavigator running:true
04-04 19:31:34.262 I/System.out(  703): Battery level: 90 | Time difference: -1
04-04 19:31:34.803 I/System.out(  703): Location: -2.8084997 56.34007366 | GPSNavigator running:true
04-04 19:31:34.803 I/System.out(  703): Battery level: 90 | Time difference: -1
04-04 19:31:35.233 I/System.out(  703): Location: -2.8084997 56.34007366 | GPSNavigator running:true
04-04 19:31:35.233 I/System.out(  703): Battery level: 90 | Time difference: -1
04-04 19:31:36.404 I/System.out(  703): Location: -2.808532 56.34008771 | GPSNavigator running:true
04-04 19:31:36.404 I/System.out(  703): Battery level: 90 | Time difference: -1
04-04 19:31:36.464 I/System.out(  703): Location: -2.808532 56.34008771 | GPSNavigator running:true
04-04 19:31:36.464 I/System.out(  703): Battery level: 90 | Time difference: -1
04-04 19:31:37.255 I/System.out(  703): Location: -2.80857409 56.34008029 | GPSNavigator running:true
04-04 19:31:37.255 I/System.out(  703): Battery level: 90 | Time difference: -1
04-04 19:31:37.796 I/System.out(  703): Location: -2.80857409 56.34008029 | GPSNavigator running:true
04-04 19:31:37.796 I/System.out(  703): Battery level: 90 | Time difference: -1
04-04 19:31:38.226 I/System.out(  703): Location: -2.80857409 56.34008029 | GPSNavigator running:true
04-04 19:31:38.226 I/System.out(  703): Battery level: 90 | Time difference: -1
04-04 19:31:39.397 I/System.out(  703): Location: -2.80859584 56.34008045 | GPSNavigator running:true
04-04 19:31:39.397 I/System.out(  703): Battery level: 90 | Time difference: -1
04-04 19:31:39.457 I/System.out(  703): Location: -2.80859584 56.34008045 | GPSNavigator running:true
04-04 19:31:39.457 I/System.out(  703): Battery level: 90 | Time difference: -1
04-04 19:31:40.258 I/System.out(  703): Location: -2.8086769 56.34007522 | GPSNavigator running:true
04-04 19:31:40.258 I/System.out(  703): Battery level: 90 | Time difference: -1
04-04 19:31:40.618 I/System.out(  703): Battery level start is reached
04-04 19:31:40.618 I/System.out(  703): Battery level start is reached
04-04 19:31:40.618 I/System.out(  703): Battery level start is reached
04-04 19:31:40.618 I/System.out(  703): Battery level start is reached
04-04 19:31:40.618 I/System.out(  703): Battery level start is reached
04-04 19:31:40.799 I/System.out(  703): Location: -2.8086769 56.34007522 | GPSNavigator running:true
04-04 19:31:40.799 I/System.out(  703): Battery level: 89 | Time difference: -1
04-04 19:31:41.229 I/System.out(  703): Location: -2.8086769 56.34007522 | GPSNavigator running:true
04-04 19:31:41.229 I/System.out(  703): Battery level: 89 | Time difference: -1
04-04 19:31:42.400 I/System.out(  703): Location: -2.80870329 56.3400863 | GPSNavigator running:true
04-04 19:31:42.400 I/System.out(  703): Battery level: 89 | Time difference: -1
04-04 19:31:42.460 I/System.out(  703): Location: -2.80870329 56.3400863 | GPSNavigator running:true
