04-04 19:16:51.986 I/System.out(  675): Location: -2.80902705 56.33991145 | GPSNavigator running:true
04-04 19:16:51.986 I/System.out(  675): Battery level: 88 | Time difference: 200
04-04 19:16:52.727 I/System.out(  675): Location: -2.80902706 56.3399115 | GPSNavigator running:true
04-04 19:16:52.727 I/System.out(  675): Battery level: 88 | Time difference: 200
04-04 19:16:53.568 I/System.out(  675): Location: -2.80902704 56.33991148 | GPSNavigator running:true
04-04 19:16:53.568 I/System.out(  675): Battery level: 88 | Time difference: 200
04-04 19:16:54.989 I/System.out(  675): Location: -2.80902705 56.33991152 | GPSNavigator running:true
04-04 19:16:54.989 I/System.out(  675): Battery level: 88 | Time difference: 200
04-04 19:16:55.730 I/System.out(  675): Location: -2.80902704 56.33991152 | GPSNavigator running:true
04-04 19:16:55.730 I/System.out(  675): Battery level: 88 | Time difference: 200
04-04 19:16:56.561 I/System.out(  675): Location: -2.80902703 56.33991153 | GPSNavigator running:true
04-04 19:16:56.561 I/System.out(  675): Battery level: 88 | Time difference: 200
04-04 19:16:57.992 I/System.out(  675): Location: -2.80902703 56.33991153 | GPSNavigator running:true
04-04 19:16:57.992 I/System.out(  675): Battery level: 88 | Time difference: 200
04-04 19:16:58.743 I/System.out(  675): Location: -2.80902704 56.33991155 | GPSNavigator running:true
04-04 19:16:58.743 I/System.out(  675): Battery level: 88 | Time difference: 200
04-04 19:16:59.564 I/System.out(  675): Location: -2.80902707 56.33991163 | GPSNavigator running:true
04-04 19:16:59.564 I/System.out(  675): Battery level: 88 | Time difference: 200
04-04 19:17:00.995 I/System.out(  675): Location: -2.80902707 56.33991165 | GPSNavigator running:true
04-04 19:17:00.995 I/System.out(  675): Battery level: 88 | Time difference: 200
04-04 19:17:01.736 I/System.out(  675): Location: -2.80902708 56.33991169 | GPSNavigator running:true
04-04 19:17:01.736 I/System.out(  675): Battery level: 88 | Time difference: 200
04-04 19:17:02.566 I/System.out(  675): Location: -2.80902708 56.33991172 | GPSNavigator running:true
04-04 19:17:02.566 I/System.out(  675): Battery level: 88 | Time difference: 200
04-04 19:17:03.988 I/System.out(  675): Location: -2.80902708 56.33991175 | GPSNavigator running:true
04-04 19:17:03.988 I/System.out(  675): Battery level: 88 | Time difference: 200
04-04 19:17:04.739 I/System.out(  675): Location: -2.80902708 56.33991175 | GPSNavigator running:true
04-04 19:17:04.739 I/System.out(  675): Battery level: 88 | Time difference: 200
04-04 19:17:05.569 I/System.out(  675): Location: -2.80902708 56.33991175 | GPSNavigator running:true
04-04 19:17:05.569 I/System.out(  675): Battery level: 88 | Time difference: 200
04-04 19:17:06.991 I/System.out(  675): Location: -2.80902708 56.33991175 | GPSNavigator running:true
04-04 19:17:06.991 I/System.out(  675): Battery level: 88 | Time difference: 200
04-04 19:17:07.741 I/System.out(  675): Location: -2.80902708 56.33991175 | GPSNavigator running:true
04-04 19:17:07.741 I/System.out(  675): Battery level: 88 | Time difference: 200
04-04 19:17:08.562 I/System.out(  675): Location: -2.80902708 56.33991176 | GPSNavigator running:true
04-04 19:17:08.562 I/System.out(  675): Battery level: 88 | Time difference: 200
04-04 19:17:09.994 I/System.out(  675): Location: -2.80902708 56.33991176 | GPSNavigator running:true
04-04 19:17:09.994 I/System.out(  675): Battery level: 88 | Time difference: 200
04-04 19:17:10.744 I/System.out(  675): Location: -2.80902708 56.33991176 | GPSNavigator running:true
04-04 19:17:10.744 I/System.out(  675): Battery level: 88 | Time difference: 200
04-04 19:17:11.555 I/System.out(  675): Location: -2.80902708 56.33991176 | GPSNavigator running:true
04-04 19:17:11.555 I/System.out(  675): Battery level: 88 | Time difference: 200
04-04 19:17:12.987 I/System.out(  675): Location: -2.80902708 56.33991176 | GPSNavigator running:true
04-04 19:17:12.987 I/System.out(  675): Battery level: 88 | Time difference: 200
04-04 19:17:13.737 I/System.out(  675): Location: -2.80902708 56.33991176 | GPSNavigator running:true
04-04 19:17:13.737 I/System.out(  675): Battery level: 88 | Time difference: 200
04-04 19:17:14.568 I/System.out(  675): Location: -2.80902708 56.33991176 | GPSNavigator running:true
04-04 19:17:14.568 I/System.out(  675): Battery level: 88 | Time difference: 200
04-04 19:17:15.990 I/System.out(  675): Location: -2.80902708 56.33991176 | GPSNavigator running:true
04-04 19:17:15.990 I/System.out(  675): Battery level: 88 | Time difference: 200
04-04 19:17:16.740 I/System.out(  675): Location: -2.80902708 56.33991176 | GPSNavigator running:true
04-04 19:17:16.740 I/System.out(  675): Battery level: 88 | Time difference: 200
04-04 19:17:17.561 I/System.out(  675): Location: -2.80902708 56.33991176 | GPSNavigator running:true
04-04 19:17:17.561 I/System.out(  675): Battery level: 88 | Time difference: 200
04-04 19:17:18.992 I/System.out(  675): Location: -2.80902708 56.33991176 | GPSNavigator running:true
04-04 19:17:18.992 I/System.out(  675): Battery level: 88 | Time difference: 200
04-04 19:17:19.743 I/System.out(  675): Location: -2.80902708 56.33991176 | GPSNavigator running:true
04-04 19:17:19.743 I/System.out(  675): Battery level: 88 | Time difference: 200
04-04 19:17:20.564 I/System.out(  675): Location: -2.80902708 56.33991176 | GPSNavigator running:true
04-04 19:17:20.564 I/System.out(  675): Battery level: 88 | Time difference: 200
04-04 19:17:21.995 I/System.out(  675): Location: -2.80902708 56.33991176 | GPSNavigator running:true
04-04 19:17:21.995 I/System.out(  675): Battery level: 88 | Time difference: 200
04-04 19:17:22.736 I/System.out(  675): Location: -2.80902708 56.33991176 | GPSNavigator running:true
04-04 19:17:22.736 I/System.out(  675): Battery level: 88 | Time difference: 200
04-04 19:17:23.557 I/System.out(  675): Location: -2.80902708 56.33991176 | GPSNavigator running:true
04-04 19:17:23.557 I/System.out(  675): Battery level: 88 | Time difference: 200
04-04 19:17:24.998 I/System.out(  675): Location: -2.80902708 56.33991176 | GPSNavigator running:true
04-04 19:17:24.998 I/System.out(  675): Battery level: 88 | Time difference: 200
04-04 19:17:25.739 I/System.out(  675): Location: -2.80902708 56.33991176 | GPSNavigator running:true
04-04 19:17:25.739 I/System.out(  675): Battery level: 88 | Time difference: 200
04-04 19:17:26.570 I/System.out(  675): Location: -2.80902708 56.33991176 | GPSNavigator running:true
04-04 19:17:26.570 I/System.out(  675): Battery level: 88 | Time difference: 200
04-04 19:17:27.961 D/SettingsAppWidgetProvider(  516): Widget is from a previous version... Let's update
04-04 19:17:27.961 D/SettingsAppWidgetProvider(  516): No instances yet... Wait for at least one instance to exist before adding global settings
04-04 19:17:27.991 I/System.out(  675): Location: -2.80902708 56.33991176 | GPSNavigator running:true
04-04 19:17:27.991 I/System.out(  675): Battery level: 88 | Time difference: 200
04-04 19:17:28.742 I/System.out(  675): Location: -2.80902708 56.33991176 | GPSNavigator running:true
04-04 19:17:28.742 I/System.out(  675): Battery level: 88 | Time difference: 200
04-04 19:17:29.082 W/Vold    (  111): Ignoring unknown switch 'usb_connected'
04-04 19:17:29.192 D/Vold    (  111): USB connected
04-04 19:17:29.192 D/Vold    (  111): Share method ums now available
04-04 19:17:29.202 I/StorageNotification(  240): UMS connection changed to true (media state mounted)
04-04 19:17:29.212 V/NotificationService(  169): Active profile: Default
04-04 19:17:29.222 I/PROFILE (  169): Group: Gmail containing : com.android.systemui : false
04-04 19:17:29.222 I/PROFILE (  169): Group: Phone containing : com.android.systemui : false
04-04 19:17:29.222 I/PROFILE (  169): Group: Calendar containing : com.android.systemui : false
04-04 19:17:29.222 I/PROFILE (  169): Group: Email containing : com.android.systemui : false
04-04 19:17:29.242 W/ApplicationContext(  169): Unable to create files directory
04-04 19:17:29.252 I/PROFILE (  169): Group: SMS containing : com.android.systemui : false
04-04 19:17:29.252 V/ProfileManager(  169): No active group, returning default: Other
04-04 19:17:29.252 V/NotificationService(  169): Pkg: com.android.systemui group: Other
04-04 19:17:29.252 D/WriteApps(  169): Error: java.lang.NullPointerException
04-04 19:17:29.252 V/NotificationService(  169): Active profile: Default
04-04 19:17:29.252 I/PROFILE (  169): Group: Gmail containing : android : false
04-04 19:17:29.252 I/PROFILE (  169): Group: Phone containing : android : false
04-04 19:17:29.252 I/PROFILE (  169): Group: Calendar containing : android : false
04-04 19:17:29.252 I/PROFILE (  169): Group: Email containing : android : false
04-04 19:17:29.252 I/PROFILE (  169): Group: SMS containing : android : false
04-04 19:17:29.252 V/ProfileManager(  169): No active group, returning default: Other
04-04 19:17:29.252 V/NotificationService(  169): Pkg: android group: Other
04-04 19:17:29.273 D/Tethering(  169): sendTetherStateChangedBroadcast 1, 0, 0
04-04 19:17:29.273 D/Tethering(  169): interfaceAdded :usb0
04-04 19:17:29.373 D/dalvikvm(  240): GC_CONCURRENT freed 492K, 53% free 2834K/6023K, external 970K/993K, paused 2ms+3ms
04-04 19:17:29.403 D/dalvikvm(  240): GC_EXTERNAL_ALLOC freed 10K, 54% free 2824K/6023K, external 970K/993K, paused 31ms
04-04 19:17:29.563 I/System.out(  675): Location: -2.80902708 56.33991176 | GPSNavigator running:true
04-04 19:17:29.563 I/System.out(  675): Battery level: 88 | Time difference: 200
04-04 19:17:30.994 I/System.out(  675): Location: -2.80902708 56.33991176 | GPSNavigator running:true
04-04 19:17:30.994 I/System.out(  675): Battery level: 88 | Time difference: 200
04-04 19:17:31.745 I/System.out(  675): Location: -2.80902708 56.33991176 | GPSNavigator running:true
04-04 19:17:31.745 I/System.out(  675): Battery level: 88 | Time difference: 200
04-04 19:17:32.556 I/System.out(  675): Location: -2.80902708 56.33991176 | GPSNavigator running:true
04-04 19:17:32.556 I/System.out(  675): Battery level: 88 | Time difference: 200
04-04 19:17:33.997 I/System.out(  675): Location: -2.80902708 56.33991176 | GPSNavigator running:true
04-04 19:17:33.997 I/System.out(  675): Battery level: 88 | Time difference: 200
04-04 19:17:34.347 D/dalvikvm(  516): GC_EXPLICIT freed 117K, 54% free 2638K/5639K, external 0K/0K, paused 73ms
04-04 19:17:34.738 I/System.out(  675): Location: -2.80902708 56.33991176 | GPSNavigator running:true
04-04 19:17:34.738 I/System.out(  675): Battery level: 88 | Time difference: 200
04-04 19:17:35.559 I/System.out(  675): Location: -2.80902708 56.33991176 | GPSNavigator running:true
04-04 19:17:35.559 I/System.out(  675): Battery level: 88 | Time difference: 200
04-04 19:17:37.000 I/System.out(  675): Location: -2.80902708 56.33991176 | GPSNavigator running:true
04-04 19:17:37.000 I/System.out(  675): Battery level: 88 | Time difference: 200
04-04 19:17:37.741 I/System.out(  675): Location: -2.80902708 56.33991176 | GPSNavigator running:true
04-04 19:17:37.741 I/System.out(  675): Battery level: 88 | Time difference: 200
04-04 19:17:38.572 I/System.out(  675): Location: -2.80902708 56.33991176 | GPSNavigator running:true
04-04 19:17:38.572 I/System.out(  675): Battery level: 88 | Time difference: 200
04-04 19:17:39.993 I/System.out(  675): Location: -2.80902708 56.33991176 | GPSNavigator running:true
04-04 19:17:39.993 I/System.out(  675): Battery level: 88 | Time difference: 200
04-04 19:17:40.744 I/System.out(  675): Location: -2.80902708 56.33991176 | GPSNavigator running:true
04-04 19:17:40.744 I/System.out(  675): Battery level: 88 | Time difference: 200
04-04 19:17:41.564 I/System.out(  675): Location: -2.80902708 56.33991176 | GPSNavigator running:true
04-04 19:17:41.564 I/System.out(  675): Battery level: 88 | Time difference: 200
04-04 19:17:42.986 I/System.out(  675): Location: -2.80902708 56.33991176 | GPSNavigator running:true
04-04 19:17:42.986 I/System.out(  675): Battery level: 88 | Time difference: 200
04-04 19:17:43.737 I/System.out(  675): Location: -2.80902708 56.33991176 | GPSNavigator running:true
04-04 19:17:43.737 I/System.out(  675): Battery level: 88 | Time difference: 200
04-04 19:17:44.567 I/System.out(  675): Location: -2.80902708 56.33991176 | GPSNavigator running:true
04-04 19:17:44.567 I/System.out(  675): Battery level: 88 | Time difference: 200
04-04 19:17:45.989 I/System.out(  675): Location: -2.80902708 56.33991176 | GPSNavigator running:true
04-04 19:17:45.989 I/System.out(  675): Battery level: 88 | Time difference: 200
04-04 19:17:46.740 I/System.out(  675): Location: -2.80902708 56.33991176 | GPSNavigator running:true
04-04 19:17:46.740 I/System.out(  675): Battery level: 88 | Time difference: 200
04-04 19:17:47.570 I/System.out(  675): Location: -2.80902708 56.33991176 | GPSNavigator running:true
04-04 19:17:47.570 I/System.out(  675): Battery level: 88 | Time difference: 200
04-04 19:17:49.002 I/System.out(  675): Location: -2.80902708 56.33991176 | GPSNavigator running:true
04-04 19:17:49.002 I/System.out(  675): Battery level: 88 | Time difference: 200
04-04 19:17:49.742 I/System.out(  675): Location: -2.80902708 56.33991176 | GPSNavigator running:true
04-04 19:17:49.742 I/System.out(  675): Battery level: 88 | Time difference: 200
04-04 19:17:50.563 I/System.out(  675): Location: -2.80902708 56.33991176 | GPSNavigator running:true
04-04 19:17:50.563 I/System.out(  675): Battery level: 88 | Time difference: 200
04-04 19:17:52.005 I/System.out(  675): Location: -2.80902708 56.33991176 | GPSNavigator running:true
04-04 19:17:52.005 I/System.out(  675): Battery level: 88 | Time difference: 200
04-04 19:17:52.745 I/System.out(  675): Location: -2.80902708 56.33991176 | GPSNavigator running:true
04-04 19:17:52.745 I/System.out(  675): Battery level: 88 | Time difference: 200
04-04 19:17:53.566 I/System.out(  675): Location: -2.80902708 56.33991176 | GPSNavigator running:true
04-04 19:17:53.566 I/System.out(  675): Battery level: 88 | Time difference: 200
04-04 19:17:54.998 I/System.out(  675): Location: -2.80902708 56.33991176 | GPSNavigator running:true
04-04 19:17:54.998 I/System.out(  675): Battery level: 88 | Time difference: 200
04-04 19:17:55.738 I/System.out(  675): Location: -2.80902708 56.33991176 | GPSNavigator running:true
04-04 19:17:55.738 I/System.out(  675): Battery level: 88 | Time difference: 200
04-04 19:17:56.569 I/System.out(  675): Location: -2.80902708 56.33991176 | GPSNavigator running:true
04-04 19:17:56.569 I/System.out(  675): Battery level: 88 | Time difference: 200
04-04 19:17:57.840 D/dalvikvm(  169): Debugger has detached; object registry had 1 entries
04-04 19:17:57.840 D/dalvikvm(  675): Debugger has detached; object registry had 1 entries
04-04 19:17:57.840 D/dalvikvm(  255): Debugger has detached; object registry had 1 entries
04-04 19:17:57.840 D/dalvikvm(  257): Debugger has detached; object registry had 1 entries
04-04 19:17:57.850 D/dalvikvm(  516): Debugger has detached; object registry had 1 entries
04-04 19:17:57.850 D/dalvikvm(  323): Debugger has detached; object registry had 1 entries
04-04 19:17:57.850 W/Vold    (  111): Ignoring unknown switch 'usb_connected'
04-04 19:17:57.850 D/Vold    (  111): USB disconnected
04-04 19:17:57.850 D/Vold    (  111): Share method ums now unavailable
04-04 19:17:57.860 D/dalvikvm(  270): Debugger has detached; object registry had 1 entries
04-04 19:17:57.860 D/dalvikvm(  240): Debugger has detached; object registry had 1 entries
04-04 19:17:57.870 I/StorageNotification(  240): UMS connection changed to false (media state mounted)
04-04 19:17:57.880 W/Vold    (  111): Ignoring unknown switch 'usb_connected'
04-04 19:17:57.880 D/Vold    (  111): USB connected
04-04 19:17:57.880 D/Vold    (  111): Share method ums now available
04-04 19:17:57.910 I/StorageNotification(  240): UMS connection changed to true (media state mounted)
04-04 19:17:57.920 V/NotificationService(  169): Active profile: Default
04-04 19:17:57.920 I/PROFILE (  169): Group: Gmail containing : com.android.systemui : false
04-04 19:17:57.920 I/PROFILE (  169): Group: Phone containing : com.android.systemui : false
04-04 19:17:57.920 I/PROFILE (  169): Group: Calendar containing : com.android.systemui : false
04-04 19:17:57.920 I/PROFILE (  169): Group: Email containing : com.android.systemui : false
04-04 19:17:57.920 I/PROFILE (  169): Group: SMS containing : com.android.systemui : false
04-04 19:17:57.920 V/ProfileManager(  169): No active group, returning default: Other
04-04 19:17:57.920 V/NotificationService(  169): Pkg: com.android.systemui group: Other
04-04 19:17:57.930 W/ApplicationContext(  169): Unable to create files directory
04-04 19:17:57.940 D/dalvikvm(  508): Debugger has detached; object registry had 1 entries
04-04 19:17:57.940 D/WriteApps(  169): Error: java.lang.NullPointerException
04-04 19:17:57.940 E/Tethering(  169): active iface (usb0) reported as added, ignoring
04-04 19:17:57.950 V/NotificationService(  169): Active profile: Default
04-04 19:17:57.950 I/PROFILE (  169): Group: Gmail containing : android : false
04-04 19:17:57.950 I/PROFILE (  169): Group: Phone containing : android : false
04-04 19:17:57.950 I/PROFILE (  169): Group: Calendar containing : android : false
04-04 19:17:57.950 I/PROFILE (  169): Group: Email containing : android : false
04-04 19:17:57.950 I/PROFILE (  169): Group: SMS containing : android : false
04-04 19:17:57.950 V/ProfileManager(  169): No active group, returning default: Other
04-04 19:17:57.950 V/NotificationService(  169): Pkg: android group: Other
04-04 19:17:57.950 D/dalvikvm(  683): Debugger has detached; object registry had 1 entries
04-04 19:17:57.960 D/dalvikvm(  544): Debugger has detached; object registry had 1 entries
04-04 19:17:57.960 D/dalvikvm(  612): Debugger has detached; object registry had 1 entries
04-04 19:17:57.970 D/dalvikvm(  651): Debugger has detached; object registry had 1 entries
04-04 19:17:57.981 D/dalvikvm(  705): Debugger has detached; object registry had 1 entries
04-04 19:17:57.991 D/dalvikvm(  525): Debugger has detached; object registry had 1 entries
04-04 19:17:57.991 D/dalvikvm(  585): Debugger has detached; object registry had 1 entries
04-04 19:17:57.991 D/dalvikvm(  622): Debugger has detached; object registry had 1 entries
04-04 19:17:58.001 I/System.out(  675): Location: -2.80902708 56.33991176 | GPSNavigator running:true
04-04 19:17:58.001 D/dalvikvm(  407): Debugger has detached; object registry had 1 entries
04-04 19:17:58.011 D/dalvikvm(  379): Debugger has detached; object registry had 1 entries
04-04 19:17:58.021 I/System.out(  675): Battery level: 88 | Time difference: 200
04-04 19:17:58.021 D/dalvikvm(  285): Debugger has detached; object registry had 1 entries
04-04 19:17:58.021 D/dalvikvm(  564): Debugger has detached; object registry had 1 entries
04-04 19:17:58.021 D/dalvikvm(  575): Debugger has detached; object registry had 1 entries
04-04 19:17:58.021 D/dalvikvm(  659): Debugger has detached; object registry had 1 entries
04-04 19:17:58.741 I/System.out(  675): Location: -2.80902708 56.33991176 | GPSNavigator running:true
04-04 19:17:58.741 I/System.out(  675): Battery level: 88 | Time difference: 200
04-04 19:17:58.821 D/dalvikvm(  675): GC_CONCURRENT freed 393K, 55% free 2602K/5703K, external 8K/519K, paused 5ms+2ms
04-04 19:17:59.562 I/System.out(  675): Location: -2.80902708 56.33991176 | GPSNavigator running:true
04-04 19:17:59.562 I/System.out(  675): Battery level: 88 | Time difference: 200
04-04 19:18:01.003 I/System.out(  675): Location: -2.80902708 56.33991176 | GPSNavigator running:true
04-04 19:18:01.003 I/System.out(  675): Battery level: 88 | Time difference: 200
04-04 19:18:01.744 I/System.out(  675): Location: -2.80902708 56.33991176 | GPSNavigator running:true
04-04 19:18:01.744 I/System.out(  675): Battery level: 88 | Time difference: 200
04-04 19:18:02.565 I/System.out(  675): Location: -2.80902708 56.33991176 | GPSNavigator running:true
04-04 19:18:02.565 I/System.out(  675): Battery level: 88 | Time difference: 200
04-04 19:18:03.996 I/System.out(  675): Location: -2.80902708 56.33991176 | GPSNavigator running:true
04-04 19:18:03.996 I/System.out(  675): Battery level: 88 | Time difference: 200
04-04 19:18:04.747 I/System.out(  675): Location: -2.80902708 56.33991176 | GPSNavigator running:true
04-04 19:18:04.747 I/System.out(  675): Battery level: 88 | Time difference: 200
04-04 19:18:05.368 W/Vold    (  111): Ignoring unknown switch 'usb_connected'
04-04 19:18:05.368 D/Vold    (  111): USB disconnected
04-04 19:18:05.368 D/Vold    (  111): Share method ums now unavailable
04-04 19:18:05.378 I/StorageNotification(  240): UMS connection changed to false (media state mounted)
04-04 19:18:05.558 I/System.out(  675): Location: -2.80902708 56.33991176 | GPSNavigator running:true
04-04 19:18:05.558 I/System.out(  675): Battery level: 88 | Time difference: 200
04-04 19:18:06.138 W/Vold    (  111): Ignoring unknown switch 'usb_connected'
04-04 19:18:06.158 D/Vold    (  111): USB connected
04-04 19:18:06.158 D/Vold    (  111): Share method ums now available
04-04 19:18:06.168 I/StorageNotification(  240): UMS connection changed to true (media state mounted)
04-04 19:18:06.199 V/NotificationService(  169): Active profile: Default
04-04 19:18:06.199 I/PROFILE (  169): Group: Gmail containing : com.android.systemui : false
04-04 19:18:06.199 I/PROFILE (  169): Group: Phone containing : com.android.systemui : false
04-04 19:18:06.199 I/PROFILE (  169): Group: Calendar containing : com.android.systemui : false
04-04 19:18:06.199 I/PROFILE (  169): Group: Email containing : com.android.systemui : false
04-04 19:18:06.199 I/PROFILE (  169): Group: SMS containing : com.android.systemui : false
04-04 19:18:06.199 V/ProfileManager(  169): No active group, returning default: Other
04-04 19:18:06.199 V/NotificationService(  169): Pkg: com.android.systemui group: Other
04-04 19:18:06.219 W/ApplicationContext(  169): Unable to create files directory
04-04 19:18:06.249 D/WriteApps(  169): Error: java.lang.NullPointerException
04-04 19:18:06.249 E/Tethering(  169): active iface (usb0) reported as added, ignoring
04-04 19:18:06.249 V/NotificationService(  169): Active profile: Default
04-04 19:18:06.249 I/PROFILE (  169): Group: Gmail containing : android : false
04-04 19:18:06.249 I/PROFILE (  169): Group: Phone containing : android : false
04-04 19:18:06.249 I/PROFILE (  169): Group: Calendar containing : android : false
04-04 19:18:06.249 I/PROFILE (  169): Group: Email containing : android : false
04-04 19:18:06.249 I/PROFILE (  169): Group: SMS containing : android : false
04-04 19:18:06.249 V/ProfileManager(  169): No active group, returning default: Other
04-04 19:18:06.249 V/NotificationService(  169): Pkg: android group: Other
04-04 19:18:06.389 D/dalvikvm(  169): GC_CONCURRENT freed 474K, 51% free 4802K/9735K, external 35K/547K, paused 3ms+9ms
04-04 19:18:06.999 I/System.out(  675): Location: -2.80902708 56.33991176 | GPSNavigator running:true
04-04 19:18:06.999 I/System.out(  675): Battery level: 88 | Time difference: 200
04-04 19:18:07.740 I/System.out(  675): Location: -2.80902708 56.33991176 | GPSNavigator running:true
04-04 19:18:07.740 I/System.out(  675): Battery level: 88 | Time difference: 200
04-04 19:18:08.561 I/System.out(  675): Location: -2.80902708 56.33991176 | GPSNavigator running:true
04-04 19:18:08.561 I/System.out(  675): Battery level: 88 | Time difference: 200
