01-27 19:19:47.584 I/System.out( 7129): Battery level: 100 | Time difference: -1
01-27 19:19:50.577 I/System.out( 7129): Location: no CS school | WiFiNavigator running:false
01-27 19:19:50.577 I/System.out( 7129): Battery level: 100 | Time difference: -1
01-27 19:19:53.580 I/System.out( 7129): Location: no CS school | WiFiNavigator running:false
01-27 19:19:53.580 I/System.out( 7129): Battery level: 100 | Time difference: -1
01-27 19:19:56.583 I/System.out( 7129): Location: no CS school | WiFiNavigator running:false
01-27 19:19:56.583 I/System.out( 7129): Battery level: 100 | Time difference: -1
01-27 19:19:59.586 I/System.out( 7129): Location: no CS school | WiFiNavigator running:false
01-27 19:19:59.586 I/System.out( 7129): Battery level: 100 | Time difference: -1
01-27 19:20:02.579 I/System.out( 7129): Location: no CS school | WiFiNavigator running:false
01-27 19:20:02.579 I/System.out( 7129): Battery level: 100 | Time difference: -1
01-27 19:20:05.582 I/System.out( 7129): Location: no CS school | WiFiNavigator running:false
01-27 19:20:05.582 I/System.out( 7129): Battery level: 100 | Time difference: -1
01-27 19:20:08.585 I/System.out( 7129): Location: no CS school | WiFiNavigator running:false
01-27 19:20:08.585 I/System.out( 7129): Battery level: 100 | Time difference: -1
01-27 19:20:11.578 I/System.out( 7129): Location: no CS school | WiFiNavigator running:false
01-27 19:20:11.578 I/System.out( 7129): Battery level: 100 | Time difference: -1
01-27 19:20:14.240 D/dalvikvm( 7129): GC_CONCURRENT freed 371K, 5% free 9062K/9484K, paused 6ms+2ms, total 61ms
01-27 19:20:14.581 I/System.out( 7129): Location: no CS school | WiFiNavigator running:false
01-27 19:20:14.581 I/System.out( 7129): Battery level: 100 | Time difference: -1
01-27 19:20:17.584 I/System.out( 7129): Location: no CS school | WiFiNavigator running:false
01-27 19:20:17.584 I/System.out( 7129): Battery level: 100 | Time difference: -1
01-27 19:20:20.587 I/System.out( 7129): Location: no CS school | WiFiNavigator running:false
01-27 19:20:20.587 I/System.out( 7129): Battery level: 100 | Time difference: -1
01-27 19:20:23.580 I/System.out( 7129): Location: no CS school | WiFiNavigator running:false
01-27 19:20:23.580 I/System.out( 7129): Battery level: 100 | Time difference: -1
01-27 19:20:26.582 I/System.out( 7129): Location: no CS school | WiFiNavigator running:false
01-27 19:20:26.582 I/System.out( 7129): Battery level: 100 | Time difference: -1
01-27 19:20:29.585 I/System.out( 7129): Location: no CS school | WiFiNavigator running:false
01-27 19:20:29.585 I/System.out( 7129): Battery level: 100 | Time difference: -1
01-27 19:20:32.578 I/System.out( 7129): Location: no CS school | WiFiNavigator running:false
01-27 19:20:32.588 I/System.out( 7129): Battery level: 100 | Time difference: -1
01-27 19:20:35.591 I/System.out( 7129): Location: no CS school | WiFiNavigator running:false
01-27 19:20:35.591 I/System.out( 7129): Battery level: 100 | Time difference: -1
01-27 19:20:38.594 I/System.out( 7129): Location: no CS school | WiFiNavigator running:false
01-27 19:20:38.594 I/System.out( 7129): Battery level: 100 | Time difference: -1
01-27 19:20:41.597 I/System.out( 7129): Location: no CS school | WiFiNavigator running:false
01-27 19:20:41.597 I/System.out( 7129): Battery level: 100 | Time difference: -1
01-27 19:20:44.590 I/System.out( 7129): Location: no CS school | WiFiNavigator running:false
01-27 19:20:44.590 I/System.out( 7129): Battery level: 100 | Time difference: -1
01-27 19:20:47.593 I/System.out( 7129): Location: no CS school | WiFiNavigator running:false
01-27 19:20:47.593 I/System.out( 7129): Battery level: 100 | Time difference: -1
01-27 19:20:50.175 D/GCM     (  826): Ignoring attempt to send heartbeat on dead connection.
01-27 19:20:50.596 I/System.out( 7129): Location: no CS school | WiFiNavigator running:false
01-27 19:20:50.596 I/System.out( 7129): Battery level: 100 | Time difference: -1
01-27 19:20:53.349 D/dalvikvm( 7129): GC_CONCURRENT freed 396K, 5% free 9053K/9488K, paused 7ms+2ms, total 58ms
01-27 19:20:53.589 I/System.out( 7129): Location: no CS school | WiFiNavigator running:false
01-27 19:20:53.589 I/System.out( 7129): Battery level: 100 | Time difference: -1
01-27 19:20:56.592 I/System.out( 7129): Location: no CS school | WiFiNavigator running:false
01-27 19:20:56.592 I/System.out( 7129): Battery level: 100 | Time difference: -1
01-27 19:20:59.595 I/System.out( 7129): Location: no CS school | WiFiNavigator running:false
01-27 19:20:59.595 I/System.out( 7129): Battery level: 100 | Time difference: -1
01-27 19:21:02.588 I/System.out( 7129): Location: no CS school | WiFiNavigator running:false
01-27 19:21:02.588 I/System.out( 7129): Battery level: 100 | Time difference: -1
01-27 19:21:05.590 I/System.out( 7129): Location: no CS school | WiFiNavigator running:false
01-27 19:21:05.590 I/System.out( 7129): Battery level: 100 | Time difference: -1
01-27 19:21:08.603 I/System.out( 7129): Location: no CS school | WiFiNavigator running:false
01-27 19:21:08.603 I/System.out( 7129): Battery level: 100 | Time difference: -1
01-27 19:21:11.606 I/System.out( 7129): Location: no CS school | WiFiNavigator running:false
01-27 19:21:11.606 I/System.out( 7129): Battery level: 100 | Time difference: -1
01-27 19:21:14.599 I/System.out( 7129): Location: no CS school | WiFiNavigator running:false
01-27 19:21:14.599 I/System.out( 7129): Battery level: 100 | Time difference: -1
01-27 19:21:17.602 I/System.out( 7129): Location: no CS school | WiFiNavigator running:false
01-27 19:21:17.602 I/System.out( 7129): Battery level: 100 | Time difference: -1
01-27 19:21:20.605 I/System.out( 7129): Location: no CS school | WiFiNavigator running:false
01-27 19:21:20.605 I/System.out( 7129): Battery level: 100 | Time difference: -1
01-27 19:21:23.608 I/System.out( 7129): Location: no CS school | WiFiNavigator running:false
01-27 19:21:23.608 I/System.out( 7129): Battery level: 100 | Time difference: -1
01-27 19:21:26.601 I/System.out( 7129): Location: no CS school | WiFiNavigator running:false
01-27 19:21:26.601 I/System.out( 7129): Battery level: 100 | Time difference: -1
01-27 19:21:29.604 I/System.out( 7129): Location: no CS school | WiFiNavigator running:false
01-27 19:21:29.604 I/System.out( 7129): Battery level: 100 | Time difference: -1
01-27 19:21:31.966 D/dalvikvm( 7129): GC_CONCURRENT freed 373K, 5% free 9064K/9488K, paused 6ms+1ms, total 56ms
01-27 19:21:32.607 I/System.out( 7129): Location: no CS school | WiFiNavigator running:false
01-27 19:21:32.607 I/System.out( 7129): Battery level: 100 | Time difference: -1
01-27 19:21:35.600 I/System.out( 7129): Location: no CS school | WiFiNavigator running:false
01-27 19:21:35.600 I/System.out( 7129): Battery level: 100 | Time difference: -1
01-27 19:21:38.603 I/System.out( 7129): Location: no CS school | WiFiNavigator running:false
01-27 19:21:38.603 I/System.out( 7129): Battery level: 100 | Time difference: -1
01-27 19:21:41.606 I/System.out( 7129): Location: no CS school | WiFiNavigator running:false
01-27 19:21:41.606 I/System.out( 7129): Battery level: 100 | Time difference: -1
01-27 19:21:44.599 I/System.out( 7129): Location: no CS school | WiFiNavigator running:false
01-27 19:21:44.599 I/System.out( 7129): Battery level: 100 | Time difference: -1
01-27 19:21:47.601 I/System.out( 7129): Location: no CS school | WiFiNavigator running:false
01-27 19:21:47.601 I/System.out( 7129): Battery level: 100 | Time difference: -1
01-27 19:21:50.394 D/ConnectivityService(  535): Captive portal check NetworkInfo: type: WIFI[], state: CONNECTING/CAPTIVE_PORTAL_CHECK, reason: (unspecified), extra: "eduroam", roaming: false, failover: false, isAvailable: true
01-27 19:21:50.414 D/ConnectivityService(  535): ConnectivityChange for WIFI: CONNECTED/CONNECTED
01-27 19:21:50.434 D/ConnectivityService(  535): handleConnectivityChange: address are the same reset per doReset linkProperty[1]: resetMask=0
01-27 19:21:50.444 D/Nat464Xlat(  535): requiresClat: netType=1, hasIPv4Address=true
01-27 19:21:50.604 I/System.out( 7129): Location: no CS school | WiFiNavigator running:false
01-27 19:21:50.604 I/System.out( 7129): Battery level: 100 | Time difference: -1
01-27 19:21:51.425 D/ConnectivityService(  535): NetTransition Wakelock for ConnectedState released by timeout
01-27 19:21:53.457 D/Tethering(  535): MasterInitialState.processMessage what=3
01-27 19:21:53.587 E/        (  535): W/virtual loc_api_adapter_err LocApiAdapter::enableData(int): default implementation invoked
01-27 19:21:53.587 E/        (  535): W/virtual loc_api_adapter_err LocApiAdapter::setAPN(char*, int): default implementation invoked
01-27 19:21:53.607 I/System.out( 7129): Location: no CS school | WiFiNavigator running:false
01-27 19:21:53.607 I/System.out( 7129): Battery level: 100 | Time difference: -1
01-27 19:21:53.607 D/GCM     (  826): GcmService start Intent { act=android.net.conn.CONNECTIVITY_CHANGE flg=0x8000010 cmp=com.google.android.gms/.gcm.GcmService (has extras) } android.net.conn.CONNECTIVITY_CHANGE
01-27 19:21:54.008 D/ConnectivityService(  535): handleInetConditionHoldEnd: net=1, condition=100, published condition=0
01-27 19:21:56.600 I/System.out( 7129): Location: no CS school | WiFiNavigator running:false
01-27 19:21:56.600 I/System.out( 7129): Battery level: 100 | Time difference: -1
01-27 19:21:59.603 I/System.out( 7129): Location: no CS school | WiFiNavigator running:false
01-27 19:21:59.603 I/System.out( 7129): Battery level: 100 | Time difference: -1
01-27 19:22:02.606 I/System.out( 7129): Location: no CS school | WiFiNavigator running:false
01-27 19:22:02.606 I/System.out( 7129): Battery level: 100 | Time difference: -1
01-27 19:22:05.599 I/System.out( 7129): Location: no CS school | WiFiNavigator running:false
01-27 19:22:05.599 I/System.out( 7129): Battery level: 100 | Time difference: -1
01-27 19:22:08.602 I/System.out( 7129): Location: no CS school | WiFiNavigator running:false
01-27 19:22:08.602 I/System.out( 7129): Battery level: 100 | Time difference: -1
01-27 19:22:10.834 D/dalvikvm( 7129): GC_CONCURRENT freed 396K, 5% free 9053K/9488K, paused 7ms+1ms, total 55ms
01-27 19:22:11.605 I/System.out( 7129): Location: no CS school | WiFiNavigator running:false
01-27 19:22:11.605 I/System.out( 7129): Battery level: 100 | Time difference: -1
01-27 19:22:14.598 I/System.out( 7129): Location: no CS school | WiFiNavigator running:false
01-27 19:22:14.598 I/System.out( 7129): Battery level: 100 | Time difference: -1
01-27 19:22:17.601 I/System.out( 7129): Location: no CS school | WiFiNavigator running:false
01-27 19:22:17.601 I/System.out( 7129): Battery level: 100 | Time difference: -1
01-27 19:22:20.604 I/System.out( 7129): Location: no CS school | WiFiNavigator running:false
01-27 19:22:20.604 I/System.out( 7129): Battery level: 100 | Time difference: -1
01-27 19:22:23.607 I/System.out( 7129): Location: no CS school | WiFiNavigator running:false
01-27 19:22:23.607 I/System.out( 7129): Battery level: 100 | Time difference: -1
01-27 19:22:26.600 I/System.out( 7129): Location: no CS school | WiFiNavigator running:false
01-27 19:22:26.600 I/System.out( 7129): Battery level: 100 | Time difference: -1
01-27 19:22:29.602 I/System.out( 7129): Location: no CS school | WiFiNavigator running:false
01-27 19:22:29.602 I/System.out( 7129): Battery level: 100 | Time difference: -1
01-27 19:22:32.605 I/System.out( 7129): Location: no CS school | WiFiNavigator running:false
01-27 19:22:32.605 I/System.out( 7129): Battery level: 100 | Time difference: -1
01-27 19:22:35.608 I/System.out( 7129): Location: no CS school | WiFiNavigator running:false
01-27 19:22:35.608 I/System.out( 7129): Battery level: 100 | Time difference: -1
01-27 19:22:38.601 I/System.out( 7129): Location: no CS school | WiFiNavigator running:false
01-27 19:22:38.601 I/System.out( 7129): Battery level: 100 | Time difference: -1
01-27 19:22:41.604 I/System.out( 7129): Location: no CS school | WiFiNavigator running:false
01-27 19:22:41.604 I/System.out( 7129): Battery level: 100 | Time difference: -1
01-27 19:22:44.607 I/System.out( 7129): Location: no CS school | WiFiNavigator running:false
01-27 19:22:44.607 I/System.out( 7129): Battery level: 100 | Time difference: -1
01-27 19:22:47.600 I/System.out( 7129): Location: no CS school | WiFiNavigator running:false
01-27 19:22:47.600 I/System.out( 7129): Battery level: 100 | Time difference: -1
01-27 19:22:49.482 D/dalvikvm( 7129): GC_CONCURRENT freed 373K, 5% free 9064K/9488K, paused 7ms+8ms, total 88ms
01-27 19:22:50.603 I/System.out( 7129): Location: no CS school | WiFiNavigator running:false
01-27 19:22:50.613 I/System.out( 7129): Battery level: 100 | Time difference: -1
01-27 19:22:53.606 I/System.out( 7129): Location: no CS school | WiFiNavigator running:false
01-27 19:22:53.606 I/System.out( 7129): Battery level: 100 | Time difference: -1
01-27 19:22:56.599 I/System.out( 7129): Location: no CS school | WiFiNavigator running:false
01-27 19:22:56.609 I/System.out( 7129): Battery level: 100 | Time difference: -1
01-27 19:22:59.612 I/System.out( 7129): Location: no CS school | WiFiNavigator running:false
01-27 19:22:59.612 I/System.out( 7129): Battery level: 100 | Time difference: -1
01-27 19:23:02.605 I/System.out( 7129): Location: no CS school | WiFiNavigator running:false
01-27 19:23:02.615 I/System.out( 7129): Battery level: 100 | Time difference: -1
01-27 19:23:05.598 I/System.out( 7129): Location: no CS school | WiFiNavigator running:false
01-27 19:23:05.608 I/System.out( 7129): Battery level: 100 | Time difference: -1
01-27 19:23:08.600 I/System.out( 7129): Location: no CS school | WiFiNavigator running:false
01-27 19:23:08.600 I/System.out( 7129): Battery level: 100 | Time difference: -1
01-27 19:23:11.603 I/System.out( 7129): Location: no CS school | WiFiNavigator running:false
01-27 19:23:11.613 I/System.out( 7129): Battery level: 100 | Time difference: -1
01-27 19:23:14.616 I/System.out( 7129): Location: no CS school | WiFiNavigator running:false
01-27 19:23:14.616 I/System.out( 7129): Battery level: 100 | Time difference: -1
01-27 19:23:17.609 I/System.out( 7129): Location: no CS school | WiFiNavigator running:false
01-27 19:23:17.609 I/System.out( 7129): Battery level: 100 | Time difference: -1
01-27 19:23:20.612 I/System.out( 7129): Location: no CS school | WiFiNavigator running:false
01-27 19:23:20.612 I/System.out( 7129): Battery level: 100 | Time difference: -1
01-27 19:23:23.615 I/System.out( 7129): Location: no CS school | WiFiNavigator running:false
01-27 19:23:23.615 I/System.out( 7129): Battery level: 100 | Time difference: -1
01-27 19:23:26.618 I/System.out( 7129): Location: no CS school | WiFiNavigator running:false
01-27 19:23:26.618 I/System.out( 7129): Battery level: 100 | Time difference: -1
01-27 19:23:28.340 D/dalvikvm( 7129): GC_CONCURRENT freed 396K, 5% free 9053K/9488K, paused 6ms+2ms, total 71ms
01-27 19:23:29.611 I/System.out( 7129): Location: no CS school | WiFiNavigator running:false
01-27 19:23:29.611 I/System.out( 7129): Battery level: 100 | Time difference: -1
01-27 19:23:32.614 I/System.out( 7129): Location: no CS school | WiFiNavigator running:false
01-27 19:23:32.614 I/System.out( 7129): Battery level: 100 | Time difference: -1
01-27 19:23:35.617 I/System.out( 7129): Location: no CS school | WiFiNavigator running:false
01-27 19:23:35.617 I/System.out( 7129): Battery level: 100 | Time difference: -1
01-27 19:23:38.610 I/System.out( 7129): Location: no CS school | WiFiNavigator running:false
01-27 19:23:38.610 I/System.out( 7129): Battery level: 100 | Time difference: -1
01-27 19:23:41.613 I/System.out( 7129): Location: no CS school | WiFiNavigator running:false
01-27 19:23:41.613 I/System.out( 7129): Battery level: 100 | Time difference: -1
01-27 19:23:44.616 I/System.out( 7129): Location: no CS school | WiFiNavigator running:false
01-27 19:23:44.616 I/System.out( 7129): Battery level: 100 | Time difference: -1
01-27 19:23:47.609 I/System.out( 7129): Location: no CS school | WiFiNavigator running:false
01-27 19:23:47.609 I/System.out( 7129): Battery level: 100 | Time difference: -1
01-27 19:23:50.611 I/System.out( 7129): Location: no CS school | WiFiNavigator running:false
01-27 19:23:50.621 I/System.out( 7129): Battery level: 100 | Time difference: -1
01-27 19:23:53.614 I/System.out( 7129): Location: no CS school | WiFiNavigator running:false
01-27 19:23:53.624 I/System.out( 7129): Battery level: 100 | Time difference: -1
01-27 19:23:56.617 I/System.out( 7129): Location: no CS school | WiFiNavigator running:false
01-27 19:23:56.617 I/System.out( 7129): Battery level: 100 | Time difference: -1
01-27 19:23:59.620 I/System.out( 7129): Location: no CS school | WiFiNavigator running:false
01-27 19:23:59.620 I/System.out( 7129): Battery level: 100 | Time difference: -1
01-27 19:24:02.623 I/System.out( 7129): Location: no CS school | WiFiNavigator running:false
01-27 19:24:02.623 I/System.out( 7129): Battery level: 100 | Time difference: -1
01-27 19:24:05.626 I/System.out( 7129): Location: no CS school | WiFiNavigator running:false
01-27 19:24:05.626 I/System.out( 7129): Battery level: 100 | Time difference: -1
01-27 19:24:07.128 D/dalvikvm( 7129): GC_CONCURRENT freed 371K, 5% free 9066K/9488K, paused 9ms+2ms, total 64ms
01-27 19:24:08.619 I/System.out( 7129): Location: no CS school | WiFiNavigator running:false
01-27 19:24:08.619 I/System.out( 7129): Battery level: 100 | Time difference: -1
01-27 19:24:11.622 I/System.out( 7129): Location: no CS school | WiFiNavigator running:false
01-27 19:24:11.622 I/System.out( 7129): Battery level: 100 | Time difference: -1
01-27 19:24:14.625 I/System.out( 7129): Location: no CS school | WiFiNavigator running:false
01-27 19:24:14.625 I/System.out( 7129): Battery level: 100 | Time difference: -1
01-27 19:24:17.618 I/System.out( 7129): Location: no CS school | WiFiNavigator running:false
01-27 19:24:17.618 I/System.out( 7129): Battery level: 100 | Time difference: -1
01-27 19:24:20.621 I/System.out( 7129): Location: no CS school | WiFiNavigator running:false
01-27 19:24:20.621 I/System.out( 7129): Battery level: 100 | Time difference: -1
01-27 19:24:23.624 I/System.out( 7129): Location: no CS school | WiFiNavigator running:false
01-27 19:24:23.624 I/System.out( 7129): Battery level: 100 | Time difference: -1
01-27 19:24:26.627 I/System.out( 7129): Location: no CS school | WiFiNavigator running:false
01-27 19:24:26.627 I/System.out( 7129): Battery level: 100 | Time difference: -1
01-27 19:24:29.620 I/System.out( 7129): Location: no CS school | WiFiNavigator running:false
01-27 19:24:29.620 I/System.out( 7129): Battery level: 100 | Time difference: -1
01-27 19:24:32.622 I/System.out( 7129): Location: no CS school | WiFiNavigator running:false
01-27 19:24:32.632 I/System.out( 7129): Battery level: 100 | Time difference: -1
01-27 19:24:35.625 I/System.out( 7129): Location: no CS school | WiFiNavigator running:false
01-27 19:24:35.635 I/System.out( 7129): Battery level: 100 | Time difference: -1
01-27 19:24:38.628 I/System.out( 7129): Location: no CS school | WiFiNavigator running:false
01-27 19:24:38.628 I/System.out( 7129): Battery level: 100 | Time difference: -1
01-27 19:24:41.631 I/System.out( 7129): Location: no CS school | WiFiNavigator running:false
01-27 19:24:41.631 I/System.out( 7129): Battery level: 100 | Time difference: -1
01-27 19:24:44.634 I/System.out( 7129): Location: no CS school | WiFiNavigator running:false
01-27 19:24:44.634 I/System.out( 7129): Battery level: 100 | Time difference: -1
01-27 19:24:46.076 D/dalvikvm( 7129): GC_CONCURRENT freed 398K, 5% free 9055K/9492K, paused 6ms+1ms, total 68ms
01-27 19:24:47.637 I/System.out( 7129): Location: no CS school | WiFiNavigator running:false
01-27 19:24:47.637 I/System.out( 7129): Battery level: 100 | Time difference: -1
01-27 19:24:50.630 I/System.out( 7129): Location: no CS school | WiFiNavigator running:false
01-27 19:24:50.630 I/System.out( 7129): Battery level: 100 | Time difference: -1
01-27 19:24:53.633 I/System.out( 7129): Location: no CS school | WiFiNavigator running:false
01-27 19:24:53.633 I/System.out( 7129): Battery level: 100 | Time difference: -1
01-27 19:24:56.636 I/System.out( 7129): Location: no CS school | WiFiNavigator running:false
01-27 19:24:56.636 I/System.out( 7129): Battery level: 100 | Time difference: -1
01-27 19:24:59.629 I/System.out( 7129): Location: no CS school | WiFiNavigator running:false
01-27 19:24:59.629 I/System.out( 7129): Battery level: 100 | Time difference: -1
01-27 19:24:59.989 I/ActivityManager(  535): No longer want com.google.android.gsf.login (pid 5942): empty for 1833s
01-27 19:25:02.632 I/System.out( 7129): Location: no CS school | WiFiNavigator running:false
01-27 19:25:02.632 I/System.out( 7129): Battery level: 100 | Time difference: -1
01-27 19:25:05.635 I/System.out( 7129): Location: no CS school | WiFiNavigator running:false
01-27 19:25:05.635 I/System.out( 7129): Battery level: 100 | Time difference: -1
01-27 19:25:08.638 I/System.out( 7129): Location: no CS school | WiFiNavigator running:false
01-27 19:25:08.638 I/System.out( 7129): Battery level: 100 | Time difference: -1
01-27 19:25:11.631 I/System.out( 7129): Location: no CS school | WiFiNavigator running:false
01-27 19:25:11.631 I/System.out( 7129): Battery level: 100 | Time difference: -1
01-27 19:25:14.633 I/System.out( 7129): Location: no CS school | WiFiNavigator running:false
01-27 19:25:14.633 I/System.out( 7129): Battery level: 100 | Time difference: -1
01-27 19:25:17.636 I/System.out( 7129): Location: no CS school | WiFiNavigator running:false
01-27 19:25:17.636 I/System.out( 7129): Battery level: 100 | Time difference: -1
01-27 19:25:20.639 I/System.out( 7129): Location: no CS school | WiFiNavigator running:false
01-27 19:25:20.639 I/System.out( 7129): Battery level: 100 | Time difference: -1
01-27 19:25:23.632 I/System.out( 7129): Location: no CS school | WiFiNavigator running:false
01-27 19:25:23.632 I/System.out( 7129): Battery level: 100 | Time difference: -1
01-27 19:25:24.863 D/dalvikvm( 7129): GC_CONCURRENT freed 398K, 5% free 9043K/9492K, paused 5ms+7ms, total 69ms
01-27 19:25:26.635 I/System.out( 7129): Location: no CS school | WiFiNavigator running:false
01-27 19:25:26.635 I/System.out( 7129): Battery level: 100 | Time difference: -1
01-27 19:25:29.638 I/System.out( 7129): Location: no CS school | WiFiNavigator running:false
01-27 19:25:29.638 I/System.out( 7129): Battery level: 100 | Time difference: -1
01-27 19:25:32.631 I/System.out( 7129): Location: no CS school | WiFiNavigator running:false
01-27 19:25:32.631 I/System.out( 7129): Battery level: 100 | Time difference: -1
01-27 19:25:35.634 I/System.out( 7129): Location: no CS school | WiFiNavigator running:false
01-27 19:25:35.644 I/System.out( 7129): Battery level: 100 | Time difference: -1
01-27 19:25:38.637 I/System.out( 7129): Location: no CS school | WiFiNavigator running:false
01-27 19:25:38.637 I/System.out( 7129): Battery level: 100 | Time difference: -1
01-27 19:25:41.630 I/System.out( 7129): Location: no CS school | WiFiNavigator running:false
01-27 19:25:41.640 I/System.out( 7129): Battery level: 100 | Time difference: -1
01-27 19:25:44.643 I/System.out( 7129): Location: no CS school | WiFiNavigator running:false
01-27 19:25:44.643 I/System.out( 7129): Battery level: 100 | Time difference: -1
01-27 19:25:47.636 I/System.out( 7129): Location: no CS school | WiFiNavigator running:false
01-27 19:25:47.636 I/System.out( 7129): Battery level: 100 | Time difference: -1
01-27 19:25:50.629 I/System.out( 7129): Location: no CS school | WiFiNavigator running:false
01-27 19:25:50.639 I/System.out( 7129): Battery level: 100 | Time difference: -1
01-27 19:25:53.642 I/System.out( 7129): Location: no CS school | WiFiNavigator running:false
01-27 19:25:53.642 I/System.out( 7129): Battery level: 100 | Time difference: -1
01-27 19:25:56.644 I/System.out( 7129): Location: no CS school | WiFiNavigator running:false
01-27 19:25:56.644 I/System.out( 7129): Battery level: 100 | Time difference: -1
01-27 19:25:59.637 I/System.out( 7129): Location: no CS school | WiFiNavigator running:false
01-27 19:25:59.637 I/System.out( 7129): Battery level: 100 | Time difference: -1
01-27 19:26:02.640 I/System.out( 7129): Location: no CS school | WiFiNavigator running:false
01-27 19:26:02.640 I/System.out( 7129): Battery level: 100 | Time difference: -1
01-27 19:26:03.821 D/dalvikvm( 7129): GC_CONCURRENT freed 371K, 5% free 9058K/9480K, paused 5ms+1ms, total 66ms
01-27 19:26:05.643 I/System.out( 7129): Location: no CS school | WiFiNavigator running:false
01-27 19:26:05.643 I/System.out( 7129): Battery level: 100 | Time difference: -1
01-27 19:26:08.646 I/System.out( 7129): Location: no CS school | WiFiNavigator running:false
01-27 19:26:08.646 I/System.out( 7129): Battery level: 100 | Time difference: -1
01-27 19:26:11.639 I/System.out( 7129): Location: no CS school | WiFiNavigator running:false
01-27 19:26:11.639 I/System.out( 7129): Battery level: 100 | Time difference: -1
01-27 19:26:14.642 I/System.out( 7129): Location: no CS school | WiFiNavigator running:false
01-27 19:26:14.642 I/System.out( 7129): Battery level: 100 | Time difference: -1
01-27 19:26:17.645 I/System.out( 7129): Location: no CS school | WiFiNavigator running:false
01-27 19:26:17.645 I/System.out( 7129): Battery level: 100 | Time difference: -1
01-27 19:26:20.638 I/System.out( 7129): Location: no CS school | WiFiNavigator running:false
01-27 19:26:20.638 I/System.out( 7129): Battery level: 100 | Time difference: -1
01-27 19:26:23.641 I/System.out( 7129): Location: no CS school | WiFiNavigator running:false
01-27 19:26:23.641 I/System.out( 7129): Battery level: 100 | Time difference: -1
01-27 19:26:26.644 I/System.out( 7129): Location: no CS school | WiFiNavigator running:false
01-27 19:26:26.644 I/System.out( 7129): Battery level: 100 | Time difference: -1
01-27 19:26:29.647 I/System.out( 7129): Location: no CS school | WiFiNavigator running:false
01-27 19:26:29.647 I/System.out( 7129): Battery level: 100 | Time difference: -1
01-27 19:26:32.640 I/System.out( 7129): Location: no CS school | WiFiNavigator running:false
01-27 19:26:32.640 I/System.out( 7129): Battery level: 100 | Time difference: -1
01-27 19:26:35.642 I/System.out( 7129): Location: no CS school | WiFiNavigator running:false
01-27 19:26:35.642 I/System.out( 7129): Battery level: 100 | Time difference: -1
01-27 19:26:38.615 D/ConnectivityService(  535): Captive portal check NetworkInfo: type: WIFI[], state: CONNECTING/CAPTIVE_PORTAL_CHECK, reason: (unspecified), extra: "eduroam", roaming: false, failover: false, isAvailable: true
01-27 19:26:38.625 D/ConnectivityService(  535): ConnectivityChange for WIFI: CONNECTED/CONNECTED
01-27 19:26:38.645 I/System.out( 7129): Location: no CS school | WiFiNavigator running:false
01-27 19:26:38.645 I/System.out( 7129): Battery level: 100 | Time difference: -1
01-27 19:26:38.655 D/ConnectivityService(  535): handleConnectivityChange: address are the same reset per doReset linkProperty[1]: resetMask=0
01-27 19:26:38.655 D/Nat464Xlat(  535): requiresClat: netType=1, hasIPv4Address=true
01-27 19:26:39.636 D/ConnectivityService(  535): NetTransition Wakelock for ConnectedState released by timeout
01-27 19:26:41.638 I/System.out( 7129): Location: no CS school | WiFiNavigator running:false
01-27 19:26:41.638 I/System.out( 7129): Battery level: 100 | Time difference: -1
01-27 19:26:41.658 D/Tethering(  535): MasterInitialState.processMessage what=3
01-27 19:26:41.758 E/        (  535): W/virtual loc_api_adapter_err LocApiAdapter::enableData(int): default implementation invoked
01-27 19:26:41.758 E/        (  535): W/virtual loc_api_adapter_err LocApiAdapter::setAPN(char*, int): default implementation invoked
01-27 19:26:41.768 D/GCM     (  826): GcmService start Intent { act=android.net.conn.CONNECTIVITY_CHANGE flg=0x8000010 cmp=com.google.android.gms/.gcm.GcmService (has extras) } android.net.conn.CONNECTIVITY_CHANGE
01-27 19:26:42.239 D/ConnectivityService(  535): handleInetConditionHoldEnd: net=1, condition=100, published condition=0
01-27 19:26:42.970 D/dalvikvm( 7129): GC_CONCURRENT freed 396K, 5% free 9049K/9484K, paused 9ms+2ms, total 63ms
01-27 19:26:44.641 I/System.out( 7129): Location: no CS school | WiFiNavigator running:false
01-27 19:26:44.641 I/System.out( 7129): Battery level: 100 | Time difference: -1
01-27 19:26:47.644 I/System.out( 7129): Location: no CS school | WiFiNavigator running:false
01-27 19:26:47.644 I/System.out( 7129): Battery level: 100 | Time difference: -1
01-27 19:26:50.647 I/System.out( 7129): Location: no CS school | WiFiNavigator running:false
01-27 19:26:50.647 I/System.out( 7129): Battery level: 100 | Time difference: -1
01-27 19:26:53.640 I/System.out( 7129): Location: no CS school | WiFiNavigator running:false
01-27 19:26:53.640 I/System.out( 7129): Battery level: 100 | Time difference: -1
01-27 19:26:56.643 I/System.out( 7129): Location: no CS school | WiFiNavigator running:false
01-27 19:26:56.643 I/System.out( 7129): Battery level: 100 | Time difference: -1
01-27 19:26:59.646 I/System.out( 7129): Location: no CS school | WiFiNavigator running:false
01-27 19:26:59.656 I/System.out( 7129): Battery level: 100 | Time difference: -1
01-27 19:27:02.649 I/System.out( 7129): Location: no CS school | WiFiNavigator running:false
01-27 19:27:02.649 I/System.out( 7129): Battery level: 100 | Time difference: -1
01-27 19:27:05.652 I/System.out( 7129): Location: no CS school | WiFiNavigator running:false
01-27 19:27:05.652 I/System.out( 7129): Battery level: 100 | Time difference: -1
01-27 19:27:08.655 I/System.out( 7129): Location: no CS school | WiFiNavigator running:false
01-27 19:27:08.655 I/System.out( 7129): Battery level: 100 | Time difference: -1
01-27 19:27:11.648 I/System.out( 7129): Location: no CS school | WiFiNavigator running:false
01-27 19:27:11.648 I/System.out( 7129): Battery level: 100 | Time difference: -1
01-27 19:27:14.651 I/System.out( 7129): Location: no CS school | WiFiNavigator running:false
01-27 19:27:14.651 I/System.out( 7129): Battery level: 100 | Time difference: -1
01-27 19:27:17.653 I/System.out( 7129): Location: no CS school | WiFiNavigator running:false
01-27 19:27:17.653 I/System.out( 7129): Battery level: 100 | Time difference: -1
01-27 19:27:20.656 I/System.out( 7129): Location: no CS school | WiFiNavigator running:false
01-27 19:27:20.656 I/System.out( 7129): Battery level: 100 | Time difference: -1
01-27 19:27:21.617 D/dalvikvm( 7129): GC_CONCURRENT freed 373K, 5% free 9060K/9484K, paused 6ms+6ms, total 76ms
01-27 19:27:23.659 I/System.out( 7129): Location: no CS school | WiFiNavigator running:false
01-27 19:27:23.659 I/System.out( 7129): Battery level: 100 | Time difference: -1
01-27 19:27:26.652 I/System.out( 7129): Location: no CS school | WiFiNavigator running:false
01-27 19:27:26.652 I/System.out( 7129): Battery level: 100 | Time difference: -1
01-27 19:27:29.655 I/System.out( 7129): Location: no CS school | WiFiNavigator running:false
01-27 19:27:29.655 I/System.out( 7129): Battery level: 100 | Time difference: -1
01-27 19:27:32.658 I/System.out( 7129): Location: no CS school | WiFiNavigator running:false
01-27 19:27:32.658 I/System.out( 7129): Battery level: 100 | Time difference: -1
01-27 19:27:35.651 I/System.out( 7129): Location: no CS school | WiFiNavigator running:false
01-27 19:27:35.651 I/System.out( 7129): Battery level: 100 | Time difference: -1
01-27 19:27:38.654 I/System.out( 7129): Location: no CS school | WiFiNavigator running:false
01-27 19:27:38.654 I/System.out( 7129): Battery level: 100 | Time difference: -1
01-27 19:27:41.657 I/System.out( 7129): Location: no CS school | WiFiNavigator running:false
01-27 19:27:41.657 I/System.out( 7129): Battery level: 100 | Time difference: -1
01-27 19:27:44.650 I/System.out( 7129): Location: no CS school | WiFiNavigator running:false
01-27 19:27:44.650 I/System.out( 7129): Battery level: 100 | Time difference: -1
01-27 19:27:47.653 I/System.out( 7129): Location: no CS school | WiFiNavigator running:false
01-27 19:27:47.653 I/System.out( 7129): Battery level: 100 | Time difference: -1
01-27 19:27:50.656 I/System.out( 7129): Location: no CS school | WiFiNavigator running:false
01-27 19:27:50.656 I/System.out( 7129): Battery level: 100 | Time difference: -1
01-27 19:27:53.649 I/System.out( 7129): Location: no CS school | WiFiNavigator running:false
01-27 19:27:53.649 I/System.out( 7129): Battery level: 100 | Time difference: -1
01-27 19:27:56.652 I/System.out( 7129): Location: no CS school | WiFiNavigator running:false
01-27 19:27:56.652 I/System.out( 7129): Battery level: 100 | Time difference: -1
01-27 19:27:59.654 I/System.out( 7129): Location: no CS school | WiFiNavigator running:false
01-27 19:27:59.654 I/System.out( 7129): Battery level: 100 | Time difference: -1
01-27 19:28:00.475 D/dalvikvm( 7129): GC_CONCURRENT freed 396K, 5% free 9049K/9484K, paused 5ms+2ms, total 66ms
01-27 19:28:02.657 I/System.out( 7129): Location: no CS school | WiFiNavigator running:false
01-27 19:28:02.657 I/System.out( 7129): Battery level: 100 | Time difference: -1
01-27 19:28:05.660 I/System.out( 7129): Location: no CS school | WiFiNavigator running:false
01-27 19:28:05.660 I/System.out( 7129): Battery level: 100 | Time difference: -1
01-27 19:28:08.663 I/System.out( 7129): Location: no CS school | WiFiNavigator running:false
01-27 19:28:08.663 I/System.out( 7129): Battery level: 100 | Time difference: -1
01-27 19:28:11.666 I/System.out( 7129): Location: no CS school | WiFiNavigator running:false
01-27 19:28:11.666 I/System.out( 7129): Battery level: 100 | Time difference: -1
01-27 19:28:14.659 I/System.out( 7129): Location: no CS school | WiFiNavigator running:false
01-27 19:28:14.659 I/System.out( 7129): Battery level: 100 | Time difference: -1
01-27 19:28:17.662 I/System.out( 7129): Location: no CS school | WiFiNavigator running:false
01-27 19:28:17.662 I/System.out( 7129): Battery level: 100 | Time difference: -1
01-27 19:28:20.665 I/System.out( 7129): Location: no CS school | WiFiNavigator running:false
01-27 19:28:20.665 I/System.out( 7129): Battery level: 100 | Time difference: -1
01-27 19:28:23.658 I/System.out( 7129): Location: no CS school | WiFiNavigator running:false
01-27 19:28:23.658 I/System.out( 7129): Battery level: 100 | Time difference: -1
01-27 19:28:26.661 I/System.out( 7129): Location: no CS school | WiFiNavigator running:false
01-27 19:28:26.661 I/System.out( 7129): Battery level: 100 | Time difference: -1
01-27 19:28:29.664 I/System.out( 7129): Location: no CS school | WiFiNavigator running:false
01-27 19:28:29.664 I/System.out( 7129): Battery level: 100 | Time difference: -1
01-27 19:28:32.667 I/System.out( 7129): Location: no CS school | WiFiNavigator running:false
01-27 19:28:32.667 I/System.out( 7129): Battery level: 100 | Time difference: -1
01-27 19:28:35.660 I/System.out( 7129): Location: no CS school | WiFiNavigator running:false
01-27 19:28:35.660 I/System.out( 7129): Battery level: 100 | Time difference: -1
01-27 19:28:38.663 I/System.out( 7129): Location: no CS school | WiFiNavigator running:false
01-27 19:28:38.663 I/System.out( 7129): Battery level: 100 | Time difference: -1
01-27 19:28:39.503 D/dalvikvm( 7129): GC_CONCURRENT freed 373K, 5% free 9064K/9484K, paused 8ms+1ms, total 63ms
01-27 19:28:41.665 I/System.out( 7129): Location: no CS school | WiFiNavigator running:false
01-27 19:28:41.665 I/System.out( 7129): Battery level: 100 | Time difference: -1
01-27 19:28:44.668 I/System.out( 7129): Location: no CS school | WiFiNavigator running:false
01-27 19:28:44.668 I/System.out( 7129): Battery level: 100 | Time difference: -1
01-27 19:28:47.661 I/System.out( 7129): Location: no CS school | WiFiNavigator running:false
01-27 19:28:47.661 I/System.out( 7129): Battery level: 100 | Time difference: -1
01-27 19:28:50.664 I/System.out( 7129): Location: no CS school | WiFiNavigator running:false
01-27 19:28:50.664 I/System.out( 7129): Battery level: 100 | Time difference: -1
01-27 19:28:53.657 I/System.out( 7129): Location: no CS school | WiFiNavigator running:false
01-27 19:28:53.657 I/System.out( 7129): Battery level: 100 | Time difference: -1
01-27 19:28:56.660 I/System.out( 7129): Location: no CS school | WiFiNavigator running:false
01-27 19:28:56.660 I/System.out( 7129): Battery level: 100 | Time difference: -1
01-27 19:28:59.663 I/System.out( 7129): Location: no CS school | WiFiNavigator running:false
01-27 19:28:59.663 I/System.out( 7129): Battery level: 100 | Time difference: -1
01-27 19:29:02.666 I/System.out( 7129): Location: no CS school | WiFiNavigator running:false
01-27 19:29:02.666 I/System.out( 7129): Battery level: 100 | Time difference: -1
01-27 19:29:05.659 I/System.out( 7129): Location: no CS school | WiFiNavigator running:false
01-27 19:29:05.659 I/System.out( 7129): Battery level: 100 | Time difference: -1
01-27 19:29:08.672 I/System.out( 7129): Location: no CS school | WiFiNavigator running:false
01-27 19:29:08.672 I/System.out( 7129): Battery level: 100 | Time difference: -1
01-27 19:29:11.665 I/System.out( 7129): Location: no CS school | WiFiNavigator running:false
01-27 19:29:11.665 I/System.out( 7129): Battery level: 100 | Time difference: -1
01-27 19:29:14.658 I/System.out( 7129): Location: no CS school | WiFiNavigator running:false
01-27 19:29:14.668 I/System.out( 7129): Battery level: 100 | Time difference: -1
01-27 19:29:17.671 I/System.out( 7129): Location: no CS school | WiFiNavigator running:false
01-27 19:29:17.671 I/System.out( 7129): Battery level: 100 | Time difference: -1
01-27 19:29:18.391 D/dalvikvm( 7129): GC_CONCURRENT freed 396K, 5% free 9053K/9488K, paused 7ms+7ms, total 77ms
01-27 19:29:20.673 I/System.out( 7129): Location: no CS school | WiFiNavigator running:false
01-27 19:29:20.673 I/System.out( 7129): Battery level: 100 | Time difference: -1
01-27 19:29:23.676 I/System.out( 7129): Location: no CS school | WiFiNavigator running:false
01-27 19:29:23.676 I/System.out( 7129): Battery level: 100 | Time difference: -1
01-27 19:29:26.669 I/System.out( 7129): Location: no CS school | WiFiNavigator running:false
01-27 19:29:26.669 I/System.out( 7129): Battery level: 100 | Time difference: -1
01-27 19:29:29.672 I/System.out( 7129): Location: no CS school | WiFiNavigator running:false
01-27 19:29:29.672 I/System.out( 7129): Battery level: 100 | Time difference: -1
01-27 19:29:32.675 I/System.out( 7129): Location: no CS school | WiFiNavigator running:false
01-27 19:29:32.675 I/System.out( 7129): Battery level: 100 | Time difference: -1
01-27 19:29:35.668 I/System.out( 7129): Location: no CS school | WiFiNavigator running:false
01-27 19:29:35.668 I/System.out( 7129): Battery level: 100 | Time difference: -1
01-27 19:29:38.671 I/System.out( 7129): Location: no CS school | WiFiNavigator running:false
01-27 19:29:38.671 I/System.out( 7129): Battery level: 100 | Time difference: -1
01-27 19:29:41.674 I/System.out( 7129): Location: no CS school | WiFiNavigator running:false
01-27 19:29:41.674 I/System.out( 7129): Battery level: 100 | Time difference: -1
01-27 19:29:44.677 I/System.out( 7129): Location: no CS school | WiFiNavigator running:false
01-27 19:29:44.677 I/System.out( 7129): Battery level: 100 | Time difference: -1
01-27 19:29:47.670 I/System.out( 7129): Location: no CS school | WiFiNavigator running:false
01-27 19:29:47.670 I/System.out( 7129): Battery level: 100 | Time difference: -1
01-27 19:29:50.673 I/System.out( 7129): Location: no CS school | WiFiNavigator running:false
01-27 19:29:50.673 I/System.out( 7129): Battery level: 100 | Time difference: -1
01-27 19:29:53.676 I/System.out( 7129): Location: no CS school | WiFiNavigator running:false
01-27 19:29:53.676 I/System.out( 7129): Battery level: 100 | Time difference: -1
01-27 19:29:56.679 I/System.out( 7129): Location: no CS school | WiFiNavigator running:false
01-27 19:29:56.679 I/System.out( 7129): Battery level: 100 | Time difference: -1
01-27 19:29:57.009 D/dalvikvm( 7129): GC_CONCURRENT freed 373K, 5% free 9064K/9488K, paused 5ms+1ms, total 66ms
01-27 19:29:59.672 I/System.out( 7129): Location: no CS school | WiFiNavigator running:false
01-27 19:29:59.672 I/System.out( 7129): Battery level: 100 | Time difference: -1
01-27 19:30:01.323 V/DigitalWidgetViewsFactory( 1085): DigitalWidget sets next alarm string to null
01-27 19:30:02.684 I/System.out( 7129): Location: no CS school | WiFiNavigator running:false
01-27 19:30:02.684 I/System.out( 7129): Battery level: 100 | Time difference: -1
01-27 19:30:05.687 I/System.out( 7129): Location: no CS school | WiFiNavigator running:false
01-27 19:30:05.687 I/System.out( 7129): Battery level: 100 | Time difference: -1
01-27 19:30:08.680 I/System.out( 7129): Location: no CS school | WiFiNavigator running:false
01-27 19:30:08.680 I/System.out( 7129): Battery level: 100 | Time difference: -1
01-27 19:30:11.683 I/System.out( 7129): Location: no CS school | WiFiNavigator running:false
01-27 19:30:11.683 I/System.out( 7129): Battery level: 100 | Time difference: -1
01-27 19:30:14.686 I/System.out( 7129): Location: no CS school | WiFiNavigator running:false
01-27 19:30:14.686 I/System.out( 7129): Battery level: 100 | Time difference: -1
01-27 19:30:17.689 I/System.out( 7129): Location: no CS school | WiFiNavigator running:false
01-27 19:30:17.689 I/System.out( 7129): Battery level: 100 | Time difference: -1
01-27 19:30:20.682 I/System.out( 7129): Location: no CS school | WiFiNavigator running:false
01-27 19:30:20.682 I/System.out( 7129): Battery level: 100 | Time difference: -1
01-27 19:30:23.685 I/System.out( 7129): Location: no CS school | WiFiNavigator running:false
01-27 19:30:23.685 I/System.out( 7129): Battery level: 100 | Time difference: -1
01-27 19:30:26.678 I/System.out( 7129): Location: no CS school | WiFiNavigator running:false
01-27 19:30:26.678 I/System.out( 7129): Battery level: 100 | Time difference: -1
01-27 19:30:29.681 I/System.out( 7129): Location: no CS school | WiFiNavigator running:false
01-27 19:30:29.681 I/System.out( 7129): Battery level: 100 | Time difference: -1
01-27 19:30:32.684 I/System.out( 7129): Location: no CS school | WiFiNavigator running:false
01-27 19:30:32.684 I/System.out( 7129): Battery level: 100 | Time difference: -1
01-27 19:30:35.687 I/System.out( 7129): Location: no CS school | WiFiNavigator running:false
01-27 19:30:35.687 I/System.out( 7129): Battery level: 100 | Time difference: -1
01-27 19:30:35.767 D/dalvikvm( 7129): GC_CONCURRENT freed 398K, 5% free 9052K/9488K, paused 11ms+1ms, total 66ms
01-27 19:30:38.680 I/System.out( 7129): Location: no CS school | WiFiNavigator running:false
01-27 19:30:38.680 I/System.out( 7129): Battery level: 100 | Time difference: -1
01-27 19:30:41.683 I/System.out( 7129): Location: no CS school | WiFiNavigator running:false
01-27 19:30:41.693 I/System.out( 7129): Battery level: 100 | Time difference: -1
01-27 19:30:44.695 I/System.out( 7129): Location: no CS school | WiFiNavigator running:false
01-27 19:30:44.695 I/System.out( 7129): Battery level: 100 | Time difference: -1
01-27 19:30:47.688 I/System.out( 7129): Location: no CS school | WiFiNavigator running:false
01-27 19:30:47.688 I/System.out( 7129): Battery level: 100 | Time difference: -1
01-27 19:30:50.691 I/System.out( 7129): Location: no CS school | WiFiNavigator running:false
01-27 19:30:50.691 I/System.out( 7129): Battery level: 100 | Time difference: -1
01-27 19:30:53.694 I/System.out( 7129): Location: no CS school | WiFiNavigator running:false
01-27 19:30:53.694 I/System.out( 7129): Battery level: 100 | Time difference: -1
01-27 19:30:56.687 I/System.out( 7129): Location: no CS school | WiFiNavigator running:false
01-27 19:30:56.687 I/System.out( 7129): Battery level: 100 | Time difference: -1
01-27 19:30:59.690 I/System.out( 7129): Location: no CS school | WiFiNavigator running:false
01-27 19:30:59.690 I/System.out( 7129): Battery level: 100 | Time difference: -1
01-27 19:31:02.693 I/System.out( 7129): Location: no CS school | WiFiNavigator running:false
01-27 19:31:02.693 I/System.out( 7129): Battery level: 100 | Time difference: -1
01-27 19:31:05.696 I/System.out( 7129): Location: no CS school | WiFiNavigator running:false
01-27 19:31:05.696 I/System.out( 7129): Battery level: 100 | Time difference: -1
01-27 19:31:08.689 I/System.out( 7129): Location: no CS school | WiFiNavigator running:false
01-27 19:31:08.689 I/System.out( 7129): Battery level: 100 | Time difference: -1
01-27 19:31:11.692 I/System.out( 7129): Location: no CS school | WiFiNavigator running:false
01-27 19:31:11.692 I/System.out( 7129): Battery level: 100 | Time difference: -1
01-27 19:31:14.695 I/System.out( 7129): Location: no CS school | WiFiNavigator running:false
01-27 19:31:14.705 I/System.out( 7129): Battery level: 100 | Time difference: -1
01-27 19:31:14.785 D/dalvikvm( 7129): GC_CONCURRENT freed 371K, 5% free 9067K/9488K, paused 10ms+4ms, total 93ms
01-27 19:31:17.688 I/System.out( 7129): Location: no CS school | WiFiNavigator running:false
01-27 19:31:17.688 I/System.out( 7129): Battery level: 100 | Time difference: -1
01-27 19:31:20.691 I/System.out( 7129): Location: no CS school | WiFiNavigator running:false
01-27 19:31:20.691 I/System.out( 7129): Battery level: 100 | Time difference: -1
01-27 19:31:23.694 I/System.out( 7129): Location: no CS school | WiFiNavigator running:false
01-27 19:31:23.694 I/System.out( 7129): Battery level: 100 | Time difference: -1
01-27 19:31:26.696 I/System.out( 7129): Location: no CS school | WiFiNavigator running:false
01-27 19:31:26.696 I/System.out( 7129): Battery level: 100 | Time difference: -1
01-27 19:31:26.837 D/ConnectivityService(  535): Captive portal check NetworkInfo: type: WIFI[], state: CONNECTING/CAPTIVE_PORTAL_CHECK, reason: (unspecified), extra: "eduroam", roaming: false, failover: false, isAvailable: true
01-27 19:31:26.857 D/ConnectivityService(  535): ConnectivityChange for WIFI: CONNECTED/CONNECTED
01-27 19:31:26.857 D/ConnectivityService(  535): handleConnectivityChange: address are the same reset per doReset linkProperty[1]: resetMask=0
01-27 19:31:26.857 D/Nat464Xlat(  535): requiresClat: netType=1, hasIPv4Address=true
01-27 19:31:26.907 D/dalvikvm(  535): GC_CONCURRENT freed 1912K, 15% free 15956K/18744K, paused 3ms+4ms, total 94ms
01-27 19:31:26.907 D/dalvikvm(  535): WAIT_FOR_CONCURRENT_GC blocked 42ms
01-27 19:31:27.858 D/ConnectivityService(  535): NetTransition Wakelock for ConnectedState released by timeout
01-27 19:31:29.699 I/System.out( 7129): Location: no CS school | WiFiNavigator running:false
01-27 19:31:29.699 I/System.out( 7129): Battery level: 100 | Time difference: -1
01-27 19:31:29.870 D/Tethering(  535): MasterInitialState.processMessage what=3
01-27 19:31:29.990 E/        (  535): W/virtual loc_api_adapter_err LocApiAdapter::enableData(int): default implementation invoked
01-27 19:31:29.990 E/        (  535): W/virtual loc_api_adapter_err LocApiAdapter::setAPN(char*, int): default implementation invoked
01-27 19:31:30.010 D/GCM     (  826): GcmService start Intent { act=android.net.conn.CONNECTIVITY_CHANGE flg=0x8000010 cmp=com.google.android.gms/.gcm.GcmService (has extras) } android.net.conn.CONNECTIVITY_CHANGE
01-27 19:31:30.480 D/ConnectivityService(  535): handleInetConditionHoldEnd: net=1, condition=100, published condition=0
01-27 19:31:32.692 I/System.out( 7129): Location: no CS school | WiFiNavigator running:false
01-27 19:31:32.692 I/System.out( 7129): Battery level: 100 | Time difference: -1
01-27 19:31:35.695 I/System.out( 7129): Location: no CS school | WiFiNavigator running:false
01-27 19:31:35.695 I/System.out( 7129): Battery level: 100 | Time difference: -1
01-27 19:31:38.688 I/System.out( 7129): Location: no CS school | WiFiNavigator running:false
01-27 19:31:38.688 I/System.out( 7129): Battery level: 100 | Time difference: -1
01-27 19:31:41.691 I/System.out( 7129): Location: no CS school | WiFiNavigator running:false
01-27 19:31:41.691 I/System.out( 7129): Battery level: 100 | Time difference: -1
01-27 19:31:44.694 I/System.out( 7129): Location: no CS school | WiFiNavigator running:false
01-27 19:31:44.694 I/System.out( 7129): Battery level: 100 | Time difference: -1
01-27 19:31:47.697 I/System.out( 7129): Location: no CS school | WiFiNavigator running:false
01-27 19:31:47.697 I/System.out( 7129): Battery level: 100 | Time difference: -1
01-27 19:31:50.690 I/System.out( 7129): Location: no CS school | WiFiNavigator running:false
01-27 19:31:50.690 I/System.out( 7129): Battery level: 100 | Time difference: -1
01-27 19:31:53.693 I/System.out( 7129): Location: no CS school | WiFiNavigator running:false
01-27 19:31:53.703 I/System.out( 7129): Battery level: 100 | Time difference: -1
01-27 19:31:53.783 D/dalvikvm( 7129): GC_CONCURRENT freed 398K, 5% free 9056K/9492K, paused 10ms+2ms, total 84ms
01-27 19:31:56.696 I/System.out( 7129): Location: no CS school | WiFiNavigator running:false
01-27 19:31:56.696 I/System.out( 7129): Battery level: 100 | Time difference: -1
01-27 19:31:59.699 I/System.out( 7129): Location: no CS school | WiFiNavigator running:false
01-27 19:31:59.699 I/System.out( 7129): Battery level: 100 | Time difference: -1
01-27 19:32:02.692 I/System.out( 7129): Location: no CS school | WiFiNavigator running:false
01-27 19:32:02.692 I/System.out( 7129): Battery level: 100 | Time difference: -1
01-27 19:32:05.694 I/System.out( 7129): Location: no CS school | WiFiNavigator running:false
01-27 19:32:05.705 I/System.out( 7129): Battery level: 100 | Time difference: -1
01-27 19:32:08.697 I/System.out( 7129): Location: no CS school | WiFiNavigator running:false
01-27 19:32:08.697 I/System.out( 7129): Battery level: 100 | Time difference: -1
01-27 19:32:11.690 I/System.out( 7129): Location: no CS school | WiFiNavigator running:false
01-27 19:32:11.700 I/System.out( 7129): Battery level: 100 | Time difference: -1
01-27 19:32:14.703 I/System.out( 7129): Location: no CS school | WiFiNavigator running:false
