--------- beginning of /dev/log/main
01-27 19:09:59.801 D/AndroidRuntime( 7060): 
01-27 19:09:59.801 D/AndroidRuntime( 7060): >>>>>> AndroidRuntime START com.android.internal.os.RuntimeInit <<<<<<
01-27 19:09:59.801 D/AndroidRuntime( 7060): CheckJNI is OFF
01-27 19:09:59.811 D/dalvikvm( 7060): Trying to load lib libjavacore.so 0x0
01-27 19:09:59.821 D/dalvikvm( 7060): Added shared lib libjavacore.so 0x0
01-27 19:09:59.821 D/dalvikvm( 7060): Trying to load lib libnativehelper.so 0x0
01-27 19:09:59.821 D/dalvikvm( 7060): Added shared lib libnativehelper.so 0x0
01-27 19:09:59.941 D/AndroidRuntime( 7060): Calling main entry com.android.commands.pm.Pm
01-27 19:09:59.961 D/Finsky  ( 5754): [1] PackageVerificationReceiver.onReceive: Verification requested, id = 8
--------- beginning of /dev/log/system
01-27 19:09:59.961 W/ActivityManager(  535): No content provider found for permission revoke: file:///data/local/tmp/inLocy.apk
01-27 19:09:59.971 D/Finsky  ( 5754): [1] WorkerTask.onPreExecute: Verification Requested for id = 8, data=file:///data/local/tmp/inLocy.apk flags=114 fromVerificationActivity=false
01-27 19:10:00.041 D/dalvikvm( 5754): GC_CONCURRENT freed 645K, 7% free 9434K/10136K, paused 2ms+1ms, total 18ms
01-27 19:10:00.492 I/qtaguid ( 5754): Failed write_ctrl(u 50) res=-1 errno=22
01-27 19:10:00.492 I/qtaguid ( 5754): Untagging socket 50 failed errno=-22
01-27 19:10:00.502 W/NetworkManagementSocketTagger( 5754): untagSocket(50) failed with errno -22
01-27 19:10:00.512 D/Finsky  ( 5754): [1] 2.onResponse: Verification id=8 response=0
01-27 19:10:00.522 D/Finsky  ( 5754): [1] PackageVerificationReceiver.onReceive: Verification requested, id = 8
01-27 19:10:00.562 W/ActivityManager(  535): No content provider found for permission revoke: file:///data/local/tmp/inLocy.apk
01-27 19:10:00.562 I/PackageManager(  535): Copying native libraries to /data/app-lib/vmdl-1019214677
01-27 19:10:00.622 I/ActivityManager(  535): Force stopping package uk.ac.st_andrews.cs.host.mk74.inlocy appid=10097 user=-1
01-27 19:10:00.732 I/PackageManager(  535): Running dexopt on: uk.ac.st_andrews.cs.host.mk74.inlocy
01-27 19:10:00.732 I/PackageManager(  535): Package uk.ac.st_andrews.cs.host.mk74.inlocy codePath changed from /data/app/uk.ac.st_andrews.cs.host.mk74.inlocy-2.apk to /data/app/uk.ac.st_andrews.cs.host.mk74.inlocy-1.apk; Retaining data and using new
01-27 19:10:01.012 D/dalvikvm( 7082): DexOpt: load 47ms, verify+opt 176ms, 1027188 bytes
01-27 19:10:01.092 I/ActivityManager(  535): Force stopping package uk.ac.st_andrews.cs.host.mk74.inlocy appid=10097 user=-1
01-27 19:10:01.092 W/PackageManager(  535): Code path for pkg : uk.ac.st_andrews.cs.host.mk74.inlocy changing from /data/app/uk.ac.st_andrews.cs.host.mk74.inlocy-2.apk to /data/app/uk.ac.st_andrews.cs.host.mk74.inlocy-1.apk
01-27 19:10:01.092 W/PackageManager(  535): Resource path for pkg : uk.ac.st_andrews.cs.host.mk74.inlocy changing from /data/app/uk.ac.st_andrews.cs.host.mk74.inlocy-2.apk to /data/app/uk.ac.st_andrews.cs.host.mk74.inlocy-1.apk
01-27 19:10:01.222 I/ActivityManager(  535): Force stopping package uk.ac.st_andrews.cs.host.mk74.inlocy appid=10097 user=0
01-27 19:10:01.272 D/dalvikvm(  808): GC_EXPLICIT freed 608K, 19% free 16630K/20520K, paused 1ms+14ms, total 33ms
01-27 19:10:01.292 I/InputReader(  535): Reconfiguring input devices.  changes=0x00000010
01-27 19:10:01.302 W/ActivityManager(  535): Skipping broadcast of Intent { act=android.intent.action.PACKAGE_REMOVED dat=package:uk.ac.st_andrews.cs.host.mk74.inlocy flg=0x8000010 (has extras) }: user 10 is stopped
01-27 19:10:01.312 D/dalvikvm( 5848): GC_EXPLICIT freed 111K, 5% free 9267K/9712K, paused 1ms+38ms, total 80ms
01-27 19:10:01.312 D/dalvikvm(  609): GC_EXPLICIT freed 1443K, 71% free 13765K/47340K, paused 1ms+49ms, total 82ms
01-27 19:10:01.322 D/dalvikvm( 1908): GC_EXPLICIT freed 179K, 6% free 9181K/9700K, paused 2ms+2ms, total 47ms
01-27 19:10:01.332 I/InputReader(  535): Reconfiguring input devices.  changes=0x00000010
01-27 19:10:01.332 W/ActivityManager(  535): Skipping broadcast of Intent { act=android.intent.action.PACKAGE_ADDED dat=package:uk.ac.st_andrews.cs.host.mk74.inlocy flg=0x8000010 (has extras) }: user 10 is stopped
01-27 19:10:01.342 D/dalvikvm(  535): GC_CONCURRENT freed 1675K, 18% free 15963K/19300K, paused 2ms+8ms, total 118ms
01-27 19:10:01.342 D/dalvikvm(  535): WAIT_FOR_CONCURRENT_GC blocked 13ms
01-27 19:10:01.342 D/dalvikvm(  535): WAIT_FOR_CONCURRENT_GC blocked 8ms
01-27 19:10:01.342 D/dalvikvm(  535): WAIT_FOR_CONCURRENT_GC blocked 8ms
01-27 19:10:01.352 D/dalvikvm(  535): WAIT_FOR_CONCURRENT_GC blocked 114ms
01-27 19:10:01.362 W/ContextImpl( 5799): Calling a method in the system process without a qualified user: android.app.ContextImpl.startService:1385 android.content.ContextWrapper.startService:473 android.content.ContextWrapper.startService:473 com.android.keychain.KeyChainBroadcastReceiver.onReceive:12 android.app.ActivityThread.handleReceiver:2424 
01-27 19:10:01.362 W/ActivityManager(  535): Skipping broadcast of Intent { act=android.intent.action.PACKAGE_REPLACED dat=package:uk.ac.st_andrews.cs.host.mk74.inlocy flg=0x8000010 (has extras) }: user 10 is stopped
01-27 19:10:01.362 W/ActivityManager(  535): Skipping broadcast of Intent { act=android.intent.action.MY_PACKAGE_REPLACED flg=0x8000010 pkg=uk.ac.st_andrews.cs.host.mk74.inlocy (has extras) }: user 10 is stopped
01-27 19:10:01.392 D/dalvikvm(  791): GC_CONCURRENT freed 542K, 6% free 9148K/9724K, paused 1ms+1ms, total 13ms
01-27 19:10:01.423 D/dalvikvm(  535): GC_EXPLICIT freed 131K, 18% free 15916K/19300K, paused 3ms+8ms, total 74ms
01-27 19:10:01.423 D/dalvikvm(  535): WAIT_FOR_CONCURRENT_GC blocked 89ms
01-27 19:10:01.423 D/dalvikvm(  535): WAIT_FOR_CONCURRENT_GC blocked 58ms
01-27 19:10:01.493 D/dalvikvm(  535): GC_EXPLICIT freed 171K, 18% free 15966K/19300K, paused 2ms+11ms, total 74ms
01-27 19:10:01.503 D/AndroidRuntime( 7060): Shutting down VM
01-27 19:10:01.503 D/jdwp    ( 7060): Got wake-up signal, bailing out of select
01-27 19:10:01.503 D/dalvikvm( 7060): Debugger has detached; object registry had 1 entries
01-27 19:10:01.503 D/BackupManagerService(  535): Received broadcast Intent { act=android.intent.action.PACKAGE_REMOVED dat=package:uk.ac.st_andrews.cs.host.mk74.inlocy flg=0x8000010 (has extras) }
01-27 19:10:01.543 D/BackupManagerService(  535): Received broadcast Intent { act=android.intent.action.PACKAGE_ADDED dat=package:uk.ac.st_andrews.cs.host.mk74.inlocy flg=0x8000010 (has extras) }
01-27 19:10:01.543 V/BackupManagerService(  535): removePackageParticipantsLocked: uid=10097 #1
01-27 19:10:01.553 V/BackupManagerService(  535): addPackageParticipantsLocked: #1
01-27 19:10:01.643 D/dalvikvm(  752): GC_FOR_ALLOC freed 245K, 10% free 10259K/11396K, paused 18ms, total 18ms
01-27 19:10:01.663 I/GCoreUlr(  752): Ensuring that reporting is stopped because of reasons: (no Google accounts)
01-27 19:10:01.663 D/GCoreFlp(  752): Unknown pending intent to remove.
01-27 19:10:01.663 I/GCoreUlr(  752): Unbound from all location providers
01-27 19:10:01.683 D/dalvikvm(  752): GC_FOR_ALLOC freed 112K, 11% free 10199K/11396K, paused 21ms, total 21ms
01-27 19:10:02.093 D/AndroidRuntime( 7113): 
01-27 19:10:02.093 D/AndroidRuntime( 7113): >>>>>> AndroidRuntime START com.android.internal.os.RuntimeInit <<<<<<
01-27 19:10:02.093 D/AndroidRuntime( 7113): CheckJNI is OFF
01-27 19:10:02.103 D/dalvikvm( 7113): Trying to load lib libjavacore.so 0x0
01-27 19:10:02.113 D/dalvikvm( 7113): Added shared lib libjavacore.so 0x0
01-27 19:10:02.123 D/dalvikvm( 7113): Trying to load lib libnativehelper.so 0x0
01-27 19:10:02.123 D/dalvikvm( 7113): Added shared lib libnativehelper.so 0x0
01-27 19:10:02.243 D/AndroidRuntime( 7113): Calling main entry com.android.commands.am.Am
01-27 19:10:02.243 D/dalvikvm( 7113): Note: class Landroid/app/ActivityManagerNative; has 163 unimplemented (abstract) methods
01-27 19:10:02.243 I/ActivityManager(  535): START u0 {act=android.intent.action.MAIN cat=[android.intent.category.LAUNCHER] flg=0x10000000 cmp=uk.ac.st_andrews.cs.host.mk74.inlocy/.MainActivity} from pid 7113
01-27 19:10:02.333 D/dalvikvm(  535): GC_FOR_ALLOC freed 1521K, 17% free 16076K/19300K, paused 62ms, total 63ms
01-27 19:10:02.343 D/AndroidRuntime( 7113): Shutting down VM
01-27 19:10:02.353 D/dalvikvm( 7129): Late-enabling CheckJNI
01-27 19:10:02.353 D/jdwp    ( 7113): Got wake-up signal, bailing out of select
01-27 19:10:02.353 D/dalvikvm( 7113): Debugger has detached; object registry had 1 entries
01-27 19:10:02.353 I/ActivityManager(  535): Start proc uk.ac.st_andrews.cs.host.mk74.inlocy for activity uk.ac.st_andrews.cs.host.mk74.inlocy/.MainActivity: pid=7129 uid=10097 gids={50097, 3003, 1028}
01-27 19:10:02.524 D/libEGL  ( 7129): loaded /system/lib/egl/libEGL_adreno200.so
01-27 19:10:02.524 D/libEGL  ( 7129): loaded /system/lib/egl/libGLESv1_CM_adreno200.so
01-27 19:10:02.524 D/libEGL  ( 7129): loaded /system/lib/egl/libGLESv2_adreno200.so
01-27 19:10:02.534 I/Adreno200-EGL( 7129): <qeglDrvAPI_eglInitialize:265>: EGL 1.4 QUALCOMM Build: Iabe52cfaeae4c5fab1acacfe6f056ba15fa93274
01-27 19:10:02.564 D/dalvikvm( 1908): GC_CONCURRENT freed 247K, 4% free 9346K/9700K, paused 1ms+3ms, total 19ms
01-27 19:10:02.574 D/OpenGLRenderer( 7129): Enabling debug mode 0
01-27 19:10:02.634 W/ActivityManager(  535): Permission denied: checkComponentPermission() owningUid=10057
01-27 19:10:02.634 I/ActivityManager(  535): Displayed uk.ac.st_andrews.cs.host.mk74.inlocy/.MainActivity: +296ms
01-27 19:10:02.634 W/ActivityManager(  535): Permission denied: checkComponentPermission() owningUid=10057
01-27 19:10:02.644 W/ActivityManager(  535): Permission denied: checkComponentPermission() owningUid=10057
01-27 19:10:02.644 W/ActivityManager(  535): Permission denied: checkComponentPermission() owningUid=10057
01-27 19:10:02.654 W/ActivityManager(  535): Permission denied: checkComponentPermission() owningUid=10057
01-27 19:10:02.654 W/ActivityManager(  535): Permission denied: checkComponentPermission() owningUid=10057
01-27 19:10:02.664 W/ActivityManager(  535): Permission denied: checkComponentPermission() owningUid=10057
01-27 19:10:02.664 W/ActivityManager(  535): Permission denied: checkComponentPermission() owningUid=10057
01-27 19:10:02.674 D/dalvikvm( 5828): GC_CONCURRENT freed 418K, 5% free 9229K/9692K, paused 2ms+4ms, total 19ms
01-27 19:10:02.674 W/ActivityManager(  535): Permission denied: checkComponentPermission() owningUid=10057
01-27 19:10:02.674 W/ActivityManager(  535): Permission denied: checkComponentPermission() owningUid=10057
01-27 19:10:05.486 I/System.out( 7129): Location: unknown | WiFiNavigator running:true
01-27 19:10:05.486 I/System.out( 7129): Battery level: 100 | Time difference: -1
01-27 19:10:08.479 I/System.out( 7129): Location: unknown | WiFiNavigator running:true
01-27 19:10:08.479 I/System.out( 7129): Battery level: 100 | Time difference: -1
01-27 19:10:09.270 D/dalvikvm( 7129): GC_FOR_ALLOC freed 300K, 4% free 9070K/9412K, paused 19ms, total 19ms
01-27 19:10:11.482 I/System.out( 7129): Location: no CS school | WiFiNavigator running:false
01-27 19:10:11.482 I/System.out( 7129): Battery level: 100 | Time difference: -1
01-27 19:10:13.474 D/dalvikvm( 7129): Debugger has detached; object registry had 1 entries
01-27 19:10:13.614 D/PicasaSyncManager( 1532): battery info: false
01-27 19:10:13.614 D/PicasaUploaderSyncManager( 1567): battery info: false
01-27 19:10:14.485 I/System.out( 7129): Location: no CS school | WiFiNavigator running:false
01-27 19:10:14.495 I/System.out( 7129): Battery level: 100 | Time difference: -1
01-27 19:10:16.617 D/dalvikvm( 5754): GC_CONCURRENT freed 133K, 5% free 9695K/10136K, paused 2ms+1ms, total 26ms
01-27 19:10:16.657 D/Finsky  ( 5754): [1] 5.onFinished: Installation state replication succeeded.
01-27 19:10:17.478 I/System.out( 7129): Location: no CS school | WiFiNavigator running:false
01-27 19:10:17.478 I/System.out( 7129): Battery level: 100 | Time difference: -1
01-27 19:10:20.481 I/System.out( 7129): Location: no CS school | WiFiNavigator running:false
01-27 19:10:20.481 I/System.out( 7129): Battery level: 100 | Time difference: -1
01-27 19:10:23.484 I/System.out( 7129): Location: no CS school | WiFiNavigator running:false
01-27 19:10:23.494 I/System.out( 7129): Battery level: 100 | Time difference: -1
01-27 19:10:26.487 I/System.out( 7129): Location: no CS school | WiFiNavigator running:false
01-27 19:10:26.487 I/System.out( 7129): Battery level: 100 | Time difference: -1
01-27 19:10:29.480 I/System.out( 7129): Location: no CS school | WiFiNavigator running:false
01-27 19:10:29.490 I/System.out( 7129): Battery level: 100 | Time difference: -1
01-27 19:10:30.581 D/dalvikvm( 7129): GC_CONCURRENT freed 402K, 5% free 9055K/9496K, paused 7ms+2ms, total 77ms
01-27 19:10:32.483 I/System.out( 7129): Location: no CS school | WiFiNavigator running:false
01-27 19:10:32.493 I/System.out( 7129): Battery level: 100 | Time difference: -1
01-27 19:10:35.496 I/System.out( 7129): Location: no CS school | WiFiNavigator running:false
01-27 19:10:35.496 I/System.out( 7129): Battery level: 100 | Time difference: -1
01-27 19:10:38.489 I/System.out( 7129): Location: no CS school | WiFiNavigator running:false
01-27 19:10:38.489 I/System.out( 7129): Battery level: 100 | Time difference: -1
01-27 19:10:41.492 I/System.out( 7129): Location: no CS school | WiFiNavigator running:false
01-27 19:10:41.492 I/System.out( 7129): Battery level: 100 | Time difference: -1
01-27 19:10:44.495 I/System.out( 7129): Location: no CS school | WiFiNavigator running:false
01-27 19:10:44.495 I/System.out( 7129): Battery level: 100 | Time difference: -1
01-27 19:10:47.487 I/System.out( 7129): Location: no CS school | WiFiNavigator running:false
01-27 19:10:47.487 I/System.out( 7129): Battery level: 100 | Time difference: -1
01-27 19:10:50.490 I/System.out( 7129): Location: no CS school | WiFiNavigator running:false
01-27 19:10:50.490 I/System.out( 7129): Battery level: 100 | Time difference: -1
01-27 19:10:53.493 I/System.out( 7129): Location: no CS school | WiFiNavigator running:false
01-27 19:10:53.493 I/System.out( 7129): Battery level: 100 | Time difference: -1
01-27 19:10:56.496 I/System.out( 7129): Location: no CS school | WiFiNavigator running:false
01-27 19:10:56.496 I/System.out( 7129): Battery level: 100 | Time difference: -1
01-27 19:10:59.489 I/System.out( 7129): Location: no CS school | WiFiNavigator running:false
01-27 19:10:59.489 I/System.out( 7129): Battery level: 100 | Time difference: -1
01-27 19:11:02.492 I/System.out( 7129): Location: no CS school | WiFiNavigator running:false
01-27 19:11:02.492 I/System.out( 7129): Battery level: 100 | Time difference: -1
01-27 19:11:05.495 I/System.out( 7129): Location: no CS school | WiFiNavigator running:false
01-27 19:11:05.495 I/System.out( 7129): Battery level: 100 | Time difference: -1
01-27 19:11:08.488 I/System.out( 7129): Location: no CS school | WiFiNavigator running:false
01-27 19:11:08.488 I/System.out( 7129): Battery level: 100 | Time difference: -1
01-27 19:11:09.539 D/dalvikvm( 7129): GC_CONCURRENT freed 374K, 5% free 9068K/9496K, paused 6ms+6ms, total 81ms
01-27 19:11:11.491 I/System.out( 7129): Location: no CS school | WiFiNavigator running:false
01-27 19:11:11.491 I/System.out( 7129): Battery level: 100 | Time difference: -1
01-27 19:11:14.494 I/System.out( 7129): Location: no CS school | WiFiNavigator running:false
01-27 19:11:14.494 I/System.out( 7129): Battery level: 100 | Time difference: -1
01-27 19:11:17.497 I/System.out( 7129): Location: no CS school | WiFiNavigator running:false
01-27 19:11:17.497 I/System.out( 7129): Battery level: 100 | Time difference: -1
01-27 19:11:20.490 I/System.out( 7129): Location: no CS school | WiFiNavigator running:false
01-27 19:11:20.490 I/System.out( 7129): Battery level: 100 | Time difference: -1
01-27 19:11:23.493 I/System.out( 7129): Location: no CS school | WiFiNavigator running:false
01-27 19:11:23.493 I/System.out( 7129): Battery level: 100 | Time difference: -1
01-27 19:11:26.496 I/System.out( 7129): Location: no CS school | WiFiNavigator running:false
01-27 19:11:26.506 I/System.out( 7129): Battery level: 100 | Time difference: -1
01-27 19:11:29.488 I/System.out( 7129): Location: no CS school | WiFiNavigator running:false
01-27 19:11:29.498 I/System.out( 7129): Battery level: 100 | Time difference: -1
01-27 19:11:32.501 I/System.out( 7129): Location: no CS school | WiFiNavigator running:false
01-27 19:11:32.501 I/System.out( 7129): Battery level: 100 | Time difference: -1
01-27 19:11:35.504 I/System.out( 7129): Location: no CS school | WiFiNavigator running:false
01-27 19:11:35.504 I/System.out( 7129): Battery level: 100 | Time difference: -1
01-27 19:11:38.507 I/System.out( 7129): Location: no CS school | WiFiNavigator running:false
01-27 19:11:38.507 I/System.out( 7129): Battery level: 100 | Time difference: -1
01-27 19:11:41.500 I/System.out( 7129): Location: no CS school | WiFiNavigator running:false
01-27 19:11:41.500 I/System.out( 7129): Battery level: 100 | Time difference: -1
01-27 19:11:44.503 I/System.out( 7129): Location: no CS school | WiFiNavigator running:false
01-27 19:11:44.503 I/System.out( 7129): Battery level: 100 | Time difference: -1
01-27 19:11:47.506 I/System.out( 7129): Location: no CS school | WiFiNavigator running:false
01-27 19:11:47.506 I/System.out( 7129): Battery level: 100 | Time difference: -1
01-27 19:11:48.297 D/dalvikvm( 7129): GC_CONCURRENT freed 398K, 5% free 9055K/9492K, paused 6ms+2ms, total 67ms
01-27 19:11:50.509 I/System.out( 7129): Location: no CS school | WiFiNavigator running:false
01-27 19:11:50.509 I/System.out( 7129): Battery level: 100 | Time difference: -1
01-27 19:11:53.502 I/System.out( 7129): Location: no CS school | WiFiNavigator running:false
01-27 19:11:53.502 I/System.out( 7129): Battery level: 100 | Time difference: -1
01-27 19:11:56.505 I/System.out( 7129): Location: no CS school | WiFiNavigator running:false
01-27 19:11:56.505 I/System.out( 7129): Battery level: 100 | Time difference: -1
01-27 19:11:59.498 I/System.out( 7129): Location: no CS school | WiFiNavigator running:false
01-27 19:11:59.498 I/System.out( 7129): Battery level: 100 | Time difference: -1
01-27 19:12:02.501 I/System.out( 7129): Location: no CS school | WiFiNavigator running:false
01-27 19:12:02.501 I/System.out( 7129): Battery level: 100 | Time difference: -1
01-27 19:12:05.504 I/System.out( 7129): Location: no CS school | WiFiNavigator running:false
01-27 19:12:05.504 I/System.out( 7129): Battery level: 100 | Time difference: -1
01-27 19:12:08.507 I/System.out( 7129): Location: no CS school | WiFiNavigator running:false
01-27 19:12:08.507 I/System.out( 7129): Battery level: 100 | Time difference: -1
01-27 19:12:11.499 I/System.out( 7129): Location: no CS school | WiFiNavigator running:false
01-27 19:12:11.499 I/System.out( 7129): Battery level: 100 | Time difference: -1
01-27 19:12:13.702 D/ConnectivityService(  535): Captive portal check NetworkInfo: type: WIFI[], state: CONNECTING/CAPTIVE_PORTAL_CHECK, reason: (unspecified), extra: "eduroam", roaming: false, failover: false, isAvailable: true
01-27 19:12:13.712 D/ConnectivityService(  535): ConnectivityChange for WIFI: CONNECTED/CONNECTED
01-27 19:12:13.732 D/ConnectivityService(  535): handleConnectivityChange: address are the same reset per doReset linkProperty[1]: resetMask=0
01-27 19:12:13.732 D/Nat464Xlat(  535): requiresClat: netType=1, hasIPv4Address=true
01-27 19:12:14.502 I/System.out( 7129): Location: no CS school | WiFiNavigator running:false
01-27 19:12:14.502 I/System.out( 7129): Battery level: 100 | Time difference: -1
01-27 19:12:14.713 D/ConnectivityService(  535): NetTransition Wakelock for ConnectedState released by timeout
01-27 19:12:16.755 D/Tethering(  535): MasterInitialState.processMessage what=3
01-27 19:12:16.895 E/        (  535): W/virtual loc_api_adapter_err LocApiAdapter::enableData(int): default implementation invoked
01-27 19:12:16.895 E/        (  535): W/virtual loc_api_adapter_err LocApiAdapter::setAPN(char*, int): default implementation invoked
01-27 19:12:16.895 D/dalvikvm(  730): GC_CONCURRENT freed 395K, 5% free 9269K/9704K, paused 4ms+3ms, total 19ms
01-27 19:12:16.905 D/dalvikvm(  826): GC_EXPLICIT freed 357K, 6% free 9595K/10136K, paused 2ms+3ms, total 24ms
01-27 19:12:16.935 D/GCM     (  826): GcmService start Intent { act=android.net.conn.CONNECTIVITY_CHANGE flg=0x8000010 cmp=com.google.android.gms/.gcm.GcmService (has extras) } android.net.conn.CONNECTIVITY_CHANGE
01-27 19:12:17.385 D/ConnectivityService(  535): handleInetConditionHoldEnd: net=1, condition=100, published condition=0
01-27 19:12:17.505 I/System.out( 7129): Location: no CS school | WiFiNavigator running:false
01-27 19:12:17.505 I/System.out( 7129): Battery level: 100 | Time difference: -1
01-27 19:12:20.508 I/System.out( 7129): Location: no CS school | WiFiNavigator running:false
01-27 19:12:20.508 I/System.out( 7129): Battery level: 100 | Time difference: -1
01-27 19:12:23.501 I/System.out( 7129): Location: no CS school | WiFiNavigator running:false
01-27 19:12:23.501 I/System.out( 7129): Battery level: 100 | Time difference: -1
01-27 19:12:26.504 I/System.out( 7129): Location: no CS school | WiFiNavigator running:false
01-27 19:12:26.514 I/System.out( 7129): Battery level: 100 | Time difference: -1
01-27 19:12:27.085 D/dalvikvm( 7129): GC_CONCURRENT freed 398K, 5% free 9043K/9492K, paused 6ms+1ms, total 69ms
01-27 19:12:29.507 I/System.out( 7129): Location: no CS school | WiFiNavigator running:false
01-27 19:12:29.507 I/System.out( 7129): Battery level: 100 | Time difference: -1
01-27 19:12:32.500 I/System.out( 7129): Location: no CS school | WiFiNavigator running:false
01-27 19:12:32.510 I/System.out( 7129): Battery level: 100 | Time difference: -1
01-27 19:12:35.503 I/System.out( 7129): Location: no CS school | WiFiNavigator running:false
01-27 19:12:35.503 I/System.out( 7129): Battery level: 100 | Time difference: -1
01-27 19:12:38.506 I/System.out( 7129): Location: no CS school | WiFiNavigator running:false
01-27 19:12:38.506 I/System.out( 7129): Battery level: 100 | Time difference: -1
01-27 19:12:41.499 I/System.out( 7129): Location: no CS school | WiFiNavigator running:false
01-27 19:12:41.499 I/System.out( 7129): Battery level: 100 | Time difference: -1
01-27 19:12:44.502 I/System.out( 7129): Location: no CS school | WiFiNavigator running:false
01-27 19:12:44.502 I/System.out( 7129): Battery level: 100 | Time difference: -1
01-27 19:12:47.505 I/System.out( 7129): Location: no CS school | WiFiNavigator running:false
01-27 19:12:47.515 I/System.out( 7129): Battery level: 100 | Time difference: -1
01-27 19:12:50.507 I/System.out( 7129): Location: no CS school | WiFiNavigator running:false
01-27 19:12:50.507 I/System.out( 7129): Battery level: 100 | Time difference: -1
01-27 19:12:53.510 I/System.out( 7129): Location: no CS school | WiFiNavigator running:false
01-27 19:12:53.510 I/System.out( 7129): Battery level: 100 | Time difference: -1
01-27 19:12:56.513 I/System.out( 7129): Location: no CS school | WiFiNavigator running:false
01-27 19:12:56.513 I/System.out( 7129): Battery level: 100 | Time difference: -1
01-27 19:12:59.516 I/System.out( 7129): Location: no CS school | WiFiNavigator running:false
01-27 19:12:59.516 I/System.out( 7129): Battery level: 100 | Time difference: -1
01-27 19:13:02.509 I/System.out( 7129): Location: no CS school | WiFiNavigator running:false
01-27 19:13:02.509 I/System.out( 7129): Battery level: 100 | Time difference: -1
01-27 19:13:05.512 I/System.out( 7129): Location: no CS school | WiFiNavigator running:false
01-27 19:13:05.512 I/System.out( 7129): Battery level: 100 | Time difference: -1
01-27 19:13:06.053 D/dalvikvm( 7129): GC_CONCURRENT freed 372K, 5% free 9058K/9476K, paused 9ms+2ms, total 65ms
01-27 19:13:08.515 I/System.out( 7129): Location: no CS school | WiFiNavigator running:false
01-27 19:13:08.515 I/System.out( 7129): Battery level: 100 | Time difference: -1
01-27 19:13:11.518 I/System.out( 7129): Location: no CS school | WiFiNavigator running:false
01-27 19:13:11.518 I/System.out( 7129): Battery level: 100 | Time difference: -1
01-27 19:13:14.511 I/System.out( 7129): Location: no CS school | WiFiNavigator running:false
01-27 19:13:14.511 I/System.out( 7129): Battery level: 100 | Time difference: -1
01-27 19:13:17.514 I/System.out( 7129): Location: no CS school | WiFiNavigator running:false
01-27 19:13:17.514 I/System.out( 7129): Battery level: 100 | Time difference: -1
01-27 19:13:20.517 I/System.out( 7129): Location: no CS school | WiFiNavigator running:false
01-27 19:13:20.517 I/System.out( 7129): Battery level: 100 | Time difference: -1
01-27 19:13:23.510 I/System.out( 7129): Location: no CS school | WiFiNavigator running:false
01-27 19:13:23.510 I/System.out( 7129): Battery level: 100 | Time difference: -1
01-27 19:13:26.513 I/System.out( 7129): Location: no CS school | WiFiNavigator running:false
01-27 19:13:26.513 I/System.out( 7129): Battery level: 100 | Time difference: -1
01-27 19:13:29.516 I/System.out( 7129): Location: no CS school | WiFiNavigator running:false
01-27 19:13:29.516 I/System.out( 7129): Battery level: 100 | Time difference: -1
01-27 19:13:32.508 I/System.out( 7129): Location: no CS school | WiFiNavigator running:false
01-27 19:13:32.508 I/System.out( 7129): Battery level: 100 | Time difference: -1
01-27 19:13:35.511 I/System.out( 7129): Location: no CS school | WiFiNavigator running:false
01-27 19:13:35.511 I/System.out( 7129): Battery level: 100 | Time difference: -1
01-27 19:13:38.514 I/System.out( 7129): Location: no CS school | WiFiNavigator running:false
01-27 19:13:38.514 I/System.out( 7129): Battery level: 100 | Time difference: -1
01-27 19:13:41.517 I/System.out( 7129): Location: no CS school | WiFiNavigator running:false
01-27 19:13:41.517 I/System.out( 7129): Battery level: 100 | Time difference: -1
01-27 19:13:44.510 I/System.out( 7129): Location: no CS school | WiFiNavigator running:false
01-27 19:13:44.520 I/System.out( 7129): Battery level: 100 | Time difference: -1
01-27 19:13:45.031 D/dalvikvm( 7129): GC_CONCURRENT freed 398K, 5% free 9047K/9484K, paused 8ms+1ms, total 64ms
01-27 19:13:47.523 I/System.out( 7129): Location: no CS school | WiFiNavigator running:false
01-27 19:13:47.523 I/System.out( 7129): Battery level: 100 | Time difference: -1
01-27 19:13:50.526 I/System.out( 7129): Location: no CS school | WiFiNavigator running:false
01-27 19:13:50.526 I/System.out( 7129): Battery level: 100 | Time difference: -1
01-27 19:13:53.529 I/System.out( 7129): Location: no CS school | WiFiNavigator running:false
01-27 19:13:53.529 I/System.out( 7129): Battery level: 100 | Time difference: -1
01-27 19:13:56.522 I/System.out( 7129): Location: no CS school | WiFiNavigator running:false
01-27 19:13:56.522 I/System.out( 7129): Battery level: 100 | Time difference: -1
01-27 19:13:59.525 I/System.out( 7129): Location: no CS school | WiFiNavigator running:false
01-27 19:13:59.525 I/System.out( 7129): Battery level: 100 | Time difference: -1
01-27 19:14:02.518 I/System.out( 7129): Location: no CS school | WiFiNavigator running:false
01-27 19:14:02.518 I/System.out( 7129): Battery level: 100 | Time difference: -1
01-27 19:14:05.521 I/System.out( 7129): Location: no CS school | WiFiNavigator running:false
01-27 19:14:05.521 I/System.out( 7129): Battery level: 100 | Time difference: -1
01-27 19:14:08.524 I/System.out( 7129): Location: no CS school | WiFiNavigator running:false
01-27 19:14:08.524 I/System.out( 7129): Battery level: 100 | Time difference: -1
01-27 19:14:11.527 I/System.out( 7129): Location: no CS school | WiFiNavigator running:false
01-27 19:14:11.527 I/System.out( 7129): Battery level: 100 | Time difference: -1
01-27 19:14:14.519 I/System.out( 7129): Location: no CS school | WiFiNavigator running:false
01-27 19:14:14.519 I/System.out( 7129): Battery level: 100 | Time difference: -1
01-27 19:14:17.522 I/System.out( 7129): Location: no CS school | WiFiNavigator running:false
01-27 19:14:17.522 I/System.out( 7129): Battery level: 100 | Time difference: -1
01-27 19:14:20.525 I/System.out( 7129): Location: no CS school | WiFiNavigator running:false
01-27 19:14:20.525 I/System.out( 7129): Battery level: 100 | Time difference: -1
01-27 19:14:23.528 I/System.out( 7129): Location: no CS school | WiFiNavigator running:false
01-27 19:14:23.528 I/System.out( 7129): Battery level: 100 | Time difference: -1
01-27 19:14:23.829 D/dalvikvm( 7129): GC_CONCURRENT freed 373K, 5% free 9060K/9484K, paused 9ms+1ms, total 64ms
01-27 19:14:26.521 I/System.out( 7129): Location: no CS school | WiFiNavigator running:false
01-27 19:14:26.521 I/System.out( 7129): Battery level: 100 | Time difference: -1
01-27 19:14:29.524 I/System.out( 7129): Location: no CS school | WiFiNavigator running:false
01-27 19:14:29.524 I/System.out( 7129): Battery level: 100 | Time difference: -1
01-27 19:14:32.527 I/System.out( 7129): Location: no CS school | WiFiNavigator running:false
01-27 19:14:32.527 I/System.out( 7129): Battery level: 100 | Time difference: -1
01-27 19:14:35.520 I/System.out( 7129): Location: no CS school | WiFiNavigator running:false
01-27 19:14:35.520 I/System.out( 7129): Battery level: 100 | Time difference: -1
01-27 19:14:38.523 I/System.out( 7129): Location: no CS school | WiFiNavigator running:false
01-27 19:14:38.523 I/System.out( 7129): Battery level: 100 | Time difference: -1
01-27 19:14:41.526 I/System.out( 7129): Location: no CS school | WiFiNavigator running:false
01-27 19:14:41.526 I/System.out( 7129): Battery level: 100 | Time difference: -1
01-27 19:14:44.519 I/System.out( 7129): Location: no CS school | WiFiNavigator running:false
01-27 19:14:44.529 I/System.out( 7129): Battery level: 100 | Time difference: -1
01-27 19:14:47.522 I/System.out( 7129): Location: no CS school | WiFiNavigator running:false
01-27 19:14:47.522 I/System.out( 7129): Battery level: 100 | Time difference: -1
01-27 19:14:50.525 I/System.out( 7129): Location: no CS school | WiFiNavigator running:false
01-27 19:14:50.525 I/System.out( 7129): Battery level: 100 | Time difference: -1
01-27 19:14:53.517 I/System.out( 7129): Location: no CS school | WiFiNavigator running:false
01-27 19:14:53.527 I/System.out( 7129): Battery level: 100 | Time difference: -1
01-27 19:14:56.520 I/System.out( 7129): Location: no CS school | WiFiNavigator running:false
01-27 19:14:56.530 I/System.out( 7129): Battery level: 100 | Time difference: -1
01-27 19:14:59.533 I/System.out( 7129): Location: no CS school | WiFiNavigator running:false
01-27 19:14:59.533 I/System.out( 7129): Battery level: 100 | Time difference: -1
01-27 19:15:01.295 V/DigitalWidgetViewsFactory( 1085): DigitalWidget sets next alarm string to null
01-27 19:15:02.526 I/System.out( 7129): Location: no CS school | WiFiNavigator running:false
01-27 19:15:02.536 I/System.out( 7129): Battery level: 100 | Time difference: -1
01-27 19:15:02.666 D/dalvikvm( 7129): GC_CONCURRENT freed 396K, 5% free 9048K/9484K, paused 2ms+2ms, total 19ms
01-27 19:15:05.529 I/System.out( 7129): Location: no CS school | WiFiNavigator running:false
01-27 19:15:05.529 I/System.out( 7129): Battery level: 100 | Time difference: -1
01-27 19:15:08.532 I/System.out( 7129): Location: no CS school | WiFiNavigator running:false
01-27 19:15:08.532 I/System.out( 7129): Battery level: 100 | Time difference: -1
01-27 19:15:11.535 I/System.out( 7129): Location: no CS school | WiFiNavigator running:false
01-27 19:15:11.535 I/System.out( 7129): Battery level: 100 | Time difference: -1
01-27 19:15:14.528 I/System.out( 7129): Location: no CS school | WiFiNavigator running:false
01-27 19:15:14.528 I/System.out( 7129): Battery level: 100 | Time difference: -1
01-27 19:15:17.531 I/System.out( 7129): Location: no CS school | WiFiNavigator running:false
01-27 19:15:17.531 I/System.out( 7129): Battery level: 100 | Time difference: -1
01-27 19:15:20.534 I/System.out( 7129): Location: no CS school | WiFiNavigator running:false
01-27 19:15:20.534 I/System.out( 7129): Battery level: 100 | Time difference: -1
01-27 19:15:23.537 I/System.out( 7129): Location: no CS school | WiFiNavigator running:false
01-27 19:15:23.537 I/System.out( 7129): Battery level: 100 | Time difference: -1
01-27 19:15:26.530 I/System.out( 7129): Location: no CS school | WiFiNavigator running:false
01-27 19:15:26.530 I/System.out( 7129): Battery level: 100 | Time difference: -1
01-27 19:15:29.533 I/System.out( 7129): Location: no CS school | WiFiNavigator running:false
01-27 19:15:29.533 I/System.out( 7129): Battery level: 100 | Time difference: -1
01-27 19:15:32.536 I/System.out( 7129): Location: no CS school | WiFiNavigator running:false
01-27 19:15:32.536 I/System.out( 7129): Battery level: 100 | Time difference: -1
01-27 19:15:35.528 I/System.out( 7129): Location: no CS school | WiFiNavigator running:false
01-27 19:15:35.528 I/System.out( 7129): Battery level: 100 | Time difference: -1
01-27 19:15:38.531 I/System.out( 7129): Location: no CS school | WiFiNavigator running:false
01-27 19:15:38.531 I/System.out( 7129): Battery level: 100 | Time difference: -1
01-27 19:15:41.514 D/dalvikvm( 7129): GC_CONCURRENT freed 372K, 5% free 9061K/9484K, paused 9ms+1ms, total 65ms
01-27 19:15:41.534 I/System.out( 7129): Location: no CS school | WiFiNavigator running:false
01-27 19:15:41.534 I/System.out( 7129): Battery level: 100 | Time difference: -1
01-27 19:15:44.537 I/System.out( 7129): Location: no CS school | WiFiNavigator running:false
01-27 19:15:44.537 I/System.out( 7129): Battery level: 100 | Time difference: -1
01-27 19:15:47.530 I/System.out( 7129): Location: no CS school | WiFiNavigator running:false
01-27 19:15:47.530 I/System.out( 7129): Battery level: 100 | Time difference: -1
01-27 19:15:50.533 I/System.out( 7129): Location: no CS school | WiFiNavigator running:false
01-27 19:15:50.543 I/System.out( 7129): Battery level: 100 | Time difference: -1
01-27 19:15:53.546 I/System.out( 7129): Location: no CS school | WiFiNavigator running:false
01-27 19:15:53.546 I/System.out( 7129): Battery level: 100 | Time difference: -1
01-27 19:15:56.539 I/System.out( 7129): Location: no CS school | WiFiNavigator running:false
01-27 19:15:56.539 I/System.out( 7129): Battery level: 100 | Time difference: -1
01-27 19:15:59.542 I/System.out( 7129): Location: no CS school | WiFiNavigator running:false
01-27 19:15:59.542 I/System.out( 7129): Battery level: 100 | Time difference: -1
01-27 19:15:59.992 W/SystemClock(  535): time going backwards: prev 6033828846791(ioctl) vs now 6033825825551(ioctl), tid=566
01-27 19:16:00.132 D/dalvikvm(  535): GC_CONCURRENT freed 1701K, 15% free 16063K/18744K, paused 30ms+6ms, total 108ms
01-27 19:16:02.545 I/System.out( 7129): Location: no CS school | WiFiNavigator running:false
01-27 19:16:02.545 I/System.out( 7129): Battery level: 100 | Time difference: -1
01-27 19:16:05.538 I/System.out( 7129): Location: no CS school | WiFiNavigator running:false
01-27 19:16:05.538 I/System.out( 7129): Battery level: 100 | Time difference: -1
01-27 19:16:08.541 I/System.out( 7129): Location: no CS school | WiFiNavigator running:false
01-27 19:16:08.541 I/System.out( 7129): Battery level: 100 | Time difference: -1
01-27 19:16:11.544 I/System.out( 7129): Location: no CS school | WiFiNavigator running:false
01-27 19:16:11.544 I/System.out( 7129): Battery level: 100 | Time difference: -1
01-27 19:16:14.547 I/System.out( 7129): Location: no CS school | WiFiNavigator running:false
01-27 19:16:14.547 I/System.out( 7129): Battery level: 100 | Time difference: -1
01-27 19:16:17.539 I/System.out( 7129): Location: no CS school | WiFiNavigator running:false
01-27 19:16:17.539 I/System.out( 7129): Battery level: 100 | Time difference: -1
01-27 19:16:20.492 D/dalvikvm( 7129): GC_CONCURRENT freed 398K, 5% free 9051K/9488K, paused 9ms+1ms, total 64ms
01-27 19:16:20.542 I/System.out( 7129): Location: no CS school | WiFiNavigator running:false
01-27 19:16:20.542 I/System.out( 7129): Battery level: 100 | Time difference: -1
01-27 19:16:23.545 I/System.out( 7129): Location: no CS school | WiFiNavigator running:false
01-27 19:16:23.545 I/System.out( 7129): Battery level: 100 | Time difference: -1
01-27 19:16:26.538 I/System.out( 7129): Location: no CS school | WiFiNavigator running:false
01-27 19:16:26.538 I/System.out( 7129): Battery level: 100 | Time difference: -1
01-27 19:16:29.541 I/System.out( 7129): Location: no CS school | WiFiNavigator running:false
01-27 19:16:29.541 I/System.out( 7129): Battery level: 100 | Time difference: -1
01-27 19:16:32.544 I/System.out( 7129): Location: no CS school | WiFiNavigator running:false
01-27 19:16:32.544 I/System.out( 7129): Battery level: 100 | Time difference: -1
01-27 19:16:35.547 I/System.out( 7129): Location: no CS school | WiFiNavigator running:false
01-27 19:16:35.547 I/System.out( 7129): Battery level: 100 | Time difference: -1
01-27 19:16:38.540 I/System.out( 7129): Location: no CS school | WiFiNavigator running:false
01-27 19:16:38.540 I/System.out( 7129): Battery level: 100 | Time difference: -1
01-27 19:16:41.543 I/System.out( 7129): Location: no CS school | WiFiNavigator running:false
01-27 19:16:41.543 I/System.out( 7129): Battery level: 100 | Time difference: -1
01-27 19:16:44.546 I/System.out( 7129): Location: no CS school | WiFiNavigator running:false
01-27 19:16:44.546 I/System.out( 7129): Battery level: 100 | Time difference: -1
01-27 19:16:47.539 I/System.out( 7129): Location: no CS school | WiFiNavigator running:false
01-27 19:16:47.539 I/System.out( 7129): Battery level: 100 | Time difference: -1
01-27 19:16:50.542 I/System.out( 7129): Location: no CS school | WiFiNavigator running:false
01-27 19:16:50.542 I/System.out( 7129): Battery level: 100 | Time difference: -1
01-27 19:16:53.545 I/System.out( 7129): Location: no CS school | WiFiNavigator running:false
01-27 19:16:53.545 I/System.out( 7129): Battery level: 100 | Time difference: -1
01-27 19:16:56.538 I/System.out( 7129): Location: no CS school | WiFiNavigator running:false
01-27 19:16:56.538 I/System.out( 7129): Battery level: 100 | Time difference: -1
01-27 19:16:59.480 D/dalvikvm( 7129): GC_CONCURRENT freed 371K, 5% free 9066K/9488K, paused 5ms+8ms, total 79ms
01-27 19:16:59.540 I/System.out( 7129): Location: no CS school | WiFiNavigator running:false
01-27 19:16:59.540 I/System.out( 7129): Battery level: 100 | Time difference: -1
01-27 19:17:01.943 D/ConnectivityService(  535): Captive portal check NetworkInfo: type: WIFI[], state: CONNECTING/CAPTIVE_PORTAL_CHECK, reason: (unspecified), extra: "eduroam", roaming: false, failover: false, isAvailable: true
01-27 19:17:01.953 D/ConnectivityService(  535): ConnectivityChange for WIFI: CONNECTED/CONNECTED
01-27 19:17:01.963 D/ConnectivityService(  535): handleConnectivityChange: address are the same reset per doReset linkProperty[1]: resetMask=0
01-27 19:17:01.963 D/Nat464Xlat(  535): requiresClat: netType=1, hasIPv4Address=true
01-27 19:17:02.543 I/System.out( 7129): Location: no CS school | WiFiNavigator running:false
01-27 19:17:02.543 I/System.out( 7129): Battery level: 100 | Time difference: -1
01-27 19:17:02.954 D/ConnectivityService(  535): NetTransition Wakelock for ConnectedState released by timeout
01-27 19:17:04.986 D/Tethering(  535): MasterInitialState.processMessage what=3
01-27 19:17:05.076 E/        (  535): W/virtual loc_api_adapter_err LocApiAdapter::enableData(int): default implementation invoked
01-27 19:17:05.076 E/        (  535): W/virtual loc_api_adapter_err LocApiAdapter::setAPN(char*, int): default implementation invoked
01-27 19:17:05.106 D/GCM     (  826): GcmService start Intent { act=android.net.conn.CONNECTIVITY_CHANGE flg=0x8000010 cmp=com.google.android.gms/.gcm.GcmService (has extras) } android.net.conn.CONNECTIVITY_CHANGE
01-27 19:17:05.546 I/System.out( 7129): Location: no CS school | WiFiNavigator running:false
01-27 19:17:05.546 I/System.out( 7129): Battery level: 100 | Time difference: -1
01-27 19:17:05.566 D/ConnectivityService(  535): handleInetConditionHoldEnd: net=1, condition=100, published condition=0
01-27 19:17:08.539 I/System.out( 7129): Location: no CS school | WiFiNavigator running:false
01-27 19:17:08.549 I/System.out( 7129): Battery level: 100 | Time difference: -1
01-27 19:17:11.552 I/System.out( 7129): Location: no CS school | WiFiNavigator running:false
01-27 19:17:11.552 I/System.out( 7129): Battery level: 100 | Time difference: -1
01-27 19:17:14.555 I/System.out( 7129): Location: no CS school | WiFiNavigator running:false
01-27 19:17:14.555 I/System.out( 7129): Battery level: 100 | Time difference: -1
01-27 19:17:17.548 I/System.out( 7129): Location: no CS school | WiFiNavigator running:false
01-27 19:17:17.548 I/System.out( 7129): Battery level: 100 | Time difference: -1
01-27 19:17:20.551 I/System.out( 7129): Location: no CS school | WiFiNavigator running:false
01-27 19:17:20.551 I/System.out( 7129): Battery level: 100 | Time difference: -1
01-27 19:17:23.554 I/System.out( 7129): Location: no CS school | WiFiNavigator running:false
01-27 19:17:23.554 I/System.out( 7129): Battery level: 100 | Time difference: -1
01-27 19:17:26.557 I/System.out( 7129): Location: no CS school | WiFiNavigator running:false
01-27 19:17:26.557 I/System.out( 7129): Battery level: 100 | Time difference: -1
01-27 19:17:29.550 I/System.out( 7129): Location: no CS school | WiFiNavigator running:false
01-27 19:17:29.550 I/System.out( 7129): Battery level: 100 | Time difference: -1
01-27 19:17:32.553 I/System.out( 7129): Location: no CS school | WiFiNavigator running:false
01-27 19:17:32.563 I/System.out( 7129): Battery level: 100 | Time difference: -1
01-27 19:17:35.556 I/System.out( 7129): Location: no CS school | WiFiNavigator running:false
01-27 19:17:35.556 I/System.out( 7129): Battery level: 100 | Time difference: -1
01-27 19:17:38.428 D/dalvikvm( 7129): GC_CONCURRENT freed 398K, 5% free 9055K/9492K, paused 15ms+6ms, total 85ms
01-27 19:17:38.548 I/System.out( 7129): Location: no CS school | WiFiNavigator running:false
01-27 19:17:38.548 I/System.out( 7129): Battery level: 100 | Time difference: -1
01-27 19:17:41.561 I/System.out( 7129): Location: no CS school | WiFiNavigator running:false
01-27 19:17:41.561 I/System.out( 7129): Battery level: 100 | Time difference: -1
01-27 19:17:44.554 I/System.out( 7129): Location: no CS school | WiFiNavigator running:false
01-27 19:17:44.554 I/System.out( 7129): Battery level: 100 | Time difference: -1
01-27 19:17:47.547 I/System.out( 7129): Location: no CS school | WiFiNavigator running:false
01-27 19:17:47.547 I/System.out( 7129): Battery level: 100 | Time difference: -1
01-27 19:17:50.560 I/System.out( 7129): Location: no CS school | WiFiNavigator running:false
01-27 19:17:50.560 I/System.out( 7129): Battery level: 100 | Time difference: -1
01-27 19:17:53.563 I/System.out( 7129): Location: no CS school | WiFiNavigator running:false
01-27 19:17:53.563 I/System.out( 7129): Battery level: 100 | Time difference: -1
01-27 19:17:56.566 I/System.out( 7129): Location: no CS school | WiFiNavigator running:false
01-27 19:17:56.566 I/System.out( 7129): Battery level: 100 | Time difference: -1
01-27 19:17:59.559 I/System.out( 7129): Location: no CS school | WiFiNavigator running:false
01-27 19:17:59.569 I/System.out( 7129): Battery level: 100 | Time difference: -1
01-27 19:18:02.562 I/System.out( 7129): Location: no CS school | WiFiNavigator running:false
01-27 19:18:02.572 I/System.out( 7129): Battery level: 100 | Time difference: -1
01-27 19:18:05.565 I/System.out( 7129): Location: no CS school | WiFiNavigator running:false
01-27 19:18:05.565 I/System.out( 7129): Battery level: 100 | Time difference: -1
01-27 19:18:08.558 I/System.out( 7129): Location: no CS school | WiFiNavigator running:false
01-27 19:18:08.568 I/System.out( 7129): Battery level: 100 | Time difference: -1
01-27 19:18:11.571 I/System.out( 7129): Location: no CS school | WiFiNavigator running:false
01-27 19:18:11.571 I/System.out( 7129): Battery level: 100 | Time difference: -1
01-27 19:18:14.574 I/System.out( 7129): Location: no CS school | WiFiNavigator running:false
01-27 19:18:14.574 I/System.out( 7129): Battery level: 100 | Time difference: -1
01-27 19:18:17.426 D/dalvikvm( 7129): GC_CONCURRENT freed 396K, 5% free 9045K/9492K, paused 6ms+2ms, total 66ms
01-27 19:18:17.567 I/System.out( 7129): Location: no CS school | WiFiNavigator running:false
01-27 19:18:17.567 I/System.out( 7129): Battery level: 100 | Time difference: -1
01-27 19:18:20.569 I/System.out( 7129): Location: no CS school | WiFiNavigator running:false
01-27 19:18:20.569 I/System.out( 7129): Battery level: 100 | Time difference: -1
01-27 19:18:23.572 I/System.out( 7129): Location: no CS school | WiFiNavigator running:false
01-27 19:18:23.572 I/System.out( 7129): Battery level: 100 | Time difference: -1
01-27 19:18:26.575 I/System.out( 7129): Location: no CS school | WiFiNavigator running:false
01-27 19:18:26.575 I/System.out( 7129): Battery level: 100 | Time difference: -1
01-27 19:18:29.568 I/System.out( 7129): Location: no CS school | WiFiNavigator running:false
01-27 19:18:29.568 I/System.out( 7129): Battery level: 100 | Time difference: -1
01-27 19:18:32.571 I/System.out( 7129): Location: no CS school | WiFiNavigator running:false
01-27 19:18:32.571 I/System.out( 7129): Battery level: 100 | Time difference: -1
01-27 19:18:35.574 I/System.out( 7129): Location: no CS school | WiFiNavigator running:false
01-27 19:18:35.574 I/System.out( 7129): Battery level: 100 | Time difference: -1
01-27 19:18:38.577 I/System.out( 7129): Location: no CS school | WiFiNavigator running:false
01-27 19:18:38.577 I/System.out( 7129): Battery level: 100 | Time difference: -1
01-27 19:18:41.570 I/System.out( 7129): Location: no CS school | WiFiNavigator running:false
01-27 19:18:41.570 I/System.out( 7129): Battery level: 100 | Time difference: -1
01-27 19:18:44.573 I/System.out( 7129): Location: no CS school | WiFiNavigator running:false
01-27 19:18:44.573 I/System.out( 7129): Battery level: 100 | Time difference: -1
01-27 19:18:47.576 I/System.out( 7129): Location: no CS school | WiFiNavigator running:false
01-27 19:18:47.576 I/System.out( 7129): Battery level: 100 | Time difference: -1
01-27 19:18:50.569 I/System.out( 7129): Location: no CS school | WiFiNavigator running:false
01-27 19:18:50.569 I/System.out( 7129): Battery level: 100 | Time difference: -1
01-27 19:18:53.572 I/System.out( 7129): Location: no CS school | WiFiNavigator running:false
01-27 19:18:53.572 I/System.out( 7129): Battery level: 100 | Time difference: -1
01-27 19:18:56.254 D/dalvikvm( 7129): GC_CONCURRENT freed 372K, 5% free 9057K/9476K, paused 6ms+5ms, total 76ms
01-27 19:18:56.575 I/System.out( 7129): Location: no CS school | WiFiNavigator running:false
01-27 19:18:56.575 I/System.out( 7129): Battery level: 100 | Time difference: -1
01-27 19:18:59.568 I/System.out( 7129): Location: no CS school | WiFiNavigator running:false
01-27 19:18:59.568 I/System.out( 7129): Battery level: 100 | Time difference: -1
01-27 19:19:02.570 I/System.out( 7129): Location: no CS school | WiFiNavigator running:false
01-27 19:19:02.570 I/System.out( 7129): Battery level: 100 | Time difference: -1
01-27 19:19:05.573 I/System.out( 7129): Location: no CS school | WiFiNavigator running:false
01-27 19:19:05.583 I/System.out( 7129): Battery level: 100 | Time difference: -1
01-27 19:19:08.576 I/System.out( 7129): Location: no CS school | WiFiNavigator running:false
01-27 19:19:08.586 I/System.out( 7129): Battery level: 100 | Time difference: -1
01-27 19:19:11.579 I/System.out( 7129): Location: no CS school | WiFiNavigator running:false
01-27 19:19:11.579 I/System.out( 7129): Battery level: 100 | Time difference: -1
01-27 19:19:14.572 I/System.out( 7129): Location: no CS school | WiFiNavigator running:false
01-27 19:19:14.572 I/System.out( 7129): Battery level: 100 | Time difference: -1
01-27 19:19:17.575 I/System.out( 7129): Location: no CS school | WiFiNavigator running:false
01-27 19:19:17.585 I/System.out( 7129): Battery level: 100 | Time difference: -1
01-27 19:19:20.578 I/System.out( 7129): Location: no CS school | WiFiNavigator running:false
01-27 19:19:20.578 I/System.out( 7129): Battery level: 100 | Time difference: -1
01-27 19:19:23.581 I/System.out( 7129): Location: no CS school | WiFiNavigator running:false
01-27 19:19:23.581 I/System.out( 7129): Battery level: 100 | Time difference: -1
01-27 19:19:26.584 I/System.out( 7129): Location: no CS school | WiFiNavigator running:false
01-27 19:19:26.584 I/System.out( 7129): Battery level: 100 | Time difference: -1
01-27 19:19:29.587 I/System.out( 7129): Location: no CS school | WiFiNavigator running:false
01-27 19:19:29.587 I/System.out( 7129): Battery level: 100 | Time difference: -1
01-27 19:19:32.580 I/System.out( 7129): Location: no CS school | WiFiNavigator running:false
01-27 19:19:32.580 I/System.out( 7129): Battery level: 100 | Time difference: -1
01-27 19:19:35.222 D/dalvikvm( 7129): GC_CONCURRENT freed 398K, 5% free 9047K/9484K, paused 5ms+2ms, total 60ms
01-27 19:19:35.583 I/System.out( 7129): Location: no CS school | WiFiNavigator running:false
01-27 19:19:35.583 I/System.out( 7129): Battery level: 100 | Time difference: -1
01-27 19:19:38.586 I/System.out( 7129): Location: no CS school | WiFiNavigator running:false
01-27 19:19:38.586 I/System.out( 7129): Battery level: 100 | Time difference: -1
01-27 19:19:41.579 I/System.out( 7129): Location: no CS school | WiFiNavigator running:false
01-27 19:19:41.579 I/System.out( 7129): Battery level: 100 | Time difference: -1
01-27 19:19:44.581 I/System.out( 7129): Location: no CS school | WiFiNavigator running:false
01-27 19:19:44.581 I/System.out( 7129): Battery level: 100 | Time difference: -1
01-27 19:19:47.584 I/System.out( 7129): Location: no CS school | WiFiNavigator running:false
