01-10 15:44:24.943 D/CombinedWidgetProvider( 1681): addFxWidget: WidgetSummary(Navigate/FX_WIDGET/[I@40840300 x [I@4083b310/-2/ComponentInfo{com.htc.laputa.widget3d.navigate/com.htc.laputa.widget3d.navigate.NavigateWidgetProvider}/[I@4083b330)
01-10 15:44:24.943 D/FxWidgetProvider( 1681): row 1
01-10 15:44:24.953 D/CombinedWidgetProvider( 1681): addFxWidget: WidgetSummary(Navigate/FX_WIDGET/[I@40721628 x [I@4071a738/-2/ComponentInfo{com.htc.laputa.widget3d.navigate/com.htc.laputa.widget3d.navigate.NavigateWidgetProvider}/[I@4071a758)
01-10 15:44:24.953 D/FxWidgetProvider( 1681): row 1
01-10 15:44:24.963 D/CombinedWidgetProvider( 1681): addFxWidget: WidgetSummary(Locations/FX_WIDGET/[I@406a2750 x [I@4069d8a0/-2/ComponentInfo{com.htc.laputa.widget3d.locations/com.htc.laputa.widget3d.locations.LocationsWidgetProvider}/[I@4069d8c0)
01-10 15:44:24.963 I/ActivityThread( 2659): Pub com.google.android.partnersetup.rlzprovider: com.google.android.partnersetup.RlzProvider
01-10 15:44:24.963 D/FxWidgetProvider( 1681): row 1
01-10 15:44:24.973 I/ActivityThread( 2659): Pub com.google.android.partnersetup.rlzappprovider: com.google.android.partnersetup.RlzAppProvider
01-10 15:44:24.973 D/CombinedWidgetProvider( 1681): addFxWidget: WidgetSummary(News/FX_WIDGET/[I@40ae5ac8 x [I@40ae5ae8/-2/ComponentInfo{com.htc.googlereaderwidget/com.htc.googlereaderwidget.RosieWidgetReceiver}/[I@40a1e800)
01-10 15:44:24.973 D/FxWidgetProvider( 1681): row 1
01-10 15:44:24.983 D/CombinedWidgetProvider( 1681): addFxWidget: WidgetSummary(News/FX_WIDGET/[I@406c6a38 x [I@406a8fc0/-2/ComponentInfo{com.htc.googlereaderwidget/com.htc.googlereaderwidget.RosieWidgetReceiver}/[I@406a8fe0)
01-10 15:44:24.983 D/FxWidgetProvider( 1681): row 1
01-10 15:44:24.983 I/ActivityManager( 1576): No longer want com.htc.musicenhancer (pid 2403): hidden #16
01-10 15:44:24.993 D/CombinedWidgetProvider( 1681): addFxWidget: WidgetSummary(Data Dashboard/FX_WIDGET/[I@40750c78 x [I@40750c98/-2/ComponentInfo{com.htc.rosiewidgets.datastrip/com.htc.rosiewidgets.datastrip.DataStripWidgetProvider}/[I@40750cb8)
01-10 15:44:24.993 D/FxWidgetProvider( 1681): row 1
01-10 15:44:24.993 D/CombinedWidgetProvider( 1681): addFxWidget: WidgetSummary(Data Roaming/FX_WIDGET/[I@40879288 x [I@408792a8/-2/ComponentInfo{com.htc.rosiewidgets.dataroaming/com.htc.rosiewidgets.dataroaming.WidgetProvider}/[I@408792c8)
01-10 15:44:24.993 D/FxWidgetProvider( 1681): row 1
01-10 15:44:25.003 D/CombinedWidgetProvider( 1681): addFxWidget: WidgetSummary(Analog Clock/FX_WIDGET/[I@4070f560 x [I@4070f580/-2/ComponentInfo{com.htc.clock3dwidget/com.htc.clock3dwidget.ClockWidgetProvider}/[I@4070f5a0)
01-10 15:44:25.003 D/FxWidgetProvider( 1681): row 1
01-10 15:44:25.003 D/CombinedWidgetProvider( 1681): addFxWidget: WidgetSummary(Analog Clock/FX_WIDGET/[I@40cb4798 x [I@40cb4550/-2/ComponentInfo{com.htc.clock3dwidget/com.htc.clock3dwidget.ClockWidgetProvider}/[I@40cb41b0)
01-10 15:44:25.013 D/FxWidgetProvider( 1681): row 1
01-10 15:44:25.013 D/CombinedWidgetProvider( 1681): addFxWidget: WidgetSummary(Weather Clock/FX_WIDGET/[I@40ca8d30 x [I@40ca9118/-2/ComponentInfo{com.htc.clock3dwidget/com.htc.clock3dwidget.ClockWidgetProvider}/[I@40ca9138)
01-10 15:44:25.013 D/FxWidgetProvider( 1681): row 1
01-10 15:44:25.023 D/SM:PackageReceiver( 2585): package replaced: package:uk.ac.st_andrews.cs.host.mk74.energymeasurement.accelerometer
01-10 15:44:25.023 D/SqliteDatabaseCpp( 2643): dbopen(): path = /data/data/com.htc.htchubsyncprovider/databases , key = mqdksjlkYdw, flag = 6, file size = 6144
01-10 15:44:25.033 D/SqliteDatabaseCpp( 2643): dbopen(): path = /data/data/com.htc.htchubsyncprovider/databases , key = mqdksjlkYdw, mode: delete, disk free size: 7853 M, handle: 0xdacd0
01-10 15:44:25.184 D/dalvikvm( 2257): GC_CONCURRENT freed 485K, 8% free 6724K/7303K, paused 1ms+10ms
01-10 15:44:25.234 D/PhoneApp( 1669): EVENT_QUERY_MO_PACKAGES
01-10 15:44:25.264 D/dalvikvm( 1576): GC_EXPLICIT freed 1452K, 13% free 15899K/18183K, paused 2ms+23ms
01-10 15:44:25.314 D/PhoneApp( 1669): -- N1 =0
01-10 15:44:25.374 D/PhoneApp( 1669): -- N2 =0
01-10 15:44:25.384 D/dalvikvm( 1576): GC_EXPLICIT freed 32K, 13% free 15889K/18183K, paused 2ms+3ms
01-10 15:44:25.394 I/ActivityManager( 1576): Start proc com.google.android.apps.maps:FriendService for broadcast com.google.android.apps.maps/com.google.googlenav.friend.android.ServiceReceiver: pid=2666 uid=10046 gids={3003, 1015}
01-10 15:44:25.404 D/CombinedWidgetProvider( 1681): addFxWidget: WidgetSummary(Travel Clock/FX_WIDGET/[I@40c9d2a0 x [I@40c9d618/-2/ComponentInfo{com.htc.clock3dwidget/com.htc.clock3dwidget.ClockWidgetProvider}/[I@40c9d638)
01-10 15:44:25.404 D/FxWidgetProvider( 1681): row 1
01-10 15:44:25.404 D/CombinedWidgetProvider( 1681): addFxWidget: WidgetSummary(Digital Clock/FX_WIDGET/[I@40c47df0 x [I@40c48128/-2/ComponentInfo{com.htc.clock3dwidget/com.htc.clock3dwidget.ClockWidgetProvider}/[I@40c48148)
01-10 15:44:25.414 D/FxWidgetProvider( 1681): row 1
01-10 15:44:25.424 D/AndroidRuntime( 2568): Shutting down VM
01-10 15:44:25.424 D/dalvikvm( 2568): GC_CONCURRENT freed 105K, 83% free 364K/2048K, paused 0ms+0ms
01-10 15:44:25.424 D/dalvikvm( 2568): Debugger has detached; object registry had 1 entries
01-10 15:44:25.434 I/AndroidRuntime( 2568): NOTE: attach of thread 'Binder Thread #3' failed
01-10 15:44:25.464 D/dalvikvm( 1439): GC_EXPLICIT freed 11K, 5% free 6453K/6787K, paused 1ms+1ms
01-10 15:44:25.484 D/dalvikvm( 1439): GC_EXPLICIT freed <1K, 5% free 6453K/6787K, paused 1ms+1ms
01-10 15:44:25.514 D/dalvikvm( 1439): GC_EXPLICIT freed <1K, 5% free 6453K/6787K, paused 1ms+1ms
01-10 15:44:25.514 I/RegisterService( 2594): android.intent.action.PACKAGE_REPLACED package:uk.ac.st_andrews.cs.host.mk74.energymeasurement.accelerometer
01-10 15:44:25.524 D/CombinedWidgetProvider( 1681): addFxWidget: WidgetSummary(Analog Clock/FX_WIDGET/[I@40c3eab0 x [I@40c3ee00/-2/ComponentInfo{com.htc.clock3dwidget/com.htc.clock3dwidget.ClockWidgetProvider}/[I@40c3ee20)
01-10 15:44:25.524 D/FxWidgetProvider( 1681): row 1
01-10 15:44:25.554 D/CombinedWidgetProvider( 1681): addFxWidget: WidgetSummary(Analog Clock/FX_WIDGET/[I@40c34818 x [I@40c345a0/-2/ComponentInfo{com.htc.clock3dwidget/com.htc.clock3dwidget.ClockWidgetProvider}/[I@40c345c0)
01-10 15:44:25.554 D/FxWidgetProvider( 1681): row 1
01-10 15:44:25.564 D/CombinedWidgetProvider( 1681): addFxWidget: WidgetSummary(Analog Clock/FX_WIDGET/[I@408713f0 x [I@40873808/-2/ComponentInfo{com.htc.clock3dwidget/com.htc.clock3dwidget.ClockWidgetProvider}/[I@40873828)
01-10 15:44:25.564 D/FxWidgetProvider( 1681): row 1
01-10 15:44:25.564 D/HtcWidgetProvider( 1681): row 3
01-10 15:44:25.594 D/CombinedWidgetProvider( 1681): addFxWidget: WidgetSummary(Analog Clock/FX_WIDGET/[I@40c19850 x [I@40c19870/-2/ComponentInfo{com.htc.clock3dwidget/com.htc.clock3dwidget.ClockWidgetProvider}/[I@40c199d0)
01-10 15:44:25.604 D/FxWidgetProvider( 1681): row 1
01-10 15:44:25.604 D/HtcWidgetScanner( 2592): count(onPackageUpdated) - 3
01-10 15:44:25.604 D/CombinedWidgetProvider( 1681): addFxWidget: WidgetSummary(Analog Clock/FX_WIDGET/[I@40c1f1a0 x [I@40c1f1c0/-2/ComponentInfo{com.htc.clock3dwidget/com.htc.clock3dwidget.ClockWidgetProvider}/[I@40c1f1e0)
01-10 15:44:25.604 D/FxWidgetProvider( 1681): row 1
01-10 15:44:25.604 D/CombinedWidgetProvider( 1681): addFxWidget: WidgetSummary(Analog Clock/FX_WIDGET/[I@406f6998 x [I@406edd08/-2/ComponentInfo{com.htc.clock3dwidget/com.htc.clock3dwidget.ClockWidgetProvider}/[I@406edd28)
01-10 15:44:25.614 D/FxWidgetProvider( 1681): row 1
01-10 15:44:25.614 D/CombinedWidgetProvider( 1681): addFxWidget: WidgetSummary(Analog Clock/FX_WIDGET/[I@4086a6e0 x [I@4086a700/-2/ComponentInfo{com.htc.clock3dwidget/com.htc.clock3dwidget.ClockWidgetProvider}/[I@4086a720)
01-10 15:44:25.614 D/FxWidgetProvider( 1681): row 1
01-10 15:44:25.614 D/CombinedWidgetProvider( 1681): addFxWidget: WidgetSummary(Social Clock/FX_WIDGET/[I@407cb038 x [I@407b13a8/-2/ComponentInfo{com.htc.clock3dwidget/com.htc.clock3dwidget.ClockWidgetProvider}/[I@407b13c8)
01-10 15:44:25.624 D/FxWidgetProvider( 1681): row 1
01-10 15:44:25.644 D/CombinedWidgetProvider( 1681): addFxWidget: WidgetSummary(Beam Clock/FX_WIDGET/[I@40702528 x [I@40702548/-2/ComponentInfo{com.htc.clock3dwidget/com.htc.clock3dwidget.ClockWidgetProvider}/[I@40702568)
01-10 15:44:25.644 D/FxWidgetProvider( 1681): row 1
01-10 15:44:25.654 D/CombinedWidgetProvider( 1681): addFxWidget: WidgetSummary(Ring Clock/FX_WIDGET/[I@4077b700 x [I@4077b720/-2/ComponentInfo{com.htc.clock3dwidget/com.htc.clock3dwidget.ClockWidgetProvider}/[I@407745e0)
01-10 15:44:25.654 D/FxWidgetProvider( 1681): row 1
01-10 15:44:25.654 D/FxWidgetScanner( 2592): onPackageAdded: uk.ac.st_andrews.cs.host.mk74.energymeasurement.accelerometer
01-10 15:44:25.654 D/CombinedWidgetProvider( 1681): addFxWidget: WidgetSummary(Spin Cycle Clock/FX_WIDGET/[I@40be9b20 x [I@40be9b40/-2/ComponentInfo{com.htc.clock3dwidget/com.htc.clock3dwidget.ClockWidgetProvider}/[I@40be9b60)
01-10 15:44:25.654 D/FxWidgetProvider( 1681): row 1
01-10 15:44:25.664 D/CombinedWidgetProvider( 1681): addFxWidget: WidgetSummary(Analog Clock/FX_WIDGET/[I@407f4e38 x [I@407f4e58/-2/ComponentInfo{com.htc.clock3dwidget/com.htc.clock3dwidget.ClockWidgetProvider}/[I@407f4e78)
01-10 15:44:25.664 D/FxWidgetProvider( 1681): row 1
01-10 15:44:25.674 D/CombinedWidgetProvider( 1681): addFxWidget: WidgetSummary(Calculator/FX_WIDGET/[I@40832a28 x [I@40832a48/-2/ComponentInfo{com.htc.android.fusion.calculator/com.htc.android.fusion.calculator.RosieIntentReceiver}/[I@40832a68)
01-10 15:44:25.674 D/FxWidgetProvider( 1681): row 1
01-10 15:44:25.674 D/FxWidgetScanner( 2592): addWidgetList
01-10 15:44:25.684 D/CombinedWidgetProvider( 1681): addFxWidget: WidgetSummary(Calculator/FX_WIDGET/[I@407b9350 x [I@407b9370/-2/ComponentInfo{com.htc.android.fusion.calculator/com.htc.android.fusion.calculator.RosieIntentReceiver}/[I@407b9390)
01-10 15:44:25.684 D/FxWidgetProvider( 1681): row 1
01-10 15:44:25.684 D/FxWidgetScanner( 2592): ResolveInfo size 0
01-10 15:44:25.694 D/CombinedWidgetProvider( 1681): addFxWidget: WidgetSummary(Calculator/FX_WIDGET/[I@40cf7320 x [I@40cf7340/-2/ComponentInfo{com.htc.android.fusion.calculator/com.htc.android.fusion.calculator.RosieIntentReceiver}/[I@40cf7360)
01-10 15:44:25.694 D/FxWidgetProvider( 1681): row 1
01-10 15:44:25.714 D/CombinedWidgetProvider( 1681): addFxWidget: WidgetSummary(Calculator/FX_WIDGET/[I@40d53840 x [I@407383b8/-2/ComponentInfo{com.htc.android.fusion.calculator/com.htc.android.fusion.calculator.RosieIntentReceiver}/[I@407383d8)
01-10 15:44:25.714 D/FxWidgetProvider( 1681): row 1
01-10 15:44:25.724 D/CombinedWidgetProvider( 1681): addFxWidget: WidgetSummary(Auto-sync/FX_WIDGET/[I@407ff7a0 x [I@407ff7c0/-2/ComponentInfo{com.htc.rosiewidgets.backgrounddata/com.htc.rosiewidgets.backgrounddata.BackgroundDataWidgetProvider}/[I@407ff7e0)
01-10 15:44:25.724 D/FxWidgetProvider( 1681): row 1
01-10 15:44:25.764 D/PhoneApp( 1669): -- N3 =0
01-10 15:44:25.794 D/dalvikvm( 2666): GC_CONCURRENT freed 160K, 4% free 6799K/7047K, paused 1ms+1ms
01-10 15:44:25.794 D/CombinedWidgetProvider( 1681): addFxWidget: WidgetSummary(Auto-rotate/FX_WIDGET/[I@40743698 x [I@407436b8/-2/ComponentInfo{com.htc.autorotatewidget/com.htc.autorotatewidget.AutoRotateWidgetProvider}/[I@407436d8)
01-10 15:44:25.804 D/FxWidgetProvider( 1681): row 1
01-10 15:44:25.804 D/CombinedWidgetProvider( 1681): addFxWidget: WidgetSummary(Stocks/FX_WIDGET/[I@40a15c68 x [I@40ae8050/-2/ComponentInfo{com.htc.android.fusion.StockWidget/com.htc.android.fusion.StockWidget.RosieWidgetReceiver}/[I@40ae8070)
01-10 15:44:25.804 D/FxWidgetProvider( 1681): row 1
01-10 15:44:25.814 D/CombinedWidgetProvider( 1681): addFxWidget: WidgetSummary(Stocks/FX_WIDGET/[I@40c3e508 x [I@40c403f8/-2/ComponentInfo{com.htc.android.fusion.StockWidget/com.htc.android.fusion.StockWidget.RosieWidgetReceiver}/[I@40c40418)
01-10 15:44:25.814 D/FxWidgetProvider( 1681): row 1
01-10 15:44:25.834 D/AndroidRuntime( 2679): 
01-10 15:44:25.834 D/AndroidRuntime( 2679): >>>>>> AndroidRuntime START com.android.internal.os.RuntimeInit <<<<<<
01-10 15:44:25.834 D/AndroidRuntime( 2679): CheckJNI is OFF
01-10 15:44:25.844 D/CombinedWidgetProvider( 1681): addFxWidget: WidgetSummary(Stocks/FX_WIDGET/[I@40c1e8b8 x [I@40c1e8d8/-2/ComponentInfo{com.htc.android.fusion.StockWidget/com.htc.android.fusion.StockWidget.RosieWidgetReceiver}/[I@40c1e8f8)
01-10 15:44:25.844 D/CombinedWidgetProvider( 1681): -addFxWidgets diff: 2061
01-10 15:44:25.844 D/CombinedWidgetProvider( 1681): +addAppWidgetCategories
01-10 15:44:25.844 D/CombinedWidgetProvider( 1681): add AppWidget category: WidgetCategory(YouTube/APP_WIDGET/0)
01-10 15:44:25.844 D/CombinedWidgetProvider( 1681): add AppWidget category: WidgetCategory(Twitter (large)/APP_WIDGET/0)
01-10 15:44:25.844 D/CombinedWidgetProvider( 1681): add AppWidget category: WidgetCategory(Twitter (small)/APP_WIDGET/0)
01-10 15:44:25.844 D/CombinedWidgetProvider( 1681): add AppWidget category: WidgetCategory(Traffic/APP_WIDGET/0)
01-10 15:44:25.844 D/CombinedWidgetProvider( 1681): add AppWidget category: WidgetCategory(Latitude/APP_WIDGET/0)
01-10 15:44:25.844 D/CombinedWidgetProvider( 1681): add AppWidget category: WidgetCategory(Market/APP_WIDGET/0)
01-10 15:44:25.844 D/CombinedWidgetProvider( 1681): add AppWidget category: WidgetCategory(Google Search/APP_WIDGET/0)
01-10 15:44:25.844 D/CombinedWidgetProvider( 1681): add AppWidget category: WidgetCategory(Gmail/APP_WIDGET/0)
01-10 15:44:25.844 D/CombinedWidgetProvider( 1681): add AppWidget category: WidgetCategory(Bookmarks/APP_WIDGET/0)
01-10 15:44:25.844 D/CombinedWidgetProvider( 1681): -addAppWidgetCategories
01-10 15:44:25.844 D/CombinedWidgetProvider( 1681): +addHtcWidgetCategories
01-10 15:44:25.844 D/CombinedWidgetProvider( 1681):  uri: content://com.htc.launcher.widget.htcwidget/htcwidgets?category_only=true
01-10 15:44:25.844 D/HtcWidgetProvider( 1681): row 1
01-10 15:44:25.854 D/CombinedWidgetProvider( 1681): addHtcWidget Category: WidgetCategory(Tips for Home/HTC_WIDGET/1101)
01-10 15:44:25.854 D/CombinedWidgetProvider( 1681): -addHtcWidgetCategories
01-10 15:44:25.854 D/CombinedWidgetProvider( 1681): +addFxWidgetCategories
01-10 15:44:25.854 D/FxWidgetProvider( 1681): row 94
01-10 15:44:26.054 D/dalvikvm( 2666): GC_CONCURRENT freed 136K, 5% free 7134K/7431K, paused 1ms+15ms
01-10 15:44:26.124 D/CursorWindowStats( 2679): Get CursorWindow size from framework resource:4194304
01-10 15:44:26.155 D/Socket_Alarm( 2666): registerHTCSocketMonitorCallBack
01-10 15:44:26.155 D/Socket_Alarm( 2666): set mSocketMonitor
01-10 15:44:26.155 D/Socket_Alarm( 2666): HTCSocketMonitorImpl::HTCSocketMonitorImpl
01-10 15:44:26.185 I/ActivityManager( 1576): No longer want android.process.media (pid 1742): hidden #16
01-10 15:44:26.195 I/ActivityManager( 1576): Start proc com.google.android.googlequicksearchbox for broadcast com.google.android.googlequicksearchbox/.SourceUpdateReceiver: pid=2686 uid=10080 gids={3003}
01-10 15:44:26.285 D/AndroidRuntime( 2679): Calling main entry com.android.commands.am.Am
01-10 15:44:26.305 I/ActivityManager( 1576): Starting: Intent { act=android.intent.action.MAIN cat=[android.intent.category.LAUNCHER] flg=0x10000000 cmp=uk.ac.st_andrews.cs.host.mk74.energymeasurement.accelerometer/.MainActivity } from pid 2679
01-10 15:44:26.315 I/ActivityThread( 2686): Pub com.google.android.googlequicksearchbox.shortcuts: com.google.android.googlequicksearchbox.WebHistoryProvider
01-10 15:44:26.315 I/ActivityThread( 2686): Pub com.google.android.googlequicksearchbox.google: com.google.android.googlequicksearchbox.google.GoogleSuggestionProvider
01-10 15:44:26.335 D/ActivityManager( 1576): isSketcherDisabledInCurrentTask():false, ActivityRecord{408aea20 uk.ac.st_andrews.cs.host.mk74.energymeasurement.accelerometer/.MainActivity}
01-10 15:44:26.345 D/HostWidgetManager( 1681): pauseWidgets: 2
01-10 15:44:26.355 D/AndroidRuntime( 2679): Shutting down VM
01-10 15:44:26.355 D/dalvikvm( 2679): GC_CONCURRENT freed 106K, 81% free 397K/2048K, paused 0ms+0ms
01-10 15:44:26.355 D/jdwp    ( 2679): Got wake-up signal, bailing out of select
01-10 15:44:26.355 D/dalvikvm( 2679): Debugger has detached; object registry had 1 entries
01-10 15:44:26.365 I/AndroidRuntime( 2679): NOTE: attach of thread 'Binder Thread #3' failed
01-10 15:44:26.395 I/ActivityManager( 1576): Start proc uk.ac.st_andrews.cs.host.mk74.energymeasurement.accelerometer for activity uk.ac.st_andrews.cs.host.mk74.energymeasurement.accelerometer/.MainActivity: pid=2699 uid=10098 gids={}
01-10 15:44:26.405 D/SurfaceFlinger( 1438): getTokenForSurface(0xa9de4) => 0 (client=0xa2cb0, bitmap=00000003), pid=1576
01-10 15:44:26.405 D/msm7x30.gralloc( 1438): gpu_context_t::getGrallocInformationFromFormat  2 
01-10 15:44:26.495 D/Sensors ( 1576): Enable akm: en = 0
01-10 15:44:26.515 V/WindowManager( 1576): Starting animation in AppWindowToken{40c2edb8 token=ActivityRecord{40c2bcc8 com.htc.launcher/.Launcher}} @ 1228949
01-10 15:44:26.515 V/WindowManager( 1576): Starting animation in AppWindowToken{411574a0 token=ActivityRecord{408aea20 uk.ac.st_andrews.cs.host.mk74.energymeasurement.accelerometer/.MainActivity}} @ 1228949
01-10 15:44:26.525 D/dalvikvm( 1714): GC_EXPLICIT freed 181K, 8% free 6843K/7367K, paused 1ms+54ms
01-10 15:44:26.535 V/WindowManager( 1576): Finished animation in AppWindowToken{40c2edb8 token=ActivityRecord{40c2bcc8 com.htc.launcher/.Launcher}} @ 1228980
01-10 15:44:26.535 V/WindowManager( 1576): Finished animation in AppWindowToken{411574a0 token=ActivityRecord{408aea20 uk.ac.st_andrews.cs.host.mk74.energymeasurement.accelerometer/.MainActivity}} @ 1228980
01-10 15:44:26.585 D/SqliteDatabaseCpp( 2686): dbopen(): path = /data/data/com.google.android.googlequicksearchbox/databases , key = iwf-`awtkvq, flag = 6, file size = 6144
01-10 15:44:26.585 I/ActivityManager( 1576): Start proc com.htc.pen for broadcast com.htc.pen/.plugin.PenReceiver: pid=2711 uid=10040 gids={}
01-10 15:44:26.585 I/ActivityManager( 1576): No longer want com.android.settings (pid 2537): hidden #16
01-10 15:44:26.595 D/Sensors ( 1576): Enable akm: en = 1
01-10 15:44:26.635 I/ActivityThread( 2711): Pub com.htc.penmenu: com.htc.pen.provider.PenMenuProvider
01-10 15:44:26.635 D/ActivityManager( 1576): isSketcherDisabledInCurrentTask():false, ActivityRecord{408aea20 uk.ac.st_andrews.cs.host.mk74.energymeasurement.accelerometer/.MainActivity}
01-10 15:44:26.655 I/ActivityThread( 2711): Pub com.htc.pen: com.htc.pen.provider.PenProvider
01-10 15:44:26.665 D/SurfaceFlinger( 1438): getTokenForSurface(0xb06ec) => 0 (client=0x98748, bitmap=00000001), pid=2699
01-10 15:44:26.685 D/msm7x30.gralloc( 1438): gpu_context_t::getGrallocInformationFromFormat  2 
01-10 15:44:26.695 D/AK8975  ( 1448): Compass CLOSE 
01-10 15:44:26.705 D/AK8975  ( 1448): Compass Start
01-10 15:44:26.715 I/ActivityManager( 1576): Displayed uk.ac.st_andrews.cs.host.mk74.energymeasurement.accelerometer/.MainActivity: +325ms (total +19m31s239ms)
01-10 15:44:26.745 D/SqliteDatabaseCpp( 2686): dbopen(): path = /data/data/com.google.android.googlequicksearchbox/databases , key = iwf-`awtkvq, mode: delete, disk free size: 7855 M, handle: 0x193820
01-10 15:44:26.775 D/WidgetScanner( 2592): upadted? false
01-10 15:44:26.785 D/msm7x30.gralloc( 1438): gpu_context_t::getGrallocInformationFromFormat  2 
01-10 15:44:26.815 D/SurfaceFlinger( 1438): virtual void android::Layer::onRemoved(): lcblk (identity=16, status=0, token=0)
01-10 15:44:26.825 I/ActivityManager( 1576): No longer want com.htc.notes (pid 2499): hidden #16
01-10 15:44:26.865 D/SqliteDatabaseCpp( 2711): dbopen(): path = /data/data/com.htc.pen/databases , key = hej, flag = 6, file size = 15360
01-10 15:44:26.885 D/PhoneWindow( 1681): couldn't save which view has focus because the focused view android.widget.RelativeLayout@407c78b0 has no id.
01-10 15:44:26.895 D/SqliteDatabaseCpp( 2711): dbopen(): path = /data/data/com.htc.pen/databases , key = hej, mode: delete, disk free size: 7855 M, handle: 0x19bb90
01-10 15:44:26.945 W/InputManagerService( 1576): Starting input on non-focused client com.android.internal.view.IInputMethodClient$Stub$Proxy@40b367e0 (uid=9999 pid=1681)
01-10 15:44:26.955 D/SurfaceFlinger( 1438): virtual void android::Layer::onRemoved(): lcblk (identity=8, status=0, token=2)
01-10 15:44:26.985 D/SurfaceFlinger( 1438): virtual void android::Layer::onRemoved(): lcblk (identity=7, status=0, token=1)
01-10 15:44:27.035 D/PenUtils( 2711): getDefaultPen() start 13
01-10 15:44:27.065 D/CombinedWidgetProvider( 1681): +addFxWidgetCategories: default
01-10 15:44:27.065 D/CombinedWidgetProvider( 1681): addFxWidget Category: WidgetCategory(Watch/FX_WIDGET/-2)
01-10 15:44:27.065 D/CombinedWidgetProvider( 1681): +addFxWidgetCategories: default
01-10 15:44:27.085 D/CombinedWidgetProvider( 1681): addFxWidget Category: WidgetCategory(Mail/FX_WIDGET/-2)
01-10 15:44:27.085 D/CombinedWidgetProvider( 1681): +addFxWidgetCategories: default
01-10 15:44:27.085 D/CombinedWidgetProvider( 1681): addFxWidget Category: WidgetCategory(People/FX_WIDGET/-2)
01-10 15:44:27.095 D/CombinedWidgetProvider( 1681): +addFxWidgetCategories: default
01-10 15:44:27.095 D/CombinedWidgetProvider( 1681): addFxWidget Category: WidgetCategory(Calendar/FX_WIDGET/-2)
01-10 15:44:27.095 D/CombinedWidgetProvider( 1681): +addFxWidgetCategories: default
01-10 15:44:27.095 D/CombinedWidgetProvider( 1681): addFxWidget Category: WidgetCategory(Bookmarks/FX_WIDGET/-2)
01-10 15:44:27.095 D/CombinedWidgetProvider( 1681): +addFxWidgetCategories: default
01-10 15:44:27.095 D/CombinedWidgetProvider( 1681): addFxWidget Category: WidgetCategory(Messages/FX_WIDGET/-2)
01-10 15:44:27.095 D/CombinedWidgetProvider( 1681): +addFxWidgetCategories: default
01-10 15:44:27.105 D/CombinedWidgetProvider( 1681): addFxWidget Category: WidgetCategory(Twitter/FX_WIDGET/-2)
01-10 15:44:27.105 D/CombinedWidgetProvider( 1681): +addFxWidgetCategories: default
01-10 15:44:27.105 D/CombinedWidgetProvider( 1681): addFxWidget Category: WidgetCategory(Trends/FX_WIDGET/-2)
01-10 15:44:27.115 D/CombinedWidgetProvider( 1681): +addFxWidgetCategories: default
01-10 15:44:27.115 D/CombinedWidgetProvider( 1681): addFxWidget Category: WidgetCategory(Sync All/FX_WIDGET/-2)
01-10 15:44:27.115 D/CombinedWidgetProvider( 1681): +addFxWidgetCategories: default
01-10 15:44:27.115 D/CombinedWidgetProvider( 1681): addFxWidget Category: WidgetCategory(Music/FX_WIDGET/-2)
01-10 15:44:27.115 D/CombinedWidgetProvider( 1681): +addFxWidgetCategories: default
01-10 15:44:27.115 D/CombinedWidgetProvider( 1681): addFxWidget Category: WidgetCategory(Friend Stream/FX_WIDGET/-2)
01-10 15:44:27.115 D/CombinedWidgetProvider( 1681): +addFxWidgetCategories: default
01-10 15:44:27.115 D/CombinedWidgetProvider( 1681): addFxWidget Category: WidgetCategory(My Shelf/FX_WIDGET/-2)
01-10 15:44:27.115 D/CombinedWidgetProvider( 1681): +addFxWidgetCategories: default
01-10 15:44:27.115 D/CombinedWidgetProvider( 1681): addFxWidget Category: WidgetCategory(Weather/FX_WIDGET/-2)
01-10 15:44:27.125 D/CombinedWidgetProvider( 1681): +addFxWidgetCategories: default
01-10 15:44:27.125 D/CombinedWidgetProvider( 1681): addFxWidget Category: WidgetCategory(Notes/FX_WIDGET/-2)
01-10 15:44:27.125 D/CombinedWidgetProvider( 1681): +addFxWidgetCategories: default
01-10 15:44:27.125 D/CombinedWidgetProvider( 1681): addFxWidget Category: WidgetCategory(HTC Likes/FX_WIDGET/-2)
01-10 15:44:27.125 D/CombinedWidgetProvider( 1681): +addFxWidgetCategories: default
01-10 15:44:27.125 D/CombinedWidgetProvider( 1681): addFxWidget Category: WidgetCategory(Photo Album/FX_WIDGET/-2)
01-10 15:44:27.125 D/CombinedWidgetProvider( 1681): +addFxWidgetCategories: default
01-10 15:44:27.125 D/CombinedWidgetProvider( 1681): addFxWidget Category: WidgetCategory(Photo Frame/FX_WIDGET/-2)
01-10 15:44:27.125 D/CombinedWidgetProvider( 1681): +addFxWidgetCategories: default
01-10 15:44:27.125 D/CombinedWidgetProvider( 1681): addFxWidget Category: WidgetCategory(Photo Grid/FX_WIDGET/-2)
01-10 15:44:27.125 D/CombinedWidgetProvider( 1681): +addFxWidgetCategories: default
01-10 15:44:27.125 D/CombinedWidgetProvider( 1681): addFxWidget Category: WidgetCategory(Navigate/FX_WIDGET/-2)
01-10 15:44:27.125 D/CombinedWidgetProvider( 1681): +addFxWidgetCategories: default
01-10 15:44:27.125 D/CombinedWidgetProvider( 1681): addFxWidget Category: WidgetCategory(Locations/FX_WIDGET/-2)
01-10 15:44:27.125 D/CombinedWidgetProvider( 1681): +addFxWidgetCategories: default
01-10 15:44:27.125 D/CombinedWidgetProvider( 1681): addFxWidget Category: WidgetCategory(News/FX_WIDGET/-2)
01-10 15:44:27.135 D/CombinedWidgetProvider( 1681): +addFxWidgetCategories: default
01-10 15:44:27.135 D/CombinedWidgetProvider( 1681): addFxWidget Category: WidgetCategory(Clock/FX_WIDGET/-2)
01-10 15:44:27.135 D/CombinedWidgetProvider( 1681): +addFxWidgetCategories: default
01-10 15:44:27.135 D/CombinedWidgetProvider( 1681): addFxWidget Category: WidgetCategory(Calculator/FX_WIDGET/-2)
01-10 15:44:27.135 D/CombinedWidgetProvider( 1681): +addFxWidgetCategories: default
01-10 15:44:27.135 D/CombinedWidgetProvider( 1681): addFxWidget Category: WidgetCategory(Stocks/FX_WIDGET/-2)
01-10 15:44:27.135 D/CombinedWidgetProvider( 1681): -addFxWidgetCategories
01-10 15:44:27.226 D/PenUtils( 2711): getDefaultPen() end 46
01-10 15:44:27.236 D/PenUtils( 2376): getAllPen() start 110
01-10 15:44:27.236 I/MySketcher( 2376): onReceive: com.htc.pen.refreshed
01-10 15:44:27.236 I/MySketcher( 2376): [SketcherWorker] onStartCommand: com.htc.action.PREPARE_VARS
01-10 15:44:27.236 I/MySketcher( 2376): prepareContentVars entered
01-10 15:44:27.246 I/MySketcher( 2376):  getContentView  , in thread:2376
01-10 15:44:27.246 D/dalvikvm( 1681): GC_CONCURRENT freed 1192K, 13% free 12084K/13831K, paused 2ms+20ms
01-10 15:44:27.406 I/SimplePen( 2376): created render with defaul alpha: 180, color: -1275068161, width: 3.0
01-10 15:44:27.406 D/PenUtils( 2376): getAllPen() end 198
01-10 15:44:27.406 I/ActivityManager( 1576): No longer want com.htc.bg (pid 2487): hidden #16
01-10 15:44:27.416 D/PenMenu ( 2376): mPenTypeLoadingListener runnable - onFinish
01-10 15:44:27.516 D/dalvikvm( 2376): GC_CONCURRENT freed 1257K, 15% free 8302K/9671K, paused 2ms+1ms
01-10 15:44:27.596 D/dalvikvm( 2376): GC_CONCURRENT freed 197K, 11% free 8694K/9671K, paused 1ms+2ms
01-10 15:44:27.596 I/System.out( 2699): Values: 0.25878662 -0.40861043 9.724928
01-10 15:44:27.636 D/dalvikvm( 2376): GC_FOR_ALLOC freed 383K, 10% free 8776K/9671K, paused 17ms
01-10 15:44:27.726 D/dalvikvm( 2376): GC_FOR_ALLOC freed 808K, 14% free 8350K/9671K, paused 18ms
01-10 15:44:27.796 D/dalvikvm( 2376): GC_CONCURRENT freed 222K, 10% free 8746K/9671K, paused 2ms+2ms
01-10 15:44:27.826 D/dalvikvm( 2376): GC_FOR_ALLOC freed 351K, 10% free 8772K/9671K, paused 19ms
01-10 15:44:28.347 D/dalvikvm( 1671): GC_CONCURRENT freed 288K, 10% free 7893K/8711K, paused 3ms+2ms
01-10 15:44:28.597 I/System.out( 2699): Values: 0.21792556 -0.38136974 9.684067
01-10 15:44:29.598 I/System.out( 2699): Values: 0.21792556 -0.40861043 9.724928
01-10 15:44:30.599 I/System.out( 2699): Values: 0.19068487 -0.3405087 9.80665
01-10 15:44:31.600 I/System.out( 2699): Values: 0.14982383 -0.3405087 9.724928
01-10 15:44:32.601 I/System.out( 2699): Values: 0.21792556 -0.40861043 9.80665
01-10 15:44:33.602 I/System.out( 2699): Values: 0.38136974 -0.38136974 9.724928
01-10 15:44:34.613 I/System.out( 2699): Values: 0.19068487 0.10896278 8.60806
01-10 15:44:34.643 D/UsbnetService( 1576): BroadcastReceiver::onReceive+
01-10 15:44:34.643 D/UsbnetService( 1576): onReceive BATTERY_CHANGED
01-10 15:44:34.643 D/UsbnetService( 1576):  --> pluggedType = 2, mPluggedType = 0, mScreenOff = false
01-10 15:44:34.643 D/UsbnetService( 1576): BroadcastReceiver::onReceive-
01-10 15:44:34.653 D/NotificationService( 1576): mIntentReceiver() Intent.ACTION_BATTERY_CHANGED
01-10 15:44:34.663 D/BatteryService( 1576): SendIntentforPowersaver
01-10 15:44:34.663 D/BatteryService( 1576): Current powersaver status == NORMAL_STATUS1 2 2 false
01-10 15:44:34.673 D/PowerUI ( 1647): closing low battery warning: level=99
01-10 15:44:34.673 D/PowerUI ( 1647): plugged = true, health = 2, mBatteryLevel = 99, mPluggedBatteryLevel = 97, mLowBatteryWarningLevel2 = 25, mshowLowChargingWarning2 = true
01-10 15:44:34.683 D/RemoveMe( 1669): DCT got intent android.intent.action.BATTERY_CHANGED
01-10 15:44:34.693 D/RemoveMe( 1669): DCT got intent android.intent.action.BATTERY_CHANGED
01-10 15:44:34.703 D/RemoveMe( 1669): DCT got intent android.intent.action.BATTERY_CHANGED
01-10 15:44:35.614 I/System.out( 2699): Values: 0.06810174 -0.19068487 9.765789
01-10 15:44:36.605 I/System.out( 2699): Values: 0.06810174 -0.19068487 9.833891
01-10 15:44:37.606 I/System.out( 2699): Values: 0.06810174 -0.14982383 9.833891
01-10 15:44:38.607 I/System.out( 2699): Values: 0.027240695 -0.14982383 9.80665
01-10 15:44:39.608 I/System.out( 2699): Values: 0.027240695 -0.19068487 9.833891
01-10 15:44:39.798 D/dalvikvm( 2376): GC_EXPLICIT freed 43K, 10% free 8758K/9671K, paused 9ms+1ms
01-10 15:44:40.609 I/System.out( 2699): Values: 0.06810174 -0.14982383 9.80665
01-10 15:44:41.610 I/System.out( 2699): Values: -0.0 -0.19068487 9.80665
01-10 15:44:42.611 I/System.out( 2699): Values: 0.027240695 -0.14982383 9.765789
01-10 15:44:43.612 I/System.out( 2699): Values: 0.027240695 -0.14982383 9.833891
01-10 15:44:44.613 I/System.out( 2699): Values: 0.027240695 -0.19068487 9.80665
01-10 15:44:44.783 D/dalvikvm( 2461): GC_EXPLICIT freed 156K, 5% free 6700K/7047K, paused 9ms+2ms
01-10 15:44:45.613 I/System.out( 2699): Values: 0.06810174 -0.19068487 9.765789
01-10 15:44:46.604 I/System.out( 2699): Values: -0.0 -0.14982383 9.80665
01-10 15:44:47.615 I/System.out( 2699): Values: 0.06810174 -0.14982383 9.765789
01-10 15:44:48.606 I/System.out( 2699): Values: 0.06810174 -0.14982383 9.80665
01-10 15:44:49.607 I/System.out( 2699): Values: 0.027240695 -0.10896278 9.80665
01-10 15:44:50.608 I/System.out( 2699): Values: 0.06810174 -0.14982383 9.80665
01-10 15:44:51.609 I/System.out( 2699): Values: 0.06810174 -0.14982383 9.724928
01-10 15:44:52.610 I/System.out( 2699): Values: 0.06810174 -0.10896278 9.80665
01-10 15:44:53.621 I/System.out( 2699): Values: 0.06810174 -0.14982383 9.724928
01-10 15:44:54.622 I/System.out( 2699): Values: 0.027240695 -0.14982383 9.765789
01-10 15:44:55.623 I/System.out( 2699): Values: 0.027240695 -0.14982383 9.833891
01-10 15:44:56.614 I/System.out( 2699): Values: 0.06810174 -0.14982383 9.765789
01-10 15:44:57.615 I/System.out( 2699): Values: -0.0 -0.14982383 9.765789
01-10 15:44:58.616 I/System.out( 2699): Values: 0.027240695 -0.14982383 9.724928
01-10 15:44:59.617 I/System.out( 2699): Values: 0.06810174 -0.19068487 9.80665
01-10 15:45:00.618 I/System.out( 2699): Values: 0.10896278 -0.14982383 9.765789
01-10 15:45:01.619 I/System.out( 2699): Values: 0.10896278 -0.14982383 9.765789
01-10 15:45:02.620 I/System.out( 2699): Values: 0.06810174 -0.10896278 9.765789
01-10 15:45:03.621 I/System.out( 2699): Values: 0.027240695 -0.14982383 9.80665
01-10 15:45:04.622 I/System.out( 2699): Values: 0.027240695 -0.10896278 9.765789
01-10 15:45:04.682 D/UsbnetService( 1576): BroadcastReceiver::onReceive+
01-10 15:45:04.682 D/UsbnetService( 1576): onReceive BATTERY_CHANGED
01-10 15:45:04.682 D/UsbnetService( 1576):  --> pluggedType = 2, mPluggedType = 0, mScreenOff = false
01-10 15:45:04.682 D/UsbnetService( 1576): BroadcastReceiver::onReceive-
01-10 15:45:04.682 D/NotificationService( 1576): mIntentReceiver() Intent.ACTION_BATTERY_CHANGED
01-10 15:45:04.692 D/BatteryService( 1576): SendIntentforPowersaver
01-10 15:45:04.692 D/BatteryService( 1576): Current powersaver status == NORMAL_STATUS1 2 2 false
01-10 15:45:04.712 D/RemoveMe( 1669): DCT got intent android.intent.action.BATTERY_CHANGED
01-10 15:45:04.712 D/RemoveMe( 1669): DCT got intent android.intent.action.BATTERY_CHANGED
01-10 15:45:04.712 D/RemoveMe( 1669): DCT got intent android.intent.action.BATTERY_CHANGED
01-10 15:45:04.712 D/PowerUI ( 1647): closing low battery warning: level=99
01-10 15:45:04.712 D/PowerUI ( 1647): plugged = true, health = 2, mBatteryLevel = 99, mPluggedBatteryLevel = 97, mLowBatteryWarningLevel2 = 25, mshowLowChargingWarning2 = true
01-10 15:45:05.623 I/System.out( 2699): Values: 0.027240695 -0.14982383 9.765789
01-10 15:45:06.614 I/System.out( 2699): Values: 0.027240695 -0.14982383 9.80665
01-10 15:45:07.625 I/System.out( 2699): Values: 0.027240695 -0.19068487 9.833891
01-10 15:45:08.626 I/System.out( 2699): Values: 0.027240695 -0.19068487 9.80665
01-10 15:45:09.617 I/System.out( 2699): Values: 0.06810174 -0.10896278 9.80665
01-10 15:45:10.618 I/System.out( 2699): Values: 0.06810174 -0.14982383 9.833891
01-10 15:45:11.619 I/System.out( 2699): Values: 0.06810174 -0.14982383 9.80665
01-10 15:45:12.620 I/System.out( 2699): Values: 0.06810174 -0.10896278 9.80665
01-10 15:45:13.621 I/System.out( 2699): Values: 0.027240695 -0.10896278 9.80665
01-10 15:45:14.622 I/System.out( 2699): Values: 0.06810174 -0.14982383 9.833891
01-10 15:45:15.623 I/System.out( 2699): Values: 0.027240695 -0.14982383 9.833891
01-10 15:45:16.624 I/System.out( 2699): Values: 0.027240695 -0.19068487 9.80665
01-10 15:45:17.625 I/System.out( 2699): Values: 0.027240695 -0.14982383 9.80665
01-10 15:45:18.626 I/System.out( 2699): Values: -0.0 -0.14982383 9.833891
01-10 15:45:19.627 I/System.out( 2699): Values: 0.06810174 -0.10896278 9.80665
01-10 15:45:20.618 I/System.out( 2699): Values: 0.027240695 -0.14982383 9.80665
01-10 15:45:21.629 I/System.out( 2699): Values: 0.10896278 -0.14982383 9.80665
01-10 15:45:22.630 I/System.out( 2699): Values: 0.06810174 -0.14982383 9.80665
01-10 15:45:23.631 I/System.out( 2699): Values: 0.027240695 -0.19068487 9.833891
01-10 15:45:24.632 I/System.out( 2699): Values: 0.06810174 -0.19068487 9.80665
01-10 15:45:25.633 I/System.out( 2699): Values: 0.06810174 -0.10896278 9.765789
01-10 15:45:26.634 I/System.out( 2699): Values: 0.06810174 -0.14982383 9.80665
01-10 15:45:27.624 I/System.out( 2699): Values: 0.06810174 -0.14982383 9.80665
01-10 15:45:28.625 I/System.out( 2699): Values: 0.027240695 -0.19068487 9.80665
01-10 15:45:29.626 I/System.out( 2699): Values: 0.06810174 -0.14982383 9.80665
01-10 15:45:30.627 I/System.out( 2699): Values: 0.06810174 -0.19068487 9.80665
01-10 15:45:31.628 I/System.out( 2699): Values: 0.027240695 -0.14982383 9.833891
01-10 15:45:32.629 I/System.out( 2699): Values: 0.027240695 -0.14982383 9.80665
01-10 15:45:33.630 I/System.out( 2699): Values: 0.06810174 -0.19068487 9.80665
01-10 15:45:34.631 I/System.out( 2699): Values: 0.027240695 -0.14982383 9.765789
01-10 15:45:34.701 D/UsbnetService( 1576): BroadcastReceiver::onReceive+
01-10 15:45:34.701 D/UsbnetService( 1576): onReceive BATTERY_CHANGED
01-10 15:45:34.701 D/UsbnetService( 1576):  --> pluggedType = 2, mPluggedType = 0, mScreenOff = false
01-10 15:45:34.701 D/UsbnetService( 1576): BroadcastReceiver::onReceive-
01-10 15:45:34.711 D/NotificationService( 1576): mIntentReceiver() Intent.ACTION_BATTERY_CHANGED
01-10 15:45:34.721 D/BatteryService( 1576): SendIntentforPowersaver
01-10 15:45:34.721 D/BatteryService( 1576): Current powersaver status == NORMAL_STATUS1 2 2 false
01-10 15:45:34.731 D/PowerUI ( 1647): closing low battery warning: level=98
01-10 15:45:34.731 D/RemoveMe( 1669): DCT got intent android.intent.action.BATTERY_CHANGED
01-10 15:45:34.731 D/PowerUI ( 1647): plugged = true, health = 2, mBatteryLevel = 98, mPluggedBatteryLevel = 97, mLowBatteryWarningLevel2 = 25, mshowLowChargingWarning2 = true
01-10 15:45:34.741 D/RemoveMe( 1669): DCT got intent android.intent.action.BATTERY_CHANGED
01-10 15:45:34.741 D/RemoveMe( 1669): DCT got intent android.intent.action.BATTERY_CHANGED
01-10 15:45:35.632 I/System.out( 2699): Values: 0.06810174 -0.19068487 9.80665
01-10 15:45:35.632 I/System.out( 2699): Battery level start is reached
01-10 15:45:36.633 I/System.out( 2699): Values: 0.027240695 -0.14982383 9.765789
01-10 15:45:37.634 I/System.out( 2699): Values: 0.027240695 -0.14982383 9.80665
01-10 15:45:38.635 I/System.out( 2699): Values: 0.027240695 -0.14982383 9.80665
01-10 15:45:39.626 I/System.out( 2699): Values: 0.06810174 -0.14982383 9.80665
01-10 15:45:40.627 I/System.out( 2699): Values: 0.06810174 -0.19068487 9.80665
01-10 15:45:41.628 I/System.out( 2699): Values: 0.06810174 -0.19068487 9.80665
01-10 15:45:42.639 I/System.out( 2699): Values: 0.027240695 -0.14982383 9.80665
01-10 15:45:43.630 I/System.out( 2699): Values: 0.027240695 -0.14982383 9.80665
01-10 15:45:44.631 I/System.out( 2699): Values: 0.027240695 -0.14982383 9.833891
01-10 15:45:45.632 I/System.out( 2699): Values: 0.027240695 -0.19068487 9.80665
01-10 15:45:46.633 I/System.out( 2699): Values: 0.06810174 -0.14982383 9.80665
01-10 15:45:47.624 I/System.out( 2699): Values: 0.06810174 -0.14982383 9.765789
01-10 15:45:48.625 I/System.out( 2699): Values: 0.06810174 -0.14982383 9.765789
01-10 15:45:49.626 I/System.out( 2699): Values: 0.06810174 -0.14982383 9.765789
01-10 15:45:50.627 I/System.out( 2699): Values: 0.06810174 -0.14982383 9.765789
01-10 15:45:51.628 I/System.out( 2699): Values: 0.06810174 -0.19068487 9.765789
01-10 15:45:52.629 I/System.out( 2699): Values: 0.027240695 -0.14982383 9.765789
01-10 15:45:53.630 I/System.out( 2699): Values: 0.027240695 -0.19068487 9.765789
01-10 15:45:54.631 I/System.out( 2699): Values: 0.06810174 -0.14982383 9.765789
01-10 15:45:55.632 I/System.out( 2699): Values: 0.027240695 -0.14982383 9.80665
01-10 15:45:56.633 I/System.out( 2699): Values: 0.06810174 -0.19068487 9.80665
01-10 15:45:57.634 I/System.out( 2699): Values: 0.06810174 -0.19068487 9.80665
01-10 15:45:58.635 I/System.out( 2699): Values: 0.10896278 -0.19068487 9.80665
01-10 15:45:59.636 I/System.out( 2699): Values: 0.06810174 -0.14982383 9.765789
01-10 15:46:00.547 D/SntpClient( 1576): requestTime: called by Thread[ThrottleService,5,main], failed: java.net.UnknownHostException: Unable to resolve host "north-america.pool.ntp.org": No address associated with hostname
01-10 15:46:00.557 D/NetdConnector( 1576): listenToSocket read--: (6,0)
01-10 15:46:00.567 D/NetdConnector( 1576): RCV <- {216 0}
01-10 15:46:00.567 D/NetdConnector( 1576): doCommand++ (Wait Response)
01-10 15:46:00.567 D/NetdConnector( 1576): listenToSocket read++
01-10 15:46:00.567 D/NetdConnector( 1576): RSP <- {216 0}
01-10 15:46:00.567 D/NetdConnector( 1576): miNoRespCnt=0
01-10 15:46:00.567 D/NetdConnector( 1576): doCommand-- (complete)
01-10 15:46:00.577 D/NetdConnector( 1576): listenToSocket read--: (6,0)
01-10 15:46:00.577 D/NetdConnector( 1576): doCommand++ (Wait Response)
01-10 15:46:00.577 D/NetdConnector( 1576): RCV <- {217 0}
01-10 15:46:00.587 D/NetdConnector( 1576): RSP <- {217 0}
01-10 15:46:00.587 D/NetdConnector( 1576): listenToSocket read++
01-10 15:46:00.587 D/NetdConnector( 1576): miNoRespCnt=0
01-10 15:46:00.587 D/NetdConnector( 1576): doCommand-- (complete)
01-10 15:46:00.597 D/SntpClient( 1576): requestTime: called by Thread[ThrottleService,5,main], failed: java.net.UnknownHostException: Unable to resolve host "north-america.pool.ntp.org": No address associated with hostname
01-10 15:46:00.607 D/SntpClient( 1576): requestTime: called by Thread[ThrottleService,5,main], failed: java.net.UnknownHostException: Unable to resolve host "north-america.pool.ntp.org": No address associated with hostname
01-10 15:46:00.637 I/System.out( 2699): Values: 0.06810174 -0.10896278 9.765789
01-10 15:46:01.638 I/System.out( 2699): Values: 0.06810174 -0.14982383 9.765789
01-10 15:46:02.639 I/System.out( 2699): Values: 0.06810174 -0.14982383 9.765789
01-10 15:46:03.640 I/System.out( 2699): Values: 0.06810174 -0.14982383 9.765789
01-10 15:46:04.641 I/System.out( 2699): Values: 0.06810174 -0.14982383 9.765789
01-10 15:46:04.741 D/UsbnetService( 1576): BroadcastReceiver::onReceive+
01-10 15:46:04.741 D/UsbnetService( 1576): onReceive BATTERY_CHANGED
01-10 15:46:04.741 D/UsbnetService( 1576):  --> pluggedType = 2, mPluggedType = 0, mScreenOff = false
01-10 15:46:04.741 D/UsbnetService( 1576): BroadcastReceiver::onReceive-
01-10 15:46:04.751 D/BatteryService( 1576): SendIntentforPowersaver
01-10 15:46:04.751 D/NotificationService( 1576): mIntentReceiver() Intent.ACTION_BATTERY_CHANGED
01-10 15:46:04.761 D/BatteryService( 1576): Current powersaver status == NORMAL_STATUS1 2 2 false
01-10 15:46:04.771 D/PowerUI ( 1647): closing low battery warning: level=98
01-10 15:46:04.771 D/RemoveMe( 1669): DCT got intent android.intent.action.BATTERY_CHANGED
01-10 15:46:04.771 D/RemoveMe( 1669): DCT got intent android.intent.action.BATTERY_CHANGED
01-10 15:46:04.771 D/PowerUI ( 1647): plugged = true, health = 2, mBatteryLevel = 98, mPluggedBatteryLevel = 97, mLowBatteryWarningLevel2 = 25, mshowLowChargingWarning2 = true
01-10 15:46:04.781 D/RemoveMe( 1669): DCT got intent android.intent.action.BATTERY_CHANGED
01-10 15:46:05.642 I/System.out( 2699): Values: 0.027240695 -0.14982383 9.80665
01-10 15:46:06.643 I/System.out( 2699): Values: 0.06810174 -0.19068487 9.765789
01-10 15:46:07.644 I/System.out( 2699): Values: 0.027240695 -0.10896278 9.765789
01-10 15:46:08.645 I/System.out( 2699): Values: 0.027240695 -0.14982383 9.765789
01-10 15:46:09.635 I/System.out( 2699): Values: 0.027240695 -0.14982383 9.80665
01-10 15:46:09.866 D/dalvikvm( 1681): GC_EXPLICIT freed 1812K, 26% free 10273K/13831K, paused 9ms+2ms
01-10 15:46:10.646 I/System.out( 2699): Values: 0.06810174 -0.10896278 9.765789
01-10 15:46:11.647 I/System.out( 2699): Values: 0.06810174 -0.14982383 9.765789
01-10 15:46:12.648 I/System.out( 2699): Values: 0.10896278 -0.10896278 9.765789
01-10 15:46:13.649 I/System.out( 2699): Values: -0.0 -0.14982383 9.80665
01-10 15:46:14.650 I/System.out( 2699): Values: 0.06810174 -0.14982383 9.765789
01-10 15:46:15.651 I/System.out( 2699): Values: 0.027240695 -0.14982383 9.80665
01-10 15:46:16.652 I/System.out( 2699): Values: 0.027240695 -0.10896278 9.765789
01-10 15:46:17.653 I/System.out( 2699): Values: 0.10896278 -0.14982383 9.765789
01-10 15:46:18.654 I/System.out( 2699): Values: 0.027240695 -0.14982383 9.80665
01-10 15:46:19.645 I/System.out( 2699): Values: 0.027240695 -0.10896278 9.80665
01-10 15:46:20.646 I/System.out( 2699): Values: 0.06810174 -0.10896278 9.724928
01-10 15:46:21.647 I/System.out( 2699): Values: 0.027240695 -0.14982383 9.80665
01-10 15:46:22.648 I/System.out( 2699): Values: 0.027240695 -0.14982383 9.80665
01-10 15:46:23.649 I/System.out( 2699): Values: 0.10896278 -0.14982383 9.765789
01-10 15:46:24.650 I/System.out( 2699): Values: -0.0 -0.14982383 9.765789
01-10 15:46:25.651 I/System.out( 2699): Values: 0.027240695 -0.14982383 9.80665
01-10 15:46:26.652 I/System.out( 2699): Values: 0.10896278 -0.14982383 9.765789
01-10 15:46:27.663 I/System.out( 2699): Values: 0.027240695 -0.19068487 9.80665
01-10 15:46:28.654 I/System.out( 2699): Values: 0.06810174 -0.14982383 9.765789
01-10 15:46:29.645 I/System.out( 2699): Values: 0.027240695 -0.14982383 9.765789
01-10 15:46:30.656 I/System.out( 2699): Values: 0.027240695 -0.14982383 9.80665
01-10 15:46:31.657 I/System.out( 2699): Values: 0.027240695 -0.14982383 9.765789
01-10 15:46:32.658 I/System.out( 2699): Values: 0.06810174 -0.14982383 9.765789
01-10 15:46:33.659 I/System.out( 2699): Values: 0.027240695 -0.14982383 9.80665
01-10 15:46:34.660 I/System.out( 2699): Values: 0.027240695 -0.14982383 9.80665
01-10 15:46:35.661 I/System.out( 2699): Values: 0.06810174 -0.14982383 9.765789
01-10 15:46:36.662 I/System.out( 2699): Values: 0.027240695 -0.19068487 9.80665
01-10 15:46:37.663 I/System.out( 2699): Values: -0.0 -0.14982383 9.80665
01-10 15:46:38.664 I/System.out( 2699): Values: 0.06810174 -0.19068487 9.765789
01-10 15:46:39.675 I/System.out( 2699): Values: 0.06810174 -0.14982383 9.724928
01-10 15:46:39.745 D/dalvikvm( 2699): GC_CONCURRENT freed 339K, 7% free 6554K/6983K, paused 6ms+1ms
01-10 15:46:40.656 I/System.out( 2699): Values: 0.027240695 -0.14982383 9.765789
01-10 15:46:41.667 I/System.out( 2699): Values: 0.06810174 -0.14982383 9.765789
01-10 15:46:42.658 I/System.out( 2699): Values: 0.10896278 -0.10896278 9.765789
01-10 15:46:43.659 I/System.out( 2699): Values: 0.06810174 -0.14982383 9.80665
01-10 15:46:44.660 I/System.out( 2699): Values: 0.027240695 -0.19068487 9.80665
01-10 15:46:45.661 I/System.out( 2699): Values: 0.10896278 -0.19068487 9.765789
01-10 15:46:46.662 I/System.out( 2699): Values: 0.06810174 -0.14982383 9.765789
01-10 15:46:47.663 I/System.out( 2699): Values: 0.027240695 -0.10896278 9.80665
01-10 15:46:48.664 I/System.out( 2699): Values: 0.06810174 -0.14982383 9.765789
01-10 15:46:49.655 I/System.out( 2699): Values: 0.027240695 -0.14982383 9.765789
01-10 15:46:50.665 I/System.out( 2699): Values: -0.0 -0.14982383 9.765789
01-10 15:46:51.656 I/System.out( 2699): Values: 0.027240695 -0.14982383 9.765789
01-10 15:46:52.657 I/System.out( 2699): Values: 0.027240695 -0.14982383 9.765789
01-10 15:46:53.668 I/System.out( 2699): Values: 0.10896278 -0.14982383 9.80665
01-10 15:46:54.669 I/System.out( 2699): Values: 0.06810174 -0.14982383 9.765789
01-10 15:46:55.670 I/System.out( 2699): Values: 0.06810174 -0.14982383 9.765789
01-10 15:46:56.671 I/System.out( 2699): Values: 0.027240695 -0.10896278 9.833891
01-10 15:46:57.672 I/System.out( 2699): Values: 0.027240695 -0.14982383 9.80665
01-10 15:46:58.673 I/System.out( 2699): Values: 0.027240695 -0.14982383 9.765789
01-10 15:46:59.674 I/System.out( 2699): Values: 0.027240695 -0.14982383 9.80665
01-10 15:47:00.665 I/System.out( 2699): Values: 0.027240695 -0.14982383 9.80665
01-10 15:47:01.666 I/System.out( 2699): Values: 0.06810174 -0.14982383 9.765789
01-10 15:47:02.667 I/System.out( 2699): Values: 0.027240695 -0.14982383 9.80665
01-10 15:47:03.668 I/System.out( 2699): Values: -0.0 -0.14982383 9.765789
01-10 15:47:04.669 I/System.out( 2699): Values: 0.06810174 -0.14982383 9.80665
01-10 15:47:04.779 D/UsbnetService( 1576): BroadcastReceiver::onReceive+
01-10 15:47:04.779 D/UsbnetService( 1576): onReceive BATTERY_CHANGED
01-10 15:47:04.779 D/UsbnetService( 1576):  --> pluggedType = 2, mPluggedType = 0, mScreenOff = false
01-10 15:47:04.779 D/UsbnetService( 1576): BroadcastReceiver::onReceive-
01-10 15:47:04.779 D/NotificationService( 1576): mIntentReceiver() Intent.ACTION_BATTERY_CHANGED
01-10 15:47:04.789 D/BatteryService( 1576): SendIntentforPowersaver
01-10 15:47:04.789 D/BatteryService( 1576): Current powersaver status == NORMAL_STATUS1 2 2 false
01-10 15:47:04.809 D/PowerUI ( 1647): closing low battery warning: level=98
01-10 15:47:04.809 D/RemoveMe( 1669): DCT got intent android.intent.action.BATTERY_CHANGED
01-10 15:47:04.809 D/PowerUI ( 1647): plugged = true, health = 2, mBatteryLevel = 98, mPluggedBatteryLevel = 97, mLowBatteryWarningLevel2 = 25, mshowLowChargingWarning2 = true
01-10 15:47:04.819 D/RemoveMe( 1669): DCT got intent android.intent.action.BATTERY_CHANGED
01-10 15:47:04.819 D/RemoveMe( 1669): DCT got intent android.intent.action.BATTERY_CHANGED
01-10 15:47:04.839 D/dalvikvm( 1669): GC_CONCURRENT freed 519K, 9% free 7217K/7879K, paused 1ms+1ms
01-10 15:47:05.670 I/System.out( 2699): Values: -0.0 -0.14982383 9.80665
01-10 15:47:06.671 I/System.out( 2699): Values: 0.06810174 -0.14982383 9.765789
01-10 15:47:07.672 I/System.out( 2699): Values: -0.0 -0.14982383 9.80665
01-10 15:47:08.673 I/System.out( 2699): Values: -0.0 -0.19068487 9.80665
01-10 15:47:09.674 I/System.out( 2699): Values: 0.027240695 -0.14982383 9.80665
01-10 15:47:10.665 I/System.out( 2699): Values: -0.0 -0.14982383 9.765789
01-10 15:47:11.666 I/System.out( 2699): Values: -0.0 -0.19068487 9.765789
01-10 15:47:12.667 I/System.out( 2699): Values: -0.0 -0.14982383 9.833891
01-10 15:47:13.668 I/System.out( 2699): Values: -0.0 -0.14982383 9.80665
01-10 15:47:14.669 I/System.out( 2699): Values: 0.027240695 -0.14982383 9.80665
01-10 15:47:15.680 I/System.out( 2699): Values: 0.06810174 -0.14982383 9.765789
01-10 15:47:16.681 I/System.out( 2699): Values: 0.06810174 -0.14982383 9.765789
01-10 15:47:17.682 I/System.out( 2699): Values: -0.0 -0.10896278 9.80665
01-10 15:47:18.683 I/System.out( 2699): Values: 0.06810174 -0.10896278 9.724928
01-10 15:47:19.684 I/System.out( 2699): Values: 0.06810174 -0.19068487 9.724928
01-10 15:47:20.675 I/System.out( 2699): Values: 0.06810174 -0.14982383 9.765789
01-10 15:47:21.686 I/System.out( 2699): Values: 0.06810174 -0.14982383 9.724928
01-10 15:47:22.677 I/System.out( 2699): Values: 0.027240695 -0.10896278 9.765789
01-10 15:47:23.678 I/System.out( 2699): Values: 0.06810174 -0.19068487 9.80665
01-10 15:47:24.679 I/System.out( 2699): Values: -0.0 -0.14982383 9.833891
01-10 15:47:25.680 I/System.out( 2699): Values: 0.027240695 -0.14982383 9.80665
01-10 15:47:26.681 I/System.out( 2699): Values: 0.06810174 -0.14982383 9.765789
01-10 15:47:27.682 I/System.out( 2699): Values: 0.027240695 -0.19068487 9.80665
01-10 15:47:28.683 I/System.out( 2699): Values: 0.027240695 -0.14982383 9.80665
01-10 15:47:29.684 I/System.out( 2699): Values: 0.027240695 -0.19068487 9.765789
01-10 15:47:30.675 I/System.out( 2699): Values: 0.10896278 -0.19068487 9.765789
01-10 15:47:31.676 I/System.out( 2699): Values: -0.0 -0.14982383 9.833891
01-10 15:47:32.676 I/System.out( 2699): Values: 0.027240695 -0.14982383 9.80665
01-10 15:47:33.677 I/System.out( 2699): Values: 0.027240695 -0.14982383 9.765789
01-10 15:47:34.678 I/System.out( 2699): Values: 0.027240695 -0.14982383 9.80665
01-10 15:47:34.809 D/UsbnetService( 1576): BroadcastReceiver::onReceive+
01-10 15:47:34.809 D/UsbnetService( 1576): onReceive BATTERY_CHANGED
01-10 15:47:34.809 D/UsbnetService( 1576):  --> pluggedType = 2, mPluggedType = 0, mScreenOff = false
01-10 15:47:34.809 D/UsbnetService( 1576): BroadcastReceiver::onReceive-
01-10 15:47:34.809 D/NotificationService( 1576): mIntentReceiver() Intent.ACTION_BATTERY_CHANGED
01-10 15:47:34.819 D/BatteryService( 1576): SendIntentforPowersaver
