01-16 17:41:11.753 D/HTC Hub ( 2645): no token file
01-16 17:41:11.753 D/HTC Hub ( 2645): Log settings are 
01-16 17:41:11.753 D/CombinedWidgetProvider( 1681): addFxWidget: WidgetSummary(Spin Cycle Clock/FX_WIDGET/[I@40b76500 x [I@40b76850/-2/ComponentInfo{com.htc.clock3dwidget/com.htc.clock3dwidget.ClockWidgetProvider}/[I@40b76870)
01-16 17:41:11.753 D/HTC Hub ( 2645): Enable General Log : false
01-16 17:41:11.753 D/HTC Hub ( 2645): Enable Analytic Log : false
01-16 17:41:11.753 D/HTC Hub ( 2645): Enable Normal Log Level (dependent on General Log) : false
01-16 17:41:11.753 D/HTC Hub ( 2645): Enable Critical Log Level (dependent on General Log) : false
01-16 17:41:11.763 D/FxWidgetProvider( 1681): row 1
01-16 17:41:11.763 I/ActivityManager( 1576): No longer want com.htc.sdm (pid 2202): hidden #16
01-16 17:41:11.773 D/CombinedWidgetProvider( 1681): addFxWidget: WidgetSummary(Analog Clock/FX_WIDGET/[I@40b32bd8 x [I@40b2c230/-2/ComponentInfo{com.htc.clock3dwidget/com.htc.clock3dwidget.ClockWidgetProvider}/[I@40b2bb20)
01-16 17:41:11.773 D/FxWidgetProvider( 1681): row 1
01-16 17:41:11.773 D/SM:PackageReceiver( 2593): package added: package:uk.ac.st_andrews.cs.host.mk74.energymeasurement.accelerometer
01-16 17:41:11.813 D/CursorWindowStats( 2654): Get CursorWindow size from framework resource:4194304
01-16 17:41:11.873 D/WidgetScanner( 1681): onReceive: Intent { act=android.intent.action.PACKAGE_ADDED dat=package:uk.ac.st_andrews.cs.host.mk74.energymeasurement.accelerometer flg=0x10000010 cmp=com.htc.launcher/.widget.WidgetScannerTrigger (has extras) }
01-16 17:41:11.873 D/AndroidRuntime( 2654): Calling main entry com.android.commands.am.Am
01-16 17:41:11.903 I/ActivityManager( 1576): Start proc com.htc.htchubsyncprovider for content provider com.htc.htchubsyncprovider/.provider.MyDownloadsProvider: pid=2665 uid=10069 gids={3003, 2001, 1015}
01-16 17:41:11.923 I/ActivityManager( 1576): Starting: Intent { act=android.intent.action.MAIN cat=[android.intent.category.LAUNCHER] flg=0x10000000 cmp=uk.ac.st_andrews.cs.host.mk74.energymeasurement.accelerometer/.MainActivity } from pid 2654
01-16 17:41:11.933 D/CombinedWidgetProvider( 1681): addFxWidget: WidgetSummary(Calculator/FX_WIDGET/[I@4081dcb0 x [I@40823b20/-2/ComponentInfo{com.htc.android.fusion.calculator/com.htc.android.fusion.calculator.RosieIntentReceiver}/[I@40823b40)
01-16 17:41:11.943 D/WidgetScanner( 2600): onReceiveInternal: Intent { act=android.intent.action.PACKAGE_ADDED dat=package:uk.ac.st_andrews.cs.host.mk74.energymeasurement.accelerometer flg=0x10000010 cmp=com.htc.launcher/.widget.WidgetScannerService (has extras) }
01-16 17:41:11.943 D/HtcWidgetScanner( 2600): onPackageAdded: uk.ac.st_andrews.cs.host.mk74.energymeasurement.accelerometer
01-16 17:41:11.953 D/FxWidgetProvider( 1681): row 1
01-16 17:41:11.953 D/AndroidRuntime( 2654): Shutting down VM
01-16 17:41:11.963 D/ActivityManager( 1576): isSketcherDisabledInCurrentTask():false, ActivityRecord{40954580 uk.ac.st_andrews.cs.host.mk74.energymeasurement.accelerometer/.MainActivity}
01-16 17:41:11.973 D/HostWidgetManager( 1681): pauseWidgets: 2
01-16 17:41:11.973 I/ActivityManager( 1576): Start proc uk.ac.st_andrews.cs.host.mk74.energymeasurement.accelerometer for activity uk.ac.st_andrews.cs.host.mk74.energymeasurement.accelerometer/.MainActivity: pid=2673 uid=10098 gids={}
01-16 17:41:11.983 D/dalvikvm( 2654): GC_CONCURRENT freed 106K, 81% free 397K/2048K, paused 0ms+0ms
01-16 17:41:11.983 D/jdwp    ( 2654): Got wake-up signal, bailing out of select
01-16 17:41:11.983 D/dalvikvm( 2654): Debugger has detached; object registry had 1 entries
01-16 17:41:11.993 D/CombinedWidgetProvider( 1681): addFxWidget: WidgetSummary(Calculator/FX_WIDGET/[I@40c23998 x [I@40c239b8/-2/ComponentInfo{com.htc.android.fusion.calculator/com.htc.android.fusion.calculator.RosieIntentReceiver}/[I@40c239d8)
01-16 17:41:12.003 D/FxWidgetProvider( 1681): row 1
01-16 17:41:12.003 I/ActivityManager( 1576): Start proc com.svox.pico for broadcast com.svox.pico/.VoiceDataInstallerReceiver: pid=2675 uid=10031 gids={}
01-16 17:41:12.013 I/RegisterService( 2601): android.intent.action.PACKAGE_ADDED package:uk.ac.st_andrews.cs.host.mk74.energymeasurement.accelerometer
01-16 17:41:12.023 D/CombinedWidgetProvider( 1681): addFxWidget: WidgetSummary(Calculator/FX_WIDGET/[I@4070ace0 x [I@40bf6948/-2/ComponentInfo{com.htc.android.fusion.calculator/com.htc.android.fusion.calculator.RosieIntentReceiver}/[I@40bf6968)
01-16 17:41:12.023 D/HtcLockScreen3.0( 1576): HtcLockScreen: onInterceptTouchEvent ACTION_DOWN
01-16 17:41:12.033 D/FxWidgetProvider( 1681): row 1
01-16 17:41:12.063 D/SurfaceFlinger( 1438): getTokenForSurface(0xbc164) => 2 (client=0xa2698, bitmap=00000007), pid=1576
01-16 17:41:12.073 D/msm7x30.gralloc( 1438): gpu_context_t::getGrallocInformationFromFormat  2 
01-16 17:41:12.113 I/ActivityThread( 2665): Pub com.htc.wdm.provider.WDMProvider: com.htc.htchubsyncprovider.provider.WDMProvider
01-16 17:41:12.113 D/CombinedWidgetProvider( 1681): addFxWidget: WidgetSummary(Calculator/FX_WIDGET/[I@40730030 x [I@4073dc28/-2/ComponentInfo{com.htc.android.fusion.calculator/com.htc.android.fusion.calculator.RosieIntentReceiver}/[I@4073dc48)
01-16 17:41:12.154 I/ActivityThread( 2665): Pub com.htc.wotaproviders.MyDownloadsProvider: com.htc.htchubsyncprovider.provider.MyDownloadsProvider
01-16 17:41:12.194 I/ActivityThread( 2675): Pub com.svox.pico.providers.SettingsProvider: com.svox.pico.providers.SettingsProvider
01-16 17:41:12.214 D/FxWidgetProvider( 1681): row 1
01-16 17:41:12.224 D/vicky   ( 2614): vicky received: android.intent.action.PACKAGE_ADDED
01-16 17:41:12.244 D/Sensors ( 1576): Enable akm: en = 1
01-16 17:41:12.274 D/HtcLockScreen3.0( 1576): HtcLockScreen: onInterceptTouchEvent ACTION_UP
01-16 17:41:12.284 I/ActivityManager( 1576): No longer want com.htc.musicenhancer (pid 2437): hidden #16
01-16 17:41:12.294 D/GTalkService( 1709): [GTalkService.1] handlePackageInstalled: re-initialize providers
01-16 17:41:12.294 D/GTalkService( 1709): [RawStanzaProvidersMgr] ##### searchProvidersFromIntent
01-16 17:41:12.294 D/IdleScreen_base( 1694): onRingUnlockStart
01-16 17:41:12.314 I/ActivityManager( 1576): Start proc com.google.android.partnersetup for broadcast com.google.android.partnersetup/.RlzPingBroadcastReceiver: pid=2691 uid=10081 gids={3003}
01-16 17:41:12.414 D/ActivityManager( 1576): isSketcherDisabledInCurrentTask():false, ActivityRecord{40954580 uk.ac.st_andrews.cs.host.mk74.energymeasurement.accelerometer/.MainActivity}
01-16 17:41:12.454 D/dalvikvm( 1439): GC_EXPLICIT freed 11K, 5% free 6453K/6787K, paused 7ms+2ms
01-16 17:41:12.464 D/SurfaceFlinger( 1438): getTokenForSurface(0xbcdac) => 0 (client=0xad560, bitmap=00000001), pid=2673
01-16 17:41:12.484 I/ActivityThread( 2691): Pub com.google.android.partnersetup.rlzprovider: com.google.android.partnersetup.RlzProvider
01-16 17:41:12.494 I/ActivityThread( 2691): Pub com.google.android.partnersetup.rlzappprovider: com.google.android.partnersetup.RlzAppProvider
01-16 17:41:12.514 D/msm7x30.gralloc( 1438): gpu_context_t::getGrallocInformationFromFormat  2 
01-16 17:41:12.534 I/ActivityManager( 1576): No longer want com.htc.pen (pid 2140): hidden #16
01-16 17:41:12.564 D/dalvikvm( 1439): GC_EXPLICIT freed <1K, 5% free 6453K/6787K, paused 14ms+2ms
01-16 17:41:12.594 D/AlarmManager( 1576): ACTION_SCREEN_OFF
01-16 17:41:12.594 D/KeyguardViewManager( 1576): hide()
01-16 17:41:12.594 I/TabletStatusBar( 1646): DISABLE_CLOCK: no
01-16 17:41:12.594 I/TabletStatusBar( 1646): DISABLE_NAVIGATION: no
01-16 17:41:12.604 D/UsbnetService( 1576): BroadcastReceiver::onReceive+
01-16 17:41:12.614 D/UsbnetService( 1576): onReceive SCREEN_OFF
01-16 17:41:12.654 D/dalvikvm( 1439): GC_EXPLICIT freed <1K, 5% free 6453K/6787K, paused 1ms+1ms
01-16 17:41:12.674 V/WindowManager( 1576): Starting animation in AppWindowToken{40ba7058 token=ActivityRecord{40ba2870 com.htc.launcher/.Launcher}} @ 941418
01-16 17:41:12.674 V/WindowManager( 1576): Starting animation in AppWindowToken{410e6358 token=ActivityRecord{40954580 uk.ac.st_andrews.cs.host.mk74.energymeasurement.accelerometer/.MainActivity}} @ 941418
01-16 17:41:12.674 V/WindowManager( 1576): Finished animation in AppWindowToken{40ba7058 token=ActivityRecord{40ba2870 com.htc.launcher/.Launcher}} @ 941418
01-16 17:41:12.674 V/WindowManager( 1576): Finished animation in AppWindowToken{410e6358 token=ActivityRecord{40954580 uk.ac.st_andrews.cs.host.mk74.energymeasurement.accelerometer/.MainActivity}} @ 941418
01-16 17:41:12.674 W/WindowManager( 1576): Layout repeat skipped after too many iterations
01-16 17:41:12.674 W/WindowManager( 1576): Layout repeat skipped after too many iterations
01-16 17:41:12.674 W/WindowManager( 1576): Layout repeat skipped after too many iterations
01-16 17:41:12.674 W/WindowManager( 1576): Animation repeat aborted after too many iterations
01-16 17:41:12.694 D/SurfaceFlinger( 1438): virtual void android::Layer::onRemoved(): lcblk (identity=19, status=0, token=0)
01-16 17:41:12.694 D/Sensors ( 1576): Enable akm: en = 1
01-16 17:41:12.694 I/ActivityManager( 1576): Displayed uk.ac.st_andrews.cs.host.mk74.energymeasurement.accelerometer/.MainActivity: +732ms
01-16 17:41:12.714 D/RemoveMe( 1666): DCT got intent android.intent.action.SCREEN_OFF
01-16 17:41:12.714 D/DataConnectionTracker( 1666): power saving case 6
01-16 17:41:12.714 D/ConnectivityService( 1576): getMobileDataEnabled returning false
01-16 17:41:12.734 D/msm7x30.gralloc( 1438): gpu_context_t::getGrallocInformationFromFormat  1 
01-16 17:41:12.734 D/SurfaceFlinger( 1438): virtual void android::Layer::onRemoved(): lcblk (identity=20, status=0, token=2)
01-16 17:41:12.734 D/ConnectivityService( 1576): getMobileDataEnabled returning false
01-16 17:41:12.754 D/DataConnectionTracker( 1666): power saving case 6
01-16 17:41:12.754 D/RemoveMe( 1666): DCT got intent android.intent.action.SCREEN_OFF
01-16 17:41:12.764 D/RemoveMe( 1666): DCT got intent android.intent.action.SCREEN_OFF
01-16 17:41:12.764 D/Rotate.Performance( 1681): FxWorkspace.show()
01-16 17:41:12.764 D/FxWorkspace( 1681): changeScreensVisibility
01-16 17:41:12.764 D/PhoneWindow( 1681): couldn't save which view has focus because the focused view android.widget.RelativeLayout@407c0900 has no id.
01-16 17:41:12.784 D/CombinedWidgetProvider( 1681): addFxWidget: WidgetSummary(Auto-sync/FX_WIDGET/[I@407641e0 x [I@408c5a30/-2/ComponentInfo{com.htc.rosiewidgets.backgrounddata/com.htc.rosiewidgets.backgrounddata.BackgroundDataWidgetProvider}/[I@408c5a50)
01-16 17:41:12.784 D/ContactMessageStore( 1666): start background delete task...
01-16 17:41:12.784 D/FxWidgetProvider( 1681): row 1
01-16 17:41:12.844 D/msm7x30.gralloc( 1438): gpu_context_t::getGrallocInformationFromFormat  2 
01-16 17:41:12.854 D/AutoSetting( 1773): service - mHandler: cancel location update
01-16 17:41:12.854 D/dalvikvm( 1694): GC_EXPLICIT freed 149K, 9% free 7012K/7623K, paused 9ms+32ms
01-16 17:41:12.864 I/TabletStatusBar( 1646): DISABLE_BACK: no
01-16 17:41:12.874 D/SM:PackageReceiver( 2593): package replaced: package:uk.ac.st_andrews.cs.host.mk74.energymeasurement.accelerometer
01-16 17:41:12.884 D/SurfaceFlinger( 1438): virtual void android::Layer::onRemoved(): lcblk (identity=18, status=0, token=0)
01-16 17:41:12.894 I/ActivityManager( 1576): Start proc com.google.android.apps.maps:FriendService for broadcast com.google.android.apps.maps/com.google.googlenav.friend.android.ServiceReceiver: pid=2698 uid=10046 gids={3003, 1015}
01-16 17:41:12.944 W/IInputConnectionWrapper( 2673): showStatusIcon on inactive InputConnection
01-16 17:41:12.954 W/IInputConnectionWrapper( 2673): InputConnection = android.view.inputmethod.BaseInputConnection@40694ac0, active client = false
01-16 17:41:12.964 D/CombinedWidgetProvider( 1681): addFxWidget: WidgetSummary(Auto-rotate/FX_WIDGET/[I@40d3fe68 x [I@40d3fe88/-2/ComponentInfo{com.htc.autorotatewidget/com.htc.autorotatewidget.AutoRotateWidgetProvider}/[I@40cd5638)
01-16 17:41:13.014 D/dalvikvm( 1694): GC_EXPLICIT freed 2K, 9% free 7012K/7623K, paused 17ms+11ms
01-16 17:41:13.134 D/dalvikvm( 1694): GC_EXPLICIT freed 6K, 9% free 7011K/7623K, paused 4ms+17ms
01-16 17:41:13.205 D/dalvikvm( 1694): GC_EXPLICIT freed 1K, 9% free 7011K/7623K, paused 2ms+7ms
01-16 17:41:13.265 I/System.out( 2673): Values: 0.25878662 -0.06810174 9.724928
01-16 17:41:13.275 D/dalvikvm( 2698): GC_CONCURRENT freed 152K, 4% free 6807K/7047K, paused 1ms+9ms
01-16 17:41:13.305 D/dalvikvm( 1694): GC_EXPLICIT freed 2K, 9% free 7011K/7623K, paused 3ms+5ms
01-16 17:41:13.385 D/dalvikvm( 1694): GC_EXPLICIT freed 1K, 9% free 7011K/7623K, paused 6ms+5ms
01-16 17:41:13.475 D/dalvikvm( 2698): GC_CONCURRENT freed 133K, 4% free 7134K/7367K, paused 2ms+6ms
01-16 17:41:13.485 D/AutoSetting( 1773): service -           changes count: 0
01-16 17:41:13.495 I/RegisterService( 2601): android.intent.action.PACKAGE_REPLACED package:uk.ac.st_andrews.cs.host.mk74.energymeasurement.accelerometer
01-16 17:41:13.505 D/FxWidgetProvider( 1681): row 1
01-16 17:41:13.505 D/SurfaceFlinger( 1438): virtual void android::Layer::onRemoved(): lcblk (identity=8, status=0, token=2)
01-16 17:41:13.555 D/Socket_Alarm( 2698): registerHTCSocketMonitorCallBack
01-16 17:41:13.555 D/Socket_Alarm( 2698): set mSocketMonitor
01-16 17:41:13.555 D/Socket_Alarm( 2698): HTCSocketMonitorImpl::HTCSocketMonitorImpl
01-16 17:41:13.595 D/HtcWidgetProvider( 1681): row 3
01-16 17:41:13.605 I/ActivityManager( 1576): Start proc com.google.android.googlequicksearchbox for broadcast com.google.android.googlequicksearchbox/.SourceUpdateReceiver: pid=2707 uid=10080 gids={3003}
01-16 17:41:13.625 D/HtcWidgetScanner( 2600): count(onPackageUpdated) - 3
01-16 17:41:13.625 I/ActivityManager( 1576): No longer want android.process.media (pid 1741): hidden #16
01-16 17:41:13.635 D/SurfaceFlinger( 1438): virtual void android::Layer::onRemoved(): lcblk (identity=7, status=0, token=1)
01-16 17:41:13.645 D/FxWidgetScanner( 2600): onPackageAdded: uk.ac.st_andrews.cs.host.mk74.energymeasurement.accelerometer
01-16 17:41:13.645 D/FxWidgetScanner( 2600): addWidgetList
01-16 17:41:13.655 D/SqliteDatabaseCpp( 2665): dbopen(): path = /data/data/com.htc.htchubsyncprovider/databases , key = mqdksjlkYdw, flag = 6, file size = 6144
01-16 17:41:13.655 D/SqliteDatabaseCpp( 2665): dbopen(): path = /data/data/com.htc.htchubsyncprovider/databases , key = mqdksjlkYdw, mode: delete, disk free size: 7854 M, handle: 0xdad18
01-16 17:41:13.675 D/FxWidgetScanner( 2600): ResolveInfo size 0
01-16 17:41:13.705 D/CombinedWidgetProvider( 1681): addFxWidget: WidgetSummary(Stocks/FX_WIDGET/[I@40b42eb8 x [I@40b42ed8/-2/ComponentInfo{com.htc.android.fusion.StockWidget/com.htc.android.fusion.StockWidget.RosieWidgetReceiver}/[I@40b42ef8)
01-16 17:41:13.725 W/BinderNative( 2501): Uncaught exception from death notification
01-16 17:41:13.725 W/BinderNative( 2501): java.lang.NullPointerException
01-16 17:41:13.725 W/BinderNative( 2501): 	at android.app.ActivityThread.removeDeadProvider(ActivityThread.java:4405)
01-16 17:41:13.725 W/BinderNative( 2501): 	at android.app.ActivityThread$ProviderClientRecord.binderDied(ActivityThread.java:314)
01-16 17:41:13.725 W/BinderNative( 2501): 	at android.os.BinderProxy.sendDeathNotice(Binder.java:418)
01-16 17:41:13.725 W/BinderNative( 2501): 	at dalvik.system.NativeStart.run(Native Method)
01-16 17:41:13.735 D/WidgetScanner( 2600): upadted? false
01-16 17:41:13.735 I/ActivityThread( 2707): Pub com.google.android.googlequicksearchbox.shortcuts: com.google.android.googlequicksearchbox.WebHistoryProvider
01-16 17:41:13.735 I/ActivityManager( 1576): No longer want com.android.settings (pid 2532): hidden #16
01-16 17:41:13.745 I/ActivityThread( 2707): Pub com.google.android.googlequicksearchbox.google: com.google.android.googlequicksearchbox.google.GoogleSuggestionProvider
01-16 17:41:13.805 D/dalvikvm( 1709): GC_EXPLICIT freed 287K, 6% free 6814K/7239K, paused 2ms+2ms
01-16 17:41:13.825 D/SqliteDatabaseCpp( 2707): dbopen(): path = /data/data/com.google.android.googlequicksearchbox/databases , key = iwf-`awtkvq, flag = 6, file size = 6144
01-16 17:41:13.825 D/SqliteDatabaseCpp( 2707): dbopen(): path = /data/data/com.google.android.googlequicksearchbox/databases , key = iwf-`awtkvq, mode: delete, disk free size: 7854 M, handle: 0x193738
01-16 17:41:13.845 I/ActivityManager( 1576): No longer want com.htc.notes (pid 2476): hidden #16
01-16 17:41:13.845 D/UsbnetService( 1576): BroadcastReceiver::onReceive+
01-16 17:41:13.845 D/UsbnetService( 1576): onReceive SCREEN_ON
01-16 17:41:13.845 D/UsbnetService( 1576): BroadcastReceiver::onReceive-
01-16 17:41:13.845 D/AlarmManager( 1576): ACTION_SCREEN_ON
01-16 17:41:13.865 D/RemoveMe( 1666): DCT got intent android.intent.action.SCREEN_ON
01-16 17:41:13.865 D/ConnectivityService( 1576): getMobileDataEnabled returning false
01-16 17:41:13.865 D/ConnectivityService( 1576): getMobileDataEnabled returning false
01-16 17:41:13.875 D/RemoveMe( 1666): DCT got intent android.intent.action.SCREEN_ON
01-16 17:41:13.875 D/RemoveMe( 1666): DCT got intent android.intent.action.SCREEN_ON
01-16 17:41:13.885 D/FxWidgetProvider( 1681): row 1
01-16 17:41:13.885 W/InputManagerService( 1576): Starting input on non-focused client com.android.internal.view.IInputMethodClient$Stub$Proxy@41023448 (uid=9999 pid=1681)
01-16 17:41:13.895 D/CombinedWidgetProvider( 1681): addFxWidget: WidgetSummary(Stocks/FX_WIDGET/[I@40bcd698 x [I@40bcd6b8/-2/ComponentInfo{com.htc.android.fusion.StockWidget/com.htc.android.fusion.StockWidget.RosieWidgetReceiver}/[I@40bcd6d8)
01-16 17:41:13.895 D/FxWidgetProvider( 1681): row 1
01-16 17:41:13.895 I/ActivityManager( 1576): Start proc com.htc.pen for broadcast com.htc.pen/.plugin.PenReceiver: pid=2720 uid=10040 gids={}
01-16 17:41:13.905 D/CombinedWidgetProvider( 1681): addFxWidget: WidgetSummary(Stocks/FX_WIDGET/[I@40bd6a18 x [I@40bd6a38/-2/ComponentInfo{com.htc.android.fusion.StockWidget/com.htc.android.fusion.StockWidget.RosieWidgetReceiver}/[I@40bd6a58)
01-16 17:41:13.905 D/CombinedWidgetProvider( 1681): -addFxWidgets diff: 4098
01-16 17:41:13.905 D/CombinedWidgetProvider( 1681): +addAppWidgetCategories
01-16 17:41:13.905 D/CombinedWidgetProvider( 1681): add AppWidget category: WidgetCategory(YouTube/APP_WIDGET/0)
01-16 17:41:13.905 D/CombinedWidgetProvider( 1681): add AppWidget category: WidgetCategory(Twitter (large)/APP_WIDGET/0)
01-16 17:41:13.905 D/CombinedWidgetProvider( 1681): add AppWidget category: WidgetCategory(Twitter (small)/APP_WIDGET/0)
01-16 17:41:13.905 D/CombinedWidgetProvider( 1681): add AppWidget category: WidgetCategory(Traffic/APP_WIDGET/0)
01-16 17:41:13.905 D/CombinedWidgetProvider( 1681): add AppWidget category: WidgetCategory(Latitude/APP_WIDGET/0)
01-16 17:41:13.905 D/CombinedWidgetProvider( 1681): add AppWidget category: WidgetCategory(Market/APP_WIDGET/0)
01-16 17:41:13.905 D/CombinedWidgetProvider( 1681): add AppWidget category: WidgetCategory(Google Search/APP_WIDGET/0)
01-16 17:41:13.905 D/CombinedWidgetProvider( 1681): add AppWidget category: WidgetCategory(Gmail/APP_WIDGET/0)
01-16 17:41:13.905 D/CombinedWidgetProvider( 1681): add AppWidget category: WidgetCategory(Bookmarks/APP_WIDGET/0)
01-16 17:41:13.905 D/CombinedWidgetProvider( 1681): -addAppWidgetCategories
01-16 17:41:13.905 D/CombinedWidgetProvider( 1681): +addHtcWidgetCategories
01-16 17:41:13.905 D/CombinedWidgetProvider( 1681):  uri: content://com.htc.launcher.widget.htcwidget/htcwidgets?category_only=true
01-16 17:41:13.905 D/HtcWidgetProvider( 1681): row 1
01-16 17:41:13.915 D/CombinedWidgetProvider( 1681): addHtcWidget Category: WidgetCategory(Tips for Home/HTC_WIDGET/1101)
01-16 17:41:13.915 D/CombinedWidgetProvider( 1681): -addHtcWidgetCategories
01-16 17:41:13.915 D/CombinedWidgetProvider( 1681): +addFxWidgetCategories
01-16 17:41:13.925 D/FxWidgetProvider( 1681): row 94
01-16 17:41:13.985 I/ActivityThread( 2720): Pub com.htc.penmenu: com.htc.pen.provider.PenMenuProvider
01-16 17:41:13.995 I/ActivityThread( 2720): Pub com.htc.pen: com.htc.pen.provider.PenProvider
01-16 17:41:14.015 D/MyHTC   ( 1919): PoweronReceiver.onReceive(): intent=android.intent.action.USER_PRESENT
01-16 17:41:14.015 D/Twitter-MessageReceiver( 2464): action android.intent.action.USER_PRESENT
01-16 17:41:14.035 D/SyncProvider( 2464): match settings
01-16 17:41:14.035 D/FacebookReceiver( 2464): Intent.ACTION_USER_PRESENT SyncInterval=3600000,currTime=1389894074051
01-16 17:41:14.035 D/FacebookReceiver( 2464): Intent.ACTION_USER_PRESENT lastStreamSyncTime=1389894074054,lastFriendSyncTime=1389894074054
01-16 17:41:14.045 D/SyncProvider( 2464): match settings
01-16 17:41:14.055 D/FlickrReceiver( 2464): Intent.ACTION_USER_PRESENT SyncInterval=3600000,currTime=1389894074062
01-16 17:41:14.055 D/FlickrReceiver( 2464): Intent.ACTION_USER_PRESENT lastStreamSyncTime=1389894074065,lastFriendSyncTime=1389894074065
01-16 17:41:14.055 I/ActivityManager( 1576): Start proc com.htc.notes for broadcast com.htc.notes/.sync.NotesAccountReceiver: pid=2730 uid=9996 gids={3003, 1015, 1006, 2001}
01-16 17:41:14.105 D/SqliteDatabaseCpp( 2720): dbopen(): path = /data/data/com.htc.pen/databases , key = hej, flag = 6, file size = 15360
01-16 17:41:14.105 I/ActivityManager( 1576): No longer want com.android.defcontainer (pid 2583): hidden #16
01-16 17:41:14.125 D/SqliteDatabaseCpp( 2720): dbopen(): path = /data/data/com.htc.pen/databases , key = hej, mode: delete, disk free size: 7854 M, handle: 0x19bc98
01-16 17:41:14.135 D/SyncProvider( 2464): match settings
01-16 17:41:14.186 D/ContactMessageStore( 1666): size: 0 , 0
01-16 17:41:14.196 D/PenUtils( 2720): getDefaultPen() start 14
01-16 17:41:14.206 D/ContactMessageStore( 1666): Background delete complete
01-16 17:41:14.266 I/System.out( 2673): Values: 0.25878662 -0.06810174 9.684067
01-16 17:41:14.366 D/PenUtils( 2720): getDefaultPen() end 46
01-16 17:41:14.366 D/PenUtils( 2392): getAllPen() start 116
01-16 17:41:14.376 I/MySketcher( 2392): onReceive: com.htc.pen.refreshed
01-16 17:41:14.376 I/MySketcher( 2392): [SketcherWorker] onStartCommand: com.htc.action.PREPARE_VARS
01-16 17:41:14.376 I/MySketcher( 2392): prepareContentVars entered
01-16 17:41:14.376 I/MySketcher( 2392):  getContentView  , in thread:2392
01-16 17:41:14.696 I/SimplePen( 2392): created render with defaul alpha: 180, color: -1275068161, width: 3.0
01-16 17:41:14.706 D/PenUtils( 2392): getAllPen() end 207
01-16 17:41:14.706 I/ActivityManager( 1576): No longer want com.htc.wdm (pid 2645): hidden #16
01-16 17:41:14.716 D/PenMenu ( 2392): mPenTypeLoadingListener runnable - onFinish
01-16 17:41:14.796 D/CombinedWidgetProvider( 1681): +addFxWidgetCategories: default
01-16 17:41:14.796 D/CombinedWidgetProvider( 1681): addFxWidget Category: WidgetCategory(Watch/FX_WIDGET/-2)
01-16 17:41:14.796 D/CombinedWidgetProvider( 1681): +addFxWidgetCategories: default
01-16 17:41:14.796 D/CombinedWidgetProvider( 1681): addFxWidget Category: WidgetCategory(Mail/FX_WIDGET/-2)
01-16 17:41:14.796 D/CombinedWidgetProvider( 1681): +addFxWidgetCategories: default
01-16 17:41:14.796 D/CombinedWidgetProvider( 1681): addFxWidget Category: WidgetCategory(People/FX_WIDGET/-2)
01-16 17:41:14.796 D/CombinedWidgetProvider( 1681): +addFxWidgetCategories: default
01-16 17:41:14.806 D/CombinedWidgetProvider( 1681): addFxWidget Category: WidgetCategory(Calendar/FX_WIDGET/-2)
01-16 17:41:14.806 D/CombinedWidgetProvider( 1681): +addFxWidgetCategories: default
01-16 17:41:14.806 D/CombinedWidgetProvider( 1681): addFxWidget Category: WidgetCategory(Bookmarks/FX_WIDGET/-2)
01-16 17:41:14.806 D/CombinedWidgetProvider( 1681): +addFxWidgetCategories: default
01-16 17:41:14.806 D/CombinedWidgetProvider( 1681): addFxWidget Category: WidgetCategory(Messages/FX_WIDGET/-2)
01-16 17:41:14.806 D/CombinedWidgetProvider( 1681): +addFxWidgetCategories: default
01-16 17:41:14.806 D/CombinedWidgetProvider( 1681): addFxWidget Category: WidgetCategory(Twitter/FX_WIDGET/-2)
01-16 17:41:14.806 D/CombinedWidgetProvider( 1681): +addFxWidgetCategories: default
01-16 17:41:14.806 D/CombinedWidgetProvider( 1681): addFxWidget Category: WidgetCategory(Trends/FX_WIDGET/-2)
01-16 17:41:14.806 D/CombinedWidgetProvider( 1681): +addFxWidgetCategories: default
01-16 17:41:14.806 D/CombinedWidgetProvider( 1681): addFxWidget Category: WidgetCategory(Sync All/FX_WIDGET/-2)
01-16 17:41:14.806 D/CombinedWidgetProvider( 1681): +addFxWidgetCategories: default
01-16 17:41:14.806 D/CombinedWidgetProvider( 1681): addFxWidget Category: WidgetCategory(Music/FX_WIDGET/-2)
01-16 17:41:14.806 D/CombinedWidgetProvider( 1681): +addFxWidgetCategories: default
01-16 17:41:14.806 D/CombinedWidgetProvider( 1681): addFxWidget Category: WidgetCategory(Friend Stream/FX_WIDGET/-2)
01-16 17:41:14.806 D/CombinedWidgetProvider( 1681): +addFxWidgetCategories: default
01-16 17:41:14.806 D/CombinedWidgetProvider( 1681): addFxWidget Category: WidgetCategory(My Shelf/FX_WIDGET/-2)
01-16 17:41:14.806 D/CombinedWidgetProvider( 1681): +addFxWidgetCategories: default
01-16 17:41:14.806 D/CombinedWidgetProvider( 1681): addFxWidget Category: WidgetCategory(Weather/FX_WIDGET/-2)
01-16 17:41:14.816 D/CombinedWidgetProvider( 1681): +addFxWidgetCategories: default
01-16 17:41:14.816 D/CombinedWidgetProvider( 1681): addFxWidget Category: WidgetCategory(Notes/FX_WIDGET/-2)
01-16 17:41:14.816 D/CombinedWidgetProvider( 1681): +addFxWidgetCategories: default
01-16 17:41:14.816 D/CombinedWidgetProvider( 1681): addFxWidget Category: WidgetCategory(HTC Likes/FX_WIDGET/-2)
01-16 17:41:14.816 D/CombinedWidgetProvider( 1681): +addFxWidgetCategories: default
01-16 17:41:14.816 D/CombinedWidgetProvider( 1681): addFxWidget Category: WidgetCategory(Photo Album/FX_WIDGET/-2)
01-16 17:41:14.816 D/CombinedWidgetProvider( 1681): +addFxWidgetCategories: default
01-16 17:41:14.816 D/CombinedWidgetProvider( 1681): addFxWidget Category: WidgetCategory(Photo Frame/FX_WIDGET/-2)
01-16 17:41:14.816 D/CombinedWidgetProvider( 1681): +addFxWidgetCategories: default
01-16 17:41:14.816 D/CombinedWidgetProvider( 1681): addFxWidget Category: WidgetCategory(Photo Grid/FX_WIDGET/-2)
01-16 17:41:14.826 D/CombinedWidgetProvider( 1681): +addFxWidgetCategories: default
01-16 17:41:14.826 D/CombinedWidgetProvider( 1681): addFxWidget Category: WidgetCategory(Navigate/FX_WIDGET/-2)
01-16 17:41:14.826 D/CombinedWidgetProvider( 1681): +addFxWidgetCategories: default
01-16 17:41:14.826 D/CombinedWidgetProvider( 1681): addFxWidget Category: WidgetCategory(Locations/FX_WIDGET/-2)
01-16 17:41:14.826 D/CombinedWidgetProvider( 1681): +addFxWidgetCategories: default
01-16 17:41:14.826 D/CombinedWidgetProvider( 1681): addFxWidget Category: WidgetCategory(News/FX_WIDGET/-2)
01-16 17:41:14.826 D/CombinedWidgetProvider( 1681): +addFxWidgetCategories: default
01-16 17:41:14.826 D/CombinedWidgetProvider( 1681): addFxWidget Category: WidgetCategory(Clock/FX_WIDGET/-2)
01-16 17:41:14.826 D/CombinedWidgetProvider( 1681): +addFxWidgetCategories: default
01-16 17:41:14.836 D/CombinedWidgetProvider( 1681): addFxWidget Category: WidgetCategory(Calculator/FX_WIDGET/-2)
01-16 17:41:14.836 D/CombinedWidgetProvider( 1681): +addFxWidgetCategories: default
01-16 17:41:14.836 D/CombinedWidgetProvider( 1681): addFxWidget Category: WidgetCategory(Stocks/FX_WIDGET/-2)
01-16 17:41:14.836 D/CombinedWidgetProvider( 1681): -addFxWidgetCategories
01-16 17:41:14.906 D/dalvikvm( 2392): GC_CONCURRENT freed 1257K, 15% free 8302K/9671K, paused 1ms+3ms
01-16 17:41:14.916 D/dalvikvm( 1681): GC_CONCURRENT freed 1850K, 16% free 11460K/13575K, paused 2ms+13ms
01-16 17:41:15.176 D/dalvikvm( 2392): GC_CONCURRENT freed 197K, 10% free 8723K/9671K, paused 5ms+7ms
01-16 17:41:15.227 D/dalvikvm( 2392): GC_FOR_ALLOC freed 383K, 10% free 8776K/9671K, paused 20ms
01-16 17:41:15.267 I/System.out( 2673): Values: 0.21792556 -0.10896278 9.724928
01-16 17:41:15.337 D/dalvikvm( 2392): GC_FOR_ALLOC freed 808K, 14% free 8379K/9671K, paused 20ms
01-16 17:41:15.397 D/dalvikvm( 2392): GC_CONCURRENT freed 250K, 10% free 8746K/9671K, paused 2ms+1ms
01-16 17:41:15.717 D/dalvikvm( 1668): GC_CONCURRENT freed 282K, 9% free 7894K/8647K, paused 1ms+1ms
01-16 17:41:16.268 I/System.out( 2673): Values: 0.25878662 -0.10896278 9.724928
01-16 17:41:17.269 I/System.out( 2673): Values: 0.21792556 -0.06810174 9.765789
01-16 17:41:18.269 I/System.out( 2673): Values: 0.21792556 -0.10896278 9.80665
01-16 17:41:19.270 I/System.out( 2673): Values: -0.44947147 0.95342433 9.602345
01-16 17:41:20.271 I/System.out( 2673): Values: 0.10896278 -0.14982383 9.80665
01-16 17:41:21.272 I/System.out( 2673): Values: 0.14982383 -0.14982383 9.765789
01-16 17:41:22.273 I/System.out( 2673): Values: 0.14982383 -0.19068487 9.724928
01-16 17:41:23.264 I/System.out( 2673): Values: 0.19068487 -0.14982383 9.765789
01-16 17:41:24.265 I/System.out( 2673): Values: 0.14982383 -0.14982383 9.765789
01-16 17:41:24.456 D/dalvikvm( 2392): GC_EXPLICIT freed 364K, 10% free 8760K/9671K, paused 8ms+1ms
01-16 17:41:25.266 I/System.out( 2673): Values: 0.14982383 -0.14982383 9.765789
01-16 17:41:26.277 I/System.out( 2673): Values: 0.19068487 -0.10896278 9.724928
01-16 17:41:27.278 I/System.out( 2673): Values: 0.14982383 -0.10896278 9.724928
01-16 17:41:28.269 I/System.out( 2673): Values: 0.14982383 -0.14982383 9.765789
01-16 17:41:29.270 I/System.out( 2673): Values: 0.14982383 -0.14982383 9.765789
01-16 17:41:29.470 D/dalvikvm( 2501): GC_EXPLICIT freed 153K, 5% free 6701K/7047K, paused 8ms+9ms
01-16 17:41:30.271 I/System.out( 2673): Values: 0.14982383 -0.10896278 9.765789
01-16 17:41:31.272 I/System.out( 2673): Values: 0.10896278 -0.14982383 9.724928
01-16 17:41:32.283 I/System.out( 2673): Values: 0.10896278 -0.14982383 9.80665
01-16 17:41:33.284 I/System.out( 2673): Values: 0.10896278 -0.10896278 9.80665
01-16 17:41:34.285 I/System.out( 2673): Values: 0.14982383 -0.10896278 9.80665
01-16 17:41:34.475 D/dalvikvm( 2464): GC_EXPLICIT freed 273K, 7% free 6726K/7175K, paused 9ms+1ms
01-16 17:41:35.276 I/System.out( 2673): Values: 0.14982383 -0.10896278 9.765789
01-16 17:41:36.277 I/System.out( 2673): Values: 0.14982383 -0.14982383 9.724928
01-16 17:41:36.627 D/UsbnetService( 1576): BroadcastReceiver::onReceive+
01-16 17:41:36.627 D/UsbnetService( 1576): onReceive BATTERY_CHANGED
01-16 17:41:36.627 D/UsbnetService( 1576):  --> pluggedType = 2, mPluggedType = 0, mScreenOff = false
01-16 17:41:36.627 D/UsbnetService( 1576): BroadcastReceiver::onReceive-
01-16 17:41:36.637 D/NotificationService( 1576): mIntentReceiver() Intent.ACTION_BATTERY_CHANGED
01-16 17:41:36.637 D/BatteryService( 1576): SendIntentforPowersaver
01-16 17:41:36.647 D/BatteryService( 1576): Current powersaver status == NORMAL_STATUS1 2 2 false
01-16 17:41:36.657 D/PowerUI ( 1646): closing low battery warning: level=99
01-16 17:41:36.667 D/RemoveMe( 1666): DCT got intent android.intent.action.BATTERY_CHANGED
01-16 17:41:36.667 D/PowerUI ( 1646): plugged = true, health = 2, mBatteryLevel = 99, mPluggedBatteryLevel = 97, mLowBatteryWarningLevel2 = 25, mshowLowChargingWarning2 = true
01-16 17:41:36.687 D/RemoveMe( 1666): DCT got intent android.intent.action.BATTERY_CHANGED
01-16 17:41:36.697 D/RemoveMe( 1666): DCT got intent android.intent.action.BATTERY_CHANGED
01-16 17:41:36.717 D/dalvikvm( 1666): GC_CONCURRENT freed 513K, 9% free 7219K/7879K, paused 2ms+2ms
01-16 17:41:37.278 I/System.out( 2673): Values: 0.14982383 -0.10896278 9.724928
01-16 17:41:38.279 I/System.out( 2673): Values: 0.14982383 -0.10896278 9.724928
01-16 17:41:39.280 I/System.out( 2673): Values: 0.19068487 -0.14982383 9.724928
01-16 17:41:40.281 I/System.out( 2673): Values: 0.10896278 -0.14982383 9.765789
01-16 17:41:41.282 I/System.out( 2673): Values: 0.14982383 -0.14982383 9.724928
01-16 17:41:42.283 I/System.out( 2673): Values: 0.14982383 -0.14982383 9.765789
01-16 17:41:43.284 I/System.out( 2673): Values: 0.14982383 -0.14982383 9.765789
01-16 17:41:44.285 I/System.out( 2673): Values: 0.14982383 -0.14982383 9.765789
01-16 17:41:45.286 I/System.out( 2673): Values: 0.14982383 -0.14982383 9.765789
01-16 17:41:46.287 I/System.out( 2673): Values: 0.14982383 -0.10896278 9.765789
01-16 17:41:47.288 I/System.out( 2673): Values: 0.14982383 -0.14982383 9.765789
01-16 17:41:48.279 I/System.out( 2673): Values: 0.14982383 -0.14982383 9.765789
01-16 17:41:49.280 I/System.out( 2673): Values: 0.14982383 -0.10896278 9.765789
01-16 17:41:50.281 I/System.out( 2673): Values: 0.10896278 -0.14982383 9.765789
01-16 17:41:51.282 I/System.out( 2673): Values: 0.06810174 -0.14982383 9.765789
01-16 17:41:52.283 I/System.out( 2673): Values: 0.10896278 -0.10896278 9.765789
01-16 17:41:53.284 I/System.out( 2673): Values: 0.19068487 -0.14982383 9.765789
01-16 17:41:54.285 I/System.out( 2673): Values: 0.14982383 -0.10896278 9.765789
01-16 17:41:55.276 I/System.out( 2673): Values: 0.14982383 -0.14982383 9.80665
01-16 17:41:56.287 I/System.out( 2673): Values: 0.19068487 -0.10896278 9.724928
01-16 17:41:57.288 I/System.out( 2673): Values: 0.14982383 -0.14982383 9.765789
01-16 17:41:58.289 I/System.out( 2673): Values: 0.14982383 -0.14982383 9.765789
01-16 17:41:59.290 I/System.out( 2673): Values: 0.14982383 -0.14982383 9.724928
01-16 17:42:00.290 I/System.out( 2673): Values: 0.19068487 -0.10896278 9.724928
01-16 17:42:01.291 I/System.out( 2673): Values: 0.14982383 -0.10896278 9.724928
01-16 17:42:02.292 I/System.out( 2673): Values: 0.14982383 -0.14982383 9.765789
01-16 17:42:03.293 I/System.out( 2673): Values: 0.19068487 -0.14982383 9.765789
01-16 17:42:04.294 I/System.out( 2673): Values: 0.19068487 -0.10896278 9.724928
01-16 17:42:05.285 I/System.out( 2673): Values: 0.19068487 -0.10896278 9.724928
01-16 17:42:06.286 I/System.out( 2673): Values: 0.19068487 -0.14982383 9.724928
01-16 17:42:06.647 D/UsbnetService( 1576): BroadcastReceiver::onReceive+
01-16 17:42:06.647 D/UsbnetService( 1576): onReceive BATTERY_CHANGED
01-16 17:42:06.647 D/UsbnetService( 1576):  --> pluggedType = 2, mPluggedType = 0, mScreenOff = false
01-16 17:42:06.657 D/UsbnetService( 1576): BroadcastReceiver::onReceive-
01-16 17:42:06.657 D/NotificationService( 1576): mIntentReceiver() Intent.ACTION_BATTERY_CHANGED
01-16 17:42:06.667 D/BatteryService( 1576): SendIntentforPowersaver
01-16 17:42:06.667 D/BatteryService( 1576): Current powersaver status == NORMAL_STATUS1 2 2 false
01-16 17:42:06.677 D/PowerUI ( 1646): closing low battery warning: level=98
01-16 17:42:06.677 D/RemoveMe( 1666): DCT got intent android.intent.action.BATTERY_CHANGED
01-16 17:42:06.677 D/RemoveMe( 1666): DCT got intent android.intent.action.BATTERY_CHANGED
01-16 17:42:06.677 D/PowerUI ( 1646): plugged = true, health = 2, mBatteryLevel = 98, mPluggedBatteryLevel = 97, mLowBatteryWarningLevel2 = 25, mshowLowChargingWarning2 = true
01-16 17:42:06.687 D/RemoveMe( 1666): DCT got intent android.intent.action.BATTERY_CHANGED
01-16 17:42:07.287 I/System.out( 2673): Values: 0.14982383 -0.14982383 9.765789
01-16 17:42:07.287 I/System.out( 2673): Battery level start is reached
01-16 17:42:08.288 I/System.out( 2673): Values: 0.14982383 -0.10896278 9.724928
01-16 17:42:09.289 I/System.out( 2673): Values: 0.19068487 -0.14982383 9.765789
01-16 17:42:10.290 I/System.out( 2673): Values: 0.14982383 -0.14982383 9.765789
01-16 17:42:11.291 I/System.out( 2673): Values: 0.06810174 -0.14982383 9.80665
01-16 17:42:12.292 I/System.out( 2673): Values: 0.19068487 -0.14982383 9.765789
01-16 17:42:13.293 I/System.out( 2673): Values: 0.14982383 -0.10896278 9.765789
01-16 17:42:14.284 I/System.out( 2673): Values: 0.19068487 -0.14982383 9.724928
01-16 17:42:15.285 I/System.out( 2673): Values: 0.14982383 -0.10896278 9.724928
01-16 17:42:16.286 I/System.out( 2673): Values: 0.14982383 -0.10896278 9.765789
01-16 17:42:17.287 I/System.out( 2673): Values: 0.19068487 -0.10896278 9.765789
01-16 17:42:18.288 I/System.out( 2673): Values: 0.10896278 -0.10896278 9.80665
01-16 17:42:19.299 I/System.out( 2673): Values: 0.14982383 -0.14982383 9.765789
01-16 17:42:20.290 I/System.out( 2673): Values: 0.14982383 -0.14982383 9.80665
01-16 17:42:21.291 I/System.out( 2673): Values: 0.19068487 -0.14982383 9.765789
01-16 17:42:22.292 I/System.out( 2673): Values: 0.19068487 -0.10896278 9.80665
01-16 17:42:23.303 I/System.out( 2673): Values: 0.19068487 -0.10896278 9.765789
01-16 17:42:24.294 I/System.out( 2673): Values: 0.19068487 -0.10896278 9.724928
01-16 17:42:25.285 I/System.out( 2673): Values: 0.14982383 -0.10896278 9.80665
01-16 17:42:26.286 I/System.out( 2673): Values: 0.14982383 -0.14982383 9.765789
01-16 17:42:27.297 I/System.out( 2673): Values: 0.19068487 -0.14982383 9.765789
01-16 17:42:28.298 I/System.out( 2673): Values: 0.14982383 -0.14982383 9.765789
01-16 17:42:29.299 I/System.out( 2673): Values: 0.14982383 -0.14982383 9.765789
01-16 17:42:30.300 I/System.out( 2673): Values: 0.19068487 -0.14982383 9.765789
01-16 17:42:31.301 I/System.out( 2673): Values: 0.14982383 -0.14982383 9.765789
01-16 17:42:32.302 I/System.out( 2673): Values: 0.14982383 -0.14982383 9.80665
01-16 17:42:33.303 I/System.out( 2673): Values: 0.14982383 -0.14982383 9.765789
01-16 17:42:34.304 I/System.out( 2673): Values: 0.19068487 -0.14982383 9.724928
01-16 17:42:35.295 I/System.out( 2673): Values: 0.14982383 -0.10896278 9.765789
01-16 17:42:36.296 I/System.out( 2673): Values: 0.14982383 -0.14982383 9.80665
01-16 17:42:36.676 D/UsbnetService( 1576): BroadcastReceiver::onReceive+
01-16 17:42:36.676 D/UsbnetService( 1576): onReceive BATTERY_CHANGED
01-16 17:42:36.676 D/UsbnetService( 1576):  --> pluggedType = 2, mPluggedType = 0, mScreenOff = false
01-16 17:42:36.676 D/UsbnetService( 1576): BroadcastReceiver::onReceive-
01-16 17:42:36.686 D/NotificationService( 1576): mIntentReceiver() Intent.ACTION_BATTERY_CHANGED
01-16 17:42:36.696 D/BatteryService( 1576): SendIntentforPowersaver
01-16 17:42:36.696 D/BatteryService( 1576): Current powersaver status == NORMAL_STATUS1 2 2 false
01-16 17:42:36.706 D/PowerUI ( 1646): closing low battery warning: level=98
01-16 17:42:36.706 D/PowerUI ( 1646): plugged = true, health = 2, mBatteryLevel = 98, mPluggedBatteryLevel = 97, mLowBatteryWarningLevel2 = 25, mshowLowChargingWarning2 = true
01-16 17:42:36.716 D/RemoveMe( 1666): DCT got intent android.intent.action.BATTERY_CHANGED
01-16 17:42:36.736 D/RemoveMe( 1666): DCT got intent android.intent.action.BATTERY_CHANGED
01-16 17:42:36.736 D/RemoveMe( 1666): DCT got intent android.intent.action.BATTERY_CHANGED
01-16 17:42:37.307 I/System.out( 2673): Values: 0.14982383 -0.10896278 9.765789
01-16 17:42:38.308 I/System.out( 2673): Values: 0.14982383 -0.14982383 9.765789
01-16 17:42:39.299 I/System.out( 2673): Values: 0.14982383 -0.14982383 9.724928
01-16 17:42:40.300 I/System.out( 2673): Values: 0.14982383 -0.14982383 9.724928
01-16 17:42:41.300 I/System.out( 2673): Values: 0.19068487 -0.14982383 9.765789
01-16 17:42:42.301 I/System.out( 2673): Values: 0.19068487 -0.10896278 9.724928
01-16 17:42:43.302 I/System.out( 2673): Values: 0.14982383 -0.14982383 9.765789
01-16 17:42:44.303 I/System.out( 2673): Values: 0.14982383 -0.14982383 9.80665
01-16 17:42:45.304 I/System.out( 2673): Values: 0.14982383 -0.14982383 9.80665
01-16 17:42:46.295 I/System.out( 2673): Values: 0.14982383 -0.10896278 9.765789
01-16 17:42:47.306 I/System.out( 2673): Values: 0.14982383 -0.14982383 9.724928
01-16 17:42:48.297 I/System.out( 2673): Values: 0.19068487 -0.14982383 9.724928
01-16 17:42:49.298 I/System.out( 2673): Values: 0.14982383 -0.10896278 9.724928
01-16 17:42:50.309 I/System.out( 2673): Values: 0.10896278 -0.14982383 9.765789
01-16 17:42:51.300 I/System.out( 2673): Values: 0.19068487 -0.14982383 9.765789
01-16 17:42:52.311 I/System.out( 2673): Values: 0.14982383 -0.14982383 9.765789
01-16 17:42:53.312 I/System.out( 2673): Values: 0.14982383 -0.14982383 9.80665
01-16 17:42:54.313 I/System.out( 2673): Values: 0.14982383 -0.14982383 9.765789
01-16 17:42:55.304 I/System.out( 2673): Values: 0.14982383 -0.14982383 9.80665
01-16 17:42:56.305 I/System.out( 2673): Values: 0.14982383 -0.10896278 9.765789
01-16 17:42:57.306 I/System.out( 2673): Values: 0.19068487 -0.14982383 9.724928
01-16 17:42:58.307 I/System.out( 2673): Values: 0.10896278 -0.14982383 9.765789
01-16 17:42:59.308 I/System.out( 2673): Values: 0.19068487 -0.14982383 9.765789
01-16 17:43:00.309 I/System.out( 2673): Values: 0.14982383 -0.14982383 9.765789
01-16 17:43:01.310 I/System.out( 2673): Values: 0.14982383 -0.10896278 9.765789
01-16 17:43:02.311 I/System.out( 2673): Values: 0.19068487 -0.19068487 9.765789
01-16 17:43:03.312 I/System.out( 2673): Values: 0.14982383 -0.14982383 9.765789
01-16 17:43:04.313 I/System.out( 2673): Values: 0.19068487 -0.14982383 9.724928
01-16 17:43:05.094 D/dalvikvm( 1681): GC_EXPLICIT freed 1187K, 25% free 10274K/13575K, paused 3ms+3ms
01-16 17:43:05.314 I/System.out( 2673): Values: 0.10896278 -0.14982383 9.765789
01-16 17:43:06.315 I/System.out( 2673): Values: 0.19068487 -0.10896278 9.724928
01-16 17:43:07.316 I/System.out( 2673): Values: 0.14982383 -0.14982383 9.724928
01-16 17:43:08.317 I/System.out( 2673): Values: 0.14982383 -0.14982383 9.765789
01-16 17:43:09.318 I/System.out( 2673): Values: 0.14982383 -0.14982383 9.80665
01-16 17:43:10.309 I/System.out( 2673): Values: 0.19068487 -0.10896278 9.765789
01-16 17:43:11.310 I/System.out( 2673): Values: 0.19068487 -0.14982383 9.765789
01-16 17:43:12.311 I/System.out( 2673): Values: 0.14982383 -0.14982383 9.80665
01-16 17:43:13.312 I/System.out( 2673): Values: 0.14982383 -0.14982383 9.80665
01-16 17:43:14.313 I/System.out( 2673): Values: 0.14982383 -0.14982383 9.765789
01-16 17:43:15.314 I/System.out( 2673): Values: 0.14982383 -0.14982383 9.765789
01-16 17:43:16.305 I/System.out( 2673): Values: 0.14982383 -0.10896278 9.765789
01-16 17:43:17.306 I/System.out( 2673): Values: 0.19068487 -0.19068487 9.724928
01-16 17:43:18.317 I/System.out( 2673): Values: 0.14982383 -0.14982383 9.724928
01-16 17:43:19.308 I/System.out( 2673): Values: 0.19068487 -0.14982383 9.724928
01-16 17:43:20.309 I/System.out( 2673): Values: 0.19068487 -0.10896278 9.765789
01-16 17:43:20.379 D/dalvikvm( 2673): GC_CONCURRENT freed 336K, 7% free 6556K/6983K, paused 5ms+1ms
01-16 17:43:21.310 I/System.out( 2673): Values: 0.14982383 -0.10896278 9.80665
01-16 17:43:22.311 I/System.out( 2673): Values: 0.21792556 -0.14982383 9.765789
01-16 17:43:23.311 I/System.out( 2673): Values: 0.19068487 -0.10896278 9.724928
01-16 17:43:24.312 I/System.out( 2673): Values: 0.14982383 -0.14982383 9.765789
01-16 17:43:25.313 I/System.out( 2673): Values: 0.14982383 -0.10896278 9.765789
01-16 17:43:26.314 I/System.out( 2673): Values: 0.14982383 -0.14982383 9.765789
01-16 17:43:27.315 I/System.out( 2673): Values: 0.19068487 -0.14982383 9.724928
01-16 17:43:28.316 I/System.out( 2673): Values: 0.14982383 -0.14982383 9.765789
01-16 17:43:29.307 I/System.out( 2673): Values: 0.10896278 -0.19068487 9.765789
01-16 17:43:30.308 I/System.out( 2673): Values: 0.14982383 -0.14982383 9.80665
01-16 17:43:31.309 I/System.out( 2673): Values: 0.10896278 -0.14982383 9.80665
01-16 17:43:32.310 I/System.out( 2673): Values: 0.19068487 -0.14982383 9.724928
01-16 17:43:33.311 I/System.out( 2673): Values: 0.10896278 -0.14982383 9.80665
01-16 17:43:34.312 I/System.out( 2673): Values: 0.10896278 -0.14982383 9.80665
01-16 17:43:35.323 I/System.out( 2673): Values: 0.10896278 -0.14982383 9.80665
01-16 17:43:36.314 I/System.out( 2673): Values: 0.14982383 -0.14982383 9.765789
01-16 17:43:36.715 D/UsbnetService( 1576): BroadcastReceiver::onReceive+
01-16 17:43:36.715 D/UsbnetService( 1576): onReceive BATTERY_CHANGED
01-16 17:43:36.725 D/UsbnetService( 1576):  --> pluggedType = 2, mPluggedType = 0, mScreenOff = false
01-16 17:43:36.725 D/UsbnetService( 1576): BroadcastReceiver::onReceive-
01-16 17:43:36.725 D/NotificationService( 1576): mIntentReceiver() Intent.ACTION_BATTERY_CHANGED
01-16 17:43:36.735 D/BatteryService( 1576): SendIntentforPowersaver
01-16 17:43:36.735 D/BatteryService( 1576): Current powersaver status == NORMAL_STATUS1 2 2 false
01-16 17:43:36.755 D/PowerUI ( 1646): closing low battery warning: level=98
01-16 17:43:36.755 D/PowerUI ( 1646): plugged = true, health = 2, mBatteryLevel = 98, mPluggedBatteryLevel = 97, mLowBatteryWarningLevel2 = 25, mshowLowChargingWarning2 = true
01-16 17:43:36.765 D/RemoveMe( 1666): DCT got intent android.intent.action.BATTERY_CHANGED
01-16 17:43:36.775 D/RemoveMe( 1666): DCT got intent android.intent.action.BATTERY_CHANGED
01-16 17:43:36.775 D/RemoveMe( 1666): DCT got intent android.intent.action.BATTERY_CHANGED
01-16 17:43:37.315 I/System.out( 2673): Values: 0.14982383 -0.14982383 9.765789
01-16 17:43:38.316 I/System.out( 2673): Values: 0.14982383 -0.14982383 9.765789
01-16 17:43:39.317 I/System.out( 2673): Values: 0.14982383 -0.14982383 9.80665
01-16 17:43:40.318 I/System.out( 2673): Values: 0.10896278 -0.10896278 9.765789
01-16 17:43:41.319 I/System.out( 2673): Values: 0.14982383 -0.10896278 9.765789
01-16 17:43:42.320 I/System.out( 2673): Values: 0.14982383 -0.14982383 9.765789
01-16 17:43:43.321 I/System.out( 2673): Values: 0.10896278 -0.14982383 9.80665
01-16 17:43:44.322 I/System.out( 2673): Values: 0.14982383 -0.14982383 9.765789
01-16 17:43:45.323 I/System.out( 2673): Values: 0.14982383 -0.10896278 9.724928
01-16 17:43:46.324 I/System.out( 2673): Values: 0.10896278 -0.14982383 9.765789
01-16 17:43:47.315 I/System.out( 2673): Values: 0.19068487 -0.14982383 9.724928
01-16 17:43:48.316 I/System.out( 2673): Values: 0.14982383 -0.14982383 9.765789
01-16 17:43:49.317 I/System.out( 2673): Values: 0.14982383 -0.14982383 9.80665
01-16 17:43:50.318 I/System.out( 2673): Values: 0.14982383 -0.14982383 9.833891
01-16 17:43:51.319 I/System.out( 2673): Values: 0.10896278 -0.14982383 9.80665
01-16 17:43:52.320 I/System.out( 2673): Values: 0.19068487 -0.10896278 9.684067
01-16 17:43:53.321 I/System.out( 2673): Values: 0.14982383 -0.14982383 9.80665
01-16 17:43:54.322 I/System.out( 2673): Values: 0.10896278 -0.14982383 9.80665
01-16 17:43:55.323 I/System.out( 2673): Values: 0.10896278 -0.14982383 9.80665
01-16 17:43:56.324 I/System.out( 2673): Values: 0.14982383 -0.14982383 9.765789
01-16 17:43:57.325 I/System.out( 2673): Values: 0.14982383 -0.10896278 9.80665
01-16 17:43:58.316 I/System.out( 2673): Values: 0.14982383 -0.14982383 9.765789
01-16 17:43:59.317 I/System.out( 2673): Values: 0.14982383 -0.14982383 9.765789
01-16 17:44:00.328 I/System.out( 2673): Values: 0.19068487 -0.19068487 9.765789
01-16 17:44:01.329 I/System.out( 2673): Values: 0.14982383 -0.19068487 9.765789
01-16 17:44:02.330 I/System.out( 2673): Values: 0.10896278 -0.14982383 9.765789
01-16 17:44:03.331 I/System.out( 2673): Values: 0.14982383 -0.14982383 9.765789
01-16 17:44:04.332 I/System.out( 2673): Values: 0.10896278 -0.10896278 9.833891
01-16 17:44:05.332 I/System.out( 2673): Values: 0.19068487 -0.10896278 9.765789
01-16 17:44:06.333 I/System.out( 2673): Values: 0.14982383 -0.14982383 9.80665
01-16 17:44:06.754 D/UsbnetService( 1576): BroadcastReceiver::onReceive+
01-16 17:44:06.754 D/UsbnetService( 1576): onReceive BATTERY_CHANGED
01-16 17:44:06.754 D/UsbnetService( 1576):  --> pluggedType = 2, mPluggedType = 0, mScreenOff = false
01-16 17:44:06.754 D/UsbnetService( 1576): BroadcastReceiver::onReceive-
01-16 17:44:06.764 D/NotificationService( 1576): mIntentReceiver() Intent.ACTION_BATTERY_CHANGED
01-16 17:44:06.774 D/BatteryService( 1576): SendIntentforPowersaver
01-16 17:44:06.774 D/BatteryService( 1576): Current powersaver status == NORMAL_STATUS1 2 2 false
01-16 17:44:06.794 D/RemoveMe( 1666): DCT got intent android.intent.action.BATTERY_CHANGED
01-16 17:44:06.794 D/RemoveMe( 1666): DCT got intent android.intent.action.BATTERY_CHANGED
01-16 17:44:06.794 D/RemoveMe( 1666): DCT got intent android.intent.action.BATTERY_CHANGED
01-16 17:44:06.804 D/PowerUI ( 1646): closing low battery warning: level=98
01-16 17:44:06.804 D/PowerUI ( 1646): plugged = true, health = 2, mBatteryLevel = 98, mPluggedBatteryLevel = 97, mLowBatteryWarningLevel2 = 25, mshowLowChargingWarning2 = true
01-16 17:44:06.814 D/dalvikvm( 1646): GC_CONCURRENT freed 342K, 6% free 8476K/8967K, paused 1ms+1ms
01-16 17:44:07.334 I/System.out( 2673): Values: 0.14982383 -0.14982383 9.80665
01-16 17:44:08.325 I/System.out( 2673): Values: 0.14982383 -0.14982383 9.765789
01-16 17:44:09.326 I/System.out( 2673): Values: 0.10896278 -0.14982383 9.80665
01-16 17:44:10.327 I/System.out( 2673): Values: 0.19068487 -0.14982383 9.765789
01-16 17:44:11.328 I/System.out( 2673): Values: 0.19068487 -0.14982383 9.765789
01-16 17:44:12.329 I/System.out( 2673): Values: 0.10896278 -0.10896278 9.765789
01-16 17:44:13.330 I/System.out( 2673): Values: 0.14982383 -0.14982383 9.765789
01-16 17:44:14.331 I/System.out( 2673): Values: 0.14982383 -0.19068487 9.765789
01-16 17:44:15.332 I/System.out( 2673): Values: 0.14982383 -0.14982383 9.765789
01-16 17:44:16.343 I/System.out( 2673): Values: 0.19068487 -0.14982383 9.765789
01-16 17:44:17.344 I/System.out( 2673): Values: 0.14982383 -0.19068487 9.80665
01-16 17:44:18.335 I/System.out( 2673): Values: 0.14982383 -0.14982383 9.765789
01-16 17:44:19.336 I/System.out( 2673): Values: 0.14982383 -0.14982383 9.724928
01-16 17:44:20.337 I/System.out( 2673): Values: 0.19068487 -0.10896278 9.765789
01-16 17:44:21.338 I/System.out( 2673): Values: 0.14982383 -0.14982383 9.765789
01-16 17:44:22.339 I/System.out( 2673): Values: 0.10896278 -0.14982383 9.765789
01-16 17:44:23.340 I/System.out( 2673): Values: 0.19068487 -0.14982383 9.765789
01-16 17:44:24.341 I/System.out( 2673): Values: 0.14982383 -0.14982383 9.80665
01-16 17:44:25.342 I/System.out( 2673): Values: 0.19068487 -0.14982383 9.765789
01-16 17:44:26.343 I/System.out( 2673): Values: 0.14982383 -0.14982383 9.833891
01-16 17:44:27.344 I/System.out( 2673): Values: 0.19068487 -0.10896278 9.724928
01-16 17:44:28.345 I/System.out( 2673): Values: 0.19068487 -0.10896278 9.765789
01-16 17:44:29.336 I/System.out( 2673): Values: 0.10896278 -0.10896278 9.765789
