01-16 16:55:24.266 I//system/bin/btld( 1915): ##### USERIAL_Ioctl: BT_Wake, USERIAL_IO_BT_WAKE_ASSERT ####
01-16 16:55:24.797 I/System.out( 2776): Values:3
01-16 16:55:24.877 I//system/bin/btld( 1915): ##### USERIAL_Ioctl: BT_Sleep, USERIAL_IO_BT_WAKE_DEASSERT ####
01-16 16:55:25.107 D/DTUN_HCID4( 1969): dtun_dm_sig_rmt_name()
01-16 16:55:25.117 I//system/bin/btld( 1915): ##### USERIAL_Ioctl: BT_Wake, USERIAL_IO_BT_WAKE_ASSERT ####
01-16 16:55:25.117 I//system/bin/btld( 1915): send_ctrl_msg: [BTL_IFS CTRL] send BTLIF_DTUN_SIGNAL_EVT (CTRL) 258 pbytes (hdl 17)
01-16 16:55:25.677 I//system/bin/btld( 1915): ##### USERIAL_Ioctl: BT_Sleep, USERIAL_IO_BT_WAKE_DEASSERT ####
01-16 16:55:25.677 D/DTUN_HCID4( 1969): dtun_dm_sig_rmt_name()
01-16 16:55:25.687 I//system/bin/btld( 1915): ##### USERIAL_Ioctl: BT_Wake, USERIAL_IO_BT_WAKE_ASSERT ####
01-16 16:55:25.687 I//system/bin/btld( 1915): send_ctrl_msg: [BTL_IFS CTRL] send BTLIF_DTUN_SIGNAL_EVT (CTRL) 258 pbytes (hdl 17)
01-16 16:55:25.798 I/System.out( 2776): Values:3
01-16 16:55:26.278 I//system/bin/btld( 1915): ##### USERIAL_Ioctl: BT_Sleep, USERIAL_IO_BT_WAKE_DEASSERT ####
01-16 16:55:26.799 I/System.out( 2776): Values:3
01-16 16:55:26.959 D/DTUN_HCID4( 1969): dtun_dm_sig_rmt_name()
01-16 16:55:26.959 D/DTUN_HCID4( 1969): dtun_dm_sig_discovery_complete()
01-16 16:55:26.959 D/BluetoothService( 1576): Property Changed: Discovering : false
01-16 16:55:26.969 I//system/bin/btld( 1915): send_ctrl_msg: [BTL_IFS CTRL] send BTLIF_DTUN_SIGNAL_EVT (CTRL) 258 pbytes (hdl 17)
01-16 16:55:26.969 I//system/bin/btld( 1915): send_ctrl_msg: [BTL_IFS CTRL] send BTLIF_DTUN_SIGNAL_EVT (CTRL) 4 pbytes (hdl 17)
01-16 16:55:26.969 I/DTUN_CLNT( 1969): 	Client calling DTUN_METHOD_DM_CANCEL_DISCOVERY (id 3)
01-16 16:55:26.969 I/ADAPTER ( 1969): Stopping discovery
01-16 16:55:26.969 I/BluetoothService( 1576): [embedded] Discovery stopped
01-16 16:55:26.979 I//system/bin/btld( 1915): wrp_monitor_data_fds: 
01-16 16:55:26.979 I//system/bin/btld( 1915): dtun_receive_msg: [DTUN] Received message [BTLIF_DTUN_METHOD_CALL] 4354
01-16 16:55:26.979 I//system/bin/btld( 1915): handle_method_call: handle_method_call :: received DTUN_METHOD_DM_CANCEL_DISCOVERY (id 3), len 0
01-16 16:55:26.979 I/DTUN_CLNT( 1969): 	Client calling DTUN_METHOD_DM_START_DISCOVERY (id 2)
01-16 16:55:26.979 D/BTL_CFG ( 1916): +btl_cfg_getBDAFilterCond getting property service.brcm.bt.INQ_FILTER_BDA
01-16 16:55:26.979 I/BTL_CFG ( 1916): WARNING : [service.brcm.bt.INQ_FILTER_BDA] property_get failed (0)
01-16 16:55:26.979 D/BTL_CFG ( 1916): -btl_cfg_getBDAFilterCond bdaddr=, nRet=0
01-16 16:55:26.979 W/        ( 1916): bta_dm_check_av:0
01-16 16:55:26.979 I/ADAPTER ( 1969): Discovery session 0xe8e0 with :1.0 activated
01-16 16:55:26.989 I//system/bin/btld( 1915): btapp_dm_CancelDiscovery()wrp_monitor_data_fds: 
01-16 16:55:26.989 I//system/bin/btld( 1915): dtun_receive_msg: [DTUN] Received message [BTLIF_DTUN_METHOD_CALL] 4354
01-16 16:55:26.989 I//system/bin/btld( 1915): handle_method_call: handle_method_call :: received DTUN_METHOD_DM_START_DISCOVERY (id 2), len 0
01-16 16:55:26.989 I//system/bin/btld( 1915): btapp_dm_DiscoverDevices()##### USERIAL_Ioctl: BT_Wake, USERIAL_IO_BT_WAKE_ASSERT ####
01-16 16:55:26.989 I//system/bin/btld( 1915): send_ctrl_msg: [BTL_IFS CTRL] send BTLIF_DTUN_SIGNAL_EVT (CTRL) 4 pbytes (hdl 17)
01-16 16:55:26.989 D/DTUN_HCID4( 1969): dtun_dm_sig_discovery_started()
01-16 16:55:26.989 D/BluetoothService( 1576): Property Changed: Discovering : true
01-16 16:55:26.989 I/BluetoothService( 1576): [embedded] Discovery started
01-16 16:55:27.589 I//system/bin/btld( 1915): ##### USERIAL_Ioctl: BT_Sleep, USERIAL_IO_BT_WAKE_DEASSERT ####
01-16 16:55:27.790 I/System.out( 2776): Values:0
01-16 16:55:28.790 I/System.out( 2776): Values:0
01-16 16:55:29.601 I/DTUN_HCID4( 1969): *** Found device [E4:CE:8F:15:7D:27] class = [38010c] ***
01-16 16:55:29.611 I//system/bin/btld( 1915): send_ctrl_msg: [BTL_IFS CTRL] send BTLIF_DTUN_SIGNAL_EVT (CTRL) 16 pbytes (hdl 17)
01-16 16:55:29.621 D/BluetoothService( 1576): updateDeviceServiceChannelCache(E4:CE:8F:15:7D:27)
01-16 16:55:29.621 I/BluetoothService( 1576): [embedded] New device found: address :E4:CE:8F:15:7D:27 name:Yanita Oparlakovas MacBook Pro
01-16 16:55:29.791 I/System.out( 2776): Values:1
01-16 16:55:30.192 I/DTUN_HCID4( 1969): *** Found device [B8:8D:12:11:06:FF] class = [3a010c] ***
01-16 16:55:30.202 I//system/bin/btld( 1915): send_ctrl_msg: [BTL_IFS CTRL] send BTLIF_DTUN_SIGNAL_EVT (CTRL) 16 pbytes (hdl 17)
01-16 16:55:30.202 D/BluetoothService( 1576): updateDeviceServiceChannelCache(B8:8D:12:11:06:FF)
01-16 16:55:30.202 I/BluetoothService( 1576): [embedded] New device found: address :B8:8D:12:11:06:FF name:Christophers MacBook Air
01-16 16:55:30.792 I/System.out( 2776): Values:2
01-16 16:55:31.793 I/System.out( 2776): Values:2
01-16 16:55:32.394 I/DTUN_HCID4( 1969): *** Found device [00:23:12:41:4B:A0] class = [3a0104] ***
01-16 16:55:32.394 D/BluetoothService( 1576): updateDeviceServiceChannelCache(00:23:12:41:4B:A0)
01-16 16:55:32.404 I//system/bin/btld( 1915): send_ctrl_msg: [BTL_IFS CTRL] send BTLIF_DTUN_SIGNAL_EVT (CTRL) 16 pbytes (hdl 17)
01-16 16:55:32.404 I/BluetoothService( 1576): [embedded] New device found: address :00:23:12:41:4B:A0 name:ancnoc
01-16 16:55:32.794 I/System.out( 2776): Values:3
01-16 16:55:33.465 I/DTUN_HCID4( 1969): *** Found device [64:B9:E8:D8:6E:24] class = [380104] ***
01-16 16:55:33.465 D/BluetoothService( 1576): updateDeviceServiceChannelCache(64:B9:E8:D8:6E:24)
01-16 16:55:33.465 I/BluetoothService( 1576): [embedded] New device found: address :64:B9:E8:D8:6E:24 name:Uigeadail
01-16 16:55:33.475 I//system/bin/btld( 1915): send_ctrl_msg: [BTL_IFS CTRL] send BTLIF_DTUN_SIGNAL_EVT (CTRL) 16 pbytes (hdl 17)
01-16 16:55:33.795 I/System.out( 2776): Values:4
01-16 16:55:33.865 D/dalvikvm( 2776): GC_CONCURRENT freed 402K, 8% free 6557K/7111K, paused 5ms+4ms
01-16 16:55:34.796 I/System.out( 2776): Values:4
01-16 16:55:35.797 I/System.out( 2776): Values:4
01-16 16:55:36.798 I/System.out( 2776): Values:4
01-16 16:55:37.799 I/System.out( 2776): Values:4
01-16 16:55:38.800 I/System.out( 2776): Values:4
01-16 16:55:39.801 I//system/bin/btld( 1915): ##### USERIAL_Ioctl: BT_Wake, USERIAL_IO_BT_WAKE_ASSERT ####
01-16 16:55:39.801 I/System.out( 2776): Values:4
01-16 16:55:40.402 I//system/bin/btld( 1915): ##### USERIAL_Ioctl: BT_Sleep, USERIAL_IO_BT_WAKE_DEASSERT ####
01-16 16:55:40.802 I/System.out( 2776): Values:4
01-16 16:55:40.832 D/DTUN_HCID4( 1969): dtun_dm_sig_rmt_name()
01-16 16:55:40.832 I//system/bin/btld( 1915): ##### USERIAL_Ioctl: BT_Wake, USERIAL_IO_BT_WAKE_ASSERT ####
01-16 16:55:40.832 I//system/bin/btld( 1915): send_ctrl_msg: [BTL_IFS CTRL] send BTLIF_DTUN_SIGNAL_EVT (CTRL) 258 pbytes (hdl 17)
01-16 16:55:40.832 D/UsbnetService( 1576): BroadcastReceiver::onReceive+
01-16 16:55:40.832 D/UsbnetService( 1576): onReceive BATTERY_CHANGED
01-16 16:55:40.832 D/UsbnetService( 1576):  --> pluggedType = 0, mPluggedType = 0, mScreenOff = false
01-16 16:55:40.832 D/UsbnetService( 1576): BroadcastReceiver::onReceive-
01-16 16:55:40.842 D/NotificationService( 1576): mIntentReceiver() Intent.ACTION_BATTERY_CHANGED
01-16 16:55:40.852 D/BatteryService( 1576): SendIntentforPowersaver
01-16 16:55:40.852 D/BatteryService( 1576): Current powersaver status == NORMAL_STATUS1 4 2 false
01-16 16:55:40.862 D/RemoveMe( 1663): DCT got intent android.intent.action.BATTERY_CHANGED
01-16 16:55:40.862 D/PowerUI ( 1646): plugged = false, health = 2, mBatteryLevel = 97, mPluggedBatteryLevel = 100, mLowBatteryWarningLevel2 = 25, mshowLowChargingWarning2 = true
01-16 16:55:40.872 D/RemoveMe( 1663): DCT got intent android.intent.action.BATTERY_CHANGED
01-16 16:55:40.872 D/RemoveMe( 1663): DCT got intent android.intent.action.BATTERY_CHANGED
01-16 16:55:41.403 I//system/bin/btld( 1915): ##### USERIAL_Ioctl: BT_Sleep, USERIAL_IO_BT_WAKE_DEASSERT ####
01-16 16:55:41.803 I/System.out( 2776): Values:4
01-16 16:55:41.803 I/System.out( 2776): Battery level end is reached
01-16 16:55:41.803 I/System.out( 2776): Time difference in secs is: 271
01-16 16:55:42.804 I/System.out( 2776): Values:4
01-16 16:55:42.804 I/System.out( 2776): Time difference in secs is: 271
01-16 16:55:43.805 I/System.out( 2776): Values:4
01-16 16:55:43.805 I/System.out( 2776): Time difference in secs is: 271
01-16 16:55:44.806 I/System.out( 2776): Values:4
01-16 16:55:44.806 I/System.out( 2776): Time difference in secs is: 271
01-16 16:55:45.807 I/System.out( 2776): Values:4
01-16 16:55:45.807 I/System.out( 2776): Time difference in secs is: 271
01-16 16:55:45.967 I//system/bin/btld( 1915): ##### USERIAL_Ioctl: BT_Wake, USERIAL_IO_BT_WAKE_ASSERT ####
01-16 16:55:46.538 I//system/bin/btld( 1915): ##### USERIAL_Ioctl: BT_Sleep, USERIAL_IO_BT_WAKE_DEASSERT ####
01-16 16:55:46.808 I/System.out( 2776): Values:4
01-16 16:55:46.808 I/System.out( 2776): Time difference in secs is: 271
01-16 16:55:47.118 D/DTUN_HCID4( 1969): dtun_dm_sig_rmt_name()
01-16 16:55:47.128 I//system/bin/btld( 1915): ##### USERIAL_Ioctl: BT_Wake, USERIAL_IO_BT_WAKE_ASSERT ####
01-16 16:55:47.128 I//system/bin/btld( 1915): send_ctrl_msg: [BTL_IFS CTRL] send BTLIF_DTUN_SIGNAL_EVT (CTRL) 258 pbytes (hdl 17)
01-16 16:55:47.639 I//system/bin/btld( 1915): ##### USERIAL_Ioctl: BT_Sleep, USERIAL_IO_BT_WAKE_DEASSERT ####
01-16 16:55:47.759 D/DTUN_HCID4( 1969): dtun_dm_sig_rmt_name()
01-16 16:55:47.759 D/DTUN_HCID4( 1969): dtun_dm_sig_discovery_complete()
01-16 16:55:47.759 D/BluetoothService( 1576): Property Changed: Discovering : false
01-16 16:55:47.759 I/DTUN_CLNT( 1969): 	Client calling DTUN_METHOD_DM_CANCEL_DISCOVERY (id 3)
01-16 16:55:47.769 I//system/bin/btld( 1915): send_ctrl_msg: [BTL_IFS CTRL] send BTLIF_DTUN_SIGNAL_EVT (CTRL) 258 pbytes (hdl 17)
01-16 16:55:47.769 I//system/bin/btld( 1915): send_ctrl_msg: [BTL_IFS CTRL] send BTLIF_DTUN_SIGNAL_EVT (CTRL) 4 pbytes (hdl 17)
01-16 16:55:47.769 I/ADAPTER ( 1969): Stopping discovery
01-16 16:55:47.769 I/BluetoothService( 1576): [embedded] Discovery stopped
01-16 16:55:47.779 I//system/bin/btld( 1915): wrp_monitor_data_fds: 
01-16 16:55:47.779 I//system/bin/btld( 1915): dtun_receive_msg: [DTUN] Received message [BTLIF_DTUN_METHOD_CALL] 4354
01-16 16:55:47.779 I//system/bin/btld( 1915): handle_method_call: handle_method_call :: received DTUN_METHOD_DM_CANCEL_DISCOVERY (id 3), len 0
01-16 16:55:47.779 I/DTUN_CLNT( 1969): 	Client calling DTUN_METHOD_DM_START_DISCOVERY (id 2)
01-16 16:55:47.779 D/BTL_CFG ( 1916): +btl_cfg_getBDAFilterCond getting property service.brcm.bt.INQ_FILTER_BDA
01-16 16:55:47.779 I/BTL_CFG ( 1916): WARNING : [service.brcm.bt.INQ_FILTER_BDA] property_get failed (0)
01-16 16:55:47.779 D/BTL_CFG ( 1916): -btl_cfg_getBDAFilterCond bdaddr=, nRet=0
01-16 16:55:47.779 W/        ( 1916): bta_dm_check_av:0
01-16 16:55:47.779 I/ADAPTER ( 1969): Discovery session 0xf7a8 with :1.0 activated
01-16 16:55:47.789 I//system/bin/btld( 1915): btapp_dm_CancelDiscovery()wrp_monitor_data_fds: 
01-16 16:55:47.789 I//system/bin/btld( 1915): dtun_receive_msg: [DTUN] Received message [BTLIF_DTUN_METHOD_CALL] 4354
01-16 16:55:47.789 I//system/bin/btld( 1915): handle_method_call: handle_method_call :: received DTUN_METHOD_DM_START_DISCOVERY (id 2), len 0
01-16 16:55:47.789 I//system/bin/btld( 1915): btapp_dm_DiscoverDevices()##### USERIAL_Ioctl: BT_Wake, USERIAL_IO_BT_WAKE_ASSERT ####
01-16 16:55:47.789 I//system/bin/btld( 1915): send_ctrl_msg: [BTL_IFS CTRL] send BTLIF_DTUN_SIGNAL_EVT (CTRL) 4 pbytes (hdl 17)
01-16 16:55:47.789 D/DTUN_HCID4( 1969): dtun_dm_sig_discovery_started()
01-16 16:55:47.789 D/BluetoothService( 1576): Property Changed: Discovering : true
01-16 16:55:47.789 I/BluetoothService( 1576): [embedded] Discovery started
01-16 16:55:47.809 I/System.out( 2776): Values:0
01-16 16:55:47.809 I/System.out( 2776): Time difference in secs is: 271
01-16 16:55:48.350 I//system/bin/btld( 1915): ##### USERIAL_Ioctl: BT_Sleep, USERIAL_IO_BT_WAKE_DEASSERT ####
01-16 16:55:48.810 I/System.out( 2776): Values:0
01-16 16:55:48.810 I/System.out( 2776): Time difference in secs is: 271
01-16 16:55:49.811 I/System.out( 2776): Values:0
01-16 16:55:49.811 I/System.out( 2776): Time difference in secs is: 271
01-16 16:55:50.502 I/DTUN_HCID4( 1969): *** Found device [E4:CE:8F:15:7D:27] class = [38010c] ***
01-16 16:55:50.502 D/BluetoothService( 1576): updateDeviceServiceChannelCache(E4:CE:8F:15:7D:27)
01-16 16:55:50.502 I/BluetoothService( 1576): [embedded] New device found: address :E4:CE:8F:15:7D:27 name:Yanita Oparlakovas MacBook Pro
01-16 16:55:50.512 I//system/bin/btld( 1915): send_ctrl_msg: [BTL_IFS CTRL] send BTLIF_DTUN_SIGNAL_EVT (CTRL) 16 pbytes (hdl 17)
01-16 16:55:50.772 I/DTUN_HCID4( 1969): *** Found device [64:B9:E8:D8:6E:24] class = [380104] ***
01-16 16:55:50.772 D/BluetoothService( 1576): updateDeviceServiceChannelCache(64:B9:E8:D8:6E:24)
01-16 16:55:50.772 I//system/bin/btld( 1915): send_ctrl_msg: [BTL_IFS CTRL] send BTLIF_DTUN_SIGNAL_EVT (CTRL) 16 pbytes (hdl 17)
01-16 16:55:50.772 I/BluetoothService( 1576): [embedded] New device found: address :64:B9:E8:D8:6E:24 name:Uigeadail
01-16 16:55:50.802 I/System.out( 2776): Values:2
01-16 16:55:50.802 I/System.out( 2776): Time difference in secs is: 271
01-16 16:55:51.813 I/System.out( 2776): Values:2
01-16 16:55:51.813 I/System.out( 2776): Time difference in secs is: 271
01-16 16:55:52.814 I/System.out( 2776): Values:2
01-16 16:55:52.814 I/System.out( 2776): Time difference in secs is: 271
01-16 16:55:53.815 I/System.out( 2776): Values:2
01-16 16:55:53.815 I/System.out( 2776): Time difference in secs is: 271
01-16 16:55:54.816 I/System.out( 2776): Values:2
01-16 16:55:54.816 I/System.out( 2776): Time difference in secs is: 271
01-16 16:55:55.817 I/System.out( 2776): Values:2
01-16 16:55:55.817 I/System.out( 2776): Time difference in secs is: 271
01-16 16:55:56.818 I/System.out( 2776): Values:2
01-16 16:55:56.818 I/System.out( 2776): Time difference in secs is: 271
01-16 16:55:57.819 I/System.out( 2776): Values:2
01-16 16:55:57.819 I/System.out( 2776): Time difference in secs is: 271
01-16 16:55:58.820 I/System.out( 2776): Values:2
01-16 16:55:58.820 I/System.out( 2776): Time difference in secs is: 271
01-16 16:55:59.821 I/System.out( 2776): Values:2
01-16 16:55:59.821 I/System.out( 2776): Time difference in secs is: 271
01-16 16:56:00.602 I//system/bin/btld( 1915): ##### USERIAL_Ioctl: BT_Wake, USERIAL_IO_BT_WAKE_ASSERT ####
01-16 16:56:00.822 I/System.out( 2776): Values:2
01-16 16:56:00.822 I/System.out( 2776): Time difference in secs is: 271
01-16 16:56:00.892 D/DTUN_HCID4( 1969): dtun_dm_sig_rmt_name()
01-16 16:56:00.902 I//system/bin/btld( 1915): send_ctrl_msg: [BTL_IFS CTRL] send BTLIF_DTUN_SIGNAL_EVT (CTRL) 258 pbytes (hdl 17)
01-16 16:56:01.122 D/DTUN_HCID4( 1969): dtun_dm_sig_rmt_name()
01-16 16:56:01.122 D/DTUN_HCID4( 1969): dtun_dm_sig_discovery_complete()
01-16 16:56:01.122 D/BluetoothService( 1576): Property Changed: Discovering : false
01-16 16:56:01.122 I//system/bin/btld( 1915): send_ctrl_msg: [BTL_IFS CTRL] send BTLIF_DTUN_SIGNAL_EVT (CTRL) 258 pbytes (hdl 17)
01-16 16:56:01.122 I//system/bin/btld( 1915): send_ctrl_msg: [BTL_IFS CTRL] send BTLIF_DTUN_SIGNAL_EVT (CTRL) 4 pbytes (hdl 17)
01-16 16:56:01.122 I/DTUN_CLNT( 1969): 	Client calling DTUN_METHOD_DM_CANCEL_DISCOVERY (id 3)
01-16 16:56:01.122 I/ADAPTER ( 1969): Stopping discovery
01-16 16:56:01.122 I/BluetoothService( 1576): [embedded] Discovery stopped
01-16 16:56:01.132 I//system/bin/btld( 1915): wrp_monitor_data_fds: 
01-16 16:56:01.132 I//system/bin/btld( 1915): dtun_receive_msg: [DTUN] Received message [BTLIF_DTUN_METHOD_CALL] 4354
01-16 16:56:01.132 I//system/bin/btld( 1915): handle_method_call: handle_method_call :: received DTUN_METHOD_DM_CANCEL_DISCOVERY (id 3), len 0
01-16 16:56:01.132 I/DTUN_CLNT( 1969): 	Client calling DTUN_METHOD_DM_START_DISCOVERY (id 2)
01-16 16:56:01.132 D/BTL_CFG ( 1916): +btl_cfg_getBDAFilterCond getting property service.brcm.bt.INQ_FILTER_BDA
01-16 16:56:01.132 I/BTL_CFG ( 1916): WARNING : [service.brcm.bt.INQ_FILTER_BDA] property_get failed (0)
01-16 16:56:01.132 D/BTL_CFG ( 1916): -btl_cfg_getBDAFilterCond bdaddr=, nRet=0
01-16 16:56:01.132 W/        ( 1916): bta_dm_check_av:0
01-16 16:56:01.132 I/ADAPTER ( 1969): Discovery session 0xf7a8 with :1.0 activated
01-16 16:56:01.142 I//system/bin/btld( 1915): btapp_dm_CancelDiscovery()wrp_monitor_data_fds: 
01-16 16:56:01.142 I//system/bin/btld( 1915): dtun_receive_msg: [DTUN] Received message [BTLIF_DTUN_METHOD_CALL] 4354
01-16 16:56:01.142 I//system/bin/btld( 1915): handle_method_call: handle_method_call :: received DTUN_METHOD_DM_START_DISCOVERY (id 2), len 0
01-16 16:56:01.142 I//system/bin/btld( 1915): btapp_dm_DiscoverDevices()send_ctrl_msg: [BTL_IFS CTRL] send BTLIF_DTUN_SIGNAL_EVT (CTRL) 4 pbytes (hdl 17)
01-16 16:56:01.142 D/DTUN_HCID4( 1969): dtun_dm_sig_discovery_started()
01-16 16:56:01.142 D/BluetoothService( 1576): Property Changed: Discovering : true
01-16 16:56:01.142 I/BluetoothService( 1576): [embedded] Discovery started
01-16 16:56:01.693 I//system/bin/btld( 1915): ##### USERIAL_Ioctl: BT_Sleep, USERIAL_IO_BT_WAKE_DEASSERT ####
01-16 16:56:01.823 I/System.out( 2776): Values:0
01-16 16:56:01.823 I/System.out( 2776): Time difference in secs is: 271
01-16 16:56:02.824 I/System.out( 2776): Values:0
01-16 16:56:02.824 I/System.out( 2776): Time difference in secs is: 271
01-16 16:56:03.825 I/System.out( 2776): Values:0
01-16 16:56:03.825 I/System.out( 2776): Time difference in secs is: 271
01-16 16:56:04.826 I/System.out( 2776): Values:0
01-16 16:56:04.826 I/System.out( 2776): Time difference in secs is: 271
01-16 16:56:05.827 I/System.out( 2776): Values:0
01-16 16:56:05.827 I/System.out( 2776): Time difference in secs is: 271
01-16 16:56:05.907 I/DTUN_HCID4( 1969): *** Found device [E4:CE:8F:15:7D:27] class = [38010c] ***
01-16 16:56:05.907 D/BluetoothService( 1576): updateDeviceServiceChannelCache(E4:CE:8F:15:7D:27)
01-16 16:56:05.907 I/BluetoothService( 1576): [embedded] New device found: address :E4:CE:8F:15:7D:27 name:Yanita Oparlakovas MacBook Pro
01-16 16:56:05.917 I//system/bin/btld( 1915): send_ctrl_msg: [BTL_IFS CTRL] send BTLIF_DTUN_SIGNAL_EVT (CTRL) 16 pbytes (hdl 17)
01-16 16:56:06.828 I/System.out( 2776): Values:1
01-16 16:56:06.828 I/System.out( 2776): Time difference in secs is: 271
01-16 16:56:07.829 I/System.out( 2776): Values:1
01-16 16:56:07.829 I/System.out( 2776): Time difference in secs is: 271
01-16 16:56:08.830 I/System.out( 2776): Values:1
01-16 16:56:08.830 I/System.out( 2776): Time difference in secs is: 271
01-16 16:56:09.831 I/System.out( 2776): Values:1
01-16 16:56:09.831 I/System.out( 2776): Time difference in secs is: 271
01-16 16:56:10.832 I/System.out( 2776): Values:1
01-16 16:56:10.842 I/System.out( 2776): Time difference in secs is: 271
01-16 16:56:11.622 I/DTUN_HCID4( 1969): *** Found device [B8:8D:12:11:06:FF] class = [3a010c] ***
01-16 16:56:11.622 D/BluetoothService( 1576): updateDeviceServiceChannelCache(B8:8D:12:11:06:FF)
01-16 16:56:11.622 I//system/bin/btld( 1915): send_ctrl_msg: [BTL_IFS CTRL] send BTLIF_DTUN_SIGNAL_EVT (CTRL) 16 pbytes (hdl 17)
01-16 16:56:11.622 I/BluetoothService( 1576): [embedded] New device found: address :B8:8D:12:11:06:FF name:Christophers MacBook Air
01-16 16:56:11.832 I/System.out( 2776): Values:2
01-16 16:56:11.832 I/System.out( 2776): Time difference in secs is: 271
01-16 16:56:12.143 I/DTUN_HCID4( 1969): *** Found device [00:23:12:41:4B:A0] class = [3a0104] ***
01-16 16:56:12.143 D/BluetoothService( 1576): updateDeviceServiceChannelCache(00:23:12:41:4B:A0)
01-16 16:56:12.143 I/BluetoothService( 1576): [embedded] New device found: address :00:23:12:41:4B:A0 name:ancnoc
01-16 16:56:12.153 I//system/bin/btld( 1915): send_ctrl_msg: [BTL_IFS CTRL] send BTLIF_DTUN_SIGNAL_EVT (CTRL) 16 pbytes (hdl 17)
01-16 16:56:12.833 I/System.out( 2776): Values:3
01-16 16:56:12.833 I/System.out( 2776): Time difference in secs is: 271
01-16 16:56:13.824 I/System.out( 2776): Values:3
01-16 16:56:13.824 I/System.out( 2776): Time difference in secs is: 271
01-16 16:56:13.955 I//system/bin/btld( 1915): ##### USERIAL_Ioctl: BT_Wake, USERIAL_IO_BT_WAKE_ASSERT ####
01-16 16:56:14.555 I//system/bin/btld( 1915): ##### USERIAL_Ioctl: BT_Sleep, USERIAL_IO_BT_WAKE_DEASSERT ####
01-16 16:56:14.835 I/System.out( 2776): Values:3
01-16 16:56:14.835 I/System.out( 2776): Time difference in secs is: 271
01-16 16:56:15.836 I/System.out( 2776): Values:3
01-16 16:56:15.836 I/System.out( 2776): Time difference in secs is: 271
01-16 16:56:16.837 I/System.out( 2776): Values:3
01-16 16:56:16.837 I/System.out( 2776): Time difference in secs is: 271
01-16 16:56:17.838 I/System.out( 2776): Values:3
01-16 16:56:17.838 I/System.out( 2776): Time difference in secs is: 271
01-16 16:56:17.888 D/DTUN_HCID4( 1969): dtun_dm_sig_rmt_name()
01-16 16:56:17.898 I//system/bin/btld( 1915): ##### USERIAL_Ioctl: BT_Wake, USERIAL_IO_BT_WAKE_ASSERT ####
01-16 16:56:17.898 I//system/bin/btld( 1915): send_ctrl_msg: [BTL_IFS CTRL] send BTLIF_DTUN_SIGNAL_EVT (CTRL) 258 pbytes (hdl 17)
01-16 16:56:18.189 D/DTUN_HCID4( 1969): dtun_dm_sig_rmt_name()
01-16 16:56:18.199 I//system/bin/btld( 1915): send_ctrl_msg: [BTL_IFS CTRL] send BTLIF_DTUN_SIGNAL_EVT (CTRL) 258 pbytes (hdl 17)
01-16 16:56:18.779 I//system/bin/btld( 1915): ##### USERIAL_Ioctl: BT_Sleep, USERIAL_IO_BT_WAKE_DEASSERT ####
01-16 16:56:18.839 I/System.out( 2776): Values:3
01-16 16:56:18.839 I/System.out( 2776): Time difference in secs is: 271
01-16 16:56:19.090 D/DTUN_HCID4( 1969): dtun_dm_sig_rmt_name()
01-16 16:56:19.100 D/DTUN_HCID4( 1969): dtun_dm_sig_discovery_complete()
01-16 16:56:19.100 I//system/bin/btld( 1915): send_ctrl_msg: [BTL_IFS CTRL] send BTLIF_DTUN_SIGNAL_EVT (CTRL) 258 pbytes (hdl 17)
01-16 16:56:19.100 I//system/bin/btld( 1915): send_ctrl_msg: [BTL_IFS CTRL] send BTLIF_DTUN_SIGNAL_EVT (CTRL) 4 pbytes (hdl 17)
01-16 16:56:19.100 D/BluetoothService( 1576): Property Changed: Discovering : false
01-16 16:56:19.100 I/DTUN_CLNT( 1969): 	Client calling DTUN_METHOD_DM_CANCEL_DISCOVERY (id 3)
01-16 16:56:19.100 I/ADAPTER ( 1969): Stopping discovery
01-16 16:56:19.110 I//system/bin/btld( 1915): wrp_monitor_data_fds: 
01-16 16:56:19.110 I//system/bin/btld( 1915): dtun_receive_msg: [DTUN] Received message [BTLIF_DTUN_METHOD_CALL] 4354
01-16 16:56:19.110 I//system/bin/btld( 1915): handle_method_call: handle_method_call :: received DTUN_METHOD_DM_CANCEL_DISCOVERY (id 3), len 0
01-16 16:56:19.110 I/BluetoothService( 1576): [embedded] Discovery stopped
01-16 16:56:19.120 I/DTUN_CLNT( 1969): 	Client calling DTUN_METHOD_DM_START_DISCOVERY (id 2)
01-16 16:56:19.120 D/BTL_CFG ( 1916): +btl_cfg_getBDAFilterCond getting property service.brcm.bt.INQ_FILTER_BDA
01-16 16:56:19.120 I/BTL_CFG ( 1916): WARNING : [service.brcm.bt.INQ_FILTER_BDA] property_get failed (0)
01-16 16:56:19.120 D/BTL_CFG ( 1916): -btl_cfg_getBDAFilterCond bdaddr=, nRet=0
01-16 16:56:19.120 W/        ( 1916): bta_dm_check_av:0
01-16 16:56:19.120 I/ADAPTER ( 1969): Discovery session 0xe8e0 with :1.0 activated
01-16 16:56:19.130 I//system/bin/btld( 1915): btapp_dm_CancelDiscovery()wrp_monitor_data_fds: 
01-16 16:56:19.130 I//system/bin/btld( 1915): dtun_receive_msg: [DTUN] Received message [BTLIF_DTUN_METHOD_CALL] 4354
01-16 16:56:19.130 I//system/bin/btld( 1915): handle_method_call: handle_method_call :: received DTUN_METHOD_DM_START_DISCOVERY (id 2), len 0
01-16 16:56:19.130 I//system/bin/btld( 1915): btapp_dm_DiscoverDevices()##### USERIAL_Ioctl: BT_Wake, USERIAL_IO_BT_WAKE_ASSERT ####
01-16 16:56:19.130 I//system/bin/btld( 1915): send_ctrl_msg: [BTL_IFS CTRL] send BTLIF_DTUN_SIGNAL_EVT (CTRL) 4 pbytes (hdl 17)
01-16 16:56:19.130 D/DTUN_HCID4( 1969): dtun_dm_sig_discovery_started()
01-16 16:56:19.130 D/BluetoothService( 1576): Property Changed: Discovering : true
01-16 16:56:19.130 I/BluetoothService( 1576): [embedded] Discovery started
01-16 16:56:19.690 I//system/bin/btld( 1915): ##### USERIAL_Ioctl: BT_Sleep, USERIAL_IO_BT_WAKE_DEASSERT ####
01-16 16:56:19.840 I/System.out( 2776): Values:0
01-16 16:56:19.840 I/System.out( 2776): Time difference in secs is: 271
01-16 16:56:20.841 I/System.out( 2776): Values:0
01-16 16:56:20.841 I/System.out( 2776): Time difference in secs is: 271
01-16 16:56:21.842 I/System.out( 2776): Values:0
01-16 16:56:21.842 I/System.out( 2776): Time difference in secs is: 271
01-16 16:56:21.892 I/DTUN_HCID4( 1969): *** Found device [E4:CE:8F:15:7D:27] class = [38010c] ***
01-16 16:56:21.902 I//system/bin/btld( 1915): send_ctrl_msg: [BTL_IFS CTRL] send BTLIF_DTUN_SIGNAL_EVT (CTRL) 16 pbytes (hdl 17)
01-16 16:56:21.902 D/BluetoothService( 1576): updateDeviceServiceChannelCache(E4:CE:8F:15:7D:27)
01-16 16:56:21.902 I/BluetoothService( 1576): [embedded] New device found: address :E4:CE:8F:15:7D:27 name:Yanita Oparlakovas MacBook Pro
01-16 16:56:22.022 I/DTUN_HCID4( 1969): *** Found device [B8:8D:12:11:06:FF] class = [3a010c] ***
01-16 16:56:22.022 I//system/bin/btld( 1915): send_ctrl_msg: [BTL_IFS CTRL] send BTLIF_DTUN_SIGNAL_EVT (CTRL) 16 pbytes (hdl 17)
01-16 16:56:22.022 D/BluetoothService( 1576): updateDeviceServiceChannelCache(B8:8D:12:11:06:FF)
01-16 16:56:22.022 I/BluetoothService( 1576): [embedded] New device found: address :B8:8D:12:11:06:FF name:Christophers MacBook Air
01-16 16:56:22.843 I/System.out( 2776): Values:2
01-16 16:56:22.843 I/System.out( 2776): Time difference in secs is: 271
01-16 16:56:23.844 I/System.out( 2776): Values:2
01-16 16:56:23.844 I/System.out( 2776): Time difference in secs is: 271
01-16 16:56:24.845 I/System.out( 2776): Values:2
01-16 16:56:24.845 I/System.out( 2776): Time difference in secs is: 271
01-16 16:56:25.526 I//system/bin/btld( 1915): send_ctrl_msg: [BTL_IFS CTRL] send BTLIF_DTUN_SIGNAL_EVT (CTRL) 16 pbytes (hdl 17)
01-16 16:56:25.526 I/DTUN_HCID4( 1969): *** Found device [7C:6D:62:95:C2:F5] class = [380104] ***
01-16 16:56:25.556 D/BluetoothService( 1576): updateDeviceServiceChannelCache(7C:6D:62:95:C2:F5)
01-16 16:56:25.836 I/System.out( 2776): Values:3
01-16 16:56:25.836 I/System.out( 2776): Time difference in secs is: 271
01-16 16:56:26.837 I/System.out( 2776): Values:3
01-16 16:56:26.837 I/System.out( 2776): Time difference in secs is: 271
01-16 16:56:27.838 I/System.out( 2776): Values:3
01-16 16:56:27.838 I/System.out( 2776): Time difference in secs is: 271
01-16 16:56:28.839 I/System.out( 2776): Values:3
01-16 16:56:28.849 I/System.out( 2776): Time difference in secs is: 271
01-16 16:56:29.840 I/System.out( 2776): Values:3
01-16 16:56:29.850 I/System.out( 2776): Time difference in secs is: 271
01-16 16:56:30.851 I/System.out( 2776): Values:3
01-16 16:56:30.851 I/System.out( 2776): Time difference in secs is: 271
01-16 16:56:31.852 I/System.out( 2776): Values:3
01-16 16:56:31.852 I/System.out( 2776): Time difference in secs is: 271
01-16 16:56:31.932 I//system/bin/btld( 1915): ##### USERIAL_Ioctl: BT_Wake, USERIAL_IO_BT_WAKE_ASSERT ####
01-16 16:56:32.533 I//system/bin/btld( 1915): ##### USERIAL_Ioctl: BT_Sleep, USERIAL_IO_BT_WAKE_DEASSERT ####
01-16 16:56:32.843 I/System.out( 2776): Values:3
01-16 16:56:32.843 I/System.out( 2776): Time difference in secs is: 271
01-16 16:56:33.003 D/DTUN_HCID4( 1969): dtun_dm_sig_rmt_name()
01-16 16:56:33.013 I//system/bin/btld( 1915): ##### USERIAL_Ioctl: BT_Wake, USERIAL_IO_BT_WAKE_ASSERT ####
01-16 16:56:33.013 I//system/bin/btld( 1915): send_ctrl_msg: [BTL_IFS CTRL] send BTLIF_DTUN_SIGNAL_EVT (CTRL) 258 pbytes (hdl 17)
01-16 16:56:33.093 D/BluetoothService( 1576): updateDeviceServiceChannelCache(7C:6D:62:95:C2:F5)
01-16 16:56:33.093 I/BluetoothService( 1576): [embedded] New device found: address :7C:6D:62:95:C2:F5 name:mac1-063-m
01-16 16:56:33.363 D/DTUN_HCID4( 1969): dtun_dm_sig_rmt_name()
01-16 16:56:33.374 I//system/bin/btld( 1915): send_ctrl_msg: [BTL_IFS CTRL] send BTLIF_DTUN_SIGNAL_EVT (CTRL) 258 pbytes (hdl 17)
01-16 16:56:33.844 I/System.out( 2776): Values:4
01-16 16:56:33.844 I/System.out( 2776): Time difference in secs is: 271
01-16 16:56:33.934 I//system/bin/btld( 1915): ##### USERIAL_Ioctl: BT_Sleep, USERIAL_IO_BT_WAKE_DEASSERT ####
01-16 16:56:34.615 D/DTUN_HCID4( 1969): dtun_dm_sig_rmt_name()
01-16 16:56:34.615 D/DTUN_HCID4( 1969): dtun_dm_sig_discovery_complete()
01-16 16:56:34.615 D/BluetoothService( 1576): Property Changed: Discovering : false
01-16 16:56:34.625 I//system/bin/btld( 1915): send_ctrl_msg: [BTL_IFS CTRL] send BTLIF_DTUN_SIGNAL_EVT (CTRL) 258 pbytes (hdl 17)
01-16 16:56:34.625 I//system/bin/btld( 1915): send_ctrl_msg: [BTL_IFS CTRL] send BTLIF_DTUN_SIGNAL_EVT (CTRL) 4 pbytes (hdl 17)
01-16 16:56:34.625 I/DTUN_CLNT( 1969): 	Client calling DTUN_METHOD_DM_CANCEL_DISCOVERY (id 3)
01-16 16:56:34.625 I/ADAPTER ( 1969): Stopping discovery
01-16 16:56:34.625 I/BluetoothService( 1576): [embedded] Discovery stopped
01-16 16:56:34.635 I//system/bin/btld( 1915): wrp_monitor_data_fds: 
01-16 16:56:34.635 I//system/bin/btld( 1915): dtun_receive_msg: [DTUN] Received message [BTLIF_DTUN_METHOD_CALL] 4354
01-16 16:56:34.635 I//system/bin/btld( 1915): handle_method_call: handle_method_call :: received DTUN_METHOD_DM_CANCEL_DISCOVERY (id 3), len 0
01-16 16:56:34.635 I/DTUN_CLNT( 1969): 	Client calling DTUN_METHOD_DM_START_DISCOVERY (id 2)
01-16 16:56:34.645 D/BTL_CFG ( 1916): +btl_cfg_getBDAFilterCond getting property service.brcm.bt.INQ_FILTER_BDA
01-16 16:56:34.645 I/BTL_CFG ( 1916): WARNING : [service.brcm.bt.INQ_FILTER_BDA] property_get failed (0)
01-16 16:56:34.645 D/BTL_CFG ( 1916): -btl_cfg_getBDAFilterCond bdaddr=, nRet=0
01-16 16:56:34.645 W/        ( 1916): bta_dm_check_av:0
01-16 16:56:34.645 I//system/bin/btld( 1915): btapp_dm_CancelDiscovery()wrp_monitor_data_fds: 
01-16 16:56:34.645 I//system/bin/btld( 1915): dtun_receive_msg: [DTUN] Received message [BTLIF_DTUN_METHOD_CALL] 4354
01-16 16:56:34.645 I//system/bin/btld( 1915): handle_method_call: handle_method_call :: received DTUN_METHOD_DM_START_DISCOVERY (id 2), len 0
01-16 16:56:34.645 I//system/bin/btld( 1915): btapp_dm_DiscoverDevices()##### USERIAL_Ioctl: BT_Wake, USERIAL_IO_BT_WAKE_ASSERT ####
01-16 16:56:34.645 I//system/bin/btld( 1915): send_ctrl_msg: [BTL_IFS CTRL] send BTLIF_DTUN_SIGNAL_EVT (CTRL) 4 pbytes (hdl 17)
01-16 16:56:34.645 I/ADAPTER ( 1969): Discovery session 0xf7a8 with :1.0 activated
01-16 16:56:34.655 D/DTUN_HCID4( 1969): dtun_dm_sig_discovery_started()
01-16 16:56:34.655 D/BluetoothService( 1576): Property Changed: Discovering : true
01-16 16:56:34.655 I/BluetoothService( 1576): [embedded] Discovery started
01-16 16:56:34.845 I/System.out( 2776): Values:0
01-16 16:56:34.845 I/System.out( 2776): Time difference in secs is: 271
01-16 16:56:34.915 I/DTUN_HCID4( 1969): *** Found device [00:23:12:41:4B:A0] class = [3a0104] ***
01-16 16:56:34.915 D/BluetoothService( 1576): updateDeviceServiceChannelCache(00:23:12:41:4B:A0)
01-16 16:56:34.915 I/BluetoothService( 1576): [embedded] New device found: address :00:23:12:41:4B:A0 name:ancnoc
01-16 16:56:34.925 I//system/bin/btld( 1915): send_ctrl_msg: [BTL_IFS CTRL] send BTLIF_DTUN_SIGNAL_EVT (CTRL) 16 pbytes (hdl 17)
01-16 16:56:35.245 I//system/bin/btld( 1915): ##### USERIAL_Ioctl: BT_Sleep, USERIAL_IO_BT_WAKE_DEASSERT ####
01-16 16:56:35.846 I/System.out( 2776): Values:1
01-16 16:56:35.846 I/System.out( 2776): Time difference in secs is: 271
01-16 16:56:36.847 I/System.out( 2776): Values:1
01-16 16:56:36.847 I/System.out( 2776): Time difference in secs is: 271
01-16 16:56:37.848 I/System.out( 2776): Values:1
01-16 16:56:37.848 I/System.out( 2776): Time difference in secs is: 271
01-16 16:56:38.839 I/DTUN_HCID4( 1969): *** Found device [E4:CE:8F:15:7D:27] class = [38010c] ***
01-16 16:56:38.839 D/BluetoothService( 1576): updateDeviceServiceChannelCache(E4:CE:8F:15:7D:27)
01-16 16:56:38.839 I/BluetoothService( 1576): [embedded] New device found: address :E4:CE:8F:15:7D:27 name:Yanita Oparlakovas MacBook Pro
01-16 16:56:38.849 I//system/bin/btld( 1915): send_ctrl_msg: [BTL_IFS CTRL] send BTLIF_DTUN_SIGNAL_EVT (CTRL) 16 pbytes (hdl 17)
01-16 16:56:38.849 I/System.out( 2776): Values:1
01-16 16:56:38.859 I/System.out( 2776): Time difference in secs is: 271
01-16 16:56:39.379 I/DTUN_HCID4( 1969): *** Found device [64:B9:E8:D8:6E:24] class = [380104] ***
01-16 16:56:39.379 D/BluetoothService( 1576): updateDeviceServiceChannelCache(64:B9:E8:D8:6E:24)
01-16 16:56:39.379 I/BluetoothService( 1576): [embedded] New device found: address :64:B9:E8:D8:6E:24 name:Uigeadail
01-16 16:56:39.389 I//system/bin/btld( 1915): send_ctrl_msg: [BTL_IFS CTRL] send BTLIF_DTUN_SIGNAL_EVT (CTRL) 16 pbytes (hdl 17)
01-16 16:56:39.850 I/System.out( 2776): Values:3
01-16 16:56:39.850 I/System.out( 2776): Time difference in secs is: 271
01-16 16:56:40.851 I/System.out( 2776): Values:3
01-16 16:56:40.861 I/System.out( 2776): Time difference in secs is: 271
01-16 16:56:41.852 I/System.out( 2776): Values:3
01-16 16:56:41.852 I/System.out( 2776): Time difference in secs is: 271
01-16 16:56:42.633 I//system/bin/btld( 1915): send_ctrl_msg: [BTL_IFS CTRL] send BTLIF_DTUN_SIGNAL_EVT (CTRL) 16 pbytes (hdl 17)
01-16 16:56:42.633 I/DTUN_HCID4( 1969): *** Found device [7C:6D:62:95:C2:F5] class = [380104] ***
01-16 16:56:42.633 D/BluetoothService( 1576): updateDeviceServiceChannelCache(7C:6D:62:95:C2:F5)
01-16 16:56:42.643 I/BluetoothService( 1576): [embedded] New device found: address :7C:6D:62:95:C2:F5 name:mac1-063-m
01-16 16:56:42.693 W/ProcessStats( 1576): Skipping unknown process pid 2915
01-16 16:56:42.713 D/BatteryService_ULog( 1576): ULogForBatteryChargingStateChange(97,2) is called
01-16 16:56:42.713 D/BatteryService_ULog( 1576): charger=on,battery_power=97
01-16 16:56:42.713 D/UsbnetService( 1576): BroadcastReceiver::onReceive+
01-16 16:56:42.713 D/UsbnetService( 1576): onReceive BATTERY_CHANGED
01-16 16:56:42.713 D/UsbnetService( 1576):  --> pluggedType = 2, mPluggedType = 0, mScreenOff = false
01-16 16:56:42.713 D/UsbnetService( 1576): BroadcastReceiver::onReceive-
01-16 16:56:42.713 D/BatteryService( 1576): SendIntentforPowersaver
01-16 16:56:42.713 D/lights  ( 1576): [LedInfo] write attr ok name=/sys/class/leds/amber/brightness string=1,len=1
01-16 16:56:42.713 D/NotificationService( 1576): mIntentReceiver() Intent.ACTION_BATTERY_CHANGED
01-16 16:56:42.713 V/NotificationService( 1576): Charging...
01-16 16:56:42.723 D/BatteryService( 1576): Current powersaver status == NORMAL_STATUS1 3 2 false
01-16 16:56:42.723 D/lights  ( 1576): [LedInfo] write attr ok name=/sys/class/leds/amber/blink string=0,len=1
01-16 16:56:42.723 D/RemoveMe( 1663): DCT got intent android.intent.action.BATTERY_CHANGED
01-16 16:56:42.723 D/lights  ( 1576): [LedInfo] write attr ok name=/sys/class/leds/amber/off_timer string=0 0,len=3
01-16 16:56:42.723 D/RemoveMe( 1663): DCT got intent android.intent.action.BATTERY_CHANGED
01-16 16:56:42.723 D/lights  ( 1576): [LedInfo] write attr ok name=/sys/class/leds/green/brightness string=0,len=1
01-16 16:56:42.723 D/RemoveMe( 1663): DCT got intent android.intent.action.BATTERY_CHANGED
01-16 16:56:42.723 D/lights  ( 1576): [LedInfo] write attr ok name=/sys/class/leds/green/blink string=0,len=1
01-16 16:56:42.723 D/PowerUI ( 1646): closing low battery warning: level=97
01-16 16:56:42.723 D/PowerUI ( 1646): plugged = true, health = 2, mBatteryLevel = 97, mPluggedBatteryLevel = 97, mLowBatteryWarningLevel2 = 25, mshowLowChargingWarning2 = true
01-16 16:56:42.733 D/lights  ( 1576): [LedInfo] write attr ok name=/sys/class/leds/green/off_timer string=0 0,len=3
01-16 16:56:42.733 D/BatteryService( 1576): duration: 813454 discharge: 3
01-16 16:56:42.733 W/PowerUI ( 1646): unknown intent: Intent { act=android.intent.action.ACTION_POWER_CONNECTED flg=0x10000010 }
01-16 16:56:42.843 I/System.out( 2776): Values:4
01-16 16:56:42.853 I/System.out( 2776): Time difference in secs is: 271
01-16 16:56:42.883 D/UsbnetService( 1576): BroadcastReceiver::onReceive+
01-16 16:56:42.883 D/UsbnetService( 1576): onReceive BATTERY_CHANGED
01-16 16:56:42.883 D/UsbnetService( 1576):  --> pluggedType = 2, mPluggedType = 0, mScreenOff = false
01-16 16:56:42.883 D/UsbnetService( 1576): BroadcastReceiver::onReceive-
01-16 16:56:42.883 D/NotificationService( 1576): mIntentReceiver() Intent.ACTION_BATTERY_CHANGED
01-16 16:56:42.883 V/NotificationService( 1576): Charging...
01-16 16:56:42.893 D/lights  ( 1576): [LedInfo] write attr ok name=/sys/class/leds/amber/brightness string=1,len=1
01-16 16:56:42.893 D/RemoveMe( 1663): DCT got intent android.intent.action.BATTERY_CHANGED
01-16 16:56:42.893 D/lights  ( 1576): [LedInfo] write attr ok name=/sys/class/leds/amber/blink string=0,len=1
01-16 16:56:42.893 D/RemoveMe( 1663): DCT got intent android.intent.action.BATTERY_CHANGED
01-16 16:56:42.893 D/lights  ( 1576): [LedInfo] write attr ok name=/sys/class/leds/amber/off_timer string=0 0,len=3
01-16 16:56:42.893 D/RemoveMe( 1663): DCT got intent android.intent.action.BATTERY_CHANGED
01-16 16:56:42.893 D/PowerUI ( 1646): closing low battery warning: level=97
01-16 16:56:42.893 D/PowerUI ( 1646): plugged = true, health = 2, mBatteryLevel = 97, mPluggedBatteryLevel = 97, mLowBatteryWarningLevel2 = 25, mshowLowChargingWarning2 = true
01-16 16:56:42.903 D/lights  ( 1576): [LedInfo] write attr ok name=/sys/class/leds/green/brightness string=0,len=1
01-16 16:56:42.903 D/BatteryService( 1576): SendIntentforPowersaver
01-16 16:56:42.903 D/BatteryService( 1576): Current powersaver status == NORMAL_STATUS1 2 2 false
01-16 16:56:42.903 D/lights  ( 1576): [LedInfo] write attr ok name=/sys/class/leds/green/blink string=0,len=1
01-16 16:56:42.903 D/lights  ( 1576): [LedInfo] write attr ok name=/sys/class/leds/green/off_timer string=0 0,len=3
01-16 16:56:42.913 W/Vold    ( 1434): Ignoring unknown switch 'usb_mass_storage'
01-16 16:56:43.704 W/Vold    ( 1434): Ignoring unknown switch 'usb_connected'
01-16 16:56:43.704 D/UsbService( 1576): [USBNET] USB UEVENT: {SUBSYSTEM=switch, SWITCH_STATE=1, DEVPATH=/devices/virtual/switch/usb_connected, SEQNUM=1441, ACTION=change, SWITCH_NAME=usb_connected}
01-16 16:56:43.704 D/UsbService( 1576): [USBNET] handleMessage: 0; mConnected=1(0),mConfiguration=0(0)
01-16 16:56:43.724 D/NetdConnector( 1576): listenToSocket read--: (7,0)
01-16 16:56:43.734 D/NetdConnector( 1576): doCommand++ (Wait Response)
01-16 16:56:43.734 D/NetdConnector( 1576): RCV <- {110 lo}
01-16 16:56:43.734 D/NetdConnector( 1576): RSP <- {110 lo}
01-16 16:56:43.744 D/NetdConnector( 1576): listenToSocket read++
01-16 16:56:43.744 D/NetdConnector( 1576): miNoRespCnt=0
01-16 16:56:43.744 D/NetdConnector( 1576): listenToSocket read--: (121,0)
01-16 16:56:43.764 D/UsbReceiver( 2807): [MTP][UsbReceiver][onReceive]+
01-16 16:56:43.764 D/UsbConnectedReceiver( 1773): action = android.hardware.usb.action.USB_STATE
01-16 16:56:43.764 D/NetdConnector( 1576): RCV <- {110 dummy0}
01-16 16:56:43.764 D/NetdConnector( 1576): RSP <- {110 dummy0}
01-16 16:56:43.764 D/NetdConnector( 1576): miNoRespCnt=0
01-16 16:56:43.764 D/NetdConnector( 1576): RCV <- {110 ifb0}
01-16 16:56:43.764 D/NetdConnector( 1576): RSP <- {110 ifb0}
01-16 16:56:43.764 D/NetdConnector( 1576): miNoRespCnt=0
01-16 16:56:43.764 D/NetdConnector( 1576): RCV <- {110 ifb1}
01-16 16:56:43.764 D/NetdConnector( 1576): RSP <- {110 ifb1}
01-16 16:56:43.764 D/NetdConnector( 1576): miNoRespCnt=0
01-16 16:56:43.764 D/NetdConnector( 1576): RCV <- {110 rmnet0}
01-16 16:56:43.774 D/PSCommon( 1773): Content in /sys/class/switch/dock/status = offline
01-16 16:56:43.774 D/UsbService( 1576): [USBNET] USB UEVENT: {SUBSYSTEM=switch, SWITCH_STATE=1, DEVPATH=/devices/virtual/switch/usb_configuration, SEQNUM=1442, ACTION=change, SWITCH_NAME=usb_configuration}
01-16 16:56:43.774 D/Vold    ( 1434): USB connected
01-16 16:56:43.774 D/Vold    ( 1434): Share method ums now available
01-16 16:56:43.774 D/VoldConnector( 1576): listenToSocket read--: (35,0)
01-16 16:56:43.774 D/VoldConnector( 1576): RCV <- {620 Share method ums now available}
01-16 16:56:43.774 D/UsbService( 1576): [USBNET] handleMessage: 0; mConnected=1(1),mConfiguration=1(0)
01-16 16:56:43.774 D/NetdConnector( 1576): RSP <- {110 rmnet0}
01-16 16:56:43.774 D/NetdConnector( 1576): miNoRespCnt=0
01-16 16:56:43.774 D/NetdConnector( 1576): RCV <- {110 rmnet1}
01-16 16:56:43.774 D/NetdConnector( 1576): RSP <- {110 rmnet1}
01-16 16:56:43.774 D/NetdConnector( 1576): miNoRespCnt=0
01-16 16:56:43.774 D/NetdConnector( 1576): RCV <- {110 rmnet2}
01-16 16:56:43.774 D/NetdConnector( 1576): RSP <- {110 rmnet2}
01-16 16:56:43.774 D/NetdConnector( 1576): miNoRespCnt=0
01-16 16:56:43.784 D/UsbConnectedReceiver( 1773): USB Connected.
01-16 16:56:43.784 D/NetdConnector( 1576): RCV <- {110 usb0}
01-16 16:56:43.784 D/NetdConnector( 1576): RSP <- {110 usb0}
01-16 16:56:43.784 D/NetdConnector( 1576): miNoRespCnt=0
01-16 16:56:43.784 D/NetdConnector( 1576): RCV <- {110 sit0}
01-16 16:56:43.784 D/NetdConnector( 1576): RSP <- {110 sit0}
01-16 16:56:43.784 D/NetdConnector( 1576): miNoRespCnt=0
01-16 16:56:43.784 D/NetdConnector( 1576): RCV <- {110 ip6tnl0}
01-16 16:56:43.784 D/NetdConnector( 1576): RSP <- {110 ip6tnl0}
01-16 16:56:43.784 D/NetdConnector( 1576): miNoRespCnt=0
01-16 16:56:43.784 D/NetdConnector( 1576): RCV <- {200 Interface list completed}
01-16 16:56:43.784 D/NetdConnector( 1576): RSP <- {200 Interface list completed}
01-16 16:56:43.784 D/NetdConnector( 1576): miNoRespCnt=0
01-16 16:56:43.784 D/NetdConnector( 1576): doCommand-- (complete)
01-16 16:56:43.784 D/NetdConnector( 1576): List terminated with {200 Interface list completed}
01-16 16:56:43.784 D/NetdConnector( 1576): listenToSocket read++
01-16 16:56:43.804 D/WifiStateMachine( 1576): wifi hotspotSSID=HTC Portable Hotspot, hiddenSSID=false, secureType=wpa2-psk, enableMacFilter=0, maxConns=5, channel=0
01-16 16:56:43.804 D/WifiStateMachine( 1576): wifi hotspotdhcpEnable=1, maxDhcpClients=5, ipAddress=192.168.1.1, dhcpSubnetMask=255.255.255.0, startingIP=192.168.1.10, dhsIPAddr1=null, dnsIPAddr2=null, sleepPolicy=1
01-16 16:56:43.804 D/Tethering( 1576): sendTetherStateChangedBroadcast 1, 0, 0
01-16 16:56:43.804 D/Tethering( 1576): interfaceAdded :usb0
01-16 16:56:43.804 D/PSCommon( 1773): -isMFGBuild() = false
01-16 16:56:43.804 D/VoldConnector( 1576): listenToSocket read++
01-16 16:56:43.804 D/WifiStateMachine( 1576): getWifiApConfiguration:mconfig.SSID=HTC Portable Hotspot
01-16 16:56:43.804 D/NetdConnector( 1576): listenToSocket read--: (128,0)
01-16 16:56:43.804 D/NetdConnector( 1576): RCV <- {110 lo}
01-16 16:56:43.804 D/NetdConnector( 1576): RCV <- {110 dummy0}
01-16 16:56:43.804 D/NetdConnector( 1576): RCV <- {110 ifb0}
01-16 16:56:43.804 D/NetdConnector( 1576): RCV <- {110 ifb1}
01-16 16:56:43.804 D/NetdConnector( 1576): RCV <- {110 rmnet0}
01-16 16:56:43.804 D/NetdConnector( 1576): doCommand++ (Wait Response)
01-16 16:56:43.804 D/NetdConnector( 1576): RCV <- {110 rmnet1}
01-16 16:56:43.804 D/NetdConnector( 1576): RSP <- {110 lo}
01-16 16:56:43.804 D/NetdConnector( 1576): RCV <- {110 rmnet2}
01-16 16:56:43.804 D/NetdConnector( 1576): miNoRespCnt=0
01-16 16:56:43.804 D/NetdConnector( 1576): RSP <- {110 dummy0}
01-16 16:56:43.814 D/UsbReceiver( 2807): [MTP][UsbReceiver][onReceive]+
01-16 16:56:43.814 D/PSCommon( 1773): -isMFGBuild() = false
01-16 16:56:43.814 D/UsbConnectedReceiver( 1773): -enableChargeOnly()
01-16 16:56:43.814 D/PSCommon( 1773): Content in /sys/devices/platform/msm_hsusb/usb_cable_connect = 1
01-16 16:56:43.814 D/UsbConnectedReceiver( 1773): action = android.hardware.usb.action.USB_STATE
01-16 16:56:43.814 D/NetdConnector( 1576): miNoRespCnt=0
01-16 16:56:43.814 D/NetdConnector( 1576): RSP <- {110 ifb0}
01-16 16:56:43.814 D/NetdConnector( 1576): miNoRespCnt=0
01-16 16:56:43.814 D/NetdConnector( 1576): RSP <- {110 ifb1}
01-16 16:56:43.814 D/NetdConnector( 1576): RCV <- {110 usb0}
01-16 16:56:43.814 D/NetdConnector( 1576): miNoRespCnt=0
01-16 16:56:43.814 D/NetdConnector( 1576): RCV <- {110 sit0}
01-16 16:56:43.814 D/NetdConnector( 1576): RSP <- {110 rmnet0}
01-16 16:56:43.814 D/NetdConnector( 1576): miNoRespCnt=0
01-16 16:56:43.814 D/NetdConnector( 1576): RCV <- {110 ip6tnl0}
01-16 16:56:43.814 D/NetdConnector( 1576): RSP <- {110 rmnet1}
01-16 16:56:43.814 D/NetdConnector( 1576): miNoRespCnt=0
01-16 16:56:43.814 D/NetdConnector( 1576): RSP <- {110 rmnet2}
01-16 16:56:43.814 D/NetdConnector( 1576): RCV <- {200 Interface list completed}
01-16 16:56:43.824 D/NetdConnector( 1576): miNoRespCnt=0
01-16 16:56:43.824 D/NetdConnector( 1576): RSP <- {110 usb0}
01-16 16:56:43.824 D/NetdConnector( 1576): listenToSocket read++
01-16 16:56:43.824 D/NetdConnector( 1576): miNoRespCnt=0
01-16 16:56:43.824 D/NetdConnector( 1576): RSP <- {110 sit0}
01-16 16:56:43.824 D/NetdConnector( 1576): miNoRespCnt=0
01-16 16:56:43.824 D/NetdConnector( 1576): RSP <- {110 ip6tnl0}
01-16 16:56:43.824 D/NetdConnector( 1576): miNoRespCnt=0
01-16 16:56:43.824 D/NetdConnector( 1576): RSP <- {200 Interface list completed}
01-16 16:56:43.824 D/NetdConnector( 1576): miNoRespCnt=0
01-16 16:56:43.834 D/NetdConnector( 1576): doCommand-- (complete)
01-16 16:56:43.834 D/NetdConnector( 1576): List terminated with {200 Interface list completed}
01-16 16:56:43.844 I/System.out( 2776): Values:4
01-16 16:56:43.854 I/NetSharing_NSReceiver( 2820): customizedNS:true
01-16 16:56:43.854 D/PSCommon( 1773): Content in /sys/class/switch/dock/status = offline
01-16 16:56:43.864 I/System.out( 2776): Time difference in secs is: 271
01-16 16:56:43.864 D/NetSharing_NSReceiver( 2820): onReceive : com.htc.usb.change
01-16 16:56:43.864 D/NetSharing_NSReceiver( 2820): USB = true hasTethered = false
01-16 16:56:43.864 I/StorageNotification( 1646): UMS connection changed to true (media state mounted)
01-16 16:56:43.904 D/PSReceiver( 2820): onReceive : com.htc.usb.change
01-16 16:56:43.914 D/PSReceiver( 2820): USB Plugged, Set USBPlugged=  true
01-16 16:56:43.934 D/UsbConnectedReceiver( 1773): Connect_To_PC is Launched, return
01-16 16:56:43.944 D/ActivityManager( 1576): isSketcherDisabledInCurrentTask():false, ActivityRecord{4069c3d0 uk.ac.st_andrews.cs.host.mk74.energymeasurement.bluetooth/.MainActivity}
01-16 16:56:43.944 I/NetSharing_NSReceiver( 2820): customizedNS:true
01-16 16:56:43.944 D/NetSharing_NSReceiver( 2820): onReceive : android.net.conn.TETHER_STATE_CHANGED
01-16 16:56:43.954 D/NetSharing_NSReceiver( 2820): Tethered state change:false
01-16 16:56:43.964 D/SurfaceFlinger( 1438): getTokenForSurface(0xb0c8c) => 1 (client=0xa3ec8, bitmap=00000003), pid=1646
01-16 16:56:43.964 D/msm7x30.gralloc( 1438): gpu_context_t::getGrallocInformationFromFormat  1 
01-16 16:56:43.994 D/dalvikvm( 2820): GC_CONCURRENT freed 450K, 8% free 6952K/7495K, paused 1ms+2ms
01-16 16:56:44.284 D/msm7x30.gralloc( 1438): gpu_context_t::getGrallocInformationFromFormat  1 
01-16 16:56:44.855 I/System.out( 2776): Values:4
01-16 16:56:44.855 I/System.out( 2776): Time difference in secs is: 271
01-16 16:56:45.856 I/System.out( 2776): Values:4
01-16 16:56:45.856 I/System.out( 2776): Time difference in secs is: 271
01-16 16:56:46.026 I/DTUN_HCID4( 1969): *** Found device [B8:8D:12:11:06:FF] class = [3a010c] ***
01-16 16:56:46.026 D/BluetoothService( 1576): updateDeviceServiceChannelCache(B8:8D:12:11:06:FF)
01-16 16:56:46.026 I/BluetoothService( 1576): [embedded] New device found: address :B8:8D:12:11:06:FF name:Christophers MacBook Air
01-16 16:56:46.026 I//system/bin/btld( 1915): send_ctrl_msg: [BTL_IFS CTRL] send BTLIF_DTUN_SIGNAL_EVT (CTRL) 16 pbytes (hdl 17)
01-16 16:56:46.857 I/System.out( 2776): Values:5
01-16 16:56:46.857 I/System.out( 2776): Time difference in secs is: 271
01-16 16:56:47.457 I//system/bin/btld( 1915): ##### USERIAL_Ioctl: BT_Wake, USERIAL_IO_BT_WAKE_ASSERT ####
01-16 16:56:47.858 I/System.out( 2776): Values:5
01-16 16:56:47.858 I/System.out( 2776): Time difference in secs is: 271
01-16 16:56:47.958 D/DTUN_HCID4( 1969): dtun_dm_sig_rmt_name()
01-16 16:56:47.968 I//system/bin/btld( 1915): send_ctrl_msg: [BTL_IFS CTRL] send BTLIF_DTUN_SIGNAL_EVT (CTRL) 258 pbytes (hdl 17)
01-16 16:56:48.558 I//system/bin/btld( 1915): ##### USERIAL_Ioctl: BT_Sleep, USERIAL_IO_BT_WAKE_DEASSERT ####
01-16 16:56:48.849 I/System.out( 2776): Values:5
01-16 16:56:48.859 I/System.out( 2776): Time difference in secs is: 271
01-16 16:56:49.850 I/System.out( 2776): Values:5
01-16 16:56:49.850 I/System.out( 2776): Time difference in secs is: 271
01-16 16:56:50.851 I/System.out( 2776): Values:5
01-16 16:56:50.861 I/System.out( 2776): Time difference in secs is: 271
01-16 16:56:51.071 D/dalvikvm( 2595): GC_EXPLICIT freed 222K, 5% free 7489K/7815K, paused 1ms+2ms
01-16 16:56:51.852 I/System.out( 2776): Values:5
01-16 16:56:51.852 I/System.out( 2776): Time difference in secs is: 271
01-16 16:56:52.853 I/System.out( 2776): Values:5
01-16 16:56:52.853 I/System.out( 2776): Time difference in secs is: 271
01-16 16:56:53.083 I//system/bin/btld( 1915): ##### USERIAL_Ioctl: BT_Wake, USERIAL_IO_BT_WAKE_ASSERT ####
01-16 16:56:53.493 D/DTUN_HCID4( 1969): dtun_dm_sig_rmt_name()
01-16 16:56:53.493 I//system/bin/btld( 1915): send_ctrl_msg: [BTL_IFS CTRL] send BTLIF_DTUN_SIGNAL_EVT (CTRL) 258 pbytes (hdl 17)
01-16 16:56:53.813 D/DTUN_HCID4( 1969): dtun_dm_sig_rmt_name()
01-16 16:56:53.823 I//system/bin/btld( 1915): send_ctrl_msg: [BTL_IFS CTRL] send BTLIF_DTUN_SIGNAL_EVT (CTRL) 258 pbytes (hdl 17)
01-16 16:56:53.853 I/System.out( 2776): Values:5
01-16 16:56:53.853 I/System.out( 2776): Time difference in secs is: 271
01-16 16:56:54.304 D/DTUN_HCID4( 1969): dtun_dm_sig_rmt_name()
01-16 16:56:54.304 D/DTUN_HCID4( 1969): dtun_dm_sig_discovery_complete()
01-16 16:56:54.304 D/BluetoothService( 1576): Property Changed: Discovering : false
01-16 16:56:54.304 I/DTUN_CLNT( 1969): 	Client calling DTUN_METHOD_DM_CANCEL_DISCOVERY (id 3)
01-16 16:56:54.314 I//system/bin/btld( 1915): send_ctrl_msg: [BTL_IFS CTRL] send BTLIF_DTUN_SIGNAL_EVT (CTRL) 258 pbytes (hdl 17)
