--------- beginning of /dev/log/main
01-13 17:23:00.386 I/power   ( 1576): *** set_screen_state 0
01-13 17:23:00.386 D/PowerManagerService( 1576): setScreenStateLocked++, on: false, err: 0
01-13 17:23:00.386 D/PowerManagerService( 1576): setScreenStateLocked, turn off the button light 
01-13 17:23:00.386 D/lights  ( 1576): set_light_buttons_func: on=0 brightness=0
01-13 17:23:00.386 D/lights  ( 1576): set_rotated_rgb_led: on=0 brightness=0
01-13 17:23:00.386 D/lights  ( 1576): [LedInfo] write attr ok name=/sys/class/leds/amber-portrait/brightness string=0,len=1
01-13 17:23:00.386 D/lights  ( 1576): set_rotated_rgb_led: on=0 brightness=0
01-13 17:23:00.386 D/lights  ( 1576): [LedInfo] write attr ok name=/sys/class/leds/green-portrait/brightness string=0,len=1
01-13 17:23:00.386 D/lights  ( 1576): set_rotated_rgb_led: on=0 brightness=0
01-13 17:23:00.386 E/lights  ( 1576): [LedErr] open attr failed name=/sys/class/leds/blue-portrait/brightness errno: 2
01-13 17:23:00.386 V/KeyguardViewMediator( 1576): password timeout now
01-13 17:23:00.386 D/HtcLockScreen( 1576): createPatternUnlockScreen() ...
01-13 17:23:00.386 D/HtcLockScreen( 1576): packageInfo - PackageInfo{40fe3d08 com.htc.lockscreen}
01-13 17:23:00.386 D/Sensors ( 1576): Enable akm: en = 0
01-13 17:23:00.476 D/dalvikvm( 1576): GC_FOR_ALLOC freed 1835K, 12% free 15937K/18055K, paused 58ms
01-13 17:23:00.546 D/HostWidgetManager( 1684): pauseWidgets: 2
--------- beginning of /dev/log/system
01-13 17:23:00.556 I/TabletStatusBar( 1646): DISABLE_CLOCK: yes
01-13 17:23:00.556 I/TabletStatusBar( 1646): DISABLE_EXPAND: yes
01-13 17:23:00.556 D/PhoneWindow( 1684): couldn't save which view has focus because the focused view android.widget.RelativeLayout@407c12d0 has no id.
01-13 17:23:00.556 I/TabletStatusBar( 1646): DISABLE_NAVIGATION: yes
01-13 17:23:00.566 D/UsbnetService( 1576): BroadcastReceiver::onReceive+
01-13 17:23:00.566 D/UsbnetService( 1576): onReceive SCREEN_OFF
01-13 17:23:00.566 D/AlarmManager( 1576): ACTION_SCREEN_OFF
01-13 17:23:00.586 D/RemoveMe( 1663): DCT got intent android.intent.action.SCREEN_OFF
01-13 17:23:00.586 D/DataConnectionTracker( 1663): power saving case 6
01-13 17:23:00.586 D/ConnectivityService( 1576): getMobileDataEnabled returning false
01-13 17:23:00.586 D/ConnectivityService( 1576): getMobileDataEnabled returning false
01-13 17:23:00.596 D/AK8975  ( 1448): Compass CLOSE 
01-13 17:23:00.606 D/DataConnectionTracker( 1663): power saving case 6
01-13 17:23:00.616 D/RemoveMe( 1663): DCT got intent android.intent.action.SCREEN_OFF
01-13 17:23:00.636 D/RemoveMe( 1663): DCT got intent android.intent.action.SCREEN_OFF
01-13 17:23:00.646 D/SurfaceFlinger( 1438): About to give-up screen, flinger = 0xa830
01-13 17:23:00.646 D/SurfaceFlinger( 1438): getTokenForSurface(0xbab7c) => 0 (client=0x90668, bitmap=00000003), pid=1576
01-13 17:23:00.656 D/msm7x30.gralloc( 1438): gpu_context_t::getGrallocInformationFromFormat  1 
01-13 17:23:00.696 W/msm7x30.hwcomposer( 1438): hwc_set invalid context or list
01-13 17:23:00.696 D/msm7x30.hwcomposer( 1438): HWC called FB enableHDMIOutput(0)
01-13 17:23:00.696 I/TabletStatusBar( 1646): DISABLE_BACK: yes
01-13 17:23:00.716 D/AutoSetting( 1764): service - mHandler: cancel location update
01-13 17:23:00.716 D/dalvikvm( 1692): GC_EXPLICIT freed 6K, 8% free 7047K/7623K, paused 1ms+32ms
01-13 17:23:00.716 D/AutoSetting( 1764): service -           changes count: 0
01-13 17:23:00.726 D/ContactMessageStore( 1663): start background delete task...
01-13 17:23:00.746 D/dalvikvm( 1692): GC_EXPLICIT freed 1K, 8% free 7047K/7623K, paused 1ms+1ms
01-13 17:23:00.806 D/ContactMessageStore( 1663): size: 0 , 0
01-13 17:23:00.836 D/SurfaceFlinger( 1438): getTokenForSurface(0xbae44) => 0 (client=0xa58a0, bitmap=00000001), pid=1692
01-13 17:23:00.836 D/msm7x30.gralloc( 1438): gpu_context_t::getGrallocInformationFromFormat  1 
01-13 17:23:00.856 D/IdleScreen_base( 1692): onRingUnlockEnd
01-13 17:23:00.866 D/ContactMessageStore( 1663): Background delete complete
01-13 17:23:00.896 D/msm7x30.gralloc( 1438): gpu_context_t::getGrallocInformationFromFormat  1 
01-13 17:23:01.597 D/KeyguardViewMediator( 1576): wakeWhenReadyLocked(26)
01-13 17:23:01.597 I/power   ( 1576): *** set_screen_state 1
01-13 17:23:01.597 D/PowerManagerService( 1576): setScreenStateLocked++, on: true, err: 0
01-13 17:23:01.597 D/lights  ( 1576): set_light_buttons_func: on=16777215 brightness=255
01-13 17:23:01.597 D/lights  ( 1576): set_rotated_rgb_led: on=0 brightness=0
01-13 17:23:01.597 D/lights  ( 1576): [LedInfo] write attr ok name=/sys/class/leds/amber-portrait/brightness string=0,len=1
01-13 17:23:01.597 D/lights  ( 1576): set_rotated_rgb_led: on=1 brightness=255
01-13 17:23:01.597 D/PowerManagerService( 1576): button light setOrientation:-1
01-13 17:23:01.597 D/PowerManagerService( 1576): setPenMenuButtonLed: 2
01-13 17:23:01.597 D/PowerManagerService( 1576): Set pen menu button led (amber, green, blue) = 0, -1, 0), portrait = true
01-13 17:23:01.607 D/lights  ( 1576): [LedInfo] write attr ok name=/sys/class/leds/green-portrait/brightness string=255,len=3
01-13 17:23:01.607 D/lights  ( 1576): set_rotated_rgb_led: on=0 brightness=0
01-13 17:23:01.607 E/lights  ( 1576): [LedErr] open attr failed name=/sys/class/leds/blue-portrait/brightness errno: 2
01-13 17:23:01.607 D/Sensors ( 1576): Enable akm: en = 1
01-13 17:23:01.617 D/Launcher.Model( 1684): updateAppUsageStatCache +
01-13 17:23:01.617 D/Launcher.Model( 1684): updateAppUsageStatCache - diff: 2
01-13 17:23:01.647 D/SurfaceFlinger( 1438): Screen about to return, flinger = 0xa830
01-13 17:23:01.647 D/msm7x30.hwcomposer( 1438): HWC called FB enableHDMIOutput(0)
01-13 17:23:01.647 D/AlarmManager( 1576): ACTION_SCREEN_ON
01-13 17:23:01.657 D/PREF    ( 1684): setWidgetTilt .FriendStreamLarge2Widget : 21
01-13 17:23:01.657 D/UsbnetService( 1576): BroadcastReceiver::onReceive+
01-13 17:23:01.657 D/UsbnetService( 1576): onReceive SCREEN_ON
01-13 17:23:01.657 D/UsbnetService( 1576): BroadcastReceiver::onReceive-
01-13 17:23:01.677 D/HostWidgetManager( 1684): onResumeInKeyguard: 2
01-13 17:23:01.677 D/FxWorkspace( 1684): prepareUnlockAnimation
01-13 17:23:01.687 D/FxWorkspaceClient( 1684): showAllScreens()
01-13 17:23:01.687 D/FxWorkspaceClient( 1684): freezeAllScreens
01-13 17:23:01.687 D/AK8975  ( 1448): Compass Start
01-13 17:23:01.687 D/UnlockAnimator( 1684): setFrame: unlock_to_03
01-13 17:23:01.697 D/Rotate.Performance( 1684): FxWorkspace.show()
01-13 17:23:01.707 D/RemoveMe( 1663): DCT got intent android.intent.action.SCREEN_ON
01-13 17:23:01.707 D/ConnectivityService( 1576): getMobileDataEnabled returning false
01-13 17:23:01.707 D/ConnectivityService( 1576): getMobileDataEnabled returning false
01-13 17:23:01.717 D/RemoveMe( 1663): DCT got intent android.intent.action.SCREEN_ON
01-13 17:23:01.727 D/RemoveMe( 1663): DCT got intent android.intent.action.SCREEN_ON
01-13 17:23:02.388 D/HtcLockScreen3.0( 1576): HtcLockScreen: onInterceptTouchEvent ACTION_DOWN
01-13 17:23:02.938 D/HtcLockScreen3.0( 1576): HtcLockScreen: onInterceptTouchEvent ACTION_UP
01-13 17:23:02.938 D/IdleScreen_base( 1692): onRingUnlockStart
01-13 17:23:03.249 D/KeyguardViewManager( 1576): hide()
01-13 17:23:03.249 I/TabletStatusBar( 1646): DISABLE_CLOCK: no
01-13 17:23:03.249 I/TabletStatusBar( 1646): DISABLE_NAVIGATION: no
01-13 17:23:03.259 D/MyHTC   ( 1880): PoweronReceiver.onReceive(): intent=android.intent.action.USER_PRESENT
01-13 17:23:03.269 D/Sensors ( 1576): Enable akm: en = 0
01-13 17:23:03.279 D/FxWorkspace( 1684): unlockAnimation
01-13 17:23:03.279 D/FxWorkspace( 1684): onUnlockAnimationStart()
01-13 17:23:03.279 D/UnlockAnimator( 1684): playMarker: unlock_to_03
01-13 17:23:03.289 D/FxWorkspaceClient( 1684): showAllScreens()
01-13 17:23:03.289 D/Rotate.Performance( 1684): FxWorkspace.show()
01-13 17:23:03.299 D/Twitter-MessageReceiver( 2486): action android.intent.action.USER_PRESENT
01-13 17:23:03.299 D/msm7x30.gralloc( 1438): gpu_context_t::getGrallocInformationFromFormat  1 
01-13 17:23:03.329 D/SyncProvider( 2486): match settings
01-13 17:23:03.329 W/InputManagerService( 1576): Window already focused, ignoring focus gain of: com.android.internal.view.IInputMethodClient$Stub$Proxy@40a19370
01-13 17:23:03.339 D/FacebookReceiver( 2486): Intent.ACTION_USER_PRESENT SyncInterval=3600000,currTime=1389633783339
01-13 17:23:03.339 D/FacebookReceiver( 2486): Intent.ACTION_USER_PRESENT lastStreamSyncTime=1389633783345,lastFriendSyncTime=1389633783345
01-13 17:23:03.349 I/SharedBufferStack( 1684): ShareClientTryLock succeed after 23 trial
01-13 17:23:03.349 D/SyncProvider( 2486): match settings
01-13 17:23:03.359 D/FlickrReceiver( 2486): Intent.ACTION_USER_PRESENT SyncInterval=3600000,currTime=1389633783363
01-13 17:23:03.359 D/FlickrReceiver( 2486): Intent.ACTION_USER_PRESENT lastStreamSyncTime=1389633783366,lastFriendSyncTime=1389633783366
01-13 17:23:03.389 I/TabletStatusBar( 1646): DISABLE_BACK: no
01-13 17:23:03.399 D/SurfaceFlinger( 1438): virtual void android::Layer::onRemoved(): lcblk (identity=11, status=0, token=0)
01-13 17:23:03.419 D/SurfaceFlinger( 1438): virtual void android::Layer::onRemoved(): lcblk (identity=12, status=0, token=0)
01-13 17:23:03.469 D/AK8975  ( 1448): Compass CLOSE 
01-13 17:23:03.479 D/dalvikvm( 1692): GC_EXPLICIT freed 153K, 8% free 7048K/7623K, paused 2ms+1ms
01-13 17:23:03.509 D/dalvikvm( 1692): GC_EXPLICIT freed 2K, 8% free 7046K/7623K, paused 2ms+2ms
01-13 17:23:03.519 D/SyncProvider( 2486): match settings
01-13 17:23:03.829 D/dalvikvm( 1692): GC_EXPLICIT freed 2K, 8% free 7046K/7623K, paused 1ms+1ms
01-13 17:23:03.859 D/dalvikvm( 1692): GC_EXPLICIT freed 1K, 8% free 7046K/7623K, paused 1ms+1ms
01-13 17:23:04.280 D/FxWorkspace( 1684): onUnlockAnimationEnd()
01-13 17:23:04.280 D/HostWidgetManager( 1684): onUserPresent: 2
01-13 17:23:04.280 D/HostWidgetManager( 1684): resumeWidgets: 2 sort: true
01-13 17:23:04.280 D/FxWorkspace( 1684): changeScreensVisibility
01-13 17:23:04.280 D/FxWorkspace( 1684): changeScreensVisibility
01-13 17:23:04.790 D/Sensors ( 1576): Enable akm: en = 1
01-13 17:23:04.800 D/AK8975  ( 1448): Compass Start
01-13 17:23:06.212 D/UsbnetService( 1576): BroadcastReceiver::onReceive+
01-13 17:23:06.222 D/UsbnetService( 1576): onReceive BATTERY_CHANGED
01-13 17:23:06.222 D/UsbnetService( 1576):  --> pluggedType = 2, mPluggedType = 0, mScreenOff = false
01-13 17:23:06.222 D/UsbnetService( 1576): BroadcastReceiver::onReceive-
01-13 17:23:06.222 D/NotificationService( 1576): mIntentReceiver() Intent.ACTION_BATTERY_CHANGED
01-13 17:23:06.232 D/BatteryService( 1576): SendIntentforPowersaver
01-13 17:23:06.232 D/BatteryService( 1576): Current powersaver status == NORMAL_STATUS1 2 2 false
01-13 17:23:06.232 D/RemoveMe( 1663): DCT got intent android.intent.action.BATTERY_CHANGED
01-13 17:23:06.232 D/PowerUI ( 1646): closing low battery warning: level=99
01-13 17:23:06.232 D/PowerUI ( 1646): plugged = true, health = 2, mBatteryLevel = 99, mPluggedBatteryLevel = 99, mLowBatteryWarningLevel2 = 25, mshowLowChargingWarning2 = true
01-13 17:23:06.242 D/RemoveMe( 1663): DCT got intent android.intent.action.BATTERY_CHANGED
01-13 17:23:06.242 D/RemoveMe( 1663): DCT got intent android.intent.action.BATTERY_CHANGED
01-13 17:23:11.627 D/AndroidRuntime( 2555): 
01-13 17:23:11.627 D/AndroidRuntime( 2555): >>>>>> AndroidRuntime START com.android.internal.os.RuntimeInit <<<<<<
01-13 17:23:11.627 D/AndroidRuntime( 2555): CheckJNI is OFF
01-13 17:23:11.727 D/CursorWindowStats( 2555): Get CursorWindow size from framework resource:4194304
01-13 17:23:11.767 D/AndroidRuntime( 2555): Calling main entry com.android.commands.pm.Pm
01-13 17:23:11.807 I/ActivityManager( 1576): Start proc com.android.defcontainer for service com.android.defcontainer/.DefaultContainerService: pid=2563 uid=10087 gids={1015, 2001}
01-13 17:23:11.827 D/dalvikvm( 1439): GC_EXPLICIT freed 12K, 5% free 6453K/6787K, paused 1ms+10ms
01-13 17:23:11.857 D/dalvikvm( 1439): GC_EXPLICIT freed <1K, 5% free 6453K/6787K, paused 1ms+1ms
01-13 17:23:11.897 D/dalvikvm( 1439): GC_EXPLICIT freed <1K, 5% free 6453K/6787K, paused 1ms+1ms
01-13 17:23:11.897 D/dalvikvm( 2563): GC_EXPLICIT freed 44K, 5% free 6458K/6787K, paused 8ms+5ms
01-13 17:23:12.187 W/ActivityManager( 1576): No content provider found for: 
01-13 17:23:12.197 W/ActivityManager( 1576): No content provider found for: 
01-13 17:23:12.207 I/ActivityManager( 1576): No longer want com.htc.recommend (pid 2392): hidden #16
01-13 17:23:12.207 D/PackageParser( 1576): Scanning package: /data/app/vmdl1435355315.tmp
01-13 17:23:12.278 I/PackageManager( 1576): Removing non-system package:uk.ac.st_andrews.cs.host.mk74.energymeasurement.bluetooth
01-13 17:23:12.278 I/ActivityManager( 1576): Force stopping package uk.ac.st_andrews.cs.host.mk74.energymeasurement.bluetooth uid=10108
01-13 17:23:12.518 D/PackageManager( 1576): Scanning package uk.ac.st_andrews.cs.host.mk74.energymeasurement.bluetooth
01-13 17:23:12.518 I/PackageManager( 1576): Package uk.ac.st_andrews.cs.host.mk74.energymeasurement.bluetooth codePath changed from /data/app/uk.ac.st_andrews.cs.host.mk74.energymeasurement.bluetooth-1.apk to /data/app/uk.ac.st_andrews.cs.host.mk74.energymeasurement.bluetooth-2.apk; Retaining data and using new
01-13 17:23:12.518 I/PackageManager( 1576): Unpacking native libraries for /data/app/uk.ac.st_andrews.cs.host.mk74.energymeasurement.bluetooth-2.apk
01-13 17:23:12.758 D/dalvikvm( 2571): DexOpt: load 37ms, verify+opt 147ms
01-13 17:23:12.918 I/ActivityManager( 1576): Force stopping package uk.ac.st_andrews.cs.host.mk74.energymeasurement.bluetooth uid=10108
01-13 17:23:12.918 W/PackageManager( 1576): Code path for pkg : uk.ac.st_andrews.cs.host.mk74.energymeasurement.bluetooth changing from /data/app/uk.ac.st_andrews.cs.host.mk74.energymeasurement.bluetooth-1.apk to /data/app/uk.ac.st_andrews.cs.host.mk74.energymeasurement.bluetooth-2.apk
01-13 17:23:12.918 D/PackageManager( 1576):   Activities: uk.ac.st_andrews.cs.host.mk74.energymeasurement.bluetooth.MainActivity
01-13 17:23:12.918 W/PackageManager( 1576): Resource path for pkg : uk.ac.st_andrews.cs.host.mk74.energymeasurement.bluetooth changing from /data/app/uk.ac.st_andrews.cs.host.mk74.energymeasurement.bluetooth-1.apk to /data/app/uk.ac.st_andrews.cs.host.mk74.energymeasurement.bluetooth-2.apk
01-13 17:23:13.078 D/PackageManager( 1576): [embedded] New package installed in /data/app/uk.ac.st_andrews.cs.host.mk74.energymeasurement.bluetooth-2.apk
01-13 17:23:13.259 I/ActivityManager( 1576): Force stopping package uk.ac.st_andrews.cs.host.mk74.energymeasurement.bluetooth uid=10108
01-13 17:23:13.319 D/AutoSetting( 1764): service - mRequestRunnable: screen on delay 10s, request NLP now
01-13 17:23:13.329 D/dalvikvm( 1684): GC_EXPLICIT freed 1241K, 19% free 11153K/13703K, paused 1ms+4ms
01-13 17:23:13.329 D/AutoSetting( 1764): service - requestNLP() NetworkLocationProvider not enabled
01-13 17:23:13.349 D/dalvikvm( 1666): GC_EXPLICIT freed 42K, 11% free 7766K/8647K, paused 1ms+3ms
01-13 17:23:13.369 D/Launcher.Model( 1684): onReceive intent=Intent { act=android.intent.action.PACKAGE_REMOVED dat=package:uk.ac.st_andrews.cs.host.mk74.energymeasurement.bluetooth flg=0x10000010 (has extras) }
01-13 17:23:13.369 D/PhoneApp( 1663): -- PackageChangeBroadcastReceiver  action = android.intent.action.PACKAGE_REMOVED
01-13 17:23:13.369 D/SM:PackageReceiver( 2047): package removed: package:uk.ac.st_andrews.cs.host.mk74.energymeasurement.bluetooth
01-13 17:23:13.379 D/WidgetScanner( 1684): onReceive: Intent { act=android.intent.action.PACKAGE_REMOVED dat=package:uk.ac.st_andrews.cs.host.mk74.energymeasurement.bluetooth flg=0x10000010 cmp=com.htc.launcher/.widget.WidgetScannerTrigger (has extras) }
01-13 17:23:13.379 I/ActivityManager( 1576): Start proc com.htc.launcher.widgetscanner for service com.htc.launcher/.widget.WidgetScannerService: pid=2572 uid=9999 gids={3003, 3002, 3001, 2001, 1015}
01-13 17:23:13.389 I/ActivityManager( 1576): Start proc com.htc.opensense for broadcast com.htc.opensense/.pluginmanager.RegisterReceiver: pid=2574 uid=10013 gids={2001, 3003, 1006, 1015}
01-13 17:23:13.479 I/ActivityManager( 1576): Start proc com.htc.cs for broadcast com.htc.cs/.plugin.PluginRegisterReceiver: pid=2586 uid=10041 gids={3003, 1015}
01-13 17:23:13.529 D/PackageManager( 1576): generateServicesMap(android.accounts.AccountAuthenticator): 13 services unchanged
01-13 17:23:13.569 I/ActivityThread( 2586): Pub com.htc.connectedservice.csprovider: com.htc.cs.provider.ConnectedServiceProvider
01-13 17:23:13.589 I/ActivityThread( 2586): Pub com.htc.cs.dashboard: com.htc.cs.sync.dashboard.DashboardProvider
01-13 17:23:13.599 D/vicky   ( 2586): vicky received: android.intent.action.PACKAGE_REMOVED
01-13 17:23:13.599 I/ActivityManager( 1576): Start proc com.google.android.apps.maps for broadcast com.google.android.apps.maps/com.google.android.location.internal.NlpPackageUpdateReceiver: pid=2595 uid=10046 gids={3003, 1015}
01-13 17:23:13.609 D/PackageManager( 1576): generateServicesMap(android.content.SyncAdapter): 21 services unchanged
01-13 17:23:13.629 D/LauncherApplication( 2572): + LauncherApplication onCreate()
01-13 17:23:13.649 I/ActivityManager( 1576): No longer want com.google.android.apps.uploader (pid 1895): hidden #16
01-13 17:23:13.659 D/Launcher.Model( 1684): onReceive intent=Intent { act=android.intent.action.PACKAGE_ADDED dat=package:uk.ac.st_andrews.cs.host.mk74.energymeasurement.bluetooth flg=0x10000010 (has extras) }
01-13 17:23:13.659 D/Launcher.Model( 1684): mAllAppsList.updatePackage uk.ac.st_andrews.cs.host.mk74.energymeasurement.bluetooth
01-13 17:23:13.669 D/PackageManager( 1576): generateServicesMap(android.accounts.AccountAuthenticator): 13 services unchanged
01-13 17:23:13.679 D/PhoneApp( 1663): -- PackageChangeBroadcastReceiver  action = android.intent.action.PACKAGE_ADDED
01-13 17:23:13.679 D/LauncherApplication( 2572): - LauncherApplication onCreate()
01-13 17:23:13.709 D/PackageManager( 1576): generateServicesMap(android.content.SyncAdapter): 21 services unchanged
01-13 17:23:13.749 D/dalvikvm( 2572): GC_CONCURRENT freed 166K, 5% free 6765K/7047K, paused 2ms+4ms
01-13 17:23:13.869 D/dalvikvm( 2595): GC_CONCURRENT freed 150K, 4% free 6808K/7047K, paused 1ms+2ms
01-13 17:23:13.879 D/WidgetScanner( 2572): onReceiveInternal: Intent { act=android.intent.action.PACKAGE_REMOVED dat=package:uk.ac.st_andrews.cs.host.mk74.energymeasurement.bluetooth flg=0x10000010 cmp=com.htc.launcher/.widget.WidgetScannerService (has extras) }
01-13 17:23:13.879 D/HtcWidgetScanner( 2572): onPackageRemoved: uk.ac.st_andrews.cs.host.mk74.energymeasurement.bluetooth
01-13 17:23:13.909 I/RegisterService( 2574): android.intent.action.PACKAGE_REMOVED package:uk.ac.st_andrews.cs.host.mk74.energymeasurement.bluetooth
01-13 17:23:13.979 W/ContentService( 1576): binderDied() at ObserverNode name com.google.android.gsf.gservices
01-13 17:23:14.009 D/dalvikvm( 2595): GC_CONCURRENT freed 136K, 4% free 7146K/7431K, paused 2ms+22ms
01-13 17:23:14.039 D/HtcWidgetProvider( 1684): update 0
01-13 17:23:14.059 I/ActivityThread( 2595): Pub com.google.android.maps.SearchHistoryProvider: com.google.googlenav.provider.SearchHistoryProvider
01-13 17:23:14.079 I/ActivityThread( 2595): Pub com.google.android.maps.LayerInfoProvider: com.google.googlenav.layer.LayerInfoProvider
01-13 17:23:14.079 D/SqliteDatabaseCpp( 2595): dbopen(): path = /data/data/com.google.android.apps.maps/databases , key = LYqevA, flag = 6, file size = 5120
01-13 17:23:14.089 D/SqliteDatabaseCpp( 2595): dbopen(): path = /data/data/com.google.android.apps.maps/databases , key = LYqevA, mode: delete, disk free size: 7854 M, handle: 0x15dd60
01-13 17:23:14.099 D/FxWidgetScanner( 2572): onPackageRemoved: uk.ac.st_andrews.cs.host.mk74.energymeasurement.bluetooth
01-13 17:23:14.099 I/ActivityThread( 2595): Pub com.google.android.maps.TrafficAppWidgetProvider: com.google.googlenav.appwidget.traffic.TrafficAppWidgetProvider
01-13 17:23:14.109 D/FxWidgetScanner( 2572): removeFxWidgetList
01-13 17:23:14.119 I/ActivityThread( 2595): Pub com.google.android.maps.SuggestionProvider: com.google.googlenav.suggest.android.SuggestProvider
01-13 17:23:14.129 D/CombinedWidgetProvider( 1684): +addAppWidget
01-13 17:23:14.189 D/dalvikvm( 1576): GC_CONCURRENT freed 1824K, 11% free 16185K/18119K, paused 2ms+4ms
01-13 17:23:14.199 D/CombinedWidgetProvider( 1684): addAppWidget: WidgetSummary(YouTube/APP_WIDGET/[I@40d50c58 x [I@40d562d8/-1/ComponentInfo{com.google.android.youtube/com.google.android.youtube.app.honeycomb.widget.WidgetProvider}/[I@40d562f8)
01-13 17:23:14.199 D/CombinedWidgetProvider( 1684): addAppWidget: WidgetSummary(Twitter (large)/APP_WIDGET/[I@4091eb38 x [I@4091eb58/-1/ComponentInfo{com.twitter.android/com.twitter.android.client.WidgetLargeProvider}/[I@4091eb78)
01-13 17:23:14.199 D/CombinedWidgetProvider( 1684): addAppWidget: WidgetSummary(Twitter (small)/APP_WIDGET/[I@406f3088 x [I@406f30a8/-1/ComponentInfo{com.twitter.android/com.twitter.android.client.WidgetSmallProvider}/[I@4071ba08)
01-13 17:23:14.209 D/CombinedWidgetProvider( 1684): addAppWidget: WidgetSummary(Traffic/APP_WIDGET/[I@407480c0 x [I@4075fc00/-1/ComponentInfo{com.google.android.apps.maps/com.google.googlenav.appwidget.traffic.TrafficAppWidget}/[I@4075fc20)
01-13 17:23:14.209 D/CombinedWidgetProvider( 1684): addAppWidget: WidgetSummary(Latitude/APP_WIDGET/[I@407ed168 x [I@407ed188/-1/ComponentInfo{com.google.android.apps.maps/com.google.googlenav.appwidget.friends.FriendsAppWidgetProvider}/[I@407ed1a8)
01-13 17:23:14.209 D/CombinedWidgetProvider( 1684): addAppWidget: WidgetSummary(Market/APP_WIDGET/[I@4080bf28 x [I@4080bf48/-1/ComponentInfo{com.android.vending/com.android.vending.MarketWidgetProvider}/[I@4080bf68)
01-13 17:23:14.209 D/CombinedWidgetProvider( 1684): addAppWidget: WidgetSummary(Google Search/APP_WIDGET/[I@4084ec90 x [I@4084ecb0/-1/ComponentInfo{com.google.android.googlequicksearchbox/com.google.android.googlequicksearchbox.SearchWidgetProvider}/[I@4084ecd0)
01-13 17:23:14.219 I/ActivityThread( 2595): Pub com.google.android.maps.LocalActivePlacesProvider: com.google.googlenav.provider.LocalActivePlacesProvider
01-13 17:23:14.219 I/ActivityThread( 2595): Pub com.google.android.maps.StarredItemProvider: com.google.googlenav.provider.StarredItemProvider
01-13 17:23:14.239 D/CombinedWidgetProvider( 1684): addAppWidget: WidgetSummary(Gmail/APP_WIDGET/[I@40868ef8 x [I@40922f88/-1/ComponentInfo{com.google.android.gm/com.google.android.gm.widget.GmailWidgetProvider}/[I@40922fa8)
01-13 17:23:14.239 D/CombinedWidgetProvider( 1684): addAppWidget: WidgetSummary(Bookmarks/APP_WIDGET/[I@40d2fd20 x [I@40753d88/-1/ComponentInfo{com.android.browser/com.android.browser.widget.BookmarkThumbnailWidgetProvider}/[I@40753da8)
01-13 17:23:14.239 D/CombinedWidgetProvider( 1684): -addAppWidget
01-13 17:23:14.239 D/CombinedWidgetProvider( 1684): +addHtcWidgets, cat: -1
01-13 17:23:14.239 D/CombinedWidgetProvider( 1684):  uri: content://com.htc.launcher.widget.htcwidget/htcwidgets?widget_only=true
01-13 17:23:14.239 D/HtcWidgetProvider( 1684): row 1
01-13 17:23:14.259 D/CombinedWidgetProvider( 1684): addHtcWidget: WidgetSummary(Tips for Home/HTC_WIDGET/[I@40719738 x [I@40719758/1101/ComponentInfo{com.htc.rosiewidgets.tip/com.htc.rosiewidgets.tip.TipWidgetItem}/[I@40719778)
01-13 17:23:14.259 D/CombinedWidgetProvider( 1684): -addHtcWidgets
01-13 17:23:14.270 D/CombinedWidgetProvider( 1684): +addFxWidgets , provider: null
01-13 17:23:14.270 D/FxWidgetProviderInfoCollector( 1684): getAllStyles + [Ljava.lang.String;@406d1dc8 @ 
01-13 17:23:14.280 D/FxWidgetProvider( 1684): row 94
01-13 17:23:14.340 D/FxWidgetScanner( 2572): delete 0
01-13 17:23:14.580 I/ActivityThread( 2595): Pub com.google.android.maps.LocalSuggestionProvider: com.google.googlenav.provider.LocalSuggestionProvider
01-13 17:23:14.590 I/ActivityThread( 2595): Pub com.google.android.maps.NavigationAvailabilityProvider: com.google.googlenav.provider.NavigationAvailabilityProvider
01-13 17:23:14.640 D/dalvikvm( 2595): GC_CONCURRENT freed 157K, 4% free 7502K/7751K, paused 2ms+32ms
01-13 17:23:14.650 I/ActivityManager( 1576): Start proc com.android.vending for broadcast com.android.vending/com.google.android.finsky.receivers.PersistentPackageMonitorReceiver: pid=2607 uid=10049 gids={3003, 1015}
01-13 17:23:14.670 I/ActivityManager( 1576): No longer want com.htc.laputa.HtcLaputaInstaller (pid 2241): hidden #16
01-13 17:23:14.870 I/ActivityThread( 2607): Pub com.google.android.finsky.RecentSuggestionsProvider: com.google.android.finsky.providers.RecentSuggestionsProvider
01-13 17:23:15.010 D/WidgetScanner( 2572): upadted? false
01-13 17:23:15.030 I/ActivityManager( 1576): No longer want com.htc.ereader.drmengine (pid 2314): hidden #16
01-13 17:23:15.050 D/SqliteDatabaseCpp( 2607): dbopen(): path = /data/data/com.android.vending/databases , key = mYvoet[Ywwetw, flag = 6, file size = 7168
01-13 17:23:15.050 D/SqliteDatabaseCpp( 2607): dbopen(): path = /data/data/com.android.vending/databases , key = mYvoet[Ywwetw, mode: delete, disk free size: 7854 M, handle: 0x1ae2e0
01-13 17:23:15.070 D/FxWidgetProvider( 1684): row 1
01-13 17:23:15.070 D/CombinedWidgetProvider( 1684): addFxWidget: WidgetSummary(Watch/FX_WIDGET/[I@40908800 x [I@40908820/-2/ComponentInfo{com.htc.widget3d.watch/com.htc.widget3d.watch.WatchProvider}/[I@40908840)
01-13 17:23:15.070 D/FxWidgetProvider( 1684): row 1
01-13 17:23:15.080 D/CombinedWidgetProvider( 1684): addFxWidget: WidgetSummary(Airplane Mode/FX_WIDGET/[I@4090aba0 x [I@4090abc0/-2/ComponentInfo{com.htc.htcsettingwidgets/com.htc.htcsettingwidgets.AirplaneWidget}/[I@4090abe0)
01-13 17:23:15.080 D/FxWidgetProvider( 1684): row 1
01-13 17:23:15.080 D/CombinedWidgetProvider( 1684): addFxWidget: WidgetSummary(Bluetooth/FX_WIDGET/[I@4090d090 x [I@4090d0b0/-2/ComponentInfo{com.htc.htcsettingwidgets/com.htc.htcsettingwidgets.BTWidget}/[I@4090d0d0)
01-13 17:23:15.080 D/FxWidgetProvider( 1684): row 1
01-13 17:23:15.080 D/CombinedWidgetProvider( 1684): addFxWidget: WidgetSummary(GPS/FX_WIDGET/[I@4090f400 x [I@4090f420/-2/ComponentInfo{com.htc.htcsettingwidgets/com.htc.htcsettingwidgets.GPSWidget}/[I@4090f440)
01-13 17:23:15.090 D/FxWidgetProvider( 1684): row 1
01-13 17:23:15.090 D/CombinedWidgetProvider( 1684): addFxWidget: WidgetSummary(Wi-Fi Hotspot/FX_WIDGET/[I@40911760 x [I@40911780/-2/ComponentInfo{com.htc.htcsettingwidgets/com.htc.htcsettingwidgets.HotspotWidget}/[I@409117a0)
01-13 17:23:15.090 D/FxWidgetProvider( 1684): row 1
01-13 17:23:15.110 D/Socket_Alarm( 2607): registerHTCSocketMonitorCallBack
01-13 17:23:15.110 D/CombinedWidgetProvider( 1684): addFxWidget: WidgetSummary(Mobile Network/FX_WIDGET/[I@40913c48 x [I@40913c68/-2/ComponentInfo{com.htc.htcsettingwidgets/com.htc.htcsettingwidgets.MobileNetworkWidget}/[I@40913c88)
01-13 17:23:15.110 D/Socket_Alarm( 2607): set mSocketMonitor
01-13 17:23:15.110 D/Socket_Alarm( 2607): HTCSocketMonitorImpl::HTCSocketMonitorImpl
01-13 17:23:15.120 D/FxWidgetProvider( 1684): row 1
01-13 17:23:15.120 D/CombinedWidgetProvider( 1684): addFxWidget: WidgetSummary(Wi-Fi/FX_WIDGET/[I@409160e0 x [I@40916100/-2/ComponentInfo{com.htc.htcsettingwidgets/com.htc.htcsettingwidgets.WiFiWidget}/[I@40916120)
01-13 17:23:15.130 D/FxWidgetProvider( 1684): row 1
01-13 17:23:15.130 D/CombinedWidgetProvider( 1684): addFxWidget: WidgetSummary(Mail/FX_WIDGET/[I@40892140 x [I@40892160/-2/ComponentInfo{com.htc.htcmailwidgets/com.htc.htcmailwidgets.WidgetReceiver}/[I@40892180)
01-13 17:23:15.130 D/Finsky  ( 2607): [1] SanityChecker.run: # LocalAssets corrected : 0
01-13 17:23:15.130 D/Finsky  ( 2607): Sanity check took : 10 ms
01-13 17:23:15.150 D/FxWidgetProvider( 1684): row 3
01-13 17:23:15.150 D/FxWidgetProviderInfoCollector( 1684): more than one style shared the same component! Return the first one found.
01-13 17:23:15.150 I/ActivityManager( 1576): Start proc com.htc.recommend for broadcast com.htc.recommend/.receiver.AppInstalledReceiver: pid=2629 uid=10056 gids={2001, 3003}
01-13 17:23:15.160 D/CombinedWidgetProvider( 1684): addFxWidget: WidgetSummary(Mail/FX_WIDGET/[I@408944a0 x [I@408944c0/-2/ComponentInfo{com.htc.htcmailwidgets/com.htc.htcmailwidgets.WidgetReceiver}/[I@408944e0)
01-13 17:23:15.160 D/FxWidgetProvider( 1684): row 3
01-13 17:23:15.160 D/FxWidgetProviderInfoCollector( 1684): more than one style shared the same component! Return the first one found.
01-13 17:23:15.160 D/CombinedWidgetProvider( 1684): addFxWidget: WidgetSummary(Mail/FX_WIDGET/[I@40896810 x [I@40896830/-2/ComponentInfo{com.htc.htcmailwidgets/com.htc.htcmailwidgets.WidgetReceiver}/[I@40896850)
01-13 17:23:15.170 D/FxWidgetProvider( 1684): row 3
01-13 17:23:15.170 D/dalvikvm( 2607): GC_CONCURRENT freed 226K, 5% free 6733K/7047K, paused 2ms+2ms
01-13 17:23:15.180 D/FxWidgetProviderInfoCollector( 1684): more than one style shared the same component! Return the first one found.
01-13 17:23:15.180 I/ActivityManager( 1576): No longer want com.htc.ereader (pid 2428): hidden #16
01-13 17:23:15.190 D/CombinedWidgetProvider( 1684): addFxWidget: WidgetSummary(Mail/FX_WIDGET/[I@40898950 x [I@40898970/-2/ComponentInfo{com.htc.htcmailwidgets/com.htc.htcmailwidgets.WidgetReceiver}/[I@40898990)
01-13 17:23:15.190 D/FxWidgetProvider( 1684): row 3
01-13 17:23:15.200 D/FxWidgetProviderInfoCollector( 1684): more than one style shared the same component! Return the first one found.
01-13 17:23:15.200 D/CombinedWidgetProvider( 1684): addFxWidget: WidgetSummary(Mail/FX_WIDGET/[I@4089aa78 x [I@4089aa98/-2/ComponentInfo{com.htc.htcmailwidgets/com.htc.htcmailwidgets.WidgetReceiver}/[I@4089aab8)
01-13 17:23:15.200 D/FxWidgetProvider( 1684): row 3
01-13 17:23:15.210 D/FxWidgetProviderInfoCollector( 1684): more than one style shared the same component! Return the first one found.
01-13 17:23:15.210 D/CombinedWidgetProvider( 1684): addFxWidget: WidgetSummary(Mail/FX_WIDGET/[I@4089cdb8 x [I@4089cdd8/-2/ComponentInfo{com.htc.htcmailwidgets/com.htc.htcmailwidgets.WidgetReceiver}/[I@4089cdf8)
01-13 17:23:15.210 D/FxWidgetProvider( 1684): row 3
01-13 17:23:15.220 D/FxWidgetProviderInfoCollector( 1684): more than one style shared the same component! Return the first one found.
01-13 17:23:15.220 D/CombinedWidgetProvider( 1684): addFxWidget: WidgetSummary(Mail/FX_WIDGET/[I@4089ef40 x [I@4089ef60/-2/ComponentInfo{com.htc.htcmailwidgets/com.htc.htcmailwidgets.WidgetReceiver}/[I@4089ef80)
01-13 17:23:15.220 D/FxWidgetProvider( 1684): row 5
01-13 17:23:15.220 D/FxWidgetProviderInfoCollector( 1684): more than one style shared the same component! Return the first one found.
01-13 17:23:15.230 I/ActivityThread( 2629): Pub com.htc.recommend.provider.HTCRecommendCarouselProvider: com.htc.recommend.provider.HTCRecommendCarouselProvider
01-13 17:23:15.230 I/ActivityThread( 2629): Pub com.htc.recommend.provider.HTCRecommendContentProvider: com.htc.recommend.provider.HTCRecommendContentProvider
01-13 17:23:15.240 D/HTC Recommends( 2629): /mnt/sdcard/.LHYGB/CKCL
01-13 17:23:15.240 D/HTC Recommends( 2629): no token file
01-13 17:23:15.240 D/HTC Recommends( 2629): no token file
01-13 17:23:15.240 D/HTC Recommends( 2629): Log settings are 
01-13 17:23:15.240 D/HTC Recommends( 2629): Enable General Log : false
01-13 17:23:15.240 D/HTC Recommends( 2629): Enable Analytic Log : false
01-13 17:23:15.240 D/HTC Recommends( 2629): Enable Normal Log Level (dependent on General Log) : false
01-13 17:23:15.240 D/HTC Recommends( 2629): Enable Critical Log Level (dependent on General Log) : false
01-13 17:23:15.240 D/SqliteDatabaseCpp( 2629): dbopen(): path = /data/data/com.htc.recommend/databases , key = `tgvegkmmejd, flag = 6, file size = 38912
01-13 17:23:15.240 D/SqliteDatabaseCpp( 2629): dbopen(): path = /data/data/com.htc.recommend/databases , key = `tgvegkmmejd, mode: delete, disk free size: 7854 M, handle: 0x15d800
01-13 17:23:15.301 D/CombinedWidgetProvider( 1684): addFxWidget: WidgetSummary(People/FX_WIDGET/[I@408a1050 x [I@408a1070/-2/ComponentInfo{com.htc.htccontactwidgets_3d_fusion/com.htc.htccontactwidgets_3d_fusion.WidgetReceiver}/[I@408a1090)
01-13 17:23:15.301 D/FxWidgetProvider( 1684): row 5
01-13 17:23:15.301 D/FxWidgetProviderInfoCollector( 1684): more than one style shared the same component! Return the first one found.
01-13 17:23:15.301 D/CombinedWidgetProvider( 1684): addFxWidget: WidgetSummary(People/FX_WIDGET/[I@408a36d0 x [I@408a36f0/-2/ComponentInfo{com.htc.htccontactwidgets_3d_fusion/com.htc.htccontactwidgets_3d_fusion.WidgetReceiver}/[I@408a3710)
01-13 17:23:15.311 D/FxWidgetProvider( 1684): row 5
01-13 17:23:15.311 D/FxWidgetProviderInfoCollector( 1684): more than one style shared the same component! Return the first one found.
01-13 17:23:15.311 D/CombinedWidgetProvider( 1684): addFxWidget: WidgetSummary(People/FX_WIDGET/[I@408a5b38 x [I@408a5b58/-2/ComponentInfo{com.htc.htccontactwidgets_3d_fusion/com.htc.htccontactwidgets_3d_fusion.WidgetReceiver}/[I@408a5b78)
01-13 17:23:15.321 D/FxWidgetProvider( 1684): row 5
01-13 17:23:15.321 D/FxWidgetProviderInfoCollector( 1684): more than one style shared the same component! Return the first one found.
01-13 17:23:15.321 D/CombinedWidgetProvider( 1684): addFxWidget: WidgetSummary(People/FX_WIDGET/[I@408a7f88 x [I@408a7fa8/-2/ComponentInfo{com.htc.htccontactwidgets_3d_fusion/com.htc.htccontactwidgets_3d_fusion.WidgetReceiver}/[I@408a7fc8)
01-13 17:23:15.331 D/FxWidgetProvider( 1684): row 5
01-13 17:23:15.331 D/FxWidgetProviderInfoCollector( 1684): more than one style shared the same component! Return the first one found.
01-13 17:23:15.331 D/CombinedWidgetProvider( 1684): addFxWidget: WidgetSummary(People/FX_WIDGET/[I@408aa3d8 x [I@408aa3f8/-2/ComponentInfo{com.htc.htccontactwidgets_3d_fusion/com.htc.htccontactwidgets_3d_fusion.WidgetReceiver}/[I@408aa418)
01-13 17:23:15.331 D/FxWidgetProvider( 1684): row 1
01-13 17:23:15.341 D/CombinedWidgetProvider( 1684): addFxWidget: WidgetSummary(Calendar/FX_WIDGET/[I@408ac8a8 x [I@408ac8c8/-2/ComponentInfo{com.htc.htccalendarwidgets/com.htc.htccalendarwidgets.WidgetReceiver}/[I@408ac8e8)
01-13 17:23:15.341 D/FxWidgetProvider( 1684): row 3
01-13 17:23:15.351 D/FxWidgetProviderInfoCollector( 1684): more than one style shared the same component! Return the first one found.
01-13 17:23:15.351 D/CombinedWidgetProvider( 1684): addFxWidget: WidgetSummary(Calendar/FX_WIDGET/[I@408aed38 x [I@408aed58/-2/ComponentInfo{com.htc.htccalendarwidgets/com.htc.htccalendarwidgets.WidgetReceiver}/[I@408aed78)
01-13 17:23:15.361 D/FxWidgetProvider( 1684): row 3
01-13 17:23:15.361 D/FxWidgetProviderInfoCollector( 1684): more than one style shared the same component! Return the first one found.
01-13 17:23:15.361 D/CombinedWidgetProvider( 1684): addFxWidget: WidgetSummary(Calendar/FX_WIDGET/[I@408b11f0 x [I@408b1210/-2/ComponentInfo{com.htc.htccalendarwidgets/com.htc.htccalendarwidgets.WidgetReceiver}/[I@408b1230)
01-13 17:23:15.361 D/FxWidgetProvider( 1684): row 3
01-13 17:23:15.371 D/FxWidgetProviderInfoCollector( 1684): more than one style shared the same component! Return the first one found.
01-13 17:23:15.371 D/CombinedWidgetProvider( 1684): addFxWidget: WidgetSummary(Calendar/FX_WIDGET/[I@408b3478 x [I@408b3498/-2/ComponentInfo{com.htc.htccalendarwidgets/com.htc.htccalendarwidgets.WidgetReceiver}/[I@408b34b8)
01-13 17:23:15.371 D/FxWidgetProvider( 1684): row 1
01-13 17:23:15.381 D/CombinedWidgetProvider( 1684): addFxWidget: WidgetSummary(Calendar/FX_WIDGET/[I@408b56e8 x [I@408b5708/-2/ComponentInfo{com.htc.htccalendarwidgets/com.htc.htccalendarwidgets.WidgetReceiver}/[I@408b5728)
01-13 17:23:15.381 D/FxWidgetProvider( 1684): row 1
01-13 17:23:15.391 D/CombinedWidgetProvider( 1684): addFxWidget: WidgetSummary(Bookmarks/FX_WIDGET/[I@408b7ac0 x [I@408b7ae0/-2/ComponentInfo{com.htc.fusion.htcbookmarkwidget/com.htc.fusion.htcbookmarkwidget.WidgetReceiver}/[I@408b7b00)
01-13 17:23:15.391 D/FxWidgetProvider( 1684): row 1
01-13 17:23:15.401 D/CombinedWidgetProvider( 1684): addFxWidget: WidgetSummary(Bookmarks/FX_WIDGET/[I@408b9fe8 x [I@408ba008/-2/ComponentInfo{com.htc.fusion.htcbookmarkwidget/com.htc.fusion.htcbookmarkwidget.WidgetReceiver}/[I@408ba028)
01-13 17:23:15.401 D/FxWidgetProvider( 1684): row 1
01-13 17:23:15.401 D/CombinedWidgetProvider( 1684): addFxWidget: WidgetSummary(Messages/FX_WIDGET/[I@408bc510 x [I@408bc530/-2/ComponentInfo{com.htc.htcmsgwidgets3d/com.htc.htcmsgwidgets.MsgWidgetProvider}/[I@408bc550)
01-13 17:23:15.411 D/FxWidgetProvider( 1684): row 1
01-13 17:23:15.411 D/CombinedWidgetProvider( 1684): addFxWidget: WidgetSummary(Messages/FX_WIDGET/[I@408be7e0 x [I@408be800/-2/ComponentInfo{com.htc.htcmsgwidgets3d/com.htc.htcmsgwidgets.MsgWidgetProvider}/[I@408be820)
01-13 17:23:15.411 D/FxWidgetProvider( 1684): row 1
01-13 17:23:15.421 D/CombinedWidgetProvider( 1684): addFxWidget: WidgetSummary(Messages/FX_WIDGET/[I@408c0b68 x [I@408c0b88/-2/ComponentInfo{com.htc.htcmsgwidgets3d/com.htc.htcmsgwidgets.MsgWidgetProvider}/[I@408c0ba8)
01-13 17:23:15.431 D/FxWidgetProvider( 1684): row 1
01-13 17:23:15.431 D/CombinedWidgetProvider( 1684): addFxWidget: WidgetSummary(Messages/FX_WIDGET/[I@408c2e38 x [I@408c2e58/-2/ComponentInfo{com.htc.htcmsgwidgets3d/com.htc.htcmsgwidgets.MsgWidgetProvider}/[I@408c2e78)
01-13 17:23:15.431 D/FxWidgetProvider( 1684): row 1
01-13 17:23:15.441 D/CombinedWidgetProvider( 1684): addFxWidget: WidgetSummary(Messages/FX_WIDGET/[I@40bc8378 x [I@40bc8398/-2/ComponentInfo{com.htc.htcmsgwidgets3d/com.htc.htcmsgwidgets.MsgWidgetProvider}/[I@40bc83b8)
01-13 17:23:15.441 D/FxWidgetProvider( 1684): row 1
01-13 17:23:15.441 D/CombinedWidgetProvider( 1684): addFxWidget: WidgetSummary(Messages/FX_WIDGET/[I@40bca668 x [I@40bca688/-2/ComponentInfo{com.htc.htcmsgwidgets3d/com.htc.htcmsgwidgets.MsgWidgetProvider}/[I@40bca6a8)
01-13 17:23:15.441 D/FxWidgetProvider( 1684): row 1
01-13 17:23:15.451 D/CombinedWidgetProvider( 1684): addFxWidget: WidgetSummary(Messages/FX_WIDGET/[I@40bcc958 x [I@40bcc978/-2/ComponentInfo{com.htc.htcmsgwidgets3d/com.htc.htcmsgwidgets.MsgWidgetProvider}/[I@40bcc998)
01-13 17:23:15.451 D/FxWidgetProvider( 1684): row 1
01-13 17:23:15.461 D/CombinedWidgetProvider( 1684): addFxWidget: WidgetSummary(Twitter/FX_WIDGET/[I@40bcec48 x [I@40bcec68/-2/ComponentInfo{com.htc.Twitter3DWidget/com.htc.Twitter3DWidget.TwitterWidgetProvider}/[I@40bcec88)
01-13 17:23:15.461 D/FxWidgetProvider( 1684): row 1
01-13 17:23:15.471 D/CombinedWidgetProvider( 1684): addFxWidget: WidgetSummary(Twitter/FX_WIDGET/[I@40bd1060 x [I@40bd1080/-2/ComponentInfo{com.htc.Twitter3DWidget/com.htc.Twitter3DWidget.TwitterWidgetProvider}/[I@40bd10a0)
01-13 17:23:15.471 D/FxWidgetProvider( 1684): row 1
01-13 17:23:15.511 D/CombinedWidgetProvider( 1684): addFxWidget: WidgetSummary(Twitter/FX_WIDGET/[I@40bd3478 x [I@40bd3498/-2/ComponentInfo{com.htc.Twitter3DWidget/com.htc.Twitter3DWidget.TwitterWidgetProvider}/[I@40bd34b8)
01-13 17:23:15.511 D/FxWidgetProvider( 1684): row 1
01-13 17:23:15.511 D/CombinedWidgetProvider( 1684): addFxWidget: WidgetSummary(Twitter/FX_WIDGET/[I@40bd5890 x [I@40bd58b0/-2/ComponentInfo{com.htc.Twitter3DWidget/com.htc.Twitter3DWidget.TwitterWidgetProvider}/[I@40bd58d0)
01-13 17:23:15.511 D/FxWidgetProvider( 1684): row 1
01-13 17:23:15.531 D/CombinedWidgetProvider( 1684): addFxWidget: WidgetSummary(Trends/FX_WIDGET/[I@40bd7c98 x [I@40bd7cb8/-2/ComponentInfo{com.htc.Trends3DWidget/com.htc.Trends3DWidget.TrendsWidgetProvider}/[I@40bd7cd8)
01-13 17:23:15.531 D/FxWidgetProvider( 1684): row 1
01-13 17:23:15.551 D/CombinedWidgetProvider( 1684): addFxWidget: WidgetSummary(Sync All/FX_WIDGET/[I@40bda058 x [I@40bda078/-2/ComponentInfo{com.htc.Sync3DWidget/com.htc.Sync3DWidget.SyncWidgetProvider}/[I@40bda098)
01-13 17:23:15.551 D/FxWidgetProvider( 1684): row 1
01-13 17:23:15.561 D/dalvikvm( 1684): GC_CONCURRENT freed 1040K, 16% free 11594K/13703K, paused 2ms+13ms
01-13 17:23:15.571 D/CombinedWidgetProvider( 1684): addFxWidget: WidgetSummary(Music/FX_WIDGET/[I@40bdc398 x [I@40bdc3b8/-2/ComponentInfo{com.htc.MusicWidget3D/com.htc.MusicWidget3D.MusicWidget3DProvider}/[I@40bdc3d8)
01-13 17:23:15.581 D/FxWidgetProvider( 1684): row 1
01-13 17:23:15.591 D/CombinedWidgetProvider( 1684): addFxWidget: WidgetSummary(Music/FX_WIDGET/[I@40d01bb0 x [I@40d01af0/-2/ComponentInfo{com.htc.MusicWidget3D/com.htc.MusicWidget3D.MusicWidget3DProvider}/[I@40d01970)
01-13 17:23:15.591 D/FxWidgetProvider( 1684): row 1
01-13 17:23:15.681 D/PhoneApp( 1663): EVENT_QUERY_MO_PACKAGES
01-13 17:23:15.791 D/dalvikvm( 2275): GC_CONCURRENT freed 485K, 9% free 6678K/7303K, paused 1ms+20ms
01-13 17:23:15.861 I/ActivityThread( 2629): Pub com.htc.recommend.provider.HTCRecommendSuggestionProvider: com.htc.recommend.provider.HTCRecommendSuggestionProvider
01-13 17:23:15.881 D/dalvikvm( 1576): GC_EXPLICIT freed 906K, 12% free 16020K/18119K, paused 2ms+13ms
01-13 17:23:15.891 I/ActivityManager( 1576): No longer want com.htc.demoflopackageinstaller (pid 2437): hidden #16
01-13 17:23:15.901 D/CombinedWidgetProvider( 1684): addFxWidget: WidgetSummary(Music/FX_WIDGET/[I@409b2db0 x [I@409b2bb8/-2/ComponentInfo{com.htc.MusicWidget3D/com.htc.MusicWidget3D.MusicWidget3DProvider}/[I@409b2240)
01-13 17:23:15.901 D/FxWidgetProvider( 1684): row 1
01-13 17:23:15.901 D/CombinedWidgetProvider( 1684): addFxWidget: WidgetSummary(Friend Stream/FX_WIDGET/[I@40926b78 x [I@40925b70/-2/ComponentInfo{com.htc.FriendStream3DWidget/com.htc.FriendStream3DWidget.FriendStreamWidgetProvider}/[I@40924aa0)
01-13 17:23:15.911 D/FxWidgetProvider( 1684): row 1
01-13 17:23:15.921 I/ActivityManager( 1576): Start proc com.htc.wdm for broadcast com.htc.wdm/.receiver.HTCDirectReceiver: pid=2637 uid=10070 gids={3003, 2001, 1015}
01-13 17:23:15.971 D/CombinedWidgetProvider( 1684): addFxWidget: WidgetSummary(Friend Stream/FX_WIDGET/[I@408f7890 x [I@408f7698/-2/ComponentInfo{com.htc.FriendStream3DWidget/com.htc.FriendStream3DWidget.FriendStreamWidgetProvider}/[I@408f6d18)
01-13 17:23:15.971 D/FxWidgetProvider( 1684): row 1
01-13 17:23:15.981 D/PhoneApp( 1663): -- N1 =0
01-13 17:23:15.981 I/ActivityManager( 1576): No longer want com.htc.home.personalize (pid 1885): hidden #16
01-13 17:23:15.991 D/CombinedWidgetProvider( 1684): addFxWidget: WidgetSummary(Friend Stream/FX_WIDGET/[I@408c1798 x [I@408bfe18/-2/ComponentInfo{com.htc.FriendStream3DWidget/com.htc.FriendStream3DWidget.FriendStreamWidgetProvider}/[I@408bf410)
01-13 17:23:15.991 D/FxWidgetProvider( 1684): row 1
01-13 17:23:16.001 D/CombinedWidgetProvider( 1684): addFxWidget: WidgetSummary(Friend Stream/FX_WIDGET/[I@40882428 x [I@40881a00/-2/ComponentInfo{com.htc.FriendStream3DWidget/com.htc.FriendStream3DWidget.FriendStreamWidgetProvider}/[I@40880858)
01-13 17:23:16.001 D/FxWidgetProvider( 1684): row 1
01-13 17:23:16.021 D/CombinedWidgetProvider( 1684): addFxWidget: WidgetSummary(Friend Channel/FX_WIDGET/[I@408534f8 x [I@40853470/-2/ComponentInfo{com.htc.FriendStream3DWidget/com.htc.FriendStream3DWidget.FriendStreamWidgetProvider}/[I@40852960)
01-13 17:23:16.021 D/FxWidgetProvider( 1684): row 1
01-13 17:23:16.021 I/ActivityThread( 2637): Pub com.htc.wdm.provider.HtcDirectCarouselProvider: com.htc.wdm.provider.HtcDirectCarouselProvider
01-13 17:23:16.021 D/CombinedWidgetProvider( 1684): addFxWidget: WidgetSummary(My Shelf/FX_WIDGET/[I@4080e0e0 x [I@4080d868/-2/ComponentInfo{com.htc.ereader.widget3d/com.htc.ereader.widget3d.ereaderwidget3d.SimpleWidgetProvider}/[I@4080d6e8)
01-13 17:23:16.031 D/FxWidgetProvider( 1684): row 1
01-13 17:23:16.031 I/ActivityThread( 2637): Pub com.htc.wdm.status.HtcDirectProvider: com.htc.wdm.status.HtcDirectProvider
01-13 17:23:16.031 D/CombinedWidgetProvider( 1684): addFxWidget: WidgetSummary(Weather/FX_WIDGET/[I@407bfc18 x [I@407bf320/-2/ComponentInfo{com.htc.widget3d.weather/com.htc.widget3d.weather.WeatherWidgetProvider}/[I@407be8c8)
01-13 17:23:16.041 D/HTC Hub ( 2637): /mnt/sdcard/.LHYGB/CKCL
01-13 17:23:16.041 D/FxWidgetProvider( 1684): row 1
01-13 17:23:16.041 D/HTC Hub ( 2637): no token file
01-13 17:23:16.041 D/HTC Hub ( 2637): no token file
01-13 17:23:16.041 D/HTC Hub ( 2637): Log settings are 
01-13 17:23:16.041 D/HTC Hub ( 2637): Enable General Log : false
01-13 17:23:16.041 D/HTC Hub ( 2637): Enable Analytic Log : false
01-13 17:23:16.041 D/HTC Hub ( 2637): Enable Normal Log Level (dependent on General Log) : false
01-13 17:23:16.051 D/HTC Hub ( 2637): Enable Critical Log Level (dependent on General Log) : false
01-13 17:23:16.051 D/CombinedWidgetProvider( 1684): addFxWidget: WidgetSummary(Weather/FX_WIDGET/[I@4075b040 x [I@4075a950/-2/ComponentInfo{com.htc.widget3d.weather/com.htc.widget3d.weather.WeatherWidgetProvider}/[I@4075a528)
01-13 17:23:16.051 D/FxWidgetProvider( 1684): row 1
01-13 17:23:16.101 I/ActivityManager( 1576): No longer want com.htc.sdm (pid 2217): hidden #16
01-13 17:23:16.101 I/ActivityManager( 1576): Start proc com.htc.htchubsyncprovider for content provider com.htc.htchubsyncprovider/.provider.MyDownloadsProvider: pid=2645 uid=10069 gids={3003, 2001, 1015}
01-13 17:23:16.181 D/CombinedWidgetProvider( 1684): addFxWidget: WidgetSummary(Weather/FX_WIDGET/[I@406f8d70 x [I@406f4038/-2/ComponentInfo{com.htc.widget3d.weather/com.htc.widget3d.weather.WeatherWidgetProvider}/[I@406f3ce0)
01-13 17:23:16.181 D/FxWidgetProvider( 1684): row 1
01-13 17:23:16.191 D/SM:PackageReceiver( 2047): package added: package:uk.ac.st_andrews.cs.host.mk74.energymeasurement.bluetooth
01-13 17:23:16.201 D/CombinedWidgetProvider( 1684): addFxWidget: WidgetSummary(Screen Timeout/FX_WIDGET/[I@408348a8 x [I@40832060/-2/ComponentInfo{com.htc.rosiewidgets.screentimeout/com.htc.rosiewidgets.screentimeout.ScreenTimeoutWidgetProvider}/[I@4082e048)
01-13 17:23:16.201 D/FxWidgetProvider( 1684): row 1
01-13 17:23:16.201 D/WidgetScanner( 1684): onReceive: Intent { act=android.intent.action.PACKAGE_ADDED dat=package:uk.ac.st_andrews.cs.host.mk74.energymeasurement.bluetooth flg=0x10000010 cmp=com.htc.launcher/.widget.WidgetScannerTrigger (has extras) }
01-13 17:23:16.211 I/ActivityManager( 1576): No longer want com.htc.musicenhancer (pid 2453): hidden #16
01-13 17:23:16.221 I/ActivityManager( 1576): Start proc com.svox.pico for broadcast com.svox.pico/.VoiceDataInstallerReceiver: pid=2653 uid=10031 gids={}
01-13 17:23:16.231 D/CombinedWidgetProvider( 1684): addFxWidget: WidgetSummary(Screen Brightness/FX_WIDGET/[I@407cfe00 x [I@407cef38/-2/ComponentInfo{com.htc.rosiewidgets.screenbrightness/com.htc.rosiewidgets.screenbrightness.ScreenBrightnessWidgetProvider}/[I@407ceb78)
01-13 17:23:16.241 D/FxWidgetProvider( 1684): row 1
01-13 17:23:16.251 I/ActivityThread( 2645): Pub com.htc.wdm.provider.WDMProvider: com.htc.htchubsyncprovider.provider.WDMProvider
01-13 17:23:16.251 D/CombinedWidgetProvider( 1684): addFxWidget: WidgetSummary(Notes/FX_WIDGET/[I@4072e410 x [I@4072d0c8/-2/ComponentInfo{com.htc.htcrichnoteswidget3d/com.htc.htcrichnoteswidget3d.NotesWidgetProvider}/[I@4072ca90)
01-13 17:23:16.251 D/FxWidgetProvider( 1684): row 1
01-13 17:23:16.261 I/ActivityThread( 2645): Pub com.htc.wotaproviders.MyDownloadsProvider: com.htc.htchubsyncprovider.provider.MyDownloadsProvider
01-13 17:23:16.271 D/CombinedWidgetProvider( 1684): addFxWidget: WidgetSummary(Notes/FX_WIDGET/[I@406b9998 x [I@406b8840/-2/ComponentInfo{com.htc.htcrichnoteswidget3d/com.htc.htcrichnoteswidget3d.NotesWidgetProvider}/[I@406b72a8)
01-13 17:23:16.271 D/FxWidgetProvider( 1684): row 1
01-13 17:23:16.291 D/WidgetScanner( 2572): onReceiveInternal: Intent { act=android.intent.action.PACKAGE_ADDED dat=package:uk.ac.st_andrews.cs.host.mk74.energymeasurement.bluetooth flg=0x10000010 cmp=com.htc.launcher/.widget.WidgetScannerService (has extras) }
01-13 17:23:16.291 D/HtcWidgetScanner( 2572): onPackageAdded: uk.ac.st_andrews.cs.host.mk74.energymeasurement.bluetooth
01-13 17:23:16.301 I/RegisterService( 2574): android.intent.action.PACKAGE_ADDED package:uk.ac.st_andrews.cs.host.mk74.energymeasurement.bluetooth
01-13 17:23:16.322 D/AndroidRuntime( 2555): Shutting down VM
01-13 17:23:16.332 D/CombinedWidgetProvider( 1684): addFxWidget: WidgetSummary(HTC Likes/FX_WIDGET/[I@40bdeba8 x [I@40bdebc8/-2/ComponentInfo{com.htc.android.fusion.recommend/com.htc.android.fusion.recommend.RosieIntentReceiver}/[I@40bdebe8)
01-13 17:23:16.332 D/dalvikvm( 2555): GC_CONCURRENT freed 105K, 83% free 364K/2048K, paused 1ms+0ms
01-13 17:23:16.332 D/FxWidgetProvider( 1684): row 1
01-13 17:23:16.342 D/dalvikvm( 2555): Debugger has detached; object registry had 1 entries
01-13 17:23:16.352 D/CombinedWidgetProvider( 1684): addFxWidget: WidgetSummary(Profile/FX_WIDGET/[I@40bdfb38 x [I@40bdfb58/-2/ComponentInfo{com.htc.widget.profile/com.htc.widget.profile.HtcWidgetReceiver}/[I@40bdfb78)
01-13 17:23:16.362 D/FxWidgetProvider( 1684): row 1
01-13 17:23:16.362 D/CombinedWidgetProvider( 1684): addFxWidget: WidgetSummary(Power Dashboard/FX_WIDGET/[I@40be0ae8 x [I@40be0b08/-2/ComponentInfo{com.htc.rosiewidgets.powerstrip/com.htc.rosiewidgets.powerstrip.PowerStripWidgetProvider}/[I@40be0b28)
01-13 17:23:16.362 I/ActivityThread( 2653): Pub com.svox.pico.providers.SettingsProvider: com.svox.pico.providers.SettingsProvider
01-13 17:23:16.372 D/FxWidgetProvider( 1684): row 1
01-13 17:23:16.372 D/CombinedWidgetProvider( 1684): addFxWidget: WidgetSummary(Photo Album/FX_WIDGET/[I@40be1a10 x [I@40be1a30/-2/ComponentInfo{com.htc.photowidget3d/com.htc.photowidget3d.album.PhotoAlbumWidgetProvider}/[I@40be1a50)
01-13 17:23:16.372 D/FxWidgetProvider( 1684): row 1
01-13 17:23:16.382 D/vicky   ( 2586): vicky received: android.intent.action.PACKAGE_ADDED
01-13 17:23:16.392 D/CombinedWidgetProvider( 1684): addFxWidget: WidgetSummary(Photo Frame/FX_WIDGET/[I@40be29f8 x [I@40be2a18/-2/ComponentInfo{com.htc.photowidget3d/com.htc.photowidget3d.frame.PhotoFrameWidgetProvider}/[I@40be2a38)
01-13 17:23:16.392 D/FxWidgetProvider( 1684): row 1
