01-16 16:56:54.314 I//system/bin/btld( 1915): send_ctrl_msg: [BTL_IFS CTRL] send BTLIF_DTUN_SIGNAL_EVT (CTRL) 4 pbytes (hdl 17)
01-16 16:56:54.314 I//system/bin/btld( 1915): wrp_monitor_data_fds: 
01-16 16:56:54.314 I//system/bin/btld( 1915): dtun_receive_msg: [DTUN] Received message [BTLIF_DTUN_METHOD_CALL] 4354
01-16 16:56:54.314 I//system/bin/btld( 1915): handle_method_call: handle_method_call :: received DTUN_METHOD_DM_CANCEL_DISCOVERY (id 3), len 0
01-16 16:56:54.314 I/ADAPTER ( 1969): Stopping discovery
01-16 16:56:54.314 I/BluetoothService( 1576): [embedded] Discovery stopped
01-16 16:56:54.324 I/DTUN_CLNT( 1969): 	Client calling DTUN_METHOD_DM_START_DISCOVERY (id 2)
01-16 16:56:54.324 D/BTL_CFG ( 1916): +btl_cfg_getBDAFilterCond getting property service.brcm.bt.INQ_FILTER_BDA
01-16 16:56:54.324 I/BTL_CFG ( 1916): WARNING : [service.brcm.bt.INQ_FILTER_BDA] property_get failed (0)
01-16 16:56:54.324 D/BTL_CFG ( 1916): -btl_cfg_getBDAFilterCond bdaddr=, nRet=0
01-16 16:56:54.324 W/        ( 1916): bta_dm_check_av:0
01-16 16:56:54.324 I/ADAPTER ( 1969): Discovery session 0xe8e0 with :1.0 activated
01-16 16:56:54.334 I//system/bin/btld( 1915): btapp_dm_CancelDiscovery()wrp_monitor_data_fds: 
01-16 16:56:54.334 I//system/bin/btld( 1915): dtun_receive_msg: [DTUN] Received message [BTLIF_DTUN_METHOD_CALL] 4354
01-16 16:56:54.334 I//system/bin/btld( 1915): handle_method_call: handle_method_call :: received DTUN_METHOD_DM_START_DISCOVERY (id 2), len 0
01-16 16:56:54.334 I//system/bin/btld( 1915): btapp_dm_DiscoverDevices()send_ctrl_msg: [BTL_IFS CTRL] send BTLIF_DTUN_SIGNAL_EVT (CTRL) 4 pbytes (hdl 17)
01-16 16:56:54.334 D/DTUN_HCID4( 1969): dtun_dm_sig_discovery_started()
01-16 16:56:54.334 D/BluetoothService( 1576): Property Changed: Discovering : true
01-16 16:56:54.334 I/BluetoothService( 1576): [embedded] Discovery started
01-16 16:56:54.344 D/SurfaceFlinger( 1438): virtual void android::Layer::onRemoved(): lcblk (identity=23, status=0, token=1)
01-16 16:56:54.734 I/DTUN_HCID4( 1969): *** Found device [64:B9:E8:D8:6E:24] class = [380104] ***
01-16 16:56:54.734 D/BluetoothService( 1576): updateDeviceServiceChannelCache(64:B9:E8:D8:6E:24)
01-16 16:56:54.734 I/BluetoothService( 1576): [embedded] New device found: address :64:B9:E8:D8:6E:24 name:Uigeadail
01-16 16:56:54.744 I//system/bin/btld( 1915): send_ctrl_msg: [BTL_IFS CTRL] send BTLIF_DTUN_SIGNAL_EVT (CTRL) 16 pbytes (hdl 17)
01-16 16:56:54.854 I/System.out( 2776): Values:1
01-16 16:56:54.854 I/System.out( 2776): Time difference in secs is: 271
01-16 16:56:54.905 I//system/bin/btld( 1915): ##### USERIAL_Ioctl: BT_Sleep, USERIAL_IO_BT_WAKE_DEASSERT ####
01-16 16:56:55.855 I/System.out( 2776): Values:1
01-16 16:56:55.855 I/System.out( 2776): Time difference in secs is: 271
01-16 16:56:56.386 I/DTUN_HCID4( 1969): *** Found device [00:23:12:41:4B:A0] class = [3a0104] ***
01-16 16:56:56.386 D/BluetoothService( 1576): updateDeviceServiceChannelCache(00:23:12:41:4B:A0)
01-16 16:56:56.396 I//system/bin/btld( 1915): send_ctrl_msg: [BTL_IFS CTRL] send BTLIF_DTUN_SIGNAL_EVT (CTRL) 16 pbytes (hdl 17)
01-16 16:56:56.396 I/BluetoothService( 1576): [embedded] New device found: address :00:23:12:41:4B:A0 name:ancnoc
01-16 16:56:56.766 I/DTUN_HCID4( 1969): *** Found device [7C:6D:62:95:C2:F5] class = [380104] ***
01-16 16:56:56.766 D/BluetoothService( 1576): updateDeviceServiceChannelCache(7C:6D:62:95:C2:F5)
01-16 16:56:56.766 I/BluetoothService( 1576): [embedded] New device found: address :7C:6D:62:95:C2:F5 name:mac1-063-m
01-16 16:56:56.776 I//system/bin/btld( 1915): send_ctrl_msg: [BTL_IFS CTRL] send BTLIF_DTUN_SIGNAL_EVT (CTRL) 16 pbytes (hdl 17)
01-16 16:56:56.856 I/System.out( 2776): Values:3
01-16 16:56:56.856 I/System.out( 2776): Time difference in secs is: 271
01-16 16:56:57.247 I/DTUN_HCID4( 1969): *** Found device [B8:8D:12:11:06:FF] class = [3a010c] ***
01-16 16:56:57.247 D/BluetoothService( 1576): updateDeviceServiceChannelCache(B8:8D:12:11:06:FF)
01-16 16:56:57.247 I/BluetoothService( 1576): [embedded] New device found: address :B8:8D:12:11:06:FF name:Christophers MacBook Air
01-16 16:56:57.257 I//system/bin/btld( 1915): send_ctrl_msg: [BTL_IFS CTRL] send BTLIF_DTUN_SIGNAL_EVT (CTRL) 16 pbytes (hdl 17)
01-16 16:56:57.857 I/System.out( 2776): Values:4
01-16 16:56:57.857 I/System.out( 2776): Time difference in secs is: 271
01-16 16:56:58.858 I/System.out( 2776): Values:4
01-16 16:56:58.858 I/System.out( 2776): Time difference in secs is: 271
01-16 16:56:59.859 I/System.out( 2776): Values:4
01-16 16:56:59.859 I/System.out( 2776): Time difference in secs is: 271
01-16 16:57:00.860 I/System.out( 2776): Values:4
01-16 16:57:00.860 I/System.out( 2776): Time difference in secs is: 271
01-16 16:57:01.861 I/System.out( 2776): Values:4
01-16 16:57:01.861 I/System.out( 2776): Time difference in secs is: 271
01-16 16:57:01.931 I/DTUN_HCID4( 1969): *** Found device [E4:CE:8F:15:7D:27] class = [38010c] ***
01-16 16:57:01.941 I//system/bin/btld( 1915): send_ctrl_msg: [BTL_IFS CTRL] send BTLIF_DTUN_SIGNAL_EVT (CTRL) 16 pbytes (hdl 17)
01-16 16:57:01.941 D/BluetoothService( 1576): updateDeviceServiceChannelCache(E4:CE:8F:15:7D:27)
01-16 16:57:01.941 I/BluetoothService( 1576): [embedded] New device found: address :E4:CE:8F:15:7D:27 name:Yanita Oparlakovas MacBook Pro
01-16 16:57:02.852 I/System.out( 2776): Values:5
01-16 16:57:02.852 I/System.out( 2776): Time difference in secs is: 271
