01-18 14:54:29.988 D/RPC     ( 1588): written RPC packet size: [28]
01-18 14:54:29.988 D/RPC     ( 1588): read RPC packet
01-18 14:54:29.988 D/RPC     ( 1588): read RPC packet size: [272]
01-18 14:54:29.988 V/locapi_rpc_glue( 1588): Callback received: 4 (cb_id=0x6340000 handle=1)
01-18 14:54:29.988 V/locapi_rpc_glue( 1588): +loc_api_callback_process_sync_call
01-18 14:54:29.988 V/locapi_rpc_glue( 1588): -loc_api_callback_process_sync_call, no sync call in use
01-18 14:54:29.998 D/RPC     ( 1588): written RPC packet size: [28]
01-18 14:54:30.548 I/System.out( 2533): Values: 0.0 0.0
01-18 14:54:30.708 D/RPC     ( 1588): read RPC packet
01-18 14:54:30.708 D/RPC     ( 1588): read RPC packet size: [208]
01-18 14:54:30.708 V/locapi_rpc_glue( 1588): Callback received: 1 (cb_id=0x6340000 handle=1)
01-18 14:54:30.708 V/locapi_rpc_glue( 1588): +loc_api_callback_process_sync_call
01-18 14:54:30.718 V/locapi_rpc_glue( 1588): -loc_api_callback_process_sync_call, no sync call in use
01-18 14:54:30.718 D/lib_locapi( 1588): loc_eng_report_position: valid mask = 0x606d, sess status = 1
01-18 14:54:30.718 D/RPC     ( 1588): written RPC packet size: [28]
01-18 14:54:30.899 D/RPC     ( 1588): read RPC packet
01-18 14:54:30.899 D/RPC     ( 1588): read RPC packet size: [272]
01-18 14:54:30.899 V/locapi_rpc_glue( 1588): Callback received: 4 (cb_id=0x6340000 handle=1)
01-18 14:54:30.899 V/locapi_rpc_glue( 1588): +loc_api_callback_process_sync_call
01-18 14:54:30.899 V/locapi_rpc_glue( 1588): -loc_api_callback_process_sync_call, no sync call in use
01-18 14:54:30.909 D/RPC     ( 1588): written RPC packet size: [28]
01-18 14:54:30.909 D/RPC     ( 1588): read RPC packet
01-18 14:54:30.909 D/RPC     ( 1588): read RPC packet size: [272]
01-18 14:54:30.909 V/locapi_rpc_glue( 1588): Callback received: 4 (cb_id=0x6340000 handle=1)
01-18 14:54:30.909 V/locapi_rpc_glue( 1588): +loc_api_callback_process_sync_call
01-18 14:54:30.909 V/locapi_rpc_glue( 1588): -loc_api_callback_process_sync_call, no sync call in use
01-18 14:54:30.919 D/RPC     ( 1588): written RPC packet size: [28]
01-18 14:54:30.919 D/RPC     ( 1588): read RPC packet
01-18 14:54:30.919 D/RPC     ( 1588): read RPC packet size: [272]
01-18 14:54:30.919 V/locapi_rpc_glue( 1588): Callback received: 4 (cb_id=0x6340000 handle=1)
01-18 14:54:30.919 V/locapi_rpc_glue( 1588): +loc_api_callback_process_sync_call
01-18 14:54:30.919 V/locapi_rpc_glue( 1588): -loc_api_callback_process_sync_call, no sync call in use
01-18 14:54:30.929 D/RPC     ( 1588): written RPC packet size: [28]
01-18 14:54:30.929 D/RPC     ( 1588): read RPC packet
01-18 14:54:30.929 D/RPC     ( 1588): read RPC packet size: [272]
01-18 14:54:30.929 V/locapi_rpc_glue( 1588): Callback received: 4 (cb_id=0x6340000 handle=1)
01-18 14:54:30.929 V/locapi_rpc_glue( 1588): +loc_api_callback_process_sync_call
01-18 14:54:30.929 V/locapi_rpc_glue( 1588): -loc_api_callback_process_sync_call, no sync call in use
01-18 14:54:30.939 D/RPC     ( 1588): written RPC packet size: [28]
01-18 14:54:30.939 D/RPC     ( 1588): read RPC packet
01-18 14:54:30.939 D/RPC     ( 1588): read RPC packet size: [176]
01-18 14:54:30.939 V/locapi_rpc_glue( 1588): Callback received: 2 (cb_id=0x6340000 handle=1)
01-18 14:54:30.939 V/locapi_rpc_glue( 1588): +loc_api_callback_process_sync_call
01-18 14:54:30.939 V/locapi_rpc_glue( 1588): -loc_api_callback_process_sync_call, no sync call in use
01-18 14:54:30.949 D/lib_locapi( 1588): loc_eng_report_sv: valid_mask = 0x30, num of sv = 2
01-18 14:54:30.949 D/GpsLocationProvider( 1588): reportSvStatus
01-18 14:54:30.949 V/GpsLocationProvider( 1588): SV count: 2 ephemerisMask: 10000000 almanacMask: 0
01-18 14:54:30.949 V/GpsLocationProvider( 1588): sv: 2 snr: 1.49 elev: 45.0 azimuth: 247.0    U
01-18 14:54:30.949 V/GpsLocationProvider( 1588): sv: 29 snr: 3.8200002 elev: 11.0 azimuth: 316.0 E  U
01-18 14:54:30.949 D/RPC     ( 1588): written RPC packet size: [28]
01-18 14:54:30.949 D/RPC     ( 1588): read RPC packet
01-18 14:54:30.959 D/RPC     ( 1588): read RPC packet size: [272]
01-18 14:54:30.959 V/locapi_rpc_glue( 1588): Callback received: 4 (cb_id=0x6340000 handle=1)
01-18 14:54:30.959 V/locapi_rpc_glue( 1588): +loc_api_callback_process_sync_call
01-18 14:54:30.959 V/locapi_rpc_glue( 1588): -loc_api_callback_process_sync_call, no sync call in use
01-18 14:54:30.959 D/RPC     ( 1588): written RPC packet size: [28]
01-18 14:54:30.969 D/RPC     ( 1588): read RPC packet
01-18 14:54:30.969 D/RPC     ( 1588): read RPC packet size: [272]
01-18 14:54:30.969 V/locapi_rpc_glue( 1588): Callback received: 4 (cb_id=0x6340000 handle=1)
01-18 14:54:30.969 V/locapi_rpc_glue( 1588): +loc_api_callback_process_sync_call
01-18 14:54:30.969 V/locapi_rpc_glue( 1588): -loc_api_callback_process_sync_call, no sync call in use
01-18 14:54:30.969 D/RPC     ( 1588): written RPC packet size: [28]
01-18 14:54:30.979 D/RPC     ( 1588): read RPC packet
01-18 14:54:30.979 D/RPC     ( 1588): read RPC packet size: [272]
01-18 14:54:30.979 V/locapi_rpc_glue( 1588): Callback received: 4 (cb_id=0x6340000 handle=1)
01-18 14:54:30.979 V/locapi_rpc_glue( 1588): +loc_api_callback_process_sync_call
01-18 14:54:30.979 V/locapi_rpc_glue( 1588): -loc_api_callback_process_sync_call, no sync call in use
01-18 14:54:30.979 D/RPC     ( 1588): written RPC packet size: [28]
01-18 14:54:30.989 D/RPC     ( 1588): read RPC packet
01-18 14:54:30.989 D/RPC     ( 1588): read RPC packet size: [272]
01-18 14:54:30.989 V/locapi_rpc_glue( 1588): Callback received: 4 (cb_id=0x6340000 handle=1)
01-18 14:54:30.989 V/locapi_rpc_glue( 1588): +loc_api_callback_process_sync_call
01-18 14:54:30.989 V/locapi_rpc_glue( 1588): -loc_api_callback_process_sync_call, no sync call in use
01-18 14:54:30.989 D/RPC     ( 1588): written RPC packet size: [28]
01-18 14:54:31.549 I/System.out( 2533): Values: 0.0 0.0
01-18 14:54:31.709 D/RPC     ( 1588): read RPC packet
01-18 14:54:31.709 D/RPC     ( 1588): read RPC packet size: [208]
01-18 14:54:31.709 V/locapi_rpc_glue( 1588): Callback received: 1 (cb_id=0x6340000 handle=1)
01-18 14:54:31.709 V/locapi_rpc_glue( 1588): +loc_api_callback_process_sync_call
01-18 14:54:31.709 V/locapi_rpc_glue( 1588): -loc_api_callback_process_sync_call, no sync call in use
01-18 14:54:31.709 D/lib_locapi( 1588): loc_eng_report_position: valid mask = 0x606d, sess status = 1
01-18 14:54:31.709 D/RPC     ( 1588): written RPC packet size: [28]
01-18 14:54:31.900 D/RPC     ( 1588): read RPC packet
01-18 14:54:31.900 D/RPC     ( 1588): read RPC packet size: [272]
01-18 14:54:31.900 V/locapi_rpc_glue( 1588): Callback received: 4 (cb_id=0x6340000 handle=1)
01-18 14:54:31.900 V/locapi_rpc_glue( 1588): +loc_api_callback_process_sync_call
01-18 14:54:31.900 V/locapi_rpc_glue( 1588): -loc_api_callback_process_sync_call, no sync call in use
01-18 14:54:31.900 D/RPC     ( 1588): written RPC packet size: [28]
01-18 14:54:31.900 D/RPC     ( 1588): read RPC packet
01-18 14:54:31.900 D/RPC     ( 1588): read RPC packet size: [272]
01-18 14:54:31.900 V/locapi_rpc_glue( 1588): Callback received: 4 (cb_id=0x6340000 handle=1)
01-18 14:54:31.900 V/locapi_rpc_glue( 1588): +loc_api_callback_process_sync_call
01-18 14:54:31.900 V/locapi_rpc_glue( 1588): -loc_api_callback_process_sync_call, no sync call in use
01-18 14:54:31.910 D/RPC     ( 1588): written RPC packet size: [28]
01-18 14:54:31.910 D/RPC     ( 1588): read RPC packet
01-18 14:54:31.910 D/RPC     ( 1588): read RPC packet size: [272]
01-18 14:54:31.910 V/locapi_rpc_glue( 1588): Callback received: 4 (cb_id=0x6340000 handle=1)
01-18 14:54:31.910 V/locapi_rpc_glue( 1588): +loc_api_callback_process_sync_call
01-18 14:54:31.910 V/locapi_rpc_glue( 1588): -loc_api_callback_process_sync_call, no sync call in use
01-18 14:54:31.920 D/RPC     ( 1588): written RPC packet size: [28]
01-18 14:54:31.920 D/RPC     ( 1588): read RPC packet
01-18 14:54:31.920 D/RPC     ( 1588): read RPC packet size: [272]
01-18 14:54:31.920 V/locapi_rpc_glue( 1588): Callback received: 4 (cb_id=0x6340000 handle=1)
01-18 14:54:31.920 V/locapi_rpc_glue( 1588): +loc_api_callback_process_sync_call
01-18 14:54:31.920 V/locapi_rpc_glue( 1588): -loc_api_callback_process_sync_call, no sync call in use
01-18 14:54:31.930 D/RPC     ( 1588): written RPC packet size: [28]
01-18 14:54:31.930 D/RPC     ( 1588): read RPC packet
01-18 14:54:31.930 D/RPC     ( 1588): read RPC packet size: [176]
01-18 14:54:31.930 V/locapi_rpc_glue( 1588): Callback received: 2 (cb_id=0x6340000 handle=1)
01-18 14:54:31.930 V/locapi_rpc_glue( 1588): +loc_api_callback_process_sync_call
01-18 14:54:31.930 V/locapi_rpc_glue( 1588): -loc_api_callback_process_sync_call, no sync call in use
01-18 14:54:31.940 D/lib_locapi( 1588): loc_eng_report_sv: valid_mask = 0x30, num of sv = 2
01-18 14:54:31.940 D/GpsLocationProvider( 1588): reportSvStatus
01-18 14:54:31.940 V/GpsLocationProvider( 1588): SV count: 2 ephemerisMask: 10000000 almanacMask: 0
01-18 14:54:31.940 V/GpsLocationProvider( 1588): sv: 2 snr: 1.49 elev: 45.0 azimuth: 247.0    U
01-18 14:54:31.940 V/GpsLocationProvider( 1588): sv: 29 snr: 3.81 elev: 11.0 azimuth: 316.0 E  U
01-18 14:54:31.940 D/RPC     ( 1588): written RPC packet size: [28]
01-18 14:54:31.950 D/RPC     ( 1588): read RPC packet
01-18 14:54:31.950 D/RPC     ( 1588): read RPC packet size: [272]
01-18 14:54:31.950 V/locapi_rpc_glue( 1588): Callback received: 4 (cb_id=0x6340000 handle=1)
01-18 14:54:31.950 V/locapi_rpc_glue( 1588): +loc_api_callback_process_sync_call
01-18 14:54:31.950 V/locapi_rpc_glue( 1588): -loc_api_callback_process_sync_call, no sync call in use
01-18 14:54:31.950 D/RPC     ( 1588): written RPC packet size: [28]
01-18 14:54:31.950 D/RPC     ( 1588): read RPC packet
01-18 14:54:31.950 D/RPC     ( 1588): read RPC packet size: [272]
01-18 14:54:31.950 V/locapi_rpc_glue( 1588): Callback received: 4 (cb_id=0x6340000 handle=1)
01-18 14:54:31.950 V/locapi_rpc_glue( 1588): +loc_api_callback_process_sync_call
01-18 14:54:31.950 V/locapi_rpc_glue( 1588): -loc_api_callback_process_sync_call, no sync call in use
01-18 14:54:31.950 D/RPC     ( 1588): written RPC packet size: [28]
01-18 14:54:31.960 D/RPC     ( 1588): read RPC packet
01-18 14:54:31.960 D/RPC     ( 1588): read RPC packet size: [272]
01-18 14:54:31.960 V/locapi_rpc_glue( 1588): Callback received: 4 (cb_id=0x6340000 handle=1)
01-18 14:54:31.960 V/locapi_rpc_glue( 1588): +loc_api_callback_process_sync_call
01-18 14:54:31.960 V/locapi_rpc_glue( 1588): -loc_api_callback_process_sync_call, no sync call in use
01-18 14:54:31.960 D/RPC     ( 1588): written RPC packet size: [28]
01-18 14:54:31.960 D/RPC     ( 1588): read RPC packet
01-18 14:54:31.960 D/RPC     ( 1588): read RPC packet size: [272]
01-18 14:54:31.960 V/locapi_rpc_glue( 1588): Callback received: 4 (cb_id=0x6340000 handle=1)
01-18 14:54:31.960 V/locapi_rpc_glue( 1588): +loc_api_callback_process_sync_call
01-18 14:54:31.960 V/locapi_rpc_glue( 1588): -loc_api_callback_process_sync_call, no sync call in use
01-18 14:54:31.960 D/RPC     ( 1588): written RPC packet size: [28]
01-18 14:54:32.550 I/System.out( 2533): Values: 0.0 0.0
01-18 14:54:32.710 D/RPC     ( 1588): read RPC packet
01-18 14:54:32.710 D/RPC     ( 1588): read RPC packet size: [208]
01-18 14:54:32.710 V/locapi_rpc_glue( 1588): Callback received: 1 (cb_id=0x6340000 handle=1)
01-18 14:54:32.710 V/locapi_rpc_glue( 1588): +loc_api_callback_process_sync_call
01-18 14:54:32.710 V/locapi_rpc_glue( 1588): -loc_api_callback_process_sync_call, no sync call in use
01-18 14:54:32.710 D/lib_locapi( 1588): loc_eng_report_position: valid mask = 0x606d, sess status = 1
01-18 14:54:32.710 D/RPC     ( 1588): written RPC packet size: [28]
01-18 14:54:32.901 D/RPC     ( 1588): read RPC packet
01-18 14:54:32.901 D/RPC     ( 1588): read RPC packet size: [272]
01-18 14:54:32.901 V/locapi_rpc_glue( 1588): Callback received: 4 (cb_id=0x6340000 handle=1)
01-18 14:54:32.901 V/locapi_rpc_glue( 1588): +loc_api_callback_process_sync_call
01-18 14:54:32.901 V/locapi_rpc_glue( 1588): -loc_api_callback_process_sync_call, no sync call in use
01-18 14:54:32.901 D/RPC     ( 1588): written RPC packet size: [28]
01-18 14:54:32.901 D/RPC     ( 1588): read RPC packet
01-18 14:54:32.901 D/RPC     ( 1588): read RPC packet size: [272]
01-18 14:54:32.901 V/locapi_rpc_glue( 1588): Callback received: 4 (cb_id=0x6340000 handle=1)
01-18 14:54:32.901 V/locapi_rpc_glue( 1588): +loc_api_callback_process_sync_call
01-18 14:54:32.911 V/locapi_rpc_glue( 1588): -loc_api_callback_process_sync_call, no sync call in use
01-18 14:54:32.911 D/RPC     ( 1588): written RPC packet size: [28]
01-18 14:54:32.911 D/RPC     ( 1588): read RPC packet
01-18 14:54:32.911 D/RPC     ( 1588): read RPC packet size: [272]
01-18 14:54:32.911 V/locapi_rpc_glue( 1588): Callback received: 4 (cb_id=0x6340000 handle=1)
01-18 14:54:32.911 V/locapi_rpc_glue( 1588): +loc_api_callback_process_sync_call
01-18 14:54:32.921 V/locapi_rpc_glue( 1588): -loc_api_callback_process_sync_call, no sync call in use
01-18 14:54:32.921 D/RPC     ( 1588): written RPC packet size: [28]
01-18 14:54:32.921 D/RPC     ( 1588): read RPC packet
01-18 14:54:32.921 D/RPC     ( 1588): read RPC packet size: [272]
01-18 14:54:32.921 V/locapi_rpc_glue( 1588): Callback received: 4 (cb_id=0x6340000 handle=1)
01-18 14:54:32.921 V/locapi_rpc_glue( 1588): +loc_api_callback_process_sync_call
01-18 14:54:32.931 V/locapi_rpc_glue( 1588): -loc_api_callback_process_sync_call, no sync call in use
01-18 14:54:32.931 D/RPC     ( 1588): written RPC packet size: [28]
01-18 14:54:32.931 D/RPC     ( 1588): read RPC packet
01-18 14:54:32.931 D/RPC     ( 1588): read RPC packet size: [176]
01-18 14:54:32.931 V/locapi_rpc_glue( 1588): Callback received: 2 (cb_id=0x6340000 handle=1)
01-18 14:54:32.941 V/locapi_rpc_glue( 1588): +loc_api_callback_process_sync_call
01-18 14:54:32.941 V/locapi_rpc_glue( 1588): -loc_api_callback_process_sync_call, no sync call in use
01-18 14:54:32.941 D/lib_locapi( 1588): loc_eng_report_sv: valid_mask = 0x30, num of sv = 2
01-18 14:54:32.941 D/GpsLocationProvider( 1588): reportSvStatus
01-18 14:54:32.941 V/GpsLocationProvider( 1588): SV count: 2 ephemerisMask: 10000000 almanacMask: 0
01-18 14:54:32.941 V/GpsLocationProvider( 1588): sv: 2 snr: 1.33 elev: 45.0 azimuth: 247.0    U
01-18 14:54:32.941 V/GpsLocationProvider( 1588): sv: 29 snr: 3.8 elev: 11.0 azimuth: 316.0 E  U
01-18 14:54:32.951 D/RPC     ( 1588): written RPC packet size: [28]
01-18 14:54:32.951 D/RPC     ( 1588): read RPC packet
01-18 14:54:32.951 D/RPC     ( 1588): read RPC packet size: [272]
01-18 14:54:32.951 V/locapi_rpc_glue( 1588): Callback received: 4 (cb_id=0x6340000 handle=1)
01-18 14:54:32.951 V/locapi_rpc_glue( 1588): +loc_api_callback_process_sync_call
01-18 14:54:32.951 V/locapi_rpc_glue( 1588): -loc_api_callback_process_sync_call, no sync call in use
01-18 14:54:32.961 D/RPC     ( 1588): written RPC packet size: [28]
01-18 14:54:32.961 D/RPC     ( 1588): read RPC packet
01-18 14:54:32.961 D/RPC     ( 1588): read RPC packet size: [272]
01-18 14:54:32.961 V/locapi_rpc_glue( 1588): Callback received: 4 (cb_id=0x6340000 handle=1)
01-18 14:54:32.961 V/locapi_rpc_glue( 1588): +loc_api_callback_process_sync_call
01-18 14:54:32.971 V/locapi_rpc_glue( 1588): -loc_api_callback_process_sync_call, no sync call in use
01-18 14:54:32.971 D/RPC     ( 1588): written RPC packet size: [28]
01-18 14:54:32.971 D/RPC     ( 1588): read RPC packet
01-18 14:54:32.971 D/RPC     ( 1588): read RPC packet size: [272]
01-18 14:54:32.971 V/locapi_rpc_glue( 1588): Callback received: 4 (cb_id=0x6340000 handle=1)
01-18 14:54:32.971 V/locapi_rpc_glue( 1588): +loc_api_callback_process_sync_call
01-18 14:54:32.981 V/locapi_rpc_glue( 1588): -loc_api_callback_process_sync_call, no sync call in use
01-18 14:54:32.981 D/RPC     ( 1588): written RPC packet size: [28]
01-18 14:54:32.981 D/RPC     ( 1588): read RPC packet
01-18 14:54:32.981 D/RPC     ( 1588): read RPC packet size: [272]
01-18 14:54:32.981 V/locapi_rpc_glue( 1588): Callback received: 4 (cb_id=0x6340000 handle=1)
01-18 14:54:32.991 V/locapi_rpc_glue( 1588): +loc_api_callback_process_sync_call
01-18 14:54:32.991 V/locapi_rpc_glue( 1588): -loc_api_callback_process_sync_call, no sync call in use
01-18 14:54:32.991 D/RPC     ( 1588): written RPC packet size: [28]
01-18 14:54:33.551 I/System.out( 2533): Values: 0.0 0.0
01-18 14:54:33.711 D/RPC     ( 1588): read RPC packet
01-18 14:54:33.711 D/RPC     ( 1588): read RPC packet size: [208]
01-18 14:54:33.711 V/locapi_rpc_glue( 1588): Callback received: 1 (cb_id=0x6340000 handle=1)
01-18 14:54:33.711 V/locapi_rpc_glue( 1588): +loc_api_callback_process_sync_call
01-18 14:54:33.711 V/locapi_rpc_glue( 1588): -loc_api_callback_process_sync_call, no sync call in use
01-18 14:54:33.711 D/lib_locapi( 1588): loc_eng_report_position: valid mask = 0x606d, sess status = 1
01-18 14:54:33.711 D/RPC     ( 1588): written RPC packet size: [28]
01-18 14:54:33.902 D/RPC     ( 1588): read RPC packet
01-18 14:54:33.902 D/RPC     ( 1588): read RPC packet size: [272]
01-18 14:54:33.902 V/locapi_rpc_glue( 1588): Callback received: 4 (cb_id=0x6340000 handle=1)
01-18 14:54:33.902 V/locapi_rpc_glue( 1588): +loc_api_callback_process_sync_call
01-18 14:54:33.902 V/locapi_rpc_glue( 1588): -loc_api_callback_process_sync_call, no sync call in use
01-18 14:54:33.902 D/RPC     ( 1588): written RPC packet size: [28]
01-18 14:54:33.902 D/RPC     ( 1588): read RPC packet
01-18 14:54:33.902 D/RPC     ( 1588): read RPC packet size: [272]
01-18 14:54:33.902 V/locapi_rpc_glue( 1588): Callback received: 4 (cb_id=0x6340000 handle=1)
01-18 14:54:33.912 V/locapi_rpc_glue( 1588): +loc_api_callback_process_sync_call
01-18 14:54:33.912 V/locapi_rpc_glue( 1588): -loc_api_callback_process_sync_call, no sync call in use
01-18 14:54:33.912 D/RPC     ( 1588): written RPC packet size: [28]
01-18 14:54:33.912 D/RPC     ( 1588): read RPC packet
01-18 14:54:33.912 D/RPC     ( 1588): read RPC packet size: [272]
01-18 14:54:33.912 V/locapi_rpc_glue( 1588): Callback received: 4 (cb_id=0x6340000 handle=1)
01-18 14:54:33.922 V/locapi_rpc_glue( 1588): +loc_api_callback_process_sync_call
01-18 14:54:33.922 V/locapi_rpc_glue( 1588): -loc_api_callback_process_sync_call, no sync call in use
01-18 14:54:33.922 D/RPC     ( 1588): written RPC packet size: [28]
01-18 14:54:33.922 D/RPC     ( 1588): read RPC packet
01-18 14:54:33.922 D/RPC     ( 1588): read RPC packet size: [272]
01-18 14:54:33.932 V/locapi_rpc_glue( 1588): Callback received: 4 (cb_id=0x6340000 handle=1)
01-18 14:54:33.932 V/locapi_rpc_glue( 1588): +loc_api_callback_process_sync_call
01-18 14:54:33.932 V/locapi_rpc_glue( 1588): -loc_api_callback_process_sync_call, no sync call in use
01-18 14:54:33.932 D/RPC     ( 1588): written RPC packet size: [28]
01-18 14:54:33.942 D/RPC     ( 1588): read RPC packet
01-18 14:54:33.942 D/RPC     ( 1588): read RPC packet size: [176]
01-18 14:54:33.942 V/locapi_rpc_glue( 1588): Callback received: 2 (cb_id=0x6340000 handle=1)
01-18 14:54:33.942 V/locapi_rpc_glue( 1588): +loc_api_callback_process_sync_call
01-18 14:54:33.942 V/locapi_rpc_glue( 1588): -loc_api_callback_process_sync_call, no sync call in use
01-18 14:54:33.942 D/lib_locapi( 1588): loc_eng_report_sv: valid_mask = 0x30, num of sv = 2
01-18 14:54:33.942 D/GpsLocationProvider( 1588): reportSvStatus
01-18 14:54:33.952 V/GpsLocationProvider( 1588): SV count: 2 ephemerisMask: 10000000 almanacMask: 0
01-18 14:54:33.952 V/GpsLocationProvider( 1588): sv: 2 snr: 1.33 elev: 45.0 azimuth: 247.0    U
01-18 14:54:33.952 V/GpsLocationProvider( 1588): sv: 29 snr: 3.7900002 elev: 10.0 azimuth: 314.0 E  U
01-18 14:54:33.952 D/RPC     ( 1588): written RPC packet size: [28]
01-18 14:54:33.962 D/RPC     ( 1588): read RPC packet
01-18 14:54:33.962 D/RPC     ( 1588): read RPC packet size: [272]
01-18 14:54:33.962 V/locapi_rpc_glue( 1588): Callback received: 4 (cb_id=0x6340000 handle=1)
01-18 14:54:33.962 V/locapi_rpc_glue( 1588): +loc_api_callback_process_sync_call
01-18 14:54:33.962 V/locapi_rpc_glue( 1588): -loc_api_callback_process_sync_call, no sync call in use
01-18 14:54:33.962 D/RPC     ( 1588): written RPC packet size: [28]
01-18 14:54:33.972 D/RPC     ( 1588): read RPC packet
01-18 14:54:33.972 D/RPC     ( 1588): read RPC packet size: [272]
01-18 14:54:33.972 V/locapi_rpc_glue( 1588): Callback received: 4 (cb_id=0x6340000 handle=1)
01-18 14:54:33.972 V/locapi_rpc_glue( 1588): +loc_api_callback_process_sync_call
01-18 14:54:33.972 V/locapi_rpc_glue( 1588): -loc_api_callback_process_sync_call, no sync call in use
01-18 14:54:33.982 D/RPC     ( 1588): written RPC packet size: [28]
01-18 14:54:33.982 D/RPC     ( 1588): read RPC packet
01-18 14:54:33.982 D/RPC     ( 1588): read RPC packet size: [272]
01-18 14:54:33.982 V/locapi_rpc_glue( 1588): Callback received: 4 (cb_id=0x6340000 handle=1)
01-18 14:54:33.982 V/locapi_rpc_glue( 1588): +loc_api_callback_process_sync_call
01-18 14:54:33.992 V/locapi_rpc_glue( 1588): -loc_api_callback_process_sync_call, no sync call in use
01-18 14:54:33.992 D/RPC     ( 1588): written RPC packet size: [28]
01-18 14:54:33.992 D/RPC     ( 1588): read RPC packet
01-18 14:54:33.992 D/RPC     ( 1588): read RPC packet size: [272]
01-18 14:54:33.992 V/locapi_rpc_glue( 1588): Callback received: 4 (cb_id=0x6340000 handle=1)
01-18 14:54:33.992 V/locapi_rpc_glue( 1588): +loc_api_callback_process_sync_call
01-18 14:54:34.002 V/locapi_rpc_glue( 1588): -loc_api_callback_process_sync_call, no sync call in use
01-18 14:54:34.002 D/RPC     ( 1588): written RPC packet size: [28]
01-18 14:54:34.552 I/System.out( 2533): Values: 0.0 0.0
01-18 14:54:34.712 D/RPC     ( 1588): read RPC packet
01-18 14:54:34.712 D/RPC     ( 1588): read RPC packet size: [208]
01-18 14:54:34.712 V/locapi_rpc_glue( 1588): Callback received: 1 (cb_id=0x6340000 handle=1)
01-18 14:54:34.712 V/locapi_rpc_glue( 1588): +loc_api_callback_process_sync_call
01-18 14:54:34.712 V/locapi_rpc_glue( 1588): -loc_api_callback_process_sync_call, no sync call in use
01-18 14:54:34.712 D/lib_locapi( 1588): loc_eng_report_position: valid mask = 0x606d, sess status = 1
01-18 14:54:34.722 D/RPC     ( 1588): written RPC packet size: [28]
01-18 14:54:34.903 D/RPC     ( 1588): read RPC packet
01-18 14:54:34.903 D/RPC     ( 1588): read RPC packet size: [272]
01-18 14:54:34.903 V/locapi_rpc_glue( 1588): Callback received: 4 (cb_id=0x6340000 handle=1)
01-18 14:54:34.903 V/locapi_rpc_glue( 1588): +loc_api_callback_process_sync_call
01-18 14:54:34.903 V/locapi_rpc_glue( 1588): -loc_api_callback_process_sync_call, no sync call in use
01-18 14:54:34.903 D/RPC     ( 1588): written RPC packet size: [28]
01-18 14:54:34.903 D/RPC     ( 1588): read RPC packet
01-18 14:54:34.903 D/RPC     ( 1588): read RPC packet size: [272]
01-18 14:54:34.903 V/locapi_rpc_glue( 1588): Callback received: 4 (cb_id=0x6340000 handle=1)
01-18 14:54:34.913 V/locapi_rpc_glue( 1588): +loc_api_callback_process_sync_call
01-18 14:54:34.913 V/locapi_rpc_glue( 1588): -loc_api_callback_process_sync_call, no sync call in use
01-18 14:54:34.913 D/RPC     ( 1588): written RPC packet size: [28]
01-18 14:54:34.913 D/RPC     ( 1588): read RPC packet
01-18 14:54:34.913 D/RPC     ( 1588): read RPC packet size: [272]
01-18 14:54:34.913 V/locapi_rpc_glue( 1588): Callback received: 4 (cb_id=0x6340000 handle=1)
01-18 14:54:34.923 V/locapi_rpc_glue( 1588): +loc_api_callback_process_sync_call
01-18 14:54:34.923 V/locapi_rpc_glue( 1588): -loc_api_callback_process_sync_call, no sync call in use
01-18 14:54:34.923 D/RPC     ( 1588): written RPC packet size: [28]
01-18 14:54:34.923 D/RPC     ( 1588): read RPC packet
01-18 14:54:34.923 D/RPC     ( 1588): read RPC packet size: [272]
01-18 14:54:34.933 V/locapi_rpc_glue( 1588): Callback received: 4 (cb_id=0x6340000 handle=1)
01-18 14:54:34.933 V/locapi_rpc_glue( 1588): +loc_api_callback_process_sync_call
01-18 14:54:34.933 V/locapi_rpc_glue( 1588): -loc_api_callback_process_sync_call, no sync call in use
01-18 14:54:34.933 D/RPC     ( 1588): written RPC packet size: [28]
01-18 14:54:34.943 D/RPC     ( 1588): read RPC packet
01-18 14:54:34.943 D/RPC     ( 1588): read RPC packet size: [176]
01-18 14:54:34.943 V/locapi_rpc_glue( 1588): Callback received: 2 (cb_id=0x6340000 handle=1)
01-18 14:54:34.943 V/locapi_rpc_glue( 1588): +loc_api_callback_process_sync_call
01-18 14:54:34.943 V/locapi_rpc_glue( 1588): -loc_api_callback_process_sync_call, no sync call in use
01-18 14:54:34.943 D/lib_locapi( 1588): loc_eng_report_sv: valid_mask = 0x30, num of sv = 2
01-18 14:54:34.953 D/GpsLocationProvider( 1588): reportSvStatus
01-18 14:54:34.953 V/GpsLocationProvider( 1588): SV count: 2 ephemerisMask: 10000000 almanacMask: 0
01-18 14:54:34.953 V/GpsLocationProvider( 1588): sv: 2 snr: 1.33 elev: 45.0 azimuth: 247.0    U
01-18 14:54:34.953 V/GpsLocationProvider( 1588): sv: 29 snr: 3.8200002 elev: 11.0 azimuth: 316.0 E  U
01-18 14:54:34.953 D/RPC     ( 1588): written RPC packet size: [28]
01-18 14:54:34.963 D/RPC     ( 1588): read RPC packet
01-18 14:54:34.963 D/RPC     ( 1588): read RPC packet size: [272]
01-18 14:54:34.963 V/locapi_rpc_glue( 1588): Callback received: 4 (cb_id=0x6340000 handle=1)
01-18 14:54:34.963 V/locapi_rpc_glue( 1588): +loc_api_callback_process_sync_call
01-18 14:54:34.963 V/locapi_rpc_glue( 1588): -loc_api_callback_process_sync_call, no sync call in use
01-18 14:54:34.973 D/RPC     ( 1588): written RPC packet size: [28]
01-18 14:54:34.973 D/RPC     ( 1588): read RPC packet
01-18 14:54:34.973 D/RPC     ( 1588): read RPC packet size: [272]
01-18 14:54:34.973 V/locapi_rpc_glue( 1588): Callback received: 4 (cb_id=0x6340000 handle=1)
01-18 14:54:34.973 V/locapi_rpc_glue( 1588): +loc_api_callback_process_sync_call
01-18 14:54:34.973 V/locapi_rpc_glue( 1588): -loc_api_callback_process_sync_call, no sync call in use
01-18 14:54:34.983 D/RPC     ( 1588): written RPC packet size: [28]
01-18 14:54:34.983 D/RPC     ( 1588): read RPC packet
01-18 14:54:34.983 D/RPC     ( 1588): read RPC packet size: [272]
01-18 14:54:34.983 V/locapi_rpc_glue( 1588): Callback received: 4 (cb_id=0x6340000 handle=1)
01-18 14:54:34.983 V/locapi_rpc_glue( 1588): +loc_api_callback_process_sync_call
01-18 14:54:34.993 V/locapi_rpc_glue( 1588): -loc_api_callback_process_sync_call, no sync call in use
01-18 14:54:34.993 D/RPC     ( 1588): written RPC packet size: [28]
01-18 14:54:34.993 D/RPC     ( 1588): read RPC packet
01-18 14:54:34.993 D/RPC     ( 1588): read RPC packet size: [272]
01-18 14:54:34.993 V/locapi_rpc_glue( 1588): Callback received: 4 (cb_id=0x6340000 handle=1)
01-18 14:54:35.003 V/locapi_rpc_glue( 1588): +loc_api_callback_process_sync_call
01-18 14:54:35.003 V/locapi_rpc_glue( 1588): -loc_api_callback_process_sync_call, no sync call in use
01-18 14:54:35.003 D/RPC     ( 1588): written RPC packet size: [28]
01-18 14:54:35.553 I/System.out( 2533): Values: 0.0 0.0
01-18 14:54:35.713 D/RPC     ( 1588): read RPC packet
01-18 14:54:35.713 D/RPC     ( 1588): read RPC packet size: [208]
01-18 14:54:35.713 V/locapi_rpc_glue( 1588): Callback received: 1 (cb_id=0x6340000 handle=1)
01-18 14:54:35.713 V/locapi_rpc_glue( 1588): +loc_api_callback_process_sync_call
01-18 14:54:35.713 V/locapi_rpc_glue( 1588): -loc_api_callback_process_sync_call, no sync call in use
01-18 14:54:35.723 D/lib_locapi( 1588): loc_eng_report_position: valid mask = 0x606d, sess status = 1
01-18 14:54:35.723 D/RPC     ( 1588): written RPC packet size: [28]
01-18 14:54:35.894 D/RPC     ( 1588): read RPC packet
01-18 14:54:35.894 D/RPC     ( 1588): read RPC packet size: [272]
01-18 14:54:35.894 V/locapi_rpc_glue( 1588): Callback received: 4 (cb_id=0x6340000 handle=1)
01-18 14:54:35.894 V/locapi_rpc_glue( 1588): +loc_api_callback_process_sync_call
01-18 14:54:35.904 V/locapi_rpc_glue( 1588): -loc_api_callback_process_sync_call, no sync call in use
01-18 14:54:35.904 D/RPC     ( 1588): written RPC packet size: [28]
01-18 14:54:35.904 D/RPC     ( 1588): read RPC packet
01-18 14:54:35.904 D/RPC     ( 1588): read RPC packet size: [272]
01-18 14:54:35.904 V/locapi_rpc_glue( 1588): Callback received: 4 (cb_id=0x6340000 handle=1)
01-18 14:54:35.904 V/locapi_rpc_glue( 1588): +loc_api_callback_process_sync_call
01-18 14:54:35.914 V/locapi_rpc_glue( 1588): -loc_api_callback_process_sync_call, no sync call in use
01-18 14:54:35.914 D/RPC     ( 1588): written RPC packet size: [28]
01-18 14:54:35.914 D/RPC     ( 1588): read RPC packet
01-18 14:54:35.914 D/RPC     ( 1588): read RPC packet size: [272]
01-18 14:54:35.914 V/locapi_rpc_glue( 1588): Callback received: 4 (cb_id=0x6340000 handle=1)
01-18 14:54:35.924 V/locapi_rpc_glue( 1588): +loc_api_callback_process_sync_call
01-18 14:54:35.924 V/locapi_rpc_glue( 1588): -loc_api_callback_process_sync_call, no sync call in use
01-18 14:54:35.924 D/RPC     ( 1588): written RPC packet size: [28]
01-18 14:54:35.924 D/RPC     ( 1588): read RPC packet
01-18 14:54:35.924 D/RPC     ( 1588): read RPC packet size: [272]
01-18 14:54:35.934 V/locapi_rpc_glue( 1588): Callback received: 4 (cb_id=0x6340000 handle=1)
01-18 14:54:35.934 V/locapi_rpc_glue( 1588): +loc_api_callback_process_sync_call
01-18 14:54:35.934 V/locapi_rpc_glue( 1588): -loc_api_callback_process_sync_call, no sync call in use
01-18 14:54:35.934 D/RPC     ( 1588): written RPC packet size: [28]
01-18 14:54:35.944 D/RPC     ( 1588): read RPC packet
01-18 14:54:35.944 D/RPC     ( 1588): read RPC packet size: [176]
01-18 14:54:35.944 V/locapi_rpc_glue( 1588): Callback received: 2 (cb_id=0x6340000 handle=1)
01-18 14:54:35.944 V/locapi_rpc_glue( 1588): +loc_api_callback_process_sync_call
01-18 14:54:35.944 V/locapi_rpc_glue( 1588): -loc_api_callback_process_sync_call, no sync call in use
01-18 14:54:35.944 D/lib_locapi( 1588): loc_eng_report_sv: valid_mask = 0x30, num of sv = 2
01-18 14:54:35.944 D/GpsLocationProvider( 1588): reportSvStatus
01-18 14:54:35.954 V/GpsLocationProvider( 1588): SV count: 2 ephemerisMask: 10000000 almanacMask: 0
01-18 14:54:35.954 V/GpsLocationProvider( 1588): sv: 2 snr: 1.33 elev: 45.0 azimuth: 247.0    U
01-18 14:54:35.954 V/GpsLocationProvider( 1588): sv: 29 snr: 3.81 elev: 11.0 azimuth: 316.0 E  U
01-18 14:54:35.964 D/RPC     ( 1588): written RPC packet size: [28]
01-18 14:54:35.964 D/RPC     ( 1588): read RPC packet
01-18 14:54:35.964 D/RPC     ( 1588): read RPC packet size: [272]
01-18 14:54:35.964 V/locapi_rpc_glue( 1588): Callback received: 4 (cb_id=0x6340000 handle=1)
01-18 14:54:35.964 V/locapi_rpc_glue( 1588): +loc_api_callback_process_sync_call
01-18 14:54:35.974 V/locapi_rpc_glue( 1588): -loc_api_callback_process_sync_call, no sync call in use
01-18 14:54:35.974 D/RPC     ( 1588): written RPC packet size: [28]
01-18 14:54:35.974 D/RPC     ( 1588): read RPC packet
01-18 14:54:35.974 D/RPC     ( 1588): read RPC packet size: [272]
01-18 14:54:35.974 V/locapi_rpc_glue( 1588): Callback received: 4 (cb_id=0x6340000 handle=1)
01-18 14:54:35.984 V/locapi_rpc_glue( 1588): +loc_api_callback_process_sync_call
01-18 14:54:35.984 V/locapi_rpc_glue( 1588): -loc_api_callback_process_sync_call, no sync call in use
01-18 14:54:35.984 D/RPC     ( 1588): written RPC packet size: [28]
01-18 14:54:35.984 D/RPC     ( 1588): read RPC packet
01-18 14:54:35.984 D/RPC     ( 1588): read RPC packet size: [272]
01-18 14:54:35.994 V/locapi_rpc_glue( 1588): Callback received: 4 (cb_id=0x6340000 handle=1)
01-18 14:54:35.994 V/locapi_rpc_glue( 1588): +loc_api_callback_process_sync_call
01-18 14:54:35.994 V/locapi_rpc_glue( 1588): -loc_api_callback_process_sync_call, no sync call in use
01-18 14:54:35.994 D/RPC     ( 1588): written RPC packet size: [28]
01-18 14:54:36.004 D/RPC     ( 1588): read RPC packet
01-18 14:54:36.004 D/RPC     ( 1588): read RPC packet size: [272]
01-18 14:54:36.004 V/locapi_rpc_glue( 1588): Callback received: 4 (cb_id=0x6340000 handle=1)
01-18 14:54:36.004 V/locapi_rpc_glue( 1588): +loc_api_callback_process_sync_call
01-18 14:54:36.004 V/locapi_rpc_glue( 1588): -loc_api_callback_process_sync_call, no sync call in use
01-18 14:54:36.004 D/RPC     ( 1588): written RPC packet size: [28]
01-18 14:54:36.554 I/System.out( 2533): Values: 0.0 0.0
01-18 14:54:36.714 D/RPC     ( 1588): read RPC packet
01-18 14:54:36.714 D/RPC     ( 1588): read RPC packet size: [208]
01-18 14:54:36.714 V/locapi_rpc_glue( 1588): Callback received: 1 (cb_id=0x6340000 handle=1)
01-18 14:54:36.714 V/locapi_rpc_glue( 1588): +loc_api_callback_process_sync_call
01-18 14:54:36.714 V/locapi_rpc_glue( 1588): -loc_api_callback_process_sync_call, no sync call in use
01-18 14:54:36.724 D/lib_locapi( 1588): loc_eng_report_position: valid mask = 0x606d, sess status = 1
01-18 14:54:36.724 D/RPC     ( 1588): written RPC packet size: [28]
01-18 14:54:36.894 D/RPC     ( 1588): read RPC packet
01-18 14:54:36.894 D/RPC     ( 1588): read RPC packet size: [272]
01-18 14:54:36.894 V/locapi_rpc_glue( 1588): Callback received: 4 (cb_id=0x6340000 handle=1)
01-18 14:54:36.894 V/locapi_rpc_glue( 1588): +loc_api_callback_process_sync_call
01-18 14:54:36.905 V/locapi_rpc_glue( 1588): -loc_api_callback_process_sync_call, no sync call in use
01-18 14:54:36.905 D/RPC     ( 1588): written RPC packet size: [28]
01-18 14:54:36.905 D/RPC     ( 1588): read RPC packet
01-18 14:54:36.905 D/RPC     ( 1588): read RPC packet size: [272]
01-18 14:54:36.905 V/locapi_rpc_glue( 1588): Callback received: 4 (cb_id=0x6340000 handle=1)
01-18 14:54:36.915 V/locapi_rpc_glue( 1588): +loc_api_callback_process_sync_call
01-18 14:54:36.915 V/locapi_rpc_glue( 1588): -loc_api_callback_process_sync_call, no sync call in use
01-18 14:54:36.915 D/RPC     ( 1588): written RPC packet size: [28]
01-18 14:54:36.925 D/RPC     ( 1588): read RPC packet
01-18 14:54:36.925 D/RPC     ( 1588): read RPC packet size: [272]
01-18 14:54:36.925 V/locapi_rpc_glue( 1588): Callback received: 4 (cb_id=0x6340000 handle=1)
01-18 14:54:36.925 V/locapi_rpc_glue( 1588): +loc_api_callback_process_sync_call
01-18 14:54:36.925 V/locapi_rpc_glue( 1588): -loc_api_callback_process_sync_call, no sync call in use
01-18 14:54:36.925 D/RPC     ( 1588): written RPC packet size: [28]
01-18 14:54:36.935 D/RPC     ( 1588): read RPC packet
01-18 14:54:36.935 D/RPC     ( 1588): read RPC packet size: [272]
01-18 14:54:36.935 V/locapi_rpc_glue( 1588): Callback received: 4 (cb_id=0x6340000 handle=1)
01-18 14:54:36.935 V/locapi_rpc_glue( 1588): +loc_api_callback_process_sync_call
01-18 14:54:36.935 V/locapi_rpc_glue( 1588): -loc_api_callback_process_sync_call, no sync call in use
01-18 14:54:36.945 D/RPC     ( 1588): written RPC packet size: [28]
01-18 14:54:36.945 D/RPC     ( 1588): read RPC packet
01-18 14:54:36.945 D/RPC     ( 1588): read RPC packet size: [176]
01-18 14:54:36.945 V/locapi_rpc_glue( 1588): Callback received: 2 (cb_id=0x6340000 handle=1)
01-18 14:54:36.945 V/locapi_rpc_glue( 1588): +loc_api_callback_process_sync_call
01-18 14:54:36.955 V/locapi_rpc_glue( 1588): -loc_api_callback_process_sync_call, no sync call in use
01-18 14:54:36.955 D/lib_locapi( 1588): loc_eng_report_sv: valid_mask = 0x30, num of sv = 2
01-18 14:54:36.955 D/GpsLocationProvider( 1588): reportSvStatus
01-18 14:54:36.955 V/GpsLocationProvider( 1588): SV count: 2 ephemerisMask: 10000000 almanacMask: 0
01-18 14:54:36.955 V/GpsLocationProvider( 1588): sv: 2 snr: 1.33 elev: 45.0 azimuth: 247.0    U
01-18 14:54:36.965 V/GpsLocationProvider( 1588): sv: 29 snr: 3.8200002 elev: 11.0 azimuth: 316.0 E  U
01-18 14:54:36.965 D/RPC     ( 1588): written RPC packet size: [28]
01-18 14:54:36.965 D/RPC     ( 1588): read RPC packet
01-18 14:54:36.965 D/RPC     ( 1588): read RPC packet size: [272]
01-18 14:54:36.975 V/locapi_rpc_glue( 1588): Callback received: 4 (cb_id=0x6340000 handle=1)
01-18 14:54:36.975 V/locapi_rpc_glue( 1588): +loc_api_callback_process_sync_call
01-18 14:54:36.975 V/locapi_rpc_glue( 1588): -loc_api_callback_process_sync_call, no sync call in use
01-18 14:54:36.975 D/RPC     ( 1588): written RPC packet size: [28]
01-18 14:54:36.985 D/RPC     ( 1588): read RPC packet
01-18 14:54:36.985 D/RPC     ( 1588): read RPC packet size: [272]
01-18 14:54:36.985 V/locapi_rpc_glue( 1588): Callback received: 4 (cb_id=0x6340000 handle=1)
01-18 14:54:36.985 V/locapi_rpc_glue( 1588): +loc_api_callback_process_sync_call
01-18 14:54:36.985 V/locapi_rpc_glue( 1588): -loc_api_callback_process_sync_call, no sync call in use
01-18 14:54:36.985 D/RPC     ( 1588): written RPC packet size: [28]
01-18 14:54:36.995 D/RPC     ( 1588): read RPC packet
01-18 14:54:36.995 D/RPC     ( 1588): read RPC packet size: [272]
01-18 14:54:36.995 V/locapi_rpc_glue( 1588): Callback received: 4 (cb_id=0x6340000 handle=1)
01-18 14:54:36.995 V/locapi_rpc_glue( 1588): +loc_api_callback_process_sync_call
01-18 14:54:37.005 V/locapi_rpc_glue( 1588): -loc_api_callback_process_sync_call, no sync call in use
01-18 14:54:37.005 D/RPC     ( 1588): written RPC packet size: [28]
01-18 14:54:37.005 D/RPC     ( 1588): read RPC packet
01-18 14:54:37.005 D/RPC     ( 1588): read RPC packet size: [272]
01-18 14:54:37.005 V/locapi_rpc_glue( 1588): Callback received: 4 (cb_id=0x6340000 handle=1)
01-18 14:54:37.015 V/locapi_rpc_glue( 1588): +loc_api_callback_process_sync_call
01-18 14:54:37.015 V/locapi_rpc_glue( 1588): -loc_api_callback_process_sync_call, no sync call in use
01-18 14:54:37.015 D/RPC     ( 1588): written RPC packet size: [28]
01-18 14:54:37.555 I/System.out( 2533): Values: 0.0 0.0
01-18 14:54:37.715 D/RPC     ( 1588): read RPC packet
01-18 14:54:37.715 D/RPC     ( 1588): read RPC packet size: [208]
01-18 14:54:37.715 V/locapi_rpc_glue( 1588): Callback received: 1 (cb_id=0x6340000 handle=1)
01-18 14:54:37.715 V/locapi_rpc_glue( 1588): +loc_api_callback_process_sync_call
01-18 14:54:37.725 V/locapi_rpc_glue( 1588): -loc_api_callback_process_sync_call, no sync call in use
01-18 14:54:37.725 D/lib_locapi( 1588): loc_eng_report_position: valid mask = 0x606d, sess status = 1
01-18 14:54:37.725 D/RPC     ( 1588): written RPC packet size: [28]
01-18 14:54:37.895 D/RPC     ( 1588): read RPC packet
01-18 14:54:37.895 D/RPC     ( 1588): read RPC packet size: [272]
01-18 14:54:37.895 V/locapi_rpc_glue( 1588): Callback received: 4 (cb_id=0x6340000 handle=1)
01-18 14:54:37.895 V/locapi_rpc_glue( 1588): +loc_api_callback_process_sync_call
01-18 14:54:37.905 V/locapi_rpc_glue( 1588): -loc_api_callback_process_sync_call, no sync call in use
01-18 14:54:37.905 D/RPC     ( 1588): written RPC packet size: [28]
01-18 14:54:37.905 D/RPC     ( 1588): read RPC packet
01-18 14:54:37.905 D/RPC     ( 1588): read RPC packet size: [272]
01-18 14:54:37.905 V/locapi_rpc_glue( 1588): Callback received: 4 (cb_id=0x6340000 handle=1)
01-18 14:54:37.915 V/locapi_rpc_glue( 1588): +loc_api_callback_process_sync_call
01-18 14:54:37.915 V/locapi_rpc_glue( 1588): -loc_api_callback_process_sync_call, no sync call in use
01-18 14:54:37.915 D/RPC     ( 1588): written RPC packet size: [28]
01-18 14:54:37.926 D/RPC     ( 1588): read RPC packet
01-18 14:54:37.926 D/RPC     ( 1588): read RPC packet size: [272]
01-18 14:54:37.926 V/locapi_rpc_glue( 1588): Callback received: 4 (cb_id=0x6340000 handle=1)
01-18 14:54:37.926 V/locapi_rpc_glue( 1588): +loc_api_callback_process_sync_call
01-18 14:54:37.926 V/locapi_rpc_glue( 1588): -loc_api_callback_process_sync_call, no sync call in use
01-18 14:54:37.926 D/RPC     ( 1588): written RPC packet size: [28]
01-18 14:54:37.946 D/SntpClient( 1588): requestTime: called by Thread[NetworkTimeUpdateService,5,main], failed: java.net.UnknownHostException: Unable to resolve host "north-america.pool.ntp.org": No address associated with hostname
01-18 14:54:37.956 D/RPC     ( 1588): read RPC packet
01-18 14:54:37.956 D/RPC     ( 1588): read RPC packet size: [272]
01-18 14:54:37.956 V/locapi_rpc_glue( 1588): Callback received: 4 (cb_id=0x6340000 handle=1)
01-18 14:54:37.956 V/locapi_rpc_glue( 1588): +loc_api_callback_process_sync_call
01-18 14:54:37.956 V/locapi_rpc_glue( 1588): -loc_api_callback_process_sync_call, no sync call in use
01-18 14:54:37.966 D/RPC     ( 1588): written RPC packet size: [28]
01-18 14:54:37.966 D/RPC     ( 1588): read RPC packet
01-18 14:54:37.966 D/RPC     ( 1588): read RPC packet size: [176]
01-18 14:54:37.966 V/locapi_rpc_glue( 1588): Callback received: 2 (cb_id=0x6340000 handle=1)
01-18 14:54:37.966 V/locapi_rpc_glue( 1588): +loc_api_callback_process_sync_call
01-18 14:54:37.976 V/locapi_rpc_glue( 1588): -loc_api_callback_process_sync_call, no sync call in use
01-18 14:54:37.976 D/lib_locapi( 1588): loc_eng_report_sv: valid_mask = 0x30, num of sv = 2
01-18 14:54:37.976 D/GpsLocationProvider( 1588): reportSvStatus
01-18 14:54:37.976 V/GpsLocationProvider( 1588): SV count: 2 ephemerisMask: 10000000 almanacMask: 0
01-18 14:54:37.976 V/GpsLocationProvider( 1588): sv: 2 snr: 1.33 elev: 45.0 azimuth: 247.0    U
01-18 14:54:37.976 V/GpsLocationProvider( 1588): sv: 29 snr: 3.7900002 elev: 11.0 azimuth: 316.0 E  U
01-18 14:54:37.986 D/UsbnetService( 1588): BroadcastReceiver::onReceive+
01-18 14:54:37.986 D/UsbnetService( 1588): onReceive BATTERY_CHANGED
01-18 14:54:37.986 D/UsbnetService( 1588):  --> pluggedType = 2, mPluggedType = 0, mScreenOff = false
01-18 14:54:37.986 D/UsbnetService( 1588): BroadcastReceiver::onReceive-
01-18 14:54:37.986 D/NotificationService( 1588): mIntentReceiver() Intent.ACTION_BATTERY_CHANGED
01-18 14:54:37.996 D/RemoveMe( 1676): DCT got intent android.intent.action.BATTERY_CHANGED
01-18 14:54:37.996 D/RemoveMe( 1676): DCT got intent android.intent.action.BATTERY_CHANGED
01-18 14:54:37.996 D/BatteryService( 1588): SendIntentforPowersaver
01-18 14:54:37.996 D/BatteryService( 1588): Current powersaver status == NORMAL_STATUS1 2 2 false
01-18 14:54:37.996 D/RPC     ( 1588): written RPC packet size: [28]
01-18 14:54:37.996 D/PowerUI ( 1658): closing low battery warning: level=98
01-18 14:54:37.996 D/PowerUI ( 1658): plugged = true, health = 2, mBatteryLevel = 98, mPluggedBatteryLevel = 99, mLowBatteryWarningLevel2 = 25, mshowLowChargingWarning2 = true
01-18 14:54:38.006 D/RPC     ( 1588): read RPC packet
01-18 14:54:38.006 D/RPC     ( 1588): read RPC packet size: [272]
01-18 14:54:38.006 V/locapi_rpc_glue( 1588): Callback received: 4 (cb_id=0x6340000 handle=1)
01-18 14:54:38.006 V/locapi_rpc_glue( 1588): +loc_api_callback_process_sync_call
01-18 14:54:38.016 D/RemoveMe( 1676): DCT got intent android.intent.action.BATTERY_CHANGED
01-18 14:54:38.016 V/locapi_rpc_glue( 1588): -loc_api_callback_process_sync_call, no sync call in use
01-18 14:54:38.016 D/RPC     ( 1588): written RPC packet size: [28]
01-18 14:54:38.026 D/RPC     ( 1588): read RPC packet
01-18 14:54:38.026 D/RPC     ( 1588): read RPC packet size: [272]
01-18 14:54:38.026 V/locapi_rpc_glue( 1588): Callback received: 4 (cb_id=0x6340000 handle=1)
01-18 14:54:38.036 V/locapi_rpc_glue( 1588): +loc_api_callback_process_sync_call
01-18 14:54:38.036 V/locapi_rpc_glue( 1588): -loc_api_callback_process_sync_call, no sync call in use
01-18 14:54:38.036 D/RPC     ( 1588): written RPC packet size: [28]
01-18 14:54:38.036 D/RPC     ( 1588): read RPC packet
01-18 14:54:38.036 D/RPC     ( 1588): read RPC packet size: [272]
01-18 14:54:38.046 V/locapi_rpc_glue( 1588): Callback received: 4 (cb_id=0x6340000 handle=1)
01-18 14:54:38.046 V/locapi_rpc_glue( 1588): +loc_api_callback_process_sync_call
01-18 14:54:38.046 V/locapi_rpc_glue( 1588): -loc_api_callback_process_sync_call, no sync call in use
01-18 14:54:38.046 D/RPC     ( 1588): written RPC packet size: [28]
01-18 14:54:38.046 D/RPC     ( 1588): read RPC packet
01-18 14:54:38.046 D/dalvikvm( 1676): GC_CONCURRENT freed 364K, 8% free 7199K/7815K, paused 2ms+2ms
01-18 14:54:38.056 D/RPC     ( 1588): read RPC packet size: [272]
01-18 14:54:38.056 V/locapi_rpc_glue( 1588): Callback received: 4 (cb_id=0x6340000 handle=1)
01-18 14:54:38.056 V/locapi_rpc_glue( 1588): +loc_api_callback_process_sync_call
01-18 14:54:38.056 V/locapi_rpc_glue( 1588): -loc_api_callback_process_sync_call, no sync call in use
01-18 14:54:38.056 D/RPC     ( 1588): written RPC packet size: [28]
01-18 14:54:38.556 I/System.out( 2533): Values: 0.0 0.0
01-18 14:54:38.716 D/RPC     ( 1588): read RPC packet
01-18 14:54:38.716 D/RPC     ( 1588): read RPC packet size: [208]
01-18 14:54:38.716 V/locapi_rpc_glue( 1588): Callback received: 1 (cb_id=0x6340000 handle=1)
01-18 14:54:38.716 V/locapi_rpc_glue( 1588): +loc_api_callback_process_sync_call
01-18 14:54:38.716 V/locapi_rpc_glue( 1588): -loc_api_callback_process_sync_call, no sync call in use
01-18 14:54:38.716 D/lib_locapi( 1588): loc_eng_report_position: valid mask = 0x606d, sess status = 1
01-18 14:54:38.716 D/RPC     ( 1588): written RPC packet size: [28]
01-18 14:54:38.896 D/RPC     ( 1588): read RPC packet
01-18 14:54:38.896 D/RPC     ( 1588): read RPC packet size: [272]
01-18 14:54:38.896 V/locapi_rpc_glue( 1588): Callback received: 4 (cb_id=0x6340000 handle=1)
01-18 14:54:38.896 V/locapi_rpc_glue( 1588): +loc_api_callback_process_sync_call
01-18 14:54:38.896 V/locapi_rpc_glue( 1588): -loc_api_callback_process_sync_call, no sync call in use
01-18 14:54:38.896 D/RPC     ( 1588): written RPC packet size: [28]
01-18 14:54:38.906 D/RPC     ( 1588): read RPC packet
01-18 14:54:38.906 D/RPC     ( 1588): read RPC packet size: [272]
01-18 14:54:38.906 V/locapi_rpc_glue( 1588): Callback received: 4 (cb_id=0x6340000 handle=1)
01-18 14:54:38.906 V/locapi_rpc_glue( 1588): +loc_api_callback_process_sync_call
01-18 14:54:38.906 V/locapi_rpc_glue( 1588): -loc_api_callback_process_sync_call, no sync call in use
01-18 14:54:38.906 D/RPC     ( 1588): written RPC packet size: [28]
01-18 14:54:38.906 D/RPC     ( 1588): read RPC packet
01-18 14:54:38.906 D/RPC     ( 1588): read RPC packet size: [272]
01-18 14:54:38.906 V/locapi_rpc_glue( 1588): Callback received: 4 (cb_id=0x6340000 handle=1)
01-18 14:54:38.906 V/locapi_rpc_glue( 1588): +loc_api_callback_process_sync_call
01-18 14:54:38.906 V/locapi_rpc_glue( 1588): -loc_api_callback_process_sync_call, no sync call in use
01-18 14:54:38.906 D/RPC     ( 1588): written RPC packet size: [28]
01-18 14:54:38.916 D/RPC     ( 1588): read RPC packet
01-18 14:54:38.916 D/RPC     ( 1588): read RPC packet size: [272]
01-18 14:54:38.916 V/locapi_rpc_glue( 1588): Callback received: 4 (cb_id=0x6340000 handle=1)
01-18 14:54:38.916 V/locapi_rpc_glue( 1588): +loc_api_callback_process_sync_call
01-18 14:54:38.916 V/locapi_rpc_glue( 1588): -loc_api_callback_process_sync_call, no sync call in use
01-18 14:54:38.916 D/RPC     ( 1588): written RPC packet size: [28]
01-18 14:54:38.916 D/RPC     ( 1588): read RPC packet
01-18 14:54:38.916 D/RPC     ( 1588): read RPC packet size: [176]
01-18 14:54:38.916 V/locapi_rpc_glue( 1588): Callback received: 2 (cb_id=0x6340000 handle=1)
01-18 14:54:38.916 V/locapi_rpc_glue( 1588): +loc_api_callback_process_sync_call
01-18 14:54:38.916 V/locapi_rpc_glue( 1588): -loc_api_callback_process_sync_call, no sync call in use
01-18 14:54:38.916 D/lib_locapi( 1588): loc_eng_report_sv: valid_mask = 0x30, num of sv = 2
01-18 14:54:38.916 D/GpsLocationProvider( 1588): reportSvStatus
01-18 14:54:38.916 V/GpsLocationProvider( 1588): SV count: 2 ephemerisMask: 10000000 almanacMask: 0
01-18 14:54:38.916 V/GpsLocationProvider( 1588): sv: 2 snr: 1.33 elev: 45.0 azimuth: 247.0    U
01-18 14:54:38.916 V/GpsLocationProvider( 1588): sv: 29 snr: 3.7900002 elev: 11.0 azimuth: 316.0 E  U
01-18 14:54:38.926 D/RPC     ( 1588): written RPC packet size: [28]
01-18 14:54:38.926 D/RPC     ( 1588): read RPC packet
01-18 14:54:38.926 D/RPC     ( 1588): read RPC packet size: [272]
01-18 14:54:38.926 V/locapi_rpc_glue( 1588): Callback received: 4 (cb_id=0x6340000 handle=1)
01-18 14:54:38.926 V/locapi_rpc_glue( 1588): +loc_api_callback_process_sync_call
01-18 14:54:38.926 V/locapi_rpc_glue( 1588): -loc_api_callback_process_sync_call, no sync call in use
01-18 14:54:38.926 D/RPC     ( 1588): written RPC packet size: [28]
01-18 14:54:38.926 D/RPC     ( 1588): read RPC packet
01-18 14:54:38.926 D/RPC     ( 1588): read RPC packet size: [272]
01-18 14:54:38.926 V/locapi_rpc_glue( 1588): Callback received: 4 (cb_id=0x6340000 handle=1)
01-18 14:54:38.926 V/locapi_rpc_glue( 1588): +loc_api_callback_process_sync_call
01-18 14:54:38.926 V/locapi_rpc_glue( 1588): -loc_api_callback_process_sync_call, no sync call in use
01-18 14:54:38.936 D/RPC     ( 1588): written RPC packet size: [28]
01-18 14:54:38.936 D/RPC     ( 1588): read RPC packet
01-18 14:54:38.936 D/RPC     ( 1588): read RPC packet size: [272]
01-18 14:54:38.936 V/locapi_rpc_glue( 1588): Callback received: 4 (cb_id=0x6340000 handle=1)
01-18 14:54:38.936 V/locapi_rpc_glue( 1588): +loc_api_callback_process_sync_call
01-18 14:54:38.936 V/locapi_rpc_glue( 1588): -loc_api_callback_process_sync_call, no sync call in use
01-18 14:54:38.936 D/RPC     ( 1588): written RPC packet size: [28]
01-18 14:54:38.936 D/RPC     ( 1588): read RPC packet
01-18 14:54:38.936 D/RPC     ( 1588): read RPC packet size: [272]
01-18 14:54:38.936 V/locapi_rpc_glue( 1588): Callback received: 4 (cb_id=0x6340000 handle=1)
01-18 14:54:38.936 V/locapi_rpc_glue( 1588): +loc_api_callback_process_sync_call
01-18 14:54:38.936 V/locapi_rpc_glue( 1588): -loc_api_callback_process_sync_call, no sync call in use
01-18 14:54:38.936 D/RPC     ( 1588): written RPC packet size: [28]
01-18 14:54:39.287 D/GpsLocationProvider( 1588): [BroadcastReceiver] XTRA_ALARM_TIMEOUT
01-18 14:54:39.287 D/GpsLocationProvider( 1588): [shen] debug
01-18 14:54:39.297 D/GpsLocationProvider( 1588): [handleMessage] message :6
01-18 14:54:39.297 D/GpsLocationProvider( 1588): [handleMessage] DOWNLOAD_XTRA_DATA mSupportsXtra:true
01-18 14:54:39.297 D/GpsLocationProvider( 1588): handleDownloadXtraData+++
01-18 14:54:39.297 D/GpsLocationProvider( 1588): [handleDownloadXtraData] mNetworkAvailable:false mDisableXtraDownload:false mNavigating:true mEngineOn:true
01-18 14:54:39.297 D/GpsLocationProvider( 1588): [handleDownloadXtraData] pending until Network available or GPS Engine stop
01-18 14:54:39.557 I/System.out( 2533): Values: 0.0 0.0
