01-18 14:54:39.717 D/RPC     ( 1588): read RPC packet
01-18 14:54:39.717 D/RPC     ( 1588): read RPC packet size: [208]
01-18 14:54:39.717 V/locapi_rpc_glue( 1588): Callback received: 1 (cb_id=0x6340000 handle=1)
01-18 14:54:39.717 V/locapi_rpc_glue( 1588): +loc_api_callback_process_sync_call
01-18 14:54:39.717 V/locapi_rpc_glue( 1588): -loc_api_callback_process_sync_call, no sync call in use
01-18 14:54:39.717 D/lib_locapi( 1588): loc_eng_report_position: valid mask = 0x606d, sess status = 1
01-18 14:54:39.717 D/RPC     ( 1588): written RPC packet size: [28]
01-18 14:54:39.897 D/RPC     ( 1588): read RPC packet
01-18 14:54:39.897 D/RPC     ( 1588): read RPC packet size: [272]
01-18 14:54:39.897 V/locapi_rpc_glue( 1588): Callback received: 4 (cb_id=0x6340000 handle=1)
01-18 14:54:39.897 V/locapi_rpc_glue( 1588): +loc_api_callback_process_sync_call
01-18 14:54:39.897 V/locapi_rpc_glue( 1588): -loc_api_callback_process_sync_call, no sync call in use
01-18 14:54:39.897 D/RPC     ( 1588): written RPC packet size: [28]
01-18 14:54:39.907 D/RPC     ( 1588): read RPC packet
01-18 14:54:39.907 D/RPC     ( 1588): read RPC packet size: [272]
01-18 14:54:39.907 V/locapi_rpc_glue( 1588): Callback received: 4 (cb_id=0x6340000 handle=1)
01-18 14:54:39.907 V/locapi_rpc_glue( 1588): +loc_api_callback_process_sync_call
01-18 14:54:39.907 V/locapi_rpc_glue( 1588): -loc_api_callback_process_sync_call, no sync call in use
01-18 14:54:39.907 D/RPC     ( 1588): written RPC packet size: [28]
01-18 14:54:39.907 D/RPC     ( 1588): read RPC packet
01-18 14:54:39.907 D/RPC     ( 1588): read RPC packet size: [272]
01-18 14:54:39.907 V/locapi_rpc_glue( 1588): Callback received: 4 (cb_id=0x6340000 handle=1)
01-18 14:54:39.907 V/locapi_rpc_glue( 1588): +loc_api_callback_process_sync_call
01-18 14:54:39.907 V/locapi_rpc_glue( 1588): -loc_api_callback_process_sync_call, no sync call in use
01-18 14:54:39.907 D/RPC     ( 1588): written RPC packet size: [28]
01-18 14:54:39.917 D/RPC     ( 1588): read RPC packet
01-18 14:54:39.917 D/RPC     ( 1588): read RPC packet size: [272]
01-18 14:54:39.917 V/locapi_rpc_glue( 1588): Callback received: 4 (cb_id=0x6340000 handle=1)
01-18 14:54:39.917 V/locapi_rpc_glue( 1588): +loc_api_callback_process_sync_call
01-18 14:54:39.917 V/locapi_rpc_glue( 1588): -loc_api_callback_process_sync_call, no sync call in use
01-18 14:54:39.917 D/RPC     ( 1588): written RPC packet size: [28]
01-18 14:54:39.917 D/RPC     ( 1588): read RPC packet
01-18 14:54:39.917 D/RPC     ( 1588): read RPC packet size: [176]
01-18 14:54:39.917 V/locapi_rpc_glue( 1588): Callback received: 2 (cb_id=0x6340000 handle=1)
01-18 14:54:39.917 V/locapi_rpc_glue( 1588): +loc_api_callback_process_sync_call
01-18 14:54:39.917 V/locapi_rpc_glue( 1588): -loc_api_callback_process_sync_call, no sync call in use
01-18 14:54:39.917 D/lib_locapi( 1588): loc_eng_report_sv: valid_mask = 0x30, num of sv = 2
01-18 14:54:39.917 D/GpsLocationProvider( 1588): reportSvStatus
01-18 14:54:39.917 V/GpsLocationProvider( 1588): SV count: 2 ephemerisMask: 10000000 almanacMask: 0
01-18 14:54:39.917 V/GpsLocationProvider( 1588): sv: 2 snr: 1.33 elev: 45.0 azimuth: 247.0    U
01-18 14:54:39.917 V/GpsLocationProvider( 1588): sv: 29 snr: 3.81 elev: 10.0 azimuth: 314.0 E  U
01-18 14:54:39.927 D/RPC     ( 1588): written RPC packet size: [28]
01-18 14:54:39.927 D/RPC     ( 1588): read RPC packet
01-18 14:54:39.927 D/RPC     ( 1588): read RPC packet size: [272]
01-18 14:54:39.927 V/locapi_rpc_glue( 1588): Callback received: 4 (cb_id=0x6340000 handle=1)
01-18 14:54:39.927 V/locapi_rpc_glue( 1588): +loc_api_callback_process_sync_call
01-18 14:54:39.927 V/locapi_rpc_glue( 1588): -loc_api_callback_process_sync_call, no sync call in use
01-18 14:54:39.927 D/RPC     ( 1588): written RPC packet size: [28]
01-18 14:54:39.927 D/RPC     ( 1588): read RPC packet
01-18 14:54:39.927 D/RPC     ( 1588): read RPC packet size: [272]
01-18 14:54:39.927 V/locapi_rpc_glue( 1588): Callback received: 4 (cb_id=0x6340000 handle=1)
01-18 14:54:39.927 V/locapi_rpc_glue( 1588): +loc_api_callback_process_sync_call
01-18 14:54:39.927 V/locapi_rpc_glue( 1588): -loc_api_callback_process_sync_call, no sync call in use
01-18 14:54:39.927 D/RPC     ( 1588): written RPC packet size: [28]
01-18 14:54:39.937 D/RPC     ( 1588): read RPC packet
01-18 14:54:39.937 D/RPC     ( 1588): read RPC packet size: [272]
01-18 14:54:39.937 V/locapi_rpc_glue( 1588): Callback received: 4 (cb_id=0x6340000 handle=1)
01-18 14:54:39.937 V/locapi_rpc_glue( 1588): +loc_api_callback_process_sync_call
01-18 14:54:39.937 V/locapi_rpc_glue( 1588): -loc_api_callback_process_sync_call, no sync call in use
01-18 14:54:39.937 D/RPC     ( 1588): written RPC packet size: [28]
01-18 14:54:39.937 D/RPC     ( 1588): read RPC packet
01-18 14:54:39.937 D/RPC     ( 1588): read RPC packet size: [272]
01-18 14:54:39.937 V/locapi_rpc_glue( 1588): Callback received: 4 (cb_id=0x6340000 handle=1)
01-18 14:54:39.937 V/locapi_rpc_glue( 1588): +loc_api_callback_process_sync_call
01-18 14:54:39.937 V/locapi_rpc_glue( 1588): -loc_api_callback_process_sync_call, no sync call in use
01-18 14:54:39.937 D/RPC     ( 1588): written RPC packet size: [28]
01-18 14:54:40.558 I/System.out( 2533): Values: 0.0 0.0
01-18 14:54:40.718 D/RPC     ( 1588): read RPC packet
01-18 14:54:40.718 D/RPC     ( 1588): read RPC packet size: [208]
01-18 14:54:40.718 V/locapi_rpc_glue( 1588): Callback received: 1 (cb_id=0x6340000 handle=1)
01-18 14:54:40.718 V/locapi_rpc_glue( 1588): +loc_api_callback_process_sync_call
01-18 14:54:40.718 V/locapi_rpc_glue( 1588): -loc_api_callback_process_sync_call, no sync call in use
01-18 14:54:40.718 D/lib_locapi( 1588): loc_eng_report_position: valid mask = 0x606d, sess status = 1
01-18 14:54:40.718 D/RPC     ( 1588): written RPC packet size: [28]
01-18 14:54:40.898 D/RPC     ( 1588): read RPC packet
01-18 14:54:40.898 D/RPC     ( 1588): read RPC packet size: [272]
01-18 14:54:40.898 V/locapi_rpc_glue( 1588): Callback received: 4 (cb_id=0x6340000 handle=1)
01-18 14:54:40.898 V/locapi_rpc_glue( 1588): +loc_api_callback_process_sync_call
01-18 14:54:40.898 V/locapi_rpc_glue( 1588): -loc_api_callback_process_sync_call, no sync call in use
01-18 14:54:40.898 D/RPC     ( 1588): written RPC packet size: [28]
01-18 14:54:40.898 D/RPC     ( 1588): read RPC packet
01-18 14:54:40.908 D/RPC     ( 1588): read RPC packet size: [272]
01-18 14:54:40.908 V/locapi_rpc_glue( 1588): Callback received: 4 (cb_id=0x6340000 handle=1)
01-18 14:54:40.908 V/locapi_rpc_glue( 1588): +loc_api_callback_process_sync_call
01-18 14:54:40.908 V/locapi_rpc_glue( 1588): -loc_api_callback_process_sync_call, no sync call in use
01-18 14:54:40.908 D/RPC     ( 1588): written RPC packet size: [28]
01-18 14:54:40.908 D/RPC     ( 1588): read RPC packet
01-18 14:54:40.908 D/RPC     ( 1588): read RPC packet size: [272]
01-18 14:54:40.908 V/locapi_rpc_glue( 1588): Callback received: 4 (cb_id=0x6340000 handle=1)
01-18 14:54:40.908 V/locapi_rpc_glue( 1588): +loc_api_callback_process_sync_call
01-18 14:54:40.908 V/locapi_rpc_glue( 1588): -loc_api_callback_process_sync_call, no sync call in use
01-18 14:54:40.908 D/RPC     ( 1588): written RPC packet size: [28]
01-18 14:54:40.908 D/RPC     ( 1588): read RPC packet
01-18 14:54:40.908 D/RPC     ( 1588): read RPC packet size: [272]
01-18 14:54:40.918 V/locapi_rpc_glue( 1588): Callback received: 4 (cb_id=0x6340000 handle=1)
01-18 14:54:40.918 V/locapi_rpc_glue( 1588): +loc_api_callback_process_sync_call
01-18 14:54:40.918 V/locapi_rpc_glue( 1588): -loc_api_callback_process_sync_call, no sync call in use
01-18 14:54:40.918 D/RPC     ( 1588): written RPC packet size: [28]
01-18 14:54:40.918 D/RPC     ( 1588): read RPC packet
01-18 14:54:40.918 D/RPC     ( 1588): read RPC packet size: [216]
01-18 14:54:40.918 V/locapi_rpc_glue( 1588): Callback received: 2 (cb_id=0x6340000 handle=1)
01-18 14:54:40.918 V/locapi_rpc_glue( 1588): +loc_api_callback_process_sync_call
01-18 14:54:40.918 V/locapi_rpc_glue( 1588): -loc_api_callback_process_sync_call, no sync call in use
01-18 14:54:40.918 D/lib_locapi( 1588): loc_eng_report_sv: valid_mask = 0x30, num of sv = 3
01-18 14:54:40.918 D/GpsLocationProvider( 1588): reportSvStatus
01-18 14:54:40.918 V/GpsLocationProvider( 1588): SV count: 3 ephemerisMask: 10000000 almanacMask: 0
01-18 14:54:40.928 V/GpsLocationProvider( 1588): sv: 2 snr: 1.33 elev: 45.0 azimuth: 247.0    U
01-18 14:54:40.928 V/GpsLocationProvider( 1588): sv: 13 snr: 2.26 elev: 45.0 azimuth: 68.0    
01-18 14:54:40.928 V/GpsLocationProvider( 1588): sv: 29 snr: 3.78 elev: 11.0 azimuth: 316.0 E  U
01-18 14:54:40.928 D/RPC     ( 1588): written RPC packet size: [28]
01-18 14:54:40.928 D/RPC     ( 1588): read RPC packet
01-18 14:54:40.928 D/RPC     ( 1588): read RPC packet size: [272]
01-18 14:54:40.928 V/locapi_rpc_glue( 1588): Callback received: 4 (cb_id=0x6340000 handle=1)
01-18 14:54:40.928 V/locapi_rpc_glue( 1588): +loc_api_callback_process_sync_call
01-18 14:54:40.928 V/locapi_rpc_glue( 1588): -loc_api_callback_process_sync_call, no sync call in use
01-18 14:54:40.928 D/RPC     ( 1588): written RPC packet size: [28]
01-18 14:54:40.938 D/RPC     ( 1588): read RPC packet
01-18 14:54:40.938 D/RPC     ( 1588): read RPC packet size: [272]
01-18 14:54:40.938 V/locapi_rpc_glue( 1588): Callback received: 4 (cb_id=0x6340000 handle=1)
01-18 14:54:40.938 V/locapi_rpc_glue( 1588): +loc_api_callback_process_sync_call
01-18 14:54:40.938 V/locapi_rpc_glue( 1588): -loc_api_callback_process_sync_call, no sync call in use
01-18 14:54:40.938 D/RPC     ( 1588): written RPC packet size: [28]
01-18 14:54:40.938 D/RPC     ( 1588): read RPC packet
01-18 14:54:40.938 D/RPC     ( 1588): read RPC packet size: [272]
01-18 14:54:40.938 V/locapi_rpc_glue( 1588): Callback received: 4 (cb_id=0x6340000 handle=1)
01-18 14:54:40.938 V/locapi_rpc_glue( 1588): +loc_api_callback_process_sync_call
01-18 14:54:40.938 V/locapi_rpc_glue( 1588): -loc_api_callback_process_sync_call, no sync call in use
01-18 14:54:40.938 D/RPC     ( 1588): written RPC packet size: [28]
01-18 14:54:40.948 D/RPC     ( 1588): read RPC packet
01-18 14:54:40.948 D/RPC     ( 1588): read RPC packet size: [272]
01-18 14:54:40.948 V/locapi_rpc_glue( 1588): Callback received: 4 (cb_id=0x6340000 handle=1)
01-18 14:54:40.948 V/locapi_rpc_glue( 1588): +loc_api_callback_process_sync_call
01-18 14:54:40.948 V/locapi_rpc_glue( 1588): -loc_api_callback_process_sync_call, no sync call in use
01-18 14:54:40.948 D/RPC     ( 1588): written RPC packet size: [28]
01-18 14:54:41.559 I/System.out( 2533): Values: 0.0 0.0
01-18 14:54:41.719 D/RPC     ( 1588): read RPC packet
01-18 14:54:41.719 D/RPC     ( 1588): read RPC packet size: [208]
01-18 14:54:41.719 V/locapi_rpc_glue( 1588): Callback received: 1 (cb_id=0x6340000 handle=1)
01-18 14:54:41.719 V/locapi_rpc_glue( 1588): +loc_api_callback_process_sync_call
01-18 14:54:41.719 V/locapi_rpc_glue( 1588): -loc_api_callback_process_sync_call, no sync call in use
01-18 14:54:41.719 D/lib_locapi( 1588): loc_eng_report_position: valid mask = 0x606d, sess status = 1
01-18 14:54:41.719 D/RPC     ( 1588): written RPC packet size: [28]
01-18 14:54:41.899 D/RPC     ( 1588): read RPC packet
01-18 14:54:41.899 D/RPC     ( 1588): read RPC packet size: [272]
01-18 14:54:41.899 V/locapi_rpc_glue( 1588): Callback received: 4 (cb_id=0x6340000 handle=1)
01-18 14:54:41.899 V/locapi_rpc_glue( 1588): +loc_api_callback_process_sync_call
01-18 14:54:41.899 V/locapi_rpc_glue( 1588): -loc_api_callback_process_sync_call, no sync call in use
01-18 14:54:41.899 D/RPC     ( 1588): written RPC packet size: [28]
01-18 14:54:41.899 D/RPC     ( 1588): read RPC packet
01-18 14:54:41.899 D/RPC     ( 1588): read RPC packet size: [272]
01-18 14:54:41.899 V/locapi_rpc_glue( 1588): Callback received: 4 (cb_id=0x6340000 handle=1)
01-18 14:54:41.899 V/locapi_rpc_glue( 1588): +loc_api_callback_process_sync_call
01-18 14:54:41.899 V/locapi_rpc_glue( 1588): -loc_api_callback_process_sync_call, no sync call in use
01-18 14:54:41.899 D/RPC     ( 1588): written RPC packet size: [28]
01-18 14:54:41.899 D/RPC     ( 1588): read RPC packet
01-18 14:54:41.899 D/RPC     ( 1588): read RPC packet size: [272]
01-18 14:54:41.899 V/locapi_rpc_glue( 1588): Callback received: 4 (cb_id=0x6340000 handle=1)
01-18 14:54:41.899 V/locapi_rpc_glue( 1588): +loc_api_callback_process_sync_call
01-18 14:54:41.899 V/locapi_rpc_glue( 1588): -loc_api_callback_process_sync_call, no sync call in use
01-18 14:54:41.899 D/RPC     ( 1588): written RPC packet size: [28]
01-18 14:54:41.909 D/RPC     ( 1588): read RPC packet
01-18 14:54:41.909 D/RPC     ( 1588): read RPC packet size: [272]
01-18 14:54:41.909 V/locapi_rpc_glue( 1588): Callback received: 4 (cb_id=0x6340000 handle=1)
01-18 14:54:41.909 V/locapi_rpc_glue( 1588): +loc_api_callback_process_sync_call
01-18 14:54:41.909 V/locapi_rpc_glue( 1588): -loc_api_callback_process_sync_call, no sync call in use
01-18 14:54:41.909 D/RPC     ( 1588): written RPC packet size: [28]
01-18 14:54:41.909 D/RPC     ( 1588): read RPC packet
01-18 14:54:41.909 D/RPC     ( 1588): read RPC packet size: [216]
01-18 14:54:41.909 V/locapi_rpc_glue( 1588): Callback received: 2 (cb_id=0x6340000 handle=1)
01-18 14:54:41.909 V/locapi_rpc_glue( 1588): +loc_api_callback_process_sync_call
01-18 14:54:41.909 V/locapi_rpc_glue( 1588): -loc_api_callback_process_sync_call, no sync call in use
01-18 14:54:41.909 D/lib_locapi( 1588): loc_eng_report_sv: valid_mask = 0x30, num of sv = 3
01-18 14:54:41.909 D/GpsLocationProvider( 1588): reportSvStatus
01-18 14:54:41.909 V/GpsLocationProvider( 1588): SV count: 3 ephemerisMask: 10000000 almanacMask: 0
01-18 14:54:41.919 V/GpsLocationProvider( 1588): sv: 2 snr: 1.33 elev: 45.0 azimuth: 247.0    U
01-18 14:54:41.919 V/GpsLocationProvider( 1588): sv: 13 snr: 2.26 elev: 45.0 azimuth: 68.0    
01-18 14:54:41.919 V/GpsLocationProvider( 1588): sv: 29 snr: 3.8 elev: 11.0 azimuth: 316.0 E  U
01-18 14:54:41.919 D/RPC     ( 1588): written RPC packet size: [28]
01-18 14:54:41.919 D/RPC     ( 1588): read RPC packet
01-18 14:54:41.919 D/RPC     ( 1588): read RPC packet size: [272]
01-18 14:54:41.919 V/locapi_rpc_glue( 1588): Callback received: 4 (cb_id=0x6340000 handle=1)
01-18 14:54:41.919 V/locapi_rpc_glue( 1588): +loc_api_callback_process_sync_call
01-18 14:54:41.919 V/locapi_rpc_glue( 1588): -loc_api_callback_process_sync_call, no sync call in use
01-18 14:54:41.929 D/RPC     ( 1588): written RPC packet size: [28]
01-18 14:54:41.929 D/RPC     ( 1588): read RPC packet
01-18 14:54:41.929 D/RPC     ( 1588): read RPC packet size: [272]
01-18 14:54:41.929 V/locapi_rpc_glue( 1588): Callback received: 4 (cb_id=0x6340000 handle=1)
01-18 14:54:41.929 V/locapi_rpc_glue( 1588): +loc_api_callback_process_sync_call
01-18 14:54:41.929 V/locapi_rpc_glue( 1588): -loc_api_callback_process_sync_call, no sync call in use
01-18 14:54:41.929 D/RPC     ( 1588): written RPC packet size: [28]
01-18 14:54:41.929 D/RPC     ( 1588): read RPC packet
01-18 14:54:41.929 D/RPC     ( 1588): read RPC packet size: [272]
01-18 14:54:41.929 V/locapi_rpc_glue( 1588): Callback received: 4 (cb_id=0x6340000 handle=1)
01-18 14:54:41.929 V/locapi_rpc_glue( 1588): +loc_api_callback_process_sync_call
01-18 14:54:41.929 V/locapi_rpc_glue( 1588): -loc_api_callback_process_sync_call, no sync call in use
01-18 14:54:41.939 D/RPC     ( 1588): written RPC packet size: [28]
01-18 14:54:41.939 D/RPC     ( 1588): read RPC packet
01-18 14:54:41.939 D/RPC     ( 1588): read RPC packet size: [272]
01-18 14:54:41.939 V/locapi_rpc_glue( 1588): Callback received: 4 (cb_id=0x6340000 handle=1)
01-18 14:54:41.939 V/locapi_rpc_glue( 1588): +loc_api_callback_process_sync_call
01-18 14:54:41.939 V/locapi_rpc_glue( 1588): -loc_api_callback_process_sync_call, no sync call in use
01-18 14:54:41.939 D/RPC     ( 1588): written RPC packet size: [28]
01-18 14:54:42.560 I/System.out( 2533): Values: 0.0 0.0
01-18 14:54:42.720 D/RPC     ( 1588): read RPC packet
01-18 14:54:42.720 D/RPC     ( 1588): read RPC packet size: [208]
01-18 14:54:42.720 V/locapi_rpc_glue( 1588): Callback received: 1 (cb_id=0x6340000 handle=1)
01-18 14:54:42.720 V/locapi_rpc_glue( 1588): +loc_api_callback_process_sync_call
01-18 14:54:42.720 V/locapi_rpc_glue( 1588): -loc_api_callback_process_sync_call, no sync call in use
01-18 14:54:42.720 D/lib_locapi( 1588): loc_eng_report_position: valid mask = 0x606d, sess status = 1
01-18 14:54:42.720 D/RPC     ( 1588): written RPC packet size: [28]
01-18 14:54:42.900 D/RPC     ( 1588): read RPC packet
01-18 14:54:42.900 D/RPC     ( 1588): read RPC packet size: [272]
01-18 14:54:42.900 V/locapi_rpc_glue( 1588): Callback received: 4 (cb_id=0x6340000 handle=1)
01-18 14:54:42.900 V/locapi_rpc_glue( 1588): +loc_api_callback_process_sync_call
01-18 14:54:42.900 V/locapi_rpc_glue( 1588): -loc_api_callback_process_sync_call, no sync call in use
01-18 14:54:42.900 D/RPC     ( 1588): written RPC packet size: [28]
01-18 14:54:42.900 D/RPC     ( 1588): read RPC packet
01-18 14:54:42.900 D/RPC     ( 1588): read RPC packet size: [272]
01-18 14:54:42.900 V/locapi_rpc_glue( 1588): Callback received: 4 (cb_id=0x6340000 handle=1)
01-18 14:54:42.900 V/locapi_rpc_glue( 1588): +loc_api_callback_process_sync_call
01-18 14:54:42.900 V/locapi_rpc_glue( 1588): -loc_api_callback_process_sync_call, no sync call in use
01-18 14:54:42.900 D/RPC     ( 1588): written RPC packet size: [28]
01-18 14:54:42.900 D/RPC     ( 1588): read RPC packet
01-18 14:54:42.900 D/RPC     ( 1588): read RPC packet size: [272]
01-18 14:54:42.900 V/locapi_rpc_glue( 1588): Callback received: 4 (cb_id=0x6340000 handle=1)
01-18 14:54:42.900 V/locapi_rpc_glue( 1588): +loc_api_callback_process_sync_call
01-18 14:54:42.910 V/locapi_rpc_glue( 1588): -loc_api_callback_process_sync_call, no sync call in use
01-18 14:54:42.910 D/RPC     ( 1588): written RPC packet size: [28]
01-18 14:54:42.910 D/RPC     ( 1588): read RPC packet
01-18 14:54:42.910 D/RPC     ( 1588): read RPC packet size: [272]
01-18 14:54:42.910 V/locapi_rpc_glue( 1588): Callback received: 4 (cb_id=0x6340000 handle=1)
01-18 14:54:42.910 V/locapi_rpc_glue( 1588): +loc_api_callback_process_sync_call
01-18 14:54:42.910 V/locapi_rpc_glue( 1588): -loc_api_callback_process_sync_call, no sync call in use
01-18 14:54:42.910 D/RPC     ( 1588): written RPC packet size: [28]
01-18 14:54:42.920 D/RPC     ( 1588): read RPC packet
01-18 14:54:42.920 D/RPC     ( 1588): read RPC packet size: [216]
01-18 14:54:42.920 V/locapi_rpc_glue( 1588): Callback received: 2 (cb_id=0x6340000 handle=1)
01-18 14:54:42.920 V/locapi_rpc_glue( 1588): +loc_api_callback_process_sync_call
01-18 14:54:42.920 V/locapi_rpc_glue( 1588): -loc_api_callback_process_sync_call, no sync call in use
01-18 14:54:42.920 D/lib_locapi( 1588): loc_eng_report_sv: valid_mask = 0x30, num of sv = 3
01-18 14:54:42.920 D/GpsLocationProvider( 1588): reportSvStatus
01-18 14:54:42.920 V/GpsLocationProvider( 1588): SV count: 3 ephemerisMask: 10000000 almanacMask: 0
01-18 14:54:42.920 V/GpsLocationProvider( 1588): sv: 2 snr: 1.33 elev: 45.0 azimuth: 247.0    U
01-18 14:54:42.920 V/GpsLocationProvider( 1588): sv: 13 snr: 2.55 elev: 45.0 azimuth: 68.0    U
01-18 14:54:42.920 V/GpsLocationProvider( 1588): sv: 29 snr: 3.78 elev: 11.0 azimuth: 316.0 E  U
01-18 14:54:42.930 D/RPC     ( 1588): written RPC packet size: [28]
01-18 14:54:42.930 D/RPC     ( 1588): read RPC packet
01-18 14:54:42.930 D/RPC     ( 1588): read RPC packet size: [272]
01-18 14:54:42.930 V/locapi_rpc_glue( 1588): Callback received: 4 (cb_id=0x6340000 handle=1)
01-18 14:54:42.930 V/locapi_rpc_glue( 1588): +loc_api_callback_process_sync_call
01-18 14:54:42.930 V/locapi_rpc_glue( 1588): -loc_api_callback_process_sync_call, no sync call in use
01-18 14:54:42.930 D/RPC     ( 1588): written RPC packet size: [28]
01-18 14:54:42.930 D/RPC     ( 1588): read RPC packet
01-18 14:54:42.930 D/RPC     ( 1588): read RPC packet size: [272]
01-18 14:54:42.930 V/locapi_rpc_glue( 1588): Callback received: 4 (cb_id=0x6340000 handle=1)
01-18 14:54:42.930 V/locapi_rpc_glue( 1588): +loc_api_callback_process_sync_call
01-18 14:54:42.930 V/locapi_rpc_glue( 1588): -loc_api_callback_process_sync_call, no sync call in use
01-18 14:54:42.940 D/RPC     ( 1588): written RPC packet size: [28]
01-18 14:54:42.940 D/RPC     ( 1588): read RPC packet
01-18 14:54:42.940 D/RPC     ( 1588): read RPC packet size: [272]
01-18 14:54:42.940 V/locapi_rpc_glue( 1588): Callback received: 4 (cb_id=0x6340000 handle=1)
01-18 14:54:42.950 V/locapi_rpc_glue( 1588): +loc_api_callback_process_sync_call
01-18 14:54:42.960 V/locapi_rpc_glue( 1588): -loc_api_callback_process_sync_call, no sync call in use
01-18 14:54:42.960 D/RPC     ( 1588): written RPC packet size: [28]
01-18 14:54:42.980 D/RPC     ( 1588): read RPC packet
01-18 14:54:42.980 D/RPC     ( 1588): read RPC packet size: [272]
01-18 14:54:42.990 V/locapi_rpc_glue( 1588): Callback received: 4 (cb_id=0x6340000 handle=1)
01-18 14:54:43.000 V/locapi_rpc_glue( 1588): +loc_api_callback_process_sync_call
01-18 14:54:43.000 V/locapi_rpc_glue( 1588): -loc_api_callback_process_sync_call, no sync call in use
01-18 14:54:43.000 D/RPC     ( 1588): written RPC packet size: [28]
01-18 14:54:43.561 I/System.out( 2533): Values: 0.0 0.0
01-18 14:54:43.721 D/RPC     ( 1588): read RPC packet
01-18 14:54:43.721 D/RPC     ( 1588): read RPC packet size: [208]
01-18 14:54:43.721 V/locapi_rpc_glue( 1588): Callback received: 1 (cb_id=0x6340000 handle=1)
01-18 14:54:43.721 V/locapi_rpc_glue( 1588): +loc_api_callback_process_sync_call
01-18 14:54:43.721 V/locapi_rpc_glue( 1588): -loc_api_callback_process_sync_call, no sync call in use
01-18 14:54:43.721 D/lib_locapi( 1588): loc_eng_report_position: valid mask = 0x606d, sess status = 1
01-18 14:54:43.721 D/RPC     ( 1588): written RPC packet size: [28]
01-18 14:54:43.901 D/RPC     ( 1588): read RPC packet
01-18 14:54:43.901 D/RPC     ( 1588): read RPC packet size: [272]
01-18 14:54:43.901 V/locapi_rpc_glue( 1588): Callback received: 4 (cb_id=0x6340000 handle=1)
01-18 14:54:43.901 V/locapi_rpc_glue( 1588): +loc_api_callback_process_sync_call
01-18 14:54:43.901 V/locapi_rpc_glue( 1588): -loc_api_callback_process_sync_call, no sync call in use
01-18 14:54:43.901 D/RPC     ( 1588): written RPC packet size: [28]
01-18 14:54:43.901 D/RPC     ( 1588): read RPC packet
01-18 14:54:43.901 D/RPC     ( 1588): read RPC packet size: [272]
01-18 14:54:43.901 V/locapi_rpc_glue( 1588): Callback received: 4 (cb_id=0x6340000 handle=1)
01-18 14:54:43.901 V/locapi_rpc_glue( 1588): +loc_api_callback_process_sync_call
01-18 14:54:43.901 V/locapi_rpc_glue( 1588): -loc_api_callback_process_sync_call, no sync call in use
01-18 14:54:43.901 D/RPC     ( 1588): written RPC packet size: [28]
01-18 14:54:43.901 D/RPC     ( 1588): read RPC packet
01-18 14:54:43.901 D/RPC     ( 1588): read RPC packet size: [272]
01-18 14:54:43.901 V/locapi_rpc_glue( 1588): Callback received: 4 (cb_id=0x6340000 handle=1)
01-18 14:54:43.901 V/locapi_rpc_glue( 1588): +loc_api_callback_process_sync_call
01-18 14:54:43.901 V/locapi_rpc_glue( 1588): -loc_api_callback_process_sync_call, no sync call in use
01-18 14:54:43.911 D/RPC     ( 1588): written RPC packet size: [28]
01-18 14:54:43.911 D/RPC     ( 1588): read RPC packet
01-18 14:54:43.911 D/RPC     ( 1588): read RPC packet size: [272]
01-18 14:54:43.911 V/locapi_rpc_glue( 1588): Callback received: 4 (cb_id=0x6340000 handle=1)
01-18 14:54:43.911 V/locapi_rpc_glue( 1588): +loc_api_callback_process_sync_call
01-18 14:54:43.911 V/locapi_rpc_glue( 1588): -loc_api_callback_process_sync_call, no sync call in use
01-18 14:54:43.911 D/RPC     ( 1588): written RPC packet size: [28]
01-18 14:54:43.921 D/RPC     ( 1588): read RPC packet
01-18 14:54:43.921 D/RPC     ( 1588): read RPC packet size: [216]
01-18 14:54:43.921 V/locapi_rpc_glue( 1588): Callback received: 2 (cb_id=0x6340000 handle=1)
01-18 14:54:43.921 V/locapi_rpc_glue( 1588): +loc_api_callback_process_sync_call
01-18 14:54:43.921 V/locapi_rpc_glue( 1588): -loc_api_callback_process_sync_call, no sync call in use
01-18 14:54:43.921 D/lib_locapi( 1588): loc_eng_report_sv: valid_mask = 0x30, num of sv = 3
01-18 14:54:43.921 D/GpsLocationProvider( 1588): reportSvStatus
01-18 14:54:43.921 V/GpsLocationProvider( 1588): SV count: 3 ephemerisMask: 10000000 almanacMask: 0
01-18 14:54:43.921 V/GpsLocationProvider( 1588): sv: 2 snr: 1.25 elev: 45.0 azimuth: 247.0    U
01-18 14:54:43.921 V/GpsLocationProvider( 1588): sv: 13 snr: 2.6200001 elev: 45.0 azimuth: 68.0    U
01-18 14:54:43.921 V/GpsLocationProvider( 1588): sv: 29 snr: 3.7900002 elev: 11.0 azimuth: 316.0 E  U
01-18 14:54:43.921 D/RPC     ( 1588): written RPC packet size: [28]
01-18 14:54:43.931 D/RPC     ( 1588): read RPC packet
01-18 14:54:43.931 D/RPC     ( 1588): read RPC packet size: [272]
01-18 14:54:43.931 V/locapi_rpc_glue( 1588): Callback received: 4 (cb_id=0x6340000 handle=1)
01-18 14:54:43.931 V/locapi_rpc_glue( 1588): +loc_api_callback_process_sync_call
01-18 14:54:43.931 V/locapi_rpc_glue( 1588): -loc_api_callback_process_sync_call, no sync call in use
01-18 14:54:43.931 D/RPC     ( 1588): written RPC packet size: [28]
01-18 14:54:43.931 D/RPC     ( 1588): read RPC packet
01-18 14:54:43.931 D/RPC     ( 1588): read RPC packet size: [272]
01-18 14:54:43.931 V/locapi_rpc_glue( 1588): Callback received: 4 (cb_id=0x6340000 handle=1)
01-18 14:54:43.931 V/locapi_rpc_glue( 1588): +loc_api_callback_process_sync_call
01-18 14:54:43.931 V/locapi_rpc_glue( 1588): -loc_api_callback_process_sync_call, no sync call in use
01-18 14:54:43.931 D/RPC     ( 1588): written RPC packet size: [28]
01-18 14:54:43.941 D/RPC     ( 1588): read RPC packet
01-18 14:54:43.941 D/RPC     ( 1588): read RPC packet size: [272]
01-18 14:54:43.941 V/locapi_rpc_glue( 1588): Callback received: 4 (cb_id=0x6340000 handle=1)
01-18 14:54:43.941 V/locapi_rpc_glue( 1588): +loc_api_callback_process_sync_call
01-18 14:54:43.941 V/locapi_rpc_glue( 1588): -loc_api_callback_process_sync_call, no sync call in use
01-18 14:54:43.941 D/RPC     ( 1588): written RPC packet size: [28]
01-18 14:54:43.941 D/RPC     ( 1588): read RPC packet
01-18 14:54:43.941 D/RPC     ( 1588): read RPC packet size: [272]
01-18 14:54:43.951 V/locapi_rpc_glue( 1588): Callback received: 4 (cb_id=0x6340000 handle=1)
01-18 14:54:43.951 V/locapi_rpc_glue( 1588): +loc_api_callback_process_sync_call
01-18 14:54:43.951 V/locapi_rpc_glue( 1588): -loc_api_callback_process_sync_call, no sync call in use
01-18 14:54:43.951 D/RPC     ( 1588): written RPC packet size: [28]
01-18 14:54:44.562 I/System.out( 2533): Values: 0.0 0.0
01-18 14:54:44.722 D/RPC     ( 1588): read RPC packet
01-18 14:54:44.722 D/RPC     ( 1588): read RPC packet size: [208]
01-18 14:54:44.722 V/locapi_rpc_glue( 1588): Callback received: 1 (cb_id=0x6340000 handle=1)
01-18 14:54:44.722 V/locapi_rpc_glue( 1588): +loc_api_callback_process_sync_call
01-18 14:54:44.722 V/locapi_rpc_glue( 1588): -loc_api_callback_process_sync_call, no sync call in use
01-18 14:54:44.722 D/lib_locapi( 1588): loc_eng_report_position: valid mask = 0x606d, sess status = 1
01-18 14:54:44.722 D/RPC     ( 1588): written RPC packet size: [28]
01-18 14:54:44.902 D/RPC     ( 1588): read RPC packet
01-18 14:54:44.902 D/RPC     ( 1588): read RPC packet size: [272]
01-18 14:54:44.902 V/locapi_rpc_glue( 1588): Callback received: 4 (cb_id=0x6340000 handle=1)
01-18 14:54:44.902 V/locapi_rpc_glue( 1588): +loc_api_callback_process_sync_call
01-18 14:54:44.902 V/locapi_rpc_glue( 1588): -loc_api_callback_process_sync_call, no sync call in use
01-18 14:54:44.902 D/RPC     ( 1588): written RPC packet size: [28]
01-18 14:54:44.902 D/RPC     ( 1588): read RPC packet
01-18 14:54:44.902 D/RPC     ( 1588): read RPC packet size: [272]
01-18 14:54:44.902 V/locapi_rpc_glue( 1588): Callback received: 4 (cb_id=0x6340000 handle=1)
01-18 14:54:44.902 V/locapi_rpc_glue( 1588): +loc_api_callback_process_sync_call
01-18 14:54:44.902 V/locapi_rpc_glue( 1588): -loc_api_callback_process_sync_call, no sync call in use
01-18 14:54:44.902 D/RPC     ( 1588): written RPC packet size: [28]
01-18 14:54:44.902 D/RPC     ( 1588): read RPC packet
01-18 14:54:44.902 D/RPC     ( 1588): read RPC packet size: [272]
01-18 14:54:44.912 V/locapi_rpc_glue( 1588): Callback received: 4 (cb_id=0x6340000 handle=1)
01-18 14:54:44.912 V/locapi_rpc_glue( 1588): +loc_api_callback_process_sync_call
01-18 14:54:44.912 V/locapi_rpc_glue( 1588): -loc_api_callback_process_sync_call, no sync call in use
01-18 14:54:44.912 D/RPC     ( 1588): written RPC packet size: [28]
01-18 14:54:44.912 D/RPC     ( 1588): read RPC packet
01-18 14:54:44.912 D/RPC     ( 1588): read RPC packet size: [272]
01-18 14:54:44.912 V/locapi_rpc_glue( 1588): Callback received: 4 (cb_id=0x6340000 handle=1)
01-18 14:54:44.912 V/locapi_rpc_glue( 1588): +loc_api_callback_process_sync_call
01-18 14:54:44.912 V/locapi_rpc_glue( 1588): -loc_api_callback_process_sync_call, no sync call in use
01-18 14:54:44.912 D/RPC     ( 1588): written RPC packet size: [28]
01-18 14:54:44.922 D/RPC     ( 1588): read RPC packet
01-18 14:54:44.922 D/RPC     ( 1588): read RPC packet size: [216]
01-18 14:54:44.922 V/locapi_rpc_glue( 1588): Callback received: 2 (cb_id=0x6340000 handle=1)
01-18 14:54:44.922 V/locapi_rpc_glue( 1588): +loc_api_callback_process_sync_call
01-18 14:54:44.922 V/locapi_rpc_glue( 1588): -loc_api_callback_process_sync_call, no sync call in use
01-18 14:54:44.922 D/lib_locapi( 1588): loc_eng_report_sv: valid_mask = 0x30, num of sv = 3
01-18 14:54:44.922 D/GpsLocationProvider( 1588): reportSvStatus
01-18 14:54:44.922 V/GpsLocationProvider( 1588): SV count: 3 ephemerisMask: 10000000 almanacMask: 0
01-18 14:54:44.922 V/GpsLocationProvider( 1588): sv: 2 snr: 1.25 elev: 45.0 azimuth: 247.0    U
01-18 14:54:44.922 V/GpsLocationProvider( 1588): sv: 13 snr: 2.6 elev: 45.0 azimuth: 68.0    U
01-18 14:54:44.932 V/GpsLocationProvider( 1588): sv: 29 snr: 3.78 elev: 11.0 azimuth: 316.0 E  U
01-18 14:54:44.932 D/RPC     ( 1588): written RPC packet size: [28]
01-18 14:54:44.932 D/RPC     ( 1588): read RPC packet
01-18 14:54:44.932 D/RPC     ( 1588): read RPC packet size: [272]
01-18 14:54:44.932 V/locapi_rpc_glue( 1588): Callback received: 4 (cb_id=0x6340000 handle=1)
01-18 14:54:44.932 V/locapi_rpc_glue( 1588): +loc_api_callback_process_sync_call
01-18 14:54:44.932 V/locapi_rpc_glue( 1588): -loc_api_callback_process_sync_call, no sync call in use
01-18 14:54:44.932 D/RPC     ( 1588): written RPC packet size: [28]
01-18 14:54:44.942 D/RPC     ( 1588): read RPC packet
01-18 14:54:44.942 D/RPC     ( 1588): read RPC packet size: [272]
01-18 14:54:44.942 V/locapi_rpc_glue( 1588): Callback received: 4 (cb_id=0x6340000 handle=1)
01-18 14:54:44.942 V/locapi_rpc_glue( 1588): +loc_api_callback_process_sync_call
01-18 14:54:44.942 V/locapi_rpc_glue( 1588): -loc_api_callback_process_sync_call, no sync call in use
01-18 14:54:44.942 D/RPC     ( 1588): written RPC packet size: [28]
01-18 14:54:44.942 D/RPC     ( 1588): read RPC packet
01-18 14:54:44.942 D/RPC     ( 1588): read RPC packet size: [272]
01-18 14:54:44.942 V/locapi_rpc_glue( 1588): Callback received: 4 (cb_id=0x6340000 handle=1)
01-18 14:54:44.942 V/locapi_rpc_glue( 1588): +loc_api_callback_process_sync_call
01-18 14:54:44.952 V/locapi_rpc_glue( 1588): -loc_api_callback_process_sync_call, no sync call in use
01-18 14:54:44.952 D/RPC     ( 1588): written RPC packet size: [28]
01-18 14:54:44.952 D/RPC     ( 1588): read RPC packet
01-18 14:54:44.952 D/RPC     ( 1588): read RPC packet size: [272]
01-18 14:54:44.952 V/locapi_rpc_glue( 1588): Callback received: 4 (cb_id=0x6340000 handle=1)
01-18 14:54:44.952 V/locapi_rpc_glue( 1588): +loc_api_callback_process_sync_call
01-18 14:54:44.952 V/locapi_rpc_glue( 1588): -loc_api_callback_process_sync_call, no sync call in use
01-18 14:54:44.952 D/RPC     ( 1588): written RPC packet size: [28]
01-18 14:54:45.553 I/System.out( 2533): Values: 0.0 0.0
01-18 14:54:45.723 D/RPC     ( 1588): read RPC packet
01-18 14:54:45.723 D/RPC     ( 1588): read RPC packet size: [208]
01-18 14:54:45.723 V/locapi_rpc_glue( 1588): Callback received: 1 (cb_id=0x6340000 handle=1)
01-18 14:54:45.723 V/locapi_rpc_glue( 1588): +loc_api_callback_process_sync_call
01-18 14:54:45.723 V/locapi_rpc_glue( 1588): -loc_api_callback_process_sync_call, no sync call in use
01-18 14:54:45.723 D/lib_locapi( 1588): loc_eng_report_position: valid mask = 0x606d, sess status = 1
01-18 14:54:45.723 D/RPC     ( 1588): written RPC packet size: [28]
01-18 14:54:45.893 D/RPC     ( 1588): read RPC packet
01-18 14:54:45.893 D/RPC     ( 1588): read RPC packet size: [272]
01-18 14:54:45.893 V/locapi_rpc_glue( 1588): Callback received: 4 (cb_id=0x6340000 handle=1)
01-18 14:54:45.893 V/locapi_rpc_glue( 1588): +loc_api_callback_process_sync_call
01-18 14:54:45.893 V/locapi_rpc_glue( 1588): -loc_api_callback_process_sync_call, no sync call in use
01-18 14:54:45.893 D/RPC     ( 1588): written RPC packet size: [28]
01-18 14:54:45.903 D/RPC     ( 1588): read RPC packet
01-18 14:54:45.903 D/RPC     ( 1588): read RPC packet size: [272]
01-18 14:54:45.903 V/locapi_rpc_glue( 1588): Callback received: 4 (cb_id=0x6340000 handle=1)
01-18 14:54:45.903 V/locapi_rpc_glue( 1588): +loc_api_callback_process_sync_call
01-18 14:54:45.903 V/locapi_rpc_glue( 1588): -loc_api_callback_process_sync_call, no sync call in use
01-18 14:54:45.903 D/RPC     ( 1588): written RPC packet size: [28]
01-18 14:54:45.903 D/RPC     ( 1588): read RPC packet
01-18 14:54:45.903 D/RPC     ( 1588): read RPC packet size: [272]
01-18 14:54:45.913 V/locapi_rpc_glue( 1588): Callback received: 4 (cb_id=0x6340000 handle=1)
01-18 14:54:45.913 V/locapi_rpc_glue( 1588): +loc_api_callback_process_sync_call
01-18 14:54:45.913 V/locapi_rpc_glue( 1588): -loc_api_callback_process_sync_call, no sync call in use
01-18 14:54:45.913 D/RPC     ( 1588): written RPC packet size: [28]
01-18 14:54:45.913 D/RPC     ( 1588): read RPC packet
01-18 14:54:45.913 D/RPC     ( 1588): read RPC packet size: [272]
01-18 14:54:45.913 V/locapi_rpc_glue( 1588): Callback received: 4 (cb_id=0x6340000 handle=1)
01-18 14:54:45.913 V/locapi_rpc_glue( 1588): +loc_api_callback_process_sync_call
01-18 14:54:45.913 V/locapi_rpc_glue( 1588): -loc_api_callback_process_sync_call, no sync call in use
01-18 14:54:45.913 D/RPC     ( 1588): written RPC packet size: [28]
01-18 14:54:45.923 D/RPC     ( 1588): read RPC packet
01-18 14:54:45.923 D/RPC     ( 1588): read RPC packet size: [216]
01-18 14:54:45.923 V/locapi_rpc_glue( 1588): Callback received: 2 (cb_id=0x6340000 handle=1)
01-18 14:54:45.923 V/locapi_rpc_glue( 1588): +loc_api_callback_process_sync_call
01-18 14:54:45.923 V/locapi_rpc_glue( 1588): -loc_api_callback_process_sync_call, no sync call in use
01-18 14:54:45.923 D/lib_locapi( 1588): loc_eng_report_sv: valid_mask = 0x30, num of sv = 3
01-18 14:54:45.923 D/GpsLocationProvider( 1588): reportSvStatus
01-18 14:54:45.923 V/GpsLocationProvider( 1588): SV count: 3 ephemerisMask: 10000000 almanacMask: 0
01-18 14:54:45.923 V/GpsLocationProvider( 1588): sv: 2 snr: 1.25 elev: 45.0 azimuth: 247.0    U
01-18 14:54:45.923 V/GpsLocationProvider( 1588): sv: 13 snr: 2.65 elev: 45.0 azimuth: 68.0    U
01-18 14:54:45.923 V/GpsLocationProvider( 1588): sv: 29 snr: 3.78 elev: 10.0 azimuth: 314.0 E  U
01-18 14:54:45.933 D/RPC     ( 1588): written RPC packet size: [28]
01-18 14:54:45.933 D/RPC     ( 1588): read RPC packet
01-18 14:54:45.933 D/RPC     ( 1588): read RPC packet size: [272]
01-18 14:54:45.933 V/locapi_rpc_glue( 1588): Callback received: 4 (cb_id=0x6340000 handle=1)
01-18 14:54:45.933 V/locapi_rpc_glue( 1588): +loc_api_callback_process_sync_call
01-18 14:54:45.933 V/locapi_rpc_glue( 1588): -loc_api_callback_process_sync_call, no sync call in use
01-18 14:54:45.933 D/RPC     ( 1588): written RPC packet size: [28]
01-18 14:54:45.943 D/RPC     ( 1588): read RPC packet
01-18 14:54:45.943 D/RPC     ( 1588): read RPC packet size: [272]
01-18 14:54:45.943 V/locapi_rpc_glue( 1588): Callback received: 4 (cb_id=0x6340000 handle=1)
01-18 14:54:45.943 V/locapi_rpc_glue( 1588): +loc_api_callback_process_sync_call
01-18 14:54:45.943 V/locapi_rpc_glue( 1588): -loc_api_callback_process_sync_call, no sync call in use
01-18 14:54:45.943 D/RPC     ( 1588): written RPC packet size: [28]
01-18 14:54:45.943 D/RPC     ( 1588): read RPC packet
01-18 14:54:45.943 D/RPC     ( 1588): read RPC packet size: [272]
01-18 14:54:45.943 V/locapi_rpc_glue( 1588): Callback received: 4 (cb_id=0x6340000 handle=1)
01-18 14:54:45.943 V/locapi_rpc_glue( 1588): +loc_api_callback_process_sync_call
01-18 14:54:45.943 V/locapi_rpc_glue( 1588): -loc_api_callback_process_sync_call, no sync call in use
01-18 14:54:45.953 D/RPC     ( 1588): written RPC packet size: [28]
01-18 14:54:45.953 D/RPC     ( 1588): read RPC packet
01-18 14:54:45.953 D/RPC     ( 1588): read RPC packet size: [272]
01-18 14:54:45.953 V/locapi_rpc_glue( 1588): Callback received: 4 (cb_id=0x6340000 handle=1)
01-18 14:54:45.953 V/locapi_rpc_glue( 1588): +loc_api_callback_process_sync_call
01-18 14:54:45.953 V/locapi_rpc_glue( 1588): -loc_api_callback_process_sync_call, no sync call in use
01-18 14:54:45.953 D/RPC     ( 1588): written RPC packet size: [28]
01-18 14:54:46.564 I/System.out( 2533): Values: 0.0 0.0
01-18 14:54:46.724 D/RPC     ( 1588): read RPC packet
01-18 14:54:46.724 D/RPC     ( 1588): read RPC packet size: [208]
01-18 14:54:46.724 V/locapi_rpc_glue( 1588): Callback received: 1 (cb_id=0x6340000 handle=1)
01-18 14:54:46.724 V/locapi_rpc_glue( 1588): +loc_api_callback_process_sync_call
01-18 14:54:46.724 V/locapi_rpc_glue( 1588): -loc_api_callback_process_sync_call, no sync call in use
01-18 14:54:46.724 D/lib_locapi( 1588): loc_eng_report_position: valid mask = 0x606d, sess status = 1
01-18 14:54:46.724 D/RPC     ( 1588): written RPC packet size: [28]
01-18 14:54:46.894 D/RPC     ( 1588): read RPC packet
01-18 14:54:46.894 D/RPC     ( 1588): read RPC packet size: [272]
01-18 14:54:46.894 V/locapi_rpc_glue( 1588): Callback received: 4 (cb_id=0x6340000 handle=1)
01-18 14:54:46.894 V/locapi_rpc_glue( 1588): +loc_api_callback_process_sync_call
01-18 14:54:46.894 V/locapi_rpc_glue( 1588): -loc_api_callback_process_sync_call, no sync call in use
01-18 14:54:46.894 D/RPC     ( 1588): written RPC packet size: [28]
01-18 14:54:46.904 D/RPC     ( 1588): read RPC packet
01-18 14:54:46.904 D/RPC     ( 1588): read RPC packet size: [272]
01-18 14:54:46.904 V/locapi_rpc_glue( 1588): Callback received: 4 (cb_id=0x6340000 handle=1)
01-18 14:54:46.904 V/locapi_rpc_glue( 1588): +loc_api_callback_process_sync_call
01-18 14:54:46.904 V/locapi_rpc_glue( 1588): -loc_api_callback_process_sync_call, no sync call in use
01-18 14:54:46.904 D/RPC     ( 1588): written RPC packet size: [28]
01-18 14:54:46.904 D/RPC     ( 1588): read RPC packet
01-18 14:54:46.914 D/RPC     ( 1588): read RPC packet size: [272]
01-18 14:54:46.914 V/locapi_rpc_glue( 1588): Callback received: 4 (cb_id=0x6340000 handle=1)
01-18 14:54:46.914 V/locapi_rpc_glue( 1588): +loc_api_callback_process_sync_call
01-18 14:54:46.914 V/locapi_rpc_glue( 1588): -loc_api_callback_process_sync_call, no sync call in use
01-18 14:54:46.914 D/RPC     ( 1588): written RPC packet size: [28]
01-18 14:54:46.914 D/RPC     ( 1588): read RPC packet
01-18 14:54:46.914 D/RPC     ( 1588): read RPC packet size: [272]
01-18 14:54:46.914 V/locapi_rpc_glue( 1588): Callback received: 4 (cb_id=0x6340000 handle=1)
01-18 14:54:46.914 V/locapi_rpc_glue( 1588): +loc_api_callback_process_sync_call
01-18 14:54:46.914 V/locapi_rpc_glue( 1588): -loc_api_callback_process_sync_call, no sync call in use
01-18 14:54:46.914 D/RPC     ( 1588): written RPC packet size: [28]
01-18 14:54:46.924 D/RPC     ( 1588): read RPC packet
01-18 14:54:46.924 D/RPC     ( 1588): read RPC packet size: [216]
01-18 14:54:46.924 V/locapi_rpc_glue( 1588): Callback received: 2 (cb_id=0x6340000 handle=1)
01-18 14:54:46.924 V/locapi_rpc_glue( 1588): +loc_api_callback_process_sync_call
01-18 14:54:46.924 V/locapi_rpc_glue( 1588): -loc_api_callback_process_sync_call, no sync call in use
01-18 14:54:46.924 D/lib_locapi( 1588): loc_eng_report_sv: valid_mask = 0x30, num of sv = 3
01-18 14:54:46.924 D/GpsLocationProvider( 1588): reportSvStatus
01-18 14:54:46.924 V/GpsLocationProvider( 1588): SV count: 3 ephemerisMask: 10000000 almanacMask: 0
01-18 14:54:46.924 V/GpsLocationProvider( 1588): sv: 2 snr: 1.79 elev: 45.0 azimuth: 247.0    U
01-18 14:54:46.924 V/GpsLocationProvider( 1588): sv: 13 snr: 2.6100001 elev: 45.0 azimuth: 68.0    U
01-18 14:54:46.924 V/GpsLocationProvider( 1588): sv: 29 snr: 3.78 elev: 11.0 azimuth: 316.0 E  U
01-18 14:54:46.934 D/RPC     ( 1588): written RPC packet size: [28]
01-18 14:54:46.934 D/RPC     ( 1588): read RPC packet
01-18 14:54:46.934 D/RPC     ( 1588): read RPC packet size: [272]
01-18 14:54:46.934 V/locapi_rpc_glue( 1588): Callback received: 4 (cb_id=0x6340000 handle=1)
01-18 14:54:46.934 V/locapi_rpc_glue( 1588): +loc_api_callback_process_sync_call
01-18 14:54:46.934 V/locapi_rpc_glue( 1588): -loc_api_callback_process_sync_call, no sync call in use
01-18 14:54:46.934 D/RPC     ( 1588): written RPC packet size: [28]
01-18 14:54:46.944 D/RPC     ( 1588): read RPC packet
01-18 14:54:46.944 D/RPC     ( 1588): read RPC packet size: [272]
01-18 14:54:46.944 V/locapi_rpc_glue( 1588): Callback received: 4 (cb_id=0x6340000 handle=1)
01-18 14:54:46.944 V/locapi_rpc_glue( 1588): +loc_api_callback_process_sync_call
01-18 14:54:46.944 V/locapi_rpc_glue( 1588): -loc_api_callback_process_sync_call, no sync call in use
01-18 14:54:46.944 D/RPC     ( 1588): written RPC packet size: [28]
01-18 14:54:46.944 D/RPC     ( 1588): read RPC packet
01-18 14:54:46.944 D/RPC     ( 1588): read RPC packet size: [272]
01-18 14:54:46.954 V/locapi_rpc_glue( 1588): Callback received: 4 (cb_id=0x6340000 handle=1)
01-18 14:54:46.954 V/locapi_rpc_glue( 1588): +loc_api_callback_process_sync_call
01-18 14:54:46.954 V/locapi_rpc_glue( 1588): -loc_api_callback_process_sync_call, no sync call in use
01-18 14:54:46.954 D/RPC     ( 1588): written RPC packet size: [28]
01-18 14:54:46.954 D/RPC     ( 1588): read RPC packet
01-18 14:54:46.954 D/RPC     ( 1588): read RPC packet size: [272]
01-18 14:54:46.954 V/locapi_rpc_glue( 1588): Callback received: 4 (cb_id=0x6340000 handle=1)
01-18 14:54:46.954 V/locapi_rpc_glue( 1588): +loc_api_callback_process_sync_call
01-18 14:54:46.954 V/locapi_rpc_glue( 1588): -loc_api_callback_process_sync_call, no sync call in use
01-18 14:54:46.954 D/RPC     ( 1588): written RPC packet size: [28]
01-18 14:54:47.575 I/System.out( 2533): Values: 0.0 0.0
01-18 14:54:47.735 D/RPC     ( 1588): read RPC packet
01-18 14:54:47.735 D/RPC     ( 1588): read RPC packet size: [208]
01-18 14:54:47.735 V/locapi_rpc_glue( 1588): Callback received: 1 (cb_id=0x6340000 handle=1)
01-18 14:54:47.735 V/locapi_rpc_glue( 1588): +loc_api_callback_process_sync_call
01-18 14:54:47.735 V/locapi_rpc_glue( 1588): -loc_api_callback_process_sync_call, no sync call in use
01-18 14:54:47.735 D/lib_locapi( 1588): loc_eng_report_position: valid mask = 0x606d, sess status = 1
01-18 14:54:47.735 D/RPC     ( 1588): written RPC packet size: [28]
01-18 14:54:47.895 D/RPC     ( 1588): read RPC packet
01-18 14:54:47.895 D/RPC     ( 1588): read RPC packet size: [272]
01-18 14:54:47.895 V/locapi_rpc_glue( 1588): Callback received: 4 (cb_id=0x6340000 handle=1)
01-18 14:54:47.895 V/locapi_rpc_glue( 1588): +loc_api_callback_process_sync_call
01-18 14:54:47.895 V/locapi_rpc_glue( 1588): -loc_api_callback_process_sync_call, no sync call in use
01-18 14:54:47.895 D/RPC     ( 1588): written RPC packet size: [28]
01-18 14:54:47.905 D/RPC     ( 1588): read RPC packet
01-18 14:54:47.905 D/RPC     ( 1588): read RPC packet size: [272]
01-18 14:54:47.905 V/locapi_rpc_glue( 1588): Callback received: 4 (cb_id=0x6340000 handle=1)
01-18 14:54:47.905 V/locapi_rpc_glue( 1588): +loc_api_callback_process_sync_call
01-18 14:54:47.905 V/locapi_rpc_glue( 1588): -loc_api_callback_process_sync_call, no sync call in use
01-18 14:54:47.905 D/RPC     ( 1588): written RPC packet size: [28]
01-18 14:54:47.905 D/RPC     ( 1588): read RPC packet
01-18 14:54:47.905 D/RPC     ( 1588): read RPC packet size: [272]
01-18 14:54:47.905 V/locapi_rpc_glue( 1588): Callback received: 4 (cb_id=0x6340000 handle=1)
01-18 14:54:47.905 V/locapi_rpc_glue( 1588): +loc_api_callback_process_sync_call
01-18 14:54:47.905 V/locapi_rpc_glue( 1588): -loc_api_callback_process_sync_call, no sync call in use
01-18 14:54:47.915 D/RPC     ( 1588): written RPC packet size: [28]
01-18 14:54:47.915 D/RPC     ( 1588): read RPC packet
01-18 14:54:47.915 D/RPC     ( 1588): read RPC packet size: [272]
01-18 14:54:47.915 V/locapi_rpc_glue( 1588): Callback received: 4 (cb_id=0x6340000 handle=1)
01-18 14:54:47.915 V/locapi_rpc_glue( 1588): +loc_api_callback_process_sync_call
01-18 14:54:47.915 V/locapi_rpc_glue( 1588): -loc_api_callback_process_sync_call, no sync call in use
01-18 14:54:47.915 D/RPC     ( 1588): written RPC packet size: [28]
01-18 14:54:47.915 D/RPC     ( 1588): read RPC packet
01-18 14:54:47.925 D/RPC     ( 1588): read RPC packet size: [216]
01-18 14:54:47.925 V/locapi_rpc_glue( 1588): Callback received: 2 (cb_id=0x6340000 handle=1)
01-18 14:54:47.925 V/locapi_rpc_glue( 1588): +loc_api_callback_process_sync_call
01-18 14:54:47.925 V/locapi_rpc_glue( 1588): -loc_api_callback_process_sync_call, no sync call in use
01-18 14:54:47.925 D/lib_locapi( 1588): loc_eng_report_sv: valid_mask = 0x30, num of sv = 3
01-18 14:54:47.925 D/GpsLocationProvider( 1588): reportSvStatus
01-18 14:54:47.925 V/GpsLocationProvider( 1588): SV count: 3 ephemerisMask: 10000000 almanacMask: 0
01-18 14:54:47.925 V/GpsLocationProvider( 1588): sv: 2 snr: 1.82 elev: 45.0 azimuth: 247.0    U
01-18 14:54:47.925 V/GpsLocationProvider( 1588): sv: 13 snr: 2.6399999 elev: 45.0 azimuth: 68.0    U
01-18 14:54:47.925 V/GpsLocationProvider( 1588): sv: 29 snr: 3.78 elev: 11.0 azimuth: 316.0 E  U
01-18 14:54:47.935 D/RPC     ( 1588): written RPC packet size: [28]
01-18 14:54:47.935 D/RPC     ( 1588): read RPC packet
01-18 14:54:47.935 D/RPC     ( 1588): read RPC packet size: [272]
01-18 14:54:47.935 V/locapi_rpc_glue( 1588): Callback received: 4 (cb_id=0x6340000 handle=1)
01-18 14:54:47.935 V/locapi_rpc_glue( 1588): +loc_api_callback_process_sync_call
01-18 14:54:47.935 V/locapi_rpc_glue( 1588): -loc_api_callback_process_sync_call, no sync call in use
01-18 14:54:47.935 D/RPC     ( 1588): written RPC packet size: [28]
01-18 14:54:47.945 D/RPC     ( 1588): read RPC packet
01-18 14:54:47.945 D/RPC     ( 1588): read RPC packet size: [272]
01-18 14:54:47.945 V/locapi_rpc_glue( 1588): Callback received: 4 (cb_id=0x6340000 handle=1)
01-18 14:54:47.945 V/locapi_rpc_glue( 1588): +loc_api_callback_process_sync_call
01-18 14:54:47.945 V/locapi_rpc_glue( 1588): -loc_api_callback_process_sync_call, no sync call in use
01-18 14:54:47.945 D/RPC     ( 1588): written RPC packet size: [28]
01-18 14:54:47.945 D/RPC     ( 1588): read RPC packet
01-18 14:54:47.945 D/RPC     ( 1588): read RPC packet size: [272]
01-18 14:54:47.945 V/locapi_rpc_glue( 1588): Callback received: 4 (cb_id=0x6340000 handle=1)
01-18 14:54:47.955 V/locapi_rpc_glue( 1588): +loc_api_callback_process_sync_call
01-18 14:54:47.955 V/locapi_rpc_glue( 1588): -loc_api_callback_process_sync_call, no sync call in use
01-18 14:54:47.955 D/RPC     ( 1588): written RPC packet size: [28]
01-18 14:54:47.955 D/RPC     ( 1588): read RPC packet
01-18 14:54:47.955 D/RPC     ( 1588): read RPC packet size: [272]
01-18 14:54:47.955 V/locapi_rpc_glue( 1588): Callback received: 4 (cb_id=0x6340000 handle=1)
01-18 14:54:47.955 V/locapi_rpc_glue( 1588): +loc_api_callback_process_sync_call
01-18 14:54:47.955 V/locapi_rpc_glue( 1588): -loc_api_callback_process_sync_call, no sync call in use
01-18 14:54:47.955 D/RPC     ( 1588): written RPC packet size: [28]
01-18 14:54:48.266 I/ActivityManager( 1588): Start to apply OOP
01-18 14:54:48.576 I/System.out( 2533): Values: 0.0 0.0
01-18 14:54:48.726 D/RPC     ( 1588): read RPC packet
01-18 14:54:48.726 D/RPC     ( 1588): read RPC packet size: [208]
01-18 14:54:48.726 V/locapi_rpc_glue( 1588): Callback received: 1 (cb_id=0x6340000 handle=1)
01-18 14:54:48.726 V/locapi_rpc_glue( 1588): +loc_api_callback_process_sync_call
01-18 14:54:48.726 V/locapi_rpc_glue( 1588): -loc_api_callback_process_sync_call, no sync call in use
01-18 14:54:48.726 D/lib_locapi( 1588): loc_eng_report_position: valid mask = 0x606d, sess status = 1
01-18 14:54:48.726 D/RPC     ( 1588): written RPC packet size: [28]
01-18 14:54:48.896 D/RPC     ( 1588): read RPC packet
01-18 14:54:48.896 D/RPC     ( 1588): read RPC packet size: [272]
01-18 14:54:48.896 V/locapi_rpc_glue( 1588): Callback received: 4 (cb_id=0x6340000 handle=1)
01-18 14:54:48.896 V/locapi_rpc_glue( 1588): +loc_api_callback_process_sync_call
01-18 14:54:48.896 V/locapi_rpc_glue( 1588): -loc_api_callback_process_sync_call, no sync call in use
01-18 14:54:48.896 D/RPC     ( 1588): written RPC packet size: [28]
01-18 14:54:48.906 D/RPC     ( 1588): read RPC packet
01-18 14:54:48.906 D/RPC     ( 1588): read RPC packet size: [272]
01-18 14:54:48.906 V/locapi_rpc_glue( 1588): Callback received: 4 (cb_id=0x6340000 handle=1)
01-18 14:54:48.906 V/locapi_rpc_glue( 1588): +loc_api_callback_process_sync_call
01-18 14:54:48.906 V/locapi_rpc_glue( 1588): -loc_api_callback_process_sync_call, no sync call in use
01-18 14:54:48.906 D/RPC     ( 1588): written RPC packet size: [28]
01-18 14:54:48.906 D/RPC     ( 1588): read RPC packet
01-18 14:54:48.906 D/RPC     ( 1588): read RPC packet size: [272]
01-18 14:54:48.906 V/locapi_rpc_glue( 1588): Callback received: 4 (cb_id=0x6340000 handle=1)
01-18 14:54:48.906 V/locapi_rpc_glue( 1588): +loc_api_callback_process_sync_call
01-18 14:54:48.906 V/locapi_rpc_glue( 1588): -loc_api_callback_process_sync_call, no sync call in use
