--------- beginning of /dev/log/main
01-13 17:50:58.998 I/power   ( 1574): *** set_screen_state 0
01-13 17:50:58.998 D/PowerManagerService( 1574): setScreenStateLocked++, on: false, err: 0
01-13 17:50:59.008 D/PowerManagerService( 1574): setScreenStateLocked, turn off the button light 
01-13 17:50:59.008 D/lights  ( 1574): set_light_buttons_func: on=0 brightness=0
01-13 17:50:59.018 D/lights  ( 1574): set_rotated_rgb_led: on=0 brightness=0
01-13 17:50:59.018 D/lights  ( 1574): [LedInfo] write attr ok name=/sys/class/leds/amber-portrait/brightness string=0,len=1
01-13 17:50:59.018 D/lights  ( 1574): set_rotated_rgb_led: on=0 brightness=0
01-13 17:50:59.018 D/lights  ( 1574): [LedInfo] write attr ok name=/sys/class/leds/green-portrait/brightness string=0,len=1
01-13 17:50:59.018 D/lights  ( 1574): set_rotated_rgb_led: on=0 brightness=0
01-13 17:50:59.018 E/lights  ( 1574): [LedErr] open attr failed name=/sys/class/leds/blue-portrait/brightness errno: 2
01-13 17:50:59.028 V/KeyguardViewMediator( 1574): password timeout now
01-13 17:50:59.028 D/HtcLockScreen( 1574): createPatternUnlockScreen() ...
01-13 17:50:59.028 D/HtcLockScreen( 1574): packageInfo - PackageInfo{4100fc30 com.htc.lockscreen}
01-13 17:50:59.028 D/Sensors ( 1574): Enable akm: en = 0
01-13 17:50:59.098 D/HostWidgetManager( 1679): pauseWidgets: 2
01-13 17:50:59.098 D/PhoneWindow( 1679): couldn't save which view has focus because the focused view android.widget.RelativeLayout@407c1540 has no id.
01-13 17:50:59.108 D/UsbnetService( 1574): BroadcastReceiver::onReceive+
01-13 17:50:59.108 D/UsbnetService( 1574): onReceive SCREEN_OFF
--------- beginning of /dev/log/system
01-13 17:50:59.108 D/AlarmManager( 1574): ACTION_SCREEN_OFF
01-13 17:50:59.128 D/RemoveMe( 1669): DCT got intent android.intent.action.SCREEN_OFF
01-13 17:50:59.128 D/DataConnectionTracker( 1669): power saving case 6
01-13 17:50:59.128 D/ConnectivityService( 1574): getMobileDataEnabled returning false
01-13 17:50:59.138 D/DataConnectionTracker( 1669): power saving case 6
01-13 17:50:59.138 D/RemoveMe( 1669): DCT got intent android.intent.action.SCREEN_OFF
01-13 17:50:59.138 D/RemoveMe( 1669): DCT got intent android.intent.action.SCREEN_OFF
01-13 17:50:59.138 D/ConnectivityService( 1574): getMobileDataEnabled returning false
01-13 17:50:59.148 I/TabletStatusBar( 1647): DISABLE_CLOCK: yes
01-13 17:50:59.148 I/TabletStatusBar( 1647): DISABLE_EXPAND: yes
01-13 17:50:59.148 I/TabletStatusBar( 1647): DISABLE_NAVIGATION: yes
01-13 17:50:59.178 D/AutoSetting( 1765): service - mHandler: cancel location update
01-13 17:50:59.198 D/SurfaceFlinger( 1438): getTokenForSurface(0xab67c) => 0 (client=0xa2580, bitmap=00000003), pid=1574
01-13 17:50:59.198 D/msm7x30.gralloc( 1438): gpu_context_t::getGrallocInformationFromFormat  1 
01-13 17:50:59.208 D/ContactMessageStore( 1669): start background delete task...
01-13 17:50:59.208 D/AutoSetting( 1765): service -           changes count: 0
01-13 17:50:59.218 D/ContactMessageStore( 1669): size: 0 , 0
01-13 17:50:59.238 D/AK8975  ( 1448): Compass CLOSE 
01-13 17:50:59.238 D/dalvikvm( 1688): GC_EXPLICIT freed 7K, 8% free 7014K/7623K, paused 1ms+1ms
01-13 17:50:59.258 D/SurfaceFlinger( 1438): About to give-up screen, flinger = 0xa830
01-13 17:50:59.268 W/msm7x30.hwcomposer( 1438): hwc_set invalid context or list
01-13 17:50:59.268 D/msm7x30.hwcomposer( 1438): HWC called FB enableHDMIOutput(0)
01-13 17:50:59.268 D/dalvikvm( 1688): GC_EXPLICIT freed 1K, 8% free 7014K/7623K, paused 1ms+2ms
01-13 17:50:59.268 I/TabletStatusBar( 1647): DISABLE_BACK: yes
01-13 17:50:59.328 D/ContactMessageStore( 1669): Background delete complete
01-13 17:50:59.338 D/SurfaceFlinger( 1438): getTokenForSurface(0xaf2f4) => 0 (client=0xa9430, bitmap=00000001), pid=1688
01-13 17:50:59.338 D/msm7x30.gralloc( 1438): gpu_context_t::getGrallocInformationFromFormat  1 
01-13 17:50:59.358 D/IdleScreen_base( 1688): onRingUnlockEnd
01-13 17:50:59.388 D/msm7x30.gralloc( 1438): gpu_context_t::getGrallocInformationFromFormat  1 
01-13 17:51:00.800 D/KeyguardViewMediator( 1574): wakeWhenReadyLocked(26)
01-13 17:51:00.800 I/power   ( 1574): *** set_screen_state 1
01-13 17:51:00.810 D/PowerManagerService( 1574): setScreenStateLocked++, on: true, err: 0
01-13 17:51:00.810 D/lights  ( 1574): set_light_buttons_func: on=16777215 brightness=255
01-13 17:51:00.810 D/lights  ( 1574): set_rotated_rgb_led: on=0 brightness=0
01-13 17:51:00.810 D/lights  ( 1574): [LedInfo] write attr ok name=/sys/class/leds/amber-portrait/brightness string=0,len=1
01-13 17:51:00.810 D/lights  ( 1574): set_rotated_rgb_led: on=1 brightness=255
01-13 17:51:00.810 D/lights  ( 1574): [LedInfo] write attr ok name=/sys/class/leds/green-portrait/brightness string=255,len=3
01-13 17:51:00.810 D/lights  ( 1574): set_rotated_rgb_led: on=0 brightness=0
01-13 17:51:00.810 E/lights  ( 1574): [LedErr] open attr failed name=/sys/class/leds/blue-portrait/brightness errno: 2
01-13 17:51:00.810 D/Sensors ( 1574): Enable akm: en = 1
01-13 17:51:00.810 D/PowerManagerService( 1574): button light setOrientation:-1
01-13 17:51:00.810 D/PowerManagerService( 1574): setPenMenuButtonLed: 2
01-13 17:51:00.810 D/PowerManagerService( 1574): Set pen menu button led (amber, green, blue) = 0, -1, 0), portrait = true
01-13 17:51:00.820 D/Launcher.Model( 1679): updateAppUsageStatCache +
01-13 17:51:00.820 D/Launcher.Model( 1679): updateAppUsageStatCache - diff: 2
01-13 17:51:00.850 D/PREF    ( 1679): setWidgetTilt .FriendStreamLarge2Widget : 22
01-13 17:51:00.850 D/AlarmManager( 1574): ACTION_SCREEN_ON
01-13 17:51:00.860 D/SurfaceFlinger( 1438): Screen about to return, flinger = 0xa830
01-13 17:51:00.860 D/msm7x30.hwcomposer( 1438): HWC called FB enableHDMIOutput(0)
01-13 17:51:00.860 D/UsbnetService( 1574): BroadcastReceiver::onReceive+
01-13 17:51:00.860 D/UsbnetService( 1574): onReceive SCREEN_ON
01-13 17:51:00.860 D/UsbnetService( 1574): BroadcastReceiver::onReceive-
01-13 17:51:00.870 D/HostWidgetManager( 1679): onResumeInKeyguard: 2
01-13 17:51:00.870 D/FxWorkspace( 1679): prepareUnlockAnimation
01-13 17:51:00.870 D/FxWorkspaceClient( 1679): showAllScreens()
01-13 17:51:00.880 D/FxWorkspaceClient( 1679): freezeAllScreens
01-13 17:51:00.880 D/UnlockAnimator( 1679): setFrame: unlock_to_03
01-13 17:51:00.890 D/Rotate.Performance( 1679): FxWorkspace.show()
01-13 17:51:00.910 D/RemoveMe( 1669): DCT got intent android.intent.action.SCREEN_ON
01-13 17:51:00.910 D/ConnectivityService( 1574): getMobileDataEnabled returning false
01-13 17:51:00.910 D/ConnectivityService( 1574): getMobileDataEnabled returning false
01-13 17:51:00.920 D/AK8975  ( 1448): Compass Start
01-13 17:51:00.920 D/RemoveMe( 1669): DCT got intent android.intent.action.SCREEN_ON
01-13 17:51:00.930 D/RemoveMe( 1669): DCT got intent android.intent.action.SCREEN_ON
01-13 17:51:02.061 D/HtcLockScreen3.0( 1574): HtcLockScreen: onInterceptTouchEvent ACTION_DOWN
01-13 17:51:02.541 D/HtcLockScreen3.0( 1574): HtcLockScreen: onInterceptTouchEvent ACTION_UP
01-13 17:51:02.551 D/IdleScreen_base( 1688): onRingUnlockStart
01-13 17:51:02.862 D/KeyguardViewManager( 1574): hide()
01-13 17:51:02.862 I/TabletStatusBar( 1647): DISABLE_CLOCK: no
01-13 17:51:02.862 I/TabletStatusBar( 1647): DISABLE_NAVIGATION: no
01-13 17:51:02.872 D/MyHTC   ( 1882): PoweronReceiver.onReceive(): intent=android.intent.action.USER_PRESENT
01-13 17:51:02.892 D/FxWorkspace( 1679): unlockAnimation
01-13 17:51:02.892 D/FxWorkspace( 1679): onUnlockAnimationStart()
01-13 17:51:02.892 D/UnlockAnimator( 1679): playMarker: unlock_to_03
01-13 17:51:02.892 D/FxWorkspaceClient( 1679): showAllScreens()
01-13 17:51:02.892 D/Rotate.Performance( 1679): FxWorkspace.show()
01-13 17:51:02.902 D/Twitter-MessageReceiver( 2457): action android.intent.action.USER_PRESENT
01-13 17:51:02.912 D/msm7x30.gralloc( 1438): gpu_context_t::getGrallocInformationFromFormat  1 
01-13 17:51:02.932 D/SyncProvider( 2457): match settings
01-13 17:51:02.932 W/InputManagerService( 1574): Window already focused, ignoring focus gain of: com.android.internal.view.IInputMethodClient$Stub$Proxy@40c23d60
01-13 17:51:02.942 D/FacebookReceiver( 2457): Intent.ACTION_USER_PRESENT SyncInterval=3600000,currTime=1389635462938
01-13 17:51:02.942 D/FacebookReceiver( 2457): Intent.ACTION_USER_PRESENT lastStreamSyncTime=1389635462949,lastFriendSyncTime=1389635462949
01-13 17:51:02.952 D/SyncProvider( 2457): match settings
01-13 17:51:02.962 D/FlickrReceiver( 2457): Intent.ACTION_USER_PRESENT SyncInterval=3600000,currTime=1389635462958
01-13 17:51:02.962 D/FlickrReceiver( 2457): Intent.ACTION_USER_PRESENT lastStreamSyncTime=1389635462963,lastFriendSyncTime=1389635462963
01-13 17:51:02.992 D/SurfaceFlinger( 1438): virtual void android::Layer::onRemoved(): lcblk (identity=19, status=0, token=0)
01-13 17:51:02.992 I/TabletStatusBar( 1647): DISABLE_BACK: no
01-13 17:51:03.002 D/Sensors ( 1574): Enable akm: en = 0
01-13 17:51:03.012 D/SurfaceFlinger( 1438): virtual void android::Layer::onRemoved(): lcblk (identity=20, status=0, token=0)
01-13 17:51:03.072 D/dalvikvm( 1688): GC_EXPLICIT freed 153K, 8% free 7015K/7623K, paused 1ms+3ms
01-13 17:51:03.112 D/dalvikvm( 1688): GC_EXPLICIT freed 2K, 9% free 7013K/7623K, paused 1ms+2ms
01-13 17:51:03.162 D/dalvikvm( 1688): GC_EXPLICIT freed 6K, 9% free 7013K/7623K, paused 2ms+1ms
01-13 17:51:03.192 D/SyncProvider( 2457): match settings
01-13 17:51:03.202 D/dalvikvm( 1688): GC_EXPLICIT freed 1K, 9% free 7013K/7623K, paused 1ms+4ms
01-13 17:51:03.202 D/AK8975  ( 1448): Compass CLOSE 
01-13 17:51:03.412 D/dalvikvm( 1688): GC_EXPLICIT freed 2K, 9% free 7013K/7623K, paused 1ms+6ms
01-13 17:51:03.452 D/dalvikvm( 1688): GC_EXPLICIT freed 1K, 9% free 7013K/7623K, paused 2ms+2ms
01-13 17:51:03.893 D/FxWorkspace( 1679): onUnlockAnimationEnd()
01-13 17:51:03.893 D/HostWidgetManager( 1679): onUserPresent: 2
01-13 17:51:03.893 D/HostWidgetManager( 1679): resumeWidgets: 2 sort: true
01-13 17:51:03.893 D/FxWorkspace( 1679): changeScreensVisibility
01-13 17:51:03.893 D/FxWorkspace( 1679): changeScreensVisibility
01-13 17:51:04.403 D/Sensors ( 1574): Enable akm: en = 1
01-13 17:51:04.413 D/AK8975  ( 1448): Compass Start
01-13 17:51:04.754 D/AndroidRuntime( 2590): 
01-13 17:51:04.754 D/AndroidRuntime( 2590): >>>>>> AndroidRuntime START com.android.internal.os.RuntimeInit <<<<<<
01-13 17:51:04.754 D/AndroidRuntime( 2590): CheckJNI is OFF
01-13 17:51:04.844 D/CursorWindowStats( 2590): Get CursorWindow size from framework resource:4194304
01-13 17:51:04.894 D/AndroidRuntime( 2590): Calling main entry com.android.commands.pm.Pm
01-13 17:51:04.934 I/ActivityManager( 1574): Start proc com.android.defcontainer for service com.android.defcontainer/.DefaultContainerService: pid=2598 uid=10087 gids={1015, 2001}
01-13 17:51:04.944 D/dalvikvm( 1439): GC_EXPLICIT freed 12K, 5% free 6453K/6787K, paused 1ms+1ms
01-13 17:51:04.994 D/dalvikvm( 1439): GC_EXPLICIT freed <1K, 5% free 6453K/6787K, paused 3ms+1ms
01-13 17:51:05.024 D/dalvikvm( 2598): GC_EXPLICIT freed 44K, 5% free 6458K/6787K, paused 1ms+13ms
01-13 17:51:05.024 D/dalvikvm( 1439): GC_EXPLICIT freed <1K, 5% free 6453K/6787K, paused 1ms+1ms
01-13 17:51:05.304 W/ActivityManager( 1574): No content provider found for: 
01-13 17:51:05.314 D/PackageParser( 1574): Scanning package: /data/app/vmdl-561219978.tmp
01-13 17:51:05.314 W/ActivityManager( 1574): No content provider found for: 
01-13 17:51:05.314 I/ActivityManager( 1574): No longer want com.android.smith (pid 1985): hidden #16
01-13 17:51:05.384 I/PackageManager( 1574): Removing non-system package:uk.ac.st_andrews.cs.host.mk74.energymeasurement.cam
01-13 17:51:05.384 I/ActivityManager( 1574): Force stopping package uk.ac.st_andrews.cs.host.mk74.energymeasurement.cam uid=10106
01-13 17:51:05.655 D/PackageManager( 1574): Scanning package uk.ac.st_andrews.cs.host.mk74.energymeasurement.cam
01-13 17:51:05.655 I/PackageManager( 1574): Package uk.ac.st_andrews.cs.host.mk74.energymeasurement.cam codePath changed from /data/app/uk.ac.st_andrews.cs.host.mk74.energymeasurement.cam-2.apk to /data/app/uk.ac.st_andrews.cs.host.mk74.energymeasurement.cam-1.apk; Retaining data and using new
01-13 17:51:05.655 I/PackageManager( 1574): Unpacking native libraries for /data/app/uk.ac.st_andrews.cs.host.mk74.energymeasurement.cam-1.apk
01-13 17:51:05.905 D/dalvikvm( 2606): DexOpt: load 36ms, verify+opt 150ms
01-13 17:51:06.055 I/ActivityManager( 1574): Force stopping package uk.ac.st_andrews.cs.host.mk74.energymeasurement.cam uid=10106
01-13 17:51:06.055 W/PackageManager( 1574): Code path for pkg : uk.ac.st_andrews.cs.host.mk74.energymeasurement.cam changing from /data/app/uk.ac.st_andrews.cs.host.mk74.energymeasurement.cam-2.apk to /data/app/uk.ac.st_andrews.cs.host.mk74.energymeasurement.cam-1.apk
01-13 17:51:06.055 D/PackageManager( 1574):   Activities: uk.ac.st_andrews.cs.host.mk74.energymeasurement.cam.MainActivity
01-13 17:51:06.055 W/PackageManager( 1574): Resource path for pkg : uk.ac.st_andrews.cs.host.mk74.energymeasurement.cam changing from /data/app/uk.ac.st_andrews.cs.host.mk74.energymeasurement.cam-2.apk to /data/app/uk.ac.st_andrews.cs.host.mk74.energymeasurement.cam-1.apk
01-13 17:51:06.265 D/PackageManager( 1574): [embedded] New package installed in /data/app/uk.ac.st_andrews.cs.host.mk74.energymeasurement.cam-1.apk
01-13 17:51:06.435 I/ActivityManager( 1574): Force stopping package uk.ac.st_andrews.cs.host.mk74.energymeasurement.cam uid=10106
01-13 17:51:06.505 D/dalvikvm( 1679): GC_EXPLICIT freed 1460K, 23% free 11151K/14343K, paused 1ms+3ms
01-13 17:51:06.525 D/dalvikvm( 1670): GC_EXPLICIT freed 54K, 11% free 7779K/8647K, paused 2ms+8ms
01-13 17:51:06.535 D/Launcher.Model( 1679): onReceive intent=Intent { act=android.intent.action.PACKAGE_REMOVED dat=package:uk.ac.st_andrews.cs.host.mk74.energymeasurement.cam flg=0x10000010 (has extras) }
01-13 17:51:06.545 D/PhoneApp( 1669): -- PackageChangeBroadcastReceiver  action = android.intent.action.PACKAGE_REMOVED
01-13 17:51:06.545 I/ActivityManager( 1574): Start proc com.android.smith for broadcast com.android.smith/.PackageReceiver: pid=2607 uid=10009 gids={1007, 1015}
01-13 17:51:06.595 I/SM:lib  ( 2607): JNI_OnLoad(): library version = 5
01-13 17:51:06.615 I/SM:lib  ( 2607): JNI_OnLoad(): result = 0x10004
01-13 17:51:06.615 D/SM:HtcNative( 2607): system lib, 4.0.honeycomb.HTK75C-flyer-l5-s16
01-13 17:51:06.615 D/SM:PackageReceiver( 2607): package removed: package:uk.ac.st_andrews.cs.host.mk74.energymeasurement.cam
01-13 17:51:06.615 D/WidgetScanner( 1679): onReceive: Intent { act=android.intent.action.PACKAGE_REMOVED dat=package:uk.ac.st_andrews.cs.host.mk74.energymeasurement.cam flg=0x10000010 cmp=com.htc.launcher/.widget.WidgetScannerTrigger (has extras) }
01-13 17:51:06.615 I/ActivityManager( 1574): No longer want com.google.android.apps.uploader (pid 1896): hidden #16
01-13 17:51:06.625 I/ActivityManager( 1574): Start proc com.htc.launcher.widgetscanner for service com.htc.launcher/.widget.WidgetScannerService: pid=2614 uid=9999 gids={3003, 3002, 3001, 2001, 1015}
01-13 17:51:06.635 I/ActivityManager( 1574): Start proc com.htc.opensense for broadcast com.htc.opensense/.pluginmanager.RegisterReceiver: pid=2615 uid=10013 gids={2001, 3003, 1006, 1015}
01-13 17:51:06.645 D/PackageManager( 1574): generateServicesMap(android.accounts.AccountAuthenticator): 13 services unchanged
01-13 17:51:06.696 D/PackageManager( 1574): generateServicesMap(android.content.SyncAdapter): 21 services unchanged
01-13 17:51:06.756 I/ActivityManager( 1574): Start proc com.htc.cs for broadcast com.htc.cs/.plugin.PluginRegisterReceiver: pid=2628 uid=10041 gids={3003, 1015}
01-13 17:51:06.776 I/RegisterService( 2615): android.intent.action.PACKAGE_REMOVED package:uk.ac.st_andrews.cs.host.mk74.energymeasurement.cam
01-13 17:51:06.796 D/LauncherApplication( 2614): + LauncherApplication onCreate()
01-13 17:51:06.806 W/ContentService( 1574): binderDied() at ObserverNode name com.google.android.gsf.gservices
01-13 17:51:06.836 D/Launcher.Model( 1679): onReceive intent=Intent { act=android.intent.action.PACKAGE_ADDED dat=package:uk.ac.st_andrews.cs.host.mk74.energymeasurement.cam flg=0x10000010 (has extras) }
01-13 17:51:06.836 D/Launcher.Model( 1679): mAllAppsList.updatePackage uk.ac.st_andrews.cs.host.mk74.energymeasurement.cam
01-13 17:51:06.846 D/PhoneApp( 1669): -- PackageChangeBroadcastReceiver  action = android.intent.action.PACKAGE_ADDED
01-13 17:51:06.866 D/dalvikvm( 2614): GC_CONCURRENT freed 157K, 5% free 6756K/7047K, paused 1ms+1ms
01-13 17:51:06.876 D/PackageManager( 1574): generateServicesMap(android.accounts.AccountAuthenticator): 13 services unchanged
01-13 17:51:06.876 D/PackageManager( 1574): generateServicesMap(android.content.SyncAdapter): 21 services unchanged
01-13 17:51:06.896 D/LauncherApplication( 2614): - LauncherApplication onCreate()
01-13 17:51:06.926 I/ActivityThread( 2628): Pub com.htc.connectedservice.csprovider: com.htc.cs.provider.ConnectedServiceProvider
01-13 17:51:06.936 I/ActivityThread( 2628): Pub com.htc.cs.dashboard: com.htc.cs.sync.dashboard.DashboardProvider
01-13 17:51:06.966 D/vicky   ( 2628): vicky received: android.intent.action.PACKAGE_REMOVED
01-13 17:51:06.966 I/ActivityManager( 1574): No longer want com.htc.laputa.HtcLaputaInstaller (pid 2181): hidden #16
01-13 17:51:06.986 D/WidgetScanner( 2614): onReceiveInternal: Intent { act=android.intent.action.PACKAGE_REMOVED dat=package:uk.ac.st_andrews.cs.host.mk74.energymeasurement.cam flg=0x10000010 cmp=com.htc.launcher/.widget.WidgetScannerService (has extras) }
01-13 17:51:06.986 D/HtcWidgetScanner( 2614): onPackageRemoved: uk.ac.st_andrews.cs.host.mk74.energymeasurement.cam
01-13 17:51:07.046 D/dalvikvm( 1574): GC_CONCURRENT freed 2075K, 13% free 15870K/18055K, paused 2ms+4ms
01-13 17:51:07.056 I/ActivityManager( 1574): Start proc com.google.android.apps.maps for broadcast com.google.android.apps.maps/com.google.android.location.internal.NlpPackageUpdateReceiver: pid=2638 uid=10046 gids={3003, 1015}
01-13 17:51:07.296 D/HtcWidgetProvider( 1679): update 0
01-13 17:51:07.296 I/ActivityManager( 1574): No longer want com.htc.ereader.drmengine (pid 2267): hidden #16
01-13 17:51:07.386 D/CombinedWidgetProvider( 1679): +addAppWidget
01-13 17:51:07.596 D/dalvikvm( 2638): GC_CONCURRENT freed 151K, 4% free 6807K/7047K, paused 1ms+6ms
01-13 17:51:07.707 D/BatteryService( 1574): SendIntentforPowersaver
01-13 17:51:07.707 D/BatteryService( 1574): Current powersaver status == NORMAL_STATUS1 2 2 false
01-13 17:51:07.807 D/dalvikvm( 2638): GC_CONCURRENT freed 137K, 4% free 7146K/7431K, paused 1ms+2ms
01-13 17:51:07.837 D/RemoveMe( 1669): DCT got intent android.intent.action.BATTERY_CHANGED
01-13 17:51:07.837 D/CombinedWidgetProvider( 1679): addAppWidget: WidgetSummary(YouTube/APP_WIDGET/[I@40b9bd70 x [I@40b9bd90/-1/ComponentInfo{com.google.android.youtube/com.google.android.youtube.app.honeycomb.widget.WidgetProvider}/[I@40b9bdb0)
01-13 17:51:07.837 D/CombinedWidgetProvider( 1679): addAppWidget: WidgetSummary(Twitter (large)/APP_WIDGET/[I@40b9cc98 x [I@40b9ccb8/-1/ComponentInfo{com.twitter.android/com.twitter.android.client.WidgetLargeProvider}/[I@40b9ccd8)
01-13 17:51:07.837 D/PowerUI ( 1647): closing low battery warning: level=99
01-13 17:51:07.847 D/RemoveMe( 1669): DCT got intent android.intent.action.BATTERY_CHANGED
01-13 17:51:07.847 D/CombinedWidgetProvider( 1679): addAppWidget: WidgetSummary(Twitter (small)/APP_WIDGET/[I@40b9db70 x [I@40b9db90/-1/ComponentInfo{com.twitter.android/com.twitter.android.client.WidgetSmallProvider}/[I@40b9dbb0)
01-13 17:51:07.847 D/CombinedWidgetProvider( 1679): addAppWidget: WidgetSummary(Traffic/APP_WIDGET/[I@40b9ea48 x [I@40b9ea68/-1/ComponentInfo{com.google.android.apps.maps/com.google.googlenav.appwidget.traffic.TrafficAppWidget}/[I@40b9ea88)
01-13 17:51:07.847 D/RemoveMe( 1669): DCT got intent android.intent.action.BATTERY_CHANGED
01-13 17:51:07.847 D/CombinedWidgetProvider( 1679): addAppWidget: WidgetSummary(Latitude/APP_WIDGET/[I@409f68c0 x [I@409f68e0/-1/ComponentInfo{com.google.android.apps.maps/com.google.googlenav.appwidget.friends.FriendsAppWidgetProvider}/[I@409f6900)
01-13 17:51:07.847 D/UsbnetService( 1574): BroadcastReceiver::onReceive+
01-13 17:51:07.847 D/UsbnetService( 1574): onReceive BATTERY_CHANGED
01-13 17:51:07.847 D/UsbnetService( 1574):  --> pluggedType = 2, mPluggedType = 0, mScreenOff = false
01-13 17:51:07.847 D/UsbnetService( 1574): BroadcastReceiver::onReceive-
01-13 17:51:07.847 D/CombinedWidgetProvider( 1679): addAppWidget: WidgetSummary(Market/APP_WIDGET/[I@409f77d0 x [I@409f77f0/-1/ComponentInfo{com.android.vending/com.android.vending.MarketWidgetProvider}/[I@409f7810)
01-13 17:51:07.847 D/CombinedWidgetProvider( 1679): addAppWidget: WidgetSummary(Google Search/APP_WIDGET/[I@409f8350 x [I@409f8370/-1/ComponentInfo{com.google.android.googlequicksearchbox/com.google.android.googlequicksearchbox.SearchWidgetProvider}/[I@409f8390)
01-13 17:51:07.847 D/PowerUI ( 1647): plugged = true, health = 2, mBatteryLevel = 99, mPluggedBatteryLevel = 97, mLowBatteryWarningLevel2 = 25, mshowLowChargingWarning2 = true
01-13 17:51:07.847 D/NotificationService( 1574): mIntentReceiver() Intent.ACTION_BATTERY_CHANGED
01-13 17:51:07.857 D/CombinedWidgetProvider( 1679): addAppWidget: WidgetSummary(Gmail/APP_WIDGET/[I@409f91c0 x [I@409f91e0/-1/ComponentInfo{com.google.android.gm/com.google.android.gm.widget.GmailWidgetProvider}/[I@409f9200)
01-13 17:51:07.857 D/CombinedWidgetProvider( 1679): addAppWidget: WidgetSummary(Bookmarks/APP_WIDGET/[I@409f9f70 x [I@409f9f90/-1/ComponentInfo{com.android.browser/com.android.browser.widget.BookmarkThumbnailWidgetProvider}/[I@409f9fb0)
01-13 17:51:07.857 D/CombinedWidgetProvider( 1679): -addAppWidget
01-13 17:51:07.857 D/CombinedWidgetProvider( 1679): +addHtcWidgets, cat: -1
01-13 17:51:07.857 D/CombinedWidgetProvider( 1679):  uri: content://com.htc.launcher.widget.htcwidget/htcwidgets?widget_only=true
01-13 17:51:07.857 D/HtcWidgetProvider( 1679): row 1
01-13 17:51:07.857 D/CombinedWidgetProvider( 1679): addHtcWidget: WidgetSummary(Tips for Home/HTC_WIDGET/[I@40cfbb58 x [I@40cfbb78/1101/ComponentInfo{com.htc.rosiewidgets.tip/com.htc.rosiewidgets.tip.TipWidgetItem}/[I@40cfbb98)
01-13 17:51:07.867 D/CombinedWidgetProvider( 1679): -addHtcWidgets
01-13 17:51:07.867 D/CombinedWidgetProvider( 1679): +addFxWidgets , provider: null
01-13 17:51:07.867 D/FxWidgetProviderInfoCollector( 1679): getAllStyles + [Ljava.lang.String;@406d1dc8 @ 
01-13 17:51:07.867 D/FxWidgetProvider( 1679): row 94
01-13 17:51:07.867 I/ActivityThread( 2638): Pub com.google.android.maps.SearchHistoryProvider: com.google.googlenav.provider.SearchHistoryProvider
01-13 17:51:07.877 I/ActivityThread( 2638): Pub com.google.android.maps.LayerInfoProvider: com.google.googlenav.layer.LayerInfoProvider
01-13 17:51:07.877 D/SqliteDatabaseCpp( 2638): dbopen(): path = /data/data/com.google.android.apps.maps/databases , key = LYqevA, flag = 6, file size = 5120
01-13 17:51:07.877 D/FxWidgetScanner( 2614): onPackageRemoved: uk.ac.st_andrews.cs.host.mk74.energymeasurement.cam
01-13 17:51:07.887 D/SqliteDatabaseCpp( 2638): dbopen(): path = /data/data/com.google.android.apps.maps/databases , key = LYqevA, mode: delete, disk free size: 7854 M, handle: 0x15dd48
01-13 17:51:07.887 D/FxWidgetScanner( 2614): removeFxWidgetList
01-13 17:51:07.897 I/ActivityThread( 2638): Pub com.google.android.maps.TrafficAppWidgetProvider: com.google.googlenav.appwidget.traffic.TrafficAppWidgetProvider
01-13 17:51:07.907 I/ActivityThread( 2638): Pub com.google.android.maps.SuggestionProvider: com.google.googlenav.suggest.android.SuggestProvider
01-13 17:51:07.917 I/ActivityThread( 2638): Pub com.google.android.maps.LocalActivePlacesProvider: com.google.googlenav.provider.LocalActivePlacesProvider
01-13 17:51:07.917 I/ActivityThread( 2638): Pub com.google.android.maps.StarredItemProvider: com.google.googlenav.provider.StarredItemProvider
01-13 17:51:07.947 D/FxWidgetScanner( 2614): delete 0
01-13 17:51:07.957 D/WidgetScanner( 2614): upadted? false
01-13 17:51:08.057 I/ActivityManager( 1574): No longer want com.htc.demoflopackageinstaller (pid 2407): hidden #16
01-13 17:51:08.087 I/ActivityThread( 2638): Pub com.google.android.maps.LocalSuggestionProvider: com.google.googlenav.provider.LocalSuggestionProvider
01-13 17:51:08.087 I/ActivityThread( 2638): Pub com.google.android.maps.NavigationAvailabilityProvider: com.google.googlenav.provider.NavigationAvailabilityProvider
01-13 17:51:08.087 D/dalvikvm( 2638): GC_CONCURRENT freed 146K, 4% free 7512K/7751K, paused 1ms+3ms
01-13 17:51:08.107 I/ActivityManager( 1574): Start proc com.htc.recommend for broadcast com.htc.recommend/.receiver.AppInstalledReceiver: pid=2648 uid=10056 gids={2001, 3003}
01-13 17:51:08.147 I/ActivityManager( 1574): No longer want com.htc.ereader (pid 2402): hidden #16
01-13 17:51:08.167 I/ActivityThread( 2648): Pub com.htc.recommend.provider.HTCRecommendCarouselProvider: com.htc.recommend.provider.HTCRecommendCarouselProvider
01-13 17:51:08.177 I/ActivityThread( 2648): Pub com.htc.recommend.provider.HTCRecommendContentProvider: com.htc.recommend.provider.HTCRecommendContentProvider
01-13 17:51:08.187 D/HTC Recommends( 2648): /mnt/sdcard/.LHYGB/CKCL
01-13 17:51:08.187 D/HTC Recommends( 2648): no token file
01-13 17:51:08.187 D/HTC Recommends( 2648): no token file
01-13 17:51:08.187 D/HTC Recommends( 2648): Log settings are 
01-13 17:51:08.187 D/HTC Recommends( 2648): Enable General Log : false
01-13 17:51:08.187 D/HTC Recommends( 2648): Enable Analytic Log : false
01-13 17:51:08.187 D/HTC Recommends( 2648): Enable Normal Log Level (dependent on General Log) : false
01-13 17:51:08.187 D/HTC Recommends( 2648): Enable Critical Log Level (dependent on General Log) : false
01-13 17:51:08.187 D/SqliteDatabaseCpp( 2648): dbopen(): path = /data/data/com.htc.recommend/databases , key = `tgvegkmmejd, flag = 6, file size = 38912
01-13 17:51:08.187 D/SqliteDatabaseCpp( 2648): dbopen(): path = /data/data/com.htc.recommend/databases , key = `tgvegkmmejd, mode: delete, disk free size: 7854 M, handle: 0x15d780
01-13 17:51:08.267 D/FxWidgetProvider( 1679): row 1
01-13 17:51:08.267 D/CombinedWidgetProvider( 1679): addFxWidget: WidgetSummary(Watch/FX_WIDGET/[I@40859280 x [I@408592a0/-2/ComponentInfo{com.htc.widget3d.watch/com.htc.widget3d.watch.WatchProvider}/[I@408592c0)
01-13 17:51:08.267 D/FxWidgetProvider( 1679): row 1
01-13 17:51:08.277 D/CombinedWidgetProvider( 1679): addFxWidget: WidgetSummary(Airplane Mode/FX_WIDGET/[I@4085b610 x [I@4085b630/-2/ComponentInfo{com.htc.htcsettingwidgets/com.htc.htcsettingwidgets.AirplaneWidget}/[I@4085b650)
01-13 17:51:08.287 D/FxWidgetProvider( 1679): row 1
01-13 17:51:08.287 D/CombinedWidgetProvider( 1679): addFxWidget: WidgetSummary(Bluetooth/FX_WIDGET/[I@408b6ea8 x [I@408b6ec8/-2/ComponentInfo{com.htc.htcsettingwidgets/com.htc.htcsettingwidgets.BTWidget}/[I@408b6ee8)
01-13 17:51:08.287 D/FxWidgetProvider( 1679): row 1
01-13 17:51:08.297 D/CombinedWidgetProvider( 1679): addFxWidget: WidgetSummary(GPS/FX_WIDGET/[I@408b9208 x [I@408b9228/-2/ComponentInfo{com.htc.htcsettingwidgets/com.htc.htcsettingwidgets.GPSWidget}/[I@408b9248)
01-13 17:51:08.297 D/FxWidgetProvider( 1679): row 1
01-13 17:51:08.307 D/CombinedWidgetProvider( 1679): addFxWidget: WidgetSummary(Wi-Fi Hotspot/FX_WIDGET/[I@408bb568 x [I@408bb588/-2/ComponentInfo{com.htc.htcsettingwidgets/com.htc.htcsettingwidgets.HotspotWidget}/[I@408bb5a8)
01-13 17:51:08.307 D/FxWidgetProvider( 1679): row 1
01-13 17:51:08.307 D/CombinedWidgetProvider( 1679): addFxWidget: WidgetSummary(Mobile Network/FX_WIDGET/[I@408bda50 x [I@408bda70/-2/ComponentInfo{com.htc.htcsettingwidgets/com.htc.htcsettingwidgets.MobileNetworkWidget}/[I@408bda90)
01-13 17:51:08.317 D/FxWidgetProvider( 1679): row 1
01-13 17:51:08.317 D/CombinedWidgetProvider( 1679): addFxWidget: WidgetSummary(Wi-Fi/FX_WIDGET/[I@408bfee8 x [I@408bff08/-2/ComponentInfo{com.htc.htcsettingwidgets/com.htc.htcsettingwidgets.WiFiWidget}/[I@408bff28)
01-13 17:51:08.317 D/FxWidgetProvider( 1679): row 1
01-13 17:51:08.317 D/CombinedWidgetProvider( 1679): addFxWidget: WidgetSummary(Mail/FX_WIDGET/[I@408c2258 x [I@408c2278/-2/ComponentInfo{com.htc.htcmailwidgets/com.htc.htcmailwidgets.WidgetReceiver}/[I@408c2298)
01-13 17:51:08.317 D/FxWidgetProvider( 1679): row 3
01-13 17:51:08.317 D/FxWidgetProviderInfoCollector( 1679): more than one style shared the same component! Return the first one found.
01-13 17:51:08.327 D/CombinedWidgetProvider( 1679): addFxWidget: WidgetSummary(Mail/FX_WIDGET/[I@408c45b8 x [I@408c45d8/-2/ComponentInfo{com.htc.htcmailwidgets/com.htc.htcmailwidgets.WidgetReceiver}/[I@408c45f8)
01-13 17:51:08.327 D/FxWidgetProvider( 1679): row 3
01-13 17:51:08.327 D/FxWidgetProviderInfoCollector( 1679): more than one style shared the same component! Return the first one found.
01-13 17:51:08.327 D/CombinedWidgetProvider( 1679): addFxWidget: WidgetSummary(Mail/FX_WIDGET/[I@408c6928 x [I@408c6948/-2/ComponentInfo{com.htc.htcmailwidgets/com.htc.htcmailwidgets.WidgetReceiver}/[I@408c6968)
01-13 17:51:08.327 D/FxWidgetProvider( 1679): row 3
01-13 17:51:08.327 D/FxWidgetProviderInfoCollector( 1679): more than one style shared the same component! Return the first one found.
01-13 17:51:08.337 D/CombinedWidgetProvider( 1679): addFxWidget: WidgetSummary(Mail/FX_WIDGET/[I@408c8a68 x [I@408c8a88/-2/ComponentInfo{com.htc.htcmailwidgets/com.htc.htcmailwidgets.WidgetReceiver}/[I@408c8aa8)
01-13 17:51:08.337 D/FxWidgetProvider( 1679): row 3
01-13 17:51:08.347 D/FxWidgetProviderInfoCollector( 1679): more than one style shared the same component! Return the first one found.
01-13 17:51:08.347 D/CombinedWidgetProvider( 1679): addFxWidget: WidgetSummary(Mail/FX_WIDGET/[I@408cab90 x [I@408cabb0/-2/ComponentInfo{com.htc.htcmailwidgets/com.htc.htcmailwidgets.WidgetReceiver}/[I@408cabd0)
01-13 17:51:08.347 D/FxWidgetProvider( 1679): row 3
01-13 17:51:08.357 D/FxWidgetProviderInfoCollector( 1679): more than one style shared the same component! Return the first one found.
01-13 17:51:08.357 D/CombinedWidgetProvider( 1679): addFxWidget: WidgetSummary(Mail/FX_WIDGET/[I@408cced0 x [I@408ccef0/-2/ComponentInfo{com.htc.htcmailwidgets/com.htc.htcmailwidgets.WidgetReceiver}/[I@408ccf10)
01-13 17:51:08.357 D/FxWidgetProvider( 1679): row 3
01-13 17:51:08.367 D/FxWidgetProviderInfoCollector( 1679): more than one style shared the same component! Return the first one found.
01-13 17:51:08.367 D/CombinedWidgetProvider( 1679): addFxWidget: WidgetSummary(Mail/FX_WIDGET/[I@408cf058 x [I@408cf078/-2/ComponentInfo{com.htc.htcmailwidgets/com.htc.htcmailwidgets.WidgetReceiver}/[I@408cf098)
01-13 17:51:08.367 D/FxWidgetProvider( 1679): row 5
01-13 17:51:08.367 D/FxWidgetProviderInfoCollector( 1679): more than one style shared the same component! Return the first one found.
01-13 17:51:08.377 D/CombinedWidgetProvider( 1679): addFxWidget: WidgetSummary(People/FX_WIDGET/[I@408d1168 x [I@408d1188/-2/ComponentInfo{com.htc.htccontactwidgets_3d_fusion/com.htc.htccontactwidgets_3d_fusion.WidgetReceiver}/[I@408d11a8)
01-13 17:51:08.377 D/FxWidgetProvider( 1679): row 5
01-13 17:51:08.377 D/FxWidgetProviderInfoCollector( 1679): more than one style shared the same component! Return the first one found.
01-13 17:51:08.377 D/CombinedWidgetProvider( 1679): addFxWidget: WidgetSummary(People/FX_WIDGET/[I@408d37e8 x [I@408d3808/-2/ComponentInfo{com.htc.htccontactwidgets_3d_fusion/com.htc.htccontactwidgets_3d_fusion.WidgetReceiver}/[I@408d3828)
01-13 17:51:08.377 D/FxWidgetProvider( 1679): row 5
01-13 17:51:08.387 D/FxWidgetProviderInfoCollector( 1679): more than one style shared the same component! Return the first one found.
01-13 17:51:08.387 D/CombinedWidgetProvider( 1679): addFxWidget: WidgetSummary(People/FX_WIDGET/[I@408d5c50 x [I@408d5c70/-2/ComponentInfo{com.htc.htccontactwidgets_3d_fusion/com.htc.htccontactwidgets_3d_fusion.WidgetReceiver}/[I@408d5c90)
01-13 17:51:08.387 D/FxWidgetProvider( 1679): row 5
01-13 17:51:08.387 D/FxWidgetProviderInfoCollector( 1679): more than one style shared the same component! Return the first one found.
01-13 17:51:08.397 D/CombinedWidgetProvider( 1679): addFxWidget: WidgetSummary(People/FX_WIDGET/[I@408d80a0 x [I@408d80c0/-2/ComponentInfo{com.htc.htccontactwidgets_3d_fusion/com.htc.htccontactwidgets_3d_fusion.WidgetReceiver}/[I@408d80e0)
01-13 17:51:08.397 D/FxWidgetProvider( 1679): row 5
01-13 17:51:08.397 D/FxWidgetProviderInfoCollector( 1679): more than one style shared the same component! Return the first one found.
01-13 17:51:08.397 D/CombinedWidgetProvider( 1679): addFxWidget: WidgetSummary(People/FX_WIDGET/[I@408da4f0 x [I@408da510/-2/ComponentInfo{com.htc.htccontactwidgets_3d_fusion/com.htc.htccontactwidgets_3d_fusion.WidgetReceiver}/[I@408da530)
01-13 17:51:08.397 D/FxWidgetProvider( 1679): row 1
01-13 17:51:08.407 D/CombinedWidgetProvider( 1679): addFxWidget: WidgetSummary(Calendar/FX_WIDGET/[I@408dc9c0 x [I@408dc9e0/-2/ComponentInfo{com.htc.htccalendarwidgets/com.htc.htccalendarwidgets.WidgetReceiver}/[I@408dca00)
01-13 17:51:08.407 D/FxWidgetProvider( 1679): row 3
01-13 17:51:08.407 D/FxWidgetProviderInfoCollector( 1679): more than one style shared the same component! Return the first one found.
01-13 17:51:08.417 D/CombinedWidgetProvider( 1679): addFxWidget: WidgetSummary(Calendar/FX_WIDGET/[I@408dee50 x [I@408dee70/-2/ComponentInfo{com.htc.htccalendarwidgets/com.htc.htccalendarwidgets.WidgetReceiver}/[I@408dee90)
01-13 17:51:08.417 D/FxWidgetProvider( 1679): row 3
01-13 17:51:08.417 D/FxWidgetProviderInfoCollector( 1679): more than one style shared the same component! Return the first one found.
01-13 17:51:08.427 D/CombinedWidgetProvider( 1679): addFxWidget: WidgetSummary(Calendar/FX_WIDGET/[I@408e1308 x [I@408e1328/-2/ComponentInfo{com.htc.htccalendarwidgets/com.htc.htccalendarwidgets.WidgetReceiver}/[I@408e1348)
01-13 17:51:08.427 D/FxWidgetProvider( 1679): row 3
01-13 17:51:08.437 D/FxWidgetProviderInfoCollector( 1679): more than one style shared the same component! Return the first one found.
01-13 17:51:08.437 D/CombinedWidgetProvider( 1679): addFxWidget: WidgetSummary(Calendar/FX_WIDGET/[I@408e3590 x [I@408e35b0/-2/ComponentInfo{com.htc.htccalendarwidgets/com.htc.htccalendarwidgets.WidgetReceiver}/[I@408e35d0)
01-13 17:51:08.437 D/FxWidgetProvider( 1679): row 1
01-13 17:51:08.437 D/CombinedWidgetProvider( 1679): addFxWidget: WidgetSummary(Calendar/FX_WIDGET/[I@408e5800 x [I@408e5820/-2/ComponentInfo{com.htc.htccalendarwidgets/com.htc.htccalendarwidgets.WidgetReceiver}/[I@408e5840)
01-13 17:51:08.437 D/FxWidgetProvider( 1679): row 1
01-13 17:51:08.457 D/CombinedWidgetProvider( 1679): addFxWidget: WidgetSummary(Bookmarks/FX_WIDGET/[I@40860cc0 x [I@40860ce0/-2/ComponentInfo{com.htc.fusion.htcbookmarkwidget/com.htc.fusion.htcbookmarkwidget.WidgetReceiver}/[I@40860d00)
01-13 17:51:08.457 D/FxWidgetProvider( 1679): row 1
01-13 17:51:08.457 D/CombinedWidgetProvider( 1679): addFxWidget: WidgetSummary(Bookmarks/FX_WIDGET/[I@408631e8 x [I@40863208/-2/ComponentInfo{com.htc.fusion.htcbookmarkwidget/com.htc.fusion.htcbookmarkwidget.WidgetReceiver}/[I@40863228)
01-13 17:51:08.467 D/FxWidgetProvider( 1679): row 1
01-13 17:51:08.467 D/CombinedWidgetProvider( 1679): addFxWidget: WidgetSummary(Messages/FX_WIDGET/[I@40865710 x [I@40865730/-2/ComponentInfo{com.htc.htcmsgwidgets3d/com.htc.htcmsgwidgets.MsgWidgetProvider}/[I@40865750)
01-13 17:51:08.467 D/FxWidgetProvider( 1679): row 1
01-13 17:51:08.477 D/CombinedWidgetProvider( 1679): addFxWidget: WidgetSummary(Messages/FX_WIDGET/[I@408679e0 x [I@40867a00/-2/ComponentInfo{com.htc.htcmsgwidgets3d/com.htc.htcmsgwidgets.MsgWidgetProvider}/[I@40867a20)
01-13 17:51:08.477 D/FxWidgetProvider( 1679): row 1
01-13 17:51:08.487 D/CombinedWidgetProvider( 1679): addFxWidget: WidgetSummary(Messages/FX_WIDGET/[I@40869d68 x [I@40869d88/-2/ComponentInfo{com.htc.htcmsgwidgets3d/com.htc.htcmsgwidgets.MsgWidgetProvider}/[I@40869da8)
01-13 17:51:08.487 D/FxWidgetProvider( 1679): row 1
01-13 17:51:08.497 D/CombinedWidgetProvider( 1679): addFxWidget: WidgetSummary(Messages/FX_WIDGET/[I@4086c038 x [I@4086c058/-2/ComponentInfo{com.htc.htcmsgwidgets3d/com.htc.htcmsgwidgets.MsgWidgetProvider}/[I@4086c078)
01-13 17:51:08.497 D/FxWidgetProvider( 1679): row 1
01-13 17:51:08.507 D/CombinedWidgetProvider( 1679): addFxWidget: WidgetSummary(Messages/FX_WIDGET/[I@4086e308 x [I@4086e328/-2/ComponentInfo{com.htc.htcmsgwidgets3d/com.htc.htcmsgwidgets.MsgWidgetProvider}/[I@4086e348)
01-13 17:51:08.507 D/FxWidgetProvider( 1679): row 1
01-13 17:51:08.517 D/CombinedWidgetProvider( 1679): addFxWidget: WidgetSummary(Messages/FX_WIDGET/[I@408705f8 x [I@40870618/-2/ComponentInfo{com.htc.htcmsgwidgets3d/com.htc.htcmsgwidgets.MsgWidgetProvider}/[I@40870638)
01-13 17:51:08.517 D/FxWidgetProvider( 1679): row 1
01-13 17:51:08.517 D/CombinedWidgetProvider( 1679): addFxWidget: WidgetSummary(Messages/FX_WIDGET/[I@408728e8 x [I@40872908/-2/ComponentInfo{com.htc.htcmsgwidgets3d/com.htc.htcmsgwidgets.MsgWidgetProvider}/[I@40872928)
01-13 17:51:08.517 D/FxWidgetProvider( 1679): row 1
01-13 17:51:08.527 D/CombinedWidgetProvider( 1679): addFxWidget: WidgetSummary(Twitter/FX_WIDGET/[I@40874bd8 x [I@40874bf8/-2/ComponentInfo{com.htc.Twitter3DWidget/com.htc.Twitter3DWidget.TwitterWidgetProvider}/[I@40874c18)
01-13 17:51:08.527 D/FxWidgetProvider( 1679): row 1
01-13 17:51:08.527 D/CombinedWidgetProvider( 1679): addFxWidget: WidgetSummary(Twitter/FX_WIDGET/[I@40876ff0 x [I@40877010/-2/ComponentInfo{com.htc.Twitter3DWidget/com.htc.Twitter3DWidget.TwitterWidgetProvider}/[I@40877030)
01-13 17:51:08.537 D/FxWidgetProvider( 1679): row 1
01-13 17:51:08.537 D/CombinedWidgetProvider( 1679): addFxWidget: WidgetSummary(Twitter/FX_WIDGET/[I@40879408 x [I@40879428/-2/ComponentInfo{com.htc.Twitter3DWidget/com.htc.Twitter3DWidget.TwitterWidgetProvider}/[I@40879448)
01-13 17:51:08.557 D/FxWidgetProvider( 1679): row 1
01-13 17:51:08.557 D/CombinedWidgetProvider( 1679): addFxWidget: WidgetSummary(Twitter/FX_WIDGET/[I@4087b820 x [I@4087b840/-2/ComponentInfo{com.htc.Twitter3DWidget/com.htc.Twitter3DWidget.TwitterWidgetProvider}/[I@4087b860)
01-13 17:51:08.567 D/FxWidgetProvider( 1679): row 1
01-13 17:51:08.567 D/CombinedWidgetProvider( 1679): addFxWidget: WidgetSummary(Trends/FX_WIDGET/[I@4087dc28 x [I@4087dc48/-2/ComponentInfo{com.htc.Trends3DWidget/com.htc.Trends3DWidget.TrendsWidgetProvider}/[I@4087dc68)
01-13 17:51:08.577 D/FxWidgetProvider( 1679): row 1
01-13 17:51:08.587 D/CombinedWidgetProvider( 1679): addFxWidget: WidgetSummary(Sync All/FX_WIDGET/[I@4087ffe8 x [I@40880008/-2/ComponentInfo{com.htc.Sync3DWidget/com.htc.Sync3DWidget.SyncWidgetProvider}/[I@40880028)
01-13 17:51:08.587 D/FxWidgetProvider( 1679): row 1
01-13 17:51:08.597 D/CombinedWidgetProvider( 1679): addFxWidget: WidgetSummary(Music/FX_WIDGET/[I@40882328 x [I@40882348/-2/ComponentInfo{com.htc.MusicWidget3D/com.htc.MusicWidget3D.MusicWidget3DProvider}/[I@40882368)
01-13 17:51:08.597 D/FxWidgetProvider( 1679): row 1
01-13 17:51:08.597 D/CombinedWidgetProvider( 1679): addFxWidget: WidgetSummary(Music/FX_WIDGET/[I@40884b38 x [I@40884b58/-2/ComponentInfo{com.htc.MusicWidget3D/com.htc.MusicWidget3D.MusicWidget3DProvider}/[I@40884b78)
01-13 17:51:08.607 D/FxWidgetProvider( 1679): row 1
01-13 17:51:08.617 D/CombinedWidgetProvider( 1679): addFxWidget: WidgetSummary(Music/FX_WIDGET/[I@40886fe0 x [I@40887000/-2/ComponentInfo{com.htc.MusicWidget3D/com.htc.MusicWidget3D.MusicWidget3DProvider}/[I@40887020)
01-13 17:51:08.617 D/FxWidgetProvider( 1679): row 1
01-13 17:51:08.617 D/CombinedWidgetProvider( 1679): addFxWidget: WidgetSummary(Friend Stream/FX_WIDGET/[I@40889380 x [I@408893a0/-2/ComponentInfo{com.htc.FriendStream3DWidget/com.htc.FriendStream3DWidget.FriendStreamWidgetProvider}/[I@408893c0)
01-13 17:51:08.627 D/FxWidgetProvider( 1679): row 1
01-13 17:51:08.647 D/CombinedWidgetProvider( 1679): addFxWidget: WidgetSummary(Friend Stream/FX_WIDGET/[I@4088ba90 x [I@4088bab0/-2/ComponentInfo{com.htc.FriendStream3DWidget/com.htc.FriendStream3DWidget.FriendStreamWidgetProvider}/[I@4088bad0)
01-13 17:51:08.647 D/FxWidgetProvider( 1679): row 1
01-13 17:51:08.647 D/dalvikvm( 1679): GC_CONCURRENT freed 1060K, 20% free 11616K/14343K, paused 2ms+10ms
01-13 17:51:08.657 D/CombinedWidgetProvider( 1679): addFxWidget: WidgetSummary(Friend Stream/FX_WIDGET/[I@4088e1a0 x [I@4088e1c0/-2/ComponentInfo{com.htc.FriendStream3DWidget/com.htc.FriendStream3DWidget.FriendStreamWidgetProvider}/[I@4088e1e0)
01-13 17:51:08.667 D/FxWidgetProvider( 1679): row 1
01-13 17:51:08.667 D/CombinedWidgetProvider( 1679): addFxWidget: WidgetSummary(Friend Stream/FX_WIDGET/[I@40d522b0 x [I@40d511e8/-2/ComponentInfo{com.htc.FriendStream3DWidget/com.htc.FriendStream3DWidget.FriendStreamWidgetProvider}/[I@40d4d670)
01-13 17:51:08.667 D/FxWidgetProvider( 1679): row 1
01-13 17:51:08.677 D/CombinedWidgetProvider( 1679): addFxWidget: WidgetSummary(Friend Channel/FX_WIDGET/[I@40b39b70 x [I@40b39960/-2/ComponentInfo{com.htc.FriendStream3DWidget/com.htc.FriendStream3DWidget.FriendStreamWidgetProvider}/[I@40b38f78)
01-13 17:51:08.677 D/FxWidgetProvider( 1679): row 1
01-13 17:51:08.687 D/CombinedWidgetProvider( 1679): addFxWidget: WidgetSummary(My Shelf/FX_WIDGET/[I@4099ce28 x [I@40998248/-2/ComponentInfo{com.htc.ereader.widget3d/com.htc.ereader.widget3d.ereaderwidget3d.SimpleWidgetProvider}/[I@40990cc8)
01-13 17:51:08.697 D/FxWidgetProvider( 1679): row 1
01-13 17:51:08.697 D/dalvikvm( 2222): GC_CONCURRENT freed 483K, 9% free 6675K/7303K, paused 1ms+53ms
01-13 17:51:08.697 D/CombinedWidgetProvider( 1679): addFxWidget: WidgetSummary(Weather/FX_WIDGET/[I@408ad260 x [I@408ac7c8/-2/ComponentInfo{com.htc.widget3d.weather/com.htc.widget3d.weather.WeatherWidgetProvider}/[I@408ac5b0)
01-13 17:51:08.707 D/FxWidgetProvider( 1679): row 1
01-13 17:51:08.707 D/CombinedWidgetProvider( 1679): addFxWidget: WidgetSummary(Weather/FX_WIDGET/[I@4087c460 x [I@4087aa60/-2/ComponentInfo{com.htc.widget3d.weather/com.htc.widget3d.weather.WeatherWidgetProvider}/[I@4087a058)
01-13 17:51:08.718 D/FxWidgetProvider( 1679): row 1
01-13 17:51:08.728 D/CombinedWidgetProvider( 1679): addFxWidget: WidgetSummary(Weather/FX_WIDGET/[I@4084a288 x [I@40849950/-2/ComponentInfo{com.htc.widget3d.weather/com.htc.widget3d.weather.WeatherWidgetProvider}/[I@40849768)
01-13 17:51:08.728 D/FxWidgetProvider( 1679): row 1
01-13 17:51:08.738 D/CombinedWidgetProvider( 1679): addFxWidget: WidgetSummary(Screen Timeout/FX_WIDGET/[I@4081a7e8 x [I@40819010/-2/ComponentInfo{com.htc.rosiewidgets.screentimeout/com.htc.rosiewidgets.screentimeout.ScreenTimeoutWidgetProvider}/[I@40815a20)
01-13 17:51:08.738 D/FxWidgetProvider( 1679): row 1
01-13 17:51:08.748 D/CombinedWidgetProvider( 1679): addFxWidget: WidgetSummary(Screen Brightness/FX_WIDGET/[I@407cadf8 x [I@407ca6e0/-2/ComponentInfo{com.htc.rosiewidgets.screenbrightness/com.htc.rosiewidgets.screenbrightness.ScreenBrightnessWidgetProvider}/[I@407c9550)
01-13 17:51:08.748 D/FxWidgetProvider( 1679): row 1
01-13 17:51:08.768 D/CombinedWidgetProvider( 1679): addFxWidget: WidgetSummary(Notes/FX_WIDGET/[I@4074db28 x [I@4074a9e0/-2/ComponentInfo{com.htc.htcrichnoteswidget3d/com.htc.htcrichnoteswidget3d.NotesWidgetProvider}/[I@40747f60)
01-13 17:51:08.768 D/FxWidgetProvider( 1679): row 1
01-13 17:51:08.778 D/CombinedWidgetProvider( 1679): addFxWidget: WidgetSummary(Notes/FX_WIDGET/[I@406db2f8 x [I@406da878/-2/ComponentInfo{com.htc.htcrichnoteswidget3d/com.htc.htcrichnoteswidget3d.NotesWidgetProvider}/[I@406d9e40)
01-13 17:51:08.778 D/FxWidgetProvider( 1679): row 1
01-13 17:51:08.778 D/CombinedWidgetProvider( 1679): addFxWidget: WidgetSummary(HTC Likes/FX_WIDGET/[I@409a89f8 x [I@409a84a0/-2/ComponentInfo{com.htc.android.fusion.recommend/com.htc.android.fusion.recommend.RosieIntentReceiver}/[I@409a7648)
01-13 17:51:08.788 D/FxWidgetProvider( 1679): row 1
01-13 17:51:08.788 D/CombinedWidgetProvider( 1679): addFxWidget: WidgetSummary(Profile/FX_WIDGET/[I@40809ca8 x [I@40809138/-2/ComponentInfo{com.htc.widget.profile/com.htc.widget.profile.HtcWidgetReceiver}/[I@40808dd8)
01-13 17:51:08.798 D/FxWidgetProvider( 1679): row 1
01-13 17:51:08.808 D/CombinedWidgetProvider( 1679): addFxWidget: WidgetSummary(Power Dashboard/FX_WIDGET/[I@40773490 x [I@40771cd8/-2/ComponentInfo{com.htc.rosiewidgets.powerstrip/com.htc.rosiewidgets.powerstrip.PowerStripWidgetProvider}/[I@40770dc8)
01-13 17:51:08.808 D/FxWidgetProvider( 1679): row 1
01-13 17:51:08.818 D/CombinedWidgetProvider( 1679): addFxWidget: WidgetSummary(Photo Album/FX_WIDGET/[I@407252d8 x [I@40724b80/-2/ComponentInfo{com.htc.photowidget3d/com.htc.photowidget3d.album.PhotoAlbumWidgetProvider}/[I@40724448)
01-13 17:51:08.818 D/FxWidgetProvider( 1679): row 1
01-13 17:51:08.828 D/CombinedWidgetProvider( 1679): addFxWidget: WidgetSummary(Photo Frame/FX_WIDGET/[I@406eb218 x [I@406e1048/-2/ComponentInfo{com.htc.photowidget3d/com.htc.photowidget3d.frame.PhotoFrameWidgetProvider}/[I@406da938)
01-13 17:51:08.828 D/FxWidgetProvider( 1679): row 1
01-13 17:51:08.838 D/CombinedWidgetProvider( 1679): addFxWidget: WidgetSummary(Photo Grid/FX_WIDGET/[I@40890ef8 x [I@40890f18/-2/ComponentInfo{com.htc.rosiewidgets.photogridwidget3d/com.htc.rosiewidgets.photogridwidget3d.PhotoGridWidget3DProvider}/[I@40890f38)
01-13 17:51:08.838 D/FxWidgetProvider( 1679): row 1
01-13 17:51:08.838 D/CombinedWidgetProvider( 1679): addFxWidget: WidgetSummary(Navigate/FX_WIDGET/[I@40891fb8 x [I@40891fd8/-2/ComponentInfo{com.htc.laputa.widget3d.navigate/com.htc.laputa.widget3d.navigate.NavigateWidgetProvider}/[I@40891ff8)
01-13 17:51:08.848 D/FxWidgetProvider( 1679): row 1
01-13 17:51:08.848 D/CombinedWidgetProvider( 1679): addFxWidget: WidgetSummary(Navigate/FX_WIDGET/[I@40b09b08 x [I@40b09b28/-2/ComponentInfo{com.htc.laputa.widget3d.navigate/com.htc.laputa.widget3d.navigate.NavigateWidgetProvider}/[I@40b08a68)
01-13 17:51:08.858 D/FxWidgetProvider( 1679): row 1
01-13 17:51:08.858 D/PhoneApp( 1669): EVENT_QUERY_MO_PACKAGES
01-13 17:51:08.878 I/ActivityThread( 2648): Pub com.htc.recommend.provider.HTCRecommendSuggestionProvider: com.htc.recommend.provider.HTCRecommendSuggestionProvider
01-13 17:51:08.878 D/CombinedWidgetProvider( 1679): addFxWidget: WidgetSummary(Locations/FX_WIDGET/[I@4089cc60 x [I@4089cc80/-2/ComponentInfo{com.htc.laputa.widget3d.locations/com.htc.laputa.widget3d.locations.LocationsWidgetProvider}/[I@4089b8e8)
01-13 17:51:08.878 D/FxWidgetProvider( 1679): row 1
01-13 17:51:08.888 D/CombinedWidgetProvider( 1679): addFxWidget: WidgetSummary(News/FX_WIDGET/[I@40837f60 x [I@40834d58/-2/ComponentInfo{com.htc.googlereaderwidget/com.htc.googlereaderwidget.RosieWidgetReceiver}/[I@40834d78)
01-13 17:51:08.888 D/FxWidgetProvider( 1679): row 1
01-13 17:51:08.888 I/ActivityManager( 1574): Start proc com.htc.wdm for broadcast com.htc.wdm/.receiver.HTCDirectReceiver: pid=2656 uid=10070 gids={3003, 2001, 1015}
01-13 17:51:08.898 D/CombinedWidgetProvider( 1679): addFxWidget: WidgetSummary(News/FX_WIDGET/[I@40791fc0 x [I@4078c5f0/-2/ComponentInfo{com.htc.googlereaderwidget/com.htc.googlereaderwidget.RosieWidgetReceiver}/[I@4078c610)
01-13 17:51:08.898 D/FxWidgetProvider( 1679): row 1
01-13 17:51:08.908 D/CombinedWidgetProvider( 1679): addFxWidget: WidgetSummary(Data Dashboard/FX_WIDGET/[I@406ff2e0 x [I@406fb6b8/-2/ComponentInfo{com.htc.rosiewidgets.datastrip/com.htc.rosiewidgets.datastrip.DataStripWidgetProvider}/[I@406fb6d8)
01-13 17:51:08.908 D/FxWidgetProvider( 1679): row 1
01-13 17:51:08.918 D/CombinedWidgetProvider( 1679): addFxWidget: WidgetSummary(Data Roaming/FX_WIDGET/[I@408cd878 x [I@408cd898/-2/ComponentInfo{com.htc.rosiewidgets.dataroaming/com.htc.rosiewidgets.dataroaming.WidgetProvider}/[I@408cb520)
01-13 17:51:08.918 D/FxWidgetProvider( 1679): row 1
01-13 17:51:08.918 I/ActivityManager( 1574): No longer want com.htc.home.personalize (pid 1866): hidden #16
01-13 17:51:08.928 D/CombinedWidgetProvider( 1679): addFxWidget: WidgetSummary(Analog Clock/FX_WIDGET/[I@407bc5c0 x [I@407bc5e0/-2/ComponentInfo{com.htc.clock3dwidget/com.htc.clock3dwidget.ClockWidgetProvider}/[I@407a5318)
01-13 17:51:08.928 D/FxWidgetProvider( 1679): row 1
01-13 17:51:08.938 D/CombinedWidgetProvider( 1679): addFxWidget: WidgetSummary(Analog Clock/FX_WIDGET/[I@4068b388 x [I@40673f28/-2/ComponentInfo{com.htc.clock3dwidget/com.htc.clock3dwidget.ClockWidgetProvider}/[I@40673f48)
01-13 17:51:08.938 D/FxWidgetProvider( 1679): row 1
01-13 17:51:08.938 D/CombinedWidgetProvider( 1679): addFxWidget: WidgetSummary(Weather Clock/FX_WIDGET/[I@407bc550 x [I@407bc570/-2/ComponentInfo{com.htc.clock3dwidget/com.htc.clock3dwidget.ClockWidgetProvider}/[I@407bc590)
01-13 17:51:08.948 I/ActivityThread( 2656): Pub com.htc.wdm.provider.HtcDirectCarouselProvider: com.htc.wdm.provider.HtcDirectCarouselProvider
01-13 17:51:08.948 D/FxWidgetProvider( 1679): row 1
01-13 17:51:08.948 D/CombinedWidgetProvider( 1679): addFxWidget: WidgetSummary(Travel Clock/FX_WIDGET/[I@40875f68 x [I@40873c30/-2/ComponentInfo{com.htc.clock3dwidget/com.htc.clock3dwidget.ClockWidgetProvider}/[I@40873c50)
01-13 17:51:08.948 D/FxWidgetProvider( 1679): row 1
01-13 17:51:08.958 I/ActivityThread( 2656): Pub com.htc.wdm.status.HtcDirectProvider: com.htc.wdm.status.HtcDirectProvider
01-13 17:51:08.958 D/CombinedWidgetProvider( 1679): addFxWidget: WidgetSummary(Digital Clock/FX_WIDGET/[I@40d96e40 x [I@40d96bd8/-2/ComponentInfo{com.htc.clock3dwidget/com.htc.clock3dwidget.ClockWidgetProvider}/[I@40d96bf8)
01-13 17:51:08.958 D/FxWidgetProvider( 1679): row 1
01-13 17:51:08.968 D/HTC Hub ( 2656): /mnt/sdcard/.LHYGB/CKCL
01-13 17:51:08.968 D/HTC Hub ( 2656): no token file
01-13 17:51:08.968 D/HTC Hub ( 2656): no token file
01-13 17:51:08.968 D/HTC Hub ( 2656): Log settings are 
01-13 17:51:08.968 D/HTC Hub ( 2656): Enable General Log : false
01-13 17:51:08.968 D/HTC Hub ( 2656): Enable Analytic Log : false
01-13 17:51:08.968 D/HTC Hub ( 2656): Enable Normal Log Level (dependent on General Log) : false
