01-13 17:51:08.968 D/HTC Hub ( 2656): Enable Critical Log Level (dependent on General Log) : false
01-13 17:51:08.968 D/PhoneApp( 1669): -- N1 =0
01-13 17:51:08.968 I/ActivityManager( 1574): No longer want com.htc.sdm (pid 2157): hidden #16
01-13 17:51:08.978 D/CombinedWidgetProvider( 1679): addFxWidget: WidgetSummary(Analog Clock/FX_WIDGET/[I@40b08018 x [I@40b3e4e8/-2/ComponentInfo{com.htc.clock3dwidget/com.htc.clock3dwidget.ClockWidgetProvider}/[I@40b07dc0)
01-13 17:51:08.978 D/FxWidgetProvider( 1679): row 1
01-13 17:51:08.978 I/ActivityManager( 1574): Start proc com.htc.htchubsyncprovider for content provider com.htc.htchubsyncprovider/.provider.MyDownloadsProvider: pid=2664 uid=10069 gids={3003, 2001, 1015}
01-13 17:51:08.988 D/SM:PackageReceiver( 2607): package added: package:uk.ac.st_andrews.cs.host.mk74.energymeasurement.cam
01-13 17:51:08.988 D/CombinedWidgetProvider( 1679): addFxWidget: WidgetSummary(Analog Clock/FX_WIDGET/[I@407fdaa0 x [I@407f83f8/-2/ComponentInfo{com.htc.clock3dwidget/com.htc.clock3dwidget.ClockWidgetProvider}/[I@407f8418)
01-13 17:51:08.988 D/FxWidgetProvider( 1679): row 1
01-13 17:51:08.998 D/WidgetScanner( 1679): onReceive: Intent { act=android.intent.action.PACKAGE_ADDED dat=package:uk.ac.st_andrews.cs.host.mk74.energymeasurement.cam flg=0x10000010 cmp=com.htc.launcher/.widget.WidgetScannerTrigger (has extras) }
01-13 17:51:08.998 D/WidgetScanner( 2614): onReceiveInternal: Intent { act=android.intent.action.PACKAGE_ADDED dat=package:uk.ac.st_andrews.cs.host.mk74.energymeasurement.cam flg=0x10000010 cmp=com.htc.launcher/.widget.WidgetScannerService (has extras) }
01-13 17:51:09.008 D/CombinedWidgetProvider( 1679): addFxWidget: WidgetSummary(Analog Clock/FX_WIDGET/[I@40751918 x [I@40751938/-2/ComponentInfo{com.htc.clock3dwidget/com.htc.clock3dwidget.ClockWidgetProvider}/[I@40751958)
01-13 17:51:09.008 D/HtcWidgetScanner( 2614): onPackageAdded: uk.ac.st_andrews.cs.host.mk74.energymeasurement.cam
01-13 17:51:09.008 D/FxWidgetProvider( 1679): row 1
01-13 17:51:09.028 I/RegisterService( 2615): android.intent.action.PACKAGE_ADDED package:uk.ac.st_andrews.cs.host.mk74.energymeasurement.cam
01-13 17:51:09.028 I/ActivityManager( 1574): Start proc com.svox.pico for broadcast com.svox.pico/.VoiceDataInstallerReceiver: pid=2671 uid=10031 gids={}
01-13 17:51:09.048 D/CombinedWidgetProvider( 1679): addFxWidget: WidgetSummary(Analog Clock/FX_WIDGET/[I@408a2f78 x [I@408a2590/-2/ComponentInfo{com.htc.clock3dwidget/com.htc.clock3dwidget.ClockWidgetProvider}/[I@408a25b0)
01-13 17:51:09.048 D/FxWidgetProvider( 1679): row 1
01-13 17:51:09.068 D/CombinedWidgetProvider( 1679): addFxWidget: WidgetSummary(Analog Clock/FX_WIDGET/[I@40872648 x [I@40872668/-2/ComponentInfo{com.htc.clock3dwidget/com.htc.clock3dwidget.ClockWidgetProvider}/[I@40872688)
01-13 17:51:09.068 D/FxWidgetProvider( 1679): row 1
01-13 17:51:09.088 D/CombinedWidgetProvider( 1679): addFxWidget: WidgetSummary(Analog Clock/FX_WIDGET/[I@40b406a0 x [I@40b406c0/-2/ComponentInfo{com.htc.clock3dwidget/com.htc.clock3dwidget.ClockWidgetProvider}/[I@408497f8)
01-13 17:51:09.098 I/ActivityThread( 2671): Pub com.svox.pico.providers.SettingsProvider: com.svox.pico.providers.SettingsProvider
01-13 17:51:09.098 D/FxWidgetProvider( 1679): row 1
01-13 17:51:09.098 D/CombinedWidgetProvider( 1679): addFxWidget: WidgetSummary(Analog Clock/FX_WIDGET/[I@409f6370 x [I@409f6390/-2/ComponentInfo{com.htc.clock3dwidget/com.htc.clock3dwidget.ClockWidgetProvider}/[I@409f63b0)
01-13 17:51:09.098 I/ActivityThread( 2664): Pub com.htc.wdm.provider.WDMProvider: com.htc.htchubsyncprovider.provider.WDMProvider
01-13 17:51:09.108 I/ActivityThread( 2664): Pub com.htc.wotaproviders.MyDownloadsProvider: com.htc.htchubsyncprovider.provider.MyDownloadsProvider
01-13 17:51:09.108 D/FxWidgetProvider( 1679): row 1
01-13 17:51:09.118 D/vicky   ( 2628): vicky received: android.intent.action.PACKAGE_ADDED
01-13 17:51:09.118 D/HtcWidgetProvider( 1679): row 3
01-13 17:51:09.118 D/PhoneApp( 1669): -- N2 =0
01-13 17:51:09.138 D/PhoneApp( 1669): -- N3 =0
01-13 17:51:09.258 D/dalvikvm( 1574): GC_EXPLICIT freed 1207K, 13% free 15820K/18055K, paused 2ms+11ms
01-13 17:51:09.298 D/AndroidRuntime( 2590): Shutting down VM
01-13 17:51:09.298 D/dalvikvm( 2590): GC_CONCURRENT freed 105K, 83% free 364K/2048K, paused 0ms+0ms
01-13 17:51:09.298 D/dalvikvm( 2590): Debugger has detached; object registry had 1 entries
01-13 17:51:09.308 I/AndroidRuntime( 2590): NOTE: attach of thread 'Binder Thread #3' failed
01-13 17:51:09.378 D/dalvikvm( 1574): GC_EXPLICIT freed 52K, 13% free 15775K/18055K, paused 2ms+3ms
01-13 17:51:09.378 D/CombinedWidgetProvider( 1679): addFxWidget: WidgetSummary(Social Clock/FX_WIDGET/[I@40704fe8 x [I@40705008/-2/ComponentInfo{com.htc.clock3dwidget/com.htc.clock3dwidget.ClockWidgetProvider}/[I@40707a40)
01-13 17:51:09.388 D/FxWidgetProvider( 1679): row 1
01-13 17:51:09.408 D/CombinedWidgetProvider( 1679): addFxWidget: WidgetSummary(Beam Clock/FX_WIDGET/[I@4098fd98 x [I@409facd0/-2/ComponentInfo{com.htc.clock3dwidget/com.htc.clock3dwidget.ClockWidgetProvider}/[I@409facf0)
01-13 17:51:09.418 D/FxWidgetProvider( 1679): row 1
01-13 17:51:09.418 D/HtcWidgetScanner( 2614): count(onPackageUpdated) - 3
01-13 17:51:09.418 I/ActivityManager( 1574): No longer want com.htc.musicenhancer (pid 2427): hidden #16
01-13 17:51:09.438 D/CombinedWidgetProvider( 1679): addFxWidget: WidgetSummary(Ring Clock/FX_WIDGET/[I@40de43f8 x [I@40d33d08/-2/ComponentInfo{com.htc.clock3dwidget/com.htc.clock3dwidget.ClockWidgetProvider}/[I@408b73c8)
01-13 17:51:09.448 D/GTalkService( 1708): [GTalkService.1] handlePackageInstalled: re-initialize providers
01-13 17:51:09.448 D/FxWidgetProvider( 1679): row 1
01-13 17:51:09.448 D/GTalkService( 1708): [RawStanzaProvidersMgr] ##### searchProvidersFromIntent
01-13 17:51:09.448 I/ActivityManager( 1574): Start proc com.google.android.partnersetup for broadcast com.google.android.partnersetup/.RlzPingBroadcastReceiver: pid=2685 uid=10081 gids={3003}
01-13 17:51:09.458 D/CombinedWidgetProvider( 1679): addFxWidget: WidgetSummary(Spin Cycle Clock/FX_WIDGET/[I@40786fd8 x [I@40786ff8/-2/ComponentInfo{com.htc.clock3dwidget/com.htc.clock3dwidget.ClockWidgetProvider}/[I@40840eb8)
01-13 17:51:09.468 D/FxWidgetProvider( 1679): row 1
01-13 17:51:09.468 D/CombinedWidgetProvider( 1679): addFxWidget: WidgetSummary(Analog Clock/FX_WIDGET/[I@40842ee0 x [I@40842f00/-2/ComponentInfo{com.htc.clock3dwidget/com.htc.clock3dwidget.ClockWidgetProvider}/[I@40842f20)
01-13 17:51:09.468 D/FxWidgetProvider( 1679): row 1
01-13 17:51:09.578 D/AndroidRuntime( 2684): 
01-13 17:51:09.578 D/AndroidRuntime( 2684): >>>>>> AndroidRuntime START com.android.internal.os.RuntimeInit <<<<<<
01-13 17:51:09.578 D/AndroidRuntime( 2684): CheckJNI is OFF
01-13 17:51:09.638 D/CombinedWidgetProvider( 1679): addFxWidget: WidgetSummary(Calculator/FX_WIDGET/[I@40844480 x [I@408444a0/-2/ComponentInfo{com.htc.android.fusion.calculator/com.htc.android.fusion.calculator.RosieIntentReceiver}/[I@408444c0)
01-13 17:51:09.648 D/FxWidgetProvider( 1679): row 1
01-13 17:51:09.658 I/ActivityThread( 2685): Pub com.google.android.partnersetup.rlzprovider: com.google.android.partnersetup.RlzProvider
01-13 17:51:09.668 I/ActivityThread( 2685): Pub com.google.android.partnersetup.rlzappprovider: com.google.android.partnersetup.RlzAppProvider
01-13 17:51:09.779 D/CursorWindowStats( 2684): Get CursorWindow size from framework resource:4194304
01-13 17:51:09.809 D/FxWidgetScanner( 2614): onPackageAdded: uk.ac.st_andrews.cs.host.mk74.energymeasurement.cam
01-13 17:51:09.859 D/AndroidRuntime( 2684): Calling main entry com.android.commands.am.Am
01-13 17:51:09.879 D/FxWidgetScanner( 2614): addWidgetList
01-13 17:51:09.889 D/SqliteDatabaseCpp( 2664): dbopen(): path = /data/data/com.htc.htchubsyncprovider/databases , key = mqdksjlkYdw, flag = 6, file size = 6144
01-13 17:51:09.889 D/CombinedWidgetProvider( 1679): addFxWidget: WidgetSummary(Calculator/FX_WIDGET/[I@40dc9710 x [I@40dc9730/-2/ComponentInfo{com.htc.android.fusion.calculator/com.htc.android.fusion.calculator.RosieIntentReceiver}/[I@40dc9750)
01-13 17:51:09.889 D/FxWidgetProvider( 1679): row 1
01-13 17:51:09.899 D/FxWidgetScanner( 2614): ResolveInfo size 0
01-13 17:51:09.899 D/SqliteDatabaseCpp( 2664): dbopen(): path = /data/data/com.htc.htchubsyncprovider/databases , key = mqdksjlkYdw, mode: delete, disk free size: 7855 M, handle: 0xdad18
01-13 17:51:09.909 D/CombinedWidgetProvider( 1679): addFxWidget: WidgetSummary(Calculator/FX_WIDGET/[I@40b8de50 x [I@40b8de70/-2/ComponentInfo{com.htc.android.fusion.calculator/com.htc.android.fusion.calculator.RosieIntentReceiver}/[I@40b8de90)
01-13 17:51:09.909 I/ActivityManager( 1574): No longer want com.htc.pen (pid 2068): hidden #16
01-13 17:51:09.909 I/ActivityManager( 1574): Starting: Intent { act=android.intent.action.MAIN cat=[android.intent.category.LAUNCHER] flg=0x10000000 cmp=uk.ac.st_andrews.cs.host.mk74.energymeasurement.cam/.MainActivity } from pid 2684
01-13 17:51:09.919 D/FxWidgetProvider( 1679): row 1
01-13 17:51:09.949 D/ActivityManager( 1574): isSketcherDisabledInCurrentTask():false, ActivityRecord{40a473e0 uk.ac.st_andrews.cs.host.mk74.energymeasurement.cam/.MainActivity}
01-13 17:51:09.969 D/AndroidRuntime( 2684): Shutting down VM
01-13 17:51:09.969 D/CombinedWidgetProvider( 1679): addFxWidget: WidgetSummary(Calculator/FX_WIDGET/[I@407a0620 x [I@407a0640/-2/ComponentInfo{com.htc.android.fusion.calculator/com.htc.android.fusion.calculator.RosieIntentReceiver}/[I@407a0660)
01-13 17:51:09.969 D/HostWidgetManager( 1679): pauseWidgets: 2
01-13 17:51:09.969 D/SM:PackageReceiver( 2607): package replaced: package:uk.ac.st_andrews.cs.host.mk74.energymeasurement.cam
01-13 17:51:09.999 D/FxWidgetProvider( 1679): row 1
01-13 17:51:10.009 I/ActivityManager( 1574): Start proc uk.ac.st_andrews.cs.host.mk74.energymeasurement.cam for activity uk.ac.st_andrews.cs.host.mk74.energymeasurement.cam/.MainActivity: pid=2700 uid=10106 gids={1006, 1015}
01-13 17:51:10.019 D/SurfaceFlinger( 1438): getTokenForSurface(0xab67c) => 0 (client=0xa2580, bitmap=00000003), pid=1574
01-13 17:51:10.019 D/dalvikvm( 2684): GC_CONCURRENT freed 106K, 81% free 397K/2048K, paused 0ms+0ms
01-13 17:51:10.029 D/dalvikvm( 2684): Debugger has detached; object registry had 1 entries
01-13 17:51:10.079 D/dalvikvm( 1439): GC_EXPLICIT freed 12K, 5% free 6453K/6787K, paused 1ms+1ms
01-13 17:51:10.099 D/dalvikvm( 1439): GC_EXPLICIT freed <1K, 5% free 6453K/6787K, paused 1ms+1ms
01-13 17:51:10.129 D/dalvikvm( 1439): GC_EXPLICIT freed <1K, 5% free 6453K/6787K, paused 1ms+1ms
01-13 17:51:10.149 D/msm7x30.gralloc( 1438): gpu_context_t::getGrallocInformationFromFormat  2 
01-13 17:51:10.159 D/CombinedWidgetProvider( 1679): addFxWidget: WidgetSummary(Auto-sync/FX_WIDGET/[I@408a89a8 x [I@408a89c8/-2/ComponentInfo{com.htc.rosiewidgets.backgrounddata/com.htc.rosiewidgets.backgrounddata.BackgroundDataWidgetProvider}/[I@408a89e8)
01-13 17:51:10.159 D/FxWidgetProvider( 1679): row 1
01-13 17:51:10.169 D/Sensors ( 1574): Enable akm: en = 0
01-13 17:51:10.169 I/ActivityManager( 1574): Start proc com.google.android.apps.maps:FriendService for broadcast com.google.android.apps.maps/com.google.googlenav.friend.android.ServiceReceiver: pid=2708 uid=10046 gids={3003, 1015}
01-13 17:51:10.169 I/RegisterService( 2615): android.intent.action.PACKAGE_REPLACED package:uk.ac.st_andrews.cs.host.mk74.energymeasurement.cam
01-13 17:51:10.239 V/WindowManager( 1574): Starting animation in AppWindowToken{40bb11e8 token=ActivityRecord{40bae278 com.htc.launcher/.Launcher}} @ 1089625
01-13 17:51:10.239 V/WindowManager( 1574): Starting animation in AppWindowToken{41187698 token=ActivityRecord{40a473e0 uk.ac.st_andrews.cs.host.mk74.energymeasurement.cam/.MainActivity}} @ 1089625
01-13 17:51:10.249 V/WindowManager( 1574): Finished animation in AppWindowToken{40bb11e8 token=ActivityRecord{40bae278 com.htc.launcher/.Launcher}} @ 1089657
01-13 17:51:10.249 V/WindowManager( 1574): Finished animation in AppWindowToken{41187698 token=ActivityRecord{40a473e0 uk.ac.st_andrews.cs.host.mk74.energymeasurement.cam/.MainActivity}} @ 1089657
01-13 17:51:10.289 I/CameraService( 1441): cameraId:0
01-13 17:51:10.289 I/CameraService( 1441): 2D mode only
01-13 17:51:10.289 I/QualcommCameraHardware( 1441): openCameraHardware: call createInstance cameraId 0
01-13 17:51:10.289 D/QualcommCameraHardware( 1441): createInstance: E
01-13 17:51:10.289 D/PhoneWindow( 1679): couldn't save which view has focus because the focused view android.widget.RelativeLayout@407c1540 has no id.
01-13 17:51:10.299 D/CameraPP( 1441): CameraPP::CameraPP()
01-13 17:51:10.299 D/SDO_PP  ( 1441): SDO_PP::SDO_PP()
01-13 17:51:10.299 I/OlaEngine( 1441): [Ola_Engine_Create:79] engine build info [ name ] : htc
01-13 17:51:10.299 I/OlaEngine( 1441): [Ola_Engine_Create:83] engine build info [ date ] : 2011-06-09 16:04:18
01-13 17:51:10.299 I/OlaEngine( 1441): [Ola_Engine_Create:87] engine build info [ version ] : __bulid_revision_194__ 
01-13 17:51:10.299 D/CameraFace_OLA( 1441): create OlaEngine
01-13 17:51:10.299 D/CameraFace_OLA( 1441): create Ola FD
01-13 17:51:10.309 V/Olaworks( 1441): [Ola_BeautyShotEngine_Create] prr(0x0002bd28)
01-13 17:51:10.309 D/CameraFace_OLA( 1441): create Ola BS
01-13 17:51:10.329 D/CameraFace_OLA( 1441): create Ola SD
01-13 17:51:10.329 D/CameraFace_OLA( 1441): create Ola BD
01-13 17:51:10.329 D/QualcommCameraHardware( 1441):  Storing the current target type as 2 
01-13 17:51:10.329 D/QualcommCameraHardware( 1441): constructor EX
01-13 17:51:10.329 D/QualcommCameraHardware( 1441): startCamera E
01-13 17:51:10.349 D/QualcommCameraHardware( 1441): loading liboemcamera at 0xb000f004
01-13 17:51:10.349 I/QualcommCameraHardware( 1441): 2ndCAM LED lib name = hw/lights.msm7x30.so
01-13 17:51:10.349 D/QualcommCameraHardware( 1441): loading liblightled at 0xb000f464
01-13 17:51:10.349 I/QualcommCameraHardware( 1441): Set main cam
01-13 17:51:10.349 I/mm-camera( 1441): set sensor selection :0
01-13 17:51:10.349 D/lights  ( 1441): [LedInfo] __set_camera2_led mode=0
01-13 17:51:10.349 D/lights  ( 1441): [LedInfo] write attr ok name=/sys/class/leds/green-camera/brightness string=0,len=1
01-13 17:51:10.419 D/AK8975  ( 1448): Compass CLOSE 
01-13 17:51:10.419 D/dalvikvm( 2708): GC_CONCURRENT freed 152K, 4% free 6807K/7047K, paused 1ms+18ms
01-13 17:51:10.479 D/WidgetScanner( 2614): upadted? false
01-13 17:51:10.479 I/ActivityManager( 1574): No longer want android.process.media (pid 1736): hidden #16
01-13 17:51:10.529 D/dalvikvm( 2708): GC_CONCURRENT freed 133K, 4% free 7134K/7367K, paused 2ms+1ms
01-13 17:51:10.549 I/QualcommCameraHardware( 1441): Open Device node : /dev/msm_camera/control0
01-13 17:51:10.569 I/mm-camera( 1441): Open Device node : /dev/msm_camera/config0 
01-13 17:51:10.579 I/mm-camera( 1441): [AWB Calibration] from kernel: fuse_id: 0x0, 0x0, 0x4, 0x34417
01-13 17:51:10.579 I/mm-camera-s5k4e1gx_u( 1441): Inside s5k4e1gx_process_start 
01-13 17:51:10.579 I/mm-camera( 1441): [LSC Calibration]Sensor_set_mesh
01-13 17:51:10.579 I/mm-camera( 1441): [LSC Calibration] : call awb_get_fuseid
01-13 17:51:10.579 I/mm-camera( 1441): Read /data/lsc_cal fail
01-13 17:51:10.579 I/mm-camera( 1441): Read from file OK: /data/lsc_cal or /sys/android_camera_awb_cal/awb_cal
01-13 17:51:10.579 I/mm-camera( 1441): [LSC Calibration]: lsc_checksum=3366a429, lsc_verify=c1b
01-13 17:51:10.579 I/mm-camera( 1441): [LSC Calibration]: fuseid_1=0,fuseid_2=0,fuseid_3=4,fuseid_4=34417, sfuse.fuse_id_word1=0,sfuse.fuse_id_word2=0,sfuse.fuse_id_word3=4,sfuse.fuse_id_word4=34417
01-13 17:51:10.579 I/mm-camera( 1441): LSC_Calibration: 	addr=a74eaaec, & addr=a74eaaec
01-13 17:51:10.579 I/mm-camera( 1441): LSC_Calibration: 	addr=a74eb8c0, & addr=a74eb8c0
01-13 17:51:10.589 I/mm-camera( 1441): LSC_Calibration: 	addr=a74ec694, & addr=a74ec694
01-13 17:51:10.589 I/mm-camera( 1441): LSC_Calibration: 	addr=a74ed468, & addr=a74ed468
01-13 17:51:10.589 I/mm-camera( 1441): LSC_Calibration: 	addr=a74ee23c, & addr=a74ee23c
01-13 17:51:10.589 I/mm-camera-s5k4e1gx_u( 1441): s5k4e1gx_process_start: [LSC Calibration] LSC is valid and set NEW mesh value
01-13 17:51:10.589 I/mm-camera( 1441): [AWB Calibration] fuse_id : 0x0, 0x0, 0x4, 0x34417
01-13 17:51:10.589 I/mm-camera( 1441): [AWB Calibration] fail to read /data/awb_cal, try another file
01-13 17:51:10.589 I/mm-camera( 1441): [AWB Calibration] read from file OK: /sys/android_camera_awb_cal/awb_cal
01-13 17:51:10.589 I/mm-camera( 1441): [AWB Calibration] nandflash data: 0xc1b, 0x2ad, 0x2b7, 0x0, 0x0, 0x4, 0x34417, 0xc23b908c
01-13 17:51:10.589 I/mm-camera( 1441): [AWB Calibration] check sum=c23b908c, OK
01-13 17:51:10.589 I/mm-camera( 1441): [AWB Calibration] valid bit and fuseID pass, use new white points
01-13 17:51:10.589 I/mm-camera( 1441): [AWB Calibration] use light version: v3
01-13 17:51:10.589 I/mm-camera-s5k4e1gx_u( 1441): s5k4e1gx_register: table = 0xa756c7a8
01-13 17:51:10.589 I/mm-camera-s5k4e1gx_u( 1441): get snapshot size pointer:0xa74bf691
01-13 17:51:10.589 D/mm-camera( 1441): sensor_led_ctrl_init: camfd = 16
01-13 17:51:10.589 D/mm-camera( 1441): af_init_process_exhaustive_search sensor->af_exhaust_downhill_allowance 2, sensor->af_exhaust_fv_drop_allowance 0.800000
01-13 17:51:10.589 I/QualcommCameraHardware( 1441): startCamera: camsensor name s5k4e1gx, flash 0
01-13 17:51:10.589 I/mm-camera( 1441): sctrl:0xa756bc08
01-13 17:51:10.589 I/mm-camera( 1441): sctrl->fn_table:0xa74c04d9
01-13 17:51:10.589 I/mm-camera( 1441): sctrl->fn_table.get_snapshot_sizes:0xa74bf691
01-13 17:51:10.589 I/mm-camera-s5k4e1gx_u( 1441): get table
01-13 17:51:10.589 D/QualcommCameraHardware( 1441): startCamera X
01-13 17:51:10.599 D/QualcommCameraHardware( 1441): loading libposteffect at 0xb000f57c
01-13 17:51:10.599 D/QualcommCameraHardware( 1441): static android::sp<android::CameraHardwareInterface> android::QualcommCameraHardware::createInstance(int): start GPU manager (0).
01-13 17:51:10.599 D/QualcommCameraHardware( 1441): initDefaultParameters E
01-13 17:51:10.599 D/QualcommCameraHardware( 1441): product 13
01-13 17:51:10.599 D/Socket_Alarm( 2708): registerHTCSocketMonitorCallBack
01-13 17:51:10.599 D/Socket_Alarm( 2708): set mSocketMonitor
01-13 17:51:10.599 D/Socket_Alarm( 2708): HTCSocketMonitorImpl::HTCSocketMonitorImpl
01-13 17:51:10.619 D/GPUPostEffect( 1441): SIMON: void* mlabs::GPUPostEffect::threadMain() E.
01-13 17:51:10.619 I/GEManager( 1441): [GEManager] enter
01-13 17:51:10.619 D/libEGL  ( 1441): loaded /system/lib/egl/libEGL_adreno200.so
01-13 17:51:10.619 D/libEGL  ( 1441): loaded /system/lib/egl/libGLESv1_CM_adreno200.so
01-13 17:51:10.629 D/libEGL  ( 1441): loaded /system/lib/egl/libGLESv2_adreno200.so
01-13 17:51:10.629 D/GEManager( 1441): [GEManager] m_eglDisplay successfully
01-13 17:51:10.639 D/libEGL  ( 1441): initialized 0 dpy=0x1, ver=1.3, cnx=0xabcb2500
01-13 17:51:10.639 D/GEManager( 1441): [GEManager] eglInitialize successfully
01-13 17:51:10.639 D/GEManager( 1441): [GEManager] eglChooseConfig successfully
01-13 17:51:10.639 D/GEManager( 1441): [GEManager] eglCreateContext successfully
01-13 17:51:10.649 D/GEManager( 1441): [GEManager] eglCreatePbufferSurface successfully
01-13 17:51:10.649 D/GEManager( 1441): [GEManager] eglMakeCurrent successfully
01-13 17:51:10.649 I/GEManager( 1441): [GEManager] leave
01-13 17:51:10.679 I/ActivityManager( 1574): No longer want com.android.settings (pid 2543): hidden #16
01-13 17:51:10.689 I/ActivityManager( 1574): Start proc com.google.android.googlequicksearchbox for broadcast com.google.android.googlequicksearchbox/.SourceUpdateReceiver: pid=2719 uid=10080 gids={3003}
01-13 17:51:10.759 I/ActivityThread( 2719): Pub com.google.android.googlequicksearchbox.shortcuts: com.google.android.googlequicksearchbox.WebHistoryProvider
01-13 17:51:10.759 I/ActivityThread( 2719): Pub com.google.android.googlequicksearchbox.google: com.google.android.googlequicksearchbox.google.GoogleSuggestionProvider
01-13 17:51:10.900 D/QualcommCameraHardware( 1441): requested preview size 176 x 144
01-13 17:51:10.900 D/QualcommCameraHardware( 1441): requested picture size 2592 x 1952
01-13 17:51:10.900 D/QualcommCameraHardware( 1441): setFlash: flash not supported
01-13 17:51:10.900 I/QualcommCameraHardware( 1441): requested preview size 176 x 144 video size 176 x 144
01-13 17:51:10.900 D/        ( 1441): [GECameraParameters::getGPUEffect] enter
01-13 17:51:10.900 D/        ( 1441): [GECameraParameters::getGPUEffect] leave. no key GPU-effect
01-13 17:51:10.900 D/        ( 1441): [GECameraParameters::getGPUEffectParam] leave. no key GE-param0
01-13 17:51:10.900 D/        ( 1441): [GECameraParameters::getGPUEffectParam] leave. no key GE-param1
01-13 17:51:10.910 D/        ( 1441): [GECameraParameters::getGPUEffectParam] leave. no key GE-param3
01-13 17:51:10.910 I/GPUPostEffect( 1441): SIMON: int mlabs::GPUPostEffect::setParameters(mlabs::GPUPostEffect::GPUTask*): old effect = 0, new effect = -1.
01-13 17:51:10.910 D/GPUPostEffect( 1441): SIMON: setParameters: isGEInit == false: no call to ChooseEffect.
01-13 17:51:10.910 I/QualcommCameraHardware( 1441): pmem pool /dev/pmem_adsp ioctl(fd = 48, PMEM_GET_SIZE) is 1384448
01-13 17:51:10.910 I/QualcommCameraHardware( 1441): pmem pool /dev/pmem_adsp ioctl(fd = 51, PMEM_GET_SIZE) is 1384448
01-13 17:51:10.910 I/QualcommCameraHardware( 1441): pmem pool /dev/pmem_adsp ioctl(fd = 54, PMEM_GET_SIZE) is 1384448
01-13 17:51:10.910 I/QualcommCameraHardware( 1441): pmem pool /dev/pmem_adsp ioctl(fd = 57, PMEM_GET_SIZE) is 1384448
01-13 17:51:10.910 I/QualcommCameraHardware( 1441): pmem pool /dev/pmem_adsp ioctl(fd = 60, PMEM_GET_SIZE) is 1384448
01-13 17:51:10.910 I/QualcommCameraHardware( 1441): pmem pool /dev/pmem_adsp ioctl(fd = 63, PMEM_GET_SIZE) is 1384448
01-13 17:51:10.910 I/QualcommCameraHardware( 1441): pmem pool /dev/pmem_adsp ioctl(fd = 66, PMEM_GET_SIZE) is 1384448
01-13 17:51:10.910 I/QualcommCameraHardware( 1441): pmem pool /dev/pmem_adsp ioctl(fd = 69, PMEM_GET_SIZE) is 1384448
01-13 17:51:10.910 I/QualcommCameraHardware( 1441): pmem pool /dev/pmem_adsp ioctl(fd = 72, PMEM_GET_SIZE) is 1384448
01-13 17:51:10.910 D/CameraFace( 1441): face_config: image_format 0 hcb==NULL
01-13 17:51:10.910 D/QualcommCameraHardware( 1441): initDefaultParameters X
01-13 17:51:10.910 D/QualcommCameraHardware( 1441): createInstance: X created hardware=0x3f8e0
01-13 17:51:10.920 I/AwesomePlayer( 1441): reset
01-13 17:51:10.920 I/AwesomePlayer( 1441): mFlags : 0x0
01-13 17:51:10.920 I/AwesomePlayer( 1441): cancel player events
01-13 17:51:10.920 I/AwesomePlayer( 1441): mFlags : 0x0
01-13 17:51:10.920 I/AwesomePlayer( 1441): mFlags : 0x0
01-13 17:51:10.920 I/AwesomePlayer( 1441): cancel player events
01-13 17:51:10.920 I/AwesomePlayer( 1441): mFlags : 0x0
01-13 17:51:10.920 I/AwesomePlayer( 1441): setDataSource_l('/system/media/audio/ui/camera_click.ogg')
01-13 17:51:10.920 D/CombinedWidgetProvider( 1679): addFxWidget: WidgetSummary(Auto-rotate/FX_WIDGET/[I@40b3b618 x [I@40b3b638/-2/ComponentInfo{com.htc.autorotatewidget/com.htc.autorotatewidget.AutoRotateWidgetProvider}/[I@40b3b658)
01-13 17:51:10.940 D/FxWidgetProvider( 1679): row 1
01-13 17:51:10.940 I/AwesomePlayer( 1441): reset
01-13 17:51:10.940 I/AwesomePlayer( 1441): mFlags : 0x0
01-13 17:51:10.940 I/AwesomePlayer( 1441): cancel player events
01-13 17:51:10.940 I/AwesomePlayer( 1441): mFlags : 0x0
01-13 17:51:10.940 I/AwesomePlayer( 1441): mFlags : 0x0
01-13 17:51:10.940 I/AwesomePlayer( 1441): cancel player events
01-13 17:51:10.940 I/AwesomePlayer( 1441): mFlags : 0x0
01-13 17:51:10.940 I/AwesomePlayer( 1441): setDataSource_l('/system/media/audio/ui/VideoRecord.ogg')
01-13 17:51:10.950 D/SurfaceFlinger( 1438): virtual void android::Layer::onRemoved(): lcblk (identity=8, status=0, token=2)
01-13 17:51:11.020 I/AwesomePlayer( 1441): reset
01-13 17:51:11.020 I/AwesomePlayer( 1441): mFlags : 0x0
01-13 17:51:11.020 I/AwesomePlayer( 1441): cancel player events
01-13 17:51:11.020 I/AwesomePlayer( 1441): mFlags : 0x0
01-13 17:51:11.020 I/AwesomePlayer( 1441): mFlags : 0x0
01-13 17:51:11.020 I/AwesomePlayer( 1441): cancel player events
01-13 17:51:11.020 I/AwesomePlayer( 1441): mFlags : 0x0
01-13 17:51:11.020 I/AwesomePlayer( 1441): setDataSource_l('/system/media/audio/ui/camera_click.ogg')
01-13 17:51:11.020 I/AwesomePlayer( 1441): reset
01-13 17:51:11.020 I/AwesomePlayer( 1441): mFlags : 0x0
01-13 17:51:11.020 I/AwesomePlayer( 1441): cancel player events
01-13 17:51:11.030 I/AwesomePlayer( 1441): mFlags : 0x0
01-13 17:51:11.030 I/AwesomePlayer( 1441): mFlags : 0x0
01-13 17:51:11.030 I/AwesomePlayer( 1441): cancel player events
01-13 17:51:11.030 I/AwesomePlayer( 1441): mFlags : 0x0
01-13 17:51:11.030 I/AwesomePlayer( 1441): setDataSource_l('/system/media/audio/ui/VideoRecord.ogg')
01-13 17:51:11.050 D/dalvikvm( 1708): GC_EXPLICIT freed 315K, 6% free 6819K/7239K, paused 1ms+12ms
01-13 17:51:11.070 D/QualcommCameraHardware( 1441): requested preview size 176 x 144
01-13 17:51:11.070 D/QualcommCameraHardware( 1441): requested picture size 2592 x 1952
01-13 17:51:11.070 D/QualcommCameraHardware( 1441): setFlash: flash not supported
01-13 17:51:11.070 I/QualcommCameraHardware( 1441): requested preview size 176 x 144 video size 176 x 144
01-13 17:51:11.070 D/        ( 1441): [GECameraParameters::getGPUEffect] enter
01-13 17:51:11.070 D/SqliteDatabaseCpp( 2719): dbopen(): path = /data/data/com.google.android.googlequicksearchbox/databases , key = iwf-`awtkvq, flag = 6, file size = 6144
01-13 17:51:11.070 D/        ( 1441): [GECameraParameters::getGPUEffect] leave. no key GPU-effect
01-13 17:51:11.080 D/        ( 1441): [GECameraParameters::getGPUEffectParam] leave. no key GE-param0
01-13 17:51:11.080 D/        ( 1441): [GECameraParameters::getGPUEffectParam] leave. no key GE-param1
01-13 17:51:11.080 D/        ( 1441): [GECameraParameters::getGPUEffectParam] leave. no key GE-param3
01-13 17:51:11.080 I/GPUPostEffect( 1441): SIMON: int mlabs::GPUPostEffect::setParameters(mlabs::GPUPostEffect::GPUTask*): old effect = -1, new effect = -1.
01-13 17:51:11.080 D/GPUPostEffect( 1441): SIMON: setParameters: isGEInit == false: no call to ChooseEffect.
01-13 17:51:11.080 D/SqliteDatabaseCpp( 2719): dbopen(): path = /data/data/com.google.android.googlequicksearchbox/databases , key = iwf-`awtkvq, mode: delete, disk free size: 7855 M, handle: 0x193538
01-13 17:51:11.080 I/System.out( 2700): CameraPreview()
01-13 17:51:11.100 D/ActivityManager( 1574): isSketcherDisabledInCurrentTask():false, ActivityRecord{40a473e0 uk.ac.st_andrews.cs.host.mk74.energymeasurement.cam/.MainActivity}
01-13 17:51:11.100 I/ActivityManager( 1574): No longer want com.htc.notes (pid 2470): hidden #16
01-13 17:51:11.120 D/SurfaceFlinger( 1438): getTokenForSurface(0xbdbec) => 0 (client=0xa2e08, bitmap=00000001), pid=2700
01-13 17:51:11.130 D/SurfaceFlinger( 1438): getTokenForSurface(0xa36ec) => 1 (client=0xa2e08, bitmap=00000003), pid=2700
01-13 17:51:11.130 I/System.out( 2700): SurfaceCreated
01-13 17:51:11.130 D/SurfaceFlinger( 1438): getTokenForSurface(0xa36ec) => 0 (client=0xa3778, bitmap=00000001), pid=2700
01-13 17:51:11.140 D/CameraService( 1441): get debug.camera.setpreviewdisplay(0)
01-13 17:51:11.140 D/QualcommCameraHardware( 1441): setPreviewWindow buffer count 6 176 x 144 size 38016
01-13 17:51:11.140 D/QualcommCameraHardware( 1441): startPreview E
01-13 17:51:11.140 D/QualcommCameraHardware( 1441): initPreview : preview size=176x144 videosize = 176 x 144
01-13 17:51:11.140 D/QualcommCameraHardware( 1441): reRegister: Unregister lastest buffer for MSM_PMEM_VIDEO
01-13 17:51:11.140 D/QualcommCameraHardware( 1441): initRecord :  record heap , video buffers  buffer=1095380992 fd=48 y_off=0 cbcr_off=25344 
01-13 17:51:11.140 D/QualcommCameraHardware( 1441): initRecord :  record heap , video buffers  buffer=1096765440 fd=51 y_off=0 cbcr_off=25344 
01-13 17:51:11.140 D/QualcommCameraHardware( 1441): initRecord :  record heap , video buffers  buffer=1098149888 fd=54 y_off=0 cbcr_off=25344 
01-13 17:51:11.140 D/QualcommCameraHardware( 1441): initRecord :  record heap , video buffers  buffer=1099534336 fd=57 y_off=0 cbcr_off=25344 
01-13 17:51:11.140 D/QualcommCameraHardware( 1441): initRecord :  record heap , video buffers  buffer=1100918784 fd=60 y_off=0 cbcr_off=25344 
01-13 17:51:11.140 D/QualcommCameraHardware( 1441): initRecord :  record heap , video buffers  buffer=1102303232 fd=63 y_off=0 cbcr_off=25344 
01-13 17:51:11.140 D/QualcommCameraHardware( 1441): initRecord :  record heap , video buffers  buffer=1103687680 fd=66 y_off=0 cbcr_off=25344 
01-13 17:51:11.140 D/QualcommCameraHardware( 1441): initRecord :  record heap , video buffers  buffer=1105072128 fd=69 y_off=0 cbcr_off=25344 
01-13 17:51:11.140 D/QualcommCameraHardware( 1441): initRecord :  record heap , video buffers  buffer=1106456576 fd=72 y_off=0 cbcr_off=25344 
01-13 17:51:11.140 D/QualcommCameraHardware( 1441): initREcord X
01-13 17:51:11.140 D/QualcommCameraHardware( 1441): initpreview before cam_frame thread carete , video frame  buffer=1099534336 fd=57 y_off=0 cbcr_off=25344 
01-13 17:51:11.140 I/QualcommCameraHardware( 1441): initPreview: create new mHtcCallbackThread 985984
01-13 17:51:11.140 D/QualcommCameraHardware( 1441): initPreview X: 1
01-13 17:51:11.140 D/msm7x30.gralloc( 1438): gpu_context_t::getGrallocInformationFromFormat  17 
01-13 17:51:11.140 D/QualcommCameraHardware( 1441): <<BUFF>> mem->pointer[0] 0x408c9000 frame = 0x408c9000 native 0x141ffc active 1
01-13 17:51:11.140 D/msm7x30.gralloc( 1438): gpu_context_t::getGrallocInformationFromFormat  17 
01-13 17:51:11.140 D/QualcommCameraHardware( 1441): <<BUFF>> mem->pointer[1] 0x408d3000 frame = 0x408d3000 native 0x14211c active 1
01-13 17:51:11.140 D/msm7x30.gralloc( 1438): gpu_context_t::getGrallocInformationFromFormat  17 
01-13 17:51:11.140 D/QualcommCameraHardware( 1441): <<BUFF>> mem->pointer[2] 0x408dd000 frame = 0x408dd000 native 0x14227c active 1
01-13 17:51:11.140 D/msm7x30.gralloc( 1438): gpu_context_t::getGrallocInformationFromFormat  17 
01-13 17:51:11.140 D/QualcommCameraHardware( 1441): <<BUFF>> mem->pointer[3] 0x408e7000 frame = 0x408e7000 native 0x142414 active 0
01-13 17:51:11.140 D/msm7x30.gralloc( 1438): gpu_context_t::getGrallocInformationFromFormat  17 
01-13 17:51:11.140 D/QualcommCameraHardware( 1441): <<BUFF>> mem->pointer[4] 0x408f1000 frame = 0x408f1000 native 0x14254c active 0
01-13 17:51:11.140 D/msm7x30.gralloc( 1438): gpu_context_t::getGrallocInformationFromFormat  17 
01-13 17:51:11.140 D/QualcommCameraHardware( 1441): <<BUFF>> mem->pointer[5] 0x408fb000 frame = 0x408fb000 native 0x1426e4 active 0
01-13 17:51:11.140 D/CAMFRAME:( 1441): init_preview_frame_queue 7
01-13 17:51:11.140 D/QualcommCameraHardware( 1441): <<BUFF>> Cancel buffer[4] 0x14254c
01-13 17:51:11.150 D/QualcommCameraHardware( 1441): <<BUFF>> Cancel buffer[5] 0x1426e4
01-13 17:51:11.150 D/GPUPostEffect( 1441): SIMON: virtual int mlabs::GPUPostEffect::startPreview(int, int) E.
01-13 17:51:11.150 D/GPUPostEffect( 1441): SIMON: int mlabs::GPUPostEffect::startPreview(mlabs::GPUPostEffect::GPUTask*) E.
01-13 17:51:11.150 D/GPUPostEffect( 1441): SIMON: int mlabs::GPUPostEffect::startPreview(mlabs::GPUPostEffect::GPUTask*): preview 176 x 144 started ok.
01-13 17:51:11.150 D/GPUPostEffect( 1441): SIMON: int mlabs::GPUPostEffect::startPreview(mlabs::GPUPostEffect::GPUTask*) X.
01-13 17:51:11.150 D/GPUPostEffect( 1441): SIMON: virtual int mlabs::GPUPostEffect::startPreview(int, int) X.
01-13 17:51:11.150 D/QualcommCameraHardware( 1441): android::status_t android::QualcommCameraHardware::startPreviewInternal(): startPreview 176 x 144 (0)
01-13 17:51:11.150 W/mm-camera( 1441): config_proc_CAMERA_START_VIDEO:Line:1366 This ioctl can fail if pp_mask is zero. 
01-13 17:51:11.150 W/mm-camera( 1441): config_proc_CAMERA_START_VIDEO:Line:1368 ioctl MSM_CAM_IOCTL_PICT_PP_DONE is failed...
01-13 17:51:11.150 D/QualcommCameraHardware( 1441): Thread: htc_callback_thread E
01-13 17:51:11.150 D/mm-camera( 1441): preview delay Dig_gain =1.009117, sparam->preview_fps 7540
01-13 17:51:11.150 I/mm-camera( 1441): vfe_video_config_demosaic_abf: enable ABF2
01-13 17:51:11.150 D/mm-camera( 1441): start to set sce config.
01-13 17:51:11.150 D/mm-camera( 1441): sce at computeTRansforms m_p: 1.000000
01-13 17:51:11.150 D/mm-camera( 1441): sce m_p:1.000000
01-13 17:51:11.150 D/mm-camera( 1441): sce rEnd_Cr:-5.000000,rEnd_Cb:0.000000,Start_Cr:-10.000000,Start_Cb:0.000000
01-13 17:51:11.150 D/mm-camera( 1441): sce rEnd_Cr:-5.000000,rEnd_Cb:0.000000,Start_Cr:-10.000000,Start_Cb:0.000000
01-13 17:51:11.150 D/mm-camera( 1441): sce m_p:1.000000
01-13 17:51:11.150 D/mm-camera( 1441): sce rEnd_Cr:-10.000000,rEnd_Cb:0.000000,Start_Cr:-15.000000,Start_Cb:0.000000
01-13 17:51:11.150 D/mm-camera( 1441): sce rEnd_Cr:-10.000000,rEnd_Cb:0.000000,Start_Cr:-15.000000,Start_Cb:0.000000
01-13 17:51:11.150 D/mm-camera( 1441): sce m_p:1.000000
01-13 17:51:11.150 D/mm-camera( 1441): sce rEnd_Cr:-16.000000,rEnd_Cb:0.000000,Start_Cr:-19.000000,Start_Cb:0.000000
01-13 17:51:11.150 D/mm-camera( 1441): sce rEnd_Cr:-16.000000,rEnd_Cb:0.000000,Start_Cr:-19.000000,Start_Cb:0.000000
01-13 17:51:11.150 D/mm-camera( 1441): sce m_p:1.000000
01-13 17:51:11.150 D/mm-camera( 1441): sce rEnd_Cr:-21.000000,rEnd_Cb:0.000000,Start_Cr:-23.000000,Start_Cb:0.000000
01-13 17:51:11.150 D/mm-camera( 1441): sce rEnd_Cr:-21.000000,rEnd_Cb:0.000000,Start_Cr:-23.000000,Start_Cb:0.000000
01-13 17:51:11.150 D/mm-camera( 1441): sce m_p:1.000000
01-13 17:51:11.150 D/mm-camera( 1441): sce rEnd_Cr:-23.000000,rEnd_Cb:0.000000,Start_Cr:-24.000000,Start_Cb:0.000000
01-13 17:51:11.150 D/mm-camera( 1441): sce rEnd_Cr:-23.000000,rEnd_Cb:0.000000,Start_Cr:-24.000000,Start_Cb:0.000000
01-13 17:51:11.150 D/mm-camera( 1441): set sce config done
01-13 17:51:11.150 I/QualcommCameraHardware( 1441): runHtcCallbackThread E
01-13 17:51:11.150 I/QualcommCameraHardware( 1441): runHtcCallbackThread: create pipes R 93 W 94
01-13 17:51:11.150 D/QualcommCameraHardware( 1441): Thread: frame_thread E
01-13 17:51:11.150 D/CAMFRAME:( 1441): cam_frame:Initial thread preview buffer=2160066752 fd=-2134998853 y_off=12943540 cbcr_off=12812474 
01-13 17:51:11.150 I/CAMFRAME:( 1441): Open Device node : /dev/msm_camera/frame0 
01-13 17:51:11.150 W/mm-camera( 1441): vfe_util_sendcmd: MSM_CAM_IOCTL_CONFIG_VFE failed...
01-13 17:51:11.150 W/mm-camera( 1441): vfe_util_sendcmd: MSM_CAM_IOCTL_CONFIG_VFE failed...
01-13 17:51:11.160 D/QualcommCameraHardware( 1441): startPreview X
01-13 17:51:11.160 D/QualcommCameraHardware( 1441): [ATS][camera_preview][complete]
01-13 17:51:11.180 D/msm7x30.gralloc( 1438): gpu_context_t::getGrallocInformationFromFormat  1 
01-13 17:51:11.210 D/CombinedWidgetProvider( 1679): addFxWidget: WidgetSummary(Stocks/FX_WIDGET/[I@4087e098 x [I@4087e0b8/-2/ComponentInfo{com.htc.android.fusion.StockWidget/com.htc.android.fusion.StockWidget.RosieWidgetReceiver}/[I@4087e0d8)
01-13 17:51:11.210 D/FxWidgetProvider( 1679): row 1
01-13 17:51:11.210 I/ActivityManager( 1574): Displayed uk.ac.st_andrews.cs.host.mk74.energymeasurement.cam/.MainActivity: +1s207ms (total +17m13s567ms)
01-13 17:51:11.230 I/QualcommCameraHardware( 1441): notifyHtcCallback: (4 1 0)
01-13 17:51:11.230 I/QualcommCameraHardware( 1441): runHtcCallbackThread: read pipe - type 4 arg1 1 arg2 0
01-13 17:51:11.230 D/CameraService( 1441): CameraService::Client::handleGenericNotify: callback
01-13 17:51:11.230 D/mm-camera( 1441): TRIGGER_LOWLIGHT
01-13 17:51:11.230 D/SurfaceFlinger( 1438): virtual void android::Layer::onRemoved(): lcblk (identity=21, status=0, token=0)
01-13 17:51:11.250 D/SurfaceFlinger( 1438): virtual void android::Layer::onRemoved(): lcblk (identity=7, status=0, token=1)
01-13 17:51:11.260 E/OverlayLIB( 1438): setPosition, Overlay SET failed
01-13 17:51:11.260 E/msm7x30.hwcomposer( 1438): prepareOverlay setPosition failed
01-13 17:51:11.270 D/msm7x30.gralloc( 1438): gpu_context_t::getGrallocInformationFromFormat  1 
01-13 17:51:11.300 D/Camera  ( 2700): HTC_CALLBACK: callbackType=4 arg1=1 arg2=0 mHtcCallback=null
01-13 17:51:11.300 W/InputManagerService( 1574): Starting input on non-focused client com.android.internal.view.IInputMethodClient$Stub$Proxy@408ffaa8 (uid=9999 pid=1679)
01-13 17:51:11.320 E/OverlayLIB( 1438): setPosition, Overlay SET failed
01-13 17:51:11.320 E/msm7x30.hwcomposer( 1438): prepareOverlay setPosition failed
01-13 17:51:11.320 D/CombinedWidgetProvider( 1679): addFxWidget: WidgetSummary(Stocks/FX_WIDGET/[I@4086c2d0 x [I@4086c2f0/-2/ComponentInfo{com.htc.android.fusion.StockWidget/com.htc.android.fusion.StockWidget.RosieWidgetReceiver}/[I@4086c310)
01-13 17:51:11.320 D/FxWidgetProvider( 1679): row 1
01-13 17:51:11.330 D/CombinedWidgetProvider( 1679): addFxWidget: WidgetSummary(Stocks/FX_WIDGET/[I@40b2f6e0 x [I@40b2f700/-2/ComponentInfo{com.htc.android.fusion.StockWidget/com.htc.android.fusion.StockWidget.RosieWidgetReceiver}/[I@40b2f720)
01-13 17:51:11.330 D/CombinedWidgetProvider( 1679): -addFxWidgets diff: 3461
01-13 17:51:11.340 D/CombinedWidgetProvider( 1679): +addAppWidgetCategories
01-13 17:51:11.340 D/CombinedWidgetProvider( 1679): add AppWidget category: WidgetCategory(YouTube/APP_WIDGET/0)
01-13 17:51:11.340 D/CombinedWidgetProvider( 1679): add AppWidget category: WidgetCategory(Twitter (large)/APP_WIDGET/0)
01-13 17:51:11.340 D/CombinedWidgetProvider( 1679): add AppWidget category: WidgetCategory(Twitter (small)/APP_WIDGET/0)
01-13 17:51:11.340 D/CombinedWidgetProvider( 1679): add AppWidget category: WidgetCategory(Traffic/APP_WIDGET/0)
01-13 17:51:11.340 D/CombinedWidgetProvider( 1679): add AppWidget category: WidgetCategory(Latitude/APP_WIDGET/0)
01-13 17:51:11.340 D/CombinedWidgetProvider( 1679): add AppWidget category: WidgetCategory(Market/APP_WIDGET/0)
01-13 17:51:11.340 D/CombinedWidgetProvider( 1679): add AppWidget category: WidgetCategory(Google Search/APP_WIDGET/0)
01-13 17:51:11.340 D/CombinedWidgetProvider( 1679): add AppWidget category: WidgetCategory(Gmail/APP_WIDGET/0)
01-13 17:51:11.350 D/CombinedWidgetProvider( 1679): add AppWidget category: WidgetCategory(Bookmarks/APP_WIDGET/0)
01-13 17:51:11.350 D/CombinedWidgetProvider( 1679): -addAppWidgetCategories
01-13 17:51:11.350 D/CombinedWidgetProvider( 1679): +addHtcWidgetCategories
01-13 17:51:11.350 D/CombinedWidgetProvider( 1679):  uri: content://com.htc.launcher.widget.htcwidget/htcwidgets?category_only=true
01-13 17:51:11.360 D/HtcWidgetProvider( 1679): row 1
01-13 17:51:11.380 D/CombinedWidgetProvider( 1679): addHtcWidget Category: WidgetCategory(Tips for Home/HTC_WIDGET/1101)
01-13 17:51:11.380 D/CombinedWidgetProvider( 1679): -addHtcWidgetCategories
01-13 17:51:11.380 D/CombinedWidgetProvider( 1679): +addFxWidgetCategories
01-13 17:51:11.380 D/FxWidgetProvider( 1679): row 94
01-13 17:51:11.440 W/BinderNative( 2495): Uncaught exception from death notification
01-13 17:51:11.440 W/BinderNative( 2495): java.lang.NullPointerException
01-13 17:51:11.440 W/BinderNative( 2495): 	at android.app.ActivityThread.removeDeadProvider(ActivityThread.java:4405)
01-13 17:51:11.440 W/BinderNative( 2495): 	at android.app.ActivityThread$ProviderClientRecord.binderDied(ActivityThread.java:314)
01-13 17:51:11.440 W/BinderNative( 2495): 	at android.os.BinderProxy.sendDeathNotice(Binder.java:418)
01-13 17:51:11.440 W/BinderNative( 2495): 	at dalvik.system.NativeStart.run(Native Method)
01-13 17:51:11.600 I/MediaRecorderJNI( 2700): prepare: surface=0x1a7ae8 (identity=24)
01-13 17:51:11.600 I/System.out( 2700): about to start recording
01-13 17:51:11.600 D/CameraSource( 1441): Requested video size (176x144) isSetVideoSizeSupportedByCamera 1
01-13 17:51:11.600 D/QualcommCameraHardware( 1441): requested preview size 176 x 144
01-13 17:51:11.600 D/QualcommCameraHardware( 1441): requested picture size 2592 x 1952
01-13 17:51:11.600 I/QualcommCameraHardware( 1441): requested effect 0
01-13 17:51:11.600 D/QualcommCameraHardware( 1441): setFlash: flash not supported
01-13 17:51:11.600 I/QualcommCameraHardware( 1441): requested preview size 176 x 144 video size 176 x 144
01-13 17:51:11.600 D/        ( 1441): [GECameraParameters::getGPUEffect] enter
01-13 17:51:11.610 D/        ( 1441): [GECameraParameters::getGPUEffect] leave. no key GPU-effect
01-13 17:51:11.610 D/        ( 1441): [GECameraParameters::getGPUEffectParam] leave. no key GE-param0
01-13 17:51:11.610 D/        ( 1441): [GECameraParameters::getGPUEffectParam] leave. no key GE-param1
01-13 17:51:11.610 D/        ( 1441): [GECameraParameters::getGPUEffectParam] leave. no key GE-param3
01-13 17:51:11.610 I/GPUPostEffect( 1441): SIMON: int mlabs::GPUPostEffect::setParameters(mlabs::GPUPostEffect::GPUTask*): old effect = -1, new effect = -1.
01-13 17:51:11.610 D/GPUPostEffect( 1441): SIMON: setParameters: isGEInit == false: no call to ChooseEffect.
01-13 17:51:11.610 D/QualcommCameraHardware( 1441): requested preview size 176 x 144
01-13 17:51:11.610 D/QualcommCameraHardware( 1441): requested picture size 2592 x 1952
01-13 17:51:11.610 I/QualcommCameraHardware( 1441): requested effect 0
01-13 17:51:11.610 D/QualcommCameraHardware( 1441): setFlash: flash not supported
01-13 17:51:11.610 D/QualcommCameraHardware( 1441): rotation = 0
01-13 17:51:11.610 I/QualcommCameraHardware( 1441): requested preview size 176 x 144 video size 176 x 144
01-13 17:51:11.610 D/        ( 1441): [GECameraParameters::getGPUEffect] enter
01-13 17:51:11.610 D/        ( 1441): [GECameraParameters::getGPUEffect] leave. no key GPU-effect
01-13 17:51:11.610 D/        ( 1441): [GECameraParameters::getGPUEffectParam] leave. no key GE-param0
01-13 17:51:11.610 D/        ( 1441): [GECameraParameters::getGPUEffectParam] leave. no key GE-param1
01-13 17:51:11.610 D/        ( 1441): [GECameraParameters::getGPUEffectParam] leave. no key GE-param3
01-13 17:51:11.610 I/GPUPostEffect( 1441): SIMON: int mlabs::GPUPostEffect::setParameters(mlabs::GPUPostEffect::GPUTask*): old effect = -1, new effect = -1.
01-13 17:51:11.610 D/GPUPostEffect( 1441): SIMON: setParameters: isGEInit == false: no call to ChooseEffect.
01-13 17:51:11.610 I/StagefrightRecorder( 1441): Frame rate is not explicitly set. Use the current frame rate (30 fps)
01-13 17:51:11.610 I/QC_CORE ( 1441): OMXCORE API :  Get Handle 4060ea4c OMX.qcom.video.encoder.h263 142fe0
01-13 17:51:11.610 I/QC_CORE ( 1441): before get_cmp_index **********-1
01-13 17:51:11.610 I/QC_CORE ( 1441): get_cmp_index: cmp_name = OMX.qcom.video.encoder.h263 , core[i].name = OMX.qcom.video.decoder.avc ,count = 0 
01-13 17:51:11.610 I/QC_CORE ( 1441): get_cmp_index: cmp_name = OMX.qcom.video.encoder.h263 , core[i].name = OMX.qcom.video.decoder.mpeg4 ,count = 1 
01-13 17:51:11.610 I/QC_CORE ( 1441): get_cmp_index: cmp_name = OMX.qcom.video.encoder.h263 , core[i].name = OMX.qcom.video.decoder.vc1 ,count = 2 
01-13 17:51:11.610 I/QC_CORE ( 1441): get_cmp_index: cmp_name = OMX.qcom.video.encoder.h263 , core[i].name = OMX.qcom.video.decoder.wmv ,count = 3 
01-13 17:51:11.610 I/QC_CORE ( 1441): get_cmp_index: cmp_name = OMX.qcom.video.encoder.h263 , core[i].name = OMX.qcom.video.decoder.h263 ,count = 4 
01-13 17:51:11.610 I/QC_CORE ( 1441): get_cmp_index: cmp_name = OMX.qcom.video.encoder.h263 , core[i].name = OMX.qcom.video.decoder.divx ,count = 5 
01-13 17:51:11.610 I/QC_CORE ( 1441): get_cmp_index: cmp_name = OMX.qcom.video.encoder.h263 , core[i].name = OMX.qcom.video.encoder.mpeg4 ,count = 6 
01-13 17:51:11.610 I/QC_CORE ( 1441): get_cmp_index: cmp_name = OMX.qcom.video.encoder.h263 , core[i].name = OMX.qcom.video.encoder.h263 ,count = 7 
01-13 17:51:11.610 I/QC_CORE ( 1441): returning index 7
01-13 17:51:11.610 I/QC_CORE ( 1441): getting fn pointer
01-13 17:51:11.610 I/QC_CORE ( 1441): Dynamically Loading the library : libOmxVenc.so
01-13 17:51:11.620 D/OMX-VENC-720p( 1441): 
01-13 17:51:11.620 D/OMX-VENC-720p( 1441):  omx_video(): Inside Constructor()
01-13 17:51:11.620 I/QC_CORE ( 1441): OMXCORE: qc_omx_component_init 144ed4
01-13 17:51:11.620 D/OMX-VENC-720p( 1441): 
01-13 17:51:11.620 D/OMX-VENC-720p( 1441):  omx_venc(): Inside component_init()
01-13 17:51:11.760 D/OMX-VENC-720p( 1441): bool venc_dev::venc_validate_profile_level(OMX_U32*, OMX_U32*): Returning with eProfile = 1Level = 2
01-13 17:51:11.760 D/OMX-VENC-720p( 1441): 
01-13 17:51:11.760 D/OMX-VENC-720p( 1441):  bool venc_dev::venc_open(OMX_U32)(): Init Profile/Level setting success
01-13 17:51:11.760 D/OMX-VENC-720p( 1441): 
01-13 17:51:11.760 D/OMX-VENC-720p( 1441):  Component_init return value = 0x0
01-13 17:51:11.760 I/QC_CORE ( 1441): OMXCORE: qc_omx_component_set_callbacks 144ed4, a2ea9030 , 142fe0
01-13 17:51:11.760 I/QC_CORE ( 1441): free handle slot exists 0
01-13 17:51:11.760 I/QC_CORE ( 1441): Component 144ed4 Successfully created
01-13 17:51:11.760 I/QC_CORE ( 1441): OMXCORE: qc_omx_component_set_parameter 144ed4, 4060e994 , 16777239
01-13 17:51:11.760 E/OMXCodec( 1441): setVideoInputFormat for video/3gpp with properties width (176) height (144) frameRate (30) bitRate (192000) stride (176) sliceHeight (144)
01-13 17:51:11.760 I/QC_CORE ( 1441): OMXCORE: qc_omx_component_get_parameter 144ed4, 4060e750 , 100663297
01-13 17:51:11.760 I/QC_CORE ( 1441): OMXCORE: qc_omx_component_get_parameter 144ed4, 4060e784 , 100663297
01-13 17:51:11.760 I/QC_CORE ( 1441): OMXCORE: qc_omx_component_set_parameter 144ed4, 4060e784 , 100663297
01-13 17:51:11.760 I/QC_CORE ( 1441): OMXCORE: qc_omx_component_get_parameter 144ed4, 4060e7ec , 33554433
01-13 17:51:11.760 I/QC_CORE ( 1441): OMXCORE: qc_omx_component_set_parameter 144ed4, 4060e7ec , 33554433
01-13 17:51:11.760 I/QC_CORE ( 1441): OMXCORE: qc_omx_component_get_parameter 144ed4, 4060e784 , 100663297
01-13 17:51:11.760 I/QC_CORE ( 1441): OMXCORE: qc_omx_component_set_parameter 144ed4, 4060e784 , 100663297
01-13 17:51:11.760 I/QC_CORE ( 1441): OMXCORE: qc_omx_component_get_parameter 144ed4, 4060e7ec , 33554433
01-13 17:51:11.760 I/QC_CORE ( 1441): OMXCORE: qc_omx_component_set_parameter 144ed4, 4060e7ec , 33554433
01-13 17:51:11.760 D/OMX-VENC-720p( 1441): bool venc_dev::venc_validate_profile_level(OMX_U32*, OMX_U32*): Returning with eProfile = 1Level = 2
01-13 17:51:11.760 D/OMX-VENC-720p( 1441): Calling set level (Framerate) with 21
01-13 17:51:11.760 D/OMX-VENC-720p( 1441): bool venc_dev::venc_validate_profile_level(OMX_U32*, OMX_U32*): Returning with eProfile = 1Level = 4
01-13 17:51:11.760 D/OMX-VENC-720p( 1441): Calling set level (Bitrate) with 22
01-13 17:51:11.760 I/QC_CORE ( 1441): OMXCORE: qc_omx_component_get_parameter 144ed4, 4060e730 , 100663310
01-13 17:51:11.760 I/QC_CORE ( 1441): OMXCORE: qc_omx_component_get_parameter 144ed4, 4060e6f0 , 100663311
01-13 17:51:11.760 D/OMX-VENC-720p( 1441): get_parameter: OMX_IndexParamVideoProfileLevelQuerySupported for Input port returned Profile:1, Level:128
01-13 17:51:11.760 I/QC_CORE ( 1441): OMXCORE: qc_omx_component_set_parameter 144ed4, 4060e730 , 100663310
01-13 17:51:11.760 D/OMX-VENC-720p( 1441): bool venc_dev::venc_validate_profile_level(OMX_U32*, OMX_U32*): Returning with eProfile = 1Level = 4
01-13 17:51:11.760 D/OMX-VENC-720p( 1441): 
01-13 17:51:11.760 D/OMX-VENC-720p( 1441):  venc_set_intra_period: nPFrames = 30 nBFrames = 0
01-13 17:51:11.760 I/QC_CORE ( 1441): OMXCORE: qc_omx_component_get_parameter 144ed4, 4060e678 , 100663300
01-13 17:51:11.760 I/QC_CORE ( 1441): OMXCORE: qc_omx_component_set_parameter 144ed4, 4060e678 , 100663300
01-13 17:51:11.760 D/OMX-VENC-720p( 1441): bool venc_dev::venc_validate_profile_level(OMX_U32*, OMX_U32*): Returning with eProfile = 1Level = 4
01-13 17:51:11.760 D/OMX-VENC-720p( 1441): Calling set level (Bitrate) with 22
01-13 17:51:11.760 I/QC_CORE ( 1441): OMXCORE: qc_omx_component_get_parameter 144ed4, 4060e6f0 , 100663303
01-13 17:51:11.760 I/QC_CORE ( 1441): OMXCORE: qc_omx_component_set_parameter 144ed4, 4060e6f0 , 100663303
01-13 17:51:11.760 I/QC_CORE ( 1441): OMXCORE: qc_omx_component_get_parameter 144ed4, 4060e880 , 33554433
01-13 17:51:11.760 I/QC_CORE ( 1441): OMXCORE: qc_omx_component_set_parameter 144ed4, 4060e91c , 2130706434
01-13 17:51:11.760 D/MPEG4Writer( 1441): MPEG4Writer::start E
01-13 17:51:11.760 I/MPEG4Writer( 1441): limits: 2147483647/0 bytes/us, bit rate: 192000 bps and the estimated moov size 3072 bytes
01-13 17:51:11.760 D/QualcommCameraHardware( 1441): virtual bool android::QualcommCameraHardware::recordingEnabled() recordingState=0
01-13 17:51:11.760 D/QualcommCameraHardware( 1441): startRecording E
01-13 17:51:11.760 D/QualcommCameraHardware( 1441): [ATS][press_jogball][recording]
01-13 17:51:11.760 I/QualcommCameraHardware( 1441): startRecording: VPE enabled, setting vpe parameters
01-13 17:51:11.760 D/QualcommCameraHardware( 1441): native_start_video: ioctl good. ioctl return value is 0 
01-13 17:51:11.760 E/QualcommCameraHardware( 1441): frames in busy Q = 0
01-13 17:51:11.760 E/QualcommCameraHardware( 1441): frames in busy Q = 0 after deq and add to freeQ
01-13 17:51:11.760 D/QualcommCameraHardware( 1441): [ATS][record_video][complete]
01-13 17:51:11.760 D/QualcommCameraHardware( 1441): virtual bool android::QualcommCameraHardware::recordingEnabled() recordingState=1
01-13 17:51:11.760 I/QC_CORE ( 1441): OMXCORE: qc_omx_component_get_parameter 144ed4, 4060e9c0 , 33554433
01-13 17:51:11.760 E/OMXCodec( 1441): Calling getNumVideoBuffers
01-13 17:51:11.770 E/QualcommCameraHardware( 1441): getNumOfVideoBuffers: 9
01-13 17:51:11.770 I/QC_CORE ( 1441): OMXCORE: qc_omx_component_set_parameter 144ed4, 4060e9c0 , 33554433
01-13 17:51:11.770 I/OMXCodec( 1441): [OMX.qcom.video.encoder.h263] allocating 9 buffers of size 38016 on input port
01-13 17:51:11.770 I/QC_CORE ( 1441): OMXCORE: qc_omx_component_use_buffer 144ed4
01-13 17:51:11.770 D/OMX-VENC-720p( 1441): use_input_buffer: port = 0 appData = 0x4060e940 bytes = 38016 buffer = 0x414a3000
01-13 17:51:11.770 I/QC_CORE ( 1441): OMXCORE: qc_omx_component_use_buffer 144ed4
