01-16 13:45:26.599 I/QC_CORE ( 1444): OMXCORE: qc_omx_component_set_parameter 147404, 4060e730 , 100663310
01-16 13:45:26.599 D/OMX-VENC-720p( 1444): bool venc_dev::venc_validate_profile_level(OMX_U32*, OMX_U32*): Returning with eProfile = 1Level = 4
01-16 13:45:26.599 D/OMX-VENC-720p( 1444): 
01-16 13:45:26.599 D/OMX-VENC-720p( 1444):  venc_set_intra_period: nPFrames = 30 nBFrames = 0
01-16 13:45:26.599 I/QC_CORE ( 1444): OMXCORE: qc_omx_component_get_parameter 147404, 4060e678 , 100663300
01-16 13:45:26.609 I/QC_CORE ( 1444): OMXCORE: qc_omx_component_set_parameter 147404, 4060e678 , 100663300
01-16 13:45:26.609 D/OMX-VENC-720p( 1444): bool venc_dev::venc_validate_profile_level(OMX_U32*, OMX_U32*): Returning with eProfile = 1Level = 4
01-16 13:45:26.609 D/OMX-VENC-720p( 1444): Calling set level (Bitrate) with 22
01-16 13:45:26.609 I/QC_CORE ( 1444): OMXCORE: qc_omx_component_get_parameter 147404, 4060e6f0 , 100663303
01-16 13:45:26.609 I/QC_CORE ( 1444): OMXCORE: qc_omx_component_set_parameter 147404, 4060e6f0 , 100663303
01-16 13:45:26.609 I/QC_CORE ( 1444): OMXCORE: qc_omx_component_get_parameter 147404, 4060e880 , 33554433
01-16 13:45:26.609 I/QC_CORE ( 1444): OMXCORE: qc_omx_component_set_parameter 147404, 4060e91c , 2130706434
01-16 13:45:26.609 D/MPEG4Writer( 1444): MPEG4Writer::start E
01-16 13:45:26.609 I/MPEG4Writer( 1444): limits: 2147483647/0 bytes/us, bit rate: 192000 bps and the estimated moov size 3072 bytes
01-16 13:45:26.609 D/QualcommCameraHardware( 1444): virtual bool android::QualcommCameraHardware::recordingEnabled() recordingState=0
01-16 13:45:26.609 D/QualcommCameraHardware( 1444): startRecording E
01-16 13:45:26.609 D/QualcommCameraHardware( 1444): [ATS][press_jogball][recording]
01-16 13:45:26.609 I/QualcommCameraHardware( 1444): startRecording: VPE enabled, setting vpe parameters
01-16 13:45:26.609 D/QualcommCameraHardware( 1444): native_start_video: ioctl good. ioctl return value is 0 
01-16 13:45:26.609 E/QualcommCameraHardware( 1444): frames in busy Q = 0
01-16 13:45:26.609 E/QualcommCameraHardware( 1444): frames in busy Q = 0 after deq and add to freeQ
01-16 13:45:26.609 D/QualcommCameraHardware( 1444): [ATS][record_video][complete]
01-16 13:45:26.609 D/QualcommCameraHardware( 1444): virtual bool android::QualcommCameraHardware::recordingEnabled() recordingState=1
01-16 13:45:26.609 I/QC_CORE ( 1444): OMXCORE: qc_omx_component_get_parameter 147404, 4060e9c0 , 33554433
01-16 13:45:26.609 E/OMXCodec( 1444): Calling getNumVideoBuffers
01-16 13:45:26.609 E/QualcommCameraHardware( 1444): getNumOfVideoBuffers: 9
01-16 13:45:26.609 I/QC_CORE ( 1444): OMXCORE: qc_omx_component_set_parameter 147404, 4060e9c0 , 33554433
01-16 13:45:26.609 I/OMXCodec( 1444): [OMX.qcom.video.encoder.h263] allocating 9 buffers of size 38016 on input port
01-16 13:45:26.609 I/QC_CORE ( 1444): OMXCORE: qc_omx_component_use_buffer 147404
01-16 13:45:26.609 D/OMX-VENC-720p( 1444): use_input_buffer: port = 0 appData = 0x4060e940 bytes = 38016 buffer = 0x413a3000
01-16 13:45:26.609 I/QC_CORE ( 1444): OMXCORE: qc_omx_component_use_buffer 147404
01-16 13:45:26.609 D/OMX-VENC-720p( 1444): use_input_buffer: port = 0 appData = 0x4060e940 bytes = 38016 buffer = 0x414f5000
01-16 13:45:26.609 I/QC_CORE ( 1444): OMXCORE: qc_omx_component_use_buffer 147404
01-16 13:45:26.609 D/OMX-VENC-720p( 1444): use_input_buffer: port = 0 appData = 0x4060e940 bytes = 38016 buffer = 0x41647000
01-16 13:45:26.609 I/QC_CORE ( 1444): OMXCORE: qc_omx_component_use_buffer 147404
01-16 13:45:26.609 D/OMX-VENC-720p( 1444): use_input_buffer: port = 0 appData = 0x4060e940 bytes = 38016 buffer = 0x41799000
01-16 13:45:26.609 I/QC_CORE ( 1444): OMXCORE: qc_omx_component_use_buffer 147404
01-16 13:45:26.609 D/OMX-VENC-720p( 1444): use_input_buffer: port = 0 appData = 0x4060e940 bytes = 38016 buffer = 0x418eb000
01-16 13:45:26.609 I/QC_CORE ( 1444): OMXCORE: qc_omx_component_use_buffer 147404
01-16 13:45:26.609 D/OMX-VENC-720p( 1444): use_input_buffer: port = 0 appData = 0x4060e940 bytes = 38016 buffer = 0x41a3d000
01-16 13:45:26.609 I/QC_CORE ( 1444): OMXCORE: qc_omx_component_use_buffer 147404
01-16 13:45:26.609 D/OMX-VENC-720p( 1444): use_input_buffer: port = 0 appData = 0x4060e940 bytes = 38016 buffer = 0x41b8f000
01-16 13:45:26.619 I/QC_CORE ( 1444): OMXCORE: qc_omx_component_use_buffer 147404
01-16 13:45:26.619 D/QualcommCameraHardware( 1444): runVideoThread E
01-16 13:45:26.619 D/OMX-VENC-720p( 1444): use_input_buffer: port = 0 appData = 0x4060e940 bytes = 38016 buffer = 0x41ce1000
01-16 13:45:26.619 I/QC_CORE ( 1444): OMXCORE: qc_omx_component_use_buffer 147404
01-16 13:45:26.619 D/OMX-VENC-720p( 1444): use_input_buffer: port = 0 appData = 0x4060e940 bytes = 38016 buffer = 0x41e33000
01-16 13:45:26.619 I/QC_CORE ( 1444): OMXCORE: qc_omx_component_get_parameter 147404, 4060e9c0 , 33554433
01-16 13:45:26.619 I/OMXCodec( 1444): [OMX.qcom.video.encoder.h263] allocating 5 buffers of size 38016 on output port
01-16 13:45:26.619 I/QC_CORE ( 1444): OMXCORE: qc_omx_component_allocate_buffer 147404, 4060e954 , 1
01-16 13:45:26.619 D/OMX-VENC-720p( 1444): 
01-16 13:45:26.619 D/OMX-VENC-720p( 1444):  allocate_output_buffer()::
01-16 13:45:26.619 D/OMX-VENC-720p( 1444): 
01-16 13:45:26.619 D/OMX-VENC-720p( 1444):  actual cnt = 5
01-16 13:45:26.619 I/QC_CORE ( 1444): OMXCORE: qc_omx_component_allocate_buffer 147404, 4060e954 , 1
01-16 13:45:26.619 D/OMX-VENC-720p( 1444): 
01-16 13:45:26.619 D/OMX-VENC-720p( 1444):  allocate_output_buffer()::
01-16 13:45:26.619 D/OMX-VENC-720p( 1444): 
01-16 13:45:26.619 D/OMX-VENC-720p( 1444):  actual cnt = 5
01-16 13:45:26.619 I/QC_CORE ( 1444): OMXCORE: qc_omx_component_allocate_buffer 147404, 4060e954 , 1
01-16 13:45:26.619 D/OMX-VENC-720p( 1444): 
01-16 13:45:26.619 D/OMX-VENC-720p( 1444):  allocate_output_buffer()::
01-16 13:45:26.619 D/OMX-VENC-720p( 1444): 
01-16 13:45:26.619 D/OMX-VENC-720p( 1444):  actual cnt = 5
01-16 13:45:26.619 I/QC_CORE ( 1444): OMXCORE: qc_omx_component_allocate_buffer 147404, 4060e954 , 1
01-16 13:45:26.619 D/OMX-VENC-720p( 1444): 
01-16 13:45:26.619 D/OMX-VENC-720p( 1444):  allocate_output_buffer()::
01-16 13:45:26.619 D/OMX-VENC-720p( 1444): 
01-16 13:45:26.619 D/OMX-VENC-720p( 1444):  actual cnt = 5
01-16 13:45:26.619 I/QC_CORE ( 1444): OMXCORE: qc_omx_component_allocate_buffer 147404, 4060e954 , 1
01-16 13:45:26.619 D/OMX-VENC-720p( 1444): 
01-16 13:45:26.619 D/OMX-VENC-720p( 1444):  allocate_output_buffer()::
01-16 13:45:26.619 D/OMX-VENC-720p( 1444): 
01-16 13:45:26.619 D/OMX-VENC-720p( 1444):  actual cnt = 5
01-16 13:45:26.619 I/QC_CORE ( 1444): OMXCORE: qc_omx_component_send_command 147404, 0 , 2
01-16 13:45:26.619 D/OMX-VENC-720p( 1444): Process -> state set to 2 
01-16 13:45:26.619 I/QC_CORE ( 1444): OMXCORE: qc_omx_component_send_command 147404, 0 , 3
01-16 13:45:26.619 D/OMX-VENC-720p( 1444): 
01-16 13:45:26.619 D/OMX-VENC-720p( 1444):  unsigned int venc_dev::venc_start()(): Check Profile/Level set in driver before start
01-16 13:45:26.619 D/OMX-VENC-720p( 1444): 
01-16 13:45:26.619 D/OMX-VENC-720p( 1444):  unsigned int venc_dev::venc_start()(): Driver Profile[6]/Level[22] successfully SET
01-16 13:45:26.619 D/OMX-VENC-720p( 1444): 
01-16 13:45:26.619 D/OMX-VENC-720p( 1444): ENC_CONFIG: Codec: 3, Profile 6, level : 22
01-16 13:45:26.619 D/OMX-VENC-720p( 1444): 
01-16 13:45:26.619 D/OMX-VENC-720p( 1444):  ENC_CONFIG: Width: 176, Height:144, Fps: 30
01-16 13:45:26.619 D/OMX-VENC-720p( 1444): 
01-16 13:45:26.619 D/OMX-VENC-720p( 1444): ENC_CONFIG: Bitrate: 192000, RC: 3, I-Period: 30
01-16 13:45:26.619 D/OMX-VENC-720p( 1444): 
01-16 13:45:26.619 D/OMX-VENC-720p( 1444): ENC_CONFIG: qpI: 224, qpP: 50, qpb: 0
01-16 13:45:26.619 D/OMX-VENC-720p( 1444): 
01-16 13:45:26.619 D/OMX-VENC-720p( 1444): ENC_CONFIG: VOP_Resolution: 1694527589, Slice-Mode: 1, Slize_Size: 0
01-16 13:45:26.619 D/OMX-VENC-720p( 1444): 
01-16 13:45:26.619 D/OMX-VENC-720p( 1444): ENC_CONFIG: EntropyMode: 1869425765, CabacModel: 1848405870
01-16 13:45:26.619 D/OMX-VENC-720p( 1444): 
01-16 13:45:26.619 D/OMX-VENC-720p( 1444): ENC_CONFIG: DB-Mode: 1869641829, alpha: 1701999987, Beta: 1836016429
01-16 13:45:26.619 D/OMX-VENC-720p( 1444): 
01-16 13:45:26.619 D/OMX-VENC-720p( 1444): ENC_CONFIG: IntraMB/Frame: 1869182049, HEC: 1953705326
01-16 13:45:26.629 D/OMX-VENC-720p( 1444): 
01-16 13:45:26.629 D/OMX-VENC-720p( 1444):  OMX_COMPONENT_GENERATE_START_DONE msg
01-16 13:45:26.629 D/OMX-VENC-720p( 1444): 
01-16 13:45:26.629 D/OMX-VENC-720p( 1444):  OMX_COMPONENT_GENERATE_START_DONE Success
01-16 13:45:26.629 D/OMX-VENC-720p( 1444): 
01-16 13:45:26.629 D/OMX-VENC-720p( 1444):  OMX_COMPONENT_GENERATE_START_DONE Move to executing
01-16 13:45:26.639 D/MPEG4Writer( 1444): start MPEG4Writer::Track thread: Video, pid=1444, tid=2573
01-16 13:45:26.639 D/dalvikvm( 1684): GC_CONCURRENT freed 273K, 9% free 7892K/8583K, paused 14ms+2ms
01-16 13:45:26.669 D/mm-camera( 1444): TRIGGER_LOWLIGHT
01-16 13:45:26.899 I/System.out( 2530): Values: 3104
01-16 13:45:27.179 I/OMXCodec( 1444): [OMX.qcom.video.encoder.h263] In processSEIData
01-16 13:45:27.179 I/QC_CORE ( 1444): OMXCORE: qc_omx_component_get_config 147404
01-16 13:45:27.179 D/OMX-VENC-720p( 1444): ERROR: unsupported index 2130706449
01-16 13:45:27.189 I/MPEG4Writer( 1444): setStartTimestampUs: 264465
01-16 13:45:27.189 I/MPEG4Writer( 1444): Earliest track starting time: 264465
01-16 13:45:27.890 I/System.out( 2530): Values: 4270
01-16 13:45:28.891 I/System.out( 2530): Values: 4562
01-16 13:45:29.702 W/Vold    ( 1437): Ignoring unknown switch 'usb_mass_storage'
01-16 13:45:29.712 W/Vold    ( 1437): Ignoring unknown switch 'usb_connected'
01-16 13:45:29.722 D/UsbService( 1589): [USBNET] USB UEVENT: {SUBSYSTEM=switch, SWITCH_STATE=0, DEVPATH=/devices/virtual/switch/usb_connected, SEQNUM=1410, ACTION=change, SWITCH_NAME=usb_connected}
01-16 13:45:29.732 D/Vold    ( 1437): USB disconnected
01-16 13:45:29.732 D/Vold    ( 1437): Share method ums now unavailable
01-16 13:45:29.732 D/VoldConnector( 1589): listenToSocket read--: (37,0)
01-16 13:45:29.732 D/VoldConnector( 1589): RCV <- {620 Share method ums now unavailable}
01-16 13:45:29.752 D/dalvikvm( 2530): Debugger has detached; object registry had 1 entries
01-16 13:45:29.772 D/UsbService( 1589): [USBNET] USB UEVENT: {SUBSYSTEM=switch, SWITCH_STATE=0, DEVPATH=/devices/virtual/switch/usb_configuration, SEQNUM=1411, ACTION=change, SWITCH_NAME=usb_configuration}
01-16 13:45:29.802 I/StorageNotification( 1659): UMS connection changed to false (media state mounted)
01-16 13:45:29.812 D/VoldConnector( 1589): listenToSocket read++
01-16 13:45:29.842 D/BatteryService_ULog( 1589): ULogForBatteryChargingStateChange(99,0) is called
01-16 13:45:29.842 D/BatteryService_ULog( 1589): charger=off,battery_power=99
01-16 13:45:29.842 D/BatteryService( 1589): SendIntentforPowersaver
01-16 13:45:29.842 D/BatteryService( 1589): Current powersaver status == NORMAL_STATUS1 4 2 false
01-16 13:45:29.872 D/UsbnetService( 1589): BroadcastReceiver::onReceive+
01-16 13:45:29.872 D/UsbnetService( 1589): onReceive BATTERY_CHANGED
01-16 13:45:29.872 D/UsbnetService( 1589):  --> pluggedType = 0, mPluggedType = 0, mScreenOff = false
01-16 13:45:29.872 D/UsbnetService( 1589): BroadcastReceiver::onReceive-
01-16 13:45:29.872 D/NotificationService( 1589): mIntentReceiver() Intent.ACTION_BATTERY_CHANGED
01-16 13:45:29.872 V/NotificationService( 1589): dual Led off
01-16 13:45:29.882 D/RemoveMe( 1682): DCT got intent android.intent.action.BATTERY_CHANGED
01-16 13:45:29.882 D/lights  ( 1589): [LedInfo] write attr ok name=/sys/class/leds/amber/brightness string=0,len=1
01-16 13:45:29.882 D/RemoveMe( 1682): DCT got intent android.intent.action.BATTERY_CHANGED
01-16 13:45:29.882 D/lights  ( 1589): [LedInfo] write attr ok name=/sys/class/leds/amber/blink string=0,len=1
01-16 13:45:29.882 D/RemoveMe( 1682): DCT got intent android.intent.action.BATTERY_CHANGED
01-16 13:45:29.882 D/lights  ( 1589): [LedInfo] write attr ok name=/sys/class/leds/amber/off_timer string=0 0,len=3
01-16 13:45:29.892 D/lights  ( 1589): [LedInfo] write attr ok name=/sys/class/leds/green/brightness string=0,len=1
01-16 13:45:29.892 D/lights  ( 1589): [LedInfo] write attr ok name=/sys/class/leds/green/blink string=0,len=1
01-16 13:45:29.892 I/System.out( 2530): Values: 4857
01-16 13:45:29.892 D/lights  ( 1589): [LedInfo] write attr ok name=/sys/class/leds/green/off_timer string=0 0,len=3
01-16 13:45:29.892 I/ActivityManager( 1589): Start proc com.htc.syncagent for broadcast com.htc.syncagent/.svc.HTCSyncBroadcastReceiver: pid=2584 uid=10096 gids={3003}
01-16 13:45:29.902 D/PowerUI ( 1659): plugged = false, health = 2, mBatteryLevel = 99, mPluggedBatteryLevel = 99, mLowBatteryWarningLevel2 = 25, mshowLowChargingWarning2 = true
01-16 13:45:29.952 D/FDUI    ( 2584): [ HTCSyncBroadcastReceiver: 17 ] - onReceive > get broadcast.
01-16 13:45:29.952 D/FDUI    ( 2584): [ HTCUICommon: 106 ] - initialize > init preference.
01-16 13:45:29.962 D/FDUI    ( 2584): [ HTCUICommon: 113 ] - initialize > initialize
01-16 13:45:29.962 D/FDUI    ( 2584): [ HTCSyncBroadcastReceiver: 22 ] - onReceive > app ver = 1.9
01-16 13:45:29.962 D/FDUI    ( 2584): [ HTCSyncBroadcastReceiver: 23 ] - onReceive > action = android.intent.action.ACTION_POWER_DISCONNECTED
01-16 13:45:30.623 I/QualcommCameraHardware( 1444): notifyHtcCallback: (4 0 0)
01-16 13:45:30.623 I/QualcommCameraHardware( 1444): runHtcCallbackThread: read pipe - type 4 arg1 0 arg2 0
01-16 13:45:30.623 D/CameraService( 1444): CameraService::Client::handleGenericNotify: callback
01-16 13:45:30.773 D/UsbService( 1589): [USBNET] handleMessage: 0; mConnected=0(1),mConfiguration=0(1)
01-16 13:45:30.793 D/NetdConnector( 1589): listenToSocket read--: (128,0)
01-16 13:45:30.793 D/NetdConnector( 1589): doCommand++ (Wait Response)
01-16 13:45:30.793 D/NetdConnector( 1589): RCV <- {110 lo}
01-16 13:45:30.803 V/NotificationService( 1589): dual Led off
01-16 13:45:30.803 D/NetdConnector( 1589): RSP <- {110 lo}
01-16 13:45:30.803 D/lights  ( 1589): [LedInfo] write attr ok name=/sys/class/leds/amber/brightness string=0,len=1
01-16 13:45:30.803 D/NetdConnector( 1589): miNoRespCnt=0
01-16 13:45:30.813 D/lights  ( 1589): [LedInfo] write attr ok name=/sys/class/leds/amber/blink string=0,len=1
01-16 13:45:30.813 D/lights  ( 1589): [LedInfo] write attr ok name=/sys/class/leds/amber/off_timer string=0 0,len=3
01-16 13:45:30.813 D/NetdConnector( 1589): RCV <- {110 dummy0}
01-16 13:45:30.823 D/lights  ( 1589): [LedInfo] write attr ok name=/sys/class/leds/green/brightness string=0,len=1
01-16 13:45:30.833 D/lights  ( 1589): [LedInfo] write attr ok name=/sys/class/leds/green/blink string=0,len=1
01-16 13:45:30.833 D/lights  ( 1589): [LedInfo] write attr ok name=/sys/class/leds/green/off_timer string=0 0,len=3
01-16 13:45:30.833 D/UsbReceiver( 1753): [MTP][UsbReceiver][onReceive]+
01-16 13:45:30.833 D/NetdConnector( 1589): RSP <- {110 dummy0}
01-16 13:45:30.833 D/NetdConnector( 1589): miNoRespCnt=0
01-16 13:45:30.833 D/NetdConnector( 1589): RCV <- {110 ifb0}
01-16 13:45:30.833 D/NotificationService( 1589): cancelNotification, ACTION_NOTIFICATION_REMOVE,pkg=android,id=17040338
01-16 13:45:30.853 D/UsbConnectedReceiver( 1776): action = android.hardware.usb.action.USB_STATE
01-16 13:45:30.853 D/PSCommon( 1776): Content in /sys/devices/platform/msm_hsusb/usb_cable_connect = 0
01-16 13:45:30.853 D/UsbConnectedReceiver( 1776): USB Disconnected.
01-16 13:45:30.853 D/NetdConnector( 1589): RSP <- {110 ifb0}
01-16 13:45:30.853 D/NetdConnector( 1589): miNoRespCnt=0
01-16 13:45:30.853 D/NetdConnector( 1589): RCV <- {110 ifb1}
01-16 13:45:30.853 D/NetdConnector( 1589): RSP <- {110 ifb1}
01-16 13:45:30.853 D/NetdConnector( 1589): miNoRespCnt=0
01-16 13:45:30.853 D/NetdConnector( 1589): RCV <- {110 rmnet0}
01-16 13:45:30.853 D/NetdConnector( 1589): RSP <- {110 rmnet0}
01-16 13:45:30.853 D/NetdConnector( 1589): miNoRespCnt=0
01-16 13:45:30.853 D/NetdConnector( 1589): RCV <- {110 rmnet1}
01-16 13:45:30.853 D/NetdConnector( 1589): RSP <- {110 rmnet1}
01-16 13:45:30.853 D/NetdConnector( 1589): miNoRespCnt=0
01-16 13:45:30.853 D/NetdConnector( 1589): RCV <- {110 rmnet2}
01-16 13:45:30.853 D/NetdConnector( 1589): RSP <- {110 rmnet2}
01-16 13:45:30.863 D/NetdConnector( 1589): miNoRespCnt=0
01-16 13:45:30.863 D/NetdConnector( 1589): RCV <- {110 usb0}
01-16 13:45:30.863 D/NetdConnector( 1589): RSP <- {110 usb0}
01-16 13:45:30.863 D/NetdConnector( 1589): miNoRespCnt=0
01-16 13:45:30.863 D/NetdConnector( 1589): RCV <- {110 sit0}
01-16 13:45:30.863 D/NetdConnector( 1589): RSP <- {110 sit0}
01-16 13:45:30.863 D/NetdConnector( 1589): miNoRespCnt=0
01-16 13:45:30.863 D/NetdConnector( 1589): RCV <- {110 ip6tnl0}
01-16 13:45:30.863 D/NetdConnector( 1589): RSP <- {110 ip6tnl0}
01-16 13:45:30.863 D/NetdConnector( 1589): miNoRespCnt=0
01-16 13:45:30.863 D/NetdConnector( 1589): RCV <- {200 Interface list completed}
01-16 13:45:30.873 D/NetdConnector( 1589): RSP <- {200 Interface list completed}
01-16 13:45:30.873 D/NetdConnector( 1589): miNoRespCnt=0
01-16 13:45:30.873 D/NetdConnector( 1589): doCommand-- (complete)
01-16 13:45:30.873 D/Tethering( 1589): InitialState.processMessage what=4
01-16 13:45:30.873 D/NetdConnector( 1589): List terminated with {200 Interface list completed}
01-16 13:45:30.873 D/NetdConnector( 1589): listenToSocket read++
01-16 13:45:30.893 I/System.out( 2530): Values: 12944
01-16 13:45:30.893 D/WifiStateMachine( 1589): wifi hotspotSSID=HTC Portable Hotspot, hiddenSSID=false, secureType=wpa2-psk, enableMacFilter=0, maxConns=5, channel=0
01-16 13:45:30.893 D/WifiStateMachine( 1589): wifi hotspotdhcpEnable=1, maxDhcpClients=5, ipAddress=192.168.1.1, dhcpSubnetMask=255.255.255.0, startingIP=192.168.1.10, dhsIPAddr1=null, dnsIPAddr2=null, sleepPolicy=1
01-16 13:45:30.893 D/Tethering( 1589): sendTetherStateChangedBroadcast 0, 0, 0
01-16 13:45:30.893 D/WifiStateMachine( 1589): getWifiApConfiguration:mconfig.SSID=HTC Portable Hotspot
01-16 13:45:30.913 D/UsbConnectedReceiver( 1776): Catch USB Disconnect Event, USB cable does really not exist.
01-16 13:45:30.913 V/NotificationService( 1589): dual Led off
01-16 13:45:30.923 D/lights  ( 1589): [LedInfo] write attr ok name=/sys/class/leds/amber/brightness string=0,len=1
01-16 13:45:30.923 D/lights  ( 1589): [LedInfo] write attr ok name=/sys/class/leds/amber/blink string=0,len=1
01-16 13:45:30.923 I/NetSharing_NSReceiver( 1804): customizedNS:true
01-16 13:45:30.923 D/NetSharing_NSReceiver( 1804): onReceive : android.net.conn.TETHER_STATE_CHANGED
01-16 13:45:30.923 D/NetSharing_NSReceiver( 1804): Tethered state change:false
01-16 13:45:30.933 D/lights  ( 1589): [LedInfo] write attr ok name=/sys/class/leds/amber/off_timer string=0 0,len=3
01-16 13:45:30.933 D/lights  ( 1589): [LedInfo] write attr ok name=/sys/class/leds/green/brightness string=0,len=1
01-16 13:45:30.943 D/lights  ( 1589): [LedInfo] write attr ok name=/sys/class/leds/green/blink string=0,len=1
01-16 13:45:30.943 D/lights  ( 1589): [LedInfo] write attr ok name=/sys/class/leds/green/off_timer string=0 0,len=3
01-16 13:45:30.953 D/NotificationService( 1589): cancelNotification, ACTION_NOTIFICATION_REMOVE,pkg=com.htc.android.psclient,id=2130837519
01-16 13:45:31.003 D/dalvikvm( 1804): GC_CONCURRENT freed 481K, 8% free 6921K/7495K, paused 2ms+2ms
01-16 13:45:31.003 I/NetSharing_NSReceiver( 1804): customizedNS:true
01-16 13:45:31.003 D/NetSharing_NSReceiver( 1804): onReceive : com.htc.usb.change
01-16 13:45:31.003 D/NetSharing_NSReceiver( 1804): USB = false hasTethered = false
01-16 13:45:31.003 D/mm-camera( 1444): TRIGGER_OUTDOOR
01-16 13:45:31.023 D/FDUI    ( 2584): [ HTCSyncBroadcastReceiver: 17 ] - onReceive > get broadcast.
01-16 13:45:31.033 D/FDUI    ( 2584): [ HTCSyncBroadcastReceiver: 22 ] - onReceive > app ver = 1.9
01-16 13:45:31.033 D/FDUI    ( 2584): [ HTCSyncBroadcastReceiver: 23 ] - onReceive > action = action.stopPCTool
01-16 13:45:31.033 D/FDUI    ( 2584): [ HTCSyncBroadcastReceiver: 53 ] - onReceive > syncthread not alive
01-16 13:45:31.033 D/FDUI    ( 2584): [ HTCUICommon: 151 ] - stopStatusThread > stop service
01-16 13:45:31.043 D/FDUI    ( 2584): [ HTCUICommon: 502 ] - revertADBState > saved adb value = -1
01-16 13:45:31.043 D/FDUI    ( 2584): [ HTCUICommon: 547 ] - updateADBFlag > update adb flag.
01-16 13:45:31.053 D/mm-camera( 1444): TRIGGER_OUTDOOR
01-16 13:45:31.073 D/PSReceiver( 1804): onReceive : com.htc.usb.change
01-16 13:45:31.073 D/HtcHardwareService( 1589): [USBNET] MiscControl_IPT: 0
01-16 13:45:31.073 D/HtcHardwareService( 1589): [USBNET] MiscControl+: 1,usb_none
01-16 13:45:31.073 D/CommandListener( 1439): UsbCmd::runCommand@842: iptmode,3
01-16 13:45:31.073 D/UsbController( 1439): [USBNET] StartIptMode@211: 0
01-16 13:45:31.073 D/NetworkManagmentService( 1589): [USBNET] stopIptDhcp
01-16 13:45:31.073 D/NetdConnector( 1589): listenToSocket read--: (31,0)
01-16 13:45:31.073 D/NetdConnector( 1589): RCV <- {200 Tether operation succeeded}
01-16 13:45:31.073 D/NetdConnector( 1589): listenToSocket read++
01-16 13:45:31.073 D/NetdConnector( 1589): doCommand++ (Wait Response)
01-16 13:45:31.073 D/NetdConnector( 1589): RSP <- {200 Tether operation succeeded}
01-16 13:45:31.073 D/NetdConnector( 1589): miNoRespCnt=0
01-16 13:45:31.073 D/NetdConnector( 1589): doCommand-- (complete)
01-16 13:45:31.073 D/NetworkManagmentService( 1589): [USBNET] startIptMode
01-16 13:45:31.073 D/NetdConnector( 1589): doCommand++ (Wait Response)
01-16 13:45:31.083 I/logwrapper( 2596): CMD:/system/bin/netsharing
01-16 13:45:31.083 D/NetSharing( 2596): [USBNET] main+: 3, /system/bin/netsharing net_pass off
01-16 13:45:31.083 D/NetSharing( 2596): UsbAttrFile=/sys/devices/platform/msm_hsusb/usb_function_switch
01-16 13:45:31.083 D/NetSharing( 2596): [USBNET] iCheckUsbFunc@133: 0x0
01-16 13:45:31.083 D/NetSharing( 2596): [USBNET] main@1024: uUsbSts=0x0
01-16 13:45:31.083 D/NetSharing( 2596): [USBNET] main-
01-16 13:45:31.083 W/ContactAggregator( 1684): No more aggregation requests
01-16 13:45:31.113 D/dalvikvm( 2236): GC_CONCURRENT freed 421K, 8% free 6769K/7303K, paused 1ms+2ms
01-16 13:45:31.173 D/mm-camera( 1444): TRIGGER_NORMAL
01-16 13:45:31.283 D/NetdConnector( 1589): listenToSocket read--: (28,0)
01-16 13:45:31.283 D/NetdConnector( 1589): RCV <- {200 Usb operation succeeded}
01-16 13:45:31.283 D/NetdConnector( 1589): RSP <- {200 Usb operation succeeded}
01-16 13:45:31.283 D/CommandListener( 1439): UsbCmd::runCommand@842: funcswitch,3
01-16 13:45:31.283 D/UsbController( 1439): [USBNET] iCheckUsbFunc@133: 0x0
01-16 13:45:31.283 D/UsbController( 1439): [USBNET] iSwitchUsbFunc@312: 0,0x0,0
01-16 13:45:31.283 D/UsbController( 1439): [USBNET] iSwitchUsbFunc-: -1
01-16 13:45:31.283 D/UsbnetService( 1589): BroadcastReceiver::onReceive+
01-16 13:45:31.283 D/UsbnetService( 1589): NETWORK_STATE_CHANGED_NOTIFY: 0
01-16 13:45:31.283 I/UsbnetStateTracker( 1589): NetStateNotification +: 0
01-16 13:45:31.283 I/UsbnetStateTracker( 1589): notifyStateChange
01-16 13:45:31.283 I/UsbnetStateTracker( 1589): NetStateNotification -
01-16 13:45:31.283 D/UsbnetService( 1589): BroadcastReceiver::onReceive-
01-16 13:45:31.283 D/NetdConnector( 1589): miNoRespCnt=0
01-16 13:45:31.283 D/NetdConnector( 1589): doCommand-- (complete)
01-16 13:45:31.283 D/NetworkManagmentService( 1589): [USBNET] SwitchUsbFunc
01-16 13:45:31.283 D/NetdConnector( 1589): doCommand++ (Wait Response)
01-16 13:45:31.283 D/NetdConnector( 1589): listenToSocket read++
01-16 13:45:31.283 D/NetdConnector( 1589): listenToSocket read--: (28,0)
01-16 13:45:31.283 D/NetdConnector( 1589): RCV <- {200 Usb operation succeeded}
01-16 13:45:31.283 D/NetdConnector( 1589): RSP <- {200 Usb operation succeeded}
01-16 13:45:31.283 D/NetdConnector( 1589): miNoRespCnt=0
01-16 13:45:31.283 D/NetdConnector( 1589): doCommand-- (complete)
01-16 13:45:31.283 D/NetdConnector( 1589): listenToSocket read++
01-16 13:45:31.283 D/ConnectivityService( 1589): [embedded] ConnectivityChange for USBNET: DISCONNECTED/DISCONNECTED, default=-1
01-16 13:45:31.283 D/ConnectivityService( 1589): getMobileDataEnabled returning false
01-16 13:45:31.293 D/HtcHardwareService( 1589): [USBNET] MiscControl-: 1,usb_none
01-16 13:45:31.293 D/DataConnectionTracker( 1682): enableApnType(default), isApnTypeActive=false, isApnIdEnabled=true and state= IDLE
01-16 13:45:31.293 D/WifiService( 1589): WirelessSleep- get variables from db: enabled = true, start= 82800000, end= 21600000
01-16 13:45:31.293 D/WifiService( 1589): WirelessSleep- start->end = 25200000, end->start= 61200000
01-16 13:45:31.293 I/WifiService( 1589): DockWifi - mAutoEnableWifiApInDockMode =false mAutoEnableWifiInDockMode=false
01-16 13:45:31.323 D/Tethering( 1589): Tethering got CONNECTIVITY_ACTION type: USBNET, subtype: , status: DISCONNECTED
01-16 13:45:31.323 D/Tethering( 1589): icon Type=15, subtype=0
01-16 13:45:31.323 D/Tethering( 1589): MasterInitialState.processMessage what=3
01-16 13:45:31.323 D/GTalkService( 1726): lost connectivity, notify
01-16 13:45:31.323 D/StatusBar.NetworkController( 1659): mSignalStrength == null
01-16 13:45:31.333 D/GTalkService( 1726): [ReonnectMgr] ### report Inet condition: status=false, networkType=15
01-16 13:45:31.333 V/Watch   ( 1857): PreferenceUtils      1 getAplicableStoreFront0 returning cached value
01-16 13:45:31.333 D/ConnectivityService( 1589): reportNetworkCondition(15, 0)
01-16 13:45:31.333 D/ConnectivityService( 1589): Inet connectivity change, net=15, condition=0,mActiveDefaultNetwork=-1
01-16 13:45:31.333 D/ConnectivityService( 1589): no active default network - aborting
01-16 13:45:31.343 D/UploadReceiver( 1943): Action android.net.conn.CONNECTIVITY_CHANGE
01-16 13:45:31.353 I/MyReportAgent( 2091): ReportAgentReceiver [onReceive] android.net.conn.CONNECTIVITY_CHANGE
01-16 13:45:31.353 D/MyHTC   ( 1847): PoweronReceiver.onReceive(): intent=android.net.conn.CONNECTIVITY_CHANGE
01-16 13:45:31.363 D/CSUtil  ( 1847): serverTime = 1384002790010
01-16 13:45:31.363 D/CSUtil  ( 1847): serverTime = 51182
01-16 13:45:31.374 I/MediaUploader( 2396): No need to wake up
01-16 13:45:31.394 V/htcMessageUploader( 2196): [UploadMessageReceiver] UploadMessageReceiver() constructor !!!
01-16 13:45:31.394 I/htcMessageUploader( 2196): Start thread to upload fota event message:com.htc.htcMessageUploader.UploadMessageReceiver
01-16 13:45:31.394 D/htcMessageUploader( 2196): Total time in main thread:0 milli-seconds
01-16 13:45:31.424 D/mm-camera( 1444): TRIGGER_OUTDOOR
01-16 13:45:31.444 D/PSReceiver( 1804): USB Unplugged, Set PSEnabled= false
01-16 13:45:31.444 V/MyReportAgent( 2091): ReportAgentReceiver Recv Intent: Intent { act=android.net.conn.CONNECTIVITY_CHANGE flg=0x10000010 cmp=com.htc.reportagent/.receiver.ReportAgentReceiver (has extras) }
01-16 13:45:31.444 D/CSUtil  ( 1847): curGMTTime = 49531373
01-16 13:45:31.444 D/htcMessageUploader( 2196): Get CONNECTIVITY_ACTION intent 
01-16 13:45:31.444 D/AutoSetting( 1776): receiver - intent: android.net.conn.CONNECTIVITY_CHANGE
01-16 13:45:31.444 V/UploadReceiver( 1943): Receiver onConnectivity
01-16 13:45:31.444 D/AutoSetting( 1776): receiver - NetworkInfo: type: USBNET[], state: DISCONNECTED/DISCONNECTED, reason: (unspecified), extra: 0, roaming: false, failover: false, isAvailable: false, isIpv4Connected: false, isIpv6Connected: false
01-16 13:45:31.454 D/MyReportAgent( 2091): android.net.conn.CONNECTIVITY_CHANGE
01-16 13:45:31.484 I/htcMessageUploader( 2196): == UploadMessageReceiver finished ==
01-16 13:45:31.484 D/AutoSetting( 1776): Util - no network available!
01-16 13:45:31.484 D/MyReportAgent( 2091): ReportService [##] onCreate(), this = com.htc.reportagent.ReportService@4069e4d0
01-16 13:45:31.494 D/MyReportAgent( 2091): ReportService [##] onStartCommand(), flags = 2, startId = 1, intent = Intent { act=android.net.conn.CONNECTIVITY_CHANGE flg=0x10000010 cmp=com.htc.reportagent/.ReportService (has extras) }, this = com.htc.reportagent.ReportService@4069e4d0
01-16 13:45:31.534 D/LocationManagerService( 1589): CONNECTIVITY_ACTION: synchronized+
01-16 13:45:31.534 D/LocationManagerService( 1589): updateNetworkState unavailable info: NetworkInfo: type: USBNET[], state: DISCONNECTED/DISCONNECTED, reason: (unspecified), extra: 0, roaming: false, failover: false, isAvailable: false, isIpv4Connected: false, isIpv6Connected: false
01-16 13:45:31.534 D/LocationManagerService( 1589): CONNECTIVITY_ACTION: synchronized+ provider size: 3
01-16 13:45:31.534 D/GpsLocationProvider( 1589): + synchronized updateNetworkState  info: NetworkInfo: type: USBNET[], state: DISCONNECTED/DISCONNECTED, reason: (unspecified), extra: 0, roaming: false, failover: false, isAvailable: false, isIpv4Connected: false, isIpv6Connected: false
01-16 13:45:31.534 D/GpsLocationProvider( 1589): [shen] debug
01-16 13:45:31.534 D/LocationManagerService( 1589): CONNECTIVITY_ACTION: synchronized-
01-16 13:45:31.534 D/GpsLocationProvider( 1589): [handleMessage] message :4
01-16 13:45:31.534 D/GpsLocationProvider( 1589): [handleMessage] UPDATE_NETWORK_STATE
01-16 13:45:31.534 D/GpsLocationProvider( 1589): updateNetworkState unavailable info: NetworkInfo: type: USBNET[], state: DISCONNECTED/DISCONNECTED, reason: (unspecified), extra: 0, roaming: false, failover: false, isAvailable: false, isIpv4Connected: false, isIpv6Connected: false
01-16 13:45:31.544 D/AutoSetting( 1776): service - onStartCommand() action: com.htc.app.autosetting.cancellocationupdate
01-16 13:45:31.544 D/AutoSetting( 1776): service - mHandler: cancel location update
01-16 13:45:31.544 D/AutoSetting( 1776): service -           changes count: 0
01-16 13:45:31.554 W/TelephonyManager( 1726): Hidden constructor called more than once per process!
01-16 13:45:31.554 W/TelephonyManager( 1726): Original: com.google.android.gsf, new: com.google.android.gsf
01-16 13:45:31.894 I/System.out( 2530): Values: 56055
01-16 13:45:31.934 D/mm-camera( 1444): TRIGGER_NORMAL
01-16 13:45:32.274 I/QualcommCameraHardware( 1444): notifyHtcCallback: (4 1 0)
01-16 13:45:32.274 I/QualcommCameraHardware( 1444): runHtcCallbackThread: read pipe - type 4 arg1 1 arg2 0
01-16 13:45:32.274 D/CameraService( 1444): CameraService::Client::handleGenericNotify: callback
01-16 13:45:32.284 D/mm-camera( 1444): TRIGGER_LOWLIGHT
01-16 13:45:32.895 I/System.out( 2530): Values: 70651
01-16 13:45:33.896 I/System.out( 2530): Values: 71022
01-16 13:45:34.897 I/System.out( 2530): Values: 71338
01-16 13:45:35.738 D/SntpClient( 1589): requestTime: called by Thread[NetworkTimeUpdateService,5,main], failed: java.net.UnknownHostException: Unable to resolve host "north-america.pool.ntp.org": No address associated with hostname
01-16 13:45:35.898 I/System.out( 2530): Values: 72625
01-16 13:45:36.559 D/MyReportAgent( 2091): ReportService [##] onDestroy(), this =com.htc.reportagent.ReportService@4069e4d0
01-16 13:45:36.559 D/MyReportAgent( 2091): ReportServiceHandler [##] call stopSelfResult() startId = 1, reurn true
01-16 13:45:36.899 I/System.out( 2530): Values: 73009
01-16 13:45:37.900 I/System.out( 2530): Values: 73362
01-16 13:45:38.901 I/System.out( 2530): Values: 74691
01-16 13:45:39.902 I/System.out( 2530): Values: 75052
01-16 13:45:40.903 I/System.out( 2530): Values: 75381
01-16 13:45:41.904 I/System.out( 2530): Values: 76624
01-16 13:45:42.905 I/System.out( 2530): Values: 76941
01-16 13:45:43.906 I/System.out( 2530): Values: 77291
01-16 13:45:44.897 I/System.out( 2530): Values: 78554
01-16 13:45:45.898 I/System.out( 2530): Values: 78892
01-16 13:45:46.899 I/System.out( 2530): Values: 79182
01-16 13:45:47.900 I/System.out( 2530): Values: 80463
01-16 13:45:48.911 I/System.out( 2530): Values: 80765
01-16 13:45:49.902 I/System.out( 2530): Values: 81104
01-16 13:45:50.792 D/AutoSetting( 1776): service - mHandler: update timezone
01-16 13:45:50.802 D/AutoSetting( 1776): service - getTimeZoneIDFromMCC() MCC code: -1 TimeZoneID: 
01-16 13:45:50.802 D/AutoSetting( 1776): service - getTimeZoneIDFromMCC() MCC code: -1 TimeZoneID: 
01-16 13:45:50.812 D/AutoSetting( 1776): service - processTimeZoneID() system nitz: 
01-16 13:45:50.812 D/AutoSetting( 1776): service - processTimeZoneID() system nitz is valid: false (false)
01-16 13:45:50.812 D/AutoSetting( 1776): service - processTimeZoneID() last time user manually select a timezone is within 3 hour, do not popup dialog again (mcc:-1)
01-16 13:45:50.903 I/System.out( 2530): Values: 82362
01-16 13:45:51.904 I/System.out( 2530): Values: 82699
01-16 13:45:52.905 I/System.out( 2530): Values: 83008
01-16 13:45:53.905 I/System.out( 2530): Values: 83975
01-16 13:45:54.906 I/System.out( 2530): Values: 84607
01-16 13:45:55.907 I/System.out( 2530): Values: 84961
01-16 13:45:56.908 I/System.out( 2530): Values: 85298
01-16 13:45:57.909 I/System.out( 2530): Values: 86623
01-16 13:45:58.910 I/System.out( 2530): Values: 86974
01-16 13:45:59.911 I/System.out( 2530): Values: 87296
01-16 13:46:00.041 D/BatteryService( 1589): SendIntentforPowersaver
01-16 13:46:00.041 D/BatteryService( 1589): Current powersaver status == NORMAL_STATUS1 4 2 false
01-16 13:46:00.051 D/PowerUI ( 1659): plugged = false, health = 2, mBatteryLevel = 99, mPluggedBatteryLevel = 99, mLowBatteryWarningLevel2 = 25, mshowLowChargingWarning2 = true
01-16 13:46:00.061 D/RemoveMe( 1682): DCT got intent android.intent.action.BATTERY_CHANGED
01-16 13:46:00.071 D/UsbnetService( 1589): BroadcastReceiver::onReceive+
01-16 13:46:00.071 D/UsbnetService( 1589): onReceive BATTERY_CHANGED
01-16 13:46:00.071 D/UsbnetService( 1589):  --> pluggedType = 0, mPluggedType = 0, mScreenOff = false
01-16 13:46:00.071 D/UsbnetService( 1589): BroadcastReceiver::onReceive-
01-16 13:46:00.071 D/NotificationService( 1589): mIntentReceiver() Intent.ACTION_BATTERY_CHANGED
01-16 13:46:00.082 D/RemoveMe( 1682): DCT got intent android.intent.action.BATTERY_CHANGED
01-16 13:46:00.082 D/RemoveMe( 1682): DCT got intent android.intent.action.BATTERY_CHANGED
01-16 13:46:00.112 D/dalvikvm( 1682): GC_CONCURRENT freed 366K, 9% free 7201K/7879K, paused 1ms+1ms
01-16 13:46:00.912 I/System.out( 2530): Values: 88615
01-16 13:46:01.913 I/System.out( 2530): Values: 88945
01-16 13:46:02.914 I/System.out( 2530): Values: 89289
01-16 13:46:03.905 I/System.out( 2530): Values: 90585
01-16 13:46:04.916 I/System.out( 2530): Values: 90888
01-16 13:46:05.196 D/dalvikvm( 1689): GC_EXPLICIT freed 1043K, 24% free 11154K/14663K, paused 7ms+3ms
01-16 13:46:05.747 D/SntpClient( 1589): requestTime: called by Thread[ThrottleService,5,main], failed: java.net.UnknownHostException: Unable to resolve host "north-america.pool.ntp.org": No address associated with hostname
01-16 13:46:05.757 D/NetdConnector( 1589): listenToSocket read--: (6,0)
01-16 13:46:05.757 D/NetdConnector( 1589): RCV <- {216 0}
01-16 13:46:05.757 D/NetdConnector( 1589): doCommand++ (Wait Response)
01-16 13:46:05.757 D/NetdConnector( 1589): listenToSocket read++
01-16 13:46:05.757 D/NetdConnector( 1589): RSP <- {216 0}
01-16 13:46:05.757 D/NetdConnector( 1589): miNoRespCnt=0
01-16 13:46:05.757 D/NetdConnector( 1589): doCommand-- (complete)
01-16 13:46:05.767 D/NetdConnector( 1589): listenToSocket read--: (6,0)
01-16 13:46:05.767 D/NetdConnector( 1589): RCV <- {217 0}
01-16 13:46:05.767 D/NetdConnector( 1589): doCommand++ (Wait Response)
01-16 13:46:05.767 D/NetdConnector( 1589): listenToSocket read++
01-16 13:46:05.767 D/NetdConnector( 1589): RSP <- {217 0}
01-16 13:46:05.767 D/NetdConnector( 1589): miNoRespCnt=0
01-16 13:46:05.767 D/NetdConnector( 1589): doCommand-- (complete)
01-16 13:46:05.777 D/SntpClient( 1589): requestTime: called by Thread[ThrottleService,5,main], failed: java.net.UnknownHostException: Unable to resolve host "north-america.pool.ntp.org": No address associated with hostname
01-16 13:46:05.787 D/SntpClient( 1589): requestTime: called by Thread[ThrottleService,5,main], failed: java.net.UnknownHostException: Unable to resolve host "north-america.pool.ntp.org": No address associated with hostname
01-16 13:46:05.917 I/System.out( 2530): Values: 91184
01-16 13:46:06.918 I/System.out( 2530): Values: 92445
01-16 13:46:07.919 I/System.out( 2530): Values: 92798
01-16 13:46:08.920 I/System.out( 2530): Values: 93165
01-16 13:46:09.921 I/System.out( 2530): Values: 94460
01-16 13:46:10.912 I/System.out( 2530): Values: 94799
01-16 13:46:11.913 I/System.out( 2530): Values: 95156
01-16 13:46:12.914 I/System.out( 2530): Values: 96437
01-16 13:46:13.915 I/System.out( 2530): Values: 96801
01-16 13:46:14.916 I/System.out( 2530): Values: 97139
01-16 13:46:15.917 I/System.out( 2530): Values: 98130
01-16 13:46:16.918 I/System.out( 2530): Values: 98819
01-16 13:46:17.919 I/System.out( 2530): Values: 99159
01-16 13:46:18.920 I/System.out( 2530): Values: 99532
01-16 13:46:19.921 I/System.out( 2530): Values: 100838
01-16 13:46:20.922 I/System.out( 2530): Values: 101187
01-16 13:46:21.883 D/dalvikvm( 2436): GC_EXPLICIT freed 120K, 5% free 6501K/6787K, paused 5ms+3ms
01-16 13:46:21.923 I/System.out( 2530): Values: 101479
01-16 13:46:22.924 I/System.out( 2530): Values: 102789
01-16 13:46:23.925 I/System.out( 2530): Values: 103076
01-16 13:46:24.916 I/System.out( 2530): Values: 103388
01-16 13:46:25.927 I/System.out( 2530): Values: 104633
01-16 13:46:26.918 I/System.out( 2530): Values: 104974
01-16 13:46:27.919 I/System.out( 2530): Values: 105252
01-16 13:46:28.920 I/System.out( 2530): Values: 106471
01-16 13:46:29.921 I/System.out( 2530): Values: 106790
01-16 13:46:30.071 D/UsbnetService( 1589): BroadcastReceiver::onReceive+
01-16 13:46:30.071 D/UsbnetService( 1589): onReceive BATTERY_CHANGED
01-16 13:46:30.071 D/UsbnetService( 1589):  --> pluggedType = 0, mPluggedType = 0, mScreenOff = false
01-16 13:46:30.071 D/UsbnetService( 1589): BroadcastReceiver::onReceive-
01-16 13:46:30.071 D/NotificationService( 1589): mIntentReceiver() Intent.ACTION_BATTERY_CHANGED
01-16 13:46:30.081 D/BatteryService( 1589): SendIntentforPowersaver
01-16 13:46:30.081 D/BatteryService( 1589): Current powersaver status == NORMAL_STATUS1 4 2 false
01-16 13:46:30.091 D/RemoveMe( 1682): DCT got intent android.intent.action.BATTERY_CHANGED
01-16 13:46:30.091 D/PowerUI ( 1659): plugged = false, health = 2, mBatteryLevel = 99, mPluggedBatteryLevel = 99, mLowBatteryWarningLevel2 = 25, mshowLowChargingWarning2 = true
01-16 13:46:30.101 D/RemoveMe( 1682): DCT got intent android.intent.action.BATTERY_CHANGED
01-16 13:46:30.111 D/RemoveMe( 1682): DCT got intent android.intent.action.BATTERY_CHANGED
01-16 13:46:30.922 I/System.out( 2530): Values: 107112
01-16 13:46:31.923 I/System.out( 2530): Values: 108359
01-16 13:46:32.924 I/System.out( 2530): Values: 108645
01-16 13:46:33.925 I/System.out( 2530): Values: 108920
01-16 13:46:34.926 I/System.out( 2530): Values: 110131
01-16 13:46:35.756 D/SntpClient( 1589): requestTime: called by Thread[NetworkTimeUpdateService,5,main], failed: java.net.UnknownHostException: Unable to resolve host "north-america.pool.ntp.org": No address associated with hostname
01-16 13:46:35.926 I/System.out( 2530): Values: 110388
01-16 13:46:36.577 D/GpsLocationProvider( 1589): [BroadcastReceiver] XTRA_ALARM_TIMEOUT
01-16 13:46:36.577 D/GpsLocationProvider( 1589): [shen] debug
01-16 13:46:36.577 D/GpsLocationProvider( 1589): [handleMessage] message :6
01-16 13:46:36.577 D/GpsLocationProvider( 1589): [handleMessage] DOWNLOAD_XTRA_DATA mSupportsXtra:false
01-16 13:46:36.577 D/GpsLocationProvider( 1589): [handleMessage] mSupportsXtra disable pending until enable it
01-16 13:46:36.927 I/System.out( 2530): Values: 110635
01-16 13:46:37.928 I/System.out( 2530): Values: 111832
01-16 13:46:38.919 I/System.out( 2530): Values: 112071
01-16 13:46:39.930 I/System.out( 2530): Values: 112329
01-16 13:46:40.931 I/System.out( 2530): Values: 112584
01-16 13:46:41.932 I/System.out( 2530): Values: 113793
01-16 13:46:42.933 I/System.out( 2530): Values: 114052
01-16 13:46:43.924 I/System.out( 2530): Values: 114315
01-16 13:46:44.925 I/System.out( 2530): Values: 115560
01-16 13:46:45.926 I/System.out( 2530): Values: 115827
01-16 13:46:46.166 I/ActivityManager( 1589): Start to apply OOP
01-16 13:46:46.927 I/System.out( 2530): Values: 116101
01-16 13:46:47.928 I/System.out( 2530): Values: 117304
01-16 13:46:48.929 I/System.out( 2530): Values: 117602
01-16 13:46:49.930 I/System.out( 2530): Values: 117882
01-16 13:46:50.931 I/System.out( 2530): Values: 119102
01-16 13:46:51.932 I/System.out( 2530): Values: 119368
01-16 13:46:52.933 I/System.out( 2530): Values: 119632
01-16 13:46:53.934 I/System.out( 2530): Values: 120848
01-16 13:46:54.935 I/System.out( 2530): Values: 121107
01-16 13:46:55.926 I/System.out( 2530): Values: 121351
01-16 13:46:56.927 I/System.out( 2530): Values: 122571
01-16 13:46:57.928 I/System.out( 2530): Values: 122842
01-16 13:46:58.929 I/System.out( 2530): Values: 123099
01-16 13:46:59.930 I/System.out( 2530): Values: 124301
01-16 13:46:59.990 I/ActivityManager( 1589): No longer want com.android.smith (pid 2005): hidden #16
01-16 13:47:00.000 I/ActivityManager( 1589): No longer want com.google.android.partnersetup (pid 1890): hidden #17
01-16 13:47:00.000 I/ActivityManager( 1589): No longer want com.htc.recommend (pid 2337): hidden #18
01-16 13:47:00.000 I/ActivityManager( 1589): No longer want com.android.vending (pid 2129): hidden #19
01-16 13:47:00.000 I/ActivityManager( 1589): No longer want com.htc.cs (pid 2474): hidden #20
01-16 13:47:00.000 I/ActivityManager( 1589): No longer want com.svox.pico (pid 2492): hidden #21
01-16 13:47:00.000 I/ActivityManager( 1589): No longer want com.htc.wdm (pid 2228): hidden #22
01-16 13:47:00.010 I/ActivityManager( 1589): No longer want com.htc.launcher.widgetscanner (pid 2075): hidden #23
01-16 13:47:00.010 I/ActivityManager( 1589): No longer want com.android.defcontainer (pid 2464): hidden #24
01-16 13:47:00.010 I/ActivityManager( 1589): No longer want com.htc.musicenhancer (pid 2436): hidden #25
01-16 13:47:00.010 I/ActivityManager( 1589): No longer want com.htc.sdm (pid 2167): hidden #26
01-16 13:47:00.010 I/ActivityManager( 1589): No longer want com.htc.home.personalize (pid 1899): hidden #27
01-16 13:47:00.010 I/ActivityManager( 1589): No longer want com.htc.ereader (pid 2406): hidden #28
01-16 13:47:00.010 I/ActivityManager( 1589): No longer want com.htc.demoflopackageinstaller (pid 2409): hidden #29
01-16 13:47:00.010 I/ActivityManager( 1589): No longer want com.htc.ereader.drmengine (pid 2281): hidden #30
01-16 13:47:00.010 I/ActivityManager( 1589): No longer want com.htc.laputa.HtcLaputaInstaller (pid 2204): hidden #31
01-16 13:47:00.020 I/ActivityManager( 1589): No longer want com.google.android.gm (pid 2270): hidden #32
01-16 13:47:00.020 I/ActivityManager( 1589): No longer want com.htc.dockmode (pid 2347): hidden #33
01-16 13:47:00.020 I/ActivityManager( 1589): No longer want com.htc.android.mail (pid 2328): hidden #34
01-16 13:47:00.020 I/ActivityManager( 1589): No longer want com.htc.cspeoplesync (pid 2319): hidden #35
01-16 13:47:00.020 I/ActivityManager( 1589): No longer want com.htc.calendar (pid 2307): hidden #36
01-16 13:47:00.020 I/ActivityManager( 1589): No longer want com.google.android.gsf.login (pid 2298): hidden #37
01-16 13:47:00.020 I/ActivityManager( 1589): No longer want com.htc.lmw (pid 2290): hidden #38
01-16 13:47:00.020 I/ActivityManager( 1589): No longer want com.htc.googlereader (pid 2221): hidden #39
01-16 13:47:00.020 I/ActivityManager( 1589): No longer want com.htc.htchubsyncprovider (pid 2211): hidden #40
01-16 13:47:00.030 I/ActivityManager( 1589): No longer want com.htc.music (pid 2189): hidden #41
01-16 13:47:00.030 I/ActivityManager( 1589): No longer want com.htc.sdm:remote (pid 2174): hidden #42
01-16 13:47:00.030 I/ActivityManager( 1589): No longer want com.htc.streamplayer (pid 2160): hidden #43
01-16 13:47:00.030 I/ActivityManager( 1589): No longer want com.htc.android.Stock (pid 2066): hidden #44
01-16 13:47:00.030 I/ActivityManager( 1589): No longer want com.htc.android.worldclock (pid 2020): hidden #45
01-16 13:47:00.030 I/ActivityManager( 1589): No longer want com.android.updater (pid 2044): hidden #46
01-16 13:47:00.030 I/ActivityManager( 1589): No longer want com.htc.taskmanager (pid 2055): hidden #47
01-16 13:47:00.030 I/ActivityManager( 1589): No longer want com.google.android.onetimeinitializer (pid 2013): hidden #48
01-16 13:47:00.030 I/ActivityManager( 1589): No longer want com.htc.resetnotify (pid 1996): hidden #49
01-16 13:47:00.040 I/ActivityManager( 1589): No longer want com.android.browser (pid 1952): hidden #50
01-16 13:47:00.040 I/ActivityManager( 1589): No longer want com.htc.messagecs (pid 1881): hidden #51
01-16 13:47:00.180 W/ContentService( 1589): binderDied() at ObserverNode name favorites
01-16 13:47:00.180 W/ContentService( 1589): binderDied() at ObserverNode name com.google.android.gsf.gservices
01-16 13:47:00.180 W/ContentService( 1589): binderDied() at ObserverNode name com.google.android.gsf.gservices
01-16 13:47:00.190 W/ContentService( 1589): binderDied() at ObserverNode name com.google.android.gsf.gservices
01-16 13:47:00.200 W/ContentService( 1589): binderDied() at ObserverNode name htc_application_notification
01-16 13:47:00.931 I/System.out( 2530): Values: 124553
01-16 13:47:01.932 I/System.out( 2530): Values: 124809
01-16 13:47:02.933 I/System.out( 2530): Values: 125704
01-16 13:47:03.924 I/System.out( 2530): Values: 126288
01-16 13:47:04.935 I/System.out( 2530): Values: 126531
01-16 13:47:05.936 I/System.out( 2530): Values: 126832
01-16 13:47:06.937 I/System.out( 2530): Values: 128046
01-16 13:47:07.928 I/System.out( 2530): Values: 128333
01-16 13:47:08.929 I/System.out( 2530): Values: 128601
01-16 13:47:09.930 I/System.out( 2530): Values: 129866
01-16 13:47:10.931 I/System.out( 2530): Values: 130130
01-16 13:47:11.932 I/System.out( 2530): Values: 130425
01-16 13:47:12.933 I/System.out( 2530): Values: 131635
01-16 13:47:13.934 I/System.out( 2530): Values: 131928
01-16 13:47:14.935 I/System.out( 2530): Values: 132217
01-16 13:47:15.926 I/System.out( 2530): Values: 133463
01-16 13:47:16.926 I/System.out( 2530): Values: 133753
01-16 13:47:17.937 I/System.out( 2530): Values: 134038
01-16 13:47:18.928 I/System.out( 2530): Values: 135309
01-16 13:47:19.929 I/System.out( 2530): Values: 135603
01-16 13:47:20.940 I/System.out( 2530): Values: 135955
01-16 13:47:21.941 I/System.out( 2530): Values: 137155
01-16 13:47:22.942 I/System.out( 2530): Values: 137435
01-16 13:47:23.943 I/System.out( 2530): Values: 137721
01-16 13:47:24.934 I/System.out( 2530): Values: 138681
01-16 13:47:25.935 I/System.out( 2530): Values: 139310
01-16 13:47:26.015 D/dalvikvm( 2530): GC_CONCURRENT freed 330K, 7% free 6562K/6983K, paused 5ms+4ms
01-16 13:47:26.936 I/System.out( 2530): Values: 139613
01-16 13:47:27.937 I/System.out( 2530): Values: 139887
01-16 13:47:28.938 I/System.out( 2530): Values: 141141
01-16 13:47:29.939 I/System.out( 2530): Values: 141401
01-16 13:47:30.109 D/UsbnetService( 1589): BroadcastReceiver::onReceive+
01-16 13:47:30.109 D/UsbnetService( 1589): onReceive BATTERY_CHANGED
01-16 13:47:30.109 D/UsbnetService( 1589):  --> pluggedType = 0, mPluggedType = 0, mScreenOff = false
01-16 13:47:30.109 D/UsbnetService( 1589): BroadcastReceiver::onReceive-
01-16 13:47:30.109 D/NotificationService( 1589): mIntentReceiver() Intent.ACTION_BATTERY_CHANGED
01-16 13:47:30.119 D/BatteryService( 1589): SendIntentforPowersaver
01-16 13:47:30.129 D/BatteryService( 1589): Current powersaver status == NORMAL_STATUS1 4 2 false
01-16 13:47:30.139 D/PowerUI ( 1659): plugged = false, health = 2, mBatteryLevel = 99, mPluggedBatteryLevel = 99, mLowBatteryWarningLevel2 = 25, mshowLowChargingWarning2 = true
01-16 13:47:30.149 D/RemoveMe( 1682): DCT got intent android.intent.action.BATTERY_CHANGED
01-16 13:47:30.159 D/RemoveMe( 1682): DCT got intent android.intent.action.BATTERY_CHANGED
01-16 13:47:30.169 D/RemoveMe( 1682): DCT got intent android.intent.action.BATTERY_CHANGED
01-16 13:47:30.940 I/System.out( 2530): Values: 141680
01-16 13:47:31.941 I/System.out( 2530): Values: 142938
01-16 13:47:32.942 I/System.out( 2530): Values: 143212
01-16 13:47:33.943 I/System.out( 2530): Values: 143509
01-16 13:47:34.944 I/System.out( 2530): Values: 144738
01-16 13:47:35.775 D/SntpClient( 1589): requestTime: called by Thread[NetworkTimeUpdateService,5,main], failed: java.net.UnknownHostException: Unable to resolve host "north-america.pool.ntp.org": No address associated with hostname
01-16 13:47:35.945 I/System.out( 2530): Values: 145028
01-16 13:47:36.946 I/System.out( 2530): Values: 145345
01-16 13:47:37.947 I/System.out( 2530): Values: 146618
01-16 13:47:38.938 I/System.out( 2530): Values: 146935
01-16 13:47:39.949 I/System.out( 2530): Values: 147295
01-16 13:47:40.940 I/System.out( 2530): Values: 148550
01-16 13:47:41.941 I/System.out( 2530): Values: 148872
01-16 13:47:42.942 I/System.out( 2530): Values: 149238
01-16 13:47:43.943 I/System.out( 2530): Values: 150527
01-16 13:47:44.944 I/System.out( 2530): Values: 150867
01-16 13:47:45.935 I/System.out( 2530): Values: 151176
01-16 13:47:46.936 I/System.out( 2530): Values: 152534
01-16 13:47:47.947 I/System.out( 2530): Values: 152832
01-16 13:47:48.948 I/System.out( 2530): Values: 153151
01-16 13:47:49.949 I/System.out( 2530): Values: 153466
01-16 13:47:50.950 I/System.out( 2530): Values: 154798
01-16 13:47:51.951 I/System.out( 2530): Values: 155095
01-16 13:47:52.952 I/System.out( 2530): Values: 155405
01-16 13:47:53.943 I/System.out( 2530): Values: 156675
01-16 13:47:54.944 I/System.out( 2530): Values: 156962
01-16 13:47:55.945 I/System.out( 2530): Values: 157202
01-16 13:47:56.946 I/System.out( 2530): Values: 158499
01-16 13:47:57.946 I/System.out( 2530): Values: 158783
01-16 13:47:58.947 I/System.out( 2530): Values: 159055
01-16 13:47:59.948 I/System.out( 2530): Values: 160297
01-16 13:48:00.159 D/UsbnetService( 1589): BroadcastReceiver::onReceive+
01-16 13:48:00.159 D/UsbnetService( 1589): onReceive BATTERY_CHANGED
01-16 13:48:00.159 D/UsbnetService( 1589):  --> pluggedType = 0, mPluggedType = 0, mScreenOff = false
