--------- beginning of /dev/log/main
01-16 15:37:07.203 D/dalvikvm( 2472): GC_EXPLICIT freed 63K, 5% free 6507K/6787K, paused 4ms+1ms
01-16 15:37:12.077 D/AutoSetting( 1771): service - mRequestRunnable: screen on delay 10s, request NLP now
01-16 15:37:12.087 D/AutoSetting( 1771): service - requestNLP() NetworkLocationProvider not enabled
01-16 15:37:12.197 D/dalvikvm( 1771): GC_EXPLICIT freed 103K, 7% free 6839K/7303K, paused 5ms+2ms
01-16 15:37:17.212 D/dalvikvm( 1842): GC_EXPLICIT freed 47K, 5% free 6476K/6787K, paused 5ms+1ms
01-16 15:37:19.905 D/UsbnetService( 1576): BroadcastReceiver::onReceive+
01-16 15:37:19.905 D/UsbnetService( 1576): onReceive BATTERY_CHANGED
01-16 15:37:19.905 D/UsbnetService( 1576):  --> pluggedType = 2, mPluggedType = 0, mScreenOff = false
01-16 15:37:19.905 D/UsbnetService( 1576): BroadcastReceiver::onReceive-
--------- beginning of /dev/log/system
01-16 15:37:19.905 D/NotificationService( 1576): mIntentReceiver() Intent.ACTION_BATTERY_CHANGED
01-16 15:37:19.915 D/BatteryService( 1576): SendIntentforPowersaver
01-16 15:37:19.915 D/BatteryService( 1576): Current powersaver status == NORMAL_STATUS1 2 2 false
01-16 15:37:19.915 D/PowerUI ( 1646): closing low battery warning: level=99
01-16 15:37:19.925 D/RemoveMe( 1671): DCT got intent android.intent.action.BATTERY_CHANGED
01-16 15:37:19.925 D/PowerUI ( 1646): plugged = true, health = 2, mBatteryLevel = 99, mPluggedBatteryLevel = 97, mLowBatteryWarningLevel2 = 25, mshowLowChargingWarning2 = true
01-16 15:37:19.935 D/RemoveMe( 1671): DCT got intent android.intent.action.BATTERY_CHANGED
01-16 15:37:19.935 D/RemoveMe( 1671): DCT got intent android.intent.action.BATTERY_CHANGED
01-16 15:37:21.316 D/AndroidRuntime( 2621): 
01-16 15:37:21.316 D/AndroidRuntime( 2621): >>>>>> AndroidRuntime START com.android.internal.os.RuntimeInit <<<<<<
01-16 15:37:21.326 D/AndroidRuntime( 2621): CheckJNI is OFF
01-16 15:37:21.416 D/CursorWindowStats( 2621): Get CursorWindow size from framework resource:4194304
01-16 15:37:21.457 D/AndroidRuntime( 2621): Calling main entry com.android.commands.pm.Pm
01-16 15:37:21.477 I/ActivityManager( 1576): Start proc com.android.defcontainer for service com.android.defcontainer/.DefaultContainerService: pid=2629 uid=10087 gids={1015, 2001}
01-16 15:37:21.507 D/dalvikvm( 1439): GC_EXPLICIT freed 12K, 5% free 6453K/6787K, paused 1ms+1ms
01-16 15:37:21.547 D/dalvikvm( 1439): GC_EXPLICIT freed <1K, 5% free 6453K/6787K, paused 1ms+1ms
01-16 15:37:21.577 D/dalvikvm( 1439): GC_EXPLICIT freed <1K, 5% free 6453K/6787K, paused 1ms+1ms
01-16 15:37:21.587 D/dalvikvm( 2629): GC_EXPLICIT freed 44K, 5% free 6458K/6787K, paused 1ms+1ms
01-16 15:37:21.877 W/ActivityManager( 1576): No content provider found for: 
01-16 15:37:21.887 W/ActivityManager( 1576): No content provider found for: 
01-16 15:37:21.887 I/ActivityManager( 1576): No longer want com.android.smith (pid 2050): hidden #16
01-16 15:37:21.897 D/PackageParser( 1576): Scanning package: /data/app/vmdl-514654929.tmp
01-16 15:37:21.957 I/PackageManager( 1576): Removing non-system package:uk.ac.st_andrews.cs.host.mk74.energymeasurement.cam
01-16 15:37:21.957 I/ActivityManager( 1576): Force stopping package uk.ac.st_andrews.cs.host.mk74.energymeasurement.cam uid=10106
01-16 15:37:22.197 D/PackageManager( 1576): Scanning package uk.ac.st_andrews.cs.host.mk74.energymeasurement.cam
01-16 15:37:22.197 I/PackageManager( 1576): Package uk.ac.st_andrews.cs.host.mk74.energymeasurement.cam codePath changed from /data/app/uk.ac.st_andrews.cs.host.mk74.energymeasurement.cam-1.apk to /data/app/uk.ac.st_andrews.cs.host.mk74.energymeasurement.cam-2.apk; Retaining data and using new
01-16 15:37:22.197 I/PackageManager( 1576): Unpacking native libraries for /data/app/uk.ac.st_andrews.cs.host.mk74.energymeasurement.cam-2.apk
01-16 15:37:22.447 D/dalvikvm( 2637): DexOpt: load 42ms, verify+opt 149ms
01-16 15:37:22.628 I/ActivityManager( 1576): Force stopping package uk.ac.st_andrews.cs.host.mk74.energymeasurement.cam uid=10106
01-16 15:37:22.628 W/PackageManager( 1576): Code path for pkg : uk.ac.st_andrews.cs.host.mk74.energymeasurement.cam changing from /data/app/uk.ac.st_andrews.cs.host.mk74.energymeasurement.cam-1.apk to /data/app/uk.ac.st_andrews.cs.host.mk74.energymeasurement.cam-2.apk
01-16 15:37:22.628 D/PackageManager( 1576):   Activities: uk.ac.st_andrews.cs.host.mk74.energymeasurement.cam.MainActivity
01-16 15:37:22.628 W/PackageManager( 1576): Resource path for pkg : uk.ac.st_andrews.cs.host.mk74.energymeasurement.cam changing from /data/app/uk.ac.st_andrews.cs.host.mk74.energymeasurement.cam-1.apk to /data/app/uk.ac.st_andrews.cs.host.mk74.energymeasurement.cam-2.apk
01-16 15:37:22.768 D/PackageManager( 1576): [embedded] New package installed in /data/app/uk.ac.st_andrews.cs.host.mk74.energymeasurement.cam-2.apk
01-16 15:37:22.948 I/ActivityManager( 1576): Force stopping package uk.ac.st_andrews.cs.host.mk74.energymeasurement.cam uid=10106
01-16 15:37:23.028 D/dalvikvm( 1682): GC_EXPLICIT freed 1741K, 19% free 11151K/13703K, paused 2ms+3ms
01-16 15:37:23.048 D/Launcher.Model( 1682): onReceive intent=Intent { act=android.intent.action.PACKAGE_REMOVED dat=package:uk.ac.st_andrews.cs.host.mk74.energymeasurement.cam flg=0x10000010 (has extras) }
01-16 15:37:23.048 D/PhoneApp( 1671): -- PackageChangeBroadcastReceiver  action = android.intent.action.PACKAGE_REMOVED
01-16 15:37:23.058 I/ActivityManager( 1576): Start proc com.android.smith for broadcast com.android.smith/.PackageReceiver: pid=2638 uid=10009 gids={1007, 1015}
01-16 15:37:23.118 I/SM:lib  ( 2638): JNI_OnLoad(): library version = 5
01-16 15:37:23.128 I/SM:lib  ( 2638): JNI_OnLoad(): result = 0x10004
01-16 15:37:23.128 D/SM:HtcNative( 2638): system lib, 4.0.honeycomb.HTK75C-flyer-l5-s16
01-16 15:37:23.128 D/SM:PackageReceiver( 2638): package removed: package:uk.ac.st_andrews.cs.host.mk74.energymeasurement.cam
01-16 15:37:23.128 D/PackageManager( 1576): generateServicesMap(android.accounts.AccountAuthenticator): 13 services unchanged
01-16 15:37:23.178 D/PackageManager( 1576): generateServicesMap(android.content.SyncAdapter): 21 services unchanged
01-16 15:37:23.178 D/Launcher.Model( 1682): onReceive intent=Intent { act=android.intent.action.PACKAGE_ADDED dat=package:uk.ac.st_andrews.cs.host.mk74.energymeasurement.cam flg=0x10000010 (has extras) }
01-16 15:37:23.178 D/Launcher.Model( 1682): mAllAppsList.updatePackage uk.ac.st_andrews.cs.host.mk74.energymeasurement.cam
01-16 15:37:23.188 D/PackageManager( 1576): generateServicesMap(android.accounts.AccountAuthenticator): 13 services unchanged
01-16 15:37:23.188 D/PhoneApp( 1671): -- PackageChangeBroadcastReceiver  action = android.intent.action.PACKAGE_ADDED
01-16 15:37:23.188 I/ActivityManager( 1576): No longer want com.google.android.apps.uploader (pid 1985): hidden #16
01-16 15:37:23.198 D/WidgetScanner( 1682): onReceive: Intent { act=android.intent.action.PACKAGE_REMOVED dat=package:uk.ac.st_andrews.cs.host.mk74.energymeasurement.cam flg=0x10000010 cmp=com.htc.launcher/.widget.WidgetScannerTrigger (has extras) }
01-16 15:37:23.198 I/ActivityManager( 1576): Start proc com.htc.launcher.widgetscanner for service com.htc.launcher/.widget.WidgetScannerService: pid=2645 uid=9999 gids={3003, 3002, 3001, 2001, 1015}
01-16 15:37:23.208 D/PackageManager( 1576): generateServicesMap(android.content.SyncAdapter): 21 services unchanged
01-16 15:37:23.268 I/ActivityManager( 1576): Start proc com.htc.opensense for broadcast com.htc.opensense/.pluginmanager.RegisterReceiver: pid=2652 uid=10013 gids={2001, 3003, 1006, 1015}
01-16 15:37:23.308 W/ContentService( 1576): binderDied() at ObserverNode name com.google.android.gsf.gservices
01-16 15:37:23.388 I/ActivityManager( 1576): Start proc com.htc.cs for broadcast com.htc.cs/.plugin.PluginRegisterReceiver: pid=2659 uid=10041 gids={3003, 1015}
01-16 15:37:23.458 I/RegisterService( 2652): android.intent.action.PACKAGE_REMOVED package:uk.ac.st_andrews.cs.host.mk74.energymeasurement.cam
01-16 15:37:23.478 D/CombinedWidgetProvider( 1682): +addAppWidget
01-16 15:37:23.549 D/dalvikvm( 1576): GC_CONCURRENT freed 1819K, 12% free 16008K/18055K, paused 2ms+6ms
01-16 15:37:23.549 D/CombinedWidgetProvider( 1682): addAppWidget: WidgetSummary(YouTube/APP_WIDGET/[I@40910158 x [I@40910178/-1/ComponentInfo{com.google.android.youtube/com.google.android.youtube.app.honeycomb.widget.WidgetProvider}/[I@40910198)
01-16 15:37:23.559 D/CombinedWidgetProvider( 1682): addAppWidget: WidgetSummary(Twitter (large)/APP_WIDGET/[I@40910658 x [I@40910678/-1/ComponentInfo{com.twitter.android/com.twitter.android.client.WidgetLargeProvider}/[I@40910698)
01-16 15:37:23.559 D/CombinedWidgetProvider( 1682): addAppWidget: WidgetSummary(Twitter (small)/APP_WIDGET/[I@40910ad8 x [I@40910af8/-1/ComponentInfo{com.twitter.android/com.twitter.android.client.WidgetSmallProvider}/[I@40910b18)
01-16 15:37:23.559 D/CombinedWidgetProvider( 1682): addAppWidget: WidgetSummary(Traffic/APP_WIDGET/[I@40910f58 x [I@40910f78/-1/ComponentInfo{com.google.android.apps.maps/com.google.googlenav.appwidget.traffic.TrafficAppWidget}/[I@40910f98)
01-16 15:37:23.559 D/CombinedWidgetProvider( 1682): addAppWidget: WidgetSummary(Latitude/APP_WIDGET/[I@40911458 x [I@40911478/-1/ComponentInfo{com.google.android.apps.maps/com.google.googlenav.appwidget.friends.FriendsAppWidgetProvider}/[I@40911498)
01-16 15:37:23.559 D/CombinedWidgetProvider( 1682): addAppWidget: WidgetSummary(Market/APP_WIDGET/[I@40911958 x [I@40911978/-1/ComponentInfo{com.android.vending/com.android.vending.MarketWidgetProvider}/[I@40911998)
01-16 15:37:23.559 D/CombinedWidgetProvider( 1682): addAppWidget: WidgetSummary(Google Search/APP_WIDGET/[I@40911df0 x [I@40911e10/-1/ComponentInfo{com.google.android.googlequicksearchbox/com.google.android.googlequicksearchbox.SearchWidgetProvider}/[I@40911e30)
01-16 15:37:23.559 D/CombinedWidgetProvider( 1682): addAppWidget: WidgetSummary(Gmail/APP_WIDGET/[I@409122d8 x [I@409122f8/-1/ComponentInfo{com.google.android.gm/com.google.android.gm.widget.GmailWidgetProvider}/[I@40912318)
01-16 15:37:23.559 D/CombinedWidgetProvider( 1682): addAppWidget: WidgetSummary(Bookmarks/APP_WIDGET/[I@40912770 x [I@40912790/-1/ComponentInfo{com.android.browser/com.android.browser.widget.BookmarkThumbnailWidgetProvider}/[I@409127b0)
01-16 15:37:23.559 D/CombinedWidgetProvider( 1682): -addAppWidget
01-16 15:37:23.569 D/CombinedWidgetProvider( 1682): +addHtcWidgets, cat: -1
01-16 15:37:23.569 D/CombinedWidgetProvider( 1682):  uri: content://com.htc.launcher.widget.htcwidget/htcwidgets?widget_only=true
01-16 15:37:23.569 D/HtcWidgetProvider( 1682): row 1
01-16 15:37:23.569 D/LauncherApplication( 2645): + LauncherApplication onCreate()
01-16 15:37:23.629 D/CombinedWidgetProvider( 1682): addHtcWidget: WidgetSummary(Tips for Home/HTC_WIDGET/[I@409174d0 x [I@409174f0/1101/ComponentInfo{com.htc.rosiewidgets.tip/com.htc.rosiewidgets.tip.TipWidgetItem}/[I@40917510)
01-16 15:37:23.639 D/CombinedWidgetProvider( 1682): -addHtcWidgets
01-16 15:37:23.639 D/CombinedWidgetProvider( 1682): +addFxWidgets , provider: null
01-16 15:37:23.639 D/FxWidgetProviderInfoCollector( 1682): getAllStyles + [Ljava.lang.String;@406d21d0 @ 
01-16 15:37:23.669 D/FxWidgetProvider( 1682): row 94
01-16 15:37:23.689 I/ActivityThread( 2659): Pub com.htc.connectedservice.csprovider: com.htc.cs.provider.ConnectedServiceProvider
01-16 15:37:23.709 I/ActivityThread( 2659): Pub com.htc.cs.dashboard: com.htc.cs.sync.dashboard.DashboardProvider
01-16 15:37:23.719 D/vicky   ( 2659): vicky received: android.intent.action.PACKAGE_REMOVED
01-16 15:37:23.739 I/ActivityManager( 1576): Start proc com.google.android.apps.maps for broadcast com.google.android.apps.maps/com.google.android.location.internal.NlpPackageUpdateReceiver: pid=2668 uid=10046 gids={3003, 1015}
01-16 15:37:23.749 D/LauncherApplication( 2645): - LauncherApplication onCreate()
01-16 15:37:23.799 I/ActivityManager( 1576): No longer want com.htc.laputa.HtcLaputaInstaller (pid 2224): hidden #16
01-16 15:37:23.849 D/dalvikvm( 2645): GC_CONCURRENT freed 167K, 5% free 6765K/7047K, paused 2ms+54ms
01-16 15:37:24.109 D/dalvikvm( 2668): GC_CONCURRENT freed 151K, 4% free 6807K/7047K, paused 1ms+1ms
01-16 15:37:24.189 D/WidgetScanner( 2645): onReceiveInternal: Intent { act=android.intent.action.PACKAGE_REMOVED dat=package:uk.ac.st_andrews.cs.host.mk74.energymeasurement.cam flg=0x10000010 cmp=com.htc.launcher/.widget.WidgetScannerService (has extras) }
01-16 15:37:24.189 D/HtcWidgetScanner( 2645): onPackageRemoved: uk.ac.st_andrews.cs.host.mk74.energymeasurement.cam
01-16 15:37:24.249 D/dalvikvm( 2668): GC_CONCURRENT freed 137K, 4% free 7149K/7431K, paused 1ms+8ms
01-16 15:37:24.249 I/ActivityThread( 2668): Pub com.google.android.maps.SearchHistoryProvider: com.google.googlenav.provider.SearchHistoryProvider
01-16 15:37:24.259 D/HtcWidgetProvider( 1682): update 0
01-16 15:37:24.259 I/ActivityThread( 2668): Pub com.google.android.maps.LayerInfoProvider: com.google.googlenav.layer.LayerInfoProvider
01-16 15:37:24.259 D/SqliteDatabaseCpp( 2668): dbopen(): path = /data/data/com.google.android.apps.maps/databases , key = LYqevA, flag = 6, file size = 5120
01-16 15:37:24.259 D/FxWidgetScanner( 2645): onPackageRemoved: uk.ac.st_andrews.cs.host.mk74.energymeasurement.cam
01-16 15:37:24.259 D/FxWidgetScanner( 2645): removeFxWidgetList
01-16 15:37:24.269 D/SqliteDatabaseCpp( 2668): dbopen(): path = /data/data/com.google.android.apps.maps/databases , key = LYqevA, mode: delete, disk free size: 7853 M, handle: 0x15d780
01-16 15:37:24.279 I/ActivityThread( 2668): Pub com.google.android.maps.TrafficAppWidgetProvider: com.google.googlenav.appwidget.traffic.TrafficAppWidgetProvider
01-16 15:37:24.279 I/ActivityThread( 2668): Pub com.google.android.maps.SuggestionProvider: com.google.googlenav.suggest.android.SuggestProvider
01-16 15:37:24.279 I/ActivityThread( 2668): Pub com.google.android.maps.LocalActivePlacesProvider: com.google.googlenav.provider.LocalActivePlacesProvider
01-16 15:37:24.289 I/ActivityThread( 2668): Pub com.google.android.maps.StarredItemProvider: com.google.googlenav.provider.StarredItemProvider
01-16 15:37:24.379 D/FxWidgetScanner( 2645): delete 0
01-16 15:37:24.379 D/WidgetScanner( 2645): upadted? false
01-16 15:37:24.419 I/ActivityManager( 1576): No longer want com.htc.ereader.drmengine (pid 2299): hidden #16
01-16 15:37:24.429 I/ActivityThread( 2668): Pub com.google.android.maps.LocalSuggestionProvider: com.google.googlenav.provider.LocalSuggestionProvider
01-16 15:37:24.439 I/ActivityThread( 2668): Pub com.google.android.maps.NavigationAvailabilityProvider: com.google.googlenav.provider.NavigationAvailabilityProvider
01-16 15:37:24.449 D/dalvikvm( 2668): GC_CONCURRENT freed 156K, 4% free 7502K/7751K, paused 1ms+2ms
01-16 15:37:24.590 I/ActivityManager( 1576): Start proc com.htc.recommend for broadcast com.htc.recommend/.receiver.AppInstalledReceiver: pid=2678 uid=10056 gids={2001, 3003}
01-16 15:37:24.620 I/ActivityManager( 1576): No longer want com.htc.demoflopackageinstaller (pid 2408): hidden #16
01-16 15:37:24.650 D/FxWidgetProvider( 1682): row 1
01-16 15:37:24.650 D/CombinedWidgetProvider( 1682): addFxWidget: WidgetSummary(Watch/FX_WIDGET/[I@40996978 x [I@40996998/-2/ComponentInfo{com.htc.widget3d.watch/com.htc.widget3d.watch.WatchProvider}/[I@409969b8)
01-16 15:37:24.660 I/ActivityThread( 2678): Pub com.htc.recommend.provider.HTCRecommendCarouselProvider: com.htc.recommend.provider.HTCRecommendCarouselProvider
01-16 15:37:24.660 D/FxWidgetProvider( 1682): row 1
01-16 15:37:24.660 I/ActivityThread( 2678): Pub com.htc.recommend.provider.HTCRecommendContentProvider: com.htc.recommend.provider.HTCRecommendContentProvider
01-16 15:37:24.660 D/HTC Recommends( 2678): /mnt/sdcard/.LHYGB/CKCL
01-16 15:37:24.670 D/HTC Recommends( 2678): no token file
01-16 15:37:24.670 D/HTC Recommends( 2678): no token file
01-16 15:37:24.670 D/HTC Recommends( 2678): Log settings are 
01-16 15:37:24.670 D/HTC Recommends( 2678): Enable General Log : false
01-16 15:37:24.670 D/HTC Recommends( 2678): Enable Analytic Log : false
01-16 15:37:24.670 D/HTC Recommends( 2678): Enable Normal Log Level (dependent on General Log) : false
01-16 15:37:24.670 D/HTC Recommends( 2678): Enable Critical Log Level (dependent on General Log) : false
01-16 15:37:24.670 D/SqliteDatabaseCpp( 2678): dbopen(): path = /data/data/com.htc.recommend/databases , key = `tgvegkmmejd, flag = 6, file size = 48128
01-16 15:37:24.670 D/SqliteDatabaseCpp( 2678): dbopen(): path = /data/data/com.htc.recommend/databases , key = `tgvegkmmejd, mode: delete, disk free size: 7853 M, handle: 0x15d780
01-16 15:37:24.700 D/CombinedWidgetProvider( 1682): addFxWidget: WidgetSummary(Airplane Mode/FX_WIDGET/[I@40998268 x [I@40998288/-2/ComponentInfo{com.htc.htcsettingwidgets/com.htc.htcsettingwidgets.AirplaneWidget}/[I@409982a8)
01-16 15:37:24.700 D/FxWidgetProvider( 1682): row 1
01-16 15:37:24.700 D/CombinedWidgetProvider( 1682): addFxWidget: WidgetSummary(Bluetooth/FX_WIDGET/[I@40999970 x [I@40999990/-2/ComponentInfo{com.htc.htcsettingwidgets/com.htc.htcsettingwidgets.BTWidget}/[I@409999b0)
01-16 15:37:24.700 I/ActivityManager( 1576): No longer want com.htc.ereader (pid 2402): hidden #16
01-16 15:37:24.710 D/FxWidgetProvider( 1682): row 1
01-16 15:37:24.710 D/CombinedWidgetProvider( 1682): addFxWidget: WidgetSummary(GPS/FX_WIDGET/[I@4099b058 x [I@4099b078/-2/ComponentInfo{com.htc.htcsettingwidgets/com.htc.htcsettingwidgets.GPSWidget}/[I@4099b098)
01-16 15:37:24.710 D/FxWidgetProvider( 1682): row 1
01-16 15:37:24.720 D/CombinedWidgetProvider( 1682): addFxWidget: WidgetSummary(Wi-Fi Hotspot/FX_WIDGET/[I@4099ca58 x [I@4099ca78/-2/ComponentInfo{com.htc.htcsettingwidgets/com.htc.htcsettingwidgets.HotspotWidget}/[I@4099ca98)
01-16 15:37:24.720 D/FxWidgetProvider( 1682): row 1
01-16 15:37:24.730 D/CombinedWidgetProvider( 1682): addFxWidget: WidgetSummary(Mobile Network/FX_WIDGET/[I@4099e6d0 x [I@4099e6f0/-2/ComponentInfo{com.htc.htcsettingwidgets/com.htc.htcsettingwidgets.MobileNetworkWidget}/[I@4099e710)
01-16 15:37:24.730 D/FxWidgetProvider( 1682): row 1
01-16 15:37:24.730 D/CombinedWidgetProvider( 1682): addFxWidget: WidgetSummary(Wi-Fi/FX_WIDGET/[I@409a01b0 x [I@409a01d0/-2/ComponentInfo{com.htc.htcsettingwidgets/com.htc.htcsettingwidgets.WiFiWidget}/[I@409a01f0)
01-16 15:37:24.730 D/FxWidgetProvider( 1682): row 1
01-16 15:37:24.740 D/CombinedWidgetProvider( 1682): addFxWidget: WidgetSummary(Mail/FX_WIDGET/[I@409a1df8 x [I@409a1e18/-2/ComponentInfo{com.htc.htcmailwidgets/com.htc.htcmailwidgets.WidgetReceiver}/[I@409a1e38)
01-16 15:37:24.750 D/FxWidgetProvider( 1682): row 3
01-16 15:37:24.750 D/FxWidgetProviderInfoCollector( 1682): more than one style shared the same component! Return the first one found.
01-16 15:37:24.750 D/CombinedWidgetProvider( 1682): addFxWidget: WidgetSummary(Mail/FX_WIDGET/[I@409a3a28 x [I@409a3a48/-2/ComponentInfo{com.htc.htcmailwidgets/com.htc.htcmailwidgets.WidgetReceiver}/[I@409a3a68)
01-16 15:37:24.750 D/FxWidgetProvider( 1682): row 3
01-16 15:37:24.760 D/FxWidgetProviderInfoCollector( 1682): more than one style shared the same component! Return the first one found.
01-16 15:37:24.760 D/CombinedWidgetProvider( 1682): addFxWidget: WidgetSummary(Mail/FX_WIDGET/[I@409a5580 x [I@409a55a0/-2/ComponentInfo{com.htc.htcmailwidgets/com.htc.htcmailwidgets.WidgetReceiver}/[I@409a55c0)
01-16 15:37:24.760 D/FxWidgetProvider( 1682): row 3
01-16 15:37:24.770 D/FxWidgetProviderInfoCollector( 1682): more than one style shared the same component! Return the first one found.
01-16 15:37:24.770 D/CombinedWidgetProvider( 1682): addFxWidget: WidgetSummary(Mail/FX_WIDGET/[I@408035c8 x [I@408035e8/-2/ComponentInfo{com.htc.htcmailwidgets/com.htc.htcmailwidgets.WidgetReceiver}/[I@407fcf70)
01-16 15:37:24.770 D/FxWidgetProvider( 1682): row 3
01-16 15:37:24.770 D/FxWidgetProviderInfoCollector( 1682): more than one style shared the same component! Return the first one found.
01-16 15:37:24.780 D/CombinedWidgetProvider( 1682): addFxWidget: WidgetSummary(Mail/FX_WIDGET/[I@40d2b018 x [I@40d2b038/-2/ComponentInfo{com.htc.htcmailwidgets/com.htc.htcmailwidgets.WidgetReceiver}/[I@40d2b058)
01-16 15:37:24.780 D/FxWidgetProvider( 1682): row 3
01-16 15:37:24.780 D/FxWidgetProviderInfoCollector( 1682): more than one style shared the same component! Return the first one found.
01-16 15:37:24.780 D/CombinedWidgetProvider( 1682): addFxWidget: WidgetSummary(Mail/FX_WIDGET/[I@40812b28 x [I@40812b48/-2/ComponentInfo{com.htc.htcmailwidgets/com.htc.htcmailwidgets.WidgetReceiver}/[I@40812b68)
01-16 15:37:24.780 D/FxWidgetProvider( 1682): row 3
01-16 15:37:24.790 D/FxWidgetProviderInfoCollector( 1682): more than one style shared the same component! Return the first one found.
01-16 15:37:24.790 D/CombinedWidgetProvider( 1682): addFxWidget: WidgetSummary(Mail/FX_WIDGET/[I@4077ada8 x [I@4077adc8/-2/ComponentInfo{com.htc.htcmailwidgets/com.htc.htcmailwidgets.WidgetReceiver}/[I@4077ade8)
01-16 15:37:24.790 D/FxWidgetProvider( 1682): row 5
01-16 15:37:24.800 D/FxWidgetProviderInfoCollector( 1682): more than one style shared the same component! Return the first one found.
01-16 15:37:24.800 D/CombinedWidgetProvider( 1682): addFxWidget: WidgetSummary(People/FX_WIDGET/[I@4087def8 x [I@4087df18/-2/ComponentInfo{com.htc.htccontactwidgets_3d_fusion/com.htc.htccontactwidgets_3d_fusion.WidgetReceiver}/[I@4087df38)
01-16 15:37:24.800 D/FxWidgetProvider( 1682): row 5
01-16 15:37:24.800 D/FxWidgetProviderInfoCollector( 1682): more than one style shared the same component! Return the first one found.
01-16 15:37:24.800 D/CombinedWidgetProvider( 1682): addFxWidget: WidgetSummary(People/FX_WIDGET/[I@40bb6ea0 x [I@40bb6ec0/-2/ComponentInfo{com.htc.htccontactwidgets_3d_fusion/com.htc.htccontactwidgets_3d_fusion.WidgetReceiver}/[I@40bb6ee0)
01-16 15:37:24.800 D/FxWidgetProvider( 1682): row 5
01-16 15:37:24.810 D/FxWidgetProviderInfoCollector( 1682): more than one style shared the same component! Return the first one found.
01-16 15:37:24.810 D/CombinedWidgetProvider( 1682): addFxWidget: WidgetSummary(People/FX_WIDGET/[I@408d3388 x [I@408d33a8/-2/ComponentInfo{com.htc.htccontactwidgets_3d_fusion/com.htc.htccontactwidgets_3d_fusion.WidgetReceiver}/[I@408d33c8)
01-16 15:37:24.810 D/FxWidgetProvider( 1682): row 5
01-16 15:37:24.810 D/FxWidgetProviderInfoCollector( 1682): more than one style shared the same component! Return the first one found.
01-16 15:37:24.820 D/CombinedWidgetProvider( 1682): addFxWidget: WidgetSummary(People/FX_WIDGET/[I@409fea58 x [I@40d18078/-2/ComponentInfo{com.htc.htccontactwidgets_3d_fusion/com.htc.htccontactwidgets_3d_fusion.WidgetReceiver}/[I@40d18098)
01-16 15:37:24.820 D/FxWidgetProvider( 1682): row 5
01-16 15:37:24.820 D/FxWidgetProviderInfoCollector( 1682): more than one style shared the same component! Return the first one found.
01-16 15:37:24.820 D/CombinedWidgetProvider( 1682): addFxWidget: WidgetSummary(People/FX_WIDGET/[I@40bca480 x [I@40bca4a0/-2/ComponentInfo{com.htc.htccontactwidgets_3d_fusion/com.htc.htccontactwidgets_3d_fusion.WidgetReceiver}/[I@40bca4c0)
01-16 15:37:24.830 D/FxWidgetProvider( 1682): row 1
01-16 15:37:24.830 D/CombinedWidgetProvider( 1682): addFxWidget: WidgetSummary(Calendar/FX_WIDGET/[I@40ad5438 x [I@40ad5458/-2/ComponentInfo{com.htc.htccalendarwidgets/com.htc.htccalendarwidgets.WidgetReceiver}/[I@40c74d70)
01-16 15:37:24.840 D/FxWidgetProvider( 1682): row 3
01-16 15:37:24.840 D/FxWidgetProviderInfoCollector( 1682): more than one style shared the same component! Return the first one found.
01-16 15:37:24.840 D/CombinedWidgetProvider( 1682): addFxWidget: WidgetSummary(Calendar/FX_WIDGET/[I@40bb86c0 x [I@40bb7ce8/-2/ComponentInfo{com.htc.htccalendarwidgets/com.htc.htccalendarwidgets.WidgetReceiver}/[I@40bb7d08)
01-16 15:37:24.840 D/FxWidgetProvider( 1682): row 3
01-16 15:37:24.840 D/FxWidgetProviderInfoCollector( 1682): more than one style shared the same component! Return the first one found.
01-16 15:37:24.850 D/CombinedWidgetProvider( 1682): addFxWidget: WidgetSummary(Calendar/FX_WIDGET/[I@407af8d0 x [I@407af8f0/-2/ComponentInfo{com.htc.htccalendarwidgets/com.htc.htccalendarwidgets.WidgetReceiver}/[I@407af910)
01-16 15:37:24.850 D/FxWidgetProvider( 1682): row 3
01-16 15:37:24.850 D/dalvikvm( 1674): GC_EXPLICIT freed 811K, 11% free 7800K/8711K, paused 1ms+5ms
01-16 15:37:24.850 D/FxWidgetProviderInfoCollector( 1682): more than one style shared the same component! Return the first one found.
01-16 15:37:24.860 D/CombinedWidgetProvider( 1682): addFxWidget: WidgetSummary(Calendar/FX_WIDGET/[I@40c75500 x [I@40c702d0/-2/ComponentInfo{com.htc.htccalendarwidgets/com.htc.htccalendarwidgets.WidgetReceiver}/[I@40c702f0)
01-16 15:37:24.860 D/FxWidgetProvider( 1682): row 1
01-16 15:37:24.860 D/CombinedWidgetProvider( 1682): addFxWidget: WidgetSummary(Calendar/FX_WIDGET/[I@40d26410 x [I@40d26430/-2/ComponentInfo{com.htc.htccalendarwidgets/com.htc.htccalendarwidgets.WidgetReceiver}/[I@40d26450)
01-16 15:37:24.860 D/FxWidgetProvider( 1682): row 1
01-16 15:37:24.870 D/CombinedWidgetProvider( 1682): addFxWidget: WidgetSummary(Bookmarks/FX_WIDGET/[I@409b12c8 x [I@409b12e8/-2/ComponentInfo{com.htc.fusion.htcbookmarkwidget/com.htc.fusion.htcbookmarkwidget.WidgetReceiver}/[I@40bcca18)
01-16 15:37:24.870 D/FxWidgetProvider( 1682): row 1
01-16 15:37:24.880 D/CombinedWidgetProvider( 1682): addFxWidget: WidgetSummary(Bookmarks/FX_WIDGET/[I@409eb2b0 x [I@409eb2d0/-2/ComponentInfo{com.htc.fusion.htcbookmarkwidget/com.htc.fusion.htcbookmarkwidget.WidgetReceiver}/[I@40d35ce0)
01-16 15:37:24.880 D/FxWidgetProvider( 1682): row 1
01-16 15:37:24.880 D/CombinedWidgetProvider( 1682): addFxWidget: WidgetSummary(Messages/FX_WIDGET/[I@407abe90 x [I@407abeb0/-2/ComponentInfo{com.htc.htcmsgwidgets3d/com.htc.htcmsgwidgets.MsgWidgetProvider}/[I@407abed0)
01-16 15:37:24.890 D/FxWidgetProvider( 1682): row 1
01-16 15:37:24.890 D/CombinedWidgetProvider( 1682): addFxWidget: WidgetSummary(Messages/FX_WIDGET/[I@40c7b040 x [I@40c7b060/-2/ComponentInfo{com.htc.htcmsgwidgets3d/com.htc.htcmsgwidgets.MsgWidgetProvider}/[I@408d3010)
01-16 15:37:24.900 D/FxWidgetProvider( 1682): row 1
01-16 15:37:24.900 D/CombinedWidgetProvider( 1682): addFxWidget: WidgetSummary(Messages/FX_WIDGET/[I@4071f068 x [I@4071f088/-2/ComponentInfo{com.htc.htcmsgwidgets3d/com.htc.htcmsgwidgets.MsgWidgetProvider}/[I@4071f0a8)
01-16 15:37:24.900 D/FxWidgetProvider( 1682): row 1
01-16 15:37:24.910 D/CombinedWidgetProvider( 1682): addFxWidget: WidgetSummary(Messages/FX_WIDGET/[I@407e12e8 x [I@407e1308/-2/ComponentInfo{com.htc.htcmsgwidgets3d/com.htc.htcmsgwidgets.MsgWidgetProvider}/[I@407e1328)
01-16 15:37:24.910 D/FxWidgetProvider( 1682): row 1
01-16 15:37:24.920 D/CombinedWidgetProvider( 1682): addFxWidget: WidgetSummary(Messages/FX_WIDGET/[I@40b7a9e0 x [I@40b7aa00/-2/ComponentInfo{com.htc.htcmsgwidgets3d/com.htc.htcmsgwidgets.MsgWidgetProvider}/[I@40b7aa20)
01-16 15:37:24.920 D/FxWidgetProvider( 1682): row 1
01-16 15:37:24.920 D/CombinedWidgetProvider( 1682): addFxWidget: WidgetSummary(Messages/FX_WIDGET/[I@407a96a8 x [I@407a96c8/-2/ComponentInfo{com.htc.htcmsgwidgets3d/com.htc.htcmsgwidgets.MsgWidgetProvider}/[I@407a96e8)
01-16 15:37:24.930 D/FxWidgetProvider( 1682): row 1
01-16 15:37:24.930 D/CombinedWidgetProvider( 1682): addFxWidget: WidgetSummary(Messages/FX_WIDGET/[I@40d61288 x [I@4080bd70/-2/ComponentInfo{com.htc.htcmsgwidgets3d/com.htc.htcmsgwidgets.MsgWidgetProvider}/[I@40bbf940)
01-16 15:37:24.930 D/FxWidgetProvider( 1682): row 1
01-16 15:37:24.930 D/CombinedWidgetProvider( 1682): addFxWidget: WidgetSummary(Twitter/FX_WIDGET/[I@4089bde0 x [I@408d6ee0/-2/ComponentInfo{com.htc.Twitter3DWidget/com.htc.Twitter3DWidget.TwitterWidgetProvider}/[I@409ae330)
01-16 15:37:24.940 D/FxWidgetProvider( 1682): row 1
01-16 15:37:24.940 D/CombinedWidgetProvider( 1682): addFxWidget: WidgetSummary(Twitter/FX_WIDGET/[I@40d58568 x [I@408f4960/-2/ComponentInfo{com.htc.Twitter3DWidget/com.htc.Twitter3DWidget.TwitterWidgetProvider}/[I@408f4980)
01-16 15:37:24.940 D/FxWidgetProvider( 1682): row 1
01-16 15:37:24.960 D/CombinedWidgetProvider( 1682): addFxWidget: WidgetSummary(Twitter/FX_WIDGET/[I@40d59258 x [I@40d59278/-2/ComponentInfo{com.htc.Twitter3DWidget/com.htc.Twitter3DWidget.TwitterWidgetProvider}/[I@40d59298)
01-16 15:37:24.960 D/FxWidgetProvider( 1682): row 1
01-16 15:37:24.970 D/CombinedWidgetProvider( 1682): addFxWidget: WidgetSummary(Twitter/FX_WIDGET/[I@40d2e850 x [I@40d2e870/-2/ComponentInfo{com.htc.Twitter3DWidget/com.htc.Twitter3DWidget.TwitterWidgetProvider}/[I@40d2e890)
01-16 15:37:24.970 D/FxWidgetProvider( 1682): row 1
01-16 15:37:24.980 D/CombinedWidgetProvider( 1682): addFxWidget: WidgetSummary(Trends/FX_WIDGET/[I@409b4220 x [I@409b4240/-2/ComponentInfo{com.htc.Trends3DWidget/com.htc.Trends3DWidget.TrendsWidgetProvider}/[I@409b4260)
01-16 15:37:24.980 D/FxWidgetProvider( 1682): row 1
01-16 15:37:24.990 D/CombinedWidgetProvider( 1682): addFxWidget: WidgetSummary(Sync All/FX_WIDGET/[I@40bb8d78 x [I@40bb97e8/-2/ComponentInfo{com.htc.Sync3DWidget/com.htc.Sync3DWidget.SyncWidgetProvider}/[I@40bb9808)
01-16 15:37:25.000 D/FxWidgetProvider( 1682): row 1
01-16 15:37:25.000 D/CombinedWidgetProvider( 1682): addFxWidget: WidgetSummary(Music/FX_WIDGET/[I@40d24c70 x [I@40d24c90/-2/ComponentInfo{com.htc.MusicWidget3D/com.htc.MusicWidget3D.MusicWidget3DProvider}/[I@40d24cb0)
01-16 15:37:25.000 D/FxWidgetProvider( 1682): row 1
01-16 15:37:25.020 D/CombinedWidgetProvider( 1682): addFxWidget: WidgetSummary(Music/FX_WIDGET/[I@409c7338 x [I@409c7358/-2/ComponentInfo{com.htc.MusicWidget3D/com.htc.MusicWidget3D.MusicWidget3DProvider}/[I@409c7378)
01-16 15:37:25.020 D/FxWidgetProvider( 1682): row 1
01-16 15:37:25.020 D/CombinedWidgetProvider( 1682): addFxWidget: WidgetSummary(Music/FX_WIDGET/[I@40d23c48 x [I@40d23c68/-2/ComponentInfo{com.htc.MusicWidget3D/com.htc.MusicWidget3D.MusicWidget3DProvider}/[I@40d23c88)
01-16 15:37:25.030 D/FxWidgetProvider( 1682): row 1
01-16 15:37:25.070 D/CombinedWidgetProvider( 1682): addFxWidget: WidgetSummary(Friend Stream/FX_WIDGET/[I@40d30670 x [I@40b852d0/-2/ComponentInfo{com.htc.FriendStream3DWidget/com.htc.FriendStream3DWidget.FriendStreamWidgetProvider}/[I@40b852f0)
01-16 15:37:25.070 D/FxWidgetProvider( 1682): row 1
01-16 15:37:25.070 D/dalvikvm( 1682): GC_CONCURRENT freed 1056K, 16% free 11612K/13703K, paused 2ms+10ms
01-16 15:37:25.080 D/CombinedWidgetProvider( 1682): addFxWidget: WidgetSummary(Friend Stream/FX_WIDGET/[I@40d1e750 x [I@40d1d978/-2/ComponentInfo{com.htc.FriendStream3DWidget/com.htc.FriendStream3DWidget.FriendStreamWidgetProvider}/[I@40d1d250)
01-16 15:37:25.080 D/FxWidgetProvider( 1682): row 1
01-16 15:37:25.090 D/CombinedWidgetProvider( 1682): addFxWidget: WidgetSummary(Friend Stream/FX_WIDGET/[I@40bcf808 x [I@40bcec68/-2/ComponentInfo{com.htc.FriendStream3DWidget/com.htc.FriendStream3DWidget.FriendStreamWidgetProvider}/[I@40bce808)
01-16 15:37:25.090 D/FxWidgetProvider( 1682): row 1
01-16 15:37:25.100 D/CombinedWidgetProvider( 1682): addFxWidget: WidgetSummary(Friend Stream/FX_WIDGET/[I@40aca4c0 x [I@40ac6e78/-2/ComponentInfo{com.htc.FriendStream3DWidget/com.htc.FriendStream3DWidget.FriendStreamWidgetProvider}/[I@40a0dc80)
01-16 15:37:25.100 D/FxWidgetProvider( 1682): row 1
01-16 15:37:25.110 D/CombinedWidgetProvider( 1682): addFxWidget: WidgetSummary(Friend Channel/FX_WIDGET/[I@4099c9f0 x [I@4099c110/-2/ComponentInfo{com.htc.FriendStream3DWidget/com.htc.FriendStream3DWidget.FriendStreamWidgetProvider}/[I@4099aff0)
01-16 15:37:25.110 D/FxWidgetProvider( 1682): row 1
01-16 15:37:25.120 D/CombinedWidgetProvider( 1682): addFxWidget: WidgetSummary(My Shelf/FX_WIDGET/[I@4097d800 x [I@4097d5c8/-2/ComponentInfo{com.htc.ereader.widget3d/com.htc.ereader.widget3d.ereaderwidget3d.SimpleWidgetProvider}/[I@4097cb60)
01-16 15:37:25.120 D/FxWidgetProvider( 1682): row 1
01-16 15:37:25.130 D/CombinedWidgetProvider( 1682): addFxWidget: WidgetSummary(Weather/FX_WIDGET/[I@40937680 x [I@40936d38/-2/ComponentInfo{com.htc.widget3d.weather/com.htc.widget3d.weather.WeatherWidgetProvider}/[I@40936b28)
01-16 15:37:25.130 D/FxWidgetProvider( 1682): row 1
01-16 15:37:25.140 D/CombinedWidgetProvider( 1682): addFxWidget: WidgetSummary(Weather/FX_WIDGET/[I@40914c78 x [I@40914440/-2/ComponentInfo{com.htc.widget3d.weather/com.htc.widget3d.weather.WeatherWidgetProvider}/[I@40913c08)
01-16 15:37:25.140 D/FxWidgetProvider( 1682): row 1
01-16 15:37:25.150 D/CombinedWidgetProvider( 1682): addFxWidget: WidgetSummary(Weather/FX_WIDGET/[I@40902a68 x [I@40902988/-2/ComponentInfo{com.htc.widget3d.weather/com.htc.widget3d.weather.WeatherWidgetProvider}/[I@408fa2d8)
01-16 15:37:25.150 D/FxWidgetProvider( 1682): row 1
01-16 15:37:25.160 D/CombinedWidgetProvider( 1682): addFxWidget: WidgetSummary(Screen Timeout/FX_WIDGET/[I@407ed5d0 x [I@407e9d18/-2/ComponentInfo{com.htc.rosiewidgets.screentimeout/com.htc.rosiewidgets.screentimeout.ScreenTimeoutWidgetProvider}/[I@407e7bd0)
01-16 15:37:25.160 D/FxWidgetProvider( 1682): row 1
01-16 15:37:25.170 D/CombinedWidgetProvider( 1682): addFxWidget: WidgetSummary(Screen Brightness/FX_WIDGET/[I@4072e160 x [I@4072c498/-2/ComponentInfo{com.htc.rosiewidgets.screenbrightness/com.htc.rosiewidgets.screenbrightness.ScreenBrightnessWidgetProvider}/[I@4072a770)
01-16 15:37:25.170 D/FxWidgetProvider( 1682): row 1
01-16 15:37:25.180 D/CombinedWidgetProvider( 1682): addFxWidget: WidgetSummary(Notes/FX_WIDGET/[I@409e43b8 x [I@409e30a8/-2/ComponentInfo{com.htc.htcrichnoteswidget3d/com.htc.htcrichnoteswidget3d.NotesWidgetProvider}/[I@409e26a8)
01-16 15:37:25.180 D/FxWidgetProvider( 1682): row 1
01-16 15:37:25.190 D/CombinedWidgetProvider( 1682): addFxWidget: WidgetSummary(Notes/FX_WIDGET/[I@409076b0 x [I@409070c0/-2/ComponentInfo{com.htc.htcrichnoteswidget3d/com.htc.htcrichnoteswidget3d.NotesWidgetProvider}/[I@40902208)
01-16 15:37:25.200 D/FxWidgetProvider( 1682): row 1
01-16 15:37:25.200 D/CombinedWidgetProvider( 1682): addFxWidget: WidgetSummary(HTC Likes/FX_WIDGET/[I@40761df0 x [I@407609c8/-2/ComponentInfo{com.htc.android.fusion.recommend/com.htc.android.fusion.recommend.RosieIntentReceiver}/[I@407604e0)
01-16 15:37:25.200 D/FxWidgetProvider( 1682): row 1
01-16 15:37:25.210 D/CombinedWidgetProvider( 1682): addFxWidget: WidgetSummary(Profile/FX_WIDGET/[I@4068d4c8 x [I@4068c1c8/-2/ComponentInfo{com.htc.widget.profile/com.htc.widget.profile.HtcWidgetReceiver}/[I@4068bf18)
01-16 15:37:25.210 D/FxWidgetProvider( 1682): row 1
01-16 15:37:25.220 D/CombinedWidgetProvider( 1682): addFxWidget: WidgetSummary(Power Dashboard/FX_WIDGET/[I@4069c840 x [I@4069c860/-2/ComponentInfo{com.htc.rosiewidgets.powerstrip/com.htc.rosiewidgets.powerstrip.PowerStripWidgetProvider}/[I@4069c5b8)
01-16 15:37:25.220 D/FxWidgetProvider( 1682): row 1
01-16 15:37:25.230 D/CombinedWidgetProvider( 1682): addFxWidget: WidgetSummary(Photo Album/FX_WIDGET/[I@40987eb0 x [I@40986850/-2/ComponentInfo{com.htc.photowidget3d/com.htc.photowidget3d.album.PhotoAlbumWidgetProvider}/[I@40986870)
01-16 15:37:25.230 D/FxWidgetProvider( 1682): row 1
01-16 15:37:25.240 D/CombinedWidgetProvider( 1682): addFxWidget: WidgetSummary(Photo Frame/FX_WIDGET/[I@40952698 x [I@409526b8/-2/ComponentInfo{com.htc.photowidget3d/com.htc.photowidget3d.frame.PhotoFrameWidgetProvider}/[I@40951c08)
01-16 15:37:25.240 D/FxWidgetProvider( 1682): row 1
01-16 15:37:25.240 D/CombinedWidgetProvider( 1682): addFxWidget: WidgetSummary(Photo Grid/FX_WIDGET/[I@40918128 x [I@408d81d0/-2/ComponentInfo{com.htc.rosiewidgets.photogridwidget3d/com.htc.rosiewidgets.photogridwidget3d.PhotoGridWidget3DProvider}/[I@408d81f0)
01-16 15:37:25.250 D/FxWidgetProvider( 1682): row 1
01-16 15:37:25.260 D/CombinedWidgetProvider( 1682): addFxWidget: WidgetSummary(Navigate/FX_WIDGET/[I@4074cf40 x [I@40744c58/-2/ComponentInfo{com.htc.laputa.widget3d.navigate/com.htc.laputa.widget3d.navigate.NavigateWidgetProvider}/[I@40744c78)
01-16 15:37:25.260 D/FxWidgetProvider( 1682): row 1
01-16 15:37:25.260 D/CombinedWidgetProvider( 1682): addFxWidget: WidgetSummary(Navigate/FX_WIDGET/[I@406996a8 x [I@406989c8/-2/ComponentInfo{com.htc.laputa.widget3d.navigate/com.htc.laputa.widget3d.navigate.NavigateWidgetProvider}/[I@406989e8)
01-16 15:37:25.260 D/FxWidgetProvider( 1682): row 1
01-16 15:37:25.270 D/CombinedWidgetProvider( 1682): addFxWidget: WidgetSummary(Locations/FX_WIDGET/[I@409181a8 x [I@40905b68/-2/ComponentInfo{com.htc.laputa.widget3d.locations/com.htc.laputa.widget3d.locations.LocationsWidgetProvider}/[I@40905b88)
01-16 15:37:25.270 D/FxWidgetProvider( 1682): row 1
01-16 15:37:25.280 D/CombinedWidgetProvider( 1682): addFxWidget: WidgetSummary(News/FX_WIDGET/[I@40750390 x [I@4073c9a8/-2/ComponentInfo{com.htc.googlereaderwidget/com.htc.googlereaderwidget.RosieWidgetReceiver}/[I@4073c9c8)
01-16 15:37:25.280 D/FxWidgetProvider( 1682): row 1
01-16 15:37:25.280 D/CombinedWidgetProvider( 1682): addFxWidget: WidgetSummary(News/FX_WIDGET/[I@40906d10 x [I@40906d30/-2/ComponentInfo{com.htc.googlereaderwidget/com.htc.googlereaderwidget.RosieWidgetReceiver}/[I@408f6988)
01-16 15:37:25.290 D/FxWidgetProvider( 1682): row 1
01-16 15:37:25.290 D/CombinedWidgetProvider( 1682): addFxWidget: WidgetSummary(Data Dashboard/FX_WIDGET/[I@406b4068 x [I@406b4088/-2/ComponentInfo{com.htc.rosiewidgets.datastrip/com.htc.rosiewidgets.datastrip.DataStripWidgetProvider}/[I@406b40a8)
01-16 15:37:25.300 D/FxWidgetProvider( 1682): row 1
01-16 15:37:25.300 D/CombinedWidgetProvider( 1682): addFxWidget: WidgetSummary(Data Roaming/FX_WIDGET/[I@407ebc70 x [I@407ebc90/-2/ComponentInfo{com.htc.rosiewidgets.dataroaming/com.htc.rosiewidgets.dataroaming.WidgetProvider}/[I@407ebcb0)
01-16 15:37:25.300 D/FxWidgetProvider( 1682): row 1
01-16 15:37:25.310 D/CombinedWidgetProvider( 1682): addFxWidget: WidgetSummary(Analog Clock/FX_WIDGET/[I@40742c20 x [I@40742c40/-2/ComponentInfo{com.htc.clock3dwidget/com.htc.clock3dwidget.ClockWidgetProvider}/[I@40742c60)
01-16 15:37:25.310 D/FxWidgetProvider( 1682): row 1
01-16 15:37:25.310 D/CombinedWidgetProvider( 1682): addFxWidget: WidgetSummary(Analog Clock/FX_WIDGET/[I@409d7e50 x [I@409d45e0/-2/ComponentInfo{com.htc.clock3dwidget/com.htc.clock3dwidget.ClockWidgetProvider}/[I@409d4600)
01-16 15:37:25.310 D/FxWidgetProvider( 1682): row 1
01-16 15:37:25.320 D/CombinedWidgetProvider( 1682): addFxWidget: WidgetSummary(Weather Clock/FX_WIDGET/[I@4091d7b0 x [I@4091d260/-2/ComponentInfo{com.htc.clock3dwidget/com.htc.clock3dwidget.ClockWidgetProvider}/[I@4091d280)
01-16 15:37:25.320 D/FxWidgetProvider( 1682): row 1
01-16 15:37:25.330 D/CombinedWidgetProvider( 1682): addFxWidget: WidgetSummary(Travel Clock/FX_WIDGET/[I@4090d900 x [I@4090d920/-2/ComponentInfo{com.htc.clock3dwidget/com.htc.clock3dwidget.ClockWidgetProvider}/[I@4090d940)
01-16 15:37:25.330 D/FxWidgetProvider( 1682): row 1
01-16 15:37:25.330 D/CombinedWidgetProvider( 1682): addFxWidget: WidgetSummary(Digital Clock/FX_WIDGET/[I@406fa638 x [I@409046e0/-2/ComponentInfo{com.htc.clock3dwidget/com.htc.clock3dwidget.ClockWidgetProvider}/[I@40904460)
01-16 15:37:25.340 D/FxWidgetProvider( 1682): row 1
01-16 15:37:25.340 D/CombinedWidgetProvider( 1682): addFxWidget: WidgetSummary(Analog Clock/FX_WIDGET/[I@407522a0 x [I@407522c0/-2/ComponentInfo{com.htc.clock3dwidget/com.htc.clock3dwidget.ClockWidgetProvider}/[I@407522e0)
01-16 15:37:25.340 D/FxWidgetProvider( 1682): row 1
01-16 15:37:25.350 D/CombinedWidgetProvider( 1682): addFxWidget: WidgetSummary(Analog Clock/FX_WIDGET/[I@407d5058 x [I@407d5078/-2/ComponentInfo{com.htc.clock3dwidget/com.htc.clock3dwidget.ClockWidgetProvider}/[I@407d5098)
01-16 15:37:25.350 D/FxWidgetProvider( 1682): row 1
01-16 15:37:25.350 D/CombinedWidgetProvider( 1682): addFxWidget: WidgetSummary(Analog Clock/FX_WIDGET/[I@40907578 x [I@40906f08/-2/ComponentInfo{com.htc.clock3dwidget/com.htc.clock3dwidget.ClockWidgetProvider}/[I@40906f28)
01-16 15:37:25.360 D/FxWidgetProvider( 1682): row 1
01-16 15:37:25.360 D/CombinedWidgetProvider( 1682): addFxWidget: WidgetSummary(Analog Clock/FX_WIDGET/[I@407198b0 x [I@40672878/-2/ComponentInfo{com.htc.clock3dwidget/com.htc.clock3dwidget.ClockWidgetProvider}/[I@40672898)
01-16 15:37:25.360 D/FxWidgetProvider( 1682): row 1
01-16 15:37:25.370 D/CombinedWidgetProvider( 1682): addFxWidget: WidgetSummary(Analog Clock/FX_WIDGET/[I@40988840 x [I@40988860/-2/ComponentInfo{com.htc.clock3dwidget/com.htc.clock3dwidget.ClockWidgetProvider}/[I@40988880)
01-16 15:37:25.370 D/FxWidgetProvider( 1682): row 1
01-16 15:37:25.380 D/CombinedWidgetProvider( 1682): addFxWidget: WidgetSummary(Analog Clock/FX_WIDGET/[I@4096a4e8 x [I@4096a508/-2/ComponentInfo{com.htc.clock3dwidget/com.htc.clock3dwidget.ClockWidgetProvider}/[I@4096a528)
01-16 15:37:25.380 D/FxWidgetProvider( 1682): row 1
01-16 15:37:25.380 D/CombinedWidgetProvider( 1682): addFxWidget: WidgetSummary(Analog Clock/FX_WIDGET/[I@409260a0 x [I@409260c0/-2/ComponentInfo{com.htc.clock3dwidget/com.htc.clock3dwidget.ClockWidgetProvider}/[I@409260e0)
01-16 15:37:25.390 D/FxWidgetProvider( 1682): row 1
01-16 15:37:25.390 D/CombinedWidgetProvider( 1682): addFxWidget: WidgetSummary(Social Clock/FX_WIDGET/[I@409eb8f8 x [I@409eb918/-2/ComponentInfo{com.htc.clock3dwidget/com.htc.clock3dwidget.ClockWidgetProvider}/[I@409eb938)
01-16 15:37:25.400 D/FxWidgetProvider( 1682): row 1
01-16 15:37:25.400 D/CombinedWidgetProvider( 1682): addFxWidget: WidgetSummary(Beam Clock/FX_WIDGET/[I@408fa548 x [I@408fa568/-2/ComponentInfo{com.htc.clock3dwidget/com.htc.clock3dwidget.ClockWidgetProvider}/[I@408fa588)
01-16 15:37:25.400 D/FxWidgetProvider( 1682): row 1
01-16 15:37:25.400 D/CombinedWidgetProvider( 1682): addFxWidget: WidgetSummary(Ring Clock/FX_WIDGET/[I@4097ebc8 x [I@40969c78/-2/ComponentInfo{com.htc.clock3dwidget/com.htc.clock3dwidget.ClockWidgetProvider}/[I@40969c98)
01-16 15:37:25.410 D/FxWidgetProvider( 1682): row 1
01-16 15:37:25.410 D/CombinedWidgetProvider( 1682): addFxWidget: WidgetSummary(Spin Cycle Clock/FX_WIDGET/[I@40bcefb8 x [I@40768570/-2/ComponentInfo{com.htc.clock3dwidget/com.htc.clock3dwidget.ClockWidgetProvider}/[I@409d1d68)
01-16 15:37:25.420 D/FxWidgetProvider( 1682): row 1
01-16 15:37:25.420 D/CombinedWidgetProvider( 1682): addFxWidget: WidgetSummary(Analog Clock/FX_WIDGET/[I@40d37e00 x [I@4067d6b0/-2/ComponentInfo{com.htc.clock3dwidget/com.htc.clock3dwidget.ClockWidgetProvider}/[I@4067d6d0)
01-16 15:37:25.420 D/FxWidgetProvider( 1682): row 1
01-16 15:37:25.430 D/CombinedWidgetProvider( 1682): addFxWidget: WidgetSummary(Calculator/FX_WIDGET/[I@40ad10c0 x [I@40ad10e0/-2/ComponentInfo{com.htc.android.fusion.calculator/com.htc.android.fusion.calculator.RosieIntentReceiver}/[I@40ad1100)
01-16 15:37:25.430 D/FxWidgetProvider( 1682): row 1
01-16 15:37:25.440 D/CombinedWidgetProvider( 1682): addFxWidget: WidgetSummary(Calculator/FX_WIDGET/[I@40d2e228 x [I@40d2e248/-2/ComponentInfo{com.htc.android.fusion.calculator/com.htc.android.fusion.calculator.RosieIntentReceiver}/[I@40d2e268)
01-16 15:37:25.440 D/FxWidgetProvider( 1682): row 1
01-16 15:37:25.440 D/CombinedWidgetProvider( 1682): addFxWidget: WidgetSummary(Calculator/FX_WIDGET/[I@4093f3d0 x [I@4093f3f0/-2/ComponentInfo{com.htc.android.fusion.calculator/com.htc.android.fusion.calculator.RosieIntentReceiver}/[I@4093f410)
01-16 15:37:25.450 D/FxWidgetProvider( 1682): row 1
01-16 15:37:25.450 D/CombinedWidgetProvider( 1682): addFxWidget: WidgetSummary(Calculator/FX_WIDGET/[I@40946398 x [I@409463b8/-2/ComponentInfo{com.htc.android.fusion.calculator/com.htc.android.fusion.calculator.RosieIntentReceiver}/[I@40946d38)
01-16 15:37:25.450 D/FxWidgetProvider( 1682): row 1
01-16 15:37:25.460 D/PhoneApp( 1671): EVENT_QUERY_MO_PACKAGES
01-16 15:37:25.470 D/PhoneApp( 1671): -- N1 =0
01-16 15:37:25.540 D/PhoneApp( 1671): -- N2 =0
01-16 15:37:25.591 D/PhoneApp( 1671): -- N3 =0
01-16 15:37:25.651 I/ActivityThread( 2678): Pub com.htc.recommend.provider.HTCRecommendSuggestionProvider: com.htc.recommend.provider.HTCRecommendSuggestionProvider
01-16 15:37:25.661 I/ActivityManager( 1576): Start proc com.htc.wdm for broadcast com.htc.wdm/.receiver.HTCDirectReceiver: pid=2686 uid=10070 gids={3003, 2001, 1015}
01-16 15:37:25.681 I/ActivityManager( 1576): No longer want com.htc.home.personalize (pid 1868): hidden #16
01-16 15:37:25.691 I/ActivityThread( 2686): Pub com.htc.wdm.provider.HtcDirectCarouselProvider: com.htc.wdm.provider.HtcDirectCarouselProvider
01-16 15:37:25.701 I/ActivityThread( 2686): Pub com.htc.wdm.status.HtcDirectProvider: com.htc.wdm.status.HtcDirectProvider
01-16 15:37:25.701 D/HTC Hub ( 2686): /mnt/sdcard/.LHYGB/CKCL
01-16 15:37:25.701 D/HTC Hub ( 2686): no token file
01-16 15:37:25.711 D/HTC Hub ( 2686): no token file
01-16 15:37:25.711 D/HTC Hub ( 2686): Log settings are 
01-16 15:37:25.711 D/HTC Hub ( 2686): Enable General Log : false
01-16 15:37:25.711 D/HTC Hub ( 2686): Enable Analytic Log : false
01-16 15:37:25.711 D/HTC Hub ( 2686): Enable Normal Log Level (dependent on General Log) : false
01-16 15:37:25.711 D/HTC Hub ( 2686): Enable Critical Log Level (dependent on General Log) : false
01-16 15:37:25.711 D/SM:PackageReceiver( 2638): package added: package:uk.ac.st_andrews.cs.host.mk74.energymeasurement.cam
01-16 15:37:25.711 I/ActivityManager( 1576): No longer want com.htc.sdm (pid 2197): hidden #16
01-16 15:37:25.721 D/WidgetScanner( 1682): onReceive: Intent { act=android.intent.action.PACKAGE_ADDED dat=package:uk.ac.st_andrews.cs.host.mk74.energymeasurement.cam flg=0x10000010 cmp=com.htc.launcher/.widget.WidgetScannerTrigger (has extras) }
01-16 15:37:25.731 D/WidgetScanner( 2645): onReceiveInternal: Intent { act=android.intent.action.PACKAGE_ADDED dat=package:uk.ac.st_andrews.cs.host.mk74.energymeasurement.cam flg=0x10000010 cmp=com.htc.launcher/.widget.WidgetScannerService (has extras) }
01-16 15:37:25.731 I/RegisterService( 2652): android.intent.action.PACKAGE_ADDED package:uk.ac.st_andrews.cs.host.mk74.energymeasurement.cam
01-16 15:37:25.731 I/ActivityManager( 1576): Start proc com.svox.pico for broadcast com.svox.pico/.VoiceDataInstallerReceiver: pid=2696 uid=10031 gids={}
01-16 15:37:25.761 I/ActivityThread( 2696): Pub com.svox.pico.providers.SettingsProvider: com.svox.pico.providers.SettingsProvider
01-16 15:37:25.761 D/vicky   ( 2659): vicky received: android.intent.action.PACKAGE_ADDED
01-16 15:37:25.781 D/GTalkService( 1730): [GTalkService.1] handlePackageInstalled: re-initialize providers
01-16 15:37:25.781 D/GTalkService( 1730): [RawStanzaProvidersMgr] ##### searchProvidersFromIntent
01-16 15:37:25.791 I/ActivityManager( 1576): Start proc com.google.android.partnersetup for broadcast com.google.android.partnersetup/.RlzPingBroadcastReceiver: pid=2703 uid=10081 gids={3003}
01-16 15:37:25.821 I/ActivityThread( 2703): Pub com.google.android.partnersetup.rlzprovider: com.google.android.partnersetup.RlzProvider
01-16 15:37:25.821 I/ActivityThread( 2703): Pub com.google.android.partnersetup.rlzappprovider: com.google.android.partnersetup.RlzAppProvider
01-16 15:37:25.841 D/SM:PackageReceiver( 2638): package replaced: package:uk.ac.st_andrews.cs.host.mk74.energymeasurement.cam
01-16 15:37:25.851 I/ActivityManager( 1576): Start proc com.google.android.apps.maps:FriendService for broadcast com.google.android.apps.maps/com.google.googlenav.friend.android.ServiceReceiver: pid=2710 uid=10046 gids={3003, 1015}
01-16 15:37:25.931 D/HtcWidgetScanner( 2645): onPackageAdded: uk.ac.st_andrews.cs.host.mk74.energymeasurement.cam
01-16 15:37:25.951 I/RegisterService( 2652): android.intent.action.PACKAGE_REPLACED package:uk.ac.st_andrews.cs.host.mk74.energymeasurement.cam
01-16 15:37:25.961 D/dalvikvm( 2710): GC_CONCURRENT freed 159K, 4% free 6800K/7047K, paused 1ms+1ms
01-16 15:37:26.031 I/ActivityManager( 1576): Start proc com.htc.htchubsyncprovider for content provider com.htc.htchubsyncprovider/.provider.MyDownloadsProvider: pid=2717 uid=10069 gids={3003, 2001, 1015}
01-16 15:37:26.061 D/dalvikvm( 1439): GC_EXPLICIT freed 11K, 5% free 6453K/6787K, paused 1ms+1ms
01-16 15:37:26.091 D/dalvikvm( 2710): GC_CONCURRENT freed 134K, 4% free 7132K/7367K, paused 1ms+13ms
01-16 15:37:26.101 I/ActivityManager( 1576): No longer want com.htc.musicenhancer (pid 2426): hidden #16
01-16 15:37:26.101 D/dalvikvm( 1439): GC_EXPLICIT freed <1K, 5% free 6453K/6787K, paused 6ms+1ms
01-16 15:37:26.121 D/dalvikvm( 1439): GC_EXPLICIT freed <1K, 5% free 6453K/6787K, paused 1ms+1ms
01-16 15:37:26.131 I/ActivityManager( 1576): No longer want com.htc.pen (pid 2139): hidden #16
01-16 15:37:26.151 I/ActivityThread( 2717): Pub com.htc.wdm.provider.WDMProvider: com.htc.htchubsyncprovider.provider.WDMProvider
01-16 15:37:26.161 I/ActivityThread( 2717): Pub com.htc.wotaproviders.MyDownloadsProvider: com.htc.htchubsyncprovider.provider.MyDownloadsProvider
01-16 15:37:26.171 D/dalvikvm( 2257): GC_CONCURRENT freed 485K, 9% free 6684K/7303K, paused 1ms+37ms
01-16 15:37:26.181 D/HtcWidgetProvider( 1682): row 3
01-16 15:37:26.201 D/dalvikvm( 1730): GC_EXPLICIT freed 211K, 7% free 6858K/7367K, paused 1ms+2ms
01-16 15:37:26.211 D/SqliteDatabaseCpp( 2717): dbopen(): path = /data/data/com.htc.htchubsyncprovider/databases , key = mqdksjlkYdw, flag = 6, file size = 6144
01-16 15:37:26.211 D/SqliteDatabaseCpp( 2717): dbopen(): path = /data/data/com.htc.htchubsyncprovider/databases , key = mqdksjlkYdw, mode: delete, disk free size: 7853 M, handle: 0xdacd0
01-16 15:37:26.341 D/dalvikvm( 1576): GC_EXPLICIT freed 1130K, 13% free 15851K/18055K, paused 17ms+11ms
01-16 15:37:26.431 D/dalvikvm( 1576): GC_EXPLICIT freed 37K, 13% free 15824K/18055K, paused 2ms+6ms
01-16 15:37:26.471 D/AndroidRuntime( 2621): Shutting down VM
01-16 15:37:26.481 D/CombinedWidgetProvider( 1682): addFxWidget: WidgetSummary(Auto-sync/FX_WIDGET/[I@4094dc30 x [I@4094dc50/-2/ComponentInfo{com.htc.rosiewidgets.backgrounddata/com.htc.rosiewidgets.backgrounddata.BackgroundDataWidgetProvider}/[I@4094d748)
01-16 15:37:26.481 D/dalvikvm( 2621): GC_CONCURRENT freed 105K, 83% free 364K/2048K, paused 0ms+0ms
01-16 15:37:26.481 D/FxWidgetProvider( 1682): row 1
