01-19 18:18:04.932 D/OMX-VENC-720p( 1444): use_input_buffer: port = 0 appData = 0x4070e940 bytes = 38016 buffer = 0x415f5000
01-19 18:18:04.932 I/QC_CORE ( 1444): OMXCORE: qc_omx_component_use_buffer 1446bc
01-19 18:18:04.932 D/OMX-VENC-720p( 1444): use_input_buffer: port = 0 appData = 0x4070e940 bytes = 38016 buffer = 0x41747000
01-19 18:18:04.932 I/QC_CORE ( 1444): OMXCORE: qc_omx_component_use_buffer 1446bc
01-19 18:18:04.932 D/OMX-VENC-720p( 1444): use_input_buffer: port = 0 appData = 0x4070e940 bytes = 38016 buffer = 0x41899000
01-19 18:18:04.932 I/QC_CORE ( 1444): OMXCORE: qc_omx_component_use_buffer 1446bc
01-19 18:18:04.932 D/OMX-VENC-720p( 1444): use_input_buffer: port = 0 appData = 0x4070e940 bytes = 38016 buffer = 0x419eb000
01-19 18:18:04.932 I/QC_CORE ( 1444): OMXCORE: qc_omx_component_use_buffer 1446bc
01-19 18:18:04.932 D/OMX-VENC-720p( 1444): use_input_buffer: port = 0 appData = 0x4070e940 bytes = 38016 buffer = 0x41b3d000
01-19 18:18:04.932 I/QC_CORE ( 1444): OMXCORE: qc_omx_component_use_buffer 1446bc
01-19 18:18:04.932 D/OMX-VENC-720p( 1444): use_input_buffer: port = 0 appData = 0x4070e940 bytes = 38016 buffer = 0x41c8f000
01-19 18:18:04.932 I/QC_CORE ( 1444): OMXCORE: qc_omx_component_use_buffer 1446bc
01-19 18:18:04.932 D/OMX-VENC-720p( 1444): use_input_buffer: port = 0 appData = 0x4070e940 bytes = 38016 buffer = 0x41de1000
01-19 18:18:04.932 I/QC_CORE ( 1444): OMXCORE: qc_omx_component_use_buffer 1446bc
01-19 18:18:04.932 D/OMX-VENC-720p( 1444): use_input_buffer: port = 0 appData = 0x4070e940 bytes = 38016 buffer = 0x41f33000
01-19 18:18:04.932 I/QC_CORE ( 1444): OMXCORE: qc_omx_component_get_parameter 1446bc, 4070e9c0 , 33554433
01-19 18:18:04.932 I/OMXCodec( 1444): [OMX.qcom.video.encoder.h263] allocating 5 buffers of size 38016 on output port
01-19 18:18:04.942 I/QC_CORE ( 1444): OMXCORE: qc_omx_component_allocate_buffer 1446bc, 4070e954 , 1
01-19 18:18:04.942 D/mm-camera( 1444): TRIGGER_LOWLIGHT
01-19 18:18:04.942 D/OMX-VENC-720p( 1444): 
01-19 18:18:04.942 D/OMX-VENC-720p( 1444):  allocate_output_buffer()::
01-19 18:18:04.952 D/OMX-VENC-720p( 1444): 
01-19 18:18:04.952 D/OMX-VENC-720p( 1444):  actual cnt = 5
01-19 18:18:04.952 I/QC_CORE ( 1444): OMXCORE: qc_omx_component_allocate_buffer 1446bc, 4070e954 , 1
01-19 18:18:04.952 D/OMX-VENC-720p( 1444): 
01-19 18:18:04.952 D/OMX-VENC-720p( 1444):  allocate_output_buffer()::
01-19 18:18:04.952 D/OMX-VENC-720p( 1444): 
01-19 18:18:04.952 D/OMX-VENC-720p( 1444):  actual cnt = 5
01-19 18:18:04.952 I/QC_CORE ( 1444): OMXCORE: qc_omx_component_allocate_buffer 1446bc, 4070e954 , 1
01-19 18:18:04.952 D/OMX-VENC-720p( 1444): 
01-19 18:18:04.952 D/OMX-VENC-720p( 1444):  allocate_output_buffer()::
01-19 18:18:04.952 D/OMX-VENC-720p( 1444): 
01-19 18:18:04.952 D/OMX-VENC-720p( 1444):  actual cnt = 5
01-19 18:18:04.952 I/QC_CORE ( 1444): OMXCORE: qc_omx_component_allocate_buffer 1446bc, 4070e954 , 1
01-19 18:18:04.962 D/OMX-VENC-720p( 1444): 
01-19 18:18:04.962 D/OMX-VENC-720p( 1444):  allocate_output_buffer()::
01-19 18:18:04.962 D/OMX-VENC-720p( 1444): 
01-19 18:18:04.962 D/OMX-VENC-720p( 1444):  actual cnt = 5
01-19 18:18:04.962 I/QC_CORE ( 1444): OMXCORE: qc_omx_component_allocate_buffer 1446bc, 4070e954 , 1
01-19 18:18:04.962 D/OMX-VENC-720p( 1444): 
01-19 18:18:04.962 D/OMX-VENC-720p( 1444):  allocate_output_buffer()::
01-19 18:18:04.962 D/OMX-VENC-720p( 1444): 
01-19 18:18:04.962 D/OMX-VENC-720p( 1444):  actual cnt = 5
01-19 18:18:04.962 I/QC_CORE ( 1444): OMXCORE: qc_omx_component_send_command 1446bc, 0 , 2
01-19 18:18:04.962 D/OMX-VENC-720p( 1444): Process -> state set to 2 
01-19 18:18:04.962 I/QC_CORE ( 1444): OMXCORE: qc_omx_component_send_command 1446bc, 0 , 3
01-19 18:18:04.962 D/OMX-VENC-720p( 1444): 
01-19 18:18:04.962 D/OMX-VENC-720p( 1444):  unsigned int venc_dev::venc_start()(): Check Profile/Level set in driver before start
01-19 18:18:04.962 D/OMX-VENC-720p( 1444): 
01-19 18:18:04.962 D/OMX-VENC-720p( 1444):  unsigned int venc_dev::venc_start()(): Driver Profile[6]/Level[22] successfully SET
01-19 18:18:04.962 D/OMX-VENC-720p( 1444): 
01-19 18:18:04.962 D/OMX-VENC-720p( 1444): ENC_CONFIG: Codec: 3, Profile 6, level : 22
01-19 18:18:04.962 D/OMX-VENC-720p( 1444): 
01-19 18:18:04.962 D/OMX-VENC-720p( 1444):  ENC_CONFIG: Width: 176, Height:144, Fps: 30
01-19 18:18:04.962 D/OMX-VENC-720p( 1444): 
01-19 18:18:04.962 D/OMX-VENC-720p( 1444): ENC_CONFIG: Bitrate: 192000, RC: 3, I-Period: 30
01-19 18:18:04.962 D/OMX-VENC-720p( 1444): 
01-19 18:18:04.962 D/OMX-VENC-720p( 1444): ENC_CONFIG: qpI: 224, qpP: 50, qpb: 0
01-19 18:18:04.962 D/OMX-VENC-720p( 1444): 
01-19 18:18:04.962 D/OMX-VENC-720p( 1444): ENC_CONFIG: VOP_Resolution: 272, Slice-Mode: 1, Slize_Size: 0
01-19 18:18:04.962 D/OMX-VENC-720p( 1444): 
01-19 18:18:04.962 D/OMX-VENC-720p( 1444): ENC_CONFIG: EntropyMode: 762143075, CabacModel: 1701080941
01-19 18:18:04.962 D/OMX-VENC-720p( 1444): 
01-19 18:18:04.962 D/OMX-VENC-720p( 1444): ENC_CONFIG: DB-Mode: 1734963810, alpha: 1701737576, Beta: 1831695219
01-19 18:18:04.962 D/OMX-VENC-720p( 1444): 
01-19 18:18:04.962 D/OMX-VENC-720p( 1444): ENC_CONFIG: IntraMB/Frame: -1344395872, HEC: 0
01-19 18:18:04.972 D/OMX-VENC-720p( 1444): 
01-19 18:18:04.972 D/OMX-VENC-720p( 1444):  OMX_COMPONENT_GENERATE_START_DONE msg
01-19 18:18:04.972 D/OMX-VENC-720p( 1444): 
01-19 18:18:04.972 D/OMX-VENC-720p( 1444):  OMX_COMPONENT_GENERATE_START_DONE Success
01-19 18:18:04.972 D/OMX-VENC-720p( 1444): 
01-19 18:18:04.972 D/OMX-VENC-720p( 1444):  OMX_COMPONENT_GENERATE_START_DONE Move to executing
01-19 18:18:04.972 D/MPEG4Writer( 1444): start MPEG4Writer::Track thread: Video, pid=1444, tid=2608
01-19 18:18:05.162 I/System.out( 2562): Values: 3104
01-19 18:18:05.452 I/OMXCodec( 1444): [OMX.qcom.video.encoder.h263] In processSEIData
01-19 18:18:05.452 I/QC_CORE ( 1444): OMXCORE: qc_omx_component_get_config 1446bc
01-19 18:18:05.452 D/OMX-VENC-720p( 1444): ERROR: unsupported index 2130706449
01-19 18:18:05.462 I/MPEG4Writer( 1444): setStartTimestampUs: 234558
01-19 18:18:05.462 I/MPEG4Writer( 1444): Earliest track starting time: 234558
01-19 18:18:05.603 D/AutoSetting( 1784): service - mRequestRunnable: screen on delay 10s, request NLP now
01-19 18:18:05.603 D/AutoSetting( 1784): service - requestNLP() NetworkLocationProvider not enabled
01-19 18:18:06.163 I/System.out( 2562): Values: 4285
01-19 18:18:07.174 I/System.out( 2562): Values: 4604
01-19 18:18:08.165 I/System.out( 2562): Values: 4937
01-19 18:18:09.166 I/System.out( 2562): Values: 6215
01-19 18:18:09.516 D/dalvikvm( 1689): GC_EXPLICIT freed 1049K, 23% free 11153K/14407K, paused 14ms+23ms
01-19 18:18:10.167 I/System.out( 2562): Values: 6564
01-19 18:18:11.168 I/System.out( 2562): Values: 6910
01-19 18:18:12.169 I/System.out( 2562): Values: 8199
01-19 18:18:13.170 I/System.out( 2562): Values: 8527
01-19 18:18:14.171 I/System.out( 2562): Values: 8876
01-19 18:18:14.481 D/dalvikvm( 1784): GC_EXPLICIT freed 116K, 8% free 6840K/7367K, paused 5ms+2ms
01-19 18:18:15.172 I/System.out( 2562): Values: 10142
01-19 18:18:16.173 I/System.out( 2562): Values: 10511
01-19 18:18:17.174 I/System.out( 2562): Values: 10852
01-19 18:18:18.165 I/System.out( 2562): Values: 12149
01-19 18:18:18.235 D/UsbnetService( 1590): BroadcastReceiver::onReceive+
01-19 18:18:18.235 D/UsbnetService( 1590): onReceive BATTERY_CHANGED
01-19 18:18:18.235 D/UsbnetService( 1590):  --> pluggedType = 2, mPluggedType = 0, mScreenOff = false
01-19 18:18:18.235 D/UsbnetService( 1590): BroadcastReceiver::onReceive-
01-19 18:18:18.235 D/NotificationService( 1590): mIntentReceiver() Intent.ACTION_BATTERY_CHANGED
01-19 18:18:18.245 D/BatteryService( 1590): SendIntentforPowersaver
01-19 18:18:18.245 D/BatteryService( 1590): Current powersaver status == NORMAL_STATUS1 2 2 false
01-19 18:18:18.255 D/PowerUI ( 1660): closing low battery warning: level=99
01-19 18:18:18.255 D/PowerUI ( 1660): plugged = true, health = 2, mBatteryLevel = 99, mPluggedBatteryLevel = 99, mLowBatteryWarningLevel2 = 25, mshowLowChargingWarning2 = true
01-19 18:18:18.265 D/RemoveMe( 1678): DCT got intent android.intent.action.BATTERY_CHANGED
01-19 18:18:18.285 D/RemoveMe( 1678): DCT got intent android.intent.action.BATTERY_CHANGED
01-19 18:18:18.295 D/RemoveMe( 1678): DCT got intent android.intent.action.BATTERY_CHANGED
01-19 18:18:19.166 I/System.out( 2562): Values: 12528
01-19 18:18:20.097 D/SntpClient( 1590): requestTime: called by Thread[NetworkTimeUpdateService,5,main], failed: java.net.UnknownHostException: Unable to resolve host "north-america.pool.ntp.org": No address associated with hostname
01-19 18:18:20.167 I/System.out( 2562): Values: 12869
01-19 18:18:21.128 D/GpsLocationProvider( 1590): [BroadcastReceiver] XTRA_ALARM_TIMEOUT
01-19 18:18:21.138 D/GpsLocationProvider( 1590): [shen] debug
01-19 18:18:21.138 D/GpsLocationProvider( 1590): [handleMessage] message :6
01-19 18:18:21.148 D/GpsLocationProvider( 1590): [handleMessage] DOWNLOAD_XTRA_DATA mSupportsXtra:false
01-19 18:18:21.148 D/GpsLocationProvider( 1590): [handleMessage] mSupportsXtra disable pending until enable it
01-19 18:18:21.168 I/System.out( 2562): Values: 13896
01-19 18:18:22.169 I/System.out( 2562): Values: 14565
01-19 18:18:23.170 I/System.out( 2562): Values: 14884
01-19 18:18:24.171 I/System.out( 2562): Values: 15241
01-19 18:18:25.172 I/System.out( 2562): Values: 16549
01-19 18:18:26.163 I/System.out( 2562): Values: 16912
01-19 18:18:26.213 D/dalvikvm( 1852): GC_EXPLICIT freed 155K, 5% free 6494K/6787K, paused 4ms+2ms
01-19 18:18:27.174 I/System.out( 2562): Values: 17266
01-19 18:18:28.175 I/System.out( 2562): Values: 18565
01-19 18:18:29.176 I/System.out( 2562): Values: 18917
01-19 18:18:30.166 I/System.out( 2562): Values: 19297
01-19 18:18:30.447 I/ActivityManager( 1590): Start to apply OOP
01-19 18:18:31.167 I/System.out( 2562): Values: 20608
01-19 18:18:32.178 I/System.out( 2562): Values: 20918
01-19 18:18:33.179 I/System.out( 2562): Values: 21276
01-19 18:18:34.170 I/System.out( 2562): Values: 22591
01-19 18:18:35.171 I/System.out( 2562): Values: 22928
01-19 18:18:35.662 D/dalvikvm( 1925): GC_EXPLICIT freed 189K, 6% free 6512K/6855K, paused 6ms+1ms
01-19 18:18:36.162 I/System.out( 2562): Values: 23288
01-19 18:18:37.163 I/System.out( 2562): Values: 24601
01-19 18:18:38.164 I/System.out( 2562): Values: 24964
01-19 18:18:39.165 I/System.out( 2562): Values: 25305
01-19 18:18:40.176 I/System.out( 2562): Values: 26543
01-19 18:18:40.717 D/dalvikvm( 1936): GC_EXPLICIT freed 180K, 5% free 6785K/7111K, paused 5ms+1ms
01-19 18:18:41.177 I/System.out( 2562): Values: 26900
01-19 18:18:42.178 I/System.out( 2562): Values: 27231
01-19 18:18:43.179 I/System.out( 2562): Values: 36612
01-19 18:18:43.199 I/QualcommCameraHardware( 1444): notifyHtcCallback: (4 0 0)
01-19 18:18:43.199 I/QualcommCameraHardware( 1444): runHtcCallbackThread: read pipe - type 4 arg1 0 arg2 0
01-19 18:18:43.199 D/CameraService( 1444): CameraService::Client::handleGenericNotify: callback
01-19 18:18:43.459 I/QualcommCameraHardware( 1444): notifyHtcCallback: (4 1 0)
01-19 18:18:43.459 I/QualcommCameraHardware( 1444): runHtcCallbackThread: read pipe - type 4 arg1 1 arg2 0
01-19 18:18:43.469 D/CameraService( 1444): CameraService::Client::handleGenericNotify: callback
01-19 18:18:44.180 I/System.out( 2562): Values: 65695
01-19 18:18:45.181 I/System.out( 2562): Values: 70859
01-19 18:18:45.702 D/dalvikvm( 1957): GC_EXPLICIT freed 149K, 4% free 6521K/6787K, paused 6ms+1ms
01-19 18:18:46.172 I/System.out( 2562): Values: 71326
01-19 18:18:47.173 I/System.out( 2562): Values: 72679
01-19 18:18:48.174 I/System.out( 2562): Values: 73363
01-19 18:18:48.254 D/UsbnetService( 1590): BroadcastReceiver::onReceive+
01-19 18:18:48.254 D/UsbnetService( 1590): onReceive BATTERY_CHANGED
01-19 18:18:48.254 D/UsbnetService( 1590):  --> pluggedType = 2, mPluggedType = 0, mScreenOff = false
01-19 18:18:48.254 D/UsbnetService( 1590): BroadcastReceiver::onReceive-
01-19 18:18:48.264 D/NotificationService( 1590): mIntentReceiver() Intent.ACTION_BATTERY_CHANGED
01-19 18:18:48.284 D/BatteryService( 1590): SendIntentforPowersaver
01-19 18:18:48.284 D/BatteryService( 1590): Current powersaver status == NORMAL_STATUS1 2 2 false
01-19 18:18:48.294 D/PowerUI ( 1660): closing low battery warning: level=99
01-19 18:18:48.294 D/RemoveMe( 1678): DCT got intent android.intent.action.BATTERY_CHANGED
01-19 18:18:48.294 D/PowerUI ( 1660): plugged = true, health = 2, mBatteryLevel = 99, mPluggedBatteryLevel = 99, mLowBatteryWarningLevel2 = 25, mshowLowChargingWarning2 = true
01-19 18:18:48.304 D/RemoveMe( 1678): DCT got intent android.intent.action.BATTERY_CHANGED
01-19 18:18:48.304 D/RemoveMe( 1678): DCT got intent android.intent.action.BATTERY_CHANGED
01-19 18:18:49.175 I/System.out( 2562): Values: 73865
01-19 18:18:50.176 I/System.out( 2562): Values: 75413
01-19 18:18:51.177 I/System.out( 2562): Values: 75828
01-19 18:18:52.178 I/System.out( 2562): Values: 76266
01-19 18:18:53.179 I/System.out( 2562): Values: 77567
01-19 18:18:53.409 D/dalvikvm( 1995): GC_EXPLICIT freed 299K, 7% free 6476K/6919K, paused 4ms+1ms
01-19 18:18:54.180 I/System.out( 2562): Values: 77966
01-19 18:18:55.181 I/System.out( 2562): Values: 78352
01-19 18:18:56.172 I/System.out( 2562): Values: 79678
01-19 18:18:57.173 I/System.out( 2562): Values: 80095
01-19 18:18:58.174 I/System.out( 2562): Values: 80725
01-19 18:18:58.414 D/dalvikvm( 2070): GC_EXPLICIT freed 105K, 4% free 6785K/7047K, paused 5ms+6ms
01-19 18:18:59.175 I/System.out( 2562): Values: 82016
01-19 18:18:59.996 I/ActivityManager( 1590): No longer want com.htc.bg (pid 1936): hidden #16
01-19 18:18:59.996 I/ActivityManager( 1590): No longer want com.htc.musicenhancer (pid 2446): hidden #17
01-19 18:18:59.996 I/ActivityManager( 1590): No longer want com.htc.sdm (pid 2181): hidden #18
01-19 18:19:00.006 I/ActivityManager( 1590): No longer want com.htc.home.personalize (pid 1863): hidden #19
01-19 18:19:00.006 I/ActivityManager( 1590): No longer want com.htc.ereader (pid 2421): hidden #20
01-19 18:19:00.016 I/ActivityManager( 1590): No longer want android.process.media (pid 1749): hidden #21
01-19 18:19:00.016 I/ActivityManager( 1590): No longer want com.htc.demoflopackageinstaller (pid 2427): hidden #22
01-19 18:19:00.016 I/ActivityManager( 1590): No longer want com.htc.ereader.drmengine (pid 2303): hidden #23
01-19 18:19:00.016 I/ActivityManager( 1590): No longer want com.htc.laputa.HtcLaputaInstaller (pid 2223): hidden #24
01-19 18:19:00.016 I/ActivityManager( 1590): No longer want com.google.android.apps.uploader (pid 2411): hidden #25
01-19 18:19:00.026 I/ActivityManager( 1590): No longer want com.google.android.gm (pid 2292): hidden #26
01-19 18:19:00.026 I/ActivityManager( 1590): No longer want com.android.settings (pid 1815): hidden #27
01-19 18:19:00.026 I/ActivityManager( 1590): No longer want com.htc.dockmode (pid 2364): hidden #28
01-19 18:19:00.026 I/ActivityManager( 1590): No longer want com.htc.android.mail (pid 2348): hidden #29
01-19 18:19:00.026 I/ActivityManager( 1590): No longer want com.htc.cspeoplesync (pid 2338): hidden #30
01-19 18:19:00.036 I/ActivityManager( 1590): No longer want com.google.android.gsf.login (pid 2329): hidden #31
01-19 18:19:00.036 I/ActivityManager( 1590): No longer want com.htc.calendar (pid 2322): hidden #32
01-19 18:19:00.036 I/ActivityManager( 1590): No longer want com.htc.lmw (pid 2312): hidden #33
01-19 18:19:00.036 I/ActivityManager( 1590): No longer want com.htc.googlereader (pid 2239): hidden #34
01-19 18:19:00.036 I/ActivityManager( 1590): No longer want com.htc.htchubsyncprovider (pid 2230): hidden #35
01-19 18:19:00.036 I/ActivityManager( 1590): No longer want com.htc.htcMessageUploader (pid 2214): hidden #36
01-19 18:19:00.036 I/ActivityManager( 1590): No longer want com.htc.music (pid 2205): hidden #37
01-19 18:19:00.046 I/ActivityManager( 1590): No longer want com.htc.notes:NotesService (pid 2193): hidden #38
01-19 18:19:00.046 I/ActivityManager( 1590): No longer want com.htc.sdm:remote (pid 2188): hidden #39
01-19 18:19:00.046 I/ActivityManager( 1590): No longer want com.htc.streamplayer (pid 2174): hidden #40
01-19 18:19:00.046 I/ActivityManager( 1590): No longer want com.htc.reportagent (pid 2086): hidden #41
01-19 18:19:00.046 I/ActivityManager( 1590): No longer want com.htc.android.Stock (pid 2052): hidden #42
01-19 18:19:00.046 I/ActivityManager( 1590): No longer want com.htc.taskmanager (pid 2034): hidden #43
01-19 18:19:00.046 I/ActivityManager( 1590): No longer want com.android.updater (pid 2025): hidden #44
01-19 18:19:00.046 I/ActivityManager( 1590): No longer want com.htc.android.worldclock (pid 2010): hidden #45
01-19 18:19:00.056 I/ActivityManager( 1590): No longer want com.google.android.onetimeinitializer (pid 2003): hidden #46
01-19 18:19:00.056 I/ActivityManager( 1590): No longer want com.htc.resetnotify (pid 1987): hidden #47
01-19 18:19:00.056 I/ActivityManager( 1590): No longer want com.android.browser (pid 1946): hidden #48
01-19 18:19:00.056 I/ActivityManager( 1590): No longer want com.htc.messagecs (pid 1908): hidden #49
01-19 18:19:00.056 I/ActivityManager( 1590): No longer want com.sdgtl.watch.flyer (pid 1872): hidden #50
01-19 18:19:00.146 W/BinderNative( 2136): Uncaught exception from death notification
01-19 18:19:00.146 W/BinderNative( 2136): java.lang.NullPointerException
01-19 18:19:00.146 W/BinderNative( 2136): 	at android.app.ActivityThread.removeDeadProvider(ActivityThread.java:4405)
01-19 18:19:00.146 W/BinderNative( 2136): 	at android.app.ActivityThread$ProviderClientRecord.binderDied(ActivityThread.java:314)
01-19 18:19:00.146 W/BinderNative( 2136): 	at android.os.BinderProxy.sendDeathNotice(Binder.java:418)
01-19 18:19:00.146 W/BinderNative( 2136): 	at dalvik.system.NativeStart.run(Native Method)
01-19 18:19:00.176 I/System.out( 2562): Values: 83194
01-19 18:19:00.196 W/ContentService( 1590): binderDied() at ObserverNode name com.google.android.gsf.gservices
01-19 18:19:00.206 W/ContentService( 1590): binderDied() at ObserverNode name htc_application_notification
01-19 18:19:00.206 W/ContentService( 1590): binderDied() at ObserverNode name com.google.android.gsf.gservices
01-19 18:19:01.177 I/System.out( 2562): Values: 109460
01-19 18:19:02.178 I/System.out( 2562): Values: 127407
01-19 18:19:03.179 I/System.out( 2562): Values: 140029
01-19 18:19:04.180 I/System.out( 2562): Values: 141025
01-19 18:19:05.161 D/dalvikvm( 2073): GC_EXPLICIT freed 133K, 9% free 6477K/7047K, paused 6ms+3ms
01-19 18:19:05.181 I/System.out( 2562): Values: 142296
01-19 18:19:06.172 I/System.out( 2562): Values: 142636
01-19 18:19:07.173 I/System.out( 2562): Values: 143011
01-19 18:19:08.174 I/System.out( 2562): Values: 143313
01-19 18:19:09.175 I/System.out( 2562): Values: 144577
01-19 18:19:10.165 D/dalvikvm( 2095): GC_EXPLICIT freed 156K, 9% free 6564K/7175K, paused 5ms+1ms
01-19 18:19:10.176 I/System.out( 2562): Values: 144837
01-19 18:19:11.176 I/System.out( 2562): Values: 145100
01-19 18:19:12.177 I/System.out( 2562): Values: 146390
01-19 18:19:13.178 I/System.out( 2562): Values: 146665
01-19 18:19:14.179 I/System.out( 2562): Values: 146906
01-19 18:19:15.170 D/dalvikvm( 2111): GC_EXPLICIT freed 171K, 4% free 7327K/7623K, paused 7ms+1ms
01-19 18:19:15.180 I/System.out( 2562): Values: 148149
01-19 18:19:16.181 I/System.out( 2562): Values: 148422
01-19 18:19:17.172 I/System.out( 2562): Values: 148697
01-19 18:19:18.173 I/System.out( 2562): Values: 149937
01-19 18:19:18.283 D/UsbnetService( 1590): BroadcastReceiver::onReceive+
01-19 18:19:18.283 D/UsbnetService( 1590): onReceive BATTERY_CHANGED
01-19 18:19:18.283 D/UsbnetService( 1590):  --> pluggedType = 2, mPluggedType = 0, mScreenOff = false
01-19 18:19:18.293 D/UsbnetService( 1590): BroadcastReceiver::onReceive-
01-19 18:19:18.293 D/BatteryService( 1590): SendIntentforPowersaver
01-19 18:19:18.293 D/NotificationService( 1590): mIntentReceiver() Intent.ACTION_BATTERY_CHANGED
01-19 18:19:18.303 D/BatteryService( 1590): Current powersaver status == NORMAL_STATUS1 2 2 false
01-19 18:19:18.313 D/PowerUI ( 1660): closing low battery warning: level=98
01-19 18:19:18.313 D/RemoveMe( 1678): DCT got intent android.intent.action.BATTERY_CHANGED
01-19 18:19:18.313 D/PowerUI ( 1660): plugged = true, health = 2, mBatteryLevel = 98, mPluggedBatteryLevel = 99, mLowBatteryWarningLevel2 = 25, mshowLowChargingWarning2 = true
01-19 18:19:18.333 D/RemoveMe( 1678): DCT got intent android.intent.action.BATTERY_CHANGED
01-19 18:19:18.343 D/RemoveMe( 1678): DCT got intent android.intent.action.BATTERY_CHANGED
01-19 18:19:19.174 I/System.out( 2562): Values: 150201
01-19 18:19:19.184 I/System.out( 2562): Battery level start is reached
01-19 18:19:19.234 E/OverlayLIB( 1441): setPosition, Overlay SET failed
01-19 18:19:19.244 E/msm7x30.hwcomposer( 1441): prepareOverlay setPosition failed
01-19 18:19:19.264 E/OverlayLIB( 1441): setPosition, Overlay SET failed
01-19 18:19:19.264 E/msm7x30.hwcomposer( 1441): prepareOverlay setPosition failed
01-19 18:19:20.115 D/SntpClient( 1590): requestTime: called by Thread[NetworkTimeUpdateService,5,main], failed: java.net.UnknownHostException: Unable to resolve host "north-america.pool.ntp.org": No address associated with hostname
01-19 18:19:20.175 I/System.out( 2562): Values: 150493
01-19 18:19:21.176 I/System.out( 2562): Values: 151712
01-19 18:19:22.177 I/System.out( 2562): Values: 151983
01-19 18:19:23.178 I/System.out( 2562): Values: 152205
01-19 18:19:24.179 I/System.out( 2562): Values: 153401
01-19 18:19:25.180 D/dalvikvm( 2136): GC_EXPLICIT freed 183K, 5% free 6703K/6983K, paused 2ms+1ms
01-19 18:19:25.180 I/System.out( 2562): Values: 153708
01-19 18:19:26.181 I/System.out( 2562): Values: 153968
01-19 18:19:27.172 I/System.out( 2562): Values: 155215
01-19 18:19:28.173 I/System.out( 2562): Values: 155501
01-19 18:19:29.174 I/System.out( 2562): Values: 155802
01-19 18:19:30.175 I/System.out( 2562): Values: 156732
01-19 18:19:30.255 D/dalvikvm( 2249): GC_EXPLICIT freed 127K, 5% free 6485K/6787K, paused 7ms+1ms
01-19 18:19:31.176 I/System.out( 2562): Values: 157312
01-19 18:19:32.177 I/System.out( 2562): Values: 157600
01-19 18:19:33.188 I/System.out( 2562): Values: 157876
01-19 18:19:34.189 I/System.out( 2562): Values: 159180
01-19 18:19:35.190 I/System.out( 2562): Values: 159482
01-19 18:19:35.260 D/dalvikvm( 2373): GC_EXPLICIT freed 219K, 5% free 6513K/6855K, paused 4ms+1ms
01-19 18:19:36.191 I/System.out( 2562): Values: 159793
01-19 18:19:37.182 I/System.out( 2562): Values: 161079
01-19 18:19:38.183 I/System.out( 2562): Values: 161397
01-19 18:19:39.184 I/System.out( 2562): Values: 161661
01-19 18:19:40.185 I/System.out( 2562): Values: 162871
01-19 18:19:41.186 I/System.out( 2562): Values: 163182
01-19 18:19:42.187 I/System.out( 2562): Values: 163502
01-19 18:19:43.188 I/System.out( 2562): Values: 164719
01-19 18:19:44.189 I/System.out( 2562): Values: 165090
01-19 18:19:45.190 I/System.out( 2562): Values: 165389
01-19 18:19:46.191 I/System.out( 2562): Values: 166629
01-19 18:19:47.182 I/System.out( 2562): Values: 166976
01-19 18:19:48.183 I/System.out( 2562): Values: 167320
01-19 18:19:48.313 D/UsbnetService( 1590): BroadcastReceiver::onReceive+
01-19 18:19:48.313 D/UsbnetService( 1590): onReceive BATTERY_CHANGED
01-19 18:19:48.323 D/UsbnetService( 1590):  --> pluggedType = 2, mPluggedType = 0, mScreenOff = false
01-19 18:19:48.323 D/UsbnetService( 1590): BroadcastReceiver::onReceive-
01-19 18:19:48.323 D/NotificationService( 1590): mIntentReceiver() Intent.ACTION_BATTERY_CHANGED
01-19 18:19:48.333 D/BatteryService( 1590): SendIntentforPowersaver
01-19 18:19:48.333 D/BatteryService( 1590): Current powersaver status == NORMAL_STATUS1 2 2 false
01-19 18:19:48.343 D/PowerUI ( 1660): closing low battery warning: level=98
01-19 18:19:48.343 D/PowerUI ( 1660): plugged = true, health = 2, mBatteryLevel = 98, mPluggedBatteryLevel = 99, mLowBatteryWarningLevel2 = 25, mshowLowChargingWarning2 = true
01-19 18:19:48.353 D/RemoveMe( 1678): DCT got intent android.intent.action.BATTERY_CHANGED
01-19 18:19:48.353 D/RemoveMe( 1678): DCT got intent android.intent.action.BATTERY_CHANGED
01-19 18:19:48.363 D/RemoveMe( 1678): DCT got intent android.intent.action.BATTERY_CHANGED
01-19 18:19:48.383 D/dalvikvm( 1678): GC_CONCURRENT freed 361K, 10% free 7202K/7943K, paused 2ms+1ms
01-19 18:19:49.184 I/System.out( 2562): Values: 168526
01-19 18:19:50.185 I/System.out( 2562): Values: 168810
01-19 18:19:51.186 I/System.out( 2562): Values: 169116
01-19 18:19:52.186 I/System.out( 2562): Values: 170132
01-19 18:19:53.187 I/System.out( 2562): Values: 170718
01-19 18:19:54.188 I/System.out( 2562): Values: 170958
01-19 18:19:55.199 I/System.out( 2562): Values: 171218
01-19 18:19:56.200 I/System.out( 2562): Values: 172447
01-19 18:19:57.201 I/System.out( 2562): Values: 172679
01-19 18:19:58.192 I/System.out( 2562): Values: 172941
01-19 18:19:59.193 I/System.out( 2562): Values: 174170
01-19 18:20:00.194 I/System.out( 2562): Values: 174450
01-19 18:20:01.195 I/System.out( 2562): Values: 174759
01-19 18:20:02.196 I/System.out( 2562): Values: 175990
01-19 18:20:02.286 D/dalvikvm( 2562): GC_CONCURRENT freed 327K, 7% free 6564K/6983K, paused 5ms+5ms
01-19 18:20:03.197 I/System.out( 2562): Values: 176281
01-19 18:20:04.198 I/System.out( 2562): Values: 176551
01-19 18:20:05.129 D/dalvikvm( 1689): GC_EXPLICIT freed 2K, 23% free 11152K/14407K, paused 6ms+2ms
01-19 18:20:05.199 I/System.out( 2562): Values: 177781
01-19 18:20:06.200 I/System.out( 2562): Values: 178021
01-19 18:20:07.201 I/System.out( 2562): Values: 178282
01-19 18:20:08.192 I/System.out( 2562): Values: 179585
01-19 18:20:09.193 I/System.out( 2562): Values: 179838
01-19 18:20:10.194 I/System.out( 2562): Values: 180117
01-19 18:20:11.195 I/System.out( 2562): Values: 181344
01-19 18:20:12.196 I/System.out( 2562): Values: 181733
01-19 18:20:13.197 I/System.out( 2562): Values: 181990
01-19 18:20:14.198 I/System.out( 2562): Values: 183216
01-19 18:20:15.199 I/System.out( 2562): Values: 183458
01-19 18:20:16.200 I/System.out( 2562): Values: 183739
01-19 18:20:17.201 I/System.out( 2562): Values: 184007
01-19 18:20:18.192 I/System.out( 2562): Values: 185255
01-19 18:20:18.352 D/UsbnetService( 1590): BroadcastReceiver::onReceive+
01-19 18:20:18.352 D/UsbnetService( 1590): onReceive BATTERY_CHANGED
01-19 18:20:18.352 D/UsbnetService( 1590):  --> pluggedType = 2, mPluggedType = 0, mScreenOff = false
01-19 18:20:18.352 D/UsbnetService( 1590): BroadcastReceiver::onReceive-
01-19 18:20:18.362 D/BatteryService( 1590): SendIntentforPowersaver
01-19 18:20:18.362 D/NotificationService( 1590): mIntentReceiver() Intent.ACTION_BATTERY_CHANGED
01-19 18:20:18.372 D/BatteryService( 1590): Current powersaver status == NORMAL_STATUS1 2 2 false
01-19 18:20:18.372 D/PowerUI ( 1660): closing low battery warning: level=98
01-19 18:20:18.382 D/RemoveMe( 1678): DCT got intent android.intent.action.BATTERY_CHANGED
01-19 18:20:18.382 D/PowerUI ( 1660): plugged = true, health = 2, mBatteryLevel = 98, mPluggedBatteryLevel = 99, mLowBatteryWarningLevel2 = 25, mshowLowChargingWarning2 = true
01-19 18:20:18.392 D/RemoveMe( 1678): DCT got intent android.intent.action.BATTERY_CHANGED
01-19 18:20:18.402 D/RemoveMe( 1678): DCT got intent android.intent.action.BATTERY_CHANGED
01-19 18:20:19.193 I/System.out( 2562): Values: 185537
01-19 18:20:20.194 I/System.out( 2562): Values: 185808
01-19 18:20:21.195 I/System.out( 2562): Values: 187048
01-19 18:20:22.196 I/System.out( 2562): Values: 187433
01-19 18:20:23.197 I/System.out( 2562): Values: 187717
01-19 18:20:24.198 I/System.out( 2562): Values: 188982
01-19 18:20:25.199 I/System.out( 2562): Values: 189273
01-19 18:20:26.200 I/System.out( 2562): Values: 189543
01-19 18:20:27.201 I/System.out( 2562): Values: 190795
01-19 18:20:28.192 I/System.out( 2562): Values: 191083
01-19 18:20:29.193 I/System.out( 2562): Values: 191365
01-19 18:20:30.194 I/System.out( 2562): Values: 192620
01-19 18:20:31.195 I/System.out( 2562): Values: 192988
01-19 18:20:32.196 I/System.out( 2562): Values: 193240
01-19 18:20:33.196 I/System.out( 2562): Values: 194507
01-19 18:20:34.197 I/System.out( 2562): Values: 194825
01-19 18:20:35.208 I/System.out( 2562): Values: 195135
01-19 18:20:36.199 I/System.out( 2562): Values: 196376
01-19 18:20:37.210 I/System.out( 2562): Values: 196748
01-19 18:20:38.201 I/System.out( 2562): Values: 197030
01-19 18:20:39.192 I/System.out( 2562): Values: 197985
01-19 18:20:40.203 I/System.out( 2562): Values: 198621
01-19 18:20:41.204 I/System.out( 2562): Values: 198916
01-19 18:20:42.205 I/System.out( 2562): Values: 199216
01-19 18:20:43.206 I/System.out( 2562): Values: 200445
01-19 18:20:44.207 I/System.out( 2562): Values: 200808
01-19 18:20:45.208 I/System.out( 2562): Values: 201139
01-19 18:20:46.209 I/System.out( 2562): Values: 202391
01-19 18:20:47.210 I/System.out( 2562): Values: 202684
01-19 18:20:48.211 I/System.out( 2562): Values: 203008
01-19 18:20:49.202 I/System.out( 2562): Values: 204241
01-19 18:20:50.203 I/System.out( 2562): Values: 204533
01-19 18:20:51.204 I/System.out( 2562): Values: 204838
01-19 18:20:52.205 I/System.out( 2562): Values: 206085
01-19 18:20:53.206 I/System.out( 2562): Values: 206434
01-19 18:20:54.207 I/System.out( 2562): Values: 206718
01-19 18:20:55.208 I/System.out( 2562): Values: 207994
01-19 18:20:56.209 I/System.out( 2562): Values: 208327
01-19 18:20:57.210 I/System.out( 2562): Values: 208583
01-19 18:20:58.211 I/System.out( 2562): Values: 209817
01-19 18:20:59.202 I/System.out( 2562): Values: 210127
01-19 18:21:00.203 I/System.out( 2562): Values: 210418
01-19 18:21:01.204 I/System.out( 2562): Values: 211346
01-19 18:21:02.205 I/System.out( 2562): Values: 211966
01-19 18:21:03.206 I/System.out( 2562): Values: 212256
01-19 18:21:04.207 I/System.out( 2562): Values: 212590
01-19 18:21:05.208 I/System.out( 2562): Values: 213819
01-19 18:21:06.209 I/System.out( 2562): Values: 214031
01-19 18:21:07.210 I/System.out( 2562): Values: 214283
01-19 18:21:08.211 I/System.out( 2562): Values: 215508
01-19 18:21:09.202 I/System.out( 2562): Values: 215767
01-19 18:21:10.203 I/System.out( 2562): Values: 216024
01-19 18:21:11.204 I/System.out( 2562): Values: 217252
01-19 18:21:12.205 I/System.out( 2562): Values: 217523
01-19 18:21:13.206 I/System.out( 2562): Values: 217779
01-19 18:21:14.207 I/System.out( 2562): Values: 219013
01-19 18:21:15.207 I/System.out( 2562): Values: 219264
01-19 18:21:16.208 I/System.out( 2562): Values: 219566
01-19 18:21:17.209 I/System.out( 2562): Values: 220834
01-19 18:21:18.210 I/System.out( 2562): Values: 221096
01-19 18:21:18.401 D/UsbnetService( 1590): BroadcastReceiver::onReceive+
01-19 18:21:18.401 D/UsbnetService( 1590): onReceive BATTERY_CHANGED
01-19 18:21:18.401 D/UsbnetService( 1590):  --> pluggedType = 2, mPluggedType = 0, mScreenOff = false
01-19 18:21:18.401 D/UsbnetService( 1590): BroadcastReceiver::onReceive-
01-19 18:21:18.401 D/NotificationService( 1590): mIntentReceiver() Intent.ACTION_BATTERY_CHANGED
01-19 18:21:18.411 D/BatteryService( 1590): SendIntentforPowersaver
01-19 18:21:18.411 D/BatteryService( 1590): Current powersaver status == NORMAL_STATUS1 2 2 false
01-19 18:21:18.431 D/PowerUI ( 1660): closing low battery warning: level=98
01-19 18:21:18.431 D/RemoveMe( 1678): DCT got intent android.intent.action.BATTERY_CHANGED
01-19 18:21:18.431 D/PowerUI ( 1660): plugged = true, health = 2, mBatteryLevel = 98, mPluggedBatteryLevel = 99, mLowBatteryWarningLevel2 = 25, mshowLowChargingWarning2 = true
01-19 18:21:18.441 D/RemoveMe( 1678): DCT got intent android.intent.action.BATTERY_CHANGED
01-19 18:21:18.451 D/RemoveMe( 1678): DCT got intent android.intent.action.BATTERY_CHANGED
01-19 18:21:19.211 I/System.out( 2562): Values: 221356
01-19 18:21:20.202 I/System.out( 2562): Values: 222570
01-19 18:21:21.213 I/System.out( 2562): Values: 222850
01-19 18:21:22.214 I/System.out( 2562): Values: 223109
01-19 18:21:23.215 I/System.out( 2562): Values: 223962
01-19 18:21:24.206 I/System.out( 2562): Values: 224553
01-19 18:21:25.217 I/System.out( 2562): Values: 224785
01-19 18:21:26.218 I/System.out( 2562): Values: 225045
01-19 18:21:27.219 I/System.out( 2562): Values: 226271
01-19 18:21:28.220 I/System.out( 2562): Values: 226521
01-19 18:21:29.221 I/System.out( 2562): Values: 226778
01-19 18:21:30.212 I/System.out( 2562): Values: 228006
01-19 18:21:31.213 I/System.out( 2562): Values: 228245
01-19 18:21:32.214 I/System.out( 2562): Values: 228518
01-19 18:21:33.215 I/System.out( 2562): Values: 229729
01-19 18:21:34.216 I/System.out( 2562): Values: 229990
01-19 18:21:35.217 I/System.out( 2562): Values: 230255
01-19 18:21:36.218 I/System.out( 2562): Values: 231495
01-19 18:21:37.219 I/System.out( 2562): Values: 231793
01-19 18:21:38.220 I/System.out( 2562): Values: 232040
01-19 18:21:39.221 I/System.out( 2562): Values: 233284
01-19 18:21:40.212 I/System.out( 2562): Values: 233618
01-19 18:21:41.213 I/System.out( 2562): Values: 233867
01-19 18:21:42.214 I/System.out( 2562): Values: 235082
01-19 18:21:43.215 I/System.out( 2562): Values: 235351
01-19 18:21:44.216 I/System.out( 2562): Values: 235635
01-19 18:21:45.217 I/System.out( 2562): Values: 236846
01-19 18:21:46.218 I/System.out( 2562): Values: 237132
01-19 18:21:47.219 I/System.out( 2562): Values: 237432
01-19 18:21:48.220 I/System.out( 2562): Values: 238353
01-19 18:21:48.440 D/UsbnetService( 1590): BroadcastReceiver::onReceive+
01-19 18:21:48.440 D/UsbnetService( 1590): onReceive BATTERY_CHANGED
01-19 18:21:48.440 D/UsbnetService( 1590):  --> pluggedType = 2, mPluggedType = 0, mScreenOff = false
01-19 18:21:48.440 D/UsbnetService( 1590): BroadcastReceiver::onReceive-
01-19 18:21:48.440 D/NotificationService( 1590): mIntentReceiver() Intent.ACTION_BATTERY_CHANGED
01-19 18:21:48.450 D/BatteryService( 1590): SendIntentforPowersaver
01-19 18:21:48.460 D/BatteryService( 1590): Current powersaver status == NORMAL_STATUS1 2 2 false
01-19 18:21:48.470 D/PowerUI ( 1660): closing low battery warning: level=98
01-19 18:21:48.470 D/PowerUI ( 1660): plugged = true, health = 2, mBatteryLevel = 98, mPluggedBatteryLevel = 99, mLowBatteryWarningLevel2 = 25, mshowLowChargingWarning2 = true
01-19 18:21:48.480 D/RemoveMe( 1678): DCT got intent android.intent.action.BATTERY_CHANGED
01-19 18:21:48.480 D/RemoveMe( 1678): DCT got intent android.intent.action.BATTERY_CHANGED
01-19 18:21:48.490 D/RemoveMe( 1678): DCT got intent android.intent.action.BATTERY_CHANGED
01-19 18:21:49.221 I/System.out( 2562): Values: 238926
01-19 18:21:50.212 I/System.out( 2562): Values: 239270
01-19 18:21:51.213 I/System.out( 2562): Values: 239556
01-19 18:21:52.214 I/System.out( 2562): Values: 240828
01-19 18:21:53.215 I/System.out( 2562): Values: 241099
01-19 18:21:54.216 I/System.out( 2562): Values: 241365
01-19 18:21:55.217 I/System.out( 2562): Values: 242617
01-19 18:21:56.228 I/System.out( 2562): Values: 242915
01-19 18:21:57.218 I/System.out( 2562): Values: 243172
01-19 18:21:58.219 I/System.out( 2562): Values: 244422
01-19 18:21:59.220 I/System.out( 2562): Values: 244705
01-19 18:22:00.221 I/System.out( 2562): Values: 244999
01-19 18:22:01.212 I/System.out( 2562): Values: 246248
01-19 18:22:02.223 I/System.out( 2562): Values: 246526
01-19 18:22:03.224 I/System.out( 2562): Values: 246782
01-19 18:22:04.225 I/System.out( 2562): Values: 248031
01-19 18:22:05.086 D/dalvikvm( 1689): GC_EXPLICIT freed 3K, 23% free 11150K/14407K, paused 2ms+2ms
01-19 18:22:05.226 I/System.out( 2562): Values: 248329
01-19 18:22:06.227 I/System.out( 2562): Values: 248685
01-19 18:22:07.228 I/System.out( 2562): Values: 249953
01-19 18:22:08.229 I/System.out( 2562): Values: 250282
01-19 18:22:09.230 I/System.out( 2562): Values: 250569
01-19 18:22:10.231 I/System.out( 2562): Values: 251482
01-19 18:22:11.222 I/System.out( 2562): Values: 252095
01-19 18:22:12.223 I/System.out( 2562): Values: 252406
01-19 18:22:13.224 I/System.out( 2562): Values: 252700
01-19 18:22:14.225 I/System.out( 2562): Values: 253950
01-19 18:22:15.226 I/System.out( 2562): Values: 254279
01-19 18:22:16.227 I/System.out( 2562): Values: 254588
01-19 18:22:17.228 I/System.out( 2562): Values: 255857
01-19 18:22:18.229 I/System.out( 2562): Values: 256160
01-19 18:22:18.459 D/UsbnetService( 1590): BroadcastReceiver::onReceive+
01-19 18:22:18.459 D/UsbnetService( 1590): onReceive BATTERY_CHANGED
01-19 18:22:18.459 D/UsbnetService( 1590):  --> pluggedType = 2, mPluggedType = 0, mScreenOff = false
01-19 18:22:18.459 D/UsbnetService( 1590): BroadcastReceiver::onReceive-
01-19 18:22:18.459 D/NotificationService( 1590): mIntentReceiver() Intent.ACTION_BATTERY_CHANGED
01-19 18:22:18.469 D/BatteryService( 1590): SendIntentforPowersaver
01-19 18:22:18.479 D/BatteryService( 1590): Current powersaver status == NORMAL_STATUS1 2 2 false
01-19 18:22:18.499 D/PowerUI ( 1660): closing low battery warning: level=98
01-19 18:22:18.499 D/RemoveMe( 1678): DCT got intent android.intent.action.BATTERY_CHANGED
01-19 18:22:18.499 D/PowerUI ( 1660): plugged = true, health = 2, mBatteryLevel = 98, mPluggedBatteryLevel = 99, mLowBatteryWarningLevel2 = 25, mshowLowChargingWarning2 = true
01-19 18:22:18.509 D/RemoveMe( 1678): DCT got intent android.intent.action.BATTERY_CHANGED
01-19 18:22:18.509 D/RemoveMe( 1678): DCT got intent android.intent.action.BATTERY_CHANGED
01-19 18:22:19.230 I/System.out( 2562): Values: 256466
01-19 18:22:20.231 I/System.out( 2562): Values: 257752
01-19 18:22:21.222 I/System.out( 2562): Values: 258056
01-19 18:22:22.223 I/System.out( 2562): Values: 258383
01-19 18:22:23.224 I/System.out( 2562): Values: 259595
01-19 18:22:24.225 I/System.out( 2562): Values: 259894
01-19 18:22:25.226 I/System.out( 2562): Values: 260257
01-19 18:22:26.227 I/System.out( 2562): Values: 261549
01-19 18:22:27.228 I/System.out( 2562): Values: 261832
01-19 18:22:28.229 I/System.out( 2562): Values: 262163
01-19 18:22:29.230 I/System.out( 2562): Values: 263405
01-19 18:22:30.231 I/System.out( 2562): Values: 263704
01-19 18:22:31.222 I/System.out( 2562): Values: 263973
01-19 18:22:32.223 I/System.out( 2562): Values: 264898
01-19 18:22:33.224 I/System.out( 2562): Values: 265502
01-19 18:22:34.225 I/System.out( 2562): Values: 265769
01-19 18:22:35.226 I/System.out( 2562): Values: 266060
01-19 18:22:36.227 I/System.out( 2562): Values: 267331
01-19 18:22:37.228 I/System.out( 2562): Values: 267651
01-19 18:22:38.228 I/System.out( 2562): Values: 268002
01-19 18:22:39.229 I/System.out( 2562): Values: 269245
01-19 18:22:40.230 I/System.out( 2562): Values: 269491
01-19 18:22:41.231 I/System.out( 2562): Values: 269878
01-19 18:22:42.222 I/System.out( 2562): Values: 271221
01-19 18:22:43.233 I/System.out( 2562): Values: 271510
01-19 18:22:44.234 I/System.out( 2562): Values: 271787
01-19 18:22:45.235 I/System.out( 2562): Values: 273033
01-19 18:22:46.236 I/System.out( 2562): Values: 273278
01-19 18:22:47.237 I/System.out( 2562): Values: 273534
01-19 18:22:48.238 I/System.out( 2562): Values: 274733
01-19 18:22:48.478 D/UsbnetService( 1590): BroadcastReceiver::onReceive+
01-19 18:22:48.478 D/UsbnetService( 1590): onReceive BATTERY_CHANGED
01-19 18:22:48.478 D/UsbnetService( 1590):  --> pluggedType = 2, mPluggedType = 0, mScreenOff = false
01-19 18:22:48.478 D/UsbnetService( 1590): BroadcastReceiver::onReceive-
01-19 18:22:48.488 D/BatteryService( 1590): SendIntentforPowersaver
01-19 18:22:48.488 D/NotificationService( 1590): mIntentReceiver() Intent.ACTION_BATTERY_CHANGED
01-19 18:22:48.499 D/BatteryService( 1590): Current powersaver status == NORMAL_STATUS1 2 2 false
01-19 18:22:48.509 D/PowerUI ( 1660): closing low battery warning: level=97
01-19 18:22:48.509 D/RemoveMe( 1678): DCT got intent android.intent.action.BATTERY_CHANGED
01-19 18:22:48.509 D/PowerUI ( 1660): plugged = true, health = 2, mBatteryLevel = 97, mPluggedBatteryLevel = 99, mLowBatteryWarningLevel2 = 25, mshowLowChargingWarning2 = true
01-19 18:22:48.519 D/RemoveMe( 1678): DCT got intent android.intent.action.BATTERY_CHANGED
01-19 18:22:48.529 D/RemoveMe( 1678): DCT got intent android.intent.action.BATTERY_CHANGED
01-19 18:22:49.239 I/System.out( 2562): Values: 274981
01-19 18:22:49.239 I/System.out( 2562): Battery level end is reached
01-19 18:22:49.239 I/System.out( 2562): Time difference in secs is: 210
01-19 18:22:49.299 E/OverlayLIB( 1441): setPosition, Overlay SET failed
01-19 18:22:49.299 E/msm7x30.hwcomposer( 1441): prepareOverlay setPosition failed
01-19 18:22:49.329 E/OverlayLIB( 1441): setPosition, Overlay SET failed
01-19 18:22:49.329 E/msm7x30.hwcomposer( 1441): prepareOverlay setPosition failed
01-19 18:22:50.240 I/System.out( 2562): Values: 275240
01-19 18:22:50.240 I/System.out( 2562): Time difference in secs is: 210
01-19 18:22:51.241 I/System.out( 2562): Values: 276452
01-19 18:22:51.241 I/System.out( 2562): Time difference in secs is: 210
01-19 18:22:52.232 I/System.out( 2562): Values: 276724
01-19 18:22:52.232 I/System.out( 2562): Time difference in secs is: 210
01-19 18:22:53.233 I/System.out( 2562): Values: 276975
01-19 18:22:53.233 I/System.out( 2562): Time difference in secs is: 210
01-19 18:22:54.234 I/System.out( 2562): Values: 278193
01-19 18:22:54.234 I/System.out( 2562): Time difference in secs is: 210
01-19 18:22:55.235 I/System.out( 2562): Values: 278447
01-19 18:22:55.235 I/System.out( 2562): Time difference in secs is: 210
01-19 18:22:56.236 I/System.out( 2562): Values: 278707
01-19 18:22:56.236 I/System.out( 2562): Time difference in secs is: 210
01-19 18:22:57.237 I/System.out( 2562): Values: 278934
01-19 18:22:57.237 I/System.out( 2562): Time difference in secs is: 210
01-19 18:22:58.238 I/System.out( 2562): Values: 280142
01-19 18:22:58.238 I/System.out( 2562): Time difference in secs is: 210
01-19 18:22:59.239 I/System.out( 2562): Values: 280386
01-19 18:22:59.239 I/System.out( 2562): Time difference in secs is: 210
01-19 18:23:00.240 I/System.out( 2562): Values: 280620
01-19 18:23:00.240 I/System.out( 2562): Time difference in secs is: 210
01-19 18:23:01.241 I/System.out( 2562): Values: 281825
01-19 18:23:01.241 I/System.out( 2562): Time difference in secs is: 210
01-19 18:23:02.232 I/System.out( 2562): Values: 282170
01-19 18:23:02.232 I/System.out( 2562): Time difference in secs is: 210
01-19 18:23:03.233 I/System.out( 2562): Values: 282445
01-19 18:23:03.233 I/System.out( 2562): Time difference in secs is: 210
01-19 18:23:04.234 I/System.out( 2562): Values: 283705
01-19 18:23:04.234 I/System.out( 2562): Time difference in secs is: 210
01-19 18:23:05.235 I/System.out( 2562): Values: 283948
01-19 18:23:05.245 I/System.out( 2562): Time difference in secs is: 210
01-19 18:23:06.236 I/System.out( 2562): Values: 284215
01-19 18:23:06.236 I/System.out( 2562): Time difference in secs is: 210
01-19 18:23:07.237 I/System.out( 2562): Values: 285453
01-19 18:23:07.257 I/System.out( 2562): Time difference in secs is: 210
01-19 18:23:07.317 D/dalvikvm( 2562): GC_CONCURRENT freed 394K, 8% free 6567K/7111K, paused 4ms+1ms
01-19 18:23:08.238 I/System.out( 2562): Values: 285707
01-19 18:23:08.238 I/System.out( 2562): Time difference in secs is: 210
01-19 18:23:09.239 I/System.out( 2562): Values: 286060
01-19 18:23:09.239 I/System.out( 2562): Time difference in secs is: 210
01-19 18:23:10.240 I/System.out( 2562): Values: 287272
01-19 18:23:10.250 I/System.out( 2562): Time difference in secs is: 210
01-19 18:23:11.241 I/System.out( 2562): Values: 287516
01-19 18:23:11.241 I/System.out( 2562): Time difference in secs is: 210
01-19 18:23:12.232 I/System.out( 2562): Values: 287787
01-19 18:23:12.232 I/System.out( 2562): Time difference in secs is: 210
01-19 18:23:13.233 I/System.out( 2562): Values: 289011
01-19 18:23:13.243 I/System.out( 2562): Time difference in secs is: 210
01-19 18:23:14.234 I/System.out( 2562): Values: 289227
01-19 18:23:14.244 I/System.out( 2562): Time difference in secs is: 210
01-19 18:23:15.235 I/System.out( 2562): Values: 289541
01-19 18:23:15.245 I/System.out( 2562): Time difference in secs is: 210
01-19 18:23:16.236 I/System.out( 2562): Values: 290761
01-19 18:23:16.246 I/System.out( 2562): Time difference in secs is: 210
01-19 18:23:17.237 I/System.out( 2562): Values: 290997
01-19 18:23:17.247 I/System.out( 2562): Time difference in secs is: 210
01-19 18:23:18.238 I/System.out( 2562): Values: 291247
01-19 18:23:18.248 I/System.out( 2562): Time difference in secs is: 210
01-19 18:23:18.518 D/UsbnetService( 1590): BroadcastReceiver::onReceive+
01-19 18:23:18.518 D/UsbnetService( 1590): onReceive BATTERY_CHANGED
01-19 18:23:18.518 D/UsbnetService( 1590):  --> pluggedType = 2, mPluggedType = 0, mScreenOff = false
01-19 18:23:18.518 D/UsbnetService( 1590): BroadcastReceiver::onReceive-
01-19 18:23:18.518 D/NotificationService( 1590): mIntentReceiver() Intent.ACTION_BATTERY_CHANGED
01-19 18:23:18.528 D/BatteryService( 1590): SendIntentforPowersaver
01-19 18:23:18.538 D/BatteryService( 1590): Current powersaver status == NORMAL_STATUS1 2 2 false
01-19 18:23:18.538 D/PowerUI ( 1660): closing low battery warning: level=97
01-19 18:23:18.548 D/RemoveMe( 1678): DCT got intent android.intent.action.BATTERY_CHANGED
01-19 18:23:18.548 D/PowerUI ( 1660): plugged = true, health = 2, mBatteryLevel = 97, mPluggedBatteryLevel = 99, mLowBatteryWarningLevel2 = 25, mshowLowChargingWarning2 = true
01-19 18:23:18.558 D/RemoveMe( 1678): DCT got intent android.intent.action.BATTERY_CHANGED
01-19 18:23:18.568 D/RemoveMe( 1678): DCT got intent android.intent.action.BATTERY_CHANGED
01-19 18:23:19.238 I/System.out( 2562): Values: 292154
01-19 18:23:19.249 I/System.out( 2562): Time difference in secs is: 210
01-19 18:23:20.239 I/System.out( 2562): Values: 292734
01-19 18:23:20.249 I/System.out( 2562): Time difference in secs is: 210
01-19 18:23:21.240 I/System.out( 2562): Values: 293000
01-19 18:23:21.250 I/System.out( 2562): Time difference in secs is: 210
01-19 18:23:22.241 I/System.out( 2562): Values: 293232
01-19 18:23:22.251 I/System.out( 2562): Time difference in secs is: 210
01-19 18:23:23.232 I/System.out( 2562): Values: 294431
01-19 18:23:23.242 I/System.out( 2562): Time difference in secs is: 210
01-19 18:23:24.243 I/System.out( 2562): Values: 294701
01-19 18:23:24.243 I/System.out( 2562): Time difference in secs is: 210
01-19 18:23:25.244 I/System.out( 2562): Values: 294958
01-19 18:23:25.244 I/System.out( 2562): Time difference in secs is: 210
01-19 18:23:26.245 I/System.out( 2562): Values: 296187
01-19 18:23:26.245 I/System.out( 2562): Time difference in secs is: 210
01-19 18:23:27.236 I/System.out( 2562): Values: 296440
01-19 18:23:27.246 I/System.out( 2562): Time difference in secs is: 210
01-19 18:23:28.237 I/System.out( 2562): Values: 296700
01-19 18:23:28.247 I/System.out( 2562): Time difference in secs is: 210
01-19 18:23:29.248 I/System.out( 2562): Values: 297923
01-19 18:23:29.248 I/System.out( 2562): Time difference in secs is: 210
01-19 18:23:30.239 I/System.out( 2562): Values: 298177
01-19 18:23:30.249 I/System.out( 2562): Time difference in secs is: 210
01-19 18:23:31.240 I/System.out( 2562): Values: 298403
01-19 18:23:31.250 I/System.out( 2562): Time difference in secs is: 210
01-19 18:23:32.251 I/System.out( 2562): Values: 299625
01-19 18:23:32.251 I/System.out( 2562): Time difference in secs is: 210
01-19 18:23:33.232 I/System.out( 2562): Values: 299890
01-19 18:23:33.242 I/System.out( 2562): Time difference in secs is: 210
01-19 18:23:34.243 I/System.out( 2562): Values: 300156
01-19 18:23:34.243 I/System.out( 2562): Time difference in secs is: 210
01-19 18:23:35.244 I/System.out( 2562): Values: 301382
01-19 18:23:35.244 I/System.out( 2562): Time difference in secs is: 210
01-19 18:23:36.245 I/System.out( 2562): Values: 301624
01-19 18:23:36.245 I/System.out( 2562): Time difference in secs is: 210
01-19 18:23:37.246 I/System.out( 2562): Values: 301888
01-19 18:23:37.246 I/System.out( 2562): Time difference in secs is: 210
01-19 18:23:38.247 I/System.out( 2562): Values: 303089
01-19 18:23:38.247 I/System.out( 2562): Time difference in secs is: 210
01-19 18:23:39.248 I/System.out( 2562): Values: 303378
01-19 18:23:39.248 I/System.out( 2562): Time difference in secs is: 210
01-19 18:23:40.249 I/System.out( 2562): Values: 303648
01-19 18:23:40.249 I/System.out( 2562): Time difference in secs is: 210
01-19 18:23:41.250 I/System.out( 2562): Values: 304548
01-19 18:23:41.250 I/System.out( 2562): Time difference in secs is: 210
01-19 18:23:42.251 I/System.out( 2562): Values: 305120
01-19 18:23:42.251 I/System.out( 2562): Time difference in secs is: 210
01-19 18:23:43.242 I/System.out( 2562): Values: 305362
01-19 18:23:43.242 I/System.out( 2562): Time difference in secs is: 210
01-19 18:23:44.243 I/System.out( 2562): Values: 305624
01-19 18:23:44.243 I/System.out( 2562): Time difference in secs is: 210
01-19 18:23:45.244 I/System.out( 2562): Values: 306857
01-19 18:23:45.254 I/System.out( 2562): Time difference in secs is: 210
01-19 18:23:46.245 I/System.out( 2562): Values: 307129
01-19 18:23:46.245 I/System.out( 2562): Time difference in secs is: 210
01-19 18:23:47.246 I/System.out( 2562): Values: 307388
01-19 18:23:47.246 I/System.out( 2562): Time difference in secs is: 210
01-19 18:23:48.247 I/System.out( 2562): Values: 308592
01-19 18:23:48.257 I/System.out( 2562): Time difference in secs is: 210
01-19 18:23:48.537 D/UsbnetService( 1590): BroadcastReceiver::onReceive+
01-19 18:23:48.537 D/UsbnetService( 1590): onReceive BATTERY_CHANGED
01-19 18:23:48.537 D/UsbnetService( 1590):  --> pluggedType = 2, mPluggedType = 0, mScreenOff = false
01-19 18:23:48.547 D/UsbnetService( 1590): BroadcastReceiver::onReceive-
01-19 18:23:48.547 D/NotificationService( 1590): mIntentReceiver() Intent.ACTION_BATTERY_CHANGED
01-19 18:23:48.567 D/BatteryService( 1590): SendIntentforPowersaver
01-19 18:23:48.567 D/BatteryService( 1590): Current powersaver status == NORMAL_STATUS1 2 2 false
01-19 18:23:48.577 D/RemoveMe( 1678): DCT got intent android.intent.action.BATTERY_CHANGED
01-19 18:23:48.577 D/PowerUI ( 1660): closing low battery warning: level=97
