01-14 12:26:47.595 V/locapi_rpc_glue( 1574): Callback received: 2 (cb_id=0x6260000 handle=1)
01-14 12:26:47.595 V/locapi_rpc_glue( 1574): +loc_api_callback_process_sync_call
01-14 12:26:47.595 V/locapi_rpc_glue( 1574): -loc_api_callback_process_sync_call, no sync call in use
01-14 12:26:47.595 D/lib_locapi( 1574): loc_eng_report_sv: valid_mask = 0x30, num of sv = 0
01-14 12:26:47.605 D/GpsLocationProvider( 1574): reportSvStatus
01-14 12:26:47.605 V/GpsLocationProvider( 1574): SV count: 0 ephemerisMask: 0 almanacMask: 0
01-14 12:26:47.605 D/RPC     ( 1574): written RPC packet size: [28]
01-14 12:26:47.605 D/RPC     ( 1574): read RPC packet
01-14 12:26:47.605 D/RPC     ( 1574): read RPC packet size: [272]
01-14 12:26:47.615 V/locapi_rpc_glue( 1574): Callback received: 4 (cb_id=0x6260000 handle=1)
01-14 12:26:47.615 V/locapi_rpc_glue( 1574): +loc_api_callback_process_sync_call
01-14 12:26:47.615 V/locapi_rpc_glue( 1574): -loc_api_callback_process_sync_call, no sync call in use
01-14 12:26:47.615 D/RPC     ( 1574): written RPC packet size: [28]
01-14 12:26:47.625 D/RPC     ( 1574): read RPC packet
01-14 12:26:47.625 D/RPC     ( 1574): read RPC packet size: [272]
01-14 12:26:47.625 V/locapi_rpc_glue( 1574): Callback received: 4 (cb_id=0x6260000 handle=1)
01-14 12:26:47.625 V/locapi_rpc_glue( 1574): +loc_api_callback_process_sync_call
01-14 12:26:47.625 V/locapi_rpc_glue( 1574): -loc_api_callback_process_sync_call, no sync call in use
01-14 12:26:47.635 D/RPC     ( 1574): written RPC packet size: [28]
01-14 12:26:47.635 D/RPC     ( 1574): read RPC packet
01-14 12:26:47.635 D/RPC     ( 1574): read RPC packet size: [272]
01-14 12:26:47.635 V/locapi_rpc_glue( 1574): Callback received: 4 (cb_id=0x6260000 handle=1)
01-14 12:26:47.635 V/locapi_rpc_glue( 1574): +loc_api_callback_process_sync_call
01-14 12:26:47.645 V/locapi_rpc_glue( 1574): -loc_api_callback_process_sync_call, no sync call in use
01-14 12:26:47.645 D/RPC     ( 1574): written RPC packet size: [28]
01-14 12:26:47.645 D/RPC     ( 1574): read RPC packet
01-14 12:26:47.645 D/RPC     ( 1574): read RPC packet size: [272]
01-14 12:26:47.655 V/locapi_rpc_glue( 1574): Callback received: 4 (cb_id=0x6260000 handle=1)
01-14 12:26:47.655 V/locapi_rpc_glue( 1574): +loc_api_callback_process_sync_call
01-14 12:26:47.655 V/locapi_rpc_glue( 1574): -loc_api_callback_process_sync_call, no sync call in use
01-14 12:26:47.655 D/RPC     ( 1574): written RPC packet size: [28]
01-14 12:26:47.665 D/RPC     ( 1574): read RPC packet
01-14 12:26:47.665 D/RPC     ( 1574): read RPC packet size: [208]
01-14 12:26:47.665 V/locapi_rpc_glue( 1574): Callback received: 1 (cb_id=0x6260000 handle=1)
01-14 12:26:47.665 V/locapi_rpc_glue( 1574): +loc_api_callback_process_sync_call
01-14 12:26:47.665 V/locapi_rpc_glue( 1574): -loc_api_callback_process_sync_call, no sync call in use
01-14 12:26:47.665 D/lib_locapi( 1574): loc_eng_report_position: valid mask = 0x606d, sess status = 1
01-14 12:26:47.665 D/RPC     ( 1574): written RPC packet size: [28]
01-14 12:26:48.336 I/System.out( 2826): Values: 0.0 0.0
01-14 12:26:48.536 D/RPC     ( 1574): read RPC packet
01-14 12:26:48.536 D/RPC     ( 1574): read RPC packet size: [272]
01-14 12:26:48.536 V/locapi_rpc_glue( 1574): Callback received: 4 (cb_id=0x6260000 handle=1)
01-14 12:26:48.536 V/locapi_rpc_glue( 1574): +loc_api_callback_process_sync_call
01-14 12:26:48.536 V/locapi_rpc_glue( 1574): -loc_api_callback_process_sync_call, no sync call in use
01-14 12:26:48.546 D/RPC     ( 1574): written RPC packet size: [28]
01-14 12:26:48.546 D/RPC     ( 1574): read RPC packet
01-14 12:26:48.546 D/RPC     ( 1574): read RPC packet size: [272]
01-14 12:26:48.546 V/locapi_rpc_glue( 1574): Callback received: 4 (cb_id=0x6260000 handle=1)
01-14 12:26:48.546 V/locapi_rpc_glue( 1574): +loc_api_callback_process_sync_call
01-14 12:26:48.556 V/locapi_rpc_glue( 1574): -loc_api_callback_process_sync_call, no sync call in use
01-14 12:26:48.556 D/RPC     ( 1574): written RPC packet size: [28]
01-14 12:26:48.556 D/RPC     ( 1574): read RPC packet
01-14 12:26:48.556 D/RPC     ( 1574): read RPC packet size: [272]
01-14 12:26:48.566 V/locapi_rpc_glue( 1574): Callback received: 4 (cb_id=0x6260000 handle=1)
01-14 12:26:48.566 V/locapi_rpc_glue( 1574): +loc_api_callback_process_sync_call
01-14 12:26:48.566 V/locapi_rpc_glue( 1574): -loc_api_callback_process_sync_call, no sync call in use
01-14 12:26:48.566 D/RPC     ( 1574): written RPC packet size: [28]
01-14 12:26:48.566 D/RPC     ( 1574): read RPC packet
01-14 12:26:48.576 D/RPC     ( 1574): read RPC packet size: [272]
01-14 12:26:48.576 V/locapi_rpc_glue( 1574): Callback received: 4 (cb_id=0x6260000 handle=1)
01-14 12:26:48.576 V/locapi_rpc_glue( 1574): +loc_api_callback_process_sync_call
01-14 12:26:48.576 V/locapi_rpc_glue( 1574): -loc_api_callback_process_sync_call, no sync call in use
01-14 12:26:48.576 D/RPC     ( 1574): written RPC packet size: [28]
01-14 12:26:48.586 D/RPC     ( 1574): read RPC packet
01-14 12:26:48.586 D/RPC     ( 1574): read RPC packet size: [96]
01-14 12:26:48.586 V/locapi_rpc_glue( 1574): Callback received: 2 (cb_id=0x6260000 handle=1)
01-14 12:26:48.586 V/locapi_rpc_glue( 1574): +loc_api_callback_process_sync_call
01-14 12:26:48.596 V/locapi_rpc_glue( 1574): -loc_api_callback_process_sync_call, no sync call in use
01-14 12:26:48.596 D/lib_locapi( 1574): loc_eng_report_sv: valid_mask = 0x30, num of sv = 0
01-14 12:26:48.596 D/GpsLocationProvider( 1574): reportSvStatus
01-14 12:26:48.596 V/GpsLocationProvider( 1574): SV count: 0 ephemerisMask: 0 almanacMask: 0
01-14 12:26:48.596 D/RPC     ( 1574): written RPC packet size: [28]
01-14 12:26:48.596 D/RPC     ( 1574): read RPC packet
01-14 12:26:48.596 D/RPC     ( 1574): read RPC packet size: [272]
01-14 12:26:48.596 V/locapi_rpc_glue( 1574): Callback received: 4 (cb_id=0x6260000 handle=1)
01-14 12:26:48.596 V/locapi_rpc_glue( 1574): +loc_api_callback_process_sync_call
01-14 12:26:48.596 V/locapi_rpc_glue( 1574): -loc_api_callback_process_sync_call, no sync call in use
01-14 12:26:48.606 D/RPC     ( 1574): written RPC packet size: [28]
01-14 12:26:48.606 D/RPC     ( 1574): read RPC packet
01-14 12:26:48.606 D/RPC     ( 1574): read RPC packet size: [272]
01-14 12:26:48.606 V/locapi_rpc_glue( 1574): Callback received: 4 (cb_id=0x6260000 handle=1)
01-14 12:26:48.606 V/locapi_rpc_glue( 1574): +loc_api_callback_process_sync_call
01-14 12:26:48.606 V/locapi_rpc_glue( 1574): -loc_api_callback_process_sync_call, no sync call in use
01-14 12:26:48.606 D/RPC     ( 1574): written RPC packet size: [28]
01-14 12:26:48.606 D/RPC     ( 1574): read RPC packet
01-14 12:26:48.606 D/RPC     ( 1574): read RPC packet size: [272]
01-14 12:26:48.606 V/locapi_rpc_glue( 1574): Callback received: 4 (cb_id=0x6260000 handle=1)
01-14 12:26:48.606 V/locapi_rpc_glue( 1574): +loc_api_callback_process_sync_call
01-14 12:26:48.616 V/locapi_rpc_glue( 1574): -loc_api_callback_process_sync_call, no sync call in use
01-14 12:26:48.616 D/RPC     ( 1574): written RPC packet size: [28]
01-14 12:26:48.616 D/RPC     ( 1574): read RPC packet
01-14 12:26:48.616 D/RPC     ( 1574): read RPC packet size: [272]
01-14 12:26:48.616 V/locapi_rpc_glue( 1574): Callback received: 4 (cb_id=0x6260000 handle=1)
01-14 12:26:48.616 V/locapi_rpc_glue( 1574): +loc_api_callback_process_sync_call
01-14 12:26:48.616 V/locapi_rpc_glue( 1574): -loc_api_callback_process_sync_call, no sync call in use
01-14 12:26:48.616 D/RPC     ( 1574): written RPC packet size: [28]
01-14 12:26:48.666 D/RPC     ( 1574): read RPC packet
01-14 12:26:48.666 D/RPC     ( 1574): read RPC packet size: [208]
01-14 12:26:48.666 V/locapi_rpc_glue( 1574): Callback received: 1 (cb_id=0x6260000 handle=1)
01-14 12:26:48.676 V/locapi_rpc_glue( 1574): +loc_api_callback_process_sync_call
01-14 12:26:48.676 V/locapi_rpc_glue( 1574): -loc_api_callback_process_sync_call, no sync call in use
01-14 12:26:48.676 D/lib_locapi( 1574): loc_eng_report_position: valid mask = 0x606d, sess status = 1
01-14 12:26:48.676 D/RPC     ( 1574): written RPC packet size: [28]
01-14 12:26:49.337 I/System.out( 2826): Values: 0.0 0.0
01-14 12:26:49.377 D/UsbnetService( 1574): BroadcastReceiver::onReceive+
01-14 12:26:49.387 D/UsbnetService( 1574): onReceive BATTERY_CHANGED
01-14 12:26:49.387 D/UsbnetService( 1574):  --> pluggedType = 2, mPluggedType = 0, mScreenOff = false
01-14 12:26:49.387 D/UsbnetService( 1574): BroadcastReceiver::onReceive-
01-14 12:26:49.387 D/NotificationService( 1574): mIntentReceiver() Intent.ACTION_BATTERY_CHANGED
01-14 12:26:49.397 D/BatteryService( 1574): SendIntentforPowersaver
01-14 12:26:49.407 D/BatteryService( 1574): Current powersaver status == NORMAL_STATUS1 2 2 false
01-14 12:26:49.407 D/RemoveMe( 1673): DCT got intent android.intent.action.BATTERY_CHANGED
01-14 12:26:49.407 D/PowerUI ( 1642): closing low battery warning: level=98
01-14 12:26:49.407 D/PowerUI ( 1642): plugged = true, health = 2, mBatteryLevel = 98, mPluggedBatteryLevel = 98, mLowBatteryWarningLevel2 = 25, mshowLowChargingWarning2 = true
01-14 12:26:49.427 D/RemoveMe( 1673): DCT got intent android.intent.action.BATTERY_CHANGED
01-14 12:26:49.427 D/RemoveMe( 1673): DCT got intent android.intent.action.BATTERY_CHANGED
01-14 12:26:49.537 D/RPC     ( 1574): read RPC packet
01-14 12:26:49.537 D/RPC     ( 1574): read RPC packet size: [272]
01-14 12:26:49.537 V/locapi_rpc_glue( 1574): Callback received: 4 (cb_id=0x6260000 handle=1)
01-14 12:26:49.537 V/locapi_rpc_glue( 1574): +loc_api_callback_process_sync_call
01-14 12:26:49.537 V/locapi_rpc_glue( 1574): -loc_api_callback_process_sync_call, no sync call in use
01-14 12:26:49.537 D/RPC     ( 1574): written RPC packet size: [28]
01-14 12:26:49.537 D/RPC     ( 1574): read RPC packet
01-14 12:26:49.537 D/RPC     ( 1574): read RPC packet size: [272]
01-14 12:26:49.537 V/locapi_rpc_glue( 1574): Callback received: 4 (cb_id=0x6260000 handle=1)
01-14 12:26:49.537 V/locapi_rpc_glue( 1574): +loc_api_callback_process_sync_call
01-14 12:26:49.537 V/locapi_rpc_glue( 1574): -loc_api_callback_process_sync_call, no sync call in use
01-14 12:26:49.537 D/RPC     ( 1574): written RPC packet size: [28]
01-14 12:26:49.537 D/RPC     ( 1574): read RPC packet
01-14 12:26:49.537 D/RPC     ( 1574): read RPC packet size: [272]
01-14 12:26:49.537 V/locapi_rpc_glue( 1574): Callback received: 4 (cb_id=0x6260000 handle=1)
01-14 12:26:49.537 V/locapi_rpc_glue( 1574): +loc_api_callback_process_sync_call
01-14 12:26:49.537 V/locapi_rpc_glue( 1574): -loc_api_callback_process_sync_call, no sync call in use
01-14 12:26:49.537 D/RPC     ( 1574): written RPC packet size: [28]
01-14 12:26:49.537 D/RPC     ( 1574): read RPC packet
01-14 12:26:49.537 D/RPC     ( 1574): read RPC packet size: [272]
01-14 12:26:49.537 V/locapi_rpc_glue( 1574): Callback received: 4 (cb_id=0x6260000 handle=1)
01-14 12:26:49.537 V/locapi_rpc_glue( 1574): +loc_api_callback_process_sync_call
01-14 12:26:49.537 V/locapi_rpc_glue( 1574): -loc_api_callback_process_sync_call, no sync call in use
01-14 12:26:49.537 D/RPC     ( 1574): written RPC packet size: [28]
01-14 12:26:49.537 D/RPC     ( 1574): read RPC packet
01-14 12:26:49.537 D/RPC     ( 1574): read RPC packet size: [96]
01-14 12:26:49.537 V/locapi_rpc_glue( 1574): Callback received: 2 (cb_id=0x6260000 handle=1)
01-14 12:26:49.537 V/locapi_rpc_glue( 1574): +loc_api_callback_process_sync_call
01-14 12:26:49.537 V/locapi_rpc_glue( 1574): -loc_api_callback_process_sync_call, no sync call in use
01-14 12:26:49.537 D/lib_locapi( 1574): loc_eng_report_sv: valid_mask = 0x30, num of sv = 0
01-14 12:26:49.537 D/GpsLocationProvider( 1574): reportSvStatus
01-14 12:26:49.537 V/GpsLocationProvider( 1574): SV count: 0 ephemerisMask: 0 almanacMask: 0
01-14 12:26:49.547 D/RPC     ( 1574): written RPC packet size: [28]
01-14 12:26:49.547 D/RPC     ( 1574): read RPC packet
01-14 12:26:49.547 D/RPC     ( 1574): read RPC packet size: [272]
01-14 12:26:49.547 V/locapi_rpc_glue( 1574): Callback received: 4 (cb_id=0x6260000 handle=1)
01-14 12:26:49.547 V/locapi_rpc_glue( 1574): +loc_api_callback_process_sync_call
01-14 12:26:49.547 V/locapi_rpc_glue( 1574): -loc_api_callback_process_sync_call, no sync call in use
01-14 12:26:49.547 D/RPC     ( 1574): written RPC packet size: [28]
01-14 12:26:49.547 D/RPC     ( 1574): read RPC packet
01-14 12:26:49.547 D/RPC     ( 1574): read RPC packet size: [272]
01-14 12:26:49.557 V/locapi_rpc_glue( 1574): Callback received: 4 (cb_id=0x6260000 handle=1)
01-14 12:26:49.557 V/locapi_rpc_glue( 1574): +loc_api_callback_process_sync_call
01-14 12:26:49.557 V/locapi_rpc_glue( 1574): -loc_api_callback_process_sync_call, no sync call in use
01-14 12:26:49.557 D/RPC     ( 1574): written RPC packet size: [28]
01-14 12:26:49.557 D/RPC     ( 1574): read RPC packet
01-14 12:26:49.557 D/RPC     ( 1574): read RPC packet size: [272]
01-14 12:26:49.557 V/locapi_rpc_glue( 1574): Callback received: 4 (cb_id=0x6260000 handle=1)
01-14 12:26:49.557 V/locapi_rpc_glue( 1574): +loc_api_callback_process_sync_call
01-14 12:26:49.557 V/locapi_rpc_glue( 1574): -loc_api_callback_process_sync_call, no sync call in use
01-14 12:26:49.557 D/RPC     ( 1574): written RPC packet size: [28]
01-14 12:26:49.567 D/RPC     ( 1574): read RPC packet
01-14 12:26:49.567 D/RPC     ( 1574): read RPC packet size: [272]
01-14 12:26:49.567 V/locapi_rpc_glue( 1574): Callback received: 4 (cb_id=0x6260000 handle=1)
01-14 12:26:49.567 V/locapi_rpc_glue( 1574): +loc_api_callback_process_sync_call
01-14 12:26:49.567 V/locapi_rpc_glue( 1574): -loc_api_callback_process_sync_call, no sync call in use
01-14 12:26:49.567 D/RPC     ( 1574): written RPC packet size: [28]
01-14 12:26:49.667 D/RPC     ( 1574): read RPC packet
01-14 12:26:49.667 D/RPC     ( 1574): read RPC packet size: [208]
01-14 12:26:49.677 V/locapi_rpc_glue( 1574): Callback received: 1 (cb_id=0x6260000 handle=1)
01-14 12:26:49.677 V/locapi_rpc_glue( 1574): +loc_api_callback_process_sync_call
01-14 12:26:49.677 V/locapi_rpc_glue( 1574): -loc_api_callback_process_sync_call, no sync call in use
01-14 12:26:49.677 D/lib_locapi( 1574): loc_eng_report_position: valid mask = 0x606d, sess status = 1
01-14 12:26:49.677 D/RPC     ( 1574): written RPC packet size: [28]
01-14 12:26:50.338 I/System.out( 2826): Values: 0.0 0.0
01-14 12:26:50.538 D/RPC     ( 1574): read RPC packet
01-14 12:26:50.538 D/RPC     ( 1574): read RPC packet size: [272]
01-14 12:26:50.538 V/locapi_rpc_glue( 1574): Callback received: 4 (cb_id=0x6260000 handle=1)
01-14 12:26:50.538 V/locapi_rpc_glue( 1574): +loc_api_callback_process_sync_call
01-14 12:26:50.538 V/locapi_rpc_glue( 1574): -loc_api_callback_process_sync_call, no sync call in use
01-14 12:26:50.538 D/RPC     ( 1574): written RPC packet size: [28]
01-14 12:26:50.538 D/RPC     ( 1574): read RPC packet
01-14 12:26:50.538 D/RPC     ( 1574): read RPC packet size: [272]
01-14 12:26:50.538 V/locapi_rpc_glue( 1574): Callback received: 4 (cb_id=0x6260000 handle=1)
01-14 12:26:50.538 V/locapi_rpc_glue( 1574): +loc_api_callback_process_sync_call
01-14 12:26:50.538 V/locapi_rpc_glue( 1574): -loc_api_callback_process_sync_call, no sync call in use
01-14 12:26:50.548 D/RPC     ( 1574): written RPC packet size: [28]
01-14 12:26:50.548 D/RPC     ( 1574): read RPC packet
01-14 12:26:50.548 D/RPC     ( 1574): read RPC packet size: [272]
01-14 12:26:50.548 V/locapi_rpc_glue( 1574): Callback received: 4 (cb_id=0x6260000 handle=1)
01-14 12:26:50.548 V/locapi_rpc_glue( 1574): +loc_api_callback_process_sync_call
01-14 12:26:50.548 V/locapi_rpc_glue( 1574): -loc_api_callback_process_sync_call, no sync call in use
01-14 12:26:50.548 D/RPC     ( 1574): written RPC packet size: [28]
01-14 12:26:50.548 D/RPC     ( 1574): read RPC packet
01-14 12:26:50.548 D/RPC     ( 1574): read RPC packet size: [272]
01-14 12:26:50.558 V/locapi_rpc_glue( 1574): Callback received: 4 (cb_id=0x6260000 handle=1)
01-14 12:26:50.558 V/locapi_rpc_glue( 1574): +loc_api_callback_process_sync_call
01-14 12:26:50.558 V/locapi_rpc_glue( 1574): -loc_api_callback_process_sync_call, no sync call in use
01-14 12:26:50.558 D/RPC     ( 1574): written RPC packet size: [28]
01-14 12:26:50.558 D/RPC     ( 1574): read RPC packet
01-14 12:26:50.558 D/RPC     ( 1574): read RPC packet size: [96]
01-14 12:26:50.558 V/locapi_rpc_glue( 1574): Callback received: 2 (cb_id=0x6260000 handle=1)
01-14 12:26:50.558 V/locapi_rpc_glue( 1574): +loc_api_callback_process_sync_call
01-14 12:26:50.558 V/locapi_rpc_glue( 1574): -loc_api_callback_process_sync_call, no sync call in use
01-14 12:26:50.558 D/lib_locapi( 1574): loc_eng_report_sv: valid_mask = 0x30, num of sv = 0
01-14 12:26:50.568 D/GpsLocationProvider( 1574): reportSvStatus
01-14 12:26:50.568 V/GpsLocationProvider( 1574): SV count: 0 ephemerisMask: 0 almanacMask: 0
01-14 12:26:50.568 D/RPC     ( 1574): written RPC packet size: [28]
01-14 12:26:50.568 D/RPC     ( 1574): read RPC packet
01-14 12:26:50.568 D/RPC     ( 1574): read RPC packet size: [272]
01-14 12:26:50.568 V/locapi_rpc_glue( 1574): Callback received: 4 (cb_id=0x6260000 handle=1)
01-14 12:26:50.578 V/locapi_rpc_glue( 1574): +loc_api_callback_process_sync_call
01-14 12:26:50.578 V/locapi_rpc_glue( 1574): -loc_api_callback_process_sync_call, no sync call in use
01-14 12:26:50.578 D/RPC     ( 1574): written RPC packet size: [28]
01-14 12:26:50.578 D/RPC     ( 1574): read RPC packet
01-14 12:26:50.578 D/RPC     ( 1574): read RPC packet size: [272]
01-14 12:26:50.578 V/locapi_rpc_glue( 1574): Callback received: 4 (cb_id=0x6260000 handle=1)
01-14 12:26:50.578 V/locapi_rpc_glue( 1574): +loc_api_callback_process_sync_call
01-14 12:26:50.578 V/locapi_rpc_glue( 1574): -loc_api_callback_process_sync_call, no sync call in use
01-14 12:26:50.578 D/RPC     ( 1574): written RPC packet size: [28]
01-14 12:26:50.578 D/RPC     ( 1574): read RPC packet
01-14 12:26:50.588 D/RPC     ( 1574): read RPC packet size: [272]
01-14 12:26:50.588 V/locapi_rpc_glue( 1574): Callback received: 4 (cb_id=0x6260000 handle=1)
01-14 12:26:50.588 V/locapi_rpc_glue( 1574): +loc_api_callback_process_sync_call
01-14 12:26:50.588 V/locapi_rpc_glue( 1574): -loc_api_callback_process_sync_call, no sync call in use
01-14 12:26:50.588 D/RPC     ( 1574): written RPC packet size: [28]
01-14 12:26:50.588 D/RPC     ( 1574): read RPC packet
01-14 12:26:50.588 D/RPC     ( 1574): read RPC packet size: [272]
01-14 12:26:50.588 V/locapi_rpc_glue( 1574): Callback received: 4 (cb_id=0x6260000 handle=1)
01-14 12:26:50.598 V/locapi_rpc_glue( 1574): +loc_api_callback_process_sync_call
01-14 12:26:50.598 V/locapi_rpc_glue( 1574): -loc_api_callback_process_sync_call, no sync call in use
01-14 12:26:50.598 D/RPC     ( 1574): written RPC packet size: [28]
01-14 12:26:50.678 D/RPC     ( 1574): read RPC packet
01-14 12:26:50.678 D/RPC     ( 1574): read RPC packet size: [208]
01-14 12:26:50.678 V/locapi_rpc_glue( 1574): Callback received: 1 (cb_id=0x6260000 handle=1)
01-14 12:26:50.678 V/locapi_rpc_glue( 1574): +loc_api_callback_process_sync_call
01-14 12:26:50.678 V/locapi_rpc_glue( 1574): -loc_api_callback_process_sync_call, no sync call in use
01-14 12:26:50.678 D/lib_locapi( 1574): loc_eng_report_position: valid mask = 0x606d, sess status = 1
01-14 12:26:50.678 D/RPC     ( 1574): written RPC packet size: [28]
01-14 12:26:51.329 I/System.out( 2826): Values: 0.0 0.0
01-14 12:26:51.529 D/RPC     ( 1574): read RPC packet
01-14 12:26:51.529 D/RPC     ( 1574): read RPC packet size: [272]
01-14 12:26:51.529 V/locapi_rpc_glue( 1574): Callback received: 4 (cb_id=0x6260000 handle=1)
01-14 12:26:51.529 V/locapi_rpc_glue( 1574): +loc_api_callback_process_sync_call
01-14 12:26:51.529 V/locapi_rpc_glue( 1574): -loc_api_callback_process_sync_call, no sync call in use
01-14 12:26:51.529 D/RPC     ( 1574): written RPC packet size: [28]
01-14 12:26:51.529 D/RPC     ( 1574): read RPC packet
01-14 12:26:51.529 D/RPC     ( 1574): read RPC packet size: [272]
01-14 12:26:51.529 V/locapi_rpc_glue( 1574): Callback received: 4 (cb_id=0x6260000 handle=1)
01-14 12:26:51.529 V/locapi_rpc_glue( 1574): +loc_api_callback_process_sync_call
01-14 12:26:51.529 V/locapi_rpc_glue( 1574): -loc_api_callback_process_sync_call, no sync call in use
01-14 12:26:51.539 D/RPC     ( 1574): written RPC packet size: [28]
01-14 12:26:51.539 D/RPC     ( 1574): read RPC packet
01-14 12:26:51.539 D/RPC     ( 1574): read RPC packet size: [272]
01-14 12:26:51.539 V/locapi_rpc_glue( 1574): Callback received: 4 (cb_id=0x6260000 handle=1)
01-14 12:26:51.539 V/locapi_rpc_glue( 1574): +loc_api_callback_process_sync_call
01-14 12:26:51.539 V/locapi_rpc_glue( 1574): -loc_api_callback_process_sync_call, no sync call in use
01-14 12:26:51.539 D/RPC     ( 1574): written RPC packet size: [28]
01-14 12:26:51.539 D/RPC     ( 1574): read RPC packet
01-14 12:26:51.539 D/RPC     ( 1574): read RPC packet size: [272]
01-14 12:26:51.549 V/locapi_rpc_glue( 1574): Callback received: 4 (cb_id=0x6260000 handle=1)
01-14 12:26:51.549 V/locapi_rpc_glue( 1574): +loc_api_callback_process_sync_call
01-14 12:26:51.549 V/locapi_rpc_glue( 1574): -loc_api_callback_process_sync_call, no sync call in use
01-14 12:26:51.549 D/RPC     ( 1574): written RPC packet size: [28]
01-14 12:26:51.559 D/RPC     ( 1574): read RPC packet
01-14 12:26:51.559 D/RPC     ( 1574): read RPC packet size: [96]
01-14 12:26:51.559 V/locapi_rpc_glue( 1574): Callback received: 2 (cb_id=0x6260000 handle=1)
01-14 12:26:51.559 V/locapi_rpc_glue( 1574): +loc_api_callback_process_sync_call
01-14 12:26:51.559 V/locapi_rpc_glue( 1574): -loc_api_callback_process_sync_call, no sync call in use
01-14 12:26:51.559 D/lib_locapi( 1574): loc_eng_report_sv: valid_mask = 0x30, num of sv = 0
01-14 12:26:51.559 D/GpsLocationProvider( 1574): reportSvStatus
01-14 12:26:51.559 V/GpsLocationProvider( 1574): SV count: 0 ephemerisMask: 0 almanacMask: 0
01-14 12:26:51.559 D/RPC     ( 1574): written RPC packet size: [28]
01-14 12:26:51.569 D/RPC     ( 1574): read RPC packet
01-14 12:26:51.569 D/RPC     ( 1574): read RPC packet size: [272]
01-14 12:26:51.569 V/locapi_rpc_glue( 1574): Callback received: 4 (cb_id=0x6260000 handle=1)
01-14 12:26:51.569 V/locapi_rpc_glue( 1574): +loc_api_callback_process_sync_call
01-14 12:26:51.569 V/locapi_rpc_glue( 1574): -loc_api_callback_process_sync_call, no sync call in use
01-14 12:26:51.569 D/RPC     ( 1574): written RPC packet size: [28]
01-14 12:26:51.569 D/RPC     ( 1574): read RPC packet
01-14 12:26:51.569 D/RPC     ( 1574): read RPC packet size: [272]
01-14 12:26:51.569 V/locapi_rpc_glue( 1574): Callback received: 4 (cb_id=0x6260000 handle=1)
01-14 12:26:51.579 V/locapi_rpc_glue( 1574): +loc_api_callback_process_sync_call
01-14 12:26:51.579 V/locapi_rpc_glue( 1574): -loc_api_callback_process_sync_call, no sync call in use
01-14 12:26:51.579 D/RPC     ( 1574): written RPC packet size: [28]
01-14 12:26:51.579 D/RPC     ( 1574): read RPC packet
01-14 12:26:51.579 D/RPC     ( 1574): read RPC packet size: [272]
01-14 12:26:51.579 V/locapi_rpc_glue( 1574): Callback received: 4 (cb_id=0x6260000 handle=1)
01-14 12:26:51.579 V/locapi_rpc_glue( 1574): +loc_api_callback_process_sync_call
01-14 12:26:51.579 V/locapi_rpc_glue( 1574): -loc_api_callback_process_sync_call, no sync call in use
01-14 12:26:51.579 D/RPC     ( 1574): written RPC packet size: [28]
01-14 12:26:51.579 D/RPC     ( 1574): read RPC packet
01-14 12:26:51.589 D/RPC     ( 1574): read RPC packet size: [272]
01-14 12:26:51.589 V/locapi_rpc_glue( 1574): Callback received: 4 (cb_id=0x6260000 handle=1)
01-14 12:26:51.589 V/locapi_rpc_glue( 1574): +loc_api_callback_process_sync_call
01-14 12:26:51.589 V/locapi_rpc_glue( 1574): -loc_api_callback_process_sync_call, no sync call in use
01-14 12:26:51.589 D/RPC     ( 1574): written RPC packet size: [28]
01-14 12:26:51.669 D/RPC     ( 1574): read RPC packet
01-14 12:26:51.669 D/RPC     ( 1574): read RPC packet size: [208]
01-14 12:26:51.669 V/locapi_rpc_glue( 1574): Callback received: 1 (cb_id=0x6260000 handle=1)
01-14 12:26:51.669 V/locapi_rpc_glue( 1574): +loc_api_callback_process_sync_call
01-14 12:26:51.669 V/locapi_rpc_glue( 1574): -loc_api_callback_process_sync_call, no sync call in use
01-14 12:26:51.669 D/lib_locapi( 1574): loc_eng_report_position: valid mask = 0x606d, sess status = 1
01-14 12:26:51.669 D/RPC     ( 1574): written RPC packet size: [28]
01-14 12:26:52.330 I/System.out( 2826): Values: 0.0 0.0
01-14 12:26:52.530 D/RPC     ( 1574): read RPC packet
01-14 12:26:52.530 D/RPC     ( 1574): read RPC packet size: [272]
01-14 12:26:52.530 V/locapi_rpc_glue( 1574): Callback received: 4 (cb_id=0x6260000 handle=1)
01-14 12:26:52.530 V/locapi_rpc_glue( 1574): +loc_api_callback_process_sync_call
01-14 12:26:52.530 V/locapi_rpc_glue( 1574): -loc_api_callback_process_sync_call, no sync call in use
01-14 12:26:52.530 D/RPC     ( 1574): written RPC packet size: [28]
01-14 12:26:52.530 D/RPC     ( 1574): read RPC packet
01-14 12:26:52.530 D/RPC     ( 1574): read RPC packet size: [272]
01-14 12:26:52.530 V/locapi_rpc_glue( 1574): Callback received: 4 (cb_id=0x6260000 handle=1)
01-14 12:26:52.530 V/locapi_rpc_glue( 1574): +loc_api_callback_process_sync_call
01-14 12:26:52.540 V/locapi_rpc_glue( 1574): -loc_api_callback_process_sync_call, no sync call in use
01-14 12:26:52.540 D/RPC     ( 1574): written RPC packet size: [28]
01-14 12:26:52.540 D/RPC     ( 1574): read RPC packet
01-14 12:26:52.540 D/RPC     ( 1574): read RPC packet size: [272]
01-14 12:26:52.540 V/locapi_rpc_glue( 1574): Callback received: 4 (cb_id=0x6260000 handle=1)
01-14 12:26:52.540 V/locapi_rpc_glue( 1574): +loc_api_callback_process_sync_call
01-14 12:26:52.540 V/locapi_rpc_glue( 1574): -loc_api_callback_process_sync_call, no sync call in use
01-14 12:26:52.540 D/RPC     ( 1574): written RPC packet size: [28]
01-14 12:26:52.540 D/RPC     ( 1574): read RPC packet
01-14 12:26:52.550 D/RPC     ( 1574): read RPC packet size: [272]
01-14 12:26:52.550 V/locapi_rpc_glue( 1574): Callback received: 4 (cb_id=0x6260000 handle=1)
01-14 12:26:52.550 V/locapi_rpc_glue( 1574): +loc_api_callback_process_sync_call
01-14 12:26:52.550 V/locapi_rpc_glue( 1574): -loc_api_callback_process_sync_call, no sync call in use
01-14 12:26:52.550 D/RPC     ( 1574): written RPC packet size: [28]
01-14 12:26:52.550 D/RPC     ( 1574): read RPC packet
01-14 12:26:52.550 D/RPC     ( 1574): read RPC packet size: [96]
01-14 12:26:52.550 V/locapi_rpc_glue( 1574): Callback received: 2 (cb_id=0x6260000 handle=1)
01-14 12:26:52.550 V/locapi_rpc_glue( 1574): +loc_api_callback_process_sync_call
01-14 12:26:52.550 V/locapi_rpc_glue( 1574): -loc_api_callback_process_sync_call, no sync call in use
01-14 12:26:52.560 D/lib_locapi( 1574): loc_eng_report_sv: valid_mask = 0x30, num of sv = 0
01-14 12:26:52.560 D/GpsLocationProvider( 1574): reportSvStatus
01-14 12:26:52.560 V/GpsLocationProvider( 1574): SV count: 0 ephemerisMask: 0 almanacMask: 0
01-14 12:26:52.560 D/RPC     ( 1574): written RPC packet size: [28]
01-14 12:26:52.560 D/RPC     ( 1574): read RPC packet
01-14 12:26:52.560 D/RPC     ( 1574): read RPC packet size: [272]
01-14 12:26:52.560 V/locapi_rpc_glue( 1574): Callback received: 4 (cb_id=0x6260000 handle=1)
01-14 12:26:52.570 V/locapi_rpc_glue( 1574): +loc_api_callback_process_sync_call
01-14 12:26:52.570 V/locapi_rpc_glue( 1574): -loc_api_callback_process_sync_call, no sync call in use
01-14 12:26:52.570 D/RPC     ( 1574): written RPC packet size: [28]
01-14 12:26:52.570 D/RPC     ( 1574): read RPC packet
01-14 12:26:52.570 D/RPC     ( 1574): read RPC packet size: [272]
01-14 12:26:52.570 V/locapi_rpc_glue( 1574): Callback received: 4 (cb_id=0x6260000 handle=1)
01-14 12:26:52.570 V/locapi_rpc_glue( 1574): +loc_api_callback_process_sync_call
01-14 12:26:52.570 V/locapi_rpc_glue( 1574): -loc_api_callback_process_sync_call, no sync call in use
01-14 12:26:52.570 D/RPC     ( 1574): written RPC packet size: [28]
01-14 12:26:52.580 D/RPC     ( 1574): read RPC packet
01-14 12:26:52.580 D/RPC     ( 1574): read RPC packet size: [272]
01-14 12:26:52.580 V/locapi_rpc_glue( 1574): Callback received: 4 (cb_id=0x6260000 handle=1)
01-14 12:26:52.580 V/locapi_rpc_glue( 1574): +loc_api_callback_process_sync_call
01-14 12:26:52.580 V/locapi_rpc_glue( 1574): -loc_api_callback_process_sync_call, no sync call in use
01-14 12:26:52.580 D/RPC     ( 1574): written RPC packet size: [28]
01-14 12:26:52.580 D/RPC     ( 1574): read RPC packet
01-14 12:26:52.580 D/RPC     ( 1574): read RPC packet size: [272]
01-14 12:26:52.580 V/locapi_rpc_glue( 1574): Callback received: 4 (cb_id=0x6260000 handle=1)
01-14 12:26:52.590 V/locapi_rpc_glue( 1574): +loc_api_callback_process_sync_call
01-14 12:26:52.590 V/locapi_rpc_glue( 1574): -loc_api_callback_process_sync_call, no sync call in use
01-14 12:26:52.590 D/RPC     ( 1574): written RPC packet size: [28]
01-14 12:26:52.670 D/RPC     ( 1574): read RPC packet
01-14 12:26:52.670 D/RPC     ( 1574): read RPC packet size: [208]
01-14 12:26:52.670 V/locapi_rpc_glue( 1574): Callback received: 1 (cb_id=0x6260000 handle=1)
01-14 12:26:52.670 V/locapi_rpc_glue( 1574): +loc_api_callback_process_sync_call
01-14 12:26:52.670 V/locapi_rpc_glue( 1574): -loc_api_callback_process_sync_call, no sync call in use
01-14 12:26:52.680 D/lib_locapi( 1574): loc_eng_report_position: valid mask = 0x606d, sess status = 1
01-14 12:26:52.680 D/RPC     ( 1574): written RPC packet size: [28]
01-14 12:26:53.331 I/System.out( 2826): Values: 0.0 0.0
01-14 12:26:53.531 D/RPC     ( 1574): read RPC packet
01-14 12:26:53.531 D/RPC     ( 1574): read RPC packet size: [272]
01-14 12:26:53.531 V/locapi_rpc_glue( 1574): Callback received: 4 (cb_id=0x6260000 handle=1)
01-14 12:26:53.531 V/locapi_rpc_glue( 1574): +loc_api_callback_process_sync_call
01-14 12:26:53.531 V/locapi_rpc_glue( 1574): -loc_api_callback_process_sync_call, no sync call in use
01-14 12:26:53.531 D/RPC     ( 1574): written RPC packet size: [28]
01-14 12:26:53.531 D/RPC     ( 1574): read RPC packet
01-14 12:26:53.531 D/RPC     ( 1574): read RPC packet size: [272]
01-14 12:26:53.531 V/locapi_rpc_glue( 1574): Callback received: 4 (cb_id=0x6260000 handle=1)
01-14 12:26:53.531 V/locapi_rpc_glue( 1574): +loc_api_callback_process_sync_call
01-14 12:26:53.541 V/locapi_rpc_glue( 1574): -loc_api_callback_process_sync_call, no sync call in use
01-14 12:26:53.541 D/RPC     ( 1574): written RPC packet size: [28]
01-14 12:26:53.541 D/RPC     ( 1574): read RPC packet
01-14 12:26:53.541 D/RPC     ( 1574): read RPC packet size: [272]
01-14 12:26:53.541 V/locapi_rpc_glue( 1574): Callback received: 4 (cb_id=0x6260000 handle=1)
01-14 12:26:53.541 V/locapi_rpc_glue( 1574): +loc_api_callback_process_sync_call
01-14 12:26:53.541 V/locapi_rpc_glue( 1574): -loc_api_callback_process_sync_call, no sync call in use
01-14 12:26:53.541 D/RPC     ( 1574): written RPC packet size: [28]
01-14 12:26:53.541 D/RPC     ( 1574): read RPC packet
01-14 12:26:53.551 D/RPC     ( 1574): read RPC packet size: [272]
01-14 12:26:53.551 V/locapi_rpc_glue( 1574): Callback received: 4 (cb_id=0x6260000 handle=1)
01-14 12:26:53.551 V/locapi_rpc_glue( 1574): +loc_api_callback_process_sync_call
01-14 12:26:53.551 V/locapi_rpc_glue( 1574): -loc_api_callback_process_sync_call, no sync call in use
01-14 12:26:53.551 D/RPC     ( 1574): written RPC packet size: [28]
01-14 12:26:53.551 D/RPC     ( 1574): read RPC packet
01-14 12:26:53.551 D/RPC     ( 1574): read RPC packet size: [96]
01-14 12:26:53.551 V/locapi_rpc_glue( 1574): Callback received: 2 (cb_id=0x6260000 handle=1)
01-14 12:26:53.551 V/locapi_rpc_glue( 1574): +loc_api_callback_process_sync_call
01-14 12:26:53.551 V/locapi_rpc_glue( 1574): -loc_api_callback_process_sync_call, no sync call in use
01-14 12:26:53.561 D/lib_locapi( 1574): loc_eng_report_sv: valid_mask = 0x30, num of sv = 0
01-14 12:26:53.561 D/GpsLocationProvider( 1574): reportSvStatus
01-14 12:26:53.561 V/GpsLocationProvider( 1574): SV count: 0 ephemerisMask: 0 almanacMask: 0
01-14 12:26:53.561 D/RPC     ( 1574): written RPC packet size: [28]
01-14 12:26:53.561 D/RPC     ( 1574): read RPC packet
01-14 12:26:53.561 D/RPC     ( 1574): read RPC packet size: [272]
01-14 12:26:53.571 V/locapi_rpc_glue( 1574): Callback received: 4 (cb_id=0x6260000 handle=1)
01-14 12:26:53.571 V/locapi_rpc_glue( 1574): +loc_api_callback_process_sync_call
01-14 12:26:53.571 V/locapi_rpc_glue( 1574): -loc_api_callback_process_sync_call, no sync call in use
01-14 12:26:53.571 D/RPC     ( 1574): written RPC packet size: [28]
01-14 12:26:53.571 D/RPC     ( 1574): read RPC packet
01-14 12:26:53.571 D/RPC     ( 1574): read RPC packet size: [272]
01-14 12:26:53.571 V/locapi_rpc_glue( 1574): Callback received: 4 (cb_id=0x6260000 handle=1)
01-14 12:26:53.571 V/locapi_rpc_glue( 1574): +loc_api_callback_process_sync_call
01-14 12:26:53.571 V/locapi_rpc_glue( 1574): -loc_api_callback_process_sync_call, no sync call in use
01-14 12:26:53.581 D/RPC     ( 1574): written RPC packet size: [28]
01-14 12:26:53.581 D/RPC     ( 1574): read RPC packet
01-14 12:26:53.581 D/RPC     ( 1574): read RPC packet size: [272]
01-14 12:26:53.581 V/locapi_rpc_glue( 1574): Callback received: 4 (cb_id=0x6260000 handle=1)
01-14 12:26:53.581 V/locapi_rpc_glue( 1574): +loc_api_callback_process_sync_call
01-14 12:26:53.581 V/locapi_rpc_glue( 1574): -loc_api_callback_process_sync_call, no sync call in use
01-14 12:26:53.581 D/RPC     ( 1574): written RPC packet size: [28]
01-14 12:26:53.581 D/RPC     ( 1574): read RPC packet
01-14 12:26:53.591 D/RPC     ( 1574): read RPC packet size: [272]
01-14 12:26:53.591 V/locapi_rpc_glue( 1574): Callback received: 4 (cb_id=0x6260000 handle=1)
01-14 12:26:53.591 V/locapi_rpc_glue( 1574): +loc_api_callback_process_sync_call
01-14 12:26:53.591 V/locapi_rpc_glue( 1574): -loc_api_callback_process_sync_call, no sync call in use
01-14 12:26:53.591 D/RPC     ( 1574): written RPC packet size: [28]
01-14 12:26:53.671 D/RPC     ( 1574): read RPC packet
01-14 12:26:53.671 D/RPC     ( 1574): read RPC packet size: [208]
01-14 12:26:53.671 V/locapi_rpc_glue( 1574): Callback received: 1 (cb_id=0x6260000 handle=1)
01-14 12:26:53.671 V/locapi_rpc_glue( 1574): +loc_api_callback_process_sync_call
01-14 12:26:53.681 V/locapi_rpc_glue( 1574): -loc_api_callback_process_sync_call, no sync call in use
01-14 12:26:53.681 D/lib_locapi( 1574): loc_eng_report_position: valid mask = 0x606d, sess status = 1
01-14 12:26:53.681 D/RPC     ( 1574): written RPC packet size: [28]
01-14 12:26:54.332 I/System.out( 2826): Values: 0.0 0.0
01-14 12:26:54.522 D/RPC     ( 1574): read RPC packet
01-14 12:26:54.532 D/RPC     ( 1574): read RPC packet size: [272]
01-14 12:26:54.532 V/locapi_rpc_glue( 1574): Callback received: 4 (cb_id=0x6260000 handle=1)
01-14 12:26:54.532 V/locapi_rpc_glue( 1574): +loc_api_callback_process_sync_call
01-14 12:26:54.532 V/locapi_rpc_glue( 1574): -loc_api_callback_process_sync_call, no sync call in use
01-14 12:26:54.532 D/RPC     ( 1574): written RPC packet size: [28]
01-14 12:26:54.532 D/RPC     ( 1574): read RPC packet
01-14 12:26:54.532 D/RPC     ( 1574): read RPC packet size: [272]
01-14 12:26:54.532 V/locapi_rpc_glue( 1574): Callback received: 4 (cb_id=0x6260000 handle=1)
01-14 12:26:54.542 V/locapi_rpc_glue( 1574): +loc_api_callback_process_sync_call
01-14 12:26:54.542 V/locapi_rpc_glue( 1574): -loc_api_callback_process_sync_call, no sync call in use
01-14 12:26:54.542 D/RPC     ( 1574): written RPC packet size: [28]
01-14 12:26:54.542 D/RPC     ( 1574): read RPC packet
01-14 12:26:54.542 D/RPC     ( 1574): read RPC packet size: [272]
01-14 12:26:54.552 V/locapi_rpc_glue( 1574): Callback received: 4 (cb_id=0x6260000 handle=1)
01-14 12:26:54.552 V/locapi_rpc_glue( 1574): +loc_api_callback_process_sync_call
01-14 12:26:54.552 V/locapi_rpc_glue( 1574): -loc_api_callback_process_sync_call, no sync call in use
01-14 12:26:54.552 D/RPC     ( 1574): written RPC packet size: [28]
01-14 12:26:54.552 D/RPC     ( 1574): read RPC packet
01-14 12:26:54.552 D/RPC     ( 1574): read RPC packet size: [272]
01-14 12:26:54.552 V/locapi_rpc_glue( 1574): Callback received: 4 (cb_id=0x6260000 handle=1)
01-14 12:26:54.552 V/locapi_rpc_glue( 1574): +loc_api_callback_process_sync_call
01-14 12:26:54.562 V/locapi_rpc_glue( 1574): -loc_api_callback_process_sync_call, no sync call in use
01-14 12:26:54.562 D/RPC     ( 1574): written RPC packet size: [28]
01-14 12:26:54.572 D/RPC     ( 1574): read RPC packet
01-14 12:26:54.582 D/RPC     ( 1574): read RPC packet size: [96]
01-14 12:26:54.582 V/locapi_rpc_glue( 1574): Callback received: 2 (cb_id=0x6260000 handle=1)
01-14 12:26:54.582 V/locapi_rpc_glue( 1574): +loc_api_callback_process_sync_call
01-14 12:26:54.582 V/locapi_rpc_glue( 1574): -loc_api_callback_process_sync_call, no sync call in use
01-14 12:26:54.582 D/lib_locapi( 1574): loc_eng_report_sv: valid_mask = 0x30, num of sv = 0
01-14 12:26:54.582 D/GpsLocationProvider( 1574): reportSvStatus
01-14 12:26:54.582 V/GpsLocationProvider( 1574): SV count: 0 ephemerisMask: 0 almanacMask: 0
01-14 12:26:54.592 D/RPC     ( 1574): written RPC packet size: [28]
01-14 12:26:54.592 D/RPC     ( 1574): read RPC packet
01-14 12:26:54.592 D/RPC     ( 1574): read RPC packet size: [272]
01-14 12:26:54.592 V/locapi_rpc_glue( 1574): Callback received: 4 (cb_id=0x6260000 handle=1)
01-14 12:26:54.592 V/locapi_rpc_glue( 1574): +loc_api_callback_process_sync_call
01-14 12:26:54.592 V/locapi_rpc_glue( 1574): -loc_api_callback_process_sync_call, no sync call in use
01-14 12:26:54.592 D/RPC     ( 1574): written RPC packet size: [28]
01-14 12:26:54.602 D/RPC     ( 1574): read RPC packet
01-14 12:26:54.602 D/RPC     ( 1574): read RPC packet size: [272]
01-14 12:26:54.602 V/locapi_rpc_glue( 1574): Callback received: 4 (cb_id=0x6260000 handle=1)
01-14 12:26:54.602 V/locapi_rpc_glue( 1574): +loc_api_callback_process_sync_call
01-14 12:26:54.602 V/locapi_rpc_glue( 1574): -loc_api_callback_process_sync_call, no sync call in use
01-14 12:26:54.602 D/RPC     ( 1574): written RPC packet size: [28]
01-14 12:26:54.602 D/RPC     ( 1574): read RPC packet
01-14 12:26:54.602 D/RPC     ( 1574): read RPC packet size: [272]
01-14 12:26:54.602 V/locapi_rpc_glue( 1574): Callback received: 4 (cb_id=0x6260000 handle=1)
01-14 12:26:54.612 V/locapi_rpc_glue( 1574): +loc_api_callback_process_sync_call
01-14 12:26:54.612 V/locapi_rpc_glue( 1574): -loc_api_callback_process_sync_call, no sync call in use
01-14 12:26:54.612 D/RPC     ( 1574): written RPC packet size: [28]
01-14 12:26:54.612 D/RPC     ( 1574): read RPC packet
01-14 12:26:54.612 D/RPC     ( 1574): read RPC packet size: [272]
01-14 12:26:54.612 V/locapi_rpc_glue( 1574): Callback received: 4 (cb_id=0x6260000 handle=1)
01-14 12:26:54.612 V/locapi_rpc_glue( 1574): +loc_api_callback_process_sync_call
01-14 12:26:54.612 V/locapi_rpc_glue( 1574): -loc_api_callback_process_sync_call, no sync call in use
01-14 12:26:54.622 D/RPC     ( 1574): written RPC packet size: [28]
01-14 12:26:54.672 D/RPC     ( 1574): read RPC packet
01-14 12:26:54.672 D/RPC     ( 1574): read RPC packet size: [208]
01-14 12:26:54.672 V/locapi_rpc_glue( 1574): Callback received: 1 (cb_id=0x6260000 handle=1)
01-14 12:26:54.672 V/locapi_rpc_glue( 1574): +loc_api_callback_process_sync_call
01-14 12:26:54.682 V/locapi_rpc_glue( 1574): -loc_api_callback_process_sync_call, no sync call in use
01-14 12:26:54.682 D/lib_locapi( 1574): loc_eng_report_position: valid mask = 0x606d, sess status = 1
01-14 12:26:54.682 D/RPC     ( 1574): written RPC packet size: [28]
01-14 12:26:55.333 I/System.out( 2826): Values: 0.0 0.0
01-14 12:26:55.533 D/RPC     ( 1574): read RPC packet
01-14 12:26:55.533 D/RPC     ( 1574): read RPC packet size: [272]
01-14 12:26:55.533 V/locapi_rpc_glue( 1574): Callback received: 4 (cb_id=0x6260000 handle=1)
01-14 12:26:55.533 V/locapi_rpc_glue( 1574): +loc_api_callback_process_sync_call
01-14 12:26:55.533 V/locapi_rpc_glue( 1574): -loc_api_callback_process_sync_call, no sync call in use
01-14 12:26:55.533 D/RPC     ( 1574): written RPC packet size: [28]
01-14 12:26:55.533 D/RPC     ( 1574): read RPC packet
01-14 12:26:55.533 D/RPC     ( 1574): read RPC packet size: [272]
01-14 12:26:55.533 V/locapi_rpc_glue( 1574): Callback received: 4 (cb_id=0x6260000 handle=1)
01-14 12:26:55.543 V/locapi_rpc_glue( 1574): +loc_api_callback_process_sync_call
01-14 12:26:55.543 V/locapi_rpc_glue( 1574): -loc_api_callback_process_sync_call, no sync call in use
01-14 12:26:55.543 D/RPC     ( 1574): written RPC packet size: [28]
01-14 12:26:55.543 D/RPC     ( 1574): read RPC packet
01-14 12:26:55.543 D/RPC     ( 1574): read RPC packet size: [272]
01-14 12:26:55.543 V/locapi_rpc_glue( 1574): Callback received: 4 (cb_id=0x6260000 handle=1)
01-14 12:26:55.553 V/locapi_rpc_glue( 1574): +loc_api_callback_process_sync_call
01-14 12:26:55.553 V/locapi_rpc_glue( 1574): -loc_api_callback_process_sync_call, no sync call in use
01-14 12:26:55.553 D/RPC     ( 1574): written RPC packet size: [28]
01-14 12:26:55.553 D/RPC     ( 1574): read RPC packet
01-14 12:26:55.553 D/RPC     ( 1574): read RPC packet size: [272]
01-14 12:26:55.553 V/locapi_rpc_glue( 1574): Callback received: 4 (cb_id=0x6260000 handle=1)
01-14 12:26:55.553 V/locapi_rpc_glue( 1574): +loc_api_callback_process_sync_call
01-14 12:26:55.563 V/locapi_rpc_glue( 1574): -loc_api_callback_process_sync_call, no sync call in use
01-14 12:26:55.563 D/RPC     ( 1574): written RPC packet size: [28]
01-14 12:26:55.563 D/RPC     ( 1574): read RPC packet
01-14 12:26:55.563 D/RPC     ( 1574): read RPC packet size: [96]
01-14 12:26:55.563 V/locapi_rpc_glue( 1574): Callback received: 2 (cb_id=0x6260000 handle=1)
01-14 12:26:55.563 V/locapi_rpc_glue( 1574): +loc_api_callback_process_sync_call
01-14 12:26:55.563 V/locapi_rpc_glue( 1574): -loc_api_callback_process_sync_call, no sync call in use
01-14 12:26:55.563 D/lib_locapi( 1574): loc_eng_report_sv: valid_mask = 0x30, num of sv = 0
01-14 12:26:55.563 D/GpsLocationProvider( 1574): reportSvStatus
01-14 12:26:55.573 V/GpsLocationProvider( 1574): SV count: 0 ephemerisMask: 0 almanacMask: 0
01-14 12:26:55.573 D/RPC     ( 1574): written RPC packet size: [28]
01-14 12:26:55.573 D/RPC     ( 1574): read RPC packet
01-14 12:26:55.573 D/RPC     ( 1574): read RPC packet size: [272]
01-14 12:26:55.573 V/locapi_rpc_glue( 1574): Callback received: 4 (cb_id=0x6260000 handle=1)
01-14 12:26:55.573 V/locapi_rpc_glue( 1574): +loc_api_callback_process_sync_call
01-14 12:26:55.583 V/locapi_rpc_glue( 1574): -loc_api_callback_process_sync_call, no sync call in use
01-14 12:26:55.583 D/RPC     ( 1574): written RPC packet size: [28]
01-14 12:26:55.583 D/RPC     ( 1574): read RPC packet
01-14 12:26:55.583 D/RPC     ( 1574): read RPC packet size: [272]
01-14 12:26:55.583 V/locapi_rpc_glue( 1574): Callback received: 4 (cb_id=0x6260000 handle=1)
01-14 12:26:55.583 V/locapi_rpc_glue( 1574): +loc_api_callback_process_sync_call
01-14 12:26:55.583 V/locapi_rpc_glue( 1574): -loc_api_callback_process_sync_call, no sync call in use
01-14 12:26:55.583 D/RPC     ( 1574): written RPC packet size: [28]
01-14 12:26:55.593 D/RPC     ( 1574): read RPC packet
01-14 12:26:55.593 D/RPC     ( 1574): read RPC packet size: [272]
01-14 12:26:55.593 V/locapi_rpc_glue( 1574): Callback received: 4 (cb_id=0x6260000 handle=1)
01-14 12:26:55.593 V/locapi_rpc_glue( 1574): +loc_api_callback_process_sync_call
01-14 12:26:55.593 V/locapi_rpc_glue( 1574): -loc_api_callback_process_sync_call, no sync call in use
01-14 12:26:55.593 D/RPC     ( 1574): written RPC packet size: [28]
01-14 12:26:55.593 D/RPC     ( 1574): read RPC packet
01-14 12:26:55.593 D/RPC     ( 1574): read RPC packet size: [272]
01-14 12:26:55.603 V/locapi_rpc_glue( 1574): Callback received: 4 (cb_id=0x6260000 handle=1)
01-14 12:26:55.603 V/locapi_rpc_glue( 1574): +loc_api_callback_process_sync_call
01-14 12:26:55.603 V/locapi_rpc_glue( 1574): -loc_api_callback_process_sync_call, no sync call in use
01-14 12:26:55.603 D/RPC     ( 1574): written RPC packet size: [28]
01-14 12:26:55.673 D/RPC     ( 1574): read RPC packet
01-14 12:26:55.673 D/RPC     ( 1574): read RPC packet size: [208]
01-14 12:26:55.673 V/locapi_rpc_glue( 1574): Callback received: 1 (cb_id=0x6260000 handle=1)
01-14 12:26:55.673 V/locapi_rpc_glue( 1574): +loc_api_callback_process_sync_call
01-14 12:26:55.683 V/locapi_rpc_glue( 1574): -loc_api_callback_process_sync_call, no sync call in use
01-14 12:26:55.683 D/lib_locapi( 1574): loc_eng_report_position: valid mask = 0x606d, sess status = 1
01-14 12:26:55.683 D/RPC     ( 1574): written RPC packet size: [28]
01-14 12:26:56.334 I/System.out( 2826): Values: 0.0 0.0
01-14 12:26:56.534 D/RPC     ( 1574): read RPC packet
01-14 12:26:56.534 D/RPC     ( 1574): read RPC packet size: [272]
01-14 12:26:56.534 V/locapi_rpc_glue( 1574): Callback received: 4 (cb_id=0x6260000 handle=1)
01-14 12:26:56.534 V/locapi_rpc_glue( 1574): +loc_api_callback_process_sync_call
01-14 12:26:56.534 V/locapi_rpc_glue( 1574): -loc_api_callback_process_sync_call, no sync call in use
01-14 12:26:56.534 D/RPC     ( 1574): written RPC packet size: [28]
01-14 12:26:56.534 D/RPC     ( 1574): read RPC packet
01-14 12:26:56.534 D/RPC     ( 1574): read RPC packet size: [272]
01-14 12:26:56.534 V/locapi_rpc_glue( 1574): Callback received: 4 (cb_id=0x6260000 handle=1)
01-14 12:26:56.544 V/locapi_rpc_glue( 1574): +loc_api_callback_process_sync_call
01-14 12:26:56.544 V/locapi_rpc_glue( 1574): -loc_api_callback_process_sync_call, no sync call in use
01-14 12:26:56.544 D/RPC     ( 1574): written RPC packet size: [28]
01-14 12:26:56.544 D/RPC     ( 1574): read RPC packet
01-14 12:26:56.544 D/RPC     ( 1574): read RPC packet size: [272]
01-14 12:26:56.554 V/locapi_rpc_glue( 1574): Callback received: 4 (cb_id=0x6260000 handle=1)
01-14 12:26:56.554 V/locapi_rpc_glue( 1574): +loc_api_callback_process_sync_call
01-14 12:26:56.554 V/locapi_rpc_glue( 1574): -loc_api_callback_process_sync_call, no sync call in use
01-14 12:26:56.554 D/RPC     ( 1574): written RPC packet size: [28]
01-14 12:26:56.554 D/RPC     ( 1574): read RPC packet
01-14 12:26:56.554 D/RPC     ( 1574): read RPC packet size: [272]
01-14 12:26:56.554 V/locapi_rpc_glue( 1574): Callback received: 4 (cb_id=0x6260000 handle=1)
01-14 12:26:56.554 V/locapi_rpc_glue( 1574): +loc_api_callback_process_sync_call
01-14 12:26:56.564 V/locapi_rpc_glue( 1574): -loc_api_callback_process_sync_call, no sync call in use
01-14 12:26:56.564 D/RPC     ( 1574): written RPC packet size: [28]
01-14 12:26:56.564 D/RPC     ( 1574): read RPC packet
01-14 12:26:56.564 D/RPC     ( 1574): read RPC packet size: [96]
01-14 12:26:56.564 V/locapi_rpc_glue( 1574): Callback received: 2 (cb_id=0x6260000 handle=1)
01-14 12:26:56.564 V/locapi_rpc_glue( 1574): +loc_api_callback_process_sync_call
01-14 12:26:56.564 V/locapi_rpc_glue( 1574): -loc_api_callback_process_sync_call, no sync call in use
01-14 12:26:56.564 D/lib_locapi( 1574): loc_eng_report_sv: valid_mask = 0x30, num of sv = 0
01-14 12:26:56.564 D/GpsLocationProvider( 1574): reportSvStatus
01-14 12:26:56.574 V/GpsLocationProvider( 1574): SV count: 0 ephemerisMask: 0 almanacMask: 0
01-14 12:26:56.574 D/RPC     ( 1574): written RPC packet size: [28]
01-14 12:26:56.574 D/RPC     ( 1574): read RPC packet
01-14 12:26:56.574 D/RPC     ( 1574): read RPC packet size: [272]
01-14 12:26:56.574 V/locapi_rpc_glue( 1574): Callback received: 4 (cb_id=0x6260000 handle=1)
01-14 12:26:56.584 V/locapi_rpc_glue( 1574): +loc_api_callback_process_sync_call
01-14 12:26:56.584 V/locapi_rpc_glue( 1574): -loc_api_callback_process_sync_call, no sync call in use
01-14 12:26:56.584 D/RPC     ( 1574): written RPC packet size: [28]
01-14 12:26:56.584 D/RPC     ( 1574): read RPC packet
01-14 12:26:56.584 D/RPC     ( 1574): read RPC packet size: [272]
01-14 12:26:56.584 V/locapi_rpc_glue( 1574): Callback received: 4 (cb_id=0x6260000 handle=1)
01-14 12:26:56.594 V/locapi_rpc_glue( 1574): +loc_api_callback_process_sync_call
01-14 12:26:56.594 V/locapi_rpc_glue( 1574): -loc_api_callback_process_sync_call, no sync call in use
01-14 12:26:56.594 D/RPC     ( 1574): written RPC packet size: [28]
01-14 12:26:56.594 D/RPC     ( 1574): read RPC packet
01-14 12:26:56.594 D/RPC     ( 1574): read RPC packet size: [272]
01-14 12:26:56.594 V/locapi_rpc_glue( 1574): Callback received: 4 (cb_id=0x6260000 handle=1)
01-14 12:26:56.594 V/locapi_rpc_glue( 1574): +loc_api_callback_process_sync_call
01-14 12:26:56.594 V/locapi_rpc_glue( 1574): -loc_api_callback_process_sync_call, no sync call in use
01-14 12:26:56.604 D/RPC     ( 1574): written RPC packet size: [28]
01-14 12:26:56.604 D/RPC     ( 1574): read RPC packet
01-14 12:26:56.604 D/RPC     ( 1574): read RPC packet size: [272]
01-14 12:26:56.604 V/locapi_rpc_glue( 1574): Callback received: 4 (cb_id=0x6260000 handle=1)
01-14 12:26:56.604 V/locapi_rpc_glue( 1574): +loc_api_callback_process_sync_call
01-14 12:26:56.604 V/locapi_rpc_glue( 1574): -loc_api_callback_process_sync_call, no sync call in use
01-14 12:26:56.604 D/RPC     ( 1574): written RPC packet size: [28]
01-14 12:26:56.674 D/RPC     ( 1574): read RPC packet
01-14 12:26:56.674 D/RPC     ( 1574): read RPC packet size: [208]
01-14 12:26:56.674 V/locapi_rpc_glue( 1574): Callback received: 1 (cb_id=0x6260000 handle=1)
01-14 12:26:56.674 V/locapi_rpc_glue( 1574): +loc_api_callback_process_sync_call
01-14 12:26:56.674 V/locapi_rpc_glue( 1574): -loc_api_callback_process_sync_call, no sync call in use
01-14 12:26:56.674 D/lib_locapi( 1574): loc_eng_report_position: valid mask = 0x606d, sess status = 1
01-14 12:26:56.684 D/RPC     ( 1574): written RPC packet size: [28]
01-14 12:26:57.335 I/System.out( 2826): Values: 0.0 0.0
01-14 12:26:57.535 D/RPC     ( 1574): read RPC packet
01-14 12:26:57.535 D/RPC     ( 1574): read RPC packet size: [272]
01-14 12:26:57.535 V/locapi_rpc_glue( 1574): Callback received: 4 (cb_id=0x6260000 handle=1)
01-14 12:26:57.535 V/locapi_rpc_glue( 1574): +loc_api_callback_process_sync_call
01-14 12:26:57.535 V/locapi_rpc_glue( 1574): -loc_api_callback_process_sync_call, no sync call in use
