01-14 12:26:08.577 V/locapi_rpc_glue( 1574): -loc_api_callback_process_sync_call, no sync call in use
01-14 12:26:08.577 D/lib_locapi( 1574): loc_eng_report_sv: valid_mask = 0x30, num of sv = 0
01-14 12:26:08.577 D/GpsLocationProvider( 1574): reportSvStatus
01-14 12:26:08.577 V/GpsLocationProvider( 1574): SV count: 0 ephemerisMask: 0 almanacMask: 0
01-14 12:26:08.577 D/RPC     ( 1574): written RPC packet size: [28]
01-14 12:26:08.577 D/RPC     ( 1574): read RPC packet
01-14 12:26:08.577 D/RPC     ( 1574): read RPC packet size: [272]
01-14 12:26:08.577 V/locapi_rpc_glue( 1574): Callback received: 4 (cb_id=0x6260000 handle=1)
01-14 12:26:08.577 V/locapi_rpc_glue( 1574): +loc_api_callback_process_sync_call
01-14 12:26:08.587 V/locapi_rpc_glue( 1574): -loc_api_callback_process_sync_call, no sync call in use
01-14 12:26:08.587 D/RPC     ( 1574): written RPC packet size: [28]
01-14 12:26:08.587 D/RPC     ( 1574): read RPC packet
01-14 12:26:08.587 D/RPC     ( 1574): read RPC packet size: [272]
01-14 12:26:08.587 V/locapi_rpc_glue( 1574): Callback received: 4 (cb_id=0x6260000 handle=1)
01-14 12:26:08.587 V/locapi_rpc_glue( 1574): +loc_api_callback_process_sync_call
01-14 12:26:08.587 V/locapi_rpc_glue( 1574): -loc_api_callback_process_sync_call, no sync call in use
01-14 12:26:08.587 D/RPC     ( 1574): written RPC packet size: [28]
01-14 12:26:08.587 D/RPC     ( 1574): read RPC packet
01-14 12:26:08.587 D/RPC     ( 1574): read RPC packet size: [272]
01-14 12:26:08.597 V/locapi_rpc_glue( 1574): Callback received: 4 (cb_id=0x6260000 handle=1)
01-14 12:26:08.597 V/locapi_rpc_glue( 1574): +loc_api_callback_process_sync_call
01-14 12:26:08.597 V/locapi_rpc_glue( 1574): -loc_api_callback_process_sync_call, no sync call in use
01-14 12:26:08.597 D/RPC     ( 1574): written RPC packet size: [28]
01-14 12:26:08.597 D/RPC     ( 1574): read RPC packet
01-14 12:26:08.597 D/RPC     ( 1574): read RPC packet size: [272]
01-14 12:26:08.597 V/locapi_rpc_glue( 1574): Callback received: 4 (cb_id=0x6260000 handle=1)
01-14 12:26:08.597 V/locapi_rpc_glue( 1574): +loc_api_callback_process_sync_call
01-14 12:26:08.597 V/locapi_rpc_glue( 1574): -loc_api_callback_process_sync_call, no sync call in use
01-14 12:26:08.597 D/RPC     ( 1574): written RPC packet size: [28]
01-14 12:26:08.617 D/RPC     ( 1574): read RPC packet
01-14 12:26:08.617 D/RPC     ( 1574): read RPC packet size: [208]
01-14 12:26:08.627 V/locapi_rpc_glue( 1574): Callback received: 1 (cb_id=0x6260000 handle=1)
01-14 12:26:08.627 V/locapi_rpc_glue( 1574): +loc_api_callback_process_sync_call
01-14 12:26:08.627 V/locapi_rpc_glue( 1574): -loc_api_callback_process_sync_call, no sync call in use
01-14 12:26:08.627 D/lib_locapi( 1574): loc_eng_report_position: valid mask = 0x606d, sess status = 1
01-14 12:26:08.627 D/RPC     ( 1574): written RPC packet size: [28]
01-14 12:26:09.318 I/System.out( 2826): Values: 0.0 0.0
01-14 12:26:09.538 D/RPC     ( 1574): read RPC packet
01-14 12:26:09.538 D/RPC     ( 1574): read RPC packet size: [272]
01-14 12:26:09.538 V/locapi_rpc_glue( 1574): Callback received: 4 (cb_id=0x6260000 handle=1)
01-14 12:26:09.538 V/locapi_rpc_glue( 1574): +loc_api_callback_process_sync_call
01-14 12:26:09.538 V/locapi_rpc_glue( 1574): -loc_api_callback_process_sync_call, no sync call in use
01-14 12:26:09.538 D/RPC     ( 1574): written RPC packet size: [28]
01-14 12:26:09.548 D/RPC     ( 1574): read RPC packet
01-14 12:26:09.548 D/RPC     ( 1574): read RPC packet size: [272]
01-14 12:26:09.548 V/locapi_rpc_glue( 1574): Callback received: 4 (cb_id=0x6260000 handle=1)
01-14 12:26:09.548 V/locapi_rpc_glue( 1574): +loc_api_callback_process_sync_call
01-14 12:26:09.548 V/locapi_rpc_glue( 1574): -loc_api_callback_process_sync_call, no sync call in use
01-14 12:26:09.548 D/RPC     ( 1574): written RPC packet size: [28]
01-14 12:26:09.558 D/RPC     ( 1574): read RPC packet
01-14 12:26:09.558 D/RPC     ( 1574): read RPC packet size: [272]
01-14 12:26:09.558 V/locapi_rpc_glue( 1574): Callback received: 4 (cb_id=0x6260000 handle=1)
01-14 12:26:09.558 V/locapi_rpc_glue( 1574): +loc_api_callback_process_sync_call
01-14 12:26:09.558 V/locapi_rpc_glue( 1574): -loc_api_callback_process_sync_call, no sync call in use
01-14 12:26:09.558 D/RPC     ( 1574): written RPC packet size: [28]
01-14 12:26:09.558 D/RPC     ( 1574): read RPC packet
01-14 12:26:09.558 D/RPC     ( 1574): read RPC packet size: [272]
01-14 12:26:09.558 V/locapi_rpc_glue( 1574): Callback received: 4 (cb_id=0x6260000 handle=1)
01-14 12:26:09.558 V/locapi_rpc_glue( 1574): +loc_api_callback_process_sync_call
01-14 12:26:09.558 V/locapi_rpc_glue( 1574): -loc_api_callback_process_sync_call, no sync call in use
01-14 12:26:09.568 D/RPC     ( 1574): written RPC packet size: [28]
01-14 12:26:09.568 D/RPC     ( 1574): read RPC packet
01-14 12:26:09.568 D/RPC     ( 1574): read RPC packet size: [96]
01-14 12:26:09.568 V/locapi_rpc_glue( 1574): Callback received: 2 (cb_id=0x6260000 handle=1)
01-14 12:26:09.568 V/locapi_rpc_glue( 1574): +loc_api_callback_process_sync_call
01-14 12:26:09.568 V/locapi_rpc_glue( 1574): -loc_api_callback_process_sync_call, no sync call in use
01-14 12:26:09.568 D/lib_locapi( 1574): loc_eng_report_sv: valid_mask = 0x30, num of sv = 0
01-14 12:26:09.568 D/GpsLocationProvider( 1574): reportSvStatus
01-14 12:26:09.568 V/GpsLocationProvider( 1574): SV count: 0 ephemerisMask: 0 almanacMask: 0
01-14 12:26:09.568 D/RPC     ( 1574): written RPC packet size: [28]
01-14 12:26:09.578 D/RPC     ( 1574): read RPC packet
01-14 12:26:09.578 D/RPC     ( 1574): read RPC packet size: [272]
01-14 12:26:09.578 V/locapi_rpc_glue( 1574): Callback received: 4 (cb_id=0x6260000 handle=1)
01-14 12:26:09.578 V/locapi_rpc_glue( 1574): +loc_api_callback_process_sync_call
01-14 12:26:09.578 V/locapi_rpc_glue( 1574): -loc_api_callback_process_sync_call, no sync call in use
01-14 12:26:09.578 D/RPC     ( 1574): written RPC packet size: [28]
01-14 12:26:09.578 D/RPC     ( 1574): read RPC packet
01-14 12:26:09.578 D/RPC     ( 1574): read RPC packet size: [272]
01-14 12:26:09.578 V/locapi_rpc_glue( 1574): Callback received: 4 (cb_id=0x6260000 handle=1)
01-14 12:26:09.578 V/locapi_rpc_glue( 1574): +loc_api_callback_process_sync_call
01-14 12:26:09.578 V/locapi_rpc_glue( 1574): -loc_api_callback_process_sync_call, no sync call in use
01-14 12:26:09.588 D/RPC     ( 1574): written RPC packet size: [28]
01-14 12:26:09.588 D/RPC     ( 1574): read RPC packet
01-14 12:26:09.588 D/RPC     ( 1574): read RPC packet size: [272]
01-14 12:26:09.588 V/locapi_rpc_glue( 1574): Callback received: 4 (cb_id=0x6260000 handle=1)
01-14 12:26:09.588 V/locapi_rpc_glue( 1574): +loc_api_callback_process_sync_call
01-14 12:26:09.588 V/locapi_rpc_glue( 1574): -loc_api_callback_process_sync_call, no sync call in use
01-14 12:26:09.588 D/RPC     ( 1574): written RPC packet size: [28]
01-14 12:26:09.588 D/RPC     ( 1574): read RPC packet
01-14 12:26:09.588 D/RPC     ( 1574): read RPC packet size: [272]
01-14 12:26:09.598 V/locapi_rpc_glue( 1574): Callback received: 4 (cb_id=0x6260000 handle=1)
01-14 12:26:09.598 V/locapi_rpc_glue( 1574): +loc_api_callback_process_sync_call
01-14 12:26:09.598 V/locapi_rpc_glue( 1574): -loc_api_callback_process_sync_call, no sync call in use
01-14 12:26:09.598 D/RPC     ( 1574): written RPC packet size: [28]
01-14 12:26:09.628 D/RPC     ( 1574): read RPC packet
01-14 12:26:09.628 D/RPC     ( 1574): read RPC packet size: [208]
01-14 12:26:09.628 V/locapi_rpc_glue( 1574): Callback received: 1 (cb_id=0x6260000 handle=1)
01-14 12:26:09.628 V/locapi_rpc_glue( 1574): +loc_api_callback_process_sync_call
01-14 12:26:09.628 V/locapi_rpc_glue( 1574): -loc_api_callback_process_sync_call, no sync call in use
01-14 12:26:09.628 D/lib_locapi( 1574): loc_eng_report_position: valid mask = 0x606d, sess status = 1
01-14 12:26:09.628 D/RPC     ( 1574): written RPC packet size: [28]
01-14 12:26:10.319 I/System.out( 2826): Values: 0.0 0.0
01-14 12:26:10.529 D/RPC     ( 1574): read RPC packet
01-14 12:26:10.529 D/RPC     ( 1574): read RPC packet size: [272]
01-14 12:26:10.529 V/locapi_rpc_glue( 1574): Callback received: 4 (cb_id=0x6260000 handle=1)
01-14 12:26:10.529 V/locapi_rpc_glue( 1574): +loc_api_callback_process_sync_call
01-14 12:26:10.529 V/locapi_rpc_glue( 1574): -loc_api_callback_process_sync_call, no sync call in use
01-14 12:26:10.529 D/RPC     ( 1574): written RPC packet size: [28]
01-14 12:26:10.529 D/RPC     ( 1574): read RPC packet
01-14 12:26:10.529 D/RPC     ( 1574): read RPC packet size: [272]
01-14 12:26:10.529 V/locapi_rpc_glue( 1574): Callback received: 4 (cb_id=0x6260000 handle=1)
01-14 12:26:10.529 V/locapi_rpc_glue( 1574): +loc_api_callback_process_sync_call
01-14 12:26:10.539 V/locapi_rpc_glue( 1574): -loc_api_callback_process_sync_call, no sync call in use
01-14 12:26:10.539 D/RPC     ( 1574): written RPC packet size: [28]
01-14 12:26:10.539 D/RPC     ( 1574): read RPC packet
01-14 12:26:10.549 D/RPC     ( 1574): read RPC packet size: [272]
01-14 12:26:10.549 V/locapi_rpc_glue( 1574): Callback received: 4 (cb_id=0x6260000 handle=1)
01-14 12:26:10.549 V/locapi_rpc_glue( 1574): +loc_api_callback_process_sync_call
01-14 12:26:10.549 V/locapi_rpc_glue( 1574): -loc_api_callback_process_sync_call, no sync call in use
01-14 12:26:10.549 D/RPC     ( 1574): written RPC packet size: [28]
01-14 12:26:10.549 D/RPC     ( 1574): read RPC packet
01-14 12:26:10.549 D/RPC     ( 1574): read RPC packet size: [272]
01-14 12:26:10.549 V/locapi_rpc_glue( 1574): Callback received: 4 (cb_id=0x6260000 handle=1)
01-14 12:26:10.549 V/locapi_rpc_glue( 1574): +loc_api_callback_process_sync_call
01-14 12:26:10.559 V/locapi_rpc_glue( 1574): -loc_api_callback_process_sync_call, no sync call in use
01-14 12:26:10.559 D/RPC     ( 1574): written RPC packet size: [28]
01-14 12:26:10.559 D/RPC     ( 1574): read RPC packet
01-14 12:26:10.559 D/RPC     ( 1574): read RPC packet size: [96]
01-14 12:26:10.559 V/locapi_rpc_glue( 1574): Callback received: 2 (cb_id=0x6260000 handle=1)
01-14 12:26:10.559 V/locapi_rpc_glue( 1574): +loc_api_callback_process_sync_call
01-14 12:26:10.559 V/locapi_rpc_glue( 1574): -loc_api_callback_process_sync_call, no sync call in use
01-14 12:26:10.559 D/lib_locapi( 1574): loc_eng_report_sv: valid_mask = 0x30, num of sv = 0
01-14 12:26:10.559 D/GpsLocationProvider( 1574): reportSvStatus
01-14 12:26:10.559 V/GpsLocationProvider( 1574): SV count: 0 ephemerisMask: 0 almanacMask: 0
01-14 12:26:10.559 D/RPC     ( 1574): written RPC packet size: [28]
01-14 12:26:10.569 D/RPC     ( 1574): read RPC packet
01-14 12:26:10.569 D/RPC     ( 1574): read RPC packet size: [272]
01-14 12:26:10.569 V/locapi_rpc_glue( 1574): Callback received: 4 (cb_id=0x6260000 handle=1)
01-14 12:26:10.569 V/locapi_rpc_glue( 1574): +loc_api_callback_process_sync_call
01-14 12:26:10.569 V/locapi_rpc_glue( 1574): -loc_api_callback_process_sync_call, no sync call in use
01-14 12:26:10.569 D/RPC     ( 1574): written RPC packet size: [28]
01-14 12:26:10.569 D/RPC     ( 1574): read RPC packet
01-14 12:26:10.569 D/RPC     ( 1574): read RPC packet size: [272]
01-14 12:26:10.569 V/locapi_rpc_glue( 1574): Callback received: 4 (cb_id=0x6260000 handle=1)
01-14 12:26:10.579 V/locapi_rpc_glue( 1574): +loc_api_callback_process_sync_call
01-14 12:26:10.579 V/locapi_rpc_glue( 1574): -loc_api_callback_process_sync_call, no sync call in use
01-14 12:26:10.579 D/RPC     ( 1574): written RPC packet size: [28]
01-14 12:26:10.579 D/RPC     ( 1574): read RPC packet
01-14 12:26:10.579 D/RPC     ( 1574): read RPC packet size: [272]
01-14 12:26:10.579 V/locapi_rpc_glue( 1574): Callback received: 4 (cb_id=0x6260000 handle=1)
01-14 12:26:10.579 V/locapi_rpc_glue( 1574): +loc_api_callback_process_sync_call
01-14 12:26:10.579 V/locapi_rpc_glue( 1574): -loc_api_callback_process_sync_call, no sync call in use
01-14 12:26:10.579 D/RPC     ( 1574): written RPC packet size: [28]
01-14 12:26:10.579 D/RPC     ( 1574): read RPC packet
01-14 12:26:10.589 D/RPC     ( 1574): read RPC packet size: [272]
01-14 12:26:10.589 V/locapi_rpc_glue( 1574): Callback received: 4 (cb_id=0x6260000 handle=1)
01-14 12:26:10.589 V/locapi_rpc_glue( 1574): +loc_api_callback_process_sync_call
01-14 12:26:10.589 V/locapi_rpc_glue( 1574): -loc_api_callback_process_sync_call, no sync call in use
01-14 12:26:10.589 D/RPC     ( 1574): written RPC packet size: [28]
01-14 12:26:10.619 D/RPC     ( 1574): read RPC packet
01-14 12:26:10.619 D/RPC     ( 1574): read RPC packet size: [208]
01-14 12:26:10.619 V/locapi_rpc_glue( 1574): Callback received: 1 (cb_id=0x6260000 handle=1)
01-14 12:26:10.619 V/locapi_rpc_glue( 1574): +loc_api_callback_process_sync_call
01-14 12:26:10.619 V/locapi_rpc_glue( 1574): -loc_api_callback_process_sync_call, no sync call in use
01-14 12:26:10.619 D/lib_locapi( 1574): loc_eng_report_position: valid mask = 0x606d, sess status = 1
01-14 12:26:10.619 D/RPC     ( 1574): written RPC packet size: [28]
01-14 12:26:11.320 I/System.out( 2826): Values: 0.0 0.0
01-14 12:26:11.530 D/RPC     ( 1574): read RPC packet
01-14 12:26:11.530 D/RPC     ( 1574): read RPC packet size: [272]
01-14 12:26:11.530 V/locapi_rpc_glue( 1574): Callback received: 4 (cb_id=0x6260000 handle=1)
01-14 12:26:11.530 V/locapi_rpc_glue( 1574): +loc_api_callback_process_sync_call
01-14 12:26:11.530 V/locapi_rpc_glue( 1574): -loc_api_callback_process_sync_call, no sync call in use
01-14 12:26:11.530 D/RPC     ( 1574): written RPC packet size: [28]
01-14 12:26:11.530 D/RPC     ( 1574): read RPC packet
01-14 12:26:11.530 D/RPC     ( 1574): read RPC packet size: [272]
01-14 12:26:11.530 V/locapi_rpc_glue( 1574): Callback received: 4 (cb_id=0x6260000 handle=1)
01-14 12:26:11.540 V/locapi_rpc_glue( 1574): +loc_api_callback_process_sync_call
01-14 12:26:11.540 V/locapi_rpc_glue( 1574): -loc_api_callback_process_sync_call, no sync call in use
01-14 12:26:11.540 D/RPC     ( 1574): written RPC packet size: [28]
01-14 12:26:11.550 D/RPC     ( 1574): read RPC packet
01-14 12:26:11.550 D/RPC     ( 1574): read RPC packet size: [272]
01-14 12:26:11.550 V/locapi_rpc_glue( 1574): Callback received: 4 (cb_id=0x6260000 handle=1)
01-14 12:26:11.550 V/locapi_rpc_glue( 1574): +loc_api_callback_process_sync_call
01-14 12:26:11.550 V/locapi_rpc_glue( 1574): -loc_api_callback_process_sync_call, no sync call in use
01-14 12:26:11.550 D/RPC     ( 1574): written RPC packet size: [28]
01-14 12:26:11.550 D/RPC     ( 1574): read RPC packet
01-14 12:26:11.550 D/RPC     ( 1574): read RPC packet size: [272]
01-14 12:26:11.560 V/locapi_rpc_glue( 1574): Callback received: 4 (cb_id=0x6260000 handle=1)
01-14 12:26:11.560 V/locapi_rpc_glue( 1574): +loc_api_callback_process_sync_call
01-14 12:26:11.560 V/locapi_rpc_glue( 1574): -loc_api_callback_process_sync_call, no sync call in use
01-14 12:26:11.560 D/RPC     ( 1574): written RPC packet size: [28]
01-14 12:26:11.560 D/RPC     ( 1574): read RPC packet
01-14 12:26:11.560 D/RPC     ( 1574): read RPC packet size: [96]
01-14 12:26:11.560 V/locapi_rpc_glue( 1574): Callback received: 2 (cb_id=0x6260000 handle=1)
01-14 12:26:11.570 V/locapi_rpc_glue( 1574): +loc_api_callback_process_sync_call
01-14 12:26:11.570 V/locapi_rpc_glue( 1574): -loc_api_callback_process_sync_call, no sync call in use
01-14 12:26:11.570 D/lib_locapi( 1574): loc_eng_report_sv: valid_mask = 0x30, num of sv = 0
01-14 12:26:11.570 D/GpsLocationProvider( 1574): reportSvStatus
01-14 12:26:11.570 V/GpsLocationProvider( 1574): SV count: 0 ephemerisMask: 0 almanacMask: 0
01-14 12:26:11.570 D/RPC     ( 1574): written RPC packet size: [28]
01-14 12:26:11.570 D/RPC     ( 1574): read RPC packet
01-14 12:26:11.570 D/RPC     ( 1574): read RPC packet size: [272]
01-14 12:26:11.570 V/locapi_rpc_glue( 1574): Callback received: 4 (cb_id=0x6260000 handle=1)
01-14 12:26:11.570 V/locapi_rpc_glue( 1574): +loc_api_callback_process_sync_call
01-14 12:26:11.570 V/locapi_rpc_glue( 1574): -loc_api_callback_process_sync_call, no sync call in use
01-14 12:26:11.580 D/RPC     ( 1574): written RPC packet size: [28]
01-14 12:26:11.580 D/RPC     ( 1574): read RPC packet
01-14 12:26:11.580 D/RPC     ( 1574): read RPC packet size: [272]
01-14 12:26:11.580 V/locapi_rpc_glue( 1574): Callback received: 4 (cb_id=0x6260000 handle=1)
01-14 12:26:11.580 V/locapi_rpc_glue( 1574): +loc_api_callback_process_sync_call
01-14 12:26:11.580 V/locapi_rpc_glue( 1574): -loc_api_callback_process_sync_call, no sync call in use
01-14 12:26:11.580 D/RPC     ( 1574): written RPC packet size: [28]
01-14 12:26:11.580 D/RPC     ( 1574): read RPC packet
01-14 12:26:11.590 D/RPC     ( 1574): read RPC packet size: [272]
01-14 12:26:11.590 V/locapi_rpc_glue( 1574): Callback received: 4 (cb_id=0x6260000 handle=1)
01-14 12:26:11.590 V/locapi_rpc_glue( 1574): +loc_api_callback_process_sync_call
01-14 12:26:11.590 V/locapi_rpc_glue( 1574): -loc_api_callback_process_sync_call, no sync call in use
01-14 12:26:11.590 D/RPC     ( 1574): written RPC packet size: [28]
01-14 12:26:11.590 D/RPC     ( 1574): read RPC packet
01-14 12:26:11.590 D/RPC     ( 1574): read RPC packet size: [272]
01-14 12:26:11.590 V/locapi_rpc_glue( 1574): Callback received: 4 (cb_id=0x6260000 handle=1)
01-14 12:26:11.590 V/locapi_rpc_glue( 1574): +loc_api_callback_process_sync_call
01-14 12:26:11.600 V/locapi_rpc_glue( 1574): -loc_api_callback_process_sync_call, no sync call in use
01-14 12:26:11.600 D/RPC     ( 1574): written RPC packet size: [28]
01-14 12:26:11.620 D/RPC     ( 1574): read RPC packet
01-14 12:26:11.620 D/RPC     ( 1574): read RPC packet size: [208]
01-14 12:26:11.620 V/locapi_rpc_glue( 1574): Callback received: 1 (cb_id=0x6260000 handle=1)
01-14 12:26:11.620 V/locapi_rpc_glue( 1574): +loc_api_callback_process_sync_call
01-14 12:26:11.620 V/locapi_rpc_glue( 1574): -loc_api_callback_process_sync_call, no sync call in use
01-14 12:26:11.620 D/lib_locapi( 1574): loc_eng_report_position: valid mask = 0x606d, sess status = 1
01-14 12:26:11.620 D/RPC     ( 1574): written RPC packet size: [28]
01-14 12:26:12.321 I/System.out( 2826): Values: 0.0 0.0
01-14 12:26:12.531 D/RPC     ( 1574): read RPC packet
01-14 12:26:12.531 D/RPC     ( 1574): read RPC packet size: [272]
01-14 12:26:12.531 V/locapi_rpc_glue( 1574): Callback received: 4 (cb_id=0x6260000 handle=1)
01-14 12:26:12.531 V/locapi_rpc_glue( 1574): +loc_api_callback_process_sync_call
01-14 12:26:12.531 V/locapi_rpc_glue( 1574): -loc_api_callback_process_sync_call, no sync call in use
01-14 12:26:12.531 D/RPC     ( 1574): written RPC packet size: [28]
01-14 12:26:12.531 D/RPC     ( 1574): read RPC packet
01-14 12:26:12.531 D/RPC     ( 1574): read RPC packet size: [272]
01-14 12:26:12.541 V/locapi_rpc_glue( 1574): Callback received: 4 (cb_id=0x6260000 handle=1)
01-14 12:26:12.541 V/locapi_rpc_glue( 1574): +loc_api_callback_process_sync_call
01-14 12:26:12.541 V/locapi_rpc_glue( 1574): -loc_api_callback_process_sync_call, no sync call in use
01-14 12:26:12.541 D/RPC     ( 1574): written RPC packet size: [28]
01-14 12:26:12.541 D/RPC     ( 1574): read RPC packet
01-14 12:26:12.551 D/RPC     ( 1574): read RPC packet size: [272]
01-14 12:26:12.551 V/locapi_rpc_glue( 1574): Callback received: 4 (cb_id=0x6260000 handle=1)
01-14 12:26:12.551 V/locapi_rpc_glue( 1574): +loc_api_callback_process_sync_call
01-14 12:26:12.551 V/locapi_rpc_glue( 1574): -loc_api_callback_process_sync_call, no sync call in use
01-14 12:26:12.551 D/RPC     ( 1574): written RPC packet size: [28]
01-14 12:26:12.571 D/RPC     ( 1574): read RPC packet
01-14 12:26:12.571 D/RPC     ( 1574): read RPC packet size: [272]
01-14 12:26:12.571 V/locapi_rpc_glue( 1574): Callback received: 4 (cb_id=0x6260000 handle=1)
01-14 12:26:12.571 V/locapi_rpc_glue( 1574): +loc_api_callback_process_sync_call
01-14 12:26:12.571 V/locapi_rpc_glue( 1574): -loc_api_callback_process_sync_call, no sync call in use
01-14 12:26:12.571 D/RPC     ( 1574): written RPC packet size: [28]
01-14 12:26:12.571 D/RPC     ( 1574): read RPC packet
01-14 12:26:12.571 D/RPC     ( 1574): read RPC packet size: [96]
01-14 12:26:12.581 V/locapi_rpc_glue( 1574): Callback received: 2 (cb_id=0x6260000 handle=1)
01-14 12:26:12.581 V/locapi_rpc_glue( 1574): +loc_api_callback_process_sync_call
01-14 12:26:12.581 V/locapi_rpc_glue( 1574): -loc_api_callback_process_sync_call, no sync call in use
01-14 12:26:12.581 D/lib_locapi( 1574): loc_eng_report_sv: valid_mask = 0x30, num of sv = 0
01-14 12:26:12.581 D/GpsLocationProvider( 1574): reportSvStatus
01-14 12:26:12.581 V/GpsLocationProvider( 1574): SV count: 0 ephemerisMask: 0 almanacMask: 0
01-14 12:26:12.581 D/RPC     ( 1574): written RPC packet size: [28]
01-14 12:26:12.581 D/RPC     ( 1574): read RPC packet
01-14 12:26:12.581 D/RPC     ( 1574): read RPC packet size: [272]
01-14 12:26:12.591 V/locapi_rpc_glue( 1574): Callback received: 4 (cb_id=0x6260000 handle=1)
01-14 12:26:12.591 V/locapi_rpc_glue( 1574): +loc_api_callback_process_sync_call
01-14 12:26:12.591 V/locapi_rpc_glue( 1574): -loc_api_callback_process_sync_call, no sync call in use
01-14 12:26:12.591 D/RPC     ( 1574): written RPC packet size: [28]
01-14 12:26:12.591 D/RPC     ( 1574): read RPC packet
01-14 12:26:12.591 D/RPC     ( 1574): read RPC packet size: [272]
01-14 12:26:12.591 V/locapi_rpc_glue( 1574): Callback received: 4 (cb_id=0x6260000 handle=1)
01-14 12:26:12.591 V/locapi_rpc_glue( 1574): +loc_api_callback_process_sync_call
01-14 12:26:12.591 V/locapi_rpc_glue( 1574): -loc_api_callback_process_sync_call, no sync call in use
01-14 12:26:12.591 D/RPC     ( 1574): written RPC packet size: [28]
01-14 12:26:12.591 D/RPC     ( 1574): read RPC packet
01-14 12:26:12.591 D/RPC     ( 1574): read RPC packet size: [272]
01-14 12:26:12.591 V/locapi_rpc_glue( 1574): Callback received: 4 (cb_id=0x6260000 handle=1)
01-14 12:26:12.591 V/locapi_rpc_glue( 1574): +loc_api_callback_process_sync_call
01-14 12:26:12.591 V/locapi_rpc_glue( 1574): -loc_api_callback_process_sync_call, no sync call in use
01-14 12:26:12.591 D/RPC     ( 1574): written RPC packet size: [28]
01-14 12:26:12.591 D/RPC     ( 1574): read RPC packet
01-14 12:26:12.591 D/RPC     ( 1574): read RPC packet size: [272]
01-14 12:26:12.591 V/locapi_rpc_glue( 1574): Callback received: 4 (cb_id=0x6260000 handle=1)
01-14 12:26:12.591 V/locapi_rpc_glue( 1574): +loc_api_callback_process_sync_call
01-14 12:26:12.591 V/locapi_rpc_glue( 1574): -loc_api_callback_process_sync_call, no sync call in use
01-14 12:26:12.591 D/RPC     ( 1574): written RPC packet size: [28]
01-14 12:26:12.621 D/RPC     ( 1574): read RPC packet
01-14 12:26:12.621 D/RPC     ( 1574): read RPC packet size: [208]
01-14 12:26:12.621 V/locapi_rpc_glue( 1574): Callback received: 1 (cb_id=0x6260000 handle=1)
01-14 12:26:12.621 V/locapi_rpc_glue( 1574): +loc_api_callback_process_sync_call
01-14 12:26:12.621 V/locapi_rpc_glue( 1574): -loc_api_callback_process_sync_call, no sync call in use
01-14 12:26:12.621 D/lib_locapi( 1574): loc_eng_report_position: valid mask = 0x606d, sess status = 1
01-14 12:26:12.621 D/RPC     ( 1574): written RPC packet size: [28]
01-14 12:26:13.322 I/System.out( 2826): Values: 0.0 0.0
01-14 12:26:13.492 D/dalvikvm( 2508): GC_EXPLICIT freed 78K, 6% free 6701K/7111K, paused 5ms+3ms
01-14 12:26:13.532 D/RPC     ( 1574): read RPC packet
01-14 12:26:13.532 D/RPC     ( 1574): read RPC packet size: [272]
01-14 12:26:13.532 V/locapi_rpc_glue( 1574): Callback received: 4 (cb_id=0x6260000 handle=1)
01-14 12:26:13.532 V/locapi_rpc_glue( 1574): +loc_api_callback_process_sync_call
01-14 12:26:13.532 V/locapi_rpc_glue( 1574): -loc_api_callback_process_sync_call, no sync call in use
01-14 12:26:13.532 D/RPC     ( 1574): written RPC packet size: [28]
01-14 12:26:13.532 D/RPC     ( 1574): read RPC packet
01-14 12:26:13.532 D/RPC     ( 1574): read RPC packet size: [272]
01-14 12:26:13.532 V/locapi_rpc_glue( 1574): Callback received: 4 (cb_id=0x6260000 handle=1)
01-14 12:26:13.532 V/locapi_rpc_glue( 1574): +loc_api_callback_process_sync_call
01-14 12:26:13.532 V/locapi_rpc_glue( 1574): -loc_api_callback_process_sync_call, no sync call in use
01-14 12:26:13.532 D/RPC     ( 1574): written RPC packet size: [28]
01-14 12:26:13.532 D/RPC     ( 1574): read RPC packet
01-14 12:26:13.532 D/RPC     ( 1574): read RPC packet size: [272]
01-14 12:26:13.532 V/locapi_rpc_glue( 1574): Callback received: 4 (cb_id=0x6260000 handle=1)
01-14 12:26:13.532 V/locapi_rpc_glue( 1574): +loc_api_callback_process_sync_call
01-14 12:26:13.532 V/locapi_rpc_glue( 1574): -loc_api_callback_process_sync_call, no sync call in use
01-14 12:26:13.532 D/RPC     ( 1574): written RPC packet size: [28]
01-14 12:26:13.532 D/RPC     ( 1574): read RPC packet
01-14 12:26:13.532 D/RPC     ( 1574): read RPC packet size: [272]
01-14 12:26:13.532 V/locapi_rpc_glue( 1574): Callback received: 4 (cb_id=0x6260000 handle=1)
01-14 12:26:13.532 V/locapi_rpc_glue( 1574): +loc_api_callback_process_sync_call
01-14 12:26:13.532 V/locapi_rpc_glue( 1574): -loc_api_callback_process_sync_call, no sync call in use
01-14 12:26:13.532 D/RPC     ( 1574): written RPC packet size: [28]
01-14 12:26:13.542 D/RPC     ( 1574): read RPC packet
01-14 12:26:13.542 D/RPC     ( 1574): read RPC packet size: [96]
01-14 12:26:13.542 V/locapi_rpc_glue( 1574): Callback received: 2 (cb_id=0x6260000 handle=1)
01-14 12:26:13.542 V/locapi_rpc_glue( 1574): +loc_api_callback_process_sync_call
01-14 12:26:13.542 V/locapi_rpc_glue( 1574): -loc_api_callback_process_sync_call, no sync call in use
01-14 12:26:13.542 D/lib_locapi( 1574): loc_eng_report_sv: valid_mask = 0x30, num of sv = 0
01-14 12:26:13.542 D/GpsLocationProvider( 1574): reportSvStatus
01-14 12:26:13.542 V/GpsLocationProvider( 1574): SV count: 0 ephemerisMask: 0 almanacMask: 0
01-14 12:26:13.542 D/RPC     ( 1574): written RPC packet size: [28]
01-14 12:26:13.542 D/RPC     ( 1574): read RPC packet
01-14 12:26:13.542 D/RPC     ( 1574): read RPC packet size: [272]
01-14 12:26:13.552 V/locapi_rpc_glue( 1574): Callback received: 4 (cb_id=0x6260000 handle=1)
01-14 12:26:13.552 V/locapi_rpc_glue( 1574): +loc_api_callback_process_sync_call
01-14 12:26:13.552 V/locapi_rpc_glue( 1574): -loc_api_callback_process_sync_call, no sync call in use
01-14 12:26:13.552 D/RPC     ( 1574): written RPC packet size: [28]
01-14 12:26:13.552 D/RPC     ( 1574): read RPC packet
01-14 12:26:13.552 D/RPC     ( 1574): read RPC packet size: [272]
01-14 12:26:13.562 V/locapi_rpc_glue( 1574): Callback received: 4 (cb_id=0x6260000 handle=1)
01-14 12:26:13.562 V/locapi_rpc_glue( 1574): +loc_api_callback_process_sync_call
01-14 12:26:13.562 V/locapi_rpc_glue( 1574): -loc_api_callback_process_sync_call, no sync call in use
01-14 12:26:13.562 D/RPC     ( 1574): written RPC packet size: [28]
01-14 12:26:13.562 D/RPC     ( 1574): read RPC packet
01-14 12:26:13.562 D/RPC     ( 1574): read RPC packet size: [272]
01-14 12:26:13.562 V/locapi_rpc_glue( 1574): Callback received: 4 (cb_id=0x6260000 handle=1)
01-14 12:26:13.572 V/locapi_rpc_glue( 1574): +loc_api_callback_process_sync_call
01-14 12:26:13.572 V/locapi_rpc_glue( 1574): -loc_api_callback_process_sync_call, no sync call in use
01-14 12:26:13.572 D/RPC     ( 1574): written RPC packet size: [28]
01-14 12:26:13.572 D/RPC     ( 1574): read RPC packet
01-14 12:26:13.572 D/RPC     ( 1574): read RPC packet size: [272]
01-14 12:26:13.572 V/locapi_rpc_glue( 1574): Callback received: 4 (cb_id=0x6260000 handle=1)
01-14 12:26:13.572 V/locapi_rpc_glue( 1574): +loc_api_callback_process_sync_call
01-14 12:26:13.572 V/locapi_rpc_glue( 1574): -loc_api_callback_process_sync_call, no sync call in use
01-14 12:26:13.572 D/RPC     ( 1574): written RPC packet size: [28]
01-14 12:26:13.622 D/RPC     ( 1574): read RPC packet
01-14 12:26:13.622 D/RPC     ( 1574): read RPC packet size: [208]
01-14 12:26:13.622 V/locapi_rpc_glue( 1574): Callback received: 1 (cb_id=0x6260000 handle=1)
01-14 12:26:13.632 V/locapi_rpc_glue( 1574): +loc_api_callback_process_sync_call
01-14 12:26:13.632 V/locapi_rpc_glue( 1574): -loc_api_callback_process_sync_call, no sync call in use
01-14 12:26:13.632 D/lib_locapi( 1574): loc_eng_report_position: valid mask = 0x606d, sess status = 1
01-14 12:26:13.632 D/RPC     ( 1574): written RPC packet size: [28]
01-14 12:26:14.323 I/System.out( 2826): Values: 0.0 0.0
01-14 12:26:14.533 D/RPC     ( 1574): read RPC packet
01-14 12:26:14.533 D/RPC     ( 1574): read RPC packet size: [272]
01-14 12:26:14.533 V/locapi_rpc_glue( 1574): Callback received: 4 (cb_id=0x6260000 handle=1)
01-14 12:26:14.533 V/locapi_rpc_glue( 1574): +loc_api_callback_process_sync_call
01-14 12:26:14.533 V/locapi_rpc_glue( 1574): -loc_api_callback_process_sync_call, no sync call in use
01-14 12:26:14.533 D/RPC     ( 1574): written RPC packet size: [28]
01-14 12:26:14.533 D/RPC     ( 1574): read RPC packet
01-14 12:26:14.533 D/RPC     ( 1574): read RPC packet size: [272]
01-14 12:26:14.533 V/locapi_rpc_glue( 1574): Callback received: 4 (cb_id=0x6260000 handle=1)
01-14 12:26:14.543 V/locapi_rpc_glue( 1574): +loc_api_callback_process_sync_call
01-14 12:26:14.543 V/locapi_rpc_glue( 1574): -loc_api_callback_process_sync_call, no sync call in use
01-14 12:26:14.543 D/RPC     ( 1574): written RPC packet size: [28]
01-14 12:26:14.543 D/RPC     ( 1574): read RPC packet
01-14 12:26:14.543 D/RPC     ( 1574): read RPC packet size: [272]
01-14 12:26:14.553 V/locapi_rpc_glue( 1574): Callback received: 4 (cb_id=0x6260000 handle=1)
01-14 12:26:14.553 V/locapi_rpc_glue( 1574): +loc_api_callback_process_sync_call
01-14 12:26:14.553 V/locapi_rpc_glue( 1574): -loc_api_callback_process_sync_call, no sync call in use
01-14 12:26:14.553 D/RPC     ( 1574): written RPC packet size: [28]
01-14 12:26:14.553 D/RPC     ( 1574): read RPC packet
01-14 12:26:14.553 D/RPC     ( 1574): read RPC packet size: [272]
01-14 12:26:14.553 V/locapi_rpc_glue( 1574): Callback received: 4 (cb_id=0x6260000 handle=1)
01-14 12:26:14.563 V/locapi_rpc_glue( 1574): +loc_api_callback_process_sync_call
01-14 12:26:14.563 V/locapi_rpc_glue( 1574): -loc_api_callback_process_sync_call, no sync call in use
01-14 12:26:14.563 D/RPC     ( 1574): written RPC packet size: [28]
01-14 12:26:14.573 D/RPC     ( 1574): read RPC packet
01-14 12:26:14.573 D/RPC     ( 1574): read RPC packet size: [96]
01-14 12:26:14.573 V/locapi_rpc_glue( 1574): Callback received: 2 (cb_id=0x6260000 handle=1)
01-14 12:26:14.573 V/locapi_rpc_glue( 1574): +loc_api_callback_process_sync_call
01-14 12:26:14.573 V/locapi_rpc_glue( 1574): -loc_api_callback_process_sync_call, no sync call in use
01-14 12:26:14.573 D/lib_locapi( 1574): loc_eng_report_sv: valid_mask = 0x30, num of sv = 0
01-14 12:26:14.573 D/GpsLocationProvider( 1574): reportSvStatus
01-14 12:26:14.573 V/GpsLocationProvider( 1574): SV count: 0 ephemerisMask: 0 almanacMask: 0
01-14 12:26:14.583 D/RPC     ( 1574): written RPC packet size: [28]
01-14 12:26:14.583 D/RPC     ( 1574): read RPC packet
01-14 12:26:14.583 D/RPC     ( 1574): read RPC packet size: [272]
01-14 12:26:14.583 V/locapi_rpc_glue( 1574): Callback received: 4 (cb_id=0x6260000 handle=1)
01-14 12:26:14.583 V/locapi_rpc_glue( 1574): +loc_api_callback_process_sync_call
01-14 12:26:14.583 V/locapi_rpc_glue( 1574): -loc_api_callback_process_sync_call, no sync call in use
01-14 12:26:14.583 D/RPC     ( 1574): written RPC packet size: [28]
01-14 12:26:14.593 D/RPC     ( 1574): read RPC packet
01-14 12:26:14.593 D/RPC     ( 1574): read RPC packet size: [272]
01-14 12:26:14.593 V/locapi_rpc_glue( 1574): Callback received: 4 (cb_id=0x6260000 handle=1)
01-14 12:26:14.593 V/locapi_rpc_glue( 1574): +loc_api_callback_process_sync_call
01-14 12:26:14.593 V/locapi_rpc_glue( 1574): -loc_api_callback_process_sync_call, no sync call in use
01-14 12:26:14.593 D/RPC     ( 1574): written RPC packet size: [28]
01-14 12:26:14.593 D/RPC     ( 1574): read RPC packet
01-14 12:26:14.593 D/RPC     ( 1574): read RPC packet size: [272]
01-14 12:26:14.603 V/locapi_rpc_glue( 1574): Callback received: 4 (cb_id=0x6260000 handle=1)
01-14 12:26:14.603 V/locapi_rpc_glue( 1574): +loc_api_callback_process_sync_call
01-14 12:26:14.603 V/locapi_rpc_glue( 1574): -loc_api_callback_process_sync_call, no sync call in use
01-14 12:26:14.603 D/RPC     ( 1574): written RPC packet size: [28]
01-14 12:26:14.603 D/RPC     ( 1574): read RPC packet
01-14 12:26:14.603 D/RPC     ( 1574): read RPC packet size: [272]
01-14 12:26:14.603 V/locapi_rpc_glue( 1574): Callback received: 4 (cb_id=0x6260000 handle=1)
01-14 12:26:14.613 V/locapi_rpc_glue( 1574): +loc_api_callback_process_sync_call
01-14 12:26:14.613 V/locapi_rpc_glue( 1574): -loc_api_callback_process_sync_call, no sync call in use
01-14 12:26:14.613 D/RPC     ( 1574): written RPC packet size: [28]
01-14 12:26:14.623 D/RPC     ( 1574): read RPC packet
01-14 12:26:14.623 D/RPC     ( 1574): read RPC packet size: [208]
01-14 12:26:14.623 V/locapi_rpc_glue( 1574): Callback received: 1 (cb_id=0x6260000 handle=1)
01-14 12:26:14.633 V/locapi_rpc_glue( 1574): +loc_api_callback_process_sync_call
01-14 12:26:14.633 V/locapi_rpc_glue( 1574): -loc_api_callback_process_sync_call, no sync call in use
01-14 12:26:14.633 D/lib_locapi( 1574): loc_eng_report_position: valid mask = 0x606d, sess status = 1
01-14 12:26:14.633 D/RPC     ( 1574): written RPC packet size: [28]
01-14 12:26:15.324 I/System.out( 2826): Values: 0.0 0.0
01-14 12:26:15.534 D/RPC     ( 1574): read RPC packet
01-14 12:26:15.534 D/RPC     ( 1574): read RPC packet size: [272]
01-14 12:26:15.534 V/locapi_rpc_glue( 1574): Callback received: 4 (cb_id=0x6260000 handle=1)
01-14 12:26:15.534 V/locapi_rpc_glue( 1574): +loc_api_callback_process_sync_call
01-14 12:26:15.534 V/locapi_rpc_glue( 1574): -loc_api_callback_process_sync_call, no sync call in use
01-14 12:26:15.534 D/RPC     ( 1574): written RPC packet size: [28]
01-14 12:26:15.534 D/RPC     ( 1574): read RPC packet
01-14 12:26:15.534 D/RPC     ( 1574): read RPC packet size: [272]
01-14 12:26:15.544 V/locapi_rpc_glue( 1574): Callback received: 4 (cb_id=0x6260000 handle=1)
01-14 12:26:15.544 V/locapi_rpc_glue( 1574): +loc_api_callback_process_sync_call
01-14 12:26:15.544 V/locapi_rpc_glue( 1574): -loc_api_callback_process_sync_call, no sync call in use
01-14 12:26:15.544 D/RPC     ( 1574): written RPC packet size: [28]
01-14 12:26:15.544 D/RPC     ( 1574): read RPC packet
01-14 12:26:15.544 D/RPC     ( 1574): read RPC packet size: [272]
01-14 12:26:15.544 V/locapi_rpc_glue( 1574): Callback received: 4 (cb_id=0x6260000 handle=1)
01-14 12:26:15.554 V/locapi_rpc_glue( 1574): +loc_api_callback_process_sync_call
01-14 12:26:15.554 V/locapi_rpc_glue( 1574): -loc_api_callback_process_sync_call, no sync call in use
01-14 12:26:15.554 D/RPC     ( 1574): written RPC packet size: [28]
01-14 12:26:15.554 D/RPC     ( 1574): read RPC packet
01-14 12:26:15.554 D/RPC     ( 1574): read RPC packet size: [272]
01-14 12:26:15.554 V/locapi_rpc_glue( 1574): Callback received: 4 (cb_id=0x6260000 handle=1)
01-14 12:26:15.554 V/locapi_rpc_glue( 1574): +loc_api_callback_process_sync_call
01-14 12:26:15.564 V/locapi_rpc_glue( 1574): -loc_api_callback_process_sync_call, no sync call in use
01-14 12:26:15.564 D/RPC     ( 1574): written RPC packet size: [28]
01-14 12:26:15.564 D/RPC     ( 1574): read RPC packet
01-14 12:26:15.564 D/RPC     ( 1574): read RPC packet size: [96]
01-14 12:26:15.574 V/locapi_rpc_glue( 1574): Callback received: 2 (cb_id=0x6260000 handle=1)
01-14 12:26:15.574 V/locapi_rpc_glue( 1574): +loc_api_callback_process_sync_call
01-14 12:26:15.574 V/locapi_rpc_glue( 1574): -loc_api_callback_process_sync_call, no sync call in use
01-14 12:26:15.574 D/lib_locapi( 1574): loc_eng_report_sv: valid_mask = 0x30, num of sv = 0
01-14 12:26:15.574 D/GpsLocationProvider( 1574): reportSvStatus
01-14 12:26:15.574 V/GpsLocationProvider( 1574): SV count: 0 ephemerisMask: 0 almanacMask: 0
01-14 12:26:15.584 D/RPC     ( 1574): written RPC packet size: [28]
01-14 12:26:15.584 D/RPC     ( 1574): read RPC packet
01-14 12:26:15.584 D/RPC     ( 1574): read RPC packet size: [272]
01-14 12:26:15.584 V/locapi_rpc_glue( 1574): Callback received: 4 (cb_id=0x6260000 handle=1)
01-14 12:26:15.584 V/locapi_rpc_glue( 1574): +loc_api_callback_process_sync_call
01-14 12:26:15.584 V/locapi_rpc_glue( 1574): -loc_api_callback_process_sync_call, no sync call in use
01-14 12:26:15.584 D/RPC     ( 1574): written RPC packet size: [28]
01-14 12:26:15.594 D/RPC     ( 1574): read RPC packet
01-14 12:26:15.594 D/RPC     ( 1574): read RPC packet size: [272]
01-14 12:26:15.594 V/locapi_rpc_glue( 1574): Callback received: 4 (cb_id=0x6260000 handle=1)
01-14 12:26:15.594 V/locapi_rpc_glue( 1574): +loc_api_callback_process_sync_call
01-14 12:26:15.594 V/locapi_rpc_glue( 1574): -loc_api_callback_process_sync_call, no sync call in use
01-14 12:26:15.594 D/RPC     ( 1574): written RPC packet size: [28]
01-14 12:26:15.594 D/RPC     ( 1574): read RPC packet
01-14 12:26:15.604 D/RPC     ( 1574): read RPC packet size: [272]
01-14 12:26:15.604 V/locapi_rpc_glue( 1574): Callback received: 4 (cb_id=0x6260000 handle=1)
01-14 12:26:15.604 V/locapi_rpc_glue( 1574): +loc_api_callback_process_sync_call
01-14 12:26:15.604 V/locapi_rpc_glue( 1574): -loc_api_callback_process_sync_call, no sync call in use
01-14 12:26:15.604 D/RPC     ( 1574): written RPC packet size: [28]
01-14 12:26:15.604 D/RPC     ( 1574): read RPC packet
01-14 12:26:15.614 D/RPC     ( 1574): read RPC packet size: [272]
01-14 12:26:15.614 V/locapi_rpc_glue( 1574): Callback received: 4 (cb_id=0x6260000 handle=1)
01-14 12:26:15.614 V/locapi_rpc_glue( 1574): +loc_api_callback_process_sync_call
01-14 12:26:15.614 V/locapi_rpc_glue( 1574): -loc_api_callback_process_sync_call, no sync call in use
01-14 12:26:15.614 D/RPC     ( 1574): written RPC packet size: [28]
01-14 12:26:15.624 D/RPC     ( 1574): read RPC packet
01-14 12:26:15.624 D/RPC     ( 1574): read RPC packet size: [208]
01-14 12:26:15.634 V/locapi_rpc_glue( 1574): Callback received: 1 (cb_id=0x6260000 handle=1)
01-14 12:26:15.634 V/locapi_rpc_glue( 1574): +loc_api_callback_process_sync_call
01-14 12:26:15.634 V/locapi_rpc_glue( 1574): -loc_api_callback_process_sync_call, no sync call in use
01-14 12:26:15.634 D/lib_locapi( 1574): loc_eng_report_position: valid mask = 0x606d, sess status = 1
01-14 12:26:15.634 D/RPC     ( 1574): written RPC packet size: [28]
01-14 12:26:16.325 I/System.out( 2826): Values: 0.0 0.0
01-14 12:26:16.535 D/RPC     ( 1574): read RPC packet
01-14 12:26:16.535 D/RPC     ( 1574): read RPC packet size: [272]
01-14 12:26:16.535 V/locapi_rpc_glue( 1574): Callback received: 4 (cb_id=0x6260000 handle=1)
01-14 12:26:16.535 V/locapi_rpc_glue( 1574): +loc_api_callback_process_sync_call
01-14 12:26:16.535 V/locapi_rpc_glue( 1574): -loc_api_callback_process_sync_call, no sync call in use
01-14 12:26:16.535 D/RPC     ( 1574): written RPC packet size: [28]
01-14 12:26:16.535 D/RPC     ( 1574): read RPC packet
01-14 12:26:16.535 D/RPC     ( 1574): read RPC packet size: [272]
01-14 12:26:16.545 V/locapi_rpc_glue( 1574): Callback received: 4 (cb_id=0x6260000 handle=1)
01-14 12:26:16.545 V/locapi_rpc_glue( 1574): +loc_api_callback_process_sync_call
01-14 12:26:16.545 V/locapi_rpc_glue( 1574): -loc_api_callback_process_sync_call, no sync call in use
01-14 12:26:16.545 D/RPC     ( 1574): written RPC packet size: [28]
01-14 12:26:16.545 D/RPC     ( 1574): read RPC packet
01-14 12:26:16.545 D/RPC     ( 1574): read RPC packet size: [272]
01-14 12:26:16.545 V/locapi_rpc_glue( 1574): Callback received: 4 (cb_id=0x6260000 handle=1)
01-14 12:26:16.555 V/locapi_rpc_glue( 1574): +loc_api_callback_process_sync_call
01-14 12:26:16.555 V/locapi_rpc_glue( 1574): -loc_api_callback_process_sync_call, no sync call in use
01-14 12:26:16.555 D/RPC     ( 1574): written RPC packet size: [28]
01-14 12:26:16.555 D/RPC     ( 1574): read RPC packet
01-14 12:26:16.555 D/RPC     ( 1574): read RPC packet size: [272]
01-14 12:26:16.555 V/locapi_rpc_glue( 1574): Callback received: 4 (cb_id=0x6260000 handle=1)
01-14 12:26:16.555 V/locapi_rpc_glue( 1574): +loc_api_callback_process_sync_call
01-14 12:26:16.565 V/locapi_rpc_glue( 1574): -loc_api_callback_process_sync_call, no sync call in use
01-14 12:26:16.565 D/RPC     ( 1574): written RPC packet size: [28]
01-14 12:26:16.565 D/RPC     ( 1574): read RPC packet
01-14 12:26:16.575 D/RPC     ( 1574): read RPC packet size: [96]
01-14 12:26:16.575 V/locapi_rpc_glue( 1574): Callback received: 2 (cb_id=0x6260000 handle=1)
01-14 12:26:16.575 V/locapi_rpc_glue( 1574): +loc_api_callback_process_sync_call
01-14 12:26:16.575 V/locapi_rpc_glue( 1574): -loc_api_callback_process_sync_call, no sync call in use
01-14 12:26:16.585 D/lib_locapi( 1574): loc_eng_report_sv: valid_mask = 0x30, num of sv = 0
01-14 12:26:16.585 D/GpsLocationProvider( 1574): reportSvStatus
01-14 12:26:16.585 V/GpsLocationProvider( 1574): SV count: 0 ephemerisMask: 0 almanacMask: 0
01-14 12:26:16.585 D/RPC     ( 1574): written RPC packet size: [28]
01-14 12:26:16.585 D/RPC     ( 1574): read RPC packet
01-14 12:26:16.595 D/RPC     ( 1574): read RPC packet size: [272]
01-14 12:26:16.595 V/locapi_rpc_glue( 1574): Callback received: 4 (cb_id=0x6260000 handle=1)
01-14 12:26:16.595 V/locapi_rpc_glue( 1574): +loc_api_callback_process_sync_call
01-14 12:26:16.595 V/locapi_rpc_glue( 1574): -loc_api_callback_process_sync_call, no sync call in use
01-14 12:26:16.595 D/RPC     ( 1574): written RPC packet size: [28]
01-14 12:26:16.595 D/RPC     ( 1574): read RPC packet
01-14 12:26:16.595 D/RPC     ( 1574): read RPC packet size: [272]
01-14 12:26:16.595 V/locapi_rpc_glue( 1574): Callback received: 4 (cb_id=0x6260000 handle=1)
01-14 12:26:16.605 V/locapi_rpc_glue( 1574): +loc_api_callback_process_sync_call
01-14 12:26:16.605 V/locapi_rpc_glue( 1574): -loc_api_callback_process_sync_call, no sync call in use
01-14 12:26:16.605 D/RPC     ( 1574): written RPC packet size: [28]
01-14 12:26:16.605 D/RPC     ( 1574): read RPC packet
01-14 12:26:16.605 D/RPC     ( 1574): read RPC packet size: [272]
01-14 12:26:16.605 V/locapi_rpc_glue( 1574): Callback received: 4 (cb_id=0x6260000 handle=1)
01-14 12:26:16.615 V/locapi_rpc_glue( 1574): +loc_api_callback_process_sync_call
01-14 12:26:16.615 V/locapi_rpc_glue( 1574): -loc_api_callback_process_sync_call, no sync call in use
01-14 12:26:16.615 D/RPC     ( 1574): written RPC packet size: [28]
01-14 12:26:16.615 D/RPC     ( 1574): read RPC packet
01-14 12:26:16.615 D/RPC     ( 1574): read RPC packet size: [272]
01-14 12:26:16.615 V/locapi_rpc_glue( 1574): Callback received: 4 (cb_id=0x6260000 handle=1)
01-14 12:26:16.615 V/locapi_rpc_glue( 1574): +loc_api_callback_process_sync_call
01-14 12:26:16.625 V/locapi_rpc_glue( 1574): -loc_api_callback_process_sync_call, no sync call in use
01-14 12:26:16.625 D/RPC     ( 1574): written RPC packet size: [28]
01-14 12:26:16.625 D/RPC     ( 1574): read RPC packet
01-14 12:26:16.635 D/RPC     ( 1574): read RPC packet size: [208]
01-14 12:26:16.635 V/locapi_rpc_glue( 1574): Callback received: 1 (cb_id=0x6260000 handle=1)
01-14 12:26:16.635 V/locapi_rpc_glue( 1574): +loc_api_callback_process_sync_call
01-14 12:26:16.635 V/locapi_rpc_glue( 1574): -loc_api_callback_process_sync_call, no sync call in use
01-14 12:26:16.635 D/lib_locapi( 1574): loc_eng_report_position: valid mask = 0x606d, sess status = 1
01-14 12:26:16.635 D/RPC     ( 1574): written RPC packet size: [28]
01-14 12:26:17.326 I/System.out( 2826): Values: 0.0 0.0
01-14 12:26:17.346 D/ConnectToPCService( 2844): --onCreate()
01-14 12:26:17.356 D/UsbConnectedReceiver( 2844): action = need_to_initialize_action_usb_state
01-14 12:26:17.536 D/RPC     ( 1574): read RPC packet
01-14 12:26:17.536 D/RPC     ( 1574): read RPC packet size: [272]
01-14 12:26:17.536 V/locapi_rpc_glue( 1574): Callback received: 4 (cb_id=0x6260000 handle=1)
01-14 12:26:17.536 V/locapi_rpc_glue( 1574): +loc_api_callback_process_sync_call
01-14 12:26:17.536 V/locapi_rpc_glue( 1574): -loc_api_callback_process_sync_call, no sync call in use
01-14 12:26:17.536 D/RPC     ( 1574): written RPC packet size: [28]
01-14 12:26:17.536 D/RPC     ( 1574): read RPC packet
01-14 12:26:17.536 D/RPC     ( 1574): read RPC packet size: [272]
01-14 12:26:17.546 V/locapi_rpc_glue( 1574): Callback received: 4 (cb_id=0x6260000 handle=1)
01-14 12:26:17.546 V/locapi_rpc_glue( 1574): +loc_api_callback_process_sync_call
01-14 12:26:17.546 V/locapi_rpc_glue( 1574): -loc_api_callback_process_sync_call, no sync call in use
01-14 12:26:17.546 D/RPC     ( 1574): written RPC packet size: [28]
01-14 12:26:17.546 D/RPC     ( 1574): read RPC packet
01-14 12:26:17.546 D/RPC     ( 1574): read RPC packet size: [272]
01-14 12:26:17.546 V/locapi_rpc_glue( 1574): Callback received: 4 (cb_id=0x6260000 handle=1)
01-14 12:26:17.556 V/locapi_rpc_glue( 1574): +loc_api_callback_process_sync_call
01-14 12:26:17.556 V/locapi_rpc_glue( 1574): -loc_api_callback_process_sync_call, no sync call in use
01-14 12:26:17.556 D/RPC     ( 1574): written RPC packet size: [28]
01-14 12:26:17.556 D/RPC     ( 1574): read RPC packet
01-14 12:26:17.556 D/RPC     ( 1574): read RPC packet size: [272]
01-14 12:26:17.556 V/locapi_rpc_glue( 1574): Callback received: 4 (cb_id=0x6260000 handle=1)
01-14 12:26:17.556 V/locapi_rpc_glue( 1574): +loc_api_callback_process_sync_call
01-14 12:26:17.566 V/locapi_rpc_glue( 1574): -loc_api_callback_process_sync_call, no sync call in use
01-14 12:26:17.566 D/RPC     ( 1574): written RPC packet size: [28]
01-14 12:26:17.566 D/RPC     ( 1574): read RPC packet
01-14 12:26:17.566 D/RPC     ( 1574): read RPC packet size: [96]
01-14 12:26:17.566 V/locapi_rpc_glue( 1574): Callback received: 2 (cb_id=0x6260000 handle=1)
01-14 12:26:17.576 V/locapi_rpc_glue( 1574): +loc_api_callback_process_sync_call
01-14 12:26:17.576 V/locapi_rpc_glue( 1574): -loc_api_callback_process_sync_call, no sync call in use
01-14 12:26:17.586 D/lib_locapi( 1574): loc_eng_report_sv: valid_mask = 0x30, num of sv = 0
01-14 12:26:17.586 D/GpsLocationProvider( 1574): reportSvStatus
01-14 12:26:17.586 V/GpsLocationProvider( 1574): SV count: 0 ephemerisMask: 0 almanacMask: 0
01-14 12:26:17.586 D/RPC     ( 1574): written RPC packet size: [28]
01-14 12:26:17.586 D/RPC     ( 1574): read RPC packet
01-14 12:26:17.596 D/RPC     ( 1574): read RPC packet size: [272]
01-14 12:26:17.596 V/locapi_rpc_glue( 1574): Callback received: 4 (cb_id=0x6260000 handle=1)
01-14 12:26:17.596 V/locapi_rpc_glue( 1574): +loc_api_callback_process_sync_call
01-14 12:26:17.596 V/locapi_rpc_glue( 1574): -loc_api_callback_process_sync_call, no sync call in use
01-14 12:26:17.596 D/RPC     ( 1574): written RPC packet size: [28]
01-14 12:26:17.596 D/RPC     ( 1574): read RPC packet
01-14 12:26:17.596 D/RPC     ( 1574): read RPC packet size: [272]
01-14 12:26:17.596 V/locapi_rpc_glue( 1574): Callback received: 4 (cb_id=0x6260000 handle=1)
01-14 12:26:17.606 V/locapi_rpc_glue( 1574): +loc_api_callback_process_sync_call
01-14 12:26:17.606 V/locapi_rpc_glue( 1574): -loc_api_callback_process_sync_call, no sync call in use
01-14 12:26:17.606 D/RPC     ( 1574): written RPC packet size: [28]
01-14 12:26:17.606 D/RPC     ( 1574): read RPC packet
01-14 12:26:17.606 D/RPC     ( 1574): read RPC packet size: [272]
01-14 12:26:17.606 V/locapi_rpc_glue( 1574): Callback received: 4 (cb_id=0x6260000 handle=1)
01-14 12:26:17.616 V/locapi_rpc_glue( 1574): +loc_api_callback_process_sync_call
01-14 12:26:17.616 V/locapi_rpc_glue( 1574): -loc_api_callback_process_sync_call, no sync call in use
01-14 12:26:17.616 D/RPC     ( 1574): written RPC packet size: [28]
01-14 12:26:17.616 D/RPC     ( 1574): read RPC packet
01-14 12:26:17.616 D/RPC     ( 1574): read RPC packet size: [272]
01-14 12:26:17.616 V/locapi_rpc_glue( 1574): Callback received: 4 (cb_id=0x6260000 handle=1)
01-14 12:26:17.616 V/locapi_rpc_glue( 1574): +loc_api_callback_process_sync_call
01-14 12:26:17.626 V/locapi_rpc_glue( 1574): -loc_api_callback_process_sync_call, no sync call in use
01-14 12:26:17.626 D/RPC     ( 1574): written RPC packet size: [28]
01-14 12:26:17.636 D/RPC     ( 1574): read RPC packet
01-14 12:26:17.636 D/RPC     ( 1574): read RPC packet size: [208]
01-14 12:26:17.636 V/locapi_rpc_glue( 1574): Callback received: 1 (cb_id=0x6260000 handle=1)
01-14 12:26:17.636 V/locapi_rpc_glue( 1574): +loc_api_callback_process_sync_call
01-14 12:26:17.636 V/locapi_rpc_glue( 1574): -loc_api_callback_process_sync_call, no sync call in use
01-14 12:26:17.636 D/lib_locapi( 1574): loc_eng_report_position: valid mask = 0x606d, sess status = 1
01-14 12:26:17.636 D/RPC     ( 1574): written RPC packet size: [28]
01-14 12:26:18.327 I/System.out( 2826): Values: 0.0 0.0
01-14 12:26:18.537 D/RPC     ( 1574): read RPC packet
01-14 12:26:18.537 D/RPC     ( 1574): read RPC packet size: [272]
01-14 12:26:18.537 V/locapi_rpc_glue( 1574): Callback received: 4 (cb_id=0x6260000 handle=1)
01-14 12:26:18.537 V/locapi_rpc_glue( 1574): +loc_api_callback_process_sync_call
01-14 12:26:18.537 V/locapi_rpc_glue( 1574): -loc_api_callback_process_sync_call, no sync call in use
01-14 12:26:18.537 D/RPC     ( 1574): written RPC packet size: [28]
01-14 12:26:18.537 D/RPC     ( 1574): read RPC packet
01-14 12:26:18.547 D/RPC     ( 1574): read RPC packet size: [272]
01-14 12:26:18.547 V/locapi_rpc_glue( 1574): Callback received: 4 (cb_id=0x6260000 handle=1)
01-14 12:26:18.547 V/locapi_rpc_glue( 1574): +loc_api_callback_process_sync_call
01-14 12:26:18.547 V/locapi_rpc_glue( 1574): -loc_api_callback_process_sync_call, no sync call in use
01-14 12:26:18.547 D/RPC     ( 1574): written RPC packet size: [28]
01-14 12:26:18.547 D/RPC     ( 1574): read RPC packet
01-14 12:26:18.547 D/RPC     ( 1574): read RPC packet size: [272]
01-14 12:26:18.557 V/locapi_rpc_glue( 1574): Callback received: 4 (cb_id=0x6260000 handle=1)
01-14 12:26:18.557 V/locapi_rpc_glue( 1574): +loc_api_callback_process_sync_call
01-14 12:26:18.557 V/locapi_rpc_glue( 1574): -loc_api_callback_process_sync_call, no sync call in use
01-14 12:26:18.557 D/RPC     ( 1574): written RPC packet size: [28]
