01-14 17:17:30.154 D/RPC     ( 1576): read RPC packet size: [96]
01-14 17:17:30.154 V/locapi_rpc_glue( 1576): Callback received: 2 (cb_id=0x6280000 handle=1)
01-14 17:17:30.154 V/locapi_rpc_glue( 1576): +loc_api_callback_process_sync_call
01-14 17:17:30.154 V/locapi_rpc_glue( 1576): -loc_api_callback_process_sync_call, no sync call in use
01-14 17:17:30.154 D/lib_locapi( 1576): loc_eng_report_sv: valid_mask = 0x30, num of sv = 0
01-14 17:17:30.154 D/GpsLocationProvider( 1576): reportSvStatus
01-14 17:17:30.154 V/GpsLocationProvider( 1576): SV count: 0 ephemerisMask: 0 almanacMask: 0
01-14 17:17:30.154 D/RPC     ( 1576): written RPC packet size: [28]
01-14 17:17:30.154 D/RPC     ( 1576): read RPC packet
01-14 17:17:30.154 D/RPC     ( 1576): read RPC packet size: [272]
01-14 17:17:30.154 V/locapi_rpc_glue( 1576): Callback received: 4 (cb_id=0x6280000 handle=1)
01-14 17:17:30.154 V/locapi_rpc_glue( 1576): +loc_api_callback_process_sync_call
01-14 17:17:30.154 V/locapi_rpc_glue( 1576): -loc_api_callback_process_sync_call, no sync call in use
01-14 17:17:30.164 D/RPC     ( 1576): written RPC packet size: [28]
01-14 17:17:30.164 D/RPC     ( 1576): read RPC packet
01-14 17:17:30.164 D/RPC     ( 1576): read RPC packet size: [272]
01-14 17:17:30.164 V/locapi_rpc_glue( 1576): Callback received: 4 (cb_id=0x6280000 handle=1)
01-14 17:17:30.164 V/locapi_rpc_glue( 1576): +loc_api_callback_process_sync_call
01-14 17:17:30.164 V/locapi_rpc_glue( 1576): -loc_api_callback_process_sync_call, no sync call in use
01-14 17:17:30.164 D/RPC     ( 1576): written RPC packet size: [28]
01-14 17:17:30.164 D/RPC     ( 1576): read RPC packet
01-14 17:17:30.164 D/RPC     ( 1576): read RPC packet size: [272]
01-14 17:17:30.164 V/locapi_rpc_glue( 1576): Callback received: 4 (cb_id=0x6280000 handle=1)
01-14 17:17:30.164 V/locapi_rpc_glue( 1576): +loc_api_callback_process_sync_call
01-14 17:17:30.164 V/locapi_rpc_glue( 1576): -loc_api_callback_process_sync_call, no sync call in use
01-14 17:17:30.164 D/RPC     ( 1576): written RPC packet size: [28]
01-14 17:17:30.174 D/RPC     ( 1576): read RPC packet
01-14 17:17:30.174 D/RPC     ( 1576): read RPC packet size: [272]
01-14 17:17:30.174 V/locapi_rpc_glue( 1576): Callback received: 4 (cb_id=0x6280000 handle=1)
01-14 17:17:30.174 V/locapi_rpc_glue( 1576): +loc_api_callback_process_sync_call
01-14 17:17:30.174 V/locapi_rpc_glue( 1576): -loc_api_callback_process_sync_call, no sync call in use
01-14 17:17:30.174 D/RPC     ( 1576): written RPC packet size: [28]
01-14 17:17:30.224 D/RPC     ( 1576): read RPC packet
01-14 17:17:30.224 D/RPC     ( 1576): read RPC packet size: [208]
01-14 17:17:30.224 V/locapi_rpc_glue( 1576): Callback received: 1 (cb_id=0x6280000 handle=1)
01-14 17:17:30.224 V/locapi_rpc_glue( 1576): +loc_api_callback_process_sync_call
01-14 17:17:30.224 V/locapi_rpc_glue( 1576): -loc_api_callback_process_sync_call, no sync call in use
01-14 17:17:30.224 D/lib_locapi( 1576): loc_eng_report_position: valid mask = 0x606d, sess status = 1
01-14 17:17:30.224 D/RPC     ( 1576): written RPC packet size: [28]
01-14 17:17:30.995 I/System.out( 2710): Values: 0.0 0.0
01-14 17:17:31.135 D/RPC     ( 1576): read RPC packet
01-14 17:17:31.135 D/RPC     ( 1576): read RPC packet size: [272]
01-14 17:17:31.135 V/locapi_rpc_glue( 1576): Callback received: 4 (cb_id=0x6280000 handle=1)
01-14 17:17:31.135 V/locapi_rpc_glue( 1576): +loc_api_callback_process_sync_call
01-14 17:17:31.135 V/locapi_rpc_glue( 1576): -loc_api_callback_process_sync_call, no sync call in use
01-14 17:17:31.135 D/RPC     ( 1576): written RPC packet size: [28]
01-14 17:17:31.135 D/RPC     ( 1576): read RPC packet
01-14 17:17:31.135 D/RPC     ( 1576): read RPC packet size: [272]
01-14 17:17:31.135 V/locapi_rpc_glue( 1576): Callback received: 4 (cb_id=0x6280000 handle=1)
01-14 17:17:31.135 V/locapi_rpc_glue( 1576): +loc_api_callback_process_sync_call
01-14 17:17:31.135 V/locapi_rpc_glue( 1576): -loc_api_callback_process_sync_call, no sync call in use
01-14 17:17:31.135 D/RPC     ( 1576): written RPC packet size: [28]
01-14 17:17:31.145 D/RPC     ( 1576): read RPC packet
01-14 17:17:31.145 D/RPC     ( 1576): read RPC packet size: [272]
01-14 17:17:31.145 V/locapi_rpc_glue( 1576): Callback received: 4 (cb_id=0x6280000 handle=1)
01-14 17:17:31.145 V/locapi_rpc_glue( 1576): +loc_api_callback_process_sync_call
01-14 17:17:31.145 V/locapi_rpc_glue( 1576): -loc_api_callback_process_sync_call, no sync call in use
01-14 17:17:31.145 D/RPC     ( 1576): written RPC packet size: [28]
01-14 17:17:31.145 D/RPC     ( 1576): read RPC packet
01-14 17:17:31.145 D/RPC     ( 1576): read RPC packet size: [272]
01-14 17:17:31.145 V/locapi_rpc_glue( 1576): Callback received: 4 (cb_id=0x6280000 handle=1)
01-14 17:17:31.145 V/locapi_rpc_glue( 1576): +loc_api_callback_process_sync_call
01-14 17:17:31.145 V/locapi_rpc_glue( 1576): -loc_api_callback_process_sync_call, no sync call in use
01-14 17:17:31.145 D/RPC     ( 1576): written RPC packet size: [28]
01-14 17:17:31.155 D/RPC     ( 1576): read RPC packet
01-14 17:17:31.155 D/RPC     ( 1576): read RPC packet size: [96]
01-14 17:17:31.155 V/locapi_rpc_glue( 1576): Callback received: 2 (cb_id=0x6280000 handle=1)
01-14 17:17:31.155 V/locapi_rpc_glue( 1576): +loc_api_callback_process_sync_call
01-14 17:17:31.155 V/locapi_rpc_glue( 1576): -loc_api_callback_process_sync_call, no sync call in use
01-14 17:17:31.155 D/lib_locapi( 1576): loc_eng_report_sv: valid_mask = 0x30, num of sv = 0
01-14 17:17:31.155 D/GpsLocationProvider( 1576): reportSvStatus
01-14 17:17:31.155 V/GpsLocationProvider( 1576): SV count: 0 ephemerisMask: 0 almanacMask: 0
01-14 17:17:31.155 D/RPC     ( 1576): written RPC packet size: [28]
01-14 17:17:31.165 D/RPC     ( 1576): read RPC packet
01-14 17:17:31.165 D/RPC     ( 1576): read RPC packet size: [272]
01-14 17:17:31.165 V/locapi_rpc_glue( 1576): Callback received: 4 (cb_id=0x6280000 handle=1)
01-14 17:17:31.165 V/locapi_rpc_glue( 1576): +loc_api_callback_process_sync_call
01-14 17:17:31.165 V/locapi_rpc_glue( 1576): -loc_api_callback_process_sync_call, no sync call in use
01-14 17:17:31.165 D/RPC     ( 1576): written RPC packet size: [28]
01-14 17:17:31.165 D/RPC     ( 1576): read RPC packet
01-14 17:17:31.165 D/RPC     ( 1576): read RPC packet size: [272]
01-14 17:17:31.165 V/locapi_rpc_glue( 1576): Callback received: 4 (cb_id=0x6280000 handle=1)
01-14 17:17:31.165 V/locapi_rpc_glue( 1576): +loc_api_callback_process_sync_call
01-14 17:17:31.165 V/locapi_rpc_glue( 1576): -loc_api_callback_process_sync_call, no sync call in use
01-14 17:17:31.165 D/RPC     ( 1576): written RPC packet size: [28]
01-14 17:17:31.175 D/RPC     ( 1576): read RPC packet
01-14 17:17:31.175 D/RPC     ( 1576): read RPC packet size: [272]
01-14 17:17:31.175 V/locapi_rpc_glue( 1576): Callback received: 4 (cb_id=0x6280000 handle=1)
01-14 17:17:31.175 V/locapi_rpc_glue( 1576): +loc_api_callback_process_sync_call
01-14 17:17:31.175 V/locapi_rpc_glue( 1576): -loc_api_callback_process_sync_call, no sync call in use
01-14 17:17:31.175 D/RPC     ( 1576): written RPC packet size: [28]
01-14 17:17:31.175 D/RPC     ( 1576): read RPC packet
01-14 17:17:31.175 D/RPC     ( 1576): read RPC packet size: [272]
01-14 17:17:31.175 V/locapi_rpc_glue( 1576): Callback received: 4 (cb_id=0x6280000 handle=1)
01-14 17:17:31.175 V/locapi_rpc_glue( 1576): +loc_api_callback_process_sync_call
01-14 17:17:31.185 V/locapi_rpc_glue( 1576): -loc_api_callback_process_sync_call, no sync call in use
01-14 17:17:31.185 D/RPC     ( 1576): written RPC packet size: [28]
01-14 17:17:31.225 D/RPC     ( 1576): read RPC packet
01-14 17:17:31.225 D/RPC     ( 1576): read RPC packet size: [208]
01-14 17:17:31.225 V/locapi_rpc_glue( 1576): Callback received: 1 (cb_id=0x6280000 handle=1)
01-14 17:17:31.225 V/locapi_rpc_glue( 1576): +loc_api_callback_process_sync_call
01-14 17:17:31.225 V/locapi_rpc_glue( 1576): -loc_api_callback_process_sync_call, no sync call in use
01-14 17:17:31.225 D/lib_locapi( 1576): loc_eng_report_position: valid mask = 0x606d, sess status = 1
01-14 17:17:31.225 D/RPC     ( 1576): written RPC packet size: [28]
01-14 17:17:31.996 I/System.out( 2710): Values: 0.0 0.0
01-14 17:17:32.136 D/RPC     ( 1576): read RPC packet
01-14 17:17:32.136 D/RPC     ( 1576): read RPC packet size: [272]
01-14 17:17:32.136 V/locapi_rpc_glue( 1576): Callback received: 4 (cb_id=0x6280000 handle=1)
01-14 17:17:32.136 V/locapi_rpc_glue( 1576): +loc_api_callback_process_sync_call
01-14 17:17:32.136 V/locapi_rpc_glue( 1576): -loc_api_callback_process_sync_call, no sync call in use
01-14 17:17:32.136 D/RPC     ( 1576): written RPC packet size: [28]
01-14 17:17:32.136 D/RPC     ( 1576): read RPC packet
01-14 17:17:32.136 D/RPC     ( 1576): read RPC packet size: [272]
01-14 17:17:32.136 V/locapi_rpc_glue( 1576): Callback received: 4 (cb_id=0x6280000 handle=1)
01-14 17:17:32.136 V/locapi_rpc_glue( 1576): +loc_api_callback_process_sync_call
01-14 17:17:32.136 V/locapi_rpc_glue( 1576): -loc_api_callback_process_sync_call, no sync call in use
01-14 17:17:32.146 D/RPC     ( 1576): written RPC packet size: [28]
01-14 17:17:32.146 D/RPC     ( 1576): read RPC packet
01-14 17:17:32.146 D/RPC     ( 1576): read RPC packet size: [272]
01-14 17:17:32.146 V/locapi_rpc_glue( 1576): Callback received: 4 (cb_id=0x6280000 handle=1)
01-14 17:17:32.146 V/locapi_rpc_glue( 1576): +loc_api_callback_process_sync_call
01-14 17:17:32.146 V/locapi_rpc_glue( 1576): -loc_api_callback_process_sync_call, no sync call in use
01-14 17:17:32.146 D/RPC     ( 1576): written RPC packet size: [28]
01-14 17:17:32.146 D/RPC     ( 1576): read RPC packet
01-14 17:17:32.146 D/RPC     ( 1576): read RPC packet size: [272]
01-14 17:17:32.146 V/locapi_rpc_glue( 1576): Callback received: 4 (cb_id=0x6280000 handle=1)
01-14 17:17:32.146 V/locapi_rpc_glue( 1576): +loc_api_callback_process_sync_call
01-14 17:17:32.146 V/locapi_rpc_glue( 1576): -loc_api_callback_process_sync_call, no sync call in use
01-14 17:17:32.156 D/RPC     ( 1576): written RPC packet size: [28]
01-14 17:17:32.156 D/RPC     ( 1576): read RPC packet
01-14 17:17:32.156 D/RPC     ( 1576): read RPC packet size: [96]
01-14 17:17:32.156 V/locapi_rpc_glue( 1576): Callback received: 2 (cb_id=0x6280000 handle=1)
01-14 17:17:32.156 V/locapi_rpc_glue( 1576): +loc_api_callback_process_sync_call
01-14 17:17:32.156 V/locapi_rpc_glue( 1576): -loc_api_callback_process_sync_call, no sync call in use
01-14 17:17:32.156 D/lib_locapi( 1576): loc_eng_report_sv: valid_mask = 0x30, num of sv = 0
01-14 17:17:32.156 D/GpsLocationProvider( 1576): reportSvStatus
01-14 17:17:32.156 V/GpsLocationProvider( 1576): SV count: 0 ephemerisMask: 0 almanacMask: 0
01-14 17:17:32.156 D/RPC     ( 1576): written RPC packet size: [28]
01-14 17:17:32.166 D/RPC     ( 1576): read RPC packet
01-14 17:17:32.166 D/RPC     ( 1576): read RPC packet size: [272]
01-14 17:17:32.166 V/locapi_rpc_glue( 1576): Callback received: 4 (cb_id=0x6280000 handle=1)
01-14 17:17:32.166 V/locapi_rpc_glue( 1576): +loc_api_callback_process_sync_call
01-14 17:17:32.166 V/locapi_rpc_glue( 1576): -loc_api_callback_process_sync_call, no sync call in use
01-14 17:17:32.166 D/RPC     ( 1576): written RPC packet size: [28]
01-14 17:17:32.166 D/RPC     ( 1576): read RPC packet
01-14 17:17:32.166 D/RPC     ( 1576): read RPC packet size: [272]
01-14 17:17:32.166 V/locapi_rpc_glue( 1576): Callback received: 4 (cb_id=0x6280000 handle=1)
01-14 17:17:32.166 V/locapi_rpc_glue( 1576): +loc_api_callback_process_sync_call
01-14 17:17:32.166 V/locapi_rpc_glue( 1576): -loc_api_callback_process_sync_call, no sync call in use
01-14 17:17:32.166 D/RPC     ( 1576): written RPC packet size: [28]
01-14 17:17:32.176 D/RPC     ( 1576): read RPC packet
01-14 17:17:32.176 D/RPC     ( 1576): read RPC packet size: [272]
01-14 17:17:32.176 V/locapi_rpc_glue( 1576): Callback received: 4 (cb_id=0x6280000 handle=1)
01-14 17:17:32.176 V/locapi_rpc_glue( 1576): +loc_api_callback_process_sync_call
01-14 17:17:32.176 V/locapi_rpc_glue( 1576): -loc_api_callback_process_sync_call, no sync call in use
01-14 17:17:32.176 D/RPC     ( 1576): written RPC packet size: [28]
01-14 17:17:32.176 D/RPC     ( 1576): read RPC packet
01-14 17:17:32.176 D/RPC     ( 1576): read RPC packet size: [272]
01-14 17:17:32.176 V/locapi_rpc_glue( 1576): Callback received: 4 (cb_id=0x6280000 handle=1)
01-14 17:17:32.176 V/locapi_rpc_glue( 1576): +loc_api_callback_process_sync_call
01-14 17:17:32.176 V/locapi_rpc_glue( 1576): -loc_api_callback_process_sync_call, no sync call in use
01-14 17:17:32.186 D/RPC     ( 1576): written RPC packet size: [28]
01-14 17:17:32.226 D/RPC     ( 1576): read RPC packet
01-14 17:17:32.226 D/RPC     ( 1576): read RPC packet size: [208]
01-14 17:17:32.226 V/locapi_rpc_glue( 1576): Callback received: 1 (cb_id=0x6280000 handle=1)
01-14 17:17:32.226 V/locapi_rpc_glue( 1576): +loc_api_callback_process_sync_call
01-14 17:17:32.226 V/locapi_rpc_glue( 1576): -loc_api_callback_process_sync_call, no sync call in use
01-14 17:17:32.226 D/lib_locapi( 1576): loc_eng_report_position: valid mask = 0x606d, sess status = 1
01-14 17:17:32.226 D/RPC     ( 1576): written RPC packet size: [28]
01-14 17:17:32.997 I/System.out( 2710): Values: 0.0 0.0
01-14 17:17:33.137 D/RPC     ( 1576): read RPC packet
01-14 17:17:33.137 D/RPC     ( 1576): read RPC packet size: [272]
01-14 17:17:33.137 V/locapi_rpc_glue( 1576): Callback received: 4 (cb_id=0x6280000 handle=1)
01-14 17:17:33.137 V/locapi_rpc_glue( 1576): +loc_api_callback_process_sync_call
01-14 17:17:33.137 V/locapi_rpc_glue( 1576): -loc_api_callback_process_sync_call, no sync call in use
01-14 17:17:33.137 D/RPC     ( 1576): written RPC packet size: [28]
01-14 17:17:33.137 D/RPC     ( 1576): read RPC packet
01-14 17:17:33.137 D/RPC     ( 1576): read RPC packet size: [272]
01-14 17:17:33.137 V/locapi_rpc_glue( 1576): Callback received: 4 (cb_id=0x6280000 handle=1)
01-14 17:17:33.137 V/locapi_rpc_glue( 1576): +loc_api_callback_process_sync_call
01-14 17:17:33.137 V/locapi_rpc_glue( 1576): -loc_api_callback_process_sync_call, no sync call in use
01-14 17:17:33.137 D/RPC     ( 1576): written RPC packet size: [28]
01-14 17:17:33.147 D/RPC     ( 1576): read RPC packet
01-14 17:17:33.147 D/RPC     ( 1576): read RPC packet size: [272]
01-14 17:17:33.147 V/locapi_rpc_glue( 1576): Callback received: 4 (cb_id=0x6280000 handle=1)
01-14 17:17:33.147 V/locapi_rpc_glue( 1576): +loc_api_callback_process_sync_call
01-14 17:17:33.147 V/locapi_rpc_glue( 1576): -loc_api_callback_process_sync_call, no sync call in use
01-14 17:17:33.147 D/RPC     ( 1576): written RPC packet size: [28]
01-14 17:17:33.147 D/RPC     ( 1576): read RPC packet
01-14 17:17:33.147 D/RPC     ( 1576): read RPC packet size: [272]
01-14 17:17:33.147 V/locapi_rpc_glue( 1576): Callback received: 4 (cb_id=0x6280000 handle=1)
01-14 17:17:33.147 V/locapi_rpc_glue( 1576): +loc_api_callback_process_sync_call
01-14 17:17:33.147 V/locapi_rpc_glue( 1576): -loc_api_callback_process_sync_call, no sync call in use
01-14 17:17:33.157 D/RPC     ( 1576): written RPC packet size: [28]
01-14 17:17:33.157 D/RPC     ( 1576): read RPC packet
01-14 17:17:33.157 D/RPC     ( 1576): read RPC packet size: [96]
01-14 17:17:33.157 V/locapi_rpc_glue( 1576): Callback received: 2 (cb_id=0x6280000 handle=1)
01-14 17:17:33.157 V/locapi_rpc_glue( 1576): +loc_api_callback_process_sync_call
01-14 17:17:33.157 V/locapi_rpc_glue( 1576): -loc_api_callback_process_sync_call, no sync call in use
01-14 17:17:33.157 D/lib_locapi( 1576): loc_eng_report_sv: valid_mask = 0x30, num of sv = 0
01-14 17:17:33.157 D/GpsLocationProvider( 1576): reportSvStatus
01-14 17:17:33.157 V/GpsLocationProvider( 1576): SV count: 0 ephemerisMask: 0 almanacMask: 0
01-14 17:17:33.157 D/RPC     ( 1576): written RPC packet size: [28]
01-14 17:17:33.167 D/RPC     ( 1576): read RPC packet
01-14 17:17:33.167 D/RPC     ( 1576): read RPC packet size: [272]
01-14 17:17:33.167 V/locapi_rpc_glue( 1576): Callback received: 4 (cb_id=0x6280000 handle=1)
01-14 17:17:33.167 V/locapi_rpc_glue( 1576): +loc_api_callback_process_sync_call
01-14 17:17:33.167 V/locapi_rpc_glue( 1576): -loc_api_callback_process_sync_call, no sync call in use
01-14 17:17:33.167 D/RPC     ( 1576): written RPC packet size: [28]
01-14 17:17:33.167 D/RPC     ( 1576): read RPC packet
01-14 17:17:33.167 D/RPC     ( 1576): read RPC packet size: [272]
01-14 17:17:33.167 V/locapi_rpc_glue( 1576): Callback received: 4 (cb_id=0x6280000 handle=1)
01-14 17:17:33.167 V/locapi_rpc_glue( 1576): +loc_api_callback_process_sync_call
01-14 17:17:33.167 V/locapi_rpc_glue( 1576): -loc_api_callback_process_sync_call, no sync call in use
01-14 17:17:33.167 D/RPC     ( 1576): written RPC packet size: [28]
01-14 17:17:33.177 D/RPC     ( 1576): read RPC packet
01-14 17:17:33.177 D/RPC     ( 1576): read RPC packet size: [272]
01-14 17:17:33.177 V/locapi_rpc_glue( 1576): Callback received: 4 (cb_id=0x6280000 handle=1)
01-14 17:17:33.177 V/locapi_rpc_glue( 1576): +loc_api_callback_process_sync_call
01-14 17:17:33.177 V/locapi_rpc_glue( 1576): -loc_api_callback_process_sync_call, no sync call in use
01-14 17:17:33.177 D/RPC     ( 1576): written RPC packet size: [28]
01-14 17:17:33.177 D/RPC     ( 1576): read RPC packet
01-14 17:17:33.177 D/RPC     ( 1576): read RPC packet size: [272]
01-14 17:17:33.177 V/locapi_rpc_glue( 1576): Callback received: 4 (cb_id=0x6280000 handle=1)
01-14 17:17:33.177 V/locapi_rpc_glue( 1576): +loc_api_callback_process_sync_call
01-14 17:17:33.177 V/locapi_rpc_glue( 1576): -loc_api_callback_process_sync_call, no sync call in use
01-14 17:17:33.177 D/RPC     ( 1576): written RPC packet size: [28]
01-14 17:17:33.217 D/RPC     ( 1576): read RPC packet
01-14 17:17:33.217 D/RPC     ( 1576): read RPC packet size: [208]
01-14 17:17:33.217 V/locapi_rpc_glue( 1576): Callback received: 1 (cb_id=0x6280000 handle=1)
01-14 17:17:33.227 V/locapi_rpc_glue( 1576): +loc_api_callback_process_sync_call
01-14 17:17:33.227 V/locapi_rpc_glue( 1576): -loc_api_callback_process_sync_call, no sync call in use
01-14 17:17:33.227 D/lib_locapi( 1576): loc_eng_report_position: valid mask = 0x606d, sess status = 1
01-14 17:17:33.227 D/RPC     ( 1576): written RPC packet size: [28]
01-14 17:17:33.998 I/System.out( 2710): Values: 0.0 0.0
01-14 17:17:34.138 D/RPC     ( 1576): read RPC packet
01-14 17:17:34.138 D/RPC     ( 1576): read RPC packet size: [272]
01-14 17:17:34.138 V/locapi_rpc_glue( 1576): Callback received: 4 (cb_id=0x6280000 handle=1)
01-14 17:17:34.138 V/locapi_rpc_glue( 1576): +loc_api_callback_process_sync_call
01-14 17:17:34.138 V/locapi_rpc_glue( 1576): -loc_api_callback_process_sync_call, no sync call in use
01-14 17:17:34.138 D/RPC     ( 1576): written RPC packet size: [28]
01-14 17:17:34.138 D/RPC     ( 1576): read RPC packet
01-14 17:17:34.138 D/RPC     ( 1576): read RPC packet size: [272]
01-14 17:17:34.138 V/locapi_rpc_glue( 1576): Callback received: 4 (cb_id=0x6280000 handle=1)
01-14 17:17:34.138 V/locapi_rpc_glue( 1576): +loc_api_callback_process_sync_call
01-14 17:17:34.148 V/locapi_rpc_glue( 1576): -loc_api_callback_process_sync_call, no sync call in use
01-14 17:17:34.148 D/RPC     ( 1576): written RPC packet size: [28]
01-14 17:17:34.148 D/RPC     ( 1576): read RPC packet
01-14 17:17:34.148 D/RPC     ( 1576): read RPC packet size: [272]
01-14 17:17:34.148 V/locapi_rpc_glue( 1576): Callback received: 4 (cb_id=0x6280000 handle=1)
01-14 17:17:34.148 V/locapi_rpc_glue( 1576): +loc_api_callback_process_sync_call
01-14 17:17:34.148 V/locapi_rpc_glue( 1576): -loc_api_callback_process_sync_call, no sync call in use
01-14 17:17:34.148 D/RPC     ( 1576): written RPC packet size: [28]
01-14 17:17:34.148 D/RPC     ( 1576): read RPC packet
01-14 17:17:34.148 D/RPC     ( 1576): read RPC packet size: [272]
01-14 17:17:34.148 V/locapi_rpc_glue( 1576): Callback received: 4 (cb_id=0x6280000 handle=1)
01-14 17:17:34.158 V/locapi_rpc_glue( 1576): +loc_api_callback_process_sync_call
01-14 17:17:34.158 V/locapi_rpc_glue( 1576): -loc_api_callback_process_sync_call, no sync call in use
01-14 17:17:34.158 D/RPC     ( 1576): written RPC packet size: [28]
01-14 17:17:34.158 D/RPC     ( 1576): read RPC packet
01-14 17:17:34.158 D/RPC     ( 1576): read RPC packet size: [96]
01-14 17:17:34.158 V/locapi_rpc_glue( 1576): Callback received: 2 (cb_id=0x6280000 handle=1)
01-14 17:17:34.158 V/locapi_rpc_glue( 1576): +loc_api_callback_process_sync_call
01-14 17:17:34.158 V/locapi_rpc_glue( 1576): -loc_api_callback_process_sync_call, no sync call in use
01-14 17:17:34.158 D/lib_locapi( 1576): loc_eng_report_sv: valid_mask = 0x30, num of sv = 0
01-14 17:17:34.158 D/GpsLocationProvider( 1576): reportSvStatus
01-14 17:17:34.158 V/GpsLocationProvider( 1576): SV count: 0 ephemerisMask: 0 almanacMask: 0
01-14 17:17:34.168 D/RPC     ( 1576): written RPC packet size: [28]
01-14 17:17:34.168 D/RPC     ( 1576): read RPC packet
01-14 17:17:34.168 D/RPC     ( 1576): read RPC packet size: [272]
01-14 17:17:34.168 V/locapi_rpc_glue( 1576): Callback received: 4 (cb_id=0x6280000 handle=1)
01-14 17:17:34.168 V/locapi_rpc_glue( 1576): +loc_api_callback_process_sync_call
01-14 17:17:34.168 V/locapi_rpc_glue( 1576): -loc_api_callback_process_sync_call, no sync call in use
01-14 17:17:34.168 D/RPC     ( 1576): written RPC packet size: [28]
01-14 17:17:34.168 D/RPC     ( 1576): read RPC packet
01-14 17:17:34.168 D/RPC     ( 1576): read RPC packet size: [272]
01-14 17:17:34.168 V/locapi_rpc_glue( 1576): Callback received: 4 (cb_id=0x6280000 handle=1)
01-14 17:17:34.178 V/locapi_rpc_glue( 1576): +loc_api_callback_process_sync_call
01-14 17:17:34.178 V/locapi_rpc_glue( 1576): -loc_api_callback_process_sync_call, no sync call in use
01-14 17:17:34.178 D/RPC     ( 1576): written RPC packet size: [28]
01-14 17:17:34.178 D/RPC     ( 1576): read RPC packet
01-14 17:17:34.178 D/RPC     ( 1576): read RPC packet size: [272]
01-14 17:17:34.178 V/locapi_rpc_glue( 1576): Callback received: 4 (cb_id=0x6280000 handle=1)
01-14 17:17:34.178 V/locapi_rpc_glue( 1576): +loc_api_callback_process_sync_call
01-14 17:17:34.178 V/locapi_rpc_glue( 1576): -loc_api_callback_process_sync_call, no sync call in use
01-14 17:17:34.178 D/RPC     ( 1576): written RPC packet size: [28]
01-14 17:17:34.188 D/RPC     ( 1576): read RPC packet
01-14 17:17:34.188 D/RPC     ( 1576): read RPC packet size: [272]
01-14 17:17:34.188 V/locapi_rpc_glue( 1576): Callback received: 4 (cb_id=0x6280000 handle=1)
01-14 17:17:34.188 V/locapi_rpc_glue( 1576): +loc_api_callback_process_sync_call
01-14 17:17:34.188 V/locapi_rpc_glue( 1576): -loc_api_callback_process_sync_call, no sync call in use
01-14 17:17:34.188 D/RPC     ( 1576): written RPC packet size: [28]
01-14 17:17:34.218 D/RPC     ( 1576): read RPC packet
01-14 17:17:34.218 D/RPC     ( 1576): read RPC packet size: [208]
01-14 17:17:34.218 V/locapi_rpc_glue( 1576): Callback received: 1 (cb_id=0x6280000 handle=1)
01-14 17:17:34.218 V/locapi_rpc_glue( 1576): +loc_api_callback_process_sync_call
01-14 17:17:34.228 V/locapi_rpc_glue( 1576): -loc_api_callback_process_sync_call, no sync call in use
01-14 17:17:34.228 D/lib_locapi( 1576): loc_eng_report_position: valid mask = 0x606d, sess status = 1
01-14 17:17:34.228 D/RPC     ( 1576): written RPC packet size: [28]
01-14 17:17:34.999 I/System.out( 2710): Values: 0.0 0.0
01-14 17:17:35.139 D/RPC     ( 1576): read RPC packet
01-14 17:17:35.139 D/RPC     ( 1576): read RPC packet size: [272]
01-14 17:17:35.139 V/locapi_rpc_glue( 1576): Callback received: 4 (cb_id=0x6280000 handle=1)
01-14 17:17:35.139 V/locapi_rpc_glue( 1576): +loc_api_callback_process_sync_call
01-14 17:17:35.139 V/locapi_rpc_glue( 1576): -loc_api_callback_process_sync_call, no sync call in use
01-14 17:17:35.139 D/RPC     ( 1576): written RPC packet size: [28]
01-14 17:17:35.149 D/RPC     ( 1576): read RPC packet
01-14 17:17:35.149 D/RPC     ( 1576): read RPC packet size: [272]
01-14 17:17:35.149 V/locapi_rpc_glue( 1576): Callback received: 4 (cb_id=0x6280000 handle=1)
01-14 17:17:35.149 V/locapi_rpc_glue( 1576): +loc_api_callback_process_sync_call
01-14 17:17:35.149 V/locapi_rpc_glue( 1576): -loc_api_callback_process_sync_call, no sync call in use
01-14 17:17:35.149 D/RPC     ( 1576): written RPC packet size: [28]
01-14 17:17:35.149 D/RPC     ( 1576): read RPC packet
01-14 17:17:35.149 D/RPC     ( 1576): read RPC packet size: [272]
01-14 17:17:35.149 V/locapi_rpc_glue( 1576): Callback received: 4 (cb_id=0x6280000 handle=1)
01-14 17:17:35.149 V/locapi_rpc_glue( 1576): +loc_api_callback_process_sync_call
01-14 17:17:35.149 V/locapi_rpc_glue( 1576): -loc_api_callback_process_sync_call, no sync call in use
01-14 17:17:35.159 D/RPC     ( 1576): written RPC packet size: [28]
01-14 17:17:35.159 D/RPC     ( 1576): read RPC packet
01-14 17:17:35.159 D/RPC     ( 1576): read RPC packet size: [272]
01-14 17:17:35.159 V/locapi_rpc_glue( 1576): Callback received: 4 (cb_id=0x6280000 handle=1)
01-14 17:17:35.159 V/locapi_rpc_glue( 1576): +loc_api_callback_process_sync_call
01-14 17:17:35.159 V/locapi_rpc_glue( 1576): -loc_api_callback_process_sync_call, no sync call in use
01-14 17:17:35.159 D/RPC     ( 1576): written RPC packet size: [28]
01-14 17:17:35.169 D/RPC     ( 1576): read RPC packet
01-14 17:17:35.169 D/RPC     ( 1576): read RPC packet size: [96]
01-14 17:17:35.169 V/locapi_rpc_glue( 1576): Callback received: 2 (cb_id=0x6280000 handle=1)
01-14 17:17:35.169 V/locapi_rpc_glue( 1576): +loc_api_callback_process_sync_call
01-14 17:17:35.169 V/locapi_rpc_glue( 1576): -loc_api_callback_process_sync_call, no sync call in use
01-14 17:17:35.169 D/lib_locapi( 1576): loc_eng_report_sv: valid_mask = 0x30, num of sv = 0
01-14 17:17:35.169 D/GpsLocationProvider( 1576): reportSvStatus
01-14 17:17:35.169 V/GpsLocationProvider( 1576): SV count: 0 ephemerisMask: 0 almanacMask: 0
01-14 17:17:35.169 D/RPC     ( 1576): written RPC packet size: [28]
01-14 17:17:35.179 D/RPC     ( 1576): read RPC packet
01-14 17:17:35.179 D/RPC     ( 1576): read RPC packet size: [272]
01-14 17:17:35.179 V/locapi_rpc_glue( 1576): Callback received: 4 (cb_id=0x6280000 handle=1)
01-14 17:17:35.179 V/locapi_rpc_glue( 1576): +loc_api_callback_process_sync_call
01-14 17:17:35.179 V/locapi_rpc_glue( 1576): -loc_api_callback_process_sync_call, no sync call in use
01-14 17:17:35.179 D/RPC     ( 1576): written RPC packet size: [28]
01-14 17:17:35.179 D/RPC     ( 1576): read RPC packet
01-14 17:17:35.179 D/RPC     ( 1576): read RPC packet size: [272]
01-14 17:17:35.179 V/locapi_rpc_glue( 1576): Callback received: 4 (cb_id=0x6280000 handle=1)
01-14 17:17:35.189 V/locapi_rpc_glue( 1576): +loc_api_callback_process_sync_call
01-14 17:17:35.189 V/locapi_rpc_glue( 1576): -loc_api_callback_process_sync_call, no sync call in use
01-14 17:17:35.189 D/RPC     ( 1576): written RPC packet size: [28]
01-14 17:17:35.189 D/RPC     ( 1576): read RPC packet
01-14 17:17:35.189 D/RPC     ( 1576): read RPC packet size: [272]
01-14 17:17:35.189 V/locapi_rpc_glue( 1576): Callback received: 4 (cb_id=0x6280000 handle=1)
01-14 17:17:35.189 V/locapi_rpc_glue( 1576): +loc_api_callback_process_sync_call
01-14 17:17:35.189 V/locapi_rpc_glue( 1576): -loc_api_callback_process_sync_call, no sync call in use
01-14 17:17:35.189 D/RPC     ( 1576): written RPC packet size: [28]
01-14 17:17:35.189 D/RPC     ( 1576): read RPC packet
01-14 17:17:35.199 D/RPC     ( 1576): read RPC packet size: [272]
01-14 17:17:35.199 V/locapi_rpc_glue( 1576): Callback received: 4 (cb_id=0x6280000 handle=1)
01-14 17:17:35.199 V/locapi_rpc_glue( 1576): +loc_api_callback_process_sync_call
01-14 17:17:35.199 V/locapi_rpc_glue( 1576): -loc_api_callback_process_sync_call, no sync call in use
01-14 17:17:35.199 D/RPC     ( 1576): written RPC packet size: [28]
01-14 17:17:35.229 D/RPC     ( 1576): read RPC packet
01-14 17:17:35.229 D/RPC     ( 1576): read RPC packet size: [208]
01-14 17:17:35.229 V/locapi_rpc_glue( 1576): Callback received: 1 (cb_id=0x6280000 handle=1)
01-14 17:17:35.229 V/locapi_rpc_glue( 1576): +loc_api_callback_process_sync_call
01-14 17:17:35.229 V/locapi_rpc_glue( 1576): -loc_api_callback_process_sync_call, no sync call in use
01-14 17:17:35.229 D/lib_locapi( 1576): loc_eng_report_position: valid mask = 0x606d, sess status = 1
01-14 17:17:35.229 D/RPC     ( 1576): written RPC packet size: [28]
01-14 17:17:36.000 I/System.out( 2710): Values: 0.0 0.0
01-14 17:17:36.140 D/RPC     ( 1576): read RPC packet
01-14 17:17:36.140 D/RPC     ( 1576): read RPC packet size: [272]
01-14 17:17:36.140 V/locapi_rpc_glue( 1576): Callback received: 4 (cb_id=0x6280000 handle=1)
01-14 17:17:36.140 V/locapi_rpc_glue( 1576): +loc_api_callback_process_sync_call
01-14 17:17:36.140 V/locapi_rpc_glue( 1576): -loc_api_callback_process_sync_call, no sync call in use
01-14 17:17:36.140 D/RPC     ( 1576): written RPC packet size: [28]
01-14 17:17:36.140 D/RPC     ( 1576): read RPC packet
01-14 17:17:36.140 D/RPC     ( 1576): read RPC packet size: [272]
01-14 17:17:36.140 V/locapi_rpc_glue( 1576): Callback received: 4 (cb_id=0x6280000 handle=1)
01-14 17:17:36.140 V/locapi_rpc_glue( 1576): +loc_api_callback_process_sync_call
01-14 17:17:36.140 V/locapi_rpc_glue( 1576): -loc_api_callback_process_sync_call, no sync call in use
01-14 17:17:36.140 D/RPC     ( 1576): written RPC packet size: [28]
01-14 17:17:36.140 D/RPC     ( 1576): read RPC packet
01-14 17:17:36.140 D/RPC     ( 1576): read RPC packet size: [272]
01-14 17:17:36.140 V/locapi_rpc_glue( 1576): Callback received: 4 (cb_id=0x6280000 handle=1)
01-14 17:17:36.140 V/locapi_rpc_glue( 1576): +loc_api_callback_process_sync_call
01-14 17:17:36.140 V/locapi_rpc_glue( 1576): -loc_api_callback_process_sync_call, no sync call in use
01-14 17:17:36.140 D/RPC     ( 1576): written RPC packet size: [28]
01-14 17:17:36.150 D/RPC     ( 1576): read RPC packet
01-14 17:17:36.150 D/RPC     ( 1576): read RPC packet size: [272]
01-14 17:17:36.150 V/locapi_rpc_glue( 1576): Callback received: 4 (cb_id=0x6280000 handle=1)
01-14 17:17:36.150 V/locapi_rpc_glue( 1576): +loc_api_callback_process_sync_call
01-14 17:17:36.150 V/locapi_rpc_glue( 1576): -loc_api_callback_process_sync_call, no sync call in use
01-14 17:17:36.150 D/RPC     ( 1576): written RPC packet size: [28]
01-14 17:17:36.150 D/RPC     ( 1576): read RPC packet
01-14 17:17:36.150 D/RPC     ( 1576): read RPC packet size: [96]
01-14 17:17:36.150 V/locapi_rpc_glue( 1576): Callback received: 2 (cb_id=0x6280000 handle=1)
01-14 17:17:36.150 V/locapi_rpc_glue( 1576): +loc_api_callback_process_sync_call
01-14 17:17:36.150 V/locapi_rpc_glue( 1576): -loc_api_callback_process_sync_call, no sync call in use
01-14 17:17:36.150 D/lib_locapi( 1576): loc_eng_report_sv: valid_mask = 0x30, num of sv = 0
01-14 17:17:36.150 D/GpsLocationProvider( 1576): reportSvStatus
01-14 17:17:36.150 V/GpsLocationProvider( 1576): SV count: 0 ephemerisMask: 0 almanacMask: 0
01-14 17:17:36.150 D/RPC     ( 1576): written RPC packet size: [28]
01-14 17:17:36.150 D/RPC     ( 1576): read RPC packet
01-14 17:17:36.150 D/RPC     ( 1576): read RPC packet size: [272]
01-14 17:17:36.150 V/locapi_rpc_glue( 1576): Callback received: 4 (cb_id=0x6280000 handle=1)
01-14 17:17:36.150 V/locapi_rpc_glue( 1576): +loc_api_callback_process_sync_call
01-14 17:17:36.150 V/locapi_rpc_glue( 1576): -loc_api_callback_process_sync_call, no sync call in use
01-14 17:17:36.150 D/RPC     ( 1576): written RPC packet size: [28]
01-14 17:17:36.150 D/RPC     ( 1576): read RPC packet
01-14 17:17:36.150 D/RPC     ( 1576): read RPC packet size: [272]
01-14 17:17:36.160 V/locapi_rpc_glue( 1576): Callback received: 4 (cb_id=0x6280000 handle=1)
01-14 17:17:36.160 V/locapi_rpc_glue( 1576): +loc_api_callback_process_sync_call
01-14 17:17:36.160 V/locapi_rpc_glue( 1576): -loc_api_callback_process_sync_call, no sync call in use
01-14 17:17:36.160 D/RPC     ( 1576): written RPC packet size: [28]
01-14 17:17:36.160 D/RPC     ( 1576): read RPC packet
01-14 17:17:36.160 D/RPC     ( 1576): read RPC packet size: [272]
01-14 17:17:36.160 V/locapi_rpc_glue( 1576): Callback received: 4 (cb_id=0x6280000 handle=1)
01-14 17:17:36.160 V/locapi_rpc_glue( 1576): +loc_api_callback_process_sync_call
01-14 17:17:36.160 V/locapi_rpc_glue( 1576): -loc_api_callback_process_sync_call, no sync call in use
01-14 17:17:36.160 D/RPC     ( 1576): written RPC packet size: [28]
01-14 17:17:36.160 D/RPC     ( 1576): read RPC packet
01-14 17:17:36.160 D/RPC     ( 1576): read RPC packet size: [272]
01-14 17:17:36.160 V/locapi_rpc_glue( 1576): Callback received: 4 (cb_id=0x6280000 handle=1)
01-14 17:17:36.160 V/locapi_rpc_glue( 1576): +loc_api_callback_process_sync_call
01-14 17:17:36.160 V/locapi_rpc_glue( 1576): -loc_api_callback_process_sync_call, no sync call in use
01-14 17:17:36.160 D/RPC     ( 1576): written RPC packet size: [28]
01-14 17:17:36.230 D/RPC     ( 1576): read RPC packet
01-14 17:17:36.230 D/RPC     ( 1576): read RPC packet size: [208]
01-14 17:17:36.230 V/locapi_rpc_glue( 1576): Callback received: 1 (cb_id=0x6280000 handle=1)
01-14 17:17:36.230 V/locapi_rpc_glue( 1576): +loc_api_callback_process_sync_call
01-14 17:17:36.230 V/locapi_rpc_glue( 1576): -loc_api_callback_process_sync_call, no sync call in use
01-14 17:17:36.230 D/lib_locapi( 1576): loc_eng_report_position: valid mask = 0x606d, sess status = 1
01-14 17:17:36.230 D/RPC     ( 1576): written RPC packet size: [28]
01-14 17:17:37.001 I/System.out( 2710): Values: 0.0 0.0
01-14 17:17:37.141 D/RPC     ( 1576): read RPC packet
01-14 17:17:37.141 D/RPC     ( 1576): read RPC packet size: [272]
01-14 17:17:37.141 V/locapi_rpc_glue( 1576): Callback received: 4 (cb_id=0x6280000 handle=1)
01-14 17:17:37.141 V/locapi_rpc_glue( 1576): +loc_api_callback_process_sync_call
01-14 17:17:37.141 V/locapi_rpc_glue( 1576): -loc_api_callback_process_sync_call, no sync call in use
01-14 17:17:37.141 D/RPC     ( 1576): written RPC packet size: [28]
01-14 17:17:37.151 D/RPC     ( 1576): read RPC packet
01-14 17:17:37.151 D/RPC     ( 1576): read RPC packet size: [272]
01-14 17:17:37.151 V/locapi_rpc_glue( 1576): Callback received: 4 (cb_id=0x6280000 handle=1)
01-14 17:17:37.151 V/locapi_rpc_glue( 1576): +loc_api_callback_process_sync_call
01-14 17:17:37.151 V/locapi_rpc_glue( 1576): -loc_api_callback_process_sync_call, no sync call in use
01-14 17:17:37.151 D/RPC     ( 1576): written RPC packet size: [28]
01-14 17:17:37.151 D/RPC     ( 1576): read RPC packet
01-14 17:17:37.151 D/RPC     ( 1576): read RPC packet size: [272]
01-14 17:17:37.151 V/locapi_rpc_glue( 1576): Callback received: 4 (cb_id=0x6280000 handle=1)
01-14 17:17:37.151 V/locapi_rpc_glue( 1576): +loc_api_callback_process_sync_call
01-14 17:17:37.161 V/locapi_rpc_glue( 1576): -loc_api_callback_process_sync_call, no sync call in use
01-14 17:17:37.161 D/RPC     ( 1576): written RPC packet size: [28]
01-14 17:17:37.161 D/RPC     ( 1576): read RPC packet
01-14 17:17:37.161 D/RPC     ( 1576): read RPC packet size: [272]
01-14 17:17:37.161 V/locapi_rpc_glue( 1576): Callback received: 4 (cb_id=0x6280000 handle=1)
01-14 17:17:37.161 V/locapi_rpc_glue( 1576): +loc_api_callback_process_sync_call
01-14 17:17:37.161 V/locapi_rpc_glue( 1576): -loc_api_callback_process_sync_call, no sync call in use
01-14 17:17:37.161 D/RPC     ( 1576): written RPC packet size: [28]
01-14 17:17:37.171 D/RPC     ( 1576): read RPC packet
01-14 17:17:37.171 D/RPC     ( 1576): read RPC packet size: [96]
01-14 17:17:37.171 V/locapi_rpc_glue( 1576): Callback received: 2 (cb_id=0x6280000 handle=1)
01-14 17:17:37.171 V/locapi_rpc_glue( 1576): +loc_api_callback_process_sync_call
01-14 17:17:37.171 V/locapi_rpc_glue( 1576): -loc_api_callback_process_sync_call, no sync call in use
01-14 17:17:37.171 D/lib_locapi( 1576): loc_eng_report_sv: valid_mask = 0x30, num of sv = 0
01-14 17:17:37.171 D/GpsLocationProvider( 1576): reportSvStatus
01-14 17:17:37.171 V/GpsLocationProvider( 1576): SV count: 0 ephemerisMask: 0 almanacMask: 0
01-14 17:17:37.171 D/RPC     ( 1576): written RPC packet size: [28]
01-14 17:17:37.181 D/RPC     ( 1576): read RPC packet
01-14 17:17:37.181 D/RPC     ( 1576): read RPC packet size: [272]
01-14 17:17:37.181 V/locapi_rpc_glue( 1576): Callback received: 4 (cb_id=0x6280000 handle=1)
01-14 17:17:37.181 V/locapi_rpc_glue( 1576): +loc_api_callback_process_sync_call
01-14 17:17:37.181 V/locapi_rpc_glue( 1576): -loc_api_callback_process_sync_call, no sync call in use
01-14 17:17:37.181 D/RPC     ( 1576): written RPC packet size: [28]
01-14 17:17:37.181 D/RPC     ( 1576): read RPC packet
01-14 17:17:37.181 D/RPC     ( 1576): read RPC packet size: [272]
01-14 17:17:37.181 V/locapi_rpc_glue( 1576): Callback received: 4 (cb_id=0x6280000 handle=1)
01-14 17:17:37.191 V/locapi_rpc_glue( 1576): +loc_api_callback_process_sync_call
01-14 17:17:37.191 V/locapi_rpc_glue( 1576): -loc_api_callback_process_sync_call, no sync call in use
01-14 17:17:37.191 D/RPC     ( 1576): written RPC packet size: [28]
01-14 17:17:37.191 D/RPC     ( 1576): read RPC packet
01-14 17:17:37.191 D/RPC     ( 1576): read RPC packet size: [272]
01-14 17:17:37.191 V/locapi_rpc_glue( 1576): Callback received: 4 (cb_id=0x6280000 handle=1)
01-14 17:17:37.191 V/locapi_rpc_glue( 1576): +loc_api_callback_process_sync_call
01-14 17:17:37.191 V/locapi_rpc_glue( 1576): -loc_api_callback_process_sync_call, no sync call in use
01-14 17:17:37.191 D/RPC     ( 1576): written RPC packet size: [28]
01-14 17:17:37.201 D/RPC     ( 1576): read RPC packet
01-14 17:17:37.201 D/RPC     ( 1576): read RPC packet size: [272]
01-14 17:17:37.201 V/locapi_rpc_glue( 1576): Callback received: 4 (cb_id=0x6280000 handle=1)
01-14 17:17:37.201 V/locapi_rpc_glue( 1576): +loc_api_callback_process_sync_call
01-14 17:17:37.201 V/locapi_rpc_glue( 1576): -loc_api_callback_process_sync_call, no sync call in use
01-14 17:17:37.201 D/RPC     ( 1576): written RPC packet size: [28]
01-14 17:17:37.231 D/RPC     ( 1576): read RPC packet
01-14 17:17:37.231 D/RPC     ( 1576): read RPC packet size: [208]
01-14 17:17:37.231 V/locapi_rpc_glue( 1576): Callback received: 1 (cb_id=0x6280000 handle=1)
01-14 17:17:37.241 V/locapi_rpc_glue( 1576): +loc_api_callback_process_sync_call
01-14 17:17:37.241 V/locapi_rpc_glue( 1576): -loc_api_callback_process_sync_call, no sync call in use
01-14 17:17:37.241 D/lib_locapi( 1576): loc_eng_report_position: valid mask = 0x606d, sess status = 1
01-14 17:17:37.241 D/RPC     ( 1576): written RPC packet size: [28]
01-14 17:17:38.002 I/System.out( 2710): Values: 0.0 0.0
01-14 17:17:38.142 D/RPC     ( 1576): read RPC packet
01-14 17:17:38.142 D/RPC     ( 1576): read RPC packet size: [272]
01-14 17:17:38.142 V/locapi_rpc_glue( 1576): Callback received: 4 (cb_id=0x6280000 handle=1)
01-14 17:17:38.142 V/locapi_rpc_glue( 1576): +loc_api_callback_process_sync_call
01-14 17:17:38.142 V/locapi_rpc_glue( 1576): -loc_api_callback_process_sync_call, no sync call in use
01-14 17:17:38.142 D/RPC     ( 1576): written RPC packet size: [28]
01-14 17:17:38.142 D/RPC     ( 1576): read RPC packet
01-14 17:17:38.142 D/RPC     ( 1576): read RPC packet size: [272]
01-14 17:17:38.142 V/locapi_rpc_glue( 1576): Callback received: 4 (cb_id=0x6280000 handle=1)
01-14 17:17:38.152 V/locapi_rpc_glue( 1576): +loc_api_callback_process_sync_call
01-14 17:17:38.152 V/locapi_rpc_glue( 1576): -loc_api_callback_process_sync_call, no sync call in use
01-14 17:17:38.152 D/RPC     ( 1576): written RPC packet size: [28]
01-14 17:17:38.152 D/RPC     ( 1576): read RPC packet
01-14 17:17:38.152 D/RPC     ( 1576): read RPC packet size: [272]
01-14 17:17:38.152 V/locapi_rpc_glue( 1576): Callback received: 4 (cb_id=0x6280000 handle=1)
01-14 17:17:38.152 V/locapi_rpc_glue( 1576): +loc_api_callback_process_sync_call
01-14 17:17:38.152 V/locapi_rpc_glue( 1576): -loc_api_callback_process_sync_call, no sync call in use
01-14 17:17:38.152 D/RPC     ( 1576): written RPC packet size: [28]
01-14 17:17:38.162 D/RPC     ( 1576): read RPC packet
01-14 17:17:38.162 D/RPC     ( 1576): read RPC packet size: [272]
01-14 17:17:38.162 V/locapi_rpc_glue( 1576): Callback received: 4 (cb_id=0x6280000 handle=1)
01-14 17:17:38.162 V/locapi_rpc_glue( 1576): +loc_api_callback_process_sync_call
01-14 17:17:38.162 V/locapi_rpc_glue( 1576): -loc_api_callback_process_sync_call, no sync call in use
01-14 17:17:38.162 D/RPC     ( 1576): written RPC packet size: [28]
01-14 17:17:38.162 D/RPC     ( 1576): read RPC packet
01-14 17:17:38.162 D/RPC     ( 1576): read RPC packet size: [96]
01-14 17:17:38.162 V/locapi_rpc_glue( 1576): Callback received: 2 (cb_id=0x6280000 handle=1)
01-14 17:17:38.172 V/locapi_rpc_glue( 1576): +loc_api_callback_process_sync_call
01-14 17:17:38.172 V/locapi_rpc_glue( 1576): -loc_api_callback_process_sync_call, no sync call in use
01-14 17:17:38.172 D/lib_locapi( 1576): loc_eng_report_sv: valid_mask = 0x30, num of sv = 0
01-14 17:17:38.172 D/GpsLocationProvider( 1576): reportSvStatus
01-14 17:17:38.172 V/GpsLocationProvider( 1576): SV count: 0 ephemerisMask: 0 almanacMask: 0
01-14 17:17:38.172 D/RPC     ( 1576): written RPC packet size: [28]
01-14 17:17:38.172 D/RPC     ( 1576): read RPC packet
01-14 17:17:38.172 D/RPC     ( 1576): read RPC packet size: [272]
01-14 17:17:38.172 V/locapi_rpc_glue( 1576): Callback received: 4 (cb_id=0x6280000 handle=1)
01-14 17:17:38.172 V/locapi_rpc_glue( 1576): +loc_api_callback_process_sync_call
01-14 17:17:38.182 V/locapi_rpc_glue( 1576): -loc_api_callback_process_sync_call, no sync call in use
01-14 17:17:38.182 D/RPC     ( 1576): written RPC packet size: [28]
01-14 17:17:38.182 D/RPC     ( 1576): read RPC packet
01-14 17:17:38.182 D/RPC     ( 1576): read RPC packet size: [272]
01-14 17:17:38.182 V/locapi_rpc_glue( 1576): Callback received: 4 (cb_id=0x6280000 handle=1)
01-14 17:17:38.182 V/locapi_rpc_glue( 1576): +loc_api_callback_process_sync_call
01-14 17:17:38.182 V/locapi_rpc_glue( 1576): -loc_api_callback_process_sync_call, no sync call in use
01-14 17:17:38.182 D/RPC     ( 1576): written RPC packet size: [28]
01-14 17:17:38.192 D/RPC     ( 1576): read RPC packet
01-14 17:17:38.192 D/RPC     ( 1576): read RPC packet size: [272]
01-14 17:17:38.192 V/locapi_rpc_glue( 1576): Callback received: 4 (cb_id=0x6280000 handle=1)
01-14 17:17:38.192 V/locapi_rpc_glue( 1576): +loc_api_callback_process_sync_call
01-14 17:17:38.192 V/locapi_rpc_glue( 1576): -loc_api_callback_process_sync_call, no sync call in use
01-14 17:17:38.192 D/RPC     ( 1576): written RPC packet size: [28]
01-14 17:17:38.192 D/RPC     ( 1576): read RPC packet
01-14 17:17:38.192 D/RPC     ( 1576): read RPC packet size: [272]
01-14 17:17:38.192 V/locapi_rpc_glue( 1576): Callback received: 4 (cb_id=0x6280000 handle=1)
01-14 17:17:38.202 V/locapi_rpc_glue( 1576): +loc_api_callback_process_sync_call
01-14 17:17:38.202 V/locapi_rpc_glue( 1576): -loc_api_callback_process_sync_call, no sync call in use
01-14 17:17:38.202 D/RPC     ( 1576): written RPC packet size: [28]
01-14 17:17:38.232 D/RPC     ( 1576): read RPC packet
01-14 17:17:38.232 D/RPC     ( 1576): read RPC packet size: [208]
01-14 17:17:38.232 V/locapi_rpc_glue( 1576): Callback received: 1 (cb_id=0x6280000 handle=1)
01-14 17:17:38.232 V/locapi_rpc_glue( 1576): +loc_api_callback_process_sync_call
01-14 17:17:38.232 V/locapi_rpc_glue( 1576): -loc_api_callback_process_sync_call, no sync call in use
01-14 17:17:38.232 D/lib_locapi( 1576): loc_eng_report_position: valid mask = 0x606d, sess status = 1
01-14 17:17:38.242 D/RPC     ( 1576): written RPC packet size: [28]
01-14 17:17:39.003 I/System.out( 2710): Values: 0.0 0.0
01-14 17:17:39.143 D/RPC     ( 1576): read RPC packet
01-14 17:17:39.143 D/RPC     ( 1576): read RPC packet size: [272]
01-14 17:17:39.143 V/locapi_rpc_glue( 1576): Callback received: 4 (cb_id=0x6280000 handle=1)
01-14 17:17:39.143 V/locapi_rpc_glue( 1576): +loc_api_callback_process_sync_call
01-14 17:17:39.143 V/locapi_rpc_glue( 1576): -loc_api_callback_process_sync_call, no sync call in use
01-14 17:17:39.143 D/RPC     ( 1576): written RPC packet size: [28]
01-14 17:17:39.153 D/RPC     ( 1576): read RPC packet
01-14 17:17:39.153 D/RPC     ( 1576): read RPC packet size: [272]
01-14 17:17:39.153 V/locapi_rpc_glue( 1576): Callback received: 4 (cb_id=0x6280000 handle=1)
01-14 17:17:39.153 V/locapi_rpc_glue( 1576): +loc_api_callback_process_sync_call
01-14 17:17:39.153 V/locapi_rpc_glue( 1576): -loc_api_callback_process_sync_call, no sync call in use
01-14 17:17:39.153 D/RPC     ( 1576): written RPC packet size: [28]
01-14 17:17:39.153 D/RPC     ( 1576): read RPC packet
01-14 17:17:39.153 D/RPC     ( 1576): read RPC packet size: [272]
01-14 17:17:39.163 V/locapi_rpc_glue( 1576): Callback received: 4 (cb_id=0x6280000 handle=1)
01-14 17:17:39.163 V/locapi_rpc_glue( 1576): +loc_api_callback_process_sync_call
01-14 17:17:39.163 V/locapi_rpc_glue( 1576): -loc_api_callback_process_sync_call, no sync call in use
01-14 17:17:39.163 D/RPC     ( 1576): written RPC packet size: [28]
01-14 17:17:39.163 D/RPC     ( 1576): read RPC packet
01-14 17:17:39.163 D/RPC     ( 1576): read RPC packet size: [272]
01-14 17:17:39.163 V/locapi_rpc_glue( 1576): Callback received: 4 (cb_id=0x6280000 handle=1)
01-14 17:17:39.163 V/locapi_rpc_glue( 1576): +loc_api_callback_process_sync_call
01-14 17:17:39.163 V/locapi_rpc_glue( 1576): -loc_api_callback_process_sync_call, no sync call in use
01-14 17:17:39.163 D/RPC     ( 1576): written RPC packet size: [28]
01-14 17:17:39.173 D/RPC     ( 1576): read RPC packet
01-14 17:17:39.173 D/RPC     ( 1576): read RPC packet size: [96]
01-14 17:17:39.173 V/locapi_rpc_glue( 1576): Callback received: 2 (cb_id=0x6280000 handle=1)
01-14 17:17:39.173 V/locapi_rpc_glue( 1576): +loc_api_callback_process_sync_call
01-14 17:17:39.173 V/locapi_rpc_glue( 1576): -loc_api_callback_process_sync_call, no sync call in use
01-14 17:17:39.173 D/lib_locapi( 1576): loc_eng_report_sv: valid_mask = 0x30, num of sv = 0
01-14 17:17:39.173 D/GpsLocationProvider( 1576): reportSvStatus
01-14 17:17:39.173 V/GpsLocationProvider( 1576): SV count: 0 ephemerisMask: 0 almanacMask: 0
01-14 17:17:39.173 D/RPC     ( 1576): written RPC packet size: [28]
01-14 17:17:39.183 D/RPC     ( 1576): read RPC packet
01-14 17:17:39.183 D/RPC     ( 1576): read RPC packet size: [272]
01-14 17:17:39.183 V/locapi_rpc_glue( 1576): Callback received: 4 (cb_id=0x6280000 handle=1)
01-14 17:17:39.183 V/locapi_rpc_glue( 1576): +loc_api_callback_process_sync_call
01-14 17:17:39.183 V/locapi_rpc_glue( 1576): -loc_api_callback_process_sync_call, no sync call in use
01-14 17:17:39.183 D/RPC     ( 1576): written RPC packet size: [28]
01-14 17:17:39.193 D/RPC     ( 1576): read RPC packet
01-14 17:17:39.193 D/RPC     ( 1576): read RPC packet size: [272]
01-14 17:17:39.193 V/locapi_rpc_glue( 1576): Callback received: 4 (cb_id=0x6280000 handle=1)
01-14 17:17:39.193 V/locapi_rpc_glue( 1576): +loc_api_callback_process_sync_call
01-14 17:17:39.193 V/locapi_rpc_glue( 1576): -loc_api_callback_process_sync_call, no sync call in use
01-14 17:17:39.193 D/RPC     ( 1576): written RPC packet size: [28]
01-14 17:17:39.193 D/RPC     ( 1576): read RPC packet
01-14 17:17:39.193 D/RPC     ( 1576): read RPC packet size: [272]
01-14 17:17:39.193 V/locapi_rpc_glue( 1576): Callback received: 4 (cb_id=0x6280000 handle=1)
01-14 17:17:39.203 V/locapi_rpc_glue( 1576): +loc_api_callback_process_sync_call
01-14 17:17:39.203 V/locapi_rpc_glue( 1576): -loc_api_callback_process_sync_call, no sync call in use
01-14 17:17:39.203 D/RPC     ( 1576): written RPC packet size: [28]
01-14 17:17:39.203 D/RPC     ( 1576): read RPC packet
01-14 17:17:39.203 D/RPC     ( 1576): read RPC packet size: [272]
01-14 17:17:39.203 V/locapi_rpc_glue( 1576): Callback received: 4 (cb_id=0x6280000 handle=1)
01-14 17:17:39.203 V/locapi_rpc_glue( 1576): +loc_api_callback_process_sync_call
01-14 17:17:39.203 V/locapi_rpc_glue( 1576): -loc_api_callback_process_sync_call, no sync call in use
01-14 17:17:39.203 D/RPC     ( 1576): written RPC packet size: [28]
01-14 17:17:39.233 D/RPC     ( 1576): read RPC packet
01-14 17:17:39.233 D/RPC     ( 1576): read RPC packet size: [208]
01-14 17:17:39.233 V/locapi_rpc_glue( 1576): Callback received: 1 (cb_id=0x6280000 handle=1)
01-14 17:17:39.233 V/locapi_rpc_glue( 1576): +loc_api_callback_process_sync_call
01-14 17:17:39.233 V/locapi_rpc_glue( 1576): -loc_api_callback_process_sync_call, no sync call in use
01-14 17:17:39.233 D/lib_locapi( 1576): loc_eng_report_position: valid mask = 0x606d, sess status = 1
01-14 17:17:39.243 D/RPC     ( 1576): written RPC packet size: [28]
01-14 17:17:40.004 I/System.out( 2710): Values: 0.0 0.0
01-14 17:17:40.144 D/RPC     ( 1576): read RPC packet
01-14 17:17:40.144 D/RPC     ( 1576): read RPC packet size: [272]
01-14 17:17:40.144 V/locapi_rpc_glue( 1576): Callback received: 4 (cb_id=0x6280000 handle=1)
01-14 17:17:40.144 V/locapi_rpc_glue( 1576): +loc_api_callback_process_sync_call
01-14 17:17:40.144 V/locapi_rpc_glue( 1576): -loc_api_callback_process_sync_call, no sync call in use
01-14 17:17:40.144 D/RPC     ( 1576): written RPC packet size: [28]
01-14 17:17:40.154 D/RPC     ( 1576): read RPC packet
01-14 17:17:40.154 D/RPC     ( 1576): read RPC packet size: [272]
01-14 17:17:40.154 V/locapi_rpc_glue( 1576): Callback received: 4 (cb_id=0x6280000 handle=1)
01-14 17:17:40.154 V/locapi_rpc_glue( 1576): +loc_api_callback_process_sync_call
01-14 17:17:40.154 V/locapi_rpc_glue( 1576): -loc_api_callback_process_sync_call, no sync call in use
01-14 17:17:40.154 D/RPC     ( 1576): written RPC packet size: [28]
01-14 17:17:40.164 D/RPC     ( 1576): read RPC packet
01-14 17:17:40.164 D/RPC     ( 1576): read RPC packet size: [272]
01-14 17:17:40.164 V/locapi_rpc_glue( 1576): Callback received: 4 (cb_id=0x6280000 handle=1)
01-14 17:17:40.164 V/locapi_rpc_glue( 1576): +loc_api_callback_process_sync_call
01-14 17:17:40.164 V/locapi_rpc_glue( 1576): -loc_api_callback_process_sync_call, no sync call in use
01-14 17:17:40.164 D/RPC     ( 1576): written RPC packet size: [28]
01-14 17:17:40.164 D/RPC     ( 1576): read RPC packet
