01-18 14:53:26.806 D/CombinedWidgetProvider( 1696): addFxWidget: WidgetSummary(Stocks/FX_WIDGET/[I@40cd0638 x [I@40cd0658/-2/ComponentInfo{com.htc.android.fusion.StockWidget/com.htc.android.fusion.StockWidget.RosieWidgetReceiver}/[I@40cd0678)
01-18 14:53:26.806 D/FxWidgetProvider( 1696): row 1
01-18 14:53:26.816 D/CombinedWidgetProvider( 1696): addFxWidget: WidgetSummary(Stocks/FX_WIDGET/[I@4080e5a0 x [I@4080e5c0/-2/ComponentInfo{com.htc.android.fusion.StockWidget/com.htc.android.fusion.StockWidget.RosieWidgetReceiver}/[I@4080daf0)
01-18 14:53:26.816 D/CombinedWidgetProvider( 1696): -addFxWidgets diff: 2115
01-18 14:53:26.816 D/CombinedWidgetProvider( 1696): +addAppWidgetCategories
01-18 14:53:26.816 D/CombinedWidgetProvider( 1696): add AppWidget category: WidgetCategory(YouTube/APP_WIDGET/0)
01-18 14:53:26.816 D/CombinedWidgetProvider( 1696): add AppWidget category: WidgetCategory(Twitter (large)/APP_WIDGET/0)
01-18 14:53:26.816 D/CombinedWidgetProvider( 1696): add AppWidget category: WidgetCategory(Twitter (small)/APP_WIDGET/0)
01-18 14:53:26.826 D/CombinedWidgetProvider( 1696): add AppWidget category: WidgetCategory(Traffic/APP_WIDGET/0)
01-18 14:53:26.826 D/CombinedWidgetProvider( 1696): add AppWidget category: WidgetCategory(Latitude/APP_WIDGET/0)
01-18 14:53:26.826 D/CombinedWidgetProvider( 1696): add AppWidget category: WidgetCategory(Market/APP_WIDGET/0)
01-18 14:53:26.826 D/CombinedWidgetProvider( 1696): add AppWidget category: WidgetCategory(Google Search/APP_WIDGET/0)
01-18 14:53:26.826 D/CombinedWidgetProvider( 1696): add AppWidget category: WidgetCategory(Gmail/APP_WIDGET/0)
01-18 14:53:26.826 D/CombinedWidgetProvider( 1696): add AppWidget category: WidgetCategory(Bookmarks/APP_WIDGET/0)
01-18 14:53:26.826 D/CombinedWidgetProvider( 1696): -addAppWidgetCategories
01-18 14:53:26.826 D/CombinedWidgetProvider( 1696): +addHtcWidgetCategories
01-18 14:53:26.826 D/CombinedWidgetProvider( 1696):  uri: content://com.htc.launcher.widget.htcwidget/htcwidgets?category_only=true
01-18 14:53:26.826 D/HtcWidgetProvider( 1696): row 1
01-18 14:53:26.826 D/CombinedWidgetProvider( 1696): addHtcWidget Category: WidgetCategory(Tips for Home/HTC_WIDGET/1101)
01-18 14:53:26.826 D/CombinedWidgetProvider( 1696): -addHtcWidgetCategories
01-18 14:53:26.826 D/CombinedWidgetProvider( 1696): +addFxWidgetCategories
01-18 14:53:26.836 D/FxWidgetProvider( 1696): row 94
01-18 14:53:26.876 D/AndroidRuntime( 2524): 
01-18 14:53:26.876 D/AndroidRuntime( 2524): >>>>>> AndroidRuntime START com.android.internal.os.RuntimeInit <<<<<<
01-18 14:53:26.886 D/AndroidRuntime( 2524): CheckJNI is OFF
01-18 14:53:27.086 D/CursorWindowStats( 2524): Get CursorWindow size from framework resource:4194304
01-18 14:53:27.156 D/CombinedWidgetProvider( 1696): +addFxWidgetCategories: default
01-18 14:53:27.156 D/CombinedWidgetProvider( 1696): addFxWidget Category: WidgetCategory(Watch/FX_WIDGET/-2)
01-18 14:53:27.156 D/CombinedWidgetProvider( 1696): +addFxWidgetCategories: default
01-18 14:53:27.156 D/CombinedWidgetProvider( 1696): addFxWidget Category: WidgetCategory(Mail/FX_WIDGET/-2)
01-18 14:53:27.156 D/CombinedWidgetProvider( 1696): +addFxWidgetCategories: default
01-18 14:53:27.156 D/CombinedWidgetProvider( 1696): addFxWidget Category: WidgetCategory(People/FX_WIDGET/-2)
01-18 14:53:27.156 D/CombinedWidgetProvider( 1696): +addFxWidgetCategories: default
01-18 14:53:27.156 D/CombinedWidgetProvider( 1696): addFxWidget Category: WidgetCategory(Calendar/FX_WIDGET/-2)
01-18 14:53:27.156 D/CombinedWidgetProvider( 1696): +addFxWidgetCategories: default
01-18 14:53:27.166 D/CombinedWidgetProvider( 1696): addFxWidget Category: WidgetCategory(Bookmarks/FX_WIDGET/-2)
01-18 14:53:27.166 D/CombinedWidgetProvider( 1696): +addFxWidgetCategories: default
01-18 14:53:27.166 D/CombinedWidgetProvider( 1696): addFxWidget Category: WidgetCategory(Messages/FX_WIDGET/-2)
01-18 14:53:27.166 D/CombinedWidgetProvider( 1696): +addFxWidgetCategories: default
01-18 14:53:27.166 D/CombinedWidgetProvider( 1696): addFxWidget Category: WidgetCategory(Twitter/FX_WIDGET/-2)
01-18 14:53:27.166 D/CombinedWidgetProvider( 1696): +addFxWidgetCategories: default
01-18 14:53:27.166 D/CombinedWidgetProvider( 1696): addFxWidget Category: WidgetCategory(Trends/FX_WIDGET/-2)
01-18 14:53:27.166 D/CombinedWidgetProvider( 1696): +addFxWidgetCategories: default
01-18 14:53:27.166 D/CombinedWidgetProvider( 1696): addFxWidget Category: WidgetCategory(Sync All/FX_WIDGET/-2)
01-18 14:53:27.166 D/CombinedWidgetProvider( 1696): +addFxWidgetCategories: default
01-18 14:53:27.166 D/CombinedWidgetProvider( 1696): addFxWidget Category: WidgetCategory(Music/FX_WIDGET/-2)
01-18 14:53:27.166 D/CombinedWidgetProvider( 1696): +addFxWidgetCategories: default
01-18 14:53:27.166 D/CombinedWidgetProvider( 1696): addFxWidget Category: WidgetCategory(Friend Stream/FX_WIDGET/-2)
01-18 14:53:27.166 D/CombinedWidgetProvider( 1696): +addFxWidgetCategories: default
01-18 14:53:27.166 D/CombinedWidgetProvider( 1696): addFxWidget Category: WidgetCategory(My Shelf/FX_WIDGET/-2)
01-18 14:53:27.166 D/CombinedWidgetProvider( 1696): +addFxWidgetCategories: default
01-18 14:53:27.166 D/CombinedWidgetProvider( 1696): addFxWidget Category: WidgetCategory(Weather/FX_WIDGET/-2)
01-18 14:53:27.176 D/CombinedWidgetProvider( 1696): +addFxWidgetCategories: default
01-18 14:53:27.176 D/CombinedWidgetProvider( 1696): addFxWidget Category: WidgetCategory(Notes/FX_WIDGET/-2)
01-18 14:53:27.176 D/CombinedWidgetProvider( 1696): +addFxWidgetCategories: default
01-18 14:53:27.176 D/CombinedWidgetProvider( 1696): addFxWidget Category: WidgetCategory(HTC Likes/FX_WIDGET/-2)
01-18 14:53:27.176 D/CombinedWidgetProvider( 1696): +addFxWidgetCategories: default
01-18 14:53:27.176 D/CombinedWidgetProvider( 1696): addFxWidget Category: WidgetCategory(Photo Album/FX_WIDGET/-2)
01-18 14:53:27.176 D/CombinedWidgetProvider( 1696): +addFxWidgetCategories: default
01-18 14:53:27.176 D/CombinedWidgetProvider( 1696): addFxWidget Category: WidgetCategory(Photo Frame/FX_WIDGET/-2)
01-18 14:53:27.176 D/CombinedWidgetProvider( 1696): +addFxWidgetCategories: default
01-18 14:53:27.176 D/CombinedWidgetProvider( 1696): addFxWidget Category: WidgetCategory(Photo Grid/FX_WIDGET/-2)
01-18 14:53:27.176 D/CombinedWidgetProvider( 1696): +addFxWidgetCategories: default
01-18 14:53:27.176 D/CombinedWidgetProvider( 1696): addFxWidget Category: WidgetCategory(Navigate/FX_WIDGET/-2)
01-18 14:53:27.176 D/CombinedWidgetProvider( 1696): +addFxWidgetCategories: default
01-18 14:53:27.176 D/CombinedWidgetProvider( 1696): addFxWidget Category: WidgetCategory(Locations/FX_WIDGET/-2)
01-18 14:53:27.176 D/CombinedWidgetProvider( 1696): +addFxWidgetCategories: default
01-18 14:53:27.176 D/CombinedWidgetProvider( 1696): addFxWidget Category: WidgetCategory(News/FX_WIDGET/-2)
01-18 14:53:27.176 D/CombinedWidgetProvider( 1696): +addFxWidgetCategories: default
01-18 14:53:27.176 D/CombinedWidgetProvider( 1696): addFxWidget Category: WidgetCategory(Clock/FX_WIDGET/-2)
01-18 14:53:27.176 D/CombinedWidgetProvider( 1696): +addFxWidgetCategories: default
01-18 14:53:27.176 D/CombinedWidgetProvider( 1696): addFxWidget Category: WidgetCategory(Calculator/FX_WIDGET/-2)
01-18 14:53:27.176 D/CombinedWidgetProvider( 1696): +addFxWidgetCategories: default
01-18 14:53:27.176 D/CombinedWidgetProvider( 1696): addFxWidget Category: WidgetCategory(Stocks/FX_WIDGET/-2)
01-18 14:53:27.176 D/CombinedWidgetProvider( 1696): -addFxWidgetCategories
01-18 14:53:27.186 D/AndroidRuntime( 2524): Calling main entry com.android.commands.am.Am
01-18 14:53:27.207 I/ActivityManager( 1588): Starting: Intent { act=android.intent.action.MAIN cat=[android.intent.category.LAUNCHER] flg=0x10000000 cmp=uk.ac.st_andrews.cs.host.mk74.energymeasurement.gps/.MainActivity } from pid 2524
01-18 14:53:27.237 D/PendingAddWidgetInfo( 1696): PendingAddWidgetInfo: ComponentInfo{com.htc.fusion.htcbookmarkwidget/com.htc.fusion.htcbookmarkwidget.GridWidgetView} / grid
01-18 14:53:27.247 D/ActivityManager( 1588): isSketcherDisabledInCurrentTask():false, ActivityRecord{409402c0 uk.ac.st_andrews.cs.host.mk74.energymeasurement.gps/.MainActivity}
01-18 14:53:27.247 D/AndroidRuntime( 2524): Shutting down VM
01-18 14:53:27.247 D/dalvikvm( 2524): GC_CONCURRENT freed 106K, 81% free 397K/2048K, paused 0ms+0ms
01-18 14:53:27.247 D/dalvikvm( 2524): Debugger has detached; object registry had 1 entries
01-18 14:53:27.277 D/SurfaceFlinger( 1441): getTokenForSurface(0xaf66c) => 0 (client=0xa26f0, bitmap=00000003), pid=1588
01-18 14:53:27.277 D/msm7x30.gralloc( 1441): gpu_context_t::getGrallocInformationFromFormat  2 
01-18 14:53:27.287 D/PendingAddWidgetInfo( 1696): PendingAddWidgetInfo: ComponentInfo{com.htc.fusion.htcbookmarkwidget/com.htc.fusion.htcbookmarkwidget.ListWidgetView} / list
01-18 14:53:27.287 D/HostWidgetManager( 1696): pauseWidgets: 2
01-18 14:53:27.317 I/ActivityManager( 1588): Start proc uk.ac.st_andrews.cs.host.mk74.energymeasurement.gps for activity uk.ac.st_andrews.cs.host.mk74.energymeasurement.gps/.MainActivity: pid=2533 uid=10111 gids={}
01-18 14:53:27.357 I/DEBUG   ( 1440): tid 2532 does not exist in pid 2524. ignoring debug request
01-18 14:53:27.367 E/jdwp    ( 2533): Failed sending reply to debugger: Broken pipe
01-18 14:53:27.367 D/dalvikvm( 2533): Debugger has detached; object registry had 1 entries
01-18 14:53:27.377 D/Sensors ( 1588): Enable akm: en = 0
01-18 14:53:27.387 D/dalvikvm( 1442): GC_EXPLICIT freed 10K, 5% free 6453K/6787K, paused 1ms+15ms
01-18 14:53:27.387 V/WindowManager( 1588): Starting animation in AppWindowToken{40c16fa0 token=ActivityRecord{40c14798 com.htc.launcher/.Launcher}} @ 83157
01-18 14:53:27.387 V/WindowManager( 1588): Starting animation in AppWindowToken{4112b8d8 token=ActivityRecord{409402c0 uk.ac.st_andrews.cs.host.mk74.energymeasurement.gps/.MainActivity}} @ 83157
01-18 14:53:27.407 V/WindowManager( 1588): Finished animation in AppWindowToken{40c16fa0 token=ActivityRecord{40c14798 com.htc.launcher/.Launcher}} @ 83180
01-18 14:53:27.407 V/WindowManager( 1588): Finished animation in AppWindowToken{4112b8d8 token=ActivityRecord{409402c0 uk.ac.st_andrews.cs.host.mk74.energymeasurement.gps/.MainActivity}} @ 83180
01-18 14:53:27.447 V/LocationManagerService( 1588): requestLocationUpdates
01-18 14:53:27.447 D/GpsLocationProvider( 1588): addListener+ @id: 10111
01-18 14:53:27.447 D/GpsLocationProvider( 1588): setMinTime 0
01-18 14:53:27.447 V/GpsLocationProvider( 1588): enableLocationTracking ++
01-18 14:53:27.447 D/GpsLocationProvider( 1588): [shen] debug
01-18 14:53:27.447 I/System.out( 2533): GPS Location listener is registered
01-18 14:53:27.447 V/LocationManagerService( 1588): _requestLocationUpdates: listener = Receiver{41122f48 Listener android.os.BinderProxy@41122f10}mUpdateRecords: {}
01-18 14:53:27.447 V/LocationManagerService( 1588): requestLocationUpdatesLocked: updateProvidersLocked
01-18 14:53:27.447 V/LocationManagerService( 1588): _requestLocationUpdates: provider = gps listener = Receiver{41122f48 Listener android.os.BinderProxy@41122f10}mUpdateRecords: {gps=UpdateRecord{40a10fe8 mProvider: gps mUid: 10111}}
01-18 14:53:27.447 D/dalvikvm( 1442): GC_EXPLICIT freed <1K, 5% free 6453K/6787K, paused 1ms+1ms
01-18 14:53:27.487 D/ActivityManager( 1588): isSketcherDisabledInCurrentTask():false, ActivityRecord{409402c0 uk.ac.st_andrews.cs.host.mk74.energymeasurement.gps/.MainActivity}
01-18 14:53:27.497 D/dalvikvm( 1442): GC_EXPLICIT freed <1K, 5% free 6453K/6787K, paused 1ms+14ms
01-18 14:53:27.507 D/SurfaceFlinger( 1441): getTokenForSurface(0xd07ec) => 0 (client=0xd07b0, bitmap=00000001), pid=2533
01-18 14:53:27.507 D/GpsLocationProvider( 1588): [handleMessage] message :8
01-18 14:53:27.527 D/msm7x30.gralloc( 1441): gpu_context_t::getGrallocInformationFromFormat  2 
01-18 14:53:27.547 I/ActivityManager( 1588): Displayed uk.ac.st_andrews.cs.host.mk74.energymeasurement.gps/.MainActivity: +230ms (total +20s37ms)
01-18 14:53:27.557 D/GpsLocationProvider( 1588): [handleMessage] ADD_LISTENER
01-18 14:53:27.567 D/msm7x30.gralloc( 1441): gpu_context_t::getGrallocInformationFromFormat  2 
01-18 14:53:27.567 D/SurfaceFlinger( 1441): virtual void android::Layer::onRemoved(): lcblk (identity=12, status=0, token=0)
01-18 14:53:27.567 D/GpsLocationProvider( 1588): addListener(uk.ac.st_andrews.cs.host.mk74.energymeasurement.gps)
01-18 14:53:27.577 D/AK8975  ( 1451): Compass CLOSE 
01-18 14:53:27.607 D/GpsLocationProvider( 1588): [handleMessage] message :3
01-18 14:53:27.607 D/GpsLocationProvider( 1588): [handleMessage] ENABLE_TRACKING
01-18 14:53:27.607 D/GpsLocationProvider( 1588): startNavigating
01-18 14:53:27.607 D/GpsLocationProvider( 1588): HtcBuildFlag.HtcCIQFlag(FALSE)
01-18 14:53:27.607 D/lib_locapi( 1588): [GPS:] loc_eng_set_qos_time_out(standalone = 60000, agps = 89000)
01-18 14:53:27.617 V/GpsLocationProvider( 1588): set_agps_qos_time_out complete
01-18 14:53:27.617 D/GpsLocationProvider( 1588): GpsLocationProvider_set_position_mode
01-18 14:53:27.617 D/lib_locapi( 1588): [loc_eng_set_position_mode] host strcmp:15
01-18 14:53:27.617 D/lib_locapi( 1588): [GPS:] loc_eng_set_position mode, client = 1, interval = 1000, mode = 1
01-18 14:53:27.617 D/lib_locapi( 1588): [GPS:] htc_set_qos_accuracy(accuracy = 50)
01-18 14:53:27.617 D/lib_locapi( 1588): [GPS:] loc_eng_set_position mode: GPS_POSITION_MODE_MS_BASED
01-18 14:53:27.617 D/lib_locapi( 1588): [GPS:] loc_eng_set_position mode before IOCTL, interval=1000, mode =2 preferred_accuracy=50, qos_timeout_standalone=89000, recurrence_type=2
01-18 14:53:27.617 V/lib_locapi( 1588): loc_eng_ioctl called: client = 1, ioctl_type = 2
01-18 14:53:27.617 D/locapi_rpc_glue( 1588): loc_ioctl
01-18 14:53:27.617 D/RPC     ( 1588): written RPC packet size: [96]
01-18 14:53:27.617 D/RPC     ( 1588): read RPC packet
01-18 14:53:27.617 D/RPC     ( 1588): read RPC packet size: [28]
01-18 14:53:27.617 V/locapi_rpc_glue( 1588): loc_api_sync_ioctl: select_id = 0, loc_ioctl returned 0
01-18 14:53:27.617 V/locapi_rpc_glue( 1588): +loc_wait_callback: select_id: 0
01-18 14:53:27.617 D/RPC     ( 1588): read RPC packet
01-18 14:53:27.617 D/RPC     ( 1588): read RPC packet size: [80]
01-18 14:53:27.617 V/locapi_rpc_glue( 1588): Callback received: 80 (cb_id=0x6340000 handle=1)
01-18 14:53:27.617 V/locapi_rpc_glue( 1588): +loc_api_callback_process_sync_call
01-18 14:53:27.617 V/locapi_rpc_glue( 1588): loc_api_callback_process_sync_call: signal cb wait, slot i=0
01-18 14:53:27.617 V/locapi_rpc_glue( 1588): -loc_api_callback_process_sync_call
01-18 14:53:27.617 D/RPC     ( 1588): written RPC packet size: [28]
01-18 14:53:27.617 V/locapi_rpc_glue( 1588): loc_wait_callback: wait cb SUCCESS
01-18 14:53:27.617 V/locapi_rpc_glue( 1588): -loc_wait_callback
01-18 14:53:27.617 V/lib_locapi( 1588): loc_eng_ioctl result: client = 1, ioctl_type = 2, SUCCESS
01-18 14:53:27.617 V/GpsLocationProvider( 1588): set_position_mode complete
01-18 14:53:27.627 D/lib_locapi( 1588): [GPS:] loc_eng_start
01-18 14:53:27.627 D/locapi_rpc_glue( 1588): loc_start_fix
01-18 14:53:27.627 D/RPC     ( 1588): written RPC packet size: [44]
01-18 14:53:27.627 D/RPC     ( 1588): read RPC packet
01-18 14:53:27.627 D/RPC     ( 1588): read RPC packet size: [28]
01-18 14:53:27.627 D/GpsLocationProvider( 1588): reset SV count to zero
01-18 14:53:27.627 D/RPC     ( 1588): read RPC packet
01-18 14:53:27.627 D/RPC     ( 1588): read RPC packet size: [80]
01-18 14:53:27.627 V/locapi_rpc_glue( 1588): Callback received: 100 (cb_id=0x6340000 handle=1)
01-18 14:53:27.627 V/locapi_rpc_glue( 1588): +loc_api_callback_process_sync_call
01-18 14:53:27.637 V/locapi_rpc_glue( 1588): -loc_api_callback_process_sync_call, no sync call in use
01-18 14:53:27.637 D/lib_locapi( 1588): [GPS:] loc_eng_report_status: GPS_STATUS_SESSION_BEGIN
01-18 14:53:27.637 D/lib_locapi( 1588): [GPS:] loc_eng_report_status: issue callback with status 1
01-18 14:53:27.637 V/GpsLocationProvider( 1588): reportStatus status: 0
01-18 14:53:27.637 D/GpsLocationProvider( 1588): [reportStatus] mNavigating:false mEngineOn:false mDownloadXtraDataPending:false
01-18 14:53:27.637 D/lib_locapi( 1588): [GPS:] loc_eng_report_status: update status
01-18 14:53:27.637 V/GpsLocationProvider( 1588): reportStatus status: 1
01-18 14:53:27.637 W/GpsLocationProvider( 1588): GPS notify that the GPS has been change action
01-18 14:53:27.637 W/GpsLocationProvider( 1588): GPS_ENABLED_CHANGE_ACTION: android.location.GPS_ENABLED_CHANGE EXTRA_GPS_ENABLED: enabled
01-18 14:53:27.637 D/GpsLocationProvider( 1588): [reportStatus] mNavigating:true mEngineOn:false mDownloadXtraDataPending:false
01-18 14:53:27.637 D/RPC     ( 1588): written RPC packet size: [28]
01-18 14:53:27.647 D/RPC     ( 1588): read RPC packet
01-18 14:53:27.647 D/RPC     ( 1588): read RPC packet size: [84]
01-18 14:53:27.657 V/locapi_rpc_glue( 1588): Callback received: 40 (cb_id=0x6340000 handle=1)
01-18 14:53:27.657 V/locapi_rpc_glue( 1588): +loc_api_callback_process_sync_call
01-18 14:53:27.657 V/locapi_rpc_glue( 1588): -loc_api_callback_process_sync_call, no sync call in use
01-18 14:53:27.657 D/lib_locapi( 1588): loc_event_cb: GPS_REQUEST_AGPS_DATA_CONN
01-18 14:53:27.657 D/GpsLocationProvider( 1588): GPS_REQUEST_AGPS_DATA_CONN
01-18 14:53:27.657 D/GpsLocationProvider( 1588): mConnMgr.startUsingNetworkFeature result: 2
01-18 14:53:27.657 D/GpsLocationProvider( 1588): startUsingNetworkFeature failed
01-18 14:53:27.657 D/lib_locapi( 1588): [GPS:] loc_eng_agps_data_conn_failed
01-18 14:53:27.657 D/lib_locapi( 1588): [GPS:] loc_eng_process_atl_deferred_action 
01-18 14:53:27.657 D/lib_locapi( 1588): loc_eng_process_atl_deferred_action, send ATL_OPEN_FAIL
01-18 14:53:27.657 D/ConnectivityService( 1588): startUsingNetworkFeature for net 0: enableSUPL by 1588/1000
01-18 14:53:27.657 D/ConnectivityService( 1588): special network 3 not available
01-18 14:53:27.667 D/RPC     ( 1588): written RPC packet size: [28]
01-18 14:53:27.687 D/ActivityManager( 1588): isSketcherDisabledInCurrentTask():false, ActivityRecord{409402c0 uk.ac.st_andrews.cs.host.mk74.energymeasurement.gps/.MainActivity}
01-18 14:53:27.697 D/SurfaceFlinger( 1441): getTokenForSurface(0xd1234) => 1 (client=0xa3f88, bitmap=00000003), pid=1658
01-18 14:53:27.707 D/msm7x30.gralloc( 1441): gpu_context_t::getGrallocInformationFromFormat  1 
01-18 14:53:27.747 D/dalvikvm( 1696): GC_FOR_ALLOC freed 2778K, 23% free 11205K/14535K, paused 125ms
01-18 14:53:27.747 D/PhoneWindow( 1696): couldn't save which view has focus because the focused view android.widget.RelativeLayout@407c7838 has no id.
01-18 14:53:27.777 W/InputManagerService( 1588): Starting input on non-focused client com.android.internal.view.IInputMethodClient$Stub$Proxy@40ba72d0 (uid=9999 pid=1696)
01-18 14:53:27.787 D/SurfaceFlinger( 1441): virtual void android::Layer::onRemoved(): lcblk (identity=9, status=0, token=2)
01-18 14:53:27.797 D/RPC     ( 1588): read RPC packet
01-18 14:53:27.797 D/RPC     ( 1588): read RPC packet size: [80]
01-18 14:53:27.797 V/locapi_rpc_glue( 1588): Callback received: 100 (cb_id=0x6340000 handle=1)
01-18 14:53:27.797 V/locapi_rpc_glue( 1588): +loc_api_callback_process_sync_call
01-18 14:53:27.797 V/locapi_rpc_glue( 1588): -loc_api_callback_process_sync_call, no sync call in use
01-18 14:53:27.797 D/RPC     ( 1588): written RPC packet size: [28]
01-18 14:53:27.807 D/SurfaceFlinger( 1441): virtual void android::Layer::onRemoved(): lcblk (identity=8, status=0, token=1)
01-18 14:53:27.927 D/dalvikvm( 1696): GC_FOR_ALLOC freed 806K, 20% free 11705K/14535K, paused 39ms
01-18 14:53:28.007 D/msm7x30.gralloc( 1441): gpu_context_t::getGrallocInformationFromFormat  1 
01-18 14:53:28.318 D/dalvikvm( 1677): GC_CONCURRENT freed 256K, 8% free 7894K/8519K, paused 2ms+2ms
01-18 14:53:28.448 I/System.out( 2533): Values: 0.0 0.0
01-18 14:53:28.658 V/lib_locapi( 1588): loc_eng_ioctl called: client = 1, ioctl_type = 409
01-18 14:53:28.658 D/locapi_rpc_glue( 1588): loc_ioctl
01-18 14:53:28.658 D/RPC     ( 1588): written RPC packet size: [164]
01-18 14:53:28.668 D/RPC     ( 1588): read RPC packet
01-18 14:53:28.668 D/RPC     ( 1588): read RPC packet size: [28]
01-18 14:53:28.668 V/locapi_rpc_glue( 1588): loc_api_sync_ioctl: select_id = 0, loc_ioctl returned 0
01-18 14:53:28.668 V/locapi_rpc_glue( 1588): +loc_wait_callback: select_id: 0
01-18 14:53:28.668 D/RPC     ( 1588): read RPC packet
01-18 14:53:28.668 D/RPC     ( 1588): read RPC packet size: [80]
01-18 14:53:28.668 V/locapi_rpc_glue( 1588): Callback received: 80 (cb_id=0x6340000 handle=1)
01-18 14:53:28.668 V/locapi_rpc_glue( 1588): +loc_api_callback_process_sync_call
01-18 14:53:28.668 V/locapi_rpc_glue( 1588): loc_api_callback_process_sync_call: signal cb wait, slot i=0
01-18 14:53:28.668 V/locapi_rpc_glue( 1588): loc_wait_callback: wait cb SUCCESS
01-18 14:53:28.668 V/locapi_rpc_glue( 1588): -loc_wait_callback
01-18 14:53:28.668 V/lib_locapi( 1588): loc_eng_ioctl result: client = 1, ioctl_type = 409, SUCCESS
01-18 14:53:28.668 D/lib_locapi( 1588): [GPS:] loc_eng_report_status: GPS_STATUS_ENGINE_ON
01-18 14:53:28.668 D/lib_locapi( 1588): [GPS:] loc_eng_report_status: issue callback with status 3
01-18 14:53:28.668 V/GpsLocationProvider( 1588): reportStatus status: 0
01-18 14:53:28.668 D/GpsLocationProvider( 1588): [reportStatus] mNavigating:true mEngineOn:false mDownloadXtraDataPending:false
01-18 14:53:28.668 V/GpsLocationProvider( 1588): reportStatus status: 0
01-18 14:53:28.668 D/GpsLocationProvider( 1588): [reportStatus] mNavigating:true mEngineOn:false mDownloadXtraDataPending:false
01-18 14:53:28.668 D/lib_locapi( 1588): [GPS:] loc_eng_report_status: update status
01-18 14:53:28.668 V/GpsLocationProvider( 1588): reportStatus status: 3
01-18 14:53:28.668 D/GpsLocationProvider( 1588): [reportStatus] mNavigating:true mEngineOn:true mDownloadXtraDataPending:false
01-18 14:53:28.678 V/locapi_rpc_glue( 1588): -loc_api_callback_process_sync_call
01-18 14:53:28.678 D/RPC     ( 1588): written RPC packet size: [28]
01-18 14:53:28.898 D/RPC     ( 1588): read RPC packet
01-18 14:53:28.898 D/RPC     ( 1588): read RPC packet size: [272]
01-18 14:53:28.898 V/locapi_rpc_glue( 1588): Callback received: 4 (cb_id=0x6340000 handle=1)
01-18 14:53:28.898 V/locapi_rpc_glue( 1588): +loc_api_callback_process_sync_call
01-18 14:53:28.898 V/locapi_rpc_glue( 1588): -loc_api_callback_process_sync_call, no sync call in use
01-18 14:53:28.898 D/RPC     ( 1588): written RPC packet size: [28]
01-18 14:53:28.898 D/RPC     ( 1588): read RPC packet
01-18 14:53:28.898 D/RPC     ( 1588): read RPC packet size: [272]
01-18 14:53:28.898 V/locapi_rpc_glue( 1588): Callback received: 4 (cb_id=0x6340000 handle=1)
01-18 14:53:28.898 V/locapi_rpc_glue( 1588): +loc_api_callback_process_sync_call
01-18 14:53:28.898 V/locapi_rpc_glue( 1588): -loc_api_callback_process_sync_call, no sync call in use
01-18 14:53:28.898 D/RPC     ( 1588): written RPC packet size: [28]
01-18 14:53:28.908 D/RPC     ( 1588): read RPC packet
01-18 14:53:28.908 D/RPC     ( 1588): read RPC packet size: [272]
01-18 14:53:28.908 V/locapi_rpc_glue( 1588): Callback received: 4 (cb_id=0x6340000 handle=1)
01-18 14:53:28.908 V/locapi_rpc_glue( 1588): +loc_api_callback_process_sync_call
01-18 14:53:28.908 V/locapi_rpc_glue( 1588): -loc_api_callback_process_sync_call, no sync call in use
01-18 14:53:28.908 D/RPC     ( 1588): written RPC packet size: [28]
01-18 14:53:28.908 D/RPC     ( 1588): read RPC packet
01-18 14:53:28.908 D/RPC     ( 1588): read RPC packet size: [272]
01-18 14:53:28.908 V/locapi_rpc_glue( 1588): Callback received: 4 (cb_id=0x6340000 handle=1)
01-18 14:53:28.908 V/locapi_rpc_glue( 1588): +loc_api_callback_process_sync_call
01-18 14:53:28.908 V/locapi_rpc_glue( 1588): -loc_api_callback_process_sync_call, no sync call in use
01-18 14:53:28.908 D/RPC     ( 1588): written RPC packet size: [28]
01-18 14:53:28.908 D/RPC     ( 1588): read RPC packet
01-18 14:53:28.918 D/RPC     ( 1588): read RPC packet size: [96]
01-18 14:53:28.918 V/locapi_rpc_glue( 1588): Callback received: 2 (cb_id=0x6340000 handle=1)
01-18 14:53:28.918 V/locapi_rpc_glue( 1588): +loc_api_callback_process_sync_call
01-18 14:53:28.918 V/locapi_rpc_glue( 1588): -loc_api_callback_process_sync_call, no sync call in use
01-18 14:53:28.918 D/lib_locapi( 1588): loc_eng_report_sv: valid_mask = 0x30, num of sv = 0
01-18 14:53:28.918 D/GpsLocationProvider( 1588): reportSvStatus
01-18 14:53:28.918 V/GpsLocationProvider( 1588): SV count: 0 ephemerisMask: 0 almanacMask: 0
01-18 14:53:28.918 D/RPC     ( 1588): written RPC packet size: [28]
01-18 14:53:28.918 D/RPC     ( 1588): read RPC packet
01-18 14:53:28.918 D/RPC     ( 1588): read RPC packet size: [272]
01-18 14:53:28.918 V/locapi_rpc_glue( 1588): Callback received: 4 (cb_id=0x6340000 handle=1)
01-18 14:53:28.918 V/locapi_rpc_glue( 1588): +loc_api_callback_process_sync_call
01-18 14:53:28.918 V/locapi_rpc_glue( 1588): -loc_api_callback_process_sync_call, no sync call in use
01-18 14:53:28.918 D/RPC     ( 1588): written RPC packet size: [28]
01-18 14:53:28.928 D/RPC     ( 1588): read RPC packet
01-18 14:53:28.928 D/RPC     ( 1588): read RPC packet size: [272]
01-18 14:53:28.928 V/locapi_rpc_glue( 1588): Callback received: 4 (cb_id=0x6340000 handle=1)
01-18 14:53:28.928 V/locapi_rpc_glue( 1588): +loc_api_callback_process_sync_call
01-18 14:53:28.928 V/locapi_rpc_glue( 1588): -loc_api_callback_process_sync_call, no sync call in use
01-18 14:53:28.928 D/RPC     ( 1588): written RPC packet size: [28]
01-18 14:53:28.928 D/RPC     ( 1588): read RPC packet
01-18 14:53:28.928 D/RPC     ( 1588): read RPC packet size: [272]
01-18 14:53:28.928 V/locapi_rpc_glue( 1588): Callback received: 4 (cb_id=0x6340000 handle=1)
01-18 14:53:28.928 V/locapi_rpc_glue( 1588): +loc_api_callback_process_sync_call
01-18 14:53:28.928 V/locapi_rpc_glue( 1588): -loc_api_callback_process_sync_call, no sync call in use
01-18 14:53:28.928 D/RPC     ( 1588): written RPC packet size: [28]
01-18 14:53:28.938 D/RPC     ( 1588): read RPC packet
01-18 14:53:28.938 D/RPC     ( 1588): read RPC packet size: [272]
01-18 14:53:28.938 V/locapi_rpc_glue( 1588): Callback received: 4 (cb_id=0x6340000 handle=1)
01-18 14:53:28.938 V/locapi_rpc_glue( 1588): +loc_api_callback_process_sync_call
01-18 14:53:28.938 V/locapi_rpc_glue( 1588): -loc_api_callback_process_sync_call, no sync call in use
01-18 14:53:28.938 D/RPC     ( 1588): written RPC packet size: [28]
01-18 14:53:29.449 I/System.out( 2533): Values: 0.0 0.0
01-18 14:53:29.629 D/RPC     ( 1588): read RPC packet
01-18 14:53:29.639 D/RPC     ( 1588): read RPC packet size: [208]
01-18 14:53:29.639 V/locapi_rpc_glue( 1588): Callback received: 1 (cb_id=0x6340000 handle=1)
01-18 14:53:29.639 V/locapi_rpc_glue( 1588): +loc_api_callback_process_sync_call
01-18 14:53:29.639 V/locapi_rpc_glue( 1588): -loc_api_callback_process_sync_call, no sync call in use
01-18 14:53:29.639 D/lib_locapi( 1588): loc_eng_report_position: valid mask = 0x606d, sess status = 1
01-18 14:53:29.639 D/RPC     ( 1588): written RPC packet size: [28]
01-18 14:53:29.899 D/RPC     ( 1588): read RPC packet
01-18 14:53:29.899 D/RPC     ( 1588): read RPC packet size: [272]
01-18 14:53:29.899 V/locapi_rpc_glue( 1588): Callback received: 4 (cb_id=0x6340000 handle=1)
01-18 14:53:29.899 V/locapi_rpc_glue( 1588): +loc_api_callback_process_sync_call
01-18 14:53:29.899 V/locapi_rpc_glue( 1588): -loc_api_callback_process_sync_call, no sync call in use
01-18 14:53:29.899 D/RPC     ( 1588): written RPC packet size: [28]
01-18 14:53:29.899 D/RPC     ( 1588): read RPC packet
01-18 14:53:29.899 D/RPC     ( 1588): read RPC packet size: [272]
01-18 14:53:29.899 V/locapi_rpc_glue( 1588): Callback received: 4 (cb_id=0x6340000 handle=1)
01-18 14:53:29.899 V/locapi_rpc_glue( 1588): +loc_api_callback_process_sync_call
01-18 14:53:29.899 V/locapi_rpc_glue( 1588): -loc_api_callback_process_sync_call, no sync call in use
01-18 14:53:29.899 D/RPC     ( 1588): written RPC packet size: [28]
01-18 14:53:29.909 D/RPC     ( 1588): read RPC packet
01-18 14:53:29.909 D/RPC     ( 1588): read RPC packet size: [272]
01-18 14:53:29.909 V/locapi_rpc_glue( 1588): Callback received: 4 (cb_id=0x6340000 handle=1)
01-18 14:53:29.909 V/locapi_rpc_glue( 1588): +loc_api_callback_process_sync_call
01-18 14:53:29.909 V/locapi_rpc_glue( 1588): -loc_api_callback_process_sync_call, no sync call in use
01-18 14:53:29.909 D/RPC     ( 1588): written RPC packet size: [28]
01-18 14:53:29.909 D/RPC     ( 1588): read RPC packet
01-18 14:53:29.909 D/RPC     ( 1588): read RPC packet size: [272]
01-18 14:53:29.909 V/locapi_rpc_glue( 1588): Callback received: 4 (cb_id=0x6340000 handle=1)
01-18 14:53:29.909 V/locapi_rpc_glue( 1588): +loc_api_callback_process_sync_call
01-18 14:53:29.909 V/locapi_rpc_glue( 1588): -loc_api_callback_process_sync_call, no sync call in use
01-18 14:53:29.909 D/RPC     ( 1588): written RPC packet size: [28]
01-18 14:53:29.919 D/RPC     ( 1588): read RPC packet
01-18 14:53:29.919 D/RPC     ( 1588): read RPC packet size: [96]
01-18 14:53:29.919 V/locapi_rpc_glue( 1588): Callback received: 2 (cb_id=0x6340000 handle=1)
01-18 14:53:29.919 V/locapi_rpc_glue( 1588): +loc_api_callback_process_sync_call
01-18 14:53:29.919 V/locapi_rpc_glue( 1588): -loc_api_callback_process_sync_call, no sync call in use
01-18 14:53:29.919 D/lib_locapi( 1588): loc_eng_report_sv: valid_mask = 0x30, num of sv = 0
01-18 14:53:29.919 D/GpsLocationProvider( 1588): reportSvStatus
01-18 14:53:29.919 V/GpsLocationProvider( 1588): SV count: 0 ephemerisMask: 0 almanacMask: 0
01-18 14:53:29.919 D/RPC     ( 1588): written RPC packet size: [28]
01-18 14:53:29.929 D/RPC     ( 1588): read RPC packet
01-18 14:53:29.929 D/RPC     ( 1588): read RPC packet size: [272]
01-18 14:53:29.929 V/locapi_rpc_glue( 1588): Callback received: 4 (cb_id=0x6340000 handle=1)
01-18 14:53:29.929 V/locapi_rpc_glue( 1588): +loc_api_callback_process_sync_call
01-18 14:53:29.929 V/locapi_rpc_glue( 1588): -loc_api_callback_process_sync_call, no sync call in use
01-18 14:53:29.929 D/RPC     ( 1588): written RPC packet size: [28]
01-18 14:53:29.929 D/RPC     ( 1588): read RPC packet
01-18 14:53:29.929 D/RPC     ( 1588): read RPC packet size: [272]
01-18 14:53:29.929 V/locapi_rpc_glue( 1588): Callback received: 4 (cb_id=0x6340000 handle=1)
01-18 14:53:29.929 V/locapi_rpc_glue( 1588): +loc_api_callback_process_sync_call
01-18 14:53:29.929 V/locapi_rpc_glue( 1588): -loc_api_callback_process_sync_call, no sync call in use
01-18 14:53:29.929 D/RPC     ( 1588): written RPC packet size: [28]
01-18 14:53:29.929 D/RPC     ( 1588): read RPC packet
01-18 14:53:29.929 D/RPC     ( 1588): read RPC packet size: [272]
01-18 14:53:29.929 V/locapi_rpc_glue( 1588): Callback received: 4 (cb_id=0x6340000 handle=1)
01-18 14:53:29.929 V/locapi_rpc_glue( 1588): +loc_api_callback_process_sync_call
01-18 14:53:29.929 V/locapi_rpc_glue( 1588): -loc_api_callback_process_sync_call, no sync call in use
01-18 14:53:29.929 D/RPC     ( 1588): written RPC packet size: [28]
01-18 14:53:29.929 D/RPC     ( 1588): read RPC packet
01-18 14:53:29.929 D/RPC     ( 1588): read RPC packet size: [272]
01-18 14:53:29.929 V/locapi_rpc_glue( 1588): Callback received: 4 (cb_id=0x6340000 handle=1)
01-18 14:53:29.929 V/locapi_rpc_glue( 1588): +loc_api_callback_process_sync_call
01-18 14:53:29.929 V/locapi_rpc_glue( 1588): -loc_api_callback_process_sync_call, no sync call in use
01-18 14:53:29.929 D/RPC     ( 1588): written RPC packet size: [28]
01-18 14:53:30.450 I/System.out( 2533): Values: 0.0 0.0
01-18 14:53:30.630 D/RPC     ( 1588): read RPC packet
01-18 14:53:30.630 D/RPC     ( 1588): read RPC packet size: [208]
01-18 14:53:30.630 V/locapi_rpc_glue( 1588): Callback received: 1 (cb_id=0x6340000 handle=1)
01-18 14:53:30.630 V/locapi_rpc_glue( 1588): +loc_api_callback_process_sync_call
01-18 14:53:30.630 V/locapi_rpc_glue( 1588): -loc_api_callback_process_sync_call, no sync call in use
01-18 14:53:30.630 D/lib_locapi( 1588): loc_eng_report_position: valid mask = 0x606d, sess status = 1
01-18 14:53:30.630 D/RPC     ( 1588): written RPC packet size: [28]
01-18 14:53:30.900 D/RPC     ( 1588): read RPC packet
01-18 14:53:30.900 D/RPC     ( 1588): read RPC packet size: [272]
01-18 14:53:30.900 V/locapi_rpc_glue( 1588): Callback received: 4 (cb_id=0x6340000 handle=1)
01-18 14:53:30.900 V/locapi_rpc_glue( 1588): +loc_api_callback_process_sync_call
01-18 14:53:30.900 V/locapi_rpc_glue( 1588): -loc_api_callback_process_sync_call, no sync call in use
01-18 14:53:30.900 D/RPC     ( 1588): written RPC packet size: [28]
01-18 14:53:30.900 D/RPC     ( 1588): read RPC packet
01-18 14:53:30.900 D/RPC     ( 1588): read RPC packet size: [272]
01-18 14:53:30.900 V/locapi_rpc_glue( 1588): Callback received: 4 (cb_id=0x6340000 handle=1)
01-18 14:53:30.900 V/locapi_rpc_glue( 1588): +loc_api_callback_process_sync_call
01-18 14:53:30.900 V/locapi_rpc_glue( 1588): -loc_api_callback_process_sync_call, no sync call in use
01-18 14:53:30.900 D/RPC     ( 1588): written RPC packet size: [28]
01-18 14:53:30.900 D/RPC     ( 1588): read RPC packet
01-18 14:53:30.900 D/RPC     ( 1588): read RPC packet size: [272]
01-18 14:53:30.900 V/locapi_rpc_glue( 1588): Callback received: 4 (cb_id=0x6340000 handle=1)
01-18 14:53:30.900 V/locapi_rpc_glue( 1588): +loc_api_callback_process_sync_call
01-18 14:53:30.900 V/locapi_rpc_glue( 1588): -loc_api_callback_process_sync_call, no sync call in use
01-18 14:53:30.900 D/RPC     ( 1588): written RPC packet size: [28]
01-18 14:53:30.900 D/RPC     ( 1588): read RPC packet
01-18 14:53:30.900 D/RPC     ( 1588): read RPC packet size: [272]
01-18 14:53:30.900 V/locapi_rpc_glue( 1588): Callback received: 4 (cb_id=0x6340000 handle=1)
01-18 14:53:30.900 V/locapi_rpc_glue( 1588): +loc_api_callback_process_sync_call
01-18 14:53:30.900 V/locapi_rpc_glue( 1588): -loc_api_callback_process_sync_call, no sync call in use
01-18 14:53:30.900 D/RPC     ( 1588): written RPC packet size: [28]
01-18 14:53:30.900 D/RPC     ( 1588): read RPC packet
01-18 14:53:30.900 D/RPC     ( 1588): read RPC packet size: [136]
01-18 14:53:30.900 V/locapi_rpc_glue( 1588): Callback received: 2 (cb_id=0x6340000 handle=1)
01-18 14:53:30.900 V/locapi_rpc_glue( 1588): +loc_api_callback_process_sync_call
01-18 14:53:30.900 V/locapi_rpc_glue( 1588): -loc_api_callback_process_sync_call, no sync call in use
01-18 14:53:30.900 D/lib_locapi( 1588): loc_eng_report_sv: valid_mask = 0x30, num of sv = 1
01-18 14:53:30.900 D/GpsLocationProvider( 1588): reportSvStatus
01-18 14:53:30.900 V/GpsLocationProvider( 1588): SV count: 1 ephemerisMask: 0 almanacMask: 0
01-18 14:53:30.900 V/GpsLocationProvider( 1588): sv: 29 snr: 3.4599998 elev: 0.0 azimuth: 0.0    
01-18 14:53:30.900 D/RPC     ( 1588): written RPC packet size: [28]
01-18 14:53:30.900 D/RPC     ( 1588): read RPC packet
01-18 14:53:30.900 D/RPC     ( 1588): read RPC packet size: [272]
01-18 14:53:30.900 V/locapi_rpc_glue( 1588): Callback received: 4 (cb_id=0x6340000 handle=1)
01-18 14:53:30.900 V/locapi_rpc_glue( 1588): +loc_api_callback_process_sync_call
01-18 14:53:30.900 V/locapi_rpc_glue( 1588): -loc_api_callback_process_sync_call, no sync call in use
01-18 14:53:30.900 D/RPC     ( 1588): written RPC packet size: [28]
01-18 14:53:30.900 D/RPC     ( 1588): read RPC packet
01-18 14:53:30.900 D/RPC     ( 1588): read RPC packet size: [272]
01-18 14:53:30.900 V/locapi_rpc_glue( 1588): Callback received: 4 (cb_id=0x6340000 handle=1)
01-18 14:53:30.900 V/locapi_rpc_glue( 1588): +loc_api_callback_process_sync_call
01-18 14:53:30.900 V/locapi_rpc_glue( 1588): -loc_api_callback_process_sync_call, no sync call in use
01-18 14:53:30.900 D/RPC     ( 1588): written RPC packet size: [28]
01-18 14:53:30.900 D/RPC     ( 1588): read RPC packet
01-18 14:53:30.900 D/RPC     ( 1588): read RPC packet size: [272]
01-18 14:53:30.900 V/locapi_rpc_glue( 1588): Callback received: 4 (cb_id=0x6340000 handle=1)
01-18 14:53:30.900 V/locapi_rpc_glue( 1588): +loc_api_callback_process_sync_call
01-18 14:53:30.900 V/locapi_rpc_glue( 1588): -loc_api_callback_process_sync_call, no sync call in use
01-18 14:53:30.900 D/RPC     ( 1588): written RPC packet size: [28]
01-18 14:53:30.900 D/RPC     ( 1588): read RPC packet
01-18 14:53:30.900 D/RPC     ( 1588): read RPC packet size: [272]
01-18 14:53:30.900 V/locapi_rpc_glue( 1588): Callback received: 4 (cb_id=0x6340000 handle=1)
01-18 14:53:30.910 V/locapi_rpc_glue( 1588): +loc_api_callback_process_sync_call
01-18 14:53:30.910 V/locapi_rpc_glue( 1588): -loc_api_callback_process_sync_call, no sync call in use
01-18 14:53:30.910 D/RPC     ( 1588): written RPC packet size: [28]
01-18 14:53:31.451 I/System.out( 2533): Values: 0.0 0.0
01-18 14:53:31.621 D/RPC     ( 1588): read RPC packet
01-18 14:53:31.631 D/RPC     ( 1588): read RPC packet size: [208]
01-18 14:53:31.651 V/locapi_rpc_glue( 1588): Callback received: 1 (cb_id=0x6340000 handle=1)
01-18 14:53:31.651 V/locapi_rpc_glue( 1588): +loc_api_callback_process_sync_call
01-18 14:53:31.651 V/locapi_rpc_glue( 1588): -loc_api_callback_process_sync_call, no sync call in use
01-18 14:53:31.651 D/lib_locapi( 1588): loc_eng_report_position: valid mask = 0x606d, sess status = 1
01-18 14:53:31.651 D/RPC     ( 1588): written RPC packet size: [28]
01-18 14:53:31.901 D/RPC     ( 1588): read RPC packet
01-18 14:53:31.901 D/RPC     ( 1588): read RPC packet size: [272]
01-18 14:53:31.901 V/locapi_rpc_glue( 1588): Callback received: 4 (cb_id=0x6340000 handle=1)
01-18 14:53:31.901 V/locapi_rpc_glue( 1588): +loc_api_callback_process_sync_call
01-18 14:53:31.901 V/locapi_rpc_glue( 1588): -loc_api_callback_process_sync_call, no sync call in use
01-18 14:53:31.901 D/RPC     ( 1588): written RPC packet size: [28]
01-18 14:53:31.901 D/RPC     ( 1588): read RPC packet
01-18 14:53:31.901 D/RPC     ( 1588): read RPC packet size: [272]
01-18 14:53:31.901 V/locapi_rpc_glue( 1588): Callback received: 4 (cb_id=0x6340000 handle=1)
01-18 14:53:31.901 V/locapi_rpc_glue( 1588): +loc_api_callback_process_sync_call
01-18 14:53:31.901 V/locapi_rpc_glue( 1588): -loc_api_callback_process_sync_call, no sync call in use
01-18 14:53:31.901 D/RPC     ( 1588): written RPC packet size: [28]
01-18 14:53:31.901 D/RPC     ( 1588): read RPC packet
01-18 14:53:31.901 D/RPC     ( 1588): read RPC packet size: [272]
01-18 14:53:31.901 V/locapi_rpc_glue( 1588): Callback received: 4 (cb_id=0x6340000 handle=1)
01-18 14:53:31.901 V/locapi_rpc_glue( 1588): +loc_api_callback_process_sync_call
01-18 14:53:31.901 V/locapi_rpc_glue( 1588): -loc_api_callback_process_sync_call, no sync call in use
01-18 14:53:31.901 D/RPC     ( 1588): written RPC packet size: [28]
01-18 14:53:31.911 D/RPC     ( 1588): read RPC packet
01-18 14:53:31.911 D/RPC     ( 1588): read RPC packet size: [272]
01-18 14:53:31.911 V/locapi_rpc_glue( 1588): Callback received: 4 (cb_id=0x6340000 handle=1)
01-18 14:53:31.911 V/locapi_rpc_glue( 1588): +loc_api_callback_process_sync_call
01-18 14:53:31.911 V/locapi_rpc_glue( 1588): -loc_api_callback_process_sync_call, no sync call in use
01-18 14:53:31.911 D/RPC     ( 1588): written RPC packet size: [28]
01-18 14:53:31.911 D/RPC     ( 1588): read RPC packet
01-18 14:53:31.911 D/RPC     ( 1588): read RPC packet size: [136]
01-18 14:53:31.911 V/locapi_rpc_glue( 1588): Callback received: 2 (cb_id=0x6340000 handle=1)
01-18 14:53:31.911 V/locapi_rpc_glue( 1588): +loc_api_callback_process_sync_call
01-18 14:53:31.911 V/locapi_rpc_glue( 1588): -loc_api_callback_process_sync_call, no sync call in use
01-18 14:53:31.911 D/lib_locapi( 1588): loc_eng_report_sv: valid_mask = 0x30, num of sv = 1
01-18 14:53:31.911 D/GpsLocationProvider( 1588): reportSvStatus
01-18 14:53:31.911 V/GpsLocationProvider( 1588): SV count: 1 ephemerisMask: 0 almanacMask: 0
01-18 14:53:31.921 V/GpsLocationProvider( 1588): sv: 29 snr: 3.5400002 elev: 0.0 azimuth: 0.0    
01-18 14:53:31.921 D/RPC     ( 1588): written RPC packet size: [28]
01-18 14:53:31.921 D/RPC     ( 1588): read RPC packet
01-18 14:53:31.921 D/RPC     ( 1588): read RPC packet size: [272]
01-18 14:53:31.921 V/locapi_rpc_glue( 1588): Callback received: 4 (cb_id=0x6340000 handle=1)
01-18 14:53:31.921 V/locapi_rpc_glue( 1588): +loc_api_callback_process_sync_call
01-18 14:53:31.921 V/locapi_rpc_glue( 1588): -loc_api_callback_process_sync_call, no sync call in use
01-18 14:53:31.921 D/RPC     ( 1588): written RPC packet size: [28]
01-18 14:53:31.921 D/RPC     ( 1588): read RPC packet
01-18 14:53:31.921 D/RPC     ( 1588): read RPC packet size: [272]
01-18 14:53:31.931 V/locapi_rpc_glue( 1588): Callback received: 4 (cb_id=0x6340000 handle=1)
01-18 14:53:31.931 V/locapi_rpc_glue( 1588): +loc_api_callback_process_sync_call
01-18 14:53:31.931 V/locapi_rpc_glue( 1588): -loc_api_callback_process_sync_call, no sync call in use
01-18 14:53:31.931 D/RPC     ( 1588): written RPC packet size: [28]
01-18 14:53:31.931 D/RPC     ( 1588): read RPC packet
01-18 14:53:31.931 D/RPC     ( 1588): read RPC packet size: [272]
01-18 14:53:31.931 V/locapi_rpc_glue( 1588): Callback received: 4 (cb_id=0x6340000 handle=1)
01-18 14:53:31.931 V/locapi_rpc_glue( 1588): +loc_api_callback_process_sync_call
01-18 14:53:31.931 V/locapi_rpc_glue( 1588): -loc_api_callback_process_sync_call, no sync call in use
01-18 14:53:31.931 D/RPC     ( 1588): written RPC packet size: [28]
01-18 14:53:31.941 D/RPC     ( 1588): read RPC packet
01-18 14:53:31.941 D/RPC     ( 1588): read RPC packet size: [272]
01-18 14:53:31.941 V/locapi_rpc_glue( 1588): Callback received: 4 (cb_id=0x6340000 handle=1)
01-18 14:53:31.941 V/locapi_rpc_glue( 1588): +loc_api_callback_process_sync_call
01-18 14:53:31.941 V/locapi_rpc_glue( 1588): -loc_api_callback_process_sync_call, no sync call in use
01-18 14:53:31.941 D/RPC     ( 1588): written RPC packet size: [28]
01-18 14:53:32.452 I/System.out( 2533): Values: 0.0 0.0
01-18 14:53:32.632 D/RPC     ( 1588): read RPC packet
01-18 14:53:32.632 D/RPC     ( 1588): read RPC packet size: [208]
01-18 14:53:32.632 V/locapi_rpc_glue( 1588): Callback received: 1 (cb_id=0x6340000 handle=1)
01-18 14:53:32.632 V/locapi_rpc_glue( 1588): +loc_api_callback_process_sync_call
01-18 14:53:32.632 V/locapi_rpc_glue( 1588): -loc_api_callback_process_sync_call, no sync call in use
01-18 14:53:32.632 D/lib_locapi( 1588): loc_eng_report_position: valid mask = 0x606d, sess status = 1
01-18 14:53:32.632 D/RPC     ( 1588): written RPC packet size: [28]
01-18 14:53:32.892 D/RPC     ( 1588): read RPC packet
01-18 14:53:32.892 D/RPC     ( 1588): read RPC packet size: [272]
01-18 14:53:32.902 V/locapi_rpc_glue( 1588): Callback received: 4 (cb_id=0x6340000 handle=1)
01-18 14:53:32.902 V/locapi_rpc_glue( 1588): +loc_api_callback_process_sync_call
01-18 14:53:32.902 V/locapi_rpc_glue( 1588): -loc_api_callback_process_sync_call, no sync call in use
01-18 14:53:32.902 D/RPC     ( 1588): written RPC packet size: [28]
01-18 14:53:32.902 D/RPC     ( 1588): read RPC packet
01-18 14:53:32.912 D/RPC     ( 1588): read RPC packet size: [272]
01-18 14:53:32.922 V/locapi_rpc_glue( 1588): Callback received: 4 (cb_id=0x6340000 handle=1)
01-18 14:53:32.922 V/locapi_rpc_glue( 1588): +loc_api_callback_process_sync_call
01-18 14:53:32.922 V/locapi_rpc_glue( 1588): -loc_api_callback_process_sync_call, no sync call in use
01-18 14:53:32.932 D/RPC     ( 1588): written RPC packet size: [28]
01-18 14:53:32.932 D/RPC     ( 1588): read RPC packet
01-18 14:53:32.932 D/RPC     ( 1588): read RPC packet size: [272]
01-18 14:53:32.932 V/locapi_rpc_glue( 1588): Callback received: 4 (cb_id=0x6340000 handle=1)
01-18 14:53:32.932 V/locapi_rpc_glue( 1588): +loc_api_callback_process_sync_call
01-18 14:53:32.932 V/locapi_rpc_glue( 1588): -loc_api_callback_process_sync_call, no sync call in use
01-18 14:53:32.942 D/RPC     ( 1588): written RPC packet size: [28]
01-18 14:53:32.942 D/RPC     ( 1588): read RPC packet
01-18 14:53:32.952 D/RPC     ( 1588): read RPC packet size: [272]
01-18 14:53:32.952 V/locapi_rpc_glue( 1588): Callback received: 4 (cb_id=0x6340000 handle=1)
01-18 14:53:32.952 V/locapi_rpc_glue( 1588): +loc_api_callback_process_sync_call
01-18 14:53:32.952 V/locapi_rpc_glue( 1588): -loc_api_callback_process_sync_call, no sync call in use
01-18 14:53:32.952 D/RPC     ( 1588): written RPC packet size: [28]
01-18 14:53:32.952 D/RPC     ( 1588): read RPC packet
01-18 14:53:32.952 D/RPC     ( 1588): read RPC packet size: [136]
01-18 14:53:32.952 V/locapi_rpc_glue( 1588): Callback received: 2 (cb_id=0x6340000 handle=1)
01-18 14:53:32.952 V/locapi_rpc_glue( 1588): +loc_api_callback_process_sync_call
01-18 14:53:32.952 V/locapi_rpc_glue( 1588): -loc_api_callback_process_sync_call, no sync call in use
01-18 14:53:32.952 D/lib_locapi( 1588): loc_eng_report_sv: valid_mask = 0x30, num of sv = 1
01-18 14:53:32.952 D/GpsLocationProvider( 1588): reportSvStatus
01-18 14:53:32.952 V/GpsLocationProvider( 1588): SV count: 1 ephemerisMask: 0 almanacMask: 0
01-18 14:53:32.952 V/GpsLocationProvider( 1588): sv: 29 snr: 3.4900002 elev: 0.0 azimuth: 0.0    U
01-18 14:53:32.952 D/RPC     ( 1588): written RPC packet size: [28]
01-18 14:53:32.962 D/RPC     ( 1588): read RPC packet
01-18 14:53:32.962 D/RPC     ( 1588): read RPC packet size: [272]
01-18 14:53:32.962 V/locapi_rpc_glue( 1588): Callback received: 4 (cb_id=0x6340000 handle=1)
01-18 14:53:32.962 V/locapi_rpc_glue( 1588): +loc_api_callback_process_sync_call
01-18 14:53:32.962 V/locapi_rpc_glue( 1588): -loc_api_callback_process_sync_call, no sync call in use
01-18 14:53:32.962 D/RPC     ( 1588): written RPC packet size: [28]
01-18 14:53:32.962 D/RPC     ( 1588): read RPC packet
01-18 14:53:32.962 D/RPC     ( 1588): read RPC packet size: [272]
01-18 14:53:32.962 V/locapi_rpc_glue( 1588): Callback received: 4 (cb_id=0x6340000 handle=1)
01-18 14:53:32.962 V/locapi_rpc_glue( 1588): +loc_api_callback_process_sync_call
01-18 14:53:32.962 V/locapi_rpc_glue( 1588): -loc_api_callback_process_sync_call, no sync call in use
01-18 14:53:32.962 D/RPC     ( 1588): written RPC packet size: [28]
01-18 14:53:32.962 D/RPC     ( 1588): read RPC packet
01-18 14:53:32.962 D/RPC     ( 1588): read RPC packet size: [272]
01-18 14:53:32.962 V/locapi_rpc_glue( 1588): Callback received: 4 (cb_id=0x6340000 handle=1)
01-18 14:53:32.962 V/locapi_rpc_glue( 1588): +loc_api_callback_process_sync_call
01-18 14:53:32.962 V/locapi_rpc_glue( 1588): -loc_api_callback_process_sync_call, no sync call in use
01-18 14:53:32.962 D/RPC     ( 1588): written RPC packet size: [28]
01-18 14:53:32.962 D/RPC     ( 1588): read RPC packet
01-18 14:53:32.972 D/RPC     ( 1588): read RPC packet size: [272]
01-18 14:53:32.972 V/locapi_rpc_glue( 1588): Callback received: 4 (cb_id=0x6340000 handle=1)
01-18 14:53:32.972 V/locapi_rpc_glue( 1588): +loc_api_callback_process_sync_call
01-18 14:53:32.972 V/locapi_rpc_glue( 1588): -loc_api_callback_process_sync_call, no sync call in use
01-18 14:53:32.972 D/RPC     ( 1588): written RPC packet size: [28]
01-18 14:53:33.032 D/SurfaceFlinger( 1441): virtual void android::Layer::onRemoved(): lcblk (identity=15, status=0, token=1)
01-18 14:53:33.453 I/System.out( 2533): Values: 0.0 0.0
01-18 14:53:33.643 D/RPC     ( 1588): read RPC packet
01-18 14:53:33.643 D/RPC     ( 1588): read RPC packet size: [208]
01-18 14:53:33.643 V/locapi_rpc_glue( 1588): Callback received: 1 (cb_id=0x6340000 handle=1)
01-18 14:53:33.643 V/locapi_rpc_glue( 1588): +loc_api_callback_process_sync_call
01-18 14:53:33.643 V/locapi_rpc_glue( 1588): -loc_api_callback_process_sync_call, no sync call in use
01-18 14:53:33.643 D/lib_locapi( 1588): loc_eng_report_position: valid mask = 0x606d, sess status = 1
01-18 14:53:33.643 D/RPC     ( 1588): written RPC packet size: [28]
01-18 14:53:33.893 D/RPC     ( 1588): read RPC packet
01-18 14:53:33.893 D/RPC     ( 1588): read RPC packet size: [272]
01-18 14:53:33.893 V/locapi_rpc_glue( 1588): Callback received: 4 (cb_id=0x6340000 handle=1)
01-18 14:53:33.893 V/locapi_rpc_glue( 1588): +loc_api_callback_process_sync_call
01-18 14:53:33.893 V/locapi_rpc_glue( 1588): -loc_api_callback_process_sync_call, no sync call in use
01-18 14:53:33.893 D/RPC     ( 1588): written RPC packet size: [28]
01-18 14:53:33.903 D/RPC     ( 1588): read RPC packet
01-18 14:53:33.903 D/RPC     ( 1588): read RPC packet size: [272]
01-18 14:53:33.903 V/locapi_rpc_glue( 1588): Callback received: 4 (cb_id=0x6340000 handle=1)
01-18 14:53:33.903 V/locapi_rpc_glue( 1588): +loc_api_callback_process_sync_call
01-18 14:53:33.903 V/locapi_rpc_glue( 1588): -loc_api_callback_process_sync_call, no sync call in use
01-18 14:53:33.903 D/RPC     ( 1588): written RPC packet size: [28]
01-18 14:53:33.903 D/RPC     ( 1588): read RPC packet
01-18 14:53:33.903 D/RPC     ( 1588): read RPC packet size: [272]
01-18 14:53:33.903 V/locapi_rpc_glue( 1588): Callback received: 4 (cb_id=0x6340000 handle=1)
01-18 14:53:33.903 V/locapi_rpc_glue( 1588): +loc_api_callback_process_sync_call
01-18 14:53:33.903 V/locapi_rpc_glue( 1588): -loc_api_callback_process_sync_call, no sync call in use
01-18 14:53:33.913 D/RPC     ( 1588): written RPC packet size: [28]
01-18 14:53:33.913 D/RPC     ( 1588): read RPC packet
01-18 14:53:33.913 D/RPC     ( 1588): read RPC packet size: [272]
01-18 14:53:33.913 V/locapi_rpc_glue( 1588): Callback received: 4 (cb_id=0x6340000 handle=1)
01-18 14:53:33.913 V/locapi_rpc_glue( 1588): +loc_api_callback_process_sync_call
01-18 14:53:33.913 V/locapi_rpc_glue( 1588): -loc_api_callback_process_sync_call, no sync call in use
01-18 14:53:33.913 D/RPC     ( 1588): written RPC packet size: [28]
01-18 14:53:33.923 D/RPC     ( 1588): read RPC packet
01-18 14:53:33.923 D/RPC     ( 1588): read RPC packet size: [136]
01-18 14:53:33.923 V/locapi_rpc_glue( 1588): Callback received: 2 (cb_id=0x6340000 handle=1)
01-18 14:53:33.923 V/locapi_rpc_glue( 1588): +loc_api_callback_process_sync_call
01-18 14:53:33.923 V/locapi_rpc_glue( 1588): -loc_api_callback_process_sync_call, no sync call in use
01-18 14:53:33.923 D/lib_locapi( 1588): loc_eng_report_sv: valid_mask = 0x30, num of sv = 1
