01-18 14:53:33.923 D/GpsLocationProvider( 1588): reportSvStatus
01-18 14:53:33.923 V/GpsLocationProvider( 1588): SV count: 1 ephemerisMask: 0 almanacMask: 0
01-18 14:53:33.923 V/GpsLocationProvider( 1588): sv: 29 snr: 2.92 elev: 0.0 azimuth: 0.0    U
01-18 14:53:33.923 D/RPC     ( 1588): written RPC packet size: [28]
01-18 14:53:33.923 D/RPC     ( 1588): read RPC packet
01-18 14:53:33.933 D/RPC     ( 1588): read RPC packet size: [272]
01-18 14:53:33.933 V/locapi_rpc_glue( 1588): Callback received: 4 (cb_id=0x6340000 handle=1)
01-18 14:53:33.933 V/locapi_rpc_glue( 1588): +loc_api_callback_process_sync_call
01-18 14:53:33.933 V/locapi_rpc_glue( 1588): -loc_api_callback_process_sync_call, no sync call in use
01-18 14:53:33.933 D/RPC     ( 1588): written RPC packet size: [28]
01-18 14:53:33.933 D/RPC     ( 1588): read RPC packet
01-18 14:53:33.933 D/RPC     ( 1588): read RPC packet size: [272]
01-18 14:53:33.933 V/locapi_rpc_glue( 1588): Callback received: 4 (cb_id=0x6340000 handle=1)
01-18 14:53:33.933 V/locapi_rpc_glue( 1588): +loc_api_callback_process_sync_call
01-18 14:53:33.933 V/locapi_rpc_glue( 1588): -loc_api_callback_process_sync_call, no sync call in use
01-18 14:53:33.933 D/RPC     ( 1588): written RPC packet size: [28]
01-18 14:53:33.943 D/RPC     ( 1588): read RPC packet
01-18 14:53:33.943 D/RPC     ( 1588): read RPC packet size: [272]
01-18 14:53:33.943 V/locapi_rpc_glue( 1588): Callback received: 4 (cb_id=0x6340000 handle=1)
01-18 14:53:33.943 V/locapi_rpc_glue( 1588): +loc_api_callback_process_sync_call
01-18 14:53:33.943 V/locapi_rpc_glue( 1588): -loc_api_callback_process_sync_call, no sync call in use
01-18 14:53:33.943 D/RPC     ( 1588): written RPC packet size: [28]
01-18 14:53:33.943 D/RPC     ( 1588): read RPC packet
01-18 14:53:33.943 D/RPC     ( 1588): read RPC packet size: [272]
01-18 14:53:33.943 V/locapi_rpc_glue( 1588): Callback received: 4 (cb_id=0x6340000 handle=1)
01-18 14:53:33.943 V/locapi_rpc_glue( 1588): +loc_api_callback_process_sync_call
01-18 14:53:33.943 V/locapi_rpc_glue( 1588): -loc_api_callback_process_sync_call, no sync call in use
01-18 14:53:33.953 D/RPC     ( 1588): written RPC packet size: [28]
01-18 14:53:34.454 I/System.out( 2533): Values: 0.0 0.0
01-18 14:53:34.644 D/RPC     ( 1588): read RPC packet
01-18 14:53:34.644 D/RPC     ( 1588): read RPC packet size: [208]
01-18 14:53:34.644 V/locapi_rpc_glue( 1588): Callback received: 1 (cb_id=0x6340000 handle=1)
01-18 14:53:34.644 V/locapi_rpc_glue( 1588): +loc_api_callback_process_sync_call
01-18 14:53:34.644 V/locapi_rpc_glue( 1588): -loc_api_callback_process_sync_call, no sync call in use
01-18 14:53:34.644 D/lib_locapi( 1588): loc_eng_report_position: valid mask = 0x606d, sess status = 1
01-18 14:53:34.644 D/RPC     ( 1588): written RPC packet size: [28]
01-18 14:53:34.894 D/RPC     ( 1588): read RPC packet
01-18 14:53:34.894 D/RPC     ( 1588): read RPC packet size: [272]
01-18 14:53:34.894 V/locapi_rpc_glue( 1588): Callback received: 4 (cb_id=0x6340000 handle=1)
01-18 14:53:34.894 V/locapi_rpc_glue( 1588): +loc_api_callback_process_sync_call
01-18 14:53:34.894 V/locapi_rpc_glue( 1588): -loc_api_callback_process_sync_call, no sync call in use
01-18 14:53:34.894 D/RPC     ( 1588): written RPC packet size: [28]
01-18 14:53:34.904 D/RPC     ( 1588): read RPC packet
01-18 14:53:34.904 D/RPC     ( 1588): read RPC packet size: [272]
01-18 14:53:34.904 V/locapi_rpc_glue( 1588): Callback received: 4 (cb_id=0x6340000 handle=1)
01-18 14:53:34.904 V/locapi_rpc_glue( 1588): +loc_api_callback_process_sync_call
01-18 14:53:34.904 V/locapi_rpc_glue( 1588): -loc_api_callback_process_sync_call, no sync call in use
01-18 14:53:34.904 D/RPC     ( 1588): written RPC packet size: [28]
01-18 14:53:34.904 D/RPC     ( 1588): read RPC packet
01-18 14:53:34.904 D/RPC     ( 1588): read RPC packet size: [272]
01-18 14:53:34.904 V/locapi_rpc_glue( 1588): Callback received: 4 (cb_id=0x6340000 handle=1)
01-18 14:53:34.904 V/locapi_rpc_glue( 1588): +loc_api_callback_process_sync_call
01-18 14:53:34.904 V/locapi_rpc_glue( 1588): -loc_api_callback_process_sync_call, no sync call in use
01-18 14:53:34.904 D/RPC     ( 1588): written RPC packet size: [28]
01-18 14:53:34.914 D/RPC     ( 1588): read RPC packet
01-18 14:53:34.914 D/RPC     ( 1588): read RPC packet size: [272]
01-18 14:53:34.914 V/locapi_rpc_glue( 1588): Callback received: 4 (cb_id=0x6340000 handle=1)
01-18 14:53:34.914 V/locapi_rpc_glue( 1588): +loc_api_callback_process_sync_call
01-18 14:53:34.914 V/locapi_rpc_glue( 1588): -loc_api_callback_process_sync_call, no sync call in use
01-18 14:53:34.914 D/RPC     ( 1588): written RPC packet size: [28]
01-18 14:53:34.924 D/RPC     ( 1588): read RPC packet
01-18 14:53:34.924 D/RPC     ( 1588): read RPC packet size: [136]
01-18 14:53:34.924 V/locapi_rpc_glue( 1588): Callback received: 2 (cb_id=0x6340000 handle=1)
01-18 14:53:34.924 V/locapi_rpc_glue( 1588): +loc_api_callback_process_sync_call
01-18 14:53:34.924 V/locapi_rpc_glue( 1588): -loc_api_callback_process_sync_call, no sync call in use
01-18 14:53:34.924 D/lib_locapi( 1588): loc_eng_report_sv: valid_mask = 0x30, num of sv = 1
01-18 14:53:34.924 D/GpsLocationProvider( 1588): reportSvStatus
01-18 14:53:34.924 V/GpsLocationProvider( 1588): SV count: 1 ephemerisMask: 0 almanacMask: 0
01-18 14:53:34.934 V/GpsLocationProvider( 1588): sv: 29 snr: 3.22 elev: 0.0 azimuth: 0.0    U
01-18 14:53:34.934 D/RPC     ( 1588): written RPC packet size: [28]
01-18 14:53:34.934 D/RPC     ( 1588): read RPC packet
01-18 14:53:34.934 D/RPC     ( 1588): read RPC packet size: [272]
01-18 14:53:34.934 V/locapi_rpc_glue( 1588): Callback received: 4 (cb_id=0x6340000 handle=1)
01-18 14:53:34.934 V/locapi_rpc_glue( 1588): +loc_api_callback_process_sync_call
01-18 14:53:34.934 V/locapi_rpc_glue( 1588): -loc_api_callback_process_sync_call, no sync call in use
01-18 14:53:34.934 D/RPC     ( 1588): written RPC packet size: [28]
01-18 14:53:34.934 D/RPC     ( 1588): read RPC packet
01-18 14:53:34.944 D/RPC     ( 1588): read RPC packet size: [272]
01-18 14:53:34.944 V/locapi_rpc_glue( 1588): Callback received: 4 (cb_id=0x6340000 handle=1)
01-18 14:53:34.944 V/locapi_rpc_glue( 1588): +loc_api_callback_process_sync_call
01-18 14:53:34.944 V/locapi_rpc_glue( 1588): -loc_api_callback_process_sync_call, no sync call in use
01-18 14:53:34.944 D/RPC     ( 1588): written RPC packet size: [28]
01-18 14:53:34.944 D/RPC     ( 1588): read RPC packet
01-18 14:53:34.944 D/RPC     ( 1588): read RPC packet size: [272]
01-18 14:53:34.944 V/locapi_rpc_glue( 1588): Callback received: 4 (cb_id=0x6340000 handle=1)
01-18 14:53:34.944 V/locapi_rpc_glue( 1588): +loc_api_callback_process_sync_call
01-18 14:53:34.944 V/locapi_rpc_glue( 1588): -loc_api_callback_process_sync_call, no sync call in use
01-18 14:53:34.944 D/RPC     ( 1588): written RPC packet size: [28]
01-18 14:53:34.954 D/RPC     ( 1588): read RPC packet
01-18 14:53:34.954 D/RPC     ( 1588): read RPC packet size: [272]
01-18 14:53:34.954 V/locapi_rpc_glue( 1588): Callback received: 4 (cb_id=0x6340000 handle=1)
01-18 14:53:34.954 V/locapi_rpc_glue( 1588): +loc_api_callback_process_sync_call
01-18 14:53:34.954 V/locapi_rpc_glue( 1588): -loc_api_callback_process_sync_call, no sync call in use
01-18 14:53:34.954 D/RPC     ( 1588): written RPC packet size: [28]
01-18 14:53:35.455 I/System.out( 2533): Values: 0.0 0.0
01-18 14:53:35.635 D/RPC     ( 1588): read RPC packet
01-18 14:53:35.635 D/RPC     ( 1588): read RPC packet size: [208]
01-18 14:53:35.635 V/locapi_rpc_glue( 1588): Callback received: 1 (cb_id=0x6340000 handle=1)
01-18 14:53:35.635 V/locapi_rpc_glue( 1588): +loc_api_callback_process_sync_call
01-18 14:53:35.635 V/locapi_rpc_glue( 1588): -loc_api_callback_process_sync_call, no sync call in use
01-18 14:53:35.635 D/lib_locapi( 1588): loc_eng_report_position: valid mask = 0x606d, sess status = 1
01-18 14:53:35.635 D/RPC     ( 1588): written RPC packet size: [28]
01-18 14:53:35.895 D/RPC     ( 1588): read RPC packet
01-18 14:53:35.895 D/RPC     ( 1588): read RPC packet size: [272]
01-18 14:53:35.895 V/locapi_rpc_glue( 1588): Callback received: 4 (cb_id=0x6340000 handle=1)
01-18 14:53:35.895 V/locapi_rpc_glue( 1588): +loc_api_callback_process_sync_call
01-18 14:53:35.895 V/locapi_rpc_glue( 1588): -loc_api_callback_process_sync_call, no sync call in use
01-18 14:53:35.895 D/RPC     ( 1588): written RPC packet size: [28]
01-18 14:53:35.905 D/RPC     ( 1588): read RPC packet
01-18 14:53:35.905 D/RPC     ( 1588): read RPC packet size: [272]
01-18 14:53:35.905 V/locapi_rpc_glue( 1588): Callback received: 4 (cb_id=0x6340000 handle=1)
01-18 14:53:35.905 V/locapi_rpc_glue( 1588): +loc_api_callback_process_sync_call
01-18 14:53:35.905 V/locapi_rpc_glue( 1588): -loc_api_callback_process_sync_call, no sync call in use
01-18 14:53:35.905 D/RPC     ( 1588): written RPC packet size: [28]
01-18 14:53:35.905 D/RPC     ( 1588): read RPC packet
01-18 14:53:35.905 D/RPC     ( 1588): read RPC packet size: [272]
01-18 14:53:35.905 V/locapi_rpc_glue( 1588): Callback received: 4 (cb_id=0x6340000 handle=1)
01-18 14:53:35.905 V/locapi_rpc_glue( 1588): +loc_api_callback_process_sync_call
01-18 14:53:35.905 V/locapi_rpc_glue( 1588): -loc_api_callback_process_sync_call, no sync call in use
01-18 14:53:35.905 D/RPC     ( 1588): written RPC packet size: [28]
01-18 14:53:35.905 D/RPC     ( 1588): read RPC packet
01-18 14:53:35.915 D/RPC     ( 1588): read RPC packet size: [272]
01-18 14:53:35.915 V/locapi_rpc_glue( 1588): Callback received: 4 (cb_id=0x6340000 handle=1)
01-18 14:53:35.915 V/locapi_rpc_glue( 1588): +loc_api_callback_process_sync_call
01-18 14:53:35.915 V/locapi_rpc_glue( 1588): -loc_api_callback_process_sync_call, no sync call in use
01-18 14:53:35.915 D/RPC     ( 1588): written RPC packet size: [28]
01-18 14:53:35.915 D/RPC     ( 1588): read RPC packet
01-18 14:53:35.915 D/RPC     ( 1588): read RPC packet size: [136]
01-18 14:53:35.915 V/locapi_rpc_glue( 1588): Callback received: 2 (cb_id=0x6340000 handle=1)
01-18 14:53:35.915 V/locapi_rpc_glue( 1588): +loc_api_callback_process_sync_call
01-18 14:53:35.915 V/locapi_rpc_glue( 1588): -loc_api_callback_process_sync_call, no sync call in use
01-18 14:53:35.915 D/lib_locapi( 1588): loc_eng_report_sv: valid_mask = 0x30, num of sv = 1
01-18 14:53:35.915 D/GpsLocationProvider( 1588): reportSvStatus
01-18 14:53:35.925 V/GpsLocationProvider( 1588): SV count: 1 ephemerisMask: 0 almanacMask: 0
01-18 14:53:35.925 V/GpsLocationProvider( 1588): sv: 29 snr: 3.4 elev: 0.0 azimuth: 0.0    U
01-18 14:53:35.925 D/RPC     ( 1588): written RPC packet size: [28]
01-18 14:53:35.925 D/RPC     ( 1588): read RPC packet
01-18 14:53:35.925 D/RPC     ( 1588): read RPC packet size: [272]
01-18 14:53:35.925 V/locapi_rpc_glue( 1588): Callback received: 4 (cb_id=0x6340000 handle=1)
01-18 14:53:35.925 V/locapi_rpc_glue( 1588): +loc_api_callback_process_sync_call
01-18 14:53:35.925 V/locapi_rpc_glue( 1588): -loc_api_callback_process_sync_call, no sync call in use
01-18 14:53:35.935 D/RPC     ( 1588): written RPC packet size: [28]
01-18 14:53:35.935 D/RPC     ( 1588): read RPC packet
01-18 14:53:35.935 D/RPC     ( 1588): read RPC packet size: [272]
01-18 14:53:35.935 V/locapi_rpc_glue( 1588): Callback received: 4 (cb_id=0x6340000 handle=1)
01-18 14:53:35.935 V/locapi_rpc_glue( 1588): +loc_api_callback_process_sync_call
01-18 14:53:35.935 V/locapi_rpc_glue( 1588): -loc_api_callback_process_sync_call, no sync call in use
01-18 14:53:35.935 D/RPC     ( 1588): written RPC packet size: [28]
01-18 14:53:35.945 D/RPC     ( 1588): read RPC packet
01-18 14:53:35.945 D/RPC     ( 1588): read RPC packet size: [272]
01-18 14:53:35.945 V/locapi_rpc_glue( 1588): Callback received: 4 (cb_id=0x6340000 handle=1)
01-18 14:53:35.945 V/locapi_rpc_glue( 1588): +loc_api_callback_process_sync_call
01-18 14:53:35.945 V/locapi_rpc_glue( 1588): -loc_api_callback_process_sync_call, no sync call in use
01-18 14:53:35.945 D/RPC     ( 1588): written RPC packet size: [28]
01-18 14:53:35.945 D/RPC     ( 1588): read RPC packet
01-18 14:53:35.945 D/RPC     ( 1588): read RPC packet size: [272]
01-18 14:53:35.945 V/locapi_rpc_glue( 1588): Callback received: 4 (cb_id=0x6340000 handle=1)
01-18 14:53:35.945 V/locapi_rpc_glue( 1588): +loc_api_callback_process_sync_call
01-18 14:53:35.945 V/locapi_rpc_glue( 1588): -loc_api_callback_process_sync_call, no sync call in use
01-18 14:53:35.955 D/RPC     ( 1588): written RPC packet size: [28]
01-18 14:53:36.456 I/System.out( 2533): Values: 0.0 0.0
01-18 14:53:36.646 D/RPC     ( 1588): read RPC packet
01-18 14:53:36.646 D/RPC     ( 1588): read RPC packet size: [208]
01-18 14:53:36.646 V/locapi_rpc_glue( 1588): Callback received: 1 (cb_id=0x6340000 handle=1)
01-18 14:53:36.646 V/locapi_rpc_glue( 1588): +loc_api_callback_process_sync_call
01-18 14:53:36.646 V/locapi_rpc_glue( 1588): -loc_api_callback_process_sync_call, no sync call in use
01-18 14:53:36.646 D/lib_locapi( 1588): loc_eng_report_position: valid mask = 0x606d, sess status = 1
01-18 14:53:36.646 D/RPC     ( 1588): written RPC packet size: [28]
01-18 14:53:36.896 D/RPC     ( 1588): read RPC packet
01-18 14:53:36.896 D/RPC     ( 1588): read RPC packet size: [272]
01-18 14:53:36.896 V/locapi_rpc_glue( 1588): Callback received: 4 (cb_id=0x6340000 handle=1)
01-18 14:53:36.896 V/locapi_rpc_glue( 1588): +loc_api_callback_process_sync_call
01-18 14:53:36.896 V/locapi_rpc_glue( 1588): -loc_api_callback_process_sync_call, no sync call in use
01-18 14:53:36.896 D/RPC     ( 1588): written RPC packet size: [28]
01-18 14:53:36.896 D/RPC     ( 1588): read RPC packet
01-18 14:53:36.906 D/RPC     ( 1588): read RPC packet size: [272]
01-18 14:53:36.906 V/locapi_rpc_glue( 1588): Callback received: 4 (cb_id=0x6340000 handle=1)
01-18 14:53:36.906 V/locapi_rpc_glue( 1588): +loc_api_callback_process_sync_call
01-18 14:53:36.906 V/locapi_rpc_glue( 1588): -loc_api_callback_process_sync_call, no sync call in use
01-18 14:53:36.906 D/RPC     ( 1588): written RPC packet size: [28]
01-18 14:53:36.906 D/RPC     ( 1588): read RPC packet
01-18 14:53:36.906 D/RPC     ( 1588): read RPC packet size: [272]
01-18 14:53:36.906 V/locapi_rpc_glue( 1588): Callback received: 4 (cb_id=0x6340000 handle=1)
01-18 14:53:36.906 V/locapi_rpc_glue( 1588): +loc_api_callback_process_sync_call
01-18 14:53:36.906 V/locapi_rpc_glue( 1588): -loc_api_callback_process_sync_call, no sync call in use
01-18 14:53:36.906 D/RPC     ( 1588): written RPC packet size: [28]
01-18 14:53:36.916 D/RPC     ( 1588): read RPC packet
01-18 14:53:36.916 D/RPC     ( 1588): read RPC packet size: [272]
01-18 14:53:36.916 V/locapi_rpc_glue( 1588): Callback received: 4 (cb_id=0x6340000 handle=1)
01-18 14:53:36.916 V/locapi_rpc_glue( 1588): +loc_api_callback_process_sync_call
01-18 14:53:36.916 V/locapi_rpc_glue( 1588): -loc_api_callback_process_sync_call, no sync call in use
01-18 14:53:36.916 D/RPC     ( 1588): written RPC packet size: [28]
01-18 14:53:36.916 D/RPC     ( 1588): read RPC packet
01-18 14:53:36.926 D/RPC     ( 1588): read RPC packet size: [136]
01-18 14:53:36.926 V/locapi_rpc_glue( 1588): Callback received: 2 (cb_id=0x6340000 handle=1)
01-18 14:53:36.926 V/locapi_rpc_glue( 1588): +loc_api_callback_process_sync_call
01-18 14:53:36.926 V/locapi_rpc_glue( 1588): -loc_api_callback_process_sync_call, no sync call in use
01-18 14:53:36.926 D/lib_locapi( 1588): loc_eng_report_sv: valid_mask = 0x30, num of sv = 1
01-18 14:53:36.926 D/GpsLocationProvider( 1588): reportSvStatus
01-18 14:53:36.926 V/GpsLocationProvider( 1588): SV count: 1 ephemerisMask: 0 almanacMask: 0
01-18 14:53:36.926 V/GpsLocationProvider( 1588): sv: 29 snr: 3.4900002 elev: 0.0 azimuth: 0.0    U
01-18 14:53:36.936 D/RPC     ( 1588): written RPC packet size: [28]
01-18 14:53:36.936 D/RPC     ( 1588): read RPC packet
01-18 14:53:36.936 D/RPC     ( 1588): read RPC packet size: [272]
01-18 14:53:36.936 V/locapi_rpc_glue( 1588): Callback received: 4 (cb_id=0x6340000 handle=1)
01-18 14:53:36.936 V/locapi_rpc_glue( 1588): +loc_api_callback_process_sync_call
01-18 14:53:36.936 V/locapi_rpc_glue( 1588): -loc_api_callback_process_sync_call, no sync call in use
01-18 14:53:36.936 D/RPC     ( 1588): written RPC packet size: [28]
01-18 14:53:36.946 D/RPC     ( 1588): read RPC packet
01-18 14:53:36.946 D/RPC     ( 1588): read RPC packet size: [272]
01-18 14:53:36.946 V/locapi_rpc_glue( 1588): Callback received: 4 (cb_id=0x6340000 handle=1)
01-18 14:53:36.946 V/locapi_rpc_glue( 1588): +loc_api_callback_process_sync_call
01-18 14:53:36.946 V/locapi_rpc_glue( 1588): -loc_api_callback_process_sync_call, no sync call in use
01-18 14:53:36.946 D/RPC     ( 1588): written RPC packet size: [28]
01-18 14:53:36.946 D/RPC     ( 1588): read RPC packet
01-18 14:53:36.946 D/RPC     ( 1588): read RPC packet size: [272]
01-18 14:53:36.946 V/locapi_rpc_glue( 1588): Callback received: 4 (cb_id=0x6340000 handle=1)
01-18 14:53:36.946 V/locapi_rpc_glue( 1588): +loc_api_callback_process_sync_call
01-18 14:53:36.956 V/locapi_rpc_glue( 1588): -loc_api_callback_process_sync_call, no sync call in use
01-18 14:53:36.956 D/RPC     ( 1588): written RPC packet size: [28]
01-18 14:53:36.956 D/RPC     ( 1588): read RPC packet
01-18 14:53:36.956 D/RPC     ( 1588): read RPC packet size: [272]
01-18 14:53:36.956 V/locapi_rpc_glue( 1588): Callback received: 4 (cb_id=0x6340000 handle=1)
01-18 14:53:36.956 V/locapi_rpc_glue( 1588): +loc_api_callback_process_sync_call
01-18 14:53:36.956 V/locapi_rpc_glue( 1588): -loc_api_callback_process_sync_call, no sync call in use
01-18 14:53:36.956 D/RPC     ( 1588): written RPC packet size: [28]
01-18 14:53:37.457 I/System.out( 2533): Values: 0.0 0.0
01-18 14:53:37.647 D/RPC     ( 1588): read RPC packet
01-18 14:53:37.647 D/RPC     ( 1588): read RPC packet size: [208]
01-18 14:53:37.647 V/locapi_rpc_glue( 1588): Callback received: 1 (cb_id=0x6340000 handle=1)
01-18 14:53:37.647 V/locapi_rpc_glue( 1588): +loc_api_callback_process_sync_call
01-18 14:53:37.647 V/locapi_rpc_glue( 1588): -loc_api_callback_process_sync_call, no sync call in use
01-18 14:53:37.647 D/lib_locapi( 1588): loc_eng_report_position: valid mask = 0x606d, sess status = 1
01-18 14:53:37.647 D/RPC     ( 1588): written RPC packet size: [28]
01-18 14:53:37.897 D/RPC     ( 1588): read RPC packet
01-18 14:53:37.897 D/RPC     ( 1588): read RPC packet size: [272]
01-18 14:53:37.897 V/locapi_rpc_glue( 1588): Callback received: 4 (cb_id=0x6340000 handle=1)
01-18 14:53:37.897 V/locapi_rpc_glue( 1588): +loc_api_callback_process_sync_call
01-18 14:53:37.897 V/locapi_rpc_glue( 1588): -loc_api_callback_process_sync_call, no sync call in use
01-18 14:53:37.897 D/RPC     ( 1588): written RPC packet size: [28]
01-18 14:53:37.907 D/RPC     ( 1588): read RPC packet
01-18 14:53:37.937 D/SntpClient( 1588): requestTime: called by Thread[NetworkTimeUpdateService,5,main], failed: java.net.UnknownHostException: Unable to resolve host "north-america.pool.ntp.org": No address associated with hostname
01-18 14:53:37.937 D/RPC     ( 1588): read RPC packet size: [272]
01-18 14:53:37.947 D/UsbnetService( 1588): BroadcastReceiver::onReceive+
01-18 14:53:37.947 D/UsbnetService( 1588): onReceive BATTERY_CHANGED
01-18 14:53:37.947 D/UsbnetService( 1588):  --> pluggedType = 2, mPluggedType = 0, mScreenOff = false
01-18 14:53:37.947 D/UsbnetService( 1588): BroadcastReceiver::onReceive-
01-18 14:53:37.947 D/NotificationService( 1588): mIntentReceiver() Intent.ACTION_BATTERY_CHANGED
01-18 14:53:37.957 D/PowerUI ( 1658): closing low battery warning: level=99
01-18 14:53:37.957 D/BatteryService( 1588): SendIntentforPowersaver
01-18 14:53:37.957 D/BatteryService( 1588): Current powersaver status == NORMAL_STATUS1 2 2 false
01-18 14:53:37.957 D/RemoveMe( 1676): DCT got intent android.intent.action.BATTERY_CHANGED
01-18 14:53:37.957 D/RemoveMe( 1676): DCT got intent android.intent.action.BATTERY_CHANGED
01-18 14:53:37.957 D/PowerUI ( 1658): plugged = true, health = 2, mBatteryLevel = 99, mPluggedBatteryLevel = 99, mLowBatteryWarningLevel2 = 25, mshowLowChargingWarning2 = true
01-18 14:53:37.967 D/RemoveMe( 1676): DCT got intent android.intent.action.BATTERY_CHANGED
01-18 14:53:37.967 V/locapi_rpc_glue( 1588): Callback received: 4 (cb_id=0x6340000 handle=1)
01-18 14:53:37.967 V/locapi_rpc_glue( 1588): +loc_api_callback_process_sync_call
01-18 14:53:37.967 V/locapi_rpc_glue( 1588): -loc_api_callback_process_sync_call, no sync call in use
01-18 14:53:37.967 D/RPC     ( 1588): written RPC packet size: [28]
01-18 14:53:37.977 D/RPC     ( 1588): read RPC packet
01-18 14:53:37.977 D/RPC     ( 1588): read RPC packet size: [272]
01-18 14:53:37.977 V/locapi_rpc_glue( 1588): Callback received: 4 (cb_id=0x6340000 handle=1)
01-18 14:53:37.977 V/locapi_rpc_glue( 1588): +loc_api_callback_process_sync_call
01-18 14:53:37.977 V/locapi_rpc_glue( 1588): -loc_api_callback_process_sync_call, no sync call in use
01-18 14:53:37.977 D/RPC     ( 1588): written RPC packet size: [28]
01-18 14:53:37.977 D/RPC     ( 1588): read RPC packet
01-18 14:53:37.977 D/RPC     ( 1588): read RPC packet size: [272]
01-18 14:53:37.977 V/locapi_rpc_glue( 1588): Callback received: 4 (cb_id=0x6340000 handle=1)
01-18 14:53:37.977 V/locapi_rpc_glue( 1588): +loc_api_callback_process_sync_call
01-18 14:53:37.977 V/locapi_rpc_glue( 1588): -loc_api_callback_process_sync_call, no sync call in use
01-18 14:53:37.977 D/RPC     ( 1588): written RPC packet size: [28]
01-18 14:53:37.987 D/RPC     ( 1588): read RPC packet
01-18 14:53:37.987 D/RPC     ( 1588): read RPC packet size: [136]
01-18 14:53:37.987 V/locapi_rpc_glue( 1588): Callback received: 2 (cb_id=0x6340000 handle=1)
01-18 14:53:37.987 V/locapi_rpc_glue( 1588): +loc_api_callback_process_sync_call
01-18 14:53:37.987 V/locapi_rpc_glue( 1588): -loc_api_callback_process_sync_call, no sync call in use
01-18 14:53:37.987 D/lib_locapi( 1588): loc_eng_report_sv: valid_mask = 0x30, num of sv = 1
01-18 14:53:37.987 D/GpsLocationProvider( 1588): reportSvStatus
01-18 14:53:37.987 V/GpsLocationProvider( 1588): SV count: 1 ephemerisMask: 0 almanacMask: 0
01-18 14:53:37.987 V/GpsLocationProvider( 1588): sv: 29 snr: 3.7 elev: 0.0 azimuth: 0.0    U
01-18 14:53:37.987 D/RPC     ( 1588): written RPC packet size: [28]
01-18 14:53:37.987 D/RPC     ( 1588): read RPC packet
01-18 14:53:37.987 D/RPC     ( 1588): read RPC packet size: [272]
01-18 14:53:37.987 V/locapi_rpc_glue( 1588): Callback received: 4 (cb_id=0x6340000 handle=1)
01-18 14:53:37.987 V/locapi_rpc_glue( 1588): +loc_api_callback_process_sync_call
01-18 14:53:37.987 V/locapi_rpc_glue( 1588): -loc_api_callback_process_sync_call, no sync call in use
01-18 14:53:37.987 D/RPC     ( 1588): written RPC packet size: [28]
01-18 14:53:37.987 D/RPC     ( 1588): read RPC packet
01-18 14:53:37.987 D/RPC     ( 1588): read RPC packet size: [272]
01-18 14:53:37.987 V/locapi_rpc_glue( 1588): Callback received: 4 (cb_id=0x6340000 handle=1)
01-18 14:53:37.987 V/locapi_rpc_glue( 1588): +loc_api_callback_process_sync_call
01-18 14:53:37.987 V/locapi_rpc_glue( 1588): -loc_api_callback_process_sync_call, no sync call in use
01-18 14:53:37.987 D/RPC     ( 1588): written RPC packet size: [28]
01-18 14:53:37.987 D/RPC     ( 1588): read RPC packet
01-18 14:53:37.987 D/RPC     ( 1588): read RPC packet size: [272]
01-18 14:53:37.987 V/locapi_rpc_glue( 1588): Callback received: 4 (cb_id=0x6340000 handle=1)
01-18 14:53:37.987 V/locapi_rpc_glue( 1588): +loc_api_callback_process_sync_call
01-18 14:53:37.987 V/locapi_rpc_glue( 1588): -loc_api_callback_process_sync_call, no sync call in use
01-18 14:53:37.987 D/RPC     ( 1588): written RPC packet size: [28]
01-18 14:53:37.987 D/RPC     ( 1588): read RPC packet
01-18 14:53:37.987 D/RPC     ( 1588): read RPC packet size: [272]
01-18 14:53:37.987 V/locapi_rpc_glue( 1588): Callback received: 4 (cb_id=0x6340000 handle=1)
01-18 14:53:37.987 V/locapi_rpc_glue( 1588): +loc_api_callback_process_sync_call
01-18 14:53:37.987 V/locapi_rpc_glue( 1588): -loc_api_callback_process_sync_call, no sync call in use
01-18 14:53:37.987 D/RPC     ( 1588): written RPC packet size: [28]
01-18 14:53:38.457 I/System.out( 2533): Values: 0.0 0.0
01-18 14:53:38.648 D/RPC     ( 1588): read RPC packet
01-18 14:53:38.648 D/RPC     ( 1588): read RPC packet size: [208]
01-18 14:53:38.648 V/locapi_rpc_glue( 1588): Callback received: 1 (cb_id=0x6340000 handle=1)
01-18 14:53:38.648 V/locapi_rpc_glue( 1588): +loc_api_callback_process_sync_call
01-18 14:53:38.648 V/locapi_rpc_glue( 1588): -loc_api_callback_process_sync_call, no sync call in use
01-18 14:53:38.648 D/lib_locapi( 1588): loc_eng_report_position: valid mask = 0x606d, sess status = 1
01-18 14:53:38.648 D/RPC     ( 1588): written RPC packet size: [28]
01-18 14:53:38.898 D/RPC     ( 1588): read RPC packet
01-18 14:53:38.898 D/RPC     ( 1588): read RPC packet size: [272]
01-18 14:53:38.898 V/locapi_rpc_glue( 1588): Callback received: 4 (cb_id=0x6340000 handle=1)
01-18 14:53:38.898 V/locapi_rpc_glue( 1588): +loc_api_callback_process_sync_call
01-18 14:53:38.898 V/locapi_rpc_glue( 1588): -loc_api_callback_process_sync_call, no sync call in use
01-18 14:53:38.898 D/RPC     ( 1588): written RPC packet size: [28]
01-18 14:53:38.908 D/RPC     ( 1588): read RPC packet
01-18 14:53:38.908 D/RPC     ( 1588): read RPC packet size: [272]
01-18 14:53:38.908 V/locapi_rpc_glue( 1588): Callback received: 4 (cb_id=0x6340000 handle=1)
01-18 14:53:38.908 V/locapi_rpc_glue( 1588): +loc_api_callback_process_sync_call
01-18 14:53:38.908 V/locapi_rpc_glue( 1588): -loc_api_callback_process_sync_call, no sync call in use
01-18 14:53:38.908 D/RPC     ( 1588): written RPC packet size: [28]
01-18 14:53:38.908 D/RPC     ( 1588): read RPC packet
01-18 14:53:38.908 D/RPC     ( 1588): read RPC packet size: [272]
01-18 14:53:38.908 V/locapi_rpc_glue( 1588): Callback received: 4 (cb_id=0x6340000 handle=1)
01-18 14:53:38.908 V/locapi_rpc_glue( 1588): +loc_api_callback_process_sync_call
01-18 14:53:38.908 V/locapi_rpc_glue( 1588): -loc_api_callback_process_sync_call, no sync call in use
01-18 14:53:38.908 D/RPC     ( 1588): written RPC packet size: [28]
01-18 14:53:38.908 D/RPC     ( 1588): read RPC packet
01-18 14:53:38.918 D/RPC     ( 1588): read RPC packet size: [272]
01-18 14:53:38.918 V/locapi_rpc_glue( 1588): Callback received: 4 (cb_id=0x6340000 handle=1)
01-18 14:53:38.918 V/locapi_rpc_glue( 1588): +loc_api_callback_process_sync_call
01-18 14:53:38.918 V/locapi_rpc_glue( 1588): -loc_api_callback_process_sync_call, no sync call in use
01-18 14:53:38.918 D/RPC     ( 1588): written RPC packet size: [28]
01-18 14:53:38.918 D/RPC     ( 1588): read RPC packet
01-18 14:53:38.918 D/RPC     ( 1588): read RPC packet size: [136]
01-18 14:53:38.918 V/locapi_rpc_glue( 1588): Callback received: 2 (cb_id=0x6340000 handle=1)
01-18 14:53:38.918 V/locapi_rpc_glue( 1588): +loc_api_callback_process_sync_call
01-18 14:53:38.918 V/locapi_rpc_glue( 1588): -loc_api_callback_process_sync_call, no sync call in use
01-18 14:53:38.918 D/lib_locapi( 1588): loc_eng_report_sv: valid_mask = 0x30, num of sv = 1
01-18 14:53:38.918 D/GpsLocationProvider( 1588): reportSvStatus
01-18 14:53:38.918 V/GpsLocationProvider( 1588): SV count: 1 ephemerisMask: 0 almanacMask: 0
01-18 14:53:38.918 V/GpsLocationProvider( 1588): sv: 29 snr: 3.75 elev: 0.0 azimuth: 0.0    U
01-18 14:53:38.928 D/RPC     ( 1588): written RPC packet size: [28]
01-18 14:53:38.928 D/RPC     ( 1588): read RPC packet
01-18 14:53:38.928 D/RPC     ( 1588): read RPC packet size: [272]
01-18 14:53:38.928 V/locapi_rpc_glue( 1588): Callback received: 4 (cb_id=0x6340000 handle=1)
01-18 14:53:38.928 V/locapi_rpc_glue( 1588): +loc_api_callback_process_sync_call
01-18 14:53:38.928 V/locapi_rpc_glue( 1588): -loc_api_callback_process_sync_call, no sync call in use
01-18 14:53:38.928 D/RPC     ( 1588): written RPC packet size: [28]
01-18 14:53:38.928 D/RPC     ( 1588): read RPC packet
01-18 14:53:38.928 D/RPC     ( 1588): read RPC packet size: [272]
01-18 14:53:38.928 V/locapi_rpc_glue( 1588): Callback received: 4 (cb_id=0x6340000 handle=1)
01-18 14:53:38.928 V/locapi_rpc_glue( 1588): +loc_api_callback_process_sync_call
01-18 14:53:38.928 V/locapi_rpc_glue( 1588): -loc_api_callback_process_sync_call, no sync call in use
01-18 14:53:38.928 D/RPC     ( 1588): written RPC packet size: [28]
01-18 14:53:38.928 D/RPC     ( 1588): read RPC packet
01-18 14:53:38.938 D/RPC     ( 1588): read RPC packet size: [272]
01-18 14:53:38.938 V/locapi_rpc_glue( 1588): Callback received: 4 (cb_id=0x6340000 handle=1)
01-18 14:53:38.938 V/locapi_rpc_glue( 1588): +loc_api_callback_process_sync_call
01-18 14:53:38.938 V/locapi_rpc_glue( 1588): -loc_api_callback_process_sync_call, no sync call in use
01-18 14:53:38.938 D/RPC     ( 1588): written RPC packet size: [28]
01-18 14:53:38.938 D/RPC     ( 1588): read RPC packet
01-18 14:53:38.938 D/RPC     ( 1588): read RPC packet size: [272]
01-18 14:53:38.938 V/locapi_rpc_glue( 1588): Callback received: 4 (cb_id=0x6340000 handle=1)
01-18 14:53:38.938 V/locapi_rpc_glue( 1588): +loc_api_callback_process_sync_call
01-18 14:53:38.938 V/locapi_rpc_glue( 1588): -loc_api_callback_process_sync_call, no sync call in use
01-18 14:53:38.938 D/RPC     ( 1588): written RPC packet size: [28]
01-18 14:53:39.458 I/System.out( 2533): Values: 0.0 0.0
01-18 14:53:39.649 D/RPC     ( 1588): read RPC packet
01-18 14:53:39.649 D/RPC     ( 1588): read RPC packet size: [208]
01-18 14:53:39.649 V/locapi_rpc_glue( 1588): Callback received: 1 (cb_id=0x6340000 handle=1)
01-18 14:53:39.649 V/locapi_rpc_glue( 1588): +loc_api_callback_process_sync_call
01-18 14:53:39.649 V/locapi_rpc_glue( 1588): -loc_api_callback_process_sync_call, no sync call in use
01-18 14:53:39.649 D/lib_locapi( 1588): loc_eng_report_position: valid mask = 0x606d, sess status = 1
01-18 14:53:39.649 D/RPC     ( 1588): written RPC packet size: [28]
01-18 14:53:39.899 D/RPC     ( 1588): read RPC packet
01-18 14:53:39.899 D/RPC     ( 1588): read RPC packet size: [272]
01-18 14:53:39.899 V/locapi_rpc_glue( 1588): Callback received: 4 (cb_id=0x6340000 handle=1)
01-18 14:53:39.899 V/locapi_rpc_glue( 1588): +loc_api_callback_process_sync_call
01-18 14:53:39.899 V/locapi_rpc_glue( 1588): -loc_api_callback_process_sync_call, no sync call in use
01-18 14:53:39.899 D/RPC     ( 1588): written RPC packet size: [28]
01-18 14:53:39.909 D/RPC     ( 1588): read RPC packet
01-18 14:53:39.909 D/RPC     ( 1588): read RPC packet size: [272]
01-18 14:53:39.909 V/locapi_rpc_glue( 1588): Callback received: 4 (cb_id=0x6340000 handle=1)
01-18 14:53:39.909 V/locapi_rpc_glue( 1588): +loc_api_callback_process_sync_call
01-18 14:53:39.909 V/locapi_rpc_glue( 1588): -loc_api_callback_process_sync_call, no sync call in use
01-18 14:53:39.909 D/RPC     ( 1588): written RPC packet size: [28]
01-18 14:53:39.909 D/RPC     ( 1588): read RPC packet
01-18 14:53:39.909 D/RPC     ( 1588): read RPC packet size: [272]
01-18 14:53:39.909 V/locapi_rpc_glue( 1588): Callback received: 4 (cb_id=0x6340000 handle=1)
01-18 14:53:39.909 V/locapi_rpc_glue( 1588): +loc_api_callback_process_sync_call
01-18 14:53:39.909 V/locapi_rpc_glue( 1588): -loc_api_callback_process_sync_call, no sync call in use
01-18 14:53:39.909 D/RPC     ( 1588): written RPC packet size: [28]
01-18 14:53:39.909 D/RPC     ( 1588): read RPC packet
01-18 14:53:39.919 D/RPC     ( 1588): read RPC packet size: [272]
01-18 14:53:39.919 V/locapi_rpc_glue( 1588): Callback received: 4 (cb_id=0x6340000 handle=1)
01-18 14:53:39.919 V/locapi_rpc_glue( 1588): +loc_api_callback_process_sync_call
01-18 14:53:39.919 V/locapi_rpc_glue( 1588): -loc_api_callback_process_sync_call, no sync call in use
01-18 14:53:39.919 D/RPC     ( 1588): written RPC packet size: [28]
01-18 14:53:39.919 D/RPC     ( 1588): read RPC packet
01-18 14:53:39.919 D/RPC     ( 1588): read RPC packet size: [136]
01-18 14:53:39.919 V/locapi_rpc_glue( 1588): Callback received: 2 (cb_id=0x6340000 handle=1)
01-18 14:53:39.919 V/locapi_rpc_glue( 1588): +loc_api_callback_process_sync_call
01-18 14:53:39.919 V/locapi_rpc_glue( 1588): -loc_api_callback_process_sync_call, no sync call in use
01-18 14:53:39.919 D/lib_locapi( 1588): loc_eng_report_sv: valid_mask = 0x30, num of sv = 1
01-18 14:53:39.919 D/GpsLocationProvider( 1588): reportSvStatus
01-18 14:53:39.919 V/GpsLocationProvider( 1588): SV count: 1 ephemerisMask: 0 almanacMask: 0
01-18 14:53:39.929 V/GpsLocationProvider( 1588): sv: 29 snr: 3.7400002 elev: 0.0 azimuth: 0.0    U
01-18 14:53:39.929 D/RPC     ( 1588): written RPC packet size: [28]
01-18 14:53:39.929 D/RPC     ( 1588): read RPC packet
01-18 14:53:39.929 D/RPC     ( 1588): read RPC packet size: [272]
01-18 14:53:39.929 V/locapi_rpc_glue( 1588): Callback received: 4 (cb_id=0x6340000 handle=1)
01-18 14:53:39.929 V/locapi_rpc_glue( 1588): +loc_api_callback_process_sync_call
01-18 14:53:39.929 V/locapi_rpc_glue( 1588): -loc_api_callback_process_sync_call, no sync call in use
01-18 14:53:39.929 D/RPC     ( 1588): written RPC packet size: [28]
01-18 14:53:39.929 D/RPC     ( 1588): read RPC packet
01-18 14:53:39.929 D/RPC     ( 1588): read RPC packet size: [272]
01-18 14:53:39.929 V/locapi_rpc_glue( 1588): Callback received: 4 (cb_id=0x6340000 handle=1)
01-18 14:53:39.929 V/locapi_rpc_glue( 1588): +loc_api_callback_process_sync_call
01-18 14:53:39.929 V/locapi_rpc_glue( 1588): -loc_api_callback_process_sync_call, no sync call in use
01-18 14:53:39.939 D/RPC     ( 1588): written RPC packet size: [28]
01-18 14:53:39.939 D/RPC     ( 1588): read RPC packet
01-18 14:53:39.939 D/RPC     ( 1588): read RPC packet size: [272]
01-18 14:53:39.939 V/locapi_rpc_glue( 1588): Callback received: 4 (cb_id=0x6340000 handle=1)
01-18 14:53:39.939 V/locapi_rpc_glue( 1588): +loc_api_callback_process_sync_call
01-18 14:53:39.939 V/locapi_rpc_glue( 1588): -loc_api_callback_process_sync_call, no sync call in use
01-18 14:53:39.939 D/RPC     ( 1588): written RPC packet size: [28]
01-18 14:53:39.939 D/RPC     ( 1588): read RPC packet
01-18 14:53:39.939 D/RPC     ( 1588): read RPC packet size: [272]
01-18 14:53:39.939 V/locapi_rpc_glue( 1588): Callback received: 4 (cb_id=0x6340000 handle=1)
01-18 14:53:39.939 V/locapi_rpc_glue( 1588): +loc_api_callback_process_sync_call
01-18 14:53:39.939 V/locapi_rpc_glue( 1588): -loc_api_callback_process_sync_call, no sync call in use
01-18 14:53:39.939 D/RPC     ( 1588): written RPC packet size: [28]
01-18 14:53:40.459 I/System.out( 2533): Values: 0.0 0.0
01-18 14:53:40.650 D/RPC     ( 1588): read RPC packet
01-18 14:53:40.650 D/RPC     ( 1588): read RPC packet size: [208]
01-18 14:53:40.650 V/locapi_rpc_glue( 1588): Callback received: 1 (cb_id=0x6340000 handle=1)
01-18 14:53:40.650 V/locapi_rpc_glue( 1588): +loc_api_callback_process_sync_call
01-18 14:53:40.650 V/locapi_rpc_glue( 1588): -loc_api_callback_process_sync_call, no sync call in use
01-18 14:53:40.650 D/lib_locapi( 1588): loc_eng_report_position: valid mask = 0x606d, sess status = 1
01-18 14:53:40.650 D/RPC     ( 1588): written RPC packet size: [28]
01-18 14:53:40.900 D/RPC     ( 1588): read RPC packet
01-18 14:53:40.900 D/RPC     ( 1588): read RPC packet size: [272]
01-18 14:53:40.900 V/locapi_rpc_glue( 1588): Callback received: 4 (cb_id=0x6340000 handle=1)
01-18 14:53:40.900 V/locapi_rpc_glue( 1588): +loc_api_callback_process_sync_call
01-18 14:53:40.900 V/locapi_rpc_glue( 1588): -loc_api_callback_process_sync_call, no sync call in use
01-18 14:53:40.900 D/RPC     ( 1588): written RPC packet size: [28]
01-18 14:53:40.900 D/RPC     ( 1588): read RPC packet
01-18 14:53:40.900 D/RPC     ( 1588): read RPC packet size: [272]
01-18 14:53:40.900 V/locapi_rpc_glue( 1588): Callback received: 4 (cb_id=0x6340000 handle=1)
01-18 14:53:40.900 V/locapi_rpc_glue( 1588): +loc_api_callback_process_sync_call
01-18 14:53:40.900 V/locapi_rpc_glue( 1588): -loc_api_callback_process_sync_call, no sync call in use
01-18 14:53:40.900 D/RPC     ( 1588): written RPC packet size: [28]
01-18 14:53:40.900 D/RPC     ( 1588): read RPC packet
01-18 14:53:40.900 D/RPC     ( 1588): read RPC packet size: [272]
01-18 14:53:40.900 V/locapi_rpc_glue( 1588): Callback received: 4 (cb_id=0x6340000 handle=1)
01-18 14:53:40.900 V/locapi_rpc_glue( 1588): +loc_api_callback_process_sync_call
01-18 14:53:40.900 V/locapi_rpc_glue( 1588): -loc_api_callback_process_sync_call, no sync call in use
01-18 14:53:40.900 D/RPC     ( 1588): written RPC packet size: [28]
01-18 14:53:40.910 D/RPC     ( 1588): read RPC packet
01-18 14:53:40.910 D/RPC     ( 1588): read RPC packet size: [272]
01-18 14:53:40.910 V/locapi_rpc_glue( 1588): Callback received: 4 (cb_id=0x6340000 handle=1)
01-18 14:53:40.910 V/locapi_rpc_glue( 1588): +loc_api_callback_process_sync_call
01-18 14:53:40.910 V/locapi_rpc_glue( 1588): -loc_api_callback_process_sync_call, no sync call in use
01-18 14:53:40.910 D/RPC     ( 1588): written RPC packet size: [28]
01-18 14:53:40.910 D/RPC     ( 1588): read RPC packet
01-18 14:53:40.910 D/RPC     ( 1588): read RPC packet size: [136]
01-18 14:53:40.910 V/locapi_rpc_glue( 1588): Callback received: 2 (cb_id=0x6340000 handle=1)
01-18 14:53:40.910 V/locapi_rpc_glue( 1588): +loc_api_callback_process_sync_call
01-18 14:53:40.910 V/locapi_rpc_glue( 1588): -loc_api_callback_process_sync_call, no sync call in use
01-18 14:53:40.910 D/lib_locapi( 1588): loc_eng_report_sv: valid_mask = 0x30, num of sv = 1
01-18 14:53:40.910 D/GpsLocationProvider( 1588): reportSvStatus
01-18 14:53:40.910 V/GpsLocationProvider( 1588): SV count: 1 ephemerisMask: 0 almanacMask: 0
01-18 14:53:40.920 V/GpsLocationProvider( 1588): sv: 29 snr: 3.7599998 elev: 0.0 azimuth: 0.0    U
01-18 14:53:40.920 D/RPC     ( 1588): written RPC packet size: [28]
01-18 14:53:40.920 D/RPC     ( 1588): read RPC packet
01-18 14:53:40.920 D/RPC     ( 1588): read RPC packet size: [272]
01-18 14:53:40.920 V/locapi_rpc_glue( 1588): Callback received: 4 (cb_id=0x6340000 handle=1)
01-18 14:53:40.920 V/locapi_rpc_glue( 1588): +loc_api_callback_process_sync_call
01-18 14:53:40.920 V/locapi_rpc_glue( 1588): -loc_api_callback_process_sync_call, no sync call in use
01-18 14:53:40.920 D/RPC     ( 1588): written RPC packet size: [28]
01-18 14:53:40.920 D/RPC     ( 1588): read RPC packet
01-18 14:53:40.930 D/RPC     ( 1588): read RPC packet size: [272]
01-18 14:53:40.930 V/locapi_rpc_glue( 1588): Callback received: 4 (cb_id=0x6340000 handle=1)
01-18 14:53:40.930 V/locapi_rpc_glue( 1588): +loc_api_callback_process_sync_call
01-18 14:53:40.930 V/locapi_rpc_glue( 1588): -loc_api_callback_process_sync_call, no sync call in use
01-18 14:53:40.930 D/RPC     ( 1588): written RPC packet size: [28]
01-18 14:53:40.930 D/RPC     ( 1588): read RPC packet
01-18 14:53:40.930 D/RPC     ( 1588): read RPC packet size: [272]
01-18 14:53:40.930 V/locapi_rpc_glue( 1588): Callback received: 4 (cb_id=0x6340000 handle=1)
01-18 14:53:40.930 V/locapi_rpc_glue( 1588): +loc_api_callback_process_sync_call
01-18 14:53:40.930 V/locapi_rpc_glue( 1588): -loc_api_callback_process_sync_call, no sync call in use
01-18 14:53:40.930 D/RPC     ( 1588): written RPC packet size: [28]
01-18 14:53:40.940 D/RPC     ( 1588): read RPC packet
01-18 14:53:40.940 D/RPC     ( 1588): read RPC packet size: [272]
01-18 14:53:40.940 V/locapi_rpc_glue( 1588): Callback received: 4 (cb_id=0x6340000 handle=1)
01-18 14:53:40.940 V/locapi_rpc_glue( 1588): +loc_api_callback_process_sync_call
01-18 14:53:40.940 V/locapi_rpc_glue( 1588): -loc_api_callback_process_sync_call, no sync call in use
01-18 14:53:40.940 D/RPC     ( 1588): written RPC packet size: [28]
01-18 14:53:41.460 I/System.out( 2533): Values: 0.0 0.0
01-18 14:53:41.651 D/RPC     ( 1588): read RPC packet
01-18 14:53:41.651 D/RPC     ( 1588): read RPC packet size: [208]
01-18 14:53:41.651 V/locapi_rpc_glue( 1588): Callback received: 1 (cb_id=0x6340000 handle=1)
01-18 14:53:41.651 V/locapi_rpc_glue( 1588): +loc_api_callback_process_sync_call
01-18 14:53:41.651 V/locapi_rpc_glue( 1588): -loc_api_callback_process_sync_call, no sync call in use
01-18 14:53:41.651 D/lib_locapi( 1588): loc_eng_report_position: valid mask = 0x606d, sess status = 1
01-18 14:53:41.651 D/RPC     ( 1588): written RPC packet size: [28]
01-18 14:53:41.901 D/RPC     ( 1588): read RPC packet
01-18 14:53:41.901 D/RPC     ( 1588): read RPC packet size: [272]
01-18 14:53:41.901 V/locapi_rpc_glue( 1588): Callback received: 4 (cb_id=0x6340000 handle=1)
01-18 14:53:41.901 V/locapi_rpc_glue( 1588): +loc_api_callback_process_sync_call
01-18 14:53:41.901 V/locapi_rpc_glue( 1588): -loc_api_callback_process_sync_call, no sync call in use
01-18 14:53:41.901 D/RPC     ( 1588): written RPC packet size: [28]
01-18 14:53:41.901 D/RPC     ( 1588): read RPC packet
01-18 14:53:41.901 D/RPC     ( 1588): read RPC packet size: [272]
01-18 14:53:41.901 V/locapi_rpc_glue( 1588): Callback received: 4 (cb_id=0x6340000 handle=1)
01-18 14:53:41.901 V/locapi_rpc_glue( 1588): +loc_api_callback_process_sync_call
01-18 14:53:41.901 V/locapi_rpc_glue( 1588): -loc_api_callback_process_sync_call, no sync call in use
01-18 14:53:41.901 D/RPC     ( 1588): written RPC packet size: [28]
01-18 14:53:41.901 D/RPC     ( 1588): read RPC packet
01-18 14:53:41.901 D/RPC     ( 1588): read RPC packet size: [272]
01-18 14:53:41.901 V/locapi_rpc_glue( 1588): Callback received: 4 (cb_id=0x6340000 handle=1)
01-18 14:53:41.901 V/locapi_rpc_glue( 1588): +loc_api_callback_process_sync_call
01-18 14:53:41.901 V/locapi_rpc_glue( 1588): -loc_api_callback_process_sync_call, no sync call in use
01-18 14:53:41.901 D/RPC     ( 1588): written RPC packet size: [28]
01-18 14:53:41.911 D/RPC     ( 1588): read RPC packet
01-18 14:53:41.911 D/RPC     ( 1588): read RPC packet size: [272]
01-18 14:53:41.911 V/locapi_rpc_glue( 1588): Callback received: 4 (cb_id=0x6340000 handle=1)
01-18 14:53:41.911 V/locapi_rpc_glue( 1588): +loc_api_callback_process_sync_call
01-18 14:53:41.911 V/locapi_rpc_glue( 1588): -loc_api_callback_process_sync_call, no sync call in use
01-18 14:53:41.911 D/RPC     ( 1588): written RPC packet size: [28]
01-18 14:53:41.911 D/RPC     ( 1588): read RPC packet
01-18 14:53:41.911 D/RPC     ( 1588): read RPC packet size: [136]
01-18 14:53:41.911 V/locapi_rpc_glue( 1588): Callback received: 2 (cb_id=0x6340000 handle=1)
01-18 14:53:41.911 V/locapi_rpc_glue( 1588): +loc_api_callback_process_sync_call
01-18 14:53:41.911 V/locapi_rpc_glue( 1588): -loc_api_callback_process_sync_call, no sync call in use
01-18 14:53:41.911 D/lib_locapi( 1588): loc_eng_report_sv: valid_mask = 0x30, num of sv = 1
01-18 14:53:41.911 D/GpsLocationProvider( 1588): reportSvStatus
01-18 14:53:41.911 V/GpsLocationProvider( 1588): SV count: 1 ephemerisMask: 0 almanacMask: 0
01-18 14:53:41.921 V/GpsLocationProvider( 1588): sv: 29 snr: 3.75 elev: 0.0 azimuth: 0.0    U
01-18 14:53:41.921 D/RPC     ( 1588): written RPC packet size: [28]
01-18 14:53:41.921 D/RPC     ( 1588): read RPC packet
01-18 14:53:41.921 D/RPC     ( 1588): read RPC packet size: [272]
01-18 14:53:41.921 V/locapi_rpc_glue( 1588): Callback received: 4 (cb_id=0x6340000 handle=1)
01-18 14:53:41.921 V/locapi_rpc_glue( 1588): +loc_api_callback_process_sync_call
01-18 14:53:41.921 V/locapi_rpc_glue( 1588): -loc_api_callback_process_sync_call, no sync call in use
01-18 14:53:41.921 D/RPC     ( 1588): written RPC packet size: [28]
01-18 14:53:41.921 D/RPC     ( 1588): read RPC packet
01-18 14:53:41.931 D/RPC     ( 1588): read RPC packet size: [272]
01-18 14:53:41.931 V/locapi_rpc_glue( 1588): Callback received: 4 (cb_id=0x6340000 handle=1)
01-18 14:53:41.931 V/locapi_rpc_glue( 1588): +loc_api_callback_process_sync_call
01-18 14:53:41.931 V/locapi_rpc_glue( 1588): -loc_api_callback_process_sync_call, no sync call in use
01-18 14:53:41.931 D/RPC     ( 1588): written RPC packet size: [28]
01-18 14:53:41.931 D/RPC     ( 1588): read RPC packet
01-18 14:53:41.931 D/RPC     ( 1588): read RPC packet size: [272]
01-18 14:53:41.931 V/locapi_rpc_glue( 1588): Callback received: 4 (cb_id=0x6340000 handle=1)
01-18 14:53:41.931 V/locapi_rpc_glue( 1588): +loc_api_callback_process_sync_call
01-18 14:53:41.931 V/locapi_rpc_glue( 1588): -loc_api_callback_process_sync_call, no sync call in use
01-18 14:53:41.931 D/RPC     ( 1588): written RPC packet size: [28]
01-18 14:53:41.931 D/RPC     ( 1588): read RPC packet
01-18 14:53:41.941 D/RPC     ( 1588): read RPC packet size: [272]
01-18 14:53:41.941 V/locapi_rpc_glue( 1588): Callback received: 4 (cb_id=0x6340000 handle=1)
01-18 14:53:41.941 V/locapi_rpc_glue( 1588): +loc_api_callback_process_sync_call
01-18 14:53:41.941 V/locapi_rpc_glue( 1588): -loc_api_callback_process_sync_call, no sync call in use
01-18 14:53:41.941 D/RPC     ( 1588): written RPC packet size: [28]
01-18 14:53:42.461 I/System.out( 2533): Values: 0.0 0.0
01-18 14:53:42.652 D/RPC     ( 1588): read RPC packet
01-18 14:53:42.652 D/RPC     ( 1588): read RPC packet size: [208]
01-18 14:53:42.652 V/locapi_rpc_glue( 1588): Callback received: 1 (cb_id=0x6340000 handle=1)
01-18 14:53:42.652 V/locapi_rpc_glue( 1588): +loc_api_callback_process_sync_call
01-18 14:53:42.652 V/locapi_rpc_glue( 1588): -loc_api_callback_process_sync_call, no sync call in use
01-18 14:53:42.652 D/lib_locapi( 1588): loc_eng_report_position: valid mask = 0x606d, sess status = 1
01-18 14:53:42.652 D/RPC     ( 1588): written RPC packet size: [28]
01-18 14:53:42.902 D/RPC     ( 1588): read RPC packet
01-18 14:53:42.902 D/RPC     ( 1588): read RPC packet size: [272]
01-18 14:53:42.902 V/locapi_rpc_glue( 1588): Callback received: 4 (cb_id=0x6340000 handle=1)
01-18 14:53:42.902 V/locapi_rpc_glue( 1588): +loc_api_callback_process_sync_call
01-18 14:53:42.902 V/locapi_rpc_glue( 1588): -loc_api_callback_process_sync_call, no sync call in use
01-18 14:53:42.902 D/RPC     ( 1588): written RPC packet size: [28]
01-18 14:53:42.902 D/RPC     ( 1588): read RPC packet
01-18 14:53:42.902 D/RPC     ( 1588): read RPC packet size: [272]
01-18 14:53:42.902 V/locapi_rpc_glue( 1588): Callback received: 4 (cb_id=0x6340000 handle=1)
01-18 14:53:42.902 V/locapi_rpc_glue( 1588): +loc_api_callback_process_sync_call
01-18 14:53:42.902 V/locapi_rpc_glue( 1588): -loc_api_callback_process_sync_call, no sync call in use
01-18 14:53:42.902 D/RPC     ( 1588): written RPC packet size: [28]
01-18 14:53:42.902 D/RPC     ( 1588): read RPC packet
01-18 14:53:42.902 D/RPC     ( 1588): read RPC packet size: [272]
01-18 14:53:42.902 V/locapi_rpc_glue( 1588): Callback received: 4 (cb_id=0x6340000 handle=1)
01-18 14:53:42.902 V/locapi_rpc_glue( 1588): +loc_api_callback_process_sync_call
01-18 14:53:42.902 V/locapi_rpc_glue( 1588): -loc_api_callback_process_sync_call, no sync call in use
01-18 14:53:42.902 D/RPC     ( 1588): written RPC packet size: [28]
01-18 14:53:42.922 D/RPC     ( 1588): read RPC packet
01-18 14:53:42.922 D/RPC     ( 1588): read RPC packet size: [272]
01-18 14:53:42.942 V/locapi_rpc_glue( 1588): Callback received: 4 (cb_id=0x6340000 handle=1)
01-18 14:53:42.942 V/locapi_rpc_glue( 1588): +loc_api_callback_process_sync_call
01-18 14:53:42.942 V/locapi_rpc_glue( 1588): -loc_api_callback_process_sync_call, no sync call in use
01-18 14:53:42.952 D/RPC     ( 1588): written RPC packet size: [28]
01-18 14:53:42.962 D/RPC     ( 1588): read RPC packet
01-18 14:53:42.962 D/RPC     ( 1588): read RPC packet size: [136]
01-18 14:53:42.962 V/locapi_rpc_glue( 1588): Callback received: 2 (cb_id=0x6340000 handle=1)
01-18 14:53:42.962 V/locapi_rpc_glue( 1588): +loc_api_callback_process_sync_call
01-18 14:53:42.972 V/locapi_rpc_glue( 1588): -loc_api_callback_process_sync_call, no sync call in use
01-18 14:53:42.972 D/lib_locapi( 1588): loc_eng_report_sv: valid_mask = 0x30, num of sv = 1
01-18 14:53:42.972 D/GpsLocationProvider( 1588): reportSvStatus
01-18 14:53:42.972 V/GpsLocationProvider( 1588): SV count: 1 ephemerisMask: 0 almanacMask: 0
01-18 14:53:42.972 V/GpsLocationProvider( 1588): sv: 29 snr: 3.7400002 elev: 0.0 azimuth: 0.0    U
01-18 14:53:42.972 D/RPC     ( 1588): written RPC packet size: [28]
01-18 14:53:42.972 D/RPC     ( 1588): read RPC packet
01-18 14:53:42.972 D/RPC     ( 1588): read RPC packet size: [272]
01-18 14:53:42.972 V/locapi_rpc_glue( 1588): Callback received: 4 (cb_id=0x6340000 handle=1)
01-18 14:53:42.972 V/locapi_rpc_glue( 1588): +loc_api_callback_process_sync_call
01-18 14:53:42.972 V/locapi_rpc_glue( 1588): -loc_api_callback_process_sync_call, no sync call in use
01-18 14:53:42.972 D/RPC     ( 1588): written RPC packet size: [28]
01-18 14:53:42.972 D/RPC     ( 1588): read RPC packet
01-18 14:53:42.972 D/RPC     ( 1588): read RPC packet size: [272]
01-18 14:53:42.972 V/locapi_rpc_glue( 1588): Callback received: 4 (cb_id=0x6340000 handle=1)
01-18 14:53:42.972 V/locapi_rpc_glue( 1588): +loc_api_callback_process_sync_call
01-18 14:53:42.972 V/locapi_rpc_glue( 1588): -loc_api_callback_process_sync_call, no sync call in use
01-18 14:53:42.972 D/RPC     ( 1588): written RPC packet size: [28]
01-18 14:53:42.982 D/RPC     ( 1588): read RPC packet
01-18 14:53:42.982 D/RPC     ( 1588): read RPC packet size: [272]
01-18 14:53:42.982 V/locapi_rpc_glue( 1588): Callback received: 4 (cb_id=0x6340000 handle=1)
01-18 14:53:42.982 V/locapi_rpc_glue( 1588): +loc_api_callback_process_sync_call
01-18 14:53:42.982 V/locapi_rpc_glue( 1588): -loc_api_callback_process_sync_call, no sync call in use
01-18 14:53:42.982 D/RPC     ( 1588): written RPC packet size: [28]
01-18 14:53:42.982 D/RPC     ( 1588): read RPC packet
01-18 14:53:42.982 D/RPC     ( 1588): read RPC packet size: [272]
01-18 14:53:42.982 V/locapi_rpc_glue( 1588): Callback received: 4 (cb_id=0x6340000 handle=1)
01-18 14:53:42.982 V/locapi_rpc_glue( 1588): +loc_api_callback_process_sync_call
01-18 14:53:42.982 V/locapi_rpc_glue( 1588): -loc_api_callback_process_sync_call, no sync call in use
01-18 14:53:42.982 D/RPC     ( 1588): written RPC packet size: [28]
01-18 14:53:43.462 I/System.out( 2533): Values: 0.0 0.0
01-18 14:53:43.653 D/RPC     ( 1588): read RPC packet
01-18 14:53:43.653 D/RPC     ( 1588): read RPC packet size: [208]
