01-18 14:54:10.939 D/RPC     ( 1588): written RPC packet size: [28]
01-18 14:54:10.939 D/RPC     ( 1588): read RPC packet
01-18 14:54:10.939 D/RPC     ( 1588): read RPC packet size: [272]
01-18 14:54:10.939 V/locapi_rpc_glue( 1588): Callback received: 4 (cb_id=0x6340000 handle=1)
01-18 14:54:10.939 V/locapi_rpc_glue( 1588): +loc_api_callback_process_sync_call
01-18 14:54:10.939 V/locapi_rpc_glue( 1588): -loc_api_callback_process_sync_call, no sync call in use
01-18 14:54:10.939 D/RPC     ( 1588): written RPC packet size: [28]
01-18 14:54:11.500 I/System.out( 2533): Values: 0.0 0.0
01-18 14:54:11.690 D/RPC     ( 1588): read RPC packet
01-18 14:54:11.690 D/RPC     ( 1588): read RPC packet size: [208]
01-18 14:54:11.690 V/locapi_rpc_glue( 1588): Callback received: 1 (cb_id=0x6340000 handle=1)
01-18 14:54:11.690 V/locapi_rpc_glue( 1588): +loc_api_callback_process_sync_call
01-18 14:54:11.690 V/locapi_rpc_glue( 1588): -loc_api_callback_process_sync_call, no sync call in use
01-18 14:54:11.690 D/lib_locapi( 1588): loc_eng_report_position: valid mask = 0x606d, sess status = 1
01-18 14:54:11.690 D/RPC     ( 1588): written RPC packet size: [28]
01-18 14:54:11.900 D/RPC     ( 1588): read RPC packet
01-18 14:54:11.900 D/RPC     ( 1588): read RPC packet size: [272]
01-18 14:54:11.900 V/locapi_rpc_glue( 1588): Callback received: 4 (cb_id=0x6340000 handle=1)
01-18 14:54:11.900 V/locapi_rpc_glue( 1588): +loc_api_callback_process_sync_call
01-18 14:54:11.900 V/locapi_rpc_glue( 1588): -loc_api_callback_process_sync_call, no sync call in use
01-18 14:54:11.900 D/RPC     ( 1588): written RPC packet size: [28]
01-18 14:54:11.910 D/RPC     ( 1588): read RPC packet
01-18 14:54:11.910 D/RPC     ( 1588): read RPC packet size: [272]
01-18 14:54:11.910 V/locapi_rpc_glue( 1588): Callback received: 4 (cb_id=0x6340000 handle=1)
01-18 14:54:11.910 V/locapi_rpc_glue( 1588): +loc_api_callback_process_sync_call
01-18 14:54:11.910 V/locapi_rpc_glue( 1588): -loc_api_callback_process_sync_call, no sync call in use
01-18 14:54:11.910 D/RPC     ( 1588): written RPC packet size: [28]
01-18 14:54:11.910 D/RPC     ( 1588): read RPC packet
01-18 14:54:11.910 D/RPC     ( 1588): read RPC packet size: [272]
01-18 14:54:11.910 V/locapi_rpc_glue( 1588): Callback received: 4 (cb_id=0x6340000 handle=1)
01-18 14:54:11.910 V/locapi_rpc_glue( 1588): +loc_api_callback_process_sync_call
01-18 14:54:11.910 V/locapi_rpc_glue( 1588): -loc_api_callback_process_sync_call, no sync call in use
01-18 14:54:11.910 D/RPC     ( 1588): written RPC packet size: [28]
01-18 14:54:11.910 D/RPC     ( 1588): read RPC packet
01-18 14:54:11.910 D/RPC     ( 1588): read RPC packet size: [272]
01-18 14:54:11.910 V/locapi_rpc_glue( 1588): Callback received: 4 (cb_id=0x6340000 handle=1)
01-18 14:54:11.910 V/locapi_rpc_glue( 1588): +loc_api_callback_process_sync_call
01-18 14:54:11.910 V/locapi_rpc_glue( 1588): -loc_api_callback_process_sync_call, no sync call in use
01-18 14:54:11.910 D/RPC     ( 1588): written RPC packet size: [28]
01-18 14:54:11.910 D/RPC     ( 1588): read RPC packet
01-18 14:54:11.910 D/RPC     ( 1588): read RPC packet size: [176]
01-18 14:54:11.910 V/locapi_rpc_glue( 1588): Callback received: 2 (cb_id=0x6340000 handle=1)
01-18 14:54:11.910 V/locapi_rpc_glue( 1588): +loc_api_callback_process_sync_call
01-18 14:54:11.910 V/locapi_rpc_glue( 1588): -loc_api_callback_process_sync_call, no sync call in use
01-18 14:54:11.920 D/lib_locapi( 1588): loc_eng_report_sv: valid_mask = 0x30, num of sv = 2
01-18 14:54:11.920 D/GpsLocationProvider( 1588): reportSvStatus
01-18 14:54:11.920 V/GpsLocationProvider( 1588): SV count: 2 ephemerisMask: 10000000 almanacMask: 0
01-18 14:54:11.920 V/GpsLocationProvider( 1588): sv: 2 snr: 1.9799999 elev: 45.0 azimuth: 247.0    U
01-18 14:54:11.920 V/GpsLocationProvider( 1588): sv: 29 snr: 3.83 elev: 11.0 azimuth: 316.0 E  U
01-18 14:54:11.920 D/RPC     ( 1588): written RPC packet size: [28]
01-18 14:54:11.940 D/RPC     ( 1588): read RPC packet
01-18 14:54:11.940 D/RPC     ( 1588): read RPC packet size: [272]
01-18 14:54:11.940 V/locapi_rpc_glue( 1588): Callback received: 4 (cb_id=0x6340000 handle=1)
01-18 14:54:11.940 V/locapi_rpc_glue( 1588): +loc_api_callback_process_sync_call
01-18 14:54:11.940 V/locapi_rpc_glue( 1588): -loc_api_callback_process_sync_call, no sync call in use
01-18 14:54:11.940 D/RPC     ( 1588): written RPC packet size: [28]
01-18 14:54:11.940 D/RPC     ( 1588): read RPC packet
01-18 14:54:11.940 D/RPC     ( 1588): read RPC packet size: [272]
01-18 14:54:11.940 V/locapi_rpc_glue( 1588): Callback received: 4 (cb_id=0x6340000 handle=1)
01-18 14:54:11.940 V/locapi_rpc_glue( 1588): +loc_api_callback_process_sync_call
01-18 14:54:11.940 V/locapi_rpc_glue( 1588): -loc_api_callback_process_sync_call, no sync call in use
01-18 14:54:11.940 D/RPC     ( 1588): written RPC packet size: [28]
01-18 14:54:11.940 D/RPC     ( 1588): read RPC packet
01-18 14:54:11.940 D/RPC     ( 1588): read RPC packet size: [272]
01-18 14:54:11.940 V/locapi_rpc_glue( 1588): Callback received: 4 (cb_id=0x6340000 handle=1)
01-18 14:54:11.940 V/locapi_rpc_glue( 1588): +loc_api_callback_process_sync_call
01-18 14:54:11.940 V/locapi_rpc_glue( 1588): -loc_api_callback_process_sync_call, no sync call in use
01-18 14:54:11.940 D/RPC     ( 1588): written RPC packet size: [28]
01-18 14:54:11.940 D/RPC     ( 1588): read RPC packet
01-18 14:54:11.940 D/RPC     ( 1588): read RPC packet size: [272]
01-18 14:54:11.940 V/locapi_rpc_glue( 1588): Callback received: 4 (cb_id=0x6340000 handle=1)
01-18 14:54:11.940 V/locapi_rpc_glue( 1588): +loc_api_callback_process_sync_call
01-18 14:54:11.940 V/locapi_rpc_glue( 1588): -loc_api_callback_process_sync_call, no sync call in use
01-18 14:54:11.940 D/RPC     ( 1588): written RPC packet size: [28]
01-18 14:54:12.501 I/System.out( 2533): Values: 0.0 0.0
01-18 14:54:12.691 D/RPC     ( 1588): read RPC packet
01-18 14:54:12.691 D/RPC     ( 1588): read RPC packet size: [208]
01-18 14:54:12.691 V/locapi_rpc_glue( 1588): Callback received: 1 (cb_id=0x6340000 handle=1)
01-18 14:54:12.691 V/locapi_rpc_glue( 1588): +loc_api_callback_process_sync_call
01-18 14:54:12.691 V/locapi_rpc_glue( 1588): -loc_api_callback_process_sync_call, no sync call in use
01-18 14:54:12.691 D/lib_locapi( 1588): loc_eng_report_position: valid mask = 0x606d, sess status = 1
01-18 14:54:12.691 D/RPC     ( 1588): written RPC packet size: [28]
01-18 14:54:12.901 D/RPC     ( 1588): read RPC packet
01-18 14:54:12.901 D/RPC     ( 1588): read RPC packet size: [272]
01-18 14:54:12.901 V/locapi_rpc_glue( 1588): Callback received: 4 (cb_id=0x6340000 handle=1)
01-18 14:54:12.901 V/locapi_rpc_glue( 1588): +loc_api_callback_process_sync_call
01-18 14:54:12.901 V/locapi_rpc_glue( 1588): -loc_api_callback_process_sync_call, no sync call in use
01-18 14:54:12.901 D/RPC     ( 1588): written RPC packet size: [28]
01-18 14:54:12.901 D/RPC     ( 1588): read RPC packet
01-18 14:54:12.901 D/RPC     ( 1588): read RPC packet size: [272]
01-18 14:54:12.901 V/locapi_rpc_glue( 1588): Callback received: 4 (cb_id=0x6340000 handle=1)
01-18 14:54:12.901 V/locapi_rpc_glue( 1588): +loc_api_callback_process_sync_call
01-18 14:54:12.901 V/locapi_rpc_glue( 1588): -loc_api_callback_process_sync_call, no sync call in use
01-18 14:54:12.901 D/RPC     ( 1588): written RPC packet size: [28]
01-18 14:54:12.901 D/RPC     ( 1588): read RPC packet
01-18 14:54:12.901 D/RPC     ( 1588): read RPC packet size: [272]
01-18 14:54:12.911 V/locapi_rpc_glue( 1588): Callback received: 4 (cb_id=0x6340000 handle=1)
01-18 14:54:12.911 V/locapi_rpc_glue( 1588): +loc_api_callback_process_sync_call
01-18 14:54:12.911 V/locapi_rpc_glue( 1588): -loc_api_callback_process_sync_call, no sync call in use
01-18 14:54:12.911 D/RPC     ( 1588): written RPC packet size: [28]
01-18 14:54:12.911 D/RPC     ( 1588): read RPC packet
01-18 14:54:12.911 D/RPC     ( 1588): read RPC packet size: [272]
01-18 14:54:12.911 V/locapi_rpc_glue( 1588): Callback received: 4 (cb_id=0x6340000 handle=1)
01-18 14:54:12.911 V/locapi_rpc_glue( 1588): +loc_api_callback_process_sync_call
01-18 14:54:12.911 V/locapi_rpc_glue( 1588): -loc_api_callback_process_sync_call, no sync call in use
01-18 14:54:12.911 D/RPC     ( 1588): written RPC packet size: [28]
01-18 14:54:12.921 D/RPC     ( 1588): read RPC packet
01-18 14:54:12.921 D/RPC     ( 1588): read RPC packet size: [176]
01-18 14:54:12.921 V/locapi_rpc_glue( 1588): Callback received: 2 (cb_id=0x6340000 handle=1)
01-18 14:54:12.921 V/locapi_rpc_glue( 1588): +loc_api_callback_process_sync_call
01-18 14:54:12.921 V/locapi_rpc_glue( 1588): -loc_api_callback_process_sync_call, no sync call in use
01-18 14:54:12.921 D/lib_locapi( 1588): loc_eng_report_sv: valid_mask = 0x30, num of sv = 2
01-18 14:54:12.921 D/GpsLocationProvider( 1588): reportSvStatus
01-18 14:54:12.921 V/GpsLocationProvider( 1588): SV count: 2 ephemerisMask: 10000000 almanacMask: 0
01-18 14:54:12.921 V/GpsLocationProvider( 1588): sv: 2 snr: 2.03 elev: 45.0 azimuth: 247.0    U
01-18 14:54:12.931 V/GpsLocationProvider( 1588): sv: 29 snr: 3.85 elev: 11.0 azimuth: 316.0 E  U
01-18 14:54:12.931 D/RPC     ( 1588): written RPC packet size: [28]
01-18 14:54:12.931 D/RPC     ( 1588): read RPC packet
01-18 14:54:12.931 D/RPC     ( 1588): read RPC packet size: [272]
01-18 14:54:12.931 V/locapi_rpc_glue( 1588): Callback received: 4 (cb_id=0x6340000 handle=1)
01-18 14:54:12.931 V/locapi_rpc_glue( 1588): +loc_api_callback_process_sync_call
01-18 14:54:12.931 V/locapi_rpc_glue( 1588): -loc_api_callback_process_sync_call, no sync call in use
01-18 14:54:12.931 D/RPC     ( 1588): written RPC packet size: [28]
01-18 14:54:12.941 D/RPC     ( 1588): read RPC packet
01-18 14:54:12.941 D/RPC     ( 1588): read RPC packet size: [272]
01-18 14:54:12.941 V/locapi_rpc_glue( 1588): Callback received: 4 (cb_id=0x6340000 handle=1)
01-18 14:54:12.941 V/locapi_rpc_glue( 1588): +loc_api_callback_process_sync_call
01-18 14:54:12.941 V/locapi_rpc_glue( 1588): -loc_api_callback_process_sync_call, no sync call in use
01-18 14:54:12.941 D/RPC     ( 1588): written RPC packet size: [28]
01-18 14:54:12.941 D/RPC     ( 1588): read RPC packet
01-18 14:54:12.941 D/RPC     ( 1588): read RPC packet size: [272]
01-18 14:54:12.941 V/locapi_rpc_glue( 1588): Callback received: 4 (cb_id=0x6340000 handle=1)
01-18 14:54:12.941 V/locapi_rpc_glue( 1588): +loc_api_callback_process_sync_call
01-18 14:54:12.941 V/locapi_rpc_glue( 1588): -loc_api_callback_process_sync_call, no sync call in use
01-18 14:54:12.941 D/RPC     ( 1588): written RPC packet size: [28]
01-18 14:54:12.951 D/RPC     ( 1588): read RPC packet
01-18 14:54:12.951 D/RPC     ( 1588): read RPC packet size: [272]
01-18 14:54:12.951 V/locapi_rpc_glue( 1588): Callback received: 4 (cb_id=0x6340000 handle=1)
01-18 14:54:12.951 V/locapi_rpc_glue( 1588): +loc_api_callback_process_sync_call
01-18 14:54:12.951 V/locapi_rpc_glue( 1588): -loc_api_callback_process_sync_call, no sync call in use
01-18 14:54:12.951 D/RPC     ( 1588): written RPC packet size: [28]
01-18 14:54:13.502 I/System.out( 2533): Values: 0.0 0.0
01-18 14:54:13.692 D/RPC     ( 1588): read RPC packet
01-18 14:54:13.692 D/RPC     ( 1588): read RPC packet size: [208]
01-18 14:54:13.692 V/locapi_rpc_glue( 1588): Callback received: 1 (cb_id=0x6340000 handle=1)
01-18 14:54:13.692 V/locapi_rpc_glue( 1588): +loc_api_callback_process_sync_call
01-18 14:54:13.692 V/locapi_rpc_glue( 1588): -loc_api_callback_process_sync_call, no sync call in use
01-18 14:54:13.692 D/lib_locapi( 1588): loc_eng_report_position: valid mask = 0x606d, sess status = 1
01-18 14:54:13.692 D/RPC     ( 1588): written RPC packet size: [28]
01-18 14:54:13.902 D/RPC     ( 1588): read RPC packet
01-18 14:54:13.902 D/RPC     ( 1588): read RPC packet size: [272]
01-18 14:54:13.902 V/locapi_rpc_glue( 1588): Callback received: 4 (cb_id=0x6340000 handle=1)
01-18 14:54:13.902 V/locapi_rpc_glue( 1588): +loc_api_callback_process_sync_call
01-18 14:54:13.902 V/locapi_rpc_glue( 1588): -loc_api_callback_process_sync_call, no sync call in use
01-18 14:54:13.902 D/RPC     ( 1588): written RPC packet size: [28]
01-18 14:54:13.902 D/RPC     ( 1588): read RPC packet
01-18 14:54:13.902 D/RPC     ( 1588): read RPC packet size: [272]
01-18 14:54:13.902 V/locapi_rpc_glue( 1588): Callback received: 4 (cb_id=0x6340000 handle=1)
01-18 14:54:13.902 V/locapi_rpc_glue( 1588): +loc_api_callback_process_sync_call
01-18 14:54:13.902 V/locapi_rpc_glue( 1588): -loc_api_callback_process_sync_call, no sync call in use
01-18 14:54:13.902 D/RPC     ( 1588): written RPC packet size: [28]
01-18 14:54:13.902 D/RPC     ( 1588): read RPC packet
01-18 14:54:13.902 D/RPC     ( 1588): read RPC packet size: [272]
01-18 14:54:13.902 V/locapi_rpc_glue( 1588): Callback received: 4 (cb_id=0x6340000 handle=1)
01-18 14:54:13.902 V/locapi_rpc_glue( 1588): +loc_api_callback_process_sync_call
01-18 14:54:13.902 V/locapi_rpc_glue( 1588): -loc_api_callback_process_sync_call, no sync call in use
01-18 14:54:13.912 D/RPC     ( 1588): written RPC packet size: [28]
01-18 14:54:13.912 D/RPC     ( 1588): read RPC packet
01-18 14:54:13.912 D/RPC     ( 1588): read RPC packet size: [272]
01-18 14:54:13.912 V/locapi_rpc_glue( 1588): Callback received: 4 (cb_id=0x6340000 handle=1)
01-18 14:54:13.912 V/locapi_rpc_glue( 1588): +loc_api_callback_process_sync_call
01-18 14:54:13.912 V/locapi_rpc_glue( 1588): -loc_api_callback_process_sync_call, no sync call in use
01-18 14:54:13.912 D/RPC     ( 1588): written RPC packet size: [28]
01-18 14:54:13.922 D/RPC     ( 1588): read RPC packet
01-18 14:54:13.922 D/RPC     ( 1588): read RPC packet size: [176]
01-18 14:54:13.922 V/locapi_rpc_glue( 1588): Callback received: 2 (cb_id=0x6340000 handle=1)
01-18 14:54:13.922 V/locapi_rpc_glue( 1588): +loc_api_callback_process_sync_call
01-18 14:54:13.922 V/locapi_rpc_glue( 1588): -loc_api_callback_process_sync_call, no sync call in use
01-18 14:54:13.922 D/lib_locapi( 1588): loc_eng_report_sv: valid_mask = 0x30, num of sv = 2
01-18 14:54:13.922 D/GpsLocationProvider( 1588): reportSvStatus
01-18 14:54:13.922 V/GpsLocationProvider( 1588): SV count: 2 ephemerisMask: 10000000 almanacMask: 0
01-18 14:54:13.922 V/GpsLocationProvider( 1588): sv: 2 snr: 2.0700002 elev: 45.0 azimuth: 247.0    U
01-18 14:54:13.932 V/GpsLocationProvider( 1588): sv: 29 snr: 3.8400002 elev: 11.0 azimuth: 316.0 E  U
01-18 14:54:13.932 D/RPC     ( 1588): written RPC packet size: [28]
01-18 14:54:13.932 D/RPC     ( 1588): read RPC packet
01-18 14:54:13.932 D/RPC     ( 1588): read RPC packet size: [272]
01-18 14:54:13.932 V/locapi_rpc_glue( 1588): Callback received: 4 (cb_id=0x6340000 handle=1)
01-18 14:54:13.932 V/locapi_rpc_glue( 1588): +loc_api_callback_process_sync_call
01-18 14:54:13.932 V/locapi_rpc_glue( 1588): -loc_api_callback_process_sync_call, no sync call in use
01-18 14:54:13.932 D/RPC     ( 1588): written RPC packet size: [28]
01-18 14:54:13.932 D/RPC     ( 1588): read RPC packet
01-18 14:54:13.942 D/RPC     ( 1588): read RPC packet size: [272]
01-18 14:54:13.942 V/locapi_rpc_glue( 1588): Callback received: 4 (cb_id=0x6340000 handle=1)
01-18 14:54:13.942 V/locapi_rpc_glue( 1588): +loc_api_callback_process_sync_call
01-18 14:54:13.942 V/locapi_rpc_glue( 1588): -loc_api_callback_process_sync_call, no sync call in use
01-18 14:54:13.942 D/RPC     ( 1588): written RPC packet size: [28]
01-18 14:54:13.942 D/RPC     ( 1588): read RPC packet
01-18 14:54:13.942 D/RPC     ( 1588): read RPC packet size: [272]
01-18 14:54:13.942 V/locapi_rpc_glue( 1588): Callback received: 4 (cb_id=0x6340000 handle=1)
01-18 14:54:13.942 V/locapi_rpc_glue( 1588): +loc_api_callback_process_sync_call
01-18 14:54:13.942 V/locapi_rpc_glue( 1588): -loc_api_callback_process_sync_call, no sync call in use
01-18 14:54:13.952 D/RPC     ( 1588): written RPC packet size: [28]
01-18 14:54:13.952 D/RPC     ( 1588): read RPC packet
01-18 14:54:13.952 D/RPC     ( 1588): read RPC packet size: [272]
01-18 14:54:13.952 V/locapi_rpc_glue( 1588): Callback received: 4 (cb_id=0x6340000 handle=1)
01-18 14:54:13.952 V/locapi_rpc_glue( 1588): +loc_api_callback_process_sync_call
01-18 14:54:13.952 V/locapi_rpc_glue( 1588): -loc_api_callback_process_sync_call, no sync call in use
01-18 14:54:13.952 D/RPC     ( 1588): written RPC packet size: [28]
01-18 14:54:14.513 I/System.out( 2533): Values: 0.0 0.0
01-18 14:54:14.693 D/RPC     ( 1588): read RPC packet
01-18 14:54:14.693 D/RPC     ( 1588): read RPC packet size: [208]
01-18 14:54:14.693 V/locapi_rpc_glue( 1588): Callback received: 1 (cb_id=0x6340000 handle=1)
01-18 14:54:14.693 V/locapi_rpc_glue( 1588): +loc_api_callback_process_sync_call
01-18 14:54:14.693 V/locapi_rpc_glue( 1588): -loc_api_callback_process_sync_call, no sync call in use
01-18 14:54:14.693 D/lib_locapi( 1588): loc_eng_report_position: valid mask = 0x606d, sess status = 1
01-18 14:54:14.693 D/RPC     ( 1588): written RPC packet size: [28]
01-18 14:54:14.903 D/RPC     ( 1588): read RPC packet
01-18 14:54:14.903 D/RPC     ( 1588): read RPC packet size: [272]
01-18 14:54:14.903 V/locapi_rpc_glue( 1588): Callback received: 4 (cb_id=0x6340000 handle=1)
01-18 14:54:14.903 V/locapi_rpc_glue( 1588): +loc_api_callback_process_sync_call
01-18 14:54:14.903 V/locapi_rpc_glue( 1588): -loc_api_callback_process_sync_call, no sync call in use
01-18 14:54:14.903 D/RPC     ( 1588): written RPC packet size: [28]
01-18 14:54:14.903 D/RPC     ( 1588): read RPC packet
01-18 14:54:14.903 D/RPC     ( 1588): read RPC packet size: [272]
01-18 14:54:14.903 V/locapi_rpc_glue( 1588): Callback received: 4 (cb_id=0x6340000 handle=1)
01-18 14:54:14.903 V/locapi_rpc_glue( 1588): +loc_api_callback_process_sync_call
01-18 14:54:14.903 V/locapi_rpc_glue( 1588): -loc_api_callback_process_sync_call, no sync call in use
01-18 14:54:14.903 D/RPC     ( 1588): written RPC packet size: [28]
01-18 14:54:14.903 D/RPC     ( 1588): read RPC packet
01-18 14:54:14.903 D/RPC     ( 1588): read RPC packet size: [272]
01-18 14:54:14.903 V/locapi_rpc_glue( 1588): Callback received: 4 (cb_id=0x6340000 handle=1)
01-18 14:54:14.903 V/locapi_rpc_glue( 1588): +loc_api_callback_process_sync_call
01-18 14:54:14.913 V/locapi_rpc_glue( 1588): -loc_api_callback_process_sync_call, no sync call in use
01-18 14:54:14.913 D/RPC     ( 1588): written RPC packet size: [28]
01-18 14:54:14.913 D/RPC     ( 1588): read RPC packet
01-18 14:54:14.913 D/RPC     ( 1588): read RPC packet size: [272]
01-18 14:54:14.913 V/locapi_rpc_glue( 1588): Callback received: 4 (cb_id=0x6340000 handle=1)
01-18 14:54:14.913 V/locapi_rpc_glue( 1588): +loc_api_callback_process_sync_call
01-18 14:54:14.913 V/locapi_rpc_glue( 1588): -loc_api_callback_process_sync_call, no sync call in use
01-18 14:54:14.913 D/RPC     ( 1588): written RPC packet size: [28]
01-18 14:54:14.923 D/RPC     ( 1588): read RPC packet
01-18 14:54:14.923 D/RPC     ( 1588): read RPC packet size: [176]
01-18 14:54:14.923 V/locapi_rpc_glue( 1588): Callback received: 2 (cb_id=0x6340000 handle=1)
01-18 14:54:14.923 V/locapi_rpc_glue( 1588): +loc_api_callback_process_sync_call
01-18 14:54:14.923 V/locapi_rpc_glue( 1588): -loc_api_callback_process_sync_call, no sync call in use
01-18 14:54:14.923 D/lib_locapi( 1588): loc_eng_report_sv: valid_mask = 0x30, num of sv = 2
01-18 14:54:14.923 D/GpsLocationProvider( 1588): reportSvStatus
01-18 14:54:14.923 V/GpsLocationProvider( 1588): SV count: 2 ephemerisMask: 10000000 almanacMask: 0
01-18 14:54:14.923 V/GpsLocationProvider( 1588): sv: 2 snr: 2.01 elev: 45.0 azimuth: 247.0    U
01-18 14:54:14.933 V/GpsLocationProvider( 1588): sv: 29 snr: 3.81 elev: 11.0 azimuth: 316.0 E  U
01-18 14:54:14.933 D/RPC     ( 1588): written RPC packet size: [28]
01-18 14:54:14.933 D/RPC     ( 1588): read RPC packet
01-18 14:54:14.933 D/RPC     ( 1588): read RPC packet size: [272]
01-18 14:54:14.933 V/locapi_rpc_glue( 1588): Callback received: 4 (cb_id=0x6340000 handle=1)
01-18 14:54:14.933 V/locapi_rpc_glue( 1588): +loc_api_callback_process_sync_call
01-18 14:54:14.933 V/locapi_rpc_glue( 1588): -loc_api_callback_process_sync_call, no sync call in use
01-18 14:54:14.933 D/RPC     ( 1588): written RPC packet size: [28]
01-18 14:54:14.943 D/RPC     ( 1588): read RPC packet
01-18 14:54:14.943 D/RPC     ( 1588): read RPC packet size: [272]
01-18 14:54:14.943 V/locapi_rpc_glue( 1588): Callback received: 4 (cb_id=0x6340000 handle=1)
01-18 14:54:14.943 V/locapi_rpc_glue( 1588): +loc_api_callback_process_sync_call
01-18 14:54:14.943 V/locapi_rpc_glue( 1588): -loc_api_callback_process_sync_call, no sync call in use
01-18 14:54:14.943 D/RPC     ( 1588): written RPC packet size: [28]
01-18 14:54:14.943 D/RPC     ( 1588): read RPC packet
01-18 14:54:14.943 D/RPC     ( 1588): read RPC packet size: [272]
01-18 14:54:14.943 V/locapi_rpc_glue( 1588): Callback received: 4 (cb_id=0x6340000 handle=1)
01-18 14:54:14.943 V/locapi_rpc_glue( 1588): +loc_api_callback_process_sync_call
01-18 14:54:14.953 V/locapi_rpc_glue( 1588): -loc_api_callback_process_sync_call, no sync call in use
01-18 14:54:14.953 D/RPC     ( 1588): written RPC packet size: [28]
01-18 14:54:14.953 D/RPC     ( 1588): read RPC packet
01-18 14:54:14.953 D/RPC     ( 1588): read RPC packet size: [272]
01-18 14:54:14.953 V/locapi_rpc_glue( 1588): Callback received: 4 (cb_id=0x6340000 handle=1)
01-18 14:54:14.953 V/locapi_rpc_glue( 1588): +loc_api_callback_process_sync_call
01-18 14:54:14.953 V/locapi_rpc_glue( 1588): -loc_api_callback_process_sync_call, no sync call in use
01-18 14:54:14.953 D/RPC     ( 1588): written RPC packet size: [28]
01-18 14:54:15.514 I/System.out( 2533): Values: 0.0 0.0
01-18 14:54:15.694 D/RPC     ( 1588): read RPC packet
01-18 14:54:15.694 D/RPC     ( 1588): read RPC packet size: [208]
01-18 14:54:15.694 V/locapi_rpc_glue( 1588): Callback received: 1 (cb_id=0x6340000 handle=1)
01-18 14:54:15.694 V/locapi_rpc_glue( 1588): +loc_api_callback_process_sync_call
01-18 14:54:15.694 V/locapi_rpc_glue( 1588): -loc_api_callback_process_sync_call, no sync call in use
01-18 14:54:15.694 D/lib_locapi( 1588): loc_eng_report_position: valid mask = 0x606d, sess status = 1
01-18 14:54:15.694 D/RPC     ( 1588): written RPC packet size: [28]
01-18 14:54:15.894 D/RPC     ( 1588): read RPC packet
01-18 14:54:15.894 D/RPC     ( 1588): read RPC packet size: [272]
01-18 14:54:15.894 V/locapi_rpc_glue( 1588): Callback received: 4 (cb_id=0x6340000 handle=1)
01-18 14:54:15.894 V/locapi_rpc_glue( 1588): +loc_api_callback_process_sync_call
01-18 14:54:15.894 V/locapi_rpc_glue( 1588): -loc_api_callback_process_sync_call, no sync call in use
01-18 14:54:15.894 D/RPC     ( 1588): written RPC packet size: [28]
01-18 14:54:15.904 D/RPC     ( 1588): read RPC packet
01-18 14:54:15.904 D/RPC     ( 1588): read RPC packet size: [272]
01-18 14:54:15.904 V/locapi_rpc_glue( 1588): Callback received: 4 (cb_id=0x6340000 handle=1)
01-18 14:54:15.904 V/locapi_rpc_glue( 1588): +loc_api_callback_process_sync_call
01-18 14:54:15.904 V/locapi_rpc_glue( 1588): -loc_api_callback_process_sync_call, no sync call in use
01-18 14:54:15.904 D/RPC     ( 1588): written RPC packet size: [28]
01-18 14:54:15.904 D/RPC     ( 1588): read RPC packet
01-18 14:54:15.904 D/RPC     ( 1588): read RPC packet size: [272]
01-18 14:54:15.904 V/locapi_rpc_glue( 1588): Callback received: 4 (cb_id=0x6340000 handle=1)
01-18 14:54:15.904 V/locapi_rpc_glue( 1588): +loc_api_callback_process_sync_call
01-18 14:54:15.904 V/locapi_rpc_glue( 1588): -loc_api_callback_process_sync_call, no sync call in use
01-18 14:54:15.914 D/RPC     ( 1588): written RPC packet size: [28]
01-18 14:54:15.914 D/RPC     ( 1588): read RPC packet
01-18 14:54:15.914 D/RPC     ( 1588): read RPC packet size: [272]
01-18 14:54:15.914 V/locapi_rpc_glue( 1588): Callback received: 4 (cb_id=0x6340000 handle=1)
01-18 14:54:15.914 V/locapi_rpc_glue( 1588): +loc_api_callback_process_sync_call
01-18 14:54:15.914 V/locapi_rpc_glue( 1588): -loc_api_callback_process_sync_call, no sync call in use
01-18 14:54:15.914 D/RPC     ( 1588): written RPC packet size: [28]
01-18 14:54:15.914 D/RPC     ( 1588): read RPC packet
01-18 14:54:15.924 D/RPC     ( 1588): read RPC packet size: [176]
01-18 14:54:15.924 V/locapi_rpc_glue( 1588): Callback received: 2 (cb_id=0x6340000 handle=1)
01-18 14:54:15.924 V/locapi_rpc_glue( 1588): +loc_api_callback_process_sync_call
01-18 14:54:15.924 V/locapi_rpc_glue( 1588): -loc_api_callback_process_sync_call, no sync call in use
01-18 14:54:15.924 D/lib_locapi( 1588): loc_eng_report_sv: valid_mask = 0x30, num of sv = 2
01-18 14:54:15.924 D/GpsLocationProvider( 1588): reportSvStatus
01-18 14:54:15.924 V/GpsLocationProvider( 1588): SV count: 2 ephemerisMask: 10000000 almanacMask: 0
01-18 14:54:15.924 V/GpsLocationProvider( 1588): sv: 2 snr: 1.96 elev: 45.0 azimuth: 247.0    U
01-18 14:54:15.924 V/GpsLocationProvider( 1588): sv: 29 snr: 3.83 elev: 11.0 azimuth: 316.0 E  U
01-18 14:54:15.924 D/RPC     ( 1588): written RPC packet size: [28]
01-18 14:54:15.934 D/RPC     ( 1588): read RPC packet
01-18 14:54:15.934 D/RPC     ( 1588): read RPC packet size: [272]
01-18 14:54:15.934 V/locapi_rpc_glue( 1588): Callback received: 4 (cb_id=0x6340000 handle=1)
01-18 14:54:15.934 V/locapi_rpc_glue( 1588): +loc_api_callback_process_sync_call
01-18 14:54:15.934 V/locapi_rpc_glue( 1588): -loc_api_callback_process_sync_call, no sync call in use
01-18 14:54:15.934 D/RPC     ( 1588): written RPC packet size: [28]
01-18 14:54:15.944 D/RPC     ( 1588): read RPC packet
01-18 14:54:15.944 D/RPC     ( 1588): read RPC packet size: [272]
01-18 14:54:15.944 V/locapi_rpc_glue( 1588): Callback received: 4 (cb_id=0x6340000 handle=1)
01-18 14:54:15.944 V/locapi_rpc_glue( 1588): +loc_api_callback_process_sync_call
01-18 14:54:15.944 V/locapi_rpc_glue( 1588): -loc_api_callback_process_sync_call, no sync call in use
01-18 14:54:15.944 D/RPC     ( 1588): written RPC packet size: [28]
01-18 14:54:15.944 D/RPC     ( 1588): read RPC packet
01-18 14:54:15.944 D/RPC     ( 1588): read RPC packet size: [272]
01-18 14:54:15.944 V/locapi_rpc_glue( 1588): Callback received: 4 (cb_id=0x6340000 handle=1)
01-18 14:54:15.944 V/locapi_rpc_glue( 1588): +loc_api_callback_process_sync_call
01-18 14:54:15.944 V/locapi_rpc_glue( 1588): -loc_api_callback_process_sync_call, no sync call in use
01-18 14:54:15.954 D/RPC     ( 1588): written RPC packet size: [28]
01-18 14:54:15.954 D/RPC     ( 1588): read RPC packet
01-18 14:54:15.954 D/RPC     ( 1588): read RPC packet size: [272]
01-18 14:54:15.954 V/locapi_rpc_glue( 1588): Callback received: 4 (cb_id=0x6340000 handle=1)
01-18 14:54:15.954 V/locapi_rpc_glue( 1588): +loc_api_callback_process_sync_call
01-18 14:54:15.954 V/locapi_rpc_glue( 1588): -loc_api_callback_process_sync_call, no sync call in use
01-18 14:54:15.954 D/RPC     ( 1588): written RPC packet size: [28]
01-18 14:54:16.515 I/System.out( 2533): Values: 0.0 0.0
01-18 14:54:16.695 D/RPC     ( 1588): read RPC packet
01-18 14:54:16.695 D/RPC     ( 1588): read RPC packet size: [208]
01-18 14:54:16.695 V/locapi_rpc_glue( 1588): Callback received: 1 (cb_id=0x6340000 handle=1)
01-18 14:54:16.695 V/locapi_rpc_glue( 1588): +loc_api_callback_process_sync_call
01-18 14:54:16.695 V/locapi_rpc_glue( 1588): -loc_api_callback_process_sync_call, no sync call in use
01-18 14:54:16.695 D/lib_locapi( 1588): loc_eng_report_position: valid mask = 0x606d, sess status = 1
01-18 14:54:16.695 D/RPC     ( 1588): written RPC packet size: [28]
01-18 14:54:16.895 D/RPC     ( 1588): read RPC packet
01-18 14:54:16.895 D/RPC     ( 1588): read RPC packet size: [272]
01-18 14:54:16.895 V/locapi_rpc_glue( 1588): Callback received: 4 (cb_id=0x6340000 handle=1)
01-18 14:54:16.895 V/locapi_rpc_glue( 1588): +loc_api_callback_process_sync_call
01-18 14:54:16.895 V/locapi_rpc_glue( 1588): -loc_api_callback_process_sync_call, no sync call in use
01-18 14:54:16.895 D/RPC     ( 1588): written RPC packet size: [28]
01-18 14:54:16.905 D/RPC     ( 1588): read RPC packet
01-18 14:54:16.905 D/RPC     ( 1588): read RPC packet size: [272]
01-18 14:54:16.905 V/locapi_rpc_glue( 1588): Callback received: 4 (cb_id=0x6340000 handle=1)
01-18 14:54:16.905 V/locapi_rpc_glue( 1588): +loc_api_callback_process_sync_call
01-18 14:54:16.905 V/locapi_rpc_glue( 1588): -loc_api_callback_process_sync_call, no sync call in use
01-18 14:54:16.905 D/RPC     ( 1588): written RPC packet size: [28]
01-18 14:54:16.905 D/RPC     ( 1588): read RPC packet
01-18 14:54:16.915 D/RPC     ( 1588): read RPC packet size: [272]
01-18 14:54:16.915 V/locapi_rpc_glue( 1588): Callback received: 4 (cb_id=0x6340000 handle=1)
01-18 14:54:16.915 V/locapi_rpc_glue( 1588): +loc_api_callback_process_sync_call
01-18 14:54:16.915 V/locapi_rpc_glue( 1588): -loc_api_callback_process_sync_call, no sync call in use
01-18 14:54:16.915 D/RPC     ( 1588): written RPC packet size: [28]
01-18 14:54:16.915 D/RPC     ( 1588): read RPC packet
01-18 14:54:16.915 D/RPC     ( 1588): read RPC packet size: [272]
01-18 14:54:16.915 V/locapi_rpc_glue( 1588): Callback received: 4 (cb_id=0x6340000 handle=1)
01-18 14:54:16.915 V/locapi_rpc_glue( 1588): +loc_api_callback_process_sync_call
01-18 14:54:16.915 V/locapi_rpc_glue( 1588): -loc_api_callback_process_sync_call, no sync call in use
01-18 14:54:16.915 D/RPC     ( 1588): written RPC packet size: [28]
01-18 14:54:16.925 D/RPC     ( 1588): read RPC packet
01-18 14:54:16.925 D/RPC     ( 1588): read RPC packet size: [176]
01-18 14:54:16.925 V/locapi_rpc_glue( 1588): Callback received: 2 (cb_id=0x6340000 handle=1)
01-18 14:54:16.925 V/locapi_rpc_glue( 1588): +loc_api_callback_process_sync_call
01-18 14:54:16.925 V/locapi_rpc_glue( 1588): -loc_api_callback_process_sync_call, no sync call in use
01-18 14:54:16.925 D/lib_locapi( 1588): loc_eng_report_sv: valid_mask = 0x30, num of sv = 2
01-18 14:54:16.925 D/GpsLocationProvider( 1588): reportSvStatus
01-18 14:54:16.925 V/GpsLocationProvider( 1588): SV count: 2 ephemerisMask: 10000000 almanacMask: 0
01-18 14:54:16.935 V/GpsLocationProvider( 1588): sv: 2 snr: 1.85 elev: 45.0 azimuth: 247.0    U
01-18 14:54:16.935 V/GpsLocationProvider( 1588): sv: 29 snr: 3.8200002 elev: 10.0 azimuth: 314.0 E  U
01-18 14:54:16.935 D/RPC     ( 1588): written RPC packet size: [28]
01-18 14:54:16.935 D/RPC     ( 1588): read RPC packet
01-18 14:54:16.935 D/RPC     ( 1588): read RPC packet size: [272]
01-18 14:54:16.935 V/locapi_rpc_glue( 1588): Callback received: 4 (cb_id=0x6340000 handle=1)
01-18 14:54:16.935 V/locapi_rpc_glue( 1588): +loc_api_callback_process_sync_call
01-18 14:54:16.935 V/locapi_rpc_glue( 1588): -loc_api_callback_process_sync_call, no sync call in use
01-18 14:54:16.945 D/RPC     ( 1588): written RPC packet size: [28]
01-18 14:54:16.945 D/RPC     ( 1588): read RPC packet
01-18 14:54:16.945 D/RPC     ( 1588): read RPC packet size: [272]
01-18 14:54:16.945 V/locapi_rpc_glue( 1588): Callback received: 4 (cb_id=0x6340000 handle=1)
01-18 14:54:16.945 V/locapi_rpc_glue( 1588): +loc_api_callback_process_sync_call
01-18 14:54:16.945 V/locapi_rpc_glue( 1588): -loc_api_callback_process_sync_call, no sync call in use
01-18 14:54:16.945 D/RPC     ( 1588): written RPC packet size: [28]
01-18 14:54:16.945 D/RPC     ( 1588): read RPC packet
01-18 14:54:16.945 D/RPC     ( 1588): read RPC packet size: [272]
01-18 14:54:16.955 V/locapi_rpc_glue( 1588): Callback received: 4 (cb_id=0x6340000 handle=1)
01-18 14:54:16.955 V/locapi_rpc_glue( 1588): +loc_api_callback_process_sync_call
01-18 14:54:16.955 V/locapi_rpc_glue( 1588): -loc_api_callback_process_sync_call, no sync call in use
01-18 14:54:16.955 D/RPC     ( 1588): written RPC packet size: [28]
01-18 14:54:16.955 D/RPC     ( 1588): read RPC packet
01-18 14:54:16.955 D/RPC     ( 1588): read RPC packet size: [272]
01-18 14:54:16.955 V/locapi_rpc_glue( 1588): Callback received: 4 (cb_id=0x6340000 handle=1)
01-18 14:54:16.955 V/locapi_rpc_glue( 1588): +loc_api_callback_process_sync_call
01-18 14:54:16.955 V/locapi_rpc_glue( 1588): -loc_api_callback_process_sync_call, no sync call in use
01-18 14:54:16.955 D/RPC     ( 1588): written RPC packet size: [28]
01-18 14:54:17.516 I/System.out( 2533): Values: 0.0 0.0
01-18 14:54:17.696 D/RPC     ( 1588): read RPC packet
01-18 14:54:17.696 D/RPC     ( 1588): read RPC packet size: [208]
01-18 14:54:17.696 V/locapi_rpc_glue( 1588): Callback received: 1 (cb_id=0x6340000 handle=1)
01-18 14:54:17.696 V/locapi_rpc_glue( 1588): +loc_api_callback_process_sync_call
01-18 14:54:17.696 V/locapi_rpc_glue( 1588): -loc_api_callback_process_sync_call, no sync call in use
01-18 14:54:17.696 D/lib_locapi( 1588): loc_eng_report_position: valid mask = 0x606d, sess status = 1
01-18 14:54:17.696 D/RPC     ( 1588): written RPC packet size: [28]
01-18 14:54:17.896 D/RPC     ( 1588): read RPC packet
01-18 14:54:17.896 D/RPC     ( 1588): read RPC packet size: [272]
01-18 14:54:17.896 V/locapi_rpc_glue( 1588): Callback received: 4 (cb_id=0x6340000 handle=1)
01-18 14:54:17.896 V/locapi_rpc_glue( 1588): +loc_api_callback_process_sync_call
01-18 14:54:17.896 V/locapi_rpc_glue( 1588): -loc_api_callback_process_sync_call, no sync call in use
01-18 14:54:17.896 D/RPC     ( 1588): written RPC packet size: [28]
01-18 14:54:17.906 D/RPC     ( 1588): read RPC packet
01-18 14:54:17.906 D/RPC     ( 1588): read RPC packet size: [272]
01-18 14:54:17.906 V/locapi_rpc_glue( 1588): Callback received: 4 (cb_id=0x6340000 handle=1)
01-18 14:54:17.906 V/locapi_rpc_glue( 1588): +loc_api_callback_process_sync_call
01-18 14:54:17.906 V/locapi_rpc_glue( 1588): -loc_api_callback_process_sync_call, no sync call in use
01-18 14:54:17.906 D/RPC     ( 1588): written RPC packet size: [28]
01-18 14:54:17.906 D/RPC     ( 1588): read RPC packet
01-18 14:54:17.916 D/RPC     ( 1588): read RPC packet size: [272]
01-18 14:54:17.916 V/locapi_rpc_glue( 1588): Callback received: 4 (cb_id=0x6340000 handle=1)
01-18 14:54:17.916 V/locapi_rpc_glue( 1588): +loc_api_callback_process_sync_call
01-18 14:54:17.916 V/locapi_rpc_glue( 1588): -loc_api_callback_process_sync_call, no sync call in use
01-18 14:54:17.916 D/RPC     ( 1588): written RPC packet size: [28]
01-18 14:54:17.916 D/RPC     ( 1588): read RPC packet
01-18 14:54:17.916 D/RPC     ( 1588): read RPC packet size: [272]
01-18 14:54:17.916 V/locapi_rpc_glue( 1588): Callback received: 4 (cb_id=0x6340000 handle=1)
01-18 14:54:17.916 V/locapi_rpc_glue( 1588): +loc_api_callback_process_sync_call
01-18 14:54:17.916 V/locapi_rpc_glue( 1588): -loc_api_callback_process_sync_call, no sync call in use
01-18 14:54:17.926 D/RPC     ( 1588): written RPC packet size: [28]
01-18 14:54:17.926 D/RPC     ( 1588): read RPC packet
01-18 14:54:17.926 D/RPC     ( 1588): read RPC packet size: [176]
01-18 14:54:17.926 V/locapi_rpc_glue( 1588): Callback received: 2 (cb_id=0x6340000 handle=1)
01-18 14:54:17.926 V/locapi_rpc_glue( 1588): +loc_api_callback_process_sync_call
01-18 14:54:17.926 V/locapi_rpc_glue( 1588): -loc_api_callback_process_sync_call, no sync call in use
01-18 14:54:17.926 D/lib_locapi( 1588): loc_eng_report_sv: valid_mask = 0x30, num of sv = 2
01-18 14:54:17.926 D/GpsLocationProvider( 1588): reportSvStatus
01-18 14:54:17.926 V/GpsLocationProvider( 1588): SV count: 2 ephemerisMask: 10000000 almanacMask: 0
01-18 14:54:17.936 V/GpsLocationProvider( 1588): sv: 2 snr: 1.79 elev: 45.0 azimuth: 247.0    U
01-18 14:54:17.936 V/GpsLocationProvider( 1588): sv: 29 snr: 3.81 elev: 11.0 azimuth: 316.0 E  U
01-18 14:54:17.936 D/RPC     ( 1588): written RPC packet size: [28]
01-18 14:54:17.936 D/RPC     ( 1588): read RPC packet
01-18 14:54:17.936 D/RPC     ( 1588): read RPC packet size: [272]
01-18 14:54:17.936 V/locapi_rpc_glue( 1588): Callback received: 4 (cb_id=0x6340000 handle=1)
01-18 14:54:17.936 V/locapi_rpc_glue( 1588): +loc_api_callback_process_sync_call
01-18 14:54:17.936 V/locapi_rpc_glue( 1588): -loc_api_callback_process_sync_call, no sync call in use
01-18 14:54:17.946 D/RPC     ( 1588): written RPC packet size: [28]
01-18 14:54:17.946 D/RPC     ( 1588): read RPC packet
01-18 14:54:17.946 D/RPC     ( 1588): read RPC packet size: [272]
01-18 14:54:17.946 V/locapi_rpc_glue( 1588): Callback received: 4 (cb_id=0x6340000 handle=1)
01-18 14:54:17.946 V/locapi_rpc_glue( 1588): +loc_api_callback_process_sync_call
01-18 14:54:17.946 V/locapi_rpc_glue( 1588): -loc_api_callback_process_sync_call, no sync call in use
01-18 14:54:17.946 D/RPC     ( 1588): written RPC packet size: [28]
01-18 14:54:17.946 D/RPC     ( 1588): read RPC packet
01-18 14:54:17.956 D/RPC     ( 1588): read RPC packet size: [272]
01-18 14:54:17.956 V/locapi_rpc_glue( 1588): Callback received: 4 (cb_id=0x6340000 handle=1)
01-18 14:54:17.956 V/locapi_rpc_glue( 1588): +loc_api_callback_process_sync_call
01-18 14:54:17.956 V/locapi_rpc_glue( 1588): -loc_api_callback_process_sync_call, no sync call in use
01-18 14:54:17.956 D/RPC     ( 1588): written RPC packet size: [28]
01-18 14:54:17.956 D/RPC     ( 1588): read RPC packet
01-18 14:54:17.956 D/RPC     ( 1588): read RPC packet size: [272]
01-18 14:54:17.956 V/locapi_rpc_glue( 1588): Callback received: 4 (cb_id=0x6340000 handle=1)
01-18 14:54:17.956 V/locapi_rpc_glue( 1588): +loc_api_callback_process_sync_call
01-18 14:54:17.956 V/locapi_rpc_glue( 1588): -loc_api_callback_process_sync_call, no sync call in use
01-18 14:54:17.966 D/RPC     ( 1588): written RPC packet size: [28]
01-18 14:54:18.527 I/System.out( 2533): Values: 0.0 0.0
01-18 14:54:18.697 D/RPC     ( 1588): read RPC packet
01-18 14:54:18.697 D/RPC     ( 1588): read RPC packet size: [208]
01-18 14:54:18.697 V/locapi_rpc_glue( 1588): Callback received: 1 (cb_id=0x6340000 handle=1)
01-18 14:54:18.697 V/locapi_rpc_glue( 1588): +loc_api_callback_process_sync_call
01-18 14:54:18.697 V/locapi_rpc_glue( 1588): -loc_api_callback_process_sync_call, no sync call in use
01-18 14:54:18.697 D/lib_locapi( 1588): loc_eng_report_position: valid mask = 0x606d, sess status = 1
01-18 14:54:18.697 D/RPC     ( 1588): written RPC packet size: [28]
01-18 14:54:18.897 D/RPC     ( 1588): read RPC packet
01-18 14:54:18.897 D/RPC     ( 1588): read RPC packet size: [272]
01-18 14:54:18.897 V/locapi_rpc_glue( 1588): Callback received: 4 (cb_id=0x6340000 handle=1)
01-18 14:54:18.897 V/locapi_rpc_glue( 1588): +loc_api_callback_process_sync_call
01-18 14:54:18.897 V/locapi_rpc_glue( 1588): -loc_api_callback_process_sync_call, no sync call in use
01-18 14:54:18.897 D/RPC     ( 1588): written RPC packet size: [28]
01-18 14:54:18.907 D/RPC     ( 1588): read RPC packet
01-18 14:54:18.907 D/RPC     ( 1588): read RPC packet size: [272]
01-18 14:54:18.907 V/locapi_rpc_glue( 1588): Callback received: 4 (cb_id=0x6340000 handle=1)
01-18 14:54:18.907 V/locapi_rpc_glue( 1588): +loc_api_callback_process_sync_call
01-18 14:54:18.907 V/locapi_rpc_glue( 1588): -loc_api_callback_process_sync_call, no sync call in use
01-18 14:54:18.907 D/RPC     ( 1588): written RPC packet size: [28]
01-18 14:54:18.907 D/RPC     ( 1588): read RPC packet
01-18 14:54:18.917 D/RPC     ( 1588): read RPC packet size: [272]
01-18 14:54:18.917 V/locapi_rpc_glue( 1588): Callback received: 4 (cb_id=0x6340000 handle=1)
01-18 14:54:18.917 V/locapi_rpc_glue( 1588): +loc_api_callback_process_sync_call
01-18 14:54:18.917 V/locapi_rpc_glue( 1588): -loc_api_callback_process_sync_call, no sync call in use
01-18 14:54:18.917 D/RPC     ( 1588): written RPC packet size: [28]
01-18 14:54:18.917 D/RPC     ( 1588): read RPC packet
01-18 14:54:18.917 D/RPC     ( 1588): read RPC packet size: [272]
01-18 14:54:18.917 V/locapi_rpc_glue( 1588): Callback received: 4 (cb_id=0x6340000 handle=1)
01-18 14:54:18.917 V/locapi_rpc_glue( 1588): +loc_api_callback_process_sync_call
01-18 14:54:18.917 V/locapi_rpc_glue( 1588): -loc_api_callback_process_sync_call, no sync call in use
01-18 14:54:18.927 D/RPC     ( 1588): written RPC packet size: [28]
01-18 14:54:18.927 D/RPC     ( 1588): read RPC packet
01-18 14:54:18.927 D/RPC     ( 1588): read RPC packet size: [176]
01-18 14:54:18.927 V/locapi_rpc_glue( 1588): Callback received: 2 (cb_id=0x6340000 handle=1)
01-18 14:54:18.927 V/locapi_rpc_glue( 1588): +loc_api_callback_process_sync_call
01-18 14:54:18.927 V/locapi_rpc_glue( 1588): -loc_api_callback_process_sync_call, no sync call in use
01-18 14:54:18.927 D/lib_locapi( 1588): loc_eng_report_sv: valid_mask = 0x30, num of sv = 2
01-18 14:54:18.927 D/GpsLocationProvider( 1588): reportSvStatus
01-18 14:54:18.927 V/GpsLocationProvider( 1588): SV count: 2 ephemerisMask: 10000000 almanacMask: 0
01-18 14:54:18.927 V/GpsLocationProvider( 1588): sv: 2 snr: 1.79 elev: 45.0 azimuth: 247.0    U
01-18 14:54:18.927 V/GpsLocationProvider( 1588): sv: 29 snr: 3.8200002 elev: 11.0 azimuth: 316.0 E  U
01-18 14:54:18.937 D/RPC     ( 1588): written RPC packet size: [28]
01-18 14:54:18.937 D/RPC     ( 1588): read RPC packet
01-18 14:54:18.937 D/RPC     ( 1588): read RPC packet size: [272]
01-18 14:54:18.937 V/locapi_rpc_glue( 1588): Callback received: 4 (cb_id=0x6340000 handle=1)
01-18 14:54:18.937 V/locapi_rpc_glue( 1588): +loc_api_callback_process_sync_call
01-18 14:54:18.937 V/locapi_rpc_glue( 1588): -loc_api_callback_process_sync_call, no sync call in use
01-18 14:54:18.937 D/RPC     ( 1588): written RPC packet size: [28]
01-18 14:54:18.947 D/RPC     ( 1588): read RPC packet
01-18 14:54:18.947 D/RPC     ( 1588): read RPC packet size: [272]
01-18 14:54:18.947 V/locapi_rpc_glue( 1588): Callback received: 4 (cb_id=0x6340000 handle=1)
01-18 14:54:18.947 V/locapi_rpc_glue( 1588): +loc_api_callback_process_sync_call
01-18 14:54:18.947 V/locapi_rpc_glue( 1588): -loc_api_callback_process_sync_call, no sync call in use
01-18 14:54:18.947 D/RPC     ( 1588): written RPC packet size: [28]
01-18 14:54:18.947 D/RPC     ( 1588): read RPC packet
01-18 14:54:18.957 D/RPC     ( 1588): read RPC packet size: [272]
01-18 14:54:18.957 V/locapi_rpc_glue( 1588): Callback received: 4 (cb_id=0x6340000 handle=1)
01-18 14:54:18.957 V/locapi_rpc_glue( 1588): +loc_api_callback_process_sync_call
01-18 14:54:18.957 V/locapi_rpc_glue( 1588): -loc_api_callback_process_sync_call, no sync call in use
01-18 14:54:18.957 D/RPC     ( 1588): written RPC packet size: [28]
01-18 14:54:18.957 D/RPC     ( 1588): read RPC packet
01-18 14:54:18.957 D/RPC     ( 1588): read RPC packet size: [272]
01-18 14:54:18.957 V/locapi_rpc_glue( 1588): Callback received: 4 (cb_id=0x6340000 handle=1)
01-18 14:54:18.957 V/locapi_rpc_glue( 1588): +loc_api_callback_process_sync_call
01-18 14:54:18.957 V/locapi_rpc_glue( 1588): -loc_api_callback_process_sync_call, no sync call in use
01-18 14:54:18.967 D/RPC     ( 1588): written RPC packet size: [28]
01-18 14:54:19.528 I/System.out( 2533): Values: 0.0 0.0
01-18 14:54:19.698 D/RPC     ( 1588): read RPC packet
01-18 14:54:19.698 D/RPC     ( 1588): read RPC packet size: [208]
01-18 14:54:19.698 V/locapi_rpc_glue( 1588): Callback received: 1 (cb_id=0x6340000 handle=1)
01-18 14:54:19.698 V/locapi_rpc_glue( 1588): +loc_api_callback_process_sync_call
01-18 14:54:19.698 V/locapi_rpc_glue( 1588): -loc_api_callback_process_sync_call, no sync call in use
01-18 14:54:19.698 D/lib_locapi( 1588): loc_eng_report_position: valid mask = 0x606d, sess status = 1
01-18 14:54:19.698 D/RPC     ( 1588): written RPC packet size: [28]
01-18 14:54:19.898 D/RPC     ( 1588): read RPC packet
01-18 14:54:19.898 D/RPC     ( 1588): read RPC packet size: [272]
01-18 14:54:19.898 V/locapi_rpc_glue( 1588): Callback received: 4 (cb_id=0x6340000 handle=1)
01-18 14:54:19.898 V/locapi_rpc_glue( 1588): +loc_api_callback_process_sync_call
01-18 14:54:19.898 V/locapi_rpc_glue( 1588): -loc_api_callback_process_sync_call, no sync call in use
01-18 14:54:19.898 D/RPC     ( 1588): written RPC packet size: [28]
01-18 14:54:19.908 D/RPC     ( 1588): read RPC packet
01-18 14:54:19.908 D/RPC     ( 1588): read RPC packet size: [272]
01-18 14:54:19.908 V/locapi_rpc_glue( 1588): Callback received: 4 (cb_id=0x6340000 handle=1)
01-18 14:54:19.908 V/locapi_rpc_glue( 1588): +loc_api_callback_process_sync_call
01-18 14:54:19.908 V/locapi_rpc_glue( 1588): -loc_api_callback_process_sync_call, no sync call in use
01-18 14:54:19.908 D/RPC     ( 1588): written RPC packet size: [28]
01-18 14:54:19.908 D/RPC     ( 1588): read RPC packet
01-18 14:54:19.918 D/RPC     ( 1588): read RPC packet size: [272]
01-18 14:54:19.918 V/locapi_rpc_glue( 1588): Callback received: 4 (cb_id=0x6340000 handle=1)
01-18 14:54:19.918 V/locapi_rpc_glue( 1588): +loc_api_callback_process_sync_call
01-18 14:54:19.918 V/locapi_rpc_glue( 1588): -loc_api_callback_process_sync_call, no sync call in use
01-18 14:54:19.918 D/RPC     ( 1588): written RPC packet size: [28]
01-18 14:54:19.918 D/RPC     ( 1588): read RPC packet
01-18 14:54:19.918 D/RPC     ( 1588): read RPC packet size: [272]
01-18 14:54:19.918 V/locapi_rpc_glue( 1588): Callback received: 4 (cb_id=0x6340000 handle=1)
01-18 14:54:19.918 V/locapi_rpc_glue( 1588): +loc_api_callback_process_sync_call
01-18 14:54:19.928 V/locapi_rpc_glue( 1588): -loc_api_callback_process_sync_call, no sync call in use
01-18 14:54:19.928 D/RPC     ( 1588): written RPC packet size: [28]
01-18 14:54:19.928 D/RPC     ( 1588): read RPC packet
01-18 14:54:19.928 D/RPC     ( 1588): read RPC packet size: [176]
01-18 14:54:19.928 V/locapi_rpc_glue( 1588): Callback received: 2 (cb_id=0x6340000 handle=1)
01-18 14:54:19.928 V/locapi_rpc_glue( 1588): +loc_api_callback_process_sync_call
01-18 14:54:19.928 V/locapi_rpc_glue( 1588): -loc_api_callback_process_sync_call, no sync call in use
01-18 14:54:19.928 D/lib_locapi( 1588): loc_eng_report_sv: valid_mask = 0x30, num of sv = 2
01-18 14:54:19.928 D/GpsLocationProvider( 1588): reportSvStatus
01-18 14:54:19.928 V/GpsLocationProvider( 1588): SV count: 2 ephemerisMask: 10000000 almanacMask: 0
01-18 14:54:19.938 V/GpsLocationProvider( 1588): sv: 2 snr: 1.79 elev: 45.0 azimuth: 247.0    U
01-18 14:54:19.938 V/GpsLocationProvider( 1588): sv: 29 snr: 3.81 elev: 11.0 azimuth: 316.0 E  U
01-18 14:54:19.938 D/RPC     ( 1588): written RPC packet size: [28]
01-18 14:54:19.948 D/RPC     ( 1588): read RPC packet
01-18 14:54:19.948 D/RPC     ( 1588): read RPC packet size: [272]
01-18 14:54:19.948 V/locapi_rpc_glue( 1588): Callback received: 4 (cb_id=0x6340000 handle=1)
01-18 14:54:19.948 V/locapi_rpc_glue( 1588): +loc_api_callback_process_sync_call
01-18 14:54:19.948 V/locapi_rpc_glue( 1588): -loc_api_callback_process_sync_call, no sync call in use
01-18 14:54:19.948 D/RPC     ( 1588): written RPC packet size: [28]
01-18 14:54:19.948 D/RPC     ( 1588): read RPC packet
01-18 14:54:19.948 D/RPC     ( 1588): read RPC packet size: [272]
01-18 14:54:19.958 V/locapi_rpc_glue( 1588): Callback received: 4 (cb_id=0x6340000 handle=1)
01-18 14:54:19.958 V/locapi_rpc_glue( 1588): +loc_api_callback_process_sync_call
01-18 14:54:19.958 V/locapi_rpc_glue( 1588): -loc_api_callback_process_sync_call, no sync call in use
01-18 14:54:19.958 D/RPC     ( 1588): written RPC packet size: [28]
01-18 14:54:19.958 D/RPC     ( 1588): read RPC packet
01-18 14:54:19.958 D/RPC     ( 1588): read RPC packet size: [272]
01-18 14:54:19.958 V/locapi_rpc_glue( 1588): Callback received: 4 (cb_id=0x6340000 handle=1)
01-18 14:54:19.958 V/locapi_rpc_glue( 1588): +loc_api_callback_process_sync_call
01-18 14:54:19.958 V/locapi_rpc_glue( 1588): -loc_api_callback_process_sync_call, no sync call in use
01-18 14:54:19.968 D/RPC     ( 1588): written RPC packet size: [28]
01-18 14:54:19.968 D/RPC     ( 1588): read RPC packet
01-18 14:54:19.968 D/RPC     ( 1588): read RPC packet size: [272]
01-18 14:54:19.968 V/locapi_rpc_glue( 1588): Callback received: 4 (cb_id=0x6340000 handle=1)
01-18 14:54:19.968 V/locapi_rpc_glue( 1588): +loc_api_callback_process_sync_call
01-18 14:54:19.968 V/locapi_rpc_glue( 1588): -loc_api_callback_process_sync_call, no sync call in use
01-18 14:54:19.968 D/RPC     ( 1588): written RPC packet size: [28]
01-18 14:54:20.529 I/System.out( 2533): Values: 0.0 0.0
01-18 14:54:20.699 D/RPC     ( 1588): read RPC packet
01-18 14:54:20.699 D/RPC     ( 1588): read RPC packet size: [208]
01-18 14:54:20.699 V/locapi_rpc_glue( 1588): Callback received: 1 (cb_id=0x6340000 handle=1)
01-18 14:54:20.699 V/locapi_rpc_glue( 1588): +loc_api_callback_process_sync_call
01-18 14:54:20.699 V/locapi_rpc_glue( 1588): -loc_api_callback_process_sync_call, no sync call in use
01-18 14:54:20.699 D/lib_locapi( 1588): loc_eng_report_position: valid mask = 0x606d, sess status = 1
01-18 14:54:20.699 D/RPC     ( 1588): written RPC packet size: [28]
01-18 14:54:20.899 D/RPC     ( 1588): read RPC packet
01-18 14:54:20.899 D/RPC     ( 1588): read RPC packet size: [272]
01-18 14:54:20.899 V/locapi_rpc_glue( 1588): Callback received: 4 (cb_id=0x6340000 handle=1)
01-18 14:54:20.899 V/locapi_rpc_glue( 1588): +loc_api_callback_process_sync_call
01-18 14:54:20.899 V/locapi_rpc_glue( 1588): -loc_api_callback_process_sync_call, no sync call in use
01-18 14:54:20.899 D/RPC     ( 1588): written RPC packet size: [28]
01-18 14:54:20.909 D/RPC     ( 1588): read RPC packet
01-18 14:54:20.909 D/RPC     ( 1588): read RPC packet size: [272]
01-18 14:54:20.909 V/locapi_rpc_glue( 1588): Callback received: 4 (cb_id=0x6340000 handle=1)
01-18 14:54:20.909 V/locapi_rpc_glue( 1588): +loc_api_callback_process_sync_call
01-18 14:54:20.909 V/locapi_rpc_glue( 1588): -loc_api_callback_process_sync_call, no sync call in use
01-18 14:54:20.909 D/RPC     ( 1588): written RPC packet size: [28]
01-18 14:54:20.909 D/RPC     ( 1588): read RPC packet
01-18 14:54:20.919 D/RPC     ( 1588): read RPC packet size: [272]
01-18 14:54:20.919 V/locapi_rpc_glue( 1588): Callback received: 4 (cb_id=0x6340000 handle=1)
01-18 14:54:20.919 V/locapi_rpc_glue( 1588): +loc_api_callback_process_sync_call
01-18 14:54:20.919 V/locapi_rpc_glue( 1588): -loc_api_callback_process_sync_call, no sync call in use
01-18 14:54:20.919 D/RPC     ( 1588): written RPC packet size: [28]
01-18 14:54:20.919 D/RPC     ( 1588): read RPC packet
01-18 14:54:20.919 D/RPC     ( 1588): read RPC packet size: [272]
