--------- beginning of /dev/log/main
01-18 14:53:15.695 I/ContactDirectoryManager( 1677): deleted 0 stale rows which don't have any relevant directory
01-18 14:53:15.956 I/RegisterService( 2076): Notify Carousel that a new TabPlugin has been installed!
01-18 14:53:16.096 I/ContactDirectoryManager( 1677): Discovered 0 contact directories in 110ms
01-18 14:53:16.116 D/JNI_drmEngine( 2282): Entering JNI_OnLoad
01-18 14:53:16.176 D/MediaScannerService( 1770): getDefaultLocale =en_GB
01-18 14:53:16.176 D/MediaScannerService( 1770): [MediaScannerService][scan]+external,/mnt/sdcard
01-18 14:53:16.176 V/JNI_drmEngine( 2282): adobeDRMservice initial
01-18 14:53:16.196 D/SqliteDatabaseCpp( 1770): dbopen(): path = /data/data/com.android.providers.media/databases , key = eptevjYl, flag = 6, file size = 64512
01-18 14:53:16.216 D/JNI_drmEngine( 2282): Leaving JNI_OnLoad (result=0x10006)
01-18 14:53:16.216 D/SqliteDatabaseCpp( 1770): dbopen(): path = /data/data/com.android.providers.media/databases , key = eptevjYl, mode: wal, disk free size: 7854 M, handle: 0x282098
01-18 14:53:16.216 D/JNI_drmEngine( 2282): JVM_Obj_Initialize (0x15dbb8)
01-18 14:53:16.216 V/drmEngine( 2282): createContentRecord: /mnt/sdcard
01-18 14:53:16.226 V/drmEngine( 2282): listFiles++++++++++++
01-18 14:53:16.486 V/drmEngine( 2282): listFile---------------
01-18 14:53:16.536 V/drmEngine( 2282): There is no item in folder
01-18 14:53:16.536 V/drmEngine( 2282): Done with #1, latest: 1
01-18 14:53:16.536 V/drmEngine( 2282): onDestroy()
01-18 14:53:16.536 V/drmEngine( 2282): doDeleteDownloading+
01-18 14:53:16.586 I/HtcLaputaInstaller( 2203): HLIService::CheckReferenceAndStopSelf()
01-18 14:53:16.596 I/HtcLaputaInstaller( 2203): HLIService::onDestroy()
01-18 14:53:16.616 D/MediaScanner( 1770): opendir /mnt/sdcard/.android_secure/ failed, errno: 13
01-18 14:53:16.616 E/MediaScanner( 1770): Error processing '/mnt/sdcard/.android_secure/' - skipping
01-18 14:53:16.616 D/dalvikvm( 1788): GC_EXPLICIT freed 85K, 7% free 6854K/7367K, paused 1ms+55ms
01-18 14:53:16.626 I/RegisterService( 2076): Notify Carousel that a new TabPlugin has been installed!
01-18 14:53:16.626 I/EReader ( 2408): query:content://com.htc.provider.ereader/tmp_books
01-18 14:53:16.626 I/EReader ( 2408): TMPBOOK_ALLROWS
01-18 14:53:16.656 D/PhoneApp( 1676): ACTION_CONTACTS_DB_READY
01-18 14:53:16.656 E/CallNotifier( 1676): bindDialerService
01-18 14:53:16.656 E/CallNotifier( 1676): DialerService connected !
01-18 14:53:16.696 D/NotifyDialerScheduler( 1677): ACTION_CONTACTS_DB_READY
01-18 14:53:16.716 D/NotifyDialerScheduler( 1677): DialerService connected !
01-18 14:53:16.746 D/dalvikvm( 2076): GC_CONCURRENT freed 363K, 8% free 6532K/7047K, paused 2ms+12ms
01-18 14:53:16.756 D/NOTE    ( 1677): setLoginIdForSNAcoount: 13:14:15:16
01-18 14:53:16.766 V/drmEngine( 2282): doDeleteDownloading-
01-18 14:53:16.896 V/HtcContactsProvider2( 1677): *************mergeContactWhenProviderBegin
01-18 14:53:16.967 D/dalvikvm( 1677): GC_CONCURRENT freed 589K, 9% free 7781K/8519K, paused 2ms+20ms
01-18 14:53:17.017 W/ContactAggregator( 1677): No more aggregation requests
01-18 14:53:17.267 V/MediaScanner( 1770): pruneDeadThumbnailFiles... android.database.sqlite.SQLiteCursor@407b1fe8
01-18 14:53:17.277 V/MediaScanner( 1770): /pruneDeadThumbnailFiles... android.database.sqlite.SQLiteCursor@407b1fe8
01-18 14:53:17.287 D/MediaScanner( 1770):  prescan time: 186ms
01-18 14:53:17.287 D/MediaScanner( 1770):     scan time: 876ms
01-18 14:53:17.287 D/MediaScanner( 1770): postscan time: 41ms
01-18 14:53:17.287 D/MediaScanner( 1770):    total time: 1103ms
01-18 14:53:17.287 D/MediaScannerService( 1770): [MediaScannerService][scan]-
01-18 14:53:17.437 I/FxListViewCollection( 1696): FxListViewCollection is created with handle 18501216
01-18 14:53:17.547 D/MediaScannerService( 1770): Failed to delete file /data/data/com.android.providers.media/pause_scan
01-18 14:53:17.567 D/SqliteDatabaseCpp( 2434): dbopen(): path = /data/data/com.htc.musicenhancer/databases , key = muwag-eptevjYl-4Y2()4ee, flag = 6, file size = 6144
01-18 14:53:17.567 D/SqliteDatabaseCpp( 2434): dbopen(): path = /data/data/com.htc.musicenhancer/databases , key = muwag-eptevjYl-4Y2()4ee, mode: delete, disk free size: 7854 M, handle: 0xca250
01-18 14:53:17.667 W/System.err( 2434): java.io.FileNotFoundException: /mnt/sdcard/.htcmusthumbs/com.htc.music.providers.albumarts/music-external-4a6014ee.db (No such file or directory)
01-18 14:53:17.667 W/System.err( 2434): 	at org.apache.harmony.luni.platform.OSFileSystem.open(Native Method)
01-18 14:53:17.667 W/System.err( 2434): 	at dalvik.system.BlockGuard$WrappedFileSystem.open(BlockGuard.java:239)
01-18 14:53:17.667 W/System.err( 2434): 	at java.io.FileOutputStream.<init>(FileOutputStream.java:101)
01-18 14:53:17.667 W/System.err( 2434): 	at java.io.FileOutputStream.<init>(FileOutputStream.java:77)
01-18 14:53:17.667 W/System.err( 2434): 	at com.htc.musicenhancer.EnhancerService$NonUiHandler.backupDatabase(EnhancerService.java:1757)
01-18 14:53:17.667 W/System.err( 2434): 	at com.htc.musicenhancer.EnhancerService$NonUiHandler.handleMessage(EnhancerService.java:1556)
01-18 14:53:17.667 W/System.err( 2434): 	at android.os.Handler.dispatchMessage(Handler.java:99)
01-18 14:53:17.677 W/System.err( 2434): 	at android.os.Looper.loop(Looper.java:152)
01-18 14:53:17.677 W/System.err( 2434): 	at android.os.HandlerThread.run(HandlerThread.java:60)
01-18 14:53:17.677 E/HtcMusicEnhancer( 2434): [EnhancerService]getChannel: /mnt/sdcard/.htcmusthumbs/com.htc.music.providers.albumarts/music-external-4a6014ee.db (No such file or directory)
01-18 14:53:18.918 D/PenUtils( 2099): getAllPen() start 0
01-18 14:53:19.039 D/dalvikvm( 2099): GC_CONCURRENT freed 451K, 8% free 6630K/7175K, paused 2ms+1ms
01-18 14:53:19.059 I/SimplePen( 2099): created render with defaul alpha: 180, color: -1275068161, width: 3.0
01-18 14:53:19.059 D/PenUtils( 2099): getAllPen() end 80
01-18 14:53:19.609 D/dalvikvm( 2099): GC_CONCURRENT freed 423K, 8% free 6614K/7175K, paused 1ms+12ms
01-18 14:53:22.152 D/AndroidRuntime( 2458): 
01-18 14:53:22.152 D/AndroidRuntime( 2458): >>>>>> AndroidRuntime START com.android.internal.os.RuntimeInit <<<<<<
01-18 14:53:22.152 D/AndroidRuntime( 2458): CheckJNI is OFF
01-18 14:53:22.242 D/CursorWindowStats( 2458): Get CursorWindow size from framework resource:4194304
01-18 14:53:22.292 D/AndroidRuntime( 2458): Calling main entry com.android.commands.pm.Pm
--------- beginning of /dev/log/system
01-18 14:53:22.292 I/ActivityManager( 1588): Start proc com.android.defcontainer for service com.android.defcontainer/.DefaultContainerService: pid=2466 uid=10087 gids={1015, 2001}
01-18 14:53:22.362 D/dalvikvm( 2466): GC_EXPLICIT freed 38K, 5% free 6458K/6787K, paused 1ms+1ms
01-18 14:53:22.652 W/ActivityManager( 1588): No content provider found for: 
01-18 14:53:22.662 W/ActivityManager( 1588): No content provider found for: 
01-18 14:53:22.662 D/PackageParser( 1588): Scanning package: /data/app/vmdl324435049.tmp
01-18 14:53:22.732 I/PackageManager( 1588): Removing non-system package:uk.ac.st_andrews.cs.host.mk74.energymeasurement.gps
01-18 14:53:22.732 I/ActivityManager( 1588): Force stopping package uk.ac.st_andrews.cs.host.mk74.energymeasurement.gps uid=10111
01-18 14:53:22.982 D/PackageManager( 1588): Scanning package uk.ac.st_andrews.cs.host.mk74.energymeasurement.gps
01-18 14:53:22.982 I/PackageManager( 1588): Package uk.ac.st_andrews.cs.host.mk74.energymeasurement.gps codePath changed from /data/app/uk.ac.st_andrews.cs.host.mk74.energymeasurement.gps-1.apk to /data/app/uk.ac.st_andrews.cs.host.mk74.energymeasurement.gps-2.apk; Retaining data and using new
01-18 14:53:22.992 I/PackageManager( 1588): Unpacking native libraries for /data/app/uk.ac.st_andrews.cs.host.mk74.energymeasurement.gps-2.apk
01-18 14:53:23.233 D/dalvikvm( 2474): DexOpt: load 38ms, verify+opt 148ms
01-18 14:53:23.393 I/ActivityManager( 1588): Force stopping package uk.ac.st_andrews.cs.host.mk74.energymeasurement.gps uid=10111
01-18 14:53:23.403 W/PackageManager( 1588): Code path for pkg : uk.ac.st_andrews.cs.host.mk74.energymeasurement.gps changing from /data/app/uk.ac.st_andrews.cs.host.mk74.energymeasurement.gps-1.apk to /data/app/uk.ac.st_andrews.cs.host.mk74.energymeasurement.gps-2.apk
01-18 14:53:23.403 D/PackageManager( 1588):   Activities: uk.ac.st_andrews.cs.host.mk74.energymeasurement.gps.MainActivity
01-18 14:53:23.403 W/PackageManager( 1588): Resource path for pkg : uk.ac.st_andrews.cs.host.mk74.energymeasurement.gps changing from /data/app/uk.ac.st_andrews.cs.host.mk74.energymeasurement.gps-1.apk to /data/app/uk.ac.st_andrews.cs.host.mk74.energymeasurement.gps-2.apk
01-18 14:53:23.563 D/PackageManager( 1588): [embedded] New package installed in /data/app/uk.ac.st_andrews.cs.host.mk74.energymeasurement.gps-2.apk
01-18 14:53:23.673 D/dalvikvm( 1588): GC_CONCURRENT freed 1893K, 12% free 15877K/17927K, paused 2ms+3ms
01-18 14:53:23.923 I/ActivityManager( 1588): Force stopping package uk.ac.st_andrews.cs.host.mk74.energymeasurement.gps uid=10111
01-18 14:53:24.033 D/dalvikvm( 1696): GC_EXPLICIT freed 190K, 15% free 11879K/13831K, paused 2ms+3ms
01-18 14:53:24.043 D/dalvikvm( 1677): GC_EXPLICIT freed 37K, 9% free 7763K/8519K, paused 9ms+3ms
01-18 14:53:24.073 D/Launcher.Model( 1696): onReceive intent=Intent { act=android.intent.action.PACKAGE_REMOVED dat=package:uk.ac.st_andrews.cs.host.mk74.energymeasurement.gps flg=0x10000010 (has extras) }
01-18 14:53:24.073 D/PhoneApp( 1676): -- PackageChangeBroadcastReceiver  action = android.intent.action.PACKAGE_REMOVED
01-18 14:53:24.083 D/SM:PackageReceiver( 2005): package removed: package:uk.ac.st_andrews.cs.host.mk74.energymeasurement.gps
01-18 14:53:24.124 D/PackageManager( 1588): generateServicesMap(android.accounts.AccountAuthenticator): 13 services unchanged
01-18 14:53:24.154 D/WidgetScanner( 1696): onReceive: Intent { act=android.intent.action.PACKAGE_REMOVED dat=package:uk.ac.st_andrews.cs.host.mk74.energymeasurement.gps flg=0x10000010 cmp=com.htc.launcher/.widget.WidgetScannerTrigger (has extras) }
01-18 14:53:24.154 D/Launcher.Model( 2075): onReceive intent=Intent { act=android.intent.action.PACKAGE_REMOVED dat=package:uk.ac.st_andrews.cs.host.mk74.energymeasurement.gps flg=0x10000010 (has extras) }
01-18 14:53:24.164 D/PackageManager( 1588): generateServicesMap(android.content.SyncAdapter): 21 services unchanged
01-18 14:53:24.184 I/ActivityManager( 1588): Start proc com.htc.cs for broadcast com.htc.cs/.plugin.PluginRegisterReceiver: pid=2476 uid=10041 gids={3003, 1015}
01-18 14:53:24.214 I/RegisterService( 2076): android.intent.action.PACKAGE_REMOVED package:uk.ac.st_andrews.cs.host.mk74.energymeasurement.gps
01-18 14:53:24.214 I/ActivityThread( 2476): Pub com.htc.connectedservice.csprovider: com.htc.cs.provider.ConnectedServiceProvider
01-18 14:53:24.224 I/ActivityThread( 2476): Pub com.htc.cs.dashboard: com.htc.cs.sync.dashboard.DashboardProvider
01-18 14:53:24.224 D/vicky   ( 2476): vicky received: android.intent.action.PACKAGE_REMOVED
01-18 14:53:24.224 I/ActivityManager( 1588): Start proc com.google.android.apps.maps for broadcast com.google.android.apps.maps/com.google.android.location.internal.NlpPackageUpdateReceiver: pid=2485 uid=10046 gids={3003, 1015}
01-18 14:53:24.304 D/WidgetScanner( 2075): onReceiveInternal: Intent { act=android.intent.action.PACKAGE_REMOVED dat=package:uk.ac.st_andrews.cs.host.mk74.energymeasurement.gps flg=0x10000010 cmp=com.htc.launcher/.widget.WidgetScannerService (has extras) }
01-18 14:53:24.314 D/HtcWidgetScanner( 2075): onPackageRemoved: uk.ac.st_andrews.cs.host.mk74.energymeasurement.gps
01-18 14:53:24.324 D/Launcher.Model( 1696): onReceive intent=Intent { act=android.intent.action.PACKAGE_ADDED dat=package:uk.ac.st_andrews.cs.host.mk74.energymeasurement.gps flg=0x10000010 (has extras) }
01-18 14:53:24.324 D/Launcher.Model( 1696): mAllAppsList.updatePackage uk.ac.st_andrews.cs.host.mk74.energymeasurement.gps
01-18 14:53:24.344 D/PackageManager( 1588): generateServicesMap(android.accounts.AccountAuthenticator): 13 services unchanged
01-18 14:53:24.354 D/PhoneApp( 1676): -- PackageChangeBroadcastReceiver  action = android.intent.action.PACKAGE_ADDED
01-18 14:53:24.354 D/PackageManager( 1588): generateServicesMap(android.content.SyncAdapter): 21 services unchanged
01-18 14:53:24.394 D/dalvikvm( 2485): GC_CONCURRENT freed 153K, 4% free 6805K/7047K, paused 1ms+11ms
01-18 14:53:24.454 D/Launcher.Model( 2075): onReceive intent=Intent { act=android.intent.action.PACKAGE_ADDED dat=package:uk.ac.st_andrews.cs.host.mk74.energymeasurement.gps flg=0x10000010 (has extras) }
01-18 14:53:24.544 D/Launcher.Model( 2075): mAllAppsList.updatePackage uk.ac.st_andrews.cs.host.mk74.energymeasurement.gps
01-18 14:53:24.624 I/ActivityThread( 2485): Pub com.google.android.maps.SearchHistoryProvider: com.google.googlenav.provider.SearchHistoryProvider
01-18 14:53:24.634 D/dalvikvm( 2485): GC_CONCURRENT freed 137K, 4% free 7151K/7431K, paused 1ms+19ms
01-18 14:53:24.654 I/ActivityThread( 2485): Pub com.google.android.maps.LayerInfoProvider: com.google.googlenav.layer.LayerInfoProvider
01-18 14:53:24.664 D/SqliteDatabaseCpp( 2485): dbopen(): path = /data/data/com.google.android.apps.maps/databases , key = LYqevA, flag = 6, file size = 5120
01-18 14:53:24.664 D/CombinedWidgetProvider( 1696): +addAppWidget
01-18 14:53:24.664 D/CombinedWidgetProvider( 1696): addAppWidget: WidgetSummary(YouTube/APP_WIDGET/[I@40ba80c8 x [I@40ba80e8/-1/ComponentInfo{com.google.android.youtube/com.google.android.youtube.app.honeycomb.widget.WidgetProvider}/[I@40ba8108)
01-18 14:53:24.664 D/CombinedWidgetProvider( 1696): addAppWidget: WidgetSummary(Twitter (large)/APP_WIDGET/[I@40ba83a8 x [I@40ba83c8/-1/ComponentInfo{com.twitter.android/com.twitter.android.client.WidgetLargeProvider}/[I@40ba83e8)
01-18 14:53:24.664 D/CombinedWidgetProvider( 1696): addAppWidget: WidgetSummary(Twitter (small)/APP_WIDGET/[I@40ba86d8 x [I@40ba86f8/-1/ComponentInfo{com.twitter.android/com.twitter.android.client.WidgetSmallProvider}/[I@40ba8718)
01-18 14:53:24.664 D/CombinedWidgetProvider( 1696): addAppWidget: WidgetSummary(Traffic/APP_WIDGET/[I@40ba8a08 x [I@40ba8a28/-1/ComponentInfo{com.google.android.apps.maps/com.google.googlenav.appwidget.traffic.TrafficAppWidget}/[I@40ba8a48)
01-18 14:53:24.674 D/CombinedWidgetProvider( 1696): addAppWidget: WidgetSummary(Latitude/APP_WIDGET/[I@40ba8ce8 x [I@40ba8d08/-1/ComponentInfo{com.google.android.apps.maps/com.google.googlenav.appwidget.friends.FriendsAppWidgetProvider}/[I@40ba8d28)
01-18 14:53:24.674 D/CombinedWidgetProvider( 1696): addAppWidget: WidgetSummary(Market/APP_WIDGET/[I@40ba8fc8 x [I@40ba8fe8/-1/ComponentInfo{com.android.vending/com.android.vending.MarketWidgetProvider}/[I@40ba9008)
01-18 14:53:24.674 D/CombinedWidgetProvider( 1696): addAppWidget: WidgetSummary(Google Search/APP_WIDGET/[I@40ba92a8 x [I@40ba92c8/-1/ComponentInfo{com.google.android.googlequicksearchbox/com.google.android.googlequicksearchbox.SearchWidgetProvider}/[I@40ba92e8)
01-18 14:53:24.674 D/CombinedWidgetProvider( 1696): addAppWidget: WidgetSummary(Gmail/APP_WIDGET/[I@40ba96f0 x [I@40ba9710/-1/ComponentInfo{com.google.android.gm/com.google.android.gm.widget.GmailWidgetProvider}/[I@40ba9730)
01-18 14:53:24.674 D/CombinedWidgetProvider( 1696): addAppWidget: WidgetSummary(Bookmarks/APP_WIDGET/[I@40ba9ca0 x [I@40ba9cc0/-1/ComponentInfo{com.android.browser/com.android.browser.widget.BookmarkThumbnailWidgetProvider}/[I@40ba9ce0)
01-18 14:53:24.674 D/CombinedWidgetProvider( 1696): -addAppWidget
01-18 14:53:24.674 D/CombinedWidgetProvider( 1696): +addHtcWidgets, cat: -1
01-18 14:53:24.674 D/SqliteDatabaseCpp( 2485): dbopen(): path = /data/data/com.google.android.apps.maps/databases , key = LYqevA, mode: delete, disk free size: 7853 M, handle: 0x15e828
01-18 14:53:24.674 D/CombinedWidgetProvider( 1696):  uri: content://com.htc.launcher.widget.htcwidget/htcwidgets?widget_only=true
01-18 14:53:24.684 D/HtcWidgetProvider( 1696): row 1
01-18 14:53:24.694 D/CombinedWidgetProvider( 1696): addHtcWidget: WidgetSummary(Tips for Home/HTC_WIDGET/[I@40bacbc0 x [I@40bacbe0/1101/ComponentInfo{com.htc.rosiewidgets.tip/com.htc.rosiewidgets.tip.TipWidgetItem}/[I@40bacc00)
01-18 14:53:24.694 D/CombinedWidgetProvider( 1696): -addHtcWidgets
01-18 14:53:24.694 D/CombinedWidgetProvider( 1696): +addFxWidgets , provider: null
01-18 14:53:24.694 D/FxWidgetProviderInfoCollector( 1696): getAllStyles + [Ljava.lang.String;@406d1dc8 @ 
01-18 14:53:24.704 D/FxWidgetProvider( 1696): row 94
01-18 14:53:24.714 I/ActivityThread( 2485): Pub com.google.android.maps.TrafficAppWidgetProvider: com.google.googlenav.appwidget.traffic.TrafficAppWidgetProvider
01-18 14:53:24.714 I/ActivityThread( 2485): Pub com.google.android.maps.SuggestionProvider: com.google.googlenav.suggest.android.SuggestProvider
01-18 14:53:24.744 I/ActivityThread( 2485): Pub com.google.android.maps.LocalActivePlacesProvider: com.google.googlenav.provider.LocalActivePlacesProvider
01-18 14:53:24.744 I/ActivityThread( 2485): Pub com.google.android.maps.StarredItemProvider: com.google.googlenav.provider.StarredItemProvider
01-18 14:53:25.175 I/ActivityThread( 2485): Pub com.google.android.maps.LocalSuggestionProvider: com.google.googlenav.provider.LocalSuggestionProvider
01-18 14:53:25.205 D/dalvikvm( 2485): GC_CONCURRENT freed 163K, 4% free 7500K/7751K, paused 1ms+17ms
01-18 14:53:25.205 I/ActivityThread( 2485): Pub com.google.android.maps.NavigationAvailabilityProvider: com.google.googlenav.provider.NavigationAvailabilityProvider
01-18 14:53:25.265 D/SM:PackageReceiver( 2005): package added: package:uk.ac.st_andrews.cs.host.mk74.energymeasurement.gps
01-18 14:53:25.275 D/HtcWidgetProvider( 1696): update 0
01-18 14:53:25.275 D/WidgetScanner( 1696): onReceive: Intent { act=android.intent.action.PACKAGE_ADDED dat=package:uk.ac.st_andrews.cs.host.mk74.energymeasurement.gps flg=0x10000010 cmp=com.htc.launcher/.widget.WidgetScannerTrigger (has extras) }
01-18 14:53:25.275 D/FxWidgetScanner( 2075): onPackageRemoved: uk.ac.st_andrews.cs.host.mk74.energymeasurement.gps
01-18 14:53:25.275 D/FxWidgetScanner( 2075): removeFxWidgetList
01-18 14:53:25.285 W/Launcher.Model( 2075): Nobody to tell about the new app.  Launcher is probably loading.
01-18 14:53:25.315 D/SqliteDatabaseCpp( 2210): dbopen(): path = /data/data/com.htc.htchubsyncprovider/databases , key = mqdksjlkYdw, flag = 6, file size = 6144
01-18 14:53:25.315 D/SqliteDatabaseCpp( 2210): dbopen(): path = /data/data/com.htc.htchubsyncprovider/databases , key = mqdksjlkYdw, mode: delete, disk free size: 7853 M, handle: 0xd9920
01-18 14:53:25.335 I/ActivityManager( 1588): Start proc com.svox.pico for broadcast com.svox.pico/.VoiceDataInstallerReceiver: pid=2495 uid=10031 gids={}
01-18 14:53:25.345 I/RegisterService( 2076): android.intent.action.PACKAGE_ADDED package:uk.ac.st_andrews.cs.host.mk74.energymeasurement.gps
01-18 14:53:25.365 D/FxWidgetScanner( 2075): delete 0
01-18 14:53:25.365 D/WidgetScanner( 2075): upadted? false
01-18 14:53:25.395 I/ActivityThread( 2495): Pub com.svox.pico.providers.SettingsProvider: com.svox.pico.providers.SettingsProvider
01-18 14:53:25.405 D/vicky   ( 2476): vicky received: android.intent.action.PACKAGE_ADDED
01-18 14:53:25.455 D/GTalkService( 1733): [ReonnectMgr] ### report Inet condition: status=false, networkType=0
01-18 14:53:25.465 D/ConnectivityService( 1588): reportNetworkCondition(0, 0)
01-18 14:53:25.465 D/ConnectivityService( 1588): Inet connectivity change, net=0, condition=0,mActiveDefaultNetwork=-1
01-18 14:53:25.465 D/ConnectivityService( 1588): no active default network - aborting
01-18 14:53:25.485 D/GTalkService( 1733): [RawStanzaProvidersMgr] ##### searchProvidersFromIntent
01-18 14:53:25.485 I/ActivityManager( 1588): Start proc com.google.android.googlequicksearchbox for broadcast com.google.android.googlequicksearchbox/.SourceUpdateReceiver: pid=2503 uid=10080 gids={3003}
01-18 14:53:25.555 D/FxWidgetProvider( 1696): row 1
01-18 14:53:25.555 D/GTalkService( 1733): [GTalkService.1] handlePackageInstalled: re-initialize providers
01-18 14:53:25.565 D/GTalkService( 1733): [RawStanzaProvidersMgr] ##### searchProvidersFromIntent
01-18 14:53:25.575 D/CombinedWidgetProvider( 1696): addFxWidget: WidgetSummary(Watch/FX_WIDGET/[I@40c4a9f0 x [I@40c4aa10/-2/ComponentInfo{com.htc.widget3d.watch/com.htc.widget3d.watch.WatchProvider}/[I@40c4aa30)
01-18 14:53:25.575 D/FxWidgetProvider( 1696): row 1
01-18 14:53:25.615 D/CombinedWidgetProvider( 1696): addFxWidget: WidgetSummary(Airplane Mode/FX_WIDGET/[I@40c4c288 x [I@40c4c2a8/-2/ComponentInfo{com.htc.htcsettingwidgets/com.htc.htcsettingwidgets.AirplaneWidget}/[I@40c4c2c8)
01-18 14:53:25.615 D/FxWidgetProvider( 1696): row 1
01-18 14:53:25.625 D/CombinedWidgetProvider( 1696): addFxWidget: WidgetSummary(Bluetooth/FX_WIDGET/[I@40c4d950 x [I@40c4d970/-2/ComponentInfo{com.htc.htcsettingwidgets/com.htc.htcsettingwidgets.BTWidget}/[I@40c4d990)
01-18 14:53:25.625 D/FxWidgetProvider( 1696): row 1
01-18 14:53:25.625 D/CombinedWidgetProvider( 1696): addFxWidget: WidgetSummary(GPS/FX_WIDGET/[I@40c4f000 x [I@40c4f020/-2/ComponentInfo{com.htc.htcsettingwidgets/com.htc.htcsettingwidgets.GPSWidget}/[I@40c4f040)
01-18 14:53:25.625 D/FxWidgetProvider( 1696): row 1
01-18 14:53:25.635 D/CombinedWidgetProvider( 1696): addFxWidget: WidgetSummary(Wi-Fi Hotspot/FX_WIDGET/[I@40c506a0 x [I@40c506c0/-2/ComponentInfo{com.htc.htcsettingwidgets/com.htc.htcsettingwidgets.HotspotWidget}/[I@40c506e0)
01-18 14:53:25.635 D/FxWidgetProvider( 1696): row 1
01-18 14:53:25.635 D/CombinedWidgetProvider( 1696): addFxWidget: WidgetSummary(Mobile Network/FX_WIDGET/[I@40c51d60 x [I@40c51d80/-2/ComponentInfo{com.htc.htcsettingwidgets/com.htc.htcsettingwidgets.MobileNetworkWidget}/[I@40c51da0)
01-18 14:53:25.635 D/FxWidgetProvider( 1696): row 1
01-18 14:53:25.635 D/CombinedWidgetProvider( 1696): addFxWidget: WidgetSummary(Wi-Fi/FX_WIDGET/[I@40c53538 x [I@40c53558/-2/ComponentInfo{com.htc.htcsettingwidgets/com.htc.htcsettingwidgets.WiFiWidget}/[I@40c53578)
01-18 14:53:25.645 D/FxWidgetProvider( 1696): row 1
01-18 14:53:25.645 D/CombinedWidgetProvider( 1696): addFxWidget: WidgetSummary(Mail/FX_WIDGET/[I@40c54fd0 x [I@40c54ff0/-2/ComponentInfo{com.htc.htcmailwidgets/com.htc.htcmailwidgets.WidgetReceiver}/[I@40c55010)
01-18 14:53:25.645 D/FxWidgetProvider( 1696): row 3
01-18 14:53:25.645 D/FxWidgetProviderInfoCollector( 1696): more than one style shared the same component! Return the first one found.
01-18 14:53:25.645 D/CombinedWidgetProvider( 1696): addFxWidget: WidgetSummary(Mail/FX_WIDGET/[I@40c56958 x [I@40c56978/-2/ComponentInfo{com.htc.htcmailwidgets/com.htc.htcmailwidgets.WidgetReceiver}/[I@40c56998)
01-18 14:53:25.655 D/FxWidgetProvider( 1696): row 3
01-18 14:53:25.655 D/FxWidgetProviderInfoCollector( 1696): more than one style shared the same component! Return the first one found.
01-18 14:53:25.655 D/CombinedWidgetProvider( 1696): addFxWidget: WidgetSummary(Mail/FX_WIDGET/[I@40c58208 x [I@40c58228/-2/ComponentInfo{com.htc.htcmailwidgets/com.htc.htcmailwidgets.WidgetReceiver}/[I@40c58248)
01-18 14:53:25.655 D/FxWidgetProvider( 1696): row 3
01-18 14:53:25.655 D/FxWidgetProviderInfoCollector( 1696): more than one style shared the same component! Return the first one found.
01-18 14:53:25.655 D/CombinedWidgetProvider( 1696): addFxWidget: WidgetSummary(Mail/FX_WIDGET/[I@40c59888 x [I@40c598a8/-2/ComponentInfo{com.htc.htcmailwidgets/com.htc.htcmailwidgets.WidgetReceiver}/[I@40c598c8)
01-18 14:53:25.665 D/FxWidgetProvider( 1696): row 3
01-18 14:53:25.665 D/FxWidgetProviderInfoCollector( 1696): more than one style shared the same component! Return the first one found.
01-18 14:53:25.665 D/CombinedWidgetProvider( 1696): addFxWidget: WidgetSummary(Mail/FX_WIDGET/[I@40c5aef0 x [I@40c5af10/-2/ComponentInfo{com.htc.htcmailwidgets/com.htc.htcmailwidgets.WidgetReceiver}/[I@40c5af30)
01-18 14:53:25.665 D/FxWidgetProvider( 1696): row 3
01-18 14:53:25.665 D/FxWidgetProviderInfoCollector( 1696): more than one style shared the same component! Return the first one found.
01-18 14:53:25.665 D/CombinedWidgetProvider( 1696): addFxWidget: WidgetSummary(Mail/FX_WIDGET/[I@40c5c830 x [I@40c5c850/-2/ComponentInfo{com.htc.htcmailwidgets/com.htc.htcmailwidgets.WidgetReceiver}/[I@40c5c870)
01-18 14:53:25.665 D/FxWidgetProvider( 1696): row 3
01-18 14:53:25.675 D/FxWidgetProviderInfoCollector( 1696): more than one style shared the same component! Return the first one found.
01-18 14:53:25.675 D/CombinedWidgetProvider( 1696): addFxWidget: WidgetSummary(Mail/FX_WIDGET/[I@40c5e0d0 x [I@40c5e0f0/-2/ComponentInfo{com.htc.htcmailwidgets/com.htc.htcmailwidgets.WidgetReceiver}/[I@40c5e110)
01-18 14:53:25.675 D/FxWidgetProvider( 1696): row 5
01-18 14:53:25.675 D/FxWidgetProviderInfoCollector( 1696): more than one style shared the same component! Return the first one found.
01-18 14:53:25.675 D/CombinedWidgetProvider( 1696): addFxWidget: WidgetSummary(People/FX_WIDGET/[I@40c5f8d0 x [I@40c5f8f0/-2/ComponentInfo{com.htc.htccontactwidgets_3d_fusion/com.htc.htccontactwidgets_3d_fusion.WidgetReceiver}/[I@40c5f910)
01-18 14:53:25.675 D/FxWidgetProvider( 1696): row 5
01-18 14:53:25.685 D/FxWidgetProviderInfoCollector( 1696): more than one style shared the same component! Return the first one found.
01-18 14:53:25.685 D/CombinedWidgetProvider( 1696): addFxWidget: WidgetSummary(People/FX_WIDGET/[I@40c61088 x [I@40c610a8/-2/ComponentInfo{com.htc.htccontactwidgets_3d_fusion/com.htc.htccontactwidgets_3d_fusion.WidgetReceiver}/[I@40c610c8)
01-18 14:53:25.685 D/FxWidgetProvider( 1696): row 5
01-18 14:53:25.685 D/FxWidgetProviderInfoCollector( 1696): more than one style shared the same component! Return the first one found.
01-18 14:53:25.685 D/CombinedWidgetProvider( 1696): addFxWidget: WidgetSummary(People/FX_WIDGET/[I@40c62640 x [I@40c62660/-2/ComponentInfo{com.htc.htccontactwidgets_3d_fusion/com.htc.htccontactwidgets_3d_fusion.WidgetReceiver}/[I@40c62680)
01-18 14:53:25.685 D/FxWidgetProvider( 1696): row 5
01-18 14:53:25.695 D/FxWidgetProviderInfoCollector( 1696): more than one style shared the same component! Return the first one found.
01-18 14:53:25.695 D/CombinedWidgetProvider( 1696): addFxWidget: WidgetSummary(People/FX_WIDGET/[I@40c63c80 x [I@40c63ca0/-2/ComponentInfo{com.htc.htccontactwidgets_3d_fusion/com.htc.htccontactwidgets_3d_fusion.WidgetReceiver}/[I@40c63cc0)
01-18 14:53:25.695 D/FxWidgetProvider( 1696): row 5
01-18 14:53:25.695 D/FxWidgetProviderInfoCollector( 1696): more than one style shared the same component! Return the first one found.
01-18 14:53:25.695 D/CombinedWidgetProvider( 1696): addFxWidget: WidgetSummary(People/FX_WIDGET/[I@40c65240 x [I@40c65260/-2/ComponentInfo{com.htc.htccontactwidgets_3d_fusion/com.htc.htccontactwidgets_3d_fusion.WidgetReceiver}/[I@40c65280)
01-18 14:53:25.695 D/FxWidgetProvider( 1696): row 1
01-18 14:53:25.705 D/CombinedWidgetProvider( 1696): addFxWidget: WidgetSummary(Calendar/FX_WIDGET/[I@40c66a18 x [I@40c66a38/-2/ComponentInfo{com.htc.htccalendarwidgets/com.htc.htccalendarwidgets.WidgetReceiver}/[I@40c66a58)
01-18 14:53:25.705 D/FxWidgetProvider( 1696): row 3
01-18 14:53:25.705 D/FxWidgetProviderInfoCollector( 1696): more than one style shared the same component! Return the first one found.
01-18 14:53:25.705 D/CombinedWidgetProvider( 1696): addFxWidget: WidgetSummary(Calendar/FX_WIDGET/[I@40c68448 x [I@40c68468/-2/ComponentInfo{com.htc.htccalendarwidgets/com.htc.htccalendarwidgets.WidgetReceiver}/[I@40c68488)
01-18 14:53:25.705 D/FxWidgetProvider( 1696): row 3
01-18 14:53:25.705 D/FxWidgetProviderInfoCollector( 1696): more than one style shared the same component! Return the first one found.
01-18 14:53:25.715 D/CombinedWidgetProvider( 1696): addFxWidget: WidgetSummary(Calendar/FX_WIDGET/[I@40c69e90 x [I@40c69eb0/-2/ComponentInfo{com.htc.htccalendarwidgets/com.htc.htccalendarwidgets.WidgetReceiver}/[I@40c69ed0)
01-18 14:53:25.725 D/FxWidgetProvider( 1696): row 3
01-18 14:53:25.725 D/FxWidgetProviderInfoCollector( 1696): more than one style shared the same component! Return the first one found.
01-18 14:53:25.725 D/CombinedWidgetProvider( 1696): addFxWidget: WidgetSummary(Calendar/FX_WIDGET/[I@40c6b758 x [I@40c6b778/-2/ComponentInfo{com.htc.htccalendarwidgets/com.htc.htccalendarwidgets.WidgetReceiver}/[I@40c6b798)
01-18 14:53:25.725 D/FxWidgetProvider( 1696): row 1
01-18 14:53:25.735 D/CombinedWidgetProvider( 1696): addFxWidget: WidgetSummary(Calendar/FX_WIDGET/[I@40c6d2f8 x [I@40c6d318/-2/ComponentInfo{com.htc.htccalendarwidgets/com.htc.htccalendarwidgets.WidgetReceiver}/[I@40c6d338)
01-18 14:53:25.735 D/FxWidgetProvider( 1696): row 1
01-18 14:53:25.745 D/CombinedWidgetProvider( 1696): addFxWidget: WidgetSummary(Bookmarks/FX_WIDGET/[I@40c6f1c0 x [I@40c6f1e0/-2/ComponentInfo{com.htc.fusion.htcbookmarkwidget/com.htc.fusion.htcbookmarkwidget.WidgetReceiver}/[I@40c6f200)
01-18 14:53:25.745 D/FxWidgetProvider( 1696): row 1
01-18 14:53:25.745 D/CombinedWidgetProvider( 1696): addFxWidget: WidgetSummary(Bookmarks/FX_WIDGET/[I@40c70ea8 x [I@40c70ec8/-2/ComponentInfo{com.htc.fusion.htcbookmarkwidget/com.htc.fusion.htcbookmarkwidget.WidgetReceiver}/[I@40c70ee8)
01-18 14:53:25.745 D/FxWidgetProvider( 1696): row 1
01-18 14:53:25.755 D/CombinedWidgetProvider( 1696): addFxWidget: WidgetSummary(Messages/FX_WIDGET/[I@40c72b90 x [I@40c72bb0/-2/ComponentInfo{com.htc.htcmsgwidgets3d/com.htc.htcmsgwidgets.MsgWidgetProvider}/[I@40c72bd0)
01-18 14:53:25.755 D/FxWidgetProvider( 1696): row 1
01-18 14:53:25.765 D/CombinedWidgetProvider( 1696): addFxWidget: WidgetSummary(Messages/FX_WIDGET/[I@40c74ae8 x [I@40c74b08/-2/ComponentInfo{com.htc.htcmsgwidgets3d/com.htc.htcmsgwidgets.MsgWidgetProvider}/[I@40c74b28)
01-18 14:53:25.765 D/FxWidgetProvider( 1696): row 1
01-18 14:53:25.765 D/CombinedWidgetProvider( 1696): addFxWidget: WidgetSummary(Messages/FX_WIDGET/[I@40c76c60 x [I@40c76c80/-2/ComponentInfo{com.htc.htcmsgwidgets3d/com.htc.htcmsgwidgets.MsgWidgetProvider}/[I@40c76ca0)
01-18 14:53:25.775 D/FxWidgetProvider( 1696): row 1
01-18 14:53:25.775 D/CombinedWidgetProvider( 1696): addFxWidget: WidgetSummary(Messages/FX_WIDGET/[I@40c78d20 x [I@40c78d40/-2/ComponentInfo{com.htc.htcmsgwidgets3d/com.htc.htcmsgwidgets.MsgWidgetProvider}/[I@40c78d60)
01-18 14:53:25.785 D/FxWidgetProvider( 1696): row 1
01-18 14:53:25.785 D/CombinedWidgetProvider( 1696): addFxWidget: WidgetSummary(Messages/FX_WIDGET/[I@40c7ade0 x [I@40c7ae00/-2/ComponentInfo{com.htc.htcmsgwidgets3d/com.htc.htcmsgwidgets.MsgWidgetProvider}/[I@40c7ae20)
01-18 14:53:25.795 D/FxWidgetProvider( 1696): row 1
01-18 14:53:25.795 D/CombinedWidgetProvider( 1696): addFxWidget: WidgetSummary(Messages/FX_WIDGET/[I@40c7cdd8 x [I@40c7cdf8/-2/ComponentInfo{com.htc.htcmsgwidgets3d/com.htc.htcmsgwidgets.MsgWidgetProvider}/[I@40c7ce18)
01-18 14:53:25.795 D/FxWidgetProvider( 1696): row 1
01-18 14:53:25.805 D/CombinedWidgetProvider( 1696): addFxWidget: WidgetSummary(Messages/FX_WIDGET/[I@40c7edd0 x [I@40c7edf0/-2/ComponentInfo{com.htc.htcmsgwidgets3d/com.htc.htcmsgwidgets.MsgWidgetProvider}/[I@40c7ee10)
01-18 14:53:25.805 D/FxWidgetProvider( 1696): row 1
01-18 14:53:25.815 D/CombinedWidgetProvider( 1696): addFxWidget: WidgetSummary(Twitter/FX_WIDGET/[I@40c80dc8 x [I@40c80de8/-2/ComponentInfo{com.htc.Twitter3DWidget/com.htc.Twitter3DWidget.TwitterWidgetProvider}/[I@40c80e08)
01-18 14:53:25.815 D/FxWidgetProvider( 1696): row 1
01-18 14:53:25.825 D/CombinedWidgetProvider( 1696): addFxWidget: WidgetSummary(Twitter/FX_WIDGET/[I@40c82ed0 x [I@40c82ef0/-2/ComponentInfo{com.htc.Twitter3DWidget/com.htc.Twitter3DWidget.TwitterWidgetProvider}/[I@40c82f10)
01-18 14:53:25.825 D/FxWidgetProvider( 1696): row 1
01-18 14:53:25.825 D/CombinedWidgetProvider( 1696): addFxWidget: WidgetSummary(Twitter/FX_WIDGET/[I@40c84fe8 x [I@40c85008/-2/ComponentInfo{com.htc.Twitter3DWidget/com.htc.Twitter3DWidget.TwitterWidgetProvider}/[I@40c85028)
01-18 14:53:25.825 D/FxWidgetProvider( 1696): row 1
01-18 14:53:25.835 D/CombinedWidgetProvider( 1696): addFxWidget: WidgetSummary(Twitter/FX_WIDGET/[I@40c87100 x [I@40c87120/-2/ComponentInfo{com.htc.Twitter3DWidget/com.htc.Twitter3DWidget.TwitterWidgetProvider}/[I@40c87140)
01-18 14:53:25.835 D/FxWidgetProvider( 1696): row 1
01-18 14:53:25.845 D/CombinedWidgetProvider( 1696): addFxWidget: WidgetSummary(Trends/FX_WIDGET/[I@40c892f0 x [I@40c89310/-2/ComponentInfo{com.htc.Trends3DWidget/com.htc.Trends3DWidget.TrendsWidgetProvider}/[I@40c89330)
01-18 14:53:25.845 D/FxWidgetProvider( 1696): row 1
01-18 14:53:25.855 D/CombinedWidgetProvider( 1696): addFxWidget: WidgetSummary(Sync All/FX_WIDGET/[I@40c8b478 x [I@40c8b498/-2/ComponentInfo{com.htc.Sync3DWidget/com.htc.Sync3DWidget.SyncWidgetProvider}/[I@40c8b4b8)
01-18 14:53:25.855 D/FxWidgetProvider( 1696): row 1
01-18 14:53:25.865 D/CombinedWidgetProvider( 1696): addFxWidget: WidgetSummary(Music/FX_WIDGET/[I@40c8d690 x [I@40c8d6b0/-2/ComponentInfo{com.htc.MusicWidget3D/com.htc.MusicWidget3D.MusicWidget3DProvider}/[I@40c8d6d0)
01-18 14:53:25.865 D/FxWidgetProvider( 1696): row 1
01-18 14:53:25.865 D/CombinedWidgetProvider( 1696): addFxWidget: WidgetSummary(Music/FX_WIDGET/[I@40c8f8e8 x [I@40c8f908/-2/ComponentInfo{com.htc.MusicWidget3D/com.htc.MusicWidget3D.MusicWidget3DProvider}/[I@40c8f928)
01-18 14:53:25.875 D/FxWidgetProvider( 1696): row 1
01-18 14:53:25.875 D/CombinedWidgetProvider( 1696): addFxWidget: WidgetSummary(Music/FX_WIDGET/[I@40c91b40 x [I@40c91b60/-2/ComponentInfo{com.htc.MusicWidget3D/com.htc.MusicWidget3D.MusicWidget3DProvider}/[I@40c91b80)
01-18 14:53:25.885 D/FxWidgetProvider( 1696): row 1
01-18 14:53:25.885 D/CombinedWidgetProvider( 1696): addFxWidget: WidgetSummary(Friend Stream/FX_WIDGET/[I@40c93d98 x [I@40c93db8/-2/ComponentInfo{com.htc.FriendStream3DWidget/com.htc.FriendStream3DWidget.FriendStreamWidgetProvider}/[I@40c93dd8)
01-18 14:53:25.885 D/FxWidgetProvider( 1696): row 1
01-18 14:53:25.885 D/CombinedWidgetProvider( 1696): addFxWidget: WidgetSummary(Friend Stream/FX_WIDGET/[I@40c960f0 x [I@40c96110/-2/ComponentInfo{com.htc.FriendStream3DWidget/com.htc.FriendStream3DWidget.FriendStreamWidgetProvider}/[I@40c96130)
01-18 14:53:25.885 D/FxWidgetProvider( 1696): row 1
01-18 14:53:25.895 D/CombinedWidgetProvider( 1696): addFxWidget: WidgetSummary(Friend Stream/FX_WIDGET/[I@40c98448 x [I@40c98468/-2/ComponentInfo{com.htc.FriendStream3DWidget/com.htc.FriendStream3DWidget.FriendStreamWidgetProvider}/[I@40c98488)
01-18 14:53:25.895 D/FxWidgetProvider( 1696): row 1
01-18 14:53:25.895 I/ActivityThread( 2503): Pub com.google.android.googlequicksearchbox.shortcuts: com.google.android.googlequicksearchbox.WebHistoryProvider
01-18 14:53:25.895 I/ActivityThread( 2503): Pub com.google.android.googlequicksearchbox.google: com.google.android.googlequicksearchbox.google.GoogleSuggestionProvider
01-18 14:53:25.905 D/CombinedWidgetProvider( 1696): addFxWidget: WidgetSummary(Friend Stream/FX_WIDGET/[I@40c9a7a0 x [I@40c9a7c0/-2/ComponentInfo{com.htc.FriendStream3DWidget/com.htc.FriendStream3DWidget.FriendStreamWidgetProvider}/[I@40c9a7e0)
01-18 14:53:25.905 D/FxWidgetProvider( 1696): row 1
01-18 14:53:25.905 D/CombinedWidgetProvider( 1696): addFxWidget: WidgetSummary(Friend Channel/FX_WIDGET/[I@40c9cae8 x [I@40c9cb08/-2/ComponentInfo{com.htc.FriendStream3DWidget/com.htc.FriendStream3DWidget.FriendStreamWidgetProvider}/[I@40c9cb28)
01-18 14:53:25.915 D/FxWidgetProvider( 1696): row 1
01-18 14:53:25.935 D/CombinedWidgetProvider( 1696): addFxWidget: WidgetSummary(My Shelf/FX_WIDGET/[I@40c9eff8 x [I@40c9f018/-2/ComponentInfo{com.htc.ereader.widget3d/com.htc.ereader.widget3d.ereaderwidget3d.SimpleWidgetProvider}/[I@40c9f038)
01-18 14:53:25.935 D/FxWidgetProvider( 1696): row 1
01-18 14:53:25.945 D/CombinedWidgetProvider( 1696): addFxWidget: WidgetSummary(Weather/FX_WIDGET/[I@40ca1460 x [I@40ca1480/-2/ComponentInfo{com.htc.widget3d.weather/com.htc.widget3d.weather.WeatherWidgetProvider}/[I@40ca14a0)
01-18 14:53:25.945 D/FxWidgetProvider( 1696): row 1
01-18 14:53:25.955 D/CombinedWidgetProvider( 1696): addFxWidget: WidgetSummary(Weather/FX_WIDGET/[I@40ca3730 x [I@40ca3750/-2/ComponentInfo{com.htc.widget3d.weather/com.htc.widget3d.weather.WeatherWidgetProvider}/[I@40ca3770)
01-18 14:53:25.955 D/SqliteDatabaseCpp( 2503): dbopen(): path = /data/data/com.google.android.googlequicksearchbox/databases , key = iwf-`awtkvq, flag = 6, file size = 6144
01-18 14:53:25.955 D/SqliteDatabaseCpp( 2503): dbopen(): path = /data/data/com.google.android.googlequicksearchbox/databases , key = iwf-`awtkvq, mode: delete, disk free size: 7853 M, handle: 0x193808
01-18 14:53:25.955 D/FxWidgetProvider( 1696): row 1
01-18 14:53:25.965 D/CombinedWidgetProvider( 1696): addFxWidget: WidgetSummary(Weather/FX_WIDGET/[I@40ca5a00 x [I@40ca5a20/-2/ComponentInfo{com.htc.widget3d.weather/com.htc.widget3d.weather.WeatherWidgetProvider}/[I@40ca5a40)
01-18 14:53:25.975 D/FxWidgetProvider( 1696): row 1
01-18 14:53:25.975 D/SM:PackageReceiver( 2005): package replaced: package:uk.ac.st_andrews.cs.host.mk74.energymeasurement.gps
01-18 14:53:25.985 D/CombinedWidgetProvider( 1696): addFxWidget: WidgetSummary(Screen Timeout/FX_WIDGET/[I@40ca7cd0 x [I@40ca7cf0/-2/ComponentInfo{com.htc.rosiewidgets.screentimeout/com.htc.rosiewidgets.screentimeout.ScreenTimeoutWidgetProvider}/[I@40ca7d10)
01-18 14:53:25.995 I/RegisterService( 2076): android.intent.action.PACKAGE_REPLACED package:uk.ac.st_andrews.cs.host.mk74.energymeasurement.gps
01-18 14:53:25.995 D/FxWidgetProvider( 1696): row 1
01-18 14:53:26.015 D/CombinedWidgetProvider( 1696): addFxWidget: WidgetSummary(Screen Brightness/FX_WIDGET/[I@40caa108 x [I@40caa128/-2/ComponentInfo{com.htc.rosiewidgets.screenbrightness/com.htc.rosiewidgets.screenbrightness.ScreenBrightnessWidgetProvider}/[I@40caa148)
01-18 14:53:26.025 D/FxWidgetProvider( 1696): row 1
01-18 14:53:26.035 D/CombinedWidgetProvider( 1696): addFxWidget: WidgetSummary(Notes/FX_WIDGET/[I@40cac780 x [I@40cac7a0/-2/ComponentInfo{com.htc.htcrichnoteswidget3d/com.htc.htcrichnoteswidget3d.NotesWidgetProvider}/[I@40cac7c0)
01-18 14:53:26.045 D/FxWidgetProvider( 1696): row 1
01-18 14:53:26.045 D/CombinedWidgetProvider( 1696): addFxWidget: WidgetSummary(Notes/FX_WIDGET/[I@40caeaa0 x [I@40caeac0/-2/ComponentInfo{com.htc.htcrichnoteswidget3d/com.htc.htcrichnoteswidget3d.NotesWidgetProvider}/[I@40caeae0)
01-18 14:53:26.045 D/FxWidgetProvider( 1696): row 1
01-18 14:53:26.045 D/CombinedWidgetProvider( 1696): addFxWidget: WidgetSummary(HTC Likes/FX_WIDGET/[I@40cb0db8 x [I@40cb0dd8/-2/ComponentInfo{com.htc.android.fusion.recommend/com.htc.android.fusion.recommend.RosieIntentReceiver}/[I@40cb0df8)
01-18 14:53:26.055 D/FxWidgetProvider( 1696): row 1
01-18 14:53:26.055 D/CombinedWidgetProvider( 1696): addFxWidget: WidgetSummary(Profile/FX_WIDGET/[I@40cb31c8 x [I@40cb31e8/-2/ComponentInfo{com.htc.widget.profile/com.htc.widget.profile.HtcWidgetReceiver}/[I@40cb3208)
01-18 14:53:26.055 D/FxWidgetProvider( 1696): row 1
01-18 14:53:26.055 D/CombinedWidgetProvider( 1696): addFxWidget: WidgetSummary(Power Dashboard/FX_WIDGET/[I@40cb5418 x [I@40cb5438/-2/ComponentInfo{com.htc.rosiewidgets.powerstrip/com.htc.rosiewidgets.powerstrip.PowerStripWidgetProvider}/[I@40cb5458)
01-18 14:53:26.055 D/FxWidgetProvider( 1696): row 1
01-18 14:53:26.065 D/CombinedWidgetProvider( 1696): addFxWidget: WidgetSummary(Photo Album/FX_WIDGET/[I@40cb79a0 x [I@40cb79c0/-2/ComponentInfo{com.htc.photowidget3d/com.htc.photowidget3d.album.PhotoAlbumWidgetProvider}/[I@40cb79e0)
01-18 14:53:26.065 D/FxWidgetProvider( 1696): row 1
01-18 14:53:26.065 D/CombinedWidgetProvider( 1696): addFxWidget: WidgetSummary(Photo Frame/FX_WIDGET/[I@40cb9d98 x [I@40cb9db8/-2/ComponentInfo{com.htc.photowidget3d/com.htc.photowidget3d.frame.PhotoFrameWidgetProvider}/[I@40cb9dd8)
01-18 14:53:26.065 D/FxWidgetProvider( 1696): row 1
01-18 14:53:26.085 D/CombinedWidgetProvider( 1696): addFxWidget: WidgetSummary(Photo Grid/FX_WIDGET/[I@40cbc190 x [I@40cbc1b0/-2/ComponentInfo{com.htc.rosiewidgets.photogridwidget3d/com.htc.rosiewidgets.photogridwidget3d.PhotoGridWidget3DProvider}/[I@40cbc1d0)
01-18 14:53:26.085 D/FxWidgetProvider( 1696): row 1
01-18 14:53:26.115 D/dalvikvm( 1696): GC_CONCURRENT freed 1155K, 11% free 12418K/13831K, paused 1ms+5ms
01-18 14:53:26.226 D/CombinedWidgetProvider( 1696): addFxWidget: WidgetSummary(Navigate/FX_WIDGET/[I@40cbe7a8 x [I@40cbe7c8/-2/ComponentInfo{com.htc.laputa.widget3d.navigate/com.htc.laputa.widget3d.navigate.NavigateWidgetProvider}/[I@40cbe7e8)
01-18 14:53:26.226 D/FxWidgetProvider( 1696): row 1
01-18 14:53:26.236 D/CombinedWidgetProvider( 1696): addFxWidget: WidgetSummary(Navigate/FX_WIDGET/[I@40cb8528 x [I@40cb6a88/-2/ComponentInfo{com.htc.laputa.widget3d.navigate/com.htc.laputa.widget3d.navigate.NavigateWidgetProvider}/[I@40cb6080)
01-18 14:53:26.236 D/FxWidgetProvider( 1696): row 1
01-18 14:53:26.236 D/CombinedWidgetProvider( 1696): addFxWidget: WidgetSummary(Locations/FX_WIDGET/[I@40c6e868 x [I@40c6d290/-2/ComponentInfo{com.htc.laputa.widget3d.locations/com.htc.laputa.widget3d.locations.LocationsWidgetProvider}/[I@40c6ca30)
01-18 14:53:26.246 D/FxWidgetProvider( 1696): row 1
01-18 14:53:26.246 D/CombinedWidgetProvider( 1696): addFxWidget: WidgetSummary(News/FX_WIDGET/[I@40c42c90 x [I@40c42aa0/-2/ComponentInfo{com.htc.googlereaderwidget/com.htc.googlereaderwidget.RosieWidgetReceiver}/[I@40c42168)
01-18 14:53:26.246 D/FxWidgetProvider( 1696): row 1
01-18 14:53:26.256 D/CombinedWidgetProvider( 1696): addFxWidget: WidgetSummary(News/FX_WIDGET/[I@40c24ee8 x [I@40c24ce8/-2/ComponentInfo{com.htc.googlereaderwidget/com.htc.googlereaderwidget.RosieWidgetReceiver}/[I@40c24420)
01-18 14:53:26.256 D/FxWidgetProvider( 1696): row 1
01-18 14:53:26.256 D/CombinedWidgetProvider( 1696): addFxWidget: WidgetSummary(Data Dashboard/FX_WIDGET/[I@40bc99b8 x [I@40bc9030/-2/ComponentInfo{com.htc.rosiewidgets.datastrip/com.htc.rosiewidgets.datastrip.DataStripWidgetProvider}/[I@40bc8618)
01-18 14:53:26.256 D/FxWidgetProvider( 1696): row 1
01-18 14:53:26.256 D/CombinedWidgetProvider( 1696): addFxWidget: WidgetSummary(Data Roaming/FX_WIDGET/[I@40bab6c0 x [I@40baaea8/-2/ComponentInfo{com.htc.rosiewidgets.dataroaming/com.htc.rosiewidgets.dataroaming.WidgetProvider}/[I@40baa690)
01-18 14:53:26.266 D/FxWidgetProvider( 1696): row 1
01-18 14:53:26.266 D/CombinedWidgetProvider( 1696): addFxWidget: WidgetSummary(Analog Clock/FX_WIDGET/[I@40b813f0 x [I@40b800a8/-2/ComponentInfo{com.htc.clock3dwidget/com.htc.clock3dwidget.ClockWidgetProvider}/[I@40b7ed60)
01-18 14:53:26.266 D/FxWidgetProvider( 1696): row 1
01-18 14:53:26.266 D/CombinedWidgetProvider( 1696): addFxWidget: WidgetSummary(Analog Clock/FX_WIDGET/[I@4086ee30 x [I@4086ece8/-2/ComponentInfo{com.htc.clock3dwidget/com.htc.clock3dwidget.ClockWidgetProvider}/[I@4086e648)
01-18 14:53:26.276 D/FxWidgetProvider( 1696): row 1
01-18 14:53:26.276 D/CombinedWidgetProvider( 1696): addFxWidget: WidgetSummary(Weather Clock/FX_WIDGET/[I@407d6868 x [I@407d48a8/-2/ComponentInfo{com.htc.clock3dwidget/com.htc.clock3dwidget.ClockWidgetProvider}/[I@407d4770)
01-18 14:53:26.276 D/FxWidgetProvider( 1696): row 1
01-18 14:53:26.276 D/CombinedWidgetProvider( 1696): addFxWidget: WidgetSummary(Travel Clock/FX_WIDGET/[I@40715da0 x [I@40715a78/-2/ComponentInfo{com.htc.clock3dwidget/com.htc.clock3dwidget.ClockWidgetProvider}/[I@407125f8)
01-18 14:53:26.286 D/FxWidgetProvider( 1696): row 1
01-18 14:53:26.286 D/CombinedWidgetProvider( 1696): addFxWidget: WidgetSummary(Digital Clock/FX_WIDGET/[I@40b996f0 x [I@40b983a8/-2/ComponentInfo{com.htc.clock3dwidget/com.htc.clock3dwidget.ClockWidgetProvider}/[I@40b97060)
01-18 14:53:26.286 D/FxWidgetProvider( 1696): row 1
01-18 14:53:26.296 D/CombinedWidgetProvider( 1696): addFxWidget: WidgetSummary(Analog Clock/FX_WIDGET/[I@40876a80 x [I@408754a8/-2/ComponentInfo{com.htc.clock3dwidget/com.htc.clock3dwidget.ClockWidgetProvider}/[I@4086de58)
01-18 14:53:26.296 D/FxWidgetProvider( 1696): row 1
01-18 14:53:26.316 D/dalvikvm( 2236): GC_CONCURRENT freed 485K, 9% free 6715K/7303K, paused 1ms+91ms
01-18 14:53:26.366 D/PhoneApp( 1676): EVENT_QUERY_MO_PACKAGES
01-18 14:53:26.366 D/PhoneApp( 1676): -- N1 =0
01-18 14:53:26.366 D/PhoneApp( 1676): -- N2 =0
01-18 14:53:26.376 D/PhoneApp( 1676): -- N3 =0
01-18 14:53:26.486 D/dalvikvm( 1588): GC_EXPLICIT freed 1496K, 12% free 15911K/17927K, paused 26ms+5ms
01-18 14:53:26.536 D/AndroidRuntime( 2458): Shutting down VM
01-18 14:53:26.536 D/dalvikvm( 2458): GC_CONCURRENT freed 105K, 83% free 364K/2048K, paused 0ms+1ms
01-18 14:53:26.536 D/dalvikvm( 2458): Debugger has detached; object registry had 1 entries
01-18 14:53:26.556 I/AndroidRuntime( 2458): NOTE: attach of thread 'Binder Thread #3' failed
01-18 14:53:26.606 D/dalvikvm( 1588): GC_EXPLICIT freed 16K, 12% free 15903K/17927K, paused 2ms+5ms
01-18 14:53:26.616 D/CombinedWidgetProvider( 1696): addFxWidget: WidgetSummary(Analog Clock/FX_WIDGET/[I@407d7510 x [I@407d4e10/-2/ComponentInfo{com.htc.clock3dwidget/com.htc.clock3dwidget.ClockWidgetProvider}/[I@407d1ee0)
01-18 14:53:26.616 D/FxWidgetProvider( 1696): row 1
01-18 14:53:26.626 D/CombinedWidgetProvider( 1696): addFxWidget: WidgetSummary(Analog Clock/FX_WIDGET/[I@40739a00 x [I@40735668/-2/ComponentInfo{com.htc.clock3dwidget/com.htc.clock3dwidget.ClockWidgetProvider}/[I@40734660)
01-18 14:53:26.626 D/FxWidgetProvider( 1696): row 1
01-18 14:53:26.636 D/CombinedWidgetProvider( 1696): addFxWidget: WidgetSummary(Analog Clock/FX_WIDGET/[I@40cc1208 x [I@40cc1228/-2/ComponentInfo{com.htc.clock3dwidget/com.htc.clock3dwidget.ClockWidgetProvider}/[I@40cc1248)
01-18 14:53:26.636 D/FxWidgetProvider( 1696): row 1
01-18 14:53:26.656 D/CombinedWidgetProvider( 1696): addFxWidget: WidgetSummary(Analog Clock/FX_WIDGET/[I@40cc20c0 x [I@40cc20e0/-2/ComponentInfo{com.htc.clock3dwidget/com.htc.clock3dwidget.ClockWidgetProvider}/[I@40cc2100)
01-18 14:53:26.656 D/FxWidgetProvider( 1696): row 1
01-18 14:53:26.656 D/CombinedWidgetProvider( 1696): addFxWidget: WidgetSummary(Analog Clock/FX_WIDGET/[I@40cc2f78 x [I@40cc2f98/-2/ComponentInfo{com.htc.clock3dwidget/com.htc.clock3dwidget.ClockWidgetProvider}/[I@40cc2fb8)
01-18 14:53:26.666 D/FxWidgetProvider( 1696): row 1
01-18 14:53:26.676 D/CombinedWidgetProvider( 1696): addFxWidget: WidgetSummary(Analog Clock/FX_WIDGET/[I@40cc3e30 x [I@40cc3e50/-2/ComponentInfo{com.htc.clock3dwidget/com.htc.clock3dwidget.ClockWidgetProvider}/[I@40cc3e70)
01-18 14:53:26.676 D/FxWidgetProvider( 1696): row 1
01-18 14:53:26.686 D/CombinedWidgetProvider( 1696): addFxWidget: WidgetSummary(Social Clock/FX_WIDGET/[I@40cc4d48 x [I@40cc4d68/-2/ComponentInfo{com.htc.clock3dwidget/com.htc.clock3dwidget.ClockWidgetProvider}/[I@40cc4d88)
01-18 14:53:26.686 D/FxWidgetProvider( 1696): row 1
01-18 14:53:26.696 D/CombinedWidgetProvider( 1696): addFxWidget: WidgetSummary(Beam Clock/FX_WIDGET/[I@40cc5c28 x [I@40cc5c48/-2/ComponentInfo{com.htc.clock3dwidget/com.htc.clock3dwidget.ClockWidgetProvider}/[I@40cc5c68)
01-18 14:53:26.696 D/FxWidgetProvider( 1696): row 1
01-18 14:53:26.706 D/CombinedWidgetProvider( 1696): addFxWidget: WidgetSummary(Ring Clock/FX_WIDGET/[I@40cc6b40 x [I@40cc6b60/-2/ComponentInfo{com.htc.clock3dwidget/com.htc.clock3dwidget.ClockWidgetProvider}/[I@40cc6b80)
01-18 14:53:26.706 D/FxWidgetProvider( 1696): row 1
01-18 14:53:26.726 D/CombinedWidgetProvider( 1696): addFxWidget: WidgetSummary(Spin Cycle Clock/FX_WIDGET/[I@40cc7a90 x [I@40cc7ab0/-2/ComponentInfo{com.htc.clock3dwidget/com.htc.clock3dwidget.ClockWidgetProvider}/[I@40cc7ad0)
01-18 14:53:26.726 D/FxWidgetProvider( 1696): row 1
01-18 14:53:26.726 D/CombinedWidgetProvider( 1696): addFxWidget: WidgetSummary(Analog Clock/FX_WIDGET/[I@40cc89e0 x [I@40cc8a00/-2/ComponentInfo{com.htc.clock3dwidget/com.htc.clock3dwidget.ClockWidgetProvider}/[I@40cc8a20)
01-18 14:53:26.726 D/FxWidgetProvider( 1696): row 1
01-18 14:53:26.736 D/CombinedWidgetProvider( 1696): addFxWidget: WidgetSummary(Calculator/FX_WIDGET/[I@40cc9930 x [I@40cc9950/-2/ComponentInfo{com.htc.android.fusion.calculator/com.htc.android.fusion.calculator.RosieIntentReceiver}/[I@40cc9970)
01-18 14:53:26.736 D/FxWidgetProvider( 1696): row 1
01-18 14:53:26.746 D/CombinedWidgetProvider( 1696): addFxWidget: WidgetSummary(Calculator/FX_WIDGET/[I@40cca868 x [I@40cca888/-2/ComponentInfo{com.htc.android.fusion.calculator/com.htc.android.fusion.calculator.RosieIntentReceiver}/[I@40cca8a8)
01-18 14:53:26.746 D/FxWidgetProvider( 1696): row 1
01-18 14:53:26.756 D/CombinedWidgetProvider( 1696): addFxWidget: WidgetSummary(Calculator/FX_WIDGET/[I@40ccb7a0 x [I@40ccb7c0/-2/ComponentInfo{com.htc.android.fusion.calculator/com.htc.android.fusion.calculator.RosieIntentReceiver}/[I@40ccb7e0)
01-18 14:53:26.776 D/FxWidgetProvider( 1696): row 1
01-18 14:53:26.776 D/CombinedWidgetProvider( 1696): addFxWidget: WidgetSummary(Calculator/FX_WIDGET/[I@40ccc6c8 x [I@40ccc6e8/-2/ComponentInfo{com.htc.android.fusion.calculator/com.htc.android.fusion.calculator.RosieIntentReceiver}/[I@40ccc708)
01-18 14:53:26.776 D/FxWidgetProvider( 1696): row 1
01-18 14:53:26.786 D/CombinedWidgetProvider( 1696): addFxWidget: WidgetSummary(Auto-sync/FX_WIDGET/[I@40ccd6c8 x [I@40ccd6e8/-2/ComponentInfo{com.htc.rosiewidgets.backgrounddata/com.htc.rosiewidgets.backgrounddata.BackgroundDataWidgetProvider}/[I@40ccd708)
01-18 14:53:26.786 D/FxWidgetProvider( 1696): row 1
01-18 14:53:26.786 D/CombinedWidgetProvider( 1696): addFxWidget: WidgetSummary(Auto-rotate/FX_WIDGET/[I@40cce600 x [I@40cce620/-2/ComponentInfo{com.htc.autorotatewidget/com.htc.autorotatewidget.AutoRotateWidgetProvider}/[I@40cce640)
01-18 14:53:26.796 D/FxWidgetProvider( 1696): row 1
01-18 14:53:26.796 D/CombinedWidgetProvider( 1696): addFxWidget: WidgetSummary(Stocks/FX_WIDGET/[I@40ccf6e8 x [I@40ccf708/-2/ComponentInfo{com.htc.android.fusion.StockWidget/com.htc.android.fusion.StockWidget.RosieWidgetReceiver}/[I@40ccf728)
01-18 14:53:26.796 D/FxWidgetProvider( 1696): row 1
