01-19 17:17:12.318 I/ActivityManager( 1576): Start proc com.google.android.partnersetup for broadcast com.google.android.partnersetup/.RlzPingBroadcastReceiver: pid=2718 uid=10081 gids={3003}
01-19 17:17:12.338 D/FxWidgetProvider( 1680): row 1
01-19 17:17:12.428 D/CombinedWidgetProvider( 1680): addFxWidget: WidgetSummary(Photo Grid/FX_WIDGET/[I@406f6400 x [I@406f6420/-2/ComponentInfo{com.htc.rosiewidgets.photogridwidget3d/com.htc.rosiewidgets.photogridwidget3d.PhotoGridWidget3DProvider}/[I@406f6440)
01-19 17:17:12.428 D/FxWidgetProvider( 1680): row 1
01-19 17:17:12.438 D/CombinedWidgetProvider( 1680): addFxWidget: WidgetSummary(Navigate/FX_WIDGET/[I@406fe3b0 x [I@406f8b58/-2/ComponentInfo{com.htc.laputa.widget3d.navigate/com.htc.laputa.widget3d.navigate.NavigateWidgetProvider}/[I@406f8b78)
01-19 17:17:12.438 D/FxWidgetProvider( 1680): row 1
01-19 17:17:12.448 D/CombinedWidgetProvider( 1680): addFxWidget: WidgetSummary(Navigate/FX_WIDGET/[I@40cb8fa8 x [I@40cb9548/-2/ComponentInfo{com.htc.laputa.widget3d.navigate/com.htc.laputa.widget3d.navigate.NavigateWidgetProvider}/[I@40cb9568)
01-19 17:17:12.448 D/FxWidgetProvider( 1680): row 1
01-19 17:17:12.458 D/CombinedWidgetProvider( 1680): addFxWidget: WidgetSummary(Locations/FX_WIDGET/[I@40cad7d8 x [I@40cada08/-2/ComponentInfo{com.htc.laputa.widget3d.locations/com.htc.laputa.widget3d.locations.LocationsWidgetProvider}/[I@40cada28)
01-19 17:17:12.468 I/ActivityThread( 2718): Pub com.google.android.partnersetup.rlzprovider: com.google.android.partnersetup.RlzProvider
01-19 17:17:12.468 D/FxWidgetProvider( 1680): row 1
01-19 17:17:12.468 I/ActivityThread( 2718): Pub com.google.android.partnersetup.rlzappprovider: com.google.android.partnersetup.RlzAppProvider
01-19 17:17:12.468 D/AndroidRuntime( 2710): 
01-19 17:17:12.468 D/AndroidRuntime( 2710): >>>>>> AndroidRuntime START com.android.internal.os.RuntimeInit <<<<<<
01-19 17:17:12.478 D/AndroidRuntime( 2710): CheckJNI is OFF
01-19 17:17:12.499 D/CombinedWidgetProvider( 1680): addFxWidget: WidgetSummary(News/FX_WIDGET/[I@40908a98 x [I@409093a0/-2/ComponentInfo{com.htc.googlereaderwidget/com.htc.googlereaderwidget.RosieWidgetReceiver}/[I@409093c0)
01-19 17:17:12.509 D/FxWidgetProvider( 1680): row 1
01-19 17:17:12.509 I/ActivityManager( 1576): No longer want com.htc.pen (pid 2125): hidden #16
01-19 17:17:12.519 D/CombinedWidgetProvider( 1680): addFxWidget: WidgetSummary(News/FX_WIDGET/[I@4089c918 x [I@4089c158/-2/ComponentInfo{com.htc.googlereaderwidget/com.htc.googlereaderwidget.RosieWidgetReceiver}/[I@4089a298)
01-19 17:17:12.529 D/SM:PackageReceiver( 2641): package replaced: package:uk.ac.st_andrews.cs.host.mk74.energymeasurement.gps
01-19 17:17:12.529 D/FxWidgetProvider( 1680): row 1
01-19 17:17:12.529 D/CombinedWidgetProvider( 1680): addFxWidget: WidgetSummary(Data Dashboard/FX_WIDGET/[I@4082d5f8 x [I@4082c9f8/-2/ComponentInfo{com.htc.rosiewidgets.datastrip/com.htc.rosiewidgets.datastrip.DataStripWidgetProvider}/[I@4082a008)
01-19 17:17:12.549 D/FxWidgetProvider( 1680): row 1
01-19 17:17:12.549 D/CombinedWidgetProvider( 1680): addFxWidget: WidgetSummary(Data Roaming/FX_WIDGET/[I@4075c850 x [I@4075aff8/-2/ComponentInfo{com.htc.rosiewidgets.dataroaming/com.htc.rosiewidgets.dataroaming.WidgetProvider}/[I@4075b018)
01-19 17:17:12.549 I/ActivityManager( 1576): Start proc com.google.android.apps.maps:FriendService for broadcast com.google.android.apps.maps/com.google.googlenav.friend.android.ServiceReceiver: pid=2728 uid=10046 gids={3003, 1015}
01-19 17:17:12.569 D/FxWidgetProvider( 1680): row 1
01-19 17:17:12.569 D/CombinedWidgetProvider( 1680): addFxWidget: WidgetSummary(Analog Clock/FX_WIDGET/[I@40853f10 x [I@40853f30/-2/ComponentInfo{com.htc.clock3dwidget/com.htc.clock3dwidget.ClockWidgetProvider}/[I@4084d980)
01-19 17:17:12.589 D/FxWidgetProvider( 1680): row 1
01-19 17:17:12.589 D/CombinedWidgetProvider( 1680): addFxWidget: WidgetSummary(Analog Clock/FX_WIDGET/[I@4085d998 x [I@4085a060/-2/ComponentInfo{com.htc.clock3dwidget/com.htc.clock3dwidget.ClockWidgetProvider}/[I@4085a080)
01-19 17:17:12.589 D/FxWidgetProvider( 1680): row 1
01-19 17:17:12.609 D/dalvikvm( 1439): GC_EXPLICIT freed 11K, 5% free 6453K/6787K, paused 1ms+1ms
01-19 17:17:12.659 D/dalvikvm( 1439): GC_EXPLICIT freed <1K, 5% free 6453K/6787K, paused 1ms+1ms
01-19 17:17:12.679 D/FxWidgetScanner( 2648): onPackageAdded: uk.ac.st_andrews.cs.host.mk74.energymeasurement.gps
01-19 17:17:12.699 D/CursorWindowStats( 2710): Get CursorWindow size from framework resource:4194304
01-19 17:17:12.709 D/dalvikvm( 1439): GC_EXPLICIT freed <1K, 5% free 6453K/6787K, paused 4ms+1ms
01-19 17:17:12.759 D/AndroidRuntime( 2710): Calling main entry com.android.commands.am.Am
01-19 17:17:12.759 I/RegisterService( 2649): android.intent.action.PACKAGE_REPLACED package:uk.ac.st_andrews.cs.host.mk74.energymeasurement.gps
01-19 17:17:12.759 D/CombinedWidgetProvider( 1680): addFxWidget: WidgetSummary(Weather Clock/FX_WIDGET/[I@4072f230 x [I@40723eb0/-2/ComponentInfo{com.htc.clock3dwidget/com.htc.clock3dwidget.ClockWidgetProvider}/[I@40723ed0)
01-19 17:17:12.769 D/FxWidgetProvider( 1680): row 1
01-19 17:17:12.779 I/ActivityManager( 1576): Starting: Intent { act=android.intent.action.MAIN cat=[android.intent.category.LAUNCHER] flg=0x10000000 cmp=uk.ac.st_andrews.cs.host.mk74.energymeasurement.gps/.MainActivity } from pid 2710
01-19 17:17:12.789 D/CombinedWidgetProvider( 1680): addFxWidget: WidgetSummary(Travel Clock/FX_WIDGET/[I@40d13778 x [I@40d12e58/-2/ComponentInfo{com.htc.clock3dwidget/com.htc.clock3dwidget.ClockWidgetProvider}/[I@40d12e78)
01-19 17:17:12.789 D/FxWidgetProvider( 1680): row 1
01-19 17:17:12.799 D/SqliteDatabaseCpp( 2711): dbopen(): path = /data/data/com.htc.htchubsyncprovider/databases , key = mqdksjlkYdw, flag = 6, file size = 6144
01-19 17:17:12.819 D/CombinedWidgetProvider( 1680): addFxWidget: WidgetSummary(Digital Clock/FX_WIDGET/[I@40d41c18 x [I@40cff3d8/-2/ComponentInfo{com.htc.clock3dwidget/com.htc.clock3dwidget.ClockWidgetProvider}/[I@40cff3f8)
01-19 17:17:12.819 D/AndroidRuntime( 2710): Shutting down VM
01-19 17:17:12.819 D/dalvikvm( 2710): GC_CONCURRENT freed 106K, 81% free 397K/2048K, paused 0ms+0ms
01-19 17:17:12.829 D/SqliteDatabaseCpp( 2711): dbopen(): path = /data/data/com.htc.htchubsyncprovider/databases , key = mqdksjlkYdw, mode: delete, disk free size: 7854 M, handle: 0xdacd0
01-19 17:17:12.829 D/ActivityManager( 1576): isSketcherDisabledInCurrentTask():false, ActivityRecord{4086aae8 uk.ac.st_andrews.cs.host.mk74.energymeasurement.gps/.MainActivity}
01-19 17:17:12.829 D/HostWidgetManager( 1680): pauseWidgets: 2
01-19 17:17:12.829 I/ActivityManager( 1576): Start proc uk.ac.st_andrews.cs.host.mk74.energymeasurement.gps for activity uk.ac.st_andrews.cs.host.mk74.energymeasurement.gps/.MainActivity: pid=2741 uid=10111 gids={}
01-19 17:17:12.839 D/FxWidgetProvider( 1680): row 1
01-19 17:17:12.839 D/dalvikvm( 2710): Debugger has detached; object registry had 1 entries
01-19 17:17:12.889 D/CombinedWidgetProvider( 1680): addFxWidget: WidgetSummary(Analog Clock/FX_WIDGET/[I@4085c360 x [I@40847c90/-2/ComponentInfo{com.htc.clock3dwidget/com.htc.clock3dwidget.ClockWidgetProvider}/[I@40847cb0)
01-19 17:17:12.899 D/FxWidgetProvider( 1680): row 1
01-19 17:17:12.909 D/SurfaceFlinger( 1438): getTokenForSurface(0x6289c) => 0 (client=0xa2580, bitmap=00000003), pid=1576
01-19 17:17:12.909 D/msm7x30.gralloc( 1438): gpu_context_t::getGrallocInformationFromFormat  2 
01-19 17:17:12.929 D/Sensors ( 1576): Enable akm: en = 0
01-19 17:17:12.979 V/WindowManager( 1576): Starting animation in AppWindowToken{40c05320 token=ActivityRecord{40c03880 com.htc.launcher/.Launcher}} @ 1696233
01-19 17:17:12.989 V/WindowManager( 1576): Starting animation in AppWindowToken{410e2748 token=ActivityRecord{4086aae8 uk.ac.st_andrews.cs.host.mk74.energymeasurement.gps/.MainActivity}} @ 1696233
01-19 17:17:12.999 V/LocationManagerService( 1576): requestLocationUpdates
01-19 17:17:12.999 D/GpsLocationProvider( 1576): addListener+ @id: 10111
01-19 17:17:12.999 V/LocationManagerService( 1576): _requestLocationUpdates: listener = Receiver{41103820 Listener android.os.BinderProxy@411037e8}mUpdateRecords: {}
01-19 17:17:12.999 V/LocationManagerService( 1576): requestLocationUpdatesLocked: updateProvidersLocked
01-19 17:17:13.009 D/GpsLocationProvider( 1576): setMinTime 0
01-19 17:17:13.009 V/GpsLocationProvider( 1576): enableLocationTracking ++
01-19 17:17:13.009 D/GpsLocationProvider( 1576): [shen] debug
01-19 17:17:13.009 I/System.out( 2741): GPS Location listener is registered
01-19 17:17:13.009 V/WindowManager( 1576): Finished animation in AppWindowToken{40c05320 token=ActivityRecord{40c03880 com.htc.launcher/.Launcher}} @ 1696270
01-19 17:17:13.009 V/WindowManager( 1576): Finished animation in AppWindowToken{410e2748 token=ActivityRecord{4086aae8 uk.ac.st_andrews.cs.host.mk74.energymeasurement.gps/.MainActivity}} @ 1696270
01-19 17:17:13.009 V/LocationManagerService( 1576): _requestLocationUpdates: provider = gps listener = Receiver{41103820 Listener android.os.BinderProxy@411037e8}mUpdateRecords: {gps=UpdateRecord{408b6270 mProvider: gps mUid: 10111}}
01-19 17:17:13.059 D/ActivityManager( 1576): isSketcherDisabledInCurrentTask():false, ActivityRecord{4086aae8 uk.ac.st_andrews.cs.host.mk74.energymeasurement.gps/.MainActivity}
01-19 17:17:13.079 D/SurfaceFlinger( 1438): getTokenForSurface(0xa9a9c) => 0 (client=0xb0470, bitmap=00000001), pid=2741
01-19 17:17:13.119 D/msm7x30.gralloc( 1438): gpu_context_t::getGrallocInformationFromFormat  2 
01-19 17:17:13.139 D/dalvikvm( 2728): GC_CONCURRENT freed 160K, 4% free 6799K/7047K, paused 1ms+1ms
01-19 17:17:13.169 I/ActivityManager( 1576): Displayed uk.ac.st_andrews.cs.host.mk74.energymeasurement.gps/.MainActivity: +336ms (total +27m16s988ms)
01-19 17:17:13.189 D/msm7x30.gralloc( 1438): gpu_context_t::getGrallocInformationFromFormat  2 
01-19 17:17:13.199 D/SurfaceFlinger( 1438): virtual void android::Layer::onRemoved(): lcblk (identity=31, status=0, token=0)
01-19 17:17:13.319 D/PhoneWindow( 1680): couldn't save which view has focus because the focused view android.widget.RelativeLayout@407c0900 has no id.
01-19 17:17:13.329 D/GpsLocationProvider( 1576): [handleMessage] message :8
01-19 17:17:13.339 D/dalvikvm( 2728): GC_CONCURRENT freed 136K, 4% free 7142K/7431K, paused 1ms+5ms
01-19 17:17:13.379 D/GpsLocationProvider( 1576): [handleMessage] ADD_LISTENER
01-19 17:17:13.389 D/Socket_Alarm( 2728): registerHTCSocketMonitorCallBack
01-19 17:17:13.389 D/Socket_Alarm( 2728): set mSocketMonitor
01-19 17:17:13.389 D/Socket_Alarm( 2728): HTCSocketMonitorImpl::HTCSocketMonitorImpl
01-19 17:17:13.399 D/AK8975  ( 1448): Compass CLOSE 
01-19 17:17:13.429 I/ActivityManager( 1576): Start proc com.google.android.googlequicksearchbox for broadcast com.google.android.googlequicksearchbox/.SourceUpdateReceiver: pid=2751 uid=10080 gids={3003}
01-19 17:17:13.469 D/GpsLocationProvider( 1576): addListener(uk.ac.st_andrews.cs.host.mk74.energymeasurement.gps)
01-19 17:17:13.479 D/FxWidgetScanner( 2648): addWidgetList
01-19 17:17:13.479 D/CombinedWidgetProvider( 1680): addFxWidget: WidgetSummary(Analog Clock/FX_WIDGET/[I@40d23bb8 x [I@40d23bd8/-2/ComponentInfo{com.htc.clock3dwidget/com.htc.clock3dwidget.ClockWidgetProvider}/[I@40d23bf8)
01-19 17:17:13.499 D/FxWidgetScanner( 2648): ResolveInfo size 0
01-19 17:17:13.509 I/ActivityThread( 2751): Pub com.google.android.googlequicksearchbox.shortcuts: com.google.android.googlequicksearchbox.WebHistoryProvider
01-19 17:17:13.509 I/ActivityThread( 2751): Pub com.google.android.googlequicksearchbox.google: com.google.android.googlequicksearchbox.google.GoogleSuggestionProvider
01-19 17:17:13.540 D/FxWidgetProvider( 1680): row 1
01-19 17:17:13.550 D/WidgetScanner( 2648): upadted? false
01-19 17:17:13.550 W/InputManagerService( 1576): Starting input on non-focused client com.android.internal.view.IInputMethodClient$Stub$Proxy@410bd980 (uid=9999 pid=1680)
01-19 17:17:13.560 I/ActivityManager( 1576): No longer want android.process.media (pid 1741): hidden #16
01-19 17:17:13.590 D/dalvikvm( 1724): GC_EXPLICIT freed 178K, 8% free 6836K/7367K, paused 2ms+2ms
01-19 17:17:13.610 D/SurfaceFlinger( 1438): virtual void android::Layer::onRemoved(): lcblk (identity=8, status=0, token=2)
01-19 17:17:13.630 D/SqliteDatabaseCpp( 2751): dbopen(): path = /data/data/com.google.android.googlequicksearchbox/databases , key = iwf-`awtkvq, flag = 6, file size = 6144
01-19 17:17:13.630 D/SqliteDatabaseCpp( 2751): dbopen(): path = /data/data/com.google.android.googlequicksearchbox/databases , key = iwf-`awtkvq, mode: delete, disk free size: 7854 M, handle: 0x193530
01-19 17:17:13.650 D/GpsLocationProvider( 1576): [handleMessage] message :3
01-19 17:17:13.650 D/GpsLocationProvider( 1576): [handleMessage] ENABLE_TRACKING
01-19 17:17:13.660 D/CombinedWidgetProvider( 1680): addFxWidget: WidgetSummary(Analog Clock/FX_WIDGET/[I@40cc8810 x [I@40cc9150/-2/ComponentInfo{com.htc.clock3dwidget/com.htc.clock3dwidget.ClockWidgetProvider}/[I@40cc9170)
01-19 17:17:13.670 I/ActivityManager( 1576): No longer want com.android.settings (pid 2583): hidden #16
01-19 17:17:13.680 I/ActivityManager( 1576): Start proc com.htc.pen for broadcast com.htc.pen/.plugin.PenReceiver: pid=2765 uid=10040 gids={}
01-19 17:17:13.680 I/ActivityManager( 1576): No longer want com.htc.notes (pid 2475): hidden #16
01-19 17:17:13.710 I/ActivityThread( 2765): Pub com.htc.penmenu: com.htc.pen.provider.PenMenuProvider
01-19 17:17:13.710 I/ActivityThread( 2765): Pub com.htc.pen: com.htc.pen.provider.PenProvider
01-19 17:17:13.730 D/FxWidgetProvider( 1680): row 1
01-19 17:17:13.730 D/GpsLocationProvider( 1576): startNavigating
01-19 17:17:13.740 D/SurfaceFlinger( 1438): virtual void android::Layer::onRemoved(): lcblk (identity=7, status=0, token=1)
01-19 17:17:13.750 D/GpsLocationProvider( 1576): HtcBuildFlag.HtcCIQFlag(FALSE)
01-19 17:17:13.750 D/SqliteDatabaseCpp( 2765): dbopen(): path = /data/data/com.htc.pen/databases , key = hej, flag = 6, file size = 15360
01-19 17:17:13.750 D/lib_locapi( 1576): [GPS:] loc_eng_set_qos_time_out(standalone = 60000, agps = 89000)
01-19 17:17:13.760 D/CombinedWidgetProvider( 1680): addFxWidget: WidgetSummary(Analog Clock/FX_WIDGET/[I@406fa878 x [I@406fa898/-2/ComponentInfo{com.htc.clock3dwidget/com.htc.clock3dwidget.ClockWidgetProvider}/[I@406fa8b8)
01-19 17:17:13.760 D/FxWidgetProvider( 1680): row 1
01-19 17:17:13.760 D/SqliteDatabaseCpp( 2765): dbopen(): path = /data/data/com.htc.pen/databases , key = hej, mode: delete, disk free size: 7854 M, handle: 0x19bb90
01-19 17:17:13.770 D/CombinedWidgetProvider( 1680): addFxWidget: WidgetSummary(Analog Clock/FX_WIDGET/[I@4083b270 x [I@4083b290/-2/ComponentInfo{com.htc.clock3dwidget/com.htc.clock3dwidget.ClockWidgetProvider}/[I@407fdee0)
01-19 17:17:13.770 D/FxWidgetProvider( 1680): row 1
01-19 17:17:13.780 V/GpsLocationProvider( 1576): set_agps_qos_time_out complete
01-19 17:17:13.780 D/GpsLocationProvider( 1576): GpsLocationProvider_set_position_mode
01-19 17:17:13.780 D/CombinedWidgetProvider( 1680): addFxWidget: WidgetSummary(Analog Clock/FX_WIDGET/[I@40752420 x [I@40752440/-2/ComponentInfo{com.htc.clock3dwidget/com.htc.clock3dwidget.ClockWidgetProvider}/[I@40752460)
01-19 17:17:13.780 D/lib_locapi( 1576): [loc_eng_set_position_mode] host strcmp:15
01-19 17:17:13.780 D/lib_locapi( 1576): [GPS:] loc_eng_set_position mode, client = 1, interval = 1000, mode = 1
01-19 17:17:13.790 D/lib_locapi( 1576): [GPS:] htc_set_qos_accuracy(accuracy = 50)
01-19 17:17:13.790 D/lib_locapi( 1576): [GPS:] loc_eng_set_position mode: GPS_POSITION_MODE_MS_BASED
01-19 17:17:13.790 D/lib_locapi( 1576): [GPS:] loc_eng_set_position mode before IOCTL, interval=1000, mode =2 preferred_accuracy=50, qos_timeout_standalone=89000, recurrence_type=2
01-19 17:17:13.800 V/lib_locapi( 1576): loc_eng_ioctl called: client = 1, ioctl_type = 2
01-19 17:17:13.810 D/FxWidgetProvider( 1680): row 1
01-19 17:17:13.810 D/locapi_rpc_glue( 1576): loc_ioctl
01-19 17:17:13.820 D/RPC     ( 1576): written RPC packet size: [96]
01-19 17:17:13.840 D/RPC     ( 1576): read RPC packet
01-19 17:17:13.840 D/RPC     ( 1576): read RPC packet size: [28]
01-19 17:17:13.870 D/RPC     ( 1576): read RPC packet
01-19 17:17:13.870 D/RPC     ( 1576): read RPC packet size: [80]
01-19 17:17:13.870 V/locapi_rpc_glue( 1576): Callback received: 80 (cb_id=0x6280000 handle=1)
01-19 17:17:13.870 V/locapi_rpc_glue( 1576): +loc_api_callback_process_sync_call
01-19 17:17:13.870 V/locapi_rpc_glue( 1576): loc_api_callback_process_sync_call: callback arrives before wait, slot i=0
01-19 17:17:13.870 V/locapi_rpc_glue( 1576): -loc_api_callback_process_sync_call
01-19 17:17:13.870 D/RPC     ( 1576): written RPC packet size: [28]
01-19 17:17:13.870 V/locapi_rpc_glue( 1576): loc_api_sync_ioctl: select_id = 0, loc_ioctl returned 0
01-19 17:17:13.870 D/CombinedWidgetProvider( 1680): addFxWidget: WidgetSummary(Analog Clock/FX_WIDGET/[I@40cb6d28 x [I@40cb6d48/-2/ComponentInfo{com.htc.clock3dwidget/com.htc.clock3dwidget.ClockWidgetProvider}/[I@40cb6d68)
01-19 17:17:13.880 V/locapi_rpc_glue( 1576): +loc_wait_callback: select_id: 0
01-19 17:17:13.890 D/FxWidgetProvider( 1680): row 1
01-19 17:17:13.890 V/locapi_rpc_glue( 1576): -loc_wait_callback: cb has arrived
01-19 17:17:13.890 V/lib_locapi( 1576): loc_eng_ioctl result: client = 1, ioctl_type = 2, SUCCESS
01-19 17:17:13.900 V/GpsLocationProvider( 1576): set_position_mode complete
01-19 17:17:13.930 D/CombinedWidgetProvider( 1680): addFxWidget: WidgetSummary(Social Clock/FX_WIDGET/[I@40870c58 x [I@40870c78/-2/ComponentInfo{com.htc.clock3dwidget/com.htc.clock3dwidget.ClockWidgetProvider}/[I@40870c98)
01-19 17:17:13.930 D/lib_locapi( 1576): [GPS:] loc_eng_start
01-19 17:17:13.940 D/PenUtils( 2765): getDefaultPen() start 14
01-19 17:17:13.940 D/locapi_rpc_glue( 1576): loc_start_fix
01-19 17:17:13.940 D/RPC     ( 1576): written RPC packet size: [44]
01-19 17:17:13.950 D/RPC     ( 1576): read RPC packet
01-19 17:17:13.950 D/RPC     ( 1576): read RPC packet size: [28]
01-19 17:17:13.960 D/RPC     ( 1576): read RPC packet
01-19 17:17:13.960 D/RPC     ( 1576): read RPC packet size: [80]
01-19 17:17:13.960 V/locapi_rpc_glue( 1576): Callback received: 100 (cb_id=0x6280000 handle=1)
01-19 17:17:13.960 V/locapi_rpc_glue( 1576): +loc_api_callback_process_sync_call
01-19 17:17:13.960 V/locapi_rpc_glue( 1576): -loc_api_callback_process_sync_call, no sync call in use
01-19 17:17:13.960 D/lib_locapi( 1576): [GPS:] loc_eng_report_status: GPS_STATUS_SESSION_BEGIN
01-19 17:17:13.960 D/lib_locapi( 1576): [GPS:] loc_eng_report_status: issue callback with status 1
01-19 17:17:13.960 V/GpsLocationProvider( 1576): reportStatus status: 0
01-19 17:17:13.960 D/GpsLocationProvider( 1576): [reportStatus] mNavigating:false mEngineOn:false mDownloadXtraDataPending:true
01-19 17:17:13.960 D/GpsLocationProvider( 1576): [reportStatus] trigger DOWNLOAD_XTRA_DATA
01-19 17:17:13.960 D/lib_locapi( 1576): [GPS:] loc_eng_report_status: update status
01-19 17:17:13.960 V/GpsLocationProvider( 1576): reportStatus status: 1
01-19 17:17:13.960 W/GpsLocationProvider( 1576): GPS notify that the GPS has been change action
01-19 17:17:13.960 W/GpsLocationProvider( 1576): GPS_ENABLED_CHANGE_ACTION: android.location.GPS_ENABLED_CHANGE EXTRA_GPS_ENABLED: enabled
01-19 17:17:13.960 D/GpsLocationProvider( 1576): [reportStatus] mNavigating:true mEngineOn:false mDownloadXtraDataPending:true
01-19 17:17:13.960 D/RPC     ( 1576): written RPC packet size: [28]
01-19 17:17:13.960 D/GpsLocationProvider( 1576): reset SV count to zero
01-19 17:17:13.960 D/FxWidgetProvider( 1680): row 1
01-19 17:17:13.980 D/CombinedWidgetProvider( 1680): addFxWidget: WidgetSummary(Beam Clock/FX_WIDGET/[I@40cdb9c8 x [I@40cdb9e8/-2/ComponentInfo{com.htc.clock3dwidget/com.htc.clock3dwidget.ClockWidgetProvider}/[I@40cdbdc8)
01-19 17:17:13.990 D/RPC     ( 1576): read RPC packet
01-19 17:17:14.000 D/RPC     ( 1576): read RPC packet size: [84]
01-19 17:17:14.000 V/locapi_rpc_glue( 1576): Callback received: 40 (cb_id=0x6280000 handle=1)
01-19 17:17:14.000 V/locapi_rpc_glue( 1576): +loc_api_callback_process_sync_call
01-19 17:17:14.000 V/locapi_rpc_glue( 1576): -loc_api_callback_process_sync_call, no sync call in use
01-19 17:17:14.000 D/lib_locapi( 1576): loc_event_cb: GPS_REQUEST_AGPS_DATA_CONN
01-19 17:17:14.000 D/GpsLocationProvider( 1576): GPS_REQUEST_AGPS_DATA_CONN
01-19 17:17:14.000 D/GpsLocationProvider( 1576): mConnMgr.startUsingNetworkFeature result: 2
01-19 17:17:14.000 D/GpsLocationProvider( 1576): startUsingNetworkFeature failed
01-19 17:17:14.000 D/lib_locapi( 1576): [GPS:] loc_eng_agps_data_conn_failed
01-19 17:17:14.000 D/lib_locapi( 1576): [GPS:] loc_eng_process_atl_deferred_action 
01-19 17:17:14.000 D/lib_locapi( 1576): loc_eng_process_atl_deferred_action, send ATL_OPEN_FAIL
01-19 17:17:14.000 D/ConnectivityService( 1576): startUsingNetworkFeature for net 0: enableSUPL by 1576/1000
01-19 17:17:14.000 D/ConnectivityService( 1576): special network 3 not available
01-19 17:17:14.010 D/RPC     ( 1576): written RPC packet size: [28]
01-19 17:17:14.010 D/ActivityManager( 1576): isSketcherDisabledInCurrentTask():false, ActivityRecord{4086aae8 uk.ac.st_andrews.cs.host.mk74.energymeasurement.gps/.MainActivity}
01-19 17:17:14.010 I/System.out( 2741): Values: 0.0 0.0
01-19 17:17:14.020 D/SurfaceFlinger( 1438): getTokenForSurface(0x95054) => 1 (client=0xa3c30, bitmap=00000003), pid=1646
01-19 17:17:14.020 D/msm7x30.gralloc( 1438): gpu_context_t::getGrallocInformationFromFormat  1 
01-19 17:17:14.030 D/FxWidgetProvider( 1680): row 1
01-19 17:17:14.030 D/GpsLocationProvider( 1576): [handleMessage] message :6
01-19 17:17:14.040 D/GpsLocationProvider( 1576): [handleMessage] DOWNLOAD_XTRA_DATA mSupportsXtra:true
01-19 17:17:14.040 D/CombinedWidgetProvider( 1680): addFxWidget: WidgetSummary(Ring Clock/FX_WIDGET/[I@40ce3748 x [I@40ce3768/-2/ComponentInfo{com.htc.clock3dwidget/com.htc.clock3dwidget.ClockWidgetProvider}/[I@40ce3788)
01-19 17:17:14.040 D/GpsLocationProvider( 1576): handleDownloadXtraData+++
01-19 17:17:14.040 D/GpsLocationProvider( 1576): [handleDownloadXtraData] mNetworkAvailable:false mDisableXtraDownload:false mNavigating:true mEngineOn:false
01-19 17:17:14.050 D/GpsLocationProvider( 1576): [handleDownloadXtraData] pending until Network available or GPS Engine stop
01-19 17:17:14.050 D/FxWidgetProvider( 1680): row 1
01-19 17:17:14.050 D/CombinedWidgetProvider( 1680): addFxWidget: WidgetSummary(Spin Cycle Clock/FX_WIDGET/[I@40ceb628 x [I@40ceb648/-2/ComponentInfo{com.htc.clock3dwidget/com.htc.clock3dwidget.ClockWidgetProvider}/[I@40ceb668)
01-19 17:17:14.060 D/FxWidgetProvider( 1680): row 1
01-19 17:17:14.060 D/CombinedWidgetProvider( 1680): addFxWidget: WidgetSummary(Analog Clock/FX_WIDGET/[I@40cf2a18 x [I@40cf2a38/-2/ComponentInfo{com.htc.clock3dwidget/com.htc.clock3dwidget.ClockWidgetProvider}/[I@40cf2a58)
01-19 17:17:14.070 D/FxWidgetProvider( 1680): row 1
01-19 17:17:14.070 D/CombinedWidgetProvider( 1680): addFxWidget: WidgetSummary(Calculator/FX_WIDGET/[I@40cb5658 x [I@40cb5678/-2/ComponentInfo{com.htc.android.fusion.calculator/com.htc.android.fusion.calculator.RosieIntentReceiver}/[I@40cb5698)
01-19 17:17:14.070 D/FxWidgetProvider( 1680): row 1
01-19 17:17:14.090 D/CombinedWidgetProvider( 1680): addFxWidget: WidgetSummary(Calculator/FX_WIDGET/[I@40cc20f0 x [I@40cc2110/-2/ComponentInfo{com.htc.android.fusion.calculator/com.htc.android.fusion.calculator.RosieIntentReceiver}/[I@40cc2130)
01-19 17:17:14.090 D/FxWidgetProvider( 1680): row 1
01-19 17:17:14.100 D/CombinedWidgetProvider( 1680): addFxWidget: WidgetSummary(Calculator/FX_WIDGET/[I@408f2530 x [I@408f2550/-2/ComponentInfo{com.htc.android.fusion.calculator/com.htc.android.fusion.calculator.RosieIntentReceiver}/[I@408f2570)
01-19 17:17:14.120 D/RPC     ( 1576): read RPC packet
01-19 17:17:14.120 D/RPC     ( 1576): read RPC packet size: [80]
01-19 17:17:14.120 V/locapi_rpc_glue( 1576): Callback received: 100 (cb_id=0x6280000 handle=1)
01-19 17:17:14.120 V/locapi_rpc_glue( 1576): +loc_api_callback_process_sync_call
01-19 17:17:14.120 V/locapi_rpc_glue( 1576): -loc_api_callback_process_sync_call, no sync call in use
01-19 17:17:14.120 D/RPC     ( 1576): written RPC packet size: [28]
01-19 17:17:14.130 D/FxWidgetProvider( 1680): row 1
01-19 17:17:14.140 D/CombinedWidgetProvider( 1680): addFxWidget: WidgetSummary(Calculator/FX_WIDGET/[I@40919958 x [I@40919978/-2/ComponentInfo{com.htc.android.fusion.calculator/com.htc.android.fusion.calculator.RosieIntentReceiver}/[I@40919998)
01-19 17:17:14.140 D/FxWidgetProvider( 1680): row 1
01-19 17:17:14.150 D/CombinedWidgetProvider( 1680): addFxWidget: WidgetSummary(Auto-sync/FX_WIDGET/[I@4074fa60 x [I@4074fa80/-2/ComponentInfo{com.htc.rosiewidgets.backgrounddata/com.htc.rosiewidgets.backgrounddata.BackgroundDataWidgetProvider}/[I@4074faa0)
01-19 17:17:14.150 D/FxWidgetProvider( 1680): row 1
01-19 17:17:14.160 D/CombinedWidgetProvider( 1680): addFxWidget: WidgetSummary(Auto-rotate/FX_WIDGET/[I@40cfcab0 x [I@40cfcad0/-2/ComponentInfo{com.htc.autorotatewidget/com.htc.autorotatewidget.AutoRotateWidgetProvider}/[I@40cfcaf0)
01-19 17:17:14.160 D/FxWidgetProvider( 1680): row 1
01-19 17:17:14.160 D/PenUtils( 2765): getDefaultPen() end 46
01-19 17:17:14.160 D/CombinedWidgetProvider( 1680): addFxWidget: WidgetSummary(Stocks/FX_WIDGET/[I@40d01f00 x [I@40d01f20/-2/ComponentInfo{com.htc.android.fusion.StockWidget/com.htc.android.fusion.StockWidget.RosieWidgetReceiver}/[I@40d01f40)
01-19 17:17:14.170 D/PenUtils( 2378): getAllPen() start 104
01-19 17:17:14.170 I/MySketcher( 2378): onReceive: com.htc.pen.refreshed
01-19 17:17:14.170 I/MySketcher( 2378): [SketcherWorker] onStartCommand: com.htc.action.PREPARE_VARS
01-19 17:17:14.180 I/MySketcher( 2378): prepareContentVars entered
01-19 17:17:14.180 I/MySketcher( 2378):  getContentView  , in thread:2378
01-19 17:17:14.200 D/FxWidgetProvider( 1680): row 1
01-19 17:17:14.210 D/CombinedWidgetProvider( 1680): addFxWidget: WidgetSummary(Stocks/FX_WIDGET/[I@408a50e0 x [I@408a5100/-2/ComponentInfo{com.htc.android.fusion.StockWidget/com.htc.android.fusion.StockWidget.RosieWidgetReceiver}/[I@408a5120)
01-19 17:17:14.210 D/FxWidgetProvider( 1680): row 1
01-19 17:17:14.220 D/CombinedWidgetProvider( 1680): addFxWidget: WidgetSummary(Stocks/FX_WIDGET/[I@408e82f8 x [I@408f5530/-2/ComponentInfo{com.htc.android.fusion.StockWidget/com.htc.android.fusion.StockWidget.RosieWidgetReceiver}/[I@408f5550)
01-19 17:17:14.220 D/CombinedWidgetProvider( 1680): -addFxWidgets diff: 3791
01-19 17:17:14.220 D/CombinedWidgetProvider( 1680): +addAppWidgetCategories
01-19 17:17:14.220 D/CombinedWidgetProvider( 1680): add AppWidget category: WidgetCategory(YouTube/APP_WIDGET/0)
01-19 17:17:14.230 D/CombinedWidgetProvider( 1680): add AppWidget category: WidgetCategory(Twitter (large)/APP_WIDGET/0)
01-19 17:17:14.230 D/CombinedWidgetProvider( 1680): add AppWidget category: WidgetCategory(Twitter (small)/APP_WIDGET/0)
01-19 17:17:14.230 D/CombinedWidgetProvider( 1680): add AppWidget category: WidgetCategory(Traffic/APP_WIDGET/0)
01-19 17:17:14.230 D/CombinedWidgetProvider( 1680): add AppWidget category: WidgetCategory(Latitude/APP_WIDGET/0)
01-19 17:17:14.230 D/CombinedWidgetProvider( 1680): add AppWidget category: WidgetCategory(Market/APP_WIDGET/0)
01-19 17:17:14.230 D/CombinedWidgetProvider( 1680): add AppWidget category: WidgetCategory(Google Search/APP_WIDGET/0)
01-19 17:17:14.230 D/CombinedWidgetProvider( 1680): add AppWidget category: WidgetCategory(Gmail/APP_WIDGET/0)
01-19 17:17:14.230 D/CombinedWidgetProvider( 1680): add AppWidget category: WidgetCategory(Bookmarks/APP_WIDGET/0)
01-19 17:17:14.230 D/CombinedWidgetProvider( 1680): -addAppWidgetCategories
01-19 17:17:14.230 D/CombinedWidgetProvider( 1680): +addHtcWidgetCategories
01-19 17:17:14.230 D/CombinedWidgetProvider( 1680):  uri: content://com.htc.launcher.widget.htcwidget/htcwidgets?category_only=true
01-19 17:17:14.230 D/HtcWidgetProvider( 1680): row 1
01-19 17:17:14.240 D/CombinedWidgetProvider( 1680): addHtcWidget Category: WidgetCategory(Tips for Home/HTC_WIDGET/1101)
01-19 17:17:14.240 D/CombinedWidgetProvider( 1680): -addHtcWidgetCategories
01-19 17:17:14.240 D/CombinedWidgetProvider( 1680): +addFxWidgetCategories
01-19 17:17:14.240 D/FxWidgetProvider( 1680): row 94
01-19 17:17:14.330 D/msm7x30.gralloc( 1438): gpu_context_t::getGrallocInformationFromFormat  1 
01-19 17:17:14.450 I/SimplePen( 2378): created render with defaul alpha: 180, color: -1275068161, width: 3.0
01-19 17:17:14.460 I/ActivityManager( 1576): No longer want com.htc.bg (pid 2463): hidden #16
01-19 17:17:14.480 D/PenUtils( 2378): getAllPen() end 194
01-19 17:17:14.480 D/PenMenu ( 2378): mPenTypeLoadingListener runnable - onFinish
01-19 17:17:14.661 D/dalvikvm( 2378): GC_CONCURRENT freed 1228K, 14% free 8331K/9671K, paused 1ms+4ms
01-19 17:17:14.771 D/CombinedWidgetProvider( 1680): +addFxWidgetCategories: default
01-19 17:17:14.771 D/CombinedWidgetProvider( 1680): addFxWidget Category: WidgetCategory(Watch/FX_WIDGET/-2)
01-19 17:17:14.771 D/CombinedWidgetProvider( 1680): +addFxWidgetCategories: default
01-19 17:17:14.771 D/CombinedWidgetProvider( 1680): addFxWidget Category: WidgetCategory(Mail/FX_WIDGET/-2)
01-19 17:17:14.771 D/CombinedWidgetProvider( 1680): +addFxWidgetCategories: default
01-19 17:17:14.771 D/CombinedWidgetProvider( 1680): addFxWidget Category: WidgetCategory(People/FX_WIDGET/-2)
01-19 17:17:14.771 D/CombinedWidgetProvider( 1680): +addFxWidgetCategories: default
01-19 17:17:14.771 D/CombinedWidgetProvider( 1680): addFxWidget Category: WidgetCategory(Calendar/FX_WIDGET/-2)
01-19 17:17:14.771 D/CombinedWidgetProvider( 1680): +addFxWidgetCategories: default
01-19 17:17:14.771 D/CombinedWidgetProvider( 1680): addFxWidget Category: WidgetCategory(Bookmarks/FX_WIDGET/-2)
01-19 17:17:14.771 D/CombinedWidgetProvider( 1680): +addFxWidgetCategories: default
01-19 17:17:14.771 D/CombinedWidgetProvider( 1680): addFxWidget Category: WidgetCategory(Messages/FX_WIDGET/-2)
01-19 17:17:14.771 D/CombinedWidgetProvider( 1680): +addFxWidgetCategories: default
01-19 17:17:14.771 D/CombinedWidgetProvider( 1680): addFxWidget Category: WidgetCategory(Twitter/FX_WIDGET/-2)
01-19 17:17:14.771 D/CombinedWidgetProvider( 1680): +addFxWidgetCategories: default
01-19 17:17:14.771 D/CombinedWidgetProvider( 1680): addFxWidget Category: WidgetCategory(Trends/FX_WIDGET/-2)
01-19 17:17:14.771 D/CombinedWidgetProvider( 1680): +addFxWidgetCategories: default
01-19 17:17:14.771 D/CombinedWidgetProvider( 1680): addFxWidget Category: WidgetCategory(Sync All/FX_WIDGET/-2)
01-19 17:17:14.771 D/CombinedWidgetProvider( 1680): +addFxWidgetCategories: default
01-19 17:17:14.771 D/CombinedWidgetProvider( 1680): addFxWidget Category: WidgetCategory(Music/FX_WIDGET/-2)
01-19 17:17:14.771 D/CombinedWidgetProvider( 1680): +addFxWidgetCategories: default
01-19 17:17:14.771 D/CombinedWidgetProvider( 1680): addFxWidget Category: WidgetCategory(Friend Stream/FX_WIDGET/-2)
01-19 17:17:14.771 D/CombinedWidgetProvider( 1680): +addFxWidgetCategories: default
01-19 17:17:14.771 D/CombinedWidgetProvider( 1680): addFxWidget Category: WidgetCategory(My Shelf/FX_WIDGET/-2)
01-19 17:17:14.781 D/CombinedWidgetProvider( 1680): +addFxWidgetCategories: default
01-19 17:17:14.781 D/CombinedWidgetProvider( 1680): addFxWidget Category: WidgetCategory(Weather/FX_WIDGET/-2)
01-19 17:17:14.781 D/CombinedWidgetProvider( 1680): +addFxWidgetCategories: default
01-19 17:17:14.781 D/CombinedWidgetProvider( 1680): addFxWidget Category: WidgetCategory(Notes/FX_WIDGET/-2)
01-19 17:17:14.781 D/CombinedWidgetProvider( 1680): +addFxWidgetCategories: default
01-19 17:17:14.781 D/CombinedWidgetProvider( 1680): addFxWidget Category: WidgetCategory(HTC Likes/FX_WIDGET/-2)
01-19 17:17:14.781 D/CombinedWidgetProvider( 1680): +addFxWidgetCategories: default
01-19 17:17:14.781 D/CombinedWidgetProvider( 1680): addFxWidget Category: WidgetCategory(Photo Album/FX_WIDGET/-2)
01-19 17:17:14.781 D/CombinedWidgetProvider( 1680): +addFxWidgetCategories: default
01-19 17:17:14.781 D/CombinedWidgetProvider( 1680): addFxWidget Category: WidgetCategory(Photo Frame/FX_WIDGET/-2)
01-19 17:17:14.781 D/CombinedWidgetProvider( 1680): +addFxWidgetCategories: default
01-19 17:17:14.781 D/dalvikvm( 2378): GC_CONCURRENT freed 232K, 10% free 8717K/9671K, paused 1ms+9ms
01-19 17:17:14.791 D/CombinedWidgetProvider( 1680): addFxWidget Category: WidgetCategory(Photo Grid/FX_WIDGET/-2)
01-19 17:17:14.791 D/CombinedWidgetProvider( 1680): +addFxWidgetCategories: default
01-19 17:17:14.791 D/CombinedWidgetProvider( 1680): addFxWidget Category: WidgetCategory(Navigate/FX_WIDGET/-2)
01-19 17:17:14.791 D/CombinedWidgetProvider( 1680): +addFxWidgetCategories: default
01-19 17:17:14.791 D/CombinedWidgetProvider( 1680): addFxWidget Category: WidgetCategory(Locations/FX_WIDGET/-2)
01-19 17:17:14.791 D/CombinedWidgetProvider( 1680): +addFxWidgetCategories: default
01-19 17:17:14.791 D/CombinedWidgetProvider( 1680): addFxWidget Category: WidgetCategory(News/FX_WIDGET/-2)
01-19 17:17:14.791 D/CombinedWidgetProvider( 1680): +addFxWidgetCategories: default
01-19 17:17:14.791 D/CombinedWidgetProvider( 1680): addFxWidget Category: WidgetCategory(Clock/FX_WIDGET/-2)
01-19 17:17:14.801 D/CombinedWidgetProvider( 1680): +addFxWidgetCategories: default
01-19 17:17:14.801 D/CombinedWidgetProvider( 1680): addFxWidget Category: WidgetCategory(Calculator/FX_WIDGET/-2)
01-19 17:17:14.801 D/CombinedWidgetProvider( 1680): +addFxWidgetCategories: default
01-19 17:17:14.801 D/CombinedWidgetProvider( 1680): addFxWidget Category: WidgetCategory(Stocks/FX_WIDGET/-2)
01-19 17:17:14.801 D/CombinedWidgetProvider( 1680): -addFxWidgetCategories
01-19 17:17:14.851 D/dalvikvm( 1680): GC_CONCURRENT freed 1165K, 12% free 12122K/13767K, paused 2ms+20ms
01-19 17:17:14.921 D/dalvikvm( 2378): GC_FOR_ALLOC freed 1148K, 17% free 8034K/9671K, paused 39ms
01-19 17:17:14.981 D/dalvikvm( 2378): GC_CONCURRENT freed 19K, 12% free 8518K/9671K, paused 2ms+1ms
01-19 17:17:15.001 V/lib_locapi( 1576): loc_eng_ioctl called: client = 1, ioctl_type = 409
01-19 17:17:15.001 D/locapi_rpc_glue( 1576): loc_ioctl
01-19 17:17:15.001 D/RPC     ( 1576): written RPC packet size: [164]
01-19 17:17:15.011 D/RPC     ( 1576): read RPC packet
01-19 17:17:15.011 D/RPC     ( 1576): read RPC packet size: [28]
01-19 17:17:15.011 V/locapi_rpc_glue( 1576): loc_api_sync_ioctl: select_id = 0, loc_ioctl returned 0
01-19 17:17:15.011 V/locapi_rpc_glue( 1576): +loc_wait_callback: select_id: 0
01-19 17:17:15.011 D/RPC     ( 1576): read RPC packet
01-19 17:17:15.011 D/RPC     ( 1576): read RPC packet size: [80]
01-19 17:17:15.011 V/locapi_rpc_glue( 1576): Callback received: 80 (cb_id=0x6280000 handle=1)
01-19 17:17:15.011 V/locapi_rpc_glue( 1576): +loc_api_callback_process_sync_call
01-19 17:17:15.011 V/locapi_rpc_glue( 1576): loc_api_callback_process_sync_call: signal cb wait, slot i=0
01-19 17:17:15.011 V/locapi_rpc_glue( 1576): loc_wait_callback: wait cb SUCCESS
01-19 17:17:15.011 V/locapi_rpc_glue( 1576): -loc_wait_callback
01-19 17:17:15.011 V/lib_locapi( 1576): loc_eng_ioctl result: client = 1, ioctl_type = 409, SUCCESS
01-19 17:17:15.011 D/lib_locapi( 1576): [GPS:] loc_eng_report_status: GPS_STATUS_ENGINE_ON
01-19 17:17:15.011 D/lib_locapi( 1576): [GPS:] loc_eng_report_status: issue callback with status 3
01-19 17:17:15.011 V/GpsLocationProvider( 1576): reportStatus status: 0
01-19 17:17:15.011 D/GpsLocationProvider( 1576): [reportStatus] mNavigating:true mEngineOn:false mDownloadXtraDataPending:true
01-19 17:17:15.011 V/GpsLocationProvider( 1576): reportStatus status: 0
01-19 17:17:15.011 D/GpsLocationProvider( 1576): [reportStatus] mNavigating:true mEngineOn:false mDownloadXtraDataPending:true
01-19 17:17:15.011 D/lib_locapi( 1576): [GPS:] loc_eng_report_status: update status
01-19 17:17:15.011 V/GpsLocationProvider( 1576): reportStatus status: 3
01-19 17:17:15.011 D/GpsLocationProvider( 1576): [reportStatus] mNavigating:true mEngineOn:true mDownloadXtraDataPending:true
01-19 17:17:15.011 V/locapi_rpc_glue( 1576): -loc_api_callback_process_sync_call
01-19 17:17:15.011 D/RPC     ( 1576): written RPC packet size: [28]
01-19 17:17:15.011 I/System.out( 2741): Values: 0.0 0.0
01-19 17:17:15.041 D/dalvikvm( 2378): GC_CONCURRENT freed 414K, 10% free 8747K/9671K, paused 3ms+3ms
01-19 17:17:15.281 D/dalvikvm( 1665): GC_CONCURRENT freed 268K, 11% free 7893K/8775K, paused 1ms+2ms
01-19 17:17:15.541 D/RPC     ( 1576): read RPC packet
01-19 17:17:15.541 D/RPC     ( 1576): read RPC packet size: [272]
01-19 17:17:15.541 V/locapi_rpc_glue( 1576): Callback received: 4 (cb_id=0x6280000 handle=1)
01-19 17:17:15.541 V/locapi_rpc_glue( 1576): +loc_api_callback_process_sync_call
01-19 17:17:15.541 V/locapi_rpc_glue( 1576): -loc_api_callback_process_sync_call, no sync call in use
01-19 17:17:15.541 D/RPC     ( 1576): written RPC packet size: [28]
01-19 17:17:15.541 D/RPC     ( 1576): read RPC packet
01-19 17:17:15.541 D/RPC     ( 1576): read RPC packet size: [272]
01-19 17:17:15.541 V/locapi_rpc_glue( 1576): Callback received: 4 (cb_id=0x6280000 handle=1)
01-19 17:17:15.541 V/locapi_rpc_glue( 1576): +loc_api_callback_process_sync_call
01-19 17:17:15.541 V/locapi_rpc_glue( 1576): -loc_api_callback_process_sync_call, no sync call in use
01-19 17:17:15.541 D/RPC     ( 1576): written RPC packet size: [28]
01-19 17:17:15.541 D/RPC     ( 1576): read RPC packet
01-19 17:17:15.551 D/RPC     ( 1576): read RPC packet size: [272]
01-19 17:17:15.551 V/locapi_rpc_glue( 1576): Callback received: 4 (cb_id=0x6280000 handle=1)
01-19 17:17:15.551 V/locapi_rpc_glue( 1576): +loc_api_callback_process_sync_call
01-19 17:17:15.551 V/locapi_rpc_glue( 1576): -loc_api_callback_process_sync_call, no sync call in use
01-19 17:17:15.551 D/RPC     ( 1576): written RPC packet size: [28]
01-19 17:17:15.561 D/RPC     ( 1576): read RPC packet
01-19 17:17:15.561 D/RPC     ( 1576): read RPC packet size: [272]
01-19 17:17:15.561 V/locapi_rpc_glue( 1576): Callback received: 4 (cb_id=0x6280000 handle=1)
01-19 17:17:15.561 V/locapi_rpc_glue( 1576): +loc_api_callback_process_sync_call
01-19 17:17:15.561 V/locapi_rpc_glue( 1576): -loc_api_callback_process_sync_call, no sync call in use
01-19 17:17:15.561 D/RPC     ( 1576): written RPC packet size: [28]
01-19 17:17:15.561 D/RPC     ( 1576): read RPC packet
01-19 17:17:15.561 D/RPC     ( 1576): read RPC packet size: [96]
01-19 17:17:15.561 V/locapi_rpc_glue( 1576): Callback received: 2 (cb_id=0x6280000 handle=1)
01-19 17:17:15.561 V/locapi_rpc_glue( 1576): +loc_api_callback_process_sync_call
01-19 17:17:15.561 V/locapi_rpc_glue( 1576): -loc_api_callback_process_sync_call, no sync call in use
01-19 17:17:15.561 D/lib_locapi( 1576): loc_eng_report_sv: valid_mask = 0x30, num of sv = 0
01-19 17:17:15.561 D/GpsLocationProvider( 1576): reportSvStatus
01-19 17:17:15.561 V/GpsLocationProvider( 1576): SV count: 0 ephemerisMask: 0 almanacMask: 0
01-19 17:17:15.561 D/RPC     ( 1576): written RPC packet size: [28]
01-19 17:17:15.571 D/RPC     ( 1576): read RPC packet
01-19 17:17:15.571 D/RPC     ( 1576): read RPC packet size: [272]
01-19 17:17:15.571 V/locapi_rpc_glue( 1576): Callback received: 4 (cb_id=0x6280000 handle=1)
01-19 17:17:15.571 V/locapi_rpc_glue( 1576): +loc_api_callback_process_sync_call
01-19 17:17:15.571 V/locapi_rpc_glue( 1576): -loc_api_callback_process_sync_call, no sync call in use
01-19 17:17:15.571 D/RPC     ( 1576): written RPC packet size: [28]
01-19 17:17:15.571 D/RPC     ( 1576): read RPC packet
01-19 17:17:15.571 D/RPC     ( 1576): read RPC packet size: [272]
01-19 17:17:15.571 V/locapi_rpc_glue( 1576): Callback received: 4 (cb_id=0x6280000 handle=1)
01-19 17:17:15.582 V/locapi_rpc_glue( 1576): +loc_api_callback_process_sync_call
01-19 17:17:15.582 V/locapi_rpc_glue( 1576): -loc_api_callback_process_sync_call, no sync call in use
01-19 17:17:15.582 D/RPC     ( 1576): written RPC packet size: [28]
01-19 17:17:15.582 D/RPC     ( 1576): read RPC packet
01-19 17:17:15.582 D/RPC     ( 1576): read RPC packet size: [272]
01-19 17:17:15.582 V/locapi_rpc_glue( 1576): Callback received: 4 (cb_id=0x6280000 handle=1)
01-19 17:17:15.582 V/locapi_rpc_glue( 1576): +loc_api_callback_process_sync_call
01-19 17:17:15.582 V/locapi_rpc_glue( 1576): -loc_api_callback_process_sync_call, no sync call in use
01-19 17:17:15.592 D/RPC     ( 1576): written RPC packet size: [28]
01-19 17:17:15.592 D/RPC     ( 1576): read RPC packet
01-19 17:17:15.592 D/RPC     ( 1576): read RPC packet size: [272]
01-19 17:17:15.592 V/locapi_rpc_glue( 1576): Callback received: 4 (cb_id=0x6280000 handle=1)
01-19 17:17:15.592 V/locapi_rpc_glue( 1576): +loc_api_callback_process_sync_call
01-19 17:17:15.592 V/locapi_rpc_glue( 1576): -loc_api_callback_process_sync_call, no sync call in use
01-19 17:17:15.592 D/RPC     ( 1576): written RPC packet size: [28]
01-19 17:17:15.952 D/RPC     ( 1576): read RPC packet
01-19 17:17:15.952 D/RPC     ( 1576): read RPC packet size: [208]
01-19 17:17:15.952 V/locapi_rpc_glue( 1576): Callback received: 1 (cb_id=0x6280000 handle=1)
01-19 17:17:15.952 V/locapi_rpc_glue( 1576): +loc_api_callback_process_sync_call
01-19 17:17:15.952 V/locapi_rpc_glue( 1576): -loc_api_callback_process_sync_call, no sync call in use
01-19 17:17:15.952 D/lib_locapi( 1576): loc_eng_report_position: valid mask = 0x606d, sess status = 1
01-19 17:17:15.952 D/RPC     ( 1576): written RPC packet size: [28]
01-19 17:17:16.012 I/System.out( 2741): Values: 0.0 0.0
01-19 17:17:16.542 D/RPC     ( 1576): read RPC packet
01-19 17:17:16.542 D/RPC     ( 1576): read RPC packet size: [272]
01-19 17:17:16.542 V/locapi_rpc_glue( 1576): Callback received: 4 (cb_id=0x6280000 handle=1)
01-19 17:17:16.542 V/locapi_rpc_glue( 1576): +loc_api_callback_process_sync_call
01-19 17:17:16.542 V/locapi_rpc_glue( 1576): -loc_api_callback_process_sync_call, no sync call in use
01-19 17:17:16.542 D/RPC     ( 1576): written RPC packet size: [28]
01-19 17:17:16.542 D/RPC     ( 1576): read RPC packet
01-19 17:17:16.542 D/RPC     ( 1576): read RPC packet size: [272]
01-19 17:17:16.542 V/locapi_rpc_glue( 1576): Callback received: 4 (cb_id=0x6280000 handle=1)
01-19 17:17:16.542 V/locapi_rpc_glue( 1576): +loc_api_callback_process_sync_call
01-19 17:17:16.552 V/locapi_rpc_glue( 1576): -loc_api_callback_process_sync_call, no sync call in use
01-19 17:17:16.552 D/RPC     ( 1576): written RPC packet size: [28]
01-19 17:17:16.552 D/RPC     ( 1576): read RPC packet
01-19 17:17:16.552 D/RPC     ( 1576): read RPC packet size: [272]
01-19 17:17:16.552 V/locapi_rpc_glue( 1576): Callback received: 4 (cb_id=0x6280000 handle=1)
01-19 17:17:16.552 V/locapi_rpc_glue( 1576): +loc_api_callback_process_sync_call
01-19 17:17:16.552 V/locapi_rpc_glue( 1576): -loc_api_callback_process_sync_call, no sync call in use
01-19 17:17:16.552 D/RPC     ( 1576): written RPC packet size: [28]
01-19 17:17:16.562 D/RPC     ( 1576): read RPC packet
01-19 17:17:16.562 D/RPC     ( 1576): read RPC packet size: [272]
01-19 17:17:16.562 V/locapi_rpc_glue( 1576): Callback received: 4 (cb_id=0x6280000 handle=1)
01-19 17:17:16.562 V/locapi_rpc_glue( 1576): +loc_api_callback_process_sync_call
01-19 17:17:16.562 V/locapi_rpc_glue( 1576): -loc_api_callback_process_sync_call, no sync call in use
01-19 17:17:16.562 D/RPC     ( 1576): written RPC packet size: [28]
01-19 17:17:16.562 D/RPC     ( 1576): read RPC packet
01-19 17:17:16.562 D/RPC     ( 1576): read RPC packet size: [96]
01-19 17:17:16.562 V/locapi_rpc_glue( 1576): Callback received: 2 (cb_id=0x6280000 handle=1)
01-19 17:17:16.572 V/locapi_rpc_glue( 1576): +loc_api_callback_process_sync_call
01-19 17:17:16.572 V/locapi_rpc_glue( 1576): -loc_api_callback_process_sync_call, no sync call in use
01-19 17:17:16.572 D/lib_locapi( 1576): loc_eng_report_sv: valid_mask = 0x30, num of sv = 0
01-19 17:17:16.572 D/GpsLocationProvider( 1576): reportSvStatus
01-19 17:17:16.572 V/GpsLocationProvider( 1576): SV count: 0 ephemerisMask: 0 almanacMask: 0
01-19 17:17:16.572 D/RPC     ( 1576): written RPC packet size: [28]
01-19 17:17:16.582 D/RPC     ( 1576): read RPC packet
01-19 17:17:16.582 D/RPC     ( 1576): read RPC packet size: [272]
01-19 17:17:16.582 V/locapi_rpc_glue( 1576): Callback received: 4 (cb_id=0x6280000 handle=1)
01-19 17:17:16.582 V/locapi_rpc_glue( 1576): +loc_api_callback_process_sync_call
01-19 17:17:16.582 V/locapi_rpc_glue( 1576): -loc_api_callback_process_sync_call, no sync call in use
01-19 17:17:16.582 D/RPC     ( 1576): written RPC packet size: [28]
01-19 17:17:16.582 D/RPC     ( 1576): read RPC packet
01-19 17:17:16.582 D/RPC     ( 1576): read RPC packet size: [272]
01-19 17:17:16.592 V/locapi_rpc_glue( 1576): Callback received: 4 (cb_id=0x6280000 handle=1)
01-19 17:17:16.592 V/locapi_rpc_glue( 1576): +loc_api_callback_process_sync_call
01-19 17:17:16.592 V/locapi_rpc_glue( 1576): -loc_api_callback_process_sync_call, no sync call in use
01-19 17:17:16.592 D/RPC     ( 1576): written RPC packet size: [28]
01-19 17:17:16.592 D/RPC     ( 1576): read RPC packet
01-19 17:17:16.592 D/RPC     ( 1576): read RPC packet size: [272]
01-19 17:17:16.592 V/locapi_rpc_glue( 1576): Callback received: 4 (cb_id=0x6280000 handle=1)
01-19 17:17:16.603 V/locapi_rpc_glue( 1576): +loc_api_callback_process_sync_call
01-19 17:17:16.603 V/locapi_rpc_glue( 1576): -loc_api_callback_process_sync_call, no sync call in use
01-19 17:17:16.603 D/RPC     ( 1576): written RPC packet size: [28]
01-19 17:17:16.603 D/RPC     ( 1576): read RPC packet
01-19 17:17:16.603 D/RPC     ( 1576): read RPC packet size: [272]
01-19 17:17:16.603 V/locapi_rpc_glue( 1576): Callback received: 4 (cb_id=0x6280000 handle=1)
01-19 17:17:16.603 V/locapi_rpc_glue( 1576): +loc_api_callback_process_sync_call
01-19 17:17:16.603 V/locapi_rpc_glue( 1576): -loc_api_callback_process_sync_call, no sync call in use
01-19 17:17:16.613 D/RPC     ( 1576): written RPC packet size: [28]
01-19 17:17:16.953 D/RPC     ( 1576): read RPC packet
01-19 17:17:16.953 D/RPC     ( 1576): read RPC packet size: [208]
01-19 17:17:16.953 V/locapi_rpc_glue( 1576): Callback received: 1 (cb_id=0x6280000 handle=1)
01-19 17:17:16.953 V/locapi_rpc_glue( 1576): +loc_api_callback_process_sync_call
01-19 17:17:16.953 V/locapi_rpc_glue( 1576): -loc_api_callback_process_sync_call, no sync call in use
01-19 17:17:16.953 D/lib_locapi( 1576): loc_eng_report_position: valid mask = 0x606d, sess status = 1
01-19 17:17:16.953 D/RPC     ( 1576): written RPC packet size: [28]
01-19 17:17:17.013 I/System.out( 2741): Values: 0.0 0.0
01-19 17:17:17.543 D/RPC     ( 1576): read RPC packet
01-19 17:17:17.543 D/RPC     ( 1576): read RPC packet size: [272]
01-19 17:17:17.543 V/locapi_rpc_glue( 1576): Callback received: 4 (cb_id=0x6280000 handle=1)
01-19 17:17:17.543 V/locapi_rpc_glue( 1576): +loc_api_callback_process_sync_call
01-19 17:17:17.543 V/locapi_rpc_glue( 1576): -loc_api_callback_process_sync_call, no sync call in use
01-19 17:17:17.543 D/RPC     ( 1576): written RPC packet size: [28]
01-19 17:17:17.543 D/RPC     ( 1576): read RPC packet
01-19 17:17:17.543 D/RPC     ( 1576): read RPC packet size: [272]
01-19 17:17:17.553 V/locapi_rpc_glue( 1576): Callback received: 4 (cb_id=0x6280000 handle=1)
01-19 17:17:17.553 V/locapi_rpc_glue( 1576): +loc_api_callback_process_sync_call
01-19 17:17:17.553 V/locapi_rpc_glue( 1576): -loc_api_callback_process_sync_call, no sync call in use
01-19 17:17:17.553 D/RPC     ( 1576): written RPC packet size: [28]
01-19 17:17:17.553 D/RPC     ( 1576): read RPC packet
01-19 17:17:17.553 D/RPC     ( 1576): read RPC packet size: [272]
01-19 17:17:17.553 V/locapi_rpc_glue( 1576): Callback received: 4 (cb_id=0x6280000 handle=1)
01-19 17:17:17.553 V/locapi_rpc_glue( 1576): +loc_api_callback_process_sync_call
01-19 17:17:17.553 V/locapi_rpc_glue( 1576): -loc_api_callback_process_sync_call, no sync call in use
01-19 17:17:17.553 D/RPC     ( 1576): written RPC packet size: [28]
01-19 17:17:17.563 D/RPC     ( 1576): read RPC packet
01-19 17:17:17.563 D/RPC     ( 1576): read RPC packet size: [272]
01-19 17:17:17.563 V/locapi_rpc_glue( 1576): Callback received: 4 (cb_id=0x6280000 handle=1)
01-19 17:17:17.563 V/locapi_rpc_glue( 1576): +loc_api_callback_process_sync_call
01-19 17:17:17.563 V/locapi_rpc_glue( 1576): -loc_api_callback_process_sync_call, no sync call in use
01-19 17:17:17.563 D/RPC     ( 1576): written RPC packet size: [28]
01-19 17:17:17.573 D/RPC     ( 1576): read RPC packet
01-19 17:17:17.573 D/RPC     ( 1576): read RPC packet size: [96]
01-19 17:17:17.573 V/locapi_rpc_glue( 1576): Callback received: 2 (cb_id=0x6280000 handle=1)
01-19 17:17:17.573 V/locapi_rpc_glue( 1576): +loc_api_callback_process_sync_call
01-19 17:17:17.573 V/locapi_rpc_glue( 1576): -loc_api_callback_process_sync_call, no sync call in use
01-19 17:17:17.573 D/lib_locapi( 1576): loc_eng_report_sv: valid_mask = 0x30, num of sv = 0
01-19 17:17:17.573 D/GpsLocationProvider( 1576): reportSvStatus
01-19 17:17:17.573 V/GpsLocationProvider( 1576): SV count: 0 ephemerisMask: 0 almanacMask: 0
01-19 17:17:17.573 D/RPC     ( 1576): written RPC packet size: [28]
01-19 17:17:17.583 D/RPC     ( 1576): read RPC packet
01-19 17:17:17.583 D/RPC     ( 1576): read RPC packet size: [272]
01-19 17:17:17.583 V/locapi_rpc_glue( 1576): Callback received: 4 (cb_id=0x6280000 handle=1)
01-19 17:17:17.583 V/locapi_rpc_glue( 1576): +loc_api_callback_process_sync_call
01-19 17:17:17.583 V/locapi_rpc_glue( 1576): -loc_api_callback_process_sync_call, no sync call in use
01-19 17:17:17.583 D/RPC     ( 1576): written RPC packet size: [28]
01-19 17:17:17.593 D/RPC     ( 1576): read RPC packet
01-19 17:17:17.593 D/RPC     ( 1576): read RPC packet size: [272]
01-19 17:17:17.593 V/locapi_rpc_glue( 1576): Callback received: 4 (cb_id=0x6280000 handle=1)
01-19 17:17:17.593 V/locapi_rpc_glue( 1576): +loc_api_callback_process_sync_call
