01-19 17:17:54.630 V/locapi_rpc_glue( 1576): +loc_api_callback_process_sync_call
01-19 17:17:54.630 V/locapi_rpc_glue( 1576): -loc_api_callback_process_sync_call, no sync call in use
01-19 17:17:54.640 D/RPC     ( 1576): written RPC packet size: [28]
01-19 17:17:55.010 D/RPC     ( 1576): read RPC packet
01-19 17:17:55.010 D/RPC     ( 1576): read RPC packet size: [208]
01-19 17:17:55.010 V/locapi_rpc_glue( 1576): Callback received: 1 (cb_id=0x6280000 handle=1)
01-19 17:17:55.010 V/locapi_rpc_glue( 1576): +loc_api_callback_process_sync_call
01-19 17:17:55.010 V/locapi_rpc_glue( 1576): -loc_api_callback_process_sync_call, no sync call in use
01-19 17:17:55.020 D/lib_locapi( 1576): loc_eng_report_position: valid mask = 0x606d, sess status = 1
01-19 17:17:55.020 D/RPC     ( 1576): written RPC packet size: [28]
01-19 17:17:55.020 I/System.out( 2741): Values: 0.0 0.0
01-19 17:17:55.551 D/RPC     ( 1576): read RPC packet
01-19 17:17:55.551 D/RPC     ( 1576): read RPC packet size: [272]
01-19 17:17:55.551 V/locapi_rpc_glue( 1576): Callback received: 4 (cb_id=0x6280000 handle=1)
01-19 17:17:55.551 V/locapi_rpc_glue( 1576): +loc_api_callback_process_sync_call
01-19 17:17:55.551 V/locapi_rpc_glue( 1576): -loc_api_callback_process_sync_call, no sync call in use
01-19 17:17:55.551 D/RPC     ( 1576): written RPC packet size: [28]
01-19 17:17:55.561 D/RPC     ( 1576): read RPC packet
01-19 17:17:55.561 D/RPC     ( 1576): read RPC packet size: [272]
01-19 17:17:55.561 V/locapi_rpc_glue( 1576): Callback received: 4 (cb_id=0x6280000 handle=1)
01-19 17:17:55.561 V/locapi_rpc_glue( 1576): +loc_api_callback_process_sync_call
01-19 17:17:55.561 V/locapi_rpc_glue( 1576): -loc_api_callback_process_sync_call, no sync call in use
01-19 17:17:55.561 D/RPC     ( 1576): written RPC packet size: [28]
01-19 17:17:55.571 D/RPC     ( 1576): read RPC packet
01-19 17:17:55.571 D/RPC     ( 1576): read RPC packet size: [272]
01-19 17:17:55.571 V/locapi_rpc_glue( 1576): Callback received: 4 (cb_id=0x6280000 handle=1)
01-19 17:17:55.571 V/locapi_rpc_glue( 1576): +loc_api_callback_process_sync_call
01-19 17:17:55.571 V/locapi_rpc_glue( 1576): -loc_api_callback_process_sync_call, no sync call in use
01-19 17:17:55.571 D/RPC     ( 1576): written RPC packet size: [28]
01-19 17:17:55.581 D/RPC     ( 1576): read RPC packet
01-19 17:17:55.581 D/RPC     ( 1576): read RPC packet size: [272]
01-19 17:17:55.581 V/locapi_rpc_glue( 1576): Callback received: 4 (cb_id=0x6280000 handle=1)
01-19 17:17:55.581 V/locapi_rpc_glue( 1576): +loc_api_callback_process_sync_call
01-19 17:17:55.581 V/locapi_rpc_glue( 1576): -loc_api_callback_process_sync_call, no sync call in use
01-19 17:17:55.581 D/RPC     ( 1576): written RPC packet size: [28]
01-19 17:17:55.591 D/RPC     ( 1576): read RPC packet
01-19 17:17:55.591 D/RPC     ( 1576): read RPC packet size: [216]
01-19 17:17:55.591 V/locapi_rpc_glue( 1576): Callback received: 2 (cb_id=0x6280000 handle=1)
01-19 17:17:55.591 V/locapi_rpc_glue( 1576): +loc_api_callback_process_sync_call
01-19 17:17:55.591 V/locapi_rpc_glue( 1576): -loc_api_callback_process_sync_call, no sync call in use
01-19 17:17:55.591 D/lib_locapi( 1576): loc_eng_report_sv: valid_mask = 0x30, num of sv = 3
01-19 17:17:55.591 D/GpsLocationProvider( 1576): reportSvStatus
01-19 17:17:55.591 V/GpsLocationProvider( 1576): SV count: 3 ephemerisMask: 0 almanacMask: 2000110
01-19 17:17:55.591 V/GpsLocationProvider( 1576): sv: 5 snr: 2.42 elev: 53.0 azimuth: 194.0   AU
01-19 17:17:55.591 V/GpsLocationProvider( 1576): sv: 9 snr: 2.09 elev: 60.0 azimuth: 67.0   AU
01-19 17:17:55.601 V/GpsLocationProvider( 1576): sv: 26 snr: 2.59 elev: 74.0 azimuth: 286.0   AU
01-19 17:17:55.601 D/RPC     ( 1576): written RPC packet size: [28]
01-19 17:17:55.611 D/RPC     ( 1576): read RPC packet
01-19 17:17:55.611 D/RPC     ( 1576): read RPC packet size: [272]
01-19 17:17:55.611 V/locapi_rpc_glue( 1576): Callback received: 4 (cb_id=0x6280000 handle=1)
01-19 17:17:55.611 V/locapi_rpc_glue( 1576): +loc_api_callback_process_sync_call
01-19 17:17:55.611 V/locapi_rpc_glue( 1576): -loc_api_callback_process_sync_call, no sync call in use
01-19 17:17:55.611 D/RPC     ( 1576): written RPC packet size: [28]
01-19 17:17:55.621 D/RPC     ( 1576): read RPC packet
01-19 17:17:55.621 D/RPC     ( 1576): read RPC packet size: [272]
01-19 17:17:55.621 V/locapi_rpc_glue( 1576): Callback received: 4 (cb_id=0x6280000 handle=1)
01-19 17:17:55.621 V/locapi_rpc_glue( 1576): +loc_api_callback_process_sync_call
01-19 17:17:55.621 V/locapi_rpc_glue( 1576): -loc_api_callback_process_sync_call, no sync call in use
01-19 17:17:55.621 D/RPC     ( 1576): written RPC packet size: [28]
01-19 17:17:55.631 D/RPC     ( 1576): read RPC packet
01-19 17:17:55.631 D/RPC     ( 1576): read RPC packet size: [272]
01-19 17:17:55.631 V/locapi_rpc_glue( 1576): Callback received: 4 (cb_id=0x6280000 handle=1)
01-19 17:17:55.631 V/locapi_rpc_glue( 1576): +loc_api_callback_process_sync_call
01-19 17:17:55.631 V/locapi_rpc_glue( 1576): -loc_api_callback_process_sync_call, no sync call in use
01-19 17:17:55.631 D/RPC     ( 1576): written RPC packet size: [28]
01-19 17:17:55.641 D/RPC     ( 1576): read RPC packet
01-19 17:17:55.641 D/RPC     ( 1576): read RPC packet size: [272]
01-19 17:17:55.641 V/locapi_rpc_glue( 1576): Callback received: 4 (cb_id=0x6280000 handle=1)
01-19 17:17:55.641 V/locapi_rpc_glue( 1576): +loc_api_callback_process_sync_call
01-19 17:17:55.641 V/locapi_rpc_glue( 1576): -loc_api_callback_process_sync_call, no sync call in use
01-19 17:17:55.641 D/RPC     ( 1576): written RPC packet size: [28]
01-19 17:17:56.011 D/RPC     ( 1576): read RPC packet
01-19 17:17:56.011 D/RPC     ( 1576): read RPC packet size: [208]
01-19 17:17:56.011 V/locapi_rpc_glue( 1576): Callback received: 1 (cb_id=0x6280000 handle=1)
01-19 17:17:56.011 V/locapi_rpc_glue( 1576): +loc_api_callback_process_sync_call
01-19 17:17:56.011 V/locapi_rpc_glue( 1576): -loc_api_callback_process_sync_call, no sync call in use
01-19 17:17:56.011 D/lib_locapi( 1576): loc_eng_report_position: valid mask = 0x606d, sess status = 1
01-19 17:17:56.021 D/RPC     ( 1576): written RPC packet size: [28]
01-19 17:17:56.021 I/System.out( 2741): Values: 0.0 0.0
01-19 17:17:56.551 D/RPC     ( 1576): read RPC packet
01-19 17:17:56.551 D/RPC     ( 1576): read RPC packet size: [272]
01-19 17:17:56.551 V/locapi_rpc_glue( 1576): Callback received: 4 (cb_id=0x6280000 handle=1)
01-19 17:17:56.551 V/locapi_rpc_glue( 1576): +loc_api_callback_process_sync_call
01-19 17:17:56.551 V/locapi_rpc_glue( 1576): -loc_api_callback_process_sync_call, no sync call in use
01-19 17:17:56.551 D/RPC     ( 1576): written RPC packet size: [28]
01-19 17:17:56.561 D/RPC     ( 1576): read RPC packet
01-19 17:17:56.561 D/RPC     ( 1576): read RPC packet size: [272]
01-19 17:17:56.561 V/locapi_rpc_glue( 1576): Callback received: 4 (cb_id=0x6280000 handle=1)
01-19 17:17:56.561 V/locapi_rpc_glue( 1576): +loc_api_callback_process_sync_call
01-19 17:17:56.561 V/locapi_rpc_glue( 1576): -loc_api_callback_process_sync_call, no sync call in use
01-19 17:17:56.561 D/RPC     ( 1576): written RPC packet size: [28]
01-19 17:17:56.561 D/RPC     ( 1576): read RPC packet
01-19 17:17:56.561 D/RPC     ( 1576): read RPC packet size: [272]
01-19 17:17:56.561 V/locapi_rpc_glue( 1576): Callback received: 4 (cb_id=0x6280000 handle=1)
01-19 17:17:56.561 V/locapi_rpc_glue( 1576): +loc_api_callback_process_sync_call
01-19 17:17:56.561 V/locapi_rpc_glue( 1576): -loc_api_callback_process_sync_call, no sync call in use
01-19 17:17:56.561 D/RPC     ( 1576): written RPC packet size: [28]
01-19 17:17:56.571 D/RPC     ( 1576): read RPC packet
01-19 17:17:56.571 D/RPC     ( 1576): read RPC packet size: [272]
01-19 17:17:56.571 V/locapi_rpc_glue( 1576): Callback received: 4 (cb_id=0x6280000 handle=1)
01-19 17:17:56.571 V/locapi_rpc_glue( 1576): +loc_api_callback_process_sync_call
01-19 17:17:56.571 V/locapi_rpc_glue( 1576): -loc_api_callback_process_sync_call, no sync call in use
01-19 17:17:56.582 D/RPC     ( 1576): written RPC packet size: [28]
01-19 17:17:56.582 D/RPC     ( 1576): read RPC packet
01-19 17:17:56.582 D/RPC     ( 1576): read RPC packet size: [216]
01-19 17:17:56.582 V/locapi_rpc_glue( 1576): Callback received: 2 (cb_id=0x6280000 handle=1)
01-19 17:17:56.582 V/locapi_rpc_glue( 1576): +loc_api_callback_process_sync_call
01-19 17:17:56.582 V/locapi_rpc_glue( 1576): -loc_api_callback_process_sync_call, no sync call in use
01-19 17:17:56.582 D/lib_locapi( 1576): loc_eng_report_sv: valid_mask = 0x30, num of sv = 3
01-19 17:17:56.582 D/GpsLocationProvider( 1576): reportSvStatus
01-19 17:17:56.592 V/GpsLocationProvider( 1576): SV count: 3 ephemerisMask: 0 almanacMask: 2000110
01-19 17:17:56.592 V/GpsLocationProvider( 1576): sv: 5 snr: 2.3200002 elev: 53.0 azimuth: 194.0   AU
01-19 17:17:56.592 V/GpsLocationProvider( 1576): sv: 9 snr: 2.15 elev: 60.0 azimuth: 67.0   AU
01-19 17:17:56.592 V/GpsLocationProvider( 1576): sv: 26 snr: 2.54 elev: 74.0 azimuth: 286.0   AU
01-19 17:17:56.592 D/RPC     ( 1576): written RPC packet size: [28]
01-19 17:17:56.602 D/RPC     ( 1576): read RPC packet
01-19 17:17:56.602 D/RPC     ( 1576): read RPC packet size: [272]
01-19 17:17:56.602 V/locapi_rpc_glue( 1576): Callback received: 4 (cb_id=0x6280000 handle=1)
01-19 17:17:56.602 V/locapi_rpc_glue( 1576): +loc_api_callback_process_sync_call
01-19 17:17:56.602 V/locapi_rpc_glue( 1576): -loc_api_callback_process_sync_call, no sync call in use
01-19 17:17:56.602 D/RPC     ( 1576): written RPC packet size: [28]
01-19 17:17:56.612 D/RPC     ( 1576): read RPC packet
01-19 17:17:56.612 D/RPC     ( 1576): read RPC packet size: [272]
01-19 17:17:56.612 V/locapi_rpc_glue( 1576): Callback received: 4 (cb_id=0x6280000 handle=1)
01-19 17:17:56.612 V/locapi_rpc_glue( 1576): +loc_api_callback_process_sync_call
01-19 17:17:56.612 V/locapi_rpc_glue( 1576): -loc_api_callback_process_sync_call, no sync call in use
01-19 17:17:56.612 D/RPC     ( 1576): written RPC packet size: [28]
01-19 17:17:56.622 D/RPC     ( 1576): read RPC packet
01-19 17:17:56.622 D/RPC     ( 1576): read RPC packet size: [272]
01-19 17:17:56.622 V/locapi_rpc_glue( 1576): Callback received: 4 (cb_id=0x6280000 handle=1)
01-19 17:17:56.622 V/locapi_rpc_glue( 1576): +loc_api_callback_process_sync_call
01-19 17:17:56.622 V/locapi_rpc_glue( 1576): -loc_api_callback_process_sync_call, no sync call in use
01-19 17:17:56.622 D/RPC     ( 1576): written RPC packet size: [28]
01-19 17:17:56.632 D/RPC     ( 1576): read RPC packet
01-19 17:17:56.632 D/RPC     ( 1576): read RPC packet size: [272]
01-19 17:17:56.632 V/locapi_rpc_glue( 1576): Callback received: 4 (cb_id=0x6280000 handle=1)
01-19 17:17:56.632 V/locapi_rpc_glue( 1576): +loc_api_callback_process_sync_call
01-19 17:17:56.632 V/locapi_rpc_glue( 1576): -loc_api_callback_process_sync_call, no sync call in use
01-19 17:17:56.632 D/RPC     ( 1576): written RPC packet size: [28]
01-19 17:17:57.002 D/RPC     ( 1576): read RPC packet
01-19 17:17:57.002 D/RPC     ( 1576): read RPC packet size: [208]
01-19 17:17:57.002 V/locapi_rpc_glue( 1576): Callback received: 1 (cb_id=0x6280000 handle=1)
01-19 17:17:57.002 V/locapi_rpc_glue( 1576): +loc_api_callback_process_sync_call
01-19 17:17:57.002 V/locapi_rpc_glue( 1576): -loc_api_callback_process_sync_call, no sync call in use
01-19 17:17:57.012 D/lib_locapi( 1576): loc_eng_report_position: valid mask = 0x606d, sess status = 1
01-19 17:17:57.012 D/RPC     ( 1576): written RPC packet size: [28]
01-19 17:17:57.022 I/System.out( 2741): Values: 0.0 0.0
01-19 17:17:57.542 D/RPC     ( 1576): read RPC packet
01-19 17:17:57.542 D/RPC     ( 1576): read RPC packet size: [272]
01-19 17:17:57.542 V/locapi_rpc_glue( 1576): Callback received: 4 (cb_id=0x6280000 handle=1)
01-19 17:17:57.542 V/locapi_rpc_glue( 1576): +loc_api_callback_process_sync_call
01-19 17:17:57.542 V/locapi_rpc_glue( 1576): -loc_api_callback_process_sync_call, no sync call in use
01-19 17:17:57.542 D/RPC     ( 1576): written RPC packet size: [28]
01-19 17:17:57.552 D/RPC     ( 1576): read RPC packet
01-19 17:17:57.552 D/RPC     ( 1576): read RPC packet size: [272]
01-19 17:17:57.552 V/locapi_rpc_glue( 1576): Callback received: 4 (cb_id=0x6280000 handle=1)
01-19 17:17:57.552 V/locapi_rpc_glue( 1576): +loc_api_callback_process_sync_call
01-19 17:17:57.552 V/locapi_rpc_glue( 1576): -loc_api_callback_process_sync_call, no sync call in use
01-19 17:17:57.552 D/RPC     ( 1576): written RPC packet size: [28]
01-19 17:17:57.562 D/RPC     ( 1576): read RPC packet
01-19 17:17:57.562 D/RPC     ( 1576): read RPC packet size: [272]
01-19 17:17:57.562 V/locapi_rpc_glue( 1576): Callback received: 4 (cb_id=0x6280000 handle=1)
01-19 17:17:57.562 V/locapi_rpc_glue( 1576): +loc_api_callback_process_sync_call
01-19 17:17:57.562 V/locapi_rpc_glue( 1576): -loc_api_callback_process_sync_call, no sync call in use
01-19 17:17:57.562 D/RPC     ( 1576): written RPC packet size: [28]
01-19 17:17:57.572 D/RPC     ( 1576): read RPC packet
01-19 17:17:57.572 D/RPC     ( 1576): read RPC packet size: [272]
01-19 17:17:57.572 V/locapi_rpc_glue( 1576): Callback received: 4 (cb_id=0x6280000 handle=1)
01-19 17:17:57.572 V/locapi_rpc_glue( 1576): +loc_api_callback_process_sync_call
01-19 17:17:57.572 V/locapi_rpc_glue( 1576): -loc_api_callback_process_sync_call, no sync call in use
01-19 17:17:57.572 D/RPC     ( 1576): written RPC packet size: [28]
01-19 17:17:57.582 D/RPC     ( 1576): read RPC packet
01-19 17:17:57.582 D/RPC     ( 1576): read RPC packet size: [216]
01-19 17:17:57.582 V/locapi_rpc_glue( 1576): Callback received: 2 (cb_id=0x6280000 handle=1)
01-19 17:17:57.582 V/locapi_rpc_glue( 1576): +loc_api_callback_process_sync_call
01-19 17:17:57.582 V/locapi_rpc_glue( 1576): -loc_api_callback_process_sync_call, no sync call in use
01-19 17:17:57.582 D/lib_locapi( 1576): loc_eng_report_sv: valid_mask = 0x30, num of sv = 3
01-19 17:17:57.582 D/GpsLocationProvider( 1576): reportSvStatus
01-19 17:17:57.582 V/GpsLocationProvider( 1576): SV count: 3 ephemerisMask: 0 almanacMask: 2000110
01-19 17:17:57.592 V/GpsLocationProvider( 1576): sv: 5 snr: 2.35 elev: 53.0 azimuth: 194.0   AU
01-19 17:17:57.592 V/GpsLocationProvider( 1576): sv: 9 snr: 2.1399999 elev: 60.0 azimuth: 67.0   AU
01-19 17:17:57.592 V/GpsLocationProvider( 1576): sv: 26 snr: 2.54 elev: 74.0 azimuth: 286.0   AU
01-19 17:17:57.592 D/RPC     ( 1576): written RPC packet size: [28]
01-19 17:17:57.603 D/RPC     ( 1576): read RPC packet
01-19 17:17:57.603 D/RPC     ( 1576): read RPC packet size: [272]
01-19 17:17:57.603 V/locapi_rpc_glue( 1576): Callback received: 4 (cb_id=0x6280000 handle=1)
01-19 17:17:57.603 V/locapi_rpc_glue( 1576): +loc_api_callback_process_sync_call
01-19 17:17:57.603 V/locapi_rpc_glue( 1576): -loc_api_callback_process_sync_call, no sync call in use
01-19 17:17:57.603 D/RPC     ( 1576): written RPC packet size: [28]
01-19 17:17:57.613 D/RPC     ( 1576): read RPC packet
01-19 17:17:57.613 D/RPC     ( 1576): read RPC packet size: [272]
01-19 17:17:57.613 V/locapi_rpc_glue( 1576): Callback received: 4 (cb_id=0x6280000 handle=1)
01-19 17:17:57.613 V/locapi_rpc_glue( 1576): +loc_api_callback_process_sync_call
01-19 17:17:57.613 V/locapi_rpc_glue( 1576): -loc_api_callback_process_sync_call, no sync call in use
01-19 17:17:57.613 D/RPC     ( 1576): written RPC packet size: [28]
01-19 17:17:57.623 D/RPC     ( 1576): read RPC packet
01-19 17:17:57.623 D/RPC     ( 1576): read RPC packet size: [272]
01-19 17:17:57.623 V/locapi_rpc_glue( 1576): Callback received: 4 (cb_id=0x6280000 handle=1)
01-19 17:17:57.623 V/locapi_rpc_glue( 1576): +loc_api_callback_process_sync_call
01-19 17:17:57.623 V/locapi_rpc_glue( 1576): -loc_api_callback_process_sync_call, no sync call in use
01-19 17:17:57.623 D/RPC     ( 1576): written RPC packet size: [28]
01-19 17:17:57.633 D/RPC     ( 1576): read RPC packet
01-19 17:17:57.633 D/RPC     ( 1576): read RPC packet size: [272]
01-19 17:17:57.633 V/locapi_rpc_glue( 1576): Callback received: 4 (cb_id=0x6280000 handle=1)
01-19 17:17:57.633 V/locapi_rpc_glue( 1576): +loc_api_callback_process_sync_call
01-19 17:17:57.633 V/locapi_rpc_glue( 1576): -loc_api_callback_process_sync_call, no sync call in use
01-19 17:17:57.633 D/RPC     ( 1576): written RPC packet size: [28]
01-19 17:17:58.003 D/RPC     ( 1576): read RPC packet
01-19 17:17:58.003 D/RPC     ( 1576): read RPC packet size: [208]
01-19 17:17:58.003 V/locapi_rpc_glue( 1576): Callback received: 1 (cb_id=0x6280000 handle=1)
01-19 17:17:58.003 V/locapi_rpc_glue( 1576): +loc_api_callback_process_sync_call
01-19 17:17:58.003 V/locapi_rpc_glue( 1576): -loc_api_callback_process_sync_call, no sync call in use
01-19 17:17:58.003 D/lib_locapi( 1576): loc_eng_report_position: valid mask = 0x606d, sess status = 1
01-19 17:17:58.013 D/RPC     ( 1576): written RPC packet size: [28]
01-19 17:17:58.023 I/System.out( 2741): Values: 0.0 0.0
01-19 17:17:58.543 D/RPC     ( 1576): read RPC packet
01-19 17:17:58.543 D/RPC     ( 1576): read RPC packet size: [272]
01-19 17:17:58.543 V/locapi_rpc_glue( 1576): Callback received: 4 (cb_id=0x6280000 handle=1)
01-19 17:17:58.543 V/locapi_rpc_glue( 1576): +loc_api_callback_process_sync_call
01-19 17:17:58.543 V/locapi_rpc_glue( 1576): -loc_api_callback_process_sync_call, no sync call in use
01-19 17:17:58.543 D/RPC     ( 1576): written RPC packet size: [28]
01-19 17:17:58.553 D/RPC     ( 1576): read RPC packet
01-19 17:17:58.553 D/RPC     ( 1576): read RPC packet size: [272]
01-19 17:17:58.553 V/locapi_rpc_glue( 1576): Callback received: 4 (cb_id=0x6280000 handle=1)
01-19 17:17:58.553 V/locapi_rpc_glue( 1576): +loc_api_callback_process_sync_call
01-19 17:17:58.553 V/locapi_rpc_glue( 1576): -loc_api_callback_process_sync_call, no sync call in use
01-19 17:17:58.563 D/RPC     ( 1576): written RPC packet size: [28]
01-19 17:17:58.563 D/RPC     ( 1576): read RPC packet
01-19 17:17:58.563 D/RPC     ( 1576): read RPC packet size: [272]
01-19 17:17:58.563 V/locapi_rpc_glue( 1576): Callback received: 4 (cb_id=0x6280000 handle=1)
01-19 17:17:58.563 V/locapi_rpc_glue( 1576): +loc_api_callback_process_sync_call
01-19 17:17:58.563 V/locapi_rpc_glue( 1576): -loc_api_callback_process_sync_call, no sync call in use
01-19 17:17:58.573 D/RPC     ( 1576): written RPC packet size: [28]
01-19 17:17:58.573 D/RPC     ( 1576): read RPC packet
01-19 17:17:58.573 D/RPC     ( 1576): read RPC packet size: [272]
01-19 17:17:58.573 V/locapi_rpc_glue( 1576): Callback received: 4 (cb_id=0x6280000 handle=1)
01-19 17:17:58.573 V/locapi_rpc_glue( 1576): +loc_api_callback_process_sync_call
01-19 17:17:58.573 V/locapi_rpc_glue( 1576): -loc_api_callback_process_sync_call, no sync call in use
01-19 17:17:58.583 D/RPC     ( 1576): written RPC packet size: [28]
01-19 17:17:58.583 D/RPC     ( 1576): read RPC packet
01-19 17:17:58.583 D/RPC     ( 1576): read RPC packet size: [216]
01-19 17:17:58.583 V/locapi_rpc_glue( 1576): Callback received: 2 (cb_id=0x6280000 handle=1)
01-19 17:17:58.583 V/locapi_rpc_glue( 1576): +loc_api_callback_process_sync_call
01-19 17:17:58.583 V/locapi_rpc_glue( 1576): -loc_api_callback_process_sync_call, no sync call in use
01-19 17:17:58.593 D/lib_locapi( 1576): loc_eng_report_sv: valid_mask = 0x30, num of sv = 3
01-19 17:17:58.593 D/GpsLocationProvider( 1576): reportSvStatus
01-19 17:17:58.593 V/GpsLocationProvider( 1576): SV count: 3 ephemerisMask: 0 almanacMask: 2000110
01-19 17:17:58.593 V/GpsLocationProvider( 1576): sv: 5 snr: 2.44 elev: 53.0 azimuth: 194.0   AU
01-19 17:17:58.593 V/GpsLocationProvider( 1576): sv: 9 snr: 2.0700002 elev: 60.0 azimuth: 67.0   AU
01-19 17:17:58.593 V/GpsLocationProvider( 1576): sv: 26 snr: 2.6 elev: 74.0 azimuth: 286.0   AU
01-19 17:17:58.593 D/RPC     ( 1576): written RPC packet size: [28]
01-19 17:17:58.603 D/RPC     ( 1576): read RPC packet
01-19 17:17:58.603 D/RPC     ( 1576): read RPC packet size: [272]
01-19 17:17:58.603 V/locapi_rpc_glue( 1576): Callback received: 4 (cb_id=0x6280000 handle=1)
01-19 17:17:58.613 V/locapi_rpc_glue( 1576): +loc_api_callback_process_sync_call
01-19 17:17:58.613 V/locapi_rpc_glue( 1576): -loc_api_callback_process_sync_call, no sync call in use
01-19 17:17:58.613 D/RPC     ( 1576): written RPC packet size: [28]
01-19 17:17:58.613 D/RPC     ( 1576): read RPC packet
01-19 17:17:58.613 D/RPC     ( 1576): read RPC packet size: [272]
01-19 17:17:58.613 V/locapi_rpc_glue( 1576): Callback received: 4 (cb_id=0x6280000 handle=1)
01-19 17:17:58.624 V/locapi_rpc_glue( 1576): +loc_api_callback_process_sync_call
01-19 17:17:58.624 V/locapi_rpc_glue( 1576): -loc_api_callback_process_sync_call, no sync call in use
01-19 17:17:58.624 D/RPC     ( 1576): written RPC packet size: [28]
01-19 17:17:58.624 D/RPC     ( 1576): read RPC packet
01-19 17:17:58.624 D/RPC     ( 1576): read RPC packet size: [272]
01-19 17:17:58.624 V/locapi_rpc_glue( 1576): Callback received: 4 (cb_id=0x6280000 handle=1)
01-19 17:17:58.634 V/locapi_rpc_glue( 1576): +loc_api_callback_process_sync_call
01-19 17:17:58.634 V/locapi_rpc_glue( 1576): -loc_api_callback_process_sync_call, no sync call in use
01-19 17:17:58.634 D/RPC     ( 1576): written RPC packet size: [28]
01-19 17:17:58.634 D/RPC     ( 1576): read RPC packet
01-19 17:17:58.634 D/RPC     ( 1576): read RPC packet size: [272]
01-19 17:17:58.634 V/locapi_rpc_glue( 1576): Callback received: 4 (cb_id=0x6280000 handle=1)
01-19 17:17:58.644 V/locapi_rpc_glue( 1576): +loc_api_callback_process_sync_call
01-19 17:17:58.644 V/locapi_rpc_glue( 1576): -loc_api_callback_process_sync_call, no sync call in use
01-19 17:17:58.644 D/RPC     ( 1576): written RPC packet size: [28]
01-19 17:17:59.004 D/RPC     ( 1576): read RPC packet
01-19 17:17:59.004 D/RPC     ( 1576): read RPC packet size: [208]
01-19 17:17:59.004 V/locapi_rpc_glue( 1576): Callback received: 1 (cb_id=0x6280000 handle=1)
01-19 17:17:59.004 V/locapi_rpc_glue( 1576): +loc_api_callback_process_sync_call
01-19 17:17:59.004 V/locapi_rpc_glue( 1576): -loc_api_callback_process_sync_call, no sync call in use
01-19 17:17:59.004 D/lib_locapi( 1576): loc_eng_report_position: valid mask = 0x606d, sess status = 1
01-19 17:17:59.014 D/RPC     ( 1576): written RPC packet size: [28]
01-19 17:17:59.024 I/System.out( 2741): Values: 0.0 0.0
01-19 17:17:59.544 D/RPC     ( 1576): read RPC packet
01-19 17:17:59.544 D/RPC     ( 1576): read RPC packet size: [272]
01-19 17:17:59.544 V/locapi_rpc_glue( 1576): Callback received: 4 (cb_id=0x6280000 handle=1)
01-19 17:17:59.544 V/locapi_rpc_glue( 1576): +loc_api_callback_process_sync_call
01-19 17:17:59.544 V/locapi_rpc_glue( 1576): -loc_api_callback_process_sync_call, no sync call in use
01-19 17:17:59.544 D/RPC     ( 1576): written RPC packet size: [28]
01-19 17:17:59.554 D/RPC     ( 1576): read RPC packet
01-19 17:17:59.554 D/RPC     ( 1576): read RPC packet size: [272]
01-19 17:17:59.554 V/locapi_rpc_glue( 1576): Callback received: 4 (cb_id=0x6280000 handle=1)
01-19 17:17:59.554 V/locapi_rpc_glue( 1576): +loc_api_callback_process_sync_call
01-19 17:17:59.554 V/locapi_rpc_glue( 1576): -loc_api_callback_process_sync_call, no sync call in use
01-19 17:17:59.564 D/RPC     ( 1576): written RPC packet size: [28]
01-19 17:17:59.564 D/RPC     ( 1576): read RPC packet
01-19 17:17:59.564 D/RPC     ( 1576): read RPC packet size: [272]
01-19 17:17:59.564 V/locapi_rpc_glue( 1576): Callback received: 4 (cb_id=0x6280000 handle=1)
01-19 17:17:59.564 V/locapi_rpc_glue( 1576): +loc_api_callback_process_sync_call
01-19 17:17:59.564 V/locapi_rpc_glue( 1576): -loc_api_callback_process_sync_call, no sync call in use
01-19 17:17:59.574 D/RPC     ( 1576): written RPC packet size: [28]
01-19 17:17:59.574 D/RPC     ( 1576): read RPC packet
01-19 17:17:59.574 D/RPC     ( 1576): read RPC packet size: [272]
01-19 17:17:59.574 V/locapi_rpc_glue( 1576): Callback received: 4 (cb_id=0x6280000 handle=1)
01-19 17:17:59.574 V/locapi_rpc_glue( 1576): +loc_api_callback_process_sync_call
01-19 17:17:59.574 V/locapi_rpc_glue( 1576): -loc_api_callback_process_sync_call, no sync call in use
01-19 17:17:59.584 D/RPC     ( 1576): written RPC packet size: [28]
01-19 17:17:59.584 D/RPC     ( 1576): read RPC packet
01-19 17:17:59.584 D/RPC     ( 1576): read RPC packet size: [216]
01-19 17:17:59.584 V/locapi_rpc_glue( 1576): Callback received: 2 (cb_id=0x6280000 handle=1)
01-19 17:17:59.584 V/locapi_rpc_glue( 1576): +loc_api_callback_process_sync_call
01-19 17:17:59.584 V/locapi_rpc_glue( 1576): -loc_api_callback_process_sync_call, no sync call in use
01-19 17:17:59.594 D/lib_locapi( 1576): loc_eng_report_sv: valid_mask = 0x30, num of sv = 3
01-19 17:17:59.594 D/GpsLocationProvider( 1576): reportSvStatus
01-19 17:17:59.594 V/GpsLocationProvider( 1576): SV count: 3 ephemerisMask: 0 almanacMask: 2000110
01-19 17:17:59.594 V/GpsLocationProvider( 1576): sv: 5 snr: 2.4 elev: 53.0 azimuth: 194.0   AU
01-19 17:17:59.594 V/GpsLocationProvider( 1576): sv: 9 snr: 2.22 elev: 60.0 azimuth: 67.0   AU
01-19 17:17:59.604 V/GpsLocationProvider( 1576): sv: 26 snr: 2.46 elev: 74.0 azimuth: 286.0   AU
01-19 17:17:59.604 D/RPC     ( 1576): written RPC packet size: [28]
01-19 17:17:59.604 D/RPC     ( 1576): read RPC packet
01-19 17:17:59.604 D/RPC     ( 1576): read RPC packet size: [272]
01-19 17:17:59.604 V/locapi_rpc_glue( 1576): Callback received: 4 (cb_id=0x6280000 handle=1)
01-19 17:17:59.604 V/locapi_rpc_glue( 1576): +loc_api_callback_process_sync_call
01-19 17:17:59.604 V/locapi_rpc_glue( 1576): -loc_api_callback_process_sync_call, no sync call in use
01-19 17:17:59.604 D/RPC     ( 1576): written RPC packet size: [28]
01-19 17:17:59.604 D/RPC     ( 1576): read RPC packet
01-19 17:17:59.604 D/RPC     ( 1576): read RPC packet size: [272]
01-19 17:17:59.604 V/locapi_rpc_glue( 1576): Callback received: 4 (cb_id=0x6280000 handle=1)
01-19 17:17:59.604 V/locapi_rpc_glue( 1576): +loc_api_callback_process_sync_call
01-19 17:17:59.604 V/locapi_rpc_glue( 1576): -loc_api_callback_process_sync_call, no sync call in use
01-19 17:17:59.604 D/RPC     ( 1576): written RPC packet size: [28]
01-19 17:17:59.614 D/RPC     ( 1576): read RPC packet
01-19 17:17:59.614 D/RPC     ( 1576): read RPC packet size: [272]
01-19 17:17:59.614 V/locapi_rpc_glue( 1576): Callback received: 4 (cb_id=0x6280000 handle=1)
01-19 17:17:59.614 V/locapi_rpc_glue( 1576): +loc_api_callback_process_sync_call
01-19 17:17:59.614 V/locapi_rpc_glue( 1576): -loc_api_callback_process_sync_call, no sync call in use
01-19 17:17:59.614 D/RPC     ( 1576): written RPC packet size: [28]
01-19 17:17:59.614 D/RPC     ( 1576): read RPC packet
01-19 17:17:59.614 D/RPC     ( 1576): read RPC packet size: [272]
01-19 17:17:59.614 V/locapi_rpc_glue( 1576): Callback received: 4 (cb_id=0x6280000 handle=1)
01-19 17:17:59.614 V/locapi_rpc_glue( 1576): +loc_api_callback_process_sync_call
01-19 17:17:59.614 V/locapi_rpc_glue( 1576): -loc_api_callback_process_sync_call, no sync call in use
01-19 17:17:59.624 D/RPC     ( 1576): written RPC packet size: [28]
01-19 17:18:00.005 D/RPC     ( 1576): read RPC packet
01-19 17:18:00.015 D/RPC     ( 1576): read RPC packet size: [208]
01-19 17:18:00.025 I/System.out( 2741): Values: 0.0 0.0
01-19 17:18:00.055 V/locapi_rpc_glue( 1576): Callback received: 1 (cb_id=0x6280000 handle=1)
01-19 17:18:00.055 V/locapi_rpc_glue( 1576): +loc_api_callback_process_sync_call
01-19 17:18:00.055 V/locapi_rpc_glue( 1576): -loc_api_callback_process_sync_call, no sync call in use
01-19 17:18:00.055 D/lib_locapi( 1576): loc_eng_report_position: valid mask = 0x606d, sess status = 1
01-19 17:18:00.055 D/RPC     ( 1576): written RPC packet size: [28]
01-19 17:18:00.545 D/RPC     ( 1576): read RPC packet
01-19 17:18:00.545 D/RPC     ( 1576): read RPC packet size: [272]
01-19 17:18:00.545 V/locapi_rpc_glue( 1576): Callback received: 4 (cb_id=0x6280000 handle=1)
01-19 17:18:00.545 V/locapi_rpc_glue( 1576): +loc_api_callback_process_sync_call
01-19 17:18:00.545 V/locapi_rpc_glue( 1576): -loc_api_callback_process_sync_call, no sync call in use
01-19 17:18:00.545 D/RPC     ( 1576): written RPC packet size: [28]
01-19 17:18:00.555 D/RPC     ( 1576): read RPC packet
01-19 17:18:00.555 D/RPC     ( 1576): read RPC packet size: [272]
01-19 17:18:00.555 V/locapi_rpc_glue( 1576): Callback received: 4 (cb_id=0x6280000 handle=1)
01-19 17:18:00.555 V/locapi_rpc_glue( 1576): +loc_api_callback_process_sync_call
01-19 17:18:00.555 V/locapi_rpc_glue( 1576): -loc_api_callback_process_sync_call, no sync call in use
01-19 17:18:00.565 D/RPC     ( 1576): written RPC packet size: [28]
01-19 17:18:00.565 D/RPC     ( 1576): read RPC packet
01-19 17:18:00.565 D/RPC     ( 1576): read RPC packet size: [272]
01-19 17:18:00.565 V/locapi_rpc_glue( 1576): Callback received: 4 (cb_id=0x6280000 handle=1)
01-19 17:18:00.565 V/locapi_rpc_glue( 1576): +loc_api_callback_process_sync_call
01-19 17:18:00.565 V/locapi_rpc_glue( 1576): -loc_api_callback_process_sync_call, no sync call in use
01-19 17:18:00.575 D/RPC     ( 1576): written RPC packet size: [28]
01-19 17:18:00.575 D/RPC     ( 1576): read RPC packet
01-19 17:18:00.575 D/RPC     ( 1576): read RPC packet size: [272]
01-19 17:18:00.575 V/locapi_rpc_glue( 1576): Callback received: 4 (cb_id=0x6280000 handle=1)
01-19 17:18:00.575 V/locapi_rpc_glue( 1576): +loc_api_callback_process_sync_call
01-19 17:18:00.575 V/locapi_rpc_glue( 1576): -loc_api_callback_process_sync_call, no sync call in use
01-19 17:18:00.585 D/RPC     ( 1576): written RPC packet size: [28]
01-19 17:18:00.585 D/RPC     ( 1576): read RPC packet
01-19 17:18:00.585 D/RPC     ( 1576): read RPC packet size: [216]
01-19 17:18:00.585 V/locapi_rpc_glue( 1576): Callback received: 2 (cb_id=0x6280000 handle=1)
01-19 17:18:00.585 V/locapi_rpc_glue( 1576): +loc_api_callback_process_sync_call
01-19 17:18:00.595 V/locapi_rpc_glue( 1576): -loc_api_callback_process_sync_call, no sync call in use
01-19 17:18:00.595 D/lib_locapi( 1576): loc_eng_report_sv: valid_mask = 0x30, num of sv = 3
01-19 17:18:00.595 D/GpsLocationProvider( 1576): reportSvStatus
01-19 17:18:00.595 V/GpsLocationProvider( 1576): SV count: 3 ephemerisMask: 0 almanacMask: 2000110
01-19 17:18:00.595 V/GpsLocationProvider( 1576): sv: 5 snr: 2.55 elev: 53.0 azimuth: 194.0   AU
01-19 17:18:00.595 V/GpsLocationProvider( 1576): sv: 9 snr: 2.31 elev: 60.0 azimuth: 67.0   AU
01-19 17:18:00.605 V/GpsLocationProvider( 1576): sv: 26 snr: 2.54 elev: 74.0 azimuth: 286.0   AU
01-19 17:18:00.605 D/RPC     ( 1576): written RPC packet size: [28]
01-19 17:18:00.605 D/RPC     ( 1576): read RPC packet
01-19 17:18:00.605 D/RPC     ( 1576): read RPC packet size: [272]
01-19 17:18:00.605 V/locapi_rpc_glue( 1576): Callback received: 4 (cb_id=0x6280000 handle=1)
01-19 17:18:00.605 V/locapi_rpc_glue( 1576): +loc_api_callback_process_sync_call
01-19 17:18:00.615 V/locapi_rpc_glue( 1576): -loc_api_callback_process_sync_call, no sync call in use
01-19 17:18:00.615 D/RPC     ( 1576): written RPC packet size: [28]
01-19 17:18:00.615 D/RPC     ( 1576): read RPC packet
01-19 17:18:00.615 D/RPC     ( 1576): read RPC packet size: [272]
01-19 17:18:00.615 V/locapi_rpc_glue( 1576): Callback received: 4 (cb_id=0x6280000 handle=1)
01-19 17:18:00.615 V/locapi_rpc_glue( 1576): +loc_api_callback_process_sync_call
01-19 17:18:00.625 V/locapi_rpc_glue( 1576): -loc_api_callback_process_sync_call, no sync call in use
01-19 17:18:00.625 D/RPC     ( 1576): written RPC packet size: [28]
01-19 17:18:00.625 D/RPC     ( 1576): read RPC packet
01-19 17:18:00.625 D/RPC     ( 1576): read RPC packet size: [272]
01-19 17:18:00.625 V/locapi_rpc_glue( 1576): Callback received: 4 (cb_id=0x6280000 handle=1)
01-19 17:18:00.635 V/locapi_rpc_glue( 1576): +loc_api_callback_process_sync_call
01-19 17:18:00.635 V/locapi_rpc_glue( 1576): -loc_api_callback_process_sync_call, no sync call in use
01-19 17:18:00.635 D/RPC     ( 1576): written RPC packet size: [28]
01-19 17:18:00.635 D/RPC     ( 1576): read RPC packet
01-19 17:18:00.635 D/RPC     ( 1576): read RPC packet size: [272]
01-19 17:18:00.635 V/locapi_rpc_glue( 1576): Callback received: 4 (cb_id=0x6280000 handle=1)
01-19 17:18:00.645 V/locapi_rpc_glue( 1576): +loc_api_callback_process_sync_call
01-19 17:18:00.645 V/locapi_rpc_glue( 1576): -loc_api_callback_process_sync_call, no sync call in use
01-19 17:18:00.645 D/RPC     ( 1576): written RPC packet size: [28]
01-19 17:18:01.006 D/RPC     ( 1576): read RPC packet
01-19 17:18:01.006 D/RPC     ( 1576): read RPC packet size: [208]
01-19 17:18:01.006 V/locapi_rpc_glue( 1576): Callback received: 1 (cb_id=0x6280000 handle=1)
01-19 17:18:01.006 V/locapi_rpc_glue( 1576): +loc_api_callback_process_sync_call
01-19 17:18:01.006 V/locapi_rpc_glue( 1576): -loc_api_callback_process_sync_call, no sync call in use
01-19 17:18:01.016 D/lib_locapi( 1576): loc_eng_report_position: valid mask = 0x606d, sess status = 1
01-19 17:18:01.016 D/RPC     ( 1576): written RPC packet size: [28]
01-19 17:18:01.026 I/System.out( 2741): Values: 0.0 0.0
01-19 17:18:01.546 D/RPC     ( 1576): read RPC packet
01-19 17:18:01.546 D/RPC     ( 1576): read RPC packet size: [272]
01-19 17:18:01.546 V/locapi_rpc_glue( 1576): Callback received: 4 (cb_id=0x6280000 handle=1)
01-19 17:18:01.546 V/locapi_rpc_glue( 1576): +loc_api_callback_process_sync_call
01-19 17:18:01.546 V/locapi_rpc_glue( 1576): -loc_api_callback_process_sync_call, no sync call in use
01-19 17:18:01.546 D/RPC     ( 1576): written RPC packet size: [28]
01-19 17:18:01.556 D/RPC     ( 1576): read RPC packet
01-19 17:18:01.556 D/RPC     ( 1576): read RPC packet size: [272]
01-19 17:18:01.556 V/locapi_rpc_glue( 1576): Callback received: 4 (cb_id=0x6280000 handle=1)
01-19 17:18:01.556 V/locapi_rpc_glue( 1576): +loc_api_callback_process_sync_call
01-19 17:18:01.556 V/locapi_rpc_glue( 1576): -loc_api_callback_process_sync_call, no sync call in use
01-19 17:18:01.566 D/RPC     ( 1576): written RPC packet size: [28]
01-19 17:18:01.566 D/RPC     ( 1576): read RPC packet
01-19 17:18:01.566 D/RPC     ( 1576): read RPC packet size: [272]
01-19 17:18:01.566 V/locapi_rpc_glue( 1576): Callback received: 4 (cb_id=0x6280000 handle=1)
01-19 17:18:01.566 V/locapi_rpc_glue( 1576): +loc_api_callback_process_sync_call
01-19 17:18:01.566 V/locapi_rpc_glue( 1576): -loc_api_callback_process_sync_call, no sync call in use
01-19 17:18:01.576 D/RPC     ( 1576): written RPC packet size: [28]
01-19 17:18:01.576 D/RPC     ( 1576): read RPC packet
01-19 17:18:01.576 D/RPC     ( 1576): read RPC packet size: [272]
01-19 17:18:01.576 V/locapi_rpc_glue( 1576): Callback received: 4 (cb_id=0x6280000 handle=1)
01-19 17:18:01.576 V/locapi_rpc_glue( 1576): +loc_api_callback_process_sync_call
01-19 17:18:01.586 V/locapi_rpc_glue( 1576): -loc_api_callback_process_sync_call, no sync call in use
01-19 17:18:01.586 D/RPC     ( 1576): written RPC packet size: [28]
01-19 17:18:01.586 D/RPC     ( 1576): read RPC packet
01-19 17:18:01.586 D/RPC     ( 1576): read RPC packet size: [216]
01-19 17:18:01.586 V/locapi_rpc_glue( 1576): Callback received: 2 (cb_id=0x6280000 handle=1)
01-19 17:18:01.586 V/locapi_rpc_glue( 1576): +loc_api_callback_process_sync_call
01-19 17:18:01.596 V/locapi_rpc_glue( 1576): -loc_api_callback_process_sync_call, no sync call in use
01-19 17:18:01.596 D/lib_locapi( 1576): loc_eng_report_sv: valid_mask = 0x30, num of sv = 3
01-19 17:18:01.596 D/GpsLocationProvider( 1576): reportSvStatus
01-19 17:18:01.596 V/GpsLocationProvider( 1576): SV count: 3 ephemerisMask: 0 almanacMask: 2000110
01-19 17:18:01.596 V/GpsLocationProvider( 1576): sv: 5 snr: 2.54 elev: 53.0 azimuth: 194.0   AU
01-19 17:18:01.606 V/GpsLocationProvider( 1576): sv: 9 snr: 2.3899999 elev: 60.0 azimuth: 67.0   AU
01-19 17:18:01.606 V/GpsLocationProvider( 1576): sv: 26 snr: 2.56 elev: 74.0 azimuth: 286.0   AU
01-19 17:18:01.606 D/RPC     ( 1576): written RPC packet size: [28]
01-19 17:18:01.616 D/RPC     ( 1576): read RPC packet
01-19 17:18:01.616 D/RPC     ( 1576): read RPC packet size: [272]
01-19 17:18:01.616 V/locapi_rpc_glue( 1576): Callback received: 4 (cb_id=0x6280000 handle=1)
01-19 17:18:01.616 V/locapi_rpc_glue( 1576): +loc_api_callback_process_sync_call
01-19 17:18:01.616 V/locapi_rpc_glue( 1576): -loc_api_callback_process_sync_call, no sync call in use
01-19 17:18:01.626 D/RPC     ( 1576): written RPC packet size: [28]
01-19 17:18:01.626 D/RPC     ( 1576): read RPC packet
01-19 17:18:01.626 D/RPC     ( 1576): read RPC packet size: [272]
01-19 17:18:01.626 V/locapi_rpc_glue( 1576): Callback received: 4 (cb_id=0x6280000 handle=1)
01-19 17:18:01.626 V/locapi_rpc_glue( 1576): +loc_api_callback_process_sync_call
01-19 17:18:01.636 V/locapi_rpc_glue( 1576): -loc_api_callback_process_sync_call, no sync call in use
01-19 17:18:01.636 D/RPC     ( 1576): written RPC packet size: [28]
01-19 17:18:01.636 D/RPC     ( 1576): read RPC packet
01-19 17:18:01.636 D/RPC     ( 1576): read RPC packet size: [272]
01-19 17:18:01.636 V/locapi_rpc_glue( 1576): Callback received: 4 (cb_id=0x6280000 handle=1)
01-19 17:18:01.636 V/locapi_rpc_glue( 1576): +loc_api_callback_process_sync_call
01-19 17:18:01.646 V/locapi_rpc_glue( 1576): -loc_api_callback_process_sync_call, no sync call in use
01-19 17:18:01.646 D/RPC     ( 1576): written RPC packet size: [28]
01-19 17:18:01.646 D/RPC     ( 1576): read RPC packet
01-19 17:18:01.646 D/RPC     ( 1576): read RPC packet size: [272]
01-19 17:18:01.646 V/locapi_rpc_glue( 1576): Callback received: 4 (cb_id=0x6280000 handle=1)
01-19 17:18:01.656 V/locapi_rpc_glue( 1576): +loc_api_callback_process_sync_call
01-19 17:18:01.656 V/locapi_rpc_glue( 1576): -loc_api_callback_process_sync_call, no sync call in use
01-19 17:18:01.656 D/RPC     ( 1576): written RPC packet size: [28]
01-19 17:18:02.007 D/RPC     ( 1576): read RPC packet
01-19 17:18:02.007 D/RPC     ( 1576): read RPC packet size: [208]
01-19 17:18:02.007 V/locapi_rpc_glue( 1576): Callback received: 1 (cb_id=0x6280000 handle=1)
01-19 17:18:02.007 V/locapi_rpc_glue( 1576): +loc_api_callback_process_sync_call
01-19 17:18:02.007 V/locapi_rpc_glue( 1576): -loc_api_callback_process_sync_call, no sync call in use
01-19 17:18:02.017 D/lib_locapi( 1576): loc_eng_report_position: valid mask = 0x606d, sess status = 1
01-19 17:18:02.017 D/RPC     ( 1576): written RPC packet size: [28]
01-19 17:18:02.027 I/System.out( 2741): Values: 0.0 0.0
01-19 17:18:02.547 D/RPC     ( 1576): read RPC packet
01-19 17:18:02.547 D/RPC     ( 1576): read RPC packet size: [272]
01-19 17:18:02.547 V/locapi_rpc_glue( 1576): Callback received: 4 (cb_id=0x6280000 handle=1)
01-19 17:18:02.547 V/locapi_rpc_glue( 1576): +loc_api_callback_process_sync_call
01-19 17:18:02.547 V/locapi_rpc_glue( 1576): -loc_api_callback_process_sync_call, no sync call in use
01-19 17:18:02.557 D/RPC     ( 1576): written RPC packet size: [28]
01-19 17:18:02.557 D/RPC     ( 1576): read RPC packet
01-19 17:18:02.557 D/RPC     ( 1576): read RPC packet size: [272]
01-19 17:18:02.557 V/locapi_rpc_glue( 1576): Callback received: 4 (cb_id=0x6280000 handle=1)
01-19 17:18:02.557 V/locapi_rpc_glue( 1576): +loc_api_callback_process_sync_call
01-19 17:18:02.557 V/locapi_rpc_glue( 1576): -loc_api_callback_process_sync_call, no sync call in use
01-19 17:18:02.567 D/RPC     ( 1576): written RPC packet size: [28]
01-19 17:18:02.567 D/RPC     ( 1576): read RPC packet
01-19 17:18:02.567 D/RPC     ( 1576): read RPC packet size: [272]
01-19 17:18:02.567 V/locapi_rpc_glue( 1576): Callback received: 4 (cb_id=0x6280000 handle=1)
01-19 17:18:02.567 V/locapi_rpc_glue( 1576): +loc_api_callback_process_sync_call
01-19 17:18:02.577 V/locapi_rpc_glue( 1576): -loc_api_callback_process_sync_call, no sync call in use
01-19 17:18:02.577 D/RPC     ( 1576): written RPC packet size: [28]
01-19 17:18:02.577 D/RPC     ( 1576): read RPC packet
01-19 17:18:02.577 D/RPC     ( 1576): read RPC packet size: [272]
01-19 17:18:02.577 V/locapi_rpc_glue( 1576): Callback received: 4 (cb_id=0x6280000 handle=1)
01-19 17:18:02.577 V/locapi_rpc_glue( 1576): +loc_api_callback_process_sync_call
01-19 17:18:02.587 V/locapi_rpc_glue( 1576): -loc_api_callback_process_sync_call, no sync call in use
01-19 17:18:02.587 D/RPC     ( 1576): written RPC packet size: [28]
01-19 17:18:02.587 D/RPC     ( 1576): read RPC packet
01-19 17:18:02.587 D/RPC     ( 1576): read RPC packet size: [216]
01-19 17:18:02.597 V/locapi_rpc_glue( 1576): Callback received: 2 (cb_id=0x6280000 handle=1)
01-19 17:18:02.597 V/locapi_rpc_glue( 1576): +loc_api_callback_process_sync_call
01-19 17:18:02.597 V/locapi_rpc_glue( 1576): -loc_api_callback_process_sync_call, no sync call in use
01-19 17:18:02.597 D/lib_locapi( 1576): loc_eng_report_sv: valid_mask = 0x30, num of sv = 3
01-19 17:18:02.597 D/GpsLocationProvider( 1576): reportSvStatus
01-19 17:18:02.597 V/GpsLocationProvider( 1576): SV count: 3 ephemerisMask: 0 almanacMask: 2000110
01-19 17:18:02.597 V/GpsLocationProvider( 1576): sv: 5 snr: 2.48 elev: 53.0 azimuth: 194.0   AU
01-19 17:18:02.597 V/GpsLocationProvider( 1576): sv: 9 snr: 2.4 elev: 60.0 azimuth: 67.0   AU
01-19 17:18:02.597 V/GpsLocationProvider( 1576): sv: 26 snr: 2.59 elev: 74.0 azimuth: 286.0   AU
01-19 17:18:02.607 D/RPC     ( 1576): written RPC packet size: [28]
01-19 17:18:02.607 D/RPC     ( 1576): read RPC packet
01-19 17:18:02.617 D/RPC     ( 1576): read RPC packet size: [272]
01-19 17:18:02.617 V/locapi_rpc_glue( 1576): Callback received: 4 (cb_id=0x6280000 handle=1)
01-19 17:18:02.617 V/locapi_rpc_glue( 1576): +loc_api_callback_process_sync_call
01-19 17:18:02.617 V/locapi_rpc_glue( 1576): -loc_api_callback_process_sync_call, no sync call in use
01-19 17:18:02.617 D/RPC     ( 1576): written RPC packet size: [28]
01-19 17:18:02.627 D/RPC     ( 1576): read RPC packet
01-19 17:18:02.627 D/RPC     ( 1576): read RPC packet size: [272]
01-19 17:18:02.627 V/locapi_rpc_glue( 1576): Callback received: 4 (cb_id=0x6280000 handle=1)
01-19 17:18:02.627 V/locapi_rpc_glue( 1576): +loc_api_callback_process_sync_call
01-19 17:18:02.627 V/locapi_rpc_glue( 1576): -loc_api_callback_process_sync_call, no sync call in use
01-19 17:18:02.627 D/RPC     ( 1576): written RPC packet size: [28]
01-19 17:18:02.637 D/RPC     ( 1576): read RPC packet
01-19 17:18:02.637 D/RPC     ( 1576): read RPC packet size: [272]
01-19 17:18:02.637 V/locapi_rpc_glue( 1576): Callback received: 4 (cb_id=0x6280000 handle=1)
01-19 17:18:02.637 V/locapi_rpc_glue( 1576): +loc_api_callback_process_sync_call
01-19 17:18:02.637 V/locapi_rpc_glue( 1576): -loc_api_callback_process_sync_call, no sync call in use
01-19 17:18:02.647 D/RPC     ( 1576): written RPC packet size: [28]
01-19 17:18:02.647 D/RPC     ( 1576): read RPC packet
01-19 17:18:02.647 D/RPC     ( 1576): read RPC packet size: [272]
01-19 17:18:02.647 V/locapi_rpc_glue( 1576): Callback received: 4 (cb_id=0x6280000 handle=1)
01-19 17:18:02.647 V/locapi_rpc_glue( 1576): +loc_api_callback_process_sync_call
01-19 17:18:02.657 V/locapi_rpc_glue( 1576): -loc_api_callback_process_sync_call, no sync call in use
01-19 17:18:02.657 D/RPC     ( 1576): written RPC packet size: [28]
01-19 17:18:03.008 D/RPC     ( 1576): read RPC packet
01-19 17:18:03.008 D/RPC     ( 1576): read RPC packet size: [208]
01-19 17:18:03.008 V/locapi_rpc_glue( 1576): Callback received: 1 (cb_id=0x6280000 handle=1)
01-19 17:18:03.008 V/locapi_rpc_glue( 1576): +loc_api_callback_process_sync_call
01-19 17:18:03.018 V/locapi_rpc_glue( 1576): -loc_api_callback_process_sync_call, no sync call in use
01-19 17:18:03.018 D/lib_locapi( 1576): loc_eng_report_position: valid mask = 0x606d, sess status = 1
01-19 17:18:03.018 D/RPC     ( 1576): written RPC packet size: [28]
01-19 17:18:03.028 I/System.out( 2741): Values: 0.0 0.0
01-19 17:18:03.548 D/RPC     ( 1576): read RPC packet
01-19 17:18:03.548 D/RPC     ( 1576): read RPC packet size: [272]
01-19 17:18:03.548 V/locapi_rpc_glue( 1576): Callback received: 4 (cb_id=0x6280000 handle=1)
01-19 17:18:03.548 V/locapi_rpc_glue( 1576): +loc_api_callback_process_sync_call
01-19 17:18:03.548 V/locapi_rpc_glue( 1576): -loc_api_callback_process_sync_call, no sync call in use
01-19 17:18:03.558 D/RPC     ( 1576): written RPC packet size: [28]
01-19 17:18:03.558 D/RPC     ( 1576): read RPC packet
01-19 17:18:03.558 D/RPC     ( 1576): read RPC packet size: [272]
01-19 17:18:03.558 V/locapi_rpc_glue( 1576): Callback received: 4 (cb_id=0x6280000 handle=1)
01-19 17:18:03.558 V/locapi_rpc_glue( 1576): +loc_api_callback_process_sync_call
01-19 17:18:03.568 V/locapi_rpc_glue( 1576): -loc_api_callback_process_sync_call, no sync call in use
01-19 17:18:03.568 D/RPC     ( 1576): written RPC packet size: [28]
01-19 17:18:03.568 D/RPC     ( 1576): read RPC packet
01-19 17:18:03.568 D/RPC     ( 1576): read RPC packet size: [272]
01-19 17:18:03.568 V/locapi_rpc_glue( 1576): Callback received: 4 (cb_id=0x6280000 handle=1)
01-19 17:18:03.578 V/locapi_rpc_glue( 1576): +loc_api_callback_process_sync_call
01-19 17:18:03.578 V/locapi_rpc_glue( 1576): -loc_api_callback_process_sync_call, no sync call in use
01-19 17:18:03.578 D/RPC     ( 1576): written RPC packet size: [28]
01-19 17:18:03.578 D/RPC     ( 1576): read RPC packet
01-19 17:18:03.578 D/RPC     ( 1576): read RPC packet size: [272]
01-19 17:18:03.588 V/locapi_rpc_glue( 1576): Callback received: 4 (cb_id=0x6280000 handle=1)
01-19 17:18:03.588 V/locapi_rpc_glue( 1576): +loc_api_callback_process_sync_call
01-19 17:18:03.588 V/locapi_rpc_glue( 1576): -loc_api_callback_process_sync_call, no sync call in use
01-19 17:18:03.588 D/RPC     ( 1576): written RPC packet size: [28]
01-19 17:18:03.598 D/RPC     ( 1576): read RPC packet
01-19 17:18:03.598 D/RPC     ( 1576): read RPC packet size: [216]
01-19 17:18:03.598 V/locapi_rpc_glue( 1576): Callback received: 2 (cb_id=0x6280000 handle=1)
01-19 17:18:03.598 V/locapi_rpc_glue( 1576): +loc_api_callback_process_sync_call
01-19 17:18:03.598 V/locapi_rpc_glue( 1576): -loc_api_callback_process_sync_call, no sync call in use
01-19 17:18:03.608 D/lib_locapi( 1576): loc_eng_report_sv: valid_mask = 0x30, num of sv = 3
01-19 17:18:03.608 D/GpsLocationProvider( 1576): reportSvStatus
01-19 17:18:03.608 V/GpsLocationProvider( 1576): SV count: 3 ephemerisMask: 0 almanacMask: 2000110
01-19 17:18:03.608 V/GpsLocationProvider( 1576): sv: 5 snr: 2.5 elev: 53.0 azimuth: 194.0   AU
01-19 17:18:03.608 V/GpsLocationProvider( 1576): sv: 9 snr: 2.34 elev: 60.0 azimuth: 67.0   AU
01-19 17:18:03.608 V/GpsLocationProvider( 1576): sv: 26 snr: 2.67 elev: 74.0 azimuth: 286.0   AU
01-19 17:18:03.618 D/RPC     ( 1576): written RPC packet size: [28]
01-19 17:18:03.618 D/RPC     ( 1576): read RPC packet
01-19 17:18:03.618 D/RPC     ( 1576): read RPC packet size: [272]
01-19 17:18:03.618 V/locapi_rpc_glue( 1576): Callback received: 4 (cb_id=0x6280000 handle=1)
01-19 17:18:03.618 V/locapi_rpc_glue( 1576): +loc_api_callback_process_sync_call
01-19 17:18:03.618 V/locapi_rpc_glue( 1576): -loc_api_callback_process_sync_call, no sync call in use
01-19 17:18:03.628 D/RPC     ( 1576): written RPC packet size: [28]
01-19 17:18:03.628 D/RPC     ( 1576): read RPC packet
01-19 17:18:03.628 D/RPC     ( 1576): read RPC packet size: [272]
01-19 17:18:03.628 V/locapi_rpc_glue( 1576): Callback received: 4 (cb_id=0x6280000 handle=1)
01-19 17:18:03.628 V/locapi_rpc_glue( 1576): +loc_api_callback_process_sync_call
01-19 17:18:03.638 V/locapi_rpc_glue( 1576): -loc_api_callback_process_sync_call, no sync call in use
01-19 17:18:03.638 D/RPC     ( 1576): written RPC packet size: [28]
01-19 17:18:03.638 D/RPC     ( 1576): read RPC packet
01-19 17:18:03.638 D/RPC     ( 1576): read RPC packet size: [272]
01-19 17:18:03.638 V/locapi_rpc_glue( 1576): Callback received: 4 (cb_id=0x6280000 handle=1)
01-19 17:18:03.648 V/locapi_rpc_glue( 1576): +loc_api_callback_process_sync_call
01-19 17:18:03.648 V/locapi_rpc_glue( 1576): -loc_api_callback_process_sync_call, no sync call in use
01-19 17:18:03.648 D/RPC     ( 1576): written RPC packet size: [28]
01-19 17:18:03.648 D/RPC     ( 1576): read RPC packet
01-19 17:18:03.648 D/RPC     ( 1576): read RPC packet size: [272]
01-19 17:18:03.658 V/locapi_rpc_glue( 1576): Callback received: 4 (cb_id=0x6280000 handle=1)
01-19 17:18:03.658 V/locapi_rpc_glue( 1576): +loc_api_callback_process_sync_call
01-19 17:18:03.658 V/locapi_rpc_glue( 1576): -loc_api_callback_process_sync_call, no sync call in use
01-19 17:18:03.658 D/RPC     ( 1576): written RPC packet size: [28]
01-19 17:18:04.009 D/RPC     ( 1576): read RPC packet
01-19 17:18:04.009 D/RPC     ( 1576): read RPC packet size: [208]
01-19 17:18:04.009 V/locapi_rpc_glue( 1576): Callback received: 1 (cb_id=0x6280000 handle=1)
01-19 17:18:04.019 V/locapi_rpc_glue( 1576): +loc_api_callback_process_sync_call
01-19 17:18:04.019 V/locapi_rpc_glue( 1576): -loc_api_callback_process_sync_call, no sync call in use
01-19 17:18:04.019 D/lib_locapi( 1576): loc_eng_report_position: valid mask = 0x606d, sess status = 1
01-19 17:18:04.019 D/RPC     ( 1576): written RPC packet size: [28]
01-19 17:18:04.029 I/System.out( 2741): Values: 0.0 0.0
01-19 17:18:04.549 D/RPC     ( 1576): read RPC packet
01-19 17:18:04.549 D/RPC     ( 1576): read RPC packet size: [272]
01-19 17:18:04.549 V/locapi_rpc_glue( 1576): Callback received: 4 (cb_id=0x6280000 handle=1)
01-19 17:18:04.549 V/locapi_rpc_glue( 1576): +loc_api_callback_process_sync_call
01-19 17:18:04.549 V/locapi_rpc_glue( 1576): -loc_api_callback_process_sync_call, no sync call in use
01-19 17:18:04.559 D/RPC     ( 1576): written RPC packet size: [28]
01-19 17:18:04.559 D/RPC     ( 1576): read RPC packet
01-19 17:18:04.559 D/RPC     ( 1576): read RPC packet size: [272]
01-19 17:18:04.559 V/locapi_rpc_glue( 1576): Callback received: 4 (cb_id=0x6280000 handle=1)
01-19 17:18:04.559 V/locapi_rpc_glue( 1576): +loc_api_callback_process_sync_call
01-19 17:18:04.569 V/locapi_rpc_glue( 1576): -loc_api_callback_process_sync_call, no sync call in use
01-19 17:18:04.569 D/RPC     ( 1576): written RPC packet size: [28]
01-19 17:18:04.569 D/RPC     ( 1576): read RPC packet
