01-19 17:18:13.568 D/RPC     ( 1576): written RPC packet size: [28]
01-19 17:18:13.568 D/RPC     ( 1576): read RPC packet
01-19 17:18:13.568 D/RPC     ( 1576): read RPC packet size: [216]
01-19 17:18:13.568 V/locapi_rpc_glue( 1576): Callback received: 2 (cb_id=0x6280000 handle=1)
01-19 17:18:13.568 V/locapi_rpc_glue( 1576): +loc_api_callback_process_sync_call
01-19 17:18:13.568 V/locapi_rpc_glue( 1576): -loc_api_callback_process_sync_call, no sync call in use
01-19 17:18:13.568 D/lib_locapi( 1576): loc_eng_report_sv: valid_mask = 0x30, num of sv = 3
01-19 17:18:13.568 D/GpsLocationProvider( 1576): reportSvStatus
01-19 17:18:13.568 V/GpsLocationProvider( 1576): SV count: 3 ephemerisMask: 0 almanacMask: 2000110
01-19 17:18:13.568 V/GpsLocationProvider( 1576): sv: 5 snr: 2.6200001 elev: 53.0 azimuth: 194.0   AU
01-19 17:18:13.578 V/GpsLocationProvider( 1576): sv: 9 snr: 2.59 elev: 60.0 azimuth: 67.0   AU
01-19 17:18:13.578 V/GpsLocationProvider( 1576): sv: 26 snr: 2.54 elev: 74.0 azimuth: 286.0   AU
01-19 17:18:13.578 D/RPC     ( 1576): written RPC packet size: [28]
01-19 17:18:13.578 D/RPC     ( 1576): read RPC packet
01-19 17:18:13.578 D/RPC     ( 1576): read RPC packet size: [272]
01-19 17:18:13.578 V/locapi_rpc_glue( 1576): Callback received: 4 (cb_id=0x6280000 handle=1)
01-19 17:18:13.578 V/locapi_rpc_glue( 1576): +loc_api_callback_process_sync_call
01-19 17:18:13.588 V/locapi_rpc_glue( 1576): -loc_api_callback_process_sync_call, no sync call in use
01-19 17:18:13.588 D/RPC     ( 1576): written RPC packet size: [28]
01-19 17:18:13.588 D/RPC     ( 1576): read RPC packet
01-19 17:18:13.588 D/RPC     ( 1576): read RPC packet size: [272]
01-19 17:18:13.588 V/locapi_rpc_glue( 1576): Callback received: 4 (cb_id=0x6280000 handle=1)
01-19 17:18:13.588 V/locapi_rpc_glue( 1576): +loc_api_callback_process_sync_call
01-19 17:18:13.588 V/locapi_rpc_glue( 1576): -loc_api_callback_process_sync_call, no sync call in use
01-19 17:18:13.588 D/RPC     ( 1576): written RPC packet size: [28]
01-19 17:18:13.588 D/RPC     ( 1576): read RPC packet
01-19 17:18:13.588 D/RPC     ( 1576): read RPC packet size: [272]
01-19 17:18:13.598 V/locapi_rpc_glue( 1576): Callback received: 4 (cb_id=0x6280000 handle=1)
01-19 17:18:13.598 V/locapi_rpc_glue( 1576): +loc_api_callback_process_sync_call
01-19 17:18:13.598 V/locapi_rpc_glue( 1576): -loc_api_callback_process_sync_call, no sync call in use
01-19 17:18:13.598 D/RPC     ( 1576): written RPC packet size: [28]
01-19 17:18:13.598 D/RPC     ( 1576): read RPC packet
01-19 17:18:13.598 D/RPC     ( 1576): read RPC packet size: [272]
01-19 17:18:13.598 V/locapi_rpc_glue( 1576): Callback received: 4 (cb_id=0x6280000 handle=1)
01-19 17:18:13.598 V/locapi_rpc_glue( 1576): +loc_api_callback_process_sync_call
01-19 17:18:13.598 V/locapi_rpc_glue( 1576): -loc_api_callback_process_sync_call, no sync call in use
01-19 17:18:13.598 D/RPC     ( 1576): written RPC packet size: [28]
01-19 17:18:14.029 D/RPC     ( 1576): read RPC packet
01-19 17:18:14.029 D/RPC     ( 1576): read RPC packet size: [208]
01-19 17:18:14.029 V/locapi_rpc_glue( 1576): Callback received: 1 (cb_id=0x6280000 handle=1)
01-19 17:18:14.029 V/locapi_rpc_glue( 1576): +loc_api_callback_process_sync_call
01-19 17:18:14.029 V/locapi_rpc_glue( 1576): -loc_api_callback_process_sync_call, no sync call in use
01-19 17:18:14.029 D/lib_locapi( 1576): loc_eng_report_position: valid mask = 0x606d, sess status = 1
01-19 17:18:14.029 D/RPC     ( 1576): written RPC packet size: [28]
01-19 17:18:14.029 I/System.out( 2741): Values: 0.0 0.0
01-19 17:18:14.549 D/RPC     ( 1576): read RPC packet
01-19 17:18:14.549 D/RPC     ( 1576): read RPC packet size: [272]
01-19 17:18:14.549 V/locapi_rpc_glue( 1576): Callback received: 4 (cb_id=0x6280000 handle=1)
01-19 17:18:14.549 V/locapi_rpc_glue( 1576): +loc_api_callback_process_sync_call
01-19 17:18:14.549 V/locapi_rpc_glue( 1576): -loc_api_callback_process_sync_call, no sync call in use
01-19 17:18:14.549 D/RPC     ( 1576): written RPC packet size: [28]
01-19 17:18:14.549 D/RPC     ( 1576): read RPC packet
01-19 17:18:14.549 D/RPC     ( 1576): read RPC packet size: [272]
01-19 17:18:14.549 V/locapi_rpc_glue( 1576): Callback received: 4 (cb_id=0x6280000 handle=1)
01-19 17:18:14.559 V/locapi_rpc_glue( 1576): +loc_api_callback_process_sync_call
01-19 17:18:14.559 V/locapi_rpc_glue( 1576): -loc_api_callback_process_sync_call, no sync call in use
01-19 17:18:14.559 D/RPC     ( 1576): written RPC packet size: [28]
01-19 17:18:14.559 D/RPC     ( 1576): read RPC packet
01-19 17:18:14.559 D/RPC     ( 1576): read RPC packet size: [272]
01-19 17:18:14.559 V/locapi_rpc_glue( 1576): Callback received: 4 (cb_id=0x6280000 handle=1)
01-19 17:18:14.559 V/locapi_rpc_glue( 1576): +loc_api_callback_process_sync_call
01-19 17:18:14.559 V/locapi_rpc_glue( 1576): -loc_api_callback_process_sync_call, no sync call in use
01-19 17:18:14.559 D/RPC     ( 1576): written RPC packet size: [28]
01-19 17:18:14.569 D/RPC     ( 1576): read RPC packet
01-19 17:18:14.569 D/RPC     ( 1576): read RPC packet size: [272]
01-19 17:18:14.569 V/locapi_rpc_glue( 1576): Callback received: 4 (cb_id=0x6280000 handle=1)
01-19 17:18:14.569 V/locapi_rpc_glue( 1576): +loc_api_callback_process_sync_call
01-19 17:18:14.569 V/locapi_rpc_glue( 1576): -loc_api_callback_process_sync_call, no sync call in use
01-19 17:18:14.569 D/RPC     ( 1576): written RPC packet size: [28]
01-19 17:18:14.569 D/RPC     ( 1576): read RPC packet
01-19 17:18:14.569 D/RPC     ( 1576): read RPC packet size: [96]
01-19 17:18:14.569 V/locapi_rpc_glue( 1576): Callback received: 2 (cb_id=0x6280000 handle=1)
01-19 17:18:14.569 V/locapi_rpc_glue( 1576): +loc_api_callback_process_sync_call
01-19 17:18:14.579 V/locapi_rpc_glue( 1576): -loc_api_callback_process_sync_call, no sync call in use
01-19 17:18:14.579 D/lib_locapi( 1576): loc_eng_report_sv: valid_mask = 0x30, num of sv = 0
01-19 17:18:14.579 D/GpsLocationProvider( 1576): reportSvStatus
01-19 17:18:14.579 V/GpsLocationProvider( 1576): SV count: 0 ephemerisMask: 0 almanacMask: 0
01-19 17:18:14.579 D/RPC     ( 1576): written RPC packet size: [28]
01-19 17:18:14.579 D/RPC     ( 1576): read RPC packet
01-19 17:18:14.579 D/RPC     ( 1576): read RPC packet size: [272]
01-19 17:18:14.579 V/locapi_rpc_glue( 1576): Callback received: 4 (cb_id=0x6280000 handle=1)
01-19 17:18:14.579 V/locapi_rpc_glue( 1576): +loc_api_callback_process_sync_call
01-19 17:18:14.579 V/locapi_rpc_glue( 1576): -loc_api_callback_process_sync_call, no sync call in use
01-19 17:18:14.579 D/RPC     ( 1576): written RPC packet size: [28]
01-19 17:18:14.589 D/RPC     ( 1576): read RPC packet
01-19 17:18:14.589 D/RPC     ( 1576): read RPC packet size: [272]
01-19 17:18:14.589 V/locapi_rpc_glue( 1576): Callback received: 4 (cb_id=0x6280000 handle=1)
01-19 17:18:14.589 V/locapi_rpc_glue( 1576): +loc_api_callback_process_sync_call
01-19 17:18:14.589 V/locapi_rpc_glue( 1576): -loc_api_callback_process_sync_call, no sync call in use
01-19 17:18:14.589 D/RPC     ( 1576): written RPC packet size: [28]
01-19 17:18:14.589 D/RPC     ( 1576): read RPC packet
01-19 17:18:14.589 D/RPC     ( 1576): read RPC packet size: [272]
01-19 17:18:14.589 V/locapi_rpc_glue( 1576): Callback received: 4 (cb_id=0x6280000 handle=1)
01-19 17:18:14.599 V/locapi_rpc_glue( 1576): +loc_api_callback_process_sync_call
01-19 17:18:14.599 V/locapi_rpc_glue( 1576): -loc_api_callback_process_sync_call, no sync call in use
01-19 17:18:14.599 D/RPC     ( 1576): written RPC packet size: [28]
01-19 17:18:14.599 D/RPC     ( 1576): read RPC packet
01-19 17:18:14.599 D/RPC     ( 1576): read RPC packet size: [272]
01-19 17:18:14.599 V/locapi_rpc_glue( 1576): Callback received: 4 (cb_id=0x6280000 handle=1)
01-19 17:18:14.599 V/locapi_rpc_glue( 1576): +loc_api_callback_process_sync_call
01-19 17:18:14.599 V/locapi_rpc_glue( 1576): -loc_api_callback_process_sync_call, no sync call in use
01-19 17:18:14.599 D/RPC     ( 1576): written RPC packet size: [28]
01-19 17:18:15.030 D/RPC     ( 1576): read RPC packet
01-19 17:18:15.030 D/RPC     ( 1576): read RPC packet size: [208]
01-19 17:18:15.030 V/locapi_rpc_glue( 1576): Callback received: 1 (cb_id=0x6280000 handle=1)
01-19 17:18:15.030 V/locapi_rpc_glue( 1576): +loc_api_callback_process_sync_call
01-19 17:18:15.030 V/locapi_rpc_glue( 1576): -loc_api_callback_process_sync_call, no sync call in use
01-19 17:18:15.030 D/lib_locapi( 1576): loc_eng_report_position: valid mask = 0x606d, sess status = 1
01-19 17:18:15.030 I/System.out( 2741): Values: 0.0 0.0
01-19 17:18:15.040 D/RPC     ( 1576): written RPC packet size: [28]
01-19 17:18:15.550 D/RPC     ( 1576): read RPC packet
01-19 17:18:15.550 D/RPC     ( 1576): read RPC packet size: [272]
01-19 17:18:15.550 V/locapi_rpc_glue( 1576): Callback received: 4 (cb_id=0x6280000 handle=1)
01-19 17:18:15.550 V/locapi_rpc_glue( 1576): +loc_api_callback_process_sync_call
01-19 17:18:15.550 V/locapi_rpc_glue( 1576): -loc_api_callback_process_sync_call, no sync call in use
01-19 17:18:15.550 D/RPC     ( 1576): written RPC packet size: [28]
01-19 17:18:15.550 D/RPC     ( 1576): read RPC packet
01-19 17:18:15.550 D/RPC     ( 1576): read RPC packet size: [272]
01-19 17:18:15.550 V/locapi_rpc_glue( 1576): Callback received: 4 (cb_id=0x6280000 handle=1)
01-19 17:18:15.560 V/locapi_rpc_glue( 1576): +loc_api_callback_process_sync_call
01-19 17:18:15.560 V/locapi_rpc_glue( 1576): -loc_api_callback_process_sync_call, no sync call in use
01-19 17:18:15.560 D/RPC     ( 1576): written RPC packet size: [28]
01-19 17:18:15.560 D/RPC     ( 1576): read RPC packet
01-19 17:18:15.560 D/RPC     ( 1576): read RPC packet size: [272]
01-19 17:18:15.560 V/locapi_rpc_glue( 1576): Callback received: 4 (cb_id=0x6280000 handle=1)
01-19 17:18:15.560 V/locapi_rpc_glue( 1576): +loc_api_callback_process_sync_call
01-19 17:18:15.560 V/locapi_rpc_glue( 1576): -loc_api_callback_process_sync_call, no sync call in use
01-19 17:18:15.560 D/RPC     ( 1576): written RPC packet size: [28]
01-19 17:18:15.570 D/RPC     ( 1576): read RPC packet
01-19 17:18:15.570 D/RPC     ( 1576): read RPC packet size: [272]
01-19 17:18:15.570 V/locapi_rpc_glue( 1576): Callback received: 4 (cb_id=0x6280000 handle=1)
01-19 17:18:15.570 V/locapi_rpc_glue( 1576): +loc_api_callback_process_sync_call
01-19 17:18:15.570 V/locapi_rpc_glue( 1576): -loc_api_callback_process_sync_call, no sync call in use
01-19 17:18:15.570 D/RPC     ( 1576): written RPC packet size: [28]
01-19 17:18:15.570 D/RPC     ( 1576): read RPC packet
01-19 17:18:15.570 D/RPC     ( 1576): read RPC packet size: [216]
01-19 17:18:15.570 V/locapi_rpc_glue( 1576): Callback received: 2 (cb_id=0x6280000 handle=1)
01-19 17:18:15.580 V/locapi_rpc_glue( 1576): +loc_api_callback_process_sync_call
01-19 17:18:15.580 V/locapi_rpc_glue( 1576): -loc_api_callback_process_sync_call, no sync call in use
01-19 17:18:15.580 D/lib_locapi( 1576): loc_eng_report_sv: valid_mask = 0x30, num of sv = 3
01-19 17:18:15.580 D/GpsLocationProvider( 1576): reportSvStatus
01-19 17:18:15.580 V/GpsLocationProvider( 1576): SV count: 3 ephemerisMask: 0 almanacMask: 2000110
01-19 17:18:15.580 V/GpsLocationProvider( 1576): sv: 5 snr: 2.67 elev: 53.0 azimuth: 194.0   AU
01-19 17:18:15.580 V/GpsLocationProvider( 1576): sv: 9 snr: 2.58 elev: 60.0 azimuth: 67.0   AU
01-19 17:18:15.580 V/GpsLocationProvider( 1576): sv: 26 snr: 2.4299998 elev: 74.0 azimuth: 286.0   AU
01-19 17:18:15.580 D/RPC     ( 1576): written RPC packet size: [28]
01-19 17:18:15.590 D/RPC     ( 1576): read RPC packet
01-19 17:18:15.590 D/RPC     ( 1576): read RPC packet size: [272]
01-19 17:18:15.590 V/locapi_rpc_glue( 1576): Callback received: 4 (cb_id=0x6280000 handle=1)
01-19 17:18:15.590 V/locapi_rpc_glue( 1576): +loc_api_callback_process_sync_call
01-19 17:18:15.590 V/locapi_rpc_glue( 1576): -loc_api_callback_process_sync_call, no sync call in use
01-19 17:18:15.590 D/RPC     ( 1576): written RPC packet size: [28]
01-19 17:18:15.590 D/RPC     ( 1576): read RPC packet
01-19 17:18:15.590 D/RPC     ( 1576): read RPC packet size: [272]
01-19 17:18:15.590 V/locapi_rpc_glue( 1576): Callback received: 4 (cb_id=0x6280000 handle=1)
01-19 17:18:15.600 V/locapi_rpc_glue( 1576): +loc_api_callback_process_sync_call
01-19 17:18:15.600 V/locapi_rpc_glue( 1576): -loc_api_callback_process_sync_call, no sync call in use
01-19 17:18:15.600 D/RPC     ( 1576): written RPC packet size: [28]
01-19 17:18:15.600 D/RPC     ( 1576): read RPC packet
01-19 17:18:15.600 D/RPC     ( 1576): read RPC packet size: [272]
01-19 17:18:15.600 V/locapi_rpc_glue( 1576): Callback received: 4 (cb_id=0x6280000 handle=1)
01-19 17:18:15.600 V/locapi_rpc_glue( 1576): +loc_api_callback_process_sync_call
01-19 17:18:15.600 V/locapi_rpc_glue( 1576): -loc_api_callback_process_sync_call, no sync call in use
01-19 17:18:15.600 D/RPC     ( 1576): written RPC packet size: [28]
01-19 17:18:15.610 D/RPC     ( 1576): read RPC packet
01-19 17:18:15.610 D/RPC     ( 1576): read RPC packet size: [272]
01-19 17:18:15.610 V/locapi_rpc_glue( 1576): Callback received: 4 (cb_id=0x6280000 handle=1)
01-19 17:18:15.610 V/locapi_rpc_glue( 1576): +loc_api_callback_process_sync_call
01-19 17:18:15.610 V/locapi_rpc_glue( 1576): -loc_api_callback_process_sync_call, no sync call in use
01-19 17:18:15.610 D/RPC     ( 1576): written RPC packet size: [28]
01-19 17:18:16.030 D/RPC     ( 1576): read RPC packet
01-19 17:18:16.030 D/RPC     ( 1576): read RPC packet size: [208]
01-19 17:18:16.030 V/locapi_rpc_glue( 1576): Callback received: 1 (cb_id=0x6280000 handle=1)
01-19 17:18:16.030 V/locapi_rpc_glue( 1576): +loc_api_callback_process_sync_call
01-19 17:18:16.030 V/locapi_rpc_glue( 1576): -loc_api_callback_process_sync_call, no sync call in use
01-19 17:18:16.030 I/System.out( 2741): Values: 0.0 0.0
01-19 17:18:16.040 D/lib_locapi( 1576): loc_eng_report_position: valid mask = 0x606d, sess status = 1
01-19 17:18:16.040 D/RPC     ( 1576): written RPC packet size: [28]
01-19 17:18:16.551 D/RPC     ( 1576): read RPC packet
01-19 17:18:16.551 D/RPC     ( 1576): read RPC packet size: [272]
01-19 17:18:16.551 V/locapi_rpc_glue( 1576): Callback received: 4 (cb_id=0x6280000 handle=1)
01-19 17:18:16.551 V/locapi_rpc_glue( 1576): +loc_api_callback_process_sync_call
01-19 17:18:16.551 V/locapi_rpc_glue( 1576): -loc_api_callback_process_sync_call, no sync call in use
01-19 17:18:16.551 D/RPC     ( 1576): written RPC packet size: [28]
01-19 17:18:16.551 D/RPC     ( 1576): read RPC packet
01-19 17:18:16.551 D/RPC     ( 1576): read RPC packet size: [272]
01-19 17:18:16.561 V/locapi_rpc_glue( 1576): Callback received: 4 (cb_id=0x6280000 handle=1)
01-19 17:18:16.561 V/locapi_rpc_glue( 1576): +loc_api_callback_process_sync_call
01-19 17:18:16.561 V/locapi_rpc_glue( 1576): -loc_api_callback_process_sync_call, no sync call in use
01-19 17:18:16.561 D/RPC     ( 1576): written RPC packet size: [28]
01-19 17:18:16.561 D/RPC     ( 1576): read RPC packet
01-19 17:18:16.561 D/RPC     ( 1576): read RPC packet size: [272]
01-19 17:18:16.561 V/locapi_rpc_glue( 1576): Callback received: 4 (cb_id=0x6280000 handle=1)
01-19 17:18:16.561 V/locapi_rpc_glue( 1576): +loc_api_callback_process_sync_call
01-19 17:18:16.561 V/locapi_rpc_glue( 1576): -loc_api_callback_process_sync_call, no sync call in use
01-19 17:18:16.561 D/RPC     ( 1576): written RPC packet size: [28]
01-19 17:18:16.571 D/RPC     ( 1576): read RPC packet
01-19 17:18:16.571 D/RPC     ( 1576): read RPC packet size: [272]
01-19 17:18:16.571 V/locapi_rpc_glue( 1576): Callback received: 4 (cb_id=0x6280000 handle=1)
01-19 17:18:16.571 V/locapi_rpc_glue( 1576): +loc_api_callback_process_sync_call
01-19 17:18:16.571 V/locapi_rpc_glue( 1576): -loc_api_callback_process_sync_call, no sync call in use
01-19 17:18:16.571 D/RPC     ( 1576): written RPC packet size: [28]
01-19 17:18:16.571 D/RPC     ( 1576): read RPC packet
01-19 17:18:16.571 D/RPC     ( 1576): read RPC packet size: [296]
01-19 17:18:16.571 V/locapi_rpc_glue( 1576): Callback received: 2 (cb_id=0x6280000 handle=1)
01-19 17:18:16.571 V/locapi_rpc_glue( 1576): +loc_api_callback_process_sync_call
01-19 17:18:16.581 V/locapi_rpc_glue( 1576): -loc_api_callback_process_sync_call, no sync call in use
01-19 17:18:16.581 D/lib_locapi( 1576): loc_eng_report_sv: valid_mask = 0x30, num of sv = 5
01-19 17:18:16.581 D/GpsLocationProvider( 1576): reportSvStatus
01-19 17:18:16.581 V/GpsLocationProvider( 1576): SV count: 5 ephemerisMask: 0 almanacMask: 2004190
01-19 17:18:16.581 V/GpsLocationProvider( 1576): sv: 5 snr: 2.5700002 elev: 53.0 azimuth: 194.0   AU
01-19 17:18:16.581 V/GpsLocationProvider( 1576): sv: 8 snr: 2.21 elev: 57.0 azimuth: 64.0   A
01-19 17:18:16.581 V/GpsLocationProvider( 1576): sv: 9 snr: 2.56 elev: 60.0 azimuth: 67.0   AU
01-19 17:18:16.581 V/GpsLocationProvider( 1576): sv: 15 snr: 2.23 elev: 34.0 azimuth: 282.0   A
01-19 17:18:16.591 D/RPC     ( 1576): written RPC packet size: [28]
01-19 17:18:16.591 V/GpsLocationProvider( 1576): sv: 26 snr: 2.34 elev: 74.0 azimuth: 286.0   AU
01-19 17:18:16.591 D/RPC     ( 1576): read RPC packet
01-19 17:18:16.591 D/RPC     ( 1576): read RPC packet size: [272]
01-19 17:18:16.591 V/locapi_rpc_glue( 1576): Callback received: 4 (cb_id=0x6280000 handle=1)
01-19 17:18:16.591 V/locapi_rpc_glue( 1576): +loc_api_callback_process_sync_call
01-19 17:18:16.591 V/locapi_rpc_glue( 1576): -loc_api_callback_process_sync_call, no sync call in use
01-19 17:18:16.601 D/RPC     ( 1576): written RPC packet size: [28]
01-19 17:18:16.601 D/RPC     ( 1576): read RPC packet
01-19 17:18:16.601 D/RPC     ( 1576): read RPC packet size: [272]
01-19 17:18:16.601 V/locapi_rpc_glue( 1576): Callback received: 4 (cb_id=0x6280000 handle=1)
01-19 17:18:16.601 V/locapi_rpc_glue( 1576): +loc_api_callback_process_sync_call
01-19 17:18:16.601 V/locapi_rpc_glue( 1576): -loc_api_callback_process_sync_call, no sync call in use
01-19 17:18:16.601 D/RPC     ( 1576): written RPC packet size: [28]
01-19 17:18:16.611 D/RPC     ( 1576): read RPC packet
01-19 17:18:16.611 D/RPC     ( 1576): read RPC packet size: [272]
01-19 17:18:16.611 V/locapi_rpc_glue( 1576): Callback received: 4 (cb_id=0x6280000 handle=1)
01-19 17:18:16.611 V/locapi_rpc_glue( 1576): +loc_api_callback_process_sync_call
01-19 17:18:16.611 V/locapi_rpc_glue( 1576): -loc_api_callback_process_sync_call, no sync call in use
01-19 17:18:16.611 D/RPC     ( 1576): written RPC packet size: [28]
01-19 17:18:16.611 D/RPC     ( 1576): read RPC packet
01-19 17:18:16.611 D/RPC     ( 1576): read RPC packet size: [272]
01-19 17:18:16.611 V/locapi_rpc_glue( 1576): Callback received: 4 (cb_id=0x6280000 handle=1)
01-19 17:18:16.621 V/locapi_rpc_glue( 1576): +loc_api_callback_process_sync_call
01-19 17:18:16.621 V/locapi_rpc_glue( 1576): -loc_api_callback_process_sync_call, no sync call in use
01-19 17:18:16.621 D/RPC     ( 1576): written RPC packet size: [28]
01-19 17:18:17.031 D/RPC     ( 1576): read RPC packet
01-19 17:18:17.031 I/System.out( 2741): Values: 0.0 0.0
01-19 17:18:17.041 D/RPC     ( 1576): read RPC packet size: [208]
01-19 17:18:17.041 V/locapi_rpc_glue( 1576): Callback received: 1 (cb_id=0x6280000 handle=1)
01-19 17:18:17.041 V/locapi_rpc_glue( 1576): +loc_api_callback_process_sync_call
01-19 17:18:17.041 V/locapi_rpc_glue( 1576): -loc_api_callback_process_sync_call, no sync call in use
01-19 17:18:17.041 D/lib_locapi( 1576): loc_eng_report_position: valid mask = 0x606d, sess status = 1
01-19 17:18:17.041 D/RPC     ( 1576): written RPC packet size: [28]
01-19 17:18:17.532 D/RPC     ( 1576): read RPC packet
01-19 17:18:17.532 D/RPC     ( 1576): read RPC packet size: [272]
01-19 17:18:17.542 V/locapi_rpc_glue( 1576): Callback received: 4 (cb_id=0x6280000 handle=1)
01-19 17:18:17.542 V/locapi_rpc_glue( 1576): +loc_api_callback_process_sync_call
01-19 17:18:17.542 V/locapi_rpc_glue( 1576): -loc_api_callback_process_sync_call, no sync call in use
01-19 17:18:17.542 D/RPC     ( 1576): written RPC packet size: [28]
01-19 17:18:17.542 D/RPC     ( 1576): read RPC packet
01-19 17:18:17.542 D/RPC     ( 1576): read RPC packet size: [272]
01-19 17:18:17.542 V/locapi_rpc_glue( 1576): Callback received: 4 (cb_id=0x6280000 handle=1)
01-19 17:18:17.542 V/locapi_rpc_glue( 1576): +loc_api_callback_process_sync_call
01-19 17:18:17.542 V/locapi_rpc_glue( 1576): -loc_api_callback_process_sync_call, no sync call in use
01-19 17:18:17.552 D/RPC     ( 1576): written RPC packet size: [28]
01-19 17:18:17.552 D/RPC     ( 1576): read RPC packet
01-19 17:18:17.552 D/RPC     ( 1576): read RPC packet size: [272]
01-19 17:18:17.552 V/locapi_rpc_glue( 1576): Callback received: 4 (cb_id=0x6280000 handle=1)
01-19 17:18:17.552 V/locapi_rpc_glue( 1576): +loc_api_callback_process_sync_call
01-19 17:18:17.552 V/locapi_rpc_glue( 1576): -loc_api_callback_process_sync_call, no sync call in use
01-19 17:18:17.552 D/RPC     ( 1576): written RPC packet size: [28]
01-19 17:18:17.562 D/RPC     ( 1576): read RPC packet
01-19 17:18:17.562 D/RPC     ( 1576): read RPC packet size: [272]
01-19 17:18:17.562 V/locapi_rpc_glue( 1576): Callback received: 4 (cb_id=0x6280000 handle=1)
01-19 17:18:17.562 V/locapi_rpc_glue( 1576): +loc_api_callback_process_sync_call
01-19 17:18:17.562 V/locapi_rpc_glue( 1576): -loc_api_callback_process_sync_call, no sync call in use
01-19 17:18:17.562 D/RPC     ( 1576): written RPC packet size: [28]
01-19 17:18:17.562 D/RPC     ( 1576): read RPC packet
01-19 17:18:17.562 D/RPC     ( 1576): read RPC packet size: [296]
01-19 17:18:17.562 V/locapi_rpc_glue( 1576): Callback received: 2 (cb_id=0x6280000 handle=1)
01-19 17:18:17.562 V/locapi_rpc_glue( 1576): +loc_api_callback_process_sync_call
01-19 17:18:17.572 V/locapi_rpc_glue( 1576): -loc_api_callback_process_sync_call, no sync call in use
01-19 17:18:17.572 D/lib_locapi( 1576): loc_eng_report_sv: valid_mask = 0x30, num of sv = 5
01-19 17:18:17.572 D/GpsLocationProvider( 1576): reportSvStatus
01-19 17:18:17.572 V/GpsLocationProvider( 1576): SV count: 5 ephemerisMask: 0 almanacMask: 2004190
01-19 17:18:17.572 V/GpsLocationProvider( 1576): sv: 5 snr: 2.6 elev: 53.0 azimuth: 194.0   AU
01-19 17:18:17.572 V/GpsLocationProvider( 1576): sv: 8 snr: 2.21 elev: 57.0 azimuth: 64.0   A
01-19 17:18:17.572 V/GpsLocationProvider( 1576): sv: 9 snr: 2.55 elev: 60.0 azimuth: 67.0   AU
01-19 17:18:17.572 V/GpsLocationProvider( 1576): sv: 15 snr: 2.23 elev: 34.0 azimuth: 282.0   A
01-19 17:18:17.572 V/GpsLocationProvider( 1576): sv: 26 snr: 2.3799999 elev: 74.0 azimuth: 286.0   AU
01-19 17:18:17.572 D/RPC     ( 1576): written RPC packet size: [28]
01-19 17:18:17.582 D/RPC     ( 1576): read RPC packet
01-19 17:18:17.582 D/RPC     ( 1576): read RPC packet size: [272]
01-19 17:18:17.582 V/locapi_rpc_glue( 1576): Callback received: 4 (cb_id=0x6280000 handle=1)
01-19 17:18:17.582 V/locapi_rpc_glue( 1576): +loc_api_callback_process_sync_call
01-19 17:18:17.582 V/locapi_rpc_glue( 1576): -loc_api_callback_process_sync_call, no sync call in use
01-19 17:18:17.582 D/RPC     ( 1576): written RPC packet size: [28]
01-19 17:18:17.582 D/RPC     ( 1576): read RPC packet
01-19 17:18:17.582 D/RPC     ( 1576): read RPC packet size: [272]
01-19 17:18:17.592 V/locapi_rpc_glue( 1576): Callback received: 4 (cb_id=0x6280000 handle=1)
01-19 17:18:17.592 V/locapi_rpc_glue( 1576): +loc_api_callback_process_sync_call
01-19 17:18:17.592 V/locapi_rpc_glue( 1576): -loc_api_callback_process_sync_call, no sync call in use
01-19 17:18:17.592 D/RPC     ( 1576): written RPC packet size: [28]
01-19 17:18:17.592 D/RPC     ( 1576): read RPC packet
01-19 17:18:17.592 D/RPC     ( 1576): read RPC packet size: [272]
01-19 17:18:17.592 V/locapi_rpc_glue( 1576): Callback received: 4 (cb_id=0x6280000 handle=1)
01-19 17:18:17.592 V/locapi_rpc_glue( 1576): +loc_api_callback_process_sync_call
01-19 17:18:17.602 V/locapi_rpc_glue( 1576): -loc_api_callback_process_sync_call, no sync call in use
01-19 17:18:17.602 D/RPC     ( 1576): written RPC packet size: [28]
01-19 17:18:17.602 D/RPC     ( 1576): read RPC packet
01-19 17:18:17.602 D/RPC     ( 1576): read RPC packet size: [272]
01-19 17:18:17.602 V/locapi_rpc_glue( 1576): Callback received: 4 (cb_id=0x6280000 handle=1)
01-19 17:18:17.602 V/locapi_rpc_glue( 1576): +loc_api_callback_process_sync_call
01-19 17:18:17.602 V/locapi_rpc_glue( 1576): -loc_api_callback_process_sync_call, no sync call in use
01-19 17:18:17.602 D/RPC     ( 1576): written RPC packet size: [28]
01-19 17:18:18.022 D/RPC     ( 1576): read RPC packet
01-19 17:18:18.022 I/System.out( 2741): Values: 0.0 0.0
01-19 17:18:18.032 D/RPC     ( 1576): read RPC packet size: [208]
01-19 17:18:18.032 V/locapi_rpc_glue( 1576): Callback received: 1 (cb_id=0x6280000 handle=1)
01-19 17:18:18.032 V/locapi_rpc_glue( 1576): +loc_api_callback_process_sync_call
01-19 17:18:18.032 V/locapi_rpc_glue( 1576): -loc_api_callback_process_sync_call, no sync call in use
01-19 17:18:18.042 D/lib_locapi( 1576): loc_eng_report_position: valid mask = 0x606d, sess status = 1
01-19 17:18:18.042 D/RPC     ( 1576): written RPC packet size: [28]
01-19 17:18:18.543 D/RPC     ( 1576): read RPC packet
01-19 17:18:18.543 D/RPC     ( 1576): read RPC packet size: [272]
01-19 17:18:18.543 V/locapi_rpc_glue( 1576): Callback received: 4 (cb_id=0x6280000 handle=1)
01-19 17:18:18.543 V/locapi_rpc_glue( 1576): +loc_api_callback_process_sync_call
01-19 17:18:18.543 V/locapi_rpc_glue( 1576): -loc_api_callback_process_sync_call, no sync call in use
01-19 17:18:18.543 D/RPC     ( 1576): written RPC packet size: [28]
01-19 17:18:18.543 D/RPC     ( 1576): read RPC packet
01-19 17:18:18.543 D/RPC     ( 1576): read RPC packet size: [272]
01-19 17:18:18.553 V/locapi_rpc_glue( 1576): Callback received: 4 (cb_id=0x6280000 handle=1)
01-19 17:18:18.553 V/locapi_rpc_glue( 1576): +loc_api_callback_process_sync_call
01-19 17:18:18.553 V/locapi_rpc_glue( 1576): -loc_api_callback_process_sync_call, no sync call in use
01-19 17:18:18.553 D/RPC     ( 1576): written RPC packet size: [28]
01-19 17:18:18.553 D/RPC     ( 1576): read RPC packet
01-19 17:18:18.553 D/RPC     ( 1576): read RPC packet size: [272]
01-19 17:18:18.553 V/locapi_rpc_glue( 1576): Callback received: 4 (cb_id=0x6280000 handle=1)
01-19 17:18:18.553 V/locapi_rpc_glue( 1576): +loc_api_callback_process_sync_call
01-19 17:18:18.553 V/locapi_rpc_glue( 1576): -loc_api_callback_process_sync_call, no sync call in use
01-19 17:18:18.563 D/RPC     ( 1576): written RPC packet size: [28]
01-19 17:18:18.563 D/RPC     ( 1576): read RPC packet
01-19 17:18:18.563 D/RPC     ( 1576): read RPC packet size: [272]
01-19 17:18:18.563 V/locapi_rpc_glue( 1576): Callback received: 4 (cb_id=0x6280000 handle=1)
01-19 17:18:18.563 V/locapi_rpc_glue( 1576): +loc_api_callback_process_sync_call
01-19 17:18:18.563 V/locapi_rpc_glue( 1576): -loc_api_callback_process_sync_call, no sync call in use
01-19 17:18:18.563 D/RPC     ( 1576): written RPC packet size: [28]
01-19 17:18:18.573 D/RPC     ( 1576): read RPC packet
01-19 17:18:18.573 D/RPC     ( 1576): read RPC packet size: [296]
01-19 17:18:18.573 V/locapi_rpc_glue( 1576): Callback received: 2 (cb_id=0x6280000 handle=1)
01-19 17:18:18.573 V/locapi_rpc_glue( 1576): +loc_api_callback_process_sync_call
01-19 17:18:18.573 V/locapi_rpc_glue( 1576): -loc_api_callback_process_sync_call, no sync call in use
01-19 17:18:18.573 D/lib_locapi( 1576): loc_eng_report_sv: valid_mask = 0x30, num of sv = 5
01-19 17:18:18.573 D/GpsLocationProvider( 1576): reportSvStatus
01-19 17:18:18.573 V/GpsLocationProvider( 1576): SV count: 5 ephemerisMask: 0 almanacMask: 2004190
01-19 17:18:18.573 V/GpsLocationProvider( 1576): sv: 5 snr: 2.56 elev: 53.0 azimuth: 194.0   AU
01-19 17:18:18.573 V/GpsLocationProvider( 1576): sv: 8 snr: 2.19 elev: 57.0 azimuth: 64.0   AU
01-19 17:18:18.573 V/GpsLocationProvider( 1576): sv: 9 snr: 2.51 elev: 60.0 azimuth: 67.0   AU
01-19 17:18:18.573 V/GpsLocationProvider( 1576): sv: 15 snr: 2.3899999 elev: 34.0 azimuth: 282.0   AU
01-19 17:18:18.583 D/RPC     ( 1576): written RPC packet size: [28]
01-19 17:18:18.583 V/GpsLocationProvider( 1576): sv: 26 snr: 2.3600001 elev: 74.0 azimuth: 286.0   AU
01-19 17:18:18.593 D/RPC     ( 1576): read RPC packet
01-19 17:18:18.593 D/RPC     ( 1576): read RPC packet size: [272]
01-19 17:18:18.593 V/locapi_rpc_glue( 1576): Callback received: 4 (cb_id=0x6280000 handle=1)
01-19 17:18:18.593 V/locapi_rpc_glue( 1576): +loc_api_callback_process_sync_call
01-19 17:18:18.593 V/locapi_rpc_glue( 1576): -loc_api_callback_process_sync_call, no sync call in use
01-19 17:18:18.593 D/RPC     ( 1576): written RPC packet size: [28]
01-19 17:18:18.603 D/RPC     ( 1576): read RPC packet
01-19 17:18:18.603 D/RPC     ( 1576): read RPC packet size: [272]
01-19 17:18:18.603 V/locapi_rpc_glue( 1576): Callback received: 4 (cb_id=0x6280000 handle=1)
01-19 17:18:18.603 V/locapi_rpc_glue( 1576): +loc_api_callback_process_sync_call
01-19 17:18:18.603 V/locapi_rpc_glue( 1576): -loc_api_callback_process_sync_call, no sync call in use
01-19 17:18:18.603 D/RPC     ( 1576): written RPC packet size: [28]
01-19 17:18:18.603 D/RPC     ( 1576): read RPC packet
01-19 17:18:18.603 D/RPC     ( 1576): read RPC packet size: [272]
01-19 17:18:18.603 V/locapi_rpc_glue( 1576): Callback received: 4 (cb_id=0x6280000 handle=1)
01-19 17:18:18.613 V/locapi_rpc_glue( 1576): +loc_api_callback_process_sync_call
01-19 17:18:18.613 V/locapi_rpc_glue( 1576): -loc_api_callback_process_sync_call, no sync call in use
01-19 17:18:18.613 D/RPC     ( 1576): written RPC packet size: [28]
01-19 17:18:18.613 D/RPC     ( 1576): read RPC packet
01-19 17:18:18.613 D/RPC     ( 1576): read RPC packet size: [272]
01-19 17:18:18.613 V/locapi_rpc_glue( 1576): Callback received: 4 (cb_id=0x6280000 handle=1)
01-19 17:18:18.613 V/locapi_rpc_glue( 1576): +loc_api_callback_process_sync_call
01-19 17:18:18.613 V/locapi_rpc_glue( 1576): -loc_api_callback_process_sync_call, no sync call in use
01-19 17:18:18.613 D/RPC     ( 1576): written RPC packet size: [28]
01-19 17:18:19.023 I/System.out( 2741): Values: 0.0 0.0
01-19 17:18:19.033 D/RPC     ( 1576): read RPC packet
01-19 17:18:19.033 D/RPC     ( 1576): read RPC packet size: [208]
01-19 17:18:19.033 V/locapi_rpc_glue( 1576): Callback received: 1 (cb_id=0x6280000 handle=1)
01-19 17:18:19.033 V/locapi_rpc_glue( 1576): +loc_api_callback_process_sync_call
01-19 17:18:19.043 V/locapi_rpc_glue( 1576): -loc_api_callback_process_sync_call, no sync call in use
01-19 17:18:19.043 D/lib_locapi( 1576): loc_eng_report_position: valid mask = 0x606d, sess status = 1
01-19 17:18:19.043 D/RPC     ( 1576): written RPC packet size: [28]
01-19 17:18:19.544 D/RPC     ( 1576): read RPC packet
01-19 17:18:19.544 D/RPC     ( 1576): read RPC packet size: [272]
01-19 17:18:19.544 V/locapi_rpc_glue( 1576): Callback received: 4 (cb_id=0x6280000 handle=1)
01-19 17:18:19.544 V/locapi_rpc_glue( 1576): +loc_api_callback_process_sync_call
01-19 17:18:19.544 V/locapi_rpc_glue( 1576): -loc_api_callback_process_sync_call, no sync call in use
01-19 17:18:19.544 D/RPC     ( 1576): written RPC packet size: [28]
01-19 17:18:19.554 D/RPC     ( 1576): read RPC packet
01-19 17:18:19.554 D/RPC     ( 1576): read RPC packet size: [272]
01-19 17:18:19.554 V/locapi_rpc_glue( 1576): Callback received: 4 (cb_id=0x6280000 handle=1)
01-19 17:18:19.554 V/locapi_rpc_glue( 1576): +loc_api_callback_process_sync_call
01-19 17:18:19.554 V/locapi_rpc_glue( 1576): -loc_api_callback_process_sync_call, no sync call in use
01-19 17:18:19.554 D/RPC     ( 1576): written RPC packet size: [28]
01-19 17:18:19.564 D/RPC     ( 1576): read RPC packet
01-19 17:18:19.564 D/RPC     ( 1576): read RPC packet size: [272]
01-19 17:18:19.564 V/locapi_rpc_glue( 1576): Callback received: 4 (cb_id=0x6280000 handle=1)
01-19 17:18:19.564 V/locapi_rpc_glue( 1576): +loc_api_callback_process_sync_call
01-19 17:18:19.564 V/locapi_rpc_glue( 1576): -loc_api_callback_process_sync_call, no sync call in use
01-19 17:18:19.564 D/RPC     ( 1576): written RPC packet size: [28]
01-19 17:18:19.564 D/RPC     ( 1576): read RPC packet
01-19 17:18:19.564 D/RPC     ( 1576): read RPC packet size: [272]
01-19 17:18:19.574 V/locapi_rpc_glue( 1576): Callback received: 4 (cb_id=0x6280000 handle=1)
01-19 17:18:19.574 V/locapi_rpc_glue( 1576): +loc_api_callback_process_sync_call
01-19 17:18:19.574 V/locapi_rpc_glue( 1576): -loc_api_callback_process_sync_call, no sync call in use
01-19 17:18:19.574 D/RPC     ( 1576): written RPC packet size: [28]
01-19 17:18:19.574 D/RPC     ( 1576): read RPC packet
01-19 17:18:19.574 D/RPC     ( 1576): read RPC packet size: [296]
01-19 17:18:19.574 V/locapi_rpc_glue( 1576): Callback received: 2 (cb_id=0x6280000 handle=1)
01-19 17:18:19.574 V/locapi_rpc_glue( 1576): +loc_api_callback_process_sync_call
01-19 17:18:19.584 V/locapi_rpc_glue( 1576): -loc_api_callback_process_sync_call, no sync call in use
01-19 17:18:19.584 D/lib_locapi( 1576): loc_eng_report_sv: valid_mask = 0x30, num of sv = 5
01-19 17:18:19.584 D/GpsLocationProvider( 1576): reportSvStatus
01-19 17:18:19.584 V/GpsLocationProvider( 1576): SV count: 5 ephemerisMask: 2000010 almanacMask: 2004190
01-19 17:18:19.584 V/GpsLocationProvider( 1576): sv: 5 snr: 2.6299999 elev: 52.0 azimuth: 194.0 E AU
01-19 17:18:19.584 V/GpsLocationProvider( 1576): sv: 8 snr: 2.25 elev: 57.0 azimuth: 64.0   AU
01-19 17:18:19.584 V/GpsLocationProvider( 1576): sv: 9 snr: 2.5700002 elev: 60.0 azimuth: 67.0   AU
01-19 17:18:19.584 V/GpsLocationProvider( 1576): sv: 15 snr: 2.46 elev: 34.0 azimuth: 282.0   AU
01-19 17:18:19.594 D/RPC     ( 1576): written RPC packet size: [28]
01-19 17:18:19.594 V/GpsLocationProvider( 1576): sv: 26 snr: 2.34 elev: 74.0 azimuth: 286.0 E AU
01-19 17:18:19.594 D/RPC     ( 1576): read RPC packet
01-19 17:18:19.594 D/RPC     ( 1576): read RPC packet size: [272]
01-19 17:18:19.594 V/locapi_rpc_glue( 1576): Callback received: 4 (cb_id=0x6280000 handle=1)
01-19 17:18:19.594 V/locapi_rpc_glue( 1576): +loc_api_callback_process_sync_call
01-19 17:18:19.594 V/locapi_rpc_glue( 1576): -loc_api_callback_process_sync_call, no sync call in use
01-19 17:18:19.594 D/RPC     ( 1576): written RPC packet size: [28]
01-19 17:18:19.604 D/RPC     ( 1576): read RPC packet
01-19 17:18:19.604 D/RPC     ( 1576): read RPC packet size: [272]
01-19 17:18:19.604 V/locapi_rpc_glue( 1576): Callback received: 4 (cb_id=0x6280000 handle=1)
01-19 17:18:19.604 V/locapi_rpc_glue( 1576): +loc_api_callback_process_sync_call
01-19 17:18:19.604 V/locapi_rpc_glue( 1576): -loc_api_callback_process_sync_call, no sync call in use
01-19 17:18:19.604 D/RPC     ( 1576): written RPC packet size: [28]
01-19 17:18:19.614 D/RPC     ( 1576): read RPC packet
01-19 17:18:19.614 D/RPC     ( 1576): read RPC packet size: [272]
01-19 17:18:19.614 V/locapi_rpc_glue( 1576): Callback received: 4 (cb_id=0x6280000 handle=1)
01-19 17:18:19.614 V/locapi_rpc_glue( 1576): +loc_api_callback_process_sync_call
01-19 17:18:19.614 V/locapi_rpc_glue( 1576): -loc_api_callback_process_sync_call, no sync call in use
01-19 17:18:19.614 D/RPC     ( 1576): written RPC packet size: [28]
01-19 17:18:19.624 D/RPC     ( 1576): read RPC packet
01-19 17:18:19.624 D/RPC     ( 1576): read RPC packet size: [272]
01-19 17:18:19.624 V/locapi_rpc_glue( 1576): Callback received: 4 (cb_id=0x6280000 handle=1)
01-19 17:18:19.624 V/locapi_rpc_glue( 1576): +loc_api_callback_process_sync_call
01-19 17:18:19.624 V/locapi_rpc_glue( 1576): -loc_api_callback_process_sync_call, no sync call in use
01-19 17:18:19.624 D/RPC     ( 1576): written RPC packet size: [28]
01-19 17:18:20.024 I/System.out( 2741): Values: 0.0 0.0
01-19 17:18:20.034 D/RPC     ( 1576): read RPC packet
01-19 17:18:20.034 D/RPC     ( 1576): read RPC packet size: [208]
01-19 17:18:20.034 V/locapi_rpc_glue( 1576): Callback received: 1 (cb_id=0x6280000 handle=1)
01-19 17:18:20.044 V/locapi_rpc_glue( 1576): +loc_api_callback_process_sync_call
01-19 17:18:20.044 V/locapi_rpc_glue( 1576): -loc_api_callback_process_sync_call, no sync call in use
01-19 17:18:20.044 D/lib_locapi( 1576): loc_eng_report_position: valid mask = 0x606d, sess status = 1
01-19 17:18:20.044 D/RPC     ( 1576): written RPC packet size: [28]
01-19 17:18:20.545 D/RPC     ( 1576): read RPC packet
01-19 17:18:20.545 D/RPC     ( 1576): read RPC packet size: [272]
01-19 17:18:20.545 V/locapi_rpc_glue( 1576): Callback received: 4 (cb_id=0x6280000 handle=1)
01-19 17:18:20.545 V/locapi_rpc_glue( 1576): +loc_api_callback_process_sync_call
01-19 17:18:20.545 V/locapi_rpc_glue( 1576): -loc_api_callback_process_sync_call, no sync call in use
01-19 17:18:20.545 D/RPC     ( 1576): written RPC packet size: [28]
01-19 17:18:20.555 D/RPC     ( 1576): read RPC packet
01-19 17:18:20.555 D/RPC     ( 1576): read RPC packet size: [272]
01-19 17:18:20.555 V/locapi_rpc_glue( 1576): Callback received: 4 (cb_id=0x6280000 handle=1)
01-19 17:18:20.555 V/locapi_rpc_glue( 1576): +loc_api_callback_process_sync_call
01-19 17:18:20.555 V/locapi_rpc_glue( 1576): -loc_api_callback_process_sync_call, no sync call in use
01-19 17:18:20.555 D/RPC     ( 1576): written RPC packet size: [28]
01-19 17:18:20.565 D/RPC     ( 1576): read RPC packet
01-19 17:18:20.565 D/RPC     ( 1576): read RPC packet size: [272]
01-19 17:18:20.565 V/locapi_rpc_glue( 1576): Callback received: 4 (cb_id=0x6280000 handle=1)
01-19 17:18:20.565 V/locapi_rpc_glue( 1576): +loc_api_callback_process_sync_call
01-19 17:18:20.565 V/locapi_rpc_glue( 1576): -loc_api_callback_process_sync_call, no sync call in use
01-19 17:18:20.565 D/RPC     ( 1576): written RPC packet size: [28]
01-19 17:18:20.565 D/RPC     ( 1576): read RPC packet
01-19 17:18:20.565 D/RPC     ( 1576): read RPC packet size: [272]
01-19 17:18:20.575 V/locapi_rpc_glue( 1576): Callback received: 4 (cb_id=0x6280000 handle=1)
01-19 17:18:20.575 V/locapi_rpc_glue( 1576): +loc_api_callback_process_sync_call
01-19 17:18:20.575 V/locapi_rpc_glue( 1576): -loc_api_callback_process_sync_call, no sync call in use
01-19 17:18:20.575 D/RPC     ( 1576): written RPC packet size: [28]
01-19 17:18:20.575 D/RPC     ( 1576): read RPC packet
01-19 17:18:20.575 D/RPC     ( 1576): read RPC packet size: [296]
01-19 17:18:20.575 V/locapi_rpc_glue( 1576): Callback received: 2 (cb_id=0x6280000 handle=1)
01-19 17:18:20.575 V/locapi_rpc_glue( 1576): +loc_api_callback_process_sync_call
01-19 17:18:20.585 V/locapi_rpc_glue( 1576): -loc_api_callback_process_sync_call, no sync call in use
01-19 17:18:20.585 D/lib_locapi( 1576): loc_eng_report_sv: valid_mask = 0x30, num of sv = 5
01-19 17:18:20.585 D/GpsLocationProvider( 1576): reportSvStatus
01-19 17:18:20.585 V/GpsLocationProvider( 1576): SV count: 5 ephemerisMask: 2000010 almanacMask: 2004190
01-19 17:18:20.585 V/GpsLocationProvider( 1576): sv: 5 snr: 2.5700002 elev: 53.0 azimuth: 195.0 E AU
01-19 17:18:20.585 V/GpsLocationProvider( 1576): sv: 8 snr: 2.31 elev: 57.0 azimuth: 64.0   AU
01-19 17:18:20.585 V/GpsLocationProvider( 1576): sv: 9 snr: 2.56 elev: 60.0 azimuth: 67.0   AU
01-19 17:18:20.585 V/GpsLocationProvider( 1576): sv: 15 snr: 2.49 elev: 34.0 azimuth: 282.0   AU
01-19 17:18:20.595 D/RPC     ( 1576): written RPC packet size: [28]
01-19 17:18:20.595 V/GpsLocationProvider( 1576): sv: 26 snr: 2.3799999 elev: 73.0 azimuth: 285.0 E AU
01-19 17:18:20.595 D/RPC     ( 1576): read RPC packet
01-19 17:18:20.595 D/RPC     ( 1576): read RPC packet size: [272]
01-19 17:18:20.595 V/locapi_rpc_glue( 1576): Callback received: 4 (cb_id=0x6280000 handle=1)
01-19 17:18:20.595 V/locapi_rpc_glue( 1576): +loc_api_callback_process_sync_call
01-19 17:18:20.595 V/locapi_rpc_glue( 1576): -loc_api_callback_process_sync_call, no sync call in use
01-19 17:18:20.605 D/RPC     ( 1576): written RPC packet size: [28]
01-19 17:18:20.605 D/RPC     ( 1576): read RPC packet
01-19 17:18:20.605 D/RPC     ( 1576): read RPC packet size: [272]
01-19 17:18:20.605 V/locapi_rpc_glue( 1576): Callback received: 4 (cb_id=0x6280000 handle=1)
01-19 17:18:20.605 V/locapi_rpc_glue( 1576): +loc_api_callback_process_sync_call
01-19 17:18:20.605 V/locapi_rpc_glue( 1576): -loc_api_callback_process_sync_call, no sync call in use
01-19 17:18:20.605 D/RPC     ( 1576): written RPC packet size: [28]
01-19 17:18:20.615 D/RPC     ( 1576): read RPC packet
01-19 17:18:20.615 D/RPC     ( 1576): read RPC packet size: [272]
01-19 17:18:20.615 V/locapi_rpc_glue( 1576): Callback received: 4 (cb_id=0x6280000 handle=1)
01-19 17:18:20.615 V/locapi_rpc_glue( 1576): +loc_api_callback_process_sync_call
01-19 17:18:20.615 V/locapi_rpc_glue( 1576): -loc_api_callback_process_sync_call, no sync call in use
01-19 17:18:20.615 D/RPC     ( 1576): written RPC packet size: [28]
01-19 17:18:20.625 D/RPC     ( 1576): read RPC packet
01-19 17:18:20.625 D/RPC     ( 1576): read RPC packet size: [272]
01-19 17:18:20.625 V/locapi_rpc_glue( 1576): Callback received: 4 (cb_id=0x6280000 handle=1)
01-19 17:18:20.625 V/locapi_rpc_glue( 1576): +loc_api_callback_process_sync_call
01-19 17:18:20.625 V/locapi_rpc_glue( 1576): -loc_api_callback_process_sync_call, no sync call in use
01-19 17:18:20.625 D/RPC     ( 1576): written RPC packet size: [28]
01-19 17:18:21.025 I/System.out( 2741): Values: 0.0 0.0
01-19 17:18:21.035 D/RPC     ( 1576): read RPC packet
01-19 17:18:21.035 D/RPC     ( 1576): read RPC packet size: [208]
01-19 17:18:21.045 V/locapi_rpc_glue( 1576): Callback received: 1 (cb_id=0x6280000 handle=1)
01-19 17:18:21.045 V/locapi_rpc_glue( 1576): +loc_api_callback_process_sync_call
01-19 17:18:21.045 V/locapi_rpc_glue( 1576): -loc_api_callback_process_sync_call, no sync call in use
01-19 17:18:21.045 D/lib_locapi( 1576): loc_eng_report_position: valid mask = 0x606d, sess status = 1
01-19 17:18:21.045 D/RPC     ( 1576): written RPC packet size: [28]
01-19 17:18:21.546 D/RPC     ( 1576): read RPC packet
01-19 17:18:21.546 D/RPC     ( 1576): read RPC packet size: [272]
01-19 17:18:21.546 V/locapi_rpc_glue( 1576): Callback received: 4 (cb_id=0x6280000 handle=1)
01-19 17:18:21.546 V/locapi_rpc_glue( 1576): +loc_api_callback_process_sync_call
01-19 17:18:21.546 V/locapi_rpc_glue( 1576): -loc_api_callback_process_sync_call, no sync call in use
01-19 17:18:21.546 D/RPC     ( 1576): written RPC packet size: [28]
01-19 17:18:21.556 D/RPC     ( 1576): read RPC packet
01-19 17:18:21.556 D/RPC     ( 1576): read RPC packet size: [272]
01-19 17:18:21.556 V/locapi_rpc_glue( 1576): Callback received: 4 (cb_id=0x6280000 handle=1)
01-19 17:18:21.556 V/locapi_rpc_glue( 1576): +loc_api_callback_process_sync_call
01-19 17:18:21.556 V/locapi_rpc_glue( 1576): -loc_api_callback_process_sync_call, no sync call in use
01-19 17:18:21.556 D/RPC     ( 1576): written RPC packet size: [28]
01-19 17:18:21.566 D/RPC     ( 1576): read RPC packet
01-19 17:18:21.566 D/RPC     ( 1576): read RPC packet size: [272]
01-19 17:18:21.566 V/locapi_rpc_glue( 1576): Callback received: 4 (cb_id=0x6280000 handle=1)
01-19 17:18:21.566 V/locapi_rpc_glue( 1576): +loc_api_callback_process_sync_call
01-19 17:18:21.566 V/locapi_rpc_glue( 1576): -loc_api_callback_process_sync_call, no sync call in use
01-19 17:18:21.566 D/RPC     ( 1576): written RPC packet size: [28]
01-19 17:18:21.576 D/RPC     ( 1576): read RPC packet
01-19 17:18:21.576 D/RPC     ( 1576): read RPC packet size: [272]
01-19 17:18:21.576 V/locapi_rpc_glue( 1576): Callback received: 4 (cb_id=0x6280000 handle=1)
01-19 17:18:21.576 V/locapi_rpc_glue( 1576): +loc_api_callback_process_sync_call
01-19 17:18:21.576 V/locapi_rpc_glue( 1576): -loc_api_callback_process_sync_call, no sync call in use
01-19 17:18:21.576 D/RPC     ( 1576): written RPC packet size: [28]
01-19 17:18:21.586 D/RPC     ( 1576): read RPC packet
01-19 17:18:21.586 D/RPC     ( 1576): read RPC packet size: [296]
01-19 17:18:21.586 V/locapi_rpc_glue( 1576): Callback received: 2 (cb_id=0x6280000 handle=1)
01-19 17:18:21.586 V/locapi_rpc_glue( 1576): +loc_api_callback_process_sync_call
01-19 17:18:21.586 V/locapi_rpc_glue( 1576): -loc_api_callback_process_sync_call, no sync call in use
01-19 17:18:21.586 D/lib_locapi( 1576): loc_eng_report_sv: valid_mask = 0x30, num of sv = 5
01-19 17:18:21.586 D/GpsLocationProvider( 1576): reportSvStatus
01-19 17:18:21.586 V/GpsLocationProvider( 1576): SV count: 5 ephemerisMask: 2000010 almanacMask: 2004190
01-19 17:18:21.586 V/GpsLocationProvider( 1576): sv: 5 snr: 2.6799998 elev: 53.0 azimuth: 195.0 E AU
01-19 17:18:21.586 V/GpsLocationProvider( 1576): sv: 8 snr: 2.23 elev: 57.0 azimuth: 64.0   AU
01-19 17:18:21.596 V/GpsLocationProvider( 1576): sv: 9 snr: 2.48 elev: 60.0 azimuth: 67.0   AU
01-19 17:18:21.596 V/GpsLocationProvider( 1576): sv: 15 snr: 2.46 elev: 34.0 azimuth: 282.0   AU
01-19 17:18:21.596 D/RPC     ( 1576): written RPC packet size: [28]
01-19 17:18:21.596 V/GpsLocationProvider( 1576): sv: 26 snr: 2.3200002 elev: 73.0 azimuth: 285.0 E AU
01-19 17:18:21.606 D/RPC     ( 1576): read RPC packet
01-19 17:18:21.606 D/RPC     ( 1576): read RPC packet size: [272]
01-19 17:18:21.606 V/locapi_rpc_glue( 1576): Callback received: 4 (cb_id=0x6280000 handle=1)
01-19 17:18:21.606 V/locapi_rpc_glue( 1576): +loc_api_callback_process_sync_call
01-19 17:18:21.606 V/locapi_rpc_glue( 1576): -loc_api_callback_process_sync_call, no sync call in use
01-19 17:18:21.606 D/RPC     ( 1576): written RPC packet size: [28]
01-19 17:18:21.606 D/RPC     ( 1576): read RPC packet
01-19 17:18:21.606 D/RPC     ( 1576): read RPC packet size: [272]
01-19 17:18:21.616 V/locapi_rpc_glue( 1576): Callback received: 4 (cb_id=0x6280000 handle=1)
01-19 17:18:21.616 V/locapi_rpc_glue( 1576): +loc_api_callback_process_sync_call
01-19 17:18:21.616 V/locapi_rpc_glue( 1576): -loc_api_callback_process_sync_call, no sync call in use
01-19 17:18:21.616 D/RPC     ( 1576): written RPC packet size: [28]
01-19 17:18:21.616 D/RPC     ( 1576): read RPC packet
01-19 17:18:21.616 D/RPC     ( 1576): read RPC packet size: [272]
01-19 17:18:21.616 V/locapi_rpc_glue( 1576): Callback received: 4 (cb_id=0x6280000 handle=1)
01-19 17:18:21.626 V/locapi_rpc_glue( 1576): +loc_api_callback_process_sync_call
01-19 17:18:21.626 V/locapi_rpc_glue( 1576): -loc_api_callback_process_sync_call, no sync call in use
01-19 17:18:21.626 D/RPC     ( 1576): written RPC packet size: [28]
01-19 17:18:21.626 D/RPC     ( 1576): read RPC packet
01-19 17:18:21.626 D/RPC     ( 1576): read RPC packet size: [272]
01-19 17:18:21.626 V/locapi_rpc_glue( 1576): Callback received: 4 (cb_id=0x6280000 handle=1)
01-19 17:18:21.626 V/locapi_rpc_glue( 1576): +loc_api_callback_process_sync_call
01-19 17:18:21.626 V/locapi_rpc_glue( 1576): -loc_api_callback_process_sync_call, no sync call in use
01-19 17:18:21.636 D/RPC     ( 1576): written RPC packet size: [28]
01-19 17:18:22.036 I/System.out( 2741): Values: 0.0 0.0
01-19 17:18:22.046 D/RPC     ( 1576): read RPC packet
01-19 17:18:22.046 D/RPC     ( 1576): read RPC packet size: [208]
01-19 17:18:22.046 V/locapi_rpc_glue( 1576): Callback received: 1 (cb_id=0x6280000 handle=1)
01-19 17:18:22.046 V/locapi_rpc_glue( 1576): +loc_api_callback_process_sync_call
01-19 17:18:22.046 V/locapi_rpc_glue( 1576): -loc_api_callback_process_sync_call, no sync call in use
01-19 17:18:22.046 D/lib_locapi( 1576): loc_eng_report_position: valid mask = 0x606d, sess status = 1
01-19 17:18:22.046 D/RPC     ( 1576): written RPC packet size: [28]
01-19 17:18:22.547 D/RPC     ( 1576): read RPC packet
01-19 17:18:22.547 D/RPC     ( 1576): read RPC packet size: [272]
01-19 17:18:22.547 V/locapi_rpc_glue( 1576): Callback received: 4 (cb_id=0x6280000 handle=1)
01-19 17:18:22.547 V/locapi_rpc_glue( 1576): +loc_api_callback_process_sync_call
01-19 17:18:22.547 V/locapi_rpc_glue( 1576): -loc_api_callback_process_sync_call, no sync call in use
01-19 17:18:22.547 D/RPC     ( 1576): written RPC packet size: [28]
01-19 17:18:22.557 D/RPC     ( 1576): read RPC packet
01-19 17:18:22.557 D/RPC     ( 1576): read RPC packet size: [272]
01-19 17:18:22.557 V/locapi_rpc_glue( 1576): Callback received: 4 (cb_id=0x6280000 handle=1)
01-19 17:18:22.557 V/locapi_rpc_glue( 1576): +loc_api_callback_process_sync_call
01-19 17:18:22.557 V/locapi_rpc_glue( 1576): -loc_api_callback_process_sync_call, no sync call in use
01-19 17:18:22.557 D/RPC     ( 1576): written RPC packet size: [28]
01-19 17:18:22.567 D/RPC     ( 1576): read RPC packet
01-19 17:18:22.567 D/RPC     ( 1576): read RPC packet size: [272]
01-19 17:18:22.567 V/locapi_rpc_glue( 1576): Callback received: 4 (cb_id=0x6280000 handle=1)
01-19 17:18:22.567 V/locapi_rpc_glue( 1576): +loc_api_callback_process_sync_call
01-19 17:18:22.567 V/locapi_rpc_glue( 1576): -loc_api_callback_process_sync_call, no sync call in use
01-19 17:18:22.567 D/RPC     ( 1576): written RPC packet size: [28]
01-19 17:18:22.577 D/RPC     ( 1576): read RPC packet
01-19 17:18:22.577 D/RPC     ( 1576): read RPC packet size: [272]
01-19 17:18:22.577 V/locapi_rpc_glue( 1576): Callback received: 4 (cb_id=0x6280000 handle=1)
01-19 17:18:22.577 V/locapi_rpc_glue( 1576): +loc_api_callback_process_sync_call
01-19 17:18:22.577 V/locapi_rpc_glue( 1576): -loc_api_callback_process_sync_call, no sync call in use
01-19 17:18:22.577 D/RPC     ( 1576): written RPC packet size: [28]
01-19 17:18:22.587 D/RPC     ( 1576): read RPC packet
01-19 17:18:22.587 D/RPC     ( 1576): read RPC packet size: [296]
01-19 17:18:22.587 V/locapi_rpc_glue( 1576): Callback received: 2 (cb_id=0x6280000 handle=1)
01-19 17:18:22.587 V/locapi_rpc_glue( 1576): +loc_api_callback_process_sync_call
01-19 17:18:22.587 V/locapi_rpc_glue( 1576): -loc_api_callback_process_sync_call, no sync call in use
01-19 17:18:22.587 D/lib_locapi( 1576): loc_eng_report_sv: valid_mask = 0x30, num of sv = 5
01-19 17:18:22.587 D/GpsLocationProvider( 1576): reportSvStatus
01-19 17:18:22.587 V/GpsLocationProvider( 1576): SV count: 5 ephemerisMask: 2000010 almanacMask: 2004190
01-19 17:18:22.597 V/GpsLocationProvider( 1576): sv: 5 snr: 2.6299999 elev: 53.0 azimuth: 195.0 E AU
01-19 17:18:22.597 V/GpsLocationProvider( 1576): sv: 8 snr: 2.27 elev: 57.0 azimuth: 64.0   AU
