01-19 17:17:17.593 V/locapi_rpc_glue( 1576): -loc_api_callback_process_sync_call, no sync call in use
01-19 17:17:17.593 D/RPC     ( 1576): written RPC packet size: [28]
01-19 17:17:17.593 D/RPC     ( 1576): read RPC packet
01-19 17:17:17.593 D/RPC     ( 1576): read RPC packet size: [272]
01-19 17:17:17.603 V/locapi_rpc_glue( 1576): Callback received: 4 (cb_id=0x6280000 handle=1)
01-19 17:17:17.603 V/locapi_rpc_glue( 1576): +loc_api_callback_process_sync_call
01-19 17:17:17.603 V/locapi_rpc_glue( 1576): -loc_api_callback_process_sync_call, no sync call in use
01-19 17:17:17.603 D/RPC     ( 1576): written RPC packet size: [28]
01-19 17:17:17.603 D/RPC     ( 1576): read RPC packet
01-19 17:17:17.603 D/RPC     ( 1576): read RPC packet size: [272]
01-19 17:17:17.603 V/locapi_rpc_glue( 1576): Callback received: 4 (cb_id=0x6280000 handle=1)
01-19 17:17:17.603 V/locapi_rpc_glue( 1576): +loc_api_callback_process_sync_call
01-19 17:17:17.613 V/locapi_rpc_glue( 1576): -loc_api_callback_process_sync_call, no sync call in use
01-19 17:17:17.613 D/RPC     ( 1576): written RPC packet size: [28]
01-19 17:17:17.954 D/RPC     ( 1576): read RPC packet
01-19 17:17:17.954 D/RPC     ( 1576): read RPC packet size: [208]
01-19 17:17:17.954 V/locapi_rpc_glue( 1576): Callback received: 1 (cb_id=0x6280000 handle=1)
01-19 17:17:17.954 V/locapi_rpc_glue( 1576): +loc_api_callback_process_sync_call
01-19 17:17:17.954 V/locapi_rpc_glue( 1576): -loc_api_callback_process_sync_call, no sync call in use
01-19 17:17:17.954 D/lib_locapi( 1576): loc_eng_report_position: valid mask = 0x606d, sess status = 1
01-19 17:17:17.954 D/RPC     ( 1576): written RPC packet size: [28]
01-19 17:17:18.004 I/System.out( 2741): Values: 0.0 0.0
01-19 17:17:18.544 D/RPC     ( 1576): read RPC packet
01-19 17:17:18.544 D/RPC     ( 1576): read RPC packet size: [272]
01-19 17:17:18.544 V/locapi_rpc_glue( 1576): Callback received: 4 (cb_id=0x6280000 handle=1)
01-19 17:17:18.544 V/locapi_rpc_glue( 1576): +loc_api_callback_process_sync_call
01-19 17:17:18.544 V/locapi_rpc_glue( 1576): -loc_api_callback_process_sync_call, no sync call in use
01-19 17:17:18.544 D/RPC     ( 1576): written RPC packet size: [28]
01-19 17:17:18.554 D/RPC     ( 1576): read RPC packet
01-19 17:17:18.554 D/RPC     ( 1576): read RPC packet size: [272]
01-19 17:17:18.554 V/locapi_rpc_glue( 1576): Callback received: 4 (cb_id=0x6280000 handle=1)
01-19 17:17:18.554 V/locapi_rpc_glue( 1576): +loc_api_callback_process_sync_call
01-19 17:17:18.554 V/locapi_rpc_glue( 1576): -loc_api_callback_process_sync_call, no sync call in use
01-19 17:17:18.554 D/RPC     ( 1576): written RPC packet size: [28]
01-19 17:17:18.564 D/RPC     ( 1576): read RPC packet
01-19 17:17:18.564 D/RPC     ( 1576): read RPC packet size: [272]
01-19 17:17:18.564 V/locapi_rpc_glue( 1576): Callback received: 4 (cb_id=0x6280000 handle=1)
01-19 17:17:18.564 V/locapi_rpc_glue( 1576): +loc_api_callback_process_sync_call
01-19 17:17:18.564 V/locapi_rpc_glue( 1576): -loc_api_callback_process_sync_call, no sync call in use
01-19 17:17:18.564 D/RPC     ( 1576): written RPC packet size: [28]
01-19 17:17:18.574 D/RPC     ( 1576): read RPC packet
01-19 17:17:18.574 D/RPC     ( 1576): read RPC packet size: [272]
01-19 17:17:18.574 V/locapi_rpc_glue( 1576): Callback received: 4 (cb_id=0x6280000 handle=1)
01-19 17:17:18.574 V/locapi_rpc_glue( 1576): +loc_api_callback_process_sync_call
01-19 17:17:18.574 V/locapi_rpc_glue( 1576): -loc_api_callback_process_sync_call, no sync call in use
01-19 17:17:18.574 D/RPC     ( 1576): written RPC packet size: [28]
01-19 17:17:18.574 D/RPC     ( 1576): read RPC packet
01-19 17:17:18.574 D/RPC     ( 1576): read RPC packet size: [96]
01-19 17:17:18.584 V/locapi_rpc_glue( 1576): Callback received: 2 (cb_id=0x6280000 handle=1)
01-19 17:17:18.584 V/locapi_rpc_glue( 1576): +loc_api_callback_process_sync_call
01-19 17:17:18.584 V/locapi_rpc_glue( 1576): -loc_api_callback_process_sync_call, no sync call in use
01-19 17:17:18.584 D/lib_locapi( 1576): loc_eng_report_sv: valid_mask = 0x30, num of sv = 0
01-19 17:17:18.584 D/GpsLocationProvider( 1576): reportSvStatus
01-19 17:17:18.584 V/GpsLocationProvider( 1576): SV count: 0 ephemerisMask: 0 almanacMask: 0
01-19 17:17:18.584 D/RPC     ( 1576): written RPC packet size: [28]
01-19 17:17:18.604 D/RPC     ( 1576): read RPC packet
01-19 17:17:18.604 D/RPC     ( 1576): read RPC packet size: [272]
01-19 17:17:18.604 V/locapi_rpc_glue( 1576): Callback received: 4 (cb_id=0x6280000 handle=1)
01-19 17:17:18.604 V/locapi_rpc_glue( 1576): +loc_api_callback_process_sync_call
01-19 17:17:18.604 V/locapi_rpc_glue( 1576): -loc_api_callback_process_sync_call, no sync call in use
01-19 17:17:18.614 D/RPC     ( 1576): written RPC packet size: [28]
01-19 17:17:18.614 D/RPC     ( 1576): read RPC packet
01-19 17:17:18.614 D/RPC     ( 1576): read RPC packet size: [272]
01-19 17:17:18.614 V/locapi_rpc_glue( 1576): Callback received: 4 (cb_id=0x6280000 handle=1)
01-19 17:17:18.614 V/locapi_rpc_glue( 1576): +loc_api_callback_process_sync_call
01-19 17:17:18.614 V/locapi_rpc_glue( 1576): -loc_api_callback_process_sync_call, no sync call in use
01-19 17:17:18.614 D/RPC     ( 1576): written RPC packet size: [28]
01-19 17:17:18.624 D/RPC     ( 1576): read RPC packet
01-19 17:17:18.624 D/RPC     ( 1576): read RPC packet size: [272]
01-19 17:17:18.624 V/locapi_rpc_glue( 1576): Callback received: 4 (cb_id=0x6280000 handle=1)
01-19 17:17:18.624 V/locapi_rpc_glue( 1576): +loc_api_callback_process_sync_call
01-19 17:17:18.624 V/locapi_rpc_glue( 1576): -loc_api_callback_process_sync_call, no sync call in use
01-19 17:17:18.624 D/RPC     ( 1576): written RPC packet size: [28]
01-19 17:17:18.624 D/RPC     ( 1576): read RPC packet
01-19 17:17:18.624 D/RPC     ( 1576): read RPC packet size: [272]
01-19 17:17:18.624 V/locapi_rpc_glue( 1576): Callback received: 4 (cb_id=0x6280000 handle=1)
01-19 17:17:18.634 V/locapi_rpc_glue( 1576): +loc_api_callback_process_sync_call
01-19 17:17:18.634 V/locapi_rpc_glue( 1576): -loc_api_callback_process_sync_call, no sync call in use
01-19 17:17:18.634 D/RPC     ( 1576): written RPC packet size: [28]
01-19 17:17:18.955 D/RPC     ( 1576): read RPC packet
01-19 17:17:18.955 D/RPC     ( 1576): read RPC packet size: [208]
01-19 17:17:18.955 V/locapi_rpc_glue( 1576): Callback received: 1 (cb_id=0x6280000 handle=1)
01-19 17:17:18.955 V/locapi_rpc_glue( 1576): +loc_api_callback_process_sync_call
01-19 17:17:18.955 V/locapi_rpc_glue( 1576): -loc_api_callback_process_sync_call, no sync call in use
01-19 17:17:18.955 D/lib_locapi( 1576): loc_eng_report_position: valid mask = 0x606d, sess status = 1
01-19 17:17:18.955 D/RPC     ( 1576): written RPC packet size: [28]
01-19 17:17:19.005 I/System.out( 2741): Values: 0.0 0.0
01-19 17:17:19.335 D/SurfaceFlinger( 1438): virtual void android::Layer::onRemoved(): lcblk (identity=34, status=0, token=1)
01-19 17:17:19.545 D/RPC     ( 1576): read RPC packet
01-19 17:17:19.545 D/RPC     ( 1576): read RPC packet size: [272]
01-19 17:17:19.545 V/locapi_rpc_glue( 1576): Callback received: 4 (cb_id=0x6280000 handle=1)
01-19 17:17:19.545 V/locapi_rpc_glue( 1576): +loc_api_callback_process_sync_call
01-19 17:17:19.545 V/locapi_rpc_glue( 1576): -loc_api_callback_process_sync_call, no sync call in use
01-19 17:17:19.545 D/RPC     ( 1576): written RPC packet size: [28]
01-19 17:17:19.545 D/RPC     ( 1576): read RPC packet
01-19 17:17:19.545 D/RPC     ( 1576): read RPC packet size: [272]
01-19 17:17:19.545 V/locapi_rpc_glue( 1576): Callback received: 4 (cb_id=0x6280000 handle=1)
01-19 17:17:19.545 V/locapi_rpc_glue( 1576): +loc_api_callback_process_sync_call
01-19 17:17:19.545 V/locapi_rpc_glue( 1576): -loc_api_callback_process_sync_call, no sync call in use
01-19 17:17:19.555 D/RPC     ( 1576): written RPC packet size: [28]
01-19 17:17:19.555 D/RPC     ( 1576): read RPC packet
01-19 17:17:19.555 D/RPC     ( 1576): read RPC packet size: [272]
01-19 17:17:19.555 V/locapi_rpc_glue( 1576): Callback received: 4 (cb_id=0x6280000 handle=1)
01-19 17:17:19.555 V/locapi_rpc_glue( 1576): +loc_api_callback_process_sync_call
01-19 17:17:19.555 V/locapi_rpc_glue( 1576): -loc_api_callback_process_sync_call, no sync call in use
01-19 17:17:19.555 D/RPC     ( 1576): written RPC packet size: [28]
01-19 17:17:19.555 D/RPC     ( 1576): read RPC packet
01-19 17:17:19.555 D/RPC     ( 1576): read RPC packet size: [272]
01-19 17:17:19.555 V/locapi_rpc_glue( 1576): Callback received: 4 (cb_id=0x6280000 handle=1)
01-19 17:17:19.555 V/locapi_rpc_glue( 1576): +loc_api_callback_process_sync_call
01-19 17:17:19.565 V/locapi_rpc_glue( 1576): -loc_api_callback_process_sync_call, no sync call in use
01-19 17:17:19.565 D/RPC     ( 1576): written RPC packet size: [28]
01-19 17:17:19.565 D/RPC     ( 1576): read RPC packet
01-19 17:17:19.565 D/RPC     ( 1576): read RPC packet size: [96]
01-19 17:17:19.565 V/locapi_rpc_glue( 1576): Callback received: 2 (cb_id=0x6280000 handle=1)
01-19 17:17:19.565 V/locapi_rpc_glue( 1576): +loc_api_callback_process_sync_call
01-19 17:17:19.565 V/locapi_rpc_glue( 1576): -loc_api_callback_process_sync_call, no sync call in use
01-19 17:17:19.565 D/lib_locapi( 1576): loc_eng_report_sv: valid_mask = 0x30, num of sv = 0
01-19 17:17:19.565 D/GpsLocationProvider( 1576): reportSvStatus
01-19 17:17:19.565 V/GpsLocationProvider( 1576): SV count: 0 ephemerisMask: 0 almanacMask: 0
01-19 17:17:19.565 D/RPC     ( 1576): written RPC packet size: [28]
01-19 17:17:19.575 D/RPC     ( 1576): read RPC packet
01-19 17:17:19.575 D/RPC     ( 1576): read RPC packet size: [272]
01-19 17:17:19.575 V/locapi_rpc_glue( 1576): Callback received: 4 (cb_id=0x6280000 handle=1)
01-19 17:17:19.575 V/locapi_rpc_glue( 1576): +loc_api_callback_process_sync_call
01-19 17:17:19.575 V/locapi_rpc_glue( 1576): -loc_api_callback_process_sync_call, no sync call in use
01-19 17:17:19.575 D/RPC     ( 1576): written RPC packet size: [28]
01-19 17:17:19.575 D/RPC     ( 1576): read RPC packet
01-19 17:17:19.575 D/RPC     ( 1576): read RPC packet size: [272]
01-19 17:17:19.575 V/locapi_rpc_glue( 1576): Callback received: 4 (cb_id=0x6280000 handle=1)
01-19 17:17:19.575 V/locapi_rpc_glue( 1576): +loc_api_callback_process_sync_call
01-19 17:17:19.585 V/locapi_rpc_glue( 1576): -loc_api_callback_process_sync_call, no sync call in use
01-19 17:17:19.585 D/RPC     ( 1576): written RPC packet size: [28]
01-19 17:17:19.585 D/RPC     ( 1576): read RPC packet
01-19 17:17:19.585 D/RPC     ( 1576): read RPC packet size: [272]
01-19 17:17:19.585 V/locapi_rpc_glue( 1576): Callback received: 4 (cb_id=0x6280000 handle=1)
01-19 17:17:19.585 V/locapi_rpc_glue( 1576): +loc_api_callback_process_sync_call
01-19 17:17:19.585 V/locapi_rpc_glue( 1576): -loc_api_callback_process_sync_call, no sync call in use
01-19 17:17:19.585 D/RPC     ( 1576): written RPC packet size: [28]
01-19 17:17:19.595 D/RPC     ( 1576): read RPC packet
01-19 17:17:19.595 D/RPC     ( 1576): read RPC packet size: [272]
01-19 17:17:19.595 V/locapi_rpc_glue( 1576): Callback received: 4 (cb_id=0x6280000 handle=1)
01-19 17:17:19.595 V/locapi_rpc_glue( 1576): +loc_api_callback_process_sync_call
01-19 17:17:19.595 V/locapi_rpc_glue( 1576): -loc_api_callback_process_sync_call, no sync call in use
01-19 17:17:19.595 D/RPC     ( 1576): written RPC packet size: [28]
01-19 17:17:19.956 D/RPC     ( 1576): read RPC packet
01-19 17:17:19.956 D/RPC     ( 1576): read RPC packet size: [208]
01-19 17:17:19.956 V/locapi_rpc_glue( 1576): Callback received: 1 (cb_id=0x6280000 handle=1)
01-19 17:17:19.956 V/locapi_rpc_glue( 1576): +loc_api_callback_process_sync_call
01-19 17:17:19.956 V/locapi_rpc_glue( 1576): -loc_api_callback_process_sync_call, no sync call in use
01-19 17:17:19.956 D/lib_locapi( 1576): loc_eng_report_position: valid mask = 0x606d, sess status = 1
01-19 17:17:19.956 D/RPC     ( 1576): written RPC packet size: [28]
01-19 17:17:20.006 I/System.out( 2741): Values: 0.0 0.0
01-19 17:17:20.546 D/RPC     ( 1576): read RPC packet
01-19 17:17:20.546 D/RPC     ( 1576): read RPC packet size: [272]
01-19 17:17:20.546 V/locapi_rpc_glue( 1576): Callback received: 4 (cb_id=0x6280000 handle=1)
01-19 17:17:20.546 V/locapi_rpc_glue( 1576): +loc_api_callback_process_sync_call
01-19 17:17:20.546 V/locapi_rpc_glue( 1576): -loc_api_callback_process_sync_call, no sync call in use
01-19 17:17:20.546 D/RPC     ( 1576): written RPC packet size: [28]
01-19 17:17:20.546 D/RPC     ( 1576): read RPC packet
01-19 17:17:20.546 D/RPC     ( 1576): read RPC packet size: [272]
01-19 17:17:20.546 V/locapi_rpc_glue( 1576): Callback received: 4 (cb_id=0x6280000 handle=1)
01-19 17:17:20.546 V/locapi_rpc_glue( 1576): +loc_api_callback_process_sync_call
01-19 17:17:20.546 V/locapi_rpc_glue( 1576): -loc_api_callback_process_sync_call, no sync call in use
01-19 17:17:20.546 D/RPC     ( 1576): written RPC packet size: [28]
01-19 17:17:20.556 D/RPC     ( 1576): read RPC packet
01-19 17:17:20.556 D/RPC     ( 1576): read RPC packet size: [272]
01-19 17:17:20.556 V/locapi_rpc_glue( 1576): Callback received: 4 (cb_id=0x6280000 handle=1)
01-19 17:17:20.556 V/locapi_rpc_glue( 1576): +loc_api_callback_process_sync_call
01-19 17:17:20.556 V/locapi_rpc_glue( 1576): -loc_api_callback_process_sync_call, no sync call in use
01-19 17:17:20.556 D/RPC     ( 1576): written RPC packet size: [28]
01-19 17:17:20.556 D/RPC     ( 1576): read RPC packet
01-19 17:17:20.556 D/RPC     ( 1576): read RPC packet size: [272]
01-19 17:17:20.566 V/locapi_rpc_glue( 1576): Callback received: 4 (cb_id=0x6280000 handle=1)
01-19 17:17:20.566 V/locapi_rpc_glue( 1576): +loc_api_callback_process_sync_call
01-19 17:17:20.566 V/locapi_rpc_glue( 1576): -loc_api_callback_process_sync_call, no sync call in use
01-19 17:17:20.566 D/RPC     ( 1576): written RPC packet size: [28]
01-19 17:17:20.566 D/RPC     ( 1576): read RPC packet
01-19 17:17:20.566 D/RPC     ( 1576): read RPC packet size: [96]
01-19 17:17:20.566 V/locapi_rpc_glue( 1576): Callback received: 2 (cb_id=0x6280000 handle=1)
01-19 17:17:20.566 V/locapi_rpc_glue( 1576): +loc_api_callback_process_sync_call
01-19 17:17:20.566 V/locapi_rpc_glue( 1576): -loc_api_callback_process_sync_call, no sync call in use
01-19 17:17:20.566 D/lib_locapi( 1576): loc_eng_report_sv: valid_mask = 0x30, num of sv = 0
01-19 17:17:20.566 D/GpsLocationProvider( 1576): reportSvStatus
01-19 17:17:20.566 V/GpsLocationProvider( 1576): SV count: 0 ephemerisMask: 0 almanacMask: 0
01-19 17:17:20.576 D/RPC     ( 1576): written RPC packet size: [28]
01-19 17:17:20.576 D/RPC     ( 1576): read RPC packet
01-19 17:17:20.576 D/RPC     ( 1576): read RPC packet size: [272]
01-19 17:17:20.576 V/locapi_rpc_glue( 1576): Callback received: 4 (cb_id=0x6280000 handle=1)
01-19 17:17:20.576 V/locapi_rpc_glue( 1576): +loc_api_callback_process_sync_call
01-19 17:17:20.576 V/locapi_rpc_glue( 1576): -loc_api_callback_process_sync_call, no sync call in use
01-19 17:17:20.576 D/RPC     ( 1576): written RPC packet size: [28]
01-19 17:17:20.576 D/RPC     ( 1576): read RPC packet
01-19 17:17:20.576 D/RPC     ( 1576): read RPC packet size: [272]
01-19 17:17:20.576 V/locapi_rpc_glue( 1576): Callback received: 4 (cb_id=0x6280000 handle=1)
01-19 17:17:20.586 V/locapi_rpc_glue( 1576): +loc_api_callback_process_sync_call
01-19 17:17:20.586 V/locapi_rpc_glue( 1576): -loc_api_callback_process_sync_call, no sync call in use
01-19 17:17:20.586 D/RPC     ( 1576): written RPC packet size: [28]
01-19 17:17:20.586 D/RPC     ( 1576): read RPC packet
01-19 17:17:20.586 D/RPC     ( 1576): read RPC packet size: [272]
01-19 17:17:20.586 V/locapi_rpc_glue( 1576): Callback received: 4 (cb_id=0x6280000 handle=1)
01-19 17:17:20.586 V/locapi_rpc_glue( 1576): +loc_api_callback_process_sync_call
01-19 17:17:20.586 V/locapi_rpc_glue( 1576): -loc_api_callback_process_sync_call, no sync call in use
01-19 17:17:20.586 D/RPC     ( 1576): written RPC packet size: [28]
01-19 17:17:20.596 D/RPC     ( 1576): read RPC packet
01-19 17:17:20.596 D/RPC     ( 1576): read RPC packet size: [272]
01-19 17:17:20.596 V/locapi_rpc_glue( 1576): Callback received: 4 (cb_id=0x6280000 handle=1)
01-19 17:17:20.596 V/locapi_rpc_glue( 1576): +loc_api_callback_process_sync_call
01-19 17:17:20.596 V/locapi_rpc_glue( 1576): -loc_api_callback_process_sync_call, no sync call in use
01-19 17:17:20.596 D/RPC     ( 1576): written RPC packet size: [28]
01-19 17:17:20.957 D/RPC     ( 1576): read RPC packet
01-19 17:17:20.957 D/RPC     ( 1576): read RPC packet size: [208]
01-19 17:17:20.957 V/locapi_rpc_glue( 1576): Callback received: 1 (cb_id=0x6280000 handle=1)
01-19 17:17:20.957 V/locapi_rpc_glue( 1576): +loc_api_callback_process_sync_call
01-19 17:17:20.957 V/locapi_rpc_glue( 1576): -loc_api_callback_process_sync_call, no sync call in use
01-19 17:17:20.957 D/lib_locapi( 1576): loc_eng_report_position: valid mask = 0x606d, sess status = 1
01-19 17:17:20.957 D/RPC     ( 1576): written RPC packet size: [28]
01-19 17:17:21.007 I/System.out( 2741): Values: 0.0 0.0
01-19 17:17:21.547 D/RPC     ( 1576): read RPC packet
01-19 17:17:21.547 D/RPC     ( 1576): read RPC packet size: [272]
01-19 17:17:21.547 V/locapi_rpc_glue( 1576): Callback received: 4 (cb_id=0x6280000 handle=1)
01-19 17:17:21.547 V/locapi_rpc_glue( 1576): +loc_api_callback_process_sync_call
01-19 17:17:21.547 V/locapi_rpc_glue( 1576): -loc_api_callback_process_sync_call, no sync call in use
01-19 17:17:21.547 D/RPC     ( 1576): written RPC packet size: [28]
01-19 17:17:21.547 D/RPC     ( 1576): read RPC packet
01-19 17:17:21.547 D/RPC     ( 1576): read RPC packet size: [272]
01-19 17:17:21.547 V/locapi_rpc_glue( 1576): Callback received: 4 (cb_id=0x6280000 handle=1)
01-19 17:17:21.547 V/locapi_rpc_glue( 1576): +loc_api_callback_process_sync_call
01-19 17:17:21.547 V/locapi_rpc_glue( 1576): -loc_api_callback_process_sync_call, no sync call in use
01-19 17:17:21.547 D/RPC     ( 1576): written RPC packet size: [28]
01-19 17:17:21.557 D/RPC     ( 1576): read RPC packet
01-19 17:17:21.557 D/RPC     ( 1576): read RPC packet size: [272]
01-19 17:17:21.557 V/locapi_rpc_glue( 1576): Callback received: 4 (cb_id=0x6280000 handle=1)
01-19 17:17:21.557 V/locapi_rpc_glue( 1576): +loc_api_callback_process_sync_call
01-19 17:17:21.557 V/locapi_rpc_glue( 1576): -loc_api_callback_process_sync_call, no sync call in use
01-19 17:17:21.557 D/RPC     ( 1576): written RPC packet size: [28]
01-19 17:17:21.557 D/RPC     ( 1576): read RPC packet
01-19 17:17:21.557 D/RPC     ( 1576): read RPC packet size: [272]
01-19 17:17:21.557 V/locapi_rpc_glue( 1576): Callback received: 4 (cb_id=0x6280000 handle=1)
01-19 17:17:21.557 V/locapi_rpc_glue( 1576): +loc_api_callback_process_sync_call
01-19 17:17:21.557 V/locapi_rpc_glue( 1576): -loc_api_callback_process_sync_call, no sync call in use
01-19 17:17:21.567 D/RPC     ( 1576): written RPC packet size: [28]
01-19 17:17:21.567 D/RPC     ( 1576): read RPC packet
01-19 17:17:21.567 D/RPC     ( 1576): read RPC packet size: [136]
01-19 17:17:21.567 V/locapi_rpc_glue( 1576): Callback received: 2 (cb_id=0x6280000 handle=1)
01-19 17:17:21.567 V/locapi_rpc_glue( 1576): +loc_api_callback_process_sync_call
01-19 17:17:21.567 V/locapi_rpc_glue( 1576): -loc_api_callback_process_sync_call, no sync call in use
01-19 17:17:21.567 D/lib_locapi( 1576): loc_eng_report_sv: valid_mask = 0x30, num of sv = 1
01-19 17:17:21.567 D/GpsLocationProvider( 1576): reportSvStatus
01-19 17:17:21.567 V/GpsLocationProvider( 1576): SV count: 1 ephemerisMask: 0 almanacMask: 10
01-19 17:17:21.567 V/GpsLocationProvider( 1576): sv: 5 snr: 2.19 elev: 50.0 azimuth: 192.0   A
01-19 17:17:21.567 D/RPC     ( 1576): written RPC packet size: [28]
01-19 17:17:21.577 D/RPC     ( 1576): read RPC packet
01-19 17:17:21.577 D/RPC     ( 1576): read RPC packet size: [272]
01-19 17:17:21.577 V/locapi_rpc_glue( 1576): Callback received: 4 (cb_id=0x6280000 handle=1)
01-19 17:17:21.577 V/locapi_rpc_glue( 1576): +loc_api_callback_process_sync_call
01-19 17:17:21.577 V/locapi_rpc_glue( 1576): -loc_api_callback_process_sync_call, no sync call in use
01-19 17:17:21.577 D/RPC     ( 1576): written RPC packet size: [28]
01-19 17:17:21.577 D/RPC     ( 1576): read RPC packet
01-19 17:17:21.577 D/RPC     ( 1576): read RPC packet size: [272]
01-19 17:17:21.577 V/locapi_rpc_glue( 1576): Callback received: 4 (cb_id=0x6280000 handle=1)
01-19 17:17:21.587 V/locapi_rpc_glue( 1576): +loc_api_callback_process_sync_call
01-19 17:17:21.587 V/locapi_rpc_glue( 1576): -loc_api_callback_process_sync_call, no sync call in use
01-19 17:17:21.587 D/RPC     ( 1576): written RPC packet size: [28]
01-19 17:17:21.587 D/RPC     ( 1576): read RPC packet
01-19 17:17:21.587 D/RPC     ( 1576): read RPC packet size: [272]
01-19 17:17:21.587 V/locapi_rpc_glue( 1576): Callback received: 4 (cb_id=0x6280000 handle=1)
01-19 17:17:21.587 V/locapi_rpc_glue( 1576): +loc_api_callback_process_sync_call
01-19 17:17:21.587 V/locapi_rpc_glue( 1576): -loc_api_callback_process_sync_call, no sync call in use
01-19 17:17:21.587 D/RPC     ( 1576): written RPC packet size: [28]
01-19 17:17:21.597 D/RPC     ( 1576): read RPC packet
01-19 17:17:21.597 D/RPC     ( 1576): read RPC packet size: [272]
01-19 17:17:21.597 V/locapi_rpc_glue( 1576): Callback received: 4 (cb_id=0x6280000 handle=1)
01-19 17:17:21.597 V/locapi_rpc_glue( 1576): +loc_api_callback_process_sync_call
01-19 17:17:21.597 V/locapi_rpc_glue( 1576): -loc_api_callback_process_sync_call, no sync call in use
01-19 17:17:21.597 D/RPC     ( 1576): written RPC packet size: [28]
01-19 17:17:21.958 D/RPC     ( 1576): read RPC packet
01-19 17:17:21.958 D/RPC     ( 1576): read RPC packet size: [208]
01-19 17:17:21.958 V/locapi_rpc_glue( 1576): Callback received: 1 (cb_id=0x6280000 handle=1)
01-19 17:17:21.958 V/locapi_rpc_glue( 1576): +loc_api_callback_process_sync_call
01-19 17:17:21.958 V/locapi_rpc_glue( 1576): -loc_api_callback_process_sync_call, no sync call in use
01-19 17:17:21.958 D/lib_locapi( 1576): loc_eng_report_position: valid mask = 0x606d, sess status = 1
01-19 17:17:21.958 D/RPC     ( 1576): written RPC packet size: [28]
01-19 17:17:22.008 I/System.out( 2741): Values: 0.0 0.0
01-19 17:17:22.548 D/RPC     ( 1576): read RPC packet
01-19 17:17:22.548 D/RPC     ( 1576): read RPC packet size: [272]
01-19 17:17:22.548 V/locapi_rpc_glue( 1576): Callback received: 4 (cb_id=0x6280000 handle=1)
01-19 17:17:22.548 V/locapi_rpc_glue( 1576): +loc_api_callback_process_sync_call
01-19 17:17:22.548 V/locapi_rpc_glue( 1576): -loc_api_callback_process_sync_call, no sync call in use
01-19 17:17:22.548 D/RPC     ( 1576): written RPC packet size: [28]
01-19 17:17:22.548 D/RPC     ( 1576): read RPC packet
01-19 17:17:22.548 D/RPC     ( 1576): read RPC packet size: [272]
01-19 17:17:22.548 V/locapi_rpc_glue( 1576): Callback received: 4 (cb_id=0x6280000 handle=1)
01-19 17:17:22.548 V/locapi_rpc_glue( 1576): +loc_api_callback_process_sync_call
01-19 17:17:22.548 V/locapi_rpc_glue( 1576): -loc_api_callback_process_sync_call, no sync call in use
01-19 17:17:22.558 D/RPC     ( 1576): written RPC packet size: [28]
01-19 17:17:22.558 D/RPC     ( 1576): read RPC packet
01-19 17:17:22.558 D/RPC     ( 1576): read RPC packet size: [272]
01-19 17:17:22.558 V/locapi_rpc_glue( 1576): Callback received: 4 (cb_id=0x6280000 handle=1)
01-19 17:17:22.558 V/locapi_rpc_glue( 1576): +loc_api_callback_process_sync_call
01-19 17:17:22.558 V/locapi_rpc_glue( 1576): -loc_api_callback_process_sync_call, no sync call in use
01-19 17:17:22.558 D/RPC     ( 1576): written RPC packet size: [28]
01-19 17:17:22.558 D/RPC     ( 1576): read RPC packet
01-19 17:17:22.558 D/RPC     ( 1576): read RPC packet size: [272]
01-19 17:17:22.568 V/locapi_rpc_glue( 1576): Callback received: 4 (cb_id=0x6280000 handle=1)
01-19 17:17:22.568 V/locapi_rpc_glue( 1576): +loc_api_callback_process_sync_call
01-19 17:17:22.568 V/locapi_rpc_glue( 1576): -loc_api_callback_process_sync_call, no sync call in use
01-19 17:17:22.568 D/RPC     ( 1576): written RPC packet size: [28]
01-19 17:17:22.568 D/RPC     ( 1576): read RPC packet
01-19 17:17:22.568 D/RPC     ( 1576): read RPC packet size: [176]
01-19 17:17:22.568 V/locapi_rpc_glue( 1576): Callback received: 2 (cb_id=0x6280000 handle=1)
01-19 17:17:22.568 V/locapi_rpc_glue( 1576): +loc_api_callback_process_sync_call
01-19 17:17:22.568 V/locapi_rpc_glue( 1576): -loc_api_callback_process_sync_call, no sync call in use
01-19 17:17:22.568 D/lib_locapi( 1576): loc_eng_report_sv: valid_mask = 0x30, num of sv = 2
01-19 17:17:22.568 D/GpsLocationProvider( 1576): reportSvStatus
01-19 17:17:22.568 V/GpsLocationProvider( 1576): SV count: 2 ephemerisMask: 0 almanacMask: 2000010
01-19 17:17:22.578 V/GpsLocationProvider( 1576): sv: 5 snr: 2.19 elev: 50.0 azimuth: 192.0   A
01-19 17:17:22.578 V/GpsLocationProvider( 1576): sv: 26 snr: 2.5700002 elev: 75.0 azimuth: 272.0   A
01-19 17:17:22.578 D/RPC     ( 1576): written RPC packet size: [28]
01-19 17:17:22.588 D/RPC     ( 1576): read RPC packet
01-19 17:17:22.588 D/RPC     ( 1576): read RPC packet size: [272]
01-19 17:17:22.588 V/locapi_rpc_glue( 1576): Callback received: 4 (cb_id=0x6280000 handle=1)
01-19 17:17:22.588 V/locapi_rpc_glue( 1576): +loc_api_callback_process_sync_call
01-19 17:17:22.588 V/locapi_rpc_glue( 1576): -loc_api_callback_process_sync_call, no sync call in use
01-19 17:17:22.588 D/RPC     ( 1576): written RPC packet size: [28]
01-19 17:17:22.588 D/RPC     ( 1576): read RPC packet
01-19 17:17:22.588 D/RPC     ( 1576): read RPC packet size: [272]
01-19 17:17:22.588 V/locapi_rpc_glue( 1576): Callback received: 4 (cb_id=0x6280000 handle=1)
01-19 17:17:22.588 V/locapi_rpc_glue( 1576): +loc_api_callback_process_sync_call
01-19 17:17:22.588 V/locapi_rpc_glue( 1576): -loc_api_callback_process_sync_call, no sync call in use
01-19 17:17:22.598 D/RPC     ( 1576): written RPC packet size: [28]
01-19 17:17:22.598 D/RPC     ( 1576): read RPC packet
01-19 17:17:22.598 D/RPC     ( 1576): read RPC packet size: [272]
01-19 17:17:22.598 V/locapi_rpc_glue( 1576): Callback received: 4 (cb_id=0x6280000 handle=1)
01-19 17:17:22.598 V/locapi_rpc_glue( 1576): +loc_api_callback_process_sync_call
01-19 17:17:22.598 V/locapi_rpc_glue( 1576): -loc_api_callback_process_sync_call, no sync call in use
01-19 17:17:22.598 D/RPC     ( 1576): written RPC packet size: [28]
01-19 17:17:22.598 D/RPC     ( 1576): read RPC packet
01-19 17:17:22.598 D/RPC     ( 1576): read RPC packet size: [272]
01-19 17:17:22.598 V/locapi_rpc_glue( 1576): Callback received: 4 (cb_id=0x6280000 handle=1)
01-19 17:17:22.608 V/locapi_rpc_glue( 1576): +loc_api_callback_process_sync_call
01-19 17:17:22.608 V/locapi_rpc_glue( 1576): -loc_api_callback_process_sync_call, no sync call in use
01-19 17:17:22.608 D/RPC     ( 1576): written RPC packet size: [28]
01-19 17:17:22.959 D/RPC     ( 1576): read RPC packet
01-19 17:17:22.959 D/RPC     ( 1576): read RPC packet size: [208]
01-19 17:17:22.959 V/locapi_rpc_glue( 1576): Callback received: 1 (cb_id=0x6280000 handle=1)
01-19 17:17:22.959 V/locapi_rpc_glue( 1576): +loc_api_callback_process_sync_call
01-19 17:17:22.959 V/locapi_rpc_glue( 1576): -loc_api_callback_process_sync_call, no sync call in use
01-19 17:17:22.969 D/lib_locapi( 1576): loc_eng_report_position: valid mask = 0x606d, sess status = 1
01-19 17:17:22.969 D/RPC     ( 1576): written RPC packet size: [28]
01-19 17:17:23.009 I/System.out( 2741): Values: 0.0 0.0
01-19 17:17:23.549 D/RPC     ( 1576): read RPC packet
01-19 17:17:23.549 D/RPC     ( 1576): read RPC packet size: [272]
01-19 17:17:23.549 V/locapi_rpc_glue( 1576): Callback received: 4 (cb_id=0x6280000 handle=1)
01-19 17:17:23.549 V/locapi_rpc_glue( 1576): +loc_api_callback_process_sync_call
01-19 17:17:23.549 V/locapi_rpc_glue( 1576): -loc_api_callback_process_sync_call, no sync call in use
01-19 17:17:23.549 D/RPC     ( 1576): written RPC packet size: [28]
01-19 17:17:23.549 D/RPC     ( 1576): read RPC packet
01-19 17:17:23.549 D/RPC     ( 1576): read RPC packet size: [272]
01-19 17:17:23.559 V/locapi_rpc_glue( 1576): Callback received: 4 (cb_id=0x6280000 handle=1)
01-19 17:17:23.559 V/locapi_rpc_glue( 1576): +loc_api_callback_process_sync_call
01-19 17:17:23.559 V/locapi_rpc_glue( 1576): -loc_api_callback_process_sync_call, no sync call in use
01-19 17:17:23.559 D/RPC     ( 1576): written RPC packet size: [28]
01-19 17:17:23.559 D/RPC     ( 1576): read RPC packet
01-19 17:17:23.559 D/RPC     ( 1576): read RPC packet size: [272]
01-19 17:17:23.559 V/locapi_rpc_glue( 1576): Callback received: 4 (cb_id=0x6280000 handle=1)
01-19 17:17:23.559 V/locapi_rpc_glue( 1576): +loc_api_callback_process_sync_call
01-19 17:17:23.559 V/locapi_rpc_glue( 1576): -loc_api_callback_process_sync_call, no sync call in use
01-19 17:17:23.559 D/RPC     ( 1576): written RPC packet size: [28]
01-19 17:17:23.569 D/RPC     ( 1576): read RPC packet
01-19 17:17:23.569 D/RPC     ( 1576): read RPC packet size: [272]
01-19 17:17:23.569 V/locapi_rpc_glue( 1576): Callback received: 4 (cb_id=0x6280000 handle=1)
01-19 17:17:23.569 V/locapi_rpc_glue( 1576): +loc_api_callback_process_sync_call
01-19 17:17:23.569 V/locapi_rpc_glue( 1576): -loc_api_callback_process_sync_call, no sync call in use
01-19 17:17:23.569 D/RPC     ( 1576): written RPC packet size: [28]
01-19 17:17:23.569 D/RPC     ( 1576): read RPC packet
01-19 17:17:23.569 D/RPC     ( 1576): read RPC packet size: [176]
01-19 17:17:23.569 V/locapi_rpc_glue( 1576): Callback received: 2 (cb_id=0x6280000 handle=1)
01-19 17:17:23.569 V/locapi_rpc_glue( 1576): +loc_api_callback_process_sync_call
01-19 17:17:23.579 V/locapi_rpc_glue( 1576): -loc_api_callback_process_sync_call, no sync call in use
01-19 17:17:23.579 D/lib_locapi( 1576): loc_eng_report_sv: valid_mask = 0x30, num of sv = 2
01-19 17:17:23.579 D/GpsLocationProvider( 1576): reportSvStatus
01-19 17:17:23.579 V/GpsLocationProvider( 1576): SV count: 2 ephemerisMask: 0 almanacMask: 2000010
01-19 17:17:23.579 V/GpsLocationProvider( 1576): sv: 5 snr: 2.29 elev: 50.0 azimuth: 192.0   AU
01-19 17:17:23.579 V/GpsLocationProvider( 1576): sv: 26 snr: 2.5700002 elev: 75.0 azimuth: 272.0   A
01-19 17:17:23.579 D/RPC     ( 1576): written RPC packet size: [28]
01-19 17:17:23.589 D/RPC     ( 1576): read RPC packet
01-19 17:17:23.589 D/RPC     ( 1576): read RPC packet size: [272]
01-19 17:17:23.589 V/locapi_rpc_glue( 1576): Callback received: 4 (cb_id=0x6280000 handle=1)
01-19 17:17:23.589 V/locapi_rpc_glue( 1576): +loc_api_callback_process_sync_call
01-19 17:17:23.589 V/locapi_rpc_glue( 1576): -loc_api_callback_process_sync_call, no sync call in use
01-19 17:17:23.589 D/RPC     ( 1576): written RPC packet size: [28]
01-19 17:17:23.589 D/RPC     ( 1576): read RPC packet
01-19 17:17:23.589 D/RPC     ( 1576): read RPC packet size: [272]
01-19 17:17:23.589 V/locapi_rpc_glue( 1576): Callback received: 4 (cb_id=0x6280000 handle=1)
01-19 17:17:23.599 V/locapi_rpc_glue( 1576): +loc_api_callback_process_sync_call
01-19 17:17:23.599 V/locapi_rpc_glue( 1576): -loc_api_callback_process_sync_call, no sync call in use
01-19 17:17:23.599 D/RPC     ( 1576): written RPC packet size: [28]
01-19 17:17:23.599 D/RPC     ( 1576): read RPC packet
01-19 17:17:23.599 D/RPC     ( 1576): read RPC packet size: [272]
01-19 17:17:23.599 V/locapi_rpc_glue( 1576): Callback received: 4 (cb_id=0x6280000 handle=1)
01-19 17:17:23.599 V/locapi_rpc_glue( 1576): +loc_api_callback_process_sync_call
01-19 17:17:23.599 V/locapi_rpc_glue( 1576): -loc_api_callback_process_sync_call, no sync call in use
01-19 17:17:23.599 D/RPC     ( 1576): written RPC packet size: [28]
01-19 17:17:23.609 D/RPC     ( 1576): read RPC packet
01-19 17:17:23.609 D/RPC     ( 1576): read RPC packet size: [272]
01-19 17:17:23.609 V/locapi_rpc_glue( 1576): Callback received: 4 (cb_id=0x6280000 handle=1)
01-19 17:17:23.609 V/locapi_rpc_glue( 1576): +loc_api_callback_process_sync_call
01-19 17:17:23.609 V/locapi_rpc_glue( 1576): -loc_api_callback_process_sync_call, no sync call in use
01-19 17:17:23.609 D/RPC     ( 1576): written RPC packet size: [28]
01-19 17:17:23.960 D/RPC     ( 1576): read RPC packet
01-19 17:17:23.960 D/RPC     ( 1576): read RPC packet size: [208]
01-19 17:17:23.960 V/locapi_rpc_glue( 1576): Callback received: 1 (cb_id=0x6280000 handle=1)
01-19 17:17:23.960 V/locapi_rpc_glue( 1576): +loc_api_callback_process_sync_call
01-19 17:17:23.970 V/locapi_rpc_glue( 1576): -loc_api_callback_process_sync_call, no sync call in use
01-19 17:17:23.970 D/lib_locapi( 1576): loc_eng_report_position: valid mask = 0x606d, sess status = 1
01-19 17:17:23.970 D/RPC     ( 1576): written RPC packet size: [28]
01-19 17:17:24.010 I/System.out( 2741): Values: 0.0 0.0
01-19 17:17:24.260 D/dalvikvm( 2378): GC_EXPLICIT freed 192K, 10% free 8759K/9671K, paused 5ms+2ms
01-19 17:17:24.550 D/RPC     ( 1576): read RPC packet
01-19 17:17:24.550 D/RPC     ( 1576): read RPC packet size: [272]
01-19 17:17:24.550 V/locapi_rpc_glue( 1576): Callback received: 4 (cb_id=0x6280000 handle=1)
01-19 17:17:24.550 V/locapi_rpc_glue( 1576): +loc_api_callback_process_sync_call
01-19 17:17:24.550 V/locapi_rpc_glue( 1576): -loc_api_callback_process_sync_call, no sync call in use
01-19 17:17:24.550 D/RPC     ( 1576): written RPC packet size: [28]
01-19 17:17:24.550 D/RPC     ( 1576): read RPC packet
01-19 17:17:24.550 D/RPC     ( 1576): read RPC packet size: [272]
01-19 17:17:24.550 V/locapi_rpc_glue( 1576): Callback received: 4 (cb_id=0x6280000 handle=1)
01-19 17:17:24.550 V/locapi_rpc_glue( 1576): +loc_api_callback_process_sync_call
01-19 17:17:24.560 V/locapi_rpc_glue( 1576): -loc_api_callback_process_sync_call, no sync call in use
01-19 17:17:24.560 D/RPC     ( 1576): written RPC packet size: [28]
01-19 17:17:24.560 D/RPC     ( 1576): read RPC packet
01-19 17:17:24.560 D/RPC     ( 1576): read RPC packet size: [272]
01-19 17:17:24.560 V/locapi_rpc_glue( 1576): Callback received: 4 (cb_id=0x6280000 handle=1)
01-19 17:17:24.560 V/locapi_rpc_glue( 1576): +loc_api_callback_process_sync_call
01-19 17:17:24.560 V/locapi_rpc_glue( 1576): -loc_api_callback_process_sync_call, no sync call in use
01-19 17:17:24.560 D/RPC     ( 1576): written RPC packet size: [28]
01-19 17:17:24.570 D/RPC     ( 1576): read RPC packet
01-19 17:17:24.570 D/RPC     ( 1576): read RPC packet size: [272]
01-19 17:17:24.570 V/locapi_rpc_glue( 1576): Callback received: 4 (cb_id=0x6280000 handle=1)
01-19 17:17:24.570 V/locapi_rpc_glue( 1576): +loc_api_callback_process_sync_call
01-19 17:17:24.570 V/locapi_rpc_glue( 1576): -loc_api_callback_process_sync_call, no sync call in use
01-19 17:17:24.570 D/RPC     ( 1576): written RPC packet size: [28]
01-19 17:17:24.570 D/RPC     ( 1576): read RPC packet
01-19 17:17:24.570 D/RPC     ( 1576): read RPC packet size: [176]
01-19 17:17:24.570 V/locapi_rpc_glue( 1576): Callback received: 2 (cb_id=0x6280000 handle=1)
01-19 17:17:24.580 V/locapi_rpc_glue( 1576): +loc_api_callback_process_sync_call
01-19 17:17:24.580 V/locapi_rpc_glue( 1576): -loc_api_callback_process_sync_call, no sync call in use
01-19 17:17:24.580 D/lib_locapi( 1576): loc_eng_report_sv: valid_mask = 0x30, num of sv = 2
01-19 17:17:24.580 D/GpsLocationProvider( 1576): reportSvStatus
01-19 17:17:24.580 V/GpsLocationProvider( 1576): SV count: 2 ephemerisMask: 0 almanacMask: 2000010
01-19 17:17:24.580 V/GpsLocationProvider( 1576): sv: 5 snr: 2.28 elev: 50.0 azimuth: 192.0   AU
01-19 17:17:24.580 V/GpsLocationProvider( 1576): sv: 26 snr: 2.47 elev: 75.0 azimuth: 272.0   AU
01-19 17:17:24.590 D/RPC     ( 1576): written RPC packet size: [28]
01-19 17:17:24.590 D/RPC     ( 1576): read RPC packet
01-19 17:17:24.590 D/RPC     ( 1576): read RPC packet size: [272]
01-19 17:17:24.590 V/locapi_rpc_glue( 1576): Callback received: 4 (cb_id=0x6280000 handle=1)
01-19 17:17:24.590 V/locapi_rpc_glue( 1576): +loc_api_callback_process_sync_call
01-19 17:17:24.590 V/locapi_rpc_glue( 1576): -loc_api_callback_process_sync_call, no sync call in use
01-19 17:17:24.590 D/RPC     ( 1576): written RPC packet size: [28]
01-19 17:17:24.600 D/RPC     ( 1576): read RPC packet
01-19 17:17:24.600 D/RPC     ( 1576): read RPC packet size: [272]
01-19 17:17:24.600 V/locapi_rpc_glue( 1576): Callback received: 4 (cb_id=0x6280000 handle=1)
01-19 17:17:24.600 V/locapi_rpc_glue( 1576): +loc_api_callback_process_sync_call
01-19 17:17:24.600 V/locapi_rpc_glue( 1576): -loc_api_callback_process_sync_call, no sync call in use
01-19 17:17:24.600 D/RPC     ( 1576): written RPC packet size: [28]
01-19 17:17:24.600 D/RPC     ( 1576): read RPC packet
01-19 17:17:24.600 D/RPC     ( 1576): read RPC packet size: [272]
01-19 17:17:24.610 V/locapi_rpc_glue( 1576): Callback received: 4 (cb_id=0x6280000 handle=1)
01-19 17:17:24.610 V/locapi_rpc_glue( 1576): +loc_api_callback_process_sync_call
01-19 17:17:24.610 V/locapi_rpc_glue( 1576): -loc_api_callback_process_sync_call, no sync call in use
01-19 17:17:24.610 D/RPC     ( 1576): written RPC packet size: [28]
01-19 17:17:24.610 D/RPC     ( 1576): read RPC packet
01-19 17:17:24.610 D/RPC     ( 1576): read RPC packet size: [272]
01-19 17:17:24.610 V/locapi_rpc_glue( 1576): Callback received: 4 (cb_id=0x6280000 handle=1)
01-19 17:17:24.610 V/locapi_rpc_glue( 1576): +loc_api_callback_process_sync_call
01-19 17:17:24.610 V/locapi_rpc_glue( 1576): -loc_api_callback_process_sync_call, no sync call in use
01-19 17:17:24.610 D/RPC     ( 1576): written RPC packet size: [28]
01-19 17:17:24.971 D/RPC     ( 1576): read RPC packet
01-19 17:17:24.971 D/RPC     ( 1576): read RPC packet size: [208]
01-19 17:17:24.971 V/locapi_rpc_glue( 1576): Callback received: 1 (cb_id=0x6280000 handle=1)
01-19 17:17:24.971 V/locapi_rpc_glue( 1576): +loc_api_callback_process_sync_call
01-19 17:17:24.971 V/locapi_rpc_glue( 1576): -loc_api_callback_process_sync_call, no sync call in use
01-19 17:17:24.971 D/lib_locapi( 1576): loc_eng_report_position: valid mask = 0x606d, sess status = 1
01-19 17:17:24.971 D/RPC     ( 1576): written RPC packet size: [28]
01-19 17:17:25.011 I/System.out( 2741): Values: 0.0 0.0
01-19 17:17:25.551 D/RPC     ( 1576): read RPC packet
01-19 17:17:25.551 D/RPC     ( 1576): read RPC packet size: [272]
01-19 17:17:25.551 V/locapi_rpc_glue( 1576): Callback received: 4 (cb_id=0x6280000 handle=1)
01-19 17:17:25.551 V/locapi_rpc_glue( 1576): +loc_api_callback_process_sync_call
01-19 17:17:25.551 V/locapi_rpc_glue( 1576): -loc_api_callback_process_sync_call, no sync call in use
01-19 17:17:25.551 D/RPC     ( 1576): written RPC packet size: [28]
01-19 17:17:25.561 D/RPC     ( 1576): read RPC packet
01-19 17:17:25.561 D/RPC     ( 1576): read RPC packet size: [272]
01-19 17:17:25.561 V/locapi_rpc_glue( 1576): Callback received: 4 (cb_id=0x6280000 handle=1)
01-19 17:17:25.561 V/locapi_rpc_glue( 1576): +loc_api_callback_process_sync_call
01-19 17:17:25.561 V/locapi_rpc_glue( 1576): -loc_api_callback_process_sync_call, no sync call in use
01-19 17:17:25.561 D/RPC     ( 1576): written RPC packet size: [28]
01-19 17:17:25.561 D/RPC     ( 1576): read RPC packet
01-19 17:17:25.561 D/RPC     ( 1576): read RPC packet size: [272]
01-19 17:17:25.571 V/locapi_rpc_glue( 1576): Callback received: 4 (cb_id=0x6280000 handle=1)
01-19 17:17:25.571 V/locapi_rpc_glue( 1576): +loc_api_callback_process_sync_call
01-19 17:17:25.571 V/locapi_rpc_glue( 1576): -loc_api_callback_process_sync_call, no sync call in use
01-19 17:17:25.571 D/RPC     ( 1576): written RPC packet size: [28]
01-19 17:17:25.571 D/RPC     ( 1576): read RPC packet
01-19 17:17:25.571 D/RPC     ( 1576): read RPC packet size: [272]
01-19 17:17:25.571 V/locapi_rpc_glue( 1576): Callback received: 4 (cb_id=0x6280000 handle=1)
01-19 17:17:25.571 V/locapi_rpc_glue( 1576): +loc_api_callback_process_sync_call
01-19 17:17:25.571 V/locapi_rpc_glue( 1576): -loc_api_callback_process_sync_call, no sync call in use
01-19 17:17:25.581 D/RPC     ( 1576): written RPC packet size: [28]
01-19 17:17:25.581 D/RPC     ( 1576): read RPC packet
01-19 17:17:25.581 D/RPC     ( 1576): read RPC packet size: [176]
01-19 17:17:25.581 V/locapi_rpc_glue( 1576): Callback received: 2 (cb_id=0x6280000 handle=1)
01-19 17:17:25.581 V/locapi_rpc_glue( 1576): +loc_api_callback_process_sync_call
01-19 17:17:25.581 V/locapi_rpc_glue( 1576): -loc_api_callback_process_sync_call, no sync call in use
01-19 17:17:25.581 D/lib_locapi( 1576): loc_eng_report_sv: valid_mask = 0x30, num of sv = 2
01-19 17:17:25.581 D/GpsLocationProvider( 1576): reportSvStatus
01-19 17:17:25.581 V/GpsLocationProvider( 1576): SV count: 2 ephemerisMask: 0 almanacMask: 2000010
01-19 17:17:25.591 V/GpsLocationProvider( 1576): sv: 5 snr: 2.3200002 elev: 50.0 azimuth: 192.0   AU
01-19 17:17:25.591 V/GpsLocationProvider( 1576): sv: 26 snr: 2.51 elev: 75.0 azimuth: 272.0   AU
01-19 17:17:25.591 D/RPC     ( 1576): written RPC packet size: [28]
01-19 17:17:25.601 D/RPC     ( 1576): read RPC packet
01-19 17:17:25.601 D/RPC     ( 1576): read RPC packet size: [272]
01-19 17:17:25.601 V/locapi_rpc_glue( 1576): Callback received: 4 (cb_id=0x6280000 handle=1)
01-19 17:17:25.601 V/locapi_rpc_glue( 1576): +loc_api_callback_process_sync_call
01-19 17:17:25.601 V/locapi_rpc_glue( 1576): -loc_api_callback_process_sync_call, no sync call in use
01-19 17:17:25.601 D/RPC     ( 1576): written RPC packet size: [28]
01-19 17:17:25.601 D/RPC     ( 1576): read RPC packet
01-19 17:17:25.601 D/RPC     ( 1576): read RPC packet size: [272]
01-19 17:17:25.611 V/locapi_rpc_glue( 1576): Callback received: 4 (cb_id=0x6280000 handle=1)
01-19 17:17:25.611 V/locapi_rpc_glue( 1576): +loc_api_callback_process_sync_call
01-19 17:17:25.611 V/locapi_rpc_glue( 1576): -loc_api_callback_process_sync_call, no sync call in use
01-19 17:17:25.611 D/RPC     ( 1576): written RPC packet size: [28]
01-19 17:17:25.611 D/RPC     ( 1576): read RPC packet
01-19 17:17:25.611 D/RPC     ( 1576): read RPC packet size: [272]
01-19 17:17:25.611 V/locapi_rpc_glue( 1576): Callback received: 4 (cb_id=0x6280000 handle=1)
01-19 17:17:25.611 V/locapi_rpc_glue( 1576): +loc_api_callback_process_sync_call
01-19 17:17:25.611 V/locapi_rpc_glue( 1576): -loc_api_callback_process_sync_call, no sync call in use
01-19 17:17:25.621 D/RPC     ( 1576): written RPC packet size: [28]
01-19 17:17:25.621 D/RPC     ( 1576): read RPC packet
01-19 17:17:25.621 D/RPC     ( 1576): read RPC packet size: [272]
01-19 17:17:25.621 V/locapi_rpc_glue( 1576): Callback received: 4 (cb_id=0x6280000 handle=1)
01-19 17:17:25.621 V/locapi_rpc_glue( 1576): +loc_api_callback_process_sync_call
01-19 17:17:25.621 V/locapi_rpc_glue( 1576): -loc_api_callback_process_sync_call, no sync call in use
01-19 17:17:25.621 D/RPC     ( 1576): written RPC packet size: [28]
01-19 17:17:25.952 D/RPC     ( 1576): read RPC packet
01-19 17:17:25.952 D/RPC     ( 1576): read RPC packet size: [208]
01-19 17:17:25.962 V/locapi_rpc_glue( 1576): Callback received: 1 (cb_id=0x6280000 handle=1)
01-19 17:17:25.962 V/locapi_rpc_glue( 1576): +loc_api_callback_process_sync_call
01-19 17:17:25.962 V/locapi_rpc_glue( 1576): -loc_api_callback_process_sync_call, no sync call in use
01-19 17:17:25.962 D/lib_locapi( 1576): loc_eng_report_position: valid mask = 0x606d, sess status = 1
01-19 17:17:25.962 D/RPC     ( 1576): written RPC packet size: [28]
01-19 17:17:26.002 I/System.out( 2741): Values: 0.0 0.0
01-19 17:17:26.542 D/RPC     ( 1576): read RPC packet
01-19 17:17:26.542 D/RPC     ( 1576): read RPC packet size: [272]
01-19 17:17:26.542 V/locapi_rpc_glue( 1576): Callback received: 4 (cb_id=0x6280000 handle=1)
01-19 17:17:26.542 V/locapi_rpc_glue( 1576): +loc_api_callback_process_sync_call
01-19 17:17:26.542 V/locapi_rpc_glue( 1576): -loc_api_callback_process_sync_call, no sync call in use
01-19 17:17:26.542 D/RPC     ( 1576): written RPC packet size: [28]
01-19 17:17:26.552 D/RPC     ( 1576): read RPC packet
01-19 17:17:26.552 D/RPC     ( 1576): read RPC packet size: [272]
01-19 17:17:26.552 V/locapi_rpc_glue( 1576): Callback received: 4 (cb_id=0x6280000 handle=1)
01-19 17:17:26.552 V/locapi_rpc_glue( 1576): +loc_api_callback_process_sync_call
01-19 17:17:26.552 V/locapi_rpc_glue( 1576): -loc_api_callback_process_sync_call, no sync call in use
01-19 17:17:26.552 D/RPC     ( 1576): written RPC packet size: [28]
01-19 17:17:26.562 D/RPC     ( 1576): read RPC packet
01-19 17:17:26.562 D/RPC     ( 1576): read RPC packet size: [272]
01-19 17:17:26.562 V/locapi_rpc_glue( 1576): Callback received: 4 (cb_id=0x6280000 handle=1)
01-19 17:17:26.562 V/locapi_rpc_glue( 1576): +loc_api_callback_process_sync_call
01-19 17:17:26.562 V/locapi_rpc_glue( 1576): -loc_api_callback_process_sync_call, no sync call in use
01-19 17:17:26.562 D/RPC     ( 1576): written RPC packet size: [28]
01-19 17:17:26.562 D/RPC     ( 1576): read RPC packet
01-19 17:17:26.562 D/RPC     ( 1576): read RPC packet size: [272]
01-19 17:17:26.562 V/locapi_rpc_glue( 1576): Callback received: 4 (cb_id=0x6280000 handle=1)
01-19 17:17:26.572 V/locapi_rpc_glue( 1576): +loc_api_callback_process_sync_call
01-19 17:17:26.572 V/locapi_rpc_glue( 1576): -loc_api_callback_process_sync_call, no sync call in use
01-19 17:17:26.572 D/RPC     ( 1576): written RPC packet size: [28]
01-19 17:17:26.572 D/RPC     ( 1576): read RPC packet
01-19 17:17:26.572 D/RPC     ( 1576): read RPC packet size: [176]
01-19 17:17:26.572 V/locapi_rpc_glue( 1576): Callback received: 2 (cb_id=0x6280000 handle=1)
01-19 17:17:26.572 V/locapi_rpc_glue( 1576): +loc_api_callback_process_sync_call
01-19 17:17:26.572 V/locapi_rpc_glue( 1576): -loc_api_callback_process_sync_call, no sync call in use
01-19 17:17:26.572 D/lib_locapi( 1576): loc_eng_report_sv: valid_mask = 0x30, num of sv = 2
01-19 17:17:26.572 D/GpsLocationProvider( 1576): reportSvStatus
01-19 17:17:26.572 V/GpsLocationProvider( 1576): SV count: 2 ephemerisMask: 0 almanacMask: 2000010
01-19 17:17:26.582 V/GpsLocationProvider( 1576): sv: 5 snr: 2.27 elev: 50.0 azimuth: 192.0   AU
01-19 17:17:26.582 V/GpsLocationProvider( 1576): sv: 26 snr: 2.48 elev: 75.0 azimuth: 272.0   AU
01-19 17:17:26.582 D/RPC     ( 1576): written RPC packet size: [28]
01-19 17:17:26.592 D/RPC     ( 1576): read RPC packet
01-19 17:17:26.592 D/RPC     ( 1576): read RPC packet size: [272]
01-19 17:17:26.592 V/locapi_rpc_glue( 1576): Callback received: 4 (cb_id=0x6280000 handle=1)
01-19 17:17:26.592 V/locapi_rpc_glue( 1576): +loc_api_callback_process_sync_call
01-19 17:17:26.592 V/locapi_rpc_glue( 1576): -loc_api_callback_process_sync_call, no sync call in use
01-19 17:17:26.592 D/RPC     ( 1576): written RPC packet size: [28]
01-19 17:17:26.592 D/RPC     ( 1576): read RPC packet
01-19 17:17:26.592 D/RPC     ( 1576): read RPC packet size: [272]
01-19 17:17:26.602 V/locapi_rpc_glue( 1576): Callback received: 4 (cb_id=0x6280000 handle=1)
01-19 17:17:26.602 V/locapi_rpc_glue( 1576): +loc_api_callback_process_sync_call
01-19 17:17:26.602 V/locapi_rpc_glue( 1576): -loc_api_callback_process_sync_call, no sync call in use
01-19 17:17:26.602 D/RPC     ( 1576): written RPC packet size: [28]
01-19 17:17:26.602 D/RPC     ( 1576): read RPC packet
01-19 17:17:26.602 D/RPC     ( 1576): read RPC packet size: [272]
01-19 17:17:26.602 V/locapi_rpc_glue( 1576): Callback received: 4 (cb_id=0x6280000 handle=1)
01-19 17:17:26.602 V/locapi_rpc_glue( 1576): +loc_api_callback_process_sync_call
01-19 17:17:26.612 V/locapi_rpc_glue( 1576): -loc_api_callback_process_sync_call, no sync call in use
01-19 17:17:26.612 D/RPC     ( 1576): written RPC packet size: [28]
01-19 17:17:26.612 D/RPC     ( 1576): read RPC packet
01-19 17:17:26.612 D/RPC     ( 1576): read RPC packet size: [272]
01-19 17:17:26.612 V/locapi_rpc_glue( 1576): Callback received: 4 (cb_id=0x6280000 handle=1)
01-19 17:17:26.612 V/locapi_rpc_glue( 1576): +loc_api_callback_process_sync_call
01-19 17:17:26.612 V/locapi_rpc_glue( 1576): -loc_api_callback_process_sync_call, no sync call in use
01-19 17:17:26.612 D/RPC     ( 1576): written RPC packet size: [28]
01-19 17:17:26.963 D/RPC     ( 1576): read RPC packet
01-19 17:17:26.963 D/RPC     ( 1576): read RPC packet size: [208]
01-19 17:17:26.963 V/locapi_rpc_glue( 1576): Callback received: 1 (cb_id=0x6280000 handle=1)
01-19 17:17:26.963 V/locapi_rpc_glue( 1576): +loc_api_callback_process_sync_call
01-19 17:17:26.963 V/locapi_rpc_glue( 1576): -loc_api_callback_process_sync_call, no sync call in use
01-19 17:17:26.963 D/lib_locapi( 1576): loc_eng_report_position: valid mask = 0x606d, sess status = 1
01-19 17:17:26.963 D/RPC     ( 1576): written RPC packet size: [28]
01-19 17:17:27.003 I/System.out( 2741): Values: 0.0 0.0
01-19 17:17:27.543 D/RPC     ( 1576): read RPC packet
01-19 17:17:27.543 D/RPC     ( 1576): read RPC packet size: [272]
01-19 17:17:27.543 V/locapi_rpc_glue( 1576): Callback received: 4 (cb_id=0x6280000 handle=1)
01-19 17:17:27.543 V/locapi_rpc_glue( 1576): +loc_api_callback_process_sync_call
01-19 17:17:27.543 V/locapi_rpc_glue( 1576): -loc_api_callback_process_sync_call, no sync call in use
01-19 17:17:27.543 D/RPC     ( 1576): written RPC packet size: [28]
01-19 17:17:27.543 D/RPC     ( 1576): read RPC packet
01-19 17:17:27.543 D/RPC     ( 1576): read RPC packet size: [272]
01-19 17:17:27.553 V/locapi_rpc_glue( 1576): Callback received: 4 (cb_id=0x6280000 handle=1)
01-19 17:17:27.553 V/locapi_rpc_glue( 1576): +loc_api_callback_process_sync_call
01-19 17:17:27.553 V/locapi_rpc_glue( 1576): -loc_api_callback_process_sync_call, no sync call in use
01-19 17:17:27.553 D/RPC     ( 1576): written RPC packet size: [28]
01-19 17:17:27.553 D/RPC     ( 1576): read RPC packet
01-19 17:17:27.553 D/RPC     ( 1576): read RPC packet size: [272]
01-19 17:17:27.553 V/locapi_rpc_glue( 1576): Callback received: 4 (cb_id=0x6280000 handle=1)
01-19 17:17:27.553 V/locapi_rpc_glue( 1576): +loc_api_callback_process_sync_call
01-19 17:17:27.553 V/locapi_rpc_glue( 1576): -loc_api_callback_process_sync_call, no sync call in use
01-19 17:17:27.563 D/RPC     ( 1576): written RPC packet size: [28]
01-19 17:17:27.563 D/RPC     ( 1576): read RPC packet
01-19 17:17:27.563 D/RPC     ( 1576): read RPC packet size: [272]
