01-19 21:28:47.897 D/RPC     ( 1592): read RPC packet
01-19 21:28:47.897 D/RPC     ( 1592): read RPC packet size: [272]
01-19 21:28:47.897 V/locapi_rpc_glue( 1592): Callback received: 4 (cb_id=0x6380000 handle=1)
01-19 21:28:47.897 V/locapi_rpc_glue( 1592): +loc_api_callback_process_sync_call
01-19 21:28:47.897 V/locapi_rpc_glue( 1592): -loc_api_callback_process_sync_call, no sync call in use
01-19 21:28:47.897 D/RPC     ( 1592): written RPC packet size: [28]
01-19 21:28:48.217 D/RPC     ( 1592): read RPC packet
01-19 21:28:48.217 D/RPC     ( 1592): read RPC packet size: [208]
01-19 21:28:48.217 V/locapi_rpc_glue( 1592): Callback received: 1 (cb_id=0x6380000 handle=1)
01-19 21:28:48.217 V/locapi_rpc_glue( 1592): +loc_api_callback_process_sync_call
01-19 21:28:48.217 V/locapi_rpc_glue( 1592): -loc_api_callback_process_sync_call, no sync call in use
01-19 21:28:48.217 D/lib_locapi( 1592): loc_eng_report_position: valid mask = 0x606d, sess status = 1
01-19 21:28:48.217 D/RPC     ( 1592): written RPC packet size: [28]
01-19 21:28:48.838 D/RPC     ( 1592): read RPC packet
01-19 21:28:48.838 D/RPC     ( 1592): read RPC packet size: [272]
01-19 21:28:48.838 V/locapi_rpc_glue( 1592): Callback received: 4 (cb_id=0x6380000 handle=1)
01-19 21:28:48.838 V/locapi_rpc_glue( 1592): +loc_api_callback_process_sync_call
01-19 21:28:48.838 V/locapi_rpc_glue( 1592): -loc_api_callback_process_sync_call, no sync call in use
01-19 21:28:48.838 I/System.out( 2792): Values: 0.0 0.0
01-19 21:28:48.838 I/System.out( 2792): Time difference in secs is: 30
01-19 21:28:48.848 D/RPC     ( 1592): written RPC packet size: [28]
01-19 21:28:48.858 D/RPC     ( 1592): read RPC packet
01-19 21:28:48.858 D/RPC     ( 1592): read RPC packet size: [272]
01-19 21:28:48.858 V/locapi_rpc_glue( 1592): Callback received: 4 (cb_id=0x6380000 handle=1)
01-19 21:28:48.858 V/locapi_rpc_glue( 1592): +loc_api_callback_process_sync_call
01-19 21:28:48.858 V/locapi_rpc_glue( 1592): -loc_api_callback_process_sync_call, no sync call in use
01-19 21:28:48.858 D/RPC     ( 1592): written RPC packet size: [28]
01-19 21:28:48.858 D/RPC     ( 1592): read RPC packet
01-19 21:28:48.858 D/RPC     ( 1592): read RPC packet size: [272]
01-19 21:28:48.868 V/locapi_rpc_glue( 1592): Callback received: 4 (cb_id=0x6380000 handle=1)
01-19 21:28:48.868 V/locapi_rpc_glue( 1592): +loc_api_callback_process_sync_call
01-19 21:28:48.868 V/locapi_rpc_glue( 1592): -loc_api_callback_process_sync_call, no sync call in use
01-19 21:28:48.868 D/RPC     ( 1592): written RPC packet size: [28]
01-19 21:28:48.868 D/RPC     ( 1592): read RPC packet
01-19 21:28:48.868 D/RPC     ( 1592): read RPC packet size: [272]
01-19 21:28:48.868 V/locapi_rpc_glue( 1592): Callback received: 4 (cb_id=0x6380000 handle=1)
01-19 21:28:48.868 V/locapi_rpc_glue( 1592): +loc_api_callback_process_sync_call
01-19 21:28:48.868 V/locapi_rpc_glue( 1592): -loc_api_callback_process_sync_call, no sync call in use
01-19 21:28:48.868 D/RPC     ( 1592): written RPC packet size: [28]
01-19 21:28:48.878 D/RPC     ( 1592): read RPC packet
01-19 21:28:48.878 D/RPC     ( 1592): read RPC packet size: [96]
01-19 21:28:48.878 V/locapi_rpc_glue( 1592): Callback received: 2 (cb_id=0x6380000 handle=1)
01-19 21:28:48.878 V/locapi_rpc_glue( 1592): +loc_api_callback_process_sync_call
01-19 21:28:48.878 V/locapi_rpc_glue( 1592): -loc_api_callback_process_sync_call, no sync call in use
01-19 21:28:48.878 D/lib_locapi( 1592): loc_eng_report_sv: valid_mask = 0x30, num of sv = 0
01-19 21:28:48.878 D/GpsLocationProvider( 1592): reportSvStatus
01-19 21:28:48.878 V/GpsLocationProvider( 1592): SV count: 0 ephemerisMask: 0 almanacMask: 0
01-19 21:28:48.878 D/RPC     ( 1592): written RPC packet size: [28]
01-19 21:28:48.878 D/RPC     ( 1592): read RPC packet
01-19 21:28:48.878 D/RPC     ( 1592): read RPC packet size: [272]
01-19 21:28:48.878 V/locapi_rpc_glue( 1592): Callback received: 4 (cb_id=0x6380000 handle=1)
01-19 21:28:48.878 V/locapi_rpc_glue( 1592): +loc_api_callback_process_sync_call
01-19 21:28:48.878 V/locapi_rpc_glue( 1592): -loc_api_callback_process_sync_call, no sync call in use
01-19 21:28:48.888 D/RPC     ( 1592): written RPC packet size: [28]
01-19 21:28:48.888 D/RPC     ( 1592): read RPC packet
01-19 21:28:48.888 D/RPC     ( 1592): read RPC packet size: [272]
01-19 21:28:48.888 V/locapi_rpc_glue( 1592): Callback received: 4 (cb_id=0x6380000 handle=1)
01-19 21:28:48.888 V/locapi_rpc_glue( 1592): +loc_api_callback_process_sync_call
01-19 21:28:48.888 V/locapi_rpc_glue( 1592): -loc_api_callback_process_sync_call, no sync call in use
01-19 21:28:48.888 D/RPC     ( 1592): written RPC packet size: [28]
01-19 21:28:48.898 D/RPC     ( 1592): read RPC packet
01-19 21:28:48.898 D/RPC     ( 1592): read RPC packet size: [272]
01-19 21:28:48.898 V/locapi_rpc_glue( 1592): Callback received: 4 (cb_id=0x6380000 handle=1)
01-19 21:28:48.898 V/locapi_rpc_glue( 1592): +loc_api_callback_process_sync_call
01-19 21:28:48.898 V/locapi_rpc_glue( 1592): -loc_api_callback_process_sync_call, no sync call in use
01-19 21:28:48.898 D/RPC     ( 1592): written RPC packet size: [28]
01-19 21:28:48.898 D/RPC     ( 1592): read RPC packet
01-19 21:28:48.898 D/RPC     ( 1592): read RPC packet size: [272]
01-19 21:28:48.898 V/locapi_rpc_glue( 1592): Callback received: 4 (cb_id=0x6380000 handle=1)
01-19 21:28:48.898 V/locapi_rpc_glue( 1592): +loc_api_callback_process_sync_call
01-19 21:28:48.898 V/locapi_rpc_glue( 1592): -loc_api_callback_process_sync_call, no sync call in use
01-19 21:28:48.898 D/RPC     ( 1592): written RPC packet size: [28]
01-19 21:28:49.218 D/RPC     ( 1592): read RPC packet
01-19 21:28:49.218 D/RPC     ( 1592): read RPC packet size: [208]
01-19 21:28:49.218 V/locapi_rpc_glue( 1592): Callback received: 1 (cb_id=0x6380000 handle=1)
01-19 21:28:49.218 V/locapi_rpc_glue( 1592): +loc_api_callback_process_sync_call
01-19 21:28:49.218 V/locapi_rpc_glue( 1592): -loc_api_callback_process_sync_call, no sync call in use
01-19 21:28:49.218 D/lib_locapi( 1592): loc_eng_report_position: valid mask = 0x606d, sess status = 1
01-19 21:28:49.218 D/RPC     ( 1592): written RPC packet size: [28]
01-19 21:28:49.839 D/RPC     ( 1592): read RPC packet
01-19 21:28:49.839 D/RPC     ( 1592): read RPC packet size: [272]
01-19 21:28:49.839 I/System.out( 2792): Values: 0.0 0.0
01-19 21:28:49.849 I/System.out( 2792): Time difference in secs is: 30
01-19 21:28:49.849 V/locapi_rpc_glue( 1592): Callback received: 4 (cb_id=0x6380000 handle=1)
01-19 21:28:49.859 V/locapi_rpc_glue( 1592): +loc_api_callback_process_sync_call
01-19 21:28:49.859 V/locapi_rpc_glue( 1592): -loc_api_callback_process_sync_call, no sync call in use
01-19 21:28:49.859 D/RPC     ( 1592): written RPC packet size: [28]
01-19 21:28:49.859 D/RPC     ( 1592): read RPC packet
01-19 21:28:49.859 D/RPC     ( 1592): read RPC packet size: [272]
01-19 21:28:49.859 V/locapi_rpc_glue( 1592): Callback received: 4 (cb_id=0x6380000 handle=1)
01-19 21:28:49.859 V/locapi_rpc_glue( 1592): +loc_api_callback_process_sync_call
01-19 21:28:49.859 V/locapi_rpc_glue( 1592): -loc_api_callback_process_sync_call, no sync call in use
01-19 21:28:49.869 D/RPC     ( 1592): written RPC packet size: [28]
01-19 21:28:49.869 D/RPC     ( 1592): read RPC packet
01-19 21:28:49.869 D/RPC     ( 1592): read RPC packet size: [272]
01-19 21:28:49.869 V/locapi_rpc_glue( 1592): Callback received: 4 (cb_id=0x6380000 handle=1)
01-19 21:28:49.869 V/locapi_rpc_glue( 1592): +loc_api_callback_process_sync_call
01-19 21:28:49.869 V/locapi_rpc_glue( 1592): -loc_api_callback_process_sync_call, no sync call in use
01-19 21:28:49.869 D/RPC     ( 1592): written RPC packet size: [28]
01-19 21:28:49.879 D/RPC     ( 1592): read RPC packet
01-19 21:28:49.879 D/RPC     ( 1592): read RPC packet size: [272]
01-19 21:28:49.879 V/locapi_rpc_glue( 1592): Callback received: 4 (cb_id=0x6380000 handle=1)
01-19 21:28:49.879 V/locapi_rpc_glue( 1592): +loc_api_callback_process_sync_call
01-19 21:28:49.879 V/locapi_rpc_glue( 1592): -loc_api_callback_process_sync_call, no sync call in use
01-19 21:28:49.879 D/RPC     ( 1592): written RPC packet size: [28]
01-19 21:28:49.879 D/RPC     ( 1592): read RPC packet
01-19 21:28:49.879 D/RPC     ( 1592): read RPC packet size: [96]
01-19 21:28:49.879 V/locapi_rpc_glue( 1592): Callback received: 2 (cb_id=0x6380000 handle=1)
01-19 21:28:49.879 V/locapi_rpc_glue( 1592): +loc_api_callback_process_sync_call
01-19 21:28:49.879 V/locapi_rpc_glue( 1592): -loc_api_callback_process_sync_call, no sync call in use
01-19 21:28:49.879 D/lib_locapi( 1592): loc_eng_report_sv: valid_mask = 0x30, num of sv = 0
01-19 21:28:49.879 D/GpsLocationProvider( 1592): reportSvStatus
01-19 21:28:49.879 V/GpsLocationProvider( 1592): SV count: 0 ephemerisMask: 0 almanacMask: 0
01-19 21:28:49.889 D/RPC     ( 1592): written RPC packet size: [28]
01-19 21:28:49.889 D/RPC     ( 1592): read RPC packet
01-19 21:28:49.889 D/RPC     ( 1592): read RPC packet size: [272]
01-19 21:28:49.889 V/locapi_rpc_glue( 1592): Callback received: 4 (cb_id=0x6380000 handle=1)
01-19 21:28:49.889 V/locapi_rpc_glue( 1592): +loc_api_callback_process_sync_call
01-19 21:28:49.889 V/locapi_rpc_glue( 1592): -loc_api_callback_process_sync_call, no sync call in use
01-19 21:28:49.889 D/RPC     ( 1592): written RPC packet size: [28]
01-19 21:28:49.899 D/RPC     ( 1592): read RPC packet
01-19 21:28:49.899 D/RPC     ( 1592): read RPC packet size: [272]
01-19 21:28:49.899 V/locapi_rpc_glue( 1592): Callback received: 4 (cb_id=0x6380000 handle=1)
01-19 21:28:49.899 V/locapi_rpc_glue( 1592): +loc_api_callback_process_sync_call
01-19 21:28:49.899 V/locapi_rpc_glue( 1592): -loc_api_callback_process_sync_call, no sync call in use
01-19 21:28:49.899 D/RPC     ( 1592): written RPC packet size: [28]
01-19 21:28:49.899 D/RPC     ( 1592): read RPC packet
01-19 21:28:49.899 D/RPC     ( 1592): read RPC packet size: [272]
01-19 21:28:49.899 V/locapi_rpc_glue( 1592): Callback received: 4 (cb_id=0x6380000 handle=1)
01-19 21:28:49.899 V/locapi_rpc_glue( 1592): +loc_api_callback_process_sync_call
01-19 21:28:49.899 V/locapi_rpc_glue( 1592): -loc_api_callback_process_sync_call, no sync call in use
01-19 21:28:49.899 D/RPC     ( 1592): written RPC packet size: [28]
01-19 21:28:49.909 D/RPC     ( 1592): read RPC packet
01-19 21:28:49.909 D/RPC     ( 1592): read RPC packet size: [272]
01-19 21:28:49.909 V/locapi_rpc_glue( 1592): Callback received: 4 (cb_id=0x6380000 handle=1)
01-19 21:28:49.909 V/locapi_rpc_glue( 1592): +loc_api_callback_process_sync_call
01-19 21:28:49.909 V/locapi_rpc_glue( 1592): -loc_api_callback_process_sync_call, no sync call in use
01-19 21:28:49.909 D/RPC     ( 1592): written RPC packet size: [28]
01-19 21:28:50.219 D/RPC     ( 1592): read RPC packet
01-19 21:28:50.219 D/RPC     ( 1592): read RPC packet size: [208]
01-19 21:28:50.219 V/locapi_rpc_glue( 1592): Callback received: 1 (cb_id=0x6380000 handle=1)
01-19 21:28:50.219 V/locapi_rpc_glue( 1592): +loc_api_callback_process_sync_call
01-19 21:28:50.219 V/locapi_rpc_glue( 1592): -loc_api_callback_process_sync_call, no sync call in use
01-19 21:28:50.219 D/lib_locapi( 1592): loc_eng_report_position: valid mask = 0x606d, sess status = 1
01-19 21:28:50.229 D/RPC     ( 1592): written RPC packet size: [28]
01-19 21:28:50.840 D/RPC     ( 1592): read RPC packet
01-19 21:28:50.840 D/RPC     ( 1592): read RPC packet size: [272]
01-19 21:28:50.840 V/locapi_rpc_glue( 1592): Callback received: 4 (cb_id=0x6380000 handle=1)
01-19 21:28:50.840 V/locapi_rpc_glue( 1592): +loc_api_callback_process_sync_call
01-19 21:28:50.840 V/locapi_rpc_glue( 1592): -loc_api_callback_process_sync_call, no sync call in use
01-19 21:28:50.840 I/System.out( 2792): Values: 0.0 0.0
01-19 21:28:50.850 I/System.out( 2792): Time difference in secs is: 30
01-19 21:28:50.850 D/RPC     ( 1592): written RPC packet size: [28]
01-19 21:28:50.860 D/RPC     ( 1592): read RPC packet
01-19 21:28:50.860 D/RPC     ( 1592): read RPC packet size: [272]
01-19 21:28:50.860 V/locapi_rpc_glue( 1592): Callback received: 4 (cb_id=0x6380000 handle=1)
01-19 21:28:50.860 V/locapi_rpc_glue( 1592): +loc_api_callback_process_sync_call
01-19 21:28:50.860 V/locapi_rpc_glue( 1592): -loc_api_callback_process_sync_call, no sync call in use
01-19 21:28:50.860 D/RPC     ( 1592): written RPC packet size: [28]
01-19 21:28:50.860 D/RPC     ( 1592): read RPC packet
01-19 21:28:50.870 D/RPC     ( 1592): read RPC packet size: [272]
01-19 21:28:50.880 V/locapi_rpc_glue( 1592): Callback received: 4 (cb_id=0x6380000 handle=1)
01-19 21:28:50.880 V/locapi_rpc_glue( 1592): +loc_api_callback_process_sync_call
01-19 21:28:50.890 V/locapi_rpc_glue( 1592): -loc_api_callback_process_sync_call, no sync call in use
01-19 21:28:50.890 D/RPC     ( 1592): written RPC packet size: [28]
01-19 21:28:50.900 D/RPC     ( 1592): read RPC packet
01-19 21:28:50.900 D/RPC     ( 1592): read RPC packet size: [272]
01-19 21:28:50.900 V/locapi_rpc_glue( 1592): Callback received: 4 (cb_id=0x6380000 handle=1)
01-19 21:28:50.900 V/locapi_rpc_glue( 1592): +loc_api_callback_process_sync_call
01-19 21:28:50.900 V/locapi_rpc_glue( 1592): -loc_api_callback_process_sync_call, no sync call in use
01-19 21:28:50.900 D/RPC     ( 1592): written RPC packet size: [28]
01-19 21:28:50.900 D/RPC     ( 1592): read RPC packet
01-19 21:28:50.900 D/RPC     ( 1592): read RPC packet size: [96]
01-19 21:28:50.900 V/locapi_rpc_glue( 1592): Callback received: 2 (cb_id=0x6380000 handle=1)
01-19 21:28:50.900 V/locapi_rpc_glue( 1592): +loc_api_callback_process_sync_call
01-19 21:28:50.900 V/locapi_rpc_glue( 1592): -loc_api_callback_process_sync_call, no sync call in use
01-19 21:28:50.910 D/lib_locapi( 1592): loc_eng_report_sv: valid_mask = 0x30, num of sv = 0
01-19 21:28:50.910 D/GpsLocationProvider( 1592): reportSvStatus
01-19 21:28:50.910 V/GpsLocationProvider( 1592): SV count: 0 ephemerisMask: 0 almanacMask: 0
01-19 21:28:50.910 D/RPC     ( 1592): written RPC packet size: [28]
01-19 21:28:50.910 D/RPC     ( 1592): read RPC packet
01-19 21:28:50.910 D/RPC     ( 1592): read RPC packet size: [272]
01-19 21:28:50.910 V/locapi_rpc_glue( 1592): Callback received: 4 (cb_id=0x6380000 handle=1)
01-19 21:28:50.910 V/locapi_rpc_glue( 1592): +loc_api_callback_process_sync_call
01-19 21:28:50.910 V/locapi_rpc_glue( 1592): -loc_api_callback_process_sync_call, no sync call in use
01-19 21:28:50.910 D/RPC     ( 1592): written RPC packet size: [28]
01-19 21:28:50.920 D/RPC     ( 1592): read RPC packet
01-19 21:28:50.920 D/RPC     ( 1592): read RPC packet size: [272]
01-19 21:28:50.920 V/locapi_rpc_glue( 1592): Callback received: 4 (cb_id=0x6380000 handle=1)
01-19 21:28:50.920 V/locapi_rpc_glue( 1592): +loc_api_callback_process_sync_call
01-19 21:28:50.920 V/locapi_rpc_glue( 1592): -loc_api_callback_process_sync_call, no sync call in use
01-19 21:28:50.920 D/RPC     ( 1592): written RPC packet size: [28]
01-19 21:28:50.920 D/RPC     ( 1592): read RPC packet
01-19 21:28:50.920 D/RPC     ( 1592): read RPC packet size: [272]
01-19 21:28:50.920 V/locapi_rpc_glue( 1592): Callback received: 4 (cb_id=0x6380000 handle=1)
01-19 21:28:50.920 V/locapi_rpc_glue( 1592): +loc_api_callback_process_sync_call
01-19 21:28:50.920 V/locapi_rpc_glue( 1592): -loc_api_callback_process_sync_call, no sync call in use
01-19 21:28:50.920 D/RPC     ( 1592): written RPC packet size: [28]
01-19 21:28:50.930 D/RPC     ( 1592): read RPC packet
01-19 21:28:50.930 D/RPC     ( 1592): read RPC packet size: [272]
01-19 21:28:50.930 V/locapi_rpc_glue( 1592): Callback received: 4 (cb_id=0x6380000 handle=1)
01-19 21:28:50.930 V/locapi_rpc_glue( 1592): +loc_api_callback_process_sync_call
01-19 21:28:50.930 V/locapi_rpc_glue( 1592): -loc_api_callback_process_sync_call, no sync call in use
01-19 21:28:50.930 D/RPC     ( 1592): written RPC packet size: [28]
01-19 21:28:51.220 D/RPC     ( 1592): read RPC packet
01-19 21:28:51.220 D/RPC     ( 1592): read RPC packet size: [208]
01-19 21:28:51.220 V/locapi_rpc_glue( 1592): Callback received: 1 (cb_id=0x6380000 handle=1)
01-19 21:28:51.220 V/locapi_rpc_glue( 1592): +loc_api_callback_process_sync_call
01-19 21:28:51.220 V/locapi_rpc_glue( 1592): -loc_api_callback_process_sync_call, no sync call in use
01-19 21:28:51.220 D/lib_locapi( 1592): loc_eng_report_position: valid mask = 0x606d, sess status = 1
01-19 21:28:51.220 D/RPC     ( 1592): written RPC packet size: [28]
01-19 21:28:51.841 D/RPC     ( 1592): read RPC packet
01-19 21:28:51.841 D/RPC     ( 1592): read RPC packet size: [272]
01-19 21:28:51.841 V/locapi_rpc_glue( 1592): Callback received: 4 (cb_id=0x6380000 handle=1)
01-19 21:28:51.841 V/locapi_rpc_glue( 1592): +loc_api_callback_process_sync_call
01-19 21:28:51.841 V/locapi_rpc_glue( 1592): -loc_api_callback_process_sync_call, no sync call in use
01-19 21:28:51.841 D/RPC     ( 1592): written RPC packet size: [28]
01-19 21:28:51.841 I/System.out( 2792): Values: 0.0 0.0
01-19 21:28:51.841 I/System.out( 2792): Time difference in secs is: 30
01-19 21:28:51.851 D/RPC     ( 1592): read RPC packet
01-19 21:28:51.851 D/RPC     ( 1592): read RPC packet size: [272]
01-19 21:28:51.851 V/locapi_rpc_glue( 1592): Callback received: 4 (cb_id=0x6380000 handle=1)
01-19 21:28:51.851 V/locapi_rpc_glue( 1592): +loc_api_callback_process_sync_call
01-19 21:28:51.851 V/locapi_rpc_glue( 1592): -loc_api_callback_process_sync_call, no sync call in use
01-19 21:28:51.851 D/RPC     ( 1592): written RPC packet size: [28]
01-19 21:28:51.851 D/RPC     ( 1592): read RPC packet
01-19 21:28:51.861 D/RPC     ( 1592): read RPC packet size: [272]
01-19 21:28:51.861 V/locapi_rpc_glue( 1592): Callback received: 4 (cb_id=0x6380000 handle=1)
01-19 21:28:51.861 V/locapi_rpc_glue( 1592): +loc_api_callback_process_sync_call
01-19 21:28:51.861 V/locapi_rpc_glue( 1592): -loc_api_callback_process_sync_call, no sync call in use
01-19 21:28:51.861 D/RPC     ( 1592): written RPC packet size: [28]
01-19 21:28:51.861 D/RPC     ( 1592): read RPC packet
01-19 21:28:51.861 D/RPC     ( 1592): read RPC packet size: [272]
01-19 21:28:51.861 V/locapi_rpc_glue( 1592): Callback received: 4 (cb_id=0x6380000 handle=1)
01-19 21:28:51.861 V/locapi_rpc_glue( 1592): +loc_api_callback_process_sync_call
01-19 21:28:51.861 V/locapi_rpc_glue( 1592): -loc_api_callback_process_sync_call, no sync call in use
01-19 21:28:51.861 D/RPC     ( 1592): written RPC packet size: [28]
01-19 21:28:51.871 D/RPC     ( 1592): read RPC packet
01-19 21:28:51.871 D/RPC     ( 1592): read RPC packet size: [96]
01-19 21:28:51.871 V/locapi_rpc_glue( 1592): Callback received: 2 (cb_id=0x6380000 handle=1)
01-19 21:28:51.871 V/locapi_rpc_glue( 1592): +loc_api_callback_process_sync_call
01-19 21:28:51.871 V/locapi_rpc_glue( 1592): -loc_api_callback_process_sync_call, no sync call in use
01-19 21:28:51.871 D/lib_locapi( 1592): loc_eng_report_sv: valid_mask = 0x30, num of sv = 0
01-19 21:28:51.871 D/GpsLocationProvider( 1592): reportSvStatus
01-19 21:28:51.871 V/GpsLocationProvider( 1592): SV count: 0 ephemerisMask: 0 almanacMask: 0
01-19 21:28:51.871 D/RPC     ( 1592): written RPC packet size: [28]
01-19 21:28:51.881 D/RPC     ( 1592): read RPC packet
01-19 21:28:51.881 D/RPC     ( 1592): read RPC packet size: [272]
01-19 21:28:51.881 V/locapi_rpc_glue( 1592): Callback received: 4 (cb_id=0x6380000 handle=1)
01-19 21:28:51.881 V/locapi_rpc_glue( 1592): +loc_api_callback_process_sync_call
01-19 21:28:51.881 V/locapi_rpc_glue( 1592): -loc_api_callback_process_sync_call, no sync call in use
01-19 21:28:51.881 D/RPC     ( 1592): written RPC packet size: [28]
01-19 21:28:51.881 D/RPC     ( 1592): read RPC packet
01-19 21:28:51.881 D/RPC     ( 1592): read RPC packet size: [272]
01-19 21:28:51.881 V/locapi_rpc_glue( 1592): Callback received: 4 (cb_id=0x6380000 handle=1)
01-19 21:28:51.881 V/locapi_rpc_glue( 1592): +loc_api_callback_process_sync_call
01-19 21:28:51.881 V/locapi_rpc_glue( 1592): -loc_api_callback_process_sync_call, no sync call in use
01-19 21:28:51.891 D/RPC     ( 1592): written RPC packet size: [28]
01-19 21:28:51.891 D/RPC     ( 1592): read RPC packet
01-19 21:28:51.891 D/RPC     ( 1592): read RPC packet size: [272]
01-19 21:28:51.891 V/locapi_rpc_glue( 1592): Callback received: 4 (cb_id=0x6380000 handle=1)
01-19 21:28:51.891 V/locapi_rpc_glue( 1592): +loc_api_callback_process_sync_call
01-19 21:28:51.891 V/locapi_rpc_glue( 1592): -loc_api_callback_process_sync_call, no sync call in use
01-19 21:28:51.891 D/RPC     ( 1592): written RPC packet size: [28]
01-19 21:28:51.891 D/RPC     ( 1592): read RPC packet
01-19 21:28:51.891 D/RPC     ( 1592): read RPC packet size: [272]
01-19 21:28:51.901 V/locapi_rpc_glue( 1592): Callback received: 4 (cb_id=0x6380000 handle=1)
01-19 21:28:51.901 V/locapi_rpc_glue( 1592): +loc_api_callback_process_sync_call
01-19 21:28:51.901 V/locapi_rpc_glue( 1592): -loc_api_callback_process_sync_call, no sync call in use
01-19 21:28:51.901 D/RPC     ( 1592): written RPC packet size: [28]
01-19 21:28:52.221 D/RPC     ( 1592): read RPC packet
01-19 21:28:52.221 D/RPC     ( 1592): read RPC packet size: [208]
01-19 21:28:52.221 V/locapi_rpc_glue( 1592): Callback received: 1 (cb_id=0x6380000 handle=1)
01-19 21:28:52.221 V/locapi_rpc_glue( 1592): +loc_api_callback_process_sync_call
01-19 21:28:52.221 V/locapi_rpc_glue( 1592): -loc_api_callback_process_sync_call, no sync call in use
01-19 21:28:52.221 D/lib_locapi( 1592): loc_eng_report_position: valid mask = 0x606d, sess status = 1
01-19 21:28:52.221 D/RPC     ( 1592): written RPC packet size: [28]
01-19 21:28:52.842 D/RPC     ( 1592): read RPC packet
01-19 21:28:52.842 D/RPC     ( 1592): read RPC packet size: [272]
01-19 21:28:52.842 V/locapi_rpc_glue( 1592): Callback received: 4 (cb_id=0x6380000 handle=1)
01-19 21:28:52.842 V/locapi_rpc_glue( 1592): +loc_api_callback_process_sync_call
01-19 21:28:52.842 V/locapi_rpc_glue( 1592): -loc_api_callback_process_sync_call, no sync call in use
01-19 21:28:52.842 D/RPC     ( 1592): written RPC packet size: [28]
01-19 21:28:52.842 I/System.out( 2792): Values: 0.0 0.0
01-19 21:28:52.842 I/System.out( 2792): Time difference in secs is: 30
01-19 21:28:52.852 D/RPC     ( 1592): read RPC packet
01-19 21:28:52.852 D/RPC     ( 1592): read RPC packet size: [272]
01-19 21:28:52.852 V/locapi_rpc_glue( 1592): Callback received: 4 (cb_id=0x6380000 handle=1)
01-19 21:28:52.852 V/locapi_rpc_glue( 1592): +loc_api_callback_process_sync_call
01-19 21:28:52.852 V/locapi_rpc_glue( 1592): -loc_api_callback_process_sync_call, no sync call in use
01-19 21:28:52.852 D/RPC     ( 1592): written RPC packet size: [28]
01-19 21:28:52.862 D/RPC     ( 1592): read RPC packet
01-19 21:28:52.862 D/RPC     ( 1592): read RPC packet size: [272]
01-19 21:28:52.862 V/locapi_rpc_glue( 1592): Callback received: 4 (cb_id=0x6380000 handle=1)
01-19 21:28:52.862 V/locapi_rpc_glue( 1592): +loc_api_callback_process_sync_call
01-19 21:28:52.862 V/locapi_rpc_glue( 1592): -loc_api_callback_process_sync_call, no sync call in use
01-19 21:28:52.862 D/RPC     ( 1592): written RPC packet size: [28]
01-19 21:28:52.872 D/RPC     ( 1592): read RPC packet
01-19 21:28:52.872 D/RPC     ( 1592): read RPC packet size: [272]
01-19 21:28:52.872 V/locapi_rpc_glue( 1592): Callback received: 4 (cb_id=0x6380000 handle=1)
01-19 21:28:52.872 V/locapi_rpc_glue( 1592): +loc_api_callback_process_sync_call
01-19 21:28:52.872 V/locapi_rpc_glue( 1592): -loc_api_callback_process_sync_call, no sync call in use
01-19 21:28:52.872 D/RPC     ( 1592): written RPC packet size: [28]
01-19 21:28:52.872 D/RPC     ( 1592): read RPC packet
01-19 21:28:52.872 D/RPC     ( 1592): read RPC packet size: [96]
01-19 21:28:52.872 V/locapi_rpc_glue( 1592): Callback received: 2 (cb_id=0x6380000 handle=1)
01-19 21:28:52.872 V/locapi_rpc_glue( 1592): +loc_api_callback_process_sync_call
01-19 21:28:52.872 V/locapi_rpc_glue( 1592): -loc_api_callback_process_sync_call, no sync call in use
01-19 21:28:52.882 D/lib_locapi( 1592): loc_eng_report_sv: valid_mask = 0x30, num of sv = 0
01-19 21:28:52.882 D/GpsLocationProvider( 1592): reportSvStatus
01-19 21:28:52.882 V/GpsLocationProvider( 1592): SV count: 0 ephemerisMask: 0 almanacMask: 0
01-19 21:28:52.882 D/RPC     ( 1592): written RPC packet size: [28]
01-19 21:28:52.882 D/RPC     ( 1592): read RPC packet
01-19 21:28:52.882 D/RPC     ( 1592): read RPC packet size: [272]
01-19 21:28:52.882 V/locapi_rpc_glue( 1592): Callback received: 4 (cb_id=0x6380000 handle=1)
01-19 21:28:52.882 V/locapi_rpc_glue( 1592): +loc_api_callback_process_sync_call
01-19 21:28:52.882 V/locapi_rpc_glue( 1592): -loc_api_callback_process_sync_call, no sync call in use
01-19 21:28:52.882 D/RPC     ( 1592): written RPC packet size: [28]
01-19 21:28:52.892 D/RPC     ( 1592): read RPC packet
01-19 21:28:52.892 D/RPC     ( 1592): read RPC packet size: [272]
01-19 21:28:52.892 V/locapi_rpc_glue( 1592): Callback received: 4 (cb_id=0x6380000 handle=1)
01-19 21:28:52.892 V/locapi_rpc_glue( 1592): +loc_api_callback_process_sync_call
01-19 21:28:52.892 V/locapi_rpc_glue( 1592): -loc_api_callback_process_sync_call, no sync call in use
01-19 21:28:52.892 D/RPC     ( 1592): written RPC packet size: [28]
01-19 21:28:52.892 D/RPC     ( 1592): read RPC packet
01-19 21:28:52.892 D/RPC     ( 1592): read RPC packet size: [272]
01-19 21:28:52.892 V/locapi_rpc_glue( 1592): Callback received: 4 (cb_id=0x6380000 handle=1)
01-19 21:28:52.892 V/locapi_rpc_glue( 1592): +loc_api_callback_process_sync_call
01-19 21:28:52.892 V/locapi_rpc_glue( 1592): -loc_api_callback_process_sync_call, no sync call in use
01-19 21:28:52.902 D/RPC     ( 1592): written RPC packet size: [28]
01-19 21:28:52.902 D/RPC     ( 1592): read RPC packet
01-19 21:28:52.902 D/RPC     ( 1592): read RPC packet size: [272]
01-19 21:28:52.902 V/locapi_rpc_glue( 1592): Callback received: 4 (cb_id=0x6380000 handle=1)
01-19 21:28:52.902 V/locapi_rpc_glue( 1592): +loc_api_callback_process_sync_call
01-19 21:28:52.902 V/locapi_rpc_glue( 1592): -loc_api_callback_process_sync_call, no sync call in use
01-19 21:28:52.902 D/RPC     ( 1592): written RPC packet size: [28]
01-19 21:28:53.222 D/RPC     ( 1592): read RPC packet
01-19 21:28:53.222 D/RPC     ( 1592): read RPC packet size: [208]
01-19 21:28:53.222 V/locapi_rpc_glue( 1592): Callback received: 1 (cb_id=0x6380000 handle=1)
01-19 21:28:53.222 V/locapi_rpc_glue( 1592): +loc_api_callback_process_sync_call
01-19 21:28:53.222 V/locapi_rpc_glue( 1592): -loc_api_callback_process_sync_call, no sync call in use
01-19 21:28:53.222 D/lib_locapi( 1592): loc_eng_report_position: valid mask = 0x606d, sess status = 1
01-19 21:28:53.222 D/RPC     ( 1592): written RPC packet size: [28]
01-19 21:28:53.842 D/RPC     ( 1592): read RPC packet
01-19 21:28:53.842 D/RPC     ( 1592): read RPC packet size: [272]
01-19 21:28:53.842 V/locapi_rpc_glue( 1592): Callback received: 4 (cb_id=0x6380000 handle=1)
01-19 21:28:53.842 V/locapi_rpc_glue( 1592): +loc_api_callback_process_sync_call
01-19 21:28:53.842 V/locapi_rpc_glue( 1592): -loc_api_callback_process_sync_call, no sync call in use
01-19 21:28:53.842 I/System.out( 2792): Values: 0.0 0.0
01-19 21:28:53.842 I/System.out( 2792): Time difference in secs is: 30
01-19 21:28:53.853 D/RPC     ( 1592): written RPC packet size: [28]
01-19 21:28:53.853 D/RPC     ( 1592): read RPC packet
01-19 21:28:53.853 D/RPC     ( 1592): read RPC packet size: [272]
01-19 21:28:53.853 V/locapi_rpc_glue( 1592): Callback received: 4 (cb_id=0x6380000 handle=1)
01-19 21:28:53.853 V/locapi_rpc_glue( 1592): +loc_api_callback_process_sync_call
01-19 21:28:53.853 V/locapi_rpc_glue( 1592): -loc_api_callback_process_sync_call, no sync call in use
01-19 21:28:53.863 D/RPC     ( 1592): written RPC packet size: [28]
01-19 21:28:53.863 D/RPC     ( 1592): read RPC packet
01-19 21:28:53.863 D/RPC     ( 1592): read RPC packet size: [272]
01-19 21:28:53.863 V/locapi_rpc_glue( 1592): Callback received: 4 (cb_id=0x6380000 handle=1)
01-19 21:28:53.863 V/locapi_rpc_glue( 1592): +loc_api_callback_process_sync_call
01-19 21:28:53.863 V/locapi_rpc_glue( 1592): -loc_api_callback_process_sync_call, no sync call in use
01-19 21:28:53.863 D/RPC     ( 1592): written RPC packet size: [28]
01-19 21:28:53.873 D/RPC     ( 1592): read RPC packet
01-19 21:28:53.873 D/RPC     ( 1592): read RPC packet size: [272]
01-19 21:28:53.873 V/locapi_rpc_glue( 1592): Callback received: 4 (cb_id=0x6380000 handle=1)
01-19 21:28:53.873 V/locapi_rpc_glue( 1592): +loc_api_callback_process_sync_call
01-19 21:28:53.873 V/locapi_rpc_glue( 1592): -loc_api_callback_process_sync_call, no sync call in use
01-19 21:28:53.873 D/RPC     ( 1592): written RPC packet size: [28]
01-19 21:28:53.873 D/RPC     ( 1592): read RPC packet
01-19 21:28:53.873 D/RPC     ( 1592): read RPC packet size: [96]
01-19 21:28:53.873 V/locapi_rpc_glue( 1592): Callback received: 2 (cb_id=0x6380000 handle=1)
01-19 21:28:53.873 V/locapi_rpc_glue( 1592): +loc_api_callback_process_sync_call
01-19 21:28:53.883 V/locapi_rpc_glue( 1592): -loc_api_callback_process_sync_call, no sync call in use
01-19 21:28:53.883 D/lib_locapi( 1592): loc_eng_report_sv: valid_mask = 0x30, num of sv = 0
01-19 21:28:53.883 D/GpsLocationProvider( 1592): reportSvStatus
01-19 21:28:53.883 V/GpsLocationProvider( 1592): SV count: 0 ephemerisMask: 0 almanacMask: 0
01-19 21:28:53.883 D/RPC     ( 1592): written RPC packet size: [28]
01-19 21:28:53.883 D/RPC     ( 1592): read RPC packet
01-19 21:28:53.883 D/RPC     ( 1592): read RPC packet size: [272]
01-19 21:28:53.883 V/locapi_rpc_glue( 1592): Callback received: 4 (cb_id=0x6380000 handle=1)
01-19 21:28:53.883 V/locapi_rpc_glue( 1592): +loc_api_callback_process_sync_call
01-19 21:28:53.883 V/locapi_rpc_glue( 1592): -loc_api_callback_process_sync_call, no sync call in use
01-19 21:28:53.893 D/RPC     ( 1592): written RPC packet size: [28]
01-19 21:28:53.893 D/RPC     ( 1592): read RPC packet
01-19 21:28:53.893 D/RPC     ( 1592): read RPC packet size: [272]
01-19 21:28:53.893 V/locapi_rpc_glue( 1592): Callback received: 4 (cb_id=0x6380000 handle=1)
01-19 21:28:53.893 V/locapi_rpc_glue( 1592): +loc_api_callback_process_sync_call
01-19 21:28:53.893 V/locapi_rpc_glue( 1592): -loc_api_callback_process_sync_call, no sync call in use
01-19 21:28:53.893 D/RPC     ( 1592): written RPC packet size: [28]
01-19 21:28:53.893 D/RPC     ( 1592): read RPC packet
01-19 21:28:53.893 D/RPC     ( 1592): read RPC packet size: [272]
01-19 21:28:53.903 V/locapi_rpc_glue( 1592): Callback received: 4 (cb_id=0x6380000 handle=1)
01-19 21:28:53.903 V/locapi_rpc_glue( 1592): +loc_api_callback_process_sync_call
01-19 21:28:53.903 V/locapi_rpc_glue( 1592): -loc_api_callback_process_sync_call, no sync call in use
01-19 21:28:53.903 D/RPC     ( 1592): written RPC packet size: [28]
01-19 21:28:53.903 D/RPC     ( 1592): read RPC packet
01-19 21:28:53.903 D/RPC     ( 1592): read RPC packet size: [272]
01-19 21:28:53.903 V/locapi_rpc_glue( 1592): Callback received: 4 (cb_id=0x6380000 handle=1)
01-19 21:28:53.903 V/locapi_rpc_glue( 1592): +loc_api_callback_process_sync_call
01-19 21:28:53.903 V/locapi_rpc_glue( 1592): -loc_api_callback_process_sync_call, no sync call in use
01-19 21:28:53.913 D/RPC     ( 1592): written RPC packet size: [28]
01-19 21:28:54.223 D/RPC     ( 1592): read RPC packet
01-19 21:28:54.223 D/RPC     ( 1592): read RPC packet size: [208]
01-19 21:28:54.223 V/locapi_rpc_glue( 1592): Callback received: 1 (cb_id=0x6380000 handle=1)
01-19 21:28:54.223 V/locapi_rpc_glue( 1592): +loc_api_callback_process_sync_call
01-19 21:28:54.223 V/locapi_rpc_glue( 1592): -loc_api_callback_process_sync_call, no sync call in use
01-19 21:28:54.223 D/lib_locapi( 1592): loc_eng_report_position: valid mask = 0x606d, sess status = 1
01-19 21:28:54.223 D/RPC     ( 1592): written RPC packet size: [28]
01-19 21:28:54.833 D/RPC     ( 1592): read RPC packet
01-19 21:28:54.833 D/RPC     ( 1592): read RPC packet size: [272]
01-19 21:28:54.833 V/locapi_rpc_glue( 1592): Callback received: 4 (cb_id=0x6380000 handle=1)
01-19 21:28:54.833 V/locapi_rpc_glue( 1592): +loc_api_callback_process_sync_call
01-19 21:28:54.833 V/locapi_rpc_glue( 1592): -loc_api_callback_process_sync_call, no sync call in use
01-19 21:28:54.833 D/RPC     ( 1592): written RPC packet size: [28]
01-19 21:28:54.833 I/System.out( 2792): Values: 0.0 0.0
01-19 21:28:54.843 I/System.out( 2792): Time difference in secs is: 30
01-19 21:28:54.853 D/RPC     ( 1592): read RPC packet
01-19 21:28:54.853 D/RPC     ( 1592): read RPC packet size: [272]
01-19 21:28:54.853 V/locapi_rpc_glue( 1592): Callback received: 4 (cb_id=0x6380000 handle=1)
01-19 21:28:54.853 V/locapi_rpc_glue( 1592): +loc_api_callback_process_sync_call
01-19 21:28:54.853 V/locapi_rpc_glue( 1592): -loc_api_callback_process_sync_call, no sync call in use
01-19 21:28:54.853 D/RPC     ( 1592): written RPC packet size: [28]
01-19 21:28:54.863 D/RPC     ( 1592): read RPC packet
01-19 21:28:54.863 D/RPC     ( 1592): read RPC packet size: [272]
01-19 21:28:54.863 V/locapi_rpc_glue( 1592): Callback received: 4 (cb_id=0x6380000 handle=1)
01-19 21:28:54.863 V/locapi_rpc_glue( 1592): +loc_api_callback_process_sync_call
01-19 21:28:54.863 V/locapi_rpc_glue( 1592): -loc_api_callback_process_sync_call, no sync call in use
01-19 21:28:54.863 D/RPC     ( 1592): written RPC packet size: [28]
01-19 21:28:54.874 D/RPC     ( 1592): read RPC packet
01-19 21:28:54.874 D/RPC     ( 1592): read RPC packet size: [272]
01-19 21:28:54.874 V/locapi_rpc_glue( 1592): Callback received: 4 (cb_id=0x6380000 handle=1)
01-19 21:28:54.874 V/locapi_rpc_glue( 1592): +loc_api_callback_process_sync_call
01-19 21:28:54.874 V/locapi_rpc_glue( 1592): -loc_api_callback_process_sync_call, no sync call in use
01-19 21:28:54.874 D/RPC     ( 1592): written RPC packet size: [28]
01-19 21:28:54.874 D/RPC     ( 1592): read RPC packet
01-19 21:28:54.874 D/RPC     ( 1592): read RPC packet size: [96]
01-19 21:28:54.874 V/locapi_rpc_glue( 1592): Callback received: 2 (cb_id=0x6380000 handle=1)
01-19 21:28:54.884 V/locapi_rpc_glue( 1592): +loc_api_callback_process_sync_call
01-19 21:28:54.884 V/locapi_rpc_glue( 1592): -loc_api_callback_process_sync_call, no sync call in use
01-19 21:28:54.884 D/lib_locapi( 1592): loc_eng_report_sv: valid_mask = 0x30, num of sv = 0
01-19 21:28:54.884 D/GpsLocationProvider( 1592): reportSvStatus
01-19 21:28:54.884 V/GpsLocationProvider( 1592): SV count: 0 ephemerisMask: 0 almanacMask: 0
01-19 21:28:54.884 D/RPC     ( 1592): written RPC packet size: [28]
01-19 21:28:54.884 D/RPC     ( 1592): read RPC packet
01-19 21:28:54.884 D/RPC     ( 1592): read RPC packet size: [272]
01-19 21:28:54.884 V/locapi_rpc_glue( 1592): Callback received: 4 (cb_id=0x6380000 handle=1)
01-19 21:28:54.884 V/locapi_rpc_glue( 1592): +loc_api_callback_process_sync_call
01-19 21:28:54.884 V/locapi_rpc_glue( 1592): -loc_api_callback_process_sync_call, no sync call in use
01-19 21:28:54.894 D/RPC     ( 1592): written RPC packet size: [28]
01-19 21:28:54.894 D/RPC     ( 1592): read RPC packet
01-19 21:28:54.894 D/RPC     ( 1592): read RPC packet size: [272]
01-19 21:28:54.894 V/locapi_rpc_glue( 1592): Callback received: 4 (cb_id=0x6380000 handle=1)
01-19 21:28:54.894 V/locapi_rpc_glue( 1592): +loc_api_callback_process_sync_call
01-19 21:28:54.894 V/locapi_rpc_glue( 1592): -loc_api_callback_process_sync_call, no sync call in use
01-19 21:28:54.894 D/RPC     ( 1592): written RPC packet size: [28]
01-19 21:28:54.894 D/RPC     ( 1592): read RPC packet
01-19 21:28:54.904 D/RPC     ( 1592): read RPC packet size: [272]
01-19 21:28:54.904 V/locapi_rpc_glue( 1592): Callback received: 4 (cb_id=0x6380000 handle=1)
01-19 21:28:54.904 V/locapi_rpc_glue( 1592): +loc_api_callback_process_sync_call
01-19 21:28:54.904 V/locapi_rpc_glue( 1592): -loc_api_callback_process_sync_call, no sync call in use
01-19 21:28:54.904 D/RPC     ( 1592): written RPC packet size: [28]
01-19 21:28:54.904 D/RPC     ( 1592): read RPC packet
01-19 21:28:54.904 D/RPC     ( 1592): read RPC packet size: [272]
01-19 21:28:54.904 V/locapi_rpc_glue( 1592): Callback received: 4 (cb_id=0x6380000 handle=1)
01-19 21:28:54.904 V/locapi_rpc_glue( 1592): +loc_api_callback_process_sync_call
01-19 21:28:54.904 V/locapi_rpc_glue( 1592): -loc_api_callback_process_sync_call, no sync call in use
01-19 21:28:54.914 D/RPC     ( 1592): written RPC packet size: [28]
01-19 21:28:55.224 D/RPC     ( 1592): read RPC packet
01-19 21:28:55.224 D/RPC     ( 1592): read RPC packet size: [208]
01-19 21:28:55.224 V/locapi_rpc_glue( 1592): Callback received: 1 (cb_id=0x6380000 handle=1)
01-19 21:28:55.224 V/locapi_rpc_glue( 1592): +loc_api_callback_process_sync_call
01-19 21:28:55.224 V/locapi_rpc_glue( 1592): -loc_api_callback_process_sync_call, no sync call in use
01-19 21:28:55.224 D/lib_locapi( 1592): loc_eng_report_position: valid mask = 0x606d, sess status = 1
01-19 21:28:55.224 D/RPC     ( 1592): written RPC packet size: [28]
01-19 21:28:55.844 D/RPC     ( 1592): read RPC packet
01-19 21:28:55.844 D/RPC     ( 1592): read RPC packet size: [272]
01-19 21:28:55.844 I/System.out( 2792): Values: 0.0 0.0
01-19 21:28:55.844 I/System.out( 2792): Time difference in secs is: 30
01-19 21:28:55.854 V/locapi_rpc_glue( 1592): Callback received: 4 (cb_id=0x6380000 handle=1)
01-19 21:28:55.854 V/locapi_rpc_glue( 1592): +loc_api_callback_process_sync_call
01-19 21:28:55.854 V/locapi_rpc_glue( 1592): -loc_api_callback_process_sync_call, no sync call in use
01-19 21:28:55.854 D/RPC     ( 1592): written RPC packet size: [28]
01-19 21:28:55.854 D/RPC     ( 1592): read RPC packet
01-19 21:28:55.864 D/RPC     ( 1592): read RPC packet size: [272]
01-19 21:28:55.874 V/locapi_rpc_glue( 1592): Callback received: 4 (cb_id=0x6380000 handle=1)
01-19 21:28:55.884 V/locapi_rpc_glue( 1592): +loc_api_callback_process_sync_call
01-19 21:28:55.884 V/locapi_rpc_glue( 1592): -loc_api_callback_process_sync_call, no sync call in use
01-19 21:28:55.884 D/RPC     ( 1592): written RPC packet size: [28]
01-19 21:28:55.894 D/RPC     ( 1592): read RPC packet
01-19 21:28:55.894 D/RPC     ( 1592): read RPC packet size: [272]
01-19 21:28:55.905 V/locapi_rpc_glue( 1592): Callback received: 4 (cb_id=0x6380000 handle=1)
01-19 21:28:55.905 V/locapi_rpc_glue( 1592): +loc_api_callback_process_sync_call
01-19 21:28:55.905 V/locapi_rpc_glue( 1592): -loc_api_callback_process_sync_call, no sync call in use
01-19 21:28:55.905 D/RPC     ( 1592): written RPC packet size: [28]
01-19 21:28:55.905 D/RPC     ( 1592): read RPC packet
01-19 21:28:55.905 D/RPC     ( 1592): read RPC packet size: [272]
01-19 21:28:55.905 V/locapi_rpc_glue( 1592): Callback received: 4 (cb_id=0x6380000 handle=1)
01-19 21:28:55.905 V/locapi_rpc_glue( 1592): +loc_api_callback_process_sync_call
01-19 21:28:55.905 V/locapi_rpc_glue( 1592): -loc_api_callback_process_sync_call, no sync call in use
01-19 21:28:55.905 D/RPC     ( 1592): written RPC packet size: [28]
01-19 21:28:55.905 D/RPC     ( 1592): read RPC packet
01-19 21:28:55.905 D/RPC     ( 1592): read RPC packet size: [96]
01-19 21:28:55.905 V/locapi_rpc_glue( 1592): Callback received: 2 (cb_id=0x6380000 handle=1)
01-19 21:28:55.905 V/locapi_rpc_glue( 1592): +loc_api_callback_process_sync_call
01-19 21:28:55.905 V/locapi_rpc_glue( 1592): -loc_api_callback_process_sync_call, no sync call in use
01-19 21:28:55.905 D/lib_locapi( 1592): loc_eng_report_sv: valid_mask = 0x30, num of sv = 0
01-19 21:28:55.905 D/GpsLocationProvider( 1592): reportSvStatus
01-19 21:28:55.905 V/GpsLocationProvider( 1592): SV count: 0 ephemerisMask: 0 almanacMask: 0
01-19 21:28:55.905 D/RPC     ( 1592): written RPC packet size: [28]
01-19 21:28:55.905 D/RPC     ( 1592): read RPC packet
01-19 21:28:55.905 D/RPC     ( 1592): read RPC packet size: [272]
01-19 21:28:55.915 V/locapi_rpc_glue( 1592): Callback received: 4 (cb_id=0x6380000 handle=1)
01-19 21:28:55.915 V/locapi_rpc_glue( 1592): +loc_api_callback_process_sync_call
01-19 21:28:55.915 V/locapi_rpc_glue( 1592): -loc_api_callback_process_sync_call, no sync call in use
01-19 21:28:55.915 D/RPC     ( 1592): written RPC packet size: [28]
01-19 21:28:55.915 D/RPC     ( 1592): read RPC packet
01-19 21:28:55.915 D/RPC     ( 1592): read RPC packet size: [272]
01-19 21:28:55.915 V/locapi_rpc_glue( 1592): Callback received: 4 (cb_id=0x6380000 handle=1)
01-19 21:28:55.915 V/locapi_rpc_glue( 1592): +loc_api_callback_process_sync_call
01-19 21:28:55.915 V/locapi_rpc_glue( 1592): -loc_api_callback_process_sync_call, no sync call in use
01-19 21:28:55.915 D/RPC     ( 1592): written RPC packet size: [28]
01-19 21:28:55.915 D/RPC     ( 1592): read RPC packet
01-19 21:28:55.915 D/RPC     ( 1592): read RPC packet size: [272]
01-19 21:28:55.915 V/locapi_rpc_glue( 1592): Callback received: 4 (cb_id=0x6380000 handle=1)
01-19 21:28:55.915 V/locapi_rpc_glue( 1592): +loc_api_callback_process_sync_call
01-19 21:28:55.915 V/locapi_rpc_glue( 1592): -loc_api_callback_process_sync_call, no sync call in use
01-19 21:28:55.915 D/RPC     ( 1592): written RPC packet size: [28]
01-19 21:28:55.915 D/RPC     ( 1592): read RPC packet
01-19 21:28:55.915 D/RPC     ( 1592): read RPC packet size: [272]
01-19 21:28:55.915 V/locapi_rpc_glue( 1592): Callback received: 4 (cb_id=0x6380000 handle=1)
01-19 21:28:55.915 V/locapi_rpc_glue( 1592): +loc_api_callback_process_sync_call
01-19 21:28:55.915 V/locapi_rpc_glue( 1592): -loc_api_callback_process_sync_call, no sync call in use
01-19 21:28:55.915 D/RPC     ( 1592): written RPC packet size: [28]
01-19 21:28:56.225 D/RPC     ( 1592): read RPC packet
01-19 21:28:56.225 D/RPC     ( 1592): read RPC packet size: [208]
01-19 21:28:56.225 V/locapi_rpc_glue( 1592): Callback received: 1 (cb_id=0x6380000 handle=1)
01-19 21:28:56.225 V/locapi_rpc_glue( 1592): +loc_api_callback_process_sync_call
01-19 21:28:56.225 V/locapi_rpc_glue( 1592): -loc_api_callback_process_sync_call, no sync call in use
01-19 21:28:56.225 D/lib_locapi( 1592): loc_eng_report_position: valid mask = 0x606d, sess status = 1
01-19 21:28:56.225 D/RPC     ( 1592): written RPC packet size: [28]
01-19 21:28:56.835 D/RPC     ( 1592): read RPC packet
01-19 21:28:56.835 D/RPC     ( 1592): read RPC packet size: [272]
01-19 21:28:56.835 V/locapi_rpc_glue( 1592): Callback received: 4 (cb_id=0x6380000 handle=1)
01-19 21:28:56.835 V/locapi_rpc_glue( 1592): +loc_api_callback_process_sync_call
01-19 21:28:56.835 I/System.out( 2792): Values: 0.0 0.0
01-19 21:28:56.845 I/System.out( 2792): Time difference in secs is: 30
01-19 21:28:56.845 V/locapi_rpc_glue( 1592): -loc_api_callback_process_sync_call, no sync call in use
01-19 21:28:56.855 D/RPC     ( 1592): written RPC packet size: [28]
01-19 21:28:56.855 D/RPC     ( 1592): read RPC packet
01-19 21:28:56.865 D/RPC     ( 1592): read RPC packet size: [272]
01-19 21:28:56.865 V/locapi_rpc_glue( 1592): Callback received: 4 (cb_id=0x6380000 handle=1)
01-19 21:28:56.865 V/locapi_rpc_glue( 1592): +loc_api_callback_process_sync_call
01-19 21:28:56.865 V/locapi_rpc_glue( 1592): -loc_api_callback_process_sync_call, no sync call in use
01-19 21:28:56.865 D/RPC     ( 1592): written RPC packet size: [28]
01-19 21:28:56.875 D/RPC     ( 1592): read RPC packet
01-19 21:28:56.875 D/RPC     ( 1592): read RPC packet size: [272]
01-19 21:28:56.875 V/locapi_rpc_glue( 1592): Callback received: 4 (cb_id=0x6380000 handle=1)
01-19 21:28:56.875 V/locapi_rpc_glue( 1592): +loc_api_callback_process_sync_call
01-19 21:28:56.875 V/locapi_rpc_glue( 1592): -loc_api_callback_process_sync_call, no sync call in use
01-19 21:28:56.875 D/RPC     ( 1592): written RPC packet size: [28]
01-19 21:28:56.875 D/RPC     ( 1592): read RPC packet
01-19 21:28:56.875 D/RPC     ( 1592): read RPC packet size: [272]
01-19 21:28:56.885 V/locapi_rpc_glue( 1592): Callback received: 4 (cb_id=0x6380000 handle=1)
01-19 21:28:56.885 V/locapi_rpc_glue( 1592): +loc_api_callback_process_sync_call
01-19 21:28:56.885 V/locapi_rpc_glue( 1592): -loc_api_callback_process_sync_call, no sync call in use
01-19 21:28:56.885 D/RPC     ( 1592): written RPC packet size: [28]
01-19 21:28:56.885 D/RPC     ( 1592): read RPC packet
01-19 21:28:56.885 D/RPC     ( 1592): read RPC packet size: [96]
01-19 21:28:56.885 V/locapi_rpc_glue( 1592): Callback received: 2 (cb_id=0x6380000 handle=1)
01-19 21:28:56.885 V/locapi_rpc_glue( 1592): +loc_api_callback_process_sync_call
01-19 21:28:56.885 V/locapi_rpc_glue( 1592): -loc_api_callback_process_sync_call, no sync call in use
01-19 21:28:56.895 D/lib_locapi( 1592): loc_eng_report_sv: valid_mask = 0x30, num of sv = 0
01-19 21:28:56.895 D/GpsLocationProvider( 1592): reportSvStatus
01-19 21:28:56.895 V/GpsLocationProvider( 1592): SV count: 0 ephemerisMask: 0 almanacMask: 0
01-19 21:28:56.895 D/RPC     ( 1592): written RPC packet size: [28]
01-19 21:28:56.895 D/RPC     ( 1592): read RPC packet
01-19 21:28:56.895 D/RPC     ( 1592): read RPC packet size: [272]
01-19 21:28:56.895 V/locapi_rpc_glue( 1592): Callback received: 4 (cb_id=0x6380000 handle=1)
01-19 21:28:56.895 V/locapi_rpc_glue( 1592): +loc_api_callback_process_sync_call
01-19 21:28:56.895 V/locapi_rpc_glue( 1592): -loc_api_callback_process_sync_call, no sync call in use
01-19 21:28:56.895 D/RPC     ( 1592): written RPC packet size: [28]
01-19 21:28:56.905 D/RPC     ( 1592): read RPC packet
01-19 21:28:56.905 D/RPC     ( 1592): read RPC packet size: [272]
01-19 21:28:56.905 V/locapi_rpc_glue( 1592): Callback received: 4 (cb_id=0x6380000 handle=1)
01-19 21:28:56.905 V/locapi_rpc_glue( 1592): +loc_api_callback_process_sync_call
01-19 21:28:56.905 V/locapi_rpc_glue( 1592): -loc_api_callback_process_sync_call, no sync call in use
01-19 21:28:56.905 D/RPC     ( 1592): written RPC packet size: [28]
01-19 21:28:56.915 D/RPC     ( 1592): read RPC packet
01-19 21:28:56.915 D/RPC     ( 1592): read RPC packet size: [272]
01-19 21:28:56.915 V/locapi_rpc_glue( 1592): Callback received: 4 (cb_id=0x6380000 handle=1)
01-19 21:28:56.915 V/locapi_rpc_glue( 1592): +loc_api_callback_process_sync_call
01-19 21:28:56.915 V/locapi_rpc_glue( 1592): -loc_api_callback_process_sync_call, no sync call in use
01-19 21:28:56.915 D/RPC     ( 1592): written RPC packet size: [28]
01-19 21:28:56.915 D/RPC     ( 1592): read RPC packet
01-19 21:28:56.915 D/RPC     ( 1592): read RPC packet size: [272]
01-19 21:28:56.926 V/locapi_rpc_glue( 1592): Callback received: 4 (cb_id=0x6380000 handle=1)
01-19 21:28:56.926 V/locapi_rpc_glue( 1592): +loc_api_callback_process_sync_call
01-19 21:28:56.926 V/locapi_rpc_glue( 1592): -loc_api_callback_process_sync_call, no sync call in use
01-19 21:28:56.926 D/RPC     ( 1592): written RPC packet size: [28]
01-19 21:28:57.226 D/RPC     ( 1592): read RPC packet
01-19 21:28:57.226 D/RPC     ( 1592): read RPC packet size: [208]
01-19 21:28:57.226 V/locapi_rpc_glue( 1592): Callback received: 1 (cb_id=0x6380000 handle=1)
01-19 21:28:57.226 V/locapi_rpc_glue( 1592): +loc_api_callback_process_sync_call
01-19 21:28:57.226 V/locapi_rpc_glue( 1592): -loc_api_callback_process_sync_call, no sync call in use
01-19 21:28:57.226 D/lib_locapi( 1592): loc_eng_report_position: valid mask = 0x606d, sess status = 1
01-19 21:28:57.226 D/RPC     ( 1592): written RPC packet size: [28]
01-19 21:28:57.836 D/RPC     ( 1592): read RPC packet
01-19 21:28:57.836 D/RPC     ( 1592): read RPC packet size: [272]
01-19 21:28:57.836 V/locapi_rpc_glue( 1592): Callback received: 4 (cb_id=0x6380000 handle=1)
01-19 21:28:57.836 V/locapi_rpc_glue( 1592): +loc_api_callback_process_sync_call
01-19 21:28:57.836 V/locapi_rpc_glue( 1592): -loc_api_callback_process_sync_call, no sync call in use
01-19 21:28:57.836 I/System.out( 2792): Values: 0.0 0.0
01-19 21:28:57.846 I/System.out( 2792): Time difference in secs is: 30
01-19 21:28:57.856 D/RPC     ( 1592): written RPC packet size: [28]
01-19 21:28:57.856 D/RPC     ( 1592): read RPC packet
01-19 21:28:57.856 D/RPC     ( 1592): read RPC packet size: [272]
01-19 21:28:57.856 V/locapi_rpc_glue( 1592): Callback received: 4 (cb_id=0x6380000 handle=1)
01-19 21:28:57.856 V/locapi_rpc_glue( 1592): +loc_api_callback_process_sync_call
01-19 21:28:57.866 V/locapi_rpc_glue( 1592): -loc_api_callback_process_sync_call, no sync call in use
01-19 21:28:57.866 D/RPC     ( 1592): written RPC packet size: [28]
01-19 21:28:57.866 D/RPC     ( 1592): read RPC packet
01-19 21:28:57.866 D/RPC     ( 1592): read RPC packet size: [272]
01-19 21:28:57.866 V/locapi_rpc_glue( 1592): Callback received: 4 (cb_id=0x6380000 handle=1)
01-19 21:28:57.866 V/locapi_rpc_glue( 1592): +loc_api_callback_process_sync_call
01-19 21:28:57.866 V/locapi_rpc_glue( 1592): -loc_api_callback_process_sync_call, no sync call in use
01-19 21:28:57.876 D/RPC     ( 1592): written RPC packet size: [28]
01-19 21:28:57.876 D/RPC     ( 1592): read RPC packet
01-19 21:28:57.876 D/RPC     ( 1592): read RPC packet size: [272]
01-19 21:28:57.876 V/locapi_rpc_glue( 1592): Callback received: 4 (cb_id=0x6380000 handle=1)
01-19 21:28:57.876 V/locapi_rpc_glue( 1592): +loc_api_callback_process_sync_call
01-19 21:28:57.876 V/locapi_rpc_glue( 1592): -loc_api_callback_process_sync_call, no sync call in use
01-19 21:28:57.876 D/RPC     ( 1592): written RPC packet size: [28]
01-19 21:28:57.886 D/RPC     ( 1592): read RPC packet
01-19 21:28:57.886 D/RPC     ( 1592): read RPC packet size: [96]
01-19 21:28:57.886 V/locapi_rpc_glue( 1592): Callback received: 2 (cb_id=0x6380000 handle=1)
01-19 21:28:57.886 V/locapi_rpc_glue( 1592): +loc_api_callback_process_sync_call
01-19 21:28:57.886 V/locapi_rpc_glue( 1592): -loc_api_callback_process_sync_call, no sync call in use
01-19 21:28:57.886 D/lib_locapi( 1592): loc_eng_report_sv: valid_mask = 0x30, num of sv = 0
01-19 21:28:57.886 D/GpsLocationProvider( 1592): reportSvStatus
01-19 21:28:57.886 V/GpsLocationProvider( 1592): SV count: 0 ephemerisMask: 0 almanacMask: 0
01-19 21:28:57.886 D/RPC     ( 1592): written RPC packet size: [28]
01-19 21:28:57.896 D/RPC     ( 1592): read RPC packet
01-19 21:28:57.896 D/RPC     ( 1592): read RPC packet size: [272]
01-19 21:28:57.896 V/locapi_rpc_glue( 1592): Callback received: 4 (cb_id=0x6380000 handle=1)
