01-19 21:28:38.888 V/locapi_rpc_glue( 1592): Callback received: 4 (cb_id=0x6380000 handle=1)
01-19 21:28:38.888 V/locapi_rpc_glue( 1592): +loc_api_callback_process_sync_call
01-19 21:28:38.888 V/locapi_rpc_glue( 1592): -loc_api_callback_process_sync_call, no sync call in use
01-19 21:28:38.888 D/RPC     ( 1592): written RPC packet size: [28]
01-19 21:28:38.898 D/RPC     ( 1592): read RPC packet
01-19 21:28:38.898 D/RPC     ( 1592): read RPC packet size: [272]
01-19 21:28:38.898 V/locapi_rpc_glue( 1592): Callback received: 4 (cb_id=0x6380000 handle=1)
01-19 21:28:38.898 V/locapi_rpc_glue( 1592): +loc_api_callback_process_sync_call
01-19 21:28:38.898 V/locapi_rpc_glue( 1592): -loc_api_callback_process_sync_call, no sync call in use
01-19 21:28:38.898 D/RPC     ( 1592): written RPC packet size: [28]
01-19 21:28:38.898 D/RPC     ( 1592): read RPC packet
01-19 21:28:38.908 D/RPC     ( 1592): read RPC packet size: [96]
01-19 21:28:38.908 V/locapi_rpc_glue( 1592): Callback received: 2 (cb_id=0x6380000 handle=1)
01-19 21:28:38.908 V/locapi_rpc_glue( 1592): +loc_api_callback_process_sync_call
01-19 21:28:38.908 V/locapi_rpc_glue( 1592): -loc_api_callback_process_sync_call, no sync call in use
01-19 21:28:38.908 D/lib_locapi( 1592): loc_eng_report_sv: valid_mask = 0x30, num of sv = 0
01-19 21:28:38.908 D/GpsLocationProvider( 1592): reportSvStatus
01-19 21:28:38.908 V/GpsLocationProvider( 1592): SV count: 0 ephemerisMask: 0 almanacMask: 0
01-19 21:28:38.908 D/RPC     ( 1592): written RPC packet size: [28]
01-19 21:28:38.918 D/RPC     ( 1592): read RPC packet
01-19 21:28:38.918 D/RPC     ( 1592): read RPC packet size: [272]
01-19 21:28:38.918 V/locapi_rpc_glue( 1592): Callback received: 4 (cb_id=0x6380000 handle=1)
01-19 21:28:38.918 V/locapi_rpc_glue( 1592): +loc_api_callback_process_sync_call
01-19 21:28:38.918 V/locapi_rpc_glue( 1592): -loc_api_callback_process_sync_call, no sync call in use
01-19 21:28:38.918 D/RPC     ( 1592): written RPC packet size: [28]
01-19 21:28:38.918 D/RPC     ( 1592): read RPC packet
01-19 21:28:38.928 D/RPC     ( 1592): read RPC packet size: [272]
01-19 21:28:38.928 V/locapi_rpc_glue( 1592): Callback received: 4 (cb_id=0x6380000 handle=1)
01-19 21:28:38.928 V/locapi_rpc_glue( 1592): +loc_api_callback_process_sync_call
01-19 21:28:38.928 V/locapi_rpc_glue( 1592): -loc_api_callback_process_sync_call, no sync call in use
01-19 21:28:38.928 D/RPC     ( 1592): written RPC packet size: [28]
01-19 21:28:38.928 D/RPC     ( 1592): read RPC packet
01-19 21:28:38.938 D/RPC     ( 1592): read RPC packet size: [272]
01-19 21:28:38.938 V/locapi_rpc_glue( 1592): Callback received: 4 (cb_id=0x6380000 handle=1)
01-19 21:28:38.938 V/locapi_rpc_glue( 1592): +loc_api_callback_process_sync_call
01-19 21:28:38.938 V/locapi_rpc_glue( 1592): -loc_api_callback_process_sync_call, no sync call in use
01-19 21:28:38.938 D/RPC     ( 1592): written RPC packet size: [28]
01-19 21:28:38.938 D/RPC     ( 1592): read RPC packet
01-19 21:28:38.948 D/RPC     ( 1592): read RPC packet size: [272]
01-19 21:28:38.948 V/locapi_rpc_glue( 1592): Callback received: 4 (cb_id=0x6380000 handle=1)
01-19 21:28:38.948 V/locapi_rpc_glue( 1592): +loc_api_callback_process_sync_call
01-19 21:28:38.948 V/locapi_rpc_glue( 1592): -loc_api_callback_process_sync_call, no sync call in use
01-19 21:28:38.948 D/RPC     ( 1592): written RPC packet size: [28]
01-19 21:28:39.208 D/RPC     ( 1592): read RPC packet
01-19 21:28:39.208 D/RPC     ( 1592): read RPC packet size: [208]
01-19 21:28:39.208 V/locapi_rpc_glue( 1592): Callback received: 1 (cb_id=0x6380000 handle=1)
01-19 21:28:39.218 V/locapi_rpc_glue( 1592): +loc_api_callback_process_sync_call
01-19 21:28:39.218 V/locapi_rpc_glue( 1592): -loc_api_callback_process_sync_call, no sync call in use
01-19 21:28:39.218 D/lib_locapi( 1592): loc_eng_report_position: valid mask = 0x606d, sess status = 1
01-19 21:28:39.218 D/RPC     ( 1592): written RPC packet size: [28]
01-19 21:28:39.829 I/System.out( 2792): Values: 0.0 0.0
01-19 21:28:39.839 I/System.out( 2792): Time difference in secs is: 30
01-19 21:28:39.839 D/RPC     ( 1592): read RPC packet
01-19 21:28:39.849 D/RPC     ( 1592): read RPC packet size: [272]
01-19 21:28:39.849 V/locapi_rpc_glue( 1592): Callback received: 4 (cb_id=0x6380000 handle=1)
01-19 21:28:39.859 V/locapi_rpc_glue( 1592): +loc_api_callback_process_sync_call
01-19 21:28:39.859 V/locapi_rpc_glue( 1592): -loc_api_callback_process_sync_call, no sync call in use
01-19 21:28:39.869 D/RPC     ( 1592): written RPC packet size: [28]
01-19 21:28:39.869 D/RPC     ( 1592): read RPC packet
01-19 21:28:39.869 D/RPC     ( 1592): read RPC packet size: [272]
01-19 21:28:39.879 V/locapi_rpc_glue( 1592): Callback received: 4 (cb_id=0x6380000 handle=1)
01-19 21:28:39.879 V/locapi_rpc_glue( 1592): +loc_api_callback_process_sync_call
01-19 21:28:39.879 V/locapi_rpc_glue( 1592): -loc_api_callback_process_sync_call, no sync call in use
01-19 21:28:39.879 D/RPC     ( 1592): written RPC packet size: [28]
01-19 21:28:39.889 D/RPC     ( 1592): read RPC packet
01-19 21:28:39.889 D/RPC     ( 1592): read RPC packet size: [272]
01-19 21:28:39.889 V/locapi_rpc_glue( 1592): Callback received: 4 (cb_id=0x6380000 handle=1)
01-19 21:28:39.889 V/locapi_rpc_glue( 1592): +loc_api_callback_process_sync_call
01-19 21:28:39.889 V/locapi_rpc_glue( 1592): -loc_api_callback_process_sync_call, no sync call in use
01-19 21:28:39.889 D/RPC     ( 1592): written RPC packet size: [28]
01-19 21:28:39.899 D/RPC     ( 1592): read RPC packet
01-19 21:28:39.899 D/RPC     ( 1592): read RPC packet size: [272]
01-19 21:28:39.899 V/locapi_rpc_glue( 1592): Callback received: 4 (cb_id=0x6380000 handle=1)
01-19 21:28:39.899 V/locapi_rpc_glue( 1592): +loc_api_callback_process_sync_call
01-19 21:28:39.899 V/locapi_rpc_glue( 1592): -loc_api_callback_process_sync_call, no sync call in use
01-19 21:28:39.899 D/RPC     ( 1592): written RPC packet size: [28]
01-19 21:28:39.899 D/RPC     ( 1592): read RPC packet
01-19 21:28:39.909 D/RPC     ( 1592): read RPC packet size: [96]
01-19 21:28:39.909 V/locapi_rpc_glue( 1592): Callback received: 2 (cb_id=0x6380000 handle=1)
01-19 21:28:39.909 V/locapi_rpc_glue( 1592): +loc_api_callback_process_sync_call
01-19 21:28:39.909 V/locapi_rpc_glue( 1592): -loc_api_callback_process_sync_call, no sync call in use
01-19 21:28:39.909 D/lib_locapi( 1592): loc_eng_report_sv: valid_mask = 0x30, num of sv = 0
01-19 21:28:39.909 D/GpsLocationProvider( 1592): reportSvStatus
01-19 21:28:39.909 V/GpsLocationProvider( 1592): SV count: 0 ephemerisMask: 0 almanacMask: 0
01-19 21:28:39.909 D/RPC     ( 1592): written RPC packet size: [28]
01-19 21:28:39.919 D/RPC     ( 1592): read RPC packet
01-19 21:28:39.919 D/RPC     ( 1592): read RPC packet size: [272]
01-19 21:28:39.919 V/locapi_rpc_glue( 1592): Callback received: 4 (cb_id=0x6380000 handle=1)
01-19 21:28:39.919 V/locapi_rpc_glue( 1592): +loc_api_callback_process_sync_call
01-19 21:28:39.919 V/locapi_rpc_glue( 1592): -loc_api_callback_process_sync_call, no sync call in use
01-19 21:28:39.919 D/RPC     ( 1592): written RPC packet size: [28]
01-19 21:28:39.919 D/RPC     ( 1592): read RPC packet
01-19 21:28:39.929 D/RPC     ( 1592): read RPC packet size: [272]
01-19 21:28:39.929 V/locapi_rpc_glue( 1592): Callback received: 4 (cb_id=0x6380000 handle=1)
01-19 21:28:39.929 V/locapi_rpc_glue( 1592): +loc_api_callback_process_sync_call
01-19 21:28:39.929 V/locapi_rpc_glue( 1592): -loc_api_callback_process_sync_call, no sync call in use
01-19 21:28:39.929 D/RPC     ( 1592): written RPC packet size: [28]
01-19 21:28:39.939 D/RPC     ( 1592): read RPC packet
01-19 21:28:39.939 D/RPC     ( 1592): read RPC packet size: [272]
01-19 21:28:39.939 V/locapi_rpc_glue( 1592): Callback received: 4 (cb_id=0x6380000 handle=1)
01-19 21:28:39.939 V/locapi_rpc_glue( 1592): +loc_api_callback_process_sync_call
01-19 21:28:39.939 V/locapi_rpc_glue( 1592): -loc_api_callback_process_sync_call, no sync call in use
01-19 21:28:39.939 D/RPC     ( 1592): written RPC packet size: [28]
01-19 21:28:39.939 D/RPC     ( 1592): read RPC packet
01-19 21:28:39.939 D/RPC     ( 1592): read RPC packet size: [272]
01-19 21:28:39.949 V/locapi_rpc_glue( 1592): Callback received: 4 (cb_id=0x6380000 handle=1)
01-19 21:28:39.949 V/locapi_rpc_glue( 1592): +loc_api_callback_process_sync_call
01-19 21:28:39.949 V/locapi_rpc_glue( 1592): -loc_api_callback_process_sync_call, no sync call in use
01-19 21:28:39.949 D/RPC     ( 1592): written RPC packet size: [28]
01-19 21:28:40.209 D/RPC     ( 1592): read RPC packet
01-19 21:28:40.209 D/RPC     ( 1592): read RPC packet size: [208]
01-19 21:28:40.209 V/locapi_rpc_glue( 1592): Callback received: 1 (cb_id=0x6380000 handle=1)
01-19 21:28:40.219 V/locapi_rpc_glue( 1592): +loc_api_callback_process_sync_call
01-19 21:28:40.219 V/locapi_rpc_glue( 1592): -loc_api_callback_process_sync_call, no sync call in use
01-19 21:28:40.219 D/lib_locapi( 1592): loc_eng_report_position: valid mask = 0x606d, sess status = 1
01-19 21:28:40.219 D/RPC     ( 1592): written RPC packet size: [28]
01-19 21:28:40.830 I/System.out( 2792): Values: 0.0 0.0
01-19 21:28:40.830 I/System.out( 2792): Time difference in secs is: 30
01-19 21:28:40.830 D/RPC     ( 1592): read RPC packet
01-19 21:28:40.840 D/RPC     ( 1592): read RPC packet size: [272]
01-19 21:28:40.840 V/locapi_rpc_glue( 1592): Callback received: 4 (cb_id=0x6380000 handle=1)
01-19 21:28:40.850 V/locapi_rpc_glue( 1592): +loc_api_callback_process_sync_call
01-19 21:28:40.850 V/locapi_rpc_glue( 1592): -loc_api_callback_process_sync_call, no sync call in use
01-19 21:28:40.870 D/RPC     ( 1592): written RPC packet size: [28]
01-19 21:28:40.870 D/RPC     ( 1592): read RPC packet
01-19 21:28:40.880 D/RPC     ( 1592): read RPC packet size: [272]
01-19 21:28:40.880 V/locapi_rpc_glue( 1592): Callback received: 4 (cb_id=0x6380000 handle=1)
01-19 21:28:40.880 V/locapi_rpc_glue( 1592): +loc_api_callback_process_sync_call
01-19 21:28:40.880 V/locapi_rpc_glue( 1592): -loc_api_callback_process_sync_call, no sync call in use
01-19 21:28:40.890 D/RPC     ( 1592): written RPC packet size: [28]
01-19 21:28:40.900 D/RPC     ( 1592): read RPC packet
01-19 21:28:40.900 D/RPC     ( 1592): read RPC packet size: [272]
01-19 21:28:40.900 V/locapi_rpc_glue( 1592): Callback received: 4 (cb_id=0x6380000 handle=1)
01-19 21:28:40.900 V/locapi_rpc_glue( 1592): +loc_api_callback_process_sync_call
01-19 21:28:40.900 V/locapi_rpc_glue( 1592): -loc_api_callback_process_sync_call, no sync call in use
01-19 21:28:40.900 D/RPC     ( 1592): written RPC packet size: [28]
01-19 21:28:40.910 D/RPC     ( 1592): read RPC packet
01-19 21:28:40.910 D/RPC     ( 1592): read RPC packet size: [272]
01-19 21:28:40.910 V/locapi_rpc_glue( 1592): Callback received: 4 (cb_id=0x6380000 handle=1)
01-19 21:28:40.910 V/locapi_rpc_glue( 1592): +loc_api_callback_process_sync_call
01-19 21:28:40.910 V/locapi_rpc_glue( 1592): -loc_api_callback_process_sync_call, no sync call in use
01-19 21:28:40.910 D/RPC     ( 1592): written RPC packet size: [28]
01-19 21:28:40.910 D/RPC     ( 1592): read RPC packet
01-19 21:28:40.920 D/RPC     ( 1592): read RPC packet size: [96]
01-19 21:28:40.920 V/locapi_rpc_glue( 1592): Callback received: 2 (cb_id=0x6380000 handle=1)
01-19 21:28:40.920 V/locapi_rpc_glue( 1592): +loc_api_callback_process_sync_call
01-19 21:28:40.920 V/locapi_rpc_glue( 1592): -loc_api_callback_process_sync_call, no sync call in use
01-19 21:28:40.920 D/lib_locapi( 1592): loc_eng_report_sv: valid_mask = 0x30, num of sv = 0
01-19 21:28:40.920 D/GpsLocationProvider( 1592): reportSvStatus
01-19 21:28:40.920 V/GpsLocationProvider( 1592): SV count: 0 ephemerisMask: 0 almanacMask: 0
01-19 21:28:40.920 D/RPC     ( 1592): written RPC packet size: [28]
01-19 21:28:40.930 D/RPC     ( 1592): read RPC packet
01-19 21:28:40.930 D/RPC     ( 1592): read RPC packet size: [272]
01-19 21:28:40.930 V/locapi_rpc_glue( 1592): Callback received: 4 (cb_id=0x6380000 handle=1)
01-19 21:28:40.930 V/locapi_rpc_glue( 1592): +loc_api_callback_process_sync_call
01-19 21:28:40.930 V/locapi_rpc_glue( 1592): -loc_api_callback_process_sync_call, no sync call in use
01-19 21:28:40.930 D/RPC     ( 1592): written RPC packet size: [28]
01-19 21:28:40.930 D/RPC     ( 1592): read RPC packet
01-19 21:28:40.940 D/RPC     ( 1592): read RPC packet size: [272]
01-19 21:28:40.940 V/locapi_rpc_glue( 1592): Callback received: 4 (cb_id=0x6380000 handle=1)
01-19 21:28:40.940 V/locapi_rpc_glue( 1592): +loc_api_callback_process_sync_call
01-19 21:28:40.940 V/locapi_rpc_glue( 1592): -loc_api_callback_process_sync_call, no sync call in use
01-19 21:28:40.940 D/RPC     ( 1592): written RPC packet size: [28]
01-19 21:28:40.950 D/RPC     ( 1592): read RPC packet
01-19 21:28:40.950 D/RPC     ( 1592): read RPC packet size: [272]
01-19 21:28:40.950 V/locapi_rpc_glue( 1592): Callback received: 4 (cb_id=0x6380000 handle=1)
01-19 21:28:40.950 V/locapi_rpc_glue( 1592): +loc_api_callback_process_sync_call
01-19 21:28:40.950 V/locapi_rpc_glue( 1592): -loc_api_callback_process_sync_call, no sync call in use
01-19 21:28:40.950 D/RPC     ( 1592): written RPC packet size: [28]
01-19 21:28:40.950 D/RPC     ( 1592): read RPC packet
01-19 21:28:40.960 D/RPC     ( 1592): read RPC packet size: [272]
01-19 21:28:40.960 V/locapi_rpc_glue( 1592): Callback received: 4 (cb_id=0x6380000 handle=1)
01-19 21:28:40.960 V/locapi_rpc_glue( 1592): +loc_api_callback_process_sync_call
01-19 21:28:40.960 V/locapi_rpc_glue( 1592): -loc_api_callback_process_sync_call, no sync call in use
01-19 21:28:40.960 D/RPC     ( 1592): written RPC packet size: [28]
01-19 21:28:41.210 D/RPC     ( 1592): read RPC packet
01-19 21:28:41.210 D/RPC     ( 1592): read RPC packet size: [208]
01-19 21:28:41.210 V/locapi_rpc_glue( 1592): Callback received: 1 (cb_id=0x6380000 handle=1)
01-19 21:28:41.210 V/locapi_rpc_glue( 1592): +loc_api_callback_process_sync_call
01-19 21:28:41.210 V/locapi_rpc_glue( 1592): -loc_api_callback_process_sync_call, no sync call in use
01-19 21:28:41.210 D/lib_locapi( 1592): loc_eng_report_position: valid mask = 0x606d, sess status = 1
01-19 21:28:41.220 D/RPC     ( 1592): written RPC packet size: [28]
01-19 21:28:41.831 I/System.out( 2792): Values: 0.0 0.0
01-19 21:28:41.831 I/System.out( 2792): Time difference in secs is: 30
01-19 21:28:41.841 D/RPC     ( 1592): read RPC packet
01-19 21:28:41.841 D/RPC     ( 1592): read RPC packet size: [272]
01-19 21:28:41.851 V/locapi_rpc_glue( 1592): Callback received: 4 (cb_id=0x6380000 handle=1)
01-19 21:28:41.851 V/locapi_rpc_glue( 1592): +loc_api_callback_process_sync_call
01-19 21:28:41.851 V/locapi_rpc_glue( 1592): -loc_api_callback_process_sync_call, no sync call in use
01-19 21:28:41.861 D/RPC     ( 1592): written RPC packet size: [28]
01-19 21:28:41.861 D/RPC     ( 1592): read RPC packet
01-19 21:28:41.861 D/RPC     ( 1592): read RPC packet size: [272]
01-19 21:28:41.871 V/locapi_rpc_glue( 1592): Callback received: 4 (cb_id=0x6380000 handle=1)
01-19 21:28:41.871 V/locapi_rpc_glue( 1592): +loc_api_callback_process_sync_call
01-19 21:28:41.871 V/locapi_rpc_glue( 1592): -loc_api_callback_process_sync_call, no sync call in use
01-19 21:28:41.871 D/RPC     ( 1592): written RPC packet size: [28]
01-19 21:28:41.881 D/RPC     ( 1592): read RPC packet
01-19 21:28:41.881 D/RPC     ( 1592): read RPC packet size: [272]
01-19 21:28:41.881 V/locapi_rpc_glue( 1592): Callback received: 4 (cb_id=0x6380000 handle=1)
01-19 21:28:41.881 V/locapi_rpc_glue( 1592): +loc_api_callback_process_sync_call
01-19 21:28:41.881 V/locapi_rpc_glue( 1592): -loc_api_callback_process_sync_call, no sync call in use
01-19 21:28:41.881 D/RPC     ( 1592): written RPC packet size: [28]
01-19 21:28:41.891 D/RPC     ( 1592): read RPC packet
01-19 21:28:41.891 D/RPC     ( 1592): read RPC packet size: [272]
01-19 21:28:41.891 V/locapi_rpc_glue( 1592): Callback received: 4 (cb_id=0x6380000 handle=1)
01-19 21:28:41.891 V/locapi_rpc_glue( 1592): +loc_api_callback_process_sync_call
01-19 21:28:41.891 V/locapi_rpc_glue( 1592): -loc_api_callback_process_sync_call, no sync call in use
01-19 21:28:41.891 D/RPC     ( 1592): written RPC packet size: [28]
01-19 21:28:41.901 D/RPC     ( 1592): read RPC packet
01-19 21:28:41.901 D/RPC     ( 1592): read RPC packet size: [96]
01-19 21:28:41.901 V/locapi_rpc_glue( 1592): Callback received: 2 (cb_id=0x6380000 handle=1)
01-19 21:28:41.901 V/locapi_rpc_glue( 1592): +loc_api_callback_process_sync_call
01-19 21:28:41.901 V/locapi_rpc_glue( 1592): -loc_api_callback_process_sync_call, no sync call in use
01-19 21:28:41.901 D/lib_locapi( 1592): loc_eng_report_sv: valid_mask = 0x30, num of sv = 0
01-19 21:28:41.901 D/GpsLocationProvider( 1592): reportSvStatus
01-19 21:28:41.901 V/GpsLocationProvider( 1592): SV count: 0 ephemerisMask: 0 almanacMask: 0
01-19 21:28:41.911 D/RPC     ( 1592): written RPC packet size: [28]
01-19 21:28:41.911 D/RPC     ( 1592): read RPC packet
01-19 21:28:41.911 D/RPC     ( 1592): read RPC packet size: [272]
01-19 21:28:41.911 V/locapi_rpc_glue( 1592): Callback received: 4 (cb_id=0x6380000 handle=1)
01-19 21:28:41.911 V/locapi_rpc_glue( 1592): +loc_api_callback_process_sync_call
01-19 21:28:41.911 V/locapi_rpc_glue( 1592): -loc_api_callback_process_sync_call, no sync call in use
01-19 21:28:41.911 D/RPC     ( 1592): written RPC packet size: [28]
01-19 21:28:41.921 D/RPC     ( 1592): read RPC packet
01-19 21:28:41.921 D/RPC     ( 1592): read RPC packet size: [272]
01-19 21:28:41.921 V/locapi_rpc_glue( 1592): Callback received: 4 (cb_id=0x6380000 handle=1)
01-19 21:28:41.921 V/locapi_rpc_glue( 1592): +loc_api_callback_process_sync_call
01-19 21:28:41.921 V/locapi_rpc_glue( 1592): -loc_api_callback_process_sync_call, no sync call in use
01-19 21:28:41.921 D/RPC     ( 1592): written RPC packet size: [28]
01-19 21:28:41.931 D/RPC     ( 1592): read RPC packet
01-19 21:28:41.931 D/RPC     ( 1592): read RPC packet size: [272]
01-19 21:28:41.931 V/locapi_rpc_glue( 1592): Callback received: 4 (cb_id=0x6380000 handle=1)
01-19 21:28:41.931 V/locapi_rpc_glue( 1592): +loc_api_callback_process_sync_call
01-19 21:28:41.931 V/locapi_rpc_glue( 1592): -loc_api_callback_process_sync_call, no sync call in use
01-19 21:28:41.931 D/RPC     ( 1592): written RPC packet size: [28]
01-19 21:28:41.931 D/RPC     ( 1592): read RPC packet
01-19 21:28:41.941 D/RPC     ( 1592): read RPC packet size: [272]
01-19 21:28:41.941 V/locapi_rpc_glue( 1592): Callback received: 4 (cb_id=0x6380000 handle=1)
01-19 21:28:41.941 V/locapi_rpc_glue( 1592): +loc_api_callback_process_sync_call
01-19 21:28:41.941 V/locapi_rpc_glue( 1592): -loc_api_callback_process_sync_call, no sync call in use
01-19 21:28:41.941 D/RPC     ( 1592): written RPC packet size: [28]
01-19 21:28:42.211 D/RPC     ( 1592): read RPC packet
01-19 21:28:42.211 D/RPC     ( 1592): read RPC packet size: [208]
01-19 21:28:42.211 V/locapi_rpc_glue( 1592): Callback received: 1 (cb_id=0x6380000 handle=1)
01-19 21:28:42.211 V/locapi_rpc_glue( 1592): +loc_api_callback_process_sync_call
01-19 21:28:42.211 V/locapi_rpc_glue( 1592): -loc_api_callback_process_sync_call, no sync call in use
01-19 21:28:42.211 D/lib_locapi( 1592): loc_eng_report_position: valid mask = 0x606d, sess status = 1
01-19 21:28:42.221 D/RPC     ( 1592): written RPC packet size: [28]
01-19 21:28:42.832 I/System.out( 2792): Values: 0.0 0.0
01-19 21:28:42.832 I/System.out( 2792): Time difference in secs is: 30
01-19 21:28:42.842 D/RPC     ( 1592): read RPC packet
01-19 21:28:42.842 D/RPC     ( 1592): read RPC packet size: [272]
01-19 21:28:42.852 V/locapi_rpc_glue( 1592): Callback received: 4 (cb_id=0x6380000 handle=1)
01-19 21:28:42.852 V/locapi_rpc_glue( 1592): +loc_api_callback_process_sync_call
01-19 21:28:42.862 V/locapi_rpc_glue( 1592): -loc_api_callback_process_sync_call, no sync call in use
01-19 21:28:42.862 D/RPC     ( 1592): written RPC packet size: [28]
01-19 21:28:42.872 D/RPC     ( 1592): read RPC packet
01-19 21:28:42.872 D/RPC     ( 1592): read RPC packet size: [272]
01-19 21:28:42.872 V/locapi_rpc_glue( 1592): Callback received: 4 (cb_id=0x6380000 handle=1)
01-19 21:28:42.872 V/locapi_rpc_glue( 1592): +loc_api_callback_process_sync_call
01-19 21:28:42.882 V/locapi_rpc_glue( 1592): -loc_api_callback_process_sync_call, no sync call in use
01-19 21:28:42.882 D/RPC     ( 1592): written RPC packet size: [28]
01-19 21:28:42.892 D/RPC     ( 1592): read RPC packet
01-19 21:28:42.892 D/RPC     ( 1592): read RPC packet size: [272]
01-19 21:28:42.892 V/locapi_rpc_glue( 1592): Callback received: 4 (cb_id=0x6380000 handle=1)
01-19 21:28:42.892 V/locapi_rpc_glue( 1592): +loc_api_callback_process_sync_call
01-19 21:28:42.902 V/locapi_rpc_glue( 1592): -loc_api_callback_process_sync_call, no sync call in use
01-19 21:28:42.902 D/RPC     ( 1592): written RPC packet size: [28]
01-19 21:28:42.912 D/RPC     ( 1592): read RPC packet
01-19 21:28:42.912 D/RPC     ( 1592): read RPC packet size: [272]
01-19 21:28:42.912 V/locapi_rpc_glue( 1592): Callback received: 4 (cb_id=0x6380000 handle=1)
01-19 21:28:42.912 V/locapi_rpc_glue( 1592): +loc_api_callback_process_sync_call
01-19 21:28:42.922 V/locapi_rpc_glue( 1592): -loc_api_callback_process_sync_call, no sync call in use
01-19 21:28:42.922 D/RPC     ( 1592): written RPC packet size: [28]
01-19 21:28:42.932 D/RPC     ( 1592): read RPC packet
01-19 21:28:42.932 D/RPC     ( 1592): read RPC packet size: [96]
01-19 21:28:42.932 V/locapi_rpc_glue( 1592): Callback received: 2 (cb_id=0x6380000 handle=1)
01-19 21:28:42.932 V/locapi_rpc_glue( 1592): +loc_api_callback_process_sync_call
01-19 21:28:42.942 V/locapi_rpc_glue( 1592): -loc_api_callback_process_sync_call, no sync call in use
01-19 21:28:42.942 D/lib_locapi( 1592): loc_eng_report_sv: valid_mask = 0x30, num of sv = 0
01-19 21:28:42.942 D/GpsLocationProvider( 1592): reportSvStatus
01-19 21:28:42.942 V/GpsLocationProvider( 1592): SV count: 0 ephemerisMask: 0 almanacMask: 0
01-19 21:28:42.952 D/RPC     ( 1592): written RPC packet size: [28]
01-19 21:28:42.952 D/RPC     ( 1592): read RPC packet
01-19 21:28:42.952 D/RPC     ( 1592): read RPC packet size: [272]
01-19 21:28:42.962 V/locapi_rpc_glue( 1592): Callback received: 4 (cb_id=0x6380000 handle=1)
01-19 21:28:42.962 V/locapi_rpc_glue( 1592): +loc_api_callback_process_sync_call
01-19 21:28:42.962 V/locapi_rpc_glue( 1592): -loc_api_callback_process_sync_call, no sync call in use
01-19 21:28:42.972 D/RPC     ( 1592): written RPC packet size: [28]
01-19 21:28:42.972 D/RPC     ( 1592): read RPC packet
01-19 21:28:42.972 D/RPC     ( 1592): read RPC packet size: [272]
01-19 21:28:42.982 V/locapi_rpc_glue( 1592): Callback received: 4 (cb_id=0x6380000 handle=1)
01-19 21:28:42.982 V/locapi_rpc_glue( 1592): +loc_api_callback_process_sync_call
01-19 21:28:42.982 V/locapi_rpc_glue( 1592): -loc_api_callback_process_sync_call, no sync call in use
01-19 21:28:42.992 D/RPC     ( 1592): written RPC packet size: [28]
01-19 21:28:42.992 D/RPC     ( 1592): read RPC packet
01-19 21:28:42.992 D/RPC     ( 1592): read RPC packet size: [272]
01-19 21:28:42.992 V/locapi_rpc_glue( 1592): Callback received: 4 (cb_id=0x6380000 handle=1)
01-19 21:28:42.992 V/locapi_rpc_glue( 1592): +loc_api_callback_process_sync_call
01-19 21:28:42.992 V/locapi_rpc_glue( 1592): -loc_api_callback_process_sync_call, no sync call in use
01-19 21:28:42.992 D/RPC     ( 1592): written RPC packet size: [28]
01-19 21:28:43.002 D/RPC     ( 1592): read RPC packet
01-19 21:28:43.002 D/RPC     ( 1592): read RPC packet size: [272]
01-19 21:28:43.002 V/locapi_rpc_glue( 1592): Callback received: 4 (cb_id=0x6380000 handle=1)
01-19 21:28:43.002 V/locapi_rpc_glue( 1592): +loc_api_callback_process_sync_call
01-19 21:28:43.002 V/locapi_rpc_glue( 1592): -loc_api_callback_process_sync_call, no sync call in use
01-19 21:28:43.002 D/RPC     ( 1592): written RPC packet size: [28]
01-19 21:28:43.212 D/RPC     ( 1592): read RPC packet
01-19 21:28:43.212 D/RPC     ( 1592): read RPC packet size: [208]
01-19 21:28:43.212 V/locapi_rpc_glue( 1592): Callback received: 1 (cb_id=0x6380000 handle=1)
01-19 21:28:43.212 V/locapi_rpc_glue( 1592): +loc_api_callback_process_sync_call
01-19 21:28:43.222 V/locapi_rpc_glue( 1592): -loc_api_callback_process_sync_call, no sync call in use
01-19 21:28:43.222 D/lib_locapi( 1592): loc_eng_report_position: valid mask = 0x606d, sess status = 1
01-19 21:28:43.222 D/RPC     ( 1592): written RPC packet size: [28]
01-19 21:28:43.833 I/System.out( 2792): Values: 0.0 0.0
01-19 21:28:43.833 I/System.out( 2792): Time difference in secs is: 30
01-19 21:28:43.843 D/RPC     ( 1592): read RPC packet
01-19 21:28:43.853 D/RPC     ( 1592): read RPC packet size: [272]
01-19 21:28:43.853 V/locapi_rpc_glue( 1592): Callback received: 4 (cb_id=0x6380000 handle=1)
01-19 21:28:43.863 V/locapi_rpc_glue( 1592): +loc_api_callback_process_sync_call
01-19 21:28:43.863 V/locapi_rpc_glue( 1592): -loc_api_callback_process_sync_call, no sync call in use
01-19 21:28:43.863 D/RPC     ( 1592): written RPC packet size: [28]
01-19 21:28:43.873 D/RPC     ( 1592): read RPC packet
01-19 21:28:43.873 D/RPC     ( 1592): read RPC packet size: [272]
01-19 21:28:43.873 V/locapi_rpc_glue( 1592): Callback received: 4 (cb_id=0x6380000 handle=1)
01-19 21:28:43.883 V/locapi_rpc_glue( 1592): +loc_api_callback_process_sync_call
01-19 21:28:43.883 V/locapi_rpc_glue( 1592): -loc_api_callback_process_sync_call, no sync call in use
01-19 21:28:43.883 D/RPC     ( 1592): written RPC packet size: [28]
01-19 21:28:43.893 D/RPC     ( 1592): read RPC packet
01-19 21:28:43.893 D/RPC     ( 1592): read RPC packet size: [272]
01-19 21:28:43.893 V/locapi_rpc_glue( 1592): Callback received: 4 (cb_id=0x6380000 handle=1)
01-19 21:28:43.893 V/locapi_rpc_glue( 1592): +loc_api_callback_process_sync_call
01-19 21:28:43.893 V/locapi_rpc_glue( 1592): -loc_api_callback_process_sync_call, no sync call in use
01-19 21:28:43.893 D/RPC     ( 1592): written RPC packet size: [28]
01-19 21:28:43.903 D/RPC     ( 1592): read RPC packet
01-19 21:28:43.903 D/RPC     ( 1592): read RPC packet size: [272]
01-19 21:28:43.903 V/locapi_rpc_glue( 1592): Callback received: 4 (cb_id=0x6380000 handle=1)
01-19 21:28:43.903 V/locapi_rpc_glue( 1592): +loc_api_callback_process_sync_call
01-19 21:28:43.903 V/locapi_rpc_glue( 1592): -loc_api_callback_process_sync_call, no sync call in use
01-19 21:28:43.903 D/RPC     ( 1592): written RPC packet size: [28]
01-19 21:28:43.913 D/RPC     ( 1592): read RPC packet
01-19 21:28:43.913 D/RPC     ( 1592): read RPC packet size: [96]
01-19 21:28:43.913 V/locapi_rpc_glue( 1592): Callback received: 2 (cb_id=0x6380000 handle=1)
01-19 21:28:43.913 V/locapi_rpc_glue( 1592): +loc_api_callback_process_sync_call
01-19 21:28:43.913 V/locapi_rpc_glue( 1592): -loc_api_callback_process_sync_call, no sync call in use
01-19 21:28:43.913 D/lib_locapi( 1592): loc_eng_report_sv: valid_mask = 0x30, num of sv = 0
01-19 21:28:43.913 D/GpsLocationProvider( 1592): reportSvStatus
01-19 21:28:43.913 V/GpsLocationProvider( 1592): SV count: 0 ephemerisMask: 0 almanacMask: 0
01-19 21:28:43.923 D/RPC     ( 1592): written RPC packet size: [28]
01-19 21:28:43.923 D/RPC     ( 1592): read RPC packet
01-19 21:28:43.923 D/RPC     ( 1592): read RPC packet size: [272]
01-19 21:28:43.923 V/locapi_rpc_glue( 1592): Callback received: 4 (cb_id=0x6380000 handle=1)
01-19 21:28:43.923 V/locapi_rpc_glue( 1592): +loc_api_callback_process_sync_call
01-19 21:28:43.923 V/locapi_rpc_glue( 1592): -loc_api_callback_process_sync_call, no sync call in use
01-19 21:28:43.933 D/RPC     ( 1592): written RPC packet size: [28]
01-19 21:28:43.933 D/RPC     ( 1592): read RPC packet
01-19 21:28:43.933 D/RPC     ( 1592): read RPC packet size: [272]
01-19 21:28:43.933 V/locapi_rpc_glue( 1592): Callback received: 4 (cb_id=0x6380000 handle=1)
01-19 21:28:43.933 V/locapi_rpc_glue( 1592): +loc_api_callback_process_sync_call
01-19 21:28:43.933 V/locapi_rpc_glue( 1592): -loc_api_callback_process_sync_call, no sync call in use
01-19 21:28:43.933 D/RPC     ( 1592): written RPC packet size: [28]
01-19 21:28:43.943 D/RPC     ( 1592): read RPC packet
01-19 21:28:43.943 D/RPC     ( 1592): read RPC packet size: [272]
01-19 21:28:43.943 V/locapi_rpc_glue( 1592): Callback received: 4 (cb_id=0x6380000 handle=1)
01-19 21:28:43.943 V/locapi_rpc_glue( 1592): +loc_api_callback_process_sync_call
01-19 21:28:43.943 V/locapi_rpc_glue( 1592): -loc_api_callback_process_sync_call, no sync call in use
01-19 21:28:43.943 D/RPC     ( 1592): written RPC packet size: [28]
01-19 21:28:43.953 D/RPC     ( 1592): read RPC packet
01-19 21:28:43.953 D/RPC     ( 1592): read RPC packet size: [272]
01-19 21:28:43.953 V/locapi_rpc_glue( 1592): Callback received: 4 (cb_id=0x6380000 handle=1)
01-19 21:28:43.953 V/locapi_rpc_glue( 1592): +loc_api_callback_process_sync_call
01-19 21:28:43.953 V/locapi_rpc_glue( 1592): -loc_api_callback_process_sync_call, no sync call in use
01-19 21:28:43.953 D/RPC     ( 1592): written RPC packet size: [28]
01-19 21:28:44.213 D/RPC     ( 1592): read RPC packet
01-19 21:28:44.213 D/RPC     ( 1592): read RPC packet size: [208]
01-19 21:28:44.213 V/locapi_rpc_glue( 1592): Callback received: 1 (cb_id=0x6380000 handle=1)
01-19 21:28:44.213 V/locapi_rpc_glue( 1592): +loc_api_callback_process_sync_call
01-19 21:28:44.213 V/locapi_rpc_glue( 1592): -loc_api_callback_process_sync_call, no sync call in use
01-19 21:28:44.223 D/lib_locapi( 1592): loc_eng_report_position: valid mask = 0x606d, sess status = 1
01-19 21:28:44.223 D/RPC     ( 1592): written RPC packet size: [28]
01-19 21:28:44.834 I/System.out( 2792): Values: 0.0 0.0
01-19 21:28:44.844 I/System.out( 2792): Time difference in secs is: 30
01-19 21:28:44.844 D/RPC     ( 1592): read RPC packet
01-19 21:28:44.874 D/RPC     ( 1592): read RPC packet size: [272]
01-19 21:28:44.874 D/UsbnetService( 1592): BroadcastReceiver::onReceive+
01-19 21:28:44.884 D/UsbnetService( 1592): onReceive BATTERY_CHANGED
01-19 21:28:44.884 D/UsbnetService( 1592):  --> pluggedType = 0, mPluggedType = 0, mScreenOff = false
01-19 21:28:44.884 D/UsbnetService( 1592): BroadcastReceiver::onReceive-
01-19 21:28:44.884 D/NotificationService( 1592): mIntentReceiver() Intent.ACTION_BATTERY_CHANGED
01-19 21:28:44.894 D/RemoveMe( 1679): DCT got intent android.intent.action.BATTERY_CHANGED
01-19 21:28:44.894 D/BatteryService( 1592): SendIntentforPowersaver
01-19 21:28:44.894 D/BatteryService( 1592): Current powersaver status == NORMAL_STATUS1 4 2 false
01-19 21:28:44.894 D/RemoveMe( 1679): DCT got intent android.intent.action.BATTERY_CHANGED
01-19 21:28:44.894 D/PowerUI ( 1662): plugged = false, health = 2, mBatteryLevel = 85, mPluggedBatteryLevel = 96, mLowBatteryWarningLevel2 = 25, mshowLowChargingWarning2 = true
01-19 21:28:44.904 D/RemoveMe( 1679): DCT got intent android.intent.action.BATTERY_CHANGED
01-19 21:28:44.904 V/locapi_rpc_glue( 1592): Callback received: 4 (cb_id=0x6380000 handle=1)
01-19 21:28:44.904 V/locapi_rpc_glue( 1592): +loc_api_callback_process_sync_call
01-19 21:28:44.904 V/locapi_rpc_glue( 1592): -loc_api_callback_process_sync_call, no sync call in use
01-19 21:28:44.904 D/RPC     ( 1592): written RPC packet size: [28]
01-19 21:28:44.914 D/RPC     ( 1592): read RPC packet
01-19 21:28:44.914 D/RPC     ( 1592): read RPC packet size: [272]
01-19 21:28:44.914 V/locapi_rpc_glue( 1592): Callback received: 4 (cb_id=0x6380000 handle=1)
01-19 21:28:44.914 V/locapi_rpc_glue( 1592): +loc_api_callback_process_sync_call
01-19 21:28:44.914 V/locapi_rpc_glue( 1592): -loc_api_callback_process_sync_call, no sync call in use
01-19 21:28:44.914 D/RPC     ( 1592): written RPC packet size: [28]
01-19 21:28:44.914 D/RPC     ( 1592): read RPC packet
01-19 21:28:44.914 D/RPC     ( 1592): read RPC packet size: [272]
01-19 21:28:44.914 V/locapi_rpc_glue( 1592): Callback received: 4 (cb_id=0x6380000 handle=1)
01-19 21:28:44.924 V/locapi_rpc_glue( 1592): +loc_api_callback_process_sync_call
01-19 21:28:44.924 V/locapi_rpc_glue( 1592): -loc_api_callback_process_sync_call, no sync call in use
01-19 21:28:44.924 D/RPC     ( 1592): written RPC packet size: [28]
01-19 21:28:44.924 D/RPC     ( 1592): read RPC packet
01-19 21:28:44.924 D/RPC     ( 1592): read RPC packet size: [272]
01-19 21:28:44.924 V/locapi_rpc_glue( 1592): Callback received: 4 (cb_id=0x6380000 handle=1)
01-19 21:28:44.924 V/locapi_rpc_glue( 1592): +loc_api_callback_process_sync_call
01-19 21:28:44.924 V/locapi_rpc_glue( 1592): -loc_api_callback_process_sync_call, no sync call in use
01-19 21:28:44.924 D/RPC     ( 1592): written RPC packet size: [28]
01-19 21:28:44.934 D/RPC     ( 1592): read RPC packet
01-19 21:28:44.934 D/RPC     ( 1592): read RPC packet size: [96]
01-19 21:28:44.934 V/locapi_rpc_glue( 1592): Callback received: 2 (cb_id=0x6380000 handle=1)
01-19 21:28:44.934 V/locapi_rpc_glue( 1592): +loc_api_callback_process_sync_call
01-19 21:28:44.934 V/locapi_rpc_glue( 1592): -loc_api_callback_process_sync_call, no sync call in use
01-19 21:28:44.934 D/lib_locapi( 1592): loc_eng_report_sv: valid_mask = 0x30, num of sv = 0
01-19 21:28:44.934 D/GpsLocationProvider( 1592): reportSvStatus
01-19 21:28:44.934 V/GpsLocationProvider( 1592): SV count: 0 ephemerisMask: 0 almanacMask: 0
01-19 21:28:44.934 D/RPC     ( 1592): written RPC packet size: [28]
01-19 21:28:44.934 D/RPC     ( 1592): read RPC packet
01-19 21:28:44.934 D/RPC     ( 1592): read RPC packet size: [272]
01-19 21:28:44.934 V/locapi_rpc_glue( 1592): Callback received: 4 (cb_id=0x6380000 handle=1)
01-19 21:28:44.934 V/locapi_rpc_glue( 1592): +loc_api_callback_process_sync_call
01-19 21:28:44.934 V/locapi_rpc_glue( 1592): -loc_api_callback_process_sync_call, no sync call in use
01-19 21:28:44.934 D/RPC     ( 1592): written RPC packet size: [28]
01-19 21:28:44.944 D/RPC     ( 1592): read RPC packet
01-19 21:28:44.944 D/RPC     ( 1592): read RPC packet size: [272]
01-19 21:28:44.944 V/locapi_rpc_glue( 1592): Callback received: 4 (cb_id=0x6380000 handle=1)
01-19 21:28:44.944 V/locapi_rpc_glue( 1592): +loc_api_callback_process_sync_call
01-19 21:28:44.944 V/locapi_rpc_glue( 1592): -loc_api_callback_process_sync_call, no sync call in use
01-19 21:28:44.944 D/RPC     ( 1592): written RPC packet size: [28]
01-19 21:28:44.944 D/RPC     ( 1592): read RPC packet
01-19 21:28:44.944 D/RPC     ( 1592): read RPC packet size: [272]
01-19 21:28:44.944 V/locapi_rpc_glue( 1592): Callback received: 4 (cb_id=0x6380000 handle=1)
01-19 21:28:44.944 V/locapi_rpc_glue( 1592): +loc_api_callback_process_sync_call
01-19 21:28:44.944 V/locapi_rpc_glue( 1592): -loc_api_callback_process_sync_call, no sync call in use
01-19 21:28:44.954 D/RPC     ( 1592): written RPC packet size: [28]
01-19 21:28:44.954 D/RPC     ( 1592): read RPC packet
01-19 21:28:44.954 D/RPC     ( 1592): read RPC packet size: [272]
01-19 21:28:44.954 V/locapi_rpc_glue( 1592): Callback received: 4 (cb_id=0x6380000 handle=1)
01-19 21:28:44.954 V/locapi_rpc_glue( 1592): +loc_api_callback_process_sync_call
01-19 21:28:44.954 V/locapi_rpc_glue( 1592): -loc_api_callback_process_sync_call, no sync call in use
01-19 21:28:44.954 D/RPC     ( 1592): written RPC packet size: [28]
01-19 21:28:45.214 D/RPC     ( 1592): read RPC packet
01-19 21:28:45.214 D/RPC     ( 1592): read RPC packet size: [208]
01-19 21:28:45.214 V/locapi_rpc_glue( 1592): Callback received: 1 (cb_id=0x6380000 handle=1)
01-19 21:28:45.214 V/locapi_rpc_glue( 1592): +loc_api_callback_process_sync_call
01-19 21:28:45.214 V/locapi_rpc_glue( 1592): -loc_api_callback_process_sync_call, no sync call in use
01-19 21:28:45.214 D/lib_locapi( 1592): loc_eng_report_position: valid mask = 0x606d, sess status = 1
01-19 21:28:45.214 D/RPC     ( 1592): written RPC packet size: [28]
01-19 21:28:45.835 I/System.out( 2792): Values: 0.0 0.0
01-19 21:28:45.835 I/System.out( 2792): Time difference in secs is: 30
01-19 21:28:45.845 D/RPC     ( 1592): read RPC packet
01-19 21:28:45.845 D/RPC     ( 1592): read RPC packet size: [272]
01-19 21:28:45.845 V/locapi_rpc_glue( 1592): Callback received: 4 (cb_id=0x6380000 handle=1)
01-19 21:28:45.845 V/locapi_rpc_glue( 1592): +loc_api_callback_process_sync_call
01-19 21:28:45.855 V/locapi_rpc_glue( 1592): -loc_api_callback_process_sync_call, no sync call in use
01-19 21:28:45.855 D/RPC     ( 1592): written RPC packet size: [28]
01-19 21:28:45.855 D/RPC     ( 1592): read RPC packet
01-19 21:28:45.855 D/RPC     ( 1592): read RPC packet size: [272]
01-19 21:28:45.855 V/locapi_rpc_glue( 1592): Callback received: 4 (cb_id=0x6380000 handle=1)
01-19 21:28:45.855 V/locapi_rpc_glue( 1592): +loc_api_callback_process_sync_call
01-19 21:28:45.855 V/locapi_rpc_glue( 1592): -loc_api_callback_process_sync_call, no sync call in use
01-19 21:28:45.855 D/RPC     ( 1592): written RPC packet size: [28]
01-19 21:28:45.855 D/RPC     ( 1592): read RPC packet
01-19 21:28:45.855 D/RPC     ( 1592): read RPC packet size: [272]
01-19 21:28:45.865 V/locapi_rpc_glue( 1592): Callback received: 4 (cb_id=0x6380000 handle=1)
01-19 21:28:45.875 V/locapi_rpc_glue( 1592): +loc_api_callback_process_sync_call
01-19 21:28:45.875 V/locapi_rpc_glue( 1592): -loc_api_callback_process_sync_call, no sync call in use
01-19 21:28:45.875 D/RPC     ( 1592): written RPC packet size: [28]
01-19 21:28:45.885 D/RPC     ( 1592): read RPC packet
01-19 21:28:45.885 D/RPC     ( 1592): read RPC packet size: [272]
01-19 21:28:45.885 V/locapi_rpc_glue( 1592): Callback received: 4 (cb_id=0x6380000 handle=1)
01-19 21:28:45.885 V/locapi_rpc_glue( 1592): +loc_api_callback_process_sync_call
01-19 21:28:45.885 V/locapi_rpc_glue( 1592): -loc_api_callback_process_sync_call, no sync call in use
01-19 21:28:45.895 D/RPC     ( 1592): written RPC packet size: [28]
01-19 21:28:45.895 D/RPC     ( 1592): read RPC packet
01-19 21:28:45.895 D/RPC     ( 1592): read RPC packet size: [96]
01-19 21:28:45.895 V/locapi_rpc_glue( 1592): Callback received: 2 (cb_id=0x6380000 handle=1)
01-19 21:28:45.895 V/locapi_rpc_glue( 1592): +loc_api_callback_process_sync_call
01-19 21:28:45.895 V/locapi_rpc_glue( 1592): -loc_api_callback_process_sync_call, no sync call in use
01-19 21:28:45.895 D/lib_locapi( 1592): loc_eng_report_sv: valid_mask = 0x30, num of sv = 0
01-19 21:28:45.895 D/GpsLocationProvider( 1592): reportSvStatus
01-19 21:28:45.895 V/GpsLocationProvider( 1592): SV count: 0 ephemerisMask: 0 almanacMask: 0
01-19 21:28:45.895 D/RPC     ( 1592): written RPC packet size: [28]
01-19 21:28:45.895 D/RPC     ( 1592): read RPC packet
01-19 21:28:45.895 D/RPC     ( 1592): read RPC packet size: [272]
01-19 21:28:45.895 V/locapi_rpc_glue( 1592): Callback received: 4 (cb_id=0x6380000 handle=1)
01-19 21:28:45.905 V/locapi_rpc_glue( 1592): +loc_api_callback_process_sync_call
01-19 21:28:45.905 V/locapi_rpc_glue( 1592): -loc_api_callback_process_sync_call, no sync call in use
01-19 21:28:45.905 D/RPC     ( 1592): written RPC packet size: [28]
01-19 21:28:45.905 D/RPC     ( 1592): read RPC packet
01-19 21:28:45.905 D/RPC     ( 1592): read RPC packet size: [272]
01-19 21:28:45.905 V/locapi_rpc_glue( 1592): Callback received: 4 (cb_id=0x6380000 handle=1)
01-19 21:28:45.905 V/locapi_rpc_glue( 1592): +loc_api_callback_process_sync_call
01-19 21:28:45.905 V/locapi_rpc_glue( 1592): -loc_api_callback_process_sync_call, no sync call in use
01-19 21:28:45.905 D/RPC     ( 1592): written RPC packet size: [28]
01-19 21:28:45.905 D/RPC     ( 1592): read RPC packet
01-19 21:28:45.905 D/RPC     ( 1592): read RPC packet size: [272]
01-19 21:28:45.905 V/locapi_rpc_glue( 1592): Callback received: 4 (cb_id=0x6380000 handle=1)
01-19 21:28:45.905 V/locapi_rpc_glue( 1592): +loc_api_callback_process_sync_call
01-19 21:28:45.905 V/locapi_rpc_glue( 1592): -loc_api_callback_process_sync_call, no sync call in use
01-19 21:28:45.905 D/RPC     ( 1592): written RPC packet size: [28]
01-19 21:28:45.905 D/RPC     ( 1592): read RPC packet
01-19 21:28:45.905 D/RPC     ( 1592): read RPC packet size: [272]
01-19 21:28:45.905 V/locapi_rpc_glue( 1592): Callback received: 4 (cb_id=0x6380000 handle=1)
01-19 21:28:45.905 V/locapi_rpc_glue( 1592): +loc_api_callback_process_sync_call
01-19 21:28:45.905 V/locapi_rpc_glue( 1592): -loc_api_callback_process_sync_call, no sync call in use
01-19 21:28:45.905 D/RPC     ( 1592): written RPC packet size: [28]
01-19 21:28:46.215 D/RPC     ( 1592): read RPC packet
01-19 21:28:46.215 D/RPC     ( 1592): read RPC packet size: [208]
01-19 21:28:46.215 V/locapi_rpc_glue( 1592): Callback received: 1 (cb_id=0x6380000 handle=1)
01-19 21:28:46.215 V/locapi_rpc_glue( 1592): +loc_api_callback_process_sync_call
01-19 21:28:46.215 V/locapi_rpc_glue( 1592): -loc_api_callback_process_sync_call, no sync call in use
01-19 21:28:46.215 D/lib_locapi( 1592): loc_eng_report_position: valid mask = 0x606d, sess status = 1
01-19 21:28:46.215 D/RPC     ( 1592): written RPC packet size: [28]
01-19 21:28:46.836 D/RPC     ( 1592): read RPC packet
01-19 21:28:46.836 D/RPC     ( 1592): read RPC packet size: [272]
01-19 21:28:46.836 I/System.out( 2792): Values: 0.0 0.0
01-19 21:28:46.836 I/System.out( 2792): Time difference in secs is: 30
01-19 21:28:46.846 V/locapi_rpc_glue( 1592): Callback received: 4 (cb_id=0x6380000 handle=1)
01-19 21:28:46.846 V/locapi_rpc_glue( 1592): +loc_api_callback_process_sync_call
01-19 21:28:46.846 V/locapi_rpc_glue( 1592): -loc_api_callback_process_sync_call, no sync call in use
01-19 21:28:46.856 D/RPC     ( 1592): written RPC packet size: [28]
01-19 21:28:46.856 D/RPC     ( 1592): read RPC packet
01-19 21:28:46.856 D/RPC     ( 1592): read RPC packet size: [272]
01-19 21:28:46.856 V/locapi_rpc_glue( 1592): Callback received: 4 (cb_id=0x6380000 handle=1)
01-19 21:28:46.856 V/locapi_rpc_glue( 1592): +loc_api_callback_process_sync_call
01-19 21:28:46.856 V/locapi_rpc_glue( 1592): -loc_api_callback_process_sync_call, no sync call in use
01-19 21:28:46.856 D/RPC     ( 1592): written RPC packet size: [28]
01-19 21:28:46.856 D/RPC     ( 1592): read RPC packet
01-19 21:28:46.856 D/RPC     ( 1592): read RPC packet size: [272]
01-19 21:28:46.866 V/locapi_rpc_glue( 1592): Callback received: 4 (cb_id=0x6380000 handle=1)
01-19 21:28:46.866 V/locapi_rpc_glue( 1592): +loc_api_callback_process_sync_call
01-19 21:28:46.866 V/locapi_rpc_glue( 1592): -loc_api_callback_process_sync_call, no sync call in use
01-19 21:28:46.866 D/RPC     ( 1592): written RPC packet size: [28]
01-19 21:28:46.866 D/RPC     ( 1592): read RPC packet
01-19 21:28:46.866 D/RPC     ( 1592): read RPC packet size: [272]
01-19 21:28:46.866 V/locapi_rpc_glue( 1592): Callback received: 4 (cb_id=0x6380000 handle=1)
01-19 21:28:46.866 V/locapi_rpc_glue( 1592): +loc_api_callback_process_sync_call
01-19 21:28:46.866 V/locapi_rpc_glue( 1592): -loc_api_callback_process_sync_call, no sync call in use
01-19 21:28:46.866 D/RPC     ( 1592): written RPC packet size: [28]
01-19 21:28:46.876 D/RPC     ( 1592): read RPC packet
01-19 21:28:46.876 D/RPC     ( 1592): read RPC packet size: [96]
01-19 21:28:46.876 V/locapi_rpc_glue( 1592): Callback received: 2 (cb_id=0x6380000 handle=1)
01-19 21:28:46.876 V/locapi_rpc_glue( 1592): +loc_api_callback_process_sync_call
01-19 21:28:46.876 V/locapi_rpc_glue( 1592): -loc_api_callback_process_sync_call, no sync call in use
01-19 21:28:46.876 D/lib_locapi( 1592): loc_eng_report_sv: valid_mask = 0x30, num of sv = 0
01-19 21:28:46.876 D/GpsLocationProvider( 1592): reportSvStatus
01-19 21:28:46.876 V/GpsLocationProvider( 1592): SV count: 0 ephemerisMask: 0 almanacMask: 0
01-19 21:28:46.876 D/RPC     ( 1592): written RPC packet size: [28]
01-19 21:28:46.876 D/RPC     ( 1592): read RPC packet
01-19 21:28:46.886 D/RPC     ( 1592): read RPC packet size: [272]
01-19 21:28:46.886 V/locapi_rpc_glue( 1592): Callback received: 4 (cb_id=0x6380000 handle=1)
01-19 21:28:46.886 V/locapi_rpc_glue( 1592): +loc_api_callback_process_sync_call
01-19 21:28:46.886 V/locapi_rpc_glue( 1592): -loc_api_callback_process_sync_call, no sync call in use
01-19 21:28:46.886 D/RPC     ( 1592): written RPC packet size: [28]
01-19 21:28:46.886 D/RPC     ( 1592): read RPC packet
01-19 21:28:46.886 D/RPC     ( 1592): read RPC packet size: [272]
01-19 21:28:46.886 V/locapi_rpc_glue( 1592): Callback received: 4 (cb_id=0x6380000 handle=1)
01-19 21:28:46.886 V/locapi_rpc_glue( 1592): +loc_api_callback_process_sync_call
01-19 21:28:46.886 V/locapi_rpc_glue( 1592): -loc_api_callback_process_sync_call, no sync call in use
01-19 21:28:46.886 D/RPC     ( 1592): written RPC packet size: [28]
01-19 21:28:46.886 D/RPC     ( 1592): read RPC packet
01-19 21:28:46.896 D/RPC     ( 1592): read RPC packet size: [272]
01-19 21:28:46.896 V/locapi_rpc_glue( 1592): Callback received: 4 (cb_id=0x6380000 handle=1)
01-19 21:28:46.896 V/locapi_rpc_glue( 1592): +loc_api_callback_process_sync_call
01-19 21:28:46.896 V/locapi_rpc_glue( 1592): -loc_api_callback_process_sync_call, no sync call in use
01-19 21:28:46.896 D/RPC     ( 1592): written RPC packet size: [28]
01-19 21:28:46.896 D/RPC     ( 1592): read RPC packet
01-19 21:28:46.896 D/RPC     ( 1592): read RPC packet size: [272]
01-19 21:28:46.896 V/locapi_rpc_glue( 1592): Callback received: 4 (cb_id=0x6380000 handle=1)
01-19 21:28:46.896 V/locapi_rpc_glue( 1592): +loc_api_callback_process_sync_call
01-19 21:28:46.896 V/locapi_rpc_glue( 1592): -loc_api_callback_process_sync_call, no sync call in use
01-19 21:28:46.896 D/RPC     ( 1592): written RPC packet size: [28]
01-19 21:28:47.216 D/RPC     ( 1592): read RPC packet
01-19 21:28:47.216 D/RPC     ( 1592): read RPC packet size: [208]
01-19 21:28:47.216 V/locapi_rpc_glue( 1592): Callback received: 1 (cb_id=0x6380000 handle=1)
01-19 21:28:47.216 V/locapi_rpc_glue( 1592): +loc_api_callback_process_sync_call
01-19 21:28:47.216 V/locapi_rpc_glue( 1592): -loc_api_callback_process_sync_call, no sync call in use
01-19 21:28:47.216 D/lib_locapi( 1592): loc_eng_report_position: valid mask = 0x606d, sess status = 1
01-19 21:28:47.216 D/RPC     ( 1592): written RPC packet size: [28]
01-19 21:28:47.837 D/RPC     ( 1592): read RPC packet
01-19 21:28:47.837 D/RPC     ( 1592): read RPC packet size: [272]
01-19 21:28:47.837 I/System.out( 2792): Values: 0.0 0.0
01-19 21:28:47.837 I/System.out( 2792): Time difference in secs is: 30
01-19 21:28:47.847 V/locapi_rpc_glue( 1592): Callback received: 4 (cb_id=0x6380000 handle=1)
01-19 21:28:47.847 V/locapi_rpc_glue( 1592): +loc_api_callback_process_sync_call
01-19 21:28:47.857 V/locapi_rpc_glue( 1592): -loc_api_callback_process_sync_call, no sync call in use
01-19 21:28:47.857 D/RPC     ( 1592): written RPC packet size: [28]
01-19 21:28:47.857 D/RPC     ( 1592): read RPC packet
01-19 21:28:47.857 D/RPC     ( 1592): read RPC packet size: [272]
01-19 21:28:47.857 V/locapi_rpc_glue( 1592): Callback received: 4 (cb_id=0x6380000 handle=1)
01-19 21:28:47.857 V/locapi_rpc_glue( 1592): +loc_api_callback_process_sync_call
01-19 21:28:47.857 V/locapi_rpc_glue( 1592): -loc_api_callback_process_sync_call, no sync call in use
01-19 21:28:47.857 D/RPC     ( 1592): written RPC packet size: [28]
01-19 21:28:47.857 D/RPC     ( 1592): read RPC packet
01-19 21:28:47.867 D/RPC     ( 1592): read RPC packet size: [272]
01-19 21:28:47.867 V/locapi_rpc_glue( 1592): Callback received: 4 (cb_id=0x6380000 handle=1)
01-19 21:28:47.867 V/locapi_rpc_glue( 1592): +loc_api_callback_process_sync_call
01-19 21:28:47.867 V/locapi_rpc_glue( 1592): -loc_api_callback_process_sync_call, no sync call in use
01-19 21:28:47.867 D/RPC     ( 1592): written RPC packet size: [28]
01-19 21:28:47.867 D/RPC     ( 1592): read RPC packet
01-19 21:28:47.867 D/RPC     ( 1592): read RPC packet size: [272]
01-19 21:28:47.867 V/locapi_rpc_glue( 1592): Callback received: 4 (cb_id=0x6380000 handle=1)
01-19 21:28:47.867 V/locapi_rpc_glue( 1592): +loc_api_callback_process_sync_call
01-19 21:28:47.867 V/locapi_rpc_glue( 1592): -loc_api_callback_process_sync_call, no sync call in use
01-19 21:28:47.867 D/RPC     ( 1592): written RPC packet size: [28]
01-19 21:28:47.877 D/RPC     ( 1592): read RPC packet
01-19 21:28:47.877 D/RPC     ( 1592): read RPC packet size: [96]
01-19 21:28:47.877 V/locapi_rpc_glue( 1592): Callback received: 2 (cb_id=0x6380000 handle=1)
01-19 21:28:47.877 V/locapi_rpc_glue( 1592): +loc_api_callback_process_sync_call
01-19 21:28:47.877 V/locapi_rpc_glue( 1592): -loc_api_callback_process_sync_call, no sync call in use
01-19 21:28:47.877 D/lib_locapi( 1592): loc_eng_report_sv: valid_mask = 0x30, num of sv = 0
01-19 21:28:47.877 D/GpsLocationProvider( 1592): reportSvStatus
01-19 21:28:47.877 V/GpsLocationProvider( 1592): SV count: 0 ephemerisMask: 0 almanacMask: 0
01-19 21:28:47.877 D/RPC     ( 1592): written RPC packet size: [28]
01-19 21:28:47.877 D/RPC     ( 1592): read RPC packet
01-19 21:28:47.877 D/RPC     ( 1592): read RPC packet size: [272]
01-19 21:28:47.877 V/locapi_rpc_glue( 1592): Callback received: 4 (cb_id=0x6380000 handle=1)
01-19 21:28:47.877 V/locapi_rpc_glue( 1592): +loc_api_callback_process_sync_call
01-19 21:28:47.877 V/locapi_rpc_glue( 1592): -loc_api_callback_process_sync_call, no sync call in use
01-19 21:28:47.887 D/RPC     ( 1592): written RPC packet size: [28]
01-19 21:28:47.887 D/RPC     ( 1592): read RPC packet
01-19 21:28:47.887 D/RPC     ( 1592): read RPC packet size: [272]
01-19 21:28:47.887 V/locapi_rpc_glue( 1592): Callback received: 4 (cb_id=0x6380000 handle=1)
01-19 21:28:47.887 V/locapi_rpc_glue( 1592): +loc_api_callback_process_sync_call
01-19 21:28:47.887 V/locapi_rpc_glue( 1592): -loc_api_callback_process_sync_call, no sync call in use
01-19 21:28:47.887 D/RPC     ( 1592): written RPC packet size: [28]
01-19 21:28:47.887 D/RPC     ( 1592): read RPC packet
01-19 21:28:47.887 D/RPC     ( 1592): read RPC packet size: [272]
01-19 21:28:47.887 V/locapi_rpc_glue( 1592): Callback received: 4 (cb_id=0x6380000 handle=1)
01-19 21:28:47.887 V/locapi_rpc_glue( 1592): +loc_api_callback_process_sync_call
01-19 21:28:47.887 V/locapi_rpc_glue( 1592): -loc_api_callback_process_sync_call, no sync call in use
01-19 21:28:47.887 D/RPC     ( 1592): written RPC packet size: [28]
