01-19 21:27:20.902 D/lib_locapi( 1592): loc_eng_report_sv: valid_mask = 0x30, num of sv = 0
01-19 21:27:20.902 D/GpsLocationProvider( 1592): reportSvStatus
01-19 21:27:20.902 V/GpsLocationProvider( 1592): SV count: 0 ephemerisMask: 0 almanacMask: 0
01-19 21:27:20.912 D/RPC     ( 1592): written RPC packet size: [28]
01-19 21:27:20.912 D/RPC     ( 1592): read RPC packet
01-19 21:27:20.922 D/RPC     ( 1592): read RPC packet size: [272]
01-19 21:27:20.922 V/locapi_rpc_glue( 1592): Callback received: 4 (cb_id=0x6380000 handle=1)
01-19 21:27:20.932 V/locapi_rpc_glue( 1592): +loc_api_callback_process_sync_call
01-19 21:27:20.932 V/locapi_rpc_glue( 1592): -loc_api_callback_process_sync_call, no sync call in use
01-19 21:27:20.932 D/RPC     ( 1592): written RPC packet size: [28]
01-19 21:27:20.932 D/RPC     ( 1592): read RPC packet
01-19 21:27:20.932 D/RPC     ( 1592): read RPC packet size: [272]
01-19 21:27:20.932 V/locapi_rpc_glue( 1592): Callback received: 4 (cb_id=0x6380000 handle=1)
01-19 21:27:20.932 V/locapi_rpc_glue( 1592): +loc_api_callback_process_sync_call
01-19 21:27:20.942 V/locapi_rpc_glue( 1592): -loc_api_callback_process_sync_call, no sync call in use
01-19 21:27:20.942 D/RPC     ( 1592): written RPC packet size: [28]
01-19 21:27:20.942 D/RPC     ( 1592): read RPC packet
01-19 21:27:20.942 D/RPC     ( 1592): read RPC packet size: [272]
01-19 21:27:20.942 V/locapi_rpc_glue( 1592): Callback received: 4 (cb_id=0x6380000 handle=1)
01-19 21:27:20.942 V/locapi_rpc_glue( 1592): +loc_api_callback_process_sync_call
01-19 21:27:20.942 V/locapi_rpc_glue( 1592): -loc_api_callback_process_sync_call, no sync call in use
01-19 21:27:20.942 D/RPC     ( 1592): written RPC packet size: [28]
01-19 21:27:20.952 D/RPC     ( 1592): read RPC packet
01-19 21:27:20.952 D/RPC     ( 1592): read RPC packet size: [272]
01-19 21:27:20.952 V/locapi_rpc_glue( 1592): Callback received: 4 (cb_id=0x6380000 handle=1)
01-19 21:27:20.952 V/locapi_rpc_glue( 1592): +loc_api_callback_process_sync_call
01-19 21:27:20.952 V/locapi_rpc_glue( 1592): -loc_api_callback_process_sync_call, no sync call in use
01-19 21:27:20.952 D/RPC     ( 1592): written RPC packet size: [28]
01-19 21:27:21.152 D/RPC     ( 1592): read RPC packet
01-19 21:27:21.152 D/RPC     ( 1592): read RPC packet size: [208]
01-19 21:27:21.152 V/locapi_rpc_glue( 1592): Callback received: 1 (cb_id=0x6380000 handle=1)
01-19 21:27:21.152 V/locapi_rpc_glue( 1592): +loc_api_callback_process_sync_call
01-19 21:27:21.152 V/locapi_rpc_glue( 1592): -loc_api_callback_process_sync_call, no sync call in use
01-19 21:27:21.152 D/lib_locapi( 1592): loc_eng_report_position: valid mask = 0x606d, sess status = 1
01-19 21:27:21.152 D/RPC     ( 1592): written RPC packet size: [28]
01-19 21:27:21.713 I/System.out( 2792): Values: 0.0 0.0
01-19 21:27:21.713 I/System.out( 2792): Time difference in secs is: 30
01-19 21:27:21.833 D/RPC     ( 1592): read RPC packet
01-19 21:27:21.833 D/RPC     ( 1592): read RPC packet size: [272]
01-19 21:27:21.833 V/locapi_rpc_glue( 1592): Callback received: 4 (cb_id=0x6380000 handle=1)
01-19 21:27:21.833 V/locapi_rpc_glue( 1592): +loc_api_callback_process_sync_call
01-19 21:27:21.833 V/locapi_rpc_glue( 1592): -loc_api_callback_process_sync_call, no sync call in use
01-19 21:27:21.833 D/RPC     ( 1592): written RPC packet size: [28]
01-19 21:27:21.833 D/RPC     ( 1592): read RPC packet
01-19 21:27:21.843 D/RPC     ( 1592): read RPC packet size: [272]
01-19 21:27:21.843 V/locapi_rpc_glue( 1592): Callback received: 4 (cb_id=0x6380000 handle=1)
01-19 21:27:21.843 V/locapi_rpc_glue( 1592): +loc_api_callback_process_sync_call
01-19 21:27:21.843 V/locapi_rpc_glue( 1592): -loc_api_callback_process_sync_call, no sync call in use
01-19 21:27:21.843 D/RPC     ( 1592): written RPC packet size: [28]
01-19 21:27:21.843 D/RPC     ( 1592): read RPC packet
01-19 21:27:21.843 D/RPC     ( 1592): read RPC packet size: [272]
01-19 21:27:21.843 V/locapi_rpc_glue( 1592): Callback received: 4 (cb_id=0x6380000 handle=1)
01-19 21:27:21.843 V/locapi_rpc_glue( 1592): +loc_api_callback_process_sync_call
01-19 21:27:21.843 V/locapi_rpc_glue( 1592): -loc_api_callback_process_sync_call, no sync call in use
01-19 21:27:21.843 D/RPC     ( 1592): written RPC packet size: [28]
01-19 21:27:21.853 D/RPC     ( 1592): read RPC packet
01-19 21:27:21.853 D/RPC     ( 1592): read RPC packet size: [272]
01-19 21:27:21.853 V/locapi_rpc_glue( 1592): Callback received: 4 (cb_id=0x6380000 handle=1)
01-19 21:27:21.853 V/locapi_rpc_glue( 1592): +loc_api_callback_process_sync_call
01-19 21:27:21.853 V/locapi_rpc_glue( 1592): -loc_api_callback_process_sync_call, no sync call in use
01-19 21:27:21.853 D/RPC     ( 1592): written RPC packet size: [28]
01-19 21:27:21.853 D/RPC     ( 1592): read RPC packet
01-19 21:27:21.853 D/RPC     ( 1592): read RPC packet size: [96]
01-19 21:27:21.853 V/locapi_rpc_glue( 1592): Callback received: 2 (cb_id=0x6380000 handle=1)
01-19 21:27:21.863 V/locapi_rpc_glue( 1592): +loc_api_callback_process_sync_call
01-19 21:27:21.863 V/locapi_rpc_glue( 1592): -loc_api_callback_process_sync_call, no sync call in use
01-19 21:27:21.863 D/lib_locapi( 1592): loc_eng_report_sv: valid_mask = 0x30, num of sv = 0
01-19 21:27:21.863 D/GpsLocationProvider( 1592): reportSvStatus
01-19 21:27:21.863 V/GpsLocationProvider( 1592): SV count: 0 ephemerisMask: 0 almanacMask: 0
01-19 21:27:21.863 D/RPC     ( 1592): written RPC packet size: [28]
01-19 21:27:21.863 D/RPC     ( 1592): read RPC packet
01-19 21:27:21.863 D/RPC     ( 1592): read RPC packet size: [272]
01-19 21:27:21.863 V/locapi_rpc_glue( 1592): Callback received: 4 (cb_id=0x6380000 handle=1)
01-19 21:27:21.863 V/locapi_rpc_glue( 1592): +loc_api_callback_process_sync_call
01-19 21:27:21.863 V/locapi_rpc_glue( 1592): -loc_api_callback_process_sync_call, no sync call in use
01-19 21:27:21.863 D/RPC     ( 1592): written RPC packet size: [28]
01-19 21:27:21.873 D/RPC     ( 1592): read RPC packet
01-19 21:27:21.873 D/RPC     ( 1592): read RPC packet size: [272]
01-19 21:27:21.873 V/locapi_rpc_glue( 1592): Callback received: 4 (cb_id=0x6380000 handle=1)
01-19 21:27:21.873 V/locapi_rpc_glue( 1592): +loc_api_callback_process_sync_call
01-19 21:27:21.873 V/locapi_rpc_glue( 1592): -loc_api_callback_process_sync_call, no sync call in use
01-19 21:27:21.873 D/RPC     ( 1592): written RPC packet size: [28]
01-19 21:27:21.873 D/RPC     ( 1592): read RPC packet
01-19 21:27:21.873 D/RPC     ( 1592): read RPC packet size: [272]
01-19 21:27:21.873 V/locapi_rpc_glue( 1592): Callback received: 4 (cb_id=0x6380000 handle=1)
01-19 21:27:21.883 V/locapi_rpc_glue( 1592): +loc_api_callback_process_sync_call
01-19 21:27:21.883 V/locapi_rpc_glue( 1592): -loc_api_callback_process_sync_call, no sync call in use
01-19 21:27:21.883 D/RPC     ( 1592): written RPC packet size: [28]
01-19 21:27:21.883 D/RPC     ( 1592): read RPC packet
01-19 21:27:21.883 D/RPC     ( 1592): read RPC packet size: [272]
01-19 21:27:21.883 V/locapi_rpc_glue( 1592): Callback received: 4 (cb_id=0x6380000 handle=1)
01-19 21:27:21.883 V/locapi_rpc_glue( 1592): +loc_api_callback_process_sync_call
01-19 21:27:21.883 V/locapi_rpc_glue( 1592): -loc_api_callback_process_sync_call, no sync call in use
01-19 21:27:21.883 D/RPC     ( 1592): written RPC packet size: [28]
01-19 21:27:22.153 D/RPC     ( 1592): read RPC packet
01-19 21:27:22.153 D/RPC     ( 1592): read RPC packet size: [208]
01-19 21:27:22.153 V/locapi_rpc_glue( 1592): Callback received: 1 (cb_id=0x6380000 handle=1)
01-19 21:27:22.153 V/locapi_rpc_glue( 1592): +loc_api_callback_process_sync_call
01-19 21:27:22.153 V/locapi_rpc_glue( 1592): -loc_api_callback_process_sync_call, no sync call in use
01-19 21:27:22.153 D/lib_locapi( 1592): loc_eng_report_position: valid mask = 0x606d, sess status = 1
01-19 21:27:22.153 D/RPC     ( 1592): written RPC packet size: [28]
01-19 21:27:22.714 I/System.out( 2792): Values: 0.0 0.0
01-19 21:27:22.714 I/System.out( 2792): Time difference in secs is: 30
01-19 21:27:22.834 D/RPC     ( 1592): read RPC packet
01-19 21:27:22.834 D/RPC     ( 1592): read RPC packet size: [272]
01-19 21:27:22.834 V/locapi_rpc_glue( 1592): Callback received: 4 (cb_id=0x6380000 handle=1)
01-19 21:27:22.834 V/locapi_rpc_glue( 1592): +loc_api_callback_process_sync_call
01-19 21:27:22.834 V/locapi_rpc_glue( 1592): -loc_api_callback_process_sync_call, no sync call in use
01-19 21:27:22.834 D/RPC     ( 1592): written RPC packet size: [28]
01-19 21:27:22.834 D/RPC     ( 1592): read RPC packet
01-19 21:27:22.844 D/RPC     ( 1592): read RPC packet size: [272]
01-19 21:27:22.844 V/locapi_rpc_glue( 1592): Callback received: 4 (cb_id=0x6380000 handle=1)
01-19 21:27:22.844 V/locapi_rpc_glue( 1592): +loc_api_callback_process_sync_call
01-19 21:27:22.844 V/locapi_rpc_glue( 1592): -loc_api_callback_process_sync_call, no sync call in use
01-19 21:27:22.844 D/RPC     ( 1592): written RPC packet size: [28]
01-19 21:27:22.844 D/RPC     ( 1592): read RPC packet
01-19 21:27:22.844 D/RPC     ( 1592): read RPC packet size: [272]
01-19 21:27:22.844 V/locapi_rpc_glue( 1592): Callback received: 4 (cb_id=0x6380000 handle=1)
01-19 21:27:22.844 V/locapi_rpc_glue( 1592): +loc_api_callback_process_sync_call
01-19 21:27:22.844 V/locapi_rpc_glue( 1592): -loc_api_callback_process_sync_call, no sync call in use
01-19 21:27:22.844 D/RPC     ( 1592): written RPC packet size: [28]
01-19 21:27:22.854 D/RPC     ( 1592): read RPC packet
01-19 21:27:22.854 D/RPC     ( 1592): read RPC packet size: [272]
01-19 21:27:22.854 V/locapi_rpc_glue( 1592): Callback received: 4 (cb_id=0x6380000 handle=1)
01-19 21:27:22.854 V/locapi_rpc_glue( 1592): +loc_api_callback_process_sync_call
01-19 21:27:22.854 V/locapi_rpc_glue( 1592): -loc_api_callback_process_sync_call, no sync call in use
01-19 21:27:22.854 D/RPC     ( 1592): written RPC packet size: [28]
01-19 21:27:22.854 D/RPC     ( 1592): read RPC packet
01-19 21:27:22.854 D/RPC     ( 1592): read RPC packet size: [96]
01-19 21:27:22.864 V/locapi_rpc_glue( 1592): Callback received: 2 (cb_id=0x6380000 handle=1)
01-19 21:27:22.864 V/locapi_rpc_glue( 1592): +loc_api_callback_process_sync_call
01-19 21:27:22.864 V/locapi_rpc_glue( 1592): -loc_api_callback_process_sync_call, no sync call in use
01-19 21:27:22.864 D/lib_locapi( 1592): loc_eng_report_sv: valid_mask = 0x30, num of sv = 0
01-19 21:27:22.864 D/GpsLocationProvider( 1592): reportSvStatus
01-19 21:27:22.864 V/GpsLocationProvider( 1592): SV count: 0 ephemerisMask: 0 almanacMask: 0
01-19 21:27:22.864 D/RPC     ( 1592): written RPC packet size: [28]
01-19 21:27:22.874 D/RPC     ( 1592): read RPC packet
01-19 21:27:22.874 D/RPC     ( 1592): read RPC packet size: [272]
01-19 21:27:22.874 V/locapi_rpc_glue( 1592): Callback received: 4 (cb_id=0x6380000 handle=1)
01-19 21:27:22.874 V/locapi_rpc_glue( 1592): +loc_api_callback_process_sync_call
01-19 21:27:22.874 V/locapi_rpc_glue( 1592): -loc_api_callback_process_sync_call, no sync call in use
01-19 21:27:22.874 D/RPC     ( 1592): written RPC packet size: [28]
01-19 21:27:22.874 D/RPC     ( 1592): read RPC packet
01-19 21:27:22.874 D/RPC     ( 1592): read RPC packet size: [272]
01-19 21:27:22.874 V/locapi_rpc_glue( 1592): Callback received: 4 (cb_id=0x6380000 handle=1)
01-19 21:27:22.874 V/locapi_rpc_glue( 1592): +loc_api_callback_process_sync_call
01-19 21:27:22.874 V/locapi_rpc_glue( 1592): -loc_api_callback_process_sync_call, no sync call in use
01-19 21:27:22.884 D/RPC     ( 1592): written RPC packet size: [28]
01-19 21:27:22.884 D/RPC     ( 1592): read RPC packet
01-19 21:27:22.884 D/RPC     ( 1592): read RPC packet size: [272]
01-19 21:27:22.884 V/locapi_rpc_glue( 1592): Callback received: 4 (cb_id=0x6380000 handle=1)
01-19 21:27:22.884 V/locapi_rpc_glue( 1592): +loc_api_callback_process_sync_call
01-19 21:27:22.884 V/locapi_rpc_glue( 1592): -loc_api_callback_process_sync_call, no sync call in use
01-19 21:27:22.884 D/RPC     ( 1592): written RPC packet size: [28]
01-19 21:27:22.894 D/RPC     ( 1592): read RPC packet
01-19 21:27:22.894 D/RPC     ( 1592): read RPC packet size: [272]
01-19 21:27:22.894 V/locapi_rpc_glue( 1592): Callback received: 4 (cb_id=0x6380000 handle=1)
01-19 21:27:22.894 V/locapi_rpc_glue( 1592): +loc_api_callback_process_sync_call
01-19 21:27:22.894 V/locapi_rpc_glue( 1592): -loc_api_callback_process_sync_call, no sync call in use
01-19 21:27:22.894 D/RPC     ( 1592): written RPC packet size: [28]
01-19 21:27:23.154 D/RPC     ( 1592): read RPC packet
01-19 21:27:23.154 D/RPC     ( 1592): read RPC packet size: [208]
01-19 21:27:23.154 V/locapi_rpc_glue( 1592): Callback received: 1 (cb_id=0x6380000 handle=1)
01-19 21:27:23.154 V/locapi_rpc_glue( 1592): +loc_api_callback_process_sync_call
01-19 21:27:23.154 V/locapi_rpc_glue( 1592): -loc_api_callback_process_sync_call, no sync call in use
01-19 21:27:23.154 D/lib_locapi( 1592): loc_eng_report_position: valid mask = 0x606d, sess status = 1
01-19 21:27:23.154 D/RPC     ( 1592): written RPC packet size: [28]
01-19 21:27:23.715 I/System.out( 2792): Values: 0.0 0.0
01-19 21:27:23.715 I/System.out( 2792): Time difference in secs is: 30
01-19 21:27:23.835 D/RPC     ( 1592): read RPC packet
01-19 21:27:23.835 D/RPC     ( 1592): read RPC packet size: [272]
01-19 21:27:23.835 V/locapi_rpc_glue( 1592): Callback received: 4 (cb_id=0x6380000 handle=1)
01-19 21:27:23.835 V/locapi_rpc_glue( 1592): +loc_api_callback_process_sync_call
01-19 21:27:23.835 V/locapi_rpc_glue( 1592): -loc_api_callback_process_sync_call, no sync call in use
01-19 21:27:23.835 D/RPC     ( 1592): written RPC packet size: [28]
01-19 21:27:23.845 D/RPC     ( 1592): read RPC packet
01-19 21:27:23.845 D/RPC     ( 1592): read RPC packet size: [272]
01-19 21:27:23.845 V/locapi_rpc_glue( 1592): Callback received: 4 (cb_id=0x6380000 handle=1)
01-19 21:27:23.845 V/locapi_rpc_glue( 1592): +loc_api_callback_process_sync_call
01-19 21:27:23.845 V/locapi_rpc_glue( 1592): -loc_api_callback_process_sync_call, no sync call in use
01-19 21:27:23.845 D/RPC     ( 1592): written RPC packet size: [28]
01-19 21:27:23.845 D/RPC     ( 1592): read RPC packet
01-19 21:27:23.855 D/RPC     ( 1592): read RPC packet size: [272]
01-19 21:27:23.855 V/locapi_rpc_glue( 1592): Callback received: 4 (cb_id=0x6380000 handle=1)
01-19 21:27:23.855 V/locapi_rpc_glue( 1592): +loc_api_callback_process_sync_call
01-19 21:27:23.855 V/locapi_rpc_glue( 1592): -loc_api_callback_process_sync_call, no sync call in use
01-19 21:27:23.855 D/RPC     ( 1592): written RPC packet size: [28]
01-19 21:27:23.855 D/RPC     ( 1592): read RPC packet
01-19 21:27:23.855 D/RPC     ( 1592): read RPC packet size: [272]
01-19 21:27:23.855 V/locapi_rpc_glue( 1592): Callback received: 4 (cb_id=0x6380000 handle=1)
01-19 21:27:23.855 V/locapi_rpc_glue( 1592): +loc_api_callback_process_sync_call
01-19 21:27:23.855 V/locapi_rpc_glue( 1592): -loc_api_callback_process_sync_call, no sync call in use
01-19 21:27:23.865 D/RPC     ( 1592): written RPC packet size: [28]
01-19 21:27:23.865 D/RPC     ( 1592): read RPC packet
01-19 21:27:23.865 D/RPC     ( 1592): read RPC packet size: [96]
01-19 21:27:23.865 V/locapi_rpc_glue( 1592): Callback received: 2 (cb_id=0x6380000 handle=1)
01-19 21:27:23.865 V/locapi_rpc_glue( 1592): +loc_api_callback_process_sync_call
01-19 21:27:23.865 V/locapi_rpc_glue( 1592): -loc_api_callback_process_sync_call, no sync call in use
01-19 21:27:23.865 D/lib_locapi( 1592): loc_eng_report_sv: valid_mask = 0x30, num of sv = 0
01-19 21:27:23.865 D/GpsLocationProvider( 1592): reportSvStatus
01-19 21:27:23.865 V/GpsLocationProvider( 1592): SV count: 0 ephemerisMask: 0 almanacMask: 0
01-19 21:27:23.865 D/RPC     ( 1592): written RPC packet size: [28]
01-19 21:27:23.875 D/RPC     ( 1592): read RPC packet
01-19 21:27:23.875 D/RPC     ( 1592): read RPC packet size: [272]
01-19 21:27:23.875 V/locapi_rpc_glue( 1592): Callback received: 4 (cb_id=0x6380000 handle=1)
01-19 21:27:23.875 V/locapi_rpc_glue( 1592): +loc_api_callback_process_sync_call
01-19 21:27:23.875 V/locapi_rpc_glue( 1592): -loc_api_callback_process_sync_call, no sync call in use
01-19 21:27:23.875 D/RPC     ( 1592): written RPC packet size: [28]
01-19 21:27:23.875 D/RPC     ( 1592): read RPC packet
01-19 21:27:23.875 D/RPC     ( 1592): read RPC packet size: [272]
01-19 21:27:23.875 V/locapi_rpc_glue( 1592): Callback received: 4 (cb_id=0x6380000 handle=1)
01-19 21:27:23.885 V/locapi_rpc_glue( 1592): +loc_api_callback_process_sync_call
01-19 21:27:23.885 V/locapi_rpc_glue( 1592): -loc_api_callback_process_sync_call, no sync call in use
01-19 21:27:23.885 D/RPC     ( 1592): written RPC packet size: [28]
01-19 21:27:23.885 D/RPC     ( 1592): read RPC packet
01-19 21:27:23.885 D/RPC     ( 1592): read RPC packet size: [272]
01-19 21:27:23.885 V/locapi_rpc_glue( 1592): Callback received: 4 (cb_id=0x6380000 handle=1)
01-19 21:27:23.885 V/locapi_rpc_glue( 1592): +loc_api_callback_process_sync_call
01-19 21:27:23.885 V/locapi_rpc_glue( 1592): -loc_api_callback_process_sync_call, no sync call in use
01-19 21:27:23.885 D/RPC     ( 1592): written RPC packet size: [28]
01-19 21:27:23.895 D/RPC     ( 1592): read RPC packet
01-19 21:27:23.895 D/RPC     ( 1592): read RPC packet size: [272]
01-19 21:27:23.895 V/locapi_rpc_glue( 1592): Callback received: 4 (cb_id=0x6380000 handle=1)
01-19 21:27:23.895 V/locapi_rpc_glue( 1592): +loc_api_callback_process_sync_call
01-19 21:27:23.895 V/locapi_rpc_glue( 1592): -loc_api_callback_process_sync_call, no sync call in use
01-19 21:27:23.895 D/RPC     ( 1592): written RPC packet size: [28]
01-19 21:27:24.155 D/RPC     ( 1592): read RPC packet
01-19 21:27:24.155 D/RPC     ( 1592): read RPC packet size: [208]
01-19 21:27:24.155 V/locapi_rpc_glue( 1592): Callback received: 1 (cb_id=0x6380000 handle=1)
01-19 21:27:24.155 V/locapi_rpc_glue( 1592): +loc_api_callback_process_sync_call
01-19 21:27:24.155 V/locapi_rpc_glue( 1592): -loc_api_callback_process_sync_call, no sync call in use
01-19 21:27:24.155 D/lib_locapi( 1592): loc_eng_report_position: valid mask = 0x606d, sess status = 1
01-19 21:27:24.155 D/RPC     ( 1592): written RPC packet size: [28]
01-19 21:27:24.716 I/System.out( 2792): Values: 0.0 0.0
01-19 21:27:24.716 I/System.out( 2792): Time difference in secs is: 30
01-19 21:27:24.836 D/RPC     ( 1592): read RPC packet
01-19 21:27:24.836 D/RPC     ( 1592): read RPC packet size: [272]
01-19 21:27:24.836 V/locapi_rpc_glue( 1592): Callback received: 4 (cb_id=0x6380000 handle=1)
01-19 21:27:24.836 V/locapi_rpc_glue( 1592): +loc_api_callback_process_sync_call
01-19 21:27:24.836 V/locapi_rpc_glue( 1592): -loc_api_callback_process_sync_call, no sync call in use
01-19 21:27:24.836 D/RPC     ( 1592): written RPC packet size: [28]
01-19 21:27:24.836 D/RPC     ( 1592): read RPC packet
01-19 21:27:24.846 D/RPC     ( 1592): read RPC packet size: [272]
01-19 21:27:24.846 V/locapi_rpc_glue( 1592): Callback received: 4 (cb_id=0x6380000 handle=1)
01-19 21:27:24.846 V/locapi_rpc_glue( 1592): +loc_api_callback_process_sync_call
01-19 21:27:24.846 V/locapi_rpc_glue( 1592): -loc_api_callback_process_sync_call, no sync call in use
01-19 21:27:24.846 D/RPC     ( 1592): written RPC packet size: [28]
01-19 21:27:24.846 D/RPC     ( 1592): read RPC packet
01-19 21:27:24.856 D/RPC     ( 1592): read RPC packet size: [272]
01-19 21:27:24.856 V/locapi_rpc_glue( 1592): Callback received: 4 (cb_id=0x6380000 handle=1)
01-19 21:27:24.856 V/locapi_rpc_glue( 1592): +loc_api_callback_process_sync_call
01-19 21:27:24.856 V/locapi_rpc_glue( 1592): -loc_api_callback_process_sync_call, no sync call in use
01-19 21:27:24.856 D/RPC     ( 1592): written RPC packet size: [28]
01-19 21:27:24.856 D/RPC     ( 1592): read RPC packet
01-19 21:27:24.856 D/RPC     ( 1592): read RPC packet size: [272]
01-19 21:27:24.856 V/locapi_rpc_glue( 1592): Callback received: 4 (cb_id=0x6380000 handle=1)
01-19 21:27:24.856 V/locapi_rpc_glue( 1592): +loc_api_callback_process_sync_call
01-19 21:27:24.856 V/locapi_rpc_glue( 1592): -loc_api_callback_process_sync_call, no sync call in use
01-19 21:27:24.866 D/RPC     ( 1592): written RPC packet size: [28]
01-19 21:27:24.866 D/RPC     ( 1592): read RPC packet
01-19 21:27:24.866 D/RPC     ( 1592): read RPC packet size: [96]
01-19 21:27:24.866 V/locapi_rpc_glue( 1592): Callback received: 2 (cb_id=0x6380000 handle=1)
01-19 21:27:24.866 V/locapi_rpc_glue( 1592): +loc_api_callback_process_sync_call
01-19 21:27:24.866 V/locapi_rpc_glue( 1592): -loc_api_callback_process_sync_call, no sync call in use
01-19 21:27:24.866 D/lib_locapi( 1592): loc_eng_report_sv: valid_mask = 0x30, num of sv = 0
01-19 21:27:24.866 D/GpsLocationProvider( 1592): reportSvStatus
01-19 21:27:24.866 V/GpsLocationProvider( 1592): SV count: 0 ephemerisMask: 0 almanacMask: 0
01-19 21:27:24.876 D/RPC     ( 1592): written RPC packet size: [28]
01-19 21:27:24.876 D/RPC     ( 1592): read RPC packet
01-19 21:27:24.876 D/RPC     ( 1592): read RPC packet size: [272]
01-19 21:27:24.876 V/locapi_rpc_glue( 1592): Callback received: 4 (cb_id=0x6380000 handle=1)
01-19 21:27:24.876 V/locapi_rpc_glue( 1592): +loc_api_callback_process_sync_call
01-19 21:27:24.876 V/locapi_rpc_glue( 1592): -loc_api_callback_process_sync_call, no sync call in use
01-19 21:27:24.876 D/RPC     ( 1592): written RPC packet size: [28]
01-19 21:27:24.876 D/RPC     ( 1592): read RPC packet
01-19 21:27:24.876 D/RPC     ( 1592): read RPC packet size: [272]
01-19 21:27:24.886 V/locapi_rpc_glue( 1592): Callback received: 4 (cb_id=0x6380000 handle=1)
01-19 21:27:24.886 V/locapi_rpc_glue( 1592): +loc_api_callback_process_sync_call
01-19 21:27:24.886 V/locapi_rpc_glue( 1592): -loc_api_callback_process_sync_call, no sync call in use
01-19 21:27:24.886 D/RPC     ( 1592): written RPC packet size: [28]
01-19 21:27:24.886 D/RPC     ( 1592): read RPC packet
01-19 21:27:24.886 D/RPC     ( 1592): read RPC packet size: [272]
01-19 21:27:24.886 V/locapi_rpc_glue( 1592): Callback received: 4 (cb_id=0x6380000 handle=1)
01-19 21:27:24.886 V/locapi_rpc_glue( 1592): +loc_api_callback_process_sync_call
01-19 21:27:24.886 V/locapi_rpc_glue( 1592): -loc_api_callback_process_sync_call, no sync call in use
01-19 21:27:24.886 D/RPC     ( 1592): written RPC packet size: [28]
01-19 21:27:24.896 D/RPC     ( 1592): read RPC packet
01-19 21:27:24.896 D/RPC     ( 1592): read RPC packet size: [272]
01-19 21:27:24.896 V/locapi_rpc_glue( 1592): Callback received: 4 (cb_id=0x6380000 handle=1)
01-19 21:27:24.896 V/locapi_rpc_glue( 1592): +loc_api_callback_process_sync_call
01-19 21:27:24.896 V/locapi_rpc_glue( 1592): -loc_api_callback_process_sync_call, no sync call in use
01-19 21:27:24.896 D/RPC     ( 1592): written RPC packet size: [28]
01-19 21:27:25.156 D/RPC     ( 1592): read RPC packet
01-19 21:27:25.156 D/RPC     ( 1592): read RPC packet size: [208]
01-19 21:27:25.156 V/locapi_rpc_glue( 1592): Callback received: 1 (cb_id=0x6380000 handle=1)
01-19 21:27:25.156 V/locapi_rpc_glue( 1592): +loc_api_callback_process_sync_call
01-19 21:27:25.156 V/locapi_rpc_glue( 1592): -loc_api_callback_process_sync_call, no sync call in use
01-19 21:27:25.156 D/lib_locapi( 1592): loc_eng_report_position: valid mask = 0x606d, sess status = 1
01-19 21:27:25.156 D/RPC     ( 1592): written RPC packet size: [28]
01-19 21:27:25.717 I/System.out( 2792): Values: 0.0 0.0
01-19 21:27:25.717 I/System.out( 2792): Time difference in secs is: 30
01-19 21:27:25.837 D/RPC     ( 1592): read RPC packet
01-19 21:27:25.837 D/RPC     ( 1592): read RPC packet size: [272]
01-19 21:27:25.837 V/locapi_rpc_glue( 1592): Callback received: 4 (cb_id=0x6380000 handle=1)
01-19 21:27:25.837 V/locapi_rpc_glue( 1592): +loc_api_callback_process_sync_call
01-19 21:27:25.837 V/locapi_rpc_glue( 1592): -loc_api_callback_process_sync_call, no sync call in use
01-19 21:27:25.837 D/RPC     ( 1592): written RPC packet size: [28]
01-19 21:27:25.847 D/RPC     ( 1592): read RPC packet
01-19 21:27:25.847 D/RPC     ( 1592): read RPC packet size: [272]
01-19 21:27:25.847 V/locapi_rpc_glue( 1592): Callback received: 4 (cb_id=0x6380000 handle=1)
01-19 21:27:25.847 V/locapi_rpc_glue( 1592): +loc_api_callback_process_sync_call
01-19 21:27:25.847 V/locapi_rpc_glue( 1592): -loc_api_callback_process_sync_call, no sync call in use
01-19 21:27:25.847 D/RPC     ( 1592): written RPC packet size: [28]
01-19 21:27:25.857 D/RPC     ( 1592): read RPC packet
01-19 21:27:25.867 D/RPC     ( 1592): read RPC packet size: [272]
01-19 21:27:25.867 V/locapi_rpc_glue( 1592): Callback received: 4 (cb_id=0x6380000 handle=1)
01-19 21:27:25.877 V/locapi_rpc_glue( 1592): +loc_api_callback_process_sync_call
01-19 21:27:25.877 V/locapi_rpc_glue( 1592): -loc_api_callback_process_sync_call, no sync call in use
01-19 21:27:25.877 D/RPC     ( 1592): written RPC packet size: [28]
01-19 21:27:25.887 D/RPC     ( 1592): read RPC packet
01-19 21:27:25.887 D/RPC     ( 1592): read RPC packet size: [272]
01-19 21:27:25.887 V/locapi_rpc_glue( 1592): Callback received: 4 (cb_id=0x6380000 handle=1)
01-19 21:27:25.887 V/locapi_rpc_glue( 1592): +loc_api_callback_process_sync_call
01-19 21:27:25.887 V/locapi_rpc_glue( 1592): -loc_api_callback_process_sync_call, no sync call in use
01-19 21:27:25.887 D/RPC     ( 1592): written RPC packet size: [28]
01-19 21:27:25.897 D/RPC     ( 1592): read RPC packet
01-19 21:27:25.897 D/RPC     ( 1592): read RPC packet size: [96]
01-19 21:27:25.897 V/locapi_rpc_glue( 1592): Callback received: 2 (cb_id=0x6380000 handle=1)
01-19 21:27:25.897 V/locapi_rpc_glue( 1592): +loc_api_callback_process_sync_call
01-19 21:27:25.897 V/locapi_rpc_glue( 1592): -loc_api_callback_process_sync_call, no sync call in use
01-19 21:27:25.897 D/lib_locapi( 1592): loc_eng_report_sv: valid_mask = 0x30, num of sv = 0
01-19 21:27:25.897 D/GpsLocationProvider( 1592): reportSvStatus
01-19 21:27:25.897 V/GpsLocationProvider( 1592): SV count: 0 ephemerisMask: 0 almanacMask: 0
01-19 21:27:25.897 D/RPC     ( 1592): written RPC packet size: [28]
01-19 21:27:25.907 D/RPC     ( 1592): read RPC packet
01-19 21:27:25.907 D/RPC     ( 1592): read RPC packet size: [272]
01-19 21:27:25.907 V/locapi_rpc_glue( 1592): Callback received: 4 (cb_id=0x6380000 handle=1)
01-19 21:27:25.907 V/locapi_rpc_glue( 1592): +loc_api_callback_process_sync_call
01-19 21:27:25.907 V/locapi_rpc_glue( 1592): -loc_api_callback_process_sync_call, no sync call in use
01-19 21:27:25.907 D/RPC     ( 1592): written RPC packet size: [28]
01-19 21:27:25.917 D/RPC     ( 1592): read RPC packet
01-19 21:27:25.917 D/RPC     ( 1592): read RPC packet size: [272]
01-19 21:27:25.917 V/locapi_rpc_glue( 1592): Callback received: 4 (cb_id=0x6380000 handle=1)
01-19 21:27:25.917 V/locapi_rpc_glue( 1592): +loc_api_callback_process_sync_call
01-19 21:27:25.917 V/locapi_rpc_glue( 1592): -loc_api_callback_process_sync_call, no sync call in use
01-19 21:27:25.917 D/RPC     ( 1592): written RPC packet size: [28]
01-19 21:27:25.917 D/RPC     ( 1592): read RPC packet
01-19 21:27:25.917 D/RPC     ( 1592): read RPC packet size: [272]
01-19 21:27:25.927 V/locapi_rpc_glue( 1592): Callback received: 4 (cb_id=0x6380000 handle=1)
01-19 21:27:25.927 V/locapi_rpc_glue( 1592): +loc_api_callback_process_sync_call
01-19 21:27:25.927 V/locapi_rpc_glue( 1592): -loc_api_callback_process_sync_call, no sync call in use
01-19 21:27:25.927 D/RPC     ( 1592): written RPC packet size: [28]
01-19 21:27:25.927 D/RPC     ( 1592): read RPC packet
01-19 21:27:25.927 D/RPC     ( 1592): read RPC packet size: [272]
01-19 21:27:25.927 V/locapi_rpc_glue( 1592): Callback received: 4 (cb_id=0x6380000 handle=1)
01-19 21:27:25.927 V/locapi_rpc_glue( 1592): +loc_api_callback_process_sync_call
01-19 21:27:25.927 V/locapi_rpc_glue( 1592): -loc_api_callback_process_sync_call, no sync call in use
01-19 21:27:25.937 D/RPC     ( 1592): written RPC packet size: [28]
01-19 21:27:26.157 D/RPC     ( 1592): read RPC packet
01-19 21:27:26.157 D/RPC     ( 1592): read RPC packet size: [208]
01-19 21:27:26.157 V/locapi_rpc_glue( 1592): Callback received: 1 (cb_id=0x6380000 handle=1)
01-19 21:27:26.157 V/locapi_rpc_glue( 1592): +loc_api_callback_process_sync_call
01-19 21:27:26.157 V/locapi_rpc_glue( 1592): -loc_api_callback_process_sync_call, no sync call in use
01-19 21:27:26.157 D/lib_locapi( 1592): loc_eng_report_position: valid mask = 0x606d, sess status = 1
01-19 21:27:26.167 D/RPC     ( 1592): written RPC packet size: [28]
01-19 21:27:26.717 I/System.out( 2792): Values: 0.0 0.0
01-19 21:27:26.717 I/System.out( 2792): Time difference in secs is: 30
01-19 21:27:26.838 D/RPC     ( 1592): read RPC packet
01-19 21:27:26.838 D/RPC     ( 1592): read RPC packet size: [272]
01-19 21:27:26.838 V/locapi_rpc_glue( 1592): Callback received: 4 (cb_id=0x6380000 handle=1)
01-19 21:27:26.838 V/locapi_rpc_glue( 1592): +loc_api_callback_process_sync_call
01-19 21:27:26.838 V/locapi_rpc_glue( 1592): -loc_api_callback_process_sync_call, no sync call in use
01-19 21:27:26.838 D/RPC     ( 1592): written RPC packet size: [28]
01-19 21:27:26.848 D/RPC     ( 1592): read RPC packet
01-19 21:27:26.848 D/RPC     ( 1592): read RPC packet size: [272]
01-19 21:27:26.848 V/locapi_rpc_glue( 1592): Callback received: 4 (cb_id=0x6380000 handle=1)
01-19 21:27:26.848 V/locapi_rpc_glue( 1592): +loc_api_callback_process_sync_call
01-19 21:27:26.848 V/locapi_rpc_glue( 1592): -loc_api_callback_process_sync_call, no sync call in use
01-19 21:27:26.848 D/RPC     ( 1592): written RPC packet size: [28]
01-19 21:27:26.858 D/RPC     ( 1592): read RPC packet
01-19 21:27:26.858 D/RPC     ( 1592): read RPC packet size: [272]
01-19 21:27:26.858 V/locapi_rpc_glue( 1592): Callback received: 4 (cb_id=0x6380000 handle=1)
01-19 21:27:26.858 V/locapi_rpc_glue( 1592): +loc_api_callback_process_sync_call
01-19 21:27:26.858 V/locapi_rpc_glue( 1592): -loc_api_callback_process_sync_call, no sync call in use
01-19 21:27:26.858 D/RPC     ( 1592): written RPC packet size: [28]
01-19 21:27:26.858 D/RPC     ( 1592): read RPC packet
01-19 21:27:26.858 D/RPC     ( 1592): read RPC packet size: [272]
01-19 21:27:26.868 V/locapi_rpc_glue( 1592): Callback received: 4 (cb_id=0x6380000 handle=1)
01-19 21:27:26.868 V/locapi_rpc_glue( 1592): +loc_api_callback_process_sync_call
01-19 21:27:26.868 V/locapi_rpc_glue( 1592): -loc_api_callback_process_sync_call, no sync call in use
01-19 21:27:26.868 D/RPC     ( 1592): written RPC packet size: [28]
01-19 21:27:26.868 D/RPC     ( 1592): read RPC packet
01-19 21:27:26.868 D/RPC     ( 1592): read RPC packet size: [96]
01-19 21:27:26.868 V/locapi_rpc_glue( 1592): Callback received: 2 (cb_id=0x6380000 handle=1)
01-19 21:27:26.868 V/locapi_rpc_glue( 1592): +loc_api_callback_process_sync_call
01-19 21:27:26.868 V/locapi_rpc_glue( 1592): -loc_api_callback_process_sync_call, no sync call in use
01-19 21:27:26.878 D/lib_locapi( 1592): loc_eng_report_sv: valid_mask = 0x30, num of sv = 0
01-19 21:27:26.878 D/GpsLocationProvider( 1592): reportSvStatus
01-19 21:27:26.878 V/GpsLocationProvider( 1592): SV count: 0 ephemerisMask: 0 almanacMask: 0
01-19 21:27:26.878 D/RPC     ( 1592): written RPC packet size: [28]
01-19 21:27:26.878 D/RPC     ( 1592): read RPC packet
01-19 21:27:26.878 D/RPC     ( 1592): read RPC packet size: [272]
01-19 21:27:26.878 V/locapi_rpc_glue( 1592): Callback received: 4 (cb_id=0x6380000 handle=1)
01-19 21:27:26.878 V/locapi_rpc_glue( 1592): +loc_api_callback_process_sync_call
01-19 21:27:26.878 V/locapi_rpc_glue( 1592): -loc_api_callback_process_sync_call, no sync call in use
01-19 21:27:26.888 D/RPC     ( 1592): written RPC packet size: [28]
01-19 21:27:26.888 D/RPC     ( 1592): read RPC packet
01-19 21:27:26.888 D/RPC     ( 1592): read RPC packet size: [272]
01-19 21:27:26.888 V/locapi_rpc_glue( 1592): Callback received: 4 (cb_id=0x6380000 handle=1)
01-19 21:27:26.888 V/locapi_rpc_glue( 1592): +loc_api_callback_process_sync_call
01-19 21:27:26.888 V/locapi_rpc_glue( 1592): -loc_api_callback_process_sync_call, no sync call in use
01-19 21:27:26.888 D/RPC     ( 1592): written RPC packet size: [28]
01-19 21:27:26.898 D/RPC     ( 1592): read RPC packet
01-19 21:27:26.898 D/RPC     ( 1592): read RPC packet size: [272]
01-19 21:27:26.898 V/locapi_rpc_glue( 1592): Callback received: 4 (cb_id=0x6380000 handle=1)
01-19 21:27:26.898 V/locapi_rpc_glue( 1592): +loc_api_callback_process_sync_call
01-19 21:27:26.898 V/locapi_rpc_glue( 1592): -loc_api_callback_process_sync_call, no sync call in use
01-19 21:27:26.898 D/RPC     ( 1592): written RPC packet size: [28]
01-19 21:27:26.898 D/RPC     ( 1592): read RPC packet
01-19 21:27:26.898 D/RPC     ( 1592): read RPC packet size: [272]
01-19 21:27:26.908 V/locapi_rpc_glue( 1592): Callback received: 4 (cb_id=0x6380000 handle=1)
01-19 21:27:26.908 V/locapi_rpc_glue( 1592): +loc_api_callback_process_sync_call
01-19 21:27:26.908 V/locapi_rpc_glue( 1592): -loc_api_callback_process_sync_call, no sync call in use
01-19 21:27:26.908 D/RPC     ( 1592): written RPC packet size: [28]
01-19 21:27:27.158 D/RPC     ( 1592): read RPC packet
01-19 21:27:27.158 D/RPC     ( 1592): read RPC packet size: [208]
01-19 21:27:27.168 V/locapi_rpc_glue( 1592): Callback received: 1 (cb_id=0x6380000 handle=1)
01-19 21:27:27.168 V/locapi_rpc_glue( 1592): +loc_api_callback_process_sync_call
01-19 21:27:27.168 V/locapi_rpc_glue( 1592): -loc_api_callback_process_sync_call, no sync call in use
01-19 21:27:27.168 D/lib_locapi( 1592): loc_eng_report_position: valid mask = 0x606d, sess status = 1
01-19 21:27:27.168 D/RPC     ( 1592): written RPC packet size: [28]
01-19 21:27:27.718 I/System.out( 2792): Values: 0.0 0.0
01-19 21:27:27.718 I/System.out( 2792): Time difference in secs is: 30
01-19 21:27:27.839 D/RPC     ( 1592): read RPC packet
01-19 21:27:27.839 D/RPC     ( 1592): read RPC packet size: [272]
01-19 21:27:27.839 V/locapi_rpc_glue( 1592): Callback received: 4 (cb_id=0x6380000 handle=1)
01-19 21:27:27.839 V/locapi_rpc_glue( 1592): +loc_api_callback_process_sync_call
01-19 21:27:27.839 V/locapi_rpc_glue( 1592): -loc_api_callback_process_sync_call, no sync call in use
01-19 21:27:27.839 D/RPC     ( 1592): written RPC packet size: [28]
01-19 21:27:27.849 D/RPC     ( 1592): read RPC packet
01-19 21:27:27.849 D/RPC     ( 1592): read RPC packet size: [272]
01-19 21:27:27.849 V/locapi_rpc_glue( 1592): Callback received: 4 (cb_id=0x6380000 handle=1)
01-19 21:27:27.849 V/locapi_rpc_glue( 1592): +loc_api_callback_process_sync_call
01-19 21:27:27.849 V/locapi_rpc_glue( 1592): -loc_api_callback_process_sync_call, no sync call in use
01-19 21:27:27.849 D/RPC     ( 1592): written RPC packet size: [28]
01-19 21:27:27.859 D/RPC     ( 1592): read RPC packet
01-19 21:27:27.859 D/RPC     ( 1592): read RPC packet size: [272]
01-19 21:27:27.859 V/locapi_rpc_glue( 1592): Callback received: 4 (cb_id=0x6380000 handle=1)
01-19 21:27:27.859 V/locapi_rpc_glue( 1592): +loc_api_callback_process_sync_call
01-19 21:27:27.859 V/locapi_rpc_glue( 1592): -loc_api_callback_process_sync_call, no sync call in use
01-19 21:27:27.859 D/RPC     ( 1592): written RPC packet size: [28]
01-19 21:27:27.859 D/RPC     ( 1592): read RPC packet
01-19 21:27:27.859 D/RPC     ( 1592): read RPC packet size: [272]
01-19 21:27:27.869 V/locapi_rpc_glue( 1592): Callback received: 4 (cb_id=0x6380000 handle=1)
01-19 21:27:27.869 V/locapi_rpc_glue( 1592): +loc_api_callback_process_sync_call
01-19 21:27:27.869 V/locapi_rpc_glue( 1592): -loc_api_callback_process_sync_call, no sync call in use
01-19 21:27:27.869 D/RPC     ( 1592): written RPC packet size: [28]
01-19 21:27:27.869 D/RPC     ( 1592): read RPC packet
01-19 21:27:27.869 D/RPC     ( 1592): read RPC packet size: [96]
01-19 21:27:27.869 V/locapi_rpc_glue( 1592): Callback received: 2 (cb_id=0x6380000 handle=1)
01-19 21:27:27.869 V/locapi_rpc_glue( 1592): +loc_api_callback_process_sync_call
01-19 21:27:27.869 V/locapi_rpc_glue( 1592): -loc_api_callback_process_sync_call, no sync call in use
01-19 21:27:27.879 D/lib_locapi( 1592): loc_eng_report_sv: valid_mask = 0x30, num of sv = 0
01-19 21:27:27.879 D/GpsLocationProvider( 1592): reportSvStatus
01-19 21:27:27.879 V/GpsLocationProvider( 1592): SV count: 0 ephemerisMask: 0 almanacMask: 0
01-19 21:27:27.879 D/RPC     ( 1592): written RPC packet size: [28]
01-19 21:27:27.879 D/RPC     ( 1592): read RPC packet
01-19 21:27:27.879 D/RPC     ( 1592): read RPC packet size: [272]
01-19 21:27:27.879 V/locapi_rpc_glue( 1592): Callback received: 4 (cb_id=0x6380000 handle=1)
01-19 21:27:27.879 V/locapi_rpc_glue( 1592): +loc_api_callback_process_sync_call
01-19 21:27:27.889 V/locapi_rpc_glue( 1592): -loc_api_callback_process_sync_call, no sync call in use
01-19 21:27:27.889 D/RPC     ( 1592): written RPC packet size: [28]
01-19 21:27:27.889 D/RPC     ( 1592): read RPC packet
01-19 21:27:27.889 D/RPC     ( 1592): read RPC packet size: [272]
01-19 21:27:27.889 V/locapi_rpc_glue( 1592): Callback received: 4 (cb_id=0x6380000 handle=1)
01-19 21:27:27.889 V/locapi_rpc_glue( 1592): +loc_api_callback_process_sync_call
01-19 21:27:27.889 V/locapi_rpc_glue( 1592): -loc_api_callback_process_sync_call, no sync call in use
01-19 21:27:27.889 D/RPC     ( 1592): written RPC packet size: [28]
01-19 21:27:27.899 D/RPC     ( 1592): read RPC packet
01-19 21:27:27.899 D/RPC     ( 1592): read RPC packet size: [272]
01-19 21:27:27.899 V/locapi_rpc_glue( 1592): Callback received: 4 (cb_id=0x6380000 handle=1)
01-19 21:27:27.899 V/locapi_rpc_glue( 1592): +loc_api_callback_process_sync_call
01-19 21:27:27.899 V/locapi_rpc_glue( 1592): -loc_api_callback_process_sync_call, no sync call in use
01-19 21:27:27.899 D/RPC     ( 1592): written RPC packet size: [28]
01-19 21:27:27.899 D/RPC     ( 1592): read RPC packet
01-19 21:27:27.909 D/RPC     ( 1592): read RPC packet size: [272]
01-19 21:27:27.909 V/locapi_rpc_glue( 1592): Callback received: 4 (cb_id=0x6380000 handle=1)
01-19 21:27:27.909 V/locapi_rpc_glue( 1592): +loc_api_callback_process_sync_call
01-19 21:27:27.909 V/locapi_rpc_glue( 1592): -loc_api_callback_process_sync_call, no sync call in use
01-19 21:27:27.909 D/RPC     ( 1592): written RPC packet size: [28]
01-19 21:27:28.159 D/RPC     ( 1592): read RPC packet
01-19 21:27:28.159 D/RPC     ( 1592): read RPC packet size: [208]
01-19 21:27:28.169 V/locapi_rpc_glue( 1592): Callback received: 1 (cb_id=0x6380000 handle=1)
01-19 21:27:28.169 V/locapi_rpc_glue( 1592): +loc_api_callback_process_sync_call
01-19 21:27:28.169 V/locapi_rpc_glue( 1592): -loc_api_callback_process_sync_call, no sync call in use
01-19 21:27:28.169 D/lib_locapi( 1592): loc_eng_report_position: valid mask = 0x606d, sess status = 1
01-19 21:27:28.169 D/RPC     ( 1592): written RPC packet size: [28]
01-19 21:27:28.719 I/System.out( 2792): Values: 0.0 0.0
01-19 21:27:28.729 I/System.out( 2792): Time difference in secs is: 30
01-19 21:27:28.840 D/RPC     ( 1592): read RPC packet
01-19 21:27:28.840 D/RPC     ( 1592): read RPC packet size: [272]
01-19 21:27:28.840 V/locapi_rpc_glue( 1592): Callback received: 4 (cb_id=0x6380000 handle=1)
01-19 21:27:28.840 V/locapi_rpc_glue( 1592): +loc_api_callback_process_sync_call
01-19 21:27:28.840 V/locapi_rpc_glue( 1592): -loc_api_callback_process_sync_call, no sync call in use
01-19 21:27:28.840 D/RPC     ( 1592): written RPC packet size: [28]
01-19 21:27:28.850 D/RPC     ( 1592): read RPC packet
01-19 21:27:28.850 D/RPC     ( 1592): read RPC packet size: [272]
01-19 21:27:28.850 V/locapi_rpc_glue( 1592): Callback received: 4 (cb_id=0x6380000 handle=1)
01-19 21:27:28.850 V/locapi_rpc_glue( 1592): +loc_api_callback_process_sync_call
01-19 21:27:28.850 V/locapi_rpc_glue( 1592): -loc_api_callback_process_sync_call, no sync call in use
01-19 21:27:28.850 D/RPC     ( 1592): written RPC packet size: [28]
01-19 21:27:28.850 D/RPC     ( 1592): read RPC packet
01-19 21:27:28.860 D/RPC     ( 1592): read RPC packet size: [272]
01-19 21:27:28.860 V/locapi_rpc_glue( 1592): Callback received: 4 (cb_id=0x6380000 handle=1)
01-19 21:27:28.860 V/locapi_rpc_glue( 1592): +loc_api_callback_process_sync_call
01-19 21:27:28.860 V/locapi_rpc_glue( 1592): -loc_api_callback_process_sync_call, no sync call in use
01-19 21:27:28.860 D/RPC     ( 1592): written RPC packet size: [28]
01-19 21:27:28.860 D/RPC     ( 1592): read RPC packet
01-19 21:27:28.860 D/RPC     ( 1592): read RPC packet size: [272]
01-19 21:27:28.860 V/locapi_rpc_glue( 1592): Callback received: 4 (cb_id=0x6380000 handle=1)
01-19 21:27:28.860 V/locapi_rpc_glue( 1592): +loc_api_callback_process_sync_call
01-19 21:27:28.870 V/locapi_rpc_glue( 1592): -loc_api_callback_process_sync_call, no sync call in use
01-19 21:27:28.870 D/RPC     ( 1592): written RPC packet size: [28]
01-19 21:27:28.870 D/RPC     ( 1592): read RPC packet
01-19 21:27:28.870 D/RPC     ( 1592): read RPC packet size: [96]
01-19 21:27:28.870 V/locapi_rpc_glue( 1592): Callback received: 2 (cb_id=0x6380000 handle=1)
01-19 21:27:28.870 V/locapi_rpc_glue( 1592): +loc_api_callback_process_sync_call
01-19 21:27:28.870 V/locapi_rpc_glue( 1592): -loc_api_callback_process_sync_call, no sync call in use
01-19 21:27:28.870 D/lib_locapi( 1592): loc_eng_report_sv: valid_mask = 0x30, num of sv = 0
01-19 21:27:28.870 D/GpsLocationProvider( 1592): reportSvStatus
01-19 21:27:28.880 V/GpsLocationProvider( 1592): SV count: 0 ephemerisMask: 0 almanacMask: 0
01-19 21:27:28.880 D/RPC     ( 1592): written RPC packet size: [28]
01-19 21:27:28.880 D/RPC     ( 1592): read RPC packet
01-19 21:27:28.880 D/RPC     ( 1592): read RPC packet size: [272]
01-19 21:27:28.880 V/locapi_rpc_glue( 1592): Callback received: 4 (cb_id=0x6380000 handle=1)
01-19 21:27:28.880 V/locapi_rpc_glue( 1592): +loc_api_callback_process_sync_call
01-19 21:27:28.880 V/locapi_rpc_glue( 1592): -loc_api_callback_process_sync_call, no sync call in use
01-19 21:27:28.890 D/RPC     ( 1592): written RPC packet size: [28]
01-19 21:27:28.890 D/RPC     ( 1592): read RPC packet
01-19 21:27:28.890 D/RPC     ( 1592): read RPC packet size: [272]
01-19 21:27:28.890 V/locapi_rpc_glue( 1592): Callback received: 4 (cb_id=0x6380000 handle=1)
01-19 21:27:28.890 V/locapi_rpc_glue( 1592): +loc_api_callback_process_sync_call
01-19 21:27:28.890 V/locapi_rpc_glue( 1592): -loc_api_callback_process_sync_call, no sync call in use
01-19 21:27:28.890 D/RPC     ( 1592): written RPC packet size: [28]
01-19 21:27:28.900 D/RPC     ( 1592): read RPC packet
01-19 21:27:28.900 D/RPC     ( 1592): read RPC packet size: [272]
01-19 21:27:28.900 V/locapi_rpc_glue( 1592): Callback received: 4 (cb_id=0x6380000 handle=1)
01-19 21:27:28.900 V/locapi_rpc_glue( 1592): +loc_api_callback_process_sync_call
01-19 21:27:28.900 V/locapi_rpc_glue( 1592): -loc_api_callback_process_sync_call, no sync call in use
01-19 21:27:28.900 D/RPC     ( 1592): written RPC packet size: [28]
01-19 21:27:28.900 D/RPC     ( 1592): read RPC packet
01-19 21:27:28.900 D/RPC     ( 1592): read RPC packet size: [272]
01-19 21:27:28.910 V/locapi_rpc_glue( 1592): Callback received: 4 (cb_id=0x6380000 handle=1)
01-19 21:27:28.910 V/locapi_rpc_glue( 1592): +loc_api_callback_process_sync_call
01-19 21:27:28.910 V/locapi_rpc_glue( 1592): -loc_api_callback_process_sync_call, no sync call in use
01-19 21:27:28.910 D/RPC     ( 1592): written RPC packet size: [28]
01-19 21:27:29.170 D/RPC     ( 1592): read RPC packet
01-19 21:27:29.170 D/RPC     ( 1592): read RPC packet size: [208]
01-19 21:27:29.170 V/locapi_rpc_glue( 1592): Callback received: 1 (cb_id=0x6380000 handle=1)
01-19 21:27:29.170 V/locapi_rpc_glue( 1592): +loc_api_callback_process_sync_call
01-19 21:27:29.170 V/locapi_rpc_glue( 1592): -loc_api_callback_process_sync_call, no sync call in use
01-19 21:27:29.170 D/lib_locapi( 1592): loc_eng_report_position: valid mask = 0x606d, sess status = 1
01-19 21:27:29.170 D/RPC     ( 1592): written RPC packet size: [28]
01-19 21:27:29.720 I/System.out( 2792): Values: 0.0 0.0
01-19 21:27:29.720 I/System.out( 2792): Time difference in secs is: 30
01-19 21:27:29.841 D/RPC     ( 1592): read RPC packet
01-19 21:27:29.841 D/RPC     ( 1592): read RPC packet size: [272]
01-19 21:27:29.841 V/locapi_rpc_glue( 1592): Callback received: 4 (cb_id=0x6380000 handle=1)
01-19 21:27:29.841 V/locapi_rpc_glue( 1592): +loc_api_callback_process_sync_call
01-19 21:27:29.841 V/locapi_rpc_glue( 1592): -loc_api_callback_process_sync_call, no sync call in use
01-19 21:27:29.841 D/RPC     ( 1592): written RPC packet size: [28]
01-19 21:27:29.841 D/RPC     ( 1592): read RPC packet
01-19 21:27:29.841 D/RPC     ( 1592): read RPC packet size: [272]
01-19 21:27:29.841 V/locapi_rpc_glue( 1592): Callback received: 4 (cb_id=0x6380000 handle=1)
01-19 21:27:29.841 V/locapi_rpc_glue( 1592): +loc_api_callback_process_sync_call
01-19 21:27:29.841 V/locapi_rpc_glue( 1592): -loc_api_callback_process_sync_call, no sync call in use
01-19 21:27:29.841 D/RPC     ( 1592): written RPC packet size: [28]
01-19 21:27:29.851 D/RPC     ( 1592): read RPC packet
01-19 21:27:29.851 D/RPC     ( 1592): read RPC packet size: [272]
01-19 21:27:29.851 V/locapi_rpc_glue( 1592): Callback received: 4 (cb_id=0x6380000 handle=1)
01-19 21:27:29.851 V/locapi_rpc_glue( 1592): +loc_api_callback_process_sync_call
01-19 21:27:29.851 V/locapi_rpc_glue( 1592): -loc_api_callback_process_sync_call, no sync call in use
01-19 21:27:29.851 D/RPC     ( 1592): written RPC packet size: [28]
01-19 21:27:29.851 D/RPC     ( 1592): read RPC packet
01-19 21:27:29.851 D/RPC     ( 1592): read RPC packet size: [272]
01-19 21:27:29.861 V/locapi_rpc_glue( 1592): Callback received: 4 (cb_id=0x6380000 handle=1)
01-19 21:27:29.861 V/locapi_rpc_glue( 1592): +loc_api_callback_process_sync_call
01-19 21:27:29.861 V/locapi_rpc_glue( 1592): -loc_api_callback_process_sync_call, no sync call in use
01-19 21:27:29.861 D/RPC     ( 1592): written RPC packet size: [28]
01-19 21:27:29.861 D/RPC     ( 1592): read RPC packet
01-19 21:27:29.871 D/RPC     ( 1592): read RPC packet size: [96]
01-19 21:27:29.871 V/locapi_rpc_glue( 1592): Callback received: 2 (cb_id=0x6380000 handle=1)
01-19 21:27:29.871 V/locapi_rpc_glue( 1592): +loc_api_callback_process_sync_call
01-19 21:27:29.871 V/locapi_rpc_glue( 1592): -loc_api_callback_process_sync_call, no sync call in use
01-19 21:27:29.871 D/lib_locapi( 1592): loc_eng_report_sv: valid_mask = 0x30, num of sv = 0
01-19 21:27:29.871 D/GpsLocationProvider( 1592): reportSvStatus
01-19 21:27:29.871 V/GpsLocationProvider( 1592): SV count: 0 ephemerisMask: 0 almanacMask: 0
01-19 21:27:29.871 D/RPC     ( 1592): written RPC packet size: [28]
01-19 21:27:29.881 D/RPC     ( 1592): read RPC packet
01-19 21:27:29.881 D/RPC     ( 1592): read RPC packet size: [272]
01-19 21:27:29.881 V/locapi_rpc_glue( 1592): Callback received: 4 (cb_id=0x6380000 handle=1)
01-19 21:27:29.881 V/locapi_rpc_glue( 1592): +loc_api_callback_process_sync_call
01-19 21:27:29.881 V/locapi_rpc_glue( 1592): -loc_api_callback_process_sync_call, no sync call in use
01-19 21:27:29.881 D/RPC     ( 1592): written RPC packet size: [28]
01-19 21:27:29.891 D/RPC     ( 1592): read RPC packet
01-19 21:27:29.891 D/RPC     ( 1592): read RPC packet size: [272]
01-19 21:27:29.891 V/locapi_rpc_glue( 1592): Callback received: 4 (cb_id=0x6380000 handle=1)
01-19 21:27:29.891 V/locapi_rpc_glue( 1592): +loc_api_callback_process_sync_call
01-19 21:27:29.891 V/locapi_rpc_glue( 1592): -loc_api_callback_process_sync_call, no sync call in use
01-19 21:27:29.891 D/RPC     ( 1592): written RPC packet size: [28]
01-19 21:27:29.891 D/RPC     ( 1592): read RPC packet
01-19 21:27:29.891 D/RPC     ( 1592): read RPC packet size: [272]
01-19 21:27:29.901 V/locapi_rpc_glue( 1592): Callback received: 4 (cb_id=0x6380000 handle=1)
01-19 21:27:29.901 V/locapi_rpc_glue( 1592): +loc_api_callback_process_sync_call
01-19 21:27:29.901 V/locapi_rpc_glue( 1592): -loc_api_callback_process_sync_call, no sync call in use
01-19 21:27:29.901 D/RPC     ( 1592): written RPC packet size: [28]
01-19 21:27:29.901 D/RPC     ( 1592): read RPC packet
01-19 21:27:29.911 D/RPC     ( 1592): read RPC packet size: [272]
01-19 21:27:29.911 V/locapi_rpc_glue( 1592): Callback received: 4 (cb_id=0x6380000 handle=1)
01-19 21:27:29.911 V/locapi_rpc_glue( 1592): +loc_api_callback_process_sync_call
01-19 21:27:29.911 V/locapi_rpc_glue( 1592): -loc_api_callback_process_sync_call, no sync call in use
01-19 21:27:29.911 D/RPC     ( 1592): written RPC packet size: [28]
01-19 21:27:30.161 D/RPC     ( 1592): read RPC packet
01-19 21:27:30.161 D/RPC     ( 1592): read RPC packet size: [208]
01-19 21:27:30.161 V/locapi_rpc_glue( 1592): Callback received: 1 (cb_id=0x6380000 handle=1)
01-19 21:27:30.161 V/locapi_rpc_glue( 1592): +loc_api_callback_process_sync_call
01-19 21:27:30.161 V/locapi_rpc_glue( 1592): -loc_api_callback_process_sync_call, no sync call in use
01-19 21:27:30.161 D/lib_locapi( 1592): loc_eng_report_position: valid mask = 0x606d, sess status = 1
01-19 21:27:30.161 D/RPC     ( 1592): written RPC packet size: [28]
01-19 21:27:30.721 I/System.out( 2792): Values: 0.0 0.0
01-19 21:27:30.721 I/System.out( 2792): Time difference in secs is: 30
01-19 21:27:30.842 D/RPC     ( 1592): read RPC packet
01-19 21:27:30.842 D/RPC     ( 1592): read RPC packet size: [272]
01-19 21:27:30.842 V/locapi_rpc_glue( 1592): Callback received: 4 (cb_id=0x6380000 handle=1)
01-19 21:27:30.842 V/locapi_rpc_glue( 1592): +loc_api_callback_process_sync_call
01-19 21:27:30.842 V/locapi_rpc_glue( 1592): -loc_api_callback_process_sync_call, no sync call in use
01-19 21:27:30.842 D/RPC     ( 1592): written RPC packet size: [28]
01-19 21:27:30.842 D/RPC     ( 1592): read RPC packet
01-19 21:27:30.842 D/RPC     ( 1592): read RPC packet size: [272]
01-19 21:27:30.842 V/locapi_rpc_glue( 1592): Callback received: 4 (cb_id=0x6380000 handle=1)
01-19 21:27:30.842 V/locapi_rpc_glue( 1592): +loc_api_callback_process_sync_call
01-19 21:27:30.842 V/locapi_rpc_glue( 1592): -loc_api_callback_process_sync_call, no sync call in use
01-19 21:27:30.842 D/RPC     ( 1592): written RPC packet size: [28]
01-19 21:27:30.852 D/RPC     ( 1592): read RPC packet
01-19 21:27:30.862 D/RPC     ( 1592): read RPC packet size: [272]
