01-19 21:27:30.862 V/locapi_rpc_glue( 1592): Callback received: 4 (cb_id=0x6380000 handle=1)
01-19 21:27:30.872 V/locapi_rpc_glue( 1592): +loc_api_callback_process_sync_call
01-19 21:27:30.872 V/locapi_rpc_glue( 1592): -loc_api_callback_process_sync_call, no sync call in use
01-19 21:27:30.872 D/RPC     ( 1592): written RPC packet size: [28]
01-19 21:27:30.872 D/RPC     ( 1592): read RPC packet
01-19 21:27:30.882 D/RPC     ( 1592): read RPC packet size: [272]
01-19 21:27:30.882 V/locapi_rpc_glue( 1592): Callback received: 4 (cb_id=0x6380000 handle=1)
01-19 21:27:30.882 V/locapi_rpc_glue( 1592): +loc_api_callback_process_sync_call
01-19 21:27:30.882 V/locapi_rpc_glue( 1592): -loc_api_callback_process_sync_call, no sync call in use
01-19 21:27:30.882 D/RPC     ( 1592): written RPC packet size: [28]
01-19 21:27:30.892 D/RPC     ( 1592): read RPC packet
01-19 21:27:30.892 D/RPC     ( 1592): read RPC packet size: [96]
01-19 21:27:30.892 V/locapi_rpc_glue( 1592): Callback received: 2 (cb_id=0x6380000 handle=1)
01-19 21:27:30.892 V/locapi_rpc_glue( 1592): +loc_api_callback_process_sync_call
01-19 21:27:30.892 V/locapi_rpc_glue( 1592): -loc_api_callback_process_sync_call, no sync call in use
01-19 21:27:30.902 D/lib_locapi( 1592): loc_eng_report_sv: valid_mask = 0x30, num of sv = 0
01-19 21:27:30.902 D/GpsLocationProvider( 1592): reportSvStatus
01-19 21:27:30.902 V/GpsLocationProvider( 1592): SV count: 0 ephemerisMask: 0 almanacMask: 0
01-19 21:27:30.902 D/RPC     ( 1592): written RPC packet size: [28]
01-19 21:27:30.912 D/RPC     ( 1592): read RPC packet
01-19 21:27:30.912 D/RPC     ( 1592): read RPC packet size: [272]
01-19 21:27:30.912 V/locapi_rpc_glue( 1592): Callback received: 4 (cb_id=0x6380000 handle=1)
01-19 21:27:30.912 V/locapi_rpc_glue( 1592): +loc_api_callback_process_sync_call
01-19 21:27:30.912 V/locapi_rpc_glue( 1592): -loc_api_callback_process_sync_call, no sync call in use
01-19 21:27:30.912 D/RPC     ( 1592): written RPC packet size: [28]
01-19 21:27:30.912 D/RPC     ( 1592): read RPC packet
01-19 21:27:30.922 D/RPC     ( 1592): read RPC packet size: [272]
01-19 21:27:30.922 V/locapi_rpc_glue( 1592): Callback received: 4 (cb_id=0x6380000 handle=1)
01-19 21:27:30.922 V/locapi_rpc_glue( 1592): +loc_api_callback_process_sync_call
01-19 21:27:30.922 V/locapi_rpc_glue( 1592): -loc_api_callback_process_sync_call, no sync call in use
01-19 21:27:30.922 D/RPC     ( 1592): written RPC packet size: [28]
01-19 21:27:30.932 D/RPC     ( 1592): read RPC packet
01-19 21:27:30.932 D/RPC     ( 1592): read RPC packet size: [272]
01-19 21:27:30.932 V/locapi_rpc_glue( 1592): Callback received: 4 (cb_id=0x6380000 handle=1)
01-19 21:27:30.932 V/locapi_rpc_glue( 1592): +loc_api_callback_process_sync_call
01-19 21:27:30.932 V/locapi_rpc_glue( 1592): -loc_api_callback_process_sync_call, no sync call in use
01-19 21:27:30.932 D/RPC     ( 1592): written RPC packet size: [28]
01-19 21:27:30.932 D/RPC     ( 1592): read RPC packet
01-19 21:27:30.932 D/RPC     ( 1592): read RPC packet size: [272]
01-19 21:27:30.942 V/locapi_rpc_glue( 1592): Callback received: 4 (cb_id=0x6380000 handle=1)
01-19 21:27:30.942 V/locapi_rpc_glue( 1592): +loc_api_callback_process_sync_call
01-19 21:27:30.942 V/locapi_rpc_glue( 1592): -loc_api_callback_process_sync_call, no sync call in use
01-19 21:27:30.942 D/RPC     ( 1592): written RPC packet size: [28]
01-19 21:27:31.162 D/RPC     ( 1592): read RPC packet
01-19 21:27:31.162 D/RPC     ( 1592): read RPC packet size: [208]
01-19 21:27:31.162 V/locapi_rpc_glue( 1592): Callback received: 1 (cb_id=0x6380000 handle=1)
01-19 21:27:31.162 V/locapi_rpc_glue( 1592): +loc_api_callback_process_sync_call
01-19 21:27:31.162 V/locapi_rpc_glue( 1592): -loc_api_callback_process_sync_call, no sync call in use
01-19 21:27:31.162 D/lib_locapi( 1592): loc_eng_report_position: valid mask = 0x606d, sess status = 1
01-19 21:27:31.162 D/RPC     ( 1592): written RPC packet size: [28]
01-19 21:27:31.722 I/System.out( 2792): Values: 0.0 0.0
01-19 21:27:31.722 I/System.out( 2792): Time difference in secs is: 30
01-19 21:27:31.832 D/RPC     ( 1592): read RPC packet
01-19 21:27:31.832 D/RPC     ( 1592): read RPC packet size: [272]
01-19 21:27:31.832 V/locapi_rpc_glue( 1592): Callback received: 4 (cb_id=0x6380000 handle=1)
01-19 21:27:31.832 V/locapi_rpc_glue( 1592): +loc_api_callback_process_sync_call
01-19 21:27:31.832 V/locapi_rpc_glue( 1592): -loc_api_callback_process_sync_call, no sync call in use
01-19 21:27:31.842 D/RPC     ( 1592): written RPC packet size: [28]
01-19 21:27:31.842 D/RPC     ( 1592): read RPC packet
01-19 21:27:31.842 D/RPC     ( 1592): read RPC packet size: [272]
01-19 21:27:31.842 V/locapi_rpc_glue( 1592): Callback received: 4 (cb_id=0x6380000 handle=1)
01-19 21:27:31.842 V/locapi_rpc_glue( 1592): +loc_api_callback_process_sync_call
01-19 21:27:31.842 V/locapi_rpc_glue( 1592): -loc_api_callback_process_sync_call, no sync call in use
01-19 21:27:31.842 D/RPC     ( 1592): written RPC packet size: [28]
01-19 21:27:31.853 D/RPC     ( 1592): read RPC packet
01-19 21:27:31.853 D/RPC     ( 1592): read RPC packet size: [272]
01-19 21:27:31.853 V/locapi_rpc_glue( 1592): Callback received: 4 (cb_id=0x6380000 handle=1)
01-19 21:27:31.853 V/locapi_rpc_glue( 1592): +loc_api_callback_process_sync_call
01-19 21:27:31.853 V/locapi_rpc_glue( 1592): -loc_api_callback_process_sync_call, no sync call in use
01-19 21:27:31.853 D/RPC     ( 1592): written RPC packet size: [28]
01-19 21:27:31.853 D/RPC     ( 1592): read RPC packet
01-19 21:27:31.863 D/RPC     ( 1592): read RPC packet size: [272]
01-19 21:27:31.863 V/locapi_rpc_glue( 1592): Callback received: 4 (cb_id=0x6380000 handle=1)
01-19 21:27:31.863 V/locapi_rpc_glue( 1592): +loc_api_callback_process_sync_call
01-19 21:27:31.863 V/locapi_rpc_glue( 1592): -loc_api_callback_process_sync_call, no sync call in use
01-19 21:27:31.863 D/RPC     ( 1592): written RPC packet size: [28]
01-19 21:27:31.873 D/RPC     ( 1592): read RPC packet
01-19 21:27:31.873 D/RPC     ( 1592): read RPC packet size: [96]
01-19 21:27:31.873 V/locapi_rpc_glue( 1592): Callback received: 2 (cb_id=0x6380000 handle=1)
01-19 21:27:31.873 V/locapi_rpc_glue( 1592): +loc_api_callback_process_sync_call
01-19 21:27:31.873 V/locapi_rpc_glue( 1592): -loc_api_callback_process_sync_call, no sync call in use
01-19 21:27:31.873 D/lib_locapi( 1592): loc_eng_report_sv: valid_mask = 0x30, num of sv = 0
01-19 21:27:31.873 D/GpsLocationProvider( 1592): reportSvStatus
01-19 21:27:31.873 V/GpsLocationProvider( 1592): SV count: 0 ephemerisMask: 0 almanacMask: 0
01-19 21:27:31.873 D/RPC     ( 1592): written RPC packet size: [28]
01-19 21:27:31.883 D/RPC     ( 1592): read RPC packet
01-19 21:27:31.883 D/RPC     ( 1592): read RPC packet size: [272]
01-19 21:27:31.883 V/locapi_rpc_glue( 1592): Callback received: 4 (cb_id=0x6380000 handle=1)
01-19 21:27:31.883 V/locapi_rpc_glue( 1592): +loc_api_callback_process_sync_call
01-19 21:27:31.883 V/locapi_rpc_glue( 1592): -loc_api_callback_process_sync_call, no sync call in use
01-19 21:27:31.883 D/RPC     ( 1592): written RPC packet size: [28]
01-19 21:27:31.893 D/RPC     ( 1592): read RPC packet
01-19 21:27:31.893 D/RPC     ( 1592): read RPC packet size: [272]
01-19 21:27:31.893 V/locapi_rpc_glue( 1592): Callback received: 4 (cb_id=0x6380000 handle=1)
01-19 21:27:31.893 V/locapi_rpc_glue( 1592): +loc_api_callback_process_sync_call
01-19 21:27:31.893 V/locapi_rpc_glue( 1592): -loc_api_callback_process_sync_call, no sync call in use
01-19 21:27:31.893 D/RPC     ( 1592): written RPC packet size: [28]
01-19 21:27:31.893 D/RPC     ( 1592): read RPC packet
01-19 21:27:31.903 D/RPC     ( 1592): read RPC packet size: [272]
01-19 21:27:31.903 V/locapi_rpc_glue( 1592): Callback received: 4 (cb_id=0x6380000 handle=1)
01-19 21:27:31.903 V/locapi_rpc_glue( 1592): +loc_api_callback_process_sync_call
01-19 21:27:31.903 V/locapi_rpc_glue( 1592): -loc_api_callback_process_sync_call, no sync call in use
01-19 21:27:31.903 D/RPC     ( 1592): written RPC packet size: [28]
01-19 21:27:31.913 D/RPC     ( 1592): read RPC packet
01-19 21:27:31.913 D/RPC     ( 1592): read RPC packet size: [272]
01-19 21:27:31.913 V/locapi_rpc_glue( 1592): Callback received: 4 (cb_id=0x6380000 handle=1)
01-19 21:27:31.913 V/locapi_rpc_glue( 1592): +loc_api_callback_process_sync_call
01-19 21:27:31.913 V/locapi_rpc_glue( 1592): -loc_api_callback_process_sync_call, no sync call in use
01-19 21:27:31.913 D/RPC     ( 1592): written RPC packet size: [28]
01-19 21:27:32.163 D/RPC     ( 1592): read RPC packet
01-19 21:27:32.163 D/RPC     ( 1592): read RPC packet size: [208]
01-19 21:27:32.163 V/locapi_rpc_glue( 1592): Callback received: 1 (cb_id=0x6380000 handle=1)
01-19 21:27:32.163 V/locapi_rpc_glue( 1592): +loc_api_callback_process_sync_call
01-19 21:27:32.163 V/locapi_rpc_glue( 1592): -loc_api_callback_process_sync_call, no sync call in use
01-19 21:27:32.163 D/lib_locapi( 1592): loc_eng_report_position: valid mask = 0x606d, sess status = 1
01-19 21:27:32.163 D/RPC     ( 1592): written RPC packet size: [28]
01-19 21:27:32.723 I/System.out( 2792): Values: 0.0 0.0
01-19 21:27:32.723 I/System.out( 2792): Time difference in secs is: 30
01-19 21:27:32.833 D/RPC     ( 1592): read RPC packet
01-19 21:27:32.833 D/RPC     ( 1592): read RPC packet size: [272]
01-19 21:27:32.833 V/locapi_rpc_glue( 1592): Callback received: 4 (cb_id=0x6380000 handle=1)
01-19 21:27:32.833 V/locapi_rpc_glue( 1592): +loc_api_callback_process_sync_call
01-19 21:27:32.833 V/locapi_rpc_glue( 1592): -loc_api_callback_process_sync_call, no sync call in use
01-19 21:27:32.833 D/RPC     ( 1592): written RPC packet size: [28]
01-19 21:27:32.843 D/RPC     ( 1592): read RPC packet
01-19 21:27:32.843 D/RPC     ( 1592): read RPC packet size: [272]
01-19 21:27:32.843 V/locapi_rpc_glue( 1592): Callback received: 4 (cb_id=0x6380000 handle=1)
01-19 21:27:32.843 V/locapi_rpc_glue( 1592): +loc_api_callback_process_sync_call
01-19 21:27:32.843 V/locapi_rpc_glue( 1592): -loc_api_callback_process_sync_call, no sync call in use
01-19 21:27:32.843 D/RPC     ( 1592): written RPC packet size: [28]
01-19 21:27:32.853 D/RPC     ( 1592): read RPC packet
01-19 21:27:32.853 D/RPC     ( 1592): read RPC packet size: [272]
01-19 21:27:32.853 V/locapi_rpc_glue( 1592): Callback received: 4 (cb_id=0x6380000 handle=1)
01-19 21:27:32.853 V/locapi_rpc_glue( 1592): +loc_api_callback_process_sync_call
01-19 21:27:32.853 V/locapi_rpc_glue( 1592): -loc_api_callback_process_sync_call, no sync call in use
01-19 21:27:32.853 D/RPC     ( 1592): written RPC packet size: [28]
01-19 21:27:32.853 D/RPC     ( 1592): read RPC packet
01-19 21:27:32.863 D/RPC     ( 1592): read RPC packet size: [272]
01-19 21:27:32.863 V/locapi_rpc_glue( 1592): Callback received: 4 (cb_id=0x6380000 handle=1)
01-19 21:27:32.863 V/locapi_rpc_glue( 1592): +loc_api_callback_process_sync_call
01-19 21:27:32.863 V/locapi_rpc_glue( 1592): -loc_api_callback_process_sync_call, no sync call in use
01-19 21:27:32.863 D/RPC     ( 1592): written RPC packet size: [28]
01-19 21:27:32.874 D/RPC     ( 1592): read RPC packet
01-19 21:27:32.874 D/RPC     ( 1592): read RPC packet size: [96]
01-19 21:27:32.874 V/locapi_rpc_glue( 1592): Callback received: 2 (cb_id=0x6380000 handle=1)
01-19 21:27:32.874 V/locapi_rpc_glue( 1592): +loc_api_callback_process_sync_call
01-19 21:27:32.874 V/locapi_rpc_glue( 1592): -loc_api_callback_process_sync_call, no sync call in use
01-19 21:27:32.874 D/lib_locapi( 1592): loc_eng_report_sv: valid_mask = 0x30, num of sv = 0
01-19 21:27:32.874 D/GpsLocationProvider( 1592): reportSvStatus
01-19 21:27:32.874 V/GpsLocationProvider( 1592): SV count: 0 ephemerisMask: 0 almanacMask: 0
01-19 21:27:32.884 D/RPC     ( 1592): written RPC packet size: [28]
01-19 21:27:32.884 D/RPC     ( 1592): read RPC packet
01-19 21:27:32.884 D/RPC     ( 1592): read RPC packet size: [272]
01-19 21:27:32.884 V/locapi_rpc_glue( 1592): Callback received: 4 (cb_id=0x6380000 handle=1)
01-19 21:27:32.884 V/locapi_rpc_glue( 1592): +loc_api_callback_process_sync_call
01-19 21:27:32.884 V/locapi_rpc_glue( 1592): -loc_api_callback_process_sync_call, no sync call in use
01-19 21:27:32.884 D/RPC     ( 1592): written RPC packet size: [28]
01-19 21:27:32.894 D/RPC     ( 1592): read RPC packet
01-19 21:27:32.894 D/RPC     ( 1592): read RPC packet size: [272]
01-19 21:27:32.894 V/locapi_rpc_glue( 1592): Callback received: 4 (cb_id=0x6380000 handle=1)
01-19 21:27:32.894 V/locapi_rpc_glue( 1592): +loc_api_callback_process_sync_call
01-19 21:27:32.894 V/locapi_rpc_glue( 1592): -loc_api_callback_process_sync_call, no sync call in use
01-19 21:27:32.894 D/RPC     ( 1592): written RPC packet size: [28]
01-19 21:27:32.894 D/RPC     ( 1592): read RPC packet
01-19 21:27:32.904 D/RPC     ( 1592): read RPC packet size: [272]
01-19 21:27:32.904 V/locapi_rpc_glue( 1592): Callback received: 4 (cb_id=0x6380000 handle=1)
01-19 21:27:32.904 V/locapi_rpc_glue( 1592): +loc_api_callback_process_sync_call
01-19 21:27:32.904 V/locapi_rpc_glue( 1592): -loc_api_callback_process_sync_call, no sync call in use
01-19 21:27:32.904 D/RPC     ( 1592): written RPC packet size: [28]
01-19 21:27:32.914 D/RPC     ( 1592): read RPC packet
01-19 21:27:32.914 D/RPC     ( 1592): read RPC packet size: [272]
01-19 21:27:32.914 V/locapi_rpc_glue( 1592): Callback received: 4 (cb_id=0x6380000 handle=1)
01-19 21:27:32.914 V/locapi_rpc_glue( 1592): +loc_api_callback_process_sync_call
01-19 21:27:32.914 V/locapi_rpc_glue( 1592): -loc_api_callback_process_sync_call, no sync call in use
01-19 21:27:32.914 D/RPC     ( 1592): written RPC packet size: [28]
01-19 21:27:33.164 D/RPC     ( 1592): read RPC packet
01-19 21:27:33.164 D/RPC     ( 1592): read RPC packet size: [208]
01-19 21:27:33.164 V/locapi_rpc_glue( 1592): Callback received: 1 (cb_id=0x6380000 handle=1)
01-19 21:27:33.164 V/locapi_rpc_glue( 1592): +loc_api_callback_process_sync_call
01-19 21:27:33.164 V/locapi_rpc_glue( 1592): -loc_api_callback_process_sync_call, no sync call in use
01-19 21:27:33.164 D/lib_locapi( 1592): loc_eng_report_position: valid mask = 0x606d, sess status = 1
01-19 21:27:33.174 D/RPC     ( 1592): written RPC packet size: [28]
01-19 21:27:33.724 I/System.out( 2792): Values: 0.0 0.0
01-19 21:27:33.724 I/System.out( 2792): Time difference in secs is: 30
01-19 21:27:33.834 D/RPC     ( 1592): read RPC packet
01-19 21:27:33.834 D/RPC     ( 1592): read RPC packet size: [272]
01-19 21:27:33.834 V/locapi_rpc_glue( 1592): Callback received: 4 (cb_id=0x6380000 handle=1)
01-19 21:27:33.834 V/locapi_rpc_glue( 1592): +loc_api_callback_process_sync_call
01-19 21:27:33.834 V/locapi_rpc_glue( 1592): -loc_api_callback_process_sync_call, no sync call in use
01-19 21:27:33.844 D/RPC     ( 1592): written RPC packet size: [28]
01-19 21:27:33.844 D/RPC     ( 1592): read RPC packet
01-19 21:27:33.844 D/RPC     ( 1592): read RPC packet size: [272]
01-19 21:27:33.844 V/locapi_rpc_glue( 1592): Callback received: 4 (cb_id=0x6380000 handle=1)
01-19 21:27:33.844 V/locapi_rpc_glue( 1592): +loc_api_callback_process_sync_call
01-19 21:27:33.844 V/locapi_rpc_glue( 1592): -loc_api_callback_process_sync_call, no sync call in use
01-19 21:27:33.844 D/RPC     ( 1592): written RPC packet size: [28]
01-19 21:27:33.854 D/RPC     ( 1592): read RPC packet
01-19 21:27:33.854 D/RPC     ( 1592): read RPC packet size: [272]
01-19 21:27:33.854 V/locapi_rpc_glue( 1592): Callback received: 4 (cb_id=0x6380000 handle=1)
01-19 21:27:33.854 V/locapi_rpc_glue( 1592): +loc_api_callback_process_sync_call
01-19 21:27:33.854 V/locapi_rpc_glue( 1592): -loc_api_callback_process_sync_call, no sync call in use
01-19 21:27:33.854 D/RPC     ( 1592): written RPC packet size: [28]
01-19 21:27:33.864 D/RPC     ( 1592): read RPC packet
01-19 21:27:33.864 D/RPC     ( 1592): read RPC packet size: [272]
01-19 21:27:33.864 V/locapi_rpc_glue( 1592): Callback received: 4 (cb_id=0x6380000 handle=1)
01-19 21:27:33.864 V/locapi_rpc_glue( 1592): +loc_api_callback_process_sync_call
01-19 21:27:33.864 V/locapi_rpc_glue( 1592): -loc_api_callback_process_sync_call, no sync call in use
01-19 21:27:33.864 D/RPC     ( 1592): written RPC packet size: [28]
01-19 21:27:33.874 D/RPC     ( 1592): read RPC packet
01-19 21:27:33.874 D/RPC     ( 1592): read RPC packet size: [96]
01-19 21:27:33.874 V/locapi_rpc_glue( 1592): Callback received: 2 (cb_id=0x6380000 handle=1)
01-19 21:27:33.874 V/locapi_rpc_glue( 1592): +loc_api_callback_process_sync_call
01-19 21:27:33.874 V/locapi_rpc_glue( 1592): -loc_api_callback_process_sync_call, no sync call in use
01-19 21:27:33.874 D/lib_locapi( 1592): loc_eng_report_sv: valid_mask = 0x30, num of sv = 0
01-19 21:27:33.874 D/GpsLocationProvider( 1592): reportSvStatus
01-19 21:27:33.874 V/GpsLocationProvider( 1592): SV count: 0 ephemerisMask: 0 almanacMask: 0
01-19 21:27:33.884 D/RPC     ( 1592): written RPC packet size: [28]
01-19 21:27:33.884 D/RPC     ( 1592): read RPC packet
01-19 21:27:33.884 D/RPC     ( 1592): read RPC packet size: [272]
01-19 21:27:33.884 V/locapi_rpc_glue( 1592): Callback received: 4 (cb_id=0x6380000 handle=1)
01-19 21:27:33.884 V/locapi_rpc_glue( 1592): +loc_api_callback_process_sync_call
01-19 21:27:33.884 V/locapi_rpc_glue( 1592): -loc_api_callback_process_sync_call, no sync call in use
01-19 21:27:33.894 D/RPC     ( 1592): written RPC packet size: [28]
01-19 21:27:33.894 D/RPC     ( 1592): read RPC packet
01-19 21:27:33.894 D/RPC     ( 1592): read RPC packet size: [272]
01-19 21:27:33.894 V/locapi_rpc_glue( 1592): Callback received: 4 (cb_id=0x6380000 handle=1)
01-19 21:27:33.894 V/locapi_rpc_glue( 1592): +loc_api_callback_process_sync_call
01-19 21:27:33.894 V/locapi_rpc_glue( 1592): -loc_api_callback_process_sync_call, no sync call in use
01-19 21:27:33.894 D/RPC     ( 1592): written RPC packet size: [28]
01-19 21:27:33.905 D/RPC     ( 1592): read RPC packet
01-19 21:27:33.905 D/RPC     ( 1592): read RPC packet size: [272]
01-19 21:27:33.905 V/locapi_rpc_glue( 1592): Callback received: 4 (cb_id=0x6380000 handle=1)
01-19 21:27:33.905 V/locapi_rpc_glue( 1592): +loc_api_callback_process_sync_call
01-19 21:27:33.905 V/locapi_rpc_glue( 1592): -loc_api_callback_process_sync_call, no sync call in use
01-19 21:27:33.905 D/RPC     ( 1592): written RPC packet size: [28]
01-19 21:27:33.915 D/RPC     ( 1592): read RPC packet
01-19 21:27:33.915 D/RPC     ( 1592): read RPC packet size: [272]
01-19 21:27:33.915 V/locapi_rpc_glue( 1592): Callback received: 4 (cb_id=0x6380000 handle=1)
01-19 21:27:33.915 V/locapi_rpc_glue( 1592): +loc_api_callback_process_sync_call
01-19 21:27:33.915 V/locapi_rpc_glue( 1592): -loc_api_callback_process_sync_call, no sync call in use
01-19 21:27:33.915 D/RPC     ( 1592): written RPC packet size: [28]
01-19 21:27:34.165 D/RPC     ( 1592): read RPC packet
01-19 21:27:34.165 D/RPC     ( 1592): read RPC packet size: [208]
01-19 21:27:34.165 V/locapi_rpc_glue( 1592): Callback received: 1 (cb_id=0x6380000 handle=1)
01-19 21:27:34.165 V/locapi_rpc_glue( 1592): +loc_api_callback_process_sync_call
01-19 21:27:34.165 V/locapi_rpc_glue( 1592): -loc_api_callback_process_sync_call, no sync call in use
01-19 21:27:34.175 D/lib_locapi( 1592): loc_eng_report_position: valid mask = 0x606d, sess status = 1
01-19 21:27:34.175 D/RPC     ( 1592): written RPC packet size: [28]
01-19 21:27:34.725 I/System.out( 2792): Values: 0.0 0.0
01-19 21:27:34.725 I/System.out( 2792): Time difference in secs is: 30
01-19 21:27:34.835 D/RPC     ( 1592): read RPC packet
01-19 21:27:34.835 D/RPC     ( 1592): read RPC packet size: [272]
01-19 21:27:34.835 V/locapi_rpc_glue( 1592): Callback received: 4 (cb_id=0x6380000 handle=1)
01-19 21:27:34.835 V/locapi_rpc_glue( 1592): +loc_api_callback_process_sync_call
01-19 21:27:34.835 V/locapi_rpc_glue( 1592): -loc_api_callback_process_sync_call, no sync call in use
01-19 21:27:34.835 D/RPC     ( 1592): written RPC packet size: [28]
01-19 21:27:34.845 D/RPC     ( 1592): read RPC packet
01-19 21:27:34.845 D/RPC     ( 1592): read RPC packet size: [272]
01-19 21:27:34.845 V/locapi_rpc_glue( 1592): Callback received: 4 (cb_id=0x6380000 handle=1)
01-19 21:27:34.845 V/locapi_rpc_glue( 1592): +loc_api_callback_process_sync_call
01-19 21:27:34.845 V/locapi_rpc_glue( 1592): -loc_api_callback_process_sync_call, no sync call in use
01-19 21:27:34.845 D/RPC     ( 1592): written RPC packet size: [28]
01-19 21:27:34.855 D/RPC     ( 1592): read RPC packet
01-19 21:27:34.855 D/RPC     ( 1592): read RPC packet size: [272]
01-19 21:27:34.855 V/locapi_rpc_glue( 1592): Callback received: 4 (cb_id=0x6380000 handle=1)
01-19 21:27:34.855 V/locapi_rpc_glue( 1592): +loc_api_callback_process_sync_call
01-19 21:27:34.855 V/locapi_rpc_glue( 1592): -loc_api_callback_process_sync_call, no sync call in use
01-19 21:27:34.855 D/RPC     ( 1592): written RPC packet size: [28]
01-19 21:27:34.865 D/RPC     ( 1592): read RPC packet
01-19 21:27:34.865 D/RPC     ( 1592): read RPC packet size: [272]
01-19 21:27:34.865 V/locapi_rpc_glue( 1592): Callback received: 4 (cb_id=0x6380000 handle=1)
01-19 21:27:34.865 V/locapi_rpc_glue( 1592): +loc_api_callback_process_sync_call
01-19 21:27:34.865 V/locapi_rpc_glue( 1592): -loc_api_callback_process_sync_call, no sync call in use
01-19 21:27:34.865 D/RPC     ( 1592): written RPC packet size: [28]
01-19 21:27:34.875 D/RPC     ( 1592): read RPC packet
01-19 21:27:34.875 D/RPC     ( 1592): read RPC packet size: [96]
01-19 21:27:34.875 V/locapi_rpc_glue( 1592): Callback received: 2 (cb_id=0x6380000 handle=1)
01-19 21:27:34.875 V/locapi_rpc_glue( 1592): +loc_api_callback_process_sync_call
01-19 21:27:34.875 V/locapi_rpc_glue( 1592): -loc_api_callback_process_sync_call, no sync call in use
01-19 21:27:34.875 D/lib_locapi( 1592): loc_eng_report_sv: valid_mask = 0x30, num of sv = 0
01-19 21:27:34.875 D/GpsLocationProvider( 1592): reportSvStatus
01-19 21:27:34.875 V/GpsLocationProvider( 1592): SV count: 0 ephemerisMask: 0 almanacMask: 0
01-19 21:27:34.885 D/RPC     ( 1592): written RPC packet size: [28]
01-19 21:27:34.885 D/RPC     ( 1592): read RPC packet
01-19 21:27:34.885 D/RPC     ( 1592): read RPC packet size: [272]
01-19 21:27:34.885 V/locapi_rpc_glue( 1592): Callback received: 4 (cb_id=0x6380000 handle=1)
01-19 21:27:34.885 V/locapi_rpc_glue( 1592): +loc_api_callback_process_sync_call
01-19 21:27:34.885 V/locapi_rpc_glue( 1592): -loc_api_callback_process_sync_call, no sync call in use
01-19 21:27:34.895 D/RPC     ( 1592): written RPC packet size: [28]
01-19 21:27:34.895 D/RPC     ( 1592): read RPC packet
01-19 21:27:34.895 D/RPC     ( 1592): read RPC packet size: [272]
01-19 21:27:34.895 V/locapi_rpc_glue( 1592): Callback received: 4 (cb_id=0x6380000 handle=1)
01-19 21:27:34.895 V/locapi_rpc_glue( 1592): +loc_api_callback_process_sync_call
01-19 21:27:34.895 V/locapi_rpc_glue( 1592): -loc_api_callback_process_sync_call, no sync call in use
01-19 21:27:34.895 D/RPC     ( 1592): written RPC packet size: [28]
01-19 21:27:34.905 D/RPC     ( 1592): read RPC packet
01-19 21:27:34.905 D/RPC     ( 1592): read RPC packet size: [272]
01-19 21:27:34.905 V/locapi_rpc_glue( 1592): Callback received: 4 (cb_id=0x6380000 handle=1)
01-19 21:27:34.905 V/locapi_rpc_glue( 1592): +loc_api_callback_process_sync_call
01-19 21:27:34.905 V/locapi_rpc_glue( 1592): -loc_api_callback_process_sync_call, no sync call in use
01-19 21:27:34.905 D/RPC     ( 1592): written RPC packet size: [28]
01-19 21:27:34.915 D/RPC     ( 1592): read RPC packet
01-19 21:27:34.915 D/RPC     ( 1592): read RPC packet size: [272]
01-19 21:27:34.915 V/locapi_rpc_glue( 1592): Callback received: 4 (cb_id=0x6380000 handle=1)
01-19 21:27:34.915 V/locapi_rpc_glue( 1592): +loc_api_callback_process_sync_call
01-19 21:27:34.915 V/locapi_rpc_glue( 1592): -loc_api_callback_process_sync_call, no sync call in use
01-19 21:27:34.915 D/RPC     ( 1592): written RPC packet size: [28]
01-19 21:27:35.166 D/RPC     ( 1592): read RPC packet
01-19 21:27:35.166 D/RPC     ( 1592): read RPC packet size: [208]
01-19 21:27:35.166 V/locapi_rpc_glue( 1592): Callback received: 1 (cb_id=0x6380000 handle=1)
01-19 21:27:35.166 V/locapi_rpc_glue( 1592): +loc_api_callback_process_sync_call
01-19 21:27:35.176 V/locapi_rpc_glue( 1592): -loc_api_callback_process_sync_call, no sync call in use
01-19 21:27:35.176 D/lib_locapi( 1592): loc_eng_report_position: valid mask = 0x606d, sess status = 1
01-19 21:27:35.176 D/RPC     ( 1592): written RPC packet size: [28]
01-19 21:27:35.726 I/System.out( 2792): Values: 0.0 0.0
01-19 21:27:35.726 I/System.out( 2792): Time difference in secs is: 30
01-19 21:27:35.836 D/RPC     ( 1592): read RPC packet
01-19 21:27:35.836 D/RPC     ( 1592): read RPC packet size: [272]
01-19 21:27:35.836 V/locapi_rpc_glue( 1592): Callback received: 4 (cb_id=0x6380000 handle=1)
01-19 21:27:35.836 V/locapi_rpc_glue( 1592): +loc_api_callback_process_sync_call
01-19 21:27:35.836 V/locapi_rpc_glue( 1592): -loc_api_callback_process_sync_call, no sync call in use
01-19 21:27:35.836 D/RPC     ( 1592): written RPC packet size: [28]
01-19 21:27:35.846 D/RPC     ( 1592): read RPC packet
01-19 21:27:35.846 D/RPC     ( 1592): read RPC packet size: [272]
01-19 21:27:35.846 V/locapi_rpc_glue( 1592): Callback received: 4 (cb_id=0x6380000 handle=1)
01-19 21:27:35.846 V/locapi_rpc_glue( 1592): +loc_api_callback_process_sync_call
01-19 21:27:35.846 V/locapi_rpc_glue( 1592): -loc_api_callback_process_sync_call, no sync call in use
01-19 21:27:35.846 D/RPC     ( 1592): written RPC packet size: [28]
01-19 21:27:35.856 D/RPC     ( 1592): read RPC packet
01-19 21:27:35.866 D/RPC     ( 1592): read RPC packet size: [272]
01-19 21:27:35.876 V/locapi_rpc_glue( 1592): Callback received: 4 (cb_id=0x6380000 handle=1)
01-19 21:27:35.876 V/locapi_rpc_glue( 1592): +loc_api_callback_process_sync_call
01-19 21:27:35.886 V/locapi_rpc_glue( 1592): -loc_api_callback_process_sync_call, no sync call in use
01-19 21:27:35.886 D/RPC     ( 1592): written RPC packet size: [28]
01-19 21:27:35.896 D/RPC     ( 1592): read RPC packet
01-19 21:27:35.896 D/RPC     ( 1592): read RPC packet size: [272]
01-19 21:27:35.896 V/locapi_rpc_glue( 1592): Callback received: 4 (cb_id=0x6380000 handle=1)
01-19 21:27:35.896 V/locapi_rpc_glue( 1592): +loc_api_callback_process_sync_call
01-19 21:27:35.896 V/locapi_rpc_glue( 1592): -loc_api_callback_process_sync_call, no sync call in use
01-19 21:27:35.896 D/RPC     ( 1592): written RPC packet size: [28]
01-19 21:27:35.896 D/RPC     ( 1592): read RPC packet
01-19 21:27:35.906 D/RPC     ( 1592): read RPC packet size: [96]
01-19 21:27:35.906 V/locapi_rpc_glue( 1592): Callback received: 2 (cb_id=0x6380000 handle=1)
01-19 21:27:35.906 V/locapi_rpc_glue( 1592): +loc_api_callback_process_sync_call
01-19 21:27:35.906 V/locapi_rpc_glue( 1592): -loc_api_callback_process_sync_call, no sync call in use
01-19 21:27:35.906 D/lib_locapi( 1592): loc_eng_report_sv: valid_mask = 0x30, num of sv = 0
01-19 21:27:35.906 D/GpsLocationProvider( 1592): reportSvStatus
01-19 21:27:35.906 V/GpsLocationProvider( 1592): SV count: 0 ephemerisMask: 0 almanacMask: 0
01-19 21:27:35.906 D/RPC     ( 1592): written RPC packet size: [28]
01-19 21:27:35.916 D/RPC     ( 1592): read RPC packet
01-19 21:27:35.916 D/RPC     ( 1592): read RPC packet size: [272]
01-19 21:27:35.916 V/locapi_rpc_glue( 1592): Callback received: 4 (cb_id=0x6380000 handle=1)
01-19 21:27:35.916 V/locapi_rpc_glue( 1592): +loc_api_callback_process_sync_call
01-19 21:27:35.916 V/locapi_rpc_glue( 1592): -loc_api_callback_process_sync_call, no sync call in use
01-19 21:27:35.916 D/RPC     ( 1592): written RPC packet size: [28]
01-19 21:27:35.916 D/RPC     ( 1592): read RPC packet
01-19 21:27:35.916 D/RPC     ( 1592): read RPC packet size: [272]
01-19 21:27:35.916 V/locapi_rpc_glue( 1592): Callback received: 4 (cb_id=0x6380000 handle=1)
01-19 21:27:35.916 V/locapi_rpc_glue( 1592): +loc_api_callback_process_sync_call
01-19 21:27:35.916 V/locapi_rpc_glue( 1592): -loc_api_callback_process_sync_call, no sync call in use
01-19 21:27:35.916 D/RPC     ( 1592): written RPC packet size: [28]
01-19 21:27:35.916 D/RPC     ( 1592): read RPC packet
01-19 21:27:35.916 D/RPC     ( 1592): read RPC packet size: [272]
01-19 21:27:35.916 V/locapi_rpc_glue( 1592): Callback received: 4 (cb_id=0x6380000 handle=1)
01-19 21:27:35.926 V/locapi_rpc_glue( 1592): +loc_api_callback_process_sync_call
01-19 21:27:35.926 V/locapi_rpc_glue( 1592): -loc_api_callback_process_sync_call, no sync call in use
01-19 21:27:35.926 D/RPC     ( 1592): written RPC packet size: [28]
01-19 21:27:35.926 D/RPC     ( 1592): read RPC packet
01-19 21:27:35.926 D/RPC     ( 1592): read RPC packet size: [272]
01-19 21:27:35.926 V/locapi_rpc_glue( 1592): Callback received: 4 (cb_id=0x6380000 handle=1)
01-19 21:27:35.926 V/locapi_rpc_glue( 1592): +loc_api_callback_process_sync_call
01-19 21:27:35.926 V/locapi_rpc_glue( 1592): -loc_api_callback_process_sync_call, no sync call in use
01-19 21:27:35.926 D/RPC     ( 1592): written RPC packet size: [28]
01-19 21:27:36.167 D/RPC     ( 1592): read RPC packet
01-19 21:27:36.167 D/RPC     ( 1592): read RPC packet size: [208]
01-19 21:27:36.167 V/locapi_rpc_glue( 1592): Callback received: 1 (cb_id=0x6380000 handle=1)
01-19 21:27:36.177 V/locapi_rpc_glue( 1592): +loc_api_callback_process_sync_call
01-19 21:27:36.177 V/locapi_rpc_glue( 1592): -loc_api_callback_process_sync_call, no sync call in use
01-19 21:27:36.177 D/lib_locapi( 1592): loc_eng_report_position: valid mask = 0x606d, sess status = 1
01-19 21:27:36.177 D/RPC     ( 1592): written RPC packet size: [28]
01-19 21:27:36.737 I/System.out( 2792): Values: 0.0 0.0
01-19 21:27:36.737 I/System.out( 2792): Time difference in secs is: 30
01-19 21:27:36.837 D/RPC     ( 1592): read RPC packet
01-19 21:27:36.837 D/RPC     ( 1592): read RPC packet size: [272]
01-19 21:27:36.837 V/locapi_rpc_glue( 1592): Callback received: 4 (cb_id=0x6380000 handle=1)
01-19 21:27:36.837 V/locapi_rpc_glue( 1592): +loc_api_callback_process_sync_call
01-19 21:27:36.847 V/locapi_rpc_glue( 1592): -loc_api_callback_process_sync_call, no sync call in use
01-19 21:27:36.847 D/RPC     ( 1592): written RPC packet size: [28]
01-19 21:27:36.847 D/RPC     ( 1592): read RPC packet
01-19 21:27:36.847 D/RPC     ( 1592): read RPC packet size: [272]
01-19 21:27:36.847 V/locapi_rpc_glue( 1592): Callback received: 4 (cb_id=0x6380000 handle=1)
01-19 21:27:36.847 V/locapi_rpc_glue( 1592): +loc_api_callback_process_sync_call
01-19 21:27:36.847 V/locapi_rpc_glue( 1592): -loc_api_callback_process_sync_call, no sync call in use
01-19 21:27:36.857 D/RPC     ( 1592): written RPC packet size: [28]
01-19 21:27:36.857 D/RPC     ( 1592): read RPC packet
01-19 21:27:36.857 D/RPC     ( 1592): read RPC packet size: [272]
01-19 21:27:36.857 V/locapi_rpc_glue( 1592): Callback received: 4 (cb_id=0x6380000 handle=1)
01-19 21:27:36.857 V/locapi_rpc_glue( 1592): +loc_api_callback_process_sync_call
01-19 21:27:36.857 V/locapi_rpc_glue( 1592): -loc_api_callback_process_sync_call, no sync call in use
01-19 21:27:36.867 D/RPC     ( 1592): written RPC packet size: [28]
01-19 21:27:36.867 D/RPC     ( 1592): read RPC packet
01-19 21:27:36.867 D/RPC     ( 1592): read RPC packet size: [272]
01-19 21:27:36.867 V/locapi_rpc_glue( 1592): Callback received: 4 (cb_id=0x6380000 handle=1)
01-19 21:27:36.867 V/locapi_rpc_glue( 1592): +loc_api_callback_process_sync_call
01-19 21:27:36.867 V/locapi_rpc_glue( 1592): -loc_api_callback_process_sync_call, no sync call in use
01-19 21:27:36.877 D/RPC     ( 1592): written RPC packet size: [28]
01-19 21:27:36.877 D/RPC     ( 1592): read RPC packet
01-19 21:27:36.877 D/RPC     ( 1592): read RPC packet size: [96]
01-19 21:27:36.877 V/locapi_rpc_glue( 1592): Callback received: 2 (cb_id=0x6380000 handle=1)
01-19 21:27:36.877 V/locapi_rpc_glue( 1592): +loc_api_callback_process_sync_call
01-19 21:27:36.877 V/locapi_rpc_glue( 1592): -loc_api_callback_process_sync_call, no sync call in use
01-19 21:27:36.887 D/lib_locapi( 1592): loc_eng_report_sv: valid_mask = 0x30, num of sv = 0
01-19 21:27:36.887 D/GpsLocationProvider( 1592): reportSvStatus
01-19 21:27:36.887 V/GpsLocationProvider( 1592): SV count: 0 ephemerisMask: 0 almanacMask: 0
01-19 21:27:36.887 D/RPC     ( 1592): written RPC packet size: [28]
01-19 21:27:36.897 D/RPC     ( 1592): read RPC packet
01-19 21:27:36.897 D/RPC     ( 1592): read RPC packet size: [272]
01-19 21:27:36.897 V/locapi_rpc_glue( 1592): Callback received: 4 (cb_id=0x6380000 handle=1)
01-19 21:27:36.897 V/locapi_rpc_glue( 1592): +loc_api_callback_process_sync_call
01-19 21:27:36.897 V/locapi_rpc_glue( 1592): -loc_api_callback_process_sync_call, no sync call in use
01-19 21:27:36.897 D/RPC     ( 1592): written RPC packet size: [28]
01-19 21:27:36.897 D/RPC     ( 1592): read RPC packet
01-19 21:27:36.907 D/RPC     ( 1592): read RPC packet size: [272]
01-19 21:27:36.907 V/locapi_rpc_glue( 1592): Callback received: 4 (cb_id=0x6380000 handle=1)
01-19 21:27:36.907 V/locapi_rpc_glue( 1592): +loc_api_callback_process_sync_call
01-19 21:27:36.907 V/locapi_rpc_glue( 1592): -loc_api_callback_process_sync_call, no sync call in use
01-19 21:27:36.907 D/RPC     ( 1592): written RPC packet size: [28]
01-19 21:27:36.917 D/RPC     ( 1592): read RPC packet
01-19 21:27:36.917 D/RPC     ( 1592): read RPC packet size: [272]
01-19 21:27:36.917 V/locapi_rpc_glue( 1592): Callback received: 4 (cb_id=0x6380000 handle=1)
01-19 21:27:36.917 V/locapi_rpc_glue( 1592): +loc_api_callback_process_sync_call
01-19 21:27:36.917 V/locapi_rpc_glue( 1592): -loc_api_callback_process_sync_call, no sync call in use
01-19 21:27:36.917 D/RPC     ( 1592): written RPC packet size: [28]
01-19 21:27:36.917 D/RPC     ( 1592): read RPC packet
01-19 21:27:36.927 D/RPC     ( 1592): read RPC packet size: [272]
01-19 21:27:36.927 V/locapi_rpc_glue( 1592): Callback received: 4 (cb_id=0x6380000 handle=1)
01-19 21:27:36.927 V/locapi_rpc_glue( 1592): +loc_api_callback_process_sync_call
01-19 21:27:36.927 V/locapi_rpc_glue( 1592): -loc_api_callback_process_sync_call, no sync call in use
01-19 21:27:36.927 D/RPC     ( 1592): written RPC packet size: [28]
01-19 21:27:37.178 D/RPC     ( 1592): read RPC packet
01-19 21:27:37.178 D/RPC     ( 1592): read RPC packet size: [208]
01-19 21:27:37.178 V/locapi_rpc_glue( 1592): Callback received: 1 (cb_id=0x6380000 handle=1)
01-19 21:27:37.178 V/locapi_rpc_glue( 1592): +loc_api_callback_process_sync_call
01-19 21:27:37.178 V/locapi_rpc_glue( 1592): -loc_api_callback_process_sync_call, no sync call in use
01-19 21:27:37.178 D/lib_locapi( 1592): loc_eng_report_position: valid mask = 0x606d, sess status = 1
01-19 21:27:37.178 D/RPC     ( 1592): written RPC packet size: [28]
01-19 21:27:37.738 I/System.out( 2792): Values: 0.0 0.0
01-19 21:27:37.738 I/System.out( 2792): Time difference in secs is: 30
01-19 21:27:37.838 D/RPC     ( 1592): read RPC packet
01-19 21:27:37.838 D/RPC     ( 1592): read RPC packet size: [272]
01-19 21:27:37.838 V/locapi_rpc_glue( 1592): Callback received: 4 (cb_id=0x6380000 handle=1)
01-19 21:27:37.838 V/locapi_rpc_glue( 1592): +loc_api_callback_process_sync_call
01-19 21:27:37.838 V/locapi_rpc_glue( 1592): -loc_api_callback_process_sync_call, no sync call in use
01-19 21:27:37.848 D/RPC     ( 1592): written RPC packet size: [28]
01-19 21:27:37.848 D/RPC     ( 1592): read RPC packet
01-19 21:27:37.848 D/RPC     ( 1592): read RPC packet size: [272]
01-19 21:27:37.848 V/locapi_rpc_glue( 1592): Callback received: 4 (cb_id=0x6380000 handle=1)
01-19 21:27:37.848 V/locapi_rpc_glue( 1592): +loc_api_callback_process_sync_call
01-19 21:27:37.848 V/locapi_rpc_glue( 1592): -loc_api_callback_process_sync_call, no sync call in use
01-19 21:27:37.858 D/RPC     ( 1592): written RPC packet size: [28]
01-19 21:27:37.858 D/RPC     ( 1592): read RPC packet
01-19 21:27:37.858 D/RPC     ( 1592): read RPC packet size: [272]
01-19 21:27:37.858 V/locapi_rpc_glue( 1592): Callback received: 4 (cb_id=0x6380000 handle=1)
01-19 21:27:37.858 V/locapi_rpc_glue( 1592): +loc_api_callback_process_sync_call
01-19 21:27:37.858 V/locapi_rpc_glue( 1592): -loc_api_callback_process_sync_call, no sync call in use
01-19 21:27:37.868 D/RPC     ( 1592): written RPC packet size: [28]
01-19 21:27:37.868 D/RPC     ( 1592): read RPC packet
01-19 21:27:37.868 D/RPC     ( 1592): read RPC packet size: [272]
01-19 21:27:37.868 V/locapi_rpc_glue( 1592): Callback received: 4 (cb_id=0x6380000 handle=1)
01-19 21:27:37.868 V/locapi_rpc_glue( 1592): +loc_api_callback_process_sync_call
01-19 21:27:37.868 V/locapi_rpc_glue( 1592): -loc_api_callback_process_sync_call, no sync call in use
01-19 21:27:37.878 D/RPC     ( 1592): written RPC packet size: [28]
01-19 21:27:37.878 D/RPC     ( 1592): read RPC packet
01-19 21:27:37.878 D/RPC     ( 1592): read RPC packet size: [96]
01-19 21:27:37.878 V/locapi_rpc_glue( 1592): Callback received: 2 (cb_id=0x6380000 handle=1)
01-19 21:27:37.878 V/locapi_rpc_glue( 1592): +loc_api_callback_process_sync_call
01-19 21:27:37.888 V/locapi_rpc_glue( 1592): -loc_api_callback_process_sync_call, no sync call in use
01-19 21:27:37.888 D/lib_locapi( 1592): loc_eng_report_sv: valid_mask = 0x30, num of sv = 0
01-19 21:27:37.888 D/GpsLocationProvider( 1592): reportSvStatus
01-19 21:27:37.888 V/GpsLocationProvider( 1592): SV count: 0 ephemerisMask: 0 almanacMask: 0
01-19 21:27:37.888 D/RPC     ( 1592): written RPC packet size: [28]
01-19 21:27:37.898 D/RPC     ( 1592): read RPC packet
01-19 21:27:37.898 D/RPC     ( 1592): read RPC packet size: [272]
01-19 21:27:37.898 V/locapi_rpc_glue( 1592): Callback received: 4 (cb_id=0x6380000 handle=1)
01-19 21:27:37.898 V/locapi_rpc_glue( 1592): +loc_api_callback_process_sync_call
01-19 21:27:37.898 V/locapi_rpc_glue( 1592): -loc_api_callback_process_sync_call, no sync call in use
01-19 21:27:37.898 D/RPC     ( 1592): written RPC packet size: [28]
01-19 21:27:37.908 D/RPC     ( 1592): read RPC packet
01-19 21:27:37.908 D/RPC     ( 1592): read RPC packet size: [272]
01-19 21:27:37.908 V/locapi_rpc_glue( 1592): Callback received: 4 (cb_id=0x6380000 handle=1)
01-19 21:27:37.908 V/locapi_rpc_glue( 1592): +loc_api_callback_process_sync_call
01-19 21:27:37.908 V/locapi_rpc_glue( 1592): -loc_api_callback_process_sync_call, no sync call in use
01-19 21:27:37.908 D/RPC     ( 1592): written RPC packet size: [28]
01-19 21:27:37.918 D/RPC     ( 1592): read RPC packet
01-19 21:27:37.918 D/RPC     ( 1592): read RPC packet size: [272]
01-19 21:27:37.918 V/locapi_rpc_glue( 1592): Callback received: 4 (cb_id=0x6380000 handle=1)
01-19 21:27:37.918 V/locapi_rpc_glue( 1592): +loc_api_callback_process_sync_call
01-19 21:27:37.918 V/locapi_rpc_glue( 1592): -loc_api_callback_process_sync_call, no sync call in use
01-19 21:27:37.918 D/RPC     ( 1592): written RPC packet size: [28]
01-19 21:27:37.928 D/RPC     ( 1592): read RPC packet
01-19 21:27:37.928 D/RPC     ( 1592): read RPC packet size: [272]
01-19 21:27:37.928 V/locapi_rpc_glue( 1592): Callback received: 4 (cb_id=0x6380000 handle=1)
01-19 21:27:37.928 V/locapi_rpc_glue( 1592): +loc_api_callback_process_sync_call
01-19 21:27:37.928 V/locapi_rpc_glue( 1592): -loc_api_callback_process_sync_call, no sync call in use
01-19 21:27:37.928 D/RPC     ( 1592): written RPC packet size: [28]
01-19 21:27:38.179 D/RPC     ( 1592): read RPC packet
01-19 21:27:38.179 D/RPC     ( 1592): read RPC packet size: [208]
01-19 21:27:38.179 V/locapi_rpc_glue( 1592): Callback received: 1 (cb_id=0x6380000 handle=1)
01-19 21:27:38.179 V/locapi_rpc_glue( 1592): +loc_api_callback_process_sync_call
01-19 21:27:38.179 V/locapi_rpc_glue( 1592): -loc_api_callback_process_sync_call, no sync call in use
01-19 21:27:38.179 D/lib_locapi( 1592): loc_eng_report_position: valid mask = 0x606d, sess status = 1
01-19 21:27:38.189 D/RPC     ( 1592): written RPC packet size: [28]
01-19 21:27:38.739 I/System.out( 2792): Values: 0.0 0.0
01-19 21:27:38.759 I/System.out( 2792): Time difference in secs is: 30
01-19 21:27:38.809 D/dalvikvm( 2792): GC_CONCURRENT freed 431K, 9% free 6593K/7175K, paused 5ms+1ms
01-19 21:27:38.839 D/RPC     ( 1592): read RPC packet
01-19 21:27:38.839 D/RPC     ( 1592): read RPC packet size: [272]
01-19 21:27:38.839 V/locapi_rpc_glue( 1592): Callback received: 4 (cb_id=0x6380000 handle=1)
01-19 21:27:38.839 V/locapi_rpc_glue( 1592): +loc_api_callback_process_sync_call
01-19 21:27:38.839 V/locapi_rpc_glue( 1592): -loc_api_callback_process_sync_call, no sync call in use
01-19 21:27:38.839 D/RPC     ( 1592): written RPC packet size: [28]
01-19 21:27:38.839 D/RPC     ( 1592): read RPC packet
01-19 21:27:38.839 D/RPC     ( 1592): read RPC packet size: [272]
01-19 21:27:38.849 V/locapi_rpc_glue( 1592): Callback received: 4 (cb_id=0x6380000 handle=1)
01-19 21:27:38.849 V/locapi_rpc_glue( 1592): +loc_api_callback_process_sync_call
01-19 21:27:38.849 V/locapi_rpc_glue( 1592): -loc_api_callback_process_sync_call, no sync call in use
01-19 21:27:38.849 D/RPC     ( 1592): written RPC packet size: [28]
01-19 21:27:38.849 D/RPC     ( 1592): read RPC packet
01-19 21:27:38.849 D/RPC     ( 1592): read RPC packet size: [272]
01-19 21:27:38.849 V/locapi_rpc_glue( 1592): Callback received: 4 (cb_id=0x6380000 handle=1)
01-19 21:27:38.849 V/locapi_rpc_glue( 1592): +loc_api_callback_process_sync_call
01-19 21:27:38.849 V/locapi_rpc_glue( 1592): -loc_api_callback_process_sync_call, no sync call in use
01-19 21:27:38.849 D/RPC     ( 1592): written RPC packet size: [28]
01-19 21:27:38.859 D/RPC     ( 1592): read RPC packet
01-19 21:27:38.859 D/RPC     ( 1592): read RPC packet size: [272]
01-19 21:27:38.859 V/locapi_rpc_glue( 1592): Callback received: 4 (cb_id=0x6380000 handle=1)
01-19 21:27:38.859 V/locapi_rpc_glue( 1592): +loc_api_callback_process_sync_call
01-19 21:27:38.859 V/locapi_rpc_glue( 1592): -loc_api_callback_process_sync_call, no sync call in use
01-19 21:27:38.859 D/RPC     ( 1592): written RPC packet size: [28]
01-19 21:27:38.859 D/RPC     ( 1592): read RPC packet
01-19 21:27:38.859 D/RPC     ( 1592): read RPC packet size: [96]
01-19 21:27:38.859 V/locapi_rpc_glue( 1592): Callback received: 2 (cb_id=0x6380000 handle=1)
01-19 21:27:38.859 V/locapi_rpc_glue( 1592): +loc_api_callback_process_sync_call
01-19 21:27:38.859 V/locapi_rpc_glue( 1592): -loc_api_callback_process_sync_call, no sync call in use
01-19 21:27:38.859 D/lib_locapi( 1592): loc_eng_report_sv: valid_mask = 0x30, num of sv = 0
01-19 21:27:38.859 D/GpsLocationProvider( 1592): reportSvStatus
01-19 21:27:38.859 V/GpsLocationProvider( 1592): SV count: 0 ephemerisMask: 0 almanacMask: 0
01-19 21:27:38.859 D/RPC     ( 1592): written RPC packet size: [28]
01-19 21:27:38.869 D/RPC     ( 1592): read RPC packet
01-19 21:27:38.869 D/RPC     ( 1592): read RPC packet size: [272]
01-19 21:27:38.869 V/locapi_rpc_glue( 1592): Callback received: 4 (cb_id=0x6380000 handle=1)
01-19 21:27:38.869 V/locapi_rpc_glue( 1592): +loc_api_callback_process_sync_call
01-19 21:27:38.869 V/locapi_rpc_glue( 1592): -loc_api_callback_process_sync_call, no sync call in use
01-19 21:27:38.869 D/RPC     ( 1592): written RPC packet size: [28]
01-19 21:27:38.869 D/RPC     ( 1592): read RPC packet
01-19 21:27:38.869 D/RPC     ( 1592): read RPC packet size: [272]
01-19 21:27:38.869 V/locapi_rpc_glue( 1592): Callback received: 4 (cb_id=0x6380000 handle=1)
01-19 21:27:38.869 V/locapi_rpc_glue( 1592): +loc_api_callback_process_sync_call
01-19 21:27:38.869 V/locapi_rpc_glue( 1592): -loc_api_callback_process_sync_call, no sync call in use
01-19 21:27:38.869 D/RPC     ( 1592): written RPC packet size: [28]
01-19 21:27:38.879 D/RPC     ( 1592): read RPC packet
01-19 21:27:38.879 D/RPC     ( 1592): read RPC packet size: [272]
01-19 21:27:38.879 V/locapi_rpc_glue( 1592): Callback received: 4 (cb_id=0x6380000 handle=1)
01-19 21:27:38.879 V/locapi_rpc_glue( 1592): +loc_api_callback_process_sync_call
01-19 21:27:38.879 V/locapi_rpc_glue( 1592): -loc_api_callback_process_sync_call, no sync call in use
01-19 21:27:38.879 D/RPC     ( 1592): written RPC packet size: [28]
01-19 21:27:38.879 D/RPC     ( 1592): read RPC packet
01-19 21:27:38.879 D/RPC     ( 1592): read RPC packet size: [272]
01-19 21:27:38.879 V/locapi_rpc_glue( 1592): Callback received: 4 (cb_id=0x6380000 handle=1)
01-19 21:27:38.879 V/locapi_rpc_glue( 1592): +loc_api_callback_process_sync_call
01-19 21:27:38.879 V/locapi_rpc_glue( 1592): -loc_api_callback_process_sync_call, no sync call in use
01-19 21:27:38.879 D/RPC     ( 1592): written RPC packet size: [28]
01-19 21:27:39.180 D/RPC     ( 1592): read RPC packet
01-19 21:27:39.180 D/RPC     ( 1592): read RPC packet size: [208]
01-19 21:27:39.180 V/locapi_rpc_glue( 1592): Callback received: 1 (cb_id=0x6380000 handle=1)
01-19 21:27:39.180 V/locapi_rpc_glue( 1592): +loc_api_callback_process_sync_call
01-19 21:27:39.180 V/locapi_rpc_glue( 1592): -loc_api_callback_process_sync_call, no sync call in use
01-19 21:27:39.180 D/lib_locapi( 1592): loc_eng_report_position: valid mask = 0x606d, sess status = 1
01-19 21:27:39.190 D/RPC     ( 1592): written RPC packet size: [28]
01-19 21:27:39.740 I/System.out( 2792): Values: 0.0 0.0
01-19 21:27:39.740 I/System.out( 2792): Time difference in secs is: 30
01-19 21:27:39.840 D/RPC     ( 1592): read RPC packet
01-19 21:27:39.840 D/RPC     ( 1592): read RPC packet size: [272]
01-19 21:27:39.840 V/locapi_rpc_glue( 1592): Callback received: 4 (cb_id=0x6380000 handle=1)
01-19 21:27:39.840 V/locapi_rpc_glue( 1592): +loc_api_callback_process_sync_call
01-19 21:27:39.840 V/locapi_rpc_glue( 1592): -loc_api_callback_process_sync_call, no sync call in use
01-19 21:27:39.840 D/RPC     ( 1592): written RPC packet size: [28]
01-19 21:27:39.850 D/RPC     ( 1592): read RPC packet
01-19 21:27:39.850 D/RPC     ( 1592): read RPC packet size: [272]
01-19 21:27:39.850 V/locapi_rpc_glue( 1592): Callback received: 4 (cb_id=0x6380000 handle=1)
01-19 21:27:39.850 V/locapi_rpc_glue( 1592): +loc_api_callback_process_sync_call
01-19 21:27:39.850 V/locapi_rpc_glue( 1592): -loc_api_callback_process_sync_call, no sync call in use
01-19 21:27:39.850 D/RPC     ( 1592): written RPC packet size: [28]
01-19 21:27:39.860 D/RPC     ( 1592): read RPC packet
01-19 21:27:39.860 D/RPC     ( 1592): read RPC packet size: [272]
01-19 21:27:39.860 V/locapi_rpc_glue( 1592): Callback received: 4 (cb_id=0x6380000 handle=1)
01-19 21:27:39.860 V/locapi_rpc_glue( 1592): +loc_api_callback_process_sync_call
01-19 21:27:39.860 V/locapi_rpc_glue( 1592): -loc_api_callback_process_sync_call, no sync call in use
01-19 21:27:39.860 D/RPC     ( 1592): written RPC packet size: [28]
01-19 21:27:39.870 D/RPC     ( 1592): read RPC packet
01-19 21:27:39.870 D/RPC     ( 1592): read RPC packet size: [272]
01-19 21:27:39.870 V/locapi_rpc_glue( 1592): Callback received: 4 (cb_id=0x6380000 handle=1)
01-19 21:27:39.870 V/locapi_rpc_glue( 1592): +loc_api_callback_process_sync_call
01-19 21:27:39.870 V/locapi_rpc_glue( 1592): -loc_api_callback_process_sync_call, no sync call in use
01-19 21:27:39.870 D/RPC     ( 1592): written RPC packet size: [28]
01-19 21:27:39.880 D/RPC     ( 1592): read RPC packet
01-19 21:27:39.880 D/RPC     ( 1592): read RPC packet size: [96]
01-19 21:27:39.880 V/locapi_rpc_glue( 1592): Callback received: 2 (cb_id=0x6380000 handle=1)
01-19 21:27:39.880 V/locapi_rpc_glue( 1592): +loc_api_callback_process_sync_call
01-19 21:27:39.880 V/locapi_rpc_glue( 1592): -loc_api_callback_process_sync_call, no sync call in use
01-19 21:27:39.880 D/lib_locapi( 1592): loc_eng_report_sv: valid_mask = 0x30, num of sv = 0
01-19 21:27:39.880 D/GpsLocationProvider( 1592): reportSvStatus
01-19 21:27:39.890 V/GpsLocationProvider( 1592): SV count: 0 ephemerisMask: 0 almanacMask: 0
01-19 21:27:39.890 D/RPC     ( 1592): written RPC packet size: [28]
01-19 21:27:39.890 D/RPC     ( 1592): read RPC packet
01-19 21:27:39.890 D/RPC     ( 1592): read RPC packet size: [272]
01-19 21:27:39.900 V/locapi_rpc_glue( 1592): Callback received: 4 (cb_id=0x6380000 handle=1)
01-19 21:27:39.900 V/locapi_rpc_glue( 1592): +loc_api_callback_process_sync_call
01-19 21:27:39.900 V/locapi_rpc_glue( 1592): -loc_api_callback_process_sync_call, no sync call in use
01-19 21:27:39.900 D/RPC     ( 1592): written RPC packet size: [28]
01-19 21:27:39.910 D/RPC     ( 1592): read RPC packet
01-19 21:27:39.910 D/RPC     ( 1592): read RPC packet size: [272]
01-19 21:27:39.910 V/locapi_rpc_glue( 1592): Callback received: 4 (cb_id=0x6380000 handle=1)
01-19 21:27:39.910 V/locapi_rpc_glue( 1592): +loc_api_callback_process_sync_call
01-19 21:27:39.910 V/locapi_rpc_glue( 1592): -loc_api_callback_process_sync_call, no sync call in use
01-19 21:27:39.910 D/RPC     ( 1592): written RPC packet size: [28]
01-19 21:27:39.920 D/RPC     ( 1592): read RPC packet
01-19 21:27:39.920 D/RPC     ( 1592): read RPC packet size: [272]
01-19 21:27:39.920 V/locapi_rpc_glue( 1592): Callback received: 4 (cb_id=0x6380000 handle=1)
01-19 21:27:39.920 V/locapi_rpc_glue( 1592): +loc_api_callback_process_sync_call
01-19 21:27:39.920 V/locapi_rpc_glue( 1592): -loc_api_callback_process_sync_call, no sync call in use
01-19 21:27:39.920 D/RPC     ( 1592): written RPC packet size: [28]
01-19 21:27:39.930 D/RPC     ( 1592): read RPC packet
01-19 21:27:39.930 D/RPC     ( 1592): read RPC packet size: [272]
01-19 21:27:39.930 V/locapi_rpc_glue( 1592): Callback received: 4 (cb_id=0x6380000 handle=1)
01-19 21:27:39.930 V/locapi_rpc_glue( 1592): +loc_api_callback_process_sync_call
01-19 21:27:39.930 V/locapi_rpc_glue( 1592): -loc_api_callback_process_sync_call, no sync call in use
01-19 21:27:39.930 D/RPC     ( 1592): written RPC packet size: [28]
01-19 21:27:40.181 D/RPC     ( 1592): read RPC packet
01-19 21:27:40.181 D/RPC     ( 1592): read RPC packet size: [208]
01-19 21:27:40.181 V/locapi_rpc_glue( 1592): Callback received: 1 (cb_id=0x6380000 handle=1)
01-19 21:27:40.181 V/locapi_rpc_glue( 1592): +loc_api_callback_process_sync_call
01-19 21:27:40.181 V/locapi_rpc_glue( 1592): -loc_api_callback_process_sync_call, no sync call in use
