01-20 10:47:55.341 V/locapi_rpc_glue( 1575): Callback received: 2 (cb_id=0x6270000 handle=1)
01-20 10:47:55.341 V/locapi_rpc_glue( 1575): +loc_api_callback_process_sync_call
01-20 10:47:55.341 V/locapi_rpc_glue( 1575): -loc_api_callback_process_sync_call, no sync call in use
01-20 10:47:55.341 D/lib_locapi( 1575): loc_eng_report_sv: valid_mask = 0x30, num of sv = 0
01-20 10:47:55.341 D/GpsLocationProvider( 1575): reportSvStatus
01-20 10:47:55.341 V/GpsLocationProvider( 1575): SV count: 0 ephemerisMask: 0 almanacMask: 0
01-20 10:47:55.341 D/RPC     ( 1575): written RPC packet size: [28]
01-20 10:47:55.351 D/RPC     ( 1575): read RPC packet
01-20 10:47:55.351 D/RPC     ( 1575): read RPC packet size: [272]
01-20 10:47:55.351 V/locapi_rpc_glue( 1575): Callback received: 4 (cb_id=0x6270000 handle=1)
01-20 10:47:55.351 V/locapi_rpc_glue( 1575): +loc_api_callback_process_sync_call
01-20 10:47:55.351 V/locapi_rpc_glue( 1575): -loc_api_callback_process_sync_call, no sync call in use
01-20 10:47:55.351 D/RPC     ( 1575): written RPC packet size: [28]
01-20 10:47:55.351 D/RPC     ( 1575): read RPC packet
01-20 10:47:55.351 D/RPC     ( 1575): read RPC packet size: [272]
01-20 10:47:55.351 V/locapi_rpc_glue( 1575): Callback received: 4 (cb_id=0x6270000 handle=1)
01-20 10:47:55.351 V/locapi_rpc_glue( 1575): +loc_api_callback_process_sync_call
01-20 10:47:55.351 V/locapi_rpc_glue( 1575): -loc_api_callback_process_sync_call, no sync call in use
01-20 10:47:55.361 D/RPC     ( 1575): written RPC packet size: [28]
01-20 10:47:55.361 D/RPC     ( 1575): read RPC packet
01-20 10:47:55.361 D/RPC     ( 1575): read RPC packet size: [272]
01-20 10:47:55.361 V/locapi_rpc_glue( 1575): Callback received: 4 (cb_id=0x6270000 handle=1)
01-20 10:47:55.361 V/locapi_rpc_glue( 1575): +loc_api_callback_process_sync_call
01-20 10:47:55.361 V/locapi_rpc_glue( 1575): -loc_api_callback_process_sync_call, no sync call in use
01-20 10:47:55.361 D/RPC     ( 1575): written RPC packet size: [28]
01-20 10:47:55.361 D/RPC     ( 1575): read RPC packet
01-20 10:47:55.361 D/RPC     ( 1575): read RPC packet size: [272]
01-20 10:47:55.361 V/locapi_rpc_glue( 1575): Callback received: 4 (cb_id=0x6270000 handle=1)
01-20 10:47:55.361 V/locapi_rpc_glue( 1575): +loc_api_callback_process_sync_call
01-20 10:47:55.371 V/locapi_rpc_glue( 1575): -loc_api_callback_process_sync_call, no sync call in use
01-20 10:47:55.371 D/RPC     ( 1575): written RPC packet size: [28]
01-20 10:47:55.711 I/System.out( 2735): Values: 0.0 0.0
01-20 10:47:56.082 D/RPC     ( 1575): read RPC packet
01-20 10:47:56.082 D/RPC     ( 1575): read RPC packet size: [208]
01-20 10:47:56.082 V/locapi_rpc_glue( 1575): Callback received: 1 (cb_id=0x6270000 handle=1)
01-20 10:47:56.082 V/locapi_rpc_glue( 1575): +loc_api_callback_process_sync_call
01-20 10:47:56.082 V/locapi_rpc_glue( 1575): -loc_api_callback_process_sync_call, no sync call in use
01-20 10:47:56.082 D/lib_locapi( 1575): loc_eng_report_position: valid mask = 0x606d, sess status = 1
01-20 10:47:56.092 D/RPC     ( 1575): written RPC packet size: [28]
01-20 10:47:56.312 D/RPC     ( 1575): read RPC packet
01-20 10:47:56.322 D/RPC     ( 1575): read RPC packet size: [272]
01-20 10:47:56.322 V/locapi_rpc_glue( 1575): Callback received: 4 (cb_id=0x6270000 handle=1)
01-20 10:47:56.322 V/locapi_rpc_glue( 1575): +loc_api_callback_process_sync_call
01-20 10:47:56.322 V/locapi_rpc_glue( 1575): -loc_api_callback_process_sync_call, no sync call in use
01-20 10:47:56.322 D/RPC     ( 1575): written RPC packet size: [28]
01-20 10:47:56.322 D/RPC     ( 1575): read RPC packet
01-20 10:47:56.322 D/RPC     ( 1575): read RPC packet size: [272]
01-20 10:47:56.322 V/locapi_rpc_glue( 1575): Callback received: 4 (cb_id=0x6270000 handle=1)
01-20 10:47:56.322 V/locapi_rpc_glue( 1575): +loc_api_callback_process_sync_call
01-20 10:47:56.322 V/locapi_rpc_glue( 1575): -loc_api_callback_process_sync_call, no sync call in use
01-20 10:47:56.322 D/RPC     ( 1575): written RPC packet size: [28]
01-20 10:47:56.332 D/RPC     ( 1575): read RPC packet
01-20 10:47:56.332 D/RPC     ( 1575): read RPC packet size: [272]
01-20 10:47:56.332 V/locapi_rpc_glue( 1575): Callback received: 4 (cb_id=0x6270000 handle=1)
01-20 10:47:56.332 V/locapi_rpc_glue( 1575): +loc_api_callback_process_sync_call
01-20 10:47:56.332 V/locapi_rpc_glue( 1575): -loc_api_callback_process_sync_call, no sync call in use
01-20 10:47:56.332 D/RPC     ( 1575): written RPC packet size: [28]
01-20 10:47:56.332 D/RPC     ( 1575): read RPC packet
01-20 10:47:56.332 D/RPC     ( 1575): read RPC packet size: [272]
01-20 10:47:56.332 V/locapi_rpc_glue( 1575): Callback received: 4 (cb_id=0x6270000 handle=1)
01-20 10:47:56.332 V/locapi_rpc_glue( 1575): +loc_api_callback_process_sync_call
01-20 10:47:56.332 V/locapi_rpc_glue( 1575): -loc_api_callback_process_sync_call, no sync call in use
01-20 10:47:56.342 D/RPC     ( 1575): written RPC packet size: [28]
01-20 10:47:56.342 D/RPC     ( 1575): read RPC packet
01-20 10:47:56.342 D/RPC     ( 1575): read RPC packet size: [96]
01-20 10:47:56.342 V/locapi_rpc_glue( 1575): Callback received: 2 (cb_id=0x6270000 handle=1)
01-20 10:47:56.342 V/locapi_rpc_glue( 1575): +loc_api_callback_process_sync_call
01-20 10:47:56.342 V/locapi_rpc_glue( 1575): -loc_api_callback_process_sync_call, no sync call in use
01-20 10:47:56.342 D/lib_locapi( 1575): loc_eng_report_sv: valid_mask = 0x30, num of sv = 0
01-20 10:47:56.342 D/GpsLocationProvider( 1575): reportSvStatus
01-20 10:47:56.342 V/GpsLocationProvider( 1575): SV count: 0 ephemerisMask: 0 almanacMask: 0
01-20 10:47:56.342 D/RPC     ( 1575): written RPC packet size: [28]
01-20 10:47:56.352 D/RPC     ( 1575): read RPC packet
01-20 10:47:56.352 D/RPC     ( 1575): read RPC packet size: [272]
01-20 10:47:56.352 V/locapi_rpc_glue( 1575): Callback received: 4 (cb_id=0x6270000 handle=1)
01-20 10:47:56.352 V/locapi_rpc_glue( 1575): +loc_api_callback_process_sync_call
01-20 10:47:56.352 V/locapi_rpc_glue( 1575): -loc_api_callback_process_sync_call, no sync call in use
01-20 10:47:56.352 D/RPC     ( 1575): written RPC packet size: [28]
01-20 10:47:56.352 D/RPC     ( 1575): read RPC packet
01-20 10:47:56.352 D/RPC     ( 1575): read RPC packet size: [272]
01-20 10:47:56.352 V/locapi_rpc_glue( 1575): Callback received: 4 (cb_id=0x6270000 handle=1)
01-20 10:47:56.352 V/locapi_rpc_glue( 1575): +loc_api_callback_process_sync_call
01-20 10:47:56.352 V/locapi_rpc_glue( 1575): -loc_api_callback_process_sync_call, no sync call in use
01-20 10:47:56.362 D/RPC     ( 1575): written RPC packet size: [28]
01-20 10:47:56.362 D/RPC     ( 1575): read RPC packet
01-20 10:47:56.362 D/RPC     ( 1575): read RPC packet size: [272]
01-20 10:47:56.362 V/locapi_rpc_glue( 1575): Callback received: 4 (cb_id=0x6270000 handle=1)
01-20 10:47:56.362 V/locapi_rpc_glue( 1575): +loc_api_callback_process_sync_call
01-20 10:47:56.362 V/locapi_rpc_glue( 1575): -loc_api_callback_process_sync_call, no sync call in use
01-20 10:47:56.362 D/RPC     ( 1575): written RPC packet size: [28]
01-20 10:47:56.362 D/RPC     ( 1575): read RPC packet
01-20 10:47:56.362 D/RPC     ( 1575): read RPC packet size: [272]
01-20 10:47:56.362 V/locapi_rpc_glue( 1575): Callback received: 4 (cb_id=0x6270000 handle=1)
01-20 10:47:56.372 V/locapi_rpc_glue( 1575): +loc_api_callback_process_sync_call
01-20 10:47:56.372 V/locapi_rpc_glue( 1575): -loc_api_callback_process_sync_call, no sync call in use
01-20 10:47:56.372 D/RPC     ( 1575): written RPC packet size: [28]
01-20 10:47:56.702 I/System.out( 2735): Values: 0.0 0.0
01-20 10:47:57.072 D/RPC     ( 1575): read RPC packet
01-20 10:47:57.072 D/RPC     ( 1575): read RPC packet size: [208]
01-20 10:47:57.072 V/locapi_rpc_glue( 1575): Callback received: 1 (cb_id=0x6270000 handle=1)
01-20 10:47:57.072 V/locapi_rpc_glue( 1575): +loc_api_callback_process_sync_call
01-20 10:47:57.072 V/locapi_rpc_glue( 1575): -loc_api_callback_process_sync_call, no sync call in use
01-20 10:47:57.072 D/lib_locapi( 1575): loc_eng_report_position: valid mask = 0x606d, sess status = 1
01-20 10:47:57.072 D/RPC     ( 1575): written RPC packet size: [28]
01-20 10:47:57.303 D/RPC     ( 1575): read RPC packet
01-20 10:47:57.313 D/RPC     ( 1575): read RPC packet size: [272]
01-20 10:47:57.313 V/locapi_rpc_glue( 1575): Callback received: 4 (cb_id=0x6270000 handle=1)
01-20 10:47:57.313 V/locapi_rpc_glue( 1575): +loc_api_callback_process_sync_call
01-20 10:47:57.313 V/locapi_rpc_glue( 1575): -loc_api_callback_process_sync_call, no sync call in use
01-20 10:47:57.313 D/RPC     ( 1575): written RPC packet size: [28]
01-20 10:47:57.313 D/RPC     ( 1575): read RPC packet
01-20 10:47:57.313 D/RPC     ( 1575): read RPC packet size: [272]
01-20 10:47:57.313 V/locapi_rpc_glue( 1575): Callback received: 4 (cb_id=0x6270000 handle=1)
01-20 10:47:57.313 V/locapi_rpc_glue( 1575): +loc_api_callback_process_sync_call
01-20 10:47:57.313 V/locapi_rpc_glue( 1575): -loc_api_callback_process_sync_call, no sync call in use
01-20 10:47:57.323 D/RPC     ( 1575): written RPC packet size: [28]
01-20 10:47:57.323 D/RPC     ( 1575): read RPC packet
01-20 10:47:57.323 D/RPC     ( 1575): read RPC packet size: [272]
01-20 10:47:57.323 V/locapi_rpc_glue( 1575): Callback received: 4 (cb_id=0x6270000 handle=1)
01-20 10:47:57.323 V/locapi_rpc_glue( 1575): +loc_api_callback_process_sync_call
01-20 10:47:57.323 V/locapi_rpc_glue( 1575): -loc_api_callback_process_sync_call, no sync call in use
01-20 10:47:57.323 D/RPC     ( 1575): written RPC packet size: [28]
01-20 10:47:57.323 D/RPC     ( 1575): read RPC packet
01-20 10:47:57.323 D/RPC     ( 1575): read RPC packet size: [272]
01-20 10:47:57.333 V/locapi_rpc_glue( 1575): Callback received: 4 (cb_id=0x6270000 handle=1)
01-20 10:47:57.333 V/locapi_rpc_glue( 1575): +loc_api_callback_process_sync_call
01-20 10:47:57.333 V/locapi_rpc_glue( 1575): -loc_api_callback_process_sync_call, no sync call in use
01-20 10:47:57.333 D/RPC     ( 1575): written RPC packet size: [28]
01-20 10:47:57.333 D/RPC     ( 1575): read RPC packet
01-20 10:47:57.333 D/RPC     ( 1575): read RPC packet size: [96]
01-20 10:47:57.333 V/locapi_rpc_glue( 1575): Callback received: 2 (cb_id=0x6270000 handle=1)
01-20 10:47:57.333 V/locapi_rpc_glue( 1575): +loc_api_callback_process_sync_call
01-20 10:47:57.333 V/locapi_rpc_glue( 1575): -loc_api_callback_process_sync_call, no sync call in use
01-20 10:47:57.333 D/lib_locapi( 1575): loc_eng_report_sv: valid_mask = 0x30, num of sv = 0
01-20 10:47:57.343 D/GpsLocationProvider( 1575): reportSvStatus
01-20 10:47:57.343 V/GpsLocationProvider( 1575): SV count: 0 ephemerisMask: 0 almanacMask: 0
01-20 10:47:57.343 D/RPC     ( 1575): written RPC packet size: [28]
01-20 10:47:57.343 D/RPC     ( 1575): read RPC packet
01-20 10:47:57.343 D/RPC     ( 1575): read RPC packet size: [272]
01-20 10:47:57.343 V/locapi_rpc_glue( 1575): Callback received: 4 (cb_id=0x6270000 handle=1)
01-20 10:47:57.343 V/locapi_rpc_glue( 1575): +loc_api_callback_process_sync_call
01-20 10:47:57.353 V/locapi_rpc_glue( 1575): -loc_api_callback_process_sync_call, no sync call in use
01-20 10:47:57.353 D/RPC     ( 1575): written RPC packet size: [28]
01-20 10:47:57.353 D/RPC     ( 1575): read RPC packet
01-20 10:47:57.353 D/RPC     ( 1575): read RPC packet size: [272]
01-20 10:47:57.353 V/locapi_rpc_glue( 1575): Callback received: 4 (cb_id=0x6270000 handle=1)
01-20 10:47:57.353 V/locapi_rpc_glue( 1575): +loc_api_callback_process_sync_call
01-20 10:47:57.353 V/locapi_rpc_glue( 1575): -loc_api_callback_process_sync_call, no sync call in use
01-20 10:47:57.353 D/RPC     ( 1575): written RPC packet size: [28]
01-20 10:47:57.353 D/RPC     ( 1575): read RPC packet
01-20 10:47:57.353 D/RPC     ( 1575): read RPC packet size: [272]
01-20 10:47:57.363 V/locapi_rpc_glue( 1575): Callback received: 4 (cb_id=0x6270000 handle=1)
01-20 10:47:57.363 V/locapi_rpc_glue( 1575): +loc_api_callback_process_sync_call
01-20 10:47:57.363 V/locapi_rpc_glue( 1575): -loc_api_callback_process_sync_call, no sync call in use
01-20 10:47:57.363 D/RPC     ( 1575): written RPC packet size: [28]
01-20 10:47:57.363 D/RPC     ( 1575): read RPC packet
01-20 10:47:57.363 D/RPC     ( 1575): read RPC packet size: [272]
01-20 10:47:57.363 V/locapi_rpc_glue( 1575): Callback received: 4 (cb_id=0x6270000 handle=1)
01-20 10:47:57.363 V/locapi_rpc_glue( 1575): +loc_api_callback_process_sync_call
01-20 10:47:57.363 V/locapi_rpc_glue( 1575): -loc_api_callback_process_sync_call, no sync call in use
01-20 10:47:57.373 D/RPC     ( 1575): written RPC packet size: [28]
01-20 10:47:57.703 I/System.out( 2735): Values: 0.0 0.0
01-20 10:47:58.073 D/RPC     ( 1575): read RPC packet
01-20 10:47:58.073 D/RPC     ( 1575): read RPC packet size: [208]
01-20 10:47:58.073 V/locapi_rpc_glue( 1575): Callback received: 1 (cb_id=0x6270000 handle=1)
01-20 10:47:58.073 V/locapi_rpc_glue( 1575): +loc_api_callback_process_sync_call
01-20 10:47:58.073 V/locapi_rpc_glue( 1575): -loc_api_callback_process_sync_call, no sync call in use
01-20 10:47:58.083 D/lib_locapi( 1575): loc_eng_report_position: valid mask = 0x606d, sess status = 1
01-20 10:47:58.083 D/RPC     ( 1575): written RPC packet size: [28]
01-20 10:47:58.304 D/RPC     ( 1575): read RPC packet
01-20 10:47:58.304 D/RPC     ( 1575): read RPC packet size: [272]
01-20 10:47:58.304 V/locapi_rpc_glue( 1575): Callback received: 4 (cb_id=0x6270000 handle=1)
01-20 10:47:58.304 V/locapi_rpc_glue( 1575): +loc_api_callback_process_sync_call
01-20 10:47:58.314 V/locapi_rpc_glue( 1575): -loc_api_callback_process_sync_call, no sync call in use
01-20 10:47:58.314 D/RPC     ( 1575): written RPC packet size: [28]
01-20 10:47:58.314 D/RPC     ( 1575): read RPC packet
01-20 10:47:58.314 D/RPC     ( 1575): read RPC packet size: [272]
01-20 10:47:58.314 V/locapi_rpc_glue( 1575): Callback received: 4 (cb_id=0x6270000 handle=1)
01-20 10:47:58.314 V/locapi_rpc_glue( 1575): +loc_api_callback_process_sync_call
01-20 10:47:58.314 V/locapi_rpc_glue( 1575): -loc_api_callback_process_sync_call, no sync call in use
01-20 10:47:58.314 D/RPC     ( 1575): written RPC packet size: [28]
01-20 10:47:58.324 D/RPC     ( 1575): read RPC packet
01-20 10:47:58.324 D/RPC     ( 1575): read RPC packet size: [272]
01-20 10:47:58.324 V/locapi_rpc_glue( 1575): Callback received: 4 (cb_id=0x6270000 handle=1)
01-20 10:47:58.324 V/locapi_rpc_glue( 1575): +loc_api_callback_process_sync_call
01-20 10:47:58.324 V/locapi_rpc_glue( 1575): -loc_api_callback_process_sync_call, no sync call in use
01-20 10:47:58.324 D/RPC     ( 1575): written RPC packet size: [28]
01-20 10:47:58.324 D/RPC     ( 1575): read RPC packet
01-20 10:47:58.324 D/RPC     ( 1575): read RPC packet size: [272]
01-20 10:47:58.334 V/locapi_rpc_glue( 1575): Callback received: 4 (cb_id=0x6270000 handle=1)
01-20 10:47:58.334 V/locapi_rpc_glue( 1575): +loc_api_callback_process_sync_call
01-20 10:47:58.334 V/locapi_rpc_glue( 1575): -loc_api_callback_process_sync_call, no sync call in use
01-20 10:47:58.334 D/RPC     ( 1575): written RPC packet size: [28]
01-20 10:47:58.334 D/RPC     ( 1575): read RPC packet
01-20 10:47:58.334 D/RPC     ( 1575): read RPC packet size: [96]
01-20 10:47:58.334 V/locapi_rpc_glue( 1575): Callback received: 2 (cb_id=0x6270000 handle=1)
01-20 10:47:58.334 V/locapi_rpc_glue( 1575): +loc_api_callback_process_sync_call
01-20 10:47:58.334 V/locapi_rpc_glue( 1575): -loc_api_callback_process_sync_call, no sync call in use
01-20 10:47:58.334 D/lib_locapi( 1575): loc_eng_report_sv: valid_mask = 0x30, num of sv = 0
01-20 10:47:58.344 D/GpsLocationProvider( 1575): reportSvStatus
01-20 10:47:58.344 V/GpsLocationProvider( 1575): SV count: 0 ephemerisMask: 0 almanacMask: 0
01-20 10:47:58.344 D/RPC     ( 1575): written RPC packet size: [28]
01-20 10:47:58.344 D/RPC     ( 1575): read RPC packet
01-20 10:47:58.344 D/RPC     ( 1575): read RPC packet size: [272]
01-20 10:47:58.344 V/locapi_rpc_glue( 1575): Callback received: 4 (cb_id=0x6270000 handle=1)
01-20 10:47:58.344 V/locapi_rpc_glue( 1575): +loc_api_callback_process_sync_call
01-20 10:47:58.344 V/locapi_rpc_glue( 1575): -loc_api_callback_process_sync_call, no sync call in use
01-20 10:47:58.344 D/RPC     ( 1575): written RPC packet size: [28]
01-20 10:47:58.354 D/RPC     ( 1575): read RPC packet
01-20 10:47:58.354 D/RPC     ( 1575): read RPC packet size: [272]
01-20 10:47:58.354 V/locapi_rpc_glue( 1575): Callback received: 4 (cb_id=0x6270000 handle=1)
01-20 10:47:58.354 V/locapi_rpc_glue( 1575): +loc_api_callback_process_sync_call
01-20 10:47:58.354 V/locapi_rpc_glue( 1575): -loc_api_callback_process_sync_call, no sync call in use
01-20 10:47:58.354 D/RPC     ( 1575): written RPC packet size: [28]
01-20 10:47:58.354 D/RPC     ( 1575): read RPC packet
01-20 10:47:58.354 D/RPC     ( 1575): read RPC packet size: [272]
01-20 10:47:58.354 V/locapi_rpc_glue( 1575): Callback received: 4 (cb_id=0x6270000 handle=1)
01-20 10:47:58.364 V/locapi_rpc_glue( 1575): +loc_api_callback_process_sync_call
01-20 10:47:58.364 V/locapi_rpc_glue( 1575): -loc_api_callback_process_sync_call, no sync call in use
01-20 10:47:58.364 D/RPC     ( 1575): written RPC packet size: [28]
01-20 10:47:58.364 D/RPC     ( 1575): read RPC packet
01-20 10:47:58.364 D/RPC     ( 1575): read RPC packet size: [272]
01-20 10:47:58.364 V/locapi_rpc_glue( 1575): Callback received: 4 (cb_id=0x6270000 handle=1)
01-20 10:47:58.364 V/locapi_rpc_glue( 1575): +loc_api_callback_process_sync_call
01-20 10:47:58.364 V/locapi_rpc_glue( 1575): -loc_api_callback_process_sync_call, no sync call in use
01-20 10:47:58.364 D/RPC     ( 1575): written RPC packet size: [28]
01-20 10:47:58.704 I/System.out( 2735): Values: 0.0 0.0
01-20 10:47:59.074 D/RPC     ( 1575): read RPC packet
01-20 10:47:59.074 D/RPC     ( 1575): read RPC packet size: [208]
01-20 10:47:59.074 V/locapi_rpc_glue( 1575): Callback received: 1 (cb_id=0x6270000 handle=1)
01-20 10:47:59.074 V/locapi_rpc_glue( 1575): +loc_api_callback_process_sync_call
01-20 10:47:59.084 V/locapi_rpc_glue( 1575): -loc_api_callback_process_sync_call, no sync call in use
01-20 10:47:59.084 D/lib_locapi( 1575): loc_eng_report_position: valid mask = 0x606d, sess status = 1
01-20 10:47:59.084 D/RPC     ( 1575): written RPC packet size: [28]
01-20 10:47:59.305 D/RPC     ( 1575): read RPC packet
01-20 10:47:59.305 D/RPC     ( 1575): read RPC packet size: [272]
01-20 10:47:59.305 V/locapi_rpc_glue( 1575): Callback received: 4 (cb_id=0x6270000 handle=1)
01-20 10:47:59.315 V/locapi_rpc_glue( 1575): +loc_api_callback_process_sync_call
01-20 10:47:59.315 V/locapi_rpc_glue( 1575): -loc_api_callback_process_sync_call, no sync call in use
01-20 10:47:59.315 D/RPC     ( 1575): written RPC packet size: [28]
01-20 10:47:59.315 D/RPC     ( 1575): read RPC packet
01-20 10:47:59.315 D/RPC     ( 1575): read RPC packet size: [272]
01-20 10:47:59.325 V/locapi_rpc_glue( 1575): Callback received: 4 (cb_id=0x6270000 handle=1)
01-20 10:47:59.325 V/locapi_rpc_glue( 1575): +loc_api_callback_process_sync_call
01-20 10:47:59.325 V/locapi_rpc_glue( 1575): -loc_api_callback_process_sync_call, no sync call in use
01-20 10:47:59.325 D/RPC     ( 1575): written RPC packet size: [28]
01-20 10:47:59.325 D/RPC     ( 1575): read RPC packet
01-20 10:47:59.325 D/RPC     ( 1575): read RPC packet size: [272]
01-20 10:47:59.325 V/locapi_rpc_glue( 1575): Callback received: 4 (cb_id=0x6270000 handle=1)
01-20 10:47:59.325 V/locapi_rpc_glue( 1575): +loc_api_callback_process_sync_call
01-20 10:47:59.325 V/locapi_rpc_glue( 1575): -loc_api_callback_process_sync_call, no sync call in use
01-20 10:47:59.335 D/RPC     ( 1575): written RPC packet size: [28]
01-20 10:47:59.335 D/RPC     ( 1575): read RPC packet
01-20 10:47:59.335 D/RPC     ( 1575): read RPC packet size: [272]
01-20 10:47:59.335 V/locapi_rpc_glue( 1575): Callback received: 4 (cb_id=0x6270000 handle=1)
01-20 10:47:59.335 V/locapi_rpc_glue( 1575): +loc_api_callback_process_sync_call
01-20 10:47:59.335 V/locapi_rpc_glue( 1575): -loc_api_callback_process_sync_call, no sync call in use
01-20 10:47:59.335 D/RPC     ( 1575): written RPC packet size: [28]
01-20 10:47:59.335 D/RPC     ( 1575): read RPC packet
01-20 10:47:59.345 D/RPC     ( 1575): read RPC packet size: [96]
01-20 10:47:59.345 V/locapi_rpc_glue( 1575): Callback received: 2 (cb_id=0x6270000 handle=1)
01-20 10:47:59.345 V/locapi_rpc_glue( 1575): +loc_api_callback_process_sync_call
01-20 10:47:59.345 V/locapi_rpc_glue( 1575): -loc_api_callback_process_sync_call, no sync call in use
01-20 10:47:59.345 D/lib_locapi( 1575): loc_eng_report_sv: valid_mask = 0x30, num of sv = 0
01-20 10:47:59.345 D/GpsLocationProvider( 1575): reportSvStatus
01-20 10:47:59.345 V/GpsLocationProvider( 1575): SV count: 0 ephemerisMask: 0 almanacMask: 0
01-20 10:47:59.345 D/RPC     ( 1575): written RPC packet size: [28]
01-20 10:47:59.345 D/RPC     ( 1575): read RPC packet
01-20 10:47:59.345 D/RPC     ( 1575): read RPC packet size: [272]
01-20 10:47:59.355 V/locapi_rpc_glue( 1575): Callback received: 4 (cb_id=0x6270000 handle=1)
01-20 10:47:59.355 V/locapi_rpc_glue( 1575): +loc_api_callback_process_sync_call
01-20 10:47:59.355 V/locapi_rpc_glue( 1575): -loc_api_callback_process_sync_call, no sync call in use
01-20 10:47:59.355 D/RPC     ( 1575): written RPC packet size: [28]
01-20 10:47:59.355 D/RPC     ( 1575): read RPC packet
01-20 10:47:59.355 D/RPC     ( 1575): read RPC packet size: [272]
01-20 10:47:59.355 V/locapi_rpc_glue( 1575): Callback received: 4 (cb_id=0x6270000 handle=1)
01-20 10:47:59.355 V/locapi_rpc_glue( 1575): +loc_api_callback_process_sync_call
01-20 10:47:59.355 V/locapi_rpc_glue( 1575): -loc_api_callback_process_sync_call, no sync call in use
01-20 10:47:59.355 D/RPC     ( 1575): written RPC packet size: [28]
01-20 10:47:59.365 D/RPC     ( 1575): read RPC packet
01-20 10:47:59.365 D/RPC     ( 1575): read RPC packet size: [272]
01-20 10:47:59.365 V/locapi_rpc_glue( 1575): Callback received: 4 (cb_id=0x6270000 handle=1)
01-20 10:47:59.365 V/locapi_rpc_glue( 1575): +loc_api_callback_process_sync_call
01-20 10:47:59.365 V/locapi_rpc_glue( 1575): -loc_api_callback_process_sync_call, no sync call in use
01-20 10:47:59.365 D/RPC     ( 1575): written RPC packet size: [28]
01-20 10:47:59.365 D/RPC     ( 1575): read RPC packet
01-20 10:47:59.365 D/RPC     ( 1575): read RPC packet size: [272]
01-20 10:47:59.365 V/locapi_rpc_glue( 1575): Callback received: 4 (cb_id=0x6270000 handle=1)
01-20 10:47:59.375 V/locapi_rpc_glue( 1575): +loc_api_callback_process_sync_call
01-20 10:47:59.375 V/locapi_rpc_glue( 1575): -loc_api_callback_process_sync_call, no sync call in use
01-20 10:47:59.375 D/RPC     ( 1575): written RPC packet size: [28]
01-20 10:47:59.705 I/System.out( 2735): Values: 0.0 0.0
01-20 10:48:00.075 D/RPC     ( 1575): read RPC packet
01-20 10:48:00.075 D/RPC     ( 1575): read RPC packet size: [208]
01-20 10:48:00.075 V/locapi_rpc_glue( 1575): Callback received: 1 (cb_id=0x6270000 handle=1)
01-20 10:48:00.075 V/locapi_rpc_glue( 1575): +loc_api_callback_process_sync_call
01-20 10:48:00.075 V/locapi_rpc_glue( 1575): -loc_api_callback_process_sync_call, no sync call in use
01-20 10:48:00.075 D/lib_locapi( 1575): loc_eng_report_position: valid mask = 0x606d, sess status = 1
01-20 10:48:00.075 D/RPC     ( 1575): written RPC packet size: [28]
01-20 10:48:00.306 D/RPC     ( 1575): read RPC packet
01-20 10:48:00.306 D/RPC     ( 1575): read RPC packet size: [272]
01-20 10:48:00.306 V/locapi_rpc_glue( 1575): Callback received: 4 (cb_id=0x6270000 handle=1)
01-20 10:48:00.316 V/locapi_rpc_glue( 1575): +loc_api_callback_process_sync_call
01-20 10:48:00.316 V/locapi_rpc_glue( 1575): -loc_api_callback_process_sync_call, no sync call in use
01-20 10:48:00.316 D/RPC     ( 1575): written RPC packet size: [28]
01-20 10:48:00.316 D/RPC     ( 1575): read RPC packet
01-20 10:48:00.316 D/RPC     ( 1575): read RPC packet size: [272]
01-20 10:48:00.316 V/locapi_rpc_glue( 1575): Callback received: 4 (cb_id=0x6270000 handle=1)
01-20 10:48:00.316 V/locapi_rpc_glue( 1575): +loc_api_callback_process_sync_call
01-20 10:48:00.316 V/locapi_rpc_glue( 1575): -loc_api_callback_process_sync_call, no sync call in use
01-20 10:48:00.316 D/RPC     ( 1575): written RPC packet size: [28]
01-20 10:48:00.326 D/RPC     ( 1575): read RPC packet
01-20 10:48:00.326 D/RPC     ( 1575): read RPC packet size: [272]
01-20 10:48:00.326 V/locapi_rpc_glue( 1575): Callback received: 4 (cb_id=0x6270000 handle=1)
01-20 10:48:00.326 V/locapi_rpc_glue( 1575): +loc_api_callback_process_sync_call
01-20 10:48:00.326 V/locapi_rpc_glue( 1575): -loc_api_callback_process_sync_call, no sync call in use
01-20 10:48:00.326 D/RPC     ( 1575): written RPC packet size: [28]
01-20 10:48:00.326 D/RPC     ( 1575): read RPC packet
01-20 10:48:00.326 D/RPC     ( 1575): read RPC packet size: [272]
01-20 10:48:00.326 V/locapi_rpc_glue( 1575): Callback received: 4 (cb_id=0x6270000 handle=1)
01-20 10:48:00.336 V/locapi_rpc_glue( 1575): +loc_api_callback_process_sync_call
01-20 10:48:00.336 V/locapi_rpc_glue( 1575): -loc_api_callback_process_sync_call, no sync call in use
01-20 10:48:00.336 D/RPC     ( 1575): written RPC packet size: [28]
01-20 10:48:00.336 D/RPC     ( 1575): read RPC packet
01-20 10:48:00.336 D/RPC     ( 1575): read RPC packet size: [96]
01-20 10:48:00.336 V/locapi_rpc_glue( 1575): Callback received: 2 (cb_id=0x6270000 handle=1)
01-20 10:48:00.336 V/locapi_rpc_glue( 1575): +loc_api_callback_process_sync_call
01-20 10:48:00.336 V/locapi_rpc_glue( 1575): -loc_api_callback_process_sync_call, no sync call in use
01-20 10:48:00.336 D/lib_locapi( 1575): loc_eng_report_sv: valid_mask = 0x30, num of sv = 0
01-20 10:48:00.336 D/GpsLocationProvider( 1575): reportSvStatus
01-20 10:48:00.336 V/GpsLocationProvider( 1575): SV count: 0 ephemerisMask: 0 almanacMask: 0
01-20 10:48:00.346 D/RPC     ( 1575): written RPC packet size: [28]
01-20 10:48:00.346 D/RPC     ( 1575): read RPC packet
01-20 10:48:00.346 D/RPC     ( 1575): read RPC packet size: [272]
01-20 10:48:00.346 V/locapi_rpc_glue( 1575): Callback received: 4 (cb_id=0x6270000 handle=1)
01-20 10:48:00.346 V/locapi_rpc_glue( 1575): +loc_api_callback_process_sync_call
01-20 10:48:00.346 V/locapi_rpc_glue( 1575): -loc_api_callback_process_sync_call, no sync call in use
01-20 10:48:00.356 D/RPC     ( 1575): written RPC packet size: [28]
01-20 10:48:00.356 D/RPC     ( 1575): read RPC packet
01-20 10:48:00.356 D/RPC     ( 1575): read RPC packet size: [272]
01-20 10:48:00.356 V/locapi_rpc_glue( 1575): Callback received: 4 (cb_id=0x6270000 handle=1)
01-20 10:48:00.356 V/locapi_rpc_glue( 1575): +loc_api_callback_process_sync_call
01-20 10:48:00.356 V/locapi_rpc_glue( 1575): -loc_api_callback_process_sync_call, no sync call in use
01-20 10:48:00.356 D/RPC     ( 1575): written RPC packet size: [28]
01-20 10:48:00.356 D/RPC     ( 1575): read RPC packet
01-20 10:48:00.356 D/RPC     ( 1575): read RPC packet size: [272]
01-20 10:48:00.366 V/locapi_rpc_glue( 1575): Callback received: 4 (cb_id=0x6270000 handle=1)
01-20 10:48:00.366 V/locapi_rpc_glue( 1575): +loc_api_callback_process_sync_call
01-20 10:48:00.366 V/locapi_rpc_glue( 1575): -loc_api_callback_process_sync_call, no sync call in use
01-20 10:48:00.366 D/RPC     ( 1575): written RPC packet size: [28]
01-20 10:48:00.366 D/RPC     ( 1575): read RPC packet
01-20 10:48:00.366 D/RPC     ( 1575): read RPC packet size: [272]
01-20 10:48:00.366 V/locapi_rpc_glue( 1575): Callback received: 4 (cb_id=0x6270000 handle=1)
01-20 10:48:00.366 V/locapi_rpc_glue( 1575): +loc_api_callback_process_sync_call
01-20 10:48:00.376 V/locapi_rpc_glue( 1575): -loc_api_callback_process_sync_call, no sync call in use
01-20 10:48:00.376 D/RPC     ( 1575): written RPC packet size: [28]
01-20 10:48:00.706 I/System.out( 2735): Values: 0.0 0.0
01-20 10:48:01.076 D/RPC     ( 1575): read RPC packet
01-20 10:48:01.086 D/RPC     ( 1575): read RPC packet size: [208]
01-20 10:48:01.086 V/locapi_rpc_glue( 1575): Callback received: 1 (cb_id=0x6270000 handle=1)
01-20 10:48:01.086 V/locapi_rpc_glue( 1575): +loc_api_callback_process_sync_call
01-20 10:48:01.086 V/locapi_rpc_glue( 1575): -loc_api_callback_process_sync_call, no sync call in use
01-20 10:48:01.086 D/lib_locapi( 1575): loc_eng_report_position: valid mask = 0x606d, sess status = 1
01-20 10:48:01.086 D/RPC     ( 1575): written RPC packet size: [28]
01-20 10:48:01.307 D/RPC     ( 1575): read RPC packet
01-20 10:48:01.307 D/RPC     ( 1575): read RPC packet size: [272]
01-20 10:48:01.317 V/locapi_rpc_glue( 1575): Callback received: 4 (cb_id=0x6270000 handle=1)
01-20 10:48:01.317 V/locapi_rpc_glue( 1575): +loc_api_callback_process_sync_call
01-20 10:48:01.317 V/locapi_rpc_glue( 1575): -loc_api_callback_process_sync_call, no sync call in use
01-20 10:48:01.317 D/RPC     ( 1575): written RPC packet size: [28]
01-20 10:48:01.317 D/RPC     ( 1575): read RPC packet
01-20 10:48:01.317 D/RPC     ( 1575): read RPC packet size: [272]
01-20 10:48:01.317 V/locapi_rpc_glue( 1575): Callback received: 4 (cb_id=0x6270000 handle=1)
01-20 10:48:01.317 V/locapi_rpc_glue( 1575): +loc_api_callback_process_sync_call
01-20 10:48:01.317 V/locapi_rpc_glue( 1575): -loc_api_callback_process_sync_call, no sync call in use
01-20 10:48:01.327 D/RPC     ( 1575): written RPC packet size: [28]
01-20 10:48:01.327 D/RPC     ( 1575): read RPC packet
01-20 10:48:01.327 D/RPC     ( 1575): read RPC packet size: [272]
01-20 10:48:01.327 V/locapi_rpc_glue( 1575): Callback received: 4 (cb_id=0x6270000 handle=1)
01-20 10:48:01.327 V/locapi_rpc_glue( 1575): +loc_api_callback_process_sync_call
01-20 10:48:01.327 V/locapi_rpc_glue( 1575): -loc_api_callback_process_sync_call, no sync call in use
01-20 10:48:01.327 D/RPC     ( 1575): written RPC packet size: [28]
01-20 10:48:01.327 D/RPC     ( 1575): read RPC packet
01-20 10:48:01.327 D/RPC     ( 1575): read RPC packet size: [272]
01-20 10:48:01.337 V/locapi_rpc_glue( 1575): Callback received: 4 (cb_id=0x6270000 handle=1)
01-20 10:48:01.337 V/locapi_rpc_glue( 1575): +loc_api_callback_process_sync_call
01-20 10:48:01.337 V/locapi_rpc_glue( 1575): -loc_api_callback_process_sync_call, no sync call in use
01-20 10:48:01.337 D/RPC     ( 1575): written RPC packet size: [28]
01-20 10:48:01.337 D/RPC     ( 1575): read RPC packet
01-20 10:48:01.337 D/RPC     ( 1575): read RPC packet size: [96]
01-20 10:48:01.337 V/locapi_rpc_glue( 1575): Callback received: 2 (cb_id=0x6270000 handle=1)
01-20 10:48:01.337 V/locapi_rpc_glue( 1575): +loc_api_callback_process_sync_call
01-20 10:48:01.337 V/locapi_rpc_glue( 1575): -loc_api_callback_process_sync_call, no sync call in use
01-20 10:48:01.347 D/lib_locapi( 1575): loc_eng_report_sv: valid_mask = 0x30, num of sv = 0
01-20 10:48:01.347 D/GpsLocationProvider( 1575): reportSvStatus
01-20 10:48:01.347 V/GpsLocationProvider( 1575): SV count: 0 ephemerisMask: 0 almanacMask: 0
01-20 10:48:01.347 D/RPC     ( 1575): written RPC packet size: [28]
01-20 10:48:01.347 D/RPC     ( 1575): read RPC packet
01-20 10:48:01.347 D/RPC     ( 1575): read RPC packet size: [272]
01-20 10:48:01.347 V/locapi_rpc_glue( 1575): Callback received: 4 (cb_id=0x6270000 handle=1)
01-20 10:48:01.347 V/locapi_rpc_glue( 1575): +loc_api_callback_process_sync_call
01-20 10:48:01.357 V/locapi_rpc_glue( 1575): -loc_api_callback_process_sync_call, no sync call in use
01-20 10:48:01.357 D/RPC     ( 1575): written RPC packet size: [28]
01-20 10:48:01.357 D/RPC     ( 1575): read RPC packet
01-20 10:48:01.357 D/RPC     ( 1575): read RPC packet size: [272]
01-20 10:48:01.357 V/locapi_rpc_glue( 1575): Callback received: 4 (cb_id=0x6270000 handle=1)
01-20 10:48:01.357 V/locapi_rpc_glue( 1575): +loc_api_callback_process_sync_call
01-20 10:48:01.357 V/locapi_rpc_glue( 1575): -loc_api_callback_process_sync_call, no sync call in use
01-20 10:48:01.357 D/RPC     ( 1575): written RPC packet size: [28]
01-20 10:48:01.367 D/RPC     ( 1575): read RPC packet
01-20 10:48:01.367 D/RPC     ( 1575): read RPC packet size: [272]
01-20 10:48:01.367 V/locapi_rpc_glue( 1575): Callback received: 4 (cb_id=0x6270000 handle=1)
01-20 10:48:01.367 V/locapi_rpc_glue( 1575): +loc_api_callback_process_sync_call
01-20 10:48:01.367 V/locapi_rpc_glue( 1575): -loc_api_callback_process_sync_call, no sync call in use
01-20 10:48:01.367 D/RPC     ( 1575): written RPC packet size: [28]
01-20 10:48:01.367 D/RPC     ( 1575): read RPC packet
01-20 10:48:01.367 D/RPC     ( 1575): read RPC packet size: [272]
01-20 10:48:01.367 V/locapi_rpc_glue( 1575): Callback received: 4 (cb_id=0x6270000 handle=1)
01-20 10:48:01.377 V/locapi_rpc_glue( 1575): +loc_api_callback_process_sync_call
01-20 10:48:01.377 V/locapi_rpc_glue( 1575): -loc_api_callback_process_sync_call, no sync call in use
01-20 10:48:01.377 D/RPC     ( 1575): written RPC packet size: [28]
01-20 10:48:01.707 I/System.out( 2735): Values: 0.0 0.0
01-20 10:48:02.087 D/RPC     ( 1575): read RPC packet
01-20 10:48:02.087 D/RPC     ( 1575): read RPC packet size: [208]
01-20 10:48:02.087 V/locapi_rpc_glue( 1575): Callback received: 1 (cb_id=0x6270000 handle=1)
01-20 10:48:02.087 V/locapi_rpc_glue( 1575): +loc_api_callback_process_sync_call
01-20 10:48:02.087 V/locapi_rpc_glue( 1575): -loc_api_callback_process_sync_call, no sync call in use
01-20 10:48:02.087 D/lib_locapi( 1575): loc_eng_report_position: valid mask = 0x606d, sess status = 1
01-20 10:48:02.087 D/RPC     ( 1575): written RPC packet size: [28]
01-20 10:48:02.308 D/RPC     ( 1575): read RPC packet
01-20 10:48:02.318 D/RPC     ( 1575): read RPC packet size: [272]
01-20 10:48:02.318 V/locapi_rpc_glue( 1575): Callback received: 4 (cb_id=0x6270000 handle=1)
01-20 10:48:02.318 V/locapi_rpc_glue( 1575): +loc_api_callback_process_sync_call
01-20 10:48:02.318 V/locapi_rpc_glue( 1575): -loc_api_callback_process_sync_call, no sync call in use
01-20 10:48:02.318 D/RPC     ( 1575): written RPC packet size: [28]
01-20 10:48:02.318 D/RPC     ( 1575): read RPC packet
01-20 10:48:02.318 D/RPC     ( 1575): read RPC packet size: [272]
01-20 10:48:02.318 V/locapi_rpc_glue( 1575): Callback received: 4 (cb_id=0x6270000 handle=1)
01-20 10:48:02.328 V/locapi_rpc_glue( 1575): +loc_api_callback_process_sync_call
01-20 10:48:02.328 V/locapi_rpc_glue( 1575): -loc_api_callback_process_sync_call, no sync call in use
01-20 10:48:02.328 D/RPC     ( 1575): written RPC packet size: [28]
01-20 10:48:02.328 D/RPC     ( 1575): read RPC packet
01-20 10:48:02.328 D/RPC     ( 1575): read RPC packet size: [272]
01-20 10:48:02.328 V/locapi_rpc_glue( 1575): Callback received: 4 (cb_id=0x6270000 handle=1)
01-20 10:48:02.328 V/locapi_rpc_glue( 1575): +loc_api_callback_process_sync_call
01-20 10:48:02.338 V/locapi_rpc_glue( 1575): -loc_api_callback_process_sync_call, no sync call in use
01-20 10:48:02.338 D/RPC     ( 1575): written RPC packet size: [28]
01-20 10:48:02.338 D/RPC     ( 1575): read RPC packet
01-20 10:48:02.338 D/RPC     ( 1575): read RPC packet size: [272]
01-20 10:48:02.338 V/locapi_rpc_glue( 1575): Callback received: 4 (cb_id=0x6270000 handle=1)
01-20 10:48:02.338 V/locapi_rpc_glue( 1575): +loc_api_callback_process_sync_call
01-20 10:48:02.338 V/locapi_rpc_glue( 1575): -loc_api_callback_process_sync_call, no sync call in use
01-20 10:48:02.338 D/RPC     ( 1575): written RPC packet size: [28]
01-20 10:48:02.348 D/RPC     ( 1575): read RPC packet
01-20 10:48:02.348 D/RPC     ( 1575): read RPC packet size: [96]
01-20 10:48:02.348 V/locapi_rpc_glue( 1575): Callback received: 2 (cb_id=0x6270000 handle=1)
01-20 10:48:02.348 V/locapi_rpc_glue( 1575): +loc_api_callback_process_sync_call
01-20 10:48:02.348 V/locapi_rpc_glue( 1575): -loc_api_callback_process_sync_call, no sync call in use
01-20 10:48:02.348 D/lib_locapi( 1575): loc_eng_report_sv: valid_mask = 0x30, num of sv = 0
01-20 10:48:02.348 D/GpsLocationProvider( 1575): reportSvStatus
01-20 10:48:02.348 V/GpsLocationProvider( 1575): SV count: 0 ephemerisMask: 0 almanacMask: 0
01-20 10:48:02.348 D/RPC     ( 1575): written RPC packet size: [28]
01-20 10:48:02.358 D/RPC     ( 1575): read RPC packet
01-20 10:48:02.358 D/RPC     ( 1575): read RPC packet size: [272]
01-20 10:48:02.358 V/locapi_rpc_glue( 1575): Callback received: 4 (cb_id=0x6270000 handle=1)
01-20 10:48:02.358 V/locapi_rpc_glue( 1575): +loc_api_callback_process_sync_call
01-20 10:48:02.358 V/locapi_rpc_glue( 1575): -loc_api_callback_process_sync_call, no sync call in use
01-20 10:48:02.358 D/RPC     ( 1575): written RPC packet size: [28]
01-20 10:48:02.358 D/RPC     ( 1575): read RPC packet
01-20 10:48:02.358 D/RPC     ( 1575): read RPC packet size: [272]
01-20 10:48:02.368 V/locapi_rpc_glue( 1575): Callback received: 4 (cb_id=0x6270000 handle=1)
01-20 10:48:02.368 V/locapi_rpc_glue( 1575): +loc_api_callback_process_sync_call
01-20 10:48:02.368 V/locapi_rpc_glue( 1575): -loc_api_callback_process_sync_call, no sync call in use
01-20 10:48:02.368 D/RPC     ( 1575): written RPC packet size: [28]
01-20 10:48:02.368 D/RPC     ( 1575): read RPC packet
01-20 10:48:02.368 D/RPC     ( 1575): read RPC packet size: [272]
01-20 10:48:02.368 V/locapi_rpc_glue( 1575): Callback received: 4 (cb_id=0x6270000 handle=1)
01-20 10:48:02.368 V/locapi_rpc_glue( 1575): +loc_api_callback_process_sync_call
01-20 10:48:02.378 V/locapi_rpc_glue( 1575): -loc_api_callback_process_sync_call, no sync call in use
01-20 10:48:02.378 D/RPC     ( 1575): written RPC packet size: [28]
01-20 10:48:02.378 D/RPC     ( 1575): read RPC packet
01-20 10:48:02.378 D/RPC     ( 1575): read RPC packet size: [272]
01-20 10:48:02.378 V/locapi_rpc_glue( 1575): Callback received: 4 (cb_id=0x6270000 handle=1)
01-20 10:48:02.378 V/locapi_rpc_glue( 1575): +loc_api_callback_process_sync_call
01-20 10:48:02.378 V/locapi_rpc_glue( 1575): -loc_api_callback_process_sync_call, no sync call in use
01-20 10:48:02.378 D/RPC     ( 1575): written RPC packet size: [28]
01-20 10:48:02.708 I/System.out( 2735): Values: 0.0 0.0
01-20 10:48:03.088 D/RPC     ( 1575): read RPC packet
01-20 10:48:03.088 D/RPC     ( 1575): read RPC packet size: [208]
01-20 10:48:03.088 V/locapi_rpc_glue( 1575): Callback received: 1 (cb_id=0x6270000 handle=1)
01-20 10:48:03.088 V/locapi_rpc_glue( 1575): +loc_api_callback_process_sync_call
01-20 10:48:03.088 V/locapi_rpc_glue( 1575): -loc_api_callback_process_sync_call, no sync call in use
01-20 10:48:03.088 D/lib_locapi( 1575): loc_eng_report_position: valid mask = 0x606d, sess status = 1
01-20 10:48:03.088 D/RPC     ( 1575): written RPC packet size: [28]
01-20 10:48:03.309 D/RPC     ( 1575): read RPC packet
01-20 10:48:03.309 D/RPC     ( 1575): read RPC packet size: [272]
01-20 10:48:03.319 V/locapi_rpc_glue( 1575): Callback received: 4 (cb_id=0x6270000 handle=1)
01-20 10:48:03.319 V/locapi_rpc_glue( 1575): +loc_api_callback_process_sync_call
01-20 10:48:03.319 V/locapi_rpc_glue( 1575): -loc_api_callback_process_sync_call, no sync call in use
01-20 10:48:03.319 D/RPC     ( 1575): written RPC packet size: [28]
01-20 10:48:03.319 D/RPC     ( 1575): read RPC packet
01-20 10:48:03.319 D/RPC     ( 1575): read RPC packet size: [272]
01-20 10:48:03.319 V/locapi_rpc_glue( 1575): Callback received: 4 (cb_id=0x6270000 handle=1)
01-20 10:48:03.319 V/locapi_rpc_glue( 1575): +loc_api_callback_process_sync_call
01-20 10:48:03.329 V/locapi_rpc_glue( 1575): -loc_api_callback_process_sync_call, no sync call in use
01-20 10:48:03.329 D/RPC     ( 1575): written RPC packet size: [28]
01-20 10:48:03.329 D/RPC     ( 1575): read RPC packet
01-20 10:48:03.329 D/RPC     ( 1575): read RPC packet size: [272]
01-20 10:48:03.329 V/locapi_rpc_glue( 1575): Callback received: 4 (cb_id=0x6270000 handle=1)
01-20 10:48:03.339 V/locapi_rpc_glue( 1575): +loc_api_callback_process_sync_call
01-20 10:48:03.339 V/locapi_rpc_glue( 1575): -loc_api_callback_process_sync_call, no sync call in use
01-20 10:48:03.339 D/RPC     ( 1575): written RPC packet size: [28]
01-20 10:48:03.339 D/RPC     ( 1575): read RPC packet
01-20 10:48:03.339 D/RPC     ( 1575): read RPC packet size: [272]
01-20 10:48:03.339 V/locapi_rpc_glue( 1575): Callback received: 4 (cb_id=0x6270000 handle=1)
01-20 10:48:03.339 V/locapi_rpc_glue( 1575): +loc_api_callback_process_sync_call
01-20 10:48:03.339 V/locapi_rpc_glue( 1575): -loc_api_callback_process_sync_call, no sync call in use
01-20 10:48:03.349 D/RPC     ( 1575): written RPC packet size: [28]
01-20 10:48:03.349 D/RPC     ( 1575): read RPC packet
01-20 10:48:03.349 D/RPC     ( 1575): read RPC packet size: [96]
01-20 10:48:03.349 V/locapi_rpc_glue( 1575): Callback received: 2 (cb_id=0x6270000 handle=1)
01-20 10:48:03.349 V/locapi_rpc_glue( 1575): +loc_api_callback_process_sync_call
01-20 10:48:03.349 V/locapi_rpc_glue( 1575): -loc_api_callback_process_sync_call, no sync call in use
01-20 10:48:03.349 D/lib_locapi( 1575): loc_eng_report_sv: valid_mask = 0x30, num of sv = 0
01-20 10:48:03.349 D/GpsLocationProvider( 1575): reportSvStatus
01-20 10:48:03.349 V/GpsLocationProvider( 1575): SV count: 0 ephemerisMask: 0 almanacMask: 0
01-20 10:48:03.359 D/RPC     ( 1575): written RPC packet size: [28]
01-20 10:48:03.359 D/RPC     ( 1575): read RPC packet
01-20 10:48:03.359 D/RPC     ( 1575): read RPC packet size: [272]
01-20 10:48:03.359 V/locapi_rpc_glue( 1575): Callback received: 4 (cb_id=0x6270000 handle=1)
01-20 10:48:03.359 V/locapi_rpc_glue( 1575): +loc_api_callback_process_sync_call
01-20 10:48:03.359 V/locapi_rpc_glue( 1575): -loc_api_callback_process_sync_call, no sync call in use
01-20 10:48:03.359 D/RPC     ( 1575): written RPC packet size: [28]
01-20 10:48:03.369 D/RPC     ( 1575): read RPC packet
01-20 10:48:03.369 D/RPC     ( 1575): read RPC packet size: [272]
01-20 10:48:03.369 V/locapi_rpc_glue( 1575): Callback received: 4 (cb_id=0x6270000 handle=1)
01-20 10:48:03.369 V/locapi_rpc_glue( 1575): +loc_api_callback_process_sync_call
01-20 10:48:03.369 V/locapi_rpc_glue( 1575): -loc_api_callback_process_sync_call, no sync call in use
01-20 10:48:03.369 D/RPC     ( 1575): written RPC packet size: [28]
01-20 10:48:03.369 D/RPC     ( 1575): read RPC packet
01-20 10:48:03.369 D/RPC     ( 1575): read RPC packet size: [272]
01-20 10:48:03.379 V/locapi_rpc_glue( 1575): Callback received: 4 (cb_id=0x6270000 handle=1)
01-20 10:48:03.379 V/locapi_rpc_glue( 1575): +loc_api_callback_process_sync_call
01-20 10:48:03.379 V/locapi_rpc_glue( 1575): -loc_api_callback_process_sync_call, no sync call in use
01-20 10:48:03.379 D/RPC     ( 1575): written RPC packet size: [28]
01-20 10:48:03.379 D/RPC     ( 1575): read RPC packet
01-20 10:48:03.379 D/RPC     ( 1575): read RPC packet size: [272]
01-20 10:48:03.379 V/locapi_rpc_glue( 1575): Callback received: 4 (cb_id=0x6270000 handle=1)
01-20 10:48:03.379 V/locapi_rpc_glue( 1575): +loc_api_callback_process_sync_call
01-20 10:48:03.379 V/locapi_rpc_glue( 1575): -loc_api_callback_process_sync_call, no sync call in use
01-20 10:48:03.389 D/RPC     ( 1575): written RPC packet size: [28]
01-20 10:48:03.709 I/System.out( 2735): Values: 0.0 0.0
01-20 10:48:04.089 D/RPC     ( 1575): read RPC packet
01-20 10:48:04.089 D/RPC     ( 1575): read RPC packet size: [208]
01-20 10:48:04.089 V/locapi_rpc_glue( 1575): Callback received: 1 (cb_id=0x6270000 handle=1)
01-20 10:48:04.089 V/locapi_rpc_glue( 1575): +loc_api_callback_process_sync_call
01-20 10:48:04.089 V/locapi_rpc_glue( 1575): -loc_api_callback_process_sync_call, no sync call in use
01-20 10:48:04.089 D/lib_locapi( 1575): loc_eng_report_position: valid mask = 0x606d, sess status = 1
01-20 10:48:04.089 D/RPC     ( 1575): written RPC packet size: [28]
01-20 10:48:04.310 D/RPC     ( 1575): read RPC packet
01-20 10:48:04.310 D/RPC     ( 1575): read RPC packet size: [272]
01-20 10:48:04.320 V/locapi_rpc_glue( 1575): Callback received: 4 (cb_id=0x6270000 handle=1)
01-20 10:48:04.320 V/locapi_rpc_glue( 1575): +loc_api_callback_process_sync_call
01-20 10:48:04.320 V/locapi_rpc_glue( 1575): -loc_api_callback_process_sync_call, no sync call in use
01-20 10:48:04.320 D/RPC     ( 1575): written RPC packet size: [28]
01-20 10:48:04.320 D/RPC     ( 1575): read RPC packet
01-20 10:48:04.320 D/RPC     ( 1575): read RPC packet size: [272]
01-20 10:48:04.320 V/locapi_rpc_glue( 1575): Callback received: 4 (cb_id=0x6270000 handle=1)
01-20 10:48:04.320 V/locapi_rpc_glue( 1575): +loc_api_callback_process_sync_call
01-20 10:48:04.330 V/locapi_rpc_glue( 1575): -loc_api_callback_process_sync_call, no sync call in use
01-20 10:48:04.330 D/RPC     ( 1575): written RPC packet size: [28]
01-20 10:48:04.330 D/RPC     ( 1575): read RPC packet
01-20 10:48:04.330 D/RPC     ( 1575): read RPC packet size: [272]
01-20 10:48:04.330 V/locapi_rpc_glue( 1575): Callback received: 4 (cb_id=0x6270000 handle=1)
01-20 10:48:04.340 V/locapi_rpc_glue( 1575): +loc_api_callback_process_sync_call
01-20 10:48:04.340 V/locapi_rpc_glue( 1575): -loc_api_callback_process_sync_call, no sync call in use
01-20 10:48:04.340 D/RPC     ( 1575): written RPC packet size: [28]
01-20 10:48:04.340 D/RPC     ( 1575): read RPC packet
01-20 10:48:04.340 D/RPC     ( 1575): read RPC packet size: [272]
01-20 10:48:04.340 V/locapi_rpc_glue( 1575): Callback received: 4 (cb_id=0x6270000 handle=1)
01-20 10:48:04.340 V/locapi_rpc_glue( 1575): +loc_api_callback_process_sync_call
01-20 10:48:04.340 V/locapi_rpc_glue( 1575): -loc_api_callback_process_sync_call, no sync call in use
01-20 10:48:04.350 D/RPC     ( 1575): written RPC packet size: [28]
01-20 10:48:04.350 D/RPC     ( 1575): read RPC packet
01-20 10:48:04.350 D/RPC     ( 1575): read RPC packet size: [96]
01-20 10:48:04.350 V/locapi_rpc_glue( 1575): Callback received: 2 (cb_id=0x6270000 handle=1)
01-20 10:48:04.360 V/locapi_rpc_glue( 1575): +loc_api_callback_process_sync_call
01-20 10:48:04.360 V/locapi_rpc_glue( 1575): -loc_api_callback_process_sync_call, no sync call in use
01-20 10:48:04.360 D/lib_locapi( 1575): loc_eng_report_sv: valid_mask = 0x30, num of sv = 0
01-20 10:48:04.360 D/GpsLocationProvider( 1575): reportSvStatus
01-20 10:48:04.360 V/GpsLocationProvider( 1575): SV count: 0 ephemerisMask: 0 almanacMask: 0
01-20 10:48:04.360 D/RPC     ( 1575): written RPC packet size: [28]
01-20 10:48:04.360 D/RPC     ( 1575): read RPC packet
01-20 10:48:04.360 D/RPC     ( 1575): read RPC packet size: [272]
01-20 10:48:04.370 V/locapi_rpc_glue( 1575): Callback received: 4 (cb_id=0x6270000 handle=1)
01-20 10:48:04.370 V/locapi_rpc_glue( 1575): +loc_api_callback_process_sync_call
01-20 10:48:04.370 V/locapi_rpc_glue( 1575): -loc_api_callback_process_sync_call, no sync call in use
01-20 10:48:04.370 D/RPC     ( 1575): written RPC packet size: [28]
01-20 10:48:04.370 D/RPC     ( 1575): read RPC packet
01-20 10:48:04.370 D/RPC     ( 1575): read RPC packet size: [272]
01-20 10:48:04.370 V/locapi_rpc_glue( 1575): Callback received: 4 (cb_id=0x6270000 handle=1)
01-20 10:48:04.380 V/locapi_rpc_glue( 1575): +loc_api_callback_process_sync_call
01-20 10:48:04.380 V/locapi_rpc_glue( 1575): -loc_api_callback_process_sync_call, no sync call in use
01-20 10:48:04.380 D/RPC     ( 1575): written RPC packet size: [28]
01-20 10:48:04.380 D/RPC     ( 1575): read RPC packet
01-20 10:48:04.380 D/RPC     ( 1575): read RPC packet size: [272]
01-20 10:48:04.380 V/locapi_rpc_glue( 1575): Callback received: 4 (cb_id=0x6270000 handle=1)
01-20 10:48:04.380 V/locapi_rpc_glue( 1575): +loc_api_callback_process_sync_call
01-20 10:48:04.380 V/locapi_rpc_glue( 1575): -loc_api_callback_process_sync_call, no sync call in use
01-20 10:48:04.390 D/RPC     ( 1575): written RPC packet size: [28]
01-20 10:48:04.390 D/RPC     ( 1575): read RPC packet
01-20 10:48:04.390 D/RPC     ( 1575): read RPC packet size: [272]
01-20 10:48:04.390 V/locapi_rpc_glue( 1575): Callback received: 4 (cb_id=0x6270000 handle=1)
01-20 10:48:04.390 V/locapi_rpc_glue( 1575): +loc_api_callback_process_sync_call
01-20 10:48:04.390 V/locapi_rpc_glue( 1575): -loc_api_callback_process_sync_call, no sync call in use
01-20 10:48:04.390 D/RPC     ( 1575): written RPC packet size: [28]
01-20 10:48:04.710 I/System.out( 2735): Values: 0.0 0.0
01-20 10:48:05.090 D/RPC     ( 1575): read RPC packet
01-20 10:48:05.090 D/RPC     ( 1575): read RPC packet size: [208]
01-20 10:48:05.090 V/locapi_rpc_glue( 1575): Callback received: 1 (cb_id=0x6270000 handle=1)
01-20 10:48:05.100 V/locapi_rpc_glue( 1575): +loc_api_callback_process_sync_call
01-20 10:48:05.100 V/locapi_rpc_glue( 1575): -loc_api_callback_process_sync_call, no sync call in use
01-20 10:48:05.100 D/lib_locapi( 1575): loc_eng_report_position: valid mask = 0x606d, sess status = 1
01-20 10:48:05.100 D/RPC     ( 1575): written RPC packet size: [28]
01-20 10:48:05.140 D/dalvikvm( 1676): GC_EXPLICIT freed 2K, 21% free 11161K/14087K, paused 7ms+3ms
01-20 10:48:05.311 D/RPC     ( 1575): read RPC packet
01-20 10:48:05.311 D/RPC     ( 1575): read RPC packet size: [272]
01-20 10:48:05.321 V/locapi_rpc_glue( 1575): Callback received: 4 (cb_id=0x6270000 handle=1)
01-20 10:48:05.321 V/locapi_rpc_glue( 1575): +loc_api_callback_process_sync_call
01-20 10:48:05.321 V/locapi_rpc_glue( 1575): -loc_api_callback_process_sync_call, no sync call in use
01-20 10:48:05.321 D/RPC     ( 1575): written RPC packet size: [28]
01-20 10:48:05.321 D/RPC     ( 1575): read RPC packet
01-20 10:48:05.321 D/RPC     ( 1575): read RPC packet size: [272]
01-20 10:48:05.331 V/locapi_rpc_glue( 1575): Callback received: 4 (cb_id=0x6270000 handle=1)
01-20 10:48:05.331 V/locapi_rpc_glue( 1575): +loc_api_callback_process_sync_call
01-20 10:48:05.331 V/locapi_rpc_glue( 1575): -loc_api_callback_process_sync_call, no sync call in use
01-20 10:48:05.331 D/RPC     ( 1575): written RPC packet size: [28]
01-20 10:48:05.331 D/RPC     ( 1575): read RPC packet
01-20 10:48:05.331 D/RPC     ( 1575): read RPC packet size: [272]
01-20 10:48:05.331 V/locapi_rpc_glue( 1575): Callback received: 4 (cb_id=0x6270000 handle=1)
01-20 10:48:05.341 V/locapi_rpc_glue( 1575): +loc_api_callback_process_sync_call
01-20 10:48:05.341 V/locapi_rpc_glue( 1575): -loc_api_callback_process_sync_call, no sync call in use
01-20 10:48:05.341 D/RPC     ( 1575): written RPC packet size: [28]
