--------- beginning of /dev/log/main
01-20 10:46:26.694 I/power   ( 1575): *** set_screen_state 0
01-20 10:46:26.694 D/PowerManagerService( 1575): setScreenStateLocked++, on: false, err: 0
01-20 10:46:26.694 D/PowerManagerService( 1575): setScreenStateLocked, turn off the button light 
01-20 10:46:26.694 D/lights  ( 1575): set_light_buttons_func: on=0 brightness=0
01-20 10:46:26.704 D/lights  ( 1575): set_rotated_rgb_led: on=0 brightness=0
01-20 10:46:26.704 D/lights  ( 1575): [LedInfo] write attr ok name=/sys/class/leds/amber-portrait/brightness string=0,len=1
01-20 10:46:26.704 D/lights  ( 1575): set_rotated_rgb_led: on=0 brightness=0
01-20 10:46:26.704 D/lights  ( 1575): [LedInfo] write attr ok name=/sys/class/leds/green-portrait/brightness string=0,len=1
01-20 10:46:26.704 D/lights  ( 1575): set_rotated_rgb_led: on=0 brightness=0
01-20 10:46:26.714 E/lights  ( 1575): [LedErr] open attr failed name=/sys/class/leds/blue-portrait/brightness errno: 2
01-20 10:46:26.724 V/KeyguardViewMediator( 1575): password timeout now
01-20 10:46:26.734 D/HtcLockScreen( 1575): createPatternUnlockScreen() ...
01-20 10:46:26.734 D/Sensors ( 1575): Enable akm: en = 0
01-20 10:46:26.734 D/HtcLockScreen( 1575): packageInfo - PackageInfo{40fb0bf0 com.htc.lockscreen}
01-20 10:46:26.774 D/HostWidgetManager( 1676): pauseWidgets: 2
01-20 10:46:26.794 D/PhoneWindow( 1676): couldn't save which view has focus because the focused view android.widget.RelativeLayout@407c7878 has no id.
01-20 10:46:26.804 D/UsbnetService( 1575): BroadcastReceiver::onReceive+
01-20 10:46:26.804 D/UsbnetService( 1575): onReceive SCREEN_OFF
--------- beginning of /dev/log/system
01-20 10:46:26.804 D/AlarmManager( 1575): ACTION_SCREEN_OFF
01-20 10:46:26.824 D/RemoveMe( 1665): DCT got intent android.intent.action.SCREEN_OFF
01-20 10:46:26.824 D/DataConnectionTracker( 1665): power saving case 6
01-20 10:46:26.824 D/ConnectivityService( 1575): getMobileDataEnabled returning false
01-20 10:46:26.834 D/DataConnectionTracker( 1665): power saving case 6
01-20 10:46:26.834 D/ConnectivityService( 1575): getMobileDataEnabled returning false
01-20 10:46:26.834 D/RemoveMe( 1665): DCT got intent android.intent.action.SCREEN_OFF
01-20 10:46:26.844 D/RemoveMe( 1665): DCT got intent android.intent.action.SCREEN_OFF
01-20 10:46:26.844 I/TabletStatusBar( 1645): DISABLE_CLOCK: yes
01-20 10:46:26.844 I/TabletStatusBar( 1645): DISABLE_EXPAND: yes
01-20 10:46:26.844 I/TabletStatusBar( 1645): DISABLE_NAVIGATION: yes
01-20 10:46:26.905 D/SurfaceFlinger( 1435): getTokenForSurface(0xae1fc) => 0 (client=0xa2688, bitmap=00000003), pid=1575
01-20 10:46:26.905 D/msm7x30.gralloc( 1435): gpu_context_t::getGrallocInformationFromFormat  1 
01-20 10:46:26.925 D/AutoSetting( 1771): service - mHandler: cancel location update
01-20 10:46:26.925 D/AutoSetting( 1771): service -           changes count: 0
01-20 10:46:26.935 D/ContactMessageStore( 1665): start background delete task...
01-20 10:46:26.935 D/AK8975  ( 1445): Compass CLOSE 
01-20 10:46:26.945 D/dalvikvm( 1680): GC_EXPLICIT freed 6K, 9% free 7012K/7623K, paused 1ms+1ms
01-20 10:46:26.945 D/SurfaceFlinger( 1435): About to give-up screen, flinger = 0xa830
01-20 10:46:26.965 D/ContactMessageStore( 1665): size: 0 , 0
01-20 10:46:26.965 D/dalvikvm( 1680): GC_EXPLICIT freed 2K, 9% free 7011K/7623K, paused 2ms+2ms
01-20 10:46:26.975 W/msm7x30.hwcomposer( 1435): hwc_set invalid context or list
01-20 10:46:26.975 D/msm7x30.hwcomposer( 1435): HWC called FB enableHDMIOutput(0)
01-20 10:46:26.975 I/TabletStatusBar( 1645): DISABLE_BACK: yes
01-20 10:46:26.995 D/ContactMessageStore( 1665): Background delete complete
01-20 10:46:27.015 D/SurfaceFlinger( 1435): getTokenForSurface(0xad684) => 0 (client=0xa9500, bitmap=00000001), pid=1680
01-20 10:46:27.015 D/msm7x30.gralloc( 1435): gpu_context_t::getGrallocInformationFromFormat  1 
01-20 10:46:27.035 D/IdleScreen_base( 1680): onRingUnlockEnd
01-20 10:46:27.075 D/msm7x30.gralloc( 1435): gpu_context_t::getGrallocInformationFromFormat  1 
01-20 10:46:27.895 D/KeyguardViewMediator( 1575): wakeWhenReadyLocked(26)
01-20 10:46:27.895 I/power   ( 1575): *** set_screen_state 1
01-20 10:46:27.905 D/PowerManagerService( 1575): setScreenStateLocked++, on: true, err: 0
01-20 10:46:27.905 D/PowerManagerService( 1575): button light setOrientation:-1
01-20 10:46:27.915 D/lights  ( 1575): set_light_buttons_func: on=16777215 brightness=255
01-20 10:46:27.915 D/lights  ( 1575): set_rotated_rgb_led: on=0 brightness=0
01-20 10:46:27.915 D/lights  ( 1575): [LedInfo] write attr ok name=/sys/class/leds/amber-portrait/brightness string=0,len=1
01-20 10:46:27.915 D/lights  ( 1575): set_rotated_rgb_led: on=1 brightness=255
01-20 10:46:27.915 D/lights  ( 1575): [LedInfo] write attr ok name=/sys/class/leds/green-portrait/brightness string=255,len=3
01-20 10:46:27.915 D/lights  ( 1575): set_rotated_rgb_led: on=0 brightness=0
01-20 10:46:27.915 E/lights  ( 1575): [LedErr] open attr failed name=/sys/class/leds/blue-portrait/brightness errno: 2
01-20 10:46:27.915 D/Sensors ( 1575): Enable akm: en = 1
01-20 10:46:27.915 D/PowerManagerService( 1575): setPenMenuButtonLed: 2
01-20 10:46:27.915 D/PowerManagerService( 1575): Set pen menu button led (amber, green, blue) = 0, -1, 0), portrait = true
01-20 10:46:27.926 D/Launcher.Model( 1676): updateAppUsageStatCache +
01-20 10:46:27.936 D/UsbnetService( 1575): BroadcastReceiver::onReceive+
01-20 10:46:27.936 D/UsbnetService( 1575): onReceive SCREEN_ON
01-20 10:46:27.936 D/UsbnetService( 1575): BroadcastReceiver::onReceive-
01-20 10:46:27.936 D/AlarmManager( 1575): ACTION_SCREEN_ON
01-20 10:46:27.956 D/Launcher.Model( 1676): updateAppUsageStatCache - diff: 27
01-20 10:46:27.966 D/SurfaceFlinger( 1435): Screen about to return, flinger = 0xa830
01-20 10:46:27.976 D/msm7x30.hwcomposer( 1435): HWC called FB enableHDMIOutput(0)
01-20 10:46:27.986 D/PREF    ( 1676): setWidgetTilt .FriendStreamLarge2Widget : 14
01-20 10:46:27.996 D/AK8975  ( 1445): Compass Start
01-20 10:46:27.996 D/HostWidgetManager( 1676): onResumeInKeyguard: 2
01-20 10:46:28.006 D/FxWorkspace( 1676): prepareUnlockAnimation
01-20 10:46:28.006 D/RemoveMe( 1665): DCT got intent android.intent.action.SCREEN_ON
01-20 10:46:28.016 D/FxWorkspaceClient( 1676): showAllScreens()
01-20 10:46:28.016 D/ConnectivityService( 1575): getMobileDataEnabled returning false
01-20 10:46:28.026 D/FxWorkspaceClient( 1676): freezeAllScreens
01-20 10:46:28.026 D/ConnectivityService( 1575): getMobileDataEnabled returning false
01-20 10:46:28.036 D/UnlockAnimator( 1676): setFrame: unlock_to_03
01-20 10:46:28.036 D/RemoveMe( 1665): DCT got intent android.intent.action.SCREEN_ON
01-20 10:46:28.036 D/Rotate.Performance( 1676): FxWorkspace.show()
01-20 10:46:28.046 D/RemoveMe( 1665): DCT got intent android.intent.action.SCREEN_ON
01-20 10:46:28.846 D/HtcLockScreen3.0( 1575): HtcLockScreen: onInterceptTouchEvent ACTION_DOWN
01-20 10:46:29.357 D/HtcLockScreen3.0( 1575): HtcLockScreen: onInterceptTouchEvent ACTION_UP
01-20 10:46:29.357 D/IdleScreen_base( 1680): onRingUnlockStart
01-20 10:46:29.677 D/KeyguardViewManager( 1575): hide()
01-20 10:46:29.687 I/TabletStatusBar( 1645): DISABLE_CLOCK: no
01-20 10:46:29.687 I/TabletStatusBar( 1645): DISABLE_NAVIGATION: no
01-20 10:46:29.707 D/MyHTC   ( 1855): PoweronReceiver.onReceive(): intent=android.intent.action.USER_PRESENT
01-20 10:46:29.717 D/FxWorkspace( 1676): unlockAnimation
01-20 10:46:29.717 D/FxWorkspace( 1676): onUnlockAnimationStart()
01-20 10:46:29.717 D/UnlockAnimator( 1676): playMarker: unlock_to_03
01-20 10:46:29.717 D/FxWorkspaceClient( 1676): showAllScreens()
01-20 10:46:29.717 D/Rotate.Performance( 1676): FxWorkspace.show()
01-20 10:46:29.717 D/Twitter-MessageReceiver( 2485): action android.intent.action.USER_PRESENT
01-20 10:46:29.747 D/Sensors ( 1575): Enable akm: en = 0
01-20 10:46:29.767 D/SyncProvider( 2485): match settings
01-20 10:46:29.777 D/msm7x30.gralloc( 1435): gpu_context_t::getGrallocInformationFromFormat  1 
01-20 10:46:29.777 W/InputManagerService( 1575): Window already focused, ignoring focus gain of: com.android.internal.view.IInputMethodClient$Stub$Proxy@4094fea8
01-20 10:46:29.787 D/FacebookReceiver( 2485): Intent.ACTION_USER_PRESENT SyncInterval=3600000,currTime=1390214789775
01-20 10:46:29.787 D/FacebookReceiver( 2485): Intent.ACTION_USER_PRESENT lastStreamSyncTime=1390214789794,lastFriendSyncTime=1390214789794
01-20 10:46:29.797 D/SyncProvider( 2485): match settings
01-20 10:46:29.807 D/FlickrReceiver( 2485): Intent.ACTION_USER_PRESENT SyncInterval=3600000,currTime=1390214789807
01-20 10:46:29.807 D/FlickrReceiver( 2485): Intent.ACTION_USER_PRESENT lastStreamSyncTime=1390214789813,lastFriendSyncTime=1390214789813
01-20 10:46:29.837 I/TabletStatusBar( 1645): DISABLE_BACK: no
01-20 10:46:29.847 D/SurfaceFlinger( 1435): virtual void android::Layer::onRemoved(): lcblk (identity=15, status=0, token=0)
01-20 10:46:29.857 D/SyncProvider( 2485): match settings
01-20 10:46:29.857 D/SurfaceFlinger( 1435): virtual void android::Layer::onRemoved(): lcblk (identity=16, status=0, token=0)
01-20 10:46:29.917 D/dalvikvm( 1680): GC_EXPLICIT freed 150K, 9% free 7012K/7623K, paused 1ms+6ms
01-20 10:46:29.957 D/dalvikvm( 1680): GC_EXPLICIT freed 2K, 9% free 7011K/7623K, paused 2ms+1ms
01-20 10:46:30.008 D/dalvikvm( 1680): GC_EXPLICIT freed 6K, 9% free 7010K/7623K, paused 1ms+2ms
01-20 10:46:30.038 D/dalvikvm( 1680): GC_EXPLICIT freed 1K, 9% free 7010K/7623K, paused 2ms+2ms
01-20 10:46:30.098 D/AK8975  ( 1445): Compass CLOSE 
01-20 10:46:30.238 D/dalvikvm( 1680): GC_EXPLICIT freed 2K, 9% free 7010K/7623K, paused 2ms+2ms
01-20 10:46:30.278 D/dalvikvm( 1680): GC_EXPLICIT freed 1K, 9% free 7010K/7623K, paused 1ms+2ms
01-20 10:46:30.708 D/FxWorkspace( 1676): onUnlockAnimationEnd()
01-20 10:46:30.708 D/HostWidgetManager( 1676): onUserPresent: 2
01-20 10:46:30.708 D/HostWidgetManager( 1676): resumeWidgets: 2 sort: true
01-20 10:46:30.708 D/FxWorkspace( 1676): changeScreensVisibility
01-20 10:46:30.718 D/FxWorkspace( 1676): changeScreensVisibility
01-20 10:46:31.219 D/Sensors ( 1575): Enable akm: en = 1
01-20 10:46:31.229 D/AK8975  ( 1445): Compass Start
01-20 10:46:36.214 D/AndroidRuntime( 2600): 
01-20 10:46:36.214 D/AndroidRuntime( 2600): >>>>>> AndroidRuntime START com.android.internal.os.RuntimeInit <<<<<<
01-20 10:46:36.224 D/AndroidRuntime( 2600): CheckJNI is OFF
01-20 10:46:36.314 D/CursorWindowStats( 2600): Get CursorWindow size from framework resource:4194304
01-20 10:46:36.364 D/AndroidRuntime( 2600): Calling main entry com.android.commands.pm.Pm
01-20 10:46:36.374 I/ActivityManager( 1575): Start proc com.android.defcontainer for service com.android.defcontainer/.DefaultContainerService: pid=2608 uid=10087 gids={1015, 2001}
01-20 10:46:36.444 D/dalvikvm( 2608): GC_EXPLICIT freed 34K, 5% free 6458K/6787K, paused 1ms+1ms
01-20 10:46:36.724 W/ActivityManager( 1575): No content provider found for: 
01-20 10:46:36.744 W/ActivityManager( 1575): No content provider found for: 
01-20 10:46:36.744 I/ActivityManager( 1575): No longer want com.htc.laputa.HtcLaputaInstaller (pid 2193): hidden #16
01-20 10:46:36.754 D/PackageParser( 1575): Scanning package: /data/app/vmdl-1512543960.tmp
01-20 10:46:36.814 I/PackageManager( 1575): Removing non-system package:uk.ac.st_andrews.cs.host.mk74.energymeasurement.gps
01-20 10:46:36.814 I/ActivityManager( 1575): Force stopping package uk.ac.st_andrews.cs.host.mk74.energymeasurement.gps uid=10111
01-20 10:46:37.104 D/PackageManager( 1575): Scanning package uk.ac.st_andrews.cs.host.mk74.energymeasurement.gps
01-20 10:46:37.104 I/PackageManager( 1575): Package uk.ac.st_andrews.cs.host.mk74.energymeasurement.gps codePath changed from /data/app/uk.ac.st_andrews.cs.host.mk74.energymeasurement.gps-2.apk to /data/app/uk.ac.st_andrews.cs.host.mk74.energymeasurement.gps-1.apk; Retaining data and using new
01-20 10:46:37.104 I/PackageManager( 1575): Unpacking native libraries for /data/app/uk.ac.st_andrews.cs.host.mk74.energymeasurement.gps-1.apk
01-20 10:46:37.355 D/dalvikvm( 2616): DexOpt: load 39ms, verify+opt 157ms
01-20 10:46:37.585 I/ActivityManager( 1575): Force stopping package uk.ac.st_andrews.cs.host.mk74.energymeasurement.gps uid=10111
01-20 10:46:37.585 W/PackageManager( 1575): Code path for pkg : uk.ac.st_andrews.cs.host.mk74.energymeasurement.gps changing from /data/app/uk.ac.st_andrews.cs.host.mk74.energymeasurement.gps-2.apk to /data/app/uk.ac.st_andrews.cs.host.mk74.energymeasurement.gps-1.apk
01-20 10:46:37.585 D/PackageManager( 1575):   Activities: uk.ac.st_andrews.cs.host.mk74.energymeasurement.gps.MainActivity
01-20 10:46:37.585 W/PackageManager( 1575): Resource path for pkg : uk.ac.st_andrews.cs.host.mk74.energymeasurement.gps changing from /data/app/uk.ac.st_andrews.cs.host.mk74.energymeasurement.gps-2.apk to /data/app/uk.ac.st_andrews.cs.host.mk74.energymeasurement.gps-1.apk
01-20 10:46:37.815 D/PackageManager( 1575): [embedded] New package installed in /data/app/uk.ac.st_andrews.cs.host.mk74.energymeasurement.gps-1.apk
01-20 10:46:38.005 I/ActivityManager( 1575): Force stopping package uk.ac.st_andrews.cs.host.mk74.energymeasurement.gps uid=10111
01-20 10:46:38.075 D/dalvikvm( 1676): GC_EXPLICIT freed 1359K, 19% free 11159K/13639K, paused 1ms+3ms
01-20 10:46:38.095 D/dalvikvm( 1666): GC_EXPLICIT freed 806K, 11% free 7794K/8711K, paused 1ms+4ms
01-20 10:46:38.115 D/Launcher.Model( 1676): onReceive intent=Intent { act=android.intent.action.PACKAGE_REMOVED dat=package:uk.ac.st_andrews.cs.host.mk74.energymeasurement.gps flg=0x10000010 (has extras) }
01-20 10:46:38.115 D/PhoneApp( 1665): -- PackageChangeBroadcastReceiver  action = android.intent.action.PACKAGE_REMOVED
01-20 10:46:38.115 I/ActivityManager( 1575): Start proc com.android.smith for broadcast com.android.smith/.PackageReceiver: pid=2617 uid=10009 gids={1007, 1015}
01-20 10:46:38.186 I/SM:lib  ( 2617): JNI_OnLoad(): library version = 5
01-20 10:46:38.196 I/SM:lib  ( 2617): JNI_OnLoad(): result = 0x10004
01-20 10:46:38.196 D/SM:HtcNative( 2617): system lib, 4.0.honeycomb.HTK75C-flyer-l5-s16
01-20 10:46:38.196 D/SM:PackageReceiver( 2617): package removed: package:uk.ac.st_andrews.cs.host.mk74.energymeasurement.gps
01-20 10:46:38.196 D/PackageManager( 1575): generateServicesMap(android.accounts.AccountAuthenticator): 13 services unchanged
01-20 10:46:38.206 D/WidgetScanner( 1676): onReceive: Intent { act=android.intent.action.PACKAGE_REMOVED dat=package:uk.ac.st_andrews.cs.host.mk74.energymeasurement.gps flg=0x10000010 cmp=com.htc.launcher/.widget.WidgetScannerTrigger (has extras) }
01-20 10:46:38.206 I/ActivityManager( 1575): No longer want com.htc.ereader.drmengine (pid 2270): hidden #16
01-20 10:46:38.216 I/ActivityManager( 1575): Start proc com.htc.launcher.widgetscanner for service com.htc.launcher/.widget.WidgetScannerService: pid=2624 uid=9999 gids={3003, 3002, 3001, 2001, 1015}
01-20 10:46:38.226 I/ActivityManager( 1575): Start proc com.htc.opensense for broadcast com.htc.opensense/.pluginmanager.RegisterReceiver: pid=2626 uid=10013 gids={2001, 3003, 1006, 1015}
01-20 10:46:38.316 I/ActivityManager( 1575): Start proc com.htc.cs for broadcast com.htc.cs/.plugin.PluginRegisterReceiver: pid=2638 uid=10041 gids={3003, 1015}
01-20 10:46:38.346 D/PackageManager( 1575): generateServicesMap(android.content.SyncAdapter): 21 services unchanged
01-20 10:46:38.386 I/ActivityThread( 2638): Pub com.htc.connectedservice.csprovider: com.htc.cs.provider.ConnectedServiceProvider
01-20 10:46:38.396 I/ActivityThread( 2638): Pub com.htc.cs.dashboard: com.htc.cs.sync.dashboard.DashboardProvider
01-20 10:46:38.396 D/vicky   ( 2638): vicky received: android.intent.action.PACKAGE_REMOVED
01-20 10:46:38.416 I/RegisterService( 2626): android.intent.action.PACKAGE_REMOVED package:uk.ac.st_andrews.cs.host.mk74.energymeasurement.gps
01-20 10:46:38.416 I/ActivityManager( 1575): Start proc com.htc.recommend for broadcast com.htc.recommend/.receiver.AppInstalledReceiver: pid=2646 uid=10056 gids={2001, 3003}
01-20 10:46:38.456 D/LauncherApplication( 2624): + LauncherApplication onCreate()
01-20 10:46:38.476 I/ActivityManager( 1575): No longer want com.htc.demoflopackageinstaller (pid 2421): hidden #16
01-20 10:46:38.496 I/ActivityThread( 2646): Pub com.htc.recommend.provider.HTCRecommendCarouselProvider: com.htc.recommend.provider.HTCRecommendCarouselProvider
01-20 10:46:38.496 I/ActivityThread( 2646): Pub com.htc.recommend.provider.HTCRecommendContentProvider: com.htc.recommend.provider.HTCRecommendContentProvider
01-20 10:46:38.496 D/HTC Recommends( 2646): /mnt/sdcard/.LHYGB/CKCL
01-20 10:46:38.496 D/HTC Recommends( 2646): no token file
01-20 10:46:38.496 D/HTC Recommends( 2646): no token file
01-20 10:46:38.496 D/HTC Recommends( 2646): Log settings are 
01-20 10:46:38.516 D/HTC Recommends( 2646): Enable General Log : false
01-20 10:46:38.516 D/HTC Recommends( 2646): Enable Analytic Log : false
01-20 10:46:38.516 D/HTC Recommends( 2646): Enable Normal Log Level (dependent on General Log) : false
01-20 10:46:38.516 D/HTC Recommends( 2646): Enable Critical Log Level (dependent on General Log) : false
01-20 10:46:38.516 D/LauncherApplication( 2624): - LauncherApplication onCreate()
01-20 10:46:38.516 D/SqliteDatabaseCpp( 2646): dbopen(): path = /data/data/com.htc.recommend/databases , key = `tgvegkmmejd, flag = 6, file size = 59392
01-20 10:46:38.526 D/SqliteDatabaseCpp( 2646): dbopen(): path = /data/data/com.htc.recommend/databases , key = `tgvegkmmejd, mode: delete, disk free size: 7853 M, handle: 0x15d780
01-20 10:46:38.546 D/dalvikvm( 2624): GC_CONCURRENT freed 169K, 5% free 6765K/7047K, paused 1ms+1ms
01-20 10:46:38.576 D/WidgetScanner( 2624): onReceiveInternal: Intent { act=android.intent.action.PACKAGE_REMOVED dat=package:uk.ac.st_andrews.cs.host.mk74.energymeasurement.gps flg=0x10000010 cmp=com.htc.launcher/.widget.WidgetScannerService (has extras) }
01-20 10:46:38.576 D/HtcWidgetScanner( 2624): onPackageRemoved: uk.ac.st_andrews.cs.host.mk74.energymeasurement.gps
01-20 10:46:38.656 D/Launcher.Model( 1676): onReceive intent=Intent { act=android.intent.action.PACKAGE_ADDED dat=package:uk.ac.st_andrews.cs.host.mk74.energymeasurement.gps flg=0x10000010 (has extras) }
01-20 10:46:38.666 D/Launcher.Model( 1676): mAllAppsList.updatePackage uk.ac.st_andrews.cs.host.mk74.energymeasurement.gps
01-20 10:46:38.666 D/PackageManager( 1575): generateServicesMap(android.accounts.AccountAuthenticator): 13 services unchanged
01-20 10:46:38.676 D/PhoneApp( 1665): -- PackageChangeBroadcastReceiver  action = android.intent.action.PACKAGE_ADDED
01-20 10:46:38.686 D/PackageManager( 1575): generateServicesMap(android.content.SyncAdapter): 21 services unchanged
01-20 10:46:38.746 D/HtcWidgetProvider( 1676): update 0
01-20 10:46:38.766 D/Launcher.Model( 2624): onReceive intent=Intent { act=android.intent.action.PACKAGE_ADDED dat=package:uk.ac.st_andrews.cs.host.mk74.energymeasurement.gps flg=0x10000010 (has extras) }
01-20 10:46:38.766 D/Launcher.Model( 2624): mAllAppsList.updatePackage uk.ac.st_andrews.cs.host.mk74.energymeasurement.gps
01-20 10:46:38.776 D/FxWidgetScanner( 2624): onPackageRemoved: uk.ac.st_andrews.cs.host.mk74.energymeasurement.gps
01-20 10:46:38.786 D/FxWidgetScanner( 2624): removeFxWidgetList
01-20 10:46:39.016 D/CombinedWidgetProvider( 1676): +addAppWidget
01-20 10:46:39.016 D/CombinedWidgetProvider( 1676): addAppWidget: WidgetSummary(YouTube/APP_WIDGET/[I@40bda4f8 x [I@40bda518/-1/ComponentInfo{com.google.android.youtube/com.google.android.youtube.app.honeycomb.widget.WidgetProvider}/[I@40bda538)
01-20 10:46:39.016 D/CombinedWidgetProvider( 1676): addAppWidget: WidgetSummary(Twitter (large)/APP_WIDGET/[I@40bda7b0 x [I@40bda7d0/-1/ComponentInfo{com.twitter.android/com.twitter.android.client.WidgetLargeProvider}/[I@40bda7f0)
01-20 10:46:39.016 D/CombinedWidgetProvider( 1676): addAppWidget: WidgetSummary(Twitter (small)/APP_WIDGET/[I@40bdaae0 x [I@40bdab00/-1/ComponentInfo{com.twitter.android/com.twitter.android.client.WidgetSmallProvider}/[I@40bdab20)
01-20 10:46:39.016 D/CombinedWidgetProvider( 1676): addAppWidget: WidgetSummary(Traffic/APP_WIDGET/[I@40bdae10 x [I@40bdae30/-1/ComponentInfo{com.google.android.apps.maps/com.google.googlenav.appwidget.traffic.TrafficAppWidget}/[I@40bdae50)
01-20 10:46:39.016 D/CombinedWidgetProvider( 1676): addAppWidget: WidgetSummary(Latitude/APP_WIDGET/[I@40bdb0d8 x [I@40bdb0f8/-1/ComponentInfo{com.google.android.apps.maps/com.google.googlenav.appwidget.friends.FriendsAppWidgetProvider}/[I@40bdb118)
01-20 10:46:39.016 D/CombinedWidgetProvider( 1676): addAppWidget: WidgetSummary(Market/APP_WIDGET/[I@40bdb388 x [I@40bdb3a8/-1/ComponentInfo{com.android.vending/com.android.vending.MarketWidgetProvider}/[I@40bdb3c8)
01-20 10:46:39.016 D/CombinedWidgetProvider( 1676): addAppWidget: WidgetSummary(Google Search/APP_WIDGET/[I@40bdb650 x [I@40bdb670/-1/ComponentInfo{com.google.android.googlequicksearchbox/com.google.android.googlequicksearchbox.SearchWidgetProvider}/[I@40bdb690)
01-20 10:46:39.016 D/CombinedWidgetProvider( 1676): addAppWidget: WidgetSummary(Gmail/APP_WIDGET/[I@40bdb980 x [I@40bdb9a0/-1/ComponentInfo{com.google.android.gm/com.google.android.gm.widget.GmailWidgetProvider}/[I@40bdb9c0)
01-20 10:46:39.016 D/CombinedWidgetProvider( 1676): addAppWidget: WidgetSummary(Bookmarks/APP_WIDGET/[I@40bdbde0 x [I@40bdbe00/-1/ComponentInfo{com.android.browser/com.android.browser.widget.BookmarkThumbnailWidgetProvider}/[I@40bdbe20)
01-20 10:46:39.026 D/CombinedWidgetProvider( 1676): -addAppWidget
01-20 10:46:39.026 D/CombinedWidgetProvider( 1676): +addHtcWidgets, cat: -1
01-20 10:46:39.026 D/CombinedWidgetProvider( 1676):  uri: content://com.htc.launcher.widget.htcwidget/htcwidgets?widget_only=true
01-20 10:46:39.026 D/HtcWidgetProvider( 1676): row 1
01-20 10:46:39.176 I/ActivityThread( 2646): Pub com.htc.recommend.provider.HTCRecommendSuggestionProvider: com.htc.recommend.provider.HTCRecommendSuggestionProvider
01-20 10:46:39.237 D/dalvikvm( 1575): GC_CONCURRENT freed 1903K, 12% free 16045K/18055K, paused 2ms+6ms
01-20 10:46:39.247 D/CombinedWidgetProvider( 1676): addHtcWidget: WidgetSummary(Tips for Home/HTC_WIDGET/[I@40c07320 x [I@40c07340/1101/ComponentInfo{com.htc.rosiewidgets.tip/com.htc.rosiewidgets.tip.TipWidgetItem}/[I@40c07360)
01-20 10:46:39.247 I/ActivityManager( 1575): No longer want com.htc.ereader (pid 2415): hidden #16
01-20 10:46:39.257 D/CombinedWidgetProvider( 1676): -addHtcWidgets
01-20 10:46:39.257 D/CombinedWidgetProvider( 1676): +addFxWidgets , provider: null
01-20 10:46:39.257 D/FxWidgetProviderInfoCollector( 1676): getAllStyles + [Ljava.lang.String;@406d1dc8 @ 
01-20 10:46:39.277 I/ActivityManager( 1575): Start proc com.htc.wdm for broadcast com.htc.wdm/.receiver.HTCDirectReceiver: pid=2656 uid=10070 gids={3003, 2001, 1015}
01-20 10:46:39.297 D/FxWidgetProvider( 1676): row 94
01-20 10:46:39.337 I/ActivityManager( 1575): No longer want com.htc.home.personalize (pid 1840): hidden #16
01-20 10:46:39.597 D/FxWidgetScanner( 2624): delete 0
01-20 10:46:39.607 D/WidgetScanner( 2624): upadted? false
01-20 10:46:39.737 W/Launcher.Model( 2624): Nobody to tell about the new app.  Launcher is probably loading.
01-20 10:46:39.747 I/ActivityManager( 1575): No longer want com.htc.sdm (pid 2154): hidden #16
01-20 10:46:39.767 I/ActivityThread( 2656): Pub com.htc.wdm.provider.HtcDirectCarouselProvider: com.htc.wdm.provider.HtcDirectCarouselProvider
01-20 10:46:39.767 I/ActivityThread( 2656): Pub com.htc.wdm.status.HtcDirectProvider: com.htc.wdm.status.HtcDirectProvider
01-20 10:46:39.787 D/AutoSetting( 1771): service - mRequestRunnable: screen on delay 10s, request NLP now
01-20 10:46:39.817 D/dalvikvm( 2227): GC_CONCURRENT freed 485K, 9% free 6678K/7303K, paused 103ms+1ms
01-20 10:46:39.817 D/HTC Hub ( 2656): /mnt/sdcard/.LHYGB/CKCL
01-20 10:46:39.827 D/HTC Hub ( 2656): no token file
01-20 10:46:39.827 D/HTC Hub ( 2656): no token file
01-20 10:46:39.827 D/HTC Hub ( 2656): Log settings are 
01-20 10:46:39.827 D/HTC Hub ( 2656): Enable General Log : false
01-20 10:46:39.827 D/HTC Hub ( 2656): Enable Analytic Log : false
01-20 10:46:39.827 D/HTC Hub ( 2656): Enable Normal Log Level (dependent on General Log) : false
01-20 10:46:39.827 D/HTC Hub ( 2656): Enable Critical Log Level (dependent on General Log) : false
01-20 10:46:39.837 I/ActivityManager( 1575): No longer want com.htc.musicenhancer (pid 2403): hidden #16
01-20 10:46:39.847 I/ActivityManager( 1575): Start proc com.htc.htchubsyncprovider for content provider com.htc.htchubsyncprovider/.provider.MyDownloadsProvider: pid=2664 uid=10069 gids={3003, 2001, 1015}
01-20 10:46:39.847 D/SM:PackageReceiver( 2617): package added: package:uk.ac.st_andrews.cs.host.mk74.energymeasurement.gps
01-20 10:46:39.857 D/WidgetScanner( 1676): onReceive: Intent { act=android.intent.action.PACKAGE_ADDED dat=package:uk.ac.st_andrews.cs.host.mk74.energymeasurement.gps flg=0x10000010 cmp=com.htc.launcher/.widget.WidgetScannerTrigger (has extras) }
01-20 10:46:39.877 D/AutoSetting( 1771): service - requestNLP() NetworkLocationProvider not enabled
01-20 10:46:39.897 D/WidgetScanner( 2624): onReceiveInternal: Intent { act=android.intent.action.PACKAGE_ADDED dat=package:uk.ac.st_andrews.cs.host.mk74.energymeasurement.gps flg=0x10000010 cmp=com.htc.launcher/.widget.WidgetScannerService (has extras) }
01-20 10:46:39.897 D/HtcWidgetScanner( 2624): onPackageAdded: uk.ac.st_andrews.cs.host.mk74.energymeasurement.gps
01-20 10:46:39.927 I/ActivityManager( 1575): Start proc com.svox.pico for broadcast com.svox.pico/.VoiceDataInstallerReceiver: pid=2672 uid=10031 gids={}
01-20 10:46:39.937 I/ActivityThread( 2664): Pub com.htc.wdm.provider.WDMProvider: com.htc.htchubsyncprovider.provider.WDMProvider
01-20 10:46:39.947 I/RegisterService( 2626): android.intent.action.PACKAGE_ADDED package:uk.ac.st_andrews.cs.host.mk74.energymeasurement.gps
01-20 10:46:39.947 I/ActivityThread( 2664): Pub com.htc.wotaproviders.MyDownloadsProvider: com.htc.htchubsyncprovider.provider.MyDownloadsProvider
01-20 10:46:39.967 D/HtcWidgetProvider( 1676): row 3
01-20 10:46:39.997 I/ActivityThread( 2672): Pub com.svox.pico.providers.SettingsProvider: com.svox.pico.providers.SettingsProvider
01-20 10:46:39.997 D/HtcWidgetScanner( 2624): count(onPackageUpdated) - 3
01-20 10:46:39.997 D/vicky   ( 2638): vicky received: android.intent.action.PACKAGE_ADDED
01-20 10:46:40.017 D/FxWidgetScanner( 2624): onPackageAdded: uk.ac.st_andrews.cs.host.mk74.energymeasurement.gps
01-20 10:46:40.017 D/FxWidgetScanner( 2624): addWidgetList
01-20 10:46:40.027 I/ActivityManager( 1575): No longer want com.htc.pen (pid 2089): hidden #16
01-20 10:46:40.057 D/GTalkService( 1718): [GTalkService.1] handlePackageInstalled: re-initialize providers
01-20 10:46:40.057 D/GTalkService( 1718): [RawStanzaProvidersMgr] ##### searchProvidersFromIntent
01-20 10:46:40.057 I/ActivityManager( 1575): Start proc com.google.android.partnersetup for broadcast com.google.android.partnersetup/.RlzPingBroadcastReceiver: pid=2680 uid=10081 gids={3003}
01-20 10:46:40.117 I/ActivityThread( 2680): Pub com.google.android.partnersetup.rlzprovider: com.google.android.partnersetup.RlzProvider
01-20 10:46:40.117 D/dalvikvm( 1436): GC_EXPLICIT freed 12K, 5% free 6453K/6787K, paused 1ms+1ms
01-20 10:46:40.127 I/ActivityThread( 2680): Pub com.google.android.partnersetup.rlzappprovider: com.google.android.partnersetup.RlzAppProvider
01-20 10:46:40.157 D/dalvikvm( 1436): GC_EXPLICIT freed <1K, 5% free 6453K/6787K, paused 2ms+1ms
01-20 10:46:40.177 D/dalvikvm( 1436): GC_EXPLICIT freed <1K, 5% free 6453K/6787K, paused 1ms+1ms
01-20 10:46:40.187 D/FxWidgetScanner( 2624): ResolveInfo size 0
01-20 10:46:40.187 D/SqliteDatabaseCpp( 2664): dbopen(): path = /data/data/com.htc.htchubsyncprovider/databases , key = mqdksjlkYdw, flag = 6, file size = 6144
01-20 10:46:40.197 D/SqliteDatabaseCpp( 2664): dbopen(): path = /data/data/com.htc.htchubsyncprovider/databases , key = mqdksjlkYdw, mode: delete, disk free size: 7853 M, handle: 0xdacd0
01-20 10:46:40.207 I/ActivityManager( 1575): No longer want com.htc.syncagent (pid 2535): hidden #16
01-20 10:46:40.228 D/WidgetScanner( 2624): upadted? false
01-20 10:46:40.238 I/ActivityManager( 1575): Start proc com.htc.pen for broadcast com.htc.pen/.plugin.PenReceiver: pid=2687 uid=10040 gids={}
01-20 10:46:40.258 I/ActivityManager( 1575): No longer want android.process.media (pid 1739): hidden #16
01-20 10:46:40.288 I/ActivityThread( 2687): Pub com.htc.penmenu: com.htc.pen.provider.PenMenuProvider
01-20 10:46:40.298 I/ActivityThread( 2687): Pub com.htc.pen: com.htc.pen.provider.PenProvider
01-20 10:46:40.318 D/SM:PackageReceiver( 2617): package replaced: package:uk.ac.st_andrews.cs.host.mk74.energymeasurement.gps
01-20 10:46:40.328 I/ActivityManager( 1575): Start proc com.google.android.apps.maps:FriendService for broadcast com.google.android.apps.maps/com.google.googlenav.friend.android.ServiceReceiver: pid=2696 uid=10046 gids={3003, 1015}
01-20 10:46:40.338 D/SqliteDatabaseCpp( 2687): dbopen(): path = /data/data/com.htc.pen/databases , key = hej, flag = 6, file size = 15360
01-20 10:46:40.388 D/FxWidgetProvider( 1676): row 1
01-20 10:46:40.428 I/RegisterService( 2626): android.intent.action.PACKAGE_REPLACED package:uk.ac.st_andrews.cs.host.mk74.energymeasurement.gps
01-20 10:46:40.428 D/CombinedWidgetProvider( 1676): addFxWidget: WidgetSummary(Watch/FX_WIDGET/[I@40c61ca0 x [I@40c61cc0/-2/ComponentInfo{com.htc.widget3d.watch/com.htc.widget3d.watch.WatchProvider}/[I@40c61ce0)
01-20 10:46:40.428 D/FxWidgetProvider( 1676): row 1
01-20 10:46:40.438 D/CombinedWidgetProvider( 1676): addFxWidget: WidgetSummary(Airplane Mode/FX_WIDGET/[I@40c63388 x [I@40c633a8/-2/ComponentInfo{com.htc.htcsettingwidgets/com.htc.htcsettingwidgets.AirplaneWidget}/[I@40c633c8)
01-20 10:46:40.448 D/FxWidgetProvider( 1676): row 1
01-20 10:46:40.448 D/CombinedWidgetProvider( 1676): addFxWidget: WidgetSummary(Bluetooth/FX_WIDGET/[I@40c64890 x [I@40c648b0/-2/ComponentInfo{com.htc.htcsettingwidgets/com.htc.htcsettingwidgets.BTWidget}/[I@40c648d0)
01-20 10:46:40.458 D/FxWidgetProvider( 1676): row 1
01-20 10:46:40.468 D/CombinedWidgetProvider( 1676): addFxWidget: WidgetSummary(GPS/FX_WIDGET/[I@40c65e80 x [I@40c65ea0/-2/ComponentInfo{com.htc.htcsettingwidgets/com.htc.htcsettingwidgets.GPSWidget}/[I@40c65ec0)
01-20 10:46:40.468 D/FxWidgetProvider( 1676): row 1
01-20 10:46:40.468 D/CombinedWidgetProvider( 1676): addFxWidget: WidgetSummary(Wi-Fi Hotspot/FX_WIDGET/[I@40c67460 x [I@40c67480/-2/ComponentInfo{com.htc.htcsettingwidgets/com.htc.htcsettingwidgets.HotspotWidget}/[I@40c674a0)
01-20 10:46:40.468 D/FxWidgetProvider( 1676): row 1
01-20 10:46:40.478 D/CombinedWidgetProvider( 1676): addFxWidget: WidgetSummary(Mobile Network/FX_WIDGET/[I@40c68988 x [I@40c689a8/-2/ComponentInfo{com.htc.htcsettingwidgets/com.htc.htcsettingwidgets.MobileNetworkWidget}/[I@40c689c8)
01-20 10:46:40.478 D/FxWidgetProvider( 1676): row 1
01-20 10:46:40.488 D/CombinedWidgetProvider( 1676): addFxWidget: WidgetSummary(Wi-Fi/FX_WIDGET/[I@40c69ff8 x [I@40c6a018/-2/ComponentInfo{com.htc.htcsettingwidgets/com.htc.htcsettingwidgets.WiFiWidget}/[I@40c6a038)
01-20 10:46:40.488 D/FxWidgetProvider( 1676): row 1
01-20 10:46:40.488 D/dalvikvm( 2696): GC_CONCURRENT freed 152K, 4% free 6806K/7047K, paused 1ms+5ms
01-20 10:46:40.498 D/CombinedWidgetProvider( 1676): addFxWidget: WidgetSummary(Mail/FX_WIDGET/[I@40c6ba58 x [I@40c6ba78/-2/ComponentInfo{com.htc.htcmailwidgets/com.htc.htcmailwidgets.WidgetReceiver}/[I@40c6ba98)
01-20 10:46:40.498 D/FxWidgetProvider( 1676): row 3
01-20 10:46:40.508 D/FxWidgetProviderInfoCollector( 1676): more than one style shared the same component! Return the first one found.
01-20 10:46:40.508 D/CombinedWidgetProvider( 1676): addFxWidget: WidgetSummary(Mail/FX_WIDGET/[I@40c6d150 x [I@40c6d170/-2/ComponentInfo{com.htc.htcmailwidgets/com.htc.htcmailwidgets.WidgetReceiver}/[I@40c6d190)
01-20 10:46:40.508 D/FxWidgetProvider( 1676): row 3
01-20 10:46:40.518 D/FxWidgetProviderInfoCollector( 1676): more than one style shared the same component! Return the first one found.
01-20 10:46:40.518 D/CombinedWidgetProvider( 1676): addFxWidget: WidgetSummary(Mail/FX_WIDGET/[I@40c6e778 x [I@40c6e798/-2/ComponentInfo{com.htc.htcmailwidgets/com.htc.htcmailwidgets.WidgetReceiver}/[I@40c6e7b8)
01-20 10:46:40.518 D/FxWidgetProvider( 1676): row 3
01-20 10:46:40.518 D/FxWidgetProviderInfoCollector( 1676): more than one style shared the same component! Return the first one found.
01-20 10:46:40.518 D/CombinedWidgetProvider( 1676): addFxWidget: WidgetSummary(Mail/FX_WIDGET/[I@40c6fdf8 x [I@40c6fe18/-2/ComponentInfo{com.htc.htcmailwidgets/com.htc.htcmailwidgets.WidgetReceiver}/[I@40c6fe38)
01-20 10:46:40.528 D/FxWidgetProvider( 1676): row 3
01-20 10:46:40.528 D/FxWidgetProviderInfoCollector( 1676): more than one style shared the same component! Return the first one found.
01-20 10:46:40.538 D/CombinedWidgetProvider( 1676): addFxWidget: WidgetSummary(Mail/FX_WIDGET/[I@40c714f8 x [I@40c71518/-2/ComponentInfo{com.htc.htcmailwidgets/com.htc.htcmailwidgets.WidgetReceiver}/[I@40c71538)
01-20 10:46:40.538 D/FxWidgetProvider( 1676): row 3
01-20 10:46:40.538 D/FxWidgetProviderInfoCollector( 1676): more than one style shared the same component! Return the first one found.
01-20 10:46:40.538 D/CombinedWidgetProvider( 1676): addFxWidget: WidgetSummary(Mail/FX_WIDGET/[I@40c72ef0 x [I@40c72f10/-2/ComponentInfo{com.htc.htcmailwidgets/com.htc.htcmailwidgets.WidgetReceiver}/[I@40c72f30)
01-20 10:46:40.538 D/FxWidgetProvider( 1676): row 3
01-20 10:46:40.548 D/FxWidgetProviderInfoCollector( 1676): more than one style shared the same component! Return the first one found.
01-20 10:46:40.548 D/CombinedWidgetProvider( 1676): addFxWidget: WidgetSummary(Mail/FX_WIDGET/[I@40c74730 x [I@40c74750/-2/ComponentInfo{com.htc.htcmailwidgets/com.htc.htcmailwidgets.WidgetReceiver}/[I@40c74770)
01-20 10:46:40.548 D/FxWidgetProvider( 1676): row 5
01-20 10:46:40.558 D/FxWidgetProviderInfoCollector( 1676): more than one style shared the same component! Return the first one found.
01-20 10:46:40.558 D/CombinedWidgetProvider( 1676): addFxWidget: WidgetSummary(People/FX_WIDGET/[I@40c75ef8 x [I@40c75f18/-2/ComponentInfo{com.htc.htccontactwidgets_3d_fusion/com.htc.htccontactwidgets_3d_fusion.WidgetReceiver}/[I@40c75f38)
01-20 10:46:40.558 D/FxWidgetProvider( 1676): row 5
01-20 10:46:40.558 D/FxWidgetProviderInfoCollector( 1676): more than one style shared the same component! Return the first one found.
01-20 10:46:40.558 D/CombinedWidgetProvider( 1676): addFxWidget: WidgetSummary(People/FX_WIDGET/[I@40c776f0 x [I@40c77710/-2/ComponentInfo{com.htc.htccontactwidgets_3d_fusion/com.htc.htccontactwidgets_3d_fusion.WidgetReceiver}/[I@40c77730)
01-20 10:46:40.558 D/FxWidgetProvider( 1676): row 5
01-20 10:46:40.568 D/FxWidgetProviderInfoCollector( 1676): more than one style shared the same component! Return the first one found.
01-20 10:46:40.568 D/CombinedWidgetProvider( 1676): addFxWidget: WidgetSummary(People/FX_WIDGET/[I@40c78ce8 x [I@40c78d08/-2/ComponentInfo{com.htc.htccontactwidgets_3d_fusion/com.htc.htccontactwidgets_3d_fusion.WidgetReceiver}/[I@40c78d28)
01-20 10:46:40.578 D/FxWidgetProvider( 1676): row 5
01-20 10:46:40.578 D/FxWidgetProviderInfoCollector( 1676): more than one style shared the same component! Return the first one found.
01-20 10:46:40.578 D/CombinedWidgetProvider( 1676): addFxWidget: WidgetSummary(People/FX_WIDGET/[I@40c7a2c8 x [I@40c7a2e8/-2/ComponentInfo{com.htc.htccontactwidgets_3d_fusion/com.htc.htccontactwidgets_3d_fusion.WidgetReceiver}/[I@40c7a308)
01-20 10:46:40.578 D/FxWidgetProvider( 1676): row 5
01-20 10:46:40.578 D/FxWidgetProviderInfoCollector( 1676): more than one style shared the same component! Return the first one found.
01-20 10:46:40.588 D/CombinedWidgetProvider( 1676): addFxWidget: WidgetSummary(People/FX_WIDGET/[I@40c7b8a8 x [I@40c7b8c8/-2/ComponentInfo{com.htc.htccontactwidgets_3d_fusion/com.htc.htccontactwidgets_3d_fusion.WidgetReceiver}/[I@40c7b8e8)
01-20 10:46:40.588 D/FxWidgetProvider( 1676): row 1
01-20 10:46:40.588 D/CombinedWidgetProvider( 1676): addFxWidget: WidgetSummary(Calendar/FX_WIDGET/[I@40c7cf08 x [I@40c7cf28/-2/ComponentInfo{com.htc.htccalendarwidgets/com.htc.htccalendarwidgets.WidgetReceiver}/[I@40c7cf48)
01-20 10:46:40.598 D/FxWidgetProvider( 1676): row 3
01-20 10:46:40.598 D/FxWidgetProviderInfoCollector( 1676): more than one style shared the same component! Return the first one found.
01-20 10:46:40.598 D/CombinedWidgetProvider( 1676): addFxWidget: WidgetSummary(Calendar/FX_WIDGET/[I@40c7e8a8 x [I@40c7e8c8/-2/ComponentInfo{com.htc.htccalendarwidgets/com.htc.htccalendarwidgets.WidgetReceiver}/[I@40c7e8e8)
01-20 10:46:40.598 D/FxWidgetProvider( 1676): row 3
01-20 10:46:40.608 D/FxWidgetProviderInfoCollector( 1676): more than one style shared the same component! Return the first one found.
01-20 10:46:40.608 D/CombinedWidgetProvider( 1676): addFxWidget: WidgetSummary(Calendar/FX_WIDGET/[I@40c802c8 x [I@40c802e8/-2/ComponentInfo{com.htc.htccalendarwidgets/com.htc.htccalendarwidgets.WidgetReceiver}/[I@40c80308)
01-20 10:46:40.608 D/FxWidgetProvider( 1676): row 3
01-20 10:46:40.618 D/FxWidgetProviderInfoCollector( 1676): more than one style shared the same component! Return the first one found.
01-20 10:46:40.618 D/CombinedWidgetProvider( 1676): addFxWidget: WidgetSummary(Calendar/FX_WIDGET/[I@40c81ab8 x [I@40c81ad8/-2/ComponentInfo{com.htc.htccalendarwidgets/com.htc.htccalendarwidgets.WidgetReceiver}/[I@40c81af8)
01-20 10:46:40.628 D/FxWidgetProvider( 1676): row 1
01-20 10:46:40.648 D/CombinedWidgetProvider( 1676): addFxWidget: WidgetSummary(Calendar/FX_WIDGET/[I@40c83290 x [I@40c832b0/-2/ComponentInfo{com.htc.htccalendarwidgets/com.htc.htccalendarwidgets.WidgetReceiver}/[I@40c832d0)
01-20 10:46:40.648 D/FxWidgetProvider( 1676): row 1
01-20 10:46:40.648 D/CombinedWidgetProvider( 1676): addFxWidget: WidgetSummary(Bookmarks/FX_WIDGET/[I@40c84da0 x [I@40c84dc0/-2/ComponentInfo{com.htc.fusion.htcbookmarkwidget/com.htc.fusion.htcbookmarkwidget.WidgetReceiver}/[I@40c84de0)
01-20 10:46:40.658 D/FxWidgetProvider( 1676): row 1
01-20 10:46:40.668 D/dalvikvm( 2696): GC_CONCURRENT freed 132K, 4% free 7132K/7367K, paused 1ms+1ms
01-20 10:46:40.678 D/CombinedWidgetProvider( 1676): addFxWidget: WidgetSummary(Bookmarks/FX_WIDGET/[I@40c864d8 x [I@40c864f8/-2/ComponentInfo{com.htc.fusion.htcbookmarkwidget/com.htc.fusion.htcbookmarkwidget.WidgetReceiver}/[I@40c86518)
01-20 10:46:40.678 D/FxWidgetProvider( 1676): row 1
01-20 10:46:40.688 D/CombinedWidgetProvider( 1676): addFxWidget: WidgetSummary(Messages/FX_WIDGET/[I@40c87c10 x [I@40c87c30/-2/ComponentInfo{com.htc.htcmsgwidgets3d/com.htc.htcmsgwidgets.MsgWidgetProvider}/[I@40c87c50)
01-20 10:46:40.688 D/FxWidgetProvider( 1676): row 1
01-20 10:46:40.688 D/CombinedWidgetProvider( 1676): addFxWidget: WidgetSummary(Messages/FX_WIDGET/[I@40c89558 x [I@40c89578/-2/ComponentInfo{com.htc.htcmsgwidgets3d/com.htc.htcmsgwidgets.MsgWidgetProvider}/[I@40c89598)
01-20 10:46:40.688 D/FxWidgetProvider( 1676): row 1
01-20 10:46:40.688 D/PhoneApp( 1665): EVENT_QUERY_MO_PACKAGES
01-20 10:46:40.698 D/CombinedWidgetProvider( 1676): addFxWidget: WidgetSummary(Messages/FX_WIDGET/[I@40c8aea0 x [I@40c8aec0/-2/ComponentInfo{com.htc.htcmsgwidgets3d/com.htc.htcmsgwidgets.MsgWidgetProvider}/[I@40c8aee0)
01-20 10:46:40.698 D/FxWidgetProvider( 1676): row 1
01-20 10:46:40.708 D/CombinedWidgetProvider( 1676): addFxWidget: WidgetSummary(Messages/FX_WIDGET/[I@40c8c938 x [I@40c8c958/-2/ComponentInfo{com.htc.htcmsgwidgets3d/com.htc.htcmsgwidgets.MsgWidgetProvider}/[I@40c8c978)
01-20 10:46:40.708 D/FxWidgetProvider( 1676): row 1
01-20 10:46:40.708 D/CombinedWidgetProvider( 1676): addFxWidget: WidgetSummary(Messages/FX_WIDGET/[I@40c8e3d0 x [I@40c8e3f0/-2/ComponentInfo{com.htc.htcmsgwidgets3d/com.htc.htcmsgwidgets.MsgWidgetProvider}/[I@40c8e410)
01-20 10:46:40.708 D/FxWidgetProvider( 1676): row 1
01-20 10:46:40.728 D/CombinedWidgetProvider( 1676): addFxWidget: WidgetSummary(Messages/FX_WIDGET/[I@40c8fda0 x [I@40c8fdc0/-2/ComponentInfo{com.htc.htcmsgwidgets3d/com.htc.htcmsgwidgets.MsgWidgetProvider}/[I@40c8fde0)
01-20 10:46:40.728 D/FxWidgetProvider( 1676): row 1
01-20 10:46:40.728 W/BinderNative( 2459): Uncaught exception from death notification
01-20 10:46:40.728 W/BinderNative( 2459): java.lang.NullPointerException
01-20 10:46:40.728 W/BinderNative( 2459): 	at android.app.ActivityThread.removeDeadProvider(ActivityThread.java:4405)
01-20 10:46:40.728 W/BinderNative( 2459): 	at android.app.ActivityThread$ProviderClientRecord.binderDied(ActivityThread.java:314)
01-20 10:46:40.728 W/BinderNative( 2459): 	at android.os.BinderProxy.sendDeathNotice(Binder.java:418)
01-20 10:46:40.728 W/BinderNative( 2459): 	at dalvik.system.NativeStart.run(Native Method)
01-20 10:46:40.738 D/CombinedWidgetProvider( 1676): addFxWidget: WidgetSummary(Messages/FX_WIDGET/[I@40c91770 x [I@40c91790/-2/ComponentInfo{com.htc.htcmsgwidgets3d/com.htc.htcmsgwidgets.MsgWidgetProvider}/[I@40c917b0)
01-20 10:46:40.738 D/FxWidgetProvider( 1676): row 1
01-20 10:46:40.748 D/CombinedWidgetProvider( 1676): addFxWidget: WidgetSummary(Twitter/FX_WIDGET/[I@40c93140 x [I@40c93160/-2/ComponentInfo{com.htc.Twitter3DWidget/com.htc.Twitter3DWidget.TwitterWidgetProvider}/[I@40c93180)
01-20 10:46:40.748 D/PhoneApp( 1665): -- N1 =0
01-20 10:46:40.758 D/SqliteDatabaseCpp( 2687): dbopen(): path = /data/data/com.htc.pen/databases , key = hej, mode: delete, disk free size: 7853 M, handle: 0x157328
01-20 10:46:40.758 D/Socket_Alarm( 2696): registerHTCSocketMonitorCallBack
01-20 10:46:40.768 D/FxWidgetProvider( 1676): row 1
01-20 10:46:40.768 D/CombinedWidgetProvider( 1676): addFxWidget: WidgetSummary(Twitter/FX_WIDGET/[I@40c94c10 x [I@40c94c30/-2/ComponentInfo{com.htc.Twitter3DWidget/com.htc.Twitter3DWidget.TwitterWidgetProvider}/[I@40c94c50)
01-20 10:46:40.778 D/Socket_Alarm( 2696): set mSocketMonitor
01-20 10:46:40.778 D/FxWidgetProvider( 1676): row 1
01-20 10:46:40.778 D/Socket_Alarm( 2696): HTCSocketMonitorImpl::HTCSocketMonitorImpl
01-20 10:46:40.788 D/CombinedWidgetProvider( 1676): addFxWidget: WidgetSummary(Twitter/FX_WIDGET/[I@40c966e0 x [I@40c96700/-2/ComponentInfo{com.htc.Twitter3DWidget/com.htc.Twitter3DWidget.TwitterWidgetProvider}/[I@40c96720)
01-20 10:46:40.788 D/FxWidgetProvider( 1676): row 1
01-20 10:46:40.798 D/CombinedWidgetProvider( 1676): addFxWidget: WidgetSummary(Twitter/FX_WIDGET/[I@40c981b0 x [I@40c981d0/-2/ComponentInfo{com.htc.Twitter3DWidget/com.htc.Twitter3DWidget.TwitterWidgetProvider}/[I@40c981f0)
01-20 10:46:40.798 D/FxWidgetProvider( 1676): row 1
01-20 10:46:40.808 D/CombinedWidgetProvider( 1676): addFxWidget: WidgetSummary(Trends/FX_WIDGET/[I@40c99d58 x [I@40c99d78/-2/ComponentInfo{com.htc.Trends3DWidget/com.htc.Trends3DWidget.TrendsWidgetProvider}/[I@40c99d98)
01-20 10:46:40.838 I/ActivityManager( 1575): No longer want com.android.settings (pid 2563): hidden #16
01-20 10:46:40.848 D/FxWidgetProvider( 1676): row 1
01-20 10:46:40.848 D/CombinedWidgetProvider( 1676): addFxWidget: WidgetSummary(Sync All/FX_WIDGET/[I@40c9b8e0 x [I@40c9b900/-2/ComponentInfo{com.htc.Sync3DWidget/com.htc.Sync3DWidget.SyncWidgetProvider}/[I@40c9b920)
01-20 10:46:40.848 D/FxWidgetProvider( 1676): row 1
01-20 10:46:40.848 I/ActivityManager( 1575): Start proc com.google.android.googlequicksearchbox for broadcast com.google.android.googlequicksearchbox/.SourceUpdateReceiver: pid=2706 uid=10080 gids={3003}
01-20 10:46:40.858 D/CombinedWidgetProvider( 1676): addFxWidget: WidgetSummary(Music/FX_WIDGET/[I@40c9d738 x [I@40c9d758/-2/ComponentInfo{com.htc.MusicWidget3D/com.htc.MusicWidget3D.MusicWidget3DProvider}/[I@40c9d778)
01-20 10:46:40.858 D/FxWidgetProvider( 1676): row 1
01-20 10:46:40.868 D/CombinedWidgetProvider( 1676): addFxWidget: WidgetSummary(Music/FX_WIDGET/[I@40c9f9a8 x [I@40c9f9c8/-2/ComponentInfo{com.htc.MusicWidget3D/com.htc.MusicWidget3D.MusicWidget3DProvider}/[I@40c9f9e8)
01-20 10:46:40.898 D/dalvikvm( 1718): GC_CONCURRENT freed 356K, 7% free 6926K/7431K, paused 1ms+21ms
01-20 10:46:40.918 D/FxWidgetProvider( 1676): row 1
01-20 10:46:40.918 D/dalvikvm( 1676): GC_CONCURRENT freed 1060K, 15% free 11610K/13639K, paused 2ms+12ms
01-20 10:46:40.928 D/CombinedWidgetProvider( 1676): addFxWidget: WidgetSummary(Music/FX_WIDGET/[I@40735810 x [I@40735830/-2/ComponentInfo{com.htc.MusicWidget3D/com.htc.MusicWidget3D.MusicWidget3DProvider}/[I@40735850)
01-20 10:46:40.928 D/FxWidgetProvider( 1676): row 1
01-20 10:46:40.938 D/CombinedWidgetProvider( 1676): addFxWidget: WidgetSummary(Friend Stream/FX_WIDGET/[I@40d41640 x [I@40d41488/-2/ComponentInfo{com.htc.FriendStream3DWidget/com.htc.FriendStream3DWidget.FriendStreamWidgetProvider}/[I@40d3e3b0)
01-20 10:46:40.938 D/FxWidgetProvider( 1676): row 1
01-20 10:46:40.948 D/CombinedWidgetProvider( 1676): addFxWidget: WidgetSummary(Friend Stream/FX_WIDGET/[I@40cdcea8 x [I@40cdc648/-2/ComponentInfo{com.htc.FriendStream3DWidget/com.htc.FriendStream3DWidget.FriendStreamWidgetProvider}/[I@40cdc400)
01-20 10:46:40.948 D/FxWidgetProvider( 1676): row 1
01-20 10:46:40.958 D/CombinedWidgetProvider( 1676): addFxWidget: WidgetSummary(Friend Stream/FX_WIDGET/[I@40c7f0b8 x [I@40c7e840/-2/ComponentInfo{com.htc.FriendStream3DWidget/com.htc.FriendStream3DWidget.FriendStreamWidgetProvider}/[I@40c7df50)
01-20 10:46:40.958 I/ActivityThread( 2706): Pub com.google.android.googlequicksearchbox.shortcuts: com.google.android.googlequicksearchbox.WebHistoryProvider
01-20 10:46:40.958 I/ActivityThread( 2706): Pub com.google.android.googlequicksearchbox.google: com.google.android.googlequicksearchbox.google.GoogleSuggestionProvider
01-20 10:46:40.968 D/FxWidgetProvider( 1676): row 1
01-20 10:46:40.968 D/CombinedWidgetProvider( 1676): addFxWidget: WidgetSummary(Friend Stream/FX_WIDGET/[I@40c5cba8 x [I@40c5c210/-2/ComponentInfo{com.htc.FriendStream3DWidget/com.htc.FriendStream3DWidget.FriendStreamWidgetProvider}/[I@40c5b890)
01-20 10:46:40.978 D/FxWidgetProvider( 1676): row 1
01-20 10:46:40.988 D/CombinedWidgetProvider( 1676): addFxWidget: WidgetSummary(Friend Channel/FX_WIDGET/[I@40c42cc8 x [I@40c42aa0/-2/ComponentInfo{com.htc.FriendStream3DWidget/com.htc.FriendStream3DWidget.FriendStreamWidgetProvider}/[I@40c42180)
01-20 10:46:40.998 D/FxWidgetProvider( 1676): row 1
01-20 10:46:41.018 D/CombinedWidgetProvider( 1676): addFxWidget: WidgetSummary(My Shelf/FX_WIDGET/[I@40c28810 x [I@40c27c08/-2/ComponentInfo{com.htc.ereader.widget3d/com.htc.ereader.widget3d.ereaderwidget3d.SimpleWidgetProvider}/[I@40c27a70)
01-20 10:46:41.018 D/FxWidgetProvider( 1676): row 1
01-20 10:46:41.028 D/CombinedWidgetProvider( 1676): addFxWidget: WidgetSummary(Weather/FX_WIDGET/[I@40be0778 x [I@40be0008/-2/ComponentInfo{com.htc.widget3d.weather/com.htc.widget3d.weather.WeatherWidgetProvider}/[I@40bdf898)
01-20 10:46:41.028 D/FxWidgetProvider( 1676): row 1
01-20 10:46:41.038 D/CombinedWidgetProvider( 1676): addFxWidget: WidgetSummary(Weather/FX_WIDGET/[I@408fdb28 x [I@408fc7e0/-2/ComponentInfo{com.htc.widget3d.weather/com.htc.widget3d.weather.WeatherWidgetProvider}/[I@408fb498)
01-20 10:46:41.048 D/FxWidgetProvider( 1676): row 1
01-20 10:46:41.048 D/CombinedWidgetProvider( 1676): addFxWidget: WidgetSummary(Weather/FX_WIDGET/[I@4081fb60 x [I@4081efb8/-2/ComponentInfo{com.htc.widget3d.weather/com.htc.widget3d.weather.WeatherWidgetProvider}/[I@4081ee50)
01-20 10:46:41.058 D/FxWidgetProvider( 1676): row 1
01-20 10:46:41.068 D/CombinedWidgetProvider( 1676): addFxWidget: WidgetSummary(Screen Timeout/FX_WIDGET/[I@4076f378 x [I@4076f258/-2/ComponentInfo{com.htc.rosiewidgets.screentimeout/com.htc.rosiewidgets.screentimeout.ScreenTimeoutWidgetProvider}/[I@4076e558)
01-20 10:46:41.068 D/FxWidgetProvider( 1676): row 1
01-20 10:46:41.068 D/CombinedWidgetProvider( 1676): addFxWidget: WidgetSummary(Screen Brightness/FX_WIDGET/[I@40700d70 x [I@406ffbc0/-2/ComponentInfo{com.htc.rosiewidgets.screenbrightness/com.htc.rosiewidgets.screenbrightness.ScreenBrightnessWidgetProvider}/[I@406fdf08)
01-20 10:46:41.078 D/FxWidgetProvider( 1676): row 1
01-20 10:46:41.078 D/CombinedWidgetProvider( 1676): addFxWidget: WidgetSummary(Notes/FX_WIDGET/[I@40925f78 x [I@40924c30/-2/ComponentInfo{com.htc.htcrichnoteswidget3d/com.htc.htcrichnoteswidget3d.NotesWidgetProvider}/[I@409238e8)
01-20 10:46:41.078 D/dalvikvm( 1718): GC_EXPLICIT freed 97K, 9% free 6832K/7431K, paused 2ms+16ms
01-20 10:46:41.078 D/FxWidgetProvider( 1676): row 1
01-20 10:46:41.098 D/CombinedWidgetProvider( 1676): addFxWidget: WidgetSummary(Notes/FX_WIDGET/[I@407caa28 x [I@407c57b0/-2/ComponentInfo{com.htc.htcrichnoteswidget3d/com.htc.htcrichnoteswidget3d.NotesWidgetProvider}/[I@407c4fa0)
01-20 10:46:41.098 D/FxWidgetProvider( 1676): row 1
01-20 10:46:41.108 D/SqliteDatabaseCpp( 2706): dbopen(): path = /data/data/com.google.android.googlequicksearchbox/databases , key = iwf-`awtkvq, flag = 6, file size = 6144
01-20 10:46:41.108 D/SqliteDatabaseCpp( 2706): dbopen(): path = /data/data/com.google.android.googlequicksearchbox/databases , key = iwf-`awtkvq, mode: delete, disk free size: 7853 M, handle: 0x1935c8
01-20 10:46:41.118 D/CombinedWidgetProvider( 1676): addFxWidget: WidgetSummary(HTC Likes/FX_WIDGET/[I@40712ee8 x [I@40712990/-2/ComponentInfo{com.htc.android.fusion.recommend/com.htc.android.fusion.recommend.RosieIntentReceiver}/[I@407113b8)
01-20 10:46:41.118 D/FxWidgetProvider( 1676): row 1
01-20 10:46:41.128 D/CombinedWidgetProvider( 1676): addFxWidget: WidgetSummary(Profile/FX_WIDGET/[I@406d62d8 x [I@406d62f8/-2/ComponentInfo{com.htc.widget.profile/com.htc.widget.profile.HtcWidgetReceiver}/[I@406d4ad8)
01-20 10:46:41.138 D/FxWidgetProvider( 1676): row 1
01-20 10:46:41.138 D/CombinedWidgetProvider( 1676): addFxWidget: WidgetSummary(Power Dashboard/FX_WIDGET/[I@4069bb50 x [I@4069bb70/-2/ComponentInfo{com.htc.rosiewidgets.powerstrip/com.htc.rosiewidgets.powerstrip.PowerStripWidgetProvider}/[I@4069ba08)
