01-20 10:47:06.363 V/locapi_rpc_glue( 1575): Callback received: 4 (cb_id=0x6270000 handle=1)
01-20 10:47:06.373 V/locapi_rpc_glue( 1575): +loc_api_callback_process_sync_call
01-20 10:47:06.373 V/locapi_rpc_glue( 1575): -loc_api_callback_process_sync_call, no sync call in use
01-20 10:47:06.373 D/RPC     ( 1575): written RPC packet size: [28]
01-20 10:47:06.373 D/RPC     ( 1575): read RPC packet
01-20 10:47:06.373 D/RPC     ( 1575): read RPC packet size: [272]
01-20 10:47:06.373 V/locapi_rpc_glue( 1575): Callback received: 4 (cb_id=0x6270000 handle=1)
01-20 10:47:06.373 V/locapi_rpc_glue( 1575): +loc_api_callback_process_sync_call
01-20 10:47:06.373 V/locapi_rpc_glue( 1575): -loc_api_callback_process_sync_call, no sync call in use
01-20 10:47:06.383 D/RPC     ( 1575): written RPC packet size: [28]
01-20 10:47:06.383 D/RPC     ( 1575): read RPC packet
01-20 10:47:06.383 D/RPC     ( 1575): read RPC packet size: [272]
01-20 10:47:06.383 V/locapi_rpc_glue( 1575): Callback received: 4 (cb_id=0x6270000 handle=1)
01-20 10:47:06.383 V/locapi_rpc_glue( 1575): +loc_api_callback_process_sync_call
01-20 10:47:06.393 V/locapi_rpc_glue( 1575): -loc_api_callback_process_sync_call, no sync call in use
01-20 10:47:06.393 D/RPC     ( 1575): written RPC packet size: [28]
01-20 10:47:06.683 I/System.out( 2735): Values: 0.0 0.0
01-20 10:47:07.014 D/RPC     ( 1575): read RPC packet
01-20 10:47:07.014 D/RPC     ( 1575): read RPC packet size: [208]
01-20 10:47:07.014 V/locapi_rpc_glue( 1575): Callback received: 1 (cb_id=0x6270000 handle=1)
01-20 10:47:07.014 V/locapi_rpc_glue( 1575): +loc_api_callback_process_sync_call
01-20 10:47:07.014 V/locapi_rpc_glue( 1575): -loc_api_callback_process_sync_call, no sync call in use
01-20 10:47:07.014 D/lib_locapi( 1575): loc_eng_report_position: valid mask = 0x606d, sess status = 1
01-20 10:47:07.014 D/RPC     ( 1575): written RPC packet size: [28]
01-20 10:47:07.304 D/RPC     ( 1575): read RPC packet
01-20 10:47:07.304 D/RPC     ( 1575): read RPC packet size: [272]
01-20 10:47:07.314 V/locapi_rpc_glue( 1575): Callback received: 4 (cb_id=0x6270000 handle=1)
01-20 10:47:07.314 V/locapi_rpc_glue( 1575): +loc_api_callback_process_sync_call
01-20 10:47:07.314 V/locapi_rpc_glue( 1575): -loc_api_callback_process_sync_call, no sync call in use
01-20 10:47:07.314 D/RPC     ( 1575): written RPC packet size: [28]
01-20 10:47:07.314 D/RPC     ( 1575): read RPC packet
01-20 10:47:07.324 D/RPC     ( 1575): read RPC packet size: [272]
01-20 10:47:07.324 V/locapi_rpc_glue( 1575): Callback received: 4 (cb_id=0x6270000 handle=1)
01-20 10:47:07.324 V/locapi_rpc_glue( 1575): +loc_api_callback_process_sync_call
01-20 10:47:07.324 V/locapi_rpc_glue( 1575): -loc_api_callback_process_sync_call, no sync call in use
01-20 10:47:07.324 D/RPC     ( 1575): written RPC packet size: [28]
01-20 10:47:07.324 D/RPC     ( 1575): read RPC packet
01-20 10:47:07.324 D/RPC     ( 1575): read RPC packet size: [272]
01-20 10:47:07.334 V/locapi_rpc_glue( 1575): Callback received: 4 (cb_id=0x6270000 handle=1)
01-20 10:47:07.334 V/locapi_rpc_glue( 1575): +loc_api_callback_process_sync_call
01-20 10:47:07.334 V/locapi_rpc_glue( 1575): -loc_api_callback_process_sync_call, no sync call in use
01-20 10:47:07.334 D/RPC     ( 1575): written RPC packet size: [28]
01-20 10:47:07.334 D/RPC     ( 1575): read RPC packet
01-20 10:47:07.334 D/RPC     ( 1575): read RPC packet size: [272]
01-20 10:47:07.334 V/locapi_rpc_glue( 1575): Callback received: 4 (cb_id=0x6270000 handle=1)
01-20 10:47:07.334 V/locapi_rpc_glue( 1575): +loc_api_callback_process_sync_call
01-20 10:47:07.344 V/locapi_rpc_glue( 1575): -loc_api_callback_process_sync_call, no sync call in use
01-20 10:47:07.344 D/RPC     ( 1575): written RPC packet size: [28]
01-20 10:47:07.344 D/RPC     ( 1575): read RPC packet
01-20 10:47:07.344 D/RPC     ( 1575): read RPC packet size: [96]
01-20 10:47:07.344 V/locapi_rpc_glue( 1575): Callback received: 2 (cb_id=0x6270000 handle=1)
01-20 10:47:07.354 V/locapi_rpc_glue( 1575): +loc_api_callback_process_sync_call
01-20 10:47:07.354 V/locapi_rpc_glue( 1575): -loc_api_callback_process_sync_call, no sync call in use
01-20 10:47:07.354 D/lib_locapi( 1575): loc_eng_report_sv: valid_mask = 0x30, num of sv = 0
01-20 10:47:07.354 D/GpsLocationProvider( 1575): reportSvStatus
01-20 10:47:07.354 V/GpsLocationProvider( 1575): SV count: 0 ephemerisMask: 0 almanacMask: 0
01-20 10:47:07.354 D/RPC     ( 1575): written RPC packet size: [28]
01-20 10:47:07.354 D/RPC     ( 1575): read RPC packet
01-20 10:47:07.354 D/RPC     ( 1575): read RPC packet size: [272]
01-20 10:47:07.364 V/locapi_rpc_glue( 1575): Callback received: 4 (cb_id=0x6270000 handle=1)
01-20 10:47:07.364 V/locapi_rpc_glue( 1575): +loc_api_callback_process_sync_call
01-20 10:47:07.364 V/locapi_rpc_glue( 1575): -loc_api_callback_process_sync_call, no sync call in use
01-20 10:47:07.364 D/RPC     ( 1575): written RPC packet size: [28]
01-20 10:47:07.364 D/RPC     ( 1575): read RPC packet
01-20 10:47:07.364 D/RPC     ( 1575): read RPC packet size: [272]
01-20 10:47:07.364 V/locapi_rpc_glue( 1575): Callback received: 4 (cb_id=0x6270000 handle=1)
01-20 10:47:07.374 V/locapi_rpc_glue( 1575): +loc_api_callback_process_sync_call
01-20 10:47:07.374 V/locapi_rpc_glue( 1575): -loc_api_callback_process_sync_call, no sync call in use
01-20 10:47:07.374 D/RPC     ( 1575): written RPC packet size: [28]
01-20 10:47:07.374 D/RPC     ( 1575): read RPC packet
01-20 10:47:07.374 D/RPC     ( 1575): read RPC packet size: [272]
01-20 10:47:07.374 V/locapi_rpc_glue( 1575): Callback received: 4 (cb_id=0x6270000 handle=1)
01-20 10:47:07.374 V/locapi_rpc_glue( 1575): +loc_api_callback_process_sync_call
01-20 10:47:07.384 V/locapi_rpc_glue( 1575): -loc_api_callback_process_sync_call, no sync call in use
01-20 10:47:07.384 D/RPC     ( 1575): written RPC packet size: [28]
01-20 10:47:07.384 D/RPC     ( 1575): read RPC packet
01-20 10:47:07.384 D/RPC     ( 1575): read RPC packet size: [272]
01-20 10:47:07.384 V/locapi_rpc_glue( 1575): Callback received: 4 (cb_id=0x6270000 handle=1)
01-20 10:47:07.384 V/locapi_rpc_glue( 1575): +loc_api_callback_process_sync_call
01-20 10:47:07.394 V/locapi_rpc_glue( 1575): -loc_api_callback_process_sync_call, no sync call in use
01-20 10:47:07.394 D/RPC     ( 1575): written RPC packet size: [28]
01-20 10:47:07.684 I/System.out( 2735): Values: 0.0 0.0
01-20 10:47:08.015 D/RPC     ( 1575): read RPC packet
01-20 10:47:08.015 D/RPC     ( 1575): read RPC packet size: [208]
01-20 10:47:08.015 V/locapi_rpc_glue( 1575): Callback received: 1 (cb_id=0x6270000 handle=1)
01-20 10:47:08.015 V/locapi_rpc_glue( 1575): +loc_api_callback_process_sync_call
01-20 10:47:08.015 V/locapi_rpc_glue( 1575): -loc_api_callback_process_sync_call, no sync call in use
01-20 10:47:08.015 D/lib_locapi( 1575): loc_eng_report_position: valid mask = 0x606d, sess status = 1
01-20 10:47:08.015 D/RPC     ( 1575): written RPC packet size: [28]
01-20 10:47:08.305 D/RPC     ( 1575): read RPC packet
01-20 10:47:08.305 D/RPC     ( 1575): read RPC packet size: [272]
01-20 10:47:08.315 V/locapi_rpc_glue( 1575): Callback received: 4 (cb_id=0x6270000 handle=1)
01-20 10:47:08.315 V/locapi_rpc_glue( 1575): +loc_api_callback_process_sync_call
01-20 10:47:08.315 V/locapi_rpc_glue( 1575): -loc_api_callback_process_sync_call, no sync call in use
01-20 10:47:08.315 D/RPC     ( 1575): written RPC packet size: [28]
01-20 10:47:08.315 D/RPC     ( 1575): read RPC packet
01-20 10:47:08.315 D/RPC     ( 1575): read RPC packet size: [272]
01-20 10:47:08.315 V/locapi_rpc_glue( 1575): Callback received: 4 (cb_id=0x6270000 handle=1)
01-20 10:47:08.325 V/locapi_rpc_glue( 1575): +loc_api_callback_process_sync_call
01-20 10:47:08.325 V/locapi_rpc_glue( 1575): -loc_api_callback_process_sync_call, no sync call in use
01-20 10:47:08.325 D/RPC     ( 1575): written RPC packet size: [28]
01-20 10:47:08.325 D/RPC     ( 1575): read RPC packet
01-20 10:47:08.325 D/RPC     ( 1575): read RPC packet size: [272]
01-20 10:47:08.325 V/locapi_rpc_glue( 1575): Callback received: 4 (cb_id=0x6270000 handle=1)
01-20 10:47:08.325 V/locapi_rpc_glue( 1575): +loc_api_callback_process_sync_call
01-20 10:47:08.335 V/locapi_rpc_glue( 1575): -loc_api_callback_process_sync_call, no sync call in use
01-20 10:47:08.335 D/RPC     ( 1575): written RPC packet size: [28]
01-20 10:47:08.335 D/RPC     ( 1575): read RPC packet
01-20 10:47:08.335 D/RPC     ( 1575): read RPC packet size: [272]
01-20 10:47:08.335 V/locapi_rpc_glue( 1575): Callback received: 4 (cb_id=0x6270000 handle=1)
01-20 10:47:08.335 V/locapi_rpc_glue( 1575): +loc_api_callback_process_sync_call
01-20 10:47:08.335 V/locapi_rpc_glue( 1575): -loc_api_callback_process_sync_call, no sync call in use
01-20 10:47:08.345 D/RPC     ( 1575): written RPC packet size: [28]
01-20 10:47:08.345 D/RPC     ( 1575): read RPC packet
01-20 10:47:08.345 D/RPC     ( 1575): read RPC packet size: [96]
01-20 10:47:08.345 V/locapi_rpc_glue( 1575): Callback received: 2 (cb_id=0x6270000 handle=1)
01-20 10:47:08.345 V/locapi_rpc_glue( 1575): +loc_api_callback_process_sync_call
01-20 10:47:08.355 V/locapi_rpc_glue( 1575): -loc_api_callback_process_sync_call, no sync call in use
01-20 10:47:08.355 D/lib_locapi( 1575): loc_eng_report_sv: valid_mask = 0x30, num of sv = 0
01-20 10:47:08.355 D/GpsLocationProvider( 1575): reportSvStatus
01-20 10:47:08.355 V/GpsLocationProvider( 1575): SV count: 0 ephemerisMask: 0 almanacMask: 0
01-20 10:47:08.355 D/RPC     ( 1575): written RPC packet size: [28]
01-20 10:47:08.355 D/RPC     ( 1575): read RPC packet
01-20 10:47:08.355 D/RPC     ( 1575): read RPC packet size: [272]
01-20 10:47:08.365 V/locapi_rpc_glue( 1575): Callback received: 4 (cb_id=0x6270000 handle=1)
01-20 10:47:08.365 V/locapi_rpc_glue( 1575): +loc_api_callback_process_sync_call
01-20 10:47:08.365 V/locapi_rpc_glue( 1575): -loc_api_callback_process_sync_call, no sync call in use
01-20 10:47:08.365 D/RPC     ( 1575): written RPC packet size: [28]
01-20 10:47:08.365 D/RPC     ( 1575): read RPC packet
01-20 10:47:08.365 D/RPC     ( 1575): read RPC packet size: [272]
01-20 10:47:08.375 V/locapi_rpc_glue( 1575): Callback received: 4 (cb_id=0x6270000 handle=1)
01-20 10:47:08.375 V/locapi_rpc_glue( 1575): +loc_api_callback_process_sync_call
01-20 10:47:08.375 V/locapi_rpc_glue( 1575): -loc_api_callback_process_sync_call, no sync call in use
01-20 10:47:08.375 D/RPC     ( 1575): written RPC packet size: [28]
01-20 10:47:08.375 D/RPC     ( 1575): read RPC packet
01-20 10:47:08.375 D/RPC     ( 1575): read RPC packet size: [272]
01-20 10:47:08.375 V/locapi_rpc_glue( 1575): Callback received: 4 (cb_id=0x6270000 handle=1)
01-20 10:47:08.385 V/locapi_rpc_glue( 1575): +loc_api_callback_process_sync_call
01-20 10:47:08.385 V/locapi_rpc_glue( 1575): -loc_api_callback_process_sync_call, no sync call in use
01-20 10:47:08.385 D/RPC     ( 1575): written RPC packet size: [28]
01-20 10:47:08.385 D/RPC     ( 1575): read RPC packet
01-20 10:47:08.385 D/RPC     ( 1575): read RPC packet size: [272]
01-20 10:47:08.385 V/locapi_rpc_glue( 1575): Callback received: 4 (cb_id=0x6270000 handle=1)
01-20 10:47:08.395 V/locapi_rpc_glue( 1575): +loc_api_callback_process_sync_call
01-20 10:47:08.395 V/locapi_rpc_glue( 1575): -loc_api_callback_process_sync_call, no sync call in use
01-20 10:47:08.395 D/RPC     ( 1575): written RPC packet size: [28]
01-20 10:47:08.685 I/System.out( 2735): Values: 0.0 0.0
01-20 10:47:09.016 D/RPC     ( 1575): read RPC packet
01-20 10:47:09.016 D/RPC     ( 1575): read RPC packet size: [208]
01-20 10:47:09.016 V/locapi_rpc_glue( 1575): Callback received: 1 (cb_id=0x6270000 handle=1)
01-20 10:47:09.016 V/locapi_rpc_glue( 1575): +loc_api_callback_process_sync_call
01-20 10:47:09.016 V/locapi_rpc_glue( 1575): -loc_api_callback_process_sync_call, no sync call in use
01-20 10:47:09.016 D/lib_locapi( 1575): loc_eng_report_position: valid mask = 0x606d, sess status = 1
01-20 10:47:09.016 D/RPC     ( 1575): written RPC packet size: [28]
01-20 10:47:09.306 D/RPC     ( 1575): read RPC packet
01-20 10:47:09.306 D/RPC     ( 1575): read RPC packet size: [272]
01-20 10:47:09.316 V/locapi_rpc_glue( 1575): Callback received: 4 (cb_id=0x6270000 handle=1)
01-20 10:47:09.316 V/locapi_rpc_glue( 1575): +loc_api_callback_process_sync_call
01-20 10:47:09.316 V/locapi_rpc_glue( 1575): -loc_api_callback_process_sync_call, no sync call in use
01-20 10:47:09.316 D/RPC     ( 1575): written RPC packet size: [28]
01-20 10:47:09.316 D/RPC     ( 1575): read RPC packet
01-20 10:47:09.316 D/RPC     ( 1575): read RPC packet size: [272]
01-20 10:47:09.326 V/locapi_rpc_glue( 1575): Callback received: 4 (cb_id=0x6270000 handle=1)
01-20 10:47:09.326 V/locapi_rpc_glue( 1575): +loc_api_callback_process_sync_call
01-20 10:47:09.326 V/locapi_rpc_glue( 1575): -loc_api_callback_process_sync_call, no sync call in use
01-20 10:47:09.326 D/RPC     ( 1575): written RPC packet size: [28]
01-20 10:47:09.326 D/RPC     ( 1575): read RPC packet
01-20 10:47:09.326 D/RPC     ( 1575): read RPC packet size: [272]
01-20 10:47:09.326 V/locapi_rpc_glue( 1575): Callback received: 4 (cb_id=0x6270000 handle=1)
01-20 10:47:09.336 V/locapi_rpc_glue( 1575): +loc_api_callback_process_sync_call
01-20 10:47:09.336 V/locapi_rpc_glue( 1575): -loc_api_callback_process_sync_call, no sync call in use
01-20 10:47:09.336 D/RPC     ( 1575): written RPC packet size: [28]
01-20 10:47:09.336 D/RPC     ( 1575): read RPC packet
01-20 10:47:09.336 D/RPC     ( 1575): read RPC packet size: [272]
01-20 10:47:09.336 V/locapi_rpc_glue( 1575): Callback received: 4 (cb_id=0x6270000 handle=1)
01-20 10:47:09.336 V/locapi_rpc_glue( 1575): +loc_api_callback_process_sync_call
01-20 10:47:09.346 V/locapi_rpc_glue( 1575): -loc_api_callback_process_sync_call, no sync call in use
01-20 10:47:09.346 D/RPC     ( 1575): written RPC packet size: [28]
01-20 10:47:09.346 D/RPC     ( 1575): read RPC packet
01-20 10:47:09.346 D/RPC     ( 1575): read RPC packet size: [96]
01-20 10:47:09.346 V/locapi_rpc_glue( 1575): Callback received: 2 (cb_id=0x6270000 handle=1)
01-20 10:47:09.356 V/locapi_rpc_glue( 1575): +loc_api_callback_process_sync_call
01-20 10:47:09.356 V/locapi_rpc_glue( 1575): -loc_api_callback_process_sync_call, no sync call in use
01-20 10:47:09.356 D/lib_locapi( 1575): loc_eng_report_sv: valid_mask = 0x30, num of sv = 0
01-20 10:47:09.356 D/GpsLocationProvider( 1575): reportSvStatus
01-20 10:47:09.356 V/GpsLocationProvider( 1575): SV count: 0 ephemerisMask: 0 almanacMask: 0
01-20 10:47:09.356 D/RPC     ( 1575): written RPC packet size: [28]
01-20 10:47:09.366 D/RPC     ( 1575): read RPC packet
01-20 10:47:09.366 D/RPC     ( 1575): read RPC packet size: [272]
01-20 10:47:09.366 V/locapi_rpc_glue( 1575): Callback received: 4 (cb_id=0x6270000 handle=1)
01-20 10:47:09.366 V/locapi_rpc_glue( 1575): +loc_api_callback_process_sync_call
01-20 10:47:09.366 V/locapi_rpc_glue( 1575): -loc_api_callback_process_sync_call, no sync call in use
01-20 10:47:09.366 D/RPC     ( 1575): written RPC packet size: [28]
01-20 10:47:09.366 D/RPC     ( 1575): read RPC packet
01-20 10:47:09.376 D/RPC     ( 1575): read RPC packet size: [272]
01-20 10:47:09.376 V/locapi_rpc_glue( 1575): Callback received: 4 (cb_id=0x6270000 handle=1)
01-20 10:47:09.376 V/locapi_rpc_glue( 1575): +loc_api_callback_process_sync_call
01-20 10:47:09.376 V/locapi_rpc_glue( 1575): -loc_api_callback_process_sync_call, no sync call in use
01-20 10:47:09.376 D/RPC     ( 1575): written RPC packet size: [28]
01-20 10:47:09.376 D/RPC     ( 1575): read RPC packet
01-20 10:47:09.376 D/RPC     ( 1575): read RPC packet size: [272]
01-20 10:47:09.386 V/locapi_rpc_glue( 1575): Callback received: 4 (cb_id=0x6270000 handle=1)
01-20 10:47:09.386 V/locapi_rpc_glue( 1575): +loc_api_callback_process_sync_call
01-20 10:47:09.386 V/locapi_rpc_glue( 1575): -loc_api_callback_process_sync_call, no sync call in use
01-20 10:47:09.386 D/RPC     ( 1575): written RPC packet size: [28]
01-20 10:47:09.386 D/RPC     ( 1575): read RPC packet
01-20 10:47:09.386 D/RPC     ( 1575): read RPC packet size: [272]
01-20 10:47:09.396 V/locapi_rpc_glue( 1575): Callback received: 4 (cb_id=0x6270000 handle=1)
01-20 10:47:09.396 V/locapi_rpc_glue( 1575): +loc_api_callback_process_sync_call
01-20 10:47:09.396 V/locapi_rpc_glue( 1575): -loc_api_callback_process_sync_call, no sync call in use
01-20 10:47:09.396 D/RPC     ( 1575): written RPC packet size: [28]
01-20 10:47:09.686 I/System.out( 2735): Values: 0.0 0.0
01-20 10:47:10.017 D/RPC     ( 1575): read RPC packet
01-20 10:47:10.017 D/RPC     ( 1575): read RPC packet size: [208]
01-20 10:47:10.017 V/locapi_rpc_glue( 1575): Callback received: 1 (cb_id=0x6270000 handle=1)
01-20 10:47:10.017 V/locapi_rpc_glue( 1575): +loc_api_callback_process_sync_call
01-20 10:47:10.017 V/locapi_rpc_glue( 1575): -loc_api_callback_process_sync_call, no sync call in use
01-20 10:47:10.017 D/lib_locapi( 1575): loc_eng_report_position: valid mask = 0x606d, sess status = 1
01-20 10:47:10.027 D/RPC     ( 1575): written RPC packet size: [28]
01-20 10:47:10.317 D/RPC     ( 1575): read RPC packet
01-20 10:47:10.317 D/RPC     ( 1575): read RPC packet size: [272]
01-20 10:47:10.317 V/locapi_rpc_glue( 1575): Callback received: 4 (cb_id=0x6270000 handle=1)
01-20 10:47:10.317 V/locapi_rpc_glue( 1575): +loc_api_callback_process_sync_call
01-20 10:47:10.317 V/locapi_rpc_glue( 1575): -loc_api_callback_process_sync_call, no sync call in use
01-20 10:47:10.317 D/RPC     ( 1575): written RPC packet size: [28]
01-20 10:47:10.317 D/RPC     ( 1575): read RPC packet
01-20 10:47:10.327 D/RPC     ( 1575): read RPC packet size: [272]
01-20 10:47:10.327 V/locapi_rpc_glue( 1575): Callback received: 4 (cb_id=0x6270000 handle=1)
01-20 10:47:10.327 V/locapi_rpc_glue( 1575): +loc_api_callback_process_sync_call
01-20 10:47:10.327 V/locapi_rpc_glue( 1575): -loc_api_callback_process_sync_call, no sync call in use
01-20 10:47:10.327 D/RPC     ( 1575): written RPC packet size: [28]
01-20 10:47:10.327 D/RPC     ( 1575): read RPC packet
01-20 10:47:10.327 D/RPC     ( 1575): read RPC packet size: [272]
01-20 10:47:10.337 V/locapi_rpc_glue( 1575): Callback received: 4 (cb_id=0x6270000 handle=1)
01-20 10:47:10.337 V/locapi_rpc_glue( 1575): +loc_api_callback_process_sync_call
01-20 10:47:10.337 V/locapi_rpc_glue( 1575): -loc_api_callback_process_sync_call, no sync call in use
01-20 10:47:10.337 D/RPC     ( 1575): written RPC packet size: [28]
01-20 10:47:10.337 D/RPC     ( 1575): read RPC packet
01-20 10:47:10.337 D/RPC     ( 1575): read RPC packet size: [272]
01-20 10:47:10.347 V/locapi_rpc_glue( 1575): Callback received: 4 (cb_id=0x6270000 handle=1)
01-20 10:47:10.347 V/locapi_rpc_glue( 1575): +loc_api_callback_process_sync_call
01-20 10:47:10.347 V/locapi_rpc_glue( 1575): -loc_api_callback_process_sync_call, no sync call in use
01-20 10:47:10.347 D/RPC     ( 1575): written RPC packet size: [28]
01-20 10:47:10.347 D/RPC     ( 1575): read RPC packet
01-20 10:47:10.347 D/RPC     ( 1575): read RPC packet size: [96]
01-20 10:47:10.347 V/locapi_rpc_glue( 1575): Callback received: 2 (cb_id=0x6270000 handle=1)
01-20 10:47:10.357 V/locapi_rpc_glue( 1575): +loc_api_callback_process_sync_call
01-20 10:47:10.357 V/locapi_rpc_glue( 1575): -loc_api_callback_process_sync_call, no sync call in use
01-20 10:47:10.357 D/lib_locapi( 1575): loc_eng_report_sv: valid_mask = 0x30, num of sv = 0
01-20 10:47:10.357 D/GpsLocationProvider( 1575): reportSvStatus
01-20 10:47:10.357 V/GpsLocationProvider( 1575): SV count: 0 ephemerisMask: 0 almanacMask: 0
01-20 10:47:10.357 D/RPC     ( 1575): written RPC packet size: [28]
01-20 10:47:10.357 D/RPC     ( 1575): read RPC packet
01-20 10:47:10.367 D/RPC     ( 1575): read RPC packet size: [272]
01-20 10:47:10.367 V/locapi_rpc_glue( 1575): Callback received: 4 (cb_id=0x6270000 handle=1)
01-20 10:47:10.367 V/locapi_rpc_glue( 1575): +loc_api_callback_process_sync_call
01-20 10:47:10.367 V/locapi_rpc_glue( 1575): -loc_api_callback_process_sync_call, no sync call in use
01-20 10:47:10.367 D/RPC     ( 1575): written RPC packet size: [28]
01-20 10:47:10.367 D/RPC     ( 1575): read RPC packet
01-20 10:47:10.367 D/RPC     ( 1575): read RPC packet size: [272]
01-20 10:47:10.367 V/locapi_rpc_glue( 1575): Callback received: 4 (cb_id=0x6270000 handle=1)
01-20 10:47:10.367 V/locapi_rpc_glue( 1575): +loc_api_callback_process_sync_call
01-20 10:47:10.367 V/locapi_rpc_glue( 1575): -loc_api_callback_process_sync_call, no sync call in use
01-20 10:47:10.367 D/RPC     ( 1575): written RPC packet size: [28]
01-20 10:47:10.367 D/RPC     ( 1575): read RPC packet
01-20 10:47:10.367 D/RPC     ( 1575): read RPC packet size: [272]
01-20 10:47:10.367 V/locapi_rpc_glue( 1575): Callback received: 4 (cb_id=0x6270000 handle=1)
01-20 10:47:10.377 V/locapi_rpc_glue( 1575): +loc_api_callback_process_sync_call
01-20 10:47:10.377 V/locapi_rpc_glue( 1575): -loc_api_callback_process_sync_call, no sync call in use
01-20 10:47:10.377 D/RPC     ( 1575): written RPC packet size: [28]
01-20 10:47:10.377 D/RPC     ( 1575): read RPC packet
01-20 10:47:10.377 D/RPC     ( 1575): read RPC packet size: [272]
01-20 10:47:10.377 V/locapi_rpc_glue( 1575): Callback received: 4 (cb_id=0x6270000 handle=1)
01-20 10:47:10.377 V/locapi_rpc_glue( 1575): +loc_api_callback_process_sync_call
01-20 10:47:10.377 V/locapi_rpc_glue( 1575): -loc_api_callback_process_sync_call, no sync call in use
01-20 10:47:10.377 D/RPC     ( 1575): written RPC packet size: [28]
01-20 10:47:10.687 I/System.out( 2735): Values: 0.0 0.0
01-20 10:47:11.018 D/RPC     ( 1575): read RPC packet
01-20 10:47:11.018 D/RPC     ( 1575): read RPC packet size: [208]
01-20 10:47:11.018 V/locapi_rpc_glue( 1575): Callback received: 1 (cb_id=0x6270000 handle=1)
01-20 10:47:11.018 V/locapi_rpc_glue( 1575): +loc_api_callback_process_sync_call
01-20 10:47:11.018 V/locapi_rpc_glue( 1575): -loc_api_callback_process_sync_call, no sync call in use
01-20 10:47:11.028 D/lib_locapi( 1575): loc_eng_report_position: valid mask = 0x606d, sess status = 1
01-20 10:47:11.028 D/RPC     ( 1575): written RPC packet size: [28]
01-20 10:47:11.318 D/RPC     ( 1575): read RPC packet
01-20 10:47:11.318 D/RPC     ( 1575): read RPC packet size: [272]
01-20 10:47:11.318 V/locapi_rpc_glue( 1575): Callback received: 4 (cb_id=0x6270000 handle=1)
01-20 10:47:11.318 V/locapi_rpc_glue( 1575): +loc_api_callback_process_sync_call
01-20 10:47:11.318 V/locapi_rpc_glue( 1575): -loc_api_callback_process_sync_call, no sync call in use
01-20 10:47:11.318 D/RPC     ( 1575): written RPC packet size: [28]
01-20 10:47:11.328 D/RPC     ( 1575): read RPC packet
01-20 10:47:11.328 D/RPC     ( 1575): read RPC packet size: [272]
01-20 10:47:11.328 V/locapi_rpc_glue( 1575): Callback received: 4 (cb_id=0x6270000 handle=1)
01-20 10:47:11.328 V/locapi_rpc_glue( 1575): +loc_api_callback_process_sync_call
01-20 10:47:11.328 V/locapi_rpc_glue( 1575): -loc_api_callback_process_sync_call, no sync call in use
01-20 10:47:11.328 D/RPC     ( 1575): written RPC packet size: [28]
01-20 10:47:11.338 D/RPC     ( 1575): read RPC packet
01-20 10:47:11.338 D/RPC     ( 1575): read RPC packet size: [272]
01-20 10:47:11.338 V/locapi_rpc_glue( 1575): Callback received: 4 (cb_id=0x6270000 handle=1)
01-20 10:47:11.338 V/locapi_rpc_glue( 1575): +loc_api_callback_process_sync_call
01-20 10:47:11.338 V/locapi_rpc_glue( 1575): -loc_api_callback_process_sync_call, no sync call in use
01-20 10:47:11.338 D/RPC     ( 1575): written RPC packet size: [28]
01-20 10:47:11.348 D/RPC     ( 1575): read RPC packet
01-20 10:47:11.348 D/RPC     ( 1575): read RPC packet size: [272]
01-20 10:47:11.348 V/locapi_rpc_glue( 1575): Callback received: 4 (cb_id=0x6270000 handle=1)
01-20 10:47:11.348 V/locapi_rpc_glue( 1575): +loc_api_callback_process_sync_call
01-20 10:47:11.348 V/locapi_rpc_glue( 1575): -loc_api_callback_process_sync_call, no sync call in use
01-20 10:47:11.348 D/RPC     ( 1575): written RPC packet size: [28]
01-20 10:47:11.348 D/RPC     ( 1575): read RPC packet
01-20 10:47:11.358 D/RPC     ( 1575): read RPC packet size: [96]
01-20 10:47:11.358 V/locapi_rpc_glue( 1575): Callback received: 2 (cb_id=0x6270000 handle=1)
01-20 10:47:11.358 V/locapi_rpc_glue( 1575): +loc_api_callback_process_sync_call
01-20 10:47:11.358 V/locapi_rpc_glue( 1575): -loc_api_callback_process_sync_call, no sync call in use
01-20 10:47:11.358 D/lib_locapi( 1575): loc_eng_report_sv: valid_mask = 0x30, num of sv = 0
01-20 10:47:11.358 D/GpsLocationProvider( 1575): reportSvStatus
01-20 10:47:11.358 V/GpsLocationProvider( 1575): SV count: 0 ephemerisMask: 0 almanacMask: 0
01-20 10:47:11.368 D/RPC     ( 1575): written RPC packet size: [28]
01-20 10:47:11.368 D/RPC     ( 1575): read RPC packet
01-20 10:47:11.368 D/RPC     ( 1575): read RPC packet size: [272]
01-20 10:47:11.368 V/locapi_rpc_glue( 1575): Callback received: 4 (cb_id=0x6270000 handle=1)
01-20 10:47:11.378 V/locapi_rpc_glue( 1575): +loc_api_callback_process_sync_call
01-20 10:47:11.378 V/locapi_rpc_glue( 1575): -loc_api_callback_process_sync_call, no sync call in use
01-20 10:47:11.378 D/RPC     ( 1575): written RPC packet size: [28]
01-20 10:47:11.378 D/RPC     ( 1575): read RPC packet
01-20 10:47:11.378 D/RPC     ( 1575): read RPC packet size: [272]
01-20 10:47:11.378 V/locapi_rpc_glue( 1575): Callback received: 4 (cb_id=0x6270000 handle=1)
01-20 10:47:11.388 V/locapi_rpc_glue( 1575): +loc_api_callback_process_sync_call
01-20 10:47:11.388 V/locapi_rpc_glue( 1575): -loc_api_callback_process_sync_call, no sync call in use
01-20 10:47:11.388 D/RPC     ( 1575): written RPC packet size: [28]
01-20 10:47:11.388 D/RPC     ( 1575): read RPC packet
01-20 10:47:11.388 D/RPC     ( 1575): read RPC packet size: [272]
01-20 10:47:11.388 V/locapi_rpc_glue( 1575): Callback received: 4 (cb_id=0x6270000 handle=1)
01-20 10:47:11.398 V/locapi_rpc_glue( 1575): +loc_api_callback_process_sync_call
01-20 10:47:11.398 V/locapi_rpc_glue( 1575): -loc_api_callback_process_sync_call, no sync call in use
01-20 10:47:11.398 D/RPC     ( 1575): written RPC packet size: [28]
01-20 10:47:11.398 D/RPC     ( 1575): read RPC packet
01-20 10:47:11.398 D/RPC     ( 1575): read RPC packet size: [272]
01-20 10:47:11.398 V/locapi_rpc_glue( 1575): Callback received: 4 (cb_id=0x6270000 handle=1)
01-20 10:47:11.408 V/locapi_rpc_glue( 1575): +loc_api_callback_process_sync_call
01-20 10:47:11.408 V/locapi_rpc_glue( 1575): -loc_api_callback_process_sync_call, no sync call in use
01-20 10:47:11.408 D/RPC     ( 1575): written RPC packet size: [28]
01-20 10:47:11.688 I/System.out( 2735): Values: 0.0 0.0
01-20 10:47:12.019 D/RPC     ( 1575): read RPC packet
01-20 10:47:12.019 D/RPC     ( 1575): read RPC packet size: [208]
01-20 10:47:12.019 V/locapi_rpc_glue( 1575): Callback received: 1 (cb_id=0x6270000 handle=1)
01-20 10:47:12.019 V/locapi_rpc_glue( 1575): +loc_api_callback_process_sync_call
01-20 10:47:12.029 V/locapi_rpc_glue( 1575): -loc_api_callback_process_sync_call, no sync call in use
01-20 10:47:12.029 D/lib_locapi( 1575): loc_eng_report_position: valid mask = 0x606d, sess status = 1
01-20 10:47:12.029 D/RPC     ( 1575): written RPC packet size: [28]
01-20 10:47:12.309 D/RPC     ( 1575): read RPC packet
01-20 10:47:12.319 D/RPC     ( 1575): read RPC packet size: [272]
01-20 10:47:12.319 V/locapi_rpc_glue( 1575): Callback received: 4 (cb_id=0x6270000 handle=1)
01-20 10:47:12.319 V/locapi_rpc_glue( 1575): +loc_api_callback_process_sync_call
01-20 10:47:12.319 V/locapi_rpc_glue( 1575): -loc_api_callback_process_sync_call, no sync call in use
01-20 10:47:12.319 D/RPC     ( 1575): written RPC packet size: [28]
01-20 10:47:12.319 D/RPC     ( 1575): read RPC packet
01-20 10:47:12.319 D/RPC     ( 1575): read RPC packet size: [272]
01-20 10:47:12.319 V/locapi_rpc_glue( 1575): Callback received: 4 (cb_id=0x6270000 handle=1)
01-20 10:47:12.319 V/locapi_rpc_glue( 1575): +loc_api_callback_process_sync_call
01-20 10:47:12.319 V/locapi_rpc_glue( 1575): -loc_api_callback_process_sync_call, no sync call in use
01-20 10:47:12.319 D/RPC     ( 1575): written RPC packet size: [28]
01-20 10:47:12.319 D/RPC     ( 1575): read RPC packet
01-20 10:47:12.329 D/RPC     ( 1575): read RPC packet size: [272]
01-20 10:47:12.329 V/locapi_rpc_glue( 1575): Callback received: 4 (cb_id=0x6270000 handle=1)
01-20 10:47:12.329 V/locapi_rpc_glue( 1575): +loc_api_callback_process_sync_call
01-20 10:47:12.329 V/locapi_rpc_glue( 1575): -loc_api_callback_process_sync_call, no sync call in use
01-20 10:47:12.329 D/RPC     ( 1575): written RPC packet size: [28]
01-20 10:47:12.329 D/RPC     ( 1575): read RPC packet
01-20 10:47:12.329 D/RPC     ( 1575): read RPC packet size: [272]
01-20 10:47:12.329 V/locapi_rpc_glue( 1575): Callback received: 4 (cb_id=0x6270000 handle=1)
01-20 10:47:12.329 V/locapi_rpc_glue( 1575): +loc_api_callback_process_sync_call
01-20 10:47:12.329 V/locapi_rpc_glue( 1575): -loc_api_callback_process_sync_call, no sync call in use
01-20 10:47:12.329 D/RPC     ( 1575): written RPC packet size: [28]
01-20 10:47:12.329 D/RPC     ( 1575): read RPC packet
01-20 10:47:12.329 D/RPC     ( 1575): read RPC packet size: [96]
01-20 10:47:12.339 V/locapi_rpc_glue( 1575): Callback received: 2 (cb_id=0x6270000 handle=1)
01-20 10:47:12.339 V/locapi_rpc_glue( 1575): +loc_api_callback_process_sync_call
01-20 10:47:12.339 V/locapi_rpc_glue( 1575): -loc_api_callback_process_sync_call, no sync call in use
01-20 10:47:12.339 D/lib_locapi( 1575): loc_eng_report_sv: valid_mask = 0x30, num of sv = 0
01-20 10:47:12.339 D/GpsLocationProvider( 1575): reportSvStatus
01-20 10:47:12.339 V/GpsLocationProvider( 1575): SV count: 0 ephemerisMask: 0 almanacMask: 0
01-20 10:47:12.339 D/RPC     ( 1575): written RPC packet size: [28]
01-20 10:47:12.339 D/RPC     ( 1575): read RPC packet
01-20 10:47:12.339 D/RPC     ( 1575): read RPC packet size: [272]
01-20 10:47:12.339 V/locapi_rpc_glue( 1575): Callback received: 4 (cb_id=0x6270000 handle=1)
01-20 10:47:12.339 V/locapi_rpc_glue( 1575): +loc_api_callback_process_sync_call
01-20 10:47:12.339 V/locapi_rpc_glue( 1575): -loc_api_callback_process_sync_call, no sync call in use
01-20 10:47:12.339 D/RPC     ( 1575): written RPC packet size: [28]
01-20 10:47:12.339 D/RPC     ( 1575): read RPC packet
01-20 10:47:12.339 D/RPC     ( 1575): read RPC packet size: [272]
01-20 10:47:12.349 V/locapi_rpc_glue( 1575): Callback received: 4 (cb_id=0x6270000 handle=1)
01-20 10:47:12.349 V/locapi_rpc_glue( 1575): +loc_api_callback_process_sync_call
01-20 10:47:12.349 V/locapi_rpc_glue( 1575): -loc_api_callback_process_sync_call, no sync call in use
01-20 10:47:12.349 D/RPC     ( 1575): written RPC packet size: [28]
01-20 10:47:12.349 D/RPC     ( 1575): read RPC packet
01-20 10:47:12.349 D/RPC     ( 1575): read RPC packet size: [272]
01-20 10:47:12.349 V/locapi_rpc_glue( 1575): Callback received: 4 (cb_id=0x6270000 handle=1)
01-20 10:47:12.349 V/locapi_rpc_glue( 1575): +loc_api_callback_process_sync_call
01-20 10:47:12.349 V/locapi_rpc_glue( 1575): -loc_api_callback_process_sync_call, no sync call in use
01-20 10:47:12.349 D/RPC     ( 1575): written RPC packet size: [28]
01-20 10:47:12.349 D/RPC     ( 1575): read RPC packet
01-20 10:47:12.349 D/RPC     ( 1575): read RPC packet size: [272]
01-20 10:47:12.359 V/locapi_rpc_glue( 1575): Callback received: 4 (cb_id=0x6270000 handle=1)
01-20 10:47:12.359 V/locapi_rpc_glue( 1575): +loc_api_callback_process_sync_call
01-20 10:47:12.359 V/locapi_rpc_glue( 1575): -loc_api_callback_process_sync_call, no sync call in use
01-20 10:47:12.359 D/RPC     ( 1575): written RPC packet size: [28]
01-20 10:47:12.689 I/System.out( 2735): Values: 0.0 0.0
01-20 10:47:13.020 D/RPC     ( 1575): read RPC packet
01-20 10:47:13.020 D/RPC     ( 1575): read RPC packet size: [208]
01-20 10:47:13.020 V/locapi_rpc_glue( 1575): Callback received: 1 (cb_id=0x6270000 handle=1)
01-20 10:47:13.030 V/locapi_rpc_glue( 1575): +loc_api_callback_process_sync_call
01-20 10:47:13.030 V/locapi_rpc_glue( 1575): -loc_api_callback_process_sync_call, no sync call in use
01-20 10:47:13.030 D/lib_locapi( 1575): loc_eng_report_position: valid mask = 0x606d, sess status = 1
01-20 10:47:13.030 D/RPC     ( 1575): written RPC packet size: [28]
01-20 10:47:13.310 D/RPC     ( 1575): read RPC packet
01-20 10:47:13.310 D/RPC     ( 1575): read RPC packet size: [272]
01-20 10:47:13.320 V/locapi_rpc_glue( 1575): Callback received: 4 (cb_id=0x6270000 handle=1)
01-20 10:47:13.320 V/locapi_rpc_glue( 1575): +loc_api_callback_process_sync_call
01-20 10:47:13.320 V/locapi_rpc_glue( 1575): -loc_api_callback_process_sync_call, no sync call in use
01-20 10:47:13.320 D/RPC     ( 1575): written RPC packet size: [28]
01-20 10:47:13.330 D/RPC     ( 1575): read RPC packet
01-20 10:47:13.330 D/RPC     ( 1575): read RPC packet size: [272]
01-20 10:47:13.330 V/locapi_rpc_glue( 1575): Callback received: 4 (cb_id=0x6270000 handle=1)
01-20 10:47:13.330 V/locapi_rpc_glue( 1575): +loc_api_callback_process_sync_call
01-20 10:47:13.330 V/locapi_rpc_glue( 1575): -loc_api_callback_process_sync_call, no sync call in use
01-20 10:47:13.330 D/RPC     ( 1575): written RPC packet size: [28]
01-20 10:47:13.340 D/RPC     ( 1575): read RPC packet
01-20 10:47:13.340 D/RPC     ( 1575): read RPC packet size: [272]
01-20 10:47:13.340 V/locapi_rpc_glue( 1575): Callback received: 4 (cb_id=0x6270000 handle=1)
01-20 10:47:13.340 V/locapi_rpc_glue( 1575): +loc_api_callback_process_sync_call
01-20 10:47:13.350 V/locapi_rpc_glue( 1575): -loc_api_callback_process_sync_call, no sync call in use
01-20 10:47:13.350 D/RPC     ( 1575): written RPC packet size: [28]
01-20 10:47:13.350 D/RPC     ( 1575): read RPC packet
01-20 10:47:13.350 D/RPC     ( 1575): read RPC packet size: [272]
01-20 10:47:13.350 V/locapi_rpc_glue( 1575): Callback received: 4 (cb_id=0x6270000 handle=1)
01-20 10:47:13.360 V/locapi_rpc_glue( 1575): +loc_api_callback_process_sync_call
01-20 10:47:13.360 V/locapi_rpc_glue( 1575): -loc_api_callback_process_sync_call, no sync call in use
01-20 10:47:13.360 D/RPC     ( 1575): written RPC packet size: [28]
01-20 10:47:13.360 D/RPC     ( 1575): read RPC packet
01-20 10:47:13.360 D/RPC     ( 1575): read RPC packet size: [96]
01-20 10:47:13.360 V/locapi_rpc_glue( 1575): Callback received: 2 (cb_id=0x6270000 handle=1)
01-20 10:47:13.370 V/locapi_rpc_glue( 1575): +loc_api_callback_process_sync_call
01-20 10:47:13.370 V/locapi_rpc_glue( 1575): -loc_api_callback_process_sync_call, no sync call in use
01-20 10:47:13.370 D/lib_locapi( 1575): loc_eng_report_sv: valid_mask = 0x30, num of sv = 0
01-20 10:47:13.370 D/GpsLocationProvider( 1575): reportSvStatus
01-20 10:47:13.370 V/GpsLocationProvider( 1575): SV count: 0 ephemerisMask: 0 almanacMask: 0
01-20 10:47:13.370 D/RPC     ( 1575): written RPC packet size: [28]
01-20 10:47:13.370 D/RPC     ( 1575): read RPC packet
01-20 10:47:13.380 D/RPC     ( 1575): read RPC packet size: [272]
01-20 10:47:13.380 V/locapi_rpc_glue( 1575): Callback received: 4 (cb_id=0x6270000 handle=1)
01-20 10:47:13.380 V/locapi_rpc_glue( 1575): +loc_api_callback_process_sync_call
01-20 10:47:13.380 V/locapi_rpc_glue( 1575): -loc_api_callback_process_sync_call, no sync call in use
01-20 10:47:13.380 D/RPC     ( 1575): written RPC packet size: [28]
01-20 10:47:13.380 D/RPC     ( 1575): read RPC packet
01-20 10:47:13.390 D/RPC     ( 1575): read RPC packet size: [272]
01-20 10:47:13.390 V/locapi_rpc_glue( 1575): Callback received: 4 (cb_id=0x6270000 handle=1)
01-20 10:47:13.390 V/locapi_rpc_glue( 1575): +loc_api_callback_process_sync_call
01-20 10:47:13.390 V/locapi_rpc_glue( 1575): -loc_api_callback_process_sync_call, no sync call in use
01-20 10:47:13.390 D/RPC     ( 1575): written RPC packet size: [28]
01-20 10:47:13.400 D/RPC     ( 1575): read RPC packet
01-20 10:47:13.400 D/RPC     ( 1575): read RPC packet size: [272]
01-20 10:47:13.400 V/locapi_rpc_glue( 1575): Callback received: 4 (cb_id=0x6270000 handle=1)
01-20 10:47:13.400 V/locapi_rpc_glue( 1575): +loc_api_callback_process_sync_call
01-20 10:47:13.400 V/locapi_rpc_glue( 1575): -loc_api_callback_process_sync_call, no sync call in use
01-20 10:47:13.400 D/RPC     ( 1575): written RPC packet size: [28]
01-20 10:47:13.400 D/RPC     ( 1575): read RPC packet
01-20 10:47:13.410 D/RPC     ( 1575): read RPC packet size: [272]
01-20 10:47:13.410 V/locapi_rpc_glue( 1575): Callback received: 4 (cb_id=0x6270000 handle=1)
01-20 10:47:13.410 V/locapi_rpc_glue( 1575): +loc_api_callback_process_sync_call
01-20 10:47:13.410 V/locapi_rpc_glue( 1575): -loc_api_callback_process_sync_call, no sync call in use
01-20 10:47:13.410 D/RPC     ( 1575): written RPC packet size: [28]
01-20 10:47:13.690 I/System.out( 2735): Values: 0.0 0.0
01-20 10:47:14.020 D/RPC     ( 1575): read RPC packet
01-20 10:47:14.020 D/RPC     ( 1575): read RPC packet size: [208]
01-20 10:47:14.030 V/locapi_rpc_glue( 1575): Callback received: 1 (cb_id=0x6270000 handle=1)
01-20 10:47:14.030 V/locapi_rpc_glue( 1575): +loc_api_callback_process_sync_call
01-20 10:47:14.030 V/locapi_rpc_glue( 1575): -loc_api_callback_process_sync_call, no sync call in use
01-20 10:47:14.030 D/lib_locapi( 1575): loc_eng_report_position: valid mask = 0x606d, sess status = 1
01-20 10:47:14.030 D/RPC     ( 1575): written RPC packet size: [28]
01-20 10:47:14.181 I/rmt_storage( 1452): rmt_storage open event
01-20 10:47:14.181 I/rmt_storage( 1452): rmt_storage events processing done
01-20 10:47:14.191 I/rmt_storage( 1452): rmt_storage send user data event
01-20 10:47:14.191 I/rmt_storage( 1452): rmt_storage events processing done
01-20 10:47:14.191 I/rmt_storage( 1452): rmt_storage open event
01-20 10:47:14.191 I/rmt_storage( 1452): rmt_storage events processing done
01-20 10:47:14.201 I/rmt_storage( 1452): rmt_storage client thread started 
01-20 10:47:14.201 I/rmt_storage( 1452): rmt_storage send user data event
01-20 10:47:14.201 I/rmt_storage( 1452): rmt_storage events processing done
01-20 10:47:14.201 I/rmt_storage( 1452): rmt_storage client thread started 
01-20 10:47:14.201 I/rmt_storage( 1452): rmt_storage write event
01-20 10:47:14.201 I/rmt_storage( 1452): unblock rmt_storage client thread
01-20 10:47:14.201 I/rmt_storage( 1452): rmt_storage lseek...
01-20 10:47:14.201 I/rmt_storage( 1452): rmt_storage lseek ret = 0
01-20 10:47:14.201 I/rmt_storage( 1452): rmt_storage write buf = 0x40011000, num_sector = 6143
01-20 10:47:14.211 I/rmt_storage( 1452): rmt_storage events processing done
01-20 10:47:14.321 D/RPC     ( 1575): read RPC packet
01-20 10:47:14.321 D/RPC     ( 1575): read RPC packet size: [272]
01-20 10:47:14.321 V/locapi_rpc_glue( 1575): Callback received: 4 (cb_id=0x6270000 handle=1)
01-20 10:47:14.321 V/locapi_rpc_glue( 1575): +loc_api_callback_process_sync_call
01-20 10:47:14.321 V/locapi_rpc_glue( 1575): -loc_api_callback_process_sync_call, no sync call in use
01-20 10:47:14.331 D/RPC     ( 1575): written RPC packet size: [28]
01-20 10:47:14.331 D/RPC     ( 1575): read RPC packet
01-20 10:47:14.331 D/RPC     ( 1575): read RPC packet size: [272]
01-20 10:47:14.331 V/locapi_rpc_glue( 1575): Callback received: 4 (cb_id=0x6270000 handle=1)
01-20 10:47:14.331 V/locapi_rpc_glue( 1575): +loc_api_callback_process_sync_call
01-20 10:47:14.331 V/locapi_rpc_glue( 1575): -loc_api_callback_process_sync_call, no sync call in use
01-20 10:47:14.341 D/RPC     ( 1575): written RPC packet size: [28]
01-20 10:47:14.341 D/RPC     ( 1575): read RPC packet
01-20 10:47:14.341 D/RPC     ( 1575): read RPC packet size: [272]
01-20 10:47:14.351 V/locapi_rpc_glue( 1575): Callback received: 4 (cb_id=0x6270000 handle=1)
01-20 10:47:14.351 V/locapi_rpc_glue( 1575): +loc_api_callback_process_sync_call
01-20 10:47:14.351 V/locapi_rpc_glue( 1575): -loc_api_callback_process_sync_call, no sync call in use
01-20 10:47:14.351 D/RPC     ( 1575): written RPC packet size: [28]
01-20 10:47:14.351 D/RPC     ( 1575): read RPC packet
01-20 10:47:14.361 D/RPC     ( 1575): read RPC packet size: [272]
01-20 10:47:14.361 V/locapi_rpc_glue( 1575): Callback received: 4 (cb_id=0x6270000 handle=1)
01-20 10:47:14.361 V/locapi_rpc_glue( 1575): +loc_api_callback_process_sync_call
01-20 10:47:14.361 V/locapi_rpc_glue( 1575): -loc_api_callback_process_sync_call, no sync call in use
01-20 10:47:14.361 D/RPC     ( 1575): written RPC packet size: [28]
01-20 10:47:14.371 D/RPC     ( 1575): read RPC packet
01-20 10:47:14.371 D/RPC     ( 1575): read RPC packet size: [96]
01-20 10:47:14.371 V/locapi_rpc_glue( 1575): Callback received: 2 (cb_id=0x6270000 handle=1)
01-20 10:47:14.371 V/locapi_rpc_glue( 1575): +loc_api_callback_process_sync_call
01-20 10:47:14.371 V/locapi_rpc_glue( 1575): -loc_api_callback_process_sync_call, no sync call in use
01-20 10:47:14.381 D/lib_locapi( 1575): loc_eng_report_sv: valid_mask = 0x30, num of sv = 0
01-20 10:47:14.381 D/GpsLocationProvider( 1575): reportSvStatus
01-20 10:47:14.381 V/GpsLocationProvider( 1575): SV count: 0 ephemerisMask: 0 almanacMask: 0
01-20 10:47:14.381 D/RPC     ( 1575): written RPC packet size: [28]
01-20 10:47:14.381 D/RPC     ( 1575): read RPC packet
01-20 10:47:14.381 D/RPC     ( 1575): read RPC packet size: [272]
01-20 10:47:14.381 V/locapi_rpc_glue( 1575): Callback received: 4 (cb_id=0x6270000 handle=1)
01-20 10:47:14.391 V/locapi_rpc_glue( 1575): +loc_api_callback_process_sync_call
01-20 10:47:14.391 V/locapi_rpc_glue( 1575): -loc_api_callback_process_sync_call, no sync call in use
01-20 10:47:14.391 D/RPC     ( 1575): written RPC packet size: [28]
01-20 10:47:14.391 D/RPC     ( 1575): read RPC packet
01-20 10:47:14.391 D/RPC     ( 1575): read RPC packet size: [272]
01-20 10:47:14.401 V/locapi_rpc_glue( 1575): Callback received: 4 (cb_id=0x6270000 handle=1)
01-20 10:47:14.401 V/locapi_rpc_glue( 1575): +loc_api_callback_process_sync_call
01-20 10:47:14.401 V/locapi_rpc_glue( 1575): -loc_api_callback_process_sync_call, no sync call in use
01-20 10:47:14.401 D/RPC     ( 1575): written RPC packet size: [28]
01-20 10:47:14.411 D/RPC     ( 1575): read RPC packet
01-20 10:47:14.411 D/RPC     ( 1575): read RPC packet size: [272]
01-20 10:47:14.411 V/locapi_rpc_glue( 1575): Callback received: 4 (cb_id=0x6270000 handle=1)
01-20 10:47:14.411 V/locapi_rpc_glue( 1575): +loc_api_callback_process_sync_call
01-20 10:47:14.411 V/locapi_rpc_glue( 1575): -loc_api_callback_process_sync_call, no sync call in use
01-20 10:47:14.411 D/RPC     ( 1575): written RPC packet size: [28]
01-20 10:47:14.411 D/RPC     ( 1575): read RPC packet
01-20 10:47:14.411 D/RPC     ( 1575): read RPC packet size: [272]
01-20 10:47:14.421 V/locapi_rpc_glue( 1575): Callback received: 4 (cb_id=0x6270000 handle=1)
01-20 10:47:14.421 V/locapi_rpc_glue( 1575): +loc_api_callback_process_sync_call
01-20 10:47:14.421 V/locapi_rpc_glue( 1575): -loc_api_callback_process_sync_call, no sync call in use
01-20 10:47:14.421 D/RPC     ( 1575): written RPC packet size: [28]
01-20 10:47:14.691 I/System.out( 2735): Values: 0.0 0.0
01-20 10:47:14.971 I/rmt_storage( 1452): rmt_storage write: bytes written = 3145216
01-20 10:47:14.971 I/rmt_storage( 1452): rmt_storage lseek...
01-20 10:47:14.971 I/rmt_storage( 1452): rmt_storage lseek ret = 6143
01-20 10:47:14.971 I/rmt_storage( 1452): rmt_storage write buf = 0x40310e00, num_sector = 1
01-20 10:47:14.981 I/rmt_storage( 1452): rmt_storage write: bytes written = 512
01-20 10:47:14.981 I/rmt_storage( 1452): rmt_storage status handle = 1
01-20 10:47:15.021 D/RPC     ( 1575): read RPC packet
01-20 10:47:15.021 D/RPC     ( 1575): read RPC packet size: [208]
01-20 10:47:15.031 V/locapi_rpc_glue( 1575): Callback received: 1 (cb_id=0x6270000 handle=1)
01-20 10:47:15.031 V/locapi_rpc_glue( 1575): +loc_api_callback_process_sync_call
01-20 10:47:15.031 V/locapi_rpc_glue( 1575): -loc_api_callback_process_sync_call, no sync call in use
01-20 10:47:15.031 D/lib_locapi( 1575): loc_eng_report_position: valid mask = 0x606d, sess status = 1
01-20 10:47:15.031 D/RPC     ( 1575): written RPC packet size: [28]
01-20 10:47:15.312 D/RPC     ( 1575): read RPC packet
01-20 10:47:15.322 D/RPC     ( 1575): read RPC packet size: [272]
01-20 10:47:15.322 V/locapi_rpc_glue( 1575): Callback received: 4 (cb_id=0x6270000 handle=1)
01-20 10:47:15.322 V/locapi_rpc_glue( 1575): +loc_api_callback_process_sync_call
01-20 10:47:15.322 V/locapi_rpc_glue( 1575): -loc_api_callback_process_sync_call, no sync call in use
01-20 10:47:15.322 D/RPC     ( 1575): written RPC packet size: [28]
01-20 10:47:15.322 D/RPC     ( 1575): read RPC packet
01-20 10:47:15.332 D/RPC     ( 1575): read RPC packet size: [272]
01-20 10:47:15.332 V/locapi_rpc_glue( 1575): Callback received: 4 (cb_id=0x6270000 handle=1)
01-20 10:47:15.332 V/locapi_rpc_glue( 1575): +loc_api_callback_process_sync_call
01-20 10:47:15.332 V/locapi_rpc_glue( 1575): -loc_api_callback_process_sync_call, no sync call in use
01-20 10:47:15.332 D/RPC     ( 1575): written RPC packet size: [28]
01-20 10:47:15.342 D/RPC     ( 1575): read RPC packet
01-20 10:47:15.342 D/RPC     ( 1575): read RPC packet size: [272]
01-20 10:47:15.342 V/locapi_rpc_glue( 1575): Callback received: 4 (cb_id=0x6270000 handle=1)
01-20 10:47:15.342 V/locapi_rpc_glue( 1575): +loc_api_callback_process_sync_call
01-20 10:47:15.342 V/locapi_rpc_glue( 1575): -loc_api_callback_process_sync_call, no sync call in use
01-20 10:47:15.342 D/RPC     ( 1575): written RPC packet size: [28]
01-20 10:47:15.352 D/RPC     ( 1575): read RPC packet
01-20 10:47:15.352 D/RPC     ( 1575): read RPC packet size: [272]
01-20 10:47:15.352 V/locapi_rpc_glue( 1575): Callback received: 4 (cb_id=0x6270000 handle=1)
01-20 10:47:15.352 V/locapi_rpc_glue( 1575): +loc_api_callback_process_sync_call
01-20 10:47:15.352 V/locapi_rpc_glue( 1575): -loc_api_callback_process_sync_call, no sync call in use
01-20 10:47:15.352 D/RPC     ( 1575): written RPC packet size: [28]
01-20 10:47:15.362 D/RPC     ( 1575): read RPC packet
01-20 10:47:15.362 D/RPC     ( 1575): read RPC packet size: [96]
01-20 10:47:15.362 V/locapi_rpc_glue( 1575): Callback received: 2 (cb_id=0x6270000 handle=1)
01-20 10:47:15.362 V/locapi_rpc_glue( 1575): +loc_api_callback_process_sync_call
01-20 10:47:15.362 V/locapi_rpc_glue( 1575): -loc_api_callback_process_sync_call, no sync call in use
01-20 10:47:15.362 D/lib_locapi( 1575): loc_eng_report_sv: valid_mask = 0x30, num of sv = 0
01-20 10:47:15.362 D/GpsLocationProvider( 1575): reportSvStatus
01-20 10:47:15.372 V/GpsLocationProvider( 1575): SV count: 0 ephemerisMask: 0 almanacMask: 0
01-20 10:47:15.372 D/RPC     ( 1575): written RPC packet size: [28]
01-20 10:47:15.372 D/RPC     ( 1575): read RPC packet
01-20 10:47:15.372 D/RPC     ( 1575): read RPC packet size: [272]
01-20 10:47:15.372 V/locapi_rpc_glue( 1575): Callback received: 4 (cb_id=0x6270000 handle=1)
01-20 10:47:15.372 V/locapi_rpc_glue( 1575): +loc_api_callback_process_sync_call
01-20 10:47:15.372 V/locapi_rpc_glue( 1575): -loc_api_callback_process_sync_call, no sync call in use
01-20 10:47:15.382 D/RPC     ( 1575): written RPC packet size: [28]
01-20 10:47:15.382 D/RPC     ( 1575): read RPC packet
01-20 10:47:15.382 D/RPC     ( 1575): read RPC packet size: [272]
01-20 10:47:15.382 V/locapi_rpc_glue( 1575): Callback received: 4 (cb_id=0x6270000 handle=1)
01-20 10:47:15.382 V/locapi_rpc_glue( 1575): +loc_api_callback_process_sync_call
01-20 10:47:15.382 V/locapi_rpc_glue( 1575): -loc_api_callback_process_sync_call, no sync call in use
01-20 10:47:15.382 D/RPC     ( 1575): written RPC packet size: [28]
01-20 10:47:15.382 D/RPC     ( 1575): read RPC packet
01-20 10:47:15.382 D/RPC     ( 1575): read RPC packet size: [272]
01-20 10:47:15.382 V/locapi_rpc_glue( 1575): Callback received: 4 (cb_id=0x6270000 handle=1)
01-20 10:47:15.382 V/locapi_rpc_glue( 1575): +loc_api_callback_process_sync_call
01-20 10:47:15.382 V/locapi_rpc_glue( 1575): -loc_api_callback_process_sync_call, no sync call in use
01-20 10:47:15.392 D/RPC     ( 1575): written RPC packet size: [28]
01-20 10:47:15.392 D/RPC     ( 1575): read RPC packet
01-20 10:47:15.392 D/RPC     ( 1575): read RPC packet size: [272]
01-20 10:47:15.392 V/locapi_rpc_glue( 1575): Callback received: 4 (cb_id=0x6270000 handle=1)
01-20 10:47:15.392 V/locapi_rpc_glue( 1575): +loc_api_callback_process_sync_call
01-20 10:47:15.392 V/locapi_rpc_glue( 1575): -loc_api_callback_process_sync_call, no sync call in use
01-20 10:47:15.392 D/RPC     ( 1575): written RPC packet size: [28]
01-20 10:47:15.682 I/System.out( 2735): Values: 0.0 0.0
01-20 10:47:16.012 D/RPC     ( 1575): read RPC packet
01-20 10:47:16.022 D/RPC     ( 1575): read RPC packet size: [208]
01-20 10:47:16.022 V/locapi_rpc_glue( 1575): Callback received: 1 (cb_id=0x6270000 handle=1)
01-20 10:47:16.022 V/locapi_rpc_glue( 1575): +loc_api_callback_process_sync_call
01-20 10:47:16.022 V/locapi_rpc_glue( 1575): -loc_api_callback_process_sync_call, no sync call in use
01-20 10:47:16.022 D/lib_locapi( 1575): loc_eng_report_position: valid mask = 0x606d, sess status = 1
01-20 10:47:16.022 D/RPC     ( 1575): written RPC packet size: [28]
01-20 10:47:16.303 D/RPC     ( 1575): read RPC packet
01-20 10:47:16.313 D/RPC     ( 1575): read RPC packet size: [272]
01-20 10:47:16.313 V/locapi_rpc_glue( 1575): Callback received: 4 (cb_id=0x6270000 handle=1)
01-20 10:47:16.313 V/locapi_rpc_glue( 1575): +loc_api_callback_process_sync_call
01-20 10:47:16.313 V/locapi_rpc_glue( 1575): -loc_api_callback_process_sync_call, no sync call in use
01-20 10:47:16.313 D/RPC     ( 1575): written RPC packet size: [28]
01-20 10:47:16.313 D/RPC     ( 1575): read RPC packet
01-20 10:47:16.323 D/RPC     ( 1575): read RPC packet size: [272]
01-20 10:47:16.323 V/locapi_rpc_glue( 1575): Callback received: 4 (cb_id=0x6270000 handle=1)
01-20 10:47:16.323 V/locapi_rpc_glue( 1575): +loc_api_callback_process_sync_call
01-20 10:47:16.323 V/locapi_rpc_glue( 1575): -loc_api_callback_process_sync_call, no sync call in use
01-20 10:47:16.323 D/RPC     ( 1575): written RPC packet size: [28]
01-20 10:47:16.333 D/RPC     ( 1575): read RPC packet
01-20 10:47:16.333 D/RPC     ( 1575): read RPC packet size: [272]
