01-08 13:17:01.323 D/BatteryService( 1576): Current powersaver status == NORMAL_STATUS1 4 2 false
01-08 13:17:01.323 D/lights  ( 1576): [LedInfo] write attr ok name=/sys/class/leds/green/brightness string=0,len=1
01-08 13:17:01.333 D/lights  ( 1576): [LedInfo] write attr ok name=/sys/class/leds/green/blink string=0,len=1
01-08 13:17:01.333 D/lights  ( 1576): [LedInfo] write attr ok name=/sys/class/leds/green/off_timer string=0 0,len=3
01-08 13:17:01.353 D/PowerUI ( 1641): plugged = false, health = 2, mBatteryLevel = 99, mPluggedBatteryLevel = 100, mLowBatteryWarningLevel2 = 25, mshowLowChargingWarning2 = true
01-08 13:17:01.383 D/FDUI    ( 2739): [ HTCSyncBroadcastReceiver: 17 ] - onReceive > get broadcast.
01-08 13:17:01.383 D/FDUI    ( 2739): [ HTCUICommon: 106 ] - initialize > init preference.
01-08 13:17:01.383 D/FDUI    ( 2739): [ HTCUICommon: 113 ] - initialize > initialize
01-08 13:17:01.393 D/FDUI    ( 2739): [ HTCSyncBroadcastReceiver: 22 ] - onReceive > app ver = 1.9
01-08 13:17:01.393 D/FDUI    ( 2739): [ HTCSyncBroadcastReceiver: 23 ] - onReceive > action = android.intent.action.ACTION_POWER_DISCONNECTED
01-08 13:17:01.393 I/ActivityManager( 1576): No longer want com.htc.cs:remote (pid 1879): hidden #16
01-08 13:17:01.393 W/ActivityManager( 1576): Scheduling restart of crashed service com.htc.cs/.service.DashboardService in 5000ms
01-08 13:17:01.553 I/System.out( 2631): Values: 160.0
01-08 13:17:01.553 I/System.out( 2631): Battery level start is reached
01-08 13:17:02.233 D/UsbService( 1576): [USBNET] handleMessage: 0; mConnected=0(1),mConfiguration=0(1)
01-08 13:17:02.254 D/NetdConnector( 1576): listenToSocket read--: (128,0)
01-08 13:17:02.254 D/NetdConnector( 1576): RCV <- {110 lo}
01-08 13:17:02.254 D/NetdConnector( 1576): doCommand++ (Wait Response)
01-08 13:17:02.254 D/NetdConnector( 1576): RSP <- {110 lo}
01-08 13:17:02.254 D/NetdConnector( 1576): RCV <- {110 dummy0}
01-08 13:17:02.264 D/NetdConnector( 1576): miNoRespCnt=0
01-08 13:17:02.274 D/lights  ( 1576): [LedInfo] write attr ok name=/sys/class/leds/amber/brightness string=0,len=1
01-08 13:17:02.274 D/lights  ( 1576): [LedInfo] write attr ok name=/sys/class/leds/amber/blink string=0,len=1
01-08 13:17:02.274 V/NotificationService( 1576): dual Led off
01-08 13:17:02.284 D/lights  ( 1576): [LedInfo] write attr ok name=/sys/class/leds/amber/off_timer string=0 0,len=3
01-08 13:17:02.284 D/lights  ( 1576): [LedInfo] write attr ok name=/sys/class/leds/green/brightness string=0,len=1
01-08 13:17:02.284 D/NetdConnector( 1576): RSP <- {110 dummy0}
01-08 13:17:02.284 D/NetdConnector( 1576): miNoRespCnt=0
01-08 13:17:02.284 D/NetdConnector( 1576): RCV <- {110 ifb0}
01-08 13:17:02.294 D/lights  ( 1576): [LedInfo] write attr ok name=/sys/class/leds/green/blink string=0,len=1
01-08 13:17:02.294 D/lights  ( 1576): [LedInfo] write attr ok name=/sys/class/leds/green/off_timer string=0 0,len=3
01-08 13:17:02.294 D/NetdConnector( 1576): RSP <- {110 ifb0}
01-08 13:17:02.294 D/NetdConnector( 1576): miNoRespCnt=0
01-08 13:17:02.294 D/NetdConnector( 1576): RCV <- {110 ifb1}
01-08 13:17:02.294 D/NetdConnector( 1576): RSP <- {110 ifb1}
01-08 13:17:02.294 D/NetdConnector( 1576): miNoRespCnt=0
01-08 13:17:02.304 D/NetdConnector( 1576): RCV <- {110 rmnet0}
01-08 13:17:02.304 I/ActivityManager( 1576): Start proc android.process.media for broadcast com.android.providers.media/.UsbReceiver: pid=2747 uid=10044 gids={1015, 1023, 1024, 2001, 3003}
01-08 13:17:02.304 D/NotificationService( 1576): cancelNotification, ACTION_NOTIFICATION_REMOVE,pkg=android,id=17040338
01-08 13:17:02.304 D/NetdConnector( 1576): RSP <- {110 rmnet0}
01-08 13:17:02.304 D/NetdConnector( 1576): miNoRespCnt=0
01-08 13:17:02.304 D/NetdConnector( 1576): RCV <- {110 rmnet1}
01-08 13:17:02.304 D/NetdConnector( 1576): RSP <- {110 rmnet1}
01-08 13:17:02.304 D/NetdConnector( 1576): miNoRespCnt=0
01-08 13:17:02.324 D/NetdConnector( 1576): RCV <- {110 rmnet2}
01-08 13:17:02.324 D/NetdConnector( 1576): RSP <- {110 rmnet2}
01-08 13:17:02.324 D/NetdConnector( 1576): miNoRespCnt=0
01-08 13:17:02.324 D/NetdConnector( 1576): RCV <- {110 usb0}
01-08 13:17:02.324 D/NetdConnector( 1576): RSP <- {110 usb0}
01-08 13:17:02.324 D/NetdConnector( 1576): miNoRespCnt=0
01-08 13:17:02.324 D/NetdConnector( 1576): RCV <- {110 sit0}
01-08 13:17:02.324 D/NetdConnector( 1576): RSP <- {110 sit0}
01-08 13:17:02.324 D/NetdConnector( 1576): miNoRespCnt=0
01-08 13:17:02.324 D/NetdConnector( 1576): RCV <- {110 ip6tnl0}
01-08 13:17:02.324 D/NetdConnector( 1576): RSP <- {110 ip6tnl0}
01-08 13:17:02.324 D/NetdConnector( 1576): miNoRespCnt=0
01-08 13:17:02.324 D/NetdConnector( 1576): RCV <- {200 Interface list completed}
01-08 13:17:02.324 D/NetdConnector( 1576): RSP <- {200 Interface list completed}
01-08 13:17:02.324 D/NetdConnector( 1576): miNoRespCnt=0
01-08 13:17:02.324 D/NetdConnector( 1576): doCommand-- (complete)
01-08 13:17:02.324 D/Tethering( 1576): InitialState.processMessage what=4
01-08 13:17:02.324 D/NetdConnector( 1576): List terminated with {200 Interface list completed}
01-08 13:17:02.334 D/WifiStateMachine( 1576): wifi hotspotSSID=HTC Portable Hotspot, hiddenSSID=false, secureType=wpa2-psk, enableMacFilter=0, maxConns=5, channel=0
01-08 13:17:02.334 D/WifiStateMachine( 1576): wifi hotspotdhcpEnable=1, maxDhcpClients=5, ipAddress=192.168.1.1, dhcpSubnetMask=255.255.255.0, startingIP=192.168.1.10, dhsIPAddr1=null, dnsIPAddr2=null, sleepPolicy=1
01-08 13:17:02.334 D/Tethering( 1576): sendTetherStateChangedBroadcast 0, 0, 0
01-08 13:17:02.334 D/NetdConnector( 1576): listenToSocket read++
01-08 13:17:02.334 D/WifiStateMachine( 1576): getWifiApConfiguration:mconfig.SSID=HTC Portable Hotspot
01-08 13:17:02.374 D/dalvikvm( 1439): GC_EXPLICIT freed 11K, 5% free 6453K/6787K, paused 4ms+21ms
01-08 13:17:02.374 I/ActivityThread( 2747): Pub downloads: com.android.providers.downloads.DownloadProvider
01-08 13:17:02.394 I/ActivityThread( 2747): Pub drm: com.android.providers.drm.DrmProvider
01-08 13:17:02.404 D/SqliteDatabaseCpp( 2747): dbopen(): path = /data/data/com.android.providers.downloads/databases , key = dksjlkYdw, flag = 6, file size = 9216
01-08 13:17:02.404 D/SqliteDatabaseCpp( 2747): dbopen(): path = /data/data/com.android.providers.downloads/databases , key = dksjlkYdw, mode: delete, disk free size: 7857 M, handle: 0x1b28e0
01-08 13:17:02.414 I/ActivityThread( 2747): Pub media: com.android.providers.media.MediaProvider
01-08 13:17:02.424 D/dalvikvm( 1439): GC_EXPLICIT freed <1K, 5% free 6453K/6787K, paused 1ms+5ms
01-08 13:17:02.464 D/dalvikvm( 2747): GC_FOR_ALLOC freed 86K, 4% free 6539K/6787K, paused 26ms
01-08 13:17:02.464 D/dalvikvm( 1439): GC_EXPLICIT freed <1K, 5% free 6453K/6787K, paused 1ms+1ms
01-08 13:17:02.464 I/dalvikvm-heap( 2747): Grow heap (frag case) to 6.972MB for 524304-byte allocation
01-08 13:17:02.484 D/dalvikvm( 2747): GC_FOR_ALLOC freed 0K, 5% free 7052K/7367K, paused 12ms
01-08 13:17:02.494 D/MediaProvider( 2747): [MediaProvider][onCreate]+true
01-08 13:17:02.514 D/MediaProvider( 2747): [MediaProvider][onCreate]+state=mounted
01-08 13:17:02.514 D/SqliteDatabaseCpp( 2747): dbopen(): path = /data/data/com.android.providers.media/databases , key = eptevjYl, flag = 6, file size = 59392
01-08 13:17:02.524 D/SqliteDatabaseCpp( 2747): dbopen(): path = /data/data/com.android.providers.media/databases , key = eptevjYl, mode: wal, disk free size: 7857 M, handle: 0x1c7a40
01-08 13:17:02.534 D/dalvikvm( 2747): GC_CONCURRENT freed 16K, 5% free 7274K/7623K, paused 1ms+2ms
01-08 13:17:02.544 I/System.out( 2631): Values: 160.0
01-08 13:17:02.764 D/MediaProvider( 2747): [MediaProvider][onCreate]-
01-08 13:17:02.764 D/UsbReceiver( 2747): [MTP][UsbReceiver][onReceive]+
01-08 13:17:02.764 D/UsbConnectedReceiver( 1759): action = android.hardware.usb.action.USB_STATE
01-08 13:17:02.774 D/PSCommon( 1759): Content in /sys/devices/platform/msm_hsusb/usb_cable_connect = 0
01-08 13:17:02.784 D/UsbConnectedReceiver( 1759): USB Disconnected.
01-08 13:17:02.794 I/ActivityManager( 1576): Start proc com.android.settings for broadcast com.android.settings/.NSReceiver: pid=2760 uid=1000 gids={1015, 3002, 3001, 3003, 2001, 1007}
01-08 13:17:02.814 D/UsbConnectedReceiver( 1759): Catch USB Disconnect Event, USB cable does really not exist.
01-08 13:17:02.824 D/lights  ( 1576): [LedInfo] write attr ok name=/sys/class/leds/amber/brightness string=0,len=1
01-08 13:17:02.824 V/NotificationService( 1576): dual Led off
01-08 13:17:02.834 D/lights  ( 1576): [LedInfo] write attr ok name=/sys/class/leds/amber/blink string=0,len=1
01-08 13:17:02.834 D/lights  ( 1576): [LedInfo] write attr ok name=/sys/class/leds/amber/off_timer string=0 0,len=3
01-08 13:17:02.834 D/lights  ( 1576): [LedInfo] write attr ok name=/sys/class/leds/green/brightness string=0,len=1
01-08 13:17:02.834 D/lights  ( 1576): [LedInfo] write attr ok name=/sys/class/leds/green/blink string=0,len=1
01-08 13:17:02.844 D/lights  ( 1576): [LedInfo] write attr ok name=/sys/class/leds/green/off_timer string=0 0,len=3
01-08 13:17:02.844 D/NotificationService( 1576): cancelNotification, ACTION_NOTIFICATION_REMOVE,pkg=com.htc.android.psclient,id=2130837519
01-08 13:17:02.894 I/ActivityManager( 1576): No longer want com.htc.notes (pid 2540): hidden #16
01-08 13:17:02.924 I/ActivityThread( 2760): Pub com.android.settings.provider.cdmasettings: com.android.settings.HtcCdmaSettingsProvider
01-08 13:17:02.924 D/HtcCdmaSettingsProvider( 2760): onCreate !
01-08 13:17:02.924 I/NetSharing_NSReceiver( 2760): customizedNS:true
01-08 13:17:02.924 D/NetSharing_NSReceiver( 2760): onReceive : android.net.conn.TETHER_STATE_CHANGED
01-08 13:17:02.934 D/NetSharing_NSReceiver( 2760): Tethered state change:false
01-08 13:17:02.984 D/dalvikvm( 2760): GC_CONCURRENT freed 117K, 3% free 6842K/7047K, paused 2ms+1ms
01-08 13:17:02.994 I/NetSharing_NSReceiver( 2760): customizedNS:true
01-08 13:17:02.994 D/NetSharing_NSReceiver( 2760): onReceive : com.htc.usb.change
01-08 13:17:02.994 D/NetSharing_NSReceiver( 2760): USB = false hasTethered = false
01-08 13:17:03.004 D/PSReceiver( 2760): onReceive : com.htc.usb.change
01-08 13:17:03.004 D/HtcHardwareService( 1576): [USBNET] MiscControl_IPT: 0
01-08 13:17:03.004 D/NetworkManagmentService( 1576): [USBNET] stopIptDhcp
01-08 13:17:03.004 D/NetdConnector( 1576): listenToSocket read--: (31,0)
01-08 13:17:03.004 D/NetdConnector( 1576): doCommand++ (Wait Response)
01-08 13:17:03.004 D/NetdConnector( 1576): RCV <- {200 Tether operation succeeded}
01-08 13:17:03.014 D/HtcHardwareService( 1576): [USBNET] MiscControl+: 1,usb_none
01-08 13:17:03.014 D/CommandListener( 1436): UsbCmd::runCommand@842: iptmode,3
01-08 13:17:03.014 D/UsbController( 1436): [USBNET] StartIptMode@211: 0
01-08 13:17:03.014 I/logwrapper( 2768): CMD:/system/bin/netsharing
01-08 13:17:03.014 D/NetSharing( 2768): [USBNET] main+: 3, /system/bin/netsharing net_pass off
01-08 13:17:03.014 D/NetSharing( 2768): UsbAttrFile=/sys/devices/platform/msm_hsusb/usb_function_switch
01-08 13:17:03.014 D/NetSharing( 2768): [USBNET] iCheckUsbFunc@133: 0x0
01-08 13:17:03.014 D/NetSharing( 2768): [USBNET] main@1024: uUsbSts=0x0
01-08 13:17:03.014 D/NetSharing( 2768): [USBNET] main-
01-08 13:17:03.014 D/FDUI    ( 2739): [ HTCSyncBroadcastReceiver: 17 ] - onReceive > get broadcast.
01-08 13:17:03.014 D/FDUI    ( 2739): [ HTCSyncBroadcastReceiver: 22 ] - onReceive > app ver = 1.9
01-08 13:17:03.014 D/NetdConnector( 1576): RSP <- {200 Tether operation succeeded}
01-08 13:17:03.014 D/NetdConnector( 1576): listenToSocket read++
01-08 13:17:03.014 D/NetdConnector( 1576): miNoRespCnt=0
01-08 13:17:03.014 D/NetdConnector( 1576): doCommand-- (complete)
01-08 13:17:03.014 D/NetworkManagmentService( 1576): [USBNET] startIptMode
01-08 13:17:03.014 D/NetdConnector( 1576): doCommand++ (Wait Response)
01-08 13:17:03.024 D/FDUI    ( 2739): [ HTCSyncBroadcastReceiver: 23 ] - onReceive > action = action.stopPCTool
01-08 13:17:03.024 D/FDUI    ( 2739): [ HTCSyncBroadcastReceiver: 53 ] - onReceive > syncthread not alive
01-08 13:17:03.024 D/FDUI    ( 2739): [ HTCUICommon: 151 ] - stopStatusThread > stop service
01-08 13:17:03.024 D/FDUI    ( 2739): [ HTCUICommon: 502 ] - revertADBState > saved adb value = -1
01-08 13:17:03.034 D/FDUI    ( 2739): [ HTCUICommon: 547 ] - updateADBFlag > update adb flag.
01-08 13:17:03.044 I/ActivityManager( 1576): No longer want com.htc.bg (pid 2528): hidden #16
01-08 13:17:03.064 W/ContactAggregator( 1666): No more aggregation requests
01-08 13:17:03.084 D/dalvikvm( 2760): GC_CONCURRENT freed 448K, 9% free 6833K/7431K, paused 2ms+1ms
01-08 13:17:03.224 D/NetdConnector( 1576): listenToSocket read--: (28,0)
01-08 13:17:03.224 D/NetdConnector( 1576): RCV <- {200 Usb operation succeeded}
01-08 13:17:03.224 D/NetdConnector( 1576): RSP <- {200 Usb operation succeeded}
01-08 13:17:03.224 D/NetdConnector( 1576): miNoRespCnt=0
01-08 13:17:03.224 D/NetdConnector( 1576): doCommand-- (complete)
01-08 13:17:03.224 D/CommandListener( 1436): UsbCmd::runCommand@842: funcswitch,3
01-08 13:17:03.224 D/UsbController( 1436): [USBNET] iCheckUsbFunc@133: 0x0
01-08 13:17:03.224 D/UsbController( 1436): [USBNET] iSwitchUsbFunc@312: 0,0x0,0
01-08 13:17:03.224 D/UsbController( 1436): [USBNET] iSwitchUsbFunc-: -1
01-08 13:17:03.224 D/UsbnetService( 1576): BroadcastReceiver::onReceive+
01-08 13:17:03.224 D/UsbnetService( 1576): NETWORK_STATE_CHANGED_NOTIFY: 0
01-08 13:17:03.224 I/UsbnetStateTracker( 1576): NetStateNotification +: 0
01-08 13:17:03.224 I/UsbnetStateTracker( 1576): notifyStateChange
01-08 13:17:03.224 I/UsbnetStateTracker( 1576): NetStateNotification -
01-08 13:17:03.224 D/UsbnetService( 1576): BroadcastReceiver::onReceive-
01-08 13:17:03.224 D/DataConnectionTracker( 1660): enableApnType(default), isApnTypeActive=false, isApnIdEnabled=true and state= IDLE
01-08 13:17:03.224 D/NetworkManagmentService( 1576): [USBNET] SwitchUsbFunc
01-08 13:17:03.224 D/NetdConnector( 1576): doCommand++ (Wait Response)
01-08 13:17:03.224 D/NetdConnector( 1576): listenToSocket read++
01-08 13:17:03.224 D/NetdConnector( 1576): listenToSocket read--: (28,0)
01-08 13:17:03.224 D/NetdConnector( 1576): RCV <- {200 Usb operation succeeded}
01-08 13:17:03.224 D/NetdConnector( 1576): RSP <- {200 Usb operation succeeded}
01-08 13:17:03.224 D/NetdConnector( 1576): miNoRespCnt=0
01-08 13:17:03.224 D/NetdConnector( 1576): doCommand-- (complete)
01-08 13:17:03.224 D/NetdConnector( 1576): listenToSocket read++
01-08 13:17:03.224 D/ConnectivityService( 1576): [embedded] ConnectivityChange for USBNET: DISCONNECTED/DISCONNECTED, default=-1
01-08 13:17:03.224 D/ConnectivityService( 1576): getMobileDataEnabled returning false
01-08 13:17:03.224 D/WifiService( 1576): WirelessSleep- get variables from db: enabled = true, start= 82800000, end= 21600000
01-08 13:17:03.224 D/WifiService( 1576): WirelessSleep- start->end = 25200000, end->start= 61200000
01-08 13:17:03.224 I/WifiService( 1576): DockWifi - mAutoEnableWifiApInDockMode =false mAutoEnableWifiInDockMode=false
01-08 13:17:03.224 D/HtcHardwareService( 1576): [USBNET] MiscControl-: 1,usb_none
01-08 13:17:03.244 D/Tethering( 1576): Tethering got CONNECTIVITY_ACTION type: USBNET, subtype: , status: DISCONNECTED
01-08 13:17:03.244 D/LocationManagerService( 1576): CONNECTIVITY_ACTION: synchronized+
01-08 13:17:03.244 D/LocationManagerService( 1576): updateNetworkState unavailable info: NetworkInfo: type: USBNET[], state: DISCONNECTED/DISCONNECTED, reason: (unspecified), extra: 0, roaming: false, failover: false, isAvailable: false, isIpv4Connected: false, isIpv6Connected: false
01-08 13:17:03.244 D/Tethering( 1576): icon Type=15, subtype=0
01-08 13:17:03.244 D/StatusBar.NetworkController( 1641): mSignalStrength.isGsm() == true
01-08 13:17:03.254 D/LocationManagerService( 1576): CONNECTIVITY_ACTION: synchronized+ provider size: 3
01-08 13:17:03.254 D/Tethering( 1576): MasterInitialState.processMessage what=3
01-08 13:17:03.254 D/GTalkService( 1703): lost connectivity, notify
01-08 13:17:03.265 D/GpsLocationProvider( 1576): + synchronized updateNetworkState  info: NetworkInfo: type: USBNET[], state: DISCONNECTED/DISCONNECTED, reason: (unspecified), extra: 0, roaming: false, failover: false, isAvailable: false, isIpv4Connected: false, isIpv6Connected: false
01-08 13:17:03.265 D/GpsLocationProvider( 1576): [shen] debug
01-08 13:17:03.265 D/LocationManagerService( 1576): CONNECTIVITY_ACTION: synchronized-
01-08 13:17:03.265 D/GTalkService( 1703): [ReonnectMgr] ### report Inet condition: status=false, networkType=15
01-08 13:17:03.275 I/ActivityManager( 1576): Start proc com.htc.notes for broadcast com.htc.notes/.collection.NotesReceiver: pid=2770 uid=9996 gids={3003, 1015, 1006, 2001}
01-08 13:17:03.275 D/ConnectivityService( 1576): reportNetworkCondition(15, 0)
01-08 13:17:03.275 D/ConnectivityService( 1576): Inet connectivity change, net=15, condition=0,mActiveDefaultNetwork=-1
01-08 13:17:03.275 D/ConnectivityService( 1576): no active default network - aborting
01-08 13:17:03.285 D/GpsLocationProvider( 1576): [handleMessage] message :4
01-08 13:17:03.285 D/GpsLocationProvider( 1576): [handleMessage] UPDATE_NETWORK_STATE
01-08 13:17:03.305 D/GpsLocationProvider( 1576): updateNetworkState unavailable info: NetworkInfo: type: USBNET[], state: DISCONNECTED/DISCONNECTED, reason: (unspecified), extra: 0, roaming: false, failover: false, isAvailable: false, isIpv4Connected: false, isIpv6Connected: false
01-08 13:17:03.325 D/PSReceiver( 2760): USB Unplugged, Set PSEnabled= false
01-08 13:17:03.355 I/ActivityManager( 1576): Start proc com.sdgtl.watch.flyer for broadcast com.sdgtl.watch.flyer/com.sdgtl.watch.service.ModeChangeReceiver: pid=2777 uid=10016 gids={3003, 1015}
01-08 13:17:03.385 I/ActivityManager( 1576): No longer want com.android.defcontainer (pid 2565): hidden #16
01-08 13:17:03.425 I/ActivityThread( 2777): Pub com.sdgtl.watchapp.widget: com.sdgtl.watch.widget.WatchAppContentProvider
01-08 13:17:03.425 I/ActivityThread( 2777): Pub searchformovies: com.sdgtl.watch.search.CatalogSearchProvider
01-08 13:17:03.425 I/ActivityThread( 2777): Pub com.sdgtl.watch.WatchAppCarouselProvider: com.sdgtl.watch.WatchAppCarouselProvider
01-08 13:17:03.475 D/dalvikvm( 2777): GC_CONCURRENT freed 327K, 6% free 6631K/7047K, paused 1ms+1ms
01-08 13:17:03.505 I/ActivityManager( 1576): Start proc com.htc.bg for broadcast com.htc.providers.uploads/.UploadReceiver: pid=2785 uid=10013 gids={2001, 3003, 1006, 1015}
01-08 13:17:03.525 I/ActivityManager( 1576): No longer want com.android.smith (pid 2574): hidden #16
01-08 13:17:03.535 I/ActivityThread( 2785): Pub com.htc.socialnetwork.flickr.provider.StreamProvider: com.htc.socialnetwork.flickr.provider.FlickrStreamProvider
01-08 13:17:03.545 I/System.out( 2631): Values: 160.0
01-08 13:17:03.555 I/ActivityThread( 2785): Pub com.htc.accounts: com.htc.CustomizationSetup.AccountsProvider
01-08 13:17:03.555 I/ActivityThread( 2785): Pub com.htc.htctwitter.Users: com.htc.htctwitter.FriendProvider
01-08 13:17:03.575 I/ActivityThread( 2785): Pub com.htc.opensense.snprovider: com.htc.opensense.snprovider.SocialNetworkProvider
01-08 13:17:03.575 D/SocialNetworkProvider( 2785): onCreate
01-08 13:17:03.575 I/ActivityThread( 2785): Pub com.htc.socialnetwork.flickr.provider.CacheImageProvider: com.htc.socialnetwork.flickr.provider.FlickrCacheImageProvider
01-08 13:17:03.575 I/ActivityThread( 2785): Pub com.htc.friendstream.provider.FriendStreamProvider: com.htc.friendstream.provider.FriendStreamProvider
01-08 13:17:03.585 I/ActivityThread( 2785): Pub com.htc.chirp.provider.Tweet;com.htc.htctwitter: com.htc.htctwitter.TwitterProvider
01-08 13:17:03.595 I/ActivityThread( 2785): Pub com.htc.provider.settings: com.htc.provider.settings.NotificationFlashLightProvider
01-08 13:17:03.595 I/ActivityThread( 2785): Pub com.htc.settings.accountsync.SYNC: com.htc.opensense.syncprovider.SyncProvider
01-08 13:17:03.595 D/SyncProvider( 2785): onCreate
01-08 13:17:03.595 I/ActivityThread( 2785): Pub com.htc.providers.uploads: com.htc.providers.uploads.UploadProvider
01-08 13:17:03.595 D/UploadProvider( 2785): UploadProvider is running
01-08 13:17:03.595 I/ActivityThread( 2785): Pub com.htc.cachemanager: com.htc.opensense.cachemanager.CacheProvider
01-08 13:17:03.605 I/ActivityThread( 2785): Pub com.htc.socialnetwork.facebook.provider.CacheImageProvider: com.htc.socialnetwork.facebook.provider.FacebookCacheImageProvider
01-08 13:17:03.615 I/ActivityThread( 2785): Pub com.htc.htctwitter.provider.CacheImageProvider: com.htc.htctwitter.provider.TwitterCacheImageProvider
01-08 13:17:03.615 I/ActivityThread( 2785): Pub com.htc.socialnetwork.facebook: com.htc.socialnetwork.facebook.FacebookDB
01-08 13:17:03.615 D/UploadReceiver( 2785): Action android.net.conn.CONNECTIVITY_CHANGE
01-08 13:17:03.625 V/UploadReceiver( 2785): Receiver onConnectivity
01-08 13:17:03.625 I/ActivityManager( 1576): Start proc com.htc.reportagent for broadcast com.htc.reportagent/.receiver.ReportAgentReceiver: pid=2795 uid=10038 gids={3003, 1007}
01-08 13:17:03.635 I/ActivityManager( 1576): No longer want com.htc.launcher.widgetscanner (pid 2581): hidden #16
01-08 13:17:03.655 I/MyReportAgent( 2795): ReportAgentReceiver [onReceive] android.net.conn.CONNECTIVITY_CHANGE
01-08 13:17:03.655 V/MyReportAgent( 2795): ReportAgentReceiver Recv Intent: Intent { act=android.net.conn.CONNECTIVITY_CHANGE flg=0x10000010 cmp=com.htc.reportagent/.receiver.ReportAgentReceiver (has extras) }
01-08 13:17:03.655 D/MyReportAgent( 2795): android.net.conn.CONNECTIVITY_CHANGE
01-08 13:17:03.655 D/MyReportAgent( 2795): ReportService [##] onCreate(), this = com.htc.reportagent.ReportService@40680c18
01-08 13:17:03.655 I/ActivityManager( 1576): Start proc com.htc.cs:remote for broadcast com.htc.cs/.receiver.PoweronReceiver: pid=2803 uid=10041 gids={3003, 1015}
01-08 13:17:03.665 D/MyReportAgent( 2795): ReportService [##] onStartCommand(), flags = 2, startId = 1, intent = Intent { act=android.net.conn.CONNECTIVITY_CHANGE flg=0x10000010 cmp=com.htc.reportagent/.ReportService (has extras) }, this = com.htc.reportagent.ReportService@40680c18
01-08 13:17:03.685 D/MyHTC   ( 2803): PoweronReceiver.onReceive(): intent=android.net.conn.CONNECTIVITY_CHANGE
01-08 13:17:03.695 I/ActivityManager( 1576): Start proc com.google.android.apps.uploader for broadcast com.google.android.apps.uploader/.ConnectivityBroadcastReceiver: pid=2811 uid=10043 gids={3003}
01-08 13:17:03.725 I/ActivityThread( 2811): Pub com.google.android.apps.uploader: com.google.android.apps.uploader.UploadsContentProvider
01-08 13:17:03.735 I/ActivityThread( 2811): Pub com.google.photos.provider.Album: com.google.android.apps.uploader.clients.picasa.AlbumProvider
01-08 13:17:03.735 D/MediaUploader( 2811): UploaderApplication.onCreate
01-08 13:17:03.765 D/dalvikvm( 1703): GC_EXPLICIT freed 314K, 8% free 6855K/7431K, paused 1ms+2ms
01-08 13:17:03.775 D/MediaUploader( 2811): nonWifiLimit=20971520, default=20971520
01-08 13:17:03.775 I/MediaUploader( 2811): No need to wake up
01-08 13:17:03.785 I/ActivityManager( 1576): Start proc com.htc.notes:NotesService for broadcast com.htc.notes/.provider.notes.NotesReceiver: pid=2824 uid=9996 gids={3003, 1015, 1006, 2001}
01-08 13:17:03.785 I/ActivityManager( 1576): No longer want com.htc.opensense (pid 2583): hidden #16
01-08 13:17:03.825 I/ActivityManager( 1576): Start proc com.htc.htcMessageUploader for broadcast com.htc.htcMessageUploader/.UploadMessageReceiver: pid=2831 uid=10060 gids={3003}
01-08 13:17:03.845 I/ActivityManager( 1576): No longer want com.svox.pico (pid 2595): hidden #16
01-08 13:17:03.865 V/htcMessageUploader( 2831): [UploadMessageReceiver] UploadMessageReceiver() constructor !!!
01-08 13:17:03.865 I/htcMessageUploader( 2831): Start thread to upload fota event message:com.htc.htcMessageUploader.UploadMessageReceiver
01-08 13:17:03.865 D/htcMessageUploader( 2831): Total time in main thread:0 milli-seconds
01-08 13:17:03.865 D/htcMessageUploader( 2831): Get CONNECTIVITY_ACTION intent 
01-08 13:17:03.865 I/htcMessageUploader( 2831): == UploadMessageReceiver finished ==
01-08 13:17:03.865 D/Socket_Alarm( 2831): registerHTCSocketMonitorCallBack
01-08 13:17:03.865 D/Socket_Alarm( 2831): set mSocketMonitor
01-08 13:17:03.865 D/Socket_Alarm( 2831): HTCSocketMonitorImpl::HTCSocketMonitorImpl
01-08 13:17:03.875 I/ActivityManager( 1576): No longer want com.htc.cs (pid 2603): hidden #16
01-08 13:17:03.905 D/AutoSetting( 1759): receiver - intent: android.net.conn.CONNECTIVITY_CHANGE
01-08 13:17:03.905 D/AutoSetting( 1759): receiver - NetworkInfo: type: USBNET[], state: DISCONNECTED/DISCONNECTED, reason: (unspecified), extra: 0, roaming: false, failover: false, isAvailable: false, isIpv4Connected: false, isIpv6Connected: false
01-08 13:17:03.905 W/ContentService( 1576): binderDied() at ObserverNode name favorites
01-08 13:17:03.915 D/AutoSetting( 1759): Util - no network available!
01-08 13:17:03.915 D/AutoSetting( 1759): service - onStartCommand() action: com.htc.app.autosetting.cancellocationupdate
01-08 13:17:03.915 D/AutoSetting( 1759): service - mHandler: cancel location update
01-08 13:17:03.915 D/AutoSetting( 1759): service -           changes count: 0
01-08 13:17:03.925 D/UPolicy ( 2795): IUserBehaviorLoggingService reference is gotten !
01-08 13:17:03.925 D/CSUtil  ( 2803): serverTime = 1383997825321
01-08 13:17:03.925 D/CSUtil  ( 2803): serverTime = 49413
01-08 13:17:03.925 D/CSUtil  ( 2803): curGMTTime = 47823937
01-08 13:17:03.935 W/TelephonyManager( 1703): Hidden constructor called more than once per process!
01-08 13:17:03.935 W/TelephonyManager( 1703): Original: com.google.android.gsf, new: com.google.android.gsf
01-08 13:17:03.955 D/dalvikvm( 2785): GC_CONCURRENT freed 181K, 5% free 6715K/7047K, paused 2ms+5ms
01-08 13:17:04.556 I/System.out( 2631): Values: 160.0
01-08 13:17:05.557 I/System.out( 2631): Values: 160.0
01-08 13:17:06.558 I/System.out( 2631): Values: 160.0
01-08 13:17:07.549 I/System.out( 2631): Values: 160.0
01-08 13:17:08.560 I/System.out( 2631): Values: 160.0
01-08 13:17:08.960 D/MyReportAgent( 2795): ReportService [##] onDestroy(), this =com.htc.reportagent.ReportService@40680c18
01-08 13:17:08.960 D/MyReportAgent( 2795): ReportServiceHandler [##] call stopSelfResult() startId = 1, reurn true
01-08 13:17:08.980 D/dalvikvm( 2257): GC_EXPLICIT freed 449K, 10% free 6620K/7303K, paused 6ms+1ms
01-08 13:17:09.551 I/System.out( 2631): Values: 160.0
01-08 13:17:10.562 I/System.out( 2631): Values: 160.0
01-08 13:17:11.563 I/System.out( 2631): Values: 160.0
01-08 13:17:12.564 I/System.out( 2631): Values: 160.0
01-08 13:17:13.565 I/System.out( 2631): Values: 160.0
01-08 13:17:13.975 D/dalvikvm( 1759): GC_EXPLICIT freed 50K, 6% free 6834K/7239K, paused 5ms+1ms
01-08 13:17:14.556 I/System.out( 2631): Values: 160.0
01-08 13:17:15.567 I/System.out( 2631): Values: 160.0
01-08 13:17:16.557 I/System.out( 2631): Values: 160.0
01-08 13:17:17.558 I/System.out( 2631): Values: 160.0
01-08 13:17:18.559 I/System.out( 2631): Values: 160.0
01-08 13:17:19.030 D/dalvikvm( 1673): GC_EXPLICIT freed 1K, 27% free 10195K/13895K, paused 7ms+3ms
01-08 13:17:19.560 I/System.out( 2631): Values: 160.0
01-08 13:17:20.561 I/System.out( 2631): Values: 160.0
01-08 13:17:21.562 I/System.out( 2631): Values: 160.0
01-08 13:17:22.563 I/System.out( 2631): Values: 160.0
01-08 13:17:23.564 I/System.out( 2631): Values: 160.0
01-08 13:17:24.565 I/System.out( 2631): Values: 160.0
01-08 13:17:25.556 I/System.out( 2631): Values: 160.0
01-08 13:17:26.557 I/System.out( 2631): Values: 160.0
01-08 13:17:27.568 I/System.out( 2631): Values: 160.0
01-08 13:17:28.569 I/System.out( 2631): Values: 160.0
01-08 13:17:29.570 I/System.out( 2631): Values: 160.0
01-08 13:17:30.571 I/System.out( 2631): Values: 160.0
01-08 13:17:31.282 D/UsbnetService( 1576): BroadcastReceiver::onReceive+
01-08 13:17:31.282 D/UsbnetService( 1576): onReceive BATTERY_CHANGED
01-08 13:17:31.282 D/UsbnetService( 1576):  --> pluggedType = 0, mPluggedType = 0, mScreenOff = false
01-08 13:17:31.282 D/UsbnetService( 1576): BroadcastReceiver::onReceive-
01-08 13:17:31.292 D/NotificationService( 1576): mIntentReceiver() Intent.ACTION_BATTERY_CHANGED
01-08 13:17:31.302 D/BatteryService( 1576): SendIntentforPowersaver
01-08 13:17:31.302 D/BatteryService( 1576): Current powersaver status == NORMAL_STATUS1 4 2 false
01-08 13:17:31.302 D/PowerUI ( 1641): plugged = false, health = 2, mBatteryLevel = 98, mPluggedBatteryLevel = 100, mLowBatteryWarningLevel2 = 25, mshowLowChargingWarning2 = true
01-08 13:17:31.312 D/RemoveMe( 1660): DCT got intent android.intent.action.BATTERY_CHANGED
01-08 13:17:31.322 D/RemoveMe( 1660): DCT got intent android.intent.action.BATTERY_CHANGED
01-08 13:17:31.322 D/RemoveMe( 1660): DCT got intent android.intent.action.BATTERY_CHANGED
01-08 13:17:31.572 I/System.out( 2631): Values: 160.0
01-08 13:17:31.572 I/System.out( 2631): Battery level end is reached
01-08 13:17:31.572 I/System.out( 2631): Time difference in secs is: 30
01-08 13:17:32.573 I/System.out( 2631): Values: 160.0
01-08 13:17:32.573 I/System.out( 2631): Time difference in secs is: 30
01-08 13:17:33.574 I/System.out( 2631): Values: 160.0
01-08 13:17:33.574 I/System.out( 2631): Time difference in secs is: 30
01-08 13:17:34.575 I/System.out( 2631): Values: 160.0
01-08 13:17:34.575 I/System.out( 2631): Time difference in secs is: 30
01-08 13:17:35.576 I/System.out( 2631): Values: 160.0
01-08 13:17:35.576 I/System.out( 2631): Time difference in secs is: 30
01-08 13:17:36.567 I/System.out( 2631): Values: 160.0
01-08 13:17:36.567 I/System.out( 2631): Time difference in secs is: 30
01-08 13:17:37.568 I/System.out( 2631): Values: 160.0
01-08 13:17:37.568 I/System.out( 2631): Time difference in secs is: 30
01-08 13:17:38.569 I/System.out( 2631): Values: 160.0
01-08 13:17:38.569 I/System.out( 2631): Time difference in secs is: 30
01-08 13:17:39.570 I/System.out( 2631): Values: 160.0
01-08 13:17:39.570 I/System.out( 2631): Time difference in secs is: 30
01-08 13:17:40.581 I/System.out( 2631): Values: 160.0
01-08 13:17:40.581 I/System.out( 2631): Time difference in secs is: 30
01-08 13:17:41.572 I/System.out( 2631): Values: 160.0
01-08 13:17:41.582 I/System.out( 2631): Time difference in secs is: 30
01-08 13:17:42.573 I/System.out( 2631): Values: 160.0
01-08 13:17:42.583 I/System.out( 2631): Time difference in secs is: 30
01-08 13:17:43.574 I/System.out( 2631): Values: 160.0
01-08 13:17:43.574 I/System.out( 2631): Time difference in secs is: 30
01-08 13:17:44.575 I/System.out( 2631): Values: 160.0
01-08 13:17:44.575 I/System.out( 2631): Time difference in secs is: 30
01-08 13:17:45.576 I/System.out( 2631): Values: 160.0
01-08 13:17:45.576 I/System.out( 2631): Time difference in secs is: 30
01-08 13:17:46.577 I/System.out( 2631): Values: 160.0
01-08 13:17:46.577 I/System.out( 2631): Time difference in secs is: 30
01-08 13:17:47.578 I/System.out( 2631): Values: 160.0
01-08 13:17:47.578 I/System.out( 2631): Time difference in secs is: 30
01-08 13:17:48.579 I/System.out( 2631): Values: 160.0
01-08 13:17:48.579 I/System.out( 2631): Time difference in secs is: 30
01-08 13:17:49.580 I/System.out( 2631): Values: 160.0
01-08 13:17:49.580 I/System.out( 2631): Time difference in secs is: 30
01-08 13:17:50.581 I/System.out( 2631): Values: 160.0
01-08 13:17:50.581 I/System.out( 2631): Time difference in secs is: 30
01-08 13:17:51.582 I/System.out( 2631): Values: 160.0
01-08 13:17:51.582 I/System.out( 2631): Time difference in secs is: 30
01-08 13:17:52.583 I/System.out( 2631): Values: 160.0
01-08 13:17:52.583 I/System.out( 2631): Time difference in secs is: 30
01-08 13:17:53.584 I/System.out( 2631): Values: 160.0
01-08 13:17:53.584 I/System.out( 2631): Time difference in secs is: 30
01-08 13:17:54.585 I/System.out( 2631): Values: 160.0
01-08 13:17:54.585 I/System.out( 2631): Time difference in secs is: 30
01-08 13:17:55.586 I/System.out( 2631): Values: 160.0
01-08 13:17:55.586 I/System.out( 2631): Time difference in secs is: 30
01-08 13:17:56.577 I/System.out( 2631): Values: 160.0
01-08 13:17:56.577 I/System.out( 2631): Time difference in secs is: 30
01-08 13:17:57.117 V/WindowManager( 1576): onOrientationChanged, rotation changed to 1
01-08 13:17:57.147 D/SurfaceFlinger( 1438): getTokenForSurface(0xd165c) => 0 (client=0xa2698, bitmap=00000003), pid=0
01-08 13:17:57.157 D/msm7x30.gralloc( 1438): gpu_context_t::getGrallocInformationFromFormat  2 
01-08 13:17:57.177 D/lights  ( 1576): set_light_buttons_func: on=0 brightness=0
01-08 13:17:57.177 D/lights  ( 1576): set_light_buttons_func: on=16777215 brightness=255
01-08 13:17:57.177 D/PowerManagerService( 1576): button light setOrientation:1
01-08 13:17:57.187 D/lights  ( 1576): set_rotated_rgb_led: on=0 brightness=0
01-08 13:17:57.187 D/lights  ( 1576): [LedInfo] write attr ok name=/sys/class/leds/green-portrait/brightness string=0,len=1
01-08 13:17:57.187 D/lights  ( 1576): set_rotated_rgb_led: on=1 brightness=255
01-08 13:17:57.187 D/lights  ( 1576): [LedInfo] write attr ok name=/sys/class/leds/green-landscape/brightness string=255,len=3
01-08 13:17:57.187 D/PowerManagerService( 1576): setPenMenuButtonLed: 2
01-08 13:17:57.187 D/PowerManagerService( 1576): Set pen menu button led (amber, green, blue) = 0, -1, 0), portrait = false
01-08 13:17:57.187 I/ActivityManager( 1576): Config changed: {1.0 0mcc0mnc en_GB sw600dp w1024dp h552dp lrg long land finger -keyb/v/h -nav/h s.3 skin=default fontsize=0}
01-08 13:17:57.247 I/mode10  ( 1683): loadSkinResource : Package = defaultskinName = default
01-08 13:17:57.247 I/mode10  ( 1683): loadSkinResource private
01-08 13:17:57.247 D/StatusBar.NetworkController( 1641): mSignalStrength.isGsm() == true
01-08 13:17:57.277 D/SurfaceFlinger( 1438): virtual void android::Layer::onRemoved(): lcblk (identity=13, status=0, token=0)
01-08 13:17:57.287 D/msm7x30.gralloc( 1438): gpu_context_t::getGrallocInformationFromFormat  2 
01-08 13:17:57.387 D/ActivityManager( 1576): isSketcherDisabledInCurrentTask():false, ActivityRecord{40afdb30 uk.ac.st_andrews.cs.host.mk74.energymeasurement.light/.MainActivity}
01-08 13:17:57.407 D/SurfaceFlinger( 1438): getTokenForSurface(0x91c9c) => 0 (client=0xb0250, bitmap=00000001), pid=2631
01-08 13:17:57.417 D/msm7x30.gralloc( 1438): gpu_context_t::getGrallocInformationFromFormat  2 
01-08 13:17:57.457 V/WindowManager( 1576): Starting rotation animaiton
01-08 13:17:57.457 D/SurfaceFlinger( 1438): virtual void android::Layer::onRemoved(): lcblk (identity=14, status=0, token=0)
01-08 13:17:57.457 V/WindowManager( 1576): end of ratation animation
01-08 13:17:57.467 D/msm7x30.gralloc( 1438): gpu_context_t::getGrallocInformationFromFormat  2 
01-08 13:17:57.577 I/System.out( 2631): Values: 90.0
01-08 13:17:57.577 I/System.out( 2631): Time difference in secs is: 30
01-08 13:17:58.098 V/WindowManager( 1576): onOrientationChanged, rotation changed to 0
01-08 13:17:58.128 D/SurfaceFlinger( 1438): getTokenForSurface(0xb00b4) => 0 (client=0xa2698, bitmap=00000003), pid=0
01-08 13:17:58.128 D/msm7x30.gralloc( 1438): gpu_context_t::getGrallocInformationFromFormat  2 
01-08 13:17:58.158 D/lights  ( 1576): set_light_buttons_func: on=0 brightness=0
01-08 13:17:58.158 D/lights  ( 1576): set_light_buttons_func: on=16777215 brightness=255
01-08 13:17:58.158 D/lights  ( 1576): set_rotated_rgb_led: on=0 brightness=0
01-08 13:17:58.158 D/lights  ( 1576): [LedInfo] write attr ok name=/sys/class/leds/green-landscape/brightness string=0,len=1
01-08 13:17:58.158 D/lights  ( 1576): set_rotated_rgb_led: on=1 brightness=255
01-08 13:17:58.158 D/lights  ( 1576): [LedInfo] write attr ok name=/sys/class/leds/green-portrait/brightness string=255,len=3
01-08 13:17:58.158 D/PowerManagerService( 1576): button light setOrientation:0
01-08 13:17:58.158 D/PowerManagerService( 1576): setPenMenuButtonLed: 2
01-08 13:17:58.158 D/PowerManagerService( 1576): Set pen menu button led (amber, green, blue) = 0, -1, 0), portrait = true
01-08 13:17:58.168 I/ActivityManager( 1576): Config changed: {1.0 0mcc0mnc en_GB sw600dp w600dp h976dp lrg long port finger -keyb/v/h -nav/h s.4 skin=default fontsize=0}
01-08 13:17:58.218 I/mode10  ( 1683): loadSkinResource : Package = defaultskinName = default
01-08 13:17:58.228 I/mode10  ( 1683): loadSkinResource private
01-08 13:17:58.228 D/StatusBar.NetworkController( 1641): mSignalStrength.isGsm() == true
01-08 13:17:58.238 D/SurfaceFlinger( 1438): virtual void android::Layer::onRemoved(): lcblk (identity=15, status=0, token=0)
01-08 13:17:58.278 D/msm7x30.gralloc( 1438): gpu_context_t::getGrallocInformationFromFormat  2 
01-08 13:17:58.298 I/System.out( 2631): Values: 90.0
01-08 13:17:58.298 I/System.out( 2631): Battery level end is reached
01-08 13:17:58.328 D/ActivityManager( 1576): isSketcherDisabledInCurrentTask():false, ActivityRecord{40afdb30 uk.ac.st_andrews.cs.host.mk74.energymeasurement.light/.MainActivity}
01-08 13:17:58.348 D/SurfaceFlinger( 1438): getTokenForSurface(0xadc94) => 0 (client=0xb0250, bitmap=00000001), pid=2631
01-08 13:17:58.358 D/dalvikvm( 2631): GC_CONCURRENT freed 354K, 7% free 6648K/7111K, paused 3ms+6ms
01-08 13:17:58.358 D/msm7x30.gralloc( 1438): gpu_context_t::getGrallocInformationFromFormat  2 
01-08 13:17:58.388 V/WindowManager( 1576): Starting rotation animaiton
01-08 13:17:58.398 D/SurfaceFlinger( 1438): virtual void android::Layer::onRemoved(): lcblk (identity=20, status=0, token=0)
01-08 13:17:58.398 V/WindowManager( 1576): end of ratation animation
01-08 13:17:58.408 D/msm7x30.gralloc( 1438): gpu_context_t::getGrallocInformationFromFormat  2 
01-08 13:17:58.588 I/System.out( 2631): Values: 160.0
01-08 13:17:58.588 I/System.out( 2631): Time difference in secs is: 30
01-08 13:17:59.269 I/System.out( 2631): Values: 160.0
01-08 13:17:59.269 I/System.out( 2631): Battery level end is reached
01-08 13:17:59.299 I/System.out( 2631): Values: 160.0
01-08 13:17:59.579 I/System.out( 2631): Values: 160.0
01-08 13:17:59.579 I/System.out( 2631): Time difference in secs is: 30
01-08 13:17:59.800 D/BatteryService_ULog( 1576): ULogForBatteryChargingStateChange(98,2) is called
01-08 13:17:59.800 D/BatteryService_ULog( 1576): charger=on,battery_power=98
01-08 13:17:59.800 D/BatteryService( 1576): SendIntentforPowersaver
01-08 13:17:59.810 D/BatteryService( 1576): Current powersaver status == NORMAL_STATUS1 3 2 false
01-08 13:17:59.810 V/WindowManager( 1576): onOrientationChanged, rotation changed to 1
01-08 13:17:59.810 D/BatteryService( 1576): duration: 58531 discharge: 2
01-08 13:17:59.840 D/PowerUI ( 1641): closing low battery warning: level=98
01-08 13:17:59.840 D/RemoveMe( 1660): DCT got intent android.intent.action.BATTERY_CHANGED
01-08 13:17:59.840 D/RemoveMe( 1660): DCT got intent android.intent.action.BATTERY_CHANGED
01-08 13:17:59.840 D/RemoveMe( 1660): DCT got intent android.intent.action.BATTERY_CHANGED
01-08 13:17:59.840 D/PowerUI ( 1641): plugged = true, health = 2, mBatteryLevel = 98, mPluggedBatteryLevel = 98, mLowBatteryWarningLevel2 = 25, mshowLowChargingWarning2 = true
01-08 13:17:59.850 W/PowerUI ( 1641): unknown intent: Intent { act=android.intent.action.ACTION_POWER_CONNECTED flg=0x10000010 }
01-08 13:17:59.920 D/dalvikvm( 1576): GC_EXPLICIT freed 790K, 13% free 15888K/18247K, paused 2ms+4ms
01-08 13:17:59.960 D/PowerUI ( 1641): closing low battery warning: level=98
01-08 13:17:59.960 D/RemoveMe( 1660): DCT got intent android.intent.action.BATTERY_CHANGED
01-08 13:17:59.960 D/RemoveMe( 1660): DCT got intent android.intent.action.BATTERY_CHANGED
01-08 13:17:59.960 D/PowerUI ( 1641): plugged = true, health = 2, mBatteryLevel = 98, mPluggedBatteryLevel = 98, mLowBatteryWarningLevel2 = 25, mshowLowChargingWarning2 = true
01-08 13:17:59.970 D/RemoveMe( 1660): DCT got intent android.intent.action.BATTERY_CHANGED
01-08 13:17:59.970 D/BatteryService( 1576): SendIntentforPowersaver
01-08 13:17:59.970 D/BatteryService( 1576): Current powersaver status == NORMAL_STATUS1 2 2 false
01-08 13:17:59.970 D/SurfaceFlinger( 1438): getTokenForSurface(0xb86dc) => 0 (client=0xa2698, bitmap=00000003), pid=0
01-08 13:17:59.970 D/msm7x30.gralloc( 1438): gpu_context_t::getGrallocInformationFromFormat  2 
01-08 13:18:00.010 W/Vold    ( 1434): Ignoring unknown switch 'usb_mass_storage'
01-08 13:18:00.010 D/lights  ( 1576): set_light_buttons_func: on=0 brightness=0
01-08 13:18:00.010 D/PowerManagerService( 1576): button light setOrientation:1
01-08 13:18:00.020 D/lights  ( 1576): set_light_buttons_func: on=16777215 brightness=255
01-08 13:18:00.020 D/lights  ( 1576): set_rotated_rgb_led: on=0 brightness=0
01-08 13:18:00.020 D/lights  ( 1576): [LedInfo] write attr ok name=/sys/class/leds/green-portrait/brightness string=0,len=1
01-08 13:18:00.020 D/lights  ( 1576): set_rotated_rgb_led: on=1 brightness=255
01-08 13:18:00.020 D/lights  ( 1576): [LedInfo] write attr ok name=/sys/class/leds/green-landscape/brightness string=255,len=3
01-08 13:18:00.020 D/PowerManagerService( 1576): setPenMenuButtonLed: 2
01-08 13:18:00.020 D/PowerManagerService( 1576): Set pen menu button led (amber, green, blue) = 0, -1, 0), portrait = false
01-08 13:18:00.030 I/ActivityManager( 1576): Config changed: {1.0 0mcc0mnc en_GB sw600dp w1024dp h552dp lrg long land finger -keyb/v/h -nav/h s.5 skin=default fontsize=0}
01-08 13:18:00.070 D/msm7x30.gralloc( 1438): gpu_context_t::getGrallocInformationFromFormat  2 
01-08 13:18:00.100 I/mode10  ( 1683): loadSkinResource : Package = defaultskinName = default
01-08 13:18:00.100 D/UsbnetService( 1576): BroadcastReceiver::onReceive+
01-08 13:18:00.100 D/UsbnetService( 1576): onReceive BATTERY_CHANGED
01-08 13:18:00.100 D/UsbnetService( 1576):  --> pluggedType = 2, mPluggedType = 0, mScreenOff = false
01-08 13:18:00.100 D/UsbnetService( 1576): BroadcastReceiver::onReceive-
01-08 13:18:00.100 D/NotificationService( 1576): mIntentReceiver() Intent.ACTION_BATTERY_CHANGED
01-08 13:18:00.100 V/NotificationService( 1576): Charging...
01-08 13:18:00.110 D/lights  ( 1576): [LedInfo] write attr ok name=/sys/class/leds/amber/brightness string=1,len=1
01-08 13:18:00.110 D/lights  ( 1576): [LedInfo] write attr ok name=/sys/class/leds/amber/blink string=0,len=1
01-08 13:18:00.110 I/mode10  ( 1683): loadSkinResource private
01-08 13:18:00.110 D/lights  ( 1576): [LedInfo] write attr ok name=/sys/class/leds/amber/off_timer string=0 0,len=3
01-08 13:18:00.120 D/lights  ( 1576): [LedInfo] write attr ok name=/sys/class/leds/green/brightness string=0,len=1
01-08 13:18:00.120 D/lights  ( 1576): [LedInfo] write attr ok name=/sys/class/leds/green/blink string=0,len=1
01-08 13:18:00.120 D/lights  ( 1576): [LedInfo] write attr ok name=/sys/class/leds/green/off_timer string=0 0,len=3
01-08 13:18:00.120 D/UsbnetService( 1576): BroadcastReceiver::onReceive+
01-08 13:18:00.120 D/UsbnetService( 1576): onReceive BATTERY_CHANGED
01-08 13:18:00.120 D/UsbnetService( 1576):  --> pluggedType = 2, mPluggedType = 0, mScreenOff = false
01-08 13:18:00.120 D/UsbnetService( 1576): BroadcastReceiver::onReceive-
01-08 13:18:00.120 D/NotificationService( 1576): mIntentReceiver() Intent.ACTION_BATTERY_CHANGED
01-08 13:18:00.130 D/SurfaceFlinger( 1438): virtual void android::Layer::onRemoved(): lcblk (identity=21, status=0, token=0)
01-08 13:18:00.130 D/msm7x30.gralloc( 1438): gpu_context_t::getGrallocInformationFromFormat  2 
01-08 13:18:00.130 V/NotificationService( 1576): Charging...
01-08 13:18:00.140 D/lights  ( 1576): [LedInfo] write attr ok name=/sys/class/leds/amber/brightness string=1,len=1
01-08 13:18:00.150 D/lights  ( 1576): [LedInfo] write attr ok name=/sys/class/leds/amber/blink string=0,len=1
01-08 13:18:00.150 D/lights  ( 1576): [LedInfo] write attr ok name=/sys/class/leds/amber/off_timer string=0 0,len=3
01-08 13:18:00.160 D/lights  ( 1576): [LedInfo] write attr ok name=/sys/class/leds/green/brightness string=0,len=1
01-08 13:18:00.160 D/lights  ( 1576): [LedInfo] write attr ok name=/sys/class/leds/green/blink string=0,len=1
01-08 13:18:00.160 D/lights  ( 1576): [LedInfo] write attr ok name=/sys/class/leds/green/off_timer string=0 0,len=3
01-08 13:18:00.160 D/StatusBar.NetworkController( 1641): mSignalStrength.isGsm() == true
01-08 13:18:00.180 D/msm7x30.gralloc( 1438): gpu_context_t::getGrallocInformationFromFormat  2 
01-08 13:18:00.210 D/ActivityManager( 1576): isSketcherDisabledInCurrentTask():false, ActivityRecord{40afdb30 uk.ac.st_andrews.cs.host.mk74.energymeasurement.light/.MainActivity}
01-08 13:18:00.230 D/SurfaceFlinger( 1438): getTokenForSurface(0xaf70c) => 0 (client=0xb0250, bitmap=00000001), pid=2631
01-08 13:18:00.240 D/msm7x30.gralloc( 1438): gpu_context_t::getGrallocInformationFromFormat  2 
01-08 13:18:00.270 I/System.out( 2631): Values: 160.0
01-08 13:18:00.270 D/SurfaceFlinger( 1438): virtual void android::Layer::onRemoved(): lcblk (identity=26, status=0, token=0)
01-08 13:18:00.270 V/WindowManager( 1576): Starting rotation animaiton
01-08 13:18:00.270 V/WindowManager( 1576): end of ratation animation
01-08 13:18:00.280 D/msm7x30.gralloc( 1438): gpu_context_t::getGrallocInformationFromFormat  2 
01-08 13:18:00.300 I/System.out( 2631): Values: 160.0
01-08 13:18:00.580 I/System.out( 2631): Values: 160.0
01-08 13:18:00.580 I/System.out( 2631): Time difference in secs is: 30
01-08 13:18:00.761 D/UsbService( 1576): [USBNET] USB UEVENT: {SUBSYSTEM=switch, SWITCH_STATE=1, DEVPATH=/devices/virtual/switch/usb_connected, SEQNUM=1468, ACTION=change, SWITCH_NAME=usb_connected}
01-08 13:18:00.761 W/Vold    ( 1434): Ignoring unknown switch 'usb_connected'
01-08 13:18:00.761 D/UsbService( 1576): [USBNET] handleMessage: 0; mConnected=1(0),mConfiguration=0(0)
01-08 13:18:00.771 D/NetdConnector( 1576): listenToSocket read--: (128,0)
01-08 13:18:00.771 D/NetdConnector( 1576): RCV <- {110 lo}
01-08 13:18:00.781 D/NetdConnector( 1576): doCommand++ (Wait Response)
01-08 13:18:00.781 D/NetdConnector( 1576): RSP <- {110 lo}
01-08 13:18:00.781 D/NetdConnector( 1576): miNoRespCnt=0
01-08 13:18:00.781 D/NetdConnector( 1576): RCV <- {110 dummy0}
01-08 13:18:00.791 D/NetdConnector( 1576): RSP <- {110 dummy0}
01-08 13:18:00.791 D/NetdConnector( 1576): miNoRespCnt=0
01-08 13:18:00.811 D/NetdConnector( 1576): RCV <- {110 ifb0}
01-08 13:18:00.811 D/NetdConnector( 1576): RSP <- {110 ifb0}
01-08 13:18:00.811 D/NetdConnector( 1576): miNoRespCnt=0
01-08 13:18:00.821 D/UsbReceiver( 2747): [MTP][UsbReceiver][onReceive]+
01-08 13:18:00.831 D/NetdConnector( 1576): RCV <- {110 ifb1}
01-08 13:18:00.831 D/Vold    ( 1434): USB connected
01-08 13:18:00.831 D/Vold    ( 1434): Share method ums now available
01-08 13:18:00.831 D/VoldConnector( 1576): listenToSocket read--: (35,0)
01-08 13:18:00.831 D/VoldConnector( 1576): RCV <- {620 Share method ums now available}
01-08 13:18:00.841 D/UsbService( 1576): [USBNET] USB UEVENT: {SUBSYSTEM=switch, SWITCH_STATE=1, DEVPATH=/devices/virtual/switch/usb_configuration, SEQNUM=1469, ACTION=change, SWITCH_NAME=usb_configuration}
01-08 13:18:00.841 D/UsbService( 1576): [USBNET] handleMessage: 0; mConnected=1(1),mConfiguration=1(0)
01-08 13:18:00.841 D/NetdConnector( 1576): RSP <- {110 ifb1}
01-08 13:18:00.841 D/NetdConnector( 1576): miNoRespCnt=0
01-08 13:18:00.841 D/UsbConnectedReceiver( 1759): action = android.hardware.usb.action.USB_STATE
01-08 13:18:00.841 D/NetdConnector( 1576): RCV <- {110 rmnet0}
01-08 13:18:00.851 D/VoldConnector( 1576): listenToSocket read++
01-08 13:18:00.851 D/NetdConnector( 1576): RSP <- {110 rmnet0}
01-08 13:18:00.851 D/NetdConnector( 1576): miNoRespCnt=0
01-08 13:18:00.851 D/NetdConnector( 1576): RCV <- {110 rmnet1}
01-08 13:18:00.851 D/NetdConnector( 1576): RSP <- {110 rmnet1}
01-08 13:18:00.851 D/NetdConnector( 1576): miNoRespCnt=0
01-08 13:18:00.851 D/NetdConnector( 1576): RCV <- {110 rmnet2}
01-08 13:18:00.851 D/NetdConnector( 1576): RSP <- {110 rmnet2}
01-08 13:18:00.851 D/NetdConnector( 1576): miNoRespCnt=0
01-08 13:18:00.851 D/NetdConnector( 1576): RCV <- {110 usb0}
01-08 13:18:00.851 D/NetdConnector( 1576): RSP <- {110 usb0}
01-08 13:18:00.851 D/NetdConnector( 1576): miNoRespCnt=0
01-08 13:18:00.861 D/UsbReceiver( 2747): [MTP][UsbReceiver][onReceive]+
01-08 13:18:00.861 D/UsbConnectedReceiver( 1759): action = android.hardware.usb.action.USB_STATE
01-08 13:18:00.861 D/PSCommon( 1759): Content in /sys/class/switch/dock/status = offline
01-08 13:18:00.861 D/UsbConnectedReceiver( 1759): USB Connected.
01-08 13:18:00.861 D/NetdConnector( 1576): RCV <- {110 sit0}
01-08 13:18:00.861 D/NetdConnector( 1576): RSP <- {110 sit0}
01-08 13:18:00.861 D/NetdConnector( 1576): miNoRespCnt=0
01-08 13:18:00.861 D/NetdConnector( 1576): RCV <- {110 ip6tnl0}
01-08 13:18:00.871 D/PSCommon( 1759): Content in /sys/class/switch/dock/status = offline
01-08 13:18:00.871 D/UsbConnectedReceiver( 1759): USB Connected.
01-08 13:18:00.871 D/NetdConnector( 1576): RSP <- {110 ip6tnl0}
01-08 13:18:00.871 D/NetdConnector( 1576): miNoRespCnt=0
01-08 13:18:00.871 D/NetdConnector( 1576): RCV <- {200 Interface list completed}
01-08 13:18:00.871 D/NetdConnector( 1576): RSP <- {200 Interface list completed}
01-08 13:18:00.871 D/NetdConnector( 1576): miNoRespCnt=0
01-08 13:18:00.871 D/NetdConnector( 1576): doCommand-- (complete)
01-08 13:18:00.871 D/NetdConnector( 1576): List terminated with {200 Interface list completed}
01-08 13:18:00.871 D/NetdConnector( 1576): listenToSocket read++
01-08 13:18:00.891 I/StorageNotification( 1641): UMS connection changed to true (media state mounted)
01-08 13:18:00.891 D/WifiStateMachine( 1576): wifi hotspotSSID=HTC Portable Hotspot, hiddenSSID=false, secureType=wpa2-psk, enableMacFilter=0, maxConns=5, channel=0
01-08 13:18:00.891 D/WifiStateMachine( 1576): wifi hotspotdhcpEnable=1, maxDhcpClients=5, ipAddress=192.168.1.1, dhcpSubnetMask=255.255.255.0, startingIP=192.168.1.10, dhsIPAddr1=null, dnsIPAddr2=null, sleepPolicy=1
01-08 13:18:00.891 D/Tethering( 1576): sendTetherStateChangedBroadcast 1, 0, 0
01-08 13:18:00.891 D/Tethering( 1576): interfaceAdded :usb0
01-08 13:18:00.891 D/WifiStateMachine( 1576): getWifiApConfiguration:mconfig.SSID=HTC Portable Hotspot
