01-14 13:34:06.523 I/ActivityManager( 1574): Start proc com.google.android.googlequicksearchbox for broadcast com.google.android.googlequicksearchbox/.SourceUpdateReceiver: pid=2708 uid=10080 gids={3003}
01-14 13:34:06.573 D/CursorWindowStats( 2702): Get CursorWindow size from framework resource:4194304
01-14 13:34:06.654 D/AndroidRuntime( 2702): Calling main entry com.android.commands.am.Am
01-14 13:34:06.674 I/ActivityManager( 1574): Starting: Intent { act=android.intent.action.MAIN cat=[android.intent.category.LAUNCHER] flg=0x10000000 cmp=uk.ac.st_andrews.cs.host.mk74.energymeasurement.light/.MainActivity } from pid 2702
01-14 13:34:06.744 D/dalvikvm( 1574): GC_FOR_ALLOC freed 187K, 13% free 15712K/17927K, paused 53ms
01-14 13:34:06.744 I/dalvikvm-heap( 1574): Grow heap (frag case) to 15.565MB for 124216-byte allocation
01-14 13:34:06.824 D/dalvikvm( 1574): GC_FOR_ALLOC freed 4K, 13% free 15828K/18055K, paused 62ms
01-14 13:34:06.834 D/AndroidRuntime( 2702): Shutting down VM
01-14 13:34:06.844 D/HostWidgetManager( 1681): pauseWidgets: 2
01-14 13:34:06.854 I/ActivityManager( 1574): Start proc uk.ac.st_andrews.cs.host.mk74.energymeasurement.light for activity uk.ac.st_andrews.cs.host.mk74.energymeasurement.light/.MainActivity: pid=2718 uid=10110 gids={}
01-14 13:34:06.864 D/ActivityManager( 1574): isSketcherDisabledInCurrentTask():false, ActivityRecord{40b30e78 uk.ac.st_andrews.cs.host.mk74.energymeasurement.light/.MainActivity}
01-14 13:34:06.874 D/dalvikvm( 2702): GC_CONCURRENT freed 106K, 81% free 397K/2048K, paused 1ms+0ms
01-14 13:34:06.874 D/dalvikvm( 2702): Debugger has detached; object registry had 1 entries
01-14 13:34:06.874 I/ActivityThread( 2708): Pub com.google.android.googlequicksearchbox.shortcuts: com.google.android.googlequicksearchbox.WebHistoryProvider
01-14 13:34:06.884 I/ActivityThread( 2708): Pub com.google.android.googlequicksearchbox.google: com.google.android.googlequicksearchbox.google.GoogleSuggestionProvider
01-14 13:34:06.924 D/SurfaceFlinger( 1438): getTokenForSurface(0x62894) => 0 (client=0xa26e8, bitmap=00000003), pid=1574
01-14 13:34:06.924 D/msm7x30.gralloc( 1438): gpu_context_t::getGrallocInformationFromFormat  2 
01-14 13:34:06.994 V/WindowManager( 1574): Starting animation in AppWindowToken{40c0f318 token=ActivityRecord{40c0d878 com.htc.launcher/.Launcher}} @ 1658360
01-14 13:34:06.994 V/WindowManager( 1574): Starting animation in AppWindowToken{41170fd0 token=ActivityRecord{40b30e78 uk.ac.st_andrews.cs.host.mk74.energymeasurement.light/.MainActivity}} @ 1658360
01-14 13:34:07.014 V/WindowManager( 1574): Finished animation in AppWindowToken{40c0f318 token=ActivityRecord{40c0d878 com.htc.launcher/.Launcher}} @ 1658406
01-14 13:34:07.014 V/WindowManager( 1574): Finished animation in AppWindowToken{41170fd0 token=ActivityRecord{40b30e78 uk.ac.st_andrews.cs.host.mk74.energymeasurement.light/.MainActivity}} @ 1658406
01-14 13:34:07.054 D/SqliteDatabaseCpp( 2708): dbopen(): path = /data/data/com.google.android.googlequicksearchbox/databases , key = iwf-`awtkvq, flag = 6, file size = 6144
01-14 13:34:07.054 D/SqliteDatabaseCpp( 2708): dbopen(): path = /data/data/com.google.android.googlequicksearchbox/databases , key = iwf-`awtkvq, mode: delete, disk free size: 7855 M, handle: 0x193578
01-14 13:34:07.084 I/ActivityManager( 1574): Start proc com.htc.pen for broadcast com.htc.pen/.plugin.PenReceiver: pid=2734 uid=10040 gids={}
01-14 13:34:07.084 I/ActivityManager( 1574): No longer want android.process.media (pid 1738): hidden #16
01-14 13:34:07.124 D/dalvikvm( 1729): GC_EXPLICIT freed 270K, 6% free 6813K/7239K, paused 5ms+16ms
01-14 13:34:07.154 D/ActivityManager( 1574): isSketcherDisabledInCurrentTask():false, ActivityRecord{40b30e78 uk.ac.st_andrews.cs.host.mk74.energymeasurement.light/.MainActivity}
01-14 13:34:07.214 I/ActivityThread( 2734): Pub com.htc.penmenu: com.htc.pen.provider.PenMenuProvider
01-14 13:34:07.224 I/ActivityThread( 2734): Pub com.htc.pen: com.htc.pen.provider.PenProvider
01-14 13:34:07.254 D/SurfaceFlinger( 1438): virtual void android::Layer::onRemoved(): lcblk (identity=8, status=0, token=2)
01-14 13:34:07.254 D/SurfaceFlinger( 1438): getTokenForSurface(0xb300c) => 0 (client=0xadb18, bitmap=00000001), pid=2718
01-14 13:34:07.284 D/msm7x30.gralloc( 1438): gpu_context_t::getGrallocInformationFromFormat  2 
01-14 13:34:07.304 I/ActivityManager( 1574): Displayed uk.ac.st_andrews.cs.host.mk74.energymeasurement.light/.MainActivity: +461ms (total +26m39s569ms)
01-14 13:34:07.324 D/SurfaceFlinger( 1438): virtual void android::Layer::onRemoved(): lcblk (identity=20, status=0, token=0)
01-14 13:34:07.334 D/msm7x30.gralloc( 1438): gpu_context_t::getGrallocInformationFromFormat  2 
01-14 13:34:07.374 D/SqliteDatabaseCpp( 2734): dbopen(): path = /data/data/com.htc.pen/databases , key = hej, flag = 6, file size = 15360
01-14 13:34:07.384 D/SurfaceFlinger( 1438): virtual void android::Layer::onRemoved(): lcblk (identity=7, status=0, token=1)
01-14 13:34:07.394 D/SqliteDatabaseCpp( 2734): dbopen(): path = /data/data/com.htc.pen/databases , key = hej, mode: delete, disk free size: 7855 M, handle: 0x19bb90
01-14 13:34:07.404 D/PhoneWindow( 1681): couldn't save which view has focus because the focused view android.widget.RelativeLayout@407c1288 has no id.
01-14 13:34:07.424 W/InputManagerService( 1574): Starting input on non-focused client com.android.internal.view.IInputMethodClient$Stub$Proxy@40c1fb50 (uid=9999 pid=1681)
01-14 13:34:07.444 D/PenUtils( 2734): getDefaultPen() start 14
01-14 13:34:07.474 D/CombinedWidgetProvider( 1681): +addFxWidgetCategories: default
01-14 13:34:07.474 D/CombinedWidgetProvider( 1681): addFxWidget Category: WidgetCategory(Watch/FX_WIDGET/-2)
01-14 13:34:07.474 D/CombinedWidgetProvider( 1681): +addFxWidgetCategories: default
01-14 13:34:07.474 D/CombinedWidgetProvider( 1681): addFxWidget Category: WidgetCategory(Mail/FX_WIDGET/-2)
01-14 13:34:07.474 D/CombinedWidgetProvider( 1681): +addFxWidgetCategories: default
01-14 13:34:07.474 D/CombinedWidgetProvider( 1681): addFxWidget Category: WidgetCategory(People/FX_WIDGET/-2)
01-14 13:34:07.474 D/CombinedWidgetProvider( 1681): +addFxWidgetCategories: default
01-14 13:34:07.474 D/CombinedWidgetProvider( 1681): addFxWidget Category: WidgetCategory(Calendar/FX_WIDGET/-2)
01-14 13:34:07.474 D/CombinedWidgetProvider( 1681): +addFxWidgetCategories: default
01-14 13:34:07.474 D/CombinedWidgetProvider( 1681): addFxWidget Category: WidgetCategory(Bookmarks/FX_WIDGET/-2)
01-14 13:34:07.474 D/CombinedWidgetProvider( 1681): +addFxWidgetCategories: default
01-14 13:34:07.474 D/CombinedWidgetProvider( 1681): addFxWidget Category: WidgetCategory(Messages/FX_WIDGET/-2)
01-14 13:34:07.484 D/CombinedWidgetProvider( 1681): +addFxWidgetCategories: default
01-14 13:34:07.484 D/CombinedWidgetProvider( 1681): addFxWidget Category: WidgetCategory(Twitter/FX_WIDGET/-2)
01-14 13:34:07.484 D/CombinedWidgetProvider( 1681): +addFxWidgetCategories: default
01-14 13:34:07.484 D/CombinedWidgetProvider( 1681): addFxWidget Category: WidgetCategory(Trends/FX_WIDGET/-2)
01-14 13:34:07.484 D/CombinedWidgetProvider( 1681): +addFxWidgetCategories: default
01-14 13:34:07.484 D/CombinedWidgetProvider( 1681): addFxWidget Category: WidgetCategory(Sync All/FX_WIDGET/-2)
01-14 13:34:07.484 D/CombinedWidgetProvider( 1681): +addFxWidgetCategories: default
01-14 13:34:07.484 D/CombinedWidgetProvider( 1681): addFxWidget Category: WidgetCategory(Music/FX_WIDGET/-2)
01-14 13:34:07.484 D/CombinedWidgetProvider( 1681): +addFxWidgetCategories: default
01-14 13:34:07.494 D/CombinedWidgetProvider( 1681): addFxWidget Category: WidgetCategory(Friend Stream/FX_WIDGET/-2)
01-14 13:34:07.494 D/CombinedWidgetProvider( 1681): +addFxWidgetCategories: default
01-14 13:34:07.494 D/CombinedWidgetProvider( 1681): addFxWidget Category: WidgetCategory(My Shelf/FX_WIDGET/-2)
01-14 13:34:07.504 D/CombinedWidgetProvider( 1681): +addFxWidgetCategories: default
01-14 13:34:07.504 D/CombinedWidgetProvider( 1681): addFxWidget Category: WidgetCategory(Weather/FX_WIDGET/-2)
01-14 13:34:07.504 D/CombinedWidgetProvider( 1681): +addFxWidgetCategories: default
01-14 13:34:07.504 D/CombinedWidgetProvider( 1681): addFxWidget Category: WidgetCategory(Notes/FX_WIDGET/-2)
01-14 13:34:07.504 D/CombinedWidgetProvider( 1681): +addFxWidgetCategories: default
01-14 13:34:07.504 D/CombinedWidgetProvider( 1681): addFxWidget Category: WidgetCategory(HTC Likes/FX_WIDGET/-2)
01-14 13:34:07.514 D/CombinedWidgetProvider( 1681): +addFxWidgetCategories: default
01-14 13:34:07.514 D/CombinedWidgetProvider( 1681): addFxWidget Category: WidgetCategory(Photo Album/FX_WIDGET/-2)
01-14 13:34:07.514 D/CombinedWidgetProvider( 1681): +addFxWidgetCategories: default
01-14 13:34:07.514 D/CombinedWidgetProvider( 1681): addFxWidget Category: WidgetCategory(Photo Frame/FX_WIDGET/-2)
01-14 13:34:07.514 D/CombinedWidgetProvider( 1681): +addFxWidgetCategories: default
01-14 13:34:07.514 D/CombinedWidgetProvider( 1681): addFxWidget Category: WidgetCategory(Photo Grid/FX_WIDGET/-2)
01-14 13:34:07.514 D/CombinedWidgetProvider( 1681): +addFxWidgetCategories: default
01-14 13:34:07.514 D/CombinedWidgetProvider( 1681): addFxWidget Category: WidgetCategory(Navigate/FX_WIDGET/-2)
01-14 13:34:07.514 D/CombinedWidgetProvider( 1681): +addFxWidgetCategories: default
01-14 13:34:07.524 D/CombinedWidgetProvider( 1681): addFxWidget Category: WidgetCategory(Locations/FX_WIDGET/-2)
01-14 13:34:07.524 D/CombinedWidgetProvider( 1681): +addFxWidgetCategories: default
01-14 13:34:07.524 D/CombinedWidgetProvider( 1681): addFxWidget Category: WidgetCategory(News/FX_WIDGET/-2)
01-14 13:34:07.524 D/CombinedWidgetProvider( 1681): +addFxWidgetCategories: default
01-14 13:34:07.524 D/CombinedWidgetProvider( 1681): addFxWidget Category: WidgetCategory(Clock/FX_WIDGET/-2)
01-14 13:34:07.534 D/CombinedWidgetProvider( 1681): +addFxWidgetCategories: default
01-14 13:34:07.534 D/CombinedWidgetProvider( 1681): addFxWidget Category: WidgetCategory(Calculator/FX_WIDGET/-2)
01-14 13:34:07.534 D/CombinedWidgetProvider( 1681): +addFxWidgetCategories: default
01-14 13:34:07.534 D/CombinedWidgetProvider( 1681): addFxWidget Category: WidgetCategory(Stocks/FX_WIDGET/-2)
01-14 13:34:07.534 D/CombinedWidgetProvider( 1681): -addFxWidgetCategories
01-14 13:34:07.584 D/PenUtils( 2734): getDefaultPen() end 45
01-14 13:34:07.594 D/PenUtils( 2377): getAllPen() start 122
01-14 13:34:07.594 I/MySketcher( 2377): onReceive: com.htc.pen.refreshed
01-14 13:34:07.604 I/MySketcher( 2377): [SketcherWorker] onStartCommand: com.htc.action.PREPARE_VARS
01-14 13:34:07.604 I/MySketcher( 2377): prepareContentVars entered
01-14 13:34:07.604 I/MySketcher( 2377):  getContentView  , in thread:2377
01-14 13:34:07.675 D/dalvikvm( 1681): GC_CONCURRENT freed 2217K, 19% free 11048K/13639K, paused 2ms+17ms
01-14 13:34:07.845 I/SimplePen( 2377): created render with defaul alpha: 180, color: -1275068161, width: 3.0
01-14 13:34:07.845 D/PenUtils( 2377): getAllPen() end 210
01-14 13:34:07.845 I/ActivityManager( 1574): No longer want com.android.settings (pid 2580): hidden #16
01-14 13:34:07.855 D/PenMenu ( 2377): mPenTypeLoadingListener runnable - onFinish
01-14 13:34:07.905 D/dalvikvm( 2377): GC_CONCURRENT freed 629K, 9% free 8831K/9671K, paused 1ms+2ms
01-14 13:34:07.945 D/dalvikvm( 2377): GC_FOR_ALLOC freed 817K, 14% free 8466K/9735K, paused 16ms
01-14 13:34:08.005 D/dalvikvm( 2377): GC_CONCURRENT freed 366K, 10% free 8774K/9735K, paused 1ms+2ms
01-14 13:34:08.085 I/System.out( 2718): Values: 160.0
01-14 13:34:08.105 D/dalvikvm( 2377): GC_FOR_ALLOC freed 1006K, 16% free 8206K/9735K, paused 28ms
01-14 13:34:08.165 D/dalvikvm( 2377): GC_CONCURRENT freed 19K, 11% free 8749K/9735K, paused 2ms+2ms
01-14 13:34:08.195 D/dalvikvm( 2377): GC_FOR_ALLOC freed 438K, 10% free 8776K/9735K, paused 14ms
01-14 13:34:08.575 D/dalvikvm( 1666): GC_CONCURRENT freed 285K, 10% free 7895K/8711K, paused 1ms+7ms
01-14 13:34:09.096 I/System.out( 2718): Values: 160.0
01-14 13:34:10.097 I/System.out( 2718): Values: 160.0
01-14 13:34:11.098 I/System.out( 2718): Values: 160.0
01-14 13:34:12.089 I/System.out( 2718): Values: 160.0
01-14 13:34:13.090 I/System.out( 2718): Values: 160.0
01-14 13:34:14.101 I/System.out( 2718): Values: 160.0
01-14 13:34:15.102 I/System.out( 2718): Values: 160.0
01-14 13:34:16.103 I/System.out( 2718): Values: 160.0
01-14 13:34:17.104 I/System.out( 2718): Values: 160.0
01-14 13:34:17.424 D/UsbnetService( 1574): BroadcastReceiver::onReceive+
01-14 13:34:17.424 D/UsbnetService( 1574): onReceive BATTERY_CHANGED
01-14 13:34:17.424 D/UsbnetService( 1574):  --> pluggedType = 2, mPluggedType = 0, mScreenOff = false
01-14 13:34:17.434 D/UsbnetService( 1574): BroadcastReceiver::onReceive-
01-14 13:34:17.434 D/BatteryService( 1574): SendIntentforPowersaver
01-14 13:34:17.434 D/NotificationService( 1574): mIntentReceiver() Intent.ACTION_BATTERY_CHANGED
01-14 13:34:17.434 D/BatteryService( 1574): Current powersaver status == NORMAL_STATUS1 2 2 false
01-14 13:34:17.444 D/RemoveMe( 1662): DCT got intent android.intent.action.BATTERY_CHANGED
01-14 13:34:17.444 D/PowerUI ( 1645): closing low battery warning: level=99
01-14 13:34:17.444 D/PowerUI ( 1645): plugged = true, health = 2, mBatteryLevel = 99, mPluggedBatteryLevel = 99, mLowBatteryWarningLevel2 = 25, mshowLowChargingWarning2 = true
01-14 13:34:17.454 D/RemoveMe( 1662): DCT got intent android.intent.action.BATTERY_CHANGED
01-14 13:34:17.454 D/RemoveMe( 1662): DCT got intent android.intent.action.BATTERY_CHANGED
01-14 13:34:18.095 I/System.out( 2718): Values: 160.0
01-14 13:34:19.096 I/System.out( 2718): Values: 160.0
01-14 13:34:20.097 I/System.out( 2718): Values: 160.0
01-14 13:34:21.098 I/System.out( 2718): Values: 160.0
01-14 13:34:22.099 I/System.out( 2718): Values: 160.0
01-14 13:34:22.529 D/dalvikvm( 2377): GC_EXPLICIT freed 163K, 11% free 8758K/9735K, paused 6ms+1ms
01-14 13:34:23.100 I/System.out( 2718): Values: 160.0
01-14 13:34:24.101 I/System.out( 2718): Values: 160.0
01-14 13:34:25.102 I/System.out( 2718): Values: 160.0
01-14 13:34:26.103 I/System.out( 2718): Values: 160.0
01-14 13:34:27.103 I/System.out( 2718): Values: 160.0
01-14 13:34:27.574 D/dalvikvm( 2456): GC_EXPLICIT freed 78K, 5% free 6696K/7047K, paused 7ms+2ms
01-14 13:34:28.104 I/System.out( 2718): Values: 160.0
01-14 13:34:29.105 I/System.out( 2718): Values: 160.0
01-14 13:34:30.106 I/System.out( 2718): Values: 160.0
01-14 13:34:31.107 I/System.out( 2718): Values: 160.0
01-14 13:34:32.098 I/System.out( 2718): Values: 160.0
01-14 13:34:33.109 I/System.out( 2718): Values: 160.0
01-14 13:34:34.110 I/System.out( 2718): Values: 160.0
01-14 13:34:35.111 I/System.out( 2718): Values: 160.0
01-14 13:34:36.112 I/System.out( 2718): Values: 160.0
01-14 13:34:37.113 I/System.out( 2718): Values: 160.0
01-14 13:34:38.114 I/System.out( 2718): Values: 160.0
01-14 13:34:39.115 I/System.out( 2718): Values: 160.0
01-14 13:34:40.116 I/System.out( 2718): Values: 160.0
01-14 13:34:41.107 I/System.out( 2718): Values: 160.0
01-14 13:34:42.108 I/System.out( 2718): Values: 160.0
01-14 13:34:43.109 I/System.out( 2718): Values: 160.0
01-14 13:34:44.110 I/System.out( 2718): Values: 160.0
01-14 13:34:45.111 I/System.out( 2718): Values: 160.0
01-14 13:34:46.112 I/System.out( 2718): Values: 160.0
01-14 13:34:47.113 I/System.out( 2718): Values: 160.0
01-14 13:34:47.433 D/UsbnetService( 1574): BroadcastReceiver::onReceive+
01-14 13:34:47.443 D/UsbnetService( 1574): onReceive BATTERY_CHANGED
01-14 13:34:47.443 D/UsbnetService( 1574):  --> pluggedType = 2, mPluggedType = 0, mScreenOff = false
01-14 13:34:47.443 D/UsbnetService( 1574): BroadcastReceiver::onReceive-
01-14 13:34:47.443 D/NotificationService( 1574): mIntentReceiver() Intent.ACTION_BATTERY_CHANGED
01-14 13:34:47.453 D/BatteryService( 1574): SendIntentforPowersaver
01-14 13:34:47.453 D/BatteryService( 1574): Current powersaver status == NORMAL_STATUS1 2 2 false
01-14 13:34:47.463 D/PowerUI ( 1645): closing low battery warning: level=98
01-14 13:34:47.473 D/RemoveMe( 1662): DCT got intent android.intent.action.BATTERY_CHANGED
01-14 13:34:47.473 D/RemoveMe( 1662): DCT got intent android.intent.action.BATTERY_CHANGED
01-14 13:34:47.473 D/RemoveMe( 1662): DCT got intent android.intent.action.BATTERY_CHANGED
01-14 13:34:47.473 D/PowerUI ( 1645): plugged = true, health = 2, mBatteryLevel = 98, mPluggedBatteryLevel = 99, mLowBatteryWarningLevel2 = 25, mshowLowChargingWarning2 = true
01-14 13:34:48.114 I/System.out( 2718): Values: 160.0
01-14 13:34:48.124 I/System.out( 2718): Battery level start is reached
01-14 13:34:49.105 I/System.out( 2718): Values: 160.0
01-14 13:34:50.106 I/System.out( 2718): Values: 160.0
01-14 13:34:51.107 I/System.out( 2718): Values: 160.0
01-14 13:34:52.108 I/System.out( 2718): Values: 160.0
01-14 13:34:53.109 I/System.out( 2718): Values: 160.0
01-14 13:34:54.110 I/System.out( 2718): Values: 160.0
01-14 13:34:55.111 I/System.out( 2718): Values: 160.0
01-14 13:34:56.122 I/System.out( 2718): Values: 160.0
01-14 13:34:57.113 I/System.out( 2718): Values: 160.0
01-14 13:34:58.114 I/System.out( 2718): Values: 160.0
01-14 13:34:59.105 I/System.out( 2718): Values: 160.0
01-14 13:35:00.106 I/System.out( 2718): Values: 160.0
01-14 13:35:01.117 I/System.out( 2718): Values: 160.0
01-14 13:35:02.118 I/System.out( 2718): Values: 160.0
01-14 13:35:03.119 I/System.out( 2718): Values: 160.0
01-14 13:35:04.120 I/System.out( 2718): Values: 160.0
01-14 13:35:05.121 I/System.out( 2718): Values: 160.0
01-14 13:35:06.122 I/System.out( 2718): Values: 160.0
01-14 13:35:07.123 I/System.out( 2718): Values: 160.0
01-14 13:35:08.124 I/System.out( 2718): Values: 160.0
01-14 13:35:09.114 I/System.out( 2718): Values: 160.0
01-14 13:35:10.115 I/System.out( 2718): Values: 160.0
01-14 13:35:11.116 I/System.out( 2718): Values: 160.0
01-14 13:35:12.117 I/System.out( 2718): Values: 160.0
01-14 13:35:13.118 I/System.out( 2718): Values: 160.0
01-14 13:35:14.119 I/System.out( 2718): Values: 160.0
01-14 13:35:15.120 I/System.out( 2718): Values: 160.0
01-14 13:35:16.121 I/System.out( 2718): Values: 160.0
01-14 13:35:17.122 I/System.out( 2718): Values: 160.0
01-14 13:35:17.463 D/UsbnetService( 1574): BroadcastReceiver::onReceive+
01-14 13:35:17.463 D/UsbnetService( 1574): onReceive BATTERY_CHANGED
01-14 13:35:17.463 D/UsbnetService( 1574):  --> pluggedType = 2, mPluggedType = 0, mScreenOff = false
01-14 13:35:17.473 D/UsbnetService( 1574): BroadcastReceiver::onReceive-
01-14 13:35:17.473 D/NotificationService( 1574): mIntentReceiver() Intent.ACTION_BATTERY_CHANGED
01-14 13:35:17.483 D/BatteryService( 1574): SendIntentforPowersaver
01-14 13:35:17.483 D/BatteryService( 1574): Current powersaver status == NORMAL_STATUS1 2 2 false
01-14 13:35:17.493 D/PowerUI ( 1645): closing low battery warning: level=98
01-14 13:35:17.503 D/RemoveMe( 1662): DCT got intent android.intent.action.BATTERY_CHANGED
01-14 13:35:17.503 D/PowerUI ( 1645): plugged = true, health = 2, mBatteryLevel = 98, mPluggedBatteryLevel = 99, mLowBatteryWarningLevel2 = 25, mshowLowChargingWarning2 = true
01-14 13:35:17.513 D/RemoveMe( 1662): DCT got intent android.intent.action.BATTERY_CHANGED
01-14 13:35:17.523 D/RemoveMe( 1662): DCT got intent android.intent.action.BATTERY_CHANGED
01-14 13:35:18.123 I/System.out( 2718): Values: 160.0
01-14 13:35:19.114 I/System.out( 2718): Values: 160.0
01-14 13:35:20.115 I/System.out( 2718): Values: 160.0
01-14 13:35:21.116 I/System.out( 2718): Values: 160.0
01-14 13:35:22.117 I/System.out( 2718): Values: 160.0
01-14 13:35:23.118 I/System.out( 2718): Values: 160.0
01-14 13:35:24.119 I/System.out( 2718): Values: 160.0
01-14 13:35:25.120 I/System.out( 2718): Values: 160.0
01-14 13:35:25.931 I/EventLogService( 1729): Aggregate from 1389704725846 (log), 1389704725846 (data)
01-14 13:35:26.121 I/System.out( 2718): Values: 160.0
01-14 13:35:27.122 I/System.out( 2718): Values: 160.0
01-14 13:35:28.123 I/System.out( 2718): Values: 160.0
01-14 13:35:29.124 I/System.out( 2718): Values: 160.0
01-14 13:35:30.115 I/System.out( 2718): Values: 160.0
01-14 13:35:31.116 I/System.out( 2718): Values: 160.0
01-14 13:35:32.117 I/System.out( 2718): Values: 160.0
01-14 13:35:33.128 I/System.out( 2718): Values: 160.0
01-14 13:35:34.129 I/System.out( 2718): Values: 160.0
01-14 13:35:35.130 I/System.out( 2718): Values: 160.0
01-14 13:35:36.131 I/System.out( 2718): Values: 160.0
01-14 13:35:37.132 I/System.out( 2718): Values: 160.0
01-14 13:35:38.133 I/System.out( 2718): Values: 160.0
01-14 13:35:39.134 I/System.out( 2718): Values: 160.0
01-14 13:35:40.125 I/System.out( 2718): Values: 160.0
01-14 13:35:41.126 I/System.out( 2718): Values: 160.0
01-14 13:35:42.127 I/System.out( 2718): Values: 160.0
01-14 13:35:43.128 I/System.out( 2718): Values: 160.0
01-14 13:35:44.129 I/System.out( 2718): Values: 160.0
01-14 13:35:45.130 I/System.out( 2718): Values: 160.0
01-14 13:35:46.131 I/System.out( 2718): Values: 160.0
01-14 13:35:47.132 I/System.out( 2718): Values: 160.0
01-14 13:35:47.502 D/UsbnetService( 1574): BroadcastReceiver::onReceive+
01-14 13:35:47.502 D/UsbnetService( 1574): onReceive BATTERY_CHANGED
01-14 13:35:47.502 D/UsbnetService( 1574):  --> pluggedType = 2, mPluggedType = 0, mScreenOff = false
01-14 13:35:47.502 D/UsbnetService( 1574): BroadcastReceiver::onReceive-
01-14 13:35:47.502 D/NotificationService( 1574): mIntentReceiver() Intent.ACTION_BATTERY_CHANGED
01-14 13:35:47.512 D/BatteryService( 1574): SendIntentforPowersaver
01-14 13:35:47.512 D/BatteryService( 1574): Current powersaver status == NORMAL_STATUS1 2 2 false
01-14 13:35:47.522 D/PowerUI ( 1645): closing low battery warning: level=98
01-14 13:35:47.532 D/RemoveMe( 1662): DCT got intent android.intent.action.BATTERY_CHANGED
01-14 13:35:47.532 D/PowerUI ( 1645): plugged = true, health = 2, mBatteryLevel = 98, mPluggedBatteryLevel = 99, mLowBatteryWarningLevel2 = 25, mshowLowChargingWarning2 = true
01-14 13:35:47.542 D/RemoveMe( 1662): DCT got intent android.intent.action.BATTERY_CHANGED
01-14 13:35:47.552 D/RemoveMe( 1662): DCT got intent android.intent.action.BATTERY_CHANGED
01-14 13:35:48.133 I/System.out( 2718): Values: 160.0
01-14 13:35:49.134 I/System.out( 2718): Values: 160.0
01-14 13:35:50.124 I/System.out( 2718): Values: 160.0
01-14 13:35:51.125 I/System.out( 2718): Values: 160.0
01-14 13:35:52.126 I/System.out( 2718): Values: 160.0
01-14 13:35:53.127 I/System.out( 2718): Values: 160.0
01-14 13:35:54.128 I/System.out( 2718): Values: 160.0
01-14 13:35:55.129 I/System.out( 2718): Values: 160.0
01-14 13:35:56.130 I/System.out( 2718): Values: 160.0
01-14 13:35:57.131 I/System.out( 2718): Values: 160.0
01-14 13:35:58.132 I/System.out( 2718): Values: 160.0
01-14 13:35:59.133 I/System.out( 2718): Values: 160.0
01-14 13:36:00.124 I/System.out( 2718): Values: 160.0
01-14 13:36:01.125 I/System.out( 2718): Values: 160.0
01-14 13:36:02.126 I/System.out( 2718): Values: 160.0
01-14 13:36:03.127 I/System.out( 2718): Values: 160.0
01-14 13:36:04.128 I/System.out( 2718): Values: 160.0
01-14 13:36:05.129 I/System.out( 2718): Values: 160.0
01-14 13:36:05.139 D/dalvikvm( 1681): GC_EXPLICIT freed 780K, 25% free 10269K/13639K, paused 7ms+2ms
01-14 13:36:06.130 I/System.out( 2718): Values: 160.0
01-14 13:36:07.131 I/System.out( 2718): Values: 160.0
01-14 13:36:08.132 I/System.out( 2718): Values: 160.0
01-14 13:36:09.133 I/System.out( 2718): Values: 160.0
01-14 13:36:10.134 I/System.out( 2718): Values: 160.0
01-14 13:36:11.125 I/System.out( 2718): Values: 160.0
01-14 13:36:12.126 I/System.out( 2718): Values: 160.0
01-14 13:36:13.127 I/System.out( 2718): Values: 160.0
01-14 13:36:14.128 I/System.out( 2718): Values: 160.0
01-14 13:36:15.139 I/System.out( 2718): Values: 160.0
01-14 13:36:16.140 I/System.out( 2718): Values: 160.0
01-14 13:36:17.141 I/System.out( 2718): Values: 160.0
01-14 13:36:17.521 D/UsbnetService( 1574): BroadcastReceiver::onReceive+
01-14 13:36:17.521 D/UsbnetService( 1574): onReceive BATTERY_CHANGED
01-14 13:36:17.521 D/UsbnetService( 1574):  --> pluggedType = 2, mPluggedType = 0, mScreenOff = false
01-14 13:36:17.521 D/UsbnetService( 1574): BroadcastReceiver::onReceive-
01-14 13:36:17.521 D/NotificationService( 1574): mIntentReceiver() Intent.ACTION_BATTERY_CHANGED
01-14 13:36:17.531 D/BatteryService( 1574): SendIntentforPowersaver
01-14 13:36:17.531 D/BatteryService( 1574): Current powersaver status == NORMAL_STATUS1 2 2 false
01-14 13:36:17.541 D/PowerUI ( 1645): closing low battery warning: level=98
01-14 13:36:17.541 D/PowerUI ( 1645): plugged = true, health = 2, mBatteryLevel = 98, mPluggedBatteryLevel = 99, mLowBatteryWarningLevel2 = 25, mshowLowChargingWarning2 = true
01-14 13:36:17.551 D/RemoveMe( 1662): DCT got intent android.intent.action.BATTERY_CHANGED
01-14 13:36:17.571 D/RemoveMe( 1662): DCT got intent android.intent.action.BATTERY_CHANGED
01-14 13:36:17.571 D/RemoveMe( 1662): DCT got intent android.intent.action.BATTERY_CHANGED
01-14 13:36:18.142 I/System.out( 2718): Values: 160.0
01-14 13:36:19.143 I/System.out( 2718): Values: 160.0
01-14 13:36:20.144 I/System.out( 2718): Values: 160.0
01-14 13:36:21.135 I/System.out( 2718): Values: 160.0
01-14 13:36:22.136 I/System.out( 2718): Values: 160.0
01-14 13:36:23.137 I/System.out( 2718): Values: 160.0
01-14 13:36:24.138 I/System.out( 2718): Values: 160.0
01-14 13:36:25.139 I/System.out( 2718): Values: 160.0
01-14 13:36:26.140 I/System.out( 2718): Values: 160.0
01-14 13:36:27.141 I/System.out( 2718): Values: 160.0
01-14 13:36:28.142 I/System.out( 2718): Values: 160.0
01-14 13:36:29.143 I/System.out( 2718): Values: 160.0
01-14 13:36:30.144 I/System.out( 2718): Values: 160.0
01-14 13:36:31.134 I/System.out( 2718): Values: 160.0
01-14 13:36:32.135 I/System.out( 2718): Values: 160.0
01-14 13:36:33.136 I/System.out( 2718): Values: 160.0
01-14 13:36:34.137 I/System.out( 2718): Values: 160.0
01-14 13:36:35.138 I/System.out( 2718): Values: 160.0
01-14 13:36:36.139 I/System.out( 2718): Values: 160.0
01-14 13:36:36.219 D/dalvikvm( 2718): GC_CONCURRENT freed 337K, 7% free 6555K/6983K, paused 4ms+1ms
01-14 13:36:37.140 I/System.out( 2718): Values: 160.0
01-14 13:36:38.141 I/System.out( 2718): Values: 160.0
01-14 13:36:39.142 I/System.out( 2718): Values: 160.0
01-14 13:36:40.143 I/System.out( 2718): Values: 160.0
01-14 13:36:41.134 I/System.out( 2718): Values: 160.0
01-14 13:36:42.135 I/System.out( 2718): Values: 160.0
01-14 13:36:43.136 I/System.out( 2718): Values: 160.0
01-14 13:36:44.137 I/System.out( 2718): Values: 160.0
01-14 13:36:45.138 I/System.out( 2718): Values: 160.0
01-14 13:36:46.139 I/System.out( 2718): Values: 160.0
01-14 13:36:47.140 I/System.out( 2718): Values: 160.0
01-14 13:36:47.561 D/UsbnetService( 1574): BroadcastReceiver::onReceive+
01-14 13:36:47.561 D/UsbnetService( 1574): onReceive BATTERY_CHANGED
01-14 13:36:47.561 D/UsbnetService( 1574):  --> pluggedType = 2, mPluggedType = 0, mScreenOff = false
01-14 13:36:47.561 D/UsbnetService( 1574): BroadcastReceiver::onReceive-
01-14 13:36:47.561 D/NotificationService( 1574): mIntentReceiver() Intent.ACTION_BATTERY_CHANGED
01-14 13:36:47.571 D/BatteryService( 1574): SendIntentforPowersaver
01-14 13:36:47.571 D/BatteryService( 1574): Current powersaver status == NORMAL_STATUS1 2 2 false
01-14 13:36:47.591 D/RemoveMe( 1662): DCT got intent android.intent.action.BATTERY_CHANGED
01-14 13:36:47.591 D/PowerUI ( 1645): closing low battery warning: level=98
01-14 13:36:47.601 D/PowerUI ( 1645): plugged = true, health = 2, mBatteryLevel = 98, mPluggedBatteryLevel = 99, mLowBatteryWarningLevel2 = 25, mshowLowChargingWarning2 = true
01-14 13:36:47.601 D/RemoveMe( 1662): DCT got intent android.intent.action.BATTERY_CHANGED
01-14 13:36:47.621 D/RemoveMe( 1662): DCT got intent android.intent.action.BATTERY_CHANGED
01-14 13:36:48.141 I/System.out( 2718): Values: 160.0
01-14 13:36:49.142 I/System.out( 2718): Values: 160.0
01-14 13:36:50.143 I/System.out( 2718): Values: 160.0
01-14 13:36:51.144 I/System.out( 2718): Values: 160.0
01-14 13:36:52.135 I/System.out( 2718): Values: 160.0
01-14 13:36:53.136 I/System.out( 2718): Values: 160.0
01-14 13:36:54.137 I/System.out( 2718): Values: 160.0
01-14 13:36:55.138 I/System.out( 2718): Values: 160.0
01-14 13:36:56.139 I/System.out( 2718): Values: 160.0
01-14 13:36:57.140 I/System.out( 2718): Values: 160.0
01-14 13:36:58.141 I/System.out( 2718): Values: 160.0
01-14 13:36:59.142 I/System.out( 2718): Values: 160.0
01-14 13:37:00.143 I/System.out( 2718): Values: 160.0
01-14 13:37:01.144 I/System.out( 2718): Values: 160.0
01-14 13:37:02.135 I/System.out( 2718): Values: 160.0
01-14 13:37:03.136 I/System.out( 2718): Values: 160.0
01-14 13:37:04.137 I/System.out( 2718): Values: 160.0
01-14 13:37:05.138 I/System.out( 2718): Values: 160.0
01-14 13:37:06.139 I/System.out( 2718): Values: 160.0
01-14 13:37:07.140 I/System.out( 2718): Values: 160.0
01-14 13:37:08.141 I/System.out( 2718): Values: 160.0
01-14 13:37:09.142 I/System.out( 2718): Values: 160.0
01-14 13:37:10.153 I/System.out( 2718): Values: 160.0
01-14 13:37:11.144 I/System.out( 2718): Values: 160.0
01-14 13:37:12.134 I/System.out( 2718): Values: 160.0
01-14 13:37:13.135 I/System.out( 2718): Values: 160.0
01-14 13:37:14.136 I/System.out( 2718): Values: 160.0
01-14 13:37:15.137 I/System.out( 2718): Values: 160.0
01-14 13:37:16.148 I/System.out( 2718): Values: 160.0
01-14 13:37:17.149 I/System.out( 2718): Values: 160.0
01-14 13:37:18.150 I/System.out( 2718): Values: 160.0
01-14 13:37:19.151 I/System.out( 2718): Values: 160.0
01-14 13:37:20.152 I/System.out( 2718): Values: 160.0
01-14 13:37:21.153 I/System.out( 2718): Values: 160.0
01-14 13:37:22.144 I/System.out( 2718): Values: 160.0
01-14 13:37:23.145 I/System.out( 2718): Values: 160.0
01-14 13:37:24.146 I/System.out( 2718): Values: 160.0
01-14 13:37:25.147 I/System.out( 2718): Values: 160.0
01-14 13:37:26.148 I/System.out( 2718): Values: 160.0
01-14 13:37:27.149 I/System.out( 2718): Values: 160.0
01-14 13:37:28.150 I/System.out( 2718): Values: 160.0
01-14 13:37:29.151 I/System.out( 2718): Values: 160.0
01-14 13:37:30.152 I/System.out( 2718): Values: 160.0
01-14 13:37:31.153 I/System.out( 2718): Values: 160.0
01-14 13:37:32.154 I/System.out( 2718): Values: 160.0
01-14 13:37:33.145 I/System.out( 2718): Values: 160.0
01-14 13:37:34.146 I/System.out( 2718): Values: 160.0
01-14 13:37:35.147 I/System.out( 2718): Values: 160.0
01-14 13:37:36.148 I/System.out( 2718): Values: 160.0
01-14 13:37:37.149 I/System.out( 2718): Values: 160.0
01-14 13:37:38.150 I/System.out( 2718): Values: 160.0
01-14 13:37:39.151 I/System.out( 2718): Values: 160.0
01-14 13:37:40.152 I/System.out( 2718): Values: 160.0
01-14 13:37:41.153 I/System.out( 2718): Values: 160.0
01-14 13:37:42.154 I/System.out( 2718): Values: 160.0
01-14 13:37:43.145 I/System.out( 2718): Values: 160.0
01-14 13:37:44.146 I/System.out( 2718): Values: 160.0
01-14 13:37:45.147 I/System.out( 2718): Values: 160.0
01-14 13:37:46.148 I/System.out( 2718): Values: 160.0
01-14 13:37:47.149 I/System.out( 2718): Values: 160.0
01-14 13:37:47.589 D/UsbnetService( 1574): BroadcastReceiver::onReceive+
01-14 13:37:47.589 D/UsbnetService( 1574): onReceive BATTERY_CHANGED
01-14 13:37:47.589 D/UsbnetService( 1574):  --> pluggedType = 2, mPluggedType = 0, mScreenOff = false
01-14 13:37:47.589 D/UsbnetService( 1574): BroadcastReceiver::onReceive-
01-14 13:37:47.589 D/NotificationService( 1574): mIntentReceiver() Intent.ACTION_BATTERY_CHANGED
01-14 13:37:47.599 D/BatteryService( 1574): SendIntentforPowersaver
01-14 13:37:47.609 D/BatteryService( 1574): Current powersaver status == NORMAL_STATUS1 2 2 false
01-14 13:37:47.619 D/PowerUI ( 1645): closing low battery warning: level=98
01-14 13:37:47.629 D/RemoveMe( 1662): DCT got intent android.intent.action.BATTERY_CHANGED
01-14 13:37:47.629 D/PowerUI ( 1645): plugged = true, health = 2, mBatteryLevel = 98, mPluggedBatteryLevel = 99, mLowBatteryWarningLevel2 = 25, mshowLowChargingWarning2 = true
01-14 13:37:47.639 D/RemoveMe( 1662): DCT got intent android.intent.action.BATTERY_CHANGED
01-14 13:37:47.649 D/RemoveMe( 1662): DCT got intent android.intent.action.BATTERY_CHANGED
01-14 13:37:48.150 I/System.out( 2718): Values: 160.0
01-14 13:37:49.151 I/System.out( 2718): Values: 160.0
01-14 13:37:50.152 I/System.out( 2718): Values: 160.0
01-14 13:37:51.153 I/System.out( 2718): Values: 160.0
01-14 13:37:52.154 I/System.out( 2718): Values: 160.0
01-14 13:37:53.145 I/System.out( 2718): Values: 160.0
01-14 13:37:54.145 I/System.out( 2718): Values: 160.0
01-14 13:37:55.146 I/System.out( 2718): Values: 160.0
01-14 13:37:56.147 I/System.out( 2718): Values: 160.0
01-14 13:37:57.148 I/System.out( 2718): Values: 160.0
01-14 13:37:58.159 I/System.out( 2718): Values: 160.0
01-14 13:37:59.160 I/System.out( 2718): Values: 160.0
01-14 13:38:00.001 I/ActivityManager( 1574): No longer want com.android.defcontainer (pid 2610): hidden #16
01-14 13:38:00.161 I/System.out( 2718): Values: 160.0
01-14 13:38:01.162 I/System.out( 2718): Values: 160.0
01-14 13:38:02.163 I/System.out( 2718): Values: 160.0
01-14 13:38:03.154 I/System.out( 2718): Values: 160.0
01-14 13:38:04.155 I/System.out( 2718): Values: 160.0
01-14 13:38:05.126 D/dalvikvm( 1765): GC_EXPLICIT freed 7K, 7% free 6840K/7303K, paused 6ms+1ms
01-14 13:38:05.156 I/System.out( 2718): Values: 160.0
01-14 13:38:06.157 I/System.out( 2718): Values: 160.0
01-14 13:38:07.158 I/System.out( 2718): Values: 160.0
01-14 13:38:08.159 I/System.out( 2718): Values: 160.0
01-14 13:38:09.160 I/System.out( 2718): Values: 160.0
01-14 13:38:10.151 D/dalvikvm( 1681): GC_EXPLICIT freed 5K, 25% free 10265K/13639K, paused 7ms+3ms
01-14 13:38:10.161 I/System.out( 2718): Values: 160.0
01-14 13:38:11.162 I/System.out( 2718): Values: 160.0
01-14 13:38:12.163 I/System.out( 2718): Values: 160.0
01-14 13:38:13.154 I/System.out( 2718): Values: 160.0
01-14 13:38:14.155 I/System.out( 2718): Values: 160.0
01-14 13:38:15.156 I/System.out( 2718): Values: 160.0
01-14 13:38:16.157 I/System.out( 2718): Values: 160.0
01-14 13:38:17.158 I/System.out( 2718): Values: 160.0
01-14 13:38:17.618 D/UsbnetService( 1574): BroadcastReceiver::onReceive+
01-14 13:38:17.618 D/UsbnetService( 1574): onReceive BATTERY_CHANGED
01-14 13:38:17.618 D/UsbnetService( 1574):  --> pluggedType = 2, mPluggedType = 0, mScreenOff = false
01-14 13:38:17.618 D/UsbnetService( 1574): BroadcastReceiver::onReceive-
01-14 13:38:17.618 D/NotificationService( 1574): mIntentReceiver() Intent.ACTION_BATTERY_CHANGED
01-14 13:38:17.628 D/BatteryService( 1574): SendIntentforPowersaver
01-14 13:38:17.628 D/BatteryService( 1574): Current powersaver status == NORMAL_STATUS1 2 2 false
01-14 13:38:17.638 D/PowerUI ( 1645): closing low battery warning: level=98
01-14 13:38:17.648 D/RemoveMe( 1662): DCT got intent android.intent.action.BATTERY_CHANGED
01-14 13:38:17.648 D/PowerUI ( 1645): plugged = true, health = 2, mBatteryLevel = 98, mPluggedBatteryLevel = 99, mLowBatteryWarningLevel2 = 25, mshowLowChargingWarning2 = true
01-14 13:38:17.658 D/RemoveMe( 1662): DCT got intent android.intent.action.BATTERY_CHANGED
01-14 13:38:17.658 D/RemoveMe( 1662): DCT got intent android.intent.action.BATTERY_CHANGED
01-14 13:38:18.159 I/System.out( 2718): Values: 160.0
01-14 13:38:19.160 I/System.out( 2718): Values: 160.0
01-14 13:38:20.161 I/System.out( 2718): Values: 160.0
01-14 13:38:21.162 I/System.out( 2718): Values: 160.0
01-14 13:38:22.163 I/System.out( 2718): Values: 160.0
01-14 13:38:23.164 I/System.out( 2718): Values: 160.0
01-14 13:38:24.155 I/System.out( 2718): Values: 160.0
01-14 13:38:25.156 I/System.out( 2718): Values: 160.0
01-14 13:38:26.157 I/System.out( 2718): Values: 160.0
01-14 13:38:27.158 I/System.out( 2718): Values: 160.0
01-14 13:38:28.159 I/System.out( 2718): Values: 160.0
01-14 13:38:29.160 I/System.out( 2718): Values: 160.0
01-14 13:38:30.161 I/System.out( 2718): Values: 160.0
01-14 13:38:31.162 I/System.out( 2718): Values: 160.0
01-14 13:38:32.163 I/System.out( 2718): Values: 160.0
01-14 13:38:32.723 D/SntpClient( 1574): requestTime: called by Thread[ThrottleService,5,main], failed: java.net.UnknownHostException: Unable to resolve host "north-america.pool.ntp.org": No address associated with hostname
01-14 13:38:32.733 D/NetdConnector( 1574): listenToSocket read--: (6,0)
01-14 13:38:32.733 D/NetdConnector( 1574): RCV <- {216 0}
01-14 13:38:32.733 D/NetdConnector( 1574): listenToSocket read++
01-14 13:38:32.733 D/NetdConnector( 1574): doCommand++ (Wait Response)
01-14 13:38:32.733 D/NetdConnector( 1574): RSP <- {216 0}
01-14 13:38:32.743 D/NetdConnector( 1574): miNoRespCnt=0
01-14 13:38:32.743 D/NetdConnector( 1574): doCommand-- (complete)
01-14 13:38:32.743 D/NetdConnector( 1574): listenToSocket read--: (6,0)
01-14 13:38:32.743 D/NetdConnector( 1574): RCV <- {217 0}
01-14 13:38:32.743 D/NetdConnector( 1574): listenToSocket read++
01-14 13:38:32.743 D/NetdConnector( 1574): doCommand++ (Wait Response)
01-14 13:38:32.743 D/NetdConnector( 1574): RSP <- {217 0}
01-14 13:38:32.753 D/NetdConnector( 1574): miNoRespCnt=0
01-14 13:38:32.753 D/NetdConnector( 1574): doCommand-- (complete)
01-14 13:38:32.763 D/SntpClient( 1574): requestTime: called by Thread[ThrottleService,5,main], failed: java.net.UnknownHostException: Unable to resolve host "north-america.pool.ntp.org": No address associated with hostname
01-14 13:38:32.773 D/SntpClient( 1574): requestTime: called by Thread[ThrottleService,5,main], failed: java.net.UnknownHostException: Unable to resolve host "north-america.pool.ntp.org": No address associated with hostname
01-14 13:38:33.164 I/System.out( 2718): Values: 160.0
01-14 13:38:34.155 I/System.out( 2718): Values: 160.0
01-14 13:38:35.155 I/System.out( 2718): Values: 160.0
01-14 13:38:36.156 I/System.out( 2718): Values: 160.0
01-14 13:38:37.157 I/System.out( 2718): Values: 160.0
01-14 13:38:38.158 I/System.out( 2718): Values: 160.0
01-14 13:38:39.159 I/System.out( 2718): Values: 160.0
01-14 13:38:40.160 I/System.out( 2718): Values: 160.0
01-14 13:38:41.161 I/System.out( 2718): Values: 160.0
01-14 13:38:42.162 I/System.out( 2718): Values: 160.0
01-14 13:38:43.163 I/System.out( 2718): Values: 160.0
01-14 13:38:44.154 I/System.out( 2718): Values: 160.0
01-14 13:38:45.155 I/System.out( 2718): Values: 160.0
01-14 13:38:46.156 I/System.out( 2718): Values: 160.0
01-14 13:38:47.157 I/System.out( 2718): Values: 160.0
01-14 13:38:47.638 D/UsbnetService( 1574): BroadcastReceiver::onReceive+
01-14 13:38:47.638 D/UsbnetService( 1574): onReceive BATTERY_CHANGED
01-14 13:38:47.638 D/UsbnetService( 1574):  --> pluggedType = 2, mPluggedType = 0, mScreenOff = false
01-14 13:38:47.638 D/UsbnetService( 1574): BroadcastReceiver::onReceive-
01-14 13:38:47.638 D/NotificationService( 1574): mIntentReceiver() Intent.ACTION_BATTERY_CHANGED
01-14 13:38:47.648 D/BatteryService( 1574): SendIntentforPowersaver
01-14 13:38:47.648 D/BatteryService( 1574): Current powersaver status == NORMAL_STATUS1 2 2 false
01-14 13:38:47.658 D/RemoveMe( 1662): DCT got intent android.intent.action.BATTERY_CHANGED
01-14 13:38:47.658 D/PowerUI ( 1645): closing low battery warning: level=97
01-14 13:38:47.658 D/PowerUI ( 1645): plugged = true, health = 2, mBatteryLevel = 97, mPluggedBatteryLevel = 99, mLowBatteryWarningLevel2 = 25, mshowLowChargingWarning2 = true
01-14 13:38:47.668 D/RemoveMe( 1662): DCT got intent android.intent.action.BATTERY_CHANGED
01-14 13:38:47.678 D/RemoveMe( 1662): DCT got intent android.intent.action.BATTERY_CHANGED
01-14 13:38:48.158 I/System.out( 2718): Values: 160.0
01-14 13:38:48.168 I/System.out( 2718): Battery level end is reached
01-14 13:38:48.168 I/System.out( 2718): Time difference in secs is: 240
01-14 13:38:49.169 I/System.out( 2718): Values: 160.0
01-14 13:38:49.169 I/System.out( 2718): Time difference in secs is: 240
01-14 13:38:50.170 I/System.out( 2718): Values: 160.0
01-14 13:38:50.170 I/System.out( 2718): Time difference in secs is: 240
01-14 13:38:51.171 I/System.out( 2718): Values: 160.0
01-14 13:38:51.171 I/System.out( 2718): Time difference in secs is: 240
01-14 13:38:52.172 I/System.out( 2718): Values: 160.0
01-14 13:38:52.172 I/System.out( 2718): Time difference in secs is: 240
01-14 13:38:53.173 I/System.out( 2718): Values: 160.0
01-14 13:38:53.173 I/System.out( 2718): Time difference in secs is: 240
01-14 13:38:54.164 I/System.out( 2718): Values: 160.0
01-14 13:38:54.164 I/System.out( 2718): Time difference in secs is: 240
01-14 13:38:55.165 I/System.out( 2718): Values: 160.0
01-14 13:38:55.165 I/System.out( 2718): Time difference in secs is: 240
01-14 13:38:56.166 I/System.out( 2718): Values: 160.0
01-14 13:38:56.166 I/System.out( 2718): Time difference in secs is: 240
01-14 13:38:57.167 I/System.out( 2718): Values: 160.0
01-14 13:38:57.167 I/System.out( 2718): Time difference in secs is: 240
01-14 13:38:58.168 I/System.out( 2718): Values: 160.0
01-14 13:38:58.168 I/System.out( 2718): Time difference in secs is: 240
01-14 13:38:59.169 I/System.out( 2718): Values: 160.0
01-14 13:38:59.169 I/System.out( 2718): Time difference in secs is: 240
01-14 13:39:00.170 I/System.out( 2718): Values: 160.0
01-14 13:39:00.170 I/System.out( 2718): Time difference in secs is: 240
01-14 13:39:01.171 I/System.out( 2718): Values: 160.0
01-14 13:39:01.171 I/System.out( 2718): Time difference in secs is: 240
01-14 13:39:02.172 I/System.out( 2718): Values: 160.0
01-14 13:39:02.172 I/System.out( 2718): Time difference in secs is: 240
01-14 13:39:03.173 I/System.out( 2718): Values: 160.0
01-14 13:39:03.183 I/System.out( 2718): Time difference in secs is: 240
01-14 13:39:04.174 I/System.out( 2718): Values: 160.0
01-14 13:39:04.174 I/System.out( 2718): Time difference in secs is: 240
01-14 13:39:05.165 I/System.out( 2718): Values: 160.0
01-14 13:39:05.165 I/System.out( 2718): Time difference in secs is: 240
01-14 13:39:06.166 I/System.out( 2718): Values: 160.0
01-14 13:39:06.166 I/System.out( 2718): Time difference in secs is: 240
01-14 13:39:07.167 I/System.out( 2718): Values: 160.0
01-14 13:39:07.177 I/System.out( 2718): Time difference in secs is: 240
01-14 13:39:08.168 I/System.out( 2718): Values: 160.0
01-14 13:39:08.168 I/System.out( 2718): Time difference in secs is: 240
01-14 13:39:09.169 I/System.out( 2718): Values: 160.0
01-14 13:39:09.169 I/System.out( 2718): Time difference in secs is: 240
01-14 13:39:10.170 I/System.out( 2718): Values: 160.0
01-14 13:39:10.170 I/System.out( 2718): Time difference in secs is: 240
01-14 13:39:11.171 I/System.out( 2718): Values: 160.0
01-14 13:39:11.171 I/System.out( 2718): Time difference in secs is: 240
01-14 13:39:12.172 I/System.out( 2718): Values: 160.0
01-14 13:39:12.182 I/System.out( 2718): Time difference in secs is: 240
01-14 13:39:13.173 I/System.out( 2718): Values: 160.0
01-14 13:39:13.183 I/System.out( 2718): Time difference in secs is: 240
01-14 13:39:14.174 I/System.out( 2718): Values: 160.0
01-14 13:39:14.184 I/System.out( 2718): Time difference in secs is: 240
01-14 13:39:15.165 I/System.out( 2718): Values: 160.0
01-14 13:39:15.175 I/System.out( 2718): Time difference in secs is: 240
01-14 13:39:16.165 I/System.out( 2718): Values: 160.0
01-14 13:39:16.176 I/System.out( 2718): Time difference in secs is: 240
01-14 13:39:17.166 I/System.out( 2718): Values: 160.0
01-14 13:39:17.176 I/System.out( 2718): Time difference in secs is: 240
01-14 13:39:17.657 D/UsbnetService( 1574): BroadcastReceiver::onReceive+
01-14 13:39:17.657 D/UsbnetService( 1574): onReceive BATTERY_CHANGED
01-14 13:39:17.657 D/UsbnetService( 1574):  --> pluggedType = 2, mPluggedType = 0, mScreenOff = false
01-14 13:39:17.657 D/UsbnetService( 1574): BroadcastReceiver::onReceive-
01-14 13:39:17.657 D/NotificationService( 1574): mIntentReceiver() Intent.ACTION_BATTERY_CHANGED
01-14 13:39:17.677 D/BatteryService( 1574): SendIntentforPowersaver
01-14 13:39:17.677 D/BatteryService( 1574): Current powersaver status == NORMAL_STATUS1 2 2 false
01-14 13:39:17.677 D/RemoveMe( 1662): DCT got intent android.intent.action.BATTERY_CHANGED
01-14 13:39:17.677 D/PowerUI ( 1645): closing low battery warning: level=97
01-14 13:39:17.677 D/PowerUI ( 1645): plugged = true, health = 2, mBatteryLevel = 97, mPluggedBatteryLevel = 99, mLowBatteryWarningLevel2 = 25, mshowLowChargingWarning2 = true
01-14 13:39:17.697 D/RemoveMe( 1662): DCT got intent android.intent.action.BATTERY_CHANGED
01-14 13:39:17.707 D/RemoveMe( 1662): DCT got intent android.intent.action.BATTERY_CHANGED
01-14 13:39:18.167 I/System.out( 2718): Values: 160.0
01-14 13:39:18.177 I/System.out( 2718): Time difference in secs is: 240
01-14 13:39:19.168 I/System.out( 2718): Values: 160.0
01-14 13:39:19.178 I/System.out( 2718): Time difference in secs is: 240
01-14 13:39:20.169 I/System.out( 2718): Values: 160.0
01-14 13:39:20.179 I/System.out( 2718): Time difference in secs is: 240
01-14 13:39:21.170 I/System.out( 2718): Values: 160.0
01-14 13:39:21.180 I/System.out( 2718): Time difference in secs is: 240
01-14 13:39:22.171 I/System.out( 2718): Values: 160.0
01-14 13:39:22.181 I/System.out( 2718): Time difference in secs is: 240
01-14 13:39:23.172 I/System.out( 2718): Values: 160.0
01-14 13:39:23.182 I/System.out( 2718): Time difference in secs is: 240
01-14 13:39:24.173 I/System.out( 2718): Values: 160.0
01-14 13:39:24.183 I/System.out( 2718): Time difference in secs is: 240
01-14 13:39:25.164 I/System.out( 2718): Values: 160.0
01-14 13:39:25.174 I/System.out( 2718): Time difference in secs is: 240
01-14 13:39:26.165 I/System.out( 2718): Values: 160.0
01-14 13:39:26.175 I/System.out( 2718): Time difference in secs is: 240
01-14 13:39:27.166 I/System.out( 2718): Values: 160.0
01-14 13:39:27.176 I/System.out( 2718): Time difference in secs is: 240
01-14 13:39:28.177 I/System.out( 2718): Values: 160.0
01-14 13:39:28.177 I/System.out( 2718): Time difference in secs is: 240
01-14 13:39:29.178 I/System.out( 2718): Values: 160.0
01-14 13:39:29.178 I/System.out( 2718): Time difference in secs is: 240
01-14 13:39:30.179 I/System.out( 2718): Values: 160.0
01-14 13:39:30.179 I/System.out( 2718): Time difference in secs is: 240
01-14 13:39:31.180 I/System.out( 2718): Values: 160.0
01-14 13:39:31.180 I/System.out( 2718): Time difference in secs is: 240
01-14 13:39:32.181 I/System.out( 2718): Values: 160.0
01-14 13:39:32.181 I/System.out( 2718): Time difference in secs is: 240
01-14 13:39:33.182 I/System.out( 2718): Values: 160.0
01-14 13:39:33.182 I/System.out( 2718): Time difference in secs is: 240
01-14 13:39:34.183 I/System.out( 2718): Values: 160.0
01-14 13:39:34.183 I/System.out( 2718): Time difference in secs is: 240
01-14 13:39:35.174 I/System.out( 2718): Values: 160.0
01-14 13:39:35.174 I/System.out( 2718): Time difference in secs is: 240
01-14 13:39:36.175 I/System.out( 2718): Values: 160.0
01-14 13:39:36.175 I/System.out( 2718): Time difference in secs is: 240
01-14 13:39:37.176 I/System.out( 2718): Values: 160.0
01-14 13:39:37.176 I/System.out( 2718): Time difference in secs is: 240
01-14 13:39:37.646 D/dalvikvm( 2718): Debugger has detached; object registry had 1 entries
01-14 13:39:37.646 W/Vold    ( 1434): Ignoring unknown switch 'usb_mass_storage'
01-14 13:39:37.656 I/WindowOrientationListener( 1574): Orientation only support 2 directions
01-14 13:39:38.187 I/System.out( 2718): Values: 160.0
01-14 13:39:38.197 I/System.out( 2718): Time difference in secs is: 240
01-14 13:39:38.257 D/dalvikvm( 2718): GC_CONCURRENT freed 397K, 8% free 6565K/7111K, paused 5ms+1ms
01-14 13:39:38.527 W/Vold    ( 1434): Ignoring unknown switch 'usb_mass_storage'
01-14 13:39:39.188 I/System.out( 2718): Values: 160.0
01-14 13:39:39.188 I/System.out( 2718): Time difference in secs is: 240
01-14 13:39:40.189 I/System.out( 2718): Values: 160.0
01-14 13:39:40.189 I/System.out( 2718): Time difference in secs is: 240
01-14 13:39:41.180 I/System.out( 2718): Values: 160.0
01-14 13:39:41.190 I/System.out( 2718): Time difference in secs is: 240
01-14 13:39:42.181 I/System.out( 2718): Values: 160.0
01-14 13:39:42.191 I/System.out( 2718): Time difference in secs is: 240
01-14 13:39:43.192 I/System.out( 2718): Values: 160.0
01-14 13:39:43.192 I/System.out( 2718): Time difference in secs is: 240
01-14 13:39:44.193 I/System.out( 2718): Values: 160.0
01-14 13:39:44.193 I/System.out( 2718): Time difference in secs is: 240
01-14 13:39:45.194 I/System.out( 2718): Values: 160.0
01-14 13:39:45.194 I/System.out( 2718): Time difference in secs is: 240
01-14 13:39:46.185 I/System.out( 2718): Values: 160.0
01-14 13:39:46.185 I/System.out( 2718): Time difference in secs is: 240
01-14 13:39:47.186 I/System.out( 2718): Values: 160.0
01-14 13:39:47.186 I/System.out( 2718): Time difference in secs is: 240
01-14 13:39:47.686 D/UsbnetService( 1574): BroadcastReceiver::onReceive+
01-14 13:39:47.686 D/UsbnetService( 1574): onReceive BATTERY_CHANGED
01-14 13:39:47.686 D/UsbnetService( 1574):  --> pluggedType = 2, mPluggedType = 0, mScreenOff = false
01-14 13:39:47.686 D/UsbnetService( 1574): BroadcastReceiver::onReceive-
01-14 13:39:47.686 D/NotificationService( 1574): mIntentReceiver() Intent.ACTION_BATTERY_CHANGED
01-14 13:39:47.696 D/BatteryService( 1574): SendIntentforPowersaver
01-14 13:39:47.706 D/BatteryService( 1574): Current powersaver status == NORMAL_STATUS1 2 2 false
01-14 13:39:47.706 D/RemoveMe( 1662): DCT got intent android.intent.action.BATTERY_CHANGED
01-14 13:39:47.706 D/PowerUI ( 1645): closing low battery warning: level=97
01-14 13:39:47.716 D/PowerUI ( 1645): plugged = true, health = 2, mBatteryLevel = 97, mPluggedBatteryLevel = 99, mLowBatteryWarningLevel2 = 25, mshowLowChargingWarning2 = true
01-14 13:39:47.726 D/RemoveMe( 1662): DCT got intent android.intent.action.BATTERY_CHANGED
01-14 13:39:47.726 D/RemoveMe( 1662): DCT got intent android.intent.action.BATTERY_CHANGED
01-14 13:39:48.187 I/System.out( 2718): Values: 160.0
01-14 13:39:48.187 I/System.out( 2718): Time difference in secs is: 240
01-14 13:39:49.188 I/System.out( 2718): Values: 160.0
01-14 13:39:49.188 I/System.out( 2718): Time difference in secs is: 240
01-14 13:39:50.189 I/System.out( 2718): Values: 160.0
