01-08 14:38:24.559 I/ActivityThread( 2786): Pub com.google.android.partnersetup.rlzappprovider: com.google.android.partnersetup.RlzAppProvider
01-08 14:38:24.559 D/CombinedWidgetProvider( 1688): addFxWidget: WidgetSummary(Weather Clock/FX_WIDGET/[I@408addd0 x [I@408addf0/-2/ComponentInfo{com.htc.clock3dwidget/com.htc.clock3dwidget.ClockWidgetProvider}/[I@408ade10)
01-08 14:38:24.569 D/FxWidgetProvider( 1688): row 1
01-08 14:38:24.569 D/CombinedWidgetProvider( 1688): addFxWidget: WidgetSummary(Travel Clock/FX_WIDGET/[I@408aee50 x [I@408aee70/-2/ComponentInfo{com.htc.clock3dwidget/com.htc.clock3dwidget.ClockWidgetProvider}/[I@408aee90)
01-08 14:38:24.569 D/FxWidgetProvider( 1688): row 1
01-08 14:38:24.579 I/ActivityManager( 1592): No longer want com.htc.mysketcher (pid 2641): hidden #16
01-08 14:38:24.589 D/SM:PackageReceiver( 2724): package replaced: package:uk.ac.st_andrews.cs.host.mk74.energymeasurement.light
01-08 14:38:24.589 D/CombinedWidgetProvider( 1688): addFxWidget: WidgetSummary(Digital Clock/FX_WIDGET/[I@408affc8 x [I@408affe8/-2/ComponentInfo{com.htc.clock3dwidget/com.htc.clock3dwidget.ClockWidgetProvider}/[I@408b0008)
01-08 14:38:24.589 D/FxWidgetProvider( 1688): row 1
01-08 14:38:24.599 I/ActivityManager( 1592): Start proc com.google.android.apps.maps:FriendService for broadcast com.google.android.apps.maps/com.google.googlenav.friend.android.ServiceReceiver: pid=2793 uid=10046 gids={3003, 1015}
01-08 14:38:24.619 W/ActivityManager( 1592): Scheduling restart of crashed service com.htc.mysketcher/.SketchAndShootWorker in 5000ms
01-08 14:38:24.619 D/PhoneApp( 1679): -- N1 =0
01-08 14:38:24.629 W/ContentService( 1592): binderDied() at ObserverNode name com.google.android.gsf.gservices
01-08 14:38:24.629 D/CombinedWidgetProvider( 1688): addFxWidget: WidgetSummary(Analog Clock/FX_WIDGET/[I@408b1068 x [I@408b1088/-2/ComponentInfo{com.htc.clock3dwidget/com.htc.clock3dwidget.ClockWidgetProvider}/[I@408b10a8)
01-08 14:38:24.629 D/FxWidgetProvider( 1688): row 1
01-08 14:38:24.639 I/RegisterService( 2732): android.intent.action.PACKAGE_REPLACED package:uk.ac.st_andrews.cs.host.mk74.energymeasurement.light
01-08 14:38:24.649 D/CombinedWidgetProvider( 1688): addFxWidget: WidgetSummary(Analog Clock/FX_WIDGET/[I@408b21c0 x [I@408b21e0/-2/ComponentInfo{com.htc.clock3dwidget/com.htc.clock3dwidget.ClockWidgetProvider}/[I@408b2200)
01-08 14:38:24.649 D/FxWidgetProvider( 1688): row 1
01-08 14:38:24.659 D/CombinedWidgetProvider( 1688): addFxWidget: WidgetSummary(Analog Clock/FX_WIDGET/[I@408b3338 x [I@408b3358/-2/ComponentInfo{com.htc.clock3dwidget/com.htc.clock3dwidget.ClockWidgetProvider}/[I@408b3378)
01-08 14:38:24.659 D/FxWidgetProvider( 1688): row 1
01-08 14:38:24.669 D/CombinedWidgetProvider( 1688): addFxWidget: WidgetSummary(Analog Clock/FX_WIDGET/[I@408b44b0 x [I@408b44d0/-2/ComponentInfo{com.htc.clock3dwidget/com.htc.clock3dwidget.ClockWidgetProvider}/[I@408b44f0)
01-08 14:38:24.679 D/FxWidgetProvider( 1688): row 1
01-08 14:38:24.679 D/CombinedWidgetProvider( 1688): addFxWidget: WidgetSummary(Analog Clock/FX_WIDGET/[I@408b5628 x [I@408b5648/-2/ComponentInfo{com.htc.clock3dwidget/com.htc.clock3dwidget.ClockWidgetProvider}/[I@408b5668)
01-08 14:38:24.679 I/ActivityManager( 1592): No longer want android.process.media (pid 1743): hidden #16
01-08 14:38:24.689 D/FxWidgetProvider( 1688): row 1
01-08 14:38:24.689 D/CombinedWidgetProvider( 1688): addFxWidget: WidgetSummary(Analog Clock/FX_WIDGET/[I@408b6870 x [I@408b6890/-2/ComponentInfo{com.htc.clock3dwidget/com.htc.clock3dwidget.ClockWidgetProvider}/[I@408b68b0)
01-08 14:38:24.689 D/FxWidgetProvider( 1688): row 1
01-08 14:38:24.739 D/PhoneApp( 1679): -- N2 =0
01-08 14:38:24.739 D/PhoneApp( 1679): -- N3 =0
01-08 14:38:24.780 D/dalvikvm( 2793): GC_CONCURRENT freed 156K, 4% free 6802K/7047K, paused 1ms+1ms
01-08 14:38:24.880 D/dalvikvm( 2793): GC_CONCURRENT freed 133K, 4% free 7132K/7367K, paused 1ms+2ms
01-08 14:38:24.930 D/dalvikvm( 1592): GC_EXPLICIT freed 1634K, 12% free 15836K/17927K, paused 64ms+12ms
01-08 14:38:25.040 D/dalvikvm( 1592): GC_EXPLICIT freed 68K, 12% free 15781K/17927K, paused 2ms+3ms
01-08 14:38:25.060 D/CombinedWidgetProvider( 1688): addFxWidget: WidgetSummary(Analog Clock/FX_WIDGET/[I@408b7b88 x [I@408b7ba8/-2/ComponentInfo{com.htc.clock3dwidget/com.htc.clock3dwidget.ClockWidgetProvider}/[I@408b7bc8)
01-08 14:38:25.060 D/FxWidgetProvider( 1688): row 1
01-08 14:38:25.070 D/CombinedWidgetProvider( 1688): addFxWidget: WidgetSummary(Social Clock/FX_WIDGET/[I@408b8f20 x [I@408b8f40/-2/ComponentInfo{com.htc.clock3dwidget/com.htc.clock3dwidget.ClockWidgetProvider}/[I@408b8f60)
01-08 14:38:25.070 D/FxWidgetProvider( 1688): row 1
01-08 14:38:25.070 D/CombinedWidgetProvider( 1688): addFxWidget: WidgetSummary(Beam Clock/FX_WIDGET/[I@408ba238 x [I@408ba258/-2/ComponentInfo{com.htc.clock3dwidget/com.htc.clock3dwidget.ClockWidgetProvider}/[I@408ba278)
01-08 14:38:25.070 D/FxWidgetProvider( 1688): row 1
01-08 14:38:25.080 D/CombinedWidgetProvider( 1688): addFxWidget: WidgetSummary(Ring Clock/FX_WIDGET/[I@408bb660 x [I@408bb680/-2/ComponentInfo{com.htc.clock3dwidget/com.htc.clock3dwidget.ClockWidgetProvider}/[I@408bb6a0)
01-08 14:38:25.080 D/FxWidgetProvider( 1688): row 1
01-08 14:38:25.100 D/CombinedWidgetProvider( 1688): addFxWidget: WidgetSummary(Spin Cycle Clock/FX_WIDGET/[I@408bca78 x [I@408bca98/-2/ComponentInfo{com.htc.clock3dwidget/com.htc.clock3dwidget.ClockWidgetProvider}/[I@408bcab8)
01-08 14:38:25.100 D/FxWidgetProvider( 1688): row 1
01-08 14:38:25.100 D/CombinedWidgetProvider( 1688): addFxWidget: WidgetSummary(Analog Clock/FX_WIDGET/[I@408be010 x [I@408be030/-2/ComponentInfo{com.htc.clock3dwidget/com.htc.clock3dwidget.ClockWidgetProvider}/[I@408be050)
01-08 14:38:25.100 D/FxWidgetProvider( 1688): row 1
01-08 14:38:25.120 D/CombinedWidgetProvider( 1688): addFxWidget: WidgetSummary(Calculator/FX_WIDGET/[I@408bf438 x [I@408bf458/-2/ComponentInfo{com.htc.android.fusion.calculator/com.htc.android.fusion.calculator.RosieIntentReceiver}/[I@408bf478)
01-08 14:38:25.120 D/FxWidgetProvider( 1688): row 1
01-08 14:38:25.130 D/CombinedWidgetProvider( 1688): addFxWidget: WidgetSummary(Calculator/FX_WIDGET/[I@408c0848 x [I@408c0868/-2/ComponentInfo{com.htc.android.fusion.calculator/com.htc.android.fusion.calculator.RosieIntentReceiver}/[I@408c0888)
01-08 14:38:25.130 D/FxWidgetProvider( 1688): row 1
01-08 14:38:25.130 D/Socket_Alarm( 2793): registerHTCSocketMonitorCallBack
01-08 14:38:25.140 D/Socket_Alarm( 2793): set mSocketMonitor
01-08 14:38:25.140 D/CombinedWidgetProvider( 1688): addFxWidget: WidgetSummary(Calculator/FX_WIDGET/[I@408c1bd0 x [I@408c1bf0/-2/ComponentInfo{com.htc.android.fusion.calculator/com.htc.android.fusion.calculator.RosieIntentReceiver}/[I@408c1c10)
01-08 14:38:25.140 D/Socket_Alarm( 2793): HTCSocketMonitorImpl::HTCSocketMonitorImpl
01-08 14:38:25.150 D/FxWidgetProvider( 1688): row 1
01-08 14:38:25.150 D/CombinedWidgetProvider( 1688): addFxWidget: WidgetSummary(Calculator/FX_WIDGET/[I@408c2f90 x [I@408c2fb0/-2/ComponentInfo{com.htc.android.fusion.calculator/com.htc.android.fusion.calculator.RosieIntentReceiver}/[I@408c2fd0)
01-08 14:38:25.150 D/FxWidgetProvider( 1688): row 1
01-08 14:38:25.160 D/CombinedWidgetProvider( 1688): addFxWidget: WidgetSummary(Auto-sync/FX_WIDGET/[I@408c43f8 x [I@408c4418/-2/ComponentInfo{com.htc.rosiewidgets.backgrounddata/com.htc.rosiewidgets.backgrounddata.BackgroundDataWidgetProvider}/[I@408c4438)
01-08 14:38:25.170 D/FxWidgetProvider( 1688): row 1
01-08 14:38:25.190 D/CombinedWidgetProvider( 1688): addFxWidget: WidgetSummary(Auto-rotate/FX_WIDGET/[I@408c5858 x [I@408c5878/-2/ComponentInfo{com.htc.autorotatewidget/com.htc.autorotatewidget.AutoRotateWidgetProvider}/[I@408c5898)
01-08 14:38:25.190 I/ActivityManager( 1592): No longer want com.android.settings (pid 2557): hidden #16
01-08 14:38:25.200 D/FxWidgetProvider( 1688): row 1
01-08 14:38:25.200 I/ActivityManager( 1592): Start proc com.htc.pen for broadcast com.htc.pen/.plugin.PenReceiver: pid=2801 uid=10040 gids={}
01-08 14:38:25.210 D/CombinedWidgetProvider( 1688): addFxWidget: WidgetSummary(Stocks/FX_WIDGET/[I@408c6cb0 x [I@408c6cd0/-2/ComponentInfo{com.htc.android.fusion.StockWidget/com.htc.android.fusion.StockWidget.RosieWidgetReceiver}/[I@408c6cf0)
01-08 14:38:25.210 D/FxWidgetProvider( 1688): row 1
01-08 14:38:25.210 D/CombinedWidgetProvider( 1688): addFxWidget: WidgetSummary(Stocks/FX_WIDGET/[I@40b0b988 x [I@40b0b9a8/-2/ComponentInfo{com.htc.android.fusion.StockWidget/com.htc.android.fusion.StockWidget.RosieWidgetReceiver}/[I@40b0b578)
01-08 14:38:25.210 D/FxWidgetProvider( 1688): row 1
01-08 14:38:25.230 D/CombinedWidgetProvider( 1688): addFxWidget: WidgetSummary(Stocks/FX_WIDGET/[I@4086aba0 x [I@4086abc0/-2/ComponentInfo{com.htc.android.fusion.StockWidget/com.htc.android.fusion.StockWidget.RosieWidgetReceiver}/[I@40859690)
01-08 14:38:25.230 D/CombinedWidgetProvider( 1688): -addFxWidgets diff: 2480
01-08 14:38:25.230 D/CombinedWidgetProvider( 1688): +addAppWidgetCategories
01-08 14:38:25.240 D/CombinedWidgetProvider( 1688): add AppWidget category: WidgetCategory(YouTube/APP_WIDGET/0)
01-08 14:38:25.240 D/CombinedWidgetProvider( 1688): add AppWidget category: WidgetCategory(Twitter (large)/APP_WIDGET/0)
01-08 14:38:25.240 D/CombinedWidgetProvider( 1688): add AppWidget category: WidgetCategory(Twitter (small)/APP_WIDGET/0)
01-08 14:38:25.240 D/CombinedWidgetProvider( 1688): add AppWidget category: WidgetCategory(Traffic/APP_WIDGET/0)
01-08 14:38:25.240 D/CombinedWidgetProvider( 1688): add AppWidget category: WidgetCategory(Latitude/APP_WIDGET/0)
01-08 14:38:25.240 D/CombinedWidgetProvider( 1688): add AppWidget category: WidgetCategory(Market/APP_WIDGET/0)
01-08 14:38:25.240 D/CombinedWidgetProvider( 1688): add AppWidget category: WidgetCategory(Google Search/APP_WIDGET/0)
01-08 14:38:25.240 D/CombinedWidgetProvider( 1688): add AppWidget category: WidgetCategory(Gmail/APP_WIDGET/0)
01-08 14:38:25.240 D/CombinedWidgetProvider( 1688): add AppWidget category: WidgetCategory(Bookmarks/APP_WIDGET/0)
01-08 14:38:25.240 D/CombinedWidgetProvider( 1688): -addAppWidgetCategories
01-08 14:38:25.240 D/CombinedWidgetProvider( 1688): +addHtcWidgetCategories
01-08 14:38:25.240 D/CombinedWidgetProvider( 1688):  uri: content://com.htc.launcher.widget.htcwidget/htcwidgets?category_only=true
01-08 14:38:25.250 D/HtcWidgetProvider( 1688): row 1
01-08 14:38:25.250 D/CombinedWidgetProvider( 1688): addHtcWidget Category: WidgetCategory(Tips for Home/HTC_WIDGET/1101)
01-08 14:38:25.260 D/CombinedWidgetProvider( 1688): -addHtcWidgetCategories
01-08 14:38:25.260 D/CombinedWidgetProvider( 1688): +addFxWidgetCategories
01-08 14:38:25.260 D/FxWidgetProvider( 1688): row 94
01-08 14:38:25.290 I/ActivityThread( 2801): Pub com.htc.penmenu: com.htc.pen.provider.PenMenuProvider
01-08 14:38:25.300 I/ActivityThread( 2801): Pub com.htc.pen: com.htc.pen.provider.PenProvider
01-08 14:38:25.310 I/ActivityManager( 1592): Start proc com.google.android.googlequicksearchbox for broadcast com.google.android.googlequicksearchbox/.SourceUpdateReceiver: pid=2809 uid=10080 gids={3003}
01-08 14:38:25.380 D/SqliteDatabaseCpp( 2801): dbopen(): path = /data/data/com.htc.pen/databases , key = hej, flag = 6, file size = 15360
01-08 14:38:25.380 D/SqliteDatabaseCpp( 2801): dbopen(): path = /data/data/com.htc.pen/databases , key = hej, mode: delete, disk free size: 7857 M, handle: 0x18d3c8
01-08 14:38:25.400 D/AndroidRuntime( 2707): Shutting down VM
01-08 14:38:25.400 D/dalvikvm( 2707): GC_CONCURRENT freed 105K, 83% free 364K/2048K, paused 0ms+0ms
01-08 14:38:25.400 D/dalvikvm( 2707): Debugger has detached; object registry had 1 entries
01-08 14:38:25.410 I/AndroidRuntime( 2707): NOTE: attach of thread 'Binder Thread #3' failed
01-08 14:38:25.420 I/ActivityThread( 2809): Pub com.google.android.googlequicksearchbox.shortcuts: com.google.android.googlequicksearchbox.WebHistoryProvider
01-08 14:38:25.420 I/ActivityThread( 2809): Pub com.google.android.googlequicksearchbox.google: com.google.android.googlequicksearchbox.google.GoogleSuggestionProvider
01-08 14:38:25.490 D/SqliteDatabaseCpp( 2809): dbopen(): path = /data/data/com.google.android.googlequicksearchbox/databases , key = iwf-`awtkvq, flag = 6, file size = 6144
01-08 14:38:25.500 D/SqliteDatabaseCpp( 2809): dbopen(): path = /data/data/com.google.android.googlequicksearchbox/databases , key = iwf-`awtkvq, mode: delete, disk free size: 7857 M, handle: 0x193558
01-08 14:38:25.530 I/ActivityManager( 1592): No longer want com.htc.notes (pid 2567): hidden #16
01-08 14:38:25.690 D/AndroidRuntime( 2827): 
01-08 14:38:25.690 D/AndroidRuntime( 2827): >>>>>> AndroidRuntime START com.android.internal.os.RuntimeInit <<<<<<
01-08 14:38:25.690 D/AndroidRuntime( 2827): CheckJNI is OFF
01-08 14:38:25.700 D/CombinedWidgetProvider( 1688): +addFxWidgetCategories: default
01-08 14:38:25.700 D/CombinedWidgetProvider( 1688): addFxWidget Category: WidgetCategory(Watch/FX_WIDGET/-2)
01-08 14:38:25.710 D/CombinedWidgetProvider( 1688): +addFxWidgetCategories: default
01-08 14:38:25.710 D/CombinedWidgetProvider( 1688): addFxWidget Category: WidgetCategory(Mail/FX_WIDGET/-2)
01-08 14:38:25.710 D/CombinedWidgetProvider( 1688): +addFxWidgetCategories: default
01-08 14:38:25.710 D/CombinedWidgetProvider( 1688): addFxWidget Category: WidgetCategory(People/FX_WIDGET/-2)
01-08 14:38:25.710 D/CombinedWidgetProvider( 1688): +addFxWidgetCategories: default
01-08 14:38:25.710 D/CombinedWidgetProvider( 1688): addFxWidget Category: WidgetCategory(Calendar/FX_WIDGET/-2)
01-08 14:38:25.720 D/CombinedWidgetProvider( 1688): +addFxWidgetCategories: default
01-08 14:38:25.720 D/CombinedWidgetProvider( 1688): addFxWidget Category: WidgetCategory(Bookmarks/FX_WIDGET/-2)
01-08 14:38:25.720 D/CombinedWidgetProvider( 1688): +addFxWidgetCategories: default
01-08 14:38:25.720 D/CombinedWidgetProvider( 1688): addFxWidget Category: WidgetCategory(Messages/FX_WIDGET/-2)
01-08 14:38:25.720 D/CombinedWidgetProvider( 1688): +addFxWidgetCategories: default
01-08 14:38:25.720 D/CombinedWidgetProvider( 1688): addFxWidget Category: WidgetCategory(Twitter/FX_WIDGET/-2)
01-08 14:38:25.720 D/CombinedWidgetProvider( 1688): +addFxWidgetCategories: default
01-08 14:38:25.720 D/CombinedWidgetProvider( 1688): addFxWidget Category: WidgetCategory(Trends/FX_WIDGET/-2)
01-08 14:38:25.720 D/CombinedWidgetProvider( 1688): +addFxWidgetCategories: default
01-08 14:38:25.720 D/CombinedWidgetProvider( 1688): addFxWidget Category: WidgetCategory(Sync All/FX_WIDGET/-2)
01-08 14:38:25.720 D/CombinedWidgetProvider( 1688): +addFxWidgetCategories: default
01-08 14:38:25.720 D/CombinedWidgetProvider( 1688): addFxWidget Category: WidgetCategory(Music/FX_WIDGET/-2)
01-08 14:38:25.720 D/CombinedWidgetProvider( 1688): +addFxWidgetCategories: default
01-08 14:38:25.720 D/CombinedWidgetProvider( 1688): addFxWidget Category: WidgetCategory(Friend Stream/FX_WIDGET/-2)
01-08 14:38:25.730 D/CombinedWidgetProvider( 1688): +addFxWidgetCategories: default
01-08 14:38:25.730 D/CombinedWidgetProvider( 1688): addFxWidget Category: WidgetCategory(My Shelf/FX_WIDGET/-2)
01-08 14:38:25.730 D/CombinedWidgetProvider( 1688): +addFxWidgetCategories: default
01-08 14:38:25.730 D/CombinedWidgetProvider( 1688): addFxWidget Category: WidgetCategory(Weather/FX_WIDGET/-2)
01-08 14:38:25.730 D/CombinedWidgetProvider( 1688): +addFxWidgetCategories: default
01-08 14:38:25.730 D/CombinedWidgetProvider( 1688): addFxWidget Category: WidgetCategory(Notes/FX_WIDGET/-2)
01-08 14:38:25.730 D/CombinedWidgetProvider( 1688): +addFxWidgetCategories: default
01-08 14:38:25.730 D/CombinedWidgetProvider( 1688): addFxWidget Category: WidgetCategory(HTC Likes/FX_WIDGET/-2)
01-08 14:38:25.740 D/CombinedWidgetProvider( 1688): +addFxWidgetCategories: default
01-08 14:38:25.740 D/CombinedWidgetProvider( 1688): addFxWidget Category: WidgetCategory(Photo Album/FX_WIDGET/-2)
01-08 14:38:25.740 D/CombinedWidgetProvider( 1688): +addFxWidgetCategories: default
01-08 14:38:25.740 D/CombinedWidgetProvider( 1688): addFxWidget Category: WidgetCategory(Photo Frame/FX_WIDGET/-2)
01-08 14:38:25.740 D/CombinedWidgetProvider( 1688): +addFxWidgetCategories: default
01-08 14:38:25.740 D/CombinedWidgetProvider( 1688): addFxWidget Category: WidgetCategory(Photo Grid/FX_WIDGET/-2)
01-08 14:38:25.740 D/CombinedWidgetProvider( 1688): +addFxWidgetCategories: default
01-08 14:38:25.740 D/CombinedWidgetProvider( 1688): addFxWidget Category: WidgetCategory(Navigate/FX_WIDGET/-2)
01-08 14:38:25.740 D/CombinedWidgetProvider( 1688): +addFxWidgetCategories: default
01-08 14:38:25.740 D/CombinedWidgetProvider( 1688): addFxWidget Category: WidgetCategory(Locations/FX_WIDGET/-2)
01-08 14:38:25.740 D/CombinedWidgetProvider( 1688): +addFxWidgetCategories: default
01-08 14:38:25.740 D/CombinedWidgetProvider( 1688): addFxWidget Category: WidgetCategory(News/FX_WIDGET/-2)
01-08 14:38:25.750 D/CombinedWidgetProvider( 1688): +addFxWidgetCategories: default
01-08 14:38:25.750 D/CombinedWidgetProvider( 1688): addFxWidget Category: WidgetCategory(Clock/FX_WIDGET/-2)
01-08 14:38:25.750 D/CombinedWidgetProvider( 1688): +addFxWidgetCategories: default
01-08 14:38:25.750 D/CombinedWidgetProvider( 1688): addFxWidget Category: WidgetCategory(Calculator/FX_WIDGET/-2)
01-08 14:38:25.750 D/CombinedWidgetProvider( 1688): +addFxWidgetCategories: default
01-08 14:38:25.750 D/CombinedWidgetProvider( 1688): addFxWidget Category: WidgetCategory(Stocks/FX_WIDGET/-2)
01-08 14:38:25.750 D/CombinedWidgetProvider( 1688): -addFxWidgetCategories
01-08 14:38:25.801 D/PendingAddWidgetInfo( 1688): PendingAddWidgetInfo: ComponentInfo{com.htc.fusion.htcbookmarkwidget/com.htc.fusion.htcbookmarkwidget.GridWidgetView} / grid
01-08 14:38:25.811 D/PendingAddWidgetInfo( 1688): PendingAddWidgetInfo: ComponentInfo{com.htc.fusion.htcbookmarkwidget/com.htc.fusion.htcbookmarkwidget.ListWidgetView} / list
01-08 14:38:25.851 D/dalvikvm( 1688): GC_CONCURRENT freed 1833K, 17% free 11374K/13639K, paused 1ms+3ms
01-08 14:38:25.911 D/CursorWindowStats( 2827): Get CursorWindow size from framework resource:4194304
01-08 14:38:25.961 D/AndroidRuntime( 2827): Calling main entry com.android.commands.am.Am
01-08 14:38:26.021 D/dalvikvm( 1688): GC_FOR_ALLOC freed 1181K, 23% free 10598K/13639K, paused 36ms
01-08 14:38:26.031 I/ActivityManager( 1592): Starting: Intent { act=android.intent.action.MAIN cat=[android.intent.category.LAUNCHER] flg=0x10000000 cmp=uk.ac.st_andrews.cs.host.mk74.energymeasurement.light/.MainActivity } from pid 2827
01-08 14:38:26.071 D/AndroidRuntime( 2827): Shutting down VM
01-08 14:38:26.071 D/dalvikvm( 2827): GC_CONCURRENT freed 106K, 81% free 397K/2048K, paused 0ms+0ms
01-08 14:38:26.071 D/ActivityManager( 1592): isSketcherDisabledInCurrentTask():false, ActivityRecord{4097e8f0 uk.ac.st_andrews.cs.host.mk74.energymeasurement.light/.MainActivity}
01-08 14:38:26.071 D/HostWidgetManager( 1688): pauseWidgets: 2
01-08 14:38:26.091 D/dalvikvm( 2827): Debugger has detached; object registry had 1 entries
01-08 14:38:26.091 I/ActivityManager( 1592): Start proc uk.ac.st_andrews.cs.host.mk74.energymeasurement.light for activity uk.ac.st_andrews.cs.host.mk74.energymeasurement.light/.MainActivity: pid=2836 uid=10110 gids={}
01-08 14:38:26.131 D/SurfaceFlinger( 1441): getTokenForSurface(0xa98ec) => 0 (client=0xa26f0, bitmap=00000003), pid=1592
01-08 14:38:26.131 D/msm7x30.gralloc( 1441): gpu_context_t::getGrallocInformationFromFormat  2 
01-08 14:38:26.161 D/AutoSetting( 1786): service - mRequestRunnable: screen on delay 10s, request NLP now
01-08 14:38:26.191 V/WindowManager( 1592): Starting animation in AppWindowToken{40c0cd08 token=ActivityRecord{40c07f20 com.htc.launcher/.Launcher}} @ 4741709
01-08 14:38:26.191 V/WindowManager( 1592): Starting animation in AppWindowToken{40ca1320 token=ActivityRecord{4097e8f0 uk.ac.st_andrews.cs.host.mk74.energymeasurement.light/.MainActivity}} @ 4741709
01-08 14:38:26.211 I/DEBUG   ( 1440): tid 2835 does not exist in pid 2827. ignoring debug request
01-08 14:38:26.211 V/WindowManager( 1592): Finished animation in AppWindowToken{40c0cd08 token=ActivityRecord{40c07f20 com.htc.launcher/.Launcher}} @ 4741734
01-08 14:38:26.211 V/WindowManager( 1592): Finished animation in AppWindowToken{40ca1320 token=ActivityRecord{4097e8f0 uk.ac.st_andrews.cs.host.mk74.energymeasurement.light/.MainActivity}} @ 4741734
01-08 14:38:26.271 D/AutoSetting( 1786): service - requestNLP() NetworkLocationProvider not enabled
01-08 14:38:26.291 D/ActivityManager( 1592): isSketcherDisabledInCurrentTask():false, ActivityRecord{4097e8f0 uk.ac.st_andrews.cs.host.mk74.energymeasurement.light/.MainActivity}
01-08 14:38:26.311 D/SurfaceFlinger( 1441): getTokenForSurface(0xa3da4) => 0 (client=0xa3d68, bitmap=00000001), pid=2836
01-08 14:38:26.321 D/PenUtils( 2801): getDefaultPen() start 13
01-08 14:38:26.331 D/msm7x30.gralloc( 1441): gpu_context_t::getGrallocInformationFromFormat  2 
01-08 14:38:26.351 I/ActivityManager( 1592): Displayed uk.ac.st_andrews.cs.host.mk74.energymeasurement.light/.MainActivity: +279ms (total +1h18m2s409ms)
01-08 14:38:26.371 D/msm7x30.gralloc( 1441): gpu_context_t::getGrallocInformationFromFormat  2 
01-08 14:38:26.381 D/SurfaceFlinger( 1441): virtual void android::Layer::onRemoved(): lcblk (identity=12, status=0, token=0)
01-08 14:38:26.501 D/dalvikvm( 1688): GC_FOR_ALLOC freed 669K, 19% free 11078K/13639K, paused 338ms
01-08 14:38:26.501 W/InputManagerService( 1592): Starting input on non-focused client com.android.internal.view.IInputMethodClient$Stub$Proxy@40c03ee0 (uid=9999 pid=1688)
01-08 14:38:26.511 D/PhoneWindow( 1688): couldn't save which view has focus because the focused view android.widget.RelativeLayout@407c7820 has no id.
01-08 14:38:26.541 D/SurfaceFlinger( 1441): virtual void android::Layer::onRemoved(): lcblk (identity=9, status=0, token=2)
01-08 14:38:26.551 D/SurfaceFlinger( 1441): virtual void android::Layer::onRemoved(): lcblk (identity=8, status=0, token=1)
01-08 14:38:26.651 D/PenUtils( 2801): getDefaultPen() end 45
01-08 14:38:26.661 I/ActivityManager( 1592): Start proc com.htc.mysketcher for broadcast com.htc.mysketcher/.ScreenCaptureReceiver: pid=2851 uid=1003 gids={1015}
01-08 14:38:26.681 I/ActivityManager( 1592): No longer want com.htc.bg (pid 2582): hidden #16
01-08 14:38:26.731 D/dalvikvm( 1442): GC_EXPLICIT freed 10K, 5% free 6453K/6787K, paused 1ms+1ms
01-08 14:38:26.751 D/dalvikvm( 1442): GC_EXPLICIT freed <1K, 5% free 6453K/6787K, paused 1ms+1ms
01-08 14:38:26.781 D/dalvikvm( 1442): GC_EXPLICIT freed <1K, 5% free 6453K/6787K, paused 1ms+1ms
01-08 14:38:26.791 I/ActivityThread( 2851): Pub com.htc.mysketcher.provider.scribbleprovider: com.htc.mysketcher.provider.ScribbleProvider
01-08 14:38:26.791 I/MySketcher( 2851): onReceive: com.htc.pen.refreshed
01-08 14:38:26.801 I/MySketcher( 2851): SketchAndShootWorker onCreate(),  UID: 1003 PID: 2851
01-08 14:38:26.801 I/MySketcher( 2851): [SketcherWorker] onStartCommand: com.htc.action.PREPARE_VARS
01-08 14:38:26.801 I/MySketcher( 2851): prepareContentVars entered
01-08 14:38:26.801 I/MySketcher( 2851):  getContentView  , in thread:2851
01-08 14:38:26.801 I/MySketcher( 2851):  ContentView null , inflate it
01-08 14:38:26.821 D/PenUtils( 2851): getAllPen() start 0
01-08 14:38:26.852 I/StateManager( 2851): pen down before = false
01-08 14:38:26.912 D/dalvikvm( 2851): GC_CONCURRENT freed 139K, 4% free 6820K/7047K, paused 2ms+1ms
01-08 14:38:26.972 D/dalvikvm( 2851): GC_CONCURRENT freed 285K, 7% free 6965K/7431K, paused 1ms+3ms
01-08 14:38:27.072 D/dalvikvm( 2851): GC_CONCURRENT freed 158K, 4% free 7372K/7623K, paused 1ms+1ms
01-08 14:38:27.142 I/SimplePen( 2851): created render with defaul alpha: 180, color: -1275068161, width: 3.0
01-08 14:38:27.162 D/PenUtils( 2851): getAllPen() end 84
01-08 14:38:27.162 D/PenUtils( 2851): getAllPen() start 0
01-08 14:38:27.162 D/dalvikvm( 2851): GC_CONCURRENT freed 139K, 3% free 7780K/8007K, paused 1ms+2ms
01-08 14:38:27.272 I/System.out( 2836): Values: 160.0
01-08 14:38:27.352 D/dalvikvm( 2851): GC_CONCURRENT freed 344K, 6% free 7864K/8327K, paused 1ms+1ms
01-08 14:38:27.362 I/SimplePen( 2851): created render with defaul alpha: 180, color: -1275068161, width: 3.0
01-08 14:38:27.362 D/PenUtils( 2851): getAllPen() end 97
01-08 14:38:27.382 D/PenMenu ( 2851): mPenTypeLoadingListener runnable - onFinish
01-08 14:38:27.452 D/dalvikvm( 2851): GC_FOR_ALLOC freed 68K, 6% free 8086K/8519K, paused 14ms
01-08 14:38:27.482 D/dalvikvm( 2851): GC_FOR_ALLOC freed 11K, 5% free 8341K/8775K, paused 14ms
01-08 14:38:27.502 I/ActivityManager( 1592): No longer want com.android.defcontainer (pid 2715): hidden #16
01-08 14:38:27.592 D/dalvikvm( 2851): GC_FOR_ALLOC freed 38K, 5% free 8657K/9095K, paused 23ms
01-08 14:38:27.622 D/dalvikvm( 2851): GC_FOR_ALLOC freed 352K, 9% free 8771K/9543K, paused 14ms
01-08 14:38:27.722 D/dalvikvm( 2851): GC_FOR_ALLOC freed 836K, 13% free 8466K/9671K, paused 16ms
01-08 14:38:27.782 D/dalvikvm( 2851): GC_CONCURRENT freed 364K, 10% free 8747K/9671K, paused 2ms+2ms
01-08 14:38:27.953 D/dalvikvm( 1682): GC_CONCURRENT freed 270K, 10% free 7890K/8711K, paused 1ms+2ms
01-08 14:38:28.283 I/System.out( 2836): Values: 160.0
01-08 14:38:29.284 I/System.out( 2836): Values: 160.0
01-08 14:38:30.285 I/System.out( 2836): Values: 160.0
01-08 14:38:31.276 I/System.out( 2836): Values: 160.0
01-08 14:38:31.896 D/dalvikvm( 1688): GC_EXPLICIT freed 252K, 19% free 11081K/13639K, paused 7ms+2ms
01-08 14:38:32.287 I/System.out( 2836): Values: 160.0
01-08 14:38:33.278 I/System.out( 2836): Values: 160.0
01-08 14:38:33.498 W/Vold    ( 1437): Ignoring unknown switch 'usb_mass_storage'
01-08 14:38:33.498 W/Vold    ( 1437): Ignoring unknown switch 'usb_connected'
01-08 14:38:33.508 D/UsbService( 1592): [USBNET] USB UEVENT: {SUBSYSTEM=switch, SWITCH_STATE=0, DEVPATH=/devices/virtual/switch/usb_connected, SEQNUM=1439, ACTION=change, SWITCH_NAME=usb_connected}
01-08 14:38:33.518 D/Vold    ( 1437): USB disconnected
01-08 14:38:33.518 D/Vold    ( 1437): Share method ums now unavailable
01-08 14:38:33.528 D/VoldConnector( 1592): listenToSocket read--: (37,0)
01-08 14:38:33.528 D/VoldConnector( 1592): RCV <- {620 Share method ums now unavailable}
01-08 14:38:33.528 D/UsbService( 1592): [USBNET] USB UEVENT: {SUBSYSTEM=switch, SWITCH_STATE=0, DEVPATH=/devices/virtual/switch/usb_configuration, SEQNUM=1440, ACTION=change, SWITCH_NAME=usb_configuration}
01-08 14:38:33.538 I/StorageNotification( 1658): UMS connection changed to false (media state mounted)
01-08 14:38:33.548 D/dalvikvm( 2836): Debugger has detached; object registry had 1 entries
01-08 14:38:33.558 D/VoldConnector( 1592): listenToSocket read++
01-08 14:38:33.588 D/BatteryService_ULog( 1592): ULogForBatteryChargingStateChange(100,0) is called
01-08 14:38:33.588 D/BatteryService_ULog( 1592): charger=off,battery_power=100
01-08 14:38:33.588 D/UsbnetService( 1592): BroadcastReceiver::onReceive+
01-08 14:38:33.588 D/UsbnetService( 1592): onReceive BATTERY_CHANGED
01-08 14:38:33.588 D/UsbnetService( 1592):  --> pluggedType = 0, mPluggedType = 0, mScreenOff = false
01-08 14:38:33.588 D/UsbnetService( 1592): BroadcastReceiver::onReceive-
01-08 14:38:33.588 D/NotificationService( 1592): mIntentReceiver() Intent.ACTION_BATTERY_CHANGED
01-08 14:38:33.588 V/NotificationService( 1592): dual Led off
01-08 14:38:33.598 D/RemoveMe( 1679): DCT got intent android.intent.action.BATTERY_CHANGED
01-08 14:38:33.598 D/lights  ( 1592): [LedInfo] write attr ok name=/sys/class/leds/amber/brightness string=0,len=1
01-08 14:38:33.598 D/RemoveMe( 1679): DCT got intent android.intent.action.BATTERY_CHANGED
01-08 14:38:33.598 D/lights  ( 1592): [LedInfo] write attr ok name=/sys/class/leds/amber/blink string=0,len=1
01-08 14:38:33.598 D/RemoveMe( 1679): DCT got intent android.intent.action.BATTERY_CHANGED
01-08 14:38:33.598 D/lights  ( 1592): [LedInfo] write attr ok name=/sys/class/leds/amber/off_timer string=0 0,len=3
01-08 14:38:33.608 D/lights  ( 1592): [LedInfo] write attr ok name=/sys/class/leds/green/brightness string=0,len=1
01-08 14:38:33.608 D/BatteryService( 1592): SendIntentforPowersaver
01-08 14:38:33.608 D/BatteryService( 1592): Current powersaver status == NORMAL_STATUS1 4 2 false
01-08 14:38:33.608 D/lights  ( 1592): [LedInfo] write attr ok name=/sys/class/leds/green/blink string=0,len=1
01-08 14:38:33.608 D/lights  ( 1592): [LedInfo] write attr ok name=/sys/class/leds/green/off_timer string=0 0,len=3
01-08 14:38:33.608 I/ActivityManager( 1592): Start proc com.htc.syncagent for broadcast com.htc.syncagent/.svc.HTCSyncBroadcastReceiver: pid=2878 uid=10096 gids={3003}
01-08 14:38:33.618 D/PowerUI ( 1658): plugged = false, health = 2, mBatteryLevel = 100, mPluggedBatteryLevel = 99, mLowBatteryWarningLevel2 = 25, mshowLowChargingWarning2 = true
01-08 14:38:33.688 D/FDUI    ( 2878): [ HTCSyncBroadcastReceiver: 17 ] - onReceive > get broadcast.
01-08 14:38:33.688 D/FDUI    ( 2878): [ HTCUICommon: 106 ] - initialize > init preference.
01-08 14:38:33.688 D/FDUI    ( 2878): [ HTCUICommon: 113 ] - initialize > initialize
01-08 14:38:33.698 D/FDUI    ( 2878): [ HTCSyncBroadcastReceiver: 22 ] - onReceive > app ver = 1.9
01-08 14:38:33.698 D/FDUI    ( 2878): [ HTCSyncBroadcastReceiver: 23 ] - onReceive > action = android.intent.action.ACTION_POWER_DISCONNECTED
01-08 14:38:33.698 I/ActivityManager( 1592): No longer want com.htc.launcher.widgetscanner (pid 2731): hidden #16
01-08 14:38:33.698 W/ContentService( 1592): binderDied() at ObserverNode name favorites
01-08 14:38:34.289 I/System.out( 2836): Values: 160.0
01-08 14:38:34.559 D/UsbService( 1592): [USBNET] handleMessage: 0; mConnected=0(1),mConfiguration=0(1)
01-08 14:38:34.579 D/NetdConnector( 1592): listenToSocket read--: (128,0)
01-08 14:38:34.579 D/NetdConnector( 1592): RCV <- {110 lo}
01-08 14:38:34.579 D/NetdConnector( 1592): doCommand++ (Wait Response)
01-08 14:38:34.579 D/NetdConnector( 1592): RCV <- {110 dummy0}
01-08 14:38:34.589 D/NetdConnector( 1592): RSP <- {110 lo}
01-08 14:38:34.599 D/NetdConnector( 1592): miNoRespCnt=0
01-08 14:38:34.599 D/NetdConnector( 1592): RSP <- {110 dummy0}
01-08 14:38:34.599 V/NotificationService( 1592): dual Led off
01-08 14:38:34.609 D/lights  ( 1592): [LedInfo] write attr ok name=/sys/class/leds/amber/brightness string=0,len=1
01-08 14:38:34.609 D/lights  ( 1592): [LedInfo] write attr ok name=/sys/class/leds/amber/blink string=0,len=1
01-08 14:38:34.609 D/NetdConnector( 1592): miNoRespCnt=0
01-08 14:38:34.619 D/NetdConnector( 1592): RCV <- {110 ifb0}
01-08 14:38:34.619 D/lights  ( 1592): [LedInfo] write attr ok name=/sys/class/leds/amber/off_timer string=0 0,len=3
01-08 14:38:34.619 D/NetdConnector( 1592): RSP <- {110 ifb0}
01-08 14:38:34.619 D/NetdConnector( 1592): miNoRespCnt=0
01-08 14:38:34.619 D/NetdConnector( 1592): RCV <- {110 ifb1}
01-08 14:38:34.629 D/lights  ( 1592): [LedInfo] write attr ok name=/sys/class/leds/green/brightness string=0,len=1
01-08 14:38:34.629 D/lights  ( 1592): [LedInfo] write attr ok name=/sys/class/leds/green/blink string=0,len=1
01-08 14:38:34.629 D/lights  ( 1592): [LedInfo] write attr ok name=/sys/class/leds/green/off_timer string=0 0,len=3
01-08 14:38:34.629 D/NetdConnector( 1592): RSP <- {110 ifb1}
01-08 14:38:34.629 D/NetdConnector( 1592): miNoRespCnt=0
01-08 14:38:34.629 D/NetdConnector( 1592): RCV <- {110 rmnet0}
01-08 14:38:34.629 D/NetdConnector( 1592): RSP <- {110 rmnet0}
01-08 14:38:34.629 D/NetdConnector( 1592): miNoRespCnt=0
01-08 14:38:34.629 D/NetdConnector( 1592): RCV <- {110 rmnet1}
01-08 14:38:34.629 D/NetdConnector( 1592): RSP <- {110 rmnet1}
01-08 14:38:34.629 D/NetdConnector( 1592): miNoRespCnt=0
01-08 14:38:34.629 I/ActivityManager( 1592): Start proc android.process.media for broadcast com.android.providers.media/.UsbReceiver: pid=2886 uid=10044 gids={1015, 1023, 1024, 2001, 3003}
01-08 14:38:34.639 D/NotificationService( 1592): cancelNotification, ACTION_NOTIFICATION_REMOVE,pkg=android,id=17040338
01-08 14:38:34.639 D/NetdConnector( 1592): RCV <- {110 rmnet2}
01-08 14:38:34.639 D/NetdConnector( 1592): RSP <- {110 rmnet2}
01-08 14:38:34.639 D/NetdConnector( 1592): miNoRespCnt=0
01-08 14:38:34.639 D/NetdConnector( 1592): RCV <- {110 usb0}
01-08 14:38:34.639 D/NetdConnector( 1592): RSP <- {110 usb0}
01-08 14:38:34.639 D/NetdConnector( 1592): miNoRespCnt=0
01-08 14:38:34.639 D/NetdConnector( 1592): RCV <- {110 sit0}
01-08 14:38:34.639 D/NetdConnector( 1592): RSP <- {110 sit0}
01-08 14:38:34.639 D/NetdConnector( 1592): miNoRespCnt=0
01-08 14:38:34.639 D/NetdConnector( 1592): RCV <- {110 ip6tnl0}
01-08 14:38:34.639 D/NetdConnector( 1592): RSP <- {110 ip6tnl0}
01-08 14:38:34.639 D/NetdConnector( 1592): miNoRespCnt=0
01-08 14:38:34.639 D/NetdConnector( 1592): RCV <- {200 Interface list completed}
01-08 14:38:34.639 D/NetdConnector( 1592): RSP <- {200 Interface list completed}
01-08 14:38:34.639 D/NetdConnector( 1592): miNoRespCnt=0
01-08 14:38:34.639 D/NetdConnector( 1592): doCommand-- (complete)
01-08 14:38:34.639 D/NetdConnector( 1592): listenToSocket read++
01-08 14:38:34.639 D/NetdConnector( 1592): List terminated with {200 Interface list completed}
01-08 14:38:34.649 D/Tethering( 1592): InitialState.processMessage what=4
01-08 14:38:34.649 D/WifiStateMachine( 1592): wifi hotspotSSID=HTC Portable Hotspot, hiddenSSID=false, secureType=wpa2-psk, enableMacFilter=0, maxConns=5, channel=0
01-08 14:38:34.649 D/WifiStateMachine( 1592): wifi hotspotdhcpEnable=1, maxDhcpClients=5, ipAddress=192.168.1.1, dhcpSubnetMask=255.255.255.0, startingIP=192.168.1.10, dhsIPAddr1=null, dnsIPAddr2=null, sleepPolicy=1
01-08 14:38:34.649 D/Tethering( 1592): sendTetherStateChangedBroadcast 0, 0, 0
01-08 14:38:34.649 D/WifiStateMachine( 1592): getWifiApConfiguration:mconfig.SSID=HTC Portable Hotspot
01-08 14:38:34.669 I/ActivityThread( 2886): Pub downloads: com.android.providers.downloads.DownloadProvider
01-08 14:38:34.689 I/ActivityThread( 2886): Pub drm: com.android.providers.drm.DrmProvider
01-08 14:38:34.689 D/SqliteDatabaseCpp( 2886): dbopen(): path = /data/data/com.android.providers.downloads/databases , key = dksjlkYdw, flag = 6, file size = 9216
01-08 14:38:34.699 D/SqliteDatabaseCpp( 2886): dbopen(): path = /data/data/com.android.providers.downloads/databases , key = dksjlkYdw, mode: delete, disk free size: 7857 M, handle: 0x1b2898
01-08 14:38:34.699 I/ActivityThread( 2886): Pub media: com.android.providers.media.MediaProvider
01-08 14:38:34.729 D/dalvikvm( 2886): GC_FOR_ALLOC freed 77K, 4% free 6540K/6787K, paused 13ms
01-08 14:38:34.729 I/dalvikvm-heap( 2886): Grow heap (frag case) to 6.972MB for 524304-byte allocation
01-08 14:38:34.759 D/dalvikvm( 2886): GC_FOR_ALLOC freed 0K, 5% free 7052K/7367K, paused 13ms
01-08 14:38:34.769 D/MediaProvider( 2886): [MediaProvider][onCreate]+true
01-08 14:38:34.779 D/MediaProvider( 2886): [MediaProvider][onCreate]+state=mounted
01-08 14:38:34.779 D/SqliteDatabaseCpp( 2886): dbopen(): path = /data/data/com.android.providers.media/databases , key = eptevjYl, flag = 6, file size = 59392
01-08 14:38:34.799 D/SqliteDatabaseCpp( 2886): dbopen(): path = /data/data/com.android.providers.media/databases , key = eptevjYl, mode: wal, disk free size: 7857 M, handle: 0x1c7b08
01-08 14:38:34.809 D/dalvikvm( 2886): GC_CONCURRENT freed 16K, 5% free 7272K/7623K, paused 1ms+2ms
01-08 14:38:34.989 D/MediaProvider( 2886): [MediaProvider][onCreate]-
01-08 14:38:34.989 D/UsbReceiver( 2886): [MTP][UsbReceiver][onReceive]+
01-08 14:38:34.999 D/UsbConnectedReceiver( 1786): action = android.hardware.usb.action.USB_STATE
01-08 14:38:34.999 D/PSCommon( 1786): Content in /sys/devices/platform/msm_hsusb/usb_cable_connect = 0
01-08 14:38:35.009 I/ActivityManager( 1592): Start proc com.android.settings for broadcast com.android.settings/.NSReceiver: pid=2899 uid=1000 gids={1015, 3002, 3001, 3003, 2001, 1007}
01-08 14:38:35.030 D/UsbConnectedReceiver( 1786): USB Disconnected.
01-08 14:38:35.070 D/UsbConnectedReceiver( 1786): Catch USB Disconnect Event, USB cable does really not exist.
01-08 14:38:35.070 D/lights  ( 1592): [LedInfo] write attr ok name=/sys/class/leds/amber/brightness string=0,len=1
01-08 14:38:35.070 V/NotificationService( 1592): dual Led off
01-08 14:38:35.080 D/lights  ( 1592): [LedInfo] write attr ok name=/sys/class/leds/amber/blink string=0,len=1
01-08 14:38:35.080 D/lights  ( 1592): [LedInfo] write attr ok name=/sys/class/leds/amber/off_timer string=0 0,len=3
01-08 14:38:35.080 D/lights  ( 1592): [LedInfo] write attr ok name=/sys/class/leds/green/brightness string=0,len=1
01-08 14:38:35.090 D/lights  ( 1592): [LedInfo] write attr ok name=/sys/class/leds/green/blink string=0,len=1
01-08 14:38:35.090 D/lights  ( 1592): [LedInfo] write attr ok name=/sys/class/leds/green/off_timer string=0 0,len=3
01-08 14:38:35.090 D/NotificationService( 1592): cancelNotification, ACTION_NOTIFICATION_REMOVE,pkg=com.htc.android.psclient,id=2130837519
01-08 14:38:35.140 I/ActivityThread( 2899): Pub com.android.settings.provider.cdmasettings: com.android.settings.HtcCdmaSettingsProvider
01-08 14:38:35.150 D/HtcCdmaSettingsProvider( 2899): onCreate !
01-08 14:38:35.150 I/NetSharing_NSReceiver( 2899): customizedNS:true
01-08 14:38:35.160 D/NetSharing_NSReceiver( 2899): onReceive : android.net.conn.TETHER_STATE_CHANGED
01-08 14:38:35.160 D/NetSharing_NSReceiver( 2899): Tethered state change:false
01-08 14:38:35.170 D/dalvikvm( 2238): GC_CONCURRENT freed 270K, 9% free 6774K/7367K, paused 1ms+16ms
01-08 14:38:35.190 I/ActivityManager( 1592): No longer want com.htc.wdm (pid 2763): hidden #16
01-08 14:38:35.220 D/dalvikvm( 2899): GC_CONCURRENT freed 119K, 3% free 6839K/7047K, paused 2ms+4ms
01-08 14:38:35.220 I/NetSharing_NSReceiver( 2899): customizedNS:true
01-08 14:38:35.220 D/NetSharing_NSReceiver( 2899): onReceive : com.htc.usb.change
01-08 14:38:35.220 D/NetSharing_NSReceiver( 2899): USB = false hasTethered = false
01-08 14:38:35.240 D/PSReceiver( 2899): onReceive : com.htc.usb.change
01-08 14:38:35.240 D/HtcHardwareService( 1592): [USBNET] MiscControl_IPT: 0
01-08 14:38:35.240 D/HtcHardwareService( 1592): [USBNET] MiscControl+: 1,usb_none
01-08 14:38:35.240 D/CommandListener( 1439): UsbCmd::runCommand@842: iptmode,3
01-08 14:38:35.240 D/UsbController( 1439): [USBNET] StartIptMode@211: 0
01-08 14:38:35.240 D/NetworkManagmentService( 1592): [USBNET] stopIptDhcp
01-08 14:38:35.240 D/NetdConnector( 1592): listenToSocket read--: (31,0)
01-08 14:38:35.240 D/NetdConnector( 1592): doCommand++ (Wait Response)
01-08 14:38:35.240 D/NetdConnector( 1592): RCV <- {200 Tether operation succeeded}
01-08 14:38:35.240 D/NetdConnector( 1592): RSP <- {200 Tether operation succeeded}
01-08 14:38:35.240 D/NetdConnector( 1592): miNoRespCnt=0
01-08 14:38:35.240 D/NetdConnector( 1592): listenToSocket read++
01-08 14:38:35.240 D/NetdConnector( 1592): doCommand-- (complete)
01-08 14:38:35.240 D/NetworkManagmentService( 1592): [USBNET] startIptMode
01-08 14:38:35.240 D/NetdConnector( 1592): doCommand++ (Wait Response)
01-08 14:38:35.250 D/FDUI    ( 2878): [ HTCSyncBroadcastReceiver: 17 ] - onReceive > get broadcast.
01-08 14:38:35.250 D/FDUI    ( 2878): [ HTCSyncBroadcastReceiver: 22 ] - onReceive > app ver = 1.9
01-08 14:38:35.250 D/FDUI    ( 2878): [ HTCSyncBroadcastReceiver: 23 ] - onReceive > action = action.stopPCTool
01-08 14:38:35.250 D/FDUI    ( 2878): [ HTCSyncBroadcastReceiver: 53 ] - onReceive > syncthread not alive
01-08 14:38:35.250 I/logwrapper( 2907): CMD:/system/bin/netsharing
01-08 14:38:35.250 D/NetSharing( 2907): [USBNET] main+: 3, /system/bin/netsharing net_pass off
01-08 14:38:35.250 D/FDUI    ( 2878): [ HTCUICommon: 151 ] - stopStatusThread > stop service
01-08 14:38:35.260 D/NetSharing( 2907): UsbAttrFile=/sys/devices/platform/msm_hsusb/usb_function_switch
01-08 14:38:35.260 D/NetSharing( 2907): [USBNET] iCheckUsbFunc@133: 0x0
01-08 14:38:35.260 D/FDUI    ( 2878): [ HTCUICommon: 502 ] - revertADBState > saved adb value = -1
01-08 14:38:35.260 D/NetSharing( 2907): [USBNET] main@1024: uUsbSts=0x0
01-08 14:38:35.260 D/NetSharing( 2907): [USBNET] main-
01-08 14:38:35.260 D/FDUI    ( 2878): [ HTCUICommon: 547 ] - updateADBFlag > update adb flag.
01-08 14:38:35.260 I/ActivityManager( 1592): No longer want com.htc.htchubsyncprovider (pid 2771): hidden #16
01-08 14:38:35.280 I/System.out( 2836): Values: 160.0
01-08 14:38:35.300 W/ContactAggregator( 1682): No more aggregation requests
01-08 14:38:35.330 D/dalvikvm( 2899): GC_CONCURRENT freed 448K, 9% free 6833K/7431K, paused 1ms+1ms
01-08 14:38:35.450 D/NetdConnector( 1592): listenToSocket read--: (28,0)
01-08 14:38:35.450 D/NetdConnector( 1592): RCV <- {200 Usb operation succeeded}
01-08 14:38:35.450 D/NetdConnector( 1592): RSP <- {200 Usb operation succeeded}
01-08 14:38:35.450 D/NetdConnector( 1592): miNoRespCnt=0
01-08 14:38:35.450 D/NetdConnector( 1592): doCommand-- (complete)
01-08 14:38:35.450 D/CommandListener( 1439): UsbCmd::runCommand@842: funcswitch,3
01-08 14:38:35.450 D/UsbController( 1439): [USBNET] iCheckUsbFunc@133: 0x0
01-08 14:38:35.450 D/UsbController( 1439): [USBNET] iSwitchUsbFunc@312: 0,0x0,0
01-08 14:38:35.450 D/UsbController( 1439): [USBNET] iSwitchUsbFunc-: -1
01-08 14:38:35.450 D/NetworkManagmentService( 1592): [USBNET] SwitchUsbFunc
01-08 14:38:35.460 D/NetdConnector( 1592): listenToSocket read++
01-08 14:38:35.460 D/NetdConnector( 1592): doCommand++ (Wait Response)
01-08 14:38:35.460 D/NetdConnector( 1592): listenToSocket read--: (28,0)
01-08 14:38:35.460 D/NetdConnector( 1592): RCV <- {200 Usb operation succeeded}
01-08 14:38:35.460 D/NetdConnector( 1592): RSP <- {200 Usb operation succeeded}
01-08 14:38:35.460 D/NetdConnector( 1592): miNoRespCnt=0
01-08 14:38:35.460 D/NetdConnector( 1592): doCommand-- (complete)
01-08 14:38:35.460 D/NetdConnector( 1592): listenToSocket read++
01-08 14:38:35.470 D/UsbnetService( 1592): BroadcastReceiver::onReceive+
01-08 14:38:35.470 D/UsbnetService( 1592): NETWORK_STATE_CHANGED_NOTIFY: 0
01-08 14:38:35.470 I/UsbnetStateTracker( 1592): NetStateNotification +: 0
01-08 14:38:35.470 I/UsbnetStateTracker( 1592): notifyStateChange
01-08 14:38:35.470 I/UsbnetStateTracker( 1592): NetStateNotification -
01-08 14:38:35.470 D/UsbnetService( 1592): BroadcastReceiver::onReceive-
01-08 14:38:35.470 D/ConnectivityService( 1592): [embedded] ConnectivityChange for USBNET: DISCONNECTED/DISCONNECTED, default=-1
01-08 14:38:35.470 D/ConnectivityService( 1592): getMobileDataEnabled returning false
01-08 14:38:35.480 D/HtcHardwareService( 1592): [USBNET] MiscControl-: 1,usb_none
01-08 14:38:35.480 D/DataConnectionTracker( 1679): enableApnType(default), isApnTypeActive=false, isApnIdEnabled=true and state= IDLE
01-08 14:38:35.480 D/WifiService( 1592): WirelessSleep- get variables from db: enabled = true, start= 82800000, end= 21600000
01-08 14:38:35.480 D/WifiService( 1592): WirelessSleep- start->end = 25200000, end->start= 61200000
01-08 14:38:35.480 I/WifiService( 1592): DockWifi - mAutoEnableWifiApInDockMode =false mAutoEnableWifiInDockMode=false
01-08 14:38:35.500 D/StatusBar.NetworkController( 1658): mSignalStrength.isGsm() == true
01-08 14:38:35.510 D/GTalkService( 1724): lost connectivity, notify
01-08 14:38:35.510 D/GTalkService( 1724): [ReonnectMgr] ### report Inet condition: status=false, networkType=15
01-08 14:38:35.510 D/Tethering( 1592): Tethering got CONNECTIVITY_ACTION type: USBNET, subtype: , status: DISCONNECTED
01-08 14:38:35.510 D/Tethering( 1592): icon Type=15, subtype=0
01-08 14:38:35.510 D/Tethering( 1592): MasterInitialState.processMessage what=3
01-08 14:38:35.510 D/ConnectivityService( 1592): reportNetworkCondition(15, 0)
01-08 14:38:35.510 I/ActivityManager( 1592): Start proc com.htc.notes for broadcast com.htc.notes/.collection.NotesReceiver: pid=2909 uid=9996 gids={3003, 1015, 1006, 2001}
01-08 14:38:35.510 D/ConnectivityService( 1592): Inet connectivity change, net=15, condition=0,mActiveDefaultNetwork=-1
01-08 14:38:35.510 D/ConnectivityService( 1592): no active default network - aborting
01-08 14:38:35.590 I/ActivityManager( 1592): Start proc com.sdgtl.watch.flyer for broadcast com.sdgtl.watch.flyer/com.sdgtl.watch.service.ModeChangeReceiver: pid=2916 uid=10016 gids={3003, 1015}
01-08 14:38:35.620 I/ActivityManager( 1592): No longer want com.svox.pico (pid 2778): hidden #16
01-08 14:38:35.660 I/ActivityThread( 2916): Pub com.sdgtl.watchapp.widget: com.sdgtl.watch.widget.WatchAppContentProvider
01-08 14:38:35.670 D/LocationManagerService( 1592): CONNECTIVITY_ACTION: synchronized+
01-08 14:38:35.670 D/LocationManagerService( 1592): updateNetworkState unavailable info: NetworkInfo: type: USBNET[], state: DISCONNECTED/DISCONNECTED, reason: (unspecified), extra: 0, roaming: false, failover: false, isAvailable: false, isIpv4Connected: false, isIpv6Connected: false
01-08 14:38:35.670 D/LocationManagerService( 1592): CONNECTIVITY_ACTION: synchronized+ provider size: 3
01-08 14:38:35.670 D/GpsLocationProvider( 1592): + synchronized updateNetworkState  info: NetworkInfo: type: USBNET[], state: DISCONNECTED/DISCONNECTED, reason: (unspecified), extra: 0, roaming: false, failover: false, isAvailable: false, isIpv4Connected: false, isIpv6Connected: false
01-08 14:38:35.670 D/GpsLocationProvider( 1592): [shen] debug
01-08 14:38:35.670 D/LocationManagerService( 1592): CONNECTIVITY_ACTION: synchronized-
01-08 14:38:35.670 I/ActivityThread( 2916): Pub searchformovies: com.sdgtl.watch.search.CatalogSearchProvider
01-08 14:38:35.680 I/ActivityThread( 2916): Pub com.sdgtl.watch.WatchAppCarouselProvider: com.sdgtl.watch.WatchAppCarouselProvider
01-08 14:38:35.700 D/GpsLocationProvider( 1592): [handleMessage] message :4
01-08 14:38:35.700 D/GpsLocationProvider( 1592): [handleMessage] UPDATE_NETWORK_STATE
01-08 14:38:35.700 D/GpsLocationProvider( 1592): updateNetworkState unavailable info: NetworkInfo: type: USBNET[], state: DISCONNECTED/DISCONNECTED, reason: (unspecified), extra: 0, roaming: false, failover: false, isAvailable: false, isIpv4Connected: false, isIpv6Connected: false
01-08 14:38:35.700 D/PSReceiver( 2899): USB Unplugged, Set PSEnabled= false
01-08 14:38:35.730 D/dalvikvm( 2916): GC_CONCURRENT freed 326K, 6% free 6632K/7047K, paused 1ms+1ms
01-08 14:38:35.760 I/ActivityManager( 1592): Start proc com.htc.bg for broadcast com.htc.providers.uploads/.UploadReceiver: pid=2924 uid=10013 gids={2001, 3003, 1006, 1015}
01-08 14:38:35.780 I/ActivityManager( 1592): No longer want com.htc.cs (pid 2747): hidden #16
01-08 14:38:35.800 I/ActivityThread( 2924): Pub com.htc.socialnetwork.flickr.provider.StreamProvider: com.htc.socialnetwork.flickr.provider.FlickrStreamProvider
01-08 14:38:35.800 I/ActivityThread( 2924): Pub com.htc.accounts: com.htc.CustomizationSetup.AccountsProvider
01-08 14:38:35.810 I/ActivityThread( 2924): Pub com.htc.htctwitter.Users: com.htc.htctwitter.FriendProvider
01-08 14:38:35.830 I/ActivityThread( 2924): Pub com.htc.opensense.snprovider: com.htc.opensense.snprovider.SocialNetworkProvider
01-08 14:38:35.830 D/SocialNetworkProvider( 2924): onCreate
01-08 14:38:35.830 I/ActivityThread( 2924): Pub com.htc.socialnetwork.flickr.provider.CacheImageProvider: com.htc.socialnetwork.flickr.provider.FlickrCacheImageProvider
01-08 14:38:35.830 I/ActivityThread( 2924): Pub com.htc.friendstream.provider.FriendStreamProvider: com.htc.friendstream.provider.FriendStreamProvider
01-08 14:38:35.840 I/ActivityThread( 2924): Pub com.htc.chirp.provider.Tweet;com.htc.htctwitter: com.htc.htctwitter.TwitterProvider
01-08 14:38:35.850 I/ActivityThread( 2924): Pub com.htc.provider.settings: com.htc.provider.settings.NotificationFlashLightProvider
01-08 14:38:35.850 I/ActivityThread( 2924): Pub com.htc.settings.accountsync.SYNC: com.htc.opensense.syncprovider.SyncProvider
01-08 14:38:35.860 D/SyncProvider( 2924): onCreate
01-08 14:38:35.860 I/ActivityThread( 2924): Pub com.htc.providers.uploads: com.htc.providers.uploads.UploadProvider
01-08 14:38:35.860 D/UploadProvider( 2924): UploadProvider is running
01-08 14:38:35.860 I/ActivityThread( 2924): Pub com.htc.cachemanager: com.htc.opensense.cachemanager.CacheProvider
01-08 14:38:35.860 I/ActivityThread( 2924): Pub com.htc.socialnetwork.facebook.provider.CacheImageProvider: com.htc.socialnetwork.facebook.provider.FacebookCacheImageProvider
01-08 14:38:35.870 I/ActivityThread( 2924): Pub com.htc.htctwitter.provider.CacheImageProvider: com.htc.htctwitter.provider.TwitterCacheImageProvider
01-08 14:38:35.870 I/ActivityThread( 2924): Pub com.htc.socialnetwork.facebook: com.htc.socialnetwork.facebook.FacebookDB
01-08 14:38:35.880 D/UploadReceiver( 2924): Action android.net.conn.CONNECTIVITY_CHANGE
01-08 14:38:35.880 I/ActivityManager( 1592): Start proc com.htc.reportagent for broadcast com.htc.reportagent/.receiver.ReportAgentReceiver: pid=2935 uid=10038 gids={3003, 1007}
01-08 14:38:35.890 V/UploadReceiver( 2924): Receiver onConnectivity
01-08 14:38:35.920 I/ActivityManager( 1592): No longer want com.android.vending (pid 2470): hidden #16
01-08 14:38:35.930 I/MyReportAgent( 2935): ReportAgentReceiver [onReceive] android.net.conn.CONNECTIVITY_CHANGE
01-08 14:38:35.930 I/ActivityManager( 1592): No longer want com.htc.recommend (pid 2755): hidden #16
01-08 14:38:35.940 D/MyHTC   ( 2525): PoweronReceiver.onReceive(): intent=android.net.conn.CONNECTIVITY_CHANGE
01-08 14:38:35.940 I/ActivityManager( 1592): Start proc com.google.android.apps.uploader for broadcast com.google.android.apps.uploader/.ConnectivityBroadcastReceiver: pid=2944 uid=10043 gids={3003}
01-08 14:38:35.950 D/CSUtil  ( 2525): serverTime = 1384003215470
01-08 14:38:35.950 D/CSUtil  ( 2525): serverTime = 50964
01-08 14:38:35.950 D/CSUtil  ( 2525): curGMTTime = 52715962
01-08 14:38:35.980 I/ActivityThread( 2944): Pub com.google.android.apps.uploader: com.google.android.apps.uploader.UploadsContentProvider
01-08 14:38:35.980 I/ActivityThread( 2944): Pub com.google.photos.provider.Album: com.google.android.apps.uploader.clients.picasa.AlbumProvider
01-08 14:38:35.980 D/MediaUploader( 2944): UploaderApplication.onCreate
