01-13 18:58:02.289 D/FxWidgetProvider( 1675): row 1
01-13 18:58:02.289 D/CombinedWidgetProvider( 1675): addFxWidget: WidgetSummary(Locations/FX_WIDGET/[I@40c5d570 x [I@40c5d020/-2/ComponentInfo{com.htc.laputa.widget3d.locations/com.htc.laputa.widget3d.locations.LocationsWidgetProvider}/[I@40c5d040)
01-13 18:58:02.289 D/FxWidgetProvider( 1675): row 1
01-13 18:58:02.299 D/CombinedWidgetProvider( 1675): addFxWidget: WidgetSummary(News/FX_WIDGET/[I@40c53a58 x [I@40c53c80/-2/ComponentInfo{com.htc.googlereaderwidget/com.htc.googlereaderwidget.RosieWidgetReceiver}/[I@40c53ca0)
01-13 18:58:02.299 D/FxWidgetProvider( 1675): row 1
01-13 18:58:02.309 D/CombinedWidgetProvider( 1675): addFxWidget: WidgetSummary(News/FX_WIDGET/[I@40c4a3d0 x [I@40c4a950/-2/ComponentInfo{com.htc.googlereaderwidget/com.htc.googlereaderwidget.RosieWidgetReceiver}/[I@40c4a970)
01-13 18:58:02.309 D/FxWidgetProvider( 1675): row 1
01-13 18:58:02.329 D/PhoneApp( 1663): EVENT_QUERY_MO_PACKAGES
01-13 18:58:02.359 D/dalvikvm( 2701): GC_CONCURRENT freed 152K, 4% free 6807K/7047K, paused 2ms+2ms
01-13 18:58:02.469 D/dalvikvm( 2701): GC_CONCURRENT freed 131K, 4% free 7132K/7367K, paused 1ms+1ms
01-13 18:58:02.509 D/dalvikvm( 2260): GC_CONCURRENT freed 485K, 9% free 6678K/7303K, paused 2ms+6ms
01-13 18:58:02.569 D/dalvikvm( 1576): GC_EXPLICIT freed 2043K, 13% free 15808K/17991K, paused 2ms+5ms
01-13 18:58:02.579 D/CombinedWidgetProvider( 1675): addFxWidget: WidgetSummary(Data Dashboard/FX_WIDGET/[I@40c40ac8 x [I@40c40fc8/-2/ComponentInfo{com.htc.rosiewidgets.datastrip/com.htc.rosiewidgets.datastrip.DataStripWidgetProvider}/[I@40c40fe8)
01-13 18:58:02.589 D/FxWidgetProvider( 1675): row 1
01-13 18:58:02.599 D/PhoneApp( 1663): -- N1 =0
01-13 18:58:02.599 D/CombinedWidgetProvider( 1675): addFxWidget: WidgetSummary(Data Roaming/FX_WIDGET/[I@4087bf10 x [I@408917c8/-2/ComponentInfo{com.htc.rosiewidgets.dataroaming/com.htc.rosiewidgets.dataroaming.WidgetProvider}/[I@408917e8)
01-13 18:58:02.599 D/FxWidgetProvider( 1675): row 1
01-13 18:58:02.629 D/FxWidgetScanner( 2638): delete 0
01-13 18:58:02.629 D/CombinedWidgetProvider( 1675): addFxWidget: WidgetSummary(Analog Clock/FX_WIDGET/[I@40c17fb8 x [I@40c17c28/-2/ComponentInfo{com.htc.clock3dwidget/com.htc.clock3dwidget.ClockWidgetProvider}/[I@40c17c48)
01-13 18:58:02.639 D/FxWidgetProvider( 1675): row 1
01-13 18:58:02.649 D/WidgetScanner( 2638): upadted? false
01-13 18:58:02.689 D/CombinedWidgetProvider( 1675): addFxWidget: WidgetSummary(Analog Clock/FX_WIDGET/[I@40c2db10 x [I@40c2db30/-2/ComponentInfo{com.htc.clock3dwidget/com.htc.clock3dwidget.ClockWidgetProvider}/[I@40c2d960)
01-13 18:58:02.689 D/WidgetScanner( 2638): onReceiveInternal: Intent { act=android.intent.action.PACKAGE_ADDED dat=package:uk.ac.st_andrews.cs.host.mk74.energymeasurement.light flg=0x10000010 cmp=com.htc.launcher/.widget.WidgetScannerService (has extras) }
01-13 18:58:02.689 D/FxWidgetProvider( 1675): row 1
01-13 18:58:02.689 D/HtcWidgetScanner( 2638): onPackageAdded: uk.ac.st_andrews.cs.host.mk74.energymeasurement.light
01-13 18:58:02.689 I/ActivityManager( 1576): No longer want android.process.media (pid 1740): hidden #16
01-13 18:58:02.699 D/CombinedWidgetProvider( 1675): addFxWidget: WidgetSummary(Weather Clock/FX_WIDGET/[I@40c15e00 x [I@40c15e20/-2/ComponentInfo{com.htc.clock3dwidget/com.htc.clock3dwidget.ClockWidgetProvider}/[I@40c15f80)
01-13 18:58:02.699 D/FxWidgetProvider( 1675): row 1
01-13 18:58:02.709 D/CombinedWidgetProvider( 1675): addFxWidget: WidgetSummary(Travel Clock/FX_WIDGET/[I@4083caf0 x [I@40836890/-2/ComponentInfo{com.htc.clock3dwidget/com.htc.clock3dwidget.ClockWidgetProvider}/[I@408368b0)
01-13 18:58:02.709 D/FxWidgetProvider( 1675): row 1
01-13 18:58:02.709 D/CombinedWidgetProvider( 1675): addFxWidget: WidgetSummary(Digital Clock/FX_WIDGET/[I@40747168 x [I@40747188/-2/ComponentInfo{com.htc.clock3dwidget/com.htc.clock3dwidget.ClockWidgetProvider}/[I@407485e0)
01-13 18:58:02.719 D/FxWidgetProvider( 1675): row 1
01-13 18:58:02.719 D/CombinedWidgetProvider( 1675): addFxWidget: WidgetSummary(Analog Clock/FX_WIDGET/[I@40c72fa8 x [I@40c72fc8/-2/ComponentInfo{com.htc.clock3dwidget/com.htc.clock3dwidget.ClockWidgetProvider}/[I@40c72fe8)
01-13 18:58:02.729 D/FxWidgetProvider( 1675): row 1
01-13 18:58:02.749 D/CombinedWidgetProvider( 1675): addFxWidget: WidgetSummary(Analog Clock/FX_WIDGET/[I@4076d4d0 x [I@4076d4f0/-2/ComponentInfo{com.htc.clock3dwidget/com.htc.clock3dwidget.ClockWidgetProvider}/[I@4076d510)
01-13 18:58:02.749 D/FxWidgetProvider( 1675): row 1
01-13 18:58:02.759 D/Socket_Alarm( 2701): registerHTCSocketMonitorCallBack
01-13 18:58:02.759 D/Socket_Alarm( 2701): set mSocketMonitor
01-13 18:58:02.759 D/Socket_Alarm( 2701): HTCSocketMonitorImpl::HTCSocketMonitorImpl
01-13 18:58:02.759 D/CombinedWidgetProvider( 1675): addFxWidget: WidgetSummary(Analog Clock/FX_WIDGET/[I@4084d8b8 x [I@4084d5b0/-2/ComponentInfo{com.htc.clock3dwidget/com.htc.clock3dwidget.ClockWidgetProvider}/[I@4084d5d0)
01-13 18:58:02.759 D/FxWidgetProvider( 1675): row 1
01-13 18:58:02.769 D/CombinedWidgetProvider( 1675): addFxWidget: WidgetSummary(Analog Clock/FX_WIDGET/[I@40798d78 x [I@4078a590/-2/ComponentInfo{com.htc.clock3dwidget/com.htc.clock3dwidget.ClockWidgetProvider}/[I@4078a5b0)
01-13 18:58:02.769 D/FxWidgetProvider( 1675): row 1
01-13 18:58:02.779 D/CombinedWidgetProvider( 1675): addFxWidget: WidgetSummary(Analog Clock/FX_WIDGET/[I@40805848 x [I@40805868/-2/ComponentInfo{com.htc.clock3dwidget/com.htc.clock3dwidget.ClockWidgetProvider}/[I@40805888)
01-13 18:58:02.779 D/FxWidgetProvider( 1675): row 1
01-13 18:58:02.789 D/CombinedWidgetProvider( 1675): addFxWidget: WidgetSummary(Analog Clock/FX_WIDGET/[I@407356c0 x [I@407356e0/-2/ComponentInfo{com.htc.clock3dwidget/com.htc.clock3dwidget.ClockWidgetProvider}/[I@40735700)
01-13 18:58:02.789 I/ActivityManager( 1576): No longer want com.android.settings (pid 2580): hidden #16
01-13 18:58:02.799 D/FxWidgetProvider( 1675): row 1
01-13 18:58:02.799 D/CombinedWidgetProvider( 1675): addFxWidget: WidgetSummary(Analog Clock/FX_WIDGET/[I@40848d48 x [I@40848d68/-2/ComponentInfo{com.htc.clock3dwidget/com.htc.clock3dwidget.ClockWidgetProvider}/[I@408575c8)
01-13 18:58:02.799 I/ActivityManager( 1576): Start proc com.google.android.googlequicksearchbox for broadcast com.google.android.googlequicksearchbox/.SourceUpdateReceiver: pid=2710 uid=10080 gids={3003}
01-13 18:58:02.809 D/FxWidgetProvider( 1675): row 1
01-13 18:58:02.819 D/PhoneApp( 1663): -- N2 =0
01-13 18:58:02.829 D/AndroidRuntime( 2614): Shutting down VM
01-13 18:58:02.829 D/CombinedWidgetProvider( 1675): addFxWidget: WidgetSummary(Social Clock/FX_WIDGET/[I@40c3fed8 x [I@40c3fef8/-2/ComponentInfo{com.htc.clock3dwidget/com.htc.clock3dwidget.ClockWidgetProvider}/[I@40c3ff18)
01-13 18:58:02.829 D/HtcWidgetProvider( 1675): row 3
01-13 18:58:02.829 D/FxWidgetProvider( 1675): row 1
01-13 18:58:02.839 D/dalvikvm( 2614): GC_CONCURRENT freed 105K, 83% free 364K/2048K, paused 0ms+0ms
01-13 18:58:02.839 D/jdwp    ( 2614): Got wake-up signal, bailing out of select
01-13 18:58:02.839 D/dalvikvm( 2614): Debugger has detached; object registry had 1 entries
01-13 18:58:02.849 D/CombinedWidgetProvider( 1675): addFxWidget: WidgetSummary(Beam Clock/FX_WIDGET/[I@40ce24a0 x [I@40ce38e8/-2/ComponentInfo{com.htc.clock3dwidget/com.htc.clock3dwidget.ClockWidgetProvider}/[I@40ce3908)
01-13 18:58:02.849 D/FxWidgetProvider( 1675): row 1
01-13 18:58:02.859 D/CombinedWidgetProvider( 1675): addFxWidget: WidgetSummary(Ring Clock/FX_WIDGET/[I@4083db80 x [I@4083dba0/-2/ComponentInfo{com.htc.clock3dwidget/com.htc.clock3dwidget.ClockWidgetProvider}/[I@4083dbc0)
01-13 18:58:02.859 W/BinderNative( 2516): Uncaught exception from death notification
01-13 18:58:02.859 W/BinderNative( 2516): java.lang.NullPointerException
01-13 18:58:02.859 W/BinderNative( 2516): 	at android.app.ActivityThread.removeDeadProvider(ActivityThread.java:4405)
01-13 18:58:02.859 W/BinderNative( 2516): 	at android.app.ActivityThread$ProviderClientRecord.binderDied(ActivityThread.java:314)
01-13 18:58:02.859 W/BinderNative( 2516): 	at android.os.BinderProxy.sendDeathNotice(Binder.java:418)
01-13 18:58:02.859 W/BinderNative( 2516): 	at dalvik.system.NativeStart.run(Native Method)
01-13 18:58:02.869 D/FxWidgetProvider( 1675): row 1
01-13 18:58:02.869 D/CombinedWidgetProvider( 1675): addFxWidget: WidgetSummary(Spin Cycle Clock/FX_WIDGET/[I@40899448 x [I@40899468/-2/ComponentInfo{com.htc.clock3dwidget/com.htc.clock3dwidget.ClockWidgetProvider}/[I@40899488)
01-13 18:58:02.879 D/FxWidgetProvider( 1675): row 1
01-13 18:58:02.879 D/CombinedWidgetProvider( 1675): addFxWidget: WidgetSummary(Analog Clock/FX_WIDGET/[I@40c5ecb0 x [I@40c5ecd0/-2/ComponentInfo{com.htc.clock3dwidget/com.htc.clock3dwidget.ClockWidgetProvider}/[I@40c61b38)
01-13 18:58:02.879 D/FxWidgetProvider( 1675): row 1
01-13 18:58:02.879 D/CombinedWidgetProvider( 1675): addFxWidget: WidgetSummary(Calculator/FX_WIDGET/[I@40c40988 x [I@40c409a8/-2/ComponentInfo{com.htc.android.fusion.calculator/com.htc.android.fusion.calculator.RosieIntentReceiver}/[I@40c409c8)
01-13 18:58:02.889 D/FxWidgetProvider( 1675): row 1
01-13 18:58:02.899 D/CombinedWidgetProvider( 1675): addFxWidget: WidgetSummary(Calculator/FX_WIDGET/[I@40c60cf8 x [I@40c60d18/-2/ComponentInfo{com.htc.android.fusion.calculator/com.htc.android.fusion.calculator.RosieIntentReceiver}/[I@40c60d38)
01-13 18:58:02.899 D/FxWidgetProvider( 1675): row 1
01-13 18:58:02.909 D/CombinedWidgetProvider( 1675): addFxWidget: WidgetSummary(Calculator/FX_WIDGET/[I@408945a0 x [I@408945c0/-2/ComponentInfo{com.htc.android.fusion.calculator/com.htc.android.fusion.calculator.RosieIntentReceiver}/[I@408945e0)
01-13 18:58:02.909 D/FxWidgetProvider( 1675): row 1
01-13 18:58:02.909 I/ActivityThread( 2710): Pub com.google.android.googlequicksearchbox.shortcuts: com.google.android.googlequicksearchbox.WebHistoryProvider
01-13 18:58:02.909 I/ActivityThread( 2710): Pub com.google.android.googlequicksearchbox.google: com.google.android.googlequicksearchbox.google.GoogleSuggestionProvider
01-13 18:58:02.909 D/CombinedWidgetProvider( 1675): addFxWidget: WidgetSummary(Calculator/FX_WIDGET/[I@40cdf780 x [I@40cdf7a0/-2/ComponentInfo{com.htc.android.fusion.calculator/com.htc.android.fusion.calculator.RosieIntentReceiver}/[I@40cdf7c0)
01-13 18:58:02.919 D/FxWidgetProvider( 1675): row 1
01-13 18:58:02.919 D/CombinedWidgetProvider( 1675): addFxWidget: WidgetSummary(Auto-sync/FX_WIDGET/[I@408aa9e0 x [I@408cfdc0/-2/ComponentInfo{com.htc.rosiewidgets.backgrounddata/com.htc.rosiewidgets.backgrounddata.BackgroundDataWidgetProvider}/[I@408cfde0)
01-13 18:58:02.929 D/FxWidgetProvider( 1675): row 1
01-13 18:58:02.949 D/HtcWidgetScanner( 2638): count(onPackageUpdated) - 3
01-13 18:58:02.949 D/CombinedWidgetProvider( 1675): addFxWidget: WidgetSummary(Auto-rotate/FX_WIDGET/[I@40c4b640 x [I@40c4b660/-2/ComponentInfo{com.htc.autorotatewidget/com.htc.autorotatewidget.AutoRotateWidgetProvider}/[I@40c4b680)
01-13 18:58:02.949 D/FxWidgetProvider( 1675): row 1
01-13 18:58:02.959 D/CombinedWidgetProvider( 1675): addFxWidget: WidgetSummary(Stocks/FX_WIDGET/[I@40ccadc8 x [I@40ccade8/-2/ComponentInfo{com.htc.android.fusion.StockWidget/com.htc.android.fusion.StockWidget.RosieWidgetReceiver}/[I@40ccae08)
01-13 18:58:02.959 D/FxWidgetProvider( 1675): row 1
01-13 18:58:02.969 I/DEBUG   ( 1437): tid 2717 does not exist in pid 2614. ignoring debug request
01-13 18:58:02.969 D/CombinedWidgetProvider( 1675): addFxWidget: WidgetSummary(Stocks/FX_WIDGET/[I@408285d0 x [I@4082ff58/-2/ComponentInfo{com.htc.android.fusion.StockWidget/com.htc.android.fusion.StockWidget.RosieWidgetReceiver}/[I@4082ff78)
01-13 18:58:02.969 D/FxWidgetProvider( 1675): row 1
01-13 18:58:02.989 D/CombinedWidgetProvider( 1675): addFxWidget: WidgetSummary(Stocks/FX_WIDGET/[I@40805290 x [I@40cc6828/-2/ComponentInfo{com.htc.android.fusion.StockWidget/com.htc.android.fusion.StockWidget.RosieWidgetReceiver}/[I@40cc6848)
01-13 18:58:02.989 D/CombinedWidgetProvider( 1675): -addFxWidgets diff: 2397
01-13 18:58:02.989 D/CombinedWidgetProvider( 1675): +addAppWidgetCategories
01-13 18:58:02.989 D/CombinedWidgetProvider( 1675): add AppWidget category: WidgetCategory(YouTube/APP_WIDGET/0)
01-13 18:58:02.989 D/CombinedWidgetProvider( 1675): add AppWidget category: WidgetCategory(Twitter (large)/APP_WIDGET/0)
01-13 18:58:02.989 D/CombinedWidgetProvider( 1675): add AppWidget category: WidgetCategory(Twitter (small)/APP_WIDGET/0)
01-13 18:58:02.989 D/CombinedWidgetProvider( 1675): add AppWidget category: WidgetCategory(Traffic/APP_WIDGET/0)
01-13 18:58:02.989 D/CombinedWidgetProvider( 1675): add AppWidget category: WidgetCategory(Latitude/APP_WIDGET/0)
01-13 18:58:02.989 D/CombinedWidgetProvider( 1675): add AppWidget category: WidgetCategory(Market/APP_WIDGET/0)
01-13 18:58:02.989 D/CombinedWidgetProvider( 1675): add AppWidget category: WidgetCategory(Google Search/APP_WIDGET/0)
01-13 18:58:02.989 D/CombinedWidgetProvider( 1675): add AppWidget category: WidgetCategory(Gmail/APP_WIDGET/0)
01-13 18:58:02.989 D/CombinedWidgetProvider( 1675): add AppWidget category: WidgetCategory(Bookmarks/APP_WIDGET/0)
01-13 18:58:02.989 D/CombinedWidgetProvider( 1675): -addAppWidgetCategories
01-13 18:58:02.989 D/CombinedWidgetProvider( 1675): +addHtcWidgetCategories
01-13 18:58:02.989 D/CombinedWidgetProvider( 1675):  uri: content://com.htc.launcher.widget.htcwidget/htcwidgets?category_only=true
01-13 18:58:02.989 D/HtcWidgetProvider( 1675): row 1
01-13 18:58:02.999 D/CombinedWidgetProvider( 1675): addHtcWidget Category: WidgetCategory(Tips for Home/HTC_WIDGET/1101)
01-13 18:58:02.999 D/CombinedWidgetProvider( 1675): -addHtcWidgetCategories
01-13 18:58:02.999 D/CombinedWidgetProvider( 1675): +addFxWidgetCategories
01-13 18:58:02.999 D/FxWidgetProvider( 1675): row 94
01-13 18:58:03.019 D/dalvikvm( 1724): GC_EXPLICIT freed 130K, 8% free 6841K/7367K, paused 2ms+16ms
01-13 18:58:03.059 D/FxWidgetScanner( 2638): onPackageAdded: uk.ac.st_andrews.cs.host.mk74.energymeasurement.light
01-13 18:58:03.079 D/SqliteDatabaseCpp( 2710): dbopen(): path = /data/data/com.google.android.googlequicksearchbox/databases , key = iwf-`awtkvq, flag = 6, file size = 6144
01-13 18:58:03.079 D/SqliteDatabaseCpp( 2710): dbopen(): path = /data/data/com.google.android.googlequicksearchbox/databases , key = iwf-`awtkvq, mode: delete, disk free size: 7855 M, handle: 0x193538
01-13 18:58:03.109 I/ActivityManager( 1576): Start proc com.htc.pen for broadcast com.htc.pen/.plugin.PenReceiver: pid=2728 uid=10040 gids={}
01-13 18:58:03.119 I/ActivityManager( 1576): No longer want com.htc.notes (pid 2472): hidden #16
01-13 18:58:03.179 I/ActivityThread( 2728): Pub com.htc.penmenu: com.htc.pen.provider.PenMenuProvider
01-13 18:58:03.199 I/ActivityThread( 2728): Pub com.htc.pen: com.htc.pen.provider.PenProvider
01-13 18:58:03.219 D/SqliteDatabaseCpp( 2728): dbopen(): path = /data/data/com.htc.pen/databases , key = hej, flag = 6, file size = 15360
01-13 18:58:03.229 D/AndroidRuntime( 2724): 
01-13 18:58:03.229 D/AndroidRuntime( 2724): >>>>>> AndroidRuntime START com.android.internal.os.RuntimeInit <<<<<<
01-13 18:58:03.239 D/AndroidRuntime( 2724): CheckJNI is OFF
01-13 18:58:03.360 D/CursorWindowStats( 2724): Get CursorWindow size from framework resource:4194304
01-13 18:58:03.420 D/FxWidgetScanner( 2638): addWidgetList
01-13 18:58:03.420 D/SqliteDatabaseCpp( 2728): dbopen(): path = /data/data/com.htc.pen/databases , key = hej, mode: delete, disk free size: 7855 M, handle: 0x18d3c8
01-13 18:58:03.430 D/AndroidRuntime( 2724): Calling main entry com.android.commands.am.Am
01-13 18:58:03.450 I/ActivityManager( 1576): Starting: Intent { act=android.intent.action.MAIN cat=[android.intent.category.LAUNCHER] flg=0x10000000 cmp=uk.ac.st_andrews.cs.host.mk74.energymeasurement.light/.MainActivity } from pid 2724
01-13 18:58:03.540 D/dalvikvm( 1576): GC_FOR_ALLOC freed 251K, 13% free 15746K/17991K, paused 60ms
01-13 18:58:03.540 I/dalvikvm-heap( 1576): Grow heap (frag case) to 15.597MB for 124216-byte allocation
01-13 18:58:03.540 D/PhoneApp( 1663): -- N3 =0
01-13 18:58:03.540 D/FxWidgetScanner( 2638): ResolveInfo size 0
01-13 18:58:03.570 D/PenUtils( 2728): getDefaultPen() start 12
01-13 18:58:03.600 D/dalvikvm( 1576): GC_FOR_ALLOC freed 11K, 13% free 15856K/18119K, paused 49ms
01-13 18:58:03.610 D/ActivityManager( 1576): isSketcherDisabledInCurrentTask():false, ActivityRecord{406a06f8 uk.ac.st_andrews.cs.host.mk74.energymeasurement.light/.MainActivity}
01-13 18:58:03.610 D/HostWidgetManager( 1675): pauseWidgets: 2
01-13 18:58:03.610 D/AndroidRuntime( 2724): Shutting down VM
01-13 18:58:03.620 D/dalvikvm( 2724): GC_CONCURRENT freed 106K, 81% free 397K/2048K, paused 0ms+0ms
01-13 18:58:03.630 D/dalvikvm( 2724): Debugger has detached; object registry had 1 entries
01-13 18:58:03.660 I/AndroidRuntime( 2724): NOTE: attach of thread 'Binder Thread #3' failed
01-13 18:58:03.660 I/ActivityManager( 1576): Start proc uk.ac.st_andrews.cs.host.mk74.energymeasurement.light for activity uk.ac.st_andrews.cs.host.mk74.energymeasurement.light/.MainActivity: pid=2745 uid=10110 gids={}
01-13 18:58:03.680 D/SurfaceFlinger( 1438): getTokenForSurface(0xbd574) => 0 (client=0xa2688, bitmap=00000003), pid=1576
01-13 18:58:03.700 D/msm7x30.gralloc( 1438): gpu_context_t::getGrallocInformationFromFormat  2 
01-13 18:58:03.750 V/WindowManager( 1576): Starting animation in AppWindowToken{40a1d420 token=ActivityRecord{40904288 com.htc.launcher/.Launcher}} @ 742117
01-13 18:58:03.750 V/WindowManager( 1576): Starting animation in AppWindowToken{411559f0 token=ActivityRecord{406a06f8 uk.ac.st_andrews.cs.host.mk74.energymeasurement.light/.MainActivity}} @ 742117
01-13 18:58:03.760 V/WindowManager( 1576): Finished animation in AppWindowToken{40a1d420 token=ActivityRecord{40904288 com.htc.launcher/.Launcher}} @ 742137
01-13 18:58:03.760 V/WindowManager( 1576): Finished animation in AppWindowToken{411559f0 token=ActivityRecord{406a06f8 uk.ac.st_andrews.cs.host.mk74.energymeasurement.light/.MainActivity}} @ 742137
01-13 18:58:03.780 D/WidgetScanner( 2638): upadted? false
01-13 18:58:03.800 D/ActivityManager( 1576): isSketcherDisabledInCurrentTask():false, ActivityRecord{406a06f8 uk.ac.st_andrews.cs.host.mk74.energymeasurement.light/.MainActivity}
01-13 18:58:03.820 D/SurfaceFlinger( 1438): getTokenForSurface(0xbe48c) => 0 (client=0xbb3f0, bitmap=00000001), pid=2745
01-13 18:58:03.830 D/msm7x30.gralloc( 1438): gpu_context_t::getGrallocInformationFromFormat  2 
01-13 18:58:03.850 D/SurfaceFlinger( 1438): virtual void android::Layer::onRemoved(): lcblk (identity=8, status=0, token=2)
01-13 18:58:03.870 I/ActivityManager( 1576): Displayed uk.ac.st_andrews.cs.host.mk74.energymeasurement.light/.MainActivity: +217ms (total +11m21s974ms)
01-13 18:58:03.890 D/msm7x30.gralloc( 1438): gpu_context_t::getGrallocInformationFromFormat  2 
01-13 18:58:03.890 D/SurfaceFlinger( 1438): virtual void android::Layer::onRemoved(): lcblk (identity=23, status=0, token=0)
01-13 18:58:03.930 D/SurfaceFlinger( 1438): virtual void android::Layer::onRemoved(): lcblk (identity=7, status=0, token=1)
01-13 18:58:04.010 D/PhoneWindow( 1675): couldn't save which view has focus because the focused view android.widget.RelativeLayout@407c1290 has no id.
01-13 18:58:04.020 W/InputManagerService( 1576): Starting input on non-focused client com.android.internal.view.IInputMethodClient$Stub$Proxy@406ecea0 (uid=9999 pid=1675)
01-13 18:58:04.160 D/PenUtils( 2728): getDefaultPen() end 43
01-13 18:58:04.180 D/PenUtils( 2383): getAllPen() start 105
01-13 18:58:04.190 I/MySketcher( 2383): onReceive: com.htc.pen.refreshed
01-13 18:58:04.190 I/MySketcher( 2383): [SketcherWorker] onStartCommand: com.htc.action.PREPARE_VARS
01-13 18:58:04.190 I/MySketcher( 2383): prepareContentVars entered
01-13 18:58:04.190 I/MySketcher( 2383):  getContentView  , in thread:2383
01-13 18:58:04.321 D/CombinedWidgetProvider( 1675): +addFxWidgetCategories: default
01-13 18:58:04.321 D/CombinedWidgetProvider( 1675): addFxWidget Category: WidgetCategory(Watch/FX_WIDGET/-2)
01-13 18:58:04.321 D/CombinedWidgetProvider( 1675): +addFxWidgetCategories: default
01-13 18:58:04.321 D/CombinedWidgetProvider( 1675): addFxWidget Category: WidgetCategory(Mail/FX_WIDGET/-2)
01-13 18:58:04.321 D/CombinedWidgetProvider( 1675): +addFxWidgetCategories: default
01-13 18:58:04.321 D/CombinedWidgetProvider( 1675): addFxWidget Category: WidgetCategory(People/FX_WIDGET/-2)
01-13 18:58:04.331 D/CombinedWidgetProvider( 1675): +addFxWidgetCategories: default
01-13 18:58:04.331 D/CombinedWidgetProvider( 1675): addFxWidget Category: WidgetCategory(Calendar/FX_WIDGET/-2)
01-13 18:58:04.331 D/CombinedWidgetProvider( 1675): +addFxWidgetCategories: default
01-13 18:58:04.331 D/CombinedWidgetProvider( 1675): addFxWidget Category: WidgetCategory(Bookmarks/FX_WIDGET/-2)
01-13 18:58:04.331 D/CombinedWidgetProvider( 1675): +addFxWidgetCategories: default
01-13 18:58:04.331 D/CombinedWidgetProvider( 1675): addFxWidget Category: WidgetCategory(Messages/FX_WIDGET/-2)
01-13 18:58:04.331 D/CombinedWidgetProvider( 1675): +addFxWidgetCategories: default
01-13 18:58:04.331 D/CombinedWidgetProvider( 1675): addFxWidget Category: WidgetCategory(Twitter/FX_WIDGET/-2)
01-13 18:58:04.331 D/CombinedWidgetProvider( 1675): +addFxWidgetCategories: default
01-13 18:58:04.331 D/CombinedWidgetProvider( 1675): addFxWidget Category: WidgetCategory(Trends/FX_WIDGET/-2)
01-13 18:58:04.331 D/CombinedWidgetProvider( 1675): +addFxWidgetCategories: default
01-13 18:58:04.331 D/CombinedWidgetProvider( 1675): addFxWidget Category: WidgetCategory(Sync All/FX_WIDGET/-2)
01-13 18:58:04.331 D/CombinedWidgetProvider( 1675): +addFxWidgetCategories: default
01-13 18:58:04.331 D/CombinedWidgetProvider( 1675): addFxWidget Category: WidgetCategory(Music/FX_WIDGET/-2)
01-13 18:58:04.331 D/CombinedWidgetProvider( 1675): +addFxWidgetCategories: default
01-13 18:58:04.331 D/CombinedWidgetProvider( 1675): addFxWidget Category: WidgetCategory(Friend Stream/FX_WIDGET/-2)
01-13 18:58:04.331 D/CombinedWidgetProvider( 1675): +addFxWidgetCategories: default
01-13 18:58:04.331 D/CombinedWidgetProvider( 1675): addFxWidget Category: WidgetCategory(My Shelf/FX_WIDGET/-2)
01-13 18:58:04.331 D/CombinedWidgetProvider( 1675): +addFxWidgetCategories: default
01-13 18:58:04.331 D/CombinedWidgetProvider( 1675): addFxWidget Category: WidgetCategory(Weather/FX_WIDGET/-2)
01-13 18:58:04.341 D/CombinedWidgetProvider( 1675): +addFxWidgetCategories: default
01-13 18:58:04.341 D/CombinedWidgetProvider( 1675): addFxWidget Category: WidgetCategory(Notes/FX_WIDGET/-2)
01-13 18:58:04.341 D/CombinedWidgetProvider( 1675): +addFxWidgetCategories: default
01-13 18:58:04.341 D/CombinedWidgetProvider( 1675): addFxWidget Category: WidgetCategory(HTC Likes/FX_WIDGET/-2)
01-13 18:58:04.341 D/CombinedWidgetProvider( 1675): +addFxWidgetCategories: default
01-13 18:58:04.341 D/CombinedWidgetProvider( 1675): addFxWidget Category: WidgetCategory(Photo Album/FX_WIDGET/-2)
01-13 18:58:04.341 D/dalvikvm( 2383): GC_CONCURRENT freed 512K, 9% free 8809K/9607K, paused 3ms+4ms
01-13 18:58:04.351 D/CombinedWidgetProvider( 1675): +addFxWidgetCategories: default
01-13 18:58:04.351 D/CombinedWidgetProvider( 1675): addFxWidget Category: WidgetCategory(Photo Frame/FX_WIDGET/-2)
01-13 18:58:04.351 D/CombinedWidgetProvider( 1675): +addFxWidgetCategories: default
01-13 18:58:04.351 D/CombinedWidgetProvider( 1675): addFxWidget Category: WidgetCategory(Photo Grid/FX_WIDGET/-2)
01-13 18:58:04.351 D/CombinedWidgetProvider( 1675): +addFxWidgetCategories: default
01-13 18:58:04.351 D/CombinedWidgetProvider( 1675): addFxWidget Category: WidgetCategory(Navigate/FX_WIDGET/-2)
01-13 18:58:04.351 D/CombinedWidgetProvider( 1675): +addFxWidgetCategories: default
01-13 18:58:04.351 D/CombinedWidgetProvider( 1675): addFxWidget Category: WidgetCategory(Locations/FX_WIDGET/-2)
01-13 18:58:04.351 D/CombinedWidgetProvider( 1675): +addFxWidgetCategories: default
01-13 18:58:04.361 D/CombinedWidgetProvider( 1675): addFxWidget Category: WidgetCategory(News/FX_WIDGET/-2)
01-13 18:58:04.361 D/CombinedWidgetProvider( 1675): +addFxWidgetCategories: default
01-13 18:58:04.361 D/CombinedWidgetProvider( 1675): addFxWidget Category: WidgetCategory(Clock/FX_WIDGET/-2)
01-13 18:58:04.361 D/CombinedWidgetProvider( 1675): +addFxWidgetCategories: default
01-13 18:58:04.361 D/CombinedWidgetProvider( 1675): addFxWidget Category: WidgetCategory(Calculator/FX_WIDGET/-2)
01-13 18:58:04.361 D/CombinedWidgetProvider( 1675): +addFxWidgetCategories: default
01-13 18:58:04.361 D/CombinedWidgetProvider( 1675): addFxWidget Category: WidgetCategory(Stocks/FX_WIDGET/-2)
01-13 18:58:04.361 D/CombinedWidgetProvider( 1675): -addFxWidgetCategories
01-13 18:58:04.411 D/dalvikvm( 1675): GC_CONCURRENT freed 1155K, 13% free 12154K/13895K, paused 2ms+5ms
01-13 18:58:04.491 I/SimplePen( 2383): created render with defaul alpha: 180, color: -1275068161, width: 3.0
01-13 18:58:04.491 I/ActivityManager( 1576): No longer want com.htc.bg (pid 2460): hidden #16
01-13 18:58:04.501 D/PenUtils( 2383): getAllPen() end 192
01-13 18:58:04.501 D/PenMenu ( 2383): mPenTypeLoadingListener runnable - onFinish
01-13 18:58:04.611 D/dalvikvm( 2383): GC_CONCURRENT freed 1081K, 13% free 8530K/9735K, paused 1ms+2ms
01-13 18:58:04.681 D/dalvikvm( 2383): GC_CONCURRENT freed 456K, 11% free 8747K/9735K, paused 1ms+1ms
01-13 18:58:04.761 D/dalvikvm( 2383): GC_FOR_ALLOC freed 924K, 14% free 8380K/9735K, paused 14ms
01-13 18:58:04.781 I/System.out( 2745): Values: 160.0
01-13 18:58:04.821 D/dalvikvm( 2383): GC_CONCURRENT freed 251K, 11% free 8746K/9735K, paused 1ms+1ms
01-13 18:58:05.091 D/dalvikvm( 1664): GC_CONCURRENT freed 289K, 9% free 7893K/8647K, paused 1ms+1ms
01-13 18:58:05.782 I/System.out( 2745): Values: 160.0
01-13 18:58:06.773 I/System.out( 2745): Values: 160.0
01-13 18:58:07.073 W/Vold    ( 1434): Ignoring unknown switch 'usb_mass_storage'
01-13 18:58:07.083 D/dalvikvm( 2745): Debugger has detached; object registry had 1 entries
01-13 18:58:07.083 W/Vold    ( 1434): Ignoring unknown switch 'usb_connected'
01-13 18:58:07.103 D/Vold    ( 1434): USB disconnected
01-13 18:58:07.103 D/Vold    ( 1434): Share method ums now unavailable
01-13 18:58:07.103 D/VoldConnector( 1576): listenToSocket read--: (37,0)
01-13 18:58:07.103 D/VoldConnector( 1576): RCV <- {620 Share method ums now unavailable}
01-13 18:58:07.113 I/StorageNotification( 1646): UMS connection changed to false (media state mounted)
01-13 18:58:07.123 D/VoldConnector( 1576): listenToSocket read++
01-13 18:58:07.123 D/UsbService( 1576): [USBNET] USB UEVENT: {SUBSYSTEM=switch, SWITCH_STATE=0, DEVPATH=/devices/virtual/switch/usb_connected, SEQNUM=1410, ACTION=change, SWITCH_NAME=usb_connected}
01-13 18:58:07.123 D/UsbService( 1576): [USBNET] USB UEVENT: {SUBSYSTEM=switch, SWITCH_STATE=0, DEVPATH=/devices/virtual/switch/usb_configuration, SEQNUM=1411, ACTION=change, SWITCH_NAME=usb_configuration}
01-13 18:58:07.143 D/BatteryService_ULog( 1576): ULogForBatteryChargingStateChange(98,0) is called
01-13 18:58:07.153 D/BatteryService_ULog( 1576): charger=off,battery_power=98
01-13 18:58:07.153 D/UsbnetService( 1576): BroadcastReceiver::onReceive+
01-13 18:58:07.153 D/UsbnetService( 1576): onReceive BATTERY_CHANGED
01-13 18:58:07.153 D/UsbnetService( 1576):  --> pluggedType = 0, mPluggedType = 0, mScreenOff = false
01-13 18:58:07.153 D/UsbnetService( 1576): BroadcastReceiver::onReceive-
01-13 18:58:07.153 D/RemoveMe( 1663): DCT got intent android.intent.action.BATTERY_CHANGED
01-13 18:58:07.153 D/lights  ( 1576): [LedInfo] write attr ok name=/sys/class/leds/amber/brightness string=0,len=1
01-13 18:58:07.153 D/NotificationService( 1576): mIntentReceiver() Intent.ACTION_BATTERY_CHANGED
01-13 18:58:07.153 V/NotificationService( 1576): dual Led off
01-13 18:58:07.163 D/lights  ( 1576): [LedInfo] write attr ok name=/sys/class/leds/amber/blink string=0,len=1
01-13 18:58:07.163 D/RemoveMe( 1663): DCT got intent android.intent.action.BATTERY_CHANGED
01-13 18:58:07.163 D/lights  ( 1576): [LedInfo] write attr ok name=/sys/class/leds/amber/off_timer string=0 0,len=3
01-13 18:58:07.163 D/BatteryService( 1576): SendIntentforPowersaver
01-13 18:58:07.163 D/RemoveMe( 1663): DCT got intent android.intent.action.BATTERY_CHANGED
01-13 18:58:07.163 D/BatteryService( 1576): Current powersaver status == NORMAL_STATUS1 4 2 false
01-13 18:58:07.163 D/lights  ( 1576): [LedInfo] write attr ok name=/sys/class/leds/green/brightness string=0,len=1
01-13 18:58:07.163 D/lights  ( 1576): [LedInfo] write attr ok name=/sys/class/leds/green/blink string=0,len=1
01-13 18:58:07.173 D/lights  ( 1576): [LedInfo] write attr ok name=/sys/class/leds/green/off_timer string=0 0,len=3
01-13 18:58:07.183 I/ActivityManager( 1576): Start proc com.htc.syncagent for broadcast com.htc.syncagent/.svc.HTCSyncBroadcastReceiver: pid=2768 uid=10096 gids={3003}
01-13 18:58:07.203 D/PowerUI ( 1646): plugged = false, health = 2, mBatteryLevel = 98, mPluggedBatteryLevel = 99, mLowBatteryWarningLevel2 = 25, mshowLowChargingWarning2 = true
01-13 18:58:07.233 D/FDUI    ( 2768): [ HTCSyncBroadcastReceiver: 17 ] - onReceive > get broadcast.
01-13 18:58:07.233 D/FDUI    ( 2768): [ HTCUICommon: 106 ] - initialize > init preference.
01-13 18:58:07.233 D/FDUI    ( 2768): [ HTCUICommon: 113 ] - initialize > initialize
01-13 18:58:07.233 D/FDUI    ( 2768): [ HTCSyncBroadcastReceiver: 22 ] - onReceive > app ver = 1.9
01-13 18:58:07.233 D/FDUI    ( 2768): [ HTCSyncBroadcastReceiver: 23 ] - onReceive > action = android.intent.action.ACTION_POWER_DISCONNECTED
01-13 18:58:07.233 I/ActivityManager( 1576): No longer want com.android.defcontainer (pid 2622): hidden #16
01-13 18:58:07.784 I/System.out( 2745): Values: 160.0
01-13 18:58:07.784 I/System.out( 2745): Battery level start is reached
01-13 18:58:08.134 D/UsbService( 1576): [USBNET] handleMessage: 0; mConnected=0(1),mConfiguration=0(1)
01-13 18:58:08.144 D/NetdConnector( 1576): listenToSocket read--: (7,0)
01-13 18:58:08.144 D/NetdConnector( 1576): RCV <- {110 lo}
01-13 18:58:08.144 D/NetdConnector( 1576): doCommand++ (Wait Response)
01-13 18:58:08.154 D/NetdConnector( 1576): listenToSocket read++
01-13 18:58:08.164 V/NotificationService( 1576): dual Led off
01-13 18:58:08.164 D/NetdConnector( 1576): RSP <- {110 lo}
01-13 18:58:08.164 D/NetdConnector( 1576): listenToSocket read--: (121,0)
01-13 18:58:08.164 D/NetdConnector( 1576): miNoRespCnt=0
01-13 18:58:08.174 D/lights  ( 1576): [LedInfo] write attr ok name=/sys/class/leds/amber/brightness string=0,len=1
01-13 18:58:08.174 D/lights  ( 1576): [LedInfo] write attr ok name=/sys/class/leds/amber/blink string=0,len=1
01-13 18:58:08.174 D/lights  ( 1576): [LedInfo] write attr ok name=/sys/class/leds/amber/off_timer string=0 0,len=3
01-13 18:58:08.174 D/NetdConnector( 1576): RCV <- {110 dummy0}
01-13 18:58:08.174 D/NetdConnector( 1576): RSP <- {110 dummy0}
01-13 18:58:08.174 D/NetdConnector( 1576): miNoRespCnt=0
01-13 18:58:08.184 D/lights  ( 1576): [LedInfo] write attr ok name=/sys/class/leds/green/brightness string=0,len=1
01-13 18:58:08.184 D/lights  ( 1576): [LedInfo] write attr ok name=/sys/class/leds/green/blink string=0,len=1
01-13 18:58:08.184 D/lights  ( 1576): [LedInfo] write attr ok name=/sys/class/leds/green/off_timer string=0 0,len=3
01-13 18:58:08.184 D/NetdConnector( 1576): RCV <- {110 ifb0}
01-13 18:58:08.184 D/NetdConnector( 1576): RSP <- {110 ifb0}
01-13 18:58:08.184 D/NetdConnector( 1576): miNoRespCnt=0
01-13 18:58:08.184 D/NetdConnector( 1576): RCV <- {110 ifb1}
01-13 18:58:08.184 D/NetdConnector( 1576): RSP <- {110 ifb1}
01-13 18:58:08.184 D/NetdConnector( 1576): miNoRespCnt=0
01-13 18:58:08.184 I/ActivityManager( 1576): Start proc android.process.media for broadcast com.android.providers.media/.UsbReceiver: pid=2776 uid=10044 gids={1015, 1023, 1024, 2001, 3003}
01-13 18:58:08.184 D/NetdConnector( 1576): RCV <- {110 rmnet0}
01-13 18:58:08.194 D/NotificationService( 1576): cancelNotification, ACTION_NOTIFICATION_REMOVE,pkg=android,id=17040338
01-13 18:58:08.194 D/NetdConnector( 1576): RSP <- {110 rmnet0}
01-13 18:58:08.194 D/NetdConnector( 1576): miNoRespCnt=0
01-13 18:58:08.194 D/NetdConnector( 1576): RCV <- {110 rmnet1}
01-13 18:58:08.194 D/NetdConnector( 1576): RSP <- {110 rmnet1}
01-13 18:58:08.194 D/NetdConnector( 1576): miNoRespCnt=0
01-13 18:58:08.194 D/NetdConnector( 1576): RCV <- {110 rmnet2}
01-13 18:58:08.194 D/NetdConnector( 1576): RSP <- {110 rmnet2}
01-13 18:58:08.194 D/NetdConnector( 1576): miNoRespCnt=0
01-13 18:58:08.194 D/NetdConnector( 1576): RCV <- {110 usb0}
01-13 18:58:08.194 D/NetdConnector( 1576): RSP <- {110 usb0}
01-13 18:58:08.194 D/NetdConnector( 1576): miNoRespCnt=0
01-13 18:58:08.194 D/NetdConnector( 1576): RCV <- {110 sit0}
01-13 18:58:08.204 D/NetdConnector( 1576): RSP <- {110 sit0}
01-13 18:58:08.204 D/NetdConnector( 1576): miNoRespCnt=0
01-13 18:58:08.204 D/NetdConnector( 1576): RCV <- {110 ip6tnl0}
01-13 18:58:08.204 D/NetdConnector( 1576): RSP <- {110 ip6tnl0}
01-13 18:58:08.204 D/NetdConnector( 1576): miNoRespCnt=0
01-13 18:58:08.204 D/NetdConnector( 1576): RCV <- {200 Interface list completed}
01-13 18:58:08.204 D/NetdConnector( 1576): RSP <- {200 Interface list completed}
01-13 18:58:08.214 D/NetdConnector( 1576): miNoRespCnt=0
01-13 18:58:08.214 D/NetdConnector( 1576): doCommand-- (complete)
01-13 18:58:08.214 D/NetdConnector( 1576): List terminated with {200 Interface list completed}
01-13 18:58:08.214 D/Tethering( 1576): InitialState.processMessage what=4
01-13 18:58:08.214 D/WifiStateMachine( 1576): wifi hotspotSSID=HTC Portable Hotspot, hiddenSSID=false, secureType=wpa2-psk, enableMacFilter=0, maxConns=5, channel=0
01-13 18:58:08.214 D/WifiStateMachine( 1576): wifi hotspotdhcpEnable=1, maxDhcpClients=5, ipAddress=192.168.1.1, dhcpSubnetMask=255.255.255.0, startingIP=192.168.1.10, dhsIPAddr1=null, dnsIPAddr2=null, sleepPolicy=1
01-13 18:58:08.214 D/Tethering( 1576): sendTetherStateChangedBroadcast 0, 0, 0
01-13 18:58:08.214 D/NetdConnector( 1576): listenToSocket read++
01-13 18:58:08.214 D/WifiStateMachine( 1576): getWifiApConfiguration:mconfig.SSID=HTC Portable Hotspot
01-13 18:58:08.234 I/ActivityThread( 2776): Pub downloads: com.android.providers.downloads.DownloadProvider
01-13 18:58:08.254 I/ActivityThread( 2776): Pub drm: com.android.providers.drm.DrmProvider
01-13 18:58:08.254 D/SqliteDatabaseCpp( 2776): dbopen(): path = /data/data/com.android.providers.downloads/databases , key = dksjlkYdw, flag = 6, file size = 9216
01-13 18:58:08.264 I/ActivityThread( 2776): Pub media: com.android.providers.media.MediaProvider
01-13 18:58:08.264 D/SqliteDatabaseCpp( 2776): dbopen(): path = /data/data/com.android.providers.downloads/databases , key = dksjlkYdw, mode: delete, disk free size: 7855 M, handle: 0x1b2898
01-13 18:58:08.284 D/dalvikvm( 2776): GC_FOR_ALLOC freed 81K, 4% free 6539K/6787K, paused 14ms
01-13 18:58:08.284 I/dalvikvm-heap( 2776): Grow heap (frag case) to 6.972MB for 524304-byte allocation
01-13 18:58:08.314 D/dalvikvm( 2776): GC_FOR_ALLOC freed 0K, 5% free 7051K/7367K, paused 12ms
01-13 18:58:08.334 D/MediaProvider( 2776): [MediaProvider][onCreate]+true
01-13 18:58:08.354 D/MediaProvider( 2776): [MediaProvider][onCreate]+state=mounted
01-13 18:58:08.354 D/SqliteDatabaseCpp( 2776): dbopen(): path = /data/data/com.android.providers.media/databases , key = eptevjYl, flag = 6, file size = 63488
01-13 18:58:08.354 D/dalvikvm( 2776): GC_CONCURRENT freed 11K, 5% free 7277K/7623K, paused 1ms+2ms
01-13 18:58:08.364 D/SqliteDatabaseCpp( 2776): dbopen(): path = /data/data/com.android.providers.media/databases , key = eptevjYl, mode: wal, disk free size: 7855 M, handle: 0x1c7ed8
01-13 18:58:08.555 D/MediaProvider( 2776): [MediaProvider][onCreate]-
01-13 18:58:08.555 D/UsbReceiver( 2776): [MTP][UsbReceiver][onReceive]+
01-13 18:58:08.565 D/UsbConnectedReceiver( 1771): action = android.hardware.usb.action.USB_STATE
01-13 18:58:08.575 I/ActivityManager( 1576): Start proc com.android.settings for broadcast com.android.settings/.NSReceiver: pid=2789 uid=1000 gids={1015, 3002, 3001, 3003, 2001, 1007}
01-13 18:58:08.675 D/PSCommon( 1771): Content in /sys/devices/platform/msm_hsusb/usb_cable_connect = 0
01-13 18:58:08.715 I/ActivityThread( 2789): Pub com.android.settings.provider.cdmasettings: com.android.settings.HtcCdmaSettingsProvider
01-13 18:58:08.715 D/HtcCdmaSettingsProvider( 2789): onCreate !
01-13 18:58:08.715 D/UsbConnectedReceiver( 1771): USB Disconnected.
01-13 18:58:08.715 I/NetSharing_NSReceiver( 2789): customizedNS:true
01-13 18:58:08.725 D/NetSharing_NSReceiver( 2789): onReceive : android.net.conn.TETHER_STATE_CHANGED
01-13 18:58:08.725 D/NetSharing_NSReceiver( 2789): Tethered state change:false
01-13 18:58:08.735 D/UsbConnectedReceiver( 1771): Catch USB Disconnect Event, USB cable does really not exist.
01-13 18:58:08.745 D/lights  ( 1576): [LedInfo] write attr ok name=/sys/class/leds/amber/brightness string=0,len=1
01-13 18:58:08.745 D/lights  ( 1576): [LedInfo] write attr ok name=/sys/class/leds/amber/blink string=0,len=1
01-13 18:58:08.745 D/lights  ( 1576): [LedInfo] write attr ok name=/sys/class/leds/amber/off_timer string=0 0,len=3
01-13 18:58:08.745 V/NotificationService( 1576): dual Led off
01-13 18:58:08.755 D/lights  ( 1576): [LedInfo] write attr ok name=/sys/class/leds/green/brightness string=0,len=1
01-13 18:58:08.755 D/lights  ( 1576): [LedInfo] write attr ok name=/sys/class/leds/green/blink string=0,len=1
01-13 18:58:08.755 D/lights  ( 1576): [LedInfo] write attr ok name=/sys/class/leds/green/off_timer string=0 0,len=3
01-13 18:58:08.755 D/NotificationService( 1576): cancelNotification, ACTION_NOTIFICATION_REMOVE,pkg=com.htc.android.psclient,id=2130837519
01-13 18:58:08.775 I/System.out( 2745): Values: 160.0
01-13 18:58:08.775 I/ActivityManager( 1576): No longer want com.htc.launcher.widgetscanner (pid 2638): hidden #16
01-13 18:58:08.785 D/dalvikvm( 2789): GC_CONCURRENT freed 123K, 4% free 6836K/7047K, paused 3ms+2ms
01-13 18:58:08.795 I/NetSharing_NSReceiver( 2789): customizedNS:true
01-13 18:58:08.795 D/NetSharing_NSReceiver( 2789): onReceive : com.htc.usb.change
01-13 18:58:08.795 D/NetSharing_NSReceiver( 2789): USB = false hasTethered = false
01-13 18:58:08.815 D/PSReceiver( 2789): onReceive : com.htc.usb.change
01-13 18:58:08.815 D/HtcHardwareService( 1576): [USBNET] MiscControl_IPT: 0
01-13 18:58:08.815 D/NetworkManagmentService( 1576): [USBNET] stopIptDhcp
01-13 18:58:08.815 D/NetdConnector( 1576): listenToSocket read--: (31,0)
01-13 18:58:08.815 D/NetdConnector( 1576): RCV <- {200 Tether operation succeeded}
01-13 18:58:08.825 D/HtcHardwareService( 1576): [USBNET] MiscControl+: 1,usb_none
01-13 18:58:08.825 D/CommandListener( 1436): UsbCmd::runCommand@842: iptmode,3
01-13 18:58:08.825 D/UsbController( 1436): [USBNET] StartIptMode@211: 0
01-13 18:58:08.825 D/NetdConnector( 1576): doCommand++ (Wait Response)
01-13 18:58:08.825 D/NetdConnector( 1576): RSP <- {200 Tether operation succeeded}
01-13 18:58:08.825 D/NetdConnector( 1576): listenToSocket read++
01-13 18:58:08.825 D/NetdConnector( 1576): miNoRespCnt=0
01-13 18:58:08.825 D/NetdConnector( 1576): doCommand-- (complete)
01-13 18:58:08.825 D/NetworkManagmentService( 1576): [USBNET] startIptMode
01-13 18:58:08.825 D/NetdConnector( 1576): doCommand++ (Wait Response)
01-13 18:58:08.825 I/logwrapper( 2797): CMD:/system/bin/netsharing
01-13 18:58:08.825 D/NetSharing( 2797): [USBNET] main+: 3, /system/bin/netsharing net_pass off
01-13 18:58:08.835 D/FDUI    ( 2768): [ HTCSyncBroadcastReceiver: 17 ] - onReceive > get broadcast.
01-13 18:58:08.835 D/FDUI    ( 2768): [ HTCSyncBroadcastReceiver: 22 ] - onReceive > app ver = 1.9
01-13 18:58:08.835 D/FDUI    ( 2768): [ HTCSyncBroadcastReceiver: 23 ] - onReceive > action = action.stopPCTool
01-13 18:58:08.835 D/NetSharing( 2797): UsbAttrFile=/sys/devices/platform/msm_hsusb/usb_function_switch
01-13 18:58:08.835 D/FDUI    ( 2768): [ HTCSyncBroadcastReceiver: 53 ] - onReceive > syncthread not alive
01-13 18:58:08.835 D/NetSharing( 2797): [USBNET] iCheckUsbFunc@133: 0x0
01-13 18:58:08.835 D/NetSharing( 2797): [USBNET] main@1024: uUsbSts=0x0
01-13 18:58:08.835 D/NetSharing( 2797): [USBNET] main-
01-13 18:58:08.835 D/FDUI    ( 2768): [ HTCUICommon: 151 ] - stopStatusThread > stop service
01-13 18:58:08.835 D/FDUI    ( 2768): [ HTCUICommon: 502 ] - revertADBState > saved adb value = -1
01-13 18:58:08.845 D/FDUI    ( 2768): [ HTCUICommon: 547 ] - updateADBFlag > update adb flag.
01-13 18:58:08.845 I/ActivityManager( 1576): No longer want com.htc.wdm (pid 2670): hidden #16
01-13 18:58:08.855 W/ContentService( 1576): binderDied() at ObserverNode name favorites
01-13 18:58:08.875 W/ContactAggregator( 1664): No more aggregation requests
01-13 18:58:08.915 D/dalvikvm( 2789): GC_CONCURRENT freed 448K, 9% free 6833K/7431K, paused 1ms+4ms
01-13 18:58:08.925 D/dalvikvm( 2260): GC_CONCURRENT freed 421K, 8% free 6769K/7303K, paused 2ms+3ms
01-13 18:58:09.025 D/NetdConnector( 1576): listenToSocket read--: (28,0)
01-13 18:58:09.025 D/NetdConnector( 1576): RCV <- {200 Usb operation succeeded}
01-13 18:58:09.025 D/NetdConnector( 1576): RSP <- {200 Usb operation succeeded}
01-13 18:58:09.025 D/NetdConnector( 1576): miNoRespCnt=0
01-13 18:58:09.025 D/NetdConnector( 1576): doCommand-- (complete)
01-13 18:58:09.025 D/CommandListener( 1436): UsbCmd::runCommand@842: funcswitch,3
01-13 18:58:09.025 D/UsbController( 1436): [USBNET] iCheckUsbFunc@133: 0x0
01-13 18:58:09.025 D/UsbController( 1436): [USBNET] iSwitchUsbFunc@312: 0,0x0,0
01-13 18:58:09.025 D/UsbController( 1436): [USBNET] iSwitchUsbFunc-: -1
01-13 18:58:09.025 D/NetworkManagmentService( 1576): [USBNET] SwitchUsbFunc
01-13 18:58:09.035 D/UsbnetService( 1576): BroadcastReceiver::onReceive+
01-13 18:58:09.035 D/UsbnetService( 1576): NETWORK_STATE_CHANGED_NOTIFY: 0
01-13 18:58:09.035 I/UsbnetStateTracker( 1576): NetStateNotification +: 0
01-13 18:58:09.035 I/UsbnetStateTracker( 1576): notifyStateChange
01-13 18:58:09.035 D/NetdConnector( 1576): doCommand++ (Wait Response)
01-13 18:58:09.035 D/NetdConnector( 1576): listenToSocket read++
01-13 18:58:09.035 D/NetdConnector( 1576): listenToSocket read--: (28,0)
01-13 18:58:09.035 D/NetdConnector( 1576): RCV <- {200 Usb operation succeeded}
01-13 18:58:09.035 D/NetdConnector( 1576): RSP <- {200 Usb operation succeeded}
01-13 18:58:09.035 D/NetdConnector( 1576): miNoRespCnt=0
01-13 18:58:09.035 D/NetdConnector( 1576): doCommand-- (complete)
01-13 18:58:09.035 D/ConnectivityService( 1576): [embedded] ConnectivityChange for USBNET: DISCONNECTED/DISCONNECTED, default=-1
01-13 18:58:09.045 I/UsbnetStateTracker( 1576): NetStateNotification -
01-13 18:58:09.045 D/UsbnetService( 1576): BroadcastReceiver::onReceive-
01-13 18:58:09.045 D/HtcHardwareService( 1576): [USBNET] MiscControl-: 1,usb_none
01-13 18:58:09.045 D/ConnectivityService( 1576): getMobileDataEnabled returning false
01-13 18:58:09.045 D/WifiService( 1576): WirelessSleep- get variables from db: enabled = true, start= 82800000, end= 21600000
01-13 18:58:09.045 D/WifiService( 1576): WirelessSleep- start->end = 25200000, end->start= 61200000
01-13 18:58:09.045 I/WifiService( 1576): DockWifi - mAutoEnableWifiApInDockMode =false mAutoEnableWifiInDockMode=false
01-13 18:58:09.045 D/NetdConnector( 1576): listenToSocket read++
01-13 18:58:09.055 D/DataConnectionTracker( 1663): enableApnType(default), isApnTypeActive=false, isApnIdEnabled=true and state= IDLE
01-13 18:58:09.085 D/StatusBar.NetworkController( 1646): mSignalStrength.isGsm() == true
01-13 18:58:09.095 D/GTalkService( 1724): lost connectivity, notify
01-13 18:58:09.095 D/GTalkService( 1724): [ReonnectMgr] ### report Inet condition: status=false, networkType=15
01-13 18:58:09.095 D/Tethering( 1576): Tethering got CONNECTIVITY_ACTION type: USBNET, subtype: , status: DISCONNECTED
01-13 18:58:09.095 D/Tethering( 1576): icon Type=15, subtype=0
01-13 18:58:09.095 D/Tethering( 1576): MasterInitialState.processMessage what=3
01-13 18:58:09.095 D/ConnectivityService( 1576): reportNetworkCondition(15, 0)
01-13 18:58:09.095 I/ActivityManager( 1576): Start proc com.htc.notes for broadcast com.htc.notes/.collection.NotesReceiver: pid=2799 uid=9996 gids={3003, 1015, 1006, 2001}
01-13 18:58:09.095 D/ConnectivityService( 1576): Inet connectivity change, net=15, condition=0,mActiveDefaultNetwork=-1
01-13 18:58:09.095 D/ConnectivityService( 1576): no active default network - aborting
01-13 18:58:09.175 I/ActivityManager( 1576): Start proc com.sdgtl.watch.flyer for broadcast com.sdgtl.watch.flyer/com.sdgtl.watch.service.ModeChangeReceiver: pid=2806 uid=10016 gids={3003, 1015}
01-13 18:58:09.175 D/PSReceiver( 2789): USB Unplugged, Set PSEnabled= false
01-13 18:58:09.195 I/ActivityManager( 1576): No longer want com.htc.htchubsyncprovider (pid 2678): hidden #16
01-13 18:58:09.245 I/ActivityThread( 2806): Pub com.sdgtl.watchapp.widget: com.sdgtl.watch.widget.WatchAppContentProvider
01-13 18:58:09.255 I/ActivityThread( 2806): Pub searchformovies: com.sdgtl.watch.search.CatalogSearchProvider
01-13 18:58:09.255 I/ActivityThread( 2806): Pub com.sdgtl.watch.WatchAppCarouselProvider: com.sdgtl.watch.WatchAppCarouselProvider
01-13 18:58:09.295 D/LocationManagerService( 1576): CONNECTIVITY_ACTION: synchronized+
01-13 18:58:09.295 D/LocationManagerService( 1576): updateNetworkState unavailable info: NetworkInfo: type: USBNET[], state: DISCONNECTED/DISCONNECTED, reason: (unspecified), extra: 0, roaming: false, failover: false, isAvailable: false, isIpv4Connected: false, isIpv6Connected: false
01-13 18:58:09.295 D/LocationManagerService( 1576): CONNECTIVITY_ACTION: synchronized+ provider size: 3
01-13 18:58:09.295 D/GpsLocationProvider( 1576): + synchronized updateNetworkState  info: NetworkInfo: type: USBNET[], state: DISCONNECTED/DISCONNECTED, reason: (unspecified), extra: 0, roaming: false, failover: false, isAvailable: false, isIpv4Connected: false, isIpv6Connected: false
01-13 18:58:09.295 D/GpsLocationProvider( 1576): [shen] debug
01-13 18:58:09.295 D/LocationManagerService( 1576): CONNECTIVITY_ACTION: synchronized-
01-13 18:58:09.295 D/GpsLocationProvider( 1576): [handleMessage] message :4
01-13 18:58:09.295 D/GpsLocationProvider( 1576): [handleMessage] UPDATE_NETWORK_STATE
01-13 18:58:09.295 D/GpsLocationProvider( 1576): updateNetworkState unavailable info: NetworkInfo: type: USBNET[], state: DISCONNECTED/DISCONNECTED, reason: (unspecified), extra: 0, roaming: false, failover: false, isAvailable: false, isIpv4Connected: false, isIpv6Connected: false
01-13 18:58:09.325 D/dalvikvm( 2806): GC_CONCURRENT freed 326K, 6% free 6632K/7047K, paused 1ms+1ms
01-13 18:58:09.355 I/ActivityManager( 1576): Start proc com.htc.bg for broadcast com.htc.providers.uploads/.UploadReceiver: pid=2814 uid=10013 gids={2001, 3003, 1006, 1015}
01-13 18:58:09.385 I/ActivityManager( 1576): No longer want com.svox.pico (pid 2685): hidden #16
01-13 18:58:09.395 I/ActivityThread( 2814): Pub com.htc.socialnetwork.flickr.provider.StreamProvider: com.htc.socialnetwork.flickr.provider.FlickrStreamProvider
01-13 18:58:09.405 I/ActivityThread( 2814): Pub com.htc.accounts: com.htc.CustomizationSetup.AccountsProvider
01-13 18:58:09.415 I/ActivityThread( 2814): Pub com.htc.htctwitter.Users: com.htc.htctwitter.FriendProvider
01-13 18:58:09.426 I/ActivityThread( 2814): Pub com.htc.opensense.snprovider: com.htc.opensense.snprovider.SocialNetworkProvider
01-13 18:58:09.426 D/SocialNetworkProvider( 2814): onCreate
01-13 18:58:09.436 I/ActivityThread( 2814): Pub com.htc.socialnetwork.flickr.provider.CacheImageProvider: com.htc.socialnetwork.flickr.provider.FlickrCacheImageProvider
01-13 18:58:09.436 I/ActivityThread( 2814): Pub com.htc.friendstream.provider.FriendStreamProvider: com.htc.friendstream.provider.FriendStreamProvider
01-13 18:58:09.446 I/ActivityThread( 2814): Pub com.htc.chirp.provider.Tweet;com.htc.htctwitter: com.htc.htctwitter.TwitterProvider
01-13 18:58:09.446 I/ActivityThread( 2814): Pub com.htc.provider.settings: com.htc.provider.settings.NotificationFlashLightProvider
01-13 18:58:09.456 I/ActivityThread( 2814): Pub com.htc.settings.accountsync.SYNC: com.htc.opensense.syncprovider.SyncProvider
01-13 18:58:09.456 D/SyncProvider( 2814): onCreate
01-13 18:58:09.456 I/ActivityThread( 2814): Pub com.htc.providers.uploads: com.htc.providers.uploads.UploadProvider
01-13 18:58:09.456 D/UploadProvider( 2814): UploadProvider is running
01-13 18:58:09.456 I/ActivityThread( 2814): Pub com.htc.cachemanager: com.htc.opensense.cachemanager.CacheProvider
01-13 18:58:09.456 I/ActivityThread( 2814): Pub com.htc.socialnetwork.facebook.provider.CacheImageProvider: com.htc.socialnetwork.facebook.provider.FacebookCacheImageProvider
01-13 18:58:09.476 I/ActivityThread( 2814): Pub com.htc.htctwitter.provider.CacheImageProvider: com.htc.htctwitter.provider.TwitterCacheImageProvider
01-13 18:58:09.476 I/ActivityThread( 2814): Pub com.htc.socialnetwork.facebook: com.htc.socialnetwork.facebook.FacebookDB
01-13 18:58:09.476 D/UploadReceiver( 2814): Action android.net.conn.CONNECTIVITY_CHANGE
01-13 18:58:09.486 I/ActivityManager( 1576): Start proc com.htc.reportagent for broadcast com.htc.reportagent/.receiver.ReportAgentReceiver: pid=2824 uid=10038 gids={3003, 1007}
01-13 18:58:09.496 V/UploadReceiver( 2814): Receiver onConnectivity
01-13 18:58:09.536 I/ActivityManager( 1576): No longer want com.htc.cs (pid 2652): hidden #16
01-13 18:58:09.556 D/dalvikvm( 1439): GC_EXPLICIT freed 11K, 5% free 6453K/6787K, paused 1ms+21ms
01-13 18:58:09.556 I/MyReportAgent( 2824): ReportAgentReceiver [onReceive] android.net.conn.CONNECTIVITY_CHANGE
01-13 18:58:09.556 I/ActivityManager( 1576): No longer want com.android.vending (pid 2516): hidden #16
01-13 18:58:09.566 D/MyHTC   ( 1897): PoweronReceiver.onReceive(): intent=android.net.conn.CONNECTIVITY_CHANGE
01-13 18:58:09.576 D/CSUtil  ( 1897): serverTime = 1384020890245
01-13 18:58:09.576 D/CSUtil  ( 1897): serverTime = 51564
