--------- beginning of /dev/log/main
01-08 14:38:14.239 D/KeyguardViewMediator( 1592): wakeWhenReadyLocked(26)
01-08 14:38:14.239 I/power   ( 1592): *** set_screen_state 1
01-08 14:38:14.249 D/PowerManagerService( 1592): setScreenStateLocked++, on: true, err: 0
01-08 14:38:14.249 D/lights  ( 1592): set_light_buttons_func: on=16777215 brightness=255
01-08 14:38:14.249 D/lights  ( 1592): set_rotated_rgb_led: on=0 brightness=0
01-08 14:38:14.249 D/lights  ( 1592): [LedInfo] write attr ok name=/sys/class/leds/amber-portrait/brightness string=0,len=1
01-08 14:38:14.249 D/lights  ( 1592): set_rotated_rgb_led: on=1 brightness=255
01-08 14:38:14.249 D/lights  ( 1592): [LedInfo] write attr ok name=/sys/class/leds/green-portrait/brightness string=255,len=3
01-08 14:38:14.249 D/lights  ( 1592): set_rotated_rgb_led: on=0 brightness=0
01-08 14:38:14.249 E/lights  ( 1592): [LedErr] open attr failed name=/sys/class/leds/blue-portrait/brightness errno: 2
01-08 14:38:14.249 D/Sensors ( 1592): Enable akm: en = 1
--------- beginning of /dev/log/system
01-08 14:38:14.249 D/PowerManagerService( 1592): button light setOrientation:-1
01-08 14:38:14.249 D/PowerManagerService( 1592): setPenMenuButtonLed: 2
01-08 14:38:14.249 D/PowerManagerService( 1592): Set pen menu button led (amber, green, blue) = 0, -1, 0), portrait = true
01-08 14:38:14.259 D/Launcher.Model( 1688): updateAppUsageStatCache +
01-08 14:38:14.269 D/Launcher.Model( 1688): updateAppUsageStatCache - diff: 3
01-08 14:38:14.289 D/UsbnetService( 1592): BroadcastReceiver::onReceive+
01-08 14:38:14.289 D/UsbnetService( 1592): onReceive SCREEN_ON
01-08 14:38:14.289 D/UsbnetService( 1592): BroadcastReceiver::onReceive-
01-08 14:38:14.289 D/AlarmManager( 1592): ACTION_SCREEN_ON
01-08 14:38:14.299 D/SurfaceFlinger( 1441): Screen about to return, flinger = 0xa830
01-08 14:38:14.299 D/msm7x30.hwcomposer( 1441): HWC called FB enableHDMIOutput(0)
01-08 14:38:14.319 D/PREF    ( 1688): setWidgetTilt .weatherclock.WeatherClockWidgetView : 15
01-08 14:38:14.319 D/HostWidgetManager( 1688): onResumeInKeyguard: 2
01-08 14:38:14.329 D/FxWorkspace( 1688): prepareUnlockAnimation
01-08 14:38:14.329 D/FxWorkspaceClient( 1688): showAllScreens()
01-08 14:38:14.329 D/AK8975  ( 1451): Compass Start
01-08 14:38:14.329 D/FxWorkspaceClient( 1688): freezeAllScreens
01-08 14:38:14.329 D/UnlockAnimator( 1688): setFrame: unlock_to_03
01-08 14:38:14.339 D/Rotate.Performance( 1688): FxWorkspace.show()
01-08 14:38:14.359 D/StatusBar.NetworkController( 1658): mSignalStrength.isGsm() == true
01-08 14:38:14.359 D/RemoveMe( 1679): DCT got intent android.intent.action.SCREEN_ON
01-08 14:38:14.359 D/ConnectivityService( 1592): getMobileDataEnabled returning false
01-08 14:38:14.369 D/RemoveMe( 1679): DCT got intent android.intent.action.SCREEN_ON
01-08 14:38:14.369 D/RemoveMe( 1679): DCT got intent android.intent.action.SCREEN_ON
01-08 14:38:14.369 D/ConnectivityService( 1592): getMobileDataEnabled returning false
01-08 14:38:15.270 D/HtcLockScreen3.0( 1592): HtcLockScreen: onInterceptTouchEvent ACTION_DOWN
01-08 14:38:15.751 D/HtcLockScreen3.0( 1592): HtcLockScreen: onInterceptTouchEvent ACTION_UP
01-08 14:38:15.751 D/IdleScreen_base( 1690): onRingUnlockStart
01-08 14:38:16.051 D/KeyguardViewManager( 1592): hide()
01-08 14:38:16.051 I/TabletStatusBar( 1658): DISABLE_CLOCK: no
01-08 14:38:16.051 I/TabletStatusBar( 1658): DISABLE_NAVIGATION: no
01-08 14:38:16.061 D/MyHTC   ( 2525): PoweronReceiver.onReceive(): intent=android.intent.action.USER_PRESENT
01-08 14:38:16.071 D/FxWorkspace( 1688): unlockAnimation
01-08 14:38:16.071 D/FxWorkspace( 1688): onUnlockAnimationStart()
01-08 14:38:16.071 D/UnlockAnimator( 1688): playMarker: unlock_to_03
01-08 14:38:16.071 D/FxWorkspaceClient( 1688): showAllScreens()
01-08 14:38:16.071 D/Rotate.Performance( 1688): FxWorkspace.show()
01-08 14:38:16.071 D/Twitter-MessageReceiver( 2582): action android.intent.action.USER_PRESENT
01-08 14:38:16.091 D/SqliteDatabaseCpp( 2582): dbopen(): path = /data/data/com.htc.htctwitter/databases , key = `tgg`avh, flag = 6, file size = 16384
01-08 14:38:16.101 D/Sensors ( 1592): Enable akm: en = 0
01-08 14:38:16.131 D/SqliteDatabaseCpp( 2582): dbopen(): path = /data/data/com.htc.htctwitter/databases , key = `tgg`avh, mode: delete, disk free size: 7857 M, handle: 0x15e828
01-08 14:38:16.141 D/msm7x30.gralloc( 1441): gpu_context_t::getGrallocInformationFromFormat  1 
01-08 14:38:16.141 D/Sensors ( 1592): Enable akm: en = 1
01-08 14:38:16.151 I/SharedBufferStack( 1441): ShareClientTryLock succeed after 26 trial
01-08 14:38:16.191 D/SurfaceFlinger( 1441): virtual void android::Layer::onRemoved(): lcblk (identity=6, status=0, token=0)
01-08 14:38:16.231 D/SqliteDatabaseCpp( 2582): dbopen(): path = /data/data/com.htc.opensense/databases , key = wqjg, flag = 6, file size = 7168
01-08 14:38:16.241 I/TabletStatusBar( 1658): DISABLE_BACK: no
01-08 14:38:16.251 D/SqliteDatabaseCpp( 2582): dbopen(): path = /data/data/com.htc.opensense/databases , key = wqjg, mode: delete, disk free size: 7857 M, handle: 0x23ad18
01-08 14:38:16.261 D/SurfaceFlinger( 1441): virtual void android::Layer::onRemoved(): lcblk (identity=2, status=0, token=0)
01-08 14:38:16.261 D/Sensors ( 1592): Enable akm: en = 0
01-08 14:38:16.281 D/SyncProvider( 2582): match settings
01-08 14:38:16.301 D/FacebookReceiver( 2582): Intent.ACTION_USER_PRESENT SyncInterval=3600000,currTime=1389191896244
01-08 14:38:16.301 D/FacebookReceiver( 2582): Intent.ACTION_USER_PRESENT lastStreamSyncTime=1389191896310,lastFriendSyncTime=1389191896310
01-08 14:38:16.301 D/SyncProvider( 2582): match settings
01-08 14:38:16.321 D/FlickrReceiver( 2582): Intent.ACTION_USER_PRESENT SyncInterval=3600000,currTime=1389191896317
01-08 14:38:16.321 D/FlickrReceiver( 2582): Intent.ACTION_USER_PRESENT lastStreamSyncTime=1389191896330,lastFriendSyncTime=1389191896330
01-08 14:38:16.351 D/dalvikvm( 1690): GC_EXPLICIT freed 205K, 8% free 7027K/7623K, paused 1ms+14ms
01-08 14:38:16.401 D/dalvikvm( 1690): GC_EXPLICIT freed 17K, 9% free 7010K/7623K, paused 1ms+1ms
01-08 14:38:16.451 D/SyncProvider( 2582): match settings
01-08 14:38:16.461 D/dalvikvm( 1690): GC_EXPLICIT freed 6K, 9% free 7010K/7623K, paused 2ms+3ms
01-08 14:38:16.471 D/AK8975  ( 1451): Compass CLOSE 
01-08 14:38:16.521 D/dalvikvm( 1690): GC_EXPLICIT freed 1K, 9% free 7010K/7623K, paused 1ms+2ms
01-08 14:38:16.592 D/dalvikvm( 1690): GC_EXPLICIT freed 2K, 9% free 7010K/7623K, paused 2ms+1ms
01-08 14:38:16.662 D/dalvikvm( 1690): GC_EXPLICIT freed 1K, 9% free 7010K/7623K, paused 2ms+9ms
01-08 14:38:17.072 D/FxWorkspace( 1688): onUnlockAnimationEnd()
01-08 14:38:17.072 D/HostWidgetManager( 1688): onUserPresent: 2
01-08 14:38:17.072 D/HostWidgetManager( 1688): resumeWidgets: 2 sort: true
01-08 14:38:17.072 D/FxWorkspace( 1688): changeScreensVisibility
01-08 14:38:17.072 D/FxWorkspace( 1688): changeScreensVisibility
01-08 14:38:17.132 D/SqliteDatabaseCpp( 1786): dbopen(): path = /data/data/com.htc.sync.provider.weather/databases , key = seYt`evwqjg, flag = 6, file size = 9216
01-08 14:38:17.142 D/SqliteDatabaseCpp( 1786): dbopen(): path = /data/data/com.htc.sync.provider.weather/databases , key = seYt`evwqjg, mode: delete, disk free size: 7857 M, handle: 0x286a50
01-08 14:38:17.412 W/WSP     ( 1786): [HttpURLConnectionHelper] http://htc2.accu-weather.com/widget/htc2/weather-data.asp?slat=56.33&slon=-2.80&metric=0 connection failed, Unable to resolve host "htc2.accu-weather.com": No address associated with hostname
01-08 14:38:17.412 W/WSP     ( 1786): [HttpURLConnectionHelper] http://htc2.accu-weather.com/widget/htc2/weather-data.asp?slat=56.33&slon=-2.80&metric=0 connection failed, Unable to resolve host "htc2.accu-weather.com": No address associated with hostname
01-08 14:38:17.412 W/WSP     ( 1786): [HttpURLConnectionHelper] http://htc2.accu-weather.com/widget/htc2/weather-data.asp?slat=56.33&slon=-2.80&metric=0 connection failed, Unable to resolve host "htc2.accu-weather.com": No address associated with hostname
01-08 14:38:17.412 W/System.err( 1786): java.net.UnknownHostException: Unable to resolve host "wcr.htcsense.com": No address associated with hostname
01-08 14:38:17.452 W/System.err( 1786): 	at java.net.InetAddress.lookupHostByName(InetAddress.java:499)
01-08 14:38:17.452 W/System.err( 1786): 	at java.net.InetAddress.getAllByNameImpl(InetAddress.java:280)
01-08 14:38:17.452 W/System.err( 1786): 	at java.net.InetAddress.getAllByName(InetAddress.java:249)
01-08 14:38:17.452 W/System.err( 1786): 	at org.apache.harmony.luni.internal.net.www.protocol.http.HttpConnection.<init>(HttpConnection.java:69)
01-08 14:38:17.452 W/System.err( 1786): 	at org.apache.harmony.luni.internal.net.www.protocol.http.HttpConnection.<init>(HttpConnection.java:48)
01-08 14:38:17.452 W/System.err( 1786): 	at org.apache.harmony.luni.internal.net.www.protocol.http.HttpConnection$Address.connect(HttpConnection.java:304)
01-08 14:38:17.452 W/System.err( 1786): 	at org.apache.harmony.luni.internal.net.www.protocol.http.HttpConnectionPool.get(HttpConnectionPool.java:89)
01-08 14:38:17.452 W/System.err( 1786): 	at org.apache.harmony.luni.internal.net.www.protocol.http.HttpURLConnectionImpl.getHttpConnection(HttpURLConnectionImpl.java:292)
01-08 14:38:17.462 W/System.err( 1786): 	at org.apache.harmony.luni.internal.net.www.protocol.http.HttpURLConnectionImpl.makeConnection(HttpURLConnectionImpl.java:274)
01-08 14:38:17.462 W/System.err( 1786): 	at org.apache.harmony.luni.internal.net.www.protocol.http.HttpURLConnectionImpl.connect(HttpURLConnectionImpl.java:217)
01-08 14:38:17.462 W/System.err( 1786): 	at com.htc.sync.provider.weather.ServiceURLHelper.requestWCRUpdate(ServiceURLHelper.java:260)
01-08 14:38:17.462 W/System.err( 1786): 	at com.htc.sync.provider.weather.ServiceURLHelper.checkWCRUrl(ServiceURLHelper.java:110)
01-08 14:38:17.462 W/System.err( 1786): 	at com.htc.sync.provider.weather.RequestDataHelper.requestData(RequestDataHelper.java:93)
01-08 14:38:17.462 W/System.err( 1786): 	at com.htc.sync.provider.weather.SyncService$Sync._run(SyncService.java:282)
01-08 14:38:17.462 W/System.err( 1786): 	at com.htc.sync.provider.weather.SyncService$Sync.run(SyncService.java:251)
01-08 14:38:17.462 W/WSP     ( 1786): [HttpURLConnectionHelper] http://htc2.accu-weather.com/widget/htc2/weather-data.asp?slat=56.33&slon=-2.80&metric=0 connection failed, Unable to resolve host "htc2.accu-weather.com": No address associated with hostname
01-08 14:38:17.482 W/WSP     ( 1786): [HttpURLConnectionHelper] http://htc2.accu-weather.com/widget/htc2/weather-data.asp?slat=56.33&slon=-2.80&metric=0 connection failed, Unable to resolve host "htc2.accu-weather.com": No address associated with hostname
01-08 14:38:17.482 W/WSP     ( 1786): [HttpURLConnectionHelper] http://htc2.accu-weather.com/widget/htc2/weather-data.asp?slat=56.33&slon=-2.80&metric=0 connection failed, Unable to resolve host "htc2.accu-weather.com": No address associated with hostname
01-08 14:38:17.482 W/WSP     ( 1786): no response of item type: 1, param1: , param2: , reqCurLocLat: 56.33, reqCurLocLng: -2.80, reqCurLocLatTrim: 56.33, reqCurLocLngTrim: -2.80, reqCurLocName: St Andrews, reqCurLocState: , reqCurLocCountry: United Kingdom, reqCurLocTimezoneId: , isCurEqualsToCacheCur: true (allow background data: true)
01-08 14:38:17.482 E/WSP     ( 1786): Exception occur in WSPPUtility.TYPE_CURRENT_LOCATION
01-08 14:38:17.482 W/System.err( 1786): java.lang.ClassCastException: com.htc.util.weather.WSPData cannot be cast to com.htc.util.weather.WSPPData
01-08 14:38:17.482 W/System.err( 1786): 	at com.htc.sync.provider.weather.RequestDataHelper.requestData(RequestDataHelper.java:118)
01-08 14:38:17.482 W/System.err( 1786): 	at com.htc.sync.provider.weather.SyncService$Sync._run(SyncService.java:282)
01-08 14:38:17.482 W/System.err( 1786): 	at com.htc.sync.provider.weather.SyncService$Sync.run(SyncService.java:251)
01-08 14:38:17.572 D/Sensors ( 1592): Enable akm: en = 1
01-08 14:38:17.592 D/AK8975  ( 1451): Compass Start
01-08 14:38:20.255 D/AndroidRuntime( 2707): 
01-08 14:38:20.255 D/AndroidRuntime( 2707): >>>>>> AndroidRuntime START com.android.internal.os.RuntimeInit <<<<<<
01-08 14:38:20.255 D/AndroidRuntime( 2707): CheckJNI is OFF
01-08 14:38:20.355 D/CursorWindowStats( 2707): Get CursorWindow size from framework resource:4194304
01-08 14:38:20.395 D/AndroidRuntime( 2707): Calling main entry com.android.commands.pm.Pm
01-08 14:38:20.425 I/ActivityManager( 1592): Start proc com.android.defcontainer for service com.android.defcontainer/.DefaultContainerService: pid=2715 uid=10087 gids={1015, 2001}
01-08 14:38:20.475 D/dalvikvm( 2715): GC_EXPLICIT freed 41K, 5% free 6458K/6787K, paused 1ms+1ms
01-08 14:38:20.766 W/ActivityManager( 1592): No content provider found for: 
01-08 14:38:20.776 W/ActivityManager( 1592): No content provider found for: 
01-08 14:38:20.786 D/PackageParser( 1592): Scanning package: /data/app/vmdl-1821660732.tmp
01-08 14:38:20.846 I/PackageManager( 1592): Removing non-system package:uk.ac.st_andrews.cs.host.mk74.energymeasurement.light
01-08 14:38:20.846 I/ActivityManager( 1592): Force stopping package uk.ac.st_andrews.cs.host.mk74.energymeasurement.light uid=10110
01-08 14:38:21.126 D/PackageManager( 1592): Scanning package uk.ac.st_andrews.cs.host.mk74.energymeasurement.light
01-08 14:38:21.126 I/PackageManager( 1592): Package uk.ac.st_andrews.cs.host.mk74.energymeasurement.light codePath changed from /data/app/uk.ac.st_andrews.cs.host.mk74.energymeasurement.light-1.apk to /data/app/uk.ac.st_andrews.cs.host.mk74.energymeasurement.light-2.apk; Retaining data and using new
01-08 14:38:21.126 I/PackageManager( 1592): Unpacking native libraries for /data/app/uk.ac.st_andrews.cs.host.mk74.energymeasurement.light-2.apk
01-08 14:38:21.386 D/dalvikvm( 2723): DexOpt: load 39ms, verify+opt 151ms
01-08 14:38:21.416 D/dalvikvm( 2567): GC_EXPLICIT freed 113K, 5% free 6511K/6787K, paused 9ms+2ms
01-08 14:38:21.596 I/ActivityManager( 1592): Force stopping package uk.ac.st_andrews.cs.host.mk74.energymeasurement.light uid=10110
01-08 14:38:21.596 W/PackageManager( 1592): Code path for pkg : uk.ac.st_andrews.cs.host.mk74.energymeasurement.light changing from /data/app/uk.ac.st_andrews.cs.host.mk74.energymeasurement.light-1.apk to /data/app/uk.ac.st_andrews.cs.host.mk74.energymeasurement.light-2.apk
01-08 14:38:21.596 W/PackageManager( 1592): Resource path for pkg : uk.ac.st_andrews.cs.host.mk74.energymeasurement.light changing from /data/app/uk.ac.st_andrews.cs.host.mk74.energymeasurement.light-1.apk to /data/app/uk.ac.st_andrews.cs.host.mk74.energymeasurement.light-2.apk
01-08 14:38:21.606 D/PackageManager( 1592):   Activities: uk.ac.st_andrews.cs.host.mk74.energymeasurement.light.MainActivity
01-08 14:38:21.777 D/dalvikvm( 1592): GC_CONCURRENT freed 1873K, 12% free 15804K/17927K, paused 2ms+4ms
01-08 14:38:21.827 D/PackageManager( 1592): [embedded] New package installed in /data/app/uk.ac.st_andrews.cs.host.mk74.energymeasurement.light-2.apk
01-08 14:38:21.997 I/ActivityManager( 1592): Force stopping package uk.ac.st_andrews.cs.host.mk74.energymeasurement.light uid=10110
01-08 14:38:22.067 D/dalvikvm( 1688): GC_EXPLICIT freed 1357K, 19% free 11083K/13639K, paused 2ms+5ms
01-08 14:38:22.087 D/dalvikvm( 1682): GC_EXPLICIT freed 73K, 11% free 7766K/8711K, paused 1ms+4ms
01-08 14:38:22.087 D/Launcher.Model( 1688): onReceive intent=Intent { act=android.intent.action.PACKAGE_REMOVED dat=package:uk.ac.st_andrews.cs.host.mk74.energymeasurement.light flg=0x10000010 (has extras) }
01-08 14:38:22.097 D/PhoneApp( 1679): -- PackageChangeBroadcastReceiver  action = android.intent.action.PACKAGE_REMOVED
01-08 14:38:22.097 I/ActivityManager( 1592): Start proc com.android.smith for broadcast com.android.smith/.PackageReceiver: pid=2724 uid=10009 gids={1007, 1015}
01-08 14:38:22.167 I/SM:lib  ( 2724): JNI_OnLoad(): library version = 5
01-08 14:38:22.167 I/SM:lib  ( 2724): JNI_OnLoad(): result = 0x10004
01-08 14:38:22.167 D/SM:HtcNative( 2724): system lib, 4.0.honeycomb.HTK75C-flyer-l5-s16
01-08 14:38:22.167 D/SM:PackageReceiver( 2724): package removed: package:uk.ac.st_andrews.cs.host.mk74.energymeasurement.light
01-08 14:38:22.187 D/WidgetScanner( 1688): onReceive: Intent { act=android.intent.action.PACKAGE_REMOVED dat=package:uk.ac.st_andrews.cs.host.mk74.energymeasurement.light flg=0x10000010 cmp=com.htc.launcher/.widget.WidgetScannerTrigger (has extras) }
01-08 14:38:22.197 I/ActivityManager( 1592): Start proc com.htc.launcher.widgetscanner for service com.htc.launcher/.widget.WidgetScannerService: pid=2731 uid=9999 gids={3003, 3002, 3001, 2001, 1015}
01-08 14:38:22.197 D/PackageManager( 1592): generateServicesMap(android.accounts.AccountAuthenticator): 13 services unchanged
01-08 14:38:22.207 I/ActivityManager( 1592): Start proc com.htc.opensense for broadcast com.htc.opensense/.pluginmanager.RegisterReceiver: pid=2732 uid=10013 gids={2001, 3003, 1006, 1015}
01-08 14:38:22.307 D/dalvikvm( 1442): GC_EXPLICIT freed 12K, 5% free 6453K/6787K, paused 1ms+1ms
01-08 14:38:22.327 D/PackageManager( 1592): generateServicesMap(android.content.SyncAdapter): 21 services unchanged
01-08 14:38:22.357 D/Launcher.Model( 1688): onReceive intent=Intent { act=android.intent.action.PACKAGE_ADDED dat=package:uk.ac.st_andrews.cs.host.mk74.energymeasurement.light flg=0x10000010 (has extras) }
01-08 14:38:22.357 D/Launcher.Model( 1688): mAllAppsList.updatePackage uk.ac.st_andrews.cs.host.mk74.energymeasurement.light
01-08 14:38:22.367 D/PhoneApp( 1679): -- PackageChangeBroadcastReceiver  action = android.intent.action.PACKAGE_ADDED
01-08 14:38:22.367 D/PackageManager( 1592): generateServicesMap(android.accounts.AccountAuthenticator): 13 services unchanged
01-08 14:38:22.377 D/PackageManager( 1592): generateServicesMap(android.content.SyncAdapter): 21 services unchanged
01-08 14:38:22.387 I/RegisterService( 2732): android.intent.action.PACKAGE_REMOVED package:uk.ac.st_andrews.cs.host.mk74.energymeasurement.light
01-08 14:38:22.407 D/dalvikvm( 1442): GC_EXPLICIT freed <1K, 5% free 6453K/6787K, paused 11ms+2ms
01-08 14:38:22.487 D/dalvikvm( 1442): GC_EXPLICIT freed <1K, 5% free 6453K/6787K, paused 1ms+1ms
01-08 14:38:22.497 D/LauncherApplication( 2731): + LauncherApplication onCreate()
01-08 14:38:22.527 I/ActivityManager( 1592): Start proc com.htc.cs for broadcast com.htc.cs/.plugin.PluginRegisterReceiver: pid=2747 uid=10041 gids={3003, 1015}
01-08 14:38:22.657 D/dalvikvm( 2731): GC_CONCURRENT freed 164K, 5% free 6757K/7047K, paused 1ms+16ms
01-08 14:38:22.657 D/LauncherApplication( 2731): - LauncherApplication onCreate()
01-08 14:38:22.687 I/ActivityThread( 2747): Pub com.htc.connectedservice.csprovider: com.htc.cs.provider.ConnectedServiceProvider
01-08 14:38:22.687 I/ActivityThread( 2747): Pub com.htc.cs.dashboard: com.htc.cs.sync.dashboard.DashboardProvider
01-08 14:38:22.707 D/vicky   ( 2747): vicky received: android.intent.action.PACKAGE_REMOVED
01-08 14:38:22.728 D/CombinedWidgetProvider( 1688): +addAppWidget
01-08 14:38:22.728 D/CombinedWidgetProvider( 1688): addAppWidget: WidgetSummary(YouTube/APP_WIDGET/[I@407c5ab8 x [I@407c25d0/-1/ComponentInfo{com.google.android.youtube/com.google.android.youtube.app.honeycomb.widget.WidgetProvider}/[I@407c25f0)
01-08 14:38:22.728 D/CombinedWidgetProvider( 1688): addAppWidget: WidgetSummary(Twitter (large)/APP_WIDGET/[I@408043c0 x [I@408043e0/-1/ComponentInfo{com.twitter.android/com.twitter.android.client.WidgetLargeProvider}/[I@40803b58)
01-08 14:38:22.728 D/CombinedWidgetProvider( 1688): addAppWidget: WidgetSummary(Twitter (small)/APP_WIDGET/[I@40a69ff0 x [I@40a6a010/-1/ComponentInfo{com.twitter.android/com.twitter.android.client.WidgetSmallProvider}/[I@40a6a030)
01-08 14:38:22.728 D/CombinedWidgetProvider( 1688): addAppWidget: WidgetSummary(Traffic/APP_WIDGET/[I@407afd00 x [I@407afd20/-1/ComponentInfo{com.google.android.apps.maps/com.google.googlenav.appwidget.traffic.TrafficAppWidget}/[I@407ae208)
01-08 14:38:22.728 D/CombinedWidgetProvider( 1688): addAppWidget: WidgetSummary(Latitude/APP_WIDGET/[I@4084f470 x [I@4084f490/-1/ComponentInfo{com.google.android.apps.maps/com.google.googlenav.appwidget.friends.FriendsAppWidgetProvider}/[I@4084f4b0)
01-08 14:38:22.728 D/CombinedWidgetProvider( 1688): addAppWidget: WidgetSummary(Market/APP_WIDGET/[I@407f4d98 x [I@407f4db8/-1/ComponentInfo{com.android.vending/com.android.vending.MarketWidgetProvider}/[I@407f4dd8)
01-08 14:38:22.728 I/ActivityManager( 1592): Start proc com.htc.recommend for broadcast com.htc.recommend/.receiver.AppInstalledReceiver: pid=2755 uid=10056 gids={2001, 3003}
01-08 14:38:22.738 D/CombinedWidgetProvider( 1688): addAppWidget: WidgetSummary(Google Search/APP_WIDGET/[I@4075ec80 x [I@4075da00/-1/ComponentInfo{com.google.android.googlequicksearchbox/com.google.android.googlequicksearchbox.SearchWidgetProvider}/[I@4075da20)
01-08 14:38:22.738 D/CombinedWidgetProvider( 1688): addAppWidget: WidgetSummary(Gmail/APP_WIDGET/[I@40738b38 x [I@40738b58/-1/ComponentInfo{com.google.android.gm/com.google.android.gm.widget.GmailWidgetProvider}/[I@40739bb8)
01-08 14:38:22.738 D/CombinedWidgetProvider( 1688): addAppWidget: WidgetSummary(Bookmarks/APP_WIDGET/[I@40720ba8 x [I@40720bc8/-1/ComponentInfo{com.android.browser/com.android.browser.widget.BookmarkThumbnailWidgetProvider}/[I@40720be8)
01-08 14:38:22.738 D/CombinedWidgetProvider( 1688): -addAppWidget
01-08 14:38:22.738 D/CombinedWidgetProvider( 1688): +addHtcWidgets, cat: -1
01-08 14:38:22.738 D/CombinedWidgetProvider( 1688):  uri: content://com.htc.launcher.widget.htcwidget/htcwidgets?widget_only=true
01-08 14:38:22.738 D/HtcWidgetProvider( 1688): row 1
01-08 14:38:22.748 D/CombinedWidgetProvider( 1688): addHtcWidget: WidgetSummary(Tips for Home/HTC_WIDGET/[I@4085f498 x [I@4085f4b8/1101/ComponentInfo{com.htc.rosiewidgets.tip/com.htc.rosiewidgets.tip.TipWidgetItem}/[I@4085f4d8)
01-08 14:38:22.758 D/CombinedWidgetProvider( 1688): -addHtcWidgets
01-08 14:38:22.758 D/CombinedWidgetProvider( 1688): +addFxWidgets , provider: null
01-08 14:38:22.758 D/FxWidgetProviderInfoCollector( 1688): getAllStyles + [Ljava.lang.String;@406d1dc8 @ 
01-08 14:38:22.768 D/FxWidgetProvider( 1688): row 94
01-08 14:38:22.788 I/ActivityManager( 1592): No longer want com.htc.syncagent (pid 2547): hidden #16
01-08 14:38:22.848 I/ActivityThread( 2755): Pub com.htc.recommend.provider.HTCRecommendCarouselProvider: com.htc.recommend.provider.HTCRecommendCarouselProvider
01-08 14:38:22.858 I/ActivityThread( 2755): Pub com.htc.recommend.provider.HTCRecommendContentProvider: com.htc.recommend.provider.HTCRecommendContentProvider
01-08 14:38:22.868 D/HTC Recommends( 2755): /mnt/sdcard/.LHYGB/CKCL
01-08 14:38:22.878 D/HTC Recommends( 2755): no token file
01-08 14:38:22.878 D/HTC Recommends( 2755): no token file
01-08 14:38:22.878 D/HTC Recommends( 2755): Log settings are 
01-08 14:38:22.878 D/HTC Recommends( 2755): Enable General Log : false
01-08 14:38:22.878 D/HTC Recommends( 2755): Enable Analytic Log : false
01-08 14:38:22.878 D/HTC Recommends( 2755): Enable Normal Log Level (dependent on General Log) : false
01-08 14:38:22.878 D/HTC Recommends( 2755): Enable Critical Log Level (dependent on General Log) : false
01-08 14:38:22.878 D/SqliteDatabaseCpp( 2755): dbopen(): path = /data/data/com.htc.recommend/databases , key = `tgvegkmmejd, flag = 6, file size = 28672
01-08 14:38:22.878 D/SqliteDatabaseCpp( 2755): dbopen(): path = /data/data/com.htc.recommend/databases , key = `tgvegkmmejd, mode: delete, disk free size: 7856 M, handle: 0x15d780
01-08 14:38:23.298 D/WidgetScanner( 2731): onReceiveInternal: Intent { act=android.intent.action.PACKAGE_REMOVED dat=package:uk.ac.st_andrews.cs.host.mk74.energymeasurement.light flg=0x10000010 cmp=com.htc.launcher/.widget.WidgetScannerService (has extras) }
01-08 14:38:23.358 D/HtcWidgetScanner( 2731): onPackageRemoved: uk.ac.st_andrews.cs.host.mk74.energymeasurement.light
01-08 14:38:23.408 D/HtcWidgetProvider( 1688): update 0
01-08 14:38:23.408 D/FxWidgetScanner( 2731): onPackageRemoved: uk.ac.st_andrews.cs.host.mk74.energymeasurement.light
01-08 14:38:23.408 D/FxWidgetScanner( 2731): removeFxWidgetList
01-08 14:38:23.658 I/ActivityManager( 1592): No longer want com.htc.notes:NotesService (pid 2613): hidden #16
01-08 14:38:23.839 D/FxWidgetProvider( 1688): row 1
01-08 14:38:23.839 D/CombinedWidgetProvider( 1688): addFxWidget: WidgetSummary(Watch/FX_WIDGET/[I@408de5d8 x [I@408de5f8/-2/ComponentInfo{com.htc.widget3d.watch/com.htc.widget3d.watch.WatchProvider}/[I@408de618)
01-08 14:38:23.849 D/FxWidgetProvider( 1688): row 1
01-08 14:38:23.849 D/CombinedWidgetProvider( 1688): addFxWidget: WidgetSummary(Airplane Mode/FX_WIDGET/[I@408e0990 x [I@408e09b0/-2/ComponentInfo{com.htc.htcsettingwidgets/com.htc.htcsettingwidgets.AirplaneWidget}/[I@408e09d0)
01-08 14:38:23.859 D/FxWidgetProvider( 1688): row 1
01-08 14:38:23.859 D/CombinedWidgetProvider( 1688): addFxWidget: WidgetSummary(Bluetooth/FX_WIDGET/[I@408e2e80 x [I@408e2ea0/-2/ComponentInfo{com.htc.htcsettingwidgets/com.htc.htcsettingwidgets.BTWidget}/[I@408e2ec0)
01-08 14:38:23.859 D/FxWidgetProvider( 1688): row 1
01-08 14:38:23.869 D/CombinedWidgetProvider( 1688): addFxWidget: WidgetSummary(GPS/FX_WIDGET/[I@408e51f0 x [I@408e5210/-2/ComponentInfo{com.htc.htcsettingwidgets/com.htc.htcsettingwidgets.GPSWidget}/[I@408e5230)
01-08 14:38:23.869 D/FxWidgetProvider( 1688): row 1
01-08 14:38:23.869 D/CombinedWidgetProvider( 1688): addFxWidget: WidgetSummary(Wi-Fi Hotspot/FX_WIDGET/[I@40877928 x [I@40877948/-2/ComponentInfo{com.htc.htcsettingwidgets/com.htc.htcsettingwidgets.HotspotWidget}/[I@40877968)
01-08 14:38:23.869 D/FxWidgetProvider( 1688): row 1
01-08 14:38:23.879 D/CombinedWidgetProvider( 1688): addFxWidget: WidgetSummary(Mobile Network/FX_WIDGET/[I@40879e00 x [I@40879e20/-2/ComponentInfo{com.htc.htcsettingwidgets/com.htc.htcsettingwidgets.MobileNetworkWidget}/[I@40879e40)
01-08 14:38:23.879 D/FxWidgetProvider( 1688): row 1
01-08 14:38:23.889 D/CombinedWidgetProvider( 1688): addFxWidget: WidgetSummary(Wi-Fi/FX_WIDGET/[I@4087c298 x [I@4087c2b8/-2/ComponentInfo{com.htc.htcsettingwidgets/com.htc.htcsettingwidgets.WiFiWidget}/[I@4087c2d8)
01-08 14:38:23.889 I/ActivityThread( 2755): Pub com.htc.recommend.provider.HTCRecommendSuggestionProvider: com.htc.recommend.provider.HTCRecommendSuggestionProvider
01-08 14:38:23.899 D/FxWidgetProvider( 1688): row 1
01-08 14:38:23.899 I/ActivityManager( 1592): Start proc com.htc.wdm for broadcast com.htc.wdm/.receiver.HTCDirectReceiver: pid=2763 uid=10070 gids={3003, 2001, 1015}
01-08 14:38:23.909 D/CombinedWidgetProvider( 1688): addFxWidget: WidgetSummary(Mail/FX_WIDGET/[I@4087e608 x [I@4087e628/-2/ComponentInfo{com.htc.htcmailwidgets/com.htc.htcmailwidgets.WidgetReceiver}/[I@4087e648)
01-08 14:38:23.909 D/FxWidgetProvider( 1688): row 3
01-08 14:38:23.909 D/FxWidgetProviderInfoCollector( 1688): more than one style shared the same component! Return the first one found.
01-08 14:38:23.909 D/CombinedWidgetProvider( 1688): addFxWidget: WidgetSummary(Mail/FX_WIDGET/[I@40880968 x [I@40880988/-2/ComponentInfo{com.htc.htcmailwidgets/com.htc.htcmailwidgets.WidgetReceiver}/[I@408809a8)
01-08 14:38:23.909 D/FxWidgetProvider( 1688): row 3
01-08 14:38:23.919 D/FxWidgetProviderInfoCollector( 1688): more than one style shared the same component! Return the first one found.
01-08 14:38:23.919 D/CombinedWidgetProvider( 1688): addFxWidget: WidgetSummary(Mail/FX_WIDGET/[I@40882cd8 x [I@40882cf8/-2/ComponentInfo{com.htc.htcmailwidgets/com.htc.htcmailwidgets.WidgetReceiver}/[I@40882d18)
01-08 14:38:23.919 D/FxWidgetProvider( 1688): row 3
01-08 14:38:23.929 D/FxWidgetProviderInfoCollector( 1688): more than one style shared the same component! Return the first one found.
01-08 14:38:23.929 D/CombinedWidgetProvider( 1688): addFxWidget: WidgetSummary(Mail/FX_WIDGET/[I@40884e18 x [I@40884e38/-2/ComponentInfo{com.htc.htcmailwidgets/com.htc.htcmailwidgets.WidgetReceiver}/[I@40884e58)
01-08 14:38:23.929 D/FxWidgetProvider( 1688): row 3
01-08 14:38:23.929 D/FxWidgetProviderInfoCollector( 1688): more than one style shared the same component! Return the first one found.
01-08 14:38:23.939 D/CombinedWidgetProvider( 1688): addFxWidget: WidgetSummary(Mail/FX_WIDGET/[I@40886f40 x [I@40886f60/-2/ComponentInfo{com.htc.htcmailwidgets/com.htc.htcmailwidgets.WidgetReceiver}/[I@40886f80)
01-08 14:38:23.939 I/ActivityManager( 1592): No longer want com.htc.reportagent (pid 2592): hidden #16
01-08 14:38:23.949 D/FxWidgetProvider( 1688): row 3
01-08 14:38:23.949 D/FxWidgetProviderInfoCollector( 1688): more than one style shared the same component! Return the first one found.
01-08 14:38:23.959 D/CombinedWidgetProvider( 1688): addFxWidget: WidgetSummary(Mail/FX_WIDGET/[I@40889280 x [I@408892a0/-2/ComponentInfo{com.htc.htcmailwidgets/com.htc.htcmailwidgets.WidgetReceiver}/[I@408892c0)
01-08 14:38:23.959 D/FxWidgetProvider( 1688): row 3
01-08 14:38:23.959 D/FxWidgetProviderInfoCollector( 1688): more than one style shared the same component! Return the first one found.
01-08 14:38:23.959 I/ActivityThread( 2763): Pub com.htc.wdm.provider.HtcDirectCarouselProvider: com.htc.wdm.provider.HtcDirectCarouselProvider
01-08 14:38:23.959 D/CombinedWidgetProvider( 1688): addFxWidget: WidgetSummary(Mail/FX_WIDGET/[I@4088b408 x [I@4088b428/-2/ComponentInfo{com.htc.htcmailwidgets/com.htc.htcmailwidgets.WidgetReceiver}/[I@4088b448)
01-08 14:38:23.969 D/FxWidgetProvider( 1688): row 5
01-08 14:38:23.969 D/FxWidgetProviderInfoCollector( 1688): more than one style shared the same component! Return the first one found.
01-08 14:38:23.969 I/ActivityThread( 2763): Pub com.htc.wdm.status.HtcDirectProvider: com.htc.wdm.status.HtcDirectProvider
01-08 14:38:23.969 D/CombinedWidgetProvider( 1688): addFxWidget: WidgetSummary(People/FX_WIDGET/[I@4088d518 x [I@4088d538/-2/ComponentInfo{com.htc.htccontactwidgets_3d_fusion/com.htc.htccontactwidgets_3d_fusion.WidgetReceiver}/[I@4088d558)
01-08 14:38:23.969 D/FxWidgetProvider( 1688): row 5
01-08 14:38:23.979 D/FxWidgetProviderInfoCollector( 1688): more than one style shared the same component! Return the first one found.
01-08 14:38:23.979 D/CombinedWidgetProvider( 1688): addFxWidget: WidgetSummary(People/FX_WIDGET/[I@4088fb98 x [I@4088fbb8/-2/ComponentInfo{com.htc.htccontactwidgets_3d_fusion/com.htc.htccontactwidgets_3d_fusion.WidgetReceiver}/[I@4088fbd8)
01-08 14:38:23.979 D/FxWidgetProvider( 1688): row 5
01-08 14:38:23.979 D/HTC Hub ( 2763): /mnt/sdcard/.LHYGB/CKCL
01-08 14:38:23.979 D/HTC Hub ( 2763): no token file
01-08 14:38:23.979 D/HTC Hub ( 2763): no token file
01-08 14:38:23.979 D/HTC Hub ( 2763): Log settings are 
01-08 14:38:23.979 D/HTC Hub ( 2763): Enable General Log : false
01-08 14:38:23.979 D/HTC Hub ( 2763): Enable Analytic Log : false
01-08 14:38:23.989 D/HTC Hub ( 2763): Enable Normal Log Level (dependent on General Log) : false
01-08 14:38:23.989 D/HTC Hub ( 2763): Enable Critical Log Level (dependent on General Log) : false
01-08 14:38:23.989 D/FxWidgetProviderInfoCollector( 1688): more than one style shared the same component! Return the first one found.
01-08 14:38:23.989 D/CombinedWidgetProvider( 1688): addFxWidget: WidgetSummary(People/FX_WIDGET/[I@40892000 x [I@40892020/-2/ComponentInfo{com.htc.htccontactwidgets_3d_fusion/com.htc.htccontactwidgets_3d_fusion.WidgetReceiver}/[I@40892040)
01-08 14:38:23.989 D/FxWidgetProvider( 1688): row 5
01-08 14:38:23.989 I/ActivityManager( 1592): No longer want com.htc.htcMessageUploader (pid 2620): hidden #16
01-08 14:38:23.999 D/FxWidgetProviderInfoCollector( 1688): more than one style shared the same component! Return the first one found.
01-08 14:38:23.999 D/CombinedWidgetProvider( 1688): addFxWidget: WidgetSummary(People/FX_WIDGET/[I@40894450 x [I@40894470/-2/ComponentInfo{com.htc.htccontactwidgets_3d_fusion/com.htc.htccontactwidgets_3d_fusion.WidgetReceiver}/[I@40894490)
01-08 14:38:23.999 D/FxWidgetProvider( 1688): row 5
01-08 14:38:23.999 D/FxWidgetProviderInfoCollector( 1688): more than one style shared the same component! Return the first one found.
01-08 14:38:23.999 D/CombinedWidgetProvider( 1688): addFxWidget: WidgetSummary(People/FX_WIDGET/[I@408edab0 x [I@408edad0/-2/ComponentInfo{com.htc.htccontactwidgets_3d_fusion/com.htc.htccontactwidgets_3d_fusion.WidgetReceiver}/[I@408edaf0)
01-08 14:38:23.999 D/FxWidgetProvider( 1688): row 1
01-08 14:38:24.009 D/CombinedWidgetProvider( 1688): addFxWidget: WidgetSummary(Calendar/FX_WIDGET/[I@408eff80 x [I@408effa0/-2/ComponentInfo{com.htc.htccalendarwidgets/com.htc.htccalendarwidgets.WidgetReceiver}/[I@408effc0)
01-08 14:38:24.009 D/FxWidgetProvider( 1688): row 3
01-08 14:38:24.009 D/FxWidgetProviderInfoCollector( 1688): more than one style shared the same component! Return the first one found.
01-08 14:38:24.009 D/CombinedWidgetProvider( 1688): addFxWidget: WidgetSummary(Calendar/FX_WIDGET/[I@408f2410 x [I@408f2430/-2/ComponentInfo{com.htc.htccalendarwidgets/com.htc.htccalendarwidgets.WidgetReceiver}/[I@408f2450)
01-08 14:38:24.009 D/FxWidgetProvider( 1688): row 3
01-08 14:38:24.009 D/FxWidgetProviderInfoCollector( 1688): more than one style shared the same component! Return the first one found.
01-08 14:38:24.019 D/CombinedWidgetProvider( 1688): addFxWidget: WidgetSummary(Calendar/FX_WIDGET/[I@408f48c8 x [I@408f48e8/-2/ComponentInfo{com.htc.htccalendarwidgets/com.htc.htccalendarwidgets.WidgetReceiver}/[I@408f4908)
01-08 14:38:24.019 D/FxWidgetProvider( 1688): row 3
01-08 14:38:24.019 D/FxWidgetProviderInfoCollector( 1688): more than one style shared the same component! Return the first one found.
01-08 14:38:24.019 D/CombinedWidgetProvider( 1688): addFxWidget: WidgetSummary(Calendar/FX_WIDGET/[I@408f6b50 x [I@408f6b70/-2/ComponentInfo{com.htc.htccalendarwidgets/com.htc.htccalendarwidgets.WidgetReceiver}/[I@408f6b90)
01-08 14:38:24.019 D/FxWidgetProvider( 1688): row 1
01-08 14:38:24.019 D/CombinedWidgetProvider( 1688): addFxWidget: WidgetSummary(Calendar/FX_WIDGET/[I@408f8dc0 x [I@408f8de0/-2/ComponentInfo{com.htc.htccalendarwidgets/com.htc.htccalendarwidgets.WidgetReceiver}/[I@408f8e00)
01-08 14:38:24.029 D/FxWidgetProvider( 1688): row 1
01-08 14:38:24.029 D/CombinedWidgetProvider( 1688): addFxWidget: WidgetSummary(Bookmarks/FX_WIDGET/[I@408fb198 x [I@408fb1b8/-2/ComponentInfo{com.htc.fusion.htcbookmarkwidget/com.htc.fusion.htcbookmarkwidget.WidgetReceiver}/[I@408fb1d8)
01-08 14:38:24.029 D/FxWidgetProvider( 1688): row 1
01-08 14:38:24.029 D/CombinedWidgetProvider( 1688): addFxWidget: WidgetSummary(Bookmarks/FX_WIDGET/[I@408fd6c0 x [I@408fd6e0/-2/ComponentInfo{com.htc.fusion.htcbookmarkwidget/com.htc.fusion.htcbookmarkwidget.WidgetReceiver}/[I@408fd700)
01-08 14:38:24.029 D/FxWidgetProvider( 1688): row 1
01-08 14:38:24.039 D/CombinedWidgetProvider( 1688): addFxWidget: WidgetSummary(Messages/FX_WIDGET/[I@408ffbe8 x [I@408ffc08/-2/ComponentInfo{com.htc.htcmsgwidgets3d/com.htc.htcmsgwidgets.MsgWidgetProvider}/[I@408ffc28)
01-08 14:38:24.039 D/FxWidgetProvider( 1688): row 1
01-08 14:38:24.039 D/CombinedWidgetProvider( 1688): addFxWidget: WidgetSummary(Messages/FX_WIDGET/[I@40901f00 x [I@40901f20/-2/ComponentInfo{com.htc.htcmsgwidgets3d/com.htc.htcmsgwidgets.MsgWidgetProvider}/[I@40901f40)
01-08 14:38:24.039 D/FxWidgetProvider( 1688): row 1
01-08 14:38:24.039 D/CombinedWidgetProvider( 1688): addFxWidget: WidgetSummary(Messages/FX_WIDGET/[I@40904288 x [I@409042a8/-2/ComponentInfo{com.htc.htcmsgwidgets3d/com.htc.htcmsgwidgets.MsgWidgetProvider}/[I@409042c8)
01-08 14:38:24.049 D/FxWidgetProvider( 1688): row 1
01-08 14:38:24.049 D/CombinedWidgetProvider( 1688): addFxWidget: WidgetSummary(Messages/FX_WIDGET/[I@40906558 x [I@40906578/-2/ComponentInfo{com.htc.htcmsgwidgets3d/com.htc.htcmsgwidgets.MsgWidgetProvider}/[I@40906598)
01-08 14:38:24.049 D/FxWidgetProvider( 1688): row 1
01-08 14:38:24.059 D/CombinedWidgetProvider( 1688): addFxWidget: WidgetSummary(Messages/FX_WIDGET/[I@40908828 x [I@40908848/-2/ComponentInfo{com.htc.htcmsgwidgets3d/com.htc.htcmsgwidgets.MsgWidgetProvider}/[I@40908868)
01-08 14:38:24.059 D/FxWidgetProvider( 1688): row 1
01-08 14:38:24.059 D/CombinedWidgetProvider( 1688): addFxWidget: WidgetSummary(Messages/FX_WIDGET/[I@4090ab18 x [I@4090ab38/-2/ComponentInfo{com.htc.htcmsgwidgets3d/com.htc.htcmsgwidgets.MsgWidgetProvider}/[I@4090ab58)
01-08 14:38:24.059 D/FxWidgetProvider( 1688): row 1
01-08 14:38:24.059 D/CombinedWidgetProvider( 1688): addFxWidget: WidgetSummary(Messages/FX_WIDGET/[I@4090ce08 x [I@4090ce28/-2/ComponentInfo{com.htc.htcmsgwidgets3d/com.htc.htcmsgwidgets.MsgWidgetProvider}/[I@4090ce48)
01-08 14:38:24.069 D/FxWidgetProvider( 1688): row 1
01-08 14:38:24.069 D/CombinedWidgetProvider( 1688): addFxWidget: WidgetSummary(Twitter/FX_WIDGET/[I@4090f0f8 x [I@4090f118/-2/ComponentInfo{com.htc.Twitter3DWidget/com.htc.Twitter3DWidget.TwitterWidgetProvider}/[I@4090f138)
01-08 14:38:24.069 D/FxWidgetProvider( 1688): row 1
01-08 14:38:24.069 D/CombinedWidgetProvider( 1688): addFxWidget: WidgetSummary(Twitter/FX_WIDGET/[I@40911510 x [I@40911530/-2/ComponentInfo{com.htc.Twitter3DWidget/com.htc.Twitter3DWidget.TwitterWidgetProvider}/[I@40911550)
01-08 14:38:24.069 D/FxWidgetProvider( 1688): row 1
01-08 14:38:24.089 D/CombinedWidgetProvider( 1688): addFxWidget: WidgetSummary(Twitter/FX_WIDGET/[I@40913928 x [I@40913948/-2/ComponentInfo{com.htc.Twitter3DWidget/com.htc.Twitter3DWidget.TwitterWidgetProvider}/[I@40913968)
01-08 14:38:24.089 D/FxWidgetProvider( 1688): row 1
01-08 14:38:24.089 I/ActivityManager( 1592): Start proc com.htc.htchubsyncprovider for content provider com.htc.htchubsyncprovider/.provider.MyDownloadsProvider: pid=2771 uid=10069 gids={3003, 2001, 1015}
01-08 14:38:24.099 D/CombinedWidgetProvider( 1688): addFxWidget: WidgetSummary(Twitter/FX_WIDGET/[I@40915d40 x [I@40915d60/-2/ComponentInfo{com.htc.Twitter3DWidget/com.htc.Twitter3DWidget.TwitterWidgetProvider}/[I@40915d80)
01-08 14:38:24.099 D/FxWidgetProvider( 1688): row 1
01-08 14:38:24.109 D/CombinedWidgetProvider( 1688): addFxWidget: WidgetSummary(Trends/FX_WIDGET/[I@40918148 x [I@40918168/-2/ComponentInfo{com.htc.Trends3DWidget/com.htc.Trends3DWidget.TrendsWidgetProvider}/[I@40918188)
01-08 14:38:24.109 D/FxWidgetProvider( 1688): row 1
01-08 14:38:24.129 D/CombinedWidgetProvider( 1688): addFxWidget: WidgetSummary(Sync All/FX_WIDGET/[I@4091a508 x [I@4091a528/-2/ComponentInfo{com.htc.Sync3DWidget/com.htc.Sync3DWidget.SyncWidgetProvider}/[I@4091a548)
01-08 14:38:24.129 D/FxWidgetProvider( 1688): row 1
01-08 14:38:24.129 I/ActivityManager( 1592): No longer want com.sdgtl.watch.flyer (pid 2574): hidden #16
01-08 14:38:24.139 D/CombinedWidgetProvider( 1688): addFxWidget: WidgetSummary(Music/FX_WIDGET/[I@40896218 x [I@40896238/-2/ComponentInfo{com.htc.MusicWidget3D/com.htc.MusicWidget3D.MusicWidget3DProvider}/[I@40896258)
01-08 14:38:24.139 D/FxWidgetProvider( 1688): row 1
01-08 14:38:24.149 D/CombinedWidgetProvider( 1688): addFxWidget: WidgetSummary(Music/FX_WIDGET/[I@408985b8 x [I@408985d8/-2/ComponentInfo{com.htc.MusicWidget3D/com.htc.MusicWidget3D.MusicWidget3DProvider}/[I@408985f8)
01-08 14:38:24.149 D/FxWidgetProvider( 1688): row 1
01-08 14:38:24.149 I/ActivityThread( 2771): Pub com.htc.wdm.provider.WDMProvider: com.htc.htchubsyncprovider.provider.WDMProvider
01-08 14:38:24.159 D/CombinedWidgetProvider( 1688): addFxWidget: WidgetSummary(Music/FX_WIDGET/[I@4089aa60 x [I@4089aa80/-2/ComponentInfo{com.htc.MusicWidget3D/com.htc.MusicWidget3D.MusicWidget3DProvider}/[I@4089aaa0)
01-08 14:38:24.159 D/FxWidgetProvider( 1688): row 1
01-08 14:38:24.169 D/CombinedWidgetProvider( 1688): addFxWidget: WidgetSummary(Friend Stream/FX_WIDGET/[I@4089ce00 x [I@4089ce20/-2/ComponentInfo{com.htc.FriendStream3DWidget/com.htc.FriendStream3DWidget.FriendStreamWidgetProvider}/[I@4089ce40)
01-08 14:38:24.179 I/ActivityThread( 2771): Pub com.htc.wotaproviders.MyDownloadsProvider: com.htc.htchubsyncprovider.provider.MyDownloadsProvider
01-08 14:38:24.179 D/FxWidgetProvider( 1688): row 1
01-08 14:38:24.189 D/CombinedWidgetProvider( 1688): addFxWidget: WidgetSummary(Friend Stream/FX_WIDGET/[I@4089f510 x [I@4089f530/-2/ComponentInfo{com.htc.FriendStream3DWidget/com.htc.FriendStream3DWidget.FriendStreamWidgetProvider}/[I@4089f550)
01-08 14:38:24.189 D/FxWidgetProvider( 1688): row 1
01-08 14:38:24.189 D/dalvikvm( 1688): GC_CONCURRENT freed 1044K, 16% free 11543K/13639K, paused 2ms+9ms
01-08 14:38:24.199 D/CombinedWidgetProvider( 1688): addFxWidget: WidgetSummary(Friend Stream/FX_WIDGET/[I@40755b50 x [I@40755968/-2/ComponentInfo{com.htc.FriendStream3DWidget/com.htc.FriendStream3DWidget.FriendStreamWidgetProvider}/[I@40755510)
01-08 14:38:24.199 D/FxWidgetProvider( 1688): row 1
01-08 14:38:24.199 D/CombinedWidgetProvider( 1688): addFxWidget: WidgetSummary(Friend Stream/FX_WIDGET/[I@40c678f0 x [I@40c677b8/-2/ComponentInfo{com.htc.FriendStream3DWidget/com.htc.FriendStream3DWidget.FriendStreamWidgetProvider}/[I@40c67590)
01-08 14:38:24.209 D/FxWidgetProvider( 1688): row 1
01-08 14:38:24.209 D/CombinedWidgetProvider( 1688): addFxWidget: WidgetSummary(Friend Channel/FX_WIDGET/[I@40b05910 x [I@40b04e30/-2/ComponentInfo{com.htc.FriendStream3DWidget/com.htc.FriendStream3DWidget.FriendStreamWidgetProvider}/[I@40b04828)
01-08 14:38:24.209 D/FxWidgetProvider( 1688): row 1
01-08 14:38:24.219 D/CombinedWidgetProvider( 1688): addFxWidget: WidgetSummary(My Shelf/FX_WIDGET/[I@40aaba18 x [I@40aaaee0/-2/ComponentInfo{com.htc.ereader.widget3d/com.htc.ereader.widget3d.ereaderwidget3d.SimpleWidgetProvider}/[I@40aa9aa8)
01-08 14:38:24.219 D/FxWidgetProvider( 1688): row 1
01-08 14:38:24.229 D/CombinedWidgetProvider( 1688): addFxWidget: WidgetSummary(Weather/FX_WIDGET/[I@40a11ae8 x [I@40a11188/-2/ComponentInfo{com.htc.widget3d.weather/com.htc.widget3d.weather.WeatherWidgetProvider}/[I@40a11120)
01-08 14:38:24.229 D/FxWidgetProvider( 1688): row 1
01-08 14:38:24.239 D/CombinedWidgetProvider( 1688): addFxWidget: WidgetSummary(Weather/FX_WIDGET/[I@4090da58 x [I@4090c170/-2/ComponentInfo{com.htc.widget3d.weather/com.htc.widget3d.weather.WeatherWidgetProvider}/[I@4090b768)
01-08 14:38:24.239 D/FxWidgetProvider( 1688): row 1
01-08 14:38:24.249 D/CombinedWidgetProvider( 1688): addFxWidget: WidgetSummary(Weather/FX_WIDGET/[I@408d19c0 x [I@408d17d8/-2/ComponentInfo{com.htc.widget3d.weather/com.htc.widget3d.weather.WeatherWidgetProvider}/[I@408d0ea0)
01-08 14:38:24.249 D/FxWidgetProvider( 1688): row 1
01-08 14:38:24.259 D/CombinedWidgetProvider( 1688): addFxWidget: WidgetSummary(Screen Timeout/FX_WIDGET/[I@4086ffd0 x [I@4086dec8/-2/ComponentInfo{com.htc.rosiewidgets.screentimeout/com.htc.rosiewidgets.screentimeout.ScreenTimeoutWidgetProvider}/[I@4086bcf8)
01-08 14:38:24.259 D/FxWidgetProvider( 1688): row 1
01-08 14:38:24.259 D/CombinedWidgetProvider( 1688): addFxWidget: WidgetSummary(Screen Brightness/FX_WIDGET/[I@4083fa80 x [I@4083e5d0/-2/ComponentInfo{com.htc.rosiewidgets.screenbrightness/com.htc.rosiewidgets.screenbrightness.ScreenBrightnessWidgetProvider}/[I@4083e4a8)
01-08 14:38:24.269 D/FxWidgetProvider( 1688): row 1
01-08 14:38:24.329 D/CombinedWidgetProvider( 1688): addFxWidget: WidgetSummary(Notes/FX_WIDGET/[I@40801c68 x [I@40800670/-2/ComponentInfo{com.htc.htcrichnoteswidget3d/com.htc.htcrichnoteswidget3d.NotesWidgetProvider}/[I@40800270)
01-08 14:38:24.329 D/SM:PackageReceiver( 2724): package added: package:uk.ac.st_andrews.cs.host.mk74.energymeasurement.light
01-08 14:38:24.339 D/FxWidgetProvider( 1688): row 1
01-08 14:38:24.339 D/WidgetScanner( 1688): onReceive: Intent { act=android.intent.action.PACKAGE_ADDED dat=package:uk.ac.st_andrews.cs.host.mk74.energymeasurement.light flg=0x10000010 cmp=com.htc.launcher/.widget.WidgetScannerTrigger (has extras) }
01-08 14:38:24.349 D/CombinedWidgetProvider( 1688): addFxWidget: WidgetSummary(Notes/FX_WIDGET/[I@40712438 x [I@407123e8/-2/ComponentInfo{com.htc.htcrichnoteswidget3d/com.htc.htcrichnoteswidget3d.NotesWidgetProvider}/[I@40710268)
01-08 14:38:24.349 D/FxWidgetProvider( 1688): row 1
01-08 14:38:24.359 D/CombinedWidgetProvider( 1688): addFxWidget: WidgetSummary(HTC Likes/FX_WIDGET/[I@40837248 x [I@40836e50/-2/ComponentInfo{com.htc.android.fusion.recommend/com.htc.android.fusion.recommend.RosieIntentReceiver}/[I@40832f60)
01-08 14:38:24.359 D/FxWidgetProvider( 1688): row 1
01-08 14:38:24.369 D/SqliteDatabaseCpp( 2771): dbopen(): path = /data/data/com.htc.htchubsyncprovider/databases , key = mqdksjlkYdw, flag = 6, file size = 6144
01-08 14:38:24.369 D/SqliteDatabaseCpp( 2771): dbopen(): path = /data/data/com.htc.htchubsyncprovider/databases , key = mqdksjlkYdw, mode: delete, disk free size: 7856 M, handle: 0xdacd0
01-08 14:38:24.369 I/ActivityManager( 1592): Start proc com.svox.pico for broadcast com.svox.pico/.VoiceDataInstallerReceiver: pid=2778 uid=10031 gids={}
01-08 14:38:24.379 D/PhoneApp( 1679): EVENT_QUERY_MO_PACKAGES
01-08 14:38:24.379 I/RegisterService( 2732): android.intent.action.PACKAGE_ADDED package:uk.ac.st_andrews.cs.host.mk74.energymeasurement.light
01-08 14:38:24.379 D/CombinedWidgetProvider( 1688): addFxWidget: WidgetSummary(Profile/FX_WIDGET/[I@407e01f8 x [I@407df068/-2/ComponentInfo{com.htc.widget.profile/com.htc.widget.profile.HtcWidgetReceiver}/[I@407d9c50)
01-08 14:38:24.379 D/FxWidgetProvider( 1688): row 1
01-08 14:38:24.389 D/CombinedWidgetProvider( 1688): addFxWidget: WidgetSummary(Power Dashboard/FX_WIDGET/[I@4075b770 x [I@40759970/-2/ComponentInfo{com.htc.rosiewidgets.powerstrip/com.htc.rosiewidgets.powerstrip.PowerStripWidgetProvider}/[I@40759210)
01-08 14:38:24.389 D/FxWidgetProvider( 1688): row 1
01-08 14:38:24.399 D/CombinedWidgetProvider( 1688): addFxWidget: WidgetSummary(Photo Album/FX_WIDGET/[I@40707aa8 x [I@40705e40/-2/ComponentInfo{com.htc.photowidget3d/com.htc.photowidget3d.album.PhotoAlbumWidgetProvider}/[I@40704a70)
01-08 14:38:24.409 D/FxWidgetProvider( 1688): row 1
01-08 14:38:24.409 D/CombinedWidgetProvider( 1688): addFxWidget: WidgetSummary(Photo Frame/FX_WIDGET/[I@4069ce70 x [I@4069c580/-2/ComponentInfo{com.htc.photowidget3d/com.htc.photowidget3d.frame.PhotoFrameWidgetProvider}/[I@4069c068)
01-08 14:38:24.419 D/FxWidgetProvider( 1688): row 1
01-08 14:38:24.429 D/CombinedWidgetProvider( 1688): addFxWidget: WidgetSummary(Photo Grid/FX_WIDGET/[I@408a3b40 x [I@408a3b60/-2/ComponentInfo{com.htc.rosiewidgets.photogridwidget3d/com.htc.rosiewidgets.photogridwidget3d.PhotoGridWidget3DProvider}/[I@408a3b80)
01-08 14:38:24.429 D/FxWidgetProvider( 1688): row 1
01-08 14:38:24.429 I/ActivityThread( 2778): Pub com.svox.pico.providers.SettingsProvider: com.svox.pico.providers.SettingsProvider
01-08 14:38:24.439 D/CombinedWidgetProvider( 1688): addFxWidget: WidgetSummary(Navigate/FX_WIDGET/[I@408a4b68 x [I@408a4b88/-2/ComponentInfo{com.htc.laputa.widget3d.navigate/com.htc.laputa.widget3d.navigate.NavigateWidgetProvider}/[I@408a4ba8)
01-08 14:38:24.439 D/FxWidgetProvider( 1688): row 1
01-08 14:38:24.439 D/vicky   ( 2747): vicky received: android.intent.action.PACKAGE_ADDED
01-08 14:38:24.459 D/CombinedWidgetProvider( 1688): addFxWidget: WidgetSummary(Navigate/FX_WIDGET/[I@408a5ab8 x [I@408a5ad8/-2/ComponentInfo{com.htc.laputa.widget3d.navigate/com.htc.laputa.widget3d.navigate.NavigateWidgetProvider}/[I@408a5af8)
01-08 14:38:24.469 D/FxWidgetProvider( 1688): row 1
01-08 14:38:24.469 D/CombinedWidgetProvider( 1688): addFxWidget: WidgetSummary(Locations/FX_WIDGET/[I@408a69f8 x [I@408a6a18/-2/ComponentInfo{com.htc.laputa.widget3d.locations/com.htc.laputa.widget3d.locations.LocationsWidgetProvider}/[I@408a6a38)
01-08 14:38:24.479 D/FxWidgetProvider( 1688): row 1
01-08 14:38:24.479 D/FxWidgetScanner( 2731): delete 0
01-08 14:38:24.479 D/WidgetScanner( 2731): upadted? false
01-08 14:38:24.489 D/CombinedWidgetProvider( 1688): addFxWidget: WidgetSummary(News/FX_WIDGET/[I@408a7938 x [I@408a7958/-2/ComponentInfo{com.htc.googlereaderwidget/com.htc.googlereaderwidget.RosieWidgetReceiver}/[I@408a7978)
01-08 14:38:24.489 D/FxWidgetProvider( 1688): row 1
01-08 14:38:24.489 D/GTalkService( 1724): [GTalkService.1] handlePackageInstalled: re-initialize providers
01-08 14:38:24.499 I/ActivityManager( 1592): Start proc com.google.android.partnersetup for broadcast com.google.android.partnersetup/.RlzPingBroadcastReceiver: pid=2786 uid=10081 gids={3003}
01-08 14:38:24.499 D/GTalkService( 1724): [RawStanzaProvidersMgr] ##### searchProvidersFromIntent
01-08 14:38:24.499 I/ActivityManager( 1592): No longer want com.google.android.apps.uploader (pid 2601): hidden #16
01-08 14:38:24.509 D/CombinedWidgetProvider( 1688): addFxWidget: WidgetSummary(News/FX_WIDGET/[I@408a8950 x [I@408a8970/-2/ComponentInfo{com.htc.googlereaderwidget/com.htc.googlereaderwidget.RosieWidgetReceiver}/[I@408a8990)
01-08 14:38:24.509 D/FxWidgetProvider( 1688): row 1
01-08 14:38:24.529 D/CombinedWidgetProvider( 1688): addFxWidget: WidgetSummary(Data Dashboard/FX_WIDGET/[I@408a9978 x [I@408a9998/-2/ComponentInfo{com.htc.rosiewidgets.datastrip/com.htc.rosiewidgets.datastrip.DataStripWidgetProvider}/[I@408a99b8)
01-08 14:38:24.529 D/FxWidgetProvider( 1688): row 1
01-08 14:38:24.539 D/CombinedWidgetProvider( 1688): addFxWidget: WidgetSummary(Data Roaming/FX_WIDGET/[I@408aa988 x [I@408aa9a8/-2/ComponentInfo{com.htc.rosiewidgets.dataroaming/com.htc.rosiewidgets.dataroaming.WidgetProvider}/[I@408aa9c8)
01-08 14:38:24.539 D/FxWidgetProvider( 1688): row 1
01-08 14:38:24.549 D/CombinedWidgetProvider( 1688): addFxWidget: WidgetSummary(Analog Clock/FX_WIDGET/[I@408abb00 x [I@408abb20/-2/ComponentInfo{com.htc.clock3dwidget/com.htc.clock3dwidget.ClockWidgetProvider}/[I@408abb40)
01-08 14:38:24.549 D/FxWidgetProvider( 1688): row 1
01-08 14:38:24.549 I/ActivityThread( 2786): Pub com.google.android.partnersetup.rlzprovider: com.google.android.partnersetup.RlzProvider
01-08 14:38:24.559 D/CombinedWidgetProvider( 1688): addFxWidget: WidgetSummary(Analog Clock/FX_WIDGET/[I@408acc78 x [I@408acc98/-2/ComponentInfo{com.htc.clock3dwidget/com.htc.clock3dwidget.ClockWidgetProvider}/[I@408accb8)
01-08 14:38:24.559 D/FxWidgetProvider( 1688): row 1
