01-07 19:36:52.232 I/System.out( 2757): Values: -92.6875 -53.5 -76.5
01-07 19:36:53.233 I/System.out( 2757): Values: -92.5625 -54.3125 -77.875
01-07 19:36:54.234 I/System.out( 2757): Values: -92.625 -54.4375 -77.0625
01-07 19:36:55.235 I/System.out( 2757): Values: -92.3125 -54.75 -78.25
01-07 19:36:56.236 I/System.out( 2757): Values: -93.3125 -53.5 -77.3125
01-07 19:36:57.227 I/System.out( 2757): Values: -93.6875 -55.125 -78.25
01-07 19:36:58.228 I/System.out( 2757): Values: -92.8125 -55.125 -77.5625
01-07 19:36:59.228 I/System.out( 2757): Values: -93.6875 -54.875 -76.6875
01-07 19:37:00.229 I/System.out( 2757): Values: -93.3125 -55.5 -77.5
01-07 19:37:01.230 I/System.out( 2757): Values: -92.9375 -52.4375 -77.125
01-07 19:37:02.231 I/System.out( 2757): Values: -93.0 -55.625 -77.1875
01-07 19:37:03.232 I/System.out( 2757): Values: -92.75 -54.6875 -75.625
01-07 19:37:04.233 I/System.out( 2757): Values: -93.25 -54.9375 -77.5
01-07 19:37:05.224 I/System.out( 2757): Values: -92.1875 -54.6875 -77.875
01-07 19:37:06.235 I/System.out( 2757): Values: -92.625 -54.875 -78.1875
01-07 19:37:06.335 D/dalvikvm( 2757): GC_CONCURRENT freed 406K, 8% free 6554K/7111K, paused 4ms+7ms
01-07 19:37:07.236 I/System.out( 2757): Values: -93.1875 -53.5625 -78.125
01-07 19:37:08.237 I/System.out( 2757): Values: -93.75 -54.3125 -78.125
01-07 19:37:09.238 I/System.out( 2757): Values: -93.3125 -54.625 -77.375
01-07 19:37:10.239 I/System.out( 2757): Values: -92.3125 -53.625 -76.4375
01-07 19:37:11.240 I/System.out( 2757): Values: -93.3125 -53.625 -77.375
01-07 19:37:12.241 I/System.out( 2757): Values: -91.5625 -54.3125 -75.6875
01-07 19:37:13.242 I/System.out( 2757): Values: -92.875 -54.0625 -76.1875
01-07 19:37:14.243 I/System.out( 2757): Values: -92.4375 -53.4375 -78.5
01-07 19:37:15.234 I/System.out( 2757): Values: -92.875 -54.625 -76.625
01-07 19:37:16.235 I/System.out( 2757): Values: -92.625 -54.25 -77.8125
01-07 19:37:17.236 I/System.out( 2757): Values: -92.625 -54.1875 -76.875
01-07 19:37:18.237 I/System.out( 2757): Values: -94.1875 -54.9375 -77.3125
01-07 19:37:19.238 I/System.out( 2757): Values: -93.375 -54.625 -77.4375
01-07 19:37:20.239 I/System.out( 2757): Values: -93.0625 -54.4375 -78.0
01-07 19:37:21.240 I/System.out( 2757): Values: -91.75 -53.0 -76.75
01-07 19:37:22.241 I/System.out( 2757): Values: -93.125 -54.25 -77.1875
01-07 19:37:23.242 I/System.out( 2757): Values: -91.9375 -54.25 -76.9375
01-07 19:37:24.243 I/System.out( 2757): Values: -91.9375 -54.4375 -75.4375
01-07 19:37:25.244 I/System.out( 2757): Values: -92.6875 -54.5 -77.5
01-07 19:37:26.235 I/System.out( 2757): Values: -94.0 -54.5 -78.4375
01-07 19:37:27.236 I/System.out( 2757): Values: -93.0625 -55.125 -78.3125
01-07 19:37:28.237 I/System.out( 2757): Values: -91.8125 -53.75 -76.0
01-07 19:37:29.238 I/System.out( 2757): Values: -93.125 -53.3125 -75.6875
01-07 19:37:30.239 I/System.out( 2757): Values: -92.3125 -55.125 -78.25
01-07 19:37:31.240 I/System.out( 2757): Values: -92.0625 -54.1875 -79.125
01-07 19:37:32.241 I/System.out( 2757): Values: -92.875 -54.625 -77.3125
01-07 19:37:33.242 I/System.out( 2757): Values: -92.9375 -53.6875 -77.625
01-07 19:37:34.253 I/System.out( 2757): Values: -93.8125 -54.75 -77.4375
01-07 19:37:35.254 I/System.out( 2757): Values: -92.5625 -52.625 -76.8125
01-07 19:37:36.245 I/System.out( 2757): Values: -93.1875 -55.6875 -78.6875
01-07 19:37:37.246 I/System.out( 2757): Values: -93.3125 -53.9375 -76.0
01-07 19:37:38.247 I/System.out( 2757): Values: -92.6875 -54.0625 -77.5
01-07 19:37:39.248 I/System.out( 2757): Values: -93.25 -54.25 -77.875
01-07 19:37:40.249 I/System.out( 2757): Values: -94.375 -55.4375 -78.0
01-07 19:37:41.249 I/System.out( 2757): Values: -92.9375 -53.25 -78.8125
01-07 19:37:41.790 D/UsbnetService( 1590): BroadcastReceiver::onReceive+
01-07 19:37:41.790 D/UsbnetService( 1590): onReceive BATTERY_CHANGED
01-07 19:37:41.800 D/UsbnetService( 1590):  --> pluggedType = 0, mPluggedType = 0, mScreenOff = false
01-07 19:37:41.800 D/UsbnetService( 1590): BroadcastReceiver::onReceive-
01-07 19:37:41.800 D/NotificationService( 1590): mIntentReceiver() Intent.ACTION_BATTERY_CHANGED
01-07 19:37:41.810 D/BatteryService( 1590): SendIntentforPowersaver
01-07 19:37:41.820 D/BatteryService( 1590): Current powersaver status == NORMAL_STATUS1 4 2 false
01-07 19:37:41.830 D/RemoveMe( 1672): DCT got intent android.intent.action.BATTERY_CHANGED
01-07 19:37:41.830 D/RemoveMe( 1672): DCT got intent android.intent.action.BATTERY_CHANGED
01-07 19:37:41.830 D/RemoveMe( 1672): DCT got intent android.intent.action.BATTERY_CHANGED
01-07 19:37:41.830 D/PowerUI ( 1654): plugged = false, health = 2, mBatteryLevel = 99, mPluggedBatteryLevel = 98, mLowBatteryWarningLevel2 = 25, mshowLowChargingWarning2 = true
01-07 19:37:42.250 I/System.out( 2757): Values: -92.0625 -53.4375 -76.3125
01-07 19:37:43.251 I/System.out( 2757): Values: -93.6875 -55.0 -78.1875
01-07 19:37:44.252 I/System.out( 2757): Values: -92.3125 -52.9375 -77.25
01-07 19:37:45.253 I/System.out( 2757): Values: -93.6875 -55.4375 -78.5
01-07 19:37:46.244 I/System.out( 2757): Values: -93.375 -54.25 -76.5625
01-07 19:37:47.255 I/System.out( 2757): Values: -93.4375 -54.375 -77.25
01-07 19:37:48.246 I/System.out( 2757): Values: -92.75 -54.1875 -77.4375
01-07 19:37:49.247 I/System.out( 2757): Values: -92.5 -53.5 -76.4375
01-07 19:37:50.248 I/System.out( 2757): Values: -93.1875 -54.0 -79.0625
01-07 19:37:51.259 I/System.out( 2757): Values: -92.8125 -54.1875 -75.75
01-07 19:37:52.250 I/System.out( 2757): Values: -93.25 -53.5 -78.8125
01-07 19:37:53.261 I/System.out( 2757): Values: -91.6875 -52.6875 -77.9375
01-07 19:37:54.262 I/System.out( 2757): Values: -93.0 -54.125 -76.8125
01-07 19:37:55.263 I/System.out( 2757): Values: -93.75 -54.375 -77.625
01-07 19:37:56.254 I/System.out( 2757): Values: -93.125 -53.6875 -76.5
01-07 19:37:57.255 I/System.out( 2757): Values: -92.625 -54.375 -76.8125
01-07 19:37:58.256 I/System.out( 2757): Values: -93.625 -56.1875 -77.1875
01-07 19:37:59.257 I/System.out( 2757): Values: -93.375 -54.75 -76.625
01-07 19:38:00.258 I/System.out( 2757): Values: -92.125 -53.875 -75.125
01-07 19:38:01.259 I/System.out( 2757): Values: -93.25 -53.5 -78.875
01-07 19:38:02.260 I/System.out( 2757): Values: -93.375 -54.4375 -77.3125
01-07 19:38:03.261 I/System.out( 2757): Values: -93.125 -54.0625 -78.625
01-07 19:38:04.262 I/System.out( 2757): Values: -92.0625 -54.9375 -77.3125
01-07 19:38:05.123 D/dalvikvm( 1689): GC_EXPLICIT freed 3K, 28% free 10127K/13959K, paused 8ms+2ms
01-07 19:38:05.263 I/System.out( 2757): Values: -91.8125 -55.8125 -76.5
01-07 19:38:06.264 I/System.out( 2757): Values: -93.0 -54.5 -77.875
01-07 19:38:07.255 I/System.out( 2757): Values: -93.125 -54.5625 -77.0
01-07 19:38:08.256 I/System.out( 2757): Values: -92.375 -53.875 -77.5625
01-07 19:38:09.257 I/System.out( 2757): Values: -92.75 -54.6875 -77.9375
01-07 19:38:10.268 I/System.out( 2757): Values: -93.125 -53.4375 -74.1875
01-07 19:38:11.259 I/System.out( 2757): Values: -92.9375 -54.75 -76.625
01-07 19:38:12.260 I/System.out( 2757): Values: -92.5625 -54.4375 -77.0625
01-07 19:38:13.261 I/System.out( 2757): Values: -94.6875 -54.625 -78.75
01-07 19:38:14.262 I/System.out( 2757): Values: -93.1875 -54.1875 -78.25
01-07 19:38:15.263 I/System.out( 2757): Values: -93.9375 -53.9375 -78.0
01-07 19:38:16.264 I/System.out( 2757): Values: -93.0 -54.875 -77.5
01-07 19:38:17.255 I/System.out( 2757): Values: -92.875 -53.8125 -75.6875
01-07 19:38:18.256 I/System.out( 2757): Values: -91.9375 -53.0 -75.9375
01-07 19:38:19.257 I/System.out( 2757): Values: -93.125 -55.6875 -76.9375
01-07 19:38:20.258 I/System.out( 2757): Values: -92.375 -53.5 -77.1875
01-07 19:38:21.269 I/System.out( 2757): Values: -92.25 -53.9375 -77.1875
01-07 19:38:22.259 I/System.out( 2757): Values: -93.1875 -54.125 -77.75
01-07 19:38:23.260 I/System.out( 2757): Values: -92.0625 -54.375 -78.3125
01-07 19:38:24.261 I/System.out( 2757): Values: -94.1875 -53.8125 -77.1875
01-07 19:38:25.262 I/System.out( 2757): Values: -94.125 -55.125 -78.8125
01-07 19:38:26.273 I/System.out( 2757): Values: -92.875 -54.5 -78.3125
01-07 19:38:27.264 I/System.out( 2757): Values: -92.5625 -54.375 -76.5625
01-07 19:38:28.265 I/System.out( 2757): Values: -93.0625 -54.6875 -76.5
01-07 19:38:29.266 I/System.out( 2757): Values: -93.375 -53.5625 -77.75
01-07 19:38:30.267 I/System.out( 2757): Values: -92.8125 -53.1875 -77.0625
01-07 19:38:31.268 I/System.out( 2757): Values: -92.75 -53.625 -76.4375
01-07 19:38:32.269 I/System.out( 2757): Values: -91.75 -53.625 -76.625
01-07 19:38:33.270 I/System.out( 2757): Values: -94.375 -53.875 -78.0
01-07 19:38:34.271 I/System.out( 2757): Values: -93.375 -53.8125 -77.8125
01-07 19:38:35.272 I/System.out( 2757): Values: -92.8125 -53.625 -77.1875
01-07 19:38:36.273 I/System.out( 2757): Values: -92.25 -54.75 -76.625
01-07 19:38:37.274 I/System.out( 2757): Values: -92.1875 -54.0 -77.375
01-07 19:38:38.265 I/System.out( 2757): Values: -93.5625 -54.8125 -77.25
01-07 19:38:39.266 I/System.out( 2757): Values: -92.5625 -54.3125 -78.25
01-07 19:38:40.277 I/System.out( 2757): Values: -91.875 -53.75 -75.8125
01-07 19:38:41.268 I/System.out( 2757): Values: -92.5 -53.9375 -78.25
01-07 19:38:42.269 I/System.out( 2757): Values: -93.5 -53.3125 -77.875
01-07 19:38:43.270 I/System.out( 2757): Values: -94.0 -55.3125 -76.625
01-07 19:38:44.271 I/System.out( 2757): Values: -92.25 -53.6875 -77.1875
01-07 19:38:45.272 I/System.out( 2757): Values: -93.125 -53.4375 -77.3125
01-07 19:38:46.283 I/System.out( 2757): Values: -93.125 -55.0 -77.0
01-07 19:38:47.284 I/System.out( 2757): Values: -94.0 -54.125 -78.4375
01-07 19:38:48.275 I/System.out( 2757): Values: -92.6875 -54.75 -76.9375
01-07 19:38:49.276 I/System.out( 2757): Values: -92.5625 -54.5 -77.75
01-07 19:38:50.277 I/System.out( 2757): Values: -93.125 -54.6875 -77.4375
01-07 19:38:51.278 I/System.out( 2757): Values: -95.0 -54.3125 -78.125
01-07 19:38:52.279 I/System.out( 2757): Values: -92.625 -54.75 -77.25
01-07 19:38:53.280 I/System.out( 2757): Values: -92.3125 -55.125 -77.375
01-07 19:38:54.281 I/System.out( 2757): Values: -92.25 -55.3125 -77.4375
01-07 19:38:55.282 I/System.out( 2757): Values: -94.0625 -54.8125 -77.9375
01-07 19:38:56.283 I/System.out( 2757): Values: -93.0 -54.375 -76.5625
01-07 19:38:57.284 I/System.out( 2757): Values: -91.0 -53.25 -76.8125
01-07 19:38:58.275 I/System.out( 2757): Values: -93.0625 -54.75 -77.5
01-07 19:38:59.276 I/System.out( 2757): Values: -93.4375 -53.625 -77.6875
01-07 19:39:00.277 I/System.out( 2757): Values: -92.8125 -54.625 -77.875
01-07 19:39:01.278 I/System.out( 2757): Values: -94.1875 -54.9375 -78.3125
01-07 19:39:02.279 I/System.out( 2757): Values: -91.375 -52.9375 -76.875
01-07 19:39:03.280 I/System.out( 2757): Values: -93.0625 -55.625 -76.8125
01-07 19:39:04.280 I/System.out( 2757): Values: -92.6875 -53.8125 -76.8125
01-07 19:39:05.281 I/System.out( 2757): Values: -93.1875 -54.25 -78.5625
01-07 19:39:06.282 I/System.out( 2757): Values: -93.0625 -53.125 -78.375
01-07 19:39:07.283 I/System.out( 2757): Values: -94.625 -54.375 -77.625
01-07 19:39:08.284 I/System.out( 2757): Values: -93.5625 -53.25 -77.8125
01-07 19:39:09.275 I/System.out( 2757): Values: -93.125 -53.375 -77.125
01-07 19:39:10.286 I/System.out( 2757): Values: -92.1875 -54.0 -76.0625
01-07 19:39:11.287 I/System.out( 2757): Values: -91.125 -53.125 -76.5625
01-07 19:39:11.838 D/UsbnetService( 1590): BroadcastReceiver::onReceive+
01-07 19:39:11.838 D/UsbnetService( 1590): onReceive BATTERY_CHANGED
01-07 19:39:11.838 D/UsbnetService( 1590):  --> pluggedType = 0, mPluggedType = 0, mScreenOff = false
01-07 19:39:11.838 D/UsbnetService( 1590): BroadcastReceiver::onReceive-
01-07 19:39:11.838 D/NotificationService( 1590): mIntentReceiver() Intent.ACTION_BATTERY_CHANGED
01-07 19:39:11.848 D/BatteryService( 1590): SendIntentforPowersaver
01-07 19:39:11.858 D/BatteryService( 1590): Current powersaver status == NORMAL_STATUS1 4 2 false
01-07 19:39:11.878 D/RemoveMe( 1672): DCT got intent android.intent.action.BATTERY_CHANGED
01-07 19:39:11.888 D/RemoveMe( 1672): DCT got intent android.intent.action.BATTERY_CHANGED
01-07 19:39:11.898 D/PowerUI ( 1654): plugged = false, health = 2, mBatteryLevel = 98, mPluggedBatteryLevel = 98, mLowBatteryWarningLevel2 = 25, mshowLowChargingWarning2 = true
01-07 19:39:11.908 D/RemoveMe( 1672): DCT got intent android.intent.action.BATTERY_CHANGED
01-07 19:39:11.928 D/dalvikvm( 1654): GC_CONCURRENT freed 482K, 7% free 8401K/9031K, paused 5ms+3ms
01-07 19:39:12.278 I/System.out( 2757): Values: -93.3125 -53.5 -77.0625
01-07 19:39:12.288 I/System.out( 2757): Battery level end is reached
01-07 19:39:12.288 I/System.out( 2757): Time difference in secs is: 270
01-07 19:39:13.279 I/System.out( 2757): Values: -93.8125 -54.4375 -77.5625
01-07 19:39:13.289 I/System.out( 2757): Time difference in secs is: 270
01-07 19:39:14.280 I/System.out( 2757): Values: -93.375 -54.5625 -76.9375
01-07 19:39:14.290 I/System.out( 2757): Time difference in secs is: 270
01-07 19:39:15.281 I/System.out( 2757): Values: -92.8125 -53.5625 -76.25
01-07 19:39:15.291 I/System.out( 2757): Time difference in secs is: 270
01-07 19:39:16.282 I/System.out( 2757): Values: -93.9375 -54.0625 -76.6875
01-07 19:39:16.292 I/System.out( 2757): Time difference in secs is: 270
01-07 19:39:17.283 I/System.out( 2757): Values: -93.375 -54.5625 -78.4375
01-07 19:39:17.293 I/System.out( 2757): Time difference in secs is: 270
01-07 19:39:18.284 I/System.out( 2757): Values: -90.5625 -52.5 -76.1875
01-07 19:39:18.284 I/System.out( 2757): Time difference in secs is: 270
01-07 19:39:19.285 I/System.out( 2757): Values: -93.0625 -54.8125 -78.5
01-07 19:39:19.285 I/System.out( 2757): Time difference in secs is: 270
01-07 19:39:20.286 I/System.out( 2757): Values: -91.5625 -54.9375 -76.5625
01-07 19:39:20.286 I/System.out( 2757): Time difference in secs is: 270
01-07 19:39:21.287 I/System.out( 2757): Values: -93.1875 -55.1875 -77.0625
01-07 19:39:21.287 I/System.out( 2757): Time difference in secs is: 270
01-07 19:39:22.288 I/System.out( 2757): Values: -93.3125 -54.625 -78.0
01-07 19:39:22.288 I/System.out( 2757): Time difference in secs is: 270
01-07 19:39:23.289 I/System.out( 2757): Values: -93.875 -53.375 -77.875
01-07 19:39:23.289 I/System.out( 2757): Time difference in secs is: 270
01-07 19:39:24.290 I/System.out( 2757): Values: -94.5 -53.625 -78.375
01-07 19:39:24.290 I/System.out( 2757): Time difference in secs is: 270
01-07 19:39:25.291 I/System.out( 2757): Values: -93.8125 -55.1875 -77.125
01-07 19:39:25.291 I/System.out( 2757): Time difference in secs is: 270
01-07 19:39:26.292 I/System.out( 2757): Values: -94.625 -54.5 -78.125
01-07 19:39:26.292 I/System.out( 2757): Time difference in secs is: 270
01-07 19:39:27.293 I/System.out( 2757): Values: -92.375 -53.5625 -75.9375
01-07 19:39:27.293 I/System.out( 2757): Time difference in secs is: 270
01-07 19:39:28.294 I/System.out( 2757): Values: -92.8125 -53.6875 -76.0625
01-07 19:39:28.294 I/System.out( 2757): Time difference in secs is: 270
01-07 19:39:29.295 I/System.out( 2757): Values: -92.0625 -54.375 -75.625
01-07 19:39:29.295 I/System.out( 2757): Time difference in secs is: 270
01-07 19:39:30.286 I/System.out( 2757): Values: -92.75 -53.875 -78.125
01-07 19:39:30.286 I/System.out( 2757): Time difference in secs is: 270
01-07 19:39:31.287 I/System.out( 2757): Values: -92.0 -53.8125 -77.8125
01-07 19:39:31.297 I/System.out( 2757): Time difference in secs is: 270
01-07 19:39:32.288 I/System.out( 2757): Values: -94.375 -54.875 -77.5
01-07 19:39:32.298 I/System.out( 2757): Time difference in secs is: 270
01-07 19:39:33.289 I/System.out( 2757): Values: -94.0 -56.0 -78.0625
01-07 19:39:33.299 I/System.out( 2757): Time difference in secs is: 270
01-07 19:39:34.290 I/System.out( 2757): Values: -93.0 -54.0625 -77.375
01-07 19:39:34.300 I/System.out( 2757): Time difference in secs is: 270
01-07 19:39:35.291 I/System.out( 2757): Values: -93.8125 -54.25 -78.4375
01-07 19:39:35.301 I/System.out( 2757): Time difference in secs is: 270
01-07 19:39:36.292 I/System.out( 2757): Values: -94.625 -54.5 -79.4375
01-07 19:39:36.302 I/System.out( 2757): Time difference in secs is: 270
01-07 19:39:37.293 I/System.out( 2757): Values: -92.5 -53.625 -77.9375
01-07 19:39:37.303 I/System.out( 2757): Time difference in secs is: 270
01-07 19:39:38.294 I/System.out( 2757): Values: -93.5 -54.4375 -77.5
01-07 19:39:38.304 I/System.out( 2757): Time difference in secs is: 270
01-07 19:39:39.295 I/System.out( 2757): Values: -93.4375 -54.25 -75.75
01-07 19:39:39.295 I/System.out( 2757): Time difference in secs is: 270
01-07 19:39:40.296 I/System.out( 2757): Values: -93.125 -53.9375 -76.8125
01-07 19:39:40.296 I/System.out( 2757): Time difference in secs is: 270
01-07 19:39:41.287 I/System.out( 2757): Values: -93.875 -54.375 -77.1875
01-07 19:39:41.297 I/System.out( 2757): Time difference in secs is: 270
01-07 19:39:42.288 I/System.out( 2757): Values: -93.25 -54.6875 -77.1875
01-07 19:39:42.298 I/System.out( 2757): Time difference in secs is: 270
01-07 19:39:43.299 I/System.out( 2757): Values: -93.5625 -54.6875 -77.0
01-07 19:39:43.299 I/System.out( 2757): Time difference in secs is: 270
01-07 19:39:44.300 I/System.out( 2757): Values: -92.0 -53.75 -76.1875
01-07 19:39:44.300 I/System.out( 2757): Time difference in secs is: 270
01-07 19:39:45.301 I/System.out( 2757): Values: -92.25 -54.25 -75.8125
01-07 19:39:45.301 I/System.out( 2757): Time difference in secs is: 270
01-07 19:39:46.301 I/System.out( 2757): Values: -93.0625 -54.1875 -75.8125
01-07 19:39:46.301 I/System.out( 2757): Time difference in secs is: 270
01-07 19:39:47.302 I/System.out( 2757): Values: -93.0625 -55.25 -79.6875
01-07 19:39:47.302 I/System.out( 2757): Time difference in secs is: 270
01-07 19:39:48.303 I/System.out( 2757): Values: -93.6875 -53.5625 -78.0
01-07 19:39:48.303 I/System.out( 2757): Time difference in secs is: 270
01-07 19:39:49.304 I/System.out( 2757): Values: -92.625 -53.625 -76.4375
01-07 19:39:49.304 I/System.out( 2757): Time difference in secs is: 270
01-07 19:39:50.305 I/System.out( 2757): Values: -92.625 -53.4375 -77.375
01-07 19:39:50.305 I/System.out( 2757): Time difference in secs is: 270
01-07 19:39:51.296 I/System.out( 2757): Values: -93.0 -54.5 -77.875
01-07 19:39:51.296 I/System.out( 2757): Time difference in secs is: 270
01-07 19:39:52.297 I/System.out( 2757): Values: -93.1875 -53.0 -78.25
01-07 19:39:52.297 I/System.out( 2757): Time difference in secs is: 270
01-07 19:39:53.298 I/System.out( 2757): Values: -94.5625 -54.1875 -77.5
01-07 19:39:53.298 I/System.out( 2757): Time difference in secs is: 270
01-07 19:39:54.299 I/System.out( 2757): Values: -93.375 -54.0625 -78.4375
01-07 19:39:54.299 I/System.out( 2757): Time difference in secs is: 270
01-07 19:39:55.300 I/System.out( 2757): Values: -93.875 -54.75 -78.0
01-07 19:39:55.300 I/System.out( 2757): Time difference in secs is: 270
01-07 19:39:56.301 I/System.out( 2757): Values: -93.8125 -54.875 -77.9375
01-07 19:39:56.301 I/System.out( 2757): Time difference in secs is: 270
01-07 19:39:57.302 I/System.out( 2757): Values: -91.875 -53.125 -78.4375
01-07 19:39:57.302 I/System.out( 2757): Time difference in secs is: 270
01-07 19:39:58.303 I/System.out( 2757): Values: -92.4375 -54.0625 -76.375
01-07 19:39:58.303 I/System.out( 2757): Time difference in secs is: 270
01-07 19:39:59.304 I/System.out( 2757): Values: -92.6875 -53.5 -78.0
01-07 19:39:59.304 I/System.out( 2757): Time difference in secs is: 270
01-07 19:40:00.295 I/System.out( 2757): Values: -92.5 -53.1875 -76.375
01-07 19:40:00.305 I/System.out( 2757): Time difference in secs is: 270
01-07 19:40:00.385 D/dalvikvm( 2757): GC_CONCURRENT freed 396K, 8% free 6563K/7111K, paused 4ms+1ms
01-07 19:40:01.296 I/System.out( 2757): Values: -93.625 -54.875 -78.4375
01-07 19:40:01.296 I/System.out( 2757): Time difference in secs is: 270
01-07 19:40:02.297 I/System.out( 2757): Values: -94.0 -54.8125 -77.625
01-07 19:40:02.307 I/System.out( 2757): Time difference in secs is: 270
01-07 19:40:03.298 I/System.out( 2757): Values: -93.875 -54.8125 -77.875
01-07 19:40:03.308 I/System.out( 2757): Time difference in secs is: 270
01-07 19:40:04.299 I/System.out( 2757): Values: -94.3125 -54.25 -78.25
01-07 19:40:04.309 I/System.out( 2757): Time difference in secs is: 270
01-07 19:40:05.110 D/dalvikvm( 1689): GC_EXPLICIT freed 1K, 28% free 10127K/13959K, paused 10ms+3ms
01-07 19:40:05.300 I/System.out( 2757): Values: -91.5 -54.5625 -75.75
01-07 19:40:05.300 I/System.out( 2757): Time difference in secs is: 270
01-07 19:40:06.301 I/System.out( 2757): Values: -92.625 -54.125 -77.375
01-07 19:40:06.311 I/System.out( 2757): Time difference in secs is: 270
01-07 19:40:07.302 I/System.out( 2757): Values: -92.625 -54.6875 -78.1875
01-07 19:40:07.312 I/System.out( 2757): Time difference in secs is: 270
01-07 19:40:08.303 I/System.out( 2757): Values: -93.1875 -54.0625 -77.9375
01-07 19:40:08.313 I/System.out( 2757): Time difference in secs is: 270
01-07 19:40:09.314 I/System.out( 2757): Values: -92.75 -54.375 -76.3125
01-07 19:40:09.314 I/System.out( 2757): Time difference in secs is: 270
01-07 19:40:10.305 I/System.out( 2757): Values: -92.4375 -53.875 -76.5
01-07 19:40:10.305 I/System.out( 2757): Time difference in secs is: 270
01-07 19:40:11.306 I/System.out( 2757): Values: -93.125 -53.6875 -78.0
01-07 19:40:11.306 I/System.out( 2757): Time difference in secs is: 270
01-07 19:40:12.307 I/System.out( 2757): Values: -93.125 -54.8125 -76.125
01-07 19:40:12.307 I/System.out( 2757): Time difference in secs is: 270
01-07 19:40:13.308 I/System.out( 2757): Values: -93.5625 -54.5 -78.0625
01-07 19:40:13.308 I/System.out( 2757): Time difference in secs is: 270
01-07 19:40:14.309 I/System.out( 2757): Values: -92.4375 -53.0 -77.5
01-07 19:40:14.309 I/System.out( 2757): Time difference in secs is: 270
01-07 19:40:15.310 I/System.out( 2757): Values: -92.8125 -54.4375 -77.875
01-07 19:40:15.310 I/System.out( 2757): Time difference in secs is: 270
01-07 19:40:16.311 I/System.out( 2757): Values: -94.0625 -54.25 -77.75
01-07 19:40:16.311 I/System.out( 2757): Time difference in secs is: 270
01-07 19:40:17.312 I/System.out( 2757): Values: -91.8125 -54.625 -76.8125
01-07 19:40:17.312 I/System.out( 2757): Time difference in secs is: 270
01-07 19:40:18.313 I/System.out( 2757): Values: -92.6875 -52.9375 -75.875
01-07 19:40:18.313 I/System.out( 2757): Time difference in secs is: 270
01-07 19:40:19.314 I/System.out( 2757): Values: -93.75 -54.9375 -78.0
01-07 19:40:19.314 I/System.out( 2757): Time difference in secs is: 270
01-07 19:40:20.305 I/System.out( 2757): Values: -93.3125 -52.875 -77.1875
01-07 19:40:20.305 I/System.out( 2757): Time difference in secs is: 270
01-07 19:40:21.316 I/System.out( 2757): Values: -93.0 -53.75 -77.5625
01-07 19:40:21.316 I/System.out( 2757): Time difference in secs is: 270
01-07 19:40:22.307 I/System.out( 2757): Values: -93.0625 -55.1875 -77.6875
01-07 19:40:22.317 I/System.out( 2757): Time difference in secs is: 270
01-07 19:40:23.318 I/System.out( 2757): Values: -92.875 -54.75 -76.6875
01-07 19:40:23.318 I/System.out( 2757): Time difference in secs is: 270
01-07 19:40:24.309 I/System.out( 2757): Values: -93.5625 -54.875 -77.3125
01-07 19:40:24.319 I/System.out( 2757): Time difference in secs is: 270
01-07 19:40:25.310 I/System.out( 2757): Values: -93.5 -54.875 -77.3125
01-07 19:40:25.320 I/System.out( 2757): Time difference in secs is: 270
01-07 19:40:26.311 I/System.out( 2757): Values: -92.1875 -53.0625 -75.9375
01-07 19:40:26.321 I/System.out( 2757): Time difference in secs is: 270
01-07 19:40:27.311 I/System.out( 2757): Values: -92.5 -53.875 -76.3125
01-07 19:40:27.321 I/System.out( 2757): Time difference in secs is: 270
01-07 19:40:28.312 I/System.out( 2757): Values: -93.0 -55.375 -77.75
01-07 19:40:28.322 I/System.out( 2757): Time difference in secs is: 270
01-07 19:40:29.313 I/System.out( 2757): Values: -93.0 -54.875 -77.1875
01-07 19:40:29.323 I/System.out( 2757): Time difference in secs is: 270
01-07 19:40:30.304 I/System.out( 2757): Values: -94.0625 -55.375 -78.0625
01-07 19:40:30.314 I/System.out( 2757): Time difference in secs is: 270
01-07 19:40:31.305 I/System.out( 2757): Values: -92.25 -55.25 -76.5
01-07 19:40:31.315 I/System.out( 2757): Time difference in secs is: 270
01-07 19:40:32.306 I/System.out( 2757): Values: -93.4375 -55.0 -77.125
01-07 19:40:32.316 I/System.out( 2757): Time difference in secs is: 270
01-07 19:40:33.307 I/System.out( 2757): Values: -93.875 -54.375 -77.25
01-07 19:40:33.317 I/System.out( 2757): Time difference in secs is: 270
01-07 19:40:34.308 I/System.out( 2757): Values: -93.5 -53.625 -76.6875
01-07 19:40:34.318 I/System.out( 2757): Time difference in secs is: 270
01-07 19:40:35.309 I/System.out( 2757): Values: -94.5 -54.3125 -79.25
01-07 19:40:35.319 I/System.out( 2757): Time difference in secs is: 270
01-07 19:40:36.310 I/System.out( 2757): Values: -92.9375 -54.25 -77.0625
01-07 19:40:36.320 I/System.out( 2757): Time difference in secs is: 270
01-07 19:40:37.321 I/System.out( 2757): Values: -93.375 -55.0 -77.75
01-07 19:40:37.321 I/System.out( 2757): Time difference in secs is: 270
01-07 19:40:38.322 I/System.out( 2757): Values: -92.9375 -54.0 -77.4375
01-07 19:40:38.322 I/System.out( 2757): Time difference in secs is: 270
01-07 19:40:39.323 I/System.out( 2757): Values: -92.875 -53.75 -76.8125
01-07 19:40:39.323 I/System.out( 2757): Time difference in secs is: 270
01-07 19:40:40.324 I/System.out( 2757): Values: -93.75 -54.5625 -78.4375
01-07 19:40:40.324 I/System.out( 2757): Time difference in secs is: 270
01-07 19:40:41.325 I/System.out( 2757): Values: -93.5 -54.3125 -77.0625
01-07 19:40:41.325 I/System.out( 2757): Time difference in secs is: 270
01-07 19:40:41.896 D/UsbnetService( 1590): BroadcastReceiver::onReceive+
01-07 19:40:41.896 D/UsbnetService( 1590): onReceive BATTERY_CHANGED
01-07 19:40:41.896 D/UsbnetService( 1590):  --> pluggedType = 0, mPluggedType = 0, mScreenOff = false
01-07 19:40:41.896 D/UsbnetService( 1590): BroadcastReceiver::onReceive-
01-07 19:40:41.896 D/NotificationService( 1590): mIntentReceiver() Intent.ACTION_BATTERY_CHANGED
01-07 19:40:41.916 D/BatteryService( 1590): SendIntentforPowersaver
01-07 19:40:41.916 D/BatteryService( 1590): Current powersaver status == NORMAL_STATUS1 4 2 false
01-07 19:40:41.926 D/RemoveMe( 1672): DCT got intent android.intent.action.BATTERY_CHANGED
01-07 19:40:41.926 D/PowerUI ( 1654): plugged = false, health = 2, mBatteryLevel = 98, mPluggedBatteryLevel = 98, mLowBatteryWarningLevel2 = 25, mshowLowChargingWarning2 = true
01-07 19:40:41.946 D/RemoveMe( 1672): DCT got intent android.intent.action.BATTERY_CHANGED
01-07 19:40:41.946 D/RemoveMe( 1672): DCT got intent android.intent.action.BATTERY_CHANGED
01-07 19:40:42.326 I/System.out( 2757): Values: -92.6875 -54.25 -76.5
01-07 19:40:42.326 I/System.out( 2757): Time difference in secs is: 270
01-07 19:40:43.317 I/System.out( 2757): Values: -93.375 -55.1875 -76.4375
01-07 19:40:43.317 I/System.out( 2757): Time difference in secs is: 270
01-07 19:40:44.318 I/System.out( 2757): Values: -93.3125 -54.5 -78.0
01-07 19:40:44.318 I/System.out( 2757): Time difference in secs is: 270
01-07 19:40:45.319 I/System.out( 2757): Values: -92.4375 -54.9375 -75.8125
01-07 19:40:45.319 I/System.out( 2757): Time difference in secs is: 270
01-07 19:40:46.320 I/System.out( 2757): Values: -91.5625 -52.4375 -76.375
01-07 19:40:46.320 I/System.out( 2757): Time difference in secs is: 270
01-07 19:40:47.321 I/System.out( 2757): Values: -92.9375 -53.8125 -77.8125
01-07 19:40:47.321 I/System.out( 2757): Time difference in secs is: 270
01-07 19:40:48.322 I/System.out( 2757): Values: -92.0625 -54.625 -77.4375
01-07 19:40:48.332 I/System.out( 2757): Time difference in secs is: 270
01-07 19:40:49.323 I/System.out( 2757): Values: -91.75 -53.9375 -78.1875
01-07 19:40:49.333 I/System.out( 2757): Time difference in secs is: 270
01-07 19:40:50.324 I/System.out( 2757): Values: -93.125 -54.125 -76.5
01-07 19:40:50.334 I/System.out( 2757): Time difference in secs is: 270
01-07 19:40:51.325 I/System.out( 2757): Values: -92.9375 -55.125 -78.125
01-07 19:40:51.325 I/System.out( 2757): Time difference in secs is: 270
01-07 19:40:52.316 I/System.out( 2757): Values: -93.5625 -54.3125 -76.625
01-07 19:40:52.326 I/System.out( 2757): Time difference in secs is: 270
01-07 19:40:53.317 I/System.out( 2757): Values: -93.4375 -54.5625 -77.375
01-07 19:40:53.327 I/System.out( 2757): Time difference in secs is: 270
01-07 19:40:54.318 I/System.out( 2757): Values: -92.125 -55.0 -78.1875
01-07 19:40:54.328 I/System.out( 2757): Time difference in secs is: 270
01-07 19:40:55.319 I/System.out( 2757): Values: -93.25 -54.875 -76.5625
01-07 19:40:55.329 I/System.out( 2757): Time difference in secs is: 270
01-07 19:40:56.320 I/System.out( 2757): Values: -93.5 -55.0625 -78.1875
01-07 19:40:56.330 I/System.out( 2757): Time difference in secs is: 270
01-07 19:40:57.321 I/System.out( 2757): Values: -93.4375 -54.375 -77.375
01-07 19:40:57.331 I/System.out( 2757): Time difference in secs is: 270
01-07 19:40:58.322 I/System.out( 2757): Values: -92.875 -54.25 -75.8125
01-07 19:40:58.332 I/System.out( 2757): Time difference in secs is: 270
01-07 19:40:59.323 I/System.out( 2757): Values: -91.6875 -54.1875 -76.4375
01-07 19:40:59.333 I/System.out( 2757): Time difference in secs is: 270
01-07 19:41:00.334 I/System.out( 2757): Values: -93.125 -54.8125 -77.625
01-07 19:41:00.334 I/System.out( 2757): Time difference in secs is: 270
01-07 19:41:01.325 I/System.out( 2757): Values: -93.9375 -54.5 -77.1875
01-07 19:41:01.325 I/System.out( 2757): Time difference in secs is: 270
01-07 19:41:02.326 I/System.out( 2757): Values: -92.625 -55.25 -77.8125
01-07 19:41:02.326 I/System.out( 2757): Time difference in secs is: 270
01-07 19:41:03.337 I/System.out( 2757): Values: -92.625 -53.5625 -75.6875
01-07 19:41:03.337 I/System.out( 2757): Time difference in secs is: 270
01-07 19:41:04.328 I/System.out( 2757): Values: -92.1875 -53.625 -76.75
01-07 19:41:04.328 I/System.out( 2757): Time difference in secs is: 270
01-07 19:41:05.329 I/System.out( 2757): Values: -92.6875 -54.875 -76.875
01-07 19:41:05.329 I/System.out( 2757): Time difference in secs is: 270
01-07 19:41:06.330 I/System.out( 2757): Values: -92.1875 -52.5625 -75.9375
01-07 19:41:06.340 I/System.out( 2757): Time difference in secs is: 270
01-07 19:41:07.331 I/System.out( 2757): Values: -93.0625 -53.75 -78.25
01-07 19:41:07.331 I/System.out( 2757): Time difference in secs is: 270
01-07 19:41:08.332 I/System.out( 2757): Values: -92.3125 -52.25 -76.625
01-07 19:41:08.332 I/System.out( 2757): Time difference in secs is: 270
01-07 19:41:09.332 I/System.out( 2757): Values: -92.375 -54.125 -76.4375
01-07 19:41:09.342 I/System.out( 2757): Time difference in secs is: 270
01-07 19:41:10.333 I/System.out( 2757): Values: -92.625 -53.25 -77.5
01-07 19:41:10.343 I/System.out( 2757): Time difference in secs is: 270
01-07 19:41:11.324 I/System.out( 2757): Values: -93.5 -55.1875 -77.6875
01-07 19:41:11.334 I/System.out( 2757): Time difference in secs is: 270
01-07 19:41:11.925 D/UsbnetService( 1590): BroadcastReceiver::onReceive+
01-07 19:41:11.925 D/UsbnetService( 1590): onReceive BATTERY_CHANGED
01-07 19:41:11.925 D/UsbnetService( 1590):  --> pluggedType = 0, mPluggedType = 0, mScreenOff = false
01-07 19:41:11.925 D/UsbnetService( 1590): BroadcastReceiver::onReceive-
01-07 19:41:11.925 D/NotificationService( 1590): mIntentReceiver() Intent.ACTION_BATTERY_CHANGED
01-07 19:41:11.935 D/BatteryService( 1590): SendIntentforPowersaver
01-07 19:41:11.945 D/BatteryService( 1590): Current powersaver status == NORMAL_STATUS1 4 2 false
01-07 19:41:11.945 D/PowerUI ( 1654): plugged = false, health = 2, mBatteryLevel = 98, mPluggedBatteryLevel = 98, mLowBatteryWarningLevel2 = 25, mshowLowChargingWarning2 = true
01-07 19:41:11.955 D/RemoveMe( 1672): DCT got intent android.intent.action.BATTERY_CHANGED
01-07 19:41:11.965 D/RemoveMe( 1672): DCT got intent android.intent.action.BATTERY_CHANGED
01-07 19:41:11.965 D/RemoveMe( 1672): DCT got intent android.intent.action.BATTERY_CHANGED
01-07 19:41:12.325 I/System.out( 2757): Values: -92.1875 -53.375 -77.25
01-07 19:41:12.335 I/System.out( 2757): Time difference in secs is: 270
01-07 19:41:13.326 I/System.out( 2757): Values: -93.125 -53.9375 -78.1875
01-07 19:41:13.336 I/System.out( 2757): Time difference in secs is: 270
01-07 19:41:14.327 I/System.out( 2757): Values: -93.5625 -53.6875 -78.0
01-07 19:41:14.337 I/System.out( 2757): Time difference in secs is: 270
01-07 19:41:15.328 I/System.out( 2757): Values: -92.75 -54.4375 -77.875
01-07 19:41:15.338 I/System.out( 2757): Time difference in secs is: 270
01-07 19:41:16.329 I/System.out( 2757): Values: -93.375 -54.125 -78.25
01-07 19:41:16.339 I/System.out( 2757): Time difference in secs is: 270
01-07 19:41:17.330 I/System.out( 2757): Values: -93.5625 -54.25 -77.25
01-07 19:41:17.340 I/System.out( 2757): Time difference in secs is: 270
01-07 19:41:18.341 I/System.out( 2757): Values: -92.5625 -53.9375 -77.0625
01-07 19:41:18.341 I/System.out( 2757): Time difference in secs is: 270
01-07 19:41:19.342 I/System.out( 2757): Values: -93.1875 -54.375 -78.0625
01-07 19:41:19.342 I/System.out( 2757): Time difference in secs is: 270
01-07 19:41:20.343 I/System.out( 2757): Values: -93.0 -54.8125 -77.75
01-07 19:41:20.343 I/System.out( 2757): Time difference in secs is: 270
01-07 19:41:21.344 I/System.out( 2757): Values: -92.1875 -55.125 -77.0
01-07 19:41:21.344 I/System.out( 2757): Time difference in secs is: 270
01-07 19:41:22.335 I/System.out( 2757): Values: -93.1875 -54.0625 -77.4375
01-07 19:41:22.335 I/System.out( 2757): Time difference in secs is: 270
01-07 19:41:23.336 I/System.out( 2757): Values: -93.0 -53.625 -78.6875
01-07 19:41:23.336 I/System.out( 2757): Time difference in secs is: 270
01-07 19:41:24.337 I/System.out( 2757): Values: -93.0 -54.75 -78.25
01-07 19:41:24.337 I/System.out( 2757): Time difference in secs is: 270
01-07 19:41:25.338 I/System.out( 2757): Values: -93.375 -54.5 -77.0
01-07 19:41:25.338 I/System.out( 2757): Time difference in secs is: 270
01-07 19:41:26.339 I/System.out( 2757): Values: -92.4375 -55.0625 -77.1875
01-07 19:41:26.339 I/System.out( 2757): Time difference in secs is: 270
01-07 19:41:27.340 I/System.out( 2757): Values: -92.9375 -54.0 -77.3125
01-07 19:41:27.340 I/System.out( 2757): Time difference in secs is: 270
01-07 19:41:28.341 I/System.out( 2757): Values: -92.375 -53.6875 -77.75
01-07 19:41:28.341 I/System.out( 2757): Time difference in secs is: 270
01-07 19:41:29.342 I/System.out( 2757): Values: -94.0 -54.125 -77.5
01-07 19:41:29.342 I/System.out( 2757): Time difference in secs is: 270
01-07 19:41:30.343 I/System.out( 2757): Values: -93.0 -54.5 -77.9375
01-07 19:41:30.343 I/System.out( 2757): Time difference in secs is: 270
01-07 19:41:31.344 I/System.out( 2757): Values: -93.75 -54.5 -76.8125
01-07 19:41:31.344 I/System.out( 2757): Time difference in secs is: 270
01-07 19:41:32.345 I/System.out( 2757): Values: -93.5625 -54.4375 -76.8125
01-07 19:41:32.345 I/System.out( 2757): Time difference in secs is: 270
01-07 19:41:33.336 I/System.out( 2757): Values: -92.4375 -53.5625 -77.6875
01-07 19:41:33.336 I/System.out( 2757): Time difference in secs is: 270
01-07 19:41:34.337 I/System.out( 2757): Values: -92.9375 -53.9375 -78.125
01-07 19:41:34.347 I/System.out( 2757): Time difference in secs is: 270
01-07 19:41:35.338 I/System.out( 2757): Values: -92.75 -53.5625 -78.4375
01-07 19:41:35.348 I/System.out( 2757): Time difference in secs is: 270
01-07 19:41:36.339 I/System.out( 2757): Values: -92.75 -55.1875 -76.9375
01-07 19:41:36.349 I/System.out( 2757): Time difference in secs is: 270
01-07 19:41:37.340 I/System.out( 2757): Values: -93.6875 -54.0 -77.6875
01-07 19:41:37.350 I/System.out( 2757): Time difference in secs is: 270
01-07 19:41:38.341 I/System.out( 2757): Values: -93.8125 -54.375 -76.5
01-07 19:41:38.351 I/System.out( 2757): Time difference in secs is: 270
01-07 19:41:39.342 I/System.out( 2757): Values: -93.625 -54.5625 -75.9375
01-07 19:41:39.352 I/System.out( 2757): Time difference in secs is: 270
01-07 19:41:40.343 I/System.out( 2757): Values: -92.1875 -52.3125 -77.125
01-07 19:41:40.353 I/System.out( 2757): Time difference in secs is: 270
01-07 19:41:41.344 I/System.out( 2757): Values: -92.9375 -54.25 -78.0
01-07 19:41:41.354 I/System.out( 2757): Time difference in secs is: 270
01-07 19:41:41.954 D/UsbnetService( 1590): BroadcastReceiver::onReceive+
01-07 19:41:41.954 D/UsbnetService( 1590): onReceive BATTERY_CHANGED
01-07 19:41:41.954 D/UsbnetService( 1590):  --> pluggedType = 0, mPluggedType = 0, mScreenOff = false
01-07 19:41:41.954 D/UsbnetService( 1590): BroadcastReceiver::onReceive-
01-07 19:41:41.954 D/NotificationService( 1590): mIntentReceiver() Intent.ACTION_BATTERY_CHANGED
01-07 19:41:41.964 D/BatteryService( 1590): SendIntentforPowersaver
01-07 19:41:41.964 D/BatteryService( 1590): Current powersaver status == NORMAL_STATUS1 4 2 false
01-07 19:41:41.974 D/PowerUI ( 1654): plugged = false, health = 2, mBatteryLevel = 98, mPluggedBatteryLevel = 98, mLowBatteryWarningLevel2 = 25, mshowLowChargingWarning2 = true
01-07 19:41:41.984 D/RemoveMe( 1672): DCT got intent android.intent.action.BATTERY_CHANGED
01-07 19:41:42.004 D/RemoveMe( 1672): DCT got intent android.intent.action.BATTERY_CHANGED
01-07 19:41:42.004 D/RemoveMe( 1672): DCT got intent android.intent.action.BATTERY_CHANGED
01-07 19:41:42.345 I/System.out( 2757): Values: -93.0625 -52.4375 -77.5625
01-07 19:41:42.345 I/System.out( 2757): Time difference in secs is: 270
01-07 19:41:43.346 I/System.out( 2757): Values: -93.0625 -54.75 -77.875
01-07 19:41:43.346 I/System.out( 2757): Time difference in secs is: 270
01-07 19:41:44.347 I/System.out( 2757): Values: -92.9375 -53.875 -77.5
01-07 19:41:44.347 I/System.out( 2757): Time difference in secs is: 270
01-07 19:41:45.348 I/System.out( 2757): Values: -93.8125 -54.3125 -76.9375
01-07 19:41:45.348 I/System.out( 2757): Time difference in secs is: 270
01-07 19:41:46.349 I/System.out( 2757): Values: -93.4375 -54.25 -76.75
01-07 19:41:46.349 I/System.out( 2757): Time difference in secs is: 270
01-07 19:41:47.350 I/System.out( 2757): Values: -92.25 -53.875 -77.625
01-07 19:41:47.350 I/System.out( 2757): Time difference in secs is: 270
01-07 19:41:48.351 I/System.out( 2757): Values: -93.3125 -53.75 -77.6875
01-07 19:41:48.351 I/System.out( 2757): Time difference in secs is: 270
01-07 19:41:49.352 I/System.out( 2757): Values: -92.75 -53.6875 -76.9375
01-07 19:41:49.352 I/System.out( 2757): Time difference in secs is: 270
01-07 19:41:50.353 I/System.out( 2757): Values: -93.25 -54.25 -78.0625
01-07 19:41:50.353 I/System.out( 2757): Time difference in secs is: 270
01-07 19:41:51.353 I/System.out( 2757): Values: -92.5625 -54.0625 -76.75
01-07 19:41:51.353 I/System.out( 2757): Time difference in secs is: 270
01-07 19:41:52.354 I/System.out( 2757): Values: -91.625 -53.6875 -76.1875
01-07 19:41:52.354 I/System.out( 2757): Time difference in secs is: 270
01-07 19:41:53.355 I/System.out( 2757): Values: -93.1875 -53.3125 -77.625
01-07 19:41:53.355 I/System.out( 2757): Time difference in secs is: 270
01-07 19:41:54.346 I/System.out( 2757): Values: -93.4375 -54.6875 -77.1875
01-07 19:41:54.346 I/System.out( 2757): Time difference in secs is: 270
01-07 19:41:55.347 I/System.out( 2757): Values: -92.3125 -54.1875 -77.125
01-07 19:41:55.347 I/System.out( 2757): Time difference in secs is: 270
01-07 19:41:56.348 I/System.out( 2757): Values: -94.25 -54.0 -78.3125
01-07 19:41:56.348 I/System.out( 2757): Time difference in secs is: 270
01-07 19:41:57.349 I/System.out( 2757): Values: -94.1875 -54.375 -77.75
01-07 19:41:57.349 I/System.out( 2757): Time difference in secs is: 270
01-07 19:41:58.350 I/System.out( 2757): Values: -93.0625 -55.1875 -76.0625
01-07 19:41:58.350 I/System.out( 2757): Time difference in secs is: 270
01-07 19:41:59.351 I/System.out( 2757): Values: -93.0625 -54.1875 -76.6875
01-07 19:41:59.351 I/System.out( 2757): Time difference in secs is: 270
01-07 19:42:00.352 I/System.out( 2757): Values: -92.75 -53.25 -75.8125
01-07 19:42:00.352 I/System.out( 2757): Time difference in secs is: 270
01-07 19:42:01.353 I/System.out( 2757): Values: -93.6875 -54.1875 -76.5625
01-07 19:42:01.353 I/System.out( 2757): Time difference in secs is: 270
01-07 19:42:02.344 I/System.out( 2757): Values: -93.625 -54.9375 -78.25
01-07 19:42:02.354 I/System.out( 2757): Time difference in secs is: 270
01-07 19:42:03.345 I/System.out( 2757): Values: -92.375 -53.8125 -78.0625
01-07 19:42:03.355 I/System.out( 2757): Time difference in secs is: 270
01-07 19:42:04.346 I/System.out( 2757): Values: -93.75 -54.0 -78.3125
01-07 19:42:04.356 I/System.out( 2757): Time difference in secs is: 270
01-07 19:42:05.157 D/dalvikvm( 1689): GC_EXPLICIT freed 1K, 28% free 10127K/13959K, paused 10ms+2ms
01-07 19:42:05.357 I/System.out( 2757): Values: -91.75 -53.375 -77.5625
01-07 19:42:05.357 I/System.out( 2757): Time difference in secs is: 270
01-07 19:42:06.358 I/System.out( 2757): Values: -92.9375 -54.375 -76.8125
01-07 19:42:06.358 I/System.out( 2757): Time difference in secs is: 270
01-07 19:42:07.349 I/System.out( 2757): Values: -93.3125 -54.3125 -76.625
01-07 19:42:07.359 I/System.out( 2757): Time difference in secs is: 270
01-07 19:42:08.350 I/System.out( 2757): Values: -93.5625 -54.25 -78.3125
01-07 19:42:08.360 I/System.out( 2757): Time difference in secs is: 270
01-07 19:42:09.351 I/System.out( 2757): Values: -93.4375 -54.8125 -77.25
01-07 19:42:09.361 I/System.out( 2757): Time difference in secs is: 270
01-07 19:42:10.352 I/System.out( 2757): Values: -93.8125 -54.125 -77.625
01-07 19:42:10.362 I/System.out( 2757): Time difference in secs is: 270
01-07 19:42:11.353 I/System.out( 2757): Values: -92.9375 -53.25 -77.75
01-07 19:42:11.363 I/System.out( 2757): Time difference in secs is: 270
01-07 19:42:11.463 D/dalvikvm( 2757): GC_CONCURRENT freed 379K, 8% free 6580K/7111K, paused 5ms+1ms
01-07 19:42:12.354 I/System.out( 2757): Values: -91.9375 -54.125 -76.4375
01-07 19:42:12.354 I/System.out( 2757): Time difference in secs is: 270
01-07 19:42:13.355 I/System.out( 2757): Values: -92.1875 -54.75 -77.75
01-07 19:42:13.355 I/System.out( 2757): Time difference in secs is: 270
01-07 19:42:14.356 I/System.out( 2757): Values: -93.125 -53.625 -77.125
01-07 19:42:14.356 I/System.out( 2757): Time difference in secs is: 270
01-07 19:42:15.357 I/System.out( 2757): Values: -92.625 -54.3125 -76.375
01-07 19:42:15.357 I/System.out( 2757): Time difference in secs is: 270
01-07 19:42:16.358 I/System.out( 2757): Values: -92.375 -54.375 -76.875
01-07 19:42:16.358 I/System.out( 2757): Time difference in secs is: 270
01-07 19:42:17.359 I/System.out( 2757): Values: -92.625 -54.875 -77.0
01-07 19:42:17.359 I/System.out( 2757): Time difference in secs is: 270
01-07 19:42:18.360 I/System.out( 2757): Values: -93.8125 -54.0 -77.4375
01-07 19:42:18.360 I/System.out( 2757): Time difference in secs is: 270
01-07 19:42:19.361 I/System.out( 2757): Values: -93.4375 -53.6875 -78.25
01-07 19:42:19.361 I/System.out( 2757): Time difference in secs is: 270
01-07 19:42:20.362 I/System.out( 2757): Values: -93.125 -53.5 -76.8125
01-07 19:42:20.362 I/System.out( 2757): Time difference in secs is: 270
01-07 19:42:21.363 I/System.out( 2757): Values: -92.125 -54.75 -75.875
01-07 19:42:21.363 I/System.out( 2757): Time difference in secs is: 270
01-07 19:42:22.364 I/System.out( 2757): Values: -93.3125 -54.0625 -77.5
01-07 19:42:22.364 I/System.out( 2757): Time difference in secs is: 270
01-07 19:42:23.365 I/System.out( 2757): Values: -93.0 -54.1875 -77.5625
01-07 19:42:23.365 I/System.out( 2757): Time difference in secs is: 270
01-07 19:42:24.356 I/System.out( 2757): Values: -91.625 -54.5 -78.1875
01-07 19:42:24.356 I/System.out( 2757): Time difference in secs is: 270
01-07 19:42:25.357 I/System.out( 2757): Values: -92.375 -54.125 -75.25
01-07 19:42:25.357 I/System.out( 2757): Time difference in secs is: 270
01-07 19:42:26.358 I/System.out( 2757): Values: -93.0625 -54.9375 -78.8125
01-07 19:42:26.368 I/System.out( 2757): Time difference in secs is: 270
01-07 19:42:27.369 I/System.out( 2757): Values: -93.75 -53.75 -77.5
01-07 19:42:27.369 I/System.out( 2757): Time difference in secs is: 270
01-07 19:42:28.360 I/System.out( 2757): Values: -78.6875 -60.9375 -75.9375
01-07 19:42:28.360 I/System.out( 2757): Time difference in secs is: 270
01-07 19:42:28.430 V/WindowManager( 1590): onOrientationChanged, rotation changed to 1
01-07 19:42:28.520 D/SurfaceFlinger( 1441): getTokenForSurface(0xad1cc) => 0 (client=0x90668, bitmap=00000003), pid=0
01-07 19:42:28.520 D/msm7x30.gralloc( 1441): gpu_context_t::getGrallocInformationFromFormat  2 
01-07 19:42:28.550 D/lights  ( 1590): set_light_buttons_func: on=0 brightness=0
01-07 19:42:28.550 D/lights  ( 1590): set_light_buttons_func: on=16777215 brightness=255
01-07 19:42:28.550 D/PowerManagerService( 1590): button light setOrientation:1
01-07 19:42:28.550 D/PowerManagerService( 1590): setPenMenuButtonLed: 2
01-07 19:42:28.560 D/lights  ( 1590): set_rotated_rgb_led: on=0 brightness=0
01-07 19:42:28.560 D/lights  ( 1590): [LedInfo] write attr ok name=/sys/class/leds/green-portrait/brightness string=0,len=1
01-07 19:42:28.560 D/lights  ( 1590): set_rotated_rgb_led: on=1 brightness=255
01-07 19:42:28.560 D/lights  ( 1590): [LedInfo] write attr ok name=/sys/class/leds/green-landscape/brightness string=255,len=3
01-07 19:42:28.560 D/PowerManagerService( 1590): Set pen menu button led (amber, green, blue) = 0, -1, 0), portrait = false
01-07 19:42:28.570 I/ActivityManager( 1590): Config changed: {1.0 0mcc0mnc en_GB sw600dp w1024dp h552dp lrg long land finger -keyb/v/h -nav/h s.3 skin=default fontsize=0}
01-07 19:42:28.680 I/mode10  ( 1695): loadSkinResource : Package = defaultskinName = default
01-07 19:42:28.680 V/WindowManager( 1590): onOrientationChanged, rotation changed to 0
01-07 19:42:28.700 I/mode10  ( 1695): loadSkinResource private
01-07 19:42:28.710 D/msm7x30.gralloc( 1441): gpu_context_t::getGrallocInformationFromFormat  2 
01-07 19:42:28.720 D/SurfaceFlinger( 1441): virtual void android::Layer::onRemoved(): lcblk (identity=15, status=0, token=0)
01-07 19:42:28.750 D/StatusBar.NetworkController( 1654): mSignalStrength.isGsm() == true
01-07 19:42:28.770 D/msm7x30.gralloc( 1441): gpu_context_t::getGrallocInformationFromFormat  2 
01-07 19:42:28.790 D/ActivityManager( 1590): isSketcherDisabledInCurrentTask():false, ActivityRecord{40994280 uk.ac.st_andrews.cs.host.mk74.energymeasurement.magneticField/.MainActivity}
01-07 19:42:28.820 D/SurfaceFlinger( 1441): getTokenForSurface(0x635e4) => 0 (client=0xafad8, bitmap=00000001), pid=2757
01-07 19:42:28.830 D/msm7x30.gralloc( 1441): gpu_context_t::getGrallocInformationFromFormat  2 
01-07 19:42:28.880 V/WindowManager( 1590): Starting rotation animaiton
01-07 19:42:28.880 D/SurfaceFlinger( 1441): virtual void android::Layer::onRemoved(): lcblk (identity=16, status=0, token=0)
01-07 19:42:28.880 V/WindowManager( 1590): end of ratation animation
01-07 19:42:28.890 D/msm7x30.gralloc( 1441): gpu_context_t::getGrallocInformationFromFormat  2 
01-07 19:42:29.361 I/System.out( 2757): Values: -88.75 -61.5 -60.9375
01-07 19:42:29.361 I/System.out( 2757): Time difference in secs is: 270
01-07 19:42:29.751 I/System.out( 2757): Values: -84.5625 -59.0625 -66.1875
01-07 19:42:29.761 I/System.out( 2757): Battery level end is reached
01-07 19:42:30.362 I/System.out( 2757): Values: -87.375 -50.0625 -73.375
01-07 19:42:30.372 I/System.out( 2757): Time difference in secs is: 270
01-07 19:42:30.732 D/WindowManager( 1590): file does not exist.
01-07 19:42:30.732 D/ConnectivityService( 1590): getMobileDataEnabled returning false
01-07 19:42:30.752 I/System.out( 2757): Values: -90.9375 -48.0625 -71.5
01-07 19:42:30.862 D/dalvikvm( 1590): GC_FOR_ALLOC freed 809K, 12% free 15796K/17927K, paused 59ms
01-07 19:42:30.862 I/dalvikvm-heap( 1590): Grow heap (frag case) to 16.018MB for 513744-byte allocation
01-07 19:42:30.962 D/dalvikvm( 1590): GC_EXPLICIT freed 9K, 12% free 16288K/18439K, paused 4ms+3ms
01-07 19:42:30.972 D/GlobalActions( 1590): updateDialogSelector()
01-07 19:42:30.972 D/ConnectivityService( 1590): getMobileDataEnabled returning false
01-07 19:42:30.972 I/TabletStatusBar( 1654): DISABLE_EXPAND: yes
01-07 19:42:31.082 D/dalvikvm( 1590): GC_FOR_ALLOC freed 53K, 11% free 16423K/18439K, paused 55ms
01-07 19:42:31.092 D/ActivityManager( 1590): isSketcherDisabledInCurrentTask():false, ActivityRecord{40994280 uk.ac.st_andrews.cs.host.mk74.energymeasurement.magneticField/.MainActivity}
01-07 19:42:31.092 I/WindowManager( 1590): [mPowerLongLongPress]--------------->
01-07 19:42:31.092 D/ConnectivityService( 1590): getMobileDataEnabled returning false
01-07 19:42:31.252 D/SurfaceFlinger( 1441): getTokenForSurface(0xa9864) => 0 (client=0x90668, bitmap=00000003), pid=1590
01-07 19:42:31.252 D/msm7x30.gralloc( 1441): gpu_context_t::getGrallocInformationFromFormat  1 
01-07 19:42:31.363 I/System.out( 2757): Values: -87.3125 -51.1875 -70.9375
01-07 19:42:31.363 I/System.out( 2757): Time difference in secs is: 270
01-07 19:42:31.753 I/System.out( 2757): Values: -84.3125 -50.8125 -71.0625
01-07 19:42:31.983 V/WindowManager( 1590): onOrientationChanged, rotation changed to 0
01-07 19:42:32.003 V/WindowManager( 1590): onOrientationChanged, rotation changed to 0
01-07 19:42:32.023 V/WindowManager( 1590): onOrientationChanged, rotation changed to 0
01-07 19:42:32.123 D/SurfaceFlinger( 1441): getTokenForSurface(0xafe1c) => 2 (client=0x90668, bitmap=00000007), pid=0
01-07 19:42:32.123 D/msm7x30.gralloc( 1441): gpu_context_t::getGrallocInformationFromFormat  2 
01-07 19:42:32.163 D/lights  ( 1590): set_light_buttons_func: on=0 brightness=0
01-07 19:42:32.163 D/lights  ( 1590): set_light_buttons_func: on=16777215 brightness=255
01-07 19:42:32.163 D/PowerManagerService( 1590): button light setOrientation:0
