01-07 19:30:13.573 D/HtcHardwareService( 1590): [USBNET] MiscControl-: 1,usb_none
01-07 19:30:13.583 D/WifiService( 1590): WirelessSleep- get variables from db: enabled = true, start= 82800000, end= 21600000
01-07 19:30:13.583 D/WifiService( 1590): WirelessSleep- start->end = 25200000, end->start= 61200000
01-07 19:30:13.583 D/DataConnectionTracker( 1672): enableApnType(default), isApnTypeActive=false, isApnIdEnabled=true and state= IDLE
01-07 19:30:13.583 I/WifiService( 1590): DockWifi - mAutoEnableWifiApInDockMode =false mAutoEnableWifiInDockMode=false
01-07 19:30:13.603 D/LocationManagerService( 1590): CONNECTIVITY_ACTION: synchronized+
01-07 19:30:13.603 D/LocationManagerService( 1590): updateNetworkState unavailable info: NetworkInfo: type: USBNET[], state: DISCONNECTED/DISCONNECTED, reason: (unspecified), extra: 0, roaming: false, failover: false, isAvailable: false, isIpv4Connected: false, isIpv6Connected: false
01-07 19:30:13.603 D/LocationManagerService( 1590): CONNECTIVITY_ACTION: synchronized+ provider size: 3
01-07 19:30:13.603 D/GpsLocationProvider( 1590): + synchronized updateNetworkState  info: NetworkInfo: type: USBNET[], state: DISCONNECTED/DISCONNECTED, reason: (unspecified), extra: 0, roaming: false, failover: false, isAvailable: false, isIpv4Connected: false, isIpv6Connected: false
01-07 19:30:13.603 D/GpsLocationProvider( 1590): [shen] debug
01-07 19:30:13.603 D/LocationManagerService( 1590): CONNECTIVITY_ACTION: synchronized-
01-07 19:30:13.603 D/StatusBar.NetworkController( 1654): mSignalStrength.isGsm() == true
01-07 19:30:13.613 D/GTalkService( 1720): lost connectivity, notify
01-07 19:30:13.623 D/GTalkService( 1720): [ReonnectMgr] ### report Inet condition: status=false, networkType=15
01-07 19:30:13.623 D/Tethering( 1590): Tethering got CONNECTIVITY_ACTION type: USBNET, subtype: , status: DISCONNECTED
01-07 19:30:13.623 D/Tethering( 1590): icon Type=15, subtype=0
01-07 19:30:13.623 D/Tethering( 1590): MasterInitialState.processMessage what=3
01-07 19:30:13.623 D/ConnectivityService( 1590): reportNetworkCondition(15, 0)
01-07 19:30:13.623 D/ConnectivityService( 1590): Inet connectivity change, net=15, condition=0,mActiveDefaultNetwork=-1
01-07 19:30:13.623 D/ConnectivityService( 1590): no active default network - aborting
01-07 19:30:13.633 I/ActivityManager( 1590): Start proc com.sdgtl.watch.flyer for broadcast com.sdgtl.watch.flyer/com.sdgtl.watch.service.ModeChangeReceiver: pid=2820 uid=10016 gids={3003, 1015}
01-07 19:30:13.713 D/GpsLocationProvider( 1590): [handleMessage] message :4
01-07 19:30:13.723 I/ActivityThread( 2820): Pub com.sdgtl.watchapp.widget: com.sdgtl.watch.widget.WatchAppContentProvider
01-07 19:30:13.733 I/ActivityThread( 2820): Pub searchformovies: com.sdgtl.watch.search.CatalogSearchProvider
01-07 19:30:13.743 D/PSReceiver( 2810): USB Unplugged, Set PSEnabled= false
01-07 19:30:13.743 D/GpsLocationProvider( 1590): [handleMessage] UPDATE_NETWORK_STATE
01-07 19:30:13.743 I/ActivityThread( 2820): Pub com.sdgtl.watch.WatchAppCarouselProvider: com.sdgtl.watch.WatchAppCarouselProvider
01-07 19:30:13.763 D/GpsLocationProvider( 1590): updateNetworkState unavailable info: NetworkInfo: type: USBNET[], state: DISCONNECTED/DISCONNECTED, reason: (unspecified), extra: 0, roaming: false, failover: false, isAvailable: false, isIpv4Connected: false, isIpv6Connected: false
01-07 19:30:13.833 D/dalvikvm( 2820): GC_CONCURRENT freed 326K, 6% free 6633K/7047K, paused 1ms+6ms
01-07 19:30:13.893 D/UploadReceiver( 2558): Action android.net.conn.CONNECTIVITY_CHANGE
01-07 19:30:13.903 I/ActivityManager( 1590): Start proc com.htc.reportagent for broadcast com.htc.reportagent/.receiver.ReportAgentReceiver: pid=2829 uid=10038 gids={3003, 1007}
01-07 19:30:13.913 V/UploadReceiver( 2558): Receiver onConnectivity
01-07 19:30:13.953 I/ActivityManager( 1590): No longer want com.htc.cs (pid 2650): hidden #16
01-07 19:30:13.973 I/MyReportAgent( 2829): ReportAgentReceiver [onReceive] android.net.conn.CONNECTIVITY_CHANGE
01-07 19:30:13.983 D/MyHTC   ( 2518): PoweronReceiver.onReceive(): intent=android.net.conn.CONNECTIVITY_CHANGE
01-07 19:30:13.983 I/ActivityManager( 1590): No longer want com.android.vending (pid 2468): hidden #16
01-07 19:30:13.993 I/ActivityManager( 1590): Start proc com.google.android.apps.uploader for broadcast com.google.android.apps.uploader/.ConnectivityBroadcastReceiver: pid=2838 uid=10043 gids={3003}
01-07 19:30:14.023 V/MyReportAgent( 2829): ReportAgentReceiver Recv Intent: Intent { act=android.net.conn.CONNECTIVITY_CHANGE flg=0x10000010 cmp=com.htc.reportagent/.receiver.ReportAgentReceiver (has extras) }
01-07 19:30:14.023 D/CSUtil  ( 2518): serverTime = 1384022092869
01-07 19:30:14.033 D/MyReportAgent( 2829): android.net.conn.CONNECTIVITY_CHANGE
01-07 19:30:14.033 W/ContentService( 1590): binderDied() at ObserverNode name com.google.android.gsf.gservices
01-07 19:30:14.043 D/MyReportAgent( 2829): ReportService [##] onCreate(), this = com.htc.reportagent.ReportService@40681a80
01-07 19:30:14.053 D/MyReportAgent( 2829): ReportService [##] onStartCommand(), flags = 2, startId = 1, intent = Intent { act=android.net.conn.CONNECTIVITY_CHANGE flg=0x10000010 cmp=com.htc.reportagent/.ReportService (has extras) }, this = com.htc.reportagent.ReportService@40681a80
01-07 19:30:14.063 I/ActivityThread( 2838): Pub com.google.android.apps.uploader: com.google.android.apps.uploader.UploadsContentProvider
01-07 19:30:14.063 I/ActivityThread( 2838): Pub com.google.photos.provider.Album: com.google.android.apps.uploader.clients.picasa.AlbumProvider
01-07 19:30:14.063 D/MediaUploader( 2838): UploaderApplication.onCreate
01-07 19:30:14.073 I/System.out( 2757): Values: -92.75 -54.1875 -69.375
01-07 19:30:14.083 D/MediaUploader( 2838): nonWifiLimit=20971520, default=20971520
01-07 19:30:14.083 I/MediaUploader( 2838): No need to wake up
01-07 19:30:14.093 I/ActivityManager( 1590): Start proc com.htc.notes:NotesService for broadcast com.htc.notes/.provider.notes.NotesReceiver: pid=2852 uid=9996 gids={3003, 1015, 1006, 2001}
01-07 19:30:14.103 D/CSUtil  ( 2518): serverTime = 50971
01-07 19:30:14.133 D/dalvikvm( 1442): GC_EXPLICIT freed 11K, 5% free 6453K/6787K, paused 5ms+2ms
01-07 19:30:14.143 D/CSUtil  ( 2518): curGMTTime = 70214153
01-07 19:30:14.183 D/dalvikvm( 1442): GC_EXPLICIT freed <1K, 5% free 6453K/6787K, paused 2ms+1ms
01-07 19:30:14.223 D/dalvikvm( 1442): GC_EXPLICIT freed <1K, 5% free 6453K/6787K, paused 1ms+1ms
01-07 19:30:14.223 I/ActivityManager( 1590): Start proc com.htc.htcMessageUploader for broadcast com.htc.htcMessageUploader/.UploadMessageReceiver: pid=2859 uid=10060 gids={3003}
01-07 19:30:14.243 I/ActivityManager( 1590): No longer want com.htc.recommend (pid 2659): hidden #16
01-07 19:30:14.253 V/htcMessageUploader( 2859): [UploadMessageReceiver] UploadMessageReceiver() constructor !!!
01-07 19:30:14.253 I/htcMessageUploader( 2859): Start thread to upload fota event message:com.htc.htcMessageUploader.UploadMessageReceiver
01-07 19:30:14.263 D/htcMessageUploader( 2859): Total time in main thread:3 milli-seconds
01-07 19:30:14.263 I/ActivityManager( 1590): No longer want com.google.android.partnersetup (pid 2692): hidden #16
01-07 19:30:14.303 D/AutoSetting( 2579): receiver - intent: android.net.conn.CONNECTIVITY_CHANGE
01-07 19:30:14.303 D/Socket_Alarm( 2859): registerHTCSocketMonitorCallBack
01-07 19:30:14.303 D/Socket_Alarm( 2859): set mSocketMonitor
01-07 19:30:14.303 D/htcMessageUploader( 2859): Get CONNECTIVITY_ACTION intent 
01-07 19:30:14.303 I/htcMessageUploader( 2859): == UploadMessageReceiver finished ==
01-07 19:30:14.303 D/AutoSetting( 2579): receiver - NetworkInfo: type: USBNET[], state: DISCONNECTED/DISCONNECTED, reason: (unspecified), extra: 0, roaming: false, failover: false, isAvailable: false, isIpv4Connected: false, isIpv6Connected: false
01-07 19:30:14.303 D/Socket_Alarm( 2859): HTCSocketMonitorImpl::HTCSocketMonitorImpl
01-07 19:30:14.313 D/UPolicy ( 2829): IUserBehaviorLoggingService reference is gotten !
01-07 19:30:14.313 D/AutoSetting( 2579): Util - no network available!
01-07 19:30:14.323 D/AutoSetting( 2579): service - onStartCommand() action: com.htc.app.autosetting.cancellocationupdate
01-07 19:30:14.323 D/AutoSetting( 2579): service - mHandler: cancel location update
01-07 19:30:14.323 D/AutoSetting( 2579): service -           changes count: 0
01-07 19:30:14.323 W/TelephonyManager( 1720): Hidden constructor called more than once per process!
01-07 19:30:14.323 W/TelephonyManager( 1720): Original: com.google.android.gsf, new: com.google.android.gsf
01-07 19:30:15.064 I/System.out( 2757): Values: -93.3125 -54.9375 -77.5
01-07 19:30:16.075 I/System.out( 2757): Values: -93.75 -53.1875 -77.5
01-07 19:30:17.066 I/System.out( 2757): Values: -92.5625 -54.1875 -77.5625
01-07 19:30:18.077 I/System.out( 2757): Values: -93.375 -53.5625 -77.5625
01-07 19:30:19.078 I/System.out( 2757): Values: -92.8125 -54.4375 -76.875
01-07 19:30:19.348 D/MyReportAgent( 2829): ReportService [##] onDestroy(), this =com.htc.reportagent.ReportService@40681a80
01-07 19:30:19.348 D/MyReportAgent( 2829): ReportServiceHandler [##] call stopSelfResult() startId = 1, reurn true
01-07 19:30:19.348 I/ActivityManager( 1590): No longer want com.android.smith (pid 2629): hidden #16
01-07 19:30:19.358 D/dalvikvm( 2256): GC_EXPLICIT freed 167K, 10% free 6615K/7303K, paused 8ms+1ms
01-07 19:30:20.079 I/System.out( 2757): Values: -94.3125 -54.6875 -78.5625
01-07 19:30:21.080 I/System.out( 2757): Values: -92.625 -55.125 -78.6875
01-07 19:30:22.081 I/System.out( 2757): Values: -93.5 -55.4375 -78.1875
01-07 19:30:23.082 I/System.out( 2757): Values: -94.1875 -54.8125 -78.125
01-07 19:30:24.083 I/System.out( 2757): Values: -92.9375 -54.3125 -76.0
01-07 19:30:24.363 D/dalvikvm( 2558): GC_EXPLICIT freed 347K, 7% free 6728K/7175K, paused 7ms+4ms
01-07 19:30:25.084 I/System.out( 2757): Values: -93.1875 -54.75 -75.875
01-07 19:30:26.085 I/System.out( 2757): Values: -91.25 -54.5 -76.75
01-07 19:30:27.086 I/System.out( 2757): Values: -91.4375 -53.125 -75.3125
01-07 19:30:28.077 I/System.out( 2757): Values: -92.25 -53.5 -77.3125
01-07 19:30:29.078 I/System.out( 2757): Values: -91.375 -55.1875 -77.1875
01-07 19:30:29.168 D/dalvikvm( 2757): GC_CONCURRENT freed 407K, 8% free 6553K/7111K, paused 6ms+4ms
01-07 19:30:29.368 D/dalvikvm( 2570): GC_EXPLICIT freed 133K, 5% free 6511K/6787K, paused 9ms+3ms
01-07 19:30:30.079 I/System.out( 2757): Values: -92.5625 -52.875 -77.75
01-07 19:30:31.080 I/System.out( 2757): Values: -92.125 -54.75 -76.75
01-07 19:30:32.081 I/System.out( 2757): Values: -92.6875 -54.625 -77.8125
01-07 19:30:33.082 I/System.out( 2757): Values: -92.25 -54.375 -76.3125
01-07 19:30:34.083 I/System.out( 2757): Values: -92.0 -53.8125 -76.0625
01-07 19:30:34.403 D/dalvikvm( 2579): GC_EXPLICIT freed 202K, 5% free 6808K/7111K, paused 5ms+2ms
01-07 19:30:35.084 I/System.out( 2757): Values: -92.375 -53.0 -75.75
01-07 19:30:36.075 I/System.out( 2757): Values: -92.0625 -53.5625 -76.0
01-07 19:30:37.076 I/System.out( 2757): Values: -92.125 -53.5625 -76.6875
01-07 19:30:38.087 I/System.out( 2757): Values: -92.5 -53.3125 -77.0
01-07 19:30:39.078 I/System.out( 2757): Values: -91.5625 -53.625 -75.9375
01-07 19:30:39.358 D/dalvikvm( 2518): GC_EXPLICIT freed 46K, 5% free 6489K/6787K, paused 6ms+2ms
01-07 19:30:40.079 I/System.out( 2757): Values: -93.75 -54.8125 -76.3125
01-07 19:30:41.080 I/System.out( 2757): Values: -92.9375 -55.0625 -79.0625
01-07 19:30:42.081 I/System.out( 2757): Values: -93.375 -54.6875 -78.25
01-07 19:30:43.082 I/System.out( 2757): Values: -94.0625 -55.0625 -77.5625
01-07 19:30:44.082 I/System.out( 2757): Values: -93.625 -53.5 -76.4375
01-07 19:30:45.093 I/System.out( 2757): Values: -92.5625 -54.625 -77.75
01-07 19:30:46.084 I/System.out( 2757): Values: -92.375 -54.375 -77.0625
01-07 19:30:47.085 I/System.out( 2757): Values: -91.125 -53.0 -76.875
01-07 19:30:48.086 I/System.out( 2757): Values: -92.875 -55.1875 -78.3125
01-07 19:30:49.087 I/System.out( 2757): Values: -93.875 -54.1875 -77.5625
01-07 19:30:50.088 I/System.out( 2757): Values: -93.5 -54.3125 -76.6875
01-07 19:30:51.089 I/System.out( 2757): Values: -93.0 -54.625 -78.375
01-07 19:30:52.090 I/System.out( 2757): Values: -91.875 -53.875 -75.4375
01-07 19:30:53.091 I/System.out( 2757): Values: -93.0 -54.375 -76.0625
01-07 19:30:54.092 I/System.out( 2757): Values: -93.125 -54.6875 -77.625
01-07 19:30:55.093 I/System.out( 2757): Values: -93.6875 -54.625 -79.1875
01-07 19:30:56.094 I/System.out( 2757): Values: -92.625 -55.3125 -77.0
01-07 19:30:57.085 I/System.out( 2757): Values: -91.9375 -53.375 -76.5625
01-07 19:30:58.086 I/System.out( 2757): Values: -92.625 -55.125 -76.875
01-07 19:30:59.087 I/System.out( 2757): Values: -92.375 -52.9375 -77.4375
01-07 19:31:00.088 I/System.out( 2757): Values: -92.9375 -54.75 -75.25
01-07 19:31:01.089 I/System.out( 2757): Values: -93.0 -54.6875 -77.125
01-07 19:31:02.090 I/System.out( 2757): Values: -93.1875 -54.375 -78.125
01-07 19:31:03.091 I/System.out( 2757): Values: -93.1875 -54.75 -77.125
01-07 19:31:04.092 I/System.out( 2757): Values: -93.625 -54.5 -76.875
01-07 19:31:05.093 I/System.out( 2757): Values: -92.75 -54.1875 -76.625
01-07 19:31:06.094 I/System.out( 2757): Values: -91.9375 -53.25 -77.4375
01-07 19:31:07.085 I/System.out( 2757): Values: -93.0625 -54.625 -77.5
01-07 19:31:08.086 I/System.out( 2757): Values: -92.25 -54.375 -76.0
01-07 19:31:09.087 I/System.out( 2757): Values: -92.5 -53.6875 -77.125
01-07 19:31:10.088 I/System.out( 2757): Values: -92.125 -53.1875 -76.9375
01-07 19:31:11.089 I/System.out( 2757): Values: -93.0625 -54.4375 -77.875
01-07 19:31:12.090 I/System.out( 2757): Values: -93.125 -54.9375 -78.9375
01-07 19:31:13.091 I/System.out( 2757): Values: -92.875 -54.3125 -77.0
01-07 19:31:14.092 I/System.out( 2757): Values: -93.8125 -55.125 -78.75
01-07 19:31:15.093 I/System.out( 2757): Values: -92.6875 -54.1875 -77.75
01-07 19:31:16.094 I/System.out( 2757): Values: -92.5625 -54.125 -76.9375
01-07 19:31:17.085 I/System.out( 2757): Values: -93.125 -53.9375 -77.125
01-07 19:31:18.086 I/System.out( 2757): Values: -93.375 -54.9375 -78.625
01-07 19:31:19.087 I/System.out( 2757): Values: -92.5 -54.375 -77.125
01-07 19:31:20.098 I/System.out( 2757): Values: -92.0625 -54.25 -78.4375
01-07 19:31:21.089 I/System.out( 2757): Values: -92.0625 -54.4375 -76.625
01-07 19:31:22.100 I/System.out( 2757): Values: -93.3125 -55.375 -77.0
01-07 19:31:23.101 I/System.out( 2757): Values: -93.0 -53.1875 -76.9375
01-07 19:31:24.102 I/System.out( 2757): Values: -93.875 -55.0 -76.5
01-07 19:31:25.103 I/System.out( 2757): Values: -93.0625 -54.75 -77.1875
01-07 19:31:26.103 I/System.out( 2757): Values: -92.875 -53.3125 -76.875
01-07 19:31:27.104 I/System.out( 2757): Values: -91.6875 -52.5 -76.5
01-07 19:31:28.095 I/System.out( 2757): Values: -91.1875 -53.25 -75.875
01-07 19:31:29.096 I/System.out( 2757): Values: -92.4375 -54.5 -76.6875
01-07 19:31:30.097 I/System.out( 2757): Values: -94.1875 -54.0625 -79.25
01-07 19:31:31.098 I/System.out( 2757): Values: -93.5625 -54.5625 -77.0
01-07 19:31:32.099 I/System.out( 2757): Values: -93.0 -53.5625 -78.375
01-07 19:31:33.100 I/System.out( 2757): Values: -91.8125 -53.625 -76.3125
01-07 19:31:34.101 I/System.out( 2757): Values: -93.8125 -55.5625 -77.25
01-07 19:31:35.102 I/System.out( 2757): Values: -92.6875 -55.25 -77.8125
01-07 19:31:36.103 I/System.out( 2757): Values: -92.625 -54.875 -76.3125
01-07 19:31:37.094 I/System.out( 2757): Values: -91.75 -54.125 -76.375
01-07 19:31:38.105 I/System.out( 2757): Values: -91.6875 -53.5 -75.625
01-07 19:31:39.096 I/System.out( 2757): Values: -93.25 -55.25 -77.375
01-07 19:31:40.107 I/System.out( 2757): Values: -92.5 -54.875 -76.5
01-07 19:31:41.108 I/System.out( 2757): Values: -92.3125 -53.6875 -77.4375
01-07 19:31:41.499 D/UsbnetService( 1590): BroadcastReceiver::onReceive+
01-07 19:31:41.499 D/UsbnetService( 1590): onReceive BATTERY_CHANGED
01-07 19:31:41.499 D/UsbnetService( 1590):  --> pluggedType = 0, mPluggedType = 0, mScreenOff = false
01-07 19:31:41.509 D/UsbnetService( 1590): BroadcastReceiver::onReceive-
01-07 19:31:41.509 D/NotificationService( 1590): mIntentReceiver() Intent.ACTION_BATTERY_CHANGED
01-07 19:31:41.519 D/BatteryService( 1590): SendIntentforPowersaver
01-07 19:31:41.529 D/BatteryService( 1590): Current powersaver status == NORMAL_STATUS1 4 2 false
01-07 19:31:41.529 D/RemoveMe( 1672): DCT got intent android.intent.action.BATTERY_CHANGED
01-07 19:31:41.529 D/RemoveMe( 1672): DCT got intent android.intent.action.BATTERY_CHANGED
01-07 19:31:41.529 D/PowerUI ( 1654): plugged = false, health = 2, mBatteryLevel = 100, mPluggedBatteryLevel = 98, mLowBatteryWarningLevel2 = 25, mshowLowChargingWarning2 = true
01-07 19:31:41.539 D/RemoveMe( 1672): DCT got intent android.intent.action.BATTERY_CHANGED
01-07 19:31:42.109 I/System.out( 2757): Values: -91.75 -53.125 -77.25
01-07 19:31:43.110 I/System.out( 2757): Values: -91.875 -53.625 -75.0
01-07 19:31:44.111 I/System.out( 2757): Values: -93.125 -53.25 -76.1875
01-07 19:31:45.112 I/System.out( 2757): Values: -92.6875 -54.25 -77.3125
01-07 19:31:46.113 I/System.out( 2757): Values: -93.8125 -54.75 -77.4375
01-07 19:31:47.104 I/System.out( 2757): Values: -92.625 -53.3125 -76.375
01-07 19:31:48.105 I/System.out( 2757): Values: -93.25 -54.625 -76.375
01-07 19:31:49.106 I/System.out( 2757): Values: -92.4375 -53.75 -78.0
01-07 19:31:50.107 I/System.out( 2757): Values: -93.6875 -53.6875 -78.1875
01-07 19:31:51.108 I/System.out( 2757): Values: -94.0 -54.5625 -78.0
01-07 19:31:52.109 I/System.out( 2757): Values: -92.3125 -55.0 -76.5625
01-07 19:31:53.110 I/System.out( 2757): Values: -92.0625 -53.5 -76.9375
01-07 19:31:54.111 I/System.out( 2757): Values: -92.375 -53.8125 -77.0625
01-07 19:31:55.112 I/System.out( 2757): Values: -91.8125 -53.4375 -78.125
01-07 19:31:56.113 I/System.out( 2757): Values: -92.1875 -53.375 -77.6875
01-07 19:31:57.114 I/System.out( 2757): Values: -92.6875 -54.8125 -77.3125
01-07 19:31:58.105 I/System.out( 2757): Values: -93.125 -54.125 -76.625
01-07 19:31:59.106 I/System.out( 2757): Values: -92.8125 -54.25 -77.875
01-07 19:32:00.117 I/System.out( 2757): Values: -92.75 -54.875 -75.75
01-07 19:32:01.108 I/System.out( 2757): Values: -92.8125 -55.375 -76.25
01-07 19:32:02.109 I/System.out( 2757): Values: -92.5 -55.3125 -75.75
01-07 19:32:03.110 I/System.out( 2757): Values: -92.375 -54.25 -76.4375
01-07 19:32:04.111 I/System.out( 2757): Values: -92.5625 -53.3125 -77.5625
01-07 19:32:05.102 D/dalvikvm( 1689): GC_EXPLICIT freed 1K, 28% free 10129K/13959K, paused 2ms+3ms
01-07 19:32:05.112 I/System.out( 2757): Values: -92.8125 -55.0625 -71.75
01-07 19:32:06.113 I/System.out( 2757): Values: -94.25 -55.5 -77.875
01-07 19:32:07.113 I/System.out( 2757): Values: -91.3125 -53.25 -76.5625
01-07 19:32:08.114 I/System.out( 2757): Values: -93.375 -54.75 -76.5625
01-07 19:32:09.115 I/System.out( 2757): Values: -92.0 -53.3125 -75.3125
01-07 19:32:10.116 I/System.out( 2757): Values: -92.125 -54.0625 -76.75
01-07 19:32:11.117 I/System.out( 2757): Values: -92.6875 -53.875 -77.4375
01-07 19:32:11.518 D/UsbnetService( 1590): BroadcastReceiver::onReceive+
01-07 19:32:11.518 D/UsbnetService( 1590): onReceive BATTERY_CHANGED
01-07 19:32:11.518 D/UsbnetService( 1590):  --> pluggedType = 0, mPluggedType = 0, mScreenOff = false
01-07 19:32:11.518 D/UsbnetService( 1590): BroadcastReceiver::onReceive-
01-07 19:32:11.528 D/NotificationService( 1590): mIntentReceiver() Intent.ACTION_BATTERY_CHANGED
01-07 19:32:11.538 D/BatteryService( 1590): SendIntentforPowersaver
01-07 19:32:11.548 D/BatteryService( 1590): Current powersaver status == NORMAL_STATUS1 4 2 false
01-07 19:32:11.548 D/RemoveMe( 1672): DCT got intent android.intent.action.BATTERY_CHANGED
01-07 19:32:11.558 D/RemoveMe( 1672): DCT got intent android.intent.action.BATTERY_CHANGED
01-07 19:32:11.558 D/RemoveMe( 1672): DCT got intent android.intent.action.BATTERY_CHANGED
01-07 19:32:11.558 D/PowerUI ( 1654): plugged = false, health = 2, mBatteryLevel = 100, mPluggedBatteryLevel = 98, mLowBatteryWarningLevel2 = 25, mshowLowChargingWarning2 = true
01-07 19:32:12.118 I/System.out( 2757): Values: -93.3125 -53.75 -78.125
01-07 19:32:13.119 I/System.out( 2757): Values: -92.9375 -53.5 -77.9375
01-07 19:32:14.120 I/System.out( 2757): Values: -93.4375 -54.1875 -77.5625
01-07 19:32:15.121 I/System.out( 2757): Values: -93.0625 -54.5 -75.875
01-07 19:32:16.122 I/System.out( 2757): Values: -93.4375 -54.25 -77.25
01-07 19:32:17.123 I/System.out( 2757): Values: -93.6875 -54.6875 -77.75
01-07 19:32:18.114 I/System.out( 2757): Values: -92.1875 -54.5625 -77.375
01-07 19:32:19.125 I/System.out( 2757): Values: -93.375 -55.0 -76.625
01-07 19:32:20.116 I/System.out( 2757): Values: -91.75 -54.125 -75.375
01-07 19:32:21.117 I/System.out( 2757): Values: -92.3125 -54.125 -76.0
01-07 19:32:22.118 I/System.out( 2757): Values: -93.0 -53.5625 -75.125
01-07 19:32:23.129 I/System.out( 2757): Values: -92.1875 -54.1875 -75.75
01-07 19:32:24.120 I/System.out( 2757): Values: -93.125 -54.25 -77.3125
01-07 19:32:25.121 I/System.out( 2757): Values: -93.0 -55.5625 -76.75
01-07 19:32:26.122 I/System.out( 2757): Values: -93.375 -55.5625 -78.625
01-07 19:32:27.123 I/System.out( 2757): Values: -92.625 -54.4375 -76.5
01-07 19:32:28.134 I/System.out( 2757): Values: -92.75 -55.3125 -77.1875
01-07 19:32:29.125 I/System.out( 2757): Values: -92.6875 -53.6875 -76.0
01-07 19:32:30.126 I/System.out( 2757): Values: -93.0625 -54.25 -77.8125
01-07 19:32:31.127 I/System.out( 2757): Values: -92.5 -53.8125 -77.8125
01-07 19:32:32.128 I/System.out( 2757): Values: -91.9375 -52.625 -76.0625
01-07 19:32:33.129 I/System.out( 2757): Values: -91.875 -53.5 -77.75
01-07 19:32:34.130 I/System.out( 2757): Values: -92.25 -53.125 -75.6875
01-07 19:32:35.131 I/System.out( 2757): Values: -91.3125 -54.125 -78.0625
01-07 19:32:36.132 I/System.out( 2757): Values: -93.0625 -55.125 -78.8125
01-07 19:32:37.133 I/System.out( 2757): Values: -92.5625 -55.5 -77.0625
01-07 19:32:38.134 I/System.out( 2757): Values: -92.0625 -54.25 -77.125
01-07 19:32:39.135 I/System.out( 2757): Values: -92.9375 -54.125 -77.9375
01-07 19:32:40.136 I/System.out( 2757): Values: -93.375 -53.4375 -77.3125
01-07 19:32:41.137 I/System.out( 2757): Values: -93.6875 -54.6875 -77.0
01-07 19:32:41.547 D/UsbnetService( 1590): BroadcastReceiver::onReceive+
01-07 19:32:41.547 D/UsbnetService( 1590): onReceive BATTERY_CHANGED
01-07 19:32:41.547 D/UsbnetService( 1590):  --> pluggedType = 0, mPluggedType = 0, mScreenOff = false
01-07 19:32:41.557 D/UsbnetService( 1590): BroadcastReceiver::onReceive-
01-07 19:32:41.557 D/NotificationService( 1590): mIntentReceiver() Intent.ACTION_BATTERY_CHANGED
01-07 19:32:41.567 D/BatteryService( 1590): SendIntentforPowersaver
01-07 19:32:41.577 D/BatteryService( 1590): Current powersaver status == NORMAL_STATUS1 4 2 false
01-07 19:32:41.577 D/PowerUI ( 1654): plugged = false, health = 2, mBatteryLevel = 100, mPluggedBatteryLevel = 98, mLowBatteryWarningLevel2 = 25, mshowLowChargingWarning2 = true
01-07 19:32:41.587 D/RemoveMe( 1672): DCT got intent android.intent.action.BATTERY_CHANGED
01-07 19:32:41.607 D/RemoveMe( 1672): DCT got intent android.intent.action.BATTERY_CHANGED
01-07 19:32:41.607 D/RemoveMe( 1672): DCT got intent android.intent.action.BATTERY_CHANGED
01-07 19:32:42.128 I/System.out( 2757): Values: -92.1875 -53.6875 -75.875
01-07 19:32:43.139 I/System.out( 2757): Values: -93.0625 -53.875 -77.5
01-07 19:32:44.130 I/System.out( 2757): Values: -92.75 -54.9375 -78.75
01-07 19:32:45.131 I/System.out( 2757): Values: -93.125 -54.4375 -76.625
01-07 19:32:46.132 I/System.out( 2757): Values: -92.4375 -54.625 -77.3125
01-07 19:32:47.133 I/System.out( 2757): Values: -93.4375 -54.0625 -77.4375
01-07 19:32:48.134 I/System.out( 2757): Values: -92.3125 -55.0625 -75.625
01-07 19:32:49.124 I/System.out( 2757): Values: -92.6875 -52.625 -76.1875
01-07 19:32:50.125 I/System.out( 2757): Values: -93.125 -53.6875 -76.6875
01-07 19:32:51.126 I/System.out( 2757): Values: -94.1875 -54.0 -76.6875
01-07 19:32:52.137 I/System.out( 2757): Values: -92.8125 -53.0 -78.3125
01-07 19:32:53.138 I/System.out( 2757): Values: -93.25 -53.5 -78.6875
01-07 19:32:54.139 I/System.out( 2757): Values: -93.25 -54.625 -75.9375
01-07 19:32:55.140 I/System.out( 2757): Values: -91.8125 -54.0 -78.3125
01-07 19:32:56.141 I/System.out( 2757): Values: -92.625 -53.6875 -78.1875
01-07 19:32:57.142 I/System.out( 2757): Values: -91.6875 -54.3125 -77.1875
01-07 19:32:58.143 I/System.out( 2757): Values: -92.9375 -53.6875 -76.125
01-07 19:32:59.144 I/System.out( 2757): Values: -94.0 -54.3125 -77.9375
01-07 19:33:00.135 I/System.out( 2757): Values: -92.3125 -53.9375 -73.125
01-07 19:33:01.136 I/System.out( 2757): Values: -93.3125 -53.5 -77.0
01-07 19:33:02.137 I/System.out( 2757): Values: -92.5 -53.6875 -76.625
01-07 19:33:03.138 I/System.out( 2757): Values: -93.875 -54.4375 -76.875
01-07 19:33:04.139 I/System.out( 2757): Values: -92.625 -54.0625 -78.3125
01-07 19:33:05.140 I/System.out( 2757): Values: -93.0625 -54.0 -77.5
01-07 19:33:06.141 I/System.out( 2757): Values: -92.875 -54.875 -77.3125
01-07 19:33:07.142 I/System.out( 2757): Values: -93.9375 -53.75 -77.875
01-07 19:33:08.143 I/System.out( 2757): Values: -91.625 -53.25 -76.5
01-07 19:33:09.144 I/System.out( 2757): Values: -92.1875 -54.4375 -77.0625
01-07 19:33:10.135 I/System.out( 2757): Values: -94.25 -54.0 -77.75
01-07 19:33:11.136 I/System.out( 2757): Values: -92.0625 -53.8125 -76.5
01-07 19:33:12.137 I/System.out( 2757): Values: -91.625 -53.25 -76.125
01-07 19:33:13.138 I/System.out( 2757): Values: -92.8125 -54.6875 -77.5625
01-07 19:33:14.149 I/System.out( 2757): Values: -92.75 -54.375 -76.8125
01-07 19:33:15.150 I/System.out( 2757): Values: -92.625 -55.0 -76.1875
01-07 19:33:16.151 I/System.out( 2757): Values: -93.6875 -54.3125 -76.5
01-07 19:33:17.142 I/System.out( 2757): Values: -93.9375 -54.875 -74.6875
01-07 19:33:18.143 I/System.out( 2757): Values: -92.9375 -53.375 -76.3125
01-07 19:33:19.144 I/System.out( 2757): Values: -92.875 -54.875 -77.0
01-07 19:33:20.145 I/System.out( 2757): Values: -92.6875 -53.75 -77.9375
01-07 19:33:21.146 I/System.out( 2757): Values: -93.1875 -53.0625 -76.125
01-07 19:33:22.147 I/System.out( 2757): Values: -92.9375 -54.625 -77.3125
01-07 19:33:23.148 I/System.out( 2757): Values: -93.5 -55.0 -78.125
01-07 19:33:24.149 I/System.out( 2757): Values: -93.8125 -55.5625 -78.125
01-07 19:33:25.150 I/System.out( 2757): Values: -93.6875 -54.3125 -77.6875
01-07 19:33:26.151 I/System.out( 2757): Values: -93.9375 -55.5 -77.3125
01-07 19:33:27.152 I/System.out( 2757): Values: -93.25 -54.5625 -76.25
01-07 19:33:28.153 I/System.out( 2757): Values: -91.875 -54.125 -77.8125
01-07 19:33:29.154 I/System.out( 2757): Values: -92.0625 -52.8125 -77.5
01-07 19:33:30.144 I/System.out( 2757): Values: -93.5625 -55.75 -76.125
01-07 19:33:31.145 I/System.out( 2757): Values: -93.375 -53.6875 -77.4375
01-07 19:33:32.156 I/System.out( 2757): Values: -93.5 -54.1875 -77.1875
01-07 19:33:33.147 I/System.out( 2757): Values: -92.6875 -53.9375 -77.625
01-07 19:33:34.148 I/System.out( 2757): Values: -92.1875 -53.6875 -77.5625
01-07 19:33:35.149 I/System.out( 2757): Values: -92.125 -54.375 -75.9375
01-07 19:33:36.150 I/System.out( 2757): Values: -92.3125 -55.875 -77.25
01-07 19:33:37.151 I/System.out( 2757): Values: -91.5625 -53.125 -76.6875
01-07 19:33:38.152 I/System.out( 2757): Values: -91.3125 -54.125 -76.5625
01-07 19:33:39.153 I/System.out( 2757): Values: -93.0 -53.8125 -76.75
01-07 19:33:40.144 I/System.out( 2757): Values: -92.5 -54.4375 -76.8125
01-07 19:33:41.155 I/System.out( 2757): Values: -93.1875 -53.0625 -77.125
01-07 19:33:42.146 I/System.out( 2757): Values: -92.875 -55.1875 -79.0
01-07 19:33:43.147 I/System.out( 2757): Values: -93.875 -55.5625 -76.375
01-07 19:33:44.158 I/System.out( 2757): Values: -92.875 -54.8125 -76.375
01-07 19:33:45.159 I/System.out( 2757): Values: -91.625 -53.9375 -76.625
01-07 19:33:46.160 I/System.out( 2757): Values: -93.0 -54.8125 -76.875
01-07 19:33:47.161 I/System.out( 2757): Values: -91.875 -53.375 -77.4375
01-07 19:33:48.162 I/System.out( 2757): Values: -92.5625 -55.375 -76.75
01-07 19:33:48.242 D/dalvikvm( 2757): GC_CONCURRENT freed 407K, 8% free 6553K/7111K, paused 6ms+3ms
01-07 19:33:49.163 I/System.out( 2757): Values: -92.4375 -54.1875 -78.3125
01-07 19:33:50.164 I/System.out( 2757): Values: -92.5625 -54.125 -76.625
01-07 19:33:51.155 I/System.out( 2757): Values: -93.25 -53.3125 -75.5625
01-07 19:33:52.166 I/System.out( 2757): Values: -92.25 -54.8125 -77.9375
01-07 19:33:53.157 I/System.out( 2757): Values: -93.625 -54.5625 -77.5
01-07 19:33:54.158 I/System.out( 2757): Values: -92.25 -53.9375 -77.0
01-07 19:33:55.159 I/System.out( 2757): Values: -93.625 -54.75 -77.25
01-07 19:33:56.160 I/System.out( 2757): Values: -93.375 -55.5625 -77.25
01-07 19:33:57.161 I/System.out( 2757): Values: -94.1875 -54.5625 -77.0
01-07 19:33:58.142 I/rmt_storage( 1458): rmt_storage open event
01-07 19:33:58.152 I/rmt_storage( 1458): rmt_storage events processing done
01-07 19:33:58.152 I/rmt_storage( 1458): rmt_storage client thread started 
01-07 19:33:58.152 I/rmt_storage( 1458): rmt_storage send user data event
01-07 19:33:58.152 I/rmt_storage( 1458): rmt_storage events processing done
01-07 19:33:58.152 I/rmt_storage( 1458): rmt_storage open event
01-07 19:33:58.152 I/rmt_storage( 1458): rmt_storage events processing done
01-07 19:33:58.162 I/rmt_storage( 1458): rmt_storage client thread started 
01-07 19:33:58.162 I/System.out( 2757): Values: -94.1875 -54.5 -76.0
01-07 19:33:58.172 I/rmt_storage( 1458): rmt_storage send user data event
01-07 19:33:58.172 I/rmt_storage( 1458): rmt_storage events processing done
01-07 19:33:58.172 I/rmt_storage( 1458): rmt_storage write event
01-07 19:33:58.172 I/rmt_storage( 1458): unblock rmt_storage client thread
01-07 19:33:58.172 I/rmt_storage( 1458): rmt_storage lseek...
01-07 19:33:58.172 I/rmt_storage( 1458): rmt_storage lseek ret = 0
01-07 19:33:58.172 I/rmt_storage( 1458): rmt_storage write buf = 0x40011000, num_sector = 6143
01-07 19:33:58.172 I/rmt_storage( 1458): rmt_storage events processing done
01-07 19:33:58.973 I/rmt_storage( 1458): rmt_storage write: bytes written = 3145216
01-07 19:33:58.973 I/rmt_storage( 1458): rmt_storage lseek...
01-07 19:33:58.973 I/rmt_storage( 1458): rmt_storage lseek ret = 6143
01-07 19:33:58.973 I/rmt_storage( 1458): rmt_storage write buf = 0x40310e00, num_sector = 1
01-07 19:33:58.983 I/rmt_storage( 1458): rmt_storage write: bytes written = 512
01-07 19:33:58.983 I/rmt_storage( 1458): rmt_storage status handle = 1
01-07 19:33:59.163 I/System.out( 2757): Values: -93.375 -54.1875 -76.9375
01-07 19:34:00.164 I/System.out( 2757): Values: -91.125 -55.0 -74.875
01-07 19:34:01.165 I/System.out( 2757): Values: -92.125 -53.5 -76.125
01-07 19:34:02.156 I/System.out( 2757): Values: -91.9375 -54.125 -75.0625
01-07 19:34:03.157 I/System.out( 2757): Values: -94.625 -54.25 -78.625
01-07 19:34:04.158 I/System.out( 2757): Values: -92.4375 -55.625 -78.3125
01-07 19:34:05.159 D/dalvikvm( 1689): GC_EXPLICIT freed 1K, 28% free 10129K/13959K, paused 11ms+4ms
01-07 19:34:05.159 I/System.out( 2757): Values: -93.125 -53.75 -74.5
01-07 19:34:06.160 I/System.out( 2757): Values: -91.8125 -52.8125 -76.1875
01-07 19:34:07.161 I/System.out( 2757): Values: -92.0625 -52.6875 -77.0
01-07 19:34:08.162 I/System.out( 2757): Values: -91.625 -54.0 -74.6875
01-07 19:34:09.163 I/System.out( 2757): Values: -92.75 -54.125 -77.5625
01-07 19:34:10.174 I/System.out( 2757): Values: -94.125 -54.3125 -77.5
01-07 19:34:11.175 I/System.out( 2757): Values: -92.6875 -54.9375 -76.625
01-07 19:34:11.615 D/UsbnetService( 1590): BroadcastReceiver::onReceive+
01-07 19:34:11.615 D/UsbnetService( 1590): onReceive BATTERY_CHANGED
01-07 19:34:11.615 D/UsbnetService( 1590):  --> pluggedType = 0, mPluggedType = 0, mScreenOff = false
01-07 19:34:11.615 D/UsbnetService( 1590): BroadcastReceiver::onReceive-
01-07 19:34:11.615 D/NotificationService( 1590): mIntentReceiver() Intent.ACTION_BATTERY_CHANGED
01-07 19:34:11.625 D/BatteryService( 1590): SendIntentforPowersaver
01-07 19:34:11.635 D/BatteryService( 1590): Current powersaver status == NORMAL_STATUS1 4 2 false
01-07 19:34:11.645 D/RemoveMe( 1672): DCT got intent android.intent.action.BATTERY_CHANGED
01-07 19:34:11.645 D/RemoveMe( 1672): DCT got intent android.intent.action.BATTERY_CHANGED
01-07 19:34:11.645 D/RemoveMe( 1672): DCT got intent android.intent.action.BATTERY_CHANGED
01-07 19:34:11.645 D/PowerUI ( 1654): plugged = false, health = 2, mBatteryLevel = 100, mPluggedBatteryLevel = 98, mLowBatteryWarningLevel2 = 25, mshowLowChargingWarning2 = true
01-07 19:34:12.165 I/System.out( 2757): Values: -93.3125 -54.25 -75.875
01-07 19:34:13.166 I/System.out( 2757): Values: -93.125 -54.4375 -76.8125
01-07 19:34:14.167 I/System.out( 2757): Values: -94.0625 -53.3125 -78.0625
01-07 19:34:15.168 I/System.out( 2757): Values: -93.875 -54.5625 -76.75
01-07 19:34:16.169 I/System.out( 2757): Values: -93.3125 -55.1875 -78.8125
01-07 19:34:17.170 I/System.out( 2757): Values: -93.625 -54.9375 -78.75
01-07 19:34:18.171 I/System.out( 2757): Values: -92.1875 -53.8125 -78.0
01-07 19:34:19.172 I/System.out( 2757): Values: -91.875 -54.4375 -77.4375
01-07 19:34:20.173 I/System.out( 2757): Values: -92.625 -54.875 -76.375
01-07 19:34:21.174 I/System.out( 2757): Values: -92.75 -54.0625 -76.125
01-07 19:34:22.165 I/System.out( 2757): Values: -93.9375 -55.125 -77.0625
01-07 19:34:23.166 I/System.out( 2757): Values: -92.375 -53.0625 -76.25
01-07 19:34:24.167 I/System.out( 2757): Values: -94.375 -54.875 -77.625
01-07 19:34:25.168 I/System.out( 2757): Values: -93.125 -54.5625 -77.125
01-07 19:34:26.169 I/System.out( 2757): Values: -92.5 -55.3125 -78.0
01-07 19:34:27.170 I/System.out( 2757): Values: -93.3125 -54.75 -77.3125
01-07 19:34:28.171 I/System.out( 2757): Values: -92.625 -52.4375 -76.0625
01-07 19:34:29.172 I/System.out( 2757): Values: -92.0625 -53.9375 -76.625
01-07 19:34:30.173 I/System.out( 2757): Values: -94.625 -54.9375 -77.9375
01-07 19:34:31.174 I/System.out( 2757): Values: -90.625 -52.75 -76.625
01-07 19:34:32.165 I/System.out( 2757): Values: -94.25 -55.0 -78.0625
01-07 19:34:33.166 I/System.out( 2757): Values: -93.5625 -54.5625 -76.8125
01-07 19:34:34.167 I/System.out( 2757): Values: -93.125 -53.5 -76.625
01-07 19:34:35.168 I/System.out( 2757): Values: -92.875 -53.875 -75.1875
01-07 19:34:36.169 I/System.out( 2757): Values: -92.6875 -54.0 -75.1875
01-07 19:34:37.170 I/System.out( 2757): Values: -93.5 -54.375 -76.6875
01-07 19:34:38.171 I/System.out( 2757): Values: -92.6875 -54.3125 -77.5
01-07 19:34:39.172 I/System.out( 2757): Values: -92.0 -53.75 -76.375
01-07 19:34:40.173 I/System.out( 2757): Values: -92.6875 -54.0 -75.1875
01-07 19:34:41.174 I/System.out( 2757): Values: -92.6875 -55.125 -77.6875
01-07 19:34:41.644 D/UsbnetService( 1590): BroadcastReceiver::onReceive+
01-07 19:34:41.644 D/UsbnetService( 1590): onReceive BATTERY_CHANGED
01-07 19:34:41.644 D/UsbnetService( 1590):  --> pluggedType = 0, mPluggedType = 0, mScreenOff = false
01-07 19:34:41.644 D/UsbnetService( 1590): BroadcastReceiver::onReceive-
01-07 19:34:41.644 D/NotificationService( 1590): mIntentReceiver() Intent.ACTION_BATTERY_CHANGED
01-07 19:34:41.644 V/NotificationService( 1590): dual Led off
01-07 19:34:41.654 D/BatteryService( 1590): SendIntentforPowersaver
01-07 19:34:41.654 D/lights  ( 1590): [LedInfo] write attr ok name=/sys/class/leds/amber/brightness string=0,len=1
01-07 19:34:41.664 D/lights  ( 1590): [LedInfo] write attr ok name=/sys/class/leds/amber/blink string=0,len=1
01-07 19:34:41.664 D/lights  ( 1590): [LedInfo] write attr ok name=/sys/class/leds/amber/off_timer string=0 0,len=3
01-07 19:34:41.664 D/BatteryService( 1590): Current powersaver status == NORMAL_STATUS1 4 2 false
01-07 19:34:41.674 D/lights  ( 1590): [LedInfo] write attr ok name=/sys/class/leds/green/brightness string=0,len=1
01-07 19:34:41.674 D/lights  ( 1590): [LedInfo] write attr ok name=/sys/class/leds/green/blink string=0,len=1
01-07 19:34:41.674 D/PowerUI ( 1654): plugged = false, health = 2, mBatteryLevel = 99, mPluggedBatteryLevel = 98, mLowBatteryWarningLevel2 = 25, mshowLowChargingWarning2 = true
01-07 19:34:41.684 D/RemoveMe( 1672): DCT got intent android.intent.action.BATTERY_CHANGED
01-07 19:34:41.684 D/lights  ( 1590): [LedInfo] write attr ok name=/sys/class/leds/green/off_timer string=0 0,len=3
01-07 19:34:41.694 D/RemoveMe( 1672): DCT got intent android.intent.action.BATTERY_CHANGED
01-07 19:34:41.694 D/RemoveMe( 1672): DCT got intent android.intent.action.BATTERY_CHANGED
01-07 19:34:42.175 I/System.out( 2757): Values: -92.8125 -53.4375 -76.0625
01-07 19:34:42.175 I/System.out( 2757): Battery level start is reached
01-07 19:34:43.176 I/System.out( 2757): Values: -93.375 -54.625 -77.125
01-07 19:34:44.177 I/System.out( 2757): Values: -93.25 -55.25 -77.6875
01-07 19:34:45.178 I/System.out( 2757): Values: -92.6875 -53.375 -78.125
01-07 19:34:46.179 I/System.out( 2757): Values: -93.1875 -54.625 -77.0625
01-07 19:34:47.180 I/System.out( 2757): Values: -92.75 -54.1875 -76.125
01-07 19:34:48.181 I/System.out( 2757): Values: -93.4375 -54.1875 -78.1875
01-07 19:34:49.182 I/System.out( 2757): Values: -91.1875 -54.625 -74.6875
01-07 19:34:50.183 I/System.out( 2757): Values: -93.0 -53.875 -77.875
01-07 19:34:51.184 I/System.out( 2757): Values: -92.875 -55.5 -77.5
01-07 19:34:52.175 I/System.out( 2757): Values: -92.875 -54.875 -77.3125
01-07 19:34:53.176 I/System.out( 2757): Values: -93.8125 -54.25 -78.4375
01-07 19:34:54.186 I/System.out( 2757): Values: -92.875 -55.0625 -77.1875
01-07 19:34:55.187 I/System.out( 2757): Values: -93.125 -55.0 -77.5
01-07 19:34:56.188 I/System.out( 2757): Values: -93.375 -55.0 -77.8125
01-07 19:34:57.189 I/System.out( 2757): Values: -93.0625 -53.875 -77.375
01-07 19:34:58.190 I/System.out( 2757): Values: -92.9375 -54.375 -77.25
01-07 19:34:59.191 I/System.out( 2757): Values: -92.125 -55.0 -77.375
01-07 19:35:00.182 D/dalvikvm( 1590): GC_CONCURRENT freed 1990K, 12% free 15781K/17927K, paused 9ms+5ms
01-07 19:35:00.192 I/System.out( 2757): Values: -92.75 -54.5625 -71.1875
01-07 19:35:01.193 I/System.out( 2757): Values: -93.8125 -54.3125 -76.8125
01-07 19:35:02.194 I/System.out( 2757): Values: -93.1875 -56.0 -77.375
01-07 19:35:03.185 I/System.out( 2757): Values: -93.75 -54.5 -77.8125
01-07 19:35:04.186 I/System.out( 2757): Values: -93.75 -54.9375 -77.3125
01-07 19:35:05.187 I/System.out( 2757): Values: -94.25 -54.4375 -78.0625
01-07 19:35:06.188 I/System.out( 2757): Values: -93.125 -53.375 -78.125
01-07 19:35:07.189 I/System.out( 2757): Values: -93.6875 -55.75 -76.875
01-07 19:35:08.190 I/System.out( 2757): Values: -92.6875 -54.8125 -77.8125
01-07 19:35:09.191 I/System.out( 2757): Values: -92.0 -53.4375 -76.5625
01-07 19:35:10.192 I/System.out( 2757): Values: -94.0625 -54.3125 -77.9375
01-07 19:35:11.193 I/System.out( 2757): Values: -93.3125 -54.625 -77.8125
01-07 19:35:11.674 D/UsbnetService( 1590): BroadcastReceiver::onReceive+
01-07 19:35:11.674 D/UsbnetService( 1590): onReceive BATTERY_CHANGED
01-07 19:35:11.674 D/UsbnetService( 1590):  --> pluggedType = 0, mPluggedType = 0, mScreenOff = false
01-07 19:35:11.674 D/UsbnetService( 1590): BroadcastReceiver::onReceive-
01-07 19:35:11.684 D/BatteryService( 1590): SendIntentforPowersaver
01-07 19:35:11.684 D/NotificationService( 1590): mIntentReceiver() Intent.ACTION_BATTERY_CHANGED
01-07 19:35:11.694 D/BatteryService( 1590): Current powersaver status == NORMAL_STATUS1 4 2 false
01-07 19:35:11.704 D/RemoveMe( 1672): DCT got intent android.intent.action.BATTERY_CHANGED
01-07 19:35:11.704 D/RemoveMe( 1672): DCT got intent android.intent.action.BATTERY_CHANGED
01-07 19:35:11.704 D/RemoveMe( 1672): DCT got intent android.intent.action.BATTERY_CHANGED
01-07 19:35:11.704 D/PowerUI ( 1654): plugged = false, health = 2, mBatteryLevel = 99, mPluggedBatteryLevel = 98, mLowBatteryWarningLevel2 = 25, mshowLowChargingWarning2 = true
01-07 19:35:12.194 I/System.out( 2757): Values: -93.125 -54.25 -78.3125
01-07 19:35:13.185 I/System.out( 2757): Values: -91.8125 -54.1875 -78.1875
01-07 19:35:14.186 I/System.out( 2757): Values: -93.0625 -54.1875 -78.5625
01-07 19:35:15.187 I/System.out( 2757): Values: -91.375 -53.9375 -76.875
01-07 19:35:16.188 I/System.out( 2757): Values: -92.9375 -54.8125 -77.875
01-07 19:35:17.189 I/System.out( 2757): Values: -92.0625 -54.0 -76.1875
01-07 19:35:18.190 I/System.out( 2757): Values: -93.9375 -54.0 -78.5
01-07 19:35:19.191 I/System.out( 2757): Values: -93.5 -54.5625 -77.6875
01-07 19:35:20.202 I/System.out( 2757): Values: -92.4375 -54.5 -77.1875
01-07 19:35:21.203 I/System.out( 2757): Values: -92.75 -54.75 -76.5625
01-07 19:35:22.204 I/System.out( 2757): Values: -93.75 -53.8125 -77.0
01-07 19:35:23.205 I/System.out( 2757): Values: -93.4375 -54.0625 -76.25
01-07 19:35:24.206 I/System.out( 2757): Values: -93.3125 -55.4375 -78.0625
01-07 19:35:25.197 I/System.out( 2757): Values: -92.5 -53.5625 -76.4375
01-07 19:35:26.198 I/System.out( 2757): Values: -92.1875 -53.8125 -77.5625
01-07 19:35:27.199 I/System.out( 2757): Values: -92.5625 -52.1875 -76.125
01-07 19:35:28.200 I/System.out( 2757): Values: -92.875 -54.75 -77.625
01-07 19:35:29.201 I/System.out( 2757): Values: -93.25 -53.9375 -76.6875
01-07 19:35:30.202 I/System.out( 2757): Values: -92.6875 -53.875 -77.8125
01-07 19:35:31.203 I/System.out( 2757): Values: -93.375 -54.5 -78.25
01-07 19:35:32.204 I/System.out( 2757): Values: -93.6875 -54.25 -78.8125
01-07 19:35:33.205 I/System.out( 2757): Values: -92.0 -54.1875 -78.375
01-07 19:35:34.196 I/System.out( 2757): Values: -91.9375 -53.25 -76.4375
01-07 19:35:35.196 I/System.out( 2757): Values: -92.375 -54.6875 -76.375
01-07 19:35:36.197 I/System.out( 2757): Values: -93.0625 -54.4375 -78.1875
01-07 19:35:37.208 I/System.out( 2757): Values: -91.75 -53.5625 -75.25
01-07 19:35:38.199 I/System.out( 2757): Values: -92.5 -55.25 -76.8125
01-07 19:35:39.200 I/System.out( 2757): Values: -91.9375 -53.9375 -78.5625
01-07 19:35:40.201 I/System.out( 2757): Values: -92.625 -55.4375 -77.1875
01-07 19:35:41.202 I/System.out( 2757): Values: -92.5625 -55.625 -77.25
01-07 19:35:42.203 I/System.out( 2757): Values: -93.6875 -54.6875 -78.5625
01-07 19:35:43.204 I/System.out( 2757): Values: -92.0 -53.125 -76.375
01-07 19:35:44.205 I/System.out( 2757): Values: -92.9375 -54.125 -78.125
01-07 19:35:45.206 I/System.out( 2757): Values: -92.75 -54.1875 -76.4375
01-07 19:35:46.197 I/System.out( 2757): Values: -92.875 -55.25 -76.5
01-07 19:35:47.198 I/System.out( 2757): Values: -92.125 -52.1875 -76.9375
01-07 19:35:48.199 I/System.out( 2757): Values: -92.5 -52.625 -77.625
01-07 19:35:49.200 I/System.out( 2757): Values: -92.25 -53.5 -76.8125
01-07 19:35:50.201 I/System.out( 2757): Values: -94.375 -54.1875 -78.3125
01-07 19:35:51.212 I/System.out( 2757): Values: -93.75 -54.375 -77.0
01-07 19:35:52.213 I/System.out( 2757): Values: -92.1875 -53.75 -75.6875
01-07 19:35:53.204 I/System.out( 2757): Values: -92.9375 -54.0 -77.75
01-07 19:35:54.215 I/System.out( 2757): Values: -92.9375 -53.875 -76.9375
01-07 19:35:55.206 I/System.out( 2757): Values: -93.1875 -53.6875 -77.25
01-07 19:35:56.207 I/System.out( 2757): Values: -91.5625 -52.875 -76.1875
01-07 19:35:57.208 I/System.out( 2757): Values: -93.9375 -54.625 -77.125
01-07 19:35:58.209 I/System.out( 2757): Values: -93.0625 -53.5625 -77.9375
01-07 19:35:59.210 I/System.out( 2757): Values: -91.3125 -54.375 -75.375
01-07 19:36:00.211 I/System.out( 2757): Values: -93.375 -54.125 -77.75
01-07 19:36:01.212 I/System.out( 2757): Values: -93.4375 -54.9375 -76.375
01-07 19:36:02.213 I/System.out( 2757): Values: -93.25 -53.6875 -76.5625
01-07 19:36:03.214 I/System.out( 2757): Values: -92.4375 -54.0625 -76.5625
01-07 19:36:04.205 I/System.out( 2757): Values: -93.6875 -55.125 -77.5
01-07 19:36:04.735 D/SntpClient( 1590): requestTime: called by Thread[ThrottleService,5,main], failed: java.net.UnknownHostException: Unable to resolve host "north-america.pool.ntp.org": No address associated with hostname
01-07 19:36:04.745 D/NetdConnector( 1590): listenToSocket read--: (6,0)
01-07 19:36:04.745 D/NetdConnector( 1590): RCV <- {216 0}
01-07 19:36:04.755 D/NetdConnector( 1590): doCommand++ (Wait Response)
01-07 19:36:04.755 D/NetdConnector( 1590): listenToSocket read++
01-07 19:36:04.755 D/NetdConnector( 1590): RSP <- {216 0}
01-07 19:36:04.765 D/NetdConnector( 1590): miNoRespCnt=0
01-07 19:36:04.765 D/NetdConnector( 1590): doCommand-- (complete)
01-07 19:36:04.765 D/NetdConnector( 1590): listenToSocket read--: (6,0)
01-07 19:36:04.765 D/NetdConnector( 1590): doCommand++ (Wait Response)
01-07 19:36:04.775 D/NetdConnector( 1590): RCV <- {217 0}
01-07 19:36:04.775 D/NetdConnector( 1590): RSP <- {217 0}
01-07 19:36:04.775 D/NetdConnector( 1590): listenToSocket read++
01-07 19:36:04.775 D/NetdConnector( 1590): miNoRespCnt=0
01-07 19:36:04.775 D/NetdConnector( 1590): doCommand-- (complete)
01-07 19:36:04.785 D/SntpClient( 1590): requestTime: called by Thread[ThrottleService,5,main], failed: java.net.UnknownHostException: Unable to resolve host "north-america.pool.ntp.org": No address associated with hostname
01-07 19:36:04.785 D/SntpClient( 1590): requestTime: called by Thread[ThrottleService,5,main], failed: java.net.UnknownHostException: Unable to resolve host "north-america.pool.ntp.org": No address associated with hostname
01-07 19:36:05.206 I/System.out( 2757): Values: -92.4375 -54.625 -76.8125
01-07 19:36:06.217 I/System.out( 2757): Values: -91.5625 -53.25 -77.3125
01-07 19:36:07.208 I/System.out( 2757): Values: -93.125 -53.4375 -76.5
01-07 19:36:08.209 I/System.out( 2757): Values: -92.375 -54.6875 -75.75
01-07 19:36:09.210 I/System.out( 2757): Values: -92.5 -54.125 -76.125
01-07 19:36:09.830 D/dalvikvm( 1689): GC_EXPLICIT freed 1K, 28% free 10129K/13959K, paused 9ms+2ms
01-07 19:36:10.211 I/System.out( 2757): Values: -93.4375 -54.8125 -77.75
01-07 19:36:11.212 I/System.out( 2757): Values: -93.6875 -54.6875 -76.8125
01-07 19:36:12.213 I/System.out( 2757): Values: -91.3125 -53.375 -77.125
01-07 19:36:13.214 I/System.out( 2757): Values: -93.1875 -54.75 -77.375
01-07 19:36:14.215 I/System.out( 2757): Values: -93.6875 -53.875 -77.25
01-07 19:36:15.206 I/System.out( 2757): Values: -93.25 -54.125 -76.875
01-07 19:36:16.217 I/System.out( 2757): Values: -92.75 -54.5 -77.125
01-07 19:36:17.217 I/System.out( 2757): Values: -92.625 -54.1875 -76.875
01-07 19:36:18.208 I/System.out( 2757): Values: -92.875 -54.3125 -77.875
01-07 19:36:19.219 I/System.out( 2757): Values: -93.6875 -54.3125 -76.0625
01-07 19:36:20.220 I/System.out( 2757): Values: -92.8125 -54.875 -76.75
01-07 19:36:21.221 I/System.out( 2757): Values: -93.25 -53.6875 -76.75
01-07 19:36:22.222 I/System.out( 2757): Values: -93.8125 -54.875 -76.125
01-07 19:36:23.223 I/System.out( 2757): Values: -91.875 -53.125 -76.625
01-07 19:36:24.214 I/System.out( 2757): Values: -92.4375 -54.25 -76.0625
01-07 19:36:25.225 I/System.out( 2757): Values: -92.875 -54.125 -75.6875
01-07 19:36:26.216 I/System.out( 2757): Values: -92.8125 -54.9375 -77.6875
01-07 19:36:27.217 I/System.out( 2757): Values: -93.8125 -55.0 -78.375
01-07 19:36:28.218 I/System.out( 2757): Values: -92.0625 -52.625 -76.3125
01-07 19:36:29.219 I/System.out( 2757): Values: -94.0625 -54.4375 -77.375
01-07 19:36:30.220 I/System.out( 2757): Values: -92.625 -54.5625 -78.3125
01-07 19:36:31.221 I/System.out( 2757): Values: -94.125 -54.5625 -77.6875
01-07 19:36:32.222 I/System.out( 2757): Values: -93.9375 -55.625 -78.125
01-07 19:36:33.223 I/System.out( 2757): Values: -92.375 -53.875 -76.0625
01-07 19:36:34.224 I/System.out( 2757): Values: -93.375 -54.4375 -76.125
01-07 19:36:35.215 I/System.out( 2757): Values: -93.25 -54.1875 -77.4375
01-07 19:36:36.216 I/System.out( 2757): Values: -93.625 -53.625 -76.875
01-07 19:36:37.217 I/System.out( 2757): Values: -94.0 -54.75 -76.8125
01-07 19:36:38.228 I/System.out( 2757): Values: -93.8125 -54.25 -79.125
01-07 19:36:39.219 I/System.out( 2757): Values: -92.75 -53.5625 -77.5625
01-07 19:36:40.220 I/System.out( 2757): Values: -93.0 -55.0625 -77.375
01-07 19:36:41.221 I/System.out( 2757): Values: -93.75 -54.6875 -77.3125
01-07 19:36:41.751 D/UsbnetService( 1590): BroadcastReceiver::onReceive+
01-07 19:36:41.751 D/UsbnetService( 1590): onReceive BATTERY_CHANGED
01-07 19:36:41.751 D/UsbnetService( 1590):  --> pluggedType = 0, mPluggedType = 0, mScreenOff = false
01-07 19:36:41.751 D/UsbnetService( 1590): BroadcastReceiver::onReceive-
01-07 19:36:41.751 D/NotificationService( 1590): mIntentReceiver() Intent.ACTION_BATTERY_CHANGED
01-07 19:36:41.761 D/BatteryService( 1590): SendIntentforPowersaver
01-07 19:36:41.771 D/BatteryService( 1590): Current powersaver status == NORMAL_STATUS1 4 2 false
01-07 19:36:41.771 D/PowerUI ( 1654): plugged = false, health = 2, mBatteryLevel = 99, mPluggedBatteryLevel = 98, mLowBatteryWarningLevel2 = 25, mshowLowChargingWarning2 = true
01-07 19:36:41.781 D/RemoveMe( 1672): DCT got intent android.intent.action.BATTERY_CHANGED
01-07 19:36:41.781 D/RemoveMe( 1672): DCT got intent android.intent.action.BATTERY_CHANGED
01-07 19:36:41.781 D/RemoveMe( 1672): DCT got intent android.intent.action.BATTERY_CHANGED
01-07 19:36:42.222 I/System.out( 2757): Values: -93.0625 -54.125 -77.5
01-07 19:36:43.233 I/System.out( 2757): Values: -93.125 -54.5 -77.3125
01-07 19:36:44.234 I/System.out( 2757): Values: -93.3125 -53.1875 -77.0
01-07 19:36:45.225 I/System.out( 2757): Values: -93.1875 -54.5625 -77.3125
01-07 19:36:46.226 I/System.out( 2757): Values: -93.375 -55.375 -77.5625
01-07 19:36:47.227 I/System.out( 2757): Values: -92.75 -53.625 -77.8125
01-07 19:36:48.228 I/System.out( 2757): Values: -92.9375 -54.6875 -77.9375
01-07 19:36:49.229 I/System.out( 2757): Values: -93.3125 -53.75 -77.8125
01-07 19:36:50.230 I/System.out( 2757): Values: -92.8125 -53.6875 -76.375
01-07 19:36:51.231 I/System.out( 2757): Values: -92.5 -53.375 -77.3125
