01-07 19:43:28.168 I/Watch   ( 3131): Config initializePho 1 encrypt+Base64(URL_SAFE) phoneID = ew7e5orPDwa+//VMFJokJ8JR3JtLhIvxQCmEH35a0l33bqm/Es3bF9SQIugvk7iYF43d6y8Pal57hSZ4d8FS0S6YgIFcSKHF04mEl1Ahl3zcAeibFoVmYeo1+9gbIj+lx7kb2s2my3oiu1J1DlZpldesJNAEKXDSE8e5fu7VpnU=
01-07 19:43:28.178 D/dalvikvm( 3131): GC_CONCURRENT freed 409K, 8% free 6731K/7239K, paused 1ms+1ms
01-07 19:43:28.198 W/com.sdgtl.common.utils( 3131): Config key [ALLOWED_TERRITORIES] not found
01-07 19:43:28.198 W/com.sdgtl.common.utils( 3131): Config key [DEVICE_CID] not found
01-07 19:43:28.198 V/Watch   ( 3131): PreferenceUtils      1 getAplicableStoreFront0 returning cached value
01-07 19:43:28.198 D/Watch   ( 3131): StoreFront           1 getNetworksForStreaming = NETWORK_TYPE_4G
01-07 19:43:28.198 D/Watch   ( 3131): StoreFront           1 getNetworksForDownload = NETWORK_TYPE_4G
01-07 19:43:28.208 I/Watch   ( 3131): PreferenceUtils      1 StoreFront stream = 4G, download =4G
01-07 19:43:28.208 W/com.sdgtl.common.utils( 3131): Config key [FAKE_STREAMING_TYPE] not found
01-07 19:43:28.208 W/com.sdgtl.common.utils( 3131): Config key [FAKE_DOWNLOAD_TYPE] not found
01-07 19:43:28.208 I/Watch   ( 3131): PreferenceUtils      1 setAllowedNetworks stream 4G
01-07 19:43:28.208 I/Watch   ( 3131): PreferenceUtils      1 setAllowedNetworks download 4G
01-07 19:43:28.208 I/Watch   ( 3131): Config               1 Setting userAgent = com.sdgtl.watch.flyer/2.1.2120412326.191140 (build:201191140; model:HTC Flyer P510e; device:flyer; mcc:; mnc:; modeLite:false; fp:htc_wwe/htc_flyer/flyer:3.2.1/HTK75C/205068.1:user/release-keys; cid:HTC__001; appId:com.sdgtl.watch.flyer_hc)
01-07 19:43:28.218 D/SmsReceiver( 3058): Don't handle ACTION_SIM_STATE_CHANGED not ready action 
01-07 19:43:28.228 D/ExchangePolicystatus( 3058): onReceive()
01-07 19:43:28.228 I/ActivityManager( 1590): Start proc com.htc.messagecs for broadcast com.htc.messagecs/.MessageCSReceiver: pid=3185 uid=10063 gids={1015, 3003}
01-07 19:43:28.278 I/ActivityThread( 3185): Pub com.htc.messagecs.provider: com.htc.messagecs.provider.MessageCSProvider
01-07 19:43:28.278 D/SqliteDatabaseCpp( 3185): dbopen(): path = /data/data/com.htc.messagecs/databases , key = mewwYcegw, flag = 6, file size = 14336
01-07 19:43:28.278 D/SqliteDatabaseCpp( 3185): dbopen(): path = /data/data/com.htc.messagecs/databases , key = mewwYcegw, mode: delete, disk free size: 7859 M, handle: 0x15d780
01-07 19:43:28.298 D/AutoSetting( 2979): receiver - intent: android.intent.action.SIM_STATE_CHANGED
01-07 19:43:28.298 D/AutoSetting( 2979): receiver - flag: SIM state ABSENT
01-07 19:43:28.298 D/AutoSetting( 2979): service - onStartCommand() action: com.htc.app.autosetting.timezoneupdate
01-07 19:43:28.298 D/AutoSetting( 2979): service - onStartCommand() SIM state: ABSENT
01-07 19:43:28.298 I/ActivityManager( 1590): Start proc com.google.android.partnersetup for broadcast com.google.android.partnersetup/.PhoneStateReceiver: pid=3193 uid=10081 gids={3003}
01-07 19:43:28.328 I/ActivityThread( 3193): Pub com.google.android.partnersetup.rlzprovider: com.google.android.partnersetup.RlzProvider
01-07 19:43:28.328 I/ActivityThread( 3193): Pub com.google.android.partnersetup.rlzappprovider: com.google.android.partnersetup.RlzAppProvider
01-07 19:43:28.388 D/dalvikvm( 2959): GC_EXPLICIT freed 3K, 9% free 7016K/7687K, paused 1ms+1ms
01-07 19:43:28.428 D/dalvikvm( 2959): GC_EXPLICIT freed 1K, 9% free 7016K/7687K, paused 1ms+2ms
01-07 19:43:28.478 D/androidNlpServiceThread( 1720): updateState: shouldBeEnabled false shouldBeRunning false
01-07 19:43:28.568 D/androidNlpServiceThread( 1720): updateState: shouldBeEnabled false shouldBeRunning false
01-07 19:43:28.678 D/androidNlpServiceThread( 1720): updateState: shouldBeEnabled false shouldBeRunning false
01-07 19:43:28.789 D/androidNlpServiceThread( 1720): updateState: shouldBeEnabled false shouldBeRunning false
01-07 19:43:28.879 D/androidNlpServiceThread( 1720): updateState: shouldBeEnabled false shouldBeRunning false
01-07 19:43:28.899 D/UsbnetService( 1590): BroadcastReceiver::onReceive+
01-07 19:43:28.899 D/UsbnetService( 1590): onReceive BATTERY_CHANGED
01-07 19:43:28.899 D/UsbnetService( 1590):  --> pluggedType = 2, mPluggedType = 0, mScreenOff = false
01-07 19:43:28.899 D/UsbnetService( 1590): BroadcastReceiver::onReceive-
01-07 19:43:28.899 D/RemoveMe( 1672): DCT got intent android.intent.action.BATTERY_CHANGED
01-07 19:43:28.899 D/RemoveMe( 1672): DCT got intent android.intent.action.BATTERY_CHANGED
01-07 19:43:28.899 D/RemoveMe( 1672): DCT got intent android.intent.action.BATTERY_CHANGED
01-07 19:43:28.899 D/NotificationService( 1590): mIntentReceiver() Intent.ACTION_BATTERY_CHANGED
01-07 19:43:28.899 D/PowerUI ( 1654): closing low battery warning: level=98
01-07 19:43:28.899 D/PowerUI ( 1654): plugged = true, health = 2, mBatteryLevel = 98, mPluggedBatteryLevel = 98, mLowBatteryWarningLevel2 = 25, mshowLowChargingWarning2 = true
01-07 19:43:28.909 D/BatteryService( 1590): SendIntentforPowersaver
01-07 19:43:28.909 D/BatteryService( 1590): Current powersaver status == NORMAL_STATUS1 2 2 false
01-07 19:43:28.989 D/androidNlpServiceThread( 1720): updateState: shouldBeEnabled false shouldBeRunning false
01-07 19:43:29.099 D/androidNlpServiceThread( 1720): updateState: shouldBeEnabled false shouldBeRunning false
01-07 19:43:29.109 D/SIMStateChangeReceiver( 3140): SIM state: ABSENT
01-07 19:43:29.109 I/ActivityManager( 1590): Start proc com.android.browser for broadcast com.android.browser/.htc.util.HTCBrowserCustomizationChangeReceiver: pid=3202 uid=10094 gids={3003, 1015}
01-07 19:43:29.129 I/ActivityManager( 1590): No longer want com.htc.music:mediaplaybackservice (pid 2972): hidden #16
01-07 19:43:29.159 I/ActivityThread( 3202): Pub com.android.browser;browser: com.android.browser.provider.BrowserProvider2
01-07 19:43:29.159 I/ActivityThread( 3202): Pub htcbrowser.currenturlprovider: com.android.browser.CurrentUrlProvider
01-07 19:43:29.159 I/ActivityThread( 3202): Pub com.android.browser.home: com.android.browser.homepages.HomeProvider
01-07 19:43:29.159 I/ActivityThread( 3202): Pub com.android.browser.htc.bookmarks.BookmarkCarouselProvider: com.android.browser.htc.BookmarkCarouselProvider
01-07 19:43:29.169 I/ActivityThread( 3202): Pub com.android.browser.htc.util.BrowserPrintProvider: com.android.browser.htc.util.BrowserPrintProvider
01-07 19:43:29.169 I/ActivityThread( 3202): Pub htcbrowser: com.android.browser.htc.util.ShareImageProvider
01-07 19:43:29.169 D/SqliteDatabaseCpp( 3202): dbopen(): path = /data/data/com.android.browser/databases , key = sefraes, flag = 6, file size = 14336
01-07 19:43:29.169 D/SqliteDatabaseCpp( 3202): dbopen(): path = /data/data/com.android.browser/databases , key = sefraes, mode: wal, disk free size: 7859 M, handle: 0xd8cc0
01-07 19:43:29.179 V/HTCBrowserCustomizationChangeReceiver( 3202): Intent received: android.intent.action.SIM_STATE_CHANGED, Extra: ABSENT
01-07 19:43:29.179 I/ActivityManager( 1590): No longer want com.google.android.apps.maps (pid 3014): hidden #16
01-07 19:43:29.219 D/SqliteDatabaseCpp( 3202): dbopen(): path = /data/data/com.android.browser/databases , key = Yutkball, flag = 6, file size = 4096
01-07 19:43:29.259 D/SqliteDatabaseCpp( 3202): dbopen(): path = /data/data/com.android.browser/databases , key = Yutkball, mode: delete, disk free size: 7859 M, handle: 0x1cf068
01-07 19:43:29.269 D/SqliteDatabaseCpp( 3202): dbclose(): path = /data/data/com.android.browser/databases/autofill.db, handle = 0x1cf068
01-07 19:43:32.762 D/MyReportAgent( 3150): ReportService [##] onDestroy(), this =com.htc.reportagent.ReportService@4067f940
01-07 19:43:32.772 D/MyReportAgent( 3150): ReportServiceHandler [##] call stopSelfResult() startId = 1, reurn true
01-07 19:43:32.772 I/ActivityManager( 1590): No longer want com.htc.android.worldclock (pid 3040): hidden #16
01-07 19:43:34.254 D/dalvikvm( 2838): GC_EXPLICIT freed 97K, 5% free 6482K/6787K, paused 5ms+1ms
01-07 19:43:54.864 I/power   ( 1590): *** set_screen_state 0
01-07 19:43:54.864 D/PowerManagerService( 1590): setScreenStateLocked++, on: false, err: 0
01-07 19:43:54.864 D/PowerManagerService( 1590): setScreenStateLocked, turn off the button light 
01-07 19:43:54.864 D/lights  ( 1590): set_light_buttons_func: on=0 brightness=0
01-07 19:43:54.864 D/lights  ( 1590): set_rotated_rgb_led: on=0 brightness=0
01-07 19:43:54.864 D/lights  ( 1590): [LedInfo] write attr ok name=/sys/class/leds/amber-portrait/brightness string=0,len=1
01-07 19:43:54.874 D/lights  ( 1590): set_rotated_rgb_led: on=0 brightness=0
01-07 19:43:54.874 D/lights  ( 1590): [LedInfo] write attr ok name=/sys/class/leds/green-portrait/brightness string=0,len=1
01-07 19:43:54.874 D/lights  ( 1590): set_rotated_rgb_led: on=0 brightness=0
01-07 19:43:54.874 E/lights  ( 1590): [LedErr] open attr failed name=/sys/class/leds/blue-portrait/brightness errno: 2
01-07 19:43:54.934 D/HostWidgetManager( 1689): pauseWidgets: 2
01-07 19:43:54.934 D/PhoneWindow( 1689): couldn't save which view has focus because the focused view android.widget.RelativeLayout@407c12a0 has no id.
01-07 19:43:54.934 D/AlarmManager( 1590): ACTION_SCREEN_OFF
01-07 19:43:54.944 D/UsbnetService( 1590): BroadcastReceiver::onReceive+
01-07 19:43:54.944 D/UsbnetService( 1590): onReceive SCREEN_OFF
01-07 19:43:54.944 D/ContactMessageStore( 1672): start background delete task...
01-07 19:43:54.954 D/RemoveMe( 1672): DCT got intent android.intent.action.SCREEN_OFF
01-07 19:43:54.954 D/DataConnectionTracker( 1672): power saving case 6
01-07 19:43:54.954 D/DataConnectionTracker( 1672): power saving case 6
01-07 19:43:54.954 D/ConnectivityService( 1590): getMobileDataEnabled returning false
01-07 19:43:54.954 D/ConnectivityService( 1590): getMobileDataEnabled returning false
01-07 19:43:54.964 D/RemoveMe( 1672): DCT got intent android.intent.action.SCREEN_OFF
01-07 19:43:54.964 D/RemoveMe( 1672): DCT got intent android.intent.action.SCREEN_OFF
01-07 19:43:55.014 D/AutoSetting( 2979): service - mHandler: cancel location update
01-07 19:43:55.014 D/AutoSetting( 2979): service -           changes count: 0
01-07 19:43:55.024 D/ContactMessageStore( 1672): size: 0 , 0
01-07 19:43:55.024 D/ContactMessageStore( 1672): Background delete complete
01-07 19:43:55.114 D/SurfaceFlinger( 1441): About to give-up screen, flinger = 0xa830
01-07 19:43:55.224 W/msm7x30.hwcomposer( 1441): hwc_set invalid context or list
01-07 19:43:55.224 D/msm7x30.hwcomposer( 1441): HWC called FB enableHDMIOutput(0)
01-07 19:43:59.028 D/UsbnetService( 1590): BroadcastReceiver::onReceive+
01-07 19:43:59.028 D/UsbnetService( 1590): onReceive BATTERY_CHANGED
01-07 19:43:59.028 D/UsbnetService( 1590):  --> pluggedType = 2, mPluggedType = 0, mScreenOff = true
01-07 19:43:59.028 D/UsbnetService( 1590): BroadcastReceiver::onReceive-
01-07 19:43:59.028 D/NotificationService( 1590): mIntentReceiver() Intent.ACTION_BATTERY_CHANGED
01-07 19:43:59.038 D/BatteryService( 1590): SendIntentforPowersaver
01-07 19:43:59.038 D/BatteryService( 1590): Current powersaver status == NORMAL_STATUS1 2 2 false
01-07 19:43:59.048 D/PowerUI ( 1654): closing low battery warning: level=98
01-07 19:43:59.048 D/PowerUI ( 1654): plugged = true, health = 2, mBatteryLevel = 98, mPluggedBatteryLevel = 98, mLowBatteryWarningLevel2 = 25, mshowLowChargingWarning2 = true
01-07 19:43:59.058 D/RemoveMe( 1672): DCT got intent android.intent.action.BATTERY_CHANGED
01-07 19:43:59.058 D/RemoveMe( 1672): DCT got intent android.intent.action.BATTERY_CHANGED
01-07 19:43:59.068 D/RemoveMe( 1672): DCT got intent android.intent.action.BATTERY_CHANGED
01-07 19:44:28.397 D/AutoSetting( 2979): service - mHandler: update timezone
01-07 19:44:28.397 D/AutoSetting( 2979): service - getTimeZoneIDFromMCC() MCC code: -1 TimeZoneID: 
01-07 19:44:28.407 D/AutoSetting( 2979): service - getTimeZoneIDFromMCC() MCC code: -1 TimeZoneID: 
01-07 19:44:28.407 D/AutoSetting( 2979): service - processTimeZoneID() system nitz: 
01-07 19:44:28.417 D/AutoSetting( 2979): service - processTimeZoneID() system nitz is valid: false (false)
01-07 19:44:28.417 D/AutoSetting( 2979): service - processTimeZoneID() last time user manually select a timezone is within 3 hour, do not popup dialog again (mcc:-1)
01-07 19:44:39.998 D/ContactMessageStore( 1672): MSG_CHECK_DELETION >>
01-07 19:44:39.998 D/ContactMessageStore( 1672): mDeleteTask = null, bDeleting = false
01-07 19:44:39.998 D/ContactMessageStore( 1672): start background delete task...
01-07 19:44:39.998 D/ContactMessageStore( 1672): MSG_CHECK_DELETION <<
01-07 19:44:40.008 D/ContactMessageStore( 1672): size: 0 , 0
01-07 19:44:40.008 D/ContactMessageStore( 1672): Background delete complete
01-07 19:45:30.177 D/UsbnetService( 1590): BroadcastReceiver::onReceive+
01-07 19:45:30.177 D/UsbnetService( 1590): onReceive BATTERY_CHANGED
01-07 19:45:30.177 D/UsbnetService( 1590):  --> pluggedType = 2, mPluggedType = 0, mScreenOff = true
01-07 19:45:30.177 D/UsbnetService( 1590): BroadcastReceiver::onReceive-
01-07 19:45:30.187 D/NotificationService( 1590): mIntentReceiver() Intent.ACTION_BATTERY_CHANGED
01-07 19:45:30.197 D/BatteryService( 1590): SendIntentforPowersaver
01-07 19:45:30.197 D/BatteryService( 1590): Current powersaver status == NORMAL_STATUS1 2 2 false
01-07 19:45:30.197 D/PowerUI ( 1654): closing low battery warning: level=98
01-07 19:45:30.207 D/RemoveMe( 1672): DCT got intent android.intent.action.BATTERY_CHANGED
01-07 19:45:30.217 D/RemoveMe( 1672): DCT got intent android.intent.action.BATTERY_CHANGED
01-07 19:45:30.217 D/RemoveMe( 1672): DCT got intent android.intent.action.BATTERY_CHANGED
01-07 19:45:30.217 D/PowerUI ( 1654): plugged = true, health = 2, mBatteryLevel = 98, mPluggedBatteryLevel = 98, mLowBatteryWarningLevel2 = 25, mshowLowChargingWarning2 = true
01-07 19:46:04.751 D/SntpClient( 1590): requestTime: called by Thread[ThrottleService,5,main], failed: java.net.UnknownHostException: Unable to resolve host "north-america.pool.ntp.org": No address associated with hostname
01-07 19:46:04.761 D/NetdConnector( 1590): listenToSocket read--: (6,0)
01-07 19:46:04.761 D/NetdConnector( 1590): RCV <- {216 0}
01-07 19:46:04.761 D/NetdConnector( 1590): listenToSocket read++
01-07 19:46:04.761 D/NetdConnector( 1590): doCommand++ (Wait Response)
01-07 19:46:04.761 D/NetdConnector( 1590): RSP <- {216 0}
01-07 19:46:04.761 D/NetdConnector( 1590): miNoRespCnt=0
01-07 19:46:04.761 D/NetdConnector( 1590): doCommand-- (complete)
01-07 19:46:04.771 D/NetdConnector( 1590): listenToSocket read--: (6,0)
01-07 19:46:04.771 D/NetdConnector( 1590): RCV <- {217 0}
01-07 19:46:04.771 D/NetdConnector( 1590): doCommand++ (Wait Response)
01-07 19:46:04.781 D/NetdConnector( 1590): RSP <- {217 0}
01-07 19:46:04.781 D/NetdConnector( 1590): listenToSocket read++
01-07 19:46:04.781 D/NetdConnector( 1590): miNoRespCnt=0
01-07 19:46:04.781 D/NetdConnector( 1590): doCommand-- (complete)
01-07 19:46:04.791 D/SntpClient( 1590): requestTime: called by Thread[ThrottleService,5,main], failed: java.net.UnknownHostException: Unable to resolve host "north-america.pool.ntp.org": No address associated with hostname
01-07 19:46:04.791 D/SntpClient( 1590): requestTime: called by Thread[ThrottleService,5,main], failed: java.net.UnknownHostException: Unable to resolve host "north-america.pool.ntp.org": No address associated with hostname
01-07 19:46:05.742 W/AlarmManager( 1590): RXTXtriggerAlarmsLocked
01-07 19:46:30.376 D/UsbnetService( 1590): BroadcastReceiver::onReceive+
01-07 19:46:30.376 D/UsbnetService( 1590): onReceive BATTERY_CHANGED
01-07 19:46:30.376 D/UsbnetService( 1590):  --> pluggedType = 2, mPluggedType = 0, mScreenOff = true
01-07 19:46:30.376 D/UsbnetService( 1590): BroadcastReceiver::onReceive-
01-07 19:46:30.376 D/NotificationService( 1590): mIntentReceiver() Intent.ACTION_BATTERY_CHANGED
01-07 19:46:30.386 D/BatteryService( 1590): SendIntentforPowersaver
01-07 19:46:30.386 D/BatteryService( 1590): Current powersaver status == NORMAL_STATUS1 2 2 false
01-07 19:46:30.406 D/RemoveMe( 1672): DCT got intent android.intent.action.BATTERY_CHANGED
01-07 19:46:30.406 D/PowerUI ( 1654): closing low battery warning: level=98
01-07 19:46:30.416 D/RemoveMe( 1672): DCT got intent android.intent.action.BATTERY_CHANGED
01-07 19:46:30.416 D/PowerUI ( 1654): plugged = true, health = 2, mBatteryLevel = 98, mPluggedBatteryLevel = 98, mLowBatteryWarningLevel2 = 25, mshowLowChargingWarning2 = true
01-07 19:46:30.426 D/RemoveMe( 1672): DCT got intent android.intent.action.BATTERY_CHANGED
01-07 19:48:30.833 D/UsbnetService( 1590): BroadcastReceiver::onReceive+
01-07 19:48:30.833 D/UsbnetService( 1590): onReceive BATTERY_CHANGED
01-07 19:48:30.833 D/UsbnetService( 1590):  --> pluggedType = 2, mPluggedType = 0, mScreenOff = true
01-07 19:48:30.833 D/UsbnetService( 1590): BroadcastReceiver::onReceive-
01-07 19:48:30.833 D/NotificationService( 1590): mIntentReceiver() Intent.ACTION_BATTERY_CHANGED
01-07 19:48:30.843 D/BatteryService( 1590): SendIntentforPowersaver
01-07 19:48:30.843 D/BatteryService( 1590): Current powersaver status == NORMAL_STATUS1 2 2 false
01-07 19:48:30.853 D/PowerUI ( 1654): closing low battery warning: level=98
01-07 19:48:30.863 D/RemoveMe( 1672): DCT got intent android.intent.action.BATTERY_CHANGED
01-07 19:48:30.863 D/PowerUI ( 1654): plugged = true, health = 2, mBatteryLevel = 98, mPluggedBatteryLevel = 98, mLowBatteryWarningLevel2 = 25, mshowLowChargingWarning2 = true
01-07 19:48:30.873 D/RemoveMe( 1672): DCT got intent android.intent.action.BATTERY_CHANGED
01-07 19:48:30.883 D/RemoveMe( 1672): DCT got intent android.intent.action.BATTERY_CHANGED
01-07 19:48:35.368 W/Vold    ( 1437): Ignoring unknown switch 'usb_mass_storage'
01-07 19:48:36.128 D/UsbService( 1590): [USBNET] USB UEVENT: {SUBSYSTEM=switch, SWITCH_STATE=1, DEVPATH=/devices/virtual/switch/usb_connected, SEQNUM=1447, ACTION=change, SWITCH_NAME=usb_connected}
01-07 19:48:36.128 W/Vold    ( 1437): Ignoring unknown switch 'usb_connected'
01-07 19:48:36.128 D/UsbService( 1590): [USBNET] handleMessage: 0; mConnected=1(0),mConfiguration=0(0)
01-07 19:48:36.148 D/NetdConnector( 1590): listenToSocket read--: (7,0)
01-07 19:48:36.148 D/NetdConnector( 1590): RCV <- {110 lo}
01-07 19:48:36.148 D/NetdConnector( 1590): doCommand++ (Wait Response)
01-07 19:48:36.148 D/NetdConnector( 1590): listenToSocket read++
01-07 19:48:36.148 D/NetdConnector( 1590): RSP <- {110 lo}
01-07 19:48:36.158 D/NetdConnector( 1590): miNoRespCnt=0
01-07 19:48:36.158 D/NetdConnector( 1590): listenToSocket read--: (121,0)
01-07 19:48:36.168 D/NetdConnector( 1590): RCV <- {110 dummy0}
01-07 19:48:36.178 D/NetdConnector( 1590): RSP <- {110 dummy0}
01-07 19:48:36.178 D/UsbReceiver( 2993): [MTP][UsbReceiver][onReceive]+
01-07 19:48:36.178 D/NetdConnector( 1590): miNoRespCnt=0
01-07 19:48:36.188 D/UsbConnectedReceiver( 2979): action = android.hardware.usb.action.USB_STATE
01-07 19:48:36.188 D/NetdConnector( 1590): RCV <- {110 ifb0}
01-07 19:48:36.188 D/NetdConnector( 1590): RSP <- {110 ifb0}
01-07 19:48:36.188 D/NetdConnector( 1590): miNoRespCnt=0
01-07 19:48:36.188 D/NetdConnector( 1590): RCV <- {110 ifb1}
01-07 19:48:36.188 D/NetdConnector( 1590): RSP <- {110 ifb1}
01-07 19:48:36.188 D/NetdConnector( 1590): miNoRespCnt=0
01-07 19:48:36.188 D/NetdConnector( 1590): RCV <- {110 rmnet0}
01-07 19:48:36.188 D/NetdConnector( 1590): RSP <- {110 rmnet0}
01-07 19:48:36.198 D/NetdConnector( 1590): miNoRespCnt=0
01-07 19:48:36.198 D/NetdConnector( 1590): RCV <- {110 rmnet1}
01-07 19:48:36.198 D/NetdConnector( 1590): RSP <- {110 rmnet1}
01-07 19:48:36.198 D/NetdConnector( 1590): miNoRespCnt=0
01-07 19:48:36.198 D/UsbService( 1590): [USBNET] USB UEVENT: {SUBSYSTEM=switch, SWITCH_STATE=1, DEVPATH=/devices/virtual/switch/usb_configuration, SEQNUM=1448, ACTION=change, SWITCH_NAME=usb_configuration}
01-07 19:48:36.198 D/Vold    ( 1437): USB connected
01-07 19:48:36.198 D/Vold    ( 1437): Share method ums now available
01-07 19:48:36.198 D/VoldConnector( 1590): listenToSocket read--: (35,0)
01-07 19:48:36.198 D/VoldConnector( 1590): RCV <- {620 Share method ums now available}
01-07 19:48:36.198 D/UsbService( 1590): [USBNET] handleMessage: 0; mConnected=1(1),mConfiguration=1(0)
01-07 19:48:36.198 D/VoldConnector( 1590): listenToSocket read++
01-07 19:48:36.198 D/NetdConnector( 1590): RCV <- {110 rmnet2}
01-07 19:48:36.208 D/UsbReceiver( 2993): [MTP][UsbReceiver][onReceive]+
01-07 19:48:36.208 D/UsbConnectedReceiver( 2979): action = android.hardware.usb.action.USB_STATE
01-07 19:48:36.208 D/PSCommon( 2979): Content in /sys/class/switch/dock/status = offline
01-07 19:48:36.208 D/NetdConnector( 1590): RSP <- {110 rmnet2}
01-07 19:48:36.208 D/NetdConnector( 1590): miNoRespCnt=0
01-07 19:48:36.208 D/NetdConnector( 1590): RCV <- {110 usb0}
01-07 19:48:36.208 D/NetdConnector( 1590): RSP <- {110 usb0}
01-07 19:48:36.208 D/NetdConnector( 1590): miNoRespCnt=0
01-07 19:48:36.208 D/NetdConnector( 1590): RCV <- {110 sit0}
01-07 19:48:36.208 D/NetdConnector( 1590): RSP <- {110 sit0}
01-07 19:48:36.208 D/NetdConnector( 1590): miNoRespCnt=0
01-07 19:48:36.218 D/UsbConnectedReceiver( 2979): USB Connected.
01-07 19:48:36.218 D/NetdConnector( 1590): RCV <- {110 ip6tnl0}
01-07 19:48:36.228 D/NetdConnector( 1590): RSP <- {110 ip6tnl0}
01-07 19:48:36.228 D/NetdConnector( 1590): miNoRespCnt=0
01-07 19:48:36.228 D/NetdConnector( 1590): RCV <- {200 Interface list completed}
01-07 19:48:36.228 D/NetdConnector( 1590): RSP <- {200 Interface list completed}
01-07 19:48:36.228 D/NetdConnector( 1590): miNoRespCnt=0
01-07 19:48:36.228 D/NetdConnector( 1590): doCommand-- (complete)
01-07 19:48:36.228 D/NetdConnector( 1590): List terminated with {200 Interface list completed}
01-07 19:48:36.228 D/NetdConnector( 1590): listenToSocket read++
01-07 19:48:36.238 I/StorageNotification( 1654): UMS connection changed to true (media state mounted)
01-07 19:48:36.238 D/WifiStateMachine( 1590): wifi hotspotSSID=HTC Portable Hotspot, hiddenSSID=false, secureType=wpa2-psk, enableMacFilter=0, maxConns=5, channel=0
01-07 19:48:36.238 D/WifiStateMachine( 1590): wifi hotspotdhcpEnable=1, maxDhcpClients=5, ipAddress=192.168.1.1, dhcpSubnetMask=255.255.255.0, startingIP=192.168.1.10, dhsIPAddr1=null, dnsIPAddr2=null, sleepPolicy=1
01-07 19:48:36.238 D/Tethering( 1590): sendTetherStateChangedBroadcast 1, 0, 0
01-07 19:48:36.238 D/Tethering( 1590): interfaceAdded :usb0
01-07 19:48:36.238 D/WifiStateMachine( 1590): getWifiApConfiguration:mconfig.SSID=HTC Portable Hotspot
01-07 19:48:36.249 D/NetdConnector( 1590): listenToSocket read--: (128,0)
01-07 19:48:36.249 D/NetdConnector( 1590): RCV <- {110 lo}
01-07 19:48:36.249 D/NetdConnector( 1590): RCV <- {110 dummy0}
01-07 19:48:36.249 D/NetdConnector( 1590): RCV <- {110 ifb0}
01-07 19:48:36.249 D/NetdConnector( 1590): RCV <- {110 ifb1}
01-07 19:48:36.249 D/NetdConnector( 1590): RCV <- {110 rmnet0}
01-07 19:48:36.249 D/NetdConnector( 1590): RCV <- {110 rmnet1}
01-07 19:48:36.249 D/NetdConnector( 1590): RCV <- {110 rmnet2}
01-07 19:48:36.249 D/NetdConnector( 1590): doCommand++ (Wait Response)
01-07 19:48:36.249 D/NetdConnector( 1590): RCV <- {110 usb0}
01-07 19:48:36.249 D/NetdConnector( 1590): RSP <- {110 lo}
01-07 19:48:36.249 D/NetdConnector( 1590): miNoRespCnt=0
01-07 19:48:36.249 D/NetdConnector( 1590): RSP <- {110 dummy0}
01-07 19:48:36.249 D/NetdConnector( 1590): miNoRespCnt=0
01-07 19:48:36.249 D/NetdConnector( 1590): RCV <- {110 sit0}
01-07 19:48:36.249 D/NetdConnector( 1590): RSP <- {110 ifb0}
01-07 19:48:36.249 D/NetdConnector( 1590): miNoRespCnt=0
01-07 19:48:36.249 D/NetdConnector( 1590): RSP <- {110 ifb1}
01-07 19:48:36.249 D/NetdConnector( 1590): miNoRespCnt=0
01-07 19:48:36.249 D/NetdConnector( 1590): RCV <- {110 ip6tnl0}
01-07 19:48:36.249 D/NetdConnector( 1590): RSP <- {110 rmnet0}
01-07 19:48:36.249 D/NetdConnector( 1590): miNoRespCnt=0
01-07 19:48:36.249 D/NetdConnector( 1590): RSP <- {110 rmnet1}
01-07 19:48:36.249 D/NetdConnector( 1590): RCV <- {200 Interface list completed}
01-07 19:48:36.259 D/NetdConnector( 1590): miNoRespCnt=0
01-07 19:48:36.259 D/NetdConnector( 1590): RSP <- {110 rmnet2}
01-07 19:48:36.259 D/NetdConnector( 1590): miNoRespCnt=0
01-07 19:48:36.259 D/NetdConnector( 1590): listenToSocket read++
01-07 19:48:36.259 D/NetdConnector( 1590): RSP <- {110 usb0}
01-07 19:48:36.259 D/NetdConnector( 1590): miNoRespCnt=0
01-07 19:48:36.259 D/NetdConnector( 1590): RSP <- {110 sit0}
01-07 19:48:36.259 D/NetdConnector( 1590): miNoRespCnt=0
01-07 19:48:36.259 D/NetdConnector( 1590): RSP <- {110 ip6tnl0}
01-07 19:48:36.259 D/NetdConnector( 1590): miNoRespCnt=0
01-07 19:48:36.259 D/NetdConnector( 1590): RSP <- {200 Interface list completed}
01-07 19:48:36.259 D/NetdConnector( 1590): miNoRespCnt=0
01-07 19:48:36.259 D/NetdConnector( 1590): doCommand-- (complete)
01-07 19:48:36.259 D/NetdConnector( 1590): List terminated with {200 Interface list completed}
01-07 19:48:36.279 I/NetSharing_NSReceiver( 3049): customizedNS:true
01-07 19:48:36.279 D/NetSharing_NSReceiver( 3049): onReceive : com.htc.usb.change
01-07 19:48:36.279 D/NetSharing_NSReceiver( 3049): USB = true hasTethered = false
01-07 19:48:36.319 D/PSCommon( 2979): Content in /sys/class/switch/dock/status = offline
01-07 19:48:36.319 D/PSReceiver( 3049): onReceive : com.htc.usb.change
01-07 19:48:36.319 D/PSReceiver( 3049): USB Plugged, Set USBPlugged=  true
01-07 19:48:36.319 D/UsbConnectedReceiver( 2979): USB Connected.
01-07 19:48:36.329 D/PSCommon( 2979): -isMFGBuild() = false
01-07 19:48:36.329 D/ActivityManager( 1590): isSketcherDisabledInCurrentTask():false, ActivityRecord{40c00e10 com.htc.launcher/.Launcher}
01-07 19:48:36.349 D/SurfaceFlinger( 1441): getTokenForSurface(0xb183c) => 1 (client=0xa5720, bitmap=00000003), pid=1654
01-07 19:48:36.349 D/msm7x30.gralloc( 1441): gpu_context_t::getGrallocInformationFromFormat  1 
01-07 19:48:36.349 D/PSCommon( 2979): -isMFGBuild() = false
01-07 19:48:36.349 D/PSCommon( 2979): -isMFGBuild() = false
01-07 19:48:36.349 D/UsbConnectedReceiver( 2979): Connect_To_PC is Launched, return
01-07 19:48:36.349 D/UsbConnectedReceiver( 2979): -enableChargeOnly()
01-07 19:48:36.349 D/PSCommon( 2979): Content in /sys/devices/platform/msm_hsusb/usb_cable_connect = 1
01-07 19:48:36.369 I/NetSharing_NSReceiver( 3049): customizedNS:true
01-07 19:48:36.369 D/NetSharing_NSReceiver( 3049): onReceive : android.net.conn.TETHER_STATE_CHANGED
01-07 19:48:36.369 D/NetSharing_NSReceiver( 3049): Tethered state change:false
01-07 19:48:36.409 D/dalvikvm( 3049): GC_CONCURRENT freed 451K, 8% free 6951K/7495K, paused 1ms+6ms
01-07 19:48:36.429 I/NetSharing_NSReceiver( 3049): customizedNS:true
01-07 19:48:36.439 D/NetSharing_NSReceiver( 3049): onReceive : com.htc.usb.change
01-07 19:48:36.439 D/NetSharing_NSReceiver( 3049): USB = true hasTethered = false
01-07 19:48:36.489 D/PSReceiver( 3049): onReceive : com.htc.usb.change
01-07 19:48:36.489 D/PSReceiver( 3049): USB Plugged, Set USBPlugged=  true
01-07 19:48:36.499 D/dalvikvm( 3049): GC_CONCURRENT freed 597K, 10% free 6837K/7559K, paused 1ms+1ms
01-07 19:48:36.649 D/msm7x30.gralloc( 1441): gpu_context_t::getGrallocInformationFromFormat  1 
01-07 19:48:41.544 D/dalvikvm( 2979): GC_EXPLICIT freed 244K, 6% free 6769K/7175K, paused 7ms+2ms
01-07 19:48:46.549 D/dalvikvm( 2993): GC_EXPLICIT freed 55K, 5% free 7294K/7623K, paused 5ms+2ms
01-07 19:48:46.689 D/SurfaceFlinger( 1441): virtual void android::Layer::onRemoved(): lcblk (identity=37, status=0, token=1)
01-07 19:48:51.543 D/dalvikvm( 3049): GC_EXPLICIT freed 157K, 12% free 6680K/7559K, paused 7ms+1ms
01-07 19:49:00.863 D/UsbnetService( 1590): BroadcastReceiver::onReceive+
01-07 19:49:00.863 D/UsbnetService( 1590): onReceive BATTERY_CHANGED
01-07 19:49:00.863 D/UsbnetService( 1590):  --> pluggedType = 2, mPluggedType = 0, mScreenOff = true
01-07 19:49:00.863 D/UsbnetService( 1590): BroadcastReceiver::onReceive-
01-07 19:49:00.863 D/NotificationService( 1590): mIntentReceiver() Intent.ACTION_BATTERY_CHANGED
01-07 19:49:00.873 D/BatteryService( 1590): SendIntentforPowersaver
01-07 19:49:00.883 D/BatteryService( 1590): Current powersaver status == NORMAL_STATUS1 2 2 false
01-07 19:49:00.893 D/PowerUI ( 1654): closing low battery warning: level=98
01-07 19:49:00.903 D/RemoveMe( 1672): DCT got intent android.intent.action.BATTERY_CHANGED
01-07 19:49:00.903 D/RemoveMe( 1672): DCT got intent android.intent.action.BATTERY_CHANGED
01-07 19:49:00.903 D/RemoveMe( 1672): DCT got intent android.intent.action.BATTERY_CHANGED
01-07 19:49:00.903 D/PowerUI ( 1654): plugged = true, health = 2, mBatteryLevel = 98, mPluggedBatteryLevel = 98, mLowBatteryWarningLevel2 = 25, mshowLowChargingWarning2 = true
01-07 19:49:01.904 I/ActivityManager( 1590): Start proc com.google.android.apps.maps for service com.google.android.apps.maps/com.google.googlenav.prefetch.android.PrefetcherService: pid=3239 uid=10046 gids={3003, 1015}
01-07 19:49:02.064 D/dalvikvm( 3239): GC_CONCURRENT freed 153K, 4% free 6806K/7047K, paused 2ms+1ms
01-07 19:49:02.174 D/dalvikvm( 3239): GC_CONCURRENT freed 136K, 4% free 7150K/7431K, paused 1ms+1ms
01-07 19:49:02.174 I/ActivityThread( 3239): Pub com.google.android.maps.SearchHistoryProvider: com.google.googlenav.provider.SearchHistoryProvider
01-07 19:49:02.174 I/ActivityThread( 3239): Pub com.google.android.maps.LayerInfoProvider: com.google.googlenav.layer.LayerInfoProvider
01-07 19:49:02.174 D/SqliteDatabaseCpp( 3239): dbopen(): path = /data/data/com.google.android.apps.maps/databases , key = LYqevA, flag = 6, file size = 5120
01-07 19:49:02.174 D/SqliteDatabaseCpp( 3239): dbopen(): path = /data/data/com.google.android.apps.maps/databases , key = LYqevA, mode: delete, disk free size: 7859 M, handle: 0x15e828
01-07 19:49:02.184 I/ActivityThread( 3239): Pub com.google.android.maps.TrafficAppWidgetProvider: com.google.googlenav.appwidget.traffic.TrafficAppWidgetProvider
01-07 19:49:02.184 I/ActivityThread( 3239): Pub com.google.android.maps.SuggestionProvider: com.google.googlenav.suggest.android.SuggestProvider
01-07 19:49:02.194 I/ActivityThread( 3239): Pub com.google.android.maps.LocalActivePlacesProvider: com.google.googlenav.provider.LocalActivePlacesProvider
01-07 19:49:02.194 I/ActivityThread( 3239): Pub com.google.android.maps.StarredItemProvider: com.google.googlenav.provider.StarredItemProvider
01-07 19:49:02.254 I/ActivityThread( 3239): Pub com.google.android.maps.LocalSuggestionProvider: com.google.googlenav.provider.LocalSuggestionProvider
01-07 19:49:02.274 I/ActivityThread( 3239): Pub com.google.android.maps.NavigationAvailabilityProvider: com.google.googlenav.provider.NavigationAvailabilityProvider
01-07 19:49:02.284 D/dalvikvm( 3239): GC_CONCURRENT freed 156K, 4% free 7507K/7751K, paused 1ms+5ms
01-07 19:49:02.324 D/Socket_Alarm( 3239): registerHTCSocketMonitorCallBack
01-07 19:49:02.324 D/Socket_Alarm( 3239): set mSocketMonitor
01-07 19:49:02.324 D/Socket_Alarm( 3239): HTCSocketMonitorImpl::HTCSocketMonitorImpl
