01-18 15:51:26.671 D/UsbnetService( 1574): onReceive BATTERY_CHANGED
01-18 15:51:26.671 D/UsbnetService( 1574):  --> pluggedType = 2, mPluggedType = 0, mScreenOff = false
01-18 15:51:26.671 D/UsbnetService( 1574): BroadcastReceiver::onReceive-
01-18 15:51:26.671 D/NotificationService( 1574): mIntentReceiver() Intent.ACTION_BATTERY_CHANGED
01-18 15:51:26.681 D/BatteryService( 1574): SendIntentforPowersaver
01-18 15:51:26.681 D/BatteryService( 1574): Current powersaver status == NORMAL_STATUS1 2 2 false
01-18 15:51:26.701 D/RemoveMe( 1664): DCT got intent android.intent.action.BATTERY_CHANGED
01-18 15:51:26.701 D/RemoveMe( 1664): DCT got intent android.intent.action.BATTERY_CHANGED
01-18 15:51:26.701 D/PowerUI ( 1643): closing low battery warning: level=98
01-18 15:51:26.701 D/PowerUI ( 1643): plugged = true, health = 2, mBatteryLevel = 98, mPluggedBatteryLevel = 97, mLowBatteryWarningLevel2 = 25, mshowLowChargingWarning2 = true
01-18 15:51:26.711 D/RemoveMe( 1664): DCT got intent android.intent.action.BATTERY_CHANGED
01-18 15:51:27.421 I/System.out( 2666): Values: 187.1875 65.375 -144.625
01-18 15:51:28.422 I/System.out( 2666): Values: 186.75 65.1875 -143.6875
01-18 15:51:29.423 I/System.out( 2666): Values: 187.375 64.4375 -143.5
01-18 15:51:30.414 I/System.out( 2666): Values: 186.875 66.625 -144.3125
01-18 15:51:31.415 I/System.out( 2666): Values: 187.25 66.5625 -143.375
01-18 15:51:32.416 I/System.out( 2666): Values: 187.25 66.3125 -144.6875
01-18 15:51:33.427 I/System.out( 2666): Values: 187.4375 66.9375 -143.125
01-18 15:51:34.418 I/System.out( 2666): Values: 186.6875 65.6875 -144.25
01-18 15:51:35.419 I/System.out( 2666): Values: 186.0625 65.1875 -144.9375
01-18 15:51:36.420 I/System.out( 2666): Values: 187.0625 65.0625 -145.75
01-18 15:51:37.431 I/System.out( 2666): Values: 187.4375 65.6875 -144.0
01-18 15:51:38.432 I/System.out( 2666): Values: 186.4375 66.1875 -143.5625
01-18 15:51:39.433 I/System.out( 2666): Values: 186.625 65.875 -144.75
01-18 15:51:40.434 I/System.out( 2666): Values: 187.3125 66.3125 -144.875
01-18 15:51:41.425 I/System.out( 2666): Values: 186.125 66.4375 -144.375
01-18 15:51:42.426 I/System.out( 2666): Values: 188.4375 67.0 -143.3125
01-18 15:51:43.427 I/System.out( 2666): Values: 188.375 65.625 -141.9375
01-18 15:51:44.428 I/System.out( 2666): Values: 186.9375 66.0 -143.0
01-18 15:51:45.429 I/System.out( 2666): Values: 186.6875 65.5 -144.3125
01-18 15:51:46.430 I/System.out( 2666): Values: 188.375 65.5625 -144.875
01-18 15:51:47.431 I/System.out( 2666): Values: 186.625 64.1875 -146.0
01-18 15:51:48.432 I/System.out( 2666): Values: 186.625 65.875 -144.25
01-18 15:51:49.433 I/System.out( 2666): Values: 187.0 67.0 -144.5
01-18 15:51:50.434 I/System.out( 2666): Values: 186.75 65.0625 -144.625
01-18 15:51:51.425 I/System.out( 2666): Values: 188.875 67.4375 -143.3125
01-18 15:51:52.426 I/System.out( 2666): Values: 188.4375 65.875 -144.4375
01-18 15:51:53.427 I/System.out( 2666): Values: 187.75 66.0 -143.875
01-18 15:51:54.428 I/System.out( 2666): Values: 186.75 65.3125 -144.3125
01-18 15:51:55.429 I/System.out( 2666): Values: 188.1875 66.25 -144.3125
01-18 15:51:56.440 I/System.out( 2666): Values: 188.375 65.75 -142.0625
01-18 15:51:56.700 D/UsbnetService( 1574): BroadcastReceiver::onReceive+
01-18 15:51:56.700 D/UsbnetService( 1574): onReceive BATTERY_CHANGED
01-18 15:51:56.700 D/UsbnetService( 1574):  --> pluggedType = 2, mPluggedType = 0, mScreenOff = false
01-18 15:51:56.700 D/UsbnetService( 1574): BroadcastReceiver::onReceive-
01-18 15:51:56.700 D/NotificationService( 1574): mIntentReceiver() Intent.ACTION_BATTERY_CHANGED
01-18 15:51:56.720 D/BatteryService( 1574): SendIntentforPowersaver
01-18 15:51:56.720 D/BatteryService( 1574): Current powersaver status == NORMAL_STATUS1 2 2 false
01-18 15:51:56.730 D/PowerUI ( 1643): closing low battery warning: level=98
01-18 15:51:56.730 D/RemoveMe( 1664): DCT got intent android.intent.action.BATTERY_CHANGED
01-18 15:51:56.740 D/PowerUI ( 1643): plugged = true, health = 2, mBatteryLevel = 98, mPluggedBatteryLevel = 97, mLowBatteryWarningLevel2 = 25, mshowLowChargingWarning2 = true
01-18 15:51:56.750 D/RemoveMe( 1664): DCT got intent android.intent.action.BATTERY_CHANGED
01-18 15:51:56.760 D/RemoveMe( 1664): DCT got intent android.intent.action.BATTERY_CHANGED
01-18 15:51:57.441 I/System.out( 2666): Values: 187.125 66.6875 -143.125
01-18 15:51:58.442 I/System.out( 2666): Values: 187.6875 65.75 -143.375
01-18 15:51:59.443 I/System.out( 2666): Values: 187.75 67.375 -143.4375
01-18 15:52:00.444 I/System.out( 2666): Values: 187.5 66.0625 -145.4375
01-18 15:52:01.445 I/System.out( 2666): Values: 187.625 66.625 -143.5
01-18 15:52:02.436 I/System.out( 2666): Values: 187.4375 66.4375 -145.0
01-18 15:52:03.436 I/System.out( 2666): Values: 186.3125 65.1875 -143.5
01-18 15:52:04.437 I/System.out( 2666): Values: 186.9375 65.4375 -143.0
01-18 15:52:05.158 D/dalvikvm( 1683): GC_EXPLICIT freed 7K, 27% free 10267K/13895K, paused 8ms+2ms
01-18 15:52:05.438 I/System.out( 2666): Values: 187.75 64.3125 -140.4375
01-18 15:52:06.439 I/System.out( 2666): Values: 187.4375 65.8125 -144.1875
01-18 15:52:07.440 I/System.out( 2666): Values: 187.5 66.375 -144.75
01-18 15:52:08.441 I/System.out( 2666): Values: 186.875 65.625 -144.25
01-18 15:52:09.442 I/System.out( 2666): Values: 187.75 67.0625 -143.5
01-18 15:52:10.443 I/System.out( 2666): Values: 189.1875 66.125 -142.0625
01-18 15:52:11.444 I/System.out( 2666): Values: 187.9375 65.75 -144.4375
01-18 15:52:12.435 I/System.out( 2666): Values: 188.0 65.4375 -144.125
01-18 15:52:13.446 I/System.out( 2666): Values: 187.375 65.6875 -144.125
01-18 15:52:14.437 I/System.out( 2666): Values: 187.5 66.1875 -145.0625
01-18 15:52:15.438 I/System.out( 2666): Values: 187.1875 65.0625 -144.5
01-18 15:52:16.439 I/System.out( 2666): Values: 187.4375 65.8125 -144.375
01-18 15:52:17.440 I/System.out( 2666): Values: 187.6875 67.3125 -143.1875
01-18 15:52:18.441 I/System.out( 2666): Values: 186.75 64.875 -144.0
01-18 15:52:19.442 I/System.out( 2666): Values: 188.1875 67.125 -142.5
01-18 15:52:20.443 I/System.out( 2666): Values: 186.625 65.4375 -144.6875
01-18 15:52:21.444 I/System.out( 2666): Values: 186.125 66.5 -144.5625
01-18 15:52:22.445 I/System.out( 2666): Values: 188.125 66.0 -143.75
01-18 15:52:23.436 I/System.out( 2666): Values: 186.875 66.375 -143.875
01-18 15:52:24.437 I/System.out( 2666): Values: 186.6875 66.4375 -144.4375
01-18 15:52:25.438 I/System.out( 2666): Values: 187.3125 66.5 -144.25
01-18 15:52:26.439 I/System.out( 2666): Values: 187.9375 66.625 -142.9375
01-18 15:52:27.440 I/System.out( 2666): Values: 188.4375 67.1875 -143.8125
01-18 15:52:28.451 I/System.out( 2666): Values: 187.125 66.5 -142.1875
01-18 15:52:29.452 I/System.out( 2666): Values: 187.6875 65.3125 -144.5625
01-18 15:52:30.453 I/System.out( 2666): Values: 187.625 66.1875 -143.625
01-18 15:52:31.454 I/System.out( 2666): Values: 186.75 66.5 -144.875
01-18 15:52:32.455 I/System.out( 2666): Values: 188.0 67.25 -144.0
01-18 15:52:33.446 I/System.out( 2666): Values: 187.5625 65.6875 -143.8125
01-18 15:52:34.447 I/System.out( 2666): Values: 186.875 65.8125 -144.0625
01-18 15:52:35.448 I/System.out( 2666): Values: 186.4375 64.9375 -145.0625
01-18 15:52:36.449 I/System.out( 2666): Values: 188.25 66.4375 -142.5
01-18 15:52:37.450 I/System.out( 2666): Values: 187.3125 65.6875 -144.5625
01-18 15:52:38.451 I/System.out( 2666): Values: 188.0625 66.3125 -143.375
01-18 15:52:39.452 I/System.out( 2666): Values: 188.0 65.1875 -144.9375
01-18 15:52:40.453 I/System.out( 2666): Values: 187.5625 66.0 -143.3125
01-18 15:52:41.454 I/System.out( 2666): Values: 187.75 66.1875 -143.4375
01-18 15:52:42.445 I/System.out( 2666): Values: 187.0 65.8125 -142.5625
01-18 15:52:43.446 I/System.out( 2666): Values: 187.4375 67.5625 -143.875
01-18 15:52:44.447 I/System.out( 2666): Values: 186.3125 65.4375 -144.3125
01-18 15:52:45.447 I/System.out( 2666): Values: 187.375 65.9375 -145.125
01-18 15:52:46.458 I/System.out( 2666): Values: 188.25 65.4375 -142.0
01-18 15:52:47.459 I/System.out( 2666): Values: 188.625 67.125 -142.125
01-18 15:52:48.460 I/System.out( 2666): Values: 188.8125 65.3125 -142.3125
01-18 15:52:49.461 I/System.out( 2666): Values: 188.25 66.0625 -144.375
01-18 15:52:50.462 I/System.out( 2666): Values: 187.0 66.1875 -143.25
01-18 15:52:51.463 I/System.out( 2666): Values: 186.0625 65.6875 -145.125
01-18 15:52:52.464 I/System.out( 2666): Values: 186.3125 66.125 -145.3125
01-18 15:52:53.455 I/System.out( 2666): Values: 186.6875 65.25 -144.0625
01-18 15:52:54.456 I/System.out( 2666): Values: 188.3125 66.125 -143.375
01-18 15:52:55.457 I/System.out( 2666): Values: 187.625 66.9375 -141.875
01-18 15:52:56.458 I/System.out( 2666): Values: 186.375 65.75 -145.6875
01-18 15:52:56.749 D/UsbnetService( 1574): BroadcastReceiver::onReceive+
01-18 15:52:56.749 D/UsbnetService( 1574): onReceive BATTERY_CHANGED
01-18 15:52:56.759 D/UsbnetService( 1574):  --> pluggedType = 2, mPluggedType = 0, mScreenOff = false
01-18 15:52:56.759 D/UsbnetService( 1574): BroadcastReceiver::onReceive-
01-18 15:52:56.759 D/NotificationService( 1574): mIntentReceiver() Intent.ACTION_BATTERY_CHANGED
01-18 15:52:56.769 D/BatteryService( 1574): SendIntentforPowersaver
01-18 15:52:56.769 D/BatteryService( 1574): Current powersaver status == NORMAL_STATUS1 2 2 false
01-18 15:52:56.789 D/PowerUI ( 1643): closing low battery warning: level=98
01-18 15:52:56.789 D/RemoveMe( 1664): DCT got intent android.intent.action.BATTERY_CHANGED
01-18 15:52:56.789 D/RemoveMe( 1664): DCT got intent android.intent.action.BATTERY_CHANGED
01-18 15:52:56.789 D/RemoveMe( 1664): DCT got intent android.intent.action.BATTERY_CHANGED
01-18 15:52:56.789 D/PowerUI ( 1643): plugged = true, health = 2, mBatteryLevel = 98, mPluggedBatteryLevel = 97, mLowBatteryWarningLevel2 = 25, mshowLowChargingWarning2 = true
01-18 15:52:57.459 I/System.out( 2666): Values: 187.3125 66.3125 -143.75
01-18 15:52:58.460 I/System.out( 2666): Values: 187.0 67.0 -144.0
01-18 15:52:59.461 I/System.out( 2666): Values: 186.875 65.875 -143.3125
01-18 15:53:00.462 I/System.out( 2666): Values: 187.0625 65.3125 -143.75
01-18 15:53:01.463 I/System.out( 2666): Values: 187.5 65.8125 -143.8125
01-18 15:53:02.464 I/System.out( 2666): Values: 187.3125 65.8125 -143.9375
01-18 15:53:03.465 I/System.out( 2666): Values: 187.375 64.9375 -145.4375
01-18 15:53:04.466 I/System.out( 2666): Values: 187.6875 65.0 -144.75
01-18 15:53:05.457 I/System.out( 2666): Values: 186.125 65.375 -144.625
01-18 15:53:06.458 I/System.out( 2666): Values: 187.6875 64.3125 -146.1875
01-18 15:53:07.459 I/System.out( 2666): Values: 188.0 67.5625 -144.5
01-18 15:53:08.460 I/System.out( 2666): Values: 188.0 65.375 -143.9375
01-18 15:53:09.461 I/System.out( 2666): Values: 187.25 66.5 -144.375
01-18 15:53:10.462 I/System.out( 2666): Values: 186.6875 67.25 -142.3125
01-18 15:53:11.463 I/System.out( 2666): Values: 187.4375 65.5 -143.5
01-18 15:53:12.464 I/System.out( 2666): Values: 187.75 65.375 -143.4375
01-18 15:53:13.455 I/System.out( 2666): Values: 186.4375 65.125 -144.875
01-18 15:53:14.456 I/System.out( 2666): Values: 187.1875 66.5 -143.5
01-18 15:53:15.457 I/System.out( 2666): Values: 186.5625 64.8125 -144.125
01-18 15:53:16.458 I/System.out( 2666): Values: 188.0 66.3125 -144.0625
01-18 15:53:17.459 I/System.out( 2666): Values: 187.8125 66.625 -144.625
01-18 15:53:18.460 I/System.out( 2666): Values: 187.875 67.0 -143.1875
01-18 15:53:19.461 I/System.out( 2666): Values: 187.6875 65.25 -143.9375
01-18 15:53:20.462 I/System.out( 2666): Values: 187.0 66.6875 -145.0625
01-18 15:53:21.463 I/System.out( 2666): Values: 188.125 66.875 -143.4375
01-18 15:53:22.464 I/System.out( 2666): Values: 186.8125 66.5625 -142.875
01-18 15:53:23.455 I/System.out( 2666): Values: 186.3125 65.9375 -145.125
01-18 15:53:24.466 I/System.out( 2666): Values: 189.625 67.75 -141.4375
01-18 15:53:25.467 I/System.out( 2666): Values: 189.375 69.125 -142.4375
01-18 15:53:26.468 I/System.out( 2666): Values: 188.625 67.375 -143.1875
01-18 15:53:26.768 D/UsbnetService( 1574): BroadcastReceiver::onReceive+
01-18 15:53:26.768 D/UsbnetService( 1574): onReceive BATTERY_CHANGED
01-18 15:53:26.778 D/UsbnetService( 1574):  --> pluggedType = 2, mPluggedType = 0, mScreenOff = false
01-18 15:53:26.778 D/UsbnetService( 1574): BroadcastReceiver::onReceive-
01-18 15:53:26.778 D/NotificationService( 1574): mIntentReceiver() Intent.ACTION_BATTERY_CHANGED
01-18 15:53:26.788 D/BatteryService( 1574): SendIntentforPowersaver
01-18 15:53:26.788 D/BatteryService( 1574): Current powersaver status == NORMAL_STATUS1 2 2 false
01-18 15:53:26.798 D/PowerUI ( 1643): closing low battery warning: level=97
01-18 15:53:26.798 D/RemoveMe( 1664): DCT got intent android.intent.action.BATTERY_CHANGED
01-18 15:53:26.798 D/RemoveMe( 1664): DCT got intent android.intent.action.BATTERY_CHANGED
01-18 15:53:26.798 D/PowerUI ( 1643): plugged = true, health = 2, mBatteryLevel = 97, mPluggedBatteryLevel = 97, mLowBatteryWarningLevel2 = 25, mshowLowChargingWarning2 = true
01-18 15:53:26.808 D/RemoveMe( 1664): DCT got intent android.intent.action.BATTERY_CHANGED
01-18 15:53:27.468 I/System.out( 2666): Values: 187.25 66.75 -145.0625
01-18 15:53:27.468 I/System.out( 2666): Battery level end is reached
01-18 15:53:27.468 I/System.out( 2666): Time difference in secs is: 270
01-18 15:53:28.469 I/System.out( 2666): Values: 186.875 65.8125 -145.3125
01-18 15:53:28.469 I/System.out( 2666): Time difference in secs is: 270
01-18 15:53:29.470 I/System.out( 2666): Values: 188.5625 67.1875 -142.4375
01-18 15:53:29.470 I/System.out( 2666): Time difference in secs is: 270
01-18 15:53:30.471 I/System.out( 2666): Values: 188.75 68.5625 -143.125
01-18 15:53:30.471 I/System.out( 2666): Time difference in secs is: 270
01-18 15:53:31.472 I/System.out( 2666): Values: 186.375 64.125 -144.6875
01-18 15:53:31.472 I/System.out( 2666): Time difference in secs is: 270
01-18 15:53:32.473 I/System.out( 2666): Values: 187.1875 66.5 -143.5
01-18 15:53:32.473 I/System.out( 2666): Time difference in secs is: 270
01-18 15:53:33.474 I/System.out( 2666): Values: 186.875 66.0 -144.6875
01-18 15:53:33.474 I/System.out( 2666): Time difference in secs is: 270
01-18 15:53:34.465 I/System.out( 2666): Values: 187.1875 66.75 -142.6875
01-18 15:53:34.465 I/System.out( 2666): Time difference in secs is: 270
01-18 15:53:35.466 I/System.out( 2666): Values: 187.375 66.4375 -143.5
01-18 15:53:35.476 I/System.out( 2666): Time difference in secs is: 270
01-18 15:53:36.467 I/System.out( 2666): Values: 187.75 67.125 -143.3125
01-18 15:53:36.467 I/System.out( 2666): Time difference in secs is: 270
01-18 15:53:37.468 I/System.out( 2666): Values: 188.125 66.3125 -144.0625
01-18 15:53:37.468 I/System.out( 2666): Time difference in secs is: 270
01-18 15:53:38.469 I/System.out( 2666): Values: 187.5 66.8125 -144.4375
01-18 15:53:38.469 I/System.out( 2666): Time difference in secs is: 270
01-18 15:53:39.470 I/System.out( 2666): Values: 187.5625 66.3125 -143.9375
01-18 15:53:39.470 I/System.out( 2666): Time difference in secs is: 270
01-18 15:53:40.471 I/System.out( 2666): Values: 188.0625 65.6875 -144.8125
01-18 15:53:40.481 I/System.out( 2666): Time difference in secs is: 270
01-18 15:53:40.581 D/dalvikvm( 2666): GC_CONCURRENT freed 402K, 8% free 6558K/7111K, paused 5ms+2ms
01-18 15:53:41.472 I/System.out( 2666): Values: 186.625 66.1875 -145.1875
01-18 15:53:41.482 I/System.out( 2666): Time difference in secs is: 270
01-18 15:53:42.473 I/System.out( 2666): Values: 188.25 66.75 -144.0
01-18 15:53:42.483 I/System.out( 2666): Time difference in secs is: 270
01-18 15:53:43.464 I/System.out( 2666): Values: 188.6875 66.8125 -143.375
01-18 15:53:43.474 I/System.out( 2666): Time difference in secs is: 270
01-18 15:53:44.465 I/System.out( 2666): Values: 187.9375 66.6875 -143.875
01-18 15:53:44.475 I/System.out( 2666): Time difference in secs is: 270
01-18 15:53:45.476 I/System.out( 2666): Values: 185.3125 64.25 -144.875
01-18 15:53:45.476 I/System.out( 2666): Time difference in secs is: 270
01-18 15:53:46.477 I/System.out( 2666): Values: 186.875 65.5 -143.1875
01-18 15:53:46.477 I/System.out( 2666): Time difference in secs is: 270
01-18 15:53:47.468 I/System.out( 2666): Values: 186.5 65.6875 -144.0
01-18 15:53:47.478 I/System.out( 2666): Time difference in secs is: 270
01-18 15:53:48.469 I/System.out( 2666): Values: 187.0625 65.0 -144.4375
01-18 15:53:48.479 I/System.out( 2666): Time difference in secs is: 270
01-18 15:53:49.470 I/System.out( 2666): Values: 187.25 66.75 -144.875
01-18 15:53:49.480 I/System.out( 2666): Time difference in secs is: 270
01-18 15:53:50.471 I/System.out( 2666): Values: 188.0 67.25 -142.625
01-18 15:53:50.481 I/System.out( 2666): Time difference in secs is: 270
01-18 15:53:51.472 I/System.out( 2666): Values: 187.5625 67.3125 -143.3125
01-18 15:53:51.482 I/System.out( 2666): Time difference in secs is: 270
01-18 15:53:52.473 I/System.out( 2666): Values: 186.875 66.5625 -144.375
01-18 15:53:52.483 I/System.out( 2666): Time difference in secs is: 270
01-18 15:53:53.474 I/System.out( 2666): Values: 187.3125 66.0625 -143.3125
01-18 15:53:53.484 I/System.out( 2666): Time difference in secs is: 270
01-18 15:53:54.475 I/System.out( 2666): Values: 185.625 65.8125 -145.125
01-18 15:53:54.475 I/System.out( 2666): Time difference in secs is: 270
01-18 15:53:55.476 I/System.out( 2666): Values: 186.125 65.8125 -142.875
01-18 15:53:55.476 I/System.out( 2666): Time difference in secs is: 270
01-18 15:53:56.477 I/System.out( 2666): Values: 186.625 66.5 -144.5625
01-18 15:53:56.477 I/System.out( 2666): Time difference in secs is: 270
01-18 15:53:56.787 D/UsbnetService( 1574): BroadcastReceiver::onReceive+
01-18 15:53:56.797 D/UsbnetService( 1574): onReceive BATTERY_CHANGED
01-18 15:53:56.797 D/UsbnetService( 1574):  --> pluggedType = 2, mPluggedType = 0, mScreenOff = false
01-18 15:53:56.797 D/UsbnetService( 1574): BroadcastReceiver::onReceive-
01-18 15:53:56.797 D/NotificationService( 1574): mIntentReceiver() Intent.ACTION_BATTERY_CHANGED
01-18 15:53:56.807 D/BatteryService( 1574): SendIntentforPowersaver
01-18 15:53:56.817 D/BatteryService( 1574): Current powersaver status == NORMAL_STATUS1 2 2 false
01-18 15:53:56.827 D/PowerUI ( 1643): closing low battery warning: level=97
01-18 15:53:56.827 D/RemoveMe( 1664): DCT got intent android.intent.action.BATTERY_CHANGED
01-18 15:53:56.827 D/RemoveMe( 1664): DCT got intent android.intent.action.BATTERY_CHANGED
01-18 15:53:56.827 D/RemoveMe( 1664): DCT got intent android.intent.action.BATTERY_CHANGED
01-18 15:53:56.827 D/PowerUI ( 1643): plugged = true, health = 2, mBatteryLevel = 97, mPluggedBatteryLevel = 97, mLowBatteryWarningLevel2 = 25, mshowLowChargingWarning2 = true
01-18 15:53:57.478 I/System.out( 2666): Values: 186.875 65.5 -144.375
01-18 15:53:57.478 I/System.out( 2666): Time difference in secs is: 270
01-18 15:53:58.479 I/System.out( 2666): Values: 187.6875 67.0 -143.375
01-18 15:53:58.479 I/System.out( 2666): Time difference in secs is: 270
01-18 15:53:59.480 I/System.out( 2666): Values: 186.6875 66.25 -143.9375
01-18 15:53:59.480 I/System.out( 2666): Time difference in secs is: 270
01-18 15:54:00.481 I/System.out( 2666): Values: 187.75 65.6875 -143.25
01-18 15:54:00.481 I/System.out( 2666): Time difference in secs is: 270
01-18 15:54:01.482 I/System.out( 2666): Values: 188.3125 66.875 -143.1875
01-18 15:54:01.482 I/System.out( 2666): Time difference in secs is: 270
01-18 15:54:02.483 I/System.out( 2666): Values: 186.5 65.6875 -142.1875
01-18 15:54:02.483 I/System.out( 2666): Time difference in secs is: 270
01-18 15:54:03.484 I/System.out( 2666): Values: 187.75 66.0 -144.75
01-18 15:54:03.484 I/System.out( 2666): Time difference in secs is: 270
01-18 15:54:04.475 I/System.out( 2666): Values: 187.4375 65.6875 -143.875
01-18 15:54:04.475 I/System.out( 2666): Time difference in secs is: 270
01-18 15:54:05.195 D/dalvikvm( 1683): GC_EXPLICIT freed 1K, 27% free 10267K/13895K, paused 10ms+10ms
01-18 15:54:05.476 I/System.out( 2666): Values: 187.8125 67.1875 -142.3125
01-18 15:54:05.486 I/System.out( 2666): Time difference in secs is: 270
01-18 15:54:06.487 I/System.out( 2666): Values: 186.25 65.375 -143.625
01-18 15:54:06.487 I/System.out( 2666): Time difference in secs is: 270
01-18 15:54:07.478 I/System.out( 2666): Values: 186.75 66.3125 -144.375
01-18 15:54:07.478 I/System.out( 2666): Time difference in secs is: 270
01-18 15:54:08.478 I/System.out( 2666): Values: 187.25 66.9375 -142.625
01-18 15:54:08.478 I/System.out( 2666): Time difference in secs is: 270
01-18 15:54:09.479 I/System.out( 2666): Values: 188.1875 66.6875 -142.4375
01-18 15:54:09.479 I/System.out( 2666): Time difference in secs is: 270
01-18 15:54:10.480 I/System.out( 2666): Values: 188.25 65.4375 -142.0
01-18 15:54:10.490 I/System.out( 2666): Time difference in secs is: 270
01-18 15:54:11.481 I/System.out( 2666): Values: 186.5 64.8125 -144.3125
01-18 15:54:11.481 I/System.out( 2666): Time difference in secs is: 270
01-18 15:54:12.482 I/System.out( 2666): Values: 186.75 66.4375 -144.1875
01-18 15:54:12.482 I/System.out( 2666): Time difference in secs is: 270
01-18 15:54:13.483 I/System.out( 2666): Values: 187.125 67.3125 -144.4375
01-18 15:54:13.493 I/System.out( 2666): Time difference in secs is: 270
01-18 15:54:14.484 I/System.out( 2666): Values: 186.6875 65.8125 -143.9375
01-18 15:54:14.484 I/System.out( 2666): Time difference in secs is: 270
01-18 15:54:15.475 I/System.out( 2666): Values: 187.0 66.5 -143.5625
01-18 15:54:15.485 I/System.out( 2666): Time difference in secs is: 270
01-18 15:54:16.486 I/System.out( 2666): Values: 186.375 66.0 -144.1875
01-18 15:54:16.486 I/System.out( 2666): Time difference in secs is: 270
01-18 15:54:17.477 I/System.out( 2666): Values: 187.5 67.0625 -143.0625
01-18 15:54:17.487 I/System.out( 2666): Time difference in secs is: 270
01-18 15:54:18.488 I/System.out( 2666): Values: 186.375 65.6875 -145.1875
01-18 15:54:18.488 I/System.out( 2666): Time difference in secs is: 270
01-18 15:54:19.479 I/System.out( 2666): Values: 187.875 66.6875 -142.5625
01-18 15:54:19.489 I/System.out( 2666): Time difference in secs is: 270
01-18 15:54:20.480 I/System.out( 2666): Values: 188.6875 66.8125 -143.6875
01-18 15:54:20.490 I/System.out( 2666): Time difference in secs is: 270
01-18 15:54:21.481 I/System.out( 2666): Values: 187.5 67.0 -143.8125
01-18 15:54:21.491 I/System.out( 2666): Time difference in secs is: 270
01-18 15:54:22.482 I/System.out( 2666): Values: 186.4375 64.8125 -144.875
01-18 15:54:22.492 I/System.out( 2666): Time difference in secs is: 270
01-18 15:54:23.493 I/System.out( 2666): Values: 186.25 66.375 -144.125
01-18 15:54:23.493 I/System.out( 2666): Time difference in secs is: 270
01-18 15:54:24.484 I/System.out( 2666): Values: 186.375 66.8125 -144.25
01-18 15:54:24.484 I/System.out( 2666): Time difference in secs is: 270
01-18 15:54:25.475 I/System.out( 2666): Values: 187.5 65.6875 -143.0625
01-18 15:54:25.485 I/System.out( 2666): Time difference in secs is: 270
01-18 15:54:26.486 I/System.out( 2666): Values: 187.5 65.1875 -144.5625
01-18 15:54:26.486 I/System.out( 2666): Time difference in secs is: 270
01-18 15:54:27.487 I/System.out( 2666): Values: 187.4375 65.9375 -142.875
01-18 15:54:27.487 I/System.out( 2666): Time difference in secs is: 270
01-18 15:54:28.488 I/System.out( 2666): Values: 187.5 66.0 -144.4375
01-18 15:54:28.488 I/System.out( 2666): Time difference in secs is: 270
01-18 15:54:29.489 I/System.out( 2666): Values: 187.3125 66.625 -144.5625
01-18 15:54:29.489 I/System.out( 2666): Time difference in secs is: 270
01-18 15:54:30.490 I/System.out( 2666): Values: 188.125 66.625 -143.9375
01-18 15:54:30.490 I/System.out( 2666): Time difference in secs is: 270
01-18 15:54:31.491 I/System.out( 2666): Values: 187.8125 66.75 -143.3125
01-18 15:54:31.491 I/System.out( 2666): Time difference in secs is: 270
01-18 15:54:32.492 I/System.out( 2666): Values: 188.0 66.25 -143.1875
01-18 15:54:32.492 I/System.out( 2666): Time difference in secs is: 270
01-18 15:54:33.493 I/System.out( 2666): Values: 187.125 65.4375 -144.5625
01-18 15:54:33.493 I/System.out( 2666): Time difference in secs is: 270
01-18 15:54:34.494 I/System.out( 2666): Values: 186.3125 65.875 -143.1875
01-18 15:54:34.494 I/System.out( 2666): Time difference in secs is: 270
01-18 15:54:35.485 I/System.out( 2666): Values: 187.625 67.625 -142.75
01-18 15:54:35.485 I/System.out( 2666): Time difference in secs is: 270
01-18 15:54:36.496 I/System.out( 2666): Values: 186.625 66.75 -144.375
01-18 15:54:36.496 I/System.out( 2666): Time difference in secs is: 270
01-18 15:54:37.487 I/System.out( 2666): Values: 187.5 66.5 -143.4375
01-18 15:54:37.487 I/System.out( 2666): Time difference in secs is: 270
01-18 15:54:38.488 I/System.out( 2666): Values: 187.0 66.9375 -144.5625
01-18 15:54:38.498 I/System.out( 2666): Time difference in secs is: 270
01-18 15:54:39.489 I/System.out( 2666): Values: 186.5 65.625 -143.1875
01-18 15:54:39.499 I/System.out( 2666): Time difference in secs is: 270
01-18 15:54:40.490 I/System.out( 2666): Values: 186.3125 66.3125 -143.3125
01-18 15:54:40.500 I/System.out( 2666): Time difference in secs is: 270
01-18 15:54:41.491 I/System.out( 2666): Values: 187.375 66.5625 -143.1875
01-18 15:54:41.501 I/System.out( 2666): Time difference in secs is: 270
01-18 15:54:42.492 I/System.out( 2666): Values: 186.3125 65.75 -143.8125
01-18 15:54:42.502 I/System.out( 2666): Time difference in secs is: 270
01-18 15:54:43.493 I/System.out( 2666): Values: 187.3125 65.6875 -144.75
01-18 15:54:43.503 I/System.out( 2666): Time difference in secs is: 270
01-18 15:54:44.494 I/System.out( 2666): Values: 187.25 65.8125 -143.375
01-18 15:54:44.504 I/System.out( 2666): Time difference in secs is: 270
01-18 15:54:45.154 W/Vold    ( 1434): Ignoring unknown switch 'usb_mass_storage'
01-18 15:54:45.154 D/dalvikvm( 2666): Debugger has detached; object registry had 1 entries
01-18 15:54:45.485 I/System.out( 2666): Values: 189.5625 66.625 -143.1875
01-18 15:54:45.495 I/System.out( 2666): Time difference in secs is: 270
01-18 15:54:45.995 W/Vold    ( 1434): Ignoring unknown switch 'usb_mass_storage'
01-18 15:54:46.486 I/System.out( 2666): Values: 189.4375 67.0625 -141.125
01-18 15:54:46.496 I/System.out( 2666): Time difference in secs is: 270
01-18 15:54:47.487 I/System.out( 2666): Values: 190.625 67.1875 -140.75
01-18 15:54:47.497 I/System.out( 2666): Time difference in secs is: 270
01-18 15:54:48.488 I/System.out( 2666): Values: 189.1875 67.4375 -142.875
01-18 15:54:48.498 I/System.out( 2666): Time difference in secs is: 270
01-18 15:54:49.499 I/System.out( 2666): Values: 189.625 67.25 -140.75
01-18 15:54:49.499 I/System.out( 2666): Time difference in secs is: 270
01-18 15:54:50.499 I/System.out( 2666): Values: 190.875 67.9375 -141.25
01-18 15:54:50.499 I/System.out( 2666): Time difference in secs is: 270
01-18 15:54:51.500 I/System.out( 2666): Values: 189.125 66.4375 -144.25
01-18 15:54:51.500 I/System.out( 2666): Time difference in secs is: 270
01-18 15:54:52.501 I/System.out( 2666): Values: 189.0 67.375 -143.9375
01-18 15:54:52.501 I/System.out( 2666): Time difference in secs is: 270
01-18 15:54:53.502 I/System.out( 2666): Values: 190.4375 67.25 -142.5
01-18 15:54:53.502 I/System.out( 2666): Time difference in secs is: 270
01-18 15:54:54.503 I/System.out( 2666): Values: 188.25 65.875 -141.8125
01-18 15:54:54.503 I/System.out( 2666): Time difference in secs is: 270
01-18 15:54:55.504 I/System.out( 2666): Values: 189.75 66.5 -143.0
01-18 15:54:55.504 I/System.out( 2666): Time difference in secs is: 270
01-18 15:54:56.495 I/System.out( 2666): Values: 188.6875 67.25 -143.0
01-18 15:54:56.495 I/System.out( 2666): Time difference in secs is: 270
01-18 15:54:56.836 D/UsbnetService( 1574): BroadcastReceiver::onReceive+
01-18 15:54:56.836 D/UsbnetService( 1574): onReceive BATTERY_CHANGED
01-18 15:54:56.836 D/UsbnetService( 1574):  --> pluggedType = 2, mPluggedType = 0, mScreenOff = false
01-18 15:54:56.836 D/UsbnetService( 1574): BroadcastReceiver::onReceive-
01-18 15:54:56.846 D/NotificationService( 1574): mIntentReceiver() Intent.ACTION_BATTERY_CHANGED
01-18 15:54:56.856 D/BatteryService( 1574): SendIntentforPowersaver
01-18 15:54:56.856 D/BatteryService( 1574): Current powersaver status == NORMAL_STATUS1 2 2 false
01-18 15:54:56.866 D/RemoveMe( 1664): DCT got intent android.intent.action.BATTERY_CHANGED
01-18 15:54:56.866 D/PowerUI ( 1643): closing low battery warning: level=97
01-18 15:54:56.876 D/RemoveMe( 1664): DCT got intent android.intent.action.BATTERY_CHANGED
01-18 15:54:56.876 D/RemoveMe( 1664): DCT got intent android.intent.action.BATTERY_CHANGED
01-18 15:54:56.876 D/PowerUI ( 1643): plugged = true, health = 2, mBatteryLevel = 97, mPluggedBatteryLevel = 97, mLowBatteryWarningLevel2 = 25, mshowLowChargingWarning2 = true
01-18 15:54:57.496 I/System.out( 2666): Values: 189.9375 67.3125 -141.8125
01-18 15:54:57.496 I/System.out( 2666): Time difference in secs is: 270
01-18 15:54:58.497 I/System.out( 2666): Values: 189.9375 67.6875 -141.0
01-18 15:54:58.497 I/System.out( 2666): Time difference in secs is: 270
01-18 15:54:59.498 I/System.out( 2666): Values: 189.625 68.0 -142.3125
01-18 15:54:59.498 I/System.out( 2666): Time difference in secs is: 270
01-18 15:55:00.499 I/System.out( 2666): Values: 190.375 67.75 -142.8125
01-18 15:55:00.499 I/System.out( 2666): Time difference in secs is: 270
01-18 15:55:01.500 I/System.out( 2666): Values: 188.8125 67.1875 -142.1875
01-18 15:55:01.500 I/System.out( 2666): Time difference in secs is: 270
01-18 15:55:02.501 I/System.out( 2666): Values: 189.875 66.75 -143.125
01-18 15:55:02.511 I/System.out( 2666): Time difference in secs is: 270
01-18 15:55:03.502 I/System.out( 2666): Values: 188.6875 66.625 -142.6875
01-18 15:55:03.512 I/System.out( 2666): Time difference in secs is: 270
01-18 15:55:04.503 I/System.out( 2666): Values: 190.125 65.5625 -142.4375
01-18 15:55:04.513 I/System.out( 2666): Time difference in secs is: 270
01-18 15:55:05.504 I/System.out( 2666): Values: 190.125 67.375 -141.6875
01-18 15:55:05.504 I/System.out( 2666): Time difference in secs is: 270
01-18 15:55:06.505 I/System.out( 2666): Values: 188.25 65.9375 -143.9375
01-18 15:55:06.505 I/System.out( 2666): Time difference in secs is: 270
01-18 15:55:07.506 I/System.out( 2666): Values: 189.875 66.75 -142.3125
01-18 15:55:07.506 I/System.out( 2666): Time difference in secs is: 270
01-18 15:55:08.507 I/System.out( 2666): Values: 191.1875 68.0625 -142.3125
01-18 15:55:08.507 I/System.out( 2666): Time difference in secs is: 270
01-18 15:55:09.508 I/System.out( 2666): Values: 189.375 68.4375 -142.5625
01-18 15:55:09.508 I/System.out( 2666): Time difference in secs is: 270
01-18 15:55:10.509 I/System.out( 2666): Values: 189.875 67.8125 -142.625
01-18 15:55:10.509 I/System.out( 2666): Time difference in secs is: 270
01-18 15:55:11.510 I/System.out( 2666): Values: 189.375 67.5 -142.4375
01-18 15:55:11.510 I/System.out( 2666): Time difference in secs is: 270
01-18 15:55:12.511 I/System.out( 2666): Values: 190.6875 68.0 -142.125
01-18 15:55:12.511 I/System.out( 2666): Time difference in secs is: 270
01-18 15:55:13.512 I/System.out( 2666): Values: 191.625 67.6875 -141.8125
01-18 15:55:13.512 I/System.out( 2666): Time difference in secs is: 270
01-18 15:55:14.513 I/System.out( 2666): Values: 188.5625 67.125 -143.25
01-18 15:55:14.513 I/System.out( 2666): Time difference in secs is: 270
01-18 15:55:15.514 I/System.out( 2666): Values: 189.625 67.625 -143.375
01-18 15:55:15.514 I/System.out( 2666): Time difference in secs is: 270
01-18 15:55:16.515 I/System.out( 2666): Values: 191.0625 68.375 -142.0625
01-18 15:55:16.515 I/System.out( 2666): Time difference in secs is: 270
01-18 15:55:17.506 I/System.out( 2666): Values: 190.125 66.875 -142.9375
01-18 15:55:17.506 I/System.out( 2666): Time difference in secs is: 270
01-18 15:55:18.517 I/System.out( 2666): Values: 189.375 67.125 -143.875
01-18 15:55:18.517 I/System.out( 2666): Time difference in secs is: 270
01-18 15:55:19.508 I/System.out( 2666): Values: 189.0 66.1875 -144.0625
01-18 15:55:19.518 I/System.out( 2666): Time difference in secs is: 270
01-18 15:55:20.509 I/System.out( 2666): Values: 189.25 66.75 -141.5
01-18 15:55:20.519 I/System.out( 2666): Time difference in secs is: 270
01-18 15:55:21.510 I/System.out( 2666): Values: 190.3125 67.375 -142.4375
01-18 15:55:21.520 I/System.out( 2666): Time difference in secs is: 270
01-18 15:55:22.521 I/System.out( 2666): Values: 191.4375 68.4375 -140.5625
01-18 15:55:22.521 I/System.out( 2666): Time difference in secs is: 270
01-18 15:55:23.512 I/System.out( 2666): Values: 189.25 67.375 -143.125
01-18 15:55:23.522 I/System.out( 2666): Time difference in secs is: 270
01-18 15:55:24.513 I/System.out( 2666): Values: 190.125 66.875 -141.375
01-18 15:55:24.523 I/System.out( 2666): Time difference in secs is: 270
01-18 15:55:25.514 I/System.out( 2666): Values: 188.6875 67.375 -142.875
01-18 15:55:25.524 I/System.out( 2666): Time difference in secs is: 270
