01-18 15:48:10.970 I/ActivityManager( 1574): No longer want com.htc.home.personalize (pid 1921): hidden #16
01-18 15:48:10.980 D/CombinedWidgetProvider( 1683): addFxWidget: WidgetSummary(News/FX_WIDGET/[I@408bde48 x [I@408bde68/-2/ComponentInfo{com.htc.googlereaderwidget/com.htc.googlereaderwidget.RosieWidgetReceiver}/[I@408bde88)
01-18 15:48:10.980 D/FxWidgetProvider( 1683): row 1
01-18 15:48:10.990 I/ActivityThread( 2654): Pub com.htc.wdm.provider.HtcDirectCarouselProvider: com.htc.wdm.provider.HtcDirectCarouselProvider
01-18 15:48:10.990 I/ActivityThread( 2654): Pub com.htc.wdm.status.HtcDirectProvider: com.htc.wdm.status.HtcDirectProvider
01-18 15:48:11.010 D/CursorWindowStats( 2649): Get CursorWindow size from framework resource:4194304
01-18 15:48:11.060 D/AndroidRuntime( 2649): Calling main entry com.android.commands.am.Am
01-18 15:48:11.070 D/CombinedWidgetProvider( 1683): addFxWidget: WidgetSummary(News/FX_WIDGET/[I@408bf160 x [I@408bf180/-2/ComponentInfo{com.htc.googlereaderwidget/com.htc.googlereaderwidget.RosieWidgetReceiver}/[I@408bf1a0)
01-18 15:48:11.070 D/HTC Hub ( 2654): /mnt/sdcard/.LHYGB/CKCL
01-18 15:48:11.070 D/FxWidgetProvider( 1683): row 1
01-18 15:48:11.070 D/HTC Hub ( 2654): no token file
01-18 15:48:11.070 D/HTC Hub ( 2654): no token file
01-18 15:48:11.070 D/HTC Hub ( 2654): Log settings are 
01-18 15:48:11.070 D/HTC Hub ( 2654): Enable General Log : false
01-18 15:48:11.070 D/HTC Hub ( 2654): Enable Analytic Log : false
01-18 15:48:11.070 D/HTC Hub ( 2654): Enable Normal Log Level (dependent on General Log) : false
01-18 15:48:11.070 D/HTC Hub ( 2654): Enable Critical Log Level (dependent on General Log) : false
01-18 15:48:11.080 D/CombinedWidgetProvider( 1683): addFxWidget: WidgetSummary(Data Dashboard/FX_WIDGET/[I@408c05c8 x [I@408c05e8/-2/ComponentInfo{com.htc.rosiewidgets.datastrip/com.htc.rosiewidgets.datastrip.DataStripWidgetProvider}/[I@408c0608)
01-18 15:48:11.080 D/FxWidgetProvider( 1683): row 1
01-18 15:48:11.080 I/ActivityManager( 1574): No longer want com.htc.sdm (pid 2202): hidden #16
01-18 15:48:11.090 D/SM:PackageReceiver( 2597): package added: package:uk.ac.st_andrews.cs.host.mk74.energymeasurement.magneticField
01-18 15:48:11.090 D/CombinedWidgetProvider( 1683): addFxWidget: WidgetSummary(Data Roaming/FX_WIDGET/[I@408c18d0 x [I@408c18f0/-2/ComponentInfo{com.htc.rosiewidgets.dataroaming/com.htc.rosiewidgets.dataroaming.WidgetProvider}/[I@408c1910)
01-18 15:48:11.100 D/WidgetScanner( 1683): onReceive: Intent { act=android.intent.action.PACKAGE_ADDED dat=package:uk.ac.st_andrews.cs.host.mk74.energymeasurement.magneticField flg=0x10000010 cmp=com.htc.launcher/.widget.WidgetScannerTrigger (has extras) }
01-18 15:48:11.100 I/ActivityManager( 1574): Starting: Intent { act=android.intent.action.MAIN cat=[android.intent.category.LAUNCHER] flg=0x10000000 cmp=uk.ac.st_andrews.cs.host.mk74.energymeasurement.magneticField/.MainActivity } from pid 2649
01-18 15:48:11.110 D/FxWidgetProvider( 1683): row 1
01-18 15:48:11.120 D/CombinedWidgetProvider( 1683): addFxWidget: WidgetSummary(Analog Clock/FX_WIDGET/[I@408c2c58 x [I@408c2c78/-2/ComponentInfo{com.htc.clock3dwidget/com.htc.clock3dwidget.ClockWidgetProvider}/[I@408c2c98)
01-18 15:48:11.130 D/FxWidgetProvider( 1683): row 1
01-18 15:48:11.140 D/HostWidgetManager( 1683): pauseWidgets: 2
01-18 15:48:11.150 I/ActivityManager( 1574): Start proc uk.ac.st_andrews.cs.host.mk74.energymeasurement.magneticField for activity uk.ac.st_andrews.cs.host.mk74.energymeasurement.magneticField/.MainActivity: pid=2666 uid=10101 gids={}
01-18 15:48:11.160 D/AndroidRuntime( 2649): Shutting down VM
01-18 15:48:11.160 D/dalvikvm( 2649): GC_CONCURRENT freed 106K, 81% free 397K/2048K, paused 1ms+0ms
01-18 15:48:11.160 D/dalvikvm( 2649): Debugger has detached; object registry had 1 entries
01-18 15:48:11.170 I/AndroidRuntime( 2649): NOTE: attach of thread 'Binder Thread #3' failed
01-18 15:48:11.170 I/RegisterService( 2605): android.intent.action.PACKAGE_ADDED package:uk.ac.st_andrews.cs.host.mk74.energymeasurement.magneticField
01-18 15:48:11.170 D/WidgetScanner( 2604): onReceiveInternal: Intent { act=android.intent.action.PACKAGE_ADDED dat=package:uk.ac.st_andrews.cs.host.mk74.energymeasurement.magneticField flg=0x10000010 cmp=com.htc.launcher/.widget.WidgetScannerService (has extras) }
01-18 15:48:11.170 D/HtcWidgetScanner( 2604): onPackageAdded: uk.ac.st_andrews.cs.host.mk74.energymeasurement.magneticField
01-18 15:48:11.180 D/ActivityManager( 1574): isSketcherDisabledInCurrentTask():false, ActivityRecord{409dc920 uk.ac.st_andrews.cs.host.mk74.energymeasurement.magneticField/.MainActivity}
01-18 15:48:11.180 I/ActivityManager( 1574): Start proc com.svox.pico for broadcast com.svox.pico/.VoiceDataInstallerReceiver: pid=2670 uid=10031 gids={}
01-18 15:48:11.240 D/CombinedWidgetProvider( 1683): addFxWidget: WidgetSummary(Analog Clock/FX_WIDGET/[I@408c4700 x [I@408c4720/-2/ComponentInfo{com.htc.clock3dwidget/com.htc.clock3dwidget.ClockWidgetProvider}/[I@408c4740)
01-18 15:48:11.240 D/FxWidgetProvider( 1683): row 1
01-18 15:48:11.240 D/SurfaceFlinger( 1438): getTokenForSurface(0xcc93c) => 0 (client=0x90660, bitmap=00000003), pid=1574
01-18 15:48:11.260 D/msm7x30.gralloc( 1438): gpu_context_t::getGrallocInformationFromFormat  2 
01-18 15:48:11.300 I/ActivityThread( 2670): Pub com.svox.pico.providers.SettingsProvider: com.svox.pico.providers.SettingsProvider
01-18 15:48:11.320 D/vicky   ( 2618): vicky received: android.intent.action.PACKAGE_ADDED
01-18 15:48:11.350 V/WindowManager( 1574): Starting animation in AppWindowToken{40c11580 token=ActivityRecord{40c0d040 com.htc.launcher/.Launcher}} @ 1131733
01-18 15:48:11.350 D/Sensors ( 1574): Enable akm: en = 1
01-18 15:48:11.350 V/WindowManager( 1574): Starting animation in AppWindowToken{4119c890 token=ActivityRecord{409dc920 uk.ac.st_andrews.cs.host.mk74.energymeasurement.magneticField/.MainActivity}} @ 1131733
01-18 15:48:11.370 D/GTalkService( 1710): [GTalkService.1] handlePackageInstalled: re-initialize providers
01-18 15:48:11.370 V/WindowManager( 1574): Finished animation in AppWindowToken{40c11580 token=ActivityRecord{40c0d040 com.htc.launcher/.Launcher}} @ 1131776
01-18 15:48:11.370 V/WindowManager( 1574): Finished animation in AppWindowToken{4119c890 token=ActivityRecord{409dc920 uk.ac.st_andrews.cs.host.mk74.energymeasurement.magneticField/.MainActivity}} @ 1131776
01-18 15:48:11.380 D/GTalkService( 1710): [RawStanzaProvidersMgr] ##### searchProvidersFromIntent
01-18 15:48:11.390 I/ActivityManager( 1574): Start proc com.google.android.partnersetup for broadcast com.google.android.partnersetup/.RlzPingBroadcastReceiver: pid=2685 uid=10081 gids={3003}
01-18 15:48:11.430 D/PhoneWindow( 1683): couldn't save which view has focus because the focused view android.widget.RelativeLayout@407c77f0 has no id.
01-18 15:48:11.440 D/ActivityManager( 1574): isSketcherDisabledInCurrentTask():false, ActivityRecord{409dc920 uk.ac.st_andrews.cs.host.mk74.energymeasurement.magneticField/.MainActivity}
01-18 15:48:11.450 I/ActivityThread( 2685): Pub com.google.android.partnersetup.rlzprovider: com.google.android.partnersetup.RlzProvider
01-18 15:48:11.460 I/ActivityThread( 2685): Pub com.google.android.partnersetup.rlzappprovider: com.google.android.partnersetup.RlzAppProvider
01-18 15:48:11.470 D/SurfaceFlinger( 1438): getTokenForSurface(0x8f45c) => 0 (client=0x905f8, bitmap=00000001), pid=2666
01-18 15:48:11.500 I/ActivityManager( 1574): No longer want com.htc.musicenhancer (pid 2405): hidden #16
01-18 15:48:11.520 D/msm7x30.gralloc( 1438): gpu_context_t::getGrallocInformationFromFormat  2 
01-18 15:48:11.540 D/SM:PackageReceiver( 2597): package replaced: package:uk.ac.st_andrews.cs.host.mk74.energymeasurement.magneticField
01-18 15:48:11.570 I/ActivityManager( 1574): Start proc com.google.android.apps.maps:FriendService for broadcast com.google.android.apps.maps/com.google.googlenav.friend.android.ServiceReceiver: pid=2694 uid=10046 gids={3003, 1015}
01-18 15:48:11.580 I/RegisterService( 2605): android.intent.action.PACKAGE_REPLACED package:uk.ac.st_andrews.cs.host.mk74.energymeasurement.magneticField
01-18 15:48:11.590 I/ActivityManager( 1574): Displayed uk.ac.st_andrews.cs.host.mk74.energymeasurement.magneticField/.MainActivity: +443ms
01-18 15:48:11.610 D/msm7x30.gralloc( 1438): gpu_context_t::getGrallocInformationFromFormat  2 
01-18 15:48:11.610 D/SurfaceFlinger( 1438): virtual void android::Layer::onRemoved(): lcblk (identity=21, status=0, token=0)
01-18 15:48:11.680 D/dalvikvm( 1439): GC_EXPLICIT freed 11K, 5% free 6453K/6787K, paused 2ms+1ms
01-18 15:48:11.780 D/dalvikvm( 1439): GC_EXPLICIT freed <1K, 5% free 6453K/6787K, paused 1ms+4ms
01-18 15:48:11.851 D/dalvikvm( 1439): GC_EXPLICIT freed <1K, 5% free 6453K/6787K, paused 1ms+14ms
01-18 15:48:11.921 D/dalvikvm( 2694): GC_CONCURRENT freed 159K, 4% free 6799K/7047K, paused 2ms+1ms
01-18 15:48:11.991 D/HtcWidgetProvider( 1683): row 3
01-18 15:48:12.031 D/dalvikvm( 2694): GC_CONCURRENT freed 134K, 4% free 7132K/7367K, paused 1ms+1ms
01-18 15:48:12.081 D/CombinedWidgetProvider( 1683): addFxWidget: WidgetSummary(Weather Clock/FX_WIDGET/[I@408c6a10 x [I@408c6a30/-2/ComponentInfo{com.htc.clock3dwidget/com.htc.clock3dwidget.ClockWidgetProvider}/[I@408c6a50)
01-18 15:48:12.091 D/HtcWidgetScanner( 2604): count(onPackageUpdated) - 3
01-18 15:48:12.111 D/FxWidgetScanner( 2604): onPackageAdded: uk.ac.st_andrews.cs.host.mk74.energymeasurement.magneticField
01-18 15:48:12.121 D/Socket_Alarm( 2694): registerHTCSocketMonitorCallBack
01-18 15:48:12.121 D/Socket_Alarm( 2694): set mSocketMonitor
01-18 15:48:12.121 D/FxWidgetScanner( 2604): addWidgetList
01-18 15:48:12.121 D/Socket_Alarm( 2694): HTCSocketMonitorImpl::HTCSocketMonitorImpl
01-18 15:48:12.131 D/FxWidgetScanner( 2604): ResolveInfo size 0
01-18 15:48:12.161 D/dalvikvm( 1710): GC_EXPLICIT freed 245K, 7% free 6856K/7367K, paused 2ms+2ms
01-18 15:48:12.181 D/FxWidgetProvider( 1683): row 1
01-18 15:48:12.191 I/ActivityManager( 1574): No longer want com.htc.pen (pid 2140): hidden #16
01-18 15:48:12.201 I/ActivityManager( 1574): Start proc com.google.android.googlequicksearchbox for broadcast com.google.android.googlequicksearchbox/.SourceUpdateReceiver: pid=2703 uid=10080 gids={3003}
01-18 15:48:12.221 D/WidgetScanner( 2604): upadted? false
01-18 15:48:12.251 D/SurfaceFlinger( 1438): virtual void android::Layer::onRemoved(): lcblk (identity=8, status=0, token=2)
01-18 15:48:12.251 I/ActivityManager( 1574): No longer want android.process.media (pid 1743): hidden #16
01-18 15:48:12.281 D/PhoneApp( 1664): -- N2 =0
01-18 15:48:12.301 D/CombinedWidgetProvider( 1683): addFxWidget: WidgetSummary(Travel Clock/FX_WIDGET/[I@408c9bd0 x [I@408c9bf0/-2/ComponentInfo{com.htc.clock3dwidget/com.htc.clock3dwidget.ClockWidgetProvider}/[I@408c9c10)
01-18 15:48:12.311 I/ActivityThread( 2703): Pub com.google.android.googlequicksearchbox.shortcuts: com.google.android.googlequicksearchbox.WebHistoryProvider
01-18 15:48:12.311 I/ActivityThread( 2703): Pub com.google.android.googlequicksearchbox.google: com.google.android.googlequicksearchbox.google.GoogleSuggestionProvider
01-18 15:48:12.341 I/ActivityManager( 1574): Start proc com.htc.htchubsyncprovider for content provider com.htc.htchubsyncprovider/.provider.MyDownloadsProvider: pid=2712 uid=10069 gids={3003, 2001, 1015}
01-18 15:48:12.351 I/System.out( 2666): Values: 191.25 68.1875 -136.8125
01-18 15:48:12.381 D/SqliteDatabaseCpp( 2703): dbopen(): path = /data/data/com.google.android.googlequicksearchbox/databases , key = iwf-`awtkvq, flag = 6, file size = 6144
01-18 15:48:12.381 D/SqliteDatabaseCpp( 2703): dbopen(): path = /data/data/com.google.android.googlequicksearchbox/databases , key = iwf-`awtkvq, mode: delete, disk free size: 7854 M, handle: 0x193658
01-18 15:48:12.401 I/ActivityManager( 1574): No longer want com.android.settings (pid 2544): hidden #16
01-18 15:48:12.411 I/ActivityThread( 2712): Pub com.htc.wdm.provider.WDMProvider: com.htc.htchubsyncprovider.provider.WDMProvider
01-18 15:48:12.421 I/ActivityManager( 1574): Start proc com.htc.pen for broadcast com.htc.pen/.plugin.PenReceiver: pid=2723 uid=10040 gids={}
01-18 15:48:12.431 I/ActivityThread( 2712): Pub com.htc.wotaproviders.MyDownloadsProvider: com.htc.htchubsyncprovider.provider.MyDownloadsProvider
01-18 15:48:12.431 I/ActivityManager( 1574): No longer want com.htc.notes (pid 2475): hidden #16
01-18 15:48:12.461 I/ActivityThread( 2723): Pub com.htc.penmenu: com.htc.pen.provider.PenMenuProvider
01-18 15:48:12.471 I/ActivityThread( 2723): Pub com.htc.pen: com.htc.pen.provider.PenProvider
01-18 15:48:12.501 D/SqliteDatabaseCpp( 2723): dbopen(): path = /data/data/com.htc.pen/databases , key = hej, flag = 6, file size = 15360
01-18 15:48:12.501 D/FxWidgetProvider( 1683): row 1
01-18 15:48:12.511 D/PhoneApp( 1664): -- N3 =0
01-18 15:48:12.521 D/SqliteDatabaseCpp( 2712): dbopen(): path = /data/data/com.htc.htchubsyncprovider/databases , key = mqdksjlkYdw, flag = 6, file size = 6144
01-18 15:48:12.521 D/SqliteDatabaseCpp( 2712): dbopen(): path = /data/data/com.htc.htchubsyncprovider/databases , key = mqdksjlkYdw, mode: delete, disk free size: 7854 M, handle: 0xdacd0
01-18 15:48:12.531 D/CombinedWidgetProvider( 1683): addFxWidget: WidgetSummary(Digital Clock/FX_WIDGET/[I@407bc608 x [I@407b99b0/-2/ComponentInfo{com.htc.clock3dwidget/com.htc.clock3dwidget.ClockWidgetProvider}/[I@407b99d0)
01-18 15:48:12.541 D/SurfaceFlinger( 1438): virtual void android::Layer::onRemoved(): lcblk (identity=7, status=0, token=1)
01-18 15:48:12.551 D/SqliteDatabaseCpp( 2723): dbopen(): path = /data/data/com.htc.pen/databases , key = hej, mode: delete, disk free size: 7854 M, handle: 0x19bb90
01-18 15:48:12.561 D/FxWidgetProvider( 1683): row 1
01-18 15:48:12.571 D/CombinedWidgetProvider( 1683): addFxWidget: WidgetSummary(Analog Clock/FX_WIDGET/[I@40713ec0 x [I@407071e0/-2/ComponentInfo{com.htc.clock3dwidget/com.htc.clock3dwidget.ClockWidgetProvider}/[I@40707200)
01-18 15:48:12.571 W/InputManagerService( 1574): Starting input on non-focused client com.android.internal.view.IInputMethodClient$Stub$Proxy@406b8468 (uid=9999 pid=1683)
01-18 15:48:12.581 D/FxWidgetProvider( 1683): row 1
01-18 15:48:12.581 D/CombinedWidgetProvider( 1683): addFxWidget: WidgetSummary(Analog Clock/FX_WIDGET/[I@408b01f8 x [I@40829968/-2/ComponentInfo{com.htc.clock3dwidget/com.htc.clock3dwidget.ClockWidgetProvider}/[I@40829988)
01-18 15:48:12.591 D/FxWidgetProvider( 1683): row 1
01-18 15:48:12.601 D/CombinedWidgetProvider( 1683): addFxWidget: WidgetSummary(Analog Clock/FX_WIDGET/[I@407a3cf0 x [I@407a3d10/-2/ComponentInfo{com.htc.clock3dwidget/com.htc.clock3dwidget.ClockWidgetProvider}/[I@4076dd58)
01-18 15:48:12.611 D/FxWidgetProvider( 1683): row 1
01-18 15:48:12.651 D/PenUtils( 2723): getDefaultPen() start 14
01-18 15:48:12.651 D/CombinedWidgetProvider( 1683): addFxWidget: WidgetSummary(Analog Clock/FX_WIDGET/[I@40676380 x [I@40c78238/-2/ComponentInfo{com.htc.clock3dwidget/com.htc.clock3dwidget.ClockWidgetProvider}/[I@40c78258)
01-18 15:48:12.681 D/FxWidgetProvider( 1683): row 1
01-18 15:48:12.681 D/CombinedWidgetProvider( 1683): addFxWidget: WidgetSummary(Analog Clock/FX_WIDGET/[I@40c8ae38 x [I@40c8ae58/-2/ComponentInfo{com.htc.clock3dwidget/com.htc.clock3dwidget.ClockWidgetProvider}/[I@40c8ae78)
01-18 15:48:12.691 D/FxWidgetProvider( 1683): row 1
01-18 15:48:12.691 D/CombinedWidgetProvider( 1683): addFxWidget: WidgetSummary(Analog Clock/FX_WIDGET/[I@40c7f7e8 x [I@40c7f460/-2/ComponentInfo{com.htc.clock3dwidget/com.htc.clock3dwidget.ClockWidgetProvider}/[I@40c7f018)
01-18 15:48:12.701 D/FxWidgetProvider( 1683): row 1
01-18 15:48:12.701 D/CombinedWidgetProvider( 1683): addFxWidget: WidgetSummary(Analog Clock/FX_WIDGET/[I@40c149a0 x [I@40c22e98/-2/ComponentInfo{com.htc.clock3dwidget/com.htc.clock3dwidget.ClockWidgetProvider}/[I@40c22eb8)
01-18 15:48:12.711 D/FxWidgetProvider( 1683): row 1
01-18 15:48:12.711 D/CombinedWidgetProvider( 1683): addFxWidget: WidgetSummary(Social Clock/FX_WIDGET/[I@40c03768 x [I@40c03ab8/-2/ComponentInfo{com.htc.clock3dwidget/com.htc.clock3dwidget.ClockWidgetProvider}/[I@40c03ad8)
01-18 15:48:12.721 D/FxWidgetProvider( 1683): row 1
01-18 15:48:12.731 D/CombinedWidgetProvider( 1683): addFxWidget: WidgetSummary(Beam Clock/FX_WIDGET/[I@40bf2bc8 x [I@40bf3288/-2/ComponentInfo{com.htc.clock3dwidget/com.htc.clock3dwidget.ClockWidgetProvider}/[I@40bf32a8)
01-18 15:48:12.731 D/FxWidgetProvider( 1683): row 1
01-18 15:48:12.741 D/CombinedWidgetProvider( 1683): addFxWidget: WidgetSummary(Ring Clock/FX_WIDGET/[I@40b87e78 x [I@40b88538/-2/ComponentInfo{com.htc.clock3dwidget/com.htc.clock3dwidget.ClockWidgetProvider}/[I@40b88558)
01-18 15:48:12.741 D/FxWidgetProvider( 1683): row 1
01-18 15:48:12.751 D/CombinedWidgetProvider( 1683): addFxWidget: WidgetSummary(Spin Cycle Clock/FX_WIDGET/[I@40875750 x [I@408fe2b0/-2/ComponentInfo{com.htc.clock3dwidget/com.htc.clock3dwidget.ClockWidgetProvider}/[I@408fe2d0)
01-18 15:48:12.751 D/FxWidgetProvider( 1683): row 1
01-18 15:48:12.761 D/CombinedWidgetProvider( 1683): addFxWidget: WidgetSummary(Analog Clock/FX_WIDGET/[I@406eb178 x [I@406ecbc0/-2/ComponentInfo{com.htc.clock3dwidget/com.htc.clock3dwidget.ClockWidgetProvider}/[I@406ecbe0)
01-18 15:48:12.761 D/FxWidgetProvider( 1683): row 1
01-18 15:48:12.771 D/CombinedWidgetProvider( 1683): addFxWidget: WidgetSummary(Calculator/FX_WIDGET/[I@407629d0 x [I@407629f0/-2/ComponentInfo{com.htc.android.fusion.calculator/com.htc.android.fusion.calculator.RosieIntentReceiver}/[I@40762a10)
01-18 15:48:12.781 D/FxWidgetProvider( 1683): row 1
01-18 15:48:12.791 D/CombinedWidgetProvider( 1683): addFxWidget: WidgetSummary(Calculator/FX_WIDGET/[I@40c346d0 x [I@40c346f0/-2/ComponentInfo{com.htc.android.fusion.calculator/com.htc.android.fusion.calculator.RosieIntentReceiver}/[I@40c34710)
01-18 15:48:12.791 D/PenUtils( 2723): getDefaultPen() end 47
01-18 15:48:12.801 D/PenUtils( 2386): getAllPen() start 120
01-18 15:48:12.801 I/MySketcher( 2386): onReceive: com.htc.pen.refreshed
01-18 15:48:12.811 D/FxWidgetProvider( 1683): row 1
01-18 15:48:12.811 I/MySketcher( 2386): [SketcherWorker] onStartCommand: com.htc.action.PREPARE_VARS
01-18 15:48:12.811 I/MySketcher( 2386): prepareContentVars entered
01-18 15:48:12.811 I/MySketcher( 2386):  getContentView  , in thread:2386
01-18 15:48:12.822 D/CombinedWidgetProvider( 1683): addFxWidget: WidgetSummary(Calculator/FX_WIDGET/[I@409a8c20 x [I@409a8c40/-2/ComponentInfo{com.htc.android.fusion.calculator/com.htc.android.fusion.calculator.RosieIntentReceiver}/[I@40900f30)
01-18 15:48:12.832 D/FxWidgetProvider( 1683): row 1
01-18 15:48:12.832 D/CombinedWidgetProvider( 1683): addFxWidget: WidgetSummary(Calculator/FX_WIDGET/[I@406f22d0 x [I@406f22f0/-2/ComponentInfo{com.htc.android.fusion.calculator/com.htc.android.fusion.calculator.RosieIntentReceiver}/[I@406f2108)
01-18 15:48:12.842 D/FxWidgetProvider( 1683): row 1
01-18 15:48:12.842 D/CombinedWidgetProvider( 1683): addFxWidget: WidgetSummary(Auto-sync/FX_WIDGET/[I@40c75540 x [I@40c75560/-2/ComponentInfo{com.htc.rosiewidgets.backgrounddata/com.htc.rosiewidgets.backgrounddata.BackgroundDataWidgetProvider}/[I@40c75580)
01-18 15:48:12.842 D/FxWidgetProvider( 1683): row 1
01-18 15:48:12.852 D/CombinedWidgetProvider( 1683): addFxWidget: WidgetSummary(Auto-rotate/FX_WIDGET/[I@40cbe4b0 x [I@40cbe4d0/-2/ComponentInfo{com.htc.autorotatewidget/com.htc.autorotatewidget.AutoRotateWidgetProvider}/[I@40cbe4f0)
01-18 15:48:12.872 D/FxWidgetProvider( 1683): row 1
01-18 15:48:12.892 D/CombinedWidgetProvider( 1683): addFxWidget: WidgetSummary(Stocks/FX_WIDGET/[I@40c237a0 x [I@40c84468/-2/ComponentInfo{com.htc.android.fusion.StockWidget/com.htc.android.fusion.StockWidget.RosieWidgetReceiver}/[I@40c84488)
01-18 15:48:12.902 D/FxWidgetProvider( 1683): row 1
01-18 15:48:12.902 D/CombinedWidgetProvider( 1683): addFxWidget: WidgetSummary(Stocks/FX_WIDGET/[I@40c95978 x [I@40c95998/-2/ComponentInfo{com.htc.android.fusion.StockWidget/com.htc.android.fusion.StockWidget.RosieWidgetReceiver}/[I@40c959b8)
01-18 15:48:12.902 D/FxWidgetProvider( 1683): row 1
01-18 15:48:12.912 D/CombinedWidgetProvider( 1683): addFxWidget: WidgetSummary(Stocks/FX_WIDGET/[I@40c9c8f0 x [I@40c9c910/-2/ComponentInfo{com.htc.android.fusion.StockWidget/com.htc.android.fusion.StockWidget.RosieWidgetReceiver}/[I@40c9c930)
01-18 15:48:12.912 D/CombinedWidgetProvider( 1683): -addFxWidgets diff: 3538
01-18 15:48:12.912 D/CombinedWidgetProvider( 1683): +addAppWidgetCategories
01-18 15:48:12.912 D/CombinedWidgetProvider( 1683): add AppWidget category: WidgetCategory(YouTube/APP_WIDGET/0)
01-18 15:48:12.912 D/CombinedWidgetProvider( 1683): add AppWidget category: WidgetCategory(Twitter (large)/APP_WIDGET/0)
01-18 15:48:12.912 D/CombinedWidgetProvider( 1683): add AppWidget category: WidgetCategory(Twitter (small)/APP_WIDGET/0)
01-18 15:48:12.922 D/CombinedWidgetProvider( 1683): add AppWidget category: WidgetCategory(Traffic/APP_WIDGET/0)
01-18 15:48:12.922 D/CombinedWidgetProvider( 1683): add AppWidget category: WidgetCategory(Latitude/APP_WIDGET/0)
01-18 15:48:12.922 D/CombinedWidgetProvider( 1683): add AppWidget category: WidgetCategory(Market/APP_WIDGET/0)
01-18 15:48:12.922 D/CombinedWidgetProvider( 1683): add AppWidget category: WidgetCategory(Google Search/APP_WIDGET/0)
01-18 15:48:12.922 D/CombinedWidgetProvider( 1683): add AppWidget category: WidgetCategory(Gmail/APP_WIDGET/0)
01-18 15:48:12.922 D/CombinedWidgetProvider( 1683): add AppWidget category: WidgetCategory(Bookmarks/APP_WIDGET/0)
01-18 15:48:12.922 D/CombinedWidgetProvider( 1683): -addAppWidgetCategories
01-18 15:48:12.922 D/CombinedWidgetProvider( 1683): +addHtcWidgetCategories
01-18 15:48:12.922 D/CombinedWidgetProvider( 1683):  uri: content://com.htc.launcher.widget.htcwidget/htcwidgets?category_only=true
01-18 15:48:12.922 D/HtcWidgetProvider( 1683): row 1
01-18 15:48:12.932 D/CombinedWidgetProvider( 1683): addHtcWidget Category: WidgetCategory(Tips for Home/HTC_WIDGET/1101)
01-18 15:48:12.932 D/CombinedWidgetProvider( 1683): -addHtcWidgetCategories
01-18 15:48:12.932 D/CombinedWidgetProvider( 1683): +addFxWidgetCategories
01-18 15:48:12.942 D/FxWidgetProvider( 1683): row 94
01-18 15:48:13.192 I/SimplePen( 2386): created render with defaul alpha: 180, color: -1275068161, width: 3.0
01-18 15:48:13.202 I/ActivityManager( 1574): No longer want com.htc.bg (pid 2463): hidden #16
01-18 15:48:13.202 D/PenUtils( 2386): getAllPen() end 214
01-18 15:48:13.212 D/PenMenu ( 2386): mPenTypeLoadingListener runnable - onFinish
01-18 15:48:13.292 D/dalvikvm( 2386): GC_CONCURRENT freed 631K, 9% free 8832K/9671K, paused 2ms+2ms
01-18 15:48:13.352 I/System.out( 2666): Values: 190.5 67.5 -137.1875
01-18 15:48:13.412 D/dalvikvm( 2386): GC_FOR_ALLOC freed 817K, 14% free 8467K/9735K, paused 39ms
01-18 15:48:13.522 D/CombinedWidgetProvider( 1683): +addFxWidgetCategories: default
01-18 15:48:13.522 D/CombinedWidgetProvider( 1683): addFxWidget Category: WidgetCategory(Watch/FX_WIDGET/-2)
01-18 15:48:13.522 D/CombinedWidgetProvider( 1683): +addFxWidgetCategories: default
01-18 15:48:13.532 D/CombinedWidgetProvider( 1683): addFxWidget Category: WidgetCategory(Mail/FX_WIDGET/-2)
01-18 15:48:13.532 D/CombinedWidgetProvider( 1683): +addFxWidgetCategories: default
01-18 15:48:13.532 D/CombinedWidgetProvider( 1683): addFxWidget Category: WidgetCategory(People/FX_WIDGET/-2)
01-18 15:48:13.532 D/CombinedWidgetProvider( 1683): +addFxWidgetCategories: default
01-18 15:48:13.532 D/CombinedWidgetProvider( 1683): addFxWidget Category: WidgetCategory(Calendar/FX_WIDGET/-2)
01-18 15:48:13.532 D/CombinedWidgetProvider( 1683): +addFxWidgetCategories: default
01-18 15:48:13.532 D/CombinedWidgetProvider( 1683): addFxWidget Category: WidgetCategory(Bookmarks/FX_WIDGET/-2)
01-18 15:48:13.532 D/CombinedWidgetProvider( 1683): +addFxWidgetCategories: default
01-18 15:48:13.532 D/CombinedWidgetProvider( 1683): addFxWidget Category: WidgetCategory(Messages/FX_WIDGET/-2)
01-18 15:48:13.532 D/CombinedWidgetProvider( 1683): +addFxWidgetCategories: default
01-18 15:48:13.532 D/CombinedWidgetProvider( 1683): addFxWidget Category: WidgetCategory(Twitter/FX_WIDGET/-2)
01-18 15:48:13.532 D/CombinedWidgetProvider( 1683): +addFxWidgetCategories: default
01-18 15:48:13.532 D/CombinedWidgetProvider( 1683): addFxWidget Category: WidgetCategory(Trends/FX_WIDGET/-2)
01-18 15:48:13.532 D/CombinedWidgetProvider( 1683): +addFxWidgetCategories: default
01-18 15:48:13.532 D/CombinedWidgetProvider( 1683): addFxWidget Category: WidgetCategory(Sync All/FX_WIDGET/-2)
01-18 15:48:13.532 D/CombinedWidgetProvider( 1683): +addFxWidgetCategories: default
01-18 15:48:13.532 D/CombinedWidgetProvider( 1683): addFxWidget Category: WidgetCategory(Music/FX_WIDGET/-2)
01-18 15:48:13.532 D/CombinedWidgetProvider( 1683): +addFxWidgetCategories: default
01-18 15:48:13.532 D/CombinedWidgetProvider( 1683): addFxWidget Category: WidgetCategory(Friend Stream/FX_WIDGET/-2)
01-18 15:48:13.532 D/CombinedWidgetProvider( 1683): +addFxWidgetCategories: default
01-18 15:48:13.532 D/CombinedWidgetProvider( 1683): addFxWidget Category: WidgetCategory(My Shelf/FX_WIDGET/-2)
01-18 15:48:13.532 D/CombinedWidgetProvider( 1683): +addFxWidgetCategories: default
01-18 15:48:13.532 D/CombinedWidgetProvider( 1683): addFxWidget Category: WidgetCategory(Weather/FX_WIDGET/-2)
01-18 15:48:13.532 D/CombinedWidgetProvider( 1683): +addFxWidgetCategories: default
01-18 15:48:13.532 D/CombinedWidgetProvider( 1683): addFxWidget Category: WidgetCategory(Notes/FX_WIDGET/-2)
01-18 15:48:13.542 D/CombinedWidgetProvider( 1683): +addFxWidgetCategories: default
01-18 15:48:13.542 D/CombinedWidgetProvider( 1683): addFxWidget Category: WidgetCategory(HTC Likes/FX_WIDGET/-2)
01-18 15:48:13.542 D/CombinedWidgetProvider( 1683): +addFxWidgetCategories: default
01-18 15:48:13.542 D/CombinedWidgetProvider( 1683): addFxWidget Category: WidgetCategory(Photo Album/FX_WIDGET/-2)
01-18 15:48:13.542 D/CombinedWidgetProvider( 1683): +addFxWidgetCategories: default
01-18 15:48:13.542 D/CombinedWidgetProvider( 1683): addFxWidget Category: WidgetCategory(Photo Frame/FX_WIDGET/-2)
01-18 15:48:13.542 D/dalvikvm( 2386): GC_CONCURRENT freed 366K, 10% free 8774K/9735K, paused 2ms+6ms
01-18 15:48:13.542 D/CombinedWidgetProvider( 1683): +addFxWidgetCategories: default
01-18 15:48:13.552 D/CombinedWidgetProvider( 1683): addFxWidget Category: WidgetCategory(Photo Grid/FX_WIDGET/-2)
01-18 15:48:13.552 D/CombinedWidgetProvider( 1683): +addFxWidgetCategories: default
01-18 15:48:13.552 D/CombinedWidgetProvider( 1683): addFxWidget Category: WidgetCategory(Navigate/FX_WIDGET/-2)
01-18 15:48:13.552 D/CombinedWidgetProvider( 1683): +addFxWidgetCategories: default
01-18 15:48:13.552 D/CombinedWidgetProvider( 1683): addFxWidget Category: WidgetCategory(Locations/FX_WIDGET/-2)
01-18 15:48:13.552 D/CombinedWidgetProvider( 1683): +addFxWidgetCategories: default
01-18 15:48:13.552 D/CombinedWidgetProvider( 1683): addFxWidget Category: WidgetCategory(News/FX_WIDGET/-2)
01-18 15:48:13.552 D/CombinedWidgetProvider( 1683): +addFxWidgetCategories: default
01-18 15:48:13.552 D/CombinedWidgetProvider( 1683): addFxWidget Category: WidgetCategory(Clock/FX_WIDGET/-2)
01-18 15:48:13.552 D/CombinedWidgetProvider( 1683): +addFxWidgetCategories: default
01-18 15:48:13.552 D/CombinedWidgetProvider( 1683): addFxWidget Category: WidgetCategory(Calculator/FX_WIDGET/-2)
01-18 15:48:13.552 D/CombinedWidgetProvider( 1683): +addFxWidgetCategories: default
01-18 15:48:13.552 D/CombinedWidgetProvider( 1683): addFxWidget Category: WidgetCategory(Stocks/FX_WIDGET/-2)
01-18 15:48:13.562 D/CombinedWidgetProvider( 1683): -addFxWidgetCategories
01-18 15:48:13.642 D/dalvikvm( 1683): GC_CONCURRENT freed 1191K, 13% free 12108K/13895K, paused 2ms+20ms
01-18 15:48:13.712 D/dalvikvm( 2386): GC_FOR_ALLOC freed 1006K, 16% free 8206K/9735K, paused 36ms
01-18 15:48:13.782 D/dalvikvm( 2386): GC_CONCURRENT freed 19K, 11% free 8749K/9735K, paused 1ms+3ms
01-18 15:48:13.822 D/dalvikvm( 2386): GC_FOR_ALLOC freed 438K, 10% free 8776K/9735K, paused 19ms
01-18 15:48:14.143 D/dalvikvm( 1666): GC_CONCURRENT freed 258K, 9% free 7893K/8647K, paused 2ms+1ms
01-18 15:48:14.353 I/System.out( 2666): Values: 191.3125 67.25 -141.75
01-18 15:48:15.354 I/System.out( 2666): Values: 190.3125 67.6875 -137.0
01-18 15:48:16.355 I/System.out( 2666): Values: 189.875 67.0 -143.4375
01-18 15:48:17.356 I/System.out( 2666): Values: 187.0625 66.875 -145.125
01-18 15:48:18.357 I/System.out( 2666): Values: 188.0625 65.3125 -143.75
01-18 15:48:19.358 I/System.out( 2666): Values: 187.75 65.375 -144.75
01-18 15:48:20.359 I/System.out( 2666): Values: 186.8125 65.0 -144.5625
01-18 15:48:21.360 I/System.out( 2666): Values: 187.5625 66.0 -143.625
01-18 15:48:22.361 I/System.out( 2666): Values: 186.125 65.0625 -144.375
01-18 15:48:22.891 D/dalvikvm( 2386): GC_EXPLICIT freed 163K, 11% free 8758K/9735K, paused 5ms+2ms
01-18 15:48:23.362 I/System.out( 2666): Values: 186.6875 65.1875 -143.125
01-18 15:48:24.363 I/System.out( 2666): Values: 188.375 65.0 -142.625
01-18 15:48:25.364 I/System.out( 2666): Values: 188.9375 66.9375 -142.9375
01-18 15:48:26.355 I/System.out( 2666): Values: 187.4375 66.5625 -144.375
01-18 15:48:26.515 D/UsbnetService( 1574): BroadcastReceiver::onReceive+
01-18 15:48:26.515 D/UsbnetService( 1574): onReceive BATTERY_CHANGED
01-18 15:48:26.515 D/UsbnetService( 1574):  --> pluggedType = 2, mPluggedType = 0, mScreenOff = false
01-18 15:48:26.515 D/UsbnetService( 1574): BroadcastReceiver::onReceive-
01-18 15:48:26.525 D/NotificationService( 1574): mIntentReceiver() Intent.ACTION_BATTERY_CHANGED
01-18 15:48:26.535 D/BatteryService( 1574): SendIntentforPowersaver
01-18 15:48:26.535 D/BatteryService( 1574): Current powersaver status == NORMAL_STATUS1 2 2 false
01-18 15:48:26.555 D/PowerUI ( 1643): closing low battery warning: level=99
01-18 15:48:26.555 D/RemoveMe( 1664): DCT got intent android.intent.action.BATTERY_CHANGED
01-18 15:48:26.555 D/RemoveMe( 1664): DCT got intent android.intent.action.BATTERY_CHANGED
01-18 15:48:26.555 D/RemoveMe( 1664): DCT got intent android.intent.action.BATTERY_CHANGED
01-18 15:48:26.555 D/PowerUI ( 1643): plugged = true, health = 2, mBatteryLevel = 99, mPluggedBatteryLevel = 97, mLowBatteryWarningLevel2 = 25, mshowLowChargingWarning2 = true
01-18 15:48:27.366 I/System.out( 2666): Values: 187.5 66.0 -143.125
01-18 15:48:28.357 I/System.out( 2666): Values: 186.5 67.1875 -144.8125
01-18 15:48:29.358 I/System.out( 2666): Values: 186.75 65.5 -144.8125
01-18 15:48:30.359 I/System.out( 2666): Values: 187.0625 66.375 -145.375
01-18 15:48:31.360 I/System.out( 2666): Values: 187.0625 65.3125 -144.9375
01-18 15:48:31.670 D/dalvikvm( 2498): GC_EXPLICIT freed 147K, 5% free 6700K/7047K, paused 9ms+2ms
01-18 15:48:32.361 I/System.out( 2666): Values: 187.0 65.25 -144.0
01-18 15:48:33.362 I/System.out( 2666): Values: 187.25 66.0 -145.25
01-18 15:48:34.363 I/System.out( 2666): Values: 187.4375 65.625 -144.1875
01-18 15:48:35.374 I/System.out( 2666): Values: 188.25 68.0625 -143.0
01-18 15:48:36.354 I/System.out( 2666): Values: 186.3125 65.625 -143.625
01-18 15:48:37.355 I/System.out( 2666): Values: 186.75 66.0625 -145.0
01-18 15:48:38.356 I/System.out( 2666): Values: 186.375 65.3125 -145.875
01-18 15:48:39.357 I/System.out( 2666): Values: 186.875 65.375 -143.6875
01-18 15:48:40.358 I/System.out( 2666): Values: 186.25 65.6875 -143.875
01-18 15:48:41.369 I/System.out( 2666): Values: 187.625 65.375 -144.3125
01-18 15:48:42.360 I/System.out( 2666): Values: 185.75 64.75 -146.1875
01-18 15:48:43.361 I/System.out( 2666): Values: 186.9375 65.0 -143.125
01-18 15:48:44.362 I/System.out( 2666): Values: 187.9375 66.375 -143.4375
01-18 15:48:45.363 I/System.out( 2666): Values: 186.75 65.5625 -143.0
01-18 15:48:46.364 I/System.out( 2666): Values: 186.9375 65.9375 -145.125
01-18 15:48:47.365 I/System.out( 2666): Values: 188.0625 66.25 -142.5
01-18 15:48:48.366 I/System.out( 2666): Values: 187.375 65.0625 -143.625
01-18 15:48:49.367 I/System.out( 2666): Values: 186.625 66.1875 -144.875
01-18 15:48:50.368 I/System.out( 2666): Values: 187.125 66.1875 -145.75
01-18 15:48:51.369 I/System.out( 2666): Values: 187.5625 65.4375 -144.5625
01-18 15:48:52.370 I/System.out( 2666): Values: 188.3125 64.5625 -144.1875
01-18 15:48:53.371 I/System.out( 2666): Values: 188.5625 67.1875 -142.4375
01-18 15:48:54.372 I/System.out( 2666): Values: 187.375 66.75 -145.125
01-18 15:48:55.373 I/System.out( 2666): Values: 187.625 66.1875 -143.375
01-18 15:48:56.364 I/System.out( 2666): Values: 188.75 65.8125 -143.5625
01-18 15:48:56.544 D/UsbnetService( 1574): BroadcastReceiver::onReceive+
01-18 15:48:56.544 D/UsbnetService( 1574): onReceive BATTERY_CHANGED
01-18 15:48:56.544 D/UsbnetService( 1574):  --> pluggedType = 2, mPluggedType = 0, mScreenOff = false
01-18 15:48:56.544 D/UsbnetService( 1574): BroadcastReceiver::onReceive-
01-18 15:48:56.544 D/NotificationService( 1574): mIntentReceiver() Intent.ACTION_BATTERY_CHANGED
01-18 15:48:56.554 D/BatteryService( 1574): SendIntentforPowersaver
01-18 15:48:56.564 D/BatteryService( 1574): Current powersaver status == NORMAL_STATUS1 2 2 false
01-18 15:48:56.574 D/PowerUI ( 1643): closing low battery warning: level=98
01-18 15:48:56.574 D/RemoveMe( 1664): DCT got intent android.intent.action.BATTERY_CHANGED
01-18 15:48:56.574 D/RemoveMe( 1664): DCT got intent android.intent.action.BATTERY_CHANGED
01-18 15:48:56.574 D/PowerUI ( 1643): plugged = true, health = 2, mBatteryLevel = 98, mPluggedBatteryLevel = 97, mLowBatteryWarningLevel2 = 25, mshowLowChargingWarning2 = true
01-18 15:48:56.584 D/RemoveMe( 1664): DCT got intent android.intent.action.BATTERY_CHANGED
01-18 15:48:57.375 I/System.out( 2666): Values: 187.5625 66.5625 -144.9375
01-18 15:48:57.375 I/System.out( 2666): Battery level start is reached
01-18 15:48:58.366 I/System.out( 2666): Values: 186.4375 65.9375 -145.875
01-18 15:48:59.367 I/System.out( 2666): Values: 187.1875 64.8125 -144.8125
01-18 15:49:00.368 I/System.out( 2666): Values: 187.4375 66.0 -143.6875
01-18 15:49:01.369 I/System.out( 2666): Values: 186.6875 65.8125 -143.9375
01-18 15:49:02.370 I/System.out( 2666): Values: 188.0 66.625 -143.9375
01-18 15:49:03.371 I/System.out( 2666): Values: 187.1875 66.0625 -145.0
01-18 15:49:04.372 I/System.out( 2666): Values: 187.375 64.9375 -145.75
01-18 15:49:05.373 I/System.out( 2666): Values: 187.6875 65.9375 -143.25
01-18 15:49:06.384 I/System.out( 2666): Values: 188.8125 67.125 -144.375
01-18 15:49:07.375 I/System.out( 2666): Values: 187.6875 64.75 -143.875
01-18 15:49:08.376 I/System.out( 2666): Values: 186.5625 65.5 -143.875
01-18 15:49:09.377 I/System.out( 2666): Values: 188.3125 66.3125 -143.375
01-18 15:49:10.378 I/System.out( 2666): Values: 187.375 66.125 -144.0
01-18 15:49:11.379 I/System.out( 2666): Values: 188.0 65.6875 -143.125
01-18 15:49:12.380 I/System.out( 2666): Values: 188.5625 67.375 -144.0625
01-18 15:49:13.381 I/System.out( 2666): Values: 187.25 65.4375 -143.5
01-18 15:49:14.382 I/System.out( 2666): Values: 186.9375 65.0625 -144.125
01-18 15:49:15.383 I/System.out( 2666): Values: 187.3125 64.5 -144.5625
01-18 15:49:16.384 I/System.out( 2666): Values: 187.0625 65.1875 -143.75
01-18 15:49:17.384 I/System.out( 2666): Values: 186.25 66.5 -143.8125
01-18 15:49:18.375 I/System.out( 2666): Values: 186.875 66.25 -144.0625
01-18 15:49:19.376 I/System.out( 2666): Values: 188.0 65.5625 -144.3125
01-18 15:49:20.377 I/System.out( 2666): Values: 187.4375 67.0625 -143.25
01-18 15:49:21.378 I/System.out( 2666): Values: 187.5625 66.4375 -145.125
01-18 15:49:22.379 I/System.out( 2666): Values: 187.4375 66.25 -144.0625
01-18 15:49:23.380 I/System.out( 2666): Values: 189.0 67.25 -144.25
01-18 15:49:24.381 I/System.out( 2666): Values: 187.3125 65.1875 -142.9375
01-18 15:49:25.382 I/System.out( 2666): Values: 186.8125 65.0 -142.875
01-18 15:49:26.383 I/System.out( 2666): Values: 189.0 66.625 -144.375
01-18 15:49:26.583 D/UsbnetService( 1574): BroadcastReceiver::onReceive+
01-18 15:49:26.583 D/UsbnetService( 1574): onReceive BATTERY_CHANGED
01-18 15:49:26.583 D/UsbnetService( 1574):  --> pluggedType = 2, mPluggedType = 0, mScreenOff = false
01-18 15:49:26.583 D/UsbnetService( 1574): BroadcastReceiver::onReceive-
01-18 15:49:26.583 D/NotificationService( 1574): mIntentReceiver() Intent.ACTION_BATTERY_CHANGED
01-18 15:49:26.593 D/BatteryService( 1574): SendIntentforPowersaver
01-18 15:49:26.603 D/BatteryService( 1574): Current powersaver status == NORMAL_STATUS1 2 2 false
01-18 15:49:26.603 D/PowerUI ( 1643): closing low battery warning: level=98
01-18 15:49:26.613 D/RemoveMe( 1664): DCT got intent android.intent.action.BATTERY_CHANGED
01-18 15:49:26.613 D/RemoveMe( 1664): DCT got intent android.intent.action.BATTERY_CHANGED
01-18 15:49:26.613 D/RemoveMe( 1664): DCT got intent android.intent.action.BATTERY_CHANGED
01-18 15:49:26.613 D/PowerUI ( 1643): plugged = true, health = 2, mBatteryLevel = 98, mPluggedBatteryLevel = 97, mLowBatteryWarningLevel2 = 25, mshowLowChargingWarning2 = true
01-18 15:49:27.374 I/System.out( 2666): Values: 186.0 66.3125 -144.3125
01-18 15:49:28.375 I/System.out( 2666): Values: 188.0625 66.25 -144.3125
01-18 15:49:29.386 I/System.out( 2666): Values: 186.75 65.375 -144.5
01-18 15:49:30.387 I/System.out( 2666): Values: 187.1875 65.5 -144.3125
01-18 15:49:31.378 I/System.out( 2666): Values: 188.0 67.0 -143.3125
01-18 15:49:32.379 I/System.out( 2666): Values: 187.9375 66.375 -142.25
01-18 15:49:33.380 I/System.out( 2666): Values: 187.25 65.4375 -144.1875
01-18 15:49:34.391 I/System.out( 2666): Values: 188.0625 65.625 -143.875
01-18 15:49:35.392 I/System.out( 2666): Values: 187.9375 65.5 -143.9375
01-18 15:49:36.393 I/System.out( 2666): Values: 186.8125 65.8125 -143.875
01-18 15:49:37.394 I/System.out( 2666): Values: 186.8125 66.3125 -146.0
01-18 15:49:38.385 I/System.out( 2666): Values: 186.6875 65.125 -144.0625
01-18 15:49:39.386 I/System.out( 2666): Values: 188.25 66.0625 -143.9375
01-18 15:49:40.387 I/System.out( 2666): Values: 187.625 65.375 -144.1875
01-18 15:49:41.388 I/System.out( 2666): Values: 188.1875 65.9375 -144.125
01-18 15:49:42.389 I/System.out( 2666): Values: 188.8125 67.6875 -143.75
01-18 15:49:43.390 I/System.out( 2666): Values: 187.4375 66.6875 -144.3125
01-18 15:49:44.391 I/System.out( 2666): Values: 188.375 67.1875 -143.25
01-18 15:49:45.392 I/System.out( 2666): Values: 188.75 66.8125 -142.4375
01-18 15:49:46.393 I/System.out( 2666): Values: 187.4375 66.25 -144.6875
01-18 15:49:47.394 I/System.out( 2666): Values: 185.9375 65.125 -145.5
01-18 15:49:48.385 I/System.out( 2666): Values: 186.8125 65.0 -144.375
01-18 15:49:49.386 I/System.out( 2666): Values: 187.1875 66.1875 -143.5
01-18 15:49:50.387 I/System.out( 2666): Values: 187.9375 65.8125 -144.0625
01-18 15:49:51.388 I/System.out( 2666): Values: 188.3125 66.9375 -143.875
01-18 15:49:52.389 I/System.out( 2666): Values: 187.375 66.125 -143.8125
01-18 15:49:53.390 I/System.out( 2666): Values: 186.9375 66.0625 -144.8125
01-18 15:49:54.391 I/System.out( 2666): Values: 187.9375 66.0625 -143.25
01-18 15:49:55.392 I/System.out( 2666): Values: 186.875 65.1875 -144.875
01-18 15:49:56.393 I/System.out( 2666): Values: 187.3125 65.8125 -144.25
01-18 15:49:56.603 D/UsbnetService( 1574): BroadcastReceiver::onReceive+
01-18 15:49:56.603 D/UsbnetService( 1574): onReceive BATTERY_CHANGED
01-18 15:49:56.603 D/UsbnetService( 1574):  --> pluggedType = 2, mPluggedType = 0, mScreenOff = false
01-18 15:49:56.603 D/UsbnetService( 1574): BroadcastReceiver::onReceive-
01-18 15:49:56.603 D/NotificationService( 1574): mIntentReceiver() Intent.ACTION_BATTERY_CHANGED
01-18 15:49:56.613 D/BatteryService( 1574): SendIntentforPowersaver
01-18 15:49:56.613 D/BatteryService( 1574): Current powersaver status == NORMAL_STATUS1 2 2 false
01-18 15:49:56.633 D/PowerUI ( 1643): closing low battery warning: level=98
01-18 15:49:56.643 D/RemoveMe( 1664): DCT got intent android.intent.action.BATTERY_CHANGED
01-18 15:49:56.643 D/RemoveMe( 1664): DCT got intent android.intent.action.BATTERY_CHANGED
01-18 15:49:56.643 D/RemoveMe( 1664): DCT got intent android.intent.action.BATTERY_CHANGED
01-18 15:49:56.643 D/PowerUI ( 1643): plugged = true, health = 2, mBatteryLevel = 98, mPluggedBatteryLevel = 97, mLowBatteryWarningLevel2 = 25, mshowLowChargingWarning2 = true
01-18 15:49:57.394 I/System.out( 2666): Values: 186.75 64.3125 -144.8125
01-18 15:49:58.384 I/System.out( 2666): Values: 186.8125 65.375 -143.75
01-18 15:49:59.385 I/System.out( 2666): Values: 187.0 65.4375 -145.3125
01-18 15:50:00.396 I/System.out( 2666): Values: 188.3125 67.25 -142.75
01-18 15:50:01.397 I/System.out( 2666): Values: 188.25 66.1875 -142.8125
01-18 15:50:02.388 I/System.out( 2666): Values: 186.9375 66.4375 -143.625
01-18 15:50:03.389 I/System.out( 2666): Values: 187.5625 66.3125 -143.9375
01-18 15:50:04.400 I/System.out( 2666): Values: 186.5625 65.8125 -144.1875
01-18 15:50:05.151 D/dalvikvm( 1683): GC_EXPLICIT freed 1838K, 27% free 10273K/13895K, paused 8ms+4ms
01-18 15:50:05.401 I/System.out( 2666): Values: 186.75 65.4375 -144.6875
01-18 15:50:06.402 I/System.out( 2666): Values: 187.875 65.5 -143.375
01-18 15:50:07.403 I/System.out( 2666): Values: 187.875 65.875 -143.6875
01-18 15:50:08.404 I/System.out( 2666): Values: 187.5625 66.3125 -143.8125
01-18 15:50:09.395 I/System.out( 2666): Values: 188.125 67.0 -143.25
01-18 15:50:10.396 I/System.out( 2666): Values: 187.1875 67.0 -142.6875
01-18 15:50:11.397 I/System.out( 2666): Values: 187.0 65.0625 -143.6875
01-18 15:50:12.398 I/System.out( 2666): Values: 188.5 66.1875 -143.0625
01-18 15:50:13.399 I/System.out( 2666): Values: 187.3125 65.5 -143.0625
01-18 15:50:14.400 I/System.out( 2666): Values: 187.5625 66.0 -143.9375
01-18 15:50:15.401 I/System.out( 2666): Values: 187.1875 65.8125 -144.1875
01-18 15:50:16.402 I/System.out( 2666): Values: 186.75 66.0625 -144.8125
01-18 15:50:17.403 I/System.out( 2666): Values: 187.25 67.75 -142.875
01-18 15:50:18.394 I/System.out( 2666): Values: 187.25 65.875 -143.875
01-18 15:50:19.395 I/System.out( 2666): Values: 188.125 65.5625 -143.0625
01-18 15:50:19.976 D/dalvikvm( 2498): GC_EXPLICIT freed 37K, 5% free 6695K/7047K, paused 1ms+1ms
01-18 15:50:20.396 I/System.out( 2666): Values: 187.1875 65.9375 -144.8125
01-18 15:50:21.397 I/System.out( 2666): Values: 187.9375 65.375 -144.375
01-18 15:50:22.398 I/System.out( 2666): Values: 186.875 65.8125 -144.0625
01-18 15:50:23.399 I/System.out( 2666): Values: 186.8125 66.375 -144.375
01-18 15:50:24.400 I/System.out( 2666): Values: 186.8125 65.0625 -145.3125
01-18 15:50:25.401 I/System.out( 2666): Values: 188.5625 66.3125 -144.4375
01-18 15:50:26.402 I/System.out( 2666): Values: 187.5 67.5625 -143.125
01-18 15:50:26.622 D/UsbnetService( 1574): BroadcastReceiver::onReceive+
01-18 15:50:26.632 D/UsbnetService( 1574): onReceive BATTERY_CHANGED
01-18 15:50:26.632 D/UsbnetService( 1574):  --> pluggedType = 2, mPluggedType = 0, mScreenOff = false
01-18 15:50:26.632 D/UsbnetService( 1574): BroadcastReceiver::onReceive-
01-18 15:50:26.632 D/NotificationService( 1574): mIntentReceiver() Intent.ACTION_BATTERY_CHANGED
01-18 15:50:26.642 D/BatteryService( 1574): SendIntentforPowersaver
01-18 15:50:26.642 D/BatteryService( 1574): Current powersaver status == NORMAL_STATUS1 2 2 false
01-18 15:50:26.662 D/RemoveMe( 1664): DCT got intent android.intent.action.BATTERY_CHANGED
01-18 15:50:26.682 D/RemoveMe( 1664): DCT got intent android.intent.action.BATTERY_CHANGED
01-18 15:50:26.682 D/RemoveMe( 1664): DCT got intent android.intent.action.BATTERY_CHANGED
01-18 15:50:26.682 D/PowerUI ( 1643): closing low battery warning: level=98
01-18 15:50:26.682 D/PowerUI ( 1643): plugged = true, health = 2, mBatteryLevel = 98, mPluggedBatteryLevel = 97, mLowBatteryWarningLevel2 = 25, mshowLowChargingWarning2 = true
01-18 15:50:26.712 D/dalvikvm( 1643): GC_CONCURRENT freed 344K, 6% free 8476K/8967K, paused 15ms+1ms
01-18 15:50:27.403 I/System.out( 2666): Values: 187.125 65.4375 -144.4375
01-18 15:50:28.404 I/System.out( 2666): Values: 187.0625 66.3125 -144.5625
01-18 15:50:29.395 I/System.out( 2666): Values: 187.625 64.25 -143.9375
01-18 15:50:30.406 I/System.out( 2666): Values: 188.125 66.1875 -144.6875
01-18 15:50:30.476 D/dalvikvm( 2666): GC_CONCURRENT freed 336K, 7% free 6556K/6983K, paused 6ms+2ms
01-18 15:50:31.397 I/System.out( 2666): Values: 186.75 66.5 -143.3125
01-18 15:50:32.398 I/System.out( 2666): Values: 188.0 65.1875 -144.625
01-18 15:50:33.409 I/System.out( 2666): Values: 188.0 67.0 -143.625
01-18 15:50:34.410 I/System.out( 2666): Values: 187.1875 66.75 -143.375
01-18 15:50:35.411 I/System.out( 2666): Values: 187.9375 66.6875 -145.4375
01-18 15:50:36.412 I/System.out( 2666): Values: 186.9375 65.0625 -144.25
01-18 15:50:37.413 I/System.out( 2666): Values: 186.375 67.0 -144.5
01-18 15:50:38.414 I/System.out( 2666): Values: 188.125 66.0625 -143.375
01-18 15:50:39.405 I/System.out( 2666): Values: 188.3125 67.6875 -143.5625
01-18 15:50:40.405 I/System.out( 2666): Values: 187.8125 66.375 -144.8125
01-18 15:50:41.406 I/System.out( 2666): Values: 187.9375 66.125 -144.0625
01-18 15:50:42.407 I/System.out( 2666): Values: 186.9375 65.9375 -144.9375
01-18 15:50:43.408 I/System.out( 2666): Values: 187.3125 66.0625 -145.125
01-18 15:50:44.409 I/System.out( 2666): Values: 187.25 66.0 -144.0625
01-18 15:50:45.410 I/System.out( 2666): Values: 188.125 65.6875 -143.8125
01-18 15:50:46.411 I/System.out( 2666): Values: 186.6875 65.125 -145.75
01-18 15:50:47.412 I/System.out( 2666): Values: 187.0 65.25 -143.5
01-18 15:50:48.413 I/System.out( 2666): Values: 186.5625 67.25 -145.1875
01-18 15:50:49.414 I/System.out( 2666): Values: 185.9375 66.5 -144.1875
01-18 15:50:50.415 I/System.out( 2666): Values: 187.5 65.0 -143.75
01-18 15:50:51.406 I/System.out( 2666): Values: 187.5625 66.6875 -144.625
01-18 15:50:52.407 I/System.out( 2666): Values: 186.8125 65.0 -144.3125
01-18 15:50:53.408 I/System.out( 2666): Values: 187.375 67.625 -144.6875
01-18 15:50:54.409 I/System.out( 2666): Values: 186.8125 66.3125 -143.875
01-18 15:50:55.410 I/System.out( 2666): Values: 187.0 64.9375 -144.6875
01-18 15:50:56.411 I/System.out( 2666): Values: 186.5625 65.5625 -145.3125
01-18 15:50:57.412 I/System.out( 2666): Values: 187.375 65.5 -144.9375
01-18 15:50:58.413 I/System.out( 2666): Values: 186.75 64.75 -144.4375
01-18 15:50:59.414 I/System.out( 2666): Values: 186.375 66.125 -144.1875
01-18 15:51:00.405 I/System.out( 2666): Values: 186.8125 65.3125 -144.5
01-18 15:51:01.406 I/System.out( 2666): Values: 187.4375 66.9375 -142.25
01-18 15:51:02.407 I/System.out( 2666): Values: 187.625 65.3125 -143.375
01-18 15:51:03.408 I/System.out( 2666): Values: 187.8125 65.5625 -144.6875
01-18 15:51:04.409 I/System.out( 2666): Values: 187.1875 66.5625 -145.1875
01-18 15:51:05.410 I/System.out( 2666): Values: 187.3125 65.375 -145.0625
01-18 15:51:06.421 I/System.out( 2666): Values: 187.625 67.25 -144.375
01-18 15:51:07.412 I/System.out( 2666): Values: 187.3125 66.375 -144.3125
01-18 15:51:08.413 I/System.out( 2666): Values: 187.75 65.8125 -144.25
01-18 15:51:09.424 I/System.out( 2666): Values: 186.125 65.8125 -145.5
01-18 15:51:10.415 I/System.out( 2666): Values: 187.9375 65.8125 -143.9375
01-18 15:51:11.416 I/System.out( 2666): Values: 187.75 65.375 -144.3125
01-18 15:51:12.417 I/System.out( 2666): Values: 188.6875 66.25 -143.5
01-18 15:51:13.418 I/System.out( 2666): Values: 188.3125 67.0 -143.1875
01-18 15:51:14.419 I/System.out( 2666): Values: 186.1875 65.1875 -145.0625
01-18 15:51:15.420 I/System.out( 2666): Values: 186.625 65.875 -144.375
01-18 15:51:16.421 I/System.out( 2666): Values: 186.625 65.625 -143.375
01-18 15:51:17.422 I/System.out( 2666): Values: 186.9375 65.875 -143.8125
01-18 15:51:18.423 I/System.out( 2666): Values: 187.125 65.8125 -143.8125
01-18 15:51:19.424 I/System.out( 2666): Values: 186.1875 66.3125 -144.875
01-18 15:51:20.415 I/System.out( 2666): Values: 187.6875 66.75 -143.25
01-18 15:51:21.415 I/System.out( 2666): Values: 187.875 66.0625 -143.0625
01-18 15:51:22.416 I/System.out( 2666): Values: 187.5 65.3125 -144.75
01-18 15:51:22.967 D/SntpClient( 1574): requestTime: called by Thread[ThrottleService,5,main], failed: java.net.UnknownHostException: Unable to resolve host "north-america.pool.ntp.org": No address associated with hostname
01-18 15:51:22.967 D/NetdConnector( 1574): listenToSocket read--: (6,0)
01-18 15:51:22.987 D/NetdConnector( 1574): doCommand++ (Wait Response)
01-18 15:51:22.987 D/NetdConnector( 1574): RCV <- {216 0}
01-18 15:51:22.987 D/NetdConnector( 1574): listenToSocket read++
01-18 15:51:22.987 D/NetdConnector( 1574): RSP <- {216 0}
01-18 15:51:22.987 D/NetdConnector( 1574): miNoRespCnt=0
01-18 15:51:22.987 D/NetdConnector( 1574): doCommand-- (complete)
01-18 15:51:22.997 D/NetdConnector( 1574): listenToSocket read--: (6,0)
01-18 15:51:22.997 D/NetdConnector( 1574): RCV <- {217 0}
01-18 15:51:23.007 D/NetdConnector( 1574): listenToSocket read++
01-18 15:51:23.007 D/NetdConnector( 1574): doCommand++ (Wait Response)
01-18 15:51:23.007 D/NetdConnector( 1574): RSP <- {217 0}
01-18 15:51:23.007 D/NetdConnector( 1574): miNoRespCnt=0
01-18 15:51:23.007 D/NetdConnector( 1574): doCommand-- (complete)
01-18 15:51:23.027 D/SntpClient( 1574): requestTime: called by Thread[ThrottleService,5,main], failed: java.net.UnknownHostException: Unable to resolve host "north-america.pool.ntp.org": No address associated with hostname
01-18 15:51:23.027 D/SntpClient( 1574): requestTime: called by Thread[ThrottleService,5,main], failed: java.net.UnknownHostException: Unable to resolve host "north-america.pool.ntp.org": No address associated with hostname
01-18 15:51:23.417 I/System.out( 2666): Values: 187.5 66.25 -145.25
01-18 15:51:24.428 I/System.out( 2666): Values: 188.3125 66.125 -143.5625
01-18 15:51:25.419 I/System.out( 2666): Values: 187.3125 64.375 -143.75
01-18 15:51:26.420 I/System.out( 2666): Values: 186.625 66.0625 -144.75
01-18 15:51:26.671 D/UsbnetService( 1574): BroadcastReceiver::onReceive+
