--------- beginning of /dev/log/main
01-07 19:24:03.932 D/KeyguardViewMediator( 1590): wakeWhenReadyLocked(26)
01-07 19:24:03.932 I/power   ( 1590): *** set_screen_state 1
01-07 19:24:03.942 D/PowerManagerService( 1590): setScreenStateLocked++, on: true, err: 0
01-07 19:24:03.942 D/lights  ( 1590): set_light_buttons_func: on=16777215 brightness=255
01-07 19:24:03.942 D/lights  ( 1590): set_rotated_rgb_led: on=0 brightness=0
01-07 19:24:03.942 D/lights  ( 1590): [LedInfo] write attr ok name=/sys/class/leds/amber-portrait/brightness string=0,len=1
01-07 19:24:03.942 D/lights  ( 1590): set_rotated_rgb_led: on=1 brightness=255
01-07 19:24:03.942 D/lights  ( 1590): [LedInfo] write attr ok name=/sys/class/leds/green-portrait/brightness string=255,len=3
01-07 19:24:03.942 D/lights  ( 1590): set_rotated_rgb_led: on=0 brightness=0
01-07 19:24:03.942 E/lights  ( 1590): [LedErr] open attr failed name=/sys/class/leds/blue-portrait/brightness errno: 2
01-07 19:24:03.942 D/Sensors ( 1590): Enable akm: en = 1
--------- beginning of /dev/log/system
01-07 19:24:03.942 D/PowerManagerService( 1590): button light setOrientation:-1
01-07 19:24:03.942 D/PowerManagerService( 1590): setPenMenuButtonLed: 2
01-07 19:24:03.942 D/PowerManagerService( 1590): Set pen menu button led (amber, green, blue) = 0, -1, 0), portrait = true
01-07 19:24:03.952 D/Launcher.Model( 1689): updateAppUsageStatCache +
01-07 19:24:03.962 D/Launcher.Model( 1689): updateAppUsageStatCache - diff: 2
01-07 19:24:03.992 D/UsbnetService( 1590): BroadcastReceiver::onReceive+
01-07 19:24:03.992 D/UsbnetService( 1590): onReceive SCREEN_ON
01-07 19:24:03.992 D/UsbnetService( 1590): BroadcastReceiver::onReceive-
01-07 19:24:03.992 D/SurfaceFlinger( 1441): Screen about to return, flinger = 0xa830
01-07 19:24:03.992 D/msm7x30.hwcomposer( 1441): HWC called FB enableHDMIOutput(0)
01-07 19:24:03.992 D/AlarmManager( 1590): ACTION_SCREEN_ON
01-07 19:24:04.002 D/PREF    ( 1689): setWidgetTilt .PhotoGridWidget3D : 17
01-07 19:24:04.022 D/HostWidgetManager( 1689): onResumeInKeyguard: 2
01-07 19:24:04.022 D/AK8975  ( 1451): Compass Start
01-07 19:24:04.022 D/FxWorkspace( 1689): prepareUnlockAnimation
01-07 19:24:04.022 D/FxWorkspaceClient( 1689): showAllScreens()
01-07 19:24:04.022 D/FxWorkspaceClient( 1689): freezeAllScreens
01-07 19:24:04.022 D/UnlockAnimator( 1689): setFrame: unlock_to_03
01-07 19:24:04.032 D/RemoveMe( 1672): DCT got intent android.intent.action.SCREEN_ON
01-07 19:24:04.032 D/ConnectivityService( 1590): getMobileDataEnabled returning false
01-07 19:24:04.042 D/StatusBar.NetworkController( 1654): mSignalStrength.isGsm() == true
01-07 19:24:04.052 D/Rotate.Performance( 1689): FxWorkspace.show()
01-07 19:24:04.052 D/ConnectivityService( 1590): getMobileDataEnabled returning false
01-07 19:24:04.062 D/RemoveMe( 1672): DCT got intent android.intent.action.SCREEN_ON
01-07 19:24:04.072 D/RemoveMe( 1672): DCT got intent android.intent.action.SCREEN_ON
01-07 19:24:04.082 D/dalvikvm( 1695): GC_CONCURRENT freed 368K, 8% free 7032K/7623K, paused 1ms+10ms
01-07 19:24:07.556 I/InputReader( 1590): Device reconfigured: id=6, name='Ntrig-touchscreen', surface size is now 600x1024
01-07 19:24:07.556 D/HtcLockScreen3.0( 1590): HtcLockScreen: onInterceptTouchEvent ACTION_DOWN
01-07 19:24:07.856 D/HtcLockScreen3.0( 1590): HtcLockScreen: onInterceptTouchEvent ACTION_UP
01-07 19:24:07.886 D/IdleScreen_base( 1695): onRingUnlockStart
01-07 19:24:08.196 D/KeyguardViewManager( 1590): hide()
01-07 19:24:08.196 I/TabletStatusBar( 1654): DISABLE_CLOCK: no
01-07 19:24:08.196 I/TabletStatusBar( 1654): DISABLE_NAVIGATION: no
01-07 19:24:08.206 D/MyHTC   ( 2518): PoweronReceiver.onReceive(): intent=android.intent.action.USER_PRESENT
01-07 19:24:08.206 D/FxWorkspace( 1689): unlockAnimation
01-07 19:24:08.206 D/FxWorkspace( 1689): onUnlockAnimationStart()
01-07 19:24:08.206 D/UnlockAnimator( 1689): playMarker: unlock_to_03
01-07 19:24:08.216 D/FxWorkspaceClient( 1689): showAllScreens()
01-07 19:24:08.216 D/Rotate.Performance( 1689): FxWorkspace.show()
01-07 19:24:08.236 D/Sensors ( 1590): Enable akm: en = 0
01-07 19:24:08.236 I/ActivityManager( 1590): Start proc com.htc.bg for broadcast com.htc.htctwitter/.MessageReceiver: pid=2558 uid=10013 gids={2001, 3003, 1006, 1015}
01-07 19:24:08.266 D/msm7x30.gralloc( 1441): gpu_context_t::getGrallocInformationFromFormat  1 
01-07 19:24:08.286 D/Sensors ( 1590): Enable akm: en = 1
01-07 19:24:08.346 I/TabletStatusBar( 1654): DISABLE_BACK: no
01-07 19:24:08.366 D/SurfaceFlinger( 1441): virtual void android::Layer::onRemoved(): lcblk (identity=2, status=0, token=0)
01-07 19:24:08.366 D/Sensors ( 1590): Enable akm: en = 0
01-07 19:24:08.376 I/ActivityThread( 2558): Pub com.htc.socialnetwork.flickr.provider.StreamProvider: com.htc.socialnetwork.flickr.provider.FlickrStreamProvider
01-07 19:24:08.396 D/SurfaceFlinger( 1441): virtual void android::Layer::onRemoved(): lcblk (identity=6, status=0, token=0)
01-07 19:24:08.436 I/ActivityThread( 2558): Pub com.htc.accounts: com.htc.CustomizationSetup.AccountsProvider
01-07 19:24:08.457 I/ActivityThread( 2558): Pub com.htc.htctwitter.Users: com.htc.htctwitter.FriendProvider
01-07 19:24:08.467 I/ActivityThread( 2558): Pub com.htc.opensense.snprovider: com.htc.opensense.snprovider.SocialNetworkProvider
01-07 19:24:08.477 D/SocialNetworkProvider( 2558): onCreate
01-07 19:24:08.477 I/ActivityThread( 2558): Pub com.htc.socialnetwork.flickr.provider.CacheImageProvider: com.htc.socialnetwork.flickr.provider.FlickrCacheImageProvider
01-07 19:24:08.487 I/ActivityThread( 2558): Pub com.htc.friendstream.provider.FriendStreamProvider: com.htc.friendstream.provider.FriendStreamProvider
01-07 19:24:08.517 I/ActivityThread( 2558): Pub com.htc.chirp.provider.Tweet;com.htc.htctwitter: com.htc.htctwitter.TwitterProvider
01-07 19:24:08.517 D/dalvikvm( 1695): GC_EXPLICIT freed 43K, 9% free 7010K/7623K, paused 1ms+7ms
01-07 19:24:08.537 I/ActivityThread( 2558): Pub com.htc.provider.settings: com.htc.provider.settings.NotificationFlashLightProvider
01-07 19:24:08.547 I/ActivityThread( 2558): Pub com.htc.settings.accountsync.SYNC: com.htc.opensense.syncprovider.SyncProvider
01-07 19:24:08.557 D/SyncProvider( 2558): onCreate
01-07 19:24:08.557 I/ActivityThread( 2558): Pub com.htc.providers.uploads: com.htc.providers.uploads.UploadProvider
01-07 19:24:08.577 D/UploadProvider( 2558): UploadProvider is running
01-07 19:24:08.577 I/ActivityThread( 2558): Pub com.htc.cachemanager: com.htc.opensense.cachemanager.CacheProvider
01-07 19:24:08.577 I/ActivityThread( 2558): Pub com.htc.socialnetwork.facebook.provider.CacheImageProvider: com.htc.socialnetwork.facebook.provider.FacebookCacheImageProvider
01-07 19:24:08.597 D/AK8975  ( 1451): Compass CLOSE 
01-07 19:24:08.617 D/dalvikvm( 1695): GC_EXPLICIT freed 1K, 9% free 7009K/7623K, paused 2ms+4ms
01-07 19:24:08.627 I/ActivityThread( 2558): Pub com.htc.htctwitter.provider.CacheImageProvider: com.htc.htctwitter.provider.TwitterCacheImageProvider
01-07 19:24:08.627 I/ActivityThread( 2558): Pub com.htc.socialnetwork.facebook: com.htc.socialnetwork.facebook.FacebookDB
01-07 19:24:08.657 D/Twitter-MessageReceiver( 2558): action android.intent.action.USER_PRESENT
01-07 19:24:08.677 D/SqliteDatabaseCpp( 2558): dbopen(): path = /data/data/com.htc.htctwitter/databases , key = `tgg`avh, flag = 6, file size = 16384
01-07 19:24:08.687 D/SqliteDatabaseCpp( 2558): dbopen(): path = /data/data/com.htc.htctwitter/databases , key = `tgg`avh, mode: delete, disk free size: 7859 M, handle: 0x217940
01-07 19:24:08.757 D/dalvikvm( 2558): GC_CONCURRENT freed 185K, 5% free 6743K/7047K, paused 1ms+3ms
01-07 19:24:08.777 D/SqliteDatabaseCpp( 2558): dbopen(): path = /data/data/com.htc.opensense/databases , key = wqjg, flag = 6, file size = 7168
01-07 19:24:08.797 D/SqliteDatabaseCpp( 2558): dbopen(): path = /data/data/com.htc.opensense/databases , key = wqjg, mode: delete, disk free size: 7859 M, handle: 0x15e828
01-07 19:24:08.807 D/SyncProvider( 2558): match settings
01-07 19:24:08.817 D/FacebookReceiver( 2558): Intent.ACTION_USER_PRESENT SyncInterval=3600000,currTime=1389122648790
01-07 19:24:08.817 D/FacebookReceiver( 2558): Intent.ACTION_USER_PRESENT lastStreamSyncTime=1389122648830,lastFriendSyncTime=1389122648830
01-07 19:24:08.817 D/dalvikvm( 1695): GC_EXPLICIT freed 2K, 9% free 7009K/7623K, paused 1ms+1ms
01-07 19:24:08.847 D/SyncProvider( 2558): match settings
01-07 19:24:08.847 D/FlickrReceiver( 2558): Intent.ACTION_USER_PRESENT SyncInterval=3600000,currTime=1389122648857
01-07 19:24:08.847 D/FlickrReceiver( 2558): Intent.ACTION_USER_PRESENT lastStreamSyncTime=1389122648861,lastFriendSyncTime=1389122648861
01-07 19:24:08.857 I/ActivityManager( 1590): Start proc com.htc.notes for broadcast com.htc.notes/.sync.NotesAccountReceiver: pid=2570 uid=9996 gids={3003, 1015, 1006, 2001}
01-07 19:24:08.947 I/ActivityManager( 1590): No longer want com.htc.recommend (pid 2355): hidden #16
01-07 19:24:08.967 D/dalvikvm( 1695): GC_EXPLICIT freed 1K, 9% free 7009K/7623K, paused 1ms+21ms
01-07 19:24:08.967 D/dalvikvm( 1442): GC_EXPLICIT freed 11K, 5% free 6453K/6787K, paused 8ms+1ms
01-07 19:24:09.027 D/dalvikvm( 1442): GC_EXPLICIT freed <1K, 5% free 6453K/6787K, paused 1ms+8ms
01-07 19:24:09.057 D/dalvikvm( 1442): GC_EXPLICIT freed <1K, 5% free 6453K/6787K, paused 1ms+1ms
01-07 19:24:09.057 I/ActivityManager( 1590): No longer want com.htc.bgp (pid 1791): hidden #16
01-07 19:24:09.067 D/SyncProvider( 2558): match settings
01-07 19:24:09.077 W/ContentService( 1590): binderDied() at ObserverNode name auto_time
01-07 19:24:09.077 W/ActivityManager( 1590): Scheduling restart of crashed service com.htc.android.psclient/.ConnectToPCService in 5000ms
01-07 19:24:09.077 V/LocationManagerService( 1590): Location listener died
01-07 19:24:09.087 W/ActivityManager( 1590): Scheduling restart of crashed service com.htc.htclocationservice/.AutoSettingService in 14999ms
01-07 19:24:09.087 V/LocationManagerService( 1590): _removeUpdates: listener = Receiver{410182d8 Listener android.os.BinderProxy@41018198}mUpdateRecords: {passive=UpdateRecord{41018a78 mProvider: passive mUid: 10013}}
01-07 19:24:09.187 D/FxWorkspace( 1689): onUnlockAnimationEnd()
01-07 19:24:09.197 D/HostWidgetManager( 1689): onUserPresent: 2
01-07 19:24:09.197 D/HostWidgetManager( 1689): resumeWidgets: 2 sort: true
01-07 19:24:09.197 D/FxWorkspace( 1689): changeScreensVisibility
01-07 19:24:09.207 D/FxWorkspace( 1689): changeScreensVisibility
01-07 19:24:09.267 I/ActivityManager( 1590): Start proc com.htc.bgp for content provider com.htc.provider.weather/.WeatherProvider: pid=2579 uid=10013 gids={2001, 3003, 1006, 1015}
01-07 19:24:09.327 I/ActivityThread( 2579): Pub com.htc.provider.notes: com.htc.provider.notes.HtcNotesProvider
01-07 19:24:09.337 I/ActivityThread( 2579): Pub customization_settings: com.htc.provider.CustomizationSettings.CustomizationSettingsProvider
01-07 19:24:09.347 D/SqliteDatabaseCpp( 2579): dbopen(): path = /data/data/com.htc.provider.CustomizationSettings/databases , key = guwtkma~Ytakj[wettajcw, flag = 6, file size = 128000
01-07 19:24:09.347 D/SqliteDatabaseCpp( 2579): dbopen(): path = /data/data/com.htc.provider.CustomizationSettings/databases , key = guwtkma~Ytakj[wettajcw, mode: delete, disk free size: 7859 M, handle: 0x19a230
01-07 19:24:09.357 I/ActivityThread( 2579): Pub com.htc.provider.weather: com.htc.provider.weather.WeatherProvider
01-07 19:24:09.357 D/SqliteDatabaseCpp( 2579): dbopen(): path = /data/data/com.htc.provider.weather/databases , key = seYt`ev, flag = 6, file size = 8192
01-07 19:24:09.357 D/SqliteDatabaseCpp( 2579): dbopen(): path = /data/data/com.htc.provider.weather/databases , key = seYt`ev, mode: delete, disk free size: 7859 M, handle: 0x1a9500
01-07 19:24:09.357 I/ActivityThread( 2579): Pub com.htc.opensense.plugin: com.htc.opensense.pluginmanager.PluginProvider
01-07 19:24:09.367 D/PluginProvider( 2579): PluginProvider onCreate
01-07 19:24:09.367 I/ActivityThread( 2579): Pub com.htc.sync.provider.weather: com.htc.sync.provider.weather.Provider
01-07 19:24:09.377 I/ActivityThread( 2579): Pub stock: com.htc.dcs.service.stock.StockProvider
01-07 19:24:09.377 I/ActivityThread( 2579): Pub stockset: com.htc.android.Stock.SettingProvider
01-07 19:24:09.387 I/ActivityThread( 2579): Pub com.android.calendar: com.android.providers.calendar.HtcCalendarProvider
01-07 19:24:09.397 D/SqliteDatabaseCpp( 2579): dbopen(): path = /data/data/com.android.providers.calendar/databases , key = gYlejdYv, flag = 6, file size = 53248
01-07 19:24:09.407 D/SqliteDatabaseCpp( 2579): dbopen(): path = /data/data/com.android.providers.calendar/databases , key = gYlejdYv, mode: delete, disk free size: 7859 M, handle: 0x241fa0
01-07 19:24:09.407 D/Socket_Alarm( 2579): registerHTCSocketMonitorCallBack
01-07 19:24:09.407 D/Socket_Alarm( 2579): set mSocketMonitor
01-07 19:24:09.407 D/Socket_Alarm( 2579): HTCSocketMonitorImpl::HTCSocketMonitorImpl
01-07 19:24:09.427 I/ActivityManager( 1590): No longer want com.android.smith (pid 2020): hidden #16
01-07 19:24:09.437 D/SqliteDatabaseCpp( 2579): dbopen(): path = /data/data/com.htc.sync.provider.weather/databases , key = seYt`evwqjg, flag = 6, file size = 9216
01-07 19:24:09.437 I/CalendarProvider2( 2579): doOnAccountUpdated
01-07 19:24:09.447 D/SqliteDatabaseCpp( 2579): dbopen(): path = /data/data/com.htc.sync.provider.weather/databases , key = seYt`evwqjg, mode: delete, disk free size: 7859 M, handle: 0x2650a0
01-07 19:24:09.467 D/Calendar( 2579): missed alarms found: 0
01-07 19:24:09.708 D/Sensors ( 1590): Enable akm: en = 1
01-07 19:24:09.728 D/AK8975  ( 1451): Compass Start
01-07 19:24:09.828 D/dalvikvm( 2579): GC_CONCURRENT freed 205K, 5% free 6733K/7047K, paused 1ms+19ms
01-07 19:24:09.848 W/WSP     ( 2579): [HttpURLConnectionHelper] http://htc2.accu-weather.com/widget/htc2/weather-data.asp?slat=56.33&slon=-2.80&metric=0 connection failed, Unable to resolve host "htc2.accu-weather.com": No address associated with hostname
01-07 19:24:09.848 W/WSP     ( 2579): [HttpURLConnectionHelper] http://htc2.accu-weather.com/widget/htc2/weather-data.asp?slat=56.33&slon=-2.80&metric=0 connection failed, Unable to resolve host "htc2.accu-weather.com": No address associated with hostname
01-07 19:24:09.858 W/WSP     ( 2579): [HttpURLConnectionHelper] http://htc2.accu-weather.com/widget/htc2/weather-data.asp?slat=56.33&slon=-2.80&metric=0 connection failed, Unable to resolve host "htc2.accu-weather.com": No address associated with hostname
01-07 19:24:09.868 W/System.err( 2579): java.net.UnknownHostException: Unable to resolve host "wcr.htcsense.com": No address associated with hostname
01-07 19:24:09.868 W/System.err( 2579): 	at java.net.InetAddress.lookupHostByName(InetAddress.java:499)
01-07 19:24:09.868 W/System.err( 2579): 	at java.net.InetAddress.getAllByNameImpl(InetAddress.java:280)
01-07 19:24:09.868 W/System.err( 2579): 	at java.net.InetAddress.getAllByName(InetAddress.java:249)
01-07 19:24:09.868 W/System.err( 2579): 	at org.apache.harmony.luni.internal.net.www.protocol.http.HttpConnection.<init>(HttpConnection.java:69)
01-07 19:24:09.868 W/System.err( 2579): 	at org.apache.harmony.luni.internal.net.www.protocol.http.HttpConnection.<init>(HttpConnection.java:48)
01-07 19:24:09.868 W/System.err( 2579): 	at org.apache.harmony.luni.internal.net.www.protocol.http.HttpConnection$Address.connect(HttpConnection.java:304)
01-07 19:24:09.868 W/System.err( 2579): 	at org.apache.harmony.luni.internal.net.www.protocol.http.HttpConnectionPool.get(HttpConnectionPool.java:89)
01-07 19:24:09.868 W/System.err( 2579): 	at org.apache.harmony.luni.internal.net.www.protocol.http.HttpURLConnectionImpl.getHttpConnection(HttpURLConnectionImpl.java:292)
01-07 19:24:09.868 W/System.err( 2579): 	at org.apache.harmony.luni.internal.net.www.protocol.http.HttpURLConnectionImpl.makeConnection(HttpURLConnectionImpl.java:274)
01-07 19:24:09.868 W/System.err( 2579): 	at org.apache.harmony.luni.internal.net.www.protocol.http.HttpURLConnectionImpl.connect(HttpURLConnectionImpl.java:217)
01-07 19:24:09.868 W/System.err( 2579): 	at com.htc.sync.provider.weather.ServiceURLHelper.requestWCRUpdate(ServiceURLHelper.java:260)
01-07 19:24:09.868 W/System.err( 2579): 	at com.htc.sync.provider.weather.ServiceURLHelper.checkWCRUrl(ServiceURLHelper.java:110)
01-07 19:24:09.868 W/System.err( 2579): 	at com.htc.sync.provider.weather.RequestDataHelper.requestData(RequestDataHelper.java:93)
01-07 19:24:09.878 W/System.err( 2579): 	at com.htc.sync.provider.weather.SyncService$Sync._run(SyncService.java:282)
01-07 19:24:09.878 W/System.err( 2579): 	at com.htc.sync.provider.weather.SyncService$Sync.run(SyncService.java:251)
01-07 19:24:09.878 W/WSP     ( 2579): [HttpURLConnectionHelper] http://htc2.accu-weather.com/widget/htc2/weather-data.asp?slat=56.33&slon=-2.80&metric=0 connection failed, Unable to resolve host "htc2.accu-weather.com": No address associated with hostname
01-07 19:24:09.888 W/WSP     ( 2579): [HttpURLConnectionHelper] http://htc2.accu-weather.com/widget/htc2/weather-data.asp?slat=56.33&slon=-2.80&metric=0 connection failed, Unable to resolve host "htc2.accu-weather.com": No address associated with hostname
01-07 19:24:09.888 W/WSP     ( 2579): [HttpURLConnectionHelper] http://htc2.accu-weather.com/widget/htc2/weather-data.asp?slat=56.33&slon=-2.80&metric=0 connection failed, Unable to resolve host "htc2.accu-weather.com": No address associated with hostname
01-07 19:24:09.888 W/WSP     ( 2579): no response of item type: 1, param1: , param2: , reqCurLocLat: 56.33, reqCurLocLng: -2.80, reqCurLocLatTrim: 56.33, reqCurLocLngTrim: -2.80, reqCurLocName: St Andrews, reqCurLocState: , reqCurLocCountry: United Kingdom, reqCurLocTimezoneId: , isCurEqualsToCacheCur: true (allow background data: true)
01-07 19:24:09.888 E/WSP     ( 2579): Exception occur in WSPPUtility.TYPE_CURRENT_LOCATION
01-07 19:24:09.888 W/System.err( 2579): java.lang.ClassCastException: com.htc.util.weather.WSPData cannot be cast to com.htc.util.weather.WSPPData
01-07 19:24:09.898 W/System.err( 2579): 	at com.htc.sync.provider.weather.RequestDataHelper.requestData(RequestDataHelper.java:118)
01-07 19:24:09.898 W/System.err( 2579): 	at com.htc.sync.provider.weather.SyncService$Sync._run(SyncService.java:282)
01-07 19:24:09.898 W/System.err( 2579): 	at com.htc.sync.provider.weather.SyncService$Sync.run(SyncService.java:251)
01-07 19:24:10.468 I/CalendarProvider2( 2579): Sending notification intent: Intent { act=android.intent.action.PROVIDER_CHANGED dat=content://com.android.calendar }
01-07 19:24:10.468 W/ContentResolver( 2579): Failed to get type for: content://com.android.calendar (Unknown URL content://com.android.calendar)
01-07 19:24:14.162 D/ConnectToPCService( 2579): --onCreate()
01-07 19:24:14.172 D/UsbConnectedReceiver( 2579): action = need_to_initialize_action_usb_state
01-07 19:24:14.182 D/dalvikvm( 2518): GC_EXPLICIT freed 59K, 5% free 6469K/6787K, paused 6ms+1ms
01-07 19:24:15.513 D/UsbnetService( 1590): BroadcastReceiver::onReceive+
01-07 19:24:15.513 D/UsbnetService( 1590): onReceive BATTERY_CHANGED
01-07 19:24:15.513 D/UsbnetService( 1590):  --> pluggedType = 2, mPluggedType = 0, mScreenOff = false
01-07 19:24:15.513 D/UsbnetService( 1590): BroadcastReceiver::onReceive-
01-07 19:24:15.513 D/NotificationService( 1590): mIntentReceiver() Intent.ACTION_BATTERY_CHANGED
01-07 19:24:15.523 D/BatteryService( 1590): SendIntentforPowersaver
01-07 19:24:15.533 D/BatteryService( 1590): Current powersaver status == NORMAL_STATUS1 5 2 false
01-07 19:24:15.533 D/RemoveMe( 1672): DCT got intent android.intent.action.BATTERY_CHANGED
01-07 19:24:15.533 D/PowerUI ( 1654): closing low battery warning: level=100
01-07 19:24:15.533 D/PowerUI ( 1654): plugged = true, health = 2, mBatteryLevel = 100, mPluggedBatteryLevel = 98, mLowBatteryWarningLevel2 = 25, mshowLowChargingWarning2 = true
01-07 19:24:15.553 D/RemoveMe( 1672): DCT got intent android.intent.action.BATTERY_CHANGED
01-07 19:24:15.563 D/RemoveMe( 1672): DCT got intent android.intent.action.BATTERY_CHANGED
01-07 19:24:24.152 D/AutoSetting( 2579): service - onCreate()
01-07 19:24:24.162 V/LocationManagerService( 1590): requestLocationUpdates
01-07 19:24:24.172 V/LocationManagerService( 1590): _requestLocationUpdates: listener = Receiver{410c8e98 Listener android.os.BinderProxy@4102a1b0}mUpdateRecords: {}
01-07 19:24:24.172 V/LocationManagerService( 1590): requestLocationUpdatesLocked: updateProvidersLocked
01-07 19:24:24.172 V/LocationManagerService( 1590): _requestLocationUpdates: provider = passive listener = Receiver{410c8e98 Listener android.os.BinderProxy@4102a1b0}mUpdateRecords: {passive=UpdateRecord{40f9e3e0 mProvider: passive mUid: 10013}}
01-07 19:24:38.246 I/power   ( 1590): *** set_screen_state 0
01-07 19:24:38.246 D/PowerManagerService( 1590): setScreenStateLocked++, on: false, err: 0
01-07 19:24:38.246 D/PowerManagerService( 1590): setScreenStateLocked, turn off the button light 
01-07 19:24:38.246 D/lights  ( 1590): set_light_buttons_func: on=0 brightness=0
01-07 19:24:38.246 D/lights  ( 1590): set_rotated_rgb_led: on=0 brightness=0
01-07 19:24:38.246 D/lights  ( 1590): [LedInfo] write attr ok name=/sys/class/leds/amber-portrait/brightness string=0,len=1
01-07 19:24:38.256 D/lights  ( 1590): set_rotated_rgb_led: on=0 brightness=0
01-07 19:24:38.256 D/lights  ( 1590): [LedInfo] write attr ok name=/sys/class/leds/green-portrait/brightness string=0,len=1
01-07 19:24:38.256 D/lights  ( 1590): set_rotated_rgb_led: on=0 brightness=0
01-07 19:24:38.256 E/lights  ( 1590): [LedErr] open attr failed name=/sys/class/leds/blue-portrait/brightness errno: 2
01-07 19:24:38.256 V/KeyguardViewMediator( 1590): password timeout now
01-07 19:24:38.266 D/Sensors ( 1590): Enable akm: en = 0
01-07 19:24:38.266 D/HtcLockScreen( 1590): createPatternUnlockScreen() ...
01-07 19:24:38.266 D/HtcLockScreen( 1590): packageInfo - PackageInfo{40fb53b0 com.htc.lockscreen}
01-07 19:24:38.326 D/HostWidgetManager( 1689): pauseWidgets: 2
01-07 19:24:38.336 D/PhoneWindow( 1689): couldn't save which view has focus because the focused view android.widget.RelativeLayout@407c12a0 has no id.
01-07 19:24:38.336 D/AlarmManager( 1590): ACTION_SCREEN_OFF
01-07 19:24:38.346 D/UsbnetService( 1590): BroadcastReceiver::onReceive+
01-07 19:24:38.346 D/UsbnetService( 1590): onReceive SCREEN_OFF
01-07 19:24:38.356 D/RemoveMe( 1672): DCT got intent android.intent.action.SCREEN_OFF
01-07 19:24:38.356 D/DataConnectionTracker( 1672): power saving case 6
01-07 19:24:38.356 D/ConnectivityService( 1590): getMobileDataEnabled returning false
01-07 19:24:38.366 D/DataConnectionTracker( 1672): power saving case 6
01-07 19:24:38.366 D/RemoveMe( 1672): DCT got intent android.intent.action.SCREEN_OFF
01-07 19:24:38.366 D/ConnectivityService( 1590): getMobileDataEnabled returning false
01-07 19:24:38.376 D/RemoveMe( 1672): DCT got intent android.intent.action.SCREEN_OFF
01-07 19:24:38.386 I/TabletStatusBar( 1654): DISABLE_CLOCK: yes
01-07 19:24:38.396 I/TabletStatusBar( 1654): DISABLE_EXPAND: yes
01-07 19:24:38.396 I/TabletStatusBar( 1654): DISABLE_NAVIGATION: yes
01-07 19:24:38.406 D/AutoSetting( 2579): service - mHandler: cancel location update
01-07 19:24:38.436 D/SurfaceFlinger( 1441): getTokenForSurface(0xa8e9c) => 0 (client=0x90668, bitmap=00000003), pid=1590
01-07 19:24:38.436 D/AutoSetting( 2579): service -           changes count: 0
01-07 19:24:38.436 D/msm7x30.gralloc( 1441): gpu_context_t::getGrallocInformationFromFormat  1 
01-07 19:24:38.456 I/TabletStatusBar( 1654): DISABLE_BACK: yes
01-07 19:24:38.466 D/ContactMessageStore( 1672): start background delete task...
01-07 19:24:38.466 D/AK8975  ( 1451): Compass CLOSE 
01-07 19:24:38.486 D/dalvikvm( 1695): GC_EXPLICIT freed 7K, 9% free 7011K/7623K, paused 1ms+2ms
01-07 19:24:38.496 D/SurfaceFlinger( 1441): About to give-up screen, flinger = 0xa830
01-07 19:24:38.506 W/msm7x30.hwcomposer( 1441): hwc_set invalid context or list
01-07 19:24:38.506 D/msm7x30.hwcomposer( 1441): HWC called FB enableHDMIOutput(0)
01-07 19:24:38.516 D/dalvikvm( 1695): GC_EXPLICIT freed 1K, 9% free 7011K/7623K, paused 1ms+1ms
01-07 19:24:38.536 D/ContactMessageStore( 1672): size: 0 , 0
01-07 19:24:38.546 D/SurfaceFlinger( 1441): getTokenForSurface(0xb41ac) => 0 (client=0xa8e60, bitmap=00000001), pid=1695
01-07 19:24:38.556 D/msm7x30.gralloc( 1441): gpu_context_t::getGrallocInformationFromFormat  1 
01-07 19:24:38.576 D/IdleScreen_base( 1695): onRingUnlockEnd
01-07 19:24:38.586 D/ContactMessageStore( 1672): Background delete complete
01-07 19:24:38.616 D/msm7x30.gralloc( 1441): gpu_context_t::getGrallocInformationFromFormat  1 
01-07 19:24:38.896 D/AndroidRuntime( 2610): 
01-07 19:24:38.896 D/AndroidRuntime( 2610): >>>>>> AndroidRuntime START com.android.internal.os.RuntimeInit <<<<<<
01-07 19:24:38.896 D/AndroidRuntime( 2610): CheckJNI is OFF
01-07 19:24:38.996 D/CursorWindowStats( 2610): Get CursorWindow size from framework resource:4194304
01-07 19:24:39.046 D/AndroidRuntime( 2610): Calling main entry com.android.commands.pm.Pm
01-07 19:24:39.056 I/ActivityManager( 1590): Start proc com.android.defcontainer for service com.android.defcontainer/.DefaultContainerService: pid=2618 uid=10087 gids={1015, 2001}
01-07 19:24:39.126 D/dalvikvm( 2618): GC_EXPLICIT freed 34K, 5% free 6458K/6787K, paused 1ms+1ms
01-07 19:24:39.407 W/ActivityManager( 1590): No content provider found for: 
01-07 19:24:39.417 W/ActivityManager( 1590): No content provider found for: 
01-07 19:24:39.417 D/PackageParser( 1590): Scanning package: /data/app/vmdl815521618.tmp
01-07 19:24:39.477 I/PackageManager( 1590): Removing non-system package:uk.ac.st_andrews.cs.host.mk74.energymeasurement.magneticField
01-07 19:24:39.477 I/ActivityManager( 1590): Force stopping package uk.ac.st_andrews.cs.host.mk74.energymeasurement.magneticField uid=10101
01-07 19:24:39.487 D/Launcher.Model( 1689): updateAppUsageStatCache +
01-07 19:24:39.487 D/Launcher.Model( 1689): updateAppUsageStatCache - diff: 2
01-07 19:24:39.497 D/PREF    ( 1689): setWidgetTilt .FriendStreamLarge2Widget : 11
01-07 19:24:39.547 D/dalvikvm( 1590): GC_FOR_ALLOC freed 1499K, 12% free 15755K/17863K, paused 56ms
01-07 19:24:39.557 D/HostWidgetManager( 1689): onResumeInKeyguard: 2
01-07 19:24:39.557 D/FxWorkspace( 1689): prepareUnlockAnimation
01-07 19:24:39.557 D/FxWorkspaceClient( 1689): showAllScreens()
01-07 19:24:39.557 D/FxWorkspaceClient( 1689): freezeAllScreens
01-07 19:24:39.557 D/UnlockAnimator( 1689): setFrame: unlock_to_03
01-07 19:24:39.567 D/Rotate.Performance( 1689): FxWorkspace.show()
01-07 19:24:40.017 D/PackageManager( 1590): Scanning package uk.ac.st_andrews.cs.host.mk74.energymeasurement.magneticField
01-07 19:24:40.017 D/HostWidgetManager( 1689): pauseWidgets: 2
01-07 19:24:40.027 D/PhoneWindow( 1689): couldn't save which view has focus because the focused view android.widget.RelativeLayout@407c12a0 has no id.
01-07 19:24:40.027 I/PackageManager( 1590): Package uk.ac.st_andrews.cs.host.mk74.energymeasurement.magneticField codePath changed from /data/app/uk.ac.st_andrews.cs.host.mk74.energymeasurement.magneticField-1.apk to /data/app/uk.ac.st_andrews.cs.host.mk74.energymeasurement.magneticField-2.apk; Retaining data and using new
01-07 19:24:40.027 I/PackageManager( 1590): Unpacking native libraries for /data/app/uk.ac.st_andrews.cs.host.mk74.energymeasurement.magneticField-2.apk
01-07 19:24:40.268 D/dalvikvm( 2626): DexOpt: load 35ms, verify+opt 141ms
01-07 19:24:40.458 I/ActivityManager( 1590): Force stopping package uk.ac.st_andrews.cs.host.mk74.energymeasurement.magneticField uid=10101
01-07 19:24:40.468 D/Launcher.Model( 1689): updateAppUsageStatCache +
01-07 19:24:40.468 D/Launcher.Model( 1689): updateAppUsageStatCache - diff: 2
01-07 19:24:40.488 D/HostWidgetManager( 1689): onResumeInKeyguard: 2
01-07 19:24:40.488 D/FxWorkspace( 1689): prepareUnlockAnimation
01-07 19:24:40.488 D/FxWorkspaceClient( 1689): showAllScreens()
01-07 19:24:40.488 D/FxWorkspaceClient( 1689): freezeAllScreens
01-07 19:24:40.488 D/UnlockAnimator( 1689): setFrame: unlock_to_03
01-07 19:24:40.488 D/Rotate.Performance( 1689): FxWorkspace.show()
01-07 19:24:40.488 D/HostWidgetManager( 1689): pauseWidgets: 2
01-07 19:24:40.498 D/PhoneWindow( 1689): couldn't save which view has focus because the focused view android.widget.RelativeLayout@407c12a0 has no id.
01-07 19:24:40.498 D/PackageManager( 1590):   Activities: uk.ac.st_andrews.cs.host.mk74.energymeasurement.magneticField.MainActivity
01-07 19:24:40.498 W/PackageManager( 1590): Code path for pkg : uk.ac.st_andrews.cs.host.mk74.energymeasurement.magneticField changing from /data/app/uk.ac.st_andrews.cs.host.mk74.energymeasurement.magneticField-1.apk to /data/app/uk.ac.st_andrews.cs.host.mk74.energymeasurement.magneticField-2.apk
01-07 19:24:40.498 W/PackageManager( 1590): Resource path for pkg : uk.ac.st_andrews.cs.host.mk74.energymeasurement.magneticField changing from /data/app/uk.ac.st_andrews.cs.host.mk74.energymeasurement.magneticField-1.apk to /data/app/uk.ac.st_andrews.cs.host.mk74.energymeasurement.magneticField-2.apk
01-07 19:24:40.588 D/KeyguardViewMediator( 1590): wakeWhenReadyLocked(26)
01-07 19:24:40.588 I/power   ( 1590): *** set_screen_state 1
01-07 19:24:40.588 D/PowerManagerService( 1590): setScreenStateLocked++, on: true, err: 0
01-07 19:24:40.588 D/lights  ( 1590): set_light_buttons_func: on=16777215 brightness=255
01-07 19:24:40.588 D/lights  ( 1590): set_rotated_rgb_led: on=0 brightness=0
01-07 19:24:40.588 D/lights  ( 1590): [LedInfo] write attr ok name=/sys/class/leds/amber-portrait/brightness string=0,len=1
01-07 19:24:40.588 D/lights  ( 1590): set_rotated_rgb_led: on=1 brightness=255
01-07 19:24:40.588 D/lights  ( 1590): [LedInfo] write attr ok name=/sys/class/leds/green-portrait/brightness string=255,len=3
01-07 19:24:40.588 D/lights  ( 1590): set_rotated_rgb_led: on=0 brightness=0
01-07 19:24:40.588 E/lights  ( 1590): [LedErr] open attr failed name=/sys/class/leds/blue-portrait/brightness errno: 2
01-07 19:24:40.588 D/Sensors ( 1590): Enable akm: en = 1
01-07 19:24:40.588 D/PowerManagerService( 1590): button light setOrientation:-1
01-07 19:24:40.588 D/PowerManagerService( 1590): setPenMenuButtonLed: 2
01-07 19:24:40.588 D/PowerManagerService( 1590): Set pen menu button led (amber, green, blue) = 0, -1, 0), portrait = true
01-07 19:24:40.608 D/AK8975  ( 1451): Compass Start
01-07 19:24:40.638 D/SurfaceFlinger( 1441): Screen about to return, flinger = 0xa830
01-07 19:24:40.638 D/msm7x30.hwcomposer( 1441): HWC called FB enableHDMIOutput(0)
01-07 19:24:40.658 D/Launcher.Model( 1689): updateAppUsageStatCache +
01-07 19:24:40.658 D/Launcher.Model( 1689): updateAppUsageStatCache - diff: 1
01-07 19:24:40.678 D/UsbnetService( 1590): BroadcastReceiver::onReceive+
01-07 19:24:40.678 D/UsbnetService( 1590): onReceive SCREEN_ON
01-07 19:24:40.678 D/UsbnetService( 1590): BroadcastReceiver::onReceive-
01-07 19:24:40.678 D/AlarmManager( 1590): ACTION_SCREEN_ON
01-07 19:24:40.688 D/PREF    ( 1689): setWidgetTilt .FriendStreamLarge2Widget : 12
01-07 19:24:40.708 D/HostWidgetManager( 1689): onResumeInKeyguard: 2
01-07 19:24:40.708 D/FxWorkspace( 1689): prepareUnlockAnimation
01-07 19:24:40.718 D/FxWorkspaceClient( 1689): showAllScreens()
01-07 19:24:40.718 D/FxWorkspaceClient( 1689): freezeAllScreens
01-07 19:24:40.718 D/UnlockAnimator( 1689): setFrame: unlock_to_03
01-07 19:24:40.718 D/Rotate.Performance( 1689): FxWorkspace.show()
01-07 19:24:40.728 D/PackageManager( 1590): [embedded] New package installed in /data/app/uk.ac.st_andrews.cs.host.mk74.energymeasurement.magneticField-2.apk
01-07 19:24:40.928 I/ActivityManager( 1590): Force stopping package uk.ac.st_andrews.cs.host.mk74.energymeasurement.magneticField uid=10101
01-07 19:24:40.998 D/PhoneApp( 1672): -- PackageChangeBroadcastReceiver  action = android.intent.action.PACKAGE_REMOVED
01-07 19:24:41.008 D/RemoveMe( 1672): DCT got intent android.intent.action.SCREEN_ON
01-07 19:24:41.008 D/ConnectivityService( 1590): getMobileDataEnabled returning false
01-07 19:24:41.018 D/ConnectivityService( 1590): getMobileDataEnabled returning false
01-07 19:24:41.028 D/RemoveMe( 1672): DCT got intent android.intent.action.SCREEN_ON
01-07 19:24:41.038 D/RemoveMe( 1672): DCT got intent android.intent.action.SCREEN_ON
01-07 19:24:41.118 D/PackageManager( 1590): generateServicesMap(android.accounts.AccountAuthenticator): 13 services unchanged
01-07 19:24:41.128 D/dalvikvm( 1689): GC_EXPLICIT freed 1303K, 22% free 11015K/13959K, paused 2ms+18ms
01-07 19:24:41.128 D/Launcher.Model( 1689): onReceive intent=Intent { act=android.intent.action.PACKAGE_REMOVED dat=package:uk.ac.st_andrews.cs.host.mk74.energymeasurement.magneticField flg=0x10000010 (has extras) }
01-07 19:24:41.138 I/ActivityManager( 1590): Start proc com.android.smith for broadcast com.android.smith/.PackageReceiver: pid=2629 uid=10009 gids={1007, 1015}
01-07 19:24:41.198 D/PackageManager( 1590): generateServicesMap(android.content.SyncAdapter): 21 services unchanged
01-07 19:24:41.208 I/SM:lib  ( 2629): JNI_OnLoad(): library version = 5
01-07 19:24:41.208 I/SM:lib  ( 2629): JNI_OnLoad(): result = 0x10004
01-07 19:24:41.208 D/SM:HtcNative( 2629): system lib, 4.0.honeycomb.HTK75C-flyer-l5-s16
01-07 19:24:41.208 D/SM:PackageReceiver( 2629): package removed: package:uk.ac.st_andrews.cs.host.mk74.energymeasurement.magneticField
01-07 19:24:41.208 D/WidgetScanner( 1689): onReceive: Intent { act=android.intent.action.PACKAGE_REMOVED dat=package:uk.ac.st_andrews.cs.host.mk74.energymeasurement.magneticField flg=0x10000010 cmp=com.htc.launcher/.widget.WidgetScannerTrigger (has extras) }
01-07 19:24:41.208 I/ActivityManager( 1590): No longer want com.google.android.apps.uploader (pid 2398): hidden #16
01-07 19:24:41.208 I/ActivityManager( 1590): Start proc com.htc.launcher.widgetscanner for service com.htc.launcher/.widget.WidgetScannerService: pid=2636 uid=9999 gids={3003, 3002, 3001, 2001, 1015}
01-07 19:24:41.218 I/ActivityManager( 1590): Start proc com.htc.opensense for broadcast com.htc.opensense/.pluginmanager.RegisterReceiver: pid=2637 uid=10013 gids={2001, 3003, 1006, 1015}
01-07 19:24:41.339 I/ActivityManager( 1590): Start proc com.htc.cs for broadcast com.htc.cs/.plugin.PluginRegisterReceiver: pid=2650 uid=10041 gids={3003, 1015}
01-07 19:24:41.349 D/LauncherApplication( 2636): + LauncherApplication onCreate()
01-07 19:24:41.389 I/ActivityThread( 2650): Pub com.htc.connectedservice.csprovider: com.htc.cs.provider.ConnectedServiceProvider
01-07 19:24:41.399 I/ActivityThread( 2650): Pub com.htc.cs.dashboard: com.htc.cs.sync.dashboard.DashboardProvider
01-07 19:24:41.399 D/vicky   ( 2650): vicky received: android.intent.action.PACKAGE_REMOVED
01-07 19:24:41.419 D/LauncherApplication( 2636): - LauncherApplication onCreate()
01-07 19:24:41.429 I/ActivityManager( 1590): Start proc com.htc.recommend for broadcast com.htc.recommend/.receiver.AppInstalledReceiver: pid=2659 uid=10056 gids={2001, 3003}
01-07 19:24:41.449 D/HtcLockScreen3.0( 1590): HtcLockScreen: onInterceptTouchEvent ACTION_DOWN
01-07 19:24:41.479 I/ActivityManager( 1590): No longer want com.htc.laputa.HtcLaputaInstaller (pid 2224): hidden #16
01-07 19:24:41.509 W/ContentService( 1590): binderDied() at ObserverNode name com.google.android.gsf.gservices
01-07 19:24:41.539 D/PackageManager( 1590): generateServicesMap(android.accounts.AccountAuthenticator): 13 services unchanged
01-07 19:24:41.549 D/PackageManager( 1590): generateServicesMap(android.content.SyncAdapter): 21 services unchanged
01-07 19:24:41.609 I/RegisterService( 2637): android.intent.action.PACKAGE_REMOVED package:uk.ac.st_andrews.cs.host.mk74.energymeasurement.magneticField
01-07 19:24:41.679 D/PhoneApp( 1672): -- PackageChangeBroadcastReceiver  action = android.intent.action.PACKAGE_ADDED
01-07 19:24:41.679 D/Launcher.Model( 1689): onReceive intent=Intent { act=android.intent.action.PACKAGE_ADDED dat=package:uk.ac.st_andrews.cs.host.mk74.energymeasurement.magneticField flg=0x10000010 (has extras) }
01-07 19:24:41.679 D/Launcher.Model( 1689): mAllAppsList.updatePackage uk.ac.st_andrews.cs.host.mk74.energymeasurement.magneticField
01-07 19:24:41.689 I/ActivityThread( 2659): Pub com.htc.recommend.provider.HTCRecommendCarouselProvider: com.htc.recommend.provider.HTCRecommendCarouselProvider
01-07 19:24:41.709 I/ActivityThread( 2659): Pub com.htc.recommend.provider.HTCRecommendContentProvider: com.htc.recommend.provider.HTCRecommendContentProvider
01-07 19:24:41.719 D/HTC Recommends( 2659): /mnt/sdcard/.LHYGB/CKCL
01-07 19:24:41.719 D/HTC Recommends( 2659): no token file
01-07 19:24:41.729 D/HTC Recommends( 2659): no token file
01-07 19:24:41.729 D/HTC Recommends( 2659): Log settings are 
01-07 19:24:41.729 D/HTC Recommends( 2659): Enable General Log : false
01-07 19:24:41.729 D/HTC Recommends( 2659): Enable Analytic Log : false
01-07 19:24:41.729 D/HTC Recommends( 2659): Enable Normal Log Level (dependent on General Log) : false
01-07 19:24:41.729 D/HTC Recommends( 2659): Enable Critical Log Level (dependent on General Log) : false
01-07 19:24:41.729 D/SqliteDatabaseCpp( 2659): dbopen(): path = /data/data/com.htc.recommend/databases , key = `tgvegkmmejd, flag = 6, file size = 27648
01-07 19:24:41.729 D/SqliteDatabaseCpp( 2659): dbopen(): path = /data/data/com.htc.recommend/databases , key = `tgvegkmmejd, mode: delete, disk free size: 7858 M, handle: 0x15d780
01-07 19:24:41.859 D/HtcLockScreen3.0( 1590): HtcLockScreen: onInterceptTouchEvent ACTION_UP
01-07 19:24:41.909 D/IdleScreen_base( 1695): onRingUnlockStart
01-07 19:24:42.179 D/CombinedWidgetProvider( 1689): +addAppWidget
01-07 19:24:42.219 D/dalvikvm( 1590): GC_CONCURRENT freed 2025K, 12% free 15787K/17927K, paused 4ms+19ms
01-07 19:24:42.310 D/SqliteDatabaseCpp( 2579): dbopen(): path = /data/data/com.htc.opensense/databases , key = vecawtvq, flag = 6, file size = 23552
01-07 19:24:42.330 D/SqliteDatabaseCpp( 2579): dbopen(): path = /data/data/com.htc.opensense/databases , key = vecawtvq, mode: delete, disk free size: 7858 M, handle: 0x2b7f60
01-07 19:24:42.530 D/KeyguardViewManager( 1590): hide()
01-07 19:24:42.550 I/TabletStatusBar( 1654): DISABLE_CLOCK: no
01-07 19:24:42.550 I/TabletStatusBar( 1654): DISABLE_NAVIGATION: no
01-07 19:24:42.560 D/msm7x30.gralloc( 1441): gpu_context_t::getGrallocInformationFromFormat  1 
01-07 19:24:42.570 D/SurfaceFlinger( 1441): virtual void android::Layer::onRemoved(): lcblk (identity=12, status=0, token=0)
01-07 19:24:42.570 D/FxWorkspace( 1689): unlockAnimation
01-07 19:24:42.570 D/FxWorkspace( 1689): onUnlockAnimationStart()
01-07 19:24:42.570 D/UnlockAnimator( 1689): playMarker: unlock_to_03
01-07 19:24:42.580 D/FxWorkspaceClient( 1689): showAllScreens()
01-07 19:24:42.580 D/Rotate.Performance( 1689): FxWorkspace.show()
01-07 19:24:42.600 W/InputManagerService( 1590): Window already focused, ignoring focus gain of: com.android.internal.view.IInputMethodClient$Stub$Proxy@40980568
01-07 19:24:42.650 I/TabletStatusBar( 1654): DISABLE_BACK: no
01-07 19:24:42.670 D/SurfaceFlinger( 1441): virtual void android::Layer::onRemoved(): lcblk (identity=11, status=0, token=0)
01-07 19:24:42.670 D/Sensors ( 1590): Enable akm: en = 0
01-07 19:24:42.690 I/ActivityThread( 2659): Pub com.htc.recommend.provider.HTCRecommendSuggestionProvider: com.htc.recommend.provider.HTCRecommendSuggestionProvider
01-07 19:24:42.710 I/ActivityManager( 1590): Start proc com.htc.wdm for broadcast com.htc.wdm/.receiver.HTCDirectReceiver: pid=2670 uid=10070 gids={3003, 2001, 1015}
01-07 19:24:42.760 D/dalvikvm( 1695): GC_EXPLICIT freed 158K, 9% free 7013K/7623K, paused 1ms+4ms
01-07 19:24:42.760 I/ActivityManager( 1590): No longer want com.htc.ereader.drmengine (pid 2299): hidden #16
01-07 19:24:42.800 I/ActivityThread( 2670): Pub com.htc.wdm.provider.HtcDirectCarouselProvider: com.htc.wdm.provider.HtcDirectCarouselProvider
01-07 19:24:42.800 I/ActivityThread( 2670): Pub com.htc.wdm.status.HtcDirectProvider: com.htc.wdm.status.HtcDirectProvider
01-07 19:24:42.810 D/dalvikvm( 1695): GC_EXPLICIT freed 2K, 9% free 7012K/7623K, paused 3ms+2ms
01-07 19:24:42.820 D/HTC Hub ( 2670): /mnt/sdcard/.LHYGB/CKCL
01-07 19:24:42.820 D/HTC Hub ( 2670): no token file
01-07 19:24:42.830 D/HTC Hub ( 2670): no token file
01-07 19:24:42.830 D/HTC Hub ( 2670): Log settings are 
01-07 19:24:42.830 D/HTC Hub ( 2670): Enable General Log : false
01-07 19:24:42.830 D/HTC Hub ( 2670): Enable Analytic Log : false
01-07 19:24:42.830 D/HTC Hub ( 2670): Enable Normal Log Level (dependent on General Log) : false
01-07 19:24:42.830 D/HTC Hub ( 2670): Enable Critical Log Level (dependent on General Log) : false
01-07 19:24:42.870 D/AK8975  ( 1451): Compass CLOSE 
01-07 19:24:42.920 D/CombinedWidgetProvider( 1689): addAppWidget: WidgetSummary(YouTube/APP_WIDGET/[I@40b49858 x [I@40b49878/-1/ComponentInfo{com.google.android.youtube/com.google.android.youtube.app.honeycomb.widget.WidgetProvider}/[I@40b49898)
01-07 19:24:42.920 I/ActivityManager( 1590): No longer want com.htc.demoflopackageinstaller (pid 2417): hidden #16
01-07 19:24:42.930 D/CombinedWidgetProvider( 1689): addAppWidget: WidgetSummary(Twitter (large)/APP_WIDGET/[I@40b4a780 x [I@40b4a7a0/-1/ComponentInfo{com.twitter.android/com.twitter.android.client.WidgetLargeProvider}/[I@40b4a7c0)
01-07 19:24:42.930 D/CombinedWidgetProvider( 1689): addAppWidget: WidgetSummary(Twitter (small)/APP_WIDGET/[I@40b4b658 x [I@40b4b678/-1/ComponentInfo{com.twitter.android/com.twitter.android.client.WidgetSmallProvider}/[I@40b4b698)
01-07 19:24:42.930 D/CombinedWidgetProvider( 1689): addAppWidget: WidgetSummary(Traffic/APP_WIDGET/[I@40b4c530 x [I@40b4c550/-1/ComponentInfo{com.google.android.apps.maps/com.google.googlenav.appwidget.traffic.TrafficAppWidget}/[I@40b4c570)
01-07 19:24:42.930 D/CombinedWidgetProvider( 1689): addAppWidget: WidgetSummary(Latitude/APP_WIDGET/[I@40b4d1b8 x [I@40b4d1d8/-1/ComponentInfo{com.google.android.apps.maps/com.google.googlenav.appwidget.friends.FriendsAppWidgetProvider}/[I@40b4d1f8)
01-07 19:24:42.930 D/CombinedWidgetProvider( 1689): addAppWidget: WidgetSummary(Market/APP_WIDGET/[I@40b4e0c8 x [I@40b4e0e8/-1/ComponentInfo{com.android.vending/com.android.vending.MarketWidgetProvider}/[I@40b4e108)
01-07 19:24:42.930 D/CombinedWidgetProvider( 1689): addAppWidget: WidgetSummary(Google Search/APP_WIDGET/[I@40b4ec48 x [I@40b4ec68/-1/ComponentInfo{com.google.android.googlequicksearchbox/com.google.android.googlequicksearchbox.SearchWidgetProvider}/[I@40b4ec88)
01-07 19:24:42.940 D/CombinedWidgetProvider( 1689): addAppWidget: WidgetSummary(Gmail/APP_WIDGET/[I@40b4fab8 x [I@40b4fad8/-1/ComponentInfo{com.google.android.gm/com.google.android.gm.widget.GmailWidgetProvider}/[I@40b4faf8)
01-07 19:24:42.940 D/CombinedWidgetProvider( 1689): addAppWidget: WidgetSummary(Bookmarks/APP_WIDGET/[I@40b50868 x [I@40b50888/-1/ComponentInfo{com.android.browser/com.android.browser.widget.BookmarkThumbnailWidgetProvider}/[I@40b508a8)
01-07 19:24:42.940 I/ActivityManager( 1590): Start proc com.htc.htchubsyncprovider for content provider com.htc.htchubsyncprovider/.provider.MyDownloadsProvider: pid=2678 uid=10069 gids={3003, 2001, 1015}
01-07 19:24:42.950 D/CombinedWidgetProvider( 1689): -addAppWidget
01-07 19:24:42.950 D/CombinedWidgetProvider( 1689): +addHtcWidgets, cat: -1
01-07 19:24:42.950 D/CombinedWidgetProvider( 1689):  uri: content://com.htc.launcher.widget.htcwidget/htcwidgets?widget_only=true
01-07 19:24:42.950 D/HtcWidgetProvider( 1689): row 1
01-07 19:24:42.960 D/CombinedWidgetProvider( 1689): addHtcWidget: WidgetSummary(Tips for Home/HTC_WIDGET/[I@40b52b08 x [I@40b52b28/1101/ComponentInfo{com.htc.rosiewidgets.tip/com.htc.rosiewidgets.tip.TipWidgetItem}/[I@40b52b48)
01-07 19:24:42.960 D/CombinedWidgetProvider( 1689): -addHtcWidgets
01-07 19:24:42.970 D/CombinedWidgetProvider( 1689): +addFxWidgets , provider: null
01-07 19:24:42.970 D/FxWidgetProviderInfoCollector( 1689): getAllStyles + [Ljava.lang.String;@406d1dc8 @ 
01-07 19:24:43.000 D/FxWidgetProvider( 1689): row 94
01-07 19:24:43.040 D/dalvikvm( 1673): GC_EXPLICIT freed 762K, 10% free 7789K/8647K, paused 1ms+24ms
01-07 19:24:43.080 D/SM:PackageReceiver( 2629): package added: package:uk.ac.st_andrews.cs.host.mk74.energymeasurement.magneticField
01-07 19:24:43.090 D/WidgetScanner( 1689): onReceive: Intent { act=android.intent.action.PACKAGE_ADDED dat=package:uk.ac.st_andrews.cs.host.mk74.energymeasurement.magneticField flg=0x10000010 cmp=com.htc.launcher/.widget.WidgetScannerTrigger (has extras) }
01-07 19:24:43.090 I/ActivityManager( 1590): No longer want com.htc.ereader (pid 2411): hidden #16
01-07 19:24:43.130 D/WidgetScanner( 2636): onReceiveInternal: Intent { act=android.intent.action.PACKAGE_REMOVED dat=package:uk.ac.st_andrews.cs.host.mk74.energymeasurement.magneticField flg=0x10000010 cmp=com.htc.launcher/.widget.WidgetScannerService (has extras) }
01-07 19:24:43.130 D/Launcher.Model( 2636): onReceive intent=Intent { act=android.intent.action.PACKAGE_ADDED dat=package:uk.ac.st_andrews.cs.host.mk74.energymeasurement.magneticField flg=0x10000010 (has extras) }
01-07 19:24:43.130 D/Launcher.Model( 2636): mAllAppsList.updatePackage uk.ac.st_andrews.cs.host.mk74.energymeasurement.magneticField
01-07 19:24:43.130 D/HtcWidgetScanner( 2636): onPackageRemoved: uk.ac.st_andrews.cs.host.mk74.energymeasurement.magneticField
01-07 19:24:43.130 D/dalvikvm( 2636): GC_CONCURRENT freed 171K, 4% free 6778K/7047K, paused 1ms+11ms
01-07 19:24:43.180 D/dalvikvm( 1695): GC_EXPLICIT freed 5K, 9% free 7012K/7623K, paused 4ms+7ms
01-07 19:24:43.200 D/dalvikvm( 1695): GC_EXPLICIT freed 1K, 9% free 7012K/7623K, paused 1ms+1ms
01-07 19:24:43.230 D/HtcWidgetProvider( 1689): update 0
01-07 19:24:43.230 I/ActivityManager( 1590): Start proc com.svox.pico for broadcast com.svox.pico/.VoiceDataInstallerReceiver: pid=2685 uid=10031 gids={}
01-07 19:24:43.260 I/ActivityThread( 2678): Pub com.htc.wdm.provider.WDMProvider: com.htc.htchubsyncprovider.provider.WDMProvider
01-07 19:24:43.270 W/Launcher.Model( 2636): Nobody to tell about the new app.  Launcher is probably loading.
01-07 19:24:43.270 I/ActivityThread( 2678): Pub com.htc.wotaproviders.MyDownloadsProvider: com.htc.htchubsyncprovider.provider.MyDownloadsProvider
01-07 19:24:43.290 D/FxWidgetScanner( 2636): onPackageRemoved: uk.ac.st_andrews.cs.host.mk74.energymeasurement.magneticField
01-07 19:24:43.301 D/FxWidgetScanner( 2636): removeFxWidgetList
01-07 19:24:43.331 I/ActivityThread( 2685): Pub com.svox.pico.providers.SettingsProvider: com.svox.pico.providers.SettingsProvider
01-07 19:24:43.361 D/SqliteDatabaseCpp( 2678): dbopen(): path = /data/data/com.htc.htchubsyncprovider/databases , key = mqdksjlkYdw, flag = 6, file size = 6144
01-07 19:24:43.361 D/vicky   ( 2650): vicky received: android.intent.action.PACKAGE_ADDED
01-07 19:24:43.371 D/SqliteDatabaseCpp( 2678): dbopen(): path = /data/data/com.htc.htchubsyncprovider/databases , key = mqdksjlkYdw, mode: delete, disk free size: 7858 M, handle: 0xdacd0
01-07 19:24:43.411 I/ActivityManager( 1590): No longer want com.htc.home.personalize (pid 1865): hidden #16
01-07 19:24:43.431 I/ActivityManager( 1590): Start proc com.google.android.partnersetup for broadcast com.google.android.partnersetup/.RlzPingBroadcastReceiver: pid=2692 uid=10081 gids={3003}
01-07 19:24:43.441 D/GTalkService( 1720): [ReonnectMgr] ### report Inet condition: status=false, networkType=0
01-07 19:24:43.441 D/ConnectivityService( 1590): reportNetworkCondition(0, 0)
01-07 19:24:43.441 D/ConnectivityService( 1590): Inet connectivity change, net=0, condition=0,mActiveDefaultNetwork=-1
01-07 19:24:43.441 D/ConnectivityService( 1590): no active default network - aborting
01-07 19:24:43.491 D/GTalkService( 1720): [RawStanzaProvidersMgr] ##### searchProvidersFromIntent
01-07 19:24:43.561 D/FxWorkspace( 1689): onUnlockAnimationEnd()
01-07 19:24:43.561 D/HostWidgetManager( 1689): onUserPresent: 2
01-07 19:24:43.561 D/HostWidgetManager( 1689): resumeWidgets: 2 sort: true
01-07 19:24:43.561 D/FxWorkspace( 1689): changeScreensVisibility
01-07 19:24:43.561 D/FxWorkspace( 1689): changeScreensVisibility
01-07 19:24:43.591 D/dalvikvm( 1442): GC_EXPLICIT freed 12K, 5% free 6453K/6787K, paused 13ms+1ms
01-07 19:24:43.591 D/GTalkService( 1720): [GTalkService.1] handlePackageInstalled: re-initialize providers
01-07 19:24:43.601 D/GTalkService( 1720): [RawStanzaProvidersMgr] ##### searchProvidersFromIntent
01-07 19:24:43.601 I/ActivityThread( 2692): Pub com.google.android.partnersetup.rlzprovider: com.google.android.partnersetup.RlzProvider
01-07 19:24:43.641 I/ActivityThread( 2692): Pub com.google.android.partnersetup.rlzappprovider: com.google.android.partnersetup.RlzAppProvider
01-07 19:24:43.691 I/ActivityManager( 1590): No longer want com.htc.sdm (pid 2186): hidden #16
01-07 19:24:43.711 D/SM:PackageReceiver( 2629): package replaced: package:uk.ac.st_andrews.cs.host.mk74.energymeasurement.magneticField
01-07 19:24:43.721 I/RegisterService( 2637): android.intent.action.PACKAGE_ADDED package:uk.ac.st_andrews.cs.host.mk74.energymeasurement.magneticField
01-07 19:24:43.751 D/PhoneApp( 1672): EVENT_QUERY_MO_PACKAGES
01-07 19:24:43.771 D/dalvikvm( 1442): GC_EXPLICIT freed <1K, 5% free 6453K/6787K, paused 1ms+33ms
01-07 19:24:43.881 D/dalvikvm( 1442): GC_EXPLICIT freed <1K, 5% free 6453K/6787K, paused 1ms+21ms
01-07 19:24:43.901 I/ActivityManager( 1590): Start proc com.google.android.apps.maps:FriendService for broadcast com.google.android.apps.maps/com.google.googlenav.friend.android.ServiceReceiver: pid=2701 uid=10046 gids={3003, 1015}
01-07 19:24:43.911 I/RegisterService( 2637): android.intent.action.PACKAGE_REPLACED package:uk.ac.st_andrews.cs.host.mk74.energymeasurement.magneticField
01-07 19:24:43.911 I/ActivityManager( 1590): No longer want com.htc.musicenhancer (pid 2433): hidden #16
01-07 19:24:44.091 D/Sensors ( 1590): Enable akm: en = 1
01-07 19:24:44.101 D/AK8975  ( 1451): Compass Start
