01-16 15:15:32.587 D/NetdConnector( 1588): List terminated with {200 Interface list completed}
01-16 15:15:32.587 I/StorageNotification( 1661): UMS connection changed to true (media state mounted)
01-16 15:15:32.627 D/ActivityManager( 1588): isSketcherDisabledInCurrentTask():false, ActivityRecord{406a60b8 uk.ac.st_andrews.cs.host.mk74.energymeasurement.magneticField/.MainActivity}
01-16 15:15:32.647 D/SurfaceFlinger( 1441): getTokenForSurface(0xaf7b4) => 1 (client=0xa3c30, bitmap=00000003), pid=1661
01-16 15:15:32.647 I/NetSharing_NSReceiver( 3583): customizedNS:true
01-16 15:15:32.647 D/msm7x30.gralloc( 1441): gpu_context_t::getGrallocInformationFromFormat  1 
01-16 15:15:32.647 D/NetSharing_NSReceiver( 3583): onReceive : com.htc.usb.change
01-16 15:15:32.657 D/NetSharing_NSReceiver( 3583): USB = true hasTethered = false
01-16 15:15:32.687 D/UsbConnectedReceiver( 2980): -enableChargeOnly()
01-16 15:15:32.687 D/PSReceiver( 3583): onReceive : com.htc.usb.change
01-16 15:15:32.687 D/PSReceiver( 3583): USB Plugged, Set USBPlugged=  true
01-16 15:15:32.687 D/PSCommon( 2980): Content in /sys/devices/platform/msm_hsusb/usb_cable_connect = 1
01-16 15:15:32.707 D/PSCommon( 2980): Content in /sys/class/switch/dock/status = offline
01-16 15:15:32.707 D/UsbConnectedReceiver( 2980): Connect_To_PC is Launched, return
01-16 15:15:32.717 I/NetSharing_NSReceiver( 3583): customizedNS:true
01-16 15:15:32.717 D/NetSharing_NSReceiver( 3583): onReceive : android.net.conn.TETHER_STATE_CHANGED
01-16 15:15:32.727 D/NetSharing_NSReceiver( 3583): Tethered state change:false
01-16 15:15:32.797 D/dalvikvm( 3583): GC_CONCURRENT freed 450K, 8% free 6952K/7495K, paused 1ms+3ms
01-16 15:15:32.947 D/msm7x30.gralloc( 1441): gpu_context_t::getGrallocInformationFromFormat  1 
01-16 15:15:33.017 I/System.out( 3543): Values: -20.5625 -28.4375 -21.0
01-16 15:15:33.027 I/System.out( 3543): Time difference in secs is: 300
01-16 15:15:34.018 I/System.out( 3543): Values: -19.4375 -28.9375 -21.1875
01-16 15:15:34.028 I/System.out( 3543): Time difference in secs is: 300
01-16 15:15:35.019 I/System.out( 3543): Values: -19.625 -28.625 -22.625
01-16 15:15:35.029 I/System.out( 3543): Time difference in secs is: 300
01-16 15:15:36.020 I/System.out( 3543): Values: -17.875 -27.8125 -22.4375
01-16 15:15:36.030 I/System.out( 3543): Time difference in secs is: 300
01-16 15:15:37.021 I/System.out( 3543): Values: -16.625 -26.5625 -21.3125
01-16 15:15:37.031 I/System.out( 3543): Time difference in secs is: 300
01-16 15:15:38.012 I/System.out( 3543): Values: -17.4375 -26.6875 -19.625
01-16 15:15:38.022 I/System.out( 3543): Time difference in secs is: 300
01-16 15:15:39.013 I/System.out( 3543): Values: -19.75 -28.8125 -22.125
01-16 15:15:39.023 I/System.out( 3543): Time difference in secs is: 300
01-16 15:15:40.024 I/System.out( 3543): Values: -19.5625 -29.9375 -23.0625
01-16 15:15:40.024 I/System.out( 3543): Time difference in secs is: 300
01-16 15:15:41.025 I/System.out( 3543): Values: -19.6875 -28.875 -20.875
01-16 15:15:41.025 I/System.out( 3543): Time difference in secs is: 300
01-16 15:15:42.026 I/System.out( 3543): Values: -18.8125 -28.4375 -21.0625
01-16 15:15:42.026 I/System.out( 3543): Time difference in secs is: 300
01-16 15:15:42.827 D/dalvikvm( 2980): GC_EXPLICIT freed 91K, 5% free 6762K/7111K, paused 45ms+3ms
01-16 15:15:42.987 D/SurfaceFlinger( 1441): virtual void android::Layer::onRemoved(): lcblk (identity=60, status=0, token=1)
01-16 15:15:43.027 I/System.out( 3543): Values: -18.9375 -29.1875 -18.125
01-16 15:15:43.027 I/System.out( 3543): Time difference in secs is: 300
01-16 15:15:44.028 I/System.out( 3543): Values: -18.625 -27.9375 -20.8125
01-16 15:15:44.028 I/System.out( 3543): Time difference in secs is: 300
01-16 15:15:45.029 I/System.out( 3543): Values: -18.3125 -28.125 -21.25
01-16 15:15:45.029 I/System.out( 3543): Time difference in secs is: 300
01-16 15:15:46.030 I/System.out( 3543): Values: -17.625 -28.375 -20.125
01-16 15:15:46.030 I/System.out( 3543): Time difference in secs is: 300
01-16 15:15:47.031 I/System.out( 3543): Values: -17.625 -28.75 -19.1875
01-16 15:15:47.031 I/System.out( 3543): Time difference in secs is: 300
01-16 15:15:47.842 D/dalvikvm( 3270): GC_EXPLICIT freed 41K, 5% free 7669K/8071K, paused 10ms+2ms
01-16 15:15:48.022 I/System.out( 3543): Values: -19.75 -29.375 -20.3125
01-16 15:15:48.022 I/System.out( 3543): Time difference in secs is: 300
01-16 15:15:49.023 I/System.out( 3543): Values: -19.5625 -28.0625 -21.3125
01-16 15:15:49.023 I/System.out( 3543): Time difference in secs is: 300
01-16 15:15:50.024 I/System.out( 3543): Values: -19.5625 -29.5625 -20.3125
01-16 15:15:50.024 I/System.out( 3543): Time difference in secs is: 300
01-16 15:15:51.025 I/System.out( 3543): Values: -18.5 -28.125 -21.0
01-16 15:15:51.025 I/System.out( 3543): Time difference in secs is: 300
01-16 15:15:52.026 I/System.out( 3543): Values: -19.0625 -27.4375 -21.8125
01-16 15:15:52.026 I/System.out( 3543): Time difference in secs is: 300
01-16 15:15:53.027 I/System.out( 3543): Values: -20.0625 -29.3125 -20.5625
01-16 15:15:53.037 I/System.out( 3543): Time difference in secs is: 300
01-16 15:15:54.028 I/System.out( 3543): Values: -18.9375 -27.875 -21.9375
01-16 15:15:54.028 I/System.out( 3543): Time difference in secs is: 300
01-16 15:15:55.029 I/System.out( 3543): Values: -19.875 -28.75 -21.0625
01-16 15:15:55.029 I/System.out( 3543): Time difference in secs is: 300
01-16 15:15:56.030 I/System.out( 3543): Values: -18.125 -28.0625 -20.125
01-16 15:15:56.030 I/System.out( 3543): Time difference in secs is: 300
01-16 15:15:57.031 I/System.out( 3543): Values: -18.3125 -29.0 -21.125
01-16 15:15:57.031 I/System.out( 3543): Time difference in secs is: 300
01-16 15:15:58.032 I/System.out( 3543): Values: -20.1875 -28.6875 -22.125
01-16 15:15:58.042 I/System.out( 3543): Time difference in secs is: 300
01-16 15:15:59.023 I/System.out( 3543): Values: -18.625 -28.75 -20.875
01-16 15:15:59.023 I/System.out( 3543): Time difference in secs is: 300
01-16 15:16:00.024 I/System.out( 3543): Values: -18.3125 -28.6875 -20.75
01-16 15:16:00.034 I/System.out( 3543): Time difference in secs is: 300
01-16 15:16:01.035 I/System.out( 3543): Values: -19.0 -28.875 -21.5625
01-16 15:16:01.035 I/System.out( 3543): Time difference in secs is: 300
01-16 15:16:01.615 D/UsbnetService( 1588): BroadcastReceiver::onReceive+
01-16 15:16:01.615 D/UsbnetService( 1588): onReceive BATTERY_CHANGED
01-16 15:16:01.615 D/UsbnetService( 1588):  --> pluggedType = 2, mPluggedType = 0, mScreenOff = false
01-16 15:16:01.615 D/UsbnetService( 1588): BroadcastReceiver::onReceive-
01-16 15:16:01.615 D/NotificationService( 1588): mIntentReceiver() Intent.ACTION_BATTERY_CHANGED
01-16 15:16:01.635 D/BatteryService( 1588): SendIntentforPowersaver
01-16 15:16:01.645 D/BatteryService( 1588): Current powersaver status == NORMAL_STATUS1 2 2 false
01-16 15:16:01.645 D/RemoveMe( 1681): DCT got intent android.intent.action.BATTERY_CHANGED
01-16 15:16:01.645 D/RemoveMe( 1681): DCT got intent android.intent.action.BATTERY_CHANGED
01-16 15:16:01.645 D/RemoveMe( 1681): DCT got intent android.intent.action.BATTERY_CHANGED
01-16 15:16:01.645 D/PowerUI ( 1661): closing low battery warning: level=97
01-16 15:16:01.645 D/PowerUI ( 1661): plugged = true, health = 2, mBatteryLevel = 97, mPluggedBatteryLevel = 97, mLowBatteryWarningLevel2 = 25, mshowLowChargingWarning2 = true
01-16 15:16:02.025 I/System.out( 3543): Values: -18.75 -27.75 -21.125
01-16 15:16:02.035 I/System.out( 3543): Time difference in secs is: 300
01-16 15:16:03.026 I/System.out( 3543): Values: -19.25 -29.125 -21.875
01-16 15:16:03.036 I/System.out( 3543): Time difference in secs is: 300
01-16 15:16:04.027 I/System.out( 3543): Values: -19.4375 -28.6875 -21.875
01-16 15:16:04.037 I/System.out( 3543): Time difference in secs is: 300
01-16 15:16:05.028 I/System.out( 3543): Values: -19.0 -29.3125 -20.6875
01-16 15:16:05.048 I/System.out( 3543): Time difference in secs is: 300
01-16 15:16:06.029 I/System.out( 3543): Values: -19.75 -28.0625 -20.3125
01-16 15:16:06.039 I/System.out( 3543): Time difference in secs is: 300
01-16 15:16:07.030 I/System.out( 3543): Values: -19.625 -28.625 -21.5625
01-16 15:16:07.040 I/System.out( 3543): Time difference in secs is: 300
01-16 15:16:08.031 I/System.out( 3543): Values: -18.375 -28.5625 -21.0625
01-16 15:16:08.041 I/System.out( 3543): Time difference in secs is: 300
01-16 15:16:09.032 I/System.out( 3543): Values: -18.5 -28.4375 -20.75
01-16 15:16:09.032 I/System.out( 3543): Time difference in secs is: 300
01-16 15:16:10.033 I/System.out( 3543): Values: -18.8125 -27.8125 -21.5625
01-16 15:16:10.033 I/System.out( 3543): Time difference in secs is: 300
01-16 15:16:11.034 I/System.out( 3543): Values: -19.4375 -28.875 -21.8125
01-16 15:16:11.034 I/System.out( 3543): Time difference in secs is: 300
01-16 15:16:12.035 I/System.out( 3543): Values: -19.375 -28.125 -22.375
01-16 15:16:12.035 I/System.out( 3543): Time difference in secs is: 300
01-16 15:16:13.036 I/System.out( 3543): Values: -18.625 -27.625 -21.375
01-16 15:16:13.036 I/System.out( 3543): Time difference in secs is: 300
01-16 15:16:14.037 I/System.out( 3543): Values: -18.1875 -27.625 -20.9375
01-16 15:16:14.037 I/System.out( 3543): Time difference in secs is: 300
01-16 15:16:15.038 I/System.out( 3543): Values: -18.875 -28.75 -21.8125
01-16 15:16:15.038 I/System.out( 3543): Time difference in secs is: 300
01-16 15:16:16.039 I/System.out( 3543): Values: -19.75 -27.875 -21.0
01-16 15:16:16.039 I/System.out( 3543): Time difference in secs is: 300
01-16 15:16:17.040 I/System.out( 3543): Values: -18.8125 -28.25 -20.375
01-16 15:16:17.040 I/System.out( 3543): Time difference in secs is: 300
01-16 15:16:18.041 I/System.out( 3543): Values: -18.5 -29.125 -21.75
01-16 15:16:18.041 I/System.out( 3543): Time difference in secs is: 300
01-16 15:16:19.032 I/System.out( 3543): Values: -19.4375 -29.1875 -23.0
01-16 15:16:19.032 I/System.out( 3543): Time difference in secs is: 300
01-16 15:16:20.033 I/System.out( 3543): Values: -18.8125 -28.8125 -21.5625
01-16 15:16:20.033 I/System.out( 3543): Time difference in secs is: 300
01-16 15:16:21.034 I/System.out( 3543): Values: -19.5 -28.375 -21.0625
01-16 15:16:21.034 I/System.out( 3543): Time difference in secs is: 300
01-16 15:16:22.035 I/System.out( 3543): Values: -18.5 -28.5625 -19.625
01-16 15:16:22.035 I/System.out( 3543): Time difference in secs is: 300
01-16 15:16:23.036 I/System.out( 3543): Values: -19.8125 -29.3125 -20.9375
01-16 15:16:23.036 I/System.out( 3543): Time difference in secs is: 300
01-16 15:16:24.037 I/System.out( 3543): Values: -18.9375 -29.0625 -20.8125
01-16 15:16:24.037 I/System.out( 3543): Time difference in secs is: 300
01-16 15:16:25.038 I/System.out( 3543): Values: -18.25 -27.375 -20.6875
01-16 15:16:25.038 I/System.out( 3543): Time difference in secs is: 300
01-16 15:16:26.039 I/System.out( 3543): Values: -18.125 -28.9375 -20.9375
01-16 15:16:26.039 I/System.out( 3543): Time difference in secs is: 300
01-16 15:16:27.040 I/System.out( 3543): Values: -18.3125 -28.5625 -22.125
01-16 15:16:27.040 I/System.out( 3543): Time difference in secs is: 300
01-16 15:16:28.041 I/System.out( 3543): Values: -19.3125 -29.5 -23.3125
01-16 15:16:28.041 I/System.out( 3543): Time difference in secs is: 300
01-16 15:16:29.042 I/System.out( 3543): Values: -18.625 -29.1875 -20.6875
01-16 15:16:29.042 I/System.out( 3543): Time difference in secs is: 300
01-16 15:16:30.043 I/System.out( 3543): Values: -18.1875 -28.625 -20.25
01-16 15:16:30.043 I/System.out( 3543): Time difference in secs is: 300
01-16 15:16:31.044 I/System.out( 3543): Values: -19.5 -27.375 -22.1875
01-16 15:16:31.044 I/System.out( 3543): Time difference in secs is: 300
01-16 15:16:32.035 I/System.out( 3543): Values: -19.25 -28.5625 -22.75
01-16 15:16:32.035 I/System.out( 3543): Time difference in secs is: 300
01-16 15:16:33.036 I/System.out( 3543): Values: -19.5625 -29.4375 -20.75
01-16 15:16:33.036 I/System.out( 3543): Time difference in secs is: 300
01-16 15:16:34.037 I/System.out( 3543): Values: -18.4375 -27.625 -20.5
01-16 15:16:34.047 I/System.out( 3543): Time difference in secs is: 300
01-16 15:16:35.038 I/System.out( 3543): Values: -17.625 -27.3125 -21.4375
01-16 15:16:35.048 I/System.out( 3543): Time difference in secs is: 300
01-16 15:16:36.039 I/System.out( 3543): Values: -18.8125 -27.5625 -19.1875
01-16 15:16:36.049 I/System.out( 3543): Time difference in secs is: 300
01-16 15:16:37.040 I/System.out( 3543): Values: -19.3125 -28.625 -22.3125
01-16 15:16:37.050 I/System.out( 3543): Time difference in secs is: 300
01-16 15:16:38.041 I/System.out( 3543): Values: -19.3125 -29.0625 -21.9375
01-16 15:16:38.051 I/System.out( 3543): Time difference in secs is: 300
01-16 15:16:39.042 I/System.out( 3543): Values: -19.6875 -29.4375 -21.5
01-16 15:16:39.042 I/System.out( 3543): Time difference in secs is: 300
01-16 15:16:40.033 I/System.out( 3543): Values: -19.875 -28.625 -22.375
01-16 15:16:40.043 I/System.out( 3543): Time difference in secs is: 300
01-16 15:16:41.044 I/System.out( 3543): Values: -19.1875 -29.0 -22.1875
01-16 15:16:41.044 I/System.out( 3543): Time difference in secs is: 300
01-16 15:16:42.045 I/System.out( 3543): Values: -19.625 -29.3125 -22.5
01-16 15:16:42.045 I/System.out( 3543): Time difference in secs is: 300
01-16 15:16:43.046 I/System.out( 3543): Values: -19.125 -29.8125 -21.125
01-16 15:16:43.046 I/System.out( 3543): Time difference in secs is: 300
01-16 15:16:44.046 I/System.out( 3543): Values: -18.5 -29.125 -21.4375
01-16 15:16:44.046 I/System.out( 3543): Time difference in secs is: 300
01-16 15:16:45.047 I/System.out( 3543): Values: -18.875 -28.1875 -20.8125
01-16 15:16:45.047 I/System.out( 3543): Time difference in secs is: 300
01-16 15:16:46.048 I/System.out( 3543): Values: -19.0625 -28.6875 -21.1875
01-16 15:16:46.048 I/System.out( 3543): Time difference in secs is: 300
01-16 15:16:47.049 I/System.out( 3543): Values: -18.5 -28.875 -21.0
01-16 15:16:47.049 I/System.out( 3543): Time difference in secs is: 300
01-16 15:16:48.050 I/System.out( 3543): Values: -17.9375 -28.6875 -20.75
01-16 15:16:48.050 I/System.out( 3543): Time difference in secs is: 300
01-16 15:16:49.051 I/System.out( 3543): Values: -18.5625 -29.0625 -19.875
01-16 15:16:49.051 I/System.out( 3543): Time difference in secs is: 300
01-16 15:16:50.042 I/System.out( 3543): Values: -19.5 -29.75 -21.3125
01-16 15:16:50.042 I/System.out( 3543): Time difference in secs is: 300
01-16 15:16:51.043 I/System.out( 3543): Values: -19.375 -29.0 -20.9375
01-16 15:16:51.043 I/System.out( 3543): Time difference in secs is: 300
01-16 15:16:52.044 I/System.out( 3543): Values: -19.875 -29.0 -21.875
01-16 15:16:52.044 I/System.out( 3543): Time difference in secs is: 300
01-16 15:16:53.045 I/System.out( 3543): Values: -19.625 -29.9375 -20.875
01-16 15:16:53.045 I/System.out( 3543): Time difference in secs is: 300
01-16 15:16:54.046 I/System.out( 3543): Values: -19.0 -29.0625 -21.5
01-16 15:16:54.046 I/System.out( 3543): Time difference in secs is: 300
01-16 15:16:55.047 I/System.out( 3543): Values: -19.3125 -28.75 -21.9375
01-16 15:16:55.047 I/System.out( 3543): Time difference in secs is: 300
01-16 15:16:56.048 I/System.out( 3543): Values: -18.3125 -28.8125 -21.5625
01-16 15:16:56.048 I/System.out( 3543): Time difference in secs is: 300
01-16 15:16:57.049 I/System.out( 3543): Values: -18.8125 -27.875 -20.25
01-16 15:16:57.049 I/System.out( 3543): Time difference in secs is: 300
01-16 15:16:58.050 I/System.out( 3543): Values: -17.6875 -27.5625 -19.8125
01-16 15:16:58.050 I/System.out( 3543): Time difference in secs is: 300
01-16 15:16:59.051 I/System.out( 3543): Values: -20.1875 -27.5625 -21.1875
01-16 15:16:59.051 I/System.out( 3543): Time difference in secs is: 300
01-16 15:17:00.042 I/System.out( 3543): Values: -18.8125 -28.9375 -21.1875
01-16 15:17:00.052 I/System.out( 3543): Time difference in secs is: 300
01-16 15:17:00.152 D/dalvikvm( 1588): GC_CONCURRENT freed 1906K, 16% free 18119K/21447K, paused 3ms+4ms
01-16 15:17:01.053 I/System.out( 3543): Values: -19.6875 -29.125 -21.5
01-16 15:17:01.053 I/System.out( 3543): Time difference in secs is: 300
01-16 15:17:01.654 D/UsbnetService( 1588): BroadcastReceiver::onReceive+
01-16 15:17:01.654 D/UsbnetService( 1588): onReceive BATTERY_CHANGED
01-16 15:17:01.654 D/UsbnetService( 1588):  --> pluggedType = 2, mPluggedType = 0, mScreenOff = false
01-16 15:17:01.654 D/UsbnetService( 1588): BroadcastReceiver::onReceive-
01-16 15:17:01.664 D/NotificationService( 1588): mIntentReceiver() Intent.ACTION_BATTERY_CHANGED
01-16 15:17:01.674 D/BatteryService( 1588): SendIntentforPowersaver
01-16 15:17:01.684 D/BatteryService( 1588): Current powersaver status == NORMAL_STATUS1 2 2 false
01-16 15:17:01.684 D/PowerUI ( 1661): closing low battery warning: level=97
01-16 15:17:01.694 D/RemoveMe( 1681): DCT got intent android.intent.action.BATTERY_CHANGED
01-16 15:17:01.694 D/PowerUI ( 1661): plugged = true, health = 2, mBatteryLevel = 97, mPluggedBatteryLevel = 97, mLowBatteryWarningLevel2 = 25, mshowLowChargingWarning2 = true
01-16 15:17:01.704 D/RemoveMe( 1681): DCT got intent android.intent.action.BATTERY_CHANGED
01-16 15:17:01.714 D/RemoveMe( 1681): DCT got intent android.intent.action.BATTERY_CHANGED
01-16 15:17:02.044 I/System.out( 3543): Values: -19.0 -28.375 -22.375
01-16 15:17:02.044 I/System.out( 3543): Time difference in secs is: 300
01-16 15:17:03.045 I/System.out( 3543): Values: -18.3125 -27.5 -20.8125
01-16 15:17:03.045 I/System.out( 3543): Time difference in secs is: 300
01-16 15:17:04.046 I/System.out( 3543): Values: -19.5625 -28.875 -20.8125
01-16 15:17:04.046 I/System.out( 3543): Time difference in secs is: 300
01-16 15:17:05.047 I/System.out( 3543): Values: -18.625 -28.3125 -20.0625
01-16 15:17:05.047 I/System.out( 3543): Time difference in secs is: 300
01-16 15:17:06.048 I/System.out( 3543): Values: -18.625 -28.3125 -21.375
01-16 15:17:06.048 I/System.out( 3543): Time difference in secs is: 300
01-16 15:17:06.839 D/dalvikvm( 1696): GC_EXPLICIT freed 1K, 32% free 10259K/14919K, paused 10ms+8ms
01-16 15:17:07.049 I/System.out( 3543): Values: -18.0625 -28.125 -19.75
01-16 15:17:07.049 I/System.out( 3543): Time difference in secs is: 300
01-16 15:17:08.050 I/System.out( 3543): Values: -18.75 -28.875 -21.9375
01-16 15:17:08.060 I/System.out( 3543): Time difference in secs is: 300
01-16 15:17:09.051 I/System.out( 3543): Values: -19.6875 -29.5625 -21.375
01-16 15:17:09.051 I/System.out( 3543): Time difference in secs is: 300
01-16 15:17:10.052 I/System.out( 3543): Values: -19.375 -29.0 -21.5625
01-16 15:17:10.052 I/System.out( 3543): Time difference in secs is: 300
01-16 15:17:11.053 I/System.out( 3543): Values: -18.8125 -28.5 -21.5625
01-16 15:17:11.053 I/System.out( 3543): Time difference in secs is: 300
01-16 15:17:12.054 I/System.out( 3543): Values: -19.1875 -29.25 -21.3125
01-16 15:17:12.054 I/System.out( 3543): Time difference in secs is: 300
01-16 15:17:13.045 I/System.out( 3543): Values: -18.1875 -27.125 -21.375
01-16 15:17:13.055 I/System.out( 3543): Time difference in secs is: 300
01-16 15:17:14.046 I/System.out( 3543): Values: -18.125 -27.8125 -20.5625
01-16 15:17:14.056 I/System.out( 3543): Time difference in secs is: 300
01-16 15:17:15.047 I/System.out( 3543): Values: -18.25 -28.8125 -21.125
01-16 15:17:15.057 I/System.out( 3543): Time difference in secs is: 300
01-16 15:17:16.048 I/System.out( 3543): Values: -19.5625 -27.5 -21.125
01-16 15:17:16.058 I/System.out( 3543): Time difference in secs is: 300
01-16 15:17:17.049 I/System.out( 3543): Values: -18.625 -27.4375 -21.875
01-16 15:17:17.059 I/System.out( 3543): Time difference in secs is: 300
01-16 15:17:18.050 I/System.out( 3543): Values: -19.3125 -28.75 -21.9375
01-16 15:17:18.060 I/System.out( 3543): Time difference in secs is: 300
01-16 15:17:19.051 I/System.out( 3543): Values: -18.6875 -26.9375 -21.0
01-16 15:17:19.061 I/System.out( 3543): Time difference in secs is: 300
01-16 15:17:20.052 I/System.out( 3543): Values: -19.3125 -29.9375 -20.1875
01-16 15:17:20.062 I/System.out( 3543): Time difference in secs is: 300
01-16 15:17:21.043 I/System.out( 3543): Values: -20.25 -28.875 -21.75
01-16 15:17:21.053 I/System.out( 3543): Time difference in secs is: 300
01-16 15:17:22.054 I/System.out( 3543): Values: -18.125 -28.5 -21.375
01-16 15:17:22.054 I/System.out( 3543): Time difference in secs is: 300
01-16 15:17:23.045 I/System.out( 3543): Values: -19.6875 -29.3125 -21.0625
01-16 15:17:23.055 I/System.out( 3543): Time difference in secs is: 300
01-16 15:17:24.056 I/System.out( 3543): Values: -17.9375 -27.625 -21.375
01-16 15:17:24.056 I/System.out( 3543): Time difference in secs is: 300
01-16 15:17:25.056 I/System.out( 3543): Values: -18.8125 -29.25 -21.6875
01-16 15:17:25.056 I/System.out( 3543): Time difference in secs is: 300
01-16 15:17:26.057 I/System.out( 3543): Values: -18.5625 -29.6875 -19.75
01-16 15:17:26.057 I/System.out( 3543): Time difference in secs is: 300
01-16 15:17:27.058 I/System.out( 3543): Values: -18.25 -28.5 -22.125
01-16 15:17:27.058 I/System.out( 3543): Time difference in secs is: 300
01-16 15:17:28.059 I/System.out( 3543): Values: -19.125 -28.375 -21.4375
01-16 15:17:28.059 I/System.out( 3543): Time difference in secs is: 300
01-16 15:17:29.060 I/System.out( 3543): Values: -18.9375 -28.875 -20.5
01-16 15:17:29.060 I/System.out( 3543): Time difference in secs is: 300
01-16 15:17:30.061 I/System.out( 3543): Values: -17.875 -28.3125 -18.4375
01-16 15:17:30.061 I/System.out( 3543): Time difference in secs is: 300
01-16 15:17:31.062 I/System.out( 3543): Values: -18.8125 -27.875 -22.0
01-16 15:17:31.062 I/System.out( 3543): Time difference in secs is: 300
01-16 15:17:32.063 I/System.out( 3543): Values: -18.5625 -27.75 -22.5625
01-16 15:17:32.063 I/System.out( 3543): Time difference in secs is: 300
01-16 15:17:33.054 I/System.out( 3543): Values: -18.875 -29.25 -22.5625
01-16 15:17:33.054 I/System.out( 3543): Time difference in secs is: 300
01-16 15:17:34.055 I/System.out( 3543): Values: -19.4375 -28.5 -21.0625
01-16 15:17:34.055 I/System.out( 3543): Time difference in secs is: 300
01-16 15:17:35.056 I/System.out( 3543): Values: -18.6875 -28.8125 -21.3125
01-16 15:17:35.056 I/System.out( 3543): Time difference in secs is: 300
01-16 15:17:36.057 I/System.out( 3543): Values: -19.4375 -29.8125 -21.375
01-16 15:17:36.067 I/System.out( 3543): Time difference in secs is: 300
01-16 15:17:36.167 D/dalvikvm( 3543): GC_CONCURRENT freed 378K, 8% free 6582K/7111K, paused 5ms+1ms
01-16 15:17:37.058 I/System.out( 3543): Values: -17.8125 -27.5 -19.125
01-16 15:17:37.068 I/System.out( 3543): Time difference in secs is: 300
01-16 15:17:38.059 I/System.out( 3543): Values: -18.625 -28.4375 -21.5625
01-16 15:17:38.069 I/System.out( 3543): Time difference in secs is: 300
01-16 15:17:39.060 I/System.out( 3543): Values: -20.3125 -27.9375 -22.875
01-16 15:17:39.070 I/System.out( 3543): Time difference in secs is: 300
01-16 15:17:40.061 I/System.out( 3543): Values: -19.0 -29.125 -20.4375
01-16 15:17:40.071 I/System.out( 3543): Time difference in secs is: 300
01-16 15:17:41.052 I/System.out( 3543): Values: -18.75 -28.1875 -21.625
01-16 15:17:41.062 I/System.out( 3543): Time difference in secs is: 300
01-16 15:17:42.053 I/System.out( 3543): Values: -18.5 -27.8125 -20.9375
01-16 15:17:42.063 I/System.out( 3543): Time difference in secs is: 300
01-16 15:17:43.054 I/System.out( 3543): Values: -19.4375 -28.25 -20.25
01-16 15:17:43.064 I/System.out( 3543): Time difference in secs is: 300
01-16 15:17:44.055 I/System.out( 3543): Values: -18.875 -28.4375 -18.5
01-16 15:17:44.065 I/System.out( 3543): Time difference in secs is: 300
01-16 15:17:45.066 I/System.out( 3543): Values: -19.1875 -28.8125 -20.625
01-16 15:17:45.066 I/System.out( 3543): Time difference in secs is: 300
01-16 15:17:46.057 I/System.out( 3543): Values: -19.75 -29.0625 -22.1875
01-16 15:17:46.067 I/System.out( 3543): Time difference in secs is: 300
01-16 15:17:47.068 I/System.out( 3543): Values: -17.6875 -27.5 -20.625
01-16 15:17:47.068 I/System.out( 3543): Time difference in secs is: 300
01-16 15:17:48.069 I/System.out( 3543): Values: -19.0625 -29.5 -20.5625
01-16 15:17:48.069 I/System.out( 3543): Time difference in secs is: 300
01-16 15:17:49.060 I/System.out( 3543): Values: -20.1875 -30.0625 -22.25
01-16 15:17:49.070 I/System.out( 3543): Time difference in secs is: 300
01-16 15:17:50.061 I/System.out( 3543): Values: -18.6875 -28.625 -21.25
01-16 15:17:50.071 I/System.out( 3543): Time difference in secs is: 300
01-16 15:17:51.072 I/System.out( 3543): Values: -18.375 -29.4375 -21.6875
01-16 15:17:51.072 I/System.out( 3543): Time difference in secs is: 300
01-16 15:17:52.063 I/System.out( 3543): Values: -19.8125 -28.9375 -20.4375
01-16 15:17:52.063 I/System.out( 3543): Time difference in secs is: 300
01-16 15:17:53.064 I/System.out( 3543): Values: -20.4375 -28.375 -21.25
01-16 15:17:53.064 I/System.out( 3543): Time difference in secs is: 300
