01-06 18:44:36.637 I/ActivityManager( 1574): Start proc com.google.android.googlequicksearchbox for broadcast com.google.android.googlequicksearchbox/.SourceUpdateReceiver: pid=2660 uid=10080 gids={3003}
01-06 18:44:36.687 D/SurfaceFlinger( 1438): virtual void android::Layer::onRemoved(): lcblk (identity=8, status=0, token=2)
01-06 18:44:36.687 D/CombinedWidgetProvider( 1666): addFxWidget: WidgetSummary(Sync All/FX_WIDGET/[I@40c06828 x [I@40c06848/-2/ComponentInfo{com.htc.Sync3DWidget/com.htc.Sync3DWidget.SyncWidgetProvider}/[I@40c06868)
01-06 18:44:36.697 D/FxWidgetProvider( 1666): row 1
01-06 18:44:36.717 D/SurfaceFlinger( 1438): virtual void android::Layer::onRemoved(): lcblk (identity=7, status=0, token=1)
01-06 18:44:36.717 I/ActivityThread( 2660): Pub com.google.android.googlequicksearchbox.shortcuts: com.google.android.googlequicksearchbox.WebHistoryProvider
01-06 18:44:36.717 I/ActivityThread( 2660): Pub com.google.android.googlequicksearchbox.google: com.google.android.googlequicksearchbox.google.GoogleSuggestionProvider
01-06 18:44:36.727 D/dalvikvm( 2252): GC_CONCURRENT freed 484K, 9% free 6714K/7303K, paused 6ms+151ms
01-06 18:44:36.777 D/SqliteDatabaseCpp( 2660): dbopen(): path = /data/data/com.google.android.googlequicksearchbox/databases , key = iwf-`awtkvq, flag = 6, file size = 6144
01-06 18:44:36.777 D/SqliteDatabaseCpp( 2660): dbopen(): path = /data/data/com.google.android.googlequicksearchbox/databases , key = iwf-`awtkvq, mode: delete, disk free size: 7860 M, handle: 0x193508
01-06 18:44:36.797 W/InputManagerService( 1574): Starting input on non-focused client com.android.internal.view.IInputMethodClient$Stub$Proxy@40b1e458 (uid=9999 pid=1666)
01-06 18:44:36.807 D/CombinedWidgetProvider( 1666): addFxWidget: WidgetSummary(Music/FX_WIDGET/[I@40bfd0b0 x [I@40bfce38/-2/ComponentInfo{com.htc.MusicWidget3D/com.htc.MusicWidget3D.MusicWidget3DProvider}/[I@40bfce58)
01-06 18:44:36.807 D/FxWidgetProvider( 1666): row 1
01-06 18:44:36.807 I/ActivityManager( 1574): No longer want com.htc.pen (pid 2127): hidden #16
01-06 18:44:36.817 D/CombinedWidgetProvider( 1666): addFxWidget: WidgetSummary(Music/FX_WIDGET/[I@40bf3240 x [I@40bf3740/-2/ComponentInfo{com.htc.MusicWidget3D/com.htc.MusicWidget3D.MusicWidget3DProvider}/[I@40bf3760)
01-06 18:44:36.817 D/FxWidgetProvider( 1666): row 1
01-06 18:44:36.827 D/CombinedWidgetProvider( 1666): addFxWidget: WidgetSummary(Music/FX_WIDGET/[I@40bd59b0 x [I@40bd5618/-2/ComponentInfo{com.htc.MusicWidget3D/com.htc.MusicWidget3D.MusicWidget3DProvider}/[I@40bd5638)
01-06 18:44:36.837 D/FxWidgetProvider( 1666): row 1
01-06 18:44:36.837 D/CombinedWidgetProvider( 1666): addFxWidget: WidgetSummary(Friend Stream/FX_WIDGET/[I@408067e0 x [I@40806800/-2/ComponentInfo{com.htc.FriendStream3DWidget/com.htc.FriendStream3DWidget.FriendStreamWidgetProvider}/[I@40806820)
01-06 18:44:36.847 D/FxWidgetProvider( 1666): row 1
01-06 18:44:36.847 D/CombinedWidgetProvider( 1666): addFxWidget: WidgetSummary(Friend Stream/FX_WIDGET/[I@40be3480 x [I@40be34a0/-2/ComponentInfo{com.htc.FriendStream3DWidget/com.htc.FriendStream3DWidget.FriendStreamWidgetProvider}/[I@40be32d0)
01-06 18:44:36.847 D/FxWidgetProvider( 1666): row 1
01-06 18:44:36.847 D/CombinedWidgetProvider( 1666): addFxWidget: WidgetSummary(Friend Stream/FX_WIDGET/[I@40856780 x [I@40840820/-2/ComponentInfo{com.htc.FriendStream3DWidget/com.htc.FriendStream3DWidget.FriendStreamWidgetProvider}/[I@40840840)
01-06 18:44:36.857 D/FxWidgetProvider( 1666): row 1
01-06 18:44:36.857 D/CombinedWidgetProvider( 1666): addFxWidget: WidgetSummary(Friend Stream/FX_WIDGET/[I@40869ac8 x [I@40869ae8/-2/ComponentInfo{com.htc.FriendStream3DWidget/com.htc.FriendStream3DWidget.FriendStreamWidgetProvider}/[I@40869b08)
01-06 18:44:36.857 D/FxWidgetProvider( 1666): row 1
01-06 18:44:36.877 D/CombinedWidgetProvider( 1666): addFxWidget: WidgetSummary(Friend Channel/FX_WIDGET/[I@4081fc70 x [I@4081f288/-2/ComponentInfo{com.htc.FriendStream3DWidget/com.htc.FriendStream3DWidget.FriendStreamWidgetProvider}/[I@4081f2a8)
01-06 18:44:36.877 D/FxWidgetProvider( 1666): row 1
01-06 18:44:36.887 D/CombinedWidgetProvider( 1666): addFxWidget: WidgetSummary(My Shelf/FX_WIDGET/[I@40720958 x [I@40714420/-2/ComponentInfo{com.htc.ereader.widget3d/com.htc.ereader.widget3d.ereaderwidget3d.SimpleWidgetProvider}/[I@40714440)
01-06 18:44:36.887 D/FxWidgetProvider( 1666): row 1
01-06 18:44:36.907 D/CombinedWidgetProvider( 1666): addFxWidget: WidgetSummary(Weather/FX_WIDGET/[I@40cc0130 x [I@40cc0150/-2/ComponentInfo{com.htc.widget3d.weather/com.htc.widget3d.weather.WeatherWidgetProvider}/[I@40cc0170)
01-06 18:44:36.907 D/FxWidgetProvider( 1666): row 1
01-06 18:44:36.917 D/CombinedWidgetProvider( 1666): addFxWidget: WidgetSummary(Weather/FX_WIDGET/[I@40c69460 x [I@40c691d8/-2/ComponentInfo{com.htc.widget3d.weather/com.htc.widget3d.weather.WeatherWidgetProvider}/[I@40c691f8)
01-06 18:44:36.927 D/FxWidgetProvider( 1666): row 1
01-06 18:44:36.937 D/CombinedWidgetProvider( 1666): addFxWidget: WidgetSummary(Weather/FX_WIDGET/[I@40884cb0 x [I@4087e2d0/-2/ComponentInfo{com.htc.widget3d.weather/com.htc.widget3d.weather.WeatherWidgetProvider}/[I@4087e2f0)
01-06 18:44:36.947 D/FxWidgetProvider( 1666): row 1
01-06 18:44:36.947 D/CombinedWidgetProvider( 1666): addFxWidget: WidgetSummary(Screen Timeout/FX_WIDGET/[I@40762e18 x [I@40760c50/-2/ComponentInfo{com.htc.rosiewidgets.screentimeout/com.htc.rosiewidgets.screentimeout.ScreenTimeoutWidgetProvider}/[I@40760c70)
01-06 18:44:36.947 D/FxWidgetProvider( 1666): row 1
01-06 18:44:36.957 D/CombinedWidgetProvider( 1666): addFxWidget: WidgetSummary(Screen Brightness/FX_WIDGET/[I@40810518 x [I@407cf968/-2/ComponentInfo{com.htc.rosiewidgets.screenbrightness/com.htc.rosiewidgets.screenbrightness.ScreenBrightnessWidgetProvider}/[I@407cf988)
01-06 18:44:36.957 D/FxWidgetProvider( 1666): row 1
01-06 18:44:36.957 D/CombinedWidgetProvider( 1666): addFxWidget: WidgetSummary(Notes/FX_WIDGET/[I@40858aa8 x [I@40858ac8/-2/ComponentInfo{com.htc.htcrichnoteswidget3d/com.htc.htcrichnoteswidget3d.NotesWidgetProvider}/[I@40857da0)
01-06 18:44:36.957 D/FxWidgetProvider( 1666): row 1
01-06 18:44:36.967 D/CombinedWidgetProvider( 1666): addFxWidget: WidgetSummary(Notes/FX_WIDGET/[I@40bb4288 x [I@40bb42a8/-2/ComponentInfo{com.htc.htcrichnoteswidget3d/com.htc.htcrichnoteswidget3d.NotesWidgetProvider}/[I@40bb42c8)
01-06 18:44:36.967 D/FxWidgetProvider( 1666): row 1
01-06 18:44:36.967 D/dalvikvm( 1657): GC_CONCURRENT freed 613K, 9% free 7864K/8583K, paused 2ms+1ms
01-06 18:44:36.977 D/CombinedWidgetProvider( 1666): addFxWidget: WidgetSummary(HTC Likes/FX_WIDGET/[I@407219c0 x [I@407219e0/-2/ComponentInfo{com.htc.android.fusion.recommend/com.htc.android.fusion.recommend.RosieIntentReceiver}/[I@40721a00)
01-06 18:44:36.977 D/FxWidgetProvider( 1666): row 1
01-06 18:44:36.977 D/CombinedWidgetProvider( 1666): addFxWidget: WidgetSummary(Profile/FX_WIDGET/[I@406fd058 x [I@406fd078/-2/ComponentInfo{com.htc.widget.profile/com.htc.widget.profile.HtcWidgetReceiver}/[I@406fd098)
01-06 18:44:36.987 D/FxWidgetProvider( 1666): row 1
01-06 18:44:36.987 D/CombinedWidgetProvider( 1666): addFxWidget: WidgetSummary(Power Dashboard/FX_WIDGET/[I@40754a00 x [I@40754a20/-2/ComponentInfo{com.htc.rosiewidgets.powerstrip/com.htc.rosiewidgets.powerstrip.PowerStripWidgetProvider}/[I@40754a40)
01-06 18:44:36.987 D/FxWidgetProvider( 1666): row 1
01-06 18:44:36.987 D/CombinedWidgetProvider( 1666): addFxWidget: WidgetSummary(Photo Album/FX_WIDGET/[I@40c4aad8 x [I@40c4aaf8/-2/ComponentInfo{com.htc.photowidget3d/com.htc.photowidget3d.album.PhotoAlbumWidgetProvider}/[I@40c4ab18)
01-06 18:44:36.997 D/FxWidgetProvider( 1666): row 1
01-06 18:44:36.997 D/CombinedWidgetProvider( 1666): addFxWidget: WidgetSummary(Photo Frame/FX_WIDGET/[I@40c74d48 x [I@40c74d68/-2/ComponentInfo{com.htc.photowidget3d/com.htc.photowidget3d.frame.PhotoFrameWidgetProvider}/[I@40c74d88)
01-06 18:44:37.007 D/FxWidgetProvider( 1666): row 1
01-06 18:44:37.007 D/CombinedWidgetProvider( 1666): addFxWidget: WidgetSummary(Photo Grid/FX_WIDGET/[I@40a22fc0 x [I@40a22fe0/-2/ComponentInfo{com.htc.rosiewidgets.photogridwidget3d/com.htc.rosiewidgets.photogridwidget3d.PhotoGridWidget3DProvider}/[I@40bfb2e0)
01-06 18:44:37.007 D/FxWidgetProvider( 1666): row 1
01-06 18:44:37.017 D/CombinedWidgetProvider( 1666): addFxWidget: WidgetSummary(Navigate/FX_WIDGET/[I@40b04140 x [I@40b04160/-2/ComponentInfo{com.htc.laputa.widget3d.navigate/com.htc.laputa.widget3d.navigate.NavigateWidgetProvider}/[I@40b04180)
01-06 18:44:37.017 D/FxWidgetProvider( 1666): row 1
01-06 18:44:37.017 D/CombinedWidgetProvider( 1666): addFxWidget: WidgetSummary(Navigate/FX_WIDGET/[I@40809fa8 x [I@40809fc8/-2/ComponentInfo{com.htc.laputa.widget3d.navigate/com.htc.laputa.widget3d.navigate.NavigateWidgetProvider}/[I@40809fe8)
01-06 18:44:37.017 D/FxWidgetProvider( 1666): row 1
01-06 18:44:37.027 D/CombinedWidgetProvider( 1666): addFxWidget: WidgetSummary(Locations/FX_WIDGET/[I@40bfc580 x [I@40bfe470/-2/ComponentInfo{com.htc.laputa.widget3d.locations/com.htc.laputa.widget3d.locations.LocationsWidgetProvider}/[I@40bfe490)
01-06 18:44:37.027 D/FxWidgetProvider( 1666): row 1
01-06 18:44:37.027 D/CombinedWidgetProvider( 1666): addFxWidget: WidgetSummary(News/FX_WIDGET/[I@40c0e4d8 x [I@40c0e4f8/-2/ComponentInfo{com.htc.googlereaderwidget/com.htc.googlereaderwidget.RosieWidgetReceiver}/[I@40c0eb10)
01-06 18:44:37.027 D/FxWidgetProvider( 1666): row 1
01-06 18:44:37.037 D/CombinedWidgetProvider( 1666): addFxWidget: WidgetSummary(News/FX_WIDGET/[I@40bebc38 x [I@40bebc58/-2/ComponentInfo{com.htc.googlereaderwidget/com.htc.googlereaderwidget.RosieWidgetReceiver}/[I@40bebc78)
01-06 18:44:37.037 D/FxWidgetProvider( 1666): row 1
01-06 18:44:37.037 D/CombinedWidgetProvider( 1666): addFxWidget: WidgetSummary(Data Dashboard/FX_WIDGET/[I@40c84468 x [I@40c84488/-2/ComponentInfo{com.htc.rosiewidgets.datastrip/com.htc.rosiewidgets.datastrip.DataStripWidgetProvider}/[I@40c844a8)
01-06 18:44:37.047 D/FxWidgetProvider( 1666): row 1
01-06 18:44:37.047 D/CombinedWidgetProvider( 1666): addFxWidget: WidgetSummary(Data Roaming/FX_WIDGET/[I@40c8b498 x [I@40c8be50/-2/ComponentInfo{com.htc.rosiewidgets.dataroaming/com.htc.rosiewidgets.dataroaming.WidgetProvider}/[I@40c8be70)
01-06 18:44:37.047 D/FxWidgetProvider( 1666): row 1
01-06 18:44:37.047 D/CombinedWidgetProvider( 1666): addFxWidget: WidgetSummary(Analog Clock/FX_WIDGET/[I@40c93c00 x [I@40c93c20/-2/ComponentInfo{com.htc.clock3dwidget/com.htc.clock3dwidget.ClockWidgetProvider}/[I@40c93c40)
01-06 18:44:37.057 D/FxWidgetProvider( 1666): row 1
01-06 18:44:37.057 D/CombinedWidgetProvider( 1666): addFxWidget: WidgetSummary(Analog Clock/FX_WIDGET/[I@40c9cea0 x [I@40c9cec0/-2/ComponentInfo{com.htc.clock3dwidget/com.htc.clock3dwidget.ClockWidgetProvider}/[I@40c9cee0)
01-06 18:44:37.057 D/FxWidgetProvider( 1666): row 1
01-06 18:44:37.057 D/CombinedWidgetProvider( 1666): addFxWidget: WidgetSummary(Weather Clock/FX_WIDGET/[I@40caa880 x [I@40cab178/-2/ComponentInfo{com.htc.clock3dwidget/com.htc.clock3dwidget.ClockWidgetProvider}/[I@40cab198)
01-06 18:44:37.067 D/FxWidgetProvider( 1666): row 1
01-06 18:44:37.067 D/CombinedWidgetProvider( 1666): addFxWidget: WidgetSummary(Travel Clock/FX_WIDGET/[I@40c094d8 x [I@40c094f8/-2/ComponentInfo{com.htc.clock3dwidget/com.htc.clock3dwidget.ClockWidgetProvider}/[I@40c09518)
01-06 18:44:37.067 D/FxWidgetProvider( 1666): row 1
01-06 18:44:37.067 D/CombinedWidgetProvider( 1666): addFxWidget: WidgetSummary(Digital Clock/FX_WIDGET/[I@40c75650 x [I@40c77f48/-2/ComponentInfo{com.htc.clock3dwidget/com.htc.clock3dwidget.ClockWidgetProvider}/[I@40c77f68)
01-06 18:44:37.067 D/FxWidgetProvider( 1666): row 1
01-06 18:44:37.147 D/dalvikvm( 1574): GC_EXPLICIT freed 1241K, 13% free 15832K/17991K, paused 2ms+4ms
01-06 18:44:37.157 I/System.out( 2631): Values: 0
01-06 18:44:37.187 D/CombinedWidgetProvider( 1666): addFxWidget: WidgetSummary(Analog Clock/FX_WIDGET/[I@406d4ac8 x [I@4082e7f8/-2/ComponentInfo{com.htc.clock3dwidget/com.htc.clock3dwidget.ClockWidgetProvider}/[I@4082e818)
01-06 18:44:37.187 D/FxWidgetProvider( 1666): row 1
01-06 18:44:37.197 D/CombinedWidgetProvider( 1666): addFxWidget: WidgetSummary(Analog Clock/FX_WIDGET/[I@408618c8 x [I@408618e8/-2/ComponentInfo{com.htc.clock3dwidget/com.htc.clock3dwidget.ClockWidgetProvider}/[I@40861908)
01-06 18:44:37.197 D/FxWidgetProvider( 1666): row 1
01-06 18:44:37.197 D/CombinedWidgetProvider( 1666): addFxWidget: WidgetSummary(Analog Clock/FX_WIDGET/[I@40c012f0 x [I@40c06f50/-2/ComponentInfo{com.htc.clock3dwidget/com.htc.clock3dwidget.ClockWidgetProvider}/[I@40c06f70)
01-06 18:44:37.197 D/FxWidgetProvider( 1666): row 1
01-06 18:44:37.207 D/CombinedWidgetProvider( 1666): addFxWidget: WidgetSummary(Analog Clock/FX_WIDGET/[I@40c76568 x [I@40c76588/-2/ComponentInfo{com.htc.clock3dwidget/com.htc.clock3dwidget.ClockWidgetProvider}/[I@40c765a8)
01-06 18:44:37.207 D/FxWidgetProvider( 1666): row 1
01-06 18:44:37.207 D/CombinedWidgetProvider( 1666): addFxWidget: WidgetSummary(Analog Clock/FX_WIDGET/[I@40719590 x [I@40cfcd08/-2/ComponentInfo{com.htc.clock3dwidget/com.htc.clock3dwidget.ClockWidgetProvider}/[I@40cfcd28)
01-06 18:44:37.207 D/FxWidgetProvider( 1666): row 1
01-06 18:44:37.217 D/CombinedWidgetProvider( 1666): addFxWidget: WidgetSummary(Analog Clock/FX_WIDGET/[I@40a2e8f8 x [I@40a2e918/-2/ComponentInfo{com.htc.clock3dwidget/com.htc.clock3dwidget.ClockWidgetProvider}/[I@40a2e938)
01-06 18:44:37.217 D/FxWidgetProvider( 1666): row 1
01-06 18:44:37.217 D/CombinedWidgetProvider( 1666): addFxWidget: WidgetSummary(Analog Clock/FX_WIDGET/[I@40826808 x [I@40c44ee8/-2/ComponentInfo{com.htc.clock3dwidget/com.htc.clock3dwidget.ClockWidgetProvider}/[I@407d4768)
01-06 18:44:37.217 D/FxWidgetProvider( 1666): row 1
01-06 18:44:37.227 D/CombinedWidgetProvider( 1666): addFxWidget: WidgetSummary(Social Clock/FX_WIDGET/[I@4085afe8 x [I@40af9150/-2/ComponentInfo{com.htc.clock3dwidget/com.htc.clock3dwidget.ClockWidgetProvider}/[I@408711b0)
01-06 18:44:37.227 D/FxWidgetProvider( 1666): row 1
01-06 18:44:37.227 D/CombinedWidgetProvider( 1666): addFxWidget: WidgetSummary(Beam Clock/FX_WIDGET/[I@40a289e8 x [I@40a28a08/-2/ComponentInfo{com.htc.clock3dwidget/com.htc.clock3dwidget.ClockWidgetProvider}/[I@4085eff0)
01-06 18:44:37.227 D/FxWidgetProvider( 1666): row 1
01-06 18:44:37.237 D/CombinedWidgetProvider( 1666): addFxWidget: WidgetSummary(Ring Clock/FX_WIDGET/[I@40afaed0 x [I@40afaef0/-2/ComponentInfo{com.htc.clock3dwidget/com.htc.clock3dwidget.ClockWidgetProvider}/[I@40d70c00)
01-06 18:44:37.237 D/FxWidgetProvider( 1666): row 1
01-06 18:44:37.237 D/CombinedWidgetProvider( 1666): addFxWidget: WidgetSummary(Spin Cycle Clock/FX_WIDGET/[I@40775108 x [I@40775128/-2/ComponentInfo{com.htc.clock3dwidget/com.htc.clock3dwidget.ClockWidgetProvider}/[I@407e3bb8)
01-06 18:44:37.237 D/FxWidgetProvider( 1666): row 1
01-06 18:44:37.237 D/CombinedWidgetProvider( 1666): addFxWidget: WidgetSummary(Analog Clock/FX_WIDGET/[I@4075e3a8 x [I@4074a6e0/-2/ComponentInfo{com.htc.clock3dwidget/com.htc.clock3dwidget.ClockWidgetProvider}/[I@4074a700)
01-06 18:44:37.247 D/FxWidgetProvider( 1666): row 1
01-06 18:44:37.247 D/CombinedWidgetProvider( 1666): addFxWidget: WidgetSummary(Calculator/FX_WIDGET/[I@40854fa8 x [I@40854fc8/-2/ComponentInfo{com.htc.android.fusion.calculator/com.htc.android.fusion.calculator.RosieIntentReceiver}/[I@40d71438)
01-06 18:44:37.247 D/FxWidgetProvider( 1666): row 1
01-06 18:44:37.307 D/CombinedWidgetProvider( 1666): addFxWidget: WidgetSummary(Calculator/FX_WIDGET/[I@40c3bef0 x [I@4075b620/-2/ComponentInfo{com.htc.android.fusion.calculator/com.htc.android.fusion.calculator.RosieIntentReceiver}/[I@4075b640)
01-06 18:44:37.317 D/FxWidgetProvider( 1666): row 1
01-06 18:44:37.317 D/CombinedWidgetProvider( 1666): addFxWidget: WidgetSummary(Calculator/FX_WIDGET/[I@40863960 x [I@407d6418/-2/ComponentInfo{com.htc.android.fusion.calculator/com.htc.android.fusion.calculator.RosieIntentReceiver}/[I@407d6438)
01-06 18:44:37.327 D/FxWidgetProvider( 1666): row 1
01-06 18:44:37.327 D/CombinedWidgetProvider( 1666): addFxWidget: WidgetSummary(Calculator/FX_WIDGET/[I@407072d0 x [I@407072f0/-2/ComponentInfo{com.htc.android.fusion.calculator/com.htc.android.fusion.calculator.RosieIntentReceiver}/[I@40816b10)
01-06 18:44:37.327 D/FxWidgetProvider( 1666): row 1
01-06 18:44:37.327 D/CombinedWidgetProvider( 1666): addFxWidget: WidgetSummary(Auto-sync/FX_WIDGET/[I@40c64310 x [I@40c64330/-2/ComponentInfo{com.htc.rosiewidgets.backgrounddata/com.htc.rosiewidgets.backgrounddata.BackgroundDataWidgetProvider}/[I@40c64350)
01-06 18:44:37.327 D/FxWidgetProvider( 1666): row 1
01-06 18:44:37.337 D/CombinedWidgetProvider( 1666): addFxWidget: WidgetSummary(Auto-rotate/FX_WIDGET/[I@40836778 x [I@40a2d628/-2/ComponentInfo{com.htc.autorotatewidget/com.htc.autorotatewidget.AutoRotateWidgetProvider}/[I@40a2d648)
01-06 18:44:37.337 D/FxWidgetProvider( 1666): row 1
01-06 18:44:37.347 D/CombinedWidgetProvider( 1666): addFxWidget: WidgetSummary(Stocks/FX_WIDGET/[I@40afdf40 x [I@40bb1828/-2/ComponentInfo{com.htc.android.fusion.StockWidget/com.htc.android.fusion.StockWidget.RosieWidgetReceiver}/[I@40bb1848)
01-06 18:44:37.347 D/FxWidgetProvider( 1666): row 1
01-06 18:44:37.347 D/CombinedWidgetProvider( 1666): addFxWidget: WidgetSummary(Stocks/FX_WIDGET/[I@4087c3e8 x [I@4087c408/-2/ComponentInfo{com.htc.android.fusion.StockWidget/com.htc.android.fusion.StockWidget.RosieWidgetReceiver}/[I@4088a7e0)
01-06 18:44:37.347 D/FxWidgetProvider( 1666): row 1
01-06 18:44:37.357 D/CombinedWidgetProvider( 1666): addFxWidget: WidgetSummary(Stocks/FX_WIDGET/[I@40723570 x [I@40723590/-2/ComponentInfo{com.htc.android.fusion.StockWidget/com.htc.android.fusion.StockWidget.RosieWidgetReceiver}/[I@40d6c710)
01-06 18:44:37.357 D/CombinedWidgetProvider( 1666): -addFxWidgets diff: 3589
01-06 18:44:37.357 D/CombinedWidgetProvider( 1666): +addAppWidgetCategories
01-06 18:44:37.357 D/CombinedWidgetProvider( 1666): add AppWidget category: WidgetCategory(YouTube/APP_WIDGET/0)
01-06 18:44:37.357 D/CombinedWidgetProvider( 1666): add AppWidget category: WidgetCategory(Twitter (large)/APP_WIDGET/0)
01-06 18:44:37.357 D/CombinedWidgetProvider( 1666): add AppWidget category: WidgetCategory(Twitter (small)/APP_WIDGET/0)
01-06 18:44:37.357 D/CombinedWidgetProvider( 1666): add AppWidget category: WidgetCategory(Traffic/APP_WIDGET/0)
01-06 18:44:37.357 D/CombinedWidgetProvider( 1666): add AppWidget category: WidgetCategory(Latitude/APP_WIDGET/0)
01-06 18:44:37.357 D/CombinedWidgetProvider( 1666): add AppWidget category: WidgetCategory(Market/APP_WIDGET/0)
01-06 18:44:37.357 D/CombinedWidgetProvider( 1666): add AppWidget category: WidgetCategory(Google Search/APP_WIDGET/0)
01-06 18:44:37.357 D/CombinedWidgetProvider( 1666): add AppWidget category: WidgetCategory(Gmail/APP_WIDGET/0)
01-06 18:44:37.357 D/CombinedWidgetProvider( 1666): add AppWidget category: WidgetCategory(Bookmarks/APP_WIDGET/0)
01-06 18:44:37.357 D/CombinedWidgetProvider( 1666): -addAppWidgetCategories
01-06 18:44:37.357 D/CombinedWidgetProvider( 1666): +addHtcWidgetCategories
01-06 18:44:37.357 D/CombinedWidgetProvider( 1666):  uri: content://com.htc.launcher.widget.htcwidget/htcwidgets?category_only=true
01-06 18:44:37.357 D/HtcWidgetProvider( 1666): row 1
01-06 18:44:37.367 D/CombinedWidgetProvider( 1666): addHtcWidget Category: WidgetCategory(Tips for Home/HTC_WIDGET/1101)
01-06 18:44:37.367 D/CombinedWidgetProvider( 1666): -addHtcWidgetCategories
01-06 18:44:37.367 D/CombinedWidgetProvider( 1666): +addFxWidgetCategories
01-06 18:44:37.367 D/FxWidgetProvider( 1666): row 94
01-06 18:44:37.568 D/dalvikvm( 1666): GC_CONCURRENT freed 1055K, 14% free 11840K/13767K, paused 1ms+4ms
01-06 18:44:37.638 D/CombinedWidgetProvider( 1666): +addFxWidgetCategories: default
01-06 18:44:37.638 D/CombinedWidgetProvider( 1666): addFxWidget Category: WidgetCategory(Watch/FX_WIDGET/-2)
01-06 18:44:37.638 D/CombinedWidgetProvider( 1666): +addFxWidgetCategories: default
01-06 18:44:37.638 D/CombinedWidgetProvider( 1666): addFxWidget Category: WidgetCategory(Mail/FX_WIDGET/-2)
01-06 18:44:37.638 D/CombinedWidgetProvider( 1666): +addFxWidgetCategories: default
01-06 18:44:37.638 D/CombinedWidgetProvider( 1666): addFxWidget Category: WidgetCategory(People/FX_WIDGET/-2)
01-06 18:44:37.638 D/CombinedWidgetProvider( 1666): +addFxWidgetCategories: default
01-06 18:44:37.638 D/CombinedWidgetProvider( 1666): addFxWidget Category: WidgetCategory(Calendar/FX_WIDGET/-2)
01-06 18:44:37.638 D/CombinedWidgetProvider( 1666): +addFxWidgetCategories: default
01-06 18:44:37.648 D/CombinedWidgetProvider( 1666): addFxWidget Category: WidgetCategory(Bookmarks/FX_WIDGET/-2)
01-06 18:44:37.648 D/CombinedWidgetProvider( 1666): +addFxWidgetCategories: default
01-06 18:44:37.648 D/CombinedWidgetProvider( 1666): addFxWidget Category: WidgetCategory(Messages/FX_WIDGET/-2)
01-06 18:44:37.648 D/CombinedWidgetProvider( 1666): +addFxWidgetCategories: default
01-06 18:44:37.648 D/CombinedWidgetProvider( 1666): addFxWidget Category: WidgetCategory(Twitter/FX_WIDGET/-2)
01-06 18:44:37.648 D/CombinedWidgetProvider( 1666): +addFxWidgetCategories: default
01-06 18:44:37.648 D/CombinedWidgetProvider( 1666): addFxWidget Category: WidgetCategory(Trends/FX_WIDGET/-2)
01-06 18:44:37.648 D/CombinedWidgetProvider( 1666): +addFxWidgetCategories: default
01-06 18:44:37.648 D/CombinedWidgetProvider( 1666): addFxWidget Category: WidgetCategory(Sync All/FX_WIDGET/-2)
01-06 18:44:37.648 D/CombinedWidgetProvider( 1666): +addFxWidgetCategories: default
01-06 18:44:37.648 D/CombinedWidgetProvider( 1666): addFxWidget Category: WidgetCategory(Music/FX_WIDGET/-2)
01-06 18:44:37.648 D/CombinedWidgetProvider( 1666): +addFxWidgetCategories: default
01-06 18:44:37.648 D/CombinedWidgetProvider( 1666): addFxWidget Category: WidgetCategory(Friend Stream/FX_WIDGET/-2)
01-06 18:44:37.648 D/CombinedWidgetProvider( 1666): +addFxWidgetCategories: default
01-06 18:44:37.648 D/CombinedWidgetProvider( 1666): addFxWidget Category: WidgetCategory(My Shelf/FX_WIDGET/-2)
01-06 18:44:37.648 D/CombinedWidgetProvider( 1666): +addFxWidgetCategories: default
01-06 18:44:37.658 D/CombinedWidgetProvider( 1666): addFxWidget Category: WidgetCategory(Weather/FX_WIDGET/-2)
01-06 18:44:37.658 D/CombinedWidgetProvider( 1666): +addFxWidgetCategories: default
01-06 18:44:37.658 D/CombinedWidgetProvider( 1666): addFxWidget Category: WidgetCategory(Notes/FX_WIDGET/-2)
01-06 18:44:37.658 D/CombinedWidgetProvider( 1666): +addFxWidgetCategories: default
01-06 18:44:37.658 D/CombinedWidgetProvider( 1666): addFxWidget Category: WidgetCategory(HTC Likes/FX_WIDGET/-2)
01-06 18:44:37.658 D/CombinedWidgetProvider( 1666): +addFxWidgetCategories: default
01-06 18:44:37.658 D/CombinedWidgetProvider( 1666): addFxWidget Category: WidgetCategory(Photo Album/FX_WIDGET/-2)
01-06 18:44:37.658 D/CombinedWidgetProvider( 1666): +addFxWidgetCategories: default
01-06 18:44:37.658 D/CombinedWidgetProvider( 1666): addFxWidget Category: WidgetCategory(Photo Frame/FX_WIDGET/-2)
01-06 18:44:37.658 D/CombinedWidgetProvider( 1666): +addFxWidgetCategories: default
01-06 18:44:37.658 D/CombinedWidgetProvider( 1666): addFxWidget Category: WidgetCategory(Photo Grid/FX_WIDGET/-2)
01-06 18:44:37.658 D/CombinedWidgetProvider( 1666): +addFxWidgetCategories: default
01-06 18:44:37.658 D/CombinedWidgetProvider( 1666): addFxWidget Category: WidgetCategory(Navigate/FX_WIDGET/-2)
01-06 18:44:37.658 D/CombinedWidgetProvider( 1666): +addFxWidgetCategories: default
01-06 18:44:37.658 D/CombinedWidgetProvider( 1666): addFxWidget Category: WidgetCategory(Locations/FX_WIDGET/-2)
01-06 18:44:37.658 D/CombinedWidgetProvider( 1666): +addFxWidgetCategories: default
01-06 18:44:37.658 D/CombinedWidgetProvider( 1666): addFxWidget Category: WidgetCategory(News/FX_WIDGET/-2)
01-06 18:44:37.658 D/CombinedWidgetProvider( 1666): +addFxWidgetCategories: default
01-06 18:44:37.658 D/CombinedWidgetProvider( 1666): addFxWidget Category: WidgetCategory(Clock/FX_WIDGET/-2)
01-06 18:44:37.658 D/CombinedWidgetProvider( 1666): +addFxWidgetCategories: default
01-06 18:44:37.658 D/CombinedWidgetProvider( 1666): addFxWidget Category: WidgetCategory(Calculator/FX_WIDGET/-2)
01-06 18:44:37.668 D/CombinedWidgetProvider( 1666): +addFxWidgetCategories: default
01-06 18:44:37.668 D/CombinedWidgetProvider( 1666): addFxWidget Category: WidgetCategory(Stocks/FX_WIDGET/-2)
01-06 18:44:37.668 D/CombinedWidgetProvider( 1666): -addFxWidgetCategories
01-06 18:44:38.158 I/System.out( 2631): Values: 961
01-06 18:44:39.159 I/System.out( 2631): Values: 19629
01-06 18:44:39.770 W/Vold    ( 1434): Ignoring unknown switch 'usb_mass_storage'
01-06 18:44:39.780 W/Vold    ( 1434): Ignoring unknown switch 'usb_connected'
01-06 18:44:39.780 D/UsbService( 1574): [USBNET] USB UEVENT: {SUBSYSTEM=switch, SWITCH_STATE=0, DEVPATH=/devices/virtual/switch/usb_connected, SEQNUM=1400, ACTION=change, SWITCH_NAME=usb_connected}
01-06 18:44:39.780 D/Vold    ( 1434): USB disconnected
01-06 18:44:39.780 D/Vold    ( 1434): Share method ums now unavailable
01-06 18:44:39.780 D/VoldConnector( 1574): listenToSocket read--: (37,0)
01-06 18:44:39.790 D/VoldConnector( 1574): RCV <- {620 Share method ums now unavailable}
01-06 18:44:39.790 D/UsbService( 1574): [USBNET] USB UEVENT: {SUBSYSTEM=switch, SWITCH_STATE=0, DEVPATH=/devices/virtual/switch/usb_configuration, SEQNUM=1401, ACTION=change, SWITCH_NAME=usb_configuration}
01-06 18:44:39.810 D/dalvikvm( 2631): Debugger has detached; object registry had 1 entries
01-06 18:44:39.820 I/StorageNotification( 1636): UMS connection changed to false (media state mounted)
01-06 18:44:39.820 W/ProcessStats( 1574): Skipping unknown process pid 2676
01-06 18:44:39.830 W/ProcessStats( 1574): Skipping unknown process pid 2677
01-06 18:44:39.830 D/VoldConnector( 1574): listenToSocket read++
01-06 18:44:39.870 D/BatteryService_ULog( 1574): ULogForBatteryChargingStateChange(100,0) is called
01-06 18:44:39.870 D/BatteryService_ULog( 1574): charger=off,battery_power=100
01-06 18:44:39.870 D/BatteryService( 1574): SendIntentforPowersaver
01-06 18:44:39.870 D/BatteryService( 1574): Current powersaver status == NORMAL_STATUS1 4 2 false
01-06 18:44:39.900 D/UsbnetService( 1574): BroadcastReceiver::onReceive+
01-06 18:44:39.900 D/UsbnetService( 1574): onReceive BATTERY_CHANGED
01-06 18:44:39.900 D/UsbnetService( 1574):  --> pluggedType = 0, mPluggedType = 0, mScreenOff = false
01-06 18:44:39.900 D/UsbnetService( 1574): BroadcastReceiver::onReceive-
01-06 18:44:39.900 D/RemoveMe( 1654): DCT got intent android.intent.action.BATTERY_CHANGED
01-06 18:44:39.900 D/lights  ( 1574): [LedInfo] write attr ok name=/sys/class/leds/amber/brightness string=0,len=1
01-06 18:44:39.900 D/NotificationService( 1574): mIntentReceiver() Intent.ACTION_BATTERY_CHANGED
01-06 18:44:39.900 V/NotificationService( 1574): dual Led off
01-06 18:44:39.910 D/RemoveMe( 1654): DCT got intent android.intent.action.BATTERY_CHANGED
01-06 18:44:39.910 D/lights  ( 1574): [LedInfo] write attr ok name=/sys/class/leds/amber/blink string=0,len=1
01-06 18:44:39.910 D/RemoveMe( 1654): DCT got intent android.intent.action.BATTERY_CHANGED
01-06 18:44:39.910 D/lights  ( 1574): [LedInfo] write attr ok name=/sys/class/leds/amber/off_timer string=0 0,len=3
01-06 18:44:39.910 D/lights  ( 1574): [LedInfo] write attr ok name=/sys/class/leds/green/brightness string=0,len=1
01-06 18:44:39.920 D/lights  ( 1574): [LedInfo] write attr ok name=/sys/class/leds/green/blink string=0,len=1
01-06 18:44:39.920 D/lights  ( 1574): [LedInfo] write attr ok name=/sys/class/leds/green/off_timer string=0 0,len=3
01-06 18:44:39.930 I/ActivityManager( 1574): Start proc com.htc.syncagent for broadcast com.htc.syncagent/.svc.HTCSyncBroadcastReceiver: pid=2683 uid=10096 gids={3003}
01-06 18:44:39.940 D/PowerUI ( 1636): plugged = false, health = 2, mBatteryLevel = 100, mPluggedBatteryLevel = 99, mLowBatteryWarningLevel2 = 25, mshowLowChargingWarning2 = true
01-06 18:44:40.000 D/dalvikvm( 1439): GC_EXPLICIT freed 11K, 5% free 6453K/6787K, paused 8ms+1ms
01-06 18:44:40.000 D/FDUI    ( 2683): [ HTCSyncBroadcastReceiver: 17 ] - onReceive > get broadcast.
01-06 18:44:40.010 D/FDUI    ( 2683): [ HTCUICommon: 106 ] - initialize > init preference.
01-06 18:44:40.020 D/FDUI    ( 2683): [ HTCUICommon: 113 ] - initialize > initialize
01-06 18:44:40.020 D/FDUI    ( 2683): [ HTCSyncBroadcastReceiver: 22 ] - onReceive > app ver = 1.9
01-06 18:44:40.020 D/FDUI    ( 2683): [ HTCSyncBroadcastReceiver: 23 ] - onReceive > action = android.intent.action.ACTION_POWER_DISCONNECTED
01-06 18:44:40.020 I/ActivityManager( 1574): No longer want com.android.settings (pid 2458): hidden #16
01-06 18:44:40.030 D/dalvikvm( 1439): GC_EXPLICIT freed <1K, 5% free 6453K/6787K, paused 1ms+1ms
01-06 18:44:40.060 D/dalvikvm( 1439): GC_EXPLICIT freed <1K, 5% free 6453K/6787K, paused 1ms+1ms
01-06 18:44:40.160 I/System.out( 2631): Values: 600
01-06 18:44:40.791 D/UsbService( 1574): [USBNET] handleMessage: 0; mConnected=0(1),mConfiguration=0(1)
01-06 18:44:40.811 D/NetdConnector( 1574): listenToSocket read--: (128,0)
01-06 18:44:40.811 D/NetdConnector( 1574): doCommand++ (Wait Response)
01-06 18:44:40.821 D/NetdConnector( 1574): RCV <- {110 lo}
01-06 18:44:40.821 D/NetdConnector( 1574): RSP <- {110 lo}
01-06 18:44:40.821 D/NetdConnector( 1574): miNoRespCnt=0
01-06 18:44:40.821 V/NotificationService( 1574): dual Led off
01-06 18:44:40.831 D/lights  ( 1574): [LedInfo] write attr ok name=/sys/class/leds/amber/brightness string=0,len=1
01-06 18:44:40.841 D/lights  ( 1574): [LedInfo] write attr ok name=/sys/class/leds/amber/blink string=0,len=1
01-06 18:44:40.841 D/UsbReceiver( 1721): [MTP][UsbReceiver][onReceive]+
01-06 18:44:40.841 D/NetdConnector( 1574): RCV <- {110 dummy0}
01-06 18:44:40.871 D/lights  ( 1574): [LedInfo] write attr ok name=/sys/class/leds/amber/off_timer string=0 0,len=3
01-06 18:44:40.881 D/UsbConnectedReceiver( 1761): action = android.hardware.usb.action.USB_STATE
01-06 18:44:40.881 D/lights  ( 1574): [LedInfo] write attr ok name=/sys/class/leds/green/brightness string=0,len=1
01-06 18:44:40.881 D/lights  ( 1574): [LedInfo] write attr ok name=/sys/class/leds/green/blink string=0,len=1
01-06 18:44:40.881 D/NetdConnector( 1574): RSP <- {110 dummy0}
01-06 18:44:40.881 D/NetdConnector( 1574): miNoRespCnt=0
01-06 18:44:40.881 D/NetdConnector( 1574): RCV <- {110 ifb0}
01-06 18:44:40.891 D/lights  ( 1574): [LedInfo] write attr ok name=/sys/class/leds/green/off_timer string=0 0,len=3
01-06 18:44:40.891 D/NotificationService( 1574): cancelNotification, ACTION_NOTIFICATION_REMOVE,pkg=android,id=17040338
01-06 18:44:40.891 D/NetdConnector( 1574): RSP <- {110 ifb0}
01-06 18:44:40.891 D/NetdConnector( 1574): miNoRespCnt=0
01-06 18:44:40.891 D/NetdConnector( 1574): RCV <- {110 ifb1}
01-06 18:44:40.891 D/NetdConnector( 1574): RSP <- {110 ifb1}
01-06 18:44:40.891 D/NetdConnector( 1574): miNoRespCnt=0
01-06 18:44:40.891 D/NetdConnector( 1574): RCV <- {110 rmnet0}
01-06 18:44:40.901 D/NetdConnector( 1574): RSP <- {110 rmnet0}
01-06 18:44:40.901 D/NetdConnector( 1574): miNoRespCnt=0
01-06 18:44:40.901 D/NetdConnector( 1574): RCV <- {110 rmnet1}
01-06 18:44:40.901 D/NetdConnector( 1574): RSP <- {110 rmnet1}
01-06 18:44:40.901 D/NetdConnector( 1574): miNoRespCnt=0
01-06 18:44:40.901 D/NetdConnector( 1574): RCV <- {110 rmnet2}
01-06 18:44:40.901 D/NetdConnector( 1574): RSP <- {110 rmnet2}
01-06 18:44:40.901 D/NetdConnector( 1574): miNoRespCnt=0
01-06 18:44:40.901 D/NetdConnector( 1574): RCV <- {110 usb0}
01-06 18:44:40.901 D/NetdConnector( 1574): RSP <- {110 usb0}
01-06 18:44:40.901 D/NetdConnector( 1574): miNoRespCnt=0
01-06 18:44:40.901 D/NetdConnector( 1574): RCV <- {110 sit0}
01-06 18:44:40.901 D/NetdConnector( 1574): RSP <- {110 sit0}
01-06 18:44:40.901 D/NetdConnector( 1574): miNoRespCnt=0
01-06 18:44:40.901 D/NetdConnector( 1574): RCV <- {110 ip6tnl0}
01-06 18:44:40.911 D/Tethering( 1574): InitialState.processMessage what=4
01-06 18:44:40.911 D/NetdConnector( 1574): RSP <- {110 ip6tnl0}
01-06 18:44:40.911 D/NetdConnector( 1574): miNoRespCnt=0
01-06 18:44:40.911 D/NetdConnector( 1574): RCV <- {200 Interface list completed}
01-06 18:44:40.911 D/NetdConnector( 1574): RSP <- {200 Interface list completed}
01-06 18:44:40.911 D/NetdConnector( 1574): miNoRespCnt=0
01-06 18:44:40.911 D/NetdConnector( 1574): doCommand-- (complete)
01-06 18:44:40.911 D/NetdConnector( 1574): List terminated with {200 Interface list completed}
01-06 18:44:40.911 D/NetdConnector( 1574): listenToSocket read++
01-06 18:44:40.921 D/WifiStateMachine( 1574): wifi hotspotSSID=HTC Portable Hotspot, hiddenSSID=false, secureType=wpa2-psk, enableMacFilter=0, maxConns=5, channel=0
01-06 18:44:40.921 D/WifiStateMachine( 1574): wifi hotspotdhcpEnable=1, maxDhcpClients=5, ipAddress=192.168.1.1, dhcpSubnetMask=255.255.255.0, startingIP=192.168.1.10, dhsIPAddr1=null, dnsIPAddr2=null, sleepPolicy=1
01-06 18:44:40.921 D/Tethering( 1574): sendTetherStateChangedBroadcast 0, 0, 0
01-06 18:44:40.921 D/WifiStateMachine( 1574): getWifiApConfiguration:mconfig.SSID=HTC Portable Hotspot
01-06 18:44:40.921 I/ActivityManager( 1574): Start proc com.android.settings for broadcast com.android.settings/.NSReceiver: pid=2693 uid=1000 gids={1015, 3002, 3001, 3003, 2001, 1007}
01-06 18:44:41.021 I/ActivityThread( 2693): Pub com.android.settings.provider.cdmasettings: com.android.settings.HtcCdmaSettingsProvider
01-06 18:44:41.021 D/HtcCdmaSettingsProvider( 2693): onCreate !
01-06 18:44:41.021 I/NetSharing_NSReceiver( 2693): customizedNS:true
01-06 18:44:41.021 D/NetSharing_NSReceiver( 2693): onReceive : android.net.conn.TETHER_STATE_CHANGED
01-06 18:44:41.031 D/NetSharing_NSReceiver( 2693): Tethered state change:false
01-06 18:44:41.031 I/ActivityManager( 1574): No longer want com.htc.notes (pid 2536): hidden #16
01-06 18:44:41.041 D/PSCommon( 1761): Content in /sys/devices/platform/msm_hsusb/usb_cable_connect = 0
01-06 18:44:41.051 D/UsbConnectedReceiver( 1761): USB Disconnected.
01-06 18:44:41.061 D/UsbConnectedReceiver( 1761): Catch USB Disconnect Event, USB cable does really not exist.
01-06 18:44:41.061 D/lights  ( 1574): [LedInfo] write attr ok name=/sys/class/leds/amber/brightness string=0,len=1
01-06 18:44:41.061 V/NotificationService( 1574): dual Led off
01-06 18:44:41.071 D/lights  ( 1574): [LedInfo] write attr ok name=/sys/class/leds/amber/blink string=0,len=1
01-06 18:44:41.071 D/lights  ( 1574): [LedInfo] write attr ok name=/sys/class/leds/amber/off_timer string=0 0,len=3
01-06 18:44:41.081 D/lights  ( 1574): [LedInfo] write attr ok name=/sys/class/leds/green/brightness string=0,len=1
01-06 18:44:41.081 D/lights  ( 1574): [LedInfo] write attr ok name=/sys/class/leds/green/blink string=0,len=1
01-06 18:44:41.081 D/lights  ( 1574): [LedInfo] write attr ok name=/sys/class/leds/green/off_timer string=0 0,len=3
01-06 18:44:41.081 D/NotificationService( 1574): cancelNotification, ACTION_NOTIFICATION_REMOVE,pkg=com.htc.android.psclient,id=2130837519
01-06 18:44:41.111 D/dalvikvm( 2693): GC_CONCURRENT freed 117K, 4% free 6832K/7047K, paused 1ms+1ms
01-06 18:44:41.121 I/NetSharing_NSReceiver( 2693): customizedNS:true
01-06 18:44:41.121 D/NetSharing_NSReceiver( 2693): onReceive : com.htc.usb.change
01-06 18:44:41.121 D/NetSharing_NSReceiver( 2693): USB = false hasTethered = false
01-06 18:44:41.141 D/FDUI    ( 2683): [ HTCSyncBroadcastReceiver: 17 ] - onReceive > get broadcast.
01-06 18:44:41.141 D/FDUI    ( 2683): [ HTCSyncBroadcastReceiver: 22 ] - onReceive > app ver = 1.9
01-06 18:44:41.141 D/FDUI    ( 2683): [ HTCSyncBroadcastReceiver: 23 ] - onReceive > action = action.stopPCTool
01-06 18:44:41.141 D/FDUI    ( 2683): [ HTCSyncBroadcastReceiver: 53 ] - onReceive > syncthread not alive
01-06 18:44:41.141 D/FDUI    ( 2683): [ HTCUICommon: 151 ] - stopStatusThread > stop service
01-06 18:44:41.151 D/FDUI    ( 2683): [ HTCUICommon: 502 ] - revertADBState > saved adb value = -1
01-06 18:44:41.151 D/FDUI    ( 2683): [ HTCUICommon: 547 ] - updateADBFlag > update adb flag.
01-06 18:44:41.151 D/PSReceiver( 2693): onReceive : com.htc.usb.change
01-06 18:44:41.161 I/System.out( 2631): Values: 3604
01-06 18:44:41.181 D/HtcHardwareService( 1574): [USBNET] MiscControl_IPT: 0
01-06 18:44:41.181 D/NetworkManagmentService( 1574): [USBNET] stopIptDhcp
01-06 18:44:41.181 D/NetdConnector( 1574): listenToSocket read--: (31,0)
01-06 18:44:41.181 D/NetdConnector( 1574): doCommand++ (Wait Response)
01-06 18:44:41.181 D/NetdConnector( 1574): RCV <- {200 Tether operation succeeded}
01-06 18:44:41.191 D/HtcHardwareService( 1574): [USBNET] MiscControl+: 1,usb_none
01-06 18:44:41.191 D/CommandListener( 1436): UsbCmd::runCommand@842: iptmode,3
01-06 18:44:41.191 D/UsbController( 1436): [USBNET] StartIptMode@211: 0
01-06 18:44:41.191 I/logwrapper( 2702): CMD:/system/bin/netsharing
01-06 18:44:41.191 D/NetSharing( 2702): [USBNET] main+: 3, /system/bin/netsharing net_pass off
01-06 18:44:41.191 D/NetSharing( 2702): UsbAttrFile=/sys/devices/platform/msm_hsusb/usb_function_switch
01-06 18:44:41.191 D/NetSharing( 2702): [USBNET] iCheckUsbFunc@133: 0x0
01-06 18:44:41.191 D/NetSharing( 2702): [USBNET] main@1024: uUsbSts=0x0
01-06 18:44:41.191 D/NetSharing( 2702): [USBNET] main-
01-06 18:44:41.191 W/ContactAggregator( 1657): No more aggregation requests
01-06 18:44:41.191 D/NetdConnector( 1574): RSP <- {200 Tether operation succeeded}
01-06 18:44:41.191 D/NetdConnector( 1574): miNoRespCnt=0
01-06 18:44:41.191 D/NetdConnector( 1574): doCommand-- (complete)
01-06 18:44:41.191 D/NetdConnector( 1574): listenToSocket read++
01-06 18:44:41.191 D/NetworkManagmentService( 1574): [USBNET] startIptMode
01-06 18:44:41.191 D/NetdConnector( 1574): doCommand++ (Wait Response)
01-06 18:44:41.231 D/dalvikvm( 2693): GC_CONCURRENT freed 448K, 9% free 6833K/7431K, paused 1ms+1ms
01-06 18:44:41.391 D/NetdConnector( 1574): listenToSocket read--: (28,0)
01-06 18:44:41.391 D/NetdConnector( 1574): RCV <- {200 Usb operation succeeded}
01-06 18:44:41.391 D/NetdConnector( 1574): RSP <- {200 Usb operation succeeded}
01-06 18:44:41.391 D/NetdConnector( 1574): miNoRespCnt=0
01-06 18:44:41.391 D/NetdConnector( 1574): doCommand-- (complete)
01-06 18:44:41.391 D/CommandListener( 1436): UsbCmd::runCommand@842: funcswitch,3
01-06 18:44:41.391 D/NetworkManagmentService( 1574): [USBNET] SwitchUsbFunc
01-06 18:44:41.401 D/UsbController( 1436): [USBNET] iCheckUsbFunc@133: 0x0
01-06 18:44:41.401 D/UsbController( 1436): [USBNET] iSwitchUsbFunc@312: 0,0x0,0
01-06 18:44:41.401 D/UsbController( 1436): [USBNET] iSwitchUsbFunc-: -1
01-06 18:44:41.401 D/NetdConnector( 1574): doCommand++ (Wait Response)
01-06 18:44:41.401 D/NetdConnector( 1574): listenToSocket read++
01-06 18:44:41.401 D/NetdConnector( 1574): listenToSocket read--: (28,0)
01-06 18:44:41.401 D/NetdConnector( 1574): RCV <- {200 Usb operation succeeded}
01-06 18:44:41.401 D/NetdConnector( 1574): RSP <- {200 Usb operation succeeded}
01-06 18:44:41.411 D/UsbnetService( 1574): BroadcastReceiver::onReceive+
01-06 18:44:41.411 D/UsbnetService( 1574): NETWORK_STATE_CHANGED_NOTIFY: 0
01-06 18:44:41.411 I/UsbnetStateTracker( 1574): NetStateNotification +: 0
01-06 18:44:41.411 I/UsbnetStateTracker( 1574): notifyStateChange
01-06 18:44:41.411 D/NetdConnector( 1574): miNoRespCnt=0
01-06 18:44:41.411 D/NetdConnector( 1574): doCommand-- (complete)
01-06 18:44:41.411 D/NetdConnector( 1574): listenToSocket read++
01-06 18:44:41.411 D/ConnectivityService( 1574): [embedded] ConnectivityChange for USBNET: DISCONNECTED/DISCONNECTED, default=-1
01-06 18:44:41.411 D/ConnectivityService( 1574): getMobileDataEnabled returning false
01-06 18:44:41.421 I/UsbnetStateTracker( 1574): NetStateNotification -
01-06 18:44:41.421 D/UsbnetService( 1574): BroadcastReceiver::onReceive-
01-06 18:44:41.421 D/HtcHardwareService( 1574): [USBNET] MiscControl-: 1,usb_none
01-06 18:44:41.421 D/WifiService( 1574): WirelessSleep- get variables from db: enabled = true, start= 82800000, end= 21600000
01-06 18:44:41.421 D/WifiService( 1574): WirelessSleep- start->end = 25200000, end->start= 61200000
01-06 18:44:41.421 I/WifiService( 1574): DockWifi - mAutoEnableWifiApInDockMode =false mAutoEnableWifiInDockMode=false
01-06 18:44:41.431 D/DataConnectionTracker( 1654): enableApnType(default), isApnTypeActive=false, isApnIdEnabled=true and state= IDLE
01-06 18:44:41.451 D/LocationManagerService( 1574): CONNECTIVITY_ACTION: synchronized+
01-06 18:44:41.451 D/LocationManagerService( 1574): updateNetworkState unavailable info: NetworkInfo: type: USBNET[], state: DISCONNECTED/DISCONNECTED, reason: (unspecified), extra: 0, roaming: false, failover: false, isAvailable: false, isIpv4Connected: false, isIpv6Connected: false
01-06 18:44:41.451 D/LocationManagerService( 1574): CONNECTIVITY_ACTION: synchronized+ provider size: 3
01-06 18:44:41.451 D/StatusBar.NetworkController( 1636): mSignalStrength == null
01-06 18:44:41.461 D/GpsLocationProvider( 1574): + synchronized updateNetworkState  info: NetworkInfo: type: USBNET[], state: DISCONNECTED/DISCONNECTED, reason: (unspecified), extra: 0, roaming: false, failover: false, isAvailable: false, isIpv4Connected: false, isIpv6Connected: false
01-06 18:44:41.461 D/GpsLocationProvider( 1574): [shen] debug
01-06 18:44:41.461 D/LocationManagerService( 1574): CONNECTIVITY_ACTION: synchronized-
01-06 18:44:41.461 D/Tethering( 1574): Tethering got CONNECTIVITY_ACTION type: USBNET, subtype: , status: DISCONNECTED
01-06 18:44:41.471 D/GTalkService( 1703): lost connectivity, notify
01-06 18:44:41.471 D/GTalkService( 1703): [ReonnectMgr] ### report Inet condition: status=false, networkType=15
01-06 18:44:41.471 D/Tethering( 1574): icon Type=15, subtype=0
01-06 18:44:41.471 D/Tethering( 1574): MasterInitialState.processMessage what=3
01-06 18:44:41.471 D/ConnectivityService( 1574): reportNetworkCondition(15, 0)
01-06 18:44:41.471 D/ConnectivityService( 1574): Inet connectivity change, net=15, condition=0,mActiveDefaultNetwork=-1
01-06 18:44:41.471 D/ConnectivityService( 1574): no active default network - aborting
01-06 18:44:41.471 I/ActivityManager( 1574): Start proc com.htc.notes for broadcast com.htc.notes/.collection.NotesReceiver: pid=2703 uid=9996 gids={3003, 1015, 1006, 2001}
01-06 18:44:41.521 D/GpsLocationProvider( 1574): [handleMessage] message :4
01-06 18:44:41.531 D/GpsLocationProvider( 1574): [handleMessage] UPDATE_NETWORK_STATE
01-06 18:44:41.531 D/GpsLocationProvider( 1574): updateNetworkState unavailable info: NetworkInfo: type: USBNET[], state: DISCONNECTED/DISCONNECTED, reason: (unspecified), extra: 0, roaming: false, failover: false, isAvailable: false, isIpv4Connected: false, isIpv6Connected: false
01-06 18:44:41.531 I/ActivityManager( 1574): Start proc com.sdgtl.watch.flyer for broadcast com.sdgtl.watch.flyer/com.sdgtl.watch.service.ModeChangeReceiver: pid=2710 uid=10016 gids={3003, 1015}
01-06 18:44:41.561 I/ActivityManager( 1574): No longer want com.htc.bg (pid 2522): hidden #16
01-06 18:44:41.612 I/ActivityThread( 2710): Pub com.sdgtl.watchapp.widget: com.sdgtl.watch.widget.WatchAppContentProvider
01-06 18:44:41.622 I/ActivityThread( 2710): Pub searchformovies: com.sdgtl.watch.search.CatalogSearchProvider
01-06 18:44:41.622 I/ActivityThread( 2710): Pub com.sdgtl.watch.WatchAppCarouselProvider: com.sdgtl.watch.WatchAppCarouselProvider
01-06 18:44:41.652 D/PSReceiver( 2693): USB Unplugged, Set PSEnabled= false
01-06 18:44:41.682 D/dalvikvm( 2710): GC_CONCURRENT freed 327K, 6% free 6632K/7047K, paused 1ms+1ms
01-06 18:44:41.722 I/ActivityManager( 1574): Start proc com.htc.bg for broadcast com.htc.providers.uploads/.UploadReceiver: pid=2718 uid=10013 gids={2001, 3003, 1006, 1015}
01-06 18:44:41.732 I/ActivityManager( 1574): No longer want com.android.defcontainer (pid 2562): hidden #16
01-06 18:44:41.752 I/ActivityThread( 2718): Pub com.htc.socialnetwork.flickr.provider.StreamProvider: com.htc.socialnetwork.flickr.provider.FlickrStreamProvider
01-06 18:44:41.762 I/ActivityThread( 2718): Pub com.htc.accounts: com.htc.CustomizationSetup.AccountsProvider
01-06 18:44:41.772 I/ActivityThread( 2718): Pub com.htc.htctwitter.Users: com.htc.htctwitter.FriendProvider
01-06 18:44:41.782 I/ActivityThread( 2718): Pub com.htc.opensense.snprovider: com.htc.opensense.snprovider.SocialNetworkProvider
01-06 18:44:41.792 D/SocialNetworkProvider( 2718): onCreate
01-06 18:44:41.792 I/ActivityThread( 2718): Pub com.htc.socialnetwork.flickr.provider.CacheImageProvider: com.htc.socialnetwork.flickr.provider.FlickrCacheImageProvider
01-06 18:44:41.792 I/ActivityThread( 2718): Pub com.htc.friendstream.provider.FriendStreamProvider: com.htc.friendstream.provider.FriendStreamProvider
01-06 18:44:41.802 I/ActivityThread( 2718): Pub com.htc.chirp.provider.Tweet;com.htc.htctwitter: com.htc.htctwitter.TwitterProvider
01-06 18:44:41.802 I/ActivityThread( 2718): Pub com.htc.provider.settings: com.htc.provider.settings.NotificationFlashLightProvider
01-06 18:44:41.812 I/ActivityThread( 2718): Pub com.htc.settings.accountsync.SYNC: com.htc.opensense.syncprovider.SyncProvider
01-06 18:44:41.812 D/SyncProvider( 2718): onCreate
01-06 18:44:41.812 I/ActivityThread( 2718): Pub com.htc.providers.uploads: com.htc.providers.uploads.UploadProvider
01-06 18:44:41.812 D/UploadProvider( 2718): UploadProvider is running
01-06 18:44:41.812 I/ActivityThread( 2718): Pub com.htc.cachemanager: com.htc.opensense.cachemanager.CacheProvider
01-06 18:44:41.812 I/ActivityThread( 2718): Pub com.htc.socialnetwork.facebook.provider.CacheImageProvider: com.htc.socialnetwork.facebook.provider.FacebookCacheImageProvider
01-06 18:44:41.822 I/ActivityThread( 2718): Pub com.htc.htctwitter.provider.CacheImageProvider: com.htc.htctwitter.provider.TwitterCacheImageProvider
01-06 18:44:41.822 I/ActivityThread( 2718): Pub com.htc.socialnetwork.facebook: com.htc.socialnetwork.facebook.FacebookDB
01-06 18:44:41.832 D/UploadReceiver( 2718): Action android.net.conn.CONNECTIVITY_CHANGE
01-06 18:44:41.832 I/ActivityManager( 1574): Start proc com.htc.reportagent for broadcast com.htc.reportagent/.receiver.ReportAgentReceiver: pid=2728 uid=10038 gids={3003, 1007}
01-06 18:44:41.842 V/UploadReceiver( 2718): Receiver onConnectivity
01-06 18:44:41.852 I/ActivityManager( 1574): No longer want com.android.smith (pid 2571): hidden #16
01-06 18:44:41.862 I/MyReportAgent( 2728): ReportAgentReceiver [onReceive] android.net.conn.CONNECTIVITY_CHANGE
01-06 18:44:41.862 D/MyHTC   ( 1854): PoweronReceiver.onReceive(): intent=android.net.conn.CONNECTIVITY_CHANGE
01-06 18:44:41.862 I/ActivityManager( 1574): No longer want com.htc.launcher.widgetscanner (pid 2578): hidden #16
01-06 18:44:41.872 I/ActivityManager( 1574): Start proc com.google.android.apps.uploader for broadcast com.google.android.apps.uploader/.ConnectivityBroadcastReceiver: pid=2737 uid=10043 gids={3003}
01-06 18:44:41.882 D/CSUtil  ( 1854): serverTime = 1384021193945
01-06 18:44:41.882 D/CSUtil  ( 1854): serverTime = 45451
01-06 18:44:41.882 D/CSUtil  ( 1854): curGMTTime = 67481888
01-06 18:44:41.902 I/ActivityThread( 2737): Pub com.google.android.apps.uploader: com.google.android.apps.uploader.UploadsContentProvider
01-06 18:44:41.902 I/ActivityThread( 2737): Pub com.google.photos.provider.Album: com.google.android.apps.uploader.clients.picasa.AlbumProvider
01-06 18:44:41.912 D/MediaUploader( 2737): UploaderApplication.onCreate
01-06 18:44:41.922 D/MediaUploader( 2737): nonWifiLimit=20971520, default=20971520
01-06 18:44:41.922 I/MediaUploader( 2737): No need to wake up
01-06 18:44:41.922 I/ActivityManager( 1574): Start proc com.htc.notes:NotesService for broadcast com.htc.notes/.provider.notes.NotesReceiver: pid=2748 uid=9996 gids={3003, 1015, 1006, 2001}
01-06 18:44:41.932 I/ActivityManager( 1574): No longer want com.htc.opensense (pid 2579): hidden #16
01-06 18:44:41.952 V/MyReportAgent( 2728): ReportAgentReceiver Recv Intent: Intent { act=android.net.conn.CONNECTIVITY_CHANGE flg=0x10000010 cmp=com.htc.reportagent/.receiver.ReportAgentReceiver (has extras) }
01-06 18:44:41.992 I/ActivityManager( 1574): Start proc com.htc.htcMessageUploader for broadcast com.htc.htcMessageUploader/.UploadMessageReceiver: pid=2755 uid=10060 gids={3003}
01-06 18:44:42.012 I/ActivityManager( 1574): No longer want com.svox.pico (pid 2592): hidden #16
01-06 18:44:42.022 V/htcMessageUploader( 2755): [UploadMessageReceiver] UploadMessageReceiver() constructor !!!
01-06 18:44:42.022 I/htcMessageUploader( 2755): Start thread to upload fota event message:com.htc.htcMessageUploader.UploadMessageReceiver
01-06 18:44:42.022 D/htcMessageUploader( 2755): Total time in main thread:0 milli-seconds
01-06 18:44:42.022 I/ActivityManager( 1574): No longer want com.htc.cs (pid 2601): hidden #16
01-06 18:44:42.072 D/dalvikvm( 1703): GC_EXPLICIT freed 304K, 6% free 6816K/7239K, paused 1ms+1ms
01-06 18:44:42.092 D/AutoSetting( 1761): receiver - intent: android.net.conn.CONNECTIVITY_CHANGE
01-06 18:44:42.092 D/AutoSetting( 1761): receiver - NetworkInfo: type: USBNET[], state: DISCONNECTED/DISCONNECTED, reason: (unspecified), extra: 0, roaming: false, failover: false, isAvailable: false, isIpv4Connected: false, isIpv6Connected: false
01-06 18:44:42.092 D/MyReportAgent( 2728): android.net.conn.CONNECTIVITY_CHANGE
01-06 18:44:42.092 W/ContentService( 1574): binderDied() at ObserverNode name favorites
01-06 18:44:42.092 D/Socket_Alarm( 2755): registerHTCSocketMonitorCallBack
01-06 18:44:42.092 D/Socket_Alarm( 2755): set mSocketMonitor
01-06 18:44:42.102 D/htcMessageUploader( 2755): Get CONNECTIVITY_ACTION intent 
01-06 18:44:42.102 I/htcMessageUploader( 2755): == UploadMessageReceiver finished ==
01-06 18:44:42.102 D/Socket_Alarm( 2755): HTCSocketMonitorImpl::HTCSocketMonitorImpl
01-06 18:44:42.112 D/MyReportAgent( 2728): ReportService [##] onCreate(), this = com.htc.reportagent.ReportService@40680c58
01-06 18:44:42.112 D/AutoSetting( 1761): Util - no network available!
