01-06 18:44:42.112 D/MyReportAgent( 2728): ReportService [##] onStartCommand(), flags = 2, startId = 1, intent = Intent { act=android.net.conn.CONNECTIVITY_CHANGE flg=0x10000010 cmp=com.htc.reportagent/.ReportService (has extras) }, this = com.htc.reportagent.ReportService@40680c58
01-06 18:44:42.112 D/AutoSetting( 1761): service - onStartCommand() action: com.htc.app.autosetting.cancellocationupdate
01-06 18:44:42.112 D/AutoSetting( 1761): service - mHandler: cancel location update
01-06 18:44:42.112 D/AutoSetting( 1761): service -           changes count: 0
01-06 18:44:42.122 W/TelephonyManager( 1703): Hidden constructor called more than once per process!
01-06 18:44:42.122 W/TelephonyManager( 1703): Original: com.google.android.gsf, new: com.google.android.gsf
01-06 18:44:42.132 D/UPolicy ( 2728): IUserBehaviorLoggingService reference is gotten !
01-06 18:44:42.152 D/dalvikvm( 2718): GC_CONCURRENT freed 181K, 5% free 6715K/7047K, paused 2ms+4ms
01-06 18:44:42.172 I/System.out( 2631): Values: 469
01-06 18:44:43.163 I/System.out( 2631): Values: 7906
01-06 18:44:44.164 I/System.out( 2631): Values: 559
01-06 18:44:45.165 I/System.out( 2631): Values: 432
01-06 18:44:46.166 I/System.out( 2631): Values: 361
01-06 18:44:47.127 D/dalvikvm( 1666): GC_EXPLICIT freed 2088K, 27% free 10102K/13767K, paused 7ms+2ms
01-06 18:44:47.157 I/System.out( 2631): Values: 1626
01-06 18:44:47.177 D/MyReportAgent( 2728): ReportService [##] onDestroy(), this =com.htc.reportagent.ReportService@40680c58
01-06 18:44:47.177 D/MyReportAgent( 2728): ReportServiceHandler [##] call stopSelfResult() startId = 1, reurn true
01-06 18:44:48.158 I/System.out( 2631): Values: 1661
01-06 18:44:49.159 I/System.out( 2631): Values: 300
01-06 18:44:50.160 I/System.out( 2631): Values: 413
01-06 18:44:51.161 I/System.out( 2631): Values: 337
01-06 18:44:52.122 D/dalvikvm( 2252): GC_EXPLICIT freed 448K, 10% free 6620K/7303K, paused 5ms+1ms
01-06 18:44:52.162 I/System.out( 2631): Values: 342
01-06 18:44:53.163 I/System.out( 2631): Values: 329
01-06 18:44:54.164 I/System.out( 2631): Values: 379
01-06 18:44:55.165 I/System.out( 2631): Values: 1339
01-06 18:44:56.166 I/System.out( 2631): Values: 1619
01-06 18:44:57.127 D/dalvikvm( 1721): GC_EXPLICIT freed 11K, 7% free 7366K/7879K, paused 6ms+2ms
01-06 18:44:57.157 I/System.out( 2631): Values: 343
01-06 18:44:58.158 I/System.out( 2631): Values: 355
01-06 18:44:59.159 I/System.out( 2631): Values: 341
01-06 18:45:00.160 I/System.out( 2631): Values: 372
01-06 18:45:01.161 I/System.out( 2631): Values: 538
01-06 18:45:02.162 I/System.out( 2631): Values: 1660
01-06 18:45:03.163 I/System.out( 2631): Values: 1702
01-06 18:45:04.164 I/System.out( 2631): Values: 356
01-06 18:45:05.074 D/dalvikvm( 2476): GC_EXPLICIT freed 43K, 5% free 6696K/7047K, paused 1ms+1ms
01-06 18:45:05.165 I/System.out( 2631): Values: 380
01-06 18:45:06.165 I/System.out( 2631): Values: 1177
01-06 18:45:07.166 I/System.out( 2631): Values: 577
01-06 18:45:08.167 I/System.out( 2631): Values: 487
01-06 18:45:09.168 I/System.out( 2631): Values: 330
01-06 18:45:09.829 D/UsbnetService( 1574): BroadcastReceiver::onReceive+
01-06 18:45:09.829 D/UsbnetService( 1574): onReceive BATTERY_CHANGED
01-06 18:45:09.829 D/UsbnetService( 1574):  --> pluggedType = 0, mPluggedType = 0, mScreenOff = false
01-06 18:45:09.829 D/UsbnetService( 1574): BroadcastReceiver::onReceive-
01-06 18:45:09.829 D/NotificationService( 1574): mIntentReceiver() Intent.ACTION_BATTERY_CHANGED
01-06 18:45:09.839 D/BatteryService( 1574): SendIntentforPowersaver
01-06 18:45:09.839 D/BatteryService( 1574): Current powersaver status == NORMAL_STATUS1 4 2 false
01-06 18:45:09.849 D/PowerUI ( 1636): plugged = false, health = 2, mBatteryLevel = 100, mPluggedBatteryLevel = 99, mLowBatteryWarningLevel2 = 25, mshowLowChargingWarning2 = true
01-06 18:45:09.859 D/RemoveMe( 1654): DCT got intent android.intent.action.BATTERY_CHANGED
01-06 18:45:09.869 D/RemoveMe( 1654): DCT got intent android.intent.action.BATTERY_CHANGED
01-06 18:45:09.879 D/RemoveMe( 1654): DCT got intent android.intent.action.BATTERY_CHANGED
01-06 18:45:10.169 I/System.out( 2631): Values: 475
01-06 18:45:11.170 I/System.out( 2631): Values: 384
01-06 18:45:12.171 I/System.out( 2631): Values: 382
01-06 18:45:13.172 I/System.out( 2631): Values: 428
01-06 18:45:14.173 I/System.out( 2631): Values: 591
01-06 18:45:15.164 I/System.out( 2631): Values: 482
01-06 18:45:16.175 I/System.out( 2631): Values: 361
01-06 18:45:17.166 I/System.out( 2631): Values: 388
01-06 18:45:18.167 I/System.out( 2631): Values: 379
01-06 18:45:19.168 I/System.out( 2631): Values: 377
01-06 18:45:20.169 I/System.out( 2631): Values: 386
01-06 18:45:21.170 I/System.out( 2631): Values: 425
01-06 18:45:22.091 I/EventLogService( 1703): Aggregate from 1389032121973 (log), 1389032121973 (data)
01-06 18:45:22.181 I/System.out( 2631): Values: 393
01-06 18:45:23.182 I/System.out( 2631): Values: 1374
01-06 18:45:24.183 I/System.out( 2631): Values: 1172
01-06 18:45:25.184 I/System.out( 2631): Values: 475
01-06 18:45:26.175 I/System.out( 2631): Values: 701
01-06 18:45:27.176 I/System.out( 2631): Values: 423
01-06 18:45:28.177 I/System.out( 2631): Values: 1460
01-06 18:45:29.178 I/System.out( 2631): Values: 781
01-06 18:45:30.179 I/System.out( 2631): Values: 415
01-06 18:45:31.180 I/System.out( 2631): Values: 395
01-06 18:45:32.181 I/System.out( 2631): Values: 1438
01-06 18:45:33.182 I/System.out( 2631): Values: 812
01-06 18:45:34.183 I/System.out( 2631): Values: 1425
01-06 18:45:35.184 I/System.out( 2631): Values: 746
01-06 18:45:36.185 I/System.out( 2631): Values: 397
01-06 18:45:37.186 I/System.out( 2631): Values: 372
01-06 18:45:38.187 I/System.out( 2631): Values: 433
01-06 18:45:39.188 I/System.out( 2631): Values: 1364
01-06 18:45:39.868 D/UsbnetService( 1574): BroadcastReceiver::onReceive+
01-06 18:45:39.868 D/UsbnetService( 1574): onReceive BATTERY_CHANGED
01-06 18:45:39.868 D/UsbnetService( 1574):  --> pluggedType = 0, mPluggedType = 0, mScreenOff = false
01-06 18:45:39.868 D/UsbnetService( 1574): BroadcastReceiver::onReceive-
01-06 18:45:39.878 D/BatteryService( 1574): SendIntentforPowersaver
01-06 18:45:39.878 D/NotificationService( 1574): mIntentReceiver() Intent.ACTION_BATTERY_CHANGED
01-06 18:45:39.888 D/BatteryService( 1574): Current powersaver status == NORMAL_STATUS1 4 2 false
01-06 18:45:39.888 D/RemoveMe( 1654): DCT got intent android.intent.action.BATTERY_CHANGED
01-06 18:45:39.888 D/RemoveMe( 1654): DCT got intent android.intent.action.BATTERY_CHANGED
01-06 18:45:39.888 D/PowerUI ( 1636): plugged = false, health = 2, mBatteryLevel = 100, mPluggedBatteryLevel = 99, mLowBatteryWarningLevel2 = 25, mshowLowChargingWarning2 = true
01-06 18:45:39.898 D/RemoveMe( 1654): DCT got intent android.intent.action.BATTERY_CHANGED
01-06 18:45:40.179 I/System.out( 2631): Values: 659
01-06 18:45:41.180 I/System.out( 2631): Values: 510
01-06 18:45:42.181 I/System.out( 2631): Values: 421
01-06 18:45:43.192 I/System.out( 2631): Values: 393
01-06 18:45:44.193 I/System.out( 2631): Values: 705
01-06 18:45:45.184 I/System.out( 2631): Values: 390
01-06 18:45:46.185 I/System.out( 2631): Values: 405
01-06 18:45:47.186 I/System.out( 2631): Values: 1480
01-06 18:45:48.176 I/System.out( 2631): Values: 435
01-06 18:45:49.177 I/System.out( 2631): Values: 1288
01-06 18:45:50.188 I/System.out( 2631): Values: 507
01-06 18:45:51.189 I/System.out( 2631): Values: 491
01-06 18:45:52.190 I/System.out( 2631): Values: 651
01-06 18:45:53.181 I/System.out( 2631): Values: 477
01-06 18:45:54.192 I/System.out( 2631): Values: 1301
01-06 18:45:55.193 I/System.out( 2631): Values: 456
01-06 18:45:56.184 I/System.out( 2631): Values: 430
01-06 18:45:57.185 I/System.out( 2631): Values: 1384
01-06 18:45:58.186 I/System.out( 2631): Values: 551
01-06 18:45:59.187 I/System.out( 2631): Values: 444
01-06 18:46:00.188 I/System.out( 2631): Values: 445
01-06 18:46:01.189 I/System.out( 2631): Values: 404
01-06 18:46:02.190 I/System.out( 2631): Values: 2071
01-06 18:46:03.191 I/System.out( 2631): Values: 922
01-06 18:46:04.192 I/System.out( 2631): Values: 1495
01-06 18:46:05.093 D/dalvikvm( 1666): GC_EXPLICIT freed 17K, 27% free 10087K/13767K, paused 4ms+2ms
01-06 18:46:05.193 I/System.out( 2631): Values: 1014
01-06 18:46:06.194 I/System.out( 2631): Values: 527
01-06 18:46:07.195 I/System.out( 2631): Values: 1528
01-06 18:46:08.186 I/System.out( 2631): Values: 10502
01-06 18:46:09.197 I/System.out( 2631): Values: 802
01-06 18:46:09.878 D/UsbnetService( 1574): BroadcastReceiver::onReceive+
01-06 18:46:09.878 D/UsbnetService( 1574): onReceive BATTERY_CHANGED
01-06 18:46:09.878 D/UsbnetService( 1574):  --> pluggedType = 0, mPluggedType = 0, mScreenOff = false
01-06 18:46:09.878 D/UsbnetService( 1574): BroadcastReceiver::onReceive-
01-06 18:46:09.878 D/NotificationService( 1574): mIntentReceiver() Intent.ACTION_BATTERY_CHANGED
01-06 18:46:09.888 D/BatteryService( 1574): SendIntentforPowersaver
01-06 18:46:09.888 D/BatteryService( 1574): Current powersaver status == NORMAL_STATUS1 4 2 false
01-06 18:46:09.898 D/PowerUI ( 1636): plugged = false, health = 2, mBatteryLevel = 100, mPluggedBatteryLevel = 99, mLowBatteryWarningLevel2 = 25, mshowLowChargingWarning2 = true
01-06 18:46:09.908 D/RemoveMe( 1654): DCT got intent android.intent.action.BATTERY_CHANGED
01-06 18:46:09.918 D/RemoveMe( 1654): DCT got intent android.intent.action.BATTERY_CHANGED
01-06 18:46:09.938 D/RemoveMe( 1654): DCT got intent android.intent.action.BATTERY_CHANGED
01-06 18:46:10.188 I/System.out( 2631): Values: 30715
01-06 18:46:11.189 I/System.out( 2631): Values: 32767
01-06 18:46:12.190 I/System.out( 2631): Values: 2257
01-06 18:46:13.191 I/System.out( 2631): Values: 5617
01-06 18:46:14.192 I/System.out( 2631): Values: 812
01-06 18:46:15.193 I/System.out( 2631): Values: 19631
01-06 18:46:16.194 I/System.out( 2631): Values: 17086
01-06 18:46:17.195 I/System.out( 2631): Values: 6937
01-06 18:46:18.186 I/System.out( 2631): Values: 4220
01-06 18:46:19.187 I/System.out( 2631): Values: 2073
01-06 18:46:20.188 I/System.out( 2631): Values: 32767
01-06 18:46:21.209 I/System.out( 2631): Values: 10185
01-06 18:46:22.190 I/System.out( 2631): Values: 2376
01-06 18:46:23.191 I/System.out( 2631): Values: 10221
01-06 18:46:24.192 I/System.out( 2631): Values: 2589
01-06 18:46:25.193 I/System.out( 2631): Values: 10392
01-06 18:46:26.194 I/System.out( 2631): Values: 17358
01-06 18:46:27.195 I/System.out( 2631): Values: 13644
01-06 18:46:28.196 I/System.out( 2631): Values: 4105
01-06 18:46:29.186 I/System.out( 2631): Values: 477
01-06 18:46:30.197 I/System.out( 2631): Values: 30041
01-06 18:46:31.188 I/System.out( 2631): Values: 18898
01-06 18:46:32.199 I/System.out( 2631): Values: 4223
01-06 18:46:33.200 I/System.out( 2631): Values: 5919
01-06 18:46:34.201 I/System.out( 2631): Values: 32510
01-06 18:46:35.202 I/System.out( 2631): Values: 9103
01-06 18:46:36.203 I/System.out( 2631): Values: 2192
01-06 18:46:37.194 I/System.out( 2631): Values: 7133
01-06 18:46:38.195 I/System.out( 2631): Values: 12325
01-06 18:46:39.196 I/System.out( 2631): Values: 6160
01-06 18:46:39.927 D/UsbnetService( 1574): BroadcastReceiver::onReceive+
01-06 18:46:39.927 D/UsbnetService( 1574): onReceive BATTERY_CHANGED
01-06 18:46:39.927 D/UsbnetService( 1574):  --> pluggedType = 0, mPluggedType = 0, mScreenOff = false
01-06 18:46:39.927 D/UsbnetService( 1574): BroadcastReceiver::onReceive-
01-06 18:46:39.927 D/NotificationService( 1574): mIntentReceiver() Intent.ACTION_BATTERY_CHANGED
01-06 18:46:39.937 D/BatteryService( 1574): SendIntentforPowersaver
01-06 18:46:39.937 D/RemoveMe( 1654): DCT got intent android.intent.action.BATTERY_CHANGED
01-06 18:46:39.937 D/BatteryService( 1574): Current powersaver status == NORMAL_STATUS1 4 2 false
01-06 18:46:39.937 D/RemoveMe( 1654): DCT got intent android.intent.action.BATTERY_CHANGED
01-06 18:46:39.937 D/PowerUI ( 1636): plugged = false, health = 2, mBatteryLevel = 100, mPluggedBatteryLevel = 99, mLowBatteryWarningLevel2 = 25, mshowLowChargingWarning2 = true
01-06 18:46:39.947 D/RemoveMe( 1654): DCT got intent android.intent.action.BATTERY_CHANGED
01-06 18:46:40.197 I/System.out( 2631): Values: 4865
01-06 18:46:41.198 I/System.out( 2631): Values: 19427
01-06 18:46:42.199 I/System.out( 2631): Values: 2953
01-06 18:46:43.200 I/System.out( 2631): Values: 3869
01-06 18:46:44.201 I/System.out( 2631): Values: 1314
01-06 18:46:45.202 I/System.out( 2631): Values: 3309
01-06 18:46:46.203 I/System.out( 2631): Values: 441
01-06 18:46:47.204 I/System.out( 2631): Values: 13187
01-06 18:46:48.205 I/System.out( 2631): Values: 7316
01-06 18:46:49.196 I/System.out( 2631): Values: 1563
01-06 18:46:50.207 I/System.out( 2631): Values: 976
01-06 18:46:51.198 I/System.out( 2631): Values: 1216
01-06 18:46:52.199 I/System.out( 2631): Values: 12074
01-06 18:46:53.200 I/System.out( 2631): Values: 576
01-06 18:46:54.201 I/System.out( 2631): Values: 748
01-06 18:46:55.202 I/System.out( 2631): Values: 509
01-06 18:46:56.203 I/System.out( 2631): Values: 1223
01-06 18:46:57.204 I/System.out( 2631): Values: 1612
01-06 18:46:58.205 I/System.out( 2631): Values: 1486
01-06 18:46:59.206 I/System.out( 2631): Values: 1253
01-06 18:47:00.197 I/System.out( 2631): Values: 911
01-06 18:47:01.198 I/System.out( 2631): Values: 467
01-06 18:47:02.209 I/System.out( 2631): Values: 787
01-06 18:47:03.210 I/System.out( 2631): Values: 389
01-06 18:47:04.221 I/System.out( 2631): Values: 1557
01-06 18:47:05.212 I/System.out( 2631): Values: 470
01-06 18:47:06.213 I/System.out( 2631): Values: 1060
01-06 18:47:07.214 I/System.out( 2631): Values: 1804
01-06 18:47:07.284 D/dalvikvm( 2631): GC_CONCURRENT freed 343K, 7% free 6548K/6983K, paused 5ms+1ms
01-06 18:47:08.215 I/System.out( 2631): Values: 430
01-06 18:47:09.206 I/System.out( 2631): Values: 468
01-06 18:47:09.946 D/UsbnetService( 1574): BroadcastReceiver::onReceive+
01-06 18:47:09.946 D/UsbnetService( 1574): onReceive BATTERY_CHANGED
01-06 18:47:09.946 D/UsbnetService( 1574):  --> pluggedType = 0, mPluggedType = 0, mScreenOff = false
01-06 18:47:09.946 D/UsbnetService( 1574): BroadcastReceiver::onReceive-
01-06 18:47:09.946 D/NotificationService( 1574): mIntentReceiver() Intent.ACTION_BATTERY_CHANGED
01-06 18:47:09.986 D/BatteryService( 1574): SendIntentforPowersaver
01-06 18:47:09.986 D/BatteryService( 1574): Current powersaver status == NORMAL_STATUS1 4 2 false
01-06 18:47:09.986 D/RemoveMe( 1654): DCT got intent android.intent.action.BATTERY_CHANGED
01-06 18:47:09.986 D/RemoveMe( 1654): DCT got intent android.intent.action.BATTERY_CHANGED
01-06 18:47:09.986 D/PowerUI ( 1636): plugged = false, health = 2, mBatteryLevel = 100, mPluggedBatteryLevel = 99, mLowBatteryWarningLevel2 = 25, mshowLowChargingWarning2 = true
01-06 18:47:09.996 D/RemoveMe( 1654): DCT got intent android.intent.action.BATTERY_CHANGED
01-06 18:47:10.207 I/System.out( 2631): Values: 563
01-06 18:47:11.207 I/System.out( 2631): Values: 579
01-06 18:47:12.208 I/System.out( 2631): Values: 365
01-06 18:47:13.209 I/System.out( 2631): Values: 605
01-06 18:47:14.210 I/System.out( 2631): Values: 1468
01-06 18:47:15.231 I/System.out( 2631): Values: 906
01-06 18:47:16.222 I/System.out( 2631): Values: 587
01-06 18:47:17.223 I/System.out( 2631): Values: 385
01-06 18:47:18.214 I/System.out( 2631): Values: 489
01-06 18:47:19.215 I/System.out( 2631): Values: 558
01-06 18:47:20.216 I/System.out( 2631): Values: 628
01-06 18:47:21.217 I/System.out( 2631): Values: 464
01-06 18:47:22.218 I/System.out( 2631): Values: 2222
01-06 18:47:23.219 I/System.out( 2631): Values: 457
01-06 18:47:24.220 I/System.out( 2631): Values: 498
01-06 18:47:25.221 I/System.out( 2631): Values: 477
01-06 18:47:26.242 I/System.out( 2631): Values: 545
01-06 18:47:27.223 I/System.out( 2631): Values: 432
01-06 18:47:28.214 I/System.out( 2631): Values: 500
01-06 18:47:29.225 I/System.out( 2631): Values: 495
01-06 18:47:30.226 I/System.out( 2631): Values: 546
01-06 18:47:31.217 I/System.out( 2631): Values: 511
01-06 18:47:32.228 I/System.out( 2631): Values: 757
01-06 18:47:33.219 I/System.out( 2631): Values: 547
01-06 18:47:34.220 I/System.out( 2631): Values: 472
01-06 18:47:35.221 I/System.out( 2631): Values: 841
01-06 18:47:36.222 I/System.out( 2631): Values: 650
01-06 18:47:37.243 I/System.out( 2631): Values: 1288
01-06 18:47:38.224 I/System.out( 2631): Values: 1560
01-06 18:47:39.225 I/System.out( 2631): Values: 375
01-06 18:47:39.966 D/UsbnetService( 1574): BroadcastReceiver::onReceive+
01-06 18:47:39.966 D/UsbnetService( 1574): onReceive BATTERY_CHANGED
01-06 18:47:39.966 D/UsbnetService( 1574):  --> pluggedType = 0, mPluggedType = 0, mScreenOff = false
01-06 18:47:39.966 D/UsbnetService( 1574): BroadcastReceiver::onReceive-
01-06 18:47:39.966 D/NotificationService( 1574): mIntentReceiver() Intent.ACTION_BATTERY_CHANGED
01-06 18:47:39.976 D/BatteryService( 1574): SendIntentforPowersaver
01-06 18:47:39.986 D/BatteryService( 1574): Current powersaver status == NORMAL_STATUS1 4 2 false
01-06 18:47:39.996 D/RemoveMe( 1654): DCT got intent android.intent.action.BATTERY_CHANGED
01-06 18:47:39.996 D/PowerUI ( 1636): plugged = false, health = 2, mBatteryLevel = 100, mPluggedBatteryLevel = 99, mLowBatteryWarningLevel2 = 25, mshowLowChargingWarning2 = true
01-06 18:47:40.016 D/RemoveMe( 1654): DCT got intent android.intent.action.BATTERY_CHANGED
01-06 18:47:40.016 D/RemoveMe( 1654): DCT got intent android.intent.action.BATTERY_CHANGED
01-06 18:47:40.216 I/System.out( 2631): Values: 512
01-06 18:47:41.227 I/System.out( 2631): Values: 403
01-06 18:47:42.218 I/System.out( 2631): Values: 394
01-06 18:47:43.229 I/System.out( 2631): Values: 418
01-06 18:47:44.230 I/System.out( 2631): Values: 1783
01-06 18:47:45.221 I/System.out( 2631): Values: 1442
01-06 18:47:46.222 I/System.out( 2631): Values: 1616
01-06 18:47:47.223 I/System.out( 2631): Values: 1641
01-06 18:47:48.224 I/System.out( 2631): Values: 446
01-06 18:47:49.225 I/System.out( 2631): Values: 419
01-06 18:47:50.226 I/System.out( 2631): Values: 2855
01-06 18:47:51.227 I/System.out( 2631): Values: 723
01-06 18:47:52.218 I/System.out( 2631): Values: 1349
01-06 18:47:53.218 I/System.out( 2631): Values: 429
01-06 18:47:54.219 I/System.out( 2631): Values: 453
01-06 18:47:55.230 I/System.out( 2631): Values: 396
01-06 18:47:56.231 I/System.out( 2631): Values: 385
01-06 18:47:57.232 I/System.out( 2631): Values: 451
01-06 18:47:58.233 I/System.out( 2631): Values: 546
01-06 18:47:59.224 I/System.out( 2631): Values: 3295
01-06 18:48:00.225 I/System.out( 2631): Values: 609
01-06 18:48:01.226 I/System.out( 2631): Values: 1447
01-06 18:48:02.227 I/System.out( 2631): Values: 437
01-06 18:48:03.228 I/System.out( 2631): Values: 383
01-06 18:48:04.229 I/System.out( 2631): Values: 585
01-06 18:48:05.090 D/dalvikvm( 1666): GC_EXPLICIT freed 1K, 27% free 10087K/13767K, paused 1ms+3ms
01-06 18:48:05.230 I/System.out( 2631): Values: 1929
01-06 18:48:06.231 I/System.out( 2631): Values: 2670
01-06 18:48:07.232 I/System.out( 2631): Values: 2177
01-06 18:48:08.233 I/System.out( 2631): Values: 401
01-06 18:48:09.224 I/System.out( 2631): Values: 453
01-06 18:48:10.005 D/UsbnetService( 1574): BroadcastReceiver::onReceive+
01-06 18:48:10.005 D/UsbnetService( 1574): onReceive BATTERY_CHANGED
01-06 18:48:10.015 D/UsbnetService( 1574):  --> pluggedType = 0, mPluggedType = 0, mScreenOff = false
01-06 18:48:10.015 D/UsbnetService( 1574): BroadcastReceiver::onReceive-
01-06 18:48:10.015 D/BatteryService( 1574): SendIntentforPowersaver
01-06 18:48:10.015 D/NotificationService( 1574): mIntentReceiver() Intent.ACTION_BATTERY_CHANGED
01-06 18:48:10.025 D/BatteryService( 1574): Current powersaver status == NORMAL_STATUS1 4 2 false
01-06 18:48:10.025 D/RemoveMe( 1654): DCT got intent android.intent.action.BATTERY_CHANGED
01-06 18:48:10.025 D/RemoveMe( 1654): DCT got intent android.intent.action.BATTERY_CHANGED
01-06 18:48:10.025 D/PowerUI ( 1636): plugged = false, health = 2, mBatteryLevel = 100, mPluggedBatteryLevel = 99, mLowBatteryWarningLevel2 = 25, mshowLowChargingWarning2 = true
01-06 18:48:10.035 D/RemoveMe( 1654): DCT got intent android.intent.action.BATTERY_CHANGED
01-06 18:48:10.235 I/System.out( 2631): Values: 9990
01-06 18:48:11.236 I/System.out( 2631): Values: 2110
01-06 18:48:12.227 I/System.out( 2631): Values: 13059
01-06 18:48:13.228 I/System.out( 2631): Values: 3853
01-06 18:48:14.229 I/System.out( 2631): Values: 1823
01-06 18:48:15.230 I/System.out( 2631): Values: 440
01-06 18:48:16.231 I/System.out( 2631): Values: 1615
01-06 18:48:17.232 I/System.out( 2631): Values: 412
01-06 18:48:18.233 I/System.out( 2631): Values: 431
01-06 18:48:19.234 I/System.out( 2631): Values: 405
01-06 18:48:20.235 I/System.out( 2631): Values: 403
01-06 18:48:21.226 I/System.out( 2631): Values: 386
01-06 18:48:22.237 I/System.out( 2631): Values: 1746
01-06 18:48:23.238 I/System.out( 2631): Values: 720
01-06 18:48:24.229 I/System.out( 2631): Values: 420
01-06 18:48:25.230 I/System.out( 2631): Values: 394
01-06 18:48:26.231 I/System.out( 2631): Values: 1175
01-06 18:48:27.232 I/System.out( 2631): Values: 770
01-06 18:48:28.233 I/System.out( 2631): Values: 394
01-06 18:48:29.234 I/System.out( 2631): Values: 475
01-06 18:48:30.225 I/System.out( 2631): Values: 9853
01-06 18:48:31.236 I/System.out( 2631): Values: 6251
01-06 18:48:32.237 I/System.out( 2631): Values: 32767
01-06 18:48:33.228 I/System.out( 2631): Values: 3246
01-06 18:48:34.238 I/System.out( 2631): Values: 18734
01-06 18:48:35.229 I/System.out( 2631): Values: 2271
01-06 18:48:36.230 I/System.out( 2631): Values: 1276
01-06 18:48:37.231 I/System.out( 2631): Values: 739
01-06 18:48:38.242 I/System.out( 2631): Values: 875
01-06 18:48:39.233 I/System.out( 2631): Values: 6442
01-06 18:48:40.234 I/System.out( 2631): Values: 2517
01-06 18:48:41.225 I/System.out( 2631): Values: 1652
01-06 18:48:42.236 I/System.out( 2631): Values: 401
01-06 18:48:43.237 I/System.out( 2631): Values: 6844
01-06 18:48:44.238 I/System.out( 2631): Values: 20991
01-06 18:48:45.239 I/System.out( 2631): Values: 14409
01-06 18:48:46.240 I/System.out( 2631): Values: 32767
01-06 18:48:47.241 I/System.out( 2631): Values: 11609
01-06 18:48:48.242 I/System.out( 2631): Values: 4530
01-06 18:48:49.243 I/System.out( 2631): Values: 3552
01-06 18:48:50.244 I/System.out( 2631): Values: 349
01-06 18:48:51.245 I/System.out( 2631): Values: 943
01-06 18:48:52.236 I/System.out( 2631): Values: 6420
01-06 18:48:53.237 I/System.out( 2631): Values: 3152
01-06 18:48:54.238 I/System.out( 2631): Values: 2671
01-06 18:48:55.239 I/System.out( 2631): Values: 379
01-06 18:48:56.240 I/System.out( 2631): Values: 609
01-06 18:48:57.241 I/System.out( 2631): Values: 342
01-06 18:48:58.242 I/System.out( 2631): Values: 372
01-06 18:48:59.243 I/System.out( 2631): Values: 730
01-06 18:49:00.244 I/System.out( 2631): Values: 14962
01-06 18:49:01.245 I/System.out( 2631): Values: 4895
01-06 18:49:02.236 I/System.out( 2631): Values: 6802
01-06 18:49:03.257 I/System.out( 2631): Values: 8983
01-06 18:49:04.248 I/System.out( 2631): Values: 6943
01-06 18:49:05.249 I/System.out( 2631): Values: 1760
01-06 18:49:06.250 I/System.out( 2631): Values: 2263
01-06 18:49:07.251 I/System.out( 2631): Values: 442
01-06 18:49:08.252 I/System.out( 2631): Values: 425
01-06 18:49:08.652 D/Socket_Alarm( 2612): registerHTCSocketMonitorCallBack
01-06 18:49:08.652 D/Socket_Alarm( 2612): set mSocketMonitor
01-06 18:49:08.652 D/Socket_Alarm( 2612): HTCSocketMonitorImpl::HTCSocketMonitorImpl
01-06 18:49:09.253 I/System.out( 2631): Values: 2318
01-06 18:49:10.063 D/UsbnetService( 1574): BroadcastReceiver::onReceive+
01-06 18:49:10.063 D/UsbnetService( 1574): onReceive BATTERY_CHANGED
01-06 18:49:10.063 D/UsbnetService( 1574):  --> pluggedType = 0, mPluggedType = 0, mScreenOff = false
01-06 18:49:10.063 D/UsbnetService( 1574): BroadcastReceiver::onReceive-
01-06 18:49:10.063 D/lights  ( 1574): [LedInfo] write attr ok name=/sys/class/leds/amber/brightness string=0,len=1
01-06 18:49:10.063 D/NotificationService( 1574): mIntentReceiver() Intent.ACTION_BATTERY_CHANGED
01-06 18:49:10.063 V/NotificationService( 1574): dual Led off
01-06 18:49:10.073 D/BatteryService( 1574): SendIntentforPowersaver
01-06 18:49:10.073 D/BatteryService( 1574): Current powersaver status == NORMAL_STATUS1 4 2 false
01-06 18:49:10.073 D/lights  ( 1574): [LedInfo] write attr ok name=/sys/class/leds/amber/blink string=0,len=1
01-06 18:49:10.073 D/RemoveMe( 1654): DCT got intent android.intent.action.BATTERY_CHANGED
01-06 18:49:10.073 D/lights  ( 1574): [LedInfo] write attr ok name=/sys/class/leds/amber/off_timer string=0 0,len=3
01-06 18:49:10.073 D/PowerUI ( 1636): plugged = false, health = 2, mBatteryLevel = 99, mPluggedBatteryLevel = 99, mLowBatteryWarningLevel2 = 25, mshowLowChargingWarning2 = true
01-06 18:49:10.083 D/lights  ( 1574): [LedInfo] write attr ok name=/sys/class/leds/green/brightness string=0,len=1
01-06 18:49:10.083 D/RemoveMe( 1654): DCT got intent android.intent.action.BATTERY_CHANGED
01-06 18:49:10.083 D/lights  ( 1574): [LedInfo] write attr ok name=/sys/class/leds/green/blink string=0,len=1
01-06 18:49:10.083 D/RemoveMe( 1654): DCT got intent android.intent.action.BATTERY_CHANGED
01-06 18:49:10.083 D/lights  ( 1574): [LedInfo] write attr ok name=/sys/class/leds/green/off_timer string=0 0,len=3
01-06 18:49:10.254 I/System.out( 2631): Values: 10304
01-06 18:49:10.254 I/System.out( 2631): Battery level start is reached
01-06 18:49:11.255 I/System.out( 2631): Values: 12514
01-06 18:49:12.246 I/System.out( 2631): Values: 3810
01-06 18:49:13.247 I/System.out( 2631): Values: 2759
01-06 18:49:14.248 I/System.out( 2631): Values: 3153
01-06 18:49:15.158 D/dalvikvm( 2612): GC_EXPLICIT freed 243K, 5% free 7668K/8007K, paused 6ms+2ms
01-06 18:49:15.249 I/System.out( 2631): Values: 2630
01-06 18:49:16.249 I/System.out( 2631): Values: 434
01-06 18:49:17.250 I/System.out( 2631): Values: 417
01-06 18:49:18.251 I/System.out( 2631): Values: 387
01-06 18:49:19.252 I/System.out( 2631): Values: 1593
01-06 18:49:20.253 I/System.out( 2631): Values: 586
01-06 18:49:21.254 I/System.out( 2631): Values: 726
01-06 18:49:22.255 I/System.out( 2631): Values: 1998
01-06 18:49:23.256 I/System.out( 2631): Values: 372
01-06 18:49:24.247 I/System.out( 2631): Values: 398
01-06 18:49:25.248 I/System.out( 2631): Values: 326
01-06 18:49:26.249 I/System.out( 2631): Values: 538
01-06 18:49:27.250 I/System.out( 2631): Values: 379
01-06 18:49:28.251 I/System.out( 2631): Values: 1997
01-06 18:49:29.252 I/System.out( 2631): Values: 409
01-06 18:49:30.253 I/System.out( 2631): Values: 439
01-06 18:49:31.254 I/System.out( 2631): Values: 3004
01-06 18:49:32.255 I/System.out( 2631): Values: 1337
01-06 18:49:33.256 I/System.out( 2631): Values: 390
01-06 18:49:34.257 I/System.out( 2631): Values: 600
01-06 18:49:35.248 I/System.out( 2631): Values: 408
01-06 18:49:36.249 I/System.out( 2631): Values: 392
01-06 18:49:37.250 I/System.out( 2631): Values: 540
01-06 18:49:38.251 I/System.out( 2631): Values: 418
01-06 18:49:39.252 I/System.out( 2631): Values: 394
01-06 18:49:40.253 I/System.out( 2631): Values: 378
01-06 18:49:41.254 I/System.out( 2631): Values: 405
01-06 18:49:42.255 I/System.out( 2631): Values: 1554
01-06 18:49:43.256 I/System.out( 2631): Values: 1501
01-06 18:49:44.247 I/System.out( 2631): Values: 624
01-06 18:49:45.258 I/System.out( 2631): Values: 380
01-06 18:49:46.249 I/System.out( 2631): Values: 822
01-06 18:49:47.260 I/System.out( 2631): Values: 404
01-06 18:49:48.261 I/System.out( 2631): Values: 386
01-06 18:49:49.262 I/System.out( 2631): Values: 457
01-06 18:49:50.263 I/System.out( 2631): Values: 440
01-06 18:49:51.264 I/System.out( 2631): Values: 394
01-06 18:49:52.265 I/System.out( 2631): Values: 345
01-06 18:49:53.256 I/System.out( 2631): Values: 398
01-06 18:49:54.257 I/System.out( 2631): Values: 353
01-06 18:49:55.258 I/System.out( 2631): Values: 416
01-06 18:49:56.259 I/System.out( 2631): Values: 356
01-06 18:49:57.259 I/System.out( 2631): Values: 384
01-06 18:49:58.260 I/System.out( 2631): Values: 460
01-06 18:49:59.261 I/System.out( 2631): Values: 424
01-06 18:50:00.262 I/System.out( 2631): Values: 357
01-06 18:50:01.263 I/System.out( 2631): Values: 1255
01-06 18:50:02.254 I/System.out( 2631): Values: 379
01-06 18:50:03.265 I/System.out( 2631): Values: 370
01-06 18:50:04.266 I/System.out( 2631): Values: 452
01-06 18:50:05.137 D/dalvikvm( 1666): GC_EXPLICIT freed 1K, 27% free 10087K/13767K, paused 7ms+2ms
01-06 18:50:05.267 I/System.out( 2631): Values: 1597
01-06 18:50:06.268 I/System.out( 2631): Values: 1176
01-06 18:50:07.259 I/System.out( 2631): Values: 539
01-06 18:50:08.260 I/System.out( 2631): Values: 1910
01-06 18:50:09.261 I/System.out( 2631): Values: 610
01-06 18:50:10.102 D/UsbnetService( 1574): BroadcastReceiver::onReceive+
01-06 18:50:10.102 D/UsbnetService( 1574): onReceive BATTERY_CHANGED
01-06 18:50:10.112 D/UsbnetService( 1574):  --> pluggedType = 0, mPluggedType = 0, mScreenOff = false
01-06 18:50:10.112 D/UsbnetService( 1574): BroadcastReceiver::onReceive-
01-06 18:50:10.112 D/RemoveMe( 1654): DCT got intent android.intent.action.BATTERY_CHANGED
01-06 18:50:10.112 D/BatteryService( 1574): SendIntentforPowersaver
01-06 18:50:10.112 D/BatteryService( 1574): Current powersaver status == NORMAL_STATUS1 4 2 false
01-06 18:50:10.112 D/NotificationService( 1574): mIntentReceiver() Intent.ACTION_BATTERY_CHANGED
01-06 18:50:10.112 D/PowerUI ( 1636): plugged = false, health = 2, mBatteryLevel = 99, mPluggedBatteryLevel = 99, mLowBatteryWarningLevel2 = 25, mshowLowChargingWarning2 = true
01-06 18:50:10.122 D/RemoveMe( 1654): DCT got intent android.intent.action.BATTERY_CHANGED
01-06 18:50:10.122 D/RemoveMe( 1654): DCT got intent android.intent.action.BATTERY_CHANGED
01-06 18:50:10.262 I/System.out( 2631): Values: 375
01-06 18:50:11.263 I/System.out( 2631): Values: 327
01-06 18:50:12.264 I/System.out( 2631): Values: 377
01-06 18:50:13.255 I/System.out( 2631): Values: 1673
01-06 18:50:14.266 I/System.out( 2631): Values: 335
01-06 18:50:15.267 I/System.out( 2631): Values: 1429
01-06 18:50:16.268 I/System.out( 2631): Values: 1491
01-06 18:50:17.259 I/System.out( 2631): Values: 1450
01-06 18:50:18.260 I/System.out( 2631): Values: 367
01-06 18:50:19.261 I/System.out( 2631): Values: 351
01-06 18:50:20.262 I/System.out( 2631): Values: 1338
01-06 18:50:21.263 I/System.out( 2631): Values: 1444
01-06 18:50:22.264 I/System.out( 2631): Values: 418
01-06 18:50:23.255 I/System.out( 2631): Values: 365
01-06 18:50:24.266 I/System.out( 2631): Values: 1546
01-06 18:50:25.257 I/System.out( 2631): Values: 473
01-06 18:50:26.268 I/System.out( 2631): Values: 1480
01-06 18:50:27.269 I/System.out( 2631): Values: 363
01-06 18:50:28.260 I/System.out( 2631): Values: 439
01-06 18:50:29.261 I/System.out( 2631): Values: 1472
01-06 18:50:30.262 I/System.out( 2631): Values: 405
01-06 18:50:31.273 I/System.out( 2631): Values: 376
01-06 18:50:32.274 I/System.out( 2631): Values: 355
01-06 18:50:33.265 I/System.out( 2631): Values: 344
01-06 18:50:34.256 I/System.out( 2631): Values: 420
01-06 18:50:35.267 I/System.out( 2631): Values: 358
01-06 18:50:36.268 I/System.out( 2631): Values: 355
01-06 18:50:36.368 D/dalvikvm( 2631): GC_CONCURRENT freed 411K, 8% free 6548K/7111K, paused 5ms+4ms
01-06 18:50:37.259 I/System.out( 2631): Values: 639
01-06 18:50:38.259 I/System.out( 2631): Values: 874
01-06 18:50:39.270 I/System.out( 2631): Values: 1542
01-06 18:50:40.271 I/System.out( 2631): Values: 718
01-06 18:50:41.272 I/System.out( 2631): Values: 357
01-06 18:50:42.273 I/System.out( 2631): Values: 1717
01-06 18:50:43.274 I/System.out( 2631): Values: 1336
01-06 18:50:44.265 I/System.out( 2631): Values: 713
01-06 18:50:45.266 I/System.out( 2631): Values: 630
01-06 18:50:46.267 I/System.out( 2631): Values: 360
01-06 18:50:47.268 I/System.out( 2631): Values: 356
01-06 18:50:48.269 I/System.out( 2631): Values: 360
01-06 18:50:49.270 I/System.out( 2631): Values: 396
01-06 18:50:50.271 I/System.out( 2631): Values: 3994
01-06 18:50:51.272 I/System.out( 2631): Values: 343
01-06 18:50:52.273 I/System.out( 2631): Values: 515
01-06 18:50:53.274 I/System.out( 2631): Values: 5404
01-06 18:50:54.275 I/System.out( 2631): Values: 574
01-06 18:50:55.276 I/System.out( 2631): Values: 844
01-06 18:50:56.267 I/System.out( 2631): Values: 375
01-06 18:50:57.268 I/System.out( 2631): Values: 1894
01-06 18:50:58.269 I/System.out( 2631): Values: 378
01-06 18:50:59.270 I/System.out( 2631): Values: 5915
01-06 18:51:00.001 I/ActivityManager( 1574): No longer want com.htc.mysketcher (pid 2381): hidden #16
01-06 18:51:00.041 W/ActivityManager( 1574): Scheduling restart of crashed service com.htc.mysketcher/.SketchAndShootWorker in 5000ms
01-06 18:51:00.271 I/System.out( 2631): Values: 2884
01-06 18:51:01.272 I/System.out( 2631): Values: 1686
01-06 18:51:02.273 I/System.out( 2631): Values: 894
01-06 18:51:03.274 I/System.out( 2631): Values: 807
01-06 18:51:04.275 I/System.out( 2631): Values: 1603
01-06 18:51:05.056 I/ActivityManager( 1574): Start proc com.htc.mysketcher for service com.htc.mysketcher/.SketchAndShootWorker: pid=2790 uid=1003 gids={1015}
01-06 18:51:05.096 I/ActivityThread( 2790): Pub com.htc.mysketcher.provider.scribbleprovider: com.htc.mysketcher.provider.ScribbleProvider
01-06 18:51:05.096 I/MySketcher( 2790): SketchAndShootWorker onCreate(),  UID: 1003 PID: 2790
01-06 18:51:05.096 I/MySketcher( 2790): [SketcherWorker] onStartCommand: null
01-06 18:51:05.266 I/System.out( 2631): Values: 10701
01-06 18:51:06.267 I/System.out( 2631): Values: 6881
01-06 18:51:07.288 I/System.out( 2631): Values: 3370
01-06 18:51:07.938 D/SntpClient( 1574): requestTime: called by Thread[ThrottleService,5,main], failed: java.net.UnknownHostException: Unable to resolve host "north-america.pool.ntp.org": No address associated with hostname
01-06 18:51:07.938 D/NetdConnector( 1574): listenToSocket read--: (6,0)
01-06 18:51:07.948 D/NetdConnector( 1574): RCV <- {216 0}
01-06 18:51:07.948 D/NetdConnector( 1574): listenToSocket read++
01-06 18:51:07.948 D/NetdConnector( 1574): doCommand++ (Wait Response)
01-06 18:51:07.948 D/NetdConnector( 1574): RSP <- {216 0}
01-06 18:51:07.948 D/NetdConnector( 1574): miNoRespCnt=0
01-06 18:51:07.948 D/NetdConnector( 1574): doCommand-- (complete)
01-06 18:51:07.948 D/NetdConnector( 1574): listenToSocket read--: (6,0)
01-06 18:51:07.948 D/NetdConnector( 1574): RCV <- {217 0}
01-06 18:51:07.958 D/SntpClient( 1574): requestTime: called by Thread[ThrottleService,5,main], failed: java.net.UnknownHostException: Unable to resolve host "north-america.pool.ntp.org": No address associated with hostname
01-06 18:51:07.958 D/SntpClient( 1574): requestTime: called by Thread[ThrottleService,5,main], failed: java.net.UnknownHostException: Unable to resolve host "north-america.pool.ntp.org": No address associated with hostname
01-06 18:51:07.958 D/NetdConnector( 1574): doCommand++ (Wait Response)
01-06 18:51:07.958 D/NetdConnector( 1574): listenToSocket read++
01-06 18:51:07.958 D/NetdConnector( 1574): RSP <- {217 0}
01-06 18:51:07.958 D/NetdConnector( 1574): miNoRespCnt=0
01-06 18:51:07.958 D/NetdConnector( 1574): doCommand-- (complete)
01-06 18:51:08.269 I/System.out( 2631): Values: 8147
01-06 18:51:09.270 I/System.out( 2631): Values: 8592
01-06 18:51:10.151 D/UsbnetService( 1574): BroadcastReceiver::onReceive+
01-06 18:51:10.151 D/UsbnetService( 1574): onReceive BATTERY_CHANGED
01-06 18:51:10.151 D/UsbnetService( 1574):  --> pluggedType = 0, mPluggedType = 0, mScreenOff = false
01-06 18:51:10.151 D/UsbnetService( 1574): BroadcastReceiver::onReceive-
01-06 18:51:10.151 D/NotificationService( 1574): mIntentReceiver() Intent.ACTION_BATTERY_CHANGED
01-06 18:51:10.161 D/BatteryService( 1574): SendIntentforPowersaver
01-06 18:51:10.161 D/BatteryService( 1574): Current powersaver status == NORMAL_STATUS1 4 2 false
01-06 18:51:10.171 D/PowerUI ( 1636): plugged = false, health = 2, mBatteryLevel = 99, mPluggedBatteryLevel = 99, mLowBatteryWarningLevel2 = 25, mshowLowChargingWarning2 = true
01-06 18:51:10.181 D/RemoveMe( 1654): DCT got intent android.intent.action.BATTERY_CHANGED
01-06 18:51:10.191 D/RemoveMe( 1654): DCT got intent android.intent.action.BATTERY_CHANGED
01-06 18:51:10.191 D/RemoveMe( 1654): DCT got intent android.intent.action.BATTERY_CHANGED
01-06 18:51:10.281 I/System.out( 2631): Values: 30581
01-06 18:51:11.272 I/System.out( 2631): Values: 1898
01-06 18:51:12.283 I/System.out( 2631): Values: 3062
01-06 18:51:13.274 I/System.out( 2631): Values: 1845
01-06 18:51:14.275 I/System.out( 2631): Values: 2321
01-06 18:51:15.266 I/System.out( 2631): Values: 754
01-06 18:51:16.277 I/System.out( 2631): Values: 1026
01-06 18:51:17.268 I/System.out( 2631): Values: 406
01-06 18:51:18.299 I/System.out( 2631): Values: 606
01-06 18:51:19.280 I/System.out( 2631): Values: 723
01-06 18:51:20.280 I/System.out( 2631): Values: 6193
01-06 18:51:21.281 I/System.out( 2631): Values: 1543
01-06 18:51:22.282 I/System.out( 2631): Values: 2057
01-06 18:51:23.283 I/System.out( 2631): Values: 368
01-06 18:51:24.284 I/System.out( 2631): Values: 1907
01-06 18:51:25.275 I/System.out( 2631): Values: 2338
01-06 18:51:26.276 I/System.out( 2631): Values: 2762
01-06 18:51:27.277 I/System.out( 2631): Values: 1363
01-06 18:51:28.278 I/System.out( 2631): Values: 1568
01-06 18:51:29.279 I/System.out( 2631): Values: 457
01-06 18:51:30.280 I/System.out( 2631): Values: 1297
01-06 18:51:31.281 I/System.out( 2631): Values: 435
01-06 18:51:32.282 I/System.out( 2631): Values: 417
01-06 18:51:33.283 I/System.out( 2631): Values: 334
01-06 18:51:34.294 I/System.out( 2631): Values: 447
01-06 18:51:35.285 I/System.out( 2631): Values: 1281
01-06 18:51:36.276 I/System.out( 2631): Values: 989
01-06 18:51:37.277 I/System.out( 2631): Values: 489
01-06 18:51:38.278 I/System.out( 2631): Values: 1741
01-06 18:51:39.279 I/System.out( 2631): Values: 578
01-06 18:51:40.190 D/UsbnetService( 1574): BroadcastReceiver::onReceive+
01-06 18:51:40.190 D/UsbnetService( 1574): onReceive BATTERY_CHANGED
01-06 18:51:40.200 D/UsbnetService( 1574):  --> pluggedType = 0, mPluggedType = 0, mScreenOff = false
01-06 18:51:40.200 D/UsbnetService( 1574): BroadcastReceiver::onReceive-
01-06 18:51:40.200 D/NotificationService( 1574): mIntentReceiver() Intent.ACTION_BATTERY_CHANGED
01-06 18:51:40.210 D/BatteryService( 1574): SendIntentforPowersaver
01-06 18:51:40.210 D/BatteryService( 1574): Current powersaver status == NORMAL_STATUS1 4 2 false
01-06 18:51:40.210 D/RemoveMe( 1654): DCT got intent android.intent.action.BATTERY_CHANGED
01-06 18:51:40.210 D/RemoveMe( 1654): DCT got intent android.intent.action.BATTERY_CHANGED
01-06 18:51:40.210 D/PowerUI ( 1636): plugged = false, health = 2, mBatteryLevel = 99, mPluggedBatteryLevel = 99, mLowBatteryWarningLevel2 = 25, mshowLowChargingWarning2 = true
01-06 18:51:40.220 D/RemoveMe( 1654): DCT got intent android.intent.action.BATTERY_CHANGED
01-06 18:51:40.280 I/System.out( 2631): Values: 386
01-06 18:51:41.281 I/System.out( 2631): Values: 381
01-06 18:51:42.282 I/System.out( 2631): Values: 653
01-06 18:51:43.283 I/System.out( 2631): Values: 383
01-06 18:51:44.284 I/System.out( 2631): Values: 327
01-06 18:51:45.295 I/System.out( 2631): Values: 516
01-06 18:51:46.286 I/System.out( 2631): Values: 952
01-06 18:51:47.287 I/System.out( 2631): Values: 722
01-06 18:51:48.288 I/System.out( 2631): Values: 351
01-06 18:51:49.279 I/System.out( 2631): Values: 372
01-06 18:51:50.300 I/System.out( 2631): Values: 407
01-06 18:51:51.281 I/System.out( 2631): Values: 482
01-06 18:51:52.292 I/System.out( 2631): Values: 421
01-06 18:51:53.283 I/System.out( 2631): Values: 521
01-06 18:51:54.284 I/System.out( 2631): Values: 656
01-06 18:51:55.285 I/System.out( 2631): Values: 310
01-06 18:51:56.286 I/System.out( 2631): Values: 347
01-06 18:51:57.287 I/System.out( 2631): Values: 345
01-06 18:51:58.288 I/System.out( 2631): Values: 5213
01-06 18:51:59.289 I/System.out( 2631): Values: 621
01-06 18:52:00.290 I/System.out( 2631): Values: 311
01-06 18:52:01.301 I/System.out( 2631): Values: 588
01-06 18:52:02.291 I/System.out( 2631): Values: 1535
01-06 18:52:03.292 I/System.out( 2631): Values: 1308
01-06 18:52:04.293 I/System.out( 2631): Values: 1199
01-06 18:52:05.084 D/dalvikvm( 1666): GC_EXPLICIT freed 1K, 27% free 10087K/13767K, paused 1ms+3ms
01-06 18:52:05.294 I/System.out( 2631): Values: 2454
01-06 18:52:06.285 I/System.out( 2631): Values: 2092
01-06 18:52:07.296 I/System.out( 2631): Values: 2246
01-06 18:52:08.287 I/System.out( 2631): Values: 1402
01-06 18:52:09.288 I/System.out( 2631): Values: 1385
01-06 18:52:10.199 D/UsbnetService( 1574): BroadcastReceiver::onReceive+
01-06 18:52:10.199 D/UsbnetService( 1574): onReceive BATTERY_CHANGED
01-06 18:52:10.199 D/UsbnetService( 1574):  --> pluggedType = 0, mPluggedType = 0, mScreenOff = false
01-06 18:52:10.199 D/UsbnetService( 1574): BroadcastReceiver::onReceive-
01-06 18:52:10.199 D/RemoveMe( 1654): DCT got intent android.intent.action.BATTERY_CHANGED
01-06 18:52:10.199 D/NotificationService( 1574): mIntentReceiver() Intent.ACTION_BATTERY_CHANGED
01-06 18:52:10.199 D/PowerUI ( 1636): plugged = false, health = 2, mBatteryLevel = 99, mPluggedBatteryLevel = 99, mLowBatteryWarningLevel2 = 25, mshowLowChargingWarning2 = true
01-06 18:52:10.209 D/RemoveMe( 1654): DCT got intent android.intent.action.BATTERY_CHANGED
01-06 18:52:10.209 D/BatteryService( 1574): SendIntentforPowersaver
01-06 18:52:10.209 D/BatteryService( 1574): Current powersaver status == NORMAL_STATUS1 4 2 false
01-06 18:52:10.209 D/RemoveMe( 1654): DCT got intent android.intent.action.BATTERY_CHANGED
01-06 18:52:10.289 I/System.out( 2631): Values: 1978
01-06 18:52:11.290 I/System.out( 2631): Values: 2267
01-06 18:52:12.311 I/System.out( 2631): Values: 969
01-06 18:52:13.292 I/System.out( 2631): Values: 892
01-06 18:52:14.293 I/System.out( 2631): Values: 399
01-06 18:52:15.294 I/System.out( 2631): Values: 322
01-06 18:52:16.285 I/System.out( 2631): Values: 1172
01-06 18:52:17.286 I/System.out( 2631): Values: 1522
01-06 18:52:18.287 I/System.out( 2631): Values: 1303
01-06 18:52:19.288 I/System.out( 2631): Values: 887
01-06 18:52:20.299 I/System.out( 2631): Values: 1155
01-06 18:52:21.300 I/System.out( 2631): Values: 970
01-06 18:52:22.301 I/System.out( 2631): Values: 3028
01-06 18:52:23.302 I/System.out( 2631): Values: 2512
01-06 18:52:24.303 I/System.out( 2631): Values: 1009
01-06 18:52:25.304 I/System.out( 2631): Values: 740
01-06 18:52:26.305 I/System.out( 2631): Values: 910
01-06 18:52:27.296 I/System.out( 2631): Values: 779
01-06 18:52:28.297 I/System.out( 2631): Values: 407
01-06 18:52:29.298 I/System.out( 2631): Values: 403
01-06 18:52:30.299 I/System.out( 2631): Values: 341
01-06 18:52:31.300 I/System.out( 2631): Values: 339
01-06 18:52:32.301 I/System.out( 2631): Values: 370
01-06 18:52:33.302 I/System.out( 2631): Values: 402
01-06 18:52:34.303 I/System.out( 2631): Values: 455
01-06 18:52:35.304 I/System.out( 2631): Values: 1218
01-06 18:52:36.305 I/System.out( 2631): Values: 1886
01-06 18:52:37.306 I/System.out( 2631): Values: 2049
01-06 18:52:38.297 I/System.out( 2631): Values: 1316
01-06 18:52:39.298 I/System.out( 2631): Values: 619
01-06 18:52:40.238 D/UsbnetService( 1574): BroadcastReceiver::onReceive+
01-06 18:52:40.238 D/UsbnetService( 1574): onReceive BATTERY_CHANGED
01-06 18:52:40.238 D/UsbnetService( 1574):  --> pluggedType = 0, mPluggedType = 0, mScreenOff = false
01-06 18:52:40.238 D/UsbnetService( 1574): BroadcastReceiver::onReceive-
01-06 18:52:40.238 D/NotificationService( 1574): mIntentReceiver() Intent.ACTION_BATTERY_CHANGED
01-06 18:52:40.249 D/RemoveMe( 1654): DCT got intent android.intent.action.BATTERY_CHANGED
01-06 18:52:40.249 D/BatteryService( 1574): SendIntentforPowersaver
01-06 18:52:40.249 D/BatteryService( 1574): Current powersaver status == NORMAL_STATUS1 4 2 false
01-06 18:52:40.249 D/RemoveMe( 1654): DCT got intent android.intent.action.BATTERY_CHANGED
01-06 18:52:40.249 D/PowerUI ( 1636): plugged = false, health = 2, mBatteryLevel = 99, mPluggedBatteryLevel = 99, mLowBatteryWarningLevel2 = 25, mshowLowChargingWarning2 = true
01-06 18:52:40.259 D/RemoveMe( 1654): DCT got intent android.intent.action.BATTERY_CHANGED
01-06 18:52:40.309 I/System.out( 2631): Values: 1778
01-06 18:52:41.300 I/System.out( 2631): Values: 2419
01-06 18:52:42.301 I/System.out( 2631): Values: 1757
01-06 18:52:43.301 I/System.out( 2631): Values: 847
01-06 18:52:44.302 I/System.out( 2631): Values: 10723
01-06 18:52:45.303 I/System.out( 2631): Values: 2851
01-06 18:52:46.304 I/System.out( 2631): Values: 2978
01-06 18:52:47.305 I/System.out( 2631): Values: 1199
01-06 18:52:48.306 I/System.out( 2631): Values: 1277
01-06 18:52:49.297 I/System.out( 2631): Values: 1800
01-06 18:52:50.298 I/System.out( 2631): Values: 2435
01-06 18:52:51.299 I/System.out( 2631): Values: 767
01-06 18:52:52.310 I/System.out( 2631): Values: 387
01-06 18:52:53.311 I/System.out( 2631): Values: 436
01-06 18:52:54.312 I/System.out( 2631): Values: 1261
01-06 18:52:55.313 I/System.out( 2631): Values: 1558
01-06 18:52:56.314 I/System.out( 2631): Values: 1795
01-06 18:52:57.305 I/System.out( 2631): Values: 1833
01-06 18:52:58.306 I/System.out( 2631): Values: 1287
01-06 18:52:59.307 I/System.out( 2631): Values: 531
01-06 18:53:00.308 I/System.out( 2631): Values: 3058
01-06 18:53:01.309 I/System.out( 2631): Values: 832
01-06 18:53:02.310 I/System.out( 2631): Values: 1416
01-06 18:53:03.311 I/System.out( 2631): Values: 1417
01-06 18:53:04.312 I/System.out( 2631): Values: 850
01-06 18:53:05.313 I/System.out( 2631): Values: 1645
01-06 18:53:06.314 I/System.out( 2631): Values: 3538
01-06 18:53:07.325 I/System.out( 2631): Values: 3157
01-06 18:53:08.326 I/System.out( 2631): Values: 3068
01-06 18:53:09.317 I/System.out( 2631): Values: 840
01-06 18:53:10.258 D/UsbnetService( 1574): BroadcastReceiver::onReceive+
01-06 18:53:10.258 D/UsbnetService( 1574): onReceive BATTERY_CHANGED
01-06 18:53:10.258 D/UsbnetService( 1574):  --> pluggedType = 0, mPluggedType = 0, mScreenOff = false
01-06 18:53:10.258 D/UsbnetService( 1574): BroadcastReceiver::onReceive-
01-06 18:53:10.268 D/NotificationService( 1574): mIntentReceiver() Intent.ACTION_BATTERY_CHANGED
01-06 18:53:10.298 D/RemoveMe( 1654): DCT got intent android.intent.action.BATTERY_CHANGED
01-06 18:53:10.298 D/BatteryService( 1574): SendIntentforPowersaver
01-06 18:53:10.298 D/BatteryService( 1574): Current powersaver status == NORMAL_STATUS1 4 2 false
01-06 18:53:10.298 D/RemoveMe( 1654): DCT got intent android.intent.action.BATTERY_CHANGED
01-06 18:53:10.298 D/PowerUI ( 1636): plugged = false, health = 2, mBatteryLevel = 99, mPluggedBatteryLevel = 99, mLowBatteryWarningLevel2 = 25, mshowLowChargingWarning2 = true
01-06 18:53:10.308 D/RemoveMe( 1654): DCT got intent android.intent.action.BATTERY_CHANGED
01-06 18:53:10.318 I/System.out( 2631): Values: 375
01-06 18:53:11.319 I/System.out( 2631): Values: 350
01-06 18:53:12.320 I/System.out( 2631): Values: 1535
01-06 18:53:13.321 I/System.out( 2631): Values: 359
01-06 18:53:14.322 I/System.out( 2631): Values: 329
01-06 18:53:15.323 I/System.out( 2631): Values: 394
01-06 18:53:16.324 I/System.out( 2631): Values: 404
01-06 18:53:17.315 I/System.out( 2631): Values: 381
01-06 18:53:18.326 I/System.out( 2631): Values: 1424
01-06 18:53:19.327 I/System.out( 2631): Values: 517
01-06 18:53:20.328 I/System.out( 2631): Values: 1807
01-06 18:53:21.319 I/System.out( 2631): Values: 1549
01-06 18:53:22.320 I/System.out( 2631): Values: 1597
01-06 18:53:23.321 I/System.out( 2631): Values: 1513
01-06 18:53:24.322 I/System.out( 2631): Values: 2569
01-06 18:53:25.322 I/System.out( 2631): Values: 2138
01-06 18:53:26.323 I/System.out( 2631): Values: 401
01-06 18:53:27.324 I/System.out( 2631): Values: 1152
01-06 18:53:28.325 I/System.out( 2631): Values: 363
01-06 18:53:29.326 I/System.out( 2631): Values: 707
01-06 18:53:30.327 I/System.out( 2631): Values: 3673
01-06 18:53:31.328 I/System.out( 2631): Values: 3453
01-06 18:53:32.329 I/System.out( 2631): Values: 2312
01-06 18:53:33.340 I/System.out( 2631): Values: 1130
01-06 18:53:34.331 I/System.out( 2631): Values: 521
01-06 18:53:35.332 I/System.out( 2631): Values: 1174
01-06 18:53:36.333 I/System.out( 2631): Values: 3146
01-06 18:53:37.334 I/System.out( 2631): Values: 439
01-06 18:53:38.325 I/System.out( 2631): Values: 1441
01-06 18:53:39.326 I/System.out( 2631): Values: 2834
01-06 18:53:40.287 D/UsbnetService( 1574): BroadcastReceiver::onReceive+
01-06 18:53:40.287 D/UsbnetService( 1574): onReceive BATTERY_CHANGED
01-06 18:53:40.287 D/UsbnetService( 1574):  --> pluggedType = 0, mPluggedType = 0, mScreenOff = false
01-06 18:53:40.287 D/UsbnetService( 1574): BroadcastReceiver::onReceive-
01-06 18:53:40.297 D/BatteryService( 1574): SendIntentforPowersaver
01-06 18:53:40.297 D/NotificationService( 1574): mIntentReceiver() Intent.ACTION_BATTERY_CHANGED
01-06 18:53:40.307 D/BatteryService( 1574): Current powersaver status == NORMAL_STATUS1 4 2 false
01-06 18:53:40.317 D/RemoveMe( 1654): DCT got intent android.intent.action.BATTERY_CHANGED
01-06 18:53:40.317 D/PowerUI ( 1636): plugged = false, health = 2, mBatteryLevel = 98, mPluggedBatteryLevel = 99, mLowBatteryWarningLevel2 = 25, mshowLowChargingWarning2 = true
01-06 18:53:40.327 I/System.out( 2631): Values: 416
01-06 18:53:40.327 D/RemoveMe( 1654): DCT got intent android.intent.action.BATTERY_CHANGED
01-06 18:53:40.327 D/RemoveMe( 1654): DCT got intent android.intent.action.BATTERY_CHANGED
01-06 18:53:40.327 I/System.out( 2631): Battery level end is reached
01-06 18:53:40.327 I/System.out( 2631): Time difference in secs is: 270
01-06 18:53:41.328 I/System.out( 2631): Values: 375
01-06 18:53:41.328 I/System.out( 2631): Time difference in secs is: 270
01-06 18:53:42.329 I/System.out( 2631): Values: 342
01-06 18:53:42.329 I/System.out( 2631): Time difference in secs is: 270
01-06 18:53:43.330 I/System.out( 2631): Values: 377
01-06 18:53:43.330 I/System.out( 2631): Time difference in secs is: 270
