--------- beginning of /dev/log/main
01-13 12:01:24.761 D/dalvikvm( 1768): GC_EXPLICIT freed 101K, 8% free 6835K/7367K, paused 45ms+1ms
01-13 12:01:28.065 I/power   ( 1571): *** set_screen_state 0
01-13 12:01:28.065 D/PowerManagerService( 1571): setScreenStateLocked++, on: false, err: 0
01-13 12:01:28.065 D/PowerManagerService( 1571): setScreenStateLocked, turn off the button light 
01-13 12:01:28.065 D/lights  ( 1571): set_light_buttons_func: on=0 brightness=0
01-13 12:01:28.075 D/lights  ( 1571): set_rotated_rgb_led: on=0 brightness=0
01-13 12:01:28.075 D/lights  ( 1571): [LedInfo] write attr ok name=/sys/class/leds/amber-portrait/brightness string=0,len=1
01-13 12:01:28.075 D/lights  ( 1571): set_rotated_rgb_led: on=0 brightness=0
01-13 12:01:28.075 D/lights  ( 1571): [LedInfo] write attr ok name=/sys/class/leds/green-portrait/brightness string=0,len=1
01-13 12:01:28.075 D/lights  ( 1571): set_rotated_rgb_led: on=0 brightness=0
01-13 12:01:28.075 E/lights  ( 1571): [LedErr] open attr failed name=/sys/class/leds/blue-portrait/brightness errno: 2
01-13 12:01:28.085 V/KeyguardViewMediator( 1571): password timeout now
01-13 12:01:28.085 D/HtcLockScreen( 1571): createPatternUnlockScreen() ...
01-13 12:01:28.085 D/HtcLockScreen( 1571): packageInfo - PackageInfo{40a345c0 com.htc.lockscreen}
01-13 12:01:28.095 D/Sensors ( 1571): Enable akm: en = 0
01-13 12:01:28.245 D/dalvikvm( 1571): GC_FOR_ALLOC freed 1792K, 13% free 15768K/18119K, paused 116ms
01-13 12:01:28.275 D/HostWidgetManager( 1668): pauseWidgets: 2
01-13 12:01:28.295 D/AK8975  ( 1445): Compass CLOSE 
01-13 12:01:28.295 D/UsbnetService( 1571): BroadcastReceiver::onReceive+
01-13 12:01:28.295 D/UsbnetService( 1571): onReceive SCREEN_OFF
01-13 12:01:28.295 D/PhoneWindow( 1668): couldn't save which view has focus because the focused view android.widget.RelativeLayout@407c1210 has no id.
--------- beginning of /dev/log/system
01-13 12:01:28.295 D/AlarmManager( 1571): ACTION_SCREEN_OFF
01-13 12:01:28.305 D/RemoveMe( 1658): DCT got intent android.intent.action.SCREEN_OFF
01-13 12:01:28.305 D/ConnectivityService( 1571): getMobileDataEnabled returning false
01-13 12:01:28.315 D/DataConnectionTracker( 1658): power saving case 6
01-13 12:01:28.315 D/DataConnectionTracker( 1658): power saving case 6
01-13 12:01:28.315 D/SurfaceFlinger( 1435): About to give-up screen, flinger = 0xa830
01-13 12:01:28.315 W/msm7x30.hwcomposer( 1435): hwc_set invalid context or list
01-13 12:01:28.315 D/msm7x30.hwcomposer( 1435): HWC called FB enableHDMIOutput(0)
01-13 12:01:28.315 D/ConnectivityService( 1571): getMobileDataEnabled returning false
01-13 12:01:28.325 D/ContactMessageStore( 1658): start background delete task...
01-13 12:01:28.325 D/RemoveMe( 1658): DCT got intent android.intent.action.SCREEN_OFF
01-13 12:01:28.335 D/RemoveMe( 1658): DCT got intent android.intent.action.SCREEN_OFF
01-13 12:01:28.345 I/TabletStatusBar( 1641): DISABLE_CLOCK: yes
01-13 12:01:28.345 I/TabletStatusBar( 1641): DISABLE_EXPAND: yes
01-13 12:01:28.345 I/TabletStatusBar( 1641): DISABLE_NAVIGATION: yes
01-13 12:01:28.395 D/SurfaceFlinger( 1435): getTokenForSurface(0xac90c) => 0 (client=0xa2580, bitmap=00000003), pid=1571
01-13 12:01:28.395 D/msm7x30.gralloc( 1435): gpu_context_t::getGrallocInformationFromFormat  1 
01-13 12:01:28.405 I/TabletStatusBar( 1641): DISABLE_BACK: yes
01-13 12:01:28.455 D/AutoSetting( 1768): service - mHandler: cancel location update
01-13 12:01:28.455 D/AutoSetting( 1768): service -           changes count: 0
01-13 12:01:28.455 D/dalvikvm( 1688): GC_EXPLICIT freed 6K, 8% free 7014K/7623K, paused 1ms+2ms
01-13 12:01:28.515 D/dalvikvm( 1688): GC_EXPLICIT freed 2K, 9% free 7012K/7623K, paused 1ms+7ms
01-13 12:01:28.585 D/SurfaceFlinger( 1435): getTokenForSurface(0xadad4) => 0 (client=0xa9338, bitmap=00000001), pid=1688
01-13 12:01:28.595 D/msm7x30.gralloc( 1435): gpu_context_t::getGrallocInformationFromFormat  1 
01-13 12:01:28.615 D/IdleScreen_base( 1688): onRingUnlockEnd
01-13 12:01:28.645 D/msm7x30.gralloc( 1435): gpu_context_t::getGrallocInformationFromFormat  1 
01-13 12:01:28.655 D/ContactMessageStore( 1658): size: 0 , 0
01-13 12:01:28.675 D/ContactMessageStore( 1658): Background delete complete
01-13 12:01:29.636 D/KeyguardViewMediator( 1571): wakeWhenReadyLocked(26)
01-13 12:01:29.636 I/power   ( 1571): *** set_screen_state 1
01-13 12:01:29.646 D/PowerManagerService( 1571): setScreenStateLocked++, on: true, err: 0
01-13 12:01:29.646 D/lights  ( 1571): set_light_buttons_func: on=16777215 brightness=255
01-13 12:01:29.646 D/PowerManagerService( 1571): button light setOrientation:-1
01-13 12:01:29.656 D/lights  ( 1571): set_rotated_rgb_led: on=0 brightness=0
01-13 12:01:29.656 D/lights  ( 1571): [LedInfo] write attr ok name=/sys/class/leds/amber-portrait/brightness string=0,len=1
01-13 12:01:29.656 D/lights  ( 1571): set_rotated_rgb_led: on=1 brightness=255
01-13 12:01:29.656 D/lights  ( 1571): [LedInfo] write attr ok name=/sys/class/leds/green-portrait/brightness string=255,len=3
01-13 12:01:29.656 D/lights  ( 1571): set_rotated_rgb_led: on=0 brightness=0
01-13 12:01:29.656 E/lights  ( 1571): [LedErr] open attr failed name=/sys/class/leds/blue-portrait/brightness errno: 2
01-13 12:01:29.656 D/Sensors ( 1571): Enable akm: en = 1
01-13 12:01:29.656 D/PowerManagerService( 1571): setPenMenuButtonLed: 2
01-13 12:01:29.656 D/PowerManagerService( 1571): Set pen menu button led (amber, green, blue) = 0, -1, 0), portrait = true
01-13 12:01:29.666 D/Launcher.Model( 1668): updateAppUsageStatCache +
01-13 12:01:29.666 D/Launcher.Model( 1668): updateAppUsageStatCache - diff: 4
01-13 12:01:29.666 D/AlarmManager( 1571): ACTION_SCREEN_ON
01-13 12:01:29.676 D/UsbnetService( 1571): BroadcastReceiver::onReceive+
01-13 12:01:29.676 D/UsbnetService( 1571): onReceive SCREEN_ON
01-13 12:01:29.676 D/UsbnetService( 1571): BroadcastReceiver::onReceive-
01-13 12:01:29.696 D/SurfaceFlinger( 1435): Screen about to return, flinger = 0xa830
01-13 12:01:29.706 D/PREF    ( 1668): setWidgetTilt .FriendStreamLarge2Widget : 37
01-13 12:01:29.706 D/msm7x30.hwcomposer( 1435): HWC called FB enableHDMIOutput(0)
01-13 12:01:29.716 D/HostWidgetManager( 1668): onResumeInKeyguard: 2
01-13 12:01:29.716 D/FxWorkspace( 1668): prepareUnlockAnimation
01-13 12:01:29.716 D/FxWorkspaceClient( 1668): showAllScreens()
01-13 12:01:29.726 D/FxWorkspaceClient( 1668): freezeAllScreens
01-13 12:01:29.726 D/UnlockAnimator( 1668): setFrame: unlock_to_03
01-13 12:01:29.726 D/AK8975  ( 1445): Compass Start
01-13 12:01:29.736 D/Rotate.Performance( 1668): FxWorkspace.show()
01-13 12:01:29.746 D/RemoveMe( 1658): DCT got intent android.intent.action.SCREEN_ON
01-13 12:01:29.746 D/ConnectivityService( 1571): getMobileDataEnabled returning false
01-13 12:01:29.756 D/ConnectivityService( 1571): getMobileDataEnabled returning false
01-13 12:01:29.766 D/RemoveMe( 1658): DCT got intent android.intent.action.SCREEN_ON
01-13 12:01:29.776 D/RemoveMe( 1658): DCT got intent android.intent.action.SCREEN_ON
01-13 12:01:30.567 D/HtcLockScreen3.0( 1571): HtcLockScreen: onInterceptTouchEvent ACTION_DOWN
01-13 12:01:31.078 D/HtcLockScreen3.0( 1571): HtcLockScreen: onInterceptTouchEvent ACTION_UP
01-13 12:01:31.088 D/IdleScreen_base( 1688): onRingUnlockStart
01-13 12:01:31.388 D/KeyguardViewManager( 1571): hide()
01-13 12:01:31.388 I/TabletStatusBar( 1641): DISABLE_CLOCK: no
01-13 12:01:31.388 I/TabletStatusBar( 1641): DISABLE_NAVIGATION: no
01-13 12:01:31.398 D/MyHTC   ( 1887): PoweronReceiver.onReceive(): intent=android.intent.action.USER_PRESENT
01-13 12:01:31.408 D/FxWorkspace( 1668): unlockAnimation
01-13 12:01:31.408 D/FxWorkspace( 1668): onUnlockAnimationStart()
01-13 12:01:31.408 D/UnlockAnimator( 1668): playMarker: unlock_to_03
01-13 12:01:31.408 D/FxWorkspaceClient( 1668): showAllScreens()
01-13 12:01:31.408 D/Rotate.Performance( 1668): FxWorkspace.show()
01-13 12:01:31.418 D/Twitter-MessageReceiver( 2491): action android.intent.action.USER_PRESENT
01-13 12:01:31.448 D/Sensors ( 1571): Enable akm: en = 0
01-13 12:01:31.448 D/SyncProvider( 2491): match settings
01-13 12:01:31.468 D/msm7x30.gralloc( 1435): gpu_context_t::getGrallocInformationFromFormat  1 
01-13 12:01:31.468 W/InputManagerService( 1571): Window already focused, ignoring focus gain of: com.android.internal.view.IInputMethodClient$Stub$Proxy@40a025e8
01-13 12:01:31.468 D/FacebookReceiver( 2491): Intent.ACTION_USER_PRESENT SyncInterval=3600000,currTime=1389614491459
01-13 12:01:31.468 D/FacebookReceiver( 2491): Intent.ACTION_USER_PRESENT lastStreamSyncTime=1389614491479,lastFriendSyncTime=1389614491479
01-13 12:01:31.488 D/SyncProvider( 2491): match settings
01-13 12:01:31.488 D/FlickrReceiver( 2491): Intent.ACTION_USER_PRESENT SyncInterval=3600000,currTime=1389614491491
01-13 12:01:31.488 D/FlickrReceiver( 2491): Intent.ACTION_USER_PRESENT lastStreamSyncTime=1389614491493,lastFriendSyncTime=1389614491493
01-13 12:01:31.518 D/SurfaceFlinger( 1435): virtual void android::Layer::onRemoved(): lcblk (identity=26, status=0, token=0)
01-13 12:01:31.518 D/Sensors ( 1571): Enable akm: en = 1
01-13 12:01:31.538 I/TabletStatusBar( 1641): DISABLE_BACK: no
01-13 12:01:31.558 D/SurfaceFlinger( 1435): virtual void android::Layer::onRemoved(): lcblk (identity=25, status=0, token=0)
01-13 12:01:31.558 D/Sensors ( 1571): Enable akm: en = 0
01-13 12:01:31.588 D/dalvikvm( 1688): GC_EXPLICIT freed 150K, 9% free 7013K/7623K, paused 13ms+2ms
01-13 12:01:31.628 D/dalvikvm( 1688): GC_EXPLICIT freed 2K, 9% free 7012K/7623K, paused 2ms+1ms
01-13 12:01:31.678 D/dalvikvm( 1688): GC_EXPLICIT freed 6K, 9% free 7012K/7623K, paused 2ms+2ms
01-13 12:01:31.718 D/dalvikvm( 1688): GC_EXPLICIT freed 1K, 9% free 7012K/7623K, paused 1ms+5ms
01-13 12:01:31.718 D/SyncProvider( 2491): match settings
01-13 12:01:31.878 D/AK8975  ( 1445): Compass CLOSE 
01-13 12:01:31.938 D/dalvikvm( 1688): GC_EXPLICIT freed 2K, 9% free 7012K/7623K, paused 1ms+2ms
01-13 12:01:31.979 D/dalvikvm( 1688): GC_EXPLICIT freed 1K, 9% free 7012K/7623K, paused 2ms+2ms
01-13 12:01:32.399 D/FxWorkspace( 1668): onUnlockAnimationEnd()
01-13 12:01:32.399 D/HostWidgetManager( 1668): onUserPresent: 2
01-13 12:01:32.399 D/HostWidgetManager( 1668): resumeWidgets: 2 sort: true
01-13 12:01:32.399 D/FxWorkspace( 1668): changeScreensVisibility
01-13 12:01:32.399 D/FxWorkspace( 1668): changeScreensVisibility
01-13 12:01:32.909 D/Sensors ( 1571): Enable akm: en = 1
01-13 12:01:32.919 D/AK8975  ( 1445): Compass Start
01-13 12:01:36.563 D/dalvikvm( 1887): GC_EXPLICIT freed 31K, 5% free 6476K/6787K, paused 7ms+1ms
01-13 12:01:37.534 D/UsbnetService( 1571): BroadcastReceiver::onReceive+
01-13 12:01:37.534 D/UsbnetService( 1571): onReceive BATTERY_CHANGED
01-13 12:01:37.544 D/UsbnetService( 1571):  --> pluggedType = 2, mPluggedType = 0, mScreenOff = false
01-13 12:01:37.544 D/UsbnetService( 1571): BroadcastReceiver::onReceive-
01-13 12:01:37.544 D/NotificationService( 1571): mIntentReceiver() Intent.ACTION_BATTERY_CHANGED
01-13 12:01:37.554 D/BatteryService( 1571): SendIntentforPowersaver
01-13 12:01:37.554 D/BatteryService( 1571): Current powersaver status == NORMAL_STATUS1 2 2 false
01-13 12:01:37.564 D/PowerUI ( 1641): closing low battery warning: level=99
01-13 12:01:37.574 D/RemoveMe( 1658): DCT got intent android.intent.action.BATTERY_CHANGED
01-13 12:01:37.574 D/PowerUI ( 1641): plugged = true, health = 2, mBatteryLevel = 99, mPluggedBatteryLevel = 98, mLowBatteryWarningLevel2 = 25, mshowLowChargingWarning2 = true
01-13 12:01:37.584 D/RemoveMe( 1658): DCT got intent android.intent.action.BATTERY_CHANGED
01-13 12:01:37.594 D/RemoveMe( 1658): DCT got intent android.intent.action.BATTERY_CHANGED
01-13 12:01:41.438 D/AutoSetting( 1768): service - mRequestRunnable: screen on delay 10s, request NLP now
01-13 12:01:41.438 D/AutoSetting( 1768): service - requestNLP() NetworkLocationProvider not enabled
01-13 12:01:43.250 D/AndroidRuntime( 2620): 
01-13 12:01:43.250 D/AndroidRuntime( 2620): >>>>>> AndroidRuntime START com.android.internal.os.RuntimeInit <<<<<<
01-13 12:01:43.250 D/AndroidRuntime( 2620): CheckJNI is OFF
01-13 12:01:43.340 D/CursorWindowStats( 2620): Get CursorWindow size from framework resource:4194304
01-13 12:01:43.390 D/AndroidRuntime( 2620): Calling main entry com.android.commands.pm.Pm
01-13 12:01:43.400 I/ActivityManager( 1571): Start proc com.android.defcontainer for service com.android.defcontainer/.DefaultContainerService: pid=2628 uid=10087 gids={1015, 2001}
01-13 12:01:43.470 D/dalvikvm( 2628): GC_EXPLICIT freed 34K, 5% free 6458K/6787K, paused 1ms+1ms
01-13 12:01:43.780 W/ActivityManager( 1571): No content provider found for: 
01-13 12:01:43.790 W/ActivityManager( 1571): No content provider found for: 
01-13 12:01:43.800 I/ActivityManager( 1571): No longer want com.htc.laputa.HtcLaputaInstaller (pid 2240): hidden #16
01-13 12:01:43.800 D/PackageParser( 1571): Scanning package: /data/app/vmdl-599760722.tmp
01-13 12:01:43.870 I/PackageManager( 1571): Removing non-system package:uk.ac.st_andrews.cs.host.mk74.energymeasurement.microphone
01-13 12:01:43.870 I/ActivityManager( 1571): Force stopping package uk.ac.st_andrews.cs.host.mk74.energymeasurement.microphone uid=10107
01-13 12:01:44.120 D/PackageManager( 1571): Scanning package uk.ac.st_andrews.cs.host.mk74.energymeasurement.microphone
01-13 12:01:44.120 I/PackageManager( 1571): Package uk.ac.st_andrews.cs.host.mk74.energymeasurement.microphone codePath changed from /data/app/uk.ac.st_andrews.cs.host.mk74.energymeasurement.microphone-2.apk to /data/app/uk.ac.st_andrews.cs.host.mk74.energymeasurement.microphone-1.apk; Retaining data and using new
01-13 12:01:44.120 I/PackageManager( 1571): Unpacking native libraries for /data/app/uk.ac.st_andrews.cs.host.mk74.energymeasurement.microphone-1.apk
01-13 12:01:44.371 D/dalvikvm( 2636): DexOpt: load 36ms, verify+opt 148ms
01-13 12:01:44.511 I/ActivityManager( 1571): Force stopping package uk.ac.st_andrews.cs.host.mk74.energymeasurement.microphone uid=10107
01-13 12:01:44.511 W/PackageManager( 1571): Code path for pkg : uk.ac.st_andrews.cs.host.mk74.energymeasurement.microphone changing from /data/app/uk.ac.st_andrews.cs.host.mk74.energymeasurement.microphone-2.apk to /data/app/uk.ac.st_andrews.cs.host.mk74.energymeasurement.microphone-1.apk
01-13 12:01:44.511 D/PackageManager( 1571):   Activities: uk.ac.st_andrews.cs.host.mk74.energymeasurement.microphone.MainActivity
01-13 12:01:44.511 W/PackageManager( 1571): Resource path for pkg : uk.ac.st_andrews.cs.host.mk74.energymeasurement.microphone changing from /data/app/uk.ac.st_andrews.cs.host.mk74.energymeasurement.microphone-2.apk to /data/app/uk.ac.st_andrews.cs.host.mk74.energymeasurement.microphone-1.apk
01-13 12:01:44.711 D/PackageManager( 1571): [embedded] New package installed in /data/app/uk.ac.st_andrews.cs.host.mk74.energymeasurement.microphone-1.apk
01-13 12:01:44.891 I/ActivityManager( 1571): Force stopping package uk.ac.st_andrews.cs.host.mk74.energymeasurement.microphone uid=10107
01-13 12:01:44.961 D/dalvikvm( 1668): GC_EXPLICIT freed 1390K, 19% free 11149K/13703K, paused 2ms+3ms
01-13 12:01:44.981 D/dalvikvm( 1664): GC_EXPLICIT freed 56K, 11% free 7770K/8711K, paused 1ms+3ms
01-13 12:01:44.991 D/Launcher.Model( 1668): onReceive intent=Intent { act=android.intent.action.PACKAGE_REMOVED dat=package:uk.ac.st_andrews.cs.host.mk74.energymeasurement.microphone flg=0x10000010 (has extras) }
01-13 12:01:44.991 D/PhoneApp( 1658): -- PackageChangeBroadcastReceiver  action = android.intent.action.PACKAGE_REMOVED
01-13 12:01:45.001 I/ActivityManager( 1571): Start proc com.android.smith for broadcast com.android.smith/.PackageReceiver: pid=2637 uid=10009 gids={1007, 1015}
01-13 12:01:45.071 I/SM:lib  ( 2637): JNI_OnLoad(): library version = 5
01-13 12:01:45.081 I/SM:lib  ( 2637): JNI_OnLoad(): result = 0x10004
01-13 12:01:45.081 D/SM:HtcNative( 2637): system lib, 4.0.honeycomb.HTK75C-flyer-l5-s16
01-13 12:01:45.081 D/SM:PackageReceiver( 2637): package removed: package:uk.ac.st_andrews.cs.host.mk74.energymeasurement.microphone
01-13 12:01:45.081 D/WidgetScanner( 1668): onReceive: Intent { act=android.intent.action.PACKAGE_REMOVED dat=package:uk.ac.st_andrews.cs.host.mk74.energymeasurement.microphone flg=0x10000010 cmp=com.htc.launcher/.widget.WidgetScannerTrigger (has extras) }
01-13 12:01:45.081 I/ActivityManager( 1571): No longer want com.htc.ereader.drmengine (pid 2311): hidden #16
01-13 12:01:45.091 I/ActivityManager( 1571): Start proc com.htc.launcher.widgetscanner for service com.htc.launcher/.widget.WidgetScannerService: pid=2644 uid=9999 gids={3003, 3002, 3001, 2001, 1015}
01-13 12:01:45.091 I/ActivityManager( 1571): Start proc com.htc.opensense for broadcast com.htc.opensense/.pluginmanager.RegisterReceiver: pid=2645 uid=10013 gids={2001, 3003, 1006, 1015}
01-13 12:01:45.101 D/PackageManager( 1571): generateServicesMap(android.accounts.AccountAuthenticator): 13 services unchanged
01-13 12:01:45.161 D/PackageManager( 1571): generateServicesMap(android.content.SyncAdapter): 21 services unchanged
01-13 12:01:45.191 D/PackageManager( 1571): generateServicesMap(android.accounts.AccountAuthenticator): 13 services unchanged
01-13 12:01:45.191 D/Launcher.Model( 1668): onReceive intent=Intent { act=android.intent.action.PACKAGE_ADDED dat=package:uk.ac.st_andrews.cs.host.mk74.energymeasurement.microphone flg=0x10000010 (has extras) }
01-13 12:01:45.191 D/Launcher.Model( 1668): mAllAppsList.updatePackage uk.ac.st_andrews.cs.host.mk74.energymeasurement.microphone
01-13 12:01:45.201 D/PhoneApp( 1658): -- PackageChangeBroadcastReceiver  action = android.intent.action.PACKAGE_ADDED
01-13 12:01:45.221 D/PackageManager( 1571): generateServicesMap(android.content.SyncAdapter): 21 services unchanged
01-13 12:01:45.291 I/ActivityManager( 1571): Start proc com.htc.cs for broadcast com.htc.cs/.plugin.PluginRegisterReceiver: pid=2658 uid=10041 gids={3003, 1015}
01-13 12:01:45.362 I/RegisterService( 2645): android.intent.action.PACKAGE_REMOVED package:uk.ac.st_andrews.cs.host.mk74.energymeasurement.microphone
01-13 12:01:45.412 D/LauncherApplication( 2644): + LauncherApplication onCreate()
01-13 12:01:45.422 I/ActivityThread( 2658): Pub com.htc.connectedservice.csprovider: com.htc.cs.provider.ConnectedServiceProvider
01-13 12:01:45.452 I/ActivityThread( 2658): Pub com.htc.cs.dashboard: com.htc.cs.sync.dashboard.DashboardProvider
01-13 12:01:45.462 D/vicky   ( 2658): vicky received: android.intent.action.PACKAGE_REMOVED
01-13 12:01:45.532 D/CombinedWidgetProvider( 1668): +addAppWidget
01-13 12:01:45.732 D/dalvikvm( 2272): GC_CONCURRENT freed 485K, 9% free 6678K/7303K, paused 1ms+1ms
01-13 12:01:45.822 D/dalvikvm( 1571): GC_CONCURRENT freed 1821K, 12% free 15994K/18119K, paused 2ms+6ms
01-13 12:01:45.842 D/CombinedWidgetProvider( 1668): addAppWidget: WidgetSummary(YouTube/APP_WIDGET/[I@40d61158 x [I@40d61178/-1/ComponentInfo{com.google.android.youtube/com.google.android.youtube.app.honeycomb.widget.WidgetProvider}/[I@40d61198)
01-13 12:01:45.852 D/CombinedWidgetProvider( 1668): addAppWidget: WidgetSummary(Twitter (large)/APP_WIDGET/[I@407eac08 x [I@407eac28/-1/ComponentInfo{com.twitter.android/com.twitter.android.client.WidgetLargeProvider}/[I@40810900)
01-13 12:01:45.862 D/CombinedWidgetProvider( 1668): addAppWidget: WidgetSummary(Twitter (small)/APP_WIDGET/[I@40a3c998 x [I@40a3c9b8/-1/ComponentInfo{com.twitter.android/com.twitter.android.client.WidgetSmallProvider}/[I@40a3c9d8)
01-13 12:01:45.862 D/CombinedWidgetProvider( 1668): addAppWidget: WidgetSummary(Traffic/APP_WIDGET/[I@408c2fb8 x [I@408c2fd8/-1/ComponentInfo{com.google.android.apps.maps/com.google.googlenav.appwidget.traffic.TrafficAppWidget}/[I@4078c1f8)
01-13 12:01:45.862 D/CombinedWidgetProvider( 1668): addAppWidget: WidgetSummary(Latitude/APP_WIDGET/[I@40b070b8 x [I@40b070d8/-1/ComponentInfo{com.google.android.apps.maps/com.google.googlenav.appwidget.friends.FriendsAppWidgetProvider}/[I@40b070f8)
01-13 12:01:45.862 D/CombinedWidgetProvider( 1668): addAppWidget: WidgetSummary(Market/APP_WIDGET/[I@408043b0 x [I@408043d0/-1/ComponentInfo{com.android.vending/com.android.vending.MarketWidgetProvider}/[I@408043f0)
01-13 12:01:45.862 D/CombinedWidgetProvider( 1668): addAppWidget: WidgetSummary(Google Search/APP_WIDGET/[I@409e9ee0 x [I@409e9f00/-1/ComponentInfo{com.google.android.googlequicksearchbox/com.google.android.googlequicksearchbox.SearchWidgetProvider}/[I@409e9f20)
01-13 12:01:45.872 D/CombinedWidgetProvider( 1668): addAppWidget: WidgetSummary(Gmail/APP_WIDGET/[I@40a390f0 x [I@40a39110/-1/ComponentInfo{com.google.android.gm/com.google.android.gm.widget.GmailWidgetProvider}/[I@40a39130)
01-13 12:01:45.872 D/CombinedWidgetProvider( 1668): addAppWidget: WidgetSummary(Bookmarks/APP_WIDGET/[I@40d60f18 x [I@4080be00/-1/ComponentInfo{com.android.browser/com.android.browser.widget.BookmarkThumbnailWidgetProvider}/[I@40a0bde0)
01-13 12:01:45.872 D/CombinedWidgetProvider( 1668): -addAppWidget
01-13 12:01:45.872 D/CombinedWidgetProvider( 1668): +addHtcWidgets, cat: -1
01-13 12:01:45.872 D/CombinedWidgetProvider( 1668):  uri: content://com.htc.launcher.widget.htcwidget/htcwidgets?widget_only=true
01-13 12:01:45.872 D/HtcWidgetProvider( 1668): row 1
01-13 12:01:45.882 D/CombinedWidgetProvider( 1668): addHtcWidget: WidgetSummary(Tips for Home/HTC_WIDGET/[I@407b59e8 x [I@407b5fd0/1101/ComponentInfo{com.htc.rosiewidgets.tip/com.htc.rosiewidgets.tip.TipWidgetItem}/[I@407b5ff0)
01-13 12:01:45.882 D/CombinedWidgetProvider( 1668): -addHtcWidgets
01-13 12:01:45.882 D/CombinedWidgetProvider( 1668): +addFxWidgets , provider: null
01-13 12:01:45.882 D/FxWidgetProviderInfoCollector( 1668): getAllStyles + [Ljava.lang.String;@406d1dc8 @ 
01-13 12:01:45.912 D/LauncherApplication( 2644): - LauncherApplication onCreate()
01-13 12:01:45.922 D/FxWidgetProvider( 1668): row 94
01-13 12:01:45.952 D/WidgetScanner( 2644): onReceiveInternal: Intent { act=android.intent.action.PACKAGE_REMOVED dat=package:uk.ac.st_andrews.cs.host.mk74.energymeasurement.microphone flg=0x10000010 cmp=com.htc.launcher/.widget.WidgetScannerService (has extras) }
01-13 12:01:45.952 D/HtcWidgetScanner( 2644): onPackageRemoved: uk.ac.st_andrews.cs.host.mk74.energymeasurement.microphone
01-13 12:01:45.952 D/dalvikvm( 2644): GC_CONCURRENT freed 169K, 4% free 6769K/7047K, paused 1ms+1ms
01-13 12:01:46.032 I/ActivityManager( 1571): Start proc com.htc.recommend for broadcast com.htc.recommend/.receiver.AppInstalledReceiver: pid=2668 uid=10056 gids={2001, 3003}
01-13 12:01:46.042 D/HtcWidgetProvider( 1668): update 0
01-13 12:01:46.052 I/ActivityManager( 1571): No longer want com.htc.ereader (pid 2421): hidden #16
01-13 12:01:46.052 I/ActivityManager( 1571): No longer want com.htc.demoflopackageinstaller (pid 2428): hidden #17
01-13 12:01:46.122 I/ActivityThread( 2668): Pub com.htc.recommend.provider.HTCRecommendCarouselProvider: com.htc.recommend.provider.HTCRecommendCarouselProvider
01-13 12:01:46.132 I/ActivityThread( 2668): Pub com.htc.recommend.provider.HTCRecommendContentProvider: com.htc.recommend.provider.HTCRecommendContentProvider
01-13 12:01:46.142 D/HTC Recommends( 2668): /mnt/sdcard/.LHYGB/CKCL
01-13 12:01:46.152 D/HTC Recommends( 2668): no token file
01-13 12:01:46.152 D/HTC Recommends( 2668): no token file
01-13 12:01:46.152 D/HTC Recommends( 2668): Log settings are 
01-13 12:01:46.152 D/HTC Recommends( 2668): Enable General Log : false
01-13 12:01:46.152 D/HTC Recommends( 2668): Enable Analytic Log : false
01-13 12:01:46.152 D/HTC Recommends( 2668): Enable Normal Log Level (dependent on General Log) : false
01-13 12:01:46.152 D/HTC Recommends( 2668): Enable Critical Log Level (dependent on General Log) : false
01-13 12:01:46.152 D/SqliteDatabaseCpp( 2668): dbopen(): path = /data/data/com.htc.recommend/databases , key = `tgvegkmmejd, flag = 6, file size = 36864
01-13 12:01:46.152 D/SqliteDatabaseCpp( 2668): dbopen(): path = /data/data/com.htc.recommend/databases , key = `tgvegkmmejd, mode: delete, disk free size: 7854 M, handle: 0x15d780
01-13 12:01:46.553 D/FxWidgetScanner( 2644): onPackageRemoved: uk.ac.st_andrews.cs.host.mk74.energymeasurement.microphone
01-13 12:01:46.573 D/FxWidgetScanner( 2644): removeFxWidgetList
01-13 12:01:46.733 D/FxWidgetScanner( 2644): delete 0
01-13 12:01:46.743 D/WidgetScanner( 2644): upadted? false
01-13 12:01:46.783 D/FxWidgetProvider( 1668): row 1
01-13 12:01:46.783 I/ActivityManager( 1571): No longer want com.htc.home.personalize (pid 1867): hidden #16
01-13 12:01:46.793 D/CombinedWidgetProvider( 1668): addFxWidget: WidgetSummary(Watch/FX_WIDGET/[I@408cb900 x [I@408cb920/-2/ComponentInfo{com.htc.widget3d.watch/com.htc.widget3d.watch.WatchProvider}/[I@408cb940)
01-13 12:01:46.793 D/FxWidgetProvider( 1668): row 1
01-13 12:01:46.803 D/CombinedWidgetProvider( 1668): addFxWidget: WidgetSummary(Airplane Mode/FX_WIDGET/[I@408cdca0 x [I@408cdcc0/-2/ComponentInfo{com.htc.htcsettingwidgets/com.htc.htcsettingwidgets.AirplaneWidget}/[I@408cdce0)
01-13 12:01:46.803 D/FxWidgetProvider( 1668): row 1
01-13 12:01:46.823 D/CombinedWidgetProvider( 1668): addFxWidget: WidgetSummary(Bluetooth/FX_WIDGET/[I@408d0190 x [I@408d01b0/-2/ComponentInfo{com.htc.htcsettingwidgets/com.htc.htcsettingwidgets.BTWidget}/[I@408d01d0)
01-13 12:01:46.823 D/FxWidgetProvider( 1668): row 1
01-13 12:01:46.833 D/CombinedWidgetProvider( 1668): addFxWidget: WidgetSummary(GPS/FX_WIDGET/[I@408d2500 x [I@408d2520/-2/ComponentInfo{com.htc.htcsettingwidgets/com.htc.htcsettingwidgets.GPSWidget}/[I@408d2540)
01-13 12:01:46.833 D/FxWidgetProvider( 1668): row 1
01-13 12:01:46.833 D/CombinedWidgetProvider( 1668): addFxWidget: WidgetSummary(Wi-Fi Hotspot/FX_WIDGET/[I@408d4860 x [I@408d4880/-2/ComponentInfo{com.htc.htcsettingwidgets/com.htc.htcsettingwidgets.HotspotWidget}/[I@408d48a0)
01-13 12:01:46.833 D/FxWidgetProvider( 1668): row 1
01-13 12:01:46.843 D/CombinedWidgetProvider( 1668): addFxWidget: WidgetSummary(Mobile Network/FX_WIDGET/[I@408d6d48 x [I@408d6d68/-2/ComponentInfo{com.htc.htcsettingwidgets/com.htc.htcsettingwidgets.MobileNetworkWidget}/[I@408d6d88)
01-13 12:01:46.843 D/FxWidgetProvider( 1668): row 1
01-13 12:01:46.853 D/CombinedWidgetProvider( 1668): addFxWidget: WidgetSummary(Wi-Fi/FX_WIDGET/[I@408d91e0 x [I@408d9200/-2/ComponentInfo{com.htc.htcsettingwidgets/com.htc.htcsettingwidgets.WiFiWidget}/[I@408d9220)
01-13 12:01:46.853 D/FxWidgetProvider( 1668): row 1
01-13 12:01:46.853 D/CombinedWidgetProvider( 1668): addFxWidget: WidgetSummary(Mail/FX_WIDGET/[I@408db550 x [I@408db570/-2/ComponentInfo{com.htc.htcmailwidgets/com.htc.htcmailwidgets.WidgetReceiver}/[I@408db590)
01-13 12:01:46.863 D/FxWidgetProvider( 1668): row 3
01-13 12:01:46.873 I/ActivityThread( 2668): Pub com.htc.recommend.provider.HTCRecommendSuggestionProvider: com.htc.recommend.provider.HTCRecommendSuggestionProvider
01-13 12:01:46.883 D/FxWidgetProviderInfoCollector( 1668): more than one style shared the same component! Return the first one found.
01-13 12:01:46.883 D/CombinedWidgetProvider( 1668): addFxWidget: WidgetSummary(Mail/FX_WIDGET/[I@408dd8b0 x [I@408dd8d0/-2/ComponentInfo{com.htc.htcmailwidgets/com.htc.htcmailwidgets.WidgetReceiver}/[I@408dd8f0)
01-13 12:01:46.883 D/FxWidgetProvider( 1668): row 3
01-13 12:01:46.883 D/FxWidgetProviderInfoCollector( 1668): more than one style shared the same component! Return the first one found.
01-13 12:01:46.893 D/CombinedWidgetProvider( 1668): addFxWidget: WidgetSummary(Mail/FX_WIDGET/[I@4086ccc0 x [I@4086cce0/-2/ComponentInfo{com.htc.htcmailwidgets/com.htc.htcmailwidgets.WidgetReceiver}/[I@4086cd00)
01-13 12:01:46.893 I/ActivityManager( 1571): Start proc com.htc.wdm for broadcast com.htc.wdm/.receiver.HTCDirectReceiver: pid=2676 uid=10070 gids={3003, 2001, 1015}
01-13 12:01:46.903 D/FxWidgetProvider( 1668): row 3
01-13 12:01:46.903 D/FxWidgetProviderInfoCollector( 1668): more than one style shared the same component! Return the first one found.
01-13 12:01:46.903 D/CombinedWidgetProvider( 1668): addFxWidget: WidgetSummary(Mail/FX_WIDGET/[I@4086ee00 x [I@4086ee20/-2/ComponentInfo{com.htc.htcmailwidgets/com.htc.htcmailwidgets.WidgetReceiver}/[I@4086ee40)
01-13 12:01:46.913 D/FxWidgetProvider( 1668): row 3
01-13 12:01:46.913 D/FxWidgetProviderInfoCollector( 1668): more than one style shared the same component! Return the first one found.
01-13 12:01:46.913 D/CombinedWidgetProvider( 1668): addFxWidget: WidgetSummary(Mail/FX_WIDGET/[I@40871398 x [I@408713b8/-2/ComponentInfo{com.htc.htcmailwidgets/com.htc.htcmailwidgets.WidgetReceiver}/[I@408713d8)
01-13 12:01:46.923 D/FxWidgetProvider( 1668): row 3
01-13 12:01:46.923 D/FxWidgetProviderInfoCollector( 1668): more than one style shared the same component! Return the first one found.
01-13 12:01:46.923 D/CombinedWidgetProvider( 1668): addFxWidget: WidgetSummary(Mail/FX_WIDGET/[I@408736d8 x [I@408736f8/-2/ComponentInfo{com.htc.htcmailwidgets/com.htc.htcmailwidgets.WidgetReceiver}/[I@40873718)
01-13 12:01:46.923 D/FxWidgetProvider( 1668): row 3
01-13 12:01:46.923 D/FxWidgetProviderInfoCollector( 1668): more than one style shared the same component! Return the first one found.
01-13 12:01:46.923 D/CombinedWidgetProvider( 1668): addFxWidget: WidgetSummary(Mail/FX_WIDGET/[I@40875860 x [I@40875880/-2/ComponentInfo{com.htc.htcmailwidgets/com.htc.htcmailwidgets.WidgetReceiver}/[I@408758a0)
01-13 12:01:46.933 D/FxWidgetProvider( 1668): row 5
01-13 12:01:46.933 D/FxWidgetProviderInfoCollector( 1668): more than one style shared the same component! Return the first one found.
01-13 12:01:46.933 D/CombinedWidgetProvider( 1668): addFxWidget: WidgetSummary(People/FX_WIDGET/[I@40877970 x [I@40877990/-2/ComponentInfo{com.htc.htccontactwidgets_3d_fusion/com.htc.htccontactwidgets_3d_fusion.WidgetReceiver}/[I@408779b0)
01-13 12:01:46.943 D/FxWidgetProvider( 1668): row 5
01-13 12:01:46.943 D/FxWidgetProviderInfoCollector( 1668): more than one style shared the same component! Return the first one found.
01-13 12:01:46.943 I/ActivityManager( 1571): No longer want com.htc.sdm (pid 2211): hidden #16
01-13 12:01:46.953 D/CombinedWidgetProvider( 1668): addFxWidget: WidgetSummary(People/FX_WIDGET/[I@4087a038 x [I@4087a058/-2/ComponentInfo{com.htc.htccontactwidgets_3d_fusion/com.htc.htccontactwidgets_3d_fusion.WidgetReceiver}/[I@4087a078)
01-13 12:01:46.953 D/FxWidgetProvider( 1668): row 5
01-13 12:01:46.953 D/FxWidgetProviderInfoCollector( 1668): more than one style shared the same component! Return the first one found.
01-13 12:01:46.963 D/CombinedWidgetProvider( 1668): addFxWidget: WidgetSummary(People/FX_WIDGET/[I@4087c4a0 x [I@4087c4c0/-2/ComponentInfo{com.htc.htccontactwidgets_3d_fusion/com.htc.htccontactwidgets_3d_fusion.WidgetReceiver}/[I@4087c4e0)
01-13 12:01:46.963 D/FxWidgetProvider( 1668): row 5
01-13 12:01:46.963 D/FxWidgetProviderInfoCollector( 1668): more than one style shared the same component! Return the first one found.
01-13 12:01:46.963 D/CombinedWidgetProvider( 1668): addFxWidget: WidgetSummary(People/FX_WIDGET/[I@4087e8f0 x [I@4087e910/-2/ComponentInfo{com.htc.htccontactwidgets_3d_fusion/com.htc.htccontactwidgets_3d_fusion.WidgetReceiver}/[I@4087e930)
01-13 12:01:46.963 D/FxWidgetProvider( 1668): row 5
01-13 12:01:46.973 D/FxWidgetProviderInfoCollector( 1668): more than one style shared the same component! Return the first one found.
01-13 12:01:46.973 I/ActivityThread( 2676): Pub com.htc.wdm.provider.HtcDirectCarouselProvider: com.htc.wdm.provider.HtcDirectCarouselProvider
01-13 12:01:46.973 D/CombinedWidgetProvider( 1668): addFxWidget: WidgetSummary(People/FX_WIDGET/[I@40880d40 x [I@40880d60/-2/ComponentInfo{com.htc.htccontactwidgets_3d_fusion/com.htc.htccontactwidgets_3d_fusion.WidgetReceiver}/[I@40880d80)
01-13 12:01:46.973 I/ActivityThread( 2676): Pub com.htc.wdm.status.HtcDirectProvider: com.htc.wdm.status.HtcDirectProvider
01-13 12:01:46.973 D/FxWidgetProvider( 1668): row 1
01-13 12:01:46.983 D/CombinedWidgetProvider( 1668): addFxWidget: WidgetSummary(Calendar/FX_WIDGET/[I@40883210 x [I@40883230/-2/ComponentInfo{com.htc.htccalendarwidgets/com.htc.htccalendarwidgets.WidgetReceiver}/[I@40883250)
01-13 12:01:46.983 D/FxWidgetProvider( 1668): row 3
01-13 12:01:46.993 D/FxWidgetProviderInfoCollector( 1668): more than one style shared the same component! Return the first one found.
01-13 12:01:46.993 D/CombinedWidgetProvider( 1668): addFxWidget: WidgetSummary(Calendar/FX_WIDGET/[I@408856a0 x [I@408856c0/-2/ComponentInfo{com.htc.htccalendarwidgets/com.htc.htccalendarwidgets.WidgetReceiver}/[I@408856e0)
01-13 12:01:46.993 D/HTC Hub ( 2676): /mnt/sdcard/.LHYGB/CKCL
01-13 12:01:46.993 D/FxWidgetProvider( 1668): row 3
01-13 12:01:46.993 D/HTC Hub ( 2676): no token file
01-13 12:01:46.993 D/HTC Hub ( 2676): no token file
01-13 12:01:46.993 D/HTC Hub ( 2676): Log settings are 
01-13 12:01:46.993 D/HTC Hub ( 2676): Enable General Log : false
01-13 12:01:46.993 D/HTC Hub ( 2676): Enable Analytic Log : false
01-13 12:01:46.993 D/HTC Hub ( 2676): Enable Normal Log Level (dependent on General Log) : false
01-13 12:01:46.993 D/HTC Hub ( 2676): Enable Critical Log Level (dependent on General Log) : false
01-13 12:01:46.993 D/FxWidgetProviderInfoCollector( 1668): more than one style shared the same component! Return the first one found.
01-13 12:01:47.003 D/CombinedWidgetProvider( 1668): addFxWidget: WidgetSummary(Calendar/FX_WIDGET/[I@40887b58 x [I@40887b78/-2/ComponentInfo{com.htc.htccalendarwidgets/com.htc.htccalendarwidgets.WidgetReceiver}/[I@40887b98)
01-13 12:01:47.003 D/FxWidgetProvider( 1668): row 3
01-13 12:01:47.003 D/FxWidgetProviderInfoCollector( 1668): more than one style shared the same component! Return the first one found.
01-13 12:01:47.003 I/ActivityManager( 1571): No longer want com.htc.musicenhancer (pid 2446): hidden #16
01-13 12:01:47.013 D/CombinedWidgetProvider( 1668): addFxWidget: WidgetSummary(Calendar/FX_WIDGET/[I@40889de0 x [I@40889e00/-2/ComponentInfo{com.htc.htccalendarwidgets/com.htc.htccalendarwidgets.WidgetReceiver}/[I@40889e20)
01-13 12:01:47.013 D/FxWidgetProvider( 1668): row 1
01-13 12:01:47.013 D/SM:PackageReceiver( 2637): package added: package:uk.ac.st_andrews.cs.host.mk74.energymeasurement.microphone
01-13 12:01:47.023 D/WidgetScanner( 1668): onReceive: Intent { act=android.intent.action.PACKAGE_ADDED dat=package:uk.ac.st_andrews.cs.host.mk74.energymeasurement.microphone flg=0x10000010 cmp=com.htc.launcher/.widget.WidgetScannerTrigger (has extras) }
01-13 12:01:47.023 D/CombinedWidgetProvider( 1668): addFxWidget: WidgetSummary(Calendar/FX_WIDGET/[I@408e55e0 x [I@408e5600/-2/ComponentInfo{com.htc.htccalendarwidgets/com.htc.htccalendarwidgets.WidgetReceiver}/[I@408e5620)
01-13 12:01:47.023 D/FxWidgetProvider( 1668): row 1
01-13 12:01:47.033 I/ActivityManager( 1571): Start proc com.svox.pico for broadcast com.svox.pico/.VoiceDataInstallerReceiver: pid=2685 uid=10031 gids={}
01-13 12:01:47.043 I/RegisterService( 2645): android.intent.action.PACKAGE_ADDED package:uk.ac.st_andrews.cs.host.mk74.energymeasurement.microphone
01-13 12:01:47.043 D/CombinedWidgetProvider( 1668): addFxWidget: WidgetSummary(Bookmarks/FX_WIDGET/[I@408e8e98 x [I@408e8eb8/-2/ComponentInfo{com.htc.fusion.htcbookmarkwidget/com.htc.fusion.htcbookmarkwidget.WidgetReceiver}/[I@408e8ed8)
01-13 12:01:47.043 D/FxWidgetProvider( 1668): row 1
01-13 12:01:47.043 D/WidgetScanner( 2644): onReceiveInternal: Intent { act=android.intent.action.PACKAGE_ADDED dat=package:uk.ac.st_andrews.cs.host.mk74.energymeasurement.microphone flg=0x10000010 cmp=com.htc.launcher/.widget.WidgetScannerService (has extras) }
01-13 12:01:47.043 D/HtcWidgetScanner( 2644): onPackageAdded: uk.ac.st_andrews.cs.host.mk74.energymeasurement.microphone
01-13 12:01:47.073 D/CombinedWidgetProvider( 1668): addFxWidget: WidgetSummary(Bookmarks/FX_WIDGET/[I@408ec440 x [I@408ec460/-2/ComponentInfo{com.htc.fusion.htcbookmarkwidget/com.htc.fusion.htcbookmarkwidget.WidgetReceiver}/[I@408ec480)
01-13 12:01:47.073 D/FxWidgetProvider( 1668): row 1
01-13 12:01:47.073 D/CombinedWidgetProvider( 1668): addFxWidget: WidgetSummary(Messages/FX_WIDGET/[I@408eeb30 x [I@408eeb50/-2/ComponentInfo{com.htc.htcmsgwidgets3d/com.htc.htcmsgwidgets.MsgWidgetProvider}/[I@408eeb70)
01-13 12:01:47.073 D/FxWidgetProvider( 1668): row 1
01-13 12:01:47.083 D/CombinedWidgetProvider( 1668): addFxWidget: WidgetSummary(Messages/FX_WIDGET/[I@408f0e00 x [I@408f0e20/-2/ComponentInfo{com.htc.htcmsgwidgets3d/com.htc.htcmsgwidgets.MsgWidgetProvider}/[I@408f0e40)
01-13 12:01:47.083 D/FxWidgetProvider( 1668): row 1
01-13 12:01:47.093 D/CombinedWidgetProvider( 1668): addFxWidget: WidgetSummary(Messages/FX_WIDGET/[I@408f3188 x [I@408f31a8/-2/ComponentInfo{com.htc.htcmsgwidgets3d/com.htc.htcmsgwidgets.MsgWidgetProvider}/[I@408f31c8)
01-13 12:01:47.093 D/FxWidgetProvider( 1668): row 1
01-13 12:01:47.093 I/ActivityThread( 2685): Pub com.svox.pico.providers.SettingsProvider: com.svox.pico.providers.SettingsProvider
01-13 12:01:47.103 D/CombinedWidgetProvider( 1668): addFxWidget: WidgetSummary(Messages/FX_WIDGET/[I@408f5458 x [I@408f5478/-2/ComponentInfo{com.htc.htcmsgwidgets3d/com.htc.htcmsgwidgets.MsgWidgetProvider}/[I@408f5498)
01-13 12:01:47.103 D/FxWidgetProvider( 1668): row 1
01-13 12:01:47.103 D/vicky   ( 2658): vicky received: android.intent.action.PACKAGE_ADDED
01-13 12:01:47.123 D/CombinedWidgetProvider( 1668): addFxWidget: WidgetSummary(Messages/FX_WIDGET/[I@408f7728 x [I@408f7748/-2/ComponentInfo{com.htc.htcmsgwidgets3d/com.htc.htcmsgwidgets.MsgWidgetProvider}/[I@408f7768)
01-13 12:01:47.123 D/FxWidgetProvider( 1668): row 1
01-13 12:01:47.133 D/CombinedWidgetProvider( 1668): addFxWidget: WidgetSummary(Messages/FX_WIDGET/[I@408f9a18 x [I@408f9a38/-2/ComponentInfo{com.htc.htcmsgwidgets3d/com.htc.htcmsgwidgets.MsgWidgetProvider}/[I@408f9a58)
01-13 12:01:47.133 D/FxWidgetProvider( 1668): row 1
01-13 12:01:47.133 D/GTalkService( 1703): [GTalkService.1] handlePackageInstalled: re-initialize providers
01-13 12:01:47.143 D/GTalkService( 1703): [RawStanzaProvidersMgr] ##### searchProvidersFromIntent
01-13 12:01:47.143 I/ActivityManager( 1571): Start proc com.google.android.partnersetup for broadcast com.google.android.partnersetup/.RlzPingBroadcastReceiver: pid=2693 uid=10081 gids={3003}
01-13 12:01:47.153 D/CombinedWidgetProvider( 1668): addFxWidget: WidgetSummary(Messages/FX_WIDGET/[I@408fbd08 x [I@408fbd28/-2/ComponentInfo{com.htc.htcmsgwidgets3d/com.htc.htcmsgwidgets.MsgWidgetProvider}/[I@408fbd48)
01-13 12:01:47.153 D/FxWidgetProvider( 1668): row 1
01-13 12:01:47.163 D/CombinedWidgetProvider( 1668): addFxWidget: WidgetSummary(Twitter/FX_WIDGET/[I@408fdff8 x [I@408fe018/-2/ComponentInfo{com.htc.Twitter3DWidget/com.htc.Twitter3DWidget.TwitterWidgetProvider}/[I@408fe038)
01-13 12:01:47.173 D/FxWidgetProvider( 1668): row 1
01-13 12:01:47.183 D/CombinedWidgetProvider( 1668): addFxWidget: WidgetSummary(Twitter/FX_WIDGET/[I@40900410 x [I@40900430/-2/ComponentInfo{com.htc.Twitter3DWidget/com.htc.Twitter3DWidget.TwitterWidgetProvider}/[I@40900450)
01-13 12:01:47.193 D/FxWidgetProvider( 1668): row 1
01-13 12:01:47.193 D/CombinedWidgetProvider( 1668): addFxWidget: WidgetSummary(Twitter/FX_WIDGET/[I@40902828 x [I@40902848/-2/ComponentInfo{com.htc.Twitter3DWidget/com.htc.Twitter3DWidget.TwitterWidgetProvider}/[I@40902868)
01-13 12:01:47.203 D/FxWidgetProvider( 1668): row 1
01-13 12:01:47.213 D/CombinedWidgetProvider( 1668): addFxWidget: WidgetSummary(Twitter/FX_WIDGET/[I@40904c40 x [I@40904c60/-2/ComponentInfo{com.htc.Twitter3DWidget/com.htc.Twitter3DWidget.TwitterWidgetProvider}/[I@40904c80)
01-13 12:01:47.213 D/FxWidgetProvider( 1668): row 1
01-13 12:01:47.213 I/ActivityThread( 2693): Pub com.google.android.partnersetup.rlzprovider: com.google.android.partnersetup.RlzProvider
01-13 12:01:47.223 D/CombinedWidgetProvider( 1668): addFxWidget: WidgetSummary(Trends/FX_WIDGET/[I@40907048 x [I@40907068/-2/ComponentInfo{com.htc.Trends3DWidget/com.htc.Trends3DWidget.TrendsWidgetProvider}/[I@40907088)
01-13 12:01:47.223 D/FxWidgetProvider( 1668): row 1
01-13 12:01:47.223 D/PhoneApp( 1658): EVENT_QUERY_MO_PACKAGES
01-13 12:01:47.233 D/CombinedWidgetProvider( 1668): addFxWidget: WidgetSummary(Sync All/FX_WIDGET/[I@40909408 x [I@40909428/-2/ComponentInfo{com.htc.Sync3DWidget/com.htc.Sync3DWidget.SyncWidgetProvider}/[I@40909448)
01-13 12:01:47.233 D/FxWidgetProvider( 1668): row 1
01-13 12:01:47.233 I/ActivityThread( 2693): Pub com.google.android.partnersetup.rlzappprovider: com.google.android.partnersetup.RlzAppProvider
01-13 12:01:47.253 D/dalvikvm( 1668): GC_CONCURRENT freed 1046K, 16% free 11593K/13703K, paused 1ms+4ms
01-13 12:01:47.313 D/HtcWidgetProvider( 1668): row 3
01-13 12:01:47.313 D/CombinedWidgetProvider( 1668): addFxWidget: WidgetSummary(Music/FX_WIDGET/[I@4090b748 x [I@4090b768/-2/ComponentInfo{com.htc.MusicWidget3D/com.htc.MusicWidget3D.MusicWidget3DProvider}/[I@4090b788)
01-13 12:01:47.313 D/FxWidgetProvider( 1668): row 1
01-13 12:01:47.323 D/PhoneApp( 1658): -- N1 =0
01-13 12:01:47.323 D/CombinedWidgetProvider( 1668): addFxWidget: WidgetSummary(Music/FX_WIDGET/[I@40c85b88 x [I@40c84f60/-2/ComponentInfo{com.htc.MusicWidget3D/com.htc.MusicWidget3D.MusicWidget3DProvider}/[I@40c73128)
01-13 12:01:47.333 D/FxWidgetProvider( 1668): row 1
01-13 12:01:47.333 I/ActivityManager( 1571): No longer want com.htc.pen (pid 2122): hidden #16
01-13 12:01:47.343 D/SM:PackageReceiver( 2637): package replaced: package:uk.ac.st_andrews.cs.host.mk74.energymeasurement.microphone
01-13 12:01:47.343 D/CombinedWidgetProvider( 1668): addFxWidget: WidgetSummary(Music/FX_WIDGET/[I@40a3a5e0 x [I@40a39088/-2/ComponentInfo{com.htc.MusicWidget3D/com.htc.MusicWidget3D.MusicWidget3DProvider}/[I@40a33200)
01-13 12:01:47.364 D/FxWidgetProvider( 1668): row 1
01-13 12:01:47.364 D/HtcWidgetScanner( 2644): count(onPackageUpdated) - 3
01-13 12:01:47.364 D/CombinedWidgetProvider( 1668): addFxWidget: WidgetSummary(Friend Stream/FX_WIDGET/[I@40968a90 x [I@40968128/-2/ComponentInfo{com.htc.FriendStream3DWidget/com.htc.FriendStream3DWidget.FriendStreamWidgetProvider}/[I@40967f18)
01-13 12:01:47.364 D/FxWidgetProvider( 1668): row 1
01-13 12:01:47.364 I/ActivityManager( 1571): Start proc com.google.android.apps.maps:FriendService for broadcast com.google.android.apps.maps/com.google.googlenav.friend.android.ServiceReceiver: pid=2700 uid=10046 gids={3003, 1015}
01-13 12:01:47.374 D/CombinedWidgetProvider( 1668): addFxWidget: WidgetSummary(Friend Stream/FX_WIDGET/[I@409192a8 x [I@409165b8/-2/ComponentInfo{com.htc.FriendStream3DWidget/com.htc.FriendStream3DWidget.FriendStreamWidgetProvider}/[I@409151c8)
01-13 12:01:47.374 D/FxWidgetProvider( 1668): row 1
01-13 12:01:47.384 D/CombinedWidgetProvider( 1668): addFxWidget: WidgetSummary(Friend Stream/FX_WIDGET/[I@408ccf10 x [I@408cb5c8/-2/ComponentInfo{com.htc.FriendStream3DWidget/com.htc.FriendStream3DWidget.FriendStreamWidgetProvider}/[I@408cb390)
01-13 12:01:47.384 D/FxWidgetProvider( 1668): row 1
01-13 12:01:47.384 D/FxWidgetScanner( 2644): onPackageAdded: uk.ac.st_andrews.cs.host.mk74.energymeasurement.microphone
01-13 12:01:47.404 D/CombinedWidgetProvider( 1668): addFxWidget: WidgetSummary(Friend Stream/FX_WIDGET/[I@4085dae8 x [I@4085cdf8/-2/ComponentInfo{com.htc.FriendStream3DWidget/com.htc.FriendStream3DWidget.FriendStreamWidgetProvider}/[I@4085b438)
01-13 12:01:47.404 D/FxWidgetProvider( 1668): row 1
01-13 12:01:47.404 D/CombinedWidgetProvider( 1668): addFxWidget: WidgetSummary(Friend Channel/FX_WIDGET/[I@40820aa8 x [I@4081fb40/-2/ComponentInfo{com.htc.FriendStream3DWidget/com.htc.FriendStream3DWidget.FriendStreamWidgetProvider}/[I@4081f9d0)
01-13 12:01:47.414 D/FxWidgetProvider( 1668): row 1
01-13 12:01:47.424 D/CombinedWidgetProvider( 1668): addFxWidget: WidgetSummary(My Shelf/FX_WIDGET/[I@40767488 x [I@40761f68/-2/ComponentInfo{com.htc.ereader.widget3d/com.htc.ereader.widget3d.ereaderwidget3d.SimpleWidgetProvider}/[I@4075f948)
01-13 12:01:47.424 D/FxWidgetProvider( 1668): row 1
01-13 12:01:47.434 D/CombinedWidgetProvider( 1668): addFxWidget: WidgetSummary(Weather/FX_WIDGET/[I@406ed6d8 x [I@406ed5e8/-2/ComponentInfo{com.htc.widget3d.weather/com.htc.widget3d.weather.WeatherWidgetProvider}/[I@406ed560)
01-13 12:01:47.434 D/dalvikvm( 1436): GC_EXPLICIT freed 11K, 5% free 6453K/6787K, paused 1ms+4ms
01-13 12:01:47.434 D/FxWidgetProvider( 1668): row 1
01-13 12:01:47.444 D/CombinedWidgetProvider( 1668): addFxWidget: WidgetSummary(Weather/FX_WIDGET/[I@4097f768 x [I@4097ef38/-2/ComponentInfo{com.htc.widget3d.weather/com.htc.widget3d.weather.WeatherWidgetProvider}/[I@4097e3b0)
01-13 12:01:47.464 D/FxWidgetProvider( 1668): row 1
01-13 12:01:47.464 D/CombinedWidgetProvider( 1668): addFxWidget: WidgetSummary(Weather/FX_WIDGET/[I@408258f8 x [I@408253d8/-2/ComponentInfo{com.htc.widget3d.weather/com.htc.widget3d.weather.WeatherWidgetProvider}/[I@40825290)
01-13 12:01:47.464 D/FxWidgetProvider( 1668): row 1
01-13 12:01:47.474 D/CombinedWidgetProvider( 1668): addFxWidget: WidgetSummary(Screen Timeout/FX_WIDGET/[I@407a24c0 x [I@4079de70/-2/ComponentInfo{com.htc.rosiewidgets.screentimeout/com.htc.rosiewidgets.screentimeout.ScreenTimeoutWidgetProvider}/[I@4079b4d0)
01-13 12:01:47.474 D/FxWidgetProvider( 1668): row 1
01-13 12:01:47.474 D/CombinedWidgetProvider( 1668): addFxWidget: WidgetSummary(Screen Brightness/FX_WIDGET/[I@4073cc00 x [I@4073beb8/-2/ComponentInfo{com.htc.rosiewidgets.screenbrightness/com.htc.rosiewidgets.screenbrightness.ScreenBrightnessWidgetProvider}/[I@407393e8)
01-13 12:01:47.474 D/FxWidgetProvider( 1668): row 1
01-13 12:01:47.494 D/CombinedWidgetProvider( 1668): addFxWidget: WidgetSummary(Notes/FX_WIDGET/[I@40673d68 x [I@40672418/-2/ComponentInfo{com.htc.htcrichnoteswidget3d/com.htc.htcrichnoteswidget3d.NotesWidgetProvider}/[I@4090d330)
01-13 12:01:47.494 D/FxWidgetProvider( 1668): row 1
01-13 12:01:47.504 D/CombinedWidgetProvider( 1668): addFxWidget: WidgetSummary(Notes/FX_WIDGET/[I@4090dc30 x [I@4090dc50/-2/ComponentInfo{com.htc.htcrichnoteswidget3d/com.htc.htcrichnoteswidget3d.NotesWidgetProvider}/[I@4090dc70)
01-13 12:01:47.504 D/FxWidgetProvider( 1668): row 1
01-13 12:01:47.504 D/CombinedWidgetProvider( 1668): addFxWidget: WidgetSummary(HTC Likes/FX_WIDGET/[I@4090e9d0 x [I@4090e9f0/-2/ComponentInfo{com.htc.android.fusion.recommend/com.htc.android.fusion.recommend.RosieIntentReceiver}/[I@4090ea10)
01-13 12:01:47.514 D/dalvikvm( 1436): GC_EXPLICIT freed <1K, 5% free 6453K/6787K, paused 1ms+1ms
01-13 12:01:47.514 D/FxWidgetProvider( 1668): row 1
01-13 12:01:47.524 D/CombinedWidgetProvider( 1668): addFxWidget: WidgetSummary(Profile/FX_WIDGET/[I@4090f8c0 x [I@4090f8e0/-2/ComponentInfo{com.htc.widget.profile/com.htc.widget.profile.HtcWidgetReceiver}/[I@4090f900)
01-13 12:01:47.524 D/FxWidgetProvider( 1668): row 1
01-13 12:01:47.534 D/CombinedWidgetProvider( 1668): addFxWidget: WidgetSummary(Power Dashboard/FX_WIDGET/[I@409108b8 x [I@409108d8/-2/ComponentInfo{com.htc.rosiewidgets.powerstrip/com.htc.rosiewidgets.powerstrip.PowerStripWidgetProvider}/[I@409108f8)
01-13 12:01:47.534 D/FxWidgetProvider( 1668): row 1
01-13 12:01:47.534 D/CombinedWidgetProvider( 1668): addFxWidget: WidgetSummary(Photo Album/FX_WIDGET/[I@40911808 x [I@40911828/-2/ComponentInfo{com.htc.photowidget3d/com.htc.photowidget3d.album.PhotoAlbumWidgetProvider}/[I@40911848)
01-13 12:01:47.544 D/FxWidgetProvider( 1668): row 1
01-13 12:01:47.544 D/CombinedWidgetProvider( 1668): addFxWidget: WidgetSummary(Photo Frame/FX_WIDGET/[I@40912830 x [I@40912850/-2/ComponentInfo{com.htc.photowidget3d/com.htc.photowidget3d.frame.PhotoFrameWidgetProvider}/[I@40912870)
01-13 12:01:47.554 D/FxWidgetProvider( 1668): row 1
01-13 12:01:47.564 D/CombinedWidgetProvider( 1668): addFxWidget: WidgetSummary(Photo Grid/FX_WIDGET/[I@4092efe8 x [I@4092daf8/-2/ComponentInfo{com.htc.rosiewidgets.photogridwidget3d/com.htc.rosiewidgets.photogridwidget3d.PhotoGridWidget3DProvider}/[I@4092db18)
01-13 12:01:47.564 D/FxWidgetProvider( 1668): row 1
01-13 12:01:47.574 D/CombinedWidgetProvider( 1668): addFxWidget: WidgetSummary(Navigate/FX_WIDGET/[I@408860a0 x [I@408860c0/-2/ComponentInfo{com.htc.laputa.widget3d.navigate/com.htc.laputa.widget3d.navigate.NavigateWidgetProvider}/[I@4087ab10)
01-13 12:01:47.574 D/FxWidgetProvider( 1668): row 1
01-13 12:01:47.584 D/CombinedWidgetProvider( 1668): addFxWidget: WidgetSummary(Navigate/FX_WIDGET/[I@407c8df8 x [I@407c8e18/-2/ComponentInfo{com.htc.laputa.widget3d.navigate/com.htc.laputa.widget3d.navigate.NavigateWidgetProvider}/[I@407c8a80)
01-13 12:01:47.584 D/dalvikvm( 1436): GC_EXPLICIT freed <1K, 5% free 6453K/6787K, paused 1ms+15ms
01-13 12:01:47.584 D/FxWidgetProvider( 1668): row 1
01-13 12:01:47.594 D/CombinedWidgetProvider( 1668): addFxWidget: WidgetSummary(Locations/FX_WIDGET/[I@406ec1f0 x [I@406ec210/-2/ComponentInfo{com.htc.laputa.widget3d.locations/com.htc.laputa.widget3d.locations.LocationsWidgetProvider}/[I@406e2b90)
01-13 12:01:47.594 D/FxWidgetProvider( 1668): row 1
01-13 12:01:47.594 D/CombinedWidgetProvider( 1668): addFxWidget: WidgetSummary(News/FX_WIDGET/[I@40883c88 x [I@4087f430/-2/ComponentInfo{com.htc.googlereaderwidget/com.htc.googlereaderwidget.RosieWidgetReceiver}/[I@4087f450)
01-13 12:01:47.594 D/FxWidgetProvider( 1668): row 1
01-13 12:01:47.594 D/CombinedWidgetProvider( 1668): addFxWidget: WidgetSummary(News/FX_WIDGET/[I@4073db90 x [I@407366b0/-2/ComponentInfo{com.htc.googlereaderwidget/com.htc.googlereaderwidget.RosieWidgetReceiver}/[I@407366d0)
01-13 12:01:47.604 D/FxWidgetProvider( 1668): row 1
01-13 12:01:47.614 D/CombinedWidgetProvider( 1668): addFxWidget: WidgetSummary(Data Dashboard/FX_WIDGET/[I@408e0730 x [I@408e0750/-2/ComponentInfo{com.htc.rosiewidgets.datastrip/com.htc.rosiewidgets.datastrip.DataStripWidgetProvider}/[I@40862998)
01-13 12:01:47.614 D/FxWidgetProvider( 1668): row 1
01-13 12:01:47.624 D/CombinedWidgetProvider( 1668): addFxWidget: WidgetSummary(Data Roaming/FX_WIDGET/[I@406fef50 x [I@406fef70/-2/ComponentInfo{com.htc.rosiewidgets.dataroaming/com.htc.rosiewidgets.dataroaming.WidgetProvider}/[I@406fef90)
01-13 12:01:47.624 D/FxWidgetProvider( 1668): row 1
