01-14 11:06:56.617 D/GpsLocationProvider( 1574): + synchronized updateNetworkState  info: NetworkInfo: type: USBNET[], state: DISCONNECTED/DISCONNECTED, reason: (unspecified), extra: 0, roaming: false, failover: false, isAvailable: false, isIpv4Connected: false, isIpv6Connected: false
01-14 11:06:56.617 D/GpsLocationProvider( 1574): [shen] debug
01-14 11:06:56.617 D/LocationManagerService( 1574): CONNECTIVITY_ACTION: synchronized-
01-14 11:06:56.627 D/GpsLocationProvider( 1574): [handleMessage] message :4
01-14 11:06:56.627 D/GpsLocationProvider( 1574): [handleMessage] UPDATE_NETWORK_STATE
01-14 11:06:56.627 D/GpsLocationProvider( 1574): updateNetworkState unavailable info: NetworkInfo: type: USBNET[], state: DISCONNECTED/DISCONNECTED, reason: (unspecified), extra: 0, roaming: false, failover: false, isAvailable: false, isIpv4Connected: false, isIpv6Connected: false
01-14 11:06:56.647 D/dalvikvm( 3582): GC_CONCURRENT freed 326K, 6% free 6633K/7047K, paused 1ms+2ms
01-14 11:06:56.667 I/ActivityManager( 1574): Start proc com.htc.bg for broadcast com.htc.providers.uploads/.UploadReceiver: pid=3590 uid=10013 gids={2001, 3003, 1006, 1015}
01-14 11:06:56.687 I/ActivityManager( 1574): No longer want com.svox.pico (pid 3462): hidden #16
01-14 11:06:56.707 I/ActivityThread( 3590): Pub com.htc.socialnetwork.flickr.provider.StreamProvider: com.htc.socialnetwork.flickr.provider.FlickrStreamProvider
01-14 11:06:56.717 I/ActivityThread( 3590): Pub com.htc.accounts: com.htc.CustomizationSetup.AccountsProvider
01-14 11:06:56.717 I/ActivityThread( 3590): Pub com.htc.htctwitter.Users: com.htc.htctwitter.FriendProvider
01-14 11:06:56.737 I/ActivityThread( 3590): Pub com.htc.opensense.snprovider: com.htc.opensense.snprovider.SocialNetworkProvider
01-14 11:06:56.737 D/SocialNetworkProvider( 3590): onCreate
01-14 11:06:56.737 I/ActivityThread( 3590): Pub com.htc.socialnetwork.flickr.provider.CacheImageProvider: com.htc.socialnetwork.flickr.provider.FlickrCacheImageProvider
01-14 11:06:56.737 I/ActivityThread( 3590): Pub com.htc.friendstream.provider.FriendStreamProvider: com.htc.friendstream.provider.FriendStreamProvider
01-14 11:06:56.757 I/ActivityThread( 3590): Pub com.htc.chirp.provider.Tweet;com.htc.htctwitter: com.htc.htctwitter.TwitterProvider
01-14 11:06:56.767 I/ActivityThread( 3590): Pub com.htc.provider.settings: com.htc.provider.settings.NotificationFlashLightProvider
01-14 11:06:56.767 I/ActivityThread( 3590): Pub com.htc.settings.accountsync.SYNC: com.htc.opensense.syncprovider.SyncProvider
01-14 11:06:56.767 D/SyncProvider( 3590): onCreate
01-14 11:06:56.767 I/ActivityThread( 3590): Pub com.htc.providers.uploads: com.htc.providers.uploads.UploadProvider
01-14 11:06:56.767 D/UploadProvider( 3590): UploadProvider is running
01-14 11:06:56.767 I/ActivityThread( 3590): Pub com.htc.cachemanager: com.htc.opensense.cachemanager.CacheProvider
01-14 11:06:56.767 I/ActivityThread( 3590): Pub com.htc.socialnetwork.facebook.provider.CacheImageProvider: com.htc.socialnetwork.facebook.provider.FacebookCacheImageProvider
01-14 11:06:56.777 I/ActivityThread( 3590): Pub com.htc.htctwitter.provider.CacheImageProvider: com.htc.htctwitter.provider.TwitterCacheImageProvider
01-14 11:06:56.777 I/ActivityThread( 3590): Pub com.htc.socialnetwork.facebook: com.htc.socialnetwork.facebook.FacebookDB
01-14 11:06:56.787 D/UploadReceiver( 3590): Action android.net.conn.CONNECTIVITY_CHANGE
01-14 11:06:56.797 I/ActivityManager( 1574): Start proc com.htc.reportagent for broadcast com.htc.reportagent/.receiver.ReportAgentReceiver: pid=3600 uid=10038 gids={3003, 1007}
01-14 11:06:56.807 V/UploadReceiver( 3590): Receiver onConnectivity
01-14 11:06:56.817 I/ActivityManager( 1574): No longer want com.htc.cs (pid 3394): hidden #16
01-14 11:06:56.837 I/MyReportAgent( 3600): ReportAgentReceiver [onReceive] android.net.conn.CONNECTIVITY_CHANGE
01-14 11:06:56.847 D/MyHTC   ( 3128): PoweronReceiver.onReceive(): intent=android.net.conn.CONNECTIVITY_CHANGE
01-14 11:06:56.847 I/ActivityManager( 1574): No longer want com.android.vending (pid 3404): hidden #16
01-14 11:06:56.857 I/ActivityManager( 1574): Start proc com.google.android.apps.uploader for broadcast com.google.android.apps.uploader/.ConnectivityBroadcastReceiver: pid=3609 uid=10043 gids={3003}
01-14 11:06:56.887 V/MyReportAgent( 3600): ReportAgentReceiver Recv Intent: Intent { act=android.net.conn.CONNECTIVITY_CHANGE flg=0x10000010 cmp=com.htc.reportagent/.receiver.ReportAgentReceiver (has extras) }
01-14 11:06:56.887 D/MyReportAgent( 3600): android.net.conn.CONNECTIVITY_CHANGE
01-14 11:06:56.897 D/MyReportAgent( 3600): ReportService [##] onCreate(), this = com.htc.reportagent.ReportService@40681958
01-14 11:06:56.897 I/ActivityThread( 3609): Pub com.google.android.apps.uploader: com.google.android.apps.uploader.UploadsContentProvider
01-14 11:06:56.897 I/ActivityThread( 3609): Pub com.google.photos.provider.Album: com.google.android.apps.uploader.clients.picasa.AlbumProvider
01-14 11:06:56.907 D/MediaUploader( 3609): UploaderApplication.onCreate
01-14 11:06:56.907 D/MyReportAgent( 3600): ReportService [##] onStartCommand(), flags = 2, startId = 1, intent = Intent { act=android.net.conn.CONNECTIVITY_CHANGE flg=0x10000010 cmp=com.htc.reportagent/.ReportService (has extras) }, this = com.htc.reportagent.ReportService@40681958
01-14 11:06:56.917 D/MediaUploader( 3609): nonWifiLimit=20971520, default=20971520
01-14 11:06:56.917 I/MediaUploader( 3609): No need to wake up
01-14 11:06:56.927 I/ActivityManager( 1574): Start proc com.htc.notes:NotesService for broadcast com.htc.notes/.provider.notes.NotesReceiver: pid=3623 uid=9996 gids={3003, 1015, 1006, 2001}
01-14 11:06:56.978 I/ActivityManager( 1574): Start proc com.htc.htcMessageUploader for broadcast com.htc.htcMessageUploader/.UploadMessageReceiver: pid=3630 uid=10060 gids={3003}
01-14 11:06:56.978 D/CSUtil  ( 3128): serverTime = 1384024829838
01-14 11:06:56.998 D/CSUtil  ( 3128): serverTime = 47306
01-14 11:06:57.008 I/ActivityManager( 1574): No longer want com.htc.recommend (pid 3426): hidden #16
01-14 11:06:57.018 D/dalvikvm( 1439): GC_EXPLICIT freed 12K, 5% free 6453K/6787K, paused 1ms+2ms
01-14 11:06:57.028 V/htcMessageUploader( 3630): [UploadMessageReceiver] UploadMessageReceiver() constructor !!!
01-14 11:06:57.028 I/htcMessageUploader( 3630): Start thread to upload fota event message:com.htc.htcMessageUploader.UploadMessageReceiver
01-14 11:06:57.028 D/htcMessageUploader( 3630): Total time in main thread:3 milli-seconds
01-14 11:06:57.038 D/htcMessageUploader( 3630): Get CONNECTIVITY_ACTION intent 
01-14 11:06:57.038 I/htcMessageUploader( 3630): == UploadMessageReceiver finished ==
01-14 11:06:57.038 D/Socket_Alarm( 3630): registerHTCSocketMonitorCallBack
01-14 11:06:57.038 D/Socket_Alarm( 3630): set mSocketMonitor
01-14 11:06:57.038 D/Socket_Alarm( 3630): HTCSocketMonitorImpl::HTCSocketMonitorImpl
01-14 11:06:57.048 D/dalvikvm( 1439): GC_EXPLICIT freed <1K, 5% free 6453K/6787K, paused 2ms+1ms
01-14 11:06:57.068 D/dalvikvm( 1439): GC_EXPLICIT freed <1K, 5% free 6453K/6787K, paused 1ms+1ms
01-14 11:06:57.068 D/CSUtil  ( 3128): curGMTTime = 40017083
01-14 11:06:57.078 I/ActivityManager( 1574): No longer want com.google.android.partnersetup (pid 3490): hidden #16
01-14 11:06:57.108 D/AutoSetting( 3074): receiver - intent: android.net.conn.CONNECTIVITY_CHANGE
01-14 11:06:57.118 D/UPolicy ( 3600): IUserBehaviorLoggingService reference is gotten !
01-14 11:06:57.118 D/dalvikvm( 3590): GC_CONCURRENT freed 181K, 5% free 6718K/7047K, paused 1ms+49ms
01-14 11:06:57.118 D/AutoSetting( 3074): receiver - NetworkInfo: type: USBNET[], state: DISCONNECTED/DISCONNECTED, reason: (unspecified), extra: 0, roaming: false, failover: false, isAvailable: false, isIpv4Connected: false, isIpv6Connected: false
01-14 11:06:57.118 W/TelephonyManager( 1718): Hidden constructor called more than once per process!
01-14 11:06:57.128 D/AutoSetting( 3074): Util - no network available!
01-14 11:06:57.128 D/AutoSetting( 3074): service - onStartCommand() action: com.htc.app.autosetting.cancellocationupdate
01-14 11:06:57.128 D/AutoSetting( 3074): service - mHandler: cancel location update
01-14 11:06:57.128 D/AutoSetting( 3074): service -           changes count: 0
01-14 11:06:57.128 W/TelephonyManager( 1718): Original: com.google.android.gsf, new: com.google.android.gsf
01-14 11:06:57.148 W/ContentService( 1574): binderDied() at ObserverNode name com.google.android.gsf.gservices
01-14 11:06:57.208 I/System.out( 3479): Empty value
01-14 11:06:58.219 I/System.out( 3479): Empty value
01-14 11:06:59.220 I/System.out( 3479): Empty value
01-14 11:07:00.221 I/System.out( 3479): Empty value
01-14 11:07:01.222 I/System.out( 3479): Empty value
01-14 11:07:02.163 D/MyReportAgent( 3600): ReportService [##] onDestroy(), this =com.htc.reportagent.ReportService@40681958
01-14 11:07:02.173 D/MyReportAgent( 3600): ReportServiceHandler [##] call stopSelfResult() startId = 1, reurn true
01-14 11:07:02.173 I/ActivityManager( 1574): No longer want com.android.smith (pid 3373): hidden #16
01-14 11:07:02.213 I/System.out( 3479): Empty value
01-14 11:07:03.214 I/System.out( 3479): Empty value
01-14 11:07:04.225 I/System.out( 3479): Empty value
01-14 11:07:05.125 D/dalvikvm( 1675): GC_EXPLICIT freed 1839K, 29% free 10285K/14407K, paused 8ms+3ms
01-14 11:07:05.226 I/System.out( 3479): Empty value
01-14 11:07:06.227 I/System.out( 3479): Empty value
01-14 11:07:07.218 I/System.out( 3479): Empty value
01-14 11:07:08.228 I/System.out( 3479): Empty value
01-14 11:07:09.229 I/System.out( 3479): Empty value
01-14 11:07:10.130 D/dalvikvm( 3091): GC_EXPLICIT freed 167K, 10% free 6619K/7303K, paused 6ms+1ms
01-14 11:07:10.230 I/System.out( 3479): Empty value
01-14 11:07:11.231 I/System.out( 3479): Empty value
01-14 11:07:12.232 I/System.out( 3479): Empty value
01-14 11:07:13.233 I/System.out( 3479): Empty value
01-14 11:07:14.234 I/System.out( 3479): Empty value
01-14 11:07:15.135 D/dalvikvm( 3129): GC_EXPLICIT freed 307K, 10% free 8759K/9671K, paused 5ms+1ms
01-14 11:07:15.235 I/System.out( 3479): Empty value
01-14 11:07:16.236 I/System.out( 3479): Empty value
01-14 11:07:17.237 I/System.out( 3479): Empty value
01-14 11:07:18.238 I/System.out( 3479): Empty value
01-14 11:07:19.239 I/System.out( 3479): Empty value
01-14 11:07:20.240 I/System.out( 3479): Empty value
01-14 11:07:21.241 I/System.out( 3479): Empty value
01-14 11:07:22.242 I/System.out( 3479): Empty value
01-14 11:07:23.243 I/System.out( 3479): Empty value
01-14 11:07:24.244 I/System.out( 3479): Empty value
01-14 11:07:24.494 D/UsbnetService( 1574): BroadcastReceiver::onReceive+
01-14 11:07:24.494 D/UsbnetService( 1574): onReceive BATTERY_CHANGED
01-14 11:07:24.494 D/UsbnetService( 1574):  --> pluggedType = 0, mPluggedType = 0, mScreenOff = false
01-14 11:07:24.504 D/UsbnetService( 1574): BroadcastReceiver::onReceive-
01-14 11:07:24.504 D/NotificationService( 1574): mIntentReceiver() Intent.ACTION_BATTERY_CHANGED
01-14 11:07:24.514 D/BatteryService( 1574): SendIntentforPowersaver
01-14 11:07:24.514 D/BatteryService( 1574): Current powersaver status == NORMAL_STATUS1 4 2 false
01-14 11:07:24.514 D/PowerUI ( 1646): plugged = false, health = 2, mBatteryLevel = 100, mPluggedBatteryLevel = 97, mLowBatteryWarningLevel2 = 25, mshowLowChargingWarning2 = true
01-14 11:07:24.524 D/RemoveMe( 1663): DCT got intent android.intent.action.BATTERY_CHANGED
01-14 11:07:24.534 D/RemoveMe( 1663): DCT got intent android.intent.action.BATTERY_CHANGED
01-14 11:07:24.544 D/RemoveMe( 1663): DCT got intent android.intent.action.BATTERY_CHANGED
01-14 11:07:25.245 I/System.out( 3479): Empty value
01-14 11:07:26.246 I/System.out( 3479): Empty value
01-14 11:07:27.247 I/System.out( 3479): Empty value
01-14 11:07:28.248 I/System.out( 3479): Empty value
01-14 11:07:29.249 I/System.out( 3479): Empty value
01-14 11:07:30.250 I/System.out( 3479): Empty value
01-14 11:07:31.251 I/System.out( 3479): Empty value
01-14 11:07:32.252 I/System.out( 3479): Empty value
01-14 11:07:33.253 I/System.out( 3479): Empty value
01-14 11:07:34.254 I/System.out( 3479): Empty value
01-14 11:07:35.255 I/System.out( 3479): Empty value
01-14 11:07:36.256 I/System.out( 3479): Empty value
01-14 11:07:37.257 I/System.out( 3479): Empty value
01-14 11:07:38.248 I/System.out( 3479): Empty value
01-14 11:07:39.249 I/System.out( 3479): Empty value
01-14 11:07:40.250 I/System.out( 3479): Empty value
01-14 11:07:41.251 I/System.out( 3479): Empty value
01-14 11:07:42.252 I/System.out( 3479): Empty value
01-14 11:07:43.253 I/System.out( 3479): Empty value
01-14 11:07:44.254 I/System.out( 3479): Empty value
01-14 11:07:45.255 I/System.out( 3479): Empty value
01-14 11:07:46.256 I/System.out( 3479): Empty value
01-14 11:07:47.257 I/System.out( 3479): Empty value
01-14 11:07:48.258 I/System.out( 3479): Empty value
01-14 11:07:49.259 I/System.out( 3479): Empty value
01-14 11:07:50.259 I/System.out( 3479): Empty value
01-14 11:07:51.260 I/System.out( 3479): Empty value
01-14 11:07:52.261 I/System.out( 3479): Empty value
01-14 11:07:53.272 I/System.out( 3479): Empty value
01-14 11:07:54.273 I/System.out( 3479): Empty value
01-14 11:07:54.684 D/UsbnetService( 1574): BroadcastReceiver::onReceive+
01-14 11:07:54.684 D/UsbnetService( 1574): onReceive BATTERY_CHANGED
01-14 11:07:54.684 D/UsbnetService( 1574):  --> pluggedType = 0, mPluggedType = 0, mScreenOff = false
01-14 11:07:54.684 D/UsbnetService( 1574): BroadcastReceiver::onReceive-
01-14 11:07:54.684 D/NotificationService( 1574): mIntentReceiver() Intent.ACTION_BATTERY_CHANGED
01-14 11:07:54.694 D/BatteryService( 1574): SendIntentforPowersaver
01-14 11:07:54.704 D/BatteryService( 1574): Current powersaver status == NORMAL_STATUS1 4 2 false
01-14 11:07:54.704 D/PowerUI ( 1646): plugged = false, health = 2, mBatteryLevel = 100, mPluggedBatteryLevel = 97, mLowBatteryWarningLevel2 = 25, mshowLowChargingWarning2 = true
01-14 11:07:54.714 D/RemoveMe( 1663): DCT got intent android.intent.action.BATTERY_CHANGED
01-14 11:07:54.724 D/RemoveMe( 1663): DCT got intent android.intent.action.BATTERY_CHANGED
01-14 11:07:54.724 D/RemoveMe( 1663): DCT got intent android.intent.action.BATTERY_CHANGED
01-14 11:07:55.274 I/System.out( 3479): Empty value
01-14 11:07:56.275 I/System.out( 3479): Empty value
01-14 11:07:57.276 I/System.out( 3479): Empty value
01-14 11:07:58.277 I/System.out( 3479): Empty value
01-14 11:07:59.278 I/System.out( 3479): Empty value
01-14 11:08:00.279 I/System.out( 3479): Empty value
01-14 11:08:01.280 I/System.out( 3479): Empty value
01-14 11:08:02.281 I/System.out( 3479): Empty value
01-14 11:08:03.282 I/System.out( 3479): Empty value
01-14 11:08:04.283 I/System.out( 3479): Empty value
01-14 11:08:05.284 I/System.out( 3479): Empty value
01-14 11:08:06.285 I/System.out( 3479): Empty value
01-14 11:08:07.286 I/System.out( 3479): Empty value
01-14 11:08:08.287 I/System.out( 3479): Empty value
01-14 11:08:09.288 I/System.out( 3479): Empty value
01-14 11:08:10.289 I/System.out( 3479): Empty value
01-14 11:08:11.290 I/System.out( 3479): Empty value
01-14 11:08:12.291 I/System.out( 3479): Empty value
01-14 11:08:13.292 I/System.out( 3479): Empty value
01-14 11:08:14.293 I/System.out( 3479): Empty value
01-14 11:08:15.294 I/System.out( 3479): Empty value
01-14 11:08:16.295 I/System.out( 3479): Empty value
01-14 11:08:17.296 I/System.out( 3479): Empty value
01-14 11:08:18.297 I/System.out( 3479): Empty value
01-14 11:08:19.298 I/System.out( 3479): Empty value
01-14 11:08:20.299 I/System.out( 3479): Empty value
01-14 11:08:21.300 I/System.out( 3479): Empty value
01-14 11:08:22.301 I/System.out( 3479): Empty value
01-14 11:08:23.302 I/System.out( 3479): Empty value
01-14 11:08:24.303 I/System.out( 3479): Empty value
01-14 11:08:24.713 D/UsbnetService( 1574): BroadcastReceiver::onReceive+
01-14 11:08:24.713 D/UsbnetService( 1574): onReceive BATTERY_CHANGED
01-14 11:08:24.713 D/UsbnetService( 1574):  --> pluggedType = 0, mPluggedType = 0, mScreenOff = false
01-14 11:08:24.713 D/UsbnetService( 1574): BroadcastReceiver::onReceive-
01-14 11:08:24.713 D/NotificationService( 1574): mIntentReceiver() Intent.ACTION_BATTERY_CHANGED
01-14 11:08:24.733 D/BatteryService( 1574): SendIntentforPowersaver
01-14 11:08:24.733 D/BatteryService( 1574): Current powersaver status == NORMAL_STATUS1 4 2 false
01-14 11:08:24.733 D/RemoveMe( 1663): DCT got intent android.intent.action.BATTERY_CHANGED
01-14 11:08:24.733 D/PowerUI ( 1646): plugged = false, health = 2, mBatteryLevel = 100, mPluggedBatteryLevel = 97, mLowBatteryWarningLevel2 = 25, mshowLowChargingWarning2 = true
01-14 11:08:24.753 D/RemoveMe( 1663): DCT got intent android.intent.action.BATTERY_CHANGED
01-14 11:08:24.753 D/RemoveMe( 1663): DCT got intent android.intent.action.BATTERY_CHANGED
01-14 11:08:25.314 I/System.out( 3479): Empty value
01-14 11:08:26.315 I/System.out( 3479): Empty value
01-14 11:08:27.316 I/System.out( 3479): Empty value
01-14 11:08:28.317 I/System.out( 3479): Empty value
01-14 11:08:29.318 I/System.out( 3479): Empty value
01-14 11:08:30.319 I/System.out( 3479): Empty value
01-14 11:08:31.320 I/System.out( 3479): Empty value
01-14 11:08:32.321 I/System.out( 3479): Empty value
01-14 11:08:33.322 I/System.out( 3479): Empty value
01-14 11:08:34.322 I/System.out( 3479): Empty value
01-14 11:08:35.323 I/System.out( 3479): Empty value
01-14 11:08:36.324 I/System.out( 3479): Empty value
01-14 11:08:37.325 I/System.out( 3479): Empty value
01-14 11:08:38.326 I/System.out( 3479): Empty value
01-14 11:08:39.327 I/System.out( 3479): Empty value
01-14 11:08:40.328 I/System.out( 3479): Empty value
01-14 11:08:41.329 I/System.out( 3479): Empty value
01-14 11:08:42.330 I/System.out( 3479): Empty value
01-14 11:08:43.331 I/System.out( 3479): Empty value
01-14 11:08:44.332 I/System.out( 3479): Empty value
01-14 11:08:45.333 I/System.out( 3479): Empty value
01-14 11:08:46.334 I/System.out( 3479): Empty value
01-14 11:08:47.335 I/System.out( 3479): Empty value
01-14 11:08:48.336 I/System.out( 3479): Empty value
01-14 11:08:49.337 I/System.out( 3479): Empty value
01-14 11:08:50.338 I/System.out( 3479): Empty value
01-14 11:08:51.339 I/System.out( 3479): Empty value
01-14 11:08:52.350 I/System.out( 3479): Empty value
01-14 11:08:53.341 I/System.out( 3479): Empty value
01-14 11:08:54.342 I/System.out( 3479): Empty value
01-14 11:08:54.742 D/UsbnetService( 1574): BroadcastReceiver::onReceive+
01-14 11:08:54.742 D/UsbnetService( 1574): onReceive BATTERY_CHANGED
01-14 11:08:54.742 D/UsbnetService( 1574):  --> pluggedType = 0, mPluggedType = 0, mScreenOff = false
01-14 11:08:54.752 D/UsbnetService( 1574): BroadcastReceiver::onReceive-
01-14 11:08:54.752 D/NotificationService( 1574): mIntentReceiver() Intent.ACTION_BATTERY_CHANGED
01-14 11:08:54.762 D/BatteryService( 1574): SendIntentforPowersaver
01-14 11:08:54.772 D/BatteryService( 1574): Current powersaver status == NORMAL_STATUS1 4 2 false
01-14 11:08:54.772 D/RemoveMe( 1663): DCT got intent android.intent.action.BATTERY_CHANGED
01-14 11:08:54.772 D/PowerUI ( 1646): plugged = false, health = 2, mBatteryLevel = 100, mPluggedBatteryLevel = 97, mLowBatteryWarningLevel2 = 25, mshowLowChargingWarning2 = true
01-14 11:08:54.782 D/RemoveMe( 1663): DCT got intent android.intent.action.BATTERY_CHANGED
01-14 11:08:54.782 D/RemoveMe( 1663): DCT got intent android.intent.action.BATTERY_CHANGED
01-14 11:08:55.353 I/System.out( 3479): Empty value
01-14 11:08:56.344 I/System.out( 3479): Empty value
01-14 11:08:57.345 I/System.out( 3479): Empty value
01-14 11:08:58.346 I/System.out( 3479): Empty value
01-14 11:08:59.347 I/System.out( 3479): Empty value
01-14 11:09:00.358 I/System.out( 3479): Empty value
01-14 11:09:01.359 I/System.out( 3479): Empty value
01-14 11:09:02.350 I/System.out( 3479): Empty value
01-14 11:09:03.361 I/System.out( 3479): Empty value
01-14 11:09:04.362 I/System.out( 3479): Empty value
01-14 11:09:05.093 D/dalvikvm( 1675): GC_EXPLICIT freed 10K, 29% free 10277K/14407K, paused 8ms+3ms
01-14 11:09:05.363 I/System.out( 3479): Empty value
01-14 11:09:06.364 I/System.out( 3479): Empty value
01-14 11:09:07.365 I/System.out( 3479): Empty value
01-14 11:09:08.366 I/System.out( 3479): Empty value
01-14 11:09:09.367 I/System.out( 3479): Empty value
01-14 11:09:10.368 I/System.out( 3479): Empty value
01-14 11:09:11.369 I/System.out( 3479): Empty value
01-14 11:09:12.370 I/System.out( 3479): Empty value
01-14 11:09:13.371 I/System.out( 3479): Empty value
01-14 11:09:14.372 I/System.out( 3479): Empty value
01-14 11:09:15.373 I/System.out( 3479): Empty value
01-14 11:09:16.374 I/System.out( 3479): Empty value
01-14 11:09:17.374 I/System.out( 3479): Empty value
01-14 11:09:18.375 I/System.out( 3479): Empty value
01-14 11:09:19.376 I/System.out( 3479): Empty value
01-14 11:09:20.377 I/System.out( 3479): Empty value
01-14 11:09:21.378 I/System.out( 3479): Empty value
01-14 11:09:22.379 I/System.out( 3479): Empty value
01-14 11:09:23.380 I/System.out( 3479): Empty value
01-14 11:09:24.381 I/System.out( 3479): Empty value
01-14 11:09:25.392 I/System.out( 3479): Empty value
01-14 11:09:26.393 I/System.out( 3479): Empty value
01-14 11:09:27.394 I/System.out( 3479): Empty value
01-14 11:09:28.395 I/System.out( 3479): Empty value
01-14 11:09:29.396 I/System.out( 3479): Empty value
01-14 11:09:30.397 I/System.out( 3479): Empty value
01-14 11:09:31.398 I/System.out( 3479): Empty value
01-14 11:09:32.399 I/System.out( 3479): Empty value
01-14 11:09:33.400 I/System.out( 3479): Empty value
01-14 11:09:34.401 I/System.out( 3479): Empty value
01-14 11:09:35.402 I/System.out( 3479): Empty value
01-14 11:09:36.403 I/System.out( 3479): Empty value
01-14 11:09:36.483 D/dalvikvm( 3479): GC_CONCURRENT freed 344K, 7% free 6547K/6983K, paused 5ms+5ms
01-14 11:09:37.404 I/System.out( 3479): Empty value
01-14 11:09:38.395 I/System.out( 3479): Empty value
01-14 11:09:39.396 I/System.out( 3479): Empty value
01-14 11:09:40.397 I/System.out( 3479): Empty value
01-14 11:09:41.398 I/System.out( 3479): Empty value
01-14 11:09:42.399 I/System.out( 3479): Empty value
01-14 11:09:43.400 I/System.out( 3479): Empty value
01-14 11:09:44.401 I/System.out( 3479): Empty value
01-14 11:09:45.402 I/System.out( 3479): Empty value
01-14 11:09:46.403 I/System.out( 3479): Empty value
01-14 11:09:47.404 I/System.out( 3479): Empty value
01-14 11:09:48.405 I/System.out( 3479): Empty value
01-14 11:09:49.396 I/System.out( 3479): Empty value
01-14 11:09:50.397 I/System.out( 3479): Empty value
01-14 11:09:51.398 I/System.out( 3479): Empty value
01-14 11:09:52.399 I/System.out( 3479): Empty value
01-14 11:09:53.400 I/System.out( 3479): Empty value
01-14 11:09:54.401 I/System.out( 3479): Empty value
01-14 11:09:54.811 D/UsbnetService( 1574): BroadcastReceiver::onReceive+
01-14 11:09:54.811 D/UsbnetService( 1574): onReceive BATTERY_CHANGED
01-14 11:09:54.811 D/UsbnetService( 1574):  --> pluggedType = 0, mPluggedType = 0, mScreenOff = false
01-14 11:09:54.811 D/UsbnetService( 1574): BroadcastReceiver::onReceive-
01-14 11:09:54.811 D/NotificationService( 1574): mIntentReceiver() Intent.ACTION_BATTERY_CHANGED
01-14 11:09:54.831 D/BatteryService( 1574): SendIntentforPowersaver
01-14 11:09:54.831 D/BatteryService( 1574): Current powersaver status == NORMAL_STATUS1 4 2 false
01-14 11:09:54.841 D/RemoveMe( 1663): DCT got intent android.intent.action.BATTERY_CHANGED
01-14 11:09:54.851 D/RemoveMe( 1663): DCT got intent android.intent.action.BATTERY_CHANGED
01-14 11:09:54.851 D/RemoveMe( 1663): DCT got intent android.intent.action.BATTERY_CHANGED
01-14 11:09:54.851 D/PowerUI ( 1646): plugged = false, health = 2, mBatteryLevel = 100, mPluggedBatteryLevel = 97, mLowBatteryWarningLevel2 = 25, mshowLowChargingWarning2 = true
01-14 11:09:55.402 I/System.out( 3479): Empty value
01-14 11:09:56.403 I/System.out( 3479): Empty value
01-14 11:09:57.404 I/System.out( 3479): Empty value
01-14 11:09:58.405 I/System.out( 3479): Empty value
01-14 11:09:59.395 I/System.out( 3479): Empty value
01-14 11:10:00.396 I/System.out( 3479): Empty value
01-14 11:10:01.397 I/System.out( 3479): Empty value
01-14 11:10:02.398 I/System.out( 3479): Empty value
01-14 11:10:03.399 I/System.out( 3479): Empty value
01-14 11:10:04.400 I/System.out( 3479): Empty value
01-14 11:10:05.401 I/System.out( 3479): Empty value
01-14 11:10:06.402 I/System.out( 3479): Empty value
01-14 11:10:07.403 I/System.out( 3479): Empty value
01-14 11:10:08.404 I/System.out( 3479): Empty value
01-14 11:10:09.395 I/System.out( 3479): Empty value
01-14 11:10:10.396 I/System.out( 3479): Empty value
01-14 11:10:11.397 I/System.out( 3479): Empty value
01-14 11:10:12.398 I/System.out( 3479): Empty value
01-14 11:10:13.399 I/System.out( 3479): Empty value
01-14 11:10:14.400 I/System.out( 3479): Empty value
01-14 11:10:15.401 I/System.out( 3479): Empty value
01-14 11:10:16.412 I/System.out( 3479): Empty value
01-14 11:10:17.413 I/System.out( 3479): Empty value
01-14 11:10:18.414 I/System.out( 3479): Empty value
01-14 11:10:19.405 I/System.out( 3479): Empty value
01-14 11:10:20.406 I/System.out( 3479): Empty value
01-14 11:10:21.407 I/System.out( 3479): Empty value
01-14 11:10:22.408 I/System.out( 3479): Empty value
01-14 11:10:23.409 I/System.out( 3479): Empty value
01-14 11:10:24.410 I/System.out( 3479): Empty value
01-14 11:10:25.411 I/System.out( 3479): Empty value
01-14 11:10:26.412 I/System.out( 3479): Empty value
01-14 11:10:27.413 I/System.out( 3479): Empty value
01-14 11:10:28.414 I/System.out( 3479): Empty value
01-14 11:10:29.415 I/System.out( 3479): Empty value
01-14 11:10:30.416 I/System.out( 3479): Empty value
01-14 11:10:31.417 I/System.out( 3479): Empty value
01-14 11:10:32.408 I/System.out( 3479): Empty value
01-14 11:10:33.419 I/System.out( 3479): Empty value
01-14 11:10:34.420 I/System.out( 3479): Empty value
01-14 11:10:35.421 I/System.out( 3479): Empty value
01-14 11:10:36.412 I/System.out( 3479): Empty value
01-14 11:10:37.413 I/System.out( 3479): Empty value
01-14 11:10:38.414 I/System.out( 3479): Empty value
01-14 11:10:39.415 I/System.out( 3479): Empty value
01-14 11:10:40.415 I/System.out( 3479): Empty value
01-14 11:10:41.416 I/System.out( 3479): Empty value
01-14 11:10:42.407 I/System.out( 3479): Empty value
01-14 11:10:43.418 I/System.out( 3479): Empty value
01-14 11:10:44.419 I/System.out( 3479): Empty value
01-14 11:10:45.420 I/System.out( 3479): Empty value
01-14 11:10:46.411 I/System.out( 3479): Empty value
01-14 11:10:47.412 I/System.out( 3479): Empty value
01-14 11:10:48.413 I/System.out( 3479): Empty value
01-14 11:10:49.414 I/System.out( 3479): Empty value
01-14 11:10:50.415 I/System.out( 3479): Empty value
01-14 11:10:51.416 I/System.out( 3479): Empty value
01-14 11:10:52.407 I/System.out( 3479): Empty value
01-14 11:10:53.418 I/System.out( 3479): Empty value
01-14 11:10:54.419 I/System.out( 3479): Empty value
01-14 11:10:54.870 D/UsbnetService( 1574): BroadcastReceiver::onReceive+
01-14 11:10:54.870 D/UsbnetService( 1574): onReceive BATTERY_CHANGED
01-14 11:10:54.870 D/UsbnetService( 1574):  --> pluggedType = 0, mPluggedType = 0, mScreenOff = false
01-14 11:10:54.870 D/UsbnetService( 1574): BroadcastReceiver::onReceive-
01-14 11:10:54.880 D/NotificationService( 1574): mIntentReceiver() Intent.ACTION_BATTERY_CHANGED
01-14 11:10:54.890 D/BatteryService( 1574): SendIntentforPowersaver
01-14 11:10:54.900 D/BatteryService( 1574): Current powersaver status == NORMAL_STATUS1 4 2 false
01-14 11:10:54.900 D/RemoveMe( 1663): DCT got intent android.intent.action.BATTERY_CHANGED
01-14 11:10:54.900 D/PowerUI ( 1646): plugged = false, health = 2, mBatteryLevel = 100, mPluggedBatteryLevel = 97, mLowBatteryWarningLevel2 = 25, mshowLowChargingWarning2 = true
01-14 11:10:54.910 D/RemoveMe( 1663): DCT got intent android.intent.action.BATTERY_CHANGED
01-14 11:10:54.910 D/RemoveMe( 1663): DCT got intent android.intent.action.BATTERY_CHANGED
01-14 11:10:55.420 I/System.out( 3479): Empty value
01-14 11:10:56.421 I/System.out( 3479): Empty value
01-14 11:10:57.422 I/System.out( 3479): Empty value
01-14 11:10:58.423 I/System.out( 3479): Empty value
01-14 11:10:59.424 I/System.out( 3479): Empty value
01-14 11:11:00.425 I/System.out( 3479): Empty value
01-14 11:11:01.426 I/System.out( 3479): Empty value
01-14 11:11:02.427 I/System.out( 3479): Empty value
01-14 11:11:03.418 I/System.out( 3479): Empty value
01-14 11:11:04.419 I/System.out( 3479): Empty value
01-14 11:11:05.090 D/dalvikvm( 1675): GC_EXPLICIT freed 1K, 29% free 10277K/14407K, paused 7ms+2ms
01-14 11:11:05.420 I/System.out( 3479): Empty value
01-14 11:11:06.421 I/System.out( 3479): Empty value
01-14 11:11:07.422 I/System.out( 3479): Empty value
01-14 11:11:08.423 I/System.out( 3479): Empty value
01-14 11:11:09.424 I/System.out( 3479): Empty value
01-14 11:11:10.425 I/System.out( 3479): Empty value
01-14 11:11:11.426 I/System.out( 3479): Empty value
01-14 11:11:12.427 I/System.out( 3479): Empty value
01-14 11:11:13.428 I/System.out( 3479): Empty value
01-14 11:11:14.429 I/System.out( 3479): Empty value
01-14 11:11:15.430 I/System.out( 3479): Empty value
01-14 11:11:16.431 I/System.out( 3479): Empty value
01-14 11:11:17.432 I/System.out( 3479): Empty value
01-14 11:11:18.433 I/System.out( 3479): Empty value
01-14 11:11:19.434 I/System.out( 3479): Empty value
01-14 11:11:20.435 I/System.out( 3479): Empty value
01-14 11:11:21.436 I/System.out( 3479): Empty value
01-14 11:11:22.436 I/System.out( 3479): Empty value
01-14 11:11:23.437 I/System.out( 3479): Empty value
01-14 11:11:24.438 I/System.out( 3479): Empty value
01-14 11:11:24.899 D/UsbnetService( 1574): BroadcastReceiver::onReceive+
01-14 11:11:24.899 D/UsbnetService( 1574): onReceive BATTERY_CHANGED
01-14 11:11:24.899 D/UsbnetService( 1574):  --> pluggedType = 0, mPluggedType = 0, mScreenOff = false
01-14 11:11:24.899 D/UsbnetService( 1574): BroadcastReceiver::onReceive-
01-14 11:11:24.899 D/NotificationService( 1574): mIntentReceiver() Intent.ACTION_BATTERY_CHANGED
01-14 11:11:24.909 V/NotificationService( 1574): dual Led off
01-14 11:11:24.909 D/lights  ( 1574): [LedInfo] write attr ok name=/sys/class/leds/amber/brightness string=0,len=1
01-14 11:11:24.909 D/BatteryService( 1574): SendIntentforPowersaver
01-14 11:11:24.919 D/lights  ( 1574): [LedInfo] write attr ok name=/sys/class/leds/amber/blink string=0,len=1
01-14 11:11:24.919 D/BatteryService( 1574): Current powersaver status == NORMAL_STATUS1 4 2 false
01-14 11:11:24.919 D/lights  ( 1574): [LedInfo] write attr ok name=/sys/class/leds/amber/off_timer string=0 0,len=3
01-14 11:11:24.929 D/lights  ( 1574): [LedInfo] write attr ok name=/sys/class/leds/green/brightness string=0,len=1
01-14 11:11:24.929 D/lights  ( 1574): [LedInfo] write attr ok name=/sys/class/leds/green/blink string=0,len=1
01-14 11:11:24.939 D/RemoveMe( 1663): DCT got intent android.intent.action.BATTERY_CHANGED
01-14 11:11:24.939 D/lights  ( 1574): [LedInfo] write attr ok name=/sys/class/leds/green/off_timer string=0 0,len=3
01-14 11:11:24.939 D/RemoveMe( 1663): DCT got intent android.intent.action.BATTERY_CHANGED
01-14 11:11:24.939 D/PowerUI ( 1646): plugged = false, health = 2, mBatteryLevel = 99, mPluggedBatteryLevel = 97, mLowBatteryWarningLevel2 = 25, mshowLowChargingWarning2 = true
01-14 11:11:24.949 D/RemoveMe( 1663): DCT got intent android.intent.action.BATTERY_CHANGED
01-14 11:11:24.969 D/dalvikvm( 1646): GC_CONCURRENT freed 628K, 9% free 8382K/9159K, paused 1ms+2ms
01-14 11:11:25.439 I/System.out( 3479): Empty value
01-14 11:11:26.440 I/System.out( 3479): Empty value
01-14 11:11:27.441 I/System.out( 3479): Empty value
01-14 11:11:28.442 I/System.out( 3479): Empty value
01-14 11:11:29.443 I/System.out( 3479): Empty value
01-14 11:11:30.444 I/System.out( 3479): Empty value
01-14 11:11:31.445 I/System.out( 3479): Empty value
01-14 11:11:32.446 I/System.out( 3479): Empty value
01-14 11:11:33.447 I/System.out( 3479): Empty value
01-14 11:11:34.448 I/System.out( 3479): Empty value
01-14 11:11:35.449 I/System.out( 3479): Empty value
01-14 11:11:36.450 I/System.out( 3479): Empty value
01-14 11:11:37.451 I/System.out( 3479): Empty value
01-14 11:11:38.452 I/System.out( 3479): Empty value
01-14 11:11:39.453 I/System.out( 3479): Empty value
01-14 11:11:40.454 I/System.out( 3479): Empty value
01-14 11:11:41.465 I/System.out( 3479): Empty value
01-14 11:11:42.466 I/System.out( 3479): Empty value
01-14 11:11:43.457 I/System.out( 3479): Empty value
01-14 11:11:44.468 I/System.out( 3479): Empty value
01-14 11:11:45.459 I/System.out( 3479): Empty value
01-14 11:11:46.460 I/System.out( 3479): Empty value
01-14 11:11:47.471 I/System.out( 3479): Empty value
01-14 11:11:48.462 I/System.out( 3479): Empty value
01-14 11:11:49.463 I/System.out( 3479): Empty value
01-14 11:11:50.474 I/System.out( 3479): Empty value
01-14 11:11:51.475 I/System.out( 3479): Empty value
01-14 11:11:52.476 I/System.out( 3479): Empty value
01-14 11:11:53.477 I/System.out( 3479): Empty value
01-14 11:11:54.478 I/System.out( 3479): Empty value
01-14 11:11:55.469 I/System.out( 3479): Empty value
01-14 11:11:56.480 I/System.out( 3479): Empty value
01-14 11:11:57.481 I/System.out( 3479): Empty value
01-14 11:11:58.482 I/System.out( 3479): Empty value
01-14 11:11:59.483 I/System.out( 3479): Empty value
01-14 11:12:00.484 I/System.out( 3479): Empty value
01-14 11:12:01.475 I/System.out( 3479): Empty value
01-14 11:12:02.476 I/System.out( 3479): Empty value
01-14 11:12:03.477 I/System.out( 3479): Empty value
01-14 11:12:04.478 I/System.out( 3479): Empty value
01-14 11:12:05.478 I/System.out( 3479): Empty value
01-14 11:12:06.479 I/System.out( 3479): Empty value
01-14 11:12:07.480 I/System.out( 3479): Empty value
01-14 11:12:08.481 I/System.out( 3479): Empty value
01-14 11:12:09.482 I/System.out( 3479): Empty value
01-14 11:12:10.483 I/System.out( 3479): Empty value
01-14 11:12:11.484 I/System.out( 3479): Empty value
01-14 11:12:12.475 I/System.out( 3479): Empty value
01-14 11:12:13.486 I/System.out( 3479): Empty value
01-14 11:12:14.477 I/System.out( 3479): Empty value
01-14 11:12:15.488 I/System.out( 3479): Empty value
01-14 11:12:16.479 I/System.out( 3479): Empty value
01-14 11:12:17.490 I/System.out( 3479): Empty value
01-14 11:12:18.481 I/System.out( 3479): Empty value
01-14 11:12:19.492 I/System.out( 3479): Empty value
01-14 11:12:20.493 I/System.out( 3479): Empty value
01-14 11:12:21.494 I/System.out( 3479): Empty value
01-14 11:12:22.495 I/System.out( 3479): Empty value
01-14 11:12:23.496 I/System.out( 3479): Empty value
01-14 11:12:24.497 I/System.out( 3479): Empty value
01-14 11:12:25.498 I/System.out( 3479): Empty value
01-14 11:12:26.489 I/System.out( 3479): Empty value
01-14 11:12:27.500 I/System.out( 3479): Empty value
01-14 11:12:28.501 I/System.out( 3479): Empty value
01-14 11:12:29.502 I/System.out( 3479): Empty value
01-14 11:12:30.503 I/System.out( 3479): Empty value
01-14 11:12:31.504 I/System.out( 3479): Empty value
01-14 11:12:32.495 I/System.out( 3479): Empty value
01-14 11:12:33.506 I/System.out( 3479): Empty value
01-14 11:12:34.507 I/System.out( 3479): Empty value
01-14 11:12:35.498 I/System.out( 3479): Empty value
01-14 11:12:36.499 I/System.out( 3479): Empty value
01-14 11:12:37.500 I/System.out( 3479): Empty value
01-14 11:12:38.501 I/System.out( 3479): Empty value
01-14 11:12:39.502 I/System.out( 3479): Empty value
01-14 11:12:40.503 I/System.out( 3479): Empty value
01-14 11:12:41.504 I/System.out( 3479): Empty value
01-14 11:12:42.505 I/System.out( 3479): Empty value
01-14 11:12:43.506 I/System.out( 3479): Empty value
01-14 11:12:44.507 I/System.out( 3479): Empty value
01-14 11:12:45.508 I/System.out( 3479): Empty value
01-14 11:12:46.509 I/System.out( 3479): Empty value
01-14 11:12:47.509 I/System.out( 3479): Empty value
01-14 11:12:48.510 I/System.out( 3479): Empty value
01-14 11:12:49.511 I/System.out( 3479): Empty value
01-14 11:12:50.512 I/System.out( 3479): Empty value
01-14 11:12:51.513 I/System.out( 3479): Empty value
01-14 11:12:52.504 I/System.out( 3479): Empty value
01-14 11:12:53.515 I/System.out( 3479): Empty value
01-14 11:12:54.516 I/System.out( 3479): Empty value
01-14 11:12:54.997 D/UsbnetService( 1574): BroadcastReceiver::onReceive+
01-14 11:12:54.997 D/UsbnetService( 1574): onReceive BATTERY_CHANGED
01-14 11:12:54.997 D/UsbnetService( 1574):  --> pluggedType = 0, mPluggedType = 0, mScreenOff = false
01-14 11:12:54.997 D/UsbnetService( 1574): BroadcastReceiver::onReceive-
01-14 11:12:54.997 D/NotificationService( 1574): mIntentReceiver() Intent.ACTION_BATTERY_CHANGED
01-14 11:12:55.007 D/BatteryService( 1574): SendIntentforPowersaver
01-14 11:12:55.017 D/BatteryService( 1574): Current powersaver status == NORMAL_STATUS1 4 2 false
01-14 11:12:55.017 D/RemoveMe( 1663): DCT got intent android.intent.action.BATTERY_CHANGED
01-14 11:12:55.017 D/PowerUI ( 1646): plugged = false, health = 2, mBatteryLevel = 99, mPluggedBatteryLevel = 97, mLowBatteryWarningLevel2 = 25, mshowLowChargingWarning2 = true
01-14 11:12:55.037 D/RemoveMe( 1663): DCT got intent android.intent.action.BATTERY_CHANGED
01-14 11:12:55.037 D/RemoveMe( 1663): DCT got intent android.intent.action.BATTERY_CHANGED
01-14 11:12:55.517 I/System.out( 3479): Empty value
01-14 11:12:56.518 I/System.out( 3479): Empty value
01-14 11:12:57.519 I/System.out( 3479): Empty value
01-14 11:12:58.520 I/System.out( 3479): Empty value
01-14 11:12:59.521 I/System.out( 3479): Empty value
01-14 11:13:00.522 I/System.out( 3479): Empty value
01-14 11:13:01.523 I/System.out( 3479): Empty value
01-14 11:13:02.514 I/System.out( 3479): Empty value
01-14 11:13:03.515 I/System.out( 3479): Empty value
01-14 11:13:04.526 I/System.out( 3479): Empty value
01-14 11:13:05.097 D/dalvikvm( 1675): GC_EXPLICIT freed 1K, 29% free 10277K/14407K, paused 7ms+2ms
01-14 11:13:05.527 I/System.out( 3479): Empty value
01-14 11:13:06.518 I/System.out( 3479): Empty value
01-14 11:13:07.519 I/System.out( 3479): Empty value
01-14 11:13:08.520 I/System.out( 3479): Empty value
01-14 11:13:09.521 I/System.out( 3479): Empty value
01-14 11:13:10.522 I/System.out( 3479): Empty value
01-14 11:13:11.523 I/System.out( 3479): Empty value
01-14 11:13:12.524 I/System.out( 3479): Empty value
01-14 11:13:13.515 I/System.out( 3479): Empty value
01-14 11:13:14.526 I/System.out( 3479): Empty value
01-14 11:13:15.527 I/System.out( 3479): Empty value
01-14 11:13:16.528 I/System.out( 3479): Empty value
01-14 11:13:17.529 I/System.out( 3479): Empty value
01-14 11:13:18.530 I/System.out( 3479): Empty value
01-14 11:13:19.531 I/System.out( 3479): Empty value
01-14 11:13:20.532 I/System.out( 3479): Empty value
01-14 11:13:21.533 I/System.out( 3479): Empty value
01-14 11:13:22.534 I/System.out( 3479): Empty value
01-14 11:13:23.535 I/System.out( 3479): Empty value
01-14 11:13:24.536 I/System.out( 3479): Empty value
01-14 11:13:25.026 D/UsbnetService( 1574): BroadcastReceiver::onReceive+
01-14 11:13:25.026 D/UsbnetService( 1574): onReceive BATTERY_CHANGED
01-14 11:13:25.026 D/UsbnetService( 1574):  --> pluggedType = 0, mPluggedType = 0, mScreenOff = false
01-14 11:13:25.026 D/UsbnetService( 1574): BroadcastReceiver::onReceive-
01-14 11:13:25.026 D/NotificationService( 1574): mIntentReceiver() Intent.ACTION_BATTERY_CHANGED
01-14 11:13:25.036 D/BatteryService( 1574): SendIntentforPowersaver
01-14 11:13:25.046 D/BatteryService( 1574): Current powersaver status == NORMAL_STATUS1 4 2 false
01-14 11:13:25.046 D/RemoveMe( 1663): DCT got intent android.intent.action.BATTERY_CHANGED
01-14 11:13:25.046 D/PowerUI ( 1646): plugged = false, health = 2, mBatteryLevel = 99, mPluggedBatteryLevel = 97, mLowBatteryWarningLevel2 = 25, mshowLowChargingWarning2 = true
01-14 11:13:25.066 D/RemoveMe( 1663): DCT got intent android.intent.action.BATTERY_CHANGED
01-14 11:13:25.066 D/RemoveMe( 1663): DCT got intent android.intent.action.BATTERY_CHANGED
01-14 11:13:25.537 I/System.out( 3479): Empty value
01-14 11:13:26.538 I/System.out( 3479): Empty value
01-14 11:13:26.618 D/dalvikvm( 3479): GC_CONCURRENT freed 414K, 8% free 6546K/7111K, paused 5ms+4ms
01-14 11:13:27.539 I/System.out( 3479): Empty value
01-14 11:13:28.540 I/System.out( 3479): Empty value
01-14 11:13:29.540 I/System.out( 3479): Empty value
01-14 11:13:30.541 I/System.out( 3479): Empty value
01-14 11:13:31.542 I/System.out( 3479): Empty value
01-14 11:13:32.543 I/System.out( 3479): Empty value
01-14 11:13:33.544 I/System.out( 3479): Empty value
01-14 11:13:34.545 I/System.out( 3479): Empty value
01-14 11:13:35.546 I/System.out( 3479): Empty value
01-14 11:13:36.547 I/System.out( 3479): Empty value
01-14 11:13:37.548 I/System.out( 3479): Empty value
01-14 11:13:38.549 I/System.out( 3479): Empty value
01-14 11:13:39.550 I/System.out( 3479): Empty value
01-14 11:13:40.551 I/System.out( 3479): Empty value
01-14 11:13:41.552 I/System.out( 3479): Empty value
01-14 11:13:42.553 I/System.out( 3479): Empty value
01-14 11:13:43.554 I/System.out( 3479): Empty value
01-14 11:13:44.555 I/System.out( 3479): Empty value
01-14 11:13:45.556 I/System.out( 3479): Empty value
01-14 11:13:46.557 I/System.out( 3479): Empty value
01-14 11:13:47.558 I/System.out( 3479): Empty value
01-14 11:13:48.559 I/System.out( 3479): Empty value
01-14 11:13:49.560 I/System.out( 3479): Empty value
01-14 11:13:50.561 I/System.out( 3479): Empty value
01-14 11:13:51.562 I/System.out( 3479): Empty value
01-14 11:13:52.563 I/System.out( 3479): Empty value
01-14 11:13:53.564 I/System.out( 3479): Empty value
01-14 11:13:54.565 I/System.out( 3479): Empty value
01-14 11:13:55.055 D/UsbnetService( 1574): BroadcastReceiver::onReceive+
01-14 11:13:55.055 D/UsbnetService( 1574): onReceive BATTERY_CHANGED
01-14 11:13:55.055 D/UsbnetService( 1574):  --> pluggedType = 0, mPluggedType = 0, mScreenOff = false
01-14 11:13:55.055 D/UsbnetService( 1574): BroadcastReceiver::onReceive-
01-14 11:13:55.055 D/NotificationService( 1574): mIntentReceiver() Intent.ACTION_BATTERY_CHANGED
01-14 11:13:55.075 D/BatteryService( 1574): SendIntentforPowersaver
01-14 11:13:55.075 D/BatteryService( 1574): Current powersaver status == NORMAL_STATUS1 4 2 false
01-14 11:13:55.075 D/PowerUI ( 1646): plugged = false, health = 2, mBatteryLevel = 99, mPluggedBatteryLevel = 97, mLowBatteryWarningLevel2 = 25, mshowLowChargingWarning2 = true
01-14 11:13:55.085 D/RemoveMe( 1663): DCT got intent android.intent.action.BATTERY_CHANGED
01-14 11:13:55.095 D/RemoveMe( 1663): DCT got intent android.intent.action.BATTERY_CHANGED
01-14 11:13:55.095 D/RemoveMe( 1663): DCT got intent android.intent.action.BATTERY_CHANGED
01-14 11:13:55.566 I/System.out( 3479): Empty value
01-14 11:13:56.567 I/System.out( 3479): Empty value
01-14 11:13:57.568 I/System.out( 3479): Empty value
01-14 11:13:58.569 I/System.out( 3479): Empty value
01-14 11:13:59.570 I/System.out( 3479): Empty value
01-14 11:14:00.571 I/System.out( 3479): Empty value
01-14 11:14:01.572 I/System.out( 3479): Empty value
01-14 11:14:02.573 I/System.out( 3479): Empty value
01-14 11:14:03.574 I/System.out( 3479): Empty value
01-14 11:14:04.575 I/System.out( 3479): Empty value
01-14 11:14:05.576 I/System.out( 3479): Empty value
01-14 11:14:06.577 I/System.out( 3479): Empty value
01-14 11:14:07.578 I/System.out( 3479): Empty value
01-14 11:14:08.579 I/System.out( 3479): Empty value
01-14 11:14:09.580 I/System.out( 3479): Empty value
01-14 11:14:10.581 I/System.out( 3479): Empty value
01-14 11:14:11.572 I/System.out( 3479): Empty value
01-14 11:14:12.582 I/System.out( 3479): Empty value
01-14 11:14:13.573 I/System.out( 3479): Empty value
01-14 11:14:14.574 I/System.out( 3479): Empty value
01-14 11:14:15.575 I/System.out( 3479): Empty value
01-14 11:14:16.586 I/System.out( 3479): Empty value
01-14 11:14:17.587 I/System.out( 3479): Empty value
01-14 11:14:18.588 I/System.out( 3479): Empty value
01-14 11:14:19.589 I/System.out( 3479): Empty value
01-14 11:14:20.590 I/System.out( 3479): Empty value
01-14 11:14:21.591 I/System.out( 3479): Empty value
01-14 11:14:22.592 I/System.out( 3479): Empty value
01-14 11:14:23.593 I/System.out( 3479): Empty value
01-14 11:14:24.594 I/System.out( 3479): Empty value
01-14 11:14:25.595 I/System.out( 3479): Empty value
01-14 11:14:26.596 I/System.out( 3479): Empty value
01-14 11:14:27.597 I/System.out( 3479): Empty value
01-14 11:14:28.598 I/System.out( 3479): Empty value
01-14 11:14:29.599 I/System.out( 3479): Empty value
01-14 11:14:30.600 I/System.out( 3479): Empty value
01-14 11:14:31.601 I/System.out( 3479): Empty value
01-14 11:14:32.602 I/System.out( 3479): Empty value
01-14 11:14:33.603 I/System.out( 3479): Empty value
01-14 11:14:34.604 I/System.out( 3479): Empty value
01-14 11:14:35.605 I/System.out( 3479): Empty value
01-14 11:14:36.606 I/System.out( 3479): Empty value
01-14 11:14:37.607 I/System.out( 3479): Empty value
01-14 11:14:38.608 I/System.out( 3479): Empty value
01-14 11:14:39.609 I/System.out( 3479): Empty value
01-14 11:14:40.610 I/System.out( 3479): Empty value
01-14 11:14:41.611 I/System.out( 3479): Empty value
01-14 11:14:42.612 I/System.out( 3479): Empty value
01-14 11:14:43.613 I/System.out( 3479): Empty value
01-14 11:14:44.614 I/System.out( 3479): Empty value
01-14 11:14:45.615 I/System.out( 3479): Empty value
01-14 11:14:46.616 I/System.out( 3479): Empty value
01-14 11:14:47.617 I/System.out( 3479): Empty value
01-14 11:14:48.618 I/System.out( 3479): Empty value
01-14 11:14:49.619 I/System.out( 3479): Empty value
01-14 11:14:50.620 I/System.out( 3479): Empty value
01-14 11:14:51.621 I/System.out( 3479): Empty value
01-14 11:14:52.622 I/System.out( 3479): Empty value
01-14 11:14:53.623 I/System.out( 3479): Empty value
01-14 11:14:54.624 I/System.out( 3479): Empty value
01-14 11:14:55.624 I/System.out( 3479): Empty value
01-14 11:14:56.635 I/System.out( 3479): Empty value
01-14 11:14:57.636 I/System.out( 3479): Empty value
01-14 11:14:58.637 I/System.out( 3479): Empty value
01-14 11:14:59.638 I/System.out( 3479): Empty value
01-14 11:15:00.639 I/System.out( 3479): Empty value
01-14 11:15:01.640 I/System.out( 3479): Empty value
01-14 11:15:02.641 I/System.out( 3479): Empty value
01-14 11:15:03.642 I/System.out( 3479): Empty value
01-14 11:15:04.643 I/System.out( 3479): Empty value
01-14 11:15:05.104 D/dalvikvm( 1675): GC_EXPLICIT freed 1K, 29% free 10277K/14407K, paused 7ms+2ms
01-14 11:15:05.644 I/System.out( 3479): Empty value
01-14 11:15:06.645 I/System.out( 3479): Empty value
01-14 11:15:07.646 I/System.out( 3479): Empty value
01-14 11:15:08.647 I/System.out( 3479): Empty value
01-14 11:15:09.648 I/System.out( 3479): Empty value
01-14 11:15:10.649 I/System.out( 3479): Empty value
01-14 11:15:11.650 I/System.out( 3479): Empty value
01-14 11:15:12.651 I/System.out( 3479): Empty value
01-14 11:15:13.652 I/System.out( 3479): Empty value
01-14 11:15:14.653 I/System.out( 3479): Empty value
01-14 11:15:15.654 I/System.out( 3479): Empty value
01-14 11:15:16.175 D/SntpClient( 1574): requestTime: called by Thread[ThrottleService,5,main], failed: java.net.UnknownHostException: Unable to resolve host "north-america.pool.ntp.org": No address associated with hostname
01-14 11:15:16.185 D/NetdConnector( 1574): listenToSocket read--: (6,0)
01-14 11:15:16.185 D/NetdConnector( 1574): doCommand++ (Wait Response)
01-14 11:15:16.195 D/NetdConnector( 1574): RCV <- {216 0}
01-14 11:15:16.195 D/NetdConnector( 1574): listenToSocket read++
01-14 11:15:16.195 D/NetdConnector( 1574): RSP <- {216 0}
01-14 11:15:16.195 D/NetdConnector( 1574): miNoRespCnt=0
01-14 11:15:16.195 D/NetdConnector( 1574): doCommand-- (complete)
01-14 11:15:16.205 D/NetdConnector( 1574): listenToSocket read--: (6,0)
01-14 11:15:16.205 D/NetdConnector( 1574): RCV <- {217 0}
01-14 11:15:16.205 D/NetdConnector( 1574): listenToSocket read++
01-14 11:15:16.205 D/NetdConnector( 1574): doCommand++ (Wait Response)
01-14 11:15:16.205 D/NetdConnector( 1574): RSP <- {217 0}
01-14 11:15:16.215 D/NetdConnector( 1574): miNoRespCnt=0
01-14 11:15:16.215 D/NetdConnector( 1574): doCommand-- (complete)
01-14 11:15:16.225 D/SntpClient( 1574): requestTime: called by Thread[ThrottleService,5,main], failed: java.net.UnknownHostException: Unable to resolve host "north-america.pool.ntp.org": No address associated with hostname
01-14 11:15:16.225 D/SntpClient( 1574): requestTime: called by Thread[ThrottleService,5,main], failed: java.net.UnknownHostException: Unable to resolve host "north-america.pool.ntp.org": No address associated with hostname
01-14 11:15:16.655 I/System.out( 3479): Empty value
01-14 11:15:17.656 I/System.out( 3479): Empty value
01-14 11:15:18.657 I/System.out( 3479): Empty value
01-14 11:15:19.658 I/System.out( 3479): Empty value
01-14 11:15:20.659 I/System.out( 3479): Empty value
01-14 11:15:21.660 I/System.out( 3479): Empty value
01-14 11:15:22.661 I/System.out( 3479): Empty value
01-14 11:15:23.672 I/System.out( 3479): Empty value
01-14 11:15:24.663 I/System.out( 3479): Empty value
01-14 11:15:25.163 D/UsbnetService( 1574): BroadcastReceiver::onReceive+
01-14 11:15:25.163 D/UsbnetService( 1574): onReceive BATTERY_CHANGED
01-14 11:15:25.163 D/UsbnetService( 1574):  --> pluggedType = 0, mPluggedType = 0, mScreenOff = false
01-14 11:15:25.163 D/UsbnetService( 1574): BroadcastReceiver::onReceive-
01-14 11:15:25.163 D/NotificationService( 1574): mIntentReceiver() Intent.ACTION_BATTERY_CHANGED
01-14 11:15:25.183 D/BatteryService( 1574): SendIntentforPowersaver
01-14 11:15:25.183 D/BatteryService( 1574): Current powersaver status == NORMAL_STATUS1 4 2 false
01-14 11:15:25.183 D/PowerUI ( 1646): plugged = false, health = 2, mBatteryLevel = 99, mPluggedBatteryLevel = 97, mLowBatteryWarningLevel2 = 25, mshowLowChargingWarning2 = true
01-14 11:15:25.193 D/RemoveMe( 1663): DCT got intent android.intent.action.BATTERY_CHANGED
01-14 11:15:25.223 D/RemoveMe( 1663): DCT got intent android.intent.action.BATTERY_CHANGED
01-14 11:15:25.233 D/RemoveMe( 1663): DCT got intent android.intent.action.BATTERY_CHANGED
01-14 11:15:25.343 D/dalvikvm( 1574): GC_CONCURRENT freed 1928K, 15% free 18211K/21319K, paused 8ms+4ms
