01-19 19:43:08.587 I/wpa_supplicant( 1755): AP:ssid[SKY3D82A],rssi[-70],BSSID=7c:4c:a5:86:c5:2d
01-19 19:43:08.587 I/wpa_supplicant( 1755): AP:ssid[SKY45D4A],rssi[-78],BSSID=4c:17:eb:c4:5d:4b
01-19 19:43:08.587 I/wpa_supplicant( 1755): AP:ssid[PlusnetWirelessD194EF],rssi[-91],BSSID=a4:b1:e9:d1:94:ef
01-19 19:43:08.587 I/wpa_supplicant( 1755): Received 1112 bytes of scan results (3 BSSes)
01-19 19:43:08.587 I/wpa_supplicant( 1755): wpa_driver_wext_get_scan_results---
01-19 19:43:08.587 I/wpa_supplicant( 1755): wpa_disabled_ssid_list_clear
01-19 19:43:08.587 V/WifiMonitor( 1574): Event [wpa_disabled_ssid_list_clear]
01-19 19:43:08.597 I/wpa_supplicant( 1755): No suitable AP found.
01-19 19:43:08.597 I/wpa_supplicant( 1755): CTRL-EVENT-STATE-CHANGE id=-1 state=1 BSSID=00:00:00:00:00:00
01-19 19:43:08.597 V/WifiMonitor( 1574): Event [CTRL-EVENT-STATE-CHANGE id=-1 state=1 BSSID=00:00:00:00:00:00]
01-19 19:43:08.617 D/WifiStateMachine( 1574): Changing supplicant state: SCANNING ==> INACTIVE
01-19 19:43:08.617 D/WifiStateMachine( 1574): setDetailed state, old =SCANNING and new state=IDLE
01-19 19:43:08.677 D/dalvikvm( 2757): GC_CONCURRENT freed 446K, 10% free 6836K/7559K, paused 2ms+1ms
01-19 19:43:08.717 I/wpa_supplicant( 1755): CTRL-EVENT-STATE-CHANGE id=-1 state=2 BSSID=00:00:00:00:00:00
01-19 19:43:08.717 V/WifiMonitor( 1574): Event [CTRL-EVENT-STATE-CHANGE id=-1 state=2 BSSID=00:00:00:00:00:00]
01-19 19:43:08.717 D/WifiStateMachine( 1574): Changing supplicant state: INACTIVE ==> SCANNING
01-19 19:43:08.717 D/WifiStateMachine( 1574): setDetailed state, old =IDLE and new state=SCANNING
01-19 19:43:09.077 I/System.out( 2748): 3
01-19 19:43:09.808 I/wpa_supplicant( 1755): got scan complete
01-19 19:43:09.808 I/wpa_supplicant( 1755): wpa_supplicant_get_scan_results:return scan results2
01-19 19:43:09.808 I/wpa_supplicant( 1755): AP:ssid[SKY3D82A],rssi[-70],BSSID=7c:4c:a5:86:c5:2d
01-19 19:43:09.808 I/wpa_supplicant( 1755): AP:ssid[SKY45D4A],rssi[-76],BSSID=4c:17:eb:c4:5d:4b
01-19 19:43:09.808 I/wpa_supplicant( 1755): Received 712 bytes of scan results (2 BSSes)
01-19 19:43:09.808 I/wpa_supplicant( 1755): wpa_driver_wext_get_scan_results---
01-19 19:43:09.808 I/wpa_supplicant( 1755): wpa_disabled_ssid_list_clear
01-19 19:43:09.818 V/WifiMonitor( 1574): Event [wpa_disabled_ssid_list_clear]
01-19 19:43:09.818 I/wpa_supplicant( 1755): No suitable AP found.
01-19 19:43:09.818 I/wpa_supplicant( 1755): CTRL-EVENT-STATE-CHANGE id=-1 state=1 BSSID=00:00:00:00:00:00
01-19 19:43:09.818 V/WifiMonitor( 1574): Event [CTRL-EVENT-STATE-CHANGE id=-1 state=1 BSSID=00:00:00:00:00:00]
01-19 19:43:09.828 D/WifiStateMachine( 1574): Changing supplicant state: SCANNING ==> INACTIVE
01-19 19:43:09.828 D/WifiStateMachine( 1574): setDetailed state, old =SCANNING and new state=IDLE
01-19 19:43:09.938 I/wpa_supplicant( 1755): CTRL-EVENT-STATE-CHANGE id=-1 state=2 BSSID=00:00:00:00:00:00
01-19 19:43:09.938 V/WifiMonitor( 1574): Event [CTRL-EVENT-STATE-CHANGE id=-1 state=2 BSSID=00:00:00:00:00:00]
01-19 19:43:09.938 D/WifiStateMachine( 1574): Changing supplicant state: INACTIVE ==> SCANNING
01-19 19:43:09.938 D/WifiStateMachine( 1574): setDetailed state, old =IDLE and new state=SCANNING
01-19 19:43:10.048 D/dalvikvm( 2757): GC_CONCURRENT freed 446K, 10% free 6836K/7559K, paused 4ms+4ms
01-19 19:43:10.078 I/System.out( 2748): 2
01-19 19:43:11.029 I/wpa_supplicant( 1755): got scan complete
01-19 19:43:11.029 I/wpa_supplicant( 1755): wpa_supplicant_get_scan_results:return scan results2
01-19 19:43:11.029 I/wpa_supplicant( 1755): AP:ssid[SKY3D82A],rssi[-70],BSSID=7c:4c:a5:86:c5:2d
01-19 19:43:11.029 I/wpa_supplicant( 1755): AP:ssid[SKY45D4A],rssi[-78],BSSID=4c:17:eb:c4:5d:4b
01-19 19:43:11.029 I/wpa_supplicant( 1755): AP:ssid[PlusnetWirelessD194EF],rssi[-91],BSSID=a4:b1:e9:d1:94:ef
01-19 19:43:11.029 I/wpa_supplicant( 1755): Received 983 bytes of scan results (3 BSSes)
01-19 19:43:11.029 I/wpa_supplicant( 1755): wpa_driver_wext_get_scan_results---
01-19 19:43:11.029 I/wpa_supplicant( 1755): wpa_disabled_ssid_list_clear
01-19 19:43:11.039 V/WifiMonitor( 1574): Event [wpa_disabled_ssid_list_clear]
01-19 19:43:11.039 I/wpa_supplicant( 1755): No suitable AP found.
01-19 19:43:11.039 I/wpa_supplicant( 1755): CTRL-EVENT-STATE-CHANGE id=-1 state=1 BSSID=00:00:00:00:00:00
01-19 19:43:11.039 V/WifiMonitor( 1574): Event [CTRL-EVENT-STATE-CHANGE id=-1 state=1 BSSID=00:00:00:00:00:00]
01-19 19:43:11.049 D/WifiStateMachine( 1574): Changing supplicant state: SCANNING ==> INACTIVE
01-19 19:43:11.049 D/WifiStateMachine( 1574): setDetailed state, old =SCANNING and new state=IDLE
01-19 19:43:11.079 I/System.out( 2748): 3
01-19 19:43:11.159 I/wpa_supplicant( 1755): CTRL-EVENT-STATE-CHANGE id=-1 state=2 BSSID=00:00:00:00:00:00
01-19 19:43:11.159 V/WifiMonitor( 1574): Event [CTRL-EVENT-STATE-CHANGE id=-1 state=2 BSSID=00:00:00:00:00:00]
01-19 19:43:11.159 D/WifiStateMachine( 1574): Changing supplicant state: INACTIVE ==> SCANNING
01-19 19:43:11.159 D/WifiStateMachine( 1574): setDetailed state, old =IDLE and new state=SCANNING
01-19 19:43:12.080 I/System.out( 2748): 3
01-19 19:43:12.250 I/wpa_supplicant( 1755): got scan complete
01-19 19:43:12.250 I/wpa_supplicant( 1755): wpa_supplicant_get_scan_results:return scan results2
01-19 19:43:12.250 I/wpa_supplicant( 1755): AP:ssid[SKY3D82A],rssi[-71],BSSID=7c:4c:a5:86:c5:2d
01-19 19:43:12.250 I/wpa_supplicant( 1755): AP:ssid[SKY45D4A],rssi[-78],BSSID=4c:17:eb:c4:5d:4b
01-19 19:43:12.250 I/wpa_supplicant( 1755): AP:ssid[PlusnetWirelessD194EF],rssi[-90],BSSID=a4:b1:e9:d1:94:ef
01-19 19:43:12.250 I/wpa_supplicant( 1755): Received 1112 bytes of scan results (3 BSSes)
01-19 19:43:12.250 I/wpa_supplicant( 1755): wpa_driver_wext_get_scan_results---
01-19 19:43:12.260 I/wpa_supplicant( 1755): wpa_disabled_ssid_list_clear
01-19 19:43:12.260 V/WifiMonitor( 1574): Event [wpa_disabled_ssid_list_clear]
01-19 19:43:12.260 I/wpa_supplicant( 1755): No suitable AP found.
01-19 19:43:12.260 I/wpa_supplicant( 1755): CTRL-EVENT-STATE-CHANGE id=-1 state=1 BSSID=00:00:00:00:00:00
01-19 19:43:12.260 V/WifiMonitor( 1574): Event [CTRL-EVENT-STATE-CHANGE id=-1 state=1 BSSID=00:00:00:00:00:00]
01-19 19:43:12.270 D/WifiStateMachine( 1574): Changing supplicant state: SCANNING ==> INACTIVE
01-19 19:43:12.280 D/WifiStateMachine( 1574): setDetailed state, old =SCANNING and new state=IDLE
01-19 19:43:12.340 D/dalvikvm( 2757): GC_CONCURRENT freed 446K, 10% free 6836K/7559K, paused 1ms+1ms
01-19 19:43:12.380 I/wpa_supplicant( 1755): CTRL-EVENT-STATE-CHANGE id=-1 state=2 BSSID=00:00:00:00:00:00
01-19 19:43:12.380 V/WifiMonitor( 1574): Event [CTRL-EVENT-STATE-CHANGE id=-1 state=2 BSSID=00:00:00:00:00:00]
01-19 19:43:12.380 D/WifiStateMachine( 1574): Changing supplicant state: INACTIVE ==> SCANNING
01-19 19:43:12.380 D/WifiStateMachine( 1574): setDetailed state, old =IDLE and new state=SCANNING
01-19 19:43:13.081 I/System.out( 2748): 3
01-19 19:43:13.471 I/wpa_supplicant( 1755): got scan complete
01-19 19:43:13.471 I/wpa_supplicant( 1755): wpa_supplicant_get_scan_results:return scan results2
01-19 19:43:13.471 I/wpa_supplicant( 1755): AP:ssid[SKY3D82A],rssi[-69],BSSID=7c:4c:a5:86:c5:2d
01-19 19:43:13.481 I/wpa_supplicant( 1755): AP:ssid[SKY45D4A],rssi[-78],BSSID=4c:17:eb:c4:5d:4b
01-19 19:43:13.481 I/wpa_supplicant( 1755): AP:ssid[PlusnetWirelessD194EF],rssi[-92],BSSID=a4:b1:e9:d1:94:ef
01-19 19:43:13.481 I/wpa_supplicant( 1755): Received 1112 bytes of scan results (3 BSSes)
01-19 19:43:13.481 I/wpa_supplicant( 1755): wpa_driver_wext_get_scan_results---
01-19 19:43:13.481 I/wpa_supplicant( 1755): wpa_disabled_ssid_list_clear
01-19 19:43:13.481 V/WifiMonitor( 1574): Event [wpa_disabled_ssid_list_clear]
01-19 19:43:13.481 I/wpa_supplicant( 1755): No suitable AP found.
01-19 19:43:13.481 I/wpa_supplicant( 1755): CTRL-EVENT-STATE-CHANGE id=-1 state=1 BSSID=00:00:00:00:00:00
01-19 19:43:13.481 V/WifiMonitor( 1574): Event [CTRL-EVENT-STATE-CHANGE id=-1 state=1 BSSID=00:00:00:00:00:00]
01-19 19:43:13.501 D/WifiStateMachine( 1574): Changing supplicant state: SCANNING ==> INACTIVE
01-19 19:43:13.501 D/WifiStateMachine( 1574): setDetailed state, old =SCANNING and new state=IDLE
01-19 19:43:13.602 I/wpa_supplicant( 1755): CTRL-EVENT-STATE-CHANGE id=-1 state=2 BSSID=00:00:00:00:00:00
01-19 19:43:13.602 V/WifiMonitor( 1574): Event [CTRL-EVENT-STATE-CHANGE id=-1 state=2 BSSID=00:00:00:00:00:00]
01-19 19:43:13.602 D/WifiStateMachine( 1574): Changing supplicant state: INACTIVE ==> SCANNING
01-19 19:43:13.602 D/WifiStateMachine( 1574): setDetailed state, old =IDLE and new state=SCANNING
01-19 19:43:13.692 D/dalvikvm( 2757): GC_CONCURRENT freed 446K, 10% free 6836K/7559K, paused 1ms+1ms
01-19 19:43:14.082 I/System.out( 2748): 3
01-19 19:43:14.693 I/wpa_supplicant( 1755): got scan complete
01-19 19:43:14.693 I/wpa_supplicant( 1755): wpa_supplicant_get_scan_results:return scan results2
01-19 19:43:14.693 I/wpa_supplicant( 1755): AP:ssid[SKY3D82A],rssi[-70],BSSID=7c:4c:a5:86:c5:2d
01-19 19:43:14.693 I/wpa_supplicant( 1755): AP:ssid[SKY45D4A],rssi[-78],BSSID=4c:17:eb:c4:5d:4b
01-19 19:43:14.693 I/wpa_supplicant( 1755): AP:ssid[PlusnetWirelessD194EF],rssi[-91],BSSID=a4:b1:e9:d1:94:ef
01-19 19:43:14.693 I/wpa_supplicant( 1755): Received 983 bytes of scan results (3 BSSes)
01-19 19:43:14.693 I/wpa_supplicant( 1755): wpa_driver_wext_get_scan_results---
01-19 19:43:14.693 I/wpa_supplicant( 1755): wpa_disabled_ssid_list_clear
01-19 19:43:14.693 V/WifiMonitor( 1574): Event [wpa_disabled_ssid_list_clear]
01-19 19:43:14.693 I/wpa_supplicant( 1755): No suitable AP found.
01-19 19:43:14.693 I/wpa_supplicant( 1755): CTRL-EVENT-STATE-CHANGE id=-1 state=1 BSSID=00:00:00:00:00:00
01-19 19:43:14.703 V/WifiMonitor( 1574): Event [CTRL-EVENT-STATE-CHANGE id=-1 state=1 BSSID=00:00:00:00:00:00]
01-19 19:43:14.713 D/WifiStateMachine( 1574): Changing supplicant state: SCANNING ==> INACTIVE
01-19 19:43:14.713 D/WifiStateMachine( 1574): setDetailed state, old =SCANNING and new state=IDLE
01-19 19:43:14.833 I/wpa_supplicant( 1755): CTRL-EVENT-STATE-CHANGE id=-1 state=2 BSSID=00:00:00:00:00:00
01-19 19:43:14.833 V/WifiMonitor( 1574): Event [CTRL-EVENT-STATE-CHANGE id=-1 state=2 BSSID=00:00:00:00:00:00]
01-19 19:43:14.833 D/WifiStateMachine( 1574): Changing supplicant state: INACTIVE ==> SCANNING
01-19 19:43:14.833 D/WifiStateMachine( 1574): setDetailed state, old =IDLE and new state=SCANNING
01-19 19:43:15.083 I/System.out( 2748): 3
01-19 19:43:15.924 I/wpa_supplicant( 1755): got scan complete
01-19 19:43:15.924 I/wpa_supplicant( 1755): wpa_supplicant_get_scan_results:return scan results2
01-19 19:43:15.924 I/wpa_supplicant( 1755): AP:ssid[SKY3D82A],rssi[-70],BSSID=7c:4c:a5:86:c5:2d
01-19 19:43:15.924 I/wpa_supplicant( 1755): AP:ssid[SKY45D4A],rssi[-78],BSSID=4c:17:eb:c4:5d:4b
01-19 19:43:15.924 I/wpa_supplicant( 1755): AP:ssid[PlusnetWirelessD194EF],rssi[-90],BSSID=a4:b1:e9:d1:94:ef
01-19 19:43:15.924 I/wpa_supplicant( 1755): Received 1112 bytes of scan results (3 BSSes)
01-19 19:43:15.924 I/wpa_supplicant( 1755): wpa_driver_wext_get_scan_results---
01-19 19:43:15.924 I/wpa_supplicant( 1755): wpa_disabled_ssid_list_clear
01-19 19:43:15.924 V/WifiMonitor( 1574): Event [wpa_disabled_ssid_list_clear]
01-19 19:43:15.924 I/wpa_supplicant( 1755): No suitable AP found.
01-19 19:43:15.924 I/wpa_supplicant( 1755): CTRL-EVENT-STATE-CHANGE id=-1 state=1 BSSID=00:00:00:00:00:00
01-19 19:43:15.924 V/WifiMonitor( 1574): Event [CTRL-EVENT-STATE-CHANGE id=-1 state=1 BSSID=00:00:00:00:00:00]
01-19 19:43:15.944 D/WifiStateMachine( 1574): Changing supplicant state: SCANNING ==> INACTIVE
01-19 19:43:15.944 D/WifiStateMachine( 1574): setDetailed state, old =SCANNING and new state=IDLE
01-19 19:43:16.004 D/dalvikvm( 2757): GC_CONCURRENT freed 446K, 10% free 6836K/7559K, paused 1ms+1ms
01-19 19:43:16.054 I/wpa_supplicant( 1755): CTRL-EVENT-STATE-CHANGE id=-1 state=2 BSSID=00:00:00:00:00:00
01-19 19:43:16.054 V/WifiMonitor( 1574): Event [CTRL-EVENT-STATE-CHANGE id=-1 state=2 BSSID=00:00:00:00:00:00]
01-19 19:43:16.054 D/WifiStateMachine( 1574): Changing supplicant state: INACTIVE ==> SCANNING
01-19 19:43:16.054 D/WifiStateMachine( 1574): setDetailed state, old =IDLE and new state=SCANNING
01-19 19:43:16.074 I/System.out( 2748): 3
01-19 19:43:17.075 I/System.out( 2748): 3
01-19 19:43:17.145 I/wpa_supplicant( 1755): got scan complete
01-19 19:43:17.145 I/wpa_supplicant( 1755): wpa_supplicant_get_scan_results:return scan results2
01-19 19:43:17.145 I/wpa_supplicant( 1755): AP:ssid[SKY3D82A],rssi[-70],BSSID=7c:4c:a5:86:c5:2d
01-19 19:43:17.145 I/wpa_supplicant( 1755): AP:ssid[SKY45D4A],rssi[-78],BSSID=4c:17:eb:c4:5d:4b
01-19 19:43:17.145 I/wpa_supplicant( 1755): AP:ssid[PlusnetWirelessD194EF],rssi[-91],BSSID=a4:b1:e9:d1:94:ef
01-19 19:43:17.145 I/wpa_supplicant( 1755): Received 983 bytes of scan results (3 BSSes)
01-19 19:43:17.145 I/wpa_supplicant( 1755): wpa_driver_wext_get_scan_results---
01-19 19:43:17.145 I/wpa_supplicant( 1755): wpa_disabled_ssid_list_clear
01-19 19:43:17.155 V/WifiMonitor( 1574): Event [wpa_disabled_ssid_list_clear]
01-19 19:43:17.155 I/wpa_supplicant( 1755): No suitable AP found.
01-19 19:43:17.155 I/wpa_supplicant( 1755): CTRL-EVENT-STATE-CHANGE id=-1 state=1 BSSID=00:00:00:00:00:00
01-19 19:43:17.155 V/WifiMonitor( 1574): Event [CTRL-EVENT-STATE-CHANGE id=-1 state=1 BSSID=00:00:00:00:00:00]
01-19 19:43:17.165 D/WifiStateMachine( 1574): Changing supplicant state: SCANNING ==> INACTIVE
01-19 19:43:17.165 D/WifiStateMachine( 1574): setDetailed state, old =SCANNING and new state=IDLE
01-19 19:43:17.275 I/wpa_supplicant( 1755): CTRL-EVENT-STATE-CHANGE id=-1 state=2 BSSID=00:00:00:00:00:00
01-19 19:43:17.275 V/WifiMonitor( 1574): Event [CTRL-EVENT-STATE-CHANGE id=-1 state=2 BSSID=00:00:00:00:00:00]
01-19 19:43:17.275 D/WifiStateMachine( 1574): Changing supplicant state: INACTIVE ==> SCANNING
01-19 19:43:17.275 D/WifiStateMachine( 1574): setDetailed state, old =IDLE and new state=SCANNING
01-19 19:43:17.335 D/dalvikvm( 2757): GC_CONCURRENT freed 446K, 10% free 6836K/7559K, paused 2ms+2ms
01-19 19:43:18.076 I/System.out( 2748): 3
01-19 19:43:18.366 I/wpa_supplicant( 1755): got scan complete
01-19 19:43:18.366 I/wpa_supplicant( 1755): wpa_supplicant_get_scan_results:return scan results2
01-19 19:43:18.366 I/wpa_supplicant( 1755): AP:ssid[SKY3D82A],rssi[-70],BSSID=7c:4c:a5:86:c5:2d
01-19 19:43:18.366 I/wpa_supplicant( 1755): AP:ssid[SKY45D4A],rssi[-78],BSSID=4c:17:eb:c4:5d:4b
01-19 19:43:18.366 I/wpa_supplicant( 1755): AP:ssid[PlusnetWirelessD194EF],rssi[-91],BSSID=a4:b1:e9:d1:94:ef
01-19 19:43:18.366 I/wpa_supplicant( 1755): Received 983 bytes of scan results (3 BSSes)
01-19 19:43:18.366 I/wpa_supplicant( 1755): wpa_driver_wext_get_scan_results---
01-19 19:43:18.366 I/wpa_supplicant( 1755): wpa_disabled_ssid_list_clear
01-19 19:43:18.366 V/WifiMonitor( 1574): Event [wpa_disabled_ssid_list_clear]
01-19 19:43:18.366 I/wpa_supplicant( 1755): No suitable AP found.
01-19 19:43:18.366 I/wpa_supplicant( 1755): CTRL-EVENT-STATE-CHANGE id=-1 state=1 BSSID=00:00:00:00:00:00
01-19 19:43:18.376 V/WifiMonitor( 1574): Event [CTRL-EVENT-STATE-CHANGE id=-1 state=1 BSSID=00:00:00:00:00:00]
01-19 19:43:18.386 D/WifiStateMachine( 1574): Changing supplicant state: SCANNING ==> INACTIVE
01-19 19:43:18.396 D/WifiStateMachine( 1574): setDetailed state, old =SCANNING and new state=IDLE
01-19 19:43:18.496 I/wpa_supplicant( 1755): CTRL-EVENT-STATE-CHANGE id=-1 state=2 BSSID=00:00:00:00:00:00
01-19 19:43:18.496 V/WifiMonitor( 1574): Event [CTRL-EVENT-STATE-CHANGE id=-1 state=2 BSSID=00:00:00:00:00:00]
01-19 19:43:18.496 D/WifiStateMachine( 1574): Changing supplicant state: INACTIVE ==> SCANNING
01-19 19:43:18.496 D/WifiStateMachine( 1574): setDetailed state, old =IDLE and new state=SCANNING
01-19 19:43:19.077 I/System.out( 2748): 3
01-19 19:43:19.587 I/wpa_supplicant( 1755): got scan complete
01-19 19:43:19.587 I/wpa_supplicant( 1755): wpa_supplicant_get_scan_results:return scan results2
01-19 19:43:19.587 I/wpa_supplicant( 1755): AP:ssid[SKY3D82A],rssi[-71],BSSID=7c:4c:a5:86:c5:2d
01-19 19:43:19.587 I/wpa_supplicant( 1755): AP:ssid[SKY45D4A],rssi[-78],BSSID=4c:17:eb:c4:5d:4b
01-19 19:43:19.587 I/wpa_supplicant( 1755): AP:ssid[PlusnetWirelessD194EF],rssi[-92],BSSID=a4:b1:e9:d1:94:ef
01-19 19:43:19.597 I/wpa_supplicant( 1755): Received 1112 bytes of scan results (3 BSSes)
01-19 19:43:19.597 I/wpa_supplicant( 1755): wpa_driver_wext_get_scan_results---
01-19 19:43:19.597 I/wpa_supplicant( 1755): wpa_disabled_ssid_list_clear
01-19 19:43:19.597 V/WifiMonitor( 1574): Event [wpa_disabled_ssid_list_clear]
01-19 19:43:19.597 I/wpa_supplicant( 1755): No suitable AP found.
01-19 19:43:19.597 I/wpa_supplicant( 1755): CTRL-EVENT-STATE-CHANGE id=-1 state=1 BSSID=00:00:00:00:00:00
01-19 19:43:19.597 V/WifiMonitor( 1574): Event [CTRL-EVENT-STATE-CHANGE id=-1 state=1 BSSID=00:00:00:00:00:00]
01-19 19:43:19.607 D/WifiStateMachine( 1574): Changing supplicant state: SCANNING ==> INACTIVE
01-19 19:43:19.617 D/WifiStateMachine( 1574): setDetailed state, old =SCANNING and new state=IDLE
01-19 19:43:19.677 D/dalvikvm( 2757): GC_CONCURRENT freed 446K, 10% free 6836K/7559K, paused 1ms+2ms
01-19 19:43:19.718 I/wpa_supplicant( 1755): CTRL-EVENT-STATE-CHANGE id=-1 state=2 BSSID=00:00:00:00:00:00
01-19 19:43:19.718 V/WifiMonitor( 1574): Event [CTRL-EVENT-STATE-CHANGE id=-1 state=2 BSSID=00:00:00:00:00:00]
01-19 19:43:19.718 D/WifiStateMachine( 1574): Changing supplicant state: INACTIVE ==> SCANNING
01-19 19:43:19.718 D/WifiStateMachine( 1574): setDetailed state, old =IDLE and new state=SCANNING
01-19 19:43:20.078 I/System.out( 2748): 3
01-19 19:43:20.809 I/wpa_supplicant( 1755): got scan complete
01-19 19:43:20.809 I/wpa_supplicant( 1755): wpa_supplicant_get_scan_results:return scan results2
01-19 19:43:20.809 I/wpa_supplicant( 1755): AP:ssid[SKY3D82A],rssi[-70],BSSID=7c:4c:a5:86:c5:2d
01-19 19:43:20.809 I/wpa_supplicant( 1755): AP:ssid[SKY45D4A],rssi[-77],BSSID=4c:17:eb:c4:5d:4b
01-19 19:43:20.809 I/wpa_supplicant( 1755): AP:ssid[PlusnetWirelessD194EF],rssi[-92],BSSID=a4:b1:e9:d1:94:ef
01-19 19:43:20.809 I/wpa_supplicant( 1755): Received 1112 bytes of scan results (3 BSSes)
01-19 19:43:20.809 I/wpa_supplicant( 1755): wpa_driver_wext_get_scan_results---
01-19 19:43:20.819 I/wpa_supplicant( 1755): wpa_disabled_ssid_list_clear
01-19 19:43:20.819 V/WifiMonitor( 1574): Event [wpa_disabled_ssid_list_clear]
01-19 19:43:20.819 I/wpa_supplicant( 1755): No suitable AP found.
01-19 19:43:20.819 I/wpa_supplicant( 1755): CTRL-EVENT-STATE-CHANGE id=-1 state=1 BSSID=00:00:00:00:00:00
01-19 19:43:20.819 V/WifiMonitor( 1574): Event [CTRL-EVENT-STATE-CHANGE id=-1 state=1 BSSID=00:00:00:00:00:00]
01-19 19:43:20.829 D/WifiStateMachine( 1574): Changing supplicant state: SCANNING ==> INACTIVE
01-19 19:43:20.839 D/WifiStateMachine( 1574): setDetailed state, old =SCANNING and new state=IDLE
01-19 19:43:20.939 I/wpa_supplicant( 1755): CTRL-EVENT-STATE-CHANGE id=-1 state=2 BSSID=00:00:00:00:00:00
01-19 19:43:20.939 V/WifiMonitor( 1574): Event [CTRL-EVENT-STATE-CHANGE id=-1 state=2 BSSID=00:00:00:00:00:00]
01-19 19:43:20.939 D/WifiStateMachine( 1574): Changing supplicant state: INACTIVE ==> SCANNING
01-19 19:43:20.939 D/WifiStateMachine( 1574): setDetailed state, old =IDLE and new state=SCANNING
01-19 19:43:21.049 D/dalvikvm( 2757): GC_CONCURRENT freed 446K, 10% free 6836K/7559K, paused 4ms+3ms
01-19 19:43:21.079 I/System.out( 2748): 3
01-19 19:43:22.040 I/wpa_supplicant( 1755): got scan complete
01-19 19:43:22.040 I/wpa_supplicant( 1755): wpa_supplicant_get_scan_results:return scan results2
01-19 19:43:22.040 I/wpa_supplicant( 1755): AP:ssid[SKY3D82A],rssi[-69],BSSID=7c:4c:a5:86:c5:2d
01-19 19:43:22.040 I/wpa_supplicant( 1755): AP:ssid[SKY45D4A],rssi[-76],BSSID=4c:17:eb:c4:5d:4b
01-19 19:43:22.040 I/wpa_supplicant( 1755): AP:ssid[PlusnetWirelessD194EF],rssi[-91],BSSID=a4:b1:e9:d1:94:ef
01-19 19:43:22.040 I/wpa_supplicant( 1755): Received 1112 bytes of scan results (3 BSSes)
01-19 19:43:22.040 I/wpa_supplicant( 1755): wpa_driver_wext_get_scan_results---
01-19 19:43:22.040 I/wpa_supplicant( 1755): wpa_disabled_ssid_list_clear
01-19 19:43:22.040 V/WifiMonitor( 1574): Event [wpa_disabled_ssid_list_clear]
01-19 19:43:22.040 I/wpa_supplicant( 1755): No suitable AP found.
01-19 19:43:22.040 I/wpa_supplicant( 1755): CTRL-EVENT-STATE-CHANGE id=-1 state=1 BSSID=00:00:00:00:00:00
01-19 19:43:22.040 V/WifiMonitor( 1574): Event [CTRL-EVENT-STATE-CHANGE id=-1 state=1 BSSID=00:00:00:00:00:00]
01-19 19:43:22.070 D/WifiStateMachine( 1574): Changing supplicant state: SCANNING ==> INACTIVE
01-19 19:43:22.070 D/WifiStateMachine( 1574): setDetailed state, old =SCANNING and new state=IDLE
01-19 19:43:22.090 I/System.out( 2748): 3
01-19 19:43:22.110 D/UsbnetService( 1574): BroadcastReceiver::onReceive+
01-19 19:43:22.110 D/UsbnetService( 1574): onReceive BATTERY_CHANGED
01-19 19:43:22.110 D/UsbnetService( 1574):  --> pluggedType = 0, mPluggedType = 0, mScreenOff = false
01-19 19:43:22.110 D/UsbnetService( 1574): BroadcastReceiver::onReceive-
01-19 19:43:22.110 D/WifiService( 1574): ACTION_BATTERY_CHANGED pluggedType: 0
01-19 19:43:22.110 D/NotificationService( 1574): mIntentReceiver() Intent.ACTION_BATTERY_CHANGED
01-19 19:43:22.120 D/RemoveMe( 1668): DCT got intent android.intent.action.BATTERY_CHANGED
01-19 19:43:22.120 D/RemoveMe( 1668): DCT got intent android.intent.action.BATTERY_CHANGED
01-19 19:43:22.120 D/RemoveMe( 1668): DCT got intent android.intent.action.BATTERY_CHANGED
01-19 19:43:22.120 D/BatteryService( 1574): SendIntentforPowersaver
01-19 19:43:22.120 D/BatteryService( 1574): Current powersaver status == NORMAL_STATUS1 4 2 false
01-19 19:43:22.120 D/PowerUI ( 1648): plugged = false, health = 2, mBatteryLevel = 99, mPluggedBatteryLevel = 99, mLowBatteryWarningLevel2 = 25, mshowLowChargingWarning2 = true
01-19 19:43:22.170 I/wpa_supplicant( 1755): CTRL-EVENT-STATE-CHANGE id=-1 state=2 BSSID=00:00:00:00:00:00
01-19 19:43:22.170 V/WifiMonitor( 1574): Event [CTRL-EVENT-STATE-CHANGE id=-1 state=2 BSSID=00:00:00:00:00:00]
01-19 19:43:22.170 D/WifiStateMachine( 1574): Changing supplicant state: INACTIVE ==> SCANNING
01-19 19:43:22.170 D/WifiStateMachine( 1574): setDetailed state, old =IDLE and new state=SCANNING
01-19 19:43:23.091 I/System.out( 2748): 3
01-19 19:43:23.261 I/wpa_supplicant( 1755): got scan complete
01-19 19:43:23.261 I/wpa_supplicant( 1755): wpa_supplicant_get_scan_results:return scan results2
01-19 19:43:23.261 I/wpa_supplicant( 1755): AP:ssid[SKY3D82A],rssi[-70],BSSID=7c:4c:a5:86:c5:2d
01-19 19:43:23.261 I/wpa_supplicant( 1755): AP:ssid[SKY45D4A],rssi[-77],BSSID=4c:17:eb:c4:5d:4b
01-19 19:43:23.261 I/wpa_supplicant( 1755): AP:ssid[PlusnetWirelessD194EF],rssi[-92],BSSID=a4:b1:e9:d1:94:ef
01-19 19:43:23.261 I/wpa_supplicant( 1755): Received 1112 bytes of scan results (3 BSSes)
01-19 19:43:23.271 I/wpa_supplicant( 1755): wpa_driver_wext_get_scan_results---
01-19 19:43:23.271 I/wpa_supplicant( 1755): wpa_disabled_ssid_list_clear
01-19 19:43:23.271 V/WifiMonitor( 1574): Event [wpa_disabled_ssid_list_clear]
01-19 19:43:23.271 I/wpa_supplicant( 1755): No suitable AP found.
01-19 19:43:23.271 I/wpa_supplicant( 1755): CTRL-EVENT-STATE-CHANGE id=-1 state=1 BSSID=00:00:00:00:00:00
01-19 19:43:23.271 V/WifiMonitor( 1574): Event [CTRL-EVENT-STATE-CHANGE id=-1 state=1 BSSID=00:00:00:00:00:00]
01-19 19:43:23.291 D/WifiStateMachine( 1574): Changing supplicant state: SCANNING ==> INACTIVE
01-19 19:43:23.291 D/WifiStateMachine( 1574): setDetailed state, old =SCANNING and new state=IDLE
01-19 19:43:23.351 D/dalvikvm( 2757): GC_CONCURRENT freed 446K, 10% free 6836K/7559K, paused 1ms+2ms
01-19 19:43:23.391 I/wpa_supplicant( 1755): CTRL-EVENT-STATE-CHANGE id=-1 state=2 BSSID=00:00:00:00:00:00
01-19 19:43:23.391 V/WifiMonitor( 1574): Event [CTRL-EVENT-STATE-CHANGE id=-1 state=2 BSSID=00:00:00:00:00:00]
01-19 19:43:23.391 D/WifiStateMachine( 1574): Changing supplicant state: INACTIVE ==> SCANNING
01-19 19:43:23.391 D/WifiStateMachine( 1574): setDetailed state, old =IDLE and new state=SCANNING
01-19 19:43:24.092 I/System.out( 2748): 3
01-19 19:43:24.172 I/ActivityManager( 1574): Start proc com.android.vending for broadcast com.android.vending/com.google.android.finsky.receivers.UpdateCheckReceiver: pid=2867 uid=10049 gids={3003, 1015}
01-19 19:43:24.252 I/ActivityThread( 2867): Pub com.google.android.finsky.RecentSuggestionsProvider: com.google.android.finsky.providers.RecentSuggestionsProvider
01-19 19:43:24.292 D/SqliteDatabaseCpp( 2867): dbopen(): path = /data/data/com.android.vending/databases , key = mYvoet[Ywwetw, flag = 6, file size = 7168
01-19 19:43:24.302 D/SqliteDatabaseCpp( 2867): dbopen(): path = /data/data/com.android.vending/databases , key = mYvoet[Ywwetw, mode: delete, disk free size: 7854 M, handle: 0x1ae0e0
01-19 19:43:24.332 D/Socket_Alarm( 2867): registerHTCSocketMonitorCallBack
01-19 19:43:24.332 D/Socket_Alarm( 2867): set mSocketMonitor
01-19 19:43:24.342 D/Socket_Alarm( 2867): HTCSocketMonitorImpl::HTCSocketMonitorImpl
01-19 19:43:24.342 D/Finsky  ( 2867): [1] SanityChecker.run: # LocalAssets corrected : 0
01-19 19:43:24.342 D/Finsky  ( 2867): Sanity check took : 5 ms
01-19 19:43:24.342 D/dalvikvm( 2867): GC_CONCURRENT freed 218K, 5% free 6723K/7047K, paused 1ms+2ms
01-19 19:43:24.352 I/ActivityManager( 1574): No longer want com.android.smith (pid 2632): hidden #16
01-19 19:43:24.372 D/Finsky  ( 2867): [23] DownloadRecords.initializeAndPrune: Pruned 0 old downloads from the cursor.
01-19 19:43:24.482 I/wpa_supplicant( 1755): got scan complete
01-19 19:43:24.482 I/wpa_supplicant( 1755): wpa_supplicant_get_scan_results:return scan results2
01-19 19:43:24.482 I/wpa_supplicant( 1755): AP:ssid[SKY3D82A],rssi[-71],BSSID=7c:4c:a5:86:c5:2d
01-19 19:43:24.482 I/wpa_supplicant( 1755): AP:ssid[SKY45D4A],rssi[-77],BSSID=4c:17:eb:c4:5d:4b
01-19 19:43:24.482 I/wpa_supplicant( 1755): AP:ssid[PlusnetWirelessD194EF],rssi[-93],BSSID=a4:b1:e9:d1:94:ef
01-19 19:43:24.482 I/wpa_supplicant( 1755): Received 983 bytes of scan results (3 BSSes)
01-19 19:43:24.482 I/wpa_supplicant( 1755): wpa_driver_wext_get_scan_results---
01-19 19:43:24.482 I/wpa_supplicant( 1755): wpa_disabled_ssid_list_clear
01-19 19:43:24.482 V/WifiMonitor( 1574): Event [wpa_disabled_ssid_list_clear]
01-19 19:43:24.482 I/wpa_supplicant( 1755): No suitable AP found.
01-19 19:43:24.482 I/wpa_supplicant( 1755): CTRL-EVENT-STATE-CHANGE id=-1 state=1 BSSID=00:00:00:00:00:00
01-19 19:43:24.482 V/WifiMonitor( 1574): Event [CTRL-EVENT-STATE-CHANGE id=-1 state=1 BSSID=00:00:00:00:00:00]
01-19 19:43:24.482 D/WifiStateMachine( 1574): Changing supplicant state: SCANNING ==> INACTIVE
01-19 19:43:24.482 D/WifiStateMachine( 1574): setDetailed state, old =SCANNING and new state=IDLE
01-19 19:43:24.592 I/wpa_supplicant( 1755): CTRL-EVENT-STATE-CHANGE id=-1 state=2 BSSID=00:00:00:00:00:00
01-19 19:43:24.592 V/WifiMonitor( 1574): Event [CTRL-EVENT-STATE-CHANGE id=-1 state=2 BSSID=00:00:00:00:00:00]
01-19 19:43:24.592 D/WifiStateMachine( 1574): Changing supplicant state: INACTIVE ==> SCANNING
01-19 19:43:24.592 D/WifiStateMachine( 1574): setDetailed state, old =IDLE and new state=SCANNING
01-19 19:43:24.672 D/dalvikvm( 2757): GC_CONCURRENT freed 446K, 10% free 6836K/7559K, paused 1ms+2ms
01-19 19:43:25.083 I/System.out( 2748): 3
01-19 19:43:25.693 I/wpa_supplicant( 1755): got scan complete
01-19 19:43:25.693 I/wpa_supplicant( 1755): wpa_supplicant_get_scan_results:return scan results2
01-19 19:43:25.693 I/wpa_supplicant( 1755): AP:ssid[SKY3D82A],rssi[-70],BSSID=7c:4c:a5:86:c5:2d
01-19 19:43:25.693 I/wpa_supplicant( 1755): AP:ssid[SKY45D4A],rssi[-77],BSSID=4c:17:eb:c4:5d:4b
01-19 19:43:25.693 I/wpa_supplicant( 1755): AP:ssid[PlusnetWirelessD194EF],rssi[-93],BSSID=a4:b1:e9:d1:94:ef
01-19 19:43:25.693 I/wpa_supplicant( 1755): Received 1112 bytes of scan results (3 BSSes)
01-19 19:43:25.693 I/wpa_supplicant( 1755): wpa_driver_wext_get_scan_results---
01-19 19:43:25.693 I/wpa_supplicant( 1755): wpa_disabled_ssid_list_clear
01-19 19:43:25.693 V/WifiMonitor( 1574): Event [wpa_disabled_ssid_list_clear]
01-19 19:43:25.693 I/wpa_supplicant( 1755): No suitable AP found.
01-19 19:43:25.693 I/wpa_supplicant( 1755): CTRL-EVENT-STATE-CHANGE id=-1 state=1 BSSID=00:00:00:00:00:00
01-19 19:43:25.693 V/WifiMonitor( 1574): Event [CTRL-EVENT-STATE-CHANGE id=-1 state=1 BSSID=00:00:00:00:00:00]
01-19 19:43:25.713 D/WifiStateMachine( 1574): Changing supplicant state: SCANNING ==> INACTIVE
01-19 19:43:25.713 D/WifiStateMachine( 1574): setDetailed state, old =SCANNING and new state=IDLE
01-19 19:43:25.823 I/wpa_supplicant( 1755): CTRL-EVENT-STATE-CHANGE id=-1 state=2 BSSID=00:00:00:00:00:00
01-19 19:43:25.823 V/WifiMonitor( 1574): Event [CTRL-EVENT-STATE-CHANGE id=-1 state=2 BSSID=00:00:00:00:00:00]
01-19 19:43:25.823 D/WifiStateMachine( 1574): Changing supplicant state: INACTIVE ==> SCANNING
01-19 19:43:25.823 D/WifiStateMachine( 1574): setDetailed state, old =IDLE and new state=SCANNING
01-19 19:43:26.084 I/System.out( 2748): 3
01-19 19:43:26.915 I/wpa_supplicant( 1755): got scan complete
01-19 19:43:26.915 I/wpa_supplicant( 1755): wpa_supplicant_get_scan_results:return scan results2
01-19 19:43:26.915 I/wpa_supplicant( 1755): AP:ssid[SKY3D82A],rssi[-71],BSSID=7c:4c:a5:86:c5:2d
01-19 19:43:26.915 I/wpa_supplicant( 1755): AP:ssid[SKY45D4A],rssi[-77],BSSID=4c:17:eb:c4:5d:4b
01-19 19:43:26.915 I/wpa_supplicant( 1755): AP:ssid[PlusnetWirelessD194EF],rssi[-91],BSSID=a4:b1:e9:d1:94:ef
01-19 19:43:26.915 I/wpa_supplicant( 1755): Received 1112 bytes of scan results (3 BSSes)
01-19 19:43:26.915 I/wpa_supplicant( 1755): wpa_driver_wext_get_scan_results---
01-19 19:43:26.915 I/wpa_supplicant( 1755): wpa_disabled_ssid_list_clear
01-19 19:43:26.915 V/WifiMonitor( 1574): Event [wpa_disabled_ssid_list_clear]
01-19 19:43:26.915 I/wpa_supplicant( 1755): No suitable AP found.
01-19 19:43:26.915 I/wpa_supplicant( 1755): CTRL-EVENT-STATE-CHANGE id=-1 state=1 BSSID=00:00:00:00:00:00
01-19 19:43:26.915 V/WifiMonitor( 1574): Event [CTRL-EVENT-STATE-CHANGE id=-1 state=1 BSSID=00:00:00:00:00:00]
01-19 19:43:26.935 D/WifiStateMachine( 1574): Changing supplicant state: SCANNING ==> INACTIVE
01-19 19:43:26.935 D/WifiStateMachine( 1574): setDetailed state, old =SCANNING and new state=IDLE
01-19 19:43:26.995 D/dalvikvm( 2757): GC_CONCURRENT freed 446K, 10% free 6836K/7559K, paused 1ms+1ms
01-19 19:43:27.045 I/wpa_supplicant( 1755): CTRL-EVENT-STATE-CHANGE id=-1 state=2 BSSID=00:00:00:00:00:00
01-19 19:43:27.045 V/WifiMonitor( 1574): Event [CTRL-EVENT-STATE-CHANGE id=-1 state=2 BSSID=00:00:00:00:00:00]
01-19 19:43:27.045 D/WifiStateMachine( 1574): Changing supplicant state: INACTIVE ==> SCANNING
01-19 19:43:27.045 D/WifiStateMachine( 1574): setDetailed state, old =IDLE and new state=SCANNING
01-19 19:43:27.085 I/System.out( 2748): 3
01-19 19:43:28.086 I/System.out( 2748): 3
01-19 19:43:28.146 I/wpa_supplicant( 1755): got scan complete
01-19 19:43:28.146 I/wpa_supplicant( 1755): wpa_supplicant_get_scan_results:return scan results2
01-19 19:43:28.146 I/wpa_supplicant( 1755): AP:ssid[SKY3D82A],rssi[-70],BSSID=7c:4c:a5:86:c5:2d
01-19 19:43:28.146 I/wpa_supplicant( 1755): AP:ssid[SKY45D4A],rssi[-76],BSSID=4c:17:eb:c4:5d:4b
01-19 19:43:28.146 I/wpa_supplicant( 1755): AP:ssid[PlusnetWirelessD194EF],rssi[-93],BSSID=a4:b1:e9:d1:94:ef
01-19 19:43:28.146 I/wpa_supplicant( 1755): Received 1112 bytes of scan results (3 BSSes)
01-19 19:43:28.146 I/wpa_supplicant( 1755): wpa_driver_wext_get_scan_results---
01-19 19:43:28.146 I/wpa_supplicant( 1755): wpa_disabled_ssid_list_clear
01-19 19:43:28.146 V/WifiMonitor( 1574): Event [wpa_disabled_ssid_list_clear]
01-19 19:43:28.146 I/wpa_supplicant( 1755): No suitable AP found.
01-19 19:43:28.146 I/wpa_supplicant( 1755): CTRL-EVENT-STATE-CHANGE id=-1 state=1 BSSID=00:00:00:00:00:00
01-19 19:43:28.146 V/WifiMonitor( 1574): Event [CTRL-EVENT-STATE-CHANGE id=-1 state=1 BSSID=00:00:00:00:00:00]
01-19 19:43:28.166 D/WifiStateMachine( 1574): Changing supplicant state: SCANNING ==> INACTIVE
01-19 19:43:28.166 D/WifiStateMachine( 1574): setDetailed state, old =SCANNING and new state=IDLE
01-19 19:43:28.276 I/wpa_supplicant( 1755): CTRL-EVENT-STATE-CHANGE id=-1 state=2 BSSID=00:00:00:00:00:00
01-19 19:43:28.276 V/WifiMonitor( 1574): Event [CTRL-EVENT-STATE-CHANGE id=-1 state=2 BSSID=00:00:00:00:00:00]
01-19 19:43:28.276 D/WifiStateMachine( 1574): Changing supplicant state: INACTIVE ==> SCANNING
01-19 19:43:28.276 D/WifiStateMachine( 1574): setDetailed state, old =IDLE and new state=SCANNING
01-19 19:43:28.386 D/dalvikvm( 2757): GC_CONCURRENT freed 446K, 10% free 6836K/7559K, paused 3ms+5ms
01-19 19:43:29.087 I/System.out( 2748): 3
01-19 19:43:29.367 I/wpa_supplicant( 1755): got scan complete
01-19 19:43:29.367 I/wpa_supplicant( 1755): wpa_supplicant_get_scan_results:return scan results2
01-19 19:43:29.367 I/wpa_supplicant( 1755): AP:ssid[SKY3D82A],rssi[-70],BSSID=7c:4c:a5:86:c5:2d
01-19 19:43:29.367 I/wpa_supplicant( 1755): AP:ssid[BrightBox-ypa4t6],rssi[-98],BSSID=1c:c6:3c:7b:b6:49
01-19 19:43:29.367 I/wpa_supplicant( 1755): AP:ssid[SKY45D4A],rssi[-79],BSSID=4c:17:eb:c4:5d:4b
01-19 19:43:29.367 I/wpa_supplicant( 1755): AP:ssid[PlusnetWirelessD194EF],rssi[-91],BSSID=a4:b1:e9:d1:94:ef
01-19 19:43:29.367 I/wpa_supplicant( 1755): Received 1364 bytes of scan results (4 BSSes)
01-19 19:43:29.367 I/wpa_supplicant( 1755): wpa_driver_wext_get_scan_results---
01-19 19:43:29.367 I/wpa_supplicant( 1755): wpa_disabled_ssid_list_clear
01-19 19:43:29.367 V/WifiMonitor( 1574): Event [wpa_disabled_ssid_list_clear]
01-19 19:43:29.367 I/wpa_supplicant( 1755): No suitable AP found.
01-19 19:43:29.367 I/wpa_supplicant( 1755): CTRL-EVENT-STATE-CHANGE id=-1 state=1 BSSID=00:00:00:00:00:00
01-19 19:43:29.377 V/WifiMonitor( 1574): Event [CTRL-EVENT-STATE-CHANGE id=-1 state=1 BSSID=00:00:00:00:00:00]
01-19 19:43:29.397 D/WifiStateMachine( 1574): Changing supplicant state: SCANNING ==> INACTIVE
01-19 19:43:29.397 D/WifiStateMachine( 1574): setDetailed state, old =SCANNING and new state=IDLE
01-19 19:43:29.507 I/wpa_supplicant( 1755): CTRL-EVENT-STATE-CHANGE id=-1 state=2 BSSID=00:00:00:00:00:00
01-19 19:43:29.507 V/WifiMonitor( 1574): Event [CTRL-EVENT-STATE-CHANGE id=-1 state=2 BSSID=00:00:00:00:00:00]
01-19 19:43:29.507 D/WifiStateMachine( 1574): Changing supplicant state: INACTIVE ==> SCANNING
01-19 19:43:29.507 D/WifiStateMachine( 1574): setDetailed state, old =IDLE and new state=SCANNING
01-19 19:43:30.088 I/System.out( 2748): 4
01-19 19:43:30.598 I/wpa_supplicant( 1755): got scan complete
01-19 19:43:30.598 I/wpa_supplicant( 1755): wpa_supplicant_get_scan_results:return scan results2
01-19 19:43:30.598 I/wpa_supplicant( 1755): AP:ssid[SKY3D82A],rssi[-71],BSSID=7c:4c:a5:86:c5:2d
01-19 19:43:30.598 I/wpa_supplicant( 1755): AP:ssid[SKY45D4A],rssi[-78],BSSID=4c:17:eb:c4:5d:4b
01-19 19:43:30.608 I/wpa_supplicant( 1755): AP:ssid[PlusnetWirelessD194EF],rssi[-92],BSSID=a4:b1:e9:d1:94:ef
01-19 19:43:30.608 I/wpa_supplicant( 1755): Received 1112 bytes of scan results (3 BSSes)
01-19 19:43:30.608 I/wpa_supplicant( 1755): wpa_driver_wext_get_scan_results---
01-19 19:43:30.608 I/wpa_supplicant( 1755): wpa_disabled_ssid_list_clear
01-19 19:43:30.608 V/WifiMonitor( 1574): Event [wpa_disabled_ssid_list_clear]
01-19 19:43:30.608 I/wpa_supplicant( 1755): No suitable AP found.
01-19 19:43:30.608 I/wpa_supplicant( 1755): CTRL-EVENT-STATE-CHANGE id=-1 state=1 BSSID=00:00:00:00:00:00
01-19 19:43:30.608 V/WifiMonitor( 1574): Event [CTRL-EVENT-STATE-CHANGE id=-1 state=1 BSSID=00:00:00:00:00:00]
01-19 19:43:30.628 D/WifiStateMachine( 1574): Changing supplicant state: SCANNING ==> INACTIVE
01-19 19:43:30.628 D/WifiStateMachine( 1574): setDetailed state, old =SCANNING and new state=IDLE
01-19 19:43:30.688 D/dalvikvm( 2757): GC_CONCURRENT freed 446K, 10% free 6836K/7559K, paused 1ms+1ms
01-19 19:43:30.728 I/wpa_supplicant( 1755): CTRL-EVENT-STATE-CHANGE id=-1 state=2 BSSID=00:00:00:00:00:00
01-19 19:43:30.728 V/WifiMonitor( 1574): Event [CTRL-EVENT-STATE-CHANGE id=-1 state=2 BSSID=00:00:00:00:00:00]
01-19 19:43:30.728 D/WifiStateMachine( 1574): Changing supplicant state: INACTIVE ==> SCANNING
01-19 19:43:30.728 D/WifiStateMachine( 1574): setDetailed state, old =IDLE and new state=SCANNING
01-19 19:43:31.089 I/System.out( 2748): 3
01-19 19:43:31.819 I/wpa_supplicant( 1755): got scan complete
01-19 19:43:31.819 I/wpa_supplicant( 1755): wpa_supplicant_get_scan_results:return scan results2
01-19 19:43:31.819 I/wpa_supplicant( 1755): AP:ssid[SKY3D82A],rssi[-72],BSSID=7c:4c:a5:86:c5:2d
01-19 19:43:31.819 I/wpa_supplicant( 1755): AP:ssid[SKY45D4A],rssi[-78],BSSID=4c:17:eb:c4:5d:4b
01-19 19:43:31.819 I/wpa_supplicant( 1755): AP:ssid[PlusnetWirelessD194EF],rssi[-92],BSSID=a4:b1:e9:d1:94:ef
01-19 19:43:31.829 I/wpa_supplicant( 1755): Received 1112 bytes of scan results (3 BSSes)
01-19 19:43:31.829 I/wpa_supplicant( 1755): wpa_driver_wext_get_scan_results---
01-19 19:43:31.829 I/wpa_supplicant( 1755): wpa_disabled_ssid_list_clear
01-19 19:43:31.829 V/WifiMonitor( 1574): Event [wpa_disabled_ssid_list_clear]
01-19 19:43:31.829 I/wpa_supplicant( 1755): No suitable AP found.
01-19 19:43:31.829 I/wpa_supplicant( 1755): CTRL-EVENT-STATE-CHANGE id=-1 state=1 BSSID=00:00:00:00:00:00
01-19 19:43:31.829 V/WifiMonitor( 1574): Event [CTRL-EVENT-STATE-CHANGE id=-1 state=1 BSSID=00:00:00:00:00:00]
01-19 19:43:31.839 D/WifiStateMachine( 1574): Changing supplicant state: SCANNING ==> INACTIVE
01-19 19:43:31.849 D/WifiStateMachine( 1574): setDetailed state, old =SCANNING and new state=IDLE
01-19 19:43:31.949 I/wpa_supplicant( 1755): CTRL-EVENT-STATE-CHANGE id=-1 state=2 BSSID=00:00:00:00:00:00
01-19 19:43:31.949 V/WifiMonitor( 1574): Event [CTRL-EVENT-STATE-CHANGE id=-1 state=2 BSSID=00:00:00:00:00:00]
01-19 19:43:31.949 D/WifiStateMachine( 1574): Changing supplicant state: INACTIVE ==> SCANNING
01-19 19:43:31.949 D/WifiStateMachine( 1574): setDetailed state, old =IDLE and new state=SCANNING
01-19 19:43:32.060 D/dalvikvm( 2757): GC_CONCURRENT freed 446K, 10% free 6836K/7559K, paused 3ms+4ms
01-19 19:43:32.090 I/System.out( 2748): 3
01-19 19:43:33.040 I/wpa_supplicant( 1755): got scan complete
01-19 19:43:33.040 I/wpa_supplicant( 1755): wpa_supplicant_get_scan_results:return scan results2
01-19 19:43:33.040 I/wpa_supplicant( 1755): AP:ssid[SKY3D82A],rssi[-74],BSSID=7c:4c:a5:86:c5:2d
01-19 19:43:33.040 I/wpa_supplicant( 1755): AP:ssid[SKY45D4A],rssi[-78],BSSID=4c:17:eb:c4:5d:4b
01-19 19:43:33.040 I/wpa_supplicant( 1755): AP:ssid[PlusnetWirelessD194EF],rssi[-92],BSSID=a4:b1:e9:d1:94:ef
01-19 19:43:33.040 I/wpa_supplicant( 1755): Received 1112 bytes of scan results (3 BSSes)
01-19 19:43:33.040 I/wpa_supplicant( 1755): wpa_driver_wext_get_scan_results---
01-19 19:43:33.051 I/wpa_supplicant( 1755): wpa_disabled_ssid_list_clear
01-19 19:43:33.051 V/WifiMonitor( 1574): Event [wpa_disabled_ssid_list_clear]
01-19 19:43:33.051 I/wpa_supplicant( 1755): No suitable AP found.
01-19 19:43:33.051 I/wpa_supplicant( 1755): CTRL-EVENT-STATE-CHANGE id=-1 state=1 BSSID=00:00:00:00:00:00
01-19 19:43:33.051 V/WifiMonitor( 1574): Event [CTRL-EVENT-STATE-CHANGE id=-1 state=1 BSSID=00:00:00:00:00:00]
01-19 19:43:33.061 D/WifiStateMachine( 1574): Changing supplicant state: SCANNING ==> INACTIVE
01-19 19:43:33.061 D/WifiStateMachine( 1574): setDetailed state, old =SCANNING and new state=IDLE
01-19 19:43:33.091 I/System.out( 2748): 3
01-19 19:43:33.171 I/wpa_supplicant( 1755): CTRL-EVENT-STATE-CHANGE id=-1 state=2 BSSID=00:00:00:00:00:00
01-19 19:43:33.171 V/WifiMonitor( 1574): Event [CTRL-EVENT-STATE-CHANGE id=-1 state=2 BSSID=00:00:00:00:00:00]
01-19 19:43:33.171 D/WifiStateMachine( 1574): Changing supplicant state: INACTIVE ==> SCANNING
01-19 19:43:33.171 D/WifiStateMachine( 1574): setDetailed state, old =IDLE and new state=SCANNING
01-19 19:43:34.092 I/System.out( 2748): 3
01-19 19:43:34.262 I/wpa_supplicant( 1755): got scan complete
01-19 19:43:34.262 I/wpa_supplicant( 1755): wpa_supplicant_get_scan_results:return scan results2
01-19 19:43:34.272 I/wpa_supplicant( 1755): AP:ssid[SKY3D82A],rssi[-73],BSSID=7c:4c:a5:86:c5:2d
01-19 19:43:34.272 I/wpa_supplicant( 1755): AP:ssid[SKY45D4A],rssi[-78],BSSID=4c:17:eb:c4:5d:4b
01-19 19:43:34.272 I/wpa_supplicant( 1755): AP:ssid[PlusnetWirelessD194EF],rssi[-93],BSSID=a4:b1:e9:d1:94:ef
01-19 19:43:34.272 I/wpa_supplicant( 1755): Received 1112 bytes of scan results (3 BSSes)
01-19 19:43:34.272 I/wpa_supplicant( 1755): wpa_driver_wext_get_scan_results---
01-19 19:43:34.272 I/wpa_supplicant( 1755): wpa_disabled_ssid_list_clear
01-19 19:43:34.272 V/WifiMonitor( 1574): Event [wpa_disabled_ssid_list_clear]
01-19 19:43:34.272 I/wpa_supplicant( 1755): No suitable AP found.
01-19 19:43:34.272 I/wpa_supplicant( 1755): CTRL-EVENT-STATE-CHANGE id=-1 state=1 BSSID=00:00:00:00:00:00
01-19 19:43:34.272 V/WifiMonitor( 1574): Event [CTRL-EVENT-STATE-CHANGE id=-1 state=1 BSSID=00:00:00:00:00:00]
01-19 19:43:34.292 D/WifiStateMachine( 1574): Changing supplicant state: SCANNING ==> INACTIVE
01-19 19:43:34.292 D/WifiStateMachine( 1574): setDetailed state, old =SCANNING and new state=IDLE
01-19 19:43:34.352 D/dalvikvm( 2757): GC_CONCURRENT freed 446K, 10% free 6836K/7559K, paused 1ms+1ms
01-19 19:43:34.392 I/wpa_supplicant( 1755): CTRL-EVENT-STATE-CHANGE id=-1 state=2 BSSID=00:00:00:00:00:00
01-19 19:43:34.392 V/WifiMonitor( 1574): Event [CTRL-EVENT-STATE-CHANGE id=-1 state=2 BSSID=00:00:00:00:00:00]
01-19 19:43:34.392 D/WifiStateMachine( 1574): Changing supplicant state: INACTIVE ==> SCANNING
01-19 19:43:34.392 D/WifiStateMachine( 1574): setDetailed state, old =IDLE and new state=SCANNING
01-19 19:43:35.093 I/System.out( 2748): 3
01-19 19:43:35.483 I/wpa_supplicant( 1755): got scan complete
01-19 19:43:35.483 I/wpa_supplicant( 1755): wpa_supplicant_get_scan_results:return scan results2
01-19 19:43:35.483 I/wpa_supplicant( 1755): AP:ssid[SKY3D82A],rssi[-72],BSSID=7c:4c:a5:86:c5:2d
01-19 19:43:35.483 I/wpa_supplicant( 1755): AP:ssid[SKY45D4A],rssi[-78],BSSID=4c:17:eb:c4:5d:4b
01-19 19:43:35.483 I/wpa_supplicant( 1755): AP:ssid[PlusnetWirelessD194EF],rssi[-90],BSSID=a4:b1:e9:d1:94:ef
01-19 19:43:35.483 I/wpa_supplicant( 1755): Received 1112 bytes of scan results (3 BSSes)
01-19 19:43:35.483 I/wpa_supplicant( 1755): wpa_driver_wext_get_scan_results---
01-19 19:43:35.483 I/wpa_supplicant( 1755): wpa_disabled_ssid_list_clear
01-19 19:43:35.483 V/WifiMonitor( 1574): Event [wpa_disabled_ssid_list_clear]
01-19 19:43:35.493 I/wpa_supplicant( 1755): No suitable AP found.
01-19 19:43:35.493 I/wpa_supplicant( 1755): CTRL-EVENT-STATE-CHANGE id=-1 state=1 BSSID=00:00:00:00:00:00
01-19 19:43:35.493 V/WifiMonitor( 1574): Event [CTRL-EVENT-STATE-CHANGE id=-1 state=1 BSSID=00:00:00:00:00:00]
01-19 19:43:35.503 D/WifiStateMachine( 1574): Changing supplicant state: SCANNING ==> INACTIVE
01-19 19:43:35.503 D/WifiStateMachine( 1574): setDetailed state, old =SCANNING and new state=IDLE
01-19 19:43:35.613 I/wpa_supplicant( 1755): CTRL-EVENT-STATE-CHANGE id=-1 state=2 BSSID=00:00:00:00:00:00
01-19 19:43:35.613 V/WifiMonitor( 1574): Event [CTRL-EVENT-STATE-CHANGE id=-1 state=2 BSSID=00:00:00:00:00:00]
01-19 19:43:35.613 D/WifiStateMachine( 1574): Changing supplicant state: INACTIVE ==> SCANNING
01-19 19:43:35.613 D/WifiStateMachine( 1574): setDetailed state, old =IDLE and new state=SCANNING
01-19 19:43:35.753 D/dalvikvm( 2757): GC_CONCURRENT freed 446K, 10% free 6836K/7559K, paused 4ms+1ms
01-19 19:43:36.093 I/System.out( 2748): 3
01-19 19:43:36.704 I/wpa_supplicant( 1755): got scan complete
01-19 19:43:36.704 I/wpa_supplicant( 1755): wpa_supplicant_get_scan_results:return scan results2
01-19 19:43:36.704 I/wpa_supplicant( 1755): AP:ssid[SKY3D82A],rssi[-72],BSSID=7c:4c:a5:86:c5:2d
01-19 19:43:36.704 I/wpa_supplicant( 1755): AP:ssid[SKY45D4A],rssi[-78],BSSID=4c:17:eb:c4:5d:4b
01-19 19:43:36.704 I/wpa_supplicant( 1755): AP:ssid[PlusnetWirelessD194EF],rssi[-91],BSSID=a4:b1:e9:d1:94:ef
01-19 19:43:36.704 I/wpa_supplicant( 1755): Received 1112 bytes of scan results (3 BSSes)
01-19 19:43:36.704 I/wpa_supplicant( 1755): wpa_driver_wext_get_scan_results---
01-19 19:43:36.704 I/wpa_supplicant( 1755): wpa_disabled_ssid_list_clear
01-19 19:43:36.714 V/WifiMonitor( 1574): Event [wpa_disabled_ssid_list_clear]
01-19 19:43:36.714 I/wpa_supplicant( 1755): No suitable AP found.
01-19 19:43:36.714 I/wpa_supplicant( 1755): CTRL-EVENT-STATE-CHANGE id=-1 state=1 BSSID=00:00:00:00:00:00
01-19 19:43:36.714 V/WifiMonitor( 1574): Event [CTRL-EVENT-STATE-CHANGE id=-1 state=1 BSSID=00:00:00:00:00:00]
01-19 19:43:36.724 D/WifiStateMachine( 1574): Changing supplicant state: SCANNING ==> INACTIVE
01-19 19:43:36.724 D/WifiStateMachine( 1574): setDetailed state, old =SCANNING and new state=IDLE
01-19 19:43:36.834 I/wpa_supplicant( 1755): CTRL-EVENT-STATE-CHANGE id=-1 state=2 BSSID=00:00:00:00:00:00
01-19 19:43:36.834 V/WifiMonitor( 1574): Event [CTRL-EVENT-STATE-CHANGE id=-1 state=2 BSSID=00:00:00:00:00:00]
01-19 19:43:36.834 D/WifiStateMachine( 1574): Changing supplicant state: INACTIVE ==> SCANNING
01-19 19:43:36.834 D/WifiStateMachine( 1574): setDetailed state, old =IDLE and new state=SCANNING
01-19 19:43:37.094 I/System.out( 2748): 3
01-19 19:43:37.925 I/wpa_supplicant( 1755): got scan complete
01-19 19:43:37.925 I/wpa_supplicant( 1755): wpa_supplicant_get_scan_results:return scan results2
01-19 19:43:37.925 I/wpa_supplicant( 1755): AP:ssid[SKY3D82A],rssi[-71],BSSID=7c:4c:a5:86:c5:2d
01-19 19:43:37.925 I/wpa_supplicant( 1755): AP:ssid[SKY45D4A],rssi[-79],BSSID=4c:17:eb:c4:5d:4b
01-19 19:43:37.925 I/wpa_supplicant( 1755): AP:ssid[PlusnetWirelessD194EF],rssi[-91],BSSID=a4:b1:e9:d1:94:ef
01-19 19:43:37.925 I/wpa_supplicant( 1755): Received 1112 bytes of scan results (3 BSSes)
01-19 19:43:37.925 I/wpa_supplicant( 1755): wpa_driver_wext_get_scan_results---
01-19 19:43:37.925 I/wpa_supplicant( 1755): wpa_disabled_ssid_list_clear
01-19 19:43:37.925 V/WifiMonitor( 1574): Event [wpa_disabled_ssid_list_clear]
01-19 19:43:37.925 I/wpa_supplicant( 1755): No suitable AP found.
01-19 19:43:37.925 I/wpa_supplicant( 1755): CTRL-EVENT-STATE-CHANGE id=-1 state=1 BSSID=00:00:00:00:00:00
01-19 19:43:37.935 V/WifiMonitor( 1574): Event [CTRL-EVENT-STATE-CHANGE id=-1 state=1 BSSID=00:00:00:00:00:00]
01-19 19:43:37.945 D/WifiStateMachine( 1574): Changing supplicant state: SCANNING ==> INACTIVE
01-19 19:43:37.945 D/WifiStateMachine( 1574): setDetailed state, old =SCANNING and new state=IDLE
01-19 19:43:38.005 D/dalvikvm( 2757): GC_CONCURRENT freed 446K, 10% free 6836K/7559K, paused 1ms+2ms
01-19 19:43:38.055 I/wpa_supplicant( 1755): CTRL-EVENT-STATE-CHANGE id=-1 state=2 BSSID=00:00:00:00:00:00
01-19 19:43:38.055 V/WifiMonitor( 1574): Event [CTRL-EVENT-STATE-CHANGE id=-1 state=2 BSSID=00:00:00:00:00:00]
01-19 19:43:38.055 D/WifiStateMachine( 1574): Changing supplicant state: INACTIVE ==> SCANNING
01-19 19:43:38.055 D/WifiStateMachine( 1574): setDetailed state, old =IDLE and new state=SCANNING
01-19 19:43:38.085 I/System.out( 2748): 3
01-19 19:43:39.086 I/System.out( 2748): 3
01-19 19:43:39.146 I/wpa_supplicant( 1755): got scan complete
01-19 19:43:39.146 I/wpa_supplicant( 1755): wpa_supplicant_get_scan_results:return scan results2
01-19 19:43:39.146 I/wpa_supplicant( 1755): AP:ssid[SKY3D82A],rssi[-71],BSSID=7c:4c:a5:86:c5:2d
01-19 19:43:39.146 I/wpa_supplicant( 1755): AP:ssid[SKY45D4A],rssi[-77],BSSID=4c:17:eb:c4:5d:4b
01-19 19:43:39.146 I/wpa_supplicant( 1755): AP:ssid[PlusnetWirelessD194EF],rssi[-92],BSSID=a4:b1:e9:d1:94:ef
01-19 19:43:39.146 I/wpa_supplicant( 1755): Received 1112 bytes of scan results (3 BSSes)
01-19 19:43:39.146 I/wpa_supplicant( 1755): wpa_driver_wext_get_scan_results---
01-19 19:43:39.146 I/wpa_supplicant( 1755): wpa_disabled_ssid_list_clear
01-19 19:43:39.146 V/WifiMonitor( 1574): Event [wpa_disabled_ssid_list_clear]
01-19 19:43:39.156 I/wpa_supplicant( 1755): No suitable AP found.
01-19 19:43:39.156 I/wpa_supplicant( 1755): CTRL-EVENT-STATE-CHANGE id=-1 state=1 BSSID=00:00:00:00:00:00
01-19 19:43:39.156 V/WifiMonitor( 1574): Event [CTRL-EVENT-STATE-CHANGE id=-1 state=1 BSSID=00:00:00:00:00:00]
01-19 19:43:39.166 D/WifiStateMachine( 1574): Changing supplicant state: SCANNING ==> INACTIVE
01-19 19:43:39.166 D/WifiStateMachine( 1574): setDetailed state, old =SCANNING and new state=IDLE
01-19 19:43:39.277 I/wpa_supplicant( 1755): CTRL-EVENT-STATE-CHANGE id=-1 state=2 BSSID=00:00:00:00:00:00
01-19 19:43:39.277 V/WifiMonitor( 1574): Event [CTRL-EVENT-STATE-CHANGE id=-1 state=2 BSSID=00:00:00:00:00:00]
01-19 19:43:39.277 D/WifiStateMachine( 1574): Changing supplicant state: INACTIVE ==> SCANNING
01-19 19:43:39.277 D/WifiStateMachine( 1574): setDetailed state, old =IDLE and new state=SCANNING
01-19 19:43:39.337 D/dalvikvm( 2757): GC_CONCURRENT freed 446K, 10% free 6836K/7559K, paused 2ms+2ms
01-19 19:43:40.087 I/System.out( 2748): 3
01-19 19:43:40.378 I/wpa_supplicant( 1755): got scan complete
01-19 19:43:40.378 I/wpa_supplicant( 1755): wpa_supplicant_get_scan_results:return scan results2
01-19 19:43:40.378 I/wpa_supplicant( 1755): AP:ssid[SKY3D82A],rssi[-72],BSSID=7c:4c:a5:86:c5:2d
01-19 19:43:40.378 I/wpa_supplicant( 1755): AP:ssid[SKY45D4A],rssi[-79],BSSID=4c:17:eb:c4:5d:4b
01-19 19:43:40.378 I/wpa_supplicant( 1755): AP:ssid[PlusnetWirelessD194EF],rssi[-92],BSSID=a4:b1:e9:d1:94:ef
01-19 19:43:40.378 I/wpa_supplicant( 1755): Received 1112 bytes of scan results (3 BSSes)
01-19 19:43:40.378 I/wpa_supplicant( 1755): wpa_driver_wext_get_scan_results---
01-19 19:43:40.378 I/wpa_supplicant( 1755): wpa_disabled_ssid_list_clear
01-19 19:43:40.378 V/WifiMonitor( 1574): Event [wpa_disabled_ssid_list_clear]
01-19 19:43:40.378 I/wpa_supplicant( 1755): No suitable AP found.
01-19 19:43:40.378 I/wpa_supplicant( 1755): CTRL-EVENT-STATE-CHANGE id=-1 state=1 BSSID=00:00:00:00:00:00
01-19 19:43:40.378 V/WifiMonitor( 1574): Event [CTRL-EVENT-STATE-CHANGE id=-1 state=1 BSSID=00:00:00:00:00:00]
01-19 19:43:40.398 D/WifiStateMachine( 1574): Changing supplicant state: SCANNING ==> INACTIVE
