01-19 19:43:40.398 D/WifiStateMachine( 1574): setDetailed state, old =SCANNING and new state=IDLE
01-19 19:43:40.508 I/wpa_supplicant( 1755): CTRL-EVENT-STATE-CHANGE id=-1 state=2 BSSID=00:00:00:00:00:00
01-19 19:43:40.508 V/WifiMonitor( 1574): Event [CTRL-EVENT-STATE-CHANGE id=-1 state=2 BSSID=00:00:00:00:00:00]
01-19 19:43:40.508 D/WifiStateMachine( 1574): Changing supplicant state: INACTIVE ==> SCANNING
01-19 19:43:40.508 D/WifiStateMachine( 1574): setDetailed state, old =IDLE and new state=SCANNING
01-19 19:43:41.088 I/System.out( 2748): 3
01-19 19:43:41.599 I/wpa_supplicant( 1755): got scan complete
01-19 19:43:41.599 I/wpa_supplicant( 1755): wpa_supplicant_get_scan_results:return scan results2
01-19 19:43:41.599 I/wpa_supplicant( 1755): AP:ssid[SKY3D82A],rssi[-73],BSSID=7c:4c:a5:86:c5:2d
01-19 19:43:41.599 I/wpa_supplicant( 1755): AP:ssid[SKY45D4A],rssi[-77],BSSID=4c:17:eb:c4:5d:4b
01-19 19:43:41.599 I/wpa_supplicant( 1755): AP:ssid[PlusnetWirelessD194EF],rssi[-93],BSSID=a4:b1:e9:d1:94:ef
01-19 19:43:41.599 I/wpa_supplicant( 1755): Received 1112 bytes of scan results (3 BSSes)
01-19 19:43:41.599 I/wpa_supplicant( 1755): wpa_driver_wext_get_scan_results---
01-19 19:43:41.599 I/wpa_supplicant( 1755): wpa_disabled_ssid_list_clear
01-19 19:43:41.599 V/WifiMonitor( 1574): Event [wpa_disabled_ssid_list_clear]
01-19 19:43:41.599 I/wpa_supplicant( 1755): No suitable AP found.
01-19 19:43:41.599 I/wpa_supplicant( 1755): CTRL-EVENT-STATE-CHANGE id=-1 state=1 BSSID=00:00:00:00:00:00
01-19 19:43:41.609 V/WifiMonitor( 1574): Event [CTRL-EVENT-STATE-CHANGE id=-1 state=1 BSSID=00:00:00:00:00:00]
01-19 19:43:41.619 D/WifiStateMachine( 1574): Changing supplicant state: SCANNING ==> INACTIVE
01-19 19:43:41.619 D/WifiStateMachine( 1574): setDetailed state, old =SCANNING and new state=IDLE
01-19 19:43:41.679 D/dalvikvm( 2757): GC_CONCURRENT freed 446K, 10% free 6836K/7559K, paused 1ms+1ms
01-19 19:43:41.729 I/wpa_supplicant( 1755): CTRL-EVENT-STATE-CHANGE id=-1 state=2 BSSID=00:00:00:00:00:00
01-19 19:43:41.729 V/WifiMonitor( 1574): Event [CTRL-EVENT-STATE-CHANGE id=-1 state=2 BSSID=00:00:00:00:00:00]
01-19 19:43:41.729 D/WifiStateMachine( 1574): Changing supplicant state: INACTIVE ==> SCANNING
01-19 19:43:41.729 D/WifiStateMachine( 1574): setDetailed state, old =IDLE and new state=SCANNING
01-19 19:43:42.089 I/System.out( 2748): 3
01-19 19:43:42.820 I/wpa_supplicant( 1755): got scan complete
01-19 19:43:42.820 I/wpa_supplicant( 1755): wpa_supplicant_get_scan_results:return scan results2
01-19 19:43:42.820 I/wpa_supplicant( 1755): AP:ssid[SKY3D82A],rssi[-74],BSSID=7c:4c:a5:86:c5:2d
01-19 19:43:42.820 I/wpa_supplicant( 1755): AP:ssid[SKY45D4A],rssi[-77],BSSID=4c:17:eb:c4:5d:4b
01-19 19:43:42.820 I/wpa_supplicant( 1755): AP:ssid[PlusnetWirelessD194EF],rssi[-94],BSSID=a4:b1:e9:d1:94:ef
01-19 19:43:42.820 I/wpa_supplicant( 1755): Received 983 bytes of scan results (3 BSSes)
01-19 19:43:42.820 I/wpa_supplicant( 1755): wpa_driver_wext_get_scan_results---
01-19 19:43:42.820 I/wpa_supplicant( 1755): wpa_disabled_ssid_list_clear
01-19 19:43:42.820 V/WifiMonitor( 1574): Event [wpa_disabled_ssid_list_clear]
01-19 19:43:42.830 I/wpa_supplicant( 1755): No suitable AP found.
01-19 19:43:42.830 I/wpa_supplicant( 1755): CTRL-EVENT-STATE-CHANGE id=-1 state=1 BSSID=00:00:00:00:00:00
01-19 19:43:42.830 V/WifiMonitor( 1574): Event [CTRL-EVENT-STATE-CHANGE id=-1 state=1 BSSID=00:00:00:00:00:00]
01-19 19:43:42.840 D/WifiStateMachine( 1574): Changing supplicant state: SCANNING ==> INACTIVE
01-19 19:43:42.840 D/WifiStateMachine( 1574): setDetailed state, old =SCANNING and new state=IDLE
01-19 19:43:42.950 I/wpa_supplicant( 1755): CTRL-EVENT-STATE-CHANGE id=-1 state=2 BSSID=00:00:00:00:00:00
01-19 19:43:42.950 V/WifiMonitor( 1574): Event [CTRL-EVENT-STATE-CHANGE id=-1 state=2 BSSID=00:00:00:00:00:00]
01-19 19:43:42.950 D/WifiStateMachine( 1574): Changing supplicant state: INACTIVE ==> SCANNING
01-19 19:43:42.950 D/WifiStateMachine( 1574): setDetailed state, old =IDLE and new state=SCANNING
01-19 19:43:43.030 D/dalvikvm( 2757): GC_CONCURRENT freed 446K, 10% free 6836K/7559K, paused 2ms+1ms
01-19 19:43:43.090 I/System.out( 2748): 3
01-19 19:43:44.041 I/wpa_supplicant( 1755): got scan complete
01-19 19:43:44.041 I/wpa_supplicant( 1755): wpa_supplicant_get_scan_results:return scan results2
01-19 19:43:44.041 I/wpa_supplicant( 1755): AP:ssid[SKY3D82A],rssi[-72],BSSID=7c:4c:a5:86:c5:2d
01-19 19:43:44.051 I/wpa_supplicant( 1755): AP:ssid[SKY45D4A],rssi[-78],BSSID=4c:17:eb:c4:5d:4b
01-19 19:43:44.051 I/wpa_supplicant( 1755): AP:ssid[PlusnetWirelessD194EF],rssi[-93],BSSID=a4:b1:e9:d1:94:ef
01-19 19:43:44.051 I/wpa_supplicant( 1755): Received 1112 bytes of scan results (3 BSSes)
01-19 19:43:44.051 I/wpa_supplicant( 1755): wpa_driver_wext_get_scan_results---
01-19 19:43:44.051 I/wpa_supplicant( 1755): wpa_disabled_ssid_list_clear
01-19 19:43:44.051 V/WifiMonitor( 1574): Event [wpa_disabled_ssid_list_clear]
01-19 19:43:44.051 I/wpa_supplicant( 1755): No suitable AP found.
01-19 19:43:44.051 I/wpa_supplicant( 1755): CTRL-EVENT-STATE-CHANGE id=-1 state=1 BSSID=00:00:00:00:00:00
01-19 19:43:44.051 V/WifiMonitor( 1574): Event [CTRL-EVENT-STATE-CHANGE id=-1 state=1 BSSID=00:00:00:00:00:00]
01-19 19:43:44.071 D/WifiStateMachine( 1574): Changing supplicant state: SCANNING ==> INACTIVE
01-19 19:43:44.071 D/WifiStateMachine( 1574): setDetailed state, old =SCANNING and new state=IDLE
01-19 19:43:44.091 I/System.out( 2748): 3
01-19 19:43:44.181 I/wpa_supplicant( 1755): CTRL-EVENT-STATE-CHANGE id=-1 state=2 BSSID=00:00:00:00:00:00
01-19 19:43:44.181 V/WifiMonitor( 1574): Event [CTRL-EVENT-STATE-CHANGE id=-1 state=2 BSSID=00:00:00:00:00:00]
01-19 19:43:44.181 D/WifiStateMachine( 1574): Changing supplicant state: INACTIVE ==> SCANNING
01-19 19:43:44.181 D/WifiStateMachine( 1574): setDetailed state, old =IDLE and new state=SCANNING
01-19 19:43:45.092 I/System.out( 2748): 3
01-19 19:43:45.272 I/wpa_supplicant( 1755): got scan complete
01-19 19:43:45.272 I/wpa_supplicant( 1755): wpa_supplicant_get_scan_results:return scan results2
01-19 19:43:45.272 I/wpa_supplicant( 1755): AP:ssid[SKY3D82A],rssi[-72],BSSID=7c:4c:a5:86:c5:2d
01-19 19:43:45.272 I/wpa_supplicant( 1755): AP:ssid[SKY45D4A],rssi[-79],BSSID=4c:17:eb:c4:5d:4b
01-19 19:43:45.272 I/wpa_supplicant( 1755): AP:ssid[PlusnetWirelessD194EF],rssi[-93],BSSID=a4:b1:e9:d1:94:ef
01-19 19:43:45.272 I/wpa_supplicant( 1755): Received 1112 bytes of scan results (3 BSSes)
01-19 19:43:45.272 I/wpa_supplicant( 1755): wpa_driver_wext_get_scan_results---
01-19 19:43:45.272 I/wpa_supplicant( 1755): wpa_disabled_ssid_list_clear
01-19 19:43:45.272 V/WifiMonitor( 1574): Event [wpa_disabled_ssid_list_clear]
01-19 19:43:45.272 I/wpa_supplicant( 1755): No suitable AP found.
01-19 19:43:45.272 I/wpa_supplicant( 1755): CTRL-EVENT-STATE-CHANGE id=-1 state=1 BSSID=00:00:00:00:00:00
01-19 19:43:45.282 V/WifiMonitor( 1574): Event [CTRL-EVENT-STATE-CHANGE id=-1 state=1 BSSID=00:00:00:00:00:00]
01-19 19:43:45.292 D/WifiStateMachine( 1574): Changing supplicant state: SCANNING ==> INACTIVE
01-19 19:43:45.292 D/WifiStateMachine( 1574): setDetailed state, old =SCANNING and new state=IDLE
01-19 19:43:45.353 D/dalvikvm( 2757): GC_CONCURRENT freed 446K, 10% free 6836K/7559K, paused 2ms+1ms
01-19 19:43:45.403 I/wpa_supplicant( 1755): CTRL-EVENT-STATE-CHANGE id=-1 state=2 BSSID=00:00:00:00:00:00
01-19 19:43:45.403 V/WifiMonitor( 1574): Event [CTRL-EVENT-STATE-CHANGE id=-1 state=2 BSSID=00:00:00:00:00:00]
01-19 19:43:45.403 D/WifiStateMachine( 1574): Changing supplicant state: INACTIVE ==> SCANNING
01-19 19:43:45.403 D/WifiStateMachine( 1574): setDetailed state, old =IDLE and new state=SCANNING
01-19 19:43:46.093 I/System.out( 2748): 3
01-19 19:43:46.504 I/wpa_supplicant( 1755): got scan complete
01-19 19:43:46.504 I/wpa_supplicant( 1755): wpa_supplicant_get_scan_results:return scan results2
01-19 19:43:46.504 I/wpa_supplicant( 1755): AP:ssid[SKY3D82A],rssi[-73],BSSID=7c:4c:a5:86:c5:2d
01-19 19:43:46.504 I/wpa_supplicant( 1755): AP:ssid[SKY45D4A],rssi[-78],BSSID=4c:17:eb:c4:5d:4b
01-19 19:43:46.504 I/wpa_supplicant( 1755): AP:ssid[PlusnetWirelessD194EF],rssi[-92],BSSID=a4:b1:e9:d1:94:ef
01-19 19:43:46.504 I/wpa_supplicant( 1755): Received 1112 bytes of scan results (3 BSSes)
01-19 19:43:46.504 I/wpa_supplicant( 1755): wpa_driver_wext_get_scan_results---
01-19 19:43:46.504 I/wpa_supplicant( 1755): wpa_disabled_ssid_list_clear
01-19 19:43:46.504 V/WifiMonitor( 1574): Event [wpa_disabled_ssid_list_clear]
01-19 19:43:46.514 I/wpa_supplicant( 1755): No suitable AP found.
01-19 19:43:46.514 I/wpa_supplicant( 1755): CTRL-EVENT-STATE-CHANGE id=-1 state=1 BSSID=00:00:00:00:00:00
01-19 19:43:46.514 V/WifiMonitor( 1574): Event [CTRL-EVENT-STATE-CHANGE id=-1 state=1 BSSID=00:00:00:00:00:00]
01-19 19:43:46.524 D/WifiStateMachine( 1574): Changing supplicant state: SCANNING ==> INACTIVE
01-19 19:43:46.524 D/WifiStateMachine( 1574): setDetailed state, old =SCANNING and new state=IDLE
01-19 19:43:46.634 I/wpa_supplicant( 1755): CTRL-EVENT-STATE-CHANGE id=-1 state=2 BSSID=00:00:00:00:00:00
01-19 19:43:46.634 V/WifiMonitor( 1574): Event [CTRL-EVENT-STATE-CHANGE id=-1 state=2 BSSID=00:00:00:00:00:00]
01-19 19:43:46.634 D/WifiStateMachine( 1574): Changing supplicant state: INACTIVE ==> SCANNING
01-19 19:43:46.634 D/WifiStateMachine( 1574): setDetailed state, old =IDLE and new state=SCANNING
01-19 19:43:46.714 D/dalvikvm( 2757): GC_CONCURRENT freed 446K, 10% free 6836K/7559K, paused 1ms+2ms
01-19 19:43:47.094 I/System.out( 2748): 3
01-19 19:43:47.735 I/wpa_supplicant( 1755): got scan complete
01-19 19:43:47.735 I/wpa_supplicant( 1755): wpa_supplicant_get_scan_results:return scan results2
01-19 19:43:47.735 I/wpa_supplicant( 1755): AP:ssid[SKY3D82A],rssi[-71],BSSID=7c:4c:a5:86:c5:2d
01-19 19:43:47.735 I/wpa_supplicant( 1755): AP:ssid[SKY45D4A],rssi[-76],BSSID=4c:17:eb:c4:5d:4b
01-19 19:43:47.735 I/wpa_supplicant( 1755): AP:ssid[PlusnetWirelessD194EF],rssi[-93],BSSID=a4:b1:e9:d1:94:ef
01-19 19:43:47.735 I/wpa_supplicant( 1755): Received 1112 bytes of scan results (3 BSSes)
01-19 19:43:47.735 I/wpa_supplicant( 1755): wpa_driver_wext_get_scan_results---
01-19 19:43:47.735 I/wpa_supplicant( 1755): wpa_disabled_ssid_list_clear
01-19 19:43:47.735 V/WifiMonitor( 1574): Event [wpa_disabled_ssid_list_clear]
01-19 19:43:47.735 I/wpa_supplicant( 1755): No suitable AP found.
01-19 19:43:47.735 I/wpa_supplicant( 1755): CTRL-EVENT-STATE-CHANGE id=-1 state=1 BSSID=00:00:00:00:00:00
01-19 19:43:47.735 V/WifiMonitor( 1574): Event [CTRL-EVENT-STATE-CHANGE id=-1 state=1 BSSID=00:00:00:00:00:00]
01-19 19:43:47.755 D/WifiStateMachine( 1574): Changing supplicant state: SCANNING ==> INACTIVE
01-19 19:43:47.755 D/WifiStateMachine( 1574): setDetailed state, old =SCANNING and new state=IDLE
01-19 19:43:47.855 I/wpa_supplicant( 1755): CTRL-EVENT-STATE-CHANGE id=-1 state=2 BSSID=00:00:00:00:00:00
01-19 19:43:47.855 V/WifiMonitor( 1574): Event [CTRL-EVENT-STATE-CHANGE id=-1 state=2 BSSID=00:00:00:00:00:00]
01-19 19:43:47.855 D/WifiStateMachine( 1574): Changing supplicant state: INACTIVE ==> SCANNING
01-19 19:43:47.855 D/WifiStateMachine( 1574): setDetailed state, old =IDLE and new state=SCANNING
01-19 19:43:48.095 I/System.out( 2748): 3
01-19 19:43:48.946 I/wpa_supplicant( 1755): got scan complete
01-19 19:43:48.946 I/wpa_supplicant( 1755): wpa_supplicant_get_scan_results:return scan results2
01-19 19:43:48.946 I/wpa_supplicant( 1755): AP:ssid[SKY3D82A],rssi[-72],BSSID=7c:4c:a5:86:c5:2d
01-19 19:43:48.946 I/wpa_supplicant( 1755): AP:ssid[SKY45D4A],rssi[-77],BSSID=4c:17:eb:c4:5d:4b
01-19 19:43:48.956 I/wpa_supplicant( 1755): AP:ssid[PlusnetWirelessD194EF],rssi[-93],BSSID=a4:b1:e9:d1:94:ef
01-19 19:43:48.956 I/wpa_supplicant( 1755): Received 1112 bytes of scan results (3 BSSes)
01-19 19:43:48.956 I/wpa_supplicant( 1755): wpa_driver_wext_get_scan_results---
01-19 19:43:48.956 I/wpa_supplicant( 1755): wpa_disabled_ssid_list_clear
01-19 19:43:48.956 V/WifiMonitor( 1574): Event [wpa_disabled_ssid_list_clear]
01-19 19:43:48.956 I/wpa_supplicant( 1755): No suitable AP found.
01-19 19:43:48.956 I/wpa_supplicant( 1755): CTRL-EVENT-STATE-CHANGE id=-1 state=1 BSSID=00:00:00:00:00:00
01-19 19:43:48.956 V/WifiMonitor( 1574): Event [CTRL-EVENT-STATE-CHANGE id=-1 state=1 BSSID=00:00:00:00:00:00]
01-19 19:43:48.976 D/WifiStateMachine( 1574): Changing supplicant state: SCANNING ==> INACTIVE
01-19 19:43:48.976 D/WifiStateMachine( 1574): setDetailed state, old =SCANNING and new state=IDLE
01-19 19:43:49.036 D/dalvikvm( 2757): GC_CONCURRENT freed 446K, 10% free 6836K/7559K, paused 1ms+1ms
01-19 19:43:49.076 I/wpa_supplicant( 1755): CTRL-EVENT-STATE-CHANGE id=-1 state=2 BSSID=00:00:00:00:00:00
01-19 19:43:49.076 V/WifiMonitor( 1574): Event [CTRL-EVENT-STATE-CHANGE id=-1 state=2 BSSID=00:00:00:00:00:00]
01-19 19:43:49.076 D/WifiStateMachine( 1574): Changing supplicant state: INACTIVE ==> SCANNING
01-19 19:43:49.076 D/WifiStateMachine( 1574): setDetailed state, old =IDLE and new state=SCANNING
01-19 19:43:49.086 I/System.out( 2748): 3
01-19 19:43:50.087 I/System.out( 2748): 3
01-19 19:43:50.167 I/wpa_supplicant( 1755): got scan complete
01-19 19:43:50.167 I/wpa_supplicant( 1755): wpa_supplicant_get_scan_results:return scan results2
01-19 19:43:50.167 I/wpa_supplicant( 1755): AP:ssid[SKY3D82A],rssi[-73],BSSID=7c:4c:a5:86:c5:2d
01-19 19:43:50.167 I/wpa_supplicant( 1755): AP:ssid[SKY45D4A],rssi[-76],BSSID=4c:17:eb:c4:5d:4b
01-19 19:43:50.177 I/wpa_supplicant( 1755): AP:ssid[PlusnetWirelessD194EF],rssi[-92],BSSID=a4:b1:e9:d1:94:ef
01-19 19:43:50.177 I/wpa_supplicant( 1755): Received 1112 bytes of scan results (3 BSSes)
01-19 19:43:50.177 I/wpa_supplicant( 1755): wpa_driver_wext_get_scan_results---
01-19 19:43:50.177 I/wpa_supplicant( 1755): wpa_disabled_ssid_list_clear
01-19 19:43:50.177 V/WifiMonitor( 1574): Event [wpa_disabled_ssid_list_clear]
01-19 19:43:50.177 I/wpa_supplicant( 1755): No suitable AP found.
01-19 19:43:50.177 I/wpa_supplicant( 1755): CTRL-EVENT-STATE-CHANGE id=-1 state=1 BSSID=00:00:00:00:00:00
01-19 19:43:50.177 V/WifiMonitor( 1574): Event [CTRL-EVENT-STATE-CHANGE id=-1 state=1 BSSID=00:00:00:00:00:00]
01-19 19:43:50.197 D/WifiStateMachine( 1574): Changing supplicant state: SCANNING ==> INACTIVE
01-19 19:43:50.197 D/WifiStateMachine( 1574): setDetailed state, old =SCANNING and new state=IDLE
01-19 19:43:50.297 I/wpa_supplicant( 1755): CTRL-EVENT-STATE-CHANGE id=-1 state=2 BSSID=00:00:00:00:00:00
01-19 19:43:50.297 V/WifiMonitor( 1574): Event [CTRL-EVENT-STATE-CHANGE id=-1 state=2 BSSID=00:00:00:00:00:00]
01-19 19:43:50.307 D/WifiStateMachine( 1574): Changing supplicant state: INACTIVE ==> SCANNING
01-19 19:43:50.307 D/WifiStateMachine( 1574): setDetailed state, old =IDLE and new state=SCANNING
01-19 19:43:50.357 D/dalvikvm( 2757): GC_CONCURRENT freed 446K, 10% free 6836K/7559K, paused 1ms+1ms
01-19 19:43:51.088 I/System.out( 2748): 3
01-19 19:43:51.388 I/wpa_supplicant( 1755): got scan complete
01-19 19:43:51.388 I/wpa_supplicant( 1755): wpa_supplicant_get_scan_results:return scan results2
01-19 19:43:51.398 I/wpa_supplicant( 1755): AP:ssid[SKY3D82A],rssi[-73],BSSID=7c:4c:a5:86:c5:2d
01-19 19:43:51.398 I/wpa_supplicant( 1755): AP:ssid[SKY45D4A],rssi[-78],BSSID=4c:17:eb:c4:5d:4b
01-19 19:43:51.398 I/wpa_supplicant( 1755): AP:ssid[PlusnetWirelessD194EF],rssi[-91],BSSID=a4:b1:e9:d1:94:ef
01-19 19:43:51.398 I/wpa_supplicant( 1755): Received 1112 bytes of scan results (3 BSSes)
01-19 19:43:51.398 I/wpa_supplicant( 1755): wpa_driver_wext_get_scan_results---
01-19 19:43:51.398 I/wpa_supplicant( 1755): wpa_disabled_ssid_list_clear
01-19 19:43:51.398 V/WifiMonitor( 1574): Event [wpa_disabled_ssid_list_clear]
01-19 19:43:51.398 I/wpa_supplicant( 1755): No suitable AP found.
01-19 19:43:51.398 I/wpa_supplicant( 1755): CTRL-EVENT-STATE-CHANGE id=-1 state=1 BSSID=00:00:00:00:00:00
01-19 19:43:51.398 V/WifiMonitor( 1574): Event [CTRL-EVENT-STATE-CHANGE id=-1 state=1 BSSID=00:00:00:00:00:00]
01-19 19:43:51.418 D/WifiStateMachine( 1574): Changing supplicant state: SCANNING ==> INACTIVE
01-19 19:43:51.418 D/WifiStateMachine( 1574): setDetailed state, old =SCANNING and new state=IDLE
01-19 19:43:51.529 I/wpa_supplicant( 1755): CTRL-EVENT-STATE-CHANGE id=-1 state=2 BSSID=00:00:00:00:00:00
01-19 19:43:51.529 V/WifiMonitor( 1574): Event [CTRL-EVENT-STATE-CHANGE id=-1 state=2 BSSID=00:00:00:00:00:00]
01-19 19:43:51.529 D/WifiStateMachine( 1574): Changing supplicant state: INACTIVE ==> SCANNING
01-19 19:43:51.529 D/WifiStateMachine( 1574): setDetailed state, old =IDLE and new state=SCANNING
01-19 19:43:52.089 I/System.out( 2748): 3
01-19 19:43:52.119 D/UsbnetService( 1574): BroadcastReceiver::onReceive+
01-19 19:43:52.119 D/UsbnetService( 1574): onReceive BATTERY_CHANGED
01-19 19:43:52.129 D/UsbnetService( 1574):  --> pluggedType = 0, mPluggedType = 0, mScreenOff = false
01-19 19:43:52.129 D/UsbnetService( 1574): BroadcastReceiver::onReceive-
01-19 19:43:52.129 D/WifiService( 1574): ACTION_BATTERY_CHANGED pluggedType: 0
01-19 19:43:52.139 D/BatteryService( 1574): SendIntentforPowersaver
01-19 19:43:52.139 D/BatteryService( 1574): Current powersaver status == NORMAL_STATUS1 4 2 false
01-19 19:43:52.139 D/NotificationService( 1574): mIntentReceiver() Intent.ACTION_BATTERY_CHANGED
01-19 19:43:52.149 D/PowerUI ( 1648): plugged = false, health = 2, mBatteryLevel = 99, mPluggedBatteryLevel = 99, mLowBatteryWarningLevel2 = 25, mshowLowChargingWarning2 = true
01-19 19:43:52.179 D/RemoveMe( 1668): DCT got intent android.intent.action.BATTERY_CHANGED
01-19 19:43:52.179 D/RemoveMe( 1668): DCT got intent android.intent.action.BATTERY_CHANGED
01-19 19:43:52.179 D/RemoveMe( 1668): DCT got intent android.intent.action.BATTERY_CHANGED
01-19 19:43:52.239 D/dalvikvm( 1574): GC_CONCURRENT freed 1888K, 12% free 15940K/18055K, paused 18ms+4ms
01-19 19:43:52.620 I/wpa_supplicant( 1755): got scan complete
01-19 19:43:52.620 I/wpa_supplicant( 1755): wpa_supplicant_get_scan_results:return scan results2
01-19 19:43:52.630 I/wpa_supplicant( 1755): AP:ssid[SKY3D82A],rssi[-73],BSSID=7c:4c:a5:86:c5:2d
01-19 19:43:52.630 I/wpa_supplicant( 1755): AP:ssid[SKY45D4A],rssi[-77],BSSID=4c:17:eb:c4:5d:4b
01-19 19:43:52.630 I/wpa_supplicant( 1755): AP:ssid[PlusnetWirelessD194EF],rssi[-90],BSSID=a4:b1:e9:d1:94:ef
01-19 19:43:52.630 I/wpa_supplicant( 1755): Received 1112 bytes of scan results (3 BSSes)
01-19 19:43:52.630 I/wpa_supplicant( 1755): wpa_driver_wext_get_scan_results---
01-19 19:43:52.630 I/wpa_supplicant( 1755): wpa_disabled_ssid_list_clear
01-19 19:43:52.630 V/WifiMonitor( 1574): Event [wpa_disabled_ssid_list_clear]
01-19 19:43:52.630 I/wpa_supplicant( 1755): No suitable AP found.
01-19 19:43:52.630 I/wpa_supplicant( 1755): CTRL-EVENT-STATE-CHANGE id=-1 state=1 BSSID=00:00:00:00:00:00
01-19 19:43:52.630 V/WifiMonitor( 1574): Event [CTRL-EVENT-STATE-CHANGE id=-1 state=1 BSSID=00:00:00:00:00:00]
01-19 19:43:52.650 D/WifiStateMachine( 1574): Changing supplicant state: SCANNING ==> INACTIVE
01-19 19:43:52.650 D/WifiStateMachine( 1574): setDetailed state, old =SCANNING and new state=IDLE
01-19 19:43:52.710 D/dalvikvm( 2757): GC_CONCURRENT freed 446K, 10% free 6836K/7559K, paused 1ms+2ms
01-19 19:43:52.750 I/wpa_supplicant( 1755): CTRL-EVENT-STATE-CHANGE id=-1 state=2 BSSID=00:00:00:00:00:00
01-19 19:43:52.750 V/WifiMonitor( 1574): Event [CTRL-EVENT-STATE-CHANGE id=-1 state=2 BSSID=00:00:00:00:00:00]
01-19 19:43:52.750 D/WifiStateMachine( 1574): Changing supplicant state: INACTIVE ==> SCANNING
01-19 19:43:52.750 D/WifiStateMachine( 1574): setDetailed state, old =IDLE and new state=SCANNING
01-19 19:43:53.090 I/System.out( 2748): 3
01-19 19:43:53.841 I/wpa_supplicant( 1755): got scan complete
01-19 19:43:53.851 I/wpa_supplicant( 1755): wpa_supplicant_get_scan_results:return scan results2
01-19 19:43:53.851 I/wpa_supplicant( 1755): AP:ssid[SKY3D82A],rssi[-72],BSSID=7c:4c:a5:86:c5:2d
01-19 19:43:53.851 I/wpa_supplicant( 1755): AP:ssid[SKY45D4A],rssi[-79],BSSID=4c:17:eb:c4:5d:4b
01-19 19:43:53.851 I/wpa_supplicant( 1755): AP:ssid[PlusnetWirelessD194EF],rssi[-92],BSSID=a4:b1:e9:d1:94:ef
01-19 19:43:53.851 I/wpa_supplicant( 1755): Received 1112 bytes of scan results (3 BSSes)
01-19 19:43:53.851 I/wpa_supplicant( 1755): wpa_driver_wext_get_scan_results---
01-19 19:43:53.851 I/wpa_supplicant( 1755): wpa_disabled_ssid_list_clear
01-19 19:43:53.851 V/WifiMonitor( 1574): Event [wpa_disabled_ssid_list_clear]
01-19 19:43:53.851 I/wpa_supplicant( 1755): No suitable AP found.
01-19 19:43:53.851 I/wpa_supplicant( 1755): CTRL-EVENT-STATE-CHANGE id=-1 state=1 BSSID=00:00:00:00:00:00
01-19 19:43:53.851 V/WifiMonitor( 1574): Event [CTRL-EVENT-STATE-CHANGE id=-1 state=1 BSSID=00:00:00:00:00:00]
01-19 19:43:53.871 D/WifiStateMachine( 1574): Changing supplicant state: SCANNING ==> INACTIVE
01-19 19:43:53.871 D/WifiStateMachine( 1574): setDetailed state, old =SCANNING and new state=IDLE
01-19 19:43:53.971 I/wpa_supplicant( 1755): CTRL-EVENT-STATE-CHANGE id=-1 state=2 BSSID=00:00:00:00:00:00
01-19 19:43:53.971 V/WifiMonitor( 1574): Event [CTRL-EVENT-STATE-CHANGE id=-1 state=2 BSSID=00:00:00:00:00:00]
01-19 19:43:53.971 D/WifiStateMachine( 1574): Changing supplicant state: INACTIVE ==> SCANNING
01-19 19:43:53.971 D/WifiStateMachine( 1574): setDetailed state, old =IDLE and new state=SCANNING
01-19 19:43:54.091 D/dalvikvm( 2757): GC_CONCURRENT freed 446K, 10% free 6836K/7559K, paused 3ms+4ms
01-19 19:43:54.091 I/System.out( 2748): 3
01-19 19:43:55.072 I/wpa_supplicant( 1755): got scan complete
01-19 19:43:55.072 I/wpa_supplicant( 1755): wpa_supplicant_get_scan_results:return scan results2
01-19 19:43:55.072 I/wpa_supplicant( 1755): AP:ssid[SKY3D82A],rssi[-71],BSSID=7c:4c:a5:86:c5:2d
01-19 19:43:55.082 I/wpa_supplicant( 1755): AP:ssid[SKY45D4A],rssi[-77],BSSID=4c:17:eb:c4:5d:4b
01-19 19:43:55.082 I/wpa_supplicant( 1755): AP:ssid[PlusnetWirelessD194EF],rssi[-94],BSSID=a4:b1:e9:d1:94:ef
01-19 19:43:55.082 I/wpa_supplicant( 1755): Received 1112 bytes of scan results (3 BSSes)
01-19 19:43:55.082 I/wpa_supplicant( 1755): wpa_driver_wext_get_scan_results---
01-19 19:43:55.082 I/wpa_supplicant( 1755): wpa_disabled_ssid_list_clear
01-19 19:43:55.082 V/WifiMonitor( 1574): Event [wpa_disabled_ssid_list_clear]
01-19 19:43:55.082 I/wpa_supplicant( 1755): No suitable AP found.
01-19 19:43:55.082 I/wpa_supplicant( 1755): CTRL-EVENT-STATE-CHANGE id=-1 state=1 BSSID=00:00:00:00:00:00
01-19 19:43:55.082 V/WifiMonitor( 1574): Event [CTRL-EVENT-STATE-CHANGE id=-1 state=1 BSSID=00:00:00:00:00:00]
01-19 19:43:55.082 I/System.out( 2748): 3
01-19 19:43:55.112 D/WifiStateMachine( 1574): Changing supplicant state: SCANNING ==> INACTIVE
01-19 19:43:55.112 D/WifiStateMachine( 1574): setDetailed state, old =SCANNING and new state=IDLE
01-19 19:43:55.212 I/wpa_supplicant( 1755): CTRL-EVENT-STATE-CHANGE id=-1 state=2 BSSID=00:00:00:00:00:00
01-19 19:43:55.212 V/WifiMonitor( 1574): Event [CTRL-EVENT-STATE-CHANGE id=-1 state=2 BSSID=00:00:00:00:00:00]
01-19 19:43:55.212 D/WifiStateMachine( 1574): Changing supplicant state: INACTIVE ==> SCANNING
01-19 19:43:55.212 D/WifiStateMachine( 1574): setDetailed state, old =IDLE and new state=SCANNING
01-19 19:43:56.093 I/System.out( 2748): 3
01-19 19:43:56.303 I/wpa_supplicant( 1755): got scan complete
01-19 19:43:56.303 I/wpa_supplicant( 1755): wpa_supplicant_get_scan_results:return scan results2
01-19 19:43:56.303 I/wpa_supplicant( 1755): AP:ssid[SKY3D82A],rssi[-72],BSSID=7c:4c:a5:86:c5:2d
01-19 19:43:56.303 I/wpa_supplicant( 1755): AP:ssid[SKY45D4A],rssi[-78],BSSID=4c:17:eb:c4:5d:4b
01-19 19:43:56.303 I/wpa_supplicant( 1755): AP:ssid[PlusnetWirelessD194EF],rssi[-93],BSSID=a4:b1:e9:d1:94:ef
01-19 19:43:56.303 I/wpa_supplicant( 1755): Received 1112 bytes of scan results (3 BSSes)
01-19 19:43:56.303 I/wpa_supplicant( 1755): wpa_driver_wext_get_scan_results---
01-19 19:43:56.303 I/wpa_supplicant( 1755): wpa_disabled_ssid_list_clear
01-19 19:43:56.303 V/WifiMonitor( 1574): Event [wpa_disabled_ssid_list_clear]
01-19 19:43:56.303 I/wpa_supplicant( 1755): No suitable AP found.
01-19 19:43:56.303 I/wpa_supplicant( 1755): CTRL-EVENT-STATE-CHANGE id=-1 state=1 BSSID=00:00:00:00:00:00
01-19 19:43:56.303 V/WifiMonitor( 1574): Event [CTRL-EVENT-STATE-CHANGE id=-1 state=1 BSSID=00:00:00:00:00:00]
01-19 19:43:56.313 D/WifiStateMachine( 1574): Changing supplicant state: SCANNING ==> INACTIVE
01-19 19:43:56.323 D/WifiStateMachine( 1574): setDetailed state, old =SCANNING and new state=IDLE
01-19 19:43:56.383 D/dalvikvm( 2757): GC_CONCURRENT freed 446K, 10% free 6836K/7559K, paused 2ms+1ms
01-19 19:43:56.433 I/wpa_supplicant( 1755): CTRL-EVENT-STATE-CHANGE id=-1 state=2 BSSID=00:00:00:00:00:00
01-19 19:43:56.433 V/WifiMonitor( 1574): Event [CTRL-EVENT-STATE-CHANGE id=-1 state=2 BSSID=00:00:00:00:00:00]
01-19 19:43:56.433 D/WifiStateMachine( 1574): Changing supplicant state: INACTIVE ==> SCANNING
01-19 19:43:56.433 D/WifiStateMachine( 1574): setDetailed state, old =IDLE and new state=SCANNING
01-19 19:43:57.094 I/System.out( 2748): 3
01-19 19:43:57.514 I/wpa_supplicant( 1755): got scan complete
01-19 19:43:57.514 I/wpa_supplicant( 1755): wpa_supplicant_get_scan_results:return scan results2
01-19 19:43:57.514 I/wpa_supplicant( 1755): AP:ssid[SKY3D82A],rssi[-71],BSSID=7c:4c:a5:86:c5:2d
01-19 19:43:57.514 I/wpa_supplicant( 1755): AP:ssid[SKY45D4A],rssi[-78],BSSID=4c:17:eb:c4:5d:4b
01-19 19:43:57.514 I/wpa_supplicant( 1755): AP:ssid[PlusnetWirelessD194EF],rssi[-92],BSSID=a4:b1:e9:d1:94:ef
01-19 19:43:57.514 I/wpa_supplicant( 1755): Received 1112 bytes of scan results (3 BSSes)
01-19 19:43:57.514 I/wpa_supplicant( 1755): wpa_driver_wext_get_scan_results---
01-19 19:43:57.514 I/wpa_supplicant( 1755): wpa_disabled_ssid_list_clear
01-19 19:43:57.524 V/WifiMonitor( 1574): Event [wpa_disabled_ssid_list_clear]
01-19 19:43:57.524 I/wpa_supplicant( 1755): No suitable AP found.
01-19 19:43:57.524 I/wpa_supplicant( 1755): CTRL-EVENT-STATE-CHANGE id=-1 state=1 BSSID=00:00:00:00:00:00
01-19 19:43:57.524 V/WifiMonitor( 1574): Event [CTRL-EVENT-STATE-CHANGE id=-1 state=1 BSSID=00:00:00:00:00:00]
01-19 19:43:57.534 D/WifiStateMachine( 1574): Changing supplicant state: SCANNING ==> INACTIVE
01-19 19:43:57.534 D/WifiStateMachine( 1574): setDetailed state, old =SCANNING and new state=IDLE
01-19 19:43:57.634 I/wpa_supplicant( 1755): CTRL-EVENT-STATE-CHANGE id=-1 state=2 BSSID=00:00:00:00:00:00
01-19 19:43:57.634 V/WifiMonitor( 1574): Event [CTRL-EVENT-STATE-CHANGE id=-1 state=2 BSSID=00:00:00:00:00:00]
01-19 19:43:57.634 D/WifiStateMachine( 1574): Changing supplicant state: INACTIVE ==> SCANNING
01-19 19:43:57.634 D/WifiStateMachine( 1574): setDetailed state, old =IDLE and new state=SCANNING
01-19 19:43:57.755 D/dalvikvm( 2757): GC_CONCURRENT freed 446K, 10% free 6836K/7559K, paused 3ms+3ms
01-19 19:43:58.095 I/System.out( 2748): 3
01-19 19:43:58.746 I/wpa_supplicant( 1755): got scan complete
01-19 19:43:58.746 I/wpa_supplicant( 1755): wpa_supplicant_get_scan_results:return scan results2
01-19 19:43:58.746 I/wpa_supplicant( 1755): AP:ssid[SKY3D82A],rssi[-72],BSSID=7c:4c:a5:86:c5:2d
01-19 19:43:58.746 I/wpa_supplicant( 1755): AP:ssid[SKY45D4A],rssi[-80],BSSID=4c:17:eb:c4:5d:4b
01-19 19:43:58.746 I/wpa_supplicant( 1755): AP:ssid[PlusnetWirelessD194EF],rssi[-91],BSSID=a4:b1:e9:d1:94:ef
01-19 19:43:58.746 I/wpa_supplicant( 1755): Received 1112 bytes of scan results (3 BSSes)
01-19 19:43:58.746 I/wpa_supplicant( 1755): wpa_driver_wext_get_scan_results---
01-19 19:43:58.746 I/wpa_supplicant( 1755): wpa_disabled_ssid_list_clear
01-19 19:43:58.746 V/WifiMonitor( 1574): Event [wpa_disabled_ssid_list_clear]
01-19 19:43:58.746 I/wpa_supplicant( 1755): No suitable AP found.
01-19 19:43:58.746 I/wpa_supplicant( 1755): CTRL-EVENT-STATE-CHANGE id=-1 state=1 BSSID=00:00:00:00:00:00
01-19 19:43:58.746 V/WifiMonitor( 1574): Event [CTRL-EVENT-STATE-CHANGE id=-1 state=1 BSSID=00:00:00:00:00:00]
01-19 19:43:58.766 D/WifiStateMachine( 1574): Changing supplicant state: SCANNING ==> INACTIVE
01-19 19:43:58.766 D/WifiStateMachine( 1574): setDetailed state, old =SCANNING and new state=IDLE
01-19 19:43:58.876 I/wpa_supplicant( 1755): CTRL-EVENT-STATE-CHANGE id=-1 state=2 BSSID=00:00:00:00:00:00
01-19 19:43:58.876 V/WifiMonitor( 1574): Event [CTRL-EVENT-STATE-CHANGE id=-1 state=2 BSSID=00:00:00:00:00:00]
01-19 19:43:58.876 D/WifiStateMachine( 1574): Changing supplicant state: INACTIVE ==> SCANNING
01-19 19:43:58.876 D/WifiStateMachine( 1574): setDetailed state, old =IDLE and new state=SCANNING
01-19 19:43:59.096 I/System.out( 2748): 3
01-19 19:43:59.957 I/wpa_supplicant( 1755): got scan complete
01-19 19:43:59.957 I/wpa_supplicant( 1755): wpa_supplicant_get_scan_results:return scan results2
01-19 19:43:59.957 I/wpa_supplicant( 1755): AP:ssid[SKY3D82A],rssi[-71],BSSID=7c:4c:a5:86:c5:2d
01-19 19:43:59.957 I/wpa_supplicant( 1755): AP:ssid[SKY45D4A],rssi[-77],BSSID=4c:17:eb:c4:5d:4b
01-19 19:43:59.957 I/wpa_supplicant( 1755): AP:ssid[PlusnetWirelessD194EF],rssi[-92],BSSID=a4:b1:e9:d1:94:ef
01-19 19:43:59.967 I/wpa_supplicant( 1755): Received 1112 bytes of scan results (3 BSSes)
01-19 19:43:59.967 I/wpa_supplicant( 1755): wpa_driver_wext_get_scan_results---
01-19 19:43:59.967 I/wpa_supplicant( 1755): wpa_disabled_ssid_list_clear
01-19 19:43:59.967 V/WifiMonitor( 1574): Event [wpa_disabled_ssid_list_clear]
01-19 19:43:59.967 I/wpa_supplicant( 1755): No suitable AP found.
01-19 19:43:59.967 I/wpa_supplicant( 1755): CTRL-EVENT-STATE-CHANGE id=-1 state=1 BSSID=00:00:00:00:00:00
01-19 19:43:59.967 V/WifiMonitor( 1574): Event [CTRL-EVENT-STATE-CHANGE id=-1 state=1 BSSID=00:00:00:00:00:00]
01-19 19:43:59.987 D/WifiStateMachine( 1574): Changing supplicant state: SCANNING ==> INACTIVE
01-19 19:43:59.987 D/WifiStateMachine( 1574): setDetailed state, old =SCANNING and new state=IDLE
01-19 19:44:00.067 D/dalvikvm( 2757): GC_CONCURRENT freed 446K, 10% free 6836K/7559K, paused 1ms+1ms
01-19 19:44:00.087 I/wpa_supplicant( 1755): CTRL-EVENT-STATE-CHANGE id=-1 state=2 BSSID=00:00:00:00:00:00
01-19 19:44:00.087 V/WifiMonitor( 1574): Event [CTRL-EVENT-STATE-CHANGE id=-1 state=2 BSSID=00:00:00:00:00:00]
01-19 19:44:00.087 D/WifiStateMachine( 1574): Changing supplicant state: INACTIVE ==> SCANNING
01-19 19:44:00.087 D/WifiStateMachine( 1574): setDetailed state, old =IDLE and new state=SCANNING
01-19 19:44:00.107 I/System.out( 2748): 3
01-19 19:44:01.098 I/System.out( 2748): 3
01-19 19:44:01.178 I/wpa_supplicant( 1755): got scan complete
01-19 19:44:01.178 I/wpa_supplicant( 1755): wpa_supplicant_get_scan_results:return scan results2
01-19 19:44:01.178 I/wpa_supplicant( 1755): AP:ssid[SKY3D82A],rssi[-72],BSSID=7c:4c:a5:86:c5:2d
01-19 19:44:01.178 I/wpa_supplicant( 1755): AP:ssid[SKY45D4A],rssi[-79],BSSID=4c:17:eb:c4:5d:4b
01-19 19:44:01.178 I/wpa_supplicant( 1755): AP:ssid[PlusnetWirelessD194EF],rssi[-94],BSSID=a4:b1:e9:d1:94:ef
01-19 19:44:01.178 I/wpa_supplicant( 1755): Received 1112 bytes of scan results (3 BSSes)
01-19 19:44:01.178 I/wpa_supplicant( 1755): wpa_driver_wext_get_scan_results---
01-19 19:44:01.178 I/wpa_supplicant( 1755): wpa_disabled_ssid_list_clear
01-19 19:44:01.188 V/WifiMonitor( 1574): Event [wpa_disabled_ssid_list_clear]
01-19 19:44:01.188 I/wpa_supplicant( 1755): No suitable AP found.
01-19 19:44:01.188 I/wpa_supplicant( 1755): CTRL-EVENT-STATE-CHANGE id=-1 state=1 BSSID=00:00:00:00:00:00
01-19 19:44:01.188 V/WifiMonitor( 1574): Event [CTRL-EVENT-STATE-CHANGE id=-1 state=1 BSSID=00:00:00:00:00:00]
01-19 19:44:01.198 D/WifiStateMachine( 1574): Changing supplicant state: SCANNING ==> INACTIVE
01-19 19:44:01.198 D/WifiStateMachine( 1574): setDetailed state, old =SCANNING and new state=IDLE
01-19 19:44:01.308 I/wpa_supplicant( 1755): CTRL-EVENT-STATE-CHANGE id=-1 state=2 BSSID=00:00:00:00:00:00
01-19 19:44:01.308 V/WifiMonitor( 1574): Event [CTRL-EVENT-STATE-CHANGE id=-1 state=2 BSSID=00:00:00:00:00:00]
01-19 19:44:01.308 D/WifiStateMachine( 1574): Changing supplicant state: INACTIVE ==> SCANNING
01-19 19:44:01.308 D/WifiStateMachine( 1574): setDetailed state, old =IDLE and new state=SCANNING
01-19 19:44:01.368 D/dalvikvm( 2757): GC_CONCURRENT freed 446K, 10% free 6836K/7559K, paused 2ms+2ms
01-19 19:44:02.099 I/System.out( 2748): 3
01-19 19:44:02.399 I/wpa_supplicant( 1755): got scan complete
01-19 19:44:02.399 I/wpa_supplicant( 1755): wpa_supplicant_get_scan_results:return scan results2
01-19 19:44:02.399 I/wpa_supplicant( 1755): AP:ssid[SKY3D82A],rssi[-72],BSSID=7c:4c:a5:86:c5:2d
01-19 19:44:02.399 I/wpa_supplicant( 1755): AP:ssid[SKY45D4A],rssi[-77],BSSID=4c:17:eb:c4:5d:4b
01-19 19:44:02.399 I/wpa_supplicant( 1755): AP:ssid[PlusnetWirelessD194EF],rssi[-97],BSSID=a4:b1:e9:d1:94:ef
01-19 19:44:02.399 I/wpa_supplicant( 1755): Received 1112 bytes of scan results (3 BSSes)
01-19 19:44:02.399 I/wpa_supplicant( 1755): wpa_driver_wext_get_scan_results---
01-19 19:44:02.399 I/wpa_supplicant( 1755): wpa_disabled_ssid_list_clear
01-19 19:44:02.399 V/WifiMonitor( 1574): Event [wpa_disabled_ssid_list_clear]
01-19 19:44:02.409 I/wpa_supplicant( 1755): No suitable AP found.
01-19 19:44:02.409 I/wpa_supplicant( 1755): CTRL-EVENT-STATE-CHANGE id=-1 state=1 BSSID=00:00:00:00:00:00
01-19 19:44:02.409 V/WifiMonitor( 1574): Event [CTRL-EVENT-STATE-CHANGE id=-1 state=1 BSSID=00:00:00:00:00:00]
01-19 19:44:02.419 D/WifiStateMachine( 1574): Changing supplicant state: SCANNING ==> INACTIVE
01-19 19:44:02.419 D/WifiStateMachine( 1574): setDetailed state, old =SCANNING and new state=IDLE
01-19 19:44:02.529 I/wpa_supplicant( 1755): CTRL-EVENT-STATE-CHANGE id=-1 state=2 BSSID=00:00:00:00:00:00
01-19 19:44:02.529 V/WifiMonitor( 1574): Event [CTRL-EVENT-STATE-CHANGE id=-1 state=2 BSSID=00:00:00:00:00:00]
01-19 19:44:02.529 D/WifiStateMachine( 1574): Changing supplicant state: INACTIVE ==> SCANNING
01-19 19:44:02.529 D/WifiStateMachine( 1574): setDetailed state, old =IDLE and new state=SCANNING
01-19 19:44:03.100 I/System.out( 2748): 3
01-19 19:44:03.620 I/wpa_supplicant( 1755): got scan complete
01-19 19:44:03.620 I/wpa_supplicant( 1755): wpa_supplicant_get_scan_results:return scan results2
01-19 19:44:03.620 I/wpa_supplicant( 1755): AP:ssid[SKY3D82A],rssi[-82],BSSID=7c:4c:a5:86:c5:2d
01-19 19:44:03.620 I/wpa_supplicant( 1755): AP:ssid[SKY45D4A],rssi[-78],BSSID=4c:17:eb:c4:5d:4b
01-19 19:44:03.620 I/wpa_supplicant( 1755): Received 712 bytes of scan results (2 BSSes)
01-19 19:44:03.620 I/wpa_supplicant( 1755): wpa_driver_wext_get_scan_results---
01-19 19:44:03.620 I/wpa_supplicant( 1755): wpa_disabled_ssid_list_clear
01-19 19:44:03.620 V/WifiMonitor( 1574): Event [wpa_disabled_ssid_list_clear]
01-19 19:44:03.620 I/wpa_supplicant( 1755): No suitable AP found.
01-19 19:44:03.620 I/wpa_supplicant( 1755): CTRL-EVENT-STATE-CHANGE id=-1 state=1 BSSID=00:00:00:00:00:00
01-19 19:44:03.630 V/WifiMonitor( 1574): Event [CTRL-EVENT-STATE-CHANGE id=-1 state=1 BSSID=00:00:00:00:00:00]
01-19 19:44:03.640 D/WifiStateMachine( 1574): Changing supplicant state: SCANNING ==> INACTIVE
01-19 19:44:03.640 D/WifiStateMachine( 1574): setDetailed state, old =SCANNING and new state=IDLE
01-19 19:44:03.700 D/dalvikvm( 2757): GC_CONCURRENT freed 446K, 10% free 6836K/7559K, paused 1ms+2ms
01-19 19:44:03.740 I/wpa_supplicant( 1755): CTRL-EVENT-STATE-CHANGE id=-1 state=2 BSSID=00:00:00:00:00:00
01-19 19:44:03.740 V/WifiMonitor( 1574): Event [CTRL-EVENT-STATE-CHANGE id=-1 state=2 BSSID=00:00:00:00:00:00]
01-19 19:44:03.740 D/WifiStateMachine( 1574): Changing supplicant state: INACTIVE ==> SCANNING
01-19 19:44:03.740 D/WifiStateMachine( 1574): setDetailed state, old =IDLE and new state=SCANNING
01-19 19:44:04.101 I/System.out( 2748): 2
01-19 19:44:04.842 I/wpa_supplicant( 1755): got scan complete
01-19 19:44:04.842 I/wpa_supplicant( 1755): wpa_supplicant_get_scan_results:return scan results2
01-19 19:44:04.842 I/wpa_supplicant( 1755): AP:ssid[SKY3D82A],rssi[-73],BSSID=7c:4c:a5:86:c5:2d
01-19 19:44:04.852 I/wpa_supplicant( 1755): AP:ssid[SKY45D4A],rssi[-78],BSSID=4c:17:eb:c4:5d:4b
01-19 19:44:04.852 I/wpa_supplicant( 1755): Received 712 bytes of scan results (2 BSSes)
01-19 19:44:04.852 I/wpa_supplicant( 1755): wpa_driver_wext_get_scan_results---
01-19 19:44:04.852 I/wpa_supplicant( 1755): wpa_disabled_ssid_list_clear
01-19 19:44:04.852 V/WifiMonitor( 1574): Event [wpa_disabled_ssid_list_clear]
01-19 19:44:04.852 I/wpa_supplicant( 1755): No suitable AP found.
01-19 19:44:04.852 I/wpa_supplicant( 1755): CTRL-EVENT-STATE-CHANGE id=-1 state=1 BSSID=00:00:00:00:00:00
01-19 19:44:04.852 V/WifiMonitor( 1574): Event [CTRL-EVENT-STATE-CHANGE id=-1 state=1 BSSID=00:00:00:00:00:00]
01-19 19:44:04.872 D/WifiStateMachine( 1574): Changing supplicant state: SCANNING ==> INACTIVE
01-19 19:44:04.872 D/WifiStateMachine( 1574): setDetailed state, old =SCANNING and new state=IDLE
01-19 19:44:04.972 I/wpa_supplicant( 1755): CTRL-EVENT-STATE-CHANGE id=-1 state=2 BSSID=00:00:00:00:00:00
01-19 19:44:04.972 V/WifiMonitor( 1574): Event [CTRL-EVENT-STATE-CHANGE id=-1 state=2 BSSID=00:00:00:00:00:00]
01-19 19:44:04.972 D/WifiStateMachine( 1574): Changing supplicant state: INACTIVE ==> SCANNING
01-19 19:44:04.972 D/WifiStateMachine( 1574): setDetailed state, old =IDLE and new state=SCANNING
01-19 19:44:05.062 D/dalvikvm( 2757): GC_CONCURRENT freed 446K, 10% free 6836K/7559K, paused 1ms+1ms
01-19 19:44:05.092 I/System.out( 2748): 2
01-19 19:44:06.063 I/wpa_supplicant( 1755): got scan complete
01-19 19:44:06.063 I/wpa_supplicant( 1755): wpa_supplicant_get_scan_results:return scan results2
01-19 19:44:06.063 I/wpa_supplicant( 1755): AP:ssid[SKY3D82A],rssi[-73],BSSID=7c:4c:a5:86:c5:2d
01-19 19:44:06.063 I/wpa_supplicant( 1755): AP:ssid[SKY45D4A],rssi[-76],BSSID=4c:17:eb:c4:5d:4b
01-19 19:44:06.063 I/wpa_supplicant( 1755): AP:ssid[PlusnetWirelessD194EF],rssi[-93],BSSID=a4:b1:e9:d1:94:ef
01-19 19:44:06.063 I/wpa_supplicant( 1755): Received 1112 bytes of scan results (3 BSSes)
01-19 19:44:06.063 I/wpa_supplicant( 1755): wpa_driver_wext_get_scan_results---
01-19 19:44:06.063 I/wpa_supplicant( 1755): wpa_disabled_ssid_list_clear
01-19 19:44:06.063 V/WifiMonitor( 1574): Event [wpa_disabled_ssid_list_clear]
01-19 19:44:06.063 I/wpa_supplicant( 1755): No suitable AP found.
01-19 19:44:06.063 I/wpa_supplicant( 1755): CTRL-EVENT-STATE-CHANGE id=-1 state=1 BSSID=00:00:00:00:00:00
01-19 19:44:06.063 V/WifiMonitor( 1574): Event [CTRL-EVENT-STATE-CHANGE id=-1 state=1 BSSID=00:00:00:00:00:00]
01-19 19:44:06.083 D/WifiStateMachine( 1574): Changing supplicant state: SCANNING ==> INACTIVE
01-19 19:44:06.083 D/WifiStateMachine( 1574): setDetailed state, old =SCANNING and new state=IDLE
01-19 19:44:06.093 I/System.out( 2748): 3
01-19 19:44:06.193 I/wpa_supplicant( 1755): CTRL-EVENT-STATE-CHANGE id=-1 state=2 BSSID=00:00:00:00:00:00
01-19 19:44:06.193 V/WifiMonitor( 1574): Event [CTRL-EVENT-STATE-CHANGE id=-1 state=2 BSSID=00:00:00:00:00:00]
01-19 19:44:06.193 D/WifiStateMachine( 1574): Changing supplicant state: INACTIVE ==> SCANNING
01-19 19:44:06.193 D/WifiStateMachine( 1574): setDetailed state, old =IDLE and new state=SCANNING
01-19 19:44:07.094 I/System.out( 2748): 3
01-19 19:44:07.284 I/wpa_supplicant( 1755): got scan complete
01-19 19:44:07.284 I/wpa_supplicant( 1755): wpa_supplicant_get_scan_results:return scan results2
01-19 19:44:07.284 I/wpa_supplicant( 1755): AP:ssid[SKY3D82A],rssi[-73],BSSID=7c:4c:a5:86:c5:2d
01-19 19:44:07.284 I/wpa_supplicant( 1755): AP:ssid[SKY45D4A],rssi[-78],BSSID=4c:17:eb:c4:5d:4b
01-19 19:44:07.284 I/wpa_supplicant( 1755): Received 712 bytes of scan results (2 BSSes)
01-19 19:44:07.284 I/wpa_supplicant( 1755): wpa_driver_wext_get_scan_results---
01-19 19:44:07.284 I/wpa_supplicant( 1755): wpa_disabled_ssid_list_clear
01-19 19:44:07.284 V/WifiMonitor( 1574): Event [wpa_disabled_ssid_list_clear]
01-19 19:44:07.294 I/wpa_supplicant( 1755): No suitable AP found.
01-19 19:44:07.294 I/wpa_supplicant( 1755): CTRL-EVENT-STATE-CHANGE id=-1 state=1 BSSID=00:00:00:00:00:00
01-19 19:44:07.294 V/WifiMonitor( 1574): Event [CTRL-EVENT-STATE-CHANGE id=-1 state=1 BSSID=00:00:00:00:00:00]
01-19 19:44:07.304 D/WifiStateMachine( 1574): Changing supplicant state: SCANNING ==> INACTIVE
01-19 19:44:07.304 D/WifiStateMachine( 1574): setDetailed state, old =SCANNING and new state=IDLE
01-19 19:44:07.364 D/dalvikvm( 2757): GC_CONCURRENT freed 446K, 10% free 6836K/7559K, paused 1ms+1ms
01-19 19:44:07.414 I/wpa_supplicant( 1755): CTRL-EVENT-STATE-CHANGE id=-1 state=2 BSSID=00:00:00:00:00:00
01-19 19:44:07.414 V/WifiMonitor( 1574): Event [CTRL-EVENT-STATE-CHANGE id=-1 state=2 BSSID=00:00:00:00:00:00]
01-19 19:44:07.414 D/WifiStateMachine( 1574): Changing supplicant state: INACTIVE ==> SCANNING
01-19 19:44:07.414 D/WifiStateMachine( 1574): setDetailed state, old =IDLE and new state=SCANNING
01-19 19:44:08.095 I/System.out( 2748): 2
01-19 19:44:08.505 I/wpa_supplicant( 1755): got scan complete
01-19 19:44:08.505 I/wpa_supplicant( 1755): wpa_supplicant_get_scan_results:return scan results2
01-19 19:44:08.505 I/wpa_supplicant( 1755): AP:ssid[SKY3D82A],rssi[-73],BSSID=7c:4c:a5:86:c5:2d
01-19 19:44:08.505 I/wpa_supplicant( 1755): AP:ssid[SKY45D4A],rssi[-78],BSSID=4c:17:eb:c4:5d:4b
01-19 19:44:08.505 I/wpa_supplicant( 1755): AP:ssid[PlusnetWirelessD194EF],rssi[-95],BSSID=a4:b1:e9:d1:94:ef
01-19 19:44:08.505 I/wpa_supplicant( 1755): Received 1112 bytes of scan results (3 BSSes)
01-19 19:44:08.505 I/wpa_supplicant( 1755): wpa_driver_wext_get_scan_results---
01-19 19:44:08.505 I/wpa_supplicant( 1755): wpa_disabled_ssid_list_clear
01-19 19:44:08.505 V/WifiMonitor( 1574): Event [wpa_disabled_ssid_list_clear]
01-19 19:44:08.505 I/wpa_supplicant( 1755): No suitable AP found.
01-19 19:44:08.505 I/wpa_supplicant( 1755): CTRL-EVENT-STATE-CHANGE id=-1 state=1 BSSID=00:00:00:00:00:00
01-19 19:44:08.505 V/WifiMonitor( 1574): Event [CTRL-EVENT-STATE-CHANGE id=-1 state=1 BSSID=00:00:00:00:00:00]
01-19 19:44:08.525 D/WifiStateMachine( 1574): Changing supplicant state: SCANNING ==> INACTIVE
01-19 19:44:08.525 D/WifiStateMachine( 1574): setDetailed state, old =SCANNING and new state=IDLE
01-19 19:44:08.635 I/wpa_supplicant( 1755): CTRL-EVENT-STATE-CHANGE id=-1 state=2 BSSID=00:00:00:00:00:00
01-19 19:44:08.635 V/WifiMonitor( 1574): Event [CTRL-EVENT-STATE-CHANGE id=-1 state=2 BSSID=00:00:00:00:00:00]
01-19 19:44:08.635 D/WifiStateMachine( 1574): Changing supplicant state: INACTIVE ==> SCANNING
01-19 19:44:08.635 D/WifiStateMachine( 1574): setDetailed state, old =IDLE and new state=SCANNING
01-19 19:44:08.715 D/dalvikvm( 2757): GC_CONCURRENT freed 446K, 10% free 6836K/7559K, paused 1ms+2ms
01-19 19:44:09.096 I/System.out( 2748): 3
01-19 19:44:09.726 I/wpa_supplicant( 1755): got scan complete
01-19 19:44:09.726 I/wpa_supplicant( 1755): wpa_supplicant_get_scan_results:return scan results2
01-19 19:44:09.726 I/wpa_supplicant( 1755): AP:ssid[SKY3D82A],rssi[-72],BSSID=7c:4c:a5:86:c5:2d
01-19 19:44:09.726 I/wpa_supplicant( 1755): AP:ssid[SKY45D4A],rssi[-78],BSSID=4c:17:eb:c4:5d:4b
01-19 19:44:09.736 I/wpa_supplicant( 1755): AP:ssid[PlusnetWirelessD194EF],rssi[-95],BSSID=a4:b1:e9:d1:94:ef
01-19 19:44:09.736 I/wpa_supplicant( 1755): Received 1112 bytes of scan results (3 BSSes)
01-19 19:44:09.736 I/wpa_supplicant( 1755): wpa_driver_wext_get_scan_results---
01-19 19:44:09.736 I/wpa_supplicant( 1755): wpa_disabled_ssid_list_clear
01-19 19:44:09.736 V/WifiMonitor( 1574): Event [wpa_disabled_ssid_list_clear]
01-19 19:44:09.736 I/wpa_supplicant( 1755): No suitable AP found.
01-19 19:44:09.736 I/wpa_supplicant( 1755): CTRL-EVENT-STATE-CHANGE id=-1 state=1 BSSID=00:00:00:00:00:00
01-19 19:44:09.736 V/WifiMonitor( 1574): Event [CTRL-EVENT-STATE-CHANGE id=-1 state=1 BSSID=00:00:00:00:00:00]
01-19 19:44:09.756 D/WifiStateMachine( 1574): Changing supplicant state: SCANNING ==> INACTIVE
01-19 19:44:09.756 D/WifiStateMachine( 1574): setDetailed state, old =SCANNING and new state=IDLE
01-19 19:44:09.866 I/wpa_supplicant( 1755): CTRL-EVENT-STATE-CHANGE id=-1 state=2 BSSID=00:00:00:00:00:00
01-19 19:44:09.866 V/WifiMonitor( 1574): Event [CTRL-EVENT-STATE-CHANGE id=-1 state=2 BSSID=00:00:00:00:00:00]
01-19 19:44:09.866 D/WifiStateMachine( 1574): Changing supplicant state: INACTIVE ==> SCANNING
01-19 19:44:09.866 D/WifiStateMachine( 1574): setDetailed state, old =IDLE and new state=SCANNING
01-19 19:44:10.097 I/System.out( 2748): 3
01-19 19:44:10.968 I/wpa_supplicant( 1755): got scan complete
01-19 19:44:10.968 I/wpa_supplicant( 1755): wpa_supplicant_get_scan_results:return scan results2
01-19 19:44:10.968 I/wpa_supplicant( 1755): AP:ssid[SKY3D82A],rssi[-73],BSSID=7c:4c:a5:86:c5:2d
01-19 19:44:10.968 I/wpa_supplicant( 1755): AP:ssid[SKY45D4A],rssi[-78],BSSID=4c:17:eb:c4:5d:4b
01-19 19:44:10.968 I/wpa_supplicant( 1755): AP:ssid[PlusnetWirelessD194EF],rssi[-91],BSSID=a4:b1:e9:d1:94:ef
01-19 19:44:10.968 I/wpa_supplicant( 1755): Received 1112 bytes of scan results (3 BSSes)
01-19 19:44:10.968 I/wpa_supplicant( 1755): wpa_driver_wext_get_scan_results---
01-19 19:44:10.968 I/wpa_supplicant( 1755): wpa_disabled_ssid_list_clear
01-19 19:44:10.968 V/WifiMonitor( 1574): Event [wpa_disabled_ssid_list_clear]
01-19 19:44:10.968 I/wpa_supplicant( 1755): No suitable AP found.
01-19 19:44:10.968 I/wpa_supplicant( 1755): CTRL-EVENT-STATE-CHANGE id=-1 state=1 BSSID=00:00:00:00:00:00
01-19 19:44:10.968 V/WifiMonitor( 1574): Event [CTRL-EVENT-STATE-CHANGE id=-1 state=1 BSSID=00:00:00:00:00:00]
01-19 19:44:10.988 D/WifiStateMachine( 1574): Changing supplicant state: SCANNING ==> INACTIVE
01-19 19:44:10.988 D/WifiStateMachine( 1574): setDetailed state, old =SCANNING and new state=IDLE
01-19 19:44:11.048 D/dalvikvm( 2757): GC_CONCURRENT freed 446K, 10% free 6836K/7559K, paused 1ms+2ms
01-19 19:44:11.088 I/wpa_supplicant( 1755): CTRL-EVENT-STATE-CHANGE id=-1 state=2 BSSID=00:00:00:00:00:00
01-19 19:44:11.088 V/WifiMonitor( 1574): Event [CTRL-EVENT-STATE-CHANGE id=-1 state=2 BSSID=00:00:00:00:00:00]
01-19 19:44:11.088 D/WifiStateMachine( 1574): Changing supplicant state: INACTIVE ==> SCANNING
01-19 19:44:11.088 D/WifiStateMachine( 1574): setDetailed state, old =IDLE and new state=SCANNING
01-19 19:44:11.098 I/System.out( 2748): 3
01-19 19:44:12.099 I/System.out( 2748): 3
01-19 19:44:12.179 I/wpa_supplicant( 1755): got scan complete
01-19 19:44:12.179 I/wpa_supplicant( 1755): wpa_supplicant_get_scan_results:return scan results2
01-19 19:44:12.179 I/wpa_supplicant( 1755): AP:ssid[SKY3D82A],rssi[-72],BSSID=7c:4c:a5:86:c5:2d
01-19 19:44:12.179 I/wpa_supplicant( 1755): AP:ssid[SKY45D4A],rssi[-79],BSSID=4c:17:eb:c4:5d:4b
01-19 19:44:12.179 I/wpa_supplicant( 1755): AP:ssid[PlusnetWirelessD194EF],rssi[-93],BSSID=a4:b1:e9:d1:94:ef
01-19 19:44:12.179 I/wpa_supplicant( 1755): Received 1112 bytes of scan results (3 BSSes)
01-19 19:44:12.179 I/wpa_supplicant( 1755): wpa_driver_wext_get_scan_results---
01-19 19:44:12.189 I/wpa_supplicant( 1755): wpa_disabled_ssid_list_clear
01-19 19:44:12.189 V/WifiMonitor( 1574): Event [wpa_disabled_ssid_list_clear]
01-19 19:44:12.189 I/wpa_supplicant( 1755): No suitable AP found.
01-19 19:44:12.189 I/wpa_supplicant( 1755): CTRL-EVENT-STATE-CHANGE id=-1 state=1 BSSID=00:00:00:00:00:00
01-19 19:44:12.189 V/WifiMonitor( 1574): Event [CTRL-EVENT-STATE-CHANGE id=-1 state=1 BSSID=00:00:00:00:00:00]
01-19 19:44:12.209 D/WifiStateMachine( 1574): Changing supplicant state: SCANNING ==> INACTIVE
01-19 19:44:12.209 D/WifiStateMachine( 1574): setDetailed state, old =SCANNING and new state=IDLE
01-19 19:44:12.309 I/wpa_supplicant( 1755): CTRL-EVENT-STATE-CHANGE id=-1 state=2 BSSID=00:00:00:00:00:00
01-19 19:44:12.309 V/WifiMonitor( 1574): Event [CTRL-EVENT-STATE-CHANGE id=-1 state=2 BSSID=00:00:00:00:00:00]
01-19 19:44:12.309 D/WifiStateMachine( 1574): Changing supplicant state: INACTIVE ==> SCANNING
01-19 19:44:12.309 D/WifiStateMachine( 1574): setDetailed state, old =IDLE and new state=SCANNING
01-19 19:44:12.419 D/dalvikvm( 2757): GC_CONCURRENT freed 446K, 10% free 6836K/7559K, paused 4ms+2ms
01-19 19:44:13.100 I/System.out( 2748): 3
01-19 19:44:13.400 I/wpa_supplicant( 1755): got scan complete
01-19 19:44:13.400 I/wpa_supplicant( 1755): wpa_supplicant_get_scan_results:return scan results2
01-19 19:44:13.400 I/wpa_supplicant( 1755): AP:ssid[SKY3D82A],rssi[-72],BSSID=7c:4c:a5:86:c5:2d
01-19 19:44:13.400 I/wpa_supplicant( 1755): AP:ssid[SKY45D4A],rssi[-77],BSSID=4c:17:eb:c4:5d:4b
01-19 19:44:13.400 I/wpa_supplicant( 1755): AP:ssid[PlusnetWirelessD194EF],rssi[-92],BSSID=a4:b1:e9:d1:94:ef
01-19 19:44:13.400 I/wpa_supplicant( 1755): Received 1112 bytes of scan results (3 BSSes)
01-19 19:44:13.400 I/wpa_supplicant( 1755): wpa_driver_wext_get_scan_results---
01-19 19:44:13.410 I/wpa_supplicant( 1755): wpa_disabled_ssid_list_clear
01-19 19:44:13.410 V/WifiMonitor( 1574): Event [wpa_disabled_ssid_list_clear]
01-19 19:44:13.410 I/wpa_supplicant( 1755): No suitable AP found.
01-19 19:44:13.410 I/wpa_supplicant( 1755): CTRL-EVENT-STATE-CHANGE id=-1 state=1 BSSID=00:00:00:00:00:00
01-19 19:44:13.410 V/WifiMonitor( 1574): Event [CTRL-EVENT-STATE-CHANGE id=-1 state=1 BSSID=00:00:00:00:00:00]
01-19 19:44:13.420 D/WifiStateMachine( 1574): Changing supplicant state: SCANNING ==> INACTIVE
01-19 19:44:13.430 D/WifiStateMachine( 1574): setDetailed state, old =SCANNING and new state=IDLE
01-19 19:44:13.530 I/wpa_supplicant( 1755): CTRL-EVENT-STATE-CHANGE id=-1 state=2 BSSID=00:00:00:00:00:00
01-19 19:44:13.530 V/WifiMonitor( 1574): Event [CTRL-EVENT-STATE-CHANGE id=-1 state=2 BSSID=00:00:00:00:00:00]
01-19 19:44:13.530 D/WifiStateMachine( 1574): Changing supplicant state: INACTIVE ==> SCANNING
01-19 19:44:13.530 D/WifiStateMachine( 1574): setDetailed state, old =IDLE and new state=SCANNING
01-19 19:44:14.101 I/System.out( 2748): 3
01-19 19:44:14.621 I/wpa_supplicant( 1755): got scan complete
01-19 19:44:14.621 I/wpa_supplicant( 1755): wpa_supplicant_get_scan_results:return scan results2
01-19 19:44:14.621 I/wpa_supplicant( 1755): AP:ssid[SKY3D82A],rssi[-73],BSSID=7c:4c:a5:86:c5:2d
01-19 19:44:14.621 I/wpa_supplicant( 1755): AP:ssid[SKY45D4A],rssi[-78],BSSID=4c:17:eb:c4:5d:4b
