01-08 15:44:49.668 D/WifiStateMachine( 1590): Changing supplicant state: SCANNING ==> ASSOCIATING
01-08 15:44:49.668 D/WifiStateMachine( 1590): setDetailed state, old =SCANNING and new state=CONNECTING
01-08 15:44:49.678 I/keystore( 1448): uid: 1000 action: t -> 2 state: 2 -> 2 retry: 4
01-08 15:44:49.678 I/wpa_supplicant( 2595): DISABLE_80211X
01-08 15:44:49.678 I/wpa_supplicant( 2595): CTRL_IFACE: wpa_supplicant_ctrl_iface_disable_80211X
01-08 15:44:50.058 I/System.out( 2743): 17
01-08 15:44:51.059 I/System.out( 2743): 17
01-08 15:44:51.099 I/wpa_supplicant( 2595): CTRL-EVENT-STATE-CHANGE id=1 state=4 BSSID=9c:4e:20:c8:9e:71
01-08 15:44:51.099 V/WifiMonitor( 1590): Event [CTRL-EVENT-STATE-CHANGE id=1 state=4 BSSID=9c:4e:20:c8:9e:71]
01-08 15:44:51.099 D/WifiStateMachine( 1590): Changing supplicant state: ASSOCIATING ==> ASSOCIATED
01-08 15:44:51.109 D/WifiStateMachine( 1590): setDetailed state, old =CONNECTING and new state=CONNECTING
01-08 15:44:51.109 I/wpa_supplicant( 2595): Associated with 9c:4e:20:c8:9e:71
01-08 15:44:51.109 I/wpa_supplicant( 2595): CTRL-REQ-CUSTOMIZATION-1:Identity
01-08 15:44:51.109 V/WifiMonitor( 1590): Event [Associated with 9c:4e:20:c8:9e:71]
01-08 15:44:51.109 I/wpa_supplicant( 2595): RX EAPOL from 9c:4e:20:c8:9e:71
01-08 15:44:51.109 V/WifiMonitor( 1590): Event [CTRL-REQ-CUSTOMIZATION-1:Identity]
01-08 15:44:51.119 I/wpa_supplicant( 2595): RX EAPOL:return ,due to keystore locked
01-08 15:44:51.119 I/WifiMonitor( 1590): [EAP-MSG] Req: CUSTOMIZATION-1:Identity
01-08 15:44:51.810 I/wpa_supplicant( 2595): TX EAPOL: type=1, dst=9c:4e:20:c8:9e:71
01-08 15:44:51.810 I/wpa_supplicant( 2595): l2_packet_send: ret = '4'
01-08 15:44:51.810 I/wpa_supplicant( 2595): RX EAPOL from 9c:4e:20:c8:9e:71
01-08 15:44:51.810 I/wpa_supplicant( 2595): RX EAPOL:return ,due to keystore locked
01-08 15:44:52.060 I/System.out( 2743): 17
01-08 15:44:53.061 I/System.out( 2743): 17
01-08 15:44:54.082 I/System.out( 2743): 17
01-08 15:44:54.132 D/dalvikvm( 2743): GC_CONCURRENT freed 334K, 7% free 6560K/6983K, paused 5ms+1ms
01-08 15:44:55.063 I/System.out( 2743): 17
01-08 15:44:56.064 I/System.out( 2743): 17
01-08 15:44:56.224 D/dalvikvm( 2259): GC_EXPLICIT freed 590K, 11% free 6622K/7367K, paused 5ms+1ms
01-08 15:44:57.055 I/System.out( 2743): 17
01-08 15:44:58.056 I/System.out( 2743): 17
01-08 15:44:59.057 I/System.out( 2743): 17
01-08 15:45:00.058 I/System.out( 2743): 17
01-08 15:45:01.059 I/System.out( 2743): 17
01-08 15:45:01.109 I/wpa_supplicant( 2595): Authentication with 9c:4e:20:c8:9e:71 timed out.
01-08 15:45:01.109 V/WifiMonitor( 1590): Event [Authentication with 9c:4e:20:c8:9e:71 timed out.]
01-08 15:45:01.119 I/wpa_supplicant( 2595): CTRL-EVENT-STATE-CHANGE id=1 state=0 BSSID=00:00:00:00:00:00
01-08 15:45:01.119 V/WifiMonitor( 1590): Event [CTRL-EVENT-STATE-CHANGE id=1 state=0 BSSID=00:00:00:00:00:00]
01-08 15:45:01.129 D/WifiStateMachine( 1590): Changing supplicant state: ASSOCIATED ==> DISCONNECTED
01-08 15:45:01.129 D/WifiStateMachine( 1590): setDetailed state, old =CONNECTING and new state=DISCONNECTED
01-08 15:45:01.129 I/wpa_supplicant( 2595): CTRL-EVENT-DISCONNECTED - Disconnect event - remove keys
01-08 15:45:01.139 V/WifiMonitor( 1590): Event [CTRL-EVENT-DISCONNECTED - Disconnect event - remove keys]
01-08 15:45:01.159 I/wpa_supplicant( 2595): CTRL-EVENT-STATE-CHANGE id=-1 state=0 BSSID=00:00:00:00:00:00
01-08 15:45:01.159 V/WifiMonitor( 1590): Event [CTRL-EVENT-STATE-CHANGE id=-1 state=0 BSSID=00:00:00:00:00:00]
01-08 15:45:01.169 D/WifiStateMachine( 1590): Changing supplicant state: DISCONNECTED ==> DISCONNECTED
01-08 15:45:01.169 D/WifiStateMachine( 1590): setDetailed state, old =DISCONNECTED and new state=DISCONNECTED
01-08 15:45:01.229 D/dalvikvm( 1827): GC_CONCURRENT freed 446K, 15% free 7742K/9095K, paused 2ms+2ms
01-08 15:45:01.229 I/wpa_supplicant( 2595): CTRL-EVENT-STATE-CHANGE id=-1 state=2 BSSID=00:00:00:00:00:00
01-08 15:45:01.229 V/WifiMonitor( 1590): Event [CTRL-EVENT-STATE-CHANGE id=-1 state=2 BSSID=00:00:00:00:00:00]
01-08 15:45:01.229 D/WifiStateMachine( 1590): Changing supplicant state: DISCONNECTED ==> SCANNING
01-08 15:45:01.229 D/WifiStateMachine( 1590): setDetailed state, old =DISCONNECTED and new state=SCANNING
01-08 15:45:02.070 I/System.out( 2743): 17
01-08 15:45:02.370 I/wpa_supplicant( 2595): got scan complete
01-08 15:45:02.370 I/wpa_supplicant( 2595): wpa_supplicant_get_scan_results:return scan results2
01-08 15:45:02.380 I/wpa_supplicant( 2595): AP:ssid[BTOpenzone],rssi[-85],BSSID=9c:4e:20:c8:9e:70
01-08 15:45:02.380 I/wpa_supplicant( 2595): AP:ssid[uos-visitor],rssi[-86],BSSID=9c:4e:20:c8:9e:74
01-08 15:45:02.380 I/wpa_supplicant( 2595): AP:ssid[eduroam],rssi[-88],BSSID=9c:4e:20:c8:9e:72
01-08 15:45:02.380 I/wpa_supplicant( 2595): AP:ssid[cs],rssi[-88],BSSID=9c:4e:20:c8:9e:71
01-08 15:45:02.380 I/wpa_supplicant( 2595): AP:ssid[uos-connect],rssi[-86],BSSID=9c:4e:20:c8:9e:73
01-08 15:45:02.380 I/wpa_supplicant( 2595): AP:ssid[hpsetup],rssi[-93],BSSID=c2:ce:46:d5:40:9c
01-08 15:45:02.380 I/wpa_supplicant( 2595): AP:ssid[cs],rssi[-62],BSSID=9c:4e:20:c8:b0:f1
01-08 15:45:02.380 I/wpa_supplicant( 2595): AP:ssid[uos-connect],rssi[-60],BSSID=9c:4e:20:c8:b0:f3
01-08 15:45:02.380 I/wpa_supplicant( 2595): AP:ssid[BTOpenzone],rssi[-60],BSSID=9c:4e:20:c8:b0:f0
01-08 15:45:02.380 I/wpa_supplicant( 2595): AP:ssid[uos-visitor],rssi[-61],BSSID=9c:4e:20:c8:b0:f4
01-08 15:45:02.380 I/wpa_supplicant( 2595): AP:ssid[eduroam],rssi[-60],BSSID=9c:4e:20:c8:b0:f2
01-08 15:45:02.380 I/wpa_supplicant( 2595): AP:ssid[BTOpenzone],rssi[-75],BSSID=9c:4e:20:c8:cc:50
01-08 15:45:02.380 I/wpa_supplicant( 2595): AP:ssid[uos-visitor],rssi[-75],BSSID=9c:4e:20:c8:cc:54
01-08 15:45:02.380 I/wpa_supplicant( 2595): AP:ssid[eduroam],rssi[-75],BSSID=9c:4e:20:c8:cc:52
01-08 15:45:02.380 I/wpa_supplicant( 2595): AP:ssid[cs],rssi[-75],BSSID=9c:4e:20:c8:cc:51
01-08 15:45:02.380 I/wpa_supplicant( 2595): AP:ssid[uos-connect],rssi[-75],BSSID=9c:4e:20:c8:cc:53
01-08 15:45:02.380 I/wpa_supplicant( 2595): AP:ssid[BTOpenzone],rssi[-85],BSSID=c0:83:0a:e0:12:d4
01-08 15:45:02.380 I/wpa_supplicant( 2595): Received 3134 bytes of scan results (17 BSSes)
01-08 15:45:02.380 I/wpa_supplicant( 2595): wpa_driver_wext_get_scan_results---
01-08 15:45:02.390 I/wpa_supplicant( 2595): supplicant attached completed, trigger assoc.
01-08 15:45:02.390 I/wpa_supplicant( 2595): Trying to associate with 9c:4e:20:c8:9e:71 (SSID='cs' freq=2432 MHz)
01-08 15:45:02.390 V/WifiMonitor( 1590): Event [Trying to associate with 9c:4e:20:c8:9e:71 (SSID='cs' freq=2432 MHz)]
01-08 15:45:02.390 I/wpa_supplicant( 2595): CTRL-EVENT-STATE-CHANGE id=-1 state=3 BSSID=9c:4e:20:c8:9e:71
01-08 15:45:02.390 V/WifiMonitor( 1590): Event [CTRL-EVENT-STATE-CHANGE id=-1 state=3 BSSID=9c:4e:20:c8:9e:71]
01-08 15:45:02.430 D/WifiStateMachine( 1590): Changing supplicant state: SCANNING ==> ASSOCIATING
01-08 15:45:02.430 D/WifiStateMachine( 1590): setDetailed state, old =SCANNING and new state=CONNECTING
01-08 15:45:02.430 I/keystore( 1448): uid: 1000 action: t -> 2 state: 2 -> 2 retry: 4
01-08 15:45:02.430 I/wpa_supplicant( 2595): DISABLE_80211X
01-08 15:45:02.430 I/wpa_supplicant( 2595): CTRL_IFACE: wpa_supplicant_ctrl_iface_disable_80211X
01-08 15:45:03.061 I/System.out( 2743): 17
01-08 15:45:03.541 I/wpa_supplicant( 2595): CTRL-EVENT-STATE-CHANGE id=1 state=4 BSSID=9c:4e:20:c8:9e:71
01-08 15:45:03.541 V/WifiMonitor( 1590): Event [CTRL-EVENT-STATE-CHANGE id=1 state=4 BSSID=9c:4e:20:c8:9e:71]
01-08 15:45:03.541 D/WifiStateMachine( 1590): Changing supplicant state: ASSOCIATING ==> ASSOCIATED
01-08 15:45:03.541 D/WifiStateMachine( 1590): setDetailed state, old =CONNECTING and new state=CONNECTING
01-08 15:45:03.551 I/wpa_supplicant( 2595): Associated with 9c:4e:20:c8:9e:71
01-08 15:45:03.551 V/WifiMonitor( 1590): Event [Associated with 9c:4e:20:c8:9e:71]
01-08 15:45:03.551 I/wpa_supplicant( 2595): CTRL-REQ-CUSTOMIZATION-1:Identity
01-08 15:45:03.551 V/WifiMonitor( 1590): Event [CTRL-REQ-CUSTOMIZATION-1:Identity]
01-08 15:45:03.551 I/WifiMonitor( 1590): [EAP-MSG] Req: CUSTOMIZATION-1:Identity
01-08 15:45:03.551 I/wpa_supplicant( 2595): RX EAPOL from 9c:4e:20:c8:9e:71
01-08 15:45:03.551 I/wpa_supplicant( 2595): RX EAPOL:return ,due to keystore locked
01-08 15:45:03.591 D/dalvikvm( 1827): GC_CONCURRENT freed 594K, 16% free 7659K/9095K, paused 1ms+2ms
01-08 15:45:04.072 I/System.out( 2743): 17
01-08 15:45:04.542 I/wpa_supplicant( 2595): TX EAPOL: type=1, dst=9c:4e:20:c8:9e:71
01-08 15:45:04.542 I/wpa_supplicant( 2595): l2_packet_send: ret = '4'
01-08 15:45:04.552 I/wpa_supplicant( 2595): RX EAPOL from 9c:4e:20:c8:9e:71
01-08 15:45:04.552 I/wpa_supplicant( 2595): RX EAPOL:return ,due to keystore locked
01-08 15:45:05.073 I/System.out( 2743): 17
01-08 15:45:06.074 I/System.out( 2743): 17
01-08 15:45:07.065 I/System.out( 2743): 17
01-08 15:45:07.565 D/UsbnetService( 1590): BroadcastReceiver::onReceive+
01-08 15:45:07.565 D/UsbnetService( 1590): onReceive BATTERY_CHANGED
01-08 15:45:07.565 D/UsbnetService( 1590):  --> pluggedType = 2, mPluggedType = 0, mScreenOff = false
01-08 15:45:07.565 D/UsbnetService( 1590): BroadcastReceiver::onReceive-
01-08 15:45:07.575 D/NotificationService( 1590): mIntentReceiver() Intent.ACTION_BATTERY_CHANGED
01-08 15:45:07.585 D/BatteryService( 1590): SendIntentforPowersaver
01-08 15:45:07.585 D/BatteryService( 1590): Current powersaver status == NORMAL_STATUS1 5 2 false
01-08 15:45:07.595 D/PowerUI ( 1662): closing low battery warning: level=100
01-08 15:45:07.595 D/PowerUI ( 1662): plugged = true, health = 2, mBatteryLevel = 100, mPluggedBatteryLevel = 99, mLowBatteryWarningLevel2 = 25, mshowLowChargingWarning2 = true
01-08 15:45:07.605 D/RemoveMe( 1679): DCT got intent android.intent.action.BATTERY_CHANGED
01-08 15:45:07.615 D/RemoveMe( 1679): DCT got intent android.intent.action.BATTERY_CHANGED
01-08 15:45:07.625 D/RemoveMe( 1679): DCT got intent android.intent.action.BATTERY_CHANGED
01-08 15:45:07.625 D/WifiService( 1590): ACTION_BATTERY_CHANGED pluggedType: 2
01-08 15:45:08.066 I/System.out( 2743): 17
01-08 15:45:09.067 I/System.out( 2743): 17
01-08 15:45:10.068 I/System.out( 2743): 17
01-08 15:45:11.069 I/System.out( 2743): 17
01-08 15:45:12.070 I/System.out( 2743): 17
01-08 15:45:12.740 D/dalvikvm( 2397): GC_EXPLICIT freed 422K, 10% free 8764K/9735K, paused 5ms+1ms
01-08 15:45:13.071 I/System.out( 2743): 17
01-08 15:45:13.551 I/wpa_supplicant( 2595): Authentication with 9c:4e:20:c8:9e:71 timed out.
01-08 15:45:13.551 V/WifiMonitor( 1590): Event [Authentication with 9c:4e:20:c8:9e:71 timed out.]
01-08 15:45:13.561 I/wpa_supplicant( 2595): CTRL-EVENT-STATE-CHANGE id=1 state=0 BSSID=00:00:00:00:00:00
01-08 15:45:13.561 V/WifiMonitor( 1590): Event [CTRL-EVENT-STATE-CHANGE id=1 state=0 BSSID=00:00:00:00:00:00]
01-08 15:45:13.561 D/WifiStateMachine( 1590): Changing supplicant state: ASSOCIATED ==> DISCONNECTED
01-08 15:45:13.561 D/WifiStateMachine( 1590): setDetailed state, old =CONNECTING and new state=DISCONNECTED
01-08 15:45:13.581 I/wpa_supplicant( 2595): CTRL-EVENT-DISCONNECTED - Disconnect event - remove keys
01-08 15:45:13.581 V/WifiMonitor( 1590): Event [CTRL-EVENT-DISCONNECTED - Disconnect event - remove keys]
01-08 15:45:13.601 I/wpa_supplicant( 2595): CTRL-EVENT-STATE-CHANGE id=-1 state=0 BSSID=00:00:00:00:00:00
01-08 15:45:13.601 V/WifiMonitor( 1590): Event [CTRL-EVENT-STATE-CHANGE id=-1 state=0 BSSID=00:00:00:00:00:00]
01-08 15:45:13.611 D/WifiStateMachine( 1590): Changing supplicant state: DISCONNECTED ==> DISCONNECTED
01-08 15:45:13.611 D/WifiStateMachine( 1590): setDetailed state, old =DISCONNECTED and new state=DISCONNECTED
01-08 15:45:13.681 I/wpa_supplicant( 2595): CTRL-EVENT-STATE-CHANGE id=-1 state=2 BSSID=00:00:00:00:00:00
01-08 15:45:13.681 V/WifiMonitor( 1590): Event [CTRL-EVENT-STATE-CHANGE id=-1 state=2 BSSID=00:00:00:00:00:00]
01-08 15:45:13.681 D/WifiStateMachine( 1590): Changing supplicant state: DISCONNECTED ==> SCANNING
01-08 15:45:13.681 D/WifiStateMachine( 1590): setDetailed state, old =DISCONNECTED and new state=SCANNING
01-08 15:45:13.761 D/dalvikvm( 1827): GC_CONCURRENT freed 446K, 16% free 7677K/9095K, paused 2ms+3ms
01-08 15:45:14.071 I/System.out( 2743): 17
01-08 15:45:14.862 I/wpa_supplicant( 2595): got scan complete
01-08 15:45:14.862 I/wpa_supplicant( 2595): wpa_supplicant_get_scan_results:return scan results2
01-08 15:45:14.862 I/wpa_supplicant( 2595): AP:ssid[BTOpenzone],rssi[-85],BSSID=9c:4e:20:c8:9e:70
01-08 15:45:14.862 I/wpa_supplicant( 2595): AP:ssid[uos-visitor],rssi[-84],BSSID=9c:4e:20:c8:9e:74
01-08 15:45:14.862 I/wpa_supplicant( 2595): AP:ssid[eduroam],rssi[-84],BSSID=9c:4e:20:c8:9e:72
01-08 15:45:14.862 I/wpa_supplicant( 2595): AP:ssid[cs],rssi[-84],BSSID=9c:4e:20:c8:9e:71
01-08 15:45:14.862 I/wpa_supplicant( 2595): AP:ssid[uos-connect],rssi[-84],BSSID=9c:4e:20:c8:9e:73
01-08 15:45:14.862 I/wpa_supplicant( 2595): AP:ssid[hpsetup],rssi[-94],BSSID=c2:ce:46:d5:40:9c
01-08 15:45:14.862 I/wpa_supplicant( 2595): AP:ssid[LD-Net],rssi[-88],BSSID=00:14:6c:fd:72:38
01-08 15:45:14.862 I/wpa_supplicant( 2595): AP:ssid[uos-connect],rssi[-58],BSSID=9c:4e:20:c8:b0:f3
01-08 15:45:14.862 I/wpa_supplicant( 2595): AP:ssid[BTOpenzone],rssi[-60],BSSID=9c:4e:20:c8:b0:f0
01-08 15:45:14.862 I/wpa_supplicant( 2595): AP:ssid[uos-visitor],rssi[-59],BSSID=9c:4e:20:c8:b0:f4
01-08 15:45:14.862 I/wpa_supplicant( 2595): AP:ssid[eduroam],rssi[-58],BSSID=9c:4e:20:c8:b0:f2
01-08 15:45:14.862 I/wpa_supplicant( 2595): AP:ssid[cs],rssi[-58],BSSID=9c:4e:20:c8:b0:f1
01-08 15:45:14.862 I/wpa_supplicant( 2595): AP:ssid[BTOpenzone],rssi[-82],BSSID=9c:4e:20:c8:cc:50
01-08 15:45:14.872 I/wpa_supplicant( 2595): AP:ssid[uos-visitor],rssi[-77],BSSID=9c:4e:20:c8:cc:54
01-08 15:45:14.872 I/wpa_supplicant( 2595): AP:ssid[eduroam],rssi[-76],BSSID=9c:4e:20:c8:cc:52
01-08 15:45:14.872 I/wpa_supplicant( 2595): AP:ssid[uos-connect],rssi[-83],BSSID=9c:4e:20:c8:cc:53
01-08 15:45:14.872 I/wpa_supplicant( 2595): AP:ssid[BTBusinessHub-353],rssi[-86],BSSID=c0:83:0a:e0:12:d1
01-08 15:45:14.872 I/wpa_supplicant( 2595): AP:ssid[BTOpenzone],rssi[-87],BSSID=c0:83:0a:e0:12:d4
01-08 15:45:14.872 I/wpa_supplicant( 2595): Received 3389 bytes of scan results (18 BSSes)
01-08 15:45:14.872 I/wpa_supplicant( 2595): wpa_driver_wext_get_scan_results---
01-08 15:45:14.872 I/wpa_supplicant( 2595): supplicant attached completed, trigger assoc.
01-08 15:45:14.872 I/wpa_supplicant( 2595): Trying to associate with 9c:4e:20:c8:b0:f2 (SSID='eduroam' freq=2452 MHz)
01-08 15:45:14.872 V/WifiMonitor( 1590): Event [Trying to associate with 9c:4e:20:c8:b0:f2 (SSID='eduroam' freq=2452 MHz)]
01-08 15:45:14.882 I/wpa_supplicant( 2595): CTRL-EVENT-STATE-CHANGE id=-1 state=3 BSSID=9c:4e:20:c8:b0:f2
01-08 15:45:14.882 V/WifiMonitor( 1590): Event [CTRL-EVENT-STATE-CHANGE id=-1 state=3 BSSID=9c:4e:20:c8:b0:f2]
01-08 15:45:15.012 D/WifiStateMachine( 1590): Changing supplicant state: SCANNING ==> ASSOCIATING
01-08 15:45:15.012 D/WifiStateMachine( 1590): setDetailed state, old =SCANNING and new state=CONNECTING
01-08 15:45:15.012 I/keystore( 1448): uid: 1000 action: t -> 2 state: 2 -> 2 retry: 4
01-08 15:45:15.012 I/wpa_supplicant( 2595): DISABLE_80211X
01-08 15:45:15.012 I/wpa_supplicant( 2595): CTRL_IFACE: wpa_supplicant_ctrl_iface_disable_80211X
01-08 15:45:15.072 I/System.out( 2743): 18
01-08 15:45:16.073 I/System.out( 2743): 18
01-08 15:45:16.154 I/wpa_supplicant( 2595): CTRL-EVENT-STATE-CHANGE id=0 state=4 BSSID=9c:4e:20:c8:b0:f2
01-08 15:45:16.154 V/WifiMonitor( 1590): Event [CTRL-EVENT-STATE-CHANGE id=0 state=4 BSSID=9c:4e:20:c8:b0:f2]
01-08 15:45:16.154 D/WifiStateMachine( 1590): Changing supplicant state: ASSOCIATING ==> ASSOCIATED
01-08 15:45:16.154 D/WifiStateMachine( 1590): setDetailed state, old =CONNECTING and new state=CONNECTING
01-08 15:45:16.154 I/wpa_supplicant( 2595): Associated with 9c:4e:20:c8:b0:f2
01-08 15:45:16.154 V/WifiMonitor( 1590): Event [Associated with 9c:4e:20:c8:b0:f2]
01-08 15:45:16.154 I/wpa_supplicant( 2595): CTRL-REQ-CUSTOMIZATION-0:Identity
01-08 15:45:16.164 V/WifiMonitor( 1590): Event [CTRL-REQ-CUSTOMIZATION-0:Identity]
01-08 15:45:16.164 I/WifiMonitor( 1590): [EAP-MSG] Req: CUSTOMIZATION-0:Identity
01-08 15:45:16.164 I/wpa_supplicant( 2595): RX EAPOL from 9c:4e:20:c8:b0:f2
01-08 15:45:16.164 I/wpa_supplicant( 2595): RX EAPOL:return ,due to keystore locked
01-08 15:45:17.064 I/System.out( 2743): 18
01-08 15:45:17.144 I/wpa_supplicant( 2595): TX EAPOL: type=1, dst=9c:4e:20:c8:b0:f2
01-08 15:45:17.144 I/wpa_supplicant( 2595): l2_packet_send: ret = '4'
01-08 15:45:17.144 I/wpa_supplicant( 2595): RX EAPOL from 9c:4e:20:c8:b0:f2
01-08 15:45:17.144 I/wpa_supplicant( 2595): RX EAPOL:return ,due to keystore locked
01-08 15:45:18.075 I/System.out( 2743): 18
01-08 15:45:19.066 I/System.out( 2743): 18
01-08 15:45:20.067 I/System.out( 2743): 18
01-08 15:45:21.078 I/System.out( 2743): 18
01-08 15:45:21.228 D/dalvikvm( 2534): GC_EXPLICIT freed 86K, 5% free 6697K/7047K, paused 6ms+1ms
01-08 15:45:22.079 I/System.out( 2743): 18
01-08 15:45:23.080 I/System.out( 2743): 18
01-08 15:45:24.081 I/System.out( 2743): 18
01-08 15:45:25.082 I/System.out( 2743): 18
01-08 15:45:26.083 I/System.out( 2743): 18
01-08 15:45:26.163 I/wpa_supplicant( 2595): Authentication with 9c:4e:20:c8:b0:f2 timed out.
01-08 15:45:26.163 V/WifiMonitor( 1590): Event [Authentication with 9c:4e:20:c8:b0:f2 timed out.]
01-08 15:45:26.173 I/wpa_supplicant( 2595): CTRL-EVENT-STATE-CHANGE id=0 state=0 BSSID=00:00:00:00:00:00
01-08 15:45:26.173 V/WifiMonitor( 1590): Event [CTRL-EVENT-STATE-CHANGE id=0 state=0 BSSID=00:00:00:00:00:00]
01-08 15:45:26.173 D/WifiStateMachine( 1590): Changing supplicant state: ASSOCIATED ==> DISCONNECTED
01-08 15:45:26.173 D/WifiStateMachine( 1590): setDetailed state, old =CONNECTING and new state=DISCONNECTED
01-08 15:45:26.193 I/wpa_supplicant( 2595): CTRL-EVENT-DISCONNECTED - Disconnect event - remove keys
01-08 15:45:26.193 V/WifiMonitor( 1590): Event [CTRL-EVENT-DISCONNECTED - Disconnect event - remove keys]
01-08 15:45:26.203 I/wpa_supplicant( 2595): CTRL-EVENT-STATE-CHANGE id=-1 state=0 BSSID=00:00:00:00:00:00
01-08 15:45:26.203 V/WifiMonitor( 1590): Event [CTRL-EVENT-STATE-CHANGE id=-1 state=0 BSSID=00:00:00:00:00:00]
01-08 15:45:26.203 D/WifiStateMachine( 1590): Changing supplicant state: DISCONNECTED ==> DISCONNECTED
01-08 15:45:26.203 D/WifiStateMachine( 1590): setDetailed state, old =DISCONNECTED and new state=DISCONNECTED
01-08 15:45:26.263 D/dalvikvm( 1827): GC_EXPLICIT freed 447K, 18% free 7530K/9095K, paused 5ms+6ms
01-08 15:45:26.293 I/wpa_supplicant( 2595): CTRL-EVENT-STATE-CHANGE id=-1 state=2 BSSID=00:00:00:00:00:00
01-08 15:45:26.293 V/WifiMonitor( 1590): Event [CTRL-EVENT-STATE-CHANGE id=-1 state=2 BSSID=00:00:00:00:00:00]
01-08 15:45:26.293 D/WifiStateMachine( 1590): Changing supplicant state: DISCONNECTED ==> SCANNING
01-08 15:45:26.293 D/WifiStateMachine( 1590): setDetailed state, old =DISCONNECTED and new state=SCANNING
01-08 15:45:26.343 D/dalvikvm( 1827): GC_CONCURRENT freed 300K, 16% free 7674K/9095K, paused 1ms+2ms
01-08 15:45:27.074 I/System.out( 2743): 18
01-08 15:45:27.374 I/wpa_supplicant( 2595): got scan complete
01-08 15:45:27.374 I/wpa_supplicant( 2595): wpa_supplicant_get_scan_results:return scan results2
01-08 15:45:27.384 I/wpa_supplicant( 2595): AP:ssid[BTOpenzone],rssi[-60],BSSID=9c:4e:20:c8:b0:f0
01-08 15:45:27.384 I/wpa_supplicant( 2595): AP:ssid[uos-visitor],rssi[-58],BSSID=9c:4e:20:c8:b0:f4
01-08 15:45:27.384 I/wpa_supplicant( 2595): AP:ssid[eduroam],rssi[-60],BSSID=9c:4e:20:c8:b0:f2
01-08 15:45:27.384 I/wpa_supplicant( 2595): AP:ssid[cs],rssi[-59],BSSID=9c:4e:20:c8:b0:f1
01-08 15:45:27.384 I/wpa_supplicant( 2595): AP:ssid[uos-connect],rssi[-59],BSSID=9c:4e:20:c8:b0:f3
01-08 15:45:27.384 I/wpa_supplicant( 2595): AP:ssid[uos-connect],rssi[-75],BSSID=9c:4e:20:c8:cc:53
01-08 15:45:27.384 I/wpa_supplicant( 2595): AP:ssid[BTOpenzone],rssi[-74],BSSID=9c:4e:20:c8:cc:50
01-08 15:45:27.384 I/wpa_supplicant( 2595): AP:ssid[uos-visitor],rssi[-74],BSSID=9c:4e:20:c8:cc:54
01-08 15:45:27.384 I/wpa_supplicant( 2595): AP:ssid[eduroam],rssi[-75],BSSID=9c:4e:20:c8:cc:52
01-08 15:45:27.384 I/wpa_supplicant( 2595): AP:ssid[cs],rssi[-74],BSSID=9c:4e:20:c8:cc:51
01-08 15:45:27.384 I/wpa_supplicant( 2595): AP:ssid[BTOpenzone],rssi[-88],BSSID=c0:83:0a:e0:12:d4
01-08 15:45:27.384 I/wpa_supplicant( 2595): AP:ssid[BTOpenzone],rssi[-85],BSSID=9c:4e:20:c8:9e:70
01-08 15:45:27.384 I/wpa_supplicant( 2595): AP:ssid[eduroam],rssi[-85],BSSID=9c:4e:20:c8:9e:72
01-08 15:45:27.384 I/wpa_supplicant( 2595): AP:ssid[uos-connect],rssi[-83],BSSID=9c:4e:20:c8:9e:73
01-08 15:45:27.384 I/wpa_supplicant( 2595): AP:ssid[cs],rssi[-85],BSSID=9c:4e:20:c8:9e:71
01-08 15:45:27.384 I/wpa_supplicant( 2595): AP:ssid[uos-visitor],rssi[-84],BSSID=9c:4e:20:c8:9e:74
01-08 15:45:27.384 I/wpa_supplicant( 2595): Received 3027 bytes of scan results (16 BSSes)
01-08 15:45:27.384 I/wpa_supplicant( 2595): wpa_driver_wext_get_scan_results---
01-08 15:45:27.394 I/wpa_supplicant( 2595): supplicant attached completed, trigger assoc.
01-08 15:45:27.394 I/wpa_supplicant( 2595): Trying to associate with 9c:4e:20:c8:b0:f2 (SSID='eduroam' freq=2452 MHz)
01-08 15:45:27.394 V/WifiMonitor( 1590): Event [Trying to associate with 9c:4e:20:c8:b0:f2 (SSID='eduroam' freq=2452 MHz)]
01-08 15:45:27.394 I/wpa_supplicant( 2595): CTRL-EVENT-STATE-CHANGE id=-1 state=3 BSSID=9c:4e:20:c8:b0:f2
01-08 15:45:27.394 V/WifiMonitor( 1590): Event [CTRL-EVENT-STATE-CHANGE id=-1 state=3 BSSID=9c:4e:20:c8:b0:f2]
01-08 15:45:27.435 D/WifiStateMachine( 1590): Changing supplicant state: SCANNING ==> ASSOCIATING
01-08 15:45:27.435 D/WifiStateMachine( 1590): setDetailed state, old =SCANNING and new state=CONNECTING
01-08 15:45:27.435 I/keystore( 1448): uid: 1000 action: t -> 2 state: 2 -> 2 retry: 4
01-08 15:45:27.435 I/wpa_supplicant( 2595): DISABLE_80211X
01-08 15:45:27.435 I/wpa_supplicant( 2595): CTRL_IFACE: wpa_supplicant_ctrl_iface_disable_80211X
01-08 15:45:28.065 I/System.out( 2743): 16
01-08 15:45:28.546 I/wpa_supplicant( 2595): CTRL-EVENT-STATE-CHANGE id=0 state=4 BSSID=9c:4e:20:c8:b0:f2
01-08 15:45:28.546 V/WifiMonitor( 1590): Event [CTRL-EVENT-STATE-CHANGE id=0 state=4 BSSID=9c:4e:20:c8:b0:f2]
01-08 15:45:28.546 D/WifiStateMachine( 1590): Changing supplicant state: ASSOCIATING ==> ASSOCIATED
01-08 15:45:28.546 D/WifiStateMachine( 1590): setDetailed state, old =CONNECTING and new state=CONNECTING
01-08 15:45:28.556 I/wpa_supplicant( 2595): Associated with 9c:4e:20:c8:b0:f2
01-08 15:45:28.556 V/WifiMonitor( 1590): Event [Associated with 9c:4e:20:c8:b0:f2]
01-08 15:45:28.556 I/wpa_supplicant( 2595): CTRL-REQ-CUSTOMIZATION-0:Identity
01-08 15:45:28.556 V/WifiMonitor( 1590): Event [CTRL-REQ-CUSTOMIZATION-0:Identity]
01-08 15:45:28.556 I/WifiMonitor( 1590): [EAP-MSG] Req: CUSTOMIZATION-0:Identity
01-08 15:45:28.556 I/wpa_supplicant( 2595): RX EAPOL from 9c:4e:20:c8:b0:f2
01-08 15:45:28.556 I/wpa_supplicant( 2595): RX EAPOL:return ,due to keystore locked
01-08 15:45:29.076 I/System.out( 2743): 16
01-08 15:45:29.547 I/wpa_supplicant( 2595): TX EAPOL: type=1, dst=9c:4e:20:c8:b0:f2
01-08 15:45:29.547 I/wpa_supplicant( 2595): l2_packet_send: ret = '4'
01-08 15:45:29.557 I/wpa_supplicant( 2595): RX EAPOL from 9c:4e:20:c8:b0:f2
01-08 15:45:29.557 I/wpa_supplicant( 2595): RX EAPOL:return ,due to keystore locked
01-08 15:45:30.077 I/System.out( 2743): 16
01-08 15:45:31.078 I/System.out( 2743): 16
01-08 15:45:32.079 I/System.out( 2743): 16
01-08 15:45:33.080 I/System.out( 2743): 16
01-08 15:45:34.081 I/System.out( 2743): 16
01-08 15:45:35.082 I/System.out( 2743): 16
01-08 15:45:36.083 I/System.out( 2743): 16
01-08 15:45:37.084 I/System.out( 2743): 16
01-08 15:45:37.594 D/UsbnetService( 1590): BroadcastReceiver::onReceive+
01-08 15:45:37.594 D/UsbnetService( 1590): onReceive BATTERY_CHANGED
01-08 15:45:37.594 D/UsbnetService( 1590):  --> pluggedType = 2, mPluggedType = 0, mScreenOff = false
01-08 15:45:37.594 D/UsbnetService( 1590): BroadcastReceiver::onReceive-
01-08 15:45:37.604 D/NotificationService( 1590): mIntentReceiver() Intent.ACTION_BATTERY_CHANGED
01-08 15:45:37.614 D/BatteryService( 1590): SendIntentforPowersaver
01-08 15:45:37.614 D/BatteryService( 1590): Current powersaver status == NORMAL_STATUS1 5 2 false
01-08 15:45:37.624 D/PowerUI ( 1662): closing low battery warning: level=100
01-08 15:45:37.634 D/RemoveMe( 1679): DCT got intent android.intent.action.BATTERY_CHANGED
01-08 15:45:37.634 D/PowerUI ( 1662): plugged = true, health = 2, mBatteryLevel = 100, mPluggedBatteryLevel = 99, mLowBatteryWarningLevel2 = 25, mshowLowChargingWarning2 = true
01-08 15:45:37.644 D/RemoveMe( 1679): DCT got intent android.intent.action.BATTERY_CHANGED
01-08 15:45:37.655 D/RemoveMe( 1679): DCT got intent android.intent.action.BATTERY_CHANGED
01-08 15:45:37.665 D/WifiService( 1590): ACTION_BATTERY_CHANGED pluggedType: 2
01-08 15:45:38.075 I/System.out( 2743): 16
01-08 15:45:38.555 I/wpa_supplicant( 2595): Authentication with 9c:4e:20:c8:b0:f2 timed out.
01-08 15:45:38.555 V/WifiMonitor( 1590): Event [Authentication with 9c:4e:20:c8:b0:f2 timed out.]
01-08 15:45:38.565 I/wpa_supplicant( 2595): CTRL-EVENT-STATE-CHANGE id=0 state=0 BSSID=00:00:00:00:00:00
01-08 15:45:38.565 V/WifiMonitor( 1590): Event [CTRL-EVENT-STATE-CHANGE id=0 state=0 BSSID=00:00:00:00:00:00]
01-08 15:45:38.565 D/WifiStateMachine( 1590): Changing supplicant state: ASSOCIATED ==> DISCONNECTED
01-08 15:45:38.565 D/WifiStateMachine( 1590): setDetailed state, old =CONNECTING and new state=DISCONNECTED
01-08 15:45:38.575 I/wpa_supplicant( 2595): CTRL-EVENT-DISCONNECTED - Disconnect event - remove keys
01-08 15:45:38.585 V/WifiMonitor( 1590): Event [CTRL-EVENT-DISCONNECTED - Disconnect event - remove keys]
01-08 15:45:38.605 I/wpa_supplicant( 2595): CTRL-EVENT-STATE-CHANGE id=-1 state=0 BSSID=00:00:00:00:00:00
01-08 15:45:38.605 V/WifiMonitor( 1590): Event [CTRL-EVENT-STATE-CHANGE id=-1 state=0 BSSID=00:00:00:00:00:00]
01-08 15:45:38.615 D/WifiStateMachine( 1590): Changing supplicant state: DISCONNECTED ==> DISCONNECTED
01-08 15:45:38.615 D/WifiStateMachine( 1590): setDetailed state, old =DISCONNECTED and new state=DISCONNECTED
01-08 15:45:38.676 I/wpa_supplicant( 2595): CTRL-EVENT-STATE-CHANGE id=-1 state=2 BSSID=00:00:00:00:00:00
01-08 15:45:38.676 V/WifiMonitor( 1590): Event [CTRL-EVENT-STATE-CHANGE id=-1 state=2 BSSID=00:00:00:00:00:00]
01-08 15:45:38.676 D/WifiStateMachine( 1590): Changing supplicant state: DISCONNECTED ==> SCANNING
01-08 15:45:38.676 D/WifiStateMachine( 1590): setDetailed state, old =DISCONNECTED and new state=SCANNING
01-08 15:45:38.676 D/dalvikvm( 1827): GC_CONCURRENT freed 447K, 15% free 7741K/9095K, paused 1ms+2ms
01-08 15:45:39.076 I/System.out( 2743): 16
01-08 15:45:39.847 I/wpa_supplicant( 2595): got scan complete
01-08 15:45:39.847 I/wpa_supplicant( 2595): wpa_supplicant_get_scan_results:return scan results2
01-08 15:45:39.847 I/wpa_supplicant( 2595): AP:ssid[BTOpenzone],rssi[-59],BSSID=9c:4e:20:c8:b0:f0
01-08 15:45:39.847 I/wpa_supplicant( 2595): AP:ssid[uos-visitor],rssi[-59],BSSID=9c:4e:20:c8:b0:f4
01-08 15:45:39.847 I/wpa_supplicant( 2595): AP:ssid[eduroam],rssi[-59],BSSID=9c:4e:20:c8:b0:f2
01-08 15:45:39.857 I/wpa_supplicant( 2595): AP:ssid[cs],rssi[-59],BSSID=9c:4e:20:c8:b0:f1
01-08 15:45:39.857 I/wpa_supplicant( 2595): AP:ssid[uos-connect],rssi[-58],BSSID=9c:4e:20:c8:b0:f3
01-08 15:45:39.857 I/wpa_supplicant( 2595): AP:ssid[eduroam],rssi[-74],BSSID=9c:4e:20:c8:cc:52
01-08 15:45:39.857 I/wpa_supplicant( 2595): AP:ssid[cs],rssi[-75],BSSID=9c:4e:20:c8:cc:51
01-08 15:45:39.857 I/wpa_supplicant( 2595): AP:ssid[uos-connect],rssi[-75],BSSID=9c:4e:20:c8:cc:53
01-08 15:45:39.857 I/wpa_supplicant( 2595): AP:ssid[BTOpenzone],rssi[-75],BSSID=9c:4e:20:c8:cc:50
01-08 15:45:39.857 I/wpa_supplicant( 2595): AP:ssid[uos-visitor],rssi[-74],BSSID=9c:4e:20:c8:cc:54
01-08 15:45:39.857 I/wpa_supplicant( 2595): AP:ssid[BTOpenzone],rssi[-87],BSSID=c0:83:0a:e0:12:d4
01-08 15:45:39.857 I/wpa_supplicant( 2595): AP:ssid[BTBusinessHub-353],rssi[-87],BSSID=c0:83:0a:e0:12:d1
01-08 15:45:39.857 I/wpa_supplicant( 2595): AP:ssid[uos-visitor],rssi[-88],BSSID=9c:4e:20:c8:9e:74
01-08 15:45:39.857 I/wpa_supplicant( 2595): AP:ssid[cs],rssi[-90],BSSID=9c:4e:20:c8:9e:71
01-08 15:45:39.857 I/wpa_supplicant( 2595): AP:ssid[BTOpenzone],rssi[-85],BSSID=9c:4e:20:c8:9e:70
01-08 15:45:39.857 I/wpa_supplicant( 2595): AP:ssid[eduroam],rssi[-87],BSSID=9c:4e:20:c8:9e:72
01-08 15:45:39.857 I/wpa_supplicant( 2595): AP:ssid[hpsetup],rssi[-93],BSSID=c2:ce:46:d5:40:9c
01-08 15:45:39.857 I/wpa_supplicant( 2595): Received 3210 bytes of scan results (17 BSSes)
01-08 15:45:39.857 I/wpa_supplicant( 2595): wpa_driver_wext_get_scan_results---
01-08 15:45:39.857 I/wpa_supplicant( 2595): supplicant attached completed, trigger assoc.
01-08 15:45:39.857 I/wpa_supplicant( 2595): Trying to associate with 9c:4e:20:c8:cc:52 (SSID='eduroam' freq=2472 MHz)
01-08 15:45:39.867 V/WifiMonitor( 1590): Event [Trying to associate with 9c:4e:20:c8:cc:52 (SSID='eduroam' freq=2472 MHz)]
01-08 15:45:39.867 I/wpa_supplicant( 2595): CTRL-EVENT-STATE-CHANGE id=-1 state=3 BSSID=9c:4e:20:c8:cc:52
01-08 15:45:39.867 V/WifiMonitor( 1590): Event [CTRL-EVENT-STATE-CHANGE id=-1 state=3 BSSID=9c:4e:20:c8:cc:52]
01-08 15:45:39.997 D/WifiStateMachine( 1590): Changing supplicant state: SCANNING ==> ASSOCIATING
01-08 15:45:39.997 D/WifiStateMachine( 1590): setDetailed state, old =SCANNING and new state=CONNECTING
01-08 15:45:40.007 I/keystore( 1448): uid: 1000 action: t -> 2 state: 2 -> 2 retry: 4
01-08 15:45:40.007 I/wpa_supplicant( 2595): DISABLE_80211X
01-08 15:45:40.007 I/wpa_supplicant( 2595): CTRL_IFACE: wpa_supplicant_ctrl_iface_disable_80211X
01-08 15:45:40.077 I/System.out( 2743): 17
01-08 15:45:41.078 I/System.out( 2743): 17
01-08 15:45:41.128 I/wpa_supplicant( 2595): CTRL-EVENT-STATE-CHANGE id=0 state=4 BSSID=9c:4e:20:c8:cc:52
01-08 15:45:41.128 V/WifiMonitor( 1590): Event [CTRL-EVENT-STATE-CHANGE id=0 state=4 BSSID=9c:4e:20:c8:cc:52]
01-08 15:45:41.128 D/WifiStateMachine( 1590): Changing supplicant state: ASSOCIATING ==> ASSOCIATED
01-08 15:45:41.128 D/WifiStateMachine( 1590): setDetailed state, old =CONNECTING and new state=CONNECTING
01-08 15:45:41.128 I/wpa_supplicant( 2595): Associated with 9c:4e:20:c8:cc:52
01-08 15:45:41.128 V/WifiMonitor( 1590): Event [Associated with 9c:4e:20:c8:cc:52]
01-08 15:45:41.128 I/wpa_supplicant( 2595): CTRL-REQ-CUSTOMIZATION-0:Identity
01-08 15:45:41.128 V/WifiMonitor( 1590): Event [CTRL-REQ-CUSTOMIZATION-0:Identity]
01-08 15:45:41.128 I/WifiMonitor( 1590): [EAP-MSG] Req: CUSTOMIZATION-0:Identity
01-08 15:45:41.128 I/wpa_supplicant( 2595): RX EAPOL from 9c:4e:20:c8:cc:52
01-08 15:45:41.138 I/wpa_supplicant( 2595): RX EAPOL:return ,due to keystore locked
01-08 15:45:41.178 D/dalvikvm( 1827): GC_CONCURRENT freed 594K, 16% free 7658K/9095K, paused 1ms+1ms
01-08 15:45:42.079 I/System.out( 2743): 17
01-08 15:45:42.129 I/wpa_supplicant( 2595): TX EAPOL: type=1, dst=9c:4e:20:c8:cc:52
01-08 15:45:42.129 I/wpa_supplicant( 2595): l2_packet_send: ret = '4'
01-08 15:45:42.129 I/wpa_supplicant( 2595): RX EAPOL from 9c:4e:20:c8:cc:52
01-08 15:45:42.129 I/wpa_supplicant( 2595): RX EAPOL:return ,due to keystore locked
01-08 15:45:43.080 I/System.out( 2743): 17
01-08 15:45:44.081 I/System.out( 2743): 17
01-08 15:45:45.082 I/System.out( 2743): 17
01-08 15:45:46.083 I/System.out( 2743): 17
01-08 15:45:47.084 I/System.out( 2743): 17
01-08 15:45:48.075 I/System.out( 2743): 17
01-08 15:45:49.076 I/System.out( 2743): 17
01-08 15:45:50.077 I/System.out( 2743): 17
01-08 15:45:51.078 I/System.out( 2743): 17
01-08 15:45:51.138 I/wpa_supplicant( 2595): Authentication with 9c:4e:20:c8:cc:52 timed out.
01-08 15:45:51.138 V/WifiMonitor( 1590): Event [Authentication with 9c:4e:20:c8:cc:52 timed out.]
01-08 15:45:51.138 I/wpa_supplicant( 2595): CTRL-EVENT-STATE-CHANGE id=0 state=0 BSSID=00:00:00:00:00:00
01-08 15:45:51.138 V/WifiMonitor( 1590): Event [CTRL-EVENT-STATE-CHANGE id=0 state=0 BSSID=00:00:00:00:00:00]
01-08 15:45:51.148 D/WifiStateMachine( 1590): Changing supplicant state: ASSOCIATED ==> DISCONNECTED
01-08 15:45:51.148 D/WifiStateMachine( 1590): setDetailed state, old =CONNECTING and new state=DISCONNECTED
01-08 15:45:51.158 I/wpa_supplicant( 2595): CTRL-EVENT-DISCONNECTED - Disconnect event - remove keys
01-08 15:45:51.158 V/WifiMonitor( 1590): Event [CTRL-EVENT-DISCONNECTED - Disconnect event - remove keys]
01-08 15:45:51.178 I/wpa_supplicant( 2595): CTRL-EVENT-STATE-CHANGE id=-1 state=0 BSSID=00:00:00:00:00:00
01-08 15:45:51.178 V/WifiMonitor( 1590): Event [CTRL-EVENT-STATE-CHANGE id=-1 state=0 BSSID=00:00:00:00:00:00]
01-08 15:45:51.178 D/WifiStateMachine( 1590): Changing supplicant state: DISCONNECTED ==> DISCONNECTED
01-08 15:45:51.178 D/WifiStateMachine( 1590): setDetailed state, old =DISCONNECTED and new state=DISCONNECTED
01-08 15:45:51.258 I/wpa_supplicant( 2595): CTRL-EVENT-STATE-CHANGE id=-1 state=2 BSSID=00:00:00:00:00:00
01-08 15:45:51.258 V/WifiMonitor( 1590): Event [CTRL-EVENT-STATE-CHANGE id=-1 state=2 BSSID=00:00:00:00:00:00]
01-08 15:45:51.258 D/WifiStateMachine( 1590): Changing supplicant state: DISCONNECTED ==> SCANNING
01-08 15:45:51.258 D/WifiStateMachine( 1590): setDetailed state, old =DISCONNECTED and new state=SCANNING
01-08 15:45:51.308 D/dalvikvm( 1827): GC_CONCURRENT freed 446K, 16% free 7675K/9095K, paused 1ms+1ms
01-08 15:45:52.079 I/System.out( 2743): 17
01-08 15:45:52.439 I/wpa_supplicant( 2595): got scan complete
01-08 15:45:52.439 I/wpa_supplicant( 2595): wpa_supplicant_get_scan_results:return scan results2
01-08 15:45:52.439 I/wpa_supplicant( 2595): AP:ssid[BTOpenzone],rssi[-75],BSSID=9c:4e:20:c8:cc:50
01-08 15:45:52.439 I/wpa_supplicant( 2595): AP:ssid[uos-visitor],rssi[-74],BSSID=9c:4e:20:c8:cc:54
01-08 15:45:52.439 I/wpa_supplicant( 2595): AP:ssid[eduroam],rssi[-75],BSSID=9c:4e:20:c8:cc:52
01-08 15:45:52.439 I/wpa_supplicant( 2595): AP:ssid[cs],rssi[-76],BSSID=9c:4e:20:c8:cc:51
01-08 15:45:52.449 I/wpa_supplicant( 2595): AP:ssid[uos-connect],rssi[-75],BSSID=9c:4e:20:c8:cc:53
01-08 15:45:52.449 I/wpa_supplicant( 2595): AP:ssid[BTBusinessHub-353],rssi[-87],BSSID=c0:83:0a:e0:12:d1
01-08 15:45:52.449 I/wpa_supplicant( 2595): AP:ssid[BTOpenzone],rssi[-86],BSSID=c0:83:0a:e0:12:d4
01-08 15:45:52.449 I/wpa_supplicant( 2595): AP:ssid[BTOpenzone],rssi[-86],BSSID=9c:4e:20:c8:9e:70
01-08 15:45:52.449 I/wpa_supplicant( 2595): AP:ssid[eduroam],rssi[-85],BSSID=9c:4e:20:c8:9e:72
01-08 15:45:52.449 I/wpa_supplicant( 2595): AP:ssid[uos-connect],rssi[-87],BSSID=9c:4e:20:c8:9e:73
01-08 15:45:52.449 I/wpa_supplicant( 2595): AP:ssid[cs],rssi[-87],BSSID=9c:4e:20:c8:9e:71
01-08 15:45:52.449 I/wpa_supplicant( 2595): AP:ssid[uos-visitor],rssi[-85],BSSID=9c:4e:20:c8:9e:74
01-08 15:45:52.449 I/wpa_supplicant( 2595): AP:ssid[LD-Net],rssi[-90],BSSID=00:14:6c:fd:72:38
01-08 15:45:52.449 I/wpa_supplicant( 2595): AP:ssid[cs],rssi[-64],BSSID=9c:4e:20:c8:b0:f1
01-08 15:45:52.449 I/wpa_supplicant( 2595): AP:ssid[uos-connect],rssi[-63],BSSID=9c:4e:20:c8:b0:f3
01-08 15:45:52.449 I/wpa_supplicant( 2595): AP:ssid[BTOpenzone],rssi[-63],BSSID=9c:4e:20:c8:b0:f0
01-08 15:45:52.449 I/wpa_supplicant( 2595): AP:ssid[eduroam],rssi[-61],BSSID=9c:4e:20:c8:b0:f2
01-08 15:45:52.449 I/wpa_supplicant( 2595): Received 3273 bytes of scan results (17 BSSes)
01-08 15:45:52.449 I/wpa_supplicant( 2595): wpa_driver_wext_get_scan_results---
01-08 15:45:52.449 I/wpa_supplicant( 2595): supplicant attached completed, trigger assoc.
01-08 15:45:52.449 I/wpa_supplicant( 2595): Trying to associate with 9c:4e:20:c8:cc:52 (SSID='eduroam' freq=2472 MHz)
01-08 15:45:52.459 V/WifiMonitor( 1590): Event [Trying to associate with 9c:4e:20:c8:cc:52 (SSID='eduroam' freq=2472 MHz)]
01-08 15:45:52.459 I/wpa_supplicant( 2595): CTRL-EVENT-STATE-CHANGE id=-1 state=3 BSSID=9c:4e:20:c8:cc:52
01-08 15:45:52.459 V/WifiMonitor( 1590): Event [CTRL-EVENT-STATE-CHANGE id=-1 state=3 BSSID=9c:4e:20:c8:cc:52]
01-08 15:45:52.499 D/WifiStateMachine( 1590): Changing supplicant state: SCANNING ==> ASSOCIATING
01-08 15:45:52.499 D/WifiStateMachine( 1590): setDetailed state, old =SCANNING and new state=CONNECTING
01-08 15:45:52.499 I/keystore( 1448): uid: 1000 action: t -> 2 state: 2 -> 2 retry: 4
01-08 15:45:52.499 I/wpa_supplicant( 2595): DISABLE_80211X
01-08 15:45:52.499 I/wpa_supplicant( 2595): CTRL_IFACE: wpa_supplicant_ctrl_iface_disable_80211X
01-08 15:45:53.080 I/System.out( 2743): 17
01-08 15:45:53.610 I/wpa_supplicant( 2595): CTRL-EVENT-STATE-CHANGE id=0 state=4 BSSID=9c:4e:20:c8:cc:52
01-08 15:45:53.610 V/WifiMonitor( 1590): Event [CTRL-EVENT-STATE-CHANGE id=0 state=4 BSSID=9c:4e:20:c8:cc:52]
01-08 15:45:53.610 D/WifiStateMachine( 1590): Changing supplicant state: ASSOCIATING ==> ASSOCIATED
01-08 15:45:53.610 D/WifiStateMachine( 1590): setDetailed state, old =CONNECTING and new state=CONNECTING
01-08 15:45:53.610 I/wpa_supplicant( 2595): Associated with 9c:4e:20:c8:cc:52
01-08 15:45:53.610 V/WifiMonitor( 1590): Event [Associated with 9c:4e:20:c8:cc:52]
01-08 15:45:53.620 I/wpa_supplicant( 2595): CTRL-REQ-CUSTOMIZATION-0:Identity
01-08 15:45:53.620 V/WifiMonitor( 1590): Event [CTRL-REQ-CUSTOMIZATION-0:Identity]
01-08 15:45:53.620 I/WifiMonitor( 1590): [EAP-MSG] Req: CUSTOMIZATION-0:Identity
01-08 15:45:53.620 I/wpa_supplicant( 2595): RX EAPOL from 9c:4e:20:c8:cc:52
01-08 15:45:53.620 I/wpa_supplicant( 2595): RX EAPOL:return ,due to keystore locked
01-08 15:45:54.091 I/System.out( 2743): 17
01-08 15:45:54.611 I/wpa_supplicant( 2595): TX EAPOL: type=1, dst=9c:4e:20:c8:cc:52
01-08 15:45:54.611 I/wpa_supplicant( 2595): l2_packet_send: ret = '4'
01-08 15:45:54.611 I/wpa_supplicant( 2595): RX EAPOL from 9c:4e:20:c8:cc:52
01-08 15:45:54.621 I/wpa_supplicant( 2595): RX EAPOL:return ,due to keystore locked
01-08 15:45:55.082 I/System.out( 2743): 17
01-08 15:45:56.092 I/System.out( 2743): 17
01-08 15:45:56.173 D/dalvikvm( 2743): GC_CONCURRENT freed 404K, 8% free 6556K/7111K, paused 4ms+5ms
01-08 15:45:57.093 I/System.out( 2743): 17
01-08 15:45:58.084 I/System.out( 2743): 17
01-08 15:45:59.085 I/System.out( 2743): 17
01-08 15:46:00.086 I/System.out( 2743): 17
01-08 15:46:01.087 I/System.out( 2743): 17
01-08 15:46:02.088 I/System.out( 2743): 17
01-08 15:46:03.089 I/System.out( 2743): 17
01-08 15:46:03.620 I/wpa_supplicant( 2595): Authentication with 9c:4e:20:c8:cc:52 timed out.
01-08 15:46:03.620 V/WifiMonitor( 1590): Event [Authentication with 9c:4e:20:c8:cc:52 timed out.]
01-08 15:46:03.630 I/wpa_supplicant( 2595): CTRL-EVENT-STATE-CHANGE id=0 state=0 BSSID=00:00:00:00:00:00
01-08 15:46:03.630 V/WifiMonitor( 1590): Event [CTRL-EVENT-STATE-CHANGE id=0 state=0 BSSID=00:00:00:00:00:00]
01-08 15:46:03.630 D/WifiStateMachine( 1590): Changing supplicant state: ASSOCIATED ==> DISCONNECTED
01-08 15:46:03.630 D/WifiStateMachine( 1590): setDetailed state, old =CONNECTING and new state=DISCONNECTED
01-08 15:46:03.640 I/wpa_supplicant( 2595): CTRL-EVENT-DISCONNECTED - Disconnect event - remove keys
01-08 15:46:03.650 V/WifiMonitor( 1590): Event [CTRL-EVENT-DISCONNECTED - Disconnect event - remove keys]
01-08 15:46:03.670 I/wpa_supplicant( 2595): CTRL-EVENT-STATE-CHANGE id=-1 state=0 BSSID=00:00:00:00:00:00
01-08 15:46:03.670 V/WifiMonitor( 1590): Event [CTRL-EVENT-STATE-CHANGE id=-1 state=0 BSSID=00:00:00:00:00:00]
01-08 15:46:03.680 D/WifiStateMachine( 1590): Changing supplicant state: DISCONNECTED ==> DISCONNECTED
01-08 15:46:03.680 D/WifiStateMachine( 1590): setDetailed state, old =DISCONNECTED and new state=DISCONNECTED
01-08 15:46:03.730 D/dalvikvm( 1827): GC_CONCURRENT freed 447K, 15% free 7739K/9095K, paused 1ms+2ms
01-08 15:46:03.740 I/wpa_supplicant( 2595): CTRL-EVENT-STATE-CHANGE id=-1 state=2 BSSID=00:00:00:00:00:00
01-08 15:46:03.750 V/WifiMonitor( 1590): Event [CTRL-EVENT-STATE-CHANGE id=-1 state=2 BSSID=00:00:00:00:00:00]
01-08 15:46:03.750 D/WifiStateMachine( 1590): Changing supplicant state: DISCONNECTED ==> SCANNING
01-08 15:46:03.750 D/WifiStateMachine( 1590): setDetailed state, old =DISCONNECTED and new state=SCANNING
01-08 15:46:04.090 I/System.out( 2743): 17
01-08 15:46:04.881 I/wpa_supplicant( 2595): got scan complete
01-08 15:46:04.881 I/wpa_supplicant( 2595): wpa_supplicant_get_scan_results:return scan results2
01-08 15:46:04.881 I/wpa_supplicant( 2595): AP:ssid[BTOpenzone],rssi[-76],BSSID=9c:4e:20:c8:cc:50
01-08 15:46:04.891 I/wpa_supplicant( 2595): AP:ssid[uos-visitor],rssi[-75],BSSID=9c:4e:20:c8:cc:54
01-08 15:46:04.891 I/wpa_supplicant( 2595): AP:ssid[eduroam],rssi[-76],BSSID=9c:4e:20:c8:cc:52
01-08 15:46:04.891 I/wpa_supplicant( 2595): AP:ssid[cs],rssi[-76],BSSID=9c:4e:20:c8:cc:51
01-08 15:46:04.891 I/wpa_supplicant( 2595): AP:ssid[uos-connect],rssi[-76],BSSID=9c:4e:20:c8:cc:53
01-08 15:46:04.891 I/wpa_supplicant( 2595): AP:ssid[BTBusinessHub-353],rssi[-86],BSSID=c0:83:0a:e0:12:d1
01-08 15:46:04.891 I/wpa_supplicant( 2595): AP:ssid[BTOpenzone],rssi[-83],BSSID=c0:83:0a:e0:12:d4
01-08 15:46:04.891 I/wpa_supplicant( 2595): AP:ssid[BTOpenzone],rssi[-84],BSSID=9c:4e:20:c8:9e:70
01-08 15:46:04.891 I/wpa_supplicant( 2595): AP:ssid[uos-visitor],rssi[-84],BSSID=9c:4e:20:c8:9e:74
01-08 15:46:04.891 I/wpa_supplicant( 2595): AP:ssid[eduroam],rssi[-83],BSSID=9c:4e:20:c8:9e:72
01-08 15:46:04.891 I/wpa_supplicant( 2595): AP:ssid[cs],rssi[-84],BSSID=9c:4e:20:c8:9e:71
01-08 15:46:04.891 I/wpa_supplicant( 2595): AP:ssid[uos-connect],rssi[-81],BSSID=9c:4e:20:c8:9e:73
01-08 15:46:04.891 I/wpa_supplicant( 2595): AP:ssid[LD-Net],rssi[-91],BSSID=00:14:6c:fd:72:38
01-08 15:46:04.891 I/wpa_supplicant( 2595): AP:ssid[hpsetup],rssi[-94],BSSID=c2:ce:46:d5:40:9c
01-08 15:46:04.891 I/wpa_supplicant( 2595): AP:ssid[BTOpenzone],rssi[-74],BSSID=9c:4e:20:c8:b0:f0
01-08 15:46:04.891 I/wpa_supplicant( 2595): AP:ssid[uos-visitor],rssi[-63],BSSID=9c:4e:20:c8:b0:f4
01-08 15:46:04.891 I/wpa_supplicant( 2595): AP:ssid[cs],rssi[-59],BSSID=9c:4e:20:c8:b0:f1
01-08 15:46:04.891 I/wpa_supplicant( 2595): AP:ssid[uos-connect],rssi[-60],BSSID=9c:4e:20:c8:b0:f3
01-08 15:46:04.891 I/wpa_supplicant( 2595): Received 3384 bytes of scan results (18 BSSes)
01-08 15:46:04.891 I/wpa_supplicant( 2595): wpa_driver_wext_get_scan_results---
01-08 15:46:04.901 I/wpa_supplicant( 2595): supplicant attached completed, trigger assoc.
01-08 15:46:04.901 I/wpa_supplicant( 2595): Trying to associate with 9c:4e:20:c8:9e:72 (SSID='eduroam' freq=2432 MHz)
01-08 15:46:04.901 V/WifiMonitor( 1590): Event [Trying to associate with 9c:4e:20:c8:9e:72 (SSID='eduroam' freq=2432 MHz)]
01-08 15:46:04.901 I/wpa_supplicant( 2595): CTRL-EVENT-STATE-CHANGE id=-1 state=3 BSSID=9c:4e:20:c8:9e:72
01-08 15:46:04.911 V/WifiMonitor( 1590): Event [CTRL-EVENT-STATE-CHANGE id=-1 state=3 BSSID=9c:4e:20:c8:9e:72]
01-08 15:46:05.051 D/WifiStateMachine( 1590): Changing supplicant state: SCANNING ==> ASSOCIATING
01-08 15:46:05.061 D/WifiStateMachine( 1590): setDetailed state, old =SCANNING and new state=CONNECTING
01-08 15:46:05.061 I/keystore( 1448): uid: 1000 action: t -> 2 state: 2 -> 2 retry: 4
01-08 15:46:05.061 I/wpa_supplicant( 2595): DISABLE_80211X
01-08 15:46:05.061 I/wpa_supplicant( 2595): CTRL_IFACE: wpa_supplicant_ctrl_iface_disable_80211X
01-08 15:46:05.081 I/System.out( 2743): 18
01-08 15:46:06.082 I/System.out( 2743): 18
01-08 15:46:06.202 I/wpa_supplicant( 2595): CTRL-EVENT-STATE-CHANGE id=0 state=4 BSSID=9c:4e:20:c8:9e:72
01-08 15:46:06.202 V/WifiMonitor( 1590): Event [CTRL-EVENT-STATE-CHANGE id=0 state=4 BSSID=9c:4e:20:c8:9e:72]
01-08 15:46:06.202 D/WifiStateMachine( 1590): Changing supplicant state: ASSOCIATING ==> ASSOCIATED
01-08 15:46:06.202 D/WifiStateMachine( 1590): setDetailed state, old =CONNECTING and new state=CONNECTING
01-08 15:46:06.202 I/wpa_supplicant( 2595): Associated with 9c:4e:20:c8:9e:72
01-08 15:46:06.202 V/WifiMonitor( 1590): Event [Associated with 9c:4e:20:c8:9e:72]
01-08 15:46:06.202 I/wpa_supplicant( 2595): CTRL-REQ-CUSTOMIZATION-0:Identity
01-08 15:46:06.202 V/WifiMonitor( 1590): Event [CTRL-REQ-CUSTOMIZATION-0:Identity]
01-08 15:46:06.202 I/WifiMonitor( 1590): [EAP-MSG] Req: CUSTOMIZATION-0:Identity
01-08 15:46:06.202 I/wpa_supplicant( 2595): RX EAPOL from 9c:4e:20:c8:9e:72
01-08 15:46:06.212 I/wpa_supplicant( 2595): RX EAPOL:return ,due to keystore locked
01-08 15:46:06.252 D/dalvikvm( 1827): GC_CONCURRENT freed 593K, 16% free 7658K/9095K, paused 1ms+2ms
01-08 15:46:07.093 I/System.out( 2743): 18
01-08 15:46:07.203 I/wpa_supplicant( 2595): TX EAPOL: type=1, dst=9c:4e:20:c8:9e:72
01-08 15:46:07.203 I/wpa_supplicant( 2595): l2_packet_send: ret = '4'
01-08 15:46:07.273 I/wpa_supplicant( 2595): RX EAPOL from 9c:4e:20:c8:9e:72
01-08 15:46:07.273 I/wpa_supplicant( 2595): RX EAPOL:return ,due to keystore locked
01-08 15:46:07.644 D/UsbnetService( 1590): BroadcastReceiver::onReceive+
01-08 15:46:07.644 D/UsbnetService( 1590): onReceive BATTERY_CHANGED
01-08 15:46:07.644 D/UsbnetService( 1590):  --> pluggedType = 2, mPluggedType = 0, mScreenOff = false
01-08 15:46:07.644 D/UsbnetService( 1590): BroadcastReceiver::onReceive-
01-08 15:46:07.644 D/NotificationService( 1590): mIntentReceiver() Intent.ACTION_BATTERY_CHANGED
01-08 15:46:07.654 D/BatteryService( 1590): SendIntentforPowersaver
01-08 15:46:07.664 D/BatteryService( 1590): Current powersaver status == NORMAL_STATUS1 5 2 false
01-08 15:46:07.664 D/PowerUI ( 1662): closing low battery warning: level=100
01-08 15:46:07.664 D/PowerUI ( 1662): plugged = true, health = 2, mBatteryLevel = 100, mPluggedBatteryLevel = 99, mLowBatteryWarningLevel2 = 25, mshowLowChargingWarning2 = true
01-08 15:46:07.674 D/RemoveMe( 1679): DCT got intent android.intent.action.BATTERY_CHANGED
01-08 15:46:07.684 D/RemoveMe( 1679): DCT got intent android.intent.action.BATTERY_CHANGED
01-08 15:46:07.684 D/RemoveMe( 1679): DCT got intent android.intent.action.BATTERY_CHANGED
01-08 15:46:07.684 D/WifiService( 1590): ACTION_BATTERY_CHANGED pluggedType: 2
01-08 15:46:08.084 I/System.out( 2743): 18
01-08 15:46:08.144 I/wpa_supplicant( 2595): RX EAPOL from 9c:4e:20:c8:b0:f2
01-08 15:46:08.144 I/wpa_supplicant( 2595): RX EAPOL:return ,due to keystore locked
01-08 15:46:08.144 I/wpa_supplicant( 2595): CTRL-EVENT-STATE-CHANGE id=0 state=4 BSSID=00:00:00:00:00:00
01-08 15:46:08.144 V/WifiMonitor( 1590): Event [CTRL-EVENT-STATE-CHANGE id=0 state=4 BSSID=00:00:00:00:00:00]
01-08 15:46:08.144 D/WifiStateMachine( 1590): Changing supplicant state: ASSOCIATED ==> ASSOCIATED
01-08 15:46:08.144 D/WifiStateMachine( 1590): setDetailed state, old =CONNECTING and new state=CONNECTING
01-08 15:46:08.144 I/wpa_supplicant( 2595): Associated with 9c:4e:20:c8:b0:f2
01-08 15:46:08.144 V/WifiMonitor( 1590): Event [Associated with 9c:4e:20:c8:b0:f2]
01-08 15:46:08.144 I/wpa_supplicant( 2595): CTRL-REQ-CUSTOMIZATION-0:Identity
01-08 15:46:08.144 V/WifiMonitor( 1590): Event [CTRL-REQ-CUSTOMIZATION-0:Identity]
01-08 15:46:08.144 I/WifiMonitor( 1590): [EAP-MSG] Req: CUSTOMIZATION-0:Identity
01-08 15:46:08.194 I/wpa_supplicant( 2595): TX EAPOL: type=1, dst=9c:4e:20:c8:b0:f2
01-08 15:46:08.194 I/wpa_supplicant( 2595): l2_packet_send: ret = '4'
01-08 15:46:08.194 I/wpa_supplicant( 2595): RX EAPOL from 9c:4e:20:c8:b0:f2
01-08 15:46:08.194 I/wpa_supplicant( 2595): RX EAPOL:return ,due to keystore locked
01-08 15:46:09.085 I/System.out( 2743): 18
01-08 15:46:10.086 I/System.out( 2743): 18
01-08 15:46:11.087 I/System.out( 2743): 18
01-08 15:46:12.088 I/System.out( 2743): 18
01-08 15:46:13.089 I/System.out( 2743): 18
01-08 15:46:13.249 D/dalvikvm( 1692): GC_EXPLICIT freed 7K, 26% free 10203K/13767K, paused 7ms+2ms
01-08 15:46:14.090 I/System.out( 2743): 18
01-08 15:46:15.091 I/System.out( 2743): 18
01-08 15:46:16.092 I/System.out( 2743): 18
01-08 15:46:17.093 I/System.out( 2743): 18
01-08 15:46:18.094 I/System.out( 2743): 18
01-08 15:46:18.144 I/wpa_supplicant( 2595): Authentication with 9c:4e:20:c8:b0:f2 timed out.
01-08 15:46:18.144 V/WifiMonitor( 1590): Event [Authentication with 9c:4e:20:c8:b0:f2 timed out.]
01-08 15:46:18.154 I/wpa_supplicant( 2595): CTRL-EVENT-STATE-CHANGE id=0 state=0 BSSID=00:00:00:00:00:00
01-08 15:46:18.154 V/WifiMonitor( 1590): Event [CTRL-EVENT-STATE-CHANGE id=0 state=0 BSSID=00:00:00:00:00:00]
01-08 15:46:18.154 D/WifiStateMachine( 1590): Changing supplicant state: ASSOCIATED ==> DISCONNECTED
01-08 15:46:18.154 D/WifiStateMachine( 1590): setDetailed state, old =CONNECTING and new state=DISCONNECTED
01-08 15:46:18.164 I/wpa_supplicant( 2595): CTRL-EVENT-DISCONNECTED - Disconnect event - remove keys
01-08 15:46:18.164 V/WifiMonitor( 1590): Event [CTRL-EVENT-DISCONNECTED - Disconnect event - remove keys]
01-08 15:46:18.184 I/wpa_supplicant( 2595): CTRL-EVENT-STATE-CHANGE id=-1 state=0 BSSID=00:00:00:00:00:00
01-08 15:46:18.184 V/WifiMonitor( 1590): Event [CTRL-EVENT-STATE-CHANGE id=-1 state=0 BSSID=00:00:00:00:00:00]
01-08 15:46:18.194 D/WifiStateMachine( 1590): Changing supplicant state: DISCONNECTED ==> DISCONNECTED
01-08 15:46:18.194 D/WifiStateMachine( 1590): setDetailed state, old =DISCONNECTED and new state=DISCONNECTED
01-08 15:46:18.264 I/wpa_supplicant( 2595): CTRL-EVENT-STATE-CHANGE id=-1 state=2 BSSID=00:00:00:00:00:00
01-08 15:46:18.264 V/WifiMonitor( 1590): Event [CTRL-EVENT-STATE-CHANGE id=-1 state=2 BSSID=00:00:00:00:00:00]
01-08 15:46:18.264 D/WifiStateMachine( 1590): Changing supplicant state: DISCONNECTED ==> SCANNING
01-08 15:46:18.264 D/WifiStateMachine( 1590): setDetailed state, old =DISCONNECTED and new state=SCANNING
01-08 15:46:18.314 D/dalvikvm( 1827): GC_CONCURRENT freed 448K, 16% free 7722K/9095K, paused 1ms+10ms
01-08 15:46:19.085 I/System.out( 2743): 18
01-08 15:46:19.435 I/wpa_supplicant( 2595): got scan complete
01-08 15:46:19.435 I/wpa_supplicant( 2595): wpa_supplicant_get_scan_results:return scan results2
01-08 15:46:19.435 I/wpa_supplicant( 2595): AP:ssid[BTOpenzone],rssi[-61],BSSID=9c:4e:20:c8:b0:f0
01-08 15:46:19.445 I/wpa_supplicant( 2595): AP:ssid[uos-visitor],rssi[-62],BSSID=9c:4e:20:c8:b0:f4
01-08 15:46:19.445 I/wpa_supplicant( 2595): AP:ssid[eduroam],rssi[-62],BSSID=9c:4e:20:c8:b0:f2
