01-10 14:55:15.380 V/WifiMonitor( 1574): Event [wpa_disabled_ssid_list_clear]
01-10 14:55:15.380 I/wpa_supplicant( 1769): No suitable AP found.
01-10 14:55:15.380 I/wpa_supplicant( 1769): CTRL-EVENT-STATE-CHANGE id=-1 state=1 BSSID=00:00:00:00:00:00
01-10 14:55:15.380 V/WifiMonitor( 1574): Event [CTRL-EVENT-STATE-CHANGE id=-1 state=1 BSSID=00:00:00:00:00:00]
01-10 14:55:15.410 D/WifiStateMachine( 1574): Changing supplicant state: SCANNING ==> INACTIVE
01-10 14:55:15.410 D/WifiStateMachine( 1574): setDetailed state, old =SCANNING and new state=IDLE
01-10 14:55:15.520 I/wpa_supplicant( 1769): CTRL-EVENT-STATE-CHANGE id=-1 state=2 BSSID=00:00:00:00:00:00
01-10 14:55:15.520 V/WifiMonitor( 1574): Event [CTRL-EVENT-STATE-CHANGE id=-1 state=2 BSSID=00:00:00:00:00:00]
01-10 14:55:15.520 D/WifiStateMachine( 1574): Changing supplicant state: INACTIVE ==> SCANNING
01-10 14:55:15.520 D/WifiStateMachine( 1574): setDetailed state, old =IDLE and new state=SCANNING
01-10 14:55:15.620 D/dalvikvm( 2713): GC_CONCURRENT freed 446K, 10% free 6816K/7495K, paused 4ms+1ms
01-10 14:55:16.081 I/System.out( 2646): 16
01-10 14:55:16.651 I/wpa_supplicant( 1769): got scan complete
01-10 14:55:16.651 I/wpa_supplicant( 1769): wpa_supplicant_get_scan_results:return scan results2
01-10 14:55:16.651 I/wpa_supplicant( 1769): AP:ssid[BTOpenzone],rssi[-90],BSSID=c0:83:0a:e0:12:d4
01-10 14:55:16.651 I/wpa_supplicant( 1769): AP:ssid[BTOpenzone],rssi[-87],BSSID=9c:4e:20:c8:9e:70
01-10 14:55:16.651 I/wpa_supplicant( 1769): AP:ssid[uos-visitor],rssi[-85],BSSID=9c:4e:20:c8:9e:74
01-10 14:55:16.651 I/wpa_supplicant( 1769): AP:ssid[eduroam],rssi[-83],BSSID=9c:4e:20:c8:9e:72
01-10 14:55:16.651 I/wpa_supplicant( 1769): AP:ssid[uos-connect],rssi[-85],BSSID=9c:4e:20:c8:9e:73
01-10 14:55:16.651 I/wpa_supplicant( 1769): AP:ssid[cs],rssi[-86],BSSID=9c:4e:20:c8:9e:71
01-10 14:55:16.651 I/wpa_supplicant( 1769): AP:ssid[LD-Net],rssi[-91],BSSID=00:14:6c:fd:72:38
01-10 14:55:16.651 I/wpa_supplicant( 1769): AP:ssid[cs],rssi[-56],BSSID=9c:4e:20:c8:b0:f1
01-10 14:55:16.651 I/wpa_supplicant( 1769): AP:ssid[uos-connect],rssi[-57],BSSID=9c:4e:20:c8:b0:f3
01-10 14:55:16.651 I/wpa_supplicant( 1769): AP:ssid[BTOpenzone],rssi[-56],BSSID=9c:4e:20:c8:b0:f0
01-10 14:55:16.651 I/wpa_supplicant( 1769): AP:ssid[uos-visitor],rssi[-55],BSSID=9c:4e:20:c8:b0:f4
01-10 14:55:16.651 I/wpa_supplicant( 1769): AP:ssid[eduroam],rssi[-56],BSSID=9c:4e:20:c8:b0:f2
01-10 14:55:16.651 I/wpa_supplicant( 1769): AP:ssid[eduroam],rssi[-75],BSSID=9c:4e:20:c8:cc:52
01-10 14:55:16.651 I/wpa_supplicant( 1769): AP:ssid[BTOpenzone],rssi[-83],BSSID=9c:4e:20:c8:cc:50
01-10 14:55:16.651 I/wpa_supplicant( 1769): AP:ssid[uos-visitor],rssi[-75],BSSID=9c:4e:20:c8:cc:54
01-10 14:55:16.661 I/wpa_supplicant( 1769): AP:ssid[cs],rssi[-75],BSSID=9c:4e:20:c8:cc:51
01-10 14:55:16.661 I/wpa_supplicant( 1769): Received 3052 bytes of scan results (16 BSSes)
01-10 14:55:16.661 I/wpa_supplicant( 1769): wpa_driver_wext_get_scan_results---
01-10 14:55:16.671 I/wpa_supplicant( 1769): wpa_disabled_ssid_list_clear
01-10 14:55:16.671 V/WifiMonitor( 1574): Event [wpa_disabled_ssid_list_clear]
01-10 14:55:16.671 I/wpa_supplicant( 1769): No suitable AP found.
01-10 14:55:16.671 I/wpa_supplicant( 1769): CTRL-EVENT-STATE-CHANGE id=-1 state=1 BSSID=00:00:00:00:00:00
01-10 14:55:16.671 V/WifiMonitor( 1574): Event [CTRL-EVENT-STATE-CHANGE id=-1 state=1 BSSID=00:00:00:00:00:00]
01-10 14:55:16.701 D/WifiStateMachine( 1574): Changing supplicant state: SCANNING ==> INACTIVE
01-10 14:55:16.701 D/WifiStateMachine( 1574): setDetailed state, old =SCANNING and new state=IDLE
01-10 14:55:16.811 I/wpa_supplicant( 1769): CTRL-EVENT-STATE-CHANGE id=-1 state=2 BSSID=00:00:00:00:00:00
01-10 14:55:16.811 V/WifiMonitor( 1574): Event [CTRL-EVENT-STATE-CHANGE id=-1 state=2 BSSID=00:00:00:00:00:00]
01-10 14:55:16.811 D/WifiStateMachine( 1574): Changing supplicant state: INACTIVE ==> SCANNING
01-10 14:55:16.811 D/WifiStateMachine( 1574): setDetailed state, old =IDLE and new state=SCANNING
01-10 14:55:17.081 I/System.out( 2646): 16
01-10 14:55:17.942 I/wpa_supplicant( 1769): got scan complete
01-10 14:55:17.942 I/wpa_supplicant( 1769): wpa_supplicant_get_scan_results:return scan results2
01-10 14:55:17.942 I/wpa_supplicant( 1769): AP:ssid[BTBusinessHub-353],rssi[-88],BSSID=c0:83:0a:e0:12:d1
01-10 14:55:17.942 I/wpa_supplicant( 1769): AP:ssid[BTOpenzone],rssi[-87],BSSID=c0:83:0a:e0:12:d4
01-10 14:55:17.942 I/wpa_supplicant( 1769): AP:ssid[BTOpenzone],rssi[-84],BSSID=9c:4e:20:c8:9e:70
01-10 14:55:17.942 I/wpa_supplicant( 1769): AP:ssid[eduroam],rssi[-86],BSSID=9c:4e:20:c8:9e:72
01-10 14:55:17.942 I/wpa_supplicant( 1769): AP:ssid[uos-connect],rssi[-86],BSSID=9c:4e:20:c8:9e:73
01-10 14:55:17.942 I/wpa_supplicant( 1769): AP:ssid[cs],rssi[-85],BSSID=9c:4e:20:c8:9e:71
01-10 14:55:17.942 I/wpa_supplicant( 1769): AP:ssid[uos-visitor],rssi[-83],BSSID=9c:4e:20:c8:9e:74
01-10 14:55:17.942 I/wpa_supplicant( 1769): AP:ssid[BTOpenzone],rssi[-54],BSSID=9c:4e:20:c8:b0:f0
01-10 14:55:17.942 I/wpa_supplicant( 1769): AP:ssid[uos-visitor],rssi[-61],BSSID=9c:4e:20:c8:b0:f4
01-10 14:55:17.942 I/wpa_supplicant( 1769): AP:ssid[eduroam],rssi[-55],BSSID=9c:4e:20:c8:b0:f2
01-10 14:55:17.942 I/wpa_supplicant( 1769): AP:ssid[cs],rssi[-62],BSSID=9c:4e:20:c8:b0:f1
01-10 14:55:17.942 I/wpa_supplicant( 1769): AP:ssid[uos-connect],rssi[-56],BSSID=9c:4e:20:c8:b0:f3
01-10 14:55:17.942 I/wpa_supplicant( 1769): AP:ssid[BTOpenzone],rssi[-74],BSSID=9c:4e:20:c8:cc:50
01-10 14:55:17.952 I/wpa_supplicant( 1769): AP:ssid[uos-visitor],rssi[-81],BSSID=9c:4e:20:c8:cc:54
01-10 14:55:17.952 I/wpa_supplicant( 1769): AP:ssid[eduroam],rssi[-74],BSSID=9c:4e:20:c8:cc:52
01-10 14:55:17.952 I/wpa_supplicant( 1769): AP:ssid[cs],rssi[-82],BSSID=9c:4e:20:c8:cc:51
01-10 14:55:17.952 I/wpa_supplicant( 1769): Received 3103 bytes of scan results (16 BSSes)
01-10 14:55:17.952 I/wpa_supplicant( 1769): wpa_driver_wext_get_scan_results---
01-10 14:55:17.952 I/wpa_supplicant( 1769): wpa_disabled_ssid_list_clear
01-10 14:55:17.952 V/WifiMonitor( 1574): Event [wpa_disabled_ssid_list_clear]
01-10 14:55:17.952 I/wpa_supplicant( 1769): No suitable AP found.
01-10 14:55:17.952 I/wpa_supplicant( 1769): CTRL-EVENT-STATE-CHANGE id=-1 state=1 BSSID=00:00:00:00:00:00
01-10 14:55:17.952 V/WifiMonitor( 1574): Event [CTRL-EVENT-STATE-CHANGE id=-1 state=1 BSSID=00:00:00:00:00:00]
01-10 14:55:17.972 D/WifiStateMachine( 1574): Changing supplicant state: SCANNING ==> INACTIVE
01-10 14:55:17.972 D/WifiStateMachine( 1574): setDetailed state, old =SCANNING and new state=IDLE
01-10 14:55:18.032 D/dalvikvm( 2713): GC_CONCURRENT freed 446K, 10% free 6816K/7495K, paused 1ms+1ms
01-10 14:55:18.082 I/wpa_supplicant( 1769): CTRL-EVENT-STATE-CHANGE id=-1 state=2 BSSID=00:00:00:00:00:00
01-10 14:55:18.082 V/WifiMonitor( 1574): Event [CTRL-EVENT-STATE-CHANGE id=-1 state=2 BSSID=00:00:00:00:00:00]
01-10 14:55:18.082 D/WifiStateMachine( 1574): Changing supplicant state: INACTIVE ==> SCANNING
01-10 14:55:18.082 D/WifiStateMachine( 1574): setDetailed state, old =IDLE and new state=SCANNING
01-10 14:55:18.082 I/System.out( 2646): 16
01-10 14:55:19.083 I/System.out( 2646): 16
01-10 14:55:19.214 I/wpa_supplicant( 1769): got scan complete
01-10 14:55:19.214 I/wpa_supplicant( 1769): wpa_supplicant_get_scan_results:return scan results2
01-10 14:55:19.214 I/wpa_supplicant( 1769): AP:ssid[BTBusinessHub-353],rssi[-89],BSSID=c0:83:0a:e0:12:d1
01-10 14:55:19.214 I/wpa_supplicant( 1769): AP:ssid[eduroam],rssi[-86],BSSID=9c:4e:20:c8:9e:72
01-10 14:55:19.214 I/wpa_supplicant( 1769): AP:ssid[cs],rssi[-84],BSSID=9c:4e:20:c8:9e:71
01-10 14:55:19.214 I/wpa_supplicant( 1769): AP:ssid[BTOpenzone],rssi[-85],BSSID=9c:4e:20:c8:9e:70
01-10 14:55:19.214 I/wpa_supplicant( 1769): AP:ssid[uos-visitor],rssi[-84],BSSID=9c:4e:20:c8:9e:74
01-10 14:55:19.214 I/wpa_supplicant( 1769): AP:ssid[uos-connect],rssi[-85],BSSID=9c:4e:20:c8:9e:73
01-10 14:55:19.214 I/wpa_supplicant( 1769): AP:ssid[LD-Net],rssi[-91],BSSID=00:14:6c:fd:72:38
01-10 14:55:19.214 I/wpa_supplicant( 1769): AP:ssid[BTOpenzone],rssi[-54],BSSID=9c:4e:20:c8:b0:f0
01-10 14:55:19.214 I/wpa_supplicant( 1769): AP:ssid[uos-visitor],rssi[-56],BSSID=9c:4e:20:c8:b0:f4
01-10 14:55:19.214 I/wpa_supplicant( 1769): AP:ssid[eduroam],rssi[-56],BSSID=9c:4e:20:c8:b0:f2
01-10 14:55:19.214 I/wpa_supplicant( 1769): AP:ssid[cs],rssi[-55],BSSID=9c:4e:20:c8:b0:f1
01-10 14:55:19.214 I/wpa_supplicant( 1769): AP:ssid[uos-connect],rssi[-56],BSSID=9c:4e:20:c8:b0:f3
01-10 14:55:19.214 I/wpa_supplicant( 1769): AP:ssid[],rssi[-90],BSSID=00:80:48:68:08:99
01-10 14:55:19.214 I/wpa_supplicant( 1769): AP:ssid[eduroam],rssi[-85],BSSID=9c:4e:20:c8:cc:52
01-10 14:55:19.214 I/wpa_supplicant( 1769): AP:ssid[cs],rssi[-86],BSSID=9c:4e:20:c8:cc:51
01-10 14:55:19.214 I/wpa_supplicant( 1769): AP:ssid[uos-connect],rssi[-85],BSSID=9c:4e:20:c8:cc:53
01-10 14:55:19.214 I/wpa_supplicant( 1769): AP:ssid[uos-visitor],rssi[-74],BSSID=9c:4e:20:c8:cc:54
01-10 14:55:19.214 I/wpa_supplicant( 1769): Received 3294 bytes of scan results (17 BSSes)
01-10 14:55:19.214 I/wpa_supplicant( 1769): wpa_driver_wext_get_scan_results---
01-10 14:55:19.224 I/wpa_supplicant( 1769): wpa_disabled_ssid_list_clear
01-10 14:55:19.224 V/WifiMonitor( 1574): Event [wpa_disabled_ssid_list_clear]
01-10 14:55:19.224 I/wpa_supplicant( 1769): No suitable AP found.
01-10 14:55:19.224 I/wpa_supplicant( 1769): CTRL-EVENT-STATE-CHANGE id=-1 state=1 BSSID=00:00:00:00:00:00
01-10 14:55:19.224 V/WifiMonitor( 1574): Event [CTRL-EVENT-STATE-CHANGE id=-1 state=1 BSSID=00:00:00:00:00:00]
01-10 14:55:19.254 D/WifiStateMachine( 1574): Changing supplicant state: SCANNING ==> INACTIVE
01-10 14:55:19.254 D/WifiStateMachine( 1574): setDetailed state, old =SCANNING and new state=IDLE
01-10 14:55:19.364 I/wpa_supplicant( 1769): CTRL-EVENT-STATE-CHANGE id=-1 state=2 BSSID=00:00:00:00:00:00
01-10 14:55:19.364 V/WifiMonitor( 1574): Event [CTRL-EVENT-STATE-CHANGE id=-1 state=2 BSSID=00:00:00:00:00:00]
01-10 14:55:19.364 D/WifiStateMachine( 1574): Changing supplicant state: INACTIVE ==> SCANNING
01-10 14:55:19.364 D/WifiStateMachine( 1574): setDetailed state, old =IDLE and new state=SCANNING
01-10 14:55:19.464 D/dalvikvm( 2713): GC_CONCURRENT freed 446K, 10% free 6816K/7495K, paused 4ms+2ms
01-10 14:55:20.084 I/System.out( 2646): 16
01-10 14:55:20.535 I/wpa_supplicant( 1769): got scan complete
01-10 14:55:20.535 I/wpa_supplicant( 1769): wpa_supplicant_get_scan_results:return scan results2
01-10 14:55:20.535 I/wpa_supplicant( 1769): AP:ssid[BTBusinessHub-353],rssi[-86],BSSID=c0:83:0a:e0:12:d1
01-10 14:55:20.535 I/wpa_supplicant( 1769): AP:ssid[BTOpenzone],rssi[-89],BSSID=c0:83:0a:e0:12:d4
01-10 14:55:20.535 I/wpa_supplicant( 1769): AP:ssid[uos-visitor],rssi[-81],BSSID=9c:4e:20:c8:9e:74
01-10 14:55:20.535 I/wpa_supplicant( 1769): AP:ssid[cs],rssi[-84],BSSID=9c:4e:20:c8:9e:71
01-10 14:55:20.535 I/wpa_supplicant( 1769): AP:ssid[BTOpenzone],rssi[-84],BSSID=9c:4e:20:c8:9e:70
01-10 14:55:20.535 I/wpa_supplicant( 1769): AP:ssid[eduroam],rssi[-86],BSSID=9c:4e:20:c8:9e:72
01-10 14:55:20.535 I/wpa_supplicant( 1769): AP:ssid[uos-connect],rssi[-86],BSSID=9c:4e:20:c8:9e:73
01-10 14:55:20.535 I/wpa_supplicant( 1769): AP:ssid[hpsetup],rssi[-93],BSSID=c2:ce:46:d5:40:9c
01-10 14:55:20.535 I/wpa_supplicant( 1769): AP:ssid[eduroam],rssi[-56],BSSID=9c:4e:20:c8:b0:f2
01-10 14:55:20.535 I/wpa_supplicant( 1769): AP:ssid[cs],rssi[-55],BSSID=9c:4e:20:c8:b0:f1
01-10 14:55:20.535 I/wpa_supplicant( 1769): AP:ssid[uos-connect],rssi[-54],BSSID=9c:4e:20:c8:b0:f3
01-10 14:55:20.535 I/wpa_supplicant( 1769): AP:ssid[BTOpenzone],rssi[-54],BSSID=9c:4e:20:c8:b0:f0
01-10 14:55:20.545 I/wpa_supplicant( 1769): AP:ssid[uos-visitor],rssi[-59],BSSID=9c:4e:20:c8:b0:f4
01-10 14:55:20.545 I/wpa_supplicant( 1769): AP:ssid[],rssi[-94],BSSID=00:80:48:68:08:99
01-10 14:55:20.545 I/wpa_supplicant( 1769): AP:ssid[cs],rssi[-72],BSSID=9c:4e:20:c8:cc:51
01-10 14:55:20.545 I/wpa_supplicant( 1769): AP:ssid[BTOpenzone],rssi[-72],BSSID=9c:4e:20:c8:cc:50
01-10 14:55:20.545 I/wpa_supplicant( 1769): AP:ssid[eduroam],rssi[-74],BSSID=9c:4e:20:c8:cc:52
01-10 14:55:20.545 I/wpa_supplicant( 1769): AP:ssid[uos-connect],rssi[-74],BSSID=9c:4e:20:c8:cc:53
01-10 14:55:20.545 I/wpa_supplicant( 1769): Received 3408 bytes of scan results (18 BSSes)
01-10 14:55:20.545 I/wpa_supplicant( 1769): wpa_driver_wext_get_scan_results---
01-10 14:55:20.545 I/wpa_supplicant( 1769): wpa_disabled_ssid_list_clear
01-10 14:55:20.545 V/WifiMonitor( 1574): Event [wpa_disabled_ssid_list_clear]
01-10 14:55:20.545 I/wpa_supplicant( 1769): No suitable AP found.
01-10 14:55:20.545 I/wpa_supplicant( 1769): CTRL-EVENT-STATE-CHANGE id=-1 state=1 BSSID=00:00:00:00:00:00
01-10 14:55:20.545 V/WifiMonitor( 1574): Event [CTRL-EVENT-STATE-CHANGE id=-1 state=1 BSSID=00:00:00:00:00:00]
01-10 14:55:20.575 D/WifiStateMachine( 1574): Changing supplicant state: SCANNING ==> INACTIVE
01-10 14:55:20.575 D/WifiStateMachine( 1574): setDetailed state, old =SCANNING and new state=IDLE
01-10 14:55:20.675 I/wpa_supplicant( 1769): CTRL-EVENT-STATE-CHANGE id=-1 state=2 BSSID=00:00:00:00:00:00
01-10 14:55:20.675 V/WifiMonitor( 1574): Event [CTRL-EVENT-STATE-CHANGE id=-1 state=2 BSSID=00:00:00:00:00:00]
01-10 14:55:20.675 D/WifiStateMachine( 1574): Changing supplicant state: INACTIVE ==> SCANNING
01-10 14:55:20.675 D/WifiStateMachine( 1574): setDetailed state, old =IDLE and new state=SCANNING
01-10 14:55:21.085 I/System.out( 2646): 17
01-10 14:55:21.856 I/wpa_supplicant( 1769): got scan complete
01-10 14:55:21.856 I/wpa_supplicant( 1769): wpa_supplicant_get_scan_results:return scan results2
01-10 14:55:21.856 I/wpa_supplicant( 1769): AP:ssid[BTBusinessHub-353],rssi[-88],BSSID=c0:83:0a:e0:12:d1
01-10 14:55:21.856 I/wpa_supplicant( 1769): AP:ssid[BTOpenzone],rssi[-87],BSSID=c0:83:0a:e0:12:d4
01-10 14:55:21.856 I/wpa_supplicant( 1769): AP:ssid[BTOpenzone],rssi[-84],BSSID=9c:4e:20:c8:9e:70
01-10 14:55:21.856 I/wpa_supplicant( 1769): AP:ssid[uos-visitor],rssi[-86],BSSID=9c:4e:20:c8:9e:74
01-10 14:55:21.856 I/wpa_supplicant( 1769): AP:ssid[eduroam],rssi[-84],BSSID=9c:4e:20:c8:9e:72
01-10 14:55:21.856 I/wpa_supplicant( 1769): AP:ssid[cs],rssi[-86],BSSID=9c:4e:20:c8:9e:71
01-10 14:55:21.856 I/wpa_supplicant( 1769): AP:ssid[uos-connect],rssi[-83],BSSID=9c:4e:20:c8:9e:73
01-10 14:55:21.856 I/wpa_supplicant( 1769): AP:ssid[LD-Net],rssi[-90],BSSID=00:14:6c:fd:72:38
01-10 14:55:21.856 I/wpa_supplicant( 1769): AP:ssid[BTOpenzone],rssi[-57],BSSID=9c:4e:20:c8:b0:f0
01-10 14:55:21.856 I/wpa_supplicant( 1769): AP:ssid[uos-visitor],rssi[-55],BSSID=9c:4e:20:c8:b0:f4
01-10 14:55:21.856 I/wpa_supplicant( 1769): AP:ssid[eduroam],rssi[-57],BSSID=9c:4e:20:c8:b0:f2
01-10 14:55:21.856 I/wpa_supplicant( 1769): AP:ssid[cs],rssi[-57],BSSID=9c:4e:20:c8:b0:f1
01-10 14:55:21.856 I/wpa_supplicant( 1769): AP:ssid[uos-connect],rssi[-56],BSSID=9c:4e:20:c8:b0:f3
01-10 14:55:21.866 I/wpa_supplicant( 1769): AP:ssid[],rssi[-92],BSSID=00:80:48:68:08:99
01-10 14:55:21.866 I/wpa_supplicant( 1769): AP:ssid[eduroam],rssi[-75],BSSID=9c:4e:20:c8:cc:52
01-10 14:55:21.866 I/wpa_supplicant( 1769): AP:ssid[cs],rssi[-79],BSSID=9c:4e:20:c8:cc:51
01-10 14:55:21.866 I/wpa_supplicant( 1769): AP:ssid[BTOpenzone],rssi[-73],BSSID=9c:4e:20:c8:cc:50
01-10 14:55:21.866 I/wpa_supplicant( 1769): AP:ssid[uos-visitor],rssi[-74],BSSID=9c:4e:20:c8:cc:54
01-10 14:55:21.866 I/wpa_supplicant( 1769): Received 3467 bytes of scan results (18 BSSes)
01-10 14:55:21.866 I/wpa_supplicant( 1769): wpa_driver_wext_get_scan_results---
01-10 14:55:21.866 I/wpa_supplicant( 1769): wpa_disabled_ssid_list_clear
01-10 14:55:21.866 V/WifiMonitor( 1574): Event [wpa_disabled_ssid_list_clear]
01-10 14:55:21.866 I/wpa_supplicant( 1769): No suitable AP found.
01-10 14:55:21.866 I/wpa_supplicant( 1769): CTRL-EVENT-STATE-CHANGE id=-1 state=1 BSSID=00:00:00:00:00:00
01-10 14:55:21.866 V/WifiMonitor( 1574): Event [CTRL-EVENT-STATE-CHANGE id=-1 state=1 BSSID=00:00:00:00:00:00]
01-10 14:55:21.886 D/WifiStateMachine( 1574): Changing supplicant state: SCANNING ==> INACTIVE
01-10 14:55:21.886 D/WifiStateMachine( 1574): setDetailed state, old =SCANNING and new state=IDLE
01-10 14:55:21.936 D/dalvikvm( 2713): GC_CONCURRENT freed 446K, 10% free 6816K/7495K, paused 1ms+1ms
01-10 14:55:21.996 I/wpa_supplicant( 1769): CTRL-EVENT-STATE-CHANGE id=-1 state=2 BSSID=00:00:00:00:00:00
01-10 14:55:21.996 V/WifiMonitor( 1574): Event [CTRL-EVENT-STATE-CHANGE id=-1 state=2 BSSID=00:00:00:00:00:00]
01-10 14:55:21.996 D/WifiStateMachine( 1574): Changing supplicant state: INACTIVE ==> SCANNING
01-10 14:55:21.996 D/WifiStateMachine( 1574): setDetailed state, old =IDLE and new state=SCANNING
01-10 14:55:22.086 I/System.out( 2646): 17
01-10 14:55:23.087 I/System.out( 2646): 17
01-10 14:55:23.167 I/wpa_supplicant( 1769): got scan complete
01-10 14:55:23.167 I/wpa_supplicant( 1769): wpa_supplicant_get_scan_results:return scan results2
01-10 14:55:23.177 I/wpa_supplicant( 1769): AP:ssid[BTOpenzone],rssi[-89],BSSID=c0:83:0a:e0:12:d4
01-10 14:55:23.177 I/wpa_supplicant( 1769): AP:ssid[BTBusinessHub-353],rssi[-87],BSSID=c0:83:0a:e0:12:d1
01-10 14:55:23.177 I/wpa_supplicant( 1769): AP:ssid[BTOpenzone],rssi[-85],BSSID=9c:4e:20:c8:9e:70
01-10 14:55:23.177 I/wpa_supplicant( 1769): AP:ssid[eduroam],rssi[-86],BSSID=9c:4e:20:c8:9e:72
01-10 14:55:23.177 I/wpa_supplicant( 1769): AP:ssid[uos-connect],rssi[-85],BSSID=9c:4e:20:c8:9e:73
01-10 14:55:23.177 I/wpa_supplicant( 1769): AP:ssid[uos-visitor],rssi[-85],BSSID=9c:4e:20:c8:9e:74
01-10 14:55:23.177 I/wpa_supplicant( 1769): AP:ssid[cs],rssi[-86],BSSID=9c:4e:20:c8:9e:71
01-10 14:55:23.177 I/wpa_supplicant( 1769): AP:ssid[LD-Net],rssi[-91],BSSID=00:14:6c:fd:72:38
01-10 14:55:23.177 I/wpa_supplicant( 1769): AP:ssid[cs],rssi[-56],BSSID=9c:4e:20:c8:b0:f1
01-10 14:55:23.177 I/wpa_supplicant( 1769): AP:ssid[uos-connect],rssi[-57],BSSID=9c:4e:20:c8:b0:f3
01-10 14:55:23.177 I/wpa_supplicant( 1769): AP:ssid[uos-visitor],rssi[-57],BSSID=9c:4e:20:c8:b0:f4
01-10 14:55:23.177 I/wpa_supplicant( 1769): AP:ssid[BTOpenzone],rssi[-56],BSSID=9c:4e:20:c8:b0:f0
01-10 14:55:23.177 I/wpa_supplicant( 1769): AP:ssid[eduroam],rssi[-56],BSSID=9c:4e:20:c8:b0:f2
01-10 14:55:23.187 I/wpa_supplicant( 1769): AP:ssid[uos-connect],rssi[-76],BSSID=9c:4e:20:c8:cc:53
01-10 14:55:23.187 I/wpa_supplicant( 1769): AP:ssid[BTOpenzone],rssi[-77],BSSID=9c:4e:20:c8:cc:50
01-10 14:55:23.187 I/wpa_supplicant( 1769): AP:ssid[uos-visitor],rssi[-76],BSSID=9c:4e:20:c8:cc:54
01-10 14:55:23.187 I/wpa_supplicant( 1769): AP:ssid[eduroam],rssi[-75],BSSID=9c:4e:20:c8:cc:52
01-10 14:55:23.187 I/wpa_supplicant( 1769): AP:ssid[cs],rssi[-75],BSSID=9c:4e:20:c8:cc:51
01-10 14:55:23.187 I/wpa_supplicant( 1769): Received 3478 bytes of scan results (18 BSSes)
01-10 14:55:23.187 I/wpa_supplicant( 1769): wpa_driver_wext_get_scan_results---
01-10 14:55:23.187 I/wpa_supplicant( 1769): wpa_disabled_ssid_list_clear
01-10 14:55:23.187 V/WifiMonitor( 1574): Event [wpa_disabled_ssid_list_clear]
01-10 14:55:23.187 I/wpa_supplicant( 1769): No suitable AP found.
01-10 14:55:23.187 I/wpa_supplicant( 1769): CTRL-EVENT-STATE-CHANGE id=-1 state=1 BSSID=00:00:00:00:00:00
01-10 14:55:23.187 V/WifiMonitor( 1574): Event [CTRL-EVENT-STATE-CHANGE id=-1 state=1 BSSID=00:00:00:00:00:00]
01-10 14:55:23.207 D/WifiStateMachine( 1574): Changing supplicant state: SCANNING ==> INACTIVE
01-10 14:55:23.207 D/WifiStateMachine( 1574): setDetailed state, old =SCANNING and new state=IDLE
01-10 14:55:23.318 I/wpa_supplicant( 1769): CTRL-EVENT-STATE-CHANGE id=-1 state=2 BSSID=00:00:00:00:00:00
01-10 14:55:23.318 V/WifiMonitor( 1574): Event [CTRL-EVENT-STATE-CHANGE id=-1 state=2 BSSID=00:00:00:00:00:00]
01-10 14:55:23.318 D/WifiStateMachine( 1574): Changing supplicant state: INACTIVE ==> SCANNING
01-10 14:55:23.318 D/WifiStateMachine( 1574): setDetailed state, old =IDLE and new state=SCANNING
01-10 14:55:23.428 D/dalvikvm( 2713): GC_CONCURRENT freed 446K, 10% free 6816K/7495K, paused 3ms+1ms
01-10 14:55:24.088 I/System.out( 2646): 18
01-10 14:55:24.459 I/wpa_supplicant( 1769): got scan complete
01-10 14:55:24.459 I/wpa_supplicant( 1769): wpa_supplicant_get_scan_results:return scan results2
01-10 14:55:24.459 I/wpa_supplicant( 1769): AP:ssid[BTBusinessHub-353],rssi[-88],BSSID=c0:83:0a:e0:12:d1
01-10 14:55:24.459 I/wpa_supplicant( 1769): AP:ssid[BTOpenzone],rssi[-87],BSSID=c0:83:0a:e0:12:d4
01-10 14:55:24.459 I/wpa_supplicant( 1769): AP:ssid[BTOpenzone],rssi[-83],BSSID=9c:4e:20:c8:9e:70
01-10 14:55:24.459 I/wpa_supplicant( 1769): AP:ssid[cs],rssi[-87],BSSID=9c:4e:20:c8:9e:71
01-10 14:55:24.459 I/wpa_supplicant( 1769): AP:ssid[eduroam],rssi[-86],BSSID=9c:4e:20:c8:9e:72
01-10 14:55:24.459 I/wpa_supplicant( 1769): AP:ssid[uos-connect],rssi[-86],BSSID=9c:4e:20:c8:9e:73
01-10 14:55:24.459 I/wpa_supplicant( 1769): AP:ssid[uos-visitor],rssi[-87],BSSID=9c:4e:20:c8:9e:74
01-10 14:55:24.459 I/wpa_supplicant( 1769): AP:ssid[hpsetup],rssi[-93],BSSID=c2:ce:46:d5:40:9c
01-10 14:55:24.459 I/wpa_supplicant( 1769): AP:ssid[cs],rssi[-58],BSSID=9c:4e:20:c8:b0:f1
01-10 14:55:24.459 I/wpa_supplicant( 1769): AP:ssid[LD-Net],rssi[-93],BSSID=00:14:6c:fd:72:38
01-10 14:55:24.459 I/wpa_supplicant( 1769): AP:ssid[uos-visitor],rssi[-56],BSSID=9c:4e:20:c8:b0:f4
01-10 14:55:24.459 I/wpa_supplicant( 1769): AP:ssid[eduroam],rssi[-59],BSSID=9c:4e:20:c8:b0:f2
01-10 14:55:24.459 I/wpa_supplicant( 1769): AP:ssid[uos-connect],rssi[-58],BSSID=9c:4e:20:c8:b0:f3
01-10 14:55:24.459 I/wpa_supplicant( 1769): AP:ssid[BTOpenzone],rssi[-58],BSSID=9c:4e:20:c8:b0:f0
01-10 14:55:24.459 I/wpa_supplicant( 1769): AP:ssid[BTOpenzone],rssi[-82],BSSID=9c:4e:20:c8:cc:50
01-10 14:55:24.459 I/wpa_supplicant( 1769): AP:ssid[uos-visitor],rssi[-68],BSSID=9c:4e:20:c8:cc:54
01-10 14:55:24.459 I/wpa_supplicant( 1769): AP:ssid[cs],rssi[-83],BSSID=9c:4e:20:c8:cc:51
01-10 14:55:24.459 I/wpa_supplicant( 1769): AP:ssid[uos-connect],rssi[-75],BSSID=9c:4e:20:c8:cc:53
01-10 14:55:24.459 I/wpa_supplicant( 1769): Received 3384 bytes of scan results (18 BSSes)
01-10 14:55:24.459 I/wpa_supplicant( 1769): wpa_driver_wext_get_scan_results---
01-10 14:55:24.469 I/wpa_supplicant( 1769): wpa_disabled_ssid_list_clear
01-10 14:55:24.469 V/WifiMonitor( 1574): Event [wpa_disabled_ssid_list_clear]
01-10 14:55:24.469 I/wpa_supplicant( 1769): No suitable AP found.
01-10 14:55:24.469 I/wpa_supplicant( 1769): CTRL-EVENT-STATE-CHANGE id=-1 state=1 BSSID=00:00:00:00:00:00
01-10 14:55:24.469 V/WifiMonitor( 1574): Event [CTRL-EVENT-STATE-CHANGE id=-1 state=1 BSSID=00:00:00:00:00:00]
01-10 14:55:24.499 D/WifiStateMachine( 1574): Changing supplicant state: SCANNING ==> INACTIVE
01-10 14:55:24.499 D/WifiStateMachine( 1574): setDetailed state, old =SCANNING and new state=IDLE
01-10 14:55:24.599 I/wpa_supplicant( 1769): CTRL-EVENT-STATE-CHANGE id=-1 state=2 BSSID=00:00:00:00:00:00
01-10 14:55:24.599 V/WifiMonitor( 1574): Event [CTRL-EVENT-STATE-CHANGE id=-1 state=2 BSSID=00:00:00:00:00:00]
01-10 14:55:24.599 D/WifiStateMachine( 1574): Changing supplicant state: INACTIVE ==> SCANNING
01-10 14:55:24.599 D/WifiStateMachine( 1574): setDetailed state, old =IDLE and new state=SCANNING
01-10 14:55:25.089 I/System.out( 2646): 18
01-10 14:55:25.730 I/wpa_supplicant( 1769): got scan complete
01-10 14:55:25.730 I/wpa_supplicant( 1769): wpa_supplicant_get_scan_results:return scan results2
01-10 14:55:25.730 I/wpa_supplicant( 1769): AP:ssid[BTBusinessHub-353],rssi[-88],BSSID=c0:83:0a:e0:12:d1
01-10 14:55:25.730 I/wpa_supplicant( 1769): AP:ssid[BTOpenzone],rssi[-88],BSSID=c0:83:0a:e0:12:d4
01-10 14:55:25.730 I/wpa_supplicant( 1769): AP:ssid[BTOpenzone],rssi[-87],BSSID=9c:4e:20:c8:9e:70
01-10 14:55:25.730 I/wpa_supplicant( 1769): AP:ssid[uos-connect],rssi[-86],BSSID=9c:4e:20:c8:9e:73
01-10 14:55:25.730 I/wpa_supplicant( 1769): AP:ssid[uos-visitor],rssi[-84],BSSID=9c:4e:20:c8:9e:74
01-10 14:55:25.730 I/wpa_supplicant( 1769): AP:ssid[eduroam],rssi[-83],BSSID=9c:4e:20:c8:9e:72
01-10 14:55:25.730 I/wpa_supplicant( 1769): AP:ssid[cs],rssi[-86],BSSID=9c:4e:20:c8:9e:71
01-10 14:55:25.730 I/wpa_supplicant( 1769): AP:ssid[hpsetup],rssi[-90],BSSID=c2:ce:46:d5:40:9c
01-10 14:55:25.730 I/wpa_supplicant( 1769): AP:ssid[cs],rssi[-55],BSSID=9c:4e:20:c8:b0:f1
01-10 14:55:25.730 I/wpa_supplicant( 1769): AP:ssid[uos-connect],rssi[-57],BSSID=9c:4e:20:c8:b0:f3
01-10 14:55:25.730 I/wpa_supplicant( 1769): AP:ssid[BTOpenzone],rssi[-57],BSSID=9c:4e:20:c8:b0:f0
01-10 14:55:25.730 I/wpa_supplicant( 1769): AP:ssid[eduroam],rssi[-57],BSSID=9c:4e:20:c8:b0:f2
01-10 14:55:25.730 I/wpa_supplicant( 1769): AP:ssid[uos-visitor],rssi[-57],BSSID=9c:4e:20:c8:b0:f4
01-10 14:55:25.730 I/wpa_supplicant( 1769): AP:ssid[uos-connect],rssi[-87],BSSID=9c:4e:20:c8:cc:53
01-10 14:55:25.730 I/wpa_supplicant( 1769): AP:ssid[BTOpenzone],rssi[-72],BSSID=9c:4e:20:c8:cc:50
01-10 14:55:25.730 I/wpa_supplicant( 1769): AP:ssid[eduroam],rssi[-76],BSSID=9c:4e:20:c8:cc:52
01-10 14:55:25.730 I/wpa_supplicant( 1769): AP:ssid[cs],rssi[-74],BSSID=9c:4e:20:c8:cc:51
01-10 14:55:25.730 I/wpa_supplicant( 1769): Received 3180 bytes of scan results (17 BSSes)
01-10 14:55:25.730 I/wpa_supplicant( 1769): wpa_driver_wext_get_scan_results---
01-10 14:55:25.740 I/wpa_supplicant( 1769): wpa_disabled_ssid_list_clear
01-10 14:55:25.740 V/WifiMonitor( 1574): Event [wpa_disabled_ssid_list_clear]
01-10 14:55:25.740 I/wpa_supplicant( 1769): No suitable AP found.
01-10 14:55:25.740 I/wpa_supplicant( 1769): CTRL-EVENT-STATE-CHANGE id=-1 state=1 BSSID=00:00:00:00:00:00
01-10 14:55:25.740 V/WifiMonitor( 1574): Event [CTRL-EVENT-STATE-CHANGE id=-1 state=1 BSSID=00:00:00:00:00:00]
01-10 14:55:25.760 D/WifiStateMachine( 1574): Changing supplicant state: SCANNING ==> INACTIVE
01-10 14:55:25.770 D/WifiStateMachine( 1574): setDetailed state, old =SCANNING and new state=IDLE
01-10 14:55:25.820 D/dalvikvm( 2713): GC_CONCURRENT freed 446K, 10% free 6816K/7495K, paused 1ms+1ms
01-10 14:55:25.880 I/wpa_supplicant( 1769): CTRL-EVENT-STATE-CHANGE id=-1 state=2 BSSID=00:00:00:00:00:00
01-10 14:55:25.880 V/WifiMonitor( 1574): Event [CTRL-EVENT-STATE-CHANGE id=-1 state=2 BSSID=00:00:00:00:00:00]
01-10 14:55:25.880 D/WifiStateMachine( 1574): Changing supplicant state: INACTIVE ==> SCANNING
01-10 14:55:25.880 D/WifiStateMachine( 1574): setDetailed state, old =IDLE and new state=SCANNING
01-10 14:55:26.090 I/System.out( 2646): 17
01-10 14:55:27.011 I/wpa_supplicant( 1769): got scan complete
01-10 14:55:27.011 I/wpa_supplicant( 1769): wpa_supplicant_get_scan_results:return scan results2
01-10 14:55:27.011 I/wpa_supplicant( 1769): AP:ssid[BTBusinessHub-353],rssi[-89],BSSID=c0:83:0a:e0:12:d1
01-10 14:55:27.011 I/wpa_supplicant( 1769): AP:ssid[BTOpenzone],rssi[-89],BSSID=c0:83:0a:e0:12:d4
01-10 14:55:27.011 I/wpa_supplicant( 1769): AP:ssid[cs],rssi[-84],BSSID=9c:4e:20:c8:9e:71
01-10 14:55:27.011 I/wpa_supplicant( 1769): AP:ssid[BTOpenzone],rssi[-87],BSSID=9c:4e:20:c8:9e:70
01-10 14:55:27.011 I/wpa_supplicant( 1769): AP:ssid[uos-visitor],rssi[-86],BSSID=9c:4e:20:c8:9e:74
01-10 14:55:27.011 I/wpa_supplicant( 1769): AP:ssid[uos-connect],rssi[-86],BSSID=9c:4e:20:c8:9e:73
01-10 14:55:27.011 I/wpa_supplicant( 1769): AP:ssid[eduroam],rssi[-86],BSSID=9c:4e:20:c8:9e:72
01-10 14:55:27.011 I/wpa_supplicant( 1769): AP:ssid[LD-Net],rssi[-91],BSSID=00:14:6c:fd:72:38
01-10 14:55:27.011 I/wpa_supplicant( 1769): AP:ssid[uos-connect],rssi[-58],BSSID=9c:4e:20:c8:b0:f3
01-10 14:55:27.011 I/wpa_supplicant( 1769): AP:ssid[BTOpenzone],rssi[-55],BSSID=9c:4e:20:c8:b0:f0
01-10 14:55:27.011 I/wpa_supplicant( 1769): AP:ssid[uos-visitor],rssi[-55],BSSID=9c:4e:20:c8:b0:f4
01-10 14:55:27.011 I/wpa_supplicant( 1769): AP:ssid[eduroam],rssi[-57],BSSID=9c:4e:20:c8:b0:f2
01-10 14:55:27.011 I/wpa_supplicant( 1769): AP:ssid[cs],rssi[-56],BSSID=9c:4e:20:c8:b0:f1
01-10 14:55:27.011 I/wpa_supplicant( 1769): AP:ssid[eduroam],rssi[-77],BSSID=9c:4e:20:c8:cc:52
01-10 14:55:27.011 I/wpa_supplicant( 1769): AP:ssid[cs],rssi[-78],BSSID=9c:4e:20:c8:cc:51
01-10 14:55:27.011 I/wpa_supplicant( 1769): AP:ssid[uos-visitor],rssi[-73],BSSID=9c:4e:20:c8:cc:54
01-10 14:55:27.011 I/wpa_supplicant( 1769): AP:ssid[BTOpenzone],rssi[-74],BSSID=9c:4e:20:c8:cc:50
01-10 14:55:27.011 I/wpa_supplicant( 1769): Received 3303 bytes of scan results (17 BSSes)
01-10 14:55:27.011 I/wpa_supplicant( 1769): wpa_driver_wext_get_scan_results---
01-10 14:55:27.031 I/wpa_supplicant( 1769): wpa_disabled_ssid_list_clear
01-10 14:55:27.031 V/WifiMonitor( 1574): Event [wpa_disabled_ssid_list_clear]
01-10 14:55:27.031 I/wpa_supplicant( 1769): No suitable AP found.
01-10 14:55:27.031 I/wpa_supplicant( 1769): CTRL-EVENT-STATE-CHANGE id=-1 state=1 BSSID=00:00:00:00:00:00
01-10 14:55:27.031 V/WifiMonitor( 1574): Event [CTRL-EVENT-STATE-CHANGE id=-1 state=1 BSSID=00:00:00:00:00:00]
01-10 14:55:27.051 D/WifiStateMachine( 1574): Changing supplicant state: SCANNING ==> INACTIVE
01-10 14:55:27.061 D/WifiStateMachine( 1574): setDetailed state, old =SCANNING and new state=IDLE
01-10 14:55:27.091 I/System.out( 2646): 17
01-10 14:55:27.171 I/wpa_supplicant( 1769): CTRL-EVENT-STATE-CHANGE id=-1 state=2 BSSID=00:00:00:00:00:00
01-10 14:55:27.171 V/WifiMonitor( 1574): Event [CTRL-EVENT-STATE-CHANGE id=-1 state=2 BSSID=00:00:00:00:00:00]
01-10 14:55:27.171 D/WifiStateMachine( 1574): Changing supplicant state: INACTIVE ==> SCANNING
01-10 14:55:27.171 D/WifiStateMachine( 1574): setDetailed state, old =IDLE and new state=SCANNING
01-10 14:55:27.231 D/dalvikvm( 2713): GC_CONCURRENT freed 446K, 10% free 6816K/7495K, paused 2ms+2ms
01-10 14:55:28.082 I/System.out( 2646): 17
01-10 14:55:28.302 I/wpa_supplicant( 1769): got scan complete
01-10 14:55:28.302 I/wpa_supplicant( 1769): wpa_supplicant_get_scan_results:return scan results2
01-10 14:55:28.302 I/wpa_supplicant( 1769): AP:ssid[BTBusinessHub-353],rssi[-89],BSSID=c0:83:0a:e0:12:d1
01-10 14:55:28.302 I/wpa_supplicant( 1769): AP:ssid[uos-visitor],rssi[-87],BSSID=9c:4e:20:c8:9e:74
01-10 14:55:28.302 I/wpa_supplicant( 1769): AP:ssid[eduroam],rssi[-87],BSSID=9c:4e:20:c8:9e:72
01-10 14:55:28.302 I/wpa_supplicant( 1769): AP:ssid[BTOpenzone],rssi[-86],BSSID=9c:4e:20:c8:9e:70
01-10 14:55:28.302 I/wpa_supplicant( 1769): AP:ssid[cs],rssi[-86],BSSID=9c:4e:20:c8:9e:71
01-10 14:55:28.302 I/wpa_supplicant( 1769): AP:ssid[uos-connect],rssi[-86],BSSID=9c:4e:20:c8:9e:73
01-10 14:55:28.302 I/wpa_supplicant( 1769): AP:ssid[eduroam],rssi[-56],BSSID=9c:4e:20:c8:b0:f2
01-10 14:55:28.302 I/wpa_supplicant( 1769): AP:ssid[hpsetup],rssi[-92],BSSID=c2:ce:46:d5:40:9c
01-10 14:55:28.302 I/wpa_supplicant( 1769): AP:ssid[BTOpenzone],rssi[-57],BSSID=9c:4e:20:c8:b0:f0
01-10 14:55:28.302 I/wpa_supplicant( 1769): AP:ssid[uos-visitor],rssi[-57],BSSID=9c:4e:20:c8:b0:f4
01-10 14:55:28.302 I/wpa_supplicant( 1769): AP:ssid[cs],rssi[-55],BSSID=9c:4e:20:c8:b0:f1
01-10 14:55:28.302 I/wpa_supplicant( 1769): AP:ssid[uos-connect],rssi[-57],BSSID=9c:4e:20:c8:b0:f3
01-10 14:55:28.302 I/wpa_supplicant( 1769): AP:ssid[eduroam],rssi[-72],BSSID=9c:4e:20:c8:cc:52
01-10 14:55:28.302 I/wpa_supplicant( 1769): AP:ssid[cs],rssi[-70],BSSID=9c:4e:20:c8:cc:51
01-10 14:55:28.302 I/wpa_supplicant( 1769): AP:ssid[uos-connect],rssi[-72],BSSID=9c:4e:20:c8:cc:53
01-10 14:55:28.302 I/wpa_supplicant( 1769): AP:ssid[BTOpenzone],rssi[-82],BSSID=9c:4e:20:c8:cc:50
01-10 14:55:28.302 I/wpa_supplicant( 1769): Received 3006 bytes of scan results (16 BSSes)
01-10 14:55:28.302 I/wpa_supplicant( 1769): wpa_driver_wext_get_scan_results---
01-10 14:55:28.312 I/wpa_supplicant( 1769): wpa_disabled_ssid_list_clear
01-10 14:55:28.312 V/WifiMonitor( 1574): Event [wpa_disabled_ssid_list_clear]
01-10 14:55:28.312 I/wpa_supplicant( 1769): No suitable AP found.
01-10 14:55:28.312 I/wpa_supplicant( 1769): CTRL-EVENT-STATE-CHANGE id=-1 state=1 BSSID=00:00:00:00:00:00
01-10 14:55:28.312 V/WifiMonitor( 1574): Event [CTRL-EVENT-STATE-CHANGE id=-1 state=1 BSSID=00:00:00:00:00:00]
01-10 14:55:28.332 D/WifiStateMachine( 1574): Changing supplicant state: SCANNING ==> INACTIVE
01-10 14:55:28.332 D/WifiStateMachine( 1574): setDetailed state, old =SCANNING and new state=IDLE
01-10 14:55:28.443 I/wpa_supplicant( 1769): CTRL-EVENT-STATE-CHANGE id=-1 state=2 BSSID=00:00:00:00:00:00
01-10 14:55:28.443 V/WifiMonitor( 1574): Event [CTRL-EVENT-STATE-CHANGE id=-1 state=2 BSSID=00:00:00:00:00:00]
01-10 14:55:28.443 D/WifiStateMachine( 1574): Changing supplicant state: INACTIVE ==> SCANNING
01-10 14:55:28.443 D/WifiStateMachine( 1574): setDetailed state, old =IDLE and new state=SCANNING
01-10 14:55:29.083 I/System.out( 2646): 16
01-10 14:55:29.584 I/wpa_supplicant( 1769): got scan complete
01-10 14:55:29.584 I/wpa_supplicant( 1769): wpa_supplicant_get_scan_results:return scan results2
01-10 14:55:29.584 I/wpa_supplicant( 1769): AP:ssid[BTOpenzone],rssi[-89],BSSID=c0:83:0a:e0:12:d4
01-10 14:55:29.584 I/wpa_supplicant( 1769): AP:ssid[BTBusinessHub-353],rssi[-89],BSSID=c0:83:0a:e0:12:d1
01-10 14:55:29.594 I/wpa_supplicant( 1769): AP:ssid[uos-visitor],rssi[-86],BSSID=9c:4e:20:c8:9e:74
01-10 14:55:29.594 I/wpa_supplicant( 1769): AP:ssid[cs],rssi[-86],BSSID=9c:4e:20:c8:9e:71
01-10 14:55:29.594 I/wpa_supplicant( 1769): AP:ssid[BTOpenzone],rssi[-86],BSSID=9c:4e:20:c8:9e:70
01-10 14:55:29.594 I/wpa_supplicant( 1769): AP:ssid[eduroam],rssi[-85],BSSID=9c:4e:20:c8:9e:72
01-10 14:55:29.594 I/wpa_supplicant( 1769): AP:ssid[uos-connect],rssi[-86],BSSID=9c:4e:20:c8:9e:73
01-10 14:55:29.594 I/wpa_supplicant( 1769): AP:ssid[cs],rssi[-56],BSSID=9c:4e:20:c8:b0:f1
01-10 14:55:29.594 I/wpa_supplicant( 1769): AP:ssid[eduroam],rssi[-56],BSSID=9c:4e:20:c8:b0:f2
01-10 14:55:29.594 I/wpa_supplicant( 1769): AP:ssid[uos-connect],rssi[-56],BSSID=9c:4e:20:c8:b0:f3
01-10 14:55:29.594 I/wpa_supplicant( 1769): AP:ssid[uos-visitor],rssi[-55],BSSID=9c:4e:20:c8:b0:f4
01-10 14:55:29.594 I/wpa_supplicant( 1769): AP:ssid[BTOpenzone],rssi[-55],BSSID=9c:4e:20:c8:b0:f0
01-10 14:55:29.594 I/wpa_supplicant( 1769): AP:ssid[uos-visitor],rssi[-83],BSSID=9c:4e:20:c8:cc:54
01-10 14:55:29.594 I/wpa_supplicant( 1769): AP:ssid[BTOpenzone],rssi[-75],BSSID=9c:4e:20:c8:cc:50
01-10 14:55:29.594 I/wpa_supplicant( 1769): AP:ssid[eduroam],rssi[-75],BSSID=9c:4e:20:c8:cc:52
01-10 14:55:29.594 I/wpa_supplicant( 1769): AP:ssid[cs],rssi[-83],BSSID=9c:4e:20:c8:cc:51
01-10 14:55:29.594 I/wpa_supplicant( 1769): Received 3103 bytes of scan results (16 BSSes)
01-10 14:55:29.594 I/wpa_supplicant( 1769): wpa_driver_wext_get_scan_results---
01-10 14:55:29.604 I/wpa_supplicant( 1769): wpa_disabled_ssid_list_clear
01-10 14:55:29.604 V/WifiMonitor( 1574): Event [wpa_disabled_ssid_list_clear]
01-10 14:55:29.604 I/wpa_supplicant( 1769): No suitable AP found.
01-10 14:55:29.604 I/wpa_supplicant( 1769): CTRL-EVENT-STATE-CHANGE id=-1 state=1 BSSID=00:00:00:00:00:00
01-10 14:55:29.604 V/WifiMonitor( 1574): Event [CTRL-EVENT-STATE-CHANGE id=-1 state=1 BSSID=00:00:00:00:00:00]
01-10 14:55:29.624 D/WifiStateMachine( 1574): Changing supplicant state: SCANNING ==> INACTIVE
01-10 14:55:29.624 D/WifiStateMachine( 1574): setDetailed state, old =SCANNING and new state=IDLE
01-10 14:55:29.684 D/dalvikvm( 2713): GC_CONCURRENT freed 446K, 10% free 6816K/7495K, paused 1ms+2ms
01-10 14:55:29.734 I/wpa_supplicant( 1769): CTRL-EVENT-STATE-CHANGE id=-1 state=2 BSSID=00:00:00:00:00:00
01-10 14:55:29.734 V/WifiMonitor( 1574): Event [CTRL-EVENT-STATE-CHANGE id=-1 state=2 BSSID=00:00:00:00:00:00]
01-10 14:55:29.734 D/WifiStateMachine( 1574): Changing supplicant state: INACTIVE ==> SCANNING
01-10 14:55:29.734 D/WifiStateMachine( 1574): setDetailed state, old =IDLE and new state=SCANNING
01-10 14:55:30.084 I/System.out( 2646): 16
01-10 14:55:30.875 I/wpa_supplicant( 1769): got scan complete
01-10 14:55:30.875 I/wpa_supplicant( 1769): wpa_supplicant_get_scan_results:return scan results2
01-10 14:55:30.875 I/wpa_supplicant( 1769): AP:ssid[BTOpenzone],rssi[-90],BSSID=c0:83:0a:e0:12:d4
01-10 14:55:30.875 I/wpa_supplicant( 1769): AP:ssid[uos-visitor],rssi[-86],BSSID=9c:4e:20:c8:9e:74
01-10 14:55:30.875 I/wpa_supplicant( 1769): AP:ssid[BTOpenzone],rssi[-85],BSSID=9c:4e:20:c8:9e:70
01-10 14:55:30.875 I/wpa_supplicant( 1769): AP:ssid[eduroam],rssi[-84],BSSID=9c:4e:20:c8:9e:72
01-10 14:55:30.875 I/wpa_supplicant( 1769): AP:ssid[uos-connect],rssi[-86],BSSID=9c:4e:20:c8:9e:73
01-10 14:55:30.875 I/wpa_supplicant( 1769): AP:ssid[cs],rssi[-86],BSSID=9c:4e:20:c8:9e:71
01-10 14:55:30.875 I/wpa_supplicant( 1769): AP:ssid[LD-Net],rssi[-90],BSSID=00:14:6c:fd:72:38
01-10 14:55:30.875 I/wpa_supplicant( 1769): AP:ssid[BTOpenzone],rssi[-63],BSSID=9c:4e:20:c8:b0:f0
01-10 14:55:30.875 I/wpa_supplicant( 1769): AP:ssid[uos-visitor],rssi[-55],BSSID=9c:4e:20:c8:b0:f4
01-10 14:55:30.875 I/wpa_supplicant( 1769): AP:ssid[eduroam],rssi[-56],BSSID=9c:4e:20:c8:b0:f2
01-10 14:55:30.875 I/wpa_supplicant( 1769): AP:ssid[cs],rssi[-55],BSSID=9c:4e:20:c8:b0:f1
01-10 14:55:30.875 I/wpa_supplicant( 1769): AP:ssid[uos-connect],rssi[-56],BSSID=9c:4e:20:c8:b0:f3
01-10 14:55:30.875 I/wpa_supplicant( 1769): AP:ssid[BTOpenzone],rssi[-76],BSSID=9c:4e:20:c8:cc:50
01-10 14:55:30.875 I/wpa_supplicant( 1769): AP:ssid[uos-visitor],rssi[-71],BSSID=9c:4e:20:c8:cc:54
01-10 14:55:30.875 I/wpa_supplicant( 1769): AP:ssid[cs],rssi[-71],BSSID=9c:4e:20:c8:cc:51
01-10 14:55:30.875 I/wpa_supplicant( 1769): AP:ssid[eduroam],rssi[-80],BSSID=9c:4e:20:c8:cc:52
01-10 14:55:30.875 I/wpa_supplicant( 1769): Received 3052 bytes of scan results (16 BSSes)
01-10 14:55:30.875 I/wpa_supplicant( 1769): wpa_driver_wext_get_scan_results---
01-10 14:55:30.885 I/wpa_supplicant( 1769): wpa_disabled_ssid_list_clear
01-10 14:55:30.885 V/WifiMonitor( 1574): Event [wpa_disabled_ssid_list_clear]
01-10 14:55:30.885 I/wpa_supplicant( 1769): No suitable AP found.
01-10 14:55:30.885 I/wpa_supplicant( 1769): CTRL-EVENT-STATE-CHANGE id=-1 state=1 BSSID=00:00:00:00:00:00
01-10 14:55:30.885 V/WifiMonitor( 1574): Event [CTRL-EVENT-STATE-CHANGE id=-1 state=1 BSSID=00:00:00:00:00:00]
01-10 14:55:30.915 D/WifiStateMachine( 1574): Changing supplicant state: SCANNING ==> INACTIVE
01-10 14:55:30.915 D/WifiStateMachine( 1574): setDetailed state, old =SCANNING and new state=IDLE
01-10 14:55:31.025 I/wpa_supplicant( 1769): CTRL-EVENT-STATE-CHANGE id=-1 state=2 BSSID=00:00:00:00:00:00
01-10 14:55:31.025 V/WifiMonitor( 1574): Event [CTRL-EVENT-STATE-CHANGE id=-1 state=2 BSSID=00:00:00:00:00:00]
01-10 14:55:31.025 D/WifiStateMachine( 1574): Changing supplicant state: INACTIVE ==> SCANNING
01-10 14:55:31.025 D/WifiStateMachine( 1574): setDetailed state, old =IDLE and new state=SCANNING
01-10 14:55:31.085 I/System.out( 2646): 16
01-10 14:55:31.135 D/dalvikvm( 2713): GC_CONCURRENT freed 446K, 10% free 6816K/7495K, paused 4ms+1ms
01-10 14:55:32.096 I/System.out( 2646): 16
01-10 14:55:32.156 I/wpa_supplicant( 1769): got scan complete
01-10 14:55:32.156 I/wpa_supplicant( 1769): wpa_supplicant_get_scan_results:return scan results2
01-10 14:55:32.156 I/wpa_supplicant( 1769): AP:ssid[BTBusinessHub-353],rssi[-90],BSSID=c0:83:0a:e0:12:d1
01-10 14:55:32.156 I/wpa_supplicant( 1769): AP:ssid[BTOpenzone],rssi[-89],BSSID=c0:83:0a:e0:12:d4
01-10 14:55:32.156 I/wpa_supplicant( 1769): AP:ssid[eduroam],rssi[-85],BSSID=9c:4e:20:c8:9e:72
01-10 14:55:32.156 I/wpa_supplicant( 1769): AP:ssid[cs],rssi[-85],BSSID=9c:4e:20:c8:9e:71
01-10 14:55:32.156 I/wpa_supplicant( 1769): AP:ssid[BTOpenzone],rssi[-86],BSSID=9c:4e:20:c8:9e:70
01-10 14:55:32.156 I/wpa_supplicant( 1769): AP:ssid[uos-visitor],rssi[-85],BSSID=9c:4e:20:c8:9e:74
01-10 14:55:32.156 I/wpa_supplicant( 1769): AP:ssid[uos-connect],rssi[-86],BSSID=9c:4e:20:c8:9e:73
01-10 14:55:32.156 I/wpa_supplicant( 1769): AP:ssid[LD-Net],rssi[-88],BSSID=00:14:6c:fd:72:38
01-10 14:55:32.156 I/wpa_supplicant( 1769): AP:ssid[hpsetup],rssi[-93],BSSID=c2:ce:46:d5:40:9c
01-10 14:55:32.156 I/wpa_supplicant( 1769): AP:ssid[uos-connect],rssi[-54],BSSID=9c:4e:20:c8:b0:f3
01-10 14:55:32.156 I/wpa_supplicant( 1769): AP:ssid[BTOpenzone],rssi[-55],BSSID=9c:4e:20:c8:b0:f0
01-10 14:55:32.156 I/wpa_supplicant( 1769): AP:ssid[uos-visitor],rssi[-57],BSSID=9c:4e:20:c8:b0:f4
01-10 14:55:32.156 I/wpa_supplicant( 1769): AP:ssid[eduroam],rssi[-54],BSSID=9c:4e:20:c8:b0:f2
01-10 14:55:32.156 I/wpa_supplicant( 1769): AP:ssid[cs],rssi[-57],BSSID=9c:4e:20:c8:b0:f1
01-10 14:55:32.156 I/wpa_supplicant( 1769): AP:ssid[],rssi[-91],BSSID=00:80:48:68:08:99
01-10 14:55:32.156 I/wpa_supplicant( 1769): AP:ssid[uos-visitor],rssi[-78],BSSID=9c:4e:20:c8:cc:54
01-10 14:55:32.156 I/wpa_supplicant( 1769): AP:ssid[uos-connect],rssi[-84],BSSID=9c:4e:20:c8:cc:53
01-10 14:55:32.156 I/wpa_supplicant( 1769): AP:ssid[BTOpenzone],rssi[-76],BSSID=9c:4e:20:c8:cc:50
01-10 14:55:32.156 I/wpa_supplicant( 1769): AP:ssid[cs],rssi[-76],BSSID=9c:4e:20:c8:cc:51
01-10 14:55:32.156 I/wpa_supplicant( 1769): Received 3548 bytes of scan results (19 BSSes)
01-10 14:55:32.156 I/wpa_supplicant( 1769): wpa_driver_wext_get_scan_results---
01-10 14:55:32.176 I/wpa_supplicant( 1769): wpa_disabled_ssid_list_clear
01-10 14:55:32.176 V/WifiMonitor( 1574): Event [wpa_disabled_ssid_list_clear]
01-10 14:55:32.186 I/wpa_supplicant( 1769): No suitable AP found.
01-10 14:55:32.186 I/wpa_supplicant( 1769): CTRL-EVENT-STATE-CHANGE id=-1 state=1 BSSID=00:00:00:00:00:00
01-10 14:55:32.186 V/WifiMonitor( 1574): Event [CTRL-EVENT-STATE-CHANGE id=-1 state=1 BSSID=00:00:00:00:00:00]
01-10 14:55:32.216 D/WifiStateMachine( 1574): Changing supplicant state: SCANNING ==> INACTIVE
01-10 14:55:32.216 D/WifiStateMachine( 1574): setDetailed state, old =SCANNING and new state=IDLE
01-10 14:55:32.316 I/wpa_supplicant( 1769): CTRL-EVENT-STATE-CHANGE id=-1 state=2 BSSID=00:00:00:00:00:00
01-10 14:55:32.316 V/WifiMonitor( 1574): Event [CTRL-EVENT-STATE-CHANGE id=-1 state=2 BSSID=00:00:00:00:00:00]
01-10 14:55:32.316 D/WifiStateMachine( 1574): Changing supplicant state: INACTIVE ==> SCANNING
01-10 14:55:32.316 D/WifiStateMachine( 1574): setDetailed state, old =IDLE and new state=SCANNING
01-10 14:55:33.097 I/System.out( 2646): 18
01-10 14:55:33.498 I/wpa_supplicant( 1769): got scan complete
01-10 14:55:33.498 I/wpa_supplicant( 1769): wpa_supplicant_get_scan_results:return scan results2
01-10 14:55:33.498 I/wpa_supplicant( 1769): AP:ssid[BTBusinessHub-353],rssi[-90],BSSID=c0:83:0a:e0:12:d1
01-10 14:55:33.498 I/wpa_supplicant( 1769): AP:ssid[BTOpenzone],rssi[-89],BSSID=c0:83:0a:e0:12:d4
01-10 14:55:33.498 I/wpa_supplicant( 1769): AP:ssid[uos-connect],rssi[-82],BSSID=9c:4e:20:c8:9e:73
01-10 14:55:33.498 I/wpa_supplicant( 1769): AP:ssid[BTOpenzone],rssi[-83],BSSID=9c:4e:20:c8:9e:70
01-10 14:55:33.498 I/wpa_supplicant( 1769): AP:ssid[uos-visitor],rssi[-82],BSSID=9c:4e:20:c8:9e:74
01-10 14:55:33.498 I/wpa_supplicant( 1769): AP:ssid[eduroam],rssi[-83],BSSID=9c:4e:20:c8:9e:72
01-10 14:55:33.498 I/wpa_supplicant( 1769): AP:ssid[cs],rssi[-83],BSSID=9c:4e:20:c8:9e:71
01-10 14:55:33.498 I/wpa_supplicant( 1769): AP:ssid[cs],rssi[-57],BSSID=9c:4e:20:c8:b0:f1
01-10 14:55:33.498 I/wpa_supplicant( 1769): AP:ssid[uos-connect],rssi[-55],BSSID=9c:4e:20:c8:b0:f3
01-10 14:55:33.498 I/wpa_supplicant( 1769): AP:ssid[LD-Net],rssi[-89],BSSID=00:14:6c:fd:72:38
01-10 14:55:33.498 I/wpa_supplicant( 1769): AP:ssid[BTOpenzone],rssi[-56],BSSID=9c:4e:20:c8:b0:f0
01-10 14:55:33.498 I/wpa_supplicant( 1769): AP:ssid[uos-visitor],rssi[-57],BSSID=9c:4e:20:c8:b0:f4
01-10 14:55:33.498 I/wpa_supplicant( 1769): AP:ssid[eduroam],rssi[-57],BSSID=9c:4e:20:c8:b0:f2
01-10 14:55:33.498 I/wpa_supplicant( 1769): AP:ssid[],rssi[-91],BSSID=00:80:48:68:08:99
01-10 14:55:33.498 I/wpa_supplicant( 1769): AP:ssid[uos-connect],rssi[-84],BSSID=9c:4e:20:c8:cc:53
01-10 14:55:33.498 I/wpa_supplicant( 1769): AP:ssid[BTOpenzone],rssi[-82],BSSID=9c:4e:20:c8:cc:50
01-10 14:55:33.498 I/wpa_supplicant( 1769): AP:ssid[cs],rssi[-76],BSSID=9c:4e:20:c8:cc:51
01-10 14:55:33.498 I/wpa_supplicant( 1769): AP:ssid[eduroam],rssi[-76],BSSID=9c:4e:20:c8:cc:52
01-10 14:55:33.498 I/wpa_supplicant( 1769): Received 3437 bytes of scan results (18 BSSes)
01-10 14:55:33.498 I/wpa_supplicant( 1769): wpa_driver_wext_get_scan_results---
01-10 14:55:33.508 I/wpa_supplicant( 1769): wpa_disabled_ssid_list_clear
01-10 14:55:33.518 V/WifiMonitor( 1574): Event [wpa_disabled_ssid_list_clear]
01-10 14:55:33.518 I/wpa_supplicant( 1769): No suitable AP found.
01-10 14:55:33.518 I/wpa_supplicant( 1769): CTRL-EVENT-STATE-CHANGE id=-1 state=1 BSSID=00:00:00:00:00:00
01-10 14:55:33.518 V/WifiMonitor( 1574): Event [CTRL-EVENT-STATE-CHANGE id=-1 state=1 BSSID=00:00:00:00:00:00]
01-10 14:55:33.538 D/WifiStateMachine( 1574): Changing supplicant state: SCANNING ==> INACTIVE
01-10 14:55:33.538 D/WifiStateMachine( 1574): setDetailed state, old =SCANNING and new state=IDLE
01-10 14:55:33.598 D/dalvikvm( 2713): GC_CONCURRENT freed 446K, 10% free 6816K/7495K, paused 1ms+1ms
01-10 14:55:33.648 I/wpa_supplicant( 1769): CTRL-EVENT-STATE-CHANGE id=-1 state=2 BSSID=00:00:00:00:00:00
01-10 14:55:33.648 V/WifiMonitor( 1574): Event [CTRL-EVENT-STATE-CHANGE id=-1 state=2 BSSID=00:00:00:00:00:00]
01-10 14:55:33.648 D/WifiStateMachine( 1574): Changing supplicant state: INACTIVE ==> SCANNING
01-10 14:55:33.648 D/WifiStateMachine( 1574): setDetailed state, old =IDLE and new state=SCANNING
01-10 14:55:34.098 I/System.out( 2646): 17
01-10 14:55:34.789 I/wpa_supplicant( 1769): got scan complete
01-10 14:55:34.789 I/wpa_supplicant( 1769): wpa_supplicant_get_scan_results:return scan results2
01-10 14:55:34.789 I/wpa_supplicant( 1769): AP:ssid[BTBusinessHub-353],rssi[-88],BSSID=c0:83:0a:e0:12:d1
01-10 14:55:34.789 I/wpa_supplicant( 1769): AP:ssid[uos-visitor],rssi[-84],BSSID=9c:4e:20:c8:9e:74
01-10 14:55:34.799 I/wpa_supplicant( 1769): AP:ssid[cs],rssi[-84],BSSID=9c:4e:20:c8:9e:71
01-10 14:55:34.799 I/wpa_supplicant( 1769): AP:ssid[uos-connect],rssi[-84],BSSID=9c:4e:20:c8:9e:73
01-10 14:55:34.799 I/wpa_supplicant( 1769): AP:ssid[BTOpenzone],rssi[-85],BSSID=9c:4e:20:c8:9e:70
01-10 14:55:34.799 I/wpa_supplicant( 1769): AP:ssid[eduroam],rssi[-84],BSSID=9c:4e:20:c8:9e:72
01-10 14:55:34.799 I/wpa_supplicant( 1769): AP:ssid[hpsetup],rssi[-91],BSSID=c2:ce:46:d5:40:9c
01-10 14:55:34.799 I/wpa_supplicant( 1769): AP:ssid[LD-Net],rssi[-89],BSSID=00:14:6c:fd:72:38
01-10 14:55:34.799 I/wpa_supplicant( 1769): AP:ssid[BTOpenzone],rssi[-55],BSSID=9c:4e:20:c8:b0:f0
01-10 14:55:34.799 I/wpa_supplicant( 1769): AP:ssid[uos-visitor],rssi[-56],BSSID=9c:4e:20:c8:b0:f4
01-10 14:55:34.799 I/wpa_supplicant( 1769): AP:ssid[eduroam],rssi[-57],BSSID=9c:4e:20:c8:b0:f2
01-10 14:55:34.799 I/wpa_supplicant( 1769): AP:ssid[cs],rssi[-56],BSSID=9c:4e:20:c8:b0:f1
01-10 14:55:34.799 I/wpa_supplicant( 1769): AP:ssid[uos-connect],rssi[-63],BSSID=9c:4e:20:c8:b0:f3
01-10 14:55:34.799 I/wpa_supplicant( 1769): AP:ssid[],rssi[-89],BSSID=00:80:48:68:08:99
01-10 14:55:34.799 I/wpa_supplicant( 1769): AP:ssid[cs],rssi[-78],BSSID=9c:4e:20:c8:cc:51
01-10 14:55:34.799 I/wpa_supplicant( 1769): AP:ssid[uos-connect],rssi[-77],BSSID=9c:4e:20:c8:cc:53
01-10 14:55:34.799 I/wpa_supplicant( 1769): AP:ssid[uos-visitor],rssi[-76],BSSID=9c:4e:20:c8:cc:54
01-10 14:55:34.799 I/wpa_supplicant( 1769): AP:ssid[eduroam],rssi[-83],BSSID=9c:4e:20:c8:cc:52
01-10 14:55:34.799 I/wpa_supplicant( 1769): Received 3401 bytes of scan results (18 BSSes)
01-10 14:55:34.799 I/wpa_supplicant( 1769): wpa_driver_wext_get_scan_results---
01-10 14:55:34.809 I/wpa_supplicant( 1769): wpa_disabled_ssid_list_clear
01-10 14:55:34.809 V/WifiMonitor( 1574): Event [wpa_disabled_ssid_list_clear]
01-10 14:55:34.809 I/wpa_supplicant( 1769): No suitable AP found.
01-10 14:55:34.809 I/wpa_supplicant( 1769): CTRL-EVENT-STATE-CHANGE id=-1 state=1 BSSID=00:00:00:00:00:00
01-10 14:55:34.809 V/WifiMonitor( 1574): Event [CTRL-EVENT-STATE-CHANGE id=-1 state=1 BSSID=00:00:00:00:00:00]
01-10 14:55:34.839 D/WifiStateMachine( 1574): Changing supplicant state: SCANNING ==> INACTIVE
01-10 14:55:34.839 D/WifiStateMachine( 1574): setDetailed state, old =SCANNING and new state=IDLE
01-10 14:55:34.939 I/wpa_supplicant( 1769): CTRL-EVENT-STATE-CHANGE id=-1 state=2 BSSID=00:00:00:00:00:00
01-10 14:55:34.939 V/WifiMonitor( 1574): Event [CTRL-EVENT-STATE-CHANGE id=-1 state=2 BSSID=00:00:00:00:00:00]
01-10 14:55:34.939 D/WifiStateMachine( 1574): Changing supplicant state: INACTIVE ==> SCANNING
01-10 14:55:34.939 D/WifiStateMachine( 1574): setDetailed state, old =IDLE and new state=SCANNING
01-10 14:55:35.019 D/dalvikvm( 2713): GC_CONCURRENT freed 446K, 10% free 6816K/7495K, paused 1ms+1ms
01-10 14:55:35.089 I/System.out( 2646): 17
01-10 14:55:36.080 I/wpa_supplicant( 1769): got scan complete
01-10 14:55:36.080 I/wpa_supplicant( 1769): wpa_supplicant_get_scan_results:return scan results2
01-10 14:55:36.080 I/wpa_supplicant( 1769): AP:ssid[BTBusinessHub-353],rssi[-89],BSSID=c0:83:0a:e0:12:d1
01-10 14:55:36.080 I/wpa_supplicant( 1769): AP:ssid[BTOpenzone],rssi[-88],BSSID=c0:83:0a:e0:12:d4
01-10 14:55:36.080 I/wpa_supplicant( 1769): AP:ssid[eduroam],rssi[-87],BSSID=9c:4e:20:c8:9e:72
01-10 14:55:36.080 I/wpa_supplicant( 1769): AP:ssid[uos-connect],rssi[-84],BSSID=9c:4e:20:c8:9e:73
01-10 14:55:36.080 I/wpa_supplicant( 1769): AP:ssid[BTOpenzone],rssi[-84],BSSID=9c:4e:20:c8:9e:70
01-10 14:55:36.080 I/wpa_supplicant( 1769): AP:ssid[uos-visitor],rssi[-86],BSSID=9c:4e:20:c8:9e:74
01-10 14:55:36.080 I/wpa_supplicant( 1769): AP:ssid[cs],rssi[-85],BSSID=9c:4e:20:c8:9e:71
01-10 14:55:36.080 I/wpa_supplicant( 1769): AP:ssid[LD-Net],rssi[-88],BSSID=00:14:6c:fd:72:38
01-10 14:55:36.080 I/wpa_supplicant( 1769): AP:ssid[cs],rssi[-57],BSSID=9c:4e:20:c8:b0:f1
01-10 14:55:36.080 I/wpa_supplicant( 1769): AP:ssid[uos-connect],rssi[-55],BSSID=9c:4e:20:c8:b0:f3
01-10 14:55:36.080 I/wpa_supplicant( 1769): AP:ssid[BTOpenzone],rssi[-57],BSSID=9c:4e:20:c8:b0:f0
01-10 14:55:36.080 I/wpa_supplicant( 1769): AP:ssid[uos-visitor],rssi[-56],BSSID=9c:4e:20:c8:b0:f4
01-10 14:55:36.080 I/wpa_supplicant( 1769): AP:ssid[eduroam],rssi[-55],BSSID=9c:4e:20:c8:b0:f2
01-10 14:55:36.080 I/wpa_supplicant( 1769): AP:ssid[uos-connect],rssi[-77],BSSID=9c:4e:20:c8:cc:53
01-10 14:55:36.080 I/wpa_supplicant( 1769): AP:ssid[BTOpenzone],rssi[-74],BSSID=9c:4e:20:c8:cc:50
