01-19 19:45:20.676 D/WifiStateMachine( 1574): setDetailed state, old =SCANNING and new state=IDLE
01-19 19:45:20.786 I/wpa_supplicant( 1755): CTRL-EVENT-STATE-CHANGE id=-1 state=2 BSSID=00:00:00:00:00:00
01-19 19:45:20.786 V/WifiMonitor( 1574): Event [CTRL-EVENT-STATE-CHANGE id=-1 state=2 BSSID=00:00:00:00:00:00]
01-19 19:45:20.786 D/WifiStateMachine( 1574): Changing supplicant state: INACTIVE ==> SCANNING
01-19 19:45:20.786 D/WifiStateMachine( 1574): setDetailed state, old =IDLE and new state=SCANNING
01-19 19:45:20.896 D/dalvikvm( 2757): GC_CONCURRENT freed 446K, 10% free 6836K/7559K, paused 3ms+4ms
01-19 19:45:21.156 I/System.out( 2748): 3
01-19 19:45:21.867 I/wpa_supplicant( 1755): got scan complete
01-19 19:45:21.867 I/wpa_supplicant( 1755): wpa_supplicant_get_scan_results:return scan results2
01-19 19:45:21.867 I/wpa_supplicant( 1755): AP:ssid[SKY3D82A],rssi[-72],BSSID=7c:4c:a5:86:c5:2d
01-19 19:45:21.867 I/wpa_supplicant( 1755): AP:ssid[SKY45D4A],rssi[-77],BSSID=4c:17:eb:c4:5d:4b
01-19 19:45:21.877 I/wpa_supplicant( 1755): AP:ssid[PlusnetWirelessD194EF],rssi[-93],BSSID=a4:b1:e9:d1:94:ef
01-19 19:45:21.877 I/wpa_supplicant( 1755): Received 1112 bytes of scan results (3 BSSes)
01-19 19:45:21.877 I/wpa_supplicant( 1755): wpa_driver_wext_get_scan_results---
01-19 19:45:21.877 I/wpa_supplicant( 1755): wpa_disabled_ssid_list_clear
01-19 19:45:21.877 V/WifiMonitor( 1574): Event [wpa_disabled_ssid_list_clear]
01-19 19:45:21.877 I/wpa_supplicant( 1755): No suitable AP found.
01-19 19:45:21.877 I/wpa_supplicant( 1755): CTRL-EVENT-STATE-CHANGE id=-1 state=1 BSSID=00:00:00:00:00:00
01-19 19:45:21.877 V/WifiMonitor( 1574): Event [CTRL-EVENT-STATE-CHANGE id=-1 state=1 BSSID=00:00:00:00:00:00]
01-19 19:45:21.887 D/WifiStateMachine( 1574): Changing supplicant state: SCANNING ==> INACTIVE
01-19 19:45:21.897 D/WifiStateMachine( 1574): setDetailed state, old =SCANNING and new state=IDLE
01-19 19:45:21.997 I/wpa_supplicant( 1755): CTRL-EVENT-STATE-CHANGE id=-1 state=2 BSSID=00:00:00:00:00:00
01-19 19:45:21.997 V/WifiMonitor( 1574): Event [CTRL-EVENT-STATE-CHANGE id=-1 state=2 BSSID=00:00:00:00:00:00]
01-19 19:45:21.997 D/WifiStateMachine( 1574): Changing supplicant state: INACTIVE ==> SCANNING
01-19 19:45:21.997 D/WifiStateMachine( 1574): setDetailed state, old =IDLE and new state=SCANNING
01-19 19:45:22.157 I/System.out( 2748): 3
01-19 19:45:22.377 D/UsbnetService( 1574): BroadcastReceiver::onReceive+
01-19 19:45:22.377 D/UsbnetService( 1574): onReceive BATTERY_CHANGED
01-19 19:45:22.377 D/UsbnetService( 1574):  --> pluggedType = 0, mPluggedType = 0, mScreenOff = false
01-19 19:45:22.377 D/UsbnetService( 1574): BroadcastReceiver::onReceive-
01-19 19:45:22.377 D/WifiService( 1574): ACTION_BATTERY_CHANGED pluggedType: 0
01-19 19:45:22.387 D/NotificationService( 1574): mIntentReceiver() Intent.ACTION_BATTERY_CHANGED
01-19 19:45:22.397 D/BatteryService( 1574): SendIntentforPowersaver
01-19 19:45:22.397 D/BatteryService( 1574): Current powersaver status == NORMAL_STATUS1 4 2 false
01-19 19:45:22.407 D/PowerUI ( 1648): plugged = false, health = 2, mBatteryLevel = 98, mPluggedBatteryLevel = 99, mLowBatteryWarningLevel2 = 25, mshowLowChargingWarning2 = true
01-19 19:45:22.417 D/RemoveMe( 1668): DCT got intent android.intent.action.BATTERY_CHANGED
01-19 19:45:22.417 D/RemoveMe( 1668): DCT got intent android.intent.action.BATTERY_CHANGED
01-19 19:45:22.417 D/RemoveMe( 1668): DCT got intent android.intent.action.BATTERY_CHANGED
01-19 19:45:23.088 I/wpa_supplicant( 1755): got scan complete
01-19 19:45:23.088 I/wpa_supplicant( 1755): wpa_supplicant_get_scan_results:return scan results2
01-19 19:45:23.088 I/wpa_supplicant( 1755): AP:ssid[SKY3D82A],rssi[-70],BSSID=7c:4c:a5:86:c5:2d
01-19 19:45:23.088 I/wpa_supplicant( 1755): AP:ssid[SKY45D4A],rssi[-78],BSSID=4c:17:eb:c4:5d:4b
01-19 19:45:23.088 I/wpa_supplicant( 1755): Received 712 bytes of scan results (2 BSSes)
01-19 19:45:23.088 I/wpa_supplicant( 1755): wpa_driver_wext_get_scan_results---
01-19 19:45:23.098 I/wpa_supplicant( 1755): wpa_disabled_ssid_list_clear
01-19 19:45:23.098 V/WifiMonitor( 1574): Event [wpa_disabled_ssid_list_clear]
01-19 19:45:23.098 I/wpa_supplicant( 1755): No suitable AP found.
01-19 19:45:23.098 I/wpa_supplicant( 1755): CTRL-EVENT-STATE-CHANGE id=-1 state=1 BSSID=00:00:00:00:00:00
01-19 19:45:23.098 V/WifiMonitor( 1574): Event [CTRL-EVENT-STATE-CHANGE id=-1 state=1 BSSID=00:00:00:00:00:00]
01-19 19:45:23.108 D/WifiStateMachine( 1574): Changing supplicant state: SCANNING ==> INACTIVE
01-19 19:45:23.108 D/WifiStateMachine( 1574): setDetailed state, old =SCANNING and new state=IDLE
01-19 19:45:23.158 I/System.out( 2748): 2
01-19 19:45:23.208 D/dalvikvm( 2757): GC_CONCURRENT freed 446K, 10% free 6836K/7559K, paused 1ms+1ms
01-19 19:45:23.218 I/wpa_supplicant( 1755): CTRL-EVENT-STATE-CHANGE id=-1 state=2 BSSID=00:00:00:00:00:00
01-19 19:45:23.218 V/WifiMonitor( 1574): Event [CTRL-EVENT-STATE-CHANGE id=-1 state=2 BSSID=00:00:00:00:00:00]
01-19 19:45:23.218 D/WifiStateMachine( 1574): Changing supplicant state: INACTIVE ==> SCANNING
01-19 19:45:23.218 D/WifiStateMachine( 1574): setDetailed state, old =IDLE and new state=SCANNING
01-19 19:45:24.159 I/System.out( 2748): 2
01-19 19:45:24.309 I/wpa_supplicant( 1755): got scan complete
01-19 19:45:24.309 I/wpa_supplicant( 1755): wpa_supplicant_get_scan_results:return scan results2
01-19 19:45:24.309 I/wpa_supplicant( 1755): AP:ssid[SKY3D82A],rssi[-73],BSSID=7c:4c:a5:86:c5:2d
01-19 19:45:24.309 I/wpa_supplicant( 1755): AP:ssid[SKY45D4A],rssi[-77],BSSID=4c:17:eb:c4:5d:4b
01-19 19:45:24.309 I/wpa_supplicant( 1755): AP:ssid[PlusnetWirelessD194EF],rssi[-90],BSSID=a4:b1:e9:d1:94:ef
01-19 19:45:24.309 I/wpa_supplicant( 1755): Received 1112 bytes of scan results (3 BSSes)
01-19 19:45:24.309 I/wpa_supplicant( 1755): wpa_driver_wext_get_scan_results---
01-19 19:45:24.319 I/wpa_supplicant( 1755): wpa_disabled_ssid_list_clear
01-19 19:45:24.319 V/WifiMonitor( 1574): Event [wpa_disabled_ssid_list_clear]
01-19 19:45:24.319 I/wpa_supplicant( 1755): No suitable AP found.
01-19 19:45:24.319 I/wpa_supplicant( 1755): CTRL-EVENT-STATE-CHANGE id=-1 state=1 BSSID=00:00:00:00:00:00
01-19 19:45:24.319 V/WifiMonitor( 1574): Event [CTRL-EVENT-STATE-CHANGE id=-1 state=1 BSSID=00:00:00:00:00:00]
01-19 19:45:24.339 D/WifiStateMachine( 1574): Changing supplicant state: SCANNING ==> INACTIVE
01-19 19:45:24.339 D/WifiStateMachine( 1574): setDetailed state, old =SCANNING and new state=IDLE
01-19 19:45:24.439 I/wpa_supplicant( 1755): CTRL-EVENT-STATE-CHANGE id=-1 state=2 BSSID=00:00:00:00:00:00
01-19 19:45:24.439 V/WifiMonitor( 1574): Event [CTRL-EVENT-STATE-CHANGE id=-1 state=2 BSSID=00:00:00:00:00:00]
01-19 19:45:24.439 D/WifiStateMachine( 1574): Changing supplicant state: INACTIVE ==> SCANNING
01-19 19:45:24.439 D/WifiStateMachine( 1574): setDetailed state, old =IDLE and new state=SCANNING
01-19 19:45:24.549 D/dalvikvm( 2757): GC_CONCURRENT freed 446K, 10% free 6836K/7559K, paused 3ms+2ms
01-19 19:45:25.160 I/System.out( 2748): 3
01-19 19:45:25.530 I/wpa_supplicant( 1755): got scan complete
01-19 19:45:25.530 I/wpa_supplicant( 1755): wpa_supplicant_get_scan_results:return scan results2
01-19 19:45:25.530 I/wpa_supplicant( 1755): AP:ssid[SKY3D82A],rssi[-71],BSSID=7c:4c:a5:86:c5:2d
01-19 19:45:25.530 I/wpa_supplicant( 1755): AP:ssid[SKY45D4A],rssi[-78],BSSID=4c:17:eb:c4:5d:4b
01-19 19:45:25.530 I/wpa_supplicant( 1755): Received 712 bytes of scan results (2 BSSes)
01-19 19:45:25.540 I/wpa_supplicant( 1755): wpa_driver_wext_get_scan_results---
01-19 19:45:25.540 I/wpa_supplicant( 1755): wpa_disabled_ssid_list_clear
01-19 19:45:25.540 V/WifiMonitor( 1574): Event [wpa_disabled_ssid_list_clear]
01-19 19:45:25.540 I/wpa_supplicant( 1755): No suitable AP found.
01-19 19:45:25.540 I/wpa_supplicant( 1755): CTRL-EVENT-STATE-CHANGE id=-1 state=1 BSSID=00:00:00:00:00:00
01-19 19:45:25.540 V/WifiMonitor( 1574): Event [CTRL-EVENT-STATE-CHANGE id=-1 state=1 BSSID=00:00:00:00:00:00]
01-19 19:45:25.550 D/WifiStateMachine( 1574): Changing supplicant state: SCANNING ==> INACTIVE
01-19 19:45:25.550 D/WifiStateMachine( 1574): setDetailed state, old =SCANNING and new state=IDLE
01-19 19:45:25.610 I/EventLogService( 1727): Aggregate from 1390158925533 (log), 1390158925533 (data)
01-19 19:45:25.660 I/wpa_supplicant( 1755): CTRL-EVENT-STATE-CHANGE id=-1 state=2 BSSID=00:00:00:00:00:00
01-19 19:45:25.660 V/WifiMonitor( 1574): Event [CTRL-EVENT-STATE-CHANGE id=-1 state=2 BSSID=00:00:00:00:00:00]
01-19 19:45:25.660 D/WifiStateMachine( 1574): Changing supplicant state: INACTIVE ==> SCANNING
01-19 19:45:25.660 D/WifiStateMachine( 1574): setDetailed state, old =IDLE and new state=SCANNING
01-19 19:45:26.161 I/System.out( 2748): 2
01-19 19:45:26.751 I/wpa_supplicant( 1755): got scan complete
01-19 19:45:26.751 I/wpa_supplicant( 1755): wpa_supplicant_get_scan_results:return scan results2
01-19 19:45:26.751 I/wpa_supplicant( 1755): AP:ssid[SKY3D82A],rssi[-74],BSSID=7c:4c:a5:86:c5:2d
01-19 19:45:26.751 I/wpa_supplicant( 1755): AP:ssid[SKY45D4A],rssi[-77],BSSID=4c:17:eb:c4:5d:4b
01-19 19:45:26.751 I/wpa_supplicant( 1755): AP:ssid[PlusnetWirelessD194EF],rssi[-95],BSSID=a4:b1:e9:d1:94:ef
01-19 19:45:26.751 I/wpa_supplicant( 1755): Received 1112 bytes of scan results (3 BSSes)
01-19 19:45:26.751 I/wpa_supplicant( 1755): wpa_driver_wext_get_scan_results---
01-19 19:45:26.751 I/wpa_supplicant( 1755): wpa_disabled_ssid_list_clear
01-19 19:45:26.751 V/WifiMonitor( 1574): Event [wpa_disabled_ssid_list_clear]
01-19 19:45:26.751 I/wpa_supplicant( 1755): No suitable AP found.
01-19 19:45:26.751 I/wpa_supplicant( 1755): CTRL-EVENT-STATE-CHANGE id=-1 state=1 BSSID=00:00:00:00:00:00
01-19 19:45:26.761 V/WifiMonitor( 1574): Event [CTRL-EVENT-STATE-CHANGE id=-1 state=1 BSSID=00:00:00:00:00:00]
01-19 19:45:26.771 D/WifiStateMachine( 1574): Changing supplicant state: SCANNING ==> INACTIVE
01-19 19:45:26.771 D/WifiStateMachine( 1574): setDetailed state, old =SCANNING and new state=IDLE
01-19 19:45:26.832 D/dalvikvm( 2757): GC_CONCURRENT freed 446K, 10% free 6836K/7559K, paused 1ms+1ms
01-19 19:45:26.872 I/wpa_supplicant( 1755): CTRL-EVENT-STATE-CHANGE id=-1 state=2 BSSID=00:00:00:00:00:00
01-19 19:45:26.872 V/WifiMonitor( 1574): Event [CTRL-EVENT-STATE-CHANGE id=-1 state=2 BSSID=00:00:00:00:00:00]
01-19 19:45:26.872 D/WifiStateMachine( 1574): Changing supplicant state: INACTIVE ==> SCANNING
01-19 19:45:26.872 D/WifiStateMachine( 1574): setDetailed state, old =IDLE and new state=SCANNING
01-19 19:45:27.162 I/System.out( 2748): 3
01-19 19:45:27.963 I/wpa_supplicant( 1755): got scan complete
01-19 19:45:27.963 I/wpa_supplicant( 1755): wpa_supplicant_get_scan_results:return scan results2
01-19 19:45:27.963 I/wpa_supplicant( 1755): AP:ssid[SKY3D82A],rssi[-73],BSSID=7c:4c:a5:86:c5:2d
01-19 19:45:27.963 I/wpa_supplicant( 1755): AP:ssid[SKY45D4A],rssi[-77],BSSID=4c:17:eb:c4:5d:4b
01-19 19:45:27.963 I/wpa_supplicant( 1755): AP:ssid[PlusnetWirelessD194EF],rssi[-94],BSSID=a4:b1:e9:d1:94:ef
01-19 19:45:27.963 I/wpa_supplicant( 1755): Received 983 bytes of scan results (3 BSSes)
01-19 19:45:27.963 I/wpa_supplicant( 1755): wpa_driver_wext_get_scan_results---
01-19 19:45:27.963 I/wpa_supplicant( 1755): wpa_disabled_ssid_list_clear
01-19 19:45:27.963 V/WifiMonitor( 1574): Event [wpa_disabled_ssid_list_clear]
01-19 19:45:27.963 I/wpa_supplicant( 1755): No suitable AP found.
01-19 19:45:27.963 I/wpa_supplicant( 1755): CTRL-EVENT-STATE-CHANGE id=-1 state=1 BSSID=00:00:00:00:00:00
01-19 19:45:27.963 V/WifiMonitor( 1574): Event [CTRL-EVENT-STATE-CHANGE id=-1 state=1 BSSID=00:00:00:00:00:00]
01-19 19:45:27.983 D/WifiStateMachine( 1574): Changing supplicant state: SCANNING ==> INACTIVE
01-19 19:45:27.983 D/WifiStateMachine( 1574): setDetailed state, old =SCANNING and new state=IDLE
01-19 19:45:28.093 I/wpa_supplicant( 1755): CTRL-EVENT-STATE-CHANGE id=-1 state=2 BSSID=00:00:00:00:00:00
01-19 19:45:28.093 V/WifiMonitor( 1574): Event [CTRL-EVENT-STATE-CHANGE id=-1 state=2 BSSID=00:00:00:00:00:00]
01-19 19:45:28.093 D/WifiStateMachine( 1574): Changing supplicant state: INACTIVE ==> SCANNING
01-19 19:45:28.093 D/WifiStateMachine( 1574): setDetailed state, old =IDLE and new state=SCANNING
01-19 19:45:28.153 I/System.out( 2748): 3
01-19 19:45:28.213 D/dalvikvm( 2757): GC_CONCURRENT freed 446K, 10% free 6836K/7559K, paused 8ms+4ms
01-19 19:45:29.164 I/System.out( 2748): 3
01-19 19:45:29.184 I/wpa_supplicant( 1755): got scan complete
01-19 19:45:29.184 I/wpa_supplicant( 1755): wpa_supplicant_get_scan_results:return scan results2
01-19 19:45:29.184 I/wpa_supplicant( 1755): AP:ssid[SKY3D82A],rssi[-74],BSSID=7c:4c:a5:86:c5:2d
01-19 19:45:29.184 I/wpa_supplicant( 1755): AP:ssid[SKY45D4A],rssi[-78],BSSID=4c:17:eb:c4:5d:4b
01-19 19:45:29.184 I/wpa_supplicant( 1755): AP:ssid[PlusnetWirelessD194EF],rssi[-93],BSSID=a4:b1:e9:d1:94:ef
01-19 19:45:29.184 I/wpa_supplicant( 1755): Received 1112 bytes of scan results (3 BSSes)
01-19 19:45:29.184 I/wpa_supplicant( 1755): wpa_driver_wext_get_scan_results---
01-19 19:45:29.184 I/wpa_supplicant( 1755): wpa_disabled_ssid_list_clear
01-19 19:45:29.184 V/WifiMonitor( 1574): Event [wpa_disabled_ssid_list_clear]
01-19 19:45:29.184 I/wpa_supplicant( 1755): No suitable AP found.
01-19 19:45:29.184 I/wpa_supplicant( 1755): CTRL-EVENT-STATE-CHANGE id=-1 state=1 BSSID=00:00:00:00:00:00
01-19 19:45:29.194 V/WifiMonitor( 1574): Event [CTRL-EVENT-STATE-CHANGE id=-1 state=1 BSSID=00:00:00:00:00:00]
01-19 19:45:29.204 D/WifiStateMachine( 1574): Changing supplicant state: SCANNING ==> INACTIVE
01-19 19:45:29.204 D/WifiStateMachine( 1574): setDetailed state, old =SCANNING and new state=IDLE
01-19 19:45:29.314 I/wpa_supplicant( 1755): CTRL-EVENT-STATE-CHANGE id=-1 state=2 BSSID=00:00:00:00:00:00
01-19 19:45:29.314 V/WifiMonitor( 1574): Event [CTRL-EVENT-STATE-CHANGE id=-1 state=2 BSSID=00:00:00:00:00:00]
01-19 19:45:29.314 D/WifiStateMachine( 1574): Changing supplicant state: INACTIVE ==> SCANNING
01-19 19:45:29.314 D/WifiStateMachine( 1574): setDetailed state, old =IDLE and new state=SCANNING
01-19 19:45:30.165 I/System.out( 2748): 3
01-19 19:45:30.405 I/wpa_supplicant( 1755): got scan complete
01-19 19:45:30.405 I/wpa_supplicant( 1755): wpa_supplicant_get_scan_results:return scan results2
01-19 19:45:30.405 I/wpa_supplicant( 1755): AP:ssid[SKY3D82A],rssi[-71],BSSID=7c:4c:a5:86:c5:2d
01-19 19:45:30.405 I/wpa_supplicant( 1755): AP:ssid[SKY45D4A],rssi[-77],BSSID=4c:17:eb:c4:5d:4b
01-19 19:45:30.405 I/wpa_supplicant( 1755): Received 712 bytes of scan results (2 BSSes)
01-19 19:45:30.405 I/wpa_supplicant( 1755): wpa_driver_wext_get_scan_results---
01-19 19:45:30.405 I/wpa_supplicant( 1755): wpa_disabled_ssid_list_clear
01-19 19:45:30.405 V/WifiMonitor( 1574): Event [wpa_disabled_ssid_list_clear]
01-19 19:45:30.405 I/wpa_supplicant( 1755): No suitable AP found.
01-19 19:45:30.405 I/wpa_supplicant( 1755): CTRL-EVENT-STATE-CHANGE id=-1 state=1 BSSID=00:00:00:00:00:00
01-19 19:45:30.405 V/WifiMonitor( 1574): Event [CTRL-EVENT-STATE-CHANGE id=-1 state=1 BSSID=00:00:00:00:00:00]
01-19 19:45:30.405 D/WifiStateMachine( 1574): Changing supplicant state: SCANNING ==> INACTIVE
01-19 19:45:30.405 D/WifiStateMachine( 1574): setDetailed state, old =SCANNING and new state=IDLE
01-19 19:45:30.475 D/dalvikvm( 2757): GC_CONCURRENT freed 446K, 10% free 6836K/7559K, paused 2ms+2ms
01-19 19:45:30.525 I/wpa_supplicant( 1755): CTRL-EVENT-STATE-CHANGE id=-1 state=2 BSSID=00:00:00:00:00:00
01-19 19:45:30.525 V/WifiMonitor( 1574): Event [CTRL-EVENT-STATE-CHANGE id=-1 state=2 BSSID=00:00:00:00:00:00]
01-19 19:45:30.525 D/WifiStateMachine( 1574): Changing supplicant state: INACTIVE ==> SCANNING
01-19 19:45:30.525 D/WifiStateMachine( 1574): setDetailed state, old =IDLE and new state=SCANNING
01-19 19:45:31.156 I/System.out( 2748): 2
01-19 19:45:31.606 I/wpa_supplicant( 1755): got scan complete
01-19 19:45:31.606 I/wpa_supplicant( 1755): wpa_supplicant_get_scan_results:return scan results2
01-19 19:45:31.606 I/wpa_supplicant( 1755): AP:ssid[SKY3D82A],rssi[-72],BSSID=7c:4c:a5:86:c5:2d
01-19 19:45:31.606 I/wpa_supplicant( 1755): AP:ssid[SKY45D4A],rssi[-76],BSSID=4c:17:eb:c4:5d:4b
01-19 19:45:31.606 I/wpa_supplicant( 1755): AP:ssid[PlusnetWirelessD194EF],rssi[-91],BSSID=a4:b1:e9:d1:94:ef
01-19 19:45:31.616 I/wpa_supplicant( 1755): Received 1112 bytes of scan results (3 BSSes)
01-19 19:45:31.616 I/wpa_supplicant( 1755): wpa_driver_wext_get_scan_results---
01-19 19:45:31.616 I/wpa_supplicant( 1755): wpa_disabled_ssid_list_clear
01-19 19:45:31.616 V/WifiMonitor( 1574): Event [wpa_disabled_ssid_list_clear]
01-19 19:45:31.616 I/wpa_supplicant( 1755): No suitable AP found.
01-19 19:45:31.616 I/wpa_supplicant( 1755): CTRL-EVENT-STATE-CHANGE id=-1 state=1 BSSID=00:00:00:00:00:00
01-19 19:45:31.616 V/WifiMonitor( 1574): Event [CTRL-EVENT-STATE-CHANGE id=-1 state=1 BSSID=00:00:00:00:00:00]
01-19 19:45:31.636 D/WifiStateMachine( 1574): Changing supplicant state: SCANNING ==> INACTIVE
01-19 19:45:31.636 D/WifiStateMachine( 1574): setDetailed state, old =SCANNING and new state=IDLE
01-19 19:45:31.746 I/wpa_supplicant( 1755): CTRL-EVENT-STATE-CHANGE id=-1 state=2 BSSID=00:00:00:00:00:00
01-19 19:45:31.746 V/WifiMonitor( 1574): Event [CTRL-EVENT-STATE-CHANGE id=-1 state=2 BSSID=00:00:00:00:00:00]
01-19 19:45:31.746 D/WifiStateMachine( 1574): Changing supplicant state: INACTIVE ==> SCANNING
01-19 19:45:31.746 D/WifiStateMachine( 1574): setDetailed state, old =IDLE and new state=SCANNING
01-19 19:45:31.776 D/dalvikvm( 2757): GC_CONCURRENT freed 446K, 10% free 6836K/7559K, paused 1ms+1ms
01-19 19:45:32.157 I/System.out( 2748): 3
01-19 19:45:32.827 I/wpa_supplicant( 1755): got scan complete
01-19 19:45:32.827 I/wpa_supplicant( 1755): wpa_supplicant_get_scan_results:return scan results2
01-19 19:45:32.827 I/wpa_supplicant( 1755): AP:ssid[SKY3D82A],rssi[-74],BSSID=7c:4c:a5:86:c5:2d
01-19 19:45:32.827 I/wpa_supplicant( 1755): AP:ssid[SKY45D4A],rssi[-77],BSSID=4c:17:eb:c4:5d:4b
01-19 19:45:32.827 I/wpa_supplicant( 1755): AP:ssid[PlusnetWirelessD194EF],rssi[-92],BSSID=a4:b1:e9:d1:94:ef
01-19 19:45:32.837 I/wpa_supplicant( 1755): Received 1112 bytes of scan results (3 BSSes)
01-19 19:45:32.837 I/wpa_supplicant( 1755): wpa_driver_wext_get_scan_results---
01-19 19:45:32.837 I/wpa_supplicant( 1755): wpa_disabled_ssid_list_clear
01-19 19:45:32.837 V/WifiMonitor( 1574): Event [wpa_disabled_ssid_list_clear]
01-19 19:45:32.837 I/wpa_supplicant( 1755): No suitable AP found.
01-19 19:45:32.837 I/wpa_supplicant( 1755): CTRL-EVENT-STATE-CHANGE id=-1 state=1 BSSID=00:00:00:00:00:00
01-19 19:45:32.837 V/WifiMonitor( 1574): Event [CTRL-EVENT-STATE-CHANGE id=-1 state=1 BSSID=00:00:00:00:00:00]
01-19 19:45:32.847 D/WifiStateMachine( 1574): Changing supplicant state: SCANNING ==> INACTIVE
01-19 19:45:32.847 D/WifiStateMachine( 1574): setDetailed state, old =SCANNING and new state=IDLE
01-19 19:45:32.957 I/wpa_supplicant( 1755): CTRL-EVENT-STATE-CHANGE id=-1 state=2 BSSID=00:00:00:00:00:00
01-19 19:45:32.957 V/WifiMonitor( 1574): Event [CTRL-EVENT-STATE-CHANGE id=-1 state=2 BSSID=00:00:00:00:00:00]
01-19 19:45:32.957 D/WifiStateMachine( 1574): Changing supplicant state: INACTIVE ==> SCANNING
01-19 19:45:32.957 D/WifiStateMachine( 1574): setDetailed state, old =IDLE and new state=SCANNING
01-19 19:45:33.158 I/System.out( 2748): 3
01-19 19:45:34.049 I/wpa_supplicant( 1755): got scan complete
01-19 19:45:34.049 I/wpa_supplicant( 1755): wpa_supplicant_get_scan_results:return scan results2
01-19 19:45:34.049 I/wpa_supplicant( 1755): AP:ssid[SKY3D82A],rssi[-73],BSSID=7c:4c:a5:86:c5:2d
01-19 19:45:34.049 I/wpa_supplicant( 1755): AP:ssid[SKY45D4A],rssi[-78],BSSID=4c:17:eb:c4:5d:4b
01-19 19:45:34.049 I/wpa_supplicant( 1755): AP:ssid[PlusnetWirelessD194EF],rssi[-92],BSSID=a4:b1:e9:d1:94:ef
01-19 19:45:34.049 I/wpa_supplicant( 1755): Received 1112 bytes of scan results (3 BSSes)
01-19 19:45:34.049 I/wpa_supplicant( 1755): wpa_driver_wext_get_scan_results---
01-19 19:45:34.049 I/wpa_supplicant( 1755): wpa_disabled_ssid_list_clear
01-19 19:45:34.059 V/WifiMonitor( 1574): Event [wpa_disabled_ssid_list_clear]
01-19 19:45:34.059 I/wpa_supplicant( 1755): No suitable AP found.
01-19 19:45:34.059 I/wpa_supplicant( 1755): CTRL-EVENT-STATE-CHANGE id=-1 state=1 BSSID=00:00:00:00:00:00
01-19 19:45:34.059 V/WifiMonitor( 1574): Event [CTRL-EVENT-STATE-CHANGE id=-1 state=1 BSSID=00:00:00:00:00:00]
01-19 19:45:34.069 D/WifiStateMachine( 1574): Changing supplicant state: SCANNING ==> INACTIVE
01-19 19:45:34.069 D/WifiStateMachine( 1574): setDetailed state, old =SCANNING and new state=IDLE
01-19 19:45:34.139 D/dalvikvm( 2757): GC_CONCURRENT freed 446K, 10% free 6836K/7559K, paused 1ms+1ms
01-19 19:45:34.159 I/System.out( 2748): 3
01-19 19:45:34.169 I/wpa_supplicant( 1755): CTRL-EVENT-STATE-CHANGE id=-1 state=2 BSSID=00:00:00:00:00:00
01-19 19:45:34.169 V/WifiMonitor( 1574): Event [CTRL-EVENT-STATE-CHANGE id=-1 state=2 BSSID=00:00:00:00:00:00]
01-19 19:45:34.169 D/WifiStateMachine( 1574): Changing supplicant state: INACTIVE ==> SCANNING
01-19 19:45:34.169 D/WifiStateMachine( 1574): setDetailed state, old =IDLE and new state=SCANNING
01-19 19:45:35.160 I/System.out( 2748): 3
01-19 19:45:35.270 I/wpa_supplicant( 1755): got scan complete
01-19 19:45:35.270 I/wpa_supplicant( 1755): wpa_supplicant_get_scan_results:return scan results2
01-19 19:45:35.270 I/wpa_supplicant( 1755): AP:ssid[SKY3D82A],rssi[-73],BSSID=7c:4c:a5:86:c5:2d
01-19 19:45:35.270 I/wpa_supplicant( 1755): AP:ssid[SKY45D4A],rssi[-78],BSSID=4c:17:eb:c4:5d:4b
01-19 19:45:35.270 I/wpa_supplicant( 1755): Received 712 bytes of scan results (2 BSSes)
01-19 19:45:35.270 I/wpa_supplicant( 1755): wpa_driver_wext_get_scan_results---
01-19 19:45:35.280 I/wpa_supplicant( 1755): wpa_disabled_ssid_list_clear
01-19 19:45:35.280 V/WifiMonitor( 1574): Event [wpa_disabled_ssid_list_clear]
01-19 19:45:35.280 I/wpa_supplicant( 1755): No suitable AP found.
01-19 19:45:35.280 I/wpa_supplicant( 1755): CTRL-EVENT-STATE-CHANGE id=-1 state=1 BSSID=00:00:00:00:00:00
01-19 19:45:35.280 V/WifiMonitor( 1574): Event [CTRL-EVENT-STATE-CHANGE id=-1 state=1 BSSID=00:00:00:00:00:00]
01-19 19:45:35.290 D/WifiStateMachine( 1574): Changing supplicant state: SCANNING ==> INACTIVE
01-19 19:45:35.290 D/WifiStateMachine( 1574): setDetailed state, old =SCANNING and new state=IDLE
01-19 19:45:35.410 I/wpa_supplicant( 1755): CTRL-EVENT-STATE-CHANGE id=-1 state=2 BSSID=00:00:00:00:00:00
01-19 19:45:35.410 V/WifiMonitor( 1574): Event [CTRL-EVENT-STATE-CHANGE id=-1 state=2 BSSID=00:00:00:00:00:00]
01-19 19:45:35.410 D/WifiStateMachine( 1574): Changing supplicant state: INACTIVE ==> SCANNING
01-19 19:45:35.410 D/WifiStateMachine( 1574): setDetailed state, old =IDLE and new state=SCANNING
01-19 19:45:35.450 D/dalvikvm( 2757): GC_CONCURRENT freed 446K, 10% free 6836K/7559K, paused 2ms+1ms
01-19 19:45:36.161 I/System.out( 2748): 2
01-19 19:45:36.491 I/wpa_supplicant( 1755): got scan complete
01-19 19:45:36.491 I/wpa_supplicant( 1755): wpa_supplicant_get_scan_results:return scan results2
01-19 19:45:36.501 I/wpa_supplicant( 1755): AP:ssid[SKY3D82A],rssi[-73],BSSID=7c:4c:a5:86:c5:2d
01-19 19:45:36.501 I/wpa_supplicant( 1755): AP:ssid[SKY45D4A],rssi[-76],BSSID=4c:17:eb:c4:5d:4b
01-19 19:45:36.501 I/wpa_supplicant( 1755): AP:ssid[PlusnetWirelessD194EF],rssi[-93],BSSID=a4:b1:e9:d1:94:ef
01-19 19:45:36.501 I/wpa_supplicant( 1755): Received 1112 bytes of scan results (3 BSSes)
01-19 19:45:36.501 I/wpa_supplicant( 1755): wpa_driver_wext_get_scan_results---
01-19 19:45:36.501 I/wpa_supplicant( 1755): wpa_disabled_ssid_list_clear
01-19 19:45:36.501 V/WifiMonitor( 1574): Event [wpa_disabled_ssid_list_clear]
01-19 19:45:36.501 I/wpa_supplicant( 1755): No suitable AP found.
01-19 19:45:36.501 I/wpa_supplicant( 1755): CTRL-EVENT-STATE-CHANGE id=-1 state=1 BSSID=00:00:00:00:00:00
01-19 19:45:36.501 V/WifiMonitor( 1574): Event [CTRL-EVENT-STATE-CHANGE id=-1 state=1 BSSID=00:00:00:00:00:00]
01-19 19:45:36.521 D/WifiStateMachine( 1574): Changing supplicant state: SCANNING ==> INACTIVE
01-19 19:45:36.521 D/WifiStateMachine( 1574): setDetailed state, old =SCANNING and new state=IDLE
01-19 19:45:36.631 I/wpa_supplicant( 1755): CTRL-EVENT-STATE-CHANGE id=-1 state=2 BSSID=00:00:00:00:00:00
01-19 19:45:36.631 V/WifiMonitor( 1574): Event [CTRL-EVENT-STATE-CHANGE id=-1 state=2 BSSID=00:00:00:00:00:00]
01-19 19:45:36.631 D/WifiStateMachine( 1574): Changing supplicant state: INACTIVE ==> SCANNING
01-19 19:45:36.631 D/WifiStateMachine( 1574): setDetailed state, old =IDLE and new state=SCANNING
01-19 19:45:37.162 I/System.out( 2748): 3
01-19 19:45:37.712 I/wpa_supplicant( 1755): got scan complete
01-19 19:45:37.712 I/wpa_supplicant( 1755): wpa_supplicant_get_scan_results:return scan results2
01-19 19:45:37.712 I/wpa_supplicant( 1755): AP:ssid[SKY3D82A],rssi[-71],BSSID=7c:4c:a5:86:c5:2d
01-19 19:45:37.712 I/wpa_supplicant( 1755): AP:ssid[SKY45D4A],rssi[-78],BSSID=4c:17:eb:c4:5d:4b
01-19 19:45:37.712 I/wpa_supplicant( 1755): AP:ssid[PlusnetWirelessD194EF],rssi[-92],BSSID=a4:b1:e9:d1:94:ef
01-19 19:45:37.712 I/wpa_supplicant( 1755): Received 1112 bytes of scan results (3 BSSes)
01-19 19:45:37.712 I/wpa_supplicant( 1755): wpa_driver_wext_get_scan_results---
01-19 19:45:37.712 I/wpa_supplicant( 1755): wpa_disabled_ssid_list_clear
01-19 19:45:37.712 V/WifiMonitor( 1574): Event [wpa_disabled_ssid_list_clear]
01-19 19:45:37.712 I/wpa_supplicant( 1755): No suitable AP found.
01-19 19:45:37.712 I/wpa_supplicant( 1755): CTRL-EVENT-STATE-CHANGE id=-1 state=1 BSSID=00:00:00:00:00:00
01-19 19:45:37.722 V/WifiMonitor( 1574): Event [CTRL-EVENT-STATE-CHANGE id=-1 state=1 BSSID=00:00:00:00:00:00]
01-19 19:45:37.732 D/WifiStateMachine( 1574): Changing supplicant state: SCANNING ==> INACTIVE
01-19 19:45:37.732 D/WifiStateMachine( 1574): setDetailed state, old =SCANNING and new state=IDLE
01-19 19:45:37.792 D/dalvikvm( 2757): GC_CONCURRENT freed 446K, 10% free 6836K/7559K, paused 1ms+2ms
01-19 19:45:37.842 I/wpa_supplicant( 1755): CTRL-EVENT-STATE-CHANGE id=-1 state=2 BSSID=00:00:00:00:00:00
01-19 19:45:37.842 V/WifiMonitor( 1574): Event [CTRL-EVENT-STATE-CHANGE id=-1 state=2 BSSID=00:00:00:00:00:00]
01-19 19:45:37.842 D/WifiStateMachine( 1574): Changing supplicant state: INACTIVE ==> SCANNING
01-19 19:45:37.842 D/WifiStateMachine( 1574): setDetailed state, old =IDLE and new state=SCANNING
01-19 19:45:38.163 I/System.out( 2748): 3
01-19 19:45:38.933 I/wpa_supplicant( 1755): got scan complete
01-19 19:45:38.933 I/wpa_supplicant( 1755): wpa_supplicant_get_scan_results:return scan results2
01-19 19:45:38.933 I/wpa_supplicant( 1755): AP:ssid[SKY3D82A],rssi[-74],BSSID=7c:4c:a5:86:c5:2d
01-19 19:45:38.933 I/wpa_supplicant( 1755): AP:ssid[SKY45D4A],rssi[-79],BSSID=4c:17:eb:c4:5d:4b
01-19 19:45:38.933 I/wpa_supplicant( 1755): AP:ssid[PlusnetWirelessD194EF],rssi[-91],BSSID=a4:b1:e9:d1:94:ef
01-19 19:45:38.933 I/wpa_supplicant( 1755): Received 1112 bytes of scan results (3 BSSes)
01-19 19:45:38.933 I/wpa_supplicant( 1755): wpa_driver_wext_get_scan_results---
01-19 19:45:38.933 I/wpa_supplicant( 1755): wpa_disabled_ssid_list_clear
01-19 19:45:38.933 V/WifiMonitor( 1574): Event [wpa_disabled_ssid_list_clear]
01-19 19:45:38.943 I/wpa_supplicant( 1755): No suitable AP found.
01-19 19:45:38.943 I/wpa_supplicant( 1755): CTRL-EVENT-STATE-CHANGE id=-1 state=1 BSSID=00:00:00:00:00:00
01-19 19:45:38.943 V/WifiMonitor( 1574): Event [CTRL-EVENT-STATE-CHANGE id=-1 state=1 BSSID=00:00:00:00:00:00]
01-19 19:45:38.953 D/WifiStateMachine( 1574): Changing supplicant state: SCANNING ==> INACTIVE
01-19 19:45:38.953 D/WifiStateMachine( 1574): setDetailed state, old =SCANNING and new state=IDLE
01-19 19:45:39.073 I/wpa_supplicant( 1755): CTRL-EVENT-STATE-CHANGE id=-1 state=2 BSSID=00:00:00:00:00:00
01-19 19:45:39.073 V/WifiMonitor( 1574): Event [CTRL-EVENT-STATE-CHANGE id=-1 state=2 BSSID=00:00:00:00:00:00]
01-19 19:45:39.073 D/WifiStateMachine( 1574): Changing supplicant state: INACTIVE ==> SCANNING
01-19 19:45:39.073 D/WifiStateMachine( 1574): setDetailed state, old =IDLE and new state=SCANNING
01-19 19:45:39.154 I/System.out( 2748): 3
01-19 19:45:39.174 D/dalvikvm( 2757): GC_CONCURRENT freed 446K, 10% free 6836K/7559K, paused 3ms+4ms
01-19 19:45:40.155 I/wpa_supplicant( 1755): got scan complete
01-19 19:45:40.155 I/wpa_supplicant( 1755): wpa_supplicant_get_scan_results:return scan results2
01-19 19:45:40.155 I/wpa_supplicant( 1755): AP:ssid[SKY3D82A],rssi[-75],BSSID=7c:4c:a5:86:c5:2d
01-19 19:45:40.155 I/wpa_supplicant( 1755): AP:ssid[SKY45D4A],rssi[-78],BSSID=4c:17:eb:c4:5d:4b
01-19 19:45:40.155 I/wpa_supplicant( 1755): AP:ssid[PlusnetWirelessD194EF],rssi[-92],BSSID=a4:b1:e9:d1:94:ef
01-19 19:45:40.155 I/wpa_supplicant( 1755): Received 1112 bytes of scan results (3 BSSes)
01-19 19:45:40.155 I/System.out( 2748): 3
01-19 19:45:40.165 I/wpa_supplicant( 1755): wpa_driver_wext_get_scan_results---
01-19 19:45:40.165 I/wpa_supplicant( 1755): wpa_disabled_ssid_list_clear
01-19 19:45:40.165 V/WifiMonitor( 1574): Event [wpa_disabled_ssid_list_clear]
01-19 19:45:40.165 I/wpa_supplicant( 1755): No suitable AP found.
01-19 19:45:40.165 I/wpa_supplicant( 1755): CTRL-EVENT-STATE-CHANGE id=-1 state=1 BSSID=00:00:00:00:00:00
01-19 19:45:40.175 V/WifiMonitor( 1574): Event [CTRL-EVENT-STATE-CHANGE id=-1 state=1 BSSID=00:00:00:00:00:00]
01-19 19:45:40.185 D/WifiStateMachine( 1574): Changing supplicant state: SCANNING ==> INACTIVE
01-19 19:45:40.185 D/WifiStateMachine( 1574): setDetailed state, old =SCANNING and new state=IDLE
01-19 19:45:40.295 I/wpa_supplicant( 1755): CTRL-EVENT-STATE-CHANGE id=-1 state=2 BSSID=00:00:00:00:00:00
01-19 19:45:40.295 V/WifiMonitor( 1574): Event [CTRL-EVENT-STATE-CHANGE id=-1 state=2 BSSID=00:00:00:00:00:00]
01-19 19:45:40.295 D/WifiStateMachine( 1574): Changing supplicant state: INACTIVE ==> SCANNING
01-19 19:45:40.295 D/WifiStateMachine( 1574): setDetailed state, old =IDLE and new state=SCANNING
01-19 19:45:41.165 I/System.out( 2748): 3
01-19 19:45:41.396 I/wpa_supplicant( 1755): got scan complete
01-19 19:45:41.396 I/wpa_supplicant( 1755): wpa_supplicant_get_scan_results:return scan results2
01-19 19:45:41.396 I/wpa_supplicant( 1755): AP:ssid[SKY3D82A],rssi[-74],BSSID=7c:4c:a5:86:c5:2d
01-19 19:45:41.396 I/wpa_supplicant( 1755): AP:ssid[SKY45D4A],rssi[-78],BSSID=4c:17:eb:c4:5d:4b
01-19 19:45:41.396 I/wpa_supplicant( 1755): AP:ssid[PlusnetWirelessD194EF],rssi[-92],BSSID=a4:b1:e9:d1:94:ef
01-19 19:45:41.396 I/wpa_supplicant( 1755): Received 1112 bytes of scan results (3 BSSes)
01-19 19:45:41.396 I/wpa_supplicant( 1755): wpa_driver_wext_get_scan_results---
01-19 19:45:41.396 I/wpa_supplicant( 1755): wpa_disabled_ssid_list_clear
01-19 19:45:41.396 V/WifiMonitor( 1574): Event [wpa_disabled_ssid_list_clear]
01-19 19:45:41.396 I/wpa_supplicant( 1755): No suitable AP found.
01-19 19:45:41.396 I/wpa_supplicant( 1755): CTRL-EVENT-STATE-CHANGE id=-1 state=1 BSSID=00:00:00:00:00:00
01-19 19:45:41.396 V/WifiMonitor( 1574): Event [CTRL-EVENT-STATE-CHANGE id=-1 state=1 BSSID=00:00:00:00:00:00]
01-19 19:45:41.416 D/WifiStateMachine( 1574): Changing supplicant state: SCANNING ==> INACTIVE
01-19 19:45:41.416 D/WifiStateMachine( 1574): setDetailed state, old =SCANNING and new state=IDLE
01-19 19:45:41.476 D/dalvikvm( 2757): GC_CONCURRENT freed 446K, 10% free 6836K/7559K, paused 1ms+1ms
01-19 19:45:41.526 I/wpa_supplicant( 1755): CTRL-EVENT-STATE-CHANGE id=-1 state=2 BSSID=00:00:00:00:00:00
01-19 19:45:41.526 V/WifiMonitor( 1574): Event [CTRL-EVENT-STATE-CHANGE id=-1 state=2 BSSID=00:00:00:00:00:00]
01-19 19:45:41.526 D/WifiStateMachine( 1574): Changing supplicant state: INACTIVE ==> SCANNING
01-19 19:45:41.526 D/WifiStateMachine( 1574): setDetailed state, old =IDLE and new state=SCANNING
01-19 19:45:42.166 I/System.out( 2748): 3
01-19 19:45:42.627 I/wpa_supplicant( 1755): got scan complete
01-19 19:45:42.627 I/wpa_supplicant( 1755): wpa_supplicant_get_scan_results:return scan results2
01-19 19:45:42.627 I/wpa_supplicant( 1755): AP:ssid[SKY3D82A],rssi[-72],BSSID=7c:4c:a5:86:c5:2d
01-19 19:45:42.627 I/wpa_supplicant( 1755): AP:ssid[SKY45D4A],rssi[-78],BSSID=4c:17:eb:c4:5d:4b
01-19 19:45:42.627 I/wpa_supplicant( 1755): AP:ssid[PlusnetWirelessD194EF],rssi[-92],BSSID=a4:b1:e9:d1:94:ef
01-19 19:45:42.627 I/wpa_supplicant( 1755): Received 1112 bytes of scan results (3 BSSes)
01-19 19:45:42.627 I/wpa_supplicant( 1755): wpa_driver_wext_get_scan_results---
01-19 19:45:42.627 I/wpa_supplicant( 1755): wpa_disabled_ssid_list_clear
01-19 19:45:42.637 V/WifiMonitor( 1574): Event [wpa_disabled_ssid_list_clear]
01-19 19:45:42.637 I/wpa_supplicant( 1755): No suitable AP found.
01-19 19:45:42.637 I/wpa_supplicant( 1755): CTRL-EVENT-STATE-CHANGE id=-1 state=1 BSSID=00:00:00:00:00:00
01-19 19:45:42.637 V/WifiMonitor( 1574): Event [CTRL-EVENT-STATE-CHANGE id=-1 state=1 BSSID=00:00:00:00:00:00]
01-19 19:45:42.647 D/WifiStateMachine( 1574): Changing supplicant state: SCANNING ==> INACTIVE
01-19 19:45:42.647 D/WifiStateMachine( 1574): setDetailed state, old =SCANNING and new state=IDLE
01-19 19:45:42.757 I/wpa_supplicant( 1755): CTRL-EVENT-STATE-CHANGE id=-1 state=2 BSSID=00:00:00:00:00:00
01-19 19:45:42.757 V/WifiMonitor( 1574): Event [CTRL-EVENT-STATE-CHANGE id=-1 state=2 BSSID=00:00:00:00:00:00]
01-19 19:45:42.757 D/WifiStateMachine( 1574): Changing supplicant state: INACTIVE ==> SCANNING
01-19 19:45:42.757 D/WifiStateMachine( 1574): setDetailed state, old =IDLE and new state=SCANNING
01-19 19:45:42.837 D/dalvikvm( 2757): GC_CONCURRENT freed 446K, 10% free 6836K/7559K, paused 2ms+2ms
01-19 19:45:43.167 I/System.out( 2748): 3
01-19 19:45:43.848 I/wpa_supplicant( 1755): got scan complete
01-19 19:45:43.848 I/wpa_supplicant( 1755): wpa_supplicant_get_scan_results:return scan results2
01-19 19:45:43.848 I/wpa_supplicant( 1755): AP:ssid[SKY3D82A],rssi[-74],BSSID=7c:4c:a5:86:c5:2d
01-19 19:45:43.858 I/wpa_supplicant( 1755): AP:ssid[SKY45D4A],rssi[-77],BSSID=4c:17:eb:c4:5d:4b
01-19 19:45:43.858 I/wpa_supplicant( 1755): AP:ssid[PlusnetWirelessD194EF],rssi[-91],BSSID=a4:b1:e9:d1:94:ef
01-19 19:45:43.858 I/wpa_supplicant( 1755): Received 1112 bytes of scan results (3 BSSes)
01-19 19:45:43.858 I/wpa_supplicant( 1755): wpa_driver_wext_get_scan_results---
01-19 19:45:43.858 I/wpa_supplicant( 1755): wpa_disabled_ssid_list_clear
01-19 19:45:43.858 V/WifiMonitor( 1574): Event [wpa_disabled_ssid_list_clear]
01-19 19:45:43.858 I/wpa_supplicant( 1755): No suitable AP found.
01-19 19:45:43.858 I/wpa_supplicant( 1755): CTRL-EVENT-STATE-CHANGE id=-1 state=1 BSSID=00:00:00:00:00:00
01-19 19:45:43.858 V/WifiMonitor( 1574): Event [CTRL-EVENT-STATE-CHANGE id=-1 state=1 BSSID=00:00:00:00:00:00]
01-19 19:45:43.878 D/WifiStateMachine( 1574): Changing supplicant state: SCANNING ==> INACTIVE
01-19 19:45:43.878 D/WifiStateMachine( 1574): setDetailed state, old =SCANNING and new state=IDLE
01-19 19:45:43.988 I/wpa_supplicant( 1755): CTRL-EVENT-STATE-CHANGE id=-1 state=2 BSSID=00:00:00:00:00:00
01-19 19:45:43.988 V/WifiMonitor( 1574): Event [CTRL-EVENT-STATE-CHANGE id=-1 state=2 BSSID=00:00:00:00:00:00]
01-19 19:45:43.988 D/WifiStateMachine( 1574): Changing supplicant state: INACTIVE ==> SCANNING
01-19 19:45:43.988 D/WifiStateMachine( 1574): setDetailed state, old =IDLE and new state=SCANNING
01-19 19:45:44.168 I/System.out( 2748): 3
01-19 19:45:45.079 I/wpa_supplicant( 1755): got scan complete
01-19 19:45:45.079 I/wpa_supplicant( 1755): wpa_supplicant_get_scan_results:return scan results2
01-19 19:45:45.079 I/wpa_supplicant( 1755): AP:ssid[SKY3D82A],rssi[-73],BSSID=7c:4c:a5:86:c5:2d
01-19 19:45:45.079 I/wpa_supplicant( 1755): AP:ssid[SKY45D4A],rssi[-77],BSSID=4c:17:eb:c4:5d:4b
01-19 19:45:45.079 I/wpa_supplicant( 1755): AP:ssid[PlusnetWirelessD194EF],rssi[-91],BSSID=a4:b1:e9:d1:94:ef
01-19 19:45:45.079 I/wpa_supplicant( 1755): Received 1112 bytes of scan results (3 BSSes)
01-19 19:45:45.079 I/wpa_supplicant( 1755): wpa_driver_wext_get_scan_results---
01-19 19:45:45.079 I/wpa_supplicant( 1755): wpa_disabled_ssid_list_clear
01-19 19:45:45.079 V/WifiMonitor( 1574): Event [wpa_disabled_ssid_list_clear]
01-19 19:45:45.089 I/wpa_supplicant( 1755): No suitable AP found.
01-19 19:45:45.089 I/wpa_supplicant( 1755): CTRL-EVENT-STATE-CHANGE id=-1 state=1 BSSID=00:00:00:00:00:00
01-19 19:45:45.089 V/WifiMonitor( 1574): Event [CTRL-EVENT-STATE-CHANGE id=-1 state=1 BSSID=00:00:00:00:00:00]
01-19 19:45:45.099 D/WifiStateMachine( 1574): Changing supplicant state: SCANNING ==> INACTIVE
01-19 19:45:45.099 D/WifiStateMachine( 1574): setDetailed state, old =SCANNING and new state=IDLE
01-19 19:45:45.159 D/dalvikvm( 2757): GC_CONCURRENT freed 446K, 10% free 6836K/7559K, paused 1ms+1ms
01-19 19:45:45.169 I/System.out( 2748): 3
01-19 19:45:45.199 I/wpa_supplicant( 1755): CTRL-EVENT-STATE-CHANGE id=-1 state=2 BSSID=00:00:00:00:00:00
01-19 19:45:45.199 V/WifiMonitor( 1574): Event [CTRL-EVENT-STATE-CHANGE id=-1 state=2 BSSID=00:00:00:00:00:00]
01-19 19:45:45.199 D/WifiStateMachine( 1574): Changing supplicant state: INACTIVE ==> SCANNING
01-19 19:45:45.199 D/WifiStateMachine( 1574): setDetailed state, old =IDLE and new state=SCANNING
01-19 19:45:46.170 I/System.out( 2748): 3
01-19 19:45:46.290 I/wpa_supplicant( 1755): got scan complete
01-19 19:45:46.301 I/wpa_supplicant( 1755): wpa_supplicant_get_scan_results:return scan results2
01-19 19:45:46.301 I/wpa_supplicant( 1755): AP:ssid[SKY3D82A],rssi[-74],BSSID=7c:4c:a5:86:c5:2d
01-19 19:45:46.301 I/wpa_supplicant( 1755): AP:ssid[SKY45D4A],rssi[-78],BSSID=4c:17:eb:c4:5d:4b
01-19 19:45:46.301 I/wpa_supplicant( 1755): AP:ssid[PlusnetWirelessD194EF],rssi[-92],BSSID=a4:b1:e9:d1:94:ef
01-19 19:45:46.301 I/wpa_supplicant( 1755): Received 1112 bytes of scan results (3 BSSes)
01-19 19:45:46.301 I/wpa_supplicant( 1755): wpa_driver_wext_get_scan_results---
01-19 19:45:46.301 I/wpa_supplicant( 1755): wpa_disabled_ssid_list_clear
01-19 19:45:46.301 V/WifiMonitor( 1574): Event [wpa_disabled_ssid_list_clear]
01-19 19:45:46.301 I/wpa_supplicant( 1755): No suitable AP found.
01-19 19:45:46.301 I/wpa_supplicant( 1755): CTRL-EVENT-STATE-CHANGE id=-1 state=1 BSSID=00:00:00:00:00:00
01-19 19:45:46.301 V/WifiMonitor( 1574): Event [CTRL-EVENT-STATE-CHANGE id=-1 state=1 BSSID=00:00:00:00:00:00]
01-19 19:45:46.321 D/WifiStateMachine( 1574): Changing supplicant state: SCANNING ==> INACTIVE
01-19 19:45:46.321 D/WifiStateMachine( 1574): setDetailed state, old =SCANNING and new state=IDLE
01-19 19:45:46.431 I/wpa_supplicant( 1755): CTRL-EVENT-STATE-CHANGE id=-1 state=2 BSSID=00:00:00:00:00:00
01-19 19:45:46.431 V/WifiMonitor( 1574): Event [CTRL-EVENT-STATE-CHANGE id=-1 state=2 BSSID=00:00:00:00:00:00]
01-19 19:45:46.431 D/WifiStateMachine( 1574): Changing supplicant state: INACTIVE ==> SCANNING
01-19 19:45:46.431 D/WifiStateMachine( 1574): setDetailed state, old =IDLE and new state=SCANNING
01-19 19:45:46.581 D/dalvikvm( 1574): GC_CONCURRENT freed 1949K, 12% free 15939K/18055K, paused 8ms+4ms
01-19 19:45:46.611 D/dalvikvm( 2757): GC_CONCURRENT freed 446K, 10% free 6836K/7559K, paused 1ms+2ms
01-19 19:45:47.171 I/System.out( 2748): 3
01-19 19:45:47.522 I/wpa_supplicant( 1755): got scan complete
01-19 19:45:47.522 I/wpa_supplicant( 1755): wpa_supplicant_get_scan_results:return scan results2
01-19 19:45:47.522 I/wpa_supplicant( 1755): AP:ssid[SKY3D82A],rssi[-75],BSSID=7c:4c:a5:86:c5:2d
01-19 19:45:47.532 I/wpa_supplicant( 1755): AP:ssid[SKY45D4A],rssi[-79],BSSID=4c:17:eb:c4:5d:4b
01-19 19:45:47.532 I/wpa_supplicant( 1755): AP:ssid[PlusnetWirelessD194EF],rssi[-91],BSSID=a4:b1:e9:d1:94:ef
01-19 19:45:47.532 I/wpa_supplicant( 1755): Received 1112 bytes of scan results (3 BSSes)
01-19 19:45:47.532 I/wpa_supplicant( 1755): wpa_driver_wext_get_scan_results---
01-19 19:45:47.532 I/wpa_supplicant( 1755): wpa_disabled_ssid_list_clear
01-19 19:45:47.532 V/WifiMonitor( 1574): Event [wpa_disabled_ssid_list_clear]
01-19 19:45:47.532 I/wpa_supplicant( 1755): No suitable AP found.
01-19 19:45:47.532 I/wpa_supplicant( 1755): CTRL-EVENT-STATE-CHANGE id=-1 state=1 BSSID=00:00:00:00:00:00
01-19 19:45:47.532 V/WifiMonitor( 1574): Event [CTRL-EVENT-STATE-CHANGE id=-1 state=1 BSSID=00:00:00:00:00:00]
01-19 19:45:47.552 D/WifiStateMachine( 1574): Changing supplicant state: SCANNING ==> INACTIVE
01-19 19:45:47.552 D/WifiStateMachine( 1574): setDetailed state, old =SCANNING and new state=IDLE
01-19 19:45:47.652 I/wpa_supplicant( 1755): CTRL-EVENT-STATE-CHANGE id=-1 state=2 BSSID=00:00:00:00:00:00
01-19 19:45:47.652 V/WifiMonitor( 1574): Event [CTRL-EVENT-STATE-CHANGE id=-1 state=2 BSSID=00:00:00:00:00:00]
01-19 19:45:47.652 D/WifiStateMachine( 1574): Changing supplicant state: INACTIVE ==> SCANNING
01-19 19:45:47.652 D/WifiStateMachine( 1574): setDetailed state, old =IDLE and new state=SCANNING
01-19 19:45:48.172 I/System.out( 2748): 3
01-19 19:45:48.753 I/wpa_supplicant( 1755): got scan complete
01-19 19:45:48.753 I/wpa_supplicant( 1755): wpa_supplicant_get_scan_results:return scan results2
01-19 19:45:48.753 I/wpa_supplicant( 1755): AP:ssid[SKY3D82A],rssi[-74],BSSID=7c:4c:a5:86:c5:2d
01-19 19:45:48.753 I/wpa_supplicant( 1755): AP:ssid[SKY45D4A],rssi[-79],BSSID=4c:17:eb:c4:5d:4b
01-19 19:45:48.753 I/wpa_supplicant( 1755): AP:ssid[PlusnetWirelessD194EF],rssi[-91],BSSID=a4:b1:e9:d1:94:ef
01-19 19:45:48.753 I/wpa_supplicant( 1755): Received 1112 bytes of scan results (3 BSSes)
01-19 19:45:48.753 I/wpa_supplicant( 1755): wpa_driver_wext_get_scan_results---
01-19 19:45:48.753 I/wpa_supplicant( 1755): wpa_disabled_ssid_list_clear
01-19 19:45:48.753 V/WifiMonitor( 1574): Event [wpa_disabled_ssid_list_clear]
01-19 19:45:48.753 I/wpa_supplicant( 1755): No suitable AP found.
01-19 19:45:48.753 I/wpa_supplicant( 1755): CTRL-EVENT-STATE-CHANGE id=-1 state=1 BSSID=00:00:00:00:00:00
01-19 19:45:48.753 V/WifiMonitor( 1574): Event [CTRL-EVENT-STATE-CHANGE id=-1 state=1 BSSID=00:00:00:00:00:00]
01-19 19:45:48.773 D/WifiStateMachine( 1574): Changing supplicant state: SCANNING ==> INACTIVE
01-19 19:45:48.773 D/WifiStateMachine( 1574): setDetailed state, old =SCANNING and new state=IDLE
01-19 19:45:48.833 D/dalvikvm( 2757): GC_CONCURRENT freed 446K, 10% free 6836K/7559K, paused 1ms+1ms
01-19 19:45:48.883 I/wpa_supplicant( 1755): CTRL-EVENT-STATE-CHANGE id=-1 state=2 BSSID=00:00:00:00:00:00
01-19 19:45:48.883 V/WifiMonitor( 1574): Event [CTRL-EVENT-STATE-CHANGE id=-1 state=2 BSSID=00:00:00:00:00:00]
01-19 19:45:48.883 D/WifiStateMachine( 1574): Changing supplicant state: INACTIVE ==> SCANNING
01-19 19:45:48.883 D/WifiStateMachine( 1574): setDetailed state, old =IDLE and new state=SCANNING
01-19 19:45:49.173 I/System.out( 2748): 3
01-19 19:45:49.974 I/wpa_supplicant( 1755): got scan complete
01-19 19:45:49.974 I/wpa_supplicant( 1755): wpa_supplicant_get_scan_results:return scan results2
01-19 19:45:49.974 I/wpa_supplicant( 1755): AP:ssid[SKY3D82A],rssi[-75],BSSID=7c:4c:a5:86:c5:2d
01-19 19:45:49.974 I/wpa_supplicant( 1755): AP:ssid[SKY45D4A],rssi[-77],BSSID=4c:17:eb:c4:5d:4b
01-19 19:45:49.974 I/wpa_supplicant( 1755): AP:ssid[PlusnetWirelessD194EF],rssi[-96],BSSID=a4:b1:e9:d1:94:ef
01-19 19:45:49.974 I/wpa_supplicant( 1755): Received 1112 bytes of scan results (3 BSSes)
01-19 19:45:49.974 I/wpa_supplicant( 1755): wpa_driver_wext_get_scan_results---
01-19 19:45:49.974 I/wpa_supplicant( 1755): wpa_disabled_ssid_list_clear
01-19 19:45:49.974 V/WifiMonitor( 1574): Event [wpa_disabled_ssid_list_clear]
01-19 19:45:49.974 I/wpa_supplicant( 1755): No suitable AP found.
01-19 19:45:49.974 I/wpa_supplicant( 1755): CTRL-EVENT-STATE-CHANGE id=-1 state=1 BSSID=00:00:00:00:00:00
01-19 19:45:49.974 V/WifiMonitor( 1574): Event [CTRL-EVENT-STATE-CHANGE id=-1 state=1 BSSID=00:00:00:00:00:00]
01-19 19:45:49.994 D/WifiStateMachine( 1574): Changing supplicant state: SCANNING ==> INACTIVE
01-19 19:45:49.994 D/WifiStateMachine( 1574): setDetailed state, old =SCANNING and new state=IDLE
01-19 19:45:50.104 I/wpa_supplicant( 1755): CTRL-EVENT-STATE-CHANGE id=-1 state=2 BSSID=00:00:00:00:00:00
01-19 19:45:50.104 V/WifiMonitor( 1574): Event [CTRL-EVENT-STATE-CHANGE id=-1 state=2 BSSID=00:00:00:00:00:00]
01-19 19:45:50.104 D/WifiStateMachine( 1574): Changing supplicant state: INACTIVE ==> SCANNING
01-19 19:45:50.104 D/WifiStateMachine( 1574): setDetailed state, old =IDLE and new state=SCANNING
01-19 19:45:50.164 I/System.out( 2748): 3
01-19 19:45:50.234 D/dalvikvm( 2757): GC_CONCURRENT freed 446K, 10% free 6836K/7559K, paused 5ms+1ms
01-19 19:45:51.175 I/System.out( 2748): 3
01-19 19:45:51.195 I/wpa_supplicant( 1755): got scan complete
01-19 19:45:51.195 I/wpa_supplicant( 1755): wpa_supplicant_get_scan_results:return scan results2
01-19 19:45:51.195 I/wpa_supplicant( 1755): AP:ssid[SKY3D82A],rssi[-72],BSSID=7c:4c:a5:86:c5:2d
01-19 19:45:51.195 I/wpa_supplicant( 1755): AP:ssid[SKY45D4A],rssi[-78],BSSID=4c:17:eb:c4:5d:4b
01-19 19:45:51.195 I/wpa_supplicant( 1755): AP:ssid[PlusnetWirelessD194EF],rssi[-95],BSSID=a4:b1:e9:d1:94:ef
01-19 19:45:51.195 I/wpa_supplicant( 1755): Received 1112 bytes of scan results (3 BSSes)
01-19 19:45:51.195 I/wpa_supplicant( 1755): wpa_driver_wext_get_scan_results---
01-19 19:45:51.205 I/wpa_supplicant( 1755): wpa_disabled_ssid_list_clear
01-19 19:45:51.205 V/WifiMonitor( 1574): Event [wpa_disabled_ssid_list_clear]
01-19 19:45:51.205 I/wpa_supplicant( 1755): No suitable AP found.
01-19 19:45:51.205 I/wpa_supplicant( 1755): CTRL-EVENT-STATE-CHANGE id=-1 state=1 BSSID=00:00:00:00:00:00
01-19 19:45:51.205 V/WifiMonitor( 1574): Event [CTRL-EVENT-STATE-CHANGE id=-1 state=1 BSSID=00:00:00:00:00:00]
01-19 19:45:51.225 D/WifiStateMachine( 1574): Changing supplicant state: SCANNING ==> INACTIVE
01-19 19:45:51.225 D/WifiStateMachine( 1574): setDetailed state, old =SCANNING and new state=IDLE
01-19 19:45:51.335 I/wpa_supplicant( 1755): CTRL-EVENT-STATE-CHANGE id=-1 state=2 BSSID=00:00:00:00:00:00
01-19 19:45:51.335 V/WifiMonitor( 1574): Event [CTRL-EVENT-STATE-CHANGE id=-1 state=2 BSSID=00:00:00:00:00:00]
01-19 19:45:51.335 D/WifiStateMachine( 1574): Changing supplicant state: INACTIVE ==> SCANNING
01-19 19:45:51.335 D/WifiStateMachine( 1574): setDetailed state, old =IDLE and new state=SCANNING
01-19 19:45:52.176 I/System.out( 2748): 3
01-19 19:45:52.416 I/wpa_supplicant( 1755): got scan complete
01-19 19:45:52.416 I/wpa_supplicant( 1755): wpa_supplicant_get_scan_results:return scan results2
01-19 19:45:52.416 I/wpa_supplicant( 1755): AP:ssid[SKY3D82A],rssi[-72],BSSID=7c:4c:a5:86:c5:2d
01-19 19:45:52.416 I/wpa_supplicant( 1755): AP:ssid[SKY45D4A],rssi[-78],BSSID=4c:17:eb:c4:5d:4b
01-19 19:45:52.426 I/wpa_supplicant( 1755): AP:ssid[PlusnetWirelessD194EF],rssi[-94],BSSID=a4:b1:e9:d1:94:ef
01-19 19:45:52.426 I/wpa_supplicant( 1755): Received 1112 bytes of scan results (3 BSSes)
01-19 19:45:52.426 I/wpa_supplicant( 1755): wpa_driver_wext_get_scan_results---
01-19 19:45:52.426 I/wpa_supplicant( 1755): wpa_disabled_ssid_list_clear
01-19 19:45:52.426 V/WifiMonitor( 1574): Event [wpa_disabled_ssid_list_clear]
01-19 19:45:52.436 I/wpa_supplicant( 1755): No suitable AP found.
01-19 19:45:52.436 I/wpa_supplicant( 1755): CTRL-EVENT-STATE-CHANGE id=-1 state=1 BSSID=00:00:00:00:00:00
01-19 19:45:52.436 V/WifiMonitor( 1574): Event [CTRL-EVENT-STATE-CHANGE id=-1 state=1 BSSID=00:00:00:00:00:00]
01-19 19:45:52.457 D/WifiStateMachine( 1574): Changing supplicant state: SCANNING ==> INACTIVE
01-19 19:45:52.457 D/WifiStateMachine( 1574): setDetailed state, old =SCANNING and new state=IDLE
01-19 19:45:52.507 D/dalvikvm( 2757): GC_CONCURRENT freed 446K, 10% free 6836K/7559K, paused 1ms+1ms
01-19 19:45:52.567 I/wpa_supplicant( 1755): CTRL-EVENT-STATE-CHANGE id=-1 state=2 BSSID=00:00:00:00:00:00
01-19 19:45:52.567 V/WifiMonitor( 1574): Event [CTRL-EVENT-STATE-CHANGE id=-1 state=2 BSSID=00:00:00:00:00:00]
01-19 19:45:52.567 D/WifiStateMachine( 1574): Changing supplicant state: INACTIVE ==> SCANNING
01-19 19:45:52.567 D/WifiStateMachine( 1574): setDetailed state, old =IDLE and new state=SCANNING
01-19 19:45:53.177 I/System.out( 2748): 3
01-19 19:45:53.658 I/wpa_supplicant( 1755): got scan complete
01-19 19:45:53.658 I/wpa_supplicant( 1755): wpa_supplicant_get_scan_results:return scan results2
01-19 19:45:53.658 I/wpa_supplicant( 1755): AP:ssid[SKY3D82A],rssi[-72],BSSID=7c:4c:a5:86:c5:2d
01-19 19:45:53.658 I/wpa_supplicant( 1755): AP:ssid[SKY45D4A],rssi[-77],BSSID=4c:17:eb:c4:5d:4b
01-19 19:45:53.658 I/wpa_supplicant( 1755): AP:ssid[PlusnetWirelessD194EF],rssi[-92],BSSID=a4:b1:e9:d1:94:ef
01-19 19:45:53.658 I/wpa_supplicant( 1755): Received 1112 bytes of scan results (3 BSSes)
01-19 19:45:53.658 I/wpa_supplicant( 1755): wpa_driver_wext_get_scan_results---
01-19 19:45:53.658 I/wpa_supplicant( 1755): wpa_disabled_ssid_list_clear
01-19 19:45:53.658 V/WifiMonitor( 1574): Event [wpa_disabled_ssid_list_clear]
01-19 19:45:53.658 I/wpa_supplicant( 1755): No suitable AP found.
01-19 19:45:53.658 I/wpa_supplicant( 1755): CTRL-EVENT-STATE-CHANGE id=-1 state=1 BSSID=00:00:00:00:00:00
01-19 19:45:53.658 V/WifiMonitor( 1574): Event [CTRL-EVENT-STATE-CHANGE id=-1 state=1 BSSID=00:00:00:00:00:00]
01-19 19:45:53.678 D/WifiStateMachine( 1574): Changing supplicant state: SCANNING ==> INACTIVE
01-19 19:45:53.678 D/WifiStateMachine( 1574): setDetailed state, old =SCANNING and new state=IDLE
01-19 19:45:53.788 I/wpa_supplicant( 1755): CTRL-EVENT-STATE-CHANGE id=-1 state=2 BSSID=00:00:00:00:00:00
01-19 19:45:53.788 V/WifiMonitor( 1574): Event [CTRL-EVENT-STATE-CHANGE id=-1 state=2 BSSID=00:00:00:00:00:00]
01-19 19:45:53.788 D/WifiStateMachine( 1574): Changing supplicant state: INACTIVE ==> SCANNING
01-19 19:45:53.788 D/WifiStateMachine( 1574): setDetailed state, old =IDLE and new state=SCANNING
01-19 19:45:53.868 D/dalvikvm( 2757): GC_CONCURRENT freed 446K, 10% free 6836K/7559K, paused 1ms+1ms
01-19 19:45:54.178 I/System.out( 2748): 3
01-19 19:45:54.889 I/wpa_supplicant( 1755): got scan complete
01-19 19:45:54.889 I/wpa_supplicant( 1755): wpa_supplicant_get_scan_results:return scan results2
01-19 19:45:54.889 I/wpa_supplicant( 1755): AP:ssid[SKY3D82A],rssi[-73],BSSID=7c:4c:a5:86:c5:2d
