01-10 14:55:55.759 I/wpa_supplicant( 1769): Received 3575 bytes of scan results (19 BSSes)
01-10 14:55:55.759 I/wpa_supplicant( 1769): wpa_driver_wext_get_scan_results---
01-10 14:55:55.759 I/wpa_supplicant( 1769): wpa_disabled_ssid_list_clear
01-10 14:55:55.759 V/WifiMonitor( 1574): Event [wpa_disabled_ssid_list_clear]
01-10 14:55:55.759 I/wpa_supplicant( 1769): No suitable AP found.
01-10 14:55:55.759 I/wpa_supplicant( 1769): CTRL-EVENT-STATE-CHANGE id=-1 state=1 BSSID=00:00:00:00:00:00
01-10 14:55:55.759 V/WifiMonitor( 1574): Event [CTRL-EVENT-STATE-CHANGE id=-1 state=1 BSSID=00:00:00:00:00:00]
01-10 14:55:55.789 D/WifiStateMachine( 1574): Changing supplicant state: SCANNING ==> INACTIVE
01-10 14:55:55.789 D/WifiStateMachine( 1574): setDetailed state, old =SCANNING and new state=IDLE
01-10 14:55:55.889 I/wpa_supplicant( 1769): CTRL-EVENT-STATE-CHANGE id=-1 state=2 BSSID=00:00:00:00:00:00
01-10 14:55:55.899 V/WifiMonitor( 1574): Event [CTRL-EVENT-STATE-CHANGE id=-1 state=2 BSSID=00:00:00:00:00:00]
01-10 14:55:55.899 D/WifiStateMachine( 1574): Changing supplicant state: INACTIVE ==> SCANNING
01-10 14:55:55.899 D/WifiStateMachine( 1574): setDetailed state, old =IDLE and new state=SCANNING
01-10 14:55:56.110 I/System.out( 2646): 18
01-10 14:55:57.030 I/wpa_supplicant( 1769): got scan complete
01-10 14:55:57.030 I/wpa_supplicant( 1769): wpa_supplicant_get_scan_results:return scan results2
01-10 14:55:57.030 I/wpa_supplicant( 1769): AP:ssid[BTBusinessHub-353],rssi[-87],BSSID=c0:83:0a:e0:12:d1
01-10 14:55:57.030 I/wpa_supplicant( 1769): AP:ssid[BTOpenzone],rssi[-91],BSSID=c0:83:0a:e0:12:d4
01-10 14:55:57.030 I/wpa_supplicant( 1769): AP:ssid[uos-visitor],rssi[-87],BSSID=9c:4e:20:c8:9e:74
01-10 14:55:57.030 I/wpa_supplicant( 1769): AP:ssid[cs],rssi[-87],BSSID=9c:4e:20:c8:9e:71
01-10 14:55:57.030 I/wpa_supplicant( 1769): AP:ssid[BTOpenzone],rssi[-87],BSSID=9c:4e:20:c8:9e:70
01-10 14:55:57.030 I/wpa_supplicant( 1769): AP:ssid[eduroam],rssi[-84],BSSID=9c:4e:20:c8:9e:72
01-10 14:55:57.030 I/wpa_supplicant( 1769): AP:ssid[uos-connect],rssi[-84],BSSID=9c:4e:20:c8:9e:73
01-10 14:55:57.030 I/wpa_supplicant( 1769): AP:ssid[hpsetup],rssi[-90],BSSID=c2:ce:46:d5:40:9c
01-10 14:55:57.030 I/wpa_supplicant( 1769): AP:ssid[BTOpenzone],rssi[-57],BSSID=9c:4e:20:c8:b0:f0
01-10 14:55:57.030 I/wpa_supplicant( 1769): AP:ssid[uos-visitor],rssi[-58],BSSID=9c:4e:20:c8:b0:f4
01-10 14:55:57.030 I/wpa_supplicant( 1769): AP:ssid[eduroam],rssi[-58],BSSID=9c:4e:20:c8:b0:f2
01-10 14:55:57.030 I/wpa_supplicant( 1769): AP:ssid[cs],rssi[-57],BSSID=9c:4e:20:c8:b0:f1
01-10 14:55:57.030 I/wpa_supplicant( 1769): AP:ssid[uos-connect],rssi[-58],BSSID=9c:4e:20:c8:b0:f3
01-10 14:55:57.030 I/wpa_supplicant( 1769): AP:ssid[],rssi[-94],BSSID=00:80:48:68:08:99
01-10 14:55:57.030 I/wpa_supplicant( 1769): AP:ssid[cs],rssi[-86],BSSID=9c:4e:20:c8:cc:51
01-10 14:55:57.030 I/wpa_supplicant( 1769): AP:ssid[BTOpenzone],rssi[-74],BSSID=9c:4e:20:c8:cc:50
01-10 14:55:57.030 I/wpa_supplicant( 1769): AP:ssid[uos-connect],rssi[-75],BSSID=9c:4e:20:c8:cc:53
01-10 14:55:57.030 I/wpa_supplicant( 1769): AP:ssid[eduroam],rssi[-74],BSSID=9c:4e:20:c8:cc:52
01-10 14:55:57.030 I/wpa_supplicant( 1769): Received 3344 bytes of scan results (18 BSSes)
01-10 14:55:57.030 I/wpa_supplicant( 1769): wpa_driver_wext_get_scan_results---
01-10 14:55:57.030 I/wpa_supplicant( 1769): wpa_disabled_ssid_list_clear
01-10 14:55:57.030 V/WifiMonitor( 1574): Event [wpa_disabled_ssid_list_clear]
01-10 14:55:57.030 I/wpa_supplicant( 1769): No suitable AP found.
01-10 14:55:57.030 I/wpa_supplicant( 1769): CTRL-EVENT-STATE-CHANGE id=-1 state=1 BSSID=00:00:00:00:00:00
01-10 14:55:57.040 V/WifiMonitor( 1574): Event [CTRL-EVENT-STATE-CHANGE id=-1 state=1 BSSID=00:00:00:00:00:00]
01-10 14:55:57.061 D/WifiStateMachine( 1574): Changing supplicant state: SCANNING ==> INACTIVE
01-10 14:55:57.061 D/WifiStateMachine( 1574): setDetailed state, old =SCANNING and new state=IDLE
01-10 14:55:57.101 I/System.out( 2646): 17
01-10 14:55:57.121 D/dalvikvm( 2713): GC_CONCURRENT freed 446K, 10% free 6816K/7495K, paused 3ms+1ms
01-10 14:55:57.171 I/wpa_supplicant( 1769): CTRL-EVENT-STATE-CHANGE id=-1 state=2 BSSID=00:00:00:00:00:00
01-10 14:55:57.171 V/WifiMonitor( 1574): Event [CTRL-EVENT-STATE-CHANGE id=-1 state=2 BSSID=00:00:00:00:00:00]
01-10 14:55:57.171 D/WifiStateMachine( 1574): Changing supplicant state: INACTIVE ==> SCANNING
01-10 14:55:57.171 D/WifiStateMachine( 1574): setDetailed state, old =IDLE and new state=SCANNING
01-10 14:55:58.102 I/System.out( 2646): 17
01-10 14:55:58.302 I/wpa_supplicant( 1769): got scan complete
01-10 14:55:58.302 I/wpa_supplicant( 1769): wpa_supplicant_get_scan_results:return scan results2
01-10 14:55:58.302 I/wpa_supplicant( 1769): AP:ssid[BTOpenzone],rssi[-86],BSSID=9c:4e:20:c8:9e:70
01-10 14:55:58.302 I/wpa_supplicant( 1769): AP:ssid[uos-visitor],rssi[-85],BSSID=9c:4e:20:c8:9e:74
01-10 14:55:58.302 I/wpa_supplicant( 1769): AP:ssid[eduroam],rssi[-86],BSSID=9c:4e:20:c8:9e:72
01-10 14:55:58.302 I/wpa_supplicant( 1769): AP:ssid[cs],rssi[-87],BSSID=9c:4e:20:c8:9e:71
01-10 14:55:58.302 I/wpa_supplicant( 1769): AP:ssid[uos-connect],rssi[-86],BSSID=9c:4e:20:c8:9e:73
01-10 14:55:58.302 I/wpa_supplicant( 1769): AP:ssid[hpsetup],rssi[-94],BSSID=c2:ce:46:d5:40:9c
01-10 14:55:58.302 I/wpa_supplicant( 1769): AP:ssid[LD-Net],rssi[-88],BSSID=00:14:6c:fd:72:38
01-10 14:55:58.302 I/wpa_supplicant( 1769): AP:ssid[eduroam],rssi[-57],BSSID=9c:4e:20:c8:b0:f2
01-10 14:55:58.302 I/wpa_supplicant( 1769): AP:ssid[cs],rssi[-56],BSSID=9c:4e:20:c8:b0:f1
01-10 14:55:58.302 I/wpa_supplicant( 1769): AP:ssid[uos-connect],rssi[-59],BSSID=9c:4e:20:c8:b0:f3
01-10 14:55:58.302 I/wpa_supplicant( 1769): AP:ssid[BTOpenzone],rssi[-58],BSSID=9c:4e:20:c8:b0:f0
01-10 14:55:58.302 I/wpa_supplicant( 1769): AP:ssid[uos-visitor],rssi[-55],BSSID=9c:4e:20:c8:b0:f4
01-10 14:55:58.302 I/wpa_supplicant( 1769): AP:ssid[uos-connect],rssi[-83],BSSID=9c:4e:20:c8:cc:53
01-10 14:55:58.302 I/wpa_supplicant( 1769): AP:ssid[BTOpenzone],rssi[-73],BSSID=9c:4e:20:c8:cc:50
01-10 14:55:58.302 I/wpa_supplicant( 1769): AP:ssid[uos-visitor],rssi[-80],BSSID=9c:4e:20:c8:cc:54
01-10 14:55:58.302 I/wpa_supplicant( 1769): AP:ssid[eduroam],rssi[-72],BSSID=9c:4e:20:c8:cc:52
01-10 14:55:58.302 I/wpa_supplicant( 1769): AP:ssid[BTOpenzone],rssi[-88],BSSID=c0:83:0a:e0:12:d4
01-10 14:55:58.322 I/wpa_supplicant( 1769): Received 3202 bytes of scan results (17 BSSes)
01-10 14:55:58.322 I/wpa_supplicant( 1769): wpa_driver_wext_get_scan_results---
01-10 14:55:58.322 I/wpa_supplicant( 1769): wpa_disabled_ssid_list_clear
01-10 14:55:58.322 V/WifiMonitor( 1574): Event [wpa_disabled_ssid_list_clear]
01-10 14:55:58.322 I/wpa_supplicant( 1769): No suitable AP found.
01-10 14:55:58.322 I/wpa_supplicant( 1769): CTRL-EVENT-STATE-CHANGE id=-1 state=1 BSSID=00:00:00:00:00:00
01-10 14:55:58.322 V/WifiMonitor( 1574): Event [CTRL-EVENT-STATE-CHANGE id=-1 state=1 BSSID=00:00:00:00:00:00]
01-10 14:55:58.352 D/WifiStateMachine( 1574): Changing supplicant state: SCANNING ==> INACTIVE
01-10 14:55:58.352 D/WifiStateMachine( 1574): setDetailed state, old =SCANNING and new state=IDLE
01-10 14:55:58.462 I/wpa_supplicant( 1769): CTRL-EVENT-STATE-CHANGE id=-1 state=2 BSSID=00:00:00:00:00:00
01-10 14:55:58.462 V/WifiMonitor( 1574): Event [CTRL-EVENT-STATE-CHANGE id=-1 state=2 BSSID=00:00:00:00:00:00]
01-10 14:55:58.462 D/WifiStateMachine( 1574): Changing supplicant state: INACTIVE ==> SCANNING
01-10 14:55:58.462 D/WifiStateMachine( 1574): setDetailed state, old =IDLE and new state=SCANNING
01-10 14:55:58.522 D/dalvikvm( 2713): GC_CONCURRENT freed 446K, 10% free 6816K/7495K, paused 2ms+2ms
01-10 14:55:59.102 I/System.out( 2646): 17
01-10 14:55:59.603 I/wpa_supplicant( 1769): got scan complete
01-10 14:55:59.603 I/wpa_supplicant( 1769): wpa_supplicant_get_scan_results:return scan results2
01-10 14:55:59.603 I/wpa_supplicant( 1769): AP:ssid[BTBusinessHub-353],rssi[-88],BSSID=c0:83:0a:e0:12:d1
01-10 14:55:59.603 I/wpa_supplicant( 1769): AP:ssid[BTOpenzone],rssi[-87],BSSID=c0:83:0a:e0:12:d4
01-10 14:55:59.603 I/wpa_supplicant( 1769): AP:ssid[uos-visitor],rssi[-85],BSSID=9c:4e:20:c8:9e:74
01-10 14:55:59.603 I/wpa_supplicant( 1769): AP:ssid[BTOpenzone],rssi[-84],BSSID=9c:4e:20:c8:9e:70
01-10 14:55:59.603 I/wpa_supplicant( 1769): AP:ssid[cs],rssi[-85],BSSID=9c:4e:20:c8:9e:71
01-10 14:55:59.603 I/wpa_supplicant( 1769): AP:ssid[eduroam],rssi[-85],BSSID=9c:4e:20:c8:9e:72
01-10 14:55:59.603 I/wpa_supplicant( 1769): AP:ssid[uos-connect],rssi[-83],BSSID=9c:4e:20:c8:9e:73
01-10 14:55:59.603 I/wpa_supplicant( 1769): AP:ssid[uos-connect],rssi[-58],BSSID=9c:4e:20:c8:b0:f3
01-10 14:55:59.613 I/wpa_supplicant( 1769): AP:ssid[BTOpenzone],rssi[-58],BSSID=9c:4e:20:c8:b0:f0
01-10 14:55:59.613 I/wpa_supplicant( 1769): AP:ssid[uos-visitor],rssi[-56],BSSID=9c:4e:20:c8:b0:f4
01-10 14:55:59.613 I/wpa_supplicant( 1769): AP:ssid[eduroam],rssi[-57],BSSID=9c:4e:20:c8:b0:f2
01-10 14:55:59.613 I/wpa_supplicant( 1769): AP:ssid[cs],rssi[-57],BSSID=9c:4e:20:c8:b0:f1
01-10 14:55:59.613 I/wpa_supplicant( 1769): AP:ssid[BTOpenzone],rssi[-80],BSSID=9c:4e:20:c8:cc:50
01-10 14:55:59.613 I/wpa_supplicant( 1769): AP:ssid[uos-visitor],rssi[-84],BSSID=9c:4e:20:c8:cc:54
01-10 14:55:59.613 I/wpa_supplicant( 1769): AP:ssid[eduroam],rssi[-79],BSSID=9c:4e:20:c8:cc:52
01-10 14:55:59.613 I/wpa_supplicant( 1769): AP:ssid[cs],rssi[-79],BSSID=9c:4e:20:c8:cc:51
01-10 14:55:59.613 I/wpa_supplicant( 1769): Received 3103 bytes of scan results (16 BSSes)
01-10 14:55:59.613 I/wpa_supplicant( 1769): wpa_driver_wext_get_scan_results---
01-10 14:55:59.613 I/wpa_supplicant( 1769): wpa_disabled_ssid_list_clear
01-10 14:55:59.613 V/WifiMonitor( 1574): Event [wpa_disabled_ssid_list_clear]
01-10 14:55:59.613 I/wpa_supplicant( 1769): No suitable AP found.
01-10 14:55:59.613 I/wpa_supplicant( 1769): CTRL-EVENT-STATE-CHANGE id=-1 state=1 BSSID=00:00:00:00:00:00
01-10 14:55:59.613 V/WifiMonitor( 1574): Event [CTRL-EVENT-STATE-CHANGE id=-1 state=1 BSSID=00:00:00:00:00:00]
01-10 14:55:59.643 D/WifiStateMachine( 1574): Changing supplicant state: SCANNING ==> INACTIVE
01-10 14:55:59.643 D/WifiStateMachine( 1574): setDetailed state, old =SCANNING and new state=IDLE
01-10 14:55:59.743 I/wpa_supplicant( 1769): CTRL-EVENT-STATE-CHANGE id=-1 state=2 BSSID=00:00:00:00:00:00
01-10 14:55:59.743 V/WifiMonitor( 1574): Event [CTRL-EVENT-STATE-CHANGE id=-1 state=2 BSSID=00:00:00:00:00:00]
01-10 14:55:59.743 D/WifiStateMachine( 1574): Changing supplicant state: INACTIVE ==> SCANNING
01-10 14:55:59.743 D/WifiStateMachine( 1574): setDetailed state, old =IDLE and new state=SCANNING
01-10 14:56:00.103 I/System.out( 2646): 16
01-10 14:56:00.884 I/wpa_supplicant( 1769): got scan complete
01-10 14:56:00.884 I/wpa_supplicant( 1769): wpa_supplicant_get_scan_results:return scan results2
01-10 14:56:00.884 I/wpa_supplicant( 1769): AP:ssid[BTOpenzone],rssi[-89],BSSID=c0:83:0a:e0:12:d4
01-10 14:56:00.884 I/wpa_supplicant( 1769): AP:ssid[BTBusinessHub-353],rssi[-88],BSSID=c0:83:0a:e0:12:d1
01-10 14:56:00.884 I/wpa_supplicant( 1769): AP:ssid[eduroam],rssi[-85],BSSID=9c:4e:20:c8:9e:72
01-10 14:56:00.884 I/wpa_supplicant( 1769): AP:ssid[uos-connect],rssi[-85],BSSID=9c:4e:20:c8:9e:73
01-10 14:56:00.884 I/wpa_supplicant( 1769): AP:ssid[BTOpenzone],rssi[-86],BSSID=9c:4e:20:c8:9e:70
01-10 14:56:00.884 I/wpa_supplicant( 1769): AP:ssid[uos-visitor],rssi[-85],BSSID=9c:4e:20:c8:9e:74
01-10 14:56:00.884 I/wpa_supplicant( 1769): AP:ssid[cs],rssi[-87],BSSID=9c:4e:20:c8:9e:71
01-10 14:56:00.884 I/wpa_supplicant( 1769): AP:ssid[LD-Net],rssi[-91],BSSID=00:14:6c:fd:72:38
01-10 14:56:00.884 I/wpa_supplicant( 1769): AP:ssid[BTOpenzone],rssi[-60],BSSID=9c:4e:20:c8:b0:f0
01-10 14:56:00.884 I/wpa_supplicant( 1769): AP:ssid[uos-visitor],rssi[-58],BSSID=9c:4e:20:c8:b0:f4
01-10 14:56:00.884 I/wpa_supplicant( 1769): AP:ssid[eduroam],rssi[-60],BSSID=9c:4e:20:c8:b0:f2
01-10 14:56:00.884 I/wpa_supplicant( 1769): AP:ssid[cs],rssi[-60],BSSID=9c:4e:20:c8:b0:f1
01-10 14:56:00.884 I/wpa_supplicant( 1769): AP:ssid[uos-connect],rssi[-59],BSSID=9c:4e:20:c8:b0:f3
01-10 14:56:00.884 I/wpa_supplicant( 1769): AP:ssid[],rssi[-92],BSSID=00:80:48:68:08:99
01-10 14:56:00.884 I/wpa_supplicant( 1769): AP:ssid[eduroam],rssi[-77],BSSID=9c:4e:20:c8:cc:52
01-10 14:56:00.884 I/wpa_supplicant( 1769): AP:ssid[cs],rssi[-76],BSSID=9c:4e:20:c8:cc:51
01-10 14:56:00.884 I/wpa_supplicant( 1769): AP:ssid[uos-visitor],rssi[-74],BSSID=9c:4e:20:c8:cc:54
01-10 14:56:00.884 I/wpa_supplicant( 1769): AP:ssid[uos-connect],rssi[-75],BSSID=9c:4e:20:c8:cc:53
01-10 14:56:00.894 I/wpa_supplicant( 1769): Received 3468 bytes of scan results (18 BSSes)
01-10 14:56:00.894 I/wpa_supplicant( 1769): wpa_driver_wext_get_scan_results---
01-10 14:56:00.894 I/wpa_supplicant( 1769): wpa_disabled_ssid_list_clear
01-10 14:56:00.894 V/WifiMonitor( 1574): Event [wpa_disabled_ssid_list_clear]
01-10 14:56:00.894 I/wpa_supplicant( 1769): No suitable AP found.
01-10 14:56:00.894 I/wpa_supplicant( 1769): CTRL-EVENT-STATE-CHANGE id=-1 state=1 BSSID=00:00:00:00:00:00
01-10 14:56:00.894 V/WifiMonitor( 1574): Event [CTRL-EVENT-STATE-CHANGE id=-1 state=1 BSSID=00:00:00:00:00:00]
01-10 14:56:00.924 D/WifiStateMachine( 1574): Changing supplicant state: SCANNING ==> INACTIVE
01-10 14:56:00.924 D/WifiStateMachine( 1574): setDetailed state, old =SCANNING and new state=IDLE
01-10 14:56:00.974 D/dalvikvm( 2713): GC_CONCURRENT freed 446K, 10% free 6816K/7495K, paused 1ms+1ms
01-10 14:56:01.034 I/wpa_supplicant( 1769): CTRL-EVENT-STATE-CHANGE id=-1 state=2 BSSID=00:00:00:00:00:00
01-10 14:56:01.034 V/WifiMonitor( 1574): Event [CTRL-EVENT-STATE-CHANGE id=-1 state=2 BSSID=00:00:00:00:00:00]
01-10 14:56:01.034 D/WifiStateMachine( 1574): Changing supplicant state: INACTIVE ==> SCANNING
01-10 14:56:01.034 D/WifiStateMachine( 1574): setDetailed state, old =IDLE and new state=SCANNING
01-10 14:56:01.104 I/System.out( 2646): 17
01-10 14:56:02.105 I/System.out( 2646): 17
01-10 14:56:02.206 I/wpa_supplicant( 1769): got scan complete
01-10 14:56:02.206 I/wpa_supplicant( 1769): wpa_supplicant_get_scan_results:return scan results2
01-10 14:56:02.206 I/wpa_supplicant( 1769): AP:ssid[BTBusinessHub-353],rssi[-88],BSSID=c0:83:0a:e0:12:d1
01-10 14:56:02.206 I/wpa_supplicant( 1769): AP:ssid[BTOpenzone],rssi[-89],BSSID=c0:83:0a:e0:12:d4
01-10 14:56:02.206 I/wpa_supplicant( 1769): AP:ssid[BTOpenzone],rssi[-83],BSSID=9c:4e:20:c8:9e:70
01-10 14:56:02.206 I/wpa_supplicant( 1769): AP:ssid[uos-visitor],rssi[-86],BSSID=9c:4e:20:c8:9e:74
01-10 14:56:02.206 I/wpa_supplicant( 1769): AP:ssid[cs],rssi[-85],BSSID=9c:4e:20:c8:9e:71
01-10 14:56:02.206 I/wpa_supplicant( 1769): AP:ssid[eduroam],rssi[-82],BSSID=9c:4e:20:c8:9e:72
01-10 14:56:02.206 I/wpa_supplicant( 1769): AP:ssid[uos-connect],rssi[-86],BSSID=9c:4e:20:c8:9e:73
01-10 14:56:02.206 I/wpa_supplicant( 1769): AP:ssid[LD-Net],rssi[-88],BSSID=00:14:6c:fd:72:38
01-10 14:56:02.206 I/wpa_supplicant( 1769): AP:ssid[hpsetup],rssi[-92],BSSID=c2:ce:46:d5:40:9c
01-10 14:56:02.206 I/wpa_supplicant( 1769): AP:ssid[eduroam],rssi[-60],BSSID=9c:4e:20:c8:b0:f2
01-10 14:56:02.206 I/wpa_supplicant( 1769): AP:ssid[cs],rssi[-58],BSSID=9c:4e:20:c8:b0:f1
01-10 14:56:02.206 I/wpa_supplicant( 1769): AP:ssid[uos-connect],rssi[-60],BSSID=9c:4e:20:c8:b0:f3
01-10 14:56:02.206 I/wpa_supplicant( 1769): AP:ssid[BTOpenzone],rssi[-59],BSSID=9c:4e:20:c8:b0:f0
01-10 14:56:02.206 I/wpa_supplicant( 1769): AP:ssid[uos-visitor],rssi[-60],BSSID=9c:4e:20:c8:b0:f4
01-10 14:56:02.206 I/wpa_supplicant( 1769): AP:ssid[cs],rssi[-77],BSSID=9c:4e:20:c8:cc:51
01-10 14:56:02.206 I/wpa_supplicant( 1769): AP:ssid[uos-connect],rssi[-77],BSSID=9c:4e:20:c8:cc:53
01-10 14:56:02.206 I/wpa_supplicant( 1769): AP:ssid[eduroam],rssi[-75],BSSID=9c:4e:20:c8:cc:52
01-10 14:56:02.206 I/wpa_supplicant( 1769): AP:ssid[uos-visitor],rssi[-74],BSSID=9c:4e:20:c8:cc:54
01-10 14:56:02.206 I/wpa_supplicant( 1769): Received 3411 bytes of scan results (18 BSSes)
01-10 14:56:02.206 I/wpa_supplicant( 1769): wpa_driver_wext_get_scan_results---
01-10 14:56:02.216 I/wpa_supplicant( 1769): wpa_disabled_ssid_list_clear
01-10 14:56:02.216 V/WifiMonitor( 1574): Event [wpa_disabled_ssid_list_clear]
01-10 14:56:02.216 I/wpa_supplicant( 1769): No suitable AP found.
01-10 14:56:02.216 I/wpa_supplicant( 1769): CTRL-EVENT-STATE-CHANGE id=-1 state=1 BSSID=00:00:00:00:00:00
01-10 14:56:02.216 V/WifiMonitor( 1574): Event [CTRL-EVENT-STATE-CHANGE id=-1 state=1 BSSID=00:00:00:00:00:00]
01-10 14:56:02.246 D/WifiStateMachine( 1574): Changing supplicant state: SCANNING ==> INACTIVE
01-10 14:56:02.246 D/WifiStateMachine( 1574): setDetailed state, old =SCANNING and new state=IDLE
01-10 14:56:02.356 I/wpa_supplicant( 1769): CTRL-EVENT-STATE-CHANGE id=-1 state=2 BSSID=00:00:00:00:00:00
01-10 14:56:02.356 V/WifiMonitor( 1574): Event [CTRL-EVENT-STATE-CHANGE id=-1 state=2 BSSID=00:00:00:00:00:00]
01-10 14:56:02.356 D/WifiStateMachine( 1574): Changing supplicant state: INACTIVE ==> SCANNING
01-10 14:56:02.356 D/WifiStateMachine( 1574): setDetailed state, old =IDLE and new state=SCANNING
01-10 14:56:02.436 D/dalvikvm( 2713): GC_CONCURRENT freed 446K, 10% free 6816K/7495K, paused 1ms+1ms
01-10 14:56:03.106 I/System.out( 2646): 18
01-10 14:56:03.497 I/wpa_supplicant( 1769): got scan complete
01-10 14:56:03.497 I/wpa_supplicant( 1769): wpa_supplicant_get_scan_results:return scan results2
01-10 14:56:03.497 I/wpa_supplicant( 1769): AP:ssid[BTBusinessHub-353],rssi[-88],BSSID=c0:83:0a:e0:12:d1
01-10 14:56:03.497 I/wpa_supplicant( 1769): AP:ssid[BTOpenzone],rssi[-90],BSSID=c0:83:0a:e0:12:d4
01-10 14:56:03.497 I/wpa_supplicant( 1769): AP:ssid[uos-visitor],rssi[-87],BSSID=9c:4e:20:c8:9e:74
01-10 14:56:03.497 I/wpa_supplicant( 1769): AP:ssid[cs],rssi[-84],BSSID=9c:4e:20:c8:9e:71
01-10 14:56:03.497 I/wpa_supplicant( 1769): AP:ssid[BTOpenzone],rssi[-86],BSSID=9c:4e:20:c8:9e:70
01-10 14:56:03.497 I/wpa_supplicant( 1769): AP:ssid[eduroam],rssi[-87],BSSID=9c:4e:20:c8:9e:72
01-10 14:56:03.497 I/wpa_supplicant( 1769): AP:ssid[uos-connect],rssi[-87],BSSID=9c:4e:20:c8:9e:73
01-10 14:56:03.497 I/wpa_supplicant( 1769): AP:ssid[hpsetup],rssi[-93],BSSID=c2:ce:46:d5:40:9c
01-10 14:56:03.497 I/wpa_supplicant( 1769): AP:ssid[LD-Net],rssi[-89],BSSID=00:14:6c:fd:72:38
01-10 14:56:03.497 I/wpa_supplicant( 1769): AP:ssid[BTOpenzone],rssi[-57],BSSID=9c:4e:20:c8:b0:f0
01-10 14:56:03.497 I/wpa_supplicant( 1769): AP:ssid[uos-visitor],rssi[-59],BSSID=9c:4e:20:c8:b0:f4
01-10 14:56:03.497 I/wpa_supplicant( 1769): AP:ssid[eduroam],rssi[-57],BSSID=9c:4e:20:c8:b0:f2
01-10 14:56:03.497 I/wpa_supplicant( 1769): AP:ssid[cs],rssi[-59],BSSID=9c:4e:20:c8:b0:f1
01-10 14:56:03.497 I/wpa_supplicant( 1769): AP:ssid[uos-connect],rssi[-59],BSSID=9c:4e:20:c8:b0:f3
01-10 14:56:03.497 I/wpa_supplicant( 1769): AP:ssid[],rssi[-93],BSSID=00:80:48:68:08:99
01-10 14:56:03.497 I/wpa_supplicant( 1769): AP:ssid[uos-visitor],rssi[-79],BSSID=9c:4e:20:c8:cc:54
01-10 14:56:03.497 I/wpa_supplicant( 1769): AP:ssid[uos-connect],rssi[-75],BSSID=9c:4e:20:c8:cc:53
01-10 14:56:03.497 I/wpa_supplicant( 1769): AP:ssid[BTOpenzone],rssi[-75],BSSID=9c:4e:20:c8:cc:50
01-10 14:56:03.497 I/wpa_supplicant( 1769): AP:ssid[cs],rssi[-74],BSSID=9c:4e:20:c8:cc:51
01-10 14:56:03.497 I/wpa_supplicant( 1769): Received 3548 bytes of scan results (19 BSSes)
01-10 14:56:03.497 I/wpa_supplicant( 1769): wpa_driver_wext_get_scan_results---
01-10 14:56:03.517 I/wpa_supplicant( 1769): wpa_disabled_ssid_list_clear
01-10 14:56:03.517 V/WifiMonitor( 1574): Event [wpa_disabled_ssid_list_clear]
01-10 14:56:03.517 I/wpa_supplicant( 1769): No suitable AP found.
01-10 14:56:03.517 I/wpa_supplicant( 1769): CTRL-EVENT-STATE-CHANGE id=-1 state=1 BSSID=00:00:00:00:00:00
01-10 14:56:03.517 V/WifiMonitor( 1574): Event [CTRL-EVENT-STATE-CHANGE id=-1 state=1 BSSID=00:00:00:00:00:00]
01-10 14:56:03.547 D/WifiStateMachine( 1574): Changing supplicant state: SCANNING ==> INACTIVE
01-10 14:56:03.547 D/WifiStateMachine( 1574): setDetailed state, old =SCANNING and new state=IDLE
01-10 14:56:03.647 I/wpa_supplicant( 1769): CTRL-EVENT-STATE-CHANGE id=-1 state=2 BSSID=00:00:00:00:00:00
01-10 14:56:03.647 V/WifiMonitor( 1574): Event [CTRL-EVENT-STATE-CHANGE id=-1 state=2 BSSID=00:00:00:00:00:00]
01-10 14:56:03.647 D/WifiStateMachine( 1574): Changing supplicant state: INACTIVE ==> SCANNING
01-10 14:56:03.647 D/WifiStateMachine( 1574): setDetailed state, old =IDLE and new state=SCANNING
01-10 14:56:04.107 I/System.out( 2646): 18
01-10 14:56:04.818 I/wpa_supplicant( 1769): got scan complete
01-10 14:56:04.818 I/wpa_supplicant( 1769): wpa_supplicant_get_scan_results:return scan results2
01-10 14:56:04.818 I/wpa_supplicant( 1769): AP:ssid[BTBusinessHub-353],rssi[-87],BSSID=c0:83:0a:e0:12:d1
01-10 14:56:04.818 I/wpa_supplicant( 1769): AP:ssid[BTOpenzone],rssi[-89],BSSID=c0:83:0a:e0:12:d4
01-10 14:56:04.818 I/wpa_supplicant( 1769): AP:ssid[BTOpenzone],rssi[-86],BSSID=9c:4e:20:c8:9e:70
01-10 14:56:04.818 I/wpa_supplicant( 1769): AP:ssid[eduroam],rssi[-85],BSSID=9c:4e:20:c8:9e:72
01-10 14:56:04.818 I/wpa_supplicant( 1769): AP:ssid[cs],rssi[-85],BSSID=9c:4e:20:c8:9e:71
01-10 14:56:04.818 I/wpa_supplicant( 1769): AP:ssid[uos-visitor],rssi[-89],BSSID=9c:4e:20:c8:9e:74
01-10 14:56:04.818 I/wpa_supplicant( 1769): AP:ssid[uos-connect],rssi[-85],BSSID=9c:4e:20:c8:9e:73
01-10 14:56:04.818 I/wpa_supplicant( 1769): AP:ssid[hpsetup],rssi[-91],BSSID=c2:ce:46:d5:40:9c
01-10 14:56:04.818 I/wpa_supplicant( 1769): AP:ssid[LD-Net],rssi[-88],BSSID=00:14:6c:fd:72:38
01-10 14:56:04.818 I/wpa_supplicant( 1769): AP:ssid[cs],rssi[-58],BSSID=9c:4e:20:c8:b0:f1
01-10 14:56:04.818 I/wpa_supplicant( 1769): AP:ssid[uos-connect],rssi[-59],BSSID=9c:4e:20:c8:b0:f3
01-10 14:56:04.818 I/wpa_supplicant( 1769): AP:ssid[BTOpenzone],rssi[-58],BSSID=9c:4e:20:c8:b0:f0
01-10 14:56:04.818 I/wpa_supplicant( 1769): AP:ssid[uos-visitor],rssi[-59],BSSID=9c:4e:20:c8:b0:f4
01-10 14:56:04.818 I/wpa_supplicant( 1769): AP:ssid[eduroam],rssi[-60],BSSID=9c:4e:20:c8:b0:f2
01-10 14:56:04.818 I/wpa_supplicant( 1769): AP:ssid[],rssi[-90],BSSID=00:80:48:68:08:99
01-10 14:56:04.818 I/wpa_supplicant( 1769): AP:ssid[uos-connect],rssi[-84],BSSID=9c:4e:20:c8:cc:53
01-10 14:56:04.818 I/wpa_supplicant( 1769): AP:ssid[eduroam],rssi[-75],BSSID=9c:4e:20:c8:cc:52
01-10 14:56:04.818 I/wpa_supplicant( 1769): AP:ssid[uos-visitor],rssi[-82],BSSID=9c:4e:20:c8:cc:54
01-10 14:56:04.818 I/wpa_supplicant( 1769): AP:ssid[cs],rssi[-83],BSSID=9c:4e:20:c8:cc:51
01-10 14:56:04.818 I/wpa_supplicant( 1769): Received 3575 bytes of scan results (19 BSSes)
01-10 14:56:04.818 I/wpa_supplicant( 1769): wpa_driver_wext_get_scan_results---
01-10 14:56:04.828 I/wpa_supplicant( 1769): wpa_disabled_ssid_list_clear
01-10 14:56:04.828 V/WifiMonitor( 1574): Event [wpa_disabled_ssid_list_clear]
01-10 14:56:04.828 I/wpa_supplicant( 1769): No suitable AP found.
01-10 14:56:04.828 I/wpa_supplicant( 1769): CTRL-EVENT-STATE-CHANGE id=-1 state=1 BSSID=00:00:00:00:00:00
01-10 14:56:04.828 V/WifiMonitor( 1574): Event [CTRL-EVENT-STATE-CHANGE id=-1 state=1 BSSID=00:00:00:00:00:00]
01-10 14:56:04.858 D/WifiStateMachine( 1574): Changing supplicant state: SCANNING ==> INACTIVE
01-10 14:56:04.858 D/WifiStateMachine( 1574): setDetailed state, old =SCANNING and new state=IDLE
01-10 14:56:04.908 D/dalvikvm( 2713): GC_CONCURRENT freed 446K, 10% free 6816K/7495K, paused 1ms+1ms
01-10 14:56:04.968 I/wpa_supplicant( 1769): CTRL-EVENT-STATE-CHANGE id=-1 state=2 BSSID=00:00:00:00:00:00
01-10 14:56:04.968 V/WifiMonitor( 1574): Event [CTRL-EVENT-STATE-CHANGE id=-1 state=2 BSSID=00:00:00:00:00:00]
01-10 14:56:04.968 D/WifiStateMachine( 1574): Changing supplicant state: INACTIVE ==> SCANNING
01-10 14:56:04.968 D/WifiStateMachine( 1574): setDetailed state, old =IDLE and new state=SCANNING
01-10 14:56:05.108 I/System.out( 2646): 18
01-10 14:56:06.099 I/wpa_supplicant( 1769): got scan complete
01-10 14:56:06.099 I/wpa_supplicant( 1769): wpa_supplicant_get_scan_results:return scan results2
01-10 14:56:06.109 I/wpa_supplicant( 1769): AP:ssid[BTBusinessHub-353],rssi[-88],BSSID=c0:83:0a:e0:12:d1
01-10 14:56:06.109 I/wpa_supplicant( 1769): AP:ssid[BTOpenzone],rssi[-90],BSSID=c0:83:0a:e0:12:d4
01-10 14:56:06.109 I/System.out( 2646): 18
01-10 14:56:06.109 I/wpa_supplicant( 1769): AP:ssid[uos-visitor],rssi[-84],BSSID=9c:4e:20:c8:9e:74
01-10 14:56:06.109 I/wpa_supplicant( 1769): AP:ssid[eduroam],rssi[-86],BSSID=9c:4e:20:c8:9e:72
01-10 14:56:06.109 I/wpa_supplicant( 1769): AP:ssid[cs],rssi[-85],BSSID=9c:4e:20:c8:9e:71
01-10 14:56:06.109 I/wpa_supplicant( 1769): AP:ssid[BTOpenzone],rssi[-86],BSSID=9c:4e:20:c8:9e:70
01-10 14:56:06.119 I/wpa_supplicant( 1769): AP:ssid[uos-connect],rssi[-85],BSSID=9c:4e:20:c8:9e:73
01-10 14:56:06.119 I/wpa_supplicant( 1769): AP:ssid[hpsetup],rssi[-93],BSSID=c2:ce:46:d5:40:9c
01-10 14:56:06.119 I/wpa_supplicant( 1769): AP:ssid[LD-Net],rssi[-89],BSSID=00:14:6c:fd:72:38
01-10 14:56:06.119 I/wpa_supplicant( 1769): AP:ssid[BTOpenzone],rssi[-59],BSSID=9c:4e:20:c8:b0:f0
01-10 14:56:06.119 I/wpa_supplicant( 1769): AP:ssid[uos-visitor],rssi[-59],BSSID=9c:4e:20:c8:b0:f4
01-10 14:56:06.119 I/wpa_supplicant( 1769): AP:ssid[eduroam],rssi[-59],BSSID=9c:4e:20:c8:b0:f2
01-10 14:56:06.119 I/wpa_supplicant( 1769): AP:ssid[cs],rssi[-58],BSSID=9c:4e:20:c8:b0:f1
01-10 14:56:06.119 I/wpa_supplicant( 1769): AP:ssid[uos-connect],rssi[-58],BSSID=9c:4e:20:c8:b0:f3
01-10 14:56:06.119 I/wpa_supplicant( 1769): AP:ssid[],rssi[-94],BSSID=00:80:48:68:08:99
01-10 14:56:06.119 I/wpa_supplicant( 1769): AP:ssid[uos-visitor],rssi[-86],BSSID=9c:4e:20:c8:cc:54
01-10 14:56:06.119 I/wpa_supplicant( 1769): AP:ssid[uos-connect],rssi[-74],BSSID=9c:4e:20:c8:cc:53
01-10 14:56:06.119 I/wpa_supplicant( 1769): AP:ssid[BTOpenzone],rssi[-74],BSSID=9c:4e:20:c8:cc:50
01-10 14:56:06.119 I/wpa_supplicant( 1769): AP:ssid[cs],rssi[-75],BSSID=9c:4e:20:c8:cc:51
01-10 14:56:06.119 I/wpa_supplicant( 1769): Received 3548 bytes of scan results (19 BSSes)
01-10 14:56:06.119 I/wpa_supplicant( 1769): wpa_driver_wext_get_scan_results---
01-10 14:56:06.129 I/wpa_supplicant( 1769): wpa_disabled_ssid_list_clear
01-10 14:56:06.129 V/WifiMonitor( 1574): Event [wpa_disabled_ssid_list_clear]
01-10 14:56:06.129 I/wpa_supplicant( 1769): No suitable AP found.
01-10 14:56:06.129 I/wpa_supplicant( 1769): CTRL-EVENT-STATE-CHANGE id=-1 state=1 BSSID=00:00:00:00:00:00
01-10 14:56:06.129 V/WifiMonitor( 1574): Event [CTRL-EVENT-STATE-CHANGE id=-1 state=1 BSSID=00:00:00:00:00:00]
01-10 14:56:06.159 D/WifiStateMachine( 1574): Changing supplicant state: SCANNING ==> INACTIVE
01-10 14:56:06.159 D/WifiStateMachine( 1574): setDetailed state, old =SCANNING and new state=IDLE
01-10 14:56:06.259 I/wpa_supplicant( 1769): CTRL-EVENT-STATE-CHANGE id=-1 state=2 BSSID=00:00:00:00:00:00
01-10 14:56:06.259 V/WifiMonitor( 1574): Event [CTRL-EVENT-STATE-CHANGE id=-1 state=2 BSSID=00:00:00:00:00:00]
01-10 14:56:06.259 D/WifiStateMachine( 1574): Changing supplicant state: INACTIVE ==> SCANNING
01-10 14:56:06.259 D/WifiStateMachine( 1574): setDetailed state, old =IDLE and new state=SCANNING
01-10 14:56:06.360 D/dalvikvm( 2713): GC_CONCURRENT freed 446K, 10% free 6816K/7495K, paused 3ms+2ms
01-10 14:56:07.110 I/System.out( 2646): 18
01-10 14:56:07.401 I/wpa_supplicant( 1769): got scan complete
01-10 14:56:07.401 I/wpa_supplicant( 1769): wpa_supplicant_get_scan_results:return scan results2
01-10 14:56:07.401 I/wpa_supplicant( 1769): AP:ssid[BTBusinessHub-353],rssi[-86],BSSID=c0:83:0a:e0:12:d1
01-10 14:56:07.401 I/wpa_supplicant( 1769): AP:ssid[BTOpenzone],rssi[-90],BSSID=c0:83:0a:e0:12:d4
01-10 14:56:07.401 I/wpa_supplicant( 1769): AP:ssid[uos-visitor],rssi[-85],BSSID=9c:4e:20:c8:9e:74
01-10 14:56:07.401 I/wpa_supplicant( 1769): AP:ssid[cs],rssi[-85],BSSID=9c:4e:20:c8:9e:71
01-10 14:56:07.401 I/wpa_supplicant( 1769): AP:ssid[uos-connect],rssi[-87],BSSID=9c:4e:20:c8:9e:73
01-10 14:56:07.401 I/wpa_supplicant( 1769): AP:ssid[BTOpenzone],rssi[-86],BSSID=9c:4e:20:c8:9e:70
01-10 14:56:07.401 I/wpa_supplicant( 1769): AP:ssid[eduroam],rssi[-85],BSSID=9c:4e:20:c8:9e:72
01-10 14:56:07.401 I/wpa_supplicant( 1769): AP:ssid[eduroam],rssi[-58],BSSID=9c:4e:20:c8:b0:f2
01-10 14:56:07.401 I/wpa_supplicant( 1769): AP:ssid[BTOpenzone],rssi[-59],BSSID=9c:4e:20:c8:b0:f0
01-10 14:56:07.411 I/wpa_supplicant( 1769): AP:ssid[uos-visitor],rssi[-59],BSSID=9c:4e:20:c8:b0:f4
01-10 14:56:07.411 I/wpa_supplicant( 1769): AP:ssid[cs],rssi[-57],BSSID=9c:4e:20:c8:b0:f1
01-10 14:56:07.411 I/wpa_supplicant( 1769): AP:ssid[uos-connect],rssi[-59],BSSID=9c:4e:20:c8:b0:f3
01-10 14:56:07.411 I/wpa_supplicant( 1769): AP:ssid[uos-connect],rssi[-76],BSSID=9c:4e:20:c8:cc:53
01-10 14:56:07.411 I/wpa_supplicant( 1769): AP:ssid[],rssi[-90],BSSID=00:80:48:68:08:99
01-10 14:56:07.411 I/wpa_supplicant( 1769): AP:ssid[BTOpenzone],rssi[-76],BSSID=9c:4e:20:c8:cc:50
01-10 14:56:07.411 I/wpa_supplicant( 1769): AP:ssid[uos-visitor],rssi[-76],BSSID=9c:4e:20:c8:cc:54
01-10 14:56:07.411 I/wpa_supplicant( 1769): AP:ssid[eduroam],rssi[-72],BSSID=9c:4e:20:c8:cc:52
01-10 14:56:07.411 I/wpa_supplicant( 1769): Received 3246 bytes of scan results (17 BSSes)
01-10 14:56:07.411 I/wpa_supplicant( 1769): wpa_driver_wext_get_scan_results---
01-10 14:56:07.421 I/wpa_supplicant( 1769): wpa_disabled_ssid_list_clear
01-10 14:56:07.421 V/WifiMonitor( 1574): Event [wpa_disabled_ssid_list_clear]
01-10 14:56:07.421 I/wpa_supplicant( 1769): No suitable AP found.
01-10 14:56:07.421 I/wpa_supplicant( 1769): CTRL-EVENT-STATE-CHANGE id=-1 state=1 BSSID=00:00:00:00:00:00
01-10 14:56:07.421 V/WifiMonitor( 1574): Event [CTRL-EVENT-STATE-CHANGE id=-1 state=1 BSSID=00:00:00:00:00:00]
01-10 14:56:07.441 D/WifiStateMachine( 1574): Changing supplicant state: SCANNING ==> INACTIVE
01-10 14:56:07.441 D/WifiStateMachine( 1574): setDetailed state, old =SCANNING and new state=IDLE
01-10 14:56:07.551 I/wpa_supplicant( 1769): CTRL-EVENT-STATE-CHANGE id=-1 state=2 BSSID=00:00:00:00:00:00
01-10 14:56:07.551 V/WifiMonitor( 1574): Event [CTRL-EVENT-STATE-CHANGE id=-1 state=2 BSSID=00:00:00:00:00:00]
01-10 14:56:07.551 D/WifiStateMachine( 1574): Changing supplicant state: INACTIVE ==> SCANNING
01-10 14:56:07.551 D/WifiStateMachine( 1574): setDetailed state, old =IDLE and new state=SCANNING
01-10 14:56:08.111 I/System.out( 2646): 16
01-10 14:56:08.732 I/wpa_supplicant( 1769): got scan complete
01-10 14:56:08.732 I/wpa_supplicant( 1769): wpa_supplicant_get_scan_results:return scan results2
01-10 14:56:08.732 I/wpa_supplicant( 1769): AP:ssid[BTBusinessHub-353],rssi[-87],BSSID=c0:83:0a:e0:12:d1
01-10 14:56:08.732 I/wpa_supplicant( 1769): AP:ssid[BTOpenzone],rssi[-88],BSSID=c0:83:0a:e0:12:d4
01-10 14:56:08.732 I/wpa_supplicant( 1769): AP:ssid[uos-connect],rssi[-85],BSSID=9c:4e:20:c8:9e:73
01-10 14:56:08.732 I/wpa_supplicant( 1769): AP:ssid[uos-visitor],rssi[-85],BSSID=9c:4e:20:c8:9e:74
01-10 14:56:08.732 I/wpa_supplicant( 1769): AP:ssid[cs],rssi[-85],BSSID=9c:4e:20:c8:9e:71
01-10 14:56:08.732 I/wpa_supplicant( 1769): AP:ssid[BTOpenzone],rssi[-85],BSSID=9c:4e:20:c8:9e:70
01-10 14:56:08.732 I/wpa_supplicant( 1769): AP:ssid[eduroam],rssi[-85],BSSID=9c:4e:20:c8:9e:72
01-10 14:56:08.732 I/wpa_supplicant( 1769): AP:ssid[uos-connect],rssi[-59],BSSID=9c:4e:20:c8:b0:f3
01-10 14:56:08.732 I/wpa_supplicant( 1769): AP:ssid[BTOpenzone],rssi[-59],BSSID=9c:4e:20:c8:b0:f0
01-10 14:56:08.732 I/wpa_supplicant( 1769): AP:ssid[uos-visitor],rssi[-58],BSSID=9c:4e:20:c8:b0:f4
01-10 14:56:08.732 I/wpa_supplicant( 1769): AP:ssid[eduroam],rssi[-58],BSSID=9c:4e:20:c8:b0:f2
01-10 14:56:08.732 I/wpa_supplicant( 1769): AP:ssid[cs],rssi[-59],BSSID=9c:4e:20:c8:b0:f1
01-10 14:56:08.732 I/wpa_supplicant( 1769): AP:ssid[uos-visitor],rssi[-77],BSSID=9c:4e:20:c8:cc:54
01-10 14:56:08.732 I/wpa_supplicant( 1769): AP:ssid[BTOpenzone],rssi[-72],BSSID=9c:4e:20:c8:cc:50
01-10 14:56:08.732 I/wpa_supplicant( 1769): AP:ssid[eduroam],rssi[-72],BSSID=9c:4e:20:c8:cc:52
01-10 14:56:08.732 I/wpa_supplicant( 1769): AP:ssid[cs],rssi[-81],BSSID=9c:4e:20:c8:cc:51
01-10 14:56:08.732 I/wpa_supplicant( 1769): Received 3103 bytes of scan results (16 BSSes)
01-10 14:56:08.732 I/wpa_supplicant( 1769): wpa_driver_wext_get_scan_results---
01-10 14:56:08.752 I/wpa_supplicant( 1769): wpa_disabled_ssid_list_clear
01-10 14:56:08.752 V/WifiMonitor( 1574): Event [wpa_disabled_ssid_list_clear]
01-10 14:56:08.752 I/wpa_supplicant( 1769): No suitable AP found.
01-10 14:56:08.752 I/wpa_supplicant( 1769): CTRL-EVENT-STATE-CHANGE id=-1 state=1 BSSID=00:00:00:00:00:00
01-10 14:56:08.752 V/WifiMonitor( 1574): Event [CTRL-EVENT-STATE-CHANGE id=-1 state=1 BSSID=00:00:00:00:00:00]
01-10 14:56:08.782 D/WifiStateMachine( 1574): Changing supplicant state: SCANNING ==> INACTIVE
01-10 14:56:08.782 D/WifiStateMachine( 1574): setDetailed state, old =SCANNING and new state=IDLE
01-10 14:56:08.822 D/dalvikvm( 2713): GC_CONCURRENT freed 446K, 10% free 6816K/7495K, paused 1ms+1ms
01-10 14:56:08.882 I/wpa_supplicant( 1769): CTRL-EVENT-STATE-CHANGE id=-1 state=2 BSSID=00:00:00:00:00:00
01-10 14:56:08.882 V/WifiMonitor( 1574): Event [CTRL-EVENT-STATE-CHANGE id=-1 state=2 BSSID=00:00:00:00:00:00]
01-10 14:56:08.892 D/WifiStateMachine( 1574): Changing supplicant state: INACTIVE ==> SCANNING
01-10 14:56:08.892 D/WifiStateMachine( 1574): setDetailed state, old =IDLE and new state=SCANNING
01-10 14:56:09.112 I/System.out( 2646): 16
01-10 14:56:10.063 I/wpa_supplicant( 1769): got scan complete
01-10 14:56:10.063 I/wpa_supplicant( 1769): wpa_supplicant_get_scan_results:return scan results2
01-10 14:56:10.063 I/wpa_supplicant( 1769): AP:ssid[BTBusinessHub-353],rssi[-91],BSSID=c0:83:0a:e0:12:d1
01-10 14:56:10.063 I/wpa_supplicant( 1769): AP:ssid[BTOpenzone],rssi[-88],BSSID=c0:83:0a:e0:12:d4
01-10 14:56:10.063 I/wpa_supplicant( 1769): AP:ssid[uos-visitor],rssi[-83],BSSID=9c:4e:20:c8:9e:74
01-10 14:56:10.073 I/wpa_supplicant( 1769): AP:ssid[eduroam],rssi[-82],BSSID=9c:4e:20:c8:9e:72
01-10 14:56:10.073 I/wpa_supplicant( 1769): AP:ssid[uos-connect],rssi[-83],BSSID=9c:4e:20:c8:9e:73
01-10 14:56:10.073 I/wpa_supplicant( 1769): AP:ssid[cs],rssi[-83],BSSID=9c:4e:20:c8:9e:71
01-10 14:56:10.073 I/wpa_supplicant( 1769): AP:ssid[BTOpenzone],rssi[-89],BSSID=9c:4e:20:c8:9e:70
01-10 14:56:10.073 I/wpa_supplicant( 1769): AP:ssid[LD-Net],rssi[-91],BSSID=00:14:6c:fd:72:38
01-10 14:56:10.073 I/wpa_supplicant( 1769): AP:ssid[hpsetup],rssi[-92],BSSID=c2:ce:46:d5:40:9c
01-10 14:56:10.073 I/wpa_supplicant( 1769): AP:ssid[cs],rssi[-59],BSSID=9c:4e:20:c8:b0:f1
01-10 14:56:10.073 I/wpa_supplicant( 1769): AP:ssid[BTOpenzone],rssi[-60],BSSID=9c:4e:20:c8:b0:f0
01-10 14:56:10.073 I/wpa_supplicant( 1769): AP:ssid[uos-visitor],rssi[-60],BSSID=9c:4e:20:c8:b0:f4
01-10 14:56:10.073 I/wpa_supplicant( 1769): AP:ssid[eduroam],rssi[-60],BSSID=9c:4e:20:c8:b0:f2
01-10 14:56:10.073 I/wpa_supplicant( 1769): AP:ssid[uos-connect],rssi[-58],BSSID=9c:4e:20:c8:b0:f3
01-10 14:56:10.073 I/wpa_supplicant( 1769): AP:ssid[],rssi[-91],BSSID=00:80:48:68:08:99
01-10 14:56:10.073 I/wpa_supplicant( 1769): AP:ssid[uos-connect],rssi[-84],BSSID=9c:4e:20:c8:cc:53
01-10 14:56:10.073 I/wpa_supplicant( 1769): AP:ssid[cs],rssi[-73],BSSID=9c:4e:20:c8:cc:51
01-10 14:56:10.073 I/wpa_supplicant( 1769): AP:ssid[BTOpenzone],rssi[-73],BSSID=9c:4e:20:c8:cc:50
01-10 14:56:10.073 I/wpa_supplicant( 1769): AP:ssid[uos-visitor],rssi[-73],BSSID=9c:4e:20:c8:cc:54
01-10 14:56:10.073 I/wpa_supplicant( 1769): Received 3612 bytes of scan results (19 BSSes)
01-10 14:56:10.073 I/wpa_supplicant( 1769): wpa_driver_wext_get_scan_results---
01-10 14:56:10.083 I/wpa_supplicant( 1769): wpa_disabled_ssid_list_clear
01-10 14:56:10.083 V/WifiMonitor( 1574): Event [wpa_disabled_ssid_list_clear]
01-10 14:56:10.083 I/wpa_supplicant( 1769): No suitable AP found.
01-10 14:56:10.083 I/wpa_supplicant( 1769): CTRL-EVENT-STATE-CHANGE id=-1 state=1 BSSID=00:00:00:00:00:00
01-10 14:56:10.083 V/WifiMonitor( 1574): Event [CTRL-EVENT-STATE-CHANGE id=-1 state=1 BSSID=00:00:00:00:00:00]
01-10 14:56:10.103 I/System.out( 2646): 18
01-10 14:56:10.113 D/WifiStateMachine( 1574): Changing supplicant state: SCANNING ==> INACTIVE
01-10 14:56:10.113 D/WifiStateMachine( 1574): setDetailed state, old =SCANNING and new state=IDLE
01-10 14:56:10.223 I/wpa_supplicant( 1769): CTRL-EVENT-STATE-CHANGE id=-1 state=2 BSSID=00:00:00:00:00:00
01-10 14:56:10.223 V/WifiMonitor( 1574): Event [CTRL-EVENT-STATE-CHANGE id=-1 state=2 BSSID=00:00:00:00:00:00]
01-10 14:56:10.223 D/WifiStateMachine( 1574): Changing supplicant state: INACTIVE ==> SCANNING
01-10 14:56:10.223 D/WifiStateMachine( 1574): setDetailed state, old =IDLE and new state=SCANNING
01-10 14:56:10.333 D/dalvikvm( 2713): GC_CONCURRENT freed 446K, 10% free 6816K/7495K, paused 4ms+4ms
01-10 14:56:11.114 I/System.out( 2646): 18
01-10 14:56:11.404 I/wpa_supplicant( 1769): got scan complete
01-10 14:56:11.404 I/wpa_supplicant( 1769): wpa_supplicant_get_scan_results:return scan results2
01-10 14:56:11.404 I/wpa_supplicant( 1769): AP:ssid[BTBusinessHub-353],rssi[-87],BSSID=c0:83:0a:e0:12:d1
01-10 14:56:11.404 I/wpa_supplicant( 1769): AP:ssid[BTOpenzone],rssi[-90],BSSID=c0:83:0a:e0:12:d4
01-10 14:56:11.404 I/wpa_supplicant( 1769): AP:ssid[uos-connect],rssi[-85],BSSID=9c:4e:20:c8:9e:73
01-10 14:56:11.404 I/wpa_supplicant( 1769): AP:ssid[cs],rssi[-85],BSSID=9c:4e:20:c8:9e:71
01-10 14:56:11.404 I/wpa_supplicant( 1769): AP:ssid[BTOpenzone],rssi[-85],BSSID=9c:4e:20:c8:9e:70
01-10 14:56:11.404 I/wpa_supplicant( 1769): AP:ssid[uos-visitor],rssi[-84],BSSID=9c:4e:20:c8:9e:74
01-10 14:56:11.404 I/wpa_supplicant( 1769): AP:ssid[eduroam],rssi[-86],BSSID=9c:4e:20:c8:9e:72
01-10 14:56:11.404 I/wpa_supplicant( 1769): AP:ssid[hpsetup],rssi[-92],BSSID=c2:ce:46:d5:40:9c
01-10 14:56:11.404 I/wpa_supplicant( 1769): AP:ssid[LD-Net],rssi[-90],BSSID=00:14:6c:fd:72:38
01-10 14:56:11.404 I/wpa_supplicant( 1769): AP:ssid[eduroam],rssi[-57],BSSID=9c:4e:20:c8:b0:f2
01-10 14:56:11.404 I/wpa_supplicant( 1769): AP:ssid[cs],rssi[-59],BSSID=9c:4e:20:c8:b0:f1
01-10 14:56:11.404 I/wpa_supplicant( 1769): AP:ssid[uos-connect],rssi[-55],BSSID=9c:4e:20:c8:b0:f3
01-10 14:56:11.404 I/wpa_supplicant( 1769): AP:ssid[BTOpenzone],rssi[-58],BSSID=9c:4e:20:c8:b0:f0
01-10 14:56:11.404 I/wpa_supplicant( 1769): AP:ssid[uos-visitor],rssi[-59],BSSID=9c:4e:20:c8:b0:f4
01-10 14:56:11.404 I/wpa_supplicant( 1769): AP:ssid[],rssi[-92],BSSID=00:80:48:68:08:99
01-10 14:56:11.404 I/wpa_supplicant( 1769): AP:ssid[uos-connect],rssi[-75],BSSID=9c:4e:20:c8:cc:53
01-10 14:56:11.404 I/wpa_supplicant( 1769): AP:ssid[eduroam],rssi[-74],BSSID=9c:4e:20:c8:cc:52
01-10 14:56:11.404 I/wpa_supplicant( 1769): AP:ssid[cs],rssi[-73],BSSID=9c:4e:20:c8:cc:51
01-10 14:56:11.404 I/wpa_supplicant( 1769): AP:ssid[uos-visitor],rssi[-74],BSSID=9c:4e:20:c8:cc:54
01-10 14:56:11.404 I/wpa_supplicant( 1769): Received 3575 bytes of scan results (19 BSSes)
01-10 14:56:11.404 I/wpa_supplicant( 1769): wpa_driver_wext_get_scan_results---
01-10 14:56:11.415 I/wpa_supplicant( 1769): wpa_disabled_ssid_list_clear
01-10 14:56:11.415 V/WifiMonitor( 1574): Event [wpa_disabled_ssid_list_clear]
01-10 14:56:11.415 I/wpa_supplicant( 1769): No suitable AP found.
01-10 14:56:11.415 I/wpa_supplicant( 1769): CTRL-EVENT-STATE-CHANGE id=-1 state=1 BSSID=00:00:00:00:00:00
01-10 14:56:11.415 V/WifiMonitor( 1574): Event [CTRL-EVENT-STATE-CHANGE id=-1 state=1 BSSID=00:00:00:00:00:00]
01-10 14:56:11.445 D/WifiStateMachine( 1574): Changing supplicant state: SCANNING ==> INACTIVE
01-10 14:56:11.445 D/WifiStateMachine( 1574): setDetailed state, old =SCANNING and new state=IDLE
01-10 14:56:11.555 I/wpa_supplicant( 1769): CTRL-EVENT-STATE-CHANGE id=-1 state=2 BSSID=00:00:00:00:00:00
01-10 14:56:11.555 V/WifiMonitor( 1574): Event [CTRL-EVENT-STATE-CHANGE id=-1 state=2 BSSID=00:00:00:00:00:00]
01-10 14:56:11.555 D/WifiStateMachine( 1574): Changing supplicant state: INACTIVE ==> SCANNING
01-10 14:56:11.555 D/WifiStateMachine( 1574): setDetailed state, old =IDLE and new state=SCANNING
01-10 14:56:12.105 I/System.out( 2646): 18
01-10 14:56:12.686 I/wpa_supplicant( 1769): got scan complete
01-10 14:56:12.686 I/wpa_supplicant( 1769): wpa_supplicant_get_scan_results:return scan results2
01-10 14:56:12.696 I/wpa_supplicant( 1769): AP:ssid[uos-visitor],rssi[-83],BSSID=9c:4e:20:c8:9e:74
01-10 14:56:12.696 I/wpa_supplicant( 1769): AP:ssid[BTOpenzone],rssi[-84],BSSID=9c:4e:20:c8:9e:70
01-10 14:56:12.696 I/wpa_supplicant( 1769): AP:ssid[uos-connect],rssi[-84],BSSID=9c:4e:20:c8:9e:73
01-10 14:56:12.696 I/wpa_supplicant( 1769): AP:ssid[cs],rssi[-82],BSSID=9c:4e:20:c8:9e:71
01-10 14:56:12.696 I/wpa_supplicant( 1769): AP:ssid[eduroam],rssi[-84],BSSID=9c:4e:20:c8:9e:72
01-10 14:56:12.696 I/wpa_supplicant( 1769): AP:ssid[hpsetup],rssi[-94],BSSID=c2:ce:46:d5:40:9c
01-10 14:56:12.696 I/wpa_supplicant( 1769): AP:ssid[LD-Net],rssi[-88],BSSID=00:14:6c:fd:72:38
01-10 14:56:12.696 I/wpa_supplicant( 1769): AP:ssid[BTOpenzone],rssi[-57],BSSID=9c:4e:20:c8:b0:f0
01-10 14:56:12.696 I/wpa_supplicant( 1769): AP:ssid[uos-visitor],rssi[-56],BSSID=9c:4e:20:c8:b0:f4
01-10 14:56:12.696 I/wpa_supplicant( 1769): AP:ssid[eduroam],rssi[-58],BSSID=9c:4e:20:c8:b0:f2
01-10 14:56:12.696 I/wpa_supplicant( 1769): AP:ssid[cs],rssi[-58],BSSID=9c:4e:20:c8:b0:f1
01-10 14:56:12.696 I/wpa_supplicant( 1769): AP:ssid[uos-connect],rssi[-57],BSSID=9c:4e:20:c8:b0:f3
01-10 14:56:12.696 I/wpa_supplicant( 1769): AP:ssid[],rssi[-95],BSSID=00:80:48:68:08:99
01-10 14:56:12.696 I/wpa_supplicant( 1769): AP:ssid[uos-connect],rssi[-83],BSSID=9c:4e:20:c8:cc:53
01-10 14:56:12.696 I/wpa_supplicant( 1769): AP:ssid[BTOpenzone],rssi[-80],BSSID=9c:4e:20:c8:cc:50
01-10 14:56:12.696 I/wpa_supplicant( 1769): AP:ssid[uos-visitor],rssi[-79],BSSID=9c:4e:20:c8:cc:54
01-10 14:56:12.696 I/wpa_supplicant( 1769): AP:ssid[cs],rssi[-72],BSSID=9c:4e:20:c8:cc:51
01-10 14:56:12.696 I/wpa_supplicant( 1769): Received 3123 bytes of scan results (17 BSSes)
01-10 14:56:12.696 I/wpa_supplicant( 1769): wpa_driver_wext_get_scan_results---
01-10 14:56:12.706 I/wpa_supplicant( 1769): wpa_disabled_ssid_list_clear
01-10 14:56:12.706 V/WifiMonitor( 1574): Event [wpa_disabled_ssid_list_clear]
01-10 14:56:12.706 I/wpa_supplicant( 1769): No suitable AP found.
01-10 14:56:12.706 I/wpa_supplicant( 1769): CTRL-EVENT-STATE-CHANGE id=-1 state=1 BSSID=00:00:00:00:00:00
01-10 14:56:12.706 V/WifiMonitor( 1574): Event [CTRL-EVENT-STATE-CHANGE id=-1 state=1 BSSID=00:00:00:00:00:00]
01-10 14:56:12.736 D/WifiStateMachine( 1574): Changing supplicant state: SCANNING ==> INACTIVE
01-10 14:56:12.736 D/WifiStateMachine( 1574): setDetailed state, old =SCANNING and new state=IDLE
01-10 14:56:12.786 D/dalvikvm( 2713): GC_CONCURRENT freed 446K, 10% free 6816K/7495K, paused 1ms+2ms
01-10 14:56:12.846 I/wpa_supplicant( 1769): CTRL-EVENT-STATE-CHANGE id=-1 state=2 BSSID=00:00:00:00:00:00
01-10 14:56:12.846 V/WifiMonitor( 1574): Event [CTRL-EVENT-STATE-CHANGE id=-1 state=2 BSSID=00:00:00:00:00:00]
01-10 14:56:12.846 D/WifiStateMachine( 1574): Changing supplicant state: INACTIVE ==> SCANNING
01-10 14:56:12.846 D/WifiStateMachine( 1574): setDetailed state, old =IDLE and new state=SCANNING
01-10 14:56:13.106 I/System.out( 2646): 16
01-10 14:56:13.977 I/wpa_supplicant( 1769): got scan complete
01-10 14:56:13.977 I/wpa_supplicant( 1769): wpa_supplicant_get_scan_results:return scan results2
01-10 14:56:13.977 I/wpa_supplicant( 1769): AP:ssid[BTBusinessHub-353],rssi[-88],BSSID=c0:83:0a:e0:12:d1
01-10 14:56:13.987 I/wpa_supplicant( 1769): AP:ssid[BTOpenzone],rssi[-89],BSSID=c0:83:0a:e0:12:d4
01-10 14:56:13.987 I/wpa_supplicant( 1769): AP:ssid[BTOpenzone],rssi[-86],BSSID=9c:4e:20:c8:9e:70
01-10 14:56:13.987 I/wpa_supplicant( 1769): AP:ssid[eduroam],rssi[-83],BSSID=9c:4e:20:c8:9e:72
01-10 14:56:13.987 I/wpa_supplicant( 1769): AP:ssid[uos-connect],rssi[-82],BSSID=9c:4e:20:c8:9e:73
01-10 14:56:13.987 I/wpa_supplicant( 1769): AP:ssid[uos-visitor],rssi[-87],BSSID=9c:4e:20:c8:9e:74
01-10 14:56:13.987 I/wpa_supplicant( 1769): AP:ssid[cs],rssi[-85],BSSID=9c:4e:20:c8:9e:71
01-10 14:56:13.987 I/wpa_supplicant( 1769): AP:ssid[hpsetup],rssi[-92],BSSID=c2:ce:46:d5:40:9c
01-10 14:56:13.987 I/wpa_supplicant( 1769): AP:ssid[cs],rssi[-59],BSSID=9c:4e:20:c8:b0:f1
01-10 14:56:13.987 I/wpa_supplicant( 1769): AP:ssid[eduroam],rssi[-59],BSSID=9c:4e:20:c8:b0:f2
01-10 14:56:13.987 I/wpa_supplicant( 1769): AP:ssid[uos-connect],rssi[-60],BSSID=9c:4e:20:c8:b0:f3
01-10 14:56:13.987 I/wpa_supplicant( 1769): AP:ssid[BTOpenzone],rssi[-57],BSSID=9c:4e:20:c8:b0:f0
01-10 14:56:13.987 I/wpa_supplicant( 1769): AP:ssid[uos-visitor],rssi[-59],BSSID=9c:4e:20:c8:b0:f4
01-10 14:56:13.987 I/wpa_supplicant( 1769): AP:ssid[],rssi[-91],BSSID=00:80:48:68:08:99
01-10 14:56:13.987 I/wpa_supplicant( 1769): AP:ssid[uos-connect],rssi[-82],BSSID=9c:4e:20:c8:cc:53
01-10 14:56:13.987 I/wpa_supplicant( 1769): AP:ssid[eduroam],rssi[-79],BSSID=9c:4e:20:c8:cc:52
01-10 14:56:13.987 I/wpa_supplicant( 1769): AP:ssid[BTOpenzone],rssi[-75],BSSID=9c:4e:20:c8:cc:50
01-10 14:56:13.987 I/wpa_supplicant( 1769): AP:ssid[cs],rssi[-75],BSSID=9c:4e:20:c8:cc:51
01-10 14:56:13.987 I/wpa_supplicant( 1769): Received 3344 bytes of scan results (18 BSSes)
01-10 14:56:13.987 I/wpa_supplicant( 1769): wpa_driver_wext_get_scan_results---
01-10 14:56:13.997 I/wpa_supplicant( 1769): wpa_disabled_ssid_list_clear
01-10 14:56:13.997 V/WifiMonitor( 1574): Event [wpa_disabled_ssid_list_clear]
01-10 14:56:13.997 I/wpa_supplicant( 1769): No suitable AP found.
01-10 14:56:13.997 I/wpa_supplicant( 1769): CTRL-EVENT-STATE-CHANGE id=-1 state=1 BSSID=00:00:00:00:00:00
01-10 14:56:13.997 V/WifiMonitor( 1574): Event [CTRL-EVENT-STATE-CHANGE id=-1 state=1 BSSID=00:00:00:00:00:00]
01-10 14:56:14.027 D/WifiStateMachine( 1574): Changing supplicant state: SCANNING ==> INACTIVE
01-10 14:56:14.027 D/WifiStateMachine( 1574): setDetailed state, old =SCANNING and new state=IDLE
01-10 14:56:14.107 I/System.out( 2646): 17
01-10 14:56:14.127 I/wpa_supplicant( 1769): CTRL-EVENT-STATE-CHANGE id=-1 state=2 BSSID=00:00:00:00:00:00
01-10 14:56:14.127 V/WifiMonitor( 1574): Event [CTRL-EVENT-STATE-CHANGE id=-1 state=2 BSSID=00:00:00:00:00:00]
01-10 14:56:14.127 D/WifiStateMachine( 1574): Changing supplicant state: INACTIVE ==> SCANNING
01-10 14:56:14.127 D/WifiStateMachine( 1574): setDetailed state, old =IDLE and new state=SCANNING
01-10 14:56:14.217 D/dalvikvm( 2713): GC_CONCURRENT freed 446K, 10% free 6816K/7495K, paused 1ms+2ms
01-10 14:56:14.928 D/UsbnetService( 1574): BroadcastReceiver::onReceive+
01-10 14:56:14.928 D/UsbnetService( 1574): onReceive BATTERY_CHANGED
01-10 14:56:14.928 D/UsbnetService( 1574):  --> pluggedType = 2, mPluggedType = 0, mScreenOff = false
01-10 14:56:14.938 D/UsbnetService( 1574): BroadcastReceiver::onReceive-
01-10 14:56:14.938 D/WifiService( 1574): ACTION_BATTERY_CHANGED pluggedType: 2
01-10 14:56:14.938 D/NotificationService( 1574): mIntentReceiver() Intent.ACTION_BATTERY_CHANGED
01-10 14:56:14.948 D/BatteryService( 1574): SendIntentforPowersaver
01-10 14:56:14.948 D/BatteryService( 1574): Current powersaver status == NORMAL_STATUS1 2 2 false
01-10 14:56:14.958 D/PowerUI ( 1648): closing low battery warning: level=98
01-10 14:56:14.958 D/RemoveMe( 1668): DCT got intent android.intent.action.BATTERY_CHANGED
01-10 14:56:14.958 D/PowerUI ( 1648): plugged = true, health = 2, mBatteryLevel = 98, mPluggedBatteryLevel = 98, mLowBatteryWarningLevel2 = 25, mshowLowChargingWarning2 = true
01-10 14:56:15.008 D/RemoveMe( 1668): DCT got intent android.intent.action.BATTERY_CHANGED
01-10 14:56:15.008 D/RemoveMe( 1668): DCT got intent android.intent.action.BATTERY_CHANGED
01-10 14:56:15.078 D/dalvikvm( 1574): GC_CONCURRENT freed 1943K, 12% free 16139K/18247K, paused 8ms+4ms
01-10 14:56:15.108 I/System.out( 2646): 17
01-10 14:56:15.278 I/wpa_supplicant( 1769): got scan complete
01-10 14:56:15.278 I/wpa_supplicant( 1769): wpa_supplicant_get_scan_results:return scan results2
01-10 14:56:15.278 I/wpa_supplicant( 1769): AP:ssid[BTBusinessHub-353],rssi[-88],BSSID=c0:83:0a:e0:12:d1
01-10 14:56:15.278 I/wpa_supplicant( 1769): AP:ssid[BTOpenzone],rssi[-89],BSSID=c0:83:0a:e0:12:d4
01-10 14:56:15.278 I/wpa_supplicant( 1769): AP:ssid[cs],rssi[-85],BSSID=9c:4e:20:c8:9e:71
01-10 14:56:15.278 I/wpa_supplicant( 1769): AP:ssid[BTOpenzone],rssi[-88],BSSID=9c:4e:20:c8:9e:70
01-10 14:56:15.278 I/wpa_supplicant( 1769): AP:ssid[uos-visitor],rssi[-84],BSSID=9c:4e:20:c8:9e:74
01-10 14:56:15.278 I/wpa_supplicant( 1769): AP:ssid[eduroam],rssi[-89],BSSID=9c:4e:20:c8:9e:72
01-10 14:56:15.278 I/wpa_supplicant( 1769): AP:ssid[uos-connect],rssi[-87],BSSID=9c:4e:20:c8:9e:73
01-10 14:56:15.278 I/wpa_supplicant( 1769): AP:ssid[LD-Net],rssi[-90],BSSID=00:14:6c:fd:72:38
01-10 14:56:15.278 I/wpa_supplicant( 1769): AP:ssid[hpsetup],rssi[-94],BSSID=c2:ce:46:d5:40:9c
01-10 14:56:15.278 I/wpa_supplicant( 1769): AP:ssid[uos-connect],rssi[-59],BSSID=9c:4e:20:c8:b0:f3
01-10 14:56:15.278 I/wpa_supplicant( 1769): AP:ssid[BTOpenzone],rssi[-57],BSSID=9c:4e:20:c8:b0:f0
01-10 14:56:15.278 I/wpa_supplicant( 1769): AP:ssid[uos-visitor],rssi[-57],BSSID=9c:4e:20:c8:b0:f4
01-10 14:56:15.278 I/wpa_supplicant( 1769): AP:ssid[eduroam],rssi[-58],BSSID=9c:4e:20:c8:b0:f2
01-10 14:56:15.278 I/wpa_supplicant( 1769): AP:ssid[cs],rssi[-58],BSSID=9c:4e:20:c8:b0:f1
01-10 14:56:15.278 I/wpa_supplicant( 1769): AP:ssid[BTOpenzone],rssi[-83],BSSID=9c:4e:20:c8:cc:50
01-10 14:56:15.278 I/wpa_supplicant( 1769): AP:ssid[uos-visitor],rssi[-83],BSSID=9c:4e:20:c8:cc:54
01-10 14:56:15.278 I/wpa_supplicant( 1769): AP:ssid[cs],rssi[-74],BSSID=9c:4e:20:c8:cc:51
01-10 14:56:15.278 I/wpa_supplicant( 1769): AP:ssid[uos-connect],rssi[-74],BSSID=9c:4e:20:c8:cc:53
01-10 14:56:15.278 I/wpa_supplicant( 1769): Received 3384 bytes of scan results (18 BSSes)
01-10 14:56:15.278 I/wpa_supplicant( 1769): wpa_driver_wext_get_scan_results---
01-10 14:56:15.278 I/wpa_supplicant( 1769): wpa_disabled_ssid_list_clear
01-10 14:56:15.278 V/WifiMonitor( 1574): Event [wpa_disabled_ssid_list_clear]
01-10 14:56:15.278 I/wpa_supplicant( 1769): No suitable AP found.
01-10 14:56:15.278 I/wpa_supplicant( 1769): CTRL-EVENT-STATE-CHANGE id=-1 state=1 BSSID=00:00:00:00:00:00
