01-10 14:54:35.991 I/wpa_supplicant( 1769): wpa_disabled_ssid_list_clear
01-10 14:54:36.001 V/WifiMonitor( 1574): Event [wpa_disabled_ssid_list_clear]
01-10 14:54:36.001 I/wpa_supplicant( 1769): No suitable AP found.
01-10 14:54:36.001 I/wpa_supplicant( 1769): CTRL-EVENT-STATE-CHANGE id=-1 state=1 BSSID=00:00:00:00:00:00
01-10 14:54:36.001 V/WifiMonitor( 1574): Event [CTRL-EVENT-STATE-CHANGE id=-1 state=1 BSSID=00:00:00:00:00:00]
01-10 14:54:36.021 D/WifiStateMachine( 1574): Changing supplicant state: SCANNING ==> INACTIVE
01-10 14:54:36.021 D/WifiStateMachine( 1574): setDetailed state, old =SCANNING and new state=IDLE
01-10 14:54:36.031 I/System.out( 2646): 16
01-10 14:54:36.142 I/wpa_supplicant( 1769): CTRL-EVENT-STATE-CHANGE id=-1 state=2 BSSID=00:00:00:00:00:00
01-10 14:54:36.142 V/WifiMonitor( 1574): Event [CTRL-EVENT-STATE-CHANGE id=-1 state=2 BSSID=00:00:00:00:00:00]
01-10 14:54:36.142 D/WifiStateMachine( 1574): Changing supplicant state: INACTIVE ==> SCANNING
01-10 14:54:36.142 D/WifiStateMachine( 1574): setDetailed state, old =IDLE and new state=SCANNING
01-10 14:54:36.192 D/dalvikvm( 2713): GC_CONCURRENT freed 446K, 10% free 6816K/7495K, paused 2ms+2ms
01-10 14:54:37.042 I/System.out( 2646): 16
01-10 14:54:37.313 I/wpa_supplicant( 1769): got scan complete
01-10 14:54:37.313 I/wpa_supplicant( 1769): wpa_supplicant_get_scan_results:return scan results2
01-10 14:54:37.313 I/wpa_supplicant( 1769): AP:ssid[BTBusinessHub-353],rssi[-89],BSSID=c0:83:0a:e0:12:d1
01-10 14:54:37.313 I/wpa_supplicant( 1769): AP:ssid[BTOpenzone],rssi[-89],BSSID=c0:83:0a:e0:12:d4
01-10 14:54:37.313 I/wpa_supplicant( 1769): AP:ssid[uos-visitor],rssi[-86],BSSID=9c:4e:20:c8:9e:74
01-10 14:54:37.313 I/wpa_supplicant( 1769): AP:ssid[cs],rssi[-86],BSSID=9c:4e:20:c8:9e:71
01-10 14:54:37.313 I/wpa_supplicant( 1769): AP:ssid[BTOpenzone],rssi[-86],BSSID=9c:4e:20:c8:9e:70
01-10 14:54:37.313 I/wpa_supplicant( 1769): AP:ssid[eduroam],rssi[-86],BSSID=9c:4e:20:c8:9e:72
01-10 14:54:37.313 I/wpa_supplicant( 1769): AP:ssid[uos-connect],rssi[-84],BSSID=9c:4e:20:c8:9e:73
01-10 14:54:37.313 I/wpa_supplicant( 1769): AP:ssid[hpsetup],rssi[-94],BSSID=c2:ce:46:d5:40:9c
01-10 14:54:37.313 I/wpa_supplicant( 1769): AP:ssid[cs],rssi[-56],BSSID=9c:4e:20:c8:b0:f1
01-10 14:54:37.313 I/wpa_supplicant( 1769): AP:ssid[uos-connect],rssi[-56],BSSID=9c:4e:20:c8:b0:f3
01-10 14:54:37.313 I/wpa_supplicant( 1769): AP:ssid[BTOpenzone],rssi[-56],BSSID=9c:4e:20:c8:b0:f0
01-10 14:54:37.313 I/wpa_supplicant( 1769): AP:ssid[uos-visitor],rssi[-57],BSSID=9c:4e:20:c8:b0:f4
01-10 14:54:37.313 I/wpa_supplicant( 1769): AP:ssid[eduroam],rssi[-58],BSSID=9c:4e:20:c8:b0:f2
01-10 14:54:37.313 I/wpa_supplicant( 1769): AP:ssid[],rssi[-92],BSSID=00:80:48:68:08:99
01-10 14:54:37.313 I/wpa_supplicant( 1769): AP:ssid[uos-connect],rssi[-76],BSSID=9c:4e:20:c8:cc:53
01-10 14:54:37.313 I/wpa_supplicant( 1769): AP:ssid[BTOpenzone],rssi[-78],BSSID=9c:4e:20:c8:cc:50
01-10 14:54:37.313 I/wpa_supplicant( 1769): AP:ssid[cs],rssi[-77],BSSID=9c:4e:20:c8:cc:51
01-10 14:54:37.313 I/wpa_supplicant( 1769): AP:ssid[eduroam],rssi[-74],BSSID=9c:4e:20:c8:cc:52
01-10 14:54:37.313 I/wpa_supplicant( 1769): Received 3344 bytes of scan results (18 BSSes)
01-10 14:54:37.313 I/wpa_supplicant( 1769): wpa_driver_wext_get_scan_results---
01-10 14:54:37.323 I/wpa_supplicant( 1769): wpa_disabled_ssid_list_clear
01-10 14:54:37.323 V/WifiMonitor( 1574): Event [wpa_disabled_ssid_list_clear]
01-10 14:54:37.333 I/wpa_supplicant( 1769): No suitable AP found.
01-10 14:54:37.333 I/wpa_supplicant( 1769): CTRL-EVENT-STATE-CHANGE id=-1 state=1 BSSID=00:00:00:00:00:00
01-10 14:54:37.333 V/WifiMonitor( 1574): Event [CTRL-EVENT-STATE-CHANGE id=-1 state=1 BSSID=00:00:00:00:00:00]
01-10 14:54:37.363 D/WifiStateMachine( 1574): Changing supplicant state: SCANNING ==> INACTIVE
01-10 14:54:37.363 D/WifiStateMachine( 1574): setDetailed state, old =SCANNING and new state=IDLE
01-10 14:54:37.473 I/wpa_supplicant( 1769): CTRL-EVENT-STATE-CHANGE id=-1 state=2 BSSID=00:00:00:00:00:00
01-10 14:54:37.473 V/WifiMonitor( 1574): Event [CTRL-EVENT-STATE-CHANGE id=-1 state=2 BSSID=00:00:00:00:00:00]
01-10 14:54:37.473 D/WifiStateMachine( 1574): Changing supplicant state: INACTIVE ==> SCANNING
01-10 14:54:37.473 D/WifiStateMachine( 1574): setDetailed state, old =IDLE and new state=SCANNING
01-10 14:54:38.033 I/System.out( 2646): 17
01-10 14:54:38.614 I/wpa_supplicant( 1769): got scan complete
01-10 14:54:38.614 I/wpa_supplicant( 1769): wpa_supplicant_get_scan_results:return scan results2
01-10 14:54:38.614 I/wpa_supplicant( 1769): AP:ssid[BTBusinessHub-353],rssi[-87],BSSID=c0:83:0a:e0:12:d1
01-10 14:54:38.614 I/wpa_supplicant( 1769): AP:ssid[BTOpenzone],rssi[-89],BSSID=c0:83:0a:e0:12:d4
01-10 14:54:38.614 I/wpa_supplicant( 1769): AP:ssid[uos-connect],rssi[-87],BSSID=9c:4e:20:c8:9e:73
01-10 14:54:38.614 I/wpa_supplicant( 1769): AP:ssid[uos-visitor],rssi[-85],BSSID=9c:4e:20:c8:9e:74
01-10 14:54:38.614 I/wpa_supplicant( 1769): AP:ssid[BTOpenzone],rssi[-86],BSSID=9c:4e:20:c8:9e:70
01-10 14:54:38.614 I/wpa_supplicant( 1769): AP:ssid[eduroam],rssi[-88],BSSID=9c:4e:20:c8:9e:72
01-10 14:54:38.614 I/wpa_supplicant( 1769): AP:ssid[cs],rssi[-86],BSSID=9c:4e:20:c8:9e:71
01-10 14:54:38.614 I/wpa_supplicant( 1769): AP:ssid[hpsetup],rssi[-93],BSSID=c2:ce:46:d5:40:9c
01-10 14:54:38.614 I/wpa_supplicant( 1769): AP:ssid[eduroam],rssi[-55],BSSID=9c:4e:20:c8:b0:f2
01-10 14:54:38.614 I/wpa_supplicant( 1769): AP:ssid[cs],rssi[-57],BSSID=9c:4e:20:c8:b0:f1
01-10 14:54:38.614 I/wpa_supplicant( 1769): AP:ssid[uos-connect],rssi[-58],BSSID=9c:4e:20:c8:b0:f3
01-10 14:54:38.614 I/wpa_supplicant( 1769): AP:ssid[BTOpenzone],rssi[-54],BSSID=9c:4e:20:c8:b0:f0
01-10 14:54:38.614 I/wpa_supplicant( 1769): AP:ssid[uos-visitor],rssi[-56],BSSID=9c:4e:20:c8:b0:f4
01-10 14:54:38.614 I/wpa_supplicant( 1769): AP:ssid[uos-connect],rssi[-88],BSSID=9c:4e:20:c8:cc:53
01-10 14:54:38.614 I/wpa_supplicant( 1769): AP:ssid[],rssi[-90],BSSID=00:80:48:68:08:99
01-10 14:54:38.614 I/wpa_supplicant( 1769): AP:ssid[eduroam],rssi[-86],BSSID=9c:4e:20:c8:cc:52
01-10 14:54:38.614 I/wpa_supplicant( 1769): AP:ssid[uos-visitor],rssi[-77],BSSID=9c:4e:20:c8:cc:54
01-10 14:54:38.614 I/wpa_supplicant( 1769): AP:ssid[BTOpenzone],rssi[-84],BSSID=9c:4e:20:c8:cc:50
01-10 14:54:38.614 I/wpa_supplicant( 1769): Received 3417 bytes of scan results (18 BSSes)
01-10 14:54:38.614 I/wpa_supplicant( 1769): wpa_driver_wext_get_scan_results---
01-10 14:54:38.624 I/wpa_supplicant( 1769): wpa_disabled_ssid_list_clear
01-10 14:54:38.624 V/WifiMonitor( 1574): Event [wpa_disabled_ssid_list_clear]
01-10 14:54:38.624 I/wpa_supplicant( 1769): No suitable AP found.
01-10 14:54:38.624 I/wpa_supplicant( 1769): CTRL-EVENT-STATE-CHANGE id=-1 state=1 BSSID=00:00:00:00:00:00
01-10 14:54:38.624 V/WifiMonitor( 1574): Event [CTRL-EVENT-STATE-CHANGE id=-1 state=1 BSSID=00:00:00:00:00:00]
01-10 14:54:38.654 D/WifiStateMachine( 1574): Changing supplicant state: SCANNING ==> INACTIVE
01-10 14:54:38.654 D/WifiStateMachine( 1574): setDetailed state, old =SCANNING and new state=IDLE
01-10 14:54:38.724 D/dalvikvm( 2713): GC_CONCURRENT freed 446K, 10% free 6816K/7495K, paused 2ms+1ms
01-10 14:54:38.764 I/wpa_supplicant( 1769): CTRL-EVENT-STATE-CHANGE id=-1 state=2 BSSID=00:00:00:00:00:00
01-10 14:54:38.764 V/WifiMonitor( 1574): Event [CTRL-EVENT-STATE-CHANGE id=-1 state=2 BSSID=00:00:00:00:00:00]
01-10 14:54:38.764 D/WifiStateMachine( 1574): Changing supplicant state: INACTIVE ==> SCANNING
01-10 14:54:38.764 D/WifiStateMachine( 1574): setDetailed state, old =IDLE and new state=SCANNING
01-10 14:54:39.044 I/System.out( 2646): 17
01-10 14:54:39.935 I/wpa_supplicant( 1769): got scan complete
01-10 14:54:39.935 I/wpa_supplicant( 1769): wpa_supplicant_get_scan_results:return scan results2
01-10 14:54:39.945 I/wpa_supplicant( 1769): AP:ssid[BTBusinessHub-353],rssi[-90],BSSID=c0:83:0a:e0:12:d1
01-10 14:54:39.945 I/wpa_supplicant( 1769): AP:ssid[BTOpenzone],rssi[-88],BSSID=c0:83:0a:e0:12:d4
01-10 14:54:39.945 I/wpa_supplicant( 1769): AP:ssid[eduroam],rssi[-84],BSSID=9c:4e:20:c8:9e:72
01-10 14:54:39.945 I/wpa_supplicant( 1769): AP:ssid[cs],rssi[-86],BSSID=9c:4e:20:c8:9e:71
01-10 14:54:39.945 I/wpa_supplicant( 1769): AP:ssid[BTOpenzone],rssi[-86],BSSID=9c:4e:20:c8:9e:70
01-10 14:54:39.945 I/wpa_supplicant( 1769): AP:ssid[uos-visitor],rssi[-87],BSSID=9c:4e:20:c8:9e:74
01-10 14:54:39.945 I/wpa_supplicant( 1769): AP:ssid[uos-connect],rssi[-86],BSSID=9c:4e:20:c8:9e:73
01-10 14:54:39.945 I/wpa_supplicant( 1769): AP:ssid[LD-Net],rssi[-89],BSSID=00:14:6c:fd:72:38
01-10 14:54:39.945 I/wpa_supplicant( 1769): AP:ssid[hpsetup],rssi[-93],BSSID=c2:ce:46:d5:40:9c
01-10 14:54:39.945 I/wpa_supplicant( 1769): AP:ssid[uos-connect],rssi[-56],BSSID=9c:4e:20:c8:b0:f3
01-10 14:54:39.945 I/wpa_supplicant( 1769): AP:ssid[BTOpenzone],rssi[-58],BSSID=9c:4e:20:c8:b0:f0
01-10 14:54:39.945 I/wpa_supplicant( 1769): AP:ssid[uos-visitor],rssi[-56],BSSID=9c:4e:20:c8:b0:f4
01-10 14:54:39.945 I/wpa_supplicant( 1769): AP:ssid[eduroam],rssi[-57],BSSID=9c:4e:20:c8:b0:f2
01-10 14:54:39.945 I/wpa_supplicant( 1769): AP:ssid[cs],rssi[-55],BSSID=9c:4e:20:c8:b0:f1
01-10 14:54:39.945 I/wpa_supplicant( 1769): AP:ssid[BTOpenzone],rssi[-82],BSSID=9c:4e:20:c8:cc:50
01-10 14:54:39.945 I/wpa_supplicant( 1769): AP:ssid[uos-visitor],rssi[-83],BSSID=9c:4e:20:c8:cc:54
01-10 14:54:39.945 I/wpa_supplicant( 1769): AP:ssid[uos-connect],rssi[-76],BSSID=9c:4e:20:c8:cc:53
01-10 14:54:39.945 I/wpa_supplicant( 1769): AP:ssid[cs],rssi[-75],BSSID=9c:4e:20:c8:cc:51
01-10 14:54:39.945 I/wpa_supplicant( 1769): Received 3384 bytes of scan results (18 BSSes)
01-10 14:54:39.945 I/wpa_supplicant( 1769): wpa_driver_wext_get_scan_results---
01-10 14:54:39.955 I/wpa_supplicant( 1769): wpa_disabled_ssid_list_clear
01-10 14:54:39.955 V/WifiMonitor( 1574): Event [wpa_disabled_ssid_list_clear]
01-10 14:54:39.955 I/wpa_supplicant( 1769): No suitable AP found.
01-10 14:54:39.955 I/wpa_supplicant( 1769): CTRL-EVENT-STATE-CHANGE id=-1 state=1 BSSID=00:00:00:00:00:00
01-10 14:54:39.955 V/WifiMonitor( 1574): Event [CTRL-EVENT-STATE-CHANGE id=-1 state=1 BSSID=00:00:00:00:00:00]
01-10 14:54:39.995 D/WifiStateMachine( 1574): Changing supplicant state: SCANNING ==> INACTIVE
01-10 14:54:39.995 D/WifiStateMachine( 1574): setDetailed state, old =SCANNING and new state=IDLE
01-10 14:54:40.045 I/System.out( 2646): 18
01-10 14:54:40.095 I/wpa_supplicant( 1769): CTRL-EVENT-STATE-CHANGE id=-1 state=2 BSSID=00:00:00:00:00:00
01-10 14:54:40.095 V/WifiMonitor( 1574): Event [CTRL-EVENT-STATE-CHANGE id=-1 state=2 BSSID=00:00:00:00:00:00]
01-10 14:54:40.095 D/WifiStateMachine( 1574): Changing supplicant state: INACTIVE ==> SCANNING
01-10 14:54:40.095 D/WifiStateMachine( 1574): setDetailed state, old =IDLE and new state=SCANNING
01-10 14:54:40.186 D/dalvikvm( 2713): GC_CONCURRENT freed 446K, 10% free 6816K/7495K, paused 1ms+1ms
01-10 14:54:41.046 I/System.out( 2646): 18
01-10 14:54:41.277 I/wpa_supplicant( 1769): got scan complete
01-10 14:54:41.277 I/wpa_supplicant( 1769): wpa_supplicant_get_scan_results:return scan results2
01-10 14:54:41.277 I/wpa_supplicant( 1769): AP:ssid[BTBusinessHub-353],rssi[-86],BSSID=c0:83:0a:e0:12:d1
01-10 14:54:41.277 I/wpa_supplicant( 1769): AP:ssid[BTOpenzone],rssi[-86],BSSID=c0:83:0a:e0:12:d4
01-10 14:54:41.287 I/wpa_supplicant( 1769): AP:ssid[uos-visitor],rssi[-87],BSSID=9c:4e:20:c8:9e:74
01-10 14:54:41.287 I/wpa_supplicant( 1769): AP:ssid[BTOpenzone],rssi[-84],BSSID=9c:4e:20:c8:9e:70
01-10 14:54:41.287 I/wpa_supplicant( 1769): AP:ssid[uos-connect],rssi[-86],BSSID=9c:4e:20:c8:9e:73
01-10 14:54:41.287 I/wpa_supplicant( 1769): AP:ssid[cs],rssi[-87],BSSID=9c:4e:20:c8:9e:71
01-10 14:54:41.287 I/wpa_supplicant( 1769): AP:ssid[eduroam],rssi[-87],BSSID=9c:4e:20:c8:9e:72
01-10 14:54:41.287 I/wpa_supplicant( 1769): AP:ssid[hpsetup],rssi[-94],BSSID=c2:ce:46:d5:40:9c
01-10 14:54:41.287 I/wpa_supplicant( 1769): AP:ssid[LD-Net],rssi[-91],BSSID=00:14:6c:fd:72:38
01-10 14:54:41.287 I/wpa_supplicant( 1769): AP:ssid[uos-visitor],rssi[-56],BSSID=9c:4e:20:c8:b0:f4
01-10 14:54:41.287 I/wpa_supplicant( 1769): AP:ssid[eduroam],rssi[-57],BSSID=9c:4e:20:c8:b0:f2
01-10 14:54:41.287 I/wpa_supplicant( 1769): AP:ssid[cs],rssi[-56],BSSID=9c:4e:20:c8:b0:f1
01-10 14:54:41.287 I/wpa_supplicant( 1769): AP:ssid[BTOpenzone],rssi[-55],BSSID=9c:4e:20:c8:b0:f0
01-10 14:54:41.287 I/wpa_supplicant( 1769): AP:ssid[uos-connect],rssi[-55],BSSID=9c:4e:20:c8:b0:f3
01-10 14:54:41.287 I/wpa_supplicant( 1769): AP:ssid[],rssi[-92],BSSID=00:80:48:68:08:99
01-10 14:54:41.287 I/wpa_supplicant( 1769): AP:ssid[BTOpenzone],rssi[-81],BSSID=9c:4e:20:c8:cc:50
01-10 14:54:41.287 I/wpa_supplicant( 1769): AP:ssid[cs],rssi[-75],BSSID=9c:4e:20:c8:cc:51
01-10 14:54:41.287 I/wpa_supplicant( 1769): AP:ssid[uos-connect],rssi[-75],BSSID=9c:4e:20:c8:cc:53
01-10 14:54:41.287 I/wpa_supplicant( 1769): AP:ssid[uos-visitor],rssi[-74],BSSID=9c:4e:20:c8:cc:54
01-10 14:54:41.287 I/wpa_supplicant( 1769): Received 3548 bytes of scan results (19 BSSes)
01-10 14:54:41.287 I/wpa_supplicant( 1769): wpa_driver_wext_get_scan_results---
01-10 14:54:41.297 I/wpa_supplicant( 1769): wpa_disabled_ssid_list_clear
01-10 14:54:41.297 V/WifiMonitor( 1574): Event [wpa_disabled_ssid_list_clear]
01-10 14:54:41.297 I/wpa_supplicant( 1769): No suitable AP found.
01-10 14:54:41.297 I/wpa_supplicant( 1769): CTRL-EVENT-STATE-CHANGE id=-1 state=1 BSSID=00:00:00:00:00:00
01-10 14:54:41.297 V/WifiMonitor( 1574): Event [CTRL-EVENT-STATE-CHANGE id=-1 state=1 BSSID=00:00:00:00:00:00]
01-10 14:54:41.327 D/WifiStateMachine( 1574): Changing supplicant state: SCANNING ==> INACTIVE
01-10 14:54:41.327 D/WifiStateMachine( 1574): setDetailed state, old =SCANNING and new state=IDLE
01-10 14:54:41.437 I/wpa_supplicant( 1769): CTRL-EVENT-STATE-CHANGE id=-1 state=2 BSSID=00:00:00:00:00:00
01-10 14:54:41.437 V/WifiMonitor( 1574): Event [CTRL-EVENT-STATE-CHANGE id=-1 state=2 BSSID=00:00:00:00:00:00]
01-10 14:54:41.437 D/WifiStateMachine( 1574): Changing supplicant state: INACTIVE ==> SCANNING
01-10 14:54:41.437 D/WifiStateMachine( 1574): setDetailed state, old =IDLE and new state=SCANNING
01-10 14:54:42.047 I/System.out( 2646): 18
01-10 14:54:42.608 I/wpa_supplicant( 1769): got scan complete
01-10 14:54:42.618 I/wpa_supplicant( 1769): wpa_supplicant_get_scan_results:return scan results2
01-10 14:54:42.618 I/wpa_supplicant( 1769): AP:ssid[BTBusinessHub-353],rssi[-89],BSSID=c0:83:0a:e0:12:d1
01-10 14:54:42.618 I/wpa_supplicant( 1769): AP:ssid[BTOpenzone],rssi[-90],BSSID=c0:83:0a:e0:12:d4
01-10 14:54:42.618 I/wpa_supplicant( 1769): AP:ssid[BTOpenzone],rssi[-87],BSSID=9c:4e:20:c8:9e:70
01-10 14:54:42.618 I/wpa_supplicant( 1769): AP:ssid[uos-visitor],rssi[-86],BSSID=9c:4e:20:c8:9e:74
01-10 14:54:42.618 I/wpa_supplicant( 1769): AP:ssid[cs],rssi[-87],BSSID=9c:4e:20:c8:9e:71
01-10 14:54:42.618 I/wpa_supplicant( 1769): AP:ssid[uos-connect],rssi[-87],BSSID=9c:4e:20:c8:9e:73
01-10 14:54:42.618 I/wpa_supplicant( 1769): AP:ssid[eduroam],rssi[-87],BSSID=9c:4e:20:c8:9e:72
01-10 14:54:42.618 I/wpa_supplicant( 1769): AP:ssid[LD-Net],rssi[-90],BSSID=00:14:6c:fd:72:38
01-10 14:54:42.618 I/wpa_supplicant( 1769): AP:ssid[hpsetup],rssi[-93],BSSID=c2:ce:46:d5:40:9c
01-10 14:54:42.618 I/wpa_supplicant( 1769): AP:ssid[uos-visitor],rssi[-56],BSSID=9c:4e:20:c8:b0:f4
01-10 14:54:42.618 I/wpa_supplicant( 1769): AP:ssid[eduroam],rssi[-57],BSSID=9c:4e:20:c8:b0:f2
01-10 14:54:42.618 I/wpa_supplicant( 1769): AP:ssid[cs],rssi[-56],BSSID=9c:4e:20:c8:b0:f1
01-10 14:54:42.618 I/wpa_supplicant( 1769): AP:ssid[uos-connect],rssi[-58],BSSID=9c:4e:20:c8:b0:f3
01-10 14:54:42.618 I/wpa_supplicant( 1769): AP:ssid[BTOpenzone],rssi[-58],BSSID=9c:4e:20:c8:b0:f0
01-10 14:54:42.618 I/wpa_supplicant( 1769): AP:ssid[],rssi[-89],BSSID=00:80:48:68:08:99
01-10 14:54:42.618 I/wpa_supplicant( 1769): AP:ssid[cs],rssi[-80],BSSID=9c:4e:20:c8:cc:51
01-10 14:54:42.618 I/wpa_supplicant( 1769): AP:ssid[eduroam],rssi[-77],BSSID=9c:4e:20:c8:cc:52
01-10 14:54:42.618 I/wpa_supplicant( 1769): AP:ssid[uos-connect],rssi[-74],BSSID=9c:4e:20:c8:cc:53
01-10 14:54:42.618 I/wpa_supplicant( 1769): AP:ssid[uos-visitor],rssi[-75],BSSID=9c:4e:20:c8:cc:54
01-10 14:54:42.618 I/wpa_supplicant( 1769): Received 3639 bytes of scan results (19 BSSes)
01-10 14:54:42.618 I/wpa_supplicant( 1769): wpa_driver_wext_get_scan_results---
01-10 14:54:42.628 I/wpa_supplicant( 1769): wpa_disabled_ssid_list_clear
01-10 14:54:42.628 V/WifiMonitor( 1574): Event [wpa_disabled_ssid_list_clear]
01-10 14:54:42.638 I/wpa_supplicant( 1769): No suitable AP found.
01-10 14:54:42.638 I/wpa_supplicant( 1769): CTRL-EVENT-STATE-CHANGE id=-1 state=1 BSSID=00:00:00:00:00:00
01-10 14:54:42.638 V/WifiMonitor( 1574): Event [CTRL-EVENT-STATE-CHANGE id=-1 state=1 BSSID=00:00:00:00:00:00]
01-10 14:54:42.658 D/WifiStateMachine( 1574): Changing supplicant state: SCANNING ==> INACTIVE
01-10 14:54:42.668 D/WifiStateMachine( 1574): setDetailed state, old =SCANNING and new state=IDLE
01-10 14:54:42.708 D/dalvikvm( 2713): GC_CONCURRENT freed 446K, 10% free 6816K/7495K, paused 1ms+2ms
01-10 14:54:42.768 I/wpa_supplicant( 1769): CTRL-EVENT-STATE-CHANGE id=-1 state=2 BSSID=00:00:00:00:00:00
01-10 14:54:42.768 V/WifiMonitor( 1574): Event [CTRL-EVENT-STATE-CHANGE id=-1 state=2 BSSID=00:00:00:00:00:00]
01-10 14:54:42.768 D/WifiStateMachine( 1574): Changing supplicant state: INACTIVE ==> SCANNING
01-10 14:54:42.768 D/WifiStateMachine( 1574): setDetailed state, old =IDLE and new state=SCANNING
01-10 14:54:43.048 I/System.out( 2646): 18
01-10 14:54:43.909 I/wpa_supplicant( 1769): got scan complete
01-10 14:54:43.909 I/wpa_supplicant( 1769): wpa_supplicant_get_scan_results:return scan results2
01-10 14:54:43.909 I/wpa_supplicant( 1769): AP:ssid[BTBusinessHub-353],rssi[-88],BSSID=c0:83:0a:e0:12:d1
01-10 14:54:43.909 I/wpa_supplicant( 1769): AP:ssid[BTOpenzone],rssi[-88],BSSID=c0:83:0a:e0:12:d4
01-10 14:54:43.909 I/wpa_supplicant( 1769): AP:ssid[eduroam],rssi[-87],BSSID=9c:4e:20:c8:9e:72
01-10 14:54:43.909 I/wpa_supplicant( 1769): AP:ssid[uos-visitor],rssi[-86],BSSID=9c:4e:20:c8:9e:74
01-10 14:54:43.909 I/wpa_supplicant( 1769): AP:ssid[cs],rssi[-87],BSSID=9c:4e:20:c8:9e:71
01-10 14:54:43.909 I/wpa_supplicant( 1769): AP:ssid[BTOpenzone],rssi[-86],BSSID=9c:4e:20:c8:9e:70
01-10 14:54:43.909 I/wpa_supplicant( 1769): AP:ssid[uos-connect],rssi[-87],BSSID=9c:4e:20:c8:9e:73
01-10 14:54:43.919 I/wpa_supplicant( 1769): AP:ssid[hpsetup],rssi[-91],BSSID=c2:ce:46:d5:40:9c
01-10 14:54:43.919 I/wpa_supplicant( 1769): AP:ssid[LD-Net],rssi[-91],BSSID=00:14:6c:fd:72:38
01-10 14:54:43.919 I/wpa_supplicant( 1769): AP:ssid[BTOpenzone],rssi[-59],BSSID=9c:4e:20:c8:b0:f0
01-10 14:54:43.919 I/wpa_supplicant( 1769): AP:ssid[uos-visitor],rssi[-57],BSSID=9c:4e:20:c8:b0:f4
01-10 14:54:43.919 I/wpa_supplicant( 1769): AP:ssid[eduroam],rssi[-56],BSSID=9c:4e:20:c8:b0:f2
01-10 14:54:43.919 I/wpa_supplicant( 1769): AP:ssid[cs],rssi[-58],BSSID=9c:4e:20:c8:b0:f1
01-10 14:54:43.919 I/wpa_supplicant( 1769): AP:ssid[uos-connect],rssi[-59],BSSID=9c:4e:20:c8:b0:f3
01-10 14:54:43.919 I/wpa_supplicant( 1769): AP:ssid[],rssi[-92],BSSID=00:80:48:68:08:99
01-10 14:54:43.919 I/wpa_supplicant( 1769): AP:ssid[uos-visitor],rssi[-85],BSSID=9c:4e:20:c8:cc:54
01-10 14:54:43.919 I/wpa_supplicant( 1769): AP:ssid[eduroam],rssi[-75],BSSID=9c:4e:20:c8:cc:52
01-10 14:54:43.919 I/wpa_supplicant( 1769): AP:ssid[cs],rssi[-76],BSSID=9c:4e:20:c8:cc:51
01-10 14:54:43.919 I/wpa_supplicant( 1769): AP:ssid[uos-connect],rssi[-75],BSSID=9c:4e:20:c8:cc:53
01-10 14:54:43.919 I/wpa_supplicant( 1769): Received 3575 bytes of scan results (19 BSSes)
01-10 14:54:43.919 I/wpa_supplicant( 1769): wpa_driver_wext_get_scan_results---
01-10 14:54:43.929 I/wpa_supplicant( 1769): wpa_disabled_ssid_list_clear
01-10 14:54:43.929 V/WifiMonitor( 1574): Event [wpa_disabled_ssid_list_clear]
01-10 14:54:43.929 I/wpa_supplicant( 1769): No suitable AP found.
01-10 14:54:43.929 I/wpa_supplicant( 1769): CTRL-EVENT-STATE-CHANGE id=-1 state=1 BSSID=00:00:00:00:00:00
01-10 14:54:43.929 V/WifiMonitor( 1574): Event [CTRL-EVENT-STATE-CHANGE id=-1 state=1 BSSID=00:00:00:00:00:00]
01-10 14:54:43.939 D/WifiStateMachine( 1574): Changing supplicant state: SCANNING ==> INACTIVE
01-10 14:54:43.939 D/WifiStateMachine( 1574): setDetailed state, old =SCANNING and new state=IDLE
01-10 14:54:44.039 I/wpa_supplicant( 1769): CTRL-EVENT-STATE-CHANGE id=-1 state=2 BSSID=00:00:00:00:00:00
01-10 14:54:44.039 V/WifiMonitor( 1574): Event [CTRL-EVENT-STATE-CHANGE id=-1 state=2 BSSID=00:00:00:00:00:00]
01-10 14:54:44.039 D/WifiStateMachine( 1574): Changing supplicant state: INACTIVE ==> SCANNING
01-10 14:54:44.039 D/WifiStateMachine( 1574): setDetailed state, old =IDLE and new state=SCANNING
01-10 14:54:44.049 I/System.out( 2646): 18
01-10 14:54:44.119 D/dalvikvm( 2713): GC_CONCURRENT freed 446K, 10% free 6816K/7495K, paused 1ms+2ms
01-10 14:54:44.770 D/UsbnetService( 1574): BroadcastReceiver::onReceive+
01-10 14:54:44.770 D/UsbnetService( 1574): onReceive BATTERY_CHANGED
01-10 14:54:44.770 D/UsbnetService( 1574):  --> pluggedType = 2, mPluggedType = 0, mScreenOff = false
01-10 14:54:44.770 D/UsbnetService( 1574): BroadcastReceiver::onReceive-
01-10 14:54:44.770 D/WifiService( 1574): ACTION_BATTERY_CHANGED pluggedType: 2
01-10 14:54:44.780 D/BatteryService( 1574): SendIntentforPowersaver
01-10 14:54:44.780 D/BatteryService( 1574): Current powersaver status == NORMAL_STATUS1 2 2 false
01-10 14:54:44.780 D/NotificationService( 1574): mIntentReceiver() Intent.ACTION_BATTERY_CHANGED
01-10 14:54:44.800 D/PowerUI ( 1648): closing low battery warning: level=99
01-10 14:54:44.800 D/PowerUI ( 1648): plugged = true, health = 2, mBatteryLevel = 99, mPluggedBatteryLevel = 98, mLowBatteryWarningLevel2 = 25, mshowLowChargingWarning2 = true
01-10 14:54:44.810 D/RemoveMe( 1668): DCT got intent android.intent.action.BATTERY_CHANGED
01-10 14:54:44.820 D/RemoveMe( 1668): DCT got intent android.intent.action.BATTERY_CHANGED
01-10 14:54:44.820 D/RemoveMe( 1668): DCT got intent android.intent.action.BATTERY_CHANGED
01-10 14:54:45.050 I/System.out( 2646): 18
01-10 14:54:45.180 I/wpa_supplicant( 1769): got scan complete
01-10 14:54:45.180 I/wpa_supplicant( 1769): wpa_supplicant_get_scan_results:return scan results2
01-10 14:54:45.180 I/wpa_supplicant( 1769): AP:ssid[BTBusinessHub-353],rssi[-87],BSSID=c0:83:0a:e0:12:d1
01-10 14:54:45.180 I/wpa_supplicant( 1769): AP:ssid[BTOpenzone],rssi[-89],BSSID=c0:83:0a:e0:12:d4
01-10 14:54:45.180 I/wpa_supplicant( 1769): AP:ssid[BTOpenzone],rssi[-84],BSSID=9c:4e:20:c8:9e:70
01-10 14:54:45.180 I/wpa_supplicant( 1769): AP:ssid[eduroam],rssi[-86],BSSID=9c:4e:20:c8:9e:72
01-10 14:54:45.180 I/wpa_supplicant( 1769): AP:ssid[cs],rssi[-88],BSSID=9c:4e:20:c8:9e:71
01-10 14:54:45.180 I/wpa_supplicant( 1769): AP:ssid[uos-connect],rssi[-85],BSSID=9c:4e:20:c8:9e:73
01-10 14:54:45.180 I/wpa_supplicant( 1769): AP:ssid[uos-visitor],rssi[-84],BSSID=9c:4e:20:c8:9e:74
01-10 14:54:45.180 I/wpa_supplicant( 1769): AP:ssid[hpsetup],rssi[-93],BSSID=c2:ce:46:d5:40:9c
01-10 14:54:45.180 I/wpa_supplicant( 1769): AP:ssid[uos-visitor],rssi[-57],BSSID=9c:4e:20:c8:b0:f4
01-10 14:54:45.180 I/wpa_supplicant( 1769): AP:ssid[eduroam],rssi[-58],BSSID=9c:4e:20:c8:b0:f2
01-10 14:54:45.180 I/wpa_supplicant( 1769): AP:ssid[cs],rssi[-58],BSSID=9c:4e:20:c8:b0:f1
01-10 14:54:45.180 I/wpa_supplicant( 1769): AP:ssid[uos-connect],rssi[-58],BSSID=9c:4e:20:c8:b0:f3
01-10 14:54:45.180 I/wpa_supplicant( 1769): AP:ssid[BTOpenzone],rssi[-58],BSSID=9c:4e:20:c8:b0:f0
01-10 14:54:45.180 I/wpa_supplicant( 1769): AP:ssid[cs],rssi[-85],BSSID=9c:4e:20:c8:cc:51
01-10 14:54:45.180 I/wpa_supplicant( 1769): AP:ssid[uos-connect],rssi[-80],BSSID=9c:4e:20:c8:cc:53
01-10 14:54:45.180 I/wpa_supplicant( 1769): AP:ssid[BTOpenzone],rssi[-82],BSSID=9c:4e:20:c8:cc:50
01-10 14:54:45.180 I/wpa_supplicant( 1769): AP:ssid[eduroam],rssi[-75],BSSID=9c:4e:20:c8:cc:52
01-10 14:54:45.180 I/wpa_supplicant( 1769): Received 3244 bytes of scan results (17 BSSes)
01-10 14:54:45.180 I/wpa_supplicant( 1769): wpa_driver_wext_get_scan_results---
01-10 14:54:45.190 I/wpa_supplicant( 1769): wpa_disabled_ssid_list_clear
01-10 14:54:45.190 V/WifiMonitor( 1574): Event [wpa_disabled_ssid_list_clear]
01-10 14:54:45.190 I/wpa_supplicant( 1769): No suitable AP found.
01-10 14:54:45.190 I/wpa_supplicant( 1769): CTRL-EVENT-STATE-CHANGE id=-1 state=1 BSSID=00:00:00:00:00:00
01-10 14:54:45.190 V/WifiMonitor( 1574): Event [CTRL-EVENT-STATE-CHANGE id=-1 state=1 BSSID=00:00:00:00:00:00]
01-10 14:54:45.220 D/WifiStateMachine( 1574): Changing supplicant state: SCANNING ==> INACTIVE
01-10 14:54:45.220 D/WifiStateMachine( 1574): setDetailed state, old =SCANNING and new state=IDLE
01-10 14:54:45.341 I/wpa_supplicant( 1769): CTRL-EVENT-STATE-CHANGE id=-1 state=2 BSSID=00:00:00:00:00:00
01-10 14:54:45.341 V/WifiMonitor( 1574): Event [CTRL-EVENT-STATE-CHANGE id=-1 state=2 BSSID=00:00:00:00:00:00]
01-10 14:54:45.341 D/WifiStateMachine( 1574): Changing supplicant state: INACTIVE ==> SCANNING
01-10 14:54:45.341 D/WifiStateMachine( 1574): setDetailed state, old =IDLE and new state=SCANNING
01-10 14:54:46.061 I/System.out( 2646): 17
01-10 14:54:46.111 D/dalvikvm( 2646): GC_CONCURRENT freed 336K, 7% free 6560K/7047K, paused 5ms+1ms
01-10 14:54:46.522 I/wpa_supplicant( 1769): got scan complete
01-10 14:54:46.522 I/wpa_supplicant( 1769): wpa_supplicant_get_scan_results:return scan results2
01-10 14:54:46.522 I/wpa_supplicant( 1769): AP:ssid[BTBusinessHub-353],rssi[-88],BSSID=c0:83:0a:e0:12:d1
01-10 14:54:46.522 I/wpa_supplicant( 1769): AP:ssid[BTOpenzone],rssi[-89],BSSID=c0:83:0a:e0:12:d4
01-10 14:54:46.522 I/wpa_supplicant( 1769): AP:ssid[eduroam],rssi[-85],BSSID=9c:4e:20:c8:9e:72
01-10 14:54:46.522 I/wpa_supplicant( 1769): AP:ssid[cs],rssi[-85],BSSID=9c:4e:20:c8:9e:71
01-10 14:54:46.522 I/wpa_supplicant( 1769): AP:ssid[BTOpenzone],rssi[-87],BSSID=9c:4e:20:c8:9e:70
01-10 14:54:46.522 I/wpa_supplicant( 1769): AP:ssid[uos-connect],rssi[-87],BSSID=9c:4e:20:c8:9e:73
01-10 14:54:46.522 I/wpa_supplicant( 1769): AP:ssid[uos-visitor],rssi[-87],BSSID=9c:4e:20:c8:9e:74
01-10 14:54:46.522 I/wpa_supplicant( 1769): AP:ssid[LD-Net],rssi[-90],BSSID=00:14:6c:fd:72:38
01-10 14:54:46.522 I/wpa_supplicant( 1769): AP:ssid[uos-connect],rssi[-58],BSSID=9c:4e:20:c8:b0:f3
01-10 14:54:46.522 I/wpa_supplicant( 1769): AP:ssid[BTOpenzone],rssi[-58],BSSID=9c:4e:20:c8:b0:f0
01-10 14:54:46.522 I/wpa_supplicant( 1769): AP:ssid[uos-visitor],rssi[-59],BSSID=9c:4e:20:c8:b0:f4
01-10 14:54:46.522 I/wpa_supplicant( 1769): AP:ssid[eduroam],rssi[-57],BSSID=9c:4e:20:c8:b0:f2
01-10 14:54:46.522 I/wpa_supplicant( 1769): AP:ssid[cs],rssi[-59],BSSID=9c:4e:20:c8:b0:f1
01-10 14:54:46.522 I/wpa_supplicant( 1769): AP:ssid[],rssi[-91],BSSID=00:80:48:68:08:99
01-10 14:54:46.522 I/wpa_supplicant( 1769): AP:ssid[BTOpenzone],rssi[-80],BSSID=9c:4e:20:c8:cc:50
01-10 14:54:46.522 I/wpa_supplicant( 1769): AP:ssid[uos-visitor],rssi[-80],BSSID=9c:4e:20:c8:cc:54
01-10 14:54:46.522 I/wpa_supplicant( 1769): AP:ssid[uos-connect],rssi[-74],BSSID=9c:4e:20:c8:cc:53
01-10 14:54:46.522 I/wpa_supplicant( 1769): AP:ssid[cs],rssi[-75],BSSID=9c:4e:20:c8:cc:51
01-10 14:54:46.522 I/wpa_supplicant( 1769): Received 3441 bytes of scan results (18 BSSes)
01-10 14:54:46.522 I/wpa_supplicant( 1769): wpa_driver_wext_get_scan_results---
01-10 14:54:46.522 I/wpa_supplicant( 1769): wpa_disabled_ssid_list_clear
01-10 14:54:46.522 V/WifiMonitor( 1574): Event [wpa_disabled_ssid_list_clear]
01-10 14:54:46.532 I/wpa_supplicant( 1769): No suitable AP found.
01-10 14:54:46.532 I/wpa_supplicant( 1769): CTRL-EVENT-STATE-CHANGE id=-1 state=1 BSSID=00:00:00:00:00:00
01-10 14:54:46.532 V/WifiMonitor( 1574): Event [CTRL-EVENT-STATE-CHANGE id=-1 state=1 BSSID=00:00:00:00:00:00]
01-10 14:54:46.562 D/WifiStateMachine( 1574): Changing supplicant state: SCANNING ==> INACTIVE
01-10 14:54:46.562 D/WifiStateMachine( 1574): setDetailed state, old =SCANNING and new state=IDLE
01-10 14:54:46.612 D/dalvikvm( 2713): GC_CONCURRENT freed 446K, 10% free 6816K/7495K, paused 1ms+1ms
01-10 14:54:46.672 I/wpa_supplicant( 1769): CTRL-EVENT-STATE-CHANGE id=-1 state=2 BSSID=00:00:00:00:00:00
01-10 14:54:46.672 V/WifiMonitor( 1574): Event [CTRL-EVENT-STATE-CHANGE id=-1 state=2 BSSID=00:00:00:00:00:00]
01-10 14:54:46.672 D/WifiStateMachine( 1574): Changing supplicant state: INACTIVE ==> SCANNING
01-10 14:54:46.672 D/WifiStateMachine( 1574): setDetailed state, old =IDLE and new state=SCANNING
01-10 14:54:47.052 I/System.out( 2646): 17
01-10 14:54:47.853 I/wpa_supplicant( 1769): got scan complete
01-10 14:54:47.853 I/wpa_supplicant( 1769): wpa_supplicant_get_scan_results:return scan results2
01-10 14:54:47.853 I/wpa_supplicant( 1769): AP:ssid[BTBusinessHub-353],rssi[-86],BSSID=c0:83:0a:e0:12:d1
01-10 14:54:47.853 I/wpa_supplicant( 1769): AP:ssid[BTOpenzone],rssi[-86],BSSID=c0:83:0a:e0:12:d4
01-10 14:54:47.853 I/wpa_supplicant( 1769): AP:ssid[BTOpenzone],rssi[-85],BSSID=9c:4e:20:c8:9e:70
01-10 14:54:47.853 I/wpa_supplicant( 1769): AP:ssid[uos-visitor],rssi[-86],BSSID=9c:4e:20:c8:9e:74
01-10 14:54:47.853 I/wpa_supplicant( 1769): AP:ssid[eduroam],rssi[-85],BSSID=9c:4e:20:c8:9e:72
01-10 14:54:47.853 I/wpa_supplicant( 1769): AP:ssid[uos-connect],rssi[-86],BSSID=9c:4e:20:c8:9e:73
01-10 14:54:47.853 I/wpa_supplicant( 1769): AP:ssid[cs],rssi[-85],BSSID=9c:4e:20:c8:9e:71
01-10 14:54:47.853 I/wpa_supplicant( 1769): AP:ssid[LD-Net],rssi[-90],BSSID=00:14:6c:fd:72:38
01-10 14:54:47.853 I/wpa_supplicant( 1769): AP:ssid[hpsetup],rssi[-91],BSSID=c2:ce:46:d5:40:9c
01-10 14:54:47.853 I/wpa_supplicant( 1769): AP:ssid[cs],rssi[-59],BSSID=9c:4e:20:c8:b0:f1
01-10 14:54:47.853 I/wpa_supplicant( 1769): AP:ssid[uos-connect],rssi[-59],BSSID=9c:4e:20:c8:b0:f3
01-10 14:54:47.853 I/wpa_supplicant( 1769): AP:ssid[BTOpenzone],rssi[-59],BSSID=9c:4e:20:c8:b0:f0
01-10 14:54:47.853 I/wpa_supplicant( 1769): AP:ssid[uos-visitor],rssi[-60],BSSID=9c:4e:20:c8:b0:f4
01-10 14:54:47.853 I/wpa_supplicant( 1769): AP:ssid[eduroam],rssi[-59],BSSID=9c:4e:20:c8:b0:f2
01-10 14:54:47.853 I/wpa_supplicant( 1769): AP:ssid[],rssi[-89],BSSID=00:80:48:68:08:99
01-10 14:54:47.853 I/wpa_supplicant( 1769): AP:ssid[uos-connect],rssi[-80],BSSID=9c:4e:20:c8:cc:53
01-10 14:54:47.853 I/wpa_supplicant( 1769): AP:ssid[cs],rssi[-75],BSSID=9c:4e:20:c8:cc:51
01-10 14:54:47.853 I/wpa_supplicant( 1769): AP:ssid[uos-visitor],rssi[-74],BSSID=9c:4e:20:c8:cc:54
01-10 14:54:47.853 I/wpa_supplicant( 1769): AP:ssid[eduroam],rssi[-75],BSSID=9c:4e:20:c8:cc:52
01-10 14:54:47.863 I/wpa_supplicant( 1769): Received 3575 bytes of scan results (19 BSSes)
01-10 14:54:47.863 I/wpa_supplicant( 1769): wpa_driver_wext_get_scan_results---
01-10 14:54:47.863 I/wpa_supplicant( 1769): wpa_disabled_ssid_list_clear
01-10 14:54:47.863 V/WifiMonitor( 1574): Event [wpa_disabled_ssid_list_clear]
01-10 14:54:47.863 I/wpa_supplicant( 1769): No suitable AP found.
01-10 14:54:47.863 I/wpa_supplicant( 1769): CTRL-EVENT-STATE-CHANGE id=-1 state=1 BSSID=00:00:00:00:00:00
01-10 14:54:47.863 V/WifiMonitor( 1574): Event [CTRL-EVENT-STATE-CHANGE id=-1 state=1 BSSID=00:00:00:00:00:00]
01-10 14:54:47.893 D/WifiStateMachine( 1574): Changing supplicant state: SCANNING ==> INACTIVE
01-10 14:54:47.893 D/WifiStateMachine( 1574): setDetailed state, old =SCANNING and new state=IDLE
01-10 14:54:48.003 I/wpa_supplicant( 1769): CTRL-EVENT-STATE-CHANGE id=-1 state=2 BSSID=00:00:00:00:00:00
01-10 14:54:48.003 V/WifiMonitor( 1574): Event [CTRL-EVENT-STATE-CHANGE id=-1 state=2 BSSID=00:00:00:00:00:00]
01-10 14:54:48.003 D/WifiStateMachine( 1574): Changing supplicant state: INACTIVE ==> SCANNING
01-10 14:54:48.003 D/WifiStateMachine( 1574): setDetailed state, old =IDLE and new state=SCANNING
01-10 14:54:48.053 I/System.out( 2646): 18
01-10 14:54:48.103 D/dalvikvm( 2713): GC_CONCURRENT freed 446K, 10% free 6816K/7495K, paused 4ms+2ms
01-10 14:54:49.054 I/System.out( 2646): 18
01-10 14:54:49.174 I/wpa_supplicant( 1769): got scan complete
01-10 14:54:49.174 I/wpa_supplicant( 1769): wpa_supplicant_get_scan_results:return scan results2
01-10 14:54:49.174 I/wpa_supplicant( 1769): AP:ssid[BTBusinessHub-353],rssi[-86],BSSID=c0:83:0a:e0:12:d1
01-10 14:54:49.174 I/wpa_supplicant( 1769): AP:ssid[BTOpenzone],rssi[-87],BSSID=c0:83:0a:e0:12:d4
01-10 14:54:49.174 I/wpa_supplicant( 1769): AP:ssid[BTOpenzone],rssi[-86],BSSID=9c:4e:20:c8:9e:70
01-10 14:54:49.174 I/wpa_supplicant( 1769): AP:ssid[uos-visitor],rssi[-84],BSSID=9c:4e:20:c8:9e:74
01-10 14:54:49.174 I/wpa_supplicant( 1769): AP:ssid[eduroam],rssi[-86],BSSID=9c:4e:20:c8:9e:72
01-10 14:54:49.174 I/wpa_supplicant( 1769): AP:ssid[cs],rssi[-85],BSSID=9c:4e:20:c8:9e:71
01-10 14:54:49.174 I/wpa_supplicant( 1769): AP:ssid[uos-connect],rssi[-86],BSSID=9c:4e:20:c8:9e:73
01-10 14:54:49.174 I/wpa_supplicant( 1769): AP:ssid[hpsetup],rssi[-93],BSSID=c2:ce:46:d5:40:9c
01-10 14:54:49.174 I/wpa_supplicant( 1769): AP:ssid[LD-Net],rssi[-90],BSSID=00:14:6c:fd:72:38
01-10 14:54:49.174 I/wpa_supplicant( 1769): AP:ssid[BTOpenzone],rssi[-57],BSSID=9c:4e:20:c8:b0:f0
01-10 14:54:49.174 I/wpa_supplicant( 1769): AP:ssid[uos-visitor],rssi[-59],BSSID=9c:4e:20:c8:b0:f4
01-10 14:54:49.174 I/wpa_supplicant( 1769): AP:ssid[eduroam],rssi[-58],BSSID=9c:4e:20:c8:b0:f2
01-10 14:54:49.174 I/wpa_supplicant( 1769): AP:ssid[cs],rssi[-58],BSSID=9c:4e:20:c8:b0:f1
01-10 14:54:49.174 I/wpa_supplicant( 1769): AP:ssid[uos-connect],rssi[-60],BSSID=9c:4e:20:c8:b0:f3
01-10 14:54:49.174 I/wpa_supplicant( 1769): AP:ssid[],rssi[-90],BSSID=00:80:48:68:08:99
01-10 14:54:49.174 I/wpa_supplicant( 1769): AP:ssid[cs],rssi[-84],BSSID=9c:4e:20:c8:cc:51
01-10 14:54:49.174 I/wpa_supplicant( 1769): AP:ssid[uos-visitor],rssi[-72],BSSID=9c:4e:20:c8:cc:54
01-10 14:54:49.174 I/wpa_supplicant( 1769): AP:ssid[eduroam],rssi[-79],BSSID=9c:4e:20:c8:cc:52
01-10 14:54:49.174 I/wpa_supplicant( 1769): AP:ssid[BTOpenzone],rssi[-73],BSSID=9c:4e:20:c8:cc:50
01-10 14:54:49.174 I/wpa_supplicant( 1769): Received 3574 bytes of scan results (19 BSSes)
01-10 14:54:49.174 I/wpa_supplicant( 1769): wpa_driver_wext_get_scan_results---
01-10 14:54:49.184 I/wpa_supplicant( 1769): wpa_disabled_ssid_list_clear
01-10 14:54:49.184 V/WifiMonitor( 1574): Event [wpa_disabled_ssid_list_clear]
01-10 14:54:49.184 I/wpa_supplicant( 1769): No suitable AP found.
01-10 14:54:49.184 I/wpa_supplicant( 1769): CTRL-EVENT-STATE-CHANGE id=-1 state=1 BSSID=00:00:00:00:00:00
01-10 14:54:49.194 V/WifiMonitor( 1574): Event [CTRL-EVENT-STATE-CHANGE id=-1 state=1 BSSID=00:00:00:00:00:00]
01-10 14:54:49.214 D/WifiStateMachine( 1574): Changing supplicant state: SCANNING ==> INACTIVE
01-10 14:54:49.214 D/WifiStateMachine( 1574): setDetailed state, old =SCANNING and new state=IDLE
01-10 14:54:49.324 I/wpa_supplicant( 1769): CTRL-EVENT-STATE-CHANGE id=-1 state=2 BSSID=00:00:00:00:00:00
01-10 14:54:49.324 V/WifiMonitor( 1574): Event [CTRL-EVENT-STATE-CHANGE id=-1 state=2 BSSID=00:00:00:00:00:00]
01-10 14:54:49.324 D/WifiStateMachine( 1574): Changing supplicant state: INACTIVE ==> SCANNING
01-10 14:54:49.324 D/WifiStateMachine( 1574): setDetailed state, old =IDLE and new state=SCANNING
01-10 14:54:50.055 I/System.out( 2646): 18
01-10 14:54:50.496 I/wpa_supplicant( 1769): got scan complete
01-10 14:54:50.496 I/wpa_supplicant( 1769): wpa_supplicant_get_scan_results:return scan results2
01-10 14:54:50.496 I/wpa_supplicant( 1769): AP:ssid[BTBusinessHub-353],rssi[-86],BSSID=c0:83:0a:e0:12:d1
01-10 14:54:50.516 I/wpa_supplicant( 1769): AP:ssid[BTOpenzone],rssi[-88],BSSID=c0:83:0a:e0:12:d4
01-10 14:54:50.516 I/wpa_supplicant( 1769): AP:ssid[uos-visitor],rssi[-85],BSSID=9c:4e:20:c8:9e:74
01-10 14:54:50.516 I/wpa_supplicant( 1769): AP:ssid[BTOpenzone],rssi[-88],BSSID=9c:4e:20:c8:9e:70
01-10 14:54:50.516 I/wpa_supplicant( 1769): AP:ssid[eduroam],rssi[-90],BSSID=9c:4e:20:c8:9e:72
01-10 14:54:50.516 I/wpa_supplicant( 1769): AP:ssid[cs],rssi[-85],BSSID=9c:4e:20:c8:9e:71
01-10 14:54:50.516 I/wpa_supplicant( 1769): AP:ssid[uos-connect],rssi[-89],BSSID=9c:4e:20:c8:9e:73
01-10 14:54:50.516 I/wpa_supplicant( 1769): AP:ssid[LD-Net],rssi[-91],BSSID=00:14:6c:fd:72:38
01-10 14:54:50.516 I/wpa_supplicant( 1769): AP:ssid[uos-connect],rssi[-59],BSSID=9c:4e:20:c8:b0:f3
01-10 14:54:50.516 I/wpa_supplicant( 1769): AP:ssid[BTOpenzone],rssi[-56],BSSID=9c:4e:20:c8:b0:f0
01-10 14:54:50.516 I/wpa_supplicant( 1769): AP:ssid[uos-visitor],rssi[-59],BSSID=9c:4e:20:c8:b0:f4
01-10 14:54:50.516 I/wpa_supplicant( 1769): AP:ssid[eduroam],rssi[-58],BSSID=9c:4e:20:c8:b0:f2
01-10 14:54:50.516 I/wpa_supplicant( 1769): AP:ssid[cs],rssi[-59],BSSID=9c:4e:20:c8:b0:f1
01-10 14:54:50.516 I/wpa_supplicant( 1769): AP:ssid[],rssi[-88],BSSID=00:80:48:68:08:99
01-10 14:54:50.516 I/wpa_supplicant( 1769): AP:ssid[uos-visitor],rssi[-79],BSSID=9c:4e:20:c8:cc:54
01-10 14:54:50.516 I/wpa_supplicant( 1769): AP:ssid[eduroam],rssi[-79],BSSID=9c:4e:20:c8:cc:52
01-10 14:54:50.516 I/wpa_supplicant( 1769): AP:ssid[uos-connect],rssi[-73],BSSID=9c:4e:20:c8:cc:53
01-10 14:54:50.516 I/wpa_supplicant( 1769): AP:ssid[BTOpenzone],rssi[-71],BSSID=9c:4e:20:c8:cc:50
01-10 14:54:50.516 I/wpa_supplicant( 1769): Received 3446 bytes of scan results (18 BSSes)
01-10 14:54:50.516 I/wpa_supplicant( 1769): wpa_driver_wext_get_scan_results---
01-10 14:54:50.526 I/wpa_supplicant( 1769): wpa_disabled_ssid_list_clear
01-10 14:54:50.526 V/WifiMonitor( 1574): Event [wpa_disabled_ssid_list_clear]
01-10 14:54:50.526 I/wpa_supplicant( 1769): No suitable AP found.
01-10 14:54:50.526 I/wpa_supplicant( 1769): CTRL-EVENT-STATE-CHANGE id=-1 state=1 BSSID=00:00:00:00:00:00
01-10 14:54:50.526 V/WifiMonitor( 1574): Event [CTRL-EVENT-STATE-CHANGE id=-1 state=1 BSSID=00:00:00:00:00:00]
01-10 14:54:50.556 D/WifiStateMachine( 1574): Changing supplicant state: SCANNING ==> INACTIVE
01-10 14:54:50.556 D/WifiStateMachine( 1574): setDetailed state, old =SCANNING and new state=IDLE
01-10 14:54:50.596 D/dalvikvm( 2713): GC_CONCURRENT freed 446K, 10% free 6816K/7495K, paused 1ms+1ms
01-10 14:54:50.666 I/wpa_supplicant( 1769): CTRL-EVENT-STATE-CHANGE id=-1 state=2 BSSID=00:00:00:00:00:00
01-10 14:54:50.666 V/WifiMonitor( 1574): Event [CTRL-EVENT-STATE-CHANGE id=-1 state=2 BSSID=00:00:00:00:00:00]
01-10 14:54:50.666 D/WifiStateMachine( 1574): Changing supplicant state: INACTIVE ==> SCANNING
01-10 14:54:50.666 D/WifiStateMachine( 1574): setDetailed state, old =IDLE and new state=SCANNING
01-10 14:54:51.056 I/System.out( 2646): 17
01-10 14:54:51.797 I/wpa_supplicant( 1769): got scan complete
01-10 14:54:51.797 I/wpa_supplicant( 1769): wpa_supplicant_get_scan_results:return scan results2
01-10 14:54:51.797 I/wpa_supplicant( 1769): AP:ssid[BTBusinessHub-353],rssi[-88],BSSID=c0:83:0a:e0:12:d1
01-10 14:54:51.797 I/wpa_supplicant( 1769): AP:ssid[BTOpenzone],rssi[-89],BSSID=c0:83:0a:e0:12:d4
01-10 14:54:51.797 I/wpa_supplicant( 1769): AP:ssid[eduroam],rssi[-85],BSSID=9c:4e:20:c8:9e:72
01-10 14:54:51.797 I/wpa_supplicant( 1769): AP:ssid[uos-connect],rssi[-86],BSSID=9c:4e:20:c8:9e:73
01-10 14:54:51.797 I/wpa_supplicant( 1769): AP:ssid[cs],rssi[-86],BSSID=9c:4e:20:c8:9e:71
01-10 14:54:51.807 I/wpa_supplicant( 1769): AP:ssid[BTOpenzone],rssi[-87],BSSID=9c:4e:20:c8:9e:70
01-10 14:54:51.807 I/wpa_supplicant( 1769): AP:ssid[uos-visitor],rssi[-86],BSSID=9c:4e:20:c8:9e:74
01-10 14:54:51.807 I/wpa_supplicant( 1769): AP:ssid[LD-Net],rssi[-88],BSSID=00:14:6c:fd:72:38
01-10 14:54:51.807 I/wpa_supplicant( 1769): AP:ssid[cs],rssi[-61],BSSID=9c:4e:20:c8:b0:f1
01-10 14:54:51.807 I/wpa_supplicant( 1769): AP:ssid[uos-connect],rssi[-59],BSSID=9c:4e:20:c8:b0:f3
01-10 14:54:51.807 I/wpa_supplicant( 1769): AP:ssid[BTOpenzone],rssi[-57],BSSID=9c:4e:20:c8:b0:f0
01-10 14:54:51.807 I/wpa_supplicant( 1769): AP:ssid[uos-visitor],rssi[-60],BSSID=9c:4e:20:c8:b0:f4
01-10 14:54:51.807 I/wpa_supplicant( 1769): AP:ssid[eduroam],rssi[-59],BSSID=9c:4e:20:c8:b0:f2
01-10 14:54:51.807 I/wpa_supplicant( 1769): AP:ssid[BTOpenzone],rssi[-82],BSSID=9c:4e:20:c8:cc:50
01-10 14:54:51.807 I/wpa_supplicant( 1769): AP:ssid[eduroam],rssi[-86],BSSID=9c:4e:20:c8:cc:52
01-10 14:54:51.807 I/wpa_supplicant( 1769): AP:ssid[cs],rssi[-82],BSSID=9c:4e:20:c8:cc:51
01-10 14:54:51.807 I/wpa_supplicant( 1769): AP:ssid[uos-connect],rssi[-73],BSSID=9c:4e:20:c8:cc:53
01-10 14:54:51.807 I/wpa_supplicant( 1769): Received 3273 bytes of scan results (17 BSSes)
01-10 14:54:51.807 I/wpa_supplicant( 1769): wpa_driver_wext_get_scan_results---
01-10 14:54:51.807 I/wpa_supplicant( 1769): wpa_disabled_ssid_list_clear
01-10 14:54:51.807 V/WifiMonitor( 1574): Event [wpa_disabled_ssid_list_clear]
01-10 14:54:51.807 I/wpa_supplicant( 1769): No suitable AP found.
01-10 14:54:51.807 I/wpa_supplicant( 1769): CTRL-EVENT-STATE-CHANGE id=-1 state=1 BSSID=00:00:00:00:00:00
01-10 14:54:51.817 V/WifiMonitor( 1574): Event [CTRL-EVENT-STATE-CHANGE id=-1 state=1 BSSID=00:00:00:00:00:00]
01-10 14:54:51.837 D/WifiStateMachine( 1574): Changing supplicant state: SCANNING ==> INACTIVE
01-10 14:54:51.837 D/WifiStateMachine( 1574): setDetailed state, old =SCANNING and new state=IDLE
01-10 14:54:51.947 I/wpa_supplicant( 1769): CTRL-EVENT-STATE-CHANGE id=-1 state=2 BSSID=00:00:00:00:00:00
01-10 14:54:51.947 V/WifiMonitor( 1574): Event [CTRL-EVENT-STATE-CHANGE id=-1 state=2 BSSID=00:00:00:00:00:00]
01-10 14:54:51.947 D/WifiStateMachine( 1574): Changing supplicant state: INACTIVE ==> SCANNING
01-10 14:54:51.947 D/WifiStateMachine( 1574): setDetailed state, old =IDLE and new state=SCANNING
01-10 14:54:52.057 I/System.out( 2646): 17
01-10 14:54:52.057 D/dalvikvm( 2713): GC_CONCURRENT freed 446K, 10% free 6816K/7495K, paused 4ms+1ms
01-10 14:54:53.068 I/System.out( 2646): 17
01-10 14:54:53.078 I/wpa_supplicant( 1769): got scan complete
01-10 14:54:53.078 I/wpa_supplicant( 1769): wpa_supplicant_get_scan_results:return scan results2
01-10 14:54:53.078 I/wpa_supplicant( 1769): AP:ssid[BTBusinessHub-353],rssi[-88],BSSID=c0:83:0a:e0:12:d1
01-10 14:54:53.078 I/wpa_supplicant( 1769): AP:ssid[BTOpenzone],rssi[-86],BSSID=c0:83:0a:e0:12:d4
01-10 14:54:53.078 I/wpa_supplicant( 1769): AP:ssid[eduroam],rssi[-86],BSSID=9c:4e:20:c8:9e:72
01-10 14:54:53.078 I/wpa_supplicant( 1769): AP:ssid[cs],rssi[-90],BSSID=9c:4e:20:c8:9e:71
01-10 14:54:53.078 I/wpa_supplicant( 1769): AP:ssid[BTOpenzone],rssi[-86],BSSID=9c:4e:20:c8:9e:70
01-10 14:54:53.078 I/wpa_supplicant( 1769): AP:ssid[uos-visitor],rssi[-89],BSSID=9c:4e:20:c8:9e:74
01-10 14:54:53.078 I/wpa_supplicant( 1769): AP:ssid[uos-connect],rssi[-83],BSSID=9c:4e:20:c8:9e:73
01-10 14:54:53.078 I/wpa_supplicant( 1769): AP:ssid[hpsetup],rssi[-93],BSSID=c2:ce:46:d5:40:9c
01-10 14:54:53.078 I/wpa_supplicant( 1769): AP:ssid[LD-Net],rssi[-89],BSSID=00:14:6c:fd:72:38
01-10 14:54:53.078 I/wpa_supplicant( 1769): AP:ssid[uos-connect],rssi[-57],BSSID=9c:4e:20:c8:b0:f3
01-10 14:54:53.078 I/wpa_supplicant( 1769): AP:ssid[BTOpenzone],rssi[-57],BSSID=9c:4e:20:c8:b0:f0
01-10 14:54:53.078 I/wpa_supplicant( 1769): AP:ssid[eduroam],rssi[-58],BSSID=9c:4e:20:c8:b0:f2
01-10 14:54:53.078 I/wpa_supplicant( 1769): AP:ssid[uos-visitor],rssi[-56],BSSID=9c:4e:20:c8:b0:f4
01-10 14:54:53.078 I/wpa_supplicant( 1769): AP:ssid[cs],rssi[-57],BSSID=9c:4e:20:c8:b0:f1
01-10 14:54:53.078 I/wpa_supplicant( 1769): AP:ssid[BTOpenzone],rssi[-86],BSSID=9c:4e:20:c8:cc:50
01-10 14:54:53.078 I/wpa_supplicant( 1769): AP:ssid[eduroam],rssi[-86],BSSID=9c:4e:20:c8:cc:52
01-10 14:54:53.078 I/wpa_supplicant( 1769): AP:ssid[uos-visitor],rssi[-75],BSSID=9c:4e:20:c8:cc:54
01-10 14:54:53.078 I/wpa_supplicant( 1769): AP:ssid[uos-connect],rssi[-75],BSSID=9c:4e:20:c8:cc:53
01-10 14:54:53.078 I/wpa_supplicant( 1769): Received 3389 bytes of scan results (18 BSSes)
01-10 14:54:53.078 I/wpa_supplicant( 1769): wpa_driver_wext_get_scan_results---
01-10 14:54:53.088 I/wpa_supplicant( 1769): wpa_disabled_ssid_list_clear
01-10 14:54:53.088 V/WifiMonitor( 1574): Event [wpa_disabled_ssid_list_clear]
01-10 14:54:53.088 I/wpa_supplicant( 1769): No suitable AP found.
01-10 14:54:53.088 I/wpa_supplicant( 1769): CTRL-EVENT-STATE-CHANGE id=-1 state=1 BSSID=00:00:00:00:00:00
01-10 14:54:53.098 V/WifiMonitor( 1574): Event [CTRL-EVENT-STATE-CHANGE id=-1 state=1 BSSID=00:00:00:00:00:00]
01-10 14:54:53.118 D/WifiStateMachine( 1574): Changing supplicant state: SCANNING ==> INACTIVE
01-10 14:54:53.118 D/WifiStateMachine( 1574): setDetailed state, old =SCANNING and new state=IDLE
01-10 14:54:53.228 I/wpa_supplicant( 1769): CTRL-EVENT-STATE-CHANGE id=-1 state=2 BSSID=00:00:00:00:00:00
01-10 14:54:53.228 V/WifiMonitor( 1574): Event [CTRL-EVENT-STATE-CHANGE id=-1 state=2 BSSID=00:00:00:00:00:00]
01-10 14:54:53.228 D/WifiStateMachine( 1574): Changing supplicant state: INACTIVE ==> SCANNING
01-10 14:54:53.228 D/WifiStateMachine( 1574): setDetailed state, old =IDLE and new state=SCANNING
01-10 14:54:54.069 I/System.out( 2646): 18
01-10 14:54:54.409 I/wpa_supplicant( 1769): got scan complete
01-10 14:54:54.409 I/wpa_supplicant( 1769): wpa_supplicant_get_scan_results:return scan results2
01-10 14:54:54.409 I/wpa_supplicant( 1769): AP:ssid[BTBusinessHub-353],rssi[-89],BSSID=c0:83:0a:e0:12:d1
01-10 14:54:54.409 I/wpa_supplicant( 1769): AP:ssid[BTOpenzone],rssi[-89],BSSID=c0:83:0a:e0:12:d4
01-10 14:54:54.409 I/wpa_supplicant( 1769): AP:ssid[uos-visitor],rssi[-86],BSSID=9c:4e:20:c8:9e:74
01-10 14:54:54.409 I/wpa_supplicant( 1769): AP:ssid[cs],rssi[-86],BSSID=9c:4e:20:c8:9e:71
01-10 14:54:54.409 I/wpa_supplicant( 1769): AP:ssid[BTOpenzone],rssi[-85],BSSID=9c:4e:20:c8:9e:70
01-10 14:54:54.409 I/wpa_supplicant( 1769): AP:ssid[eduroam],rssi[-86],BSSID=9c:4e:20:c8:9e:72
01-10 14:54:54.409 I/wpa_supplicant( 1769): AP:ssid[uos-connect],rssi[-87],BSSID=9c:4e:20:c8:9e:73
01-10 14:54:54.409 I/wpa_supplicant( 1769): AP:ssid[hpsetup],rssi[-90],BSSID=c2:ce:46:d5:40:9c
01-10 14:54:54.409 I/wpa_supplicant( 1769): AP:ssid[LD-Net],rssi[-94],BSSID=00:14:6c:fd:72:38
01-10 14:54:54.409 I/wpa_supplicant( 1769): AP:ssid[BTOpenzone],rssi[-55],BSSID=9c:4e:20:c8:b0:f0
01-10 14:54:54.409 I/wpa_supplicant( 1769): AP:ssid[uos-visitor],rssi[-56],BSSID=9c:4e:20:c8:b0:f4
01-10 14:54:54.409 I/wpa_supplicant( 1769): AP:ssid[eduroam],rssi[-56],BSSID=9c:4e:20:c8:b0:f2
01-10 14:54:54.409 I/wpa_supplicant( 1769): AP:ssid[cs],rssi[-55],BSSID=9c:4e:20:c8:b0:f1
01-10 14:54:54.409 I/wpa_supplicant( 1769): AP:ssid[uos-connect],rssi[-56],BSSID=9c:4e:20:c8:b0:f3
01-10 14:54:54.409 I/wpa_supplicant( 1769): AP:ssid[uos-connect],rssi[-78],BSSID=9c:4e:20:c8:cc:53
01-10 14:54:54.409 I/wpa_supplicant( 1769): AP:ssid[eduroam],rssi[-74],BSSID=9c:4e:20:c8:cc:52
01-10 14:54:54.409 I/wpa_supplicant( 1769): AP:ssid[BTOpenzone],rssi[-82],BSSID=9c:4e:20:c8:cc:50
01-10 14:54:54.409 I/wpa_supplicant( 1769): AP:ssid[uos-visitor],rssi[-75],BSSID=9c:4e:20:c8:cc:54
01-10 14:54:54.409 I/wpa_supplicant( 1769): Received 3389 bytes of scan results (18 BSSes)
01-10 14:54:54.409 I/wpa_supplicant( 1769): wpa_driver_wext_get_scan_results---
01-10 14:54:54.419 I/wpa_supplicant( 1769): wpa_disabled_ssid_list_clear
01-10 14:54:54.419 V/WifiMonitor( 1574): Event [wpa_disabled_ssid_list_clear]
01-10 14:54:54.419 I/wpa_supplicant( 1769): No suitable AP found.
01-10 14:54:54.419 I/wpa_supplicant( 1769): CTRL-EVENT-STATE-CHANGE id=-1 state=1 BSSID=00:00:00:00:00:00
01-10 14:54:54.419 V/WifiMonitor( 1574): Event [CTRL-EVENT-STATE-CHANGE id=-1 state=1 BSSID=00:00:00:00:00:00]
01-10 14:54:54.449 D/WifiStateMachine( 1574): Changing supplicant state: SCANNING ==> INACTIVE
01-10 14:54:54.449 D/WifiStateMachine( 1574): setDetailed state, old =SCANNING and new state=IDLE
01-10 14:54:54.499 D/dalvikvm( 2713): GC_CONCURRENT freed 446K, 10% free 6816K/7495K, paused 1ms+2ms
01-10 14:54:54.550 I/wpa_supplicant( 1769): CTRL-EVENT-STATE-CHANGE id=-1 state=2 BSSID=00:00:00:00:00:00
01-10 14:54:54.550 V/WifiMonitor( 1574): Event [CTRL-EVENT-STATE-CHANGE id=-1 state=2 BSSID=00:00:00:00:00:00]
01-10 14:54:54.550 D/WifiStateMachine( 1574): Changing supplicant state: INACTIVE ==> SCANNING
01-10 14:54:54.550 D/WifiStateMachine( 1574): setDetailed state, old =IDLE and new state=SCANNING
01-10 14:54:55.060 I/System.out( 2646): 18
01-10 14:54:55.741 I/wpa_supplicant( 1769): got scan complete
01-10 14:54:55.741 I/wpa_supplicant( 1769): wpa_supplicant_get_scan_results:return scan results2
01-10 14:54:55.741 I/wpa_supplicant( 1769): AP:ssid[BTBusinessHub-353],rssi[-87],BSSID=c0:83:0a:e0:12:d1
01-10 14:54:55.741 I/wpa_supplicant( 1769): AP:ssid[BTOpenzone],rssi[-87],BSSID=c0:83:0a:e0:12:d4
01-10 14:54:55.741 I/wpa_supplicant( 1769): AP:ssid[uos-visitor],rssi[-86],BSSID=9c:4e:20:c8:9e:74
01-10 14:54:55.741 I/wpa_supplicant( 1769): AP:ssid[cs],rssi[-86],BSSID=9c:4e:20:c8:9e:71
01-10 14:54:55.741 I/wpa_supplicant( 1769): AP:ssid[BTOpenzone],rssi[-85],BSSID=9c:4e:20:c8:9e:70
01-10 14:54:55.741 I/wpa_supplicant( 1769): AP:ssid[eduroam],rssi[-87],BSSID=9c:4e:20:c8:9e:72
01-10 14:54:55.741 I/wpa_supplicant( 1769): AP:ssid[uos-connect],rssi[-87],BSSID=9c:4e:20:c8:9e:73
01-10 14:54:55.741 I/wpa_supplicant( 1769): AP:ssid[LD-Net],rssi[-89],BSSID=00:14:6c:fd:72:38
01-10 14:54:55.741 I/wpa_supplicant( 1769): AP:ssid[BTOpenzone],rssi[-55],BSSID=9c:4e:20:c8:b0:f0
01-10 14:54:55.741 I/wpa_supplicant( 1769): AP:ssid[uos-visitor],rssi[-54],BSSID=9c:4e:20:c8:b0:f4
01-10 14:54:55.741 I/wpa_supplicant( 1769): AP:ssid[eduroam],rssi[-55],BSSID=9c:4e:20:c8:b0:f2
01-10 14:54:55.741 I/wpa_supplicant( 1769): AP:ssid[cs],rssi[-54],BSSID=9c:4e:20:c8:b0:f1
01-10 14:54:55.741 I/wpa_supplicant( 1769): AP:ssid[uos-connect],rssi[-57],BSSID=9c:4e:20:c8:b0:f3
01-10 14:54:55.741 I/wpa_supplicant( 1769): AP:ssid[],rssi[-94],BSSID=00:80:48:68:08:99
01-10 14:54:55.741 I/wpa_supplicant( 1769): AP:ssid[uos-visitor],rssi[-78],BSSID=9c:4e:20:c8:cc:54
01-10 14:54:55.741 I/wpa_supplicant( 1769): AP:ssid[eduroam],rssi[-78],BSSID=9c:4e:20:c8:cc:52
01-10 14:54:55.751 I/wpa_supplicant( 1769): AP:ssid[BTOpenzone],rssi[-74],BSSID=9c:4e:20:c8:cc:50
01-10 14:54:55.761 I/wpa_supplicant( 1769): AP:ssid[uos-connect],rssi[-75],BSSID=9c:4e:20:c8:cc:53
01-10 14:54:55.761 I/wpa_supplicant( 1769): Received 3446 bytes of scan results (18 BSSes)
01-10 14:54:55.761 I/wpa_supplicant( 1769): wpa_driver_wext_get_scan_results---
