01-10 14:54:55.761 I/wpa_supplicant( 1769): wpa_disabled_ssid_list_clear
01-10 14:54:55.761 V/WifiMonitor( 1574): Event [wpa_disabled_ssid_list_clear]
01-10 14:54:55.761 I/wpa_supplicant( 1769): No suitable AP found.
01-10 14:54:55.761 I/wpa_supplicant( 1769): CTRL-EVENT-STATE-CHANGE id=-1 state=1 BSSID=00:00:00:00:00:00
01-10 14:54:55.761 V/WifiMonitor( 1574): Event [CTRL-EVENT-STATE-CHANGE id=-1 state=1 BSSID=00:00:00:00:00:00]
01-10 14:54:55.821 D/WifiStateMachine( 1574): Changing supplicant state: SCANNING ==> INACTIVE
01-10 14:54:55.821 D/WifiStateMachine( 1574): setDetailed state, old =SCANNING and new state=IDLE
01-10 14:54:55.901 D/dalvikvm( 1574): GC_CONCURRENT freed 1746K, 12% free 16100K/18183K, paused 8ms+5ms
01-10 14:54:55.931 I/wpa_supplicant( 1769): CTRL-EVENT-STATE-CHANGE id=-1 state=2 BSSID=00:00:00:00:00:00
01-10 14:54:55.931 V/WifiMonitor( 1574): Event [CTRL-EVENT-STATE-CHANGE id=-1 state=2 BSSID=00:00:00:00:00:00]
01-10 14:54:55.931 D/WifiStateMachine( 1574): Changing supplicant state: INACTIVE ==> SCANNING
01-10 14:54:55.931 D/WifiStateMachine( 1574): setDetailed state, old =IDLE and new state=SCANNING
01-10 14:54:55.971 D/dalvikvm( 2713): GC_CONCURRENT freed 446K, 10% free 6816K/7495K, paused 1ms+1ms
01-10 14:54:56.061 I/System.out( 2646): 17
01-10 14:54:57.062 I/wpa_supplicant( 1769): got scan complete
01-10 14:54:57.062 I/wpa_supplicant( 1769): wpa_supplicant_get_scan_results:return scan results2
01-10 14:54:57.062 I/wpa_supplicant( 1769): AP:ssid[BTBusinessHub-353],rssi[-89],BSSID=c0:83:0a:e0:12:d1
01-10 14:54:57.062 I/wpa_supplicant( 1769): AP:ssid[BTOpenzone],rssi[-90],BSSID=c0:83:0a:e0:12:d4
01-10 14:54:57.062 I/wpa_supplicant( 1769): AP:ssid[uos-connect],rssi[-86],BSSID=9c:4e:20:c8:9e:73
01-10 14:54:57.072 I/wpa_supplicant( 1769): AP:ssid[uos-visitor],rssi[-85],BSSID=9c:4e:20:c8:9e:74
01-10 14:54:57.072 I/wpa_supplicant( 1769): AP:ssid[cs],rssi[-83],BSSID=9c:4e:20:c8:9e:71
01-10 14:54:57.072 I/wpa_supplicant( 1769): AP:ssid[BTOpenzone],rssi[-86],BSSID=9c:4e:20:c8:9e:70
01-10 14:54:57.072 I/wpa_supplicant( 1769): AP:ssid[eduroam],rssi[-86],BSSID=9c:4e:20:c8:9e:72
01-10 14:54:57.072 I/wpa_supplicant( 1769): AP:ssid[hpsetup],rssi[-93],BSSID=c2:ce:46:d5:40:9c
01-10 14:54:57.072 I/wpa_supplicant( 1769): AP:ssid[cs],rssi[-55],BSSID=9c:4e:20:c8:b0:f1
01-10 14:54:57.072 I/wpa_supplicant( 1769): AP:ssid[LD-Net],rssi[-88],BSSID=00:14:6c:fd:72:38
01-10 14:54:57.072 I/wpa_supplicant( 1769): AP:ssid[BTOpenzone],rssi[-55],BSSID=9c:4e:20:c8:b0:f0
01-10 14:54:57.072 I/wpa_supplicant( 1769): AP:ssid[uos-visitor],rssi[-55],BSSID=9c:4e:20:c8:b0:f4
01-10 14:54:57.072 I/wpa_supplicant( 1769): AP:ssid[eduroam],rssi[-56],BSSID=9c:4e:20:c8:b0:f2
01-10 14:54:57.072 I/wpa_supplicant( 1769): AP:ssid[uos-connect],rssi[-57],BSSID=9c:4e:20:c8:b0:f3
01-10 14:54:57.072 I/wpa_supplicant( 1769): AP:ssid[uos-connect],rssi[-76],BSSID=9c:4e:20:c8:cc:53
01-10 14:54:57.072 I/wpa_supplicant( 1769): AP:ssid[BTOpenzone],rssi[-72],BSSID=9c:4e:20:c8:cc:50
01-10 14:54:57.072 I/wpa_supplicant( 1769): AP:ssid[eduroam],rssi[-75],BSSID=9c:4e:20:c8:cc:52
01-10 14:54:57.072 I/wpa_supplicant( 1769): AP:ssid[cs],rssi[-83],BSSID=9c:4e:20:c8:cc:51
01-10 14:54:57.072 I/wpa_supplicant( 1769): Received 3380 bytes of scan results (18 BSSes)
01-10 14:54:57.072 I/wpa_supplicant( 1769): wpa_driver_wext_get_scan_results---
01-10 14:54:57.072 I/System.out( 2646): 17
01-10 14:54:57.082 I/wpa_supplicant( 1769): wpa_disabled_ssid_list_clear
01-10 14:54:57.082 V/WifiMonitor( 1574): Event [wpa_disabled_ssid_list_clear]
01-10 14:54:57.082 I/wpa_supplicant( 1769): No suitable AP found.
01-10 14:54:57.082 I/wpa_supplicant( 1769): CTRL-EVENT-STATE-CHANGE id=-1 state=1 BSSID=00:00:00:00:00:00
01-10 14:54:57.092 V/WifiMonitor( 1574): Event [CTRL-EVENT-STATE-CHANGE id=-1 state=1 BSSID=00:00:00:00:00:00]
01-10 14:54:57.112 D/WifiStateMachine( 1574): Changing supplicant state: SCANNING ==> INACTIVE
01-10 14:54:57.112 D/WifiStateMachine( 1574): setDetailed state, old =SCANNING and new state=IDLE
01-10 14:54:57.222 I/wpa_supplicant( 1769): CTRL-EVENT-STATE-CHANGE id=-1 state=2 BSSID=00:00:00:00:00:00
01-10 14:54:57.222 V/WifiMonitor( 1574): Event [CTRL-EVENT-STATE-CHANGE id=-1 state=2 BSSID=00:00:00:00:00:00]
01-10 14:54:57.222 D/WifiStateMachine( 1574): Changing supplicant state: INACTIVE ==> SCANNING
01-10 14:54:57.222 D/WifiStateMachine( 1574): setDetailed state, old =IDLE and new state=SCANNING
01-10 14:54:58.073 I/System.out( 2646): 18
01-10 14:54:58.393 I/wpa_supplicant( 1769): got scan complete
01-10 14:54:58.393 I/wpa_supplicant( 1769): wpa_supplicant_get_scan_results:return scan results2
01-10 14:54:58.393 I/wpa_supplicant( 1769): AP:ssid[BTBusinessHub-353],rssi[-89],BSSID=c0:83:0a:e0:12:d1
01-10 14:54:58.393 I/wpa_supplicant( 1769): AP:ssid[BTOpenzone],rssi[-89],BSSID=c0:83:0a:e0:12:d4
01-10 14:54:58.393 I/wpa_supplicant( 1769): AP:ssid[uos-visitor],rssi[-86],BSSID=9c:4e:20:c8:9e:74
01-10 14:54:58.403 I/wpa_supplicant( 1769): AP:ssid[cs],rssi[-88],BSSID=9c:4e:20:c8:9e:71
01-10 14:54:58.403 I/wpa_supplicant( 1769): AP:ssid[uos-connect],rssi[-88],BSSID=9c:4e:20:c8:9e:73
01-10 14:54:58.403 I/wpa_supplicant( 1769): AP:ssid[BTOpenzone],rssi[-87],BSSID=9c:4e:20:c8:9e:70
01-10 14:54:58.403 I/wpa_supplicant( 1769): AP:ssid[eduroam],rssi[-87],BSSID=9c:4e:20:c8:9e:72
01-10 14:54:58.403 I/wpa_supplicant( 1769): AP:ssid[LD-Net],rssi[-93],BSSID=00:14:6c:fd:72:38
01-10 14:54:58.403 I/wpa_supplicant( 1769): AP:ssid[hpsetup],rssi[-94],BSSID=c2:ce:46:d5:40:9c
01-10 14:54:58.403 I/wpa_supplicant( 1769): AP:ssid[eduroam],rssi[-54],BSSID=9c:4e:20:c8:b0:f2
01-10 14:54:58.403 I/wpa_supplicant( 1769): AP:ssid[cs],rssi[-57],BSSID=9c:4e:20:c8:b0:f1
01-10 14:54:58.403 I/wpa_supplicant( 1769): AP:ssid[uos-connect],rssi[-57],BSSID=9c:4e:20:c8:b0:f3
01-10 14:54:58.403 I/wpa_supplicant( 1769): AP:ssid[uos-visitor],rssi[-55],BSSID=9c:4e:20:c8:b0:f4
01-10 14:54:58.403 I/wpa_supplicant( 1769): AP:ssid[BTOpenzone],rssi[-55],BSSID=9c:4e:20:c8:b0:f0
01-10 14:54:58.403 I/wpa_supplicant( 1769): AP:ssid[],rssi[-90],BSSID=00:80:48:68:08:99
01-10 14:54:58.403 I/wpa_supplicant( 1769): AP:ssid[BTOpenzone],rssi[-75],BSSID=9c:4e:20:c8:cc:50
01-10 14:54:58.403 I/wpa_supplicant( 1769): AP:ssid[eduroam],rssi[-75],BSSID=9c:4e:20:c8:cc:52
01-10 14:54:58.403 I/wpa_supplicant( 1769): AP:ssid[cs],rssi[-75],BSSID=9c:4e:20:c8:cc:51
01-10 14:54:58.403 I/wpa_supplicant( 1769): AP:ssid[uos-visitor],rssi[-74],BSSID=9c:4e:20:c8:cc:54
01-10 14:54:58.403 I/wpa_supplicant( 1769): Received 3574 bytes of scan results (19 BSSes)
01-10 14:54:58.403 I/wpa_supplicant( 1769): wpa_driver_wext_get_scan_results---
01-10 14:54:58.413 I/wpa_supplicant( 1769): wpa_disabled_ssid_list_clear
01-10 14:54:58.413 V/WifiMonitor( 1574): Event [wpa_disabled_ssid_list_clear]
01-10 14:54:58.413 I/wpa_supplicant( 1769): No suitable AP found.
01-10 14:54:58.413 I/wpa_supplicant( 1769): CTRL-EVENT-STATE-CHANGE id=-1 state=1 BSSID=00:00:00:00:00:00
01-10 14:54:58.413 V/WifiMonitor( 1574): Event [CTRL-EVENT-STATE-CHANGE id=-1 state=1 BSSID=00:00:00:00:00:00]
01-10 14:54:58.433 D/WifiStateMachine( 1574): Changing supplicant state: SCANNING ==> INACTIVE
01-10 14:54:58.433 D/WifiStateMachine( 1574): setDetailed state, old =SCANNING and new state=IDLE
01-10 14:54:58.493 D/dalvikvm( 2713): GC_CONCURRENT freed 446K, 10% free 6816K/7495K, paused 1ms+1ms
01-10 14:54:58.543 I/wpa_supplicant( 1769): CTRL-EVENT-STATE-CHANGE id=-1 state=2 BSSID=00:00:00:00:00:00
01-10 14:54:58.543 V/WifiMonitor( 1574): Event [CTRL-EVENT-STATE-CHANGE id=-1 state=2 BSSID=00:00:00:00:00:00]
01-10 14:54:58.543 D/WifiStateMachine( 1574): Changing supplicant state: INACTIVE ==> SCANNING
01-10 14:54:58.543 D/WifiStateMachine( 1574): setDetailed state, old =IDLE and new state=SCANNING
01-10 14:54:59.064 I/System.out( 2646): 18
01-10 14:54:59.685 I/wpa_supplicant( 1769): got scan complete
01-10 14:54:59.685 I/wpa_supplicant( 1769): wpa_supplicant_get_scan_results:return scan results2
01-10 14:54:59.685 I/wpa_supplicant( 1769): AP:ssid[BTBusinessHub-353],rssi[-86],BSSID=c0:83:0a:e0:12:d1
01-10 14:54:59.685 I/wpa_supplicant( 1769): AP:ssid[BTOpenzone],rssi[-89],BSSID=c0:83:0a:e0:12:d4
01-10 14:54:59.685 I/wpa_supplicant( 1769): AP:ssid[BTOpenzone],rssi[-86],BSSID=9c:4e:20:c8:9e:70
01-10 14:54:59.685 I/wpa_supplicant( 1769): AP:ssid[uos-visitor],rssi[-83],BSSID=9c:4e:20:c8:9e:74
01-10 14:54:59.685 I/wpa_supplicant( 1769): AP:ssid[eduroam],rssi[-87],BSSID=9c:4e:20:c8:9e:72
01-10 14:54:59.685 I/wpa_supplicant( 1769): AP:ssid[cs],rssi[-87],BSSID=9c:4e:20:c8:9e:71
01-10 14:54:59.685 I/wpa_supplicant( 1769): AP:ssid[uos-connect],rssi[-88],BSSID=9c:4e:20:c8:9e:73
01-10 14:54:59.685 I/wpa_supplicant( 1769): AP:ssid[hpsetup],rssi[-92],BSSID=c2:ce:46:d5:40:9c
01-10 14:54:59.685 I/wpa_supplicant( 1769): AP:ssid[BTOpenzone],rssi[-55],BSSID=9c:4e:20:c8:b0:f0
01-10 14:54:59.685 I/wpa_supplicant( 1769): AP:ssid[uos-visitor],rssi[-55],BSSID=9c:4e:20:c8:b0:f4
01-10 14:54:59.685 I/wpa_supplicant( 1769): AP:ssid[eduroam],rssi[-57],BSSID=9c:4e:20:c8:b0:f2
01-10 14:54:59.685 I/wpa_supplicant( 1769): AP:ssid[cs],rssi[-56],BSSID=9c:4e:20:c8:b0:f1
01-10 14:54:59.685 I/wpa_supplicant( 1769): AP:ssid[uos-connect],rssi[-56],BSSID=9c:4e:20:c8:b0:f3
01-10 14:54:59.685 I/wpa_supplicant( 1769): AP:ssid[],rssi[-94],BSSID=00:80:48:68:08:99
01-10 14:54:59.685 I/wpa_supplicant( 1769): AP:ssid[eduroam],rssi[-77],BSSID=9c:4e:20:c8:cc:52
01-10 14:54:59.685 I/wpa_supplicant( 1769): AP:ssid[cs],rssi[-78],BSSID=9c:4e:20:c8:cc:51
01-10 14:54:59.685 I/wpa_supplicant( 1769): AP:ssid[uos-visitor],rssi[-75],BSSID=9c:4e:20:c8:cc:54
01-10 14:54:59.685 I/wpa_supplicant( 1769): AP:ssid[uos-connect],rssi[-76],BSSID=9c:4e:20:c8:cc:53
01-10 14:54:59.685 I/wpa_supplicant( 1769): Received 3375 bytes of scan results (18 BSSes)
01-10 14:54:59.685 I/wpa_supplicant( 1769): wpa_driver_wext_get_scan_results---
01-10 14:54:59.695 I/wpa_supplicant( 1769): wpa_disabled_ssid_list_clear
01-10 14:54:59.695 V/WifiMonitor( 1574): Event [wpa_disabled_ssid_list_clear]
01-10 14:54:59.695 I/wpa_supplicant( 1769): No suitable AP found.
01-10 14:54:59.695 I/wpa_supplicant( 1769): CTRL-EVENT-STATE-CHANGE id=-1 state=1 BSSID=00:00:00:00:00:00
01-10 14:54:59.695 V/WifiMonitor( 1574): Event [CTRL-EVENT-STATE-CHANGE id=-1 state=1 BSSID=00:00:00:00:00:00]
01-10 14:54:59.725 D/WifiStateMachine( 1574): Changing supplicant state: SCANNING ==> INACTIVE
01-10 14:54:59.725 D/WifiStateMachine( 1574): setDetailed state, old =SCANNING and new state=IDLE
01-10 14:54:59.825 I/wpa_supplicant( 1769): CTRL-EVENT-STATE-CHANGE id=-1 state=2 BSSID=00:00:00:00:00:00
01-10 14:54:59.825 V/WifiMonitor( 1574): Event [CTRL-EVENT-STATE-CHANGE id=-1 state=2 BSSID=00:00:00:00:00:00]
01-10 14:54:59.825 D/WifiStateMachine( 1574): Changing supplicant state: INACTIVE ==> SCANNING
01-10 14:54:59.825 D/WifiStateMachine( 1574): setDetailed state, old =IDLE and new state=SCANNING
01-10 14:54:59.945 D/dalvikvm( 2713): GC_CONCURRENT freed 446K, 10% free 6816K/7495K, paused 3ms+4ms
01-10 14:55:00.065 I/System.out( 2646): 17
01-10 14:55:00.956 I/wpa_supplicant( 1769): got scan complete
01-10 14:55:00.966 I/wpa_supplicant( 1769): wpa_supplicant_get_scan_results:return scan results2
01-10 14:55:00.966 I/wpa_supplicant( 1769): AP:ssid[BTOpenzone],rssi[-87],BSSID=c0:83:0a:e0:12:d4
01-10 14:55:00.966 I/wpa_supplicant( 1769): AP:ssid[BTBusinessHub-353],rssi[-88],BSSID=c0:83:0a:e0:12:d1
01-10 14:55:00.966 I/wpa_supplicant( 1769): AP:ssid[uos-visitor],rssi[-86],BSSID=9c:4e:20:c8:9e:74
01-10 14:55:00.966 I/wpa_supplicant( 1769): AP:ssid[eduroam],rssi[-87],BSSID=9c:4e:20:c8:9e:72
01-10 14:55:00.966 I/wpa_supplicant( 1769): AP:ssid[cs],rssi[-85],BSSID=9c:4e:20:c8:9e:71
01-10 14:55:00.966 I/wpa_supplicant( 1769): AP:ssid[uos-connect],rssi[-87],BSSID=9c:4e:20:c8:9e:73
01-10 14:55:00.966 I/wpa_supplicant( 1769): AP:ssid[BTOpenzone],rssi[-88],BSSID=9c:4e:20:c8:9e:70
01-10 14:55:00.966 I/wpa_supplicant( 1769): AP:ssid[hpsetup],rssi[-92],BSSID=c2:ce:46:d5:40:9c
01-10 14:55:00.966 I/wpa_supplicant( 1769): AP:ssid[LD-Net],rssi[-87],BSSID=00:14:6c:fd:72:38
01-10 14:55:00.966 I/wpa_supplicant( 1769): AP:ssid[eduroam],rssi[-56],BSSID=9c:4e:20:c8:b0:f2
01-10 14:55:00.966 I/wpa_supplicant( 1769): AP:ssid[cs],rssi[-57],BSSID=9c:4e:20:c8:b0:f1
01-10 14:55:00.966 I/wpa_supplicant( 1769): AP:ssid[uos-connect],rssi[-56],BSSID=9c:4e:20:c8:b0:f3
01-10 14:55:00.966 I/wpa_supplicant( 1769): AP:ssid[BTOpenzone],rssi[-55],BSSID=9c:4e:20:c8:b0:f0
01-10 14:55:00.966 I/wpa_supplicant( 1769): AP:ssid[uos-visitor],rssi[-56],BSSID=9c:4e:20:c8:b0:f4
01-10 14:55:00.966 I/wpa_supplicant( 1769): AP:ssid[cs],rssi[-78],BSSID=9c:4e:20:c8:cc:51
01-10 14:55:00.966 I/wpa_supplicant( 1769): AP:ssid[eduroam],rssi[-81],BSSID=9c:4e:20:c8:cc:52
01-10 14:55:00.966 I/wpa_supplicant( 1769): AP:ssid[uos-visitor],rssi[-76],BSSID=9c:4e:20:c8:cc:54
01-10 14:55:00.966 I/wpa_supplicant( 1769): AP:ssid[uos-connect],rssi[-75],BSSID=9c:4e:20:c8:cc:53
01-10 14:55:00.966 I/wpa_supplicant( 1769): Received 3411 bytes of scan results (18 BSSes)
01-10 14:55:00.966 I/wpa_supplicant( 1769): wpa_driver_wext_get_scan_results---
01-10 14:55:00.986 I/wpa_supplicant( 1769): wpa_disabled_ssid_list_clear
01-10 14:55:00.986 V/WifiMonitor( 1574): Event [wpa_disabled_ssid_list_clear]
01-10 14:55:00.986 I/wpa_supplicant( 1769): No suitable AP found.
01-10 14:55:00.986 I/wpa_supplicant( 1769): CTRL-EVENT-STATE-CHANGE id=-1 state=1 BSSID=00:00:00:00:00:00
01-10 14:55:00.986 V/WifiMonitor( 1574): Event [CTRL-EVENT-STATE-CHANGE id=-1 state=1 BSSID=00:00:00:00:00:00]
01-10 14:55:01.016 D/WifiStateMachine( 1574): Changing supplicant state: SCANNING ==> INACTIVE
01-10 14:55:01.016 D/WifiStateMachine( 1574): setDetailed state, old =SCANNING and new state=IDLE
01-10 14:55:01.066 I/System.out( 2646): 18
01-10 14:55:01.116 I/wpa_supplicant( 1769): CTRL-EVENT-STATE-CHANGE id=-1 state=2 BSSID=00:00:00:00:00:00
01-10 14:55:01.116 V/WifiMonitor( 1574): Event [CTRL-EVENT-STATE-CHANGE id=-1 state=2 BSSID=00:00:00:00:00:00]
01-10 14:55:01.116 D/WifiStateMachine( 1574): Changing supplicant state: INACTIVE ==> SCANNING
01-10 14:55:01.116 D/WifiStateMachine( 1574): setDetailed state, old =IDLE and new state=SCANNING
01-10 14:55:02.077 I/System.out( 2646): 18
01-10 14:55:02.297 I/wpa_supplicant( 1769): got scan complete
01-10 14:55:02.297 I/wpa_supplicant( 1769): wpa_supplicant_get_scan_results:return scan results2
01-10 14:55:02.297 I/wpa_supplicant( 1769): AP:ssid[BTBusinessHub-353],rssi[-86],BSSID=c0:83:0a:e0:12:d1
01-10 14:55:02.297 I/wpa_supplicant( 1769): AP:ssid[BTOpenzone],rssi[-87],BSSID=c0:83:0a:e0:12:d4
01-10 14:55:02.297 I/wpa_supplicant( 1769): AP:ssid[uos-visitor],rssi[-88],BSSID=9c:4e:20:c8:9e:74
01-10 14:55:02.297 I/wpa_supplicant( 1769): AP:ssid[uos-connect],rssi[-87],BSSID=9c:4e:20:c8:9e:73
01-10 14:55:02.297 I/wpa_supplicant( 1769): AP:ssid[BTOpenzone],rssi[-87],BSSID=9c:4e:20:c8:9e:70
01-10 14:55:02.297 I/wpa_supplicant( 1769): AP:ssid[eduroam],rssi[-87],BSSID=9c:4e:20:c8:9e:72
01-10 14:55:02.297 I/wpa_supplicant( 1769): AP:ssid[cs],rssi[-87],BSSID=9c:4e:20:c8:9e:71
01-10 14:55:02.297 I/wpa_supplicant( 1769): AP:ssid[LD-Net],rssi[-89],BSSID=00:14:6c:fd:72:38
01-10 14:55:02.297 I/wpa_supplicant( 1769): AP:ssid[hpsetup],rssi[-94],BSSID=c2:ce:46:d5:40:9c
01-10 14:55:02.297 I/wpa_supplicant( 1769): AP:ssid[uos-connect],rssi[-57],BSSID=9c:4e:20:c8:b0:f3
01-10 14:55:02.297 I/wpa_supplicant( 1769): AP:ssid[BTOpenzone],rssi[-55],BSSID=9c:4e:20:c8:b0:f0
01-10 14:55:02.297 I/wpa_supplicant( 1769): AP:ssid[uos-visitor],rssi[-56],BSSID=9c:4e:20:c8:b0:f4
01-10 14:55:02.297 I/wpa_supplicant( 1769): AP:ssid[eduroam],rssi[-55],BSSID=9c:4e:20:c8:b0:f2
01-10 14:55:02.297 I/wpa_supplicant( 1769): AP:ssid[cs],rssi[-58],BSSID=9c:4e:20:c8:b0:f1
01-10 14:55:02.297 I/wpa_supplicant( 1769): AP:ssid[],rssi[-89],BSSID=00:80:48:68:08:99
01-10 14:55:02.297 I/wpa_supplicant( 1769): AP:ssid[uos-visitor],rssi[-84],BSSID=9c:4e:20:c8:cc:54
01-10 14:55:02.297 I/wpa_supplicant( 1769): AP:ssid[uos-connect],rssi[-74],BSSID=9c:4e:20:c8:cc:53
01-10 14:55:02.297 I/wpa_supplicant( 1769): AP:ssid[BTOpenzone],rssi[-74],BSSID=9c:4e:20:c8:cc:50
01-10 14:55:02.297 I/wpa_supplicant( 1769): AP:ssid[cs],rssi[-73],BSSID=9c:4e:20:c8:cc:51
01-10 14:55:02.297 I/wpa_supplicant( 1769): Received 3548 bytes of scan results (19 BSSes)
01-10 14:55:02.297 I/wpa_supplicant( 1769): wpa_driver_wext_get_scan_results---
01-10 14:55:02.307 I/wpa_supplicant( 1769): wpa_disabled_ssid_list_clear
01-10 14:55:02.307 V/WifiMonitor( 1574): Event [wpa_disabled_ssid_list_clear]
01-10 14:55:02.307 I/wpa_supplicant( 1769): No suitable AP found.
01-10 14:55:02.307 I/wpa_supplicant( 1769): CTRL-EVENT-STATE-CHANGE id=-1 state=1 BSSID=00:00:00:00:00:00
01-10 14:55:02.307 V/WifiMonitor( 1574): Event [CTRL-EVENT-STATE-CHANGE id=-1 state=1 BSSID=00:00:00:00:00:00]
01-10 14:55:02.337 D/WifiStateMachine( 1574): Changing supplicant state: SCANNING ==> INACTIVE
01-10 14:55:02.337 D/WifiStateMachine( 1574): setDetailed state, old =SCANNING and new state=IDLE
01-10 14:55:02.387 D/dalvikvm( 2713): GC_CONCURRENT freed 446K, 10% free 6816K/7495K, paused 1ms+1ms
01-10 14:55:02.437 I/wpa_supplicant( 1769): CTRL-EVENT-STATE-CHANGE id=-1 state=2 BSSID=00:00:00:00:00:00
01-10 14:55:02.437 V/WifiMonitor( 1574): Event [CTRL-EVENT-STATE-CHANGE id=-1 state=2 BSSID=00:00:00:00:00:00]
01-10 14:55:02.437 D/WifiStateMachine( 1574): Changing supplicant state: INACTIVE ==> SCANNING
01-10 14:55:02.437 D/WifiStateMachine( 1574): setDetailed state, old =IDLE and new state=SCANNING
01-10 14:55:03.078 I/System.out( 2646): 18
01-10 14:55:03.578 I/wpa_supplicant( 1769): got scan complete
01-10 14:55:03.578 I/wpa_supplicant( 1769): wpa_supplicant_get_scan_results:return scan results2
01-10 14:55:03.578 I/wpa_supplicant( 1769): AP:ssid[BTOpenzone],rssi[-88],BSSID=c0:83:0a:e0:12:d4
01-10 14:55:03.578 I/wpa_supplicant( 1769): AP:ssid[uos-visitor],rssi[-87],BSSID=9c:4e:20:c8:9e:74
01-10 14:55:03.588 I/wpa_supplicant( 1769): AP:ssid[cs],rssi[-89],BSSID=9c:4e:20:c8:9e:71
01-10 14:55:03.588 I/wpa_supplicant( 1769): AP:ssid[BTOpenzone],rssi[-86],BSSID=9c:4e:20:c8:9e:70
01-10 14:55:03.588 I/wpa_supplicant( 1769): AP:ssid[eduroam],rssi[-88],BSSID=9c:4e:20:c8:9e:72
01-10 14:55:03.588 I/wpa_supplicant( 1769): AP:ssid[uos-connect],rssi[-83],BSSID=9c:4e:20:c8:9e:73
01-10 14:55:03.588 I/wpa_supplicant( 1769): AP:ssid[LD-Net],rssi[-90],BSSID=00:14:6c:fd:72:38
01-10 14:55:03.588 I/wpa_supplicant( 1769): AP:ssid[hpsetup],rssi[-93],BSSID=c2:ce:46:d5:40:9c
01-10 14:55:03.588 I/wpa_supplicant( 1769): AP:ssid[eduroam],rssi[-58],BSSID=9c:4e:20:c8:b0:f2
01-10 14:55:03.588 I/wpa_supplicant( 1769): AP:ssid[cs],rssi[-57],BSSID=9c:4e:20:c8:b0:f1
01-10 14:55:03.588 I/wpa_supplicant( 1769): AP:ssid[uos-connect],rssi[-57],BSSID=9c:4e:20:c8:b0:f3
01-10 14:55:03.588 I/wpa_supplicant( 1769): AP:ssid[BTOpenzone],rssi[-57],BSSID=9c:4e:20:c8:b0:f0
01-10 14:55:03.588 I/wpa_supplicant( 1769): AP:ssid[uos-visitor],rssi[-55],BSSID=9c:4e:20:c8:b0:f4
01-10 14:55:03.588 I/wpa_supplicant( 1769): AP:ssid[],rssi[-92],BSSID=00:80:48:68:08:99
01-10 14:55:03.588 I/wpa_supplicant( 1769): AP:ssid[cs],rssi[-82],BSSID=9c:4e:20:c8:cc:51
01-10 14:55:03.588 I/wpa_supplicant( 1769): AP:ssid[BTOpenzone],rssi[-80],BSSID=9c:4e:20:c8:cc:50
01-10 14:55:03.588 I/wpa_supplicant( 1769): AP:ssid[uos-connect],rssi[-75],BSSID=9c:4e:20:c8:cc:53
01-10 14:55:03.588 I/wpa_supplicant( 1769): AP:ssid[eduroam],rssi[-74],BSSID=9c:4e:20:c8:cc:52
01-10 14:55:03.588 I/wpa_supplicant( 1769): Received 3293 bytes of scan results (18 BSSes)
01-10 14:55:03.588 I/wpa_supplicant( 1769): wpa_driver_wext_get_scan_results---
01-10 14:55:03.598 I/wpa_supplicant( 1769): wpa_disabled_ssid_list_clear
01-10 14:55:03.598 V/WifiMonitor( 1574): Event [wpa_disabled_ssid_list_clear]
01-10 14:55:03.598 I/wpa_supplicant( 1769): No suitable AP found.
01-10 14:55:03.598 I/wpa_supplicant( 1769): CTRL-EVENT-STATE-CHANGE id=-1 state=1 BSSID=00:00:00:00:00:00
01-10 14:55:03.598 V/WifiMonitor( 1574): Event [CTRL-EVENT-STATE-CHANGE id=-1 state=1 BSSID=00:00:00:00:00:00]
01-10 14:55:03.628 D/WifiStateMachine( 1574): Changing supplicant state: SCANNING ==> INACTIVE
01-10 14:55:03.628 D/WifiStateMachine( 1574): setDetailed state, old =SCANNING and new state=IDLE
01-10 14:55:03.728 I/wpa_supplicant( 1769): CTRL-EVENT-STATE-CHANGE id=-1 state=2 BSSID=00:00:00:00:00:00
01-10 14:55:03.728 V/WifiMonitor( 1574): Event [CTRL-EVENT-STATE-CHANGE id=-1 state=2 BSSID=00:00:00:00:00:00]
01-10 14:55:03.728 D/WifiStateMachine( 1574): Changing supplicant state: INACTIVE ==> SCANNING
01-10 14:55:03.728 D/WifiStateMachine( 1574): setDetailed state, old =IDLE and new state=SCANNING
01-10 14:55:03.849 D/dalvikvm( 2713): GC_CONCURRENT freed 446K, 10% free 6816K/7495K, paused 3ms+3ms
01-10 14:55:04.079 I/System.out( 2646): 17
01-10 14:55:04.890 I/wpa_supplicant( 1769): got scan complete
01-10 14:55:04.890 I/wpa_supplicant( 1769): wpa_supplicant_get_scan_results:return scan results2
01-10 14:55:04.890 I/wpa_supplicant( 1769): AP:ssid[BTBusinessHub-353],rssi[-87],BSSID=c0:83:0a:e0:12:d1
01-10 14:55:04.890 I/wpa_supplicant( 1769): AP:ssid[BTOpenzone],rssi[-87],BSSID=9c:4e:20:c8:9e:70
01-10 14:55:04.890 I/wpa_supplicant( 1769): AP:ssid[eduroam],rssi[-88],BSSID=9c:4e:20:c8:9e:72
01-10 14:55:04.890 I/wpa_supplicant( 1769): AP:ssid[uos-connect],rssi[-88],BSSID=9c:4e:20:c8:9e:73
01-10 14:55:04.890 I/wpa_supplicant( 1769): AP:ssid[uos-visitor],rssi[-86],BSSID=9c:4e:20:c8:9e:74
01-10 14:55:04.890 I/wpa_supplicant( 1769): AP:ssid[cs],rssi[-87],BSSID=9c:4e:20:c8:9e:71
01-10 14:55:04.890 I/wpa_supplicant( 1769): AP:ssid[hpsetup],rssi[-92],BSSID=c2:ce:46:d5:40:9c
01-10 14:55:04.890 I/wpa_supplicant( 1769): AP:ssid[LD-Net],rssi[-88],BSSID=00:14:6c:fd:72:38
01-10 14:55:04.890 I/wpa_supplicant( 1769): AP:ssid[uos-connect],rssi[-58],BSSID=9c:4e:20:c8:b0:f3
01-10 14:55:04.890 I/wpa_supplicant( 1769): AP:ssid[BTOpenzone],rssi[-57],BSSID=9c:4e:20:c8:b0:f0
01-10 14:55:04.890 I/wpa_supplicant( 1769): AP:ssid[uos-visitor],rssi[-58],BSSID=9c:4e:20:c8:b0:f4
01-10 14:55:04.890 I/wpa_supplicant( 1769): AP:ssid[eduroam],rssi[-57],BSSID=9c:4e:20:c8:b0:f2
01-10 14:55:04.890 I/wpa_supplicant( 1769): AP:ssid[cs],rssi[-58],BSSID=9c:4e:20:c8:b0:f1
01-10 14:55:04.890 I/wpa_supplicant( 1769): AP:ssid[],rssi[-91],BSSID=00:80:48:68:08:99
01-10 14:55:04.890 I/wpa_supplicant( 1769): AP:ssid[BTOpenzone],rssi[-84],BSSID=9c:4e:20:c8:cc:50
01-10 14:55:04.890 I/wpa_supplicant( 1769): AP:ssid[uos-visitor],rssi[-84],BSSID=9c:4e:20:c8:cc:54
01-10 14:55:04.890 I/wpa_supplicant( 1769): AP:ssid[cs],rssi[-73],BSSID=9c:4e:20:c8:cc:51
01-10 14:55:04.890 I/wpa_supplicant( 1769): AP:ssid[uos-connect],rssi[-74],BSSID=9c:4e:20:c8:cc:53
01-10 14:55:04.890 I/wpa_supplicant( 1769): Received 3374 bytes of scan results (18 BSSes)
01-10 14:55:04.890 I/wpa_supplicant( 1769): wpa_driver_wext_get_scan_results---
01-10 14:55:04.890 I/wpa_supplicant( 1769): wpa_disabled_ssid_list_clear
01-10 14:55:04.890 V/WifiMonitor( 1574): Event [wpa_disabled_ssid_list_clear]
01-10 14:55:04.890 I/wpa_supplicant( 1769): No suitable AP found.
01-10 14:55:04.890 I/wpa_supplicant( 1769): CTRL-EVENT-STATE-CHANGE id=-1 state=1 BSSID=00:00:00:00:00:00
01-10 14:55:04.890 V/WifiMonitor( 1574): Event [CTRL-EVENT-STATE-CHANGE id=-1 state=1 BSSID=00:00:00:00:00:00]
01-10 14:55:04.920 D/WifiStateMachine( 1574): Changing supplicant state: SCANNING ==> INACTIVE
01-10 14:55:04.920 D/WifiStateMachine( 1574): setDetailed state, old =SCANNING and new state=IDLE
01-10 14:55:05.020 I/wpa_supplicant( 1769): CTRL-EVENT-STATE-CHANGE id=-1 state=2 BSSID=00:00:00:00:00:00
01-10 14:55:05.020 V/WifiMonitor( 1574): Event [CTRL-EVENT-STATE-CHANGE id=-1 state=2 BSSID=00:00:00:00:00:00]
01-10 14:55:05.020 D/WifiStateMachine( 1574): Changing supplicant state: INACTIVE ==> SCANNING
01-10 14:55:05.020 D/WifiStateMachine( 1574): setDetailed state, old =IDLE and new state=SCANNING
01-10 14:55:05.080 I/System.out( 2646): 17
01-10 14:55:06.081 I/System.out( 2646): 17
01-10 14:55:06.221 I/wpa_supplicant( 1769): got scan complete
01-10 14:55:06.221 I/wpa_supplicant( 1769): wpa_supplicant_get_scan_results:return scan results2
01-10 14:55:06.221 I/wpa_supplicant( 1769): AP:ssid[BTBusinessHub-353],rssi[-87],BSSID=c0:83:0a:e0:12:d1
01-10 14:55:06.221 I/wpa_supplicant( 1769): AP:ssid[BTOpenzone],rssi[-86],BSSID=c0:83:0a:e0:12:d4
01-10 14:55:06.221 I/wpa_supplicant( 1769): AP:ssid[BTOpenzone],rssi[-88],BSSID=9c:4e:20:c8:9e:70
01-10 14:55:06.221 I/wpa_supplicant( 1769): AP:ssid[eduroam],rssi[-87],BSSID=9c:4e:20:c8:9e:72
01-10 14:55:06.221 I/wpa_supplicant( 1769): AP:ssid[uos-connect],rssi[-87],BSSID=9c:4e:20:c8:9e:73
01-10 14:55:06.221 I/wpa_supplicant( 1769): AP:ssid[uos-visitor],rssi[-86],BSSID=9c:4e:20:c8:9e:74
01-10 14:55:06.221 I/wpa_supplicant( 1769): AP:ssid[cs],rssi[-87],BSSID=9c:4e:20:c8:9e:71
01-10 14:55:06.221 I/wpa_supplicant( 1769): AP:ssid[LD-Net],rssi[-87],BSSID=00:14:6c:fd:72:38
01-10 14:55:06.221 I/wpa_supplicant( 1769): AP:ssid[hpsetup],rssi[-92],BSSID=c2:ce:46:d5:40:9c
01-10 14:55:06.221 I/wpa_supplicant( 1769): AP:ssid[BTOpenzone],rssi[-56],BSSID=9c:4e:20:c8:b0:f0
01-10 14:55:06.221 I/wpa_supplicant( 1769): AP:ssid[uos-visitor],rssi[-57],BSSID=9c:4e:20:c8:b0:f4
01-10 14:55:06.221 I/wpa_supplicant( 1769): AP:ssid[eduroam],rssi[-58],BSSID=9c:4e:20:c8:b0:f2
01-10 14:55:06.221 I/wpa_supplicant( 1769): AP:ssid[cs],rssi[-59],BSSID=9c:4e:20:c8:b0:f1
01-10 14:55:06.221 I/wpa_supplicant( 1769): AP:ssid[uos-connect],rssi[-57],BSSID=9c:4e:20:c8:b0:f3
01-10 14:55:06.221 I/wpa_supplicant( 1769): AP:ssid[],rssi[-94],BSSID=00:80:48:68:08:99
01-10 14:55:06.221 I/wpa_supplicant( 1769): AP:ssid[cs],rssi[-78],BSSID=9c:4e:20:c8:cc:51
01-10 14:55:06.221 I/wpa_supplicant( 1769): AP:ssid[uos-visitor],rssi[-73],BSSID=9c:4e:20:c8:cc:54
01-10 14:55:06.221 I/wpa_supplicant( 1769): AP:ssid[eduroam],rssi[-74],BSSID=9c:4e:20:c8:cc:52
01-10 14:55:06.221 I/wpa_supplicant( 1769): AP:ssid[uos-connect],rssi[-74],BSSID=9c:4e:20:c8:cc:53
01-10 14:55:06.221 I/wpa_supplicant( 1769): Received 3575 bytes of scan results (19 BSSes)
01-10 14:55:06.221 I/wpa_supplicant( 1769): wpa_driver_wext_get_scan_results---
01-10 14:55:06.231 I/wpa_supplicant( 1769): wpa_disabled_ssid_list_clear
01-10 14:55:06.241 V/WifiMonitor( 1574): Event [wpa_disabled_ssid_list_clear]
01-10 14:55:06.241 I/wpa_supplicant( 1769): No suitable AP found.
01-10 14:55:06.241 I/wpa_supplicant( 1769): CTRL-EVENT-STATE-CHANGE id=-1 state=1 BSSID=00:00:00:00:00:00
01-10 14:55:06.241 V/WifiMonitor( 1574): Event [CTRL-EVENT-STATE-CHANGE id=-1 state=1 BSSID=00:00:00:00:00:00]
01-10 14:55:06.271 D/WifiStateMachine( 1574): Changing supplicant state: SCANNING ==> INACTIVE
01-10 14:55:06.271 D/WifiStateMachine( 1574): setDetailed state, old =SCANNING and new state=IDLE
01-10 14:55:06.311 D/dalvikvm( 2713): GC_CONCURRENT freed 446K, 10% free 6816K/7495K, paused 1ms+1ms
01-10 14:55:06.371 I/wpa_supplicant( 1769): CTRL-EVENT-STATE-CHANGE id=-1 state=2 BSSID=00:00:00:00:00:00
01-10 14:55:06.371 V/WifiMonitor( 1574): Event [CTRL-EVENT-STATE-CHANGE id=-1 state=2 BSSID=00:00:00:00:00:00]
01-10 14:55:06.371 D/WifiStateMachine( 1574): Changing supplicant state: INACTIVE ==> SCANNING
01-10 14:55:06.371 D/WifiStateMachine( 1574): setDetailed state, old =IDLE and new state=SCANNING
01-10 14:55:07.082 I/System.out( 2646): 18
01-10 14:55:07.522 I/wpa_supplicant( 1769): got scan complete
01-10 14:55:07.522 I/wpa_supplicant( 1769): wpa_supplicant_get_scan_results:return scan results2
01-10 14:55:07.522 I/wpa_supplicant( 1769): AP:ssid[BTBusinessHub-353],rssi[-87],BSSID=c0:83:0a:e0:12:d1
01-10 14:55:07.522 I/wpa_supplicant( 1769): AP:ssid[BTOpenzone],rssi[-87],BSSID=c0:83:0a:e0:12:d4
01-10 14:55:07.522 I/wpa_supplicant( 1769): AP:ssid[BTOpenzone],rssi[-86],BSSID=9c:4e:20:c8:9e:70
01-10 14:55:07.522 I/wpa_supplicant( 1769): AP:ssid[eduroam],rssi[-86],BSSID=9c:4e:20:c8:9e:72
01-10 14:55:07.522 I/wpa_supplicant( 1769): AP:ssid[uos-connect],rssi[-86],BSSID=9c:4e:20:c8:9e:73
01-10 14:55:07.522 I/wpa_supplicant( 1769): AP:ssid[uos-visitor],rssi[-86],BSSID=9c:4e:20:c8:9e:74
01-10 14:55:07.522 I/wpa_supplicant( 1769): AP:ssid[cs],rssi[-87],BSSID=9c:4e:20:c8:9e:71
01-10 14:55:07.522 I/wpa_supplicant( 1769): AP:ssid[hpsetup],rssi[-90],BSSID=c2:ce:46:d5:40:9c
01-10 14:55:07.522 I/wpa_supplicant( 1769): AP:ssid[LD-Net],rssi[-86],BSSID=00:14:6c:fd:72:38
01-10 14:55:07.522 I/wpa_supplicant( 1769): AP:ssid[BTOpenzone],rssi[-56],BSSID=9c:4e:20:c8:b0:f0
01-10 14:55:07.522 I/wpa_supplicant( 1769): AP:ssid[uos-visitor],rssi[-63],BSSID=9c:4e:20:c8:b0:f4
01-10 14:55:07.522 I/wpa_supplicant( 1769): AP:ssid[eduroam],rssi[-57],BSSID=9c:4e:20:c8:b0:f2
01-10 14:55:07.522 I/wpa_supplicant( 1769): AP:ssid[cs],rssi[-63],BSSID=9c:4e:20:c8:b0:f1
01-10 14:55:07.522 I/wpa_supplicant( 1769): AP:ssid[uos-connect],rssi[-57],BSSID=9c:4e:20:c8:b0:f3
01-10 14:55:07.522 I/wpa_supplicant( 1769): AP:ssid[uos-visitor],rssi[-78],BSSID=9c:4e:20:c8:cc:54
01-10 14:55:07.522 I/wpa_supplicant( 1769): AP:ssid[eduroam],rssi[-85],BSSID=9c:4e:20:c8:cc:52
01-10 14:55:07.522 I/wpa_supplicant( 1769): AP:ssid[uos-connect],rssi[-74],BSSID=9c:4e:20:c8:cc:53
01-10 14:55:07.522 I/wpa_supplicant( 1769): AP:ssid[BTOpenzone],rssi[-73],BSSID=9c:4e:20:c8:cc:50
01-10 14:55:07.522 I/wpa_supplicant( 1769): Received 3389 bytes of scan results (18 BSSes)
01-10 14:55:07.522 I/wpa_supplicant( 1769): wpa_driver_wext_get_scan_results---
01-10 14:55:07.532 I/wpa_supplicant( 1769): wpa_disabled_ssid_list_clear
01-10 14:55:07.532 V/WifiMonitor( 1574): Event [wpa_disabled_ssid_list_clear]
01-10 14:55:07.532 I/wpa_supplicant( 1769): No suitable AP found.
01-10 14:55:07.532 I/wpa_supplicant( 1769): CTRL-EVENT-STATE-CHANGE id=-1 state=1 BSSID=00:00:00:00:00:00
01-10 14:55:07.532 V/WifiMonitor( 1574): Event [CTRL-EVENT-STATE-CHANGE id=-1 state=1 BSSID=00:00:00:00:00:00]
01-10 14:55:07.552 D/WifiStateMachine( 1574): Changing supplicant state: SCANNING ==> INACTIVE
01-10 14:55:07.562 D/WifiStateMachine( 1574): setDetailed state, old =SCANNING and new state=IDLE
01-10 14:55:07.662 I/wpa_supplicant( 1769): CTRL-EVENT-STATE-CHANGE id=-1 state=2 BSSID=00:00:00:00:00:00
01-10 14:55:07.662 V/WifiMonitor( 1574): Event [CTRL-EVENT-STATE-CHANGE id=-1 state=2 BSSID=00:00:00:00:00:00]
01-10 14:55:07.662 D/WifiStateMachine( 1574): Changing supplicant state: INACTIVE ==> SCANNING
01-10 14:55:07.662 D/WifiStateMachine( 1574): setDetailed state, old =IDLE and new state=SCANNING
01-10 14:55:07.772 D/dalvikvm( 2713): GC_CONCURRENT freed 446K, 10% free 6816K/7495K, paused 3ms+3ms
01-10 14:55:08.083 I/System.out( 2646): 18
01-10 14:55:08.803 I/wpa_supplicant( 1769): got scan complete
01-10 14:55:08.803 I/wpa_supplicant( 1769): wpa_supplicant_get_scan_results:return scan results2
01-10 14:55:08.803 I/wpa_supplicant( 1769): AP:ssid[BTBusinessHub-353],rssi[-88],BSSID=c0:83:0a:e0:12:d1
01-10 14:55:08.803 I/wpa_supplicant( 1769): AP:ssid[BTOpenzone],rssi[-89],BSSID=c0:83:0a:e0:12:d4
01-10 14:55:08.803 I/wpa_supplicant( 1769): AP:ssid[BTOpenzone],rssi[-88],BSSID=9c:4e:20:c8:9e:70
01-10 14:55:08.803 I/wpa_supplicant( 1769): AP:ssid[eduroam],rssi[-87],BSSID=9c:4e:20:c8:9e:72
01-10 14:55:08.803 I/wpa_supplicant( 1769): AP:ssid[uos-connect],rssi[-87],BSSID=9c:4e:20:c8:9e:73
01-10 14:55:08.803 I/wpa_supplicant( 1769): AP:ssid[uos-visitor],rssi[-85],BSSID=9c:4e:20:c8:9e:74
01-10 14:55:08.803 I/wpa_supplicant( 1769): AP:ssid[cs],rssi[-86],BSSID=9c:4e:20:c8:9e:71
01-10 14:55:08.803 I/wpa_supplicant( 1769): AP:ssid[eduroam],rssi[-59],BSSID=9c:4e:20:c8:b0:f2
01-10 14:55:08.803 I/wpa_supplicant( 1769): AP:ssid[cs],rssi[-58],BSSID=9c:4e:20:c8:b0:f1
01-10 14:55:08.803 I/wpa_supplicant( 1769): AP:ssid[BTOpenzone],rssi[-57],BSSID=9c:4e:20:c8:b0:f0
01-10 14:55:08.803 I/wpa_supplicant( 1769): AP:ssid[uos-visitor],rssi[-57],BSSID=9c:4e:20:c8:b0:f4
01-10 14:55:08.803 I/wpa_supplicant( 1769): AP:ssid[uos-connect],rssi[-60],BSSID=9c:4e:20:c8:b0:f3
01-10 14:55:08.803 I/wpa_supplicant( 1769): AP:ssid[],rssi[-91],BSSID=00:80:48:68:08:99
01-10 14:55:08.803 I/wpa_supplicant( 1769): AP:ssid[cs],rssi[-85],BSSID=9c:4e:20:c8:cc:51
01-10 14:55:08.803 I/wpa_supplicant( 1769): AP:ssid[uos-connect],rssi[-85],BSSID=9c:4e:20:c8:cc:53
01-10 14:55:08.803 I/wpa_supplicant( 1769): AP:ssid[uos-visitor],rssi[-82],BSSID=9c:4e:20:c8:cc:54
01-10 14:55:08.803 I/wpa_supplicant( 1769): AP:ssid[BTOpenzone],rssi[-73],BSSID=9c:4e:20:c8:cc:50
01-10 14:55:08.803 I/wpa_supplicant( 1769): Received 3241 bytes of scan results (17 BSSes)
01-10 14:55:08.803 I/wpa_supplicant( 1769): wpa_driver_wext_get_scan_results---
01-10 14:55:08.813 I/wpa_supplicant( 1769): wpa_disabled_ssid_list_clear
01-10 14:55:08.813 V/WifiMonitor( 1574): Event [wpa_disabled_ssid_list_clear]
01-10 14:55:08.813 I/wpa_supplicant( 1769): No suitable AP found.
01-10 14:55:08.813 I/wpa_supplicant( 1769): CTRL-EVENT-STATE-CHANGE id=-1 state=1 BSSID=00:00:00:00:00:00
01-10 14:55:08.813 V/WifiMonitor( 1574): Event [CTRL-EVENT-STATE-CHANGE id=-1 state=1 BSSID=00:00:00:00:00:00]
01-10 14:55:08.843 D/WifiStateMachine( 1574): Changing supplicant state: SCANNING ==> INACTIVE
01-10 14:55:08.843 D/WifiStateMachine( 1574): setDetailed state, old =SCANNING and new state=IDLE
01-10 14:55:08.954 I/wpa_supplicant( 1769): CTRL-EVENT-STATE-CHANGE id=-1 state=2 BSSID=00:00:00:00:00:00
01-10 14:55:08.954 V/WifiMonitor( 1574): Event [CTRL-EVENT-STATE-CHANGE id=-1 state=2 BSSID=00:00:00:00:00:00]
01-10 14:55:08.954 D/WifiStateMachine( 1574): Changing supplicant state: INACTIVE ==> SCANNING
01-10 14:55:08.954 D/WifiStateMachine( 1574): setDetailed state, old =IDLE and new state=SCANNING
01-10 14:55:09.084 I/System.out( 2646): 16
01-10 14:55:10.085 I/System.out( 2646): 16
01-10 14:55:10.135 I/wpa_supplicant( 1769): got scan complete
01-10 14:55:10.135 I/wpa_supplicant( 1769): wpa_supplicant_get_scan_results:return scan results2
01-10 14:55:10.135 I/wpa_supplicant( 1769): AP:ssid[BTOpenzone],rssi[-87],BSSID=c0:83:0a:e0:12:d4
01-10 14:55:10.135 I/wpa_supplicant( 1769): AP:ssid[BTBusinessHub-353],rssi[-90],BSSID=c0:83:0a:e0:12:d1
01-10 14:55:10.135 I/wpa_supplicant( 1769): AP:ssid[BTOpenzone],rssi[-83],BSSID=9c:4e:20:c8:9e:70
01-10 14:55:10.135 I/wpa_supplicant( 1769): AP:ssid[uos-visitor],rssi[-85],BSSID=9c:4e:20:c8:9e:74
01-10 14:55:10.135 I/wpa_supplicant( 1769): AP:ssid[eduroam],rssi[-86],BSSID=9c:4e:20:c8:9e:72
01-10 14:55:10.135 I/wpa_supplicant( 1769): AP:ssid[uos-connect],rssi[-87],BSSID=9c:4e:20:c8:9e:73
01-10 14:55:10.135 I/wpa_supplicant( 1769): AP:ssid[cs],rssi[-87],BSSID=9c:4e:20:c8:9e:71
01-10 14:55:10.135 I/wpa_supplicant( 1769): AP:ssid[hpsetup],rssi[-92],BSSID=c2:ce:46:d5:40:9c
01-10 14:55:10.135 I/wpa_supplicant( 1769): AP:ssid[uos-connect],rssi[-59],BSSID=9c:4e:20:c8:b0:f3
01-10 14:55:10.135 I/wpa_supplicant( 1769): AP:ssid[BTOpenzone],rssi[-59],BSSID=9c:4e:20:c8:b0:f0
01-10 14:55:10.135 I/wpa_supplicant( 1769): AP:ssid[uos-visitor],rssi[-56],BSSID=9c:4e:20:c8:b0:f4
01-10 14:55:10.135 I/wpa_supplicant( 1769): AP:ssid[eduroam],rssi[-57],BSSID=9c:4e:20:c8:b0:f2
01-10 14:55:10.135 I/wpa_supplicant( 1769): AP:ssid[cs],rssi[-58],BSSID=9c:4e:20:c8:b0:f1
01-10 14:55:10.135 I/wpa_supplicant( 1769): AP:ssid[],rssi[-94],BSSID=00:80:48:68:08:99
01-10 14:55:10.135 I/wpa_supplicant( 1769): AP:ssid[cs],rssi[-77],BSSID=9c:4e:20:c8:cc:51
01-10 14:55:10.135 I/wpa_supplicant( 1769): AP:ssid[BTOpenzone],rssi[-72],BSSID=9c:4e:20:c8:cc:50
01-10 14:55:10.135 I/wpa_supplicant( 1769): AP:ssid[uos-connect],rssi[-74],BSSID=9c:4e:20:c8:cc:53
01-10 14:55:10.135 I/wpa_supplicant( 1769): AP:ssid[eduroam],rssi[-73],BSSID=9c:4e:20:c8:cc:52
01-10 14:55:10.135 I/wpa_supplicant( 1769): Received 3344 bytes of scan results (18 BSSes)
01-10 14:55:10.135 I/wpa_supplicant( 1769): wpa_driver_wext_get_scan_results---
01-10 14:55:10.155 I/wpa_supplicant( 1769): wpa_disabled_ssid_list_clear
01-10 14:55:10.155 V/WifiMonitor( 1574): Event [wpa_disabled_ssid_list_clear]
01-10 14:55:10.155 I/wpa_supplicant( 1769): No suitable AP found.
01-10 14:55:10.155 I/wpa_supplicant( 1769): CTRL-EVENT-STATE-CHANGE id=-1 state=1 BSSID=00:00:00:00:00:00
01-10 14:55:10.155 V/WifiMonitor( 1574): Event [CTRL-EVENT-STATE-CHANGE id=-1 state=1 BSSID=00:00:00:00:00:00]
01-10 14:55:10.175 D/WifiStateMachine( 1574): Changing supplicant state: SCANNING ==> INACTIVE
01-10 14:55:10.175 D/WifiStateMachine( 1574): setDetailed state, old =SCANNING and new state=IDLE
01-10 14:55:10.235 D/dalvikvm( 2713): GC_CONCURRENT freed 446K, 10% free 6816K/7495K, paused 1ms+1ms
01-10 14:55:10.285 I/wpa_supplicant( 1769): CTRL-EVENT-STATE-CHANGE id=-1 state=2 BSSID=00:00:00:00:00:00
01-10 14:55:10.285 V/WifiMonitor( 1574): Event [CTRL-EVENT-STATE-CHANGE id=-1 state=2 BSSID=00:00:00:00:00:00]
01-10 14:55:10.285 D/WifiStateMachine( 1574): Changing supplicant state: INACTIVE ==> SCANNING
01-10 14:55:10.285 D/WifiStateMachine( 1574): setDetailed state, old =IDLE and new state=SCANNING
01-10 14:55:11.086 I/System.out( 2646): 17
01-10 14:55:11.466 I/wpa_supplicant( 1769): got scan complete
01-10 14:55:11.466 I/wpa_supplicant( 1769): wpa_supplicant_get_scan_results:return scan results2
01-10 14:55:11.466 I/wpa_supplicant( 1769): AP:ssid[BTOpenzone],rssi[-88],BSSID=c0:83:0a:e0:12:d4
01-10 14:55:11.466 I/wpa_supplicant( 1769): AP:ssid[BTBusinessHub-353],rssi[-88],BSSID=c0:83:0a:e0:12:d1
01-10 14:55:11.466 I/wpa_supplicant( 1769): AP:ssid[BTOpenzone],rssi[-86],BSSID=9c:4e:20:c8:9e:70
01-10 14:55:11.466 I/wpa_supplicant( 1769): AP:ssid[uos-visitor],rssi[-87],BSSID=9c:4e:20:c8:9e:74
01-10 14:55:11.466 I/wpa_supplicant( 1769): AP:ssid[eduroam],rssi[-85],BSSID=9c:4e:20:c8:9e:72
01-10 14:55:11.466 I/wpa_supplicant( 1769): AP:ssid[uos-connect],rssi[-87],BSSID=9c:4e:20:c8:9e:73
01-10 14:55:11.466 I/wpa_supplicant( 1769): AP:ssid[cs],rssi[-85],BSSID=9c:4e:20:c8:9e:71
01-10 14:55:11.466 I/wpa_supplicant( 1769): AP:ssid[LD-Net],rssi[-89],BSSID=00:14:6c:fd:72:38
01-10 14:55:11.466 I/wpa_supplicant( 1769): AP:ssid[hpsetup],rssi[-92],BSSID=c2:ce:46:d5:40:9c
01-10 14:55:11.466 I/wpa_supplicant( 1769): AP:ssid[cs],rssi[-56],BSSID=9c:4e:20:c8:b0:f1
01-10 14:55:11.466 I/wpa_supplicant( 1769): AP:ssid[uos-connect],rssi[-56],BSSID=9c:4e:20:c8:b0:f3
01-10 14:55:11.466 I/wpa_supplicant( 1769): AP:ssid[BTOpenzone],rssi[-55],BSSID=9c:4e:20:c8:b0:f0
01-10 14:55:11.466 I/wpa_supplicant( 1769): AP:ssid[uos-visitor],rssi[-57],BSSID=9c:4e:20:c8:b0:f4
01-10 14:55:11.466 I/wpa_supplicant( 1769): AP:ssid[eduroam],rssi[-56],BSSID=9c:4e:20:c8:b0:f2
01-10 14:55:11.466 I/wpa_supplicant( 1769): AP:ssid[],rssi[-91],BSSID=00:80:48:68:08:99
01-10 14:55:11.466 I/wpa_supplicant( 1769): AP:ssid[uos-connect],rssi[-76],BSSID=9c:4e:20:c8:cc:53
01-10 14:55:11.466 I/wpa_supplicant( 1769): AP:ssid[uos-visitor],rssi[-74],BSSID=9c:4e:20:c8:cc:54
01-10 14:55:11.466 I/wpa_supplicant( 1769): AP:ssid[eduroam],rssi[-76],BSSID=9c:4e:20:c8:cc:52
01-10 14:55:11.466 I/wpa_supplicant( 1769): AP:ssid[cs],rssi[-73],BSSID=9c:4e:20:c8:cc:51
01-10 14:55:11.466 I/wpa_supplicant( 1769): Received 3575 bytes of scan results (19 BSSes)
01-10 14:55:11.466 I/wpa_supplicant( 1769): wpa_driver_wext_get_scan_results---
01-10 14:55:11.486 I/wpa_supplicant( 1769): wpa_disabled_ssid_list_clear
01-10 14:55:11.486 V/WifiMonitor( 1574): Event [wpa_disabled_ssid_list_clear]
01-10 14:55:11.486 I/wpa_supplicant( 1769): No suitable AP found.
01-10 14:55:11.486 I/wpa_supplicant( 1769): CTRL-EVENT-STATE-CHANGE id=-1 state=1 BSSID=00:00:00:00:00:00
01-10 14:55:11.486 V/WifiMonitor( 1574): Event [CTRL-EVENT-STATE-CHANGE id=-1 state=1 BSSID=00:00:00:00:00:00]
01-10 14:55:11.516 D/WifiStateMachine( 1574): Changing supplicant state: SCANNING ==> INACTIVE
01-10 14:55:11.516 D/WifiStateMachine( 1574): setDetailed state, old =SCANNING and new state=IDLE
01-10 14:55:11.616 I/wpa_supplicant( 1769): CTRL-EVENT-STATE-CHANGE id=-1 state=2 BSSID=00:00:00:00:00:00
01-10 14:55:11.616 V/WifiMonitor( 1574): Event [CTRL-EVENT-STATE-CHANGE id=-1 state=2 BSSID=00:00:00:00:00:00]
01-10 14:55:11.616 D/WifiStateMachine( 1574): Changing supplicant state: INACTIVE ==> SCANNING
01-10 14:55:11.616 D/WifiStateMachine( 1574): setDetailed state, old =IDLE and new state=SCANNING
01-10 14:55:11.686 D/dalvikvm( 2713): GC_CONCURRENT freed 446K, 10% free 6816K/7495K, paused 2ms+2ms
01-10 14:55:12.087 I/System.out( 2646): 18
01-10 14:55:12.757 I/wpa_supplicant( 1769): got scan complete
01-10 14:55:12.767 I/wpa_supplicant( 1769): wpa_supplicant_get_scan_results:return scan results2
01-10 14:55:12.767 I/wpa_supplicant( 1769): AP:ssid[BTOpenzone],rssi[-87],BSSID=c0:83:0a:e0:12:d4
01-10 14:55:12.767 I/wpa_supplicant( 1769): AP:ssid[BTBusinessHub-353],rssi[-88],BSSID=c0:83:0a:e0:12:d1
01-10 14:55:12.767 I/wpa_supplicant( 1769): AP:ssid[cs],rssi[-86],BSSID=9c:4e:20:c8:9e:71
01-10 14:55:12.767 I/wpa_supplicant( 1769): AP:ssid[uos-visitor],rssi[-87],BSSID=9c:4e:20:c8:9e:74
01-10 14:55:12.767 I/wpa_supplicant( 1769): AP:ssid[uos-connect],rssi[-87],BSSID=9c:4e:20:c8:9e:73
01-10 14:55:12.767 I/wpa_supplicant( 1769): AP:ssid[BTOpenzone],rssi[-87],BSSID=9c:4e:20:c8:9e:70
01-10 14:55:12.767 I/wpa_supplicant( 1769): AP:ssid[eduroam],rssi[-85],BSSID=9c:4e:20:c8:9e:72
01-10 14:55:12.767 I/wpa_supplicant( 1769): AP:ssid[hpsetup],rssi[-93],BSSID=c2:ce:46:d5:40:9c
01-10 14:55:12.767 I/wpa_supplicant( 1769): AP:ssid[LD-Net],rssi[-88],BSSID=00:14:6c:fd:72:38
01-10 14:55:12.767 I/wpa_supplicant( 1769): AP:ssid[uos-visitor],rssi[-57],BSSID=9c:4e:20:c8:b0:f4
01-10 14:55:12.777 I/wpa_supplicant( 1769): AP:ssid[eduroam],rssi[-55],BSSID=9c:4e:20:c8:b0:f2
01-10 14:55:12.777 I/wpa_supplicant( 1769): AP:ssid[cs],rssi[-56],BSSID=9c:4e:20:c8:b0:f1
01-10 14:55:12.777 I/wpa_supplicant( 1769): AP:ssid[uos-connect],rssi[-56],BSSID=9c:4e:20:c8:b0:f3
01-10 14:55:12.777 I/wpa_supplicant( 1769): AP:ssid[BTOpenzone],rssi[-54],BSSID=9c:4e:20:c8:b0:f0
01-10 14:55:12.777 I/wpa_supplicant( 1769): AP:ssid[BTOpenzone],rssi[-86],BSSID=9c:4e:20:c8:cc:50
01-10 14:55:12.777 I/wpa_supplicant( 1769): AP:ssid[eduroam],rssi[-72],BSSID=9c:4e:20:c8:cc:52
01-10 14:55:12.777 I/wpa_supplicant( 1769): AP:ssid[uos-connect],rssi[-73],BSSID=9c:4e:20:c8:cc:53
01-10 14:55:12.777 I/wpa_supplicant( 1769): AP:ssid[uos-visitor],rssi[-74],BSSID=9c:4e:20:c8:cc:54
01-10 14:55:12.777 I/wpa_supplicant( 1769): Received 3389 bytes of scan results (18 BSSes)
01-10 14:55:12.777 I/wpa_supplicant( 1769): wpa_driver_wext_get_scan_results---
01-10 14:55:12.777 I/wpa_supplicant( 1769): wpa_disabled_ssid_list_clear
01-10 14:55:12.777 V/WifiMonitor( 1574): Event [wpa_disabled_ssid_list_clear]
01-10 14:55:12.777 I/wpa_supplicant( 1769): No suitable AP found.
01-10 14:55:12.777 I/wpa_supplicant( 1769): CTRL-EVENT-STATE-CHANGE id=-1 state=1 BSSID=00:00:00:00:00:00
01-10 14:55:12.777 V/WifiMonitor( 1574): Event [CTRL-EVENT-STATE-CHANGE id=-1 state=1 BSSID=00:00:00:00:00:00]
01-10 14:55:12.807 D/WifiStateMachine( 1574): Changing supplicant state: SCANNING ==> INACTIVE
01-10 14:55:12.807 D/WifiStateMachine( 1574): setDetailed state, old =SCANNING and new state=IDLE
01-10 14:55:12.917 I/wpa_supplicant( 1769): CTRL-EVENT-STATE-CHANGE id=-1 state=2 BSSID=00:00:00:00:00:00
01-10 14:55:12.917 V/WifiMonitor( 1574): Event [CTRL-EVENT-STATE-CHANGE id=-1 state=2 BSSID=00:00:00:00:00:00]
01-10 14:55:12.917 D/WifiStateMachine( 1574): Changing supplicant state: INACTIVE ==> SCANNING
01-10 14:55:12.917 D/WifiStateMachine( 1574): setDetailed state, old =IDLE and new state=SCANNING
01-10 14:55:13.088 I/System.out( 2646): 18
01-10 14:55:14.089 I/System.out( 2646): 18
01-10 14:55:14.089 I/wpa_supplicant( 1769): got scan complete
01-10 14:55:14.099 I/wpa_supplicant( 1769): wpa_supplicant_get_scan_results:return scan results2
01-10 14:55:14.099 I/wpa_supplicant( 1769): AP:ssid[BTBusinessHub-353],rssi[-89],BSSID=c0:83:0a:e0:12:d1
01-10 14:55:14.099 I/wpa_supplicant( 1769): AP:ssid[BTOpenzone],rssi[-90],BSSID=c0:83:0a:e0:12:d4
01-10 14:55:14.099 I/wpa_supplicant( 1769): AP:ssid[BTOpenzone],rssi[-86],BSSID=9c:4e:20:c8:9e:70
01-10 14:55:14.099 I/wpa_supplicant( 1769): AP:ssid[uos-connect],rssi[-85],BSSID=9c:4e:20:c8:9e:73
01-10 14:55:14.099 I/wpa_supplicant( 1769): AP:ssid[uos-visitor],rssi[-83],BSSID=9c:4e:20:c8:9e:74
01-10 14:55:14.099 I/wpa_supplicant( 1769): AP:ssid[cs],rssi[-86],BSSID=9c:4e:20:c8:9e:71
01-10 14:55:14.099 I/wpa_supplicant( 1769): AP:ssid[eduroam],rssi[-85],BSSID=9c:4e:20:c8:9e:72
01-10 14:55:14.099 I/wpa_supplicant( 1769): AP:ssid[hpsetup],rssi[-93],BSSID=c2:ce:46:d5:40:9c
01-10 14:55:14.099 I/wpa_supplicant( 1769): AP:ssid[LD-Net],rssi[-89],BSSID=00:14:6c:fd:72:38
01-10 14:55:14.099 I/wpa_supplicant( 1769): AP:ssid[uos-connect],rssi[-56],BSSID=9c:4e:20:c8:b0:f3
01-10 14:55:14.099 I/wpa_supplicant( 1769): AP:ssid[BTOpenzone],rssi[-56],BSSID=9c:4e:20:c8:b0:f0
01-10 14:55:14.099 I/wpa_supplicant( 1769): AP:ssid[uos-visitor],rssi[-59],BSSID=9c:4e:20:c8:b0:f4
01-10 14:55:14.099 I/wpa_supplicant( 1769): AP:ssid[eduroam],rssi[-54],BSSID=9c:4e:20:c8:b0:f2
01-10 14:55:14.099 I/wpa_supplicant( 1769): AP:ssid[cs],rssi[-56],BSSID=9c:4e:20:c8:b0:f1
01-10 14:55:14.099 I/wpa_supplicant( 1769): AP:ssid[],rssi[-94],BSSID=00:80:48:68:08:99
01-10 14:55:14.099 I/wpa_supplicant( 1769): AP:ssid[eduroam],rssi[-77],BSSID=9c:4e:20:c8:cc:52
01-10 14:55:14.099 I/wpa_supplicant( 1769): AP:ssid[uos-visitor],rssi[-74],BSSID=9c:4e:20:c8:cc:54
01-10 14:55:14.099 I/wpa_supplicant( 1769): AP:ssid[cs],rssi[-74],BSSID=9c:4e:20:c8:cc:51
01-10 14:55:14.099 I/wpa_supplicant( 1769): AP:ssid[uos-connect],rssi[-73],BSSID=9c:4e:20:c8:cc:53
01-10 14:55:14.099 I/wpa_supplicant( 1769): Received 3575 bytes of scan results (19 BSSes)
01-10 14:55:14.099 I/wpa_supplicant( 1769): wpa_driver_wext_get_scan_results---
01-10 14:55:14.119 I/wpa_supplicant( 1769): wpa_disabled_ssid_list_clear
01-10 14:55:14.119 V/WifiMonitor( 1574): Event [wpa_disabled_ssid_list_clear]
01-10 14:55:14.119 I/wpa_supplicant( 1769): No suitable AP found.
01-10 14:55:14.119 I/wpa_supplicant( 1769): CTRL-EVENT-STATE-CHANGE id=-1 state=1 BSSID=00:00:00:00:00:00
01-10 14:55:14.119 V/WifiMonitor( 1574): Event [CTRL-EVENT-STATE-CHANGE id=-1 state=1 BSSID=00:00:00:00:00:00]
01-10 14:55:14.139 D/WifiStateMachine( 1574): Changing supplicant state: SCANNING ==> INACTIVE
01-10 14:55:14.139 D/WifiStateMachine( 1574): setDetailed state, old =SCANNING and new state=IDLE
01-10 14:55:14.179 D/dalvikvm( 2713): GC_CONCURRENT freed 446K, 10% free 6816K/7495K, paused 2ms+1ms
01-10 14:55:14.239 I/wpa_supplicant( 1769): CTRL-EVENT-STATE-CHANGE id=-1 state=2 BSSID=00:00:00:00:00:00
01-10 14:55:14.239 V/WifiMonitor( 1574): Event [CTRL-EVENT-STATE-CHANGE id=-1 state=2 BSSID=00:00:00:00:00:00]
01-10 14:55:14.239 D/WifiStateMachine( 1574): Changing supplicant state: INACTIVE ==> SCANNING
01-10 14:55:14.239 D/WifiStateMachine( 1574): setDetailed state, old =IDLE and new state=SCANNING
01-10 14:55:14.799 D/UsbnetService( 1574): BroadcastReceiver::onReceive+
01-10 14:55:14.799 D/UsbnetService( 1574): onReceive BATTERY_CHANGED
01-10 14:55:14.809 D/UsbnetService( 1574):  --> pluggedType = 2, mPluggedType = 0, mScreenOff = false
01-10 14:55:14.809 D/UsbnetService( 1574): BroadcastReceiver::onReceive-
01-10 14:55:14.809 D/WifiService( 1574): ACTION_BATTERY_CHANGED pluggedType: 2
01-10 14:55:14.809 D/NotificationService( 1574): mIntentReceiver() Intent.ACTION_BATTERY_CHANGED
01-10 14:55:14.819 D/BatteryService( 1574): SendIntentforPowersaver
01-10 14:55:14.829 D/BatteryService( 1574): Current powersaver status == NORMAL_STATUS1 2 2 false
01-10 14:55:14.829 D/PowerUI ( 1648): closing low battery warning: level=98
01-10 14:55:14.829 D/PowerUI ( 1648): plugged = true, health = 2, mBatteryLevel = 98, mPluggedBatteryLevel = 98, mLowBatteryWarningLevel2 = 25, mshowLowChargingWarning2 = true
01-10 14:55:14.839 D/RemoveMe( 1668): DCT got intent android.intent.action.BATTERY_CHANGED
01-10 14:55:14.849 D/RemoveMe( 1668): DCT got intent android.intent.action.BATTERY_CHANGED
01-10 14:55:14.859 D/RemoveMe( 1668): DCT got intent android.intent.action.BATTERY_CHANGED
01-10 14:55:15.090 I/System.out( 2646): 18
01-10 14:55:15.090 I/System.out( 2646): Battery level start is reached
01-10 14:55:15.370 I/wpa_supplicant( 1769): got scan complete
01-10 14:55:15.370 I/wpa_supplicant( 1769): wpa_supplicant_get_scan_results:return scan results2
01-10 14:55:15.370 I/wpa_supplicant( 1769): AP:ssid[BTBusinessHub-353],rssi[-88],BSSID=c0:83:0a:e0:12:d1
01-10 14:55:15.370 I/wpa_supplicant( 1769): AP:ssid[BTOpenzone],rssi[-88],BSSID=c0:83:0a:e0:12:d4
01-10 14:55:15.370 I/wpa_supplicant( 1769): AP:ssid[BTOpenzone],rssi[-90],BSSID=9c:4e:20:c8:9e:70
01-10 14:55:15.370 I/wpa_supplicant( 1769): AP:ssid[eduroam],rssi[-89],BSSID=9c:4e:20:c8:9e:72
01-10 14:55:15.370 I/wpa_supplicant( 1769): AP:ssid[uos-connect],rssi[-89],BSSID=9c:4e:20:c8:9e:73
01-10 14:55:15.370 I/wpa_supplicant( 1769): AP:ssid[uos-visitor],rssi[-84],BSSID=9c:4e:20:c8:9e:74
01-10 14:55:15.370 I/wpa_supplicant( 1769): AP:ssid[cs],rssi[-86],BSSID=9c:4e:20:c8:9e:71
01-10 14:55:15.370 I/wpa_supplicant( 1769): AP:ssid[cs],rssi[-57],BSSID=9c:4e:20:c8:b0:f1
01-10 14:55:15.370 I/wpa_supplicant( 1769): AP:ssid[uos-connect],rssi[-57],BSSID=9c:4e:20:c8:b0:f3
01-10 14:55:15.370 I/wpa_supplicant( 1769): AP:ssid[BTOpenzone],rssi[-55],BSSID=9c:4e:20:c8:b0:f0
01-10 14:55:15.370 I/wpa_supplicant( 1769): AP:ssid[uos-visitor],rssi[-56],BSSID=9c:4e:20:c8:b0:f4
01-10 14:55:15.370 I/wpa_supplicant( 1769): AP:ssid[eduroam],rssi[-56],BSSID=9c:4e:20:c8:b0:f2
01-10 14:55:15.370 I/wpa_supplicant( 1769): AP:ssid[uos-visitor],rssi[-74],BSSID=9c:4e:20:c8:cc:54
01-10 14:55:15.370 I/wpa_supplicant( 1769): AP:ssid[cs],rssi[-73],BSSID=9c:4e:20:c8:cc:51
01-10 14:55:15.380 I/wpa_supplicant( 1769): AP:ssid[uos-connect],rssi[-74],BSSID=9c:4e:20:c8:cc:53
01-10 14:55:15.380 I/wpa_supplicant( 1769): AP:ssid[BTOpenzone],rssi[-81],BSSID=9c:4e:20:c8:cc:50
01-10 14:55:15.380 I/wpa_supplicant( 1769): Received 3077 bytes of scan results (16 BSSes)
01-10 14:55:15.380 I/wpa_supplicant( 1769): wpa_driver_wext_get_scan_results---
01-10 14:55:15.380 I/wpa_supplicant( 1769): wpa_disabled_ssid_list_clear
