03-25 13:08:00.808 I/System.out( 5713): Battery level: 100 | Time difference: -1
03-25 13:08:03.811 I/System.out( 5713): Location: -2.80912845 56.33991949 | GPSNavigator running:true
03-25 13:08:03.811 I/System.out( 5713): Battery level: 100 | Time difference: -1
03-25 13:08:06.814 I/System.out( 5713): Location: -2.80912845 56.33991949 | GPSNavigator running:true
03-25 13:08:06.814 I/System.out( 5713): Battery level: 100 | Time difference: -1
03-25 13:08:09.817 I/System.out( 5713): Location: -2.80912845 56.33991949 | GPSNavigator running:true
03-25 13:08:09.817 I/System.out( 5713): Battery level: 100 | Time difference: -1
03-25 13:08:12.810 I/System.out( 5713): Location: -2.80912846 56.3399195 | GPSNavigator running:true
03-25 13:08:12.820 I/System.out( 5713): Battery level: 100 | Time difference: -1
03-25 13:08:15.813 I/System.out( 5713): Location: -2.80912845 56.3399195 | GPSNavigator running:true
03-25 13:08:15.813 I/System.out( 5713): Battery level: 100 | Time difference: -1
03-25 13:08:16.003 I/rmt_storage(  184): rmt_storage_rw_iovec_cb: /boot/modem_fs1: clnt_h=0x1: req_h=0x16 msg_id=3: R/W request received
03-25 13:08:16.003 I/rmt_storage(  184): wakelock acquired: 1, error no: 110
03-25 13:08:16.003 I/rmt_storage(  184): rmt_storage_client_thread: /boot/modem_fs1: clnt_h=0x1 Unblock worker thread (th_id: -1191603728)
03-25 13:08:16.023 I/rmt_storage(  184): rmt_storage_client_thread: /boot/modem_fs1: clnt_h=0x1: req_h=0x16 msg_id=3: Bytes written = 261632
03-25 13:08:16.023 I/rmt_storage(  184): rmt_storage_client_thread: /boot/modem_fs1: clnt_h=0x1: req_h=0x16 msg_id=3: Bytes written = 512
03-25 13:08:16.023 I/rmt_storage(  184): rmt_storage_client_thread: /boot/modem_fs1: clnt_h=0x1: req_h=0x16 msg_id=3: Send response: res=0 err=0
03-25 13:08:16.023 I/rmt_storage(  184): rmt_storage_client_thread: /boot/modem_fs1: clnt_h=0x1 About to block rmt_storage client thread (th_id: -1191603728) wakelock released: 1, error no: 0
03-25 13:08:16.023 I/rmt_storage(  184): 
03-25 13:08:18.816 I/System.out( 5713): Location: -2.80912844 56.3399195 | GPSNavigator running:true
03-25 13:08:18.816 I/System.out( 5713): Battery level: 100 | Time difference: -1
03-25 13:08:21.819 I/System.out( 5713): Location: -2.80912843 56.3399195 | GPSNavigator running:true
03-25 13:08:21.819 I/System.out( 5713): Battery level: 100 | Time difference: -1
03-25 13:08:24.822 I/System.out( 5713): Location: -2.80912842 56.3399195 | GPSNavigator running:true
03-25 13:08:24.822 I/System.out( 5713): Battery level: 100 | Time difference: -1
03-25 13:08:27.744 D/dalvikvm(  511): GC_CONCURRENT freed 1600K, 19% free 15700K/19380K, paused 7ms+4ms, total 123ms
03-25 13:08:27.814 I/System.out( 5713): Location: -2.80912841 56.3399195 | GPSNavigator running:true
03-25 13:08:27.814 I/System.out( 5713): Battery level: 100 | Time difference: -1
03-25 13:08:30.817 I/System.out( 5713): Location: -2.80912839 56.3399195 | GPSNavigator running:true
03-25 13:08:30.817 I/System.out( 5713): Battery level: 100 | Time difference: -1
03-25 13:08:33.820 I/System.out( 5713): Location: -2.80912839 56.3399195 | GPSNavigator running:true
03-25 13:08:33.820 I/System.out( 5713): Battery level: 100 | Time difference: -1
03-25 13:08:36.823 I/System.out( 5713): Location: -2.80912839 56.33991951 | GPSNavigator running:true
03-25 13:08:36.823 I/System.out( 5713): Battery level: 100 | Time difference: -1
03-25 13:08:39.826 I/System.out( 5713): Location: -2.80912839 56.33991951 | GPSNavigator running:true
03-25 13:08:39.826 I/System.out( 5713): Battery level: 100 | Time difference: -1
03-25 13:08:42.829 I/System.out( 5713): Location: -2.80912839 56.33991951 | GPSNavigator running:true
03-25 13:08:42.829 I/System.out( 5713): Battery level: 100 | Time difference: -1
03-25 13:08:45.832 I/System.out( 5713): Location: -2.8091284 56.33991951 | GPSNavigator running:true
03-25 13:08:45.832 I/System.out( 5713): Battery level: 100 | Time difference: -1
03-25 13:08:48.835 I/System.out( 5713): Location: -2.80912839 56.33991952 | GPSNavigator running:true
03-25 13:08:48.835 I/System.out( 5713): Battery level: 100 | Time difference: -1
03-25 13:08:51.828 I/System.out( 5713): Location: -2.80912839 56.33991952 | GPSNavigator running:true
03-25 13:08:51.828 I/System.out( 5713): Battery level: 100 | Time difference: -1
03-25 13:08:54.841 I/System.out( 5713): Location: -2.8091284 56.33991953 | GPSNavigator running:true
03-25 13:08:54.841 I/System.out( 5713): Battery level: 100 | Time difference: -1
03-25 13:08:57.844 I/System.out( 5713): Location: -2.80912841 56.33991954 | GPSNavigator running:true
03-25 13:08:57.844 I/System.out( 5713): Battery level: 100 | Time difference: -1
03-25 13:09:00.837 I/System.out( 5713): Location: -2.80912843 56.33991954 | GPSNavigator running:true
03-25 13:09:00.837 I/System.out( 5713): Battery level: 100 | Time difference: -1
03-25 13:09:03.840 I/System.out( 5713): Location: -2.80912844 56.33991954 | GPSNavigator running:true
03-25 13:09:03.840 I/System.out( 5713): Battery level: 100 | Time difference: -1
03-25 13:09:06.792 D/dalvikvm(  702): GC_CONCURRENT freed 385K, 7% free 9914K/10564K, paused 4ms+7ms, total 79ms
03-25 13:09:06.843 I/System.out( 5713): Location: -2.80912845 56.33991954 | GPSNavigator running:true
03-25 13:09:06.843 I/System.out( 5713): Battery level: 100 | Time difference: -1
03-25 13:09:09.845 I/System.out( 5713): Location: -2.80912845 56.33991954 | GPSNavigator running:true
03-25 13:09:09.845 I/System.out( 5713): Battery level: 100 | Time difference: -1
03-25 13:09:12.848 I/System.out( 5713): Location: -2.80912845 56.33991954 | GPSNavigator running:true
03-25 13:09:12.848 I/System.out( 5713): Battery level: 100 | Time difference: -1
03-25 13:09:15.851 I/System.out( 5713): Location: -2.80912846 56.33991955 | GPSNavigator running:true
03-25 13:09:15.851 I/System.out( 5713): Battery level: 100 | Time difference: -1
03-25 13:09:18.854 I/System.out( 5713): Location: -2.80912847 56.33991955 | GPSNavigator running:true
03-25 13:09:18.854 I/System.out( 5713): Battery level: 100 | Time difference: -1
03-25 13:09:21.857 I/System.out( 5713): Location: -2.80912849 56.33991955 | GPSNavigator running:true
03-25 13:09:21.857 I/System.out( 5713): Battery level: 100 | Time difference: -1
03-25 13:09:24.860 I/System.out( 5713): Location: -2.8091285 56.33991956 | GPSNavigator running:true
03-25 13:09:24.860 I/System.out( 5713): Battery level: 100 | Time difference: -1
03-25 13:09:27.863 I/System.out( 5713): Location: -2.80912851 56.33991956 | GPSNavigator running:true
03-25 13:09:27.863 I/System.out( 5713): Battery level: 100 | Time difference: -1
03-25 13:09:30.866 I/System.out( 5713): Location: -2.80912851 56.33991956 | GPSNavigator running:true
03-25 13:09:30.866 I/System.out( 5713): Battery level: 100 | Time difference: -1
03-25 13:09:33.859 I/System.out( 5713): Location: -2.80912851 56.33991956 | GPSNavigator running:true
03-25 13:09:33.859 I/System.out( 5713): Battery level: 100 | Time difference: -1
03-25 13:09:36.862 I/System.out( 5713): Location: -2.80912851 56.33991956 | GPSNavigator running:true
03-25 13:09:36.862 I/System.out( 5713): Battery level: 100 | Time difference: -1
03-25 13:09:39.865 I/System.out( 5713): Location: -2.8091285 56.33991956 | GPSNavigator running:true
03-25 13:09:39.865 I/System.out( 5713): Battery level: 100 | Time difference: -1
03-25 13:09:42.868 I/System.out( 5713): Location: -2.80912851 56.33991956 | GPSNavigator running:true
03-25 13:09:42.868 I/System.out( 5713): Battery level: 100 | Time difference: -1
03-25 13:09:45.871 I/System.out( 5713): Location: -2.80912851 56.33991957 | GPSNavigator running:true
03-25 13:09:45.871 I/System.out( 5713): Battery level: 100 | Time difference: -1
03-25 13:09:48.874 I/System.out( 5713): Location: -2.80912852 56.33991958 | GPSNavigator running:true
03-25 13:09:48.874 I/System.out( 5713): Battery level: 100 | Time difference: -1
03-25 13:09:51.866 I/System.out( 5713): Location: -2.80912853 56.33991958 | GPSNavigator running:true
03-25 13:09:51.866 I/System.out( 5713): Battery level: 100 | Time difference: -1
03-25 13:09:54.879 I/System.out( 5713): Location: -2.80912854 56.33991958 | GPSNavigator running:true
03-25 13:09:54.879 I/System.out( 5713): Battery level: 100 | Time difference: -1
03-25 13:09:57.882 I/System.out( 5713): Location: -2.80912854 56.33991958 | GPSNavigator running:true
03-25 13:09:57.882 I/System.out( 5713): Battery level: 100 | Time difference: -1
03-25 13:10:00.885 I/System.out( 5713): Location: -2.80912854 56.33991958 | GPSNavigator running:true
03-25 13:10:00.885 I/System.out( 5713): Battery level: 100 | Time difference: -1
03-25 13:10:03.888 I/System.out( 5713): Location: -2.80912852 56.33991958 | GPSNavigator running:true
03-25 13:10:03.888 I/System.out( 5713): Battery level: 100 | Time difference: -1
03-25 13:10:06.881 I/System.out( 5713): Location: -2.80912851 56.33991958 | GPSNavigator running:true
03-25 13:10:06.881 I/System.out( 5713): Battery level: 100 | Time difference: -1
03-25 13:10:09.884 I/System.out( 5713): Location: -2.80912851 56.33991959 | GPSNavigator running:true
03-25 13:10:09.884 I/System.out( 5713): Battery level: 100 | Time difference: -1
03-25 13:10:12.887 I/System.out( 5713): Location: -2.80912851 56.33991959 | GPSNavigator running:true
03-25 13:10:12.887 I/System.out( 5713): Battery level: 100 | Time difference: -1
03-25 13:10:15.890 I/System.out( 5713): Location: -2.80912852 56.33991959 | GPSNavigator running:true
03-25 13:10:15.890 I/System.out( 5713): Battery level: 100 | Time difference: -1
03-25 13:10:16.000 I/rmt_storage(  184): rmt_storage_rw_iovec_cb: /boot/modem_fs2: clnt_h=0x2: req_h=0x17 msg_id=3: R/W request received
03-25 13:10:16.000 I/rmt_storage(  184): wakelock acquired: 1, error no: 110
03-25 13:10:16.000 I/rmt_storage(  184): rmt_storage_client_thread: /boot/modem_fs2: clnt_h=0x2 Unblock worker thread (th_id: -1191602880)
03-25 13:10:16.020 I/rmt_storage(  184): rmt_storage_client_thread: /boot/modem_fs2: clnt_h=0x2: req_h=0x17 msg_id=3: Bytes written = 261632
03-25 13:10:16.020 I/rmt_storage(  184): rmt_storage_client_thread: /boot/modem_fs2: clnt_h=0x2: req_h=0x17 msg_id=3: Bytes written = 512
03-25 13:10:16.030 I/rmt_storage(  184): rmt_storage_client_thread: /boot/modem_fs2: clnt_h=0x2: req_h=0x17 msg_id=3: Send response: res=0 err=0
03-25 13:10:16.030 I/rmt_storage(  184): rmt_storage_client_thread: /boot/modem_fs2: clnt_h=0x2 About to block rmt_storage client thread (th_id: -1191602880) wakelock released: 1, error no: 0
03-25 13:10:16.030 I/rmt_storage(  184): 
03-25 13:10:18.773 D/dalvikvm(  702): GC_CONCURRENT freed 386K, 7% free 9914K/10564K, paused 3ms+2ms, total 64ms
03-25 13:10:18.893 I/System.out( 5713): Location: -2.80912852 56.33991959 | GPSNavigator running:true
03-25 13:10:18.893 I/System.out( 5713): Battery level: 100 | Time difference: -1
03-25 13:10:21.896 I/System.out( 5713): Location: -2.80912853 56.33991959 | GPSNavigator running:true
03-25 13:10:21.896 I/System.out( 5713): Battery level: 100 | Time difference: -1
03-25 13:10:24.899 I/System.out( 5713): Location: -2.80912853 56.33991959 | GPSNavigator running:true
03-25 13:10:24.899 I/System.out( 5713): Battery level: 100 | Time difference: -1
03-25 13:10:27.902 I/System.out( 5713): Location: -2.80912853 56.33991959 | GPSNavigator running:true
03-25 13:10:27.902 I/System.out( 5713): Battery level: 100 | Time difference: -1
03-25 13:10:27.962 I/System.out( 5713): Battery level start is reached
03-25 13:10:30.905 I/System.out( 5713): Location: -2.80912853 56.33991959 | GPSNavigator running:true
03-25 13:10:30.905 I/System.out( 5713): Battery level: 99 | Time difference: -1
03-25 13:10:33.897 I/System.out( 5713): Location: -2.80912854 56.33991959 | GPSNavigator running:true
03-25 13:10:33.897 I/System.out( 5713): Battery level: 99 | Time difference: -1
03-25 13:10:36.900 I/System.out( 5713): Location: -2.80912799 56.33991409 | GPSNavigator running:true
03-25 13:10:36.900 I/System.out( 5713): Battery level: 99 | Time difference: -1
03-25 13:10:39.903 I/System.out( 5713): Location: -2.80907825 56.33991957 | GPSNavigator running:true
03-25 13:10:39.903 I/System.out( 5713): Battery level: 99 | Time difference: -1
03-25 13:10:42.906 I/System.out( 5713): Location: -2.80898812 56.33994955 | GPSNavigator running:true
03-25 13:10:42.906 I/System.out( 5713): Battery level: 99 | Time difference: -1
03-25 13:10:45.909 I/System.out( 5713): Location: -2.80889386 56.33997712 | GPSNavigator running:true
03-25 13:10:45.909 I/System.out( 5713): Battery level: 99 | Time difference: -1
03-25 13:10:48.912 I/System.out( 5713): Location: -2.80880708 56.34000644 | GPSNavigator running:true
03-25 13:10:48.912 I/System.out( 5713): Battery level: 99 | Time difference: -1
03-25 13:10:51.915 I/System.out( 5713): Location: -2.80872826 56.34003571 | GPSNavigator running:true
03-25 13:10:51.915 I/System.out( 5713): Battery level: 99 | Time difference: -1
03-25 13:10:54.908 I/System.out( 5713): Location: -2.80865365 56.34005816 | GPSNavigator running:true
03-25 13:10:54.908 I/System.out( 5713): Battery level: 99 | Time difference: -1
03-25 13:10:57.921 I/System.out( 5713): Location: -2.80858582 56.34008009 | GPSNavigator running:true
03-25 13:10:57.921 I/System.out( 5713): Battery level: 99 | Time difference: -1
03-25 13:11:00.924 I/System.out( 5713): Location: -2.80851796 56.34010287 | GPSNavigator running:true
03-25 13:11:00.924 I/System.out( 5713): Battery level: 99 | Time difference: -1
03-25 13:11:03.927 I/System.out( 5713): Location: -2.80844859 56.34012576 | GPSNavigator running:true
03-25 13:11:03.927 I/System.out( 5713): Battery level: 99 | Time difference: -1
03-25 13:11:06.920 I/System.out( 5713): Location: -2.80838043 56.34015006 | GPSNavigator running:true
03-25 13:11:06.920 I/System.out( 5713): Battery level: 99 | Time difference: -1
03-25 13:11:09.923 I/System.out( 5713): Location: -2.80830954 56.34017209 | GPSNavigator running:true
03-25 13:11:09.923 I/System.out( 5713): Battery level: 99 | Time difference: -1
03-25 13:11:12.916 I/System.out( 5713): Location: -2.80824508 56.34018504 | GPSNavigator running:true
03-25 13:11:12.916 I/System.out( 5713): Battery level: 99 | Time difference: -1
03-25 13:11:15.928 I/System.out( 5713): Location: -2.80824276 56.34020427 | GPSNavigator running:true
03-25 13:11:15.928 I/System.out( 5713): Battery level: 99 | Time difference: -1
03-25 13:11:18.931 I/System.out( 5713): Location: -2.80827988 56.34024251 | GPSNavigator running:true
03-25 13:11:18.931 I/System.out( 5713): Battery level: 99 | Time difference: -1
03-25 13:11:21.934 I/System.out( 5713): Location: -2.80830059 56.34027268 | GPSNavigator running:true
03-25 13:11:21.934 I/System.out( 5713): Battery level: 99 | Time difference: -1
03-25 13:11:24.937 I/System.out( 5713): Location: -2.80830127 56.34028794 | GPSNavigator running:true
03-25 13:11:24.937 I/System.out( 5713): Battery level: 99 | Time difference: -1
03-25 13:11:27.940 I/System.out( 5713): Location: -2.80833293 56.34032886 | GPSNavigator running:true
03-25 13:11:27.940 I/System.out( 5713): Battery level: 99 | Time difference: -1
03-25 13:11:28.791 D/dalvikvm(  702): GC_CONCURRENT freed 387K, 7% free 9916K/10564K, paused 1ms+2ms, total 73ms
03-25 13:11:30.933 I/System.out( 5713): Location: -2.80837187 56.34037431 | GPSNavigator running:true
03-25 13:11:30.933 I/System.out( 5713): Battery level: 99 | Time difference: -1
03-25 13:11:33.936 I/System.out( 5713): Location: -2.80840931 56.34041958 | GPSNavigator running:true
03-25 13:11:33.936 I/System.out( 5713): Battery level: 99 | Time difference: -1
03-25 13:11:36.939 I/System.out( 5713): Location: -2.80846399 56.34045541 | GPSNavigator running:true
03-25 13:11:36.939 I/System.out( 5713): Battery level: 99 | Time difference: -1
03-25 13:11:39.942 I/System.out( 5713): Location: -2.80851669 56.34050017 | GPSNavigator running:true
03-25 13:11:39.942 I/System.out( 5713): Battery level: 99 | Time difference: -1
03-25 13:11:42.935 I/System.out( 5713): Location: -2.80860157 56.34054457 | GPSNavigator running:true
03-25 13:11:42.935 I/System.out( 5713): Battery level: 99 | Time difference: -1
03-25 13:11:45.938 I/System.out( 5713): Location: -2.8086897 56.34054371 | GPSNavigator running:true
03-25 13:11:45.938 I/System.out( 5713): Battery level: 99 | Time difference: -1
03-25 13:11:46.258 I/rmt_storage(  184): rmt_storage_rw_iovec_cb: /boot/modem_fs1: clnt_h=0x1: req_h=0x18 msg_id=3: R/W request received
03-25 13:11:46.258 I/rmt_storage(  184): wakelock acquired: 1, error no: 110
03-25 13:11:46.258 I/rmt_storage(  184): rmt_storage_client_thread: /boot/modem_fs1: clnt_h=0x1 Unblock worker thread (th_id: -1191603728)
03-25 13:11:46.278 I/rmt_storage(  184): rmt_storage_client_thread: /boot/modem_fs1: clnt_h=0x1: req_h=0x18 msg_id=3: Bytes written = 261632
03-25 13:11:46.288 I/rmt_storage(  184): rmt_storage_client_thread: /boot/modem_fs1: clnt_h=0x1: req_h=0x18 msg_id=3: Bytes written = 512
03-25 13:11:46.288 I/rmt_storage(  184): rmt_storage_client_thread: /boot/modem_fs1: clnt_h=0x1: req_h=0x18 msg_id=3: Send response: res=0 err=0
03-25 13:11:46.288 I/rmt_storage(  184): rmt_storage_client_thread: /boot/modem_fs1: clnt_h=0x1 About to block rmt_storage client thread (th_id: -1191603728) wakelock released: 1, error no: 0
03-25 13:11:46.288 I/rmt_storage(  184): 
03-25 13:11:48.941 I/System.out( 5713): Location: -2.80875761 56.34051408 | GPSNavigator running:true
03-25 13:11:48.941 I/System.out( 5713): Battery level: 99 | Time difference: -1
03-25 13:11:51.944 I/System.out( 5713): Location: -2.80882904 56.34048688 | GPSNavigator running:true
03-25 13:11:51.944 I/System.out( 5713): Battery level: 99 | Time difference: -1
03-25 13:11:54.947 I/System.out( 5713): Location: -2.80890566 56.3404596 | GPSNavigator running:true
03-25 13:11:54.947 I/System.out( 5713): Battery level: 99 | Time difference: -1
03-25 13:11:57.949 I/System.out( 5713): Location: -2.80897426 56.34042884 | GPSNavigator running:true
03-25 13:11:57.949 I/System.out( 5713): Battery level: 99 | Time difference: -1
03-25 13:11:58.820 D/dalvikvm(  511): GC_CONCURRENT freed 1601K, 20% free 15690K/19380K, paused 8ms+6ms, total 103ms
03-25 13:12:00.952 I/System.out( 5713): Location: -2.8090454 56.34040491 | GPSNavigator running:true
03-25 13:12:00.952 I/System.out( 5713): Battery level: 99 | Time difference: -1
03-25 13:12:03.955 I/System.out( 5713): Location: -2.80912609 56.34038439 | GPSNavigator running:true
03-25 13:12:03.955 I/System.out( 5713): Battery level: 99 | Time difference: -1
03-25 13:12:06.958 I/System.out( 5713): Location: -2.80921904 56.34036243 | GPSNavigator running:true
03-25 13:12:06.958 I/System.out( 5713): Battery level: 99 | Time difference: -1
03-25 13:12:09.961 I/System.out( 5713): Location: -2.80929441 56.34032779 | GPSNavigator running:true
03-25 13:12:09.961 I/System.out( 5713): Battery level: 99 | Time difference: -1
03-25 13:12:12.964 I/System.out( 5713): Location: -2.8092872 56.340277 | GPSNavigator running:true
03-25 13:12:12.964 I/System.out( 5713): Battery level: 99 | Time difference: -1
03-25 13:12:15.957 I/System.out( 5713): Location: -2.80923805 56.34022936 | GPSNavigator running:true
03-25 13:12:15.957 I/System.out( 5713): Battery level: 99 | Time difference: -1
03-25 13:12:18.960 I/System.out( 5713): Location: -2.809163 56.34019205 | GPSNavigator running:true
03-25 13:12:18.960 I/System.out( 5713): Battery level: 99 | Time difference: -1
03-25 13:12:21.963 I/System.out( 5713): Location: -2.80906579 56.34018077 | GPSNavigator running:true
03-25 13:12:21.963 I/System.out( 5713): Battery level: 99 | Time difference: -1
03-25 13:12:24.956 I/System.out( 5713): Location: -2.8090087 56.34018979 | GPSNavigator running:true
03-25 13:12:24.956 I/System.out( 5713): Battery level: 99 | Time difference: -1
03-25 13:12:27.829 W/System.err(  702): java.net.UnknownHostException: Unable to resolve host "www.google.com": No address associated with hostname
03-25 13:12:27.829 W/System.err(  702): 	at java.net.InetAddress.lookupHostByName(InetAddress.java:424)
03-25 13:12:27.829 W/System.err(  702): 	at java.net.InetAddress.getAllByNameImpl(InetAddress.java:236)
03-25 13:12:27.829 W/System.err(  702): 	at java.net.InetAddress.getAllByName(InetAddress.java:214)
03-25 13:12:27.829 W/System.err(  702): 	at org.apache.http.impl.conn.DefaultClientConnectionOperator.openConnection(DefaultClientConnectionOperator.java:137)
03-25 13:12:27.829 W/System.err(  702): 	at org.apache.http.impl.conn.AbstractPoolEntry.open(AbstractPoolEntry.java:164)
03-25 13:12:27.829 W/System.err(  702): 	at org.apache.http.impl.conn.AbstractPooledConnAdapter.open(AbstractPooledConnAdapter.java:119)
03-25 13:12:27.829 W/System.err(  702): 	at org.apache.http.impl.client.DefaultRequestDirector.execute(DefaultRequestDirector.java:360)
03-25 13:12:27.829 W/System.err(  702): 	at org.apache.http.impl.client.AbstractHttpClient.execute(AbstractHttpClient.java:555)
03-25 13:12:27.829 W/System.err(  702): 	at org.apache.http.impl.client.AbstractHttpClient.execute(AbstractHttpClient.java:487)
03-25 13:12:27.829 W/System.err(  702): 	at android.net.http.AndroidHttpClient.execute(AndroidHttpClient.java:257)
03-25 13:12:27.829 W/System.err(  702): 	at le.a(SourceFile:202)
03-25 13:12:27.829 W/System.err(  702): 	at le.execute(SourceFile:244)
03-25 13:12:27.829 W/System.err(  702): 	at le.execute(SourceFile:312)
03-25 13:12:27.839 W/System.err(  702): 	at dxo.g(SourceFile:126)
03-25 13:12:27.839 W/System.err(  702): 	at dxo.c(SourceFile:172)
03-25 13:12:27.839 W/System.err(  702): 	at eaa.run(SourceFile:418)
03-25 13:12:27.839 W/System.err(  702): 	at dzz.b(SourceFile:224)
03-25 13:12:27.839 W/System.err(  702): 	at dzz.run(SourceFile:198)
03-25 13:12:27.839 W/System.err(  702): 	at dxw.run(SourceFile:96)
03-25 13:12:27.839 W/System.err(  702): Caused by: libcore.io.GaiException: getaddrinfo failed: EAI_NODATA (No address associated with hostname)
03-25 13:12:27.849 W/System.err(  702): 	at libcore.io.Posix.getaddrinfo(Native Method)
03-25 13:12:27.849 W/System.err(  702): 	at libcore.io.ForwardingOs.getaddrinfo(ForwardingOs.java:61)
03-25 13:12:27.849 W/System.err(  702): 	at java.net.InetAddress.lookupHostByName(InetAddress.java:405)
03-25 13:12:27.849 W/System.err(  702): 	... 18 more
03-25 13:12:27.869 D/dalvikvm(  702): GC_CONCURRENT freed 374K, 6% free 9931K/10564K, paused 2ms+4ms, total 28ms
03-25 13:12:27.959 I/System.out( 5713): Location: -2.80899362 56.34019774 | GPSNavigator running:true
03-25 13:12:27.959 I/System.out( 5713): Battery level: 99 | Time difference: -1
03-25 13:12:30.962 I/System.out( 5713): Location: -2.80898924 56.34020259 | GPSNavigator running:true
03-25 13:12:30.972 I/System.out( 5713): Battery level: 99 | Time difference: -1
03-25 13:12:33.965 I/System.out( 5713): Location: -2.808986 56.34020768 | GPSNavigator running:true
03-25 13:12:33.965 I/System.out( 5713): Battery level: 99 | Time difference: -1
03-25 13:12:36.968 I/System.out( 5713): Location: -2.80898604 56.34020843 | GPSNavigator running:true
03-25 13:12:36.968 I/System.out( 5713): Battery level: 99 | Time difference: -1
03-25 13:12:39.970 I/System.out( 5713): Location: -2.80898602 56.34020819 | GPSNavigator running:true
03-25 13:12:39.970 I/System.out( 5713): Battery level: 99 | Time difference: -1
03-25 13:12:42.973 I/System.out( 5713): Location: -2.80898601 56.34020808 | GPSNavigator running:true
03-25 13:12:42.973 I/System.out( 5713): Battery level: 99 | Time difference: -1
03-25 13:12:45.966 I/System.out( 5713): Location: -2.80898608 56.34020803 | GPSNavigator running:true
03-25 13:12:45.966 I/System.out( 5713): Battery level: 99 | Time difference: -1
03-25 13:12:48.969 I/System.out( 5713): Location: -2.80898621 56.34020799 | GPSNavigator running:true
03-25 13:12:48.969 I/System.out( 5713): Battery level: 99 | Time difference: -1
03-25 13:12:51.982 I/System.out( 5713): Location: -2.80898635 56.34020793 | GPSNavigator running:true
03-25 13:12:51.982 I/System.out( 5713): Battery level: 99 | Time difference: -1
03-25 13:12:54.975 I/System.out( 5713): Location: -2.80898644 56.34020791 | GPSNavigator running:true
03-25 13:12:54.975 I/System.out( 5713): Battery level: 99 | Time difference: -1
03-25 13:12:57.978 I/System.out( 5713): Location: -2.80898665 56.34020792 | GPSNavigator running:true
03-25 13:12:57.978 I/System.out( 5713): Battery level: 99 | Time difference: -1
03-25 13:13:00.981 I/System.out( 5713): Location: -2.80898696 56.34020789 | GPSNavigator running:true
03-25 13:13:00.981 I/System.out( 5713): Battery level: 99 | Time difference: -1
03-25 13:13:03.984 I/System.out( 5713): Location: -2.8089872 56.3402078 | GPSNavigator running:true
03-25 13:13:03.984 I/System.out( 5713): Battery level: 99 | Time difference: -1
03-25 13:13:06.987 I/System.out( 5713): Location: -2.80898741 56.34020764 | GPSNavigator running:true
03-25 13:13:06.987 I/System.out( 5713): Battery level: 99 | Time difference: -1
03-25 13:13:09.980 I/System.out( 5713): Location: -2.80898762 56.34020755 | GPSNavigator running:true
03-25 13:13:09.980 I/System.out( 5713): Battery level: 99 | Time difference: -1
03-25 13:13:12.993 I/System.out( 5713): Location: -2.80898768 56.3402075 | GPSNavigator running:true
03-25 13:13:12.993 I/System.out( 5713): Battery level: 99 | Time difference: -1
03-25 13:13:15.986 I/System.out( 5713): Location: -2.80898774 56.34020748 | GPSNavigator running:true
03-25 13:13:15.986 I/System.out( 5713): Battery level: 99 | Time difference: -1
03-25 13:13:18.989 I/System.out( 5713): Location: -2.80898765 56.34020748 | GPSNavigator running:true
03-25 13:13:18.989 I/System.out( 5713): Battery level: 99 | Time difference: -1
03-25 13:13:21.991 I/System.out( 5713): Location: -2.80898753 56.34020747 | GPSNavigator running:true
03-25 13:13:21.991 I/System.out( 5713): Battery level: 99 | Time difference: -1
03-25 13:13:24.994 I/System.out( 5713): Location: -2.80898756 56.34020745 | GPSNavigator running:true
03-25 13:13:24.994 I/System.out( 5713): Battery level: 99 | Time difference: -1
03-25 13:13:27.997 I/System.out( 5713): Location: -2.80898767 56.34020739 | GPSNavigator running:true
03-25 13:13:27.997 I/System.out( 5713): Battery level: 99 | Time difference: -1
03-25 13:13:31.000 I/System.out( 5713): Location: -2.80898784 56.34020734 | GPSNavigator running:true
03-25 13:13:31.000 I/System.out( 5713): Battery level: 99 | Time difference: -1
03-25 13:13:34.003 I/System.out( 5713): Location: -2.8089881 56.34020733 | GPSNavigator running:true
03-25 13:13:34.003 I/System.out( 5713): Battery level: 99 | Time difference: -1
03-25 13:13:35.755 D/dalvikvm( 5713): GC_CONCURRENT freed 387K, 5% free 9090K/9516K, paused 3ms+2ms, total 48ms
03-25 13:13:36.996 I/System.out( 5713): Location: -2.80898834 56.34020734 | GPSNavigator running:true
03-25 13:13:36.996 I/System.out( 5713): Battery level: 99 | Time difference: -1
03-25 13:13:39.759 D/dalvikvm(  702): GC_CONCURRENT freed 401K, 7% free 9915K/10564K, paused 4ms+2ms, total 59ms
03-25 13:13:39.999 I/System.out( 5713): Location: -2.80898846 56.34020735 | GPSNavigator running:true
03-25 13:13:39.999 I/System.out( 5713): Battery level: 99 | Time difference: -1
03-25 13:13:43.002 I/System.out( 5713): Location: -2.80898848 56.34020741 | GPSNavigator running:true
03-25 13:13:43.012 I/System.out( 5713): Battery level: 99 | Time difference: -1
03-25 13:13:46.005 I/System.out( 5713): Location: -2.80898842 56.3402074 | GPSNavigator running:true
03-25 13:13:46.005 I/System.out( 5713): Battery level: 99 | Time difference: -1
03-25 13:13:49.008 I/System.out( 5713): Location: -2.80898844 56.3402074 | GPSNavigator running:true
03-25 13:13:49.008 I/System.out( 5713): Battery level: 99 | Time difference: -1
03-25 13:13:52.011 I/System.out( 5713): Location: -2.80898856 56.34020739 | GPSNavigator running:true
03-25 13:13:52.011 I/System.out( 5713): Battery level: 99 | Time difference: -1
03-25 13:13:55.014 I/System.out( 5713): Location: -2.80898876 56.3402074 | GPSNavigator running:true
03-25 13:13:55.014 I/System.out( 5713): Battery level: 99 | Time difference: -1
03-25 13:13:58.017 I/System.out( 5713): Location: -2.80898896 56.34020744 | GPSNavigator running:true
03-25 13:13:58.017 I/System.out( 5713): Battery level: 99 | Time difference: -1
03-25 13:14:01.010 I/System.out( 5713): Location: -2.80898902 56.34020743 | GPSNavigator running:true
03-25 13:14:01.010 I/System.out( 5713): Battery level: 99 | Time difference: -1
03-25 13:14:04.012 I/System.out( 5713): Location: -2.80898908 56.34020738 | GPSNavigator running:true
03-25 13:14:04.012 I/System.out( 5713): Battery level: 99 | Time difference: -1
03-25 13:14:07.015 I/System.out( 5713): Location: -2.80898918 56.34020732 | GPSNavigator running:true
03-25 13:14:07.015 I/System.out( 5713): Battery level: 99 | Time difference: -1
03-25 13:14:09.618 I/rmt_storage(  184): rmt_storage_rw_iovec_cb: /boot/modem_fs2: clnt_h=0x2: req_h=0x19 msg_id=3: R/W request received
03-25 13:14:09.618 I/rmt_storage(  184): wakelock acquired: 1, error no: 110
03-25 13:14:09.618 I/rmt_storage(  184): rmt_storage_client_thread: /boot/modem_fs2: clnt_h=0x2 Unblock worker thread (th_id: -1191602880)
03-25 13:14:09.658 I/rmt_storage(  184): rmt_storage_client_thread: /boot/modem_fs2: clnt_h=0x2: req_h=0x19 msg_id=3: Bytes written = 261632
03-25 13:14:09.658 I/rmt_storage(  184): rmt_storage_client_thread: /boot/modem_fs2: clnt_h=0x2: req_h=0x19 msg_id=3: Bytes written = 512
03-25 13:14:09.658 I/rmt_storage(  184): rmt_storage_client_thread: /boot/modem_fs2: clnt_h=0x2: req_h=0x19 msg_id=3: Send response: res=0 err=0
03-25 13:14:09.658 I/rmt_storage(  184): rmt_storage_client_thread: /boot/modem_fs2: clnt_h=0x2 About to block rmt_storage client thread (th_id: -1191602880) wakelock released: 1, error no: 0
03-25 13:14:09.658 I/rmt_storage(  184): 
03-25 13:14:10.018 I/System.out( 5713): Location: -2.8089892 56.34020729 | GPSNavigator running:true
03-25 13:14:10.018 I/System.out( 5713): Battery level: 99 | Time difference: -1
03-25 13:14:10.739 W/SystemClock(  511): time going backwards: prev 8090629808800(ioctl) vs now 8090629534141(ioctl), tid=667
03-25 13:14:13.021 I/System.out( 5713): Location: -2.80898921 56.34020728 | GPSNavigator running:true
03-25 13:14:13.021 I/System.out( 5713): Battery level: 99 | Time difference: -1
03-25 13:14:16.024 I/System.out( 5713): Location: -2.80898921 56.34020724 | GPSNavigator running:true
03-25 13:14:16.024 I/System.out( 5713): Battery level: 99 | Time difference: -1
03-25 13:14:19.027 I/System.out( 5713): Location: -2.80898933 56.34020721 | GPSNavigator running:true
03-25 13:14:19.027 I/System.out( 5713): Battery level: 99 | Time difference: -1
03-25 13:14:22.030 I/System.out( 5713): Location: -2.80898937 56.3402072 | GPSNavigator running:true
03-25 13:14:22.030 I/System.out( 5713): Battery level: 99 | Time difference: -1
03-25 13:14:25.033 I/System.out( 5713): Location: -2.80898935 56.34020712 | GPSNavigator running:true
03-25 13:14:25.033 I/System.out( 5713): Battery level: 99 | Time difference: -1
03-25 13:14:28.026 I/System.out( 5713): Location: -2.80898929 56.34020711 | GPSNavigator running:true
03-25 13:14:28.026 I/System.out( 5713): Battery level: 99 | Time difference: -1
03-25 13:14:31.029 I/System.out( 5713): Location: -2.80898938 56.34020713 | GPSNavigator running:true
03-25 13:14:31.029 I/System.out( 5713): Battery level: 99 | Time difference: -1
03-25 13:14:34.032 I/System.out( 5713): Location: -2.80898941 56.34020718 | GPSNavigator running:true
03-25 13:14:34.032 I/System.out( 5713): Battery level: 99 | Time difference: -1
03-25 13:14:37.035 I/System.out( 5713): Location: -2.80898948 56.34020718 | GPSNavigator running:true
03-25 13:14:37.035 I/System.out( 5713): Battery level: 99 | Time difference: -1
03-25 13:14:40.038 I/System.out( 5713): Location: -2.8089895 56.34020715 | GPSNavigator running:true
03-25 13:14:40.038 I/System.out( 5713): Battery level: 99 | Time difference: -1
03-25 13:14:43.041 I/System.out( 5713): Location: -2.8089894 56.34020707 | GPSNavigator running:true
03-25 13:14:43.041 I/System.out( 5713): Battery level: 99 | Time difference: -1
03-25 13:14:46.043 I/System.out( 5713): Location: -2.80898935 56.34020706 | GPSNavigator running:true
03-25 13:14:46.043 I/System.out( 5713): Battery level: 99 | Time difference: -1
03-25 13:14:49.046 I/System.out( 5713): Location: -2.80898937 56.3402072 | GPSNavigator running:true
03-25 13:14:49.046 I/System.out( 5713): Battery level: 99 | Time difference: -1
03-25 13:14:51.869 D/dalvikvm(  702): GC_CONCURRENT freed 385K, 7% free 9915K/10564K, paused 5ms+7ms, total 77ms
03-25 13:14:52.039 I/System.out( 5713): Location: -2.80898948 56.34020729 | GPSNavigator running:true
03-25 13:14:52.039 I/System.out( 5713): Battery level: 99 | Time difference: -1
03-25 13:14:55.042 I/System.out( 5713): Location: -2.80898957 56.34020736 | GPSNavigator running:true
03-25 13:14:55.052 I/System.out( 5713): Battery level: 99 | Time difference: -1
03-25 13:14:58.045 I/System.out( 5713): Location: -2.80898971 56.34020739 | GPSNavigator running:true
03-25 13:14:58.045 I/System.out( 5713): Battery level: 99 | Time difference: -1
03-25 13:15:01.048 I/System.out( 5713): Location: -2.80898985 56.34020739 | GPSNavigator running:true
03-25 13:15:01.048 I/System.out( 5713): Battery level: 99 | Time difference: -1
03-25 13:15:01.358 V/DigitalWidgetViewsFactory( 1143): DigitalWidget sets next alarm string to null
03-25 13:15:04.051 I/System.out( 5713): Location: -2.80899005 56.34020736 | GPSNavigator running:true
03-25 13:15:04.051 I/System.out( 5713): Battery level: 99 | Time difference: -1
03-25 13:15:07.054 I/System.out( 5713): Location: -2.80899008 56.34020732 | GPSNavigator running:true
03-25 13:15:07.054 I/System.out( 5713): Battery level: 99 | Time difference: -1
03-25 13:15:10.057 I/System.out( 5713): Location: -2.80899006 56.3402073 | GPSNavigator running:true
03-25 13:15:10.057 I/System.out( 5713): Battery level: 99 | Time difference: -1
03-25 13:15:13.060 I/System.out( 5713): Location: -2.80899 56.34020734 | GPSNavigator running:true
03-25 13:15:13.060 I/System.out( 5713): Battery level: 99 | Time difference: -1
03-25 13:15:16.063 I/System.out( 5713): Location: -2.80898994 56.34020734 | GPSNavigator running:true
03-25 13:15:16.063 I/System.out( 5713): Battery level: 99 | Time difference: -1
03-25 13:15:18.815 D/dalvikvm(  511): GC_CONCURRENT freed 1575K, 19% free 15701K/19380K, paused 8ms+5ms, total 99ms
03-25 13:15:19.056 I/System.out( 5713): Location: -2.80898994 56.34020733 | GPSNavigator running:true
03-25 13:15:19.056 I/System.out( 5713): Battery level: 99 | Time difference: -1
03-25 13:15:22.059 I/System.out( 5713): Location: -2.80898994 56.34020732 | GPSNavigator running:true
03-25 13:15:22.059 I/System.out( 5713): Battery level: 99 | Time difference: -1
03-25 13:15:25.062 I/System.out( 5713): Location: -2.80898991 56.34020733 | GPSNavigator running:true
03-25 13:15:25.062 I/System.out( 5713): Battery level: 99 | Time difference: -1
03-25 13:15:28.064 I/System.out( 5713): Location: -2.80898985 56.34020738 | GPSNavigator running:true
03-25 13:15:28.064 I/System.out( 5713): Battery level: 99 | Time difference: -1
03-25 13:15:28.745 I/System.out( 5713): Battery level end is reached
03-25 13:15:31.057 I/System.out( 5713): Location: -2.8089898 56.34020742 | GPSNavigator running:true
03-25 13:15:31.057 I/System.out( 5713): Battery level: 98 | Time difference: 300
03-25 13:15:34.070 I/System.out( 5713): Location: -2.80898982 56.34020747 | GPSNavigator running:true
03-25 13:15:34.070 I/System.out( 5713): Battery level: 98 | Time difference: 300
03-25 13:15:37.073 I/System.out( 5713): Location: -2.80898999 56.34018336 | GPSNavigator running:true
03-25 13:15:37.073 I/System.out( 5713): Battery level: 98 | Time difference: 300
03-25 13:15:40.066 I/System.out( 5713): Location: -2.80899604 56.34014112 | GPSNavigator running:true
03-25 13:15:40.066 I/System.out( 5713): Battery level: 98 | Time difference: 300
03-25 13:15:43.069 I/System.out( 5713): Location: -2.80901136 56.34009988 | GPSNavigator running:true
03-25 13:15:43.069 I/System.out( 5713): Battery level: 98 | Time difference: 300
03-25 13:15:46.072 I/System.out( 5713): Location: -2.8090578 56.34005567 | GPSNavigator running:true
03-25 13:15:46.072 I/System.out( 5713): Battery level: 98 | Time difference: 300
03-25 13:15:49.075 I/System.out( 5713): Location: -2.80908262 56.34000719 | GPSNavigator running:true
03-25 13:15:49.075 I/System.out( 5713): Battery level: 98 | Time difference: 300
03-25 13:15:52.078 I/System.out( 5713): Location: -2.80911238 56.33996779 | GPSNavigator running:true
03-25 13:15:52.078 I/System.out( 5713): Battery level: 98 | Time difference: 300
03-25 13:15:55.081 I/System.out( 5713): Location: -2.80911628 56.3399498 | GPSNavigator running:true
03-25 13:15:55.081 I/System.out( 5713): Battery level: 98 | Time difference: 300
03-25 13:15:58.084 I/System.out( 5713): Location: -2.80911011 56.33994803 | GPSNavigator running:true
03-25 13:15:58.084 I/System.out( 5713): Battery level: 98 | Time difference: 300
03-25 13:16:01.077 I/System.out( 5713): Location: -2.80910931 56.33994822 | GPSNavigator running:true
