--------- beginning of /dev/log/main
04-04 15:56:55.467 D/AndroidRuntime( 4974): 
04-04 15:56:55.467 D/AndroidRuntime( 4974): >>>>>> AndroidRuntime START com.android.internal.os.RuntimeInit <<<<<<
04-04 15:56:55.467 D/AndroidRuntime( 4974): CheckJNI is OFF
04-04 15:56:55.477 D/dalvikvm( 4974): Trying to load lib libjavacore.so 0x0
04-04 15:56:55.477 D/dalvikvm( 4974): Added shared lib libjavacore.so 0x0
04-04 15:56:55.487 D/dalvikvm( 4974): Trying to load lib libnativehelper.so 0x0
04-04 15:56:55.487 D/dalvikvm( 4974): Added shared lib libnativehelper.so 0x0
04-04 15:56:55.607 D/AndroidRuntime( 4974): Calling main entry com.android.commands.pm.Pm
--------- beginning of /dev/log/system
04-04 15:56:55.617 W/ActivityManager(  520): No content provider found for permission revoke: file:///data/local/tmp/NaiveGPSLocalization.apk
04-04 15:56:55.627 D/Finsky  ( 4408): [1] PackageVerificationReceiver.checkPrerequisites: Skipping verification because network inactive
04-04 15:56:55.627 D/Finsky  ( 4408): [1] PackageVerificationReceiver.checkPrerequisites: Skipping verification because network inactive
04-04 15:56:55.627 W/ActivityManager(  520): No content provider found for permission revoke: file:///data/local/tmp/NaiveGPSLocalization.apk
04-04 15:56:55.627 I/PackageManager(  520): Copying native libraries to /data/app-lib/vmdl-1812104358
04-04 15:56:55.637 W/PackageManager(  520): Invalid verification token 3 received
04-04 15:56:55.667 I/ActivityManager(  520): Force stopping package uk.ac.st_andrews.cs.host.mk74.naivegpslocalization appid=10101 user=-1
04-04 15:56:55.747 I/PackageManager(  520): Package uk.ac.st_andrews.cs.host.mk74.naivegpslocalization codePath changed from /data/app/uk.ac.st_andrews.cs.host.mk74.naivegpslocalization-1.apk to /data/app/uk.ac.st_andrews.cs.host.mk74.naivegpslocalization-2.apk; Retaining data and using new
04-04 15:56:55.757 I/PackageManager(  520): Running dexopt on: uk.ac.st_andrews.cs.host.mk74.naivegpslocalization
04-04 15:56:56.027 D/dalvikvm( 4995): DexOpt: load 46ms, verify+opt 172ms, 1004052 bytes
04-04 15:56:56.077 W/PackageManager(  520): Code path for pkg : uk.ac.st_andrews.cs.host.mk74.naivegpslocalization changing from /data/app/uk.ac.st_andrews.cs.host.mk74.naivegpslocalization-1.apk to /data/app/uk.ac.st_andrews.cs.host.mk74.naivegpslocalization-2.apk
04-04 15:56:56.077 I/ActivityManager(  520): Force stopping package uk.ac.st_andrews.cs.host.mk74.naivegpslocalization appid=10101 user=-1
04-04 15:56:56.077 W/PackageManager(  520): Resource path for pkg : uk.ac.st_andrews.cs.host.mk74.naivegpslocalization changing from /data/app/uk.ac.st_andrews.cs.host.mk74.naivegpslocalization-1.apk to /data/app/uk.ac.st_andrews.cs.host.mk74.naivegpslocalization-2.apk
04-04 15:56:56.217 I/ActivityManager(  520): Force stopping package uk.ac.st_andrews.cs.host.mk74.naivegpslocalization appid=10101 user=0
04-04 15:56:56.267 D/dalvikvm( 4441): GC_EXPLICIT freed 386K, 5% free 9199K/9624K, paused 1ms+3ms, total 24ms
04-04 15:56:56.297 D/dalvikvm( 4515): GC_EXPLICIT freed 275K, 4% free 9240K/9552K, paused 1ms+2ms, total 66ms
04-04 15:56:56.297 D/dalvikvm(  775): GC_EXPLICIT freed 2164K, 18% free 17706K/21444K, paused 2ms+4ms, total 68ms
04-04 15:56:56.297 I/InputReader(  520): Reconfiguring input devices.  changes=0x00000010
04-04 15:56:56.308 D/dalvikvm(  597): GC_EXPLICIT freed 233K, 73% free 13910K/51292K, paused 1ms+18ms, total 84ms
04-04 15:56:56.308 W/ActivityManager(  520): Skipping broadcast of Intent { act=android.intent.action.PACKAGE_REMOVED dat=package:uk.ac.st_andrews.cs.host.mk74.naivegpslocalization flg=0x8000010 (has extras) }: user 10 is stopped
04-04 15:56:56.318 I/InputReader(  520): Reconfiguring input devices.  changes=0x00000010
04-04 15:56:56.318 W/ActivityManager(  520): Skipping broadcast of Intent { act=android.intent.action.PACKAGE_ADDED dat=package:uk.ac.st_andrews.cs.host.mk74.naivegpslocalization flg=0x8000010 (has extras) }: user 10 is stopped
04-04 15:56:56.328 D/dalvikvm(  761): GC_CONCURRENT freed 569K, 7% free 9156K/9760K, paused 2ms+1ms, total 17ms
04-04 15:56:56.328 W/ContextImpl( 4466): Calling a method in the system process without a qualified user: android.app.ContextImpl.startService:1385 android.content.ContextWrapper.startService:473 android.content.ContextWrapper.startService:473 com.android.keychain.KeyChainBroadcastReceiver.onReceive:12 android.app.ActivityThread.handleReceiver:2424 
04-04 15:56:56.338 D/dalvikvm(  520): GC_CONCURRENT freed 1673K, 17% free 16010K/19260K, paused 3ms+5ms, total 119ms
04-04 15:56:56.338 D/dalvikvm(  520): WAIT_FOR_CONCURRENT_GC blocked 113ms
04-04 15:56:56.348 W/ActivityManager(  520): Skipping broadcast of Intent { act=android.intent.action.PACKAGE_REPLACED dat=package:uk.ac.st_andrews.cs.host.mk74.naivegpslocalization flg=0x8000010 (has extras) }: user 10 is stopped
04-04 15:56:56.348 W/ActivityManager(  520): Skipping broadcast of Intent { act=android.intent.action.MY_PACKAGE_REPLACED flg=0x8000010 pkg=uk.ac.st_andrews.cs.host.mk74.naivegpslocalization (has extras) }: user 10 is stopped
04-04 15:56:56.398 D/dalvikvm(  520): GC_EXPLICIT freed 163K, 18% free 15964K/19260K, paused 3ms+9ms, total 61ms
04-04 15:56:56.398 D/dalvikvm(  520): WAIT_FOR_CONCURRENT_GC blocked 48ms
04-04 15:56:56.448 D/dalvikvm( 1628): GC_CONCURRENT freed 1533K, 11% free 13823K/15396K, paused 1ms+2ms, total 37ms
04-04 15:56:56.478 D/dalvikvm(  520): GC_EXPLICIT freed 120K, 17% free 16022K/19260K, paused 2ms+9ms, total 76ms
04-04 15:56:56.478 D/AndroidRuntime( 4974): Shutting down VM
04-04 15:56:56.478 D/jdwp    ( 4974): Got wake-up signal, bailing out of select
04-04 15:56:56.478 D/dalvikvm( 4974): Debugger has detached; object registry had 1 entries
04-04 15:56:56.498 D/BackupManagerService(  520): Received broadcast Intent { act=android.intent.action.PACKAGE_REMOVED dat=package:uk.ac.st_andrews.cs.host.mk74.naivegpslocalization flg=0x8000010 (has extras) }
04-04 15:56:56.538 D/BackupManagerService(  520): Received broadcast Intent { act=android.intent.action.PACKAGE_ADDED dat=package:uk.ac.st_andrews.cs.host.mk74.naivegpslocalization flg=0x8000010 (has extras) }
04-04 15:56:56.538 V/BackupManagerService(  520): removePackageParticipantsLocked: uid=10101 #1
04-04 15:56:56.538 V/BackupManagerService(  520): addPackageParticipantsLocked: #1
04-04 15:56:56.608 I/Velvet.VelvetFactory( 4515): refreshing search history.
04-04 15:56:56.618 W/Sidekick_LocationOracleImpl( 4515): Best location was null
04-04 15:56:56.628 E/Velvet.VelvetBackgroundTasksImpl( 4515): Background task refresh_search_history failed
04-04 15:56:56.628 E/Velvet.VelvetBackgroundTasksImpl( 4515): java.lang.NullPointerException
04-04 15:56:56.628 E/Velvet.VelvetBackgroundTasksImpl( 4515): 	at com.google.common.base.Preconditions.checkNotNull(Preconditions.java:187)
04-04 15:56:56.628 E/Velvet.VelvetBackgroundTasksImpl( 4515): 	at com.google.android.apps.sidekick.LocationOracleImpl.getBgHandler(LocationOracleImpl.java:280)
04-04 15:56:56.628 E/Velvet.VelvetBackgroundTasksImpl( 4515): 	at com.google.android.apps.sidekick.LocationOracleImpl.requestRecentLocation(LocationOracleImpl.java:568)
04-04 15:56:56.628 E/Velvet.VelvetBackgroundTasksImpl( 4515): 	at com.google.android.searchcommon.google.complete.AndroidProxySuggestionFetcher.fetch(AndroidProxySuggestionFetcher.java:82)
04-04 15:56:56.628 E/Velvet.VelvetBackgroundTasksImpl( 4515): 	at com.google.android.searchcommon.google.complete.CompleteServerClient.query(CompleteServerClient.java:91)
04-04 15:56:56.628 E/Velvet.VelvetBackgroundTasksImpl( 4515): 	at com.google.android.searchcommon.google.AbstractGoogleWebSource.doQueryInternal(AbstractGoogleWebSource.java:61)
04-04 15:56:56.628 E/Velvet.VelvetBackgroundTasksImpl( 4515): 	at com.google.android.searchcommon.google.AbstractGoogleSource.getSuggestions(AbstractGoogleSource.java:65)
04-04 15:56:56.628 E/Velvet.VelvetBackgroundTasksImpl( 4515): 	at com.google.android.searchcommon.google.WebSuggestSourceWrapper.getSuggestions(WebSuggestSourceWrapper.java:55)
04-04 15:56:56.628 E/Velvet.VelvetBackgroundTasksImpl( 4515): 	at com.google.android.searchcommon.google.WebSuggestSourceWithLocalHistory.getSuggestions(WebSuggestSourceWithLocalHistory.java:111)
04-04 15:56:56.628 E/Velvet.VelvetBackgroundTasksImpl( 4515): 	at com.google.android.searchcommon.google.WebSuggestSourceWrapper.getSuggestions(WebSuggestSourceWrapper.java:55)
04-04 15:56:56.628 E/Velvet.VelvetBackgroundTasksImpl( 4515): 	at com.google.android.searchcommon.google.ZeroQueryCachingWebSuggestSource.getSuggestions(ZeroQueryCachingWebSuggestSource.java:105)
04-04 15:56:56.628 E/Velvet.VelvetBackgroundTasksImpl( 4515): 	at com.google.android.searchcommon.google.WebSuggestSourceWrapper.getSuggestions(WebSuggestSourceWrapper.java:55)
04-04 15:56:56.628 E/Velvet.VelvetBackgroundTasksImpl( 4515): 	at com.google.android.searchcommon.google.DeletedQueryRemovingSourceWrapper.getSuggestions(DeletedQueryRemovingSourceWrapper.java:48)
04-04 15:56:56.628 E/Velvet.VelvetBackgroundTasksImpl( 4515): 	at com.google.android.velvet.VelvetFactory$1.call(VelvetFactory.java:559)
04-04 15:56:56.628 E/Velvet.VelvetBackgroundTasksImpl( 4515): 	at com.google.android.velvet.VelvetFactory$1.call(VelvetFactory.java:555)
04-04 15:56:56.628 E/Velvet.VelvetBackgroundTasksImpl( 4515): 	at java.util.concurrent.FutureTask.run(FutureTask.java:234)
04-04 15:56:56.628 E/Velvet.VelvetBackgroundTasksImpl( 4515): 	at com.google.android.searchcommon.util.NamingTaskExecutor$1.run(NamingTaskExecutor.java:50)
04-04 15:56:56.628 E/Velvet.VelvetBackgroundTasksImpl( 4515): 	at java.util.concurrent.Executors$RunnableAdapter.call(Executors.java:390)
04-04 15:56:56.628 E/Velvet.VelvetBackgroundTasksImpl( 4515): 	at java.util.concurrent.FutureTask.run(FutureTask.java:234)
04-04 15:56:56.628 E/Velvet.VelvetBackgroundTasksImpl( 4515): 	at java.util.concurrent.ScheduledThreadPoolExecutor$ScheduledFutureTask.access$201(ScheduledThreadPoolExecutor.java:153)
04-04 15:56:56.628 E/Velvet.VelvetBackgroundTasksImpl( 4515): 	at java.util.concurrent.ScheduledThreadPoolExecutor$ScheduledFutureTask.run(ScheduledThreadPoolExecutor.java:267)
04-04 15:56:56.628 E/Velvet.VelvetBackgroundTasksImpl( 4515): 	at java.util.concurrent.ThreadPoolExecutor.runWorker(ThreadPoolExecutor.java:1080)
04-04 15:56:56.628 E/Velvet.VelvetBackgroundTasksImpl( 4515): 	at java.util.concurrent.ThreadPoolExecutor$Worker.run(ThreadPoolExecutor.java:573)
04-04 15:56:56.628 E/Velvet.VelvetBackgroundTasksImpl( 4515): 	at java.lang.Thread.run(Thread.java:841)
04-04 15:56:56.628 E/Velvet.VelvetBackgroundTasksImpl( 4515): 	at com.google.android.searchcommon.util.PriorityThreadFactory$1.run(PriorityThreadFactory.java:49)
04-04 15:56:56.638 I/GCoreUlr(  713): Ensuring that reporting is stopped because of reasons: (no Google accounts)
04-04 15:56:56.638 D/GCoreFlp(  713): Unknown pending intent to remove.
04-04 15:56:56.638 I/GCoreUlr(  713): Unbound from all location providers
04-04 15:56:57.058 D/AndroidRuntime( 5028): 
04-04 15:56:57.058 D/AndroidRuntime( 5028): >>>>>> AndroidRuntime START com.android.internal.os.RuntimeInit <<<<<<
04-04 15:56:57.058 D/AndroidRuntime( 5028): CheckJNI is OFF
04-04 15:56:57.058 D/dalvikvm( 5028): Trying to load lib libjavacore.so 0x0
04-04 15:56:57.068 D/dalvikvm( 5028): Added shared lib libjavacore.so 0x0
04-04 15:56:57.078 D/dalvikvm( 5028): Trying to load lib libnativehelper.so 0x0
04-04 15:56:57.078 D/dalvikvm( 5028): Added shared lib libnativehelper.so 0x0
04-04 15:56:57.198 D/AndroidRuntime( 5028): Calling main entry com.android.commands.am.Am
04-04 15:56:57.198 D/dalvikvm( 5028): Note: class Landroid/app/ActivityManagerNative; has 163 unimplemented (abstract) methods
04-04 15:56:57.198 I/ActivityManager(  520): START u0 {act=android.intent.action.MAIN cat=[android.intent.category.LAUNCHER] flg=0x10000000 cmp=uk.ac.st_andrews.cs.host.mk74.naivegpslocalization/.MainActivity} from pid 5028
04-04 15:56:57.298 D/dalvikvm(  520): GC_CONCURRENT freed 1010K, 14% free 16692K/19260K, paused 3ms+7ms, total 69ms
04-04 15:56:57.298 D/dalvikvm(  520): WAIT_FOR_CONCURRENT_GC blocked 62ms
04-04 15:56:57.298 D/AndroidRuntime( 5028): Shutting down VM
04-04 15:56:57.298 D/jdwp    ( 5028): Got wake-up signal, bailing out of select
04-04 15:56:57.298 D/dalvikvm( 5028): Debugger has detached; object registry had 1 entries
04-04 15:56:57.308 D/dalvikvm( 5044): Late-enabling CheckJNI
04-04 15:56:57.308 I/ActivityManager(  520): Start proc uk.ac.st_andrews.cs.host.mk74.naivegpslocalization for activity uk.ac.st_andrews.cs.host.mk74.naivegpslocalization/.MainActivity: pid=5044 uid=10101 gids={50101, 1028}
04-04 15:56:57.449 D/libEGL  ( 5044): loaded /system/lib/egl/libEGL_adreno200.so
04-04 15:56:57.449 D/libEGL  ( 5044): loaded /system/lib/egl/libGLESv1_CM_adreno200.so
04-04 15:56:57.449 D/libEGL  ( 5044): loaded /system/lib/egl/libGLESv2_adreno200.so
04-04 15:56:57.449 I/Adreno200-EGL( 5044): <qeglDrvAPI_eglInitialize:265>: EGL 1.4 QUALCOMM Build: Iabe52cfaeae4c5fab1acacfe6f056ba15fa93274
04-04 15:56:57.489 D/OpenGLRenderer( 5044): Enabling debug mode 0
04-04 15:56:57.509 D/dalvikvm( 4441): GC_CONCURRENT freed 257K, 4% free 9356K/9716K, paused 2ms+1ms, total 15ms
04-04 15:56:57.559 I/ActivityManager(  520): Displayed uk.ac.st_andrews.cs.host.mk74.naivegpslocalization/.MainActivity: +261ms
04-04 15:56:57.619 W/ActivityManager(  520): Permission denied: checkComponentPermission() owningUid=10057
04-04 15:56:57.619 W/ActivityManager(  520): Permission denied: checkComponentPermission() owningUid=10057
04-04 15:56:57.619 W/ActivityManager(  520): Permission denied: checkComponentPermission() owningUid=10057
04-04 15:56:57.619 W/ActivityManager(  520): Permission denied: checkComponentPermission() owningUid=10057
04-04 15:56:57.629 W/ActivityManager(  520): Permission denied: checkComponentPermission() owningUid=10057
04-04 15:56:57.629 W/ActivityManager(  520): Permission denied: checkComponentPermission() owningUid=10057
04-04 15:56:57.629 W/ActivityManager(  520): Permission denied: checkComponentPermission() owningUid=10057
04-04 15:56:57.629 W/ActivityManager(  520): Permission denied: checkComponentPermission() owningUid=10057
04-04 15:56:57.639 W/ActivityManager(  520): Permission denied: checkComponentPermission() owningUid=10057
04-04 15:56:57.639 W/ActivityManager(  520): Permission denied: checkComponentPermission() owningUid=10057
04-04 15:56:57.649 W/ActivityManager(  520): Permission denied: checkComponentPermission() owningUid=10057
04-04 15:56:57.649 W/ActivityManager(  520): Permission denied: checkComponentPermission() owningUid=10057
04-04 15:57:00.391 I/System.out( 5044): Location: unknown | GPSNavigator running:true
04-04 15:57:00.391 I/System.out( 5044): Battery level: 100 | Time difference: -1
04-04 15:57:00.622 D/dalvikvm(  713): GC_CONCURRENT freed 385K, 9% free 9935K/10828K, paused 5ms+3ms, total 42ms
04-04 15:57:03.384 I/System.out( 5044): Location: unknown | GPSNavigator running:true
04-04 15:57:03.384 I/System.out( 5044): Battery level: 100 | Time difference: -1
04-04 15:57:06.387 I/System.out( 5044): Location: unknown | GPSNavigator running:true
04-04 15:57:06.387 I/System.out( 5044): Battery level: 100 | Time difference: -1
04-04 15:57:09.390 I/System.out( 5044): Location: unknown | GPSNavigator running:true
04-04 15:57:09.390 I/System.out( 5044): Battery level: 100 | Time difference: -1
04-04 15:57:11.562 D/dalvikvm( 4408): GC_CONCURRENT freed 499K, 6% free 9175K/9716K, paused 3ms+5ms, total 26ms
04-04 15:57:11.662 D/dalvikvm( 4408): GC_CONCURRENT freed 110K, 3% free 9450K/9716K, paused 2ms+2ms, total 16ms
04-04 15:57:11.683 D/Finsky  ( 4408): [1] 5.onFinished: Installation state replication succeeded.
04-04 15:57:12.383 I/System.out( 5044): Location: unknown | GPSNavigator running:true
04-04 15:57:12.393 I/System.out( 5044): Battery level: 100 | Time difference: -1
04-04 15:57:15.396 I/System.out( 5044): Location: unknown | GPSNavigator running:true
04-04 15:57:15.396 I/System.out( 5044): Battery level: 100 | Time difference: -1
04-04 15:57:18.399 I/System.out( 5044): Location: unknown | GPSNavigator running:true
04-04 15:57:18.399 I/System.out( 5044): Battery level: 100 | Time difference: -1
04-04 15:57:19.630 D/dalvikvm( 5044): Debugger has detached; object registry had 1 entries
04-04 15:57:19.640 D/dalvikvm( 4864): Debugger has detached; object registry had 1 entries
04-04 15:57:19.720 D/PicasaSyncManager( 1569): battery info: false
04-04 15:57:19.740 D/PicasaUploaderSyncManager( 1819): battery info: false
04-04 15:57:19.780 D/dalvikvm( 1569): GC_CONCURRENT freed 323K, 4% free 9250K/9612K, paused 1ms+2ms, total 13ms
04-04 15:57:21.402 I/System.out( 5044): Location: unknown | GPSNavigator running:true
04-04 15:57:21.402 I/System.out( 5044): Battery level: 100 | Time difference: -1
04-04 15:57:24.405 I/System.out( 5044): Location: unknown | GPSNavigator running:true
04-04 15:57:24.405 I/System.out( 5044): Battery level: 100 | Time difference: -1
04-04 15:57:27.398 I/System.out( 5044): Location: unknown | GPSNavigator running:true
04-04 15:57:27.398 I/System.out( 5044): Battery level: 100 | Time difference: -1
04-04 15:57:30.401 I/System.out( 5044): Location: unknown | GPSNavigator running:true
04-04 15:57:30.401 I/System.out( 5044): Battery level: 100 | Time difference: -1
04-04 15:57:33.404 I/System.out( 5044): Location: unknown | GPSNavigator running:true
04-04 15:57:33.404 I/System.out( 5044): Battery level: 100 | Time difference: -1
04-04 15:57:36.407 I/System.out( 5044): Location: unknown | GPSNavigator running:true
04-04 15:57:36.407 I/System.out( 5044): Battery level: 100 | Time difference: -1
04-04 15:57:39.410 I/System.out( 5044): Location: unknown | GPSNavigator running:true
04-04 15:57:39.410 I/System.out( 5044): Battery level: 100 | Time difference: -1
04-04 15:57:42.412 I/System.out( 5044): Location: unknown | GPSNavigator running:true
04-04 15:57:42.412 I/System.out( 5044): Battery level: 100 | Time difference: -1
04-04 15:57:45.415 I/System.out( 5044): Location: unknown | GPSNavigator running:true
04-04 15:57:45.415 I/System.out( 5044): Battery level: 100 | Time difference: -1
04-04 15:57:48.408 I/System.out( 5044): Location: unknown | GPSNavigator running:true
04-04 15:57:48.408 I/System.out( 5044): Battery level: 100 | Time difference: -1
04-04 15:57:51.411 I/System.out( 5044): Location: unknown | GPSNavigator running:true
04-04 15:57:51.411 I/System.out( 5044): Battery level: 100 | Time difference: -1
04-04 15:57:54.414 I/System.out( 5044): Location: unknown | GPSNavigator running:true
04-04 15:57:54.414 I/System.out( 5044): Battery level: 100 | Time difference: -1
04-04 15:57:57.417 I/System.out( 5044): Location: unknown | GPSNavigator running:true
04-04 15:57:57.417 I/System.out( 5044): Battery level: 100 | Time difference: -1
04-04 15:58:00.420 I/System.out( 5044): Location: unknown | GPSNavigator running:true
04-04 15:58:00.420 I/System.out( 5044): Battery level: 100 | Time difference: -1
04-04 15:58:03.413 I/System.out( 5044): Location: unknown | GPSNavigator running:true
04-04 15:58:03.413 I/System.out( 5044): Battery level: 100 | Time difference: -1
04-04 15:58:06.416 I/System.out( 5044): Location: unknown | GPSNavigator running:true
04-04 15:58:06.416 I/System.out( 5044): Battery level: 100 | Time difference: -1
04-04 15:58:09.419 I/System.out( 5044): Location: unknown | GPSNavigator running:true
04-04 15:58:09.419 I/System.out( 5044): Battery level: 100 | Time difference: -1
04-04 15:58:12.422 I/System.out( 5044): Location: unknown | GPSNavigator running:true
04-04 15:58:12.422 I/System.out( 5044): Battery level: 100 | Time difference: -1
04-04 15:58:15.415 I/System.out( 5044): Location: unknown | GPSNavigator running:true
04-04 15:58:15.415 I/System.out( 5044): Battery level: 100 | Time difference: -1
04-04 15:58:18.418 I/System.out( 5044): Location: unknown | GPSNavigator running:true
04-04 15:58:18.418 I/System.out( 5044): Battery level: 100 | Time difference: -1
04-04 15:58:21.421 I/System.out( 5044): Location: unknown | GPSNavigator running:true
04-04 15:58:21.421 I/System.out( 5044): Battery level: 100 | Time difference: -1
04-04 15:58:24.423 I/System.out( 5044): Location: unknown | GPSNavigator running:true
04-04 15:58:24.423 I/System.out( 5044): Battery level: 100 | Time difference: -1
04-04 15:58:27.426 I/System.out( 5044): Location: unknown | GPSNavigator running:true
04-04 15:58:27.426 I/System.out( 5044): Battery level: 100 | Time difference: -1
04-04 15:58:30.429 I/System.out( 5044): Location: unknown | GPSNavigator running:true
04-04 15:58:30.429 I/System.out( 5044): Battery level: 100 | Time difference: -1
04-04 15:58:33.432 I/System.out( 5044): Location: unknown | GPSNavigator running:true
04-04 15:58:33.432 I/System.out( 5044): Battery level: 100 | Time difference: -1
04-04 15:58:36.435 I/System.out( 5044): Location: unknown | GPSNavigator running:true
04-04 15:58:36.435 I/System.out( 5044): Battery level: 100 | Time difference: -1
04-04 15:58:39.438 I/System.out( 5044): Location: unknown | GPSNavigator running:true
04-04 15:58:39.438 I/System.out( 5044): Battery level: 100 | Time difference: -1
04-04 15:58:42.441 I/System.out( 5044): Location: unknown | GPSNavigator running:true
04-04 15:58:42.441 I/System.out( 5044): Battery level: 100 | Time difference: -1
04-04 15:58:45.434 I/System.out( 5044): Location: unknown | GPSNavigator running:true
04-04 15:58:45.434 I/System.out( 5044): Battery level: 100 | Time difference: -1
04-04 15:58:48.437 I/System.out( 5044): Location: unknown | GPSNavigator running:true
04-04 15:58:48.437 I/System.out( 5044): Battery level: 100 | Time difference: -1
04-04 15:58:51.440 I/System.out( 5044): Location: unknown | GPSNavigator running:true
04-04 15:58:51.440 I/System.out( 5044): Battery level: 100 | Time difference: -1
04-04 15:58:54.443 I/System.out( 5044): Location: unknown | GPSNavigator running:true
04-04 15:58:54.443 I/System.out( 5044): Battery level: 100 | Time difference: -1
04-04 15:58:54.533 D/dalvikvm(  713): GC_CONCURRENT freed 368K, 7% free 10078K/10828K, paused 2ms+1ms, total 23ms
04-04 15:58:54.533 D/dalvikvm(  713): WAIT_FOR_CONCURRENT_GC blocked 13ms
04-04 15:58:54.533 D/dalvikvm(  713): WAIT_FOR_CONCURRENT_GC blocked 14ms
04-04 15:58:57.446 I/System.out( 5044): Location: unknown | GPSNavigator running:true
04-04 15:58:57.446 I/System.out( 5044): Battery level: 100 | Time difference: -1
04-04 15:59:00.449 I/System.out( 5044): Location: unknown | GPSNavigator running:true
04-04 15:59:00.449 I/System.out( 5044): Battery level: 100 | Time difference: -1
04-04 15:59:03.452 I/System.out( 5044): Location: unknown | GPSNavigator running:true
04-04 15:59:03.452 I/System.out( 5044): Battery level: 100 | Time difference: -1
04-04 15:59:03.472 D/dalvikvm(  713): GC_CONCURRENT freed 528K, 8% free 10061K/10828K, paused 5ms+2ms, total 49ms
04-04 15:59:03.482 D/dalvikvm(  713): WAIT_FOR_CONCURRENT_GC blocked 30ms
04-04 15:59:03.482 D/dalvikvm(  713): WAIT_FOR_CONCURRENT_GC blocked 32ms
04-04 15:59:06.454 I/System.out( 5044): Location: unknown | GPSNavigator running:true
04-04 15:59:06.454 I/System.out( 5044): Battery level: 100 | Time difference: -1
04-04 15:59:09.457 I/System.out( 5044): Location: unknown | GPSNavigator running:true
04-04 15:59:09.457 I/System.out( 5044): Battery level: 100 | Time difference: -1
04-04 15:59:12.450 I/System.out( 5044): Location: unknown | GPSNavigator running:true
04-04 15:59:12.450 I/System.out( 5044): Battery level: 100 | Time difference: -1
04-04 15:59:15.463 I/System.out( 5044): Location: unknown | GPSNavigator running:true
04-04 15:59:15.463 I/System.out( 5044): Battery level: 100 | Time difference: -1
04-04 15:59:18.456 I/System.out( 5044): Location: unknown | GPSNavigator running:true
04-04 15:59:18.456 I/System.out( 5044): Battery level: 100 | Time difference: -1
04-04 15:59:21.459 I/System.out( 5044): Location: unknown | GPSNavigator running:true
04-04 15:59:21.459 I/System.out( 5044): Battery level: 100 | Time difference: -1
04-04 15:59:24.462 I/System.out( 5044): Location: unknown | GPSNavigator running:true
04-04 15:59:24.462 I/System.out( 5044): Battery level: 100 | Time difference: -1
04-04 15:59:27.455 I/System.out( 5044): Location: unknown | GPSNavigator running:true
04-04 15:59:27.455 I/System.out( 5044): Battery level: 100 | Time difference: -1
04-04 15:59:30.458 I/System.out( 5044): Location: unknown | GPSNavigator running:true
04-04 15:59:30.458 I/System.out( 5044): Battery level: 100 | Time difference: -1
04-04 15:59:33.461 I/System.out( 5044): Location: unknown | GPSNavigator running:true
04-04 15:59:33.461 I/System.out( 5044): Battery level: 100 | Time difference: -1
04-04 15:59:36.454 I/System.out( 5044): Location: unknown | GPSNavigator running:true
04-04 15:59:36.454 I/System.out( 5044): Battery level: 100 | Time difference: -1
04-04 15:59:39.467 I/System.out( 5044): Location: unknown | GPSNavigator running:true
04-04 15:59:39.467 I/System.out( 5044): Battery level: 100 | Time difference: -1
04-04 15:59:42.460 I/System.out( 5044): Location: unknown | GPSNavigator running:true
04-04 15:59:42.460 I/System.out( 5044): Battery level: 100 | Time difference: -1
04-04 15:59:45.463 I/System.out( 5044): Location: unknown | GPSNavigator running:true
04-04 15:59:45.463 I/System.out( 5044): Battery level: 100 | Time difference: -1
04-04 15:59:48.465 I/System.out( 5044): Location: unknown | GPSNavigator running:true
04-04 15:59:48.465 I/System.out( 5044): Battery level: 100 | Time difference: -1
04-04 15:59:51.458 I/System.out( 5044): Location: unknown | GPSNavigator running:true
04-04 15:59:51.458 I/System.out( 5044): Battery level: 100 | Time difference: -1
04-04 15:59:54.471 I/System.out( 5044): Location: unknown | GPSNavigator running:true
04-04 15:59:54.471 I/System.out( 5044): Battery level: 100 | Time difference: -1
04-04 15:59:57.474 I/System.out( 5044): Location: unknown | GPSNavigator running:true
04-04 15:59:57.474 I/System.out( 5044): Battery level: 100 | Time difference: -1
04-04 16:00:00.477 I/System.out( 5044): Location: unknown | GPSNavigator running:true
04-04 16:00:00.477 I/System.out( 5044): Battery level: 100 | Time difference: -1
04-04 16:00:01.078 V/DigitalWidgetViewsFactory( 1074): DigitalWidget sets next alarm string to null
04-04 16:00:03.470 I/System.out( 5044): Location: unknown | GPSNavigator running:true
04-04 16:00:03.470 I/System.out( 5044): Battery level: 100 | Time difference: -1
04-04 16:00:06.473 I/System.out( 5044): Location: unknown | GPSNavigator running:true
04-04 16:00:06.473 I/System.out( 5044): Battery level: 100 | Time difference: -1
04-04 16:00:09.466 I/System.out( 5044): Location: unknown | GPSNavigator running:true
04-04 16:00:09.466 I/System.out( 5044): Battery level: 100 | Time difference: -1
04-04 16:00:10.657 D/dalvikvm(  713): GC_CONCURRENT freed 536K, 9% free 9909K/10828K, paused 5ms+2ms, total 61ms
04-04 16:00:12.479 I/System.out( 5044): Location: unknown | GPSNavigator running:true
04-04 16:00:12.479 I/System.out( 5044): Battery level: 100 | Time difference: -1
04-04 16:00:15.482 I/System.out( 5044): Location: unknown | GPSNavigator running:true
04-04 16:00:15.482 I/System.out( 5044): Battery level: 100 | Time difference: -1
04-04 16:00:18.485 I/System.out( 5044): Location: unknown | GPSNavigator running:true
04-04 16:00:18.485 I/System.out( 5044): Battery level: 100 | Time difference: -1
04-04 16:00:21.488 I/System.out( 5044): Location: unknown | GPSNavigator running:true
04-04 16:00:21.488 I/System.out( 5044): Battery level: 100 | Time difference: -1
04-04 16:00:24.481 I/System.out( 5044): Location: unknown | GPSNavigator running:true
04-04 16:00:24.491 I/System.out( 5044): Battery level: 100 | Time difference: -1
04-04 16:00:27.484 I/System.out( 5044): Location: -2.80916838 56.33996197 | GPSNavigator running:true
04-04 16:00:27.484 I/System.out( 5044): Battery level: 100 | Time difference: -1
04-04 16:00:30.486 I/System.out( 5044): Location: -2.8090382 56.33997367 | GPSNavigator running:true
04-04 16:00:30.486 I/System.out( 5044): Battery level: 100 | Time difference: -1
04-04 16:00:33.489 I/System.out( 5044): Location: -2.8090353 56.33994284 | GPSNavigator running:true
04-04 16:00:33.489 I/System.out( 5044): Battery level: 100 | Time difference: -1
04-04 16:00:36.492 I/System.out( 5044): Location: -2.80906131 56.33990873 | GPSNavigator running:true
04-04 16:00:36.492 I/System.out( 5044): Battery level: 100 | Time difference: -1
04-04 16:00:39.495 I/System.out( 5044): Location: -2.80904721 56.33988549 | GPSNavigator running:true
04-04 16:00:39.495 I/System.out( 5044): Battery level: 100 | Time difference: -1
04-04 16:00:42.498 I/System.out( 5044): Location: -2.80907177 56.33991105 | GPSNavigator running:true
04-04 16:00:42.498 I/System.out( 5044): Battery level: 100 | Time difference: -1
04-04 16:00:45.501 I/System.out( 5044): Location: -2.80910043 56.33993482 | GPSNavigator running:true
04-04 16:00:45.501 I/System.out( 5044): Battery level: 100 | Time difference: -1
04-04 16:00:48.504 I/System.out( 5044): Location: -2.80909091 56.33992836 | GPSNavigator running:true
04-04 16:00:48.504 I/System.out( 5044): Battery level: 100 | Time difference: -1
04-04 16:00:51.507 I/System.out( 5044): Location: -2.80910075 56.33992708 | GPSNavigator running:true
04-04 16:00:51.507 I/System.out( 5044): Battery level: 100 | Time difference: -1
04-04 16:00:54.500 I/System.out( 5044): Location: -2.80909815 56.33993794 | GPSNavigator running:true
04-04 16:00:54.500 I/System.out( 5044): Battery level: 100 | Time difference: -1
04-04 16:00:57.503 I/System.out( 5044): Location: -2.80909552 56.33994348 | GPSNavigator running:true
04-04 16:00:57.503 I/System.out( 5044): Battery level: 100 | Time difference: -1
04-04 16:01:00.506 I/System.out( 5044): Location: -2.80908473 56.33993107 | GPSNavigator running:true
04-04 16:01:00.506 I/System.out( 5044): Battery level: 100 | Time difference: -1
04-04 16:01:00.886 D/dalvikvm( 5044): GC_CONCURRENT freed 200K, 3% free 9049K/9288K, paused 2ms+2ms, total 36ms
04-04 16:01:03.509 I/System.out( 5044): Location: -2.80910285 56.33993872 | GPSNavigator running:true
04-04 16:01:03.509 I/System.out( 5044): Battery level: 100 | Time difference: -1
04-04 16:01:06.512 I/System.out( 5044): Location: -2.80910531 56.33995076 | GPSNavigator running:true
04-04 16:01:06.512 I/System.out( 5044): Battery level: 100 | Time difference: -1
04-04 16:01:09.515 I/System.out( 5044): Location: -2.80909358 56.3399362 | GPSNavigator running:true
04-04 16:01:09.515 I/System.out( 5044): Battery level: 100 | Time difference: -1
04-04 16:01:12.507 I/System.out( 5044): Location: -2.80908915 56.33993235 | GPSNavigator running:true
04-04 16:01:12.507 I/System.out( 5044): Battery level: 100 | Time difference: -1
04-04 16:01:15.520 I/System.out( 5044): Location: -2.80910831 56.33994794 | GPSNavigator running:true
04-04 16:01:15.520 I/System.out( 5044): Battery level: 100 | Time difference: -1
04-04 16:01:18.523 I/System.out( 5044): Location: -2.8091162 56.33996188 | GPSNavigator running:true
04-04 16:01:18.523 I/System.out( 5044): Battery level: 100 | Time difference: -1
04-04 16:01:21.526 I/System.out( 5044): Location: -2.80908536 56.33995306 | GPSNavigator running:true
04-04 16:01:21.526 I/System.out( 5044): Battery level: 100 | Time difference: -1
04-04 16:01:24.519 I/System.out( 5044): Location: -2.80908917 56.33996673 | GPSNavigator running:true
04-04 16:01:24.519 I/System.out( 5044): Battery level: 100 | Time difference: -1
04-04 16:01:27.522 I/System.out( 5044): Location: -2.80911126 56.33997698 | GPSNavigator running:true
04-04 16:01:27.522 I/System.out( 5044): Battery level: 100 | Time difference: -1
04-04 16:01:30.525 I/System.out( 5044): Location: -2.80909989 56.33997142 | GPSNavigator running:true
04-04 16:01:30.525 I/System.out( 5044): Battery level: 100 | Time difference: -1
04-04 16:01:31.936 D/dalvikvm(  713): GC_CONCURRENT freed 364K, 9% free 9932K/10828K, paused 4ms+2ms, total 62ms
04-04 16:01:33.528 I/System.out( 5044): Location: -2.80908125 56.33996952 | GPSNavigator running:true
04-04 16:01:33.528 I/System.out( 5044): Battery level: 100 | Time difference: -1
04-04 16:01:36.531 I/System.out( 5044): Location: -2.80910477 56.33996798 | GPSNavigator running:true
04-04 16:01:36.531 I/System.out( 5044): Battery level: 100 | Time difference: -1
04-04 16:01:39.534 I/System.out( 5044): Location: -2.80911602 56.33997028 | GPSNavigator running:true
04-04 16:01:39.534 I/System.out( 5044): Battery level: 100 | Time difference: -1
04-04 16:01:42.537 I/System.out( 5044): Location: -2.80911735 56.33997518 | GPSNavigator running:true
04-04 16:01:42.537 I/System.out( 5044): Battery level: 100 | Time difference: -1
04-04 16:01:45.540 I/System.out( 5044): Location: -2.80909653 56.33996704 | GPSNavigator running:true
04-04 16:01:45.540 I/System.out( 5044): Battery level: 100 | Time difference: -1
04-04 16:01:48.543 I/System.out( 5044): Location: -2.80907764 56.33994618 | GPSNavigator running:true
04-04 16:01:48.543 I/System.out( 5044): Battery level: 100 | Time difference: -1
04-04 16:01:49.984 D/dalvikvm(  520): GC_CONCURRENT freed 2446K, 17% free 16083K/19256K, paused 8ms+6ms, total 98ms
04-04 16:01:51.536 I/System.out( 5044): Location: -2.80906453 56.33991964 | GPSNavigator running:true
04-04 16:01:51.536 I/System.out( 5044): Battery level: 100 | Time difference: -1
04-04 16:01:54.538 I/System.out( 5044): Location: -2.8090466 56.33989593 | GPSNavigator running:true
04-04 16:01:54.538 I/System.out( 5044): Battery level: 100 | Time difference: -1
04-04 16:01:57.541 I/System.out( 5044): Location: -2.8090806 56.33990914 | GPSNavigator running:true
04-04 16:01:57.541 I/System.out( 5044): Battery level: 100 | Time difference: -1
04-04 16:02:00.544 I/System.out( 5044): Location: -2.80911997 56.33994487 | GPSNavigator running:true
04-04 16:02:00.544 I/System.out( 5044): Battery level: 100 | Time difference: -1
04-04 16:02:03.547 I/System.out( 5044): Location: -2.80914013 56.33997539 | GPSNavigator running:true
04-04 16:02:03.547 I/System.out( 5044): Battery level: 100 | Time difference: -1
04-04 16:02:06.550 I/System.out( 5044): Location: -2.80911726 56.33999188 | GPSNavigator running:true
04-04 16:02:06.550 I/System.out( 5044): Battery level: 100 | Time difference: -1
04-04 16:02:08.162 I/rmt_storage(  185): rmt_storage_rw_iovec_cb: /boot/modem_fs2: clnt_h=0x2: req_h=0x15 msg_id=3: R/W request received
04-04 16:02:08.162 I/rmt_storage(  185): wakelock acquired: 1, error no: 110
04-04 16:02:08.172 I/rmt_storage(  185): rmt_storage_client_thread: /boot/modem_fs2: clnt_h=0x2 Unblock worker thread (th_id: -1202649792)
04-04 16:02:08.202 I/rmt_storage(  185): rmt_storage_client_thread: /boot/modem_fs2: clnt_h=0x2: req_h=0x15 msg_id=3: Bytes written = 261632
04-04 16:02:08.202 I/rmt_storage(  185): rmt_storage_client_thread: /boot/modem_fs2: clnt_h=0x2: req_h=0x15 msg_id=3: Bytes written = 512
04-04 16:02:08.202 I/rmt_storage(  185): rmt_storage_client_thread: /boot/modem_fs2: clnt_h=0x2: req_h=0x15 msg_id=3: Send response: res=0 err=0
04-04 16:02:08.202 I/rmt_storage(  185): rmt_storage_client_thread: /boot/modem_fs2: clnt_h=0x2 About to block rmt_storage client thread (th_id: -1202649792) wakelock released: 1, error no: 0
04-04 16:02:08.202 I/rmt_storage(  185): 
04-04 16:02:09.553 I/System.out( 5044): Location: -2.80911572 56.33997733 | GPSNavigator running:true
04-04 16:02:09.553 I/System.out( 5044): Battery level: 100 | Time difference: -1
04-04 16:02:12.556 I/System.out( 5044): Location: -2.80911595 56.33997377 | GPSNavigator running:true
04-04 16:02:12.556 I/System.out( 5044): Battery level: 100 | Time difference: -1
04-04 16:02:15.549 I/System.out( 5044): Location: -2.80911547 56.33997333 | GPSNavigator running:true
04-04 16:02:15.549 I/System.out( 5044): Battery level: 100 | Time difference: -1
04-04 16:02:18.552 I/System.out( 5044): Location: -2.80911532 56.33997335 | GPSNavigator running:true
04-04 16:02:18.552 I/System.out( 5044): Battery level: 100 | Time difference: -1
04-04 16:02:21.555 I/System.out( 5044): Location: -2.80911544 56.33997334 | GPSNavigator running:true
04-04 16:02:21.555 I/System.out( 5044): Battery level: 100 | Time difference: -1
04-04 16:02:24.558 I/System.out( 5044): Location: -2.80911612 56.33997311 | GPSNavigator running:true
04-04 16:02:24.558 I/System.out( 5044): Battery level: 100 | Time difference: -1
04-04 16:02:27.561 I/System.out( 5044): Location: -2.80911659 56.33997293 | GPSNavigator running:true
04-04 16:02:27.561 I/System.out( 5044): Battery level: 100 | Time difference: -1
04-04 16:02:30.564 I/System.out( 5044): Location: -2.80911731 56.33997286 | GPSNavigator running:true
04-04 16:02:30.564 I/System.out( 5044): Battery level: 100 | Time difference: -1
04-04 16:02:33.567 I/System.out( 5044): Location: -2.80911773 56.33997282 | GPSNavigator running:true
04-04 16:02:33.567 I/System.out( 5044): Battery level: 100 | Time difference: -1
04-04 16:02:36.569 I/System.out( 5044): Location: -2.80911785 56.33997278 | GPSNavigator running:true
04-04 16:02:36.569 I/System.out( 5044): Battery level: 100 | Time difference: -1
04-04 16:02:39.572 I/System.out( 5044): Location: -2.80911786 56.33997268 | GPSNavigator running:true
04-04 16:02:39.572 I/System.out( 5044): Battery level: 100 | Time difference: -1
04-04 16:02:42.575 I/System.out( 5044): Location: -2.80911789 56.33997266 | GPSNavigator running:true
04-04 16:02:42.575 I/System.out( 5044): Battery level: 100 | Time difference: -1
04-04 16:02:44.908 D/dalvikvm(  713): GC_CONCURRENT freed 383K, 9% free 9933K/10828K, paused 5ms+2ms, total 44ms
04-04 16:02:45.568 I/System.out( 5044): Location: -2.80911793 56.33997265 | GPSNavigator running:true
04-04 16:02:45.568 I/System.out( 5044): Battery level: 100 | Time difference: -1
04-04 16:02:48.571 I/System.out( 5044): Location: -2.80911797 56.33997265 | GPSNavigator running:true
04-04 16:02:48.571 I/System.out( 5044): Battery level: 100 | Time difference: -1
04-04 16:02:51.574 I/System.out( 5044): Location: -2.80911799 56.33997265 | GPSNavigator running:true
04-04 16:02:51.574 I/System.out( 5044): Battery level: 100 | Time difference: -1
04-04 16:02:54.577 I/System.out( 5044): Location: -2.80911801 56.33997264 | GPSNavigator running:true
04-04 16:02:54.577 I/System.out( 5044): Battery level: 100 | Time difference: -1
04-04 16:02:57.580 I/System.out( 5044): Location: -2.80911802 56.33997264 | GPSNavigator running:true
04-04 16:02:57.580 I/System.out( 5044): Battery level: 100 | Time difference: -1
04-04 16:03:00.583 I/System.out( 5044): Location: -2.80912137 56.33997105 | GPSNavigator running:true
04-04 16:03:00.583 I/System.out( 5044): Battery level: 100 | Time difference: -1
04-04 16:03:03.576 I/System.out( 5044): Location: -2.80914783 56.3399605 | GPSNavigator running:true
04-04 16:03:03.576 I/System.out( 5044): Battery level: 100 | Time difference: -1
04-04 16:03:03.656 D/dalvikvm(  713): GC_CONCURRENT freed 405K, 8% free 10039K/10828K, paused 3ms+2ms, total 24ms
04-04 16:03:03.656 D/dalvikvm(  713): WAIT_FOR_CONCURRENT_GC blocked 11ms
04-04 16:03:06.589 I/System.out( 5044): Location: -2.80918428 56.3399325 | GPSNavigator running:true
04-04 16:03:06.589 I/System.out( 5044): Battery level: 100 | Time difference: -1
04-04 16:03:09.592 I/System.out( 5044): Location: -2.80919756 56.33991712 | GPSNavigator running:true
04-04 16:03:09.592 I/System.out( 5044): Battery level: 100 | Time difference: -1
04-04 16:03:12.555 D/dalvikvm(  713): GC_CONCURRENT freed 525K, 8% free 10025K/10828K, paused 2ms+2ms, total 24ms
04-04 16:03:12.555 D/dalvikvm(  713): WAIT_FOR_CONCURRENT_GC blocked 8ms
04-04 16:03:12.585 I/System.out( 5044): Location: -2.80922148 56.33989986 | GPSNavigator running:true
04-04 16:03:12.585 I/System.out( 5044): Battery level: 100 | Time difference: -1
04-04 16:03:15.588 I/System.out( 5044): Location: -2.80924015 56.33988504 | GPSNavigator running:true
04-04 16:03:15.588 I/System.out( 5044): Battery level: 100 | Time difference: -1
04-04 16:03:18.590 I/System.out( 5044): Location: -2.80924879 56.33988061 | GPSNavigator running:true
04-04 16:03:18.590 I/System.out( 5044): Battery level: 100 | Time difference: -1
04-04 16:03:21.453 D/dalvikvm(  713): GC_CONCURRENT freed 471K, 8% free 10066K/10828K, paused 12ms+3ms, total 40ms
04-04 16:03:21.453 D/dalvikvm(  713): WAIT_FOR_CONCURRENT_GC blocked 12ms
04-04 16:03:21.593 I/System.out( 5044): Location: -2.80925809 56.33987824 | GPSNavigator running:true
04-04 16:03:21.593 I/System.out( 5044): Battery level: 100 | Time difference: -1
04-04 16:03:24.596 I/System.out( 5044): Location: -2.80925996 56.3398776 | GPSNavigator running:true
04-04 16:03:24.596 I/System.out( 5044): Battery level: 100 | Time difference: -1
04-04 16:03:27.599 I/System.out( 5044): Location: -2.80926014 56.33987721 | GPSNavigator running:true
04-04 16:03:27.599 I/System.out( 5044): Battery level: 100 | Time difference: -1
04-04 16:03:30.372 D/dalvikvm(  713): GC_CONCURRENT freed 539K, 8% free 10039K/10828K, paused 6ms+3ms, total 57ms
04-04 16:03:30.372 D/dalvikvm(  713): WAIT_FOR_CONCURRENT_GC blocked 15ms
04-04 16:03:30.382 D/dalvikvm(  713): WAIT_FOR_CONCURRENT_GC blocked 20ms
04-04 16:03:30.602 I/System.out( 5044): Location: -2.80926086 56.33987708 | GPSNavigator running:true
04-04 16:03:30.602 I/System.out( 5044): Battery level: 100 | Time difference: -1
04-04 16:03:33.595 I/System.out( 5044): Location: -2.80926114 56.33987665 | GPSNavigator running:true
04-04 16:03:33.595 I/System.out( 5044): Battery level: 100 | Time difference: -1
04-04 16:03:36.047 D/dalvikvm(  713): GC_CONCURRENT freed 502K, 9% free 9922K/10828K, paused 6ms+2ms, total 62ms
04-04 16:03:36.598 I/System.out( 5044): Location: -2.80926123 56.33987625 | GPSNavigator running:true
04-04 16:03:36.598 I/System.out( 5044): Battery level: 100 | Time difference: -1
04-04 16:03:39.291 D/dalvikvm(  713): GC_CONCURRENT freed 384K, 8% free 10049K/10828K, paused 2ms+2ms, total 26ms
04-04 16:03:39.291 D/dalvikvm(  713): WAIT_FOR_CONCURRENT_GC blocked 14ms
04-04 16:03:39.601 I/System.out( 5044): Location: -2.80926206 56.33987562 | GPSNavigator running:true
04-04 16:03:39.601 I/System.out( 5044): Battery level: 100 | Time difference: -1
04-04 16:03:42.604 I/System.out( 5044): Location: -2.80926235 56.3398754 | GPSNavigator running:true
04-04 16:03:42.604 I/System.out( 5044): Battery level: 100 | Time difference: -1
04-04 16:03:45.607 I/System.out( 5044): Location: -2.80926265 56.33987521 | GPSNavigator running:true
04-04 16:03:45.607 I/System.out( 5044): Battery level: 100 | Time difference: -1
04-04 16:03:48.600 I/System.out( 5044): Location: -2.80926324 56.33987487 | GPSNavigator running:true
04-04 16:03:48.610 I/System.out( 5044): Battery level: 100 | Time difference: -1
04-04 16:03:51.613 I/System.out( 5044): Location: -2.8092638 56.33987468 | GPSNavigator running:true
04-04 16:03:51.613 I/System.out( 5044): Battery level: 100 | Time difference: -1
04-04 16:03:54.606 I/System.out( 5044): Location: -2.80926407 56.33987459 | GPSNavigator running:true
04-04 16:03:54.606 I/System.out( 5044): Battery level: 100 | Time difference: -1
04-04 16:03:57.609 I/System.out( 5044): Location: -2.80926449 56.33987453 | GPSNavigator running:true
04-04 16:03:57.609 I/System.out( 5044): Battery level: 100 | Time difference: -1
04-04 16:04:00.611 I/System.out( 5044): Location: -2.80926448 56.33987455 | GPSNavigator running:true
04-04 16:04:00.611 I/System.out( 5044): Battery level: 100 | Time difference: -1
04-04 16:04:03.614 I/System.out( 5044): Location: -2.8092647 56.33987458 | GPSNavigator running:true
04-04 16:04:03.614 I/System.out( 5044): Battery level: 100 | Time difference: -1
04-04 16:04:06.617 I/System.out( 5044): Location: -2.80926454 56.33987463 | GPSNavigator running:true
04-04 16:04:06.617 I/System.out( 5044): Battery level: 100 | Time difference: -1
04-04 16:04:09.620 I/System.out( 5044): Location: -2.80926429 56.3398747 | GPSNavigator running:true
04-04 16:04:09.620 I/System.out( 5044): Battery level: 100 | Time difference: -1
04-04 16:04:12.623 I/System.out( 5044): Location: -2.80926393 56.3398748 | GPSNavigator running:true
04-04 16:04:12.623 I/System.out( 5044): Battery level: 100 | Time difference: -1
04-04 16:04:15.626 I/System.out( 5044): Location: -2.80926274 56.33987485 | GPSNavigator running:true
04-04 16:04:15.626 I/System.out( 5044): Battery level: 100 | Time difference: -1
04-04 16:04:18.629 I/System.out( 5044): Location: -2.80923651 56.33988955 | GPSNavigator running:true
04-04 16:04:18.629 I/System.out( 5044): Battery level: 100 | Time difference: -1
04-04 16:04:21.632 I/System.out( 5044): Location: -2.80919192 56.33990738 | GPSNavigator running:true
04-04 16:04:21.632 I/System.out( 5044): Battery level: 100 | Time difference: -1
04-04 16:04:24.625 I/System.out( 5044): Location: -2.80912928 56.33992237 | GPSNavigator running:true
04-04 16:04:24.625 I/System.out( 5044): Battery level: 100 | Time difference: -1
04-04 16:04:27.628 I/System.out( 5044): Location: -2.80908342 56.33991867 | GPSNavigator running:true
04-04 16:04:27.628 I/System.out( 5044): Battery level: 100 | Time difference: -1
04-04 16:04:30.631 I/System.out( 5044): Location: -2.80905953 56.33990345 | GPSNavigator running:true
04-04 16:04:30.631 I/System.out( 5044): Battery level: 100 | Time difference: -1
04-04 16:04:33.634 I/System.out( 5044): Location: -2.8090738 56.33991725 | GPSNavigator running:true
04-04 16:04:33.634 I/System.out( 5044): Battery level: 100 | Time difference: -1
04-04 16:04:36.637 I/System.out( 5044): Location: -2.80907484 56.33992964 | GPSNavigator running:true
04-04 16:04:36.637 I/System.out( 5044): Battery level: 100 | Time difference: -1
04-04 16:04:39.640 I/System.out( 5044): Location: -2.80905891 56.33990795 | GPSNavigator running:true
04-04 16:04:39.640 I/System.out( 5044): Battery level: 100 | Time difference: -1
04-04 16:04:42.642 I/System.out( 5044): Location: -2.80904137 56.33987984 | GPSNavigator running:true
04-04 16:04:42.642 I/System.out( 5044): Battery level: 100 | Time difference: -1
04-04 16:04:45.645 I/System.out( 5044): Location: -2.80904465 56.33986698 | GPSNavigator running:true
04-04 16:04:45.645 I/System.out( 5044): Battery level: 100 | Time difference: -1
04-04 16:04:46.957 D/dalvikvm(  713): GC_CONCURRENT freed 500K, 9% free 9935K/10828K, paused 4ms+7ms, total 76ms
04-04 16:04:48.638 I/System.out( 5044): Location: -2.80906995 56.33989354 | GPSNavigator running:true
04-04 16:04:48.638 I/System.out( 5044): Battery level: 100 | Time difference: -1
04-04 16:04:51.651 I/System.out( 5044): Location: -2.80907842 56.33992763 | GPSNavigator running:true
04-04 16:04:51.651 I/System.out( 5044): Battery level: 100 | Time difference: -1
04-04 16:04:54.644 I/System.out( 5044): Location: -2.80903816 56.33995184 | GPSNavigator running:true
04-04 16:04:54.644 I/System.out( 5044): Battery level: 100 | Time difference: -1
04-04 16:04:57.647 I/System.out( 5044): Location: -2.80899305 56.33996833 | GPSNavigator running:true
04-04 16:04:57.647 I/System.out( 5044): Battery level: 100 | Time difference: -1
04-04 16:05:00.650 I/System.out( 5044): Location: -2.80904101 56.33995034 | GPSNavigator running:true
04-04 16:05:00.650 I/System.out( 5044): Battery level: 100 | Time difference: -1
04-04 16:05:03.653 I/System.out( 5044): Location: -2.80908832 56.3399323 | GPSNavigator running:true
04-04 16:05:03.653 I/System.out( 5044): Battery level: 100 | Time difference: -1
04-04 16:05:06.656 I/System.out( 5044): Location: -2.80910215 56.33993037 | GPSNavigator running:true
04-04 16:05:06.656 I/System.out( 5044): Battery level: 100 | Time difference: -1
04-04 16:05:09.649 I/System.out( 5044): Location: -2.80905829 56.33994544 | GPSNavigator running:true
04-04 16:05:09.659 I/System.out( 5044): Battery level: 100 | Time difference: -1
04-04 16:05:12.662 I/System.out( 5044): Location: -2.8090091 56.3399619 | GPSNavigator running:true
04-04 16:05:12.662 I/System.out( 5044): Battery level: 100 | Time difference: -1
04-04 16:05:15.655 I/System.out( 5044): Location: -2.8090285 56.33995489 | GPSNavigator running:true
04-04 16:05:15.655 I/System.out( 5044): Battery level: 100 | Time difference: -1
04-04 16:05:18.658 I/System.out( 5044): Location: -2.80907373 56.33994664 | GPSNavigator running:true
04-04 16:05:18.658 I/System.out( 5044): Battery level: 100 | Time difference: -1
04-04 16:05:21.661 I/System.out( 5044): Location: -2.80907989 56.33994504 | GPSNavigator running:true
04-04 16:05:21.661 I/System.out( 5044): Battery level: 100 | Time difference: -1
04-04 16:05:24.663 I/System.out( 5044): Location: -2.80904853 56.3399581 | GPSNavigator running:true
04-04 16:05:24.663 I/System.out( 5044): Battery level: 100 | Time difference: -1
04-04 16:05:27.666 I/System.out( 5044): Location: -2.80899678 56.3399698 | GPSNavigator running:true
04-04 16:05:27.666 I/System.out( 5044): Battery level: 100 | Time difference: -1
04-04 16:05:29.979 D/dalvikvm(  520): GC_CONCURRENT freed 1857K, 15% free 15911K/18704K, paused 8ms+4ms, total 124ms
04-04 16:05:30.669 I/System.out( 5044): Location: -2.80894754 56.33998145 | GPSNavigator running:true
04-04 16:05:30.669 I/System.out( 5044): Battery level: 100 | Time difference: -1
04-04 16:05:30.729 D/dalvikvm( 5044): GC_CONCURRENT freed 345K, 5% free 9092K/9476K, paused 1ms+16ms, total 66ms
04-04 16:05:33.672 I/System.out( 5044): Location: -2.80896583 56.33998358 | GPSNavigator running:true
04-04 16:05:33.672 I/System.out( 5044): Battery level: 100 | Time difference: -1
04-04 16:05:36.675 I/System.out( 5044): Location: -2.80901666 56.33996333 | GPSNavigator running:true
04-04 16:05:36.675 I/System.out( 5044): Battery level: 100 | Time difference: -1
04-04 16:05:39.678 I/System.out( 5044): Location: -2.80906385 56.33994816 | GPSNavigator running:true
04-04 16:05:39.678 I/System.out( 5044): Battery level: 100 | Time difference: -1
