--------- beginning of /dev/log/main
03-25 12:27:55.051 D/AndroidRuntime( 4602): 
03-25 12:27:55.051 D/AndroidRuntime( 4602): >>>>>> AndroidRuntime START com.android.internal.os.RuntimeInit <<<<<<
03-25 12:27:55.051 D/AndroidRuntime( 4602): CheckJNI is OFF
03-25 12:27:55.061 D/dalvikvm( 4602): Trying to load lib libjavacore.so 0x0
03-25 12:27:55.061 D/dalvikvm( 4602): Added shared lib libjavacore.so 0x0
03-25 12:27:55.071 D/dalvikvm( 4602): Trying to load lib libnativehelper.so 0x0
03-25 12:27:55.071 D/dalvikvm( 4602): Added shared lib libnativehelper.so 0x0
03-25 12:27:55.191 D/AndroidRuntime( 4602): Calling main entry com.android.commands.pm.Pm
03-25 12:27:55.191 D/AndroidRuntime( 4602): Shutting down VM
03-25 12:27:55.191 D/dalvikvm( 4602): Debugger has detached; object registry had 1 entries
03-25 12:27:55.712 D/AndroidRuntime( 4617): 
03-25 12:27:55.712 D/AndroidRuntime( 4617): >>>>>> AndroidRuntime START com.android.internal.os.RuntimeInit <<<<<<
03-25 12:27:55.712 D/AndroidRuntime( 4617): CheckJNI is OFF
03-25 12:27:55.722 D/dalvikvm( 4617): Trying to load lib libjavacore.so 0x0
03-25 12:27:55.722 D/dalvikvm( 4617): Added shared lib libjavacore.so 0x0
03-25 12:27:55.732 D/dalvikvm( 4617): Trying to load lib libnativehelper.so 0x0
03-25 12:27:55.732 D/dalvikvm( 4617): Added shared lib libnativehelper.so 0x0
03-25 12:27:55.852 D/AndroidRuntime( 4617): Calling main entry com.android.commands.am.Am
03-25 12:27:55.852 D/dalvikvm( 4617): Note: class Landroid/app/ActivityManagerNative; has 163 unimplemented (abstract) methods
--------- beginning of /dev/log/system
03-25 12:27:55.862 I/ActivityManager(  511): START u0 {act=android.intent.action.MAIN cat=[android.intent.category.LAUNCHER] flg=0x10000000 cmp=uk.ac.st_andrews.cs.host.mk74.locy/.MainActivity} from pid 4617
03-25 12:27:55.942 D/dalvikvm(  511): GC_FOR_ALLOC freed 605K, 19% free 16267K/19932K, paused 59ms, total 60ms
03-25 12:27:56.002 D/dalvikvm(  511): GC_FOR_ALLOC freed 1118K, 22% free 15708K/19932K, paused 53ms, total 53ms
03-25 12:27:56.022 D/AndroidRuntime( 4617): Shutting down VM
03-25 12:27:56.022 D/jdwp    ( 4617): Got wake-up signal, bailing out of select
03-25 12:27:56.022 D/dalvikvm( 4617): Debugger has detached; object registry had 1 entries
03-25 12:27:56.032 D/dalvikvm( 4636): Late-enabling CheckJNI
03-25 12:27:56.032 I/ActivityManager(  511): Start proc uk.ac.st_andrews.cs.host.mk74.locy for activity uk.ac.st_andrews.cs.host.mk74.locy/.MainActivity: pid=4636 uid=10100 gids={50100, 1028}
03-25 12:27:56.172 D/libEGL  ( 4636): loaded /system/lib/egl/libEGL_adreno200.so
03-25 12:27:56.182 D/libEGL  ( 4636): loaded /system/lib/egl/libGLESv1_CM_adreno200.so
03-25 12:27:56.182 D/libEGL  ( 4636): loaded /system/lib/egl/libGLESv2_adreno200.so
03-25 12:27:56.182 I/Adreno200-EGL( 4636): <qeglDrvAPI_eglInitialize:265>: EGL 1.4 QUALCOMM Build: Iabe52cfaeae4c5fab1acacfe6f056ba15fa93274
03-25 12:27:56.222 D/OpenGLRenderer( 4636): Enabling debug mode 0
03-25 12:27:56.272 I/ActivityManager(  511): Displayed uk.ac.st_andrews.cs.host.mk74.locy/.MainActivity: +253ms
03-25 12:27:59.135 I/System.out( 4636): Location: 0.0 0.0 | GPSNavigator running:true
03-25 12:27:59.135 I/System.out( 4636): Battery level: 100 | Time difference: -1
03-25 12:28:02.138 I/System.out( 4636): Location: 0.0 0.0 | GPSNavigator running:true
03-25 12:28:02.138 I/System.out( 4636): Battery level: 100 | Time difference: -1
03-25 12:28:05.141 I/System.out( 4636): Location: 0.0 0.0 | GPSNavigator running:false
03-25 12:28:05.141 I/System.out( 4636): Battery level: 100 | Time difference: -1
03-25 12:28:08.144 I/System.out( 4636): Location: 0.0 0.0 | GPSNavigator running:false
03-25 12:28:08.144 I/System.out( 4636): Battery level: 100 | Time difference: -1
03-25 12:28:11.147 I/System.out( 4636): Location: 0.0 0.0 | GPSNavigator running:false
03-25 12:28:11.147 I/System.out( 4636): Battery level: 100 | Time difference: -1
03-25 12:28:11.157 D/dalvikvm( 4636): Debugger has detached; object registry had 1 entries
03-25 12:28:11.247 D/PicasaSyncManager( 3154): battery info: false
03-25 12:28:11.257 D/PicasaUploaderSyncManager( 3177): battery info: false
03-25 12:28:12.388 I/InputReader(  511): Reconfiguring input devices.  changes=0x00000004
03-25 12:28:12.388 I/ActivityManager(  511): Config changes=1480 {1.0 234mcc?mnc en_US ldltr sw600dp w960dp h527dp 320dpi lrg land finger -keyb/v/h -nav/h s.13}
03-25 12:28:12.398 I/InputReader(  511): Device reconfigured: id=6, name='elan-touchscreen', size 1200x1920, orientation 3, mode 1, display id 0
03-25 12:28:12.398 I/InputReader(  511): Reconfiguring input devices.  changes=0x00000004
03-25 12:28:12.398 I/InputReader(  511): Device reconfigured: id=6, name='elan-touchscreen', size 1200x1920, orientation 3, mode 1, display id 0
03-25 12:28:12.478 D/audio_hw_primary(  179): adev_set_parameters: enter: rotation=270
03-25 12:28:12.478 D/audio_hw_primary(  179): adev_set_parameters: exit with code(0)
03-25 12:28:12.508 D/dalvikvm( 4636): GC_CONCURRENT freed 161K, 3% free 9124K/9324K, paused 2ms+3ms, total 19ms
03-25 12:28:12.518 D/PhoneStatusBar(  588): mSettingsPanelGravity = 8388661
03-25 12:28:12.558 D/dalvikvm(  588): GC_CONCURRENT freed 1001K, 22% free 14164K/18104K, paused 2ms+4ms, total 21ms
03-25 12:28:12.568 I/WindowManager(  511): Screen frozen for +224ms due to Window{422872c8 u0 uk.ac.st_andrews.cs.host.mk74.locy/uk.ac.st_andrews.cs.host.mk74.locy.MainActivity}
03-25 12:28:13.589 I/InputReader(  511): Reconfiguring input devices.  changes=0x00000004
03-25 12:28:13.589 I/InputReader(  511): Device reconfigured: id=6, name='elan-touchscreen', size 1200x1920, orientation 0, mode 1, display id 0
03-25 12:28:13.589 I/ActivityManager(  511): Config changes=1480 {1.0 234mcc?mnc en_US ldltr sw600dp w600dp h887dp 320dpi lrg port finger -keyb/v/h -nav/h s.14}
03-25 12:28:13.659 D/audio_hw_primary(  179): adev_set_parameters: enter: rotation=0
03-25 12:28:13.659 D/audio_hw_primary(  179): adev_set_parameters: exit with code(0)
03-25 12:28:13.669 D/PhoneStatusBar(  588): mSettingsPanelGravity = 8388661
03-25 12:28:13.769 I/WindowManager(  511): Screen frozen for +235ms due to Window{4237d1f8 u0 uk.ac.st_andrews.cs.host.mk74.locy/uk.ac.st_andrews.cs.host.mk74.locy.MainActivity}
03-25 12:28:14.140 I/System.out( 4636): Location: 0.0 0.0 | GPSNavigator running:false
03-25 12:28:14.140 I/System.out( 4636): Battery level: 100 | Time difference: -1
03-25 12:28:15.501 I/System.out( 4636): Location: 0.0 0.0 | GPSNavigator running:true
03-25 12:28:15.501 I/System.out( 4636): Battery level: 100 | Time difference: -1
03-25 12:28:15.901 D/dalvikvm(  511): GC_EXPLICIT freed 851K, 22% free 15730K/19932K, paused 6ms+6ms, total 122ms
03-25 12:28:16.712 I/System.out( 4636): Location: 0.0 0.0 | GPSNavigator running:true
03-25 12:28:16.712 I/System.out( 4636): Battery level: 100 | Time difference: -1
03-25 12:28:17.143 I/System.out( 4636): Location: 0.0 0.0 | GPSNavigator running:false
03-25 12:28:17.143 I/System.out( 4636): Battery level: 100 | Time difference: -1
03-25 12:28:18.494 I/System.out( 4636): Location: 0.0 0.0 | GPSNavigator running:true
03-25 12:28:18.494 I/System.out( 4636): Battery level: 100 | Time difference: -1
03-25 12:28:19.705 I/System.out( 4636): Location: 0.0 0.0 | GPSNavigator running:true
03-25 12:28:19.705 I/System.out( 4636): Battery level: 100 | Time difference: -1
03-25 12:28:20.135 I/System.out( 4636): Location: 0.0 0.0 | GPSNavigator running:false
03-25 12:28:20.135 I/System.out( 4636): Battery level: 100 | Time difference: -1
03-25 12:28:20.266 D/dalvikvm( 4636): GC_CONCURRENT freed 222K, 3% free 9288K/9548K, paused 6ms+2ms, total 70ms
03-25 12:28:21.497 I/System.out( 4636): Location: 0.0 0.0 | GPSNavigator running:true
03-25 12:28:21.497 I/System.out( 4636): Battery level: 100 | Time difference: -1
03-25 12:28:22.708 I/System.out( 4636): Location: 0.0 0.0 | GPSNavigator running:true
03-25 12:28:22.708 I/System.out( 4636): Battery level: 100 | Time difference: -1
03-25 12:28:23.138 I/System.out( 4636): Location: 0.0 0.0 | GPSNavigator running:true
03-25 12:28:23.138 I/System.out( 4636): Battery level: 100 | Time difference: -1
03-25 12:28:24.510 I/System.out( 4636): Location: 0.0 0.0 | GPSNavigator running:true
03-25 12:28:24.510 I/System.out( 4636): Battery level: 100 | Time difference: -1
03-25 12:28:25.731 I/System.out( 4636): Location: 0.0 0.0 | GPSNavigator running:true
03-25 12:28:25.731 I/System.out( 4636): Battery level: 100 | Time difference: -1
03-25 12:28:26.151 I/System.out( 4636): Location: 0.0 0.0 | GPSNavigator running:true
03-25 12:28:26.151 I/System.out( 4636): Battery level: 100 | Time difference: -1
03-25 12:28:27.503 I/System.out( 4636): Location: 0.0 0.0 | GPSNavigator running:true
03-25 12:28:27.513 I/System.out( 4636): Battery level: 100 | Time difference: -1
03-25 12:28:28.714 I/System.out( 4636): Location: 0.0 0.0 | GPSNavigator running:true
03-25 12:28:28.714 I/System.out( 4636): Battery level: 100 | Time difference: -1
03-25 12:28:29.144 I/System.out( 4636): Location: 0.0 0.0 | GPSNavigator running:true
03-25 12:28:29.144 I/System.out( 4636): Battery level: 100 | Time difference: -1
03-25 12:28:30.506 I/System.out( 4636): Location: 0.0 0.0 | GPSNavigator running:true
03-25 12:28:30.506 I/System.out( 4636): Battery level: 100 | Time difference: -1
03-25 12:28:31.717 I/System.out( 4636): Location: 0.0 0.0 | GPSNavigator running:true
03-25 12:28:31.717 I/System.out( 4636): Battery level: 100 | Time difference: -1
03-25 12:28:32.147 I/System.out( 4636): Location: 0.0 0.0 | GPSNavigator running:true
03-25 12:28:32.147 I/System.out( 4636): Battery level: 100 | Time difference: -1
03-25 12:28:33.509 I/System.out( 4636): Location: 0.0 0.0 | GPSNavigator running:true
03-25 12:28:33.509 I/System.out( 4636): Battery level: 100 | Time difference: -1
03-25 12:28:34.720 I/System.out( 4636): Location: 0.0 0.0 | GPSNavigator running:true
03-25 12:28:34.720 I/System.out( 4636): Battery level: 100 | Time difference: -1
03-25 12:28:35.150 I/System.out( 4636): Location: 0.0 0.0 | GPSNavigator running:true
03-25 12:28:35.150 I/System.out( 4636): Battery level: 100 | Time difference: -1
03-25 12:28:36.511 I/System.out( 4636): Location: 0.0 0.0 | GPSNavigator running:true
03-25 12:28:36.511 I/System.out( 4636): Battery level: 100 | Time difference: -1
03-25 12:28:37.723 I/System.out( 4636): Location: 0.0 0.0 | GPSNavigator running:true
03-25 12:28:37.723 I/System.out( 4636): Battery level: 100 | Time difference: -1
03-25 12:28:38.153 I/System.out( 4636): Location: 0.0 0.0 | GPSNavigator running:true
03-25 12:28:38.153 I/System.out( 4636): Battery level: 100 | Time difference: -1
03-25 12:28:39.504 I/System.out( 4636): Location: 0.0 0.0 | GPSNavigator running:true
03-25 12:28:39.504 I/System.out( 4636): Battery level: 100 | Time difference: -1
03-25 12:28:40.726 I/System.out( 4636): Location: -2.80896221 56.33997805 | GPSNavigator running:true
03-25 12:28:40.726 I/System.out( 4636): Battery level: 100 | Time difference: -1
03-25 12:28:41.156 I/System.out( 4636): Location: -2.80896221 56.33997805 | GPSNavigator running:true
03-25 12:28:41.156 I/System.out( 4636): Battery level: 100 | Time difference: -1
03-25 12:28:42.507 I/System.out( 4636): Location: -2.80936412 56.34002021 | GPSNavigator running:true
03-25 12:28:42.507 I/System.out( 4636): Battery level: 100 | Time difference: -1
03-25 12:28:43.719 I/System.out( 4636): Location: -2.80905504 56.34005079 | GPSNavigator running:true
03-25 12:28:43.719 I/System.out( 4636): Battery level: 100 | Time difference: -1
03-25 12:28:44.159 I/System.out( 4636): Location: -2.80905504 56.34005079 | GPSNavigator running:true
03-25 12:28:44.159 I/System.out( 4636): Battery level: 100 | Time difference: -1
03-25 12:28:45.510 I/System.out( 4636): Location: -2.80908689 56.3401045 | GPSNavigator running:true
03-25 12:28:45.510 I/System.out( 4636): Battery level: 100 | Time difference: -1
03-25 12:28:46.721 I/System.out( 4636): Location: -2.80907311 56.34021706 | GPSNavigator running:true
03-25 12:28:46.721 I/System.out( 4636): Battery level: 100 | Time difference: -1
03-25 12:28:47.162 I/System.out( 4636): Location: -2.80907311 56.34021706 | GPSNavigator running:true
03-25 12:28:47.162 I/System.out( 4636): Battery level: 100 | Time difference: -1
03-25 12:28:48.273 D/dalvikvm( 4636): GC_CONCURRENT freed 414K, 5% free 9260K/9712K, paused 3ms+11ms, total 64ms
03-25 12:28:48.513 I/System.out( 4636): Location: -2.80909951 56.34013975 | GPSNavigator running:true
03-25 12:28:48.513 I/System.out( 4636): Battery level: 100 | Time difference: -1
03-25 12:28:49.714 I/System.out( 4636): Location: -2.80909592 56.34011702 | GPSNavigator running:true
03-25 12:28:49.724 I/System.out( 4636): Battery level: 100 | Time difference: -1
03-25 12:28:50.155 I/System.out( 4636): Location: -2.80909366 56.34012516 | GPSNavigator running:true
03-25 12:28:50.155 I/System.out( 4636): Battery level: 100 | Time difference: -1
03-25 12:28:51.506 I/System.out( 4636): Location: -2.80909338 56.34013752 | GPSNavigator running:true
03-25 12:28:51.506 I/System.out( 4636): Battery level: 100 | Time difference: -1
03-25 12:28:52.717 I/System.out( 4636): Location: -2.80909364 56.34015053 | GPSNavigator running:true
03-25 12:28:52.717 I/System.out( 4636): Battery level: 100 | Time difference: -1
03-25 12:28:53.158 I/System.out( 4636): Location: -2.8090913 56.34016481 | GPSNavigator running:true
03-25 12:28:53.158 I/System.out( 4636): Battery level: 100 | Time difference: -1
03-25 12:28:54.519 I/System.out( 4636): Location: -2.80908494 56.34017989 | GPSNavigator running:true
03-25 12:28:54.519 I/System.out( 4636): Battery level: 100 | Time difference: -1
03-25 12:28:55.720 I/System.out( 4636): Location: -2.80907807 56.34019421 | GPSNavigator running:true
03-25 12:28:55.720 I/System.out( 4636): Battery level: 100 | Time difference: -1
03-25 12:28:56.161 I/System.out( 4636): Location: -2.80907249 56.34020818 | GPSNavigator running:true
03-25 12:28:56.161 I/System.out( 4636): Battery level: 100 | Time difference: -1
03-25 12:28:57.522 I/System.out( 4636): Location: -2.80906866 56.34022245 | GPSNavigator running:true
03-25 12:28:57.522 I/System.out( 4636): Battery level: 100 | Time difference: -1
03-25 12:28:58.723 I/System.out( 4636): Location: -2.80906494 56.34023613 | GPSNavigator running:true
03-25 12:28:58.723 I/System.out( 4636): Battery level: 100 | Time difference: -1
03-25 12:28:59.164 I/System.out( 4636): Location: -2.80905951 56.34024947 | GPSNavigator running:true
03-25 12:28:59.164 I/System.out( 4636): Battery level: 100 | Time difference: -1
03-25 12:29:00.515 I/System.out( 4636): Location: -2.80905416 56.3402613 | GPSNavigator running:true
03-25 12:29:00.515 I/System.out( 4636): Battery level: 100 | Time difference: -1
03-25 12:29:01.726 I/System.out( 4636): Location: -2.80904918 56.34026994 | GPSNavigator running:true
03-25 12:29:01.726 I/System.out( 4636): Battery level: 100 | Time difference: -1
03-25 12:29:02.156 I/System.out( 4636): Location: -2.80905501 56.34026322 | GPSNavigator running:true
03-25 12:29:02.156 I/System.out( 4636): Battery level: 100 | Time difference: -1
03-25 12:29:03.518 I/System.out( 4636): Location: -2.80905839 56.34025986 | GPSNavigator running:true
03-25 12:29:03.518 I/System.out( 4636): Battery level: 100 | Time difference: -1
03-25 12:29:04.719 I/System.out( 4636): Location: -2.80906108 56.34025731 | GPSNavigator running:true
03-25 12:29:04.729 I/System.out( 4636): Battery level: 100 | Time difference: -1
03-25 12:29:05.159 I/System.out( 4636): Location: -2.80906466 56.34025473 | GPSNavigator running:true
03-25 12:29:05.159 I/System.out( 4636): Battery level: 100 | Time difference: -1
03-25 12:29:06.521 I/System.out( 4636): Location: -2.80906862 56.34025268 | GPSNavigator running:true
03-25 12:29:06.521 I/System.out( 4636): Battery level: 100 | Time difference: -1
03-25 12:29:07.732 I/System.out( 4636): Location: -2.80907139 56.34024988 | GPSNavigator running:true
03-25 12:29:07.732 I/System.out( 4636): Battery level: 100 | Time difference: -1
03-25 12:29:07.802 D/dalvikvm( 4636): GC_CONCURRENT freed 391K, 5% free 9255K/9712K, paused 2ms+1ms, total 23ms
03-25 12:29:08.162 I/System.out( 4636): Location: -2.80907343 56.3402473 | GPSNavigator running:true
03-25 12:29:08.162 I/System.out( 4636): Battery level: 100 | Time difference: -1
03-25 12:29:09.524 I/System.out( 4636): Location: -2.80907505 56.34024453 | GPSNavigator running:true
03-25 12:29:09.524 I/System.out( 4636): Battery level: 100 | Time difference: -1
03-25 12:29:10.725 I/System.out( 4636): Location: -2.8090762 56.34024154 | GPSNavigator running:false
03-25 12:29:10.725 I/System.out( 4636): Battery level: 100 | Time difference: -1
03-25 12:29:11.165 I/System.out( 4636): Location: -2.80907505 56.34024453 | GPSNavigator running:false
03-25 12:29:11.165 I/System.out( 4636): Battery level: 100 | Time difference: -1
03-25 12:29:12.527 I/System.out( 4636): Location: -2.80907505 56.34024453 | GPSNavigator running:false
03-25 12:29:12.527 I/System.out( 4636): Battery level: 100 | Time difference: -1
03-25 12:29:13.237 I/System.out( 4636): Battery level start is reached
03-25 12:29:13.237 I/System.out( 4636): Battery level start is reached
03-25 12:29:13.247 I/System.out( 4636): Battery level start is reached
03-25 12:29:13.728 I/System.out( 4636): Location: -2.8090762 56.34024154 | GPSNavigator running:false
03-25 12:29:13.728 I/System.out( 4636): Battery level: 99 | Time difference: -1
03-25 12:29:14.168 I/System.out( 4636): Location: -2.80907505 56.34024453 | GPSNavigator running:false
03-25 12:29:14.168 I/System.out( 4636): Battery level: 99 | Time difference: -1
03-25 12:29:15.530 I/System.out( 4636): Location: -2.80907505 56.34024453 | GPSNavigator running:false
03-25 12:29:15.530 I/System.out( 4636): Battery level: 99 | Time difference: -1
03-25 12:29:16.731 I/System.out( 4636): Location: -2.8090762 56.34024154 | GPSNavigator running:false
03-25 12:29:16.731 I/System.out( 4636): Battery level: 99 | Time difference: -1
03-25 12:29:17.171 I/System.out( 4636): Location: -2.80907505 56.34024453 | GPSNavigator running:false
03-25 12:29:17.171 I/System.out( 4636): Battery level: 99 | Time difference: -1
03-25 12:29:18.532 I/System.out( 4636): Location: -2.80907505 56.34024453 | GPSNavigator running:false
03-25 12:29:18.532 I/System.out( 4636): Battery level: 99 | Time difference: -1
03-25 12:29:19.724 I/System.out( 4636): Location: -2.8090762 56.34024154 | GPSNavigator running:false
03-25 12:29:19.724 I/System.out( 4636): Battery level: 99 | Time difference: -1
03-25 12:29:20.164 I/System.out( 4636): Location: -2.80907505 56.34024453 | GPSNavigator running:false
03-25 12:29:20.164 I/System.out( 4636): Battery level: 99 | Time difference: -1
03-25 12:29:21.515 I/System.out( 4636): Location: -2.80907505 56.34024453 | GPSNavigator running:false
03-25 12:29:21.525 I/System.out( 4636): Battery level: 99 | Time difference: -1
03-25 12:29:22.727 I/System.out( 4636): Location: -2.8090762 56.34024154 | GPSNavigator running:false
03-25 12:29:22.727 I/System.out( 4636): Battery level: 99 | Time difference: -1
03-25 12:29:23.167 I/System.out( 4636): Location: -2.80907505 56.34024453 | GPSNavigator running:false
03-25 12:29:23.167 I/System.out( 4636): Battery level: 99 | Time difference: -1
03-25 12:29:24.528 I/System.out( 4636): Location: -2.80907505 56.34024453 | GPSNavigator running:false
03-25 12:29:24.528 I/System.out( 4636): Battery level: 99 | Time difference: -1
03-25 12:29:25.729 I/System.out( 4636): Location: -2.8090762 56.34024154 | GPSNavigator running:false
03-25 12:29:25.729 I/System.out( 4636): Battery level: 99 | Time difference: -1
03-25 12:29:26.170 I/System.out( 4636): Location: -2.80907505 56.34024453 | GPSNavigator running:false
03-25 12:29:26.170 I/System.out( 4636): Battery level: 99 | Time difference: -1
03-25 12:29:27.531 I/System.out( 4636): Location: -2.80907505 56.34024453 | GPSNavigator running:false
03-25 12:29:27.531 I/System.out( 4636): Battery level: 99 | Time difference: -1
03-25 12:29:28.732 I/System.out( 4636): Location: -2.8090762 56.34024154 | GPSNavigator running:false
03-25 12:29:28.732 I/System.out( 4636): Battery level: 99 | Time difference: -1
03-25 12:29:29.173 I/System.out( 4636): Location: -2.80907505 56.34024453 | GPSNavigator running:false
03-25 12:29:29.173 I/System.out( 4636): Battery level: 99 | Time difference: -1
03-25 12:29:30.534 I/System.out( 4636): Location: -2.80907505 56.34024453 | GPSNavigator running:false
03-25 12:29:30.534 I/System.out( 4636): Battery level: 99 | Time difference: -1
03-25 12:29:31.735 I/System.out( 4636): Location: -2.8090762 56.34024154 | GPSNavigator running:false
03-25 12:29:31.735 I/System.out( 4636): Battery level: 99 | Time difference: -1
03-25 12:29:32.176 I/System.out( 4636): Location: -2.80907505 56.34024453 | GPSNavigator running:false
03-25 12:29:32.176 I/System.out( 4636): Battery level: 99 | Time difference: -1
03-25 12:29:33.537 I/System.out( 4636): Location: -2.80907505 56.34024453 | GPSNavigator running:false
03-25 12:29:33.537 I/System.out( 4636): Battery level: 99 | Time difference: -1
03-25 12:29:34.728 I/System.out( 4636): Location: -2.8090762 56.34024154 | GPSNavigator running:false
03-25 12:29:34.728 I/System.out( 4636): Battery level: 99 | Time difference: -1
03-25 12:29:35.179 I/System.out( 4636): Location: -2.80907505 56.34024453 | GPSNavigator running:false
03-25 12:29:35.179 I/System.out( 4636): Battery level: 99 | Time difference: -1
03-25 12:29:36.000 D/dalvikvm( 4636): GC_CONCURRENT freed 356K, 5% free 9287K/9696K, paused 6ms+3ms, total 70ms
03-25 12:29:36.530 I/System.out( 4636): Location: -2.80907505 56.34024453 | GPSNavigator running:false
03-25 12:29:36.530 I/System.out( 4636): Battery level: 99 | Time difference: -1
03-25 12:29:37.071 I/EventLogService(  793): Aggregate from 1395748776897 (log), 1395748776897 (data)
03-25 12:29:37.111 I/ServiceDumpSys(  793): dumping service [account]
03-25 12:29:37.731 I/System.out( 4636): Location: -2.8090762 56.34024154 | GPSNavigator running:false
03-25 12:29:37.731 I/System.out( 4636): Battery level: 99 | Time difference: -1
03-25 12:29:38.172 I/System.out( 4636): Location: -2.80907505 56.34024453 | GPSNavigator running:false
03-25 12:29:38.182 I/System.out( 4636): Battery level: 99 | Time difference: -1
03-25 12:29:39.523 I/System.out( 4636): Location: -2.80907505 56.34024453 | GPSNavigator running:false
03-25 12:29:39.533 I/System.out( 4636): Battery level: 99 | Time difference: -1
03-25 12:29:40.734 I/System.out( 4636): Location: -2.8090762 56.34024154 | GPSNavigator running:false
03-25 12:29:40.734 I/System.out( 4636): Battery level: 99 | Time difference: -1
03-25 12:29:41.165 I/System.out( 4636): Location: -2.80907505 56.34024453 | GPSNavigator running:false
03-25 12:29:41.175 I/System.out( 4636): Battery level: 99 | Time difference: -1
03-25 12:29:42.536 I/System.out( 4636): Location: -2.80907505 56.34024453 | GPSNavigator running:false
03-25 12:29:42.536 I/System.out( 4636): Battery level: 99 | Time difference: -1
03-25 12:29:43.737 I/System.out( 4636): Location: -2.8090762 56.34024154 | GPSNavigator running:false
03-25 12:29:43.737 I/System.out( 4636): Battery level: 99 | Time difference: -1
03-25 12:29:44.177 I/System.out( 4636): Location: -2.80907505 56.34024453 | GPSNavigator running:false
03-25 12:29:44.177 I/System.out( 4636): Battery level: 99 | Time difference: -1
03-25 12:29:45.539 I/System.out( 4636): Location: -2.80907505 56.34024453 | GPSNavigator running:false
03-25 12:29:45.539 I/System.out( 4636): Battery level: 99 | Time difference: -1
03-25 12:29:46.740 I/System.out( 4636): Location: -2.8090762 56.34024154 | GPSNavigator running:false
03-25 12:29:46.740 I/System.out( 4636): Battery level: 99 | Time difference: -1
03-25 12:29:47.180 I/System.out( 4636): Location: -2.80907505 56.34024453 | GPSNavigator running:false
03-25 12:29:47.180 I/System.out( 4636): Battery level: 99 | Time difference: -1
03-25 12:29:48.542 I/System.out( 4636): Location: -2.80907505 56.34024453 | GPSNavigator running:false
03-25 12:29:48.542 I/System.out( 4636): Battery level: 99 | Time difference: -1
03-25 12:29:49.743 I/System.out( 4636): Location: -2.8090762 56.34024154 | GPSNavigator running:false
03-25 12:29:49.743 I/System.out( 4636): Battery level: 99 | Time difference: -1
03-25 12:29:50.173 I/System.out( 4636): Location: -2.80907505 56.34024453 | GPSNavigator running:false
03-25 12:29:50.173 I/System.out( 4636): Battery level: 99 | Time difference: -1
03-25 12:29:51.535 I/System.out( 4636): Location: -2.80907505 56.34024453 | GPSNavigator running:false
03-25 12:29:51.535 I/System.out( 4636): Battery level: 99 | Time difference: -1
03-25 12:29:52.736 I/System.out( 4636): Location: -2.8090762 56.34024154 | GPSNavigator running:false
03-25 12:29:52.736 I/System.out( 4636): Battery level: 99 | Time difference: -1
03-25 12:29:53.176 I/System.out( 4636): Location: -2.80907505 56.34024453 | GPSNavigator running:false
03-25 12:29:53.176 I/System.out( 4636): Battery level: 99 | Time difference: -1
03-25 12:29:54.538 I/System.out( 4636): Location: -2.80907505 56.34024453 | GPSNavigator running:false
03-25 12:29:54.538 I/System.out( 4636): Battery level: 99 | Time difference: -1
03-25 12:29:55.739 I/System.out( 4636): Location: -2.8090762 56.34024154 | GPSNavigator running:false
03-25 12:29:55.749 I/System.out( 4636): Battery level: 99 | Time difference: -1
03-25 12:29:56.179 I/System.out( 4636): Location: -2.80907505 56.34024453 | GPSNavigator running:false
03-25 12:29:56.179 I/System.out( 4636): Battery level: 99 | Time difference: -1
03-25 12:29:56.760 D/dalvikvm( 4636): GC_CONCURRENT freed 409K, 5% free 9266K/9716K, paused 6ms+1ms, total 73ms
03-25 12:29:57.541 I/System.out( 4636): Location: -2.80907505 56.34024453 | GPSNavigator running:false
03-25 12:29:57.541 I/System.out( 4636): Battery level: 99 | Time difference: -1
03-25 12:29:58.742 I/System.out( 4636): Location: -2.8090762 56.34024154 | GPSNavigator running:false
03-25 12:29:58.742 I/System.out( 4636): Battery level: 99 | Time difference: -1
03-25 12:29:59.182 I/System.out( 4636): Location: -2.80907505 56.34024453 | GPSNavigator running:false
03-25 12:29:59.192 I/System.out( 4636): Battery level: 99 | Time difference: -1
03-25 12:30:00.533 I/System.out( 4636): Location: -2.80907505 56.34024453 | GPSNavigator running:false
03-25 12:30:00.533 I/System.out( 4636): Battery level: 99 | Time difference: -1
03-25 12:30:01.284 V/DigitalWidgetViewsFactory( 1143): DigitalWidget sets next alarm string to null
03-25 12:30:01.745 I/System.out( 4636): Location: -2.8090762 56.34024154 | GPSNavigator running:false
03-25 12:30:01.745 I/System.out( 4636): Battery level: 99 | Time difference: -1
03-25 12:30:02.185 I/System.out( 4636): Location: -2.80907505 56.34024453 | GPSNavigator running:false
03-25 12:30:02.185 I/System.out( 4636): Battery level: 99 | Time difference: -1
03-25 12:30:03.546 I/System.out( 4636): Location: -2.80907505 56.34024453 | GPSNavigator running:false
03-25 12:30:03.546 I/System.out( 4636): Battery level: 99 | Time difference: -1
03-25 12:30:04.748 I/System.out( 4636): Location: -2.8090762 56.34024154 | GPSNavigator running:false
03-25 12:30:04.748 I/System.out( 4636): Battery level: 99 | Time difference: -1
03-25 12:30:05.188 I/System.out( 4636): Location: -2.80907505 56.34024453 | GPSNavigator running:false
03-25 12:30:05.188 I/System.out( 4636): Battery level: 99 | Time difference: -1
03-25 12:30:06.539 I/System.out( 4636): Location: -2.80907505 56.34024453 | GPSNavigator running:false
03-25 12:30:06.549 I/System.out( 4636): Battery level: 99 | Time difference: -1
03-25 12:30:07.750 I/System.out( 4636): Location: -2.8090762 56.34024154 | GPSNavigator running:false
03-25 12:30:07.750 I/System.out( 4636): Battery level: 99 | Time difference: -1
03-25 12:30:08.191 I/System.out( 4636): Location: -2.80907505 56.34024453 | GPSNavigator running:false
03-25 12:30:08.191 I/System.out( 4636): Battery level: 99 | Time difference: -1
03-25 12:30:09.542 I/System.out( 4636): Location: -2.80907505 56.34024453 | GPSNavigator running:false
03-25 12:30:09.542 I/System.out( 4636): Battery level: 99 | Time difference: -1
03-25 12:30:10.743 I/System.out( 4636): Location: -2.8090762 56.34024154 | GPSNavigator running:false
03-25 12:30:10.743 I/System.out( 4636): Battery level: 99 | Time difference: -1
03-25 12:30:11.184 I/System.out( 4636): Location: -2.80907505 56.34024453 | GPSNavigator running:false
03-25 12:30:11.184 I/System.out( 4636): Battery level: 99 | Time difference: -1
03-25 12:30:12.545 I/System.out( 4636): Location: -2.80907505 56.34024453 | GPSNavigator running:false
03-25 12:30:12.545 I/System.out( 4636): Battery level: 99 | Time difference: -1
03-25 12:30:13.746 I/System.out( 4636): Location: -2.8090762 56.34024154 | GPSNavigator running:false
03-25 12:30:13.746 I/System.out( 4636): Battery level: 99 | Time difference: -1
03-25 12:30:14.187 I/System.out( 4636): Location: -2.80907505 56.34024453 | GPSNavigator running:false
03-25 12:30:14.187 I/System.out( 4636): Battery level: 99 | Time difference: -1
03-25 12:30:15.548 I/System.out( 4636): Location: -2.80907505 56.34024453 | GPSNavigator running:false
03-25 12:30:15.548 I/System.out( 4636): Battery level: 99 | Time difference: -1
03-25 12:30:16.749 I/System.out( 4636): Location: -2.8090762 56.34024154 | GPSNavigator running:false
03-25 12:30:16.749 I/System.out( 4636): Battery level: 99 | Time difference: -1
03-25 12:30:17.190 I/System.out( 4636): Location: -2.80907505 56.34024453 | GPSNavigator running:false
03-25 12:30:17.190 I/System.out( 4636): Battery level: 99 | Time difference: -1
03-25 12:30:18.551 I/System.out( 4636): Location: -2.80907505 56.34024453 | GPSNavigator running:false
03-25 12:30:18.551 I/System.out( 4636): Battery level: 99 | Time difference: -1
03-25 12:30:19.752 I/System.out( 4636): Location: -2.8090762 56.34024154 | GPSNavigator running:false
03-25 12:30:19.752 I/System.out( 4636): Battery level: 99 | Time difference: -1
03-25 12:30:20.193 I/System.out( 4636): Location: -2.80907505 56.34024453 | GPSNavigator running:false
03-25 12:30:20.193 I/System.out( 4636): Battery level: 99 | Time difference: -1
03-25 12:30:21.554 I/System.out( 4636): Location: -2.80907505 56.34024453 | GPSNavigator running:false
03-25 12:30:21.554 I/System.out( 4636): Battery level: 99 | Time difference: -1
03-25 12:30:22.745 I/System.out( 4636): Location: -2.8090762 56.34024154 | GPSNavigator running:false
03-25 12:30:22.755 I/System.out( 4636): Battery level: 99 | Time difference: -1
03-25 12:30:23.196 I/System.out( 4636): Location: -2.80907505 56.34024453 | GPSNavigator running:false
03-25 12:30:23.196 I/System.out( 4636): Battery level: 99 | Time difference: -1
03-25 12:30:24.547 I/System.out( 4636): Location: -2.80907505 56.34024453 | GPSNavigator running:false
03-25 12:30:24.547 I/System.out( 4636): Battery level: 99 | Time difference: -1
03-25 12:30:25.318 D/dalvikvm( 4636): GC_CONCURRENT freed 421K, 5% free 9233K/9716K, paused 7ms+2ms, total 62ms
03-25 12:30:25.748 I/System.out( 4636): Location: -2.8090762 56.34024154 | GPSNavigator running:false
03-25 12:30:25.748 I/System.out( 4636): Battery level: 99 | Time difference: -1
03-25 12:30:26.188 I/System.out( 4636): Location: -2.80907505 56.34024453 | GPSNavigator running:false
03-25 12:30:26.188 I/System.out( 4636): Battery level: 99 | Time difference: -1
03-25 12:30:27.550 I/System.out( 4636): Location: -2.80907505 56.34024453 | GPSNavigator running:false
03-25 12:30:27.550 I/System.out( 4636): Battery level: 99 | Time difference: -1
03-25 12:30:28.751 I/System.out( 4636): Location: -2.8090762 56.34024154 | GPSNavigator running:false
03-25 12:30:28.761 I/System.out( 4636): Battery level: 99 | Time difference: -1
03-25 12:30:29.191 I/System.out( 4636): Location: -2.80907505 56.34024453 | GPSNavigator running:false
03-25 12:30:29.191 I/System.out( 4636): Battery level: 99 | Time difference: -1
03-25 12:30:30.543 I/System.out( 4636): Location: -2.80907505 56.34024453 | GPSNavigator running:false
03-25 12:30:30.543 I/System.out( 4636): Battery level: 99 | Time difference: -1
03-25 12:30:31.754 I/System.out( 4636): Location: -2.8090762 56.34024154 | GPSNavigator running:false
03-25 12:30:31.754 I/System.out( 4636): Battery level: 99 | Time difference: -1
03-25 12:30:32.194 I/System.out( 4636): Location: -2.80907505 56.34024453 | GPSNavigator running:false
03-25 12:30:32.194 I/System.out( 4636): Battery level: 99 | Time difference: -1
03-25 12:30:33.556 I/System.out( 4636): Location: -2.80907505 56.34024453 | GPSNavigator running:false
03-25 12:30:33.556 I/System.out( 4636): Battery level: 99 | Time difference: -1
03-25 12:30:34.757 I/System.out( 4636): Location: -2.8090762 56.34024154 | GPSNavigator running:false
03-25 12:30:34.757 I/System.out( 4636): Battery level: 99 | Time difference: -1
03-25 12:30:35.197 I/System.out( 4636): Location: -2.80907505 56.34024453 | GPSNavigator running:false
03-25 12:30:35.197 I/System.out( 4636): Battery level: 99 | Time difference: -1
03-25 12:30:36.559 I/System.out( 4636): Location: -2.80907505 56.34024453 | GPSNavigator running:false
03-25 12:30:36.559 I/System.out( 4636): Battery level: 99 | Time difference: -1
03-25 12:30:37.760 I/System.out( 4636): Location: -2.8090762 56.34024154 | GPSNavigator running:false
03-25 12:30:37.760 I/System.out( 4636): Battery level: 99 | Time difference: -1
03-25 12:30:38.200 I/System.out( 4636): Location: -2.80907505 56.34024453 | GPSNavigator running:false
03-25 12:30:38.200 I/System.out( 4636): Battery level: 99 | Time difference: -1
03-25 12:30:39.552 I/System.out( 4636): Location: -2.80907505 56.34024453 | GPSNavigator running:false
03-25 12:30:39.552 I/System.out( 4636): Battery level: 99 | Time difference: -1
03-25 12:30:40.763 I/System.out( 4636): Location: -2.8090762 56.34024154 | GPSNavigator running:false
03-25 12:30:40.763 I/System.out( 4636): Battery level: 99 | Time difference: -1
03-25 12:30:41.203 I/System.out( 4636): Location: -2.80907505 56.34024453 | GPSNavigator running:false
03-25 12:30:41.203 I/System.out( 4636): Battery level: 99 | Time difference: -1
03-25 12:30:42.554 I/System.out( 4636): Location: -2.80907505 56.34024453 | GPSNavigator running:false
03-25 12:30:42.554 I/System.out( 4636): Battery level: 99 | Time difference: -1
03-25 12:30:43.756 I/System.out( 4636): Location: -2.8090762 56.34024154 | GPSNavigator running:false
03-25 12:30:43.756 I/System.out( 4636): Battery level: 99 | Time difference: -1
03-25 12:30:44.196 I/System.out( 4636): Location: -2.80907505 56.34024453 | GPSNavigator running:false
03-25 12:30:44.206 I/System.out( 4636): Battery level: 99 | Time difference: -1
03-25 12:30:45.547 I/System.out( 4636): Location: -2.80907505 56.34024453 | GPSNavigator running:false
03-25 12:30:45.557 I/System.out( 4636): Battery level: 99 | Time difference: -1
03-25 12:30:46.128 D/dalvikvm( 4636): GC_CONCURRENT freed 333K, 5% free 9290K/9696K, paused 8ms+1ms, total 68ms
03-25 12:30:46.759 I/System.out( 4636): Location: -2.8090762 56.34024154 | GPSNavigator running:false
03-25 12:30:46.759 I/System.out( 4636): Battery level: 99 | Time difference: -1
03-25 12:30:47.199 I/System.out( 4636): Location: -2.80907505 56.34024453 | GPSNavigator running:false
03-25 12:30:47.199 I/System.out( 4636): Battery level: 99 | Time difference: -1
03-25 12:30:48.560 I/System.out( 4636): Location: -2.80907505 56.34024453 | GPSNavigator running:false
03-25 12:30:48.560 I/System.out( 4636): Battery level: 99 | Time difference: -1
03-25 12:30:49.761 I/System.out( 4636): Location: -2.8090762 56.34024154 | GPSNavigator running:false
03-25 12:30:49.761 I/System.out( 4636): Battery level: 99 | Time difference: -1
03-25 12:30:50.202 I/System.out( 4636): Location: -2.80907505 56.34024453 | GPSNavigator running:false
03-25 12:30:50.202 I/System.out( 4636): Battery level: 99 | Time difference: -1
03-25 12:30:51.563 I/System.out( 4636): Location: -2.80907505 56.34024453 | GPSNavigator running:false
03-25 12:30:51.563 I/System.out( 4636): Battery level: 99 | Time difference: -1
03-25 12:30:52.764 I/System.out( 4636): Location: -2.8090762 56.34024154 | GPSNavigator running:false
03-25 12:30:52.764 I/System.out( 4636): Battery level: 99 | Time difference: -1
03-25 12:30:53.205 I/System.out( 4636): Location: -2.80907505 56.34024453 | GPSNavigator running:false
03-25 12:30:53.205 I/System.out( 4636): Battery level: 99 | Time difference: -1
03-25 12:30:54.566 I/System.out( 4636): Location: -2.80907505 56.34024453 | GPSNavigator running:false
03-25 12:30:54.566 I/System.out( 4636): Battery level: 99 | Time difference: -1
03-25 12:30:55.757 I/System.out( 4636): Location: -2.8090762 56.34024154 | GPSNavigator running:false
03-25 12:30:55.767 I/System.out( 4636): Battery level: 99 | Time difference: -1
03-25 12:30:56.208 I/System.out( 4636): Location: -2.80907505 56.34024453 | GPSNavigator running:false
03-25 12:30:56.208 I/System.out( 4636): Battery level: 99 | Time difference: -1
03-25 12:30:57.559 I/System.out( 4636): Location: -2.80907505 56.34024453 | GPSNavigator running:false
03-25 12:30:57.559 I/System.out( 4636): Battery level: 99 | Time difference: -1
03-25 12:30:58.770 I/System.out( 4636): Location: -2.8090762 56.34024154 | GPSNavigator running:false
03-25 12:30:58.770 I/System.out( 4636): Battery level: 99 | Time difference: -1
03-25 12:30:59.201 I/System.out( 4636): Location: -2.80907505 56.34024453 | GPSNavigator running:false
03-25 12:30:59.201 I/System.out( 4636): Battery level: 99 | Time difference: -1
03-25 12:31:00.562 I/System.out( 4636): Location: -2.80907505 56.34024453 | GPSNavigator running:false
03-25 12:31:00.572 I/System.out( 4636): Battery level: 99 | Time difference: -1
03-25 12:31:01.763 I/System.out( 4636): Location: -2.8090762 56.34024154 | GPSNavigator running:false
03-25 12:31:01.763 I/System.out( 4636): Battery level: 99 | Time difference: -1
03-25 12:31:02.204 I/System.out( 4636): Location: -2.80907505 56.34024453 | GPSNavigator running:false
03-25 12:31:02.204 I/System.out( 4636): Battery level: 99 | Time difference: -1
03-25 12:31:03.565 I/System.out( 4636): Location: -2.80907505 56.34024453 | GPSNavigator running:false
03-25 12:31:03.565 I/System.out( 4636): Battery level: 99 | Time difference: -1
03-25 12:31:04.766 I/System.out( 4636): Location: -2.8090762 56.34024154 | GPSNavigator running:false
03-25 12:31:04.766 I/System.out( 4636): Battery level: 99 | Time difference: -1
03-25 12:31:05.207 I/System.out( 4636): Location: -2.80907505 56.34024453 | GPSNavigator running:false
03-25 12:31:05.207 I/System.out( 4636): Battery level: 99 | Time difference: -1
03-25 12:31:06.568 I/System.out( 4636): Location: -2.80907505 56.34024453 | GPSNavigator running:false
03-25 12:31:06.568 I/System.out( 4636): Battery level: 99 | Time difference: -1
03-25 12:31:07.769 I/System.out( 4636): Location: -2.8090762 56.34024154 | GPSNavigator running:false
03-25 12:31:07.769 I/System.out( 4636): Battery level: 99 | Time difference: -1
03-25 12:31:08.209 I/System.out( 4636): Location: -2.80907505 56.34024453 | GPSNavigator running:false
03-25 12:31:08.209 I/System.out( 4636): Battery level: 99 | Time difference: -1
03-25 12:31:09.571 I/System.out( 4636): Location: -2.80907505 56.34024453 | GPSNavigator running:false
03-25 12:31:09.571 I/System.out( 4636): Battery level: 99 | Time difference: -1
03-25 12:31:10.772 I/System.out( 4636): Location: -2.8090762 56.34024154 | GPSNavigator running:false
03-25 12:31:10.772 I/System.out( 4636): Battery level: 99 | Time difference: -1
03-25 12:31:11.212 I/System.out( 4636): Location: -2.80907505 56.34024453 | GPSNavigator running:false
03-25 12:31:11.212 I/System.out( 4636): Battery level: 99 | Time difference: -1
03-25 12:31:12.574 I/System.out( 4636): Location: -2.80907505 56.34024453 | GPSNavigator running:false
03-25 12:31:12.574 I/System.out( 4636): Battery level: 99 | Time difference: -1
03-25 12:31:13.765 I/System.out( 4636): Location: -2.8090762 56.34024154 | GPSNavigator running:false
03-25 12:31:13.765 I/System.out( 4636): Battery level: 99 | Time difference: -1
03-25 12:31:14.205 I/System.out( 4636): Location: -2.80907505 56.34024453 | GPSNavigator running:false
03-25 12:31:14.205 I/System.out( 4636): Battery level: 99 | Time difference: -1
03-25 12:31:14.476 D/dalvikvm( 4636): GC_CONCURRENT freed 424K, 5% free 9255K/9716K, paused 7ms+3ms, total 75ms
03-25 12:31:15.567 I/System.out( 4636): Location: -2.80907505 56.34024453 | GPSNavigator running:false
03-25 12:31:15.567 I/System.out( 4636): Battery level: 99 | Time difference: -1
03-25 12:31:16.768 I/System.out( 4636): Location: -2.8090762 56.34024154 | GPSNavigator running:false
03-25 12:31:16.768 I/System.out( 4636): Battery level: 99 | Time difference: -1
03-25 12:31:17.208 I/System.out( 4636): Location: -2.80907505 56.34024453 | GPSNavigator running:false
03-25 12:31:17.208 I/System.out( 4636): Battery level: 99 | Time difference: -1
03-25 12:31:18.570 I/System.out( 4636): Location: -2.80907505 56.34024453 | GPSNavigator running:false
03-25 12:31:18.570 I/System.out( 4636): Battery level: 99 | Time difference: -1
03-25 12:31:19.771 I/System.out( 4636): Location: -2.8090762 56.34024154 | GPSNavigator running:false
03-25 12:31:19.771 I/System.out( 4636): Battery level: 99 | Time difference: -1
03-25 12:31:20.211 I/System.out( 4636): Location: -2.80907505 56.34024453 | GPSNavigator running:false
03-25 12:31:20.211 I/System.out( 4636): Battery level: 99 | Time difference: -1
03-25 12:31:21.573 I/System.out( 4636): Location: -2.80907505 56.34024453 | GPSNavigator running:false
03-25 12:31:21.573 I/System.out( 4636): Battery level: 99 | Time difference: -1
03-25 12:31:22.774 I/System.out( 4636): Location: -2.8090762 56.34024154 | GPSNavigator running:false
03-25 12:31:22.774 I/System.out( 4636): Battery level: 99 | Time difference: -1
03-25 12:31:23.214 I/System.out( 4636): Location: -2.80907505 56.34024453 | GPSNavigator running:false
03-25 12:31:23.214 I/System.out( 4636): Battery level: 99 | Time difference: -1
03-25 12:31:24.575 I/System.out( 4636): Location: -2.80907505 56.34024453 | GPSNavigator running:false
03-25 12:31:24.575 I/System.out( 4636): Battery level: 99 | Time difference: -1
03-25 12:31:25.777 I/System.out( 4636): Location: -2.8090762 56.34024154 | GPSNavigator running:false
03-25 12:31:25.777 I/System.out( 4636): Battery level: 99 | Time difference: -1
03-25 12:31:26.217 I/System.out( 4636): Location: -2.80907505 56.34024453 | GPSNavigator running:false
03-25 12:31:26.217 I/System.out( 4636): Battery level: 99 | Time difference: -1
03-25 12:31:27.568 I/System.out( 4636): Location: -2.80907505 56.34024453 | GPSNavigator running:false
03-25 12:31:27.568 I/System.out( 4636): Battery level: 99 | Time difference: -1
03-25 12:31:28.780 I/System.out( 4636): Location: -2.8090762 56.34024154 | GPSNavigator running:false
03-25 12:31:28.780 I/System.out( 4636): Battery level: 99 | Time difference: -1
03-25 12:31:29.220 I/System.out( 4636): Location: -2.80907505 56.34024453 | GPSNavigator running:false
03-25 12:31:29.220 I/System.out( 4636): Battery level: 99 | Time difference: -1
03-25 12:31:30.571 I/System.out( 4636): Location: -2.80907505 56.34024453 | GPSNavigator running:false
03-25 12:31:30.571 I/System.out( 4636): Battery level: 99 | Time difference: -1
03-25 12:31:31.782 I/System.out( 4636): Location: -2.8090762 56.34024154 | GPSNavigator running:false
03-25 12:31:31.782 I/System.out( 4636): Battery level: 99 | Time difference: -1
03-25 12:31:32.223 I/System.out( 4636): Location: -2.80907505 56.34024453 | GPSNavigator running:false
03-25 12:31:32.223 I/System.out( 4636): Battery level: 99 | Time difference: -1
03-25 12:31:33.564 I/System.out( 4636): Location: -2.80907505 56.34024453 | GPSNavigator running:false
03-25 12:31:33.574 I/System.out( 4636): Battery level: 99 | Time difference: -1
03-25 12:31:34.775 I/System.out( 4636): Location: -2.8090762 56.34024154 | GPSNavigator running:false
03-25 12:31:34.775 I/System.out( 4636): Battery level: 99 | Time difference: -1
03-25 12:31:35.216 I/System.out( 4636): Location: -2.80907505 56.34024453 | GPSNavigator running:false
03-25 12:31:35.216 I/System.out( 4636): Battery level: 99 | Time difference: -1
03-25 12:31:36.577 I/System.out( 4636): Location: -2.80907505 56.34024453 | GPSNavigator running:false
03-25 12:31:36.577 I/System.out( 4636): Battery level: 99 | Time difference: -1
03-25 12:31:37.778 I/System.out( 4636): Location: -2.8090762 56.34024154 | GPSNavigator running:false
03-25 12:31:37.778 I/System.out( 4636): Battery level: 99 | Time difference: -1
03-25 12:31:38.229 I/System.out( 4636): Location: -2.80907505 56.34024453 | GPSNavigator running:false
03-25 12:31:38.229 I/System.out( 4636): Battery level: 99 | Time difference: -1
03-25 12:31:39.580 I/System.out( 4636): Location: -2.80907505 56.34024453 | GPSNavigator running:false
03-25 12:31:39.590 I/System.out( 4636): Battery level: 99 | Time difference: -1
03-25 12:31:39.640 D/dalvikvm( 4636): GC_CONCURRENT freed 414K, 6% free 9226K/9716K, paused 4ms+4ms, total 63ms
03-25 12:31:40.781 I/System.out( 4636): Location: -2.8090762 56.34024154 | GPSNavigator running:false
03-25 12:31:40.791 I/System.out( 4636): Battery level: 99 | Time difference: -1
03-25 12:31:41.222 I/System.out( 4636): Location: -2.80907505 56.34024453 | GPSNavigator running:false
03-25 12:31:41.232 I/System.out( 4636): Battery level: 99 | Time difference: -1
03-25 12:31:42.583 I/System.out( 4636): Location: -2.80907505 56.34024453 | GPSNavigator running:false
03-25 12:31:42.583 I/System.out( 4636): Battery level: 99 | Time difference: -1
03-25 12:31:43.774 I/System.out( 4636): Location: -2.8090762 56.34024154 | GPSNavigator running:false
03-25 12:31:43.774 I/System.out( 4636): Battery level: 99 | Time difference: -1
03-25 12:31:44.225 I/System.out( 4636): Location: -2.80907505 56.34024453 | GPSNavigator running:false
03-25 12:31:44.225 I/System.out( 4636): Battery level: 99 | Time difference: -1
03-25 12:31:45.586 I/System.out( 4636): Location: -2.80907505 56.34024453 | GPSNavigator running:false
03-25 12:31:45.586 I/System.out( 4636): Battery level: 99 | Time difference: -1
03-25 12:31:46.777 I/System.out( 4636): Location: -2.8090762 56.34024154 | GPSNavigator running:false
03-25 12:31:46.777 I/System.out( 4636): Battery level: 99 | Time difference: -1
03-25 12:31:47.228 I/System.out( 4636): Location: -2.80907505 56.34024453 | GPSNavigator running:false
03-25 12:31:47.228 I/System.out( 4636): Battery level: 99 | Time difference: -1
03-25 12:31:48.579 I/System.out( 4636): Location: -2.80907505 56.34024453 | GPSNavigator running:false
03-25 12:31:48.579 I/System.out( 4636): Battery level: 99 | Time difference: -1
03-25 12:31:49.780 I/System.out( 4636): Location: -2.8090762 56.34024154 | GPSNavigator running:false
03-25 12:31:49.780 I/System.out( 4636): Battery level: 99 | Time difference: -1
03-25 12:31:50.230 I/System.out( 4636): Location: -2.80907505 56.34024453 | GPSNavigator running:false
03-25 12:31:50.230 I/System.out( 4636): Battery level: 99 | Time difference: -1
03-25 12:31:51.582 I/System.out( 4636): Location: -2.80907505 56.34024453 | GPSNavigator running:false
03-25 12:31:51.582 I/System.out( 4636): Battery level: 99 | Time difference: -1
03-25 12:31:52.783 I/System.out( 4636): Location: -2.8090762 56.34024154 | GPSNavigator running:false
03-25 12:31:52.783 I/System.out( 4636): Battery level: 99 | Time difference: -1
03-25 12:31:53.233 I/System.out( 4636): Location: -2.80907505 56.34024453 | GPSNavigator running:false
03-25 12:31:53.233 I/System.out( 4636): Battery level: 99 | Time difference: -1
03-25 12:31:54.585 I/System.out( 4636): Location: -2.80907505 56.34024453 | GPSNavigator running:false
03-25 12:31:54.585 I/System.out( 4636): Battery level: 99 | Time difference: -1
03-25 12:31:55.786 I/System.out( 4636): Location: -2.8090762 56.34024154 | GPSNavigator running:false
03-25 12:31:55.786 I/System.out( 4636): Battery level: 99 | Time difference: -1
03-25 12:31:56.236 I/System.out( 4636): Location: -2.80907505 56.34024453 | GPSNavigator running:false
03-25 12:31:56.236 I/System.out( 4636): Battery level: 99 | Time difference: -1
03-25 12:31:57.588 I/System.out( 4636): Location: -2.80907505 56.34024453 | GPSNavigator running:false
03-25 12:31:57.588 I/System.out( 4636): Battery level: 99 | Time difference: -1
03-25 12:31:58.789 I/System.out( 4636): Location: -2.8090762 56.34024154 | GPSNavigator running:false
03-25 12:31:58.789 I/System.out( 4636): Battery level: 99 | Time difference: -1
03-25 12:31:59.229 I/System.out( 4636): Location: -2.80907505 56.34024453 | GPSNavigator running:false
03-25 12:31:59.229 I/System.out( 4636): Battery level: 99 | Time difference: -1
03-25 12:32:00.000 I/ActivityManager(  511): No longer want com.google.android.music:main (pid 3437): empty for 1849s
03-25 12:32:00.070 W/ActivityManager(  511): Scheduling restart of crashed service com.google.android.music/.playback.MusicPlaybackService in 5000ms
03-25 12:32:00.591 I/System.out( 4636): Location: -2.80907505 56.34024453 | GPSNavigator running:false
03-25 12:32:00.591 I/System.out( 4636): Battery level: 99 | Time difference: -1
03-25 12:32:01.792 I/System.out( 4636): Location: -2.8090762 56.34024154 | GPSNavigator running:false
03-25 12:32:01.792 I/System.out( 4636): Battery level: 99 | Time difference: -1
03-25 12:32:02.232 I/System.out( 4636): Location: -2.80907505 56.34024453 | GPSNavigator running:false
03-25 12:32:02.242 I/System.out( 4636): Battery level: 99 | Time difference: -1
03-25 12:32:03.594 I/System.out( 4636): Location: -2.80907505 56.34024453 | GPSNavigator running:false
03-25 12:32:03.594 I/System.out( 4636): Battery level: 99 | Time difference: -1
03-25 12:32:03.744 D/dalvikvm( 4636): GC_CONCURRENT freed 338K, 5% free 9277K/9684K, paused 7ms+3ms, total 67ms
03-25 12:32:04.795 I/System.out( 4636): Location: -2.8090762 56.34024154 | GPSNavigator running:false
