01-27 18:04:01.340 I/System.out( 2858): Location: no CS school | WiFiNavigator running:true
01-27 18:04:01.350 I/System.out( 2858): Battery level: 100 | Time difference: -1
01-27 18:04:04.143 D/dalvikvm( 2858): GC_CONCURRENT freed 437K, 5% free 9061K/9536K, paused 2ms+1ms, total 17ms
01-27 18:04:04.343 I/System.out( 2858): Location: no CS school | WiFiNavigator running:true
01-27 18:04:04.343 I/System.out( 2858): Battery level: 100 | Time difference: -1
01-27 18:04:06.575 D/dalvikvm(  535): GC_CONCURRENT freed 1669K, 15% free 15923K/18576K, paused 27ms+5ms, total 143ms
01-27 18:04:07.346 I/System.out( 2858): Location: no CS school | WiFiNavigator running:true
01-27 18:04:07.346 I/System.out( 2858): Battery level: 100 | Time difference: -1
01-27 18:04:08.927 D/dalvikvm(  752): GC_CONCURRENT freed 495K, 6% free 10550K/11216K, paused 13ms+7ms, total 81ms
01-27 18:04:10.349 I/System.out( 2858): Location: no CS school | WiFiNavigator running:true
01-27 18:04:10.349 I/System.out( 2858): Battery level: 100 | Time difference: -1
01-27 18:04:13.352 I/System.out( 2858): Location: no CS school | WiFiNavigator running:true
01-27 18:04:13.352 I/System.out( 2858): Battery level: 100 | Time difference: -1
01-27 18:04:13.542 D/dalvikvm( 2858): GC_CONCURRENT freed 457K, 6% free 9061K/9556K, paused 2ms+2ms, total 21ms
01-27 18:04:16.354 I/System.out( 2858): Location: no CS school | WiFiNavigator running:true
01-27 18:04:16.354 I/System.out( 2858): Battery level: 100 | Time difference: -1
01-27 18:04:19.347 I/System.out( 2858): Location: no CS school | WiFiNavigator running:true
01-27 18:04:19.347 I/System.out( 2858): Battery level: 100 | Time difference: -1
01-27 18:04:22.350 I/System.out( 2858): Location: no CS school | WiFiNavigator running:true
01-27 18:04:22.350 I/System.out( 2858): Battery level: 100 | Time difference: -1
01-27 18:04:23.061 D/dalvikvm( 2858): GC_CONCURRENT freed 373K, 5% free 9087K/9556K, paused 2ms+2ms, total 17ms
01-27 18:04:25.353 I/System.out( 2858): Location: no CS school | WiFiNavigator running:true
01-27 18:04:25.353 I/System.out( 2858): Battery level: 100 | Time difference: -1
01-27 18:04:27.746 D/dalvikvm(  752): GC_CONCURRENT freed 479K, 6% free 10556K/11216K, paused 1ms+4ms, total 44ms
01-27 18:04:28.356 I/System.out( 2858): Location: no CS school | WiFiNavigator running:true
01-27 18:04:28.356 I/System.out( 2858): Battery level: 100 | Time difference: -1
01-27 18:04:29.998 D/dalvikvm( 2858): GC_CONCURRENT freed 464K, 6% free 9056K/9568K, paused 3ms+2ms, total 19ms
01-27 18:04:31.359 I/System.out( 2858): Location: no CS school | WiFiNavigator running:true
01-27 18:04:31.359 I/System.out( 2858): Battery level: 100 | Time difference: -1
01-27 18:04:34.362 I/System.out( 2858): Location: no CS school | WiFiNavigator running:true
01-27 18:04:34.362 I/System.out( 2858): Battery level: 100 | Time difference: -1
01-27 18:04:37.365 I/System.out( 2858): Location: no CS school | WiFiNavigator running:true
01-27 18:04:37.365 I/System.out( 2858): Battery level: 100 | Time difference: -1
01-27 18:04:39.277 D/dalvikvm( 2858): GC_CONCURRENT freed 419K, 5% free 9059K/9536K, paused 3ms+3ms, total 33ms
01-27 18:04:40.358 I/System.out( 2858): Location: no CS school | WiFiNavigator running:true
01-27 18:04:40.358 I/System.out( 2858): Battery level: 100 | Time difference: -1
01-27 18:04:42.230 D/ConnectivityService(  535): Captive portal check NetworkInfo: type: WIFI[], state: CONNECTING/CAPTIVE_PORTAL_CHECK, reason: (unspecified), extra: "eduroam", roaming: false, failover: false, isAvailable: true
01-27 18:04:42.230 D/ConnectivityService(  535): ConnectivityChange for WIFI: CONNECTED/CONNECTED
01-27 18:04:42.240 D/ConnectivityService(  535): handleConnectivityChange: address are the same reset per doReset linkProperty[1]: resetMask=0
01-27 18:04:42.240 D/Nat464Xlat(  535): requiresClat: netType=1, hasIPv4Address=true
01-27 18:04:43.241 D/ConnectivityService(  535): NetTransition Wakelock for ConnectedState released by timeout
01-27 18:04:43.361 I/System.out( 2858): Location: no CS school | WiFiNavigator running:true
01-27 18:04:43.361 I/System.out( 2858): Battery level: 100 | Time difference: -1
01-27 18:04:45.273 D/Tethering(  535): MasterInitialState.processMessage what=3
01-27 18:04:45.373 E/        (  535): W/virtual loc_api_adapter_err LocApiAdapter::enableData(int): default implementation invoked
01-27 18:04:45.373 E/        (  535): W/virtual loc_api_adapter_err LocApiAdapter::setAPN(char*, int): default implementation invoked
01-27 18:04:45.393 D/GCM     (  826): GcmService start Intent { act=android.net.conn.CONNECTIVITY_CHANGE flg=0x8000010 cmp=com.google.android.gms/.gcm.GcmService (has extras) } android.net.conn.CONNECTIVITY_CHANGE
01-27 18:04:45.843 D/ConnectivityService(  535): handleInetConditionHoldEnd: net=1, condition=100, published condition=0
01-27 18:04:46.364 I/System.out( 2858): Location: no CS school | WiFiNavigator running:true
01-27 18:04:46.364 I/System.out( 2858): Battery level: 100 | Time difference: -1
01-27 18:04:49.357 I/System.out( 2858): Location: no CS school | WiFiNavigator running:true
01-27 18:04:49.357 I/System.out( 2858): Battery level: 100 | Time difference: -1
01-27 18:04:49.417 D/dalvikvm( 2858): GC_CONCURRENT freed 382K, 5% free 9068K/9536K, paused 3ms+1ms, total 30ms
01-27 18:04:49.447 D/dalvikvm(  752): GC_CONCURRENT freed 476K, 6% free 10546K/11216K, paused 17ms+4ms, total 59ms
01-27 18:04:52.360 I/System.out( 2858): Location: no CS school | WiFiNavigator running:true
01-27 18:04:52.360 I/System.out( 2858): Battery level: 100 | Time difference: -1
01-27 18:04:55.363 I/System.out( 2858): Location: no CS school | WiFiNavigator running:true
01-27 18:04:55.363 I/System.out( 2858): Battery level: 100 | Time difference: -1
01-27 18:04:57.334 D/dalvikvm(  535): GC_CONCURRENT freed 1696K, 15% free 15918K/18576K, paused 21ms+4ms, total 140ms
01-27 18:04:57.344 D/dalvikvm( 2858): GC_CONCURRENT freed 450K, 6% free 9064K/9552K, paused 3ms+10ms, total 22ms
01-27 18:04:58.355 I/System.out( 2858): Location: no CS school | WiFiNavigator running:true
01-27 18:04:58.355 I/System.out( 2858): Battery level: 100 | Time difference: -1
01-27 18:05:01.358 I/System.out( 2858): Location: no CS school | WiFiNavigator running:true
01-27 18:05:01.358 I/System.out( 2858): Battery level: 100 | Time difference: -1
01-27 18:05:04.361 I/System.out( 2858): Location: no CS school | WiFiNavigator running:true
01-27 18:05:04.361 I/System.out( 2858): Battery level: 100 | Time difference: -1
01-27 18:05:06.533 D/dalvikvm( 2858): GC_CONCURRENT freed 366K, 5% free 9086K/9536K, paused 16ms+1ms, total 32ms
01-27 18:05:07.364 I/System.out( 2858): Location: no CS school | WiFiNavigator running:true
01-27 18:05:07.374 I/System.out( 2858): Battery level: 100 | Time difference: -1
01-27 18:05:10.367 I/System.out( 2858): Location: no CS school | WiFiNavigator running:true
01-27 18:05:10.367 I/System.out( 2858): Battery level: 100 | Time difference: -1
01-27 18:05:11.218 D/dalvikvm(  752): GC_CONCURRENT freed 495K, 6% free 10559K/11216K, paused 15ms+4ms, total 87ms
01-27 18:05:13.370 I/System.out( 2858): Location: no CS school | WiFiNavigator running:true
01-27 18:05:13.370 I/System.out( 2858): Battery level: 100 | Time difference: -1
01-27 18:05:13.540 D/dalvikvm( 2858): GC_CONCURRENT freed 438K, 6% free 9061K/9552K, paused 2ms+1ms, total 16ms
01-27 18:05:16.373 I/System.out( 2858): Location: no CS school | WiFiNavigator running:true
01-27 18:05:16.373 I/System.out( 2858): Battery level: 100 | Time difference: -1
01-27 18:05:19.376 I/System.out( 2858): Location: no CS school | WiFiNavigator running:true
01-27 18:05:19.376 I/System.out( 2858): Battery level: 100 | Time difference: -1
01-27 18:05:22.369 I/System.out( 2858): Location: no CS school | WiFiNavigator running:true
01-27 18:05:22.369 I/System.out( 2858): Battery level: 100 | Time difference: -1
01-27 18:05:22.789 D/dalvikvm( 2858): GC_CONCURRENT freed 369K, 5% free 9086K/9536K, paused 5ms+2ms, total 19ms
01-27 18:05:25.372 I/System.out( 2858): Location: no CS school | WiFiNavigator running:true
01-27 18:05:25.372 I/System.out( 2858): Battery level: 100 | Time difference: -1
01-27 18:05:28.375 I/System.out( 2858): Location: no CS school | WiFiNavigator running:true
01-27 18:05:28.375 I/System.out( 2858): Battery level: 100 | Time difference: -1
01-27 18:05:29.676 D/dalvikvm( 2858): GC_CONCURRENT freed 454K, 6% free 9055K/9552K, paused 2ms+1ms, total 18ms
01-27 18:05:31.368 I/System.out( 2858): Location: no CS school | WiFiNavigator running:true
01-27 18:05:31.368 I/System.out( 2858): Battery level: 100 | Time difference: -1
01-27 18:05:32.028 D/dalvikvm(  752): GC_CONCURRENT freed 505K, 6% free 10563K/11216K, paused 3ms+6ms, total 55ms
01-27 18:05:34.371 I/System.out( 2858): Location: no CS school | WiFiNavigator running:true
01-27 18:05:34.371 I/System.out( 2858): Battery level: 100 | Time difference: -1
01-27 18:05:37.374 I/System.out( 2858): Location: no CS school | WiFiNavigator running:true
01-27 18:05:37.374 I/System.out( 2858): Battery level: 100 | Time difference: -1
01-27 18:05:38.835 D/dalvikvm( 2858): GC_CONCURRENT freed 392K, 5% free 9048K/9512K, paused 2ms+2ms, total 16ms
01-27 18:05:40.376 I/System.out( 2858): Location: no CS school | WiFiNavigator running:true
01-27 18:05:40.376 I/System.out( 2858): Battery level: 100 | Time difference: -1
01-27 18:05:41.678 I/ActivityManager(  535): No longer want com.google.android.apps.currents (pid 932): empty for 1801s
01-27 18:05:41.748 I/EventLogService(  826): Aggregate from 1390844146341 (log), 1390844141524 (data)
01-27 18:05:41.758 W/ActivityManager(  535): Scheduling restart of crashed service com.google.android.apps.currents/com.google.apps.dots.android.dotslib.service.AudioPlayerService in 5000ms
01-27 18:05:41.788 I/ServiceDumpSys(  826): dumping service [account]
01-27 18:05:43.369 I/System.out( 2858): Location: no CS school | WiFiNavigator running:true
01-27 18:05:43.369 I/System.out( 2858): Battery level: 100 | Time difference: -1
01-27 18:05:45.812 D/dalvikvm( 2858): GC_CONCURRENT freed 401K, 5% free 9052K/9508K, paused 2ms+3ms, total 17ms
01-27 18:05:46.372 I/System.out( 2858): Location: no CS school | WiFiNavigator running:true
01-27 18:05:46.372 I/System.out( 2858): Battery level: 100 | Time difference: -1
01-27 18:05:47.133 I/ActivityManager(  535): No longer want com.google.android.music:main (pid 1467): empty #17
01-27 18:05:47.143 I/ActivityManager(  535): No longer want com.google.android.calendar (pid 1014): empty #18
01-27 18:05:47.163 D/GCM     (  826): Ignoring attempt to send heartbeat on dead connection.
01-27 18:05:47.173 W/ActivityManager(  535): Scheduling restart of crashed service com.google.android.music/.playback.MusicPlaybackService in 5000ms
01-27 18:05:49.375 I/System.out( 2858): Location: no CS school | WiFiNavigator running:true
01-27 18:05:49.375 I/System.out( 2858): Battery level: 100 | Time difference: -1
01-27 18:05:50.877 D/dalvikvm(  535): GC_CONCURRENT freed 1662K, 15% free 15896K/18576K, paused 28ms+7ms, total 151ms
01-27 18:05:52.228 I/ActivityManager(  535): Start proc com.google.android.music:main for service com.google.android.music/.playback.MusicPlaybackService: pid=3509 uid=10041 gids={50041, 3003, 1015, 1028}
01-27 18:05:52.278 I/MusicStore( 3509): Database version: 70
01-27 18:05:52.348 D/dalvikvm( 3509): GC_CONCURRENT freed 269K, 4% free 9107K/9412K, paused 3ms+10ms, total 37ms
01-27 18:05:52.348 D/dalvikvm( 3509): WAIT_FOR_CONCURRENT_GC blocked 2ms
01-27 18:05:52.368 I/System.out( 2858): Location: no CS school | WiFiNavigator running:true
01-27 18:05:52.368 I/System.out( 2858): Battery level: 100 | Time difference: -1
01-27 18:05:52.418 D/SystemUtils( 3509): getSystemProperty: lpa.decode=null
01-27 18:05:52.428 D/CacheService( 3509): onCreate
01-27 18:05:52.438 D/CacheService( 3509): onBind
01-27 18:05:52.448 I/LocalDevicePlayback( 3509): Streaming client created.
01-27 18:05:52.759 D/dalvikvm(  752): GC_CONCURRENT freed 477K, 6% free 10551K/11216K, paused 3ms+6ms, total 57ms
01-27 18:05:53.509 D/dalvikvm( 3509): GC_CONCURRENT freed 224K, 3% free 9299K/9564K, paused 4ms+4ms, total 39ms
01-27 18:05:53.549 I/MediaStoreImporter( 3509): Update: incremental Added music: 0 Updated music: 0 Deleted music: 0 Created playlists: 0 Updated playlists: 0 Deleted playlists: 0 Inserted playlist items: 0 Deleted playlist items: 0 Removed orphaned playlist items: 0
01-27 18:05:55.371 I/System.out( 2858): Location: no CS school | WiFiNavigator running:true
01-27 18:05:55.371 I/System.out( 2858): Battery level: 100 | Time difference: -1
01-27 18:05:57.373 D/dalvikvm( 2858): GC_CONCURRENT freed 394K, 5% free 9053K/9508K, paused 3ms+2ms, total 19ms
01-27 18:05:57.413 I/MusicLeanback( 3509): Conditions not met for autocaching.
01-27 18:05:57.413 I/MusicLeanback( 3509): Stop autocaching.
01-27 18:05:58.374 I/System.out( 2858): Location: no CS school | WiFiNavigator running:true
01-27 18:05:58.374 I/System.out( 2858): Battery level: 100 | Time difference: -1
01-27 18:06:01.367 I/System.out( 2858): Location: no CS school | WiFiNavigator running:true
01-27 18:06:01.367 I/System.out( 2858): Battery level: 100 | Time difference: -1
01-27 18:06:04.260 D/dalvikvm( 2858): GC_CONCURRENT freed 404K, 5% free 9052K/9508K, paused 2ms+2ms, total 17ms
01-27 18:06:04.370 I/System.out( 2858): Location: no CS school | WiFiNavigator running:true
01-27 18:06:04.370 I/System.out( 2858): Battery level: 100 | Time difference: -1
01-27 18:06:07.373 I/System.out( 2858): Location: no CS school | WiFiNavigator running:true
01-27 18:06:07.373 I/System.out( 2858): Battery level: 100 | Time difference: -1
01-27 18:06:10.376 I/System.out( 2858): Location: no CS school | WiFiNavigator running:true
01-27 18:06:10.376 I/System.out( 2858): Battery level: 100 | Time difference: -1
01-27 18:06:13.369 I/System.out( 2858): Location: no CS school | WiFiNavigator running:true
01-27 18:06:13.369 I/System.out( 2858): Battery level: 100 | Time difference: -1
01-27 18:06:13.429 D/dalvikvm( 2858): GC_CONCURRENT freed 389K, 5% free 9047K/9508K, paused 2ms+5ms, total 19ms
01-27 18:06:13.439 D/dalvikvm(  752): GC_CONCURRENT freed 481K, 6% free 10553K/11216K, paused 21ms+4ms, total 85ms
01-27 18:06:16.372 I/System.out( 2858): Location: no CS school | WiFiNavigator running:true
01-27 18:06:16.372 I/System.out( 2858): Battery level: 100 | Time difference: -1
01-27 18:06:19.384 I/System.out( 2858): Location: no CS school | WiFiNavigator running:true
01-27 18:06:19.384 I/System.out( 2858): Battery level: 100 | Time difference: -1
01-27 18:06:20.416 D/dalvikvm( 2858): GC_CONCURRENT freed 395K, 5% free 9060K/9508K, paused 2ms+2ms, total 17ms
01-27 18:06:22.377 I/System.out( 2858): Location: no CS school | WiFiNavigator running:true
01-27 18:06:22.377 I/System.out( 2858): Battery level: 100 | Time difference: -1
01-27 18:06:25.380 I/System.out( 2858): Location: no CS school | WiFiNavigator running:true
01-27 18:06:25.380 I/System.out( 2858): Battery level: 100 | Time difference: -1
01-27 18:06:28.383 I/System.out( 2858): Location: no CS school | WiFiNavigator running:true
01-27 18:06:28.383 I/System.out( 2858): Battery level: 100 | Time difference: -1
01-27 18:06:29.765 D/dalvikvm( 2858): GC_CONCURRENT freed 362K, 5% free 9086K/9508K, paused 5ms+2ms, total 41ms
01-27 18:06:31.386 I/System.out( 2858): Location: no CS school | WiFiNavigator running:true
01-27 18:06:31.386 I/System.out( 2858): Battery level: 100 | Time difference: -1
01-27 18:06:34.379 I/System.out( 2858): Location: no CS school | WiFiNavigator running:true
01-27 18:06:34.379 I/System.out( 2858): Battery level: 100 | Time difference: -1
01-27 18:06:34.409 D/dalvikvm(  752): GC_CONCURRENT freed 490K, 6% free 10563K/11216K, paused 16ms+5ms, total 101ms
01-27 18:06:36.661 D/dalvikvm( 2858): GC_CONCURRENT freed 452K, 6% free 9057K/9548K, paused 3ms+1ms, total 18ms
01-27 18:06:37.382 I/System.out( 2858): Location: no CS school | WiFiNavigator running:true
01-27 18:06:37.382 I/System.out( 2858): Battery level: 100 | Time difference: -1
01-27 18:06:40.385 I/System.out( 2858): Location: no CS school | WiFiNavigator running:true
01-27 18:06:40.385 I/System.out( 2858): Battery level: 100 | Time difference: -1
01-27 18:06:43.378 I/System.out( 2858): Location: no CS school | WiFiNavigator running:true
01-27 18:06:43.378 I/System.out( 2858): Battery level: 100 | Time difference: -1
01-27 18:06:46.030 D/dalvikvm(  535): GC_CONCURRENT freed 1661K, 15% free 15916K/18576K, paused 24ms+5ms, total 145ms
01-27 18:06:46.041 D/dalvikvm( 2858): GC_CONCURRENT freed 363K, 5% free 9086K/9548K, paused 3ms+1ms, total 13ms
01-27 18:06:46.381 I/System.out( 2858): Location: no CS school | WiFiNavigator running:true
01-27 18:06:46.381 I/System.out( 2858): Battery level: 100 | Time difference: -1
01-27 18:06:49.384 I/System.out( 2858): Location: no CS school | WiFiNavigator running:true
01-27 18:06:49.384 I/System.out( 2858): Battery level: 100 | Time difference: -1
01-27 18:06:52.377 I/System.out( 2858): Location: no CS school | WiFiNavigator running:true
01-27 18:06:52.377 I/System.out( 2858): Battery level: 100 | Time difference: -1
01-27 18:06:52.997 D/dalvikvm(  752): GC_CONCURRENT freed 496K, 6% free 10574K/11216K, paused 22ms+4ms, total 76ms
01-27 18:06:53.017 D/dalvikvm( 2858): GC_CONCURRENT freed 447K, 6% free 9063K/9548K, paused 3ms+1ms, total 16ms
01-27 18:06:55.380 I/System.out( 2858): Location: no CS school | WiFiNavigator running:true
01-27 18:06:55.380 I/System.out( 2858): Battery level: 100 | Time difference: -1
01-27 18:06:58.383 I/System.out( 2858): Location: no CS school | WiFiNavigator running:true
01-27 18:06:58.383 I/System.out( 2858): Battery level: 100 | Time difference: -1
01-27 18:06:59.914 D/dalvikvm( 2858): GC_CONCURRENT freed 397K, 6% free 9053K/9548K, paused 2ms+1ms, total 17ms
01-27 18:06:59.994 I/ActivityManager(  535): No longer want com.android.providers.calendar (pid 1039): empty for 1844s
01-27 18:07:01.385 I/System.out( 2858): Location: no CS school | WiFiNavigator running:true
01-27 18:07:01.385 I/System.out( 2858): Battery level: 100 | Time difference: -1
01-27 18:07:04.388 I/System.out( 2858): Location: no CS school | WiFiNavigator running:true
01-27 18:07:04.388 I/System.out( 2858): Battery level: 100 | Time difference: -1
01-27 18:07:07.391 I/System.out( 2858): Location: no CS school | WiFiNavigator running:true
01-27 18:07:07.391 I/System.out( 2858): Battery level: 100 | Time difference: -1
01-27 18:07:09.173 D/dalvikvm( 2858): GC_CONCURRENT freed 392K, 6% free 9051K/9548K, paused 3ms+3ms, total 18ms
01-27 18:07:10.394 I/System.out( 2858): Location: no CS school | WiFiNavigator running:true
01-27 18:07:10.394 I/System.out( 2858): Battery level: 100 | Time difference: -1
01-27 18:07:13.387 I/System.out( 2858): Location: no CS school | WiFiNavigator running:true
01-27 18:07:13.387 I/System.out( 2858): Battery level: 100 | Time difference: -1
01-27 18:07:13.838 D/dalvikvm(  752): GC_CONCURRENT freed 504K, 6% free 10566K/11216K, paused 10ms+5ms, total 78ms
01-27 18:07:16.140 D/dalvikvm( 2858): GC_CONCURRENT freed 402K, 6% free 9051K/9548K, paused 2ms+2ms, total 17ms
01-27 18:07:16.390 I/System.out( 2858): Location: no CS school | WiFiNavigator running:true
01-27 18:07:16.390 I/System.out( 2858): Battery level: 100 | Time difference: -1
01-27 18:07:19.393 I/System.out( 2858): Location: no CS school | WiFiNavigator running:true
01-27 18:07:19.393 I/System.out( 2858): Battery level: 100 | Time difference: -1
01-27 18:07:22.396 I/System.out( 2858): Location: no CS school | WiFiNavigator running:true
01-27 18:07:22.396 I/System.out( 2858): Battery level: 100 | Time difference: -1
01-27 18:07:25.309 D/dalvikvm( 2858): GC_CONCURRENT freed 441K, 6% free 9061K/9544K, paused 2ms+2ms, total 20ms
01-27 18:07:25.389 I/System.out( 2858): Location: no CS school | WiFiNavigator running:true
01-27 18:07:25.389 I/System.out( 2858): Battery level: 100 | Time difference: -1
01-27 18:07:28.392 I/System.out( 2858): Location: no CS school | WiFiNavigator running:true
01-27 18:07:28.392 I/System.out( 2858): Battery level: 100 | Time difference: -1
01-27 18:07:31.405 I/System.out( 2858): Location: no CS school | WiFiNavigator running:true
01-27 18:07:31.405 I/System.out( 2858): Battery level: 100 | Time difference: -1
01-27 18:07:34.398 I/System.out( 2858): Location: no CS school | WiFiNavigator running:true
01-27 18:07:34.398 I/System.out( 2858): Battery level: 100 | Time difference: -1
01-27 18:07:34.708 D/dalvikvm( 2858): GC_CONCURRENT freed 403K, 6% free 9049K/9544K, paused 2ms+2ms, total 17ms
01-27 18:07:34.738 D/dalvikvm(  752): GC_CONCURRENT freed 484K, 6% free 10564K/11216K, paused 20ms+4ms, total 76ms
01-27 18:07:37.401 I/System.out( 2858): Location: no CS school | WiFiNavigator running:true
01-27 18:07:37.401 I/System.out( 2858): Battery level: 100 | Time difference: -1
01-27 18:07:40.404 I/System.out( 2858): Location: no CS school | WiFiNavigator running:true
01-27 18:07:40.404 I/System.out( 2858): Battery level: 100 | Time difference: -1
01-27 18:07:41.675 D/dalvikvm( 2858): GC_CONCURRENT freed 390K, 6% free 9051K/9544K, paused 3ms+2ms, total 16ms
01-27 18:07:43.406 I/System.out( 2858): Location: no CS school | WiFiNavigator running:true
01-27 18:07:43.406 I/System.out( 2858): Battery level: 100 | Time difference: -1
01-27 18:07:44.037 D/dalvikvm(  535): GC_CONCURRENT freed 1674K, 15% free 15918K/18576K, paused 20ms+6ms, total 141ms
01-27 18:07:46.399 I/System.out( 2858): Location: no CS school | WiFiNavigator running:true
01-27 18:07:46.399 I/System.out( 2858): Battery level: 100 | Time difference: -1
01-27 18:07:49.402 I/System.out( 2858): Location: no CS school | WiFiNavigator running:true
01-27 18:07:49.412 I/System.out( 2858): Battery level: 100 | Time difference: -1
01-27 18:07:50.964 D/dalvikvm( 2858): GC_CONCURRENT freed 380K, 5% free 9084K/9544K, paused 3ms+3ms, total 18ms
01-27 18:07:52.415 I/System.out( 2858): Location: no CS school | WiFiNavigator running:true
01-27 18:07:52.415 I/System.out( 2858): Battery level: 100 | Time difference: -1
01-27 18:07:53.356 D/dalvikvm(  752): GC_CONCURRENT freed 498K, 6% free 10558K/11216K, paused 2ms+8ms, total 51ms
01-27 18:07:55.408 I/System.out( 2858): Location: no CS school | WiFiNavigator running:true
01-27 18:07:55.408 I/System.out( 2858): Battery level: 100 | Time difference: -1
01-27 18:07:57.951 D/dalvikvm( 2858): GC_CONCURRENT freed 446K, 6% free 9053K/9544K, paused 2ms+2ms, total 18ms
01-27 18:07:58.411 I/System.out( 2858): Location: no CS school | WiFiNavigator running:true
01-27 18:07:58.411 I/System.out( 2858): Battery level: 100 | Time difference: -1
01-27 18:08:01.414 I/System.out( 2858): Location: no CS school | WiFiNavigator running:true
01-27 18:08:01.414 I/System.out( 2858): Battery level: 100 | Time difference: -1
01-27 18:08:04.407 I/System.out( 2858): Location: no CS school | WiFiNavigator running:true
01-27 18:08:04.407 I/System.out( 2858): Battery level: 100 | Time difference: -1
01-27 18:08:07.110 D/dalvikvm( 2858): GC_CONCURRENT freed 446K, 6% free 9061K/9544K, paused 3ms+2ms, total 21ms
01-27 18:08:07.410 I/System.out( 2858): Location: no CS school | WiFiNavigator running:true
01-27 18:08:07.410 I/System.out( 2858): Battery level: 100 | Time difference: -1
01-27 18:08:10.413 I/System.out( 2858): Location: no CS school | WiFiNavigator running:true
01-27 18:08:10.413 I/System.out( 2858): Battery level: 100 | Time difference: -1
01-27 18:08:13.416 I/System.out( 2858): Location: no CS school | WiFiNavigator running:true
01-27 18:08:13.416 I/System.out( 2858): Battery level: 100 | Time difference: -1
01-27 18:08:14.026 D/dalvikvm(  752): GC_CONCURRENT freed 505K, 6% free 10577K/11216K, paused 18ms+6ms, total 84ms
01-27 18:08:16.319 D/dalvikvm( 2858): GC_CONCURRENT freed 385K, 5% free 9089K/9544K, paused 10ms+1ms, total 43ms
01-27 18:08:16.419 I/System.out( 2858): Location: no CS school | WiFiNavigator running:true
01-27 18:08:16.419 I/System.out( 2858): Battery level: 100 | Time difference: -1
01-27 18:08:19.422 I/System.out( 2858): Location: no CS school | WiFiNavigator running:true
01-27 18:08:19.422 I/System.out( 2858): Battery level: 100 | Time difference: -1
01-27 18:08:22.425 I/System.out( 2858): Location: no CS school | WiFiNavigator running:true
01-27 18:08:22.425 I/System.out( 2858): Battery level: 100 | Time difference: -1
01-27 18:08:25.427 I/System.out( 2858): Location: no CS school | WiFiNavigator running:true
01-27 18:08:25.427 I/System.out( 2858): Battery level: 100 | Time difference: -1
01-27 18:08:25.608 D/dalvikvm( 2858): GC_CONCURRENT freed 475K, 6% free 9064K/9580K, paused 2ms+2ms, total 20ms
01-27 18:08:28.420 I/System.out( 2858): Location: no CS school | WiFiNavigator running:true
01-27 18:08:28.420 I/System.out( 2858): Battery level: 100 | Time difference: -1
01-27 18:08:31.433 I/System.out( 2858): Location: no CS school | WiFiNavigator running:true
01-27 18:08:31.433 I/System.out( 2858): Battery level: 100 | Time difference: -1
01-27 18:08:32.675 D/dalvikvm(  752): GC_CONCURRENT freed 506K, 6% free 10584K/11216K, paused 14ms+4ms, total 67ms
01-27 18:08:34.426 I/System.out( 2858): Location: no CS school | WiFiNavigator running:true
01-27 18:08:34.426 I/System.out( 2858): Battery level: 100 | Time difference: -1
01-27 18:08:34.967 D/dalvikvm( 2858): GC_CONCURRENT freed 384K, 6% free 9089K/9576K, paused 10ms+17ms, total 60ms
01-27 18:08:37.389 D/dalvikvm(  535): GC_CONCURRENT freed 1685K, 15% free 15892K/18576K, paused 24ms+5ms, total 132ms
01-27 18:08:37.429 I/System.out( 2858): Location: no CS school | WiFiNavigator running:true
01-27 18:08:37.429 I/System.out( 2858): Battery level: 100 | Time difference: -1
01-27 18:08:40.432 I/System.out( 2858): Location: no CS school | WiFiNavigator running:true
01-27 18:08:40.432 I/System.out( 2858): Battery level: 100 | Time difference: -1
01-27 18:08:41.984 D/dalvikvm( 2858): GC_CONCURRENT freed 402K, 5% free 9090K/9544K, paused 12ms+17ms, total 58ms
01-27 18:08:43.435 I/System.out( 2858): Location: no CS school | WiFiNavigator running:true
01-27 18:08:43.435 I/System.out( 2858): Battery level: 100 | Time difference: -1
01-27 18:08:46.438 I/System.out( 2858): Location: no CS school | WiFiNavigator running:true
01-27 18:08:46.438 I/System.out( 2858): Battery level: 100 | Time difference: -1
01-27 18:08:49.041 D/dalvikvm(  752): GC_CONCURRENT freed 505K, 6% free 10599K/11216K, paused 16ms+4ms, total 85ms
01-27 18:08:49.431 I/System.out( 2858): Location: no CS school | WiFiNavigator running:true
01-27 18:08:49.431 I/System.out( 2858): Battery level: 100 | Time difference: -1
01-27 18:08:51.263 D/dalvikvm( 2858): GC_CONCURRENT freed 391K, 5% free 9090K/9544K, paused 10ms+2ms, total 45ms
01-27 18:08:52.444 I/System.out( 2858): Location: no CS school | WiFiNavigator running:true
01-27 18:08:52.444 I/System.out( 2858): Battery level: 100 | Time difference: -1
01-27 18:08:55.447 I/System.out( 2858): Location: no CS school | WiFiNavigator running:true
01-27 18:08:55.447 I/System.out( 2858): Battery level: 100 | Time difference: -1
01-27 18:08:58.259 D/dalvikvm( 2858): GC_CONCURRENT freed 424K, 6% free 9056K/9544K, paused 2ms+2ms, total 16ms
01-27 18:08:58.440 I/System.out( 2858): Location: no CS school | WiFiNavigator running:true
01-27 18:08:58.440 I/System.out( 2858): Battery level: 100 | Time difference: -1
01-27 18:09:01.443 I/System.out( 2858): Location: no CS school | WiFiNavigator running:true
01-27 18:09:01.443 I/System.out( 2858): Battery level: 100 | Time difference: -1
01-27 18:09:04.446 I/System.out( 2858): Location: no CS school | WiFiNavigator running:true
01-27 18:09:04.446 I/System.out( 2858): Battery level: 100 | Time difference: -1
01-27 18:09:05.366 D/dalvikvm(  752): GC_CONCURRENT freed 505K, 6% free 10597K/11216K, paused 2ms+4ms, total 49ms
01-27 18:09:07.448 I/System.out( 2858): Location: no CS school | WiFiNavigator running:true
01-27 18:09:07.448 I/System.out( 2858): Battery level: 100 | Time difference: -1
01-27 18:09:07.639 D/dalvikvm( 2858): GC_CONCURRENT freed 394K, 6% free 9056K/9544K, paused 2ms+3ms, total 19ms
01-27 18:09:10.451 I/System.out( 2858): Location: no CS school | WiFiNavigator running:true
01-27 18:09:10.451 I/System.out( 2858): Battery level: 100 | Time difference: -1
01-27 18:09:13.454 I/System.out( 2858): Location: no CS school | WiFiNavigator running:true
01-27 18:09:13.454 I/System.out( 2858): Battery level: 100 | Time difference: -1
01-27 18:09:14.535 D/dalvikvm( 2858): GC_CONCURRENT freed 392K, 6% free 9049K/9544K, paused 2ms+1ms, total 16ms
01-27 18:09:16.447 I/System.out( 2858): Location: no CS school | WiFiNavigator running:true
01-27 18:09:16.447 I/System.out( 2858): Battery level: 100 | Time difference: -1
01-27 18:09:19.380 D/dalvikvm( 2858): GC_CONCURRENT freed 380K, 6% free 9055K/9544K, paused 2ms+2ms, total 17ms
01-27 18:09:19.450 I/System.out( 2858): Location: no CS school | WiFiNavigator running:true
01-27 18:09:19.450 I/System.out( 2858): Battery level: 100 | Time difference: -1
01-27 18:09:21.782 D/dalvikvm(  752): GC_CONCURRENT freed 499K, 6% free 10611K/11224K, paused 13ms+5ms, total 66ms
01-27 18:09:22.453 I/System.out( 2858): Location: no CS school | WiFiNavigator running:true
01-27 18:09:22.453 I/System.out( 2858): Battery level: 100 | Time difference: -1
01-27 18:09:24.235 D/dalvikvm(  535): GC_CONCURRENT freed 1708K, 15% free 15892K/18576K, paused 27ms+6ms, total 136ms
01-27 18:09:25.446 I/System.out( 2858): Location: no CS school | WiFiNavigator running:true
01-27 18:09:25.446 I/System.out( 2858): Battery level: 100 | Time difference: -1
01-27 18:09:26.427 D/dalvikvm( 2858): GC_CONCURRENT freed 395K, 6% free 9049K/9544K, paused 2ms+3ms, total 18ms
01-27 18:09:28.459 I/System.out( 2858): Location: no CS school | WiFiNavigator running:true
01-27 18:09:28.459 I/System.out( 2858): Battery level: 100 | Time difference: -1
01-27 18:09:31.462 I/System.out( 2858): Location: no CS school | WiFiNavigator running:true
01-27 18:09:31.462 I/System.out( 2858): Battery level: 100 | Time difference: -1
01-27 18:09:33.664 D/ConnectivityService(  535): Captive portal check NetworkInfo: type: WIFI[], state: CONNECTING/CAPTIVE_PORTAL_CHECK, reason: (unspecified), extra: "eduroam", roaming: false, failover: false, isAvailable: true
01-27 18:09:33.684 D/ConnectivityService(  535): ConnectivityChange for WIFI: CONNECTED/CONNECTED
01-27 18:09:33.704 D/ConnectivityService(  535): handleConnectivityChange: address are the same reset per doReset linkProperty[1]: resetMask=0
01-27 18:09:33.704 D/Nat464Xlat(  535): requiresClat: netType=1, hasIPv4Address=true
01-27 18:09:34.455 I/System.out( 2858): Location: no CS school | WiFiNavigator running:true
01-27 18:09:34.455 I/System.out( 2858): Battery level: 100 | Time difference: -1
01-27 18:09:34.695 D/ConnectivityService(  535): NetTransition Wakelock for ConnectedState released by timeout
01-27 18:09:35.696 D/dalvikvm( 2858): GC_CONCURRENT freed 360K, 5% free 9073K/9544K, paused 3ms+3ms, total 31ms
01-27 18:09:36.727 D/Tethering(  535): MasterInitialState.processMessage what=3
01-27 18:09:36.827 E/        (  535): W/virtual loc_api_adapter_err LocApiAdapter::enableData(int): default implementation invoked
01-27 18:09:36.827 E/        (  535): W/virtual loc_api_adapter_err LocApiAdapter::setAPN(char*, int): default implementation invoked
01-27 18:09:36.837 D/GCM     (  826): GcmService start Intent { act=android.net.conn.CONNECTIVITY_CHANGE flg=0x8000010 cmp=com.google.android.gms/.gcm.GcmService (has extras) } android.net.conn.CONNECTIVITY_CHANGE
01-27 18:09:37.298 D/ConnectivityService(  535): handleInetConditionHoldEnd: net=1, condition=100, published condition=0
01-27 18:09:37.448 I/System.out( 2858): Location: no CS school | WiFiNavigator running:true
01-27 18:09:37.458 I/System.out( 2858): Battery level: 100 | Time difference: -1
01-27 18:09:38.028 D/dalvikvm(  752): GC_CONCURRENT freed 510K, 6% free 10630K/11252K, paused 4ms+9ms, total 89ms
01-27 18:09:40.461 I/System.out( 2858): Location: no CS school | WiFiNavigator running:true
01-27 18:09:40.461 I/System.out( 2858): Battery level: 100 | Time difference: -1
01-27 18:09:42.563 D/dalvikvm( 2858): GC_CONCURRENT freed 386K, 5% free 9090K/9544K, paused 4ms+1ms, total 20ms
01-27 18:09:43.464 I/System.out( 2858): Location: no CS school | WiFiNavigator running:true
01-27 18:09:43.464 I/System.out( 2858): Battery level: 100 | Time difference: -1
01-27 18:09:46.457 I/System.out( 2858): Location: no CS school | WiFiNavigator running:true
01-27 18:09:46.457 I/System.out( 2858): Battery level: 100 | Time difference: -1
01-27 18:09:49.459 I/System.out( 2858): Location: no CS school | WiFiNavigator running:true
01-27 18:09:49.459 I/System.out( 2858): Battery level: 100 | Time difference: -1
01-27 18:09:49.790 D/dalvikvm( 2858): GC_CONCURRENT freed 402K, 5% free 9090K/9544K, paused 7ms+7ms, total 58ms
01-27 18:09:52.462 I/System.out( 2858): Location: no CS school | WiFiNavigator running:true
01-27 18:09:52.462 I/System.out( 2858): Battery level: 100 | Time difference: -1
01-27 18:09:55.445 D/dalvikvm( 2858): GC_CONCURRENT freed 396K, 5% free 9089K/9544K, paused 11ms+1ms, total 55ms
01-27 18:09:55.455 I/System.out( 2858): Location: no CS school | WiFiNavigator running:true
01-27 18:09:55.455 I/System.out( 2858): Battery level: 100 | Time difference: -1
01-27 18:09:57.738 D/dalvikvm(  752): GC_CONCURRENT freed 514K, 6% free 10638K/11264K, paused 9ms+4ms, total 59ms
01-27 18:09:58.458 I/System.out( 2858): Location: no CS school | WiFiNavigator running:true
01-27 18:09:58.458 I/System.out( 2858): Battery level: 100 | Time difference: -1
01-27 18:10:01.141 D/dalvikvm( 2858): GC_CONCURRENT freed 482K, 6% free 9066K/9588K, paused 2ms+2ms, total 21ms
01-27 18:10:01.461 I/System.out( 2858): Location: no CS school | WiFiNavigator running:true
01-27 18:10:01.461 I/System.out( 2858): Battery level: 100 | Time difference: -1
01-27 18:10:04.464 I/System.out( 2858): Location: no CS school | WiFiNavigator running:true
01-27 18:10:04.464 I/System.out( 2858): Battery level: 100 | Time difference: -1
01-27 18:10:07.467 I/System.out( 2858): Location: no CS school | WiFiNavigator running:true
01-27 18:10:07.467 I/System.out( 2858): Battery level: 100 | Time difference: -1
01-27 18:10:08.408 D/dalvikvm(  535): GC_CONCURRENT freed 1670K, 15% free 15897K/18576K, paused 26ms+5ms, total 142ms
01-27 18:10:08.418 D/dalvikvm( 2858): GC_CONCURRENT freed 384K, 6% free 9087K/9584K, paused 3ms+1ms, total 16ms
01-27 18:10:10.470 I/System.out( 2858): Location: no CS school | WiFiNavigator running:true
01-27 18:10:10.470 I/System.out( 2858): Battery level: 100 | Time difference: -1
01-27 18:10:13.473 I/System.out( 2858): Location: no CS school | WiFiNavigator running:true
01-27 18:10:13.473 I/System.out( 2858): Battery level: 100 | Time difference: -1
01-27 18:10:15.465 D/dalvikvm( 2858): GC_CONCURRENT freed 385K, 6% free 9088K/9584K, paused 12ms+1ms, total 26ms
01-27 18:10:16.466 I/System.out( 2858): Location: no CS school | WiFiNavigator running:true
01-27 18:10:16.466 I/System.out( 2858): Battery level: 100 | Time difference: -1
01-27 18:10:17.897 D/dalvikvm(  752): GC_CONCURRENT freed 492K, 6% free 10640K/11264K, paused 2ms+4ms, total 39ms
01-27 18:10:19.469 I/System.out( 2858): Location: no CS school | WiFiNavigator running:true
01-27 18:10:19.469 I/System.out( 2858): Battery level: 100 | Time difference: -1
01-27 18:10:22.472 I/System.out( 2858): Location: no CS school | WiFiNavigator running:true
01-27 18:10:22.472 I/System.out( 2858): Battery level: 100 | Time difference: -1
01-27 18:10:22.572 D/dalvikvm( 2858): GC_CONCURRENT freed 387K, 6% free 9088K/9584K, paused 2ms+1ms, total 17ms
01-27 18:10:25.475 I/System.out( 2858): Location: no CS school | WiFiNavigator running:true
01-27 18:10:25.475 I/System.out( 2858): Battery level: 100 | Time difference: -1
01-27 18:10:28.468 I/System.out( 2858): Location: no CS school | WiFiNavigator running:true
01-27 18:10:28.468 I/System.out( 2858): Battery level: 100 | Time difference: -1
01-27 18:10:29.559 D/dalvikvm( 2858): GC_CONCURRENT freed 424K, 6% free 9050K/9584K, paused 2ms+3ms, total 18ms
01-27 18:10:31.470 I/System.out( 2858): Location: no CS school | WiFiNavigator running:true
01-27 18:10:31.470 I/System.out( 2858): Battery level: 100 | Time difference: -1
01-27 18:10:34.473 I/System.out( 2858): Location: no CS school | WiFiNavigator running:true
01-27 18:10:34.473 I/System.out( 2858): Battery level: 100 | Time difference: -1
01-27 18:10:36.706 D/dalvikvm(  752): GC_CONCURRENT freed 522K, 6% free 10664K/11300K, paused 21ms+5ms, total 92ms
01-27 18:10:36.706 D/dalvikvm( 2858): GC_CONCURRENT freed 434K, 6% free 9058K/9584K, paused 5ms+1ms, total 17ms
01-27 18:10:37.476 I/System.out( 2858): Location: no CS school | WiFiNavigator running:true
01-27 18:10:37.476 I/System.out( 2858): Battery level: 100 | Time difference: -1
01-27 18:10:40.479 I/System.out( 2858): Location: no CS school | WiFiNavigator running:true
01-27 18:10:40.479 I/System.out( 2858): Battery level: 100 | Time difference: -1
01-27 18:10:43.482 I/System.out( 2858): Location: no CS school | WiFiNavigator running:true
01-27 18:10:43.482 I/System.out( 2858): Battery level: 100 | Time difference: -1
01-27 18:10:46.485 I/System.out( 2858): Location: no CS school | WiFiNavigator running:true
01-27 18:10:46.485 I/System.out( 2858): Battery level: 100 | Time difference: -1
01-27 18:10:48.217 D/dalvikvm( 2858): GC_CONCURRENT freed 384K, 6% free 9088K/9584K, paused 5ms+19ms, total 59ms
01-27 18:10:49.488 I/System.out( 2858): Location: no CS school | WiFiNavigator running:true
01-27 18:10:49.488 I/System.out( 2858): Battery level: 100 | Time difference: -1
01-27 18:10:52.481 I/System.out( 2858): Location: no CS school | WiFiNavigator running:true
01-27 18:10:52.481 I/System.out( 2858): Battery level: 100 | Time difference: -1
01-27 18:10:55.264 D/dalvikvm(  752): GC_CONCURRENT freed 545K, 6% free 10673K/11328K, paused 14ms+5ms, total 89ms
01-27 18:10:55.274 D/dalvikvm( 2858): GC_CONCURRENT freed 456K, 6% free 9095K/9600K, paused 5ms+2ms, total 18ms
01-27 18:10:55.484 I/System.out( 2858): Location: no CS school | WiFiNavigator running:true
01-27 18:10:55.484 I/System.out( 2858): Battery level: 100 | Time difference: -1
01-27 18:10:57.646 D/dalvikvm(  535): GC_CONCURRENT freed 1699K, 15% free 15910K/18576K, paused 27ms+6ms, total 149ms
01-27 18:10:58.487 I/System.out( 2858): Location: no CS school | WiFiNavigator running:true
01-27 18:10:58.487 I/System.out( 2858): Battery level: 100 | Time difference: -1
01-27 18:11:01.490 I/System.out( 2858): Location: no CS school | WiFiNavigator running:true
01-27 18:11:01.490 I/System.out( 2858): Battery level: 100 | Time difference: -1
01-27 18:11:04.493 I/System.out( 2858): Location: no CS school | WiFiNavigator running:true
01-27 18:11:04.493 I/System.out( 2858): Battery level: 100 | Time difference: -1
01-27 18:11:04.583 D/dalvikvm( 2858): GC_CONCURRENT freed 441K, 6% free 9065K/9596K, paused 2ms+2ms, total 17ms
01-27 18:11:07.496 I/System.out( 2858): Location: no CS school | WiFiNavigator running:true
01-27 18:11:07.496 I/System.out( 2858): Battery level: 100 | Time difference: -1
01-27 18:11:10.489 I/System.out( 2858): Location: no CS school | WiFiNavigator running:true
01-27 18:11:10.489 I/System.out( 2858): Battery level: 100 | Time difference: -1
01-27 18:11:11.560 D/dalvikvm( 2858): GC_CONCURRENT freed 413K, 6% free 9056K/9580K, paused 2ms+1ms, total 19ms
01-27 18:11:11.580 D/dalvikvm(  752): GC_CONCURRENT freed 529K, 6% free 10681K/11328K, paused 3ms+5ms, total 55ms
01-27 18:11:13.491 I/System.out( 2858): Location: no CS school | WiFiNavigator running:true
01-27 18:11:13.491 I/System.out( 2858): Battery level: 100 | Time difference: -1
01-27 18:11:16.494 I/System.out( 2858): Location: no CS school | WiFiNavigator running:true
01-27 18:11:16.494 I/System.out( 2858): Battery level: 100 | Time difference: -1
01-27 18:11:18.676 D/dalvikvm( 2858): GC_CONCURRENT freed 405K, 6% free 9056K/9580K, paused 2ms+2ms, total 17ms
01-27 18:11:19.487 I/System.out( 2858): Location: no CS school | WiFiNavigator running:true
01-27 18:11:19.487 I/System.out( 2858): Battery level: 100 | Time difference: -1
01-27 18:11:22.490 I/System.out( 2858): Location: no CS school | WiFiNavigator running:true
01-27 18:11:22.490 I/System.out( 2858): Battery level: 100 | Time difference: -1
01-27 18:11:25.493 I/System.out( 2858): Location: no CS school | WiFiNavigator running:true
01-27 18:11:25.493 I/System.out( 2858): Battery level: 100 | Time difference: -1
01-27 18:11:25.683 D/dalvikvm( 2858): GC_CONCURRENT freed 386K, 6% free 9055K/9576K, paused 2ms+2ms, total 16ms
01-27 18:11:28.046 D/dalvikvm(  752): GC_CONCURRENT freed 518K, 6% free 10676K/11328K, paused 2ms+4ms, total 42ms
01-27 18:11:28.486 I/System.out( 2858): Location: no CS school | WiFiNavigator running:true
01-27 18:11:28.486 I/System.out( 2858): Battery level: 100 | Time difference: -1
01-27 18:11:31.499 I/System.out( 2858): Location: no CS school | WiFiNavigator running:true
01-27 18:11:31.499 I/System.out( 2858): Battery level: 100 | Time difference: -1
01-27 18:11:34.502 I/System.out( 2858): Location: no CS school | WiFiNavigator running:true
01-27 18:11:34.502 I/System.out( 2858): Battery level: 100 | Time difference: -1
01-27 18:11:35.103 D/dalvikvm( 2858): GC_CONCURRENT freed 387K, 6% free 9089K/9576K, paused 10ms+18ms, total 51ms
01-27 18:11:37.505 I/System.out( 2858): Location: no CS school | WiFiNavigator running:true
01-27 18:11:37.505 I/System.out( 2858): Battery level: 100 | Time difference: -1
01-27 18:11:40.498 I/System.out( 2858): Location: no CS school | WiFiNavigator running:true
01-27 18:11:40.498 I/System.out( 2858): Battery level: 100 | Time difference: -1
01-27 18:11:42.259 D/dalvikvm(  535): GC_CONCURRENT freed 1661K, 15% free 15893K/18576K, paused 12ms+7ms, total 131ms
01-27 18:11:43.501 I/System.out( 2858): Location: no CS school | WiFiNavigator running:true
01-27 18:11:43.501 I/System.out( 2858): Battery level: 100 | Time difference: -1
01-27 18:11:44.482 D/dalvikvm( 2858): GC_CONCURRENT freed 401K, 6% free 9074K/9576K, paused 9ms+2ms, total 26ms
01-27 18:11:44.522 D/dalvikvm(  752): GC_CONCURRENT freed 505K, 6% free 10699K/11328K, paused 16ms+5ms, total 71ms
01-27 18:11:46.504 I/System.out( 2858): Location: no CS school | WiFiNavigator running:true
01-27 18:11:46.504 I/System.out( 2858): Battery level: 100 | Time difference: -1
01-27 18:11:49.497 I/System.out( 2858): Location: no CS school | WiFiNavigator running:true
01-27 18:11:49.497 I/System.out( 2858): Battery level: 100 | Time difference: -1
01-27 18:11:51.569 D/dalvikvm( 2858): GC_CONCURRENT freed 427K, 6% free 9066K/9576K, paused 10ms+2ms, total 43ms
01-27 18:11:52.509 I/System.out( 2858): Location: no CS school | WiFiNavigator running:true
01-27 18:11:52.509 I/System.out( 2858): Battery level: 100 | Time difference: -1
01-27 18:11:55.502 I/System.out( 2858): Location: no CS school | WiFiNavigator running:true
01-27 18:11:55.502 I/System.out( 2858): Battery level: 100 | Time difference: -1
01-27 18:11:58.505 I/System.out( 2858): Location: no CS school | WiFiNavigator running:true
01-27 18:11:58.505 I/System.out( 2858): Battery level: 100 | Time difference: -1
01-27 18:11:58.635 D/dalvikvm( 2858): GC_CONCURRENT freed 400K, 6% free 9052K/9576K, paused 3ms+1ms, total 17ms
01-27 18:12:01.098 D/dalvikvm(  752): GC_CONCURRENT freed 539K, 6% free 10701K/11356K, paused 7ms+4ms, total 67ms
01-27 18:12:01.498 I/System.out( 2858): Location: no CS school | WiFiNavigator running:true
01-27 18:12:01.498 I/System.out( 2858): Battery level: 100 | Time difference: -1
01-27 18:12:04.511 I/System.out( 2858): Location: no CS school | WiFiNavigator running:true
01-27 18:12:04.511 I/System.out( 2858): Battery level: 100 | Time difference: -1
01-27 18:12:07.514 I/System.out( 2858): Location: no CS school | WiFiNavigator running:true
01-27 18:12:07.514 I/System.out( 2858): Battery level: 100 | Time difference: -1
01-27 18:12:08.125 D/dalvikvm( 2858): GC_CONCURRENT freed 388K, 6% free 9061K/9576K, paused 3ms+3ms, total 18ms
01-27 18:12:10.517 I/System.out( 2858): Location: no CS school | WiFiNavigator running:true
01-27 18:12:10.517 I/System.out( 2858): Battery level: 100 | Time difference: -1
01-27 18:12:13.520 I/System.out( 2858): Location: no CS school | WiFiNavigator running:true
01-27 18:12:13.520 I/System.out( 2858): Battery level: 100 | Time difference: -1
01-27 18:12:15.051 D/dalvikvm( 2858): GC_CONCURRENT freed 411K, 6% free 9063K/9572K, paused 3ms+1ms, total 17ms
01-27 18:12:16.513 I/System.out( 2858): Location: no CS school | WiFiNavigator running:true
01-27 18:12:16.513 I/System.out( 2858): Battery level: 100 | Time difference: -1
01-27 18:12:19.516 I/System.out( 2858): Location: no CS school | WiFiNavigator running:true
01-27 18:12:19.516 I/System.out( 2858): Battery level: 100 | Time difference: -1
01-27 18:12:19.786 D/dalvikvm(  752): GC_CONCURRENT freed 540K, 6% free 10694K/11356K, paused 2ms+5ms, total 55ms
01-27 18:12:22.519 I/System.out( 2858): Location: no CS school | WiFiNavigator running:true
01-27 18:12:22.519 I/System.out( 2858): Battery level: 100 | Time difference: -1
01-27 18:12:25.522 I/System.out( 2858): Location: no CS school | WiFiNavigator running:true
01-27 18:12:25.522 I/System.out( 2858): Battery level: 100 | Time difference: -1
01-27 18:12:26.663 D/dalvikvm( 2858): GC_CONCURRENT freed 415K, 6% free 9065K/9572K, paused 9ms+2ms, total 43ms
01-27 18:12:28.525 I/System.out( 2858): Location: no CS school | WiFiNavigator running:true
01-27 18:12:28.525 I/System.out( 2858): Battery level: 100 | Time difference: -1
01-27 18:12:31.367 D/dalvikvm(  535): GC_CONCURRENT freed 1661K, 15% free 15925K/18576K, paused 20ms+7ms, total 117ms
01-27 18:12:31.518 I/System.out( 2858): Location: no CS school | WiFiNavigator running:true
01-27 18:12:31.518 I/System.out( 2858): Battery level: 100 | Time difference: -1
01-27 18:12:33.670 D/dalvikvm( 2858): GC_CONCURRENT freed 443K, 6% free 9059K/9572K, paused 3ms+2ms, total 30ms
01-27 18:12:34.530 I/System.out( 2858): Location: no CS school | WiFiNavigator running:true
01-27 18:12:34.530 I/System.out( 2858): Battery level: 100 | Time difference: -1
01-27 18:12:37.523 I/System.out( 2858): Location: no CS school | WiFiNavigator running:true
01-27 18:12:37.533 I/System.out( 2858): Battery level: 100 | Time difference: -1
01-27 18:12:38.424 D/dalvikvm(  752): GC_CONCURRENT freed 528K, 6% free 10687K/11356K, paused 3ms+4ms, total 45ms
01-27 18:12:40.526 I/System.out( 2858): Location: no CS school | WiFiNavigator running:true
01-27 18:12:40.526 I/System.out( 2858): Battery level: 100 | Time difference: -1
01-27 18:12:42.999 D/dalvikvm( 2858): GC_CONCURRENT freed 380K, 6% free 9089K/9572K, paused 10ms+2ms, total 43ms
01-27 18:12:43.529 I/System.out( 2858): Location: no CS school | WiFiNavigator running:true
01-27 18:12:43.529 I/System.out( 2858): Battery level: 100 | Time difference: -1
01-27 18:12:46.532 I/System.out( 2858): Location: no CS school | WiFiNavigator running:true
01-27 18:12:46.532 I/System.out( 2858): Battery level: 100 | Time difference: -1
01-27 18:12:49.535 I/System.out( 2858): Location: no CS school | WiFiNavigator running:true
01-27 18:12:49.535 I/System.out( 2858): Battery level: 100 | Time difference: -1
01-27 18:12:49.986 D/dalvikvm( 2858): GC_CONCURRENT freed 472K, 6% free 9065K/9576K, paused 3ms+1ms, total 21ms
01-27 18:12:52.528 I/System.out( 2858): Location: no CS school | WiFiNavigator running:true
01-27 18:12:52.528 I/System.out( 2858): Battery level: 100 | Time difference: -1
01-27 18:12:55.531 I/System.out( 2858): Location: no CS school | WiFiNavigator running:true
01-27 18:12:55.531 I/System.out( 2858): Battery level: 100 | Time difference: -1
01-27 18:12:57.012 D/dalvikvm(  752): GC_CONCURRENT freed 525K, 6% free 10687K/11356K, paused 20ms+4ms, total 59ms
01-27 18:12:58.534 I/System.out( 2858): Location: no CS school | WiFiNavigator running:true
01-27 18:12:58.534 I/System.out( 2858): Battery level: 100 | Time difference: -1
01-27 18:12:59.315 D/dalvikvm( 2858): GC_CONCURRENT freed 383K, 6% free 9088K/9576K, paused 26ms+3ms, total 56ms
01-27 18:13:01.527 I/System.out( 2858): Location: no CS school | WiFiNavigator running:true
01-27 18:13:01.537 I/System.out( 2858): Battery level: 100 | Time difference: -1
01-27 18:13:04.540 I/System.out( 2858): Location: no CS school | WiFiNavigator running:true
01-27 18:13:04.540 I/System.out( 2858): Battery level: 100 | Time difference: -1
01-27 18:13:06.251 D/dalvikvm( 2858): GC_CONCURRENT freed 460K, 6% free 9066K/9572K, paused 3ms+3ms, total 24ms
01-27 18:13:07.543 I/System.out( 2858): Location: no CS school | WiFiNavigator running:true
01-27 18:13:07.543 I/System.out( 2858): Battery level: 100 | Time difference: -1
01-27 18:13:10.546 I/System.out( 2858): Location: no CS school | WiFiNavigator running:true
01-27 18:13:10.546 I/System.out( 2858): Battery level: 100 | Time difference: -1
01-27 18:13:13.539 I/System.out( 2858): Location: no CS school | WiFiNavigator running:true
01-27 18:13:13.539 I/System.out( 2858): Battery level: 100 | Time difference: -1
01-27 18:13:15.581 D/dalvikvm( 2858): GC_CONCURRENT freed 381K, 6% free 9088K/9572K, paused 5ms+5ms, total 29ms
01-27 18:13:16.541 I/System.out( 2858): Location: no CS school | WiFiNavigator running:true
01-27 18:13:16.541 I/System.out( 2858): Battery level: 100 | Time difference: -1
01-27 18:13:17.933 D/dalvikvm(  752): GC_CONCURRENT freed 558K, 6% free 10691K/11364K, paused 19ms+5ms, total 83ms
01-27 18:13:19.544 I/System.out( 2858): Location: no CS school | WiFiNavigator running:true
01-27 18:13:19.544 I/System.out( 2858): Battery level: 100 | Time difference: -1
01-27 18:13:22.537 I/System.out( 2858): Location: no CS school | WiFiNavigator running:true
01-27 18:13:22.537 I/System.out( 2858): Battery level: 100 | Time difference: -1
