01-14 11:10:22.563 I/System.out(18959): Values:0
01-14 11:10:22.563 D/BluetoothAdapter(18959): stopLeScan()
01-14 11:10:22.573 D/BtGatt.GattService(14573): stopScan() - queue=1
01-14 11:10:22.573 D/BtGatt.GattService(14573): stopScan() - queue empty; stopping scan
01-14 11:10:22.573 D/BtGatt.btif(14573): btif_gattc_scan
01-14 11:10:22.573 D/BtGatt.btif(14573): btgattc_handle_event: Event 1003
01-14 11:10:22.573 D/BtGatt.GattService(14573): unregisterClient() - clientIf=4
01-14 11:10:22.573 D/BtGatt.btif(14573): btif_gattc_unregister_app
01-14 11:10:22.573 D/BtGatt.btif(14573): btgattc_handle_event: Event 1001
01-14 11:10:22.573 D/BtGatt.btif(14573): btif_gattc_upstreams_evt: Event 1
01-14 11:10:22.583 I/System.out(18959): About to start new scanning
01-14 11:10:22.583 D/BluetoothAdapter(18959): startLeScan(): null
01-14 11:10:22.583 D/BtGatt.GattService(14573): registerClient() - UUID=dbba477f-4ab9-49e6-b04b-49d96762cf23
01-14 11:10:22.583 D/BtGatt.btif(14573): btif_gattc_register_app
01-14 11:10:22.613 D/BtGatt.btif(14573): btgattc_handle_event: Event 1000
01-14 11:10:22.613 D/BtGatt.btif(14573): btif_gattc_upstreams_evt: Event 0
01-14 11:10:22.613 D/BtGatt.GattService(14573): onClientRegistered() - UUID=dbba477f-4ab9-49e6-b04b-49d96762cf23, clientIf=4
01-14 11:10:22.613 D/BluetoothAdapter(18959): onClientRegistered() - status=0 clientIf=4
01-14 11:10:22.633 D/BtGatt.GattService(14573): startScan() - queue=0
01-14 11:10:22.633 D/BtGatt.GattService(14573): startScan() - adding client=4
01-14 11:10:22.633 D/BtGatt.btif(14573): btif_gattc_scan
01-14 11:10:22.633 D/BtGatt.btif(14573): btgattc_handle_event: Event 1002
01-14 11:10:22.633 I/System.out(18959): Started new scanning
01-14 11:10:23.564 I/System.out(18959): Values:0
01-14 11:10:24.565 I/System.out(18959): Values:0
01-14 11:10:25.576 I/System.out(18959): Values:0
01-14 11:10:26.577 I/System.out(18959): Values:0
01-14 11:10:27.578 I/System.out(18959): Values:0
01-14 11:10:28.579 I/System.out(18959): Values:0
01-14 11:10:29.580 I/System.out(18959): Values:0
01-14 11:10:30.580 I/System.out(18959): Values:0
01-14 11:10:31.581 I/System.out(18959): Values:0
01-14 11:10:32.582 D/BluetoothAdapter(18959): stopLeScan()
01-14 11:10:32.602 D/BtGatt.GattService(14573): stopScan() - queue=1
01-14 11:10:32.602 D/BtGatt.GattService(14573): stopScan() - queue empty; stopping scan
01-14 11:10:32.602 D/BtGatt.btif(14573): btif_gattc_scan
01-14 11:10:32.612 D/BtGatt.btif(14573): btgattc_handle_event: Event 1003
01-14 11:10:32.612 I/System.out(18959): Values:0
01-14 11:10:32.622 D/BtGatt.GattService(14573): unregisterClient() - clientIf=4
01-14 11:10:32.622 D/BtGatt.btif(14573): btif_gattc_unregister_app
01-14 11:10:32.632 D/BtGatt.btif(14573): btgattc_handle_event: Event 1001
01-14 11:10:32.632 D/BtGatt.btif(14573): btif_gattc_upstreams_evt: Event 1
01-14 11:10:32.632 I/System.out(18959): About to start new scanning
01-14 11:10:32.632 D/BluetoothAdapter(18959): startLeScan(): null
01-14 11:10:32.642 D/BtGatt.GattService(14573): registerClient() - UUID=7322aa23-d5f2-4c0f-8a92-0834c0fd7566
01-14 11:10:32.642 D/BtGatt.btif(14573): btif_gattc_register_app
01-14 11:10:32.642 D/BtGatt.btif(14573): btgattc_handle_event: Event 1000
01-14 11:10:32.642 D/BtGatt.btif(14573): btif_gattc_upstreams_evt: Event 0
01-14 11:10:32.642 D/BtGatt.GattService(14573): onClientRegistered() - UUID=7322aa23-d5f2-4c0f-8a92-0834c0fd7566, clientIf=4
01-14 11:10:32.642 D/BluetoothAdapter(18959): onClientRegistered() - status=0 clientIf=4
01-14 11:10:32.653 D/BtGatt.GattService(14573): startScan() - queue=0
01-14 11:10:32.653 D/BtGatt.GattService(14573): startScan() - adding client=4
01-14 11:10:32.653 D/BtGatt.btif(14573): btif_gattc_scan
01-14 11:10:32.653 D/BtGatt.btif(14573): btgattc_handle_event: Event 1002
01-14 11:10:32.653 I/System.out(18959): Started new scanning
01-14 11:10:33.583 I/System.out(18959): Values:0
01-14 11:10:34.584 I/System.out(18959): Values:0
01-14 11:10:35.595 I/System.out(18959): Values:0
01-14 11:10:36.596 I/System.out(18959): Values:0
01-14 11:10:37.587 I/System.out(18959): Values:0
01-14 11:10:38.588 I/System.out(18959): Values:0
01-14 11:10:39.589 I/System.out(18959): Values:0
01-14 11:10:40.600 I/System.out(18959): Values:0
01-14 11:10:41.601 I/System.out(18959): Values:0
01-14 11:10:42.602 I/System.out(18959): Values:0
01-14 11:10:42.602 D/BluetoothAdapter(18959): stopLeScan()
01-14 11:10:42.612 D/BtGatt.GattService(14573): stopScan() - queue=1
01-14 11:10:42.612 D/BtGatt.GattService(14573): stopScan() - queue empty; stopping scan
01-14 11:10:42.612 D/BtGatt.btif(14573): btif_gattc_scan
01-14 11:10:42.612 D/BtGatt.btif(14573): btgattc_handle_event: Event 1003
01-14 11:10:42.632 D/BtGatt.GattService(14573): unregisterClient() - clientIf=4
01-14 11:10:42.642 D/BtGatt.btif(14573): btif_gattc_unregister_app
01-14 11:10:42.642 D/BtGatt.btif(14573): btgattc_handle_event: Event 1001
01-14 11:10:42.652 D/BtGatt.btif(14573): btif_gattc_upstreams_evt: Event 1
01-14 11:10:42.652 I/System.out(18959): About to start new scanning
01-14 11:10:42.652 D/BluetoothAdapter(18959): startLeScan(): null
01-14 11:10:42.662 D/BtGatt.GattService(14573): registerClient() - UUID=7fca78e8-9f25-435a-866d-158d2c0a9f8e
01-14 11:10:42.662 D/BtGatt.btif(14573): btif_gattc_register_app
01-14 11:10:42.662 D/BtGatt.btif(14573): btgattc_handle_event: Event 1000
01-14 11:10:42.662 D/BtGatt.btif(14573): btif_gattc_upstreams_evt: Event 0
01-14 11:10:42.662 D/BtGatt.GattService(14573): onClientRegistered() - UUID=7fca78e8-9f25-435a-866d-158d2c0a9f8e, clientIf=4
01-14 11:10:42.662 D/BluetoothAdapter(18959): onClientRegistered() - status=0 clientIf=4
01-14 11:10:42.662 D/BtGatt.GattService(14573): startScan() - queue=0
01-14 11:10:42.672 D/BtGatt.GattService(14573): startScan() - adding client=4
01-14 11:10:42.672 D/BtGatt.btif(14573): btif_gattc_scan
01-14 11:10:42.672 D/BtGatt.btif(14573): btgattc_handle_event: Event 1002
01-14 11:10:42.672 I/System.out(18959): Started new scanning
01-14 11:10:43.603 I/System.out(18959): Values:0
01-14 11:10:44.604 I/System.out(18959): Values:0
01-14 11:10:45.605 I/System.out(18959): Values:0
01-14 11:10:46.606 I/System.out(18959): Values:0
01-14 11:10:47.617 I/System.out(18959): Values:0
01-14 11:10:48.608 I/System.out(18959): Values:0
01-14 11:10:49.619 I/System.out(18959): Values:0
01-14 11:10:50.620 I/System.out(18959): Values:0
01-14 11:10:51.621 I/System.out(18959): Values:0
01-14 11:10:52.622 I/System.out(18959): Values:0
01-14 11:10:52.632 D/BluetoothAdapter(18959): stopLeScan()
01-14 11:10:52.642 D/BtGatt.GattService(14573): stopScan() - queue=1
01-14 11:10:52.642 D/BtGatt.GattService(14573): stopScan() - queue empty; stopping scan
01-14 11:10:52.642 D/BtGatt.btif(14573): btif_gattc_scan
01-14 11:10:52.642 D/BtGatt.btif(14573): btgattc_handle_event: Event 1003
01-14 11:10:52.672 D/BtGatt.GattService(14573): unregisterClient() - clientIf=4
01-14 11:10:52.672 D/BtGatt.btif(14573): btif_gattc_unregister_app
01-14 11:10:52.672 D/BtGatt.btif(14573): btgattc_handle_event: Event 1001
01-14 11:10:52.682 D/BtGatt.btif(14573): btif_gattc_upstreams_evt: Event 1
01-14 11:10:52.682 I/System.out(18959): About to start new scanning
01-14 11:10:52.682 D/BluetoothAdapter(18959): startLeScan(): null
01-14 11:10:52.692 D/BtGatt.GattService(14573): registerClient() - UUID=5d40697e-9d11-4a3f-937f-9c8240228f85
01-14 11:10:52.692 D/BtGatt.btif(14573): btif_gattc_register_app
01-14 11:10:52.692 D/BtGatt.btif(14573): btgattc_handle_event: Event 1000
01-14 11:10:52.692 D/BtGatt.btif(14573): btif_gattc_upstreams_evt: Event 0
01-14 11:10:52.692 D/BtGatt.GattService(14573): onClientRegistered() - UUID=5d40697e-9d11-4a3f-937f-9c8240228f85, clientIf=4
01-14 11:10:52.692 D/BluetoothAdapter(18959): onClientRegistered() - status=0 clientIf=4
01-14 11:10:52.692 D/BtGatt.GattService(14573): startScan() - queue=0
01-14 11:10:52.702 D/BtGatt.GattService(14573): startScan() - adding client=4
01-14 11:10:52.702 D/BtGatt.btif(14573): btif_gattc_scan
01-14 11:10:52.702 D/BtGatt.btif(14573): btgattc_handle_event: Event 1002
01-14 11:10:52.702 I/System.out(18959): Started new scanning
01-14 11:10:53.623 I/System.out(18959): Values:0
01-14 11:10:54.624 I/System.out(18959): Values:0
01-14 11:10:55.625 I/System.out(18959): Values:0
01-14 11:10:56.626 I/System.out(18959): Values:0
01-14 11:10:57.627 I/System.out(18959): Values:0
01-14 11:10:58.628 I/System.out(18959): Values:0
01-14 11:10:59.629 I/System.out(18959): Values:0
01-14 11:11:00.630 I/System.out(18959): Values:0
01-14 11:11:01.631 I/System.out(18959): Values:0
01-14 11:11:02.632 I/System.out(18959): Values:0
01-14 11:11:02.642 D/BluetoothAdapter(18959): stopLeScan()
01-14 11:11:02.652 D/BtGatt.GattService(14573): stopScan() - queue=1
01-14 11:11:02.652 D/BtGatt.GattService(14573): stopScan() - queue empty; stopping scan
01-14 11:11:02.652 D/BtGatt.btif(14573): btif_gattc_scan
01-14 11:11:02.652 D/BtGatt.btif(14573): btgattc_handle_event: Event 1003
01-14 11:11:02.682 D/BtGatt.GattService(14573): unregisterClient() - clientIf=4
01-14 11:11:02.682 D/BtGatt.btif(14573): btif_gattc_unregister_app
01-14 11:11:02.692 D/BtGatt.btif(14573): btgattc_handle_event: Event 1001
01-14 11:11:02.692 D/BtGatt.btif(14573): btif_gattc_upstreams_evt: Event 1
01-14 11:11:02.692 I/System.out(18959): About to start new scanning
01-14 11:11:02.702 D/BluetoothAdapter(18959): startLeScan(): null
01-14 11:11:02.702 D/BtGatt.GattService(14573): registerClient() - UUID=e450b299-0e64-4f7c-aebc-13d8008e3907
01-14 11:11:02.702 D/BtGatt.btif(14573): btif_gattc_register_app
01-14 11:11:02.702 D/BtGatt.btif(14573): btgattc_handle_event: Event 1000
01-14 11:11:02.702 D/BtGatt.btif(14573): btif_gattc_upstreams_evt: Event 0
01-14 11:11:02.702 D/BtGatt.GattService(14573): onClientRegistered() - UUID=e450b299-0e64-4f7c-aebc-13d8008e3907, clientIf=4
01-14 11:11:02.702 D/BluetoothAdapter(18959): onClientRegistered() - status=0 clientIf=4
01-14 11:11:02.712 D/BtGatt.GattService(14573): startScan() - queue=0
01-14 11:11:02.712 D/BtGatt.GattService(14573): startScan() - adding client=4
01-14 11:11:02.712 D/BtGatt.btif(14573): btif_gattc_scan
01-14 11:11:02.712 D/BtGatt.btif(14573): btgattc_handle_event: Event 1002
01-14 11:11:02.712 I/System.out(18959): Started new scanning
01-14 11:11:03.643 I/System.out(18959): Values:0
01-14 11:11:04.644 I/System.out(18959): Values:0
01-14 11:11:05.645 I/System.out(18959): Values:0
01-14 11:11:06.636 I/System.out(18959): Values:0
01-14 11:11:07.637 I/System.out(18959): Values:0
01-14 11:11:08.648 I/System.out(18959): Values:0
01-14 11:11:09.649 I/System.out(18959): Values:0
01-14 11:11:10.650 I/System.out(18959): Values:0
01-14 11:11:11.651 I/System.out(18959): Values:0
01-14 11:11:12.652 I/System.out(18959): Values:0
01-14 11:11:12.652 D/BluetoothAdapter(18959): stopLeScan()
01-14 11:11:12.662 D/BtGatt.GattService(14573): stopScan() - queue=1
01-14 11:11:12.662 D/BtGatt.GattService(14573): stopScan() - queue empty; stopping scan
01-14 11:11:12.662 D/BtGatt.btif(14573): btif_gattc_scan
01-14 11:11:12.662 D/BtGatt.btif(14573): btgattc_handle_event: Event 1003
01-14 11:11:12.672 D/BtGatt.GattService(14573): unregisterClient() - clientIf=4
01-14 11:11:12.672 D/BtGatt.btif(14573): btif_gattc_unregister_app
01-14 11:11:12.672 D/BtGatt.btif(14573): btgattc_handle_event: Event 1001
01-14 11:11:12.672 D/BtGatt.btif(14573): btif_gattc_upstreams_evt: Event 1
01-14 11:11:12.672 I/System.out(18959): About to start new scanning
01-14 11:11:12.672 D/BluetoothAdapter(18959): startLeScan(): null
01-14 11:11:12.672 D/BtGatt.GattService(14573): registerClient() - UUID=4c3b1611-3798-478d-bfd8-22c93339c669
01-14 11:11:12.672 D/BtGatt.btif(14573): btif_gattc_register_app
01-14 11:11:12.672 D/BtGatt.btif(14573): btgattc_handle_event: Event 1000
01-14 11:11:12.672 D/BtGatt.btif(14573): btif_gattc_upstreams_evt: Event 0
01-14 11:11:12.672 D/BtGatt.GattService(14573): onClientRegistered() - UUID=4c3b1611-3798-478d-bfd8-22c93339c669, clientIf=4
01-14 11:11:12.712 D/BluetoothAdapter(18959): onClientRegistered() - status=0 clientIf=4
01-14 11:11:12.712 D/BtGatt.GattService(14573): startScan() - queue=0
01-14 11:11:12.712 D/BtGatt.GattService(14573): startScan() - adding client=4
01-14 11:11:12.722 D/BtGatt.btif(14573): btif_gattc_scan
01-14 11:11:12.722 D/BtGatt.btif(14573): btgattc_handle_event: Event 1002
01-14 11:11:12.722 I/System.out(18959): Started new scanning
01-14 11:11:13.653 I/System.out(18959): Values:0
01-14 11:11:14.653 I/System.out(18959): Values:0
01-14 11:11:15.654 I/System.out(18959): Values:0
01-14 11:11:16.655 I/System.out(18959): Values:0
01-14 11:11:17.656 I/System.out(18959): Values:0
01-14 11:11:18.657 I/System.out(18959): Values:0
01-14 11:11:19.658 I/System.out(18959): Values:0
01-14 11:11:20.659 I/System.out(18959): Values:0
01-14 11:11:21.660 I/System.out(18959): Values:0
01-14 11:11:22.661 I/System.out(18959): Values:0
01-14 11:11:22.661 D/BluetoothAdapter(18959): stopLeScan()
01-14 11:11:22.681 D/BtGatt.GattService(14573): stopScan() - queue=1
01-14 11:11:22.681 D/BtGatt.GattService(14573): stopScan() - queue empty; stopping scan
01-14 11:11:22.691 D/BtGatt.btif(14573): btif_gattc_scan
01-14 11:11:22.691 D/BtGatt.btif(14573): btgattc_handle_event: Event 1003
01-14 11:11:22.701 D/BtGatt.GattService(14573): unregisterClient() - clientIf=4
01-14 11:11:22.701 D/BtGatt.btif(14573): btif_gattc_unregister_app
01-14 11:11:22.701 D/BtGatt.btif(14573): btgattc_handle_event: Event 1001
01-14 11:11:22.701 D/BtGatt.btif(14573): btif_gattc_upstreams_evt: Event 1
01-14 11:11:22.711 I/System.out(18959): About to start new scanning
01-14 11:11:22.711 D/BluetoothAdapter(18959): startLeScan(): null
01-14 11:11:22.711 D/BtGatt.GattService(14573): registerClient() - UUID=0678b43b-f58b-485f-8678-91aabf62d3a5
01-14 11:11:22.711 D/BtGatt.btif(14573): btif_gattc_register_app
01-14 11:11:22.721 D/BtGatt.btif(14573): btgattc_handle_event: Event 1000
01-14 11:11:22.721 D/BtGatt.btif(14573): btif_gattc_upstreams_evt: Event 0
01-14 11:11:22.721 D/BtGatt.GattService(14573): onClientRegistered() - UUID=0678b43b-f58b-485f-8678-91aabf62d3a5, clientIf=4
01-14 11:11:22.721 D/BluetoothAdapter(18959): onClientRegistered() - status=0 clientIf=4
01-14 11:11:22.731 D/BtGatt.GattService(14573): startScan() - queue=0
01-14 11:11:22.731 D/BtGatt.GattService(14573): startScan() - adding client=4
01-14 11:11:22.731 D/BtGatt.btif(14573): btif_gattc_scan
01-14 11:11:22.731 D/BtGatt.btif(14573): btgattc_handle_event: Event 1002
01-14 11:11:22.741 I/System.out(18959): Started new scanning
01-14 11:11:23.662 I/System.out(18959): Values:0
01-14 11:11:24.673 I/System.out(18959): Values:0
01-14 11:11:25.674 I/System.out(18959): Values:0
01-14 11:11:26.665 I/System.out(18959): Values:0
01-14 11:11:27.666 I/System.out(18959): Values:0
01-14 11:11:28.667 I/System.out(18959): Values:0
01-14 11:11:29.678 I/System.out(18959): Values:0
01-14 11:11:30.679 I/System.out(18959): Values:0
01-14 11:11:31.680 I/System.out(18959): Values:0
01-14 11:11:32.681 I/System.out(18959): Values:0
01-14 11:11:32.681 D/BluetoothAdapter(18959): stopLeScan()
01-14 11:11:32.701 D/BtGatt.GattService(14573): stopScan() - queue=1
01-14 11:11:32.701 D/BtGatt.GattService(14573): stopScan() - queue empty; stopping scan
01-14 11:11:32.711 D/BtGatt.btif(14573): btif_gattc_scan
01-14 11:11:32.711 D/BtGatt.btif(14573): btgattc_handle_event: Event 1003
01-14 11:11:32.721 D/BtGatt.GattService(14573): unregisterClient() - clientIf=4
01-14 11:11:32.721 D/BtGatt.btif(14573): btif_gattc_unregister_app
01-14 11:11:32.731 D/BtGatt.btif(14573): btgattc_handle_event: Event 1001
01-14 11:11:32.731 D/BtGatt.btif(14573): btif_gattc_upstreams_evt: Event 1
01-14 11:11:32.741 I/System.out(18959): About to start new scanning
01-14 11:11:32.741 D/BluetoothAdapter(18959): startLeScan(): null
01-14 11:11:32.741 D/BtGatt.GattService(14573): registerClient() - UUID=4a776dd3-dfa0-4cd6-8547-ed447d0e3a7f
01-14 11:11:32.741 D/BtGatt.btif(14573): btif_gattc_register_app
01-14 11:11:32.751 D/BtGatt.btif(14573): btgattc_handle_event: Event 1000
01-14 11:11:32.751 D/BtGatt.btif(14573): btif_gattc_upstreams_evt: Event 0
01-14 11:11:32.751 D/BtGatt.GattService(14573): onClientRegistered() - UUID=4a776dd3-dfa0-4cd6-8547-ed447d0e3a7f, clientIf=4
01-14 11:11:32.751 D/BluetoothAdapter(18959): onClientRegistered() - status=0 clientIf=4
01-14 11:11:32.751 D/BtGatt.GattService(14573): startScan() - queue=0
01-14 11:11:32.751 D/BtGatt.GattService(14573): startScan() - adding client=4
01-14 11:11:32.751 D/BtGatt.btif(14573): btif_gattc_scan
01-14 11:11:32.761 D/BtGatt.btif(14573): btgattc_handle_event: Event 1002
01-14 11:11:32.761 I/System.out(18959): Started new scanning
01-14 11:11:33.682 I/System.out(18959): Values:0
01-14 11:11:34.683 I/System.out(18959): Values:0
01-14 11:11:35.694 I/System.out(18959): Values:0
01-14 11:11:36.695 I/System.out(18959): Values:0
01-14 11:11:37.686 I/System.out(18959): Values:0
01-14 11:11:38.687 I/System.out(18959): Values:0
01-14 11:11:39.698 I/System.out(18959): Values:0
01-14 11:11:40.699 I/System.out(18959): Values:0
01-14 11:11:41.700 I/System.out(18959): Values:0
01-14 11:11:42.701 I/System.out(18959): Values:0
01-14 11:11:42.701 D/BluetoothAdapter(18959): stopLeScan()
01-14 11:11:42.711 D/BtGatt.GattService(14573): stopScan() - queue=1
01-14 11:11:42.721 D/BtGatt.GattService(14573): stopScan() - queue empty; stopping scan
01-14 11:11:42.721 D/BtGatt.btif(14573): btif_gattc_scan
01-14 11:11:42.721 D/BtGatt.btif(14573): btgattc_handle_event: Event 1003
01-14 11:11:42.741 D/BtGatt.GattService(14573): unregisterClient() - clientIf=4
01-14 11:11:42.741 D/BtGatt.btif(14573): btif_gattc_unregister_app
01-14 11:11:42.741 D/BtGatt.btif(14573): btgattc_handle_event: Event 1001
01-14 11:11:42.751 D/BtGatt.btif(14573): btif_gattc_upstreams_evt: Event 1
01-14 11:11:42.751 I/System.out(18959): About to start new scanning
01-14 11:11:42.761 D/BluetoothAdapter(18959): startLeScan(): null
01-14 11:11:42.771 D/BtGatt.GattService(14573): registerClient() - UUID=756e47a8-0ce2-46ac-80f4-a0f04bd6543f
01-14 11:11:42.771 D/BtGatt.btif(14573): btif_gattc_register_app
01-14 11:11:42.781 D/BtGatt.btif(14573): btgattc_handle_event: Event 1000
01-14 11:11:42.781 D/BtGatt.btif(14573): btif_gattc_upstreams_evt: Event 0
01-14 11:11:42.781 D/BtGatt.GattService(14573): onClientRegistered() - UUID=756e47a8-0ce2-46ac-80f4-a0f04bd6543f, clientIf=4
01-14 11:11:42.791 D/BluetoothAdapter(18959): onClientRegistered() - status=0 clientIf=4
01-14 11:11:42.791 D/BtGatt.GattService(14573): startScan() - queue=0
01-14 11:11:42.791 D/BtGatt.GattService(14573): startScan() - adding client=4
01-14 11:11:42.801 D/BtGatt.btif(14573): btif_gattc_scan
01-14 11:11:42.801 D/BtGatt.btif(14573): btgattc_handle_event: Event 1002
01-14 11:11:42.801 I/System.out(18959): Started new scanning
01-14 11:11:43.702 I/System.out(18959): Values:0
01-14 11:11:44.703 I/System.out(18959): Values:0
01-14 11:11:45.704 I/System.out(18959): Values:0
01-14 11:11:46.705 I/System.out(18959): Values:0
01-14 11:11:47.706 I/System.out(18959): Values:0
01-14 11:11:48.707 I/System.out(18959): Values:0
01-14 11:11:49.708 I/System.out(18959): Values:0
01-14 11:11:50.719 I/System.out(18959): Values:0
01-14 11:11:51.710 I/System.out(18959): Values:0
01-14 11:11:52.721 D/BluetoothAdapter(18959): stopLeScan()
01-14 11:11:52.721 D/BtGatt.GattService(14573): stopScan() - queue=1
01-14 11:11:52.731 I/System.out(18959): Values:0
01-14 11:11:52.731 D/BtGatt.GattService(14573): stopScan() - queue empty; stopping scan
01-14 11:11:52.741 D/BtGatt.btif(14573): btif_gattc_scan
01-14 11:11:52.741 D/BtGatt.btif(14573): btgattc_handle_event: Event 1003
01-14 11:11:52.751 D/BtGatt.GattService(14573): unregisterClient() - clientIf=4
01-14 11:11:52.751 D/BtGatt.btif(14573): btif_gattc_unregister_app
01-14 11:11:52.761 D/BtGatt.btif(14573): btgattc_handle_event: Event 1001
01-14 11:11:52.761 D/BtGatt.btif(14573): btif_gattc_upstreams_evt: Event 1
01-14 11:11:52.771 I/System.out(18959): About to start new scanning
01-14 11:11:52.771 D/BluetoothAdapter(18959): startLeScan(): null
01-14 11:11:52.771 D/BtGatt.GattService(14573): registerClient() - UUID=3d0aeacd-7da3-4e6b-9497-ef0da601f05e
01-14 11:11:52.771 D/BtGatt.btif(14573): btif_gattc_register_app
01-14 11:11:52.781 D/BtGatt.btif(14573): btgattc_handle_event: Event 1000
01-14 11:11:52.781 D/BtGatt.btif(14573): btif_gattc_upstreams_evt: Event 0
01-14 11:11:52.781 D/BtGatt.GattService(14573): onClientRegistered() - UUID=3d0aeacd-7da3-4e6b-9497-ef0da601f05e, clientIf=4
01-14 11:11:52.781 D/BluetoothAdapter(18959): onClientRegistered() - status=0 clientIf=4
01-14 11:11:52.781 D/BtGatt.GattService(14573): startScan() - queue=0
01-14 11:11:52.781 D/BtGatt.GattService(14573): startScan() - adding client=4
01-14 11:11:52.781 D/BtGatt.btif(14573): btif_gattc_scan
01-14 11:11:52.791 D/BtGatt.btif(14573): btgattc_handle_event: Event 1002
01-14 11:11:52.791 I/System.out(18959): Started new scanning
01-14 11:11:53.722 I/System.out(18959): Values:0
01-14 11:11:54.723 I/System.out(18959): Values:0
01-14 11:11:55.714 I/System.out(18959): Values:0
01-14 11:11:56.725 I/System.out(18959): Values:0
01-14 11:11:57.726 I/System.out(18959): Values:0
01-14 11:11:58.726 I/System.out(18959): Values:0
01-14 11:11:59.727 I/System.out(18959): Values:0
01-14 11:12:00.728 I/System.out(18959): Values:0
01-14 11:12:01.729 I/System.out(18959): Values:0
01-14 11:12:02.740 D/BluetoothAdapter(18959): stopLeScan()
01-14 11:12:02.740 I/System.out(18959): Values:0
01-14 11:12:02.750 D/BtGatt.GattService(14573): stopScan() - queue=1
01-14 11:12:02.750 D/BtGatt.GattService(14573): stopScan() - queue empty; stopping scan
01-14 11:12:02.760 D/BtGatt.btif(14573): btif_gattc_scan
01-14 11:12:02.760 D/BtGatt.btif(14573): btgattc_handle_event: Event 1003
01-14 11:12:02.770 D/BtGatt.GattService(14573): unregisterClient() - clientIf=4
01-14 11:12:02.780 D/BtGatt.btif(14573): btif_gattc_unregister_app
01-14 11:12:02.780 D/BtGatt.btif(14573): btgattc_handle_event: Event 1001
01-14 11:12:02.780 D/BtGatt.btif(14573): btif_gattc_upstreams_evt: Event 1
01-14 11:12:02.790 I/System.out(18959): About to start new scanning
01-14 11:12:02.790 D/BluetoothAdapter(18959): startLeScan(): null
01-14 11:12:02.790 D/BtGatt.GattService(14573): registerClient() - UUID=281e8a9f-c3bd-4aa6-a954-4c8e979208c6
01-14 11:12:02.800 D/BtGatt.btif(14573): btif_gattc_register_app
01-14 11:12:02.800 D/BtGatt.btif(14573): btgattc_handle_event: Event 1000
01-14 11:12:02.800 D/BtGatt.btif(14573): btif_gattc_upstreams_evt: Event 0
01-14 11:12:02.800 D/BtGatt.GattService(14573): onClientRegistered() - UUID=281e8a9f-c3bd-4aa6-a954-4c8e979208c6, clientIf=4
01-14 11:12:02.800 D/BluetoothAdapter(18959): onClientRegistered() - status=0 clientIf=4
01-14 11:12:02.800 D/BtGatt.GattService(14573): startScan() - queue=0
01-14 11:12:02.800 D/BtGatt.GattService(14573): startScan() - adding client=4
01-14 11:12:02.810 D/BtGatt.btif(14573): btif_gattc_scan
01-14 11:12:02.810 D/BtGatt.btif(14573): btgattc_handle_event: Event 1002
01-14 11:12:02.810 I/System.out(18959): Started new scanning
01-14 11:12:03.741 I/System.out(18959): Values:0
01-14 11:12:04.742 I/System.out(18959): Values:0
01-14 11:12:05.743 I/System.out(18959): Values:0
01-14 11:12:06.744 I/System.out(18959): Values:0
01-14 11:12:07.745 I/System.out(18959): Values:0
01-14 11:12:08.746 I/System.out(18959): Values:0
01-14 11:12:09.747 I/System.out(18959): Values:0
01-14 11:12:10.748 I/System.out(18959): Values:0
01-14 11:12:11.749 I/System.out(18959): Values:0
01-14 11:12:12.750 I/System.out(18959): Values:0
01-14 11:12:12.760 D/BluetoothAdapter(18959): stopLeScan()
01-14 11:12:12.770 D/BtGatt.GattService(14573): stopScan() - queue=1
01-14 11:12:12.770 D/BtGatt.GattService(14573): stopScan() - queue empty; stopping scan
01-14 11:12:12.780 D/BtGatt.btif(14573): btif_gattc_scan
01-14 11:12:12.780 D/BtGatt.btif(14573): btgattc_handle_event: Event 1003
01-14 11:12:12.790 D/BtGatt.GattService(14573): unregisterClient() - clientIf=4
01-14 11:12:12.790 D/BtGatt.btif(14573): btif_gattc_unregister_app
01-14 11:12:12.800 D/BtGatt.btif(14573): btgattc_handle_event: Event 1001
01-14 11:12:12.800 D/BtGatt.btif(14573): btif_gattc_upstreams_evt: Event 1
01-14 11:12:12.810 I/System.out(18959): About to start new scanning
01-14 11:12:12.810 D/BluetoothAdapter(18959): startLeScan(): null
01-14 11:12:12.810 D/BtGatt.GattService(14573): registerClient() - UUID=78e2b44a-7ef9-454f-ad88-ef0a1242857b
01-14 11:12:12.810 D/BtGatt.btif(14573): btif_gattc_register_app
01-14 11:12:12.820 D/BtGatt.btif(14573): btgattc_handle_event: Event 1000
01-14 11:12:12.820 D/BtGatt.btif(14573): btif_gattc_upstreams_evt: Event 0
01-14 11:12:12.820 D/BtGatt.GattService(14573): onClientRegistered() - UUID=78e2b44a-7ef9-454f-ad88-ef0a1242857b, clientIf=4
01-14 11:12:12.820 D/BluetoothAdapter(18959): onClientRegistered() - status=0 clientIf=4
01-14 11:12:12.820 D/BtGatt.GattService(14573): startScan() - queue=0
01-14 11:12:12.820 D/BtGatt.GattService(14573): startScan() - adding client=4
01-14 11:12:12.820 D/BtGatt.btif(14573): btif_gattc_scan
01-14 11:12:12.830 D/BtGatt.btif(14573): btgattc_handle_event: Event 1002
01-14 11:12:12.830 I/System.out(18959): Started new scanning
01-14 11:12:13.761 I/System.out(18959): Values:0
01-14 11:12:14.762 I/System.out(18959): Values:0
01-14 11:12:15.763 I/System.out(18959): Values:0
01-14 11:12:16.764 I/System.out(18959): Values:0
01-14 11:12:17.765 I/System.out(18959): Values:0
01-14 11:12:18.766 I/System.out(18959): Values:0
01-14 11:12:19.767 I/System.out(18959): Values:0
01-14 11:12:20.458 I/EventLogService(  808): Aggregate from 1389696140282 (log), 1389696140282 (data)
01-14 11:12:20.528 I/ServiceDumpSys(  808): dumping service [account]
01-14 11:12:20.768 I/System.out(18959): Values:0
01-14 11:12:21.769 I/System.out(18959): Values:0
01-14 11:12:22.780 D/BluetoothAdapter(18959): stopLeScan()
01-14 11:12:22.780 I/System.out(18959): Values:0
01-14 11:12:22.790 D/BtGatt.GattService(14573): stopScan() - queue=1
01-14 11:12:22.790 D/BtGatt.GattService(14573): stopScan() - queue empty; stopping scan
01-14 11:12:22.800 D/BtGatt.btif(14573): btif_gattc_scan
01-14 11:12:22.800 D/BtGatt.btif(14573): btgattc_handle_event: Event 1003
01-14 11:12:22.810 D/BtGatt.GattService(14573): unregisterClient() - clientIf=4
01-14 11:12:22.810 D/BtGatt.btif(14573): btif_gattc_unregister_app
01-14 11:12:22.820 D/BtGatt.btif(14573): btgattc_handle_event: Event 1001
01-14 11:12:22.820 D/BtGatt.btif(14573): btif_gattc_upstreams_evt: Event 1
01-14 11:12:22.830 I/System.out(18959): About to start new scanning
01-14 11:12:22.830 D/BluetoothAdapter(18959): startLeScan(): null
01-14 11:12:22.830 D/BtGatt.GattService(14573): registerClient() - UUID=66bc3f85-ca81-43cd-a005-95b7ac974456
01-14 11:12:22.830 D/BtGatt.btif(14573): btif_gattc_register_app
01-14 11:12:22.840 D/BtGatt.btif(14573): btgattc_handle_event: Event 1000
01-14 11:12:22.840 D/BtGatt.btif(14573): btif_gattc_upstreams_evt: Event 0
01-14 11:12:22.840 D/BtGatt.GattService(14573): onClientRegistered() - UUID=66bc3f85-ca81-43cd-a005-95b7ac974456, clientIf=4
01-14 11:12:22.840 D/BluetoothAdapter(18959): onClientRegistered() - status=0 clientIf=4
01-14 11:12:22.840 D/BtGatt.GattService(14573): startScan() - queue=0
01-14 11:12:22.840 D/BtGatt.GattService(14573): startScan() - adding client=4
01-14 11:12:22.840 D/BtGatt.btif(14573): btif_gattc_scan
01-14 11:12:22.850 D/BtGatt.btif(14573): btgattc_handle_event: Event 1002
01-14 11:12:22.850 I/System.out(18959): Started new scanning
01-14 11:12:23.781 I/System.out(18959): Values:0
01-14 11:12:24.782 I/System.out(18959): Values:0
01-14 11:12:25.783 I/System.out(18959): Values:0
01-14 11:12:26.784 I/System.out(18959): Values:0
01-14 11:12:27.785 I/System.out(18959): Values:0
01-14 11:12:28.786 I/System.out(18959): Values:0
01-14 11:12:29.787 I/System.out(18959): Values:0
01-14 11:12:30.788 I/System.out(18959): Values:0
01-14 11:12:31.789 I/System.out(18959): Values:0
01-14 11:12:32.790 I/System.out(18959): Values:0
01-14 11:12:32.800 D/BluetoothAdapter(18959): stopLeScan()
01-14 11:12:32.810 D/BtGatt.GattService(14573): stopScan() - queue=1
01-14 11:12:32.810 D/BtGatt.GattService(14573): stopScan() - queue empty; stopping scan
01-14 11:12:32.810 D/BtGatt.btif(14573): btif_gattc_scan
01-14 11:12:32.820 D/BtGatt.btif(14573): btgattc_handle_event: Event 1003
01-14 11:12:32.820 D/BtGatt.GattService(14573): unregisterClient() - clientIf=4
01-14 11:12:32.830 D/BtGatt.btif(14573): btif_gattc_unregister_app
01-14 11:12:32.840 D/BtGatt.btif(14573): btgattc_handle_event: Event 1001
01-14 11:12:32.840 D/BtGatt.btif(14573): btif_gattc_upstreams_evt: Event 1
01-14 11:12:32.850 I/System.out(18959): About to start new scanning
01-14 11:12:32.850 D/BluetoothAdapter(18959): startLeScan(): null
01-14 11:12:32.860 D/BtGatt.GattService(14573): registerClient() - UUID=ea72c57c-12ff-4a1c-b6ff-b6cb39264adb
01-14 11:12:32.860 D/BtGatt.btif(14573): btif_gattc_register_app
01-14 11:12:32.870 D/BtGatt.btif(14573): btgattc_handle_event: Event 1000
01-14 11:12:32.870 D/BtGatt.btif(14573): btif_gattc_upstreams_evt: Event 0
01-14 11:12:32.880 D/BtGatt.GattService(14573): onClientRegistered() - UUID=ea72c57c-12ff-4a1c-b6ff-b6cb39264adb, clientIf=4
01-14 11:12:32.880 D/BluetoothAdapter(18959): onClientRegistered() - status=0 clientIf=4
01-14 11:12:32.880 D/BtGatt.GattService(14573): startScan() - queue=0
01-14 11:12:32.880 D/BtGatt.GattService(14573): startScan() - adding client=4
01-14 11:12:32.890 D/BtGatt.btif(14573): btif_gattc_scan
01-14 11:12:32.890 D/BtGatt.btif(14573): btgattc_handle_event: Event 1002
01-14 11:12:32.890 I/System.out(18959): Started new scanning
01-14 11:12:33.791 I/System.out(18959): Values:0
01-14 11:12:34.802 I/System.out(18959): Values:0
01-14 11:12:35.803 I/System.out(18959): Values:0
01-14 11:12:36.804 I/System.out(18959): Values:0
01-14 11:12:37.795 I/System.out(18959): Values:0
01-14 11:12:38.806 I/System.out(18959): Values:0
01-14 11:12:39.797 I/System.out(18959): Values:0
01-14 11:12:40.808 I/System.out(18959): Values:0
01-14 11:12:41.809 I/System.out(18959): Values:0
01-14 11:12:42.809 I/System.out(18959): Values:0
01-14 11:12:42.809 D/BluetoothAdapter(18959): stopLeScan()
01-14 11:12:42.830 D/BtGatt.GattService(14573): stopScan() - queue=1
01-14 11:12:42.830 D/BtGatt.GattService(14573): stopScan() - queue empty; stopping scan
01-14 11:12:42.830 D/BtGatt.btif(14573): btif_gattc_scan
01-14 11:12:42.840 D/BtGatt.btif(14573): btgattc_handle_event: Event 1003
01-14 11:12:42.840 D/BtGatt.GattService(14573): unregisterClient() - clientIf=4
01-14 11:12:42.850 D/BtGatt.btif(14573): btif_gattc_unregister_app
01-14 11:12:42.850 D/BtGatt.btif(14573): btgattc_handle_event: Event 1001
01-14 11:12:42.860 D/BtGatt.btif(14573): btif_gattc_upstreams_evt: Event 1
01-14 11:12:42.860 I/System.out(18959): About to start new scanning
01-14 11:12:42.870 D/BluetoothAdapter(18959): startLeScan(): null
01-14 11:12:42.870 D/BtGatt.GattService(14573): registerClient() - UUID=fe0e42b5-6835-4284-b5fb-579dea854128
01-14 11:12:42.870 D/BtGatt.btif(14573): btif_gattc_register_app
01-14 11:12:42.880 D/BtGatt.btif(14573): btgattc_handle_event: Event 1000
01-14 11:12:42.880 D/BtGatt.btif(14573): btif_gattc_upstreams_evt: Event 0
01-14 11:12:42.880 D/BtGatt.GattService(14573): onClientRegistered() - UUID=fe0e42b5-6835-4284-b5fb-579dea854128, clientIf=4
01-14 11:12:42.880 D/BluetoothAdapter(18959): onClientRegistered() - status=0 clientIf=4
01-14 11:12:42.880 D/BtGatt.GattService(14573): startScan() - queue=0
01-14 11:12:42.880 D/BtGatt.GattService(14573): startScan() - adding client=4
01-14 11:12:42.880 D/BtGatt.btif(14573): btif_gattc_scan
01-14 11:12:42.890 D/BtGatt.btif(14573): btgattc_handle_event: Event 1002
01-14 11:12:42.890 I/System.out(18959): Started new scanning
01-14 11:12:43.810 I/System.out(18959): Values:0
01-14 11:12:44.821 I/System.out(18959): Values:0
01-14 11:12:45.822 I/System.out(18959): Values:0
01-14 11:12:46.823 I/System.out(18959): Values:0
01-14 11:12:47.824 I/System.out(18959): Values:0
01-14 11:12:48.825 I/System.out(18959): Values:0
01-14 11:12:49.826 I/System.out(18959): Values:0
01-14 11:12:50.827 I/System.out(18959): Values:0
01-14 11:12:51.828 I/System.out(18959): Values:0
01-14 11:12:52.829 I/System.out(18959): Values:0
01-14 11:12:52.829 D/BluetoothAdapter(18959): stopLeScan()
01-14 11:12:52.849 D/BtGatt.GattService(14573): stopScan() - queue=1
01-14 11:12:52.859 D/BtGatt.GattService(14573): stopScan() - queue empty; stopping scan
01-14 11:12:52.859 D/BtGatt.btif(14573): btif_gattc_scan
01-14 11:12:52.869 D/BtGatt.btif(14573): btgattc_handle_event: Event 1003
01-14 11:12:52.869 D/BtGatt.GattService(14573): unregisterClient() - clientIf=4
01-14 11:12:52.879 D/BtGatt.btif(14573): btif_gattc_unregister_app
01-14 11:12:52.879 D/BtGatt.btif(14573): btgattc_handle_event: Event 1001
01-14 11:12:52.889 D/BtGatt.btif(14573): btif_gattc_upstreams_evt: Event 1
01-14 11:12:52.889 I/System.out(18959): About to start new scanning
01-14 11:12:52.889 D/BluetoothAdapter(18959): startLeScan(): null
01-14 11:12:52.899 D/BtGatt.GattService(14573): registerClient() - UUID=a6281b6a-0601-4685-b1df-21d255d6cefc
01-14 11:12:52.899 D/BtGatt.btif(14573): btif_gattc_register_app
01-14 11:12:52.899 D/BtGatt.btif(14573): btgattc_handle_event: Event 1000
01-14 11:12:52.899 D/BtGatt.btif(14573): btif_gattc_upstreams_evt: Event 0
01-14 11:12:52.899 D/BtGatt.GattService(14573): onClientRegistered() - UUID=a6281b6a-0601-4685-b1df-21d255d6cefc, clientIf=4
01-14 11:12:52.899 D/BluetoothAdapter(18959): onClientRegistered() - status=0 clientIf=4
01-14 11:12:52.899 D/BtGatt.GattService(14573): startScan() - queue=0
01-14 11:12:52.909 D/BtGatt.GattService(14573): startScan() - adding client=4
01-14 11:12:52.909 D/BtGatt.btif(14573): btif_gattc_scan
01-14 11:12:52.909 D/BtGatt.btif(14573): btgattc_handle_event: Event 1002
01-14 11:12:52.909 I/System.out(18959): Started new scanning
01-14 11:12:52.929 D/dalvikvm(14573): GC_CONCURRENT freed 381K, 5% free 9023K/9440K, paused 5ms+2ms, total 82ms
01-14 11:12:53.830 I/System.out(18959): Values:0
01-14 11:12:54.841 I/System.out(18959): Values:0
01-14 11:12:55.842 I/System.out(18959): Values:0
01-14 11:12:56.843 I/System.out(18959): Values:0
01-14 11:12:57.844 I/System.out(18959): Values:0
01-14 11:12:58.835 I/System.out(18959): Values:0
01-14 11:12:59.836 I/System.out(18959): Values:0
01-14 11:13:00.837 I/System.out(18959): Values:0
01-14 11:13:01.848 I/System.out(18959): Values:0
01-14 11:13:02.849 I/System.out(18959): Values:0
01-14 11:13:02.849 D/BluetoothAdapter(18959): stopLeScan()
01-14 11:13:02.859 D/BtGatt.GattService(14573): stopScan() - queue=1
01-14 11:13:02.859 D/BtGatt.GattService(14573): stopScan() - queue empty; stopping scan
01-14 11:13:02.869 D/BtGatt.btif(14573): btif_gattc_scan
01-14 11:13:02.869 D/BtGatt.btif(14573): btgattc_handle_event: Event 1003
01-14 11:13:02.869 D/BtGatt.GattService(14573): unregisterClient() - clientIf=4
01-14 11:13:02.869 D/BtGatt.btif(14573): btif_gattc_unregister_app
01-14 11:13:02.879 D/BtGatt.btif(14573): btgattc_handle_event: Event 1001
01-14 11:13:02.879 D/BtGatt.btif(14573): btif_gattc_upstreams_evt: Event 1
01-14 11:13:02.879 I/System.out(18959): About to start new scanning
01-14 11:13:02.879 D/BluetoothAdapter(18959): startLeScan(): null
01-14 11:13:02.889 D/BtGatt.GattService(14573): registerClient() - UUID=7e8b8c40-296f-487a-a713-e6b934c5c131
01-14 11:13:02.889 D/BtGatt.btif(14573): btif_gattc_register_app
01-14 11:13:02.889 D/BtGatt.btif(14573): btgattc_handle_event: Event 1000
01-14 11:13:02.889 D/BtGatt.btif(14573): btif_gattc_upstreams_evt: Event 0
01-14 11:13:02.889 D/BtGatt.GattService(14573): onClientRegistered() - UUID=7e8b8c40-296f-487a-a713-e6b934c5c131, clientIf=4
01-14 11:13:02.899 D/BluetoothAdapter(18959): onClientRegistered() - status=0 clientIf=4
01-14 11:13:02.899 D/BtGatt.GattService(14573): startScan() - queue=0
01-14 11:13:02.899 D/BtGatt.GattService(14573): startScan() - adding client=4
01-14 11:13:02.899 D/BtGatt.btif(14573): btif_gattc_scan
01-14 11:13:02.909 D/BtGatt.btif(14573): btgattc_handle_event: Event 1002
01-14 11:13:02.909 I/System.out(18959): Started new scanning
01-14 11:13:03.850 I/System.out(18959): Values:0
01-14 11:13:04.851 I/System.out(18959): Values:0
01-14 11:13:05.852 I/System.out(18959): Values:0
01-14 11:13:06.853 I/System.out(18959): Values:0
01-14 11:13:07.854 I/System.out(18959): Values:0
01-14 11:13:08.855 I/System.out(18959): Values:0
01-14 11:13:09.856 I/System.out(18959): Values:0
01-14 11:13:09.926 D/dalvikvm(18959): GC_CONCURRENT freed 380K, 5% free 9093K/9512K, paused 10ms+5ms, total 65ms
01-14 11:13:10.857 I/System.out(18959): Values:0
01-14 11:13:11.858 I/System.out(18959): Values:0
01-14 11:13:12.859 I/System.out(18959): Values:0
01-14 11:13:12.859 D/BluetoothAdapter(18959): stopLeScan()
01-14 11:13:12.879 D/BtGatt.GattService(14573): stopScan() - queue=1
01-14 11:13:12.879 D/BtGatt.GattService(14573): stopScan() - queue empty; stopping scan
01-14 11:13:12.879 D/BtGatt.btif(14573): btif_gattc_scan
01-14 11:13:12.889 D/BtGatt.btif(14573): btgattc_handle_event: Event 1003
01-14 11:13:12.889 D/BtGatt.GattService(14573): unregisterClient() - clientIf=4
01-14 11:13:12.899 D/BtGatt.btif(14573): btif_gattc_unregister_app
01-14 11:13:12.899 D/BtGatt.btif(14573): btgattc_handle_event: Event 1001
01-14 11:13:12.909 D/BtGatt.btif(14573): btif_gattc_upstreams_evt: Event 1
01-14 11:13:12.909 I/System.out(18959): About to start new scanning
01-14 11:13:12.909 D/BluetoothAdapter(18959): startLeScan(): null
01-14 11:13:12.909 D/BtGatt.GattService(14573): registerClient() - UUID=f2fb480e-3929-4bbd-ba6d-32388bfbdd87
01-14 11:13:12.919 D/BtGatt.btif(14573): btif_gattc_register_app
01-14 11:13:12.919 D/BtGatt.btif(14573): btgattc_handle_event: Event 1000
01-14 11:13:12.919 D/BtGatt.btif(14573): btif_gattc_upstreams_evt: Event 0
01-14 11:13:12.919 D/BtGatt.GattService(14573): onClientRegistered() - UUID=f2fb480e-3929-4bbd-ba6d-32388bfbdd87, clientIf=4
01-14 11:13:12.919 D/BluetoothAdapter(18959): onClientRegistered() - status=0 clientIf=4
01-14 11:13:12.919 D/BtGatt.GattService(14573): startScan() - queue=0
01-14 11:13:12.919 D/BtGatt.GattService(14573): startScan() - adding client=4
01-14 11:13:12.929 D/BtGatt.btif(14573): btif_gattc_scan
01-14 11:13:12.929 D/BtGatt.btif(14573): btgattc_handle_event: Event 1002
01-14 11:13:12.929 I/System.out(18959): Started new scanning
01-14 11:13:13.860 I/System.out(18959): Values:0
01-14 11:13:14.861 I/System.out(18959): Values:0
01-14 11:13:15.862 I/System.out(18959): Values:0
01-14 11:13:16.863 I/System.out(18959): Values:0
01-14 11:13:17.864 I/System.out(18959): Values:0
01-14 11:13:18.855 I/System.out(18959): Values:0
01-14 11:13:19.856 I/System.out(18959): Values:0
01-14 11:13:20.857 I/System.out(18959): Values:0
01-14 11:13:21.858 I/System.out(18959): Values:0
01-14 11:13:22.869 I/System.out(18959): Values:0
01-14 11:13:22.869 D/BluetoothAdapter(18959): stopLeScan()
01-14 11:13:22.889 D/BtGatt.GattService(14573): stopScan() - queue=1
01-14 11:13:22.889 D/BtGatt.GattService(14573): stopScan() - queue empty; stopping scan
01-14 11:13:22.889 D/BtGatt.btif(14573): btif_gattc_scan
01-14 11:13:22.889 D/BtGatt.btif(14573): btgattc_handle_event: Event 1003
01-14 11:13:22.909 D/BtGatt.GattService(14573): unregisterClient() - clientIf=4
01-14 11:13:22.909 D/BtGatt.btif(14573): btif_gattc_unregister_app
01-14 11:13:22.909 D/BtGatt.btif(14573): btgattc_handle_event: Event 1001
01-14 11:13:22.919 D/BtGatt.btif(14573): btif_gattc_upstreams_evt: Event 1
01-14 11:13:22.919 I/System.out(18959): About to start new scanning
01-14 11:13:22.929 D/BluetoothAdapter(18959): startLeScan(): null
01-14 11:13:22.939 D/BtGatt.GattService(14573): registerClient() - UUID=97c91c8d-5d77-4713-8f64-5c1fa2ab0846
01-14 11:13:22.939 D/BtGatt.btif(14573): btif_gattc_register_app
01-14 11:13:22.949 D/BtGatt.btif(14573): btgattc_handle_event: Event 1000
01-14 11:13:22.949 D/BtGatt.btif(14573): btif_gattc_upstreams_evt: Event 0
01-14 11:13:22.949 D/BtGatt.GattService(14573): onClientRegistered() - UUID=97c91c8d-5d77-4713-8f64-5c1fa2ab0846, clientIf=4
01-14 11:13:22.959 D/BluetoothAdapter(18959): onClientRegistered() - status=0 clientIf=4
01-14 11:13:22.959 D/BtGatt.GattService(14573): startScan() - queue=0
01-14 11:13:22.959 D/BtGatt.GattService(14573): startScan() - adding client=4
01-14 11:13:22.969 D/BtGatt.btif(14573): btif_gattc_scan
01-14 11:13:22.969 D/BtGatt.btif(14573): btgattc_handle_event: Event 1002
01-14 11:13:22.969 I/System.out(18959): Started new scanning
01-14 11:13:23.870 I/System.out(18959): Values:0
01-14 11:13:24.871 I/System.out(18959): Values:0
01-14 11:13:25.872 I/System.out(18959): Values:0
01-14 11:13:26.872 I/System.out(18959): Values:0
01-14 11:13:27.863 I/System.out(18959): Values:0
01-14 11:13:28.864 I/System.out(18959): Values:0
01-14 11:13:29.875 I/System.out(18959): Values:0
01-14 11:13:30.876 I/System.out(18959): Values:0
01-14 11:13:31.877 I/System.out(18959): Values:0
01-14 11:13:32.878 I/System.out(18959): Values:0
01-14 11:13:32.878 D/BluetoothAdapter(18959): stopLeScan()
01-14 11:13:32.888 D/BtGatt.GattService(14573): stopScan() - queue=1
01-14 11:13:32.888 D/BtGatt.GattService(14573): stopScan() - queue empty; stopping scan
01-14 11:13:32.898 D/BtGatt.btif(14573): btif_gattc_scan
01-14 11:13:32.898 D/BtGatt.btif(14573): btgattc_handle_event: Event 1003
01-14 11:13:32.898 D/BtGatt.GattService(14573): unregisterClient() - clientIf=4
01-14 11:13:32.898 D/BtGatt.btif(14573): btif_gattc_unregister_app
01-14 11:13:32.908 D/BtGatt.btif(14573): btgattc_handle_event: Event 1001
01-14 11:13:32.908 D/BtGatt.btif(14573): btif_gattc_upstreams_evt: Event 1
01-14 11:13:32.908 I/System.out(18959): About to start new scanning
01-14 11:13:32.908 D/BluetoothAdapter(18959): startLeScan(): null
01-14 11:13:32.948 D/BtGatt.GattService(14573): registerClient() - UUID=e85cdc0d-1869-4faa-86b0-76d46b969633
01-14 11:13:32.948 D/BtGatt.btif(14573): btif_gattc_register_app
01-14 11:13:32.948 D/BtGatt.btif(14573): btgattc_handle_event: Event 1000
01-14 11:13:32.958 D/BtGatt.btif(14573): btif_gattc_upstreams_evt: Event 0
01-14 11:13:32.958 D/BtGatt.GattService(14573): onClientRegistered() - UUID=e85cdc0d-1869-4faa-86b0-76d46b969633, clientIf=4
01-14 11:13:32.958 D/BluetoothAdapter(18959): onClientRegistered() - status=0 clientIf=4
01-14 11:13:32.958 D/BtGatt.GattService(14573): startScan() - queue=0
01-14 11:13:32.968 D/BtGatt.GattService(14573): startScan() - adding client=4
01-14 11:13:32.968 D/BtGatt.btif(14573): btif_gattc_scan
01-14 11:13:32.968 D/BtGatt.btif(14573): btgattc_handle_event: Event 1002
01-14 11:13:32.968 I/System.out(18959): Started new scanning
01-14 11:13:33.879 I/System.out(18959): Values:0
01-14 11:13:34.880 I/System.out(18959): Values:0
01-14 11:13:35.881 I/System.out(18959): Values:0
01-14 11:13:36.882 I/System.out(18959): Values:0
01-14 11:13:37.883 I/System.out(18959): Values:0
01-14 11:13:38.874 I/System.out(18959): Values:0
01-14 11:13:39.885 I/System.out(18959): Values:0
01-14 11:13:40.886 I/System.out(18959): Values:0
01-14 11:13:41.887 I/System.out(18959): Values:0
01-14 11:13:42.888 I/System.out(18959): Values:0
01-14 11:13:42.888 D/BluetoothAdapter(18959): stopLeScan()
01-14 11:13:42.898 D/BtGatt.GattService(14573): stopScan() - queue=1
01-14 11:13:42.908 D/BtGatt.GattService(14573): stopScan() - queue empty; stopping scan
01-14 11:13:42.908 D/BtGatt.btif(14573): btif_gattc_scan
01-14 11:13:42.918 D/BtGatt.btif(14573): btgattc_handle_event: Event 1003
01-14 11:13:42.928 D/BtGatt.GattService(14573): unregisterClient() - clientIf=4
01-14 11:13:42.928 D/BtGatt.btif(14573): btif_gattc_unregister_app
01-14 11:13:42.928 D/BtGatt.btif(14573): btgattc_handle_event: Event 1001
01-14 11:13:42.938 D/BtGatt.btif(14573): btif_gattc_upstreams_evt: Event 1
01-14 11:13:42.938 I/System.out(18959): About to start new scanning
01-14 11:13:42.948 D/BluetoothAdapter(18959): startLeScan(): null
01-14 11:13:42.958 D/BtGatt.GattService(14573): registerClient() - UUID=69de4b4d-6db5-42c7-a14c-89217446facb
01-14 11:13:42.958 D/BtGatt.btif(14573): btif_gattc_register_app
01-14 11:13:42.958 D/BtGatt.btif(14573): btgattc_handle_event: Event 1000
01-14 11:13:42.958 D/BtGatt.btif(14573): btif_gattc_upstreams_evt: Event 0
01-14 11:13:42.958 D/BtGatt.GattService(14573): onClientRegistered() - UUID=69de4b4d-6db5-42c7-a14c-89217446facb, clientIf=4
01-14 11:13:42.968 D/BluetoothAdapter(18959): onClientRegistered() - status=0 clientIf=4
01-14 11:13:42.968 D/BtGatt.GattService(14573): startScan() - queue=0
01-14 11:13:42.968 D/BtGatt.GattService(14573): startScan() - adding client=4
01-14 11:13:42.968 D/BtGatt.btif(14573): btif_gattc_scan
01-14 11:13:42.968 D/BtGatt.btif(14573): btgattc_handle_event: Event 1002
01-14 11:13:42.968 I/System.out(18959): Started new scanning
01-14 11:13:43.889 I/System.out(18959): Values:0
01-14 11:13:44.890 I/System.out(18959): Values:0
01-14 11:13:45.891 I/System.out(18959): Values:0
01-14 11:13:46.892 I/System.out(18959): Values:0
01-14 11:13:47.893 I/System.out(18959): Values:0
01-14 11:13:48.894 I/System.out(18959): Values:0
01-14 11:13:49.895 I/System.out(18959): Values:0
01-14 11:13:50.896 I/System.out(18959): Values:0
01-14 11:13:51.897 I/System.out(18959): Values:0
01-14 11:13:52.898 I/System.out(18959): Values:0
01-14 11:13:52.898 D/BluetoothAdapter(18959): stopLeScan()
01-14 11:13:52.918 D/BtGatt.GattService(14573): stopScan() - queue=1
01-14 11:13:52.918 D/BtGatt.GattService(14573): stopScan() - queue empty; stopping scan
01-14 11:13:52.918 D/BtGatt.btif(14573): btif_gattc_scan
01-14 11:13:52.928 D/BtGatt.btif(14573): btgattc_handle_event: Event 1003
01-14 11:13:52.938 D/BtGatt.GattService(14573): unregisterClient() - clientIf=4
01-14 11:13:52.938 D/BtGatt.btif(14573): btif_gattc_unregister_app
01-14 11:13:52.948 D/BtGatt.btif(14573): btgattc_handle_event: Event 1001
01-14 11:13:52.948 D/BtGatt.btif(14573): btif_gattc_upstreams_evt: Event 1
01-14 11:13:52.948 I/System.out(18959): About to start new scanning
01-14 11:13:52.958 D/BluetoothAdapter(18959): startLeScan(): null
01-14 11:13:52.958 D/BtGatt.GattService(14573): registerClient() - UUID=3e3c353d-e7dc-45c9-82c3-1299bde23dcc
01-14 11:13:52.958 D/BtGatt.btif(14573): btif_gattc_register_app
01-14 11:13:52.968 D/BtGatt.btif(14573): btgattc_handle_event: Event 1000
01-14 11:13:52.968 D/BtGatt.btif(14573): btif_gattc_upstreams_evt: Event 0
01-14 11:13:52.968 D/BtGatt.GattService(14573): onClientRegistered() - UUID=3e3c353d-e7dc-45c9-82c3-1299bde23dcc, clientIf=4
01-14 11:13:52.968 D/BluetoothAdapter(18959): onClientRegistered() - status=0 clientIf=4
01-14 11:13:52.968 D/BtGatt.GattService(14573): startScan() - queue=0
01-14 11:13:52.968 D/BtGatt.GattService(14573): startScan() - adding client=4
01-14 11:13:52.978 D/BtGatt.btif(14573): btif_gattc_scan
01-14 11:13:52.978 D/BtGatt.btif(14573): btgattc_handle_event: Event 1002
01-14 11:13:52.978 I/System.out(18959): Started new scanning
01-14 11:13:53.899 I/System.out(18959): Values:0
01-14 11:13:54.910 I/System.out(18959): Values:0
01-14 11:13:55.911 I/System.out(18959): Values:0
01-14 11:13:56.912 I/System.out(18959): Values:0
01-14 11:13:57.903 I/System.out(18959): Values:0
01-14 11:13:58.914 I/System.out(18959): Values:0
01-14 11:13:59.905 I/System.out(18959): Values:0
01-14 11:14:00.916 I/System.out(18959): Values:0
01-14 11:14:01.917 I/System.out(18959): Values:0
01-14 11:14:02.918 I/System.out(18959): Values:0
01-14 11:14:02.918 D/BluetoothAdapter(18959): stopLeScan()
01-14 11:14:02.928 D/BtGatt.GattService(14573): stopScan() - queue=1
01-14 11:14:02.928 D/BtGatt.GattService(14573): stopScan() - queue empty; stopping scan
01-14 11:14:02.938 D/BtGatt.btif(14573): btif_gattc_scan
01-14 11:14:02.938 D/BtGatt.btif(14573): btgattc_handle_event: Event 1003
01-14 11:14:02.948 D/BtGatt.GattService(14573): unregisterClient() - clientIf=4
01-14 11:14:02.948 D/BtGatt.btif(14573): btif_gattc_unregister_app
01-14 11:14:02.958 D/BtGatt.btif(14573): btgattc_handle_event: Event 1001
01-14 11:14:02.958 D/BtGatt.btif(14573): btif_gattc_upstreams_evt: Event 1
01-14 11:14:02.968 I/System.out(18959): About to start new scanning
01-14 11:14:02.968 D/BluetoothAdapter(18959): startLeScan(): null
01-14 11:14:02.978 D/BtGatt.GattService(14573): registerClient() - UUID=c600fab9-932e-4bf4-a033-28a8bc86571d
01-14 11:14:02.978 D/BtGatt.btif(14573): btif_gattc_register_app
01-14 11:14:02.978 D/BtGatt.btif(14573): btgattc_handle_event: Event 1000
01-14 11:14:02.988 D/BtGatt.btif(14573): btif_gattc_upstreams_evt: Event 0
01-14 11:14:02.988 D/BtGatt.GattService(14573): onClientRegistered() - UUID=c600fab9-932e-4bf4-a033-28a8bc86571d, clientIf=4
01-14 11:14:02.988 D/BluetoothAdapter(18959): onClientRegistered() - status=0 clientIf=4
01-14 11:14:02.988 D/BtGatt.GattService(14573): startScan() - queue=0
01-14 11:14:02.988 D/BtGatt.GattService(14573): startScan() - adding client=4
01-14 11:14:02.988 D/BtGatt.btif(14573): btif_gattc_scan
01-14 11:14:02.988 D/BtGatt.btif(14573): btgattc_handle_event: Event 1002
01-14 11:14:02.998 I/System.out(18959): Started new scanning
01-14 11:14:03.919 I/System.out(18959): Values:0
01-14 11:14:04.920 I/System.out(18959): Values:0
01-14 11:14:05.921 I/System.out(18959): Values:0
01-14 11:14:06.922 I/System.out(18959): Values:0
01-14 11:14:07.923 I/System.out(18959): Values:0
01-14 11:14:08.924 I/System.out(18959): Values:0
01-14 11:14:09.924 I/System.out(18959): Values:0
01-14 11:14:10.925 I/System.out(18959): Values:0
01-14 11:14:11.926 I/System.out(18959): Values:0
01-14 11:14:12.927 I/System.out(18959): Values:0
01-14 11:14:12.927 D/BluetoothAdapter(18959): stopLeScan()
01-14 11:14:12.947 D/BtGatt.GattService(14573): stopScan() - queue=1
01-14 11:14:12.947 D/BtGatt.GattService(14573): stopScan() - queue empty; stopping scan
