01-14 11:29:24.647 D/BluetoothAdapter(18959): onClientRegistered() - status=0 clientIf=4
01-14 11:29:24.647 D/BtGatt.GattService(14573): startScan() - queue=0
01-14 11:29:24.647 D/BtGatt.GattService(14573): startScan() - adding client=4
01-14 11:29:24.657 D/BtGatt.btif(14573): btif_gattc_scan
01-14 11:29:24.657 D/BtGatt.btif(14573): btgattc_handle_event: Event 1002
01-14 11:29:24.657 I/System.out(18959): Started new scanning
01-14 11:29:25.578 I/System.out(18959): Values:0
01-14 11:29:26.589 I/System.out(18959): Values:0
01-14 11:29:27.590 I/System.out(18959): Values:0
01-14 11:29:28.591 I/System.out(18959): Values:0
01-14 11:29:29.592 I/System.out(18959): Values:0
01-14 11:29:30.593 I/System.out(18959): Values:0
01-14 11:29:31.594 I/System.out(18959): Values:0
01-14 11:29:32.595 I/System.out(18959): Values:0
01-14 11:29:33.596 I/System.out(18959): Values:0
01-14 11:29:34.597 I/System.out(18959): Values:0
01-14 11:29:34.607 D/BluetoothAdapter(18959): stopLeScan()
01-14 11:29:34.617 D/BtGatt.GattService(14573): stopScan() - queue=1
01-14 11:29:34.617 D/BtGatt.GattService(14573): stopScan() - queue empty; stopping scan
01-14 11:29:34.627 D/BtGatt.btif(14573): btif_gattc_scan
01-14 11:29:34.627 D/BtGatt.btif(14573): btgattc_handle_event: Event 1003
01-14 11:29:34.637 D/BtGatt.GattService(14573): unregisterClient() - clientIf=4
01-14 11:29:34.637 D/BtGatt.btif(14573): btif_gattc_unregister_app
01-14 11:29:34.647 D/BtGatt.btif(14573): btgattc_handle_event: Event 1001
01-14 11:29:34.647 D/BtGatt.btif(14573): btif_gattc_upstreams_evt: Event 1
01-14 11:29:34.657 I/System.out(18959): About to start new scanning
01-14 11:29:34.657 D/BluetoothAdapter(18959): startLeScan(): null
01-14 11:29:34.657 D/BtGatt.GattService(14573): registerClient() - UUID=809c177c-a06c-49a6-afa4-aa9a4d3a75af
01-14 11:29:34.667 D/BtGatt.btif(14573): btif_gattc_register_app
01-14 11:29:34.667 D/BtGatt.btif(14573): btgattc_handle_event: Event 1000
01-14 11:29:34.667 D/BtGatt.btif(14573): btif_gattc_upstreams_evt: Event 0
01-14 11:29:34.667 D/BtGatt.GattService(14573): onClientRegistered() - UUID=809c177c-a06c-49a6-afa4-aa9a4d3a75af, clientIf=4
01-14 11:29:34.667 D/BluetoothAdapter(18959): onClientRegistered() - status=0 clientIf=4
01-14 11:29:34.667 D/BtGatt.GattService(14573): startScan() - queue=0
01-14 11:29:34.667 D/BtGatt.GattService(14573): startScan() - adding client=4
01-14 11:29:34.677 D/BtGatt.btif(14573): btif_gattc_scan
01-14 11:29:34.677 D/BtGatt.btif(14573): btgattc_handle_event: Event 1002
01-14 11:29:34.677 I/System.out(18959): Started new scanning
01-14 11:29:35.608 I/System.out(18959): Values:0
01-14 11:29:36.609 I/System.out(18959): Values:0
01-14 11:29:37.610 I/System.out(18959): Values:0
01-14 11:29:38.611 I/System.out(18959): Values:0
01-14 11:29:39.611 I/System.out(18959): Values:0
01-14 11:29:40.612 I/System.out(18959): Values:0
01-14 11:29:41.613 I/System.out(18959): Values:0
01-14 11:29:42.614 I/System.out(18959): Values:0
01-14 11:29:43.615 I/System.out(18959): Values:0
01-14 11:29:44.616 I/System.out(18959): Values:0
01-14 11:29:44.616 D/BluetoothAdapter(18959): stopLeScan()
01-14 11:29:44.626 D/BtGatt.GattService(14573): stopScan() - queue=1
01-14 11:29:44.636 D/BtGatt.GattService(14573): stopScan() - queue empty; stopping scan
01-14 11:29:44.636 D/BtGatt.btif(14573): btif_gattc_scan
01-14 11:29:44.646 D/BtGatt.btif(14573): btgattc_handle_event: Event 1003
01-14 11:29:44.656 D/BtGatt.GattService(14573): unregisterClient() - clientIf=4
01-14 11:29:44.656 D/BtGatt.btif(14573): btif_gattc_unregister_app
01-14 11:29:44.656 D/BtGatt.btif(14573): btgattc_handle_event: Event 1001
01-14 11:29:44.666 D/BtGatt.btif(14573): btif_gattc_upstreams_evt: Event 1
01-14 11:29:44.666 I/System.out(18959): About to start new scanning
01-14 11:29:44.676 D/BluetoothAdapter(18959): startLeScan(): null
01-14 11:29:44.706 D/dalvikvm(14573): GC_EXPLICIT freed 381K, 5% free 9014K/9440K, paused 2ms+2ms, total 28ms
01-14 11:29:44.716 D/BtGatt.GattService(14573): registerClient() - UUID=302941a6-143c-4ad0-acd9-20221005c117
01-14 11:29:44.716 D/BtGatt.btif(14573): btif_gattc_register_app
01-14 11:29:44.716 D/BtGatt.btif(14573): btgattc_handle_event: Event 1000
01-14 11:29:44.716 D/BtGatt.btif(14573): btif_gattc_upstreams_evt: Event 0
01-14 11:29:44.716 D/BtGatt.GattService(14573): onClientRegistered() - UUID=302941a6-143c-4ad0-acd9-20221005c117, clientIf=4
01-14 11:29:44.716 D/BluetoothAdapter(18959): onClientRegistered() - status=0 clientIf=4
01-14 11:29:44.726 D/BtGatt.GattService(14573): startScan() - queue=0
01-14 11:29:44.726 D/BtGatt.GattService(14573): startScan() - adding client=4
01-14 11:29:44.726 D/BtGatt.btif(14573): btif_gattc_scan
01-14 11:29:44.726 I/System.out(18959): Started new scanning
01-14 11:29:44.726 D/BtGatt.btif(14573): btgattc_handle_event: Event 1002
01-14 11:29:45.617 I/System.out(18959): Values:0
01-14 11:29:46.618 I/System.out(18959): Values:0
01-14 11:29:46.688 D/dalvikvm(18959): GC_CONCURRENT freed 383K, 5% free 9099K/9520K, paused 5ms+1ms, total 53ms
01-14 11:29:47.619 I/System.out(18959): Values:0
01-14 11:29:48.630 I/System.out(18959): Values:0
01-14 11:29:49.631 I/System.out(18959): Values:0
01-14 11:29:50.632 I/System.out(18959): Values:0
01-14 11:29:51.633 I/System.out(18959): Values:0
01-14 11:29:52.634 I/System.out(18959): Values:0
01-14 11:29:53.635 I/System.out(18959): Values:0
01-14 11:29:54.636 I/System.out(18959): Values:0
01-14 11:29:54.636 D/BluetoothAdapter(18959): stopLeScan()
01-14 11:29:54.646 D/BtGatt.GattService(14573): stopScan() - queue=1
01-14 11:29:54.646 D/BtGatt.GattService(14573): stopScan() - queue empty; stopping scan
01-14 11:29:54.646 D/BtGatt.btif(14573): btif_gattc_scan
01-14 11:29:54.646 D/BtGatt.btif(14573): btgattc_handle_event: Event 1003
01-14 11:29:54.646 D/BtGatt.GattService(14573): unregisterClient() - clientIf=4
01-14 11:29:54.656 D/BtGatt.btif(14573): btif_gattc_unregister_app
01-14 11:29:54.656 D/BtGatt.btif(14573): btgattc_handle_event: Event 1001
01-14 11:29:54.656 D/BtGatt.btif(14573): btif_gattc_upstreams_evt: Event 1
01-14 11:29:54.656 I/System.out(18959): About to start new scanning
01-14 11:29:54.666 D/BluetoothAdapter(18959): startLeScan(): null
01-14 11:29:54.666 D/BtGatt.GattService(14573): registerClient() - UUID=d2386412-2b2c-4562-ba1e-9d9db06b2525
01-14 11:29:54.666 D/BtGatt.btif(14573): btif_gattc_register_app
01-14 11:29:54.666 D/BtGatt.btif(14573): btgattc_handle_event: Event 1000
01-14 11:29:54.666 D/BtGatt.btif(14573): btif_gattc_upstreams_evt: Event 0
01-14 11:29:54.676 D/BtGatt.GattService(14573): onClientRegistered() - UUID=d2386412-2b2c-4562-ba1e-9d9db06b2525, clientIf=4
01-14 11:29:54.676 D/BluetoothAdapter(18959): onClientRegistered() - status=0 clientIf=4
01-14 11:29:54.676 D/BtGatt.GattService(14573): startScan() - queue=0
01-14 11:29:54.676 D/BtGatt.GattService(14573): startScan() - adding client=4
01-14 11:29:54.686 D/BtGatt.btif(14573): btif_gattc_scan
01-14 11:29:54.686 D/BtGatt.btif(14573): btgattc_handle_event: Event 1002
01-14 11:29:54.686 I/System.out(18959): Started new scanning
01-14 11:29:55.637 I/System.out(18959): Values:0
01-14 11:29:56.638 I/System.out(18959): Values:0
01-14 11:29:57.639 I/System.out(18959): Values:0
01-14 11:29:58.640 I/System.out(18959): Values:0
01-14 11:29:59.651 I/System.out(18959): Values:0
01-14 11:30:00.652 I/System.out(18959): Values:0
01-14 11:30:01.102 V/DigitalWidgetViewsFactory(18064): DigitalWidget sets next alarm string to null
01-14 11:30:01.653 I/System.out(18959): Values:0
01-14 11:30:02.654 I/System.out(18959): Values:0
01-14 11:30:03.645 I/System.out(18959): Values:0
01-14 11:30:04.656 I/System.out(18959): Values:0
01-14 11:30:04.656 D/BluetoothAdapter(18959): stopLeScan()
01-14 11:30:04.666 D/BtGatt.GattService(14573): stopScan() - queue=1
01-14 11:30:04.666 D/BtGatt.GattService(14573): stopScan() - queue empty; stopping scan
01-14 11:30:04.676 D/BtGatt.btif(14573): btif_gattc_scan
01-14 11:30:04.676 D/BtGatt.btif(14573): btgattc_handle_event: Event 1003
01-14 11:30:04.686 D/BtGatt.GattService(14573): unregisterClient() - clientIf=4
01-14 11:30:04.686 D/BtGatt.btif(14573): btif_gattc_unregister_app
01-14 11:30:04.696 D/BtGatt.btif(14573): btgattc_handle_event: Event 1001
01-14 11:30:04.696 D/BtGatt.btif(14573): btif_gattc_upstreams_evt: Event 1
01-14 11:30:04.706 I/System.out(18959): About to start new scanning
01-14 11:30:04.706 D/BluetoothAdapter(18959): startLeScan(): null
01-14 11:30:04.706 D/BtGatt.GattService(14573): registerClient() - UUID=e54c4ad5-f5e3-47d6-ac9f-d5db5308da21
01-14 11:30:04.706 D/BtGatt.btif(14573): btif_gattc_register_app
01-14 11:30:04.716 D/BtGatt.btif(14573): btgattc_handle_event: Event 1000
01-14 11:30:04.716 D/BtGatt.btif(14573): btif_gattc_upstreams_evt: Event 0
01-14 11:30:04.716 D/BtGatt.GattService(14573): onClientRegistered() - UUID=e54c4ad5-f5e3-47d6-ac9f-d5db5308da21, clientIf=4
01-14 11:30:04.716 D/BluetoothAdapter(18959): onClientRegistered() - status=0 clientIf=4
01-14 11:30:04.716 D/BtGatt.GattService(14573): startScan() - queue=0
01-14 11:30:04.716 D/BtGatt.GattService(14573): startScan() - adding client=4
01-14 11:30:04.716 D/BtGatt.btif(14573): btif_gattc_scan
01-14 11:30:04.726 D/BtGatt.btif(14573): btgattc_handle_event: Event 1002
01-14 11:30:04.726 I/System.out(18959): Started new scanning
01-14 11:30:05.647 I/System.out(18959): Values:0
01-14 11:30:06.658 I/System.out(18959): Values:0
01-14 11:30:07.659 I/System.out(18959): Values:0
01-14 11:30:08.660 I/System.out(18959): Values:0
01-14 11:30:09.661 I/System.out(18959): Values:0
01-14 11:30:10.662 I/System.out(18959): Values:0
01-14 11:30:11.663 I/System.out(18959): Values:0
01-14 11:30:12.664 I/System.out(18959): Values:0
01-14 11:30:13.665 I/System.out(18959): Values:0
01-14 11:30:14.666 I/System.out(18959): Values:0
01-14 11:30:14.666 D/BluetoothAdapter(18959): stopLeScan()
01-14 11:30:14.686 D/BtGatt.GattService(14573): stopScan() - queue=1
01-14 11:30:14.686 D/BtGatt.GattService(14573): stopScan() - queue empty; stopping scan
01-14 11:30:14.686 D/BtGatt.btif(14573): btif_gattc_scan
01-14 11:30:14.696 D/BtGatt.btif(14573): btgattc_handle_event: Event 1003
01-14 11:30:14.696 D/BtGatt.GattService(14573): unregisterClient() - clientIf=4
01-14 11:30:14.706 D/BtGatt.btif(14573): btif_gattc_unregister_app
01-14 11:30:14.706 D/BtGatt.btif(14573): btgattc_handle_event: Event 1001
01-14 11:30:14.716 D/BtGatt.btif(14573): btif_gattc_upstreams_evt: Event 1
01-14 11:30:14.716 I/System.out(18959): About to start new scanning
01-14 11:30:14.726 D/BluetoothAdapter(18959): startLeScan(): null
01-14 11:30:14.726 D/BtGatt.GattService(14573): registerClient() - UUID=505b2326-b6ac-463f-9bee-7e4ffe887316
01-14 11:30:14.726 D/BtGatt.btif(14573): btif_gattc_register_app
01-14 11:30:14.726 D/BtGatt.btif(14573): btgattc_handle_event: Event 1000
01-14 11:30:14.736 D/BtGatt.btif(14573): btif_gattc_upstreams_evt: Event 0
01-14 11:30:14.736 D/BtGatt.GattService(14573): onClientRegistered() - UUID=505b2326-b6ac-463f-9bee-7e4ffe887316, clientIf=4
01-14 11:30:14.736 D/BluetoothAdapter(18959): onClientRegistered() - status=0 clientIf=4
01-14 11:30:14.736 D/BtGatt.GattService(14573): startScan() - queue=0
01-14 11:30:14.736 D/BtGatt.GattService(14573): startScan() - adding client=4
01-14 11:30:14.736 D/BtGatt.btif(14573): btif_gattc_scan
01-14 11:30:14.736 D/BtGatt.btif(14573): btgattc_handle_event: Event 1002
01-14 11:30:14.746 I/System.out(18959): Started new scanning
01-14 11:30:15.667 I/System.out(18959): Values:0
01-14 11:30:16.678 I/System.out(18959): Values:0
01-14 11:30:17.679 I/System.out(18959): Values:0
01-14 11:30:18.680 I/System.out(18959): Values:0
01-14 11:30:19.681 I/System.out(18959): Values:0
01-14 11:30:20.682 I/System.out(18959): Values:0
01-14 11:30:21.693 I/System.out(18959): Values:0
01-14 11:30:22.694 I/System.out(18959): Values:0
01-14 11:30:23.695 I/System.out(18959): Values:0
01-14 11:30:24.685 I/System.out(18959): Values:0
01-14 11:30:24.695 D/BluetoothAdapter(18959): stopLeScan()
01-14 11:30:24.705 D/BtGatt.GattService(14573): stopScan() - queue=1
01-14 11:30:24.705 D/BtGatt.GattService(14573): stopScan() - queue empty; stopping scan
01-14 11:30:24.715 D/BtGatt.btif(14573): btif_gattc_scan
01-14 11:30:24.715 D/BtGatt.btif(14573): btgattc_handle_event: Event 1003
01-14 11:30:24.726 D/BtGatt.GattService(14573): unregisterClient() - clientIf=4
01-14 11:30:24.726 D/BtGatt.btif(14573): btif_gattc_unregister_app
01-14 11:30:24.736 D/BtGatt.btif(14573): btgattc_handle_event: Event 1001
01-14 11:30:24.736 D/BtGatt.btif(14573): btif_gattc_upstreams_evt: Event 1
01-14 11:30:24.746 I/System.out(18959): About to start new scanning
01-14 11:30:24.746 D/BluetoothAdapter(18959): startLeScan(): null
01-14 11:30:24.746 D/BtGatt.GattService(14573): registerClient() - UUID=6dca182f-3c9a-4541-8d7f-64520f9e27e6
01-14 11:30:24.746 D/BtGatt.btif(14573): btif_gattc_register_app
01-14 11:30:24.756 D/BtGatt.btif(14573): btgattc_handle_event: Event 1000
01-14 11:30:24.756 D/BtGatt.btif(14573): btif_gattc_upstreams_evt: Event 0
01-14 11:30:24.756 D/BtGatt.GattService(14573): onClientRegistered() - UUID=6dca182f-3c9a-4541-8d7f-64520f9e27e6, clientIf=4
01-14 11:30:24.756 D/BluetoothAdapter(18959): onClientRegistered() - status=0 clientIf=4
01-14 11:30:24.756 D/BtGatt.GattService(14573): startScan() - queue=0
01-14 11:30:24.756 D/BtGatt.GattService(14573): startScan() - adding client=4
01-14 11:30:24.756 D/BtGatt.btif(14573): btif_gattc_scan
01-14 11:30:24.766 D/BtGatt.btif(14573): btgattc_handle_event: Event 1002
01-14 11:30:24.766 I/System.out(18959): Started new scanning
01-14 11:30:25.696 I/System.out(18959): Values:0
01-14 11:30:26.697 I/System.out(18959): Values:0
01-14 11:30:27.698 I/System.out(18959): Values:0
01-14 11:30:28.699 I/System.out(18959): Values:0
01-14 11:30:29.700 I/System.out(18959): Values:0
01-14 11:30:30.701 I/System.out(18959): Values:0
01-14 11:30:31.702 I/System.out(18959): Values:0
01-14 11:30:32.703 I/System.out(18959): Values:0
01-14 11:30:33.714 I/System.out(18959): Values:0
01-14 11:30:34.705 I/System.out(18959): Values:0
01-14 11:30:34.705 D/BluetoothAdapter(18959): stopLeScan()
01-14 11:30:34.715 D/BtGatt.GattService(14573): stopScan() - queue=1
01-14 11:30:34.715 D/BtGatt.GattService(14573): stopScan() - queue empty; stopping scan
01-14 11:30:34.725 D/BtGatt.btif(14573): btif_gattc_scan
01-14 11:30:34.725 D/BtGatt.btif(14573): btgattc_handle_event: Event 1003
01-14 11:30:34.735 D/BtGatt.GattService(14573): unregisterClient() - clientIf=4
01-14 11:30:34.735 D/BtGatt.btif(14573): btif_gattc_unregister_app
01-14 11:30:34.745 D/BtGatt.btif(14573): btgattc_handle_event: Event 1001
01-14 11:30:34.745 D/BtGatt.btif(14573): btif_gattc_upstreams_evt: Event 1
01-14 11:30:34.755 I/System.out(18959): About to start new scanning
01-14 11:30:34.755 D/BluetoothAdapter(18959): startLeScan(): null
01-14 11:30:34.755 D/BtGatt.GattService(14573): registerClient() - UUID=f435a628-9dfb-4a29-b85a-9061f0a9f09c
01-14 11:30:34.765 D/BtGatt.btif(14573): btif_gattc_register_app
01-14 11:30:34.765 D/BtGatt.btif(14573): btgattc_handle_event: Event 1000
01-14 11:30:34.765 D/BtGatt.btif(14573): btif_gattc_upstreams_evt: Event 0
01-14 11:30:34.765 D/BtGatt.GattService(14573): onClientRegistered() - UUID=f435a628-9dfb-4a29-b85a-9061f0a9f09c, clientIf=4
01-14 11:30:34.765 D/BluetoothAdapter(18959): onClientRegistered() - status=0 clientIf=4
01-14 11:30:34.765 D/BtGatt.GattService(14573): startScan() - queue=0
01-14 11:30:34.765 D/BtGatt.GattService(14573): startScan() - adding client=4
01-14 11:30:34.775 D/BtGatt.btif(14573): btif_gattc_scan
01-14 11:30:34.775 D/BtGatt.btif(14573): btgattc_handle_event: Event 1002
01-14 11:30:34.775 I/System.out(18959): Started new scanning
01-14 11:30:35.716 I/System.out(18959): Values:0
01-14 11:30:36.707 I/System.out(18959): Values:0
01-14 11:30:37.708 I/System.out(18959): Values:0
01-14 11:30:38.709 I/System.out(18959): Values:0
01-14 11:30:39.710 I/System.out(18959): Values:0
01-14 11:30:40.721 I/System.out(18959): Values:0
01-14 11:30:41.722 I/System.out(18959): Values:0
01-14 11:30:42.713 I/System.out(18959): Values:0
01-14 11:30:43.724 I/System.out(18959): Values:0
01-14 11:30:44.715 I/System.out(18959): Values:0
01-14 11:30:44.715 D/BluetoothAdapter(18959): stopLeScan()
01-14 11:30:44.735 D/BtGatt.GattService(14573): stopScan() - queue=1
01-14 11:30:44.735 D/BtGatt.GattService(14573): stopScan() - queue empty; stopping scan
01-14 11:30:44.745 D/BtGatt.btif(14573): btif_gattc_scan
01-14 11:30:44.745 D/BtGatt.btif(14573): btgattc_handle_event: Event 1003
01-14 11:30:44.755 D/BtGatt.GattService(14573): unregisterClient() - clientIf=4
01-14 11:30:44.755 D/BtGatt.btif(14573): btif_gattc_unregister_app
01-14 11:30:44.765 D/BtGatt.btif(14573): btgattc_handle_event: Event 1001
01-14 11:30:44.765 D/BtGatt.btif(14573): btif_gattc_upstreams_evt: Event 1
01-14 11:30:44.775 I/System.out(18959): About to start new scanning
01-14 11:30:44.775 D/BluetoothAdapter(18959): startLeScan(): null
01-14 11:30:44.785 D/BtGatt.GattService(14573): registerClient() - UUID=79d55fdc-27ff-4919-864b-0ccdc0fbab40
01-14 11:30:44.785 D/BtGatt.btif(14573): btif_gattc_register_app
01-14 11:30:44.785 D/BtGatt.btif(14573): btgattc_handle_event: Event 1000
01-14 11:30:44.785 D/BtGatt.btif(14573): btif_gattc_upstreams_evt: Event 0
01-14 11:30:44.795 D/BtGatt.GattService(14573): onClientRegistered() - UUID=79d55fdc-27ff-4919-864b-0ccdc0fbab40, clientIf=4
01-14 11:30:44.795 D/BluetoothAdapter(18959): onClientRegistered() - status=0 clientIf=4
01-14 11:30:44.795 D/BtGatt.GattService(14573): startScan() - queue=0
01-14 11:30:44.795 D/BtGatt.GattService(14573): startScan() - adding client=4
01-14 11:30:44.795 D/BtGatt.btif(14573): btif_gattc_scan
01-14 11:30:44.795 D/BtGatt.btif(14573): btgattc_handle_event: Event 1002
01-14 11:30:44.795 I/System.out(18959): Started new scanning
01-14 11:30:45.716 I/System.out(18959): Values:0
01-14 11:30:46.727 I/System.out(18959): Values:0
01-14 11:30:47.728 I/System.out(18959): Values:0
01-14 11:30:48.729 I/System.out(18959): Values:0
01-14 11:30:49.730 I/System.out(18959): Values:0
01-14 11:30:50.731 I/System.out(18959): Values:0
01-14 11:30:51.742 I/System.out(18959): Values:0
01-14 11:30:52.743 I/System.out(18959): Values:0
01-14 11:30:53.734 I/System.out(18959): Values:0
01-14 11:30:54.735 I/System.out(18959): Values:0
01-14 11:30:54.735 D/BluetoothAdapter(18959): stopLeScan()
01-14 11:30:54.755 D/BtGatt.GattService(14573): stopScan() - queue=1
01-14 11:30:54.755 D/BtGatt.GattService(14573): stopScan() - queue empty; stopping scan
01-14 11:30:54.755 D/BtGatt.btif(14573): btif_gattc_scan
01-14 11:30:54.765 D/BtGatt.btif(14573): btgattc_handle_event: Event 1003
01-14 11:30:54.775 D/BtGatt.GattService(14573): unregisterClient() - clientIf=4
01-14 11:30:54.775 D/BtGatt.btif(14573): btif_gattc_unregister_app
01-14 11:30:54.785 D/BtGatt.btif(14573): btgattc_handle_event: Event 1001
01-14 11:30:54.785 D/BtGatt.btif(14573): btif_gattc_upstreams_evt: Event 1
01-14 11:30:54.795 I/System.out(18959): About to start new scanning
01-14 11:30:54.795 D/BluetoothAdapter(18959): startLeScan(): null
01-14 11:30:54.795 D/BtGatt.GattService(14573): registerClient() - UUID=b2d05e38-99fe-461f-95ca-d135d2a21b88
01-14 11:30:54.795 D/BtGatt.btif(14573): btif_gattc_register_app
01-14 11:30:54.805 D/BtGatt.btif(14573): btgattc_handle_event: Event 1000
01-14 11:30:54.805 D/BtGatt.btif(14573): btif_gattc_upstreams_evt: Event 0
01-14 11:30:54.805 D/BtGatt.GattService(14573): onClientRegistered() - UUID=b2d05e38-99fe-461f-95ca-d135d2a21b88, clientIf=4
01-14 11:30:54.805 D/BluetoothAdapter(18959): onClientRegistered() - status=0 clientIf=4
01-14 11:30:54.805 D/BtGatt.GattService(14573): startScan() - queue=0
01-14 11:30:54.805 D/BtGatt.GattService(14573): startScan() - adding client=4
01-14 11:30:54.805 D/BtGatt.btif(14573): btif_gattc_scan
01-14 11:30:54.815 D/BtGatt.btif(14573): btgattc_handle_event: Event 1002
01-14 11:30:54.815 I/System.out(18959): Started new scanning
01-14 11:30:55.746 I/System.out(18959): Values:0
01-14 11:30:56.747 I/System.out(18959): Values:0
01-14 11:30:57.748 I/System.out(18959): Values:0
01-14 11:30:58.749 I/System.out(18959): Values:0
01-14 11:30:59.750 I/System.out(18959): Values:0
01-14 11:31:00.751 I/System.out(18959): Values:0
01-14 11:31:01.752 I/System.out(18959): Values:0
01-14 11:31:02.753 I/System.out(18959): Values:0
01-14 11:31:03.754 I/System.out(18959): Values:0
01-14 11:31:04.755 I/System.out(18959): Values:0
01-14 11:31:04.755 D/BluetoothAdapter(18959): stopLeScan()
01-14 11:31:04.765 D/BtGatt.GattService(14573): stopScan() - queue=1
01-14 11:31:04.775 D/BtGatt.GattService(14573): stopScan() - queue empty; stopping scan
01-14 11:31:04.775 D/BtGatt.btif(14573): btif_gattc_scan
01-14 11:31:04.785 D/BtGatt.btif(14573): btgattc_handle_event: Event 1003
01-14 11:31:04.795 D/BtGatt.GattService(14573): unregisterClient() - clientIf=4
01-14 11:31:04.795 D/BtGatt.btif(14573): btif_gattc_unregister_app
01-14 11:31:04.805 D/BtGatt.btif(14573): btgattc_handle_event: Event 1001
01-14 11:31:04.805 D/BtGatt.btif(14573): btif_gattc_upstreams_evt: Event 1
01-14 11:31:04.815 I/System.out(18959): About to start new scanning
01-14 11:31:04.815 D/BluetoothAdapter(18959): startLeScan(): null
01-14 11:31:04.815 D/BtGatt.GattService(14573): registerClient() - UUID=665121d6-c061-49b2-9ad7-565053aa505b
01-14 11:31:04.815 D/BtGatt.btif(14573): btif_gattc_register_app
01-14 11:31:04.825 D/BtGatt.btif(14573): btgattc_handle_event: Event 1000
01-14 11:31:04.825 D/BtGatt.btif(14573): btif_gattc_upstreams_evt: Event 0
01-14 11:31:04.825 D/BtGatt.GattService(14573): onClientRegistered() - UUID=665121d6-c061-49b2-9ad7-565053aa505b, clientIf=4
01-14 11:31:04.825 D/BluetoothAdapter(18959): onClientRegistered() - status=0 clientIf=4
01-14 11:31:04.825 D/BtGatt.GattService(14573): startScan() - queue=0
01-14 11:31:04.825 D/BtGatt.GattService(14573): startScan() - adding client=4
01-14 11:31:04.825 D/BtGatt.btif(14573): btif_gattc_scan
01-14 11:31:04.835 D/BtGatt.btif(14573): btgattc_handle_event: Event 1002
01-14 11:31:04.835 I/System.out(18959): Started new scanning
01-14 11:31:05.756 I/System.out(18959): Values:0
01-14 11:31:06.767 I/System.out(18959): Values:0
01-14 11:31:07.757 I/System.out(18959): Values:0
01-14 11:31:08.758 I/System.out(18959): Values:0
01-14 11:31:09.759 I/System.out(18959): Values:0
01-14 11:31:10.770 I/System.out(18959): Values:0
01-14 11:31:11.771 I/System.out(18959): Values:0
01-14 11:31:12.772 I/System.out(18959): Values:0
01-14 11:31:13.773 I/System.out(18959): Values:0
01-14 11:31:14.764 I/System.out(18959): Values:0
01-14 11:31:14.764 D/BluetoothAdapter(18959): stopLeScan()
01-14 11:31:14.784 D/BtGatt.GattService(14573): stopScan() - queue=1
01-14 11:31:14.784 D/BtGatt.GattService(14573): stopScan() - queue empty; stopping scan
01-14 11:31:14.784 D/BtGatt.btif(14573): btif_gattc_scan
01-14 11:31:14.784 D/BtGatt.btif(14573): btgattc_handle_event: Event 1003
01-14 11:31:14.814 D/BtGatt.GattService(14573): unregisterClient() - clientIf=4
01-14 11:31:14.814 D/BtGatt.btif(14573): btif_gattc_unregister_app
01-14 11:31:14.814 D/BtGatt.btif(14573): btgattc_handle_event: Event 1001
01-14 11:31:14.824 D/BtGatt.btif(14573): btif_gattc_upstreams_evt: Event 1
01-14 11:31:14.824 I/System.out(18959): About to start new scanning
01-14 11:31:14.824 D/BluetoothAdapter(18959): startLeScan(): null
01-14 11:31:14.824 D/BtGatt.GattService(14573): registerClient() - UUID=624fe614-1981-411a-a61f-887b26a6ceb6
01-14 11:31:14.834 D/BtGatt.btif(14573): btif_gattc_register_app
01-14 11:31:14.834 D/BtGatt.btif(14573): btgattc_handle_event: Event 1000
01-14 11:31:14.834 D/BtGatt.btif(14573): btif_gattc_upstreams_evt: Event 0
01-14 11:31:14.834 D/BtGatt.GattService(14573): onClientRegistered() - UUID=624fe614-1981-411a-a61f-887b26a6ceb6, clientIf=4
01-14 11:31:14.834 D/BluetoothAdapter(18959): onClientRegistered() - status=0 clientIf=4
01-14 11:31:14.834 D/BtGatt.GattService(14573): startScan() - queue=0
01-14 11:31:14.834 D/BtGatt.GattService(14573): startScan() - adding client=4
01-14 11:31:14.844 D/BtGatt.btif(14573): btif_gattc_scan
01-14 11:31:14.844 D/BtGatt.btif(14573): btgattc_handle_event: Event 1002
01-14 11:31:14.844 I/System.out(18959): Started new scanning
01-14 11:31:15.765 I/System.out(18959): Values:0
01-14 11:31:16.766 I/System.out(18959): Values:0
01-14 11:31:17.777 I/System.out(18959): Values:0
01-14 11:31:18.778 I/System.out(18959): Values:0
01-14 11:31:19.779 I/System.out(18959): Values:0
01-14 11:31:20.780 I/System.out(18959): Values:0
01-14 11:31:21.781 I/System.out(18959): Values:0
01-14 11:31:22.782 I/System.out(18959): Values:0
01-14 11:31:23.783 I/System.out(18959): Values:0
01-14 11:31:24.784 D/BluetoothAdapter(18959): stopLeScan()
01-14 11:31:24.784 D/BtGatt.GattService(14573): stopScan() - queue=1
01-14 11:31:24.794 I/System.out(18959): Values:0
01-14 11:31:24.794 D/BtGatt.GattService(14573): stopScan() - queue empty; stopping scan
01-14 11:31:24.804 D/BtGatt.btif(14573): btif_gattc_scan
01-14 11:31:24.804 D/BtGatt.btif(14573): btgattc_handle_event: Event 1003
01-14 11:31:24.824 D/BtGatt.GattService(14573): unregisterClient() - clientIf=4
01-14 11:31:24.824 D/BtGatt.btif(14573): btif_gattc_unregister_app
01-14 11:31:24.834 D/BtGatt.btif(14573): btgattc_handle_event: Event 1001
01-14 11:31:24.834 D/BtGatt.btif(14573): btif_gattc_upstreams_evt: Event 1
01-14 11:31:24.834 I/System.out(18959): About to start new scanning
01-14 11:31:24.834 D/BluetoothAdapter(18959): startLeScan(): null
01-14 11:31:24.844 D/BtGatt.GattService(14573): registerClient() - UUID=d66c8dee-c197-4cdd-a5c1-b2ab65114649
01-14 11:31:24.844 D/BtGatt.btif(14573): btif_gattc_register_app
01-14 11:31:24.844 D/BtGatt.btif(14573): btgattc_handle_event: Event 1000
01-14 11:31:24.844 D/BtGatt.btif(14573): btif_gattc_upstreams_evt: Event 0
01-14 11:31:24.844 D/BtGatt.GattService(14573): onClientRegistered() - UUID=d66c8dee-c197-4cdd-a5c1-b2ab65114649, clientIf=4
01-14 11:31:24.844 D/BluetoothAdapter(18959): onClientRegistered() - status=0 clientIf=4
01-14 11:31:24.854 D/BtGatt.GattService(14573): startScan() - queue=0
01-14 11:31:24.854 D/BtGatt.GattService(14573): startScan() - adding client=4
01-14 11:31:24.854 D/BtGatt.btif(14573): btif_gattc_scan
01-14 11:31:24.854 D/BtGatt.btif(14573): btgattc_handle_event: Event 1002
01-14 11:31:24.854 I/System.out(18959): Started new scanning
01-14 11:31:25.785 I/System.out(18959): Values:0
01-14 11:31:26.796 I/System.out(18959): Values:0
01-14 11:31:27.787 I/System.out(18959): Values:0
01-14 11:31:28.788 I/System.out(18959): Values:0
01-14 11:31:29.789 I/System.out(18959): Values:0
01-14 11:31:30.790 I/System.out(18959): Values:0
01-14 11:31:31.801 I/System.out(18959): Values:0
01-14 11:31:32.802 I/System.out(18959): Values:0
01-14 11:31:33.803 I/System.out(18959): Values:0
01-14 11:31:34.814 I/System.out(18959): Values:0
01-14 11:31:34.814 D/BluetoothAdapter(18959): stopLeScan()
01-14 11:31:34.824 D/BtGatt.GattService(14573): stopScan() - queue=1
01-14 11:31:34.824 D/BtGatt.GattService(14573): stopScan() - queue empty; stopping scan
01-14 11:31:34.824 D/BtGatt.btif(14573): btif_gattc_scan
01-14 11:31:34.834 D/BtGatt.btif(14573): btgattc_handle_event: Event 1003
01-14 11:31:34.834 D/BtGatt.GattService(14573): unregisterClient() - clientIf=4
01-14 11:31:34.844 D/BtGatt.btif(14573): btif_gattc_unregister_app
01-14 11:31:34.844 D/BtGatt.btif(14573): btgattc_handle_event: Event 1001
01-14 11:31:34.854 D/BtGatt.btif(14573): btif_gattc_upstreams_evt: Event 1
01-14 11:31:34.854 I/System.out(18959): About to start new scanning
01-14 11:31:34.864 D/BluetoothAdapter(18959): startLeScan(): null
01-14 11:31:34.864 D/BtGatt.GattService(14573): registerClient() - UUID=97e3c481-4040-4991-a055-bd05822e9740
01-14 11:31:34.864 D/BtGatt.btif(14573): btif_gattc_register_app
01-14 11:31:34.864 D/BtGatt.btif(14573): btgattc_handle_event: Event 1000
01-14 11:31:34.864 D/BtGatt.btif(14573): btif_gattc_upstreams_evt: Event 0
01-14 11:31:34.874 D/BtGatt.GattService(14573): onClientRegistered() - UUID=97e3c481-4040-4991-a055-bd05822e9740, clientIf=4
01-14 11:31:34.874 D/BluetoothAdapter(18959): onClientRegistered() - status=0 clientIf=4
01-14 11:31:34.874 D/BtGatt.GattService(14573): startScan() - queue=0
01-14 11:31:34.874 D/BtGatt.GattService(14573): startScan() - adding client=4
01-14 11:31:34.874 D/BtGatt.btif(14573): btif_gattc_scan
01-14 11:31:34.874 D/BtGatt.btif(14573): btgattc_handle_event: Event 1002
01-14 11:31:34.874 I/System.out(18959): Started new scanning
01-14 11:31:35.805 I/System.out(18959): Values:0
01-14 11:31:36.806 I/System.out(18959): Values:0
01-14 11:31:37.807 I/System.out(18959): Values:0
01-14 11:31:38.808 I/System.out(18959): Values:0
01-14 11:31:39.819 I/System.out(18959): Values:0
01-14 11:31:40.820 I/System.out(18959): Values:0
01-14 11:31:41.821 I/System.out(18959): Values:0
01-14 11:31:42.822 I/System.out(18959): Values:0
01-14 11:31:43.833 I/System.out(18959): Values:0
01-14 11:31:44.834 I/System.out(18959): Values:0
01-14 11:31:44.834 D/BluetoothAdapter(18959): stopLeScan()
01-14 11:31:44.844 D/BtGatt.GattService(14573): stopScan() - queue=1
01-14 11:31:44.844 D/BtGatt.GattService(14573): stopScan() - queue empty; stopping scan
01-14 11:31:44.844 D/BtGatt.btif(14573): btif_gattc_scan
01-14 11:31:44.854 D/BtGatt.btif(14573): btgattc_handle_event: Event 1003
01-14 11:31:44.864 D/BtGatt.GattService(14573): unregisterClient() - clientIf=4
01-14 11:31:44.864 D/BtGatt.btif(14573): btif_gattc_unregister_app
01-14 11:31:44.864 D/BtGatt.btif(14573): btgattc_handle_event: Event 1001
01-14 11:31:44.874 D/BtGatt.btif(14573): btif_gattc_upstreams_evt: Event 1
01-14 11:31:44.874 I/System.out(18959): About to start new scanning
01-14 11:31:44.884 D/BluetoothAdapter(18959): startLeScan(): null
01-14 11:31:44.884 D/BtGatt.GattService(14573): registerClient() - UUID=79d7f4c5-8234-4a44-98d8-d763d2f78285
01-14 11:31:44.884 D/BtGatt.btif(14573): btif_gattc_register_app
01-14 11:31:44.894 D/BtGatt.btif(14573): btgattc_handle_event: Event 1000
01-14 11:31:44.894 D/BtGatt.btif(14573): btif_gattc_upstreams_evt: Event 0
01-14 11:31:44.894 D/BtGatt.GattService(14573): onClientRegistered() - UUID=79d7f4c5-8234-4a44-98d8-d763d2f78285, clientIf=4
01-14 11:31:44.894 D/BluetoothAdapter(18959): onClientRegistered() - status=0 clientIf=4
01-14 11:31:44.894 D/BtGatt.GattService(14573): startScan() - queue=0
01-14 11:31:44.894 D/BtGatt.GattService(14573): startScan() - adding client=4
01-14 11:31:44.894 D/BtGatt.btif(14573): btif_gattc_scan
01-14 11:31:44.894 D/BtGatt.btif(14573): btgattc_handle_event: Event 1002
01-14 11:31:44.904 I/System.out(18959): Started new scanning
01-14 11:31:45.835 I/System.out(18959): Values:0
01-14 11:31:46.836 I/System.out(18959): Values:0
01-14 11:31:47.837 I/System.out(18959): Values:0
01-14 11:31:48.838 I/System.out(18959): Values:0
01-14 11:31:49.839 I/System.out(18959): Values:0
01-14 11:31:50.850 I/System.out(18959): Values:0
01-14 11:31:51.840 I/System.out(18959): Values:0
01-14 11:31:52.851 I/System.out(18959): Values:0
01-14 11:31:53.842 I/System.out(18959): Values:0
01-14 11:31:54.853 I/System.out(18959): Values:0
01-14 11:31:54.853 D/BluetoothAdapter(18959): stopLeScan()
01-14 11:31:54.863 D/BtGatt.GattService(14573): stopScan() - queue=1
01-14 11:31:54.863 D/BtGatt.GattService(14573): stopScan() - queue empty; stopping scan
01-14 11:31:54.863 D/BtGatt.btif(14573): btif_gattc_scan
01-14 11:31:54.873 D/BtGatt.btif(14573): btgattc_handle_event: Event 1003
01-14 11:31:54.873 D/BtGatt.GattService(14573): unregisterClient() - clientIf=4
01-14 11:31:54.883 D/BtGatt.btif(14573): btif_gattc_unregister_app
01-14 11:31:54.883 D/BtGatt.btif(14573): btgattc_handle_event: Event 1001
01-14 11:31:54.893 D/BtGatt.btif(14573): btif_gattc_upstreams_evt: Event 1
01-14 11:31:54.893 I/System.out(18959): About to start new scanning
01-14 11:31:54.903 D/BluetoothAdapter(18959): startLeScan(): null
01-14 11:31:54.903 D/BtGatt.GattService(14573): registerClient() - UUID=6560a866-281a-47b2-b0ff-52032f28f431
01-14 11:31:54.903 D/BtGatt.btif(14573): btif_gattc_register_app
01-14 11:31:54.903 D/BtGatt.btif(14573): btgattc_handle_event: Event 1000
01-14 11:31:54.913 D/BtGatt.btif(14573): btif_gattc_upstreams_evt: Event 0
01-14 11:31:54.913 D/BtGatt.GattService(14573): onClientRegistered() - UUID=6560a866-281a-47b2-b0ff-52032f28f431, clientIf=4
01-14 11:31:54.913 D/BluetoothAdapter(18959): onClientRegistered() - status=0 clientIf=4
01-14 11:31:54.913 D/BtGatt.GattService(14573): startScan() - queue=0
01-14 11:31:54.913 D/BtGatt.GattService(14573): startScan() - adding client=4
01-14 11:31:54.913 D/BtGatt.btif(14573): btif_gattc_scan
01-14 11:31:54.924 D/BtGatt.btif(14573): btgattc_handle_event: Event 1002
01-14 11:31:54.924 I/System.out(18959): Started new scanning
01-14 11:31:55.854 I/System.out(18959): Values:0
01-14 11:31:56.845 I/System.out(18959): Values:0
01-14 11:31:57.856 I/System.out(18959): Values:0
01-14 11:31:58.857 I/System.out(18959): Values:0
01-14 11:31:59.858 I/System.out(18959): Values:0
01-14 11:32:00.859 I/System.out(18959): Values:0
01-14 11:32:01.860 I/System.out(18959): Values:0
01-14 11:32:02.861 I/System.out(18959): Values:0
01-14 11:32:03.862 I/System.out(18959): Values:0
01-14 11:32:04.863 I/System.out(18959): Values:0
01-14 11:32:04.863 D/BluetoothAdapter(18959): stopLeScan()
01-14 11:32:04.873 D/BtGatt.GattService(14573): stopScan() - queue=1
01-14 11:32:04.873 D/BtGatt.GattService(14573): stopScan() - queue empty; stopping scan
01-14 11:32:04.873 D/BtGatt.btif(14573): btif_gattc_scan
01-14 11:32:04.883 D/BtGatt.btif(14573): btgattc_handle_event: Event 1003
01-14 11:32:04.893 D/BtGatt.GattService(14573): unregisterClient() - clientIf=4
01-14 11:32:04.893 D/BtGatt.btif(14573): btif_gattc_unregister_app
01-14 11:32:04.903 D/BtGatt.btif(14573): btgattc_handle_event: Event 1001
01-14 11:32:04.903 D/BtGatt.btif(14573): btif_gattc_upstreams_evt: Event 1
01-14 11:32:04.903 I/System.out(18959): About to start new scanning
01-14 11:32:04.913 D/BluetoothAdapter(18959): startLeScan(): null
01-14 11:32:04.923 D/BtGatt.GattService(14573): registerClient() - UUID=4aa24fdd-45a1-49cb-8f26-92bc125ee011
01-14 11:32:04.923 D/BtGatt.btif(14573): btif_gattc_register_app
01-14 11:32:04.933 D/BtGatt.btif(14573): btgattc_handle_event: Event 1000
01-14 11:32:04.933 D/BtGatt.btif(14573): btif_gattc_upstreams_evt: Event 0
01-14 11:32:04.933 D/BtGatt.GattService(14573): onClientRegistered() - UUID=4aa24fdd-45a1-49cb-8f26-92bc125ee011, clientIf=4
01-14 11:32:04.943 D/BluetoothAdapter(18959): onClientRegistered() - status=0 clientIf=4
01-14 11:32:04.943 D/BtGatt.GattService(14573): startScan() - queue=0
01-14 11:32:04.943 D/BtGatt.GattService(14573): startScan() - adding client=4
01-14 11:32:04.953 D/BtGatt.btif(14573): btif_gattc_scan
01-14 11:32:04.953 D/BtGatt.btif(14573): btgattc_handle_event: Event 1002
01-14 11:32:04.953 I/System.out(18959): Started new scanning
01-14 11:32:05.854 I/System.out(18959): Values:0
01-14 11:32:06.855 I/System.out(18959): Values:0
01-14 11:32:07.856 I/System.out(18959): Values:0
01-14 11:32:08.857 I/System.out(18959): Values:0
01-14 11:32:09.868 I/System.out(18959): Values:0
01-14 11:32:10.869 I/System.out(18959): Values:0
01-14 11:32:11.870 I/System.out(18959): Values:0
01-14 11:32:12.871 I/System.out(18959): Values:0
01-14 11:32:13.872 I/System.out(18959): Values:0
01-14 11:32:14.873 I/System.out(18959): Values:0
01-14 11:32:14.873 D/BluetoothAdapter(18959): stopLeScan()
01-14 11:32:14.873 D/BtGatt.GattService(14573): stopScan() - queue=1
01-14 11:32:14.883 D/BtGatt.GattService(14573): stopScan() - queue empty; stopping scan
01-14 11:32:14.883 D/BtGatt.btif(14573): btif_gattc_scan
01-14 11:32:14.893 D/BtGatt.btif(14573): btgattc_handle_event: Event 1003
01-14 11:32:14.893 D/BtGatt.GattService(14573): unregisterClient() - clientIf=4
01-14 11:32:14.903 D/BtGatt.btif(14573): btif_gattc_unregister_app
01-14 11:32:14.903 D/BtGatt.btif(14573): btgattc_handle_event: Event 1001
01-14 11:32:14.913 D/BtGatt.btif(14573): btif_gattc_upstreams_evt: Event 1
01-14 11:32:14.913 I/System.out(18959): About to start new scanning
01-14 11:32:14.923 D/BluetoothAdapter(18959): startLeScan(): null
01-14 11:32:14.923 D/BtGatt.GattService(14573): registerClient() - UUID=ef3ce729-315d-42e5-af50-1e136d76351a
01-14 11:32:14.923 D/BtGatt.btif(14573): btif_gattc_register_app
01-14 11:32:14.923 D/BtGatt.btif(14573): btgattc_handle_event: Event 1000
01-14 11:32:14.933 D/BtGatt.btif(14573): btif_gattc_upstreams_evt: Event 0
01-14 11:32:14.933 D/BtGatt.GattService(14573): onClientRegistered() - UUID=ef3ce729-315d-42e5-af50-1e136d76351a, clientIf=4
01-14 11:32:14.933 D/BluetoothAdapter(18959): onClientRegistered() - status=0 clientIf=4
01-14 11:32:14.933 D/BtGatt.GattService(14573): startScan() - queue=0
01-14 11:32:14.933 D/BtGatt.GattService(14573): startScan() - adding client=4
01-14 11:32:14.933 D/BtGatt.btif(14573): btif_gattc_scan
01-14 11:32:14.933 D/BtGatt.btif(14573): btgattc_handle_event: Event 1002
01-14 11:32:14.943 I/System.out(18959): Started new scanning
01-14 11:32:15.874 I/System.out(18959): Values:0
01-14 11:32:16.865 I/System.out(18959): Values:0
01-14 11:32:17.866 I/System.out(18959): Values:0
01-14 11:32:18.867 I/System.out(18959): Values:0
01-14 11:32:19.868 I/System.out(18959): Values:0
01-14 11:32:20.869 I/System.out(18959): Values:0
01-14 11:32:21.870 I/System.out(18959): Values:0
01-14 11:32:22.881 I/System.out(18959): Values:0
01-14 11:32:23.882 I/System.out(18959): Values:0
01-14 11:32:24.883 I/System.out(18959): Values:0
01-14 11:32:24.883 D/BluetoothAdapter(18959): stopLeScan()
01-14 11:32:24.883 D/BtGatt.GattService(14573): stopScan() - queue=1
01-14 11:32:24.883 D/BtGatt.GattService(14573): stopScan() - queue empty; stopping scan
01-14 11:32:24.893 D/BtGatt.btif(14573): btif_gattc_scan
01-14 11:32:24.893 D/BtGatt.btif(14573): btgattc_handle_event: Event 1003
01-14 11:32:24.903 D/BtGatt.GattService(14573): unregisterClient() - clientIf=4
01-14 11:32:24.903 D/BtGatt.btif(14573): btif_gattc_unregister_app
01-14 11:32:24.913 D/BtGatt.btif(14573): btgattc_handle_event: Event 1001
01-14 11:32:24.913 D/BtGatt.btif(14573): btif_gattc_upstreams_evt: Event 1
01-14 11:32:24.923 I/System.out(18959): About to start new scanning
01-14 11:32:24.923 D/BluetoothAdapter(18959): startLeScan(): null
01-14 11:32:24.943 D/BtGatt.GattService(14573): registerClient() - UUID=74f9b496-43d3-4341-b618-59911011a3c7
01-14 11:32:24.943 D/BtGatt.btif(14573): btif_gattc_register_app
01-14 11:32:24.943 D/BtGatt.btif(14573): btgattc_handle_event: Event 1000
01-14 11:32:24.953 D/BtGatt.btif(14573): btif_gattc_upstreams_evt: Event 0
01-14 11:32:24.953 D/BtGatt.GattService(14573): onClientRegistered() - UUID=74f9b496-43d3-4341-b618-59911011a3c7, clientIf=4
01-14 11:32:24.953 D/BluetoothAdapter(18959): onClientRegistered() - status=0 clientIf=4
01-14 11:32:24.953 D/BtGatt.GattService(14573): startScan() - queue=0
01-14 11:32:24.963 D/BtGatt.GattService(14573): startScan() - adding client=4
01-14 11:32:24.963 D/BtGatt.btif(14573): btif_gattc_scan
01-14 11:32:24.963 D/BtGatt.btif(14573): btgattc_handle_event: Event 1002
01-14 11:32:24.963 I/System.out(18959): Started new scanning
01-14 11:32:25.884 I/System.out(18959): Values:0
01-14 11:32:26.875 I/System.out(18959): Values:0
01-14 11:32:27.876 I/System.out(18959): Values:0
01-14 11:32:28.877 I/System.out(18959): Values:0
01-14 11:32:29.878 I/System.out(18959): Values:0
01-14 11:32:30.879 I/System.out(18959): Values:0
01-14 11:32:31.880 I/System.out(18959): Values:0
01-14 11:32:32.881 I/System.out(18959): Values:0
01-14 11:32:33.882 I/System.out(18959): Values:0
01-14 11:32:34.882 I/System.out(18959): Values:0
01-14 11:32:34.882 D/BluetoothAdapter(18959): stopLeScan()
01-14 11:32:34.892 D/BtGatt.GattService(14573): stopScan() - queue=1
01-14 11:32:34.892 D/BtGatt.GattService(14573): stopScan() - queue empty; stopping scan
01-14 11:32:34.892 D/BtGatt.btif(14573): btif_gattc_scan
01-14 11:32:34.903 D/BtGatt.btif(14573): btgattc_handle_event: Event 1003
01-14 11:32:34.903 D/BtGatt.GattService(14573): unregisterClient() - clientIf=4
01-14 11:32:34.913 D/BtGatt.btif(14573): btif_gattc_unregister_app
01-14 11:32:34.913 D/BtGatt.btif(14573): btgattc_handle_event: Event 1001
01-14 11:32:34.923 D/BtGatt.btif(14573): btif_gattc_upstreams_evt: Event 1
01-14 11:32:34.923 I/System.out(18959): About to start new scanning
01-14 11:32:34.933 D/BluetoothAdapter(18959): startLeScan(): null
01-14 11:32:34.943 D/BtGatt.GattService(14573): registerClient() - UUID=eb35c97b-5130-4ad3-9423-82d3708e4d29
01-14 11:32:34.943 D/BtGatt.btif(14573): btif_gattc_register_app
01-14 11:32:34.943 D/BtGatt.btif(14573): btgattc_handle_event: Event 1000
01-14 11:32:34.953 D/BtGatt.btif(14573): btif_gattc_upstreams_evt: Event 0
01-14 11:32:34.953 D/BtGatt.GattService(14573): onClientRegistered() - UUID=eb35c97b-5130-4ad3-9423-82d3708e4d29, clientIf=4
01-14 11:32:34.953 D/BluetoothAdapter(18959): onClientRegistered() - status=0 clientIf=4
01-14 11:32:34.963 D/BtGatt.GattService(14573): startScan() - queue=0
01-14 11:32:34.963 D/BtGatt.GattService(14573): startScan() - adding client=4
01-14 11:32:34.963 D/BtGatt.btif(14573): btif_gattc_scan
01-14 11:32:34.963 D/BtGatt.btif(14573): btgattc_handle_event: Event 1002
01-14 11:32:34.963 I/System.out(18959): Started new scanning
01-14 11:32:35.883 I/System.out(18959): Values:0
01-14 11:32:36.874 I/System.out(18959): Values:0
01-14 11:32:37.875 I/System.out(18959): Values:0
01-14 11:32:38.886 I/System.out(18959): Values:0
01-14 11:32:39.887 I/System.out(18959): Values:0
01-14 11:32:40.888 I/System.out(18959): Values:0
01-14 11:32:41.889 I/System.out(18959): Values:0
01-14 11:32:42.890 I/System.out(18959): Values:0
01-14 11:32:43.901 I/System.out(18959): Values:0
01-14 11:32:44.902 I/System.out(18959): Values:0
01-14 11:32:44.902 D/BluetoothAdapter(18959): stopLeScan()
01-14 11:32:44.912 D/BtGatt.GattService(14573): stopScan() - queue=1
01-14 11:32:44.912 D/BtGatt.GattService(14573): stopScan() - queue empty; stopping scan
01-14 11:32:44.912 D/BtGatt.btif(14573): btif_gattc_scan
01-14 11:32:44.912 D/BtGatt.btif(14573): btgattc_handle_event: Event 1003
01-14 11:32:44.922 D/BtGatt.GattService(14573): unregisterClient() - clientIf=4
01-14 11:32:44.922 D/BtGatt.btif(14573): btif_gattc_unregister_app
01-14 11:32:44.932 D/BtGatt.btif(14573): btgattc_handle_event: Event 1001
01-14 11:32:44.932 D/BtGatt.btif(14573): btif_gattc_upstreams_evt: Event 1
01-14 11:32:44.942 I/System.out(18959): About to start new scanning
01-14 11:32:44.942 D/BluetoothAdapter(18959): startLeScan(): null
01-14 11:32:44.952 D/BtGatt.GattService(14573): registerClient() - UUID=fa663c42-1db1-474a-9a9f-803342307223
01-14 11:32:44.952 D/BtGatt.btif(14573): btif_gattc_register_app
01-14 11:32:44.952 D/BtGatt.btif(14573): btgattc_handle_event: Event 1000
01-14 11:32:44.952 D/BtGatt.btif(14573): btif_gattc_upstreams_evt: Event 0
01-14 11:32:44.962 D/BtGatt.GattService(14573): onClientRegistered() - UUID=fa663c42-1db1-474a-9a9f-803342307223, clientIf=4
01-14 11:32:44.962 D/BluetoothAdapter(18959): onClientRegistered() - status=0 clientIf=4
01-14 11:32:44.962 D/BtGatt.GattService(14573): startScan() - queue=0
01-14 11:32:44.962 D/BtGatt.GattService(14573): startScan() - adding client=4
01-14 11:32:44.962 D/BtGatt.btif(14573): btif_gattc_scan
01-14 11:32:44.962 D/BtGatt.btif(14573): btgattc_handle_event: Event 1002
01-14 11:32:44.962 I/System.out(18959): Started new scanning
01-14 11:32:45.903 I/System.out(18959): Values:0
01-14 11:32:46.904 I/System.out(18959): Values:0
01-14 11:32:47.895 I/System.out(18959): Values:0
01-14 11:32:48.896 I/System.out(18959): Values:0
01-14 11:32:49.907 I/System.out(18959): Values:0
01-14 11:32:50.908 I/System.out(18959): Values:0
01-14 11:32:51.909 I/System.out(18959): Values:0
01-14 11:32:52.910 I/System.out(18959): Values:0
01-14 11:32:53.921 I/System.out(18959): Values:0
01-14 11:32:54.922 I/System.out(18959): Values:0
01-14 11:32:54.922 D/BluetoothAdapter(18959): stopLeScan()
01-14 11:32:54.932 D/BtGatt.GattService(14573): stopScan() - queue=1
01-14 11:32:54.942 D/BtGatt.GattService(14573): stopScan() - queue empty; stopping scan
01-14 11:32:54.942 D/BtGatt.btif(14573): btif_gattc_scan
01-14 11:32:54.942 D/BtGatt.btif(14573): btgattc_handle_event: Event 1003
01-14 11:32:54.952 D/BtGatt.GattService(14573): unregisterClient() - clientIf=4
01-14 11:32:54.962 D/BtGatt.btif(14573): btif_gattc_unregister_app
01-14 11:32:54.962 D/BtGatt.btif(14573): btgattc_handle_event: Event 1001
01-14 11:32:54.972 D/BtGatt.btif(14573): btif_gattc_upstreams_evt: Event 1
01-14 11:32:54.972 I/System.out(18959): About to start new scanning
01-14 11:32:54.972 D/BluetoothAdapter(18959): startLeScan(): null
01-14 11:32:54.972 D/BtGatt.GattService(14573): registerClient() - UUID=458a5f86-80a0-4ded-ab6f-d142157f58cf
01-14 11:32:54.982 D/BtGatt.btif(14573): btif_gattc_register_app
01-14 11:32:54.982 D/BtGatt.btif(14573): btgattc_handle_event: Event 1000
01-14 11:32:54.982 D/BtGatt.btif(14573): btif_gattc_upstreams_evt: Event 0
01-14 11:32:54.982 D/BtGatt.GattService(14573): onClientRegistered() - UUID=458a5f86-80a0-4ded-ab6f-d142157f58cf, clientIf=4
01-14 11:32:54.982 D/BluetoothAdapter(18959): onClientRegistered() - status=0 clientIf=4
01-14 11:32:54.982 D/BtGatt.GattService(14573): startScan() - queue=0
01-14 11:32:54.982 D/BtGatt.GattService(14573): startScan() - adding client=4
01-14 11:32:54.992 D/BtGatt.btif(14573): btif_gattc_scan
01-14 11:32:54.992 D/BtGatt.btif(14573): btgattc_handle_event: Event 1002
01-14 11:32:54.992 I/System.out(18959): Started new scanning
01-14 11:32:55.923 I/System.out(18959): Values:0
01-14 11:32:56.914 I/System.out(18959): Values:0
01-14 11:32:57.925 I/System.out(18959): Values:0
01-14 11:32:58.926 I/System.out(18959): Values:0
01-14 11:32:59.927 I/System.out(18959): Values:0
01-14 11:33:00.928 I/System.out(18959): Values:0
01-14 11:33:01.929 I/System.out(18959): Values:0
01-14 11:33:02.930 I/System.out(18959): Values:0
01-14 11:33:03.931 I/System.out(18959): Values:0
01-14 11:33:04.942 I/System.out(18959): Values:0
01-14 11:33:04.942 D/BluetoothAdapter(18959): stopLeScan()
01-14 11:33:04.952 D/BtGatt.GattService(14573): stopScan() - queue=1
01-14 11:33:04.952 D/BtGatt.GattService(14573): stopScan() - queue empty; stopping scan
01-14 11:33:04.962 D/BtGatt.btif(14573): btif_gattc_scan
01-14 11:33:04.962 D/BtGatt.btif(14573): btgattc_handle_event: Event 1003
01-14 11:33:04.972 D/BtGatt.GattService(14573): unregisterClient() - clientIf=4
01-14 11:33:04.972 D/BtGatt.btif(14573): btif_gattc_unregister_app
01-14 11:33:04.982 D/BtGatt.btif(14573): btgattc_handle_event: Event 1001
01-14 11:33:04.982 D/BtGatt.btif(14573): btif_gattc_upstreams_evt: Event 1
01-14 11:33:04.992 I/System.out(18959): About to start new scanning
01-14 11:33:04.992 D/BluetoothAdapter(18959): startLeScan(): null
01-14 11:33:05.012 D/BtGatt.GattService(14573): registerClient() - UUID=af298f06-079f-4c2e-aadc-0d2406614468
01-14 11:33:05.012 D/BtGatt.btif(14573): btif_gattc_register_app
01-14 11:33:05.012 D/BtGatt.btif(14573): btgattc_handle_event: Event 1000
01-14 11:33:05.022 D/BtGatt.btif(14573): btif_gattc_upstreams_evt: Event 0
01-14 11:33:05.022 D/BtGatt.GattService(14573): onClientRegistered() - UUID=af298f06-079f-4c2e-aadc-0d2406614468, clientIf=4
01-14 11:33:05.022 D/BluetoothAdapter(18959): onClientRegistered() - status=0 clientIf=4
01-14 11:33:05.032 D/BtGatt.GattService(14573): startScan() - queue=0
01-14 11:33:05.032 D/BtGatt.GattService(14573): startScan() - adding client=4
01-14 11:33:05.032 D/BtGatt.btif(14573): btif_gattc_scan
01-14 11:33:05.032 D/BtGatt.btif(14573): btgattc_handle_event: Event 1002
01-14 11:33:05.032 I/System.out(18959): Started new scanning
01-14 11:33:05.943 I/System.out(18959): Values:0
01-14 11:33:05.993 D/dalvikvm(18959): GC_CONCURRENT freed 397K, 5% free 9088K/9524K, paused 10ms+7ms, total 60ms
01-14 11:33:06.944 I/System.out(18959): Values:0
01-14 11:33:07.945 I/System.out(18959): Values:0
01-14 11:33:08.936 I/System.out(18959): Values:0
01-14 11:33:09.937 I/System.out(18959): Values:0
01-14 11:33:10.938 I/System.out(18959): Values:0
01-14 11:33:11.949 I/System.out(18959): Values:0
01-14 11:33:12.950 I/System.out(18959): Values:0
01-14 11:33:13.951 I/System.out(18959): Values:0
01-14 11:33:14.952 I/System.out(18959): Values:0
01-14 11:33:14.952 D/BluetoothAdapter(18959): stopLeScan()
01-14 11:33:14.972 D/BtGatt.GattService(14573): stopScan() - queue=1
01-14 11:33:14.972 D/BtGatt.GattService(14573): stopScan() - queue empty; stopping scan
01-14 11:33:14.972 D/BtGatt.btif(14573): btif_gattc_scan
01-14 11:33:14.982 D/BtGatt.btif(14573): btgattc_handle_event: Event 1003
01-14 11:33:14.982 D/BtGatt.GattService(14573): unregisterClient() - clientIf=4
01-14 11:33:14.992 D/BtGatt.btif(14573): btif_gattc_unregister_app
01-14 11:33:14.992 D/BtGatt.btif(14573): btgattc_handle_event: Event 1001
01-14 11:33:15.002 D/BtGatt.btif(14573): btif_gattc_upstreams_evt: Event 1
01-14 11:33:15.002 I/System.out(18959): About to start new scanning
01-14 11:33:15.012 D/BluetoothAdapter(18959): startLeScan(): null
01-14 11:33:15.022 D/BtGatt.GattService(14573): registerClient() - UUID=7ce6c4ac-a14f-4d91-8dd8-6294f472aaa8
01-14 11:33:15.022 D/BtGatt.btif(14573): btif_gattc_register_app
01-14 11:33:15.022 D/BtGatt.btif(14573): btgattc_handle_event: Event 1000
01-14 11:33:15.022 D/BtGatt.btif(14573): btif_gattc_upstreams_evt: Event 0
01-14 11:33:15.032 D/BtGatt.GattService(14573): onClientRegistered() - UUID=7ce6c4ac-a14f-4d91-8dd8-6294f472aaa8, clientIf=4
01-14 11:33:15.032 D/BluetoothAdapter(18959): onClientRegistered() - status=0 clientIf=4
01-14 11:33:15.032 D/BtGatt.GattService(14573): startScan() - queue=0
01-14 11:33:15.032 D/BtGatt.GattService(14573): startScan() - adding client=4
