01-13 17:45:46.492 I/System.out(14846): Values:1
01-13 17:45:47.503 I/System.out(14846): Values:1
01-13 17:45:48.504 I/System.out(14846): Values:1
01-13 17:45:48.924 I/BluetoothAdapterProperties(14573): Callback:discoveryStateChangeCallback with state:0
01-13 17:45:48.944 W/bt-btif (14573): bta_dm_check_av:0
01-13 17:45:48.954 I/BluetoothAdapterProperties(14573): Callback:discoveryStateChangeCallback with state:1
01-13 17:45:48.964 V/BluetoothDiscoveryReceiver(14542): Received: android.bluetooth.adapter.action.DISCOVERY_FINISHED
01-13 17:45:48.985 V/BluetoothDiscoveryReceiver(14542): Received: android.bluetooth.adapter.action.DISCOVERY_STARTED
01-13 17:45:49.005 D/dalvikvm(14542): GC_FOR_ALLOC freed 368K, 6% free 8974K/9532K, paused 13ms, total 14ms
01-13 17:45:49.505 I/System.out(14846): Values:0
01-13 17:45:50.506 I/System.out(14846): Values:0
01-13 17:45:51.507 I/System.out(14846): Values:0
01-13 17:45:52.508 I/System.out(14846): Values:0
01-13 17:45:53.509 I/System.out(14846): Values:0
01-13 17:45:54.510 I/System.out(14846): Values:0
01-13 17:45:55.511 I/System.out(14846): Values:0
01-13 17:45:56.512 I/System.out(14846): Values:0
01-13 17:45:57.513 I/System.out(14846): Values:0
01-13 17:45:58.514 I/System.out(14846): Values:0
01-13 17:45:58.564 D/dalvikvm(14846): GC_CONCURRENT freed 388K, 5% free 9018K/9444K, paused 4ms+5ms, total 50ms
01-13 17:45:59.515 I/System.out(14846): Values:1
01-13 17:46:00.516 I/System.out(14846): Values:1
01-13 17:46:01.517 I/System.out(14846): Values:1
01-13 17:46:02.518 I/System.out(14846): Values:1
01-13 17:46:02.928 I/BluetoothAdapterProperties(14573): Callback:discoveryStateChangeCallback with state:0
01-13 17:46:02.948 W/bt-btif (14573): bta_dm_check_av:0
01-13 17:46:02.958 I/BluetoothAdapterProperties(14573): Callback:discoveryStateChangeCallback with state:1
01-13 17:46:02.968 V/BluetoothDiscoveryReceiver(14542): Received: android.bluetooth.adapter.action.DISCOVERY_FINISHED
01-13 17:46:02.968 V/BluetoothDiscoveryReceiver(14542): Received: android.bluetooth.adapter.action.DISCOVERY_STARTED
01-13 17:46:03.519 I/System.out(14846): Values:0
01-13 17:46:04.520 I/System.out(14846): Values:0
01-13 17:46:05.521 I/System.out(14846): Values:0
01-13 17:46:06.522 I/System.out(14846): Values:0
01-13 17:46:07.523 I/System.out(14846): Values:1
01-13 17:46:08.524 I/System.out(14846): Values:1
01-13 17:46:09.515 I/System.out(14846): Values:1
01-13 17:46:10.516 I/System.out(14846): Values:1
01-13 17:46:11.526 I/System.out(14846): Values:1
01-13 17:46:12.517 I/System.out(14846): Values:1
01-13 17:46:13.528 I/System.out(14846): Values:1
01-13 17:46:14.529 I/System.out(14846): Values:1
01-13 17:46:15.530 I/System.out(14846): Values:1
01-13 17:46:15.791 I/BluetoothAdapterProperties(14573): Callback:discoveryStateChangeCallback with state:0
01-13 17:46:15.811 W/bt-btif (14573): bta_dm_check_av:0
01-13 17:46:15.821 V/BluetoothDiscoveryReceiver(14542): Received: android.bluetooth.adapter.action.DISCOVERY_FINISHED
01-13 17:46:15.821 I/BluetoothAdapterProperties(14573): Callback:discoveryStateChangeCallback with state:1
01-13 17:46:15.861 V/BluetoothDiscoveryReceiver(14542): Received: android.bluetooth.adapter.action.DISCOVERY_STARTED
01-13 17:46:16.531 I/System.out(14846): Values:1
01-13 17:46:17.532 I/System.out(14846): Values:1
01-13 17:46:18.533 I/System.out(14846): Values:1
01-13 17:46:19.534 I/System.out(14846): Values:1
01-13 17:46:20.535 I/System.out(14846): Values:1
01-13 17:46:21.536 I/System.out(14846): Values:1
01-13 17:46:22.537 I/System.out(14846): Values:1
01-13 17:46:23.538 I/System.out(14846): Values:1
01-13 17:46:24.539 I/System.out(14846): Values:1
01-13 17:46:25.540 I/System.out(14846): Values:1
01-13 17:46:26.541 I/System.out(14846): Values:1
01-13 17:46:27.542 I/System.out(14846): Values:1
01-13 17:46:28.553 I/System.out(14846): Values:1
01-13 17:46:28.653 I/BluetoothAdapterProperties(14573): Callback:discoveryStateChangeCallback with state:0
01-13 17:46:28.673 W/bt-btif (14573): bta_dm_check_av:0
01-13 17:46:28.673 V/BluetoothDiscoveryReceiver(14542): Received: android.bluetooth.adapter.action.DISCOVERY_FINISHED
01-13 17:46:28.693 I/BluetoothAdapterProperties(14573): Callback:discoveryStateChangeCallback with state:1
01-13 17:46:28.703 V/BluetoothDiscoveryReceiver(14542): Received: android.bluetooth.adapter.action.DISCOVERY_STARTED
01-13 17:46:29.534 I/System.out(14846): Values:0
01-13 17:46:30.545 I/System.out(14846): Values:0
01-13 17:46:31.546 I/System.out(14846): Values:0
01-13 17:46:32.547 I/System.out(14846): Values:1
01-13 17:46:33.548 I/System.out(14846): Values:1
01-13 17:46:34.549 I/System.out(14846): Values:2
01-13 17:46:35.550 I/System.out(14846): Values:2
01-13 17:46:36.551 I/System.out(14846): Values:2
01-13 17:46:37.562 I/System.out(14846): Values:2
01-13 17:46:38.563 I/System.out(14846): Values:2
01-13 17:46:39.564 I/System.out(14846): Values:2
01-13 17:46:40.565 I/System.out(14846): Values:2
01-13 17:46:41.516 I/BluetoothAdapterProperties(14573): Callback:discoveryStateChangeCallback with state:0
01-13 17:46:41.536 W/bt-btif (14573): bta_dm_check_av:0
01-13 17:46:41.536 I/BluetoothAdapterProperties(14573): Callback:discoveryStateChangeCallback with state:1
01-13 17:46:41.556 V/BluetoothDiscoveryReceiver(14542): Received: android.bluetooth.adapter.action.DISCOVERY_FINISHED
01-13 17:46:41.566 I/System.out(14846): Values:0
01-13 17:46:41.586 V/BluetoothDiscoveryReceiver(14542): Received: android.bluetooth.adapter.action.DISCOVERY_STARTED
01-13 17:46:41.616 D/dalvikvm(14542): GC_FOR_ALLOC freed 359K, 6% free 8974K/9532K, paused 13ms, total 14ms
01-13 17:46:42.567 I/System.out(14846): Values:0
01-13 17:46:42.867 D/dalvikvm(14573): GC_CONCURRENT freed 389K, 5% free 9010K/9440K, paused 16ms+1ms, total 48ms
01-13 17:46:43.568 I/System.out(14846): Values:1
01-13 17:46:44.569 I/System.out(14846): Values:1
01-13 17:46:45.570 I/System.out(14846): Values:1
01-13 17:46:46.571 I/System.out(14846): Values:1
01-13 17:46:47.572 I/System.out(14846): Values:1
01-13 17:46:48.573 I/System.out(14846): Values:1
01-13 17:46:49.574 I/System.out(14846): Values:1
01-13 17:46:50.575 I/System.out(14846): Values:1
01-13 17:46:51.566 I/System.out(14846): Values:1
01-13 17:46:52.577 I/System.out(14846): Values:1
01-13 17:46:53.578 I/System.out(14846): Values:1
01-13 17:46:54.368 I/BluetoothAdapterProperties(14573): Callback:discoveryStateChangeCallback with state:0
01-13 17:46:54.388 W/bt-btif (14573): bta_dm_check_av:0
01-13 17:46:54.388 V/BluetoothDiscoveryReceiver(14542): Received: android.bluetooth.adapter.action.DISCOVERY_FINISHED
01-13 17:46:54.408 I/BluetoothAdapterProperties(14573): Callback:discoveryStateChangeCallback with state:1
01-13 17:46:54.418 V/BluetoothDiscoveryReceiver(14542): Received: android.bluetooth.adapter.action.DISCOVERY_STARTED
01-13 17:46:54.578 I/System.out(14846): Values:0
01-13 17:46:55.579 I/System.out(14846): Values:0
01-13 17:46:56.580 I/System.out(14846): Values:0
01-13 17:46:57.581 I/System.out(14846): Values:0
01-13 17:46:58.582 I/System.out(14846): Values:0
01-13 17:46:59.583 I/System.out(14846): Values:0
01-13 17:46:59.724 D/HeadsetPhoneState(14573): sendDeviceStateChanged. mService=0 mSignal=0 mRoam=0 mBatteryCharge=4
01-13 17:47:00.584 I/System.out(14846): Values:0
01-13 17:47:00.594 I/System.out(14846): Battery level start is reached
01-13 17:47:01.585 I/System.out(14846): Values:1
01-13 17:47:02.586 I/System.out(14846): Values:1
01-13 17:47:03.587 I/System.out(14846): Values:1
01-13 17:47:04.588 I/System.out(14846): Values:1
01-13 17:47:05.589 I/System.out(14846): Values:1
01-13 17:47:06.590 I/System.out(14846): Values:1
01-13 17:47:07.231 I/BluetoothAdapterProperties(14573): Callback:discoveryStateChangeCallback with state:0
01-13 17:47:07.251 W/bt-btif (14573): bta_dm_check_av:0
01-13 17:47:07.251 V/BluetoothDiscoveryReceiver(14542): Received: android.bluetooth.adapter.action.DISCOVERY_FINISHED
01-13 17:47:07.271 I/BluetoothAdapterProperties(14573): Callback:discoveryStateChangeCallback with state:1
01-13 17:47:07.281 V/BluetoothDiscoveryReceiver(14542): Received: android.bluetooth.adapter.action.DISCOVERY_STARTED
01-13 17:47:07.601 I/System.out(14846): Values:1
01-13 17:47:08.592 I/System.out(14846): Values:2
01-13 17:47:09.603 I/System.out(14846): Values:2
01-13 17:47:10.604 I/System.out(14846): Values:2
01-13 17:47:11.595 I/System.out(14846): Values:2
01-13 17:47:12.596 I/System.out(14846): Values:2
01-13 17:47:13.597 I/System.out(14846): Values:2
01-13 17:47:14.598 I/System.out(14846): Values:2
01-13 17:47:15.599 I/System.out(14846): Values:2
01-13 17:47:16.600 I/System.out(14846): Values:2
01-13 17:47:17.601 I/System.out(14846): Values:2
01-13 17:47:18.602 I/System.out(14846): Values:2
01-13 17:47:19.603 I/System.out(14846): Values:2
01-13 17:47:20.093 I/BluetoothAdapterProperties(14573): Callback:discoveryStateChangeCallback with state:0
01-13 17:47:20.113 I/ActivityManager(  523): No longer want com.google.android.gsf.login (pid 14526): empty for 1800s
01-13 17:47:20.123 W/bt-btif (14573): bta_dm_check_av:0
01-13 17:47:20.133 I/BluetoothAdapterProperties(14573): Callback:discoveryStateChangeCallback with state:1
01-13 17:47:20.133 V/BluetoothDiscoveryReceiver(14542): Received: android.bluetooth.adapter.action.DISCOVERY_FINISHED
01-13 17:47:20.153 V/BluetoothDiscoveryReceiver(14542): Received: android.bluetooth.adapter.action.DISCOVERY_STARTED
01-13 17:47:20.594 I/System.out(14846): Values:0
01-13 17:47:21.605 I/System.out(14846): Values:0
01-13 17:47:22.596 I/System.out(14846): Values:0
01-13 17:47:23.597 I/System.out(14846): Values:0
01-13 17:47:24.598 I/System.out(14846): Values:1
01-13 17:47:25.599 I/System.out(14846): Values:1
01-13 17:47:26.600 I/System.out(14846): Values:1
01-13 17:47:27.601 I/System.out(14846): Values:1
01-13 17:47:28.602 I/System.out(14846): Values:1
01-13 17:47:29.603 I/System.out(14846): Values:1
01-13 17:47:30.594 I/System.out(14846): Values:1
01-13 17:47:31.605 I/System.out(14846): Values:1
01-13 17:47:32.606 I/System.out(14846): Values:1
01-13 17:47:32.946 I/BluetoothAdapterProperties(14573): Callback:discoveryStateChangeCallback with state:0
01-13 17:47:32.966 W/bt-btif (14573): bta_dm_check_av:0
01-13 17:47:32.966 V/BluetoothDiscoveryReceiver(14542): Received: android.bluetooth.adapter.action.DISCOVERY_FINISHED
01-13 17:47:32.976 I/BluetoothAdapterProperties(14573): Callback:discoveryStateChangeCallback with state:1
01-13 17:47:32.996 V/BluetoothDiscoveryReceiver(14542): Received: android.bluetooth.adapter.action.DISCOVERY_STARTED
01-13 17:47:33.607 I/System.out(14846): Values:1
01-13 17:47:34.608 I/System.out(14846): Values:1
01-13 17:47:35.609 I/System.out(14846): Values:1
01-13 17:47:36.610 I/System.out(14846): Values:1
01-13 17:47:37.610 I/System.out(14846): Values:1
01-13 17:47:38.611 I/System.out(14846): Values:1
01-13 17:47:39.612 I/System.out(14846): Values:1
01-13 17:47:40.613 I/System.out(14846): Values:1
01-13 17:47:41.614 I/System.out(14846): Values:1
01-13 17:47:42.605 I/System.out(14846): Values:1
01-13 17:47:43.616 I/System.out(14846): Values:1
01-13 17:47:44.617 I/System.out(14846): Values:1
01-13 17:47:45.628 I/System.out(14846): Values:1
01-13 17:47:45.808 I/BluetoothAdapterProperties(14573): Callback:discoveryStateChangeCallback with state:0
01-13 17:47:45.828 W/bt-btif (14573): bta_dm_check_av:0
01-13 17:47:45.828 V/BluetoothDiscoveryReceiver(14542): Received: android.bluetooth.adapter.action.DISCOVERY_FINISHED
01-13 17:47:45.839 I/BluetoothAdapterProperties(14573): Callback:discoveryStateChangeCallback with state:1
01-13 17:47:45.869 V/BluetoothDiscoveryReceiver(14542): Received: android.bluetooth.adapter.action.DISCOVERY_STARTED
01-13 17:47:45.899 D/dalvikvm(14542): GC_FOR_ALLOC freed 366K, 6% free 8976K/9532K, paused 12ms, total 12ms
01-13 17:47:46.629 I/System.out(14846): Values:0
01-13 17:47:47.620 I/System.out(14846): Values:0
01-13 17:47:48.621 I/System.out(14846): Values:0
01-13 17:47:49.622 I/System.out(14846): Values:0
01-13 17:47:50.623 I/System.out(14846): Values:1
01-13 17:47:51.624 I/System.out(14846): Values:1
01-13 17:47:52.625 I/System.out(14846): Values:1
01-13 17:47:53.626 I/System.out(14846): Values:1
01-13 17:47:54.627 I/System.out(14846): Values:1
01-13 17:47:55.628 I/System.out(14846): Values:1
01-13 17:47:56.629 I/System.out(14846): Values:1
01-13 17:47:57.630 I/System.out(14846): Values:1
01-13 17:47:58.631 I/System.out(14846): Values:1
01-13 17:47:58.671 I/BluetoothAdapterProperties(14573): Callback:discoveryStateChangeCallback with state:0
01-13 17:47:58.691 W/bt-btif (14573): bta_dm_check_av:0
01-13 17:47:58.691 V/BluetoothDiscoveryReceiver(14542): Received: android.bluetooth.adapter.action.DISCOVERY_FINISHED
01-13 17:47:58.701 I/BluetoothAdapterProperties(14573): Callback:discoveryStateChangeCallback with state:1
01-13 17:47:58.721 V/BluetoothDiscoveryReceiver(14542): Received: android.bluetooth.adapter.action.DISCOVERY_STARTED
01-13 17:47:59.632 I/System.out(14846): Values:0
01-13 17:48:00.633 I/System.out(14846): Values:0
01-13 17:48:01.634 I/System.out(14846): Values:1
01-13 17:48:02.635 I/System.out(14846): Values:1
01-13 17:48:03.636 I/System.out(14846): Values:1
01-13 17:48:04.637 I/System.out(14846): Values:1
01-13 17:48:05.638 I/System.out(14846): Values:1
01-13 17:48:06.639 I/System.out(14846): Values:1
01-13 17:48:07.640 I/System.out(14846): Values:1
01-13 17:48:08.641 I/System.out(14846): Values:1
01-13 17:48:09.642 I/System.out(14846): Values:1
01-13 17:48:10.643 I/System.out(14846): Values:1
01-13 17:48:11.534 I/BluetoothAdapterProperties(14573): Callback:discoveryStateChangeCallback with state:0
01-13 17:48:11.544 W/bt-btif (14573): bta_dm_check_av:0
01-13 17:48:11.544 V/BluetoothDiscoveryReceiver(14542): Received: android.bluetooth.adapter.action.DISCOVERY_FINISHED
01-13 17:48:11.564 I/BluetoothAdapterProperties(14573): Callback:discoveryStateChangeCallback with state:1
01-13 17:48:11.574 V/BluetoothDiscoveryReceiver(14542): Received: android.bluetooth.adapter.action.DISCOVERY_STARTED
01-13 17:48:11.634 I/System.out(14846): Values:0
01-13 17:48:12.645 I/System.out(14846): Values:0
01-13 17:48:13.646 I/System.out(14846): Values:0
01-13 17:48:14.647 I/System.out(14846): Values:0
01-13 17:48:15.648 I/System.out(14846): Values:1
01-13 17:48:16.649 I/System.out(14846): Values:1
01-13 17:48:17.650 I/System.out(14846): Values:1
01-13 17:48:18.651 I/System.out(14846): Values:1
01-13 17:48:19.651 I/System.out(14846): Values:1
01-13 17:48:20.652 I/System.out(14846): Values:1
01-13 17:48:21.653 I/System.out(14846): Values:1
01-13 17:48:22.654 I/System.out(14846): Values:1
01-13 17:48:23.655 I/System.out(14846): Values:1
01-13 17:48:24.396 I/BluetoothAdapterProperties(14573): Callback:discoveryStateChangeCallback with state:0
01-13 17:48:24.406 V/BluetoothDiscoveryReceiver(14542): Received: android.bluetooth.adapter.action.DISCOVERY_FINISHED
01-13 17:48:24.416 W/bt-btif (14573): bta_dm_check_av:0
01-13 17:48:24.426 I/BluetoothAdapterProperties(14573): Callback:discoveryStateChangeCallback with state:1
01-13 17:48:24.456 V/BluetoothDiscoveryReceiver(14542): Received: android.bluetooth.adapter.action.DISCOVERY_STARTED
01-13 17:48:24.646 I/System.out(14846): Values:0
01-13 17:48:25.647 I/System.out(14846): Values:0
01-13 17:48:26.648 I/System.out(14846): Values:0
01-13 17:48:27.649 I/System.out(14846): Values:0
01-13 17:48:28.650 I/System.out(14846): Values:1
01-13 17:48:29.651 I/System.out(14846): Values:1
01-13 17:48:30.662 I/System.out(14846): Values:1
01-13 17:48:31.663 I/System.out(14846): Values:1
01-13 17:48:32.664 I/System.out(14846): Values:1
01-13 17:48:33.665 I/System.out(14846): Values:1
01-13 17:48:34.666 I/System.out(14846): Values:1
01-13 17:48:35.657 I/System.out(14846): Values:1
01-13 17:48:36.658 I/System.out(14846): Values:1
01-13 17:48:37.249 I/BluetoothAdapterProperties(14573): Callback:discoveryStateChangeCallback with state:0
01-13 17:48:37.269 W/bt-btif (14573): bta_dm_check_av:0
01-13 17:48:37.279 V/BluetoothDiscoveryReceiver(14542): Received: android.bluetooth.adapter.action.DISCOVERY_FINISHED
01-13 17:48:37.289 I/BluetoothAdapterProperties(14573): Callback:discoveryStateChangeCallback with state:1
01-13 17:48:37.299 V/BluetoothDiscoveryReceiver(14542): Received: android.bluetooth.adapter.action.DISCOVERY_STARTED
01-13 17:48:37.349 D/dalvikvm(14542): GC_FOR_ALLOC freed 357K, 6% free 8974K/9532K, paused 13ms, total 13ms
01-13 17:48:37.659 I/System.out(14846): Values:0
01-13 17:48:38.660 I/System.out(14846): Values:1
01-13 17:48:39.671 I/System.out(14846): Values:1
01-13 17:48:40.672 I/System.out(14846): Values:1
01-13 17:48:41.673 I/System.out(14846): Values:1
01-13 17:48:42.674 I/System.out(14846): Values:1
01-13 17:48:43.675 I/System.out(14846): Values:1
01-13 17:48:44.666 I/System.out(14846): Values:1
01-13 17:48:45.667 I/System.out(14846): Values:1
01-13 17:48:46.668 I/System.out(14846): Values:1
01-13 17:48:47.669 I/System.out(14846): Values:1
01-13 17:48:48.670 I/System.out(14846): Values:1
01-13 17:48:49.671 I/System.out(14846): Values:1
01-13 17:48:50.121 I/BluetoothAdapterProperties(14573): Callback:discoveryStateChangeCallback with state:0
01-13 17:48:50.141 W/bt-btif (14573): bta_dm_check_av:0
01-13 17:48:50.141 V/BluetoothDiscoveryReceiver(14542): Received: android.bluetooth.adapter.action.DISCOVERY_FINISHED
01-13 17:48:50.151 I/BluetoothAdapterProperties(14573): Callback:discoveryStateChangeCallback with state:1
01-13 17:48:50.171 V/BluetoothDiscoveryReceiver(14542): Received: android.bluetooth.adapter.action.DISCOVERY_STARTED
01-13 17:48:50.672 I/System.out(14846): Values:0
01-13 17:48:51.673 I/System.out(14846): Values:0
01-13 17:48:52.674 I/System.out(14846): Values:0
01-13 17:48:53.675 I/System.out(14846): Values:0
01-13 17:48:54.676 I/System.out(14846): Values:1
01-13 17:48:55.677 I/System.out(14846): Values:1
01-13 17:48:56.678 I/System.out(14846): Values:1
01-13 17:48:57.679 I/System.out(14846): Values:1
01-13 17:48:58.690 I/System.out(14846): Values:1
01-13 17:48:59.681 I/System.out(14846): Values:1
01-13 17:49:00.682 I/System.out(14846): Values:1
01-13 17:49:01.683 I/System.out(14846): Values:1
01-13 17:49:02.693 I/System.out(14846): Values:1
01-13 17:49:02.984 I/BluetoothAdapterProperties(14573): Callback:discoveryStateChangeCallback with state:0
01-13 17:49:02.994 V/BluetoothDiscoveryReceiver(14542): Received: android.bluetooth.adapter.action.DISCOVERY_FINISHED
01-13 17:49:03.004 W/bt-btif (14573): bta_dm_check_av:0
01-13 17:49:03.014 I/BluetoothAdapterProperties(14573): Callback:discoveryStateChangeCallback with state:1
01-13 17:49:03.114 D/dalvikvm(  523): GC_CONCURRENT freed 1971K, 19% free 17114K/21020K, paused 12ms+7ms, total 138ms
01-13 17:49:03.124 V/BluetoothDiscoveryReceiver(14542): Received: android.bluetooth.adapter.action.DISCOVERY_STARTED
01-13 17:49:03.684 I/System.out(14846): Values:1
01-13 17:49:04.685 I/System.out(14846): Values:1
01-13 17:49:05.686 I/System.out(14846): Values:1
01-13 17:49:06.687 I/System.out(14846): Values:1
01-13 17:49:07.688 I/System.out(14846): Values:1
01-13 17:49:08.689 I/System.out(14846): Values:1
01-13 17:49:09.690 I/System.out(14846): Values:1
01-13 17:49:10.691 I/System.out(14846): Values:1
01-13 17:49:11.692 I/System.out(14846): Values:1
01-13 17:49:12.693 I/System.out(14846): Values:1
01-13 17:49:13.704 I/System.out(14846): Values:1
01-13 17:49:14.695 I/System.out(14846): Values:1
01-13 17:49:15.706 I/System.out(14846): Values:1
01-13 17:49:15.846 I/BluetoothAdapterProperties(14573): Callback:discoveryStateChangeCallback with state:0
01-13 17:49:15.856 W/bt-btif (14573): bta_dm_check_av:0
01-13 17:49:15.866 I/BluetoothAdapterProperties(14573): Callback:discoveryStateChangeCallback with state:1
01-13 17:49:15.866 V/BluetoothDiscoveryReceiver(14542): Received: android.bluetooth.adapter.action.DISCOVERY_FINISHED
01-13 17:49:15.896 V/BluetoothDiscoveryReceiver(14542): Received: android.bluetooth.adapter.action.DISCOVERY_STARTED
01-13 17:49:15.936 D/btif_config_util(14573): btif_config_save_file(L153): in file name:/data/misc/bluedroid/bt_config.new
01-13 17:49:16.697 I/System.out(14846): Values:1
01-13 17:49:17.698 I/System.out(14846): Values:1
01-13 17:49:18.709 I/System.out(14846): Values:1
01-13 17:49:19.710 I/System.out(14846): Values:1
01-13 17:49:20.711 I/System.out(14846): Values:1
01-13 17:49:21.712 I/System.out(14846): Values:1
01-13 17:49:21.772 D/dalvikvm(14846): GC_CONCURRENT freed 386K, 5% free 9019K/9444K, paused 8ms+4ms, total 60ms
01-13 17:49:22.713 I/System.out(14846): Values:1
01-13 17:49:23.714 I/System.out(14846): Values:1
01-13 17:49:24.705 I/System.out(14846): Values:1
01-13 17:49:25.706 I/System.out(14846): Values:1
01-13 17:49:26.717 I/System.out(14846): Values:1
01-13 17:49:27.718 I/System.out(14846): Values:1
01-13 17:49:28.689 I/BluetoothAdapterProperties(14573): Callback:discoveryStateChangeCallback with state:0
01-13 17:49:28.719 I/System.out(14846): Values:0
01-13 17:49:28.729 W/bt-btif (14573): bta_dm_check_av:0
01-13 17:49:28.739 I/BluetoothAdapterProperties(14573): Callback:discoveryStateChangeCallback with state:1
01-13 17:49:28.759 V/BluetoothDiscoveryReceiver(14542): Received: android.bluetooth.adapter.action.DISCOVERY_FINISHED
01-13 17:49:28.769 V/BluetoothDiscoveryReceiver(14542): Received: android.bluetooth.adapter.action.DISCOVERY_STARTED
01-13 17:49:29.720 I/System.out(14846): Values:0
01-13 17:49:30.731 I/System.out(14846): Values:0
01-13 17:49:31.722 I/System.out(14846): Values:1
01-13 17:49:32.723 I/System.out(14846): Values:1
01-13 17:49:33.724 I/System.out(14846): Values:1
01-13 17:49:34.725 I/System.out(14846): Values:1
01-13 17:49:35.726 I/System.out(14846): Values:1
01-13 17:49:36.727 I/System.out(14846): Values:1
01-13 17:49:37.728 I/System.out(14846): Values:1
01-13 17:49:38.729 I/System.out(14846): Values:1
01-13 17:49:39.730 I/System.out(14846): Values:1
01-13 17:49:40.731 I/System.out(14846): Values:1
01-13 17:49:41.571 I/BluetoothAdapterProperties(14573): Callback:discoveryStateChangeCallback with state:0
01-13 17:49:41.601 W/bt-btif (14573): bta_dm_check_av:0
01-13 17:49:41.611 I/BluetoothAdapterProperties(14573): Callback:discoveryStateChangeCallback with state:1
01-13 17:49:41.631 V/BluetoothDiscoveryReceiver(14542): Received: android.bluetooth.adapter.action.DISCOVERY_FINISHED
01-13 17:49:41.641 V/BluetoothDiscoveryReceiver(14542): Received: android.bluetooth.adapter.action.DISCOVERY_STARTED
01-13 17:49:41.682 D/dalvikvm(14542): GC_FOR_ALLOC freed 369K, 6% free 8974K/9532K, paused 13ms, total 13ms
01-13 17:49:41.732 I/System.out(14846): Values:1
01-13 17:49:42.733 I/System.out(14846): Values:1
01-13 17:49:43.734 I/System.out(14846): Values:1
01-13 17:49:44.735 I/System.out(14846): Values:1
01-13 17:49:45.735 I/System.out(14846): Values:1
01-13 17:49:46.736 I/System.out(14846): Values:1
01-13 17:49:47.727 I/System.out(14846): Values:1
01-13 17:49:48.738 I/System.out(14846): Values:1
01-13 17:49:49.739 I/System.out(14846): Values:1
01-13 17:49:50.730 I/System.out(14846): Values:1
01-13 17:49:51.741 I/System.out(14846): Values:1
01-13 17:49:52.732 I/System.out(14846): Values:1
01-13 17:49:53.743 I/System.out(14846): Values:1
01-13 17:49:54.434 I/BluetoothAdapterProperties(14573): Callback:discoveryStateChangeCallback with state:0
01-13 17:49:54.464 W/bt-btif (14573): bta_dm_check_av:0
01-13 17:49:54.474 I/BluetoothAdapterProperties(14573): Callback:discoveryStateChangeCallback with state:1
01-13 17:49:54.494 V/BluetoothDiscoveryReceiver(14542): Received: android.bluetooth.adapter.action.DISCOVERY_FINISHED
01-13 17:49:54.504 V/BluetoothDiscoveryReceiver(14542): Received: android.bluetooth.adapter.action.DISCOVERY_STARTED
01-13 17:49:54.734 I/System.out(14846): Values:0
01-13 17:49:55.745 I/System.out(14846): Values:0
01-13 17:49:56.746 I/System.out(14846): Values:0
01-13 17:49:57.747 I/System.out(14846): Values:0
01-13 17:49:58.738 I/System.out(14846): Values:1
01-13 17:49:59.749 I/System.out(14846): Values:1
01-13 17:50:00.740 I/System.out(14846): Values:1
01-13 17:50:01.751 I/System.out(14846): Values:1
01-13 17:50:02.742 I/System.out(14846): Values:1
01-13 17:50:03.743 I/System.out(14846): Values:1
01-13 17:50:04.744 I/System.out(14846): Values:1
01-13 17:50:05.745 I/System.out(14846): Values:1
01-13 17:50:06.746 I/System.out(14846): Values:1
01-13 17:50:07.307 I/BluetoothAdapterProperties(14573): Callback:discoveryStateChangeCallback with state:0
01-13 17:50:07.337 W/bt-btif (14573): bta_dm_check_av:0
01-13 17:50:07.347 I/BluetoothAdapterProperties(14573): Callback:discoveryStateChangeCallback with state:1
01-13 17:50:07.367 V/BluetoothDiscoveryReceiver(14542): Received: android.bluetooth.adapter.action.DISCOVERY_FINISHED
01-13 17:50:07.377 V/BluetoothDiscoveryReceiver(14542): Received: android.bluetooth.adapter.action.DISCOVERY_STARTED
01-13 17:50:07.747 I/System.out(14846): Values:0
01-13 17:50:08.748 I/System.out(14846): Values:0
01-13 17:50:09.749 I/System.out(14846): Values:0
01-13 17:50:10.760 I/System.out(14846): Values:0
01-13 17:50:11.751 I/System.out(14846): Values:1
01-13 17:50:12.752 I/System.out(14846): Values:1
01-13 17:50:13.753 I/System.out(14846): Values:1
01-13 17:50:14.754 I/System.out(14846): Values:1
01-13 17:50:15.755 I/System.out(14846): Values:1
01-13 17:50:16.756 I/System.out(14846): Values:1
01-13 17:50:17.757 I/System.out(14846): Values:1
01-13 17:50:18.758 I/System.out(14846): Values:1
01-13 17:50:19.759 I/System.out(14846): Values:1
01-13 17:50:20.179 I/BluetoothAdapterProperties(14573): Callback:discoveryStateChangeCallback with state:0
01-13 17:50:20.199 I/ActivityManager(  523): No longer want com.google.android.youtube (pid 5896): empty for 1801s
01-13 17:50:20.209 W/bt-btif (14573): bta_dm_check_av:0
01-13 17:50:20.219 I/BluetoothAdapterProperties(14573): Callback:discoveryStateChangeCallback with state:1
01-13 17:50:20.259 V/BluetoothDiscoveryReceiver(14542): Received: android.bluetooth.adapter.action.DISCOVERY_FINISHED
01-13 17:50:20.279 V/BluetoothDiscoveryReceiver(14542): Received: android.bluetooth.adapter.action.DISCOVERY_STARTED
01-13 17:50:20.760 I/System.out(14846): Values:0
01-13 17:50:21.761 I/System.out(14846): Values:1
01-13 17:50:22.762 I/System.out(14846): Values:1
01-13 17:50:23.763 I/System.out(14846): Values:1
01-13 17:50:24.764 I/System.out(14846): Values:1
01-13 17:50:25.765 I/System.out(14846): Values:1
01-13 17:50:26.766 I/System.out(14846): Values:1
01-13 17:50:27.756 I/System.out(14846): Values:1
01-13 17:50:28.767 I/System.out(14846): Values:1
01-13 17:50:29.758 I/System.out(14846): Values:1
01-13 17:50:30.769 I/System.out(14846): Values:1
01-13 17:50:31.770 I/System.out(14846): Values:1
01-13 17:50:32.771 I/System.out(14846): Values:1
01-13 17:50:33.042 I/BluetoothAdapterProperties(14573): Callback:discoveryStateChangeCallback with state:0
01-13 17:50:33.072 W/bt-btif (14573): bta_dm_check_av:0
01-13 17:50:33.092 I/BluetoothAdapterProperties(14573): Callback:discoveryStateChangeCallback with state:1
01-13 17:50:33.122 V/BluetoothDiscoveryReceiver(14542): Received: android.bluetooth.adapter.action.DISCOVERY_FINISHED
01-13 17:50:33.122 V/BluetoothDiscoveryReceiver(14542): Received: android.bluetooth.adapter.action.DISCOVERY_STARTED
01-13 17:50:33.772 I/System.out(14846): Values:0
01-13 17:50:34.783 I/System.out(14846): Values:0
01-13 17:50:35.784 I/System.out(14846): Values:0
01-13 17:50:36.785 I/System.out(14846): Values:0
01-13 17:50:37.776 I/System.out(14846): Values:1
01-13 17:50:38.777 I/System.out(14846): Values:1
01-13 17:50:39.778 I/System.out(14846): Values:1
01-13 17:50:40.779 I/System.out(14846): Values:1
01-13 17:50:41.780 I/System.out(14846): Values:1
01-13 17:50:42.781 I/System.out(14846): Values:1
01-13 17:50:43.782 I/System.out(14846): Values:1
01-13 17:50:44.783 I/System.out(14846): Values:1
01-13 17:50:45.784 I/System.out(14846): Values:1
01-13 17:50:45.914 I/BluetoothAdapterProperties(14573): Callback:discoveryStateChangeCallback with state:0
01-13 17:50:45.934 W/bt-btif (14573): bta_dm_check_av:0
01-13 17:50:45.944 I/BluetoothAdapterProperties(14573): Callback:discoveryStateChangeCallback with state:1
01-13 17:50:45.964 V/BluetoothDiscoveryReceiver(14542): Received: android.bluetooth.adapter.action.DISCOVERY_FINISHED
01-13 17:50:45.984 V/BluetoothDiscoveryReceiver(14542): Received: android.bluetooth.adapter.action.DISCOVERY_STARTED
01-13 17:50:46.024 D/dalvikvm(14542): GC_FOR_ALLOC freed 359K, 6% free 8976K/9532K, paused 12ms, total 13ms
01-13 17:50:46.785 I/System.out(14846): Values:0
01-13 17:50:47.786 I/System.out(14846): Values:0
01-13 17:50:48.797 I/System.out(14846): Values:0
01-13 17:50:49.798 I/System.out(14846): Values:0
01-13 17:50:50.789 I/System.out(14846): Values:1
01-13 17:50:51.800 I/System.out(14846): Values:1
01-13 17:50:52.801 I/System.out(14846): Values:1
01-13 17:50:53.792 I/System.out(14846): Values:1
01-13 17:50:54.793 I/System.out(14846): Values:1
01-13 17:50:55.804 I/System.out(14846): Values:1
01-13 17:50:56.805 I/System.out(14846): Values:1
01-13 17:50:57.806 I/System.out(14846): Values:1
01-13 17:50:58.777 I/BluetoothAdapterProperties(14573): Callback:discoveryStateChangeCallback with state:0
01-13 17:50:58.797 I/System.out(14846): Values:1
01-13 17:50:58.797 I/ActivityManager(  523): No longer want com.google.android.gallery3d (pid 5561): empty for 1804s
01-13 17:50:58.807 I/ActivityManager(  523): No longer want com.android.chrome (pid 13751): empty for 1804s
01-13 17:50:58.817 I/ActivityManager(  523): No longer want com.google.android.gms (pid 14352): empty for 1808s
01-13 17:50:58.817 I/ActivityManager(  523): No longer want com.google.android.googlequicksearchbox (pid 14373): empty for 1808s
01-13 17:50:58.827 I/ActivityManager(  523): No longer want com.android.musicfx (pid 14334): empty for 1808s
01-13 17:50:58.827 I/ActivityManager(  523): No longer want com.google.android.talk (pid 14470): empty for 1808s
01-13 17:50:58.827 I/ActivityManager(  523): No longer want android.process.acore (pid 14295): empty for 1808s
01-13 17:50:58.827 I/ActivityManager(  523): No longer want com.google.android.partnersetup (pid 14402): empty for 1808s
01-13 17:50:58.837 I/ActivityManager(  523): No longer want com.android.keychain (pid 14320): empty for 1808s
01-13 17:50:58.837 W/bt-btif (14573): bta_dm_check_av:0
01-13 17:50:58.837 I/ActivityManager(  523): No longer want com.android.defcontainer (pid 14249): empty for 1809s
01-13 17:50:58.847 I/BluetoothAdapterProperties(14573): Callback:discoveryStateChangeCallback with state:1
01-13 17:50:58.877 V/BluetoothDiscoveryReceiver(14542): Received: android.bluetooth.adapter.action.DISCOVERY_FINISHED
01-13 17:50:58.877 V/BluetoothDiscoveryReceiver(14542): Received: android.bluetooth.adapter.action.DISCOVERY_STARTED
01-13 17:50:58.887 I/ActivityManager(  523): No longer want com.google.android.apps.uploader (pid 5597): empty for 1805s
01-13 17:50:59.808 I/System.out(14846): Values:1
01-13 17:51:00.799 I/System.out(14846): Values:1
01-13 17:51:01.810 I/System.out(14846): Values:1
01-13 17:51:02.811 I/System.out(14846): Values:1
01-13 17:51:03.812 I/System.out(14846): Values:1
01-13 17:51:04.813 I/System.out(14846): Values:1
01-13 17:51:05.814 I/System.out(14846): Values:1
01-13 17:51:06.815 I/System.out(14846): Values:1
01-13 17:51:07.816 I/System.out(14846): Values:1
01-13 17:51:08.817 I/System.out(14846): Values:1
01-13 17:51:09.828 I/System.out(14846): Values:1
01-13 17:51:10.828 I/System.out(14846): Values:1
01-13 17:51:11.679 I/BluetoothAdapterProperties(14573): Callback:discoveryStateChangeCallback with state:0
01-13 17:51:11.709 W/bt-btif (14573): bta_dm_check_av:0
01-13 17:51:11.709 I/BluetoothAdapterProperties(14573): Callback:discoveryStateChangeCallback with state:1
01-13 17:51:11.749 D/dalvikvm(14573): GC_CONCURRENT freed 388K, 5% free 9009K/9436K, paused 2ms+1ms, total 36ms
01-13 17:51:11.759 V/BluetoothDiscoveryReceiver(14542): Received: android.bluetooth.adapter.action.DISCOVERY_FINISHED
01-13 17:51:11.759 V/BluetoothDiscoveryReceiver(14542): Received: android.bluetooth.adapter.action.DISCOVERY_STARTED
01-13 17:51:11.769 E/        (  785): RS Message thread exiting.
01-13 17:51:11.769 E/RenderScript(  785): rsAssert failed: !mTypes.size(), in frameworks/rs/rsType.cpp at 59
01-13 17:51:11.769 E/RenderScript(  785): rsAssert failed: !mElements.size(), in frameworks/rs/rsElement.cpp at 375
01-13 17:51:11.819 I/System.out(14846): Values:0
01-13 17:51:12.820 I/System.out(14846): Values:0
01-13 17:51:13.831 I/System.out(14846): Values:0
01-13 17:51:14.832 I/System.out(14846): Values:0
01-13 17:51:15.833 I/System.out(14846): Values:1
01-13 17:51:16.834 I/System.out(14846): Values:1
01-13 17:51:17.835 I/System.out(14846): Values:1
01-13 17:51:18.836 I/System.out(14846): Values:1
01-13 17:51:19.837 I/System.out(14846): Values:1
01-13 17:51:20.828 I/System.out(14846): Values:1
01-13 17:51:21.829 I/System.out(14846): Values:1
01-13 17:51:22.830 I/System.out(14846): Values:1
01-13 17:51:23.841 I/System.out(14846): Values:1
01-13 17:51:24.542 I/BluetoothAdapterProperties(14573): Callback:discoveryStateChangeCallback with state:0
01-13 17:51:24.572 W/bt-btif (14573): bta_dm_check_av:0
01-13 17:51:24.592 I/BluetoothAdapterProperties(14573): Callback:discoveryStateChangeCallback with state:1
01-13 17:51:24.612 V/BluetoothDiscoveryReceiver(14542): Received: android.bluetooth.adapter.action.DISCOVERY_FINISHED
01-13 17:51:24.632 V/BluetoothDiscoveryReceiver(14542): Received: android.bluetooth.adapter.action.DISCOVERY_STARTED
01-13 17:51:24.842 I/System.out(14846): Values:0
01-13 17:51:25.843 I/System.out(14846): Values:0
01-13 17:51:26.854 I/System.out(14846): Values:0
01-13 17:51:27.845 I/System.out(14846): Values:0
01-13 17:51:28.846 I/System.out(14846): Values:1
01-13 17:51:29.847 I/System.out(14846): Values:1
01-13 17:51:30.848 I/System.out(14846): Values:1
01-13 17:51:31.859 I/System.out(14846): Values:1
01-13 17:51:32.860 I/System.out(14846): Values:1
01-13 17:51:33.861 I/System.out(14846): Values:1
01-13 17:51:34.862 I/System.out(14846): Values:1
01-13 17:51:35.863 I/System.out(14846): Values:1
01-13 17:51:36.854 I/System.out(14846): Values:1
01-13 17:51:37.414 I/BluetoothAdapterProperties(14573): Callback:discoveryStateChangeCallback with state:0
01-13 17:51:37.444 W/bt-btif (14573): bta_dm_check_av:0
01-13 17:51:37.454 I/BluetoothAdapterProperties(14573): Callback:discoveryStateChangeCallback with state:1
01-13 17:51:37.474 V/BluetoothDiscoveryReceiver(14542): Received: android.bluetooth.adapter.action.DISCOVERY_FINISHED
01-13 17:51:37.495 V/BluetoothDiscoveryReceiver(14542): Received: android.bluetooth.adapter.action.DISCOVERY_STARTED
01-13 17:51:37.525 D/dalvikvm(14542): GC_FOR_ALLOC freed 356K, 6% free 8974K/9532K, paused 13ms, total 14ms
01-13 17:51:37.865 I/System.out(14846): Values:1
01-13 17:51:38.866 I/System.out(14846): Values:1
01-13 17:51:39.867 I/System.out(14846): Values:1
01-13 17:51:40.858 I/System.out(14846): Values:1
01-13 17:51:41.859 I/System.out(14846): Values:1
01-13 17:51:42.860 I/System.out(14846): Values:1
01-13 17:51:43.861 I/System.out(14846): Values:1
01-13 17:51:44.862 I/System.out(14846): Values:1
01-13 17:51:45.873 I/System.out(14846): Values:1
01-13 17:51:46.874 I/System.out(14846): Values:1
01-13 17:51:47.875 I/System.out(14846): Values:1
01-13 17:51:48.866 I/System.out(14846): Values:1
01-13 17:51:49.867 I/System.out(14846): Values:1
01-13 17:51:50.277 I/BluetoothAdapterProperties(14573): Callback:discoveryStateChangeCallback with state:0
01-13 17:51:50.317 W/bt-btif (14573): bta_dm_check_av:0
01-13 17:51:50.327 I/BluetoothAdapterProperties(14573): Callback:discoveryStateChangeCallback with state:1
01-13 17:51:50.347 V/BluetoothDiscoveryReceiver(14542): Received: android.bluetooth.adapter.action.DISCOVERY_FINISHED
01-13 17:51:50.347 V/BluetoothDiscoveryReceiver(14542): Received: android.bluetooth.adapter.action.DISCOVERY_STARTED
01-13 17:51:50.878 I/System.out(14846): Values:0
01-13 17:51:51.869 I/System.out(14846): Values:0
01-13 17:51:52.880 I/System.out(14846): Values:0
01-13 17:51:53.870 I/System.out(14846): Values:0
01-13 17:51:54.871 I/System.out(14846): Values:1
01-13 17:51:55.872 I/System.out(14846): Values:1
01-13 17:51:56.873 I/System.out(14846): Values:1
01-13 17:51:57.874 I/System.out(14846): Values:1
01-13 17:51:58.865 I/System.out(14846): Values:1
01-13 17:51:59.876 I/System.out(14846): Values:1
01-13 17:52:00.877 I/System.out(14846): Values:1
01-13 17:52:01.878 I/System.out(14846): Values:1
01-13 17:52:02.879 I/System.out(14846): Values:1
01-13 17:52:03.160 I/BluetoothAdapterProperties(14573): Callback:discoveryStateChangeCallback with state:0
01-13 17:52:03.200 W/bt-btif (14573): bta_dm_check_av:0
01-13 17:52:03.210 I/BluetoothAdapterProperties(14573): Callback:discoveryStateChangeCallback with state:1
01-13 17:52:03.240 V/BluetoothDiscoveryReceiver(14542): Received: android.bluetooth.adapter.action.DISCOVERY_FINISHED
01-13 17:52:03.260 V/BluetoothDiscoveryReceiver(14542): Received: android.bluetooth.adapter.action.DISCOVERY_STARTED
01-13 17:52:03.260 D/dalvikvm(14262): GC_CONCURRENT freed 447K, 6% free 9134K/9708K, paused 2ms+1ms, total 41ms
01-13 17:52:03.880 I/System.out(14846): Values:0
01-13 17:52:04.881 I/System.out(14846): Values:0
01-13 17:52:05.882 I/System.out(14846): Values:0
01-13 17:52:06.883 I/System.out(14846): Values:1
01-13 17:52:07.874 I/System.out(14846): Values:1
01-13 17:52:08.885 I/System.out(14846): Values:1
01-13 17:52:09.886 I/System.out(14846): Values:1
01-13 17:52:10.887 I/System.out(14846): Values:1
01-13 17:52:11.888 I/System.out(14846): Values:1
01-13 17:52:12.889 I/System.out(14846): Values:1
01-13 17:52:13.890 I/System.out(14846): Values:1
01-13 17:52:14.891 I/System.out(14846): Values:1
01-13 17:52:15.902 I/System.out(14846): Values:1
01-13 17:52:16.032 I/BluetoothAdapterProperties(14573): Callback:discoveryStateChangeCallback with state:0
01-13 17:52:16.072 W/bt-btif (14573): bta_dm_check_av:0
01-13 17:52:16.072 I/BluetoothAdapterProperties(14573): Callback:discoveryStateChangeCallback with state:1
01-13 17:52:16.102 V/BluetoothDiscoveryReceiver(14542): Received: android.bluetooth.adapter.action.DISCOVERY_FINISHED
01-13 17:52:16.122 V/BluetoothDiscoveryReceiver(14542): Received: android.bluetooth.adapter.action.DISCOVERY_STARTED
01-13 17:52:16.903 I/System.out(14846): Values:1
01-13 17:52:17.904 I/System.out(14846): Values:1
01-13 17:52:18.905 I/System.out(14846): Values:1
01-13 17:52:19.906 I/System.out(14846): Values:1
01-13 17:52:20.897 I/System.out(14846): Values:1
01-13 17:52:21.898 I/System.out(14846): Values:1
01-13 17:52:22.899 I/System.out(14846): Values:1
01-13 17:52:23.900 I/System.out(14846): Values:1
01-13 17:52:24.901 I/System.out(14846): Values:1
01-13 17:52:25.902 I/System.out(14846): Values:1
01-13 17:52:26.903 I/System.out(14846): Values:1
01-13 17:52:27.914 I/System.out(14846): Values:1
01-13 17:52:28.895 I/BluetoothAdapterProperties(14573): Callback:discoveryStateChangeCallback with state:0
01-13 17:52:28.905 I/System.out(14846): Values:0
01-13 17:52:28.915 W/bt-btif (14573): bta_dm_check_av:0
01-13 17:52:28.925 I/BluetoothAdapterProperties(14573): Callback:discoveryStateChangeCallback with state:1
01-13 17:52:28.945 V/BluetoothDiscoveryReceiver(14542): Received: android.bluetooth.adapter.action.DISCOVERY_FINISHED
01-13 17:52:28.995 V/BluetoothDiscoveryReceiver(14542): Received: android.bluetooth.adapter.action.DISCOVERY_STARTED
01-13 17:52:29.005 D/dalvikvm(14542): GC_FOR_ALLOC freed 351K, 6% free 8976K/9532K, paused 14ms, total 14ms
01-13 17:52:29.916 I/System.out(14846): Values:0
01-13 17:52:30.907 I/System.out(14846): Values:0
01-13 17:52:31.918 I/System.out(14846): Values:0
01-13 17:52:32.909 I/System.out(14846): Values:1
01-13 17:52:33.910 I/System.out(14846): Values:1
01-13 17:52:34.921 I/System.out(14846): Values:1
01-13 17:52:35.922 I/System.out(14846): Values:1
01-13 17:52:36.922 I/System.out(14846): Values:1
01-13 17:52:37.923 I/System.out(14846): Values:1
01-13 17:52:38.914 I/System.out(14846): Values:1
01-13 17:52:39.915 I/System.out(14846): Values:1
01-13 17:52:40.926 I/System.out(14846): Values:1
01-13 17:52:41.757 I/BluetoothAdapterProperties(14573): Callback:discoveryStateChangeCallback with state:0
01-13 17:52:41.797 W/bt-btif (14573): bta_dm_check_av:0
01-13 17:52:41.807 I/BluetoothAdapterProperties(14573): Callback:discoveryStateChangeCallback with state:1
01-13 17:52:41.827 V/BluetoothDiscoveryReceiver(14542): Received: android.bluetooth.adapter.action.DISCOVERY_FINISHED
01-13 17:52:41.827 V/BluetoothDiscoveryReceiver(14542): Received: android.bluetooth.adapter.action.DISCOVERY_STARTED
01-13 17:52:41.917 I/System.out(14846): Values:0
01-13 17:52:42.928 I/System.out(14846): Values:0
01-13 17:52:43.919 I/System.out(14846): Values:0
01-13 17:52:44.920 I/System.out(14846): Values:0
01-13 17:52:45.541 D/dalvikvm(14846): GC_CONCURRENT freed 386K, 5% free 9019K/9444K, paused 5ms+1ms, total 42ms
01-13 17:52:45.921 I/System.out(14846): Values:1
01-13 17:52:46.922 I/System.out(14846): Values:1
01-13 17:52:47.923 I/System.out(14846): Values:1
01-13 17:52:48.924 I/System.out(14846): Values:1
01-13 17:52:49.925 I/System.out(14846): Values:1
01-13 17:52:50.926 I/System.out(14846): Values:1
01-13 17:52:51.927 I/System.out(14846): Values:1
01-13 17:52:52.928 I/System.out(14846): Values:1
01-13 17:52:53.929 I/System.out(14846): Values:1
01-13 17:52:54.640 I/BluetoothAdapterProperties(14573): Callback:discoveryStateChangeCallback with state:0
01-13 17:52:54.690 W/bt-btif (14573): bta_dm_check_av:0
01-13 17:52:54.710 I/BluetoothAdapterProperties(14573): Callback:discoveryStateChangeCallback with state:1
01-13 17:52:54.720 V/BluetoothDiscoveryReceiver(14542): Received: android.bluetooth.adapter.action.DISCOVERY_FINISHED
01-13 17:52:54.740 V/BluetoothDiscoveryReceiver(14542): Received: android.bluetooth.adapter.action.DISCOVERY_STARTED
01-13 17:52:54.930 I/System.out(14846): Values:0
01-13 17:52:55.931 I/System.out(14846): Values:1
01-13 17:52:56.932 I/System.out(14846): Values:1
01-13 17:52:57.933 I/System.out(14846): Values:1
01-13 17:52:58.934 I/System.out(14846): Values:1
01-13 17:52:59.935 I/System.out(14846): Values:1
01-13 17:53:00.936 I/System.out(14846): Values:1
01-13 17:53:01.927 I/System.out(14846): Values:1
01-13 17:53:02.928 I/System.out(14846): Values:1
01-13 17:53:03.939 I/System.out(14846): Values:1
01-13 17:53:04.940 I/System.out(14846): Values:1
01-13 17:53:05.941 I/System.out(14846): Values:1
01-13 17:53:06.942 I/System.out(14846): Values:1
01-13 17:53:07.532 I/BluetoothAdapterProperties(14573): Callback:discoveryStateChangeCallback with state:0
01-13 17:53:07.552 W/bt-btif (14573): bta_dm_check_av:0
01-13 17:53:07.552 V/BluetoothDiscoveryReceiver(14542): Received: android.bluetooth.adapter.action.DISCOVERY_FINISHED
01-13 17:53:07.572 I/BluetoothAdapterProperties(14573): Callback:discoveryStateChangeCallback with state:1
01-13 17:53:07.602 V/BluetoothDiscoveryReceiver(14542): Received: android.bluetooth.adapter.action.DISCOVERY_STARTED
01-13 17:53:07.602 I/ActivityManager(  523): No longer want com.google.android.apps.plus (pid 5633): empty for 1933s
01-13 17:53:07.642 D/dalvikvm(14542): GC_FOR_ALLOC freed 345K, 6% free 8974K/9532K, paused 14ms, total 14ms
01-13 17:53:07.943 I/System.out(14846): Values:0
01-13 17:53:08.944 I/System.out(14846): Values:0
01-13 17:53:09.945 I/System.out(14846): Values:0
01-13 17:53:10.936 I/System.out(14846): Values:0
01-13 17:53:11.947 I/System.out(14846): Values:1
01-13 17:53:12.938 I/System.out(14846): Values:1
01-13 17:53:13.949 I/System.out(14846): Values:1
01-13 17:53:14.950 I/System.out(14846): Values:1
01-13 17:53:15.951 I/System.out(14846): Values:1
01-13 17:53:16.952 I/System.out(14846): Values:1
01-13 17:53:17.953 I/System.out(14846): Values:1
01-13 17:53:18.943 I/System.out(14846): Values:1
01-13 17:53:19.954 I/System.out(14846): Values:1
01-13 17:53:20.395 I/BluetoothAdapterProperties(14573): Callback:discoveryStateChangeCallback with state:0
01-13 17:53:20.435 W/bt-btif (14573): bta_dm_check_av:0
01-13 17:53:20.445 I/BluetoothAdapterProperties(14573): Callback:discoveryStateChangeCallback with state:1
01-13 17:53:20.455 V/BluetoothDiscoveryReceiver(14542): Received: android.bluetooth.adapter.action.DISCOVERY_FINISHED
01-13 17:53:20.465 V/BluetoothDiscoveryReceiver(14542): Received: android.bluetooth.adapter.action.DISCOVERY_STARTED
01-13 17:53:20.945 I/System.out(14846): Values:0
01-13 17:53:21.946 I/System.out(14846): Values:1
01-13 17:53:22.947 I/System.out(14846): Values:1
01-13 17:53:23.948 I/System.out(14846): Values:1
01-13 17:53:24.949 I/System.out(14846): Values:1
01-13 17:53:25.950 I/System.out(14846): Values:1
01-13 17:53:26.951 I/System.out(14846): Values:1
01-13 17:53:27.952 I/System.out(14846): Values:1
01-13 17:53:28.953 I/System.out(14846): Values:1
01-13 17:53:29.954 I/System.out(14846): Values:1
01-13 17:53:30.955 I/System.out(14846): Values:1
01-13 17:53:31.956 I/System.out(14846): Values:1
01-13 17:53:32.957 I/System.out(14846): Values:1
01-13 17:53:33.277 I/BluetoothAdapterProperties(14573): Callback:discoveryStateChangeCallback with state:0
01-13 17:53:33.318 W/bt-btif (14573): bta_dm_check_av:0
01-13 17:53:33.328 I/BluetoothAdapterProperties(14573): Callback:discoveryStateChangeCallback with state:1
01-13 17:53:33.348 V/BluetoothDiscoveryReceiver(14542): Received: android.bluetooth.adapter.action.DISCOVERY_FINISHED
01-13 17:53:33.368 V/BluetoothDiscoveryReceiver(14542): Received: android.bluetooth.adapter.action.DISCOVERY_STARTED
01-13 17:53:33.958 I/System.out(14846): Values:0
01-13 17:53:34.959 I/System.out(14846): Values:0
01-13 17:53:35.960 I/System.out(14846): Values:0
01-13 17:53:36.961 I/System.out(14846): Values:0
01-13 17:53:37.962 I/System.out(14846): Values:1
01-13 17:53:38.963 I/System.out(14846): Values:1
01-13 17:53:39.964 I/System.out(14846): Values:1
01-13 17:53:40.965 I/System.out(14846): Values:1
01-13 17:53:41.956 I/System.out(14846): Values:1
01-13 17:53:42.967 I/System.out(14846): Values:1
01-13 17:53:43.968 I/System.out(14846): Values:1
01-13 17:53:44.969 I/System.out(14846): Values:1
01-13 17:53:45.970 I/System.out(14846): Values:1
01-13 17:53:46.150 I/BluetoothAdapterProperties(14573): Callback:discoveryStateChangeCallback with state:0
01-13 17:53:46.190 W/bt-btif (14573): bta_dm_check_av:0
01-13 17:53:46.210 I/BluetoothAdapterProperties(14573): Callback:discoveryStateChangeCallback with state:1
01-13 17:53:46.230 V/BluetoothDiscoveryReceiver(14542): Received: android.bluetooth.adapter.action.DISCOVERY_FINISHED
01-13 17:53:46.250 V/BluetoothDiscoveryReceiver(14542): Received: android.bluetooth.adapter.action.DISCOVERY_STARTED
01-13 17:53:46.971 I/System.out(14846): Values:0
01-13 17:53:47.972 I/System.out(14846): Values:0
01-13 17:53:48.973 I/System.out(14846): Values:0
01-13 17:53:49.974 I/System.out(14846): Values:1
01-13 17:53:50.985 I/System.out(14846): Values:1
01-13 17:53:51.986 I/System.out(14846): Values:1
01-13 17:53:52.977 I/System.out(14846): Values:1
01-13 17:53:53.978 I/System.out(14846): Values:1
01-13 17:53:54.989 I/System.out(14846): Values:1
01-13 17:53:55.990 I/System.out(14846): Values:1
01-13 17:53:56.991 I/System.out(14846): Values:1
01-13 17:53:57.992 I/System.out(14846): Values:1
01-13 17:53:58.993 I/System.out(14846): Values:1
01-13 17:53:59.033 I/BluetoothAdapterProperties(14573): Callback:discoveryStateChangeCallback with state:0
01-13 17:53:59.083 W/bt-btif (14573): bta_dm_check_av:0
01-13 17:53:59.093 I/BluetoothAdapterProperties(14573): Callback:discoveryStateChangeCallback with state:1
01-13 17:53:59.113 V/BluetoothDiscoveryReceiver(14542): Received: android.bluetooth.adapter.action.DISCOVERY_FINISHED
01-13 17:53:59.153 D/dalvikvm(14542): GC_FOR_ALLOC freed 350K, 6% free 8976K/9532K, paused 14ms, total 14ms
01-13 17:53:59.153 V/BluetoothDiscoveryReceiver(14542): Received: android.bluetooth.adapter.action.DISCOVERY_STARTED
01-13 17:53:59.994 I/System.out(14846): Values:1
01-13 17:54:00.995 I/System.out(14846): Values:1
01-13 17:54:01.995 I/System.out(14846): Values:1
01-13 17:54:02.996 I/System.out(14846): Values:1
01-13 17:54:03.997 I/System.out(14846): Values:1
01-13 17:54:04.998 I/System.out(14846): Values:1
01-13 17:54:05.999 I/System.out(14846): Values:1
01-13 17:54:07.000 I/System.out(14846): Values:1
01-13 17:54:08.011 I/System.out(14846): Values:1
01-13 17:54:09.012 I/System.out(14846): Values:1
01-13 17:54:10.013 I/System.out(14846): Values:1
01-13 17:54:11.004 I/System.out(14846): Values:1
01-13 17:54:11.915 I/BluetoothAdapterProperties(14573): Callback:discoveryStateChangeCallback with state:0
01-13 17:54:11.955 W/bt-btif (14573): bta_dm_check_av:0
01-13 17:54:11.965 I/BluetoothAdapterProperties(14573): Callback:discoveryStateChangeCallback with state:1
01-13 17:54:11.985 V/BluetoothDiscoveryReceiver(14542): Received: android.bluetooth.adapter.action.DISCOVERY_FINISHED
01-13 17:54:11.985 V/BluetoothDiscoveryReceiver(14542): Received: android.bluetooth.adapter.action.DISCOVERY_STARTED
01-13 17:54:12.005 I/System.out(14846): Values:0
01-13 17:54:13.006 I/System.out(14846): Values:0
01-13 17:54:14.007 I/System.out(14846): Values:0
01-13 17:54:15.018 I/System.out(14846): Values:0
01-13 17:54:16.019 I/System.out(14846): Values:1
01-13 17:54:17.020 I/System.out(14846): Values:1
01-13 17:54:18.021 I/System.out(14846): Values:1
01-13 17:54:19.022 I/System.out(14846): Values:1
01-13 17:54:20.023 I/System.out(14846): Values:1
01-13 17:54:21.024 I/System.out(14846): Values:1
01-13 17:54:22.025 I/System.out(14846): Values:1
01-13 17:54:23.026 I/System.out(14846): Values:1
01-13 17:54:24.017 I/System.out(14846): Values:1
01-13 17:54:24.798 I/BluetoothAdapterProperties(14573): Callback:discoveryStateChangeCallback with state:0
01-13 17:54:24.848 W/bt-btif (14573): bta_dm_check_av:0
01-13 17:54:24.858 I/BluetoothAdapterProperties(14573): Callback:discoveryStateChangeCallback with state:1
