--------- beginning of /dev/log/main
01-09 17:46:25.815 D/AndroidRuntime(10272): 
01-09 17:46:25.815 D/AndroidRuntime(10272): >>>>>> AndroidRuntime START com.android.internal.os.RuntimeInit <<<<<<
01-09 17:46:25.815 D/AndroidRuntime(10272): CheckJNI is OFF
01-09 17:46:25.825 D/dalvikvm(10272): Trying to load lib libjavacore.so 0x0
01-09 17:46:25.825 D/dalvikvm(10272): Added shared lib libjavacore.so 0x0
01-09 17:46:25.845 D/dalvikvm(10272): Trying to load lib libnativehelper.so 0x0
01-09 17:46:25.845 D/dalvikvm(10272): Added shared lib libnativehelper.so 0x0
01-09 17:46:25.966 D/AndroidRuntime(10272): Calling main entry com.android.commands.pm.Pm
01-09 17:46:25.976 D/Finsky  ( 9481): [1] PackageVerificationReceiver.checkPrerequisites: Skipping verification because network inactive
--------- beginning of /dev/log/system
01-09 17:46:25.976 W/ActivityManager(  512): No content provider found for permission revoke: file:///data/local/tmp/EnergyMeasurementBluetooth.apk
01-09 17:46:25.986 D/Finsky  ( 9481): [1] PackageVerificationReceiver.checkPrerequisites: Skipping verification because network inactive
01-09 17:46:25.996 W/ActivityManager(  512): No content provider found for permission revoke: file:///data/local/tmp/EnergyMeasurementBluetooth.apk
01-09 17:46:25.996 I/PackageManager(  512): Copying native libraries to /data/app-lib/vmdl-1076259357
01-09 17:46:25.996 W/PackageManager(  512): Invalid verification token 13 received
01-09 17:46:26.046 I/ActivityManager(  512): Force stopping package uk.ac.st_andrews.cs.host.mk74.energymeasurement.bluetooth appid=10091 user=-1
01-09 17:46:26.086 D/dalvikvm(  512): GC_CONCURRENT freed 1921K, 25% free 16902K/22316K, paused 2ms+6ms, total 65ms
01-09 17:46:26.086 D/dalvikvm(  512): WAIT_FOR_CONCURRENT_GC blocked 32ms
01-09 17:46:26.156 I/PackageManager(  512): Package uk.ac.st_andrews.cs.host.mk74.energymeasurement.bluetooth codePath changed from /data/app/uk.ac.st_andrews.cs.host.mk74.energymeasurement.bluetooth-2.apk to /data/app/uk.ac.st_andrews.cs.host.mk74.energymeasurement.bluetooth-1.apk; Retaining data and using new
01-09 17:46:26.166 I/PackageManager(  512): Running dexopt on: uk.ac.st_andrews.cs.host.mk74.energymeasurement.bluetooth
01-09 17:46:26.426 D/dalvikvm(10287): DexOpt: load 43ms, verify+opt 163ms, 963452 bytes
01-09 17:46:26.466 I/ActivityManager(  512): Force stopping package uk.ac.st_andrews.cs.host.mk74.energymeasurement.bluetooth appid=10091 user=-1
01-09 17:46:26.466 W/PackageManager(  512): Code path for pkg : uk.ac.st_andrews.cs.host.mk74.energymeasurement.bluetooth changing from /data/app/uk.ac.st_andrews.cs.host.mk74.energymeasurement.bluetooth-2.apk to /data/app/uk.ac.st_andrews.cs.host.mk74.energymeasurement.bluetooth-1.apk
01-09 17:46:26.476 W/PackageManager(  512): Resource path for pkg : uk.ac.st_andrews.cs.host.mk74.energymeasurement.bluetooth changing from /data/app/uk.ac.st_andrews.cs.host.mk74.energymeasurement.bluetooth-2.apk to /data/app/uk.ac.st_andrews.cs.host.mk74.energymeasurement.bluetooth-1.apk
01-09 17:46:26.606 I/ActivityManager(  512): Force stopping package uk.ac.st_andrews.cs.host.mk74.energymeasurement.bluetooth appid=10091 user=0
01-09 17:46:26.646 D/dalvikvm( 7005): GC_EXPLICIT freed 217K, 5% free 28498K/29860K, paused 2ms+5ms, total 31ms
01-09 17:46:26.646 D/dalvikvm( 9514): GC_EXPLICIT freed 334K, 5% free 9192K/9596K, paused 2ms+4ms, total 25ms
01-09 17:46:26.656 W/ActivityManager(  512): Skipping broadcast of Intent { act=android.intent.action.PACKAGE_REMOVED dat=package:uk.ac.st_andrews.cs.host.mk74.energymeasurement.bluetooth flg=0x8000010 (has extras) }: user 10 is stopped
01-09 17:46:26.666 I/InputReader(  512): Reconfiguring input devices.  changes=0x00000010
01-09 17:46:26.726 I/InputReader(  512): Reconfiguring input devices.  changes=0x00000010
01-09 17:46:26.736 W/ActivityManager(  512): Skipping broadcast of Intent { act=android.intent.action.PACKAGE_ADDED dat=package:uk.ac.st_andrews.cs.host.mk74.energymeasurement.bluetooth flg=0x8000010 (has extras) }: user 10 is stopped
01-09 17:46:26.736 W/ContextImpl( 9540): Calling a method in the system process without a qualified user: android.app.ContextImpl.startService:1385 android.content.ContextWrapper.startService:473 android.content.ContextWrapper.startService:473 com.android.keychain.KeyChainBroadcastReceiver.onReceive:12 android.app.ActivityThread.handleReceiver:2424 
01-09 17:46:26.756 D/dalvikvm(  753): GC_CONCURRENT freed 358K, 5% free 9294K/9700K, paused 2ms+2ms, total 18ms
01-09 17:46:26.756 D/dalvikvm(  753): WAIT_FOR_CONCURRENT_GC blocked 9ms
01-09 17:46:26.756 D/BackupManagerService(  512): Received broadcast Intent { act=android.intent.action.PACKAGE_REMOVED dat=package:uk.ac.st_andrews.cs.host.mk74.energymeasurement.bluetooth flg=0x8000010 (has extras) }
01-09 17:46:26.766 D/BackupManagerService(  512): Received broadcast Intent { act=android.intent.action.PACKAGE_ADDED dat=package:uk.ac.st_andrews.cs.host.mk74.energymeasurement.bluetooth flg=0x8000010 (has extras) }
01-09 17:46:26.766 V/BackupManagerService(  512): removePackageParticipantsLocked: uid=10091 #1
01-09 17:46:26.776 V/BackupManagerService(  512): addPackageParticipantsLocked: #1
01-09 17:46:26.786 W/ActivityManager(  512): Skipping broadcast of Intent { act=android.intent.action.PACKAGE_REPLACED dat=package:uk.ac.st_andrews.cs.host.mk74.energymeasurement.bluetooth flg=0x8000010 (has extras) }: user 10 is stopped
01-09 17:46:26.786 W/ActivityManager(  512): Skipping broadcast of Intent { act=android.intent.action.MY_PACKAGE_REPLACED flg=0x8000010 pkg=uk.ac.st_andrews.cs.host.mk74.energymeasurement.bluetooth (has extras) }: user 10 is stopped
01-09 17:46:26.846 D/dalvikvm(  512): GC_EXPLICIT freed 1116K, 24% free 16985K/22316K, paused 2ms+8ms, total 64ms
01-09 17:46:26.856 D/AndroidRuntime(10272): Shutting down VM
01-09 17:46:26.856 D/jdwp    (10272): Got wake-up signal, bailing out of select
01-09 17:46:26.856 D/dalvikvm(10272): Debugger has detached; object registry had 1 entries
01-09 17:46:26.936 D/dalvikvm( 9569): GC_CONCURRENT freed 367K, 5% free 9227K/9632K, paused 2ms+3ms, total 18ms
01-09 17:46:27.107 D/dalvikvm( 9588): GC_CONCURRENT freed 360K, 5% free 9357K/9756K, paused 2ms+1ms, total 15ms
01-09 17:46:27.117 D/dalvikvm(  704): GC_FOR_ALLOC freed 229K, 11% free 9815K/10944K, paused 19ms, total 19ms
01-09 17:46:27.137 I/GCoreUlr(  704): Ensuring that reporting is stopped because of reasons: (no Google accounts)
01-09 17:46:27.137 D/GCoreFlp(  704): Unknown pending intent to remove.
01-09 17:46:27.137 I/GCoreUlr(  704): Unbound from all location providers
01-09 17:46:27.407 D/AndroidRuntime(10320): 
01-09 17:46:27.407 D/AndroidRuntime(10320): >>>>>> AndroidRuntime START com.android.internal.os.RuntimeInit <<<<<<
01-09 17:46:27.407 D/AndroidRuntime(10320): CheckJNI is OFF
01-09 17:46:27.417 D/dalvikvm(10320): Trying to load lib libjavacore.so 0x0
01-09 17:46:27.427 D/dalvikvm(10320): Added shared lib libjavacore.so 0x0
01-09 17:46:27.437 D/dalvikvm(10320): Trying to load lib libnativehelper.so 0x0
01-09 17:46:27.437 D/dalvikvm(10320): Added shared lib libnativehelper.so 0x0
01-09 17:46:27.587 D/AndroidRuntime(10320): Calling main entry com.android.commands.am.Am
01-09 17:46:27.587 D/dalvikvm(10320): Note: class Landroid/app/ActivityManagerNative; has 163 unimplemented (abstract) methods
01-09 17:46:27.587 I/ActivityManager(  512): START u0 {act=android.intent.action.MAIN cat=[android.intent.category.LAUNCHER] flg=0x10000000 cmp=uk.ac.st_andrews.cs.host.mk74.energymeasurement.bluetooth/.MainActivity} from pid 10320
01-09 17:46:27.677 D/dalvikvm(  512): GC_FOR_ALLOC freed 1594K, 25% free 16947K/22316K, paused 59ms, total 59ms
01-09 17:46:27.687 D/AndroidRuntime(10320): Shutting down VM
01-09 17:46:27.687 D/jdwp    (10320): Got wake-up signal, bailing out of select
01-09 17:46:27.687 D/dalvikvm(10320): Debugger has detached; object registry had 1 entries
01-09 17:46:27.697 D/dalvikvm(10337): Late-enabling CheckJNI
01-09 17:46:27.697 I/ActivityManager(  512): Start proc uk.ac.st_andrews.cs.host.mk74.energymeasurement.bluetooth for activity uk.ac.st_andrews.cs.host.mk74.energymeasurement.bluetooth/.MainActivity: pid=10337 uid=10091 gids={50091, 3002, 3001, 1028}
01-09 17:46:27.767 D/BluetoothManagerService(  512): Message: 20
01-09 17:46:27.767 D/BluetoothManagerService(  512): Added callback: android.bluetooth.IBluetoothManagerCallback$Stub$Proxy@422d4b10:true
01-09 17:46:27.777 W/bt-btif (10137): bta_dm_check_av:0
01-09 17:46:27.787 I/BluetoothAdapterProperties(10137): Callback:discoveryStateChangeCallback with state:1
01-09 17:46:27.797 I/ActivityManager(  512): Start proc com.android.settings for broadcast com.android.settings/.bluetooth.BluetoothDiscoveryReceiver: pid=10358 uid=1000 gids={41000, 1015, 1028, 3002, 3001, 3003, 3007}
01-09 17:46:27.827 V/BluetoothDiscoveryReceiver(10358): Received: android.bluetooth.adapter.action.DISCOVERY_STARTED
01-09 17:46:27.857 D/libEGL  (10337): loaded /system/lib/egl/libEGL_adreno200.so
01-09 17:46:27.857 D/libEGL  (10337): loaded /system/lib/egl/libGLESv1_CM_adreno200.so
01-09 17:46:27.867 D/libEGL  (10337): loaded /system/lib/egl/libGLESv2_adreno200.so
01-09 17:46:27.867 I/Adreno200-EGL(10337): <qeglDrvAPI_eglInitialize:265>: EGL 1.4 QUALCOMM Build: Iabe52cfaeae4c5fab1acacfe6f056ba15fa93274
01-09 17:46:27.907 D/OpenGLRenderer(10337): Enabling debug mode 0
01-09 17:46:27.977 I/ActivityManager(  512): Displayed uk.ac.st_andrews.cs.host.mk74.energymeasurement.bluetooth/.MainActivity: +285ms
01-09 17:46:28.098 W/ActivityManager(  512): Permission denied: checkComponentPermission() owningUid=10057
01-09 17:46:28.098 W/ActivityManager(  512): Permission denied: checkComponentPermission() owningUid=10057
01-09 17:46:28.108 W/ActivityManager(  512): Permission denied: checkComponentPermission() owningUid=10057
01-09 17:46:28.108 W/ActivityManager(  512): Permission denied: checkComponentPermission() owningUid=10057
01-09 17:46:28.108 W/ActivityManager(  512): Permission denied: checkComponentPermission() owningUid=10057
01-09 17:46:28.118 W/ActivityManager(  512): Permission denied: checkComponentPermission() owningUid=10057
01-09 17:46:28.118 W/ActivityManager(  512): Permission denied: checkComponentPermission() owningUid=10057
01-09 17:46:28.118 W/ActivityManager(  512): Permission denied: checkComponentPermission() owningUid=10057
01-09 17:46:28.128 W/ActivityManager(  512): Permission denied: checkComponentPermission() owningUid=10057
01-09 17:46:28.128 W/ActivityManager(  512): Permission denied: checkComponentPermission() owningUid=10057
01-09 17:46:28.788 I/System.out(10337): Yanita Oparlakova’s MacBook Pro E4:CE:8F:15:7D:27
01-09 17:46:29.779 I/System.out(10337): Yanita Oparlakova’s MacBook Pro E4:CE:8F:15:7D:27
01-09 17:46:30.460 D/dalvikvm(10337): Debugger has detached; object registry had 1 entries
01-09 17:46:30.610 D/dalvikvm(  585): GC_CONCURRENT freed 1587K, 74% free 13944K/52364K, paused 2ms+7ms, total 46ms
01-09 17:46:30.610 D/PicasaSyncManager( 9166): battery info: false
01-09 17:46:30.630 D/PicasaUploaderSyncManager( 9200): battery info: false
01-09 17:46:30.780 I/System.out(10337): Yanita Oparlakova’s MacBook Pro E4:CE:8F:15:7D:27
01-09 17:46:31.511 I/ActivityManager(  512): No longer want com.google.android.gsf.login (pid 9721): empty #17
01-09 17:46:31.781 I/System.out(10337): Yanita Oparlakova’s MacBook Pro E4:CE:8F:15:7D:27
01-09 17:46:32.792 I/System.out(10337): Yanita Oparlakova’s MacBook Pro E4:CE:8F:15:7D:27
01-09 17:46:33.793 I/System.out(10337): Yanita Oparlakova’s MacBook Pro E4:CE:8F:15:7D:27
01-09 17:46:34.794 I/System.out(10337): Yanita Oparlakova’s MacBook Pro E4:CE:8F:15:7D:27
01-09 17:46:35.785 I/System.out(10337): Yanita Oparlakova’s MacBook Pro E4:CE:8F:15:7D:27
01-09 17:46:36.786 I/System.out(10337): Yanita Oparlakova’s MacBook Pro E4:CE:8F:15:7D:27
01-09 17:46:37.787 I/System.out(10337): Yanita Oparlakova’s MacBook Pro E4:CE:8F:15:7D:27
01-09 17:46:38.798 I/System.out(10337): Yanita Oparlakova’s MacBook Pro E4:CE:8F:15:7D:27
01-09 17:46:39.799 I/System.out(10337): Yanita Oparlakova’s MacBook Pro E4:CE:8F:15:7D:27
01-09 17:46:40.620 I/BluetoothAdapterProperties(10137): Callback:discoveryStateChangeCallback with state:0
01-09 17:46:40.640 V/BluetoothDiscoveryReceiver(10358): Received: android.bluetooth.adapter.action.DISCOVERY_FINISHED
01-09 17:46:40.660 W/bt-btif (10137): bta_dm_check_av:0
01-09 17:46:40.660 I/BluetoothAdapterProperties(10137): Callback:discoveryStateChangeCallback with state:1
01-09 17:46:40.670 V/BluetoothDiscoveryReceiver(10358): Received: android.bluetooth.adapter.action.DISCOVERY_STARTED
01-09 17:46:42.061 D/dalvikvm( 9481): GC_CONCURRENT freed 471K, 6% free 9217K/9728K, paused 3ms+3ms, total 29ms
01-09 17:46:42.151 D/Finsky  ( 9481): [1] 5.onFinished: Installation state replication succeeded.
01-09 17:46:44.794 I/System.out(10337): Yanita Oparlakova’s MacBook Pro E4:CE:8F:15:7D:27
01-09 17:46:45.805 I/System.out(10337): Yanita Oparlakova’s MacBook Pro E4:CE:8F:15:7D:27
01-09 17:46:46.806 I/System.out(10337): Yanita Oparlakova’s MacBook Pro E4:CE:8F:15:7D:27
01-09 17:46:47.807 I/System.out(10337): Yanita Oparlakova’s MacBook Pro E4:CE:8F:15:7D:27
01-09 17:46:48.808 I/System.out(10337): Yanita Oparlakova’s MacBook Pro E4:CE:8F:15:7D:27
01-09 17:46:49.809 I/System.out(10337): Yanita Oparlakova’s MacBook Pro E4:CE:8F:15:7D:27
01-09 17:46:50.810 I/System.out(10337): Yanita Oparlakova’s MacBook Pro E4:CE:8F:15:7D:27
01-09 17:46:51.811 I/System.out(10337): Yanita Oparlakova’s MacBook Pro E4:CE:8F:15:7D:27
01-09 17:46:52.812 I/System.out(10337): Yanita Oparlakova’s MacBook Pro E4:CE:8F:15:7D:27
01-09 17:46:53.492 I/BluetoothAdapterProperties(10137): Callback:discoveryStateChangeCallback with state:0
01-09 17:46:53.512 V/BluetoothDiscoveryReceiver(10358): Received: android.bluetooth.adapter.action.DISCOVERY_FINISHED
01-09 17:46:53.552 W/bt-btif (10137): bta_dm_check_av:0
01-09 17:46:53.562 I/BluetoothAdapterProperties(10137): Callback:discoveryStateChangeCallback with state:1
01-09 17:46:53.562 V/BluetoothDiscoveryReceiver(10358): Received: android.bluetooth.adapter.action.DISCOVERY_STARTED
01-09 17:46:54.814 I/System.out(10337): Yanita Oparlakova’s MacBook Pro E4:CE:8F:15:7D:27
01-09 17:46:55.815 I/System.out(10337): Yanita Oparlakova’s MacBook Pro E4:CE:8F:15:7D:27
01-09 17:46:56.816 I/System.out(10337): Yanita Oparlakova’s MacBook Pro E4:CE:8F:15:7D:27
01-09 17:46:57.817 I/System.out(10337): Yanita Oparlakova’s MacBook Pro E4:CE:8F:15:7D:27
01-09 17:46:58.818 I/System.out(10337): Yanita Oparlakova’s MacBook Pro E4:CE:8F:15:7D:27
01-09 17:46:59.819 I/System.out(10337): Yanita Oparlakova’s MacBook Pro E4:CE:8F:15:7D:27
01-09 17:47:00.820 I/System.out(10337): Yanita Oparlakova’s MacBook Pro E4:CE:8F:15:7D:27
01-09 17:47:01.830 I/System.out(10337): Yanita Oparlakova’s MacBook Pro E4:CE:8F:15:7D:27
01-09 17:47:02.831 I/System.out(10337): Yanita Oparlakova’s MacBook Pro E4:CE:8F:15:7D:27
01-09 17:47:03.822 I/System.out(10337): Yanita Oparlakova’s MacBook Pro E4:CE:8F:15:7D:27
01-09 17:47:04.823 I/System.out(10337): Yanita Oparlakova’s MacBook Pro E4:CE:8F:15:7D:27
01-09 17:47:05.824 I/System.out(10337): Yanita Oparlakova’s MacBook Pro E4:CE:8F:15:7D:27
01-09 17:47:06.385 I/BluetoothAdapterProperties(10137): Callback:discoveryStateChangeCallback with state:0
01-09 17:47:06.395 V/BluetoothDiscoveryReceiver(10358): Received: android.bluetooth.adapter.action.DISCOVERY_FINISHED
01-09 17:47:06.425 W/bt-btif (10137): bta_dm_check_av:0
01-09 17:47:06.455 I/BluetoothAdapterProperties(10137): Callback:discoveryStateChangeCallback with state:1
01-09 17:47:06.465 V/BluetoothDiscoveryReceiver(10358): Received: android.bluetooth.adapter.action.DISCOVERY_STARTED
01-09 17:47:10.829 I/System.out(10337): Yanita Oparlakova’s MacBook Pro E4:CE:8F:15:7D:27
01-09 17:47:11.830 I/System.out(10337): Yanita Oparlakova’s MacBook Pro E4:CE:8F:15:7D:27
01-09 17:47:12.831 I/System.out(10337): Yanita Oparlakova’s MacBook Pro E4:CE:8F:15:7D:27
01-09 17:47:13.832 I/System.out(10337): Yanita Oparlakova’s MacBook Pro E4:CE:8F:15:7D:27
01-09 17:47:14.833 I/System.out(10337): Yanita Oparlakova’s MacBook Pro E4:CE:8F:15:7D:27
01-09 17:47:15.834 I/System.out(10337): Yanita Oparlakova’s MacBook Pro E4:CE:8F:15:7D:27
01-09 17:47:16.835 I/System.out(10337): Yanita Oparlakova’s MacBook Pro E4:CE:8F:15:7D:27
01-09 17:47:17.846 I/System.out(10337): Yanita Oparlakova’s MacBook Pro E4:CE:8F:15:7D:27
01-09 17:47:18.857 I/System.out(10337): Yanita Oparlakova’s MacBook Pro E4:CE:8F:15:7D:27
01-09 17:47:19.288 I/BluetoothAdapterProperties(10137): Callback:discoveryStateChangeCallback with state:0
01-09 17:47:19.308 V/BluetoothDiscoveryReceiver(10358): Received: android.bluetooth.adapter.action.DISCOVERY_FINISHED
01-09 17:47:19.338 W/bt-btif (10137): bta_dm_check_av:0
01-09 17:47:19.348 I/BluetoothAdapterProperties(10137): Callback:discoveryStateChangeCallback with state:1
01-09 17:47:19.358 V/BluetoothDiscoveryReceiver(10358): Received: android.bluetooth.adapter.action.DISCOVERY_STARTED
01-09 17:47:22.861 I/System.out(10337): Yanita Oparlakova’s MacBook Pro E4:CE:8F:15:7D:27
01-09 17:47:23.862 I/System.out(10337): Yanita Oparlakova’s MacBook Pro E4:CE:8F:15:7D:27
01-09 17:47:24.863 I/System.out(10337): Yanita Oparlakova’s MacBook Pro E4:CE:8F:15:7D:27
01-09 17:47:25.864 I/System.out(10337): Yanita Oparlakova’s MacBook Pro E4:CE:8F:15:7D:27
01-09 17:47:26.865 I/System.out(10337): Yanita Oparlakova’s MacBook Pro E4:CE:8F:15:7D:27
01-09 17:47:27.866 I/System.out(10337): Yanita Oparlakova’s MacBook Pro E4:CE:8F:15:7D:27
01-09 17:47:28.867 I/System.out(10337): Yanita Oparlakova’s MacBook Pro E4:CE:8F:15:7D:27
01-09 17:47:29.868 I/System.out(10337): Yanita Oparlakova’s MacBook Pro E4:CE:8F:15:7D:27
01-09 17:47:30.869 I/System.out(10337): Yanita Oparlakova’s MacBook Pro E4:CE:8F:15:7D:27
01-09 17:47:31.870 I/System.out(10337): Yanita Oparlakova’s MacBook Pro E4:CE:8F:15:7D:27
01-09 17:47:32.180 I/BluetoothAdapterProperties(10137): Callback:discoveryStateChangeCallback with state:0
01-09 17:47:32.200 V/BluetoothDiscoveryReceiver(10358): Received: android.bluetooth.adapter.action.DISCOVERY_FINISHED
01-09 17:47:32.230 W/bt-btif (10137): bta_dm_check_av:0
01-09 17:47:32.250 I/BluetoothAdapterProperties(10137): Callback:discoveryStateChangeCallback with state:1
01-09 17:47:32.260 V/BluetoothDiscoveryReceiver(10358): Received: android.bluetooth.adapter.action.DISCOVERY_STARTED
01-09 17:47:32.280 D/dalvikvm(10358): GC_CONCURRENT freed 378K, 5% free 8914K/9336K, paused 5ms+1ms, total 67ms
01-09 17:47:33.872 I/System.out(10337): Yanita Oparlakova’s MacBook Pro E4:CE:8F:15:7D:27
01-09 17:47:34.873 I/System.out(10337): Yanita Oparlakova’s MacBook Pro E4:CE:8F:15:7D:27
01-09 17:47:35.874 I/System.out(10337): Yanita Oparlakova’s MacBook Pro E4:CE:8F:15:7D:27
01-09 17:47:36.875 I/System.out(10337): Yanita Oparlakova’s MacBook Pro E4:CE:8F:15:7D:27
01-09 17:47:37.876 I/System.out(10337): Yanita Oparlakova’s MacBook Pro E4:CE:8F:15:7D:27
01-09 17:47:38.867 I/System.out(10337): Yanita Oparlakova’s MacBook Pro E4:CE:8F:15:7D:27
01-09 17:47:39.868 I/System.out(10337): Yanita Oparlakova’s MacBook Pro E4:CE:8F:15:7D:27
01-09 17:47:40.869 I/System.out(10337): Yanita Oparlakova’s MacBook Pro E4:CE:8F:15:7D:27
01-09 17:47:41.870 I/System.out(10337): Yanita Oparlakova’s MacBook Pro E4:CE:8F:15:7D:27
01-09 17:47:42.871 I/System.out(10337): Yanita Oparlakova’s MacBook Pro E4:CE:8F:15:7D:27
01-09 17:47:43.872 I/System.out(10337): Yanita Oparlakova’s MacBook Pro E4:CE:8F:15:7D:27
01-09 17:47:44.872 I/System.out(10337): Yanita Oparlakova’s MacBook Pro E4:CE:8F:15:7D:27
01-09 17:47:45.073 I/BluetoothAdapterProperties(10137): Callback:discoveryStateChangeCallback with state:0
01-09 17:47:45.103 V/BluetoothDiscoveryReceiver(10358): Received: android.bluetooth.adapter.action.DISCOVERY_FINISHED
01-09 17:47:45.123 W/bt-btif (10137): bta_dm_check_av:0
01-09 17:47:45.133 I/BluetoothAdapterProperties(10137): Callback:discoveryStateChangeCallback with state:1
01-09 17:47:45.143 V/BluetoothDiscoveryReceiver(10358): Received: android.bluetooth.adapter.action.DISCOVERY_STARTED
01-09 17:47:48.876 I/System.out(10337): Yanita Oparlakova’s MacBook Pro E4:CE:8F:15:7D:27
01-09 17:47:48.916 D/dalvikvm(10337): GC_CONCURRENT freed 222K, 3% free 9027K/9288K, paused 3ms+2ms, total 29ms
01-09 17:47:49.877 I/System.out(10337): Yanita Oparlakova’s MacBook Pro E4:CE:8F:15:7D:27
01-09 17:47:50.878 I/System.out(10337): Yanita Oparlakova’s MacBook Pro E4:CE:8F:15:7D:27
01-09 17:47:51.879 I/System.out(10337): Yanita Oparlakova’s MacBook Pro E4:CE:8F:15:7D:27
01-09 17:47:52.880 I/System.out(10337): Yanita Oparlakova’s MacBook Pro E4:CE:8F:15:7D:27
01-09 17:47:53.881 I/System.out(10337): Yanita Oparlakova’s MacBook Pro E4:CE:8F:15:7D:27
01-09 17:47:54.882 I/System.out(10337): Yanita Oparlakova’s MacBook Pro E4:CE:8F:15:7D:27
01-09 17:47:55.883 I/System.out(10337): Yanita Oparlakova’s MacBook Pro E4:CE:8F:15:7D:27
01-09 17:47:56.884 I/System.out(10337): Yanita Oparlakova’s MacBook Pro E4:CE:8F:15:7D:27
01-09 17:47:57.885 I/System.out(10337): Yanita Oparlakova’s MacBook Pro E4:CE:8F:15:7D:27
01-09 17:47:57.955 I/BluetoothAdapterProperties(10137): Callback:discoveryStateChangeCallback with state:0
01-09 17:47:57.975 V/BluetoothDiscoveryReceiver(10358): Received: android.bluetooth.adapter.action.DISCOVERY_FINISHED
01-09 17:47:58.005 W/bt-btif (10137): bta_dm_check_av:0
01-09 17:47:58.015 I/BluetoothAdapterProperties(10137): Callback:discoveryStateChangeCallback with state:1
01-09 17:47:58.015 V/BluetoothDiscoveryReceiver(10358): Received: android.bluetooth.adapter.action.DISCOVERY_STARTED
01-09 17:48:01.879 I/System.out(10337): Yanita Oparlakova’s MacBook Pro E4:CE:8F:15:7D:27
01-09 17:48:02.880 I/System.out(10337): Yanita Oparlakova’s MacBook Pro E4:CE:8F:15:7D:27
01-09 17:48:03.881 I/System.out(10337): Yanita Oparlakova’s MacBook Pro E4:CE:8F:15:7D:27
01-09 17:48:04.882 I/System.out(10337): Yanita Oparlakova’s MacBook Pro E4:CE:8F:15:7D:27
01-09 17:48:05.883 I/System.out(10337): Yanita Oparlakova’s MacBook Pro E4:CE:8F:15:7D:27
01-09 17:48:06.884 I/System.out(10337): Yanita Oparlakova’s MacBook Pro E4:CE:8F:15:7D:27
01-09 17:48:07.895 I/System.out(10337): Yanita Oparlakova’s MacBook Pro E4:CE:8F:15:7D:27
01-09 17:48:08.896 I/System.out(10337): Yanita Oparlakova’s MacBook Pro E4:CE:8F:15:7D:27
01-09 17:48:09.887 I/System.out(10337): Yanita Oparlakova’s MacBook Pro E4:CE:8F:15:7D:27
01-09 17:48:10.848 I/BluetoothAdapterProperties(10137): Callback:discoveryStateChangeCallback with state:0
01-09 17:48:10.858 V/BluetoothDiscoveryReceiver(10358): Received: android.bluetooth.adapter.action.DISCOVERY_FINISHED
01-09 17:48:10.898 W/bt-btif (10137): bta_dm_check_av:0
01-09 17:48:10.908 I/BluetoothAdapterProperties(10137): Callback:discoveryStateChangeCallback with state:1
01-09 17:48:10.908 V/BluetoothDiscoveryReceiver(10358): Received: android.bluetooth.adapter.action.DISCOVERY_STARTED
01-09 17:48:11.889 I/System.out(10337): Yanita Oparlakova’s MacBook Pro E4:CE:8F:15:7D:27
01-09 17:48:12.890 I/System.out(10337): Yanita Oparlakova’s MacBook Pro E4:CE:8F:15:7D:27
01-09 17:48:13.891 I/System.out(10337): Yanita Oparlakova’s MacBook Pro E4:CE:8F:15:7D:27
01-09 17:48:14.892 I/System.out(10337): Yanita Oparlakova’s MacBook Pro E4:CE:8F:15:7D:27
01-09 17:48:15.893 I/System.out(10337): Yanita Oparlakova’s MacBook Pro E4:CE:8F:15:7D:27
01-09 17:48:16.894 I/System.out(10337): Yanita Oparlakova’s MacBook Pro E4:CE:8F:15:7D:27
01-09 17:48:17.895 I/System.out(10337): Yanita Oparlakova’s MacBook Pro E4:CE:8F:15:7D:27
01-09 17:48:18.886 I/System.out(10337): Yanita Oparlakova’s MacBook Pro E4:CE:8F:15:7D:27
01-09 17:48:19.887 I/System.out(10337): Yanita Oparlakova’s MacBook Pro E4:CE:8F:15:7D:27
01-09 17:48:20.888 I/System.out(10337): Yanita Oparlakova’s MacBook Pro E4:CE:8F:15:7D:27
01-09 17:48:21.899 I/System.out(10337): Yanita Oparlakova’s MacBook Pro E4:CE:8F:15:7D:27
01-09 17:48:22.900 I/System.out(10337): Yanita Oparlakova’s MacBook Pro E4:CE:8F:15:7D:27
01-09 17:48:23.730 I/BluetoothAdapterProperties(10137): Callback:discoveryStateChangeCallback with state:0
01-09 17:48:23.750 V/BluetoothDiscoveryReceiver(10358): Received: android.bluetooth.adapter.action.DISCOVERY_FINISHED
01-09 17:48:23.780 W/bt-btif (10137): bta_dm_check_av:0
01-09 17:48:23.800 I/BluetoothAdapterProperties(10137): Callback:discoveryStateChangeCallback with state:1
01-09 17:48:23.810 V/BluetoothDiscoveryReceiver(10358): Received: android.bluetooth.adapter.action.DISCOVERY_STARTED
01-09 17:48:27.904 I/System.out(10337): Yanita Oparlakova’s MacBook Pro E4:CE:8F:15:7D:27
01-09 17:48:28.905 I/System.out(10337): Yanita Oparlakova’s MacBook Pro E4:CE:8F:15:7D:27
01-09 17:48:29.906 I/System.out(10337): Yanita Oparlakova’s MacBook Pro E4:CE:8F:15:7D:27
01-09 17:48:30.897 I/System.out(10337): Yanita Oparlakova’s MacBook Pro E4:CE:8F:15:7D:27
01-09 17:48:31.898 I/System.out(10337): Yanita Oparlakova’s MacBook Pro E4:CE:8F:15:7D:27
01-09 17:48:32.899 I/System.out(10337): Yanita Oparlakova’s MacBook Pro E4:CE:8F:15:7D:27
01-09 17:48:33.900 I/System.out(10337): Yanita Oparlakova’s MacBook Pro E4:CE:8F:15:7D:27
01-09 17:48:34.901 I/System.out(10337): Yanita Oparlakova’s MacBook Pro E4:CE:8F:15:7D:27
01-09 17:48:35.902 I/System.out(10337): Yanita Oparlakova’s MacBook Pro E4:CE:8F:15:7D:27
01-09 17:48:36.633 I/BluetoothAdapterProperties(10137): Callback:discoveryStateChangeCallback with state:0
01-09 17:48:36.653 V/BluetoothDiscoveryReceiver(10358): Received: android.bluetooth.adapter.action.DISCOVERY_FINISHED
01-09 17:48:36.683 W/bt-btif (10137): bta_dm_check_av:0
01-09 17:48:36.703 I/BluetoothAdapterProperties(10137): Callback:discoveryStateChangeCallback with state:1
01-09 17:48:36.713 V/BluetoothDiscoveryReceiver(10358): Received: android.bluetooth.adapter.action.DISCOVERY_STARTED
01-09 17:48:37.914 I/System.out(10337): Yanita Oparlakova’s MacBook Pro E4:CE:8F:15:7D:27
01-09 17:48:38.915 I/System.out(10337): Yanita Oparlakova’s MacBook Pro E4:CE:8F:15:7D:27
01-09 17:48:39.916 I/System.out(10337): Yanita Oparlakova’s MacBook Pro E4:CE:8F:15:7D:27
01-09 17:48:40.917 I/System.out(10337): Yanita Oparlakova’s MacBook Pro E4:CE:8F:15:7D:27
01-09 17:48:41.908 I/System.out(10337): Yanita Oparlakova’s MacBook Pro E4:CE:8F:15:7D:27
01-09 17:48:42.909 I/System.out(10337): Yanita Oparlakova’s MacBook Pro E4:CE:8F:15:7D:27
01-09 17:48:43.910 I/System.out(10337): Yanita Oparlakova’s MacBook Pro E4:CE:8F:15:7D:27
01-09 17:48:44.911 I/System.out(10337): Yanita Oparlakova’s MacBook Pro E4:CE:8F:15:7D:27
01-09 17:48:45.912 I/System.out(10337): Yanita Oparlakova’s MacBook Pro E4:CE:8F:15:7D:27
01-09 17:48:46.913 I/System.out(10337): Yanita Oparlakova’s MacBook Pro E4:CE:8F:15:7D:27
01-09 17:48:47.914 I/System.out(10337): Yanita Oparlakova’s MacBook Pro E4:CE:8F:15:7D:27
01-09 17:48:48.915 I/System.out(10337): Yanita Oparlakova’s MacBook Pro E4:CE:8F:15:7D:27
01-09 17:48:49.526 I/BluetoothAdapterProperties(10137): Callback:discoveryStateChangeCallback with state:0
01-09 17:48:49.546 V/BluetoothDiscoveryReceiver(10358): Received: android.bluetooth.adapter.action.DISCOVERY_FINISHED
01-09 17:48:49.576 W/bt-btif (10137): bta_dm_check_av:0
01-09 17:48:49.596 I/BluetoothAdapterProperties(10137): Callback:discoveryStateChangeCallback with state:1
01-09 17:48:49.596 V/BluetoothDiscoveryReceiver(10358): Received: android.bluetooth.adapter.action.DISCOVERY_STARTED
01-09 17:48:53.920 I/System.out(10337): Yanita Oparlakova’s MacBook Pro E4:CE:8F:15:7D:27
01-09 17:48:54.921 I/System.out(10337): Yanita Oparlakova’s MacBook Pro E4:CE:8F:15:7D:27
01-09 17:48:55.922 I/System.out(10337): Yanita Oparlakova’s MacBook Pro E4:CE:8F:15:7D:27
01-09 17:48:56.923 I/System.out(10337): Yanita Oparlakova’s MacBook Pro E4:CE:8F:15:7D:27
01-09 17:48:57.924 I/System.out(10337): Yanita Oparlakova’s MacBook Pro E4:CE:8F:15:7D:27
01-09 17:48:58.925 I/System.out(10337): Yanita Oparlakova’s MacBook Pro E4:CE:8F:15:7D:27
01-09 17:48:59.926 I/System.out(10337): Yanita Oparlakova’s MacBook Pro E4:CE:8F:15:7D:27
01-09 17:49:00.917 I/System.out(10337): Yanita Oparlakova’s MacBook Pro E4:CE:8F:15:7D:27
01-09 17:49:01.928 I/System.out(10337): Yanita Oparlakova’s MacBook Pro E4:CE:8F:15:7D:27
01-09 17:49:02.428 I/BluetoothAdapterProperties(10137): Callback:discoveryStateChangeCallback with state:0
01-09 17:49:02.448 V/BluetoothDiscoveryReceiver(10358): Received: android.bluetooth.adapter.action.DISCOVERY_FINISHED
01-09 17:49:02.468 W/bt-btif (10137): bta_dm_check_av:0
01-09 17:49:02.488 I/BluetoothAdapterProperties(10137): Callback:discoveryStateChangeCallback with state:1
01-09 17:49:02.498 V/BluetoothDiscoveryReceiver(10358): Received: android.bluetooth.adapter.action.DISCOVERY_STARTED
01-09 17:49:02.518 D/dalvikvm(10358): GC_CONCURRENT freed 395K, 5% free 8906K/9360K, paused 2ms+1ms, total 15ms
01-09 17:49:02.929 I/System.out(10337): Yanita Oparlakova’s MacBook Pro E4:CE:8F:15:7D:27
01-09 17:49:03.930 I/System.out(10337): Yanita Oparlakova’s MacBook Pro E4:CE:8F:15:7D:27
01-09 17:49:04.921 I/System.out(10337): Yanita Oparlakova’s MacBook Pro E4:CE:8F:15:7D:27
01-09 17:49:05.922 I/System.out(10337): Yanita Oparlakova’s MacBook Pro E4:CE:8F:15:7D:27
01-09 17:49:06.923 I/System.out(10337): Yanita Oparlakova’s MacBook Pro E4:CE:8F:15:7D:27
01-09 17:49:07.924 I/System.out(10337): Yanita Oparlakova’s MacBook Pro E4:CE:8F:15:7D:27
01-09 17:49:08.934 I/System.out(10337): Yanita Oparlakova’s MacBook Pro E4:CE:8F:15:7D:27
01-09 17:49:09.925 I/System.out(10337): Yanita Oparlakova’s MacBook Pro E4:CE:8F:15:7D:27
01-09 17:49:10.926 I/System.out(10337): Yanita Oparlakova’s MacBook Pro E4:CE:8F:15:7D:27
01-09 17:49:11.927 I/System.out(10337): Yanita Oparlakova’s MacBook Pro E4:CE:8F:15:7D:27
01-09 17:49:12.928 I/System.out(10337): Yanita Oparlakova’s MacBook Pro E4:CE:8F:15:7D:27
01-09 17:49:13.929 I/System.out(10337): Yanita Oparlakova’s MacBook Pro E4:CE:8F:15:7D:27
01-09 17:49:14.930 I/System.out(10337): Yanita Oparlakova’s MacBook Pro E4:CE:8F:15:7D:27
01-09 17:49:15.321 I/BluetoothAdapterProperties(10137): Callback:discoveryStateChangeCallback with state:0
01-09 17:49:15.341 V/BluetoothDiscoveryReceiver(10358): Received: android.bluetooth.adapter.action.DISCOVERY_FINISHED
01-09 17:49:15.371 W/bt-btif (10137): bta_dm_check_av:0
01-09 17:49:15.391 I/BluetoothAdapterProperties(10137): Callback:discoveryStateChangeCallback with state:1
01-09 17:49:15.391 V/BluetoothDiscoveryReceiver(10358): Received: android.bluetooth.adapter.action.DISCOVERY_STARTED
01-09 17:49:18.934 I/System.out(10337): Yanita Oparlakova’s MacBook Pro E4:CE:8F:15:7D:27
01-09 17:49:19.935 I/System.out(10337): Yanita Oparlakova’s MacBook Pro E4:CE:8F:15:7D:27
01-09 17:49:20.936 I/System.out(10337): Yanita Oparlakova’s MacBook Pro E4:CE:8F:15:7D:27
01-09 17:49:21.937 I/System.out(10337): Yanita Oparlakova’s MacBook Pro E4:CE:8F:15:7D:27
01-09 17:49:22.938 I/System.out(10337): Yanita Oparlakova’s MacBook Pro E4:CE:8F:15:7D:27
01-09 17:49:23.939 I/System.out(10337): Yanita Oparlakova’s MacBook Pro E4:CE:8F:15:7D:27
01-09 17:49:24.940 I/System.out(10337): Yanita Oparlakova’s MacBook Pro E4:CE:8F:15:7D:27
01-09 17:49:25.941 I/System.out(10337): Yanita Oparlakova’s MacBook Pro E4:CE:8F:15:7D:27
01-09 17:49:26.942 I/System.out(10337): Yanita Oparlakova’s MacBook Pro E4:CE:8F:15:7D:27
01-09 17:49:27.943 I/System.out(10337): Yanita Oparlakova’s MacBook Pro E4:CE:8F:15:7D:27
01-09 17:49:28.213 I/BluetoothAdapterProperties(10137): Callback:discoveryStateChangeCallback with state:0
01-09 17:49:28.233 V/BluetoothDiscoveryReceiver(10358): Received: android.bluetooth.adapter.action.DISCOVERY_FINISHED
01-09 17:49:28.273 W/bt-btif (10137): bta_dm_check_av:0
01-09 17:49:28.303 I/BluetoothAdapterProperties(10137): Callback:discoveryStateChangeCallback with state:1
01-09 17:49:28.303 V/BluetoothDiscoveryReceiver(10358): Received: android.bluetooth.adapter.action.DISCOVERY_STARTED
01-09 17:49:28.944 I/System.out(10337): Yanita Oparlakova’s MacBook Pro E4:CE:8F:15:7D:27
01-09 17:49:29.945 I/System.out(10337): Yanita Oparlakova’s MacBook Pro E4:CE:8F:15:7D:27
01-09 17:49:30.946 I/System.out(10337): Yanita Oparlakova’s MacBook Pro E4:CE:8F:15:7D:27
01-09 17:49:31.947 I/System.out(10337): Yanita Oparlakova’s MacBook Pro E4:CE:8F:15:7D:27
01-09 17:49:32.928 D/HeadsetPhoneState(10137): sendDeviceStateChanged. mService=0 mSignal=0 mRoam=0 mBatteryCharge=4
01-09 17:49:32.938 I/System.out(10337): Yanita Oparlakova’s MacBook Pro E4:CE:8F:15:7D:27
01-09 17:49:32.948 I/System.out(10337): Battery level start is reached
01-09 17:49:33.949 I/System.out(10337): Yanita Oparlakova’s MacBook Pro E4:CE:8F:15:7D:27
01-09 17:49:34.950 I/System.out(10337): Yanita Oparlakova’s MacBook Pro E4:CE:8F:15:7D:27
01-09 17:49:35.941 I/System.out(10337): Yanita Oparlakova’s MacBook Pro E4:CE:8F:15:7D:27
01-09 17:49:36.952 I/System.out(10337): Yanita Oparlakova’s MacBook Pro E4:CE:8F:15:7D:27
01-09 17:49:37.953 I/System.out(10337): Yanita Oparlakova’s MacBook Pro E4:CE:8F:15:7D:27
01-09 17:49:38.954 I/System.out(10337): Yanita Oparlakova’s MacBook Pro E4:CE:8F:15:7D:27
01-09 17:49:39.955 I/System.out(10337): Yanita Oparlakova’s MacBook Pro E4:CE:8F:15:7D:27
01-09 17:49:40.956 I/System.out(10337): Yanita Oparlakova’s MacBook Pro E4:CE:8F:15:7D:27
01-09 17:49:41.126 I/BluetoothAdapterProperties(10137): Callback:discoveryStateChangeCallback with state:0
01-09 17:49:41.136 V/BluetoothDiscoveryReceiver(10358): Received: android.bluetooth.adapter.action.DISCOVERY_FINISHED
01-09 17:49:41.166 W/bt-btif (10137): bta_dm_check_av:0
01-09 17:49:41.176 I/BluetoothAdapterProperties(10137): Callback:discoveryStateChangeCallback with state:1
01-09 17:49:41.186 V/BluetoothDiscoveryReceiver(10358): Received: android.bluetooth.adapter.action.DISCOVERY_STARTED
01-09 17:49:44.950 I/System.out(10337): Yanita Oparlakova’s MacBook Pro E4:CE:8F:15:7D:27
01-09 17:49:45.951 I/System.out(10337): Yanita Oparlakova’s MacBook Pro E4:CE:8F:15:7D:27
01-09 17:49:46.952 I/System.out(10337): Yanita Oparlakova’s MacBook Pro E4:CE:8F:15:7D:27
01-09 17:49:47.953 I/System.out(10337): Yanita Oparlakova’s MacBook Pro E4:CE:8F:15:7D:27
01-09 17:49:48.964 I/System.out(10337): Yanita Oparlakova’s MacBook Pro E4:CE:8F:15:7D:27
01-09 17:49:49.965 I/System.out(10337): Yanita Oparlakova’s MacBook Pro E4:CE:8F:15:7D:27
01-09 17:49:50.966 I/System.out(10337): Yanita Oparlakova’s MacBook Pro E4:CE:8F:15:7D:27
01-09 17:49:51.956 I/System.out(10337): Yanita Oparlakova’s MacBook Pro E4:CE:8F:15:7D:27
01-09 17:49:52.957 I/System.out(10337): Yanita Oparlakova’s MacBook Pro E4:CE:8F:15:7D:27
01-09 17:49:53.958 I/System.out(10337): Yanita Oparlakova’s MacBook Pro E4:CE:8F:15:7D:27
01-09 17:49:54.008 I/BluetoothAdapterProperties(10137): Callback:discoveryStateChangeCallback with state:0
01-09 17:49:54.028 V/BluetoothDiscoveryReceiver(10358): Received: android.bluetooth.adapter.action.DISCOVERY_FINISHED
01-09 17:49:54.059 W/bt-btif (10137): bta_dm_check_av:0
01-09 17:49:54.079 I/BluetoothAdapterProperties(10137): Callback:discoveryStateChangeCallback with state:1
01-09 17:49:54.079 V/BluetoothDiscoveryReceiver(10358): Received: android.bluetooth.adapter.action.DISCOVERY_STARTED
01-09 17:49:57.402 D/btif_config_util(10137): btif_config_save_file(L153): in file name:/data/misc/bluedroid/bt_config.new
01-09 17:49:57.972 I/System.out(10337): Yanita Oparlakova’s MacBook Pro E4:CE:8F:15:7D:27
01-09 17:49:58.973 I/System.out(10337): Yanita Oparlakova’s MacBook Pro E4:CE:8F:15:7D:27
01-09 17:49:59.974 I/System.out(10337): Yanita Oparlakova’s MacBook Pro E4:CE:8F:15:7D:27
01-09 17:50:00.975 I/System.out(10337): Yanita Oparlakova’s MacBook Pro E4:CE:8F:15:7D:27
01-09 17:50:01.976 I/System.out(10337): Yanita Oparlakova’s MacBook Pro E4:CE:8F:15:7D:27
01-09 17:50:02.967 I/System.out(10337): Yanita Oparlakova’s MacBook Pro E4:CE:8F:15:7D:27
01-09 17:50:03.968 I/System.out(10337): Yanita Oparlakova’s MacBook Pro E4:CE:8F:15:7D:27
01-09 17:50:04.969 I/System.out(10337): Yanita Oparlakova’s MacBook Pro E4:CE:8F:15:7D:27
01-09 17:50:05.980 I/System.out(10337): Yanita Oparlakova’s MacBook Pro E4:CE:8F:15:7D:27
01-09 17:50:06.901 I/BluetoothAdapterProperties(10137): Callback:discoveryStateChangeCallback with state:0
01-09 17:50:06.931 V/BluetoothDiscoveryReceiver(10358): Received: android.bluetooth.adapter.action.DISCOVERY_FINISHED
01-09 17:50:06.961 W/bt-btif (10137): bta_dm_check_av:0
01-09 17:50:06.971 I/BluetoothAdapterProperties(10137): Callback:discoveryStateChangeCallback with state:1
01-09 17:50:06.971 V/BluetoothDiscoveryReceiver(10358): Received: android.bluetooth.adapter.action.DISCOVERY_STARTED
01-09 17:50:07.982 I/System.out(10337): Yanita Oparlakova’s MacBook Pro E4:CE:8F:15:7D:27
01-09 17:50:08.983 I/System.out(10337): Yanita Oparlakova’s MacBook Pro E4:CE:8F:15:7D:27
01-09 17:50:09.984 I/System.out(10337): Yanita Oparlakova’s MacBook Pro E4:CE:8F:15:7D:27
01-09 17:50:10.985 I/System.out(10337): Yanita Oparlakova’s MacBook Pro E4:CE:8F:15:7D:27
01-09 17:50:11.986 I/System.out(10337): Yanita Oparlakova’s MacBook Pro E4:CE:8F:15:7D:27
01-09 17:50:12.987 I/System.out(10337): Yanita Oparlakova’s MacBook Pro E4:CE:8F:15:7D:27
01-09 17:50:13.988 I/System.out(10337): Yanita Oparlakova’s MacBook Pro E4:CE:8F:15:7D:27
01-09 17:50:14.979 I/System.out(10337): Yanita Oparlakova’s MacBook Pro E4:CE:8F:15:7D:27
01-09 17:50:15.990 I/System.out(10337): Yanita Oparlakova’s MacBook Pro E4:CE:8F:15:7D:27
01-09 17:50:16.991 I/System.out(10337): Yanita Oparlakova’s MacBook Pro E4:CE:8F:15:7D:27
01-09 17:50:17.992 I/System.out(10337): Yanita Oparlakova’s MacBook Pro E4:CE:8F:15:7D:27
01-09 17:50:18.993 I/System.out(10337): Yanita Oparlakova’s MacBook Pro E4:CE:8F:15:7D:27
01-09 17:50:19.794 I/BluetoothAdapterProperties(10137): Callback:discoveryStateChangeCallback with state:0
01-09 17:50:19.814 V/BluetoothDiscoveryReceiver(10358): Received: android.bluetooth.adapter.action.DISCOVERY_FINISHED
01-09 17:50:19.834 W/bt-btif (10137): bta_dm_check_av:0
01-09 17:50:19.844 I/BluetoothAdapterProperties(10137): Callback:discoveryStateChangeCallback with state:1
01-09 17:50:19.854 V/BluetoothDiscoveryReceiver(10358): Received: android.bluetooth.adapter.action.DISCOVERY_STARTED
01-09 17:50:23.998 I/System.out(10337): Yanita Oparlakova’s MacBook Pro E4:CE:8F:15:7D:27
01-09 17:50:24.999 I/System.out(10337): Yanita Oparlakova’s MacBook Pro E4:CE:8F:15:7D:27
01-09 17:50:25.990 I/System.out(10337): Yanita Oparlakova’s MacBook Pro E4:CE:8F:15:7D:27
01-09 17:50:27.001 I/System.out(10337): Yanita Oparlakova’s MacBook Pro E4:CE:8F:15:7D:27
01-09 17:50:28.002 I/System.out(10337): Yanita Oparlakova’s MacBook Pro E4:CE:8F:15:7D:27
01-09 17:50:29.003 I/System.out(10337): Yanita Oparlakova’s MacBook Pro E4:CE:8F:15:7D:27
01-09 17:50:30.004 I/System.out(10337): Yanita Oparlakova’s MacBook Pro E4:CE:8F:15:7D:27
01-09 17:50:31.005 I/System.out(10337): Yanita Oparlakova’s MacBook Pro E4:CE:8F:15:7D:27
01-09 17:50:32.006 I/System.out(10337): Yanita Oparlakova’s MacBook Pro E4:CE:8F:15:7D:27
01-09 17:50:32.676 I/BluetoothAdapterProperties(10137): Callback:discoveryStateChangeCallback with state:0
01-09 17:50:32.686 V/BluetoothDiscoveryReceiver(10358): Received: android.bluetooth.adapter.action.DISCOVERY_FINISHED
01-09 17:50:32.706 W/bt-btif (10137): bta_dm_check_av:0
01-09 17:50:32.726 I/BluetoothAdapterProperties(10137): Callback:discoveryStateChangeCallback with state:1
01-09 17:50:32.736 V/BluetoothDiscoveryReceiver(10358): Received: android.bluetooth.adapter.action.DISCOVERY_STARTED
01-09 17:50:32.766 D/dalvikvm(10358): GC_CONCURRENT freed 397K, 5% free 8914K/9364K, paused 9ms+2ms, total 25ms
01-09 17:50:34.007 I/System.out(10337): Yanita Oparlakova’s MacBook Pro E4:CE:8F:15:7D:27
01-09 17:50:35.008 I/System.out(10337): Yanita Oparlakova’s MacBook Pro E4:CE:8F:15:7D:27
01-09 17:50:36.009 I/System.out(10337): Yanita Oparlakova’s MacBook Pro E4:CE:8F:15:7D:27
01-09 17:50:37.010 I/System.out(10337): Yanita Oparlakova’s MacBook Pro E4:CE:8F:15:7D:27
01-09 17:50:38.011 I/System.out(10337): Yanita Oparlakova’s MacBook Pro E4:CE:8F:15:7D:27
01-09 17:50:39.012 I/System.out(10337): Yanita Oparlakova’s MacBook Pro E4:CE:8F:15:7D:27
01-09 17:50:40.023 I/System.out(10337): Yanita Oparlakova’s MacBook Pro E4:CE:8F:15:7D:27
01-09 17:50:41.024 I/System.out(10337): Yanita Oparlakova’s MacBook Pro E4:CE:8F:15:7D:27
01-09 17:50:42.025 I/System.out(10337): Yanita Oparlakova’s MacBook Pro E4:CE:8F:15:7D:27
01-09 17:50:43.026 I/System.out(10337): Yanita Oparlakova’s MacBook Pro E4:CE:8F:15:7D:27
01-09 17:50:44.017 I/System.out(10337): Yanita Oparlakova’s MacBook Pro E4:CE:8F:15:7D:27
01-09 17:50:45.028 I/System.out(10337): Yanita Oparlakova’s MacBook Pro E4:CE:8F:15:7D:27
01-09 17:50:45.549 I/BluetoothAdapterProperties(10137): Callback:discoveryStateChangeCallback with state:0
01-09 17:50:45.569 V/BluetoothDiscoveryReceiver(10358): Received: android.bluetooth.adapter.action.DISCOVERY_FINISHED
01-09 17:50:45.599 W/bt-btif (10137): bta_dm_check_av:0
01-09 17:50:45.619 I/BluetoothAdapterProperties(10137): Callback:discoveryStateChangeCallback with state:1
01-09 17:50:45.629 V/BluetoothDiscoveryReceiver(10358): Received: android.bluetooth.adapter.action.DISCOVERY_STARTED
01-09 17:50:49.022 I/System.out(10337): Yanita Oparlakova’s MacBook Pro E4:CE:8F:15:7D:27
01-09 17:50:50.023 I/System.out(10337): Yanita Oparlakova’s MacBook Pro E4:CE:8F:15:7D:27
01-09 17:50:51.024 I/System.out(10337): Yanita Oparlakova’s MacBook Pro E4:CE:8F:15:7D:27
01-09 17:50:52.025 I/System.out(10337): Yanita Oparlakova’s MacBook Pro E4:CE:8F:15:7D:27
01-09 17:50:53.026 I/System.out(10337): Yanita Oparlakova’s MacBook Pro E4:CE:8F:15:7D:27
01-09 17:50:54.037 I/System.out(10337): Yanita Oparlakova’s MacBook Pro E4:CE:8F:15:7D:27
01-09 17:50:55.038 I/System.out(10337): Yanita Oparlakova’s MacBook Pro E4:CE:8F:15:7D:27
01-09 17:50:56.029 I/System.out(10337): Yanita Oparlakova’s MacBook Pro E4:CE:8F:15:7D:27
01-09 17:50:57.040 I/System.out(10337): Yanita Oparlakova’s MacBook Pro E4:CE:8F:15:7D:27
01-09 17:50:58.031 I/System.out(10337): Yanita Oparlakova’s MacBook Pro E4:CE:8F:15:7D:27
01-09 17:50:58.451 I/BluetoothAdapterProperties(10137): Callback:discoveryStateChangeCallback with state:0
01-09 17:50:58.481 V/BluetoothDiscoveryReceiver(10358): Received: android.bluetooth.adapter.action.DISCOVERY_FINISHED
01-09 17:50:58.501 W/bt-btif (10137): bta_dm_check_av:0
01-09 17:50:58.521 I/BluetoothAdapterProperties(10137): Callback:discoveryStateChangeCallback with state:1
01-09 17:50:58.531 V/BluetoothDiscoveryReceiver(10358): Received: android.bluetooth.adapter.action.DISCOVERY_STARTED
01-09 17:51:02.035 I/System.out(10337): Yanita Oparlakova’s MacBook Pro E4:CE:8F:15:7D:27
01-09 17:51:03.036 I/System.out(10337): Yanita Oparlakova’s MacBook Pro E4:CE:8F:15:7D:27
01-09 17:51:04.037 I/System.out(10337): Yanita Oparlakova’s MacBook Pro E4:CE:8F:15:7D:27
01-09 17:51:05.038 I/System.out(10337): Yanita Oparlakova’s MacBook Pro E4:CE:8F:15:7D:27
01-09 17:51:06.039 I/System.out(10337): Yanita Oparlakova’s MacBook Pro E4:CE:8F:15:7D:27
01-09 17:51:06.099 D/dalvikvm(10337): GC_CONCURRENT freed 387K, 5% free 9027K/9452K, paused 7ms+1ms, total 47ms
01-09 17:51:07.040 I/System.out(10337): Yanita Oparlakova’s MacBook Pro E4:CE:8F:15:7D:27
01-09 17:51:08.041 I/System.out(10337): Yanita Oparlakova’s MacBook Pro E4:CE:8F:15:7D:27
01-09 17:51:09.042 I/System.out(10337): Yanita Oparlakova’s MacBook Pro E4:CE:8F:15:7D:27
01-09 17:51:10.053 I/System.out(10337): Yanita Oparlakova’s MacBook Pro E4:CE:8F:15:7D:27
01-09 17:51:11.054 I/System.out(10337): Yanita Oparlakova’s MacBook Pro E4:CE:8F:15:7D:27
01-09 17:51:11.354 I/BluetoothAdapterProperties(10137): Callback:discoveryStateChangeCallback with state:0
01-09 17:51:11.374 V/BluetoothDiscoveryReceiver(10358): Received: android.bluetooth.adapter.action.DISCOVERY_FINISHED
01-09 17:51:11.414 W/bt-btif (10137): bta_dm_check_av:0
01-09 17:51:11.424 I/BluetoothAdapterProperties(10137): Callback:discoveryStateChangeCallback with state:1
01-09 17:51:11.424 V/BluetoothDiscoveryReceiver(10358): Received: android.bluetooth.adapter.action.DISCOVERY_STARTED
01-09 17:51:12.055 I/System.out(10337): Yanita Oparlakova’s MacBook Pro E4:CE:8F:15:7D:27
01-09 17:51:13.056 I/System.out(10337): Yanita Oparlakova’s MacBook Pro E4:CE:8F:15:7D:27
01-09 17:51:14.057 I/System.out(10337): Yanita Oparlakova’s MacBook Pro E4:CE:8F:15:7D:27
01-09 17:51:15.058 I/System.out(10337): Yanita Oparlakova’s MacBook Pro E4:CE:8F:15:7D:27
01-09 17:51:16.059 I/System.out(10337): Yanita Oparlakova’s MacBook Pro E4:CE:8F:15:7D:27
01-09 17:51:17.059 I/System.out(10337): Yanita Oparlakova’s MacBook Pro E4:CE:8F:15:7D:27
01-09 17:51:18.060 I/System.out(10337): Yanita Oparlakova’s MacBook Pro E4:CE:8F:15:7D:27
01-09 17:51:19.061 I/System.out(10337): Yanita Oparlakova’s MacBook Pro E4:CE:8F:15:7D:27
01-09 17:51:20.062 I/System.out(10337): Yanita Oparlakova’s MacBook Pro E4:CE:8F:15:7D:27
01-09 17:51:21.063 I/System.out(10337): Yanita Oparlakova’s MacBook Pro E4:CE:8F:15:7D:27
01-09 17:51:22.064 I/System.out(10337): Yanita Oparlakova’s MacBook Pro E4:CE:8F:15:7D:27
01-09 17:51:23.065 I/System.out(10337): Yanita Oparlakova’s MacBook Pro E4:CE:8F:15:7D:27
01-09 17:51:24.066 I/System.out(10337): Yanita Oparlakova’s MacBook Pro E4:CE:8F:15:7D:27
01-09 17:51:24.247 I/BluetoothAdapterProperties(10137): Callback:discoveryStateChangeCallback with state:0
01-09 17:51:24.267 V/BluetoothDiscoveryReceiver(10358): Received: android.bluetooth.adapter.action.DISCOVERY_FINISHED
01-09 17:51:24.287 W/bt-btif (10137): bta_dm_check_av:0
01-09 17:51:24.307 I/BluetoothAdapterProperties(10137): Callback:discoveryStateChangeCallback with state:1
01-09 17:51:24.317 V/BluetoothDiscoveryReceiver(10358): Received: android.bluetooth.adapter.action.DISCOVERY_STARTED
01-09 17:51:28.070 I/System.out(10337): Yanita Oparlakova’s MacBook Pro E4:CE:8F:15:7D:27
01-09 17:51:29.071 I/System.out(10337): Yanita Oparlakova’s MacBook Pro E4:CE:8F:15:7D:27
01-09 17:51:30.072 I/System.out(10337): Yanita Oparlakova’s MacBook Pro E4:CE:8F:15:7D:27
01-09 17:51:31.073 I/System.out(10337): Yanita Oparlakova’s MacBook Pro E4:CE:8F:15:7D:27
01-09 17:51:32.074 I/System.out(10337): Yanita Oparlakova’s MacBook Pro E4:CE:8F:15:7D:27
01-09 17:51:33.075 I/System.out(10337): Yanita Oparlakova’s MacBook Pro E4:CE:8F:15:7D:27
01-09 17:51:34.076 I/System.out(10337): Yanita Oparlakova’s MacBook Pro E4:CE:8F:15:7D:27
01-09 17:51:35.067 I/System.out(10337): Yanita Oparlakova’s MacBook Pro E4:CE:8F:15:7D:27
01-09 17:51:36.068 I/System.out(10337): Yanita Oparlakova’s MacBook Pro E4:CE:8F:15:7D:27
01-09 17:51:37.069 I/System.out(10337): Yanita Oparlakova’s MacBook Pro E4:CE:8F:15:7D:27
01-09 17:51:37.139 I/BluetoothAdapterProperties(10137): Callback:discoveryStateChangeCallback with state:0
01-09 17:51:37.159 V/BluetoothDiscoveryReceiver(10358): Received: android.bluetooth.adapter.action.DISCOVERY_FINISHED
01-09 17:51:37.189 W/bt-btif (10137): bta_dm_check_av:0
01-09 17:51:37.209 I/BluetoothAdapterProperties(10137): Callback:discoveryStateChangeCallback with state:1
01-09 17:51:37.209 V/BluetoothDiscoveryReceiver(10358): Received: android.bluetooth.adapter.action.DISCOVERY_STARTED
01-09 17:51:38.080 I/System.out(10337): Yanita Oparlakova’s MacBook Pro E4:CE:8F:15:7D:27
01-09 17:51:39.081 I/System.out(10337): Yanita Oparlakova’s MacBook Pro E4:CE:8F:15:7D:27
01-09 17:51:40.082 I/System.out(10337): Yanita Oparlakova’s MacBook Pro E4:CE:8F:15:7D:27
01-09 17:51:41.083 I/System.out(10337): Yanita Oparlakova’s MacBook Pro E4:CE:8F:15:7D:27
01-09 17:51:42.084 I/System.out(10337): Yanita Oparlakova’s MacBook Pro E4:CE:8F:15:7D:27
01-09 17:51:43.085 I/System.out(10337): Yanita Oparlakova’s MacBook Pro E4:CE:8F:15:7D:27
01-09 17:51:44.086 I/System.out(10337): Yanita Oparlakova’s MacBook Pro E4:CE:8F:15:7D:27
01-09 17:51:45.097 I/System.out(10337): Yanita Oparlakova’s MacBook Pro E4:CE:8F:15:7D:27
01-09 17:51:46.098 I/System.out(10337): Yanita Oparlakova’s MacBook Pro E4:CE:8F:15:7D:27
01-09 17:51:47.099 I/System.out(10337): Yanita Oparlakova’s MacBook Pro E4:CE:8F:15:7D:27
01-09 17:51:48.100 I/System.out(10337): Yanita Oparlakova’s MacBook Pro E4:CE:8F:15:7D:27
01-09 17:51:49.091 I/System.out(10337): Yanita Oparlakova’s MacBook Pro E4:CE:8F:15:7D:27
01-09 17:51:50.032 I/BluetoothAdapterProperties(10137): Callback:discoveryStateChangeCallback with state:0
01-09 17:51:50.062 V/BluetoothDiscoveryReceiver(10358): Received: android.bluetooth.adapter.action.DISCOVERY_FINISHED
01-09 17:51:50.082 W/bt-btif (10137): bta_dm_check_av:0
01-09 17:51:50.092 I/BluetoothAdapterProperties(10137): Callback:discoveryStateChangeCallback with state:1
01-09 17:51:50.102 V/BluetoothDiscoveryReceiver(10358): Received: android.bluetooth.adapter.action.DISCOVERY_STARTED
01-09 17:51:54.106 I/System.out(10337): Yanita Oparlakova’s MacBook Pro E4:CE:8F:15:7D:27
01-09 17:51:55.107 I/System.out(10337): Yanita Oparlakova’s MacBook Pro E4:CE:8F:15:7D:27
01-09 17:51:56.108 I/System.out(10337): Yanita Oparlakova’s MacBook Pro E4:CE:8F:15:7D:27
01-09 17:51:57.109 I/System.out(10337): Yanita Oparlakova’s MacBook Pro E4:CE:8F:15:7D:27
01-09 17:51:58.110 I/System.out(10337): Yanita Oparlakova’s MacBook Pro E4:CE:8F:15:7D:27
01-09 17:51:59.101 I/System.out(10337): Yanita Oparlakova’s MacBook Pro E4:CE:8F:15:7D:27
01-09 17:52:00.101 I/System.out(10337): Yanita Oparlakova’s MacBook Pro E4:CE:8F:15:7D:27
01-09 17:52:01.112 I/System.out(10337): Yanita Oparlakova’s MacBook Pro E4:CE:8F:15:7D:27
01-09 17:52:02.113 I/System.out(10337): Yanita Oparlakova’s MacBook Pro E4:CE:8F:15:7D:27
01-09 17:52:02.914 I/BluetoothAdapterProperties(10137): Callback:discoveryStateChangeCallback with state:0
01-09 17:52:02.944 V/BluetoothDiscoveryReceiver(10358): Received: android.bluetooth.adapter.action.DISCOVERY_FINISHED
01-09 17:52:02.974 W/bt-btif (10137): bta_dm_check_av:0
