01-07 12:13:15.170 I/System.out( 1963): Anastasia Bugaenko’s MacBook 60:33:4B:02:92:D4
01-07 12:13:15.170 I/System.out( 1963): Yanita Oparlakova’s MacBook Pro E4:CE:8F:15:7D:27
01-07 12:13:16.171 I/System.out( 1963): Anastasia Bugaenko’s MacBook 60:33:4B:02:92:D4
01-07 12:13:16.171 I/System.out( 1963): Yanita Oparlakova’s MacBook Pro E4:CE:8F:15:7D:27
01-07 12:13:17.172 I/System.out( 1963): Anastasia Bugaenko’s MacBook 60:33:4B:02:92:D4
01-07 12:13:17.172 I/System.out( 1963): Yanita Oparlakova’s MacBook Pro E4:CE:8F:15:7D:27
01-07 12:13:18.172 I/System.out( 1963): Anastasia Bugaenko’s MacBook 60:33:4B:02:92:D4
01-07 12:13:18.172 I/System.out( 1963): Yanita Oparlakova’s MacBook Pro E4:CE:8F:15:7D:27
01-07 12:13:19.173 I/System.out( 1963): Anastasia Bugaenko’s MacBook 60:33:4B:02:92:D4
01-07 12:13:19.173 I/System.out( 1963): Yanita Oparlakova’s MacBook Pro E4:CE:8F:15:7D:27
01-07 12:13:20.174 I/System.out( 1963): Anastasia Bugaenko’s MacBook 60:33:4B:02:92:D4
01-07 12:13:20.174 I/System.out( 1963): Yanita Oparlakova’s MacBook Pro E4:CE:8F:15:7D:27
01-07 12:13:21.165 I/System.out( 1963): Anastasia Bugaenko’s MacBook 60:33:4B:02:92:D4
01-07 12:13:21.165 I/System.out( 1963): Yanita Oparlakova’s MacBook Pro E4:CE:8F:15:7D:27
01-07 12:13:22.176 I/System.out( 1963): Anastasia Bugaenko’s MacBook 60:33:4B:02:92:D4
01-07 12:13:22.176 I/System.out( 1963): Yanita Oparlakova’s MacBook Pro E4:CE:8F:15:7D:27
01-07 12:13:22.897 I/BluetoothAdapterProperties( 1749): Callback:discoveryStateChangeCallback with state:0
01-07 12:13:22.917 W/bt-btif ( 1749): bta_dm_check_av:0
01-07 12:13:22.927 I/BluetoothAdapterProperties( 1749): Callback:discoveryStateChangeCallback with state:1
01-07 12:13:22.947 V/BluetoothDiscoveryReceiver( 1679): Received: android.bluetooth.adapter.action.DISCOVERY_FINISHED
01-07 12:13:22.947 V/BluetoothDiscoveryReceiver( 1679): Received: android.bluetooth.adapter.action.DISCOVERY_STARTED
01-07 12:13:23.177 I/System.out( 1963): Yanita Oparlakova’s MacBook Pro E4:CE:8F:15:7D:27
01-07 12:13:24.178 I/System.out( 1963): Yanita Oparlakova’s MacBook Pro E4:CE:8F:15:7D:27
01-07 12:13:25.179 I/System.out( 1963): Yanita Oparlakova’s MacBook Pro E4:CE:8F:15:7D:27
01-07 12:13:26.180 I/System.out( 1963): Yanita Oparlakova’s MacBook Pro E4:CE:8F:15:7D:27
01-07 12:13:27.181 I/System.out( 1963): Yanita Oparlakova’s MacBook Pro E4:CE:8F:15:7D:27
01-07 12:13:28.182 I/System.out( 1963): Yanita Oparlakova’s MacBook Pro E4:CE:8F:15:7D:27
01-07 12:13:28.182 I/System.out( 1963): Anastasia Bugaenko’s MacBook 60:33:4B:02:92:D4
01-07 12:13:29.173 I/System.out( 1963): Yanita Oparlakova’s MacBook Pro E4:CE:8F:15:7D:27
01-07 12:13:29.173 I/System.out( 1963): Anastasia Bugaenko’s MacBook 60:33:4B:02:92:D4
01-07 12:13:30.184 I/System.out( 1963): Yanita Oparlakova’s MacBook Pro E4:CE:8F:15:7D:27
01-07 12:13:30.184 I/System.out( 1963): Anastasia Bugaenko’s MacBook 60:33:4B:02:92:D4
01-07 12:13:31.185 I/System.out( 1963): Yanita Oparlakova’s MacBook Pro E4:CE:8F:15:7D:27
01-07 12:13:31.185 I/System.out( 1963): Anastasia Bugaenko’s MacBook 60:33:4B:02:92:D4
01-07 12:13:32.186 I/System.out( 1963): Yanita Oparlakova’s MacBook Pro E4:CE:8F:15:7D:27
01-07 12:13:32.186 I/System.out( 1963): Anastasia Bugaenko’s MacBook 60:33:4B:02:92:D4
01-07 12:13:33.187 I/System.out( 1963): Yanita Oparlakova’s MacBook Pro E4:CE:8F:15:7D:27
01-07 12:13:33.187 I/System.out( 1963): Anastasia Bugaenko’s MacBook 60:33:4B:02:92:D4
01-07 12:13:34.188 I/System.out( 1963): Yanita Oparlakova’s MacBook Pro E4:CE:8F:15:7D:27
01-07 12:13:34.188 I/System.out( 1963): Anastasia Bugaenko’s MacBook 60:33:4B:02:92:D4
01-07 12:13:35.199 I/System.out( 1963): Yanita Oparlakova’s MacBook Pro E4:CE:8F:15:7D:27
01-07 12:13:35.199 I/System.out( 1963): Anastasia Bugaenko’s MacBook 60:33:4B:02:92:D4
01-07 12:13:35.760 I/BluetoothAdapterProperties( 1749): Callback:discoveryStateChangeCallback with state:0
01-07 12:13:35.800 W/bt-btif ( 1749): bta_dm_check_av:0
01-07 12:13:35.810 I/BluetoothAdapterProperties( 1749): Callback:discoveryStateChangeCallback with state:1
01-07 12:13:35.830 V/BluetoothDiscoveryReceiver( 1679): Received: android.bluetooth.adapter.action.DISCOVERY_FINISHED
01-07 12:13:35.850 V/BluetoothDiscoveryReceiver( 1679): Received: android.bluetooth.adapter.action.DISCOVERY_STARTED
01-07 12:13:44.909 D/dalvikvm( 1749): GC_CONCURRENT freed 388K, 5% free 9015K/9460K, paused 19ms+1ms, total 51ms
01-07 12:13:45.189 I/System.out( 1963): Yanita Oparlakova’s MacBook Pro E4:CE:8F:15:7D:27
01-07 12:13:46.190 I/System.out( 1963): Yanita Oparlakova’s MacBook Pro E4:CE:8F:15:7D:27
01-07 12:13:46.190 I/System.out( 1963): Anastasia Bugaenko’s MacBook 60:33:4B:02:92:D4
01-07 12:13:47.201 I/System.out( 1963): Yanita Oparlakova’s MacBook Pro E4:CE:8F:15:7D:27
01-07 12:13:47.201 I/System.out( 1963): Anastasia Bugaenko’s MacBook 60:33:4B:02:92:D4
01-07 12:13:48.202 I/System.out( 1963): Yanita Oparlakova’s MacBook Pro E4:CE:8F:15:7D:27
01-07 12:13:48.202 I/System.out( 1963): Anastasia Bugaenko’s MacBook 60:33:4B:02:92:D4
01-07 12:13:48.632 I/BluetoothAdapterProperties( 1749): Callback:discoveryStateChangeCallback with state:0
01-07 12:13:48.682 W/bt-btif ( 1749): bta_dm_check_av:0
01-07 12:13:48.692 I/BluetoothAdapterProperties( 1749): Callback:discoveryStateChangeCallback with state:1
01-07 12:13:48.712 V/BluetoothDiscoveryReceiver( 1679): Received: android.bluetooth.adapter.action.DISCOVERY_FINISHED
01-07 12:13:48.722 V/BluetoothDiscoveryReceiver( 1679): Received: android.bluetooth.adapter.action.DISCOVERY_STARTED
01-07 12:13:49.193 I/System.out( 1963): Yanita Oparlakova’s MacBook Pro E4:CE:8F:15:7D:27
01-07 12:13:50.204 I/System.out( 1963): Yanita Oparlakova’s MacBook Pro E4:CE:8F:15:7D:27
01-07 12:13:51.205 I/System.out( 1963): Yanita Oparlakova’s MacBook Pro E4:CE:8F:15:7D:27
01-07 12:13:52.196 I/System.out( 1963): Yanita Oparlakova’s MacBook Pro E4:CE:8F:15:7D:27
01-07 12:13:53.197 I/System.out( 1963): Yanita Oparlakova’s MacBook Pro E4:CE:8F:15:7D:27
01-07 12:13:53.197 I/System.out( 1963): Anastasia Bugaenko’s MacBook 60:33:4B:02:92:D4
01-07 12:13:54.198 I/System.out( 1963): Yanita Oparlakova’s MacBook Pro E4:CE:8F:15:7D:27
01-07 12:13:54.198 I/System.out( 1963): Anastasia Bugaenko’s MacBook 60:33:4B:02:92:D4
01-07 12:13:55.199 I/System.out( 1963): Yanita Oparlakova’s MacBook Pro E4:CE:8F:15:7D:27
01-07 12:13:55.199 I/System.out( 1963): Anastasia Bugaenko’s MacBook 60:33:4B:02:92:D4
01-07 12:13:56.200 I/System.out( 1963): Yanita Oparlakova’s MacBook Pro E4:CE:8F:15:7D:27
01-07 12:13:56.200 I/System.out( 1963): Anastasia Bugaenko’s MacBook 60:33:4B:02:92:D4
01-07 12:13:57.201 I/System.out( 1963): Yanita Oparlakova’s MacBook Pro E4:CE:8F:15:7D:27
01-07 12:13:57.201 I/System.out( 1963): Anastasia Bugaenko’s MacBook 60:33:4B:02:92:D4
01-07 12:13:58.202 I/System.out( 1963): Yanita Oparlakova’s MacBook Pro E4:CE:8F:15:7D:27
01-07 12:13:58.202 I/System.out( 1963): Anastasia Bugaenko’s MacBook 60:33:4B:02:92:D4
01-07 12:13:59.203 I/System.out( 1963): Yanita Oparlakova’s MacBook Pro E4:CE:8F:15:7D:27
01-07 12:13:59.203 I/System.out( 1963): Anastasia Bugaenko’s MacBook 60:33:4B:02:92:D4
01-07 12:14:00.203 I/System.out( 1963): Yanita Oparlakova’s MacBook Pro E4:CE:8F:15:7D:27
01-07 12:14:00.203 I/System.out( 1963): Anastasia Bugaenko’s MacBook 60:33:4B:02:92:D4
01-07 12:14:01.204 I/System.out( 1963): Yanita Oparlakova’s MacBook Pro E4:CE:8F:15:7D:27
01-07 12:14:01.204 I/System.out( 1963): Anastasia Bugaenko’s MacBook 60:33:4B:02:92:D4
01-07 12:14:01.515 I/BluetoothAdapterProperties( 1749): Callback:discoveryStateChangeCallback with state:0
01-07 12:14:01.535 W/bt-btif ( 1749): bta_dm_check_av:0
01-07 12:14:01.555 I/BluetoothAdapterProperties( 1749): Callback:discoveryStateChangeCallback with state:1
01-07 12:14:01.585 D/dalvikvm( 1679): GC_FOR_ALLOC freed 363K, 7% free 9319K/9920K, paused 21ms, total 21ms
01-07 12:14:01.585 V/BluetoothDiscoveryReceiver( 1679): Received: android.bluetooth.adapter.action.DISCOVERY_FINISHED
01-07 12:14:01.615 V/BluetoothDiscoveryReceiver( 1679): Received: android.bluetooth.adapter.action.DISCOVERY_STARTED
01-07 12:14:04.207 I/System.out( 1963): Anastasia Bugaenko’s MacBook 60:33:4B:02:92:D4
01-07 12:14:05.208 I/System.out( 1963): Anastasia Bugaenko’s MacBook 60:33:4B:02:92:D4
01-07 12:14:05.208 I/System.out( 1963): Yanita Oparlakova’s MacBook Pro E4:CE:8F:15:7D:27
01-07 12:14:06.209 I/System.out( 1963): Anastasia Bugaenko’s MacBook 60:33:4B:02:92:D4
01-07 12:14:06.209 I/System.out( 1963): Yanita Oparlakova’s MacBook Pro E4:CE:8F:15:7D:27
01-07 12:14:06.209 I/System.out( 1963): Yanita Oparlakova’s MacBook Pro E4:CE:8F:15:7D:27
01-07 12:14:07.210 I/System.out( 1963): Anastasia Bugaenko’s MacBook 60:33:4B:02:92:D4
01-07 12:14:07.210 I/System.out( 1963): Yanita Oparlakova’s MacBook Pro E4:CE:8F:15:7D:27
01-07 12:14:07.210 I/System.out( 1963): Yanita Oparlakova’s MacBook Pro E4:CE:8F:15:7D:27
01-07 12:14:08.211 I/System.out( 1963): Anastasia Bugaenko’s MacBook 60:33:4B:02:92:D4
01-07 12:14:08.211 I/System.out( 1963): Yanita Oparlakova’s MacBook Pro E4:CE:8F:15:7D:27
01-07 12:14:08.211 I/System.out( 1963): Yanita Oparlakova’s MacBook Pro E4:CE:8F:15:7D:27
01-07 12:14:09.212 I/System.out( 1963): Anastasia Bugaenko’s MacBook 60:33:4B:02:92:D4
01-07 12:14:09.212 I/System.out( 1963): Yanita Oparlakova’s MacBook Pro E4:CE:8F:15:7D:27
01-07 12:14:09.212 I/System.out( 1963): Yanita Oparlakova’s MacBook Pro E4:CE:8F:15:7D:27
01-07 12:14:10.203 I/System.out( 1963): Anastasia Bugaenko’s MacBook 60:33:4B:02:92:D4
01-07 12:14:10.203 I/System.out( 1963): Yanita Oparlakova’s MacBook Pro E4:CE:8F:15:7D:27
01-07 12:14:10.203 I/System.out( 1963): Yanita Oparlakova’s MacBook Pro E4:CE:8F:15:7D:27
01-07 12:14:11.214 I/System.out( 1963): Anastasia Bugaenko’s MacBook 60:33:4B:02:92:D4
01-07 12:14:11.214 I/System.out( 1963): Yanita Oparlakova’s MacBook Pro E4:CE:8F:15:7D:27
01-07 12:14:11.214 I/System.out( 1963): Yanita Oparlakova’s MacBook Pro E4:CE:8F:15:7D:27
01-07 12:14:12.215 I/System.out( 1963): Anastasia Bugaenko’s MacBook 60:33:4B:02:92:D4
01-07 12:14:12.215 I/System.out( 1963): Yanita Oparlakova’s MacBook Pro E4:CE:8F:15:7D:27
01-07 12:14:12.215 I/System.out( 1963): Yanita Oparlakova’s MacBook Pro E4:CE:8F:15:7D:27
01-07 12:14:13.216 I/System.out( 1963): Anastasia Bugaenko’s MacBook 60:33:4B:02:92:D4
01-07 12:14:13.216 I/System.out( 1963): Yanita Oparlakova’s MacBook Pro E4:CE:8F:15:7D:27
01-07 12:14:13.216 I/System.out( 1963): Yanita Oparlakova’s MacBook Pro E4:CE:8F:15:7D:27
01-07 12:14:14.217 I/System.out( 1963): Anastasia Bugaenko’s MacBook 60:33:4B:02:92:D4
01-07 12:14:14.217 I/System.out( 1963): Yanita Oparlakova’s MacBook Pro E4:CE:8F:15:7D:27
01-07 12:14:14.217 I/System.out( 1963): Yanita Oparlakova’s MacBook Pro E4:CE:8F:15:7D:27
01-07 12:14:14.377 I/BluetoothAdapterProperties( 1749): Callback:discoveryStateChangeCallback with state:0
01-07 12:14:14.407 W/bt-btif ( 1749): bta_dm_check_av:0
01-07 12:14:14.417 I/BluetoothAdapterProperties( 1749): Callback:discoveryStateChangeCallback with state:1
01-07 12:14:14.437 V/BluetoothDiscoveryReceiver( 1679): Received: android.bluetooth.adapter.action.DISCOVERY_FINISHED
01-07 12:14:14.447 V/BluetoothDiscoveryReceiver( 1679): Received: android.bluetooth.adapter.action.DISCOVERY_STARTED
01-07 12:14:15.218 I/System.out( 1963): Anastasia Bugaenko’s MacBook 60:33:4B:02:92:D4
01-07 12:14:15.218 I/System.out( 1963): Yanita Oparlakova’s MacBook Pro E4:CE:8F:15:7D:27
01-07 12:14:16.219 I/System.out( 1963): Anastasia Bugaenko’s MacBook 60:33:4B:02:92:D4
01-07 12:14:16.219 I/System.out( 1963): Yanita Oparlakova’s MacBook Pro E4:CE:8F:15:7D:27
01-07 12:14:17.220 I/System.out( 1963): Anastasia Bugaenko’s MacBook 60:33:4B:02:92:D4
01-07 12:14:17.220 I/System.out( 1963): Yanita Oparlakova’s MacBook Pro E4:CE:8F:15:7D:27
01-07 12:14:18.221 I/System.out( 1963): Anastasia Bugaenko’s MacBook 60:33:4B:02:92:D4
01-07 12:14:18.221 I/System.out( 1963): Yanita Oparlakova’s MacBook Pro E4:CE:8F:15:7D:27
01-07 12:14:19.222 I/System.out( 1963): Anastasia Bugaenko’s MacBook 60:33:4B:02:92:D4
01-07 12:14:19.232 I/System.out( 1963): Yanita Oparlakova’s MacBook Pro E4:CE:8F:15:7D:27
01-07 12:14:20.223 I/System.out( 1963): Anastasia Bugaenko’s MacBook 60:33:4B:02:92:D4
01-07 12:14:20.223 I/System.out( 1963): Yanita Oparlakova’s MacBook Pro E4:CE:8F:15:7D:27
01-07 12:14:21.224 I/System.out( 1963): Anastasia Bugaenko’s MacBook 60:33:4B:02:92:D4
01-07 12:14:21.224 I/System.out( 1963): Yanita Oparlakova’s MacBook Pro E4:CE:8F:15:7D:27
01-07 12:14:22.225 I/System.out( 1963): Anastasia Bugaenko’s MacBook 60:33:4B:02:92:D4
01-07 12:14:22.225 I/System.out( 1963): Yanita Oparlakova’s MacBook Pro E4:CE:8F:15:7D:27
01-07 12:14:23.226 I/System.out( 1963): Anastasia Bugaenko’s MacBook 60:33:4B:02:92:D4
01-07 12:14:23.226 I/System.out( 1963): Yanita Oparlakova’s MacBook Pro E4:CE:8F:15:7D:27
01-07 12:14:24.227 I/System.out( 1963): Anastasia Bugaenko’s MacBook 60:33:4B:02:92:D4
01-07 12:14:24.227 I/System.out( 1963): Yanita Oparlakova’s MacBook Pro E4:CE:8F:15:7D:27
01-07 12:14:25.228 I/System.out( 1963): Anastasia Bugaenko’s MacBook 60:33:4B:02:92:D4
01-07 12:14:25.228 I/System.out( 1963): Yanita Oparlakova’s MacBook Pro E4:CE:8F:15:7D:27
01-07 12:14:26.229 I/System.out( 1963): Anastasia Bugaenko’s MacBook 60:33:4B:02:92:D4
01-07 12:14:26.229 I/System.out( 1963): Yanita Oparlakova’s MacBook Pro E4:CE:8F:15:7D:27
01-07 12:14:27.230 I/System.out( 1963): Anastasia Bugaenko’s MacBook 60:33:4B:02:92:D4
01-07 12:14:27.230 I/System.out( 1963): Yanita Oparlakova’s MacBook Pro E4:CE:8F:15:7D:27
01-07 12:14:27.250 I/BluetoothAdapterProperties( 1749): Callback:discoveryStateChangeCallback with state:0
01-07 12:14:27.290 W/bt-btif ( 1749): bta_dm_check_av:0
01-07 12:14:27.300 I/BluetoothAdapterProperties( 1749): Callback:discoveryStateChangeCallback with state:1
01-07 12:14:27.320 V/BluetoothDiscoveryReceiver( 1679): Received: android.bluetooth.adapter.action.DISCOVERY_FINISHED
01-07 12:14:27.340 V/BluetoothDiscoveryReceiver( 1679): Received: android.bluetooth.adapter.action.DISCOVERY_STARTED
01-07 12:14:28.231 I/System.out( 1963): Yanita Oparlakova’s MacBook Pro E4:CE:8F:15:7D:27
01-07 12:14:29.232 I/System.out( 1963): Yanita Oparlakova’s MacBook Pro E4:CE:8F:15:7D:27
01-07 12:14:30.233 I/System.out( 1963): Yanita Oparlakova’s MacBook Pro E4:CE:8F:15:7D:27
01-07 12:14:31.234 I/System.out( 1963): Yanita Oparlakova’s MacBook Pro E4:CE:8F:15:7D:27
01-07 12:14:31.234 I/System.out( 1963): Anastasia Bugaenko’s MacBook 60:33:4B:02:92:D4
01-07 12:14:31.234 I/System.out( 1963): Anastasia Bugaenko’s MacBook 60:33:4B:02:92:D4
01-07 12:14:32.235 I/System.out( 1963): Yanita Oparlakova’s MacBook Pro E4:CE:8F:15:7D:27
01-07 12:14:32.235 I/System.out( 1963): Anastasia Bugaenko’s MacBook 60:33:4B:02:92:D4
01-07 12:14:32.235 I/System.out( 1963): Anastasia Bugaenko’s MacBook 60:33:4B:02:92:D4
01-07 12:14:33.236 I/System.out( 1963): Yanita Oparlakova’s MacBook Pro E4:CE:8F:15:7D:27
01-07 12:14:33.236 I/System.out( 1963): Anastasia Bugaenko’s MacBook 60:33:4B:02:92:D4
01-07 12:14:33.236 I/System.out( 1963): Anastasia Bugaenko’s MacBook 60:33:4B:02:92:D4
01-07 12:14:34.237 I/System.out( 1963): Yanita Oparlakova’s MacBook Pro E4:CE:8F:15:7D:27
01-07 12:14:34.237 I/System.out( 1963): Anastasia Bugaenko’s MacBook 60:33:4B:02:92:D4
01-07 12:14:34.237 I/System.out( 1963): Anastasia Bugaenko’s MacBook 60:33:4B:02:92:D4
01-07 12:14:35.238 I/System.out( 1963): Yanita Oparlakova’s MacBook Pro E4:CE:8F:15:7D:27
01-07 12:14:35.238 I/System.out( 1963): Anastasia Bugaenko’s MacBook 60:33:4B:02:92:D4
01-07 12:14:35.238 I/System.out( 1963): Anastasia Bugaenko’s MacBook 60:33:4B:02:92:D4
01-07 12:14:35.288 D/dalvikvm( 1963): GC_CONCURRENT freed 386K, 5% free 9027K/9452K, paused 5ms+7ms, total 51ms
01-07 12:14:36.229 I/System.out( 1963): Yanita Oparlakova’s MacBook Pro E4:CE:8F:15:7D:27
01-07 12:14:36.229 I/System.out( 1963): Anastasia Bugaenko’s MacBook 60:33:4B:02:92:D4
01-07 12:14:36.229 I/System.out( 1963): Anastasia Bugaenko’s MacBook 60:33:4B:02:92:D4
01-07 12:14:37.230 I/System.out( 1963): Yanita Oparlakova’s MacBook Pro E4:CE:8F:15:7D:27
01-07 12:14:37.230 I/System.out( 1963): Anastasia Bugaenko’s MacBook 60:33:4B:02:92:D4
01-07 12:14:37.230 I/System.out( 1963): Anastasia Bugaenko’s MacBook 60:33:4B:02:92:D4
01-07 12:14:38.231 I/System.out( 1963): Yanita Oparlakova’s MacBook Pro E4:CE:8F:15:7D:27
01-07 12:14:38.231 I/System.out( 1963): Anastasia Bugaenko’s MacBook 60:33:4B:02:92:D4
01-07 12:14:38.241 I/System.out( 1963): Anastasia Bugaenko’s MacBook 60:33:4B:02:92:D4
01-07 12:14:39.232 I/System.out( 1963): Yanita Oparlakova’s MacBook Pro E4:CE:8F:15:7D:27
01-07 12:14:39.232 I/System.out( 1963): Anastasia Bugaenko’s MacBook 60:33:4B:02:92:D4
01-07 12:14:39.242 I/System.out( 1963): Anastasia Bugaenko’s MacBook 60:33:4B:02:92:D4
01-07 12:14:40.122 I/BluetoothAdapterProperties( 1749): Callback:discoveryStateChangeCallback with state:0
01-07 12:14:40.152 W/bt-btif ( 1749): bta_dm_check_av:0
01-07 12:14:40.162 I/BluetoothAdapterProperties( 1749): Callback:discoveryStateChangeCallback with state:1
01-07 12:14:40.193 D/dalvikvm( 1679): GC_FOR_ALLOC freed 362K, 7% free 9319K/9920K, paused 23ms, total 23ms
01-07 12:14:40.203 V/BluetoothDiscoveryReceiver( 1679): Received: android.bluetooth.adapter.action.DISCOVERY_FINISHED
01-07 12:14:40.223 V/BluetoothDiscoveryReceiver( 1679): Received: android.bluetooth.adapter.action.DISCOVERY_STARTED
01-07 12:14:41.234 I/System.out( 1963): Anastasia Bugaenko’s MacBook 60:33:4B:02:92:D4
01-07 12:14:42.235 I/System.out( 1963): Anastasia Bugaenko’s MacBook 60:33:4B:02:92:D4
01-07 12:14:43.235 I/System.out( 1963): Anastasia Bugaenko’s MacBook 60:33:4B:02:92:D4
01-07 12:14:44.236 I/System.out( 1963): Anastasia Bugaenko’s MacBook 60:33:4B:02:92:D4
01-07 12:14:44.236 I/System.out( 1963): Yanita Oparlakova’s MacBook Pro E4:CE:8F:15:7D:27
01-07 12:14:45.237 I/System.out( 1963): Anastasia Bugaenko’s MacBook 60:33:4B:02:92:D4
01-07 12:14:45.237 I/System.out( 1963): Yanita Oparlakova’s MacBook Pro E4:CE:8F:15:7D:27
01-07 12:14:46.238 I/System.out( 1963): Anastasia Bugaenko’s MacBook 60:33:4B:02:92:D4
01-07 12:14:46.238 I/System.out( 1963): Yanita Oparlakova’s MacBook Pro E4:CE:8F:15:7D:27
01-07 12:14:47.239 I/System.out( 1963): Anastasia Bugaenko’s MacBook 60:33:4B:02:92:D4
01-07 12:14:47.239 I/System.out( 1963): Yanita Oparlakova’s MacBook Pro E4:CE:8F:15:7D:27
01-07 12:14:48.240 I/System.out( 1963): Anastasia Bugaenko’s MacBook 60:33:4B:02:92:D4
01-07 12:14:48.240 I/System.out( 1963): Yanita Oparlakova’s MacBook Pro E4:CE:8F:15:7D:27
01-07 12:14:48.240 I/System.out( 1963): Anastasia Bugaenko’s MacBook 60:33:4B:02:92:D4
01-07 12:14:49.241 I/System.out( 1963): Anastasia Bugaenko’s MacBook 60:33:4B:02:92:D4
01-07 12:14:49.241 I/System.out( 1963): Yanita Oparlakova’s MacBook Pro E4:CE:8F:15:7D:27
01-07 12:14:49.241 I/System.out( 1963): Anastasia Bugaenko’s MacBook 60:33:4B:02:92:D4
01-07 12:14:50.242 I/System.out( 1963): Anastasia Bugaenko’s MacBook 60:33:4B:02:92:D4
01-07 12:14:50.242 I/System.out( 1963): Yanita Oparlakova’s MacBook Pro E4:CE:8F:15:7D:27
01-07 12:14:50.242 I/System.out( 1963): Anastasia Bugaenko’s MacBook 60:33:4B:02:92:D4
01-07 12:14:51.243 I/System.out( 1963): Anastasia Bugaenko’s MacBook 60:33:4B:02:92:D4
01-07 12:14:51.243 I/System.out( 1963): Yanita Oparlakova’s MacBook Pro E4:CE:8F:15:7D:27
01-07 12:14:51.243 I/System.out( 1963): Anastasia Bugaenko’s MacBook 60:33:4B:02:92:D4
01-07 12:14:52.244 I/System.out( 1963): Anastasia Bugaenko’s MacBook 60:33:4B:02:92:D4
01-07 12:14:52.244 I/System.out( 1963): Yanita Oparlakova’s MacBook Pro E4:CE:8F:15:7D:27
01-07 12:14:52.244 I/System.out( 1963): Anastasia Bugaenko’s MacBook 60:33:4B:02:92:D4
01-07 12:14:52.985 I/BluetoothAdapterProperties( 1749): Callback:discoveryStateChangeCallback with state:0
01-07 12:14:53.025 W/bt-btif ( 1749): bta_dm_check_av:0
01-07 12:14:53.035 I/BluetoothAdapterProperties( 1749): Callback:discoveryStateChangeCallback with state:1
01-07 12:14:53.055 V/BluetoothDiscoveryReceiver( 1679): Received: android.bluetooth.adapter.action.DISCOVERY_FINISHED
01-07 12:14:53.075 V/BluetoothDiscoveryReceiver( 1679): Received: android.bluetooth.adapter.action.DISCOVERY_STARTED
01-07 12:14:54.236 I/System.out( 1963): Yanita Oparlakova’s MacBook Pro E4:CE:8F:15:7D:27
01-07 12:14:55.247 I/System.out( 1963): Yanita Oparlakova’s MacBook Pro E4:CE:8F:15:7D:27
01-07 12:14:56.238 I/System.out( 1963): Yanita Oparlakova’s MacBook Pro E4:CE:8F:15:7D:27
01-07 12:14:57.239 I/System.out( 1963): Yanita Oparlakova’s MacBook Pro E4:CE:8F:15:7D:27
01-07 12:14:57.239 I/System.out( 1963): Anastasia Bugaenko’s MacBook 60:33:4B:02:92:D4
01-07 12:14:58.240 I/System.out( 1963): Yanita Oparlakova’s MacBook Pro E4:CE:8F:15:7D:27
01-07 12:14:58.240 I/System.out( 1963): Anastasia Bugaenko’s MacBook 60:33:4B:02:92:D4
01-07 12:14:59.241 I/System.out( 1963): Yanita Oparlakova’s MacBook Pro E4:CE:8F:15:7D:27
01-07 12:14:59.241 I/System.out( 1963): Anastasia Bugaenko’s MacBook 60:33:4B:02:92:D4
01-07 12:15:00.242 I/System.out( 1963): Yanita Oparlakova’s MacBook Pro E4:CE:8F:15:7D:27
01-07 12:15:00.242 I/System.out( 1963): Anastasia Bugaenko’s MacBook 60:33:4B:02:92:D4
01-07 12:15:00.242 I/System.out( 1963): Battery level end is reached
01-07 12:15:00.242 I/System.out( 1963): Time difference in secs is: 782
01-07 12:15:01.243 I/System.out( 1963): Yanita Oparlakova’s MacBook Pro E4:CE:8F:15:7D:27
01-07 12:15:01.243 I/System.out( 1963): Anastasia Bugaenko’s MacBook 60:33:4B:02:92:D4
01-07 12:15:01.243 I/System.out( 1963): Time difference in secs is: 782
01-07 12:15:02.234 I/System.out( 1963): Yanita Oparlakova’s MacBook Pro E4:CE:8F:15:7D:27
01-07 12:15:02.234 I/System.out( 1963): Anastasia Bugaenko’s MacBook 60:33:4B:02:92:D4
01-07 12:15:02.244 I/System.out( 1963): Time difference in secs is: 782
01-07 12:15:03.245 I/System.out( 1963): Yanita Oparlakova’s MacBook Pro E4:CE:8F:15:7D:27
01-07 12:15:03.245 I/System.out( 1963): Anastasia Bugaenko’s MacBook 60:33:4B:02:92:D4
01-07 12:15:03.255 I/System.out( 1963): Time difference in secs is: 782
01-07 12:15:04.246 I/System.out( 1963): Yanita Oparlakova’s MacBook Pro E4:CE:8F:15:7D:27
01-07 12:15:04.246 I/System.out( 1963): Anastasia Bugaenko’s MacBook 60:33:4B:02:92:D4
01-07 12:15:04.246 I/System.out( 1963): Time difference in secs is: 782
01-07 12:15:05.247 I/System.out( 1963): Yanita Oparlakova’s MacBook Pro E4:CE:8F:15:7D:27
01-07 12:15:05.247 I/System.out( 1963): Anastasia Bugaenko’s MacBook 60:33:4B:02:92:D4
01-07 12:15:05.247 I/System.out( 1963): Time difference in secs is: 782
01-07 12:15:05.868 I/BluetoothAdapterProperties( 1749): Callback:discoveryStateChangeCallback with state:0
01-07 12:15:05.898 W/bt-btif ( 1749): bta_dm_check_av:0
01-07 12:15:05.918 I/BluetoothAdapterProperties( 1749): Callback:discoveryStateChangeCallback with state:1
01-07 12:15:05.938 V/BluetoothDiscoveryReceiver( 1679): Received: android.bluetooth.adapter.action.DISCOVERY_FINISHED
01-07 12:15:05.948 V/BluetoothDiscoveryReceiver( 1679): Received: android.bluetooth.adapter.action.DISCOVERY_STARTED
01-07 12:15:06.248 I/System.out( 1963): Yanita Oparlakova’s MacBook Pro E4:CE:8F:15:7D:27
01-07 12:15:06.248 I/System.out( 1963): Time difference in secs is: 782
01-07 12:15:07.249 I/System.out( 1963): Yanita Oparlakova’s MacBook Pro E4:CE:8F:15:7D:27
01-07 12:15:07.249 I/System.out( 1963): Time difference in secs is: 782
01-07 12:15:08.250 I/System.out( 1963): Yanita Oparlakova’s MacBook Pro E4:CE:8F:15:7D:27
01-07 12:15:08.250 I/System.out( 1963): Time difference in secs is: 782
01-07 12:15:09.251 I/System.out( 1963): Yanita Oparlakova’s MacBook Pro E4:CE:8F:15:7D:27
01-07 12:15:09.251 I/System.out( 1963): Time difference in secs is: 782
01-07 12:15:10.252 I/System.out( 1963): Yanita Oparlakova’s MacBook Pro E4:CE:8F:15:7D:27
01-07 12:15:10.252 I/System.out( 1963): Time difference in secs is: 782
01-07 12:15:11.243 I/System.out( 1963): Yanita Oparlakova’s MacBook Pro E4:CE:8F:15:7D:27
01-07 12:15:11.253 I/System.out( 1963): Time difference in secs is: 782
01-07 12:15:12.254 I/System.out( 1963): Yanita Oparlakova’s MacBook Pro E4:CE:8F:15:7D:27
01-07 12:15:12.254 I/System.out( 1963): Time difference in secs is: 782
01-07 12:15:13.255 I/System.out( 1963): Yanita Oparlakova’s MacBook Pro E4:CE:8F:15:7D:27
01-07 12:15:13.255 I/System.out( 1963): Time difference in secs is: 782
01-07 12:15:13.385 D/btif_config_util( 1749): btif_config_save_file(L153): in file name:/data/misc/bluedroid/bt_config.new
01-07 12:15:14.256 I/System.out( 1963): Yanita Oparlakova’s MacBook Pro E4:CE:8F:15:7D:27
01-07 12:15:14.256 I/System.out( 1963): Anastasia Bugaenko’s MacBook 60:33:4B:02:92:D4
01-07 12:15:14.256 I/System.out( 1963): Time difference in secs is: 782
01-07 12:15:15.257 I/System.out( 1963): Yanita Oparlakova’s MacBook Pro E4:CE:8F:15:7D:27
01-07 12:15:15.257 I/System.out( 1963): Anastasia Bugaenko’s MacBook 60:33:4B:02:92:D4
01-07 12:15:15.267 I/System.out( 1963): Time difference in secs is: 782
01-07 12:15:16.268 I/System.out( 1963): Yanita Oparlakova’s MacBook Pro E4:CE:8F:15:7D:27
01-07 12:15:16.268 I/System.out( 1963): Anastasia Bugaenko’s MacBook 60:33:4B:02:92:D4
01-07 12:15:16.268 I/System.out( 1963): Time difference in secs is: 782
01-07 12:15:17.259 I/System.out( 1963): Yanita Oparlakova’s MacBook Pro E4:CE:8F:15:7D:27
01-07 12:15:17.259 I/System.out( 1963): Anastasia Bugaenko’s MacBook 60:33:4B:02:92:D4
01-07 12:15:17.269 I/System.out( 1963): Time difference in secs is: 782
01-07 12:15:18.260 I/System.out( 1963): Yanita Oparlakova’s MacBook Pro E4:CE:8F:15:7D:27
01-07 12:15:18.270 I/System.out( 1963): Anastasia Bugaenko’s MacBook 60:33:4B:02:92:D4
01-07 12:15:18.270 I/System.out( 1963): Time difference in secs is: 782
01-07 12:15:18.740 I/BluetoothAdapterProperties( 1749): Callback:discoveryStateChangeCallback with state:0
01-07 12:15:18.790 W/bt-btif ( 1749): bta_dm_check_av:0
01-07 12:15:18.800 I/BluetoothAdapterProperties( 1749): Callback:discoveryStateChangeCallback with state:1
01-07 12:15:18.820 D/dalvikvm( 1679): GC_FOR_ALLOC freed 358K, 7% free 9319K/9920K, paused 15ms, total 15ms
01-07 12:15:18.820 V/BluetoothDiscoveryReceiver( 1679): Received: android.bluetooth.adapter.action.DISCOVERY_FINISHED
01-07 12:15:18.840 V/BluetoothDiscoveryReceiver( 1679): Received: android.bluetooth.adapter.action.DISCOVERY_STARTED
01-07 12:15:19.261 I/System.out( 1963): Anastasia Bugaenko’s MacBook 60:33:4B:02:92:D4
01-07 12:15:19.271 I/System.out( 1963): Time difference in secs is: 782
01-07 12:15:20.262 I/System.out( 1963): Anastasia Bugaenko’s MacBook 60:33:4B:02:92:D4
01-07 12:15:20.272 I/System.out( 1963): Time difference in secs is: 782
01-07 12:15:21.273 I/System.out( 1963): Anastasia Bugaenko’s MacBook 60:33:4B:02:92:D4
01-07 12:15:21.273 I/System.out( 1963): Time difference in secs is: 782
01-07 12:15:22.274 I/System.out( 1963): Anastasia Bugaenko’s MacBook 60:33:4B:02:92:D4
01-07 12:15:22.274 I/System.out( 1963): Time difference in secs is: 782
01-07 12:15:23.265 I/System.out( 1963): Anastasia Bugaenko’s MacBook 60:33:4B:02:92:D4
01-07 12:15:23.265 I/System.out( 1963): Yanita Oparlakova’s MacBook Pro E4:CE:8F:15:7D:27
01-07 12:15:23.265 I/System.out( 1963): Time difference in secs is: 782
01-07 12:15:24.266 I/System.out( 1963): Anastasia Bugaenko’s MacBook 60:33:4B:02:92:D4
01-07 12:15:24.266 I/System.out( 1963): Yanita Oparlakova’s MacBook Pro E4:CE:8F:15:7D:27
01-07 12:15:24.266 I/System.out( 1963): Time difference in secs is: 782
01-07 12:15:25.266 I/System.out( 1963): Anastasia Bugaenko’s MacBook 60:33:4B:02:92:D4
01-07 12:15:25.266 I/System.out( 1963): Yanita Oparlakova’s MacBook Pro E4:CE:8F:15:7D:27
01-07 12:15:25.266 I/System.out( 1963): Time difference in secs is: 782
01-07 12:15:26.267 I/System.out( 1963): Anastasia Bugaenko’s MacBook 60:33:4B:02:92:D4
01-07 12:15:26.267 I/System.out( 1963): Yanita Oparlakova’s MacBook Pro E4:CE:8F:15:7D:27
01-07 12:15:26.267 I/System.out( 1963): Time difference in secs is: 782
01-07 12:15:27.268 I/System.out( 1963): Anastasia Bugaenko’s MacBook 60:33:4B:02:92:D4
01-07 12:15:27.268 I/System.out( 1963): Yanita Oparlakova’s MacBook Pro E4:CE:8F:15:7D:27
01-07 12:15:27.268 I/System.out( 1963): Time difference in secs is: 782
01-07 12:15:28.269 I/System.out( 1963): Anastasia Bugaenko’s MacBook 60:33:4B:02:92:D4
01-07 12:15:28.269 I/System.out( 1963): Yanita Oparlakova’s MacBook Pro E4:CE:8F:15:7D:27
01-07 12:15:28.279 I/System.out( 1963): Time difference in secs is: 782
01-07 12:15:29.270 I/System.out( 1963): Anastasia Bugaenko’s MacBook 60:33:4B:02:92:D4
01-07 12:15:29.270 I/System.out( 1963): Yanita Oparlakova’s MacBook Pro E4:CE:8F:15:7D:27
01-07 12:15:29.280 I/System.out( 1963): Time difference in secs is: 782
01-07 12:15:30.271 I/System.out( 1963): Anastasia Bugaenko’s MacBook 60:33:4B:02:92:D4
01-07 12:15:30.271 I/System.out( 1963): Yanita Oparlakova’s MacBook Pro E4:CE:8F:15:7D:27
01-07 12:15:30.281 I/System.out( 1963): Time difference in secs is: 782
01-07 12:15:31.272 I/System.out( 1963): Anastasia Bugaenko’s MacBook 60:33:4B:02:92:D4
01-07 12:15:31.272 I/System.out( 1963): Yanita Oparlakova’s MacBook Pro E4:CE:8F:15:7D:27
01-07 12:15:31.282 I/System.out( 1963): Time difference in secs is: 782
01-07 12:15:31.623 I/BluetoothAdapterProperties( 1749): Callback:discoveryStateChangeCallback with state:0
01-07 12:15:31.653 W/bt-btif ( 1749): bta_dm_check_av:0
01-07 12:15:31.673 I/BluetoothAdapterProperties( 1749): Callback:discoveryStateChangeCallback with state:1
01-07 12:15:31.703 V/BluetoothDiscoveryReceiver( 1679): Received: android.bluetooth.adapter.action.DISCOVERY_FINISHED
01-07 12:15:31.713 V/BluetoothDiscoveryReceiver( 1679): Received: android.bluetooth.adapter.action.DISCOVERY_STARTED
01-07 12:15:32.273 I/System.out( 1963): Yanita Oparlakova’s MacBook Pro E4:CE:8F:15:7D:27
01-07 12:15:32.273 I/System.out( 1963): Time difference in secs is: 782
01-07 12:15:33.264 I/System.out( 1963): Yanita Oparlakova’s MacBook Pro E4:CE:8F:15:7D:27
01-07 12:15:33.274 I/System.out( 1963): Time difference in secs is: 782
01-07 12:15:34.275 I/System.out( 1963): Yanita Oparlakova’s MacBook Pro E4:CE:8F:15:7D:27
01-07 12:15:34.275 I/System.out( 1963): Time difference in secs is: 782
01-07 12:15:35.276 I/System.out( 1963): Yanita Oparlakova’s MacBook Pro E4:CE:8F:15:7D:27
01-07 12:15:35.276 I/System.out( 1963): Anastasia Bugaenko’s MacBook 60:33:4B:02:92:D4
01-07 12:15:35.276 I/System.out( 1963): Time difference in secs is: 782
01-07 12:15:36.277 I/System.out( 1963): Yanita Oparlakova’s MacBook Pro E4:CE:8F:15:7D:27
01-07 12:15:36.277 I/System.out( 1963): Anastasia Bugaenko’s MacBook 60:33:4B:02:92:D4
01-07 12:15:36.277 I/System.out( 1963): Time difference in secs is: 782
01-07 12:15:37.278 I/System.out( 1963): Yanita Oparlakova’s MacBook Pro E4:CE:8F:15:7D:27
01-07 12:15:37.278 I/System.out( 1963): Anastasia Bugaenko’s MacBook 60:33:4B:02:92:D4
01-07 12:15:37.278 I/System.out( 1963): Time difference in secs is: 782
01-07 12:15:38.279 I/System.out( 1963): Yanita Oparlakova’s MacBook Pro E4:CE:8F:15:7D:27
01-07 12:15:38.279 I/System.out( 1963): Anastasia Bugaenko’s MacBook 60:33:4B:02:92:D4
01-07 12:15:38.279 I/System.out( 1963): Time difference in secs is: 782
01-07 12:15:39.280 I/System.out( 1963): Yanita Oparlakova’s MacBook Pro E4:CE:8F:15:7D:27
01-07 12:15:39.280 I/System.out( 1963): Anastasia Bugaenko’s MacBook 60:33:4B:02:92:D4
01-07 12:15:39.280 I/System.out( 1963): Time difference in secs is: 782
01-07 12:15:40.281 I/System.out( 1963): Yanita Oparlakova’s MacBook Pro E4:CE:8F:15:7D:27
01-07 12:15:40.281 I/System.out( 1963): Anastasia Bugaenko’s MacBook 60:33:4B:02:92:D4
01-07 12:15:40.281 I/System.out( 1963): Time difference in secs is: 782
01-07 12:15:41.282 I/System.out( 1963): Yanita Oparlakova’s MacBook Pro E4:CE:8F:15:7D:27
01-07 12:15:41.282 I/System.out( 1963): Anastasia Bugaenko’s MacBook 60:33:4B:02:92:D4
01-07 12:15:41.282 I/System.out( 1963): Time difference in secs is: 782
01-07 12:15:42.283 I/System.out( 1963): Yanita Oparlakova’s MacBook Pro E4:CE:8F:15:7D:27
01-07 12:15:42.283 I/System.out( 1963): Anastasia Bugaenko’s MacBook 60:33:4B:02:92:D4
01-07 12:15:42.283 I/System.out( 1963): Time difference in secs is: 782
01-07 12:15:43.284 I/System.out( 1963): Yanita Oparlakova’s MacBook Pro E4:CE:8F:15:7D:27
01-07 12:15:43.284 I/System.out( 1963): Anastasia Bugaenko’s MacBook 60:33:4B:02:92:D4
01-07 12:15:43.284 I/System.out( 1963): Time difference in secs is: 782
01-07 12:15:44.285 I/System.out( 1963): Yanita Oparlakova’s MacBook Pro E4:CE:8F:15:7D:27
01-07 12:15:44.285 I/System.out( 1963): Anastasia Bugaenko’s MacBook 60:33:4B:02:92:D4
01-07 12:15:44.285 I/System.out( 1963): Time difference in secs is: 782
01-07 12:15:44.505 I/BluetoothAdapterProperties( 1749): Callback:discoveryStateChangeCallback with state:0
01-07 12:15:44.535 W/bt-btif ( 1749): bta_dm_check_av:0
01-07 12:15:44.545 I/BluetoothAdapterProperties( 1749): Callback:discoveryStateChangeCallback with state:1
01-07 12:15:44.565 V/BluetoothDiscoveryReceiver( 1679): Received: android.bluetooth.adapter.action.DISCOVERY_FINISHED
01-07 12:15:44.585 V/BluetoothDiscoveryReceiver( 1679): Received: android.bluetooth.adapter.action.DISCOVERY_STARTED
01-07 12:15:45.286 I/System.out( 1963): Time difference in secs is: 782
01-07 12:15:46.287 I/System.out( 1963): Anastasia Bugaenko’s MacBook 60:33:4B:02:92:D4
01-07 12:15:46.297 I/System.out( 1963): Time difference in secs is: 782
01-07 12:15:47.288 I/System.out( 1963): Anastasia Bugaenko’s MacBook 60:33:4B:02:92:D4
01-07 12:15:47.288 I/System.out( 1963): Time difference in secs is: 782
01-07 12:15:48.289 I/System.out( 1963): Anastasia Bugaenko’s MacBook 60:33:4B:02:92:D4
01-07 12:15:48.289 I/System.out( 1963): Time difference in secs is: 782
01-07 12:15:49.290 I/System.out( 1963): Anastasia Bugaenko’s MacBook 60:33:4B:02:92:D4
01-07 12:15:49.290 I/System.out( 1963): Yanita Oparlakova’s MacBook Pro E4:CE:8F:15:7D:27
01-07 12:15:49.290 I/System.out( 1963): Time difference in secs is: 782
01-07 12:15:50.291 I/System.out( 1963): Anastasia Bugaenko’s MacBook 60:33:4B:02:92:D4
01-07 12:15:50.291 I/System.out( 1963): Yanita Oparlakova’s MacBook Pro E4:CE:8F:15:7D:27
01-07 12:15:50.291 I/System.out( 1963): Time difference in secs is: 782
01-07 12:15:51.292 I/System.out( 1963): Anastasia Bugaenko’s MacBook 60:33:4B:02:92:D4
01-07 12:15:51.292 I/System.out( 1963): Yanita Oparlakova’s MacBook Pro E4:CE:8F:15:7D:27
01-07 12:15:51.302 I/System.out( 1963): Time difference in secs is: 782
01-07 12:15:52.293 I/System.out( 1963): Anastasia Bugaenko’s MacBook 60:33:4B:02:92:D4
01-07 12:15:52.293 I/System.out( 1963): Yanita Oparlakova’s MacBook Pro E4:CE:8F:15:7D:27
01-07 12:15:52.293 I/System.out( 1963): Time difference in secs is: 782
01-07 12:15:53.294 I/System.out( 1963): Anastasia Bugaenko’s MacBook 60:33:4B:02:92:D4
01-07 12:15:53.294 I/System.out( 1963): Yanita Oparlakova’s MacBook Pro E4:CE:8F:15:7D:27
01-07 12:15:53.294 I/System.out( 1963): Time difference in secs is: 782
01-07 12:15:54.295 I/System.out( 1963): Anastasia Bugaenko’s MacBook 60:33:4B:02:92:D4
01-07 12:15:54.295 I/System.out( 1963): Yanita Oparlakova’s MacBook Pro E4:CE:8F:15:7D:27
01-07 12:15:54.295 I/System.out( 1963): Time difference in secs is: 782
01-07 12:15:55.296 I/System.out( 1963): Anastasia Bugaenko’s MacBook 60:33:4B:02:92:D4
01-07 12:15:55.296 I/System.out( 1963): Yanita Oparlakova’s MacBook Pro E4:CE:8F:15:7D:27
01-07 12:15:55.306 I/System.out( 1963): Time difference in secs is: 782
01-07 12:15:56.297 I/System.out( 1963): Anastasia Bugaenko’s MacBook 60:33:4B:02:92:D4
01-07 12:15:56.297 I/System.out( 1963): Yanita Oparlakova’s MacBook Pro E4:CE:8F:15:7D:27
01-07 12:15:56.307 I/System.out( 1963): Time difference in secs is: 782
01-07 12:15:57.298 I/System.out( 1963): Anastasia Bugaenko’s MacBook 60:33:4B:02:92:D4
01-07 12:15:57.298 I/System.out( 1963): Yanita Oparlakova’s MacBook Pro E4:CE:8F:15:7D:27
01-07 12:15:57.308 I/System.out( 1963): Time difference in secs is: 782
01-07 12:15:57.368 I/BluetoothAdapterProperties( 1749): Callback:discoveryStateChangeCallback with state:0
01-07 12:15:57.408 W/bt-btif ( 1749): bta_dm_check_av:0
01-07 12:15:57.418 I/BluetoothAdapterProperties( 1749): Callback:discoveryStateChangeCallback with state:1
01-07 12:15:57.468 D/dalvikvm( 1679): GC_FOR_ALLOC freed 354K, 7% free 9319K/9920K, paused 34ms, total 34ms
01-07 12:15:57.468 V/BluetoothDiscoveryReceiver( 1679): Received: android.bluetooth.adapter.action.DISCOVERY_FINISHED
01-07 12:15:57.498 V/BluetoothDiscoveryReceiver( 1679): Received: android.bluetooth.adapter.action.DISCOVERY_STARTED
01-07 12:15:58.299 I/System.out( 1963): Time difference in secs is: 782
01-07 12:15:58.909 D/dalvikvm( 1749): GC_CONCURRENT freed 394K, 5% free 9015K/9460K, paused 8ms+1ms, total 65ms
01-07 12:15:59.300 I/System.out( 1963): Anastasia Bugaenko’s MacBook 60:33:4B:02:92:D4
01-07 12:15:59.300 I/System.out( 1963): Yanita Oparlakova’s MacBook Pro E4:CE:8F:15:7D:27
01-07 12:15:59.300 I/System.out( 1963): Time difference in secs is: 782
01-07 12:16:00.301 I/System.out( 1963): Anastasia Bugaenko’s MacBook 60:33:4B:02:92:D4
01-07 12:16:00.301 I/System.out( 1963): Yanita Oparlakova’s MacBook Pro E4:CE:8F:15:7D:27
01-07 12:16:00.301 I/System.out( 1963): Time difference in secs is: 782
01-07 12:16:01.151 D/BluetoothEventManager( 1679): DeviceFoundHandler created new CachedBluetoothDevice: 58:B0:35:95:EA:44
01-07 12:16:01.302 I/System.out( 1963): Anastasia Bugaenko’s MacBook 60:33:4B:02:92:D4
01-07 12:16:01.302 I/System.out( 1963): Yanita Oparlakova’s MacBook Pro E4:CE:8F:15:7D:27
01-07 12:16:01.302 I/System.out( 1963): Kunal's MacBook Pro 58:B0:35:95:EA:44
01-07 12:16:01.312 I/System.out( 1963): Time difference in secs is: 782
01-07 12:16:02.303 I/System.out( 1963): Anastasia Bugaenko’s MacBook 60:33:4B:02:92:D4
01-07 12:16:02.303 I/System.out( 1963): Yanita Oparlakova’s MacBook Pro E4:CE:8F:15:7D:27
01-07 12:16:02.303 I/System.out( 1963): Kunal's MacBook Pro 58:B0:35:95:EA:44
01-07 12:16:02.303 I/System.out( 1963): Time difference in secs is: 782
01-07 12:16:03.294 I/System.out( 1963): Anastasia Bugaenko’s MacBook 60:33:4B:02:92:D4
01-07 12:16:03.294 I/System.out( 1963): Yanita Oparlakova’s MacBook Pro E4:CE:8F:15:7D:27
01-07 12:16:03.294 I/System.out( 1963): Kunal's MacBook Pro 58:B0:35:95:EA:44
01-07 12:16:03.294 I/System.out( 1963): Time difference in secs is: 782
01-07 12:16:03.484 D/BluetoothEventManager( 1679): DeviceFoundHandler created new CachedBluetoothDevice: 00:02:72:C8:0F:98
01-07 12:16:04.295 I/System.out( 1963): Anastasia Bugaenko’s MacBook 60:33:4B:02:92:D4
01-07 12:16:04.295 I/System.out( 1963): Yanita Oparlakova’s MacBook Pro E4:CE:8F:15:7D:27
01-07 12:16:04.295 I/System.out( 1963): Kunal's MacBook Pro 58:B0:35:95:EA:44
01-07 12:16:04.295 I/System.out( 1963): MININT-EPIBM1R 00:02:72:C8:0F:98
01-07 12:16:04.295 I/System.out( 1963): Time difference in secs is: 782
01-07 12:16:05.296 I/System.out( 1963): Anastasia Bugaenko’s MacBook 60:33:4B:02:92:D4
01-07 12:16:05.296 I/System.out( 1963): Yanita Oparlakova’s MacBook Pro E4:CE:8F:15:7D:27
01-07 12:16:05.296 I/System.out( 1963): Kunal's MacBook Pro 58:B0:35:95:EA:44
01-07 12:16:05.296 I/System.out( 1963): MININT-EPIBM1R 00:02:72:C8:0F:98
01-07 12:16:05.296 I/System.out( 1963): Time difference in secs is: 782
01-07 12:16:06.307 I/System.out( 1963): Anastasia Bugaenko’s MacBook 60:33:4B:02:92:D4
01-07 12:16:06.307 I/System.out( 1963): Yanita Oparlakova’s MacBook Pro E4:CE:8F:15:7D:27
01-07 12:16:06.307 I/System.out( 1963): Kunal's MacBook Pro 58:B0:35:95:EA:44
01-07 12:16:06.307 I/System.out( 1963): MININT-EPIBM1R 00:02:72:C8:0F:98
01-07 12:16:06.307 I/System.out( 1963): Time difference in secs is: 782
01-07 12:16:07.308 I/System.out( 1963): Anastasia Bugaenko’s MacBook 60:33:4B:02:92:D4
01-07 12:16:07.308 I/System.out( 1963): Yanita Oparlakova’s MacBook Pro E4:CE:8F:15:7D:27
01-07 12:16:07.308 I/System.out( 1963): Kunal's MacBook Pro 58:B0:35:95:EA:44
01-07 12:16:07.308 I/System.out( 1963): MININT-EPIBM1R 00:02:72:C8:0F:98
01-07 12:16:07.308 I/System.out( 1963): Time difference in secs is: 782
01-07 12:16:08.298 I/System.out( 1963): Anastasia Bugaenko’s MacBook 60:33:4B:02:92:D4
01-07 12:16:08.298 I/System.out( 1963): Yanita Oparlakova’s MacBook Pro E4:CE:8F:15:7D:27
01-07 12:16:08.308 I/System.out( 1963): Kunal's MacBook Pro 58:B0:35:95:EA:44
01-07 12:16:08.308 I/System.out( 1963): MININT-EPIBM1R 00:02:72:C8:0F:98
01-07 12:16:08.308 I/System.out( 1963): Time difference in secs is: 782
01-07 12:16:09.299 I/System.out( 1963): Anastasia Bugaenko’s MacBook 60:33:4B:02:92:D4
01-07 12:16:09.299 I/System.out( 1963): Yanita Oparlakova’s MacBook Pro E4:CE:8F:15:7D:27
01-07 12:16:09.309 I/System.out( 1963): Kunal's MacBook Pro 58:B0:35:95:EA:44
01-07 12:16:09.309 I/System.out( 1963): MININT-EPIBM1R 00:02:72:C8:0F:98
01-07 12:16:09.309 I/System.out( 1963): Time difference in secs is: 782
01-07 12:16:10.240 I/BluetoothAdapterProperties( 1749): Callback:discoveryStateChangeCallback with state:0
01-07 12:16:10.270 W/bt-btif ( 1749): bta_dm_check_av:0
01-07 12:16:10.280 I/BluetoothAdapterProperties( 1749): Callback:discoveryStateChangeCallback with state:1
01-07 12:16:10.310 I/System.out( 1963): Time difference in secs is: 782
01-07 12:16:10.320 V/BluetoothDiscoveryReceiver( 1679): Received: android.bluetooth.adapter.action.DISCOVERY_FINISHED
01-07 12:16:10.330 V/BluetoothDiscoveryReceiver( 1679): Received: android.bluetooth.adapter.action.DISCOVERY_STARTED
01-07 12:16:11.311 I/System.out( 1963): Yanita Oparlakova’s MacBook Pro E4:CE:8F:15:7D:27
01-07 12:16:11.311 I/System.out( 1963): Kunal's MacBook Pro 58:B0:35:95:EA:44
01-07 12:16:11.311 I/System.out( 1963): Time difference in secs is: 782
01-07 12:16:12.312 I/System.out( 1963): Yanita Oparlakova’s MacBook Pro E4:CE:8F:15:7D:27
01-07 12:16:12.312 I/System.out( 1963): Kunal's MacBook Pro 58:B0:35:95:EA:44
01-07 12:16:12.322 I/System.out( 1963): Time difference in secs is: 782
01-07 12:16:13.313 I/System.out( 1963): Yanita Oparlakova’s MacBook Pro E4:CE:8F:15:7D:27
01-07 12:16:13.313 I/System.out( 1963): Kunal's MacBook Pro 58:B0:35:95:EA:44
01-07 12:16:13.313 I/System.out( 1963): Time difference in secs is: 782
01-07 12:16:14.314 I/System.out( 1963): Yanita Oparlakova’s MacBook Pro E4:CE:8F:15:7D:27
01-07 12:16:14.314 I/System.out( 1963): Kunal's MacBook Pro 58:B0:35:95:EA:44
01-07 12:16:14.314 I/System.out( 1963): Anastasia Bugaenko’s MacBook 60:33:4B:02:92:D4
01-07 12:16:14.314 I/System.out( 1963): Time difference in secs is: 782
01-07 12:16:15.305 I/System.out( 1963): Yanita Oparlakova’s MacBook Pro E4:CE:8F:15:7D:27
01-07 12:16:15.305 I/System.out( 1963): Kunal's MacBook Pro 58:B0:35:95:EA:44
01-07 12:16:15.305 I/System.out( 1963): Anastasia Bugaenko’s MacBook 60:33:4B:02:92:D4
01-07 12:16:15.315 I/System.out( 1963): Time difference in secs is: 782
01-07 12:16:16.306 I/System.out( 1963): Yanita Oparlakova’s MacBook Pro E4:CE:8F:15:7D:27
01-07 12:16:16.306 I/System.out( 1963): Kunal's MacBook Pro 58:B0:35:95:EA:44
01-07 12:16:16.306 I/System.out( 1963): Anastasia Bugaenko’s MacBook 60:33:4B:02:92:D4
01-07 12:16:16.316 I/System.out( 1963): Time difference in secs is: 782
01-07 12:16:17.317 I/System.out( 1963): Yanita Oparlakova’s MacBook Pro E4:CE:8F:15:7D:27
01-07 12:16:17.317 I/System.out( 1963): Kunal's MacBook Pro 58:B0:35:95:EA:44
01-07 12:16:17.317 I/System.out( 1963): Anastasia Bugaenko’s MacBook 60:33:4B:02:92:D4
01-07 12:16:17.317 I/System.out( 1963): Time difference in secs is: 782
01-07 12:16:18.318 I/System.out( 1963): Yanita Oparlakova’s MacBook Pro E4:CE:8F:15:7D:27
01-07 12:16:18.318 I/System.out( 1963): Kunal's MacBook Pro 58:B0:35:95:EA:44
01-07 12:16:18.318 I/System.out( 1963): Anastasia Bugaenko’s MacBook 60:33:4B:02:92:D4
01-07 12:16:18.318 I/System.out( 1963): Time difference in secs is: 782
01-07 12:16:19.309 I/System.out( 1963): Yanita Oparlakova’s MacBook Pro E4:CE:8F:15:7D:27
01-07 12:16:19.309 I/System.out( 1963): Kunal's MacBook Pro 58:B0:35:95:EA:44
01-07 12:16:19.309 I/System.out( 1963): Anastasia Bugaenko’s MacBook 60:33:4B:02:92:D4
01-07 12:16:19.319 I/System.out( 1963): Time difference in secs is: 782
01-07 12:16:20.310 I/System.out( 1963): Yanita Oparlakova’s MacBook Pro E4:CE:8F:15:7D:27
01-07 12:16:20.310 I/System.out( 1963): Kunal's MacBook Pro 58:B0:35:95:EA:44
01-07 12:16:20.310 I/System.out( 1963): Anastasia Bugaenko’s MacBook 60:33:4B:02:92:D4
01-07 12:16:20.320 I/System.out( 1963): Time difference in secs is: 782
01-07 12:16:21.311 I/System.out( 1963): Yanita Oparlakova’s MacBook Pro E4:CE:8F:15:7D:27
01-07 12:16:21.311 I/System.out( 1963): Kunal's MacBook Pro 58:B0:35:95:EA:44
01-07 12:16:21.321 I/System.out( 1963): Anastasia Bugaenko’s MacBook 60:33:4B:02:92:D4
01-07 12:16:21.331 I/System.out( 1963): Time difference in secs is: 782
01-07 12:16:22.322 I/System.out( 1963): Yanita Oparlakova’s MacBook Pro E4:CE:8F:15:7D:27
01-07 12:16:22.322 I/System.out( 1963): Kunal's MacBook Pro 58:B0:35:95:EA:44
01-07 12:16:22.322 I/System.out( 1963): Anastasia Bugaenko’s MacBook 60:33:4B:02:92:D4
01-07 12:16:22.332 I/System.out( 1963): Time difference in secs is: 782
01-07 12:16:23.113 I/BluetoothAdapterProperties( 1749): Callback:discoveryStateChangeCallback with state:0
01-07 12:16:23.133 W/bt-btif ( 1749): bta_dm_check_av:0
01-07 12:16:23.143 I/BluetoothAdapterProperties( 1749): Callback:discoveryStateChangeCallback with state:1
01-07 12:16:23.163 V/BluetoothDiscoveryReceiver( 1679): Received: android.bluetooth.adapter.action.DISCOVERY_FINISHED
01-07 12:16:23.183 V/BluetoothDiscoveryReceiver( 1679): Received: android.bluetooth.adapter.action.DISCOVERY_STARTED
01-07 12:16:23.313 I/System.out( 1963): Time difference in secs is: 782
01-07 12:16:24.324 I/System.out( 1963): Yanita Oparlakova’s MacBook Pro E4:CE:8F:15:7D:27
01-07 12:16:24.324 I/System.out( 1963): Yanita Oparlakova’s MacBook Pro E4:CE:8F:15:7D:27
01-07 12:16:24.324 I/System.out( 1963): Time difference in secs is: 782
01-07 12:16:25.325 I/System.out( 1963): Yanita Oparlakova’s MacBook Pro E4:CE:8F:15:7D:27
01-07 12:16:25.325 I/System.out( 1963): Yanita Oparlakova’s MacBook Pro E4:CE:8F:15:7D:27
01-07 12:16:25.325 I/System.out( 1963): Time difference in secs is: 782
01-07 12:16:26.326 I/System.out( 1963): Yanita Oparlakova’s MacBook Pro E4:CE:8F:15:7D:27
01-07 12:16:26.326 I/System.out( 1963): Yanita Oparlakova’s MacBook Pro E4:CE:8F:15:7D:27
01-07 12:16:26.326 I/System.out( 1963): Time difference in secs is: 782
01-07 12:16:27.327 I/System.out( 1963): Yanita Oparlakova’s MacBook Pro E4:CE:8F:15:7D:27
01-07 12:16:27.327 I/System.out( 1963): Yanita Oparlakova’s MacBook Pro E4:CE:8F:15:7D:27
01-07 12:16:27.327 I/System.out( 1963): Kunal's MacBook Pro 58:B0:35:95:EA:44
01-07 12:16:27.327 I/System.out( 1963): Time difference in secs is: 782
01-07 12:16:28.318 I/System.out( 1963): Yanita Oparlakova’s MacBook Pro E4:CE:8F:15:7D:27
01-07 12:16:28.318 I/System.out( 1963): Yanita Oparlakova’s MacBook Pro E4:CE:8F:15:7D:27
01-07 12:16:28.328 I/System.out( 1963): Kunal's MacBook Pro 58:B0:35:95:EA:44
01-07 12:16:28.328 I/System.out( 1963): Anastasia Bugaenko’s MacBook 60:33:4B:02:92:D4
01-07 12:16:28.328 I/System.out( 1963): Time difference in secs is: 782
01-07 12:16:29.319 I/System.out( 1963): Yanita Oparlakova’s MacBook Pro E4:CE:8F:15:7D:27
01-07 12:16:29.319 I/System.out( 1963): Yanita Oparlakova’s MacBook Pro E4:CE:8F:15:7D:27
01-07 12:16:29.319 I/System.out( 1963): Kunal's MacBook Pro 58:B0:35:95:EA:44
01-07 12:16:29.329 I/System.out( 1963): Anastasia Bugaenko’s MacBook 60:33:4B:02:92:D4
01-07 12:16:29.329 I/System.out( 1963): Time difference in secs is: 782
01-07 12:16:30.320 I/System.out( 1963): Yanita Oparlakova’s MacBook Pro E4:CE:8F:15:7D:27
01-07 12:16:30.320 I/System.out( 1963): Yanita Oparlakova’s MacBook Pro E4:CE:8F:15:7D:27
01-07 12:16:30.320 I/System.out( 1963): Kunal's MacBook Pro 58:B0:35:95:EA:44
01-07 12:16:30.330 I/System.out( 1963): Anastasia Bugaenko’s MacBook 60:33:4B:02:92:D4
01-07 12:16:30.330 I/System.out( 1963): Time difference in secs is: 782
01-07 12:16:31.321 I/System.out( 1963): Yanita Oparlakova’s MacBook Pro E4:CE:8F:15:7D:27
01-07 12:16:31.321 I/System.out( 1963): Yanita Oparlakova’s MacBook Pro E4:CE:8F:15:7D:27
01-07 12:16:31.331 I/System.out( 1963): Kunal's MacBook Pro 58:B0:35:95:EA:44
01-07 12:16:31.331 I/System.out( 1963): Anastasia Bugaenko’s MacBook 60:33:4B:02:92:D4
01-07 12:16:31.331 I/System.out( 1963): Time difference in secs is: 782
01-07 12:16:32.322 I/System.out( 1963): Yanita Oparlakova’s MacBook Pro E4:CE:8F:15:7D:27
01-07 12:16:32.322 I/System.out( 1963): Yanita Oparlakova’s MacBook Pro E4:CE:8F:15:7D:27
01-07 12:16:32.332 I/System.out( 1963): Kunal's MacBook Pro 58:B0:35:95:EA:44
01-07 12:16:32.332 I/System.out( 1963): Anastasia Bugaenko’s MacBook 60:33:4B:02:92:D4
01-07 12:16:32.332 I/System.out( 1963): Time difference in secs is: 782
01-07 12:16:33.323 I/System.out( 1963): Yanita Oparlakova’s MacBook Pro E4:CE:8F:15:7D:27
01-07 12:16:33.333 I/System.out( 1963): Yanita Oparlakova’s MacBook Pro E4:CE:8F:15:7D:27
01-07 12:16:33.333 I/System.out( 1963): Kunal's MacBook Pro 58:B0:35:95:EA:44
01-07 12:16:33.333 I/System.out( 1963): Anastasia Bugaenko’s MacBook 60:33:4B:02:92:D4
01-07 12:16:33.333 I/System.out( 1963): Time difference in secs is: 782
01-07 12:16:34.334 I/System.out( 1963): Yanita Oparlakova’s MacBook Pro E4:CE:8F:15:7D:27
01-07 12:16:34.334 I/System.out( 1963): Yanita Oparlakova’s MacBook Pro E4:CE:8F:15:7D:27
01-07 12:16:34.334 I/System.out( 1963): Kunal's MacBook Pro 58:B0:35:95:EA:44
01-07 12:16:34.334 I/System.out( 1963): Anastasia Bugaenko’s MacBook 60:33:4B:02:92:D4
01-07 12:16:34.334 I/System.out( 1963): Time difference in secs is: 782
01-07 12:16:35.335 I/System.out( 1963): Yanita Oparlakova’s MacBook Pro E4:CE:8F:15:7D:27
01-07 12:16:35.335 I/System.out( 1963): Yanita Oparlakova’s MacBook Pro E4:CE:8F:15:7D:27
