01-07 11:42:36.486 I/System.out( 1963): Anastasia Bugaenko’s MacBook 60:33:4B:02:92:D4
01-07 11:42:36.486 I/System.out( 1963): Yanita Oparlakova’s MacBook Pro E4:CE:8F:15:7D:27
01-07 11:42:37.487 I/System.out( 1963): Anastasia Bugaenko’s MacBook 60:33:4B:02:92:D4
01-07 11:42:37.487 I/System.out( 1963): Anastasia Bugaenko’s MacBook 60:33:4B:02:92:D4
01-07 11:42:37.487 I/System.out( 1963): Yanita Oparlakova’s MacBook Pro E4:CE:8F:15:7D:27
01-07 11:42:38.488 I/System.out( 1963): Anastasia Bugaenko’s MacBook 60:33:4B:02:92:D4
01-07 11:42:38.488 I/System.out( 1963): Anastasia Bugaenko’s MacBook 60:33:4B:02:92:D4
01-07 11:42:38.488 I/System.out( 1963): Yanita Oparlakova’s MacBook Pro E4:CE:8F:15:7D:27
01-07 11:42:39.489 I/System.out( 1963): Anastasia Bugaenko’s MacBook 60:33:4B:02:92:D4
01-07 11:42:39.489 I/System.out( 1963): Anastasia Bugaenko’s MacBook 60:33:4B:02:92:D4
01-07 11:42:39.489 I/System.out( 1963): Yanita Oparlakova’s MacBook Pro E4:CE:8F:15:7D:27
01-07 11:42:40.490 I/System.out( 1963): Anastasia Bugaenko’s MacBook 60:33:4B:02:92:D4
01-07 11:42:40.490 I/System.out( 1963): Anastasia Bugaenko’s MacBook 60:33:4B:02:92:D4
01-07 11:42:40.490 I/System.out( 1963): Yanita Oparlakova’s MacBook Pro E4:CE:8F:15:7D:27
01-07 11:42:41.491 I/System.out( 1963): Anastasia Bugaenko’s MacBook 60:33:4B:02:92:D4
01-07 11:42:41.491 I/System.out( 1963): Anastasia Bugaenko’s MacBook 60:33:4B:02:92:D4
01-07 11:42:41.491 I/System.out( 1963): Yanita Oparlakova’s MacBook Pro E4:CE:8F:15:7D:27
01-07 11:42:42.492 I/System.out( 1963): Anastasia Bugaenko’s MacBook 60:33:4B:02:92:D4
01-07 11:42:42.492 I/System.out( 1963): Anastasia Bugaenko’s MacBook 60:33:4B:02:92:D4
01-07 11:42:42.492 I/System.out( 1963): Yanita Oparlakova’s MacBook Pro E4:CE:8F:15:7D:27
01-07 11:42:43.493 I/System.out( 1963): Anastasia Bugaenko’s MacBook 60:33:4B:02:92:D4
01-07 11:42:43.493 I/System.out( 1963): Anastasia Bugaenko’s MacBook 60:33:4B:02:92:D4
01-07 11:42:43.493 I/System.out( 1963): Yanita Oparlakova’s MacBook Pro E4:CE:8F:15:7D:27
01-07 11:42:44.043 I/BluetoothAdapterProperties( 1749): Callback:discoveryStateChangeCallback with state:0
01-07 11:42:44.053 V/BluetoothDiscoveryReceiver( 1679): Received: android.bluetooth.adapter.action.DISCOVERY_FINISHED
01-07 11:42:44.053 W/bt-btif ( 1749): bta_dm_check_av:0
01-07 11:42:44.063 I/BluetoothAdapterProperties( 1749): Callback:discoveryStateChangeCallback with state:1
01-07 11:42:44.093 V/BluetoothDiscoveryReceiver( 1679): Received: android.bluetooth.adapter.action.DISCOVERY_STARTED
01-07 11:42:46.485 I/System.out( 1963): Anastasia Bugaenko’s MacBook 60:33:4B:02:92:D4
01-07 11:42:47.496 I/System.out( 1963): Anastasia Bugaenko’s MacBook 60:33:4B:02:92:D4
01-07 11:42:48.497 I/System.out( 1963): Anastasia Bugaenko’s MacBook 60:33:4B:02:92:D4
01-07 11:42:49.498 I/System.out( 1963): Anastasia Bugaenko’s MacBook 60:33:4B:02:92:D4
01-07 11:42:49.498 I/System.out( 1963): Yanita Oparlakova’s MacBook Pro E4:CE:8F:15:7D:27
01-07 11:42:50.499 I/System.out( 1963): Anastasia Bugaenko’s MacBook 60:33:4B:02:92:D4
01-07 11:42:50.499 I/System.out( 1963): Yanita Oparlakova’s MacBook Pro E4:CE:8F:15:7D:27
01-07 11:42:51.500 I/System.out( 1963): Anastasia Bugaenko’s MacBook 60:33:4B:02:92:D4
01-07 11:42:51.500 I/System.out( 1963): Yanita Oparlakova’s MacBook Pro E4:CE:8F:15:7D:27
01-07 11:42:52.501 I/System.out( 1963): Anastasia Bugaenko’s MacBook 60:33:4B:02:92:D4
01-07 11:42:52.501 I/System.out( 1963): Yanita Oparlakova’s MacBook Pro E4:CE:8F:15:7D:27
01-07 11:42:53.502 I/System.out( 1963): Anastasia Bugaenko’s MacBook 60:33:4B:02:92:D4
01-07 11:42:53.502 I/System.out( 1963): Yanita Oparlakova’s MacBook Pro E4:CE:8F:15:7D:27
01-07 11:42:54.503 I/System.out( 1963): Anastasia Bugaenko’s MacBook 60:33:4B:02:92:D4
01-07 11:42:54.503 I/System.out( 1963): Yanita Oparlakova’s MacBook Pro E4:CE:8F:15:7D:27
01-07 11:42:55.504 I/System.out( 1963): Anastasia Bugaenko’s MacBook 60:33:4B:02:92:D4
01-07 11:42:55.504 I/System.out( 1963): Yanita Oparlakova’s MacBook Pro E4:CE:8F:15:7D:27
01-07 11:42:56.505 I/System.out( 1963): Anastasia Bugaenko’s MacBook 60:33:4B:02:92:D4
01-07 11:42:56.505 I/System.out( 1963): Yanita Oparlakova’s MacBook Pro E4:CE:8F:15:7D:27
01-07 11:42:56.896 I/BluetoothAdapterProperties( 1749): Callback:discoveryStateChangeCallback with state:0
01-07 11:42:56.916 W/bt-btif ( 1749): bta_dm_check_av:0
01-07 11:42:56.916 V/BluetoothDiscoveryReceiver( 1679): Received: android.bluetooth.adapter.action.DISCOVERY_FINISHED
01-07 11:42:56.926 I/BluetoothAdapterProperties( 1749): Callback:discoveryStateChangeCallback with state:1
01-07 11:42:56.966 V/BluetoothDiscoveryReceiver( 1679): Received: android.bluetooth.adapter.action.DISCOVERY_STARTED
01-07 11:42:57.506 I/System.out( 1963): Yanita Oparlakova’s MacBook Pro E4:CE:8F:15:7D:27
01-07 11:42:58.507 I/System.out( 1963): Yanita Oparlakova’s MacBook Pro E4:CE:8F:15:7D:27
01-07 11:42:59.498 I/System.out( 1963): Yanita Oparlakova’s MacBook Pro E4:CE:8F:15:7D:27
01-07 11:42:59.498 I/System.out( 1963): Anastasia Bugaenko’s MacBook 60:33:4B:02:92:D4
01-07 11:43:00.509 I/System.out( 1963): Yanita Oparlakova’s MacBook Pro E4:CE:8F:15:7D:27
01-07 11:43:00.509 I/System.out( 1963): Anastasia Bugaenko’s MacBook 60:33:4B:02:92:D4
01-07 11:43:01.510 I/System.out( 1963): Yanita Oparlakova’s MacBook Pro E4:CE:8F:15:7D:27
01-07 11:43:01.510 I/System.out( 1963): Anastasia Bugaenko’s MacBook 60:33:4B:02:92:D4
01-07 11:43:02.501 I/System.out( 1963): Yanita Oparlakova’s MacBook Pro E4:CE:8F:15:7D:27
01-07 11:43:02.501 I/System.out( 1963): Anastasia Bugaenko’s MacBook 60:33:4B:02:92:D4
01-07 11:43:03.502 I/System.out( 1963): Yanita Oparlakova’s MacBook Pro E4:CE:8F:15:7D:27
01-07 11:43:03.502 I/System.out( 1963): Anastasia Bugaenko’s MacBook 60:33:4B:02:92:D4
01-07 11:43:04.503 I/System.out( 1963): Yanita Oparlakova’s MacBook Pro E4:CE:8F:15:7D:27
01-07 11:43:04.503 I/System.out( 1963): Anastasia Bugaenko’s MacBook 60:33:4B:02:92:D4
01-07 11:43:05.504 I/System.out( 1963): Yanita Oparlakova’s MacBook Pro E4:CE:8F:15:7D:27
01-07 11:43:05.504 I/System.out( 1963): Anastasia Bugaenko’s MacBook 60:33:4B:02:92:D4
01-07 11:43:06.505 I/System.out( 1963): Yanita Oparlakova’s MacBook Pro E4:CE:8F:15:7D:27
01-07 11:43:06.505 I/System.out( 1963): Anastasia Bugaenko’s MacBook 60:33:4B:02:92:D4
01-07 11:43:07.506 I/System.out( 1963): Yanita Oparlakova’s MacBook Pro E4:CE:8F:15:7D:27
01-07 11:43:07.506 I/System.out( 1963): Anastasia Bugaenko’s MacBook 60:33:4B:02:92:D4
01-07 11:43:08.507 I/System.out( 1963): Yanita Oparlakova’s MacBook Pro E4:CE:8F:15:7D:27
01-07 11:43:08.507 I/System.out( 1963): Anastasia Bugaenko’s MacBook 60:33:4B:02:92:D4
01-07 11:43:09.508 I/System.out( 1963): Yanita Oparlakova’s MacBook Pro E4:CE:8F:15:7D:27
01-07 11:43:09.508 I/System.out( 1963): Anastasia Bugaenko’s MacBook 60:33:4B:02:92:D4
01-07 11:43:09.758 I/BluetoothAdapterProperties( 1749): Callback:discoveryStateChangeCallback with state:0
01-07 11:43:09.778 W/bt-btif ( 1749): bta_dm_check_av:0
01-07 11:43:09.778 V/BluetoothDiscoveryReceiver( 1679): Received: android.bluetooth.adapter.action.DISCOVERY_FINISHED
01-07 11:43:09.778 I/BluetoothAdapterProperties( 1749): Callback:discoveryStateChangeCallback with state:1
01-07 11:43:09.798 V/BluetoothDiscoveryReceiver( 1679): Received: android.bluetooth.adapter.action.DISCOVERY_STARTED
01-07 11:43:14.513 I/System.out( 1963): Anastasia Bugaenko’s MacBook 60:33:4B:02:92:D4
01-07 11:43:15.514 I/System.out( 1963): Anastasia Bugaenko’s MacBook 60:33:4B:02:92:D4
01-07 11:43:15.514 I/System.out( 1963): Yanita Oparlakova’s MacBook Pro E4:CE:8F:15:7D:27
01-07 11:43:16.505 I/System.out( 1963): Anastasia Bugaenko’s MacBook 60:33:4B:02:92:D4
01-07 11:43:16.505 I/System.out( 1963): Yanita Oparlakova’s MacBook Pro E4:CE:8F:15:7D:27
01-07 11:43:17.516 I/System.out( 1963): Anastasia Bugaenko’s MacBook 60:33:4B:02:92:D4
01-07 11:43:17.516 I/System.out( 1963): Yanita Oparlakova’s MacBook Pro E4:CE:8F:15:7D:27
01-07 11:43:18.517 I/System.out( 1963): Anastasia Bugaenko’s MacBook 60:33:4B:02:92:D4
01-07 11:43:18.517 I/System.out( 1963): Yanita Oparlakova’s MacBook Pro E4:CE:8F:15:7D:27
01-07 11:43:19.518 I/System.out( 1963): Anastasia Bugaenko’s MacBook 60:33:4B:02:92:D4
01-07 11:43:19.518 I/System.out( 1963): Yanita Oparlakova’s MacBook Pro E4:CE:8F:15:7D:27
01-07 11:43:19.518 I/System.out( 1963): Yanita Oparlakova’s MacBook Pro E4:CE:8F:15:7D:27
01-07 11:43:20.519 I/System.out( 1963): Anastasia Bugaenko’s MacBook 60:33:4B:02:92:D4
01-07 11:43:20.519 I/System.out( 1963): Yanita Oparlakova’s MacBook Pro E4:CE:8F:15:7D:27
01-07 11:43:20.519 I/System.out( 1963): Yanita Oparlakova’s MacBook Pro E4:CE:8F:15:7D:27
01-07 11:43:21.520 I/System.out( 1963): Anastasia Bugaenko’s MacBook 60:33:4B:02:92:D4
01-07 11:43:21.520 I/System.out( 1963): Yanita Oparlakova’s MacBook Pro E4:CE:8F:15:7D:27
01-07 11:43:21.520 I/System.out( 1963): Yanita Oparlakova’s MacBook Pro E4:CE:8F:15:7D:27
01-07 11:43:22.521 I/System.out( 1963): Anastasia Bugaenko’s MacBook 60:33:4B:02:92:D4
01-07 11:43:22.521 I/System.out( 1963): Yanita Oparlakova’s MacBook Pro E4:CE:8F:15:7D:27
01-07 11:43:22.521 I/System.out( 1963): Yanita Oparlakova’s MacBook Pro E4:CE:8F:15:7D:27
01-07 11:43:22.611 I/BluetoothAdapterProperties( 1749): Callback:discoveryStateChangeCallback with state:0
01-07 11:43:22.631 W/bt-btif ( 1749): bta_dm_check_av:0
01-07 11:43:22.641 I/BluetoothAdapterProperties( 1749): Callback:discoveryStateChangeCallback with state:1
01-07 11:43:22.661 V/BluetoothDiscoveryReceiver( 1679): Received: android.bluetooth.adapter.action.DISCOVERY_FINISHED
01-07 11:43:22.681 V/BluetoothDiscoveryReceiver( 1679): Received: android.bluetooth.adapter.action.DISCOVERY_STARTED
01-07 11:43:22.691 D/dalvikvm( 1679): GC_CONCURRENT freed 426K, 7% free 9345K/10008K, paused 14ms+1ms, total 55ms
01-07 11:43:27.526 I/System.out( 1963): Anastasia Bugaenko’s MacBook 60:33:4B:02:92:D4
01-07 11:43:27.526 I/System.out( 1963): Yanita Oparlakova’s MacBook Pro E4:CE:8F:15:7D:27
01-07 11:43:28.526 I/System.out( 1963): Anastasia Bugaenko’s MacBook 60:33:4B:02:92:D4
01-07 11:43:28.526 I/System.out( 1963): Yanita Oparlakova’s MacBook Pro E4:CE:8F:15:7D:27
01-07 11:43:29.527 I/System.out( 1963): Anastasia Bugaenko’s MacBook 60:33:4B:02:92:D4
01-07 11:43:29.527 I/System.out( 1963): Yanita Oparlakova’s MacBook Pro E4:CE:8F:15:7D:27
01-07 11:43:30.528 I/System.out( 1963): Anastasia Bugaenko’s MacBook 60:33:4B:02:92:D4
01-07 11:43:30.528 I/System.out( 1963): Yanita Oparlakova’s MacBook Pro E4:CE:8F:15:7D:27
01-07 11:43:31.529 I/System.out( 1963): Anastasia Bugaenko’s MacBook 60:33:4B:02:92:D4
01-07 11:43:31.529 I/System.out( 1963): Yanita Oparlakova’s MacBook Pro E4:CE:8F:15:7D:27
01-07 11:43:32.530 I/System.out( 1963): Anastasia Bugaenko’s MacBook 60:33:4B:02:92:D4
01-07 11:43:32.530 I/System.out( 1963): Yanita Oparlakova’s MacBook Pro E4:CE:8F:15:7D:27
01-07 11:43:33.531 I/System.out( 1963): Anastasia Bugaenko’s MacBook 60:33:4B:02:92:D4
01-07 11:43:33.531 I/System.out( 1963): Yanita Oparlakova’s MacBook Pro E4:CE:8F:15:7D:27
01-07 11:43:34.542 I/System.out( 1963): Anastasia Bugaenko’s MacBook 60:33:4B:02:92:D4
01-07 11:43:34.542 I/System.out( 1963): Yanita Oparlakova’s MacBook Pro E4:CE:8F:15:7D:27
01-07 11:43:35.463 I/BluetoothAdapterProperties( 1749): Callback:discoveryStateChangeCallback with state:0
01-07 11:43:35.483 W/bt-btif ( 1749): bta_dm_check_av:0
01-07 11:43:35.483 V/BluetoothDiscoveryReceiver( 1679): Received: android.bluetooth.adapter.action.DISCOVERY_FINISHED
01-07 11:43:35.493 I/BluetoothAdapterProperties( 1749): Callback:discoveryStateChangeCallback with state:1
01-07 11:43:35.533 V/BluetoothDiscoveryReceiver( 1679): Received: android.bluetooth.adapter.action.DISCOVERY_STARTED
01-07 11:43:37.535 I/System.out( 1963): Anastasia Bugaenko’s MacBook 60:33:4B:02:92:D4
01-07 11:43:37.535 I/System.out( 1963): Anastasia Bugaenko’s MacBook 60:33:4B:02:92:D4
01-07 11:43:38.536 I/System.out( 1963): Anastasia Bugaenko’s MacBook 60:33:4B:02:92:D4
01-07 11:43:38.536 I/System.out( 1963): Anastasia Bugaenko’s MacBook 60:33:4B:02:92:D4
01-07 11:43:39.537 I/System.out( 1963): Anastasia Bugaenko’s MacBook 60:33:4B:02:92:D4
01-07 11:43:39.537 I/System.out( 1963): Anastasia Bugaenko’s MacBook 60:33:4B:02:92:D4
01-07 11:43:40.548 I/System.out( 1963): Anastasia Bugaenko’s MacBook 60:33:4B:02:92:D4
01-07 11:43:40.548 I/System.out( 1963): Anastasia Bugaenko’s MacBook 60:33:4B:02:92:D4
01-07 11:43:40.548 I/System.out( 1963): Yanita Oparlakova’s MacBook Pro E4:CE:8F:15:7D:27
01-07 11:43:41.549 I/System.out( 1963): Anastasia Bugaenko’s MacBook 60:33:4B:02:92:D4
01-07 11:43:41.549 I/System.out( 1963): Anastasia Bugaenko’s MacBook 60:33:4B:02:92:D4
01-07 11:43:41.549 I/System.out( 1963): Yanita Oparlakova’s MacBook Pro E4:CE:8F:15:7D:27
01-07 11:43:42.550 I/System.out( 1963): Anastasia Bugaenko’s MacBook 60:33:4B:02:92:D4
01-07 11:43:42.550 I/System.out( 1963): Anastasia Bugaenko’s MacBook 60:33:4B:02:92:D4
01-07 11:43:42.550 I/System.out( 1963): Yanita Oparlakova’s MacBook Pro E4:CE:8F:15:7D:27
01-07 11:43:43.551 I/System.out( 1963): Anastasia Bugaenko’s MacBook 60:33:4B:02:92:D4
01-07 11:43:43.551 I/System.out( 1963): Anastasia Bugaenko’s MacBook 60:33:4B:02:92:D4
01-07 11:43:43.551 I/System.out( 1963): Yanita Oparlakova’s MacBook Pro E4:CE:8F:15:7D:27
01-07 11:43:44.552 I/System.out( 1963): Anastasia Bugaenko’s MacBook 60:33:4B:02:92:D4
01-07 11:43:44.552 I/System.out( 1963): Anastasia Bugaenko’s MacBook 60:33:4B:02:92:D4
01-07 11:43:44.552 I/System.out( 1963): Yanita Oparlakova’s MacBook Pro E4:CE:8F:15:7D:27
01-07 11:43:45.553 I/System.out( 1963): Anastasia Bugaenko’s MacBook 60:33:4B:02:92:D4
01-07 11:43:45.553 I/System.out( 1963): Anastasia Bugaenko’s MacBook 60:33:4B:02:92:D4
01-07 11:43:45.553 I/System.out( 1963): Yanita Oparlakova’s MacBook Pro E4:CE:8F:15:7D:27
01-07 11:43:46.554 I/System.out( 1963): Anastasia Bugaenko’s MacBook 60:33:4B:02:92:D4
01-07 11:43:46.554 I/System.out( 1963): Anastasia Bugaenko’s MacBook 60:33:4B:02:92:D4
01-07 11:43:46.554 I/System.out( 1963): Yanita Oparlakova’s MacBook Pro E4:CE:8F:15:7D:27
01-07 11:43:47.545 I/System.out( 1963): Anastasia Bugaenko’s MacBook 60:33:4B:02:92:D4
01-07 11:43:47.545 I/System.out( 1963): Anastasia Bugaenko’s MacBook 60:33:4B:02:92:D4
01-07 11:43:47.545 I/System.out( 1963): Yanita Oparlakova’s MacBook Pro E4:CE:8F:15:7D:27
01-07 11:43:48.326 I/BluetoothAdapterProperties( 1749): Callback:discoveryStateChangeCallback with state:0
01-07 11:43:48.336 W/bt-btif ( 1749): bta_dm_check_av:0
01-07 11:43:48.346 I/BluetoothAdapterProperties( 1749): Callback:discoveryStateChangeCallback with state:1
01-07 11:43:48.356 V/BluetoothDiscoveryReceiver( 1679): Received: android.bluetooth.adapter.action.DISCOVERY_FINISHED
01-07 11:43:48.376 V/BluetoothDiscoveryReceiver( 1679): Received: android.bluetooth.adapter.action.DISCOVERY_STARTED
01-07 11:43:48.556 I/System.out( 1963): Anastasia Bugaenko’s MacBook 60:33:4B:02:92:D4
01-07 11:43:49.557 I/System.out( 1963): Anastasia Bugaenko’s MacBook 60:33:4B:02:92:D4
01-07 11:43:50.558 I/System.out( 1963): Anastasia Bugaenko’s MacBook 60:33:4B:02:92:D4
01-07 11:43:51.549 I/System.out( 1963): Anastasia Bugaenko’s MacBook 60:33:4B:02:92:D4
01-07 11:43:52.560 I/System.out( 1963): Anastasia Bugaenko’s MacBook 60:33:4B:02:92:D4
01-07 11:43:53.551 I/System.out( 1963): Anastasia Bugaenko’s MacBook 60:33:4B:02:92:D4
01-07 11:43:53.561 I/System.out( 1963): Yanita Oparlakova’s MacBook Pro E4:CE:8F:15:7D:27
01-07 11:43:54.552 I/System.out( 1963): Anastasia Bugaenko’s MacBook 60:33:4B:02:92:D4
01-07 11:43:54.562 I/System.out( 1963): Yanita Oparlakova’s MacBook Pro E4:CE:8F:15:7D:27
01-07 11:43:55.553 I/System.out( 1963): Anastasia Bugaenko’s MacBook 60:33:4B:02:92:D4
01-07 11:43:55.553 I/System.out( 1963): Yanita Oparlakova’s MacBook Pro E4:CE:8F:15:7D:27
01-07 11:43:56.554 I/System.out( 1963): Anastasia Bugaenko’s MacBook 60:33:4B:02:92:D4
01-07 11:43:56.554 I/System.out( 1963): Yanita Oparlakova’s MacBook Pro E4:CE:8F:15:7D:27
01-07 11:43:57.555 I/System.out( 1963): Anastasia Bugaenko’s MacBook 60:33:4B:02:92:D4
01-07 11:43:57.555 I/System.out( 1963): Yanita Oparlakova’s MacBook Pro E4:CE:8F:15:7D:27
01-07 11:43:58.556 I/System.out( 1963): Anastasia Bugaenko’s MacBook 60:33:4B:02:92:D4
01-07 11:43:58.556 I/System.out( 1963): Yanita Oparlakova’s MacBook Pro E4:CE:8F:15:7D:27
01-07 11:43:59.557 I/System.out( 1963): Anastasia Bugaenko’s MacBook 60:33:4B:02:92:D4
01-07 11:43:59.557 I/System.out( 1963): Yanita Oparlakova’s MacBook Pro E4:CE:8F:15:7D:27
01-07 11:44:00.558 I/System.out( 1963): Anastasia Bugaenko’s MacBook 60:33:4B:02:92:D4
01-07 11:44:00.558 I/System.out( 1963): Yanita Oparlakova’s MacBook Pro E4:CE:8F:15:7D:27
01-07 11:44:01.178 I/BluetoothAdapterProperties( 1749): Callback:discoveryStateChangeCallback with state:0
01-07 11:44:01.178 W/bt-btif ( 1749): bta_dm_check_av:0
01-07 11:44:01.188 I/BluetoothAdapterProperties( 1749): Callback:discoveryStateChangeCallback with state:1
01-07 11:44:01.198 V/BluetoothDiscoveryReceiver( 1679): Received: android.bluetooth.adapter.action.DISCOVERY_FINISHED
01-07 11:44:01.208 V/BluetoothDiscoveryReceiver( 1679): Received: android.bluetooth.adapter.action.DISCOVERY_STARTED
01-07 11:44:01.559 I/System.out( 1963): Yanita Oparlakova’s MacBook Pro E4:CE:8F:15:7D:27
01-07 11:44:02.560 I/System.out( 1963): Yanita Oparlakova’s MacBook Pro E4:CE:8F:15:7D:27
01-07 11:44:03.561 I/System.out( 1963): Yanita Oparlakova’s MacBook Pro E4:CE:8F:15:7D:27
01-07 11:44:04.562 I/System.out( 1963): Yanita Oparlakova’s MacBook Pro E4:CE:8F:15:7D:27
01-07 11:44:05.563 I/System.out( 1963): Yanita Oparlakova’s MacBook Pro E4:CE:8F:15:7D:27
01-07 11:44:05.563 I/System.out( 1963): Anastasia Bugaenko’s MacBook 60:33:4B:02:92:D4
01-07 11:44:06.554 I/System.out( 1963): Yanita Oparlakova’s MacBook Pro E4:CE:8F:15:7D:27
01-07 11:44:06.554 I/System.out( 1963): Anastasia Bugaenko’s MacBook 60:33:4B:02:92:D4
01-07 11:44:07.565 I/System.out( 1963): Yanita Oparlakova’s MacBook Pro E4:CE:8F:15:7D:27
01-07 11:44:07.565 I/System.out( 1963): Anastasia Bugaenko’s MacBook 60:33:4B:02:92:D4
01-07 11:44:08.556 I/System.out( 1963): Yanita Oparlakova’s MacBook Pro E4:CE:8F:15:7D:27
01-07 11:44:08.556 I/System.out( 1963): Anastasia Bugaenko’s MacBook 60:33:4B:02:92:D4
01-07 11:44:09.557 I/System.out( 1963): Yanita Oparlakova’s MacBook Pro E4:CE:8F:15:7D:27
01-07 11:44:09.557 I/System.out( 1963): Anastasia Bugaenko’s MacBook 60:33:4B:02:92:D4
01-07 11:44:10.558 I/System.out( 1963): Yanita Oparlakova’s MacBook Pro E4:CE:8F:15:7D:27
01-07 11:44:10.568 I/System.out( 1963): Anastasia Bugaenko’s MacBook 60:33:4B:02:92:D4
01-07 11:44:11.568 I/System.out( 1963): Yanita Oparlakova’s MacBook Pro E4:CE:8F:15:7D:27
01-07 11:44:11.568 I/System.out( 1963): Anastasia Bugaenko’s MacBook 60:33:4B:02:92:D4
01-07 11:44:12.569 I/System.out( 1963): Yanita Oparlakova’s MacBook Pro E4:CE:8F:15:7D:27
01-07 11:44:12.569 I/System.out( 1963): Anastasia Bugaenko’s MacBook 60:33:4B:02:92:D4
01-07 11:44:13.570 I/System.out( 1963): Yanita Oparlakova’s MacBook Pro E4:CE:8F:15:7D:27
01-07 11:44:13.570 I/System.out( 1963): Anastasia Bugaenko’s MacBook 60:33:4B:02:92:D4
01-07 11:44:14.011 I/BluetoothAdapterProperties( 1749): Callback:discoveryStateChangeCallback with state:0
01-07 11:44:14.031 W/bt-btif ( 1749): bta_dm_check_av:0
01-07 11:44:14.041 V/BluetoothDiscoveryReceiver( 1679): Received: android.bluetooth.adapter.action.DISCOVERY_FINISHED
01-07 11:44:14.041 I/BluetoothAdapterProperties( 1749): Callback:discoveryStateChangeCallback with state:1
01-07 11:44:14.081 V/BluetoothDiscoveryReceiver( 1679): Received: android.bluetooth.adapter.action.DISCOVERY_STARTED
01-07 11:44:14.111 D/dalvikvm( 1679): GC_CONCURRENT freed 425K, 7% free 9347K/10004K, paused 8ms+5ms, total 57ms
01-07 11:44:14.111 D/dalvikvm( 1679): WAIT_FOR_CONCURRENT_GC blocked 1ms
01-07 11:44:18.575 I/System.out( 1963): Yanita Oparlakova’s MacBook Pro E4:CE:8F:15:7D:27
01-07 11:44:18.595 D/btif_config_util( 1749): btif_config_save_file(L153): in file name:/data/misc/bluedroid/bt_config.new
01-07 11:44:19.576 I/System.out( 1963): Yanita Oparlakova’s MacBook Pro E4:CE:8F:15:7D:27
01-07 11:44:19.576 I/System.out( 1963): Anastasia Bugaenko’s MacBook 60:33:4B:02:92:D4
01-07 11:44:20.577 I/System.out( 1963): Yanita Oparlakova’s MacBook Pro E4:CE:8F:15:7D:27
01-07 11:44:20.577 I/System.out( 1963): Anastasia Bugaenko’s MacBook 60:33:4B:02:92:D4
01-07 11:44:21.578 I/System.out( 1963): Yanita Oparlakova’s MacBook Pro E4:CE:8F:15:7D:27
01-07 11:44:21.578 I/System.out( 1963): Anastasia Bugaenko’s MacBook 60:33:4B:02:92:D4
01-07 11:44:22.579 I/System.out( 1963): Yanita Oparlakova’s MacBook Pro E4:CE:8F:15:7D:27
01-07 11:44:22.579 I/System.out( 1963): Anastasia Bugaenko’s MacBook 60:33:4B:02:92:D4
01-07 11:44:23.580 I/System.out( 1963): Yanita Oparlakova’s MacBook Pro E4:CE:8F:15:7D:27
01-07 11:44:23.580 I/System.out( 1963): Anastasia Bugaenko’s MacBook 60:33:4B:02:92:D4
01-07 11:44:24.581 I/System.out( 1963): Yanita Oparlakova’s MacBook Pro E4:CE:8F:15:7D:27
01-07 11:44:24.581 I/System.out( 1963): Anastasia Bugaenko’s MacBook 60:33:4B:02:92:D4
01-07 11:44:25.582 I/System.out( 1963): Yanita Oparlakova’s MacBook Pro E4:CE:8F:15:7D:27
01-07 11:44:25.582 I/System.out( 1963): Anastasia Bugaenko’s MacBook 60:33:4B:02:92:D4
01-07 11:44:26.583 I/System.out( 1963): Yanita Oparlakova’s MacBook Pro E4:CE:8F:15:7D:27
01-07 11:44:26.583 I/System.out( 1963): Anastasia Bugaenko’s MacBook 60:33:4B:02:92:D4
01-07 11:44:26.863 I/BluetoothAdapterProperties( 1749): Callback:discoveryStateChangeCallback with state:0
01-07 11:44:26.873 W/bt-btif ( 1749): bta_dm_check_av:0
01-07 11:44:26.883 I/BluetoothAdapterProperties( 1749): Callback:discoveryStateChangeCallback with state:1
01-07 11:44:26.903 V/BluetoothDiscoveryReceiver( 1679): Received: android.bluetooth.adapter.action.DISCOVERY_FINISHED
01-07 11:44:26.933 V/BluetoothDiscoveryReceiver( 1679): Received: android.bluetooth.adapter.action.DISCOVERY_STARTED
01-07 11:44:27.044 D/dalvikvm( 1749): GC_CONCURRENT freed 415K, 5% free 9016K/9468K, paused 2ms+3ms, total 24ms
01-07 11:44:27.584 I/System.out( 1963): Anastasia Bugaenko’s MacBook 60:33:4B:02:92:D4
01-07 11:44:28.585 I/System.out( 1963): Anastasia Bugaenko’s MacBook 60:33:4B:02:92:D4
01-07 11:44:29.586 I/System.out( 1963): Anastasia Bugaenko’s MacBook 60:33:4B:02:92:D4
01-07 11:44:30.587 I/System.out( 1963): Anastasia Bugaenko’s MacBook 60:33:4B:02:92:D4
01-07 11:44:31.588 I/System.out( 1963): Anastasia Bugaenko’s MacBook 60:33:4B:02:92:D4
01-07 11:44:31.588 I/System.out( 1963): Yanita Oparlakova’s MacBook Pro E4:CE:8F:15:7D:27
01-07 11:44:32.589 I/System.out( 1963): Anastasia Bugaenko’s MacBook 60:33:4B:02:92:D4
01-07 11:44:32.589 I/System.out( 1963): Yanita Oparlakova’s MacBook Pro E4:CE:8F:15:7D:27
01-07 11:44:33.590 I/System.out( 1963): Anastasia Bugaenko’s MacBook 60:33:4B:02:92:D4
01-07 11:44:33.590 I/System.out( 1963): Yanita Oparlakova’s MacBook Pro E4:CE:8F:15:7D:27
01-07 11:44:34.591 I/System.out( 1963): Anastasia Bugaenko’s MacBook 60:33:4B:02:92:D4
01-07 11:44:34.591 I/System.out( 1963): Yanita Oparlakova’s MacBook Pro E4:CE:8F:15:7D:27
01-07 11:44:35.592 I/System.out( 1963): Anastasia Bugaenko’s MacBook 60:33:4B:02:92:D4
01-07 11:44:35.592 I/System.out( 1963): Yanita Oparlakova’s MacBook Pro E4:CE:8F:15:7D:27
01-07 11:44:36.593 I/System.out( 1963): Anastasia Bugaenko’s MacBook 60:33:4B:02:92:D4
01-07 11:44:36.593 I/System.out( 1963): Yanita Oparlakova’s MacBook Pro E4:CE:8F:15:7D:27
01-07 11:44:37.584 I/System.out( 1963): Anastasia Bugaenko’s MacBook 60:33:4B:02:92:D4
01-07 11:44:37.584 I/System.out( 1963): Yanita Oparlakova’s MacBook Pro E4:CE:8F:15:7D:27
01-07 11:44:38.585 I/System.out( 1963): Anastasia Bugaenko’s MacBook 60:33:4B:02:92:D4
01-07 11:44:38.585 I/System.out( 1963): Yanita Oparlakova’s MacBook Pro E4:CE:8F:15:7D:27
01-07 11:44:39.586 I/System.out( 1963): Anastasia Bugaenko’s MacBook 60:33:4B:02:92:D4
01-07 11:44:39.586 I/System.out( 1963): Yanita Oparlakova’s MacBook Pro E4:CE:8F:15:7D:27
01-07 11:44:39.716 I/BluetoothAdapterProperties( 1749): Callback:discoveryStateChangeCallback with state:0
01-07 11:44:39.726 W/bt-btif ( 1749): bta_dm_check_av:0
01-07 11:44:39.736 V/BluetoothDiscoveryReceiver( 1679): Received: android.bluetooth.adapter.action.DISCOVERY_FINISHED
01-07 11:44:39.746 I/BluetoothAdapterProperties( 1749): Callback:discoveryStateChangeCallback with state:1
01-07 11:44:39.756 V/BluetoothDiscoveryReceiver( 1679): Received: android.bluetooth.adapter.action.DISCOVERY_STARTED
01-07 11:44:44.591 I/System.out( 1963): Yanita Oparlakova’s MacBook Pro E4:CE:8F:15:7D:27
01-07 11:44:44.591 I/System.out( 1963): Anastasia Bugaenko’s MacBook 60:33:4B:02:92:D4
01-07 11:44:45.592 I/System.out( 1963): Yanita Oparlakova’s MacBook Pro E4:CE:8F:15:7D:27
01-07 11:44:45.592 I/System.out( 1963): Anastasia Bugaenko’s MacBook 60:33:4B:02:92:D4
01-07 11:44:46.593 I/System.out( 1963): Yanita Oparlakova’s MacBook Pro E4:CE:8F:15:7D:27
01-07 11:44:46.593 I/System.out( 1963): Anastasia Bugaenko’s MacBook 60:33:4B:02:92:D4
01-07 11:44:47.594 I/System.out( 1963): Yanita Oparlakova’s MacBook Pro E4:CE:8F:15:7D:27
01-07 11:44:47.594 I/System.out( 1963): Anastasia Bugaenko’s MacBook 60:33:4B:02:92:D4
01-07 11:44:48.585 I/System.out( 1963): Yanita Oparlakova’s MacBook Pro E4:CE:8F:15:7D:27
01-07 11:44:48.585 I/System.out( 1963): Anastasia Bugaenko’s MacBook 60:33:4B:02:92:D4
01-07 11:44:49.586 I/System.out( 1963): Yanita Oparlakova’s MacBook Pro E4:CE:8F:15:7D:27
01-07 11:44:49.586 I/System.out( 1963): Anastasia Bugaenko’s MacBook 60:33:4B:02:92:D4
01-07 11:44:49.646 D/dalvikvm( 1963): GC_CONCURRENT freed 390K, 5% free 9027K/9456K, paused 6ms+4ms, total 52ms
01-07 11:44:50.597 I/System.out( 1963): Yanita Oparlakova’s MacBook Pro E4:CE:8F:15:7D:27
01-07 11:44:50.597 I/System.out( 1963): Anastasia Bugaenko’s MacBook 60:33:4B:02:92:D4
01-07 11:44:51.598 I/System.out( 1963): Yanita Oparlakova’s MacBook Pro E4:CE:8F:15:7D:27
01-07 11:44:51.598 I/System.out( 1963): Anastasia Bugaenko’s MacBook 60:33:4B:02:92:D4
01-07 11:44:52.568 I/BluetoothAdapterProperties( 1749): Callback:discoveryStateChangeCallback with state:0
01-07 11:44:52.589 W/bt-btif ( 1749): bta_dm_check_av:0
01-07 11:44:52.599 I/BluetoothAdapterProperties( 1749): Callback:discoveryStateChangeCallback with state:1
01-07 11:44:52.609 V/BluetoothDiscoveryReceiver( 1679): Received: android.bluetooth.adapter.action.DISCOVERY_FINISHED
01-07 11:44:52.639 V/BluetoothDiscoveryReceiver( 1679): Received: android.bluetooth.adapter.action.DISCOVERY_STARTED
01-07 11:44:57.603 I/System.out( 1963): Anastasia Bugaenko’s MacBook 60:33:4B:02:92:D4
01-07 11:44:58.604 I/System.out( 1963): Anastasia Bugaenko’s MacBook 60:33:4B:02:92:D4
01-07 11:44:59.605 I/System.out( 1963): Anastasia Bugaenko’s MacBook 60:33:4B:02:92:D4
01-07 11:45:00.606 I/System.out( 1963): Anastasia Bugaenko’s MacBook 60:33:4B:02:92:D4
01-07 11:45:01.607 I/System.out( 1963): Anastasia Bugaenko’s MacBook 60:33:4B:02:92:D4
01-07 11:45:02.608 I/System.out( 1963): Anastasia Bugaenko’s MacBook 60:33:4B:02:92:D4
01-07 11:45:02.608 I/System.out( 1963): Yanita Oparlakova’s MacBook Pro E4:CE:8F:15:7D:27
01-07 11:45:03.609 I/System.out( 1963): Anastasia Bugaenko’s MacBook 60:33:4B:02:92:D4
01-07 11:45:03.609 I/System.out( 1963): Yanita Oparlakova’s MacBook Pro E4:CE:8F:15:7D:27
01-07 11:45:04.620 I/System.out( 1963): Anastasia Bugaenko’s MacBook 60:33:4B:02:92:D4
01-07 11:45:04.620 I/System.out( 1963): Yanita Oparlakova’s MacBook Pro E4:CE:8F:15:7D:27
01-07 11:45:05.421 I/BluetoothAdapterProperties( 1749): Callback:discoveryStateChangeCallback with state:0
01-07 11:45:05.451 W/bt-btif ( 1749): bta_dm_check_av:0
01-07 11:45:05.451 V/BluetoothDiscoveryReceiver( 1679): Received: android.bluetooth.adapter.action.DISCOVERY_FINISHED
01-07 11:45:05.451 I/BluetoothAdapterProperties( 1749): Callback:discoveryStateChangeCallback with state:1
01-07 11:45:05.501 V/BluetoothDiscoveryReceiver( 1679): Received: android.bluetooth.adapter.action.DISCOVERY_STARTED
01-07 11:45:05.501 D/dalvikvm( 1679): GC_CONCURRENT freed 394K, 7% free 9363K/9996K, paused 5ms+2ms, total 40ms
01-07 11:45:05.501 D/dalvikvm( 1679): WAIT_FOR_CONCURRENT_GC blocked 6ms
01-07 11:45:05.611 I/System.out( 1963): Yanita Oparlakova’s MacBook Pro E4:CE:8F:15:7D:27
01-07 11:45:06.612 I/System.out( 1963): Yanita Oparlakova’s MacBook Pro E4:CE:8F:15:7D:27
01-07 11:45:07.623 I/System.out( 1963): Yanita Oparlakova’s MacBook Pro E4:CE:8F:15:7D:27
01-07 11:45:08.624 I/System.out( 1963): Yanita Oparlakova’s MacBook Pro E4:CE:8F:15:7D:27
01-07 11:45:09.615 I/System.out( 1963): Yanita Oparlakova’s MacBook Pro E4:CE:8F:15:7D:27
01-07 11:45:10.626 I/System.out( 1963): Yanita Oparlakova’s MacBook Pro E4:CE:8F:15:7D:27
01-07 11:45:11.627 I/System.out( 1963): Yanita Oparlakova’s MacBook Pro E4:CE:8F:15:7D:27
01-07 11:45:12.628 I/System.out( 1963): Yanita Oparlakova’s MacBook Pro E4:CE:8F:15:7D:27
01-07 11:45:13.629 I/System.out( 1963): Yanita Oparlakova’s MacBook Pro E4:CE:8F:15:7D:27
01-07 11:45:14.630 I/System.out( 1963): Yanita Oparlakova’s MacBook Pro E4:CE:8F:15:7D:27
01-07 11:45:15.631 I/System.out( 1963): Yanita Oparlakova’s MacBook Pro E4:CE:8F:15:7D:27
01-07 11:45:15.631 I/System.out( 1963): Anastasia Bugaenko’s MacBook 60:33:4B:02:92:D4
01-07 11:45:16.632 I/System.out( 1963): Yanita Oparlakova’s MacBook Pro E4:CE:8F:15:7D:27
01-07 11:45:16.632 I/System.out( 1963): Anastasia Bugaenko’s MacBook 60:33:4B:02:92:D4
01-07 11:45:17.633 I/System.out( 1963): Yanita Oparlakova’s MacBook Pro E4:CE:8F:15:7D:27
01-07 11:45:17.633 I/System.out( 1963): Anastasia Bugaenko’s MacBook 60:33:4B:02:92:D4
01-07 11:45:18.574 I/BluetoothAdapterProperties( 1749): Callback:discoveryStateChangeCallback with state:0
01-07 11:45:18.594 W/bt-btif ( 1749): bta_dm_check_av:0
01-07 11:45:18.604 I/BluetoothAdapterProperties( 1749): Callback:discoveryStateChangeCallback with state:1
01-07 11:45:18.624 V/BluetoothDiscoveryReceiver( 1679): Received: android.bluetooth.adapter.action.DISCOVERY_FINISHED
01-07 11:45:18.654 V/BluetoothDiscoveryReceiver( 1679): Received: android.bluetooth.adapter.action.DISCOVERY_STARTED
01-07 11:45:20.636 I/System.out( 1963): Yanita Oparlakova’s MacBook Pro E4:CE:8F:15:7D:27
01-07 11:45:21.627 I/System.out( 1963): Yanita Oparlakova’s MacBook Pro E4:CE:8F:15:7D:27
01-07 11:45:22.628 I/System.out( 1963): Yanita Oparlakova’s MacBook Pro E4:CE:8F:15:7D:27
01-07 11:45:23.639 I/System.out( 1963): Yanita Oparlakova’s MacBook Pro E4:CE:8F:15:7D:27
01-07 11:45:24.640 I/System.out( 1963): Yanita Oparlakova’s MacBook Pro E4:CE:8F:15:7D:27
01-07 11:45:24.640 I/System.out( 1963): Anastasia Bugaenko’s MacBook 60:33:4B:02:92:D4
01-07 11:45:25.641 I/System.out( 1963): Yanita Oparlakova’s MacBook Pro E4:CE:8F:15:7D:27
01-07 11:45:25.641 I/System.out( 1963): Anastasia Bugaenko’s MacBook 60:33:4B:02:92:D4
01-07 11:45:26.642 I/System.out( 1963): Yanita Oparlakova’s MacBook Pro E4:CE:8F:15:7D:27
01-07 11:45:26.642 I/System.out( 1963): Anastasia Bugaenko’s MacBook 60:33:4B:02:92:D4
01-07 11:45:27.643 I/System.out( 1963): Yanita Oparlakova’s MacBook Pro E4:CE:8F:15:7D:27
01-07 11:45:27.643 I/System.out( 1963): Anastasia Bugaenko’s MacBook 60:33:4B:02:92:D4
01-07 11:45:28.644 I/System.out( 1963): Yanita Oparlakova’s MacBook Pro E4:CE:8F:15:7D:27
01-07 11:45:28.644 I/System.out( 1963): Anastasia Bugaenko’s MacBook 60:33:4B:02:92:D4
01-07 11:45:29.645 I/System.out( 1963): Yanita Oparlakova’s MacBook Pro E4:CE:8F:15:7D:27
01-07 11:45:29.645 I/System.out( 1963): Anastasia Bugaenko’s MacBook 60:33:4B:02:92:D4
01-07 11:45:30.646 I/System.out( 1963): Yanita Oparlakova’s MacBook Pro E4:CE:8F:15:7D:27
01-07 11:45:30.646 I/System.out( 1963): Anastasia Bugaenko’s MacBook 60:33:4B:02:92:D4
01-07 11:45:31.436 I/BluetoothAdapterProperties( 1749): Callback:discoveryStateChangeCallback with state:0
01-07 11:45:31.456 W/bt-btif ( 1749): bta_dm_check_av:0
01-07 11:45:31.466 I/BluetoothAdapterProperties( 1749): Callback:discoveryStateChangeCallback with state:1
01-07 11:45:31.476 V/BluetoothDiscoveryReceiver( 1679): Received: android.bluetooth.adapter.action.DISCOVERY_FINISHED
01-07 11:45:31.506 V/BluetoothDiscoveryReceiver( 1679): Received: android.bluetooth.adapter.action.DISCOVERY_STARTED
01-07 11:45:32.648 I/System.out( 1963): Anastasia Bugaenko’s MacBook 60:33:4B:02:92:D4
01-07 11:45:33.639 I/System.out( 1963): Anastasia Bugaenko’s MacBook 60:33:4B:02:92:D4
01-07 11:45:34.640 I/System.out( 1963): Anastasia Bugaenko’s MacBook 60:33:4B:02:92:D4
01-07 11:45:35.641 I/System.out( 1963): Anastasia Bugaenko’s MacBook 60:33:4B:02:92:D4
01-07 11:45:35.641 I/System.out( 1963): Yanita Oparlakova’s MacBook Pro E4:CE:8F:15:7D:27
01-07 11:45:36.641 I/System.out( 1963): Anastasia Bugaenko’s MacBook 60:33:4B:02:92:D4
01-07 11:45:36.641 I/System.out( 1963): Yanita Oparlakova’s MacBook Pro E4:CE:8F:15:7D:27
01-07 11:45:37.642 I/System.out( 1963): Anastasia Bugaenko’s MacBook 60:33:4B:02:92:D4
01-07 11:45:37.642 I/System.out( 1963): Yanita Oparlakova’s MacBook Pro E4:CE:8F:15:7D:27
01-07 11:45:38.643 I/System.out( 1963): Anastasia Bugaenko’s MacBook 60:33:4B:02:92:D4
01-07 11:45:38.643 I/System.out( 1963): Yanita Oparlakova’s MacBook Pro E4:CE:8F:15:7D:27
01-07 11:45:39.644 I/System.out( 1963): Anastasia Bugaenko’s MacBook 60:33:4B:02:92:D4
01-07 11:45:39.644 I/System.out( 1963): Yanita Oparlakova’s MacBook Pro E4:CE:8F:15:7D:27
01-07 11:45:40.645 I/System.out( 1963): Anastasia Bugaenko’s MacBook 60:33:4B:02:92:D4
01-07 11:45:40.645 I/System.out( 1963): Yanita Oparlakova’s MacBook Pro E4:CE:8F:15:7D:27
01-07 11:45:41.646 I/System.out( 1963): Anastasia Bugaenko’s MacBook 60:33:4B:02:92:D4
01-07 11:45:41.646 I/System.out( 1963): Yanita Oparlakova’s MacBook Pro E4:CE:8F:15:7D:27
01-07 11:45:42.647 I/System.out( 1963): Anastasia Bugaenko’s MacBook 60:33:4B:02:92:D4
01-07 11:45:42.647 I/System.out( 1963): Yanita Oparlakova’s MacBook Pro E4:CE:8F:15:7D:27
01-07 11:45:43.648 I/System.out( 1963): Anastasia Bugaenko’s MacBook 60:33:4B:02:92:D4
01-07 11:45:43.648 I/System.out( 1963): Yanita Oparlakova’s MacBook Pro E4:CE:8F:15:7D:27
01-07 11:45:44.289 I/BluetoothAdapterProperties( 1749): Callback:discoveryStateChangeCallback with state:0
01-07 11:45:44.309 W/bt-btif ( 1749): bta_dm_check_av:0
01-07 11:45:44.319 I/BluetoothAdapterProperties( 1749): Callback:discoveryStateChangeCallback with state:1
01-07 11:45:44.329 V/BluetoothDiscoveryReceiver( 1679): Received: android.bluetooth.adapter.action.DISCOVERY_FINISHED
01-07 11:45:44.359 V/BluetoothDiscoveryReceiver( 1679): Received: android.bluetooth.adapter.action.DISCOVERY_STARTED
01-07 11:45:44.379 D/dalvikvm( 1679): GC_FOR_ALLOC freed 408K, 7% free 9336K/9992K, paused 15ms, total 15ms
01-07 11:45:48.653 I/System.out( 1963): Anastasia Bugaenko’s MacBook 60:33:4B:02:92:D4
01-07 11:45:48.653 I/System.out( 1963): Yanita Oparlakova’s MacBook Pro E4:CE:8F:15:7D:27
01-07 11:45:49.654 I/System.out( 1963): Anastasia Bugaenko’s MacBook 60:33:4B:02:92:D4
01-07 11:45:49.654 I/System.out( 1963): Yanita Oparlakova’s MacBook Pro E4:CE:8F:15:7D:27
01-07 11:45:50.655 I/System.out( 1963): Anastasia Bugaenko’s MacBook 60:33:4B:02:92:D4
01-07 11:45:50.655 I/System.out( 1963): Yanita Oparlakova’s MacBook Pro E4:CE:8F:15:7D:27
01-07 11:45:51.656 I/System.out( 1963): Anastasia Bugaenko’s MacBook 60:33:4B:02:92:D4
01-07 11:45:51.656 I/System.out( 1963): Yanita Oparlakova’s MacBook Pro E4:CE:8F:15:7D:27
01-07 11:45:52.667 I/System.out( 1963): Anastasia Bugaenko’s MacBook 60:33:4B:02:92:D4
01-07 11:45:52.667 I/System.out( 1963): Yanita Oparlakova’s MacBook Pro E4:CE:8F:15:7D:27
01-07 11:45:53.658 I/System.out( 1963): Anastasia Bugaenko’s MacBook 60:33:4B:02:92:D4
01-07 11:45:53.658 I/System.out( 1963): Yanita Oparlakova’s MacBook Pro E4:CE:8F:15:7D:27
01-07 11:45:54.669 I/System.out( 1963): Anastasia Bugaenko’s MacBook 60:33:4B:02:92:D4
01-07 11:45:54.669 I/System.out( 1963): Yanita Oparlakova’s MacBook Pro E4:CE:8F:15:7D:27
01-07 11:45:55.670 I/System.out( 1963): Anastasia Bugaenko’s MacBook 60:33:4B:02:92:D4
01-07 11:45:55.670 I/System.out( 1963): Yanita Oparlakova’s MacBook Pro E4:CE:8F:15:7D:27
01-07 11:45:56.671 I/System.out( 1963): Anastasia Bugaenko’s MacBook 60:33:4B:02:92:D4
01-07 11:45:56.671 I/System.out( 1963): Yanita Oparlakova’s MacBook Pro E4:CE:8F:15:7D:27
01-07 11:45:57.151 I/BluetoothAdapterProperties( 1749): Callback:discoveryStateChangeCallback with state:0
01-07 11:45:57.172 W/bt-btif ( 1749): bta_dm_check_av:0
01-07 11:45:57.182 V/BluetoothDiscoveryReceiver( 1679): Received: android.bluetooth.adapter.action.DISCOVERY_FINISHED
01-07 11:45:57.182 I/BluetoothAdapterProperties( 1749): Callback:discoveryStateChangeCallback with state:1
01-07 11:45:57.222 V/BluetoothDiscoveryReceiver( 1679): Received: android.bluetooth.adapter.action.DISCOVERY_STARTED
01-07 11:45:57.672 I/System.out( 1963): Yanita Oparlakova’s MacBook Pro E4:CE:8F:15:7D:27
01-07 11:45:58.673 I/System.out( 1963): Yanita Oparlakova’s MacBook Pro E4:CE:8F:15:7D:27
01-07 11:45:58.673 I/System.out( 1963): Anastasia Bugaenko’s MacBook 60:33:4B:02:92:D4
01-07 11:45:59.674 I/System.out( 1963): Yanita Oparlakova’s MacBook Pro E4:CE:8F:15:7D:27
01-07 11:45:59.674 I/System.out( 1963): Anastasia Bugaenko’s MacBook 60:33:4B:02:92:D4
01-07 11:46:00.675 I/System.out( 1963): Yanita Oparlakova’s MacBook Pro E4:CE:8F:15:7D:27
01-07 11:46:00.675 I/System.out( 1963): Anastasia Bugaenko’s MacBook 60:33:4B:02:92:D4
01-07 11:46:01.676 I/System.out( 1963): Yanita Oparlakova’s MacBook Pro E4:CE:8F:15:7D:27
01-07 11:46:01.676 I/System.out( 1963): Anastasia Bugaenko’s MacBook 60:33:4B:02:92:D4
01-07 11:46:02.677 I/System.out( 1963): Yanita Oparlakova’s MacBook Pro E4:CE:8F:15:7D:27
01-07 11:46:02.677 I/System.out( 1963): Anastasia Bugaenko’s MacBook 60:33:4B:02:92:D4
01-07 11:46:03.678 I/System.out( 1963): Yanita Oparlakova’s MacBook Pro E4:CE:8F:15:7D:27
01-07 11:46:03.678 I/System.out( 1963): Anastasia Bugaenko’s MacBook 60:33:4B:02:92:D4
01-07 11:46:04.679 I/System.out( 1963): Yanita Oparlakova’s MacBook Pro E4:CE:8F:15:7D:27
01-07 11:46:04.679 I/System.out( 1963): Anastasia Bugaenko’s MacBook 60:33:4B:02:92:D4
01-07 11:46:05.680 I/System.out( 1963): Yanita Oparlakova’s MacBook Pro E4:CE:8F:15:7D:27
01-07 11:46:05.680 I/System.out( 1963): Anastasia Bugaenko’s MacBook 60:33:4B:02:92:D4
01-07 11:46:06.681 I/System.out( 1963): Yanita Oparlakova’s MacBook Pro E4:CE:8F:15:7D:27
01-07 11:46:06.681 I/System.out( 1963): Anastasia Bugaenko’s MacBook 60:33:4B:02:92:D4
01-07 11:46:07.682 I/System.out( 1963): Yanita Oparlakova’s MacBook Pro E4:CE:8F:15:7D:27
01-07 11:46:07.682 I/System.out( 1963): Anastasia Bugaenko’s MacBook 60:33:4B:02:92:D4
01-07 11:46:08.683 I/System.out( 1963): Yanita Oparlakova’s MacBook Pro E4:CE:8F:15:7D:27
01-07 11:46:08.683 I/System.out( 1963): Anastasia Bugaenko’s MacBook 60:33:4B:02:92:D4
01-07 11:46:09.684 I/System.out( 1963): Yanita Oparlakova’s MacBook Pro E4:CE:8F:15:7D:27
01-07 11:46:09.684 I/System.out( 1963): Anastasia Bugaenko’s MacBook 60:33:4B:02:92:D4
01-07 11:46:10.004 I/BluetoothAdapterProperties( 1749): Callback:discoveryStateChangeCallback with state:0
01-07 11:46:10.024 W/bt-btif ( 1749): bta_dm_check_av:0
01-07 11:46:10.024 V/BluetoothDiscoveryReceiver( 1679): Received: android.bluetooth.adapter.action.DISCOVERY_FINISHED
01-07 11:46:10.034 I/BluetoothAdapterProperties( 1749): Callback:discoveryStateChangeCallback with state:1
01-07 11:46:10.044 V/BluetoothDiscoveryReceiver( 1679): Received: android.bluetooth.adapter.action.DISCOVERY_STARTED
01-07 11:46:11.686 I/System.out( 1963): Anastasia Bugaenko’s MacBook 60:33:4B:02:92:D4
01-07 11:46:12.687 I/System.out( 1963): Anastasia Bugaenko’s MacBook 60:33:4B:02:92:D4
01-07 11:46:13.688 I/System.out( 1963): Anastasia Bugaenko’s MacBook 60:33:4B:02:92:D4
01-07 11:46:14.699 I/System.out( 1963): Anastasia Bugaenko’s MacBook 60:33:4B:02:92:D4
01-07 11:46:14.699 I/System.out( 1963): Yanita Oparlakova’s MacBook Pro E4:CE:8F:15:7D:27
01-07 11:46:15.700 I/System.out( 1963): Anastasia Bugaenko’s MacBook 60:33:4B:02:92:D4
01-07 11:46:15.700 I/System.out( 1963): Yanita Oparlakova’s MacBook Pro E4:CE:8F:15:7D:27
01-07 11:46:16.701 I/System.out( 1963): Anastasia Bugaenko’s MacBook 60:33:4B:02:92:D4
01-07 11:46:16.701 I/System.out( 1963): Yanita Oparlakova’s MacBook Pro E4:CE:8F:15:7D:27
01-07 11:46:17.702 I/System.out( 1963): Anastasia Bugaenko’s MacBook 60:33:4B:02:92:D4
01-07 11:46:17.702 I/System.out( 1963): Yanita Oparlakova’s MacBook Pro E4:CE:8F:15:7D:27
01-07 11:46:18.703 I/System.out( 1963): Anastasia Bugaenko’s MacBook 60:33:4B:02:92:D4
01-07 11:46:18.703 I/System.out( 1963): Yanita Oparlakova’s MacBook Pro E4:CE:8F:15:7D:27
01-07 11:46:19.703 I/System.out( 1963): Anastasia Bugaenko’s MacBook 60:33:4B:02:92:D4
01-07 11:46:19.703 I/System.out( 1963): Yanita Oparlakova’s MacBook Pro E4:CE:8F:15:7D:27
01-07 11:46:20.704 I/System.out( 1963): Anastasia Bugaenko’s MacBook 60:33:4B:02:92:D4
01-07 11:46:20.704 I/System.out( 1963): Yanita Oparlakova’s MacBook Pro E4:CE:8F:15:7D:27
01-07 11:46:21.695 I/System.out( 1963): Anastasia Bugaenko’s MacBook 60:33:4B:02:92:D4
01-07 11:46:21.695 I/System.out( 1963): Yanita Oparlakova’s MacBook Pro E4:CE:8F:15:7D:27
01-07 11:46:22.696 I/System.out( 1963): Anastasia Bugaenko’s MacBook 60:33:4B:02:92:D4
01-07 11:46:22.696 I/System.out( 1963): Yanita Oparlakova’s MacBook Pro E4:CE:8F:15:7D:27
01-07 11:46:22.867 I/BluetoothAdapterProperties( 1749): Callback:discoveryStateChangeCallback with state:0
01-07 11:46:22.877 V/BluetoothDiscoveryReceiver( 1679): Received: android.bluetooth.adapter.action.DISCOVERY_FINISHED
01-07 11:46:22.877 W/bt-btif ( 1749): bta_dm_check_av:0
01-07 11:46:22.897 I/BluetoothAdapterProperties( 1749): Callback:discoveryStateChangeCallback with state:1
01-07 11:46:22.917 V/BluetoothDiscoveryReceiver( 1679): Received: android.bluetooth.adapter.action.DISCOVERY_STARTED
01-07 11:46:22.957 D/dalvikvm( 1679): GC_CONCURRENT freed 383K, 7% free 9342K/9992K, paused 2ms+1ms, total 18ms
01-07 11:46:26.710 I/System.out( 1963): Anastasia Bugaenko’s MacBook 60:33:4B:02:92:D4
01-07 11:46:27.711 I/System.out( 1963): Anastasia Bugaenko’s MacBook 60:33:4B:02:92:D4
01-07 11:46:27.711 I/System.out( 1963): Yanita Oparlakova’s MacBook Pro E4:CE:8F:15:7D:27
01-07 11:46:28.712 I/System.out( 1963): Anastasia Bugaenko’s MacBook 60:33:4B:02:92:D4
01-07 11:46:28.712 I/System.out( 1963): Yanita Oparlakova’s MacBook Pro E4:CE:8F:15:7D:27
01-07 11:46:29.713 I/System.out( 1963): Anastasia Bugaenko’s MacBook 60:33:4B:02:92:D4
01-07 11:46:29.713 I/System.out( 1963): Yanita Oparlakova’s MacBook Pro E4:CE:8F:15:7D:27
01-07 11:46:30.714 I/System.out( 1963): Anastasia Bugaenko’s MacBook 60:33:4B:02:92:D4
01-07 11:46:30.714 I/System.out( 1963): Yanita Oparlakova’s MacBook Pro E4:CE:8F:15:7D:27
01-07 11:46:31.705 I/System.out( 1963): Anastasia Bugaenko’s MacBook 60:33:4B:02:92:D4
01-07 11:46:31.705 I/System.out( 1963): Yanita Oparlakova’s MacBook Pro E4:CE:8F:15:7D:27
01-07 11:46:32.706 I/System.out( 1963): Anastasia Bugaenko’s MacBook 60:33:4B:02:92:D4
01-07 11:46:32.706 I/System.out( 1963): Yanita Oparlakova’s MacBook Pro E4:CE:8F:15:7D:27
01-07 11:46:33.707 I/System.out( 1963): Anastasia Bugaenko’s MacBook 60:33:4B:02:92:D4
01-07 11:46:33.707 I/System.out( 1963): Yanita Oparlakova’s MacBook Pro E4:CE:8F:15:7D:27
01-07 11:46:34.718 I/System.out( 1963): Anastasia Bugaenko’s MacBook 60:33:4B:02:92:D4
01-07 11:46:34.718 I/System.out( 1963): Yanita Oparlakova’s MacBook Pro E4:CE:8F:15:7D:27
01-07 11:46:35.709 I/System.out( 1963): Anastasia Bugaenko’s MacBook 60:33:4B:02:92:D4
01-07 11:46:35.709 I/System.out( 1963): Yanita Oparlakova’s MacBook Pro E4:CE:8F:15:7D:27
01-07 11:46:35.719 I/BluetoothAdapterProperties( 1749): Callback:discoveryStateChangeCallback with state:0
01-07 11:46:35.739 W/bt-btif ( 1749): bta_dm_check_av:0
01-07 11:46:35.739 I/BluetoothAdapterProperties( 1749): Callback:discoveryStateChangeCallback with state:1
01-07 11:46:35.759 V/BluetoothDiscoveryReceiver( 1679): Received: android.bluetooth.adapter.action.DISCOVERY_FINISHED
01-07 11:46:35.799 V/BluetoothDiscoveryReceiver( 1679): Received: android.bluetooth.adapter.action.DISCOVERY_STARTED
01-07 11:46:36.710 I/System.out( 1963): Yanita Oparlakova’s MacBook Pro E4:CE:8F:15:7D:27
01-07 11:46:36.710 I/System.out( 1963): Anastasia Bugaenko’s MacBook 60:33:4B:02:92:D4
01-07 11:46:37.711 I/System.out( 1963): Yanita Oparlakova’s MacBook Pro E4:CE:8F:15:7D:27
01-07 11:46:37.711 I/System.out( 1963): Anastasia Bugaenko’s MacBook 60:33:4B:02:92:D4
01-07 11:46:38.722 I/System.out( 1963): Yanita Oparlakova’s MacBook Pro E4:CE:8F:15:7D:27
01-07 11:46:38.722 I/System.out( 1963): Anastasia Bugaenko’s MacBook 60:33:4B:02:92:D4
01-07 11:46:39.723 I/System.out( 1963): Yanita Oparlakova’s MacBook Pro E4:CE:8F:15:7D:27
01-07 11:46:39.723 I/System.out( 1963): Anastasia Bugaenko’s MacBook 60:33:4B:02:92:D4
01-07 11:46:40.724 I/System.out( 1963): Yanita Oparlakova’s MacBook Pro E4:CE:8F:15:7D:27
01-07 11:46:40.724 I/System.out( 1963): Anastasia Bugaenko’s MacBook 60:33:4B:02:92:D4
01-07 11:46:41.725 I/System.out( 1963): Yanita Oparlakova’s MacBook Pro E4:CE:8F:15:7D:27
01-07 11:46:41.725 I/System.out( 1963): Anastasia Bugaenko’s MacBook 60:33:4B:02:92:D4
01-07 11:46:42.716 I/System.out( 1963): Yanita Oparlakova’s MacBook Pro E4:CE:8F:15:7D:27
01-07 11:46:42.716 I/System.out( 1963): Anastasia Bugaenko’s MacBook 60:33:4B:02:92:D4
01-07 11:46:43.727 I/System.out( 1963): Yanita Oparlakova’s MacBook Pro E4:CE:8F:15:7D:27
01-07 11:46:43.727 I/System.out( 1963): Anastasia Bugaenko’s MacBook 60:33:4B:02:92:D4
01-07 11:46:44.728 I/System.out( 1963): Yanita Oparlakova’s MacBook Pro E4:CE:8F:15:7D:27
01-07 11:46:44.728 I/System.out( 1963): Anastasia Bugaenko’s MacBook 60:33:4B:02:92:D4
01-07 11:46:45.719 I/System.out( 1963): Yanita Oparlakova’s MacBook Pro E4:CE:8F:15:7D:27
01-07 11:46:45.719 I/System.out( 1963): Anastasia Bugaenko’s MacBook 60:33:4B:02:92:D4
01-07 11:46:46.730 I/System.out( 1963): Yanita Oparlakova’s MacBook Pro E4:CE:8F:15:7D:27
01-07 11:46:46.730 I/System.out( 1963): Anastasia Bugaenko’s MacBook 60:33:4B:02:92:D4
01-07 11:46:47.731 I/System.out( 1963): Yanita Oparlakova’s MacBook Pro E4:CE:8F:15:7D:27
01-07 11:46:47.731 I/System.out( 1963): Anastasia Bugaenko’s MacBook 60:33:4B:02:92:D4
01-07 11:46:48.572 I/BluetoothAdapterProperties( 1749): Callback:discoveryStateChangeCallback with state:0
01-07 11:46:48.592 W/bt-btif ( 1749): bta_dm_check_av:0
01-07 11:46:48.592 V/BluetoothDiscoveryReceiver( 1679): Received: android.bluetooth.adapter.action.DISCOVERY_FINISHED
01-07 11:46:48.592 I/BluetoothAdapterProperties( 1749): Callback:discoveryStateChangeCallback with state:1
01-07 11:46:48.612 V/BluetoothDiscoveryReceiver( 1679): Received: android.bluetooth.adapter.action.DISCOVERY_STARTED
01-07 11:46:52.726 I/System.out( 1963): Anastasia Bugaenko’s MacBook 60:33:4B:02:92:D4
01-07 11:46:52.726 I/System.out( 1963): Yanita Oparlakova’s MacBook Pro E4:CE:8F:15:7D:27
01-07 11:46:53.727 I/System.out( 1963): Anastasia Bugaenko’s MacBook 60:33:4B:02:92:D4
01-07 11:46:53.727 I/System.out( 1963): Yanita Oparlakova’s MacBook Pro E4:CE:8F:15:7D:27
01-07 11:46:54.728 I/System.out( 1963): Anastasia Bugaenko’s MacBook 60:33:4B:02:92:D4
01-07 11:46:54.728 I/System.out( 1963): Yanita Oparlakova’s MacBook Pro E4:CE:8F:15:7D:27
01-07 11:46:55.729 I/System.out( 1963): Anastasia Bugaenko’s MacBook 60:33:4B:02:92:D4
01-07 11:46:55.729 I/System.out( 1963): Yanita Oparlakova’s MacBook Pro E4:CE:8F:15:7D:27
01-07 11:46:56.730 I/System.out( 1963): Anastasia Bugaenko’s MacBook 60:33:4B:02:92:D4
01-07 11:46:56.730 I/System.out( 1963): Yanita Oparlakova’s MacBook Pro E4:CE:8F:15:7D:27
01-07 11:46:57.731 I/System.out( 1963): Anastasia Bugaenko’s MacBook 60:33:4B:02:92:D4
01-07 11:46:57.731 I/System.out( 1963): Yanita Oparlakova’s MacBook Pro E4:CE:8F:15:7D:27
01-07 11:46:58.732 I/System.out( 1963): Anastasia Bugaenko’s MacBook 60:33:4B:02:92:D4
01-07 11:46:58.732 I/System.out( 1963): Yanita Oparlakova’s MacBook Pro E4:CE:8F:15:7D:27
01-07 11:46:59.743 I/System.out( 1963): Anastasia Bugaenko’s MacBook 60:33:4B:02:92:D4
01-07 11:46:59.743 I/System.out( 1963): Yanita Oparlakova’s MacBook Pro E4:CE:8F:15:7D:27
01-07 11:47:00.734 I/System.out( 1963): Anastasia Bugaenko’s MacBook 60:33:4B:02:92:D4
01-07 11:47:00.734 I/System.out( 1963): Yanita Oparlakova’s MacBook Pro E4:CE:8F:15:7D:27
01-07 11:47:01.424 I/BluetoothAdapterProperties( 1749): Callback:discoveryStateChangeCallback with state:0
01-07 11:47:01.434 W/bt-btif ( 1749): bta_dm_check_av:0
01-07 11:47:01.444 I/BluetoothAdapterProperties( 1749): Callback:discoveryStateChangeCallback with state:1
01-07 11:47:01.444 V/BluetoothDiscoveryReceiver( 1679): Received: android.bluetooth.adapter.action.DISCOVERY_FINISHED
01-07 11:47:01.494 V/BluetoothDiscoveryReceiver( 1679): Received: android.bluetooth.adapter.action.DISCOVERY_STARTED
01-07 11:47:05.738 I/System.out( 1963): Yanita Oparlakova’s MacBook Pro E4:CE:8F:15:7D:27
01-07 11:47:06.749 I/System.out( 1963): Yanita Oparlakova’s MacBook Pro E4:CE:8F:15:7D:27
01-07 11:47:07.750 I/System.out( 1963): Yanita Oparlakova’s MacBook Pro E4:CE:8F:15:7D:27
01-07 11:47:08.751 I/System.out( 1963): Yanita Oparlakova’s MacBook Pro E4:CE:8F:15:7D:27
01-07 11:47:09.752 I/System.out( 1963): Yanita Oparlakova’s MacBook Pro E4:CE:8F:15:7D:27
01-07 11:47:10.753 I/System.out( 1963): Yanita Oparlakova’s MacBook Pro E4:CE:8F:15:7D:27
01-07 11:47:10.753 I/System.out( 1963): Anastasia Bugaenko’s MacBook 60:33:4B:02:92:D4
01-07 11:47:11.754 I/System.out( 1963): Yanita Oparlakova’s MacBook Pro E4:CE:8F:15:7D:27
01-07 11:47:11.754 I/System.out( 1963): Anastasia Bugaenko’s MacBook 60:33:4B:02:92:D4
01-07 11:47:12.745 I/System.out( 1963): Yanita Oparlakova’s MacBook Pro E4:CE:8F:15:7D:27
01-07 11:47:12.745 I/System.out( 1963): Anastasia Bugaenko’s MacBook 60:33:4B:02:92:D4
