01-14 11:18:03.402 D/BtGatt.btif(14573): btif_gattc_unregister_app
01-14 11:18:03.402 D/BtGatt.btif(14573): btgattc_handle_event: Event 1001
01-14 11:18:03.412 D/BtGatt.btif(14573): btif_gattc_upstreams_evt: Event 1
01-14 11:18:03.412 I/System.out(18959): About to start new scanning
01-14 11:18:03.412 D/BluetoothAdapter(18959): startLeScan(): null
01-14 11:18:03.412 D/BtGatt.GattService(14573): registerClient() - UUID=9d4dbb1a-13d2-491d-b33a-bf79fa4591e2
01-14 11:18:03.422 D/BtGatt.btif(14573): btif_gattc_register_app
01-14 11:18:03.422 D/BtGatt.btif(14573): btgattc_handle_event: Event 1000
01-14 11:18:03.422 D/BtGatt.btif(14573): btif_gattc_upstreams_evt: Event 0
01-14 11:18:03.422 D/BtGatt.GattService(14573): onClientRegistered() - UUID=9d4dbb1a-13d2-491d-b33a-bf79fa4591e2, clientIf=4
01-14 11:18:03.422 D/BluetoothAdapter(18959): onClientRegistered() - status=0 clientIf=4
01-14 11:18:03.422 D/BtGatt.GattService(14573): startScan() - queue=0
01-14 11:18:03.422 D/BtGatt.GattService(14573): startScan() - adding client=4
01-14 11:18:03.432 D/BtGatt.btif(14573): btif_gattc_scan
01-14 11:18:03.432 D/BtGatt.btif(14573): btgattc_handle_event: Event 1002
01-14 11:18:03.432 I/System.out(18959): Started new scanning
01-14 11:18:04.363 I/System.out(18959): Values:0
01-14 11:18:05.364 I/System.out(18959): Values:0
01-14 11:18:06.365 I/System.out(18959): Values:0
01-14 11:18:07.366 I/System.out(18959): Values:0
01-14 11:18:08.367 I/System.out(18959): Values:0
01-14 11:18:09.368 I/System.out(18959): Values:0
01-14 11:18:10.369 I/System.out(18959): Values:0
01-14 11:18:11.380 I/System.out(18959): Values:0
01-14 11:18:12.381 I/System.out(18959): Values:0
01-14 11:18:13.382 I/System.out(18959): Values:0
01-14 11:18:13.382 D/BluetoothAdapter(18959): stopLeScan()
01-14 11:18:13.402 D/BtGatt.GattService(14573): stopScan() - queue=1
01-14 11:18:13.402 D/BtGatt.GattService(14573): stopScan() - queue empty; stopping scan
01-14 11:18:13.402 D/BtGatt.btif(14573): btif_gattc_scan
01-14 11:18:13.412 D/BtGatt.btif(14573): btgattc_handle_event: Event 1003
01-14 11:18:13.422 D/BtGatt.GattService(14573): unregisterClient() - clientIf=4
01-14 11:18:13.422 D/BtGatt.btif(14573): btif_gattc_unregister_app
01-14 11:18:13.432 D/BtGatt.btif(14573): btgattc_handle_event: Event 1001
01-14 11:18:13.432 D/BtGatt.btif(14573): btif_gattc_upstreams_evt: Event 1
01-14 11:18:13.442 I/System.out(18959): About to start new scanning
01-14 11:18:13.442 D/BluetoothAdapter(18959): startLeScan(): null
01-14 11:18:13.442 D/BtGatt.GattService(14573): registerClient() - UUID=f7be9ca6-f07f-41eb-8eea-caf4bf7be91c
01-14 11:18:13.452 D/BtGatt.btif(14573): btif_gattc_register_app
01-14 11:18:13.452 D/BtGatt.btif(14573): btgattc_handle_event: Event 1000
01-14 11:18:13.452 D/BtGatt.btif(14573): btif_gattc_upstreams_evt: Event 0
01-14 11:18:13.452 D/BtGatt.GattService(14573): onClientRegistered() - UUID=f7be9ca6-f07f-41eb-8eea-caf4bf7be91c, clientIf=4
01-14 11:18:13.452 D/BluetoothAdapter(18959): onClientRegistered() - status=0 clientIf=4
01-14 11:18:13.452 D/BtGatt.GattService(14573): startScan() - queue=0
01-14 11:18:13.452 D/BtGatt.GattService(14573): startScan() - adding client=4
01-14 11:18:13.462 D/BtGatt.btif(14573): btif_gattc_scan
01-14 11:18:13.462 D/BtGatt.btif(14573): btgattc_handle_event: Event 1002
01-14 11:18:13.462 I/System.out(18959): Started new scanning
01-14 11:18:14.383 I/System.out(18959): Values:0
01-14 11:18:15.374 I/System.out(18959): Values:0
01-14 11:18:16.385 I/System.out(18959): Values:0
01-14 11:18:17.376 I/System.out(18959): Values:0
01-14 11:18:18.387 I/System.out(18959): Values:0
01-14 11:18:19.388 I/System.out(18959): Values:0
01-14 11:18:20.399 I/System.out(18959): Values:0
01-14 11:18:21.400 I/System.out(18959): Values:0
01-14 11:18:22.401 I/System.out(18959): Values:0
01-14 11:18:23.402 I/System.out(18959): Values:0
01-14 11:18:23.402 D/BluetoothAdapter(18959): stopLeScan()
01-14 11:18:23.422 D/BtGatt.GattService(14573): stopScan() - queue=1
01-14 11:18:23.422 D/BtGatt.GattService(14573): stopScan() - queue empty; stopping scan
01-14 11:18:23.432 D/BtGatt.btif(14573): btif_gattc_scan
01-14 11:18:23.432 D/BtGatt.btif(14573): btgattc_handle_event: Event 1003
01-14 11:18:23.442 D/BtGatt.GattService(14573): unregisterClient() - clientIf=4
01-14 11:18:23.442 D/BtGatt.btif(14573): btif_gattc_unregister_app
01-14 11:18:23.452 D/BtGatt.btif(14573): btgattc_handle_event: Event 1001
01-14 11:18:23.452 D/BtGatt.btif(14573): btif_gattc_upstreams_evt: Event 1
01-14 11:18:23.452 I/System.out(18959): About to start new scanning
01-14 11:18:23.462 D/BluetoothAdapter(18959): startLeScan(): null
01-14 11:18:23.462 D/BtGatt.GattService(14573): registerClient() - UUID=4fb48718-038f-4cda-9b3e-7f2570fde137
01-14 11:18:23.462 D/BtGatt.btif(14573): btif_gattc_register_app
01-14 11:18:23.462 D/BtGatt.btif(14573): btgattc_handle_event: Event 1000
01-14 11:18:23.462 D/BtGatt.btif(14573): btif_gattc_upstreams_evt: Event 0
01-14 11:18:23.462 D/BtGatt.GattService(14573): onClientRegistered() - UUID=4fb48718-038f-4cda-9b3e-7f2570fde137, clientIf=4
01-14 11:18:23.462 D/BluetoothAdapter(18959): onClientRegistered() - status=0 clientIf=4
01-14 11:18:23.472 D/BtGatt.GattService(14573): startScan() - queue=0
01-14 11:18:23.472 D/BtGatt.GattService(14573): startScan() - adding client=4
01-14 11:18:23.472 D/BtGatt.btif(14573): btif_gattc_scan
01-14 11:18:23.472 D/BtGatt.btif(14573): btgattc_handle_event: Event 1002
01-14 11:18:23.472 I/System.out(18959): Started new scanning
01-14 11:18:24.403 I/System.out(18959): Values:0
01-14 11:18:25.404 I/System.out(18959): Values:0
01-14 11:18:26.405 I/System.out(18959): Values:0
01-14 11:18:27.416 I/System.out(18959): Values:0
01-14 11:18:28.407 I/System.out(18959): Values:0
01-14 11:18:29.408 I/System.out(18959): Values:0
01-14 11:18:30.409 I/System.out(18959): Values:0
01-14 11:18:31.410 I/System.out(18959): Values:0
01-14 11:18:32.421 I/System.out(18959): Values:0
01-14 11:18:33.422 I/System.out(18959): Values:0
01-14 11:18:33.422 D/BluetoothAdapter(18959): stopLeScan()
01-14 11:18:33.442 D/BtGatt.GattService(14573): stopScan() - queue=1
01-14 11:18:33.442 D/BtGatt.GattService(14573): stopScan() - queue empty; stopping scan
01-14 11:18:33.442 D/BtGatt.btif(14573): btif_gattc_scan
01-14 11:18:33.442 D/BtGatt.btif(14573): btgattc_handle_event: Event 1003
01-14 11:18:33.462 D/BtGatt.GattService(14573): unregisterClient() - clientIf=4
01-14 11:18:33.462 D/BtGatt.btif(14573): btif_gattc_unregister_app
01-14 11:18:33.472 D/BtGatt.btif(14573): btgattc_handle_event: Event 1001
01-14 11:18:33.472 D/BtGatt.btif(14573): btif_gattc_upstreams_evt: Event 1
01-14 11:18:33.482 I/System.out(18959): About to start new scanning
01-14 11:18:33.482 D/BluetoothAdapter(18959): startLeScan(): null
01-14 11:18:33.482 D/BtGatt.GattService(14573): registerClient() - UUID=6ada376d-e2b1-44fc-83b2-ebdbdf20d459
01-14 11:18:33.482 D/BtGatt.btif(14573): btif_gattc_register_app
01-14 11:18:33.492 D/BtGatt.btif(14573): btgattc_handle_event: Event 1000
01-14 11:18:33.492 D/BtGatt.btif(14573): btif_gattc_upstreams_evt: Event 0
01-14 11:18:33.492 D/BtGatt.GattService(14573): onClientRegistered() - UUID=6ada376d-e2b1-44fc-83b2-ebdbdf20d459, clientIf=4
01-14 11:18:33.492 D/BluetoothAdapter(18959): onClientRegistered() - status=0 clientIf=4
01-14 11:18:33.492 D/BtGatt.GattService(14573): startScan() - queue=0
01-14 11:18:33.492 D/BtGatt.GattService(14573): startScan() - adding client=4
01-14 11:18:33.492 D/BtGatt.btif(14573): btif_gattc_scan
01-14 11:18:33.502 D/BtGatt.btif(14573): btgattc_handle_event: Event 1002
01-14 11:18:33.502 I/System.out(18959): Started new scanning
01-14 11:18:34.413 I/System.out(18959): Values:0
01-14 11:18:35.413 I/System.out(18959): Values:0
01-14 11:18:36.414 I/System.out(18959): Values:0
01-14 11:18:37.425 I/System.out(18959): Values:0
01-14 11:18:38.426 I/System.out(18959): Values:0
01-14 11:18:39.427 I/System.out(18959): Values:0
01-14 11:18:40.438 I/System.out(18959): Values:0
01-14 11:18:41.439 I/System.out(18959): Values:0
01-14 11:18:42.440 I/System.out(18959): Values:0
01-14 11:18:43.441 I/System.out(18959): Values:0
01-14 11:18:43.441 D/BluetoothAdapter(18959): stopLeScan()
01-14 11:18:43.461 D/BtGatt.GattService(14573): stopScan() - queue=1
01-14 11:18:43.471 D/BtGatt.GattService(14573): stopScan() - queue empty; stopping scan
01-14 11:18:43.471 D/BtGatt.btif(14573): btif_gattc_scan
01-14 11:18:43.471 D/BtGatt.btif(14573): btgattc_handle_event: Event 1003
01-14 11:18:43.481 D/BtGatt.GattService(14573): unregisterClient() - clientIf=4
01-14 11:18:43.481 D/BtGatt.btif(14573): btif_gattc_unregister_app
01-14 11:18:43.491 D/BtGatt.btif(14573): btgattc_handle_event: Event 1001
01-14 11:18:43.491 D/BtGatt.btif(14573): btif_gattc_upstreams_evt: Event 1
01-14 11:18:43.491 I/System.out(18959): About to start new scanning
01-14 11:18:43.491 D/BluetoothAdapter(18959): startLeScan(): null
01-14 11:18:43.501 D/BtGatt.GattService(14573): registerClient() - UUID=5dffec1b-47a3-4a70-803a-0f188596ec1a
01-14 11:18:43.501 D/BtGatt.btif(14573): btif_gattc_register_app
01-14 11:18:43.501 D/BtGatt.btif(14573): btgattc_handle_event: Event 1000
01-14 11:18:43.501 D/BtGatt.btif(14573): btif_gattc_upstreams_evt: Event 0
01-14 11:18:43.501 D/BtGatt.GattService(14573): onClientRegistered() - UUID=5dffec1b-47a3-4a70-803a-0f188596ec1a, clientIf=4
01-14 11:18:43.501 D/BluetoothAdapter(18959): onClientRegistered() - status=0 clientIf=4
01-14 11:18:43.511 D/BtGatt.GattService(14573): startScan() - queue=0
01-14 11:18:43.511 D/BtGatt.GattService(14573): startScan() - adding client=4
01-14 11:18:43.511 D/BtGatt.btif(14573): btif_gattc_scan
01-14 11:18:43.511 D/BtGatt.btif(14573): btgattc_handle_event: Event 1002
01-14 11:18:43.511 I/System.out(18959): Started new scanning
01-14 11:18:44.452 I/System.out(18959): Values:0
01-14 11:18:45.453 I/System.out(18959): Values:0
01-14 11:18:46.454 I/System.out(18959): Values:0
01-14 11:18:47.445 I/System.out(18959): Values:0
01-14 11:18:48.446 I/System.out(18959): Values:0
01-14 11:18:49.447 I/System.out(18959): Values:0
01-14 11:18:50.448 I/System.out(18959): Values:0
01-14 11:18:51.449 I/System.out(18959): Values:0
01-14 11:18:52.460 I/System.out(18959): Values:0
01-14 11:18:53.461 I/System.out(18959): Values:0
01-14 11:18:53.461 D/BluetoothAdapter(18959): stopLeScan()
01-14 11:18:53.481 D/BtGatt.GattService(14573): stopScan() - queue=1
01-14 11:18:53.481 D/BtGatt.GattService(14573): stopScan() - queue empty; stopping scan
01-14 11:18:53.481 D/BtGatt.btif(14573): btif_gattc_scan
01-14 11:18:53.481 D/BtGatt.btif(14573): btgattc_handle_event: Event 1003
01-14 11:18:53.501 D/BtGatt.GattService(14573): unregisterClient() - clientIf=4
01-14 11:18:53.501 D/BtGatt.btif(14573): btif_gattc_unregister_app
01-14 11:18:53.511 D/BtGatt.btif(14573): btgattc_handle_event: Event 1001
01-14 11:18:53.511 D/BtGatt.btif(14573): btif_gattc_upstreams_evt: Event 1
01-14 11:18:53.521 I/System.out(18959): About to start new scanning
01-14 11:18:53.521 D/BluetoothAdapter(18959): startLeScan(): null
01-14 11:18:53.521 D/BtGatt.GattService(14573): registerClient() - UUID=9e8d8025-28ab-4b87-bb3b-9b9ab0e5fde6
01-14 11:18:53.521 D/BtGatt.btif(14573): btif_gattc_register_app
01-14 11:18:53.531 D/BtGatt.btif(14573): btgattc_handle_event: Event 1000
01-14 11:18:53.531 D/BtGatt.btif(14573): btif_gattc_upstreams_evt: Event 0
01-14 11:18:53.531 D/BtGatt.GattService(14573): onClientRegistered() - UUID=9e8d8025-28ab-4b87-bb3b-9b9ab0e5fde6, clientIf=4
01-14 11:18:53.531 D/BluetoothAdapter(18959): onClientRegistered() - status=0 clientIf=4
01-14 11:18:53.531 D/BtGatt.GattService(14573): startScan() - queue=0
01-14 11:18:53.531 D/BtGatt.GattService(14573): startScan() - adding client=4
01-14 11:18:53.531 D/BtGatt.btif(14573): btif_gattc_scan
01-14 11:18:53.541 D/BtGatt.btif(14573): btgattc_handle_event: Event 1002
01-14 11:18:53.541 I/System.out(18959): Started new scanning
01-14 11:18:54.462 I/System.out(18959): Values:0
01-14 11:18:55.453 I/System.out(18959): Values:0
01-14 11:18:56.454 I/System.out(18959): Values:0
01-14 11:18:57.455 I/System.out(18959): Values:0
01-14 11:18:58.466 I/System.out(18959): Values:0
01-14 11:18:59.477 I/System.out(18959): Values:0
01-14 11:18:59.997 I/ActivityManager(  523): No longer want com.google.android.youtube (pid 17229): empty for 1852s
01-14 11:19:00.478 I/System.out(18959): Values:0
01-14 11:19:01.479 I/System.out(18959): Values:0
01-14 11:19:02.480 I/System.out(18959): Values:0
01-14 11:19:03.481 I/System.out(18959): Values:0
01-14 11:19:03.491 D/BluetoothAdapter(18959): stopLeScan()
01-14 11:19:03.501 D/BtGatt.GattService(14573): stopScan() - queue=1
01-14 11:19:03.511 D/BtGatt.GattService(14573): stopScan() - queue empty; stopping scan
01-14 11:19:03.511 D/BtGatt.btif(14573): btif_gattc_scan
01-14 11:19:03.521 D/BtGatt.btif(14573): btgattc_handle_event: Event 1003
01-14 11:19:03.531 D/BtGatt.GattService(14573): unregisterClient() - clientIf=4
01-14 11:19:03.531 D/BtGatt.btif(14573): btif_gattc_unregister_app
01-14 11:19:03.541 D/BtGatt.btif(14573): btgattc_handle_event: Event 1001
01-14 11:19:03.541 D/BtGatt.btif(14573): btif_gattc_upstreams_evt: Event 1
01-14 11:19:03.551 I/System.out(18959): About to start new scanning
01-14 11:19:03.551 D/BluetoothAdapter(18959): startLeScan(): null
01-14 11:19:03.561 D/BtGatt.GattService(14573): registerClient() - UUID=45b16f8a-9652-42d6-8f1c-1a05118cc155
01-14 11:19:03.561 D/BtGatt.btif(14573): btif_gattc_register_app
01-14 11:19:03.571 D/BtGatt.btif(14573): btgattc_handle_event: Event 1000
01-14 11:19:03.571 D/BtGatt.btif(14573): btif_gattc_upstreams_evt: Event 0
01-14 11:19:03.571 D/BtGatt.GattService(14573): onClientRegistered() - UUID=45b16f8a-9652-42d6-8f1c-1a05118cc155, clientIf=4
01-14 11:19:03.571 D/BluetoothAdapter(18959): onClientRegistered() - status=0 clientIf=4
01-14 11:19:03.581 D/BtGatt.GattService(14573): startScan() - queue=0
01-14 11:19:03.581 D/BtGatt.GattService(14573): startScan() - adding client=4
01-14 11:19:03.581 D/BtGatt.btif(14573): btif_gattc_scan
01-14 11:19:03.581 D/BtGatt.btif(14573): btgattc_handle_event: Event 1002
01-14 11:19:03.581 I/System.out(18959): Started new scanning
01-14 11:19:04.482 I/System.out(18959): Values:0
01-14 11:19:05.483 I/System.out(18959): Values:0
01-14 11:19:06.494 I/System.out(18959): Values:0
01-14 11:19:07.495 I/System.out(18959): Values:0
01-14 11:19:08.486 I/System.out(18959): Values:0
01-14 11:19:09.497 I/System.out(18959): Values:0
01-14 11:19:10.498 I/System.out(18959): Values:0
01-14 11:19:11.499 I/System.out(18959): Values:0
01-14 11:19:12.500 I/System.out(18959): Values:0
01-14 11:19:13.501 I/System.out(18959): Values:0
01-14 11:19:13.501 D/BluetoothAdapter(18959): stopLeScan()
01-14 11:19:13.521 D/BtGatt.GattService(14573): stopScan() - queue=1
01-14 11:19:13.521 D/BtGatt.GattService(14573): stopScan() - queue empty; stopping scan
01-14 11:19:13.521 D/BtGatt.btif(14573): btif_gattc_scan
01-14 11:19:13.521 D/BtGatt.btif(14573): btgattc_handle_event: Event 1003
01-14 11:19:13.541 D/BtGatt.GattService(14573): unregisterClient() - clientIf=4
01-14 11:19:13.541 D/BtGatt.btif(14573): btif_gattc_unregister_app
01-14 11:19:13.551 D/BtGatt.btif(14573): btgattc_handle_event: Event 1001
01-14 11:19:13.551 D/BtGatt.btif(14573): btif_gattc_upstreams_evt: Event 1
01-14 11:19:13.561 I/System.out(18959): About to start new scanning
01-14 11:19:13.561 D/BluetoothAdapter(18959): startLeScan(): null
01-14 11:19:13.561 D/BtGatt.GattService(14573): registerClient() - UUID=11e71917-ebbe-494c-a0a1-2dcb660f443c
01-14 11:19:13.571 D/BtGatt.btif(14573): btif_gattc_register_app
01-14 11:19:13.571 D/BtGatt.btif(14573): btgattc_handle_event: Event 1000
01-14 11:19:13.571 D/BtGatt.btif(14573): btif_gattc_upstreams_evt: Event 0
01-14 11:19:13.571 D/BtGatt.GattService(14573): onClientRegistered() - UUID=11e71917-ebbe-494c-a0a1-2dcb660f443c, clientIf=4
01-14 11:19:13.571 D/BluetoothAdapter(18959): onClientRegistered() - status=0 clientIf=4
01-14 11:19:13.571 D/BtGatt.GattService(14573): startScan() - queue=0
01-14 11:19:13.571 D/BtGatt.GattService(14573): startScan() - adding client=4
01-14 11:19:13.581 D/BtGatt.btif(14573): btif_gattc_scan
01-14 11:19:13.581 D/BtGatt.btif(14573): btgattc_handle_event: Event 1002
01-14 11:19:13.581 I/System.out(18959): Started new scanning
01-14 11:19:14.502 I/System.out(18959): Values:0
01-14 11:19:15.503 I/System.out(18959): Values:0
01-14 11:19:16.514 I/System.out(18959): Values:0
01-14 11:19:17.515 I/System.out(18959): Values:0
01-14 11:19:18.506 I/System.out(18959): Values:0
01-14 11:19:19.507 I/System.out(18959): Values:0
01-14 11:19:20.517 I/System.out(18959): Values:0
01-14 11:19:21.518 I/System.out(18959): Values:0
01-14 11:19:22.519 I/System.out(18959): Values:0
01-14 11:19:23.520 I/System.out(18959): Values:0
01-14 11:19:23.520 D/BluetoothAdapter(18959): stopLeScan()
01-14 11:19:23.540 D/BtGatt.GattService(14573): stopScan() - queue=1
01-14 11:19:23.540 D/BtGatt.GattService(14573): stopScan() - queue empty; stopping scan
01-14 11:19:23.550 D/BtGatt.btif(14573): btif_gattc_scan
01-14 11:19:23.550 D/BtGatt.btif(14573): btgattc_handle_event: Event 1003
01-14 11:19:23.560 D/BtGatt.GattService(14573): unregisterClient() - clientIf=4
01-14 11:19:23.570 D/BtGatt.btif(14573): btif_gattc_unregister_app
01-14 11:19:23.570 D/BtGatt.btif(14573): btgattc_handle_event: Event 1001
01-14 11:19:23.570 D/BtGatt.btif(14573): btif_gattc_upstreams_evt: Event 1
01-14 11:19:23.580 I/System.out(18959): About to start new scanning
01-14 11:19:23.580 D/BluetoothAdapter(18959): startLeScan(): null
01-14 11:19:23.590 D/BtGatt.GattService(14573): registerClient() - UUID=3d9006ff-69f6-4752-a4bf-a64d46c03624
01-14 11:19:23.590 D/BtGatt.btif(14573): btif_gattc_register_app
01-14 11:19:23.590 D/BtGatt.btif(14573): btgattc_handle_event: Event 1000
01-14 11:19:23.590 D/BtGatt.btif(14573): btif_gattc_upstreams_evt: Event 0
01-14 11:19:23.590 D/BtGatt.GattService(14573): onClientRegistered() - UUID=3d9006ff-69f6-4752-a4bf-a64d46c03624, clientIf=4
01-14 11:19:23.590 D/BluetoothAdapter(18959): onClientRegistered() - status=0 clientIf=4
01-14 11:19:23.590 D/BtGatt.GattService(14573): startScan() - queue=0
01-14 11:19:23.601 D/BtGatt.GattService(14573): startScan() - adding client=4
01-14 11:19:23.601 D/BtGatt.btif(14573): btif_gattc_scan
01-14 11:19:23.601 D/BtGatt.btif(14573): btgattc_handle_event: Event 1002
01-14 11:19:23.601 I/System.out(18959): Started new scanning
01-14 11:19:24.521 I/System.out(18959): Values:0
01-14 11:19:25.522 I/System.out(18959): Values:0
01-14 11:19:26.523 I/System.out(18959): Values:0
01-14 11:19:27.524 I/System.out(18959): Values:0
01-14 11:19:28.525 I/System.out(18959): Values:0
01-14 11:19:29.526 I/System.out(18959): Values:0
01-14 11:19:30.527 I/System.out(18959): Values:0
01-14 11:19:31.528 I/System.out(18959): Values:0
01-14 11:19:32.539 I/System.out(18959): Values:0
01-14 11:19:33.540 D/BluetoothAdapter(18959): stopLeScan()
01-14 11:19:33.540 I/System.out(18959): Values:0
01-14 11:19:33.550 D/BtGatt.GattService(14573): stopScan() - queue=1
01-14 11:19:33.550 D/BtGatt.GattService(14573): stopScan() - queue empty; stopping scan
01-14 11:19:33.560 D/BtGatt.btif(14573): btif_gattc_scan
01-14 11:19:33.560 D/BtGatt.btif(14573): btgattc_handle_event: Event 1003
01-14 11:19:33.570 D/BtGatt.GattService(14573): unregisterClient() - clientIf=4
01-14 11:19:33.570 D/BtGatt.btif(14573): btif_gattc_unregister_app
01-14 11:19:33.570 D/BtGatt.btif(14573): btgattc_handle_event: Event 1001
01-14 11:19:33.570 D/BtGatt.btif(14573): btif_gattc_upstreams_evt: Event 1
01-14 11:19:33.570 I/System.out(18959): About to start new scanning
01-14 11:19:33.570 D/BluetoothAdapter(18959): startLeScan(): null
01-14 11:19:33.570 D/BtGatt.GattService(14573): registerClient() - UUID=d6b426a6-7f65-41e3-a58c-9a1aec4080cc
01-14 11:19:33.570 D/BtGatt.btif(14573): btif_gattc_register_app
01-14 11:19:33.570 D/BtGatt.btif(14573): btgattc_handle_event: Event 1000
01-14 11:19:33.570 D/BtGatt.btif(14573): btif_gattc_upstreams_evt: Event 0
01-14 11:19:33.570 D/BtGatt.GattService(14573): onClientRegistered() - UUID=d6b426a6-7f65-41e3-a58c-9a1aec4080cc, clientIf=4
01-14 11:19:33.570 D/BluetoothAdapter(18959): onClientRegistered() - status=0 clientIf=4
01-14 11:19:33.570 D/BtGatt.GattService(14573): startScan() - queue=0
01-14 11:19:33.570 D/BtGatt.GattService(14573): startScan() - adding client=4
01-14 11:19:33.570 D/BtGatt.btif(14573): btif_gattc_scan
01-14 11:19:33.580 D/BtGatt.btif(14573): btgattc_handle_event: Event 1002
01-14 11:19:33.580 I/System.out(18959): Started new scanning
01-14 11:19:34.541 I/System.out(18959): Values:0
01-14 11:19:35.542 I/System.out(18959): Values:0
01-14 11:19:36.543 I/System.out(18959): Values:0
01-14 11:19:37.534 I/System.out(18959): Values:0
01-14 11:19:38.545 I/System.out(18959): Values:0
01-14 11:19:39.546 I/System.out(18959): Values:0
01-14 11:19:40.547 I/System.out(18959): Values:0
01-14 11:19:41.548 I/System.out(18959): Values:0
01-14 11:19:42.549 I/System.out(18959): Values:0
01-14 11:19:43.550 I/System.out(18959): Values:0
01-14 11:19:43.560 D/BluetoothAdapter(18959): stopLeScan()
01-14 11:19:43.570 D/BtGatt.GattService(14573): stopScan() - queue=1
01-14 11:19:43.570 D/BtGatt.GattService(14573): stopScan() - queue empty; stopping scan
01-14 11:19:43.580 D/BtGatt.btif(14573): btif_gattc_scan
01-14 11:19:43.580 D/BtGatt.btif(14573): btgattc_handle_event: Event 1003
01-14 11:19:43.590 D/BtGatt.GattService(14573): unregisterClient() - clientIf=4
01-14 11:19:43.590 D/BtGatt.btif(14573): btif_gattc_unregister_app
01-14 11:19:43.600 D/BtGatt.btif(14573): btgattc_handle_event: Event 1001
01-14 11:19:43.600 D/BtGatt.btif(14573): btif_gattc_upstreams_evt: Event 1
01-14 11:19:43.610 I/System.out(18959): About to start new scanning
01-14 11:19:43.610 D/BluetoothAdapter(18959): startLeScan(): null
01-14 11:19:43.610 D/BtGatt.GattService(14573): registerClient() - UUID=1d480da6-e078-4048-8220-8c53099db5bf
01-14 11:19:43.620 D/BtGatt.btif(14573): btif_gattc_register_app
01-14 11:19:43.620 D/BtGatt.btif(14573): btgattc_handle_event: Event 1000
01-14 11:19:43.620 D/BtGatt.btif(14573): btif_gattc_upstreams_evt: Event 0
01-14 11:19:43.620 D/BtGatt.GattService(14573): onClientRegistered() - UUID=1d480da6-e078-4048-8220-8c53099db5bf, clientIf=4
01-14 11:19:43.620 D/BluetoothAdapter(18959): onClientRegistered() - status=0 clientIf=4
01-14 11:19:43.620 D/BtGatt.GattService(14573): startScan() - queue=0
01-14 11:19:43.620 D/BtGatt.GattService(14573): startScan() - adding client=4
01-14 11:19:43.620 D/BtGatt.btif(14573): btif_gattc_scan
01-14 11:19:43.630 D/BtGatt.btif(14573): btgattc_handle_event: Event 1002
01-14 11:19:43.630 I/System.out(18959): Started new scanning
01-14 11:19:44.561 I/System.out(18959): Values:0
01-14 11:19:45.562 I/System.out(18959): Values:0
01-14 11:19:46.563 I/System.out(18959): Values:0
01-14 11:19:47.564 I/System.out(18959): Values:0
01-14 11:19:47.614 D/dalvikvm(18959): GC_CONCURRENT freed 382K, 5% free 9091K/9512K, paused 10ms+2ms, total 53ms
01-14 11:19:48.555 I/System.out(18959): Values:0
01-14 11:19:49.556 I/System.out(18959): Values:0
01-14 11:19:50.567 I/System.out(18959): Values:0
01-14 11:19:51.568 I/System.out(18959): Values:0
01-14 11:19:52.569 I/System.out(18959): Values:0
01-14 11:19:53.570 I/System.out(18959): Values:0
01-14 11:19:53.570 D/BluetoothAdapter(18959): stopLeScan()
01-14 11:19:53.590 D/BtGatt.GattService(14573): stopScan() - queue=1
01-14 11:19:53.590 D/BtGatt.GattService(14573): stopScan() - queue empty; stopping scan
01-14 11:19:53.590 D/BtGatt.btif(14573): btif_gattc_scan
01-14 11:19:53.600 D/BtGatt.btif(14573): btgattc_handle_event: Event 1003
01-14 11:19:53.600 D/BtGatt.GattService(14573): unregisterClient() - clientIf=4
01-14 11:19:53.610 D/BtGatt.btif(14573): btif_gattc_unregister_app
01-14 11:19:53.610 D/BtGatt.btif(14573): btgattc_handle_event: Event 1001
01-14 11:19:53.620 D/BtGatt.btif(14573): btif_gattc_upstreams_evt: Event 1
01-14 11:19:53.620 I/System.out(18959): About to start new scanning
01-14 11:19:53.630 D/BluetoothAdapter(18959): startLeScan(): null
01-14 11:19:53.630 D/BtGatt.GattService(14573): registerClient() - UUID=38055938-a349-4a88-9944-11b318e6e5ab
01-14 11:19:53.630 D/BtGatt.btif(14573): btif_gattc_register_app
01-14 11:19:53.640 D/BtGatt.btif(14573): btgattc_handle_event: Event 1000
01-14 11:19:53.640 D/BtGatt.btif(14573): btif_gattc_upstreams_evt: Event 0
01-14 11:19:53.640 D/BtGatt.GattService(14573): onClientRegistered() - UUID=38055938-a349-4a88-9944-11b318e6e5ab, clientIf=4
01-14 11:19:53.640 D/BluetoothAdapter(18959): onClientRegistered() - status=0 clientIf=4
01-14 11:19:53.640 D/BtGatt.GattService(14573): startScan() - queue=0
01-14 11:19:53.640 D/BtGatt.GattService(14573): startScan() - adding client=4
01-14 11:19:53.640 D/BtGatt.btif(14573): btif_gattc_scan
01-14 11:19:53.650 D/BtGatt.btif(14573): btgattc_handle_event: Event 1002
01-14 11:19:53.650 I/System.out(18959): Started new scanning
01-14 11:19:54.571 I/System.out(18959): Values:0
01-14 11:19:55.582 I/System.out(18959): Values:0
01-14 11:19:56.583 I/System.out(18959): Values:0
01-14 11:19:57.584 I/System.out(18959): Values:0
01-14 11:19:58.575 I/System.out(18959): Values:0
01-14 11:19:59.576 I/System.out(18959): Values:0
01-14 11:20:00.577 I/System.out(18959): Values:0
01-14 11:20:01.578 I/System.out(18959): Values:0
01-14 11:20:02.589 I/System.out(18959): Values:0
01-14 11:20:03.590 D/BluetoothAdapter(18959): stopLeScan()
01-14 11:20:03.590 I/System.out(18959): Values:0
01-14 11:20:03.600 D/BtGatt.GattService(14573): stopScan() - queue=1
01-14 11:20:03.600 D/BtGatt.GattService(14573): stopScan() - queue empty; stopping scan
01-14 11:20:03.610 D/BtGatt.btif(14573): btif_gattc_scan
01-14 11:20:03.610 D/BtGatt.btif(14573): btgattc_handle_event: Event 1003
01-14 11:20:03.620 D/BtGatt.GattService(14573): unregisterClient() - clientIf=4
01-14 11:20:03.620 D/BtGatt.btif(14573): btif_gattc_unregister_app
01-14 11:20:03.630 D/BtGatt.btif(14573): btgattc_handle_event: Event 1001
01-14 11:20:03.630 D/BtGatt.btif(14573): btif_gattc_upstreams_evt: Event 1
01-14 11:20:03.640 I/System.out(18959): About to start new scanning
01-14 11:20:03.640 D/BluetoothAdapter(18959): startLeScan(): null
01-14 11:20:03.640 D/BtGatt.GattService(14573): registerClient() - UUID=7871fa2b-7edf-4f01-b6fe-ead9da83b9e3
01-14 11:20:03.640 D/BtGatt.btif(14573): btif_gattc_register_app
01-14 11:20:03.650 D/BtGatt.btif(14573): btgattc_handle_event: Event 1000
01-14 11:20:03.650 D/BtGatt.btif(14573): btif_gattc_upstreams_evt: Event 0
01-14 11:20:03.650 D/BtGatt.GattService(14573): onClientRegistered() - UUID=7871fa2b-7edf-4f01-b6fe-ead9da83b9e3, clientIf=4
01-14 11:20:03.650 D/BluetoothAdapter(18959): onClientRegistered() - status=0 clientIf=4
01-14 11:20:03.650 D/BtGatt.GattService(14573): startScan() - queue=0
01-14 11:20:03.650 D/BtGatt.GattService(14573): startScan() - adding client=4
01-14 11:20:03.650 D/BtGatt.btif(14573): btif_gattc_scan
01-14 11:20:03.660 D/BtGatt.btif(14573): btgattc_handle_event: Event 1002
01-14 11:20:03.660 I/System.out(18959): Started new scanning
01-14 11:20:04.590 I/System.out(18959): Values:0
01-14 11:20:05.591 I/System.out(18959): Values:0
01-14 11:20:06.592 I/System.out(18959): Values:0
01-14 11:20:07.593 I/System.out(18959): Values:0
01-14 11:20:08.594 I/System.out(18959): Values:0
01-14 11:20:09.605 I/System.out(18959): Values:0
01-14 11:20:10.606 I/System.out(18959): Values:0
01-14 11:20:11.597 I/System.out(18959): Values:0
01-14 11:20:12.598 I/System.out(18959): Values:0
01-14 11:20:13.609 I/System.out(18959): Values:0
01-14 11:20:13.609 D/BluetoothAdapter(18959): stopLeScan()
01-14 11:20:13.619 D/BtGatt.GattService(14573): stopScan() - queue=1
01-14 11:20:13.629 D/BtGatt.GattService(14573): stopScan() - queue empty; stopping scan
01-14 11:20:13.629 D/BtGatt.btif(14573): btif_gattc_scan
01-14 11:20:13.629 D/BtGatt.btif(14573): btgattc_handle_event: Event 1003
01-14 11:20:13.649 D/BtGatt.GattService(14573): unregisterClient() - clientIf=4
01-14 11:20:13.649 D/BtGatt.btif(14573): btif_gattc_unregister_app
01-14 11:20:13.649 D/BtGatt.btif(14573): btgattc_handle_event: Event 1001
01-14 11:20:13.659 D/BtGatt.btif(14573): btif_gattc_upstreams_evt: Event 1
01-14 11:20:13.659 I/System.out(18959): About to start new scanning
01-14 11:20:13.669 D/BluetoothAdapter(18959): startLeScan(): null
01-14 11:20:13.669 D/BtGatt.GattService(14573): registerClient() - UUID=9001c413-ea54-4041-8845-75dec1d7b949
01-14 11:20:13.669 D/BtGatt.btif(14573): btif_gattc_register_app
01-14 11:20:13.669 D/BtGatt.btif(14573): btgattc_handle_event: Event 1000
01-14 11:20:13.679 D/BtGatt.btif(14573): btif_gattc_upstreams_evt: Event 0
01-14 11:20:13.679 D/BtGatt.GattService(14573): onClientRegistered() - UUID=9001c413-ea54-4041-8845-75dec1d7b949, clientIf=4
01-14 11:20:13.679 D/BluetoothAdapter(18959): onClientRegistered() - status=0 clientIf=4
01-14 11:20:13.679 D/BtGatt.GattService(14573): startScan() - queue=0
01-14 11:20:13.679 D/BtGatt.GattService(14573): startScan() - adding client=4
01-14 11:20:13.679 D/BtGatt.btif(14573): btif_gattc_scan
01-14 11:20:13.679 D/BtGatt.btif(14573): btgattc_handle_event: Event 1002
01-14 11:20:13.689 I/System.out(18959): Started new scanning
01-14 11:20:14.610 I/System.out(18959): Values:0
01-14 11:20:15.611 I/System.out(18959): Values:0
01-14 11:20:16.612 I/System.out(18959): Values:0
01-14 11:20:17.613 I/System.out(18959): Values:0
01-14 11:20:18.624 I/System.out(18959): Values:0
01-14 11:20:19.615 I/System.out(18959): Values:0
01-14 11:20:20.626 I/System.out(18959): Values:0
01-14 11:20:21.617 I/System.out(18959): Values:0
01-14 11:20:22.618 I/System.out(18959): Values:0
01-14 11:20:23.629 D/BluetoothAdapter(18959): stopLeScan()
01-14 11:20:23.629 I/System.out(18959): Values:0
01-14 11:20:23.639 D/BtGatt.GattService(14573): stopScan() - queue=1
01-14 11:20:23.639 D/BtGatt.GattService(14573): stopScan() - queue empty; stopping scan
01-14 11:20:23.649 D/BtGatt.btif(14573): btif_gattc_scan
01-14 11:20:23.649 D/BtGatt.btif(14573): btgattc_handle_event: Event 1003
01-14 11:20:23.659 D/BtGatt.GattService(14573): unregisterClient() - clientIf=4
01-14 11:20:23.659 D/BtGatt.btif(14573): btif_gattc_unregister_app
01-14 11:20:23.669 D/BtGatt.btif(14573): btgattc_handle_event: Event 1001
01-14 11:20:23.669 D/BtGatt.btif(14573): btif_gattc_upstreams_evt: Event 1
01-14 11:20:23.679 I/System.out(18959): About to start new scanning
01-14 11:20:23.679 D/BluetoothAdapter(18959): startLeScan(): null
01-14 11:20:23.679 D/BtGatt.GattService(14573): registerClient() - UUID=af80d80c-1ee3-45a7-a4aa-46db73b83aab
01-14 11:20:23.689 D/BtGatt.btif(14573): btif_gattc_register_app
01-14 11:20:23.689 D/BtGatt.btif(14573): btgattc_handle_event: Event 1000
01-14 11:20:23.689 D/BtGatt.btif(14573): btif_gattc_upstreams_evt: Event 0
01-14 11:20:23.689 D/BtGatt.GattService(14573): onClientRegistered() - UUID=af80d80c-1ee3-45a7-a4aa-46db73b83aab, clientIf=4
01-14 11:20:23.689 D/BluetoothAdapter(18959): onClientRegistered() - status=0 clientIf=4
01-14 11:20:23.689 D/BtGatt.GattService(14573): startScan() - queue=0
01-14 11:20:23.699 D/BtGatt.GattService(14573): startScan() - adding client=4
01-14 11:20:23.699 D/BtGatt.btif(14573): btif_gattc_scan
01-14 11:20:23.699 D/BtGatt.btif(14573): btgattc_handle_event: Event 1002
01-14 11:20:23.699 I/System.out(18959): Started new scanning
01-14 11:20:24.630 I/System.out(18959): Values:0
01-14 11:20:25.631 I/System.out(18959): Values:0
01-14 11:20:26.642 I/System.out(18959): Values:0
01-14 11:20:27.643 I/System.out(18959): Values:0
01-14 11:20:28.644 I/System.out(18959): Values:0
01-14 11:20:29.645 I/System.out(18959): Values:0
01-14 11:20:30.636 I/System.out(18959): Values:0
01-14 11:20:31.647 I/System.out(18959): Values:0
01-14 11:20:32.648 I/System.out(18959): Values:0
01-14 11:20:33.649 I/System.out(18959): Values:0
01-14 11:20:33.649 D/BluetoothAdapter(18959): stopLeScan()
01-14 11:20:33.659 D/BtGatt.GattService(14573): stopScan() - queue=1
01-14 11:20:33.669 D/BtGatt.GattService(14573): stopScan() - queue empty; stopping scan
01-14 11:20:33.669 D/BtGatt.btif(14573): btif_gattc_scan
01-14 11:20:33.679 D/BtGatt.btif(14573): btgattc_handle_event: Event 1003
01-14 11:20:33.689 D/BtGatt.GattService(14573): unregisterClient() - clientIf=4
01-14 11:20:33.689 D/BtGatt.btif(14573): btif_gattc_unregister_app
01-14 11:20:33.689 D/BtGatt.btif(14573): btgattc_handle_event: Event 1001
01-14 11:20:33.699 D/BtGatt.btif(14573): btif_gattc_upstreams_evt: Event 1
01-14 11:20:33.699 I/System.out(18959): About to start new scanning
01-14 11:20:33.709 D/BluetoothAdapter(18959): startLeScan(): null
01-14 11:20:33.709 D/BtGatt.GattService(14573): registerClient() - UUID=08559eae-8cfb-4b52-9f47-51d71a600958
01-14 11:20:33.709 D/BtGatt.btif(14573): btif_gattc_register_app
01-14 11:20:33.709 D/BtGatt.btif(14573): btgattc_handle_event: Event 1000
01-14 11:20:33.719 D/BtGatt.btif(14573): btif_gattc_upstreams_evt: Event 0
01-14 11:20:33.719 D/BtGatt.GattService(14573): onClientRegistered() - UUID=08559eae-8cfb-4b52-9f47-51d71a600958, clientIf=4
01-14 11:20:33.719 D/BluetoothAdapter(18959): onClientRegistered() - status=0 clientIf=4
01-14 11:20:33.719 D/BtGatt.GattService(14573): startScan() - queue=0
01-14 11:20:33.719 D/BtGatt.GattService(14573): startScan() - adding client=4
01-14 11:20:33.719 D/BtGatt.btif(14573): btif_gattc_scan
01-14 11:20:33.719 D/BtGatt.btif(14573): btgattc_handle_event: Event 1002
01-14 11:20:33.729 I/System.out(18959): Started new scanning
01-14 11:20:34.650 I/System.out(18959): Values:0
01-14 11:20:35.651 I/System.out(18959): Values:0
01-14 11:20:36.662 I/System.out(18959): Values:0
01-14 11:20:37.663 I/System.out(18959): Values:0
01-14 11:20:38.664 I/System.out(18959): Values:0
01-14 11:20:39.655 I/System.out(18959): Values:0
01-14 11:20:40.666 I/System.out(18959): Values:0
01-14 11:20:41.657 I/System.out(18959): Values:0
01-14 11:20:42.668 I/System.out(18959): Values:0
01-14 11:20:43.669 I/System.out(18959): Values:0
01-14 11:20:43.669 D/BluetoothAdapter(18959): stopLeScan()
01-14 11:20:43.689 D/BtGatt.GattService(14573): stopScan() - queue=1
01-14 11:20:43.689 D/BtGatt.GattService(14573): stopScan() - queue empty; stopping scan
01-14 11:20:43.689 D/BtGatt.btif(14573): btif_gattc_scan
01-14 11:20:43.699 D/BtGatt.btif(14573): btgattc_handle_event: Event 1003
01-14 11:20:43.699 D/BtGatt.GattService(14573): unregisterClient() - clientIf=4
01-14 11:20:43.709 D/BtGatt.btif(14573): btif_gattc_unregister_app
01-14 11:20:43.709 D/BtGatt.btif(14573): btgattc_handle_event: Event 1001
01-14 11:20:43.719 D/BtGatt.btif(14573): btif_gattc_upstreams_evt: Event 1
01-14 11:20:43.719 I/System.out(18959): About to start new scanning
01-14 11:20:43.729 D/BluetoothAdapter(18959): startLeScan(): null
01-14 11:20:43.729 D/BtGatt.GattService(14573): registerClient() - UUID=df5b5aa6-7149-4638-b9d0-a9d218a1253e
01-14 11:20:43.739 D/BtGatt.btif(14573): btif_gattc_register_app
01-14 11:20:43.739 D/BtGatt.btif(14573): btgattc_handle_event: Event 1000
01-14 11:20:43.739 D/BtGatt.btif(14573): btif_gattc_upstreams_evt: Event 0
01-14 11:20:43.739 D/BtGatt.GattService(14573): onClientRegistered() - UUID=df5b5aa6-7149-4638-b9d0-a9d218a1253e, clientIf=4
01-14 11:20:43.739 D/BluetoothAdapter(18959): onClientRegistered() - status=0 clientIf=4
01-14 11:20:43.739 D/BtGatt.GattService(14573): startScan() - queue=0
01-14 11:20:43.739 D/BtGatt.GattService(14573): startScan() - adding client=4
01-14 11:20:43.749 D/BtGatt.btif(14573): btif_gattc_scan
01-14 11:20:43.749 D/BtGatt.btif(14573): btgattc_handle_event: Event 1002
01-14 11:20:43.749 I/System.out(18959): Started new scanning
01-14 11:20:44.670 I/System.out(18959): Values:0
01-14 11:20:45.671 I/System.out(18959): Values:0
01-14 11:20:46.672 I/System.out(18959): Values:0
01-14 11:20:47.683 I/System.out(18959): Values:0
01-14 11:20:48.684 I/System.out(18959): Values:0
01-14 11:20:49.684 I/System.out(18959): Values:0
01-14 11:20:50.675 I/System.out(18959): Values:0
01-14 11:20:51.676 I/System.out(18959): Values:0
01-14 11:20:52.687 I/System.out(18959): Values:0
01-14 11:20:53.688 I/System.out(18959): Values:0
01-14 11:20:53.688 D/BluetoothAdapter(18959): stopLeScan()
01-14 11:20:53.698 D/BtGatt.GattService(14573): stopScan() - queue=1
01-14 11:20:53.708 D/BtGatt.GattService(14573): stopScan() - queue empty; stopping scan
01-14 11:20:53.708 D/BtGatt.btif(14573): btif_gattc_scan
01-14 11:20:53.718 D/BtGatt.btif(14573): btgattc_handle_event: Event 1003
01-14 11:20:53.718 D/BtGatt.GattService(14573): unregisterClient() - clientIf=4
01-14 11:20:53.728 D/BtGatt.btif(14573): btif_gattc_unregister_app
01-14 11:20:53.728 D/BtGatt.btif(14573): btgattc_handle_event: Event 1001
01-14 11:20:53.738 D/BtGatt.btif(14573): btif_gattc_upstreams_evt: Event 1
01-14 11:20:53.738 I/System.out(18959): About to start new scanning
01-14 11:20:53.748 D/BluetoothAdapter(18959): startLeScan(): null
01-14 11:20:53.748 D/BtGatt.GattService(14573): registerClient() - UUID=1a49f7b2-85fd-4590-af41-ba1839896eaf
01-14 11:20:53.748 D/BtGatt.btif(14573): btif_gattc_register_app
01-14 11:20:53.748 D/BtGatt.btif(14573): btgattc_handle_event: Event 1000
01-14 11:20:53.758 D/BtGatt.btif(14573): btif_gattc_upstreams_evt: Event 0
01-14 11:20:53.758 D/BtGatt.GattService(14573): onClientRegistered() - UUID=1a49f7b2-85fd-4590-af41-ba1839896eaf, clientIf=4
01-14 11:20:53.758 D/BluetoothAdapter(18959): onClientRegistered() - status=0 clientIf=4
01-14 11:20:53.758 D/BtGatt.GattService(14573): startScan() - queue=0
01-14 11:20:53.758 D/BtGatt.GattService(14573): startScan() - adding client=4
01-14 11:20:53.758 D/BtGatt.btif(14573): btif_gattc_scan
01-14 11:20:53.758 D/BtGatt.btif(14573): btgattc_handle_event: Event 1002
01-14 11:20:53.768 I/System.out(18959): Started new scanning
01-14 11:20:54.689 I/System.out(18959): Values:0
01-14 11:20:55.690 I/System.out(18959): Values:0
01-14 11:20:56.701 I/System.out(18959): Values:0
01-14 11:20:57.702 I/System.out(18959): Values:0
01-14 11:20:58.703 I/System.out(18959): Values:0
01-14 11:20:59.694 I/System.out(18959): Values:0
01-14 11:21:00.695 I/System.out(18959): Values:0
01-14 11:21:01.696 I/System.out(18959): Values:0
01-14 11:21:02.697 I/System.out(18959): Values:0
01-14 11:21:03.708 I/System.out(18959): Values:0
01-14 11:21:03.708 D/BluetoothAdapter(18959): stopLeScan()
01-14 11:21:03.718 D/BtGatt.GattService(14573): stopScan() - queue=1
01-14 11:21:03.718 D/BtGatt.GattService(14573): stopScan() - queue empty; stopping scan
01-14 11:21:03.728 D/BtGatt.btif(14573): btif_gattc_scan
01-14 11:21:03.728 D/BtGatt.btif(14573): btgattc_handle_event: Event 1003
01-14 11:21:03.738 D/BtGatt.GattService(14573): unregisterClient() - clientIf=4
01-14 11:21:03.738 D/BtGatt.btif(14573): btif_gattc_unregister_app
01-14 11:21:03.748 D/BtGatt.btif(14573): btgattc_handle_event: Event 1001
01-14 11:21:03.748 D/BtGatt.btif(14573): btif_gattc_upstreams_evt: Event 1
01-14 11:21:03.758 I/System.out(18959): About to start new scanning
01-14 11:21:03.758 D/BluetoothAdapter(18959): startLeScan(): null
01-14 11:21:03.768 D/BtGatt.GattService(14573): registerClient() - UUID=7cdfa02f-e906-42f5-8c4e-9c01ea75b420
01-14 11:21:03.768 D/BtGatt.btif(14573): btif_gattc_register_app
01-14 11:21:03.768 D/BtGatt.btif(14573): btgattc_handle_event: Event 1000
01-14 11:21:03.768 D/BtGatt.btif(14573): btif_gattc_upstreams_evt: Event 0
01-14 11:21:03.778 D/BtGatt.GattService(14573): onClientRegistered() - UUID=7cdfa02f-e906-42f5-8c4e-9c01ea75b420, clientIf=4
01-14 11:21:03.778 D/BluetoothAdapter(18959): onClientRegistered() - status=0 clientIf=4
01-14 11:21:03.778 D/BtGatt.GattService(14573): startScan() - queue=0
01-14 11:21:03.778 D/BtGatt.GattService(14573): startScan() - adding client=4
01-14 11:21:03.778 D/BtGatt.btif(14573): btif_gattc_scan
01-14 11:21:03.778 D/BtGatt.btif(14573): btgattc_handle_event: Event 1002
01-14 11:21:03.778 I/System.out(18959): Started new scanning
01-14 11:21:04.709 I/System.out(18959): Values:0
01-14 11:21:05.710 I/System.out(18959): Values:0
01-14 11:21:06.711 I/System.out(18959): Values:0
01-14 11:21:07.712 I/System.out(18959): Values:0
01-14 11:21:08.723 I/System.out(18959): Values:0
01-14 11:21:09.724 I/System.out(18959): Values:0
01-14 11:21:10.725 I/System.out(18959): Values:0
01-14 11:21:11.716 I/System.out(18959): Values:0
01-14 11:21:12.727 I/System.out(18959): Values:0
01-14 11:21:13.728 I/System.out(18959): Values:0
01-14 11:21:13.728 D/BluetoothAdapter(18959): stopLeScan()
01-14 11:21:13.738 D/BtGatt.GattService(14573): stopScan() - queue=1
01-14 11:21:13.748 D/BtGatt.GattService(14573): stopScan() - queue empty; stopping scan
01-14 11:21:13.748 D/BtGatt.btif(14573): btif_gattc_scan
01-14 11:21:13.758 D/BtGatt.btif(14573): btgattc_handle_event: Event 1003
01-14 11:21:13.758 D/BtGatt.GattService(14573): unregisterClient() - clientIf=4
01-14 11:21:13.768 D/BtGatt.btif(14573): btif_gattc_unregister_app
01-14 11:21:13.768 D/BtGatt.btif(14573): btgattc_handle_event: Event 1001
01-14 11:21:13.778 D/BtGatt.btif(14573): btif_gattc_upstreams_evt: Event 1
01-14 11:21:13.778 I/System.out(18959): About to start new scanning
01-14 11:21:13.788 D/BluetoothAdapter(18959): startLeScan(): null
01-14 11:21:13.788 D/BtGatt.GattService(14573): registerClient() - UUID=5cb967a6-65f1-42c4-8ae2-387c42cade73
01-14 11:21:13.788 D/BtGatt.btif(14573): btif_gattc_register_app
01-14 11:21:13.788 D/BtGatt.btif(14573): btgattc_handle_event: Event 1000
01-14 11:21:13.798 D/BtGatt.btif(14573): btif_gattc_upstreams_evt: Event 0
01-14 11:21:13.798 D/BtGatt.GattService(14573): onClientRegistered() - UUID=5cb967a6-65f1-42c4-8ae2-387c42cade73, clientIf=4
01-14 11:21:13.798 D/BluetoothAdapter(18959): onClientRegistered() - status=0 clientIf=4
01-14 11:21:13.798 D/BtGatt.GattService(14573): startScan() - queue=0
01-14 11:21:13.798 D/BtGatt.GattService(14573): startScan() - adding client=4
01-14 11:21:13.798 D/BtGatt.btif(14573): btif_gattc_scan
01-14 11:21:13.798 D/BtGatt.btif(14573): btgattc_handle_event: Event 1002
01-14 11:21:13.808 I/System.out(18959): Started new scanning
01-14 11:21:14.729 I/System.out(18959): Values:0
01-14 11:21:15.730 I/System.out(18959): Values:0
01-14 11:21:16.731 I/System.out(18959): Values:0
01-14 11:21:17.742 I/System.out(18959): Values:0
01-14 11:21:18.733 I/System.out(18959): Values:0
01-14 11:21:19.744 I/System.out(18959): Values:0
01-14 11:21:20.735 I/System.out(18959): Values:0
01-14 11:21:21.736 I/System.out(18959): Values:0
01-14 11:21:22.747 I/System.out(18959): Values:0
01-14 11:21:23.748 I/System.out(18959): Values:0
01-14 11:21:23.748 D/BluetoothAdapter(18959): stopLeScan()
01-14 11:21:23.758 D/BtGatt.GattService(14573): stopScan() - queue=1
01-14 11:21:23.758 D/BtGatt.GattService(14573): stopScan() - queue empty; stopping scan
01-14 11:21:23.768 D/BtGatt.btif(14573): btif_gattc_scan
01-14 11:21:23.768 D/BtGatt.btif(14573): btgattc_handle_event: Event 1003
01-14 11:21:23.778 D/BtGatt.GattService(14573): unregisterClient() - clientIf=4
01-14 11:21:23.778 D/BtGatt.btif(14573): btif_gattc_unregister_app
01-14 11:21:23.788 D/BtGatt.btif(14573): btgattc_handle_event: Event 1001
01-14 11:21:23.788 D/BtGatt.btif(14573): btif_gattc_upstreams_evt: Event 1
01-14 11:21:23.798 I/System.out(18959): About to start new scanning
01-14 11:21:23.798 D/BluetoothAdapter(18959): startLeScan(): null
01-14 11:21:23.808 D/BtGatt.GattService(14573): registerClient() - UUID=b12beade-e286-40c1-b325-08484bf8e8b9
01-14 11:21:23.808 D/BtGatt.btif(14573): btif_gattc_register_app
01-14 11:21:23.808 D/BtGatt.btif(14573): btgattc_handle_event: Event 1000
01-14 11:21:23.808 D/BtGatt.btif(14573): btif_gattc_upstreams_evt: Event 0
01-14 11:21:23.818 D/BtGatt.GattService(14573): onClientRegistered() - UUID=b12beade-e286-40c1-b325-08484bf8e8b9, clientIf=4
01-14 11:21:23.818 D/BluetoothAdapter(18959): onClientRegistered() - status=0 clientIf=4
01-14 11:21:23.818 D/BtGatt.GattService(14573): startScan() - queue=0
01-14 11:21:23.818 D/BtGatt.GattService(14573): startScan() - adding client=4
01-14 11:21:23.818 D/BtGatt.btif(14573): btif_gattc_scan
01-14 11:21:23.818 D/BtGatt.btif(14573): btgattc_handle_event: Event 1002
01-14 11:21:23.818 I/System.out(18959): Started new scanning
01-14 11:21:24.749 I/System.out(18959): Values:0
01-14 11:21:25.750 I/System.out(18959): Values:0
01-14 11:21:26.751 I/System.out(18959): Values:0
01-14 11:21:27.752 I/System.out(18959): Values:0
01-14 11:21:28.753 I/System.out(18959): Values:0
01-14 11:21:29.754 I/System.out(18959): Values:0
01-14 11:21:30.755 I/System.out(18959): Values:0
01-14 11:21:31.756 I/System.out(18959): Values:0
01-14 11:21:32.767 I/System.out(18959): Values:0
01-14 11:21:33.757 I/System.out(18959): Values:0
01-14 11:21:33.757 D/BluetoothAdapter(18959): stopLeScan()
01-14 11:21:33.778 D/BtGatt.GattService(14573): stopScan() - queue=1
01-14 11:21:33.778 D/BtGatt.GattService(14573): stopScan() - queue empty; stopping scan
01-14 11:21:33.778 D/BtGatt.btif(14573): btif_gattc_scan
01-14 11:21:33.788 D/BtGatt.btif(14573): btgattc_handle_event: Event 1003
01-14 11:21:33.798 D/BtGatt.GattService(14573): unregisterClient() - clientIf=4
01-14 11:21:33.798 D/BtGatt.btif(14573): btif_gattc_unregister_app
01-14 11:21:33.808 D/BtGatt.btif(14573): btgattc_handle_event: Event 1001
01-14 11:21:33.808 D/BtGatt.btif(14573): btif_gattc_upstreams_evt: Event 1
01-14 11:21:33.818 I/System.out(18959): About to start new scanning
01-14 11:21:33.818 D/BluetoothAdapter(18959): startLeScan(): null
01-14 11:21:33.818 D/BtGatt.GattService(14573): registerClient() - UUID=13c92632-462a-481f-8386-e47cc0f71720
01-14 11:21:33.818 D/BtGatt.btif(14573): btif_gattc_register_app
01-14 11:21:33.828 D/BtGatt.btif(14573): btgattc_handle_event: Event 1000
01-14 11:21:33.828 D/BtGatt.btif(14573): btif_gattc_upstreams_evt: Event 0
01-14 11:21:33.828 D/BtGatt.GattService(14573): onClientRegistered() - UUID=13c92632-462a-481f-8386-e47cc0f71720, clientIf=4
01-14 11:21:33.828 D/BluetoothAdapter(18959): onClientRegistered() - status=0 clientIf=4
01-14 11:21:33.828 D/BtGatt.GattService(14573): startScan() - queue=0
01-14 11:21:33.828 D/BtGatt.GattService(14573): startScan() - adding client=4
01-14 11:21:33.828 D/BtGatt.btif(14573): btif_gattc_scan
01-14 11:21:33.838 D/BtGatt.btif(14573): btgattc_handle_event: Event 1002
01-14 11:21:33.838 I/System.out(18959): Started new scanning
01-14 11:21:34.758 I/System.out(18959): Values:0
01-14 11:21:35.769 I/System.out(18959): Values:0
01-14 11:21:36.770 I/System.out(18959): Values:0
01-14 11:21:37.771 I/System.out(18959): Values:0
01-14 11:21:38.772 I/System.out(18959): Values:0
01-14 11:21:39.773 I/System.out(18959): Values:0
01-14 11:21:40.774 I/System.out(18959): Values:0
01-14 11:21:41.775 I/System.out(18959): Values:0
01-14 11:21:42.776 I/System.out(18959): Values:0
01-14 11:21:43.777 I/System.out(18959): Values:0
01-14 11:21:43.777 D/BluetoothAdapter(18959): stopLeScan()
01-14 11:21:43.797 D/BtGatt.GattService(14573): stopScan() - queue=1
01-14 11:21:43.797 D/BtGatt.GattService(14573): stopScan() - queue empty; stopping scan
01-14 11:21:43.797 D/BtGatt.btif(14573): btif_gattc_scan
01-14 11:21:43.807 D/BtGatt.btif(14573): btgattc_handle_event: Event 1003
01-14 11:21:43.817 D/BtGatt.GattService(14573): unregisterClient() - clientIf=4
01-14 11:21:43.817 D/BtGatt.btif(14573): btif_gattc_unregister_app
01-14 11:21:43.817 D/BtGatt.btif(14573): btgattc_handle_event: Event 1001
01-14 11:21:43.827 D/BtGatt.btif(14573): btif_gattc_upstreams_evt: Event 1
01-14 11:21:43.827 I/System.out(18959): About to start new scanning
01-14 11:21:43.837 D/BluetoothAdapter(18959): startLeScan(): null
01-14 11:21:43.837 D/BtGatt.GattService(14573): registerClient() - UUID=5600ce5f-d37c-42d2-affa-d1ec49969de2
01-14 11:21:43.837 D/BtGatt.btif(14573): btif_gattc_register_app
01-14 11:21:43.847 D/BtGatt.btif(14573): btgattc_handle_event: Event 1000
01-14 11:21:43.847 D/BtGatt.btif(14573): btif_gattc_upstreams_evt: Event 0
01-14 11:21:43.847 D/BtGatt.GattService(14573): onClientRegistered() - UUID=5600ce5f-d37c-42d2-affa-d1ec49969de2, clientIf=4
01-14 11:21:43.847 D/BluetoothAdapter(18959): onClientRegistered() - status=0 clientIf=4
01-14 11:21:43.847 D/BtGatt.GattService(14573): startScan() - queue=0
01-14 11:21:43.847 D/BtGatt.GattService(14573): startScan() - adding client=4
01-14 11:21:43.847 D/BtGatt.btif(14573): btif_gattc_scan
01-14 11:21:43.857 D/BtGatt.btif(14573): btgattc_handle_event: Event 1002
01-14 11:21:43.857 I/System.out(18959): Started new scanning
01-14 11:21:44.778 I/System.out(18959): Values:0
01-14 11:21:45.789 I/System.out(18959): Values:0
01-14 11:21:46.790 I/System.out(18959): Values:0
01-14 11:21:47.791 I/System.out(18959): Values:0
01-14 11:21:48.792 I/System.out(18959): Values:0
01-14 11:21:49.793 I/System.out(18959): Values:0
01-14 11:21:50.794 I/System.out(18959): Values:0
01-14 11:21:51.795 I/System.out(18959): Values:0
01-14 11:21:52.796 I/System.out(18959): Values:0
01-14 11:21:53.797 I/System.out(18959): Values:0
01-14 11:21:53.797 D/BluetoothAdapter(18959): stopLeScan()
01-14 11:21:53.807 D/BtGatt.GattService(14573): stopScan() - queue=1
01-14 11:21:53.807 D/BtGatt.GattService(14573): stopScan() - queue empty; stopping scan
01-14 11:21:53.817 D/BtGatt.btif(14573): btif_gattc_scan
01-14 11:21:53.817 D/BtGatt.btif(14573): btgattc_handle_event: Event 1003
01-14 11:21:53.827 D/BtGatt.GattService(14573): unregisterClient() - clientIf=4
01-14 11:21:53.827 D/BtGatt.btif(14573): btif_gattc_unregister_app
01-14 11:21:53.837 D/BtGatt.btif(14573): btgattc_handle_event: Event 1001
01-14 11:21:53.837 D/BtGatt.btif(14573): btif_gattc_upstreams_evt: Event 1
01-14 11:21:53.847 I/System.out(18959): About to start new scanning
01-14 11:21:53.847 D/BluetoothAdapter(18959): startLeScan(): null
01-14 11:21:53.867 D/BtGatt.GattService(14573): registerClient() - UUID=594c29ad-45b4-4d9e-bcff-f9e1b7878d9e
