01-07 12:04:48.555 V/BluetoothDiscoveryReceiver( 1679): Received: android.bluetooth.adapter.action.DISCOVERY_FINISHED
01-07 12:04:48.555 I/BluetoothAdapterProperties( 1749): Callback:discoveryStateChangeCallback with state:1
01-07 12:04:48.585 V/BluetoothDiscoveryReceiver( 1679): Received: android.bluetooth.adapter.action.DISCOVERY_STARTED
01-07 12:04:52.689 I/System.out( 1963): Yanita Oparlakova’s MacBook Pro E4:CE:8F:15:7D:27
01-07 12:04:52.689 I/System.out( 1963): Anastasia Bugaenko’s MacBook 60:33:4B:02:92:D4
01-07 12:04:53.690 I/System.out( 1963): Yanita Oparlakova’s MacBook Pro E4:CE:8F:15:7D:27
01-07 12:04:53.690 I/System.out( 1963): Anastasia Bugaenko’s MacBook 60:33:4B:02:92:D4
01-07 12:04:54.691 I/System.out( 1963): Yanita Oparlakova’s MacBook Pro E4:CE:8F:15:7D:27
01-07 12:04:54.691 I/System.out( 1963): Anastasia Bugaenko’s MacBook 60:33:4B:02:92:D4
01-07 12:04:55.692 I/System.out( 1963): Yanita Oparlakova’s MacBook Pro E4:CE:8F:15:7D:27
01-07 12:04:55.692 I/System.out( 1963): Anastasia Bugaenko’s MacBook 60:33:4B:02:92:D4
01-07 12:04:56.693 I/System.out( 1963): Yanita Oparlakova’s MacBook Pro E4:CE:8F:15:7D:27
01-07 12:04:56.693 I/System.out( 1963): Anastasia Bugaenko’s MacBook 60:33:4B:02:92:D4
01-07 12:04:57.684 I/System.out( 1963): Yanita Oparlakova’s MacBook Pro E4:CE:8F:15:7D:27
01-07 12:04:57.684 I/System.out( 1963): Anastasia Bugaenko’s MacBook 60:33:4B:02:92:D4
01-07 12:04:58.685 I/System.out( 1963): Yanita Oparlakova’s MacBook Pro E4:CE:8F:15:7D:27
01-07 12:04:58.685 I/System.out( 1963): Anastasia Bugaenko’s MacBook 60:33:4B:02:92:D4
01-07 12:04:59.686 I/System.out( 1963): Yanita Oparlakova’s MacBook Pro E4:CE:8F:15:7D:27
01-07 12:04:59.686 I/System.out( 1963): Anastasia Bugaenko’s MacBook 60:33:4B:02:92:D4
01-07 12:05:00.687 I/System.out( 1963): Yanita Oparlakova’s MacBook Pro E4:CE:8F:15:7D:27
01-07 12:05:00.687 I/System.out( 1963): Anastasia Bugaenko’s MacBook 60:33:4B:02:92:D4
01-07 12:05:01.388 I/BluetoothAdapterProperties( 1749): Callback:discoveryStateChangeCallback with state:0
01-07 12:05:01.408 W/bt-btif ( 1749): bta_dm_check_av:0
01-07 12:05:01.408 V/BluetoothDiscoveryReceiver( 1679): Received: android.bluetooth.adapter.action.DISCOVERY_FINISHED
01-07 12:05:01.418 I/BluetoothAdapterProperties( 1749): Callback:discoveryStateChangeCallback with state:1
01-07 12:05:01.458 D/dalvikvm( 1679): GC_FOR_ALLOC freed 353K, 7% free 9319K/9920K, paused 42ms, total 42ms
01-07 12:05:01.478 V/BluetoothDiscoveryReceiver( 1679): Received: android.bluetooth.adapter.action.DISCOVERY_STARTED
01-07 12:05:05.692 I/System.out( 1963): Yanita Oparlakova’s MacBook Pro E4:CE:8F:15:7D:27
01-07 12:05:05.692 I/System.out( 1963): Anastasia Bugaenko’s MacBook 60:33:4B:02:92:D4
01-07 12:05:06.693 I/System.out( 1963): Yanita Oparlakova’s MacBook Pro E4:CE:8F:15:7D:27
01-07 12:05:06.693 I/System.out( 1963): Anastasia Bugaenko’s MacBook 60:33:4B:02:92:D4
01-07 12:05:07.694 I/System.out( 1963): Yanita Oparlakova’s MacBook Pro E4:CE:8F:15:7D:27
01-07 12:05:07.694 I/System.out( 1963): Anastasia Bugaenko’s MacBook 60:33:4B:02:92:D4
01-07 12:05:08.695 I/System.out( 1963): Yanita Oparlakova’s MacBook Pro E4:CE:8F:15:7D:27
01-07 12:05:08.695 I/System.out( 1963): Anastasia Bugaenko’s MacBook 60:33:4B:02:92:D4
01-07 12:05:09.686 I/System.out( 1963): Yanita Oparlakova’s MacBook Pro E4:CE:8F:15:7D:27
01-07 12:05:09.686 I/System.out( 1963): Anastasia Bugaenko’s MacBook 60:33:4B:02:92:D4
01-07 12:05:10.697 I/System.out( 1963): Yanita Oparlakova’s MacBook Pro E4:CE:8F:15:7D:27
01-07 12:05:10.697 I/System.out( 1963): Anastasia Bugaenko’s MacBook 60:33:4B:02:92:D4
01-07 12:05:11.708 I/System.out( 1963): Yanita Oparlakova’s MacBook Pro E4:CE:8F:15:7D:27
01-07 12:05:11.708 I/System.out( 1963): Anastasia Bugaenko’s MacBook 60:33:4B:02:92:D4
01-07 12:05:12.699 I/System.out( 1963): Yanita Oparlakova’s MacBook Pro E4:CE:8F:15:7D:27
01-07 12:05:12.699 I/System.out( 1963): Anastasia Bugaenko’s MacBook 60:33:4B:02:92:D4
01-07 12:05:13.700 I/System.out( 1963): Yanita Oparlakova’s MacBook Pro E4:CE:8F:15:7D:27
01-07 12:05:13.700 I/System.out( 1963): Anastasia Bugaenko’s MacBook 60:33:4B:02:92:D4
01-07 12:05:14.240 I/BluetoothAdapterProperties( 1749): Callback:discoveryStateChangeCallback with state:0
01-07 12:05:14.260 W/bt-btif ( 1749): bta_dm_check_av:0
01-07 12:05:14.270 V/BluetoothDiscoveryReceiver( 1679): Received: android.bluetooth.adapter.action.DISCOVERY_FINISHED
01-07 12:05:14.270 I/BluetoothAdapterProperties( 1749): Callback:discoveryStateChangeCallback with state:1
01-07 12:05:14.300 V/BluetoothDiscoveryReceiver( 1679): Received: android.bluetooth.adapter.action.DISCOVERY_STARTED
01-07 12:05:14.701 I/System.out( 1963): Yanita Oparlakova’s MacBook Pro E4:CE:8F:15:7D:27
01-07 12:05:15.702 I/System.out( 1963): Yanita Oparlakova’s MacBook Pro E4:CE:8F:15:7D:27
01-07 12:05:16.703 I/System.out( 1963): Yanita Oparlakova’s MacBook Pro E4:CE:8F:15:7D:27
01-07 12:05:17.704 I/System.out( 1963): Yanita Oparlakova’s MacBook Pro E4:CE:8F:15:7D:27
01-07 12:05:18.705 I/System.out( 1963): Yanita Oparlakova’s MacBook Pro E4:CE:8F:15:7D:27
01-07 12:05:18.705 I/System.out( 1963): Anastasia Bugaenko’s MacBook 60:33:4B:02:92:D4
01-07 12:05:19.706 I/System.out( 1963): Yanita Oparlakova’s MacBook Pro E4:CE:8F:15:7D:27
01-07 12:05:19.706 I/System.out( 1963): Anastasia Bugaenko’s MacBook 60:33:4B:02:92:D4
01-07 12:05:20.707 I/System.out( 1963): Yanita Oparlakova’s MacBook Pro E4:CE:8F:15:7D:27
01-07 12:05:20.707 I/System.out( 1963): Anastasia Bugaenko’s MacBook 60:33:4B:02:92:D4
01-07 12:05:21.708 I/System.out( 1963): Yanita Oparlakova’s MacBook Pro E4:CE:8F:15:7D:27
01-07 12:05:21.708 I/System.out( 1963): Anastasia Bugaenko’s MacBook 60:33:4B:02:92:D4
01-07 12:05:22.709 I/System.out( 1963): Yanita Oparlakova’s MacBook Pro E4:CE:8F:15:7D:27
01-07 12:05:22.709 I/System.out( 1963): Anastasia Bugaenko’s MacBook 60:33:4B:02:92:D4
01-07 12:05:23.720 I/System.out( 1963): Yanita Oparlakova’s MacBook Pro E4:CE:8F:15:7D:27
01-07 12:05:23.720 I/System.out( 1963): Anastasia Bugaenko’s MacBook 60:33:4B:02:92:D4
01-07 12:05:24.721 I/System.out( 1963): Yanita Oparlakova’s MacBook Pro E4:CE:8F:15:7D:27
01-07 12:05:24.721 I/System.out( 1963): Anastasia Bugaenko’s MacBook 60:33:4B:02:92:D4
01-07 12:05:25.722 I/System.out( 1963): Yanita Oparlakova’s MacBook Pro E4:CE:8F:15:7D:27
01-07 12:05:25.722 I/System.out( 1963): Anastasia Bugaenko’s MacBook 60:33:4B:02:92:D4
01-07 12:05:26.723 I/System.out( 1963): Yanita Oparlakova’s MacBook Pro E4:CE:8F:15:7D:27
01-07 12:05:26.723 I/System.out( 1963): Anastasia Bugaenko’s MacBook 60:33:4B:02:92:D4
01-07 12:05:27.103 I/BluetoothAdapterProperties( 1749): Callback:discoveryStateChangeCallback with state:0
01-07 12:05:27.113 W/bt-btif ( 1749): bta_dm_check_av:0
01-07 12:05:27.113 V/BluetoothDiscoveryReceiver( 1679): Received: android.bluetooth.adapter.action.DISCOVERY_FINISHED
01-07 12:05:27.123 I/BluetoothAdapterProperties( 1749): Callback:discoveryStateChangeCallback with state:1
01-07 12:05:27.133 V/BluetoothDiscoveryReceiver( 1679): Received: android.bluetooth.adapter.action.DISCOVERY_STARTED
01-07 12:05:28.724 I/System.out( 1963): Anastasia Bugaenko’s MacBook 60:33:4B:02:92:D4
01-07 12:05:29.725 I/System.out( 1963): Anastasia Bugaenko’s MacBook 60:33:4B:02:92:D4
01-07 12:05:30.716 I/System.out( 1963): Anastasia Bugaenko’s MacBook 60:33:4B:02:92:D4
01-07 12:05:31.727 I/System.out( 1963): Anastasia Bugaenko’s MacBook 60:33:4B:02:92:D4
01-07 12:05:31.727 I/System.out( 1963): Yanita Oparlakova’s MacBook Pro E4:CE:8F:15:7D:27
01-07 12:05:32.728 I/System.out( 1963): Anastasia Bugaenko’s MacBook 60:33:4B:02:92:D4
01-07 12:05:32.728 I/System.out( 1963): Yanita Oparlakova’s MacBook Pro E4:CE:8F:15:7D:27
01-07 12:05:33.719 I/System.out( 1963): Anastasia Bugaenko’s MacBook 60:33:4B:02:92:D4
01-07 12:05:33.719 I/System.out( 1963): Yanita Oparlakova’s MacBook Pro E4:CE:8F:15:7D:27
01-07 12:05:34.720 I/System.out( 1963): Anastasia Bugaenko’s MacBook 60:33:4B:02:92:D4
01-07 12:05:34.720 I/System.out( 1963): Yanita Oparlakova’s MacBook Pro E4:CE:8F:15:7D:27
01-07 12:05:35.731 I/System.out( 1963): Anastasia Bugaenko’s MacBook 60:33:4B:02:92:D4
01-07 12:05:35.731 I/System.out( 1963): Yanita Oparlakova’s MacBook Pro E4:CE:8F:15:7D:27
01-07 12:05:36.732 I/System.out( 1963): Anastasia Bugaenko’s MacBook 60:33:4B:02:92:D4
01-07 12:05:36.732 I/System.out( 1963): Yanita Oparlakova’s MacBook Pro E4:CE:8F:15:7D:27
01-07 12:05:37.733 I/System.out( 1963): Anastasia Bugaenko’s MacBook 60:33:4B:02:92:D4
01-07 12:05:37.733 I/System.out( 1963): Yanita Oparlakova’s MacBook Pro E4:CE:8F:15:7D:27
01-07 12:05:38.734 I/System.out( 1963): Anastasia Bugaenko’s MacBook 60:33:4B:02:92:D4
01-07 12:05:38.734 I/System.out( 1963): Yanita Oparlakova’s MacBook Pro E4:CE:8F:15:7D:27
01-07 12:05:39.725 I/System.out( 1963): Anastasia Bugaenko’s MacBook 60:33:4B:02:92:D4
01-07 12:05:39.725 I/System.out( 1963): Yanita Oparlakova’s MacBook Pro E4:CE:8F:15:7D:27
01-07 12:05:39.945 I/BluetoothAdapterProperties( 1749): Callback:discoveryStateChangeCallback with state:0
01-07 12:05:39.975 W/bt-btif ( 1749): bta_dm_check_av:0
01-07 12:05:39.975 V/BluetoothDiscoveryReceiver( 1679): Received: android.bluetooth.adapter.action.DISCOVERY_FINISHED
01-07 12:05:39.985 I/BluetoothAdapterProperties( 1749): Callback:discoveryStateChangeCallback with state:1
01-07 12:05:40.016 V/BluetoothDiscoveryReceiver( 1679): Received: android.bluetooth.adapter.action.DISCOVERY_STARTED
01-07 12:05:40.036 D/dalvikvm( 1679): GC_FOR_ALLOC freed 357K, 7% free 9320K/9920K, paused 14ms, total 15ms
01-07 12:05:43.819 D/dalvikvm( 1963): GC_CONCURRENT freed 386K, 5% free 9027K/9452K, paused 4ms+1ms, total 41ms
01-07 12:05:44.150 D/dalvikvm( 1749): GC_CONCURRENT freed 395K, 5% free 9016K/9460K, paused 1ms+3ms, total 66ms
01-07 12:05:44.730 I/System.out( 1963): Yanita Oparlakova’s MacBook Pro E4:CE:8F:15:7D:27
01-07 12:05:44.730 I/System.out( 1963): Anastasia Bugaenko’s MacBook 60:33:4B:02:92:D4
01-07 12:05:45.731 I/System.out( 1963): Yanita Oparlakova’s MacBook Pro E4:CE:8F:15:7D:27
01-07 12:05:45.731 I/System.out( 1963): Anastasia Bugaenko’s MacBook 60:33:4B:02:92:D4
01-07 12:05:46.732 I/System.out( 1963): Yanita Oparlakova’s MacBook Pro E4:CE:8F:15:7D:27
01-07 12:05:46.732 I/System.out( 1963): Anastasia Bugaenko’s MacBook 60:33:4B:02:92:D4
01-07 12:05:47.733 I/System.out( 1963): Yanita Oparlakova’s MacBook Pro E4:CE:8F:15:7D:27
01-07 12:05:47.733 I/System.out( 1963): Anastasia Bugaenko’s MacBook 60:33:4B:02:92:D4
01-07 12:05:48.734 I/System.out( 1963): Yanita Oparlakova’s MacBook Pro E4:CE:8F:15:7D:27
01-07 12:05:48.734 I/System.out( 1963): Anastasia Bugaenko’s MacBook 60:33:4B:02:92:D4
01-07 12:05:49.735 I/System.out( 1963): Yanita Oparlakova’s MacBook Pro E4:CE:8F:15:7D:27
01-07 12:05:49.735 I/System.out( 1963): Anastasia Bugaenko’s MacBook 60:33:4B:02:92:D4
01-07 12:05:50.736 I/System.out( 1963): Yanita Oparlakova’s MacBook Pro E4:CE:8F:15:7D:27
01-07 12:05:50.736 I/System.out( 1963): Anastasia Bugaenko’s MacBook 60:33:4B:02:92:D4
01-07 12:05:51.737 I/System.out( 1963): Yanita Oparlakova’s MacBook Pro E4:CE:8F:15:7D:27
01-07 12:05:51.737 I/System.out( 1963): Anastasia Bugaenko’s MacBook 60:33:4B:02:92:D4
01-07 12:05:52.738 I/System.out( 1963): Yanita Oparlakova’s MacBook Pro E4:CE:8F:15:7D:27
01-07 12:05:52.738 I/System.out( 1963): Anastasia Bugaenko’s MacBook 60:33:4B:02:92:D4
01-07 12:05:52.818 I/BluetoothAdapterProperties( 1749): Callback:discoveryStateChangeCallback with state:0
01-07 12:05:52.828 V/BluetoothDiscoveryReceiver( 1679): Received: android.bluetooth.adapter.action.DISCOVERY_FINISHED
01-07 12:05:52.828 W/bt-btif ( 1749): bta_dm_check_av:0
01-07 12:05:52.838 I/BluetoothAdapterProperties( 1749): Callback:discoveryStateChangeCallback with state:1
01-07 12:05:52.858 V/BluetoothDiscoveryReceiver( 1679): Received: android.bluetooth.adapter.action.DISCOVERY_STARTED
01-07 12:05:54.740 I/System.out( 1963): Yanita Oparlakova’s MacBook Pro E4:CE:8F:15:7D:27
01-07 12:05:55.741 I/System.out( 1963): Yanita Oparlakova’s MacBook Pro E4:CE:8F:15:7D:27
01-07 12:05:56.742 I/System.out( 1963): Yanita Oparlakova’s MacBook Pro E4:CE:8F:15:7D:27
01-07 12:05:57.743 I/System.out( 1963): Yanita Oparlakova’s MacBook Pro E4:CE:8F:15:7D:27
01-07 12:05:57.743 I/System.out( 1963): Anastasia Bugaenko’s MacBook 60:33:4B:02:92:D4
01-07 12:05:58.744 I/System.out( 1963): Yanita Oparlakova’s MacBook Pro E4:CE:8F:15:7D:27
01-07 12:05:58.744 I/System.out( 1963): Anastasia Bugaenko’s MacBook 60:33:4B:02:92:D4
01-07 12:05:59.745 I/System.out( 1963): Yanita Oparlakova’s MacBook Pro E4:CE:8F:15:7D:27
01-07 12:05:59.745 I/System.out( 1963): Anastasia Bugaenko’s MacBook 60:33:4B:02:92:D4
01-07 12:06:00.736 I/System.out( 1963): Yanita Oparlakova’s MacBook Pro E4:CE:8F:15:7D:27
01-07 12:06:00.736 I/System.out( 1963): Anastasia Bugaenko’s MacBook 60:33:4B:02:92:D4
01-07 12:06:01.737 I/System.out( 1963): Yanita Oparlakova’s MacBook Pro E4:CE:8F:15:7D:27
01-07 12:06:01.737 I/System.out( 1963): Anastasia Bugaenko’s MacBook 60:33:4B:02:92:D4
01-07 12:06:02.738 I/System.out( 1963): Yanita Oparlakova’s MacBook Pro E4:CE:8F:15:7D:27
01-07 12:06:02.738 I/System.out( 1963): Anastasia Bugaenko’s MacBook 60:33:4B:02:92:D4
01-07 12:06:03.739 I/System.out( 1963): Yanita Oparlakova’s MacBook Pro E4:CE:8F:15:7D:27
01-07 12:06:03.739 I/System.out( 1963): Anastasia Bugaenko’s MacBook 60:33:4B:02:92:D4
01-07 12:06:04.740 I/System.out( 1963): Yanita Oparlakova’s MacBook Pro E4:CE:8F:15:7D:27
01-07 12:06:04.740 I/System.out( 1963): Anastasia Bugaenko’s MacBook 60:33:4B:02:92:D4
01-07 12:06:05.671 I/BluetoothAdapterProperties( 1749): Callback:discoveryStateChangeCallback with state:0
01-07 12:06:05.691 W/bt-btif ( 1749): bta_dm_check_av:0
01-07 12:06:05.691 I/BluetoothAdapterProperties( 1749): Callback:discoveryStateChangeCallback with state:1
01-07 12:06:05.701 V/BluetoothDiscoveryReceiver( 1679): Received: android.bluetooth.adapter.action.DISCOVERY_FINISHED
01-07 12:06:05.731 V/BluetoothDiscoveryReceiver( 1679): Received: android.bluetooth.adapter.action.DISCOVERY_STARTED
01-07 12:06:06.742 I/System.out( 1963): Anastasia Bugaenko’s MacBook 60:33:4B:02:92:D4
01-07 12:06:07.743 I/System.out( 1963): Anastasia Bugaenko’s MacBook 60:33:4B:02:92:D4
01-07 12:06:07.743 I/System.out( 1963): Yanita Oparlakova’s MacBook Pro E4:CE:8F:15:7D:27
01-07 12:06:08.744 I/System.out( 1963): Anastasia Bugaenko’s MacBook 60:33:4B:02:92:D4
01-07 12:06:08.744 I/System.out( 1963): Yanita Oparlakova’s MacBook Pro E4:CE:8F:15:7D:27
01-07 12:06:09.745 I/System.out( 1963): Anastasia Bugaenko’s MacBook 60:33:4B:02:92:D4
01-07 12:06:09.745 I/System.out( 1963): Yanita Oparlakova’s MacBook Pro E4:CE:8F:15:7D:27
01-07 12:06:10.735 I/System.out( 1963): Anastasia Bugaenko’s MacBook 60:33:4B:02:92:D4
01-07 12:06:10.735 I/System.out( 1963): Yanita Oparlakova’s MacBook Pro E4:CE:8F:15:7D:27
01-07 12:06:11.746 I/System.out( 1963): Anastasia Bugaenko’s MacBook 60:33:4B:02:92:D4
01-07 12:06:11.746 I/System.out( 1963): Yanita Oparlakova’s MacBook Pro E4:CE:8F:15:7D:27
01-07 12:06:12.747 I/System.out( 1963): Anastasia Bugaenko’s MacBook 60:33:4B:02:92:D4
01-07 12:06:12.747 I/System.out( 1963): Yanita Oparlakova’s MacBook Pro E4:CE:8F:15:7D:27
01-07 12:06:13.748 I/System.out( 1963): Anastasia Bugaenko’s MacBook 60:33:4B:02:92:D4
01-07 12:06:13.748 I/System.out( 1963): Yanita Oparlakova’s MacBook Pro E4:CE:8F:15:7D:27
01-07 12:06:14.749 I/System.out( 1963): Anastasia Bugaenko’s MacBook 60:33:4B:02:92:D4
01-07 12:06:14.749 I/System.out( 1963): Yanita Oparlakova’s MacBook Pro E4:CE:8F:15:7D:27
01-07 12:06:15.750 I/System.out( 1963): Anastasia Bugaenko’s MacBook 60:33:4B:02:92:D4
01-07 12:06:15.750 I/System.out( 1963): Yanita Oparlakova’s MacBook Pro E4:CE:8F:15:7D:27
01-07 12:06:16.751 I/System.out( 1963): Anastasia Bugaenko’s MacBook 60:33:4B:02:92:D4
01-07 12:06:16.751 I/System.out( 1963): Yanita Oparlakova’s MacBook Pro E4:CE:8F:15:7D:27
01-07 12:06:17.752 I/System.out( 1963): Anastasia Bugaenko’s MacBook 60:33:4B:02:92:D4
01-07 12:06:17.752 I/System.out( 1963): Yanita Oparlakova’s MacBook Pro E4:CE:8F:15:7D:27
01-07 12:06:18.523 I/BluetoothAdapterProperties( 1749): Callback:discoveryStateChangeCallback with state:0
01-07 12:06:18.533 W/bt-btif ( 1749): bta_dm_check_av:0
01-07 12:06:18.533 V/BluetoothDiscoveryReceiver( 1679): Received: android.bluetooth.adapter.action.DISCOVERY_FINISHED
01-07 12:06:18.543 I/BluetoothAdapterProperties( 1749): Callback:discoveryStateChangeCallback with state:1
01-07 12:06:18.553 V/BluetoothDiscoveryReceiver( 1679): Received: android.bluetooth.adapter.action.DISCOVERY_STARTED
01-07 12:06:18.613 D/dalvikvm( 1679): GC_FOR_ALLOC freed 357K, 7% free 9317K/9920K, paused 14ms, total 14ms
01-07 12:06:22.757 I/System.out( 1963): Yanita Oparlakova’s MacBook Pro E4:CE:8F:15:7D:27
01-07 12:06:22.757 I/System.out( 1963): Anastasia Bugaenko’s MacBook 60:33:4B:02:92:D4
01-07 12:06:23.758 I/System.out( 1963): Yanita Oparlakova’s MacBook Pro E4:CE:8F:15:7D:27
01-07 12:06:23.758 I/System.out( 1963): Anastasia Bugaenko’s MacBook 60:33:4B:02:92:D4
01-07 12:06:24.759 I/System.out( 1963): Yanita Oparlakova’s MacBook Pro E4:CE:8F:15:7D:27
01-07 12:06:24.759 I/System.out( 1963): Anastasia Bugaenko’s MacBook 60:33:4B:02:92:D4
01-07 12:06:25.750 I/System.out( 1963): Yanita Oparlakova’s MacBook Pro E4:CE:8F:15:7D:27
01-07 12:06:25.760 I/System.out( 1963): Anastasia Bugaenko’s MacBook 60:33:4B:02:92:D4
01-07 12:06:26.761 I/System.out( 1963): Yanita Oparlakova’s MacBook Pro E4:CE:8F:15:7D:27
01-07 12:06:26.761 I/System.out( 1963): Anastasia Bugaenko’s MacBook 60:33:4B:02:92:D4
01-07 12:06:27.762 I/System.out( 1963): Yanita Oparlakova’s MacBook Pro E4:CE:8F:15:7D:27
01-07 12:06:27.762 I/System.out( 1963): Anastasia Bugaenko’s MacBook 60:33:4B:02:92:D4
01-07 12:06:28.763 I/System.out( 1963): Yanita Oparlakova’s MacBook Pro E4:CE:8F:15:7D:27
01-07 12:06:28.763 I/System.out( 1963): Anastasia Bugaenko’s MacBook 60:33:4B:02:92:D4
01-07 12:06:29.754 I/System.out( 1963): Yanita Oparlakova’s MacBook Pro E4:CE:8F:15:7D:27
01-07 12:06:29.754 I/System.out( 1963): Anastasia Bugaenko’s MacBook 60:33:4B:02:92:D4
01-07 12:06:30.765 I/System.out( 1963): Yanita Oparlakova’s MacBook Pro E4:CE:8F:15:7D:27
01-07 12:06:30.765 I/System.out( 1963): Anastasia Bugaenko’s MacBook 60:33:4B:02:92:D4
01-07 12:06:31.376 I/BluetoothAdapterProperties( 1749): Callback:discoveryStateChangeCallback with state:0
01-07 12:06:31.386 W/bt-btif ( 1749): bta_dm_check_av:0
01-07 12:06:31.396 I/BluetoothAdapterProperties( 1749): Callback:discoveryStateChangeCallback with state:1
01-07 12:06:31.406 V/BluetoothDiscoveryReceiver( 1679): Received: android.bluetooth.adapter.action.DISCOVERY_FINISHED
01-07 12:06:31.426 V/BluetoothDiscoveryReceiver( 1679): Received: android.bluetooth.adapter.action.DISCOVERY_STARTED
01-07 12:06:31.756 I/System.out( 1963): Yanita Oparlakova’s MacBook Pro E4:CE:8F:15:7D:27
01-07 12:06:32.757 I/System.out( 1963): Yanita Oparlakova’s MacBook Pro E4:CE:8F:15:7D:27
01-07 12:06:33.768 I/System.out( 1963): Yanita Oparlakova’s MacBook Pro E4:CE:8F:15:7D:27
01-07 12:06:33.768 I/System.out( 1963): Anastasia Bugaenko’s MacBook 60:33:4B:02:92:D4
01-07 12:06:34.769 I/System.out( 1963): Yanita Oparlakova’s MacBook Pro E4:CE:8F:15:7D:27
01-07 12:06:34.769 I/System.out( 1963): Anastasia Bugaenko’s MacBook 60:33:4B:02:92:D4
01-07 12:06:35.770 I/System.out( 1963): Yanita Oparlakova’s MacBook Pro E4:CE:8F:15:7D:27
01-07 12:06:35.770 I/System.out( 1963): Anastasia Bugaenko’s MacBook 60:33:4B:02:92:D4
01-07 12:06:36.771 I/System.out( 1963): Yanita Oparlakova’s MacBook Pro E4:CE:8F:15:7D:27
01-07 12:06:36.771 I/System.out( 1963): Anastasia Bugaenko’s MacBook 60:33:4B:02:92:D4
01-07 12:06:37.772 I/System.out( 1963): Yanita Oparlakova’s MacBook Pro E4:CE:8F:15:7D:27
01-07 12:06:37.772 I/System.out( 1963): Anastasia Bugaenko’s MacBook 60:33:4B:02:92:D4
01-07 12:06:38.773 I/System.out( 1963): Yanita Oparlakova’s MacBook Pro E4:CE:8F:15:7D:27
01-07 12:06:38.773 I/System.out( 1963): Anastasia Bugaenko’s MacBook 60:33:4B:02:92:D4
01-07 12:06:39.774 I/System.out( 1963): Yanita Oparlakova’s MacBook Pro E4:CE:8F:15:7D:27
01-07 12:06:39.774 I/System.out( 1963): Anastasia Bugaenko’s MacBook 60:33:4B:02:92:D4
01-07 12:06:40.765 I/System.out( 1963): Yanita Oparlakova’s MacBook Pro E4:CE:8F:15:7D:27
01-07 12:06:40.765 I/System.out( 1963): Anastasia Bugaenko’s MacBook 60:33:4B:02:92:D4
01-07 12:06:41.776 I/System.out( 1963): Yanita Oparlakova’s MacBook Pro E4:CE:8F:15:7D:27
01-07 12:06:41.776 I/System.out( 1963): Anastasia Bugaenko’s MacBook 60:33:4B:02:92:D4
01-07 12:06:42.767 I/System.out( 1963): Yanita Oparlakova’s MacBook Pro E4:CE:8F:15:7D:27
01-07 12:06:42.767 I/System.out( 1963): Anastasia Bugaenko’s MacBook 60:33:4B:02:92:D4
01-07 12:06:43.768 I/System.out( 1963): Yanita Oparlakova’s MacBook Pro E4:CE:8F:15:7D:27
01-07 12:06:43.768 I/System.out( 1963): Anastasia Bugaenko’s MacBook 60:33:4B:02:92:D4
01-07 12:06:44.228 I/BluetoothAdapterProperties( 1749): Callback:discoveryStateChangeCallback with state:0
01-07 12:06:44.248 W/bt-btif ( 1749): bta_dm_check_av:0
01-07 12:06:44.248 V/BluetoothDiscoveryReceiver( 1679): Received: android.bluetooth.adapter.action.DISCOVERY_FINISHED
01-07 12:06:44.258 I/BluetoothAdapterProperties( 1749): Callback:discoveryStateChangeCallback with state:1
01-07 12:06:44.268 V/BluetoothDiscoveryReceiver( 1679): Received: android.bluetooth.adapter.action.DISCOVERY_STARTED
01-07 12:06:44.769 I/System.out( 1963): Anastasia Bugaenko’s MacBook 60:33:4B:02:92:D4
01-07 12:06:45.770 I/System.out( 1963): Anastasia Bugaenko’s MacBook 60:33:4B:02:92:D4
01-07 12:06:46.771 I/System.out( 1963): Anastasia Bugaenko’s MacBook 60:33:4B:02:92:D4
01-07 12:06:47.772 I/System.out( 1963): Anastasia Bugaenko’s MacBook 60:33:4B:02:92:D4
01-07 12:06:48.773 I/System.out( 1963): Anastasia Bugaenko’s MacBook 60:33:4B:02:92:D4
01-07 12:06:48.773 I/System.out( 1963): Yanita Oparlakova’s MacBook Pro E4:CE:8F:15:7D:27
01-07 12:06:49.774 I/System.out( 1963): Anastasia Bugaenko’s MacBook 60:33:4B:02:92:D4
01-07 12:06:49.774 I/System.out( 1963): Yanita Oparlakova’s MacBook Pro E4:CE:8F:15:7D:27
01-07 12:06:50.775 I/System.out( 1963): Anastasia Bugaenko’s MacBook 60:33:4B:02:92:D4
01-07 12:06:50.775 I/System.out( 1963): Yanita Oparlakova’s MacBook Pro E4:CE:8F:15:7D:27
01-07 12:06:51.776 I/System.out( 1963): Anastasia Bugaenko’s MacBook 60:33:4B:02:92:D4
01-07 12:06:51.776 I/System.out( 1963): Yanita Oparlakova’s MacBook Pro E4:CE:8F:15:7D:27
01-07 12:06:52.776 I/System.out( 1963): Anastasia Bugaenko’s MacBook 60:33:4B:02:92:D4
01-07 12:06:52.776 I/System.out( 1963): Yanita Oparlakova’s MacBook Pro E4:CE:8F:15:7D:27
01-07 12:06:53.777 I/System.out( 1963): Anastasia Bugaenko’s MacBook 60:33:4B:02:92:D4
01-07 12:06:53.777 I/System.out( 1963): Yanita Oparlakova’s MacBook Pro E4:CE:8F:15:7D:27
01-07 12:06:54.778 I/System.out( 1963): Anastasia Bugaenko’s MacBook 60:33:4B:02:92:D4
01-07 12:06:54.778 I/System.out( 1963): Yanita Oparlakova’s MacBook Pro E4:CE:8F:15:7D:27
01-07 12:06:55.779 I/System.out( 1963): Anastasia Bugaenko’s MacBook 60:33:4B:02:92:D4
01-07 12:06:55.779 I/System.out( 1963): Yanita Oparlakova’s MacBook Pro E4:CE:8F:15:7D:27
01-07 12:06:56.780 I/System.out( 1963): Anastasia Bugaenko’s MacBook 60:33:4B:02:92:D4
01-07 12:06:56.780 I/System.out( 1963): Yanita Oparlakova’s MacBook Pro E4:CE:8F:15:7D:27
01-07 12:06:57.091 I/BluetoothAdapterProperties( 1749): Callback:discoveryStateChangeCallback with state:0
01-07 12:06:57.111 W/bt-btif ( 1749): bta_dm_check_av:0
01-07 12:06:57.111 I/BluetoothAdapterProperties( 1749): Callback:discoveryStateChangeCallback with state:1
01-07 12:06:57.121 V/BluetoothDiscoveryReceiver( 1679): Received: android.bluetooth.adapter.action.DISCOVERY_FINISHED
01-07 12:06:57.151 V/BluetoothDiscoveryReceiver( 1679): Received: android.bluetooth.adapter.action.DISCOVERY_STARTED
01-07 12:07:01.785 I/System.out( 1963): Yanita Oparlakova’s MacBook Pro E4:CE:8F:15:7D:27
01-07 12:07:01.785 I/System.out( 1963): Anastasia Bugaenko’s MacBook 60:33:4B:02:92:D4
01-07 12:07:02.796 I/System.out( 1963): Yanita Oparlakova’s MacBook Pro E4:CE:8F:15:7D:27
01-07 12:07:02.796 I/System.out( 1963): Anastasia Bugaenko’s MacBook 60:33:4B:02:92:D4
01-07 12:07:03.787 I/System.out( 1963): Yanita Oparlakova’s MacBook Pro E4:CE:8F:15:7D:27
01-07 12:07:03.787 I/System.out( 1963): Anastasia Bugaenko’s MacBook 60:33:4B:02:92:D4
01-07 12:07:04.788 I/System.out( 1963): Yanita Oparlakova’s MacBook Pro E4:CE:8F:15:7D:27
01-07 12:07:04.788 I/System.out( 1963): Anastasia Bugaenko’s MacBook 60:33:4B:02:92:D4
01-07 12:07:05.789 I/System.out( 1963): Yanita Oparlakova’s MacBook Pro E4:CE:8F:15:7D:27
01-07 12:07:05.789 I/System.out( 1963): Anastasia Bugaenko’s MacBook 60:33:4B:02:92:D4
01-07 12:07:06.790 I/System.out( 1963): Yanita Oparlakova’s MacBook Pro E4:CE:8F:15:7D:27
01-07 12:07:06.790 I/System.out( 1963): Anastasia Bugaenko’s MacBook 60:33:4B:02:92:D4
01-07 12:07:07.791 I/System.out( 1963): Yanita Oparlakova’s MacBook Pro E4:CE:8F:15:7D:27
01-07 12:07:07.791 I/System.out( 1963): Anastasia Bugaenko’s MacBook 60:33:4B:02:92:D4
01-07 12:07:08.792 I/System.out( 1963): Yanita Oparlakova’s MacBook Pro E4:CE:8F:15:7D:27
01-07 12:07:08.792 I/System.out( 1963): Anastasia Bugaenko’s MacBook 60:33:4B:02:92:D4
01-07 12:07:09.793 I/System.out( 1963): Yanita Oparlakova’s MacBook Pro E4:CE:8F:15:7D:27
01-07 12:07:09.793 I/System.out( 1963): Anastasia Bugaenko’s MacBook 60:33:4B:02:92:D4
01-07 12:07:09.943 I/BluetoothAdapterProperties( 1749): Callback:discoveryStateChangeCallback with state:0
01-07 12:07:09.953 W/bt-btif ( 1749): bta_dm_check_av:0
01-07 12:07:09.963 I/BluetoothAdapterProperties( 1749): Callback:discoveryStateChangeCallback with state:1
01-07 12:07:10.003 D/dalvikvm( 1679): GC_FOR_ALLOC freed 363K, 7% free 9319K/9920K, paused 44ms, total 44ms
01-07 12:07:10.003 V/BluetoothDiscoveryReceiver( 1679): Received: android.bluetooth.adapter.action.DISCOVERY_FINISHED
01-07 12:07:10.023 V/BluetoothDiscoveryReceiver( 1679): Received: android.bluetooth.adapter.action.DISCOVERY_STARTED
01-07 12:07:11.805 I/System.out( 1963): Yanita Oparlakova’s MacBook Pro E4:CE:8F:15:7D:27
01-07 12:07:12.806 I/System.out( 1963): Yanita Oparlakova’s MacBook Pro E4:CE:8F:15:7D:27
01-07 12:07:13.807 I/System.out( 1963): Yanita Oparlakova’s MacBook Pro E4:CE:8F:15:7D:27
01-07 12:07:14.798 I/System.out( 1963): Yanita Oparlakova’s MacBook Pro E4:CE:8F:15:7D:27
01-07 12:07:14.798 I/System.out( 1963): Anastasia Bugaenko’s MacBook 60:33:4B:02:92:D4
01-07 12:07:15.809 I/System.out( 1963): Yanita Oparlakova’s MacBook Pro E4:CE:8F:15:7D:27
01-07 12:07:15.809 I/System.out( 1963): Anastasia Bugaenko’s MacBook 60:33:4B:02:92:D4
01-07 12:07:16.800 I/System.out( 1963): Yanita Oparlakova’s MacBook Pro E4:CE:8F:15:7D:27
01-07 12:07:16.810 I/System.out( 1963): Anastasia Bugaenko’s MacBook 60:33:4B:02:92:D4
01-07 12:07:17.811 I/System.out( 1963): Yanita Oparlakova’s MacBook Pro E4:CE:8F:15:7D:27
01-07 12:07:17.811 I/System.out( 1963): Anastasia Bugaenko’s MacBook 60:33:4B:02:92:D4
01-07 12:07:18.812 I/System.out( 1963): Yanita Oparlakova’s MacBook Pro E4:CE:8F:15:7D:27
01-07 12:07:18.812 I/System.out( 1963): Anastasia Bugaenko’s MacBook 60:33:4B:02:92:D4
01-07 12:07:19.813 I/System.out( 1963): Yanita Oparlakova’s MacBook Pro E4:CE:8F:15:7D:27
01-07 12:07:19.813 I/System.out( 1963): Anastasia Bugaenko’s MacBook 60:33:4B:02:92:D4
01-07 12:07:20.814 I/System.out( 1963): Yanita Oparlakova’s MacBook Pro E4:CE:8F:15:7D:27
01-07 12:07:20.814 I/System.out( 1963): Anastasia Bugaenko’s MacBook 60:33:4B:02:92:D4
01-07 12:07:21.815 I/System.out( 1963): Yanita Oparlakova’s MacBook Pro E4:CE:8F:15:7D:27
01-07 12:07:21.815 I/System.out( 1963): Anastasia Bugaenko’s MacBook 60:33:4B:02:92:D4
01-07 12:07:22.796 I/BluetoothAdapterProperties( 1749): Callback:discoveryStateChangeCallback with state:0
01-07 12:07:22.806 W/bt-btif ( 1749): bta_dm_check_av:0
01-07 12:07:22.816 I/BluetoothAdapterProperties( 1749): Callback:discoveryStateChangeCallback with state:1
01-07 12:07:22.826 V/BluetoothDiscoveryReceiver( 1679): Received: android.bluetooth.adapter.action.DISCOVERY_FINISHED
01-07 12:07:22.856 V/BluetoothDiscoveryReceiver( 1679): Received: android.bluetooth.adapter.action.DISCOVERY_STARTED
01-07 12:07:23.817 I/System.out( 1963): Anastasia Bugaenko’s MacBook 60:33:4B:02:92:D4
01-07 12:07:24.818 I/System.out( 1963): Anastasia Bugaenko’s MacBook 60:33:4B:02:92:D4
01-07 12:07:25.819 I/System.out( 1963): Anastasia Bugaenko’s MacBook 60:33:4B:02:92:D4
01-07 12:07:26.820 I/System.out( 1963): Anastasia Bugaenko’s MacBook 60:33:4B:02:92:D4
01-07 12:07:26.820 I/System.out( 1963): Yanita Oparlakova’s MacBook Pro E4:CE:8F:15:7D:27
01-07 12:07:27.821 I/System.out( 1963): Anastasia Bugaenko’s MacBook 60:33:4B:02:92:D4
01-07 12:07:27.821 I/System.out( 1963): Yanita Oparlakova’s MacBook Pro E4:CE:8F:15:7D:27
01-07 12:07:28.822 I/System.out( 1963): Anastasia Bugaenko’s MacBook 60:33:4B:02:92:D4
01-07 12:07:28.822 I/System.out( 1963): Yanita Oparlakova’s MacBook Pro E4:CE:8F:15:7D:27
01-07 12:07:29.823 I/System.out( 1963): Anastasia Bugaenko’s MacBook 60:33:4B:02:92:D4
01-07 12:07:29.823 I/System.out( 1963): Yanita Oparlakova’s MacBook Pro E4:CE:8F:15:7D:27
01-07 12:07:30.824 I/System.out( 1963): Anastasia Bugaenko’s MacBook 60:33:4B:02:92:D4
01-07 12:07:30.824 I/System.out( 1963): Yanita Oparlakova’s MacBook Pro E4:CE:8F:15:7D:27
01-07 12:07:31.815 I/System.out( 1963): Anastasia Bugaenko’s MacBook 60:33:4B:02:92:D4
01-07 12:07:31.815 I/System.out( 1963): Yanita Oparlakova’s MacBook Pro E4:CE:8F:15:7D:27
01-07 12:07:32.816 I/System.out( 1963): Anastasia Bugaenko’s MacBook 60:33:4B:02:92:D4
01-07 12:07:32.826 I/System.out( 1963): Yanita Oparlakova’s MacBook Pro E4:CE:8F:15:7D:27
01-07 12:07:33.817 I/System.out( 1963): Anastasia Bugaenko’s MacBook 60:33:4B:02:92:D4
01-07 12:07:33.827 I/System.out( 1963): Yanita Oparlakova’s MacBook Pro E4:CE:8F:15:7D:27
01-07 12:07:34.828 I/System.out( 1963): Anastasia Bugaenko’s MacBook 60:33:4B:02:92:D4
01-07 12:07:34.828 I/System.out( 1963): Yanita Oparlakova’s MacBook Pro E4:CE:8F:15:7D:27
01-07 12:07:35.648 I/BluetoothAdapterProperties( 1749): Callback:discoveryStateChangeCallback with state:0
01-07 12:07:35.658 W/bt-btif ( 1749): bta_dm_check_av:0
01-07 12:07:35.668 V/BluetoothDiscoveryReceiver( 1679): Received: android.bluetooth.adapter.action.DISCOVERY_FINISHED
01-07 12:07:35.668 I/BluetoothAdapterProperties( 1749): Callback:discoveryStateChangeCallback with state:1
01-07 12:07:35.698 V/BluetoothDiscoveryReceiver( 1679): Received: android.bluetooth.adapter.action.DISCOVERY_STARTED
01-07 12:07:35.828 I/System.out( 1963): Yanita Oparlakova’s MacBook Pro E4:CE:8F:15:7D:27
01-07 12:07:36.829 I/System.out( 1963): Yanita Oparlakova’s MacBook Pro E4:CE:8F:15:7D:27
01-07 12:07:37.830 I/System.out( 1963): Yanita Oparlakova’s MacBook Pro E4:CE:8F:15:7D:27
01-07 12:07:38.831 I/System.out( 1963): Yanita Oparlakova’s MacBook Pro E4:CE:8F:15:7D:27
01-07 12:07:39.832 I/System.out( 1963): Yanita Oparlakova’s MacBook Pro E4:CE:8F:15:7D:27
01-07 12:07:39.832 I/System.out( 1963): Anastasia Bugaenko’s MacBook 60:33:4B:02:92:D4
01-07 12:07:40.823 I/System.out( 1963): Yanita Oparlakova’s MacBook Pro E4:CE:8F:15:7D:27
01-07 12:07:40.823 I/System.out( 1963): Anastasia Bugaenko’s MacBook 60:33:4B:02:92:D4
01-07 12:07:41.824 I/System.out( 1963): Yanita Oparlakova’s MacBook Pro E4:CE:8F:15:7D:27
01-07 12:07:41.824 I/System.out( 1963): Anastasia Bugaenko’s MacBook 60:33:4B:02:92:D4
01-07 12:07:42.825 I/System.out( 1963): Yanita Oparlakova’s MacBook Pro E4:CE:8F:15:7D:27
01-07 12:07:42.825 I/System.out( 1963): Anastasia Bugaenko’s MacBook 60:33:4B:02:92:D4
01-07 12:07:43.826 I/System.out( 1963): Yanita Oparlakova’s MacBook Pro E4:CE:8F:15:7D:27
01-07 12:07:43.826 I/System.out( 1963): Anastasia Bugaenko’s MacBook 60:33:4B:02:92:D4
01-07 12:07:44.837 I/System.out( 1963): Yanita Oparlakova’s MacBook Pro E4:CE:8F:15:7D:27
01-07 12:07:44.837 I/System.out( 1963): Anastasia Bugaenko’s MacBook 60:33:4B:02:92:D4
01-07 12:07:45.838 I/System.out( 1963): Yanita Oparlakova’s MacBook Pro E4:CE:8F:15:7D:27
01-07 12:07:45.838 I/System.out( 1963): Anastasia Bugaenko’s MacBook 60:33:4B:02:92:D4
01-07 12:07:46.829 I/System.out( 1963): Yanita Oparlakova’s MacBook Pro E4:CE:8F:15:7D:27
01-07 12:07:46.829 I/System.out( 1963): Anastasia Bugaenko’s MacBook 60:33:4B:02:92:D4
01-07 12:07:47.830 I/System.out( 1963): Yanita Oparlakova’s MacBook Pro E4:CE:8F:15:7D:27
01-07 12:07:47.830 I/System.out( 1963): Anastasia Bugaenko’s MacBook 60:33:4B:02:92:D4
01-07 12:07:48.501 I/BluetoothAdapterProperties( 1749): Callback:discoveryStateChangeCallback with state:0
01-07 12:07:48.521 W/bt-btif ( 1749): bta_dm_check_av:0
01-07 12:07:48.521 V/BluetoothDiscoveryReceiver( 1679): Received: android.bluetooth.adapter.action.DISCOVERY_FINISHED
01-07 12:07:48.531 I/BluetoothAdapterProperties( 1749): Callback:discoveryStateChangeCallback with state:1
01-07 12:07:48.541 V/BluetoothDiscoveryReceiver( 1679): Received: android.bluetooth.adapter.action.DISCOVERY_STARTED
01-07 12:07:48.571 D/dalvikvm( 1679): GC_FOR_ALLOC freed 357K, 7% free 9320K/9920K, paused 24ms, total 25ms
01-07 12:07:49.832 I/System.out( 1963): Anastasia Bugaenko’s MacBook 60:33:4B:02:92:D4
01-07 12:07:50.513 D/btif_config_util( 1749): btif_config_save_file(L153): in file name:/data/misc/bluedroid/bt_config.new
01-07 12:07:50.833 I/System.out( 1963): Anastasia Bugaenko’s MacBook 60:33:4B:02:92:D4
01-07 12:07:50.833 I/System.out( 1963): Anastasia Bugaenko’s MacBook 60:33:4B:02:92:D4
01-07 12:07:51.834 I/System.out( 1963): Anastasia Bugaenko’s MacBook 60:33:4B:02:92:D4
01-07 12:07:51.834 I/System.out( 1963): Anastasia Bugaenko’s MacBook 60:33:4B:02:92:D4
01-07 12:07:51.834 I/System.out( 1963): Yanita Oparlakova’s MacBook Pro E4:CE:8F:15:7D:27
01-07 12:07:52.825 I/System.out( 1963): Anastasia Bugaenko’s MacBook 60:33:4B:02:92:D4
01-07 12:07:52.825 I/System.out( 1963): Anastasia Bugaenko’s MacBook 60:33:4B:02:92:D4
01-07 12:07:52.835 I/System.out( 1963): Yanita Oparlakova’s MacBook Pro E4:CE:8F:15:7D:27
01-07 12:07:53.836 I/System.out( 1963): Anastasia Bugaenko’s MacBook 60:33:4B:02:92:D4
01-07 12:07:53.836 I/System.out( 1963): Anastasia Bugaenko’s MacBook 60:33:4B:02:92:D4
01-07 12:07:53.836 I/System.out( 1963): Yanita Oparlakova’s MacBook Pro E4:CE:8F:15:7D:27
01-07 12:07:54.837 I/System.out( 1963): Anastasia Bugaenko’s MacBook 60:33:4B:02:92:D4
01-07 12:07:54.837 I/System.out( 1963): Anastasia Bugaenko’s MacBook 60:33:4B:02:92:D4
01-07 12:07:54.837 I/System.out( 1963): Yanita Oparlakova’s MacBook Pro E4:CE:8F:15:7D:27
01-07 12:07:55.838 I/System.out( 1963): Anastasia Bugaenko’s MacBook 60:33:4B:02:92:D4
01-07 12:07:55.838 I/System.out( 1963): Anastasia Bugaenko’s MacBook 60:33:4B:02:92:D4
01-07 12:07:55.838 I/System.out( 1963): Yanita Oparlakova’s MacBook Pro E4:CE:8F:15:7D:27
01-07 12:07:56.839 I/System.out( 1963): Anastasia Bugaenko’s MacBook 60:33:4B:02:92:D4
01-07 12:07:56.839 I/System.out( 1963): Anastasia Bugaenko’s MacBook 60:33:4B:02:92:D4
01-07 12:07:56.839 I/System.out( 1963): Yanita Oparlakova’s MacBook Pro E4:CE:8F:15:7D:27
01-07 12:07:57.840 I/System.out( 1963): Anastasia Bugaenko’s MacBook 60:33:4B:02:92:D4
01-07 12:07:57.840 I/System.out( 1963): Anastasia Bugaenko’s MacBook 60:33:4B:02:92:D4
01-07 12:07:57.840 I/System.out( 1963): Yanita Oparlakova’s MacBook Pro E4:CE:8F:15:7D:27
01-07 12:07:58.841 I/System.out( 1963): Anastasia Bugaenko’s MacBook 60:33:4B:02:92:D4
01-07 12:07:58.841 I/System.out( 1963): Anastasia Bugaenko’s MacBook 60:33:4B:02:92:D4
01-07 12:07:58.841 I/System.out( 1963): Yanita Oparlakova’s MacBook Pro E4:CE:8F:15:7D:27
01-07 12:07:59.842 I/System.out( 1963): Anastasia Bugaenko’s MacBook 60:33:4B:02:92:D4
01-07 12:07:59.842 I/System.out( 1963): Anastasia Bugaenko’s MacBook 60:33:4B:02:92:D4
01-07 12:07:59.842 I/System.out( 1963): Yanita Oparlakova’s MacBook Pro E4:CE:8F:15:7D:27
01-07 12:08:00.843 I/System.out( 1963): Anastasia Bugaenko’s MacBook 60:33:4B:02:92:D4
01-07 12:08:00.843 I/System.out( 1963): Anastasia Bugaenko’s MacBook 60:33:4B:02:92:D4
01-07 12:08:00.843 I/System.out( 1963): Yanita Oparlakova’s MacBook Pro E4:CE:8F:15:7D:27
01-07 12:08:01.353 I/BluetoothAdapterProperties( 1749): Callback:discoveryStateChangeCallback with state:0
01-07 12:08:01.363 W/bt-btif ( 1749): bta_dm_check_av:0
01-07 12:08:01.373 I/BluetoothAdapterProperties( 1749): Callback:discoveryStateChangeCallback with state:1
01-07 12:08:01.383 V/BluetoothDiscoveryReceiver( 1679): Received: android.bluetooth.adapter.action.DISCOVERY_FINISHED
01-07 12:08:01.413 V/BluetoothDiscoveryReceiver( 1679): Received: android.bluetooth.adapter.action.DISCOVERY_STARTED
01-07 12:08:02.835 I/System.out( 1963): Yanita Oparlakova’s MacBook Pro E4:CE:8F:15:7D:27
01-07 12:08:03.846 I/System.out( 1963): Yanita Oparlakova’s MacBook Pro E4:CE:8F:15:7D:27
01-07 12:08:04.847 I/System.out( 1963): Yanita Oparlakova’s MacBook Pro E4:CE:8F:15:7D:27
01-07 12:08:05.848 I/System.out( 1963): Yanita Oparlakova’s MacBook Pro E4:CE:8F:15:7D:27
01-07 12:08:05.848 I/System.out( 1963): Anastasia Bugaenko’s MacBook 60:33:4B:02:92:D4
01-07 12:08:05.848 I/System.out( 1963): Anastasia Bugaenko’s MacBook 60:33:4B:02:92:D4
01-07 12:08:06.849 I/System.out( 1963): Yanita Oparlakova’s MacBook Pro E4:CE:8F:15:7D:27
01-07 12:08:06.849 I/System.out( 1963): Anastasia Bugaenko’s MacBook 60:33:4B:02:92:D4
01-07 12:08:06.849 I/System.out( 1963): Anastasia Bugaenko’s MacBook 60:33:4B:02:92:D4
01-07 12:08:07.850 I/System.out( 1963): Yanita Oparlakova’s MacBook Pro E4:CE:8F:15:7D:27
01-07 12:08:07.850 I/System.out( 1963): Anastasia Bugaenko’s MacBook 60:33:4B:02:92:D4
01-07 12:08:07.850 I/System.out( 1963): Anastasia Bugaenko’s MacBook 60:33:4B:02:92:D4
01-07 12:08:08.851 I/System.out( 1963): Yanita Oparlakova’s MacBook Pro E4:CE:8F:15:7D:27
01-07 12:08:08.851 I/System.out( 1963): Anastasia Bugaenko’s MacBook 60:33:4B:02:92:D4
01-07 12:08:08.851 I/System.out( 1963): Anastasia Bugaenko’s MacBook 60:33:4B:02:92:D4
01-07 12:08:09.852 I/System.out( 1963): Yanita Oparlakova’s MacBook Pro E4:CE:8F:15:7D:27
01-07 12:08:09.852 I/System.out( 1963): Anastasia Bugaenko’s MacBook 60:33:4B:02:92:D4
01-07 12:08:09.852 I/System.out( 1963): Anastasia Bugaenko’s MacBook 60:33:4B:02:92:D4
01-07 12:08:10.853 I/System.out( 1963): Yanita Oparlakova’s MacBook Pro E4:CE:8F:15:7D:27
01-07 12:08:10.853 I/System.out( 1963): Anastasia Bugaenko’s MacBook 60:33:4B:02:92:D4
01-07 12:08:10.853 I/System.out( 1963): Anastasia Bugaenko’s MacBook 60:33:4B:02:92:D4
01-07 12:08:11.854 I/System.out( 1963): Yanita Oparlakova’s MacBook Pro E4:CE:8F:15:7D:27
01-07 12:08:11.854 I/System.out( 1963): Anastasia Bugaenko’s MacBook 60:33:4B:02:92:D4
01-07 12:08:11.854 I/System.out( 1963): Anastasia Bugaenko’s MacBook 60:33:4B:02:92:D4
01-07 12:08:12.845 I/System.out( 1963): Yanita Oparlakova’s MacBook Pro E4:CE:8F:15:7D:27
01-07 12:08:12.845 I/System.out( 1963): Anastasia Bugaenko’s MacBook 60:33:4B:02:92:D4
01-07 12:08:12.845 I/System.out( 1963): Anastasia Bugaenko’s MacBook 60:33:4B:02:92:D4
01-07 12:08:13.856 I/System.out( 1963): Yanita Oparlakova’s MacBook Pro E4:CE:8F:15:7D:27
01-07 12:08:13.856 I/System.out( 1963): Anastasia Bugaenko’s MacBook 60:33:4B:02:92:D4
01-07 12:08:13.856 I/System.out( 1963): Anastasia Bugaenko’s MacBook 60:33:4B:02:92:D4
01-07 12:08:14.206 I/BluetoothAdapterProperties( 1749): Callback:discoveryStateChangeCallback with state:0
01-07 12:08:14.216 W/bt-btif ( 1749): bta_dm_check_av:0
01-07 12:08:14.226 I/BluetoothAdapterProperties( 1749): Callback:discoveryStateChangeCallback with state:1
01-07 12:08:14.236 V/BluetoothDiscoveryReceiver( 1679): Received: android.bluetooth.adapter.action.DISCOVERY_FINISHED
01-07 12:08:14.266 V/BluetoothDiscoveryReceiver( 1679): Received: android.bluetooth.adapter.action.DISCOVERY_STARTED
01-07 12:08:18.860 I/System.out( 1963): Yanita Oparlakova’s MacBook Pro E4:CE:8F:15:7D:27
01-07 12:08:19.861 I/System.out( 1963): Yanita Oparlakova’s MacBook Pro E4:CE:8F:15:7D:27
01-07 12:08:19.861 I/System.out( 1963): Yanita Oparlakova’s MacBook Pro E4:CE:8F:15:7D:27
01-07 12:08:19.881 D/dalvikvm( 1749): GC_CONCURRENT freed 392K, 5% free 9015K/9460K, paused 4ms+2ms, total 62ms
01-07 12:08:20.862 I/System.out( 1963): Yanita Oparlakova’s MacBook Pro E4:CE:8F:15:7D:27
01-07 12:08:20.862 I/System.out( 1963): Yanita Oparlakova’s MacBook Pro E4:CE:8F:15:7D:27
01-07 12:08:20.862 I/System.out( 1963): Anastasia Bugaenko’s MacBook 60:33:4B:02:92:D4
01-07 12:08:21.863 I/System.out( 1963): Yanita Oparlakova’s MacBook Pro E4:CE:8F:15:7D:27
01-07 12:08:21.863 I/System.out( 1963): Yanita Oparlakova’s MacBook Pro E4:CE:8F:15:7D:27
01-07 12:08:21.863 I/System.out( 1963): Anastasia Bugaenko’s MacBook 60:33:4B:02:92:D4
01-07 12:08:21.863 I/System.out( 1963): Anastasia Bugaenko’s MacBook 60:33:4B:02:92:D4
01-07 12:08:22.854 I/System.out( 1963): Yanita Oparlakova’s MacBook Pro E4:CE:8F:15:7D:27
01-07 12:08:22.854 I/System.out( 1963): Yanita Oparlakova’s MacBook Pro E4:CE:8F:15:7D:27
01-07 12:08:22.854 I/System.out( 1963): Anastasia Bugaenko’s MacBook 60:33:4B:02:92:D4
01-07 12:08:22.854 I/System.out( 1963): Anastasia Bugaenko’s MacBook 60:33:4B:02:92:D4
01-07 12:08:23.855 I/System.out( 1963): Yanita Oparlakova’s MacBook Pro E4:CE:8F:15:7D:27
01-07 12:08:23.855 I/System.out( 1963): Yanita Oparlakova’s MacBook Pro E4:CE:8F:15:7D:27
01-07 12:08:23.855 I/System.out( 1963): Anastasia Bugaenko’s MacBook 60:33:4B:02:92:D4
01-07 12:08:23.855 I/System.out( 1963): Anastasia Bugaenko’s MacBook 60:33:4B:02:92:D4
01-07 12:08:24.856 I/System.out( 1963): Yanita Oparlakova’s MacBook Pro E4:CE:8F:15:7D:27
01-07 12:08:24.856 I/System.out( 1963): Yanita Oparlakova’s MacBook Pro E4:CE:8F:15:7D:27
01-07 12:08:24.856 I/System.out( 1963): Anastasia Bugaenko’s MacBook 60:33:4B:02:92:D4
01-07 12:08:24.856 I/System.out( 1963): Anastasia Bugaenko’s MacBook 60:33:4B:02:92:D4
01-07 12:08:25.857 I/System.out( 1963): Yanita Oparlakova’s MacBook Pro E4:CE:8F:15:7D:27
01-07 12:08:25.857 I/System.out( 1963): Yanita Oparlakova’s MacBook Pro E4:CE:8F:15:7D:27
01-07 12:08:25.857 I/System.out( 1963): Anastasia Bugaenko’s MacBook 60:33:4B:02:92:D4
01-07 12:08:25.857 I/System.out( 1963): Anastasia Bugaenko’s MacBook 60:33:4B:02:92:D4
01-07 12:08:26.858 I/System.out( 1963): Yanita Oparlakova’s MacBook Pro E4:CE:8F:15:7D:27
01-07 12:08:26.858 I/System.out( 1963): Yanita Oparlakova’s MacBook Pro E4:CE:8F:15:7D:27
01-07 12:08:26.858 I/System.out( 1963): Anastasia Bugaenko’s MacBook 60:33:4B:02:92:D4
01-07 12:08:26.858 I/System.out( 1963): Anastasia Bugaenko’s MacBook 60:33:4B:02:92:D4
01-07 12:08:27.048 I/BluetoothAdapterProperties( 1749): Callback:discoveryStateChangeCallback with state:0
01-07 12:08:27.068 W/bt-btif ( 1749): bta_dm_check_av:0
01-07 12:08:27.068 I/BluetoothAdapterProperties( 1749): Callback:discoveryStateChangeCallback with state:1
01-07 12:08:27.078 V/BluetoothDiscoveryReceiver( 1679): Received: android.bluetooth.adapter.action.DISCOVERY_FINISHED
01-07 12:08:27.119 V/BluetoothDiscoveryReceiver( 1679): Received: android.bluetooth.adapter.action.DISCOVERY_STARTED
01-07 12:08:27.149 D/dalvikvm( 1679): GC_FOR_ALLOC freed 370K, 7% free 9320K/9920K, paused 31ms, total 31ms
01-07 12:08:31.863 I/System.out( 1963): Anastasia Bugaenko’s MacBook 60:33:4B:02:92:D4
01-07 12:08:31.863 I/System.out( 1963): Yanita Oparlakova’s MacBook Pro E4:CE:8F:15:7D:27
01-07 12:08:32.864 I/System.out( 1963): Anastasia Bugaenko’s MacBook 60:33:4B:02:92:D4
01-07 12:08:32.864 I/System.out( 1963): Yanita Oparlakova’s MacBook Pro E4:CE:8F:15:7D:27
01-07 12:08:33.865 I/System.out( 1963): Anastasia Bugaenko’s MacBook 60:33:4B:02:92:D4
01-07 12:08:33.865 I/System.out( 1963): Yanita Oparlakova’s MacBook Pro E4:CE:8F:15:7D:27
01-07 12:08:34.856 I/System.out( 1963): Anastasia Bugaenko’s MacBook 60:33:4B:02:92:D4
01-07 12:08:34.856 I/System.out( 1963): Yanita Oparlakova’s MacBook Pro E4:CE:8F:15:7D:27
01-07 12:08:35.857 I/System.out( 1963): Anastasia Bugaenko’s MacBook 60:33:4B:02:92:D4
01-07 12:08:35.867 I/System.out( 1963): Yanita Oparlakova’s MacBook Pro E4:CE:8F:15:7D:27
01-07 12:08:36.868 I/System.out( 1963): Anastasia Bugaenko’s MacBook 60:33:4B:02:92:D4
01-07 12:08:36.868 I/System.out( 1963): Yanita Oparlakova’s MacBook Pro E4:CE:8F:15:7D:27
01-07 12:08:37.869 I/System.out( 1963): Anastasia Bugaenko’s MacBook 60:33:4B:02:92:D4
01-07 12:08:37.869 I/System.out( 1963): Yanita Oparlakova’s MacBook Pro E4:CE:8F:15:7D:27
01-07 12:08:38.870 I/System.out( 1963): Anastasia Bugaenko’s MacBook 60:33:4B:02:92:D4
01-07 12:08:38.870 I/System.out( 1963): Yanita Oparlakova’s MacBook Pro E4:CE:8F:15:7D:27
01-07 12:08:39.871 I/System.out( 1963): Anastasia Bugaenko’s MacBook 60:33:4B:02:92:D4
01-07 12:08:39.881 I/System.out( 1963): Yanita Oparlakova’s MacBook Pro E4:CE:8F:15:7D:27
01-07 12:08:39.891 I/BluetoothAdapterProperties( 1749): Callback:discoveryStateChangeCallback with state:0
01-07 12:08:39.921 W/bt-btif ( 1749): bta_dm_check_av:0
01-07 12:08:39.921 I/BluetoothAdapterProperties( 1749): Callback:discoveryStateChangeCallback with state:1
01-07 12:08:39.961 D/dalvikvm( 1963): GC_CONCURRENT freed 387K, 5% free 9027K/9452K, paused 5ms+15ms, total 79ms
01-07 12:08:39.961 V/BluetoothDiscoveryReceiver( 1679): Received: android.bluetooth.adapter.action.DISCOVERY_FINISHED
01-07 12:08:39.971 V/BluetoothDiscoveryReceiver( 1679): Received: android.bluetooth.adapter.action.DISCOVERY_STARTED
01-07 12:08:40.882 I/System.out( 1963): Anastasia Bugaenko’s MacBook 60:33:4B:02:92:D4
01-07 12:08:41.883 I/System.out( 1963): Anastasia Bugaenko’s MacBook 60:33:4B:02:92:D4
01-07 12:08:42.283 D/dalvikvm(  523): GC_FOR_ALLOC freed 1789K, 12% free 17746K/20076K, paused 103ms, total 103ms
01-07 12:08:42.884 I/System.out( 1963): Anastasia Bugaenko’s MacBook 60:33:4B:02:92:D4
01-07 12:08:43.885 I/System.out( 1963): Anastasia Bugaenko’s MacBook 60:33:4B:02:92:D4
01-07 12:08:44.886 I/System.out( 1963): Anastasia Bugaenko’s MacBook 60:33:4B:02:92:D4
01-07 12:08:45.877 I/System.out( 1963): Anastasia Bugaenko’s MacBook 60:33:4B:02:92:D4
01-07 12:08:46.427 I/ActivityManager(  523): No longer want com.google.android.apps.currents (pid 912): empty #17
01-07 12:08:46.457 W/ActivityManager(  523): Scheduling restart of crashed service com.google.android.apps.currents/com.google.apps.dots.android.dotslib.service.AudioPlayerService in 5000ms
01-07 12:08:46.467 I/EventLogService(  804): Aggregate from 1389094726322 (log), 1389094726322 (data)
01-07 12:08:46.527 I/ServiceDumpSys(  804): dumping service [account]
01-07 12:08:46.878 I/System.out( 1963): Anastasia Bugaenko’s MacBook 60:33:4B:02:92:D4
01-07 12:08:46.878 I/System.out( 1963): Yanita Oparlakova’s MacBook Pro E4:CE:8F:15:7D:27
01-07 12:08:47.879 I/System.out( 1963): Anastasia Bugaenko’s MacBook 60:33:4B:02:92:D4
01-07 12:08:47.879 I/System.out( 1963): Yanita Oparlakova’s MacBook Pro E4:CE:8F:15:7D:27
01-07 12:08:48.890 I/System.out( 1963): Anastasia Bugaenko’s MacBook 60:33:4B:02:92:D4
01-07 12:08:48.890 I/System.out( 1963): Yanita Oparlakova’s MacBook Pro E4:CE:8F:15:7D:27
01-07 12:08:49.891 I/System.out( 1963): Anastasia Bugaenko’s MacBook 60:33:4B:02:92:D4
01-07 12:08:49.891 I/System.out( 1963): Yanita Oparlakova’s MacBook Pro E4:CE:8F:15:7D:27
01-07 12:08:50.892 I/System.out( 1963): Anastasia Bugaenko’s MacBook 60:33:4B:02:92:D4
01-07 12:08:50.892 I/System.out( 1963): Yanita Oparlakova’s MacBook Pro E4:CE:8F:15:7D:27
01-07 12:08:51.893 I/System.out( 1963): Anastasia Bugaenko’s MacBook 60:33:4B:02:92:D4
01-07 12:08:51.893 I/System.out( 1963): Yanita Oparlakova’s MacBook Pro E4:CE:8F:15:7D:27
01-07 12:08:52.754 I/BluetoothAdapterProperties( 1749): Callback:discoveryStateChangeCallback with state:0
01-07 12:08:52.764 I/ActivityManager(  523): No longer want com.google.android.calendar (pid 1007): empty for 1804s
01-07 12:08:52.764 W/bt-btif ( 1749): bta_dm_check_av:0
01-07 12:08:52.774 V/BluetoothDiscoveryReceiver( 1679): Received: android.bluetooth.adapter.action.DISCOVERY_FINISHED
01-07 12:08:52.774 I/BluetoothAdapterProperties( 1749): Callback:discoveryStateChangeCallback with state:1
01-07 12:08:52.774 I/ActivityManager(  523): No longer want com.google.android.music:main (pid 1405): empty #17
01-07 12:08:52.784 V/BluetoothDiscoveryReceiver( 1679): Received: android.bluetooth.adapter.action.DISCOVERY_STARTED
01-07 12:08:52.824 W/ActivityManager(  523): Scheduling restart of crashed service com.google.android.music/.playback.MusicPlaybackService in 5000ms
01-07 12:08:55.887 I/System.out( 1963): Anastasia Bugaenko’s MacBook 60:33:4B:02:92:D4
01-07 12:08:56.888 I/System.out( 1963): Anastasia Bugaenko’s MacBook 60:33:4B:02:92:D4
01-07 12:08:56.888 I/System.out( 1963): Yanita Oparlakova’s MacBook Pro E4:CE:8F:15:7D:27
01-07 12:08:56.888 I/System.out( 1963): Yanita Oparlakova’s MacBook Pro E4:CE:8F:15:7D:27
01-07 12:08:57.859 I/ActivityManager(  523): Start proc com.google.android.music:main for service com.google.android.music/.playback.MusicPlaybackService: pid=2187 uid=10041 gids={50041, 3003, 1015, 1028}
01-07 12:08:57.889 I/System.out( 1963): Anastasia Bugaenko’s MacBook 60:33:4B:02:92:D4
01-07 12:08:57.889 I/System.out( 1963): Yanita Oparlakova’s MacBook Pro E4:CE:8F:15:7D:27
01-07 12:08:57.889 I/System.out( 1963): Yanita Oparlakova’s MacBook Pro E4:CE:8F:15:7D:27
01-07 12:08:57.949 I/MusicStore( 2187): Database version: 70
01-07 12:08:57.999 D/dalvikvm( 2187): GC_CONCURRENT freed 261K, 4% free 9046K/9344K, paused 4ms+2ms, total 28ms
01-07 12:08:58.079 D/SystemUtils( 2187): getSystemProperty: lpa.decode=null
01-07 12:08:58.109 D/dalvikvm(  804): GC_EXPLICIT freed 191K, 5% free 9404K/9812K, paused 2ms+3ms, total 29ms
01-07 12:08:58.129 D/CacheService( 2187): onCreate
01-07 12:08:58.129 D/CacheService( 2187): onBind
01-07 12:08:58.149 I/LocalDevicePlayback( 2187): Streaming client created.
