01-14 11:14:12.947 D/BtGatt.btif(14573): btif_gattc_scan
01-14 11:14:12.957 D/BtGatt.btif(14573): btgattc_handle_event: Event 1003
01-14 11:14:12.967 D/BtGatt.GattService(14573): unregisterClient() - clientIf=4
01-14 11:14:12.967 D/BtGatt.btif(14573): btif_gattc_unregister_app
01-14 11:14:12.977 D/BtGatt.btif(14573): btgattc_handle_event: Event 1001
01-14 11:14:12.977 D/BtGatt.btif(14573): btif_gattc_upstreams_evt: Event 1
01-14 11:14:12.987 I/System.out(18959): About to start new scanning
01-14 11:14:12.987 D/BluetoothAdapter(18959): startLeScan(): null
01-14 11:14:12.987 D/BtGatt.GattService(14573): registerClient() - UUID=2d10f928-14d4-4dc0-8a9d-af3f8b6a07f9
01-14 11:14:12.987 D/BtGatt.btif(14573): btif_gattc_register_app
01-14 11:14:12.997 D/BtGatt.btif(14573): btgattc_handle_event: Event 1000
01-14 11:14:12.997 D/BtGatt.btif(14573): btif_gattc_upstreams_evt: Event 0
01-14 11:14:12.997 D/BtGatt.GattService(14573): onClientRegistered() - UUID=2d10f928-14d4-4dc0-8a9d-af3f8b6a07f9, clientIf=4
01-14 11:14:12.997 D/BluetoothAdapter(18959): onClientRegistered() - status=0 clientIf=4
01-14 11:14:12.997 D/BtGatt.GattService(14573): startScan() - queue=0
01-14 11:14:12.997 D/BtGatt.GattService(14573): startScan() - adding client=4
01-14 11:14:12.997 D/BtGatt.btif(14573): btif_gattc_scan
01-14 11:14:13.007 D/BtGatt.btif(14573): btgattc_handle_event: Event 1002
01-14 11:14:13.007 I/System.out(18959): Started new scanning
01-14 11:14:13.928 I/System.out(18959): Values:0
01-14 11:14:14.929 I/System.out(18959): Values:0
01-14 11:14:15.940 I/System.out(18959): Values:0
01-14 11:14:16.941 I/System.out(18959): Values:0
01-14 11:14:17.942 I/System.out(18959): Values:0
01-14 11:14:18.933 I/System.out(18959): Values:0
01-14 11:14:19.944 I/System.out(18959): Values:0
01-14 11:14:20.945 I/System.out(18959): Values:0
01-14 11:14:21.946 I/System.out(18959): Values:0
01-14 11:14:22.957 I/System.out(18959): Values:0
01-14 11:14:22.957 D/BluetoothAdapter(18959): stopLeScan()
01-14 11:14:22.967 D/BtGatt.GattService(14573): stopScan() - queue=1
01-14 11:14:22.967 D/BtGatt.GattService(14573): stopScan() - queue empty; stopping scan
01-14 11:14:22.977 D/BtGatt.btif(14573): btif_gattc_scan
01-14 11:14:22.977 D/BtGatt.btif(14573): btgattc_handle_event: Event 1003
01-14 11:14:22.987 D/BtGatt.GattService(14573): unregisterClient() - clientIf=4
01-14 11:14:22.987 D/BtGatt.btif(14573): btif_gattc_unregister_app
01-14 11:14:22.997 D/BtGatt.btif(14573): btgattc_handle_event: Event 1001
01-14 11:14:22.997 D/BtGatt.btif(14573): btif_gattc_upstreams_evt: Event 1
01-14 11:14:23.007 I/System.out(18959): About to start new scanning
01-14 11:14:23.007 D/BluetoothAdapter(18959): startLeScan(): null
01-14 11:14:23.007 D/BtGatt.GattService(14573): registerClient() - UUID=05e5f8d9-29e9-4fdd-991e-5fe55d29a9a2
01-14 11:14:23.017 D/BtGatt.btif(14573): btif_gattc_register_app
01-14 11:14:23.017 D/BtGatt.btif(14573): btgattc_handle_event: Event 1000
01-14 11:14:23.017 D/BtGatt.btif(14573): btif_gattc_upstreams_evt: Event 0
01-14 11:14:23.017 D/BtGatt.GattService(14573): onClientRegistered() - UUID=05e5f8d9-29e9-4fdd-991e-5fe55d29a9a2, clientIf=4
01-14 11:14:23.017 D/BluetoothAdapter(18959): onClientRegistered() - status=0 clientIf=4
01-14 11:14:23.017 D/BtGatt.GattService(14573): startScan() - queue=0
01-14 11:14:23.017 D/BtGatt.GattService(14573): startScan() - adding client=4
01-14 11:14:23.027 D/BtGatt.btif(14573): btif_gattc_scan
01-14 11:14:23.027 D/BtGatt.btif(14573): btgattc_handle_event: Event 1002
01-14 11:14:23.027 I/System.out(18959): Started new scanning
01-14 11:14:23.948 I/System.out(18959): Values:0
01-14 11:14:24.959 I/System.out(18959): Values:0
01-14 11:14:25.960 I/System.out(18959): Values:0
01-14 11:14:26.961 I/System.out(18959): Values:0
01-14 11:14:27.962 I/System.out(18959): Values:0
01-14 11:14:28.963 I/System.out(18959): Values:0
01-14 11:14:29.964 I/System.out(18959): Values:0
01-14 11:14:30.965 I/System.out(18959): Values:0
01-14 11:14:31.966 I/System.out(18959): Values:0
01-14 11:14:32.977 I/System.out(18959): Values:0
01-14 11:14:32.977 D/BluetoothAdapter(18959): stopLeScan()
01-14 11:14:32.987 D/BtGatt.GattService(14573): stopScan() - queue=1
01-14 11:14:32.987 D/BtGatt.GattService(14573): stopScan() - queue empty; stopping scan
01-14 11:14:32.987 D/BtGatt.btif(14573): btif_gattc_scan
01-14 11:14:32.997 D/BtGatt.btif(14573): btgattc_handle_event: Event 1003
01-14 11:14:32.997 D/BtGatt.GattService(14573): unregisterClient() - clientIf=4
01-14 11:14:33.007 D/BtGatt.btif(14573): btif_gattc_unregister_app
01-14 11:14:33.007 D/BtGatt.btif(14573): btgattc_handle_event: Event 1001
01-14 11:14:33.017 D/BtGatt.btif(14573): btif_gattc_upstreams_evt: Event 1
01-14 11:14:33.017 I/System.out(18959): About to start new scanning
01-14 11:14:33.027 D/BluetoothAdapter(18959): startLeScan(): null
01-14 11:14:33.027 D/BtGatt.GattService(14573): registerClient() - UUID=7e637284-dd91-4ac9-a109-63b683378700
01-14 11:14:33.027 D/BtGatt.btif(14573): btif_gattc_register_app
01-14 11:14:33.037 D/BtGatt.btif(14573): btgattc_handle_event: Event 1000
01-14 11:14:33.037 D/BtGatt.btif(14573): btif_gattc_upstreams_evt: Event 0
01-14 11:14:33.037 D/BtGatt.GattService(14573): onClientRegistered() - UUID=7e637284-dd91-4ac9-a109-63b683378700, clientIf=4
01-14 11:14:33.037 D/BluetoothAdapter(18959): onClientRegistered() - status=0 clientIf=4
01-14 11:14:33.037 D/BtGatt.GattService(14573): startScan() - queue=0
01-14 11:14:33.037 D/BtGatt.GattService(14573): startScan() - adding client=4
01-14 11:14:33.037 D/BtGatt.btif(14573): btif_gattc_scan
01-14 11:14:33.047 D/BtGatt.btif(14573): btgattc_handle_event: Event 1002
01-14 11:14:33.047 I/System.out(18959): Started new scanning
01-14 11:14:33.978 I/System.out(18959): Values:0
01-14 11:14:34.979 I/System.out(18959): Values:0
01-14 11:14:35.970 I/System.out(18959): Values:0
01-14 11:14:36.981 I/System.out(18959): Values:0
01-14 11:14:37.702 D/MDnsDS  (  175): MDnsSdListener::Monitor poll timed out
01-14 11:14:37.702 D/MDnsDS  (  175): Going to poll with pollCount 1
01-14 11:14:37.982 I/System.out(18959): Values:0
01-14 11:14:38.983 I/System.out(18959): Values:0
01-14 11:14:39.974 I/System.out(18959): Values:0
01-14 11:14:40.975 I/System.out(18959): Values:0
01-14 11:14:41.976 I/System.out(18959): Values:0
01-14 11:14:42.987 I/System.out(18959): Values:0
01-14 11:14:42.987 D/BluetoothAdapter(18959): stopLeScan()
01-14 11:14:42.997 D/BtGatt.GattService(14573): stopScan() - queue=1
01-14 11:14:42.997 D/BtGatt.GattService(14573): stopScan() - queue empty; stopping scan
01-14 11:14:43.007 D/BtGatt.btif(14573): btif_gattc_scan
01-14 11:14:43.007 D/BtGatt.btif(14573): btgattc_handle_event: Event 1003
01-14 11:14:43.017 D/BtGatt.GattService(14573): unregisterClient() - clientIf=4
01-14 11:14:43.017 D/BtGatt.btif(14573): btif_gattc_unregister_app
01-14 11:14:43.027 D/BtGatt.btif(14573): btgattc_handle_event: Event 1001
01-14 11:14:43.027 D/BtGatt.btif(14573): btif_gattc_upstreams_evt: Event 1
01-14 11:14:43.037 I/System.out(18959): About to start new scanning
01-14 11:14:43.037 D/BluetoothAdapter(18959): startLeScan(): null
01-14 11:14:43.047 D/BtGatt.GattService(14573): registerClient() - UUID=50a5cfdf-761d-4d4f-b8ca-00817b4f65e4
01-14 11:14:43.047 D/BtGatt.btif(14573): btif_gattc_register_app
01-14 11:14:43.047 D/BtGatt.btif(14573): btgattc_handle_event: Event 1000
01-14 11:14:43.047 D/BtGatt.btif(14573): btif_gattc_upstreams_evt: Event 0
01-14 11:14:43.057 D/BtGatt.GattService(14573): onClientRegistered() - UUID=50a5cfdf-761d-4d4f-b8ca-00817b4f65e4, clientIf=4
01-14 11:14:43.057 D/BluetoothAdapter(18959): onClientRegistered() - status=0 clientIf=4
01-14 11:14:43.057 D/BtGatt.GattService(14573): startScan() - queue=0
01-14 11:14:43.057 D/BtGatt.GattService(14573): startScan() - adding client=4
01-14 11:14:43.057 D/BtGatt.btif(14573): btif_gattc_scan
01-14 11:14:43.057 D/BtGatt.btif(14573): btgattc_handle_event: Event 1002
01-14 11:14:43.057 I/System.out(18959): Started new scanning
01-14 11:14:43.988 I/System.out(18959): Values:0
01-14 11:14:44.989 I/System.out(18959): Values:0
01-14 11:14:45.990 I/System.out(18959): Values:0
01-14 11:14:46.991 I/System.out(18959): Values:0
01-14 11:14:47.992 I/System.out(18959): Values:0
01-14 11:14:49.003 I/System.out(18959): Values:0
01-14 11:14:50.004 I/System.out(18959): Values:0
01-14 11:14:50.995 I/System.out(18959): Values:0
01-14 11:14:51.996 I/System.out(18959): Values:0
01-14 11:14:53.007 I/System.out(18959): Values:0
01-14 11:14:53.007 D/BluetoothAdapter(18959): stopLeScan()
01-14 11:14:53.017 D/BtGatt.GattService(14573): stopScan() - queue=1
01-14 11:14:53.017 D/BtGatt.GattService(14573): stopScan() - queue empty; stopping scan
01-14 11:14:53.027 D/BtGatt.btif(14573): btif_gattc_scan
01-14 11:14:53.027 D/BtGatt.btif(14573): btgattc_handle_event: Event 1003
01-14 11:14:53.037 D/BtGatt.GattService(14573): unregisterClient() - clientIf=4
01-14 11:14:53.037 D/BtGatt.btif(14573): btif_gattc_unregister_app
01-14 11:14:53.047 D/BtGatt.btif(14573): btgattc_handle_event: Event 1001
01-14 11:14:53.047 D/BtGatt.btif(14573): btif_gattc_upstreams_evt: Event 1
01-14 11:14:53.057 I/System.out(18959): About to start new scanning
01-14 11:14:53.057 D/BluetoothAdapter(18959): startLeScan(): null
01-14 11:14:53.067 D/BtGatt.GattService(14573): registerClient() - UUID=cf4cfaf1-ea42-42dc-9974-c3536bf29ee5
01-14 11:14:53.067 D/BtGatt.btif(14573): btif_gattc_register_app
01-14 11:14:53.067 D/BtGatt.btif(14573): btgattc_handle_event: Event 1000
01-14 11:14:53.067 D/BtGatt.btif(14573): btif_gattc_upstreams_evt: Event 0
01-14 11:14:53.067 D/BtGatt.GattService(14573): onClientRegistered() - UUID=cf4cfaf1-ea42-42dc-9974-c3536bf29ee5, clientIf=4
01-14 11:14:53.067 D/BluetoothAdapter(18959): onClientRegistered() - status=0 clientIf=4
01-14 11:14:53.067 D/BtGatt.GattService(14573): startScan() - queue=0
01-14 11:14:53.077 D/BtGatt.GattService(14573): startScan() - adding client=4
01-14 11:14:53.077 D/BtGatt.btif(14573): btif_gattc_scan
01-14 11:14:53.077 D/BtGatt.btif(14573): btgattc_handle_event: Event 1002
01-14 11:14:53.077 I/System.out(18959): Started new scanning
01-14 11:14:54.007 I/System.out(18959): Values:0
01-14 11:14:55.008 I/System.out(18959): Values:0
01-14 11:14:56.009 I/System.out(18959): Values:0
01-14 11:14:57.010 I/System.out(18959): Values:0
01-14 11:14:58.011 I/System.out(18959): Values:0
01-14 11:14:59.012 I/System.out(18959): Values:0
01-14 11:15:00.003 I/System.out(18959): Values:0
01-14 11:15:01.014 I/System.out(18959): Values:0
01-14 11:15:01.074 V/DigitalWidgetViewsFactory(18064): DigitalWidget sets next alarm string to null
01-14 11:15:02.015 I/System.out(18959): Values:0
01-14 11:15:03.016 I/System.out(18959): Values:0
01-14 11:15:03.016 D/BluetoothAdapter(18959): stopLeScan()
01-14 11:15:03.036 D/BtGatt.GattService(14573): stopScan() - queue=1
01-14 11:15:03.036 D/BtGatt.GattService(14573): stopScan() - queue empty; stopping scan
01-14 11:15:03.036 D/BtGatt.btif(14573): btif_gattc_scan
01-14 11:15:03.036 D/BtGatt.btif(14573): btgattc_handle_event: Event 1003
01-14 11:15:03.046 D/BtGatt.GattService(14573): unregisterClient() - clientIf=4
01-14 11:15:03.056 D/BtGatt.btif(14573): btif_gattc_unregister_app
01-14 11:15:03.056 D/BtGatt.btif(14573): btgattc_handle_event: Event 1001
01-14 11:15:03.066 D/BtGatt.btif(14573): btif_gattc_upstreams_evt: Event 1
01-14 11:15:03.066 I/System.out(18959): About to start new scanning
01-14 11:15:03.076 D/BluetoothAdapter(18959): startLeScan(): null
01-14 11:15:03.076 D/BtGatt.GattService(14573): registerClient() - UUID=1f0683e8-7a25-4ee6-a89d-7df1a90fbbca
01-14 11:15:03.076 D/BtGatt.btif(14573): btif_gattc_register_app
01-14 11:15:03.076 D/BtGatt.btif(14573): btgattc_handle_event: Event 1000
01-14 11:15:03.086 D/BtGatt.btif(14573): btif_gattc_upstreams_evt: Event 0
01-14 11:15:03.086 D/BtGatt.GattService(14573): onClientRegistered() - UUID=1f0683e8-7a25-4ee6-a89d-7df1a90fbbca, clientIf=4
01-14 11:15:03.086 D/BluetoothAdapter(18959): onClientRegistered() - status=0 clientIf=4
01-14 11:15:03.086 D/BtGatt.GattService(14573): startScan() - queue=0
01-14 11:15:03.086 D/BtGatt.GattService(14573): startScan() - adding client=4
01-14 11:15:03.086 D/BtGatt.btif(14573): btif_gattc_scan
01-14 11:15:03.086 D/BtGatt.btif(14573): btgattc_handle_event: Event 1002
01-14 11:15:03.096 I/System.out(18959): Started new scanning
01-14 11:15:04.017 I/System.out(18959): Values:0
01-14 11:15:05.018 I/System.out(18959): Values:0
01-14 11:15:06.019 I/System.out(18959): Values:0
01-14 11:15:07.020 I/System.out(18959): Values:0
01-14 11:15:08.021 I/System.out(18959): Values:0
01-14 11:15:09.022 I/System.out(18959): Values:0
01-14 11:15:10.033 I/System.out(18959): Values:0
01-14 11:15:11.034 I/System.out(18959): Values:0
01-14 11:15:12.025 I/System.out(18959): Values:0
01-14 11:15:13.026 I/System.out(18959): Values:0
01-14 11:15:13.026 D/BluetoothAdapter(18959): stopLeScan()
01-14 11:15:13.046 D/BtGatt.GattService(14573): stopScan() - queue=1
01-14 11:15:13.046 D/BtGatt.GattService(14573): stopScan() - queue empty; stopping scan
01-14 11:15:13.056 D/BtGatt.btif(14573): btif_gattc_scan
01-14 11:15:13.056 D/BtGatt.btif(14573): btgattc_handle_event: Event 1003
01-14 11:15:13.066 D/BtGatt.GattService(14573): unregisterClient() - clientIf=4
01-14 11:15:13.066 D/BtGatt.btif(14573): btif_gattc_unregister_app
01-14 11:15:13.076 D/BtGatt.btif(14573): btgattc_handle_event: Event 1001
01-14 11:15:13.076 D/BtGatt.btif(14573): btif_gattc_upstreams_evt: Event 1
01-14 11:15:13.076 I/System.out(18959): About to start new scanning
01-14 11:15:13.086 D/BluetoothAdapter(18959): startLeScan(): null
01-14 11:15:13.096 D/BtGatt.GattService(14573): registerClient() - UUID=b69e2da9-86e5-4a97-bfe9-ea0c198caa72
01-14 11:15:13.096 D/BtGatt.btif(14573): btif_gattc_register_app
01-14 11:15:13.096 D/BtGatt.btif(14573): btgattc_handle_event: Event 1000
01-14 11:15:13.096 D/BtGatt.btif(14573): btif_gattc_upstreams_evt: Event 0
01-14 11:15:13.096 D/BtGatt.GattService(14573): onClientRegistered() - UUID=b69e2da9-86e5-4a97-bfe9-ea0c198caa72, clientIf=4
01-14 11:15:13.096 D/BluetoothAdapter(18959): onClientRegistered() - status=0 clientIf=4
01-14 11:15:13.096 D/BtGatt.GattService(14573): startScan() - queue=0
01-14 11:15:13.096 D/BtGatt.GattService(14573): startScan() - adding client=4
01-14 11:15:13.106 D/BtGatt.btif(14573): btif_gattc_scan
01-14 11:15:13.106 D/BtGatt.btif(14573): btgattc_handle_event: Event 1002
01-14 11:15:13.106 I/System.out(18959): Started new scanning
01-14 11:15:14.037 I/System.out(18959): Values:0
01-14 11:15:15.038 I/System.out(18959): Values:0
01-14 11:15:16.039 I/System.out(18959): Values:0
01-14 11:15:17.040 I/System.out(18959): Values:0
01-14 11:15:18.041 I/System.out(18959): Values:0
01-14 11:15:19.042 I/System.out(18959): Values:0
01-14 11:15:20.043 I/System.out(18959): Values:0
01-14 11:15:21.054 I/System.out(18959): Values:0
01-14 11:15:22.055 I/System.out(18959): Values:0
01-14 11:15:23.056 I/System.out(18959): Values:0
01-14 11:15:23.056 D/BluetoothAdapter(18959): stopLeScan()
01-14 11:15:23.066 D/BtGatt.GattService(14573): stopScan() - queue=1
01-14 11:15:23.066 D/BtGatt.GattService(14573): stopScan() - queue empty; stopping scan
01-14 11:15:23.066 D/BtGatt.btif(14573): btif_gattc_scan
01-14 11:15:23.076 D/BtGatt.btif(14573): btgattc_handle_event: Event 1003
01-14 11:15:23.086 D/BtGatt.GattService(14573): unregisterClient() - clientIf=4
01-14 11:15:23.086 D/BtGatt.btif(14573): btif_gattc_unregister_app
01-14 11:15:23.086 D/BtGatt.btif(14573): btgattc_handle_event: Event 1001
01-14 11:15:23.096 D/BtGatt.btif(14573): btif_gattc_upstreams_evt: Event 1
01-14 11:15:23.096 I/System.out(18959): About to start new scanning
01-14 11:15:23.106 D/BluetoothAdapter(18959): startLeScan(): null
01-14 11:15:23.106 D/BtGatt.GattService(14573): registerClient() - UUID=61501a6d-65c2-4caf-887b-8fefd9226677
01-14 11:15:23.106 D/BtGatt.btif(14573): btif_gattc_register_app
01-14 11:15:23.106 D/BtGatt.btif(14573): btgattc_handle_event: Event 1000
01-14 11:15:23.116 D/BtGatt.btif(14573): btif_gattc_upstreams_evt: Event 0
01-14 11:15:23.116 D/BtGatt.GattService(14573): onClientRegistered() - UUID=61501a6d-65c2-4caf-887b-8fefd9226677, clientIf=4
01-14 11:15:23.116 D/BluetoothAdapter(18959): onClientRegistered() - status=0 clientIf=4
01-14 11:15:23.116 D/BtGatt.GattService(14573): startScan() - queue=0
01-14 11:15:23.116 D/BtGatt.GattService(14573): startScan() - adding client=4
01-14 11:15:23.116 D/BtGatt.btif(14573): btif_gattc_scan
01-14 11:15:23.116 D/BtGatt.btif(14573): btgattc_handle_event: Event 1002
01-14 11:15:23.126 I/System.out(18959): Started new scanning
01-14 11:15:24.047 I/System.out(18959): Values:0
01-14 11:15:25.058 I/System.out(18959): Values:0
01-14 11:15:26.059 I/System.out(18959): Values:0
01-14 11:15:27.060 I/System.out(18959): Values:0
01-14 11:15:28.061 I/System.out(18959): Values:0
01-14 11:15:29.062 I/System.out(18959): Values:0
01-14 11:15:30.063 I/System.out(18959): Values:0
01-14 11:15:31.074 I/System.out(18959): Values:0
01-14 11:15:32.075 I/System.out(18959): Values:0
01-14 11:15:33.066 I/System.out(18959): Values:0
01-14 11:15:33.066 D/BluetoothAdapter(18959): stopLeScan()
01-14 11:15:33.086 D/BtGatt.GattService(14573): stopScan() - queue=1
01-14 11:15:33.086 D/BtGatt.GattService(14573): stopScan() - queue empty; stopping scan
01-14 11:15:33.086 D/BtGatt.btif(14573): btif_gattc_scan
01-14 11:15:33.096 D/BtGatt.btif(14573): btgattc_handle_event: Event 1003
01-14 11:15:33.096 D/BtGatt.GattService(14573): unregisterClient() - clientIf=4
01-14 11:15:33.106 D/BtGatt.btif(14573): btif_gattc_unregister_app
01-14 11:15:33.106 D/BtGatt.btif(14573): btgattc_handle_event: Event 1001
01-14 11:15:33.116 D/BtGatt.btif(14573): btif_gattc_upstreams_evt: Event 1
01-14 11:15:33.116 I/System.out(18959): About to start new scanning
01-14 11:15:33.126 D/BluetoothAdapter(18959): startLeScan(): null
01-14 11:15:33.136 D/BtGatt.GattService(14573): registerClient() - UUID=d80d8200-8bfc-4421-bf4d-c555a0c8195c
01-14 11:15:33.136 D/BtGatt.btif(14573): btif_gattc_register_app
01-14 11:15:33.146 D/BtGatt.btif(14573): btgattc_handle_event: Event 1000
01-14 11:15:33.146 D/BtGatt.btif(14573): btif_gattc_upstreams_evt: Event 0
01-14 11:15:33.146 D/BtGatt.GattService(14573): onClientRegistered() - UUID=d80d8200-8bfc-4421-bf4d-c555a0c8195c, clientIf=4
01-14 11:15:33.156 D/BluetoothAdapter(18959): onClientRegistered() - status=0 clientIf=4
01-14 11:15:33.156 D/BtGatt.GattService(14573): startScan() - queue=0
01-14 11:15:33.156 D/BtGatt.GattService(14573): startScan() - adding client=4
01-14 11:15:33.156 D/BtGatt.btif(14573): btif_gattc_scan
01-14 11:15:33.166 D/BtGatt.btif(14573): btgattc_handle_event: Event 1002
01-14 11:15:33.166 I/System.out(18959): Started new scanning
01-14 11:15:34.067 I/System.out(18959): Values:0
01-14 11:15:35.078 I/System.out(18959): Values:0
01-14 11:15:36.079 I/System.out(18959): Values:0
01-14 11:15:37.080 I/System.out(18959): Values:0
01-14 11:15:38.080 I/System.out(18959): Values:0
01-14 11:15:39.081 I/System.out(18959): Values:0
01-14 11:15:40.082 I/System.out(18959): Values:0
01-14 11:15:41.083 I/System.out(18959): Values:0
01-14 11:15:42.094 I/System.out(18959): Values:0
01-14 11:15:43.095 I/System.out(18959): Values:0
01-14 11:15:43.095 D/BluetoothAdapter(18959): stopLeScan()
01-14 11:15:43.105 D/BtGatt.GattService(14573): stopScan() - queue=1
01-14 11:15:43.105 D/BtGatt.GattService(14573): stopScan() - queue empty; stopping scan
01-14 11:15:43.105 D/BtGatt.btif(14573): btif_gattc_scan
01-14 11:15:43.115 D/BtGatt.btif(14573): btgattc_handle_event: Event 1003
01-14 11:15:43.115 D/BtGatt.GattService(14573): unregisterClient() - clientIf=4
01-14 11:15:43.125 D/BtGatt.btif(14573): btif_gattc_unregister_app
01-14 11:15:43.125 D/BtGatt.btif(14573): btgattc_handle_event: Event 1001
01-14 11:15:43.135 D/BtGatt.btif(14573): btif_gattc_upstreams_evt: Event 1
01-14 11:15:43.135 I/System.out(18959): About to start new scanning
01-14 11:15:43.145 D/BluetoothAdapter(18959): startLeScan(): null
01-14 11:15:43.145 D/BtGatt.GattService(14573): registerClient() - UUID=1097472c-5b60-4d37-9ef7-44641fdfd482
01-14 11:15:43.145 D/BtGatt.btif(14573): btif_gattc_register_app
01-14 11:15:43.145 D/BtGatt.btif(14573): btgattc_handle_event: Event 1000
01-14 11:15:43.155 D/BtGatt.btif(14573): btif_gattc_upstreams_evt: Event 0
01-14 11:15:43.155 D/BtGatt.GattService(14573): onClientRegistered() - UUID=1097472c-5b60-4d37-9ef7-44641fdfd482, clientIf=4
01-14 11:15:43.155 D/BluetoothAdapter(18959): onClientRegistered() - status=0 clientIf=4
01-14 11:15:43.155 D/BtGatt.GattService(14573): startScan() - queue=0
01-14 11:15:43.155 D/BtGatt.GattService(14573): startScan() - adding client=4
01-14 11:15:43.155 D/BtGatt.btif(14573): btif_gattc_scan
01-14 11:15:43.155 D/BtGatt.btif(14573): btgattc_handle_event: Event 1002
01-14 11:15:43.165 I/System.out(18959): Started new scanning
01-14 11:15:44.086 I/System.out(18959): Values:0
01-14 11:15:45.097 I/System.out(18959): Values:0
01-14 11:15:46.098 I/System.out(18959): Values:0
01-14 11:15:47.099 I/System.out(18959): Values:0
01-14 11:15:48.110 I/System.out(18959): Values:0
01-14 11:15:49.111 I/System.out(18959): Values:0
01-14 11:15:50.112 I/System.out(18959): Values:0
01-14 11:15:51.103 I/System.out(18959): Values:0
01-14 11:15:52.114 I/System.out(18959): Values:0
01-14 11:15:53.105 I/System.out(18959): Values:0
01-14 11:15:53.115 D/BluetoothAdapter(18959): stopLeScan()
01-14 11:15:53.125 D/BtGatt.GattService(14573): stopScan() - queue=1
01-14 11:15:53.125 D/BtGatt.GattService(14573): stopScan() - queue empty; stopping scan
01-14 11:15:53.135 D/BtGatt.btif(14573): btif_gattc_scan
01-14 11:15:53.135 D/BtGatt.btif(14573): btgattc_handle_event: Event 1003
01-14 11:15:53.145 D/BtGatt.GattService(14573): unregisterClient() - clientIf=4
01-14 11:15:53.145 D/BtGatt.btif(14573): btif_gattc_unregister_app
01-14 11:15:53.155 D/BtGatt.btif(14573): btgattc_handle_event: Event 1001
01-14 11:15:53.155 D/BtGatt.btif(14573): btif_gattc_upstreams_evt: Event 1
01-14 11:15:53.165 I/System.out(18959): About to start new scanning
01-14 11:15:53.165 D/BluetoothAdapter(18959): startLeScan(): null
01-14 11:15:53.165 D/BtGatt.GattService(14573): registerClient() - UUID=7667eca3-649a-477a-bc9b-a9a9c1d3b9f0
01-14 11:15:53.165 D/BtGatt.btif(14573): btif_gattc_register_app
01-14 11:15:53.175 D/BtGatt.btif(14573): btgattc_handle_event: Event 1000
01-14 11:15:53.175 D/BtGatt.btif(14573): btif_gattc_upstreams_evt: Event 0
01-14 11:15:53.175 D/BtGatt.GattService(14573): onClientRegistered() - UUID=7667eca3-649a-477a-bc9b-a9a9c1d3b9f0, clientIf=4
01-14 11:15:53.175 D/BluetoothAdapter(18959): onClientRegistered() - status=0 clientIf=4
01-14 11:15:53.175 D/BtGatt.GattService(14573): startScan() - queue=0
01-14 11:15:53.175 D/BtGatt.GattService(14573): startScan() - adding client=4
01-14 11:15:53.175 D/BtGatt.btif(14573): btif_gattc_scan
01-14 11:15:53.185 D/BtGatt.btif(14573): btgattc_handle_event: Event 1002
01-14 11:15:53.185 I/System.out(18959): Started new scanning
01-14 11:15:54.106 I/System.out(18959): Values:0
01-14 11:15:55.117 I/System.out(18959): Values:0
01-14 11:15:56.118 I/System.out(18959): Values:0
01-14 11:15:57.119 I/System.out(18959): Values:0
01-14 11:15:58.120 I/System.out(18959): Values:0
01-14 11:15:59.121 I/System.out(18959): Values:0
01-14 11:16:00.122 I/System.out(18959): Values:0
01-14 11:16:01.133 I/System.out(18959): Values:0
01-14 11:16:02.124 I/System.out(18959): Values:0
01-14 11:16:03.135 I/System.out(18959): Values:0
01-14 11:16:03.135 D/BluetoothAdapter(18959): stopLeScan()
01-14 11:16:03.135 D/BtGatt.GattService(14573): stopScan() - queue=1
01-14 11:16:03.145 D/BtGatt.GattService(14573): stopScan() - queue empty; stopping scan
01-14 11:16:03.145 D/BtGatt.btif(14573): btif_gattc_scan
01-14 11:16:03.155 D/BtGatt.btif(14573): btgattc_handle_event: Event 1003
01-14 11:16:03.155 D/BtGatt.GattService(14573): unregisterClient() - clientIf=4
01-14 11:16:03.165 D/BtGatt.btif(14573): btif_gattc_unregister_app
01-14 11:16:03.165 D/BtGatt.btif(14573): btgattc_handle_event: Event 1001
01-14 11:16:03.175 D/BtGatt.btif(14573): btif_gattc_upstreams_evt: Event 1
01-14 11:16:03.175 I/System.out(18959): About to start new scanning
01-14 11:16:03.185 D/BluetoothAdapter(18959): startLeScan(): null
01-14 11:16:03.185 D/BtGatt.GattService(14573): registerClient() - UUID=0a0691ef-01c2-4819-9a70-44afbc7ee105
01-14 11:16:03.185 D/BtGatt.btif(14573): btif_gattc_register_app
01-14 11:16:03.185 D/BtGatt.btif(14573): btgattc_handle_event: Event 1000
01-14 11:16:03.195 D/BtGatt.btif(14573): btif_gattc_upstreams_evt: Event 0
01-14 11:16:03.195 D/BtGatt.GattService(14573): onClientRegistered() - UUID=0a0691ef-01c2-4819-9a70-44afbc7ee105, clientIf=4
01-14 11:16:03.195 D/BluetoothAdapter(18959): onClientRegistered() - status=0 clientIf=4
01-14 11:16:03.195 D/BtGatt.GattService(14573): startScan() - queue=0
01-14 11:16:03.195 D/BtGatt.GattService(14573): startScan() - adding client=4
01-14 11:16:03.195 D/BtGatt.btif(14573): btif_gattc_scan
01-14 11:16:03.205 D/BtGatt.btif(14573): btgattc_handle_event: Event 1002
01-14 11:16:03.205 I/System.out(18959): Started new scanning
01-14 11:16:04.136 I/System.out(18959): Values:0
01-14 11:16:04.947 D/dalvikvm(  523): GC_CONCURRENT freed 1840K, 20% free 17004K/21204K, paused 8ms+7ms, total 113ms
01-14 11:16:05.137 I/System.out(18959): Values:0
01-14 11:16:06.138 I/System.out(18959): Values:0
01-14 11:16:07.139 I/System.out(18959): Values:0
01-14 11:16:08.140 I/System.out(18959): Values:0
01-14 11:16:09.141 I/System.out(18959): Values:0
01-14 11:16:10.142 I/System.out(18959): Values:0
01-14 11:16:11.143 I/System.out(18959): Values:0
01-14 11:16:12.144 I/System.out(18959): Values:0
01-14 11:16:13.145 I/System.out(18959): Values:0
01-14 11:16:13.145 D/BluetoothAdapter(18959): stopLeScan()
01-14 11:16:13.165 D/BtGatt.GattService(14573): stopScan() - queue=1
01-14 11:16:13.175 D/BtGatt.GattService(14573): stopScan() - queue empty; stopping scan
01-14 11:16:13.175 D/BtGatt.btif(14573): btif_gattc_scan
01-14 11:16:13.175 D/BtGatt.btif(14573): btgattc_handle_event: Event 1003
01-14 11:16:13.195 D/BtGatt.GattService(14573): unregisterClient() - clientIf=4
01-14 11:16:13.195 D/BtGatt.btif(14573): btif_gattc_unregister_app
01-14 11:16:13.195 D/BtGatt.btif(14573): btgattc_handle_event: Event 1001
01-14 11:16:13.205 D/BtGatt.btif(14573): btif_gattc_upstreams_evt: Event 1
01-14 11:16:13.205 I/System.out(18959): About to start new scanning
01-14 11:16:13.205 D/BluetoothAdapter(18959): startLeScan(): null
01-14 11:16:13.215 D/BtGatt.GattService(14573): registerClient() - UUID=e8915754-859f-4f47-b285-4f027e540682
01-14 11:16:13.215 D/BtGatt.btif(14573): btif_gattc_register_app
01-14 11:16:13.215 D/BtGatt.btif(14573): btgattc_handle_event: Event 1000
01-14 11:16:13.215 D/BtGatt.btif(14573): btif_gattc_upstreams_evt: Event 0
01-14 11:16:13.215 D/BtGatt.GattService(14573): onClientRegistered() - UUID=e8915754-859f-4f47-b285-4f027e540682, clientIf=4
01-14 11:16:13.215 D/BluetoothAdapter(18959): onClientRegistered() - status=0 clientIf=4
01-14 11:16:13.215 D/BtGatt.GattService(14573): startScan() - queue=0
01-14 11:16:13.225 D/BtGatt.GattService(14573): startScan() - adding client=4
01-14 11:16:13.225 D/BtGatt.btif(14573): btif_gattc_scan
01-14 11:16:13.225 D/BtGatt.btif(14573): btgattc_handle_event: Event 1002
01-14 11:16:13.225 I/System.out(18959): Started new scanning
01-14 11:16:14.156 I/System.out(18959): Values:0
01-14 11:16:15.147 I/System.out(18959): Values:0
01-14 11:16:16.148 I/System.out(18959): Values:0
01-14 11:16:17.159 I/System.out(18959): Values:0
01-14 11:16:18.160 I/System.out(18959): Values:0
01-14 11:16:19.161 I/System.out(18959): Values:0
01-14 11:16:20.162 I/System.out(18959): Values:0
01-14 11:16:21.163 I/System.out(18959): Values:0
01-14 11:16:22.163 I/System.out(18959): Values:0
01-14 11:16:23.174 I/System.out(18959): Values:0
01-14 11:16:23.174 D/BluetoothAdapter(18959): stopLeScan()
01-14 11:16:23.184 D/BtGatt.GattService(14573): stopScan() - queue=1
01-14 11:16:23.184 D/BtGatt.GattService(14573): stopScan() - queue empty; stopping scan
01-14 11:16:23.184 D/BtGatt.btif(14573): btif_gattc_scan
01-14 11:16:23.184 D/BtGatt.btif(14573): btgattc_handle_event: Event 1003
01-14 11:16:23.184 D/BtGatt.GattService(14573): unregisterClient() - clientIf=4
01-14 11:16:23.184 D/BtGatt.btif(14573): btif_gattc_unregister_app
01-14 11:16:23.184 D/BtGatt.btif(14573): btgattc_handle_event: Event 1001
01-14 11:16:23.184 D/BtGatt.btif(14573): btif_gattc_upstreams_evt: Event 1
01-14 11:16:23.184 I/System.out(18959): About to start new scanning
01-14 11:16:23.184 D/BluetoothAdapter(18959): startLeScan(): null
01-14 11:16:23.195 D/BtGatt.GattService(14573): registerClient() - UUID=4b22d2fb-096e-4dc8-8a1e-ade7155abf4f
01-14 11:16:23.195 D/BtGatt.btif(14573): btif_gattc_register_app
01-14 11:16:23.195 D/BtGatt.btif(14573): btgattc_handle_event: Event 1000
01-14 11:16:23.195 D/BtGatt.btif(14573): btif_gattc_upstreams_evt: Event 0
01-14 11:16:23.195 D/BtGatt.GattService(14573): onClientRegistered() - UUID=4b22d2fb-096e-4dc8-8a1e-ade7155abf4f, clientIf=4
01-14 11:16:23.195 D/BluetoothAdapter(18959): onClientRegistered() - status=0 clientIf=4
01-14 11:16:23.225 D/BtGatt.GattService(14573): startScan() - queue=0
01-14 11:16:23.225 D/BtGatt.GattService(14573): startScan() - adding client=4
01-14 11:16:23.225 D/BtGatt.btif(14573): btif_gattc_scan
01-14 11:16:23.225 D/BtGatt.btif(14573): btgattc_handle_event: Event 1002
01-14 11:16:23.225 I/System.out(18959): Started new scanning
01-14 11:16:24.175 I/System.out(18959): Values:0
01-14 11:16:25.166 I/System.out(18959): Values:0
01-14 11:16:26.167 I/System.out(18959): Values:0
01-14 11:16:27.178 I/System.out(18959): Values:0
01-14 11:16:28.179 I/System.out(18959): Values:0
01-14 11:16:28.239 D/dalvikvm(18959): GC_CONCURRENT freed 390K, 5% free 9087K/9516K, paused 4ms+2ms, total 41ms
01-14 11:16:29.180 I/System.out(18959): Values:0
01-14 11:16:30.191 I/System.out(18959): Values:0
01-14 11:16:31.192 I/System.out(18959): Values:0
01-14 11:16:32.193 I/System.out(18959): Values:0
01-14 11:16:33.184 I/System.out(18959): Values:0
01-14 11:16:33.184 D/BluetoothAdapter(18959): stopLeScan()
01-14 11:16:33.204 D/BtGatt.GattService(14573): stopScan() - queue=1
01-14 11:16:33.204 D/BtGatt.GattService(14573): stopScan() - queue empty; stopping scan
01-14 11:16:33.214 D/BtGatt.btif(14573): btif_gattc_scan
01-14 11:16:33.214 D/BtGatt.btif(14573): btgattc_handle_event: Event 1003
01-14 11:16:33.224 D/BtGatt.GattService(14573): unregisterClient() - clientIf=4
01-14 11:16:33.224 D/BtGatt.btif(14573): btif_gattc_unregister_app
01-14 11:16:33.234 D/BtGatt.btif(14573): btgattc_handle_event: Event 1001
01-14 11:16:33.234 D/BtGatt.btif(14573): btif_gattc_upstreams_evt: Event 1
01-14 11:16:33.234 I/System.out(18959): About to start new scanning
01-14 11:16:33.244 D/BluetoothAdapter(18959): startLeScan(): null
01-14 11:16:33.244 D/BtGatt.GattService(14573): registerClient() - UUID=858f036d-8e17-4ae1-95c6-d253136e99d5
01-14 11:16:33.244 D/BtGatt.btif(14573): btif_gattc_register_app
01-14 11:16:33.254 D/BtGatt.btif(14573): btgattc_handle_event: Event 1000
01-14 11:16:33.254 D/BtGatt.btif(14573): btif_gattc_upstreams_evt: Event 0
01-14 11:16:33.254 D/BtGatt.GattService(14573): onClientRegistered() - UUID=858f036d-8e17-4ae1-95c6-d253136e99d5, clientIf=4
01-14 11:16:33.254 D/BluetoothAdapter(18959): onClientRegistered() - status=0 clientIf=4
01-14 11:16:33.254 D/BtGatt.GattService(14573): startScan() - queue=0
01-14 11:16:33.254 D/BtGatt.GattService(14573): startScan() - adding client=4
01-14 11:16:33.254 D/BtGatt.btif(14573): btif_gattc_scan
01-14 11:16:33.264 D/BtGatt.btif(14573): btgattc_handle_event: Event 1002
01-14 11:16:33.264 I/System.out(18959): Started new scanning
01-14 11:16:34.195 I/System.out(18959): Values:0
01-14 11:16:35.196 I/System.out(18959): Values:0
01-14 11:16:36.197 I/System.out(18959): Values:0
01-14 11:16:37.198 I/System.out(18959): Values:0
01-14 11:16:38.199 I/System.out(18959): Values:0
01-14 11:16:39.200 I/System.out(18959): Values:0
01-14 11:16:40.201 I/System.out(18959): Values:0
01-14 11:16:41.202 I/System.out(18959): Values:0
01-14 11:16:42.203 I/System.out(18959): Values:0
01-14 11:16:43.214 I/System.out(18959): Values:0
01-14 11:16:43.214 D/BluetoothAdapter(18959): stopLeScan()
01-14 11:16:43.224 D/BtGatt.GattService(14573): stopScan() - queue=1
01-14 11:16:43.224 D/BtGatt.GattService(14573): stopScan() - queue empty; stopping scan
01-14 11:16:43.234 D/BtGatt.btif(14573): btif_gattc_scan
01-14 11:16:43.234 D/BtGatt.btif(14573): btgattc_handle_event: Event 1003
01-14 11:16:43.244 D/BtGatt.GattService(14573): unregisterClient() - clientIf=4
01-14 11:16:43.244 D/BtGatt.btif(14573): btif_gattc_unregister_app
01-14 11:16:43.254 D/BtGatt.btif(14573): btgattc_handle_event: Event 1001
01-14 11:16:43.254 D/BtGatt.btif(14573): btif_gattc_upstreams_evt: Event 1
01-14 11:16:43.264 I/System.out(18959): About to start new scanning
01-14 11:16:43.264 D/BluetoothAdapter(18959): startLeScan(): null
01-14 11:16:43.274 D/BtGatt.GattService(14573): registerClient() - UUID=5d8a4b22-3080-4b72-a32e-ff2813c9e4e5
01-14 11:16:43.274 D/BtGatt.btif(14573): btif_gattc_register_app
01-14 11:16:43.274 D/BtGatt.btif(14573): btgattc_handle_event: Event 1000
01-14 11:16:43.274 D/BtGatt.btif(14573): btif_gattc_upstreams_evt: Event 0
01-14 11:16:43.274 D/BtGatt.GattService(14573): onClientRegistered() - UUID=5d8a4b22-3080-4b72-a32e-ff2813c9e4e5, clientIf=4
01-14 11:16:43.274 D/BluetoothAdapter(18959): onClientRegistered() - status=0 clientIf=4
01-14 11:16:43.274 D/BtGatt.GattService(14573): startScan() - queue=0
01-14 11:16:43.284 D/BtGatt.GattService(14573): startScan() - adding client=4
01-14 11:16:43.284 D/BtGatt.btif(14573): btif_gattc_scan
01-14 11:16:43.284 D/BtGatt.btif(14573): btgattc_handle_event: Event 1002
01-14 11:16:43.284 I/System.out(18959): Started new scanning
01-14 11:16:44.215 I/System.out(18959): Values:0
01-14 11:16:45.206 I/System.out(18959): Values:0
01-14 11:16:46.207 I/System.out(18959): Values:0
01-14 11:16:47.208 I/System.out(18959): Values:0
01-14 11:16:48.219 I/System.out(18959): Values:0
01-14 11:16:49.220 I/System.out(18959): Values:0
01-14 11:16:50.231 I/System.out(18959): Values:0
01-14 11:16:51.232 I/System.out(18959): Values:0
01-14 11:16:52.233 I/System.out(18959): Values:0
01-14 11:16:53.234 I/System.out(18959): Values:0
01-14 11:16:53.234 D/BluetoothAdapter(18959): stopLeScan()
01-14 11:16:53.244 D/BtGatt.GattService(14573): stopScan() - queue=1
01-14 11:16:53.254 D/BtGatt.GattService(14573): stopScan() - queue empty; stopping scan
01-14 11:16:53.254 D/BtGatt.btif(14573): btif_gattc_scan
01-14 11:16:53.254 D/BtGatt.btif(14573): btgattc_handle_event: Event 1003
01-14 11:16:53.264 D/BtGatt.GattService(14573): unregisterClient() - clientIf=4
01-14 11:16:53.274 D/BtGatt.btif(14573): btif_gattc_unregister_app
01-14 11:16:53.274 D/BtGatt.btif(14573): btgattc_handle_event: Event 1001
01-14 11:16:53.284 D/BtGatt.btif(14573): btif_gattc_upstreams_evt: Event 1
01-14 11:16:53.284 I/System.out(18959): About to start new scanning
01-14 11:16:53.294 D/BluetoothAdapter(18959): startLeScan(): null
01-14 11:16:53.304 D/BtGatt.GattService(14573): registerClient() - UUID=a64a2c23-6cfd-4879-927c-257e58fd019d
01-14 11:16:53.304 D/BtGatt.btif(14573): btif_gattc_register_app
01-14 11:16:53.304 D/BtGatt.btif(14573): btgattc_handle_event: Event 1000
01-14 11:16:53.314 D/BtGatt.btif(14573): btif_gattc_upstreams_evt: Event 0
01-14 11:16:53.314 D/BtGatt.GattService(14573): onClientRegistered() - UUID=a64a2c23-6cfd-4879-927c-257e58fd019d, clientIf=4
01-14 11:16:53.314 D/BluetoothAdapter(18959): onClientRegistered() - status=0 clientIf=4
01-14 11:16:53.314 D/BtGatt.GattService(14573): startScan() - queue=0
01-14 11:16:53.324 D/BtGatt.GattService(14573): startScan() - adding client=4
01-14 11:16:53.324 D/BtGatt.btif(14573): btif_gattc_scan
01-14 11:16:53.324 D/BtGatt.btif(14573): btgattc_handle_event: Event 1002
01-14 11:16:53.324 I/System.out(18959): Started new scanning
01-14 11:16:54.235 I/System.out(18959): Values:0
01-14 11:16:55.236 I/System.out(18959): Values:0
01-14 11:16:56.237 I/System.out(18959): Values:0
01-14 11:16:57.238 I/System.out(18959): Values:0
01-14 11:16:58.239 I/System.out(18959): Values:0
01-14 11:16:59.240 I/System.out(18959): Values:0
01-14 11:17:00.241 I/System.out(18959): Values:0
01-14 11:17:01.252 I/System.out(18959): Values:0
01-14 11:17:02.253 I/System.out(18959): Values:0
01-14 11:17:03.254 I/System.out(18959): Values:0
01-14 11:17:03.254 D/BluetoothAdapter(18959): stopLeScan()
01-14 11:17:03.264 D/BtGatt.GattService(14573): stopScan() - queue=1
01-14 11:17:03.264 D/BtGatt.GattService(14573): stopScan() - queue empty; stopping scan
01-14 11:17:03.264 D/BtGatt.btif(14573): btif_gattc_scan
01-14 11:17:03.264 D/BtGatt.btif(14573): btgattc_handle_event: Event 1003
01-14 11:17:03.284 D/BtGatt.GattService(14573): unregisterClient() - clientIf=4
01-14 11:17:03.284 D/BtGatt.btif(14573): btif_gattc_unregister_app
01-14 11:17:03.294 D/BtGatt.btif(14573): btgattc_handle_event: Event 1001
01-14 11:17:03.294 D/BtGatt.btif(14573): btif_gattc_upstreams_evt: Event 1
01-14 11:17:03.304 I/System.out(18959): About to start new scanning
01-14 11:17:03.304 D/BluetoothAdapter(18959): startLeScan(): null
01-14 11:17:03.304 D/BtGatt.GattService(14573): registerClient() - UUID=289e8702-7950-42fa-bfcb-2378fe0d4167
01-14 11:17:03.304 D/BtGatt.btif(14573): btif_gattc_register_app
01-14 11:17:03.314 D/BtGatt.btif(14573): btgattc_handle_event: Event 1000
01-14 11:17:03.314 D/BtGatt.btif(14573): btif_gattc_upstreams_evt: Event 0
01-14 11:17:03.314 D/BtGatt.GattService(14573): onClientRegistered() - UUID=289e8702-7950-42fa-bfcb-2378fe0d4167, clientIf=4
01-14 11:17:03.314 D/BluetoothAdapter(18959): onClientRegistered() - status=0 clientIf=4
01-14 11:17:03.314 D/BtGatt.GattService(14573): startScan() - queue=0
01-14 11:17:03.314 D/BtGatt.GattService(14573): startScan() - adding client=4
01-14 11:17:03.314 D/BtGatt.btif(14573): btif_gattc_scan
01-14 11:17:03.324 D/BtGatt.btif(14573): btgattc_handle_event: Event 1002
01-14 11:17:03.324 I/System.out(18959): Started new scanning
01-14 11:17:04.255 I/System.out(18959): Values:0
01-14 11:17:05.246 I/System.out(18959): Values:0
01-14 11:17:06.247 I/System.out(18959): Values:0
01-14 11:17:07.247 I/System.out(18959): Values:0
01-14 11:17:08.248 I/System.out(18959): Values:0
01-14 11:17:09.259 I/System.out(18959): Values:0
01-14 11:17:10.260 I/System.out(18959): Values:0
01-14 11:17:11.261 I/System.out(18959): Values:0
01-14 11:17:12.262 I/System.out(18959): Values:0
01-14 11:17:13.263 I/System.out(18959): Values:0
01-14 11:17:13.263 D/BluetoothAdapter(18959): stopLeScan()
01-14 11:17:13.273 D/BtGatt.GattService(14573): stopScan() - queue=1
01-14 11:17:13.273 D/BtGatt.GattService(14573): stopScan() - queue empty; stopping scan
01-14 11:17:13.273 D/BtGatt.btif(14573): btif_gattc_scan
01-14 11:17:13.283 D/BtGatt.btif(14573): btgattc_handle_event: Event 1003
01-14 11:17:13.303 D/BtGatt.GattService(14573): unregisterClient() - clientIf=4
01-14 11:17:13.303 D/BtGatt.btif(14573): btif_gattc_unregister_app
01-14 11:17:13.303 D/BtGatt.btif(14573): btgattc_handle_event: Event 1001
01-14 11:17:13.313 D/BtGatt.btif(14573): btif_gattc_upstreams_evt: Event 1
01-14 11:17:13.313 I/System.out(18959): About to start new scanning
01-14 11:17:13.313 D/BluetoothAdapter(18959): startLeScan(): null
01-14 11:17:13.323 D/BtGatt.GattService(14573): registerClient() - UUID=a75d0ddd-b1b3-439e-8b9b-f3905d20007d
01-14 11:17:13.323 D/BtGatt.btif(14573): btif_gattc_register_app
01-14 11:17:13.323 D/BtGatt.btif(14573): btgattc_handle_event: Event 1000
01-14 11:17:13.323 D/BtGatt.btif(14573): btif_gattc_upstreams_evt: Event 0
01-14 11:17:13.323 D/BtGatt.GattService(14573): onClientRegistered() - UUID=a75d0ddd-b1b3-439e-8b9b-f3905d20007d, clientIf=4
01-14 11:17:13.323 D/BluetoothAdapter(18959): onClientRegistered() - status=0 clientIf=4
01-14 11:17:13.323 D/BtGatt.GattService(14573): startScan() - queue=0
01-14 11:17:13.333 D/BtGatt.GattService(14573): startScan() - adding client=4
01-14 11:17:13.333 D/BtGatt.btif(14573): btif_gattc_scan
01-14 11:17:13.333 D/BtGatt.btif(14573): btgattc_handle_event: Event 1002
01-14 11:17:13.333 I/System.out(18959): Started new scanning
01-14 11:17:14.254 I/System.out(18959): Values:0
01-14 11:17:15.265 I/System.out(18959): Values:0
01-14 11:17:16.266 I/System.out(18959): Values:0
01-14 11:17:17.277 I/System.out(18959): Values:0
01-14 11:17:18.268 I/System.out(18959): Values:0
01-14 11:17:19.269 I/System.out(18959): Values:0
01-14 11:17:20.280 I/System.out(18959): Values:0
01-14 11:17:21.281 I/System.out(18959): Values:0
01-14 11:17:22.282 I/System.out(18959): Values:0
01-14 11:17:23.283 I/System.out(18959): Values:0
01-14 11:17:23.283 D/BluetoothAdapter(18959): stopLeScan()
01-14 11:17:23.293 D/BtGatt.GattService(14573): stopScan() - queue=1
01-14 11:17:23.293 D/BtGatt.GattService(14573): stopScan() - queue empty; stopping scan
01-14 11:17:23.293 D/BtGatt.btif(14573): btif_gattc_scan
01-14 11:17:23.293 D/BtGatt.btif(14573): btgattc_handle_event: Event 1003
01-14 11:17:23.313 D/BtGatt.GattService(14573): unregisterClient() - clientIf=4
01-14 11:17:23.313 D/BtGatt.btif(14573): btif_gattc_unregister_app
01-14 11:17:23.323 D/BtGatt.btif(14573): btgattc_handle_event: Event 1001
01-14 11:17:23.323 D/BtGatt.btif(14573): btif_gattc_upstreams_evt: Event 1
01-14 11:17:23.333 I/System.out(18959): About to start new scanning
01-14 11:17:23.333 D/BluetoothAdapter(18959): startLeScan(): null
01-14 11:17:23.333 D/BtGatt.GattService(14573): registerClient() - UUID=d0294b09-cd59-401e-ac03-334e6276161a
01-14 11:17:23.333 D/BtGatt.btif(14573): btif_gattc_register_app
01-14 11:17:23.343 D/BtGatt.btif(14573): btgattc_handle_event: Event 1000
01-14 11:17:23.343 D/BtGatt.btif(14573): btif_gattc_upstreams_evt: Event 0
01-14 11:17:23.343 D/BtGatt.GattService(14573): onClientRegistered() - UUID=d0294b09-cd59-401e-ac03-334e6276161a, clientIf=4
01-14 11:17:23.343 D/BluetoothAdapter(18959): onClientRegistered() - status=0 clientIf=4
01-14 11:17:23.343 D/BtGatt.GattService(14573): startScan() - queue=0
01-14 11:17:23.343 D/BtGatt.GattService(14573): startScan() - adding client=4
01-14 11:17:23.343 D/BtGatt.btif(14573): btif_gattc_scan
01-14 11:17:23.353 D/BtGatt.btif(14573): btgattc_handle_event: Event 1002
01-14 11:17:23.353 I/System.out(18959): Started new scanning
01-14 11:17:24.274 I/System.out(18959): Values:0
01-14 11:17:25.285 I/System.out(18959): Values:0
01-14 11:17:26.286 I/System.out(18959): Values:0
01-14 11:17:27.287 I/System.out(18959): Values:0
01-14 11:17:28.288 I/System.out(18959): Values:0
01-14 11:17:29.289 I/System.out(18959): Values:0
01-14 11:17:30.290 I/System.out(18959): Values:0
01-14 11:17:31.291 I/System.out(18959): Values:0
01-14 11:17:32.302 I/System.out(18959): Values:0
01-14 11:17:33.303 I/System.out(18959): Values:0
01-14 11:17:33.303 D/BluetoothAdapter(18959): stopLeScan()
01-14 11:17:33.313 D/BtGatt.GattService(14573): stopScan() - queue=1
01-14 11:17:33.313 D/BtGatt.GattService(14573): stopScan() - queue empty; stopping scan
01-14 11:17:33.323 D/BtGatt.btif(14573): btif_gattc_scan
01-14 11:17:33.323 D/BtGatt.btif(14573): btgattc_handle_event: Event 1003
01-14 11:17:33.333 D/BtGatt.GattService(14573): unregisterClient() - clientIf=4
01-14 11:17:33.333 D/BtGatt.btif(14573): btif_gattc_unregister_app
01-14 11:17:33.343 D/BtGatt.btif(14573): btgattc_handle_event: Event 1001
01-14 11:17:33.343 D/BtGatt.btif(14573): btif_gattc_upstreams_evt: Event 1
01-14 11:17:33.343 I/System.out(18959): About to start new scanning
01-14 11:17:33.343 D/BluetoothAdapter(18959): startLeScan(): null
01-14 11:17:33.353 D/BtGatt.GattService(14573): registerClient() - UUID=ede4099d-34d2-4365-bcbc-e9d5297b2019
01-14 11:17:33.353 D/BtGatt.btif(14573): btif_gattc_register_app
01-14 11:17:33.353 D/BtGatt.btif(14573): btgattc_handle_event: Event 1000
01-14 11:17:33.353 D/BtGatt.btif(14573): btif_gattc_upstreams_evt: Event 0
01-14 11:17:33.353 D/BtGatt.GattService(14573): onClientRegistered() - UUID=ede4099d-34d2-4365-bcbc-e9d5297b2019, clientIf=4
01-14 11:17:33.353 D/BluetoothAdapter(18959): onClientRegistered() - status=0 clientIf=4
01-14 11:17:33.353 D/BtGatt.GattService(14573): startScan() - queue=0
01-14 11:17:33.363 D/BtGatt.GattService(14573): startScan() - adding client=4
01-14 11:17:33.363 D/BtGatt.btif(14573): btif_gattc_scan
01-14 11:17:33.363 D/BtGatt.btif(14573): btgattc_handle_event: Event 1002
01-14 11:17:33.363 I/System.out(18959): Started new scanning
01-14 11:17:34.304 I/System.out(18959): Values:0
01-14 11:17:35.305 I/System.out(18959): Values:0
01-14 11:17:36.306 I/System.out(18959): Values:0
01-14 11:17:37.307 I/System.out(18959): Values:0
01-14 11:17:38.308 I/System.out(18959): Values:0
01-14 11:17:39.309 I/System.out(18959): Values:0
01-14 11:17:40.320 I/System.out(18959): Values:0
01-14 11:17:41.321 I/System.out(18959): Values:0
01-14 11:17:42.322 I/System.out(18959): Values:0
01-14 11:17:43.323 I/System.out(18959): Values:0
01-14 11:17:43.323 D/BluetoothAdapter(18959): stopLeScan()
01-14 11:17:43.343 D/BtGatt.GattService(14573): stopScan() - queue=1
01-14 11:17:43.343 D/BtGatt.GattService(14573): stopScan() - queue empty; stopping scan
01-14 11:17:43.343 D/BtGatt.btif(14573): btif_gattc_scan
01-14 11:17:43.343 D/BtGatt.btif(14573): btgattc_handle_event: Event 1003
01-14 11:17:43.343 D/BtGatt.GattService(14573): unregisterClient() - clientIf=4
01-14 11:17:43.343 D/BtGatt.btif(14573): btif_gattc_unregister_app
01-14 11:17:43.343 D/BtGatt.btif(14573): btgattc_handle_event: Event 1001
01-14 11:17:43.343 D/BtGatt.btif(14573): btif_gattc_upstreams_evt: Event 1
01-14 11:17:43.343 I/System.out(18959): About to start new scanning
01-14 11:17:43.343 D/BluetoothAdapter(18959): startLeScan(): null
01-14 11:17:43.373 D/BtGatt.GattService(14573): registerClient() - UUID=85a701da-17ef-4c6b-86aa-c8dabc3d1a45
01-14 11:17:43.373 D/BtGatt.btif(14573): btif_gattc_register_app
01-14 11:17:43.373 D/BtGatt.btif(14573): btgattc_handle_event: Event 1000
01-14 11:17:43.373 D/BtGatt.btif(14573): btif_gattc_upstreams_evt: Event 0
01-14 11:17:43.373 D/BtGatt.GattService(14573): onClientRegistered() - UUID=85a701da-17ef-4c6b-86aa-c8dabc3d1a45, clientIf=4
01-14 11:17:43.373 D/BluetoothAdapter(18959): onClientRegistered() - status=0 clientIf=4
01-14 11:17:43.383 D/BtGatt.GattService(14573): startScan() - queue=0
01-14 11:17:43.383 D/BtGatt.GattService(14573): startScan() - adding client=4
01-14 11:17:43.383 D/BtGatt.btif(14573): btif_gattc_scan
01-14 11:17:43.393 D/BtGatt.btif(14573): btgattc_handle_event: Event 1002
01-14 11:17:43.403 I/System.out(18959): Started new scanning
01-14 11:17:44.324 I/System.out(18959): Values:0
01-14 11:17:45.325 I/System.out(18959): Values:0
01-14 11:17:46.326 I/System.out(18959): Values:0
01-14 11:17:47.327 I/System.out(18959): Values:0
01-14 11:17:48.328 I/System.out(18959): Values:0
01-14 11:17:49.329 I/System.out(18959): Values:0
01-14 11:17:50.330 I/System.out(18959): Values:0
01-14 11:17:51.340 I/System.out(18959): Values:0
01-14 11:17:52.341 I/System.out(18959): Values:0
01-14 11:17:53.342 I/System.out(18959): Values:0
01-14 11:17:53.342 D/BluetoothAdapter(18959): stopLeScan()
01-14 11:17:53.362 D/BtGatt.GattService(14573): stopScan() - queue=1
01-14 11:17:53.362 D/BtGatt.GattService(14573): stopScan() - queue empty; stopping scan
01-14 11:17:53.362 D/BtGatt.btif(14573): btif_gattc_scan
01-14 11:17:53.362 D/BtGatt.btif(14573): btgattc_handle_event: Event 1003
01-14 11:17:53.372 D/BtGatt.GattService(14573): unregisterClient() - clientIf=4
01-14 11:17:53.372 D/BtGatt.btif(14573): btif_gattc_unregister_app
01-14 11:17:53.382 D/BtGatt.btif(14573): btgattc_handle_event: Event 1001
01-14 11:17:53.382 D/BtGatt.btif(14573): btif_gattc_upstreams_evt: Event 1
01-14 11:17:53.392 I/System.out(18959): About to start new scanning
01-14 11:17:53.392 D/BluetoothAdapter(18959): startLeScan(): null
01-14 11:17:53.392 D/BtGatt.GattService(14573): registerClient() - UUID=8571a72d-99e6-437f-bca8-2b7667b77220
01-14 11:17:53.392 D/BtGatt.btif(14573): btif_gattc_register_app
01-14 11:17:53.403 D/BtGatt.btif(14573): btgattc_handle_event: Event 1000
01-14 11:17:53.403 D/BtGatt.btif(14573): btif_gattc_upstreams_evt: Event 0
01-14 11:17:53.403 D/BtGatt.GattService(14573): onClientRegistered() - UUID=8571a72d-99e6-437f-bca8-2b7667b77220, clientIf=4
01-14 11:17:53.403 D/BluetoothAdapter(18959): onClientRegistered() - status=0 clientIf=4
01-14 11:17:53.403 D/BtGatt.GattService(14573): startScan() - queue=0
01-14 11:17:53.403 D/BtGatt.GattService(14573): startScan() - adding client=4
01-14 11:17:53.403 D/BtGatt.btif(14573): btif_gattc_scan
01-14 11:17:53.413 D/BtGatt.btif(14573): btgattc_handle_event: Event 1002
01-14 11:17:53.413 I/System.out(18959): Started new scanning
01-14 11:17:54.343 I/System.out(18959): Values:0
01-14 11:17:55.334 I/System.out(18959): Values:0
01-14 11:17:56.335 I/System.out(18959): Values:0
01-14 11:17:57.346 I/System.out(18959): Values:0
01-14 11:17:58.347 I/System.out(18959): Values:0
01-14 11:17:59.348 I/System.out(18959): Values:0
01-14 11:18:00.359 I/System.out(18959): Values:0
01-14 11:18:01.360 I/System.out(18959): Values:0
01-14 11:18:02.361 I/System.out(18959): Values:0
01-14 11:18:03.362 I/System.out(18959): Values:0
01-14 11:18:03.362 D/BluetoothAdapter(18959): stopLeScan()
01-14 11:18:03.372 D/BtGatt.GattService(14573): stopScan() - queue=1
01-14 11:18:03.382 D/BtGatt.GattService(14573): stopScan() - queue empty; stopping scan
01-14 11:18:03.382 D/BtGatt.btif(14573): btif_gattc_scan
01-14 11:18:03.392 D/BtGatt.btif(14573): btgattc_handle_event: Event 1003
01-14 11:18:03.392 D/BtGatt.GattService(14573): unregisterClient() - clientIf=4
