--------- beginning of /dev/log/main
01-13 17:20:49.011 D/AndroidRuntime(14784): 
01-13 17:20:49.011 D/AndroidRuntime(14784): >>>>>> AndroidRuntime START com.android.internal.os.RuntimeInit <<<<<<
01-13 17:20:49.011 D/AndroidRuntime(14784): CheckJNI is OFF
01-13 17:20:49.021 D/dalvikvm(14784): Trying to load lib libjavacore.so 0x0
01-13 17:20:49.031 D/dalvikvm(14784): Added shared lib libjavacore.so 0x0
01-13 17:20:49.041 D/dalvikvm(14784): Trying to load lib libnativehelper.so 0x0
01-13 17:20:49.041 D/dalvikvm(14784): Added shared lib libnativehelper.so 0x0
01-13 17:20:49.161 D/AndroidRuntime(14784): Calling main entry com.android.commands.pm.Pm
01-13 17:20:49.171 D/Finsky  (14262): [1] PackageVerificationReceiver.checkPrerequisites: Skipping verification because network inactive
--------- beginning of /dev/log/system
01-13 17:20:49.171 W/ActivityManager(  523): No content provider found for permission revoke: file:///data/local/tmp/EnergyMeasurementBluetooth.apk
01-13 17:20:49.181 D/Finsky  (14262): [1] PackageVerificationReceiver.checkPrerequisites: Skipping verification because network inactive
01-13 17:20:49.181 W/ActivityManager(  523): No content provider found for permission revoke: file:///data/local/tmp/EnergyMeasurementBluetooth.apk
01-13 17:20:49.181 I/PackageManager(  523): Copying native libraries to /data/app-lib/vmdl1852966587
01-13 17:20:49.181 W/PackageManager(  523): Invalid verification token 4 received
01-13 17:20:49.231 I/ActivityManager(  523): Force stopping package uk.ac.st_andrews.cs.host.mk74.energymeasurement.bluetooth appid=10091 user=-1
01-13 17:20:49.261 D/dalvikvm(  523): GC_CONCURRENT freed 1922K, 24% free 16921K/22132K, paused 2ms+5ms, total 66ms
01-13 17:20:49.271 D/dalvikvm(  523): WAIT_FOR_CONCURRENT_GC blocked 39ms
01-13 17:20:49.271 D/dalvikvm(  523): WAIT_FOR_CONCURRENT_GC blocked 40ms
01-13 17:20:49.351 I/PackageManager(  523): Running dexopt on: uk.ac.st_andrews.cs.host.mk74.energymeasurement.bluetooth
01-13 17:20:49.351 I/PackageManager(  523): Package uk.ac.st_andrews.cs.host.mk74.energymeasurement.bluetooth codePath changed from /data/app/uk.ac.st_andrews.cs.host.mk74.energymeasurement.bluetooth-2.apk to /data/app/uk.ac.st_andrews.cs.host.mk74.energymeasurement.bluetooth-1.apk; Retaining data and using new
01-13 17:20:49.612 D/dalvikvm(14799): DexOpt: load 43ms, verify+opt 163ms, 957076 bytes
01-13 17:20:49.662 W/PackageManager(  523): Code path for pkg : uk.ac.st_andrews.cs.host.mk74.energymeasurement.bluetooth changing from /data/app/uk.ac.st_andrews.cs.host.mk74.energymeasurement.bluetooth-2.apk to /data/app/uk.ac.st_andrews.cs.host.mk74.energymeasurement.bluetooth-1.apk
01-13 17:20:49.662 I/ActivityManager(  523): Force stopping package uk.ac.st_andrews.cs.host.mk74.energymeasurement.bluetooth appid=10091 user=-1
01-13 17:20:49.662 W/PackageManager(  523): Resource path for pkg : uk.ac.st_andrews.cs.host.mk74.energymeasurement.bluetooth changing from /data/app/uk.ac.st_andrews.cs.host.mk74.energymeasurement.bluetooth-2.apk to /data/app/uk.ac.st_andrews.cs.host.mk74.energymeasurement.bluetooth-1.apk
01-13 17:20:49.812 I/ActivityManager(  523): Force stopping package uk.ac.st_andrews.cs.host.mk74.energymeasurement.bluetooth appid=10091 user=0
01-13 17:20:49.852 D/dalvikvm(  597): GC_EXPLICIT freed 33183K, 72% free 14742K/51924K, paused 1ms+7ms, total 37ms
01-13 17:20:49.862 D/dalvikvm(  785): GC_EXPLICIT freed 2198K, 16% free 28791K/34076K, paused 2ms+6ms, total 49ms
01-13 17:20:49.892 D/dalvikvm(14373): GC_EXPLICIT freed 370K, 5% free 9259K/9668K, paused 2ms+3ms, total 36ms
01-13 17:20:49.902 I/InputReader(  523): Reconfiguring input devices.  changes=0x00000010
01-13 17:20:49.902 D/dalvikvm(14295): GC_EXPLICIT freed 339K, 5% free 9195K/9584K, paused 1ms+3ms, total 22ms
01-13 17:20:49.902 W/ActivityManager(  523): Skipping broadcast of Intent { act=android.intent.action.PACKAGE_REMOVED dat=package:uk.ac.st_andrews.cs.host.mk74.energymeasurement.bluetooth flg=0x8000010 (has extras) }: user 10 is stopped
01-13 17:20:49.912 I/InputReader(  523): Reconfiguring input devices.  changes=0x00000010
01-13 17:20:49.932 W/ContextImpl(14320): Calling a method in the system process without a qualified user: android.app.ContextImpl.startService:1385 android.content.ContextWrapper.startService:473 android.content.ContextWrapper.startService:473 com.android.keychain.KeyChainBroadcastReceiver.onReceive:12 android.app.ActivityThread.handleReceiver:2424 
01-13 17:20:49.942 W/ActivityManager(  523): Skipping broadcast of Intent { act=android.intent.action.PACKAGE_ADDED dat=package:uk.ac.st_andrews.cs.host.mk74.energymeasurement.bluetooth flg=0x8000010 (has extras) }: user 10 is stopped
01-13 17:20:49.962 D/BackupManagerService(  523): Received broadcast Intent { act=android.intent.action.PACKAGE_REMOVED dat=package:uk.ac.st_andrews.cs.host.mk74.energymeasurement.bluetooth flg=0x8000010 (has extras) }
01-13 17:20:49.972 W/ActivityManager(  523): Skipping broadcast of Intent { act=android.intent.action.PACKAGE_REPLACED dat=package:uk.ac.st_andrews.cs.host.mk74.energymeasurement.bluetooth flg=0x8000010 (has extras) }: user 10 is stopped
01-13 17:20:49.972 W/ActivityManager(  523): Skipping broadcast of Intent { act=android.intent.action.MY_PACKAGE_REPLACED flg=0x8000010 pkg=uk.ac.st_andrews.cs.host.mk74.energymeasurement.bluetooth (has extras) }: user 10 is stopped
01-13 17:20:49.982 D/BackupManagerService(  523): Received broadcast Intent { act=android.intent.action.PACKAGE_ADDED dat=package:uk.ac.st_andrews.cs.host.mk74.energymeasurement.bluetooth flg=0x8000010 (has extras) }
01-13 17:20:49.982 V/BackupManagerService(  523): removePackageParticipantsLocked: uid=10091 #1
01-13 17:20:49.982 V/BackupManagerService(  523): addPackageParticipantsLocked: #1
01-13 17:20:50.032 D/dalvikvm(  523): JIT code cache reset in 1 ms (1048456 bytes 4/0)
01-13 17:20:50.042 D/dalvikvm(  523): GC_EXPLICIT freed 1124K, 24% free 17009K/22132K, paused 4ms+11ms, total 69ms
01-13 17:20:50.042 D/AndroidRuntime(14784): Shutting down VM
01-13 17:20:50.042 D/jdwp    (14784): Got wake-up signal, bailing out of select
01-13 17:20:50.042 D/dalvikvm(14784): Debugger has detached; object registry had 1 entries
01-13 17:20:50.322 D/dalvikvm(  714): GC_FOR_ALLOC freed 324K, 9% free 9891K/10828K, paused 18ms, total 18ms
01-13 17:20:50.332 I/GCoreUlr(  714): Ensuring that reporting is stopped because of reasons: (no Google accounts)
01-13 17:20:50.332 D/GCoreFlp(  714): Unknown pending intent to remove.
01-13 17:20:50.342 I/GCoreUlr(  714): Unbound from all location providers
01-13 17:20:50.593 D/AndroidRuntime(14830): 
01-13 17:20:50.593 D/AndroidRuntime(14830): >>>>>> AndroidRuntime START com.android.internal.os.RuntimeInit <<<<<<
01-13 17:20:50.593 D/AndroidRuntime(14830): CheckJNI is OFF
01-13 17:20:50.603 D/dalvikvm(14830): Trying to load lib libjavacore.so 0x0
01-13 17:20:50.603 D/dalvikvm(14830): Added shared lib libjavacore.so 0x0
01-13 17:20:50.613 D/dalvikvm(14830): Trying to load lib libnativehelper.so 0x0
01-13 17:20:50.613 D/dalvikvm(14830): Added shared lib libnativehelper.so 0x0
01-13 17:20:50.753 D/AndroidRuntime(14830): Calling main entry com.android.commands.am.Am
01-13 17:20:50.753 D/dalvikvm(14830): Note: class Landroid/app/ActivityManagerNative; has 163 unimplemented (abstract) methods
01-13 17:20:50.763 I/ActivityManager(  523): START u0 {act=android.intent.action.MAIN cat=[android.intent.category.LAUNCHER] flg=0x10000000 cmp=uk.ac.st_andrews.cs.host.mk74.energymeasurement.bluetooth/.MainActivity} from pid 14830
01-13 17:20:50.853 D/dalvikvm(  523): GC_FOR_ALLOC freed 1594K, 24% free 16963K/22132K, paused 65ms, total 65ms
01-13 17:20:50.863 D/AndroidRuntime(14830): Shutting down VM
01-13 17:20:50.863 D/jdwp    (14830): Got wake-up signal, bailing out of select
01-13 17:20:50.863 D/dalvikvm(14830): Debugger has detached; object registry had 1 entries
01-13 17:20:50.863 D/dalvikvm(14846): Late-enabling CheckJNI
01-13 17:20:50.873 I/ActivityManager(  523): Start proc uk.ac.st_andrews.cs.host.mk74.energymeasurement.bluetooth for activity uk.ac.st_andrews.cs.host.mk74.energymeasurement.bluetooth/.MainActivity: pid=14846 uid=10091 gids={50091, 3002, 3001, 1028}
01-13 17:20:50.923 D/BluetoothManagerService(  523): Message: 20
01-13 17:20:50.923 D/BluetoothManagerService(  523): Added callback: android.bluetooth.IBluetoothManagerCallback$Stub$Proxy@42d12998:true
01-13 17:20:50.933 W/bt-btif (14573): bta_dm_check_av:0
01-13 17:20:50.943 I/BluetoothAdapterProperties(14573): Callback:discoveryStateChangeCallback with state:1
01-13 17:20:50.943 V/BluetoothDiscoveryReceiver(14542): Received: android.bluetooth.adapter.action.DISCOVERY_STARTED
01-13 17:20:51.013 D/libEGL  (14846): loaded /system/lib/egl/libEGL_adreno200.so
01-13 17:20:51.013 D/libEGL  (14846): loaded /system/lib/egl/libGLESv1_CM_adreno200.so
01-13 17:20:51.023 D/libEGL  (14846): loaded /system/lib/egl/libGLESv2_adreno200.so
01-13 17:20:51.023 I/Adreno200-EGL(14846): <qeglDrvAPI_eglInitialize:265>: EGL 1.4 QUALCOMM Build: Iabe52cfaeae4c5fab1acacfe6f056ba15fa93274
01-13 17:20:51.063 D/OpenGLRenderer(14846): Enabling debug mode 0
01-13 17:20:51.123 I/ActivityManager(  523): Displayed uk.ac.st_andrews.cs.host.mk74.energymeasurement.bluetooth/.MainActivity: +262ms
01-13 17:20:51.313 W/ActivityManager(  523): Permission denied: checkComponentPermission() owningUid=10057
01-13 17:20:51.313 W/ActivityManager(  523): Permission denied: checkComponentPermission() owningUid=10057
01-13 17:20:51.323 W/ActivityManager(  523): Permission denied: checkComponentPermission() owningUid=10057
01-13 17:20:51.323 W/ActivityManager(  523): Permission denied: checkComponentPermission() owningUid=10057
01-13 17:20:51.333 W/ActivityManager(  523): Permission denied: checkComponentPermission() owningUid=10057
01-13 17:20:51.333 W/ActivityManager(  523): Permission denied: checkComponentPermission() owningUid=10057
01-13 17:20:51.343 W/ActivityManager(  523): Permission denied: checkComponentPermission() owningUid=10057
01-13 17:20:51.343 W/ActivityManager(  523): Permission denied: checkComponentPermission() owningUid=10057
01-13 17:20:51.353 W/ActivityManager(  523): Permission denied: checkComponentPermission() owningUid=10057
01-13 17:20:51.353 W/ActivityManager(  523): Permission denied: checkComponentPermission() owningUid=10057
01-13 17:20:51.363 W/ActivityManager(  523): Permission denied: checkComponentPermission() owningUid=10057
01-13 17:20:51.363 W/ActivityManager(  523): Permission denied: checkComponentPermission() owningUid=10057
01-13 17:20:51.934 I/System.out(14846): Values:0
01-13 17:20:52.935 I/System.out(14846): Values:0
01-13 17:20:53.656 D/dalvikvm(14846): Debugger has detached; object registry had 1 entries
01-13 17:20:53.816 D/PicasaSyncManager( 5561): battery info: false
01-13 17:20:53.816 D/PicasaUploaderSyncManager( 5597): battery info: false
01-13 17:20:53.926 I/System.out(14846): Values:1
01-13 17:20:54.937 I/System.out(14846): Values:1
01-13 17:20:55.938 I/System.out(14846): Values:3
01-13 17:20:56.939 I/System.out(14846): Values:3
01-13 17:20:57.940 I/System.out(14846): Values:3
01-13 17:20:58.931 I/System.out(14846): Values:3
01-13 17:20:59.942 I/System.out(14846): Values:3
01-13 17:21:00.943 I/System.out(14846): Values:4
01-13 17:21:01.944 I/System.out(14846): Values:4
01-13 17:21:02.945 I/System.out(14846): Values:4
01-13 17:21:03.766 I/BluetoothAdapterProperties(14573): Callback:discoveryStateChangeCallback with state:0
01-13 17:21:03.776 W/bt-btif (14573): bta_dm_check_av:0
01-13 17:21:03.786 I/BluetoothAdapterProperties(14573): Callback:discoveryStateChangeCallback with state:1
01-13 17:21:03.806 V/BluetoothDiscoveryReceiver(14542): Received: android.bluetooth.adapter.action.DISCOVERY_FINISHED
01-13 17:21:03.836 V/BluetoothDiscoveryReceiver(14542): Received: android.bluetooth.adapter.action.DISCOVERY_STARTED
01-13 17:21:03.856 D/dalvikvm(14542): GC_CONCURRENT freed 396K, 6% free 9001K/9572K, paused 2ms+1ms, total 16ms
01-13 17:21:03.936 I/System.out(14846): Values:0
01-13 17:21:04.937 I/System.out(14846): Values:2
01-13 17:21:05.207 D/dalvikvm(14262): GC_CONCURRENT freed 472K, 6% free 9194K/9708K, paused 2ms+3ms, total 22ms
01-13 17:21:05.337 D/Finsky  (14262): [1] 5.onFinished: Installation state replication succeeded.
01-13 17:21:05.938 I/System.out(14846): Values:2
01-13 17:21:06.939 I/System.out(14846): Values:2
01-13 17:21:07.940 I/System.out(14846): Values:3
01-13 17:21:08.941 I/System.out(14846): Values:3
01-13 17:21:09.942 I/System.out(14846): Values:3
01-13 17:21:10.362 D/btif_config_util(14573): btif_config_save_file(L153): in file name:/data/misc/bluedroid/bt_config.new
01-13 17:21:10.943 I/System.out(14846): Values:5
01-13 17:21:11.943 I/System.out(14846): Values:5
01-13 17:21:12.944 I/System.out(14846): Values:5
01-13 17:21:13.945 I/System.out(14846): Values:5
01-13 17:21:14.946 I/System.out(14846): Values:5
01-13 17:21:15.947 I/System.out(14846): Values:5
01-13 17:21:16.618 I/BluetoothAdapterProperties(14573): Callback:discoveryStateChangeCallback with state:0
01-13 17:21:16.638 W/bt-btif (14573): bta_dm_check_av:0
01-13 17:21:16.648 V/BluetoothDiscoveryReceiver(14542): Received: android.bluetooth.adapter.action.DISCOVERY_FINISHED
01-13 17:21:16.658 I/BluetoothAdapterProperties(14573): Callback:discoveryStateChangeCallback with state:1
01-13 17:21:16.688 V/BluetoothDiscoveryReceiver(14542): Received: android.bluetooth.adapter.action.DISCOVERY_STARTED
01-13 17:21:16.948 I/System.out(14846): Values:0
01-13 17:21:17.949 I/System.out(14846): Values:0
01-13 17:21:18.950 I/System.out(14846): Values:0
01-13 17:21:19.951 I/System.out(14846): Values:0
01-13 17:21:20.952 I/System.out(14846): Values:1
01-13 17:21:21.953 I/System.out(14846): Values:1
01-13 17:21:22.944 I/System.out(14846): Values:1
01-13 17:21:23.945 I/System.out(14846): Values:1
01-13 17:21:24.956 I/System.out(14846): Values:2
01-13 17:21:25.947 I/System.out(14846): Values:2
01-13 17:21:26.958 I/System.out(14846): Values:2
01-13 17:21:27.949 I/System.out(14846): Values:2
01-13 17:21:28.960 I/System.out(14846): Values:2
01-13 17:21:29.481 I/BluetoothAdapterProperties(14573): Callback:discoveryStateChangeCallback with state:0
01-13 17:21:29.511 W/bt-btif (14573): bta_dm_check_av:0
01-13 17:21:29.521 I/BluetoothAdapterProperties(14573): Callback:discoveryStateChangeCallback with state:1
01-13 17:21:29.521 V/BluetoothDiscoveryReceiver(14542): Received: android.bluetooth.adapter.action.DISCOVERY_FINISHED
01-13 17:21:29.561 V/BluetoothDiscoveryReceiver(14542): Received: android.bluetooth.adapter.action.DISCOVERY_STARTED
01-13 17:21:29.961 I/System.out(14846): Values:0
01-13 17:21:30.962 I/System.out(14846): Values:0
01-13 17:21:31.963 I/System.out(14846): Values:0
01-13 17:21:32.964 I/System.out(14846): Values:1
01-13 17:21:33.965 I/System.out(14846): Values:1
01-13 17:21:34.966 I/System.out(14846): Values:1
01-13 17:21:35.957 I/System.out(14846): Values:1
01-13 17:21:36.958 I/System.out(14846): Values:3
01-13 17:21:37.959 I/System.out(14846): Values:3
01-13 17:21:38.960 I/System.out(14846): Values:3
01-13 17:21:39.961 I/System.out(14846): Values:3
01-13 17:21:40.962 I/System.out(14846): Values:3
01-13 17:21:41.963 I/System.out(14846): Values:3
01-13 17:21:42.343 I/BluetoothAdapterProperties(14573): Callback:discoveryStateChangeCallback with state:0
01-13 17:21:42.373 W/bt-btif (14573): bta_dm_check_av:0
01-13 17:21:42.373 I/BluetoothAdapterProperties(14573): Callback:discoveryStateChangeCallback with state:1
01-13 17:21:42.383 V/BluetoothDiscoveryReceiver(14542): Received: android.bluetooth.adapter.action.DISCOVERY_FINISHED
01-13 17:21:42.423 V/BluetoothDiscoveryReceiver(14542): Received: android.bluetooth.adapter.action.DISCOVERY_STARTED
01-13 17:21:42.453 D/dalvikvm(14542): GC_CONCURRENT freed 397K, 7% free 8990K/9568K, paused 2ms+2ms, total 16ms
01-13 17:21:42.453 D/dalvikvm(14542): WAIT_FOR_CONCURRENT_GC blocked 6ms
01-13 17:21:42.974 I/System.out(14846): Values:0
01-13 17:21:43.765 D/dalvikvm(14573): GC_CONCURRENT freed 393K, 5% free 9010K/9456K, paused 9ms+2ms, total 47ms
01-13 17:21:43.965 I/System.out(14846): Values:1
01-13 17:21:44.966 I/System.out(14846): Values:1
01-13 17:21:45.967 I/System.out(14846): Values:2
01-13 17:21:46.968 I/System.out(14846): Values:2
01-13 17:21:47.969 I/System.out(14846): Values:2
01-13 17:21:48.970 I/System.out(14846): Values:4
01-13 17:21:49.971 I/System.out(14846): Values:4
01-13 17:21:50.972 I/System.out(14846): Values:4
01-13 17:21:51.973 I/System.out(14846): Values:4
01-13 17:21:52.974 I/System.out(14846): Values:4
01-13 17:21:53.964 I/System.out(14846): Values:4
01-13 17:21:54.975 I/System.out(14846): Values:5
01-13 17:21:55.206 I/BluetoothAdapterProperties(14573): Callback:discoveryStateChangeCallback with state:0
01-13 17:21:55.216 W/bt-btif (14573): bta_dm_check_av:0
01-13 17:21:55.226 I/BluetoothAdapterProperties(14573): Callback:discoveryStateChangeCallback with state:1
01-13 17:21:55.246 V/BluetoothDiscoveryReceiver(14542): Received: android.bluetooth.adapter.action.DISCOVERY_FINISHED
01-13 17:21:55.276 V/BluetoothDiscoveryReceiver(14542): Received: android.bluetooth.adapter.action.DISCOVERY_STARTED
01-13 17:21:55.976 I/System.out(14846): Values:0
01-13 17:21:56.977 I/System.out(14846): Values:0
01-13 17:21:57.978 I/System.out(14846): Values:1
01-13 17:21:58.979 I/System.out(14846): Values:2
01-13 17:21:59.980 I/System.out(14846): Values:2
01-13 17:22:00.981 I/System.out(14846): Values:2
01-13 17:22:01.982 I/System.out(14846): Values:2
01-13 17:22:02.983 I/System.out(14846): Values:2
01-13 17:22:03.974 I/System.out(14846): Values:2
01-13 17:22:04.975 I/System.out(14846): Values:2
01-13 17:22:05.976 I/System.out(14846): Values:2
01-13 17:22:06.987 I/System.out(14846): Values:2
01-13 17:22:07.978 I/System.out(14846): Values:2
01-13 17:22:08.058 I/BluetoothAdapterProperties(14573): Callback:discoveryStateChangeCallback with state:0
01-13 17:22:08.098 W/bt-btif (14573): bta_dm_check_av:0
01-13 17:22:08.108 I/BluetoothAdapterProperties(14573): Callback:discoveryStateChangeCallback with state:1
01-13 17:22:08.118 V/BluetoothDiscoveryReceiver(14542): Received: android.bluetooth.adapter.action.DISCOVERY_FINISHED
01-13 17:22:08.148 V/BluetoothDiscoveryReceiver(14542): Received: android.bluetooth.adapter.action.DISCOVERY_STARTED
01-13 17:22:08.989 I/System.out(14846): Values:1
01-13 17:22:09.990 I/System.out(14846): Values:1
01-13 17:22:10.991 I/System.out(14846): Values:1
01-13 17:22:11.992 I/System.out(14846): Values:2
01-13 17:22:12.993 I/System.out(14846): Values:2
01-13 17:22:14.004 I/System.out(14846): Values:2
01-13 17:22:15.005 I/System.out(14846): Values:2
01-13 17:22:16.006 I/System.out(14846): Values:2
01-13 17:22:17.007 I/System.out(14846): Values:2
01-13 17:22:17.077 D/dalvikvm(14846): GC_CONCURRENT freed 228K, 3% free 9021K/9288K, paused 3ms+2ms, total 32ms
01-13 17:22:17.998 I/System.out(14846): Values:3
01-13 17:22:18.999 I/System.out(14846): Values:3
01-13 17:22:20.010 I/System.out(14846): Values:4
01-13 17:22:21.011 I/System.out(14846): Values:4
01-13 17:22:22.012 I/System.out(14846): Values:4
01-13 17:22:22.202 I/BluetoothAdapterProperties(14573): Callback:discoveryStateChangeCallback with state:0
01-13 17:22:22.232 W/bt-btif (14573): bta_dm_check_av:0
01-13 17:22:22.242 I/BluetoothAdapterProperties(14573): Callback:discoveryStateChangeCallback with state:1
01-13 17:22:22.252 V/BluetoothDiscoveryReceiver(14542): Received: android.bluetooth.adapter.action.DISCOVERY_FINISHED
01-13 17:22:22.272 V/BluetoothDiscoveryReceiver(14542): Received: android.bluetooth.adapter.action.DISCOVERY_STARTED
01-13 17:22:23.013 I/System.out(14846): Values:0
01-13 17:22:24.004 I/System.out(14846): Values:0
01-13 17:22:25.005 I/System.out(14846): Values:0
01-13 17:22:26.006 I/System.out(14846): Values:0
01-13 17:22:26.416 D/dalvikvm(14542): GC_CONCURRENT freed 403K, 7% free 8975K/9564K, paused 7ms+1ms, total 52ms
01-13 17:22:27.007 I/System.out(14846): Values:1
01-13 17:22:28.008 I/System.out(14846): Values:2
01-13 17:22:29.009 I/System.out(14846): Values:2
01-13 17:22:30.010 I/System.out(14846): Values:2
01-13 17:22:31.011 I/System.out(14846): Values:2
01-13 17:22:32.022 I/System.out(14846): Values:2
01-13 17:22:33.023 I/System.out(14846): Values:2
01-13 17:22:34.024 I/System.out(14846): Values:2
01-13 17:22:35.025 I/System.out(14846): Values:2
01-13 17:22:35.065 I/BluetoothAdapterProperties(14573): Callback:discoveryStateChangeCallback with state:0
01-13 17:22:35.075 W/bt-btif (14573): bta_dm_check_av:0
01-13 17:22:35.085 V/BluetoothDiscoveryReceiver(14542): Received: android.bluetooth.adapter.action.DISCOVERY_FINISHED
01-13 17:22:35.095 I/BluetoothAdapterProperties(14573): Callback:discoveryStateChangeCallback with state:1
01-13 17:22:35.125 V/BluetoothDiscoveryReceiver(14542): Received: android.bluetooth.adapter.action.DISCOVERY_STARTED
01-13 17:22:36.026 I/System.out(14846): Values:0
01-13 17:22:37.026 I/System.out(14846): Values:0
01-13 17:22:38.027 I/System.out(14846): Values:0
01-13 17:22:39.028 I/System.out(14846): Values:0
01-13 17:22:40.029 I/System.out(14846): Values:1
01-13 17:22:41.030 I/System.out(14846): Values:1
01-13 17:22:42.041 I/System.out(14846): Values:1
01-13 17:22:43.032 I/System.out(14846): Values:1
01-13 17:22:44.043 I/System.out(14846): Values:1
01-13 17:22:45.044 I/System.out(14846): Values:1
01-13 17:22:46.045 I/System.out(14846): Values:2
01-13 17:22:47.036 I/System.out(14846): Values:2
01-13 17:22:47.927 I/BluetoothAdapterProperties(14573): Callback:discoveryStateChangeCallback with state:0
01-13 17:22:47.957 W/bt-btif (14573): bta_dm_check_av:0
01-13 17:22:47.967 I/BluetoothAdapterProperties(14573): Callback:discoveryStateChangeCallback with state:1
01-13 17:22:47.977 V/BluetoothDiscoveryReceiver(14542): Received: android.bluetooth.adapter.action.DISCOVERY_FINISHED
01-13 17:22:48.007 V/BluetoothDiscoveryReceiver(14542): Received: android.bluetooth.adapter.action.DISCOVERY_STARTED
01-13 17:22:48.037 I/System.out(14846): Values:0
01-13 17:22:49.038 I/System.out(14846): Values:1
01-13 17:22:50.039 I/System.out(14846): Values:1
01-13 17:22:51.040 I/System.out(14846): Values:1
01-13 17:22:52.041 I/System.out(14846): Values:2
01-13 17:22:53.042 I/System.out(14846): Values:3
01-13 17:22:54.043 I/System.out(14846): Values:3
01-13 17:22:55.044 I/System.out(14846): Values:3
01-13 17:22:56.045 I/System.out(14846): Values:3
01-13 17:22:57.046 I/System.out(14846): Values:3
01-13 17:22:58.037 I/System.out(14846): Values:3
01-13 17:22:59.048 I/System.out(14846): Values:3
01-13 17:23:00.049 I/System.out(14846): Values:3
01-13 17:23:00.790 I/BluetoothAdapterProperties(14573): Callback:discoveryStateChangeCallback with state:0
01-13 17:23:00.810 W/bt-btif (14573): bta_dm_check_av:0
01-13 17:23:00.820 I/BluetoothAdapterProperties(14573): Callback:discoveryStateChangeCallback with state:1
01-13 17:23:00.840 V/BluetoothDiscoveryReceiver(14542): Received: android.bluetooth.adapter.action.DISCOVERY_FINISHED
01-13 17:23:00.870 V/BluetoothDiscoveryReceiver(14542): Received: android.bluetooth.adapter.action.DISCOVERY_STARTED
01-13 17:23:00.880 I/ActivityManager(  523): No longer want com.google.android.music:main (pid 11863): empty #17
01-13 17:23:00.890 W/ActivityManager(  523): Scheduling restart of crashed service com.google.android.music/.playback.MusicPlaybackService in 5000ms
01-13 17:23:01.050 I/System.out(14846): Values:1
01-13 17:23:02.051 I/System.out(14846): Values:1
01-13 17:23:03.052 I/System.out(14846): Values:1
01-13 17:23:04.053 I/System.out(14846): Values:1
01-13 17:23:05.044 I/System.out(14846): Values:1
01-13 17:23:05.935 I/ActivityManager(  523): Start proc com.google.android.music:main for service com.google.android.music/.playback.MusicPlaybackService: pid=14900 uid=10041 gids={50041, 3003, 1015, 1028}
01-13 17:23:06.035 I/MusicStore(14900): Database version: 70
01-13 17:23:06.045 I/System.out(14846): Values:3
01-13 17:23:06.095 D/dalvikvm(14900): GC_CONCURRENT freed 274K, 4% free 9046K/9360K, paused 3ms+1ms, total 30ms
01-13 17:23:06.175 D/SystemUtils(14900): getSystemProperty: lpa.decode=null
01-13 17:23:06.195 D/CacheService(14900): onCreate
01-13 17:23:06.205 D/CacheService(14900): onBind
01-13 17:23:06.225 I/LocalDevicePlayback(14900): Streaming client created.
01-13 17:23:07.046 I/System.out(14846): Values:3
01-13 17:23:07.266 D/dalvikvm(14900): GC_CONCURRENT freed 224K, 3% free 9310K/9572K, paused 4ms+4ms, total 34ms
01-13 17:23:07.306 I/MediaStoreImporter(14900): Update: incremental Added music: 0 Updated music: 0 Deleted music: 0 Created playlists: 0 Updated playlists: 0 Deleted playlists: 0 Inserted playlist items: 0 Deleted playlist items: 0 Removed orphaned playlist items: 0
01-13 17:23:08.047 I/System.out(14846): Values:3
01-13 17:23:09.048 I/System.out(14846): Values:3
01-13 17:23:10.049 I/System.out(14846): Values:3
01-13 17:23:11.060 I/System.out(14846): Values:3
01-13 17:23:11.240 I/MusicLeanback(14900): Conditions not met for autocaching.
01-13 17:23:11.240 I/MusicLeanback(14900): Stop autocaching.
01-13 17:23:12.061 I/System.out(14846): Values:3
01-13 17:23:13.062 I/System.out(14846): Values:3
01-13 17:23:13.652 I/BluetoothAdapterProperties(14573): Callback:discoveryStateChangeCallback with state:0
01-13 17:23:13.672 W/bt-btif (14573): bta_dm_check_av:0
01-13 17:23:13.682 I/BluetoothAdapterProperties(14573): Callback:discoveryStateChangeCallback with state:1
01-13 17:23:13.702 V/BluetoothDiscoveryReceiver(14542): Received: android.bluetooth.adapter.action.DISCOVERY_FINISHED
01-13 17:23:13.722 V/BluetoothDiscoveryReceiver(14542): Received: android.bluetooth.adapter.action.DISCOVERY_STARTED
01-13 17:23:13.732 D/dalvikvm(14542): GC_CONCURRENT freed 374K, 6% free 9003K/9552K, paused 16ms+1ms, total 41ms
01-13 17:23:13.732 D/dalvikvm(14542): WAIT_FOR_CONCURRENT_GC blocked 8ms
01-13 17:23:14.063 I/System.out(14846): Values:0
01-13 17:23:15.064 I/System.out(14846): Values:0
01-13 17:23:16.065 I/System.out(14846): Values:0
01-13 17:23:17.056 I/System.out(14846): Values:0
01-13 17:23:18.057 I/System.out(14846): Values:1
01-13 17:23:18.297 D/dalvikvm(14573): GC_CONCURRENT freed 395K, 5% free 9010K/9444K, paused 4ms+8ms, total 76ms
01-13 17:23:19.068 I/System.out(14846): Values:3
01-13 17:23:20.068 I/System.out(14846): Values:3
01-13 17:23:21.069 I/System.out(14846): Values:3
01-13 17:23:22.070 I/System.out(14846): Values:3
01-13 17:23:23.071 I/System.out(14846): Values:3
01-13 17:23:24.072 I/System.out(14846): Values:4
01-13 17:23:25.073 I/System.out(14846): Values:4
01-13 17:23:26.074 I/System.out(14846): Values:4
01-13 17:23:26.505 I/BluetoothAdapterProperties(14573): Callback:discoveryStateChangeCallback with state:0
01-13 17:23:26.525 W/bt-btif (14573): bta_dm_check_av:0
01-13 17:23:26.535 I/BluetoothAdapterProperties(14573): Callback:discoveryStateChangeCallback with state:1
01-13 17:23:26.545 V/BluetoothDiscoveryReceiver(14542): Received: android.bluetooth.adapter.action.DISCOVERY_FINISHED
01-13 17:23:26.575 V/BluetoothDiscoveryReceiver(14542): Received: android.bluetooth.adapter.action.DISCOVERY_STARTED
01-13 17:23:27.065 I/System.out(14846): Values:0
01-13 17:23:28.076 I/System.out(14846): Values:0
01-13 17:23:29.067 I/System.out(14846): Values:0
01-13 17:23:30.068 I/System.out(14846): Values:1
01-13 17:23:31.079 I/System.out(14846): Values:2
01-13 17:23:32.080 I/System.out(14846): Values:3
01-13 17:23:33.081 I/System.out(14846): Values:3
01-13 17:23:34.082 I/System.out(14846): Values:3
01-13 17:23:35.083 I/System.out(14846): Values:3
01-13 17:23:36.084 I/System.out(14846): Values:3
01-13 17:23:37.085 I/System.out(14846): Values:3
01-13 17:23:38.086 I/System.out(14846): Values:3
01-13 17:23:39.087 I/System.out(14846): Values:3
01-13 17:23:39.357 I/BluetoothAdapterProperties(14573): Callback:discoveryStateChangeCallback with state:0
01-13 17:23:39.377 W/bt-btif (14573): bta_dm_check_av:0
01-13 17:23:39.387 I/BluetoothAdapterProperties(14573): Callback:discoveryStateChangeCallback with state:1
01-13 17:23:39.407 V/BluetoothDiscoveryReceiver(14542): Received: android.bluetooth.adapter.action.DISCOVERY_FINISHED
01-13 17:23:39.427 V/BluetoothDiscoveryReceiver(14542): Received: android.bluetooth.adapter.action.DISCOVERY_STARTED
01-13 17:23:40.088 I/System.out(14846): Values:1
01-13 17:23:41.099 I/System.out(14846): Values:1
01-13 17:23:42.100 I/System.out(14846): Values:1
01-13 17:23:43.101 I/System.out(14846): Values:1
01-13 17:23:44.102 I/System.out(14846): Values:1
01-13 17:23:45.103 I/System.out(14846): Values:2
01-13 17:23:46.104 I/System.out(14846): Values:2
01-13 17:23:47.105 I/System.out(14846): Values:2
01-13 17:23:48.096 I/System.out(14846): Values:2
01-13 17:23:49.097 I/System.out(14846): Values:2
01-13 17:23:50.098 I/System.out(14846): Values:2
01-13 17:23:51.109 I/System.out(14846): Values:2
01-13 17:23:52.100 I/System.out(14846): Values:2
01-13 17:23:52.220 I/BluetoothAdapterProperties(14573): Callback:discoveryStateChangeCallback with state:0
01-13 17:23:52.240 W/bt-btif (14573): bta_dm_check_av:0
01-13 17:23:52.250 I/BluetoothAdapterProperties(14573): Callback:discoveryStateChangeCallback with state:1
01-13 17:23:52.260 V/BluetoothDiscoveryReceiver(14542): Received: android.bluetooth.adapter.action.DISCOVERY_FINISHED
01-13 17:23:52.300 V/BluetoothDiscoveryReceiver(14542): Received: android.bluetooth.adapter.action.DISCOVERY_STARTED
01-13 17:23:52.320 D/dalvikvm(14542): GC_FOR_ALLOC freed 392K, 6% free 8977K/9548K, paused 14ms, total 15ms
01-13 17:23:53.101 I/System.out(14846): Values:0
01-13 17:23:54.112 I/System.out(14846): Values:0
01-13 17:23:55.103 I/System.out(14846): Values:0
01-13 17:23:56.094 I/System.out(14846): Values:1
01-13 17:23:57.105 I/System.out(14846): Values:1
01-13 17:23:58.106 I/System.out(14846): Values:1
01-13 17:23:59.107 I/System.out(14846): Values:1
01-13 17:24:00.108 I/System.out(14846): Values:1
01-13 17:24:01.109 I/System.out(14846): Values:1
01-13 17:24:02.019 D/btif_config_util(14573): btif_config_save_file(L153): in file name:/data/misc/bluedroid/bt_config.new
01-13 17:24:02.110 I/System.out(14846): Values:2
01-13 17:24:03.110 I/System.out(14846): Values:2
01-13 17:24:04.111 I/System.out(14846): Values:2
01-13 17:24:05.072 I/BluetoothAdapterProperties(14573): Callback:discoveryStateChangeCallback with state:0
01-13 17:24:05.092 W/bt-btif (14573): bta_dm_check_av:0
01-13 17:24:05.092 V/BluetoothDiscoveryReceiver(14542): Received: android.bluetooth.adapter.action.DISCOVERY_FINISHED
01-13 17:24:05.092 I/BluetoothAdapterProperties(14573): Callback:discoveryStateChangeCallback with state:1
01-13 17:24:05.102 V/BluetoothDiscoveryReceiver(14542): Received: android.bluetooth.adapter.action.DISCOVERY_STARTED
01-13 17:24:05.112 I/System.out(14846): Values:0
01-13 17:24:06.113 I/System.out(14846): Values:1
01-13 17:24:07.114 I/System.out(14846): Values:1
01-13 17:24:08.115 I/System.out(14846): Values:1
01-13 17:24:09.116 I/System.out(14846): Values:1
01-13 17:24:10.117 I/System.out(14846): Values:1
01-13 17:24:11.118 I/System.out(14846): Values:1
01-13 17:24:12.119 I/System.out(14846): Values:1
01-13 17:24:13.120 I/System.out(14846): Values:1
01-13 17:24:14.121 I/System.out(14846): Values:1
01-13 17:24:15.122 I/System.out(14846): Values:2
01-13 17:24:16.123 I/System.out(14846): Values:2
01-13 17:24:17.124 I/System.out(14846): Values:2
01-13 17:24:17.915 I/BluetoothAdapterProperties(14573): Callback:discoveryStateChangeCallback with state:0
01-13 17:24:17.935 W/bt-btif (14573): bta_dm_check_av:0
01-13 17:24:17.935 V/BluetoothDiscoveryReceiver(14542): Received: android.bluetooth.adapter.action.DISCOVERY_FINISHED
01-13 17:24:17.945 I/BluetoothAdapterProperties(14573): Callback:discoveryStateChangeCallback with state:1
01-13 17:24:17.995 V/BluetoothDiscoveryReceiver(14542): Received: android.bluetooth.adapter.action.DISCOVERY_STARTED
01-13 17:24:18.125 I/System.out(14846): Values:0
01-13 17:24:19.126 I/System.out(14846): Values:1
01-13 17:24:20.137 I/System.out(14846): Values:1
01-13 17:24:21.128 I/System.out(14846): Values:2
01-13 17:24:22.129 I/System.out(14846): Values:2
01-13 17:24:23.130 I/System.out(14846): Values:2
01-13 17:24:24.131 I/System.out(14846): Values:2
01-13 17:24:25.132 I/System.out(14846): Values:2
01-13 17:24:26.133 I/System.out(14846): Values:2
01-13 17:24:27.134 I/System.out(14846): Values:2
01-13 17:24:28.135 I/System.out(14846): Values:2
01-13 17:24:29.126 I/System.out(14846): Values:2
01-13 17:24:30.127 I/System.out(14846): Values:2
01-13 17:24:31.128 I/System.out(14846): Values:2
01-13 17:24:32.139 I/System.out(14846): Values:2
01-13 17:24:33.140 I/System.out(14846): Values:2
01-13 17:24:34.141 I/System.out(14846): Values:2
01-13 17:24:34.621 I/BluetoothAdapterProperties(14573): Callback:discoveryStateChangeCallback with state:0
01-13 17:24:34.641 W/bt-btif (14573): bta_dm_check_av:0
01-13 17:24:34.641 I/BluetoothAdapterProperties(14573): Callback:discoveryStateChangeCallback with state:1
01-13 17:24:34.661 V/BluetoothDiscoveryReceiver(14542): Received: android.bluetooth.adapter.action.DISCOVERY_FINISHED
01-13 17:24:34.691 V/BluetoothDiscoveryReceiver(14542): Received: android.bluetooth.adapter.action.DISCOVERY_STARTED
01-13 17:24:34.721 D/dalvikvm(14542): GC_FOR_ALLOC freed 383K, 6% free 8975K/9548K, paused 12ms, total 13ms
01-13 17:24:35.142 I/System.out(14846): Values:0
01-13 17:24:36.143 I/System.out(14846): Values:1
01-13 17:24:37.144 I/System.out(14846): Values:1
01-13 17:24:38.145 I/System.out(14846): Values:1
01-13 17:24:39.146 I/System.out(14846): Values:1
01-13 17:24:40.137 I/System.out(14846): Values:2
01-13 17:24:41.138 I/System.out(14846): Values:3
01-13 17:24:42.149 I/System.out(14846): Values:3
01-13 17:24:43.150 I/System.out(14846): Values:3
01-13 17:24:44.151 I/System.out(14846): Values:3
01-13 17:24:45.151 I/System.out(14846): Values:3
01-13 17:24:46.152 I/System.out(14846): Values:3
01-13 17:24:47.153 I/System.out(14846): Values:3
01-13 17:24:47.464 I/BluetoothAdapterProperties(14573): Callback:discoveryStateChangeCallback with state:0
01-13 17:24:47.484 W/bt-btif (14573): bta_dm_check_av:0
01-13 17:24:47.494 I/BluetoothAdapterProperties(14573): Callback:discoveryStateChangeCallback with state:1
01-13 17:24:47.504 V/BluetoothDiscoveryReceiver(14542): Received: android.bluetooth.adapter.action.DISCOVERY_FINISHED
01-13 17:24:47.534 V/BluetoothDiscoveryReceiver(14542): Received: android.bluetooth.adapter.action.DISCOVERY_STARTED
01-13 17:24:48.154 I/System.out(14846): Values:0
01-13 17:24:49.165 I/System.out(14846): Values:0
01-13 17:24:50.166 I/System.out(14846): Values:0
01-13 17:24:51.157 I/System.out(14846): Values:1
01-13 17:24:52.158 I/System.out(14846): Values:1
01-13 17:24:53.159 I/System.out(14846): Values:1
01-13 17:24:54.160 I/System.out(14846): Values:1
01-13 17:24:55.161 I/System.out(14846): Values:1
01-13 17:24:56.172 I/System.out(14846): Values:1
01-13 17:24:57.173 I/System.out(14846): Values:1
01-13 17:24:58.174 I/System.out(14846): Values:1
01-13 17:24:59.165 I/System.out(14846): Values:1
01-13 17:25:00.166 I/System.out(14846): Values:1
01-13 17:25:00.326 I/BluetoothAdapterProperties(14573): Callback:discoveryStateChangeCallback with state:0
01-13 17:25:00.346 W/bt-btif (14573): bta_dm_check_av:0
01-13 17:25:00.356 V/BluetoothDiscoveryReceiver(14542): Received: android.bluetooth.adapter.action.DISCOVERY_FINISHED
01-13 17:25:00.356 I/BluetoothAdapterProperties(14573): Callback:discoveryStateChangeCallback with state:1
01-13 17:25:00.396 V/BluetoothDiscoveryReceiver(14542): Received: android.bluetooth.adapter.action.DISCOVERY_STARTED
01-13 17:25:01.167 I/System.out(14846): Values:0
01-13 17:25:02.168 I/System.out(14846): Values:0
01-13 17:25:03.169 I/System.out(14846): Values:0
01-13 17:25:04.170 I/System.out(14846): Values:0
01-13 17:25:05.171 I/System.out(14846): Values:1
01-13 17:25:06.172 I/System.out(14846): Values:1
01-13 17:25:07.173 I/System.out(14846): Values:2
01-13 17:25:08.174 I/System.out(14846): Values:2
01-13 17:25:09.175 I/System.out(14846): Values:2
01-13 17:25:10.186 I/System.out(14846): Values:2
01-13 17:25:11.187 I/System.out(14846): Values:2
01-13 17:25:12.178 I/System.out(14846): Values:2
01-13 17:25:13.179 I/BluetoothAdapterProperties(14573): Callback:discoveryStateChangeCallback with state:0
01-13 17:25:13.179 I/System.out(14846): Values:2
01-13 17:25:13.209 W/bt-btif (14573): bta_dm_check_av:0
01-13 17:25:13.209 V/BluetoothDiscoveryReceiver(14542): Received: android.bluetooth.adapter.action.DISCOVERY_FINISHED
01-13 17:25:13.229 I/BluetoothAdapterProperties(14573): Callback:discoveryStateChangeCallback with state:1
01-13 17:25:13.239 V/BluetoothDiscoveryReceiver(14542): Received: android.bluetooth.adapter.action.DISCOVERY_STARTED
01-13 17:25:14.190 I/System.out(14846): Values:0
01-13 17:25:14.580 D/dalvikvm(14573): GC_CONCURRENT freed 394K, 5% free 9009K/9444K, paused 21ms+1ms, total 53ms
01-13 17:25:15.191 I/System.out(14846): Values:1
01-13 17:25:16.192 I/System.out(14846): Values:1
01-13 17:25:17.193 I/System.out(14846): Values:1
01-13 17:25:18.194 I/System.out(14846): Values:1
01-13 17:25:19.195 I/System.out(14846): Values:1
01-13 17:25:20.186 I/System.out(14846): Values:1
01-13 17:25:21.197 I/System.out(14846): Values:1
01-13 17:25:22.198 I/System.out(14846): Values:1
01-13 17:25:23.199 I/System.out(14846): Values:1
01-13 17:25:24.200 I/System.out(14846): Values:1
01-13 17:25:25.201 I/System.out(14846): Values:1
01-13 17:25:26.051 I/BluetoothAdapterProperties(14573): Callback:discoveryStateChangeCallback with state:0
01-13 17:25:26.081 W/bt-btif (14573): bta_dm_check_av:0
01-13 17:25:26.091 I/BluetoothAdapterProperties(14573): Callback:discoveryStateChangeCallback with state:1
01-13 17:25:26.111 V/BluetoothDiscoveryReceiver(14542): Received: android.bluetooth.adapter.action.DISCOVERY_FINISHED
01-13 17:25:26.131 D/dalvikvm(14542): GC_CONCURRENT freed 361K, 6% free 9000K/9548K, paused 17ms+2ms, total 40ms
01-13 17:25:26.141 V/BluetoothDiscoveryReceiver(14542): Received: android.bluetooth.adapter.action.DISCOVERY_STARTED
01-13 17:25:26.202 I/System.out(14846): Values:0
01-13 17:25:27.203 I/System.out(14846): Values:0
01-13 17:25:28.203 I/System.out(14846): Values:0
01-13 17:25:29.204 I/System.out(14846): Values:0
01-13 17:25:30.205 I/System.out(14846): Values:1
01-13 17:25:31.206 I/System.out(14846): Values:1
01-13 17:25:32.207 I/System.out(14846): Values:1
01-13 17:25:33.198 I/System.out(14846): Values:1
01-13 17:25:34.199 I/System.out(14846): Values:1
01-13 17:25:35.200 I/System.out(14846): Values:3
01-13 17:25:36.201 I/System.out(14846): Values:3
01-13 17:25:37.222 I/System.out(14846): Values:3
01-13 17:25:37.272 D/dalvikvm(14846): GC_CONCURRENT freed 387K, 5% free 9019K/9444K, paused 6ms+5ms, total 66ms
01-13 17:25:38.213 I/System.out(14846): Values:3
01-13 17:25:38.914 I/BluetoothAdapterProperties(14573): Callback:discoveryStateChangeCallback with state:0
01-13 17:25:38.934 W/bt-btif (14573): bta_dm_check_av:0
01-13 17:25:38.944 I/BluetoothAdapterProperties(14573): Callback:discoveryStateChangeCallback with state:1
01-13 17:25:38.954 V/BluetoothDiscoveryReceiver(14542): Received: android.bluetooth.adapter.action.DISCOVERY_FINISHED
01-13 17:25:38.984 V/BluetoothDiscoveryReceiver(14542): Received: android.bluetooth.adapter.action.DISCOVERY_STARTED
01-13 17:25:39.214 I/System.out(14846): Values:0
01-13 17:25:40.205 I/System.out(14846): Values:2
01-13 17:25:41.216 I/System.out(14846): Values:2
01-13 17:25:42.217 I/System.out(14846): Values:2
01-13 17:25:43.218 I/System.out(14846): Values:2
01-13 17:25:44.219 I/System.out(14846): Values:2
01-13 17:25:45.220 I/System.out(14846): Values:2
01-13 17:25:46.221 I/System.out(14846): Values:2
01-13 17:25:47.222 I/System.out(14846): Values:2
01-13 17:25:48.223 I/System.out(14846): Values:2
01-13 17:25:49.224 I/System.out(14846): Values:2
01-13 17:25:50.225 I/System.out(14846): Values:2
01-13 17:25:51.226 I/System.out(14846): Values:2
01-13 17:25:51.766 I/BluetoothAdapterProperties(14573): Callback:discoveryStateChangeCallback with state:0
01-13 17:25:51.807 W/bt-btif (14573): bta_dm_check_av:0
01-13 17:25:51.817 I/BluetoothAdapterProperties(14573): Callback:discoveryStateChangeCallback with state:1
01-13 17:25:51.877 V/BluetoothDiscoveryReceiver(14542): Received: android.bluetooth.adapter.action.DISCOVERY_FINISHED
01-13 17:25:51.907 V/BluetoothDiscoveryReceiver(14542): Received: android.bluetooth.adapter.action.DISCOVERY_STARTED
01-13 17:25:51.907 D/dalvikvm(  523): GC_CONCURRENT freed 1673K, 19% free 17201K/21020K, paused 10ms+8ms, total 131ms
01-13 17:25:52.227 I/System.out(14846): Values:0
01-13 17:25:53.228 I/System.out(14846): Values:0
01-13 17:25:54.239 I/System.out(14846): Values:2
01-13 17:25:55.240 I/System.out(14846): Values:3
01-13 17:25:56.231 I/System.out(14846): Values:3
01-13 17:25:57.232 I/System.out(14846): Values:3
01-13 17:25:58.233 I/System.out(14846): Values:3
01-13 17:25:59.234 I/System.out(14846): Values:3
01-13 17:26:00.235 I/System.out(14846): Values:3
01-13 17:26:01.236 I/System.out(14846): Values:3
01-13 17:26:02.237 I/System.out(14846): Values:3
01-13 17:26:03.238 I/System.out(14846): Values:3
01-13 17:26:04.239 I/System.out(14846): Values:3
01-13 17:26:04.649 I/BluetoothAdapterProperties(14573): Callback:discoveryStateChangeCallback with state:0
01-13 17:26:04.669 W/bt-btif (14573): bta_dm_check_av:0
01-13 17:26:04.679 I/BluetoothAdapterProperties(14573): Callback:discoveryStateChangeCallback with state:1
01-13 17:26:04.689 V/BluetoothDiscoveryReceiver(14542): Received: android.bluetooth.adapter.action.DISCOVERY_FINISHED
01-13 17:26:04.709 V/BluetoothDiscoveryReceiver(14542): Received: android.bluetooth.adapter.action.DISCOVERY_STARTED
01-13 17:26:04.739 D/dalvikvm(14542): GC_FOR_ALLOC freed 389K, 6% free 8976K/9548K, paused 13ms, total 14ms
01-13 17:26:05.240 I/System.out(14846): Values:0
01-13 17:26:06.241 I/System.out(14846): Values:1
01-13 17:26:07.242 I/System.out(14846): Values:1
01-13 17:26:08.243 I/System.out(14846): Values:1
01-13 17:26:09.244 I/System.out(14846): Values:2
01-13 17:26:10.245 I/System.out(14846): Values:2
01-13 17:26:11.245 I/System.out(14846): Values:2
01-13 17:26:12.246 I/System.out(14846): Values:2
01-13 17:26:13.247 I/System.out(14846): Values:2
01-13 17:26:14.258 I/System.out(14846): Values:2
01-13 17:26:15.249 I/System.out(14846): Values:2
01-13 17:26:16.250 I/System.out(14846): Values:2
01-13 17:26:17.261 I/System.out(14846): Values:2
01-13 17:26:18.262 I/System.out(14846): Values:2
01-13 17:26:18.583 I/BluetoothAdapterProperties(14573): Callback:discoveryStateChangeCallback with state:0
01-13 17:26:18.603 W/bt-btif (14573): bta_dm_check_av:0
01-13 17:26:18.613 I/BluetoothAdapterProperties(14573): Callback:discoveryStateChangeCallback with state:1
01-13 17:26:18.623 V/BluetoothDiscoveryReceiver(14542): Received: android.bluetooth.adapter.action.DISCOVERY_FINISHED
01-13 17:26:18.653 V/BluetoothDiscoveryReceiver(14542): Received: android.bluetooth.adapter.action.DISCOVERY_STARTED
01-13 17:26:19.263 I/System.out(14846): Values:0
01-13 17:26:20.254 I/System.out(14846): Values:0
01-13 17:26:21.255 I/System.out(14846): Values:0
01-13 17:26:22.256 I/System.out(14846): Values:0
01-13 17:26:23.257 I/System.out(14846): Values:0
01-13 17:26:24.258 I/System.out(14846): Values:0
01-13 17:26:25.259 I/System.out(14846): Values:0
01-13 17:26:26.260 I/System.out(14846): Values:1
01-13 17:26:27.261 I/System.out(14846): Values:3
01-13 17:26:28.262 I/System.out(14846): Values:3
01-13 17:26:29.263 I/System.out(14846): Values:3
01-13 17:26:30.264 I/System.out(14846): Values:3
01-13 17:26:31.265 I/System.out(14846): Values:4
01-13 17:26:31.435 I/BluetoothAdapterProperties(14573): Callback:discoveryStateChangeCallback with state:0
01-13 17:26:31.445 W/bt-btif (14573): bta_dm_check_av:0
01-13 17:26:31.455 I/BluetoothAdapterProperties(14573): Callback:discoveryStateChangeCallback with state:1
01-13 17:26:31.475 V/BluetoothDiscoveryReceiver(14542): Received: android.bluetooth.adapter.action.DISCOVERY_FINISHED
01-13 17:26:31.495 V/BluetoothDiscoveryReceiver(14542): Received: android.bluetooth.adapter.action.DISCOVERY_STARTED
01-13 17:26:32.266 I/System.out(14846): Values:0
01-13 17:26:33.267 I/System.out(14846): Values:0
01-13 17:26:34.268 I/System.out(14846): Values:2
01-13 17:26:35.269 I/System.out(14846): Values:2
01-13 17:26:36.270 I/System.out(14846): Values:2
01-13 17:26:37.271 I/System.out(14846): Values:2
01-13 17:26:38.272 I/System.out(14846): Values:2
01-13 17:26:39.273 I/System.out(14846): Values:2
01-13 17:26:40.274 I/System.out(14846): Values:2
01-13 17:26:41.265 I/System.out(14846): Values:2
01-13 17:26:42.276 I/System.out(14846): Values:3
01-13 17:26:43.267 I/System.out(14846): Values:3
01-13 17:26:44.278 I/System.out(14846): Values:3
01-13 17:26:44.278 I/BluetoothAdapterProperties(14573): Callback:discoveryStateChangeCallback with state:0
01-13 17:26:44.298 W/bt-btif (14573): bta_dm_check_av:0
01-13 17:26:44.318 I/BluetoothAdapterProperties(14573): Callback:discoveryStateChangeCallback with state:1
01-13 17:26:44.328 V/BluetoothDiscoveryReceiver(14542): Received: android.bluetooth.adapter.action.DISCOVERY_FINISHED
01-13 17:26:44.348 V/BluetoothDiscoveryReceiver(14542): Received: android.bluetooth.adapter.action.DISCOVERY_STARTED
01-13 17:26:44.378 D/dalvikvm(14542): GC_CONCURRENT freed 370K, 6% free 8999K/9548K, paused 3ms+1ms, total 21ms
01-13 17:26:44.378 D/dalvikvm(14542): WAIT_FOR_CONCURRENT_GC blocked 6ms
01-13 17:26:45.279 I/System.out(14846): Values:0
01-13 17:26:46.280 I/System.out(14846): Values:0
01-13 17:26:47.281 I/System.out(14846): Values:1
01-13 17:26:48.292 I/System.out(14846): Values:1
01-13 17:26:49.293 I/System.out(14846): Values:1
01-13 17:26:50.294 I/System.out(14846): Values:1
01-13 17:26:51.295 I/System.out(14846): Values:1
01-13 17:26:52.286 I/System.out(14846): Values:1
01-13 17:26:53.287 I/System.out(14846): Values:1
01-13 17:26:54.287 I/System.out(14846): Values:1
01-13 17:26:55.298 I/System.out(14846): Values:1
01-13 17:26:56.299 I/System.out(14846): Values:1
01-13 17:26:57.150 I/BluetoothAdapterProperties(14573): Callback:discoveryStateChangeCallback with state:0
01-13 17:26:57.170 W/bt-btif (14573): bta_dm_check_av:0
01-13 17:26:57.180 I/BluetoothAdapterProperties(14573): Callback:discoveryStateChangeCallback with state:1
01-13 17:26:57.190 V/BluetoothDiscoveryReceiver(14542): Received: android.bluetooth.adapter.action.DISCOVERY_FINISHED
01-13 17:26:57.210 V/BluetoothDiscoveryReceiver(14542): Received: android.bluetooth.adapter.action.DISCOVERY_STARTED
01-13 17:26:57.300 I/System.out(14846): Values:0
01-13 17:26:58.301 I/System.out(14846): Values:0
01-13 17:26:59.302 I/System.out(14846): Values:0
01-13 17:27:00.303 I/System.out(14846): Values:0
01-13 17:27:01.304 I/System.out(14846): Values:0
01-13 17:27:02.305 I/System.out(14846): Values:1
01-13 17:27:03.306 I/System.out(14846): Values:1
01-13 17:27:04.297 I/System.out(14846): Values:1
01-13 17:27:05.308 I/System.out(14846): Values:1
01-13 17:27:06.309 I/System.out(14846): Values:1
01-13 17:27:07.310 I/System.out(14846): Values:1
01-13 17:27:08.301 I/System.out(14846): Values:1
01-13 17:27:09.302 I/System.out(14846): Values:1
01-13 17:27:10.003 I/BluetoothAdapterProperties(14573): Callback:discoveryStateChangeCallback with state:0
01-13 17:27:10.033 W/bt-btif (14573): bta_dm_check_av:0
01-13 17:27:10.033 V/BluetoothDiscoveryReceiver(14542): Received: android.bluetooth.adapter.action.DISCOVERY_FINISHED
01-13 17:27:10.043 I/BluetoothAdapterProperties(14573): Callback:discoveryStateChangeCallback with state:1
01-13 17:27:10.063 V/BluetoothDiscoveryReceiver(14542): Received: android.bluetooth.adapter.action.DISCOVERY_STARTED
01-13 17:27:10.313 I/System.out(14846): Values:0
01-13 17:27:11.314 I/System.out(14846): Values:0
01-13 17:27:12.315 I/System.out(14846): Values:0
01-13 17:27:13.316 I/System.out(14846): Values:0
01-13 17:27:14.317 I/System.out(14846): Values:0
01-13 17:27:14.627 D/dalvikvm(14573): GC_CONCURRENT freed 402K, 5% free 9010K/9452K, paused 9ms+1ms, total 58ms
01-13 17:27:15.308 I/System.out(14846): Values:1
01-13 17:27:16.309 I/System.out(14846): Values:1
01-13 17:27:17.310 I/System.out(14846): Values:1
01-13 17:27:18.311 I/System.out(14846): Values:2
01-13 17:27:19.312 I/System.out(14846): Values:2
01-13 17:27:20.313 I/System.out(14846): Values:2
01-13 17:27:21.324 I/System.out(14846): Values:2
01-13 17:27:22.325 I/System.out(14846): Values:2
01-13 17:27:22.865 I/BluetoothAdapterProperties(14573): Callback:discoveryStateChangeCallback with state:0
01-13 17:27:22.885 W/bt-btif (14573): bta_dm_check_av:0
01-13 17:27:22.895 I/BluetoothAdapterProperties(14573): Callback:discoveryStateChangeCallback with state:1
01-13 17:27:22.895 V/BluetoothDiscoveryReceiver(14542): Received: android.bluetooth.adapter.action.DISCOVERY_FINISHED
01-13 17:27:22.935 V/BluetoothDiscoveryReceiver(14542): Received: android.bluetooth.adapter.action.DISCOVERY_STARTED
01-13 17:27:23.316 I/System.out(14846): Values:0
01-13 17:27:24.317 I/System.out(14846): Values:0
01-13 17:27:25.318 I/System.out(14846): Values:0
01-13 17:27:26.319 I/System.out(14846): Values:1
01-13 17:27:27.330 I/System.out(14846): Values:1
01-13 17:27:28.331 I/System.out(14846): Values:1
01-13 17:27:29.332 I/System.out(14846): Values:1
01-13 17:27:30.333 I/System.out(14846): Values:1
01-13 17:27:31.334 I/System.out(14846): Values:2
01-13 17:27:32.335 I/System.out(14846): Values:2
01-13 17:27:33.336 I/System.out(14846): Values:2
01-13 17:27:34.337 I/System.out(14846): Values:2
01-13 17:27:35.338 I/System.out(14846): Values:2
01-13 17:27:35.718 I/BluetoothAdapterProperties(14573): Callback:discoveryStateChangeCallback with state:0
01-13 17:27:35.738 W/bt-btif (14573): bta_dm_check_av:0
01-13 17:27:35.748 I/BluetoothAdapterProperties(14573): Callback:discoveryStateChangeCallback with state:1
