01-09 11:47:04.428 I/System.out( 1775): Values: 0.0 0.0
01-09 11:47:05.419 I/System.out( 1775): Values: 0.0 0.0
01-09 11:47:06.420 I/System.out( 1775): Values: 0.0 0.0
01-09 11:47:07.421 I/System.out( 1775): Values: 0.0 0.0
01-09 11:47:08.422 I/System.out( 1775): Values: 0.0 0.0
01-09 11:47:09.422 I/System.out( 1775): Values: 0.0 0.0
01-09 11:47:10.423 I/System.out( 1775): Values: 0.0 0.0
01-09 11:47:11.424 I/System.out( 1775): Values: 0.0 0.0
01-09 11:47:12.425 I/System.out( 1775): Values: 0.0 0.0
01-09 11:47:13.426 I/System.out( 1775): Values: 0.0 0.0
01-09 11:47:14.437 I/System.out( 1775): Values: 0.0 0.0
01-09 11:47:15.428 I/System.out( 1775): Values: 0.0 0.0
01-09 11:47:16.429 I/System.out( 1775): Values: 0.0 0.0
01-09 11:47:17.430 I/System.out( 1775): Values: 0.0 0.0
01-09 11:47:18.441 I/System.out( 1775): Values: 0.0 0.0
01-09 11:47:19.442 I/System.out( 1775): Values: 0.0 0.0
01-09 11:47:20.443 I/System.out( 1775): Values: 0.0 0.0
01-09 11:47:21.434 I/System.out( 1775): Values: 0.0 0.0
01-09 11:47:22.435 I/System.out( 1775): Values: 0.0 0.0
01-09 11:47:23.436 I/System.out( 1775): Values: 0.0 0.0
01-09 11:47:24.437 I/System.out( 1775): Values: 0.0 0.0
01-09 11:47:25.438 I/System.out( 1775): Values: 0.0 0.0
01-09 11:47:26.439 I/System.out( 1775): Values: 0.0 0.0
01-09 11:47:27.440 I/System.out( 1775): Values: 0.0 0.0
01-09 11:47:28.441 I/System.out( 1775): Values: 0.0 0.0
01-09 11:47:29.442 I/System.out( 1775): Values: 0.0 0.0
01-09 11:47:30.433 I/System.out( 1775): Values: 0.0 0.0
01-09 11:47:31.444 I/System.out( 1775): Values: 0.0 0.0
01-09 11:47:32.445 I/System.out( 1775): Values: 0.0 0.0
01-09 11:47:33.446 I/System.out( 1775): Values: 0.0 0.0
01-09 11:47:34.437 I/System.out( 1775): Values: 0.0 0.0
01-09 11:47:35.448 I/System.out( 1775): Values: 0.0 0.0
01-09 11:47:36.439 I/System.out( 1775): Values: 0.0 0.0
01-09 11:47:37.450 I/System.out( 1775): Values: 0.0 0.0
01-09 11:47:38.441 I/System.out( 1775): Values: 0.0 0.0
01-09 11:47:39.442 I/System.out( 1775): Values: 0.0 0.0
01-09 11:47:40.443 I/System.out( 1775): Values: 0.0 0.0
01-09 11:47:41.444 I/System.out( 1775): Values: 0.0 0.0
01-09 11:47:42.445 I/System.out( 1775): Values: 0.0 0.0
01-09 11:47:43.446 I/System.out( 1775): Values: 0.0 0.0
01-09 11:47:44.447 I/System.out( 1775): Values: 0.0 0.0
01-09 11:47:45.448 I/System.out( 1775): Values: 0.0 0.0
01-09 11:47:46.449 I/System.out( 1775): Values: 0.0 0.0
01-09 11:47:47.450 I/System.out( 1775): Values: 0.0 0.0
01-09 11:47:48.451 I/System.out( 1775): Values: 0.0 0.0
01-09 11:47:49.452 I/System.out( 1775): Values: 0.0 0.0
01-09 11:47:50.453 I/System.out( 1775): Values: 0.0 0.0
01-09 11:47:51.454 I/System.out( 1775): Values: 0.0 0.0
01-09 11:47:52.454 I/System.out( 1775): Values: 0.0 0.0
01-09 11:47:53.455 I/System.out( 1775): Values: 0.0 0.0
01-09 11:47:54.456 I/System.out( 1775): Values: 0.0 0.0
01-09 11:47:55.457 I/System.out( 1775): Values: 0.0 0.0
01-09 11:47:56.468 I/System.out( 1775): Values: 0.0 0.0
01-09 11:47:57.459 I/System.out( 1775): Values: 0.0 0.0
01-09 11:47:58.470 I/System.out( 1775): Values: 0.0 0.0
01-09 11:47:59.471 I/System.out( 1775): Values: 0.0 0.0
01-09 11:48:00.472 I/System.out( 1775): Values: 0.0 0.0
01-09 11:48:01.473 I/System.out( 1775): Values: 0.0 0.0
01-09 11:48:02.474 I/System.out( 1775): Values: 0.0 0.0
01-09 11:48:03.465 I/System.out( 1775): Values: 0.0 0.0
01-09 11:48:04.466 I/System.out( 1775): Values: 0.0 0.0
01-09 11:48:05.467 I/System.out( 1775): Values: 0.0 0.0
01-09 11:48:06.468 I/System.out( 1775): Values: 0.0 0.0
01-09 11:48:07.469 I/System.out( 1775): Values: 0.0 0.0
01-09 11:48:08.470 I/System.out( 1775): Values: 0.0 0.0
01-09 11:48:09.471 I/System.out( 1775): Values: 0.0 0.0
01-09 11:48:10.472 I/System.out( 1775): Values: 0.0 0.0
01-09 11:48:11.473 I/System.out( 1775): Values: 0.0 0.0
01-09 11:48:12.474 I/System.out( 1775): Values: 0.0 0.0
01-09 11:48:13.475 I/System.out( 1775): Values: 0.0 0.0
01-09 11:48:14.476 I/System.out( 1775): Values: 0.0 0.0
01-09 11:48:15.477 I/System.out( 1775): Values: 0.0 0.0
01-09 11:48:16.478 I/System.out( 1775): Values: 0.0 0.0
01-09 11:48:17.479 I/System.out( 1775): Values: 0.0 0.0
01-09 11:48:18.480 I/System.out( 1775): Values: 0.0 0.0
01-09 11:48:19.481 I/System.out( 1775): Values: 0.0 0.0
01-09 11:48:20.492 I/System.out( 1775): Values: 0.0 0.0
01-09 11:48:21.483 I/System.out( 1775): Values: 0.0 0.0
01-09 11:48:22.484 I/System.out( 1775): Values: 0.0 0.0
01-09 11:48:23.485 I/System.out( 1775): Values: 0.0 0.0
01-09 11:48:24.486 I/System.out( 1775): Values: 0.0 0.0
01-09 11:48:25.487 I/System.out( 1775): Values: 0.0 0.0
01-09 11:48:26.488 I/System.out( 1775): Values: 0.0 0.0
01-09 11:48:27.489 I/System.out( 1775): Values: 0.0 0.0
01-09 11:48:28.490 I/System.out( 1775): Values: 0.0 0.0
01-09 11:48:29.491 I/System.out( 1775): Values: 0.0 0.0
01-09 11:48:30.492 I/System.out( 1775): Values: 0.0 0.0
01-09 11:48:31.493 I/System.out( 1775): Values: 0.0 0.0
01-09 11:48:32.484 I/System.out( 1775): Values: 0.0 0.0
01-09 11:48:33.485 I/System.out( 1775): Values: 0.0 0.0
01-09 11:48:34.485 I/System.out( 1775): Values: 0.0 0.0
01-09 11:48:35.486 I/System.out( 1775): Values: 0.0 0.0
01-09 11:48:36.487 I/System.out( 1775): Values: 0.0 0.0
01-09 11:48:37.488 I/System.out( 1775): Values: 0.0 0.0
01-09 11:48:38.489 I/System.out( 1775): Values: 0.0 0.0
01-09 11:48:39.500 I/System.out( 1775): Values: 0.0 0.0
01-09 11:48:40.491 I/System.out( 1775): Values: 0.0 0.0
01-09 11:48:41.492 I/System.out( 1775): Values: 0.0 0.0
01-09 11:48:42.483 I/System.out( 1775): Values: 0.0 0.0
01-09 11:48:42.493 I/System.out( 1775): Battery level start is reached
01-09 11:48:43.504 I/System.out( 1775): Values: 0.0 0.0
01-09 11:48:44.495 I/System.out( 1775): Values: 0.0 0.0
01-09 11:48:45.506 I/System.out( 1775): Values: 0.0 0.0
01-09 11:48:46.497 I/System.out( 1775): Values: 0.0 0.0
01-09 11:48:47.498 I/System.out( 1775): Values: 0.0 0.0
01-09 11:48:48.499 I/System.out( 1775): Values: 0.0 0.0
01-09 11:48:49.510 I/System.out( 1775): Values: 0.0 0.0
01-09 11:48:50.511 I/System.out( 1775): Values: 0.0 0.0
01-09 11:48:51.512 I/System.out( 1775): Values: 0.0 0.0
01-09 11:48:52.503 I/System.out( 1775): Values: 0.0 0.0
01-09 11:48:53.514 I/System.out( 1775): Values: 0.0 0.0
01-09 11:48:54.505 I/System.out( 1775): Values: 0.0 0.0
01-09 11:48:55.506 I/System.out( 1775): Values: 0.0 0.0
01-09 11:48:56.507 I/System.out( 1775): Values: 0.0 0.0
01-09 11:48:57.508 I/System.out( 1775): Values: 0.0 0.0
01-09 11:48:58.509 I/System.out( 1775): Values: 0.0 0.0
01-09 11:48:59.510 I/System.out( 1775): Values: 0.0 0.0
01-09 11:49:00.511 I/System.out( 1775): Values: 0.0 0.0
01-09 11:49:01.512 I/System.out( 1775): Values: 0.0 0.0
01-09 11:49:02.513 I/System.out( 1775): Values: 0.0 0.0
01-09 11:49:03.514 I/System.out( 1775): Values: 0.0 0.0
01-09 11:49:04.515 I/System.out( 1775): Values: 0.0 0.0
01-09 11:49:05.516 I/System.out( 1775): Values: 0.0 0.0
01-09 11:49:06.517 I/System.out( 1775): Values: 0.0 0.0
01-09 11:49:07.518 I/System.out( 1775): Values: 0.0 0.0
01-09 11:49:08.519 I/System.out( 1775): Values: 0.0 0.0
01-09 11:49:09.520 I/System.out( 1775): Values: 0.0 0.0
01-09 11:49:10.521 I/System.out( 1775): Values: 0.0 0.0
01-09 11:49:11.522 I/System.out( 1775): Values: 0.0 0.0
01-09 11:49:12.523 I/System.out( 1775): Values: 0.0 0.0
01-09 11:49:13.524 I/System.out( 1775): Values: 0.0 0.0
01-09 11:49:14.525 I/System.out( 1775): Values: 0.0 0.0
01-09 11:49:15.526 I/System.out( 1775): Values: 0.0 0.0
01-09 11:49:16.526 I/System.out( 1775): Values: 0.0 0.0
01-09 11:49:17.527 I/System.out( 1775): Values: 0.0 0.0
01-09 11:49:18.528 I/System.out( 1775): Values: 0.0 0.0
01-09 11:49:19.529 I/System.out( 1775): Values: 0.0 0.0
01-09 11:49:20.530 I/System.out( 1775): Values: 0.0 0.0
01-09 11:49:21.541 I/System.out( 1775): Values: 0.0 0.0
01-09 11:49:22.532 I/System.out( 1775): Values: 0.0 0.0
01-09 11:49:23.543 I/System.out( 1775): Values: 0.0 0.0
01-09 11:49:24.544 I/System.out( 1775): Values: 0.0 0.0
01-09 11:49:25.535 I/System.out( 1775): Values: 0.0 0.0
01-09 11:49:26.536 I/System.out( 1775): Values: 0.0 0.0
01-09 11:49:27.537 I/System.out( 1775): Values: 0.0 0.0
01-09 11:49:28.538 I/System.out( 1775): Values: 0.0 0.0
01-09 11:49:29.539 I/System.out( 1775): Values: 0.0 0.0
01-09 11:49:30.540 I/System.out( 1775): Values: 0.0 0.0
01-09 11:49:31.541 I/System.out( 1775): Values: 0.0 0.0
01-09 11:49:32.542 I/System.out( 1775): Values: 0.0 0.0
01-09 11:49:33.533 I/System.out( 1775): Values: 0.0 0.0
01-09 11:49:34.534 I/System.out( 1775): Values: 0.0 0.0
01-09 11:49:35.535 I/System.out( 1775): Values: 0.0 0.0
01-09 11:49:36.536 I/System.out( 1775): Values: 0.0 0.0
01-09 11:49:37.537 I/System.out( 1775): Values: 0.0 0.0
01-09 11:49:38.538 I/System.out( 1775): Values: 0.0 0.0
01-09 11:49:39.539 I/System.out( 1775): Values: 0.0 0.0
01-09 11:49:40.540 I/System.out( 1775): Values: 0.0 0.0
01-09 11:49:41.541 I/System.out( 1775): Values: 0.0 0.0
01-09 11:49:42.542 I/System.out( 1775): Values: 0.0 0.0
01-09 11:49:43.553 I/System.out( 1775): Values: 0.0 0.0
01-09 11:49:44.544 I/System.out( 1775): Values: 0.0 0.0
01-09 11:49:44.664 D/dalvikvm(  704): GC_CONCURRENT freed 382K, 11% free 9816K/10908K, paused 5ms+4ms, total 61ms
01-09 11:49:45.545 I/System.out( 1775): Values: 0.0 0.0
01-09 11:49:46.546 I/System.out( 1775): Values: 0.0 0.0
01-09 11:49:47.547 I/System.out( 1775): Values: 0.0 0.0
01-09 11:49:48.548 I/System.out( 1775): Values: 0.0 0.0
01-09 11:49:49.549 I/System.out( 1775): Values: 0.0 0.0
01-09 11:49:50.550 I/System.out( 1775): Values: 0.0 0.0
01-09 11:49:51.551 I/System.out( 1775): Values: 0.0 0.0
01-09 11:49:52.562 I/System.out( 1775): Values: 0.0 0.0
01-09 11:49:53.563 I/System.out( 1775): Values: 0.0 0.0
01-09 11:49:54.564 I/System.out( 1775): Values: 0.0 0.0
01-09 11:49:55.565 I/System.out( 1775): Values: 0.0 0.0
01-09 11:49:56.566 I/System.out( 1775): Values: 0.0 0.0
01-09 11:49:57.557 I/System.out( 1775): Values: 0.0 0.0
01-09 11:49:58.568 I/System.out( 1775): Values: 0.0 0.0
01-09 11:49:59.558 I/System.out( 1775): Values: 0.0 0.0
01-09 11:50:00.559 I/System.out( 1775): Values: 0.0 0.0
01-09 11:50:01.570 I/System.out( 1775): Values: 0.0 0.0
01-09 11:50:02.571 I/System.out( 1775): Values: 0.0 0.0
01-09 11:50:03.572 I/System.out( 1775): Values: 0.0 0.0
01-09 11:50:04.563 I/System.out( 1775): Values: 0.0 0.0
01-09 11:50:04.613 D/dalvikvm( 1775): GC_CONCURRENT freed 383K, 5% free 9025K/9448K, paused 3ms+4ms, total 45ms
01-09 11:50:05.564 I/System.out( 1775): Values: 0.0 0.0
01-09 11:50:06.575 I/System.out( 1775): Values: 0.0 0.0
01-09 11:50:07.566 I/System.out( 1775): Values: 0.0 0.0
01-09 11:50:08.577 I/System.out( 1775): Values: 0.0 0.0
01-09 11:50:09.578 I/System.out( 1775): Values: 0.0 0.0
01-09 11:50:10.579 I/System.out( 1775): Values: 0.0 0.0
01-09 11:50:11.580 I/System.out( 1775): Values: 0.0 0.0
01-09 11:50:12.581 I/System.out( 1775): Values: 0.0 0.0
01-09 11:50:13.582 I/System.out( 1775): Values: 0.0 0.0
01-09 11:50:14.583 I/System.out( 1775): Values: 0.0 0.0
01-09 11:50:15.574 I/System.out( 1775): Values: 0.0 0.0
01-09 11:50:16.585 I/System.out( 1775): Values: 0.0 0.0
01-09 11:50:17.586 I/System.out( 1775): Values: 0.0 0.0
01-09 11:50:18.577 I/System.out( 1775): Values: 0.0 0.0
01-09 11:50:19.588 I/System.out( 1775): Values: 0.0 0.0
01-09 11:50:20.589 I/System.out( 1775): Values: 0.0 0.0
01-09 11:50:21.590 I/System.out( 1775): Values: 0.0 0.0
01-09 11:50:22.591 I/System.out( 1775): Values: 0.0 0.0
01-09 11:50:23.592 I/System.out( 1775): Values: 0.0 0.0
01-09 11:50:24.593 I/System.out( 1775): Values: 0.0 0.0
01-09 11:50:25.594 I/System.out( 1775): Values: 0.0 0.0
01-09 11:50:26.595 I/System.out( 1775): Values: 0.0 0.0
01-09 11:50:27.596 I/System.out( 1775): Values: 0.0 0.0
01-09 11:50:28.597 I/System.out( 1775): Values: 0.0 0.0
01-09 11:50:29.598 I/System.out( 1775): Values: 0.0 0.0
01-09 11:50:30.599 I/System.out( 1775): Values: 0.0 0.0
01-09 11:50:31.600 I/System.out( 1775): Values: 0.0 0.0
01-09 11:50:32.601 I/System.out( 1775): Values: 0.0 0.0
01-09 11:50:33.612 I/System.out( 1775): Values: 0.0 0.0
01-09 11:50:34.613 I/System.out( 1775): Values: 0.0 0.0
01-09 11:50:35.604 I/System.out( 1775): Values: 0.0 0.0
01-09 11:50:36.605 I/System.out( 1775): Values: 0.0 0.0
01-09 11:50:37.606 I/System.out( 1775): Values: 0.0 0.0
01-09 11:50:38.607 I/System.out( 1775): Values: 0.0 0.0
01-09 11:50:39.608 I/System.out( 1775): Values: 0.0 0.0
01-09 11:50:40.609 I/System.out( 1775): Values: 0.0 0.0
01-09 11:50:41.610 I/System.out( 1775): Values: 0.0 0.0
01-09 11:50:42.610 I/System.out( 1775): Values: 0.0 0.0
01-09 11:50:43.611 I/System.out( 1775): Values: 0.0 0.0
01-09 11:50:44.612 I/System.out( 1775): Values: 0.0 0.0
01-09 11:50:45.613 I/System.out( 1775): Values: 0.0 0.0
01-09 11:50:46.604 I/System.out( 1775): Values: 0.0 0.0
01-09 11:50:47.605 I/System.out( 1775): Values: 0.0 0.0
01-09 11:50:48.606 I/System.out( 1775): Values: 0.0 0.0
01-09 11:50:49.607 I/System.out( 1775): Values: 0.0 0.0
01-09 11:50:50.608 I/System.out( 1775): Values: 0.0 0.0
01-09 11:50:51.619 I/System.out( 1775): Values: 0.0 0.0
01-09 11:50:52.620 I/System.out( 1775): Values: 0.0 0.0
01-09 11:50:53.621 I/System.out( 1775): Values: 0.0 0.0
01-09 11:50:54.622 I/System.out( 1775): Values: 0.0 0.0
01-09 11:50:55.623 I/System.out( 1775): Values: 0.0 0.0
01-09 11:50:56.624 I/System.out( 1775): Values: 0.0 0.0
01-09 11:50:57.625 I/System.out( 1775): Values: 0.0 0.0
01-09 11:50:58.616 I/System.out( 1775): Values: 0.0 0.0
01-09 11:50:59.627 I/System.out( 1775): Values: 0.0 0.0
01-09 11:51:00.638 I/System.out( 1775): Values: 0.0 0.0
01-09 11:51:01.639 I/System.out( 1775): Values: 0.0 0.0
01-09 11:51:02.630 I/System.out( 1775): Values: 0.0 0.0
01-09 11:51:03.631 I/System.out( 1775): Values: 0.0 0.0
01-09 11:51:04.642 I/System.out( 1775): Values: 0.0 0.0
01-09 11:51:05.633 I/System.out( 1775): Values: 0.0 0.0
01-09 11:51:06.634 I/System.out( 1775): Values: 0.0 0.0
01-09 11:51:07.635 I/System.out( 1775): Values: 0.0 0.0
01-09 11:51:08.636 I/System.out( 1775): Values: 0.0 0.0
01-09 11:51:09.637 I/System.out( 1775): Values: 0.0 0.0
01-09 11:51:10.638 I/System.out( 1775): Values: 0.0 0.0
01-09 11:51:11.639 I/System.out( 1775): Values: 0.0 0.0
01-09 11:51:12.640 I/System.out( 1775): Values: 0.0 0.0
01-09 11:51:13.641 I/System.out( 1775): Values: 0.0 0.0
01-09 11:51:14.642 I/System.out( 1775): Values: 0.0 0.0
01-09 11:51:15.643 I/System.out( 1775): Values: 0.0 0.0
01-09 11:51:16.644 I/System.out( 1775): Values: 0.0 0.0
01-09 11:51:17.655 I/System.out( 1775): Values: 0.0 0.0
01-09 11:51:18.646 I/System.out( 1775): Values: 0.0 0.0
01-09 11:51:19.647 I/System.out( 1775): Values: 0.0 0.0
01-09 11:51:20.648 I/System.out( 1775): Values: 0.0 0.0
01-09 11:51:21.649 I/System.out( 1775): Values: 0.0 0.0
01-09 11:51:22.650 I/System.out( 1775): Values: 0.0 0.0
01-09 11:51:23.651 I/System.out( 1775): Values: 0.0 0.0
01-09 11:51:24.651 I/System.out( 1775): Values: 0.0 0.0
01-09 11:51:25.652 I/System.out( 1775): Values: 0.0 0.0
01-09 11:51:26.653 I/System.out( 1775): Values: 0.0 0.0
01-09 11:51:27.654 I/System.out( 1775): Values: 0.0 0.0
01-09 11:51:28.655 I/System.out( 1775): Values: 0.0 0.0
01-09 11:51:29.646 I/System.out( 1775): Values: 0.0 0.0
01-09 11:51:30.657 I/System.out( 1775): Values: 0.0 0.0
01-09 11:51:31.658 I/System.out( 1775): Values: 0.0 0.0
01-09 11:51:32.659 I/System.out( 1775): Values: 0.0 0.0
01-09 11:51:33.660 I/System.out( 1775): Values: 0.0 0.0
01-09 11:51:34.661 I/System.out( 1775): Values: 0.0 0.0
01-09 11:51:35.662 I/System.out( 1775): Values: 0.0 0.0
01-09 11:51:36.653 I/System.out( 1775): Values: 0.0 0.0
01-09 11:51:37.654 I/System.out( 1775): Values: 0.0 0.0
01-09 11:51:38.655 I/System.out( 1775): Values: 0.0 0.0
01-09 11:51:39.656 I/System.out( 1775): Values: 0.0 0.0
01-09 11:51:40.657 I/System.out( 1775): Values: 0.0 0.0
01-09 11:51:41.658 I/System.out( 1775): Values: 0.0 0.0
01-09 11:51:42.659 I/System.out( 1775): Values: 0.0 0.0
01-09 11:51:43.660 I/System.out( 1775): Values: 0.0 0.0
01-09 11:51:44.661 I/System.out( 1775): Values: 0.0 0.0
01-09 11:51:45.662 I/System.out( 1775): Values: 0.0 0.0
01-09 11:51:46.663 I/System.out( 1775): Values: 0.0 0.0
01-09 11:51:47.654 I/System.out( 1775): Values: 0.0 0.0
01-09 11:51:48.665 I/System.out( 1775): Values: 0.0 0.0
01-09 11:51:49.666 I/System.out( 1775): Values: 0.0 0.0
01-09 11:51:50.657 I/System.out( 1775): Values: 0.0 0.0
01-09 11:51:51.658 I/System.out( 1775): Values: 0.0 0.0
01-09 11:51:52.659 I/System.out( 1775): Values: 0.0 0.0
01-09 11:51:53.660 I/System.out( 1775): Values: 0.0 0.0
01-09 11:51:54.661 I/System.out( 1775): Values: 0.0 0.0
01-09 11:51:55.662 I/System.out( 1775): Values: 0.0 0.0
01-09 11:51:56.663 I/System.out( 1775): Values: 0.0 0.0
01-09 11:51:57.664 I/System.out( 1775): Values: 0.0 0.0
01-09 11:51:58.665 I/System.out( 1775): Values: 0.0 0.0
01-09 11:51:59.666 I/System.out( 1775): Values: 0.0 0.0
01-09 11:52:00.667 I/System.out( 1775): Values: 0.0 0.0
01-09 11:52:01.668 I/System.out( 1775): Values: 0.0 0.0
01-09 11:52:02.669 I/System.out( 1775): Values: 0.0 0.0
01-09 11:52:03.670 I/System.out( 1775): Values: 0.0 0.0
01-09 11:52:04.671 I/System.out( 1775): Values: 0.0 0.0
01-09 11:52:05.672 I/System.out( 1775): Values: 0.0 0.0
01-09 11:52:06.672 I/System.out( 1775): Values: 0.0 0.0
01-09 11:52:07.673 I/System.out( 1775): Values: 0.0 0.0
01-09 11:52:08.674 I/System.out( 1775): Values: 0.0 0.0
01-09 11:52:09.675 I/System.out( 1775): Values: 0.0 0.0
01-09 11:52:10.676 I/System.out( 1775): Values: 0.0 0.0
01-09 11:52:11.677 I/System.out( 1775): Values: 0.0 0.0
01-09 11:52:12.678 I/System.out( 1775): Values: 0.0 0.0
01-09 11:52:13.679 I/System.out( 1775): Values: 0.0 0.0
01-09 11:52:14.680 I/System.out( 1775): Values: 0.0 0.0
01-09 11:52:15.681 I/System.out( 1775): Values: 0.0 0.0
01-09 11:52:16.682 I/System.out( 1775): Values: 0.0 0.0
01-09 11:52:17.683 I/System.out( 1775): Values: 0.0 0.0
01-09 11:52:18.684 I/System.out( 1775): Values: 0.0 0.0
01-09 11:52:19.675 I/System.out( 1775): Values: 0.0 0.0
01-09 11:52:20.686 I/System.out( 1775): Values: 0.0 0.0
01-09 11:52:21.687 I/System.out( 1775): Values: 0.0 0.0
01-09 11:52:22.688 I/System.out( 1775): Values: 0.0 0.0
01-09 11:52:23.689 I/System.out( 1775): Values: 0.0 0.0
01-09 11:52:24.690 I/System.out( 1775): Values: 0.0 0.0
01-09 11:52:25.691 I/System.out( 1775): Values: 0.0 0.0
01-09 11:52:26.692 I/System.out( 1775): Values: 0.0 0.0
01-09 11:52:27.683 I/System.out( 1775): Values: 0.0 0.0
01-09 11:52:28.694 I/System.out( 1775): Values: 0.0 0.0
01-09 11:52:29.695 I/System.out( 1775): Values: 0.0 0.0
01-09 11:52:30.696 I/System.out( 1775): Values: 0.0 0.0
01-09 11:52:31.697 I/System.out( 1775): Values: 0.0 0.0
01-09 11:52:32.698 I/System.out( 1775): Values: 0.0 0.0
01-09 11:52:33.699 I/System.out( 1775): Values: 0.0 0.0
01-09 11:52:34.700 I/System.out( 1775): Values: 0.0 0.0
01-09 11:52:35.701 I/System.out( 1775): Values: 0.0 0.0
01-09 11:52:36.702 I/System.out( 1775): Values: 0.0 0.0
01-09 11:52:37.713 I/System.out( 1775): Values: 0.0 0.0
01-09 11:52:38.704 I/System.out( 1775): Values: 0.0 0.0
01-09 11:52:39.705 I/System.out( 1775): Values: 0.0 0.0
01-09 11:52:40.706 I/System.out( 1775): Values: 0.0 0.0
01-09 11:52:41.707 I/System.out( 1775): Values: 0.0 0.0
01-09 11:52:42.708 I/System.out( 1775): Values: 0.0 0.0
01-09 11:52:43.709 I/System.out( 1775): Values: 0.0 0.0
01-09 11:52:44.710 I/System.out( 1775): Values: 0.0 0.0
01-09 11:52:45.711 I/System.out( 1775): Values: 0.0 0.0
01-09 11:52:46.712 I/System.out( 1775): Values: 0.0 0.0
01-09 11:52:47.713 I/System.out( 1775): Values: 0.0 0.0
01-09 11:52:48.714 I/System.out( 1775): Values: 0.0 0.0
01-09 11:52:49.704 I/System.out( 1775): Values: 0.0 0.0
01-09 11:52:50.705 I/System.out( 1775): Values: 0.0 0.0
01-09 11:52:51.706 I/System.out( 1775): Values: 0.0 0.0
01-09 11:52:52.707 I/System.out( 1775): Values: 0.0 0.0
01-09 11:52:53.708 I/System.out( 1775): Values: 0.0 0.0
01-09 11:52:54.709 I/System.out( 1775): Values: 0.0 0.0
01-09 11:52:55.710 I/System.out( 1775): Values: 0.0 0.0
01-09 11:52:56.711 I/System.out( 1775): Values: 0.0 0.0
01-09 11:52:57.712 I/System.out( 1775): Values: 0.0 0.0
01-09 11:52:58.703 I/System.out( 1775): Values: 0.0 0.0
01-09 11:52:59.714 I/System.out( 1775): Values: 0.0 0.0
01-09 11:53:00.715 I/System.out( 1775): Values: 0.0 0.0
01-09 11:53:01.716 I/System.out( 1775): Values: 0.0 0.0
01-09 11:53:02.717 I/System.out( 1775): Values: 0.0 0.0
01-09 11:53:03.718 I/System.out( 1775): Values: 0.0 0.0
01-09 11:53:04.729 I/System.out( 1775): Values: 0.0 0.0
01-09 11:53:05.720 I/System.out( 1775): Values: 0.0 0.0
01-09 11:53:06.731 I/System.out( 1775): Values: 0.0 0.0
01-09 11:53:07.732 I/System.out( 1775): Values: 0.0 0.0
01-09 11:53:08.733 I/System.out( 1775): Values: 0.0 0.0
01-09 11:53:09.734 I/System.out( 1775): Values: 0.0 0.0
01-09 11:53:10.735 I/System.out( 1775): Values: 0.0 0.0
01-09 11:53:11.736 I/System.out( 1775): Values: 0.0 0.0
01-09 11:53:12.737 I/System.out( 1775): Values: 0.0 0.0
01-09 11:53:13.738 I/System.out( 1775): Values: 0.0 0.0
01-09 11:53:14.739 I/System.out( 1775): Values: 0.0 0.0
01-09 11:53:15.740 I/System.out( 1775): Values: 0.0 0.0
01-09 11:53:16.741 I/System.out( 1775): Values: 0.0 0.0
01-09 11:53:17.742 I/System.out( 1775): Values: 0.0 0.0
01-09 11:53:18.743 I/System.out( 1775): Values: 0.0 0.0
01-09 11:53:19.744 I/System.out( 1775): Values: 0.0 0.0
01-09 11:53:20.745 I/System.out( 1775): Values: 0.0 0.0
01-09 11:53:21.736 I/System.out( 1775): Values: 0.0 0.0
01-09 11:53:22.737 I/System.out( 1775): Values: 0.0 0.0
01-09 11:53:23.738 I/System.out( 1775): Values: 0.0 0.0
01-09 11:53:24.749 I/System.out( 1775): Values: 0.0 0.0
01-09 11:53:25.750 I/System.out( 1775): Values: 0.0 0.0
01-09 11:53:26.751 I/System.out( 1775): Values: 0.0 0.0
01-09 11:53:27.752 I/System.out( 1775): Values: 0.0 0.0
01-09 11:53:28.753 I/System.out( 1775): Values: 0.0 0.0
01-09 11:53:29.754 I/System.out( 1775): Values: 0.0 0.0
01-09 11:53:30.755 I/System.out( 1775): Values: 0.0 0.0
01-09 11:53:31.756 I/System.out( 1775): Values: 0.0 0.0
01-09 11:53:31.796 D/dalvikvm( 1775): GC_CONCURRENT freed 388K, 5% free 9025K/9452K, paused 4ms+3ms, total 41ms
01-09 11:53:32.756 I/System.out( 1775): Values: 0.0 0.0
01-09 11:53:33.757 I/System.out( 1775): Values: 0.0 0.0
01-09 11:53:34.758 I/System.out( 1775): Values: 0.0 0.0
01-09 11:53:35.759 I/System.out( 1775): Values: 0.0 0.0
01-09 11:53:36.760 I/System.out( 1775): Values: 0.0 0.0
01-09 11:53:37.761 I/System.out( 1775): Values: 0.0 0.0
01-09 11:53:38.762 I/System.out( 1775): Values: 0.0 0.0
01-09 11:53:39.763 I/System.out( 1775): Values: 0.0 0.0
01-09 11:53:40.764 I/System.out( 1775): Values: 0.0 0.0
01-09 11:53:41.765 I/System.out( 1775): Values: 0.0 0.0
01-09 11:53:42.766 I/System.out( 1775): Values: 0.0 0.0
01-09 11:53:43.767 I/System.out( 1775): Values: 0.0 0.0
01-09 11:53:44.768 I/System.out( 1775): Values: 0.0 0.0
01-09 11:53:45.769 I/System.out( 1775): Values: 0.0 0.0
01-09 11:53:46.770 I/System.out( 1775): Values: 0.0 0.0
01-09 11:53:47.771 I/System.out( 1775): Values: 0.0 0.0
01-09 11:53:48.772 I/System.out( 1775): Values: 0.0 0.0
01-09 11:53:49.763 I/System.out( 1775): Values: 0.0 0.0
01-09 11:53:50.764 I/System.out( 1775): Values: 0.0 0.0
01-09 11:53:51.765 I/System.out( 1775): Values: 0.0 0.0
01-09 11:53:52.766 I/System.out( 1775): Values: 0.0 0.0
01-09 11:53:53.767 I/System.out( 1775): Values: 0.0 0.0
01-09 11:53:54.768 I/System.out( 1775): Values: 0.0 0.0
01-09 11:53:55.769 I/System.out( 1775): Values: 0.0 0.0
01-09 11:53:56.770 I/System.out( 1775): Values: 0.0 0.0
01-09 11:53:57.771 I/System.out( 1775): Values: 0.0 0.0
01-09 11:53:58.772 I/System.out( 1775): Values: 0.0 0.0
01-09 11:53:59.783 I/System.out( 1775): Values: 0.0 0.0
01-09 11:54:00.774 I/System.out( 1775): Values: 0.0 0.0
01-09 11:54:01.785 I/System.out( 1775): Values: 0.0 0.0
01-09 11:54:02.776 I/System.out( 1775): Values: 0.0 0.0
01-09 11:54:03.777 I/System.out( 1775): Values: 0.0 0.0
01-09 11:54:04.778 I/System.out( 1775): Values: 0.0 0.0
01-09 11:54:05.789 I/System.out( 1775): Values: 0.0 0.0
01-09 11:54:06.780 I/System.out( 1775): Values: 0.0 0.0
01-09 11:54:07.781 I/System.out( 1775): Values: 0.0 0.0
01-09 11:54:08.782 I/System.out( 1775): Values: 0.0 0.0
01-09 11:54:09.793 I/System.out( 1775): Values: 0.0 0.0
01-09 11:54:10.794 I/System.out( 1775): Values: 0.0 0.0
01-09 11:54:11.795 I/System.out( 1775): Values: 0.0 0.0
01-09 11:54:12.786 I/System.out( 1775): Values: 0.0 0.0
01-09 11:54:13.797 I/System.out( 1775): Values: 0.0 0.0
01-09 11:54:14.797 I/System.out( 1775): Values: 0.0 0.0
01-09 11:54:15.788 I/System.out( 1775): Values: 0.0 0.0
01-09 11:54:16.789 I/System.out( 1775): Values: 0.0 0.0
01-09 11:54:17.790 I/System.out( 1775): Values: 0.0 0.0
01-09 11:54:18.801 I/System.out( 1775): Values: 0.0 0.0
01-09 11:54:19.802 I/System.out( 1775): Values: 0.0 0.0
01-09 11:54:20.803 I/System.out( 1775): Values: 0.0 0.0
01-09 11:54:21.804 I/System.out( 1775): Values: 0.0 0.0
01-09 11:54:22.805 I/System.out( 1775): Values: 0.0 0.0
01-09 11:54:23.806 I/System.out( 1775): Values: 0.0 0.0
01-09 11:54:24.807 I/System.out( 1775): Values: 0.0 0.0
01-09 11:54:25.798 I/System.out( 1775): Values: 0.0 0.0
01-09 11:54:26.809 I/System.out( 1775): Values: 0.0 0.0
01-09 11:54:27.810 I/System.out( 1775): Values: 0.0 0.0
01-09 11:54:28.811 I/System.out( 1775): Values: 0.0 0.0
01-09 11:54:29.812 I/System.out( 1775): Values: 0.0 0.0
01-09 11:54:30.813 I/System.out( 1775): Values: 0.0 0.0
01-09 11:54:31.814 I/System.out( 1775): Values: 0.0 0.0
01-09 11:54:32.815 I/System.out( 1775): Values: 0.0 0.0
01-09 11:54:33.816 I/System.out( 1775): Values: 0.0 0.0
01-09 11:54:34.817 I/System.out( 1775): Values: 0.0 0.0
01-09 11:54:35.818 I/System.out( 1775): Values: 0.0 0.0
01-09 11:54:36.819 I/System.out( 1775): Values: 0.0 0.0
01-09 11:54:37.820 I/System.out( 1775): Values: 0.0 0.0
01-09 11:54:38.821 I/System.out( 1775): Values: 0.0 0.0
01-09 11:54:39.822 I/System.out( 1775): Values: 0.0 0.0
01-09 11:54:40.823 I/System.out( 1775): Values: 0.0 0.0
01-09 11:54:41.824 I/System.out( 1775): Values: 0.0 0.0
01-09 11:54:42.825 I/System.out( 1775): Values: 0.0 0.0
01-09 11:54:43.826 I/System.out( 1775): Values: 0.0 0.0
01-09 11:54:44.827 I/System.out( 1775): Values: 0.0 0.0
01-09 11:54:45.828 I/System.out( 1775): Values: 0.0 0.0
01-09 11:54:46.829 I/System.out( 1775): Values: 0.0 0.0
01-09 11:54:47.830 I/System.out( 1775): Values: 0.0 0.0
01-09 11:54:48.831 I/System.out( 1775): Values: 0.0 0.0
01-09 11:54:49.832 I/System.out( 1775): Values: 0.0 0.0
01-09 11:54:50.833 I/System.out( 1775): Values: 0.0 0.0
01-09 11:54:51.834 I/System.out( 1775): Values: 0.0 0.0
01-09 11:54:52.835 I/System.out( 1775): Values: 0.0 0.0
01-09 11:54:53.836 I/System.out( 1775): Values: 0.0 0.0
01-09 11:54:54.837 I/System.out( 1775): Values: 0.0 0.0
01-09 11:54:55.828 I/System.out( 1775): Values: 0.0 0.0
01-09 11:54:56.839 I/System.out( 1775): Values: 0.0 0.0
01-09 11:54:57.829 I/System.out( 1775): Values: 0.0 0.0
01-09 11:54:58.830 I/System.out( 1775): Values: 0.0 0.0
01-09 11:54:59.831 I/System.out( 1775): Values: 0.0 0.0
01-09 11:55:00.842 I/System.out( 1775): Values: 0.0 0.0
01-09 11:55:01.833 I/System.out( 1775): Values: 0.0 0.0
01-09 11:55:02.834 I/System.out( 1775): Values: 0.0 0.0
01-09 11:55:03.835 I/System.out( 1775): Values: 0.0 0.0
01-09 11:55:04.836 I/System.out( 1775): Values: 0.0 0.0
01-09 11:55:05.837 I/System.out( 1775): Values: 0.0 0.0
01-09 11:55:06.838 I/System.out( 1775): Values: 0.0 0.0
01-09 11:55:07.839 I/System.out( 1775): Values: 0.0 0.0
01-09 11:55:08.840 I/System.out( 1775): Values: 0.0 0.0
01-09 11:55:09.841 I/System.out( 1775): Values: 0.0 0.0
01-09 11:55:10.842 I/System.out( 1775): Values: 0.0 0.0
01-09 11:55:11.843 I/System.out( 1775): Values: 0.0 0.0
01-09 11:55:12.834 I/System.out( 1775): Values: 0.0 0.0
01-09 11:55:13.845 I/System.out( 1775): Values: 0.0 0.0
01-09 11:55:14.846 I/System.out( 1775): Values: 0.0 0.0
01-09 11:55:15.847 I/System.out( 1775): Values: 0.0 0.0
01-09 11:55:16.848 I/System.out( 1775): Values: 0.0 0.0
01-09 11:55:17.849 I/System.out( 1775): Values: 0.0 0.0
01-09 11:55:18.770 I/EventLogService(  781): Aggregate from 1389266718692 (log), 1389266718692 (data)
01-09 11:55:18.820 I/ServiceDumpSys(  781): dumping service [account]
01-09 11:55:18.850 I/System.out( 1775): Values: 0.0 0.0
01-09 11:55:19.851 I/System.out( 1775): Values: 0.0 0.0
01-09 11:55:20.852 I/System.out( 1775): Values: 0.0 0.0
01-09 11:55:21.853 I/System.out( 1775): Values: 0.0 0.0
01-09 11:55:22.854 I/System.out( 1775): Values: 0.0 0.0
01-09 11:55:23.855 I/System.out( 1775): Values: 0.0 0.0
01-09 11:55:24.866 I/System.out( 1775): Values: 0.0 0.0
01-09 11:55:25.867 I/System.out( 1775): Values: 0.0 0.0
01-09 11:55:26.868 I/System.out( 1775): Values: 0.0 0.0
01-09 11:55:27.869 I/System.out( 1775): Values: 0.0 0.0
01-09 11:55:28.870 I/System.out( 1775): Values: 0.0 0.0
01-09 11:55:29.871 I/System.out( 1775): Values: 0.0 0.0
01-09 11:55:30.872 I/System.out( 1775): Values: 0.0 0.0
01-09 11:55:31.873 I/System.out( 1775): Values: 0.0 0.0
01-09 11:55:32.874 I/System.out( 1775): Values: 0.0 0.0
01-09 11:55:33.875 I/System.out( 1775): Values: 0.0 0.0
01-09 11:55:34.876 I/System.out( 1775): Values: 0.0 0.0
01-09 11:55:35.877 I/System.out( 1775): Values: 0.0 0.0
01-09 11:55:36.878 I/System.out( 1775): Values: 0.0 0.0
01-09 11:55:37.879 I/System.out( 1775): Values: 0.0 0.0
01-09 11:55:38.870 I/System.out( 1775): Values: 0.0 0.0
01-09 11:55:39.870 I/System.out( 1775): Values: 0.0 0.0
01-09 11:55:40.871 I/System.out( 1775): Values: 0.0 0.0
01-09 11:55:41.882 I/System.out( 1775): Values: 0.0 0.0
01-09 11:55:42.883 I/System.out( 1775): Values: 0.0 0.0
01-09 11:55:43.874 I/System.out( 1775): Values: 0.0 0.0
01-09 11:55:44.885 I/System.out( 1775): Values: 0.0 0.0
01-09 11:55:45.876 I/System.out( 1775): Values: 0.0 0.0
01-09 11:55:46.877 I/System.out( 1775): Values: 0.0 0.0
01-09 11:55:47.878 I/System.out( 1775): Values: 0.0 0.0
01-09 11:55:48.879 I/System.out( 1775): Values: 0.0 0.0
01-09 11:55:49.880 I/System.out( 1775): Values: 0.0 0.0
01-09 11:55:50.881 I/System.out( 1775): Values: 0.0 0.0
01-09 11:55:51.882 I/System.out( 1775): Values: 0.0 0.0
01-09 11:55:52.883 I/System.out( 1775): Values: 0.0 0.0
01-09 11:55:53.874 I/System.out( 1775): Values: 0.0 0.0
01-09 11:55:54.875 I/System.out( 1775): Values: 0.0 0.0
01-09 11:55:55.876 I/System.out( 1775): Values: 0.0 0.0
01-09 11:55:56.877 I/System.out( 1775): Values: 0.0 0.0
01-09 11:55:57.878 I/System.out( 1775): Values: 0.0 0.0
01-09 11:55:58.889 I/System.out( 1775): Values: 0.0 0.0
01-09 11:55:59.880 I/System.out( 1775): Values: 0.0 0.0
01-09 11:56:00.891 I/System.out( 1775): Values: 0.0 0.0
01-09 11:56:01.892 I/System.out( 1775): Values: 0.0 0.0
01-09 11:56:02.893 I/System.out( 1775): Values: 0.0 0.0
01-09 11:56:03.894 I/System.out( 1775): Values: 0.0 0.0
01-09 11:56:04.895 I/System.out( 1775): Values: 0.0 0.0
01-09 11:56:05.886 I/System.out( 1775): Values: 0.0 0.0
01-09 11:56:06.897 I/System.out( 1775): Values: 0.0 0.0
01-09 11:56:07.898 I/System.out( 1775): Values: 0.0 0.0
01-09 11:56:08.899 I/System.out( 1775): Values: 0.0 0.0
01-09 11:56:09.900 I/System.out( 1775): Values: 0.0 0.0
01-09 11:56:10.901 I/System.out( 1775): Values: 0.0 0.0
01-09 11:56:11.902 I/System.out( 1775): Values: 0.0 0.0
01-09 11:56:12.903 I/System.out( 1775): Values: 0.0 0.0
01-09 11:56:13.904 I/System.out( 1775): Values: 0.0 0.0
01-09 11:56:14.905 I/System.out( 1775): Values: 0.0 0.0
01-09 11:56:15.906 I/System.out( 1775): Values: 0.0 0.0
01-09 11:56:16.907 I/System.out( 1775): Values: 0.0 0.0
01-09 11:56:17.898 I/System.out( 1775): Values: 0.0 0.0
01-09 11:56:18.909 I/System.out( 1775): Values: 0.0 0.0
01-09 11:56:19.910 I/System.out( 1775): Values: 0.0 0.0
01-09 11:56:20.911 I/System.out( 1775): Values: 0.0 0.0
01-09 11:56:21.912 I/System.out( 1775): Values: 0.0 0.0
01-09 11:56:22.912 I/System.out( 1775): Values: 0.0 0.0
01-09 11:56:23.913 I/System.out( 1775): Values: 0.0 0.0
01-09 11:56:24.914 I/System.out( 1775): Values: 0.0 0.0
01-09 11:56:25.905 I/System.out( 1775): Values: 0.0 0.0
01-09 11:56:26.916 I/System.out( 1775): Values: 0.0 0.0
01-09 11:56:27.917 I/System.out( 1775): Values: 0.0 0.0
01-09 11:56:28.918 I/System.out( 1775): Values: 0.0 0.0
01-09 11:56:29.919 I/System.out( 1775): Values: 0.0 0.0
01-09 11:56:30.920 I/System.out( 1775): Values: 0.0 0.0
01-09 11:56:31.921 I/System.out( 1775): Values: 0.0 0.0
01-09 11:56:32.922 I/System.out( 1775): Values: 0.0 0.0
01-09 11:56:33.923 I/System.out( 1775): Values: 0.0 0.0
01-09 11:56:34.924 I/System.out( 1775): Values: 0.0 0.0
01-09 11:56:35.915 I/System.out( 1775): Values: 0.0 0.0
01-09 11:56:36.926 I/System.out( 1775): Values: 0.0 0.0
01-09 11:56:37.927 I/System.out( 1775): Values: 0.0 0.0
01-09 11:56:38.928 I/System.out( 1775): Values: 0.0 0.0
01-09 11:56:39.929 I/System.out( 1775): Values: 0.0 0.0
01-09 11:56:40.930 I/System.out( 1775): Values: 0.0 0.0
01-09 11:56:41.931 I/System.out( 1775): Values: 0.0 0.0
01-09 11:56:42.932 I/System.out( 1775): Values: 0.0 0.0
01-09 11:56:43.933 I/System.out( 1775): Values: 0.0 0.0
01-09 11:56:44.934 I/System.out( 1775): Values: 0.0 0.0
01-09 11:56:45.935 I/System.out( 1775): Values: 0.0 0.0
01-09 11:56:46.936 I/System.out( 1775): Values: 0.0 0.0
01-09 11:56:47.937 I/System.out( 1775): Values: 0.0 0.0
01-09 11:56:48.938 I/System.out( 1775): Values: 0.0 0.0
01-09 11:56:49.939 I/System.out( 1775): Values: 0.0 0.0
01-09 11:56:50.940 I/System.out( 1775): Values: 0.0 0.0
01-09 11:56:51.941 I/System.out( 1775): Values: 0.0 0.0
01-09 11:56:52.942 I/System.out( 1775): Values: 0.0 0.0
01-09 11:56:53.933 I/System.out( 1775): Values: 0.0 0.0
01-09 11:56:54.934 I/System.out( 1775): Values: 0.0 0.0
01-09 11:56:55.935 I/System.out( 1775): Values: 0.0 0.0
01-09 11:56:56.946 I/System.out( 1775): Values: 0.0 0.0
01-09 11:56:57.947 I/System.out( 1775): Values: 0.0 0.0
01-09 11:56:58.948 I/System.out( 1775): Values: 0.0 0.0
01-09 11:56:58.998 D/dalvikvm( 1775): GC_CONCURRENT freed 388K, 5% free 9025K/9452K, paused 4ms+3ms, total 48ms
01-09 11:56:59.949 I/System.out( 1775): Values: 0.0 0.0
01-09 11:57:00.950 I/System.out( 1775): Values: 0.0 0.0
01-09 11:57:01.951 I/System.out( 1775): Values: 0.0 0.0
01-09 11:57:02.952 I/System.out( 1775): Values: 0.0 0.0
01-09 11:57:03.953 I/System.out( 1775): Values: 0.0 0.0
01-09 11:57:04.943 I/System.out( 1775): Values: 0.0 0.0
01-09 11:57:05.954 I/System.out( 1775): Values: 0.0 0.0
01-09 11:57:06.955 I/System.out( 1775): Values: 0.0 0.0
01-09 11:57:07.956 I/System.out( 1775): Values: 0.0 0.0
01-09 11:57:08.957 I/System.out( 1775): Values: 0.0 0.0
01-09 11:57:09.958 I/System.out( 1775): Values: 0.0 0.0
01-09 11:57:10.959 I/System.out( 1775): Values: 0.0 0.0
01-09 11:57:11.960 I/System.out( 1775): Values: 0.0 0.0
01-09 11:57:12.961 I/System.out( 1775): Values: 0.0 0.0
01-09 11:57:13.962 I/System.out( 1775): Values: 0.0 0.0
01-09 11:57:14.963 I/System.out( 1775): Values: 0.0 0.0
01-09 11:57:15.964 I/System.out( 1775): Values: 0.0 0.0
01-09 11:57:16.965 I/System.out( 1775): Values: 0.0 0.0
01-09 11:57:17.966 I/System.out( 1775): Values: 0.0 0.0
01-09 11:57:18.967 I/System.out( 1775): Values: 0.0 0.0
01-09 11:57:19.968 I/System.out( 1775): Values: 0.0 0.0
01-09 11:57:20.969 I/System.out( 1775): Values: 0.0 0.0
01-09 11:57:21.970 I/System.out( 1775): Values: 0.0 0.0
01-09 11:57:22.971 I/System.out( 1775): Values: 0.0 0.0
01-09 11:57:23.972 I/System.out( 1775): Values: 0.0 0.0
01-09 11:57:24.973 I/System.out( 1775): Values: 0.0 0.0
01-09 11:57:25.974 I/System.out( 1775): Values: 0.0 0.0
01-09 11:57:26.975 I/System.out( 1775): Values: 0.0 0.0
01-09 11:57:27.976 I/System.out( 1775): Values: 0.0 0.0
01-09 11:57:28.977 I/System.out( 1775): Values: 0.0 0.0
01-09 11:57:29.978 I/System.out( 1775): Values: 0.0 0.0
01-09 11:57:30.979 I/System.out( 1775): Values: 0.0 0.0
01-09 11:57:31.990 I/System.out( 1775): Values: 0.0 0.0
01-09 11:57:32.981 I/System.out( 1775): Values: 0.0 0.0
01-09 11:57:33.992 I/System.out( 1775): Values: 0.0 0.0
01-09 11:57:34.993 I/System.out( 1775): Values: 0.0 0.0
01-09 11:57:35.984 I/System.out( 1775): Values: 0.0 0.0
01-09 11:57:36.995 I/System.out( 1775): Values: 0.0 0.0
01-09 11:57:37.986 I/System.out( 1775): Values: 0.0 0.0
01-09 11:57:38.997 I/System.out( 1775): Values: 0.0 0.0
01-09 11:57:39.998 I/System.out( 1775): Values: 0.0 0.0
01-09 11:57:40.999 I/System.out( 1775): Values: 0.0 0.0
01-09 11:57:42.000 I/System.out( 1775): Values: 0.0 0.0
01-09 11:57:43.001 I/System.out( 1775): Values: 0.0 0.0
01-09 11:57:44.002 I/System.out( 1775): Values: 0.0 0.0
01-09 11:57:44.002 I/System.out( 1775): Battery level end is reached
01-09 11:57:44.002 I/System.out( 1775): Time difference in secs is: 541
01-09 11:57:45.003 I/System.out( 1775): Values: 0.0 0.0
01-09 11:57:45.003 I/System.out( 1775): Time difference in secs is: 541
01-09 11:57:46.004 I/System.out( 1775): Values: 0.0 0.0
01-09 11:57:46.004 I/System.out( 1775): Time difference in secs is: 541
01-09 11:57:46.995 I/System.out( 1775): Values: 0.0 0.0
01-09 11:57:47.005 I/System.out( 1775): Time difference in secs is: 541
01-09 11:57:47.995 I/System.out( 1775): Values: 0.0 0.0
01-09 11:57:48.006 I/System.out( 1775): Time difference in secs is: 541
01-09 11:57:48.996 I/System.out( 1775): Values: 0.0 0.0
01-09 11:57:49.006 I/System.out( 1775): Time difference in secs is: 541
01-09 11:57:50.007 I/System.out( 1775): Values: 0.0 0.0
01-09 11:57:50.007 I/System.out( 1775): Time difference in secs is: 541
01-09 11:57:51.008 I/System.out( 1775): Values: 0.0 0.0
01-09 11:57:51.008 I/System.out( 1775): Time difference in secs is: 541
01-09 11:57:52.009 I/System.out( 1775): Values: 0.0 0.0
01-09 11:57:52.009 I/System.out( 1775): Time difference in secs is: 541
01-09 11:57:53.010 I/System.out( 1775): Values: 0.0 0.0
01-09 11:57:53.010 I/System.out( 1775): Time difference in secs is: 541
01-09 11:57:54.011 I/System.out( 1775): Values: 0.0 0.0
01-09 11:57:54.011 I/System.out( 1775): Time difference in secs is: 541
01-09 11:57:55.012 I/System.out( 1775): Values: 0.0 0.0
01-09 11:57:55.012 I/System.out( 1775): Time difference in secs is: 541
01-09 11:57:56.013 I/System.out( 1775): Values: 0.0 0.0
01-09 11:57:56.013 I/System.out( 1775): Time difference in secs is: 541
01-09 11:57:57.004 I/System.out( 1775): Values: 0.0 0.0
01-09 11:57:57.004 I/System.out( 1775): Time difference in secs is: 541
01-09 11:57:58.005 I/System.out( 1775): Values: 0.0 0.0
01-09 11:57:58.005 I/System.out( 1775): Time difference in secs is: 541
01-09 11:57:59.006 I/System.out( 1775): Values: 0.0 0.0
01-09 11:57:59.006 I/System.out( 1775): Time difference in secs is: 541
01-09 11:58:00.007 I/System.out( 1775): Values: 0.0 0.0
01-09 11:58:00.007 I/System.out( 1775): Time difference in secs is: 541
01-09 11:58:01.008 I/System.out( 1775): Values: 0.0 0.0
01-09 11:58:01.018 I/System.out( 1775): Time difference in secs is: 541
01-09 11:58:01.108 D/dalvikvm(  512): GC_CONCURRENT freed 1632K, 11% free 15610K/17440K, paused 28ms+4ms, total 100ms
01-09 11:58:02.009 I/System.out( 1775): Values: 0.0 0.0
01-09 11:58:02.009 I/System.out( 1775): Time difference in secs is: 541
01-09 11:58:03.010 I/System.out( 1775): Values: 0.0 0.0
01-09 11:58:03.010 I/System.out( 1775): Time difference in secs is: 541
01-09 11:58:04.011 I/System.out( 1775): Values: 0.0 0.0
01-09 11:58:04.011 I/System.out( 1775): Time difference in secs is: 541
01-09 11:58:05.012 I/System.out( 1775): Values: 0.0 0.0
01-09 11:58:05.012 I/System.out( 1775): Time difference in secs is: 541
01-09 11:58:06.013 I/System.out( 1775): Values: 0.0 0.0
01-09 11:58:06.013 I/System.out( 1775): Time difference in secs is: 541
01-09 11:58:07.024 I/System.out( 1775): Values: 0.0 0.0
01-09 11:58:07.024 I/System.out( 1775): Time difference in secs is: 541
01-09 11:58:08.025 I/System.out( 1775): Values: 0.0 0.0
01-09 11:58:08.025 I/System.out( 1775): Time difference in secs is: 541
01-09 11:58:09.016 I/System.out( 1775): Values: 0.0 0.0
01-09 11:58:09.016 I/System.out( 1775): Time difference in secs is: 541
01-09 11:58:10.017 I/System.out( 1775): Values: 0.0 0.0
01-09 11:58:10.017 I/System.out( 1775): Time difference in secs is: 541
01-09 11:58:11.018 I/System.out( 1775): Values: 0.0 0.0
01-09 11:58:11.018 I/System.out( 1775): Time difference in secs is: 541
01-09 11:58:12.019 I/System.out( 1775): Values: 0.0 0.0
01-09 11:58:12.019 I/System.out( 1775): Time difference in secs is: 541
01-09 11:58:13.020 I/System.out( 1775): Values: 0.0 0.0
01-09 11:58:13.030 I/System.out( 1775): Time difference in secs is: 541
01-09 11:58:14.021 I/System.out( 1775): Values: 0.0 0.0
01-09 11:58:14.031 I/System.out( 1775): Time difference in secs is: 541
01-09 11:58:15.022 I/System.out( 1775): Values: 0.0 0.0
01-09 11:58:15.032 I/System.out( 1775): Time difference in secs is: 541
01-09 11:58:16.023 I/System.out( 1775): Values: 0.0 0.0
01-09 11:58:16.033 I/System.out( 1775): Time difference in secs is: 541
01-09 11:58:17.024 I/System.out( 1775): Values: 0.0 0.0
01-09 11:58:17.024 I/System.out( 1775): Time difference in secs is: 541
01-09 11:58:18.025 I/System.out( 1775): Values: 0.0 0.0
01-09 11:58:18.025 I/System.out( 1775): Time difference in secs is: 541
01-09 11:58:19.026 I/System.out( 1775): Values: 0.0 0.0
01-09 11:58:19.026 I/System.out( 1775): Time difference in secs is: 541
01-09 11:58:20.027 I/System.out( 1775): Values: 0.0 0.0
01-09 11:58:20.027 I/System.out( 1775): Time difference in secs is: 541
01-09 11:58:21.028 I/System.out( 1775): Values: 0.0 0.0
01-09 11:58:21.028 I/System.out( 1775): Time difference in secs is: 541
01-09 11:58:22.029 I/System.out( 1775): Values: 0.0 0.0
01-09 11:58:22.029 I/System.out( 1775): Time difference in secs is: 541
01-09 11:58:23.030 I/System.out( 1775): Values: 0.0 0.0
01-09 11:58:23.030 I/System.out( 1775): Time difference in secs is: 541
01-09 11:58:24.031 I/System.out( 1775): Values: 0.0 0.0
01-09 11:58:24.031 I/System.out( 1775): Time difference in secs is: 541
01-09 11:58:25.032 I/System.out( 1775): Values: 0.0 0.0
01-09 11:58:25.032 I/System.out( 1775): Time difference in secs is: 541
01-09 11:58:26.033 I/System.out( 1775): Values: 0.0 0.0
01-09 11:58:26.033 I/System.out( 1775): Time difference in secs is: 541
01-09 11:58:27.034 I/System.out( 1775): Values: 0.0 0.0
01-09 11:58:27.034 I/System.out( 1775): Time difference in secs is: 541
01-09 11:58:28.035 I/System.out( 1775): Values: 0.0 0.0
01-09 11:58:28.035 I/System.out( 1775): Time difference in secs is: 541
01-09 11:58:29.026 I/System.out( 1775): Values: 0.0 0.0
01-09 11:58:29.036 I/System.out( 1775): Time difference in secs is: 541
01-09 11:58:30.037 I/System.out( 1775): Values: 0.0 0.0
01-09 11:58:30.037 I/System.out( 1775): Time difference in secs is: 541
01-09 11:58:31.037 I/System.out( 1775): Values: 0.0 0.0
01-09 11:58:31.037 I/System.out( 1775): Time difference in secs is: 541
01-09 11:58:32.038 I/System.out( 1775): Values: 0.0 0.0
01-09 11:58:32.038 I/System.out( 1775): Time difference in secs is: 541
01-09 11:58:33.039 I/System.out( 1775): Values: 0.0 0.0
01-09 11:58:33.039 I/System.out( 1775): Time difference in secs is: 541
01-09 11:58:34.040 I/System.out( 1775): Values: 0.0 0.0
01-09 11:58:34.040 I/System.out( 1775): Time difference in secs is: 541
01-09 11:58:35.041 I/System.out( 1775): Values: 0.0 0.0
01-09 11:58:35.041 I/System.out( 1775): Time difference in secs is: 541
01-09 11:58:36.042 I/System.out( 1775): Values: 0.0 0.0
01-09 11:58:36.042 I/System.out( 1775): Time difference in secs is: 541
01-09 11:58:37.043 I/System.out( 1775): Values: 0.0 0.0
01-09 11:58:37.043 I/System.out( 1775): Time difference in secs is: 541
01-09 11:58:38.044 I/System.out( 1775): Values: 0.0 0.0
01-09 11:58:38.044 I/System.out( 1775): Time difference in secs is: 541
01-09 11:58:39.045 I/System.out( 1775): Values: 0.0 0.0
01-09 11:58:39.045 I/System.out( 1775): Time difference in secs is: 541
01-09 11:58:39.966 W/PowerUI (  585): unknown intent: Intent { act=android.intent.action.ACTION_POWER_CONNECTED flg=0x8000010 }
01-09 11:58:39.966 I/EntropyMixer(  512): Writing entropy...
01-09 11:58:39.976 I/ActivityManager(  512): Start proc com.android.chrome for broadcast com.android.chrome/org.chromium.base.PowerStatusReceiver: pid=2138 uid=10009 gids={50009, 1006, 3003, 1015, 1028}
01-09 11:58:40.036 I/System.out( 1775): Values: 0.0 0.0
01-09 11:58:40.046 I/ActivityManager(  512): Start proc com.google.android.gallery3d for broadcast com.google.android.gallery3d/com.google.android.picasasync.BatteryReceiver: pid=2151 uid=10019 gids={50019, 1006, 3003, 1015, 1028}
01-09 11:58:40.046 I/System.out( 1775): Time difference in secs is: 541
01-09 11:58:40.046 I/ActivityManager(  512): No longer want android.process.media (pid 1556): empty for 3667s
01-09 11:58:40.106 I/ActivityManager(  512): Start proc android.process.media for content provider com.android.providers.media/.MediaProvider: pid=2180 uid=10015 gids={50015, 1015, 1023, 1024, 1028, 2001, 3003, 3007}
01-09 11:58:40.116 D/dalvikvm( 2151): GC_CONCURRENT freed 333K, 4% free 9008K/9380K, paused 1ms+2ms, total 17ms
01-09 11:58:40.156 I/ActivityManager(  512): Start proc com.google.android.apps.uploader for broadcast com.google.android.apps.uploader/com.google.android.picasasync.BatteryReceiver: pid=2198 uid=10040 gids={50040, 3003, 1015, 1028}
01-09 11:58:40.156 D/UploadsManager( 2151):    wifiOnlyPhoto changed to true
01-09 11:58:40.156 D/UploadsManager( 2151):    wifiOnlyVideo changed to true
01-09 11:58:40.156 D/UploadsManager( 2151):    syncOnBattery changed to true
01-09 11:58:40.156 I/ActivityManager(  512): No longer want com.google.android.music:main (pid 1990): empty for 3667s
01-09 11:58:40.166 D/PicasaSync( 2151): sync account database
01-09 11:58:40.166 W/ActivityManager(  512): Scheduling restart of crashed service com.google.android.music/.playback.MusicPlaybackService in 5000ms
01-09 11:58:40.186 D/PicasaSync( 2151): accounts in DB=0
01-09 11:58:40.186 D/PicasaSyncManager( 2151): background data: true
01-09 11:58:40.196 D/PicasaSyncManager( 2151): battery info: true
01-09 11:58:40.216 I/ActivityManager(  512): Start proc com.google.android.apps.plus for broadcast com.google.android.apps.plus/.iu.InstantUploadEnvironment$BatteryReceiver: pid=2219 uid=10050 gids={50050, 3003, 3002, 1015, 1006, 1028}
01-09 11:58:40.216 I/ActivityManager(  512): No longer want com.android.vending (pid 1633): empty for 3660s
01-09 11:58:40.226 D/PicasaUploader( 2198):    wifiOnlyPhoto changed to true
01-09 11:58:40.226 D/PicasaUploader( 2198):    wifiOnlyVideo changed to true
01-09 11:58:40.226 D/PicasaUploader( 2198):    syncOnBattery changed to true
01-09 11:58:40.226 D/PicasaUploaderSync( 2198): sync account database
01-09 11:58:40.226 D/dalvikvm(  178): GC_EXPLICIT freed 40K, 1% free 8863K/8940K, paused 1ms+2ms, total 19ms
01-09 11:58:40.226 W/ActivityManager(  512): Scheduling restart of crashed service com.android.vending/com.google.android.finsky.services.DailyHygiene in 14945ms
01-09 11:58:40.236 D/PicasaUploaderSync( 2198): accounts in DB=0
01-09 11:58:40.236 D/PicasaUploaderSyncManager( 2198): background data: true
01-09 11:58:40.236 D/dalvikvm(  178): GC_EXPLICIT freed <1K, 1% free 8863K/8940K, paused 1ms+2ms, total 15ms
01-09 11:58:40.246 D/PicasaUploaderSyncManager( 2198): battery info: true
01-09 11:58:40.256 D/dalvikvm(  178): GC_EXPLICIT freed <1K, 1% free 8863K/8940K, paused 2ms+2ms, total 17ms
01-09 11:58:40.297 D/dalvikvm( 2219): GC_CONCURRENT freed 357K, 5% free 9019K/9412K, paused 1ms+2ms, total 17ms
01-09 11:58:40.297 D/dalvikvm( 2219): WAIT_FOR_CONCURRENT_GC blocked 8ms
01-09 11:58:40.297 D/dalvikvm( 2219): WAIT_FOR_CONCURRENT_GC blocked 8ms
01-09 11:58:40.327 D/dalvikvm( 2219): GC_CONCURRENT freed 122K, 2% free 9407K/9568K, paused 3ms+1ms, total 16ms
01-09 11:58:40.327 D/dalvikvm( 2219): WAIT_FOR_CONCURRENT_GC blocked 8ms
01-09 11:58:40.327 D/dalvikvm( 2219): WAIT_FOR_CONCURRENT_GC blocked 8ms
01-09 11:58:40.327 D/dalvikvm( 2219): WAIT_FOR_CONCURRENT_GC blocked 8ms
01-09 11:58:40.377 D/dalvikvm( 2219): GC_CONCURRENT freed 143K, 2% free 9765K/9956K, paused 1ms+2ms, total 20ms
01-09 11:58:40.377 D/dalvikvm( 2219): WAIT_FOR_CONCURRENT_GC blocked 8ms
01-09 11:58:40.437 D/dalvikvm( 2219): GC_CONCURRENT freed 145K, 2% free 10110K/10316K, paused 1ms+1ms, total 22ms
01-09 11:58:40.437 D/dalvikvm( 2219): WAIT_FOR_CONCURRENT_GC blocked 12ms
01-09 11:58:40.497 D/dalvikvm( 2219): GC_CONCURRENT freed 137K, 2% free 10451K/10660K, paused 1ms+2ms, total 22ms
01-09 11:58:40.497 D/dalvikvm( 2219): WAIT_FOR_CONCURRENT_GC blocked 13ms
01-09 11:58:40.537 D/dalvikvm( 2219): GC_CONCURRENT freed 331K, 4% free 10572K/10988K, paused 1ms+1ms, total 20ms
01-09 11:58:40.537 D/dalvikvm( 2219): WAIT_FOR_CONCURRENT_GC blocked 19ms
01-09 11:58:40.557 D/dalvikvm( 2219): GC_FOR_ALLOC freed 62K, 4% free 10636K/10988K, paused 18ms, total 18ms
01-09 11:58:40.577 D/dalvikvm( 2219): GC_FOR_ALLOC freed 126K, 5% free 10764K/11244K, paused 18ms, total 18ms
01-09 11:58:40.577 I/dalvikvm-heap( 2219): Grow heap (frag case) to 10.784MB for 250434-byte allocation
01-09 11:58:40.597 D/dalvikvm( 2219): GC_FOR_ALLOC freed 0K, 5% free 11008K/11492K, paused 19ms, total 19ms
01-09 11:58:40.627 D/dalvikvm( 2219): GC_FOR_ALLOC freed 499K, 7% free 11010K/11748K, paused 19ms, total 19ms
01-09 11:58:40.647 D/dalvikvm( 2219): GC_FOR_ALLOC freed 369K, 6% free 11127K/11748K, paused 18ms, total 18ms
01-09 11:58:40.667 D/dalvikvm( 2219): GC_FOR_ALLOC freed 126K, 5% free 11255K/11748K, paused 16ms, total 16ms
01-09 11:58:40.737 D/dalvikvm( 2219): GC_CONCURRENT freed 373K, 4% free 11683K/12092K, paused 2ms+2ms, total 25ms
01-09 11:58:40.737 D/dalvikvm( 2219): WAIT_FOR_CONCURRENT_GC blocked 9ms
01-09 11:58:40.857 D/dalvikvm( 2219): GC_CONCURRENT freed 206K, 2% free 12422K/12664K, paused 2ms+3ms, total 35ms
01-09 11:58:40.857 D/dalvikvm( 2219): WAIT_FOR_CONCURRENT_GC blocked 19ms
01-09 11:58:40.997 D/dalvikvm( 2219): GC_CONCURRENT freed 499K, 4% free 13112K/13648K, paused 1ms+2ms, total 33ms
