--------- beginning of /dev/log/system
01-09 15:31:00.718 I/PowerManagerService(  512): Waking up from sleep...
--------- beginning of /dev/log/main
01-09 15:31:00.758 D/SurfaceFlinger(  177): Screen acquired, type=0 flinger=0xb736d478
01-09 15:31:00.778 D/audio_hw_primary(  180): adev_set_parameters: enter: screen_state=on
01-09 15:31:00.778 D/audio_hw_primary(  180): adev_set_parameters: exit with code(-2)
01-09 15:31:00.809 I/WindowManager(  512): Lock screen displayed!
01-09 15:31:00.989 D/SurfaceControl(  512): Excessive delay in unblankDisplay() while turning screen on: 236ms
01-09 15:31:01.039 V/DigitalWidgetViewsFactory( 4127): DigitalWidget sets next alarm string to null
01-09 15:31:01.049 D/YouTube MDX( 6428): Recieved intent android.intent.action.SCREEN_ON
01-09 15:31:18.606 D/audio_hw_primary(  180): start_output_stream: enter: usecase(1: low-latency-playback) devices(0x2)
01-09 15:31:18.606 D/audio_hw_primary(  180): select_devices: out_snd_device(2: speaker) in_snd_device(0: none)
01-09 15:31:18.606 D/audio_hw_primary(  180): enable_snd_device: sending audio calibration for snd_device(2) acdb_id(14)
01-09 15:31:18.606 D/ACDB-LOADER(  180): ACDB -> send_afe_cal
01-09 15:31:18.606 D/audio_hw_primary(  180): enable_snd_device: snd_device(2: speaker)
01-09 15:31:18.606 D/audio_hw_primary(  180): enable_audio_route: apply mixer path: low-latency-playback
01-09 15:31:18.606 D/PhoneStatusBar(  585): disable: < expand icons alerts ticker system_info BACK HOME recent* CLOCK search >
01-09 15:31:18.616 D/audio_hw_primary(  180): start_output_stream: exit
01-09 15:31:18.646 D/PhoneStatusBar(  585): disable: < expand icons alerts ticker system_info back* home* recent clock* search >
01-09 15:31:18.646 W/InputMethodManagerService(  512): Window already focused, ignoring focus gain of: com.android.internal.view.IInputMethodClient$Stub$Proxy@4298bb28 attribute=android.view.inputmethod.EditorInfo@428cbd00, token = android.os.BinderProxy@429796b8
01-09 15:31:19.116 V/TAG     (  512): bug 7643792: fitSystemWindows([0,50][0,0])
01-09 15:31:21.849 D/audio_hw_primary(  180): out_standby: enter: usecase(1: low-latency-playback)
01-09 15:31:21.899 D/audio_hw_primary(  180): stop_output_stream: enter: usecase(1: low-latency-playback)
01-09 15:31:21.899 D/audio_hw_primary(  180): disable_audio_route: reset mixer path: low-latency-playback
01-09 15:31:21.899 D/audio_hw_primary(  180): disable_snd_device: snd_device(2: speaker)
01-09 15:31:21.909 D/audio_hw_primary(  180): stop_output_stream: exit: status(0)
01-09 15:31:21.909 D/audio_hw_primary(  180): out_standby: exit
01-09 15:31:43.921 I/ActivityManager(  512): START u0 {flg=0x10000000 cmp=android/.accounts.ChooseTypeAndAccountActivity bnds=[40,261][1160,1077] (has extras)} from pid -1
01-09 15:31:43.941 D/audio_hw_primary(  180): start_output_stream: enter: usecase(1: low-latency-playback) devices(0x2)
01-09 15:31:43.941 D/audio_hw_primary(  180): select_devices: out_snd_device(2: speaker) in_snd_device(0: none)
01-09 15:31:43.941 D/audio_hw_primary(  180): enable_snd_device: sending audio calibration for snd_device(2) acdb_id(14)
01-09 15:31:43.941 D/ACDB-LOADER(  180): ACDB -> send_afe_cal
01-09 15:31:43.941 D/audio_hw_primary(  180): enable_snd_device: snd_device(2: speaker)
01-09 15:31:43.941 D/audio_hw_primary(  180): enable_audio_route: apply mixer path: low-latency-playback
01-09 15:31:43.951 D/audio_hw_primary(  180): start_output_stream: exit
01-09 15:31:43.991 D/dalvikvm(  512): GC_FOR_ALLOC freed 1427K, 15% free 17757K/20756K, paused 65ms, total 66ms
01-09 15:31:43.991 I/dalvikvm-heap(  512): Grow heap (frag case) to 17.919MB for 566416-byte allocation
01-09 15:31:44.061 D/dalvikvm(  512): GC_FOR_ALLOC freed 953K, 19% free 17356K/21312K, paused 63ms, total 63ms
01-09 15:31:44.071 I/ActivityManager(  512): Start proc android:ui for activity android/.accounts.ChooseTypeAndAccountActivity: pid=6968 uid=1000 gids={41000, 1015, 1028, 3002, 3001, 3003, 3007}
01-09 15:31:44.121 I/ActivityManager(  512): Start proc com.google.android.gsf.login for service com.google.android.gsf.login/com.google.android.gsf.loginservice.GoogleLoginService: pid=6980 uid=10021 gids={50021, 3003, 1007, 1028, 1015, 1006, 2001, 3006}
01-09 15:31:44.141 D/dalvikvm(  178): GC_EXPLICIT freed 41K, 1% free 8863K/8944K, paused 3ms+2ms, total 25ms
01-09 15:31:44.161 D/dalvikvm(  178): GC_EXPLICIT freed <1K, 1% free 8863K/8944K, paused 2ms+2ms, total 19ms
01-09 15:31:44.171 D/libEGL  ( 6968): loaded /system/lib/egl/libEGL_adreno200.so
01-09 15:31:44.171 D/libEGL  ( 6968): loaded /system/lib/egl/libGLESv1_CM_adreno200.so
01-09 15:31:44.181 D/libEGL  ( 6968): loaded /system/lib/egl/libGLESv2_adreno200.so
01-09 15:31:44.181 D/dalvikvm(  178): GC_EXPLICIT freed <1K, 1% free 8863K/8944K, paused 1ms+3ms, total 20ms
01-09 15:31:44.181 I/Adreno200-EGL( 6968): <qeglDrvAPI_eglInitialize:265>: EGL 1.4 QUALCOMM Build: Iabe52cfaeae4c5fab1acacfe6f056ba15fa93274
01-09 15:31:44.221 D/OpenGLRenderer( 6968): Enabling debug mode 0
01-09 15:31:44.281 I/ActivityManager(  512): Displayed android/.accounts.ChooseTypeAndAccountActivity: +222ms
01-09 15:31:44.281 I/ActivityManager(  512): START u0 {flg=0x80000 cmp=com.google.android.gsf.login/.AccountIntroActivity (has extras)} from pid 6968
01-09 15:31:44.361 D/dalvikvm(  512): GC_FOR_ALLOC freed 659K, 22% free 16745K/21312K, paused 62ms, total 62ms
01-09 15:31:44.411 D/dalvikvm(  512): GC_FOR_ALLOC freed 2K, 19% free 17296K/21312K, paused 52ms, total 52ms
01-09 15:31:44.411 I/dalvikvm-heap(  512): Grow heap (frag case) to 17.470MB for 566416-byte allocation
01-09 15:31:44.471 D/dalvikvm(  512): GC_FOR_ALLOC freed 0K, 19% free 17849K/21868K, paused 54ms, total 54ms
01-09 15:31:44.531 D/dalvikvm(  512): GC_FOR_ALLOC freed 1106K, 24% free 16743K/21868K, paused 56ms, total 56ms
01-09 15:31:44.551 I/GLSActivity( 6980): Starting account intro Intent { flg=0x80000 cmp=com.google.android.gsf.login/.AccountIntroActivity (has extras) }
01-09 15:31:44.551 I/ActivityManager(  512): START u0 {cmp=com.google.android.gsf.login/.AccountIntroUIActivity (has extras)} from pid 6980
01-09 15:31:44.611 D/libEGL  ( 6980): loaded /system/lib/egl/libEGL_adreno200.so
01-09 15:31:44.611 D/libEGL  ( 6980): loaded /system/lib/egl/libGLESv1_CM_adreno200.so
01-09 15:31:44.611 D/libEGL  ( 6980): loaded /system/lib/egl/libGLESv2_adreno200.so
01-09 15:31:44.621 I/Adreno200-EGL( 6980): <qeglDrvAPI_eglInitialize:265>: EGL 1.4 QUALCOMM Build: Iabe52cfaeae4c5fab1acacfe6f056ba15fa93274
01-09 15:31:44.661 D/OpenGLRenderer( 6980): Enabling debug mode 0
01-09 15:31:44.761 I/ActivityManager(  512): Displayed com.google.android.gsf.login/.AccountIntroUIActivity: +207ms (total +235ms)
01-09 15:31:45.752 D/dalvikvm(  512): GC_FOR_ALLOC freed 41K, 19% free 17866K/21868K, paused 49ms, total 49ms
01-09 15:31:45.752 I/dalvikvm-heap(  512): Grow heap (frag case) to 18.027MB for 566416-byte allocation
01-09 15:31:45.812 D/dalvikvm(  512): GC_FOR_ALLOC freed 8K, 18% free 18411K/22424K, paused 52ms, total 52ms
01-09 15:31:45.872 D/dalvikvm(  512): GC_FOR_ALLOC freed 1114K, 23% free 17297K/22424K, paused 61ms, total 62ms
01-09 15:31:45.923 D/dalvikvm(  585): GC_FOR_ALLOC freed 18256K, 67% free 17700K/52380K, paused 34ms, total 34ms
01-09 15:31:45.933 I/ActivityManager(  512): START u0 {act=com.android.systemui.recent.action.TOGGLE_RECENTS flg=0x10800000 cmp=com.android.systemui/.recent.RecentsActivity (has extras)} from pid 585
01-09 15:31:45.993 D/dalvikvm(  512): GC_FOR_ALLOC freed 1116K, 23% free 17299K/22424K, paused 56ms, total 57ms
01-09 15:31:46.093 I/ActivityManager(  512): Displayed com.android.systemui/.recent.RecentsActivity: +105ms
01-09 15:31:46.833 D/dalvikvm(  512): GC_FOR_ALLOC freed 1136K, 23% free 17306K/22424K, paused 52ms, total 52ms
01-09 15:31:46.903 D/dalvikvm(  512): GC_FOR_ALLOC freed 1115K, 23% free 17297K/22424K, paused 65ms, total 65ms
01-09 15:31:46.914 I/ActivityManager(  512): No longer want com.android.defcontainer (pid 6280): empty #17
01-09 15:31:46.914 I/ActivityManager(  512): Killing 766:com.android.launcher/u0a10035: remove task
01-09 15:31:46.924 I/ActivityManager(  512): Killing 6968:android:ui/1000: remove task
01-09 15:31:46.954 I/WindowState(  512): WIN DEATH: Window{4229a6d8 u0 android/android.accounts.ChooseTypeAndAccountActivity}
01-09 15:31:46.964 I/WindowState(  512): WIN DEATH: Window{42984ab8 u0 com.android.launcher/com.android.launcher2.Launcher}
01-09 15:31:46.964 I/WindowState(  512): WIN DEATH: Window{422a44d0 u0 android/com.android.internal.app.ChooserActivity EXITING}
01-09 15:31:46.974 I/ActivityManager(  512): Start proc com.android.launcher for activity com.android.launcher/com.android.launcher2.Launcher: pid=7005 uid=10035 gids={50035, 1028}
01-09 15:31:47.074 D/dalvikvm( 7005): GC_CONCURRENT freed 168K, 3% free 9109K/9316K, paused 3ms+2ms, total 22ms
01-09 15:31:47.144 D/dalvikvm( 7005): GC_CONCURRENT freed 91K, 2% free 9530K/9660K, paused 2ms+2ms, total 17ms
01-09 15:31:47.254 D/dalvikvm( 7005): GC_CONCURRENT freed 123K, 2% free 9887K/10048K, paused 3ms+1ms, total 17ms
01-09 15:31:47.264 D/dalvikvm( 7005): WAIT_FOR_CONCURRENT_GC blocked 12ms
01-09 15:31:47.324 D/libEGL  ( 7005): loaded /system/lib/egl/libEGL_adreno200.so
01-09 15:31:47.324 D/libEGL  ( 7005): loaded /system/lib/egl/libGLESv1_CM_adreno200.so
01-09 15:31:47.324 D/libEGL  ( 7005): loaded /system/lib/egl/libGLESv2_adreno200.so
01-09 15:31:47.334 D/dalvikvm( 7005): GC_CONCURRENT freed 264K, 4% free 10058K/10372K, paused 2ms+4ms, total 28ms
01-09 15:31:47.334 D/dalvikvm( 7005): WAIT_FOR_CONCURRENT_GC blocked 13ms
01-09 15:31:47.344 I/Adreno200-EGL( 7005): <qeglDrvAPI_eglInitialize:265>: EGL 1.4 QUALCOMM Build: Iabe52cfaeae4c5fab1acacfe6f056ba15fa93274
01-09 15:31:47.374 D/dalvikvm( 7005): GC_FOR_ALLOC freed 218K, 5% free 10183K/10608K, paused 15ms, total 16ms
01-09 15:31:47.424 D/dalvikvm( 7005): GC_FOR_ALLOC freed 178K, 4% free 10313K/10692K, paused 16ms, total 17ms
01-09 15:31:47.434 D/OpenGLRenderer( 7005): Enabling debug mode 0
01-09 15:31:47.464 D/dalvikvm( 7005): GC_FOR_ALLOC freed 184K, 4% free 10440K/10844K, paused 13ms, total 14ms
01-09 15:31:47.494 D/dalvikvm( 7005): GC_FOR_ALLOC freed 179K, 4% free 10621K/11000K, paused 14ms, total 15ms
01-09 15:31:47.524 D/dalvikvm( 7005): GC_FOR_ALLOC freed 212K, 5% free 10752K/11220K, paused 13ms, total 13ms
01-09 15:31:47.544 I/ActivityManager(  512): Displayed com.android.launcher/com.android.launcher2.Launcher: +576ms
01-09 15:31:47.574 D/dalvikvm( 7005): GC_FOR_ALLOC freed 178K, 4% free 10964K/11372K, paused 14ms, total 14ms
01-09 15:31:47.624 D/dalvikvm( 7005): GC_FOR_ALLOC freed 351K, 5% free 11149K/11676K, paused 13ms, total 13ms
01-09 15:31:47.704 D/Launcher.Model( 7005): DbDebug    Modify item (Play Music) in db, id: 4 (2, 0, 0, 0) --> (2, 0, 0, 0)
01-09 15:31:47.704 D/Launcher.Model( 7005): DbDebug    Modify item (Play Books) in db, id: 6 (2, 0, 1, 0) --> (2, 0, 1, 0)
01-09 15:31:47.704 D/Launcher.Model( 7005): DbDebug    Modify item (Play Movies & TV) in db, id: 8 (2, 0, 2, 0) --> (2, 0, 2, 0)
01-09 15:31:47.704 D/Launcher.Model( 7005): DbDebug    Modify item (Play Games) in db, id: 10 (2, 0, 3, 0) --> (2, 0, 3, 0)
01-09 15:31:47.714 D/Launcher.Model( 7005): DbDebug    Modify item (Play Magazines) in db, id: 12 (2, 0, 0, 1) --> (2, 0, 0, 1)
01-09 15:31:47.714 D/Launcher.Model( 7005): DbDebug    Modify item (Google+) in db, id: 14 (2, 0, 1, 1) --> (2, 0, 1, 1)
01-09 15:31:47.714 D/Launcher.Model( 7005): DbDebug    Modify item (Keep) in db, id: 16 (2, 0, 2, 1) --> (2, 0, 2, 1)
01-09 15:31:47.714 D/Launcher.Model( 7005): DbDebug    Modify item (Drive) in db, id: 18 (2, 0, 3, 1) --> (2, 0, 3, 1)
01-09 15:31:47.714 D/Launcher.Model( 7005): DbDebug    Modify item (Calendar) in db, id: 20 (2, 0, 0, 2) --> (2, 0, 0, 2)
01-09 15:31:47.724 D/dalvikvm( 7005): GC_CONCURRENT freed 249K, 3% free 11633K/11916K, paused 2ms+5ms, total 32ms
01-09 15:31:47.724 D/Launcher.Model( 7005): DbDebug    Modify item (Currents) in db, id: 22 (2, 0, 1, 2) --> (2, 0, 1, 2)
01-09 15:31:47.724 D/Launcher.Model( 7005): DbDebug    Modify item (Gallery) in db, id: 24 (2, 0, 2, 2) --> (2, 0, 2, 2)
01-09 15:31:47.724 D/Launcher.Model( 7005): DbDebug    Modify item (Earth) in db, id: 26 (2, 0, 3, 2) --> (2, 0, 3, 2)
01-09 15:31:47.774 D/dalvikvm( 7005): GC_FOR_ALLOC freed 46K, 2% free 12087K/12236K, paused 15ms, total 15ms
01-09 15:31:47.834 D/dalvikvm( 7005): GC_FOR_ALLOC freed 28K, 1% free 12743K/12856K, paused 19ms, total 19ms
01-09 15:31:47.834 I/dalvikvm-heap( 7005): Grow heap (frag case) to 13.768MB for 1352576-byte allocation
01-09 15:31:47.864 D/dalvikvm( 7005): GC_FOR_ALLOC freed <1K, 1% free 14063K/14180K, paused 25ms, total 25ms
01-09 15:31:47.884 D/dalvikvm( 7005): GC_CONCURRENT freed 1K, 1% free 14061K/14180K, paused 2ms+2ms, total 20ms
01-09 15:31:47.985 V/RenderScript( 7005): 0x74aa3698 Launching thread(s), CPUs 4
01-09 15:31:48.085 D/dalvikvm( 7005): GC_CONCURRENT freed 823K, 6% free 14873K/15752K, paused 2ms+3ms, total 26ms
01-09 15:31:48.085 D/dalvikvm( 7005): WAIT_FOR_CONCURRENT_GC blocked 23ms
01-09 15:31:48.185 D/dalvikvm( 7005): GC_FOR_ALLOC freed 1051K, 8% free 15571K/16900K, paused 19ms, total 19ms
01-09 15:31:48.295 D/dalvikvm( 7005): GC_FOR_ALLOC freed 1203K, 9% free 16285K/17844K, paused 19ms, total 19ms
01-09 15:31:48.996 D/audio_hw_primary(  180): out_standby: enter: usecase(1: low-latency-playback)
01-09 15:31:49.046 D/audio_hw_primary(  180): stop_output_stream: enter: usecase(1: low-latency-playback)
01-09 15:31:49.046 D/audio_hw_primary(  180): disable_audio_route: reset mixer path: low-latency-playback
01-09 15:31:49.046 D/audio_hw_primary(  180): disable_snd_device: snd_device(2: speaker)
01-09 15:31:49.046 D/audio_hw_primary(  180): stop_output_stream: exit: status(0)
01-09 15:31:49.046 D/audio_hw_primary(  180): out_standby: exit
01-09 15:32:23.709 D/AndroidRuntime( 7041): 
01-09 15:32:23.709 D/AndroidRuntime( 7041): >>>>>> AndroidRuntime START com.android.internal.os.RuntimeInit <<<<<<
01-09 15:32:23.709 D/AndroidRuntime( 7041): CheckJNI is OFF
01-09 15:32:23.719 D/dalvikvm( 7041): Trying to load lib libjavacore.so 0x0
01-09 15:32:23.729 D/dalvikvm( 7041): Added shared lib libjavacore.so 0x0
01-09 15:32:23.739 D/dalvikvm( 7041): Trying to load lib libnativehelper.so 0x0
01-09 15:32:23.739 D/dalvikvm( 7041): Added shared lib libnativehelper.so 0x0
01-09 15:32:23.860 D/AndroidRuntime( 7041): Calling main entry com.android.commands.pm.Pm
01-09 15:32:23.870 I/ActivityManager(  512): Start proc com.android.defcontainer for service com.android.defcontainer/.DefaultContainerService: pid=7055 uid=10013 gids={50013, 1015, 1023, 2001, 1028}
01-09 15:32:23.880 I/ActivityManager(  512): No longer want com.google.android.gms (pid 4928): empty for 1809s
01-09 15:32:23.880 I/ActivityManager(  512): No longer want com.google.android.googlequicksearchbox (pid 4955): empty for 1809s
01-09 15:32:23.890 I/ActivityManager(  512): No longer want com.android.musicfx (pid 4913): empty for 1809s
01-09 15:32:23.890 I/ActivityManager(  512): No longer want com.google.android.talk (pid 2404): empty for 1809s
01-09 15:32:23.890 I/ActivityManager(  512): No longer want android.process.acore (pid 4874): empty for 1809s
01-09 15:32:23.890 I/ActivityManager(  512): No longer want com.google.android.partnersetup (pid 4987): empty for 1809s
01-09 15:32:23.890 I/ActivityManager(  512): No longer want com.android.keychain (pid 4899): empty for 1809s
01-09 15:32:23.940 D/Finsky  ( 4841): [1] PackageVerificationReceiver.checkPrerequisites: Skipping verification because network inactive
01-09 15:32:23.940 D/Finsky  ( 4841): [1] PackageVerificationReceiver.checkPrerequisites: Skipping verification because network inactive
01-09 15:32:23.940 W/ActivityManager(  512): No content provider found for permission revoke: file:///data/local/tmp/EnergyMeasurementMagneticField.apk
01-09 15:32:23.950 W/ActivityManager(  512): No content provider found for permission revoke: file:///data/local/tmp/EnergyMeasurementMagneticField.apk
01-09 15:32:23.950 I/PackageManager(  512): Copying native libraries to /data/app-lib/vmdl-1603195541
01-09 15:32:23.950 W/PackageManager(  512): Invalid verification token 8 received
01-09 15:32:23.990 I/ActivityManager(  512): Force stopping package uk.ac.st_andrews.cs.host.mk74.energymeasurement.magneticField appid=10073 user=-1
01-09 15:32:24.110 I/PackageManager(  512): Running dexopt on: uk.ac.st_andrews.cs.host.mk74.energymeasurement.magneticField
01-09 15:32:24.110 I/PackageManager(  512): Package uk.ac.st_andrews.cs.host.mk74.energymeasurement.magneticField codePath changed from /data/app/uk.ac.st_andrews.cs.host.mk74.energymeasurement.magneticField-2.apk to /data/app/uk.ac.st_andrews.cs.host.mk74.energymeasurement.magneticField-1.apk; Retaining data and using new
01-09 15:32:24.400 D/dalvikvm( 7076): DexOpt: load 59ms, verify+opt 165ms, 957308 bytes
01-09 15:32:24.450 W/PackageManager(  512): Code path for pkg : uk.ac.st_andrews.cs.host.mk74.energymeasurement.magneticField changing from /data/app/uk.ac.st_andrews.cs.host.mk74.energymeasurement.magneticField-2.apk to /data/app/uk.ac.st_andrews.cs.host.mk74.energymeasurement.magneticField-1.apk
01-09 15:32:24.450 I/ActivityManager(  512): Force stopping package uk.ac.st_andrews.cs.host.mk74.energymeasurement.magneticField appid=10073 user=-1
01-09 15:32:24.450 W/PackageManager(  512): Resource path for pkg : uk.ac.st_andrews.cs.host.mk74.energymeasurement.magneticField changing from /data/app/uk.ac.st_andrews.cs.host.mk74.energymeasurement.magneticField-2.apk to /data/app/uk.ac.st_andrews.cs.host.mk74.energymeasurement.magneticField-1.apk
01-09 15:32:24.600 I/ActivityManager(  512): Force stopping package uk.ac.st_andrews.cs.host.mk74.energymeasurement.magneticField appid=10073 user=0
01-09 15:32:24.610 W/ActivityManager(  512): Skipping broadcast of Intent { act=android.intent.action.PACKAGE_REMOVED dat=package:uk.ac.st_andrews.cs.host.mk74.energymeasurement.magneticField flg=0x8000010 (has extras) }: user 10 is stopped
01-09 15:32:24.620 I/InputReader(  512): Reconfiguring input devices.  changes=0x00000010
01-09 15:32:24.640 I/ActivityManager(  512): Start proc android.process.acore for broadcast com.android.providers.contacts/.PackageIntentReceiver: pid=7081 uid=10000 gids={50000, 3003, 1015, 1028}
01-09 15:32:24.650 D/dalvikvm( 7005): GC_EXPLICIT freed 809K, 9% free 16329K/17804K, paused 2ms+6ms, total 48ms
01-09 15:32:24.690 I/InputReader(  512): Reconfiguring input devices.  changes=0x00000010
01-09 15:32:24.710 W/ActivityManager(  512): Skipping broadcast of Intent { act=android.intent.action.PACKAGE_ADDED dat=package:uk.ac.st_andrews.cs.host.mk74.energymeasurement.magneticField flg=0x8000010 (has extras) }: user 10 is stopped
01-09 15:32:24.730 D/BackupManagerService(  512): Received broadcast Intent { act=android.intent.action.PACKAGE_REMOVED dat=package:uk.ac.st_andrews.cs.host.mk74.energymeasurement.magneticField flg=0x8000010 (has extras) }
01-09 15:32:24.730 W/ActivityManager(  512): Skipping broadcast of Intent { act=android.intent.action.PACKAGE_REPLACED dat=package:uk.ac.st_andrews.cs.host.mk74.energymeasurement.magneticField flg=0x8000010 (has extras) }: user 10 is stopped
01-09 15:32:24.730 W/ActivityManager(  512): Skipping broadcast of Intent { act=android.intent.action.MY_PACKAGE_REPLACED flg=0x8000010 pkg=uk.ac.st_andrews.cs.host.mk74.energymeasurement.magneticField (has extras) }: user 10 is stopped
01-09 15:32:24.740 D/BackupManagerService(  512): Received broadcast Intent { act=android.intent.action.PACKAGE_ADDED dat=package:uk.ac.st_andrews.cs.host.mk74.energymeasurement.magneticField flg=0x8000010 (has extras) }
01-09 15:32:24.740 V/BackupManagerService(  512): removePackageParticipantsLocked: uid=10073 #1
01-09 15:32:24.750 V/BackupManagerService(  512): addPackageParticipantsLocked: #1
01-09 15:32:24.790 D/dalvikvm( 7081): GC_CONCURRENT freed 255K, 4% free 9118K/9412K, paused 1ms+2ms, total 15ms
01-09 15:32:24.820 D/dalvikvm(  512): GC_EXPLICIT freed 1413K, 20% free 18010K/22424K, paused 2ms+20ms, total 87ms
01-09 15:32:24.820 D/dalvikvm(  512): WAIT_FOR_CONCURRENT_GC blocked 45ms
01-09 15:32:24.820 D/AndroidRuntime( 7041): Shutting down VM
01-09 15:32:24.820 D/jdwp    ( 7041): Got wake-up signal, bailing out of select
01-09 15:32:24.820 D/dalvikvm( 7041): Debugger has detached; object registry had 1 entries
01-09 15:32:24.841 I/ActivityManager(  512): Start proc com.android.keychain for broadcast com.android.keychain/.KeyChainBroadcastReceiver: pid=7107 uid=1000 gids={41000, 1015, 1028, 3002, 3001, 3003, 3007}
01-09 15:32:24.861 W/ContextImpl( 7107): Calling a method in the system process without a qualified user: android.app.ContextImpl.startService:1385 android.content.ContextWrapper.startService:473 android.content.ContextWrapper.startService:473 com.android.keychain.KeyChainBroadcastReceiver.onReceive:12 android.app.ActivityThread.handleReceiver:2424 
01-09 15:32:24.891 I/ContactLocale( 7081): AddressBook Labels [en_US]: [, A, B, C, D, E, F, G, H, I, J, K, L, M, N, O, P, Q, R, S, T, U, V, W, X, Y, Z, Α, Β, Γ, Δ, Ε, Ζ, Η, Θ, Ι, Κ, Λ, Μ, Ν, Ξ, Ο, Π, Ρ, Σ, Τ, Υ, Φ, Χ, Ψ, Ω, , А, Б, В, Г, Д, Е, Є, Ж, З, И, І, Ї, Й, К, Л, М, Н, О, П, Р, С, Т, У, Ф, Х, Ц, Ч, Ш, Щ, Ю, Я, , א, ב, ג, ד, ה, ו, ז, ח, ט, י, כ, ל, מ, נ, ס, ע, פ, צ, ק, ר, ש, ת, , ا, ب, ت, ث, ج, ح, خ, د, ذ, ر, ز, س, ش, ص, ض, ط, ظ, ع, غ, ف, ق, ك, ل, م, ن, ه, و, ي, , ก, ข, ฃ, ค, ฅ, ฆ, ง, จ, ฉ, ช, ซ, ฌ, ญ, ฎ, ฏ, ฐ, ฑ, ฒ, ณ, ด, ต, ถ, ท, ธ, น, บ, ป, ผ, ฝ, พ, ฟ, ภ, ม, ย, ร, ฤ, ล, ฦ, ว, ศ, ษ, ส, ห, ฬ, อ, ฮ, , ㄱ, ㄴ, ㄷ, ㄹ, ㅁ, ㅂ, ㅅ, ㅇ, ㅈ, ㅊ, ㅋ, ㅌ, ㅍ, ㅎ, , あ, か, さ, た, な, は, ま, や, ら, わ, #, ]
01-09 15:32:24.891 I/ActivityManager(  512): Start proc com.android.musicfx for broadcast com.android.musicfx/.Compatibility$Receiver: pid=7121 uid=10042 gids={50042, 3003, 3002, 1028}
01-09 15:32:24.941 I/ActivityManager(  512): Start proc com.google.android.gms for broadcast com.google.android.gms/.games.receiver.GamesSystemBroadcastReceiver: pid=7137 uid=10021 gids={50021, 3003, 1007, 1028, 1015, 1006, 2001, 3006}
01-09 15:32:25.011 I/ActivityManager(  512): Start proc com.google.android.googlequicksearchbox for broadcast com.google.android.googlequicksearchbox/com.google.android.apps.sidekick.GmmLocationProviderImpl$GmmPackageWatcher: pid=7156 uid=10057 gids={50057, 3003, 1028, 3002, 1015}
01-09 15:32:25.041 D/dalvikvm( 7137): GC_CONCURRENT freed 261K, 4% free 9006K/9304K, paused 3ms+2ms, total 27ms
01-09 15:32:25.081 D/dalvikvm( 7137): No JNI_OnLoad found in /system/lib/libAppDataSearch.so 0x42289848, skipping init
01-09 15:32:25.081 D/Icing   ( 7137): Init last flush num docs 53 last docstore size 14336
01-09 15:32:25.081 D/Icing   ( 7137): Docid map file has data, scanning...
01-09 15:32:25.081 D/Icing   ( 7137): Scanning /data/data/com.google.android.gms/files/AppDataSearch/main/cur/ds.docids found 163 documents, last docstore location 44032
01-09 15:32:25.081 D/Icing   ( 7137): File /data/data/com.google.android.gms/files/AppDataSearch/main/cur/ds.perdocdata contains 163 records of size 6
01-09 15:32:25.081 I/ActivityManager(  512): Start proc com.google.android.partnersetup for content provider com.google.android.partnersetup/.RlzAppProvider: pid=7189 uid=10026 gids={50026, 3003, 1028}
01-09 15:32:25.121 D/Icing   ( 7137): Corpus scoring data inited successfully num corpora 1
01-09 15:32:25.121 D/Icing   ( 7137): Init docstore ok num docs 163 bytes 44288
01-09 15:32:25.141 D/dalvikvm( 7156): GC_CONCURRENT freed 221K, 3% free 9041K/9300K, paused 4ms+1ms, total 22ms
01-09 15:32:25.151 V/Icing   ( 7137): Lite index crc computed in 0.092ms
01-09 15:32:25.151 V/Icing   ( 7137): Lite index init ok in 12.787ms
01-09 15:32:25.151 D/Icing   ( 7137): Lite index recovered docid (52, 162]
01-09 15:32:25.151 V/Icing   ( 7137): Warming lite-index took 0.000ms
01-09 15:32:25.151 V/Icing   ( 7137): Warming lexicon took 0.000ms
01-09 15:32:25.151 V/Icing   ( 7137): Warming display mappings took 0.031ms
01-09 15:32:25.151 D/Icing   ( 7137): Init index ok num docs 163
01-09 15:32:25.151 D/Icing   ( 7137): Init done
01-09 15:32:25.171 W/GAV2    ( 7156): Thread[main,5,main]: Need to call initialize() and be in fallback mode to start dispatch.
01-09 15:32:25.181 I/PeopleDatabaseHelper( 7137): cleanUpNonGplusAccounts done.
01-09 15:32:25.191 D/dalvikvm( 7137): GC_CONCURRENT freed 285K, 4% free 9119K/9444K, paused 3ms+5ms, total 21ms
01-09 15:32:25.221 I/Icing   ( 7137): 0 corpora need re-polling
01-09 15:32:25.281 D/dalvikvm( 4546): GC_CONCURRENT freed 1668K, 11% free 13959K/15676K, paused 1ms+2ms, total 47ms
01-09 15:32:25.291 D/dalvikvm( 4546): WAIT_FOR_CONCURRENT_GC blocked 41ms
01-09 15:32:25.321 D/AndroidRuntime( 7201): 
01-09 15:32:25.321 D/AndroidRuntime( 7201): >>>>>> AndroidRuntime START com.android.internal.os.RuntimeInit <<<<<<
01-09 15:32:25.321 D/AndroidRuntime( 7201): CheckJNI is OFF
01-09 15:32:25.321 I/ActivityManager(  512): Start proc com.google.android.talk for broadcast com.google.android.talk/com.google.android.apps.babel.phone.PackageReplacedReceiver: pid=7233 uid=10030 gids={50030, 3003, 1015, 1006, 3002, 1028}
01-09 15:32:25.331 D/dalvikvm( 7201): Trying to load lib libjavacore.so 0x0
01-09 15:32:25.331 D/dalvikvm( 7201): Added shared lib libjavacore.so 0x0
01-09 15:32:25.341 D/dalvikvm( 7201): Trying to load lib libnativehelper.so 0x0
01-09 15:32:25.341 D/dalvikvm( 7201): Added shared lib libnativehelper.so 0x0
01-09 15:32:25.371 D/dalvikvm( 7156): GC_CONCURRENT freed 220K, 3% free 9232K/9488K, paused 1ms+6ms, total 20ms
01-09 15:32:25.391 W/Settings( 7233): Setting airplane_mode_on has moved from android.provider.Settings.System to android.provider.Settings.Global, returning read-only value.
01-09 15:32:25.401 D/dalvikvm( 7233): GC_CONCURRENT freed 381K, 5% free 8987K/9404K, paused 2ms+3ms, total 21ms
01-09 15:32:25.461 D/AndroidRuntime( 7201): Calling main entry com.android.commands.am.Am
01-09 15:32:25.461 W/GAV2    ( 7156): Thread[Thread-362,5,main]: dispatch call queued.  Need to call GAServiceManager.getInstance().initialize().
01-09 15:32:25.471 D/dalvikvm( 7201): Note: class Landroid/app/ActivityManagerNative; has 163 unimplemented (abstract) methods
01-09 15:32:25.471 I/ActivityManager(  512): START u0 {act=android.intent.action.MAIN cat=[android.intent.category.LAUNCHER] flg=0x10000000 cmp=uk.ac.st_andrews.cs.host.mk74.energymeasurement.magneticField/.MainActivity} from pid 7201
01-09 15:32:25.491 D/dalvikvm(  704): GC_FOR_ALLOC freed 303K, 10% free 9907K/10944K, paused 23ms, total 23ms
01-09 15:32:25.561 D/dalvikvm(  512): GC_FOR_ALLOC freed 1820K, 23% free 17434K/22424K, paused 63ms, total 63ms
01-09 15:32:25.561 I/GCoreUlr(  704): Ensuring that reporting is stopped because of reasons: (no Google accounts)
01-09 15:32:25.561 D/AndroidRuntime( 7201): Shutting down VM
01-09 15:32:25.561 D/jdwp    ( 7201): Got wake-up signal, bailing out of select
01-09 15:32:25.561 D/dalvikvm( 7201): Debugger has detached; object registry had 1 entries
01-09 15:32:25.571 D/GCoreFlp(  704): Unknown pending intent to remove.
01-09 15:32:25.591 D/dalvikvm( 7299): Late-enabling CheckJNI
01-09 15:32:25.591 I/GCoreUlr(  704): Unbound from all location providers
01-09 15:32:25.591 I/ActivityManager(  512): Start proc uk.ac.st_andrews.cs.host.mk74.energymeasurement.magneticField for activity uk.ac.st_andrews.cs.host.mk74.energymeasurement.magneticField/.MainActivity: pid=7299 uid=10073 gids={50073, 1028}
01-09 15:32:25.631 I/Recovery( 7137): Received: Intent { act=com.google.android.gms.INITIALIZE flg=0x10 pkg=com.google.android.gms cmp=com.google.android.gms/.recovery.AccountRecoveryBackgroundService$Receiver }
01-09 15:32:25.641 D/dalvikvm(  704): GC_FOR_ALLOC freed 51K, 10% free 9908K/10944K, paused 38ms, total 38ms
01-09 15:32:25.641 D/GCM     (  781): GcmService start Intent { act=com.google.android.gms.INITIALIZE flg=0x10 pkg=com.google.android.gms cmp=com.google.android.gms/.gcm.GcmService } com.google.android.gms.INITIALIZE
01-09 15:32:25.661 I/AKMD2   (  212): AKMD_Release: Memory free.
01-09 15:32:25.661 I/Recovery( 7137): Received: Intent { act=com.google.android.gms.INITIALIZE flg=0x10 pkg=com.google.android.gms cmp=com.google.android.gms/.recovery.AccountRecoveryBackgroundService$Receiver }
01-09 15:32:25.681 D/GCM     (  781): GcmService start Intent { act=com.google.android.gms.INITIALIZE flg=0x10 pkg=com.google.android.gms cmp=com.google.android.gms/.gcm.GcmService } com.google.android.gms.INITIALIZE
01-09 15:32:25.731 D/libEGL  ( 7299): loaded /system/lib/egl/libEGL_adreno200.so
01-09 15:32:25.741 D/libEGL  ( 7299): loaded /system/lib/egl/libGLESv1_CM_adreno200.so
01-09 15:32:25.741 D/libEGL  ( 7299): loaded /system/lib/egl/libGLESv2_adreno200.so
01-09 15:32:25.741 I/Adreno200-EGL( 7299): <qeglDrvAPI_eglInitialize:265>: EGL 1.4 QUALCOMM Build: Iabe52cfaeae4c5fab1acacfe6f056ba15fa93274
01-09 15:32:25.781 D/OpenGLRenderer( 7299): Enabling debug mode 0
01-09 15:32:25.781 D/dalvikvm(  781): GC_EXPLICIT freed 281K, 7% free 9500K/10108K, paused 2ms+3ms, total 29ms
01-09 15:32:25.811 D/dalvikvm( 7081): GC_CONCURRENT freed 142K, 2% free 9362K/9544K, paused 2ms+1ms, total 15ms
01-09 15:32:25.851 I/ActivityManager(  512): Displayed uk.ac.st_andrews.cs.host.mk74.energymeasurement.magneticField/.MainActivity: +270ms
01-09 15:32:25.861 D/dalvikvm( 7233): GC_CONCURRENT freed 333K, 4% free 9045K/9416K, paused 1ms+2ms, total 15ms
01-09 15:32:26.662 I/System.out( 7299): Values: -2.6397705 39.59961 -38.819885
01-09 15:32:26.772 D/dalvikvm( 7137): GC_CONCURRENT freed 298K, 4% free 9210K/9548K, paused 3ms+4ms, total 43ms
01-09 15:32:26.802 W/ActivityManager(  512): Permission denied: checkComponentPermission() owningUid=10057
01-09 15:32:26.802 W/ActivityManager(  512): Permission denied: checkComponentPermission() owningUid=10057
01-09 15:32:26.812 W/ActivityManager(  512): Permission denied: checkComponentPermission() owningUid=10057
01-09 15:32:26.812 W/ActivityManager(  512): Permission denied: checkComponentPermission() owningUid=10057
01-09 15:32:26.822 W/ActivityManager(  512): Permission denied: checkComponentPermission() owningUid=10057
01-09 15:32:26.822 W/ActivityManager(  512): Permission denied: checkComponentPermission() owningUid=10057
01-09 15:32:26.842 W/ActivityManager(  512): Permission denied: checkComponentPermission() owningUid=10057
01-09 15:32:26.842 W/ActivityManager(  512): Permission denied: checkComponentPermission() owningUid=10057
01-09 15:32:26.862 W/ActivityManager(  512): Permission denied: checkComponentPermission() owningUid=10057
01-09 15:32:26.862 W/ActivityManager(  512): Permission denied: checkComponentPermission() owningUid=10057
01-09 15:32:26.882 W/ActivityManager(  512): Permission denied: checkComponentPermission() owningUid=10057
01-09 15:32:26.882 W/ActivityManager(  512): Permission denied: checkComponentPermission() owningUid=10057
01-09 15:32:27.663 I/System.out( 7299): Values: -1.3198853 43.859863 -39.419556
01-09 15:32:28.684 D/dalvikvm( 7299): Debugger has detached; object registry had 1 entries
01-09 15:32:28.684 I/System.out( 7299): Values: -0.35858154 46.739197 -38.519287
01-09 15:32:28.794 D/PicasaSyncManager( 4488): battery info: false
01-09 15:32:28.804 D/PicasaUploaderSyncManager( 4521): battery info: false
01-09 15:32:29.665 I/System.out( 7299): Values: -0.35858154 47.45941 -38.578796
01-09 15:32:29.715 I/ActivityManager(  512): No longer want com.google.android.youtube (pid 6428): empty #17
01-09 15:32:30.166 W/ActivityManager(  512): Unable to start service Intent { act=com.google.android.gms.analytics.service.START (has extras) } U=0: not found
01-09 15:32:30.176 W/GAV2    ( 7156): Thread[GAThread,5,main]: Service unavailable (code=1), will retry.
01-09 15:32:30.206 I/GAV2    ( 7156): Thread[GAThread,5,main]: No campaign data found.
01-09 15:32:30.666 I/System.out( 7299): Values: -0.53863525 47.338867 -38.879395
01-09 15:32:31.667 I/System.out( 7299): Values: -0.29907227 48.35968 -38.15918
01-09 15:32:32.668 I/System.out( 7299): Values: 2.279663 46.258545 -38.75885
01-09 15:32:33.669 I/System.out( 7299): Values: 26.098633 1.9195557 -48.298645
01-09 15:32:34.670 I/System.out( 7299): Values: 18.119812 4.1397095 -21.659851
01-09 15:32:35.191 W/GAV2    ( 7156): Thread[Service Reconnect,5,main]: Service unavailable (code=1), using local store.
01-09 15:32:35.191 W/ActivityManager(  512): Unable to start service Intent { act=com.google.android.gms.analytics.service.START (has extras) } U=0: not found
01-09 15:32:35.671 I/System.out( 7299): Values: 27.2995 -0.71868896 -34.739685
01-09 15:32:36.672 I/System.out( 7299): Values: 27.359009 -0.29907227 -34.739685
01-09 15:32:37.673 I/System.out( 7299): Values: 27.539063 -0.5996704 -34.498596
01-09 15:32:38.674 I/System.out( 7299): Values: 27.359009 -0.8987427 -35.398865
01-09 15:32:39.675 I/System.out( 7299): Values: 27.539063 -1.1993408 -35.21881
01-09 15:32:40.286 D/dalvikvm( 4841): GC_CONCURRENT freed 476K, 6% free 9356K/9892K, paused 4ms+1ms, total 28ms
01-09 15:32:40.376 D/Finsky  ( 4841): [1] 5.onFinished: Installation state replication succeeded.
01-09 15:32:40.666 I/System.out( 7299): Values: 27.95868 -0.4196167 -34.739685
01-09 15:32:41.677 I/System.out( 7299): Values: 27.95868 0.059509277 -34.498596
01-09 15:32:42.688 I/System.out( 7299): Values: 27.418518 -0.71868896 -34.439087
01-09 15:32:43.679 I/System.out( 7299): Values: 27.659607 -0.71868896 -34.318542
01-09 15:32:44.680 I/System.out( 7299): Values: 27.2995 -0.47912598 -34.799194
01-09 15:32:45.691 I/System.out( 7299): Values: 27.95868 -0.119018555 -34.498596
01-09 15:32:46.692 I/System.out( 7299): Values: 27.89917 0.0 -34.979248
01-09 15:32:47.693 I/System.out( 7299): Values: 28.019714 -0.53863525 -34.979248
01-09 15:32:48.694 I/System.out( 7299): Values: 27.539063 -0.35858154 -34.799194
01-09 15:32:49.695 I/System.out( 7299): Values: 27.659607 -0.47912598 -34.799194
01-09 15:32:50.696 I/System.out( 7299): Values: 28.079224 -0.53863525 -34.799194
01-09 15:32:51.697 I/System.out( 7299): Values: 27.119446 -0.6591797 -34.858704
01-09 15:32:52.688 I/System.out( 7299): Values: 27.83966 -0.17852783 -34.61914
01-09 15:32:53.699 I/System.out( 7299): Values: 28.019714 -0.53863525 -34.858704
01-09 15:32:54.700 I/System.out( 7299): Values: 27.598572 -0.059509277 -34.498596
01-09 15:32:55.701 I/System.out( 7299): Values: 27.598572 -1.1398315 -35.4599
01-09 15:32:56.702 I/System.out( 7299): Values: 27.2995 -1.0192871 -34.55963
01-09 15:32:57.703 I/System.out( 7299): Values: 27.598572 -0.23956299 -34.55963
01-09 15:32:58.704 I/System.out( 7299): Values: 27.539063 -0.4196167 -34.979248
01-09 15:32:59.705 I/System.out( 7299): Values: 27.778625 -0.23956299 -34.55963
01-09 15:33:00.716 I/System.out( 7299): Values: 27.418518 -1.1993408 -34.61914
01-09 15:33:01.706 I/System.out( 7299): Values: 27.479553 -0.53863525 -34.799194
01-09 15:33:02.717 I/System.out( 7299): Values: 27.23999 -0.29907227 -34.799194
01-09 15:33:03.708 I/System.out( 7299): Values: 27.719116 -0.7797241 -34.259033
01-09 15:33:04.709 I/System.out( 7299): Values: 27.598572 -0.47912598 -35.099792
01-09 15:33:05.720 I/System.out( 7299): Values: 27.119446 -0.5996704 -34.799194
01-09 15:33:06.721 I/System.out( 7299): Values: 27.539063 -0.6591797 -34.379578
01-09 15:33:07.722 I/System.out( 7299): Values: 27.598572 -0.5996704 -34.61914
01-09 15:33:08.723 I/System.out( 7299): Values: 27.778625 -0.8987427 -34.439087
01-09 15:33:09.724 I/System.out( 7299): Values: 27.778625 -0.4196167 -34.739685
01-09 15:33:10.725 I/System.out( 7299): Values: 27.059937 -0.71868896 -34.799194
01-09 15:33:11.716 I/System.out( 7299): Values: 27.23999 -0.23956299 -34.379578
01-09 15:33:12.727 I/System.out( 7299): Values: 27.23999 -0.47912598 -34.498596
01-09 15:33:13.718 I/System.out( 7299): Values: 27.418518 -0.71868896 -34.91974
01-09 15:33:14.719 I/System.out( 7299): Values: 27.059937 -0.8392334 -34.199524
01-09 15:33:15.730 I/System.out( 7299): Values: 28.079224 -0.35858154 -34.739685
01-09 15:33:16.731 I/System.out( 7299): Values: 26.939392 -0.4196167 -34.07898
01-09 15:33:17.722 I/System.out( 7299): Values: 27.659607 -0.119018555 -34.799194
01-09 15:33:18.733 I/System.out( 7299): Values: 27.598572 -0.17852783 -35.099792
01-09 15:33:19.734 I/System.out( 7299): Values: 28.079224 -0.71868896 -34.91974
01-09 15:33:20.735 I/System.out( 7299): Values: 27.659607 -0.47912598 -34.799194
01-09 15:33:21.736 I/System.out( 7299): Values: 27.778625 -0.5996704 -34.739685
01-09 15:33:22.737 I/System.out( 7299): Values: 26.879883 -0.6591797 -34.55963
01-09 15:33:23.738 I/System.out( 7299): Values: 27.83966 -0.71868896 -34.858704
01-09 15:33:24.739 I/System.out( 7299): Values: 27.89917 -0.35858154 -34.739685
01-09 15:33:25.740 I/System.out( 7299): Values: 28.019714 -0.35858154 -34.739685
01-09 15:33:26.751 I/System.out( 7299): Values: 27.83966 -0.95977783 -34.739685
01-09 15:33:27.752 I/System.out( 7299): Values: 27.418518 -0.53863525 -34.799194
01-09 15:33:28.753 I/System.out( 7299): Values: 28.019714 -0.8987427 -34.498596
01-09 15:33:29.754 I/System.out( 7299): Values: 27.83966 -0.35858154 -34.67865
01-09 15:33:30.755 I/System.out( 7299): Values: 27.539063 -0.23956299 -34.379578
01-09 15:33:31.756 I/System.out( 7299): Values: 27.659607 -0.7797241 -35.21881
01-09 15:33:32.757 I/System.out( 7299): Values: 27.23999 -0.8987427 -34.67865
01-09 15:33:33.758 I/System.out( 7299): Values: 27.2995 -0.6591797 -35.099792
01-09 15:33:34.759 I/System.out( 7299): Values: 27.359009 -0.7797241 -34.318542
01-09 15:33:35.760 I/System.out( 7299): Values: 27.719116 -0.4196167 -34.439087
01-09 15:33:36.771 I/System.out( 7299): Values: 27.23999 -0.53863525 -35.099792
01-09 15:33:37.772 I/System.out( 7299): Values: 27.778625 -0.53863525 -34.439087
01-09 15:33:37.812 D/dalvikvm( 7299): GC_CONCURRENT freed 230K, 3% free 9019K/9288K, paused 8ms+2ms, total 36ms
01-09 15:33:38.773 I/System.out( 7299): Values: 27.119446 -0.29907227 -35.1593
01-09 15:33:39.774 I/System.out( 7299): Values: 27.659607 -0.53863525 -34.799194
01-09 15:33:40.775 I/System.out( 7299): Values: 27.359009 -0.29907227 -34.318542
01-09 15:33:41.776 I/System.out( 7299): Values: 27.598572 -0.4196167 -34.91974
01-09 15:33:42.777 I/System.out( 7299): Values: 27.778625 -0.29907227 -35.57892
01-09 15:33:43.778 I/System.out( 7299): Values: 27.059937 -0.6591797 -34.858704
01-09 15:33:44.768 I/System.out( 7299): Values: 27.119446 0.0 -34.979248
01-09 15:33:45.779 I/System.out( 7299): Values: 27.418518 -0.95977783 -34.498596
01-09 15:33:46.780 I/System.out( 7299): Values: 27.059937 -0.47912598 -34.439087
01-09 15:33:47.781 I/System.out( 7299): Values: 27.659607 -0.23956299 -34.61914
01-09 15:33:48.782 I/System.out( 7299): Values: 27.418518 -0.35858154 -34.739685
01-09 15:33:49.783 I/System.out( 7299): Values: 27.119446 -0.17852783 -34.61914
01-09 15:33:50.784 I/System.out( 7299): Values: 27.778625 -0.47912598 -35.1593
01-09 15:33:51.785 I/System.out( 7299): Values: 27.83966 -0.5996704 -34.91974
01-09 15:33:52.786 I/System.out( 7299): Values: 27.89917 -0.47912598 -34.67865
01-09 15:33:53.787 I/System.out( 7299): Values: 27.479553 -0.53863525 -34.259033
01-09 15:33:54.798 I/System.out( 7299): Values: 27.539063 -0.6591797 -34.67865
01-09 15:33:55.789 I/System.out( 7299): Values: 27.778625 -0.8392334 -34.498596
01-09 15:33:56.800 I/System.out( 7299): Values: 27.359009 -0.17852783 -34.799194
01-09 15:33:57.801 I/System.out( 7299): Values: 27.479553 -0.6591797 -34.799194
01-09 15:33:58.802 I/System.out( 7299): Values: 27.23999 -0.29907227 -34.91974
01-09 15:33:59.803 I/System.out( 7299): Values: 27.598572 -0.5996704 -34.439087
01-09 15:34:00.804 I/System.out( 7299): Values: 27.178955 -0.23956299 -34.739685
01-09 15:34:01.805 I/System.out( 7299): Values: 27.178955 -0.7797241 -35.038757
01-09 15:34:02.796 I/System.out( 7299): Values: 27.778625 -0.17852783 -34.498596
01-09 15:34:03.797 I/System.out( 7299): Values: 27.95868 -0.35858154 -34.318542
01-09 15:34:04.808 I/System.out( 7299): Values: 27.539063 -0.059509277 -34.91974
01-09 15:34:05.809 I/System.out( 7299): Values: 27.659607 -0.29907227 -34.61914
01-09 15:34:06.810 I/System.out( 7299): Values: 27.659607 -0.6591797 -34.91974
01-09 15:34:07.811 I/System.out( 7299): Values: 27.418518 -0.8987427 -34.379578
01-09 15:34:08.812 I/System.out( 7299): Values: 27.479553 -0.53863525 -35.398865
01-09 15:34:09.813 I/System.out( 7299): Values: 27.598572 -0.059509277 -34.979248
01-09 15:34:10.814 I/System.out( 7299): Values: 27.659607 -0.29907227 -34.61914
01-09 15:34:11.815 I/System.out( 7299): Values: 27.2995 -0.5996704 -34.55963
01-09 15:34:12.806 I/System.out( 7299): Values: 27.598572 -0.29907227 -34.739685
01-09 15:34:13.807 I/System.out( 7299): Values: 27.598572 0.119018555 -33.839417
01-09 15:34:14.808 I/System.out( 7299): Values: 27.719116 -0.6591797 -34.67865
01-09 15:34:15.809 I/System.out( 7299): Values: 27.2995 -0.7797241 -34.67865
01-09 15:34:16.820 I/System.out( 7299): Values: 27.778625 -0.47912598 -35.1593
01-09 15:34:17.821 I/System.out( 7299): Values: 27.418518 -0.47912598 -34.259033
01-09 15:34:18.822 I/System.out( 7299): Values: 27.119446 -0.47912598 -34.61914
01-09 15:34:19.823 I/System.out( 7299): Values: 27.539063 -0.6591797 -35.038757
01-09 15:34:20.824 I/System.out( 7299): Values: 27.83966 -0.29907227 -34.858704
01-09 15:34:21.825 I/System.out( 7299): Values: 27.359009 -0.23956299 -34.498596
01-09 15:34:22.826 I/System.out( 7299): Values: 28.079224 -0.4196167 -34.979248
01-09 15:34:23.827 I/System.out( 7299): Values: 27.418518 -0.35858154 -34.498596
01-09 15:34:24.818 I/System.out( 7299): Values: 27.359009 -1.0192871 -34.498596
01-09 15:34:25.819 I/System.out( 7299): Values: 27.359009 -0.71868896 -34.739685
01-09 15:34:26.820 I/System.out( 7299): Values: 27.418518 -0.7797241 -34.55963
01-09 15:34:27.820 I/System.out( 7299): Values: 27.479553 -0.53863525 -34.67865
01-09 15:34:28.821 I/System.out( 7299): Values: 27.2995 -1.0787964 -34.91974
01-09 15:34:29.822 I/System.out( 7299): Values: 27.539063 -0.47912598 -34.61914
01-09 15:34:30.823 I/System.out( 7299): Values: 27.539063 -0.6591797 -34.979248
01-09 15:34:31.834 I/System.out( 7299): Values: 27.479553 -0.4196167 -34.799194
01-09 15:34:32.835 I/System.out( 7299): Values: 27.719116 -0.71868896 -34.91974
01-09 15:34:33.826 I/System.out( 7299): Values: 27.659607 -0.5996704 -34.799194
01-09 15:34:34.837 I/System.out( 7299): Values: 27.778625 -0.4196167 -34.858704
01-09 15:34:35.828 I/System.out( 7299): Values: 27.418518 -0.23956299 -34.858704
01-09 15:34:36.829 I/System.out( 7299): Values: 27.83966 -1.1398315 -34.13849
01-09 15:34:37.840 I/System.out( 7299): Values: 27.2995 -0.23956299 -34.498596
01-09 15:34:38.841 I/System.out( 7299): Values: 27.359009 -0.29907227 -34.91974
01-09 15:34:39.842 I/System.out( 7299): Values: 27.479553 -0.71868896 -34.67865
01-09 15:34:40.843 I/System.out( 7299): Values: 27.539063 -0.4196167 -34.67865
01-09 15:34:41.844 I/System.out( 7299): Values: 27.119446 -0.71868896 -35.21881
01-09 15:34:42.855 I/System.out( 7299): Values: 27.89917 -0.8987427 -34.739685
01-09 15:34:43.846 I/System.out( 7299): Values: 27.23999 -0.4196167 -34.67865
01-09 15:34:44.847 I/System.out( 7299): Values: 27.539063 -0.4196167 -34.858704
01-09 15:34:45.848 I/System.out( 7299): Values: 27.359009 -0.4196167 -35.038757
01-09 15:34:46.849 I/System.out( 7299): Values: 27.23999 -0.29907227 -35.1593
01-09 15:34:47.850 I/System.out( 7299): Values: 27.359009 -0.4196167 -34.439087
01-09 15:34:48.861 I/System.out( 7299): Values: 27.418518 -0.6591797 -34.979248
01-09 15:34:49.852 I/System.out( 7299): Values: 27.359009 -0.71868896 -34.318542
01-09 15:34:50.863 I/System.out( 7299): Values: 26.939392 -0.059509277 -35.099792
01-09 15:34:51.864 I/System.out( 7299): Values: 27.418518 -0.6591797 -34.13849
01-09 15:34:52.865 I/System.out( 7299): Values: 27.539063 -0.29907227 -35.099792
01-09 15:34:53.856 I/System.out( 7299): Values: 27.598572 -0.6591797 -34.379578
01-09 15:34:54.867 I/System.out( 7299): Values: 27.359009 -0.4196167 -34.91974
01-09 15:34:55.858 I/System.out( 7299): Values: 27.598572 -0.5996704 -34.259033
01-09 15:34:56.859 I/System.out( 7299): Values: 27.178955 -0.71868896 -34.379578
01-09 15:34:57.870 I/System.out( 7299): Values: 27.359009 -0.29907227 -34.91974
01-09 15:34:58.871 I/System.out( 7299): Values: 27.479553 -0.7797241 -34.498596
01-09 15:34:59.862 I/System.out( 7299): Values: 27.95868 -0.5996704 -34.739685
01-09 15:35:00.002 I/ActivityManager(  512): No longer want com.google.android.music:main (pid 6742): empty for 1849s
01-09 15:35:00.052 W/ActivityManager(  512): Scheduling restart of crashed service com.google.android.music/.playback.MusicPlaybackService in 5000ms
01-09 15:35:00.873 I/System.out( 7299): Values: 27.119446 -0.8987427 -34.739685
01-09 15:35:01.874 I/System.out( 7299): Values: 27.659607 -0.7797241 -34.799194
01-09 15:35:02.875 I/System.out( 7299): Values: 27.659607 -0.35858154 -34.55963
01-09 15:35:03.866 I/System.out( 7299): Values: 27.359009 -0.47912598 -34.91974
01-09 15:35:04.867 I/System.out( 7299): Values: 27.598572 -0.4196167 -34.318542
01-09 15:35:05.107 I/ActivityManager(  512): Start proc com.google.android.music:main for service com.google.android.music/.playback.MusicPlaybackService: pid=7357 uid=10041 gids={50041, 3003, 1015, 1028}
01-09 15:35:05.147 D/dalvikvm(  178): GC_EXPLICIT freed 40K, 1% free 8863K/8944K, paused 2ms+2ms, total 50ms
01-09 15:35:05.177 D/dalvikvm(  178): GC_EXPLICIT freed <1K, 1% free 8863K/8944K, paused 1ms+2ms, total 35ms
01-09 15:35:05.197 D/dalvikvm(  178): GC_EXPLICIT freed <1K, 1% free 8863K/8944K, paused 2ms+2ms, total 19ms
01-09 15:35:05.197 I/MusicStore( 7357): Database version: 70
01-09 15:35:05.237 D/dalvikvm( 7357): GC_CONCURRENT freed 294K, 4% free 9063K/9400K, paused 2ms+2ms, total 18ms
01-09 15:35:05.237 D/dalvikvm( 7357): WAIT_FOR_CONCURRENT_GC blocked 4ms
01-09 15:35:05.307 D/SystemUtils( 7357): getSystemProperty: lpa.decode=null
01-09 15:35:05.327 D/CacheService( 7357): onCreate
01-09 15:35:05.327 D/CacheService( 7357): onBind
01-09 15:35:05.337 I/LocalDevicePlayback( 7357): Streaming client created.
01-09 15:35:05.868 I/System.out( 7299): Values: 27.598572 -0.4196167 -34.498596
01-09 15:35:06.398 D/dalvikvm( 7357): GC_CONCURRENT freed 223K, 3% free 9310K/9572K, paused 4ms+5ms, total 37ms
01-09 15:35:06.458 I/MediaStoreImporter( 7357): Update: incremental Added music: 0 Updated music: 0 Deleted music: 0 Created playlists: 0 Updated playlists: 0 Deleted playlists: 0 Inserted playlist items: 0 Deleted playlist items: 0 Removed orphaned playlist items: 0
01-09 15:35:06.869 I/System.out( 7299): Values: 27.23999 -0.53863525 -35.038757
01-09 15:35:07.870 I/System.out( 7299): Values: 27.178955 -0.8987427 -34.439087
01-09 15:35:08.871 I/System.out( 7299): Values: 27.418518 -0.6591797 -34.67865
01-09 15:35:09.872 I/System.out( 7299): Values: 27.059937 -0.6591797 -34.439087
01-09 15:35:10.382 I/MusicLeanback( 7357): Conditions not met for autocaching.
01-09 15:35:10.382 I/MusicLeanback( 7357): Stop autocaching.
01-09 15:35:10.872 I/System.out( 7299): Values: 27.598572 -0.059509277 -35.21881
01-09 15:35:11.873 I/System.out( 7299): Values: 28.318787 -0.119018555 -34.439087
01-09 15:35:12.884 I/System.out( 7299): Values: 27.598572 -0.6591797 -34.799194
01-09 15:35:13.875 I/System.out( 7299): Values: 27.418518 -0.53863525 -34.61914
01-09 15:35:14.886 I/System.out( 7299): Values: 27.89917 -0.7797241 -34.739685
01-09 15:35:15.877 I/System.out( 7299): Values: 27.479553 -0.7797241 -34.858704
01-09 15:35:16.878 I/System.out( 7299): Values: 27.178955 -0.95977783 -34.498596
01-09 15:35:17.879 I/System.out( 7299): Values: 27.598572 -0.4196167 -34.379578
01-09 15:35:18.880 I/System.out( 7299): Values: 27.119446 -0.6591797 -34.739685
01-09 15:35:19.891 I/System.out( 7299): Values: 27.178955 -0.35858154 -34.61914
01-09 15:35:20.892 I/System.out( 7299): Values: 27.719116 -0.47912598 -34.67865
01-09 15:35:21.893 I/System.out( 7299): Values: 27.359009 -0.23956299 -34.91974
01-09 15:35:22.894 I/System.out( 7299): Values: 27.539063 -0.6591797 -34.979248
01-09 15:35:23.885 I/System.out( 7299): Values: 27.178955 -0.53863525 -34.498596
01-09 15:35:24.896 I/System.out( 7299): Values: 27.89917 -0.35858154 -34.55963
01-09 15:35:25.897 I/System.out( 7299): Values: 27.778625 -0.35858154 -34.498596
01-09 15:35:26.888 I/System.out( 7299): Values: 27.89917 -0.23956299 -34.55963
01-09 15:35:27.899 I/System.out( 7299): Values: 28.079224 -0.23956299 -34.318542
01-09 15:35:28.900 I/System.out( 7299): Values: 27.83966 -0.6591797 -34.979248
01-09 15:35:29.901 I/System.out( 7299): Values: 27.778625 -0.5996704 -34.498596
01-09 15:35:30.902 I/System.out( 7299): Values: 27.479553 -0.53863525 -34.61914
01-09 15:35:31.903 I/System.out( 7299): Values: 27.539063 -0.53863525 -34.799194
01-09 15:35:32.904 I/System.out( 7299): Values: 27.659607 -0.6591797 -34.498596
01-09 15:35:33.895 I/System.out( 7299): Values: 27.89917 -0.23956299 -34.55963
01-09 15:35:34.906 I/System.out( 7299): Values: 27.719116 -0.6591797 -34.858704
01-09 15:35:35.907 I/System.out( 7299): Values: 27.359009 -0.29907227 -34.07898
01-09 15:35:36.918 I/System.out( 7299): Values: 27.83966 -0.17852783 -35.21881
01-09 15:35:37.909 I/System.out( 7299): Values: 27.23999 -0.8987427 -35.099792
01-09 15:35:38.910 I/System.out( 7299): Values: 27.598572 -0.71868896 -35.099792
01-09 15:35:39.911 I/System.out( 7299): Values: 26.939392 -0.29907227 -34.858704
01-09 15:35:40.912 I/System.out( 7299): Values: 27.598572 0.119018555 -34.91974
01-09 15:35:41.913 I/System.out( 7299): Values: 27.119446 -0.95977783 -34.61914
01-09 15:35:42.914 I/System.out( 7299): Values: 27.778625 -0.059509277 -34.739685
01-09 15:35:43.925 I/System.out( 7299): Values: 27.539063 -0.29907227 -34.61914
01-09 15:35:44.926 I/System.out( 7299): Values: 26.939392 -0.4196167 -34.259033
01-09 15:35:45.917 I/System.out( 7299): Values: 27.89917 -0.29907227 -34.67865
