01-06 18:42:30.894 I/System.out(19428): Values: -29.87976 27.89917 -23.999023
01-06 18:42:31.895 I/System.out(19428): Values: -29.579163 27.95868 -23.878479
01-06 18:42:32.896 I/System.out(19428): Values: -29.818726 27.719116 -24.659729
01-06 18:42:33.897 I/System.out(19428): Values: -30.178833 27.778625 -24.179077
01-06 18:42:34.898 I/System.out(19428): Values: -30.299377 27.83966 -24.119568
01-06 18:42:35.899 I/System.out(19428): Values: -30.358887 28.079224 -24.238586
01-06 18:42:36.900 I/System.out(19428): Values: -29.818726 28.138733 -24.41864
01-06 18:42:37.901 I/System.out(19428): Values: -30.239868 27.95868 -24.35913
01-06 18:42:38.912 I/System.out(19428): Values: -30.239868 28.079224 -24.479675
01-06 18:42:39.903 I/System.out(19428): Values: -29.759216 27.83966 -24.479675
01-06 18:42:40.914 I/System.out(19428): Values: -29.759216 27.778625 -23.878479
01-06 18:42:41.905 I/System.out(19428): Values: -29.699707 27.89917 -24.539185
01-06 18:42:42.906 I/System.out(19428): Values: -29.99878 27.95868 -24.238586
01-06 18:42:43.917 I/System.out(19428): Values: -29.699707 28.138733 -23.699951
01-06 18:42:44.918 I/System.out(19428): Values: -30.178833 27.95868 -24.238586
01-06 18:42:45.919 I/System.out(19428): Values: -29.99878 28.379822 -24.179077
01-06 18:42:46.920 I/System.out(19428): Values: -30.419922 28.259277 -23.699951
01-06 18:42:47.911 I/System.out(19428): Values: -30.119324 28.259277 -24.35913
01-06 18:42:48.922 I/System.out(19428): Values: -30.178833 28.49884 -24.41864
01-06 18:42:49.912 I/System.out(19428): Values: -30.53894 28.019714 -24.179077
01-06 18:42:50.913 I/System.out(19428): Values: -29.638672 28.678894 -24.899292
01-06 18:42:51.924 I/System.out(19428): Values: -29.93927 28.559875 -24.058533
01-06 18:42:52.915 I/System.out(19428): Values: -30.659485 28.49884 -24.479675
01-06 18:42:53.926 I/System.out(19428): Values: -30.239868 27.83966 -24.539185
01-06 18:42:54.927 I/System.out(19428): Values: -30.659485 28.019714 -24.119568
01-06 18:42:55.928 I/System.out(19428): Values: -30.299377 27.359009 -24.179077
01-06 18:42:56.929 I/System.out(19428): Values: -30.059814 28.079224 -23.939514
01-06 18:42:57.920 I/System.out(19428): Values: -29.579163 27.659607 -24.119568
01-06 18:42:58.931 I/System.out(19428): Values: -29.99878 28.439331 -23.939514
01-06 18:42:59.922 I/System.out(19428): Values: -29.99878 27.95868 -23.579407
01-06 18:43:00.933 I/System.out(19428): Values: -30.059814 28.379822 -24.058533
01-06 18:43:01.934 I/System.out(19428): Values: -29.759216 27.778625 -23.999023
01-06 18:43:02.935 I/System.out(19428): Values: -30.599976 28.019714 -24.539185
01-06 18:43:03.936 I/System.out(19428): Values: -29.99878 28.318787 -23.999023
01-06 18:43:04.937 I/System.out(19428): Values: -29.87976 27.659607 -23.878479
01-06 18:43:05.938 I/System.out(19428): Values: -30.358887 27.89917 -24.299622
01-06 18:43:06.949 I/System.out(19428): Values: -30.718994 28.439331 -24.179077
01-06 18:43:07.950 I/System.out(19428): Values: -30.659485 27.23999 -24.41864
01-06 18:43:08.951 I/System.out(19428): Values: -30.419922 28.138733 -24.598694
01-06 18:43:09.952 I/System.out(19428): Values: -29.699707 28.49884 -23.939514
01-06 18:43:10.953 I/System.out(19428): Values: -30.119324 28.619385 -24.179077
01-06 18:43:11.954 I/System.out(19428): Values: -30.239868 27.95868 -24.598694
01-06 18:43:12.955 I/System.out(19428): Values: -29.87976 28.559875 -24.299622
01-06 18:43:13.956 I/System.out(19428): Values: -30.358887 28.379822 -23.999023
01-06 18:43:14.957 I/System.out(19428): Values: -29.87976 28.138733 -24.598694
01-06 18:43:15.968 I/System.out(19428): Values: -29.99878 28.199768 -24.119568
01-06 18:43:16.969 I/System.out(19428): Values: -30.178833 28.919983 -24.479675
01-06 18:43:17.960 I/System.out(19428): Values: -30.419922 28.199768 -24.238586
01-06 18:43:18.961 I/System.out(19428): Values: -30.239868 27.479553 -24.41864
01-06 18:43:19.962 I/System.out(19428): Values: -30.299377 28.439331 -24.299622
01-06 18:43:20.963 I/System.out(19428): Values: -30.599976 28.079224 -24.539185
01-06 18:43:21.974 I/System.out(19428): Values: -29.579163 28.079224 -23.579407
01-06 18:43:22.975 I/System.out(19428): Values: -29.99878 27.778625 -24.719238
01-06 18:43:23.976 I/System.out(19428): Values: -30.718994 28.019714 -24.058533
01-06 18:43:24.977 I/System.out(19428): Values: -29.818726 27.95868 -23.939514
01-06 18:43:25.978 I/System.out(19428): Values: -30.239868 27.95868 -24.119568
01-06 18:43:26.979 I/System.out(19428): Values: -30.119324 27.778625 -24.119568
01-06 18:43:27.970 I/System.out(19428): Values: -30.119324 27.95868 -23.999023
01-06 18:43:28.981 I/System.out(19428): Values: -29.99878 28.138733 -23.999023
01-06 18:43:29.982 I/System.out(19428): Values: -30.059814 27.2995 -24.35913
01-06 18:43:30.983 I/System.out(19428): Values: -30.358887 28.079224 -24.179077
01-06 18:43:31.984 I/System.out(19428): Values: -30.059814 28.318787 -24.299622
01-06 18:43:32.985 I/System.out(19428): Values: -30.299377 28.079224 -24.058533
01-06 18:43:33.985 I/System.out(19428): Values: -30.599976 28.559875 -24.119568
01-06 18:43:34.996 I/System.out(19428): Values: -29.87976 28.199768 -23.75946
01-06 18:43:35.997 I/System.out(19428): Values: -29.87976 27.95868 -24.539185
01-06 18:43:36.998 I/System.out(19428): Values: -30.059814 28.019714 -24.058533
01-06 18:43:37.999 I/System.out(19428): Values: -30.119324 28.199768 -23.579407
01-06 18:43:39.000 I/System.out(19428): Values: -30.299377 28.259277 -24.299622
01-06 18:43:40.001 I/System.out(19428): Values: -29.93927 27.83966 -23.878479
01-06 18:43:41.002 I/System.out(19428): Values: -30.239868 28.199768 -24.058533
01-06 18:43:42.003 I/System.out(19428): Values: -29.579163 28.318787 -24.238586
01-06 18:43:43.014 I/System.out(19428): Values: -29.638672 27.83966 -23.999023
01-06 18:43:44.015 I/System.out(19428): Values: -30.119324 28.199768 -23.75946
01-06 18:43:45.016 I/System.out(19428): Values: -29.87976 27.95868 -24.598694
01-06 18:43:46.027 I/System.out(19428): Values: -29.93927 27.659607 -24.058533
01-06 18:43:47.028 I/System.out(19428): Values: -30.178833 28.259277 -24.058533
01-06 18:43:48.029 I/System.out(19428): Values: -29.818726 28.259277 -23.699951
01-06 18:43:49.020 I/System.out(19428): Values: -30.178833 27.83966 -24.35913
01-06 18:43:50.031 I/System.out(19428): Values: -29.99878 28.439331 -23.999023
01-06 18:43:51.032 I/System.out(19428): Values: -30.178833 28.439331 -24.179077
01-06 18:43:52.043 I/System.out(19428): Values: -30.299377 28.259277 -23.939514
01-06 18:43:53.034 I/System.out(19428): Values: -30.059814 28.138733 -24.058533
01-06 18:43:53.094 D/dalvikvm(19428): GC_CONCURRENT freed 390K, 5% free 9016K/9444K, paused 13ms+6ms, total 60ms
01-06 18:43:54.035 I/System.out(19428): Values: -29.87976 28.079224 -23.81897
01-06 18:43:55.036 I/System.out(19428): Values: -30.299377 28.559875 -24.35913
01-06 18:43:56.047 I/System.out(19428): Values: -30.239868 28.259277 -24.41864
01-06 18:43:57.048 I/System.out(19428): Values: -29.93927 27.89917 -24.058533
01-06 18:43:58.049 I/System.out(19428): Values: -30.178833 28.079224 -24.058533
01-06 18:43:59.050 I/System.out(19428): Values: -30.53894 28.49884 -24.238586
01-06 18:44:00.041 I/System.out(19428): Values: -29.93927 28.138733 -23.878479
01-06 18:44:01.042 I/System.out(19428): Values: -30.299377 27.778625 -24.539185
01-06 18:44:02.043 I/System.out(19428): Values: -30.299377 28.259277 -23.939514
01-06 18:44:03.054 I/System.out(19428): Values: -30.479431 28.019714 -23.75946
01-06 18:44:04.055 I/System.out(19428): Values: -30.059814 27.479553 -24.539185
01-06 18:44:05.056 I/System.out(19428): Values: -30.059814 27.598572 -24.41864
01-06 18:44:06.057 I/System.out(19428): Values: -29.818726 27.95868 -24.058533
01-06 18:44:07.058 I/System.out(19428): Values: -30.599976 28.199768 -24.659729
01-06 18:44:08.069 I/System.out(19428): Values: -29.99878 28.379822 -24.179077
01-06 18:44:09.060 I/System.out(19428): Values: -30.299377 27.719116 -23.939514
01-06 18:44:10.071 I/System.out(19428): Values: -30.119324 28.199768 -23.699951
01-06 18:44:11.062 I/System.out(19428): Values: -30.178833 27.659607 -23.878479
01-06 18:44:12.063 I/System.out(19428): Values: -30.358887 28.138733 -23.999023
01-06 18:44:13.064 I/System.out(19428): Values: -29.99878 28.199768 -24.179077
01-06 18:44:14.075 I/System.out(19428): Values: -30.178833 28.919983 -22.918701
01-06 18:44:15.076 I/System.out(19428): Values: -30.53894 27.83966 -20.518494
01-06 18:44:16.077 I/System.out(19428): Values: -30.53894 28.379822 -19.73877
01-06 18:44:17.078 I/System.out(19428): Values: -30.059814 28.259277 -20.339966
01-06 18:44:18.089 I/System.out(19428): Values: -30.958557 28.079224 -19.499207
01-06 18:44:19.089 I/System.out(19428): Values: -30.479431 28.619385 -19.558716
01-06 18:44:20.090 I/System.out(19428): Values: -30.299377 28.019714 -19.67926
01-06 18:44:21.081 I/System.out(19428): Values: -30.479431 28.138733 -19.918823
01-06 18:44:22.082 I/System.out(19428): Values: -30.839539 28.919983 -19.859314
01-06 18:44:23.093 I/System.out(19428): Values: -30.299377 28.619385 -20.399475
01-06 18:44:24.084 I/System.out(19428): Values: -30.479431 27.778625 -19.979858
01-06 18:44:25.095 I/System.out(19428): Values: -30.53894 28.379822 -20.458984
01-06 18:44:26.096 I/System.out(19428): Values: -30.778503 27.83966 -20.219421
01-06 18:44:27.097 I/System.out(19428): Values: -30.358887 28.318787 -20.219421
01-06 18:44:28.098 I/System.out(19428): Values: -30.358887 28.49884 -20.098877
01-06 18:44:29.099 I/System.out(19428): Values: -30.239868 28.079224 -20.159912
01-06 18:44:30.100 I/System.out(19428): Values: -30.659485 28.49884 -20.399475
01-06 18:44:31.111 I/System.out(19428): Values: -30.419922 28.559875 -19.859314
01-06 18:44:32.102 I/System.out(19428): Values: -30.599976 28.379822 -19.859314
01-06 18:44:33.113 I/System.out(19428): Values: -29.87976 28.379822 -20.339966
01-06 18:44:34.104 I/System.out(19428): Values: -29.87976 28.49884 -20.458984
01-06 18:44:35.115 I/System.out(19428): Values: -30.239868 28.439331 -19.918823
01-06 18:44:36.116 I/System.out(19428): Values: -30.419922 28.49884 -20.039368
01-06 18:44:37.117 I/System.out(19428): Values: -30.358887 28.439331 -20.219421
01-06 18:44:38.118 I/System.out(19428): Values: -30.479431 28.318787 -20.039368
01-06 18:44:39.109 I/System.out(19428): Values: -30.718994 28.138733 -20.399475
01-06 18:44:40.120 I/System.out(19428): Values: -30.059814 28.858948 -20.27893
01-06 18:44:41.111 I/System.out(19428): Values: -30.119324 28.559875 -19.979858
01-06 18:44:42.122 I/System.out(19428): Values: -30.178833 28.259277 -20.039368
01-06 18:44:43.123 I/System.out(19428): Values: -29.759216 28.49884 -19.859314
01-06 18:44:44.124 I/System.out(19428): Values: -30.299377 28.379822 -19.799805
01-06 18:44:45.125 I/System.out(19428): Values: -30.718994 28.259277 -19.73877
01-06 18:44:46.126 I/System.out(19428): Values: -29.93927 28.619385 -19.439697
01-06 18:44:47.127 I/System.out(19428): Values: -30.479431 28.079224 -20.039368
01-06 18:44:48.128 I/System.out(19428): Values: -30.419922 28.919983 -20.399475
01-06 18:44:49.139 I/System.out(19428): Values: -30.53894 28.318787 -20.219421
01-06 18:44:50.130 I/System.out(19428): Values: -30.059814 28.379822 -19.73877
01-06 18:44:51.131 I/System.out(19428): Values: -30.059814 28.799438 -19.73877
01-06 18:44:52.132 I/System.out(19428): Values: -30.178833 28.079224 -20.27893
01-06 18:44:53.133 I/System.out(19428): Values: -30.599976 28.199768 -19.73877
01-06 18:44:54.134 I/System.out(19428): Values: -29.99878 28.559875 -19.619751
01-06 18:44:55.135 I/System.out(19428): Values: -30.358887 28.49884 -20.098877
01-06 18:44:56.146 I/System.out(19428): Values: -29.818726 28.678894 -19.67926
01-06 18:44:57.147 I/System.out(19428): Values: -29.99878 28.678894 -19.979858
01-06 18:44:58.148 I/System.out(19428): Values: -30.178833 28.259277 -18.598938
01-06 18:44:59.149 I/System.out(19428): Values: -32.87964 26.818848 -22.31903
01-06 18:45:00.150 I/System.out(19428): Values: -37.5 27.89917 -22.31903
01-06 18:45:01.141 I/System.out(19428): Values: -38.15918 28.49884 -22.259521
01-06 18:45:01.391 V/DigitalWidgetViewsFactory(17600): DigitalWidget sets next alarm string to null
01-06 18:45:02.141 I/System.out(19428): Values: -37.61902 26.45874 -22.198486
01-06 18:45:03.142 I/System.out(19428): Values: -37.438965 26.69983 -22.37854
01-06 18:45:04.143 I/System.out(19428): Values: -37.01935 26.399231 -22.198486
01-06 18:45:05.144 I/System.out(19428): Values: -37.379456 26.818848 -21.479797
01-06 18:45:06.145 I/System.out(19428): Values: -37.5 26.339722 -22.259521
01-06 18:45:07.146 I/System.out(19428): Values: -37.319946 26.638794 -22.259521
01-06 18:45:08.147 I/System.out(19428): Values: -37.319946 26.818848 -22.31903
01-06 18:45:09.148 I/System.out(19428): Values: -37.379456 26.519775 -21.899414
01-06 18:45:10.139 I/System.out(19428): Values: -37.61902 26.339722 -22.558594
01-06 18:45:11.150 I/System.out(19428): Values: -37.139893 26.579285 -22.259521
01-06 18:45:12.141 I/System.out(19428): Values: -37.61902 26.759338 -22.738647
01-06 18:45:13.142 I/System.out(19428): Values: -37.438965 26.638794 -22.019958
01-06 18:45:14.143 I/System.out(19428): Values: -37.55951 26.339722 -22.138977
01-06 18:45:15.144 I/System.out(19428): Values: -37.799072 26.879883 -22.019958
01-06 18:45:16.145 I/System.out(19428): Values: -37.85858 26.219177 -22.37854
01-06 18:45:17.156 I/System.out(19428): Values: -37.61902 26.399231 -22.079468
01-06 18:45:18.157 I/System.out(19428): Values: -37.61902 26.69983 -22.259521
01-06 18:45:19.158 I/System.out(19428): Values: -37.1994 26.69983 -22.31903
01-06 18:45:20.159 I/System.out(19428): Values: -37.5 27.059937 -22.31903
01-06 18:45:21.160 I/System.out(19428): Values: -37.139893 26.039124 -22.619629
01-06 18:45:22.161 I/System.out(19428): Values: -37.25891 26.098633 -22.499084
01-06 18:45:23.162 I/System.out(19428): Values: -37.739563 26.278687 -22.31903
01-06 18:45:24.163 I/System.out(19428): Values: -37.25891 26.339722 -22.499084
01-06 18:45:25.174 I/System.out(19428): Values: -37.379456 26.638794 -22.079468
01-06 18:45:26.175 I/System.out(19428): Values: -37.739563 27.119446 -22.079468
01-06 18:45:27.176 I/System.out(19428): Values: -36.839294 26.759338 -22.31903
01-06 18:45:28.177 I/System.out(19428): Values: -37.379456 26.159668 -22.439575
01-06 18:45:29.188 I/System.out(19428): Values: -40.379333 26.998901 -24.659729
01-06 18:45:30.199 I/System.out(19428): Values: -26.278687 33.358765 -12.239075
01-06 18:45:31.200 I/System.out(19428): Values: -29.87976 29.638672 -20.219421
01-06 18:45:32.201 I/System.out(19428): Values: -29.93927 29.159546 -20.159912
01-06 18:45:33.202 I/System.out(19428): Values: -30.358887 29.93927 -20.098877
01-06 18:45:34.203 I/System.out(19428): Values: -29.638672 29.818726 -20.878601
01-06 18:45:35.204 I/System.out(19428): Values: -29.818726 29.759216 -20.579529
01-06 18:45:36.205 I/System.out(19428): Values: -29.579163 29.399109 -20.399475
01-06 18:45:37.206 I/System.out(19428): Values: -29.93927 29.159546 -20.339966
01-06 18:45:38.207 I/System.out(19428): Values: -29.759216 29.638672 -20.159912
01-06 18:45:39.218 I/System.out(19428): Values: -30.178833 29.3396 -20.339966
01-06 18:45:40.219 I/System.out(19428): Values: -29.399109 29.278564 -20.159912
01-06 18:45:41.220 I/System.out(19428): Values: -29.99878 29.699707 -20.458984
01-06 18:45:42.221 I/System.out(19428): Values: -29.579163 29.458618 -20.518494
01-06 18:45:43.222 I/System.out(19428): Values: -30.059814 29.159546 -20.698547
01-06 18:45:44.213 I/System.out(19428): Values: -29.93927 29.759216 -20.458984
01-06 18:45:45.214 I/System.out(19428): Values: -30.839539 29.759216 -20.339966
01-06 18:45:46.224 I/System.out(19428): Values: -29.93927 29.399109 -20.27893
01-06 18:45:47.225 I/System.out(19428): Values: -29.818726 29.09851 -20.399475
01-06 18:45:48.226 I/System.out(19428): Values: -30.239868 29.219055 -20.639038
01-06 18:45:49.227 I/System.out(19428): Values: -29.99878 29.278564 -20.999146
01-06 18:45:50.228 I/System.out(19428): Values: -30.239868 29.99878 -20.098877
01-06 18:45:51.239 I/System.out(19428): Values: -30.119324 29.519653 -20.399475
01-06 18:45:52.240 I/System.out(19428): Values: -30.119324 29.458618 -20.518494
01-06 18:45:53.231 I/System.out(19428): Values: -29.458618 29.818726 -20.759583
01-06 18:45:54.242 I/System.out(19428): Values: -29.99878 29.458618 -20.939636
01-06 18:45:55.243 I/System.out(19428): Values: -29.818726 29.278564 -20.159912
01-06 18:45:56.254 I/System.out(19428): Values: -29.93927 29.159546 -20.759583
01-06 18:45:57.255 I/System.out(19428): Values: -30.239868 29.759216 -20.878601
01-06 18:45:58.256 I/System.out(19428): Values: -30.239868 29.399109 -20.339966
01-06 18:45:59.257 I/System.out(19428): Values: -30.358887 29.638672 -20.039368
01-06 18:46:00.258 I/System.out(19428): Values: -30.479431 29.399109 -20.039368
01-06 18:46:01.259 I/System.out(19428): Values: -30.119324 29.638672 -20.698547
01-06 18:46:02.260 I/System.out(19428): Values: -29.87976 29.759216 -20.518494
01-06 18:46:03.261 I/System.out(19428): Values: -30.239868 29.278564 -20.759583
01-06 18:46:04.262 I/System.out(19428): Values: -30.239868 29.638672 -20.759583
01-06 18:46:05.263 I/System.out(19428): Values: -29.93927 30.119324 -20.339966
01-06 18:46:06.264 I/System.out(19428): Values: -30.718994 29.519653 -20.579529
01-06 18:46:07.265 I/System.out(19428): Values: -30.778503 29.519653 -20.878601
01-06 18:46:08.276 I/System.out(19428): Values: -29.818726 29.87976 -20.819092
01-06 18:46:09.277 I/System.out(19428): Values: -30.239868 29.219055 -20.759583
01-06 18:46:10.278 I/System.out(19428): Values: -29.99878 29.759216 -20.339966
01-06 18:46:11.279 I/System.out(19428): Values: -30.119324 29.93927 -20.518494
01-06 18:46:12.280 I/System.out(19428): Values: -29.99878 29.579163 -20.759583
01-06 18:46:13.271 I/System.out(19428): Values: -30.299377 29.99878 -20.639038
01-06 18:46:14.272 I/System.out(19428): Values: -30.119324 29.219055 -20.698547
01-06 18:46:15.283 I/System.out(19428): Values: -29.93927 29.159546 -20.579529
01-06 18:46:16.274 I/System.out(19428): Values: -30.299377 29.278564 -20.399475
01-06 18:46:17.275 I/System.out(19428): Values: -30.178833 29.93927 -20.878601
01-06 18:46:18.276 I/System.out(19428): Values: -30.299377 29.09851 -20.639038
01-06 18:46:19.277 I/System.out(19428): Values: -30.178833 29.579163 -20.458984
01-06 18:46:20.278 I/System.out(19428): Values: -29.818726 29.159546 -20.698547
01-06 18:46:21.289 I/System.out(19428): Values: -30.53894 29.219055 -21.11969
01-06 18:46:22.290 I/System.out(19428): Values: -30.659485 29.519653 -20.878601
01-06 18:46:23.291 I/System.out(19428): Values: -30.119324 29.638672 -20.339966
01-06 18:46:24.282 I/System.out(19428): Values: -29.99878 29.278564 -20.999146
01-06 18:46:25.293 I/System.out(19428): Values: -30.53894 29.3396 -20.518494
01-06 18:46:26.284 I/System.out(19428): Values: -30.059814 29.399109 -20.939636
01-06 18:46:27.285 I/System.out(19428): Values: -29.3396 29.399109 -20.27893
01-06 18:46:28.296 I/System.out(19428): Values: -29.93927 29.399109 -20.639038
01-06 18:46:29.297 I/System.out(19428): Values: -29.99878 29.278564 -20.878601
01-06 18:46:30.297 I/System.out(19428): Values: -29.759216 29.3396 -20.759583
01-06 18:46:31.298 I/System.out(19428): Values: -30.059814 29.519653 -20.698547
01-06 18:46:32.299 I/System.out(19428): Values: -29.699707 29.399109 -20.759583
01-06 18:46:32.309 I/System.out(19428): Battery level end is reached
01-06 18:46:32.309 I/System.out(19428): Time difference in secs is: 782
01-06 18:46:33.310 I/System.out(19428): Values: -30.239868 29.458618 -20.759583
01-06 18:46:33.310 I/System.out(19428): Time difference in secs is: 782
01-06 18:46:34.301 I/System.out(19428): Values: -29.99878 29.519653 -20.098877
01-06 18:46:34.301 I/System.out(19428): Time difference in secs is: 782
01-06 18:46:35.312 I/System.out(19428): Values: -30.178833 29.3396 -20.458984
01-06 18:46:35.312 I/System.out(19428): Time difference in secs is: 782
01-06 18:46:36.313 I/System.out(19428): Values: -30.178833 29.519653 -20.939636
01-06 18:46:36.323 I/System.out(19428): Time difference in secs is: 782
01-06 18:46:37.314 I/System.out(19428): Values: -29.638672 29.399109 -20.639038
01-06 18:46:37.314 I/System.out(19428): Time difference in secs is: 782
01-06 18:46:38.315 I/System.out(19428): Values: -29.519653 29.519653 -20.27893
01-06 18:46:38.315 I/System.out(19428): Time difference in secs is: 782
01-06 18:46:39.316 I/System.out(19428): Values: -30.599976 29.159546 -21.058655
01-06 18:46:39.316 I/System.out(19428): Time difference in secs is: 782
01-06 18:46:40.317 I/System.out(19428): Values: -30.119324 29.579163 -20.159912
01-06 18:46:40.327 I/System.out(19428): Time difference in secs is: 782
01-06 18:46:41.318 I/System.out(19428): Values: -29.93927 29.399109 -20.579529
01-06 18:46:41.328 I/System.out(19428): Time difference in secs is: 782
01-06 18:46:42.319 I/System.out(19428): Values: -29.93927 29.699707 -20.878601
01-06 18:46:42.329 I/System.out(19428): Time difference in secs is: 782
01-06 18:46:43.320 I/System.out(19428): Values: -30.358887 29.759216 -20.458984
01-06 18:46:43.320 I/System.out(19428): Time difference in secs is: 782
01-06 18:46:44.321 I/System.out(19428): Values: -30.239868 29.399109 -20.939636
01-06 18:46:44.321 I/System.out(19428): Time difference in secs is: 782
01-06 18:46:45.322 I/System.out(19428): Values: -30.419922 29.458618 -20.579529
01-06 18:46:45.322 I/System.out(19428): Time difference in secs is: 782
01-06 18:46:46.323 I/System.out(19428): Values: -29.818726 29.3396 -20.458984
01-06 18:46:46.333 I/System.out(19428): Time difference in secs is: 782
01-06 18:46:47.324 I/System.out(19428): Values: -29.759216 29.219055 -20.458984
01-06 18:46:47.344 I/System.out(19428): Time difference in secs is: 782
01-06 18:46:48.325 I/System.out(19428): Values: -30.119324 29.399109 -20.759583
01-06 18:46:48.355 I/System.out(19428): Time difference in secs is: 782
01-06 18:46:48.395 D/dalvikvm(19428): GC_CONCURRENT freed 381K, 5% free 9021K/9444K, paused 5ms+1ms, total 61ms
01-06 18:46:49.326 I/System.out(19428): Values: -29.87976 29.759216 -20.878601
01-06 18:46:49.336 I/System.out(19428): Time difference in secs is: 782
01-06 18:46:50.337 I/System.out(19428): Values: -30.119324 29.699707 -20.518494
01-06 18:46:50.337 I/System.out(19428): Time difference in secs is: 782
01-06 18:46:51.338 I/System.out(19428): Values: -30.119324 29.3396 -20.518494
01-06 18:46:51.348 I/System.out(19428): Time difference in secs is: 782
01-06 18:46:52.329 I/System.out(19428): Values: -31.439209 33.358765 -11.158752
01-06 18:46:52.349 I/System.out(19428): Time difference in secs is: 782
01-06 18:46:53.340 I/System.out(19428): Values: -20.039368 -5.9387207 -13.499451
01-06 18:46:53.340 I/System.out(19428): Time difference in secs is: 782
01-06 18:46:54.331 I/System.out(19428): Values: -20.399475 -5.9387207 -12.779236
01-06 18:46:54.341 I/System.out(19428): Time difference in secs is: 782
01-06 18:46:55.342 I/System.out(19428): Values: -22.738647 -7.019043 -13.499451
01-06 18:46:55.342 I/System.out(19428): Time difference in secs is: 782
01-06 18:46:56.343 I/System.out(19428): Values: -23.339844 -4.499817 -14.399719
01-06 18:46:56.343 I/System.out(19428): Time difference in secs is: 782
01-06 18:46:57.344 I/System.out(19428): Values: -19.018555 -3.0593872 -14.039612
01-06 18:46:57.354 I/System.out(19428): Time difference in secs is: 782
01-06 18:46:58.345 I/System.out(19428): Values: -18.959045 -2.6992798 -13.859558
01-06 18:46:58.345 I/System.out(19428): Time difference in secs is: 782
01-06 18:46:59.346 I/System.out(19428): Values: -18.598938 -2.6397705 -14.15863
01-06 18:46:59.356 I/System.out(19428): Time difference in secs is: 782
01-06 18:47:00.347 I/System.out(19428): Values: -19.07959 -3.0593872 -14.399719
01-06 18:47:00.347 I/System.out(19428): Time difference in secs is: 782
01-06 18:47:01.348 I/System.out(19428): Values: -19.259644 -3.0593872 -13.55896
01-06 18:47:01.368 I/System.out(19428): Time difference in secs is: 782
01-06 18:47:02.359 I/System.out(19428): Values: -19.499207 -3.0593872 -13.978577
01-06 18:47:02.369 I/System.out(19428): Time difference in secs is: 782
01-06 18:47:03.360 I/System.out(19428): Values: -18.719482 -2.6992798 -13.978577
01-06 18:47:03.360 I/System.out(19428): Time difference in secs is: 782
01-06 18:47:04.361 I/System.out(19428): Values: -18.899536 -2.6397705 -13.018799
01-06 18:47:04.361 I/System.out(19428): Time difference in secs is: 782
01-06 18:47:05.362 I/System.out(19428): Values: -19.198608 -3.4194946 -13.919067
01-06 18:47:05.362 I/System.out(19428): Time difference in secs is: 782
01-06 18:47:06.363 I/System.out(19428): Values: -18.598938 -3.2989502 -13.859558
01-06 18:47:06.363 I/System.out(19428): Time difference in secs is: 782
01-06 18:47:07.364 I/System.out(19428): Values: -19.07959 -3.5995483 -14.099121
01-06 18:47:07.374 I/System.out(19428): Time difference in secs is: 782
01-06 18:47:08.365 I/System.out(19428): Values: -19.1391 -2.999878 -14.279175
01-06 18:47:08.375 I/System.out(19428): Time difference in secs is: 782
01-06 18:47:09.366 I/System.out(19428): Values: -19.07959 -3.5385132 -13.798523
01-06 18:47:09.376 I/System.out(19428): Time difference in secs is: 782
01-06 18:47:10.377 I/System.out(19428): Values: -18.899536 -3.5385132 -13.978577
01-06 18:47:10.377 I/System.out(19428): Time difference in secs is: 782
01-06 18:47:11.378 I/System.out(19428): Values: -18.899536 -3.479004 -13.378906
01-06 18:47:11.378 I/System.out(19428): Time difference in secs is: 782
01-06 18:47:12.379 I/System.out(19428): Values: -19.198608 -3.239441 -13.55896
01-06 18:47:12.399 I/System.out(19428): Time difference in secs is: 782
01-06 18:47:13.380 I/System.out(19428): Values: -18.299866 -3.3599854 -14.039612
01-06 18:47:13.380 I/System.out(19428): Time difference in secs is: 782
01-06 18:47:14.380 I/System.out(19428): Values: -20.339966 -4.73938 -13.319397
01-06 18:47:14.380 I/System.out(19428): Time difference in secs is: 782
01-06 18:47:15.391 I/System.out(19428): Values: -20.518494 -3.1799316 -14.338684
01-06 18:47:15.391 I/System.out(19428): Time difference in secs is: 782
01-06 18:47:16.392 I/System.out(19428): Values: -27.059937 -4.978943 -10.198975
01-06 18:47:16.402 I/System.out(19428): Time difference in secs is: 782
01-06 18:47:17.383 I/System.out(19428): Values: -27.778625 -5.6396484 -9.779358
01-06 18:47:17.403 I/System.out(19428): Time difference in secs is: 782
01-06 18:47:18.394 I/System.out(19428): Values: -25.619507 -6.1187744 -13.079834
01-06 18:47:18.394 I/System.out(19428): Time difference in secs is: 782
01-06 18:47:19.395 I/System.out(19428): Values: -24.598694 -6.1798096 -12.779236
01-06 18:47:19.405 I/System.out(19428): Time difference in secs is: 782
01-06 18:47:20.396 I/System.out(19428): Values: -24.539185 -6.059265 -12.95929
01-06 18:47:20.406 I/System.out(19428): Time difference in secs is: 782
01-06 18:47:21.397 I/System.out(19428): Values: -23.579407 -6.77948 -13.919067
01-06 18:47:21.417 I/System.out(19428): Time difference in secs is: 782
01-06 18:47:22.398 I/System.out(19428): Values: -23.458862 -7.258606 -13.859558
01-06 18:47:22.408 I/System.out(19428): Time difference in secs is: 782
01-06 18:47:23.399 I/System.out(19428): Values: -23.939514 -7.6797485 -14.579773
01-06 18:47:23.399 I/System.out(19428): Time difference in secs is: 782
01-06 18:47:24.400 I/System.out(19428): Values: -24.299622 -6.239319 -15.419006
01-06 18:47:24.400 I/System.out(19428): Time difference in secs is: 782
01-06 18:47:25.401 I/System.out(19428): Values: -24.719238 -7.1990967 -14.99939
01-06 18:47:25.401 I/System.out(19428): Time difference in secs is: 782
01-06 18:47:26.402 I/System.out(19428): Values: -23.999023 -6.5994263 -14.878845
01-06 18:47:26.412 I/System.out(19428): Time difference in secs is: 782
01-06 18:47:27.403 I/System.out(19428): Values: -23.278809 -4.559326 -14.819336
01-06 18:47:27.403 I/System.out(19428): Time difference in secs is: 782
01-06 18:47:28.404 I/System.out(19428): Values: -22.918701 -4.1397095 -14.759827
01-06 18:47:28.414 I/System.out(19428): Time difference in secs is: 782
01-06 18:47:29.405 I/System.out(19428): Values: -22.679138 -4.258728 -15.179443
01-06 18:47:29.415 I/System.out(19428): Time difference in secs is: 782
01-06 18:47:30.416 I/System.out(19428): Values: -22.738647 -4.258728 -15.119934
01-06 18:47:30.416 I/System.out(19428): Time difference in secs is: 782
01-06 18:47:31.417 I/System.out(19428): Values: -21.71936 -1.4389038 -15.058899
01-06 18:47:31.427 I/System.out(19428): Time difference in secs is: 782
01-06 18:47:32.418 I/System.out(19428): Values: -21.359253 -0.17852783 -16.079712
01-06 18:47:32.418 I/System.out(19428): Time difference in secs is: 782
01-06 18:47:33.419 I/System.out(19428): Values: -20.339966 3.5995483 -14.219666
01-06 18:47:33.419 I/System.out(19428): Time difference in secs is: 782
01-06 18:47:34.420 I/System.out(19428): Values: -18.598938 2.758789 -14.99939
01-06 18:47:34.420 I/System.out(19428): Time difference in secs is: 782
01-06 18:47:35.411 I/System.out(19428): Values: -17.63916 2.6992798 -16.259766
01-06 18:47:35.421 I/System.out(19428): Time difference in secs is: 782
01-06 18:47:36.252 I/EntropyMixer(  512): Writing entropy...
01-06 18:47:36.262 W/PowerUI (  592): unknown intent: Intent { act=android.intent.action.ACTION_POWER_CONNECTED flg=0x8000010 }
01-06 18:47:36.272 I/ActivityManager(  512): No longer want com.google.android.music:main (pid 18989): empty for 1810s
01-06 18:47:36.282 I/ActivityManager(  512): No longer want com.google.android.youtube (pid 18932): empty for 1818s
01-06 18:47:36.292 D/PicasaSyncManager(18841): battery info: true
01-06 18:47:36.292 D/PicasaUploaderSyncManager(18882): battery info: true
01-06 18:47:36.322 W/ActivityManager(  512): Scheduling restart of crashed service com.google.android.music/.playback.MusicPlaybackService in 5000ms
01-06 18:47:36.332 D/dalvikvm(  592): GC_CONCURRENT freed 980K, 73% free 14463K/51696K, paused 2ms+13ms, total 67ms
01-06 18:47:36.412 I/System.out(19428): Values: -3.8986206 -14.338684 25.439453
01-06 18:47:36.422 I/System.out(19428): Time difference in secs is: 782
01-06 18:47:37.303 D/MtpService(18857): updating state; isCurrentUser=true, mMtpLocked=false
01-06 18:47:37.303 D/MtpService(18857): addStorageLocked 65537 /storage/emulated/0
01-06 18:47:37.323 D/MtpService(18857): updating state; isCurrentUser=true, mMtpLocked=false
01-06 18:47:37.323 D/MtpService(18857): starting MTP server in MTP mode
01-06 18:47:37.323 D/MtpService(18857): addStorageLocked 65537 /storage/emulated/0
01-06 18:47:37.413 I/System.out(19428): Values: -1.979065 -14.399719 25.979614
01-06 18:47:37.423 I/System.out(19428): Time difference in secs is: 782
01-06 18:47:38.414 I/System.out(19428): Values: -1.9195557 -14.6987915 26.039124
01-06 18:47:38.424 I/System.out(19428): Time difference in secs is: 782
01-06 18:47:39.115 D/dalvikvm(18857): GC_CONCURRENT freed 214K, 3% free 9226K/9480K, paused 1ms+3ms, total 19ms
01-06 18:47:39.335 D/dalvikvm(  512): GC_EXPLICIT freed 823K, 21% free 17276K/21840K, paused 3ms+8ms, total 83ms
01-06 18:47:39.395 E/JHEAD   (18857): can't open '/storage/emulated/0/something.jpg'
01-06 18:47:39.415 I/System.out(19428): Values: -15.779114 -13.55896 0.8392334
01-06 18:47:39.425 I/System.out(19428): Time difference in secs is: 782
01-06 18:47:40.416 I/System.out(19428): Values: -23.81897 -8.099365 -19.018555
01-06 18:47:40.426 I/System.out(19428): Time difference in secs is: 782
01-06 18:47:41.377 I/ActivityManager(  512): Start proc com.google.android.music:main for service com.google.android.music/.playback.MusicPlaybackService: pid=19579 uid=10041 gids={50041, 3003, 1015, 1028}
01-06 18:47:41.417 I/System.out(19428): Values: -24.058533 -7.739258 -18.359375
01-06 18:47:41.427 I/System.out(19428): Time difference in secs is: 782
01-06 18:47:41.477 I/MusicStore(19579): Database version: 70
01-06 18:47:41.527 D/dalvikvm(19579): GC_CONCURRENT freed 316K, 4% free 9051K/9404K, paused 2ms+1ms, total 17ms
01-06 18:47:41.587 D/SystemUtils(19579): getSystemProperty: lpa.decode=null
01-06 18:47:41.597 D/CacheService(19579): onCreate
01-06 18:47:41.607 D/CacheService(19579): onBind
01-06 18:47:41.617 I/LocalDevicePlayback(19579): Streaming client created.
01-06 18:47:42.418 I/System.out(19428): Values: -24.238586 -8.1588745 -19.07959
01-06 18:47:42.428 I/System.out(19428): Time difference in secs is: 782
01-06 18:47:42.678 D/dalvikvm(19579): GC_CONCURRENT freed 176K, 3% free 9298K/9536K, paused 5ms+3ms, total 40ms
01-06 18:47:42.718 I/MediaStoreImporter(19579): Update: incremental Added music: 0 Updated music: 0 Deleted music: 0 Created playlists: 0 Updated playlists: 0 Deleted playlists: 0 Inserted playlist items: 0 Deleted playlist items: 0 Removed orphaned playlist items: 0
01-06 18:47:43.419 I/System.out(19428): Values: -23.75946 -8.039856 -18.838501
01-06 18:47:43.429 I/System.out(19428): Time difference in secs is: 782
01-06 18:47:44.410 I/System.out(19428): Values: -23.339844 -8.279419 -19.018555
01-06 18:47:44.430 I/System.out(19428): Time difference in secs is: 782
01-06 18:47:45.421 I/System.out(19428): Values: -23.81897 -8.21991 -18.47992
01-06 18:47:45.421 I/System.out(19428): Time difference in secs is: 782
01-06 18:47:46.422 I/System.out(19428): Values: -23.75946 -8.399963 -19.319153
01-06 18:47:46.422 I/System.out(19428): Time difference in secs is: 782
01-06 18:47:46.632 I/MusicLeanback(19579): Conditions not met for autocaching.
01-06 18:47:46.632 I/MusicLeanback(19579): Stop autocaching.
01-06 18:47:47.423 I/System.out(19428): Values: -23.81897 -7.978821 -19.07959
01-06 18:47:47.423 I/System.out(19428): Time difference in secs is: 782
01-06 18:47:48.424 I/System.out(19428): Values: -23.75946 -8.279419 -18.719482
01-06 18:47:48.424 I/System.out(19428): Time difference in secs is: 782
01-06 18:47:49.425 I/System.out(19428): Values: -24.119568 -8.338928 -18.838501
01-06 18:47:49.425 I/System.out(19428): Time difference in secs is: 782
01-06 18:47:50.426 I/System.out(19428): Values: -23.458862 -8.039856 -18.719482
01-06 18:47:50.426 I/System.out(19428): Time difference in secs is: 782
01-06 18:47:51.427 I/System.out(19428): Values: -23.999023 -8.399963 -18.719482
01-06 18:47:51.427 I/System.out(19428): Time difference in secs is: 782
01-06 18:47:52.428 I/System.out(19428): Values: -23.399353 -8.518982 -18.899536
01-06 18:47:52.428 I/System.out(19428): Time difference in secs is: 782
01-06 18:47:53.429 I/System.out(19428): Values: -23.81897 -7.8598022 -19.018555
01-06 18:47:53.429 I/System.out(19428): Time difference in secs is: 782
01-06 18:47:54.420 I/System.out(19428): Values: -23.81897 -8.039856 -18.838501
01-06 18:47:54.420 I/System.out(19428): Time difference in secs is: 782
01-06 18:47:55.431 I/System.out(19428): Values: -24.058533 -8.518982 -18.598938
01-06 18:47:55.431 I/System.out(19428): Time difference in secs is: 782
01-06 18:47:56.422 I/System.out(19428): Values: -23.81897 -8.099365 -18.899536
01-06 18:47:56.422 I/System.out(19428): Time difference in secs is: 782
01-06 18:47:57.422 I/System.out(19428): Values: -23.75946 -7.739258 -18.899536
01-06 18:47:57.422 I/System.out(19428): Time difference in secs is: 782
01-06 18:47:58.423 I/System.out(19428): Values: -23.699951 -8.1588745 -19.07959
01-06 18:47:58.423 I/System.out(19428): Time difference in secs is: 782
01-06 18:47:59.424 I/System.out(19428): Values: -23.81897 -8.338928 -18.539429
01-06 18:47:59.424 I/System.out(19428): Time difference in secs is: 782
01-06 18:48:00.425 I/System.out(19428): Values: -23.699951 -8.21991 -18.778992
01-06 18:48:00.425 I/System.out(19428): Time difference in secs is: 782
01-06 18:48:01.426 I/System.out(19428): Values: -23.699951 -8.459473 -18.539429
01-06 18:48:01.426 I/System.out(19428): Time difference in secs is: 782
01-06 18:48:02.427 I/System.out(19428): Values: -23.878479 -7.978821 -18.418884
01-06 18:48:02.427 I/System.out(19428): Time difference in secs is: 782
01-06 18:48:03.428 I/System.out(19428): Values: -23.999023 -8.399963 -18.778992
01-06 18:48:03.428 I/System.out(19428): Time difference in secs is: 782
01-06 18:48:04.429 I/System.out(19428): Values: -23.699951 -8.338928 -18.959045
01-06 18:48:04.429 I/System.out(19428): Time difference in secs is: 782
01-06 18:48:05.430 I/System.out(19428): Values: -23.519897 -8.099365 -19.018555
01-06 18:48:05.430 I/System.out(19428): Time difference in secs is: 782
01-06 18:48:06.421 I/System.out(19428): Values: -23.638916 -8.1588745 -18.47992
01-06 18:48:06.421 I/System.out(19428): Time difference in secs is: 782
01-06 18:48:07.422 I/System.out(19428): Values: -23.939514 -8.039856 -19.1391
01-06 18:48:07.422 I/System.out(19428): Time difference in secs is: 782
01-06 18:48:08.423 I/System.out(19428): Values: -24.058533 -8.1588745 -19.018555
01-06 18:48:08.423 I/System.out(19428): Time difference in secs is: 782
01-06 18:48:09.424 I/System.out(19428): Values: -23.81897 -8.1588745 -18.838501
01-06 18:48:09.424 I/System.out(19428): Time difference in secs is: 782
