01-06 18:15:41.003 I/System.out(18593): Values: 869
01-06 18:15:42.004 I/System.out(18593): Values: 68
01-06 18:15:43.015 I/System.out(18593): Values: 41
01-06 18:15:44.016 I/System.out(18593): Values: 42
01-06 18:15:45.017 I/System.out(18593): Values: 37
01-06 18:15:46.018 I/System.out(18593): Values: 5501
01-06 18:15:47.019 I/System.out(18593): Values: 5723
01-06 18:15:48.020 I/System.out(18593): Values: 123
01-06 18:15:49.011 I/System.out(18593): Values: 29745
01-06 18:15:50.012 I/System.out(18593): Values: 2925
01-06 18:15:51.023 I/System.out(18593): Values: 1357
01-06 18:15:52.024 I/System.out(18593): Values: 13573
01-06 18:15:53.025 I/System.out(18593): Values: 2104
01-06 18:15:54.026 I/System.out(18593): Values: 2541
01-06 18:15:55.027 I/System.out(18593): Values: 2230
01-06 18:15:56.028 I/System.out(18593): Values: 3776
01-06 18:15:57.029 I/System.out(18593): Values: 31587
01-06 18:15:58.030 I/System.out(18593): Values: 32767
01-06 18:15:59.031 I/System.out(18593): Values: 3090
01-06 18:16:00.022 I/System.out(18593): Values: 2012
01-06 18:16:01.023 I/System.out(18593): Values: 1328
01-06 18:16:02.024 I/System.out(18593): Values: 17409
01-06 18:16:03.025 I/System.out(18593): Values: 2632
01-06 18:16:04.026 I/System.out(18593): Values: 6832
01-06 18:16:05.027 I/System.out(18593): Values: 7240
01-06 18:16:06.028 I/System.out(18593): Values: 32767
01-06 18:16:07.029 I/System.out(18593): Values: 6245
01-06 18:16:08.030 I/System.out(18593): Values: 16889
01-06 18:16:09.021 I/System.out(18593): Values: 23706
01-06 18:16:10.022 I/System.out(18593): Values: 17389
01-06 18:16:11.023 I/System.out(18593): Values: 8774
01-06 18:16:12.024 I/System.out(18593): Values: 2333
01-06 18:16:13.025 I/System.out(18593): Values: 2067
01-06 18:16:14.026 I/System.out(18593): Values: 1002
01-06 18:16:15.026 I/System.out(18593): Values: 1685
01-06 18:16:16.027 I/System.out(18593): Values: 20024
01-06 18:16:17.028 I/System.out(18593): Values: 205
01-06 18:16:18.029 I/System.out(18593): Values: 46
01-06 18:16:19.030 I/System.out(18593): Values: 2458
01-06 18:16:20.031 I/System.out(18593): Values: 3001
01-06 18:16:21.032 I/System.out(18593): Values: 280
01-06 18:16:22.043 I/System.out(18593): Values: 2454
01-06 18:16:23.044 I/System.out(18593): Values: 71
01-06 18:16:23.054 I/System.out(18593): Battery level end is reached
01-06 18:16:23.054 I/System.out(18593): Time difference in secs is: 722
01-06 18:16:24.045 I/System.out(18593): Values: 113
01-06 18:16:24.055 I/System.out(18593): Time difference in secs is: 722
01-06 18:16:25.046 I/System.out(18593): Values: 2637
01-06 18:16:25.046 I/System.out(18593): Time difference in secs is: 722
01-06 18:16:26.047 I/System.out(18593): Values: 4092
01-06 18:16:26.047 I/System.out(18593): Time difference in secs is: 722
01-06 18:16:27.048 I/System.out(18593): Values: 4844
01-06 18:16:27.048 I/System.out(18593): Time difference in secs is: 722
01-06 18:16:28.049 I/System.out(18593): Values: 2362
01-06 18:16:28.049 I/System.out(18593): Time difference in secs is: 722
01-06 18:16:29.050 I/System.out(18593): Values: 2990
01-06 18:16:29.050 I/System.out(18593): Time difference in secs is: 722
01-06 18:16:30.051 I/System.out(18593): Values: 3130
01-06 18:16:30.051 I/System.out(18593): Time difference in secs is: 722
01-06 18:16:31.052 I/System.out(18593): Values: 417
01-06 18:16:31.052 I/System.out(18593): Time difference in secs is: 722
01-06 18:16:32.043 I/System.out(18593): Values: 3626
01-06 18:16:32.053 I/System.out(18593): Time difference in secs is: 722
01-06 18:16:33.044 I/System.out(18593): Values: 673
01-06 18:16:33.054 I/System.out(18593): Time difference in secs is: 722
01-06 18:16:34.045 I/System.out(18593): Values: 199
01-06 18:16:34.065 I/System.out(18593): Time difference in secs is: 722
01-06 18:16:35.046 I/System.out(18593): Values: 3950
01-06 18:16:35.056 I/System.out(18593): Time difference in secs is: 722
01-06 18:16:36.047 I/System.out(18593): Values: 3731
01-06 18:16:36.057 I/System.out(18593): Time difference in secs is: 722
01-06 18:16:37.048 I/System.out(18593): Values: 2797
01-06 18:16:37.058 I/System.out(18593): Time difference in secs is: 722
01-06 18:16:38.049 I/System.out(18593): Values: 49
01-06 18:16:38.049 I/System.out(18593): Time difference in secs is: 722
01-06 18:16:39.050 I/System.out(18593): Values: 3027
01-06 18:16:39.050 I/System.out(18593): Time difference in secs is: 722
01-06 18:16:40.051 I/System.out(18593): Values: 214
01-06 18:16:40.051 I/System.out(18593): Time difference in secs is: 722
01-06 18:16:41.052 I/System.out(18593): Values: 155
01-06 18:16:41.052 I/System.out(18593): Time difference in secs is: 722
01-06 18:16:42.053 I/System.out(18593): Values: 148
01-06 18:16:42.053 I/System.out(18593): Time difference in secs is: 722
01-06 18:16:43.054 I/System.out(18593): Values: 232
01-06 18:16:43.054 I/System.out(18593): Time difference in secs is: 722
01-06 18:16:44.055 I/System.out(18593): Values: 61
01-06 18:16:44.065 I/System.out(18593): Time difference in secs is: 722
01-06 18:16:45.056 I/System.out(18593): Values: 44
01-06 18:16:45.066 I/System.out(18593): Time difference in secs is: 722
01-06 18:16:46.057 I/System.out(18593): Values: 63
01-06 18:16:46.067 I/System.out(18593): Time difference in secs is: 722
01-06 18:16:47.058 I/System.out(18593): Values: 3142
01-06 18:16:47.058 I/System.out(18593): Time difference in secs is: 722
01-06 18:16:48.069 I/System.out(18593): Values: 46
01-06 18:16:48.089 I/System.out(18593): Time difference in secs is: 722
01-06 18:16:48.149 D/dalvikvm(18593): GC_CONCURRENT freed 381K, 5% free 9020K/9440K, paused 22ms+1ms, total 67ms
01-06 18:16:49.070 I/System.out(18593): Values: 87
01-06 18:16:49.070 I/System.out(18593): Time difference in secs is: 722
01-06 18:16:50.071 I/System.out(18593): Values: 49
01-06 18:16:50.071 I/System.out(18593): Time difference in secs is: 722
01-06 18:16:51.072 I/System.out(18593): Values: 39
01-06 18:16:51.072 I/System.out(18593): Time difference in secs is: 722
01-06 18:16:52.063 I/System.out(18593): Values: 68
01-06 18:16:52.073 I/System.out(18593): Time difference in secs is: 722
01-06 18:16:53.074 I/System.out(18593): Values: 119
01-06 18:16:53.074 I/System.out(18593): Time difference in secs is: 722
01-06 18:16:54.075 I/System.out(18593): Values: 77
01-06 18:16:54.085 I/System.out(18593): Time difference in secs is: 722
01-06 18:16:55.076 I/System.out(18593): Values: 153
01-06 18:16:55.076 I/System.out(18593): Time difference in secs is: 722
01-06 18:16:56.077 I/System.out(18593): Values: 43
01-06 18:16:56.077 I/System.out(18593): Time difference in secs is: 722
01-06 18:16:57.078 I/System.out(18593): Values: 47
01-06 18:16:57.078 I/System.out(18593): Time difference in secs is: 722
01-06 18:16:58.078 I/System.out(18593): Values: 42
01-06 18:16:58.089 I/System.out(18593): Time difference in secs is: 722
01-06 18:16:59.079 I/System.out(18593): Values: 43
01-06 18:16:59.079 I/System.out(18593): Time difference in secs is: 722
01-06 18:17:00.080 I/System.out(18593): Values: 45
01-06 18:17:00.090 I/System.out(18593): Time difference in secs is: 722
01-06 18:17:01.091 I/System.out(18593): Values: 9611
01-06 18:17:01.091 I/System.out(18593): Time difference in secs is: 722
01-06 18:17:02.092 I/System.out(18593): Values: 2076
01-06 18:17:02.092 I/System.out(18593): Time difference in secs is: 722
01-06 18:17:03.093 I/System.out(18593): Values: 10349
01-06 18:17:03.093 I/System.out(18593): Time difference in secs is: 722
01-06 18:17:04.094 I/System.out(18593): Values: 7694
01-06 18:17:04.104 I/System.out(18593): Time difference in secs is: 722
01-06 18:17:05.095 I/System.out(18593): Values: 29676
01-06 18:17:05.095 I/System.out(18593): Time difference in secs is: 722
01-06 18:17:06.096 I/System.out(18593): Values: 8954
01-06 18:17:06.096 I/System.out(18593): Time difference in secs is: 722
01-06 18:17:07.097 I/System.out(18593): Values: 19507
01-06 18:17:07.107 I/System.out(18593): Time difference in secs is: 722
01-06 18:17:08.098 I/System.out(18593): Values: 32767
01-06 18:17:08.108 I/System.out(18593): Time difference in secs is: 722
01-06 18:17:09.099 I/System.out(18593): Values: 27458
01-06 18:17:09.099 I/System.out(18593): Time difference in secs is: 722
01-06 18:17:10.100 I/System.out(18593): Values: 18326
01-06 18:17:10.100 I/System.out(18593): Time difference in secs is: 722
01-06 18:17:11.101 I/System.out(18593): Values: 9210
01-06 18:17:11.101 I/System.out(18593): Time difference in secs is: 722
01-06 18:17:12.102 I/System.out(18593): Values: 32767
01-06 18:17:12.102 I/System.out(18593): Time difference in secs is: 722
01-06 18:17:13.103 I/System.out(18593): Values: 32767
01-06 18:17:13.103 I/System.out(18593): Time difference in secs is: 722
01-06 18:17:14.104 I/System.out(18593): Values: 32767
01-06 18:17:14.114 I/System.out(18593): Time difference in secs is: 722
01-06 18:17:15.105 I/System.out(18593): Values: 32767
01-06 18:17:15.115 I/System.out(18593): Time difference in secs is: 722
01-06 18:17:15.505 I/EntropyMixer(  512): Writing entropy...
01-06 18:17:15.526 I/ActivityManager(  512): Start proc com.android.chrome for broadcast com.android.chrome/org.chromium.base.PowerStatusReceiver: pid=18824 uid=10009 gids={50009, 1006, 3003, 1015, 1028}
01-06 18:17:15.536 W/PowerUI (  592): unknown intent: Intent { act=android.intent.action.ACTION_POWER_CONNECTED flg=0x8000010 }
01-06 18:17:15.586 I/ActivityManager(  512): Start proc com.google.android.gallery3d for broadcast com.google.android.gallery3d/com.google.android.picasasync.BatteryReceiver: pid=18841 uid=10019 gids={50019, 1006, 3003, 1015, 1028}
01-06 18:17:15.586 I/ActivityManager(  512): No longer want com.android.vending (pid 17753): empty for 2570s
01-06 18:17:15.596 W/ActivityManager(  512): Scheduling restart of crashed service com.android.vending/com.google.android.finsky.services.DailyHygiene in 5000ms
01-06 18:17:15.676 I/ActivityManager(  512): Start proc android.process.media for content provider com.android.providers.media/.MediaProvider: pid=18857 uid=10015 gids={50015, 1015, 1023, 1024, 1028, 2001, 3003, 3007}
01-06 18:17:15.676 D/dalvikvm(  178): GC_EXPLICIT freed 41K, 1% free 8863K/8948K, paused 1ms+3ms, total 22ms
01-06 18:17:15.696 D/dalvikvm(18841): GC_CONCURRENT freed 338K, 5% free 8991K/9368K, paused 6ms+4ms, total 41ms
01-06 18:17:15.696 D/dalvikvm(  178): GC_EXPLICIT freed <1K, 1% free 8863K/8948K, paused 1ms+2ms, total 18ms
01-06 18:17:15.716 D/dalvikvm(  178): GC_EXPLICIT freed <1K, 1% free 8863K/8948K, paused 1ms+2ms, total 15ms
01-06 18:17:15.736 I/ActivityManager(  512): Start proc com.google.android.apps.uploader for broadcast com.google.android.apps.uploader/com.google.android.picasasync.BatteryReceiver: pid=18882 uid=10040 gids={50040, 3003, 1015, 1028}
01-06 18:17:15.736 D/UploadsManager(18841):    wifiOnlyPhoto changed to true
01-06 18:17:15.736 D/UploadsManager(18841):    wifiOnlyVideo changed to true
01-06 18:17:15.736 D/UploadsManager(18841):    syncOnBattery changed to true
01-06 18:17:15.736 D/PicasaSync(18841): sync account database
01-06 18:17:15.736 I/ActivityManager(  512): No longer want com.google.android.music:main (pid 18646): empty for 2465s
01-06 18:17:15.746 W/ActivityManager(  512): Scheduling restart of crashed service com.google.android.music/.playback.MusicPlaybackService in 5000ms
01-06 18:17:15.756 D/PicasaSync(18841): accounts in DB=0
01-06 18:17:15.756 D/PicasaSyncManager(18841): background data: true
01-06 18:17:15.776 D/PicasaSyncManager(18841): battery info: true
01-06 18:17:15.806 D/PicasaUploader(18882):    wifiOnlyPhoto changed to true
01-06 18:17:15.806 D/PicasaUploader(18882):    wifiOnlyVideo changed to true
01-06 18:17:15.806 D/PicasaUploader(18882):    syncOnBattery changed to true
01-06 18:17:15.806 D/PicasaUploaderSync(18882): sync account database
01-06 18:17:15.806 I/ActivityManager(  512): Start proc com.google.android.apps.plus for broadcast com.google.android.apps.plus/.iu.InstantUploadEnvironment$BatteryReceiver: pid=18904 uid=10050 gids={50050, 3003, 3002, 1015, 1006, 1028}
01-06 18:17:15.816 D/PicasaUploaderSync(18882): accounts in DB=0
01-06 18:17:15.816 D/PicasaUploaderSyncManager(18882): background data: true
01-06 18:17:15.826 D/PicasaUploaderSyncManager(18882): battery info: true
01-06 18:17:15.886 D/dalvikvm(18904): GC_CONCURRENT freed 336K, 4% free 9039K/9412K, paused 3ms+1ms, total 21ms
01-06 18:17:15.886 D/dalvikvm(18904): WAIT_FOR_CONCURRENT_GC blocked 8ms
01-06 18:17:15.886 D/dalvikvm(18904): WAIT_FOR_CONCURRENT_GC blocked 8ms
01-06 18:17:15.916 D/dalvikvm(18904): GC_CONCURRENT freed 117K, 2% free 9430K/9588K, paused 1ms+2ms, total 14ms
01-06 18:17:15.916 D/dalvikvm(18904): WAIT_FOR_CONCURRENT_GC blocked 6ms
01-06 18:17:15.926 D/dalvikvm(18904): WAIT_FOR_CONCURRENT_GC blocked 7ms
01-06 18:17:15.976 D/dalvikvm(18904): GC_CONCURRENT freed 146K, 2% free 9786K/9980K, paused 2ms+2ms, total 19ms
01-06 18:17:15.976 D/dalvikvm(18904): WAIT_FOR_CONCURRENT_GC blocked 7ms
01-06 18:17:16.036 D/dalvikvm(18904): GC_CONCURRENT freed 144K, 2% free 10131K/10336K, paused 1ms+3ms, total 24ms
01-06 18:17:16.036 D/dalvikvm(18904): WAIT_FOR_CONCURRENT_GC blocked 15ms
01-06 18:17:16.096 D/dalvikvm(18904): GC_CONCURRENT freed 136K, 2% free 10471K/10680K, paused 1ms+2ms, total 23ms
01-06 18:17:16.096 D/dalvikvm(18904): WAIT_FOR_CONCURRENT_GC blocked 12ms
01-06 18:17:16.106 I/System.out(18593): Values: 32767
01-06 18:17:16.106 I/System.out(18593): Time difference in secs is: 722
01-06 18:17:16.146 D/dalvikvm(18904): GC_CONCURRENT freed 323K, 4% free 10572K/10984K, paused 2ms+1ms, total 22ms
01-06 18:17:16.146 D/dalvikvm(18904): WAIT_FOR_CONCURRENT_GC blocked 19ms
01-06 18:17:16.166 D/dalvikvm(18904): GC_FOR_ALLOC freed 62K, 4% free 10636K/10984K, paused 20ms, total 20ms
01-06 18:17:16.206 D/dalvikvm(18904): GC_FOR_ALLOC freed 126K, 5% free 10764K/11240K, paused 29ms, total 29ms
01-06 18:17:16.206 I/dalvikvm-heap(18904): Grow heap (frag case) to 10.784MB for 250434-byte allocation
01-06 18:17:16.236 D/dalvikvm(18904): GC_FOR_ALLOC freed 0K, 5% free 11008K/11488K, paused 34ms, total 34ms
01-06 18:17:16.266 D/dalvikvm(18904): GC_FOR_ALLOC freed 499K, 7% free 11010K/11744K, paused 22ms, total 22ms
01-06 18:17:16.296 D/dalvikvm(18904): GC_FOR_ALLOC freed 369K, 6% free 11127K/11744K, paused 21ms, total 21ms
01-06 18:17:16.316 D/dalvikvm(18904): GC_FOR_ALLOC freed 126K, 5% free 11255K/11744K, paused 22ms, total 22ms
01-06 18:17:16.406 D/dalvikvm(18904): GC_CONCURRENT freed 373K, 4% free 11683K/12092K, paused 1ms+4ms, total 43ms
01-06 18:17:16.406 D/dalvikvm(18904): WAIT_FOR_CONCURRENT_GC blocked 27ms
01-06 18:17:16.537 D/dalvikvm(18904): GC_CONCURRENT freed 206K, 2% free 12422K/12664K, paused 2ms+2ms, total 28ms
01-06 18:17:16.537 D/dalvikvm(18904): WAIT_FOR_CONCURRENT_GC blocked 8ms
01-06 18:17:16.697 D/dalvikvm(18904): GC_CONCURRENT freed 499K, 4% free 13112K/13648K, paused 2ms+2ms, total 37ms
01-06 18:17:16.697 D/dalvikvm(18904): WAIT_FOR_CONCURRENT_GC blocked 12ms
01-06 18:17:16.887 D/dalvikvm(18904): GC_CONCURRENT freed 587K, 5% free 13944K/14568K, paused 1ms+2ms, total 47ms
01-06 18:17:16.887 D/dalvikvm(18904): WAIT_FOR_CONCURRENT_GC blocked 31ms
01-06 18:17:16.947 D/gp.PicasaPhotoCP(18904): set fsid first time:-1
01-06 18:17:16.957 I/ActivityManager(  512): Start proc com.google.android.youtube for broadcast com.google.android.youtube/.app.prefetch.PrefetchService$DeviceStateReceiver: pid=18932 uid=10063 gids={50063, 3003, 1015, 1006, 1028}
01-06 18:17:17.077 D/dalvikvm(18932): GC_CONCURRENT freed 257K, 4% free 9006K/9300K, paused 1ms+1ms, total 17ms
01-06 18:17:17.107 I/System.out(18593): Values: 24311
01-06 18:17:17.107 I/System.out(18593): Time difference in secs is: 722
01-06 18:17:17.167 D/dalvikvm(18932): GC_CONCURRENT freed 279K, 4% free 9227K/9544K, paused 2ms+3ms, total 15ms
01-06 18:17:17.177 D/dalvikvm(18932): DexOpt: --- BEGIN 'ads-2133300954.jar' (bootstrap=0) ---
01-06 18:17:17.217 D/dalvikvm(18963): DexOpt: load 3ms, verify+opt 5ms, 144708 bytes
01-06 18:17:17.237 D/dalvikvm(18932): DexOpt: --- END 'ads-2133300954.jar' (success) ---
01-06 18:17:17.237 D/dalvikvm(18932): DEX prep '/data/data/com.google.android.youtube/cache/ads-2133300954.jar': unzip in 0ms, rewrite 61ms
01-06 18:17:17.317 D/dalvikvm(  821): GC_EXPLICIT freed 114K, 6% free 9463K/9972K, paused 1ms+4ms, total 27ms
01-06 18:17:17.347 D/dalvikvm(18932): GC_CONCURRENT freed 248K, 3% free 9409K/9696K, paused 3ms+3ms, total 24ms
01-06 18:17:17.367 I/ConversionPing(18932): Sending ping: http://googleads.g.doubleclick.net/pagead/viewthroughconversion/1001680686/?label=8cu4CIrA3gMQrt7R3QM&muid=EmUrK9jpBXsGnFBYwt80rw
01-06 18:17:17.367 E/ConversionPing(18932): ConversionPing could not reach the url, no conversion sent.
01-06 18:17:17.377 D/MtpService(18857): updating state; isCurrentUser=true, mMtpLocked=false
01-06 18:17:17.377 D/MtpService(18857): addStorageLocked 65537 /storage/emulated/0
01-06 18:17:17.387 D/MtpService(18857): updating state; isCurrentUser=true, mMtpLocked=false
01-06 18:17:17.387 D/MtpService(18857): starting MTP server in MTP mode
01-06 18:17:17.387 D/MtpService(18857): addStorageLocked 65537 /storage/emulated/0
01-06 18:17:18.108 I/System.out(18593): Values: 32767
01-06 18:17:18.108 I/System.out(18593): Time difference in secs is: 722
01-06 18:17:19.109 I/System.out(18593): Values: 8563
01-06 18:17:19.109 I/System.out(18593): Time difference in secs is: 722
01-06 18:17:20.100 I/System.out(18593): Values: 2188
01-06 18:17:20.100 I/System.out(18593): Time difference in secs is: 722
01-06 18:17:20.721 W/GAV2    (18841): Thread[GAThread,5,main]: Service unavailable (code=1), will retry.
01-06 18:17:20.721 W/ActivityManager(  512): Unable to start service Intent { act=com.google.android.gms.analytics.service.START (has extras) } U=0: not found
01-06 18:17:20.731 I/GAV2    (18841): Thread[GAThread,5,main]: No campaign data found.
01-06 18:17:20.771 I/ActivityManager(  512): Start proc com.google.android.music:main for service com.google.android.music/.playback.MusicPlaybackService: pid=18989 uid=10041 gids={50041, 3003, 1015, 1028}
01-06 18:17:20.851 I/MusicStore(18989): Database version: 70
01-06 18:17:20.901 D/dalvikvm(18989): GC_CONCURRENT freed 231K, 3% free 9039K/9308K, paused 3ms+2ms, total 25ms
01-06 18:17:21.011 D/dalvikvm(  512): GC_EXPLICIT freed 2037K, 21% free 17402K/21928K, paused 3ms+10ms, total 94ms
01-06 18:17:21.081 D/SystemUtils(18989): getSystemProperty: lpa.decode=null
01-06 18:17:21.091 D/CacheService(18989): onCreate
01-06 18:17:21.101 D/CacheService(18989): onBind
01-06 18:17:21.101 I/System.out(18593): Values: 2008
01-06 18:17:21.101 I/System.out(18593): Time difference in secs is: 722
01-06 18:17:21.111 I/LocalDevicePlayback(18989): Streaming client created.
01-06 18:17:22.102 I/System.out(18593): Values: 3830
01-06 18:17:22.102 I/System.out(18593): Time difference in secs is: 722
01-06 18:17:22.192 D/dalvikvm(18989): GC_CONCURRENT freed 255K, 4% free 9170K/9464K, paused 5ms+2ms, total 34ms
01-06 18:17:22.192 D/dalvikvm(18989): WAIT_FOR_CONCURRENT_GC blocked 24ms
01-06 18:17:22.232 I/MediaStoreImporter(18989): Update: incremental Added music: 0 Updated music: 0 Deleted music: 0 Created playlists: 0 Updated playlists: 0 Deleted playlists: 0 Inserted playlist items: 0 Deleted playlist items: 0 Removed orphaned playlist items: 0
01-06 18:17:23.103 I/System.out(18593): Values: 658
01-06 18:17:23.103 I/System.out(18593): Time difference in secs is: 722
01-06 18:17:24.104 I/System.out(18593): Values: 7051
01-06 18:17:24.114 I/System.out(18593): Time difference in secs is: 722
01-06 18:17:24.474 D/dalvikvm(18857): GC_CONCURRENT freed 233K, 3% free 9038K/9308K, paused 3ms+12ms, total 44ms
01-06 18:17:24.704 D/dalvikvm(  512): GC_EXPLICIT freed 334K, 22% free 17180K/21928K, paused 3ms+7ms, total 85ms
01-06 18:17:24.795 E/JHEAD   (18857): can't open '/storage/emulated/0/something.jpg'
01-06 18:17:25.115 I/System.out(18593): Values: 5089
01-06 18:17:25.115 I/System.out(18593): Time difference in secs is: 722
01-06 18:17:25.735 W/GAV2    (18841): Thread[Service Reconnect,5,main]: Service unavailable (code=1), using local store.
01-06 18:17:25.735 W/ActivityManager(  512): Unable to start service Intent { act=com.google.android.gms.analytics.service.START (has extras) } U=0: not found
01-06 18:17:26.116 I/System.out(18593): Values: 1763
01-06 18:17:26.116 I/System.out(18593): Time difference in secs is: 722
01-06 18:17:26.146 I/MusicLeanback(18989): Conditions not met for autocaching.
01-06 18:17:26.146 I/MusicLeanback(18989): Stop autocaching.
01-06 18:17:27.117 I/System.out(18593): Values: 4964
01-06 18:17:27.117 I/System.out(18593): Time difference in secs is: 722
01-06 18:17:28.128 I/System.out(18593): Values: 1134
01-06 18:17:28.128 I/System.out(18593): Time difference in secs is: 722
01-06 18:17:29.129 I/System.out(18593): Values: 3993
01-06 18:17:29.129 I/System.out(18593): Time difference in secs is: 722
01-06 18:17:30.120 I/System.out(18593): Values: 25820
01-06 18:17:30.120 I/System.out(18593): Time difference in secs is: 722
01-06 18:17:31.121 I/System.out(18593): Values: 10085
01-06 18:17:31.121 I/System.out(18593): Time difference in secs is: 722
01-06 18:17:32.122 I/System.out(18593): Values: 2963
01-06 18:17:32.122 I/System.out(18593): Time difference in secs is: 722
01-06 18:17:33.123 I/System.out(18593): Values: 2210
01-06 18:17:33.123 I/System.out(18593): Time difference in secs is: 722
01-06 18:17:34.124 I/System.out(18593): Values: 32767
01-06 18:17:34.124 I/System.out(18593): Time difference in secs is: 722
01-06 18:17:35.125 I/System.out(18593): Values: 8821
01-06 18:17:35.125 I/System.out(18593): Time difference in secs is: 722
01-06 18:17:36.126 I/System.out(18593): Values: 5825
01-06 18:17:36.126 I/System.out(18593): Time difference in secs is: 722
01-06 18:17:37.127 I/System.out(18593): Values: 4786
01-06 18:17:37.127 I/System.out(18593): Time difference in secs is: 722
01-06 18:17:38.128 I/System.out(18593): Values: 220
01-06 18:17:38.138 I/System.out(18593): Time difference in secs is: 722
01-06 18:17:39.129 I/System.out(18593): Values: 3554
01-06 18:17:39.139 I/System.out(18593): Time difference in secs is: 722
01-06 18:17:40.120 I/System.out(18593): Values: 341
01-06 18:17:40.130 I/System.out(18593): Time difference in secs is: 722
01-06 18:17:41.120 I/System.out(18593): Values: 2985
01-06 18:17:41.130 I/System.out(18593): Time difference in secs is: 722
01-06 18:17:42.121 I/System.out(18593): Values: 873
01-06 18:17:42.131 I/System.out(18593): Time difference in secs is: 722
01-06 18:17:43.122 I/System.out(18593): Values: 1134
01-06 18:17:43.132 I/System.out(18593): Time difference in secs is: 722
01-06 18:17:44.123 I/System.out(18593): Values: 2958
01-06 18:17:44.133 I/System.out(18593): Time difference in secs is: 722
01-06 18:17:45.124 I/System.out(18593): Values: 989
01-06 18:17:45.134 I/System.out(18593): Time difference in secs is: 722
01-06 18:17:46.125 I/System.out(18593): Values: 80
01-06 18:17:46.135 I/System.out(18593): Time difference in secs is: 722
01-06 18:17:47.126 I/System.out(18593): Values: 5858
01-06 18:17:47.136 I/System.out(18593): Time difference in secs is: 722
01-06 18:17:48.127 I/System.out(18593): Values: 5082
01-06 18:17:48.137 I/System.out(18593): Time difference in secs is: 722
01-06 18:17:49.128 I/System.out(18593): Values: 5062
01-06 18:17:49.138 I/System.out(18593): Time difference in secs is: 722
01-06 18:17:50.119 I/System.out(18593): Values: 464
01-06 18:17:50.129 I/System.out(18593): Time difference in secs is: 722
01-06 18:17:51.120 I/System.out(18593): Values: 2977
01-06 18:17:51.130 I/System.out(18593): Time difference in secs is: 722
01-06 18:17:52.121 I/System.out(18593): Values: 2377
01-06 18:17:52.131 I/System.out(18593): Time difference in secs is: 722
01-06 18:17:53.122 I/System.out(18593): Values: 259
01-06 18:17:53.132 I/System.out(18593): Time difference in secs is: 722
