01-08 15:41:45.528 I/System.out( 8416): Time difference in secs is: 902
01-08 15:41:46.509 I/System.out( 8416): Empty value
01-08 15:41:46.519 I/System.out( 8416): Time difference in secs is: 902
01-08 15:41:47.520 I/System.out( 8416): Empty value
01-08 15:41:47.520 I/System.out( 8416): Time difference in secs is: 902
01-08 15:41:48.521 I/System.out( 8416): Empty value
01-08 15:41:48.521 I/System.out( 8416): Time difference in secs is: 902
01-08 15:41:49.522 I/System.out( 8416): Empty value
01-08 15:41:49.522 I/System.out( 8416): Time difference in secs is: 902
01-08 15:41:50.513 I/System.out( 8416): Empty value
01-08 15:41:50.513 I/System.out( 8416): Time difference in secs is: 902
01-08 15:41:51.514 I/System.out( 8416): Empty value
01-08 15:41:51.524 I/System.out( 8416): Time difference in secs is: 902
01-08 15:41:52.515 I/System.out( 8416): Empty value
01-08 15:41:52.525 I/System.out( 8416): Time difference in secs is: 902
01-08 15:41:53.526 I/System.out( 8416): Empty value
01-08 15:41:53.526 I/System.out( 8416): Time difference in secs is: 902
01-08 15:41:54.527 I/System.out( 8416): Empty value
01-08 15:41:54.527 I/System.out( 8416): Time difference in secs is: 902
01-08 15:41:55.528 I/System.out( 8416): Empty value
01-08 15:41:55.528 I/System.out( 8416): Time difference in secs is: 902
01-08 15:41:56.529 I/System.out( 8416): Empty value
01-08 15:41:56.539 I/System.out( 8416): Time difference in secs is: 902
01-08 15:41:57.530 I/System.out( 8416): Empty value
01-08 15:41:57.540 I/System.out( 8416): Time difference in secs is: 902
01-08 15:41:58.531 I/System.out( 8416): Empty value
01-08 15:41:58.541 I/System.out( 8416): Time difference in secs is: 902
01-08 15:41:59.542 I/System.out( 8416): Empty value
01-08 15:41:59.542 I/System.out( 8416): Time difference in secs is: 902
01-08 15:42:00.543 I/System.out( 8416): Empty value
01-08 15:42:00.543 I/System.out( 8416): Time difference in secs is: 902
01-08 15:42:01.534 I/System.out( 8416): Empty value
01-08 15:42:01.534 I/System.out( 8416): Time difference in secs is: 902
01-08 15:42:02.545 I/System.out( 8416): Empty value
01-08 15:42:02.545 I/System.out( 8416): Time difference in secs is: 902
01-08 15:42:03.536 I/System.out( 8416): Empty value
01-08 15:42:03.546 I/System.out( 8416): Time difference in secs is: 902
01-08 15:42:04.547 I/System.out( 8416): Empty value
01-08 15:42:04.547 I/System.out( 8416): Time difference in secs is: 902
01-08 15:42:05.548 I/System.out( 8416): Empty value
01-08 15:42:05.548 I/System.out( 8416): Time difference in secs is: 902
01-08 15:42:06.549 I/System.out( 8416): Empty value
01-08 15:42:06.549 I/System.out( 8416): Time difference in secs is: 902
01-08 15:42:07.550 I/System.out( 8416): Empty value
01-08 15:42:07.560 I/System.out( 8416): Time difference in secs is: 902
01-08 15:42:08.561 I/System.out( 8416): Empty value
01-08 15:42:08.561 I/System.out( 8416): Time difference in secs is: 902
01-08 15:42:09.562 I/System.out( 8416): Empty value
01-08 15:42:09.562 I/System.out( 8416): Time difference in secs is: 902
01-08 15:42:10.563 I/System.out( 8416): Empty value
01-08 15:42:10.563 I/System.out( 8416): Time difference in secs is: 902
01-08 15:42:11.554 I/System.out( 8416): Empty value
01-08 15:42:11.554 I/System.out( 8416): Time difference in secs is: 902
01-08 15:42:12.565 I/System.out( 8416): Empty value
01-08 15:42:12.565 I/System.out( 8416): Time difference in secs is: 902
01-08 15:42:13.556 I/System.out( 8416): Empty value
01-08 15:42:13.566 I/System.out( 8416): Time difference in secs is: 902
01-08 15:42:14.557 I/System.out( 8416): Empty value
01-08 15:42:14.577 I/System.out( 8416): Time difference in secs is: 902
01-08 15:42:15.568 I/System.out( 8416): Empty value
01-08 15:42:15.568 I/System.out( 8416): Time difference in secs is: 902
01-08 15:42:16.569 I/System.out( 8416): Empty value
01-08 15:42:16.569 I/System.out( 8416): Time difference in secs is: 902
01-08 15:42:17.570 I/System.out( 8416): Empty value
01-08 15:42:17.570 I/System.out( 8416): Time difference in secs is: 902
01-08 15:42:18.571 I/System.out( 8416): Empty value
01-08 15:42:18.581 I/System.out( 8416): Time difference in secs is: 902
01-08 15:42:19.572 I/System.out( 8416): Empty value
01-08 15:42:19.572 I/System.out( 8416): Time difference in secs is: 902
01-08 15:42:20.573 I/System.out( 8416): Empty value
01-08 15:42:20.573 I/System.out( 8416): Time difference in secs is: 902
01-08 15:42:21.574 I/System.out( 8416): Empty value
01-08 15:42:21.574 I/System.out( 8416): Time difference in secs is: 902
01-08 15:42:22.575 I/System.out( 8416): Empty value
01-08 15:42:22.575 I/System.out( 8416): Time difference in secs is: 902
01-08 15:42:23.575 I/System.out( 8416): Empty value
01-08 15:42:23.575 I/System.out( 8416): Time difference in secs is: 902
01-08 15:42:24.586 I/System.out( 8416): Empty value
01-08 15:42:24.586 I/System.out( 8416): Time difference in secs is: 902
01-08 15:42:25.577 I/System.out( 8416): Empty value
01-08 15:42:25.587 I/System.out( 8416): Time difference in secs is: 902
01-08 15:42:26.588 I/System.out( 8416): Empty value
01-08 15:42:26.588 I/System.out( 8416): Time difference in secs is: 902
01-08 15:42:27.589 I/System.out( 8416): Empty value
01-08 15:42:27.589 I/System.out( 8416): Time difference in secs is: 902
01-08 15:42:28.590 I/System.out( 8416): Empty value
01-08 15:42:28.600 I/System.out( 8416): Time difference in secs is: 902
01-08 15:42:29.331 D/dalvikvm(  519): GC_CONCURRENT freed 2078K, 19% free 17330K/21280K, paused 5ms+6ms, total 134ms
01-08 15:42:29.591 I/System.out( 8416): Empty value
01-08 15:42:29.591 I/System.out( 8416): Time difference in secs is: 902
01-08 15:42:30.592 I/System.out( 8416): Empty value
01-08 15:42:30.592 I/System.out( 8416): Time difference in secs is: 902
01-08 15:42:31.593 I/System.out( 8416): Empty value
01-08 15:42:31.593 I/System.out( 8416): Time difference in secs is: 902
01-08 15:42:32.594 I/System.out( 8416): Empty value
01-08 15:42:32.594 I/System.out( 8416): Time difference in secs is: 902
01-08 15:42:33.605 I/System.out( 8416): Empty value
01-08 15:42:33.605 I/System.out( 8416): Time difference in secs is: 902
01-08 15:42:34.596 I/System.out( 8416): Empty value
01-08 15:42:34.606 I/System.out( 8416): Time difference in secs is: 902
01-08 15:42:35.607 I/System.out( 8416): Empty value
01-08 15:42:35.607 I/System.out( 8416): Time difference in secs is: 902
01-08 15:42:36.608 I/System.out( 8416): Empty value
01-08 15:42:36.608 I/System.out( 8416): Time difference in secs is: 902
01-08 15:42:37.609 I/System.out( 8416): Empty value
01-08 15:42:37.609 I/System.out( 8416): Time difference in secs is: 902
01-08 15:42:38.610 I/System.out( 8416): Empty value
01-08 15:42:38.610 I/System.out( 8416): Time difference in secs is: 902
01-08 15:42:39.611 I/System.out( 8416): Empty value
01-08 15:42:39.621 I/System.out( 8416): Time difference in secs is: 902
01-08 15:42:40.612 I/System.out( 8416): Empty value
01-08 15:42:40.612 I/System.out( 8416): Time difference in secs is: 902
01-08 15:42:41.613 I/System.out( 8416): Empty value
01-08 15:42:41.613 I/System.out( 8416): Time difference in secs is: 902
01-08 15:42:42.614 I/System.out( 8416): Empty value
01-08 15:42:42.614 I/System.out( 8416): Time difference in secs is: 902
01-08 15:42:43.615 I/System.out( 8416): Empty value
01-08 15:42:43.615 I/System.out( 8416): Time difference in secs is: 902
01-08 15:42:44.616 I/System.out( 8416): Empty value
01-08 15:42:44.616 I/System.out( 8416): Time difference in secs is: 902
01-08 15:42:45.617 I/System.out( 8416): Empty value
01-08 15:42:45.617 I/System.out( 8416): Time difference in secs is: 902
01-08 15:42:46.618 I/System.out( 8416): Empty value
01-08 15:42:46.628 I/System.out( 8416): Time difference in secs is: 902
01-08 15:42:47.619 I/System.out( 8416): Empty value
01-08 15:42:47.639 I/System.out( 8416): Time difference in secs is: 902
01-08 15:42:48.630 I/System.out( 8416): Empty value
01-08 15:42:48.630 I/System.out( 8416): Time difference in secs is: 902
01-08 15:42:49.631 I/System.out( 8416): Empty value
01-08 15:42:49.631 I/System.out( 8416): Time difference in secs is: 902
01-08 15:42:50.632 I/System.out( 8416): Empty value
01-08 15:42:50.632 I/System.out( 8416): Time difference in secs is: 902
01-08 15:42:51.633 I/System.out( 8416): Empty value
01-08 15:42:51.633 I/System.out( 8416): Time difference in secs is: 902
01-08 15:42:52.634 I/System.out( 8416): Empty value
01-08 15:42:52.634 I/System.out( 8416): Time difference in secs is: 902
01-08 15:42:53.635 I/System.out( 8416): Empty value
01-08 15:42:53.635 I/System.out( 8416): Time difference in secs is: 902
01-08 15:42:54.646 I/System.out( 8416): Empty value
01-08 15:42:54.646 I/System.out( 8416): Time difference in secs is: 902
01-08 15:42:55.637 I/System.out( 8416): Empty value
01-08 15:42:55.647 I/System.out( 8416): Time difference in secs is: 902
01-08 15:42:56.648 I/System.out( 8416): Empty value
01-08 15:42:56.648 I/System.out( 8416): Time difference in secs is: 902
01-08 15:42:57.649 I/System.out( 8416): Empty value
01-08 15:42:57.649 I/System.out( 8416): Time difference in secs is: 902
01-08 15:42:58.650 I/System.out( 8416): Empty value
01-08 15:42:58.650 I/System.out( 8416): Time difference in secs is: 902
01-08 15:42:59.651 I/System.out( 8416): Empty value
01-08 15:42:59.651 I/System.out( 8416): Time difference in secs is: 902
01-08 15:43:00.652 I/System.out( 8416): Empty value
01-08 15:43:00.652 I/System.out( 8416): Time difference in secs is: 902
01-08 15:43:01.653 I/System.out( 8416): Empty value
01-08 15:43:01.653 I/System.out( 8416): Time difference in secs is: 902
01-08 15:43:02.654 I/System.out( 8416): Empty value
01-08 15:43:02.664 I/System.out( 8416): Time difference in secs is: 902
01-08 15:43:03.655 I/System.out( 8416): Empty value
01-08 15:43:03.655 I/System.out( 8416): Time difference in secs is: 902
01-08 15:43:04.656 I/System.out( 8416): Empty value
01-08 15:43:04.656 I/System.out( 8416): Time difference in secs is: 902
01-08 15:43:05.657 I/System.out( 8416): Empty value
01-08 15:43:05.657 I/System.out( 8416): Time difference in secs is: 902
01-08 15:43:06.658 I/System.out( 8416): Empty value
01-08 15:43:06.658 I/System.out( 8416): Time difference in secs is: 902
01-08 15:43:07.658 I/System.out( 8416): Empty value
01-08 15:43:07.668 I/System.out( 8416): Time difference in secs is: 902
01-08 15:43:08.669 I/System.out( 8416): Empty value
01-08 15:43:08.669 I/System.out( 8416): Time difference in secs is: 902
01-08 15:43:09.660 I/System.out( 8416): Empty value
01-08 15:43:09.670 I/System.out( 8416): Time difference in secs is: 902
01-08 15:43:10.671 I/System.out( 8416): Empty value
01-08 15:43:10.671 I/System.out( 8416): Time difference in secs is: 902
01-08 15:43:11.672 I/System.out( 8416): Empty value
01-08 15:43:11.672 I/System.out( 8416): Time difference in secs is: 902
01-08 15:43:12.673 I/System.out( 8416): Empty value
01-08 15:43:12.673 I/System.out( 8416): Time difference in secs is: 902
01-08 15:43:13.664 I/System.out( 8416): Empty value
01-08 15:43:13.674 I/System.out( 8416): Time difference in secs is: 902
01-08 15:43:14.665 I/System.out( 8416): Empty value
01-08 15:43:14.675 I/System.out( 8416): Time difference in secs is: 902
01-08 15:43:15.676 I/System.out( 8416): Empty value
01-08 15:43:15.676 I/System.out( 8416): Time difference in secs is: 902
01-08 15:43:16.677 I/System.out( 8416): Empty value
01-08 15:43:16.677 I/System.out( 8416): Time difference in secs is: 902
01-08 15:43:17.678 I/System.out( 8416): Empty value
01-08 15:43:17.688 I/System.out( 8416): Time difference in secs is: 902
01-08 15:43:18.679 I/System.out( 8416): Empty value
01-08 15:43:18.689 I/System.out( 8416): Time difference in secs is: 902
01-08 15:43:19.680 I/System.out( 8416): Empty value
01-08 15:43:19.690 I/System.out( 8416): Time difference in secs is: 902
01-08 15:43:20.691 I/System.out( 8416): Empty value
01-08 15:43:20.691 I/System.out( 8416): Time difference in secs is: 902
01-08 15:43:21.692 I/System.out( 8416): Empty value
01-08 15:43:21.692 I/System.out( 8416): Time difference in secs is: 902
01-08 15:43:22.693 I/System.out( 8416): Empty value
01-08 15:43:22.693 I/System.out( 8416): Time difference in secs is: 902
01-08 15:43:23.694 I/System.out( 8416): Empty value
01-08 15:43:23.694 I/System.out( 8416): Time difference in secs is: 902
01-08 15:43:24.685 I/System.out( 8416): Empty value
01-08 15:43:24.695 I/System.out( 8416): Time difference in secs is: 902
01-08 15:43:25.686 I/System.out( 8416): Empty value
01-08 15:43:25.706 I/System.out( 8416): Time difference in secs is: 902
01-08 15:43:26.687 I/System.out( 8416): Empty value
01-08 15:43:26.697 I/System.out( 8416): Time difference in secs is: 902
01-08 15:43:27.698 I/System.out( 8416): Empty value
01-08 15:43:27.698 I/System.out( 8416): Time difference in secs is: 902
01-08 15:43:28.699 I/System.out( 8416): Empty value
01-08 15:43:28.699 I/System.out( 8416): Time difference in secs is: 902
01-08 15:43:29.700 I/System.out( 8416): Empty value
01-08 15:43:29.700 I/System.out( 8416): Time difference in secs is: 902
01-08 15:43:30.701 I/System.out( 8416): Empty value
01-08 15:43:30.701 I/System.out( 8416): Time difference in secs is: 902
01-08 15:43:31.692 I/System.out( 8416): Empty value
01-08 15:43:31.702 I/System.out( 8416): Time difference in secs is: 902
01-08 15:43:32.703 I/System.out( 8416): Empty value
01-08 15:43:32.713 I/System.out( 8416): Time difference in secs is: 902
01-08 15:43:33.704 I/System.out( 8416): Empty value
01-08 15:43:33.704 I/System.out( 8416): Time difference in secs is: 902
01-08 15:43:34.705 I/System.out( 8416): Empty value
01-08 15:43:34.705 I/System.out( 8416): Time difference in secs is: 902
01-08 15:43:35.706 I/System.out( 8416): Empty value
01-08 15:43:35.706 I/System.out( 8416): Time difference in secs is: 902
01-08 15:43:36.707 I/System.out( 8416): Empty value
01-08 15:43:36.717 I/System.out( 8416): Time difference in secs is: 902
01-08 15:43:37.718 I/System.out( 8416): Empty value
01-08 15:43:37.728 I/System.out( 8416): Time difference in secs is: 902
01-08 15:43:38.709 I/System.out( 8416): Empty value
01-08 15:43:38.719 I/System.out( 8416): Time difference in secs is: 902
01-08 15:43:39.720 I/System.out( 8416): Empty value
01-08 15:43:39.720 I/System.out( 8416): Time difference in secs is: 902
01-08 15:43:40.721 I/System.out( 8416): Empty value
01-08 15:43:40.721 I/System.out( 8416): Time difference in secs is: 902
01-08 15:43:41.722 I/System.out( 8416): Empty value
01-08 15:43:41.722 I/System.out( 8416): Time difference in secs is: 902
01-08 15:43:42.713 I/System.out( 8416): Empty value
01-08 15:43:42.733 I/System.out( 8416): Time difference in secs is: 902
01-08 15:43:43.714 I/System.out( 8416): Empty value
01-08 15:43:43.724 I/System.out( 8416): Time difference in secs is: 902
01-08 15:43:44.725 I/System.out( 8416): Empty value
01-08 15:43:44.725 I/System.out( 8416): Time difference in secs is: 902
01-08 15:43:45.726 I/System.out( 8416): Empty value
01-08 15:43:45.726 I/System.out( 8416): Time difference in secs is: 902
01-08 15:43:46.727 I/System.out( 8416): Empty value
01-08 15:43:46.737 I/System.out( 8416): Time difference in secs is: 902
01-08 15:43:47.728 I/System.out( 8416): Empty value
01-08 15:43:47.738 I/System.out( 8416): Time difference in secs is: 902
01-08 15:43:48.729 I/System.out( 8416): Empty value
01-08 15:43:48.749 I/System.out( 8416): Time difference in secs is: 902
01-08 15:43:49.740 I/System.out( 8416): Empty value
01-08 15:43:49.740 I/System.out( 8416): Time difference in secs is: 902
01-08 15:43:50.741 I/System.out( 8416): Empty value
01-08 15:43:50.751 I/System.out( 8416): Time difference in secs is: 902
01-08 15:43:51.741 I/System.out( 8416): Empty value
01-08 15:43:51.741 I/System.out( 8416): Time difference in secs is: 902
01-08 15:43:52.732 I/System.out( 8416): Empty value
01-08 15:43:52.742 I/System.out( 8416): Time difference in secs is: 902
01-08 15:43:53.743 I/System.out( 8416): Empty value
01-08 15:43:53.753 I/System.out( 8416): Time difference in secs is: 902
01-08 15:43:54.744 I/System.out( 8416): Empty value
01-08 15:43:54.744 I/System.out( 8416): Time difference in secs is: 902
01-08 15:43:55.745 I/System.out( 8416): Empty value
01-08 15:43:55.745 I/System.out( 8416): Time difference in secs is: 902
01-08 15:43:56.746 I/System.out( 8416): Empty value
01-08 15:43:56.746 I/System.out( 8416): Time difference in secs is: 902
01-08 15:43:57.747 I/System.out( 8416): Empty value
01-08 15:43:57.747 I/System.out( 8416): Time difference in secs is: 902
01-08 15:43:58.748 I/System.out( 8416): Empty value
01-08 15:43:58.758 I/System.out( 8416): Time difference in secs is: 902
01-08 15:43:59.749 I/System.out( 8416): Empty value
01-08 15:43:59.759 I/System.out( 8416): Time difference in secs is: 902
01-08 15:44:00.000 I/ActivityManager(  519): No longer want com.google.android.youtube (pid 7341): empty for 1804s
01-08 15:44:00.000 I/ActivityManager(  519): No longer want com.android.vending (pid 7694): empty for 1824s
01-08 15:44:00.020 I/ActivityManager(  519): No longer want com.google.android.gms (pid 7783): empty for 1839s
01-08 15:44:00.020 I/ActivityManager(  519): No longer want com.google.android.googlequicksearchbox (pid 7807): empty for 1839s
01-08 15:44:00.020 I/ActivityManager(  519): No longer want com.android.musicfx (pid 7768): empty for 1839s
01-08 15:44:00.030 I/ActivityManager(  519): No longer want com.google.android.partnersetup (pid 7836): empty for 1839s
01-08 15:44:00.030 I/ActivityManager(  519): No longer want android.process.acore (pid 7730): empty for 1839s
01-08 15:44:00.030 I/ActivityManager(  519): No longer want com.android.defcontainer (pid 7681): empty for 1840s
01-08 15:44:00.120 W/ActivityManager(  519): Scheduling restart of crashed service com.android.vending/com.google.android.finsky.services.DailyHygiene in 5000ms
01-08 15:44:00.750 I/System.out( 8416): Empty value
01-08 15:44:00.760 I/System.out( 8416): Time difference in secs is: 902
01-08 15:44:01.761 I/System.out( 8416): Empty value
01-08 15:44:01.761 I/System.out( 8416): Time difference in secs is: 902
01-08 15:44:02.762 I/System.out( 8416): Empty value
01-08 15:44:02.762 I/System.out( 8416): Time difference in secs is: 902
01-08 15:44:03.753 I/System.out( 8416): Empty value
01-08 15:44:03.753 I/System.out( 8416): Time difference in secs is: 902
01-08 15:44:04.764 I/System.out( 8416): Empty value
01-08 15:44:04.764 I/System.out( 8416): Time difference in secs is: 902
01-08 15:44:05.755 I/System.out( 8416): Empty value
01-08 15:44:05.765 I/System.out( 8416): Time difference in secs is: 902
01-08 15:44:06.756 I/System.out( 8416): Empty value
01-08 15:44:06.766 I/System.out( 8416): Time difference in secs is: 902
01-08 15:44:07.767 I/System.out( 8416): Empty value
01-08 15:44:07.767 I/System.out( 8416): Time difference in secs is: 902
01-08 15:44:08.768 I/System.out( 8416): Empty value
01-08 15:44:08.778 I/System.out( 8416): Time difference in secs is: 902
01-08 15:44:09.769 I/System.out( 8416): Empty value
01-08 15:44:09.779 I/System.out( 8416): Time difference in secs is: 902
01-08 15:44:09.829 D/dalvikvm( 8416): GC_CONCURRENT freed 374K, 5% free 9035K/9448K, paused 1ms+9ms, total 47ms
01-08 15:44:10.780 I/System.out( 8416): Empty value
01-08 15:44:10.780 I/System.out( 8416): Time difference in secs is: 902
01-08 15:44:11.781 I/System.out( 8416): Empty value
01-08 15:44:11.781 I/System.out( 8416): Time difference in secs is: 902
01-08 15:44:12.782 I/System.out( 8416): Empty value
01-08 15:44:12.782 I/System.out( 8416): Time difference in secs is: 902
01-08 15:44:13.783 I/System.out( 8416): Empty value
01-08 15:44:13.783 I/System.out( 8416): Time difference in secs is: 902
01-08 15:44:14.774 I/System.out( 8416): Empty value
01-08 15:44:14.774 I/System.out( 8416): Time difference in secs is: 902
01-08 15:44:15.775 I/System.out( 8416): Empty value
01-08 15:44:15.785 I/System.out( 8416): Time difference in secs is: 902
01-08 15:44:16.776 I/System.out( 8416): Empty value
01-08 15:44:16.786 I/System.out( 8416): Time difference in secs is: 902
01-08 15:44:17.777 I/System.out( 8416): Empty value
01-08 15:44:17.787 I/System.out( 8416): Time difference in secs is: 902
01-08 15:44:18.788 I/System.out( 8416): Empty value
01-08 15:44:18.788 I/System.out( 8416): Time difference in secs is: 902
01-08 15:44:19.789 I/System.out( 8416): Empty value
01-08 15:44:19.789 I/System.out( 8416): Time difference in secs is: 902
01-08 15:44:20.790 I/System.out( 8416): Empty value
01-08 15:44:20.790 I/System.out( 8416): Time difference in secs is: 902
01-08 15:44:21.791 I/System.out( 8416): Empty value
01-08 15:44:21.791 I/System.out( 8416): Time difference in secs is: 902
01-08 15:44:22.792 I/System.out( 8416): Empty value
01-08 15:44:22.792 I/System.out( 8416): Time difference in secs is: 902
01-08 15:44:23.793 I/System.out( 8416): Empty value
01-08 15:44:23.793 I/System.out( 8416): Time difference in secs is: 902
01-08 15:44:24.794 I/System.out( 8416): Empty value
01-08 15:44:24.794 I/System.out( 8416): Time difference in secs is: 902
01-08 15:44:25.785 I/System.out( 8416): Empty value
01-08 15:44:25.785 I/System.out( 8416): Time difference in secs is: 902
01-08 15:44:26.786 I/System.out( 8416): Empty value
01-08 15:44:26.786 I/System.out( 8416): Time difference in secs is: 902
01-08 15:44:27.787 I/System.out( 8416): Empty value
01-08 15:44:27.797 I/System.out( 8416): Time difference in secs is: 902
01-08 15:44:28.788 I/System.out( 8416): Empty value
01-08 15:44:28.798 I/System.out( 8416): Time difference in secs is: 902
01-08 15:44:29.799 I/System.out( 8416): Empty value
01-08 15:44:29.799 I/System.out( 8416): Time difference in secs is: 902
01-08 15:44:30.800 I/System.out( 8416): Empty value
01-08 15:44:30.800 I/System.out( 8416): Time difference in secs is: 902
01-08 15:44:31.801 I/System.out( 8416): Empty value
01-08 15:44:31.801 I/System.out( 8416): Time difference in secs is: 902
01-08 15:44:32.802 I/System.out( 8416): Empty value
01-08 15:44:32.802 I/System.out( 8416): Time difference in secs is: 902
01-08 15:44:33.803 I/System.out( 8416): Empty value
01-08 15:44:33.803 I/System.out( 8416): Time difference in secs is: 902
01-08 15:44:34.793 I/System.out( 8416): Empty value
01-08 15:44:34.804 I/System.out( 8416): Time difference in secs is: 902
01-08 15:44:35.794 I/System.out( 8416): Empty value
01-08 15:44:35.804 I/System.out( 8416): Time difference in secs is: 902
01-08 15:44:36.805 I/System.out( 8416): Empty value
01-08 15:44:36.805 I/System.out( 8416): Time difference in secs is: 902
01-08 15:44:37.806 I/System.out( 8416): Empty value
01-08 15:44:37.806 I/System.out( 8416): Time difference in secs is: 902
01-08 15:44:38.807 I/System.out( 8416): Empty value
01-08 15:44:38.807 I/System.out( 8416): Time difference in secs is: 902
01-08 15:44:39.808 I/System.out( 8416): Empty value
01-08 15:44:39.808 I/System.out( 8416): Time difference in secs is: 902
01-08 15:44:40.809 I/System.out( 8416): Empty value
01-08 15:44:40.809 I/System.out( 8416): Time difference in secs is: 902
01-08 15:44:41.810 I/System.out( 8416): Empty value
01-08 15:44:41.810 I/System.out( 8416): Time difference in secs is: 902
01-08 15:44:42.811 I/System.out( 8416): Empty value
01-08 15:44:42.811 I/System.out( 8416): Time difference in secs is: 902
01-08 15:44:43.802 I/System.out( 8416): Empty value
01-08 15:44:43.812 I/System.out( 8416): Time difference in secs is: 902
01-08 15:44:44.803 I/System.out( 8416): Empty value
01-08 15:44:44.823 I/System.out( 8416): Time difference in secs is: 902
01-08 15:44:45.814 I/System.out( 8416): Empty value
01-08 15:44:45.814 I/System.out( 8416): Time difference in secs is: 902
01-08 15:44:46.815 I/System.out( 8416): Empty value
01-08 15:44:46.815 I/System.out( 8416): Time difference in secs is: 902
01-08 15:44:47.826 I/System.out( 8416): Empty value
01-08 15:44:47.826 I/System.out( 8416): Time difference in secs is: 902
01-08 15:44:48.817 I/System.out( 8416): Empty value
01-08 15:44:48.827 I/System.out( 8416): Time difference in secs is: 902
01-08 15:44:49.828 I/System.out( 8416): Empty value
01-08 15:44:49.838 I/System.out( 8416): Time difference in secs is: 902
01-08 15:44:50.829 I/System.out( 8416): Empty value
01-08 15:44:50.839 I/System.out( 8416): Time difference in secs is: 902
01-08 15:44:51.840 I/System.out( 8416): Empty value
01-08 15:44:51.840 I/System.out( 8416): Time difference in secs is: 902
01-08 15:44:52.831 I/System.out( 8416): Empty value
01-08 15:44:52.841 I/System.out( 8416): Time difference in secs is: 902
01-08 15:44:53.842 I/System.out( 8416): Empty value
01-08 15:44:53.842 I/System.out( 8416): Time difference in secs is: 902
01-08 15:44:54.833 I/System.out( 8416): Empty value
01-08 15:44:54.833 I/System.out( 8416): Time difference in secs is: 902
01-08 15:44:55.844 I/System.out( 8416): Empty value
01-08 15:44:55.844 I/System.out( 8416): Time difference in secs is: 902
01-08 15:44:56.835 I/System.out( 8416): Empty value
01-08 15:44:56.845 I/System.out( 8416): Time difference in secs is: 902
01-08 15:44:57.836 I/System.out( 8416): Empty value
01-08 15:44:57.856 I/System.out( 8416): Time difference in secs is: 902
01-08 15:44:58.847 I/System.out( 8416): Empty value
01-08 15:44:58.847 I/System.out( 8416): Time difference in secs is: 902
01-08 15:44:59.848 I/System.out( 8416): Empty value
01-08 15:44:59.858 I/System.out( 8416): Time difference in secs is: 902
01-08 15:44:59.998 I/ActivityManager(  519): No longer want com.android.chrome (pid 7534): empty for 1852s
01-08 15:45:00.849 I/System.out( 8416): Empty value
01-08 15:45:00.859 I/System.out( 8416): Time difference in secs is: 902
01-08 15:45:01.860 I/System.out( 8416): Empty value
01-08 15:45:01.860 I/System.out( 8416): Time difference in secs is: 902
01-08 15:45:02.861 I/System.out( 8416): Empty value
01-08 15:45:02.861 I/System.out( 8416): Time difference in secs is: 902
01-08 15:45:03.862 I/System.out( 8416): Empty value
01-08 15:45:03.862 I/System.out( 8416): Time difference in secs is: 902
01-08 15:45:04.853 I/System.out( 8416): Empty value
01-08 15:45:04.873 I/System.out( 8416): Time difference in secs is: 902
01-08 15:45:05.864 I/System.out( 8416): Empty value
01-08 15:45:05.864 I/System.out( 8416): Time difference in secs is: 902
01-08 15:45:06.865 I/System.out( 8416): Empty value
01-08 15:45:06.865 I/System.out( 8416): Time difference in secs is: 902
01-08 15:45:07.866 I/System.out( 8416): Empty value
01-08 15:45:07.866 I/System.out( 8416): Time difference in secs is: 902
01-08 15:45:08.867 I/System.out( 8416): Empty value
01-08 15:45:08.867 I/System.out( 8416): Time difference in secs is: 902
01-08 15:45:09.868 I/System.out( 8416): Empty value
01-08 15:45:09.878 I/System.out( 8416): Time difference in secs is: 902
01-08 15:45:10.869 I/System.out( 8416): Empty value
01-08 15:45:10.879 I/System.out( 8416): Time difference in secs is: 902
01-08 15:45:11.870 I/System.out( 8416): Empty value
01-08 15:45:11.880 I/System.out( 8416): Time difference in secs is: 902
01-08 15:45:12.881 I/System.out( 8416): Empty value
01-08 15:45:12.881 I/System.out( 8416): Time difference in secs is: 902
01-08 15:45:13.882 I/System.out( 8416): Empty value
01-08 15:45:13.882 I/System.out( 8416): Time difference in secs is: 902
01-08 15:45:14.883 I/System.out( 8416): Empty value
01-08 15:45:14.883 I/System.out( 8416): Time difference in secs is: 902
01-08 15:45:15.884 I/System.out( 8416): Empty value
01-08 15:45:15.884 I/System.out( 8416): Time difference in secs is: 902
01-08 15:45:16.875 I/System.out( 8416): Empty value
01-08 15:45:16.885 I/System.out( 8416): Time difference in secs is: 902
01-08 15:45:17.886 I/System.out( 8416): Empty value
01-08 15:45:17.886 I/System.out( 8416): Time difference in secs is: 902
01-08 15:45:18.887 I/System.out( 8416): Empty value
01-08 15:45:18.887 I/System.out( 8416): Time difference in secs is: 902
01-08 15:45:19.887 I/System.out( 8416): Empty value
01-08 15:45:19.897 I/System.out( 8416): Time difference in secs is: 902
01-08 15:45:20.888 I/System.out( 8416): Empty value
01-08 15:45:20.898 I/System.out( 8416): Time difference in secs is: 902
01-08 15:45:21.899 I/System.out( 8416): Empty value
01-08 15:45:21.899 I/System.out( 8416): Time difference in secs is: 902
01-08 15:45:22.900 I/System.out( 8416): Empty value
01-08 15:45:22.900 I/System.out( 8416): Time difference in secs is: 902
01-08 15:45:23.901 I/System.out( 8416): Empty value
01-08 15:45:23.901 I/System.out( 8416): Time difference in secs is: 902
01-08 15:45:24.722 W/PowerUI (  601): unknown intent: Intent { act=android.intent.action.ACTION_POWER_CONNECTED flg=0x8000010 }
01-08 15:45:24.732 I/EntropyMixer(  519): Writing entropy...
01-08 15:45:24.742 I/ActivityManager(  519): Start proc com.android.chrome for broadcast com.android.chrome/org.chromium.base.PowerStatusReceiver: pid=8568 uid=10009 gids={50009, 1006, 3003, 1015, 1028}
01-08 15:45:24.802 D/PicasaSyncManager( 7279): battery info: true
01-08 15:45:24.812 D/PicasaUploaderSyncManager( 7303): battery info: true
01-08 15:45:24.822 I/ActivityManager(  519): Start proc com.google.android.youtube for broadcast com.google.android.youtube/.app.prefetch.PrefetchService$DeviceStateReceiver: pid=8591 uid=10063 gids={50063, 3003, 1015, 1006, 1028}
01-08 15:45:24.822 I/ActivityManager(  519): No longer want android.process.media (pid 7249): empty for 1876s
01-08 15:45:24.832 D/dalvikvm( 7303): GC_CONCURRENT freed 284K, 4% free 8970K/9292K, paused 1ms+1ms, total 19ms
01-08 15:45:24.892 I/System.out( 8416): Empty value
01-08 15:45:24.892 I/System.out( 8416): Time difference in secs is: 902
01-08 15:45:24.922 D/dalvikvm( 8591): GC_CONCURRENT freed 280K, 4% free 9003K/9320K, paused 2ms+1ms, total 16ms
01-08 15:45:25.022 D/dalvikvm( 8591): GC_CONCURRENT freed 281K, 4% free 9233K/9552K, paused 1ms+3ms, total 19ms
01-08 15:45:25.043 D/dalvikvm( 8591): DexOpt: --- BEGIN 'ads782366099.jar' (bootstrap=0) ---
01-08 15:45:25.073 D/dalvikvm( 8618): DexOpt: load 3ms, verify+opt 5ms, 144708 bytes
01-08 15:45:25.103 D/dalvikvm( 8591): DexOpt: --- END 'ads782366099.jar' (success) ---
01-08 15:45:25.103 D/dalvikvm( 8591): DEX prep '/data/data/com.google.android.youtube/cache/ads782366099.jar': unzip in 0ms, rewrite 61ms
01-08 15:45:25.183 I/ConversionPing( 8591): Sending ping: http://googleads.g.doubleclick.net/pagead/viewthroughconversion/1001680686/?label=8cu4CIrA3gMQrt7R3QM&muid=EmUrK9jpBXsGnFBYwt80rw
01-08 15:45:25.183 E/ConversionPing( 8591): ConversionPing could not reach the url, no conversion sent.
01-08 15:45:25.193 D/dalvikvm( 8591): GC_CONCURRENT freed 276K, 4% free 9431K/9744K, paused 3ms+4ms, total 37ms
01-08 15:45:25.703 I/ActivityManager(  519): Start proc android.process.media for broadcast com.android.providers.media/.MtpReceiver: pid=8640 uid=10015 gids={50015, 1015, 1023, 1024, 1028, 2001, 3003, 3007}
01-08 15:45:25.833 D/MtpService( 8640): updating state; isCurrentUser=true, mMtpLocked=false
01-08 15:45:25.843 D/MtpService( 8640): addStorageLocked 65537 /storage/emulated/0
01-08 15:45:25.843 D/MtpService( 8640): updating state; isCurrentUser=true, mMtpLocked=false
01-08 15:45:25.843 D/MtpService( 8640): starting MTP server in MTP mode
01-08 15:45:25.843 D/MtpService( 8640): addStorageLocked 65537 /storage/emulated/0
01-08 15:45:25.893 I/System.out( 8416): Empty value
01-08 15:45:25.893 I/System.out( 8416): Time difference in secs is: 902
01-08 15:45:26.894 I/System.out( 8416): Empty value
01-08 15:45:26.894 I/System.out( 8416): Time difference in secs is: 902
01-08 15:45:27.425 D/dalvikvm( 8640): GC_CONCURRENT freed 229K, 3% free 9034K/9300K, paused 2ms+3ms, total 21ms
01-08 15:45:27.595 D/dalvikvm(  519): GC_EXPLICIT freed 563K, 19% free 17273K/21280K, paused 3ms+8ms, total 90ms
01-08 15:45:27.895 I/System.out( 8416): Empty value
01-08 15:45:27.895 I/System.out( 8416): Time difference in secs is: 902
01-08 15:45:28.896 I/System.out( 8416): Empty value
01-08 15:45:28.906 I/System.out( 8416): Time difference in secs is: 902
01-08 15:45:29.897 I/System.out( 8416): Empty value
01-08 15:45:29.897 I/System.out( 8416): Time difference in secs is: 902
01-08 15:45:30.898 I/System.out( 8416): Empty value
01-08 15:45:30.898 I/System.out( 8416): Time difference in secs is: 902
01-08 15:45:31.899 I/System.out( 8416): Empty value
01-08 15:45:31.899 I/System.out( 8416): Time difference in secs is: 902
01-08 15:45:32.900 I/System.out( 8416): Empty value
01-08 15:45:32.900 I/System.out( 8416): Time difference in secs is: 902
01-08 15:45:33.901 I/System.out( 8416): Empty value
01-08 15:45:33.901 I/System.out( 8416): Time difference in secs is: 902
01-08 15:45:34.902 I/System.out( 8416): Empty value
01-08 15:45:34.902 I/System.out( 8416): Time difference in secs is: 902
01-08 15:45:35.903 I/System.out( 8416): Empty value
01-08 15:45:35.903 I/System.out( 8416): Time difference in secs is: 902
01-08 15:45:36.904 I/System.out( 8416): Empty value
01-08 15:45:36.904 I/System.out( 8416): Time difference in secs is: 902
01-08 15:45:37.895 I/System.out( 8416): Empty value
01-08 15:45:37.895 I/System.out( 8416): Time difference in secs is: 902
01-08 15:45:38.896 I/System.out( 8416): Empty value
01-08 15:45:38.896 I/System.out( 8416): Time difference in secs is: 902
01-08 15:45:39.897 I/System.out( 8416): Empty value
01-08 15:45:39.897 I/System.out( 8416): Time difference in secs is: 902
01-08 15:45:40.898 I/System.out( 8416): Empty value
01-08 15:45:40.898 I/System.out( 8416): Time difference in secs is: 902
01-08 15:45:41.899 I/System.out( 8416): Empty value
01-08 15:45:41.899 I/System.out( 8416): Time difference in secs is: 902
01-08 15:45:42.900 I/System.out( 8416): Empty value
01-08 15:45:42.900 I/System.out( 8416): Time difference in secs is: 902
01-08 15:45:43.901 I/System.out( 8416): Empty value
01-08 15:45:43.901 I/System.out( 8416): Time difference in secs is: 902
01-08 15:45:44.902 I/System.out( 8416): Empty value
01-08 15:45:44.902 I/System.out( 8416): Time difference in secs is: 902
01-08 15:45:45.903 I/System.out( 8416): Empty value
01-08 15:45:45.903 I/System.out( 8416): Time difference in secs is: 902
01-08 15:45:46.904 I/System.out( 8416): Empty value
01-08 15:45:46.904 I/System.out( 8416): Time difference in secs is: 902
