01-09 14:02:41.048 I/System.out( 5076): 19
01-09 14:02:41.048 I/System.out( 5076): Time difference in secs is: 481
01-09 14:02:41.799 D/dalvikvm(  704): GC_CONCURRENT freed 416K, 5% free 10416K/10932K, paused 3ms+4ms, total 51ms
01-09 14:02:42.059 I/System.out( 5076): 20
01-09 14:02:42.079 I/System.out( 5076): Time difference in secs is: 481
01-09 14:02:43.060 I/System.out( 5076): 19
01-09 14:02:43.110 I/System.out( 5076): Time difference in secs is: 481
01-09 14:02:44.051 I/System.out( 5076): 19
01-09 14:02:44.051 I/System.out( 5076): Time difference in secs is: 481
01-09 14:02:45.062 I/System.out( 5076): 19
01-09 14:02:45.072 I/System.out( 5076): Time difference in secs is: 481
01-09 14:02:46.053 I/System.out( 5076): 19
01-09 14:02:46.053 I/System.out( 5076): Time difference in secs is: 481
01-09 14:02:46.653 D/dalvikvm(  704): GC_CONCURRENT freed 419K, 5% free 10408K/10932K, paused 2ms+4ms, total 38ms
01-09 14:02:47.064 I/System.out( 5076): 19
01-09 14:02:47.074 I/System.out( 5076): Time difference in secs is: 481
01-09 14:02:48.055 I/System.out( 5076): 19
01-09 14:02:48.055 I/System.out( 5076): Time difference in secs is: 481
01-09 14:02:49.066 I/System.out( 5076): 19
01-09 14:02:49.066 I/System.out( 5076): Time difference in secs is: 481
01-09 14:02:50.057 I/System.out( 5076): 19
01-09 14:02:50.057 I/System.out( 5076): Time difference in secs is: 481
01-09 14:02:51.068 I/System.out( 5076): 19
01-09 14:02:51.068 I/System.out( 5076): Time difference in secs is: 481
01-09 14:02:51.188 D/dalvikvm(  704): GC_CONCURRENT freed 413K, 5% free 10406K/10932K, paused 2ms+3ms, total 44ms
01-09 14:02:52.069 I/System.out( 5076): 19
01-09 14:02:52.069 I/System.out( 5076): Time difference in secs is: 481
01-09 14:02:53.060 I/System.out( 5076): 19
01-09 14:02:53.060 I/System.out( 5076): Time difference in secs is: 481
01-09 14:02:54.061 I/System.out( 5076): 19
01-09 14:02:54.071 I/System.out( 5076): Time difference in secs is: 481
01-09 14:02:54.401 D/dalvikvm(  512): GC_CONCURRENT freed 1920K, 22% free 16760K/21220K, paused 4ms+7ms, total 75ms
01-09 14:02:55.072 I/System.out( 5076): 20
01-09 14:02:55.072 I/System.out( 5076): Time difference in secs is: 481
01-09 14:02:55.092 D/dalvikvm( 5076): GC_CONCURRENT freed 391K, 5% free 9084K/9520K, paused 1ms+2ms, total 28ms
01-09 14:02:55.652 D/dalvikvm(  704): GC_CONCURRENT freed 413K, 5% free 10410K/10932K, paused 3ms+5ms, total 44ms
01-09 14:02:56.073 I/System.out( 5076): 20
01-09 14:02:56.073 I/System.out( 5076): Time difference in secs is: 481
01-09 14:02:57.074 I/System.out( 5076): 20
01-09 14:02:57.074 I/System.out( 5076): Time difference in secs is: 481
01-09 14:02:58.075 I/System.out( 5076): 20
01-09 14:02:58.085 I/System.out( 5076): Time difference in secs is: 481
01-09 14:02:59.066 I/System.out( 5076): 20
01-09 14:02:59.086 I/System.out( 5076): Time difference in secs is: 481
01-09 14:02:59.306 I/EntropyMixer(  512): Writing entropy...
01-09 14:02:59.336 W/PowerUI (  585): unknown intent: Intent { act=android.intent.action.ACTION_POWER_CONNECTED flg=0x8000010 }
01-09 14:02:59.356 D/PicasaUploaderSyncManager( 4521): battery info: true
01-09 14:02:59.376 D/PicasaSyncManager( 4488): battery info: true
01-09 14:03:00.067 I/System.out( 5076): 20
01-09 14:03:00.067 I/System.out( 5076): Time difference in secs is: 481
01-09 14:03:00.407 D/MtpService( 4504): updating state; isCurrentUser=true, mMtpLocked=false
01-09 14:03:00.407 D/MtpService( 4504): addStorageLocked 65537 /storage/emulated/0
01-09 14:03:00.417 D/MtpService( 4504): updating state; isCurrentUser=true, mMtpLocked=false
01-09 14:03:00.417 D/MtpService( 4504): starting MTP server in MTP mode
01-09 14:03:00.417 D/MtpService( 4504): addStorageLocked 65537 /storage/emulated/0
01-09 14:03:00.487 D/dalvikvm(  704): GC_CONCURRENT freed 430K, 5% free 10413K/10932K, paused 2ms+3ms, total 25ms
01-09 14:03:01.068 I/System.out( 5076): 18
01-09 14:03:01.068 I/System.out( 5076): Time difference in secs is: 481
01-09 14:03:02.069 I/System.out( 5076): 18
01-09 14:03:02.079 I/System.out( 5076): Time difference in secs is: 481
01-09 14:03:02.709 D/dalvikvm( 4504): GC_CONCURRENT freed 226K, 3% free 9224K/9484K, paused 2ms+5ms, total 44ms
01-09 14:03:02.859 D/dalvikvm(  512): GC_EXPLICIT freed 1206K, 22% free 16691K/21220K, paused 3ms+8ms, total 74ms
01-09 14:03:03.070 I/System.out( 5076): 19
01-09 14:03:03.070 I/System.out( 5076): Time difference in secs is: 481
01-09 14:03:04.070 I/System.out( 5076): 19
01-09 14:03:04.070 I/System.out( 5076): Time difference in secs is: 481
01-09 14:03:04.851 D/dalvikvm(  704): GC_CONCURRENT freed 424K, 5% free 10396K/10932K, paused 7ms+4ms, total 59ms
01-09 14:03:05.081 I/System.out( 5076): 19
01-09 14:03:05.091 I/System.out( 5076): Time difference in secs is: 481
01-09 14:03:06.072 I/System.out( 5076): 19
01-09 14:03:06.082 I/System.out( 5076): Time difference in secs is: 481
01-09 14:03:07.083 I/System.out( 5076): 19
01-09 14:03:07.093 I/System.out( 5076): Time difference in secs is: 481
01-09 14:03:08.094 I/System.out( 5076): 19
01-09 14:03:08.094 I/System.out( 5076): Time difference in secs is: 481
01-09 14:03:09.075 I/System.out( 5076): 18
01-09 14:03:09.075 I/System.out( 5076): Time difference in secs is: 481
01-09 14:03:09.155 D/dalvikvm(  704): GC_CONCURRENT freed 408K, 5% free 10397K/10932K, paused 4ms+3ms, total 43ms
01-09 14:03:10.086 I/System.out( 5076): 19
01-09 14:03:10.096 I/System.out( 5076): Time difference in secs is: 481
01-09 14:03:11.077 I/System.out( 5076): 19
01-09 14:03:11.077 I/System.out( 5076): Time difference in secs is: 481
01-09 14:03:12.088 I/System.out( 5076): 19
01-09 14:03:12.088 I/System.out( 5076): Time difference in secs is: 481
01-09 14:03:13.079 I/System.out( 5076): 20
01-09 14:03:13.079 I/System.out( 5076): Time difference in secs is: 481
01-09 14:03:13.620 D/dalvikvm(  704): GC_CONCURRENT freed 419K, 5% free 10406K/10932K, paused 7ms+3ms, total 75ms
01-09 14:03:14.100 I/System.out( 5076): 20
01-09 14:03:14.120 I/System.out( 5076): Time difference in secs is: 481
01-09 14:03:15.091 I/System.out( 5076): 19
01-09 14:03:15.091 I/System.out( 5076): Time difference in secs is: 481
01-09 14:03:16.102 I/System.out( 5076): 19
01-09 14:03:16.152 I/System.out( 5076): Time difference in secs is: 481
01-09 14:03:17.083 I/System.out( 5076): 19
01-09 14:03:17.093 I/System.out( 5076): Time difference in secs is: 481
01-09 14:03:18.114 I/System.out( 5076): 18
01-09 14:03:18.114 I/System.out( 5076): Time difference in secs is: 481
01-09 14:03:18.184 D/dalvikvm(  704): GC_CONCURRENT freed 417K, 5% free 10400K/10932K, paused 7ms+3ms, total 56ms
01-09 14:03:19.105 I/System.out( 5076): 19
01-09 14:03:19.125 I/System.out( 5076): Time difference in secs is: 481
01-09 14:03:20.106 I/System.out( 5076): 19
01-09 14:03:20.126 I/System.out( 5076): Time difference in secs is: 481
01-09 14:03:20.787 D/dalvikvm(  512): GC_CONCURRENT freed 1773K, 21% free 16783K/21220K, paused 19ms+7ms, total 127ms
01-09 14:03:21.087 I/System.out( 5076): 19
01-09 14:03:21.087 I/System.out( 5076): Time difference in secs is: 481
01-09 14:03:22.098 I/System.out( 5076): 19
01-09 14:03:22.098 I/System.out( 5076): Time difference in secs is: 481
01-09 14:03:22.619 D/dalvikvm(  704): GC_CONCURRENT freed 412K, 5% free 10399K/10932K, paused 3ms+4ms, total 39ms
01-09 14:03:23.159 D/dalvikvm( 5076): GC_FOR_ALLOC freed 499K, 6% free 9097K/9632K, paused 73ms, total 74ms
01-09 14:03:23.189 I/System.out( 5076): 19
01-09 14:03:23.189 I/System.out( 5076): Time difference in secs is: 481
01-09 14:03:24.090 I/System.out( 5076): 19
01-09 14:03:24.100 I/System.out( 5076): Time difference in secs is: 481
01-09 14:03:25.091 I/System.out( 5076): 19
01-09 14:03:25.091 I/System.out( 5076): Time difference in secs is: 481
01-09 14:03:26.092 I/System.out( 5076): 17
01-09 14:03:26.102 I/System.out( 5076): Time difference in secs is: 481
01-09 14:03:26.973 D/dalvikvm(  704): GC_CONCURRENT freed 403K, 5% free 10396K/10932K, paused 2ms+4ms, total 42ms
01-09 14:03:27.093 I/System.out( 5076): 18
01-09 14:03:27.093 I/System.out( 5076): Time difference in secs is: 481
01-09 14:03:28.094 I/System.out( 5076): 18
01-09 14:03:28.104 I/System.out( 5076): Time difference in secs is: 481
01-09 14:03:29.085 I/System.out( 5076): 18
01-09 14:03:29.105 I/System.out( 5076): Time difference in secs is: 481
01-09 14:03:30.086 I/System.out( 5076): 18
01-09 14:03:30.106 I/System.out( 5076): Time difference in secs is: 481
01-09 14:03:31.087 I/System.out( 5076): 18
01-09 14:03:31.097 I/System.out( 5076): Time difference in secs is: 481
01-09 14:03:31.357 D/dalvikvm(  704): GC_CONCURRENT freed 400K, 5% free 10395K/10932K, paused 7ms+4ms, total 47ms
01-09 14:03:32.088 I/System.out( 5076): 18
01-09 14:03:32.088 I/System.out( 5076): Time difference in secs is: 481
01-09 14:03:33.099 I/System.out( 5076): 18
01-09 14:03:33.119 I/System.out( 5076): Time difference in secs is: 481
01-09 14:03:34.090 I/System.out( 5076): 19
01-09 14:03:34.100 I/System.out( 5076): Time difference in secs is: 481
01-09 14:03:35.091 I/System.out( 5076): 19
01-09 14:03:35.091 I/System.out( 5076): Time difference in secs is: 481
01-09 14:03:35.761 D/dalvikvm(  704): GC_CONCURRENT freed 405K, 5% free 10395K/10932K, paused 6ms+3ms, total 65ms
01-09 14:03:36.092 I/System.out( 5076): 19
01-09 14:03:36.112 I/System.out( 5076): Time difference in secs is: 481
01-09 14:03:37.093 I/System.out( 5076): 19
01-09 14:03:37.093 I/System.out( 5076): Time difference in secs is: 481
01-09 14:03:38.094 I/System.out( 5076): 20
01-09 14:03:38.104 I/System.out( 5076): Time difference in secs is: 481
01-09 14:03:38.945 D/dalvikvm(  512): GC_CONCURRENT freed 1875K, 21% free 16781K/21220K, paused 8ms+7ms, total 145ms
01-09 14:03:39.095 I/System.out( 5076): 20
01-09 14:03:39.095 I/System.out( 5076): Time difference in secs is: 481
01-09 14:03:40.086 I/System.out( 5076): 20
01-09 14:03:40.086 I/System.out( 5076): Time difference in secs is: 481
01-09 14:03:40.146 D/dalvikvm(  704): GC_CONCURRENT freed 420K, 5% free 10402K/10932K, paused 3ms+8ms, total 94ms
01-09 14:03:41.087 I/System.out( 5076): 20
01-09 14:03:41.097 I/System.out( 5076): Time difference in secs is: 481
01-09 14:03:42.088 I/System.out( 5076): 20
01-09 14:03:42.088 I/System.out( 5076): Time difference in secs is: 481
