04-03 14:24:52.944 I/System.out( 1653): Location: -2.8091932 56.33994227 | GPSNavigator running:true
04-03 14:24:52.944 I/System.out( 1653): Battery level: 100 | Time difference: -1
04-03 14:24:55.937 I/System.out( 1653): Location: -2.8091932 56.33994227 | GPSNavigator running:true
04-03 14:24:55.937 I/System.out( 1653): Battery level: 100 | Time difference: -1
04-03 14:24:58.940 I/System.out( 1653): Location: -2.8091932 56.33994227 | GPSNavigator running:true
04-03 14:24:58.940 I/System.out( 1653): Battery level: 100 | Time difference: -1
04-03 14:25:01.943 I/System.out( 1653): Location: -2.8091932 56.33994227 | GPSNavigator running:true
04-03 14:25:01.953 I/System.out( 1653): Battery level: 100 | Time difference: -1
04-03 14:25:04.945 I/System.out( 1653): Location: -2.8091932 56.33994227 | GPSNavigator running:true
04-03 14:25:04.945 I/System.out( 1653): Battery level: 100 | Time difference: -1
04-03 14:25:07.948 I/System.out( 1653): Location: -2.8091932 56.33994227 | GPSNavigator running:true
04-03 14:25:07.948 I/System.out( 1653): Battery level: 100 | Time difference: -1
04-03 14:25:10.951 I/System.out( 1653): Location: -2.8091932 56.33994227 | GPSNavigator running:true
04-03 14:25:10.951 I/System.out( 1653): Battery level: 100 | Time difference: -1
04-03 14:25:13.954 I/System.out( 1653): Location: -2.8091932 56.33994227 | GPSNavigator running:true
04-03 14:25:13.954 I/System.out( 1653): Battery level: 100 | Time difference: -1
04-03 14:25:16.947 I/System.out( 1653): Location: -2.8091932 56.33994227 | GPSNavigator running:true
04-03 14:25:16.947 I/System.out( 1653): Battery level: 100 | Time difference: -1
04-03 14:25:19.950 I/System.out( 1653): Location: -2.8091932 56.33994227 | GPSNavigator running:true
04-03 14:25:19.950 I/System.out( 1653): Battery level: 100 | Time difference: -1
04-03 14:25:22.953 I/System.out( 1653): Location: -2.8091932 56.33994227 | GPSNavigator running:true
04-03 14:25:22.953 I/System.out( 1653): Battery level: 100 | Time difference: -1
04-03 14:25:25.946 I/System.out( 1653): Location: -2.8091932 56.33994227 | GPSNavigator running:true
04-03 14:25:25.946 I/System.out( 1653): Battery level: 100 | Time difference: -1
04-03 14:25:28.949 D/dalvikvm( 1653): GC_CONCURRENT freed 392K, 5% free 9065K/9500K, paused 6ms+8ms, total 77ms
04-03 14:25:28.949 I/System.out( 1653): Location: -2.8091932 56.33994227 | GPSNavigator running:true
04-03 14:25:28.949 I/System.out( 1653): Battery level: 100 | Time difference: -1
04-03 14:25:31.952 I/System.out( 1653): Location: -2.8091932 56.33994227 | GPSNavigator running:true
04-03 14:25:31.952 I/System.out( 1653): Battery level: 100 | Time difference: -1
04-03 14:25:34.955 I/System.out( 1653): Location: -2.8091932 56.33994227 | GPSNavigator running:true
04-03 14:25:34.955 I/System.out( 1653): Battery level: 100 | Time difference: -1
04-03 14:25:37.958 I/System.out( 1653): Location: -2.8091932 56.33994227 | GPSNavigator running:true
04-03 14:25:37.958 I/System.out( 1653): Battery level: 100 | Time difference: -1
04-03 14:25:40.961 I/System.out( 1653): Location: -2.8091932 56.33994227 | GPSNavigator running:true
04-03 14:25:40.961 I/System.out( 1653): Battery level: 100 | Time difference: -1
04-03 14:25:43.953 I/System.out( 1653): Location: -2.8091932 56.33994227 | GPSNavigator running:true
04-03 14:25:43.953 I/System.out( 1653): Battery level: 100 | Time difference: -1
04-03 14:25:46.956 I/System.out( 1653): Location: -2.8091932 56.33994227 | GPSNavigator running:true
04-03 14:25:46.956 I/System.out( 1653): Battery level: 100 | Time difference: -1
04-03 14:25:49.959 I/System.out( 1653): Location: -2.8091932 56.33994227 | GPSNavigator running:true
04-03 14:25:49.959 I/System.out( 1653): Battery level: 100 | Time difference: -1
04-03 14:25:52.962 I/System.out( 1653): Location: -2.8091932 56.33994227 | GPSNavigator running:true
04-03 14:25:52.962 I/System.out( 1653): Battery level: 100 | Time difference: -1
04-03 14:25:55.955 I/System.out( 1653): Location: -2.8091932 56.33994227 | GPSNavigator running:true
04-03 14:25:55.955 I/System.out( 1653): Battery level: 100 | Time difference: -1
04-03 14:25:58.958 I/System.out( 1653): Location: -2.8091932 56.33994227 | GPSNavigator running:true
04-03 14:25:58.958 I/System.out( 1653): Battery level: 100 | Time difference: -1
04-03 14:26:01.961 I/System.out( 1653): Location: -2.8091932 56.33994227 | GPSNavigator running:true
04-03 14:26:01.971 I/System.out( 1653): Battery level: 100 | Time difference: -1
04-03 14:26:04.974 I/System.out( 1653): Location: -2.8091932 56.33994227 | GPSNavigator running:true
04-03 14:26:04.974 I/System.out( 1653): Battery level: 100 | Time difference: -1
04-03 14:26:07.967 I/System.out( 1653): Location: -2.8091932 56.33994227 | GPSNavigator running:true
04-03 14:26:07.967 I/System.out( 1653): Battery level: 100 | Time difference: -1
04-03 14:26:10.970 I/System.out( 1653): Location: -2.8091932 56.33994227 | GPSNavigator running:true
04-03 14:26:10.970 I/System.out( 1653): Battery level: 100 | Time difference: -1
04-03 14:26:13.973 I/System.out( 1653): Location: -2.8091932 56.33994227 | GPSNavigator running:true
04-03 14:26:13.973 I/System.out( 1653): Battery level: 100 | Time difference: -1
04-03 14:26:16.966 I/System.out( 1653): Location: -2.8091932 56.33994227 | GPSNavigator running:true
04-03 14:26:16.966 I/System.out( 1653): Battery level: 100 | Time difference: -1
04-03 14:26:19.979 I/System.out( 1653): Location: -2.8091932 56.33994227 | GPSNavigator running:true
04-03 14:26:19.979 I/System.out( 1653): Battery level: 100 | Time difference: -1
04-03 14:26:22.972 I/System.out( 1653): Location: -2.8091932 56.33994227 | GPSNavigator running:true
04-03 14:26:22.972 I/System.out( 1653): Battery level: 100 | Time difference: -1
04-03 14:26:25.974 I/System.out( 1653): Location: -2.8091932 56.33994227 | GPSNavigator running:true
04-03 14:26:25.974 I/System.out( 1653): Battery level: 100 | Time difference: -1
04-03 14:26:28.977 I/System.out( 1653): Location: -2.8091932 56.33994227 | GPSNavigator running:true
04-03 14:26:28.977 I/System.out( 1653): Battery level: 100 | Time difference: -1
04-03 14:26:31.980 I/System.out( 1653): Location: -2.8091932 56.33994227 | GPSNavigator running:true
04-03 14:26:31.980 I/System.out( 1653): Battery level: 100 | Time difference: -1
04-03 14:26:34.983 I/System.out( 1653): Location: -2.8091932 56.33994227 | GPSNavigator running:true
04-03 14:26:34.983 I/System.out( 1653): Battery level: 100 | Time difference: -1
04-03 14:26:37.986 I/System.out( 1653): Location: -2.8091932 56.33994227 | GPSNavigator running:true
04-03 14:26:37.986 I/System.out( 1653): Battery level: 100 | Time difference: -1
04-03 14:26:38.997 D/dalvikvm( 1653): GC_CONCURRENT freed 396K, 5% free 9053K/9496K, paused 4ms+4ms, total 54ms
04-03 14:26:40.989 I/System.out( 1653): Location: -2.8091932 56.33994227 | GPSNavigator running:true
04-03 14:26:40.989 I/System.out( 1653): Battery level: 100 | Time difference: -1
04-03 14:26:43.992 I/System.out( 1653): Location: -2.8091932 56.33994227 | GPSNavigator running:true
04-03 14:26:43.992 I/System.out( 1653): Battery level: 100 | Time difference: -1
04-03 14:26:46.985 I/System.out( 1653): Location: -2.8091932 56.33994227 | GPSNavigator running:true
04-03 14:26:46.985 I/System.out( 1653): Battery level: 100 | Time difference: -1
04-03 14:26:49.988 I/System.out( 1653): Location: -2.8091932 56.33994227 | GPSNavigator running:true
04-03 14:26:49.988 I/System.out( 1653): Battery level: 100 | Time difference: -1
04-03 14:26:52.991 I/System.out( 1653): Location: -2.8091932 56.33994227 | GPSNavigator running:true
04-03 14:26:52.991 I/System.out( 1653): Battery level: 100 | Time difference: -1
04-03 14:26:55.994 I/System.out( 1653): Location: -2.8091932 56.33994227 | GPSNavigator running:true
04-03 14:26:55.994 I/System.out( 1653): Battery level: 100 | Time difference: -1
04-03 14:26:58.987 I/System.out( 1653): Location: -2.8091932 56.33994227 | GPSNavigator running:true
04-03 14:26:58.987 I/System.out( 1653): Battery level: 100 | Time difference: -1
04-03 14:27:01.990 I/System.out( 1653): Location: -2.8091932 56.33994227 | GPSNavigator running:true
04-03 14:27:01.990 I/System.out( 1653): Battery level: 100 | Time difference: -1
04-03 14:27:04.993 I/System.out( 1653): Location: -2.8091932 56.33994227 | GPSNavigator running:true
04-03 14:27:04.993 I/System.out( 1653): Battery level: 100 | Time difference: -1
04-03 14:27:07.995 I/System.out( 1653): Location: -2.8091932 56.33994227 | GPSNavigator running:true
04-03 14:27:07.995 I/System.out( 1653): Battery level: 100 | Time difference: -1
04-03 14:27:10.998 I/System.out( 1653): Location: -2.8091932 56.33994227 | GPSNavigator running:true
04-03 14:27:10.998 I/System.out( 1653): Battery level: 100 | Time difference: -1
04-03 14:27:14.001 I/System.out( 1653): Location: -2.8091932 56.33994227 | GPSNavigator running:true
04-03 14:27:14.001 I/System.out( 1653): Battery level: 100 | Time difference: -1
04-03 14:27:16.994 I/System.out( 1653): Location: -2.8091932 56.33994227 | GPSNavigator running:true
04-03 14:27:16.994 I/System.out( 1653): Battery level: 100 | Time difference: -1
04-03 14:27:19.997 I/System.out( 1653): Location: -2.8091932 56.33994227 | GPSNavigator running:true
04-03 14:27:19.997 I/System.out( 1653): Battery level: 100 | Time difference: -1
04-03 14:27:23.000 I/System.out( 1653): Location: -2.8091932 56.33994227 | GPSNavigator running:true
04-03 14:27:23.000 I/System.out( 1653): Battery level: 100 | Time difference: -1
04-03 14:27:26.003 I/System.out( 1653): Location: -2.8091932 56.33994227 | GPSNavigator running:true
04-03 14:27:26.003 I/System.out( 1653): Battery level: 100 | Time difference: -1
04-03 14:27:28.996 I/System.out( 1653): Location: -2.8091932 56.33994227 | GPSNavigator running:true
04-03 14:27:28.996 I/System.out( 1653): Battery level: 100 | Time difference: -1
04-03 14:27:31.999 I/System.out( 1653): Location: -2.8091932 56.33994227 | GPSNavigator running:true
04-03 14:27:31.999 I/System.out( 1653): Battery level: 100 | Time difference: -1
04-03 14:27:35.002 I/System.out( 1653): Location: -2.8091932 56.33994227 | GPSNavigator running:true
04-03 14:27:35.002 I/System.out( 1653): Battery level: 100 | Time difference: -1
04-03 14:27:38.005 I/System.out( 1653): Location: -2.8091932 56.33994227 | GPSNavigator running:true
04-03 14:27:38.005 I/System.out( 1653): Battery level: 100 | Time difference: -1
04-03 14:27:41.008 I/System.out( 1653): Location: -2.8091932 56.33994227 | GPSNavigator running:true
04-03 14:27:41.008 I/System.out( 1653): Battery level: 100 | Time difference: -1
04-03 14:27:44.011 I/System.out( 1653): Location: -2.8091932 56.33994227 | GPSNavigator running:true
04-03 14:27:44.011 I/System.out( 1653): Battery level: 100 | Time difference: -1
04-03 14:27:47.004 I/System.out( 1653): Location: -2.8091932 56.33994227 | GPSNavigator running:true
04-03 14:27:47.004 I/System.out( 1653): Battery level: 100 | Time difference: -1
04-03 14:27:47.174 D/dalvikvm( 1653): GC_CONCURRENT freed 367K, 5% free 9071K/9488K, paused 6ms+4ms, total 78ms
04-03 14:27:50.006 I/System.out( 1653): Location: -2.8091932 56.33994227 | GPSNavigator running:true
04-03 14:27:50.006 I/System.out( 1653): Battery level: 100 | Time difference: -1
04-03 14:27:53.009 I/System.out( 1653): Location: -2.8091932 56.33994227 | GPSNavigator running:true
04-03 14:27:53.009 I/System.out( 1653): Battery level: 100 | Time difference: -1
04-03 14:27:56.012 I/System.out( 1653): Location: -2.8091932 56.33994227 | GPSNavigator running:true
04-03 14:27:56.012 I/System.out( 1653): Battery level: 100 | Time difference: -1
04-03 14:27:59.015 I/System.out( 1653): Location: -2.8091932 56.33994227 | GPSNavigator running:true
04-03 14:27:59.015 I/System.out( 1653): Battery level: 100 | Time difference: -1
04-03 14:28:02.008 I/System.out( 1653): Location: -2.8091932 56.33994227 | GPSNavigator running:true
04-03 14:28:02.008 I/System.out( 1653): Battery level: 100 | Time difference: -1
04-03 14:28:05.011 I/System.out( 1653): Location: -2.8091932 56.33994227 | GPSNavigator running:true
04-03 14:28:05.021 I/System.out( 1653): Battery level: 100 | Time difference: -1
04-03 14:28:08.014 I/System.out( 1653): Location: -2.8091932 56.33994227 | GPSNavigator running:true
04-03 14:28:08.014 I/System.out( 1653): Battery level: 100 | Time difference: -1
04-03 14:28:11.017 I/System.out( 1653): Location: -2.8091932 56.33994227 | GPSNavigator running:true
04-03 14:28:11.017 I/System.out( 1653): Battery level: 100 | Time difference: -1
04-03 14:28:14.020 I/System.out( 1653): Location: -2.8091932 56.33994227 | GPSNavigator running:true
04-03 14:28:14.020 I/System.out( 1653): Battery level: 100 | Time difference: -1
04-03 14:28:17.023 I/System.out( 1653): Location: -2.8091932 56.33994227 | GPSNavigator running:true
04-03 14:28:17.023 I/System.out( 1653): Battery level: 100 | Time difference: -1
04-03 14:28:20.016 I/System.out( 1653): Location: -2.8091932 56.33994227 | GPSNavigator running:true
04-03 14:28:20.016 I/System.out( 1653): Battery level: 100 | Time difference: -1
04-03 14:28:23.019 I/System.out( 1653): Location: -2.8091932 56.33994227 | GPSNavigator running:true
04-03 14:28:23.019 I/System.out( 1653): Battery level: 100 | Time difference: -1
04-03 14:28:26.022 I/System.out( 1653): Location: -2.8091932 56.33994227 | GPSNavigator running:true
04-03 14:28:26.022 I/System.out( 1653): Battery level: 100 | Time difference: -1
04-03 14:28:29.015 I/System.out( 1653): Location: -2.8091932 56.33994227 | GPSNavigator running:true
04-03 14:28:29.015 I/System.out( 1653): Battery level: 100 | Time difference: -1
04-03 14:28:32.017 I/System.out( 1653): Location: -2.8091932 56.33994227 | GPSNavigator running:true
04-03 14:28:32.017 I/System.out( 1653): Battery level: 100 | Time difference: -1
04-03 14:28:35.020 I/System.out( 1653): Location: -2.8091932 56.33994227 | GPSNavigator running:true
04-03 14:28:35.020 I/System.out( 1653): Battery level: 100 | Time difference: -1
04-03 14:28:38.023 I/System.out( 1653): Location: -2.8091932 56.33994227 | GPSNavigator running:true
04-03 14:28:38.023 I/System.out( 1653): Battery level: 100 | Time difference: -1
04-03 14:28:41.026 I/System.out( 1653): Location: -2.8091932 56.33994227 | GPSNavigator running:true
04-03 14:28:41.026 I/System.out( 1653): Battery level: 100 | Time difference: -1
04-03 14:28:44.029 I/System.out( 1653): Location: -2.8091932 56.33994227 | GPSNavigator running:true
04-03 14:28:44.029 I/System.out( 1653): Battery level: 100 | Time difference: -1
04-03 14:28:47.032 I/System.out( 1653): Location: -2.8091932 56.33994227 | GPSNavigator running:true
04-03 14:28:47.032 I/System.out( 1653): Battery level: 100 | Time difference: -1
04-03 14:28:50.025 I/System.out( 1653): Location: -2.8091932 56.33994227 | GPSNavigator running:true
04-03 14:28:50.025 I/System.out( 1653): Battery level: 100 | Time difference: -1
04-03 14:28:53.028 I/System.out( 1653): Location: -2.8091932 56.33994227 | GPSNavigator running:true
04-03 14:28:53.028 I/System.out( 1653): Battery level: 100 | Time difference: -1
04-03 14:28:56.031 I/System.out( 1653): Location: -2.8091932 56.33994227 | GPSNavigator running:true
04-03 14:28:56.031 I/System.out( 1653): Battery level: 100 | Time difference: -1
04-03 14:28:59.024 I/System.out( 1653): Location: -2.8091932 56.33994227 | GPSNavigator running:true
04-03 14:28:59.024 I/System.out( 1653): Battery level: 100 | Time difference: -1
04-03 14:29:00.075 D/dalvikvm( 1653): GC_CONCURRENT freed 393K, 5% free 9064K/9496K, paused 11ms+2ms, total 41ms
04-03 14:29:02.027 I/System.out( 1653): Location: -2.8091932 56.33994227 | GPSNavigator running:true
04-03 14:29:02.027 I/System.out( 1653): Battery level: 100 | Time difference: -1
04-03 14:29:05.030 I/System.out( 1653): Location: -2.8091932 56.33994227 | GPSNavigator running:true
04-03 14:29:05.030 I/System.out( 1653): Battery level: 100 | Time difference: -1
04-03 14:29:08.033 I/System.out( 1653): Location: -2.8091932 56.33994227 | GPSNavigator running:true
04-03 14:29:08.033 I/System.out( 1653): Battery level: 100 | Time difference: -1
04-03 14:29:11.036 I/System.out( 1653): Location: -2.8091932 56.33994227 | GPSNavigator running:true
04-03 14:29:11.036 I/System.out( 1653): Battery level: 100 | Time difference: -1
04-03 14:29:14.038 I/System.out( 1653): Location: -2.8091932 56.33994227 | GPSNavigator running:true
04-03 14:29:14.038 I/System.out( 1653): Battery level: 100 | Time difference: -1
04-03 14:29:17.041 I/System.out( 1653): Location: -2.8091932 56.33994227 | GPSNavigator running:true
04-03 14:29:17.041 I/System.out( 1653): Battery level: 100 | Time difference: -1
04-03 14:29:20.034 I/System.out( 1653): Location: -2.8091932 56.33994227 | GPSNavigator running:true
04-03 14:29:20.034 I/System.out( 1653): Battery level: 100 | Time difference: -1
04-03 14:29:23.037 I/System.out( 1653): Location: -2.8091932 56.33994227 | GPSNavigator running:true
04-03 14:29:23.037 I/System.out( 1653): Battery level: 100 | Time difference: -1
04-03 14:29:26.040 I/System.out( 1653): Location: -2.8091932 56.33994227 | GPSNavigator running:true
04-03 14:29:26.040 I/System.out( 1653): Battery level: 100 | Time difference: -1
04-03 14:29:29.043 I/System.out( 1653): Location: -2.8091932 56.33994227 | GPSNavigator running:true
04-03 14:29:29.043 I/System.out( 1653): Battery level: 100 | Time difference: -1
04-03 14:29:32.036 I/System.out( 1653): Location: -2.8091932 56.33994227 | GPSNavigator running:true
04-03 14:29:32.036 I/System.out( 1653): Battery level: 100 | Time difference: -1
04-03 14:29:35.039 I/System.out( 1653): Location: -2.8091932 56.33994227 | GPSNavigator running:true
04-03 14:29:35.039 I/System.out( 1653): Battery level: 100 | Time difference: -1
04-03 14:29:38.052 I/System.out( 1653): Location: -2.8091932 56.33994227 | GPSNavigator running:true
04-03 14:29:38.052 I/System.out( 1653): Battery level: 100 | Time difference: -1
04-03 14:29:41.045 I/System.out( 1653): Location: -2.8091932 56.33994227 | GPSNavigator running:true
04-03 14:29:41.045 I/System.out( 1653): Battery level: 100 | Time difference: -1
04-03 14:29:44.048 I/System.out( 1653): Location: -2.8091932 56.33994227 | GPSNavigator running:true
04-03 14:29:44.048 I/System.out( 1653): Battery level: 100 | Time difference: -1
04-03 14:29:47.051 I/System.out( 1653): Location: -2.8091932 56.33994227 | GPSNavigator running:true
04-03 14:29:47.051 I/System.out( 1653): Battery level: 100 | Time difference: -1
04-03 14:29:50.044 I/System.out( 1653): Location: -2.8091932 56.33994227 | GPSNavigator running:true
04-03 14:29:50.044 I/System.out( 1653): Battery level: 100 | Time difference: -1
04-03 14:29:53.057 I/System.out( 1653): Location: -2.8091932 56.33994227 | GPSNavigator running:true
04-03 14:29:53.057 I/System.out( 1653): Battery level: 100 | Time difference: -1
04-03 14:29:56.049 I/System.out( 1653): Location: -2.8091932 56.33994227 | GPSNavigator running:true
04-03 14:29:56.049 I/System.out( 1653): Battery level: 100 | Time difference: -1
04-03 14:29:59.062 I/System.out( 1653): Location: -2.8091932 56.33994227 | GPSNavigator running:true
04-03 14:29:59.062 I/System.out( 1653): Battery level: 100 | Time difference: -1
04-03 14:30:01.955 V/DigitalWidgetViewsFactory( 1062): DigitalWidget sets next alarm string to null
04-03 14:30:02.045 I/System.out( 1653): Location: -2.8091932 56.33994227 | GPSNavigator running:true
04-03 14:30:02.045 I/System.out( 1653): Battery level: 100 | Time difference: -1
04-03 14:30:02.085 D/dalvikvm(  522): GC_CONCURRENT freed 1463K, 10% free 15000K/16508K, paused 4ms+7ms, total 99ms
04-03 14:30:05.058 I/System.out( 1653): Location: -2.8091932 56.33994227 | GPSNavigator running:true
04-03 14:30:05.058 I/System.out( 1653): Battery level: 100 | Time difference: -1
04-03 14:30:05.749 D/dalvikvm( 1653): GC_CONCURRENT freed 387K, 5% free 9062K/9496K, paused 5ms+2ms, total 60ms
04-03 14:30:08.061 I/System.out( 1653): Location: -2.8091932 56.33994227 | GPSNavigator running:true
04-03 14:30:08.061 I/System.out( 1653): Battery level: 100 | Time difference: -1
04-03 14:30:11.064 I/System.out( 1653): Location: -2.8091932 56.33994227 | GPSNavigator running:true
04-03 14:30:11.064 I/System.out( 1653): Battery level: 100 | Time difference: -1
04-03 14:30:14.067 I/System.out( 1653): Location: -2.8091932 56.33994227 | GPSNavigator running:true
04-03 14:30:14.067 I/System.out( 1653): Battery level: 100 | Time difference: -1
04-03 14:30:17.060 I/System.out( 1653): Location: -2.8091932 56.33994227 | GPSNavigator running:true
04-03 14:30:17.060 I/System.out( 1653): Battery level: 100 | Time difference: -1
04-03 14:30:20.053 I/System.out( 1653): Location: -2.8091932 56.33994227 | GPSNavigator running:true
04-03 14:30:20.053 I/System.out( 1653): Battery level: 100 | Time difference: -1
04-03 14:30:23.066 I/System.out( 1653): Location: -2.8091932 56.33994227 | GPSNavigator running:true
04-03 14:30:23.066 I/System.out( 1653): Battery level: 100 | Time difference: -1
04-03 14:30:26.069 I/System.out( 1653): Location: -2.8091932 56.33994227 | GPSNavigator running:true
04-03 14:30:26.069 I/System.out( 1653): Battery level: 100 | Time difference: -1
04-03 14:30:29.072 I/System.out( 1653): Location: -2.8091932 56.33994227 | GPSNavigator running:true
04-03 14:30:29.072 I/System.out( 1653): Battery level: 100 | Time difference: -1
04-03 14:30:32.065 I/System.out( 1653): Location: -2.8091932 56.33994227 | GPSNavigator running:true
04-03 14:30:32.065 I/System.out( 1653): Battery level: 100 | Time difference: -1
04-03 14:30:35.068 I/System.out( 1653): Location: -2.8091932 56.33994227 | GPSNavigator running:true
04-03 14:30:35.068 I/System.out( 1653): Battery level: 100 | Time difference: -1
04-03 14:30:38.070 I/System.out( 1653): Location: -2.8091932 56.33994227 | GPSNavigator running:true
04-03 14:30:38.070 I/System.out( 1653): Battery level: 100 | Time difference: -1
04-03 14:30:41.073 I/System.out( 1653): Location: -2.8091932 56.33994227 | GPSNavigator running:true
04-03 14:30:41.073 I/System.out( 1653): Battery level: 100 | Time difference: -1
04-03 14:30:44.076 I/System.out( 1653): Location: -2.8091932 56.33994227 | GPSNavigator running:true
04-03 14:30:44.076 I/System.out( 1653): Battery level: 100 | Time difference: -1
04-03 14:30:47.079 I/System.out( 1653): Location: -2.8091932 56.33994227 | GPSNavigator running:true
04-03 14:30:47.079 I/System.out( 1653): Battery level: 100 | Time difference: -1
04-03 14:30:50.082 I/System.out( 1653): Location: -2.8091932 56.33994227 | GPSNavigator running:true
04-03 14:30:50.082 I/System.out( 1653): Battery level: 100 | Time difference: -1
04-03 14:30:53.075 I/System.out( 1653): Location: -2.8091932 56.33994227 | GPSNavigator running:true
04-03 14:30:53.075 I/System.out( 1653): Battery level: 100 | Time difference: -1
04-03 14:30:56.078 I/System.out( 1653): Location: -2.8091932 56.33994227 | GPSNavigator running:true
04-03 14:30:56.078 I/System.out( 1653): Battery level: 100 | Time difference: -1
04-03 14:30:59.081 I/System.out( 1653): Location: -2.8091932 56.33994227 | GPSNavigator running:true
04-03 14:30:59.081 I/System.out( 1653): Battery level: 100 | Time difference: -1
04-03 14:31:02.074 I/System.out( 1653): Location: -2.8091932 56.33994227 | GPSNavigator running:true
04-03 14:31:02.074 I/System.out( 1653): Battery level: 100 | Time difference: -1
04-03 14:31:05.077 I/System.out( 1653): Location: -2.8091932 56.33994227 | GPSNavigator running:true
04-03 14:31:05.077 I/System.out( 1653): Battery level: 100 | Time difference: -1
04-03 14:31:08.080 I/System.out( 1653): Location: -2.8091932 56.33994227 | GPSNavigator running:true
04-03 14:31:08.080 I/System.out( 1653): Battery level: 100 | Time difference: -1
04-03 14:31:11.083 I/System.out( 1653): Location: -2.8091932 56.33994227 | GPSNavigator running:true
04-03 14:31:11.083 I/System.out( 1653): Battery level: 100 | Time difference: -1
04-03 14:31:14.086 I/System.out( 1653): Location: -2.8091932 56.33994227 | GPSNavigator running:true
04-03 14:31:14.086 I/System.out( 1653): Battery level: 100 | Time difference: -1
04-03 14:31:17.089 I/System.out( 1653): Location: -2.8091932 56.33994227 | GPSNavigator running:true
04-03 14:31:17.089 I/System.out( 1653): Battery level: 100 | Time difference: -1
04-03 14:31:18.700 D/dalvikvm( 1653): GC_CONCURRENT freed 372K, 5% free 9077K/9488K, paused 6ms+2ms, total 67ms
04-03 14:31:20.091 I/System.out( 1653): Location: -2.8091932 56.33994227 | GPSNavigator running:true
04-03 14:31:20.091 I/System.out( 1653): Battery level: 100 | Time difference: -1
04-03 14:31:23.094 I/System.out( 1653): Location: -2.8091932 56.33994227 | GPSNavigator running:true
04-03 14:31:23.094 I/System.out( 1653): Battery level: 100 | Time difference: -1
04-03 14:31:26.097 I/System.out( 1653): Location: -2.8091932 56.33994227 | GPSNavigator running:true
04-03 14:31:26.097 I/System.out( 1653): Battery level: 100 | Time difference: -1
04-03 14:31:29.090 I/System.out( 1653): Location: -2.8091932 56.33994227 | GPSNavigator running:true
04-03 14:31:29.090 I/System.out( 1653): Battery level: 100 | Time difference: -1
04-03 14:31:32.093 I/System.out( 1653): Location: -2.8091932 56.33994227 | GPSNavigator running:true
04-03 14:31:32.093 I/System.out( 1653): Battery level: 100 | Time difference: -1
04-03 14:31:35.086 I/System.out( 1653): Location: -2.8091932 56.33994227 | GPSNavigator running:true
04-03 14:31:35.086 I/System.out( 1653): Battery level: 100 | Time difference: -1
04-03 14:31:36.427 I/ActivityManager(  522): No longer want com.google.android.apps.currents (pid 906): empty #17
04-03 14:31:36.467 I/EventLogService(  803): Aggregate from 1396530096364 (log), 1396530096364 (data)
04-03 14:31:36.477 W/ActivityManager(  522): Scheduling restart of crashed service com.google.android.apps.currents/com.google.apps.dots.android.dotslib.service.AudioPlayerService in 5000ms
04-03 14:31:36.527 I/ServiceDumpSys(  803): dumping service [account]
04-03 14:31:38.099 I/System.out( 1653): Location: -2.8091932 56.33994227 | GPSNavigator running:true
04-03 14:31:38.099 I/System.out( 1653): Battery level: 100 | Time difference: -1
04-03 14:31:41.102 I/System.out( 1653): Location: -2.8091932 56.33994227 | GPSNavigator running:true
04-03 14:31:41.102 I/System.out( 1653): Battery level: 100 | Time difference: -1
04-03 14:31:44.105 I/System.out( 1653): Location: -2.8091932 56.33994227 | GPSNavigator running:true
04-03 14:31:44.105 I/System.out( 1653): Battery level: 100 | Time difference: -1
04-03 14:31:47.098 I/System.out( 1653): Location: -2.8091932 56.33994227 | GPSNavigator running:true
04-03 14:31:47.098 I/System.out( 1653): Battery level: 100 | Time difference: -1
04-03 14:31:50.101 I/System.out( 1653): Location: -2.8091932 56.33994227 | GPSNavigator running:true
04-03 14:31:50.101 I/System.out( 1653): Battery level: 100 | Time difference: -1
04-03 14:31:53.094 I/System.out( 1653): Location: -2.8091932 56.33994227 | GPSNavigator running:true
04-03 14:31:53.094 I/System.out( 1653): Battery level: 100 | Time difference: -1
04-03 14:31:56.097 I/System.out( 1653): Location: -2.8091932 56.33994227 | GPSNavigator running:true
04-03 14:31:56.097 I/System.out( 1653): Battery level: 100 | Time difference: -1
04-03 14:31:59.099 I/System.out( 1653): Location: -2.8091932 56.33994227 | GPSNavigator running:true
04-03 14:31:59.099 I/System.out( 1653): Battery level: 100 | Time difference: -1
04-03 14:32:00.000 I/ActivityManager(  522): No longer want com.google.android.music:main (pid 1419): empty for 1816s
04-03 14:32:00.010 I/ActivityManager(  522): No longer want com.google.android.calendar (pid 995): empty for 1821s
04-03 14:32:00.010 I/ActivityManager(  522): No longer want uk.ac.st_andrews.cs.host.mk74.locy:remote (pid 1390): empty for 1822s
04-03 14:32:00.060 W/ActivityManager(  522): Scheduling restart of crashed service uk.ac.st_andrews.cs.host.mk74.locy/.LocyNavigatorService in 5000ms
04-03 14:32:00.070 W/ActivityManager(  522): Scheduling restart of crashed service com.google.android.music/.playback.MusicPlaybackService in 14996ms
04-03 14:32:02.112 I/System.out( 1653): Location: -2.8091932 56.33994227 | GPSNavigator running:true
04-03 14:32:02.112 I/System.out( 1653): Battery level: 100 | Time difference: -1
04-03 14:32:05.075 D/dalvikvm( 2483): Late-enabling CheckJNI
04-03 14:32:05.085 I/ActivityManager(  522): Start proc uk.ac.st_andrews.cs.host.mk74.locy:remote for service uk.ac.st_andrews.cs.host.mk74.locy/.LocyNavigatorService: pid=2483 uid=10100 gids={50100, 1028}
04-03 14:32:05.095 I/System.out( 1653): Location: -2.8091932 56.33994227 | GPSNavigator running:true
04-03 14:32:05.095 I/System.out( 1653): Battery level: 100 | Time difference: -1
04-03 14:32:05.125 I/LocyNavigatorService( 2483): Service creating
04-03 14:32:08.108 I/System.out( 1653): Location: -2.8091932 56.33994227 | GPSNavigator running:true
04-03 14:32:08.108 I/System.out( 1653): Battery level: 100 | Time difference: -1
04-03 14:32:11.111 I/System.out( 1653): Location: -2.8091932 56.33994227 | GPSNavigator running:true
04-03 14:32:11.111 I/System.out( 1653): Battery level: 100 | Time difference: -1
04-03 14:32:14.114 I/System.out( 1653): Location: -2.8091932 56.33994227 | GPSNavigator running:true
04-03 14:32:14.114 I/System.out( 1653): Battery level: 100 | Time difference: -1
04-03 14:32:15.115 I/ActivityManager(  522): Start proc com.google.android.music:main for service com.google.android.music/.playback.MusicPlaybackService: pid=2501 uid=10041 gids={50041, 3003, 1015, 1028}
04-03 14:32:15.135 I/ActivityManager(  522): No longer want com.android.providers.calendar (pid 1020): empty for 1804s
04-03 14:32:15.185 I/MusicStore( 2501): Database version: 70
04-03 14:32:15.255 D/dalvikvm( 2501): GC_CONCURRENT freed 305K, 4% free 9070K/9412K, paused 3ms+10ms, total 39ms
04-03 14:32:15.255 D/dalvikvm( 2501): WAIT_FOR_CONCURRENT_GC blocked 2ms
04-03 14:32:15.255 D/dalvikvm( 2501): WAIT_FOR_CONCURRENT_GC blocked 4ms
04-03 14:32:15.335 D/CacheService( 2501): onCreate
04-03 14:32:15.335 D/SystemUtils( 2501): getSystemProperty: lpa.decode=null
04-03 14:32:15.335 D/CacheService( 2501): onBind
04-03 14:32:15.355 I/LocalDevicePlayback( 2501): Streaming client created.
04-03 14:32:16.396 D/dalvikvm( 2501): GC_CONCURRENT freed 176K, 3% free 9343K/9580K, paused 3ms+6ms, total 34ms
04-03 14:32:16.436 I/MediaStoreImporter( 2501): Update: incremental Added music: 0 Updated music: 0 Deleted music: 0 Created playlists: 0 Updated playlists: 0 Deleted playlists: 0 Inserted playlist items: 0 Deleted playlist items: 0 Removed orphaned playlist items: 0
04-03 14:32:17.107 I/System.out( 1653): Location: -2.8091932 56.33994227 | GPSNavigator running:true
04-03 14:32:17.107 I/System.out( 1653): Battery level: 100 | Time difference: -1
04-03 14:32:20.110 I/System.out( 1653): Location: -2.8091932 56.33994227 | GPSNavigator running:true
04-03 14:32:20.110 I/System.out( 1653): Battery level: 100 | Time difference: -1
04-03 14:32:20.390 I/MusicLeanback( 2501): Conditions not met for autocaching.
04-03 14:32:20.390 I/MusicLeanback( 2501): Stop autocaching.
04-03 14:32:23.113 I/System.out( 1653): Location: -2.8091932 56.33994227 | GPSNavigator running:true
04-03 14:32:23.113 I/System.out( 1653): Battery level: 100 | Time difference: -1
04-03 14:32:24.284 D/dalvikvm( 1653): GC_CONCURRENT freed 390K, 5% free 9072K/9500K, paused 3ms+2ms, total 67ms
04-03 14:32:26.116 I/System.out( 1653): Location: -2.8091932 56.33994227 | GPSNavigator running:true
04-03 14:32:26.116 I/System.out( 1653): Battery level: 100 | Time difference: -1
04-03 14:32:29.109 I/System.out( 1653): Location: -2.8091932 56.33994227 | GPSNavigator running:true
04-03 14:32:29.109 I/System.out( 1653): Battery level: 100 | Time difference: -1
04-03 14:32:32.112 I/System.out( 1653): Location: -2.8091932 56.33994227 | GPSNavigator running:true
04-03 14:32:32.112 I/System.out( 1653): Battery level: 100 | Time difference: -1
04-03 14:32:35.105 I/System.out( 1653): Location: -2.8091932 56.33994227 | GPSNavigator running:true
04-03 14:32:35.105 I/System.out( 1653): Battery level: 100 | Time difference: -1
04-03 14:32:38.108 I/System.out( 1653): Location: -2.8091932 56.33994227 | GPSNavigator running:true
04-03 14:32:38.108 I/System.out( 1653): Battery level: 100 | Time difference: -1
04-03 14:32:41.110 I/System.out( 1653): Location: -2.8091932 56.33994227 | GPSNavigator running:true
04-03 14:32:41.110 I/System.out( 1653): Battery level: 100 | Time difference: -1
04-03 14:32:44.113 I/System.out( 1653): Location: -2.8091932 56.33994227 | GPSNavigator running:true
04-03 14:32:44.113 I/System.out( 1653): Battery level: 100 | Time difference: -1
04-03 14:32:47.116 I/System.out( 1653): Location: -2.8091932 56.33994227 | GPSNavigator running:true
04-03 14:32:47.116 I/System.out( 1653): Battery level: 100 | Time difference: -1
04-03 14:32:50.119 I/System.out( 1653): Location: -2.8091932 56.33994227 | GPSNavigator running:true
04-03 14:32:50.119 I/System.out( 1653): Battery level: 100 | Time difference: -1
04-03 14:32:53.122 I/System.out( 1653): Location: -2.8091932 56.33994227 | GPSNavigator running:true
04-03 14:32:53.122 I/System.out( 1653): Battery level: 100 | Time difference: -1
04-03 14:32:56.115 I/System.out( 1653): Location: -2.8091932 56.33994227 | GPSNavigator running:true
04-03 14:32:56.115 I/System.out( 1653): Battery level: 100 | Time difference: -1
04-03 14:32:59.118 I/System.out( 1653): Location: -2.8091932 56.33994227 | GPSNavigator running:true
04-03 14:32:59.118 I/System.out( 1653): Battery level: 100 | Time difference: -1
04-03 14:33:02.121 I/System.out( 1653): Location: -2.8091932 56.33994227 | GPSNavigator running:true
04-03 14:33:02.121 I/System.out( 1653): Battery level: 100 | Time difference: -1
04-03 14:33:05.124 I/System.out( 1653): Location: -2.8091932 56.33994227 | GPSNavigator running:true
04-03 14:33:05.124 I/System.out( 1653): Battery level: 100 | Time difference: -1
04-03 14:33:08.117 I/System.out( 1653): Location: -2.8091932 56.33994227 | GPSNavigator running:true
04-03 14:33:08.117 I/System.out( 1653): Battery level: 100 | Time difference: -1
04-03 14:33:11.120 I/System.out( 1653): Location: -2.8091932 56.33994227 | GPSNavigator running:true
04-03 14:33:11.120 I/System.out( 1653): Battery level: 100 | Time difference: -1
04-03 14:33:14.113 I/System.out( 1653): Location: -2.8091932 56.33994227 | GPSNavigator running:true
04-03 14:33:14.113 I/System.out( 1653): Battery level: 100 | Time difference: -1
04-03 14:33:17.116 I/System.out( 1653): Location: -2.8091932 56.33994227 | GPSNavigator running:true
04-03 14:33:17.116 I/System.out( 1653): Battery level: 100 | Time difference: -1
04-03 14:33:20.129 I/System.out( 1653): Location: -2.8091932 56.33994227 | GPSNavigator running:true
04-03 14:33:20.129 I/System.out( 1653): Battery level: 100 | Time difference: -1
04-03 14:33:23.121 I/System.out( 1653): Location: -2.8091932 56.33994227 | GPSNavigator running:true
04-03 14:33:23.121 I/System.out( 1653): Battery level: 100 | Time difference: -1
04-03 14:33:26.124 I/System.out( 1653): Location: -2.8091932 56.33994227 | GPSNavigator running:true
04-03 14:33:26.124 I/System.out( 1653): Battery level: 100 | Time difference: -1
04-03 14:33:29.127 I/System.out( 1653): Location: -2.8091932 56.33994227 | GPSNavigator running:true
04-03 14:33:29.127 I/System.out( 1653): Battery level: 100 | Time difference: -1
04-03 14:33:32.130 I/System.out( 1653): Location: -2.8091932 56.33994227 | GPSNavigator running:true
04-03 14:33:32.130 I/System.out( 1653): Battery level: 100 | Time difference: -1
04-03 14:33:35.133 I/System.out( 1653): Location: -2.8091932 56.33994227 | GPSNavigator running:true
04-03 14:33:35.133 I/System.out( 1653): Battery level: 100 | Time difference: -1
04-03 14:33:37.235 D/dalvikvm( 1653): GC_CONCURRENT freed 389K, 5% free 9068K/9500K, paused 6ms+2ms, total 63ms
04-03 14:33:38.136 I/System.out( 1653): Location: -2.8091932 56.33994227 | GPSNavigator running:true
04-03 14:33:38.136 I/System.out( 1653): Battery level: 100 | Time difference: -1
04-03 14:33:41.139 I/System.out( 1653): Location: -2.8091932 56.33994227 | GPSNavigator running:true
04-03 14:33:41.139 I/System.out( 1653): Battery level: 100 | Time difference: -1
04-03 14:33:44.132 I/System.out( 1653): Location: -2.8091932 56.33994227 | GPSNavigator running:true
04-03 14:33:44.132 I/System.out( 1653): Battery level: 100 | Time difference: -1
04-03 14:33:47.135 I/System.out( 1653): Location: -2.8091932 56.33994227 | GPSNavigator running:true
04-03 14:33:47.135 I/System.out( 1653): Battery level: 100 | Time difference: -1
04-03 14:33:50.138 I/System.out( 1653): Location: -2.8091932 56.33994227 | GPSNavigator running:true
04-03 14:33:50.138 I/System.out( 1653): Battery level: 100 | Time difference: -1
04-03 14:33:53.141 I/System.out( 1653): Location: -2.8091932 56.33994227 | GPSNavigator running:true
04-03 14:33:53.141 I/System.out( 1653): Battery level: 100 | Time difference: -1
04-03 14:33:56.144 I/System.out( 1653): Location: -2.8091932 56.33994227 | GPSNavigator running:true
04-03 14:33:56.144 I/System.out( 1653): Battery level: 100 | Time difference: -1
04-03 14:33:59.137 I/System.out( 1653): Location: -2.8091932 56.33994227 | GPSNavigator running:true
04-03 14:33:59.137 I/System.out( 1653): Battery level: 100 | Time difference: -1
04-03 14:34:02.140 I/System.out( 1653): Location: -2.8091932 56.33994227 | GPSNavigator running:true
04-03 14:34:02.140 I/System.out( 1653): Battery level: 100 | Time difference: -1
04-03 14:34:05.142 I/System.out( 1653): Location: -2.8091932 56.33994227 | GPSNavigator running:true
04-03 14:34:05.142 I/System.out( 1653): Battery level: 100 | Time difference: -1
04-03 14:34:08.135 I/System.out( 1653): Location: -2.8091932 56.33994227 | GPSNavigator running:true
04-03 14:34:08.135 I/System.out( 1653): Battery level: 100 | Time difference: -1
04-03 14:34:11.138 I/System.out( 1653): Location: -2.8091932 56.33994227 | GPSNavigator running:true
04-03 14:34:11.138 I/System.out( 1653): Battery level: 100 | Time difference: -1
04-03 14:34:14.141 I/System.out( 1653): Location: -2.8091932 56.33994227 | GPSNavigator running:true
04-03 14:34:14.141 I/System.out( 1653): Battery level: 100 | Time difference: -1
04-03 14:34:17.144 I/System.out( 1653): Location: -2.8091932 56.33994227 | GPSNavigator running:true
04-03 14:34:17.144 I/System.out( 1653): Battery level: 100 | Time difference: -1
04-03 14:34:20.137 I/System.out( 1653): Location: -2.8091932 56.33994227 | GPSNavigator running:true
04-03 14:34:20.147 I/System.out( 1653): Battery level: 100 | Time difference: -1
04-03 14:34:23.150 I/System.out( 1653): Location: -2.8091932 56.33994227 | GPSNavigator running:true
04-03 14:34:23.150 I/System.out( 1653): Battery level: 100 | Time difference: -1
04-03 14:34:26.143 I/System.out( 1653): Location: -2.8091932 56.33994227 | GPSNavigator running:true
04-03 14:34:26.143 I/System.out( 1653): Battery level: 100 | Time difference: -1
04-03 14:34:29.146 I/System.out( 1653): Location: -2.8091932 56.33994227 | GPSNavigator running:true
04-03 14:34:29.146 I/System.out( 1653): Battery level: 100 | Time difference: -1
04-03 14:34:32.149 I/System.out( 1653): Location: -2.8091932 56.33994227 | GPSNavigator running:true
04-03 14:34:32.149 I/System.out( 1653): Battery level: 100 | Time difference: -1
04-03 14:34:35.152 I/System.out( 1653): Location: -2.8091932 56.33994227 | GPSNavigator running:true
04-03 14:34:35.152 I/System.out( 1653): Battery level: 100 | Time difference: -1
04-03 14:34:38.145 I/System.out( 1653): Location: -2.8091932 56.33994227 | GPSNavigator running:true
04-03 14:34:38.145 I/System.out( 1653): Battery level: 100 | Time difference: -1
04-03 14:34:41.148 I/System.out( 1653): Location: -2.8091932 56.33994227 | GPSNavigator running:true
04-03 14:34:41.148 I/System.out( 1653): Battery level: 100 | Time difference: -1
04-03 14:34:44.161 I/System.out( 1653): Location: -2.8091932 56.33994227 | GPSNavigator running:true
04-03 14:34:44.161 I/System.out( 1653): Battery level: 100 | Time difference: -1
04-03 14:34:47.153 I/System.out( 1653): Location: -2.8091932 56.33994227 | GPSNavigator running:true
04-03 14:34:47.153 I/System.out( 1653): Battery level: 100 | Time difference: -1
04-03 14:34:49.946 D/dalvikvm( 1653): GC_CONCURRENT freed 397K, 5% free 9056K/9500K, paused 5ms+2ms, total 67ms
04-03 14:34:50.146 I/System.out( 1653): Location: -2.8091932 56.33994227 | GPSNavigator running:true
04-03 14:34:50.146 I/System.out( 1653): Battery level: 100 | Time difference: -1
04-03 14:34:53.159 I/System.out( 1653): Location: -2.8091932 56.33994227 | GPSNavigator running:true
04-03 14:34:53.159 I/System.out( 1653): Battery level: 100 | Time difference: -1
04-03 14:34:56.162 I/System.out( 1653): Location: -2.8091932 56.33994227 | GPSNavigator running:true
04-03 14:34:56.162 I/System.out( 1653): Battery level: 100 | Time difference: -1
04-03 14:34:59.155 I/System.out( 1653): Location: -2.8091932 56.33994227 | GPSNavigator running:true
04-03 14:34:59.155 I/System.out( 1653): Battery level: 100 | Time difference: -1
04-03 14:34:59.996 I/ActivityManager(  522): No longer want com.google.android.apps.uploader (pid 1797): empty for 1837s
04-03 14:34:59.996 I/ActivityManager(  522): No longer want com.google.android.gallery3d (pid 1561): empty for 1837s
04-03 14:35:00.006 I/ActivityManager(  522): No longer want com.android.chrome (pid 1781): empty for 1837s
04-03 14:35:00.006 I/ActivityManager(  522): No longer want com.google.android.gms (pid 809): empty for 1839s
04-03 14:35:00.006 I/ActivityManager(  522): No longer want com.google.android.googlequicksearchbox (pid 1304): empty for 1839s
04-03 14:35:00.016 I/ActivityManager(  522): No longer want com.android.musicfx (pid 1606): empty for 1839s
04-03 14:35:00.016 I/ActivityManager(  522): No longer want com.google.android.talk (pid 1700): empty for 1839s
04-03 14:35:00.016 I/ActivityManager(  522): No longer want android.process.acore (pid 707): empty for 1840s
04-03 14:35:00.016 I/ActivityManager(  522): No longer want com.google.android.partnersetup (pid 1175): empty for 1840s
04-03 14:35:00.016 I/ActivityManager(  522): No longer want com.android.keychain (pid 1590): empty for 1841s
04-03 14:35:00.016 I/ActivityManager(  522): No longer want com.android.defcontainer (pid 1547): empty for 1842s
04-03 14:35:02.158 I/System.out( 1653): Location: -2.8091932 56.33994227 | GPSNavigator running:true
04-03 14:35:02.158 I/System.out( 1653): Battery level: 100 | Time difference: -1
04-03 14:35:05.161 I/System.out( 1653): Location: -2.8091932 56.33994227 | GPSNavigator running:true
04-03 14:35:05.161 I/System.out( 1653): Battery level: 100 | Time difference: -1
04-03 14:35:08.154 I/System.out( 1653): Location: -2.8091932 56.33994227 | GPSNavigator running:true
04-03 14:35:08.154 I/System.out( 1653): Battery level: 100 | Time difference: -1
04-03 14:35:11.157 I/System.out( 1653): Location: -2.8091932 56.33994227 | GPSNavigator running:true
04-03 14:35:11.157 I/System.out( 1653): Battery level: 100 | Time difference: -1
04-03 14:35:14.160 I/System.out( 1653): Location: -2.8091932 56.33994227 | GPSNavigator running:true
04-03 14:35:14.160 I/System.out( 1653): Battery level: 100 | Time difference: -1
04-03 14:35:17.173 I/System.out( 1653): Location: -2.8091932 56.33994227 | GPSNavigator running:true
04-03 14:35:17.173 I/System.out( 1653): Battery level: 100 | Time difference: -1
04-03 14:35:20.176 I/System.out( 1653): Location: -2.8091932 56.33994227 | GPSNavigator running:true
04-03 14:35:20.176 I/System.out( 1653): Battery level: 100 | Time difference: -1
04-03 14:35:23.169 I/System.out( 1653): Location: -2.8091932 56.33994227 | GPSNavigator running:true
04-03 14:35:23.169 I/System.out( 1653): Battery level: 100 | Time difference: -1
04-03 14:35:26.172 I/System.out( 1653): Location: -2.8091932 56.33994227 | GPSNavigator running:true
04-03 14:35:26.172 I/System.out( 1653): Battery level: 100 | Time difference: -1
04-03 14:35:29.174 I/System.out( 1653): Location: -2.8091932 56.33994227 | GPSNavigator running:true
04-03 14:35:29.174 I/System.out( 1653): Battery level: 100 | Time difference: -1
04-03 14:35:32.177 I/System.out( 1653): Location: -2.8091932 56.33994227 | GPSNavigator running:true
04-03 14:35:32.177 I/System.out( 1653): Battery level: 100 | Time difference: -1
04-03 14:35:35.180 I/System.out( 1653): Location: -2.8091932 56.33994227 | GPSNavigator running:true
04-03 14:35:35.180 I/System.out( 1653): Battery level: 100 | Time difference: -1
04-03 14:35:38.183 I/System.out( 1653): Location: -2.8091932 56.33994227 | GPSNavigator running:true
04-03 14:35:38.183 I/System.out( 1653): Battery level: 100 | Time difference: -1
04-03 14:35:41.176 I/System.out( 1653): Location: -2.8091932 56.33994227 | GPSNavigator running:true
04-03 14:35:41.176 I/System.out( 1653): Battery level: 100 | Time difference: -1
04-03 14:35:44.179 I/System.out( 1653): Location: -2.8091932 56.33994227 | GPSNavigator running:true
04-03 14:35:44.179 I/System.out( 1653): Battery level: 100 | Time difference: -1
04-03 14:35:47.182 I/System.out( 1653): Location: -2.8091932 56.33994227 | GPSNavigator running:true
04-03 14:35:47.182 I/System.out( 1653): Battery level: 100 | Time difference: -1
04-03 14:35:50.185 I/System.out( 1653): Location: -2.8091932 56.33994227 | GPSNavigator running:true
04-03 14:35:50.185 I/System.out( 1653): Battery level: 100 | Time difference: -1
04-03 14:35:53.188 I/System.out( 1653): Location: -2.8091932 56.33994227 | GPSNavigator running:true
04-03 14:35:53.188 I/System.out( 1653): Battery level: 100 | Time difference: -1
04-03 14:35:55.610 D/dalvikvm( 1653): GC_CONCURRENT freed 369K, 5% free 9073K/9500K, paused 6ms+8ms, total 80ms
04-03 14:35:56.191 I/System.out( 1653): Location: -2.8091932 56.33994227 | GPSNavigator running:true
04-03 14:35:56.191 I/System.out( 1653): Battery level: 100 | Time difference: -1
04-03 14:35:59.194 I/System.out( 1653): Location: -2.8091932 56.33994227 | GPSNavigator running:true
04-03 14:35:59.194 I/System.out( 1653): Battery level: 100 | Time difference: -1
04-03 14:36:02.187 I/System.out( 1653): Location: -2.8091932 56.33994227 | GPSNavigator running:true
04-03 14:36:02.187 I/System.out( 1653): Battery level: 100 | Time difference: -1
04-03 14:36:05.190 I/System.out( 1653): Location: -2.8091932 56.33994227 | GPSNavigator running:true
04-03 14:36:05.190 I/System.out( 1653): Battery level: 100 | Time difference: -1
04-03 14:36:08.193 I/System.out( 1653): Location: -2.8091932 56.33994227 | GPSNavigator running:true
04-03 14:36:08.193 I/System.out( 1653): Battery level: 100 | Time difference: -1
04-03 14:36:11.185 I/System.out( 1653): Location: -2.8091932 56.33994227 | GPSNavigator running:true
04-03 14:36:11.185 I/System.out( 1653): Battery level: 100 | Time difference: -1
04-03 14:36:14.198 I/System.out( 1653): Location: -2.8091932 56.33994227 | GPSNavigator running:true
04-03 14:36:14.198 I/System.out( 1653): Battery level: 100 | Time difference: -1
04-03 14:36:17.191 I/System.out( 1653): Location: -2.8091932 56.33994227 | GPSNavigator running:true
04-03 14:36:17.191 I/System.out( 1653): Battery level: 100 | Time difference: -1
04-03 14:36:20.194 I/System.out( 1653): Location: -2.8091932 56.33994227 | GPSNavigator running:true
04-03 14:36:20.194 I/System.out( 1653): Battery level: 100 | Time difference: -1
04-03 14:36:23.187 I/System.out( 1653): Location: -2.8091932 56.33994227 | GPSNavigator running:true
04-03 14:36:23.197 I/System.out( 1653): Battery level: 100 | Time difference: -1
04-03 14:36:26.190 I/System.out( 1653): Location: -2.8091932 56.33994227 | GPSNavigator running:true
04-03 14:36:26.190 I/System.out( 1653): Battery level: 100 | Time difference: -1
04-03 14:36:29.193 I/System.out( 1653): Location: -2.8091932 56.33994227 | GPSNavigator running:true
04-03 14:36:29.193 I/System.out( 1653): Battery level: 100 | Time difference: -1
04-03 14:36:32.196 I/System.out( 1653): Location: -2.8091932 56.33994227 | GPSNavigator running:true
04-03 14:36:32.196 I/System.out( 1653): Battery level: 100 | Time difference: -1
04-03 14:36:35.199 I/System.out( 1653): Location: -2.8091932 56.33994227 | GPSNavigator running:true
04-03 14:36:35.199 I/System.out( 1653): Battery level: 100 | Time difference: -1
04-03 14:36:38.202 I/System.out( 1653): Location: -2.8091932 56.33994227 | GPSNavigator running:true
04-03 14:36:38.202 I/System.out( 1653): Battery level: 100 | Time difference: -1
04-03 14:36:41.195 I/System.out( 1653): Location: -2.8091932 56.33994227 | GPSNavigator running:true
04-03 14:36:41.195 I/System.out( 1653): Battery level: 100 | Time difference: -1
04-03 14:36:44.198 I/System.out( 1653): Location: -2.8091932 56.33994227 | GPSNavigator running:true
04-03 14:36:44.198 I/System.out( 1653): Battery level: 100 | Time difference: -1
04-03 14:36:47.201 I/System.out( 1653): Location: -2.8091932 56.33994227 | GPSNavigator running:true
04-03 14:36:47.201 I/System.out( 1653): Battery level: 100 | Time difference: -1
04-03 14:36:50.193 I/System.out( 1653): Location: -2.8091932 56.33994227 | GPSNavigator running:true
04-03 14:36:50.193 I/System.out( 1653): Battery level: 100 | Time difference: -1
04-03 14:36:53.196 I/System.out( 1653): Location: -2.8091932 56.33994227 | GPSNavigator running:true
04-03 14:36:53.196 I/System.out( 1653): Battery level: 100 | Time difference: -1
04-03 14:36:56.199 I/System.out( 1653): Location: -2.8091932 56.33994227 | GPSNavigator running:true
04-03 14:36:56.209 I/System.out( 1653): Battery level: 100 | Time difference: -1
04-03 14:36:59.202 I/System.out( 1653): Location: -2.8091932 56.33994227 | GPSNavigator running:true
04-03 14:36:59.202 I/System.out( 1653): Battery level: 100 | Time difference: -1
04-03 14:37:02.205 I/System.out( 1653): Location: -2.8091932 56.33994227 | GPSNavigator running:true
04-03 14:37:02.205 I/System.out( 1653): Battery level: 100 | Time difference: -1
04-03 14:37:05.208 I/System.out( 1653): Location: -2.8091932 56.33994227 | GPSNavigator running:true
