04-03 14:50:05.489 I/System.out( 1653): Battery level: 99 | Time difference: -1
04-03 14:50:08.492 I/System.out( 1653): Location: -2.8091932 56.33994227 | GPSNavigator running:true
04-03 14:50:08.492 I/System.out( 1653): Battery level: 99 | Time difference: -1
04-03 14:50:11.485 I/System.out( 1653): Location: -2.8091932 56.33994227 | GPSNavigator running:true
04-03 14:50:11.485 I/System.out( 1653): Battery level: 99 | Time difference: -1
04-03 14:50:14.488 I/System.out( 1653): Location: -2.8091932 56.33994227 | GPSNavigator running:true
04-03 14:50:14.488 I/System.out( 1653): Battery level: 99 | Time difference: -1
04-03 14:50:17.491 I/System.out( 1653): Location: -2.8091932 56.33994227 | GPSNavigator running:true
04-03 14:50:17.491 I/System.out( 1653): Battery level: 99 | Time difference: -1
04-03 14:50:20.484 I/System.out( 1653): Location: -2.8091932 56.33994227 | GPSNavigator running:true
04-03 14:50:20.484 I/System.out( 1653): Battery level: 99 | Time difference: -1
04-03 14:50:23.487 I/System.out( 1653): Location: -2.8091932 56.33994227 | GPSNavigator running:true
04-03 14:50:23.487 I/System.out( 1653): Battery level: 99 | Time difference: -1
04-03 14:50:26.490 I/System.out( 1653): Location: -2.8091932 56.33994227 | GPSNavigator running:true
04-03 14:50:26.490 I/System.out( 1653): Battery level: 99 | Time difference: -1
04-03 14:50:29.493 I/System.out( 1653): Location: -2.8091932 56.33994227 | GPSNavigator running:true
04-03 14:50:29.493 I/System.out( 1653): Battery level: 99 | Time difference: -1
04-03 14:50:32.496 I/System.out( 1653): Location: -2.8091932 56.33994227 | GPSNavigator running:true
04-03 14:50:32.496 I/System.out( 1653): Battery level: 99 | Time difference: -1
04-03 14:50:35.499 I/System.out( 1653): Location: -2.8091932 56.33994227 | GPSNavigator running:true
04-03 14:50:35.499 I/System.out( 1653): Battery level: 99 | Time difference: -1
04-03 14:50:38.502 I/System.out( 1653): Location: -2.8091932 56.33994227 | GPSNavigator running:true
04-03 14:50:38.502 I/System.out( 1653): Battery level: 99 | Time difference: -1
04-03 14:50:41.505 I/System.out( 1653): Location: -2.8091932 56.33994227 | GPSNavigator running:true
04-03 14:50:41.505 I/System.out( 1653): Battery level: 99 | Time difference: -1
04-03 14:50:44.507 I/System.out( 1653): Location: -2.8091932 56.33994227 | GPSNavigator running:true
04-03 14:50:44.507 I/System.out( 1653): Battery level: 99 | Time difference: -1
04-03 14:50:47.510 I/System.out( 1653): Location: -2.8091932 56.33994227 | GPSNavigator running:true
04-03 14:50:47.510 I/System.out( 1653): Battery level: 99 | Time difference: -1
04-03 14:50:50.493 I/System.out( 1653): Location: -2.8091932 56.33994227 | GPSNavigator running:true
04-03 14:50:50.503 I/System.out( 1653): Battery level: 99 | Time difference: -1
04-03 14:50:53.506 I/System.out( 1653): Location: -2.8091932 56.33994227 | GPSNavigator running:true
04-03 14:50:53.506 I/System.out( 1653): Battery level: 99 | Time difference: -1
04-03 14:50:56.509 I/System.out( 1653): Location: -2.8091932 56.33994227 | GPSNavigator running:true
04-03 14:50:56.509 I/System.out( 1653): Battery level: 99 | Time difference: -1
04-03 14:50:59.512 I/System.out( 1653): Location: -2.8091932 56.33994227 | GPSNavigator running:true
04-03 14:50:59.512 I/System.out( 1653): Battery level: 99 | Time difference: -1
04-03 14:51:02.515 I/System.out( 1653): Location: -2.8091932 56.33994227 | GPSNavigator running:true
04-03 14:51:02.515 I/System.out( 1653): Battery level: 99 | Time difference: -1
04-03 14:51:05.508 I/System.out( 1653): Location: -2.8091932 56.33994227 | GPSNavigator running:true
04-03 14:51:05.508 I/System.out( 1653): Battery level: 99 | Time difference: -1
04-03 14:51:07.150 D/dalvikvm( 1653): GC_CONCURRENT freed 370K, 5% free 9072K/9484K, paused 9ms+2ms, total 63ms
04-03 14:51:08.511 I/System.out( 1653): Location: -2.8091932 56.33994227 | GPSNavigator running:true
04-03 14:51:08.511 I/System.out( 1653): Battery level: 99 | Time difference: -1
04-03 14:51:11.514 I/System.out( 1653): Location: -2.8091932 56.33994227 | GPSNavigator running:true
04-03 14:51:11.514 I/System.out( 1653): Battery level: 99 | Time difference: -1
04-03 14:51:14.517 I/System.out( 1653): Location: -2.8091932 56.33994227 | GPSNavigator running:true
04-03 14:51:14.517 I/System.out( 1653): Battery level: 99 | Time difference: -1
04-03 14:51:17.520 I/System.out( 1653): Location: -2.8091932 56.33994227 | GPSNavigator running:true
04-03 14:51:17.520 I/System.out( 1653): Battery level: 99 | Time difference: -1
04-03 14:51:20.523 I/System.out( 1653): Location: -2.8091932 56.33994227 | GPSNavigator running:true
04-03 14:51:20.523 I/System.out( 1653): Battery level: 99 | Time difference: -1
04-03 14:51:23.516 I/System.out( 1653): Location: -2.8091932 56.33994227 | GPSNavigator running:true
04-03 14:51:23.516 I/System.out( 1653): Battery level: 99 | Time difference: -1
04-03 14:51:26.518 I/System.out( 1653): Location: -2.8091932 56.33994227 | GPSNavigator running:true
04-03 14:51:26.518 I/System.out( 1653): Battery level: 99 | Time difference: -1
04-03 14:51:29.521 I/System.out( 1653): Location: -2.8091932 56.33994227 | GPSNavigator running:true
04-03 14:51:29.521 I/System.out( 1653): Battery level: 99 | Time difference: -1
04-03 14:51:32.524 I/System.out( 1653): Location: -2.8091932 56.33994227 | GPSNavigator running:true
04-03 14:51:32.524 I/System.out( 1653): Battery level: 99 | Time difference: -1
04-03 14:51:35.527 I/System.out( 1653): Location: -2.8091932 56.33994227 | GPSNavigator running:true
04-03 14:51:35.527 I/System.out( 1653): Battery level: 99 | Time difference: -1
04-03 14:51:38.520 I/System.out( 1653): Location: -2.8091932 56.33994227 | GPSNavigator running:true
04-03 14:51:38.530 I/System.out( 1653): Battery level: 99 | Time difference: -1
04-03 14:51:41.523 I/System.out( 1653): Location: -2.8091932 56.33994227 | GPSNavigator running:true
04-03 14:51:41.523 I/System.out( 1653): Battery level: 99 | Time difference: -1
04-03 14:51:44.526 I/System.out( 1653): Location: -2.8091932 56.33994227 | GPSNavigator running:true
04-03 14:51:44.526 I/System.out( 1653): Battery level: 99 | Time difference: -1
04-03 14:51:47.529 I/System.out( 1653): Location: -2.8091932 56.33994227 | GPSNavigator running:true
04-03 14:51:47.529 I/System.out( 1653): Battery level: 99 | Time difference: -1
04-03 14:51:50.532 I/System.out( 1653): Location: -2.8091932 56.33994227 | GPSNavigator running:true
04-03 14:51:50.532 I/System.out( 1653): Battery level: 99 | Time difference: -1
04-03 14:51:53.535 I/System.out( 1653): Location: -2.8091932 56.33994227 | GPSNavigator running:true
04-03 14:51:53.535 I/System.out( 1653): Battery level: 99 | Time difference: -1
04-03 14:51:56.528 I/System.out( 1653): Location: -2.8091932 56.33994227 | GPSNavigator running:true
04-03 14:51:56.528 I/System.out( 1653): Battery level: 99 | Time difference: -1
04-03 14:51:59.531 I/System.out( 1653): Location: -2.8091932 56.33994227 | GPSNavigator running:true
04-03 14:51:59.531 I/System.out( 1653): Battery level: 99 | Time difference: -1
04-03 14:52:02.524 I/System.out( 1653): Location: -2.8091932 56.33994227 | GPSNavigator running:true
04-03 14:52:02.524 I/System.out( 1653): Battery level: 99 | Time difference: -1
04-03 14:52:05.537 I/System.out( 1653): Location: -2.8091932 56.33994227 | GPSNavigator running:true
04-03 14:52:05.537 I/System.out( 1653): Battery level: 99 | Time difference: -1
04-03 14:52:08.539 I/System.out( 1653): Location: -2.8091932 56.33994227 | GPSNavigator running:true
04-03 14:52:08.539 I/System.out( 1653): Battery level: 99 | Time difference: -1
04-03 14:52:11.542 I/System.out( 1653): Location: -2.8091932 56.33994227 | GPSNavigator running:true
04-03 14:52:11.542 I/System.out( 1653): Battery level: 99 | Time difference: -1
04-03 14:52:12.834 D/dalvikvm( 1653): GC_CONCURRENT freed 390K, 5% free 9067K/9496K, paused 6ms+1ms, total 69ms
04-03 14:52:14.545 I/System.out( 1653): Location: -2.8091932 56.33994227 | GPSNavigator running:true
04-03 14:52:14.545 I/System.out( 1653): Battery level: 99 | Time difference: -1
04-03 14:52:17.538 I/System.out( 1653): Location: -2.8091932 56.33994227 | GPSNavigator running:true
04-03 14:52:17.538 I/System.out( 1653): Battery level: 99 | Time difference: -1
04-03 14:52:20.541 I/System.out( 1653): Location: -2.8091932 56.33994227 | GPSNavigator running:true
04-03 14:52:20.541 I/System.out( 1653): Battery level: 99 | Time difference: -1
04-03 14:52:23.534 I/System.out( 1653): Location: -2.8091932 56.33994227 | GPSNavigator running:true
04-03 14:52:23.534 I/System.out( 1653): Battery level: 99 | Time difference: -1
04-03 14:52:26.537 I/System.out( 1653): Location: -2.8091932 56.33994227 | GPSNavigator running:true
04-03 14:52:26.537 I/System.out( 1653): Battery level: 99 | Time difference: -1
04-03 14:52:29.540 I/System.out( 1653): Location: -2.8091932 56.33994227 | GPSNavigator running:true
04-03 14:52:29.540 I/System.out( 1653): Battery level: 99 | Time difference: -1
04-03 14:52:32.553 I/System.out( 1653): Location: -2.8091932 56.33994227 | GPSNavigator running:true
04-03 14:52:32.553 I/System.out( 1653): Battery level: 99 | Time difference: -1
04-03 14:52:35.546 I/System.out( 1653): Location: -2.8091932 56.33994227 | GPSNavigator running:true
04-03 14:52:35.546 I/System.out( 1653): Battery level: 99 | Time difference: -1
04-03 14:52:38.549 I/System.out( 1653): Location: -2.8091932 56.33994227 | GPSNavigator running:true
04-03 14:52:38.549 I/System.out( 1653): Battery level: 99 | Time difference: -1
04-03 14:52:41.552 I/System.out( 1653): Location: -2.8091932 56.33994227 | GPSNavigator running:true
04-03 14:52:41.552 I/System.out( 1653): Battery level: 99 | Time difference: -1
04-03 14:52:44.555 I/System.out( 1653): Location: -2.8091932 56.33994227 | GPSNavigator running:true
04-03 14:52:44.555 I/System.out( 1653): Battery level: 99 | Time difference: -1
04-03 14:52:47.558 I/System.out( 1653): Location: -2.8091932 56.33994227 | GPSNavigator running:true
04-03 14:52:47.558 I/System.out( 1653): Battery level: 99 | Time difference: -1
04-03 14:52:50.560 I/System.out( 1653): Location: -2.8091932 56.33994227 | GPSNavigator running:true
04-03 14:52:50.560 I/System.out( 1653): Battery level: 99 | Time difference: -1
04-03 14:52:53.543 I/System.out( 1653): Location: -2.8091932 56.33994227 | GPSNavigator running:true
04-03 14:52:53.553 I/System.out( 1653): Battery level: 99 | Time difference: -1
04-03 14:52:56.546 I/System.out( 1653): Location: -2.8091932 56.33994227 | GPSNavigator running:true
04-03 14:52:56.546 I/System.out( 1653): Battery level: 99 | Time difference: -1
04-03 14:52:59.549 I/System.out( 1653): Location: -2.8091932 56.33994227 | GPSNavigator running:true
04-03 14:52:59.549 I/System.out( 1653): Battery level: 99 | Time difference: -1
04-03 14:53:02.562 I/System.out( 1653): Location: -2.8091932 56.33994227 | GPSNavigator running:true
04-03 14:53:02.562 I/System.out( 1653): Battery level: 99 | Time difference: -1
04-03 14:53:05.565 I/System.out( 1653): Location: -2.8091932 56.33994227 | GPSNavigator running:true
04-03 14:53:05.565 I/System.out( 1653): Battery level: 99 | Time difference: -1
04-03 14:53:08.558 I/System.out( 1653): Location: -2.8091932 56.33994227 | GPSNavigator running:true
04-03 14:53:08.558 I/System.out( 1653): Battery level: 99 | Time difference: -1
04-03 14:53:11.561 I/System.out( 1653): Location: -2.8091932 56.33994227 | GPSNavigator running:true
04-03 14:53:11.561 I/System.out( 1653): Battery level: 99 | Time difference: -1
04-03 14:53:14.554 I/System.out( 1653): Location: -2.8091932 56.33994227 | GPSNavigator running:true
04-03 14:53:14.554 I/System.out( 1653): Battery level: 99 | Time difference: -1
04-03 14:53:17.567 I/System.out( 1653): Location: -2.8091932 56.33994227 | GPSNavigator running:true
04-03 14:53:17.567 I/System.out( 1653): Battery level: 99 | Time difference: -1
04-03 14:53:20.570 I/System.out( 1653): Location: -2.8091932 56.33994227 | GPSNavigator running:true
04-03 14:53:20.570 I/System.out( 1653): Battery level: 99 | Time difference: -1
04-03 14:53:23.563 I/System.out( 1653): Location: -2.8091932 56.33994227 | GPSNavigator running:true
04-03 14:53:23.563 I/System.out( 1653): Battery level: 99 | Time difference: -1
04-03 14:53:25.685 D/dalvikvm( 1653): GC_CONCURRENT freed 396K, 5% free 9058K/9496K, paused 6ms+6ms, total 95ms
04-03 14:53:26.566 I/System.out( 1653): Location: -2.8091932 56.33994227 | GPSNavigator running:true
04-03 14:53:26.566 I/System.out( 1653): Battery level: 99 | Time difference: -1
04-03 14:53:29.558 I/System.out( 1653): Location: -2.8091932 56.33994227 | GPSNavigator running:true
04-03 14:53:29.558 I/System.out( 1653): Battery level: 99 | Time difference: -1
04-03 14:53:31.831 I/System.out( 1653): Battery level end is reached
04-03 14:53:32.571 I/System.out( 1653): Location: -2.8091932 56.33994227 | GPSNavigator running:true
04-03 14:53:32.571 I/System.out( 1653): Battery level: 98 | Time difference: 721
04-03 14:53:35.564 I/System.out( 1653): Location: -2.8091932 56.33994227 | GPSNavigator running:true
04-03 14:53:35.564 I/System.out( 1653): Battery level: 98 | Time difference: 721
04-03 14:53:38.567 I/System.out( 1653): Location: -2.8091932 56.33994227 | GPSNavigator running:true
04-03 14:53:38.567 I/System.out( 1653): Battery level: 98 | Time difference: 721
04-03 14:53:41.570 I/System.out( 1653): Location: -2.8091932 56.33994227 | GPSNavigator running:true
04-03 14:53:41.570 I/System.out( 1653): Battery level: 98 | Time difference: 721
04-03 14:53:44.563 I/System.out( 1653): Location: -2.8091932 56.33994227 | GPSNavigator running:true
04-03 14:53:44.563 I/System.out( 1653): Battery level: 98 | Time difference: 721
04-03 14:53:47.566 I/System.out( 1653): Location: -2.8091932 56.33994227 | GPSNavigator running:true
04-03 14:53:47.566 I/System.out( 1653): Battery level: 98 | Time difference: 721
04-03 14:53:50.569 I/System.out( 1653): Location: -2.8091932 56.33994227 | GPSNavigator running:true
04-03 14:53:50.569 I/System.out( 1653): Battery level: 98 | Time difference: 721
04-03 14:53:53.572 I/System.out( 1653): Location: -2.8091932 56.33994227 | GPSNavigator running:true
04-03 14:53:53.572 I/System.out( 1653): Battery level: 98 | Time difference: 721
04-03 14:53:56.565 I/System.out( 1653): Location: -2.8091932 56.33994227 | GPSNavigator running:true
04-03 14:53:56.565 I/System.out( 1653): Battery level: 98 | Time difference: 721
04-03 14:53:59.568 I/System.out( 1653): Location: -2.8091932 56.33994227 | GPSNavigator running:true
04-03 14:53:59.568 I/System.out( 1653): Battery level: 98 | Time difference: 721
04-03 14:54:02.581 I/System.out( 1653): Location: -2.8091932 56.33994227 | GPSNavigator running:true
04-03 14:54:02.581 I/System.out( 1653): Battery level: 98 | Time difference: 721
04-03 14:54:05.574 I/System.out( 1653): Location: -2.8091932 56.33994227 | GPSNavigator running:true
04-03 14:54:05.574 I/System.out( 1653): Battery level: 98 | Time difference: 721
04-03 14:54:08.577 I/System.out( 1653): Location: -2.8091932 56.33994227 | GPSNavigator running:true
04-03 14:54:08.577 I/System.out( 1653): Battery level: 98 | Time difference: 721
04-03 14:54:11.259 I/InputReader(  522): Reconfiguring input devices.  changes=0x00000004
04-03 14:54:11.259 I/InputReader(  522): Device reconfigured: id=6, name='elan-touchscreen', size 1200x1920, orientation 3, mode 1, display id 0
04-03 14:54:11.259 I/InputReader(  522): Reconfiguring input devices.  changes=0x00000004
04-03 14:54:11.259 I/InputReader(  522): Device reconfigured: id=6, name='elan-touchscreen', size 1200x1920, orientation 3, mode 1, display id 0
04-03 14:54:11.259 I/ActivityManager(  522): Config changes=1480 {1.0 234mcc?mnc en_US ldltr sw600dp w960dp h527dp 320dpi lrg land finger -keyb/v/h -nav/h s.7}
04-03 14:54:11.309 D/audio_hw_primary(  180): adev_set_parameters: enter: rotation=270
04-03 14:54:11.309 D/audio_hw_primary(  180): adev_set_parameters: exit with code(0)
04-03 14:54:11.319 I/System.out( 1653): LocyNavigatorThread has started
04-03 14:54:11.329 D/PhoneStatusBar(  595): mSettingsPanelGravity = 8388661
04-03 14:54:11.369 I/System.out( 1653): Battery level end is reached
04-03 14:54:11.409 I/WindowManager(  522): Screen frozen for +246ms due to Window{424a1b30 u0 uk.ac.st_andrews.cs.host.mk74.locygpslocalization/uk.ac.st_andrews.cs.host.mk74.locygpslocalization.MainActivity}
04-03 14:54:11.579 I/System.out( 1653): Location: -2.8091932 56.33994227 | GPSNavigator running:true
04-03 14:54:11.579 I/System.out( 1653): Battery level: 98 | Time difference: 721
04-03 14:54:11.930 D/dalvikvm( 1653): GC_CONCURRENT freed 284K, 4% free 9161K/9536K, paused 2ms+1ms, total 21ms
04-03 14:54:13.561 D/dalvikvm(  522): GC_EXPLICIT freed 1112K, 10% free 14951K/16508K, paused 4ms+8ms, total 126ms
04-03 14:54:14.352 I/System.out( 1653): Location: unknown | GPSNavigator running:true
04-03 14:54:14.352 I/System.out( 1653): Battery level: 98 | Time difference: -1
04-03 14:54:14.582 I/System.out( 1653): Location: -2.8091932 56.33994227 | GPSNavigator running:true
04-03 14:54:14.582 I/System.out( 1653): Battery level: 98 | Time difference: 721
04-03 14:54:15.103 I/EntropyMixer(  522): Writing entropy...
04-03 14:54:15.133 I/ActivityManager(  522): Start proc com.android.chrome for broadcast com.android.chrome/org.chromium.base.PowerStatusReceiver: pid=3126 uid=10009 gids={50009, 1006, 3003, 1015, 1028}
04-03 14:54:15.143 W/PowerUI (  595): unknown intent: Intent { act=android.intent.action.ACTION_POWER_CONNECTED flg=0x8000010 }
04-03 14:54:15.163 I/InputReader(  522): Reconfiguring input devices.  changes=0x00000004
04-03 14:54:15.163 I/InputReader(  522): Device reconfigured: id=6, name='elan-touchscreen', size 1200x1920, orientation 0, mode 1, display id 0
04-03 14:54:15.163 I/ActivityManager(  522): Config changes=1480 {1.0 234mcc?mnc en_US ldltr sw600dp w600dp h887dp 320dpi lrg port finger -keyb/v/h -nav/h s.8}
04-03 14:54:15.183 D/audio_hw_primary(  180): adev_set_parameters: enter: rotation=0
04-03 14:54:15.183 D/audio_hw_primary(  180): adev_set_parameters: exit with code(0)
04-03 14:54:15.203 I/ActivityManager(  522): Start proc com.google.android.gallery3d for broadcast com.google.android.gallery3d/com.google.android.picasasync.BatteryReceiver: pid=3147 uid=10019 gids={50019, 1006, 3003, 1015, 1028}
04-03 14:54:15.203 I/System.out( 1653): LocyNavigatorThread has started
04-03 14:54:15.203 I/ActivityManager(  522): No longer want com.google.android.apps.plus (pid 1620): empty for 2992s
04-03 14:54:15.233 D/PhoneStatusBar(  595): mSettingsPanelGravity = 8388661
04-03 14:54:15.243 I/System.out( 1653): Battery level end is reached
04-03 14:54:15.283 E/        (  781): RS Message thread exiting.
04-03 14:54:15.283 E/RenderScript(  781): rsAssert failed: !mTypes.size(), in frameworks/rs/rsType.cpp at 59
04-03 14:54:15.283 E/RenderScript(  781): rsAssert failed: !mElements.size(), in frameworks/rs/rsElement.cpp at 375
04-03 14:54:15.283 I/WindowManager(  522): Screen frozen for +193ms due to Window{42298f58 u0 uk.ac.st_andrews.cs.host.mk74.locygpslocalization/uk.ac.st_andrews.cs.host.mk74.locygpslocalization.MainActivity}
04-03 14:54:15.303 D/dalvikvm( 3147): GC_CONCURRENT freed 322K, 4% free 9013K/9372K, paused 3ms+2ms, total 18ms
04-03 14:54:15.333 I/ActivityManager(  522): Start proc com.google.android.apps.uploader for broadcast com.google.android.apps.uploader/com.google.android.picasasync.BatteryReceiver: pid=3176 uid=10040 gids={50040, 3003, 1015, 1028}
04-03 14:54:15.333 I/ActivityManager(  522): No longer want com.android.vending (pid 1267): empty for 2980s
04-03 14:54:15.343 D/UploadsManager( 3147):    wifiOnlyPhoto changed to true
04-03 14:54:15.343 D/UploadsManager( 3147):    wifiOnlyVideo changed to true
04-03 14:54:15.343 D/UploadsManager( 3147):    syncOnBattery changed to true
04-03 14:54:15.343 D/PicasaSync( 3147): sync account database
04-03 14:54:15.343 W/ActivityManager(  522): Scheduling restart of crashed service com.android.vending/com.google.android.finsky.services.DailyHygiene in 5000ms
04-03 14:54:15.363 D/PicasaSync( 3147): accounts in DB=0
04-03 14:54:15.363 D/PicasaSyncManager( 3147): background data: true
04-03 14:54:15.373 D/PicasaSyncManager( 3147): battery info: true
04-03 14:54:15.393 D/PicasaUploader( 3176):    wifiOnlyPhoto changed to true
04-03 14:54:15.393 D/PicasaUploader( 3176):    wifiOnlyVideo changed to true
04-03 14:54:15.393 D/PicasaUploader( 3176):    syncOnBattery changed to true
04-03 14:54:15.393 D/PicasaUploaderSync( 3176): sync account database
04-03 14:54:15.393 I/ActivityManager(  522): Start proc com.google.android.apps.plus for broadcast com.google.android.apps.plus/.iu.InstantUploadEnvironment$BatteryReceiver: pid=3192 uid=10050 gids={50050, 3003, 3002, 1015, 1006, 1028}
04-03 14:54:15.413 D/PicasaUploaderSync( 3176): accounts in DB=0
04-03 14:54:15.413 D/PicasaUploaderSyncManager( 3176): background data: true
04-03 14:54:15.413 D/PicasaUploaderSyncManager( 3176): battery info: true
04-03 14:54:15.473 D/dalvikvm( 3192): GC_CONCURRENT freed 345K, 5% free 9031K/9412K, paused 3ms+2ms, total 21ms
04-03 14:54:15.473 D/dalvikvm( 3192): WAIT_FOR_CONCURRENT_GC blocked 8ms
04-03 14:54:15.473 D/dalvikvm( 3192): WAIT_FOR_CONCURRENT_GC blocked 8ms
04-03 14:54:15.503 D/dalvikvm( 3192): GC_CONCURRENT freed 119K, 2% free 9419K/9580K, paused 1ms+1ms, total 13ms
04-03 14:54:15.553 D/dalvikvm( 3192): GC_CONCURRENT freed 145K, 2% free 9773K/9968K, paused 1ms+2ms, total 15ms
04-03 14:54:15.553 D/dalvikvm( 3192): WAIT_FOR_CONCURRENT_GC blocked 3ms
04-03 14:54:15.603 D/dalvikvm( 3192): GC_CONCURRENT freed 144K, 2% free 10118K/10324K, paused 1ms+2ms, total 16ms
04-03 14:54:15.603 D/dalvikvm( 3192): WAIT_FOR_CONCURRENT_GC blocked 6ms
04-03 14:54:15.653 D/dalvikvm( 3192): GC_CONCURRENT freed 136K, 2% free 10458K/10668K, paused 1ms+1ms, total 18ms
04-03 14:54:15.653 D/dalvikvm( 3192): WAIT_FOR_CONCURRENT_GC blocked 9ms
04-03 14:54:15.693 D/dalvikvm( 3192): GC_CONCURRENT freed 328K, 4% free 10572K/10988K, paused 2ms+1ms, total 18ms
04-03 14:54:15.693 D/dalvikvm( 3192): WAIT_FOR_CONCURRENT_GC blocked 16ms
04-03 14:54:15.714 D/dalvikvm( 3192): GC_FOR_ALLOC freed 62K, 4% free 10636K/10988K, paused 16ms, total 16ms
04-03 14:54:15.734 D/dalvikvm( 3192): GC_FOR_ALLOC freed 126K, 5% free 10764K/11244K, paused 15ms, total 16ms
04-03 14:54:15.734 I/dalvikvm-heap( 3192): Grow heap (frag case) to 10.784MB for 250434-byte allocation
04-03 14:54:15.744 D/dalvikvm( 3192): GC_FOR_ALLOC freed 0K, 5% free 11008K/11492K, paused 17ms, total 17ms
04-03 14:54:15.764 D/dalvikvm( 3192): GC_FOR_ALLOC freed 499K, 7% free 11010K/11748K, paused 16ms, total 16ms
04-03 14:54:15.794 D/dalvikvm( 3192): GC_FOR_ALLOC freed 369K, 6% free 11127K/11748K, paused 16ms, total 16ms
04-03 14:54:15.814 D/dalvikvm( 3192): GC_FOR_ALLOC freed 126K, 5% free 11255K/11748K, paused 18ms, total 18ms
04-03 14:54:15.894 D/dalvikvm( 3192): GC_CONCURRENT freed 373K, 4% free 11683K/12092K, paused 1ms+2ms, total 25ms
04-03 14:54:15.894 D/dalvikvm( 3192): WAIT_FOR_CONCURRENT_GC blocked 7ms
04-03 14:54:16.024 D/dalvikvm( 3192): GC_CONCURRENT freed 206K, 2% free 12422K/12664K, paused 2ms+2ms, total 41ms
04-03 14:54:16.024 D/dalvikvm( 3192): WAIT_FOR_CONCURRENT_GC blocked 25ms
04-03 14:54:16.184 D/dalvikvm( 3192): GC_CONCURRENT freed 499K, 4% free 13113K/13648K, paused 2ms+2ms, total 51ms
04-03 14:54:16.184 D/dalvikvm( 3192): WAIT_FOR_CONCURRENT_GC blocked 20ms
04-03 14:54:16.384 D/dalvikvm( 3192): GC_CONCURRENT freed 588K, 5% free 13944K/14568K, paused 2ms+2ms, total 38ms
04-03 14:54:16.384 D/dalvikvm( 3192): WAIT_FOR_CONCURRENT_GC blocked 11ms
04-03 14:54:16.444 D/gp.PicasaPhotoCP( 3192): set fsid first time:-1
04-03 14:54:16.454 I/ActivityManager(  522): Start proc com.google.android.youtube for broadcast com.google.android.youtube/.app.prefetch.PrefetchService$DeviceStateReceiver: pid=3221 uid=10063 gids={50063, 3003, 1015, 1006, 1028}
04-03 14:54:16.564 D/dalvikvm( 3221): GC_CONCURRENT freed 272K, 4% free 9004K/9312K, paused 3ms+2ms, total 17ms
04-03 14:54:16.644 D/dalvikvm( 3221): GC_CONCURRENT freed 279K, 4% free 9230K/9544K, paused 1ms+1ms, total 13ms
04-03 14:54:16.654 D/dalvikvm( 3221): DexOpt: --- BEGIN 'ads227201944.jar' (bootstrap=0) ---
04-03 14:54:16.694 D/dalvikvm( 3257): DexOpt: load 4ms, verify+opt 5ms, 144708 bytes
04-03 14:54:16.714 D/dalvikvm( 3221): DexOpt: --- END 'ads227201944.jar' (success) ---
04-03 14:54:16.714 D/dalvikvm( 3221): DEX prep '/data/data/com.google.android.youtube/cache/ads227201944.jar': unzip in 0ms, rewrite 61ms
04-03 14:54:16.795 D/dalvikvm( 3221): GC_CONCURRENT freed 259K, 4% free 9419K/9716K, paused 3ms+1ms, total 25ms
04-03 14:54:16.795 I/ConversionPing( 3221): Sending ping: http://googleads.g.doubleclick.net/pagead/viewthroughconversion/1001680686/?label=8cu4CIrA3gMQrt7R3QM&muid=EmUrK9jpBXsGnFBYwt80rw
04-03 14:54:16.795 E/ConversionPing( 3221): ConversionPing could not reach the url, no conversion sent.
04-03 14:54:16.805 D/MtpService(  662): updating state; isCurrentUser=true, mMtpLocked=false
04-03 14:54:16.805 D/MtpService(  662): addStorageLocked 65537 /storage/emulated/0
04-03 14:54:16.805 D/MtpService(  662): updating state; isCurrentUser=true, mMtpLocked=false
04-03 14:54:16.805 D/MtpService(  662): starting MTP server in MTP mode
04-03 14:54:16.805 D/MtpService(  662): addStorageLocked 65537 /storage/emulated/0
04-03 14:54:17.345 I/System.out( 1653): Location: unknown | GPSNavigator running:true
04-03 14:54:17.345 I/System.out( 1653): Battery level: 98 | Time difference: -1
04-03 14:54:17.405 D/dalvikvm(  522): GC_EXPLICIT freed 429K, 10% free 14886K/16508K, paused 4ms+6ms, total 114ms
04-03 14:54:17.585 I/System.out( 1653): Location: -2.8091932 56.33994227 | GPSNavigator running:true
04-03 14:54:17.585 I/System.out( 1653): Battery level: 98 | Time difference: 721
04-03 14:54:18.146 D/dalvikvm(  662): GC_EXPLICIT freed 311K, 4% free 9182K/9528K, paused 2ms+7ms, total 33ms
04-03 14:54:18.226 I/System.out( 1653): Location: unknown | GPSNavigator running:true
04-03 14:54:18.226 I/System.out( 1653): Battery level: 98 | Time difference: -1
04-03 14:54:18.336 D/dalvikvm(  522): GC_EXPLICIT freed 95K, 10% free 14865K/16508K, paused 2ms+5ms, total 57ms
04-03 14:54:18.526 D/dalvikvm(  662): GC_CONCURRENT freed 305K, 4% free 9281K/9624K, paused 1ms+4ms, total 23ms
04-03 14:54:18.606 D/dalvikvm(  522): GC_EXPLICIT freed 77K, 10% free 14864K/16508K, paused 2ms+5ms, total 59ms
04-03 14:54:18.877 D/dalvikvm(  522): GC_EXPLICIT freed 75K, 10% free 14864K/16508K, paused 3ms+5ms, total 71ms
04-03 14:54:18.967 D/dalvikvm(  662): GC_CONCURRENT freed 395K, 5% free 9285K/9720K, paused 1ms+4ms, total 17ms
04-03 14:54:19.157 D/dalvikvm(  522): GC_EXPLICIT freed 75K, 10% free 14864K/16508K, paused 2ms+5ms, total 56ms
04-03 14:54:19.227 I/dalvikvm(  522): Jit: resizing JitTable from 8192 to 16384
04-03 14:54:19.347 D/dalvikvm(  662): GC_CONCURRENT freed 404K, 5% free 9274K/9720K, paused 1ms+3ms, total 19ms
04-03 14:54:19.437 D/dalvikvm(  522): GC_EXPLICIT freed 76K, 10% free 14864K/16508K, paused 3ms+5ms, total 57ms
04-03 14:54:20.328 W/GAV2    ( 3147): Thread[GAThread,5,main]: Service unavailable (code=1), will retry.
04-03 14:54:20.328 W/ActivityManager(  522): Unable to start service Intent { act=com.google.android.gms.analytics.service.START (has extras) } U=0: not found
04-03 14:54:20.338 I/GAV2    ( 3147): Thread[GAThread,5,main]: No campaign data found.
04-03 14:54:20.348 I/System.out( 1653): Location: unknown | GPSNavigator running:true
04-03 14:54:20.348 I/System.out( 1653): Battery level: 98 | Time difference: -1
04-03 14:54:20.578 I/System.out( 1653): Location: -2.8091932 56.33994227 | GPSNavigator running:true
04-03 14:54:20.578 I/System.out( 1653): Battery level: 98 | Time difference: 721
04-03 14:54:21.229 I/System.out( 1653): Location: unknown | GPSNavigator running:true
04-03 14:54:21.229 I/System.out( 1653): Battery level: 98 | Time difference: -1
04-03 14:54:23.351 I/System.out( 1653): Location: unknown | GPSNavigator running:true
04-03 14:54:23.351 I/System.out( 1653): Battery level: 98 | Time difference: -1
04-03 14:54:23.581 I/System.out( 1653): Location: -2.8091932 56.33994227 | GPSNavigator running:true
04-03 14:54:23.581 I/System.out( 1653): Battery level: 98 | Time difference: 721
04-03 14:54:24.232 I/System.out( 1653): Location: unknown | GPSNavigator running:true
04-03 14:54:24.232 I/System.out( 1653): Battery level: 98 | Time difference: -1
04-03 14:54:25.333 W/GAV2    ( 3147): Thread[Service Reconnect,5,main]: Service unavailable (code=1), using local store.
04-03 14:54:25.333 W/ActivityManager(  522): Unable to start service Intent { act=com.google.android.gms.analytics.service.START (has extras) } U=0: not found
04-03 14:54:26.344 I/System.out( 1653): Location: unknown | GPSNavigator running:true
04-03 14:54:26.344 I/System.out( 1653): Battery level: 98 | Time difference: -1
04-03 14:54:26.574 I/System.out( 1653): Location: -2.8091932 56.33994227 | GPSNavigator running:true
04-03 14:54:26.574 I/System.out( 1653): Battery level: 98 | Time difference: 721
04-03 14:54:27.225 I/System.out( 1653): Location: unknown | GPSNavigator running:true
04-03 14:54:27.225 I/System.out( 1653): Battery level: 98 | Time difference: -1
04-03 14:54:29.347 I/System.out( 1653): Location: unknown | GPSNavigator running:true
04-03 14:54:29.347 I/System.out( 1653): Battery level: 98 | Time difference: -1
04-03 14:54:29.577 I/System.out( 1653): Location: -2.8091932 56.33994227 | GPSNavigator running:true
04-03 14:54:29.577 I/System.out( 1653): Battery level: 98 | Time difference: 721
04-03 14:54:30.228 I/System.out( 1653): Location: unknown | GPSNavigator running:true
04-03 14:54:30.228 I/System.out( 1653): Battery level: 98 | Time difference: -1
04-03 14:54:32.350 I/System.out( 1653): Location: unknown | GPSNavigator running:true
04-03 14:54:32.350 I/System.out( 1653): Battery level: 98 | Time difference: -1
04-03 14:54:32.650 D/dalvikvm( 1653): GC_FOR_ALLOC freed 398K, 5% free 9273K/9708K, paused 66ms, total 68ms
04-03 14:54:32.650 I/System.out( 1653): Location: -2.8091932 56.33994227 | GPSNavigator running:true
04-03 14:54:32.650 I/System.out( 1653): Battery level: 98 | Time difference: 721
04-03 14:54:33.231 I/System.out( 1653): Location: unknown | GPSNavigator running:true
04-03 14:54:33.231 I/System.out( 1653): Battery level: 98 | Time difference: -1
04-03 14:54:35.343 I/System.out( 1653): Location: unknown | GPSNavigator running:true
04-03 14:54:35.343 I/System.out( 1653): Battery level: 98 | Time difference: -1
04-03 14:54:35.583 I/System.out( 1653): Location: -2.8091932 56.33994227 | GPSNavigator running:true
04-03 14:54:35.583 I/System.out( 1653): Battery level: 98 | Time difference: 721
04-03 14:54:36.224 I/System.out( 1653): Location: unknown | GPSNavigator running:true
04-03 14:54:36.224 I/System.out( 1653): Battery level: 98 | Time difference: -1
04-03 14:54:38.346 I/System.out( 1653): Location: unknown | GPSNavigator running:true
04-03 14:54:38.346 I/System.out( 1653): Battery level: 98 | Time difference: -1
04-03 14:54:38.586 I/System.out( 1653): Location: -2.8091932 56.33994227 | GPSNavigator running:true
04-03 14:54:38.586 I/System.out( 1653): Battery level: 98 | Time difference: 721
04-03 14:54:39.226 I/System.out( 1653): Location: unknown | GPSNavigator running:true
04-03 14:54:39.226 I/System.out( 1653): Battery level: 98 | Time difference: -1
04-03 14:54:41.349 I/System.out( 1653): Location: unknown | GPSNavigator running:true
04-03 14:54:41.349 I/System.out( 1653): Battery level: 98 | Time difference: -1
04-03 14:54:41.579 I/System.out( 1653): Location: -2.8091932 56.33994227 | GPSNavigator running:true
04-03 14:54:41.579 I/System.out( 1653): Battery level: 98 | Time difference: 721
04-03 14:54:42.229 I/System.out( 1653): Location: unknown | GPSNavigator running:true
04-03 14:54:42.229 I/System.out( 1653): Battery level: 98 | Time difference: -1
