04-03 11:10:17.283 W/System.err(  704): 	at dxo.c(SourceFile:172)
04-03 11:10:17.283 W/System.err(  704): 	at eaa.run(SourceFile:418)
04-03 11:10:17.283 W/System.err(  704): 	at dzz.b(SourceFile:224)
04-03 11:10:17.283 W/System.err(  704): 	at dzz.run(SourceFile:198)
04-03 11:10:17.283 W/System.err(  704): 	at dxw.run(SourceFile:96)
04-03 11:10:17.283 W/System.err(  704): Caused by: libcore.io.GaiException: getaddrinfo failed: EAI_NODATA (No address associated with hostname)
04-03 11:10:17.283 W/System.err(  704): 	at libcore.io.Posix.getaddrinfo(Native Method)
04-03 11:10:17.283 W/System.err(  704): 	at libcore.io.ForwardingOs.getaddrinfo(ForwardingOs.java:61)
04-03 11:10:17.283 W/System.err(  704): 	at java.net.InetAddress.lookupHostByName(InetAddress.java:405)
04-03 11:10:17.283 W/System.err(  704): 	... 18 more
04-03 11:10:19.035 I/System.out( 2256): Location: unknown | GPSNavigator running:true
04-03 11:10:19.035 I/System.out( 2256): Battery level: 100 | Time difference: -1
04-03 11:10:22.038 I/System.out( 2256): Location: unknown | GPSNavigator running:true
04-03 11:10:22.038 I/System.out( 2256): Battery level: 100 | Time difference: -1
04-03 11:10:25.041 I/System.out( 2256): Location: unknown | GPSNavigator running:true
04-03 11:10:25.041 I/System.out( 2256): Battery level: 100 | Time difference: -1
04-03 11:10:28.034 I/System.out( 2256): Location: unknown | GPSNavigator running:true
04-03 11:10:28.034 I/System.out( 2256): Battery level: 100 | Time difference: -1
04-03 11:10:31.047 I/System.out( 2256): Location: unknown | GPSNavigator running:true
04-03 11:10:31.047 I/System.out( 2256): Battery level: 100 | Time difference: -1
04-03 11:10:34.049 I/System.out( 2256): Location: -2.80855064 56.33994833 | GPSNavigator running:true
04-03 11:10:34.049 I/System.out( 2256): Battery level: 100 | Time difference: -1
04-03 11:10:36.021 I/ActivityManager(  511): START u0 {act=android.intent.action.MAIN cat=[android.intent.category.HOME] flg=0x10200000 cmp=com.android.launcher/com.android.launcher2.Launcher} from pid 511
04-03 11:10:36.031 D/audio_hw_primary(  179): start_output_stream: enter: usecase(1: low-latency-playback) devices(0x2)
04-03 11:10:36.031 D/audio_hw_primary(  179): select_devices: out_snd_device(2: speaker) in_snd_device(0: none)
04-03 11:10:36.031 D/audio_hw_primary(  179): enable_snd_device: sending audio calibration for snd_device(2) acdb_id(14)
04-03 11:10:36.031 D/ACDB-LOADER(  179): ACDB -> send_afe_cal
04-03 11:10:36.031 D/audio_hw_primary(  179): enable_snd_device: snd_device(2: speaker)
04-03 11:10:36.041 D/audio_hw_primary(  179): enable_audio_route: apply mixer path: low-latency-playback
04-03 11:10:36.051 D/audio_hw_primary(  179): start_output_stream: exit
04-03 11:10:36.081 D/dalvikvm(  511): GC_FOR_ALLOC freed 1234K, 14% free 15655K/18184K, paused 39ms, total 39ms
04-03 11:10:36.902 I/System.out( 2256): Battery level start is reached
04-03 11:10:37.042 I/System.out( 2256): Location: -2.80869298 56.33997059 | GPSNavigator running:true
04-03 11:10:37.042 I/System.out( 2256): Battery level: 99 | Time difference: -1
04-03 11:10:37.923 D/dalvikvm(  774): GC_FOR_ALLOC freed 6359K, 24% free 22150K/28804K, paused 27ms, total 27ms
04-03 11:10:40.035 I/System.out( 2256): Location: -2.80867777 56.33997459 | GPSNavigator running:true
04-03 11:10:40.035 I/System.out( 2256): Battery level: 99 | Time difference: -1
04-03 11:10:40.476 D/audio_hw_primary(  179): out_standby: enter: usecase(1: low-latency-playback)
04-03 11:10:40.516 D/audio_hw_primary(  179): stop_output_stream: enter: usecase(1: low-latency-playback)
04-03 11:10:40.516 D/audio_hw_primary(  179): disable_audio_route: reset mixer path: low-latency-playback
04-03 11:10:40.526 D/audio_hw_primary(  179): disable_snd_device: snd_device(2: speaker)
04-03 11:10:40.526 D/audio_hw_primary(  179): stop_output_stream: exit: status(0)
04-03 11:10:40.526 D/audio_hw_primary(  179): out_standby: exit
04-03 11:10:43.048 I/System.out( 2256): Location: -2.80865418 56.33998593 | GPSNavigator running:true
04-03 11:10:43.048 I/System.out( 2256): Battery level: 99 | Time difference: -1
04-03 11:10:46.051 I/System.out( 2256): Location: -2.80864752 56.33998858 | GPSNavigator running:true
04-03 11:10:46.051 I/System.out( 2256): Battery level: 99 | Time difference: -1
04-03 11:10:47.232 I/ActivityManager(  511): START u0 {act=android.intent.action.MAIN cat=[android.intent.category.LAUNCHER] flg=0x10200000 cmp=uk.ac.st_andrews.cs.host.mk74.locygpslocalization/.MainActivity} from pid 774
04-03 11:10:47.242 D/audio_hw_primary(  179): start_output_stream: enter: usecase(1: low-latency-playback) devices(0x2)
04-03 11:10:47.242 D/audio_hw_primary(  179): select_devices: out_snd_device(2: speaker) in_snd_device(0: none)
04-03 11:10:47.242 D/audio_hw_primary(  179): enable_snd_device: sending audio calibration for snd_device(2) acdb_id(14)
04-03 11:10:47.242 D/ACDB-LOADER(  179): ACDB -> send_afe_cal
04-03 11:10:47.242 D/audio_hw_primary(  179): enable_snd_device: snd_device(2: speaker)
04-03 11:10:47.252 D/audio_hw_primary(  179): enable_audio_route: apply mixer path: low-latency-playback
04-03 11:10:47.262 D/audio_hw_primary(  179): start_output_stream: exit
04-03 11:10:47.282 D/dalvikvm(  511): GC_FOR_ALLOC freed 247K, 8% free 16729K/18184K, paused 42ms, total 42ms
04-03 11:10:47.332 D/dalvikvm(  511): GC_FOR_ALLOC freed 1119K, 14% free 16174K/18740K, paused 47ms, total 47ms
04-03 11:10:47.382 D/dalvikvm( 2303): Late-enabling CheckJNI
04-03 11:10:47.382 I/ActivityManager(  511): Start proc uk.ac.st_andrews.cs.host.mk74.locygpslocalization for activity uk.ac.st_andrews.cs.host.mk74.locygpslocalization/.MainActivity: pid=2303 uid=10103 gids={50103, 1028}
04-03 11:10:47.443 I/System.out( 2303): LocyNavigatorThread has started
04-03 11:10:47.483 I/System.out( 2303): Battery level start is reached
04-03 11:10:47.513 D/libEGL  ( 2303): loaded /system/lib/egl/libEGL_adreno200.so
04-03 11:10:47.513 D/libEGL  ( 2303): loaded /system/lib/egl/libGLESv1_CM_adreno200.so
04-03 11:10:47.513 D/libEGL  ( 2303): loaded /system/lib/egl/libGLESv2_adreno200.so
04-03 11:10:47.513 I/Adreno200-EGL( 2303): <qeglDrvAPI_eglInitialize:265>: EGL 1.4 QUALCOMM Build: Iabe52cfaeae4c5fab1acacfe6f056ba15fa93274
04-03 11:10:47.553 D/OpenGLRenderer( 2303): Enabling debug mode 0
04-03 11:10:47.623 I/ActivityManager(  511): Displayed uk.ac.st_andrews.cs.host.mk74.locygpslocalization/.MainActivity: +253ms
04-03 11:10:49.044 I/System.out( 2256): Location: -2.80865025 56.33998983 | GPSNavigator running:true
04-03 11:10:49.044 I/System.out( 2256): Battery level: 99 | Time difference: -1
04-03 11:10:50.425 D/audio_hw_primary(  179): out_standby: enter: usecase(1: low-latency-playback)
04-03 11:10:50.475 I/System.out( 2303): Location: -2.80864844 56.33999019 | GPSNavigator running:true
04-03 11:10:50.475 I/System.out( 2303): Battery level: 99 | Time difference: -1
04-03 11:10:50.485 D/audio_hw_primary(  179): stop_output_stream: enter: usecase(1: low-latency-playback)
04-03 11:10:50.485 D/audio_hw_primary(  179): disable_audio_route: reset mixer path: low-latency-playback
04-03 11:10:50.485 D/audio_hw_primary(  179): disable_snd_device: snd_device(2: speaker)
04-03 11:10:50.495 D/audio_hw_primary(  179): stop_output_stream: exit: status(0)
04-03 11:10:50.495 D/audio_hw_primary(  179): out_standby: exit
04-03 11:10:52.047 I/System.out( 2256): Location: -2.8086462 56.33999033 | GPSNavigator running:true
04-03 11:10:52.047 I/System.out( 2256): Battery level: 99 | Time difference: -1
04-03 11:10:53.478 I/System.out( 2303): Location: -2.80864349 56.33999036 | GPSNavigator running:true
04-03 11:10:53.478 I/System.out( 2303): Battery level: 99 | Time difference: -1
04-03 11:10:55.050 I/System.out( 2256): Location: -2.80864283 56.33999031 | GPSNavigator running:true
04-03 11:10:55.050 I/System.out( 2256): Battery level: 99 | Time difference: -1
04-03 11:10:55.290 D/dalvikvm(  511): GC_FOR_ALLOC freed 662K, 11% free 16767K/18740K, paused 45ms, total 46ms
04-03 11:10:55.330 D/dalvikvm(  511): GC_FOR_ALLOC freed 1208K, 15% free 16111K/18740K, paused 43ms, total 44ms
04-03 11:10:55.350 D/audio_hw_primary(  179): start_output_stream: enter: usecase(1: low-latency-playback) devices(0x2)
04-03 11:10:55.350 D/audio_hw_primary(  179): select_devices: out_snd_device(2: speaker) in_snd_device(0: none)
04-03 11:10:55.350 D/audio_hw_primary(  179): enable_snd_device: sending audio calibration for snd_device(2) acdb_id(14)
04-03 11:10:55.350 D/ACDB-LOADER(  179): ACDB -> send_afe_cal
04-03 11:10:55.350 D/audio_hw_primary(  179): enable_snd_device: snd_device(2: speaker)
04-03 11:10:55.350 D/audio_hw_primary(  179): enable_audio_route: apply mixer path: low-latency-playback
04-03 11:10:55.350 I/ActivityManager(  511): START u0 {act=com.android.systemui.recent.action.TOGGLE_RECENTS flg=0x10800000 cmp=com.android.systemui/.recent.RecentsActivity (has extras)} from pid 589
04-03 11:10:55.360 D/audio_hw_primary(  179): start_output_stream: exit
04-03 11:10:55.390 D/dalvikvm(  511): GC_FOR_ALLOC freed 1114K, 15% free 16114K/18740K, paused 42ms, total 42ms
04-03 11:10:55.500 I/ActivityManager(  511): Displayed com.android.systemui/.recent.RecentsActivity: +100ms
04-03 11:10:56.481 I/System.out( 2303): Location: -2.80864235 56.33999033 | GPSNavigator running:true
04-03 11:10:56.481 I/System.out( 2303): Battery level: 99 | Time difference: -1
04-03 11:10:58.043 I/System.out( 2256): Location: -2.80864135 56.33998934 | GPSNavigator running:true
04-03 11:10:58.043 I/System.out( 2256): Battery level: 99 | Time difference: -1
04-03 11:10:58.513 D/audio_hw_primary(  179): out_standby: enter: usecase(1: low-latency-playback)
04-03 11:10:58.573 D/audio_hw_primary(  179): stop_output_stream: enter: usecase(1: low-latency-playback)
04-03 11:10:58.573 D/audio_hw_primary(  179): disable_audio_route: reset mixer path: low-latency-playback
04-03 11:10:58.573 D/audio_hw_primary(  179): disable_snd_device: snd_device(2: speaker)
04-03 11:10:58.583 D/audio_hw_primary(  179): stop_output_stream: exit: status(0)
04-03 11:10:58.583 D/audio_hw_primary(  179): out_standby: exit
04-03 11:10:58.854 I/ActivityManager(  511): Killing 2256:uk.ac.st_andrews.cs.host.mk74.naivegpslocalization/u0a10101: remove task
04-03 11:10:58.864 I/WindowState(  511): WIN DEATH: Window{42d51398 u0 uk.ac.st_andrews.cs.host.mk74.naivegpslocalization/uk.ac.st_andrews.cs.host.mk74.naivegpslocalization.MainActivity}
04-03 11:10:59.404 D/audio_hw_primary(  179): start_output_stream: enter: usecase(1: low-latency-playback) devices(0x2)
04-03 11:10:59.404 D/audio_hw_primary(  179): select_devices: out_snd_device(2: speaker) in_snd_device(0: none)
04-03 11:10:59.404 D/audio_hw_primary(  179): enable_snd_device: sending audio calibration for snd_device(2) acdb_id(14)
04-03 11:10:59.404 D/ACDB-LOADER(  179): ACDB -> send_afe_cal
04-03 11:10:59.404 D/audio_hw_primary(  179): enable_snd_device: snd_device(2: speaker)
04-03 11:10:59.404 D/audio_hw_primary(  179): enable_audio_route: apply mixer path: low-latency-playback
04-03 11:10:59.424 D/audio_hw_primary(  179): start_output_stream: exit
04-03 11:10:59.464 D/dalvikvm(  511): GC_FOR_ALLOC freed 1732K, 17% free 15568K/18740K, paused 58ms, total 58ms
04-03 11:10:59.474 I/System.out( 2303): Location: -2.80864235 56.33999033 | GPSNavigator running:true
04-03 11:10:59.474 I/System.out( 2303): Battery level: 99 | Time difference: -1
04-03 11:10:59.534 D/dalvikvm(  511): GC_CONCURRENT freed 1113K, 14% free 16116K/18740K, paused 3ms+5ms, total 57ms
04-03 11:10:59.534 D/dalvikvm(  511): WAIT_FOR_CONCURRENT_GC blocked 52ms
04-03 11:11:02.477 I/System.out( 2303): Location: -2.80864235 56.33999033 | GPSNavigator running:true
04-03 11:11:02.477 I/System.out( 2303): Battery level: 99 | Time difference: -1
04-03 11:11:02.587 D/audio_hw_primary(  179): out_standby: enter: usecase(1: low-latency-playback)
04-03 11:11:02.637 D/audio_hw_primary(  179): stop_output_stream: enter: usecase(1: low-latency-playback)
04-03 11:11:02.637 D/audio_hw_primary(  179): disable_audio_route: reset mixer path: low-latency-playback
04-03 11:11:02.637 D/audio_hw_primary(  179): disable_snd_device: snd_device(2: speaker)
04-03 11:11:02.647 D/audio_hw_primary(  179): stop_output_stream: exit: status(0)
04-03 11:11:02.647 D/audio_hw_primary(  179): out_standby: exit
04-03 11:11:03.859 D/dalvikvm( 2303): GC_CONCURRENT freed 192K, 3% free 9057K/9288K, paused 5ms+3ms, total 39ms
04-03 11:11:05.480 I/System.out( 2303): Location: -2.80864235 56.33999033 | GPSNavigator running:true
04-03 11:11:05.480 I/System.out( 2303): Battery level: 99 | Time difference: -1
04-03 11:11:08.483 I/System.out( 2303): Location: -2.80864235 56.33999033 | GPSNavigator running:true
04-03 11:11:08.483 I/System.out( 2303): Battery level: 99 | Time difference: -1
04-03 11:11:11.216 I/rmt_storage(  184): rmt_storage_rw_iovec_cb: /boot/modem_fs2: clnt_h=0x2: req_h=0xb msg_id=3: R/W request received
04-03 11:11:11.216 I/rmt_storage(  184): wakelock acquired: 1, error no: 110
04-03 11:11:11.216 I/rmt_storage(  184): rmt_storage_client_thread: /boot/modem_fs2: clnt_h=0x2 Unblock worker thread (th_id: -1214593728)
04-03 11:11:11.226 I/rmt_storage(  184): rmt_storage_client_thread: /boot/modem_fs2: clnt_h=0x2: req_h=0xb msg_id=3: Bytes written = 261632
04-03 11:11:11.226 I/rmt_storage(  184): rmt_storage_client_thread: /boot/modem_fs2: clnt_h=0x2: req_h=0xb msg_id=3: Bytes written = 512
04-03 11:11:11.226 I/rmt_storage(  184): rmt_storage_client_thread: /boot/modem_fs2: clnt_h=0x2: req_h=0xb msg_id=3: Send response: res=0 err=0
04-03 11:11:11.226 I/rmt_storage(  184): rmt_storage_client_thread: /boot/modem_fs2: clnt_h=0x2 About to block rmt_storage client thread (th_id: -1214593728) wakelock released: 1, error no: 0
04-03 11:11:11.226 I/rmt_storage(  184): 
04-03 11:11:11.476 I/System.out( 2303): Location: -2.80864235 56.33999033 | GPSNavigator running:true
04-03 11:11:11.476 I/System.out( 2303): Battery level: 99 | Time difference: -1
04-03 11:11:14.479 I/System.out( 2303): Location: -2.808994 56.34001233 | GPSNavigator running:true
04-03 11:11:14.479 I/System.out( 2303): Battery level: 99 | Time difference: -1
04-03 11:11:17.482 I/System.out( 2303): Location: -2.80904429 56.34009401 | GPSNavigator running:true
04-03 11:11:17.482 I/System.out( 2303): Battery level: 99 | Time difference: -1
04-03 11:11:20.475 I/System.out( 2303): Location: -2.80903366 56.34010471 | GPSNavigator running:true
04-03 11:11:20.475 I/System.out( 2303): Battery level: 99 | Time difference: -1
04-03 11:11:23.478 I/System.out( 2303): Location: -2.80903601 56.34010565 | GPSNavigator running:true
04-03 11:11:23.478 I/System.out( 2303): Battery level: 99 | Time difference: -1
04-03 11:11:26.491 I/System.out( 2303): Location: -2.80903621 56.3401059 | GPSNavigator running:true
04-03 11:11:26.491 I/System.out( 2303): Battery level: 99 | Time difference: -1
04-03 11:11:27.061 I/ActivityManager(  511): START u0 {act=android.intent.action.MAIN cat=[android.intent.category.HOME] flg=0x10200000 cmp=com.android.launcher/com.android.launcher2.Launcher} from pid 511
04-03 11:11:27.081 D/audio_hw_primary(  179): start_output_stream: enter: usecase(1: low-latency-playback) devices(0x2)
04-03 11:11:27.081 D/audio_hw_primary(  179): select_devices: out_snd_device(2: speaker) in_snd_device(0: none)
04-03 11:11:27.081 D/audio_hw_primary(  179): enable_snd_device: sending audio calibration for snd_device(2) acdb_id(14)
04-03 11:11:27.081 D/ACDB-LOADER(  179): ACDB -> send_afe_cal
04-03 11:11:27.081 D/audio_hw_primary(  179): enable_snd_device: snd_device(2: speaker)
04-03 11:11:27.081 D/audio_hw_primary(  179): enable_audio_route: apply mixer path: low-latency-playback
04-03 11:11:27.091 D/audio_hw_primary(  179): start_output_stream: exit
04-03 11:11:27.121 D/dalvikvm(  511): GC_FOR_ALLOC freed 719K, 11% free 16679K/18740K, paused 41ms, total 41ms
04-03 11:11:27.161 D/dalvikvm(  511): GC_FOR_ALLOC freed 1118K, 15% free 16114K/18740K, paused 42ms, total 42ms
04-03 11:11:29.484 I/System.out( 2303): Location: -2.80903935 56.34010315 | GPSNavigator running:true
04-03 11:11:29.484 I/System.out( 2303): Battery level: 99 | Time difference: -1
04-03 11:11:30.254 D/audio_hw_primary(  179): out_standby: enter: usecase(1: low-latency-playback)
04-03 11:11:30.294 D/audio_hw_primary(  179): stop_output_stream: enter: usecase(1: low-latency-playback)
04-03 11:11:30.294 D/audio_hw_primary(  179): disable_audio_route: reset mixer path: low-latency-playback
04-03 11:11:30.294 D/audio_hw_primary(  179): disable_snd_device: snd_device(2: speaker)
04-03 11:11:30.304 D/audio_hw_primary(  179): stop_output_stream: exit: status(0)
04-03 11:11:30.304 D/audio_hw_primary(  179): out_standby: exit
04-03 11:11:32.186 D/dalvikvm(  774): GC_CONCURRENT freed 5081K, 26% free 21483K/28804K, paused 1ms+3ms, total 24ms
04-03 11:11:32.196 D/dalvikvm(  774): WAIT_FOR_CONCURRENT_GC blocked 28ms
04-03 11:11:32.226 D/audio_hw_primary(  179): start_output_stream: enter: usecase(1: low-latency-playback) devices(0x2)
04-03 11:11:32.226 D/audio_hw_primary(  179): select_devices: out_snd_device(2: speaker) in_snd_device(0: none)
04-03 11:11:32.226 D/audio_hw_primary(  179): enable_snd_device: sending audio calibration for snd_device(2) acdb_id(14)
04-03 11:11:32.226 D/ACDB-LOADER(  179): ACDB -> send_afe_cal
04-03 11:11:32.226 D/audio_hw_primary(  179): enable_snd_device: snd_device(2: speaker)
04-03 11:11:32.236 D/audio_hw_primary(  179): enable_audio_route: apply mixer path: low-latency-playback
04-03 11:11:32.246 D/audio_hw_primary(  179): start_output_stream: exit
04-03 11:11:32.486 I/System.out( 2303): Location: -2.8090466 56.34009978 | GPSNavigator running:true
04-03 11:11:32.486 I/System.out( 2303): Battery level: 99 | Time difference: -1
04-03 11:11:33.107 D/dalvikvm(  774): GC_FOR_ALLOC freed 896K, 15% free 24607K/28804K, paused 22ms, total 22ms
04-03 11:11:35.399 D/audio_hw_primary(  179): out_standby: enter: usecase(1: low-latency-playback)
04-03 11:11:35.459 D/audio_hw_primary(  179): stop_output_stream: enter: usecase(1: low-latency-playback)
04-03 11:11:35.459 D/audio_hw_primary(  179): disable_audio_route: reset mixer path: low-latency-playback
04-03 11:11:35.459 D/audio_hw_primary(  179): disable_snd_device: snd_device(2: speaker)
04-03 11:11:35.469 D/audio_hw_primary(  179): stop_output_stream: exit: status(0)
04-03 11:11:35.469 D/audio_hw_primary(  179): out_standby: exit
04-03 11:11:35.489 I/System.out( 2303): Location: -2.80905098 56.34009816 | GPSNavigator running:true
04-03 11:11:35.489 I/System.out( 2303): Battery level: 99 | Time difference: -1
04-03 11:11:38.492 I/System.out( 2303): Location: -2.80905215 56.34009772 | GPSNavigator running:true
04-03 11:11:38.492 I/System.out( 2303): Battery level: 99 | Time difference: -1
04-03 11:11:40.164 I/ActivityManager(  511): START u0 {act=android.intent.action.MAIN cat=[android.intent.category.LAUNCHER] flg=0x10200000 cmp=uk.ac.st_andrews.cs.host.mk74.naivegpslocalization/.MainActivity} from pid 774
04-03 11:11:40.164 D/audio_hw_primary(  179): start_output_stream: enter: usecase(1: low-latency-playback) devices(0x2)
04-03 11:11:40.164 D/audio_hw_primary(  179): select_devices: out_snd_device(2: speaker) in_snd_device(0: none)
04-03 11:11:40.164 D/audio_hw_primary(  179): enable_snd_device: sending audio calibration for snd_device(2) acdb_id(14)
04-03 11:11:40.164 D/ACDB-LOADER(  179): ACDB -> send_afe_cal
04-03 11:11:40.164 D/audio_hw_primary(  179): enable_snd_device: snd_device(2: speaker)
04-03 11:11:40.174 D/audio_hw_primary(  179): enable_audio_route: apply mixer path: low-latency-playback
04-03 11:11:40.184 D/audio_hw_primary(  179): start_output_stream: exit
04-03 11:11:40.224 D/dalvikvm(  511): GC_FOR_ALLOC freed 694K, 11% free 16742K/18740K, paused 43ms, total 44ms
04-03 11:11:40.274 D/dalvikvm(  511): GC_FOR_ALLOC freed 1118K, 14% free 16185K/18740K, paused 44ms, total 44ms
04-03 11:11:40.334 I/ActivityManager(  511): Start proc uk.ac.st_andrews.cs.host.mk74.naivegpslocalization for activity uk.ac.st_andrews.cs.host.mk74.naivegpslocalization/.MainActivity: pid=2390 uid=10101 gids={50101, 1028}
04-03 11:11:40.354 D/dalvikvm(  177): GC_EXPLICIT freed 42K, 1% free 8863K/8944K, paused 1ms+2ms, total 24ms
04-03 11:11:40.354 D/dalvikvm( 2390): Late-enabling CheckJNI
04-03 11:11:40.364 D/dalvikvm(  177): GC_EXPLICIT freed <1K, 1% free 8863K/8944K, paused 2ms+1ms, total 18ms
04-03 11:11:40.384 D/dalvikvm(  177): GC_EXPLICIT freed <1K, 1% free 8863K/8944K, paused 1ms+2ms, total 16ms
04-03 11:11:40.434 I/System.out( 2390): Battery level start is reached
04-03 11:11:40.474 D/libEGL  ( 2390): loaded /system/lib/egl/libEGL_adreno200.so
04-03 11:11:40.474 D/libEGL  ( 2390): loaded /system/lib/egl/libGLESv1_CM_adreno200.so
04-03 11:11:40.474 D/libEGL  ( 2390): loaded /system/lib/egl/libGLESv2_adreno200.so
04-03 11:11:40.474 I/Adreno200-EGL( 2390): <qeglDrvAPI_eglInitialize:265>: EGL 1.4 QUALCOMM Build: Iabe52cfaeae4c5fab1acacfe6f056ba15fa93274
04-03 11:11:40.514 D/OpenGLRenderer( 2390): Enabling debug mode 0
04-03 11:11:40.564 I/ActivityManager(  511): Displayed uk.ac.st_andrews.cs.host.mk74.naivegpslocalization/.MainActivity: +249ms
04-03 11:11:41.485 I/System.out( 2303): Location: -2.80905286 56.34009743 | GPSNavigator running:true
04-03 11:11:41.485 I/System.out( 2303): Battery level: 99 | Time difference: -1
04-03 11:11:43.347 D/audio_hw_primary(  179): out_standby: enter: usecase(1: low-latency-playback)
04-03 11:11:43.407 D/audio_hw_primary(  179): stop_output_stream: enter: usecase(1: low-latency-playback)
04-03 11:11:43.407 D/audio_hw_primary(  179): disable_audio_route: reset mixer path: low-latency-playback
04-03 11:11:43.407 D/audio_hw_primary(  179): disable_snd_device: snd_device(2: speaker)
04-03 11:11:43.417 D/audio_hw_primary(  179): stop_output_stream: exit: status(0)
04-03 11:11:43.417 D/audio_hw_primary(  179): out_standby: exit
04-03 11:11:43.437 I/System.out( 2390): Location: -2.80905301 56.34009738 | GPSNavigator running:true
04-03 11:11:43.437 I/System.out( 2390): Battery level: 99 | Time difference: -1
04-03 11:11:44.488 I/System.out( 2303): Location: -2.80905309 56.34009735 | GPSNavigator running:true
04-03 11:11:44.488 I/System.out( 2303): Battery level: 99 | Time difference: -1
04-03 11:11:45.900 D/dalvikvm(  511): GC_FOR_ALLOC freed 640K, 11% free 16780K/18740K, paused 48ms, total 49ms
04-03 11:11:45.950 D/dalvikvm(  511): GC_FOR_ALLOC freed 1207K, 14% free 16125K/18740K, paused 47ms, total 47ms
04-03 11:11:45.970 D/audio_hw_primary(  179): start_output_stream: enter: usecase(1: low-latency-playback) devices(0x2)
04-03 11:11:45.970 D/audio_hw_primary(  179): select_devices: out_snd_device(2: speaker) in_snd_device(0: none)
04-03 11:11:45.970 D/audio_hw_primary(  179): enable_snd_device: sending audio calibration for snd_device(2) acdb_id(14)
04-03 11:11:45.970 D/ACDB-LOADER(  179): ACDB -> send_afe_cal
04-03 11:11:45.970 D/audio_hw_primary(  179): enable_snd_device: snd_device(2: speaker)
04-03 11:11:45.970 D/audio_hw_primary(  179): enable_audio_route: apply mixer path: low-latency-playback
04-03 11:11:45.980 D/audio_hw_primary(  179): start_output_stream: exit
04-03 11:11:45.990 D/dalvikvm(  589): GC_FOR_ALLOC freed 34341K, 67% free 17411K/51788K, paused 28ms, total 28ms
04-03 11:11:46.010 I/ActivityManager(  511): START u0 {act=com.android.systemui.recent.action.TOGGLE_RECENTS flg=0x10800000 cmp=com.android.systemui/.recent.RecentsActivity (has extras)} from pid 589
04-03 11:11:46.050 D/dalvikvm(  511): GC_FOR_ALLOC freed 1114K, 14% free 16128K/18740K, paused 41ms, total 42ms
04-03 11:11:46.440 I/System.out( 2390): Location: -2.80905327 56.34009727 | GPSNavigator running:true
04-03 11:11:46.440 I/System.out( 2390): Battery level: 99 | Time difference: -1
04-03 11:11:47.181 D/dalvikvm(  704): GC_CONCURRENT freed 392K, 10% free 9951K/11036K, paused 1ms+2ms, total 17ms
04-03 11:11:47.341 D/dalvikvm(  511): GC_FOR_ALLOC freed 590K, 11% free 16684K/18740K, paused 42ms, total 43ms
04-03 11:11:47.381 D/dalvikvm(  511): GC_FOR_ALLOC freed 5K, 9% free 17232K/18740K, paused 43ms, total 43ms
04-03 11:11:47.431 D/dalvikvm(  511): GC_FOR_ALLOC freed 1106K, 14% free 16679K/19296K, paused 42ms, total 42ms
04-03 11:11:47.491 I/System.out( 2303): Location: -2.80905327 56.34009727 | GPSNavigator running:true
04-03 11:11:47.491 I/System.out( 2303): Battery level: 99 | Time difference: -1
04-03 11:11:49.133 D/dalvikvm(  511): GC_FOR_ALLOC freed 1141K, 14% free 16685K/19296K, paused 48ms, total 48ms
04-03 11:11:49.173 D/dalvikvm(  511): GC_FOR_ALLOC freed 1110K, 14% free 16681K/19296K, paused 42ms, total 43ms
04-03 11:11:49.183 I/ActivityManager(  511): START u0 {act=com.android.systemui.recent.action.TOGGLE_RECENTS flg=0x10800000 cmp=com.android.systemui/.recent.RecentsActivity (has extras)} from pid 589
04-03 11:11:49.203 D/dalvikvm(  589): GC_FOR_ALLOC freed 4935K, 72% free 14871K/51788K, paused 19ms, total 19ms
04-03 11:11:49.233 D/dalvikvm(  511): GC_FOR_ALLOC freed 1119K, 14% free 16684K/19296K, paused 44ms, total 44ms
04-03 11:11:49.433 I/System.out( 2390): Location: -2.80905354 56.34009716 | GPSNavigator running:true
04-03 11:11:49.433 I/System.out( 2390): Battery level: 99 | Time difference: -1
04-03 11:11:50.484 I/System.out( 2303): Location: -2.80905364 56.34009712 | GPSNavigator running:true
04-03 11:11:50.484 I/System.out( 2303): Battery level: 99 | Time difference: -1
04-03 11:11:50.624 I/ActivityManager(  511): Killing 2303:uk.ac.st_andrews.cs.host.mk74.locygpslocalization/u0a10103: remove task
04-03 11:11:50.634 I/WindowState(  511): WIN DEATH: Window{42cde4c0 u0 uk.ac.st_andrews.cs.host.mk74.locygpslocalization/uk.ac.st_andrews.cs.host.mk74.locygpslocalization.MainActivity}
04-03 11:11:52.316 D/audio_hw_primary(  179): out_standby: enter: usecase(1: low-latency-playback)
04-03 11:11:52.356 D/audio_hw_primary(  179): stop_output_stream: enter: usecase(1: low-latency-playback)
04-03 11:11:52.356 D/audio_hw_primary(  179): disable_audio_route: reset mixer path: low-latency-playback
04-03 11:11:52.356 D/audio_hw_primary(  179): disable_snd_device: snd_device(2: speaker)
04-03 11:11:52.366 D/audio_hw_primary(  179): stop_output_stream: exit: status(0)
04-03 11:11:52.366 D/audio_hw_primary(  179): out_standby: exit
04-03 11:11:52.436 I/System.out( 2390): Location: -2.80905382 56.34009704 | GPSNavigator running:true
04-03 11:11:52.436 I/System.out( 2390): Battery level: 99 | Time difference: -1
04-03 11:11:55.439 I/System.out( 2390): Location: -2.80905471 56.3400966 | GPSNavigator running:true
04-03 11:11:55.439 I/System.out( 2390): Battery level: 99 | Time difference: -1
04-03 11:11:55.849 D/audio_hw_primary(  179): start_output_stream: enter: usecase(1: low-latency-playback) devices(0x2)
04-03 11:11:55.849 D/audio_hw_primary(  179): select_devices: out_snd_device(2: speaker) in_snd_device(0: none)
04-03 11:11:55.849 D/audio_hw_primary(  179): enable_snd_device: sending audio calibration for snd_device(2) acdb_id(14)
04-03 11:11:55.849 D/ACDB-LOADER(  179): ACDB -> send_afe_cal
04-03 11:11:55.849 D/audio_hw_primary(  179): enable_snd_device: snd_device(2: speaker)
04-03 11:11:55.849 D/audio_hw_primary(  179): enable_audio_route: apply mixer path: low-latency-playback
04-03 11:11:55.859 D/audio_hw_primary(  179): start_output_stream: exit
04-03 11:11:55.889 D/dalvikvm(  511): GC_FOR_ALLOC freed 1743K, 17% free 16128K/19296K, paused 42ms, total 43ms
04-03 11:11:55.929 D/dalvikvm(  511): GC_FOR_ALLOC freed 1666K, 17% free 16122K/19296K, paused 42ms, total 42ms
04-03 11:11:58.442 I/System.out( 2390): Location: -2.80905548 56.3400962 | GPSNavigator running:true
04-03 11:11:58.442 I/System.out( 2390): Battery level: 99 | Time difference: -1
04-03 11:11:59.032 D/audio_hw_primary(  179): out_standby: enter: usecase(1: low-latency-playback)
04-03 11:11:59.102 D/audio_hw_primary(  179): stop_output_stream: enter: usecase(1: low-latency-playback)
04-03 11:11:59.102 D/audio_hw_primary(  179): disable_audio_route: reset mixer path: low-latency-playback
04-03 11:11:59.102 D/audio_hw_primary(  179): disable_snd_device: snd_device(2: speaker)
04-03 11:11:59.112 D/audio_hw_primary(  179): stop_output_stream: exit: status(0)
04-03 11:11:59.112 D/audio_hw_primary(  179): out_standby: exit
04-03 11:12:01.435 I/System.out( 2390): Location: -2.80905621 56.34009583 | GPSNavigator running:true
04-03 11:12:01.435 I/System.out( 2390): Battery level: 99 | Time difference: -1
04-03 11:12:01.605 I/EntropyMixer(  511): Writing entropy...
04-03 11:12:01.605 D/PicasaSyncManager( 1674): battery info: true
04-03 11:12:01.605 D/PicasaUploaderSyncManager( 1699): battery info: true
04-03 11:12:01.605 W/PowerUI (  589): unknown intent: Intent { act=android.intent.action.ACTION_POWER_CONNECTED flg=0x8000010 }
04-03 11:12:01.625 I/ActivityManager(  511): Start proc com.google.android.youtube for broadcast com.google.android.youtube/.app.prefetch.PrefetchService$DeviceStateReceiver: pid=2479 uid=10063 gids={50063, 3003, 1015, 1006, 1028}
04-03 11:12:01.725 D/dalvikvm( 2479): GC_CONCURRENT freed 256K, 4% free 9051K/9344K, paused 3ms+3ms, total 20ms
04-03 11:12:01.795 D/dalvikvm( 2479): GC_CONCURRENT freed 299K, 4% free 9253K/9588K, paused 1ms+1ms, total 13ms
04-03 11:12:01.815 D/dalvikvm( 2479): DexOpt: --- BEGIN 'ads1543847967.jar' (bootstrap=0) ---
04-03 11:12:01.845 D/dalvikvm( 2504): DexOpt: load 3ms, verify+opt 4ms, 144708 bytes
04-03 11:12:01.865 D/dalvikvm( 2479): DexOpt: --- END 'ads1543847967.jar' (success) ---
04-03 11:12:01.865 D/dalvikvm( 2479): DEX prep '/data/data/com.google.android.youtube/cache/ads1543847967.jar': unzip in 0ms, rewrite 52ms
04-03 11:12:01.945 I/ConversionPing( 2479): Sending ping: http://googleads.g.doubleclick.net/pagead/viewthroughconversion/1001680686/?label=8cu4CIrA3gMQrt7R3QM&muid=EmUrK9jpBXsGnFBYwt80rw
04-03 11:12:01.945 E/ConversionPing( 2479): ConversionPing could not reach the url, no conversion sent.
04-03 11:12:01.955 D/dalvikvm( 2479): GC_CONCURRENT freed 260K, 4% free 9429K/9728K, paused 3ms+2ms, total 20ms
04-03 11:12:04.448 I/System.out( 2390): Location: -2.80905645 56.3400957 | GPSNavigator running:true
04-03 11:12:04.448 I/System.out( 2390): Battery level: 100 | Time difference: -1
04-03 11:12:07.441 I/System.out( 2390): Location: -2.80905652 56.34009567 | GPSNavigator running:true
04-03 11:12:07.451 I/System.out( 2390): Battery level: 100 | Time difference: -1
04-03 11:12:10.443 I/System.out( 2390): Location: -2.80905665 56.34009559 | GPSNavigator running:true
04-03 11:12:10.443 I/System.out( 2390): Battery level: 100 | Time difference: -1
04-03 11:12:13.446 I/System.out( 2390): Location: -2.80905672 56.34009556 | GPSNavigator running:true
04-03 11:12:13.446 I/System.out( 2390): Battery level: 100 | Time difference: -1
04-03 11:12:16.449 I/System.out( 2390): Location: -2.80905676 56.34009553 | GPSNavigator running:true
04-03 11:12:16.449 I/System.out( 2390): Battery level: 100 | Time difference: -1
04-03 11:12:19.452 I/System.out( 2390): Location: -2.80905682 56.34009551 | GPSNavigator running:true
04-03 11:12:19.452 I/System.out( 2390): Battery level: 100 | Time difference: -1
04-03 11:12:22.445 I/System.out( 2390): Location: -2.80905688 56.34009548 | GPSNavigator running:true
04-03 11:12:22.445 I/System.out( 2390): Battery level: 100 | Time difference: -1
04-03 11:12:25.458 I/System.out( 2390): Location: -2.8090569 56.34009547 | GPSNavigator running:true
04-03 11:12:25.458 I/System.out( 2390): Battery level: 100 | Time difference: -1
04-03 11:12:28.461 I/System.out( 2390): Location: -2.80905693 56.34009545 | GPSNavigator running:true
04-03 11:12:28.461 I/System.out( 2390): Battery level: 100 | Time difference: -1
04-03 11:12:31.464 I/System.out( 2390): Location: -2.80905693 56.34009545 | GPSNavigator running:true
04-03 11:12:31.464 I/System.out( 2390): Battery level: 100 | Time difference: -1
04-03 11:12:34.457 I/System.out( 2390): Location: -2.80905693 56.34009545 | GPSNavigator running:true
04-03 11:12:34.457 I/System.out( 2390): Battery level: 100 | Time difference: -1
04-03 11:12:36.349 I/ActivityManager(  511): START u0 {act=android.intent.action.MAIN cat=[android.intent.category.HOME] flg=0x10200000 cmp=com.android.launcher/com.android.launcher2.Launcher} from pid 511
04-03 11:12:36.359 D/audio_hw_primary(  179): start_output_stream: enter: usecase(1: low-latency-playback) devices(0x2)
04-03 11:12:36.359 D/audio_hw_primary(  179): select_devices: out_snd_device(2: speaker) in_snd_device(0: none)
04-03 11:12:36.359 D/audio_hw_primary(  179): enable_snd_device: sending audio calibration for snd_device(2) acdb_id(14)
04-03 11:12:36.359 D/ACDB-LOADER(  179): ACDB -> send_afe_cal
04-03 11:12:36.359 D/audio_hw_primary(  179): enable_snd_device: snd_device(2: speaker)
04-03 11:12:36.369 D/audio_hw_primary(  179): enable_audio_route: apply mixer path: low-latency-playback
04-03 11:12:36.369 D/audio_hw_primary(  179): start_output_stream: exit
04-03 11:12:36.409 D/dalvikvm(  511): GC_FOR_ALLOC freed 975K, 14% free 16704K/19296K, paused 56ms, total 56ms
04-03 11:12:37.460 I/System.out( 2390): Location: -2.80905693 56.34009545 | GPSNavigator running:true
04-03 11:12:37.460 I/System.out( 2390): Battery level: 100 | Time difference: -1
04-03 11:12:40.453 I/System.out( 2390): Location: -2.80905693 56.34009545 | GPSNavigator running:true
04-03 11:12:40.453 I/System.out( 2390): Battery level: 100 | Time difference: -1
04-03 11:12:40.653 D/audio_hw_primary(  179): out_standby: enter: usecase(1: low-latency-playback)
04-03 11:12:40.703 D/audio_hw_primary(  179): stop_output_stream: enter: usecase(1: low-latency-playback)
04-03 11:12:40.703 D/audio_hw_primary(  179): disable_audio_route: reset mixer path: low-latency-playback
04-03 11:12:40.703 D/audio_hw_primary(  179): disable_snd_device: snd_device(2: speaker)
04-03 11:12:40.703 D/audio_hw_primary(  179): stop_output_stream: exit: status(0)
04-03 11:12:40.703 D/audio_hw_primary(  179): out_standby: exit
04-03 11:12:42.625 I/ActivityManager(  511): START u0 {act=android.intent.action.MAIN cat=[android.intent.category.LAUNCHER] flg=0x10200000 cmp=uk.ac.st_andrews.cs.host.mk74.locygpslocalization/.MainActivity} from pid 774
04-03 11:12:42.635 D/audio_hw_primary(  179): start_output_stream: enter: usecase(1: low-latency-playback) devices(0x2)
04-03 11:12:42.635 D/audio_hw_primary(  179): select_devices: out_snd_device(2: speaker) in_snd_device(0: none)
04-03 11:12:42.635 D/audio_hw_primary(  179): enable_snd_device: sending audio calibration for snd_device(2) acdb_id(14)
04-03 11:12:42.635 D/ACDB-LOADER(  179): ACDB -> send_afe_cal
04-03 11:12:42.635 D/audio_hw_primary(  179): enable_snd_device: snd_device(2: speaker)
04-03 11:12:42.635 D/audio_hw_primary(  179): enable_audio_route: apply mixer path: low-latency-playback
04-03 11:12:42.645 D/audio_hw_primary(  179): start_output_stream: exit
04-03 11:12:42.675 D/dalvikvm(  511): GC_FOR_ALLOC freed 1774K, 16% free 16217K/19296K, paused 44ms, total 44ms
04-03 11:12:42.715 D/dalvikvm( 2554): Late-enabling CheckJNI
04-03 11:12:42.715 I/ActivityManager(  511): Start proc uk.ac.st_andrews.cs.host.mk74.locygpslocalization for activity uk.ac.st_andrews.cs.host.mk74.locygpslocalization/.MainActivity: pid=2554 uid=10103 gids={50103, 1028}
04-03 11:12:42.785 I/System.out( 2554): LocyNavigatorThread has started
04-03 11:12:42.855 D/libEGL  ( 2554): loaded /system/lib/egl/libEGL_adreno200.so
04-03 11:12:42.855 D/libEGL  ( 2554): loaded /system/lib/egl/libGLESv1_CM_adreno200.so
04-03 11:12:42.855 D/libEGL  ( 2554): loaded /system/lib/egl/libGLESv2_adreno200.so
04-03 11:12:42.855 I/Adreno200-EGL( 2554): <qeglDrvAPI_eglInitialize:265>: EGL 1.4 QUALCOMM Build: Iabe52cfaeae4c5fab1acacfe6f056ba15fa93274
04-03 11:12:42.865 D/dalvikvm(  511): GC_CONCURRENT freed 1696K, 16% free 16244K/19296K, paused 2ms+4ms, total 49ms
04-03 11:12:42.895 D/OpenGLRenderer( 2554): Enabling debug mode 0
04-03 11:12:42.955 I/ActivityManager(  511): Displayed uk.ac.st_andrews.cs.host.mk74.locygpslocalization/.MainActivity: +248ms
04-03 11:12:43.456 I/System.out( 2390): Location: -2.80905693 56.34009545 | GPSNavigator running:true
04-03 11:12:43.456 I/System.out( 2390): Battery level: 100 | Time difference: -1
04-03 11:12:45.798 D/audio_hw_primary(  179): out_standby: enter: usecase(1: low-latency-playback)
04-03 11:12:45.818 I/System.out( 2554): Location: unknown | GPSNavigator running:true
04-03 11:12:45.818 I/System.out( 2554): Battery level: 100 | Time difference: -1
04-03 11:12:45.848 D/audio_hw_primary(  179): stop_output_stream: enter: usecase(1: low-latency-playback)
04-03 11:12:45.848 D/audio_hw_primary(  179): disable_audio_route: reset mixer path: low-latency-playback
04-03 11:12:45.848 D/audio_hw_primary(  179): disable_snd_device: snd_device(2: speaker)
04-03 11:12:45.858 D/audio_hw_primary(  179): stop_output_stream: exit: status(0)
04-03 11:12:45.858 D/audio_hw_primary(  179): out_standby: exit
04-03 11:12:46.459 I/System.out( 2390): Location: -2.80905693 56.34009545 | GPSNavigator running:true
04-03 11:12:46.459 I/System.out( 2390): Battery level: 100 | Time difference: -1
04-03 11:12:48.821 I/System.out( 2554): Location: unknown | GPSNavigator running:true
04-03 11:12:48.821 I/System.out( 2554): Battery level: 100 | Time difference: -1
04-03 11:12:49.462 I/System.out( 2390): Location: -2.80905693 56.34009545 | GPSNavigator running:true
04-03 11:12:49.462 I/System.out( 2390): Battery level: 100 | Time difference: -1
04-03 11:12:51.824 I/System.out( 2554): Location: unknown | GPSNavigator running:true
04-03 11:12:51.824 I/System.out( 2554): Battery level: 100 | Time difference: -1
04-03 11:12:52.464 I/System.out( 2390): Location: -2.80905693 56.34009545 | GPSNavigator running:true
04-03 11:12:52.464 I/System.out( 2390): Battery level: 100 | Time difference: -1
04-03 11:12:54.827 I/System.out( 2554): Location: unknown | GPSNavigator running:true
04-03 11:12:54.827 I/System.out( 2554): Battery level: 100 | Time difference: -1
04-03 11:12:55.467 I/System.out( 2390): Location: -2.80905693 56.34009545 | GPSNavigator running:true
04-03 11:12:55.467 I/System.out( 2390): Battery level: 100 | Time difference: -1
04-03 11:12:57.830 I/System.out( 2554): Location: unknown | GPSNavigator running:true
04-03 11:12:57.830 I/System.out( 2554): Battery level: 100 | Time difference: -1
04-03 11:12:58.470 I/System.out( 2390): Location: -2.80905693 56.34009545 | GPSNavigator running:true
04-03 11:12:58.470 I/System.out( 2390): Battery level: 100 | Time difference: -1
04-03 11:13:00.833 I/System.out( 2554): Location: unknown | GPSNavigator running:true
04-03 11:13:00.833 I/System.out( 2554): Battery level: 100 | Time difference: -1
04-03 11:13:01.463 I/System.out( 2390): Location: -2.80905693 56.34009545 | GPSNavigator running:true
04-03 11:13:01.463 I/System.out( 2390): Battery level: 100 | Time difference: -1
04-03 11:13:03.826 I/System.out( 2554): Location: unknown | GPSNavigator running:true
04-03 11:13:03.826 I/System.out( 2554): Battery level: 100 | Time difference: -1
04-03 11:13:04.026 D/dalvikvm( 2554): GC_CONCURRENT freed 197K, 3% free 9052K/9288K, paused 8ms+5ms, total 70ms
04-03 11:13:04.466 I/System.out( 2390): Location: -2.80905693 56.34009545 | GPSNavigator running:true
04-03 11:13:04.466 I/System.out( 2390): Battery level: 100 | Time difference: -1
04-03 11:13:06.828 I/System.out( 2554): Location: unknown | GPSNavigator running:true
04-03 11:13:06.828 I/System.out( 2554): Battery level: 100 | Time difference: -1
04-03 11:13:07.469 I/System.out( 2390): Location: -2.80905693 56.34009545 | GPSNavigator running:true
04-03 11:13:07.469 I/System.out( 2390): Battery level: 100 | Time difference: -1
04-03 11:13:09.831 I/System.out( 2554): Location: unknown | GPSNavigator running:true
04-03 11:13:09.831 I/System.out( 2554): Battery level: 100 | Time difference: -1
04-03 11:13:10.472 I/System.out( 2390): Location: -2.80905693 56.34009545 | GPSNavigator running:true
04-03 11:13:10.472 I/System.out( 2390): Battery level: 100 | Time difference: -1
04-03 11:13:12.834 I/System.out( 2554): Location: unknown | GPSNavigator running:true
04-03 11:13:12.834 I/System.out( 2554): Battery level: 100 | Time difference: -1
04-03 11:13:13.465 I/System.out( 2390): Location: -2.80905693 56.34009545 | GPSNavigator running:true
04-03 11:13:13.465 I/System.out( 2390): Battery level: 100 | Time difference: -1
04-03 11:13:15.837 I/System.out( 2554): Location: unknown | GPSNavigator running:true
04-03 11:13:15.837 I/System.out( 2554): Battery level: 100 | Time difference: -1
04-03 11:13:16.468 I/System.out( 2390): Location: -2.80905693 56.34009545 | GPSNavigator running:true
04-03 11:13:16.468 I/System.out( 2390): Battery level: 100 | Time difference: -1
04-03 11:13:18.840 I/System.out( 2554): Location: unknown | GPSNavigator running:true
04-03 11:13:18.840 I/System.out( 2554): Battery level: 100 | Time difference: -1
04-03 11:13:19.471 I/System.out( 2390): Location: -2.80905693 56.34009545 | GPSNavigator running:true
04-03 11:13:19.471 I/System.out( 2390): Battery level: 100 | Time difference: -1
04-03 11:13:21.833 I/System.out( 2554): Location: unknown | GPSNavigator running:true
04-03 11:13:21.833 I/System.out( 2554): Battery level: 100 | Time difference: -1
04-03 11:13:22.474 I/System.out( 2390): Location: -2.80905693 56.34009545 | GPSNavigator running:true
04-03 11:13:22.474 I/System.out( 2390): Battery level: 100 | Time difference: -1
04-03 11:13:24.836 I/System.out( 2554): Location: unknown | GPSNavigator running:true
04-03 11:13:24.836 I/System.out( 2554): Battery level: 100 | Time difference: -1
04-03 11:13:25.477 I/System.out( 2390): Location: -2.80905693 56.34009545 | GPSNavigator running:true
04-03 11:13:25.477 I/System.out( 2390): Battery level: 100 | Time difference: -1
04-03 11:13:27.839 I/System.out( 2554): Location: unknown | GPSNavigator running:true
04-03 11:13:27.839 I/System.out( 2554): Battery level: 100 | Time difference: -1
04-03 11:13:28.480 I/System.out( 2390): Location: -2.80905693 56.34009545 | GPSNavigator running:true
04-03 11:13:28.480 I/System.out( 2390): Battery level: 100 | Time difference: -1
04-03 11:13:30.842 I/System.out( 2554): Location: unknown | GPSNavigator running:true
04-03 11:13:30.842 I/System.out( 2554): Battery level: 100 | Time difference: -1
04-03 11:13:31.483 I/System.out( 2390): Location: -2.80905693 56.34009545 | GPSNavigator running:true
04-03 11:13:31.483 I/System.out( 2390): Battery level: 100 | Time difference: -1
04-03 11:13:33.845 I/System.out( 2554): Location: unknown | GPSNavigator running:true
04-03 11:13:33.845 I/System.out( 2554): Battery level: 100 | Time difference: -1
04-03 11:13:34.475 I/System.out( 2390): Location: -2.80905693 56.34009545 | GPSNavigator running:true
04-03 11:13:34.475 I/System.out( 2390): Battery level: 100 | Time difference: -1
04-03 11:13:36.838 I/System.out( 2554): Location: unknown | GPSNavigator running:true
04-03 11:13:36.838 I/System.out( 2554): Battery level: 100 | Time difference: -1
04-03 11:13:37.488 I/System.out( 2390): Location: -2.80905693 56.34009545 | GPSNavigator running:true
04-03 11:13:37.488 I/System.out( 2390): Battery level: 100 | Time difference: -1
04-03 11:13:39.841 I/System.out( 2554): Location: unknown | GPSNavigator running:true
04-03 11:13:39.841 I/System.out( 2554): Battery level: 100 | Time difference: -1
04-03 11:13:40.481 I/System.out( 2390): Location: -2.80905693 56.34009545 | GPSNavigator running:true
04-03 11:13:40.481 I/System.out( 2390): Battery level: 100 | Time difference: -1
04-03 11:13:42.844 I/System.out( 2554): Location: unknown | GPSNavigator running:true
04-03 11:13:42.844 I/System.out( 2554): Battery level: 100 | Time difference: -1
04-03 11:13:43.484 I/System.out( 2390): Location: -2.80905693 56.34009545 | GPSNavigator running:true
04-03 11:13:43.484 I/System.out( 2390): Battery level: 100 | Time difference: -1
04-03 11:13:45.837 I/System.out( 2554): Location: unknown | GPSNavigator running:true
04-03 11:13:45.847 I/System.out( 2554): Battery level: 100 | Time difference: -1
04-03 11:13:46.487 I/System.out( 2390): Location: -2.80905693 56.34009545 | GPSNavigator running:true
04-03 11:13:46.487 I/System.out( 2390): Battery level: 100 | Time difference: -1
04-03 11:13:48.849 I/System.out( 2554): Location: unknown | GPSNavigator running:true
04-03 11:13:48.849 I/System.out( 2554): Battery level: 100 | Time difference: -1
04-03 11:13:49.490 I/System.out( 2390): Location: -2.80905693 56.34009545 | GPSNavigator running:true
04-03 11:13:49.490 I/System.out( 2390): Battery level: 100 | Time difference: -1
04-03 11:13:51.852 I/System.out( 2554): Location: unknown | GPSNavigator running:true
04-03 11:13:51.852 I/System.out( 2554): Battery level: 100 | Time difference: -1
04-03 11:13:52.483 I/System.out( 2390): Location: -2.80905693 56.34009545 | GPSNavigator running:true
04-03 11:13:52.483 I/System.out( 2390): Battery level: 100 | Time difference: -1
04-03 11:13:54.855 I/System.out( 2554): Location: unknown | GPSNavigator running:true
04-03 11:13:54.855 I/System.out( 2554): Battery level: 100 | Time difference: -1
04-03 11:13:55.486 I/System.out( 2390): Location: -2.80905693 56.34009545 | GPSNavigator running:true
04-03 11:13:55.486 I/System.out( 2390): Battery level: 100 | Time difference: -1
04-03 11:13:57.848 I/System.out( 2554): Location: unknown | GPSNavigator running:true
04-03 11:13:57.848 I/System.out( 2554): Battery level: 100 | Time difference: -1
04-03 11:13:58.489 I/System.out( 2390): Location: -2.80905693 56.34009545 | GPSNavigator running:true
04-03 11:13:58.489 I/System.out( 2390): Battery level: 100 | Time difference: -1
04-03 11:14:00.851 I/System.out( 2554): Location: unknown | GPSNavigator running:true
04-03 11:14:00.851 I/System.out( 2554): Battery level: 100 | Time difference: -1
04-03 11:14:01.492 I/System.out( 2390): Location: -2.80905693 56.34009545 | GPSNavigator running:true
04-03 11:14:01.492 I/System.out( 2390): Battery level: 100 | Time difference: -1
04-03 11:14:03.003 D/dalvikvm(  589): GC_FOR_ALLOC freed 2040K, 73% free 14338K/51788K, paused 18ms, total 21ms
04-03 11:14:03.023 D/audio_hw_primary(  179): start_output_stream: enter: usecase(1: low-latency-playback) devices(0x2)
04-03 11:14:03.023 D/audio_hw_primary(  179): select_devices: out_snd_device(2: speaker) in_snd_device(0: none)
04-03 11:14:03.023 D/audio_hw_primary(  179): enable_snd_device: sending audio calibration for snd_device(2) acdb_id(14)
04-03 11:14:03.023 D/ACDB-LOADER(  179): ACDB -> send_afe_cal
04-03 11:14:03.023 D/audio_hw_primary(  179): enable_snd_device: snd_device(2: speaker)
04-03 11:14:03.033 D/audio_hw_primary(  179): enable_audio_route: apply mixer path: low-latency-playback
04-03 11:14:03.033 D/dalvikvm(  511): GC_CONCURRENT freed 1285K, 13% free 16798K/19288K, paused 1ms+4ms, total 60ms
04-03 11:14:03.033 D/dalvikvm(  511): WAIT_FOR_CONCURRENT_GC blocked 60ms
04-03 11:14:03.033 I/ActivityManager(  511): START u0 {act=com.android.systemui.recent.action.TOGGLE_RECENTS flg=0x10800000 cmp=com.android.systemui/.recent.RecentsActivity (has extras)} from pid 589
04-03 11:14:03.043 D/audio_hw_primary(  179): start_output_stream: exit
04-03 11:14:03.083 D/dalvikvm(  511): GC_FOR_ALLOC freed 1210K, 14% free 16699K/19288K, paused 39ms, total 40ms
04-03 11:14:03.123 D/dalvikvm(  589): GC_CONCURRENT freed 1190K, 72% free 14921K/51788K, paused 3ms+4ms, total 32ms
04-03 11:14:03.804 D/dalvikvm(  704): GC_CONCURRENT freed 393K, 10% free 9943K/11036K, paused 3ms+2ms, total 29ms
04-03 11:14:03.844 I/System.out( 2554): Location: unknown | GPSNavigator running:true
04-03 11:14:03.844 I/System.out( 2554): Battery level: 100 | Time difference: -1
04-03 11:14:04.485 I/System.out( 2390): Location: -2.80905693 56.34009545 | GPSNavigator running:true
04-03 11:14:04.485 I/System.out( 2390): Battery level: 100 | Time difference: -1
04-03 11:14:04.675 I/ActivityManager(  511): No longer want com.android.providers.calendar (pid 1547): empty #17
04-03 11:14:04.675 I/ActivityManager(  511): Killing 2554:uk.ac.st_andrews.cs.host.mk74.locygpslocalization/u0a10103: remove task
04-03 11:14:04.685 I/WindowState(  511): WIN DEATH: Window{42cde4c0 u0 uk.ac.st_andrews.cs.host.mk74.locygpslocalization/uk.ac.st_andrews.cs.host.mk74.locygpslocalization.MainActivity}
04-03 11:14:05.256 D/dalvikvm(  511): GC_FOR_ALLOC freed 1162K, 14% free 16701K/19288K, paused 42ms, total 43ms
04-03 11:14:05.306 D/dalvikvm(  511): GC_FOR_ALLOC freed 1679K, 17% free 16130K/19288K, paused 43ms, total 43ms
04-03 11:14:07.488 I/System.out( 2390): Location: -2.80905693 56.34009545 | GPSNavigator running:true
04-03 11:14:07.488 I/System.out( 2390): Battery level: 100 | Time difference: -1
04-03 11:14:08.339 D/audio_hw_primary(  179): out_standby: enter: usecase(1: low-latency-playback)
04-03 11:14:08.379 D/audio_hw_primary(  179): stop_output_stream: enter: usecase(1: low-latency-playback)
04-03 11:14:08.379 D/audio_hw_primary(  179): disable_audio_route: reset mixer path: low-latency-playback
04-03 11:14:08.379 D/audio_hw_primary(  179): disable_snd_device: snd_device(2: speaker)
04-03 11:14:08.389 D/audio_hw_primary(  179): stop_output_stream: exit: status(0)
04-03 11:14:08.389 D/audio_hw_primary(  179): out_standby: exit
04-03 11:14:09.299 D/dalvikvm(  511): GC_FOR_ALLOC freed 581K, 11% free 16685K/18736K, paused 43ms, total 43ms
04-03 11:14:09.319 D/audio_hw_primary(  179): start_output_stream: enter: usecase(1: low-latency-playback) devices(0x2)
04-03 11:14:09.319 D/audio_hw_primary(  179): select_devices: out_snd_device(2: speaker) in_snd_device(0: none)
04-03 11:14:09.319 D/audio_hw_primary(  179): enable_snd_device: sending audio calibration for snd_device(2) acdb_id(14)
04-03 11:14:09.319 D/ACDB-LOADER(  179): ACDB -> send_afe_cal
04-03 11:14:09.319 D/audio_hw_primary(  179): enable_snd_device: snd_device(2: speaker)
04-03 11:14:09.319 D/audio_hw_primary(  179): enable_audio_route: apply mixer path: low-latency-playback
