04-03 11:24:36.662 I/System.out( 2656): Location: -2.80901197 56.34006133 | GPSNavigator running:true
04-03 11:24:36.662 I/System.out( 2656): Battery level: 99 | Time difference: -1
04-03 11:24:39.664 I/System.out( 2656): Location: -2.80901197 56.34006133 | GPSNavigator running:true
04-03 11:24:39.664 I/System.out( 2656): Battery level: 99 | Time difference: -1
04-03 11:24:42.667 I/System.out( 2656): Location: -2.80901197 56.34006133 | GPSNavigator running:true
04-03 11:24:42.667 I/System.out( 2656): Battery level: 99 | Time difference: -1
04-03 11:24:45.660 I/System.out( 2656): Location: -2.80901197 56.34006133 | GPSNavigator running:true
04-03 11:24:45.670 I/System.out( 2656): Battery level: 99 | Time difference: -1
04-03 11:24:48.663 I/System.out( 2656): Location: -2.80901197 56.34006133 | GPSNavigator running:true
04-03 11:24:48.663 I/System.out( 2656): Battery level: 99 | Time difference: -1
04-03 11:24:51.666 I/System.out( 2656): Location: -2.80901197 56.34006133 | GPSNavigator running:true
04-03 11:24:51.666 I/System.out( 2656): Battery level: 99 | Time difference: -1
04-03 11:24:54.669 I/System.out( 2656): Location: -2.80901197 56.34006133 | GPSNavigator running:true
04-03 11:24:54.669 I/System.out( 2656): Battery level: 99 | Time difference: -1
04-03 11:24:57.672 I/System.out( 2656): Location: -2.80901197 56.34006133 | GPSNavigator running:true
04-03 11:24:57.672 I/System.out( 2656): Battery level: 99 | Time difference: -1
04-03 11:25:00.675 I/System.out( 2656): Location: -2.80901197 56.34006133 | GPSNavigator running:true
04-03 11:25:00.675 I/System.out( 2656): Battery level: 99 | Time difference: -1
04-03 11:25:03.668 I/System.out( 2656): Location: -2.80901197 56.34006133 | GPSNavigator running:true
04-03 11:25:03.668 I/System.out( 2656): Battery level: 99 | Time difference: -1
04-03 11:25:06.671 I/System.out( 2656): Location: -2.80901197 56.34006133 | GPSNavigator running:true
04-03 11:25:06.671 I/System.out( 2656): Battery level: 99 | Time difference: -1
04-03 11:25:09.674 I/System.out( 2656): Location: -2.80901197 56.34006133 | GPSNavigator running:true
04-03 11:25:09.674 I/System.out( 2656): Battery level: 99 | Time difference: -1
04-03 11:25:12.677 I/System.out( 2656): Location: -2.80901197 56.34006133 | GPSNavigator running:true
04-03 11:25:12.677 I/System.out( 2656): Battery level: 99 | Time difference: -1
04-03 11:25:15.680 I/System.out( 2656): Location: -2.80901197 56.34006133 | GPSNavigator running:true
04-03 11:25:15.680 I/System.out( 2656): Battery level: 99 | Time difference: -1
04-03 11:25:18.683 I/System.out( 2656): Location: -2.80901197 56.34006133 | GPSNavigator running:true
04-03 11:25:18.683 I/System.out( 2656): Battery level: 99 | Time difference: -1
04-03 11:25:21.685 I/System.out( 2656): Location: -2.80901197 56.34006133 | GPSNavigator running:true
04-03 11:25:21.685 I/System.out( 2656): Battery level: 99 | Time difference: -1
04-03 11:25:24.688 I/System.out( 2656): Location: -2.80901197 56.34006133 | GPSNavigator running:true
04-03 11:25:24.688 I/System.out( 2656): Battery level: 99 | Time difference: -1
04-03 11:25:27.681 I/System.out( 2656): Location: -2.80901197 56.34006133 | GPSNavigator running:true
04-03 11:25:27.691 I/System.out( 2656): Battery level: 99 | Time difference: -1
04-03 11:25:30.674 I/System.out( 2656): Location: -2.80901197 56.34006133 | GPSNavigator running:true
04-03 11:25:30.684 I/System.out( 2656): Battery level: 99 | Time difference: -1
04-03 11:25:32.456 D/dalvikvm( 2656): GC_CONCURRENT freed 392K, 5% free 9065K/9500K, paused 9ms+1ms, total 64ms
04-03 11:25:33.677 I/System.out( 2656): Location: -2.80901197 56.34006133 | GPSNavigator running:true
04-03 11:25:33.687 I/System.out( 2656): Battery level: 99 | Time difference: -1
04-03 11:25:36.680 I/System.out( 2656): Location: -2.80901197 56.34006133 | GPSNavigator running:true
04-03 11:25:36.680 I/System.out( 2656): Battery level: 99 | Time difference: -1
04-03 11:25:39.693 I/System.out( 2656): Location: -2.80901197 56.34006133 | GPSNavigator running:true
04-03 11:25:39.693 I/System.out( 2656): Battery level: 99 | Time difference: -1
04-03 11:25:42.686 I/System.out( 2656): Location: -2.80901197 56.34006133 | GPSNavigator running:true
04-03 11:25:42.686 I/System.out( 2656): Battery level: 99 | Time difference: -1
04-03 11:25:45.689 I/System.out( 2656): Location: -2.80901197 56.34006133 | GPSNavigator running:true
04-03 11:25:45.689 I/System.out( 2656): Battery level: 99 | Time difference: -1
04-03 11:25:48.692 I/System.out( 2656): Location: -2.80901197 56.34006133 | GPSNavigator running:true
04-03 11:25:48.692 I/System.out( 2656): Battery level: 99 | Time difference: -1
04-03 11:25:51.685 I/System.out( 2656): Location: -2.80901197 56.34006133 | GPSNavigator running:true
04-03 11:25:51.685 I/System.out( 2656): Battery level: 99 | Time difference: -1
04-03 11:25:54.688 I/System.out( 2656): Location: -2.80901197 56.34006133 | GPSNavigator running:true
04-03 11:25:54.688 I/System.out( 2656): Battery level: 99 | Time difference: -1
04-03 11:25:57.691 I/System.out( 2656): Location: -2.80901197 56.34006133 | GPSNavigator running:true
04-03 11:25:57.691 I/System.out( 2656): Battery level: 99 | Time difference: -1
04-03 11:26:00.683 I/System.out( 2656): Location: -2.80901197 56.34006133 | GPSNavigator running:true
04-03 11:26:00.693 I/System.out( 2656): Battery level: 99 | Time difference: -1
04-03 11:26:03.686 I/System.out( 2656): Location: -2.80901197 56.34006133 | GPSNavigator running:true
04-03 11:26:03.686 I/System.out( 2656): Battery level: 99 | Time difference: -1
04-03 11:26:06.689 I/System.out( 2656): Location: -2.80901197 56.34006133 | GPSNavigator running:true
04-03 11:26:06.689 I/System.out( 2656): Battery level: 99 | Time difference: -1
04-03 11:26:09.692 I/System.out( 2656): Location: -2.80901197 56.34006133 | GPSNavigator running:true
04-03 11:26:09.702 I/System.out( 2656): Battery level: 99 | Time difference: -1
04-03 11:26:12.695 I/System.out( 2656): Location: -2.80901197 56.34006133 | GPSNavigator running:true
04-03 11:26:12.695 I/System.out( 2656): Battery level: 99 | Time difference: -1
04-03 11:26:15.698 I/System.out( 2656): Location: -2.80901197 56.34006133 | GPSNavigator running:true
04-03 11:26:15.698 I/System.out( 2656): Battery level: 99 | Time difference: -1
04-03 11:26:18.701 I/System.out( 2656): Location: -2.80901197 56.34006133 | GPSNavigator running:true
04-03 11:26:18.701 I/System.out( 2656): Battery level: 99 | Time difference: -1
04-03 11:26:21.694 I/System.out( 2656): Location: -2.80901197 56.34006133 | GPSNavigator running:true
04-03 11:26:21.694 I/System.out( 2656): Battery level: 99 | Time difference: -1
04-03 11:26:24.697 I/System.out( 2656): Location: -2.80901197 56.34006133 | GPSNavigator running:true
04-03 11:26:24.697 I/System.out( 2656): Battery level: 99 | Time difference: -1
04-03 11:26:27.700 I/System.out( 2656): Location: -2.80901197 56.34006133 | GPSNavigator running:true
04-03 11:26:27.700 I/System.out( 2656): Battery level: 99 | Time difference: -1
04-03 11:26:30.703 I/System.out( 2656): Location: -2.80901197 56.34006133 | GPSNavigator running:true
04-03 11:26:30.703 I/System.out( 2656): Battery level: 99 | Time difference: -1
04-03 11:26:33.696 I/System.out( 2656): Location: -2.80901197 56.34006133 | GPSNavigator running:true
04-03 11:26:33.696 I/System.out( 2656): Battery level: 99 | Time difference: -1
04-03 11:26:36.699 I/System.out( 2656): Location: -2.80901197 56.34006133 | GPSNavigator running:true
04-03 11:26:36.699 I/System.out( 2656): Battery level: 99 | Time difference: -1
04-03 11:26:39.712 I/System.out( 2656): Location: -2.80901197 56.34006133 | GPSNavigator running:true
04-03 11:26:39.712 I/System.out( 2656): Battery level: 99 | Time difference: -1
04-03 11:26:42.714 I/System.out( 2656): Location: -2.80901197 56.34006133 | GPSNavigator running:true
04-03 11:26:42.714 I/System.out( 2656): Battery level: 99 | Time difference: -1
04-03 11:26:44.196 D/dalvikvm( 2656): GC_CONCURRENT freed 394K, 5% free 9054K/9492K, paused 4ms+4ms, total 53ms
04-03 11:26:45.707 I/System.out( 2656): Location: -2.80901197 56.34006133 | GPSNavigator running:true
04-03 11:26:45.707 I/System.out( 2656): Battery level: 99 | Time difference: -1
04-03 11:26:48.710 I/System.out( 2656): Location: -2.80901197 56.34006133 | GPSNavigator running:true
04-03 11:26:48.710 I/System.out( 2656): Battery level: 99 | Time difference: -1
04-03 11:26:51.703 I/System.out( 2656): Location: -2.80901197 56.34006133 | GPSNavigator running:true
04-03 11:26:51.703 I/System.out( 2656): Battery level: 99 | Time difference: -1
04-03 11:26:54.716 I/System.out( 2656): Location: -2.80901197 56.34006133 | GPSNavigator running:true
04-03 11:26:54.716 I/System.out( 2656): Battery level: 99 | Time difference: -1
04-03 11:26:57.719 I/System.out( 2656): Location: -2.80901197 56.34006133 | GPSNavigator running:true
04-03 11:26:57.719 I/System.out( 2656): Battery level: 99 | Time difference: -1
04-03 11:27:00.722 I/System.out( 2656): Location: -2.80901197 56.34006133 | GPSNavigator running:true
04-03 11:27:00.722 I/System.out( 2656): Battery level: 99 | Time difference: -1
04-03 11:27:03.715 I/System.out( 2656): Location: -2.80901197 56.34006133 | GPSNavigator running:true
04-03 11:27:03.715 I/System.out( 2656): Battery level: 99 | Time difference: -1
04-03 11:27:06.718 I/System.out( 2656): Location: -2.80901197 56.34006133 | GPSNavigator running:true
04-03 11:27:06.718 I/System.out( 2656): Battery level: 99 | Time difference: -1
04-03 11:27:09.721 I/System.out( 2656): Location: -2.80901197 56.34006133 | GPSNavigator running:true
04-03 11:27:09.721 I/System.out( 2656): Battery level: 99 | Time difference: -1
04-03 11:27:12.724 I/System.out( 2656): Location: -2.80901197 56.34006133 | GPSNavigator running:true
04-03 11:27:12.724 I/System.out( 2656): Battery level: 99 | Time difference: -1
04-03 11:27:15.717 I/System.out( 2656): Location: -2.80901197 56.34006133 | GPSNavigator running:true
04-03 11:27:15.717 I/System.out( 2656): Battery level: 99 | Time difference: -1
04-03 11:27:18.720 I/System.out( 2656): Location: -2.80901197 56.34006133 | GPSNavigator running:true
04-03 11:27:18.720 I/System.out( 2656): Battery level: 99 | Time difference: -1
04-03 11:27:21.723 I/System.out( 2656): Location: -2.80901197 56.34006133 | GPSNavigator running:true
04-03 11:27:21.723 I/System.out( 2656): Battery level: 99 | Time difference: -1
04-03 11:27:24.725 I/System.out( 2656): Location: -2.80901197 56.34006133 | GPSNavigator running:true
04-03 11:27:24.725 I/System.out( 2656): Battery level: 99 | Time difference: -1
04-03 11:27:27.728 I/System.out( 2656): Location: -2.80901197 56.34006133 | GPSNavigator running:true
04-03 11:27:27.728 I/System.out( 2656): Battery level: 99 | Time difference: -1
04-03 11:27:30.731 I/System.out( 2656): Location: -2.80901197 56.34006133 | GPSNavigator running:true
04-03 11:27:30.731 I/System.out( 2656): Battery level: 99 | Time difference: -1
04-03 11:27:33.724 I/System.out( 2656): Location: -2.80901197 56.34006133 | GPSNavigator running:true
04-03 11:27:33.724 I/System.out( 2656): Battery level: 99 | Time difference: -1
04-03 11:27:36.727 I/System.out( 2656): Location: -2.80901197 56.34006133 | GPSNavigator running:true
04-03 11:27:36.727 I/System.out( 2656): Battery level: 99 | Time difference: -1
04-03 11:27:39.730 I/System.out( 2656): Location: -2.80901197 56.34006133 | GPSNavigator running:true
04-03 11:27:39.730 I/System.out( 2656): Battery level: 99 | Time difference: -1
04-03 11:27:42.733 I/System.out( 2656): Location: -2.80901197 56.34006133 | GPSNavigator running:true
04-03 11:27:42.733 I/System.out( 2656): Battery level: 99 | Time difference: -1
04-03 11:27:45.736 I/System.out( 2656): Location: -2.80901197 56.34006133 | GPSNavigator running:true
04-03 11:27:45.736 I/System.out( 2656): Battery level: 99 | Time difference: -1
04-03 11:27:48.739 I/System.out( 2656): Location: -2.80901197 56.34006133 | GPSNavigator running:true
04-03 11:27:48.739 I/System.out( 2656): Battery level: 99 | Time difference: -1
04-03 11:27:50.891 D/dalvikvm( 2656): GC_CONCURRENT freed 366K, 5% free 9075K/9492K, paused 6ms+8ms, total 74ms
04-03 11:27:51.742 I/System.out( 2656): Location: -2.80901197 56.34006133 | GPSNavigator running:true
04-03 11:27:51.742 I/System.out( 2656): Battery level: 99 | Time difference: -1
04-03 11:27:54.735 I/System.out( 2656): Location: -2.80901197 56.34006133 | GPSNavigator running:true
04-03 11:27:54.735 I/System.out( 2656): Battery level: 99 | Time difference: -1
04-03 11:27:57.738 I/System.out( 2656): Location: -2.80901197 56.34006133 | GPSNavigator running:true
04-03 11:27:57.738 I/System.out( 2656): Battery level: 99 | Time difference: -1
04-03 11:27:59.099 I/EventLogService(  797): Aggregate from 1396519078964 (log), 1396519078964 (data)
04-03 11:27:59.139 I/ServiceDumpSys(  797): dumping service [account]
04-03 11:27:59.199 D/dalvikvm(  797): GC_EXPLICIT freed 188K, 5% free 9411K/9828K, paused 1ms+4ms, total 31ms
04-03 11:28:00.741 I/System.out( 2656): Location: -2.80901197 56.34006133 | GPSNavigator running:true
04-03 11:28:00.741 I/System.out( 2656): Battery level: 99 | Time difference: -1
04-03 11:28:03.734 I/System.out( 2656): Location: -2.80901197 56.34006133 | GPSNavigator running:true
04-03 11:28:03.734 I/System.out( 2656): Battery level: 99 | Time difference: -1
04-03 11:28:06.736 I/System.out( 2656): Location: -2.80901197 56.34006133 | GPSNavigator running:true
04-03 11:28:06.736 I/System.out( 2656): Battery level: 99 | Time difference: -1
04-03 11:28:09.749 I/System.out( 2656): Location: -2.80901197 56.34006133 | GPSNavigator running:true
04-03 11:28:09.749 I/System.out( 2656): Battery level: 99 | Time difference: -1
04-03 11:28:12.752 I/System.out( 2656): Location: -2.80901197 56.34006133 | GPSNavigator running:true
04-03 11:28:12.752 I/System.out( 2656): Battery level: 99 | Time difference: -1
04-03 11:28:15.755 I/System.out( 2656): Location: -2.80901197 56.34006133 | GPSNavigator running:true
04-03 11:28:15.755 I/System.out( 2656): Battery level: 99 | Time difference: -1
04-03 11:28:18.748 I/System.out( 2656): Location: -2.80901197 56.34006133 | GPSNavigator running:true
04-03 11:28:18.748 I/System.out( 2656): Battery level: 99 | Time difference: -1
04-03 11:28:21.751 I/System.out( 2656): Location: -2.80901197 56.34006133 | GPSNavigator running:true
04-03 11:28:21.751 I/System.out( 2656): Battery level: 99 | Time difference: -1
04-03 11:28:24.754 I/System.out( 2656): Location: -2.80901197 56.34006133 | GPSNavigator running:true
04-03 11:28:24.754 I/System.out( 2656): Battery level: 99 | Time difference: -1
04-03 11:28:27.757 I/System.out( 2656): Location: -2.80901197 56.34006133 | GPSNavigator running:true
04-03 11:28:27.757 I/System.out( 2656): Battery level: 99 | Time difference: -1
04-03 11:28:30.760 I/System.out( 2656): Location: -2.80901197 56.34006133 | GPSNavigator running:true
04-03 11:28:30.760 I/System.out( 2656): Battery level: 99 | Time difference: -1
04-03 11:28:33.753 I/System.out( 2656): Location: -2.80901197 56.34006133 | GPSNavigator running:true
04-03 11:28:33.753 I/System.out( 2656): Battery level: 99 | Time difference: -1
04-03 11:28:36.756 I/System.out( 2656): Location: -2.80901197 56.34006133 | GPSNavigator running:true
04-03 11:28:36.756 I/System.out( 2656): Battery level: 99 | Time difference: -1
04-03 11:28:39.759 I/System.out( 2656): Location: -2.80901197 56.34006133 | GPSNavigator running:true
04-03 11:28:39.759 I/System.out( 2656): Battery level: 99 | Time difference: -1
04-03 11:28:42.762 I/System.out( 2656): Location: -2.80901197 56.34006133 | GPSNavigator running:true
04-03 11:28:42.762 I/System.out( 2656): Battery level: 99 | Time difference: -1
04-03 11:28:45.765 I/System.out( 2656): Location: -2.80901197 56.34006133 | GPSNavigator running:true
04-03 11:28:45.765 I/System.out( 2656): Battery level: 99 | Time difference: -1
04-03 11:28:48.757 I/System.out( 2656): Location: -2.80901197 56.34006133 | GPSNavigator running:true
04-03 11:28:48.757 I/System.out( 2656): Battery level: 99 | Time difference: -1
04-03 11:28:51.760 I/System.out( 2656): Location: -2.80901197 56.34006133 | GPSNavigator running:true
04-03 11:28:51.760 I/System.out( 2656): Battery level: 99 | Time difference: -1
04-03 11:28:54.763 I/System.out( 2656): Location: -2.80901197 56.34006133 | GPSNavigator running:true
04-03 11:28:54.763 I/System.out( 2656): Battery level: 99 | Time difference: -1
04-03 11:28:57.766 I/System.out( 2656): Location: -2.80901197 56.34006133 | GPSNavigator running:true
04-03 11:28:57.766 I/System.out( 2656): Battery level: 99 | Time difference: -1
04-03 11:28:59.998 I/ActivityManager(  511): No longer want com.google.android.music:main (pid 1535): empty for 1853s
04-03 11:28:59.998 I/ActivityManager(  511): No longer want com.google.android.apps.currents (pid 1044): empty for 1859s
04-03 11:29:00.008 I/ActivityManager(  511): No longer want uk.ac.st_andrews.cs.host.mk74.locy:remote (pid 1499): empty for 1859s
04-03 11:29:00.058 W/ActivityManager(  511): Scheduling restart of crashed service uk.ac.st_andrews.cs.host.mk74.locy/.LocyNavigatorService in 5000ms
04-03 11:29:00.058 W/ActivityManager(  511): Scheduling restart of crashed service com.google.android.apps.currents/com.google.apps.dots.android.dotslib.service.AudioPlayerService in 14999ms
04-03 11:29:00.068 W/ActivityManager(  511): Scheduling restart of crashed service com.google.android.music/.playback.MusicPlaybackService in 14992ms
04-03 11:29:00.769 I/System.out( 2656): Location: -2.80901197 56.34006133 | GPSNavigator running:true
04-03 11:29:00.769 I/System.out( 2656): Battery level: 99 | Time difference: -1
04-03 11:29:03.722 D/dalvikvm( 2656): GC_CONCURRENT freed 393K, 5% free 9068K/9500K, paused 9ms+1ms, total 64ms
04-03 11:29:03.772 I/System.out( 2656): Location: -2.80901197 56.34006133 | GPSNavigator running:true
04-03 11:29:03.772 I/System.out( 2656): Battery level: 99 | Time difference: -1
04-03 11:29:05.063 D/dalvikvm( 3040): Late-enabling CheckJNI
04-03 11:29:05.073 I/ActivityManager(  511): Start proc uk.ac.st_andrews.cs.host.mk74.locy:remote for service uk.ac.st_andrews.cs.host.mk74.locy/.LocyNavigatorService: pid=3040 uid=10100 gids={50100, 1028}
04-03 11:29:05.113 I/LocyNavigatorService( 3040): Service creating
04-03 11:29:06.775 I/System.out( 2656): Location: -2.80901197 56.34006133 | GPSNavigator running:true
04-03 11:29:06.775 I/System.out( 2656): Battery level: 99 | Time difference: -1
04-03 11:29:09.768 I/System.out( 2656): Location: -2.80901197 56.34006133 | GPSNavigator running:true
04-03 11:29:09.768 I/System.out( 2656): Battery level: 99 | Time difference: -1
04-03 11:29:12.771 I/System.out( 2656): Location: -2.80901197 56.34006133 | GPSNavigator running:true
04-03 11:29:12.771 I/System.out( 2656): Battery level: 99 | Time difference: -1
04-03 11:29:15.103 I/ActivityManager(  511): Start proc com.google.android.music:main for service com.google.android.music/.playback.MusicPlaybackService: pid=3057 uid=10041 gids={50041, 3003, 1015, 1028}
04-03 11:29:15.173 I/MusicStore( 3057): Database version: 70
04-03 11:29:15.233 D/dalvikvm( 3057): GC_CONCURRENT freed 267K, 4% free 9041K/9352K, paused 4ms+5ms, total 31ms
04-03 11:29:15.303 D/SystemUtils( 3057): getSystemProperty: lpa.decode=null
04-03 11:29:15.323 D/CacheService( 3057): onCreate
04-03 11:29:15.323 D/CacheService( 3057): onBind
04-03 11:29:15.333 I/LocalDevicePlayback( 3057): Streaming client created.
04-03 11:29:15.774 I/System.out( 2656): Location: -2.80901197 56.34006133 | GPSNavigator running:true
04-03 11:29:15.774 I/System.out( 2656): Battery level: 99 | Time difference: -1
04-03 11:29:16.394 D/dalvikvm( 3057): GC_CONCURRENT freed 230K, 3% free 9311K/9580K, paused 4ms+4ms, total 34ms
04-03 11:29:16.394 D/dalvikvm( 3057): WAIT_FOR_CONCURRENT_GC blocked 3ms
04-03 11:29:16.424 I/MediaStoreImporter( 3057): Update: incremental Added music: 0 Updated music: 0 Deleted music: 0 Created playlists: 0 Updated playlists: 0 Deleted playlists: 0 Inserted playlist items: 0 Deleted playlist items: 0 Removed orphaned playlist items: 0
04-03 11:29:18.767 I/System.out( 2656): Location: -2.80901197 56.34006133 | GPSNavigator running:true
04-03 11:29:18.767 I/System.out( 2656): Battery level: 99 | Time difference: -1
04-03 11:29:20.378 I/MusicLeanback( 3057): Conditions not met for autocaching.
04-03 11:29:20.378 I/MusicLeanback( 3057): Stop autocaching.
04-03 11:29:21.770 I/System.out( 2656): Location: -2.80901197 56.34006133 | GPSNavigator running:true
04-03 11:29:21.770 I/System.out( 2656): Battery level: 99 | Time difference: -1
04-03 11:29:24.773 I/System.out( 2656): Location: -2.80901197 56.34006133 | GPSNavigator running:true
04-03 11:29:24.783 I/System.out( 2656): Battery level: 99 | Time difference: -1
04-03 11:29:27.776 I/System.out( 2656): Location: -2.80901197 56.34006133 | GPSNavigator running:true
04-03 11:29:27.776 I/System.out( 2656): Battery level: 99 | Time difference: -1
04-03 11:29:30.778 I/System.out( 2656): Location: -2.80901197 56.34006133 | GPSNavigator running:true
04-03 11:29:30.778 I/System.out( 2656): Battery level: 99 | Time difference: -1
04-03 11:29:33.781 I/System.out( 2656): Location: -2.80901197 56.34006133 | GPSNavigator running:true
04-03 11:29:33.781 I/System.out( 2656): Battery level: 99 | Time difference: -1
04-03 11:29:36.774 I/System.out( 2656): Location: -2.80901197 56.34006133 | GPSNavigator running:true
04-03 11:29:36.774 I/System.out( 2656): Battery level: 99 | Time difference: -1
04-03 11:29:39.777 I/System.out( 2656): Location: -2.80901197 56.34006133 | GPSNavigator running:true
04-03 11:29:39.777 I/System.out( 2656): Battery level: 99 | Time difference: -1
04-03 11:29:42.790 I/System.out( 2656): Location: -2.80901197 56.34006133 | GPSNavigator running:true
04-03 11:29:42.790 I/System.out( 2656): Battery level: 99 | Time difference: -1
04-03 11:29:45.783 I/System.out( 2656): Location: -2.80901197 56.34006133 | GPSNavigator running:true
04-03 11:29:45.783 I/System.out( 2656): Battery level: 99 | Time difference: -1
04-03 11:29:48.786 I/System.out( 2656): Location: -2.80901197 56.34006133 | GPSNavigator running:true
04-03 11:29:48.786 I/System.out( 2656): Battery level: 99 | Time difference: -1
04-03 11:29:51.789 I/System.out( 2656): Location: -2.80901197 56.34006133 | GPSNavigator running:true
04-03 11:29:51.789 I/System.out( 2656): Battery level: 99 | Time difference: -1
04-03 11:29:54.792 I/System.out( 2656): Location: -2.80901197 56.34006133 | GPSNavigator running:true
04-03 11:29:54.792 I/System.out( 2656): Battery level: 99 | Time difference: -1
04-03 11:29:57.785 I/System.out( 2656): Location: -2.80901197 56.34006133 | GPSNavigator running:true
04-03 11:29:57.785 I/System.out( 2656): Battery level: 99 | Time difference: -1
04-03 11:30:00.788 I/System.out( 2656): Location: -2.80901197 56.34006133 | GPSNavigator running:true
04-03 11:30:00.788 I/System.out( 2656): Battery level: 99 | Time difference: -1
04-03 11:30:01.599 V/DigitalWidgetViewsFactory( 1157): DigitalWidget sets next alarm string to null
04-03 11:30:03.791 I/System.out( 2656): Location: -2.80901197 56.34006133 | GPSNavigator running:true
04-03 11:30:03.791 I/System.out( 2656): Battery level: 99 | Time difference: -1
04-03 11:30:06.784 I/System.out( 2656): Location: -2.80901197 56.34006133 | GPSNavigator running:true
04-03 11:30:06.784 I/System.out( 2656): Battery level: 99 | Time difference: -1
04-03 11:30:09.406 D/dalvikvm( 2656): GC_CONCURRENT freed 390K, 5% free 9064K/9500K, paused 6ms+1ms, total 61ms
04-03 11:30:09.797 I/System.out( 2656): Location: -2.80901197 56.34006133 | GPSNavigator running:true
04-03 11:30:09.797 I/System.out( 2656): Battery level: 99 | Time difference: -1
04-03 11:30:12.799 I/System.out( 2656): Location: -2.80901197 56.34006133 | GPSNavigator running:true
04-03 11:30:12.799 I/System.out( 2656): Battery level: 99 | Time difference: -1
04-03 11:30:15.802 I/System.out( 2656): Location: -2.80901197 56.34006133 | GPSNavigator running:true
04-03 11:30:15.802 I/System.out( 2656): Battery level: 99 | Time difference: -1
04-03 11:30:18.795 I/System.out( 2656): Location: -2.80901197 56.34006133 | GPSNavigator running:true
04-03 11:30:18.795 I/System.out( 2656): Battery level: 99 | Time difference: -1
04-03 11:30:21.798 I/System.out( 2656): Location: -2.80901197 56.34006133 | GPSNavigator running:true
04-03 11:30:21.798 I/System.out( 2656): Battery level: 99 | Time difference: -1
04-03 11:30:24.801 I/System.out( 2656): Location: -2.80901197 56.34006133 | GPSNavigator running:true
04-03 11:30:24.801 I/System.out( 2656): Battery level: 99 | Time difference: -1
04-03 11:30:27.804 I/System.out( 2656): Location: -2.80901197 56.34006133 | GPSNavigator running:true
04-03 11:30:27.804 I/System.out( 2656): Battery level: 99 | Time difference: -1
04-03 11:30:30.797 I/System.out( 2656): Location: -2.80901197 56.34006133 | GPSNavigator running:true
04-03 11:30:30.797 I/System.out( 2656): Battery level: 99 | Time difference: -1
04-03 11:30:33.800 I/System.out( 2656): Location: -2.80901197 56.34006133 | GPSNavigator running:true
04-03 11:30:33.800 I/System.out( 2656): Battery level: 99 | Time difference: -1
04-03 11:30:36.803 I/System.out( 2656): Location: -2.80901197 56.34006133 | GPSNavigator running:true
04-03 11:30:36.803 I/System.out( 2656): Battery level: 99 | Time difference: -1
04-03 11:30:39.796 I/System.out( 2656): Location: -2.80901197 56.34006133 | GPSNavigator running:true
04-03 11:30:39.796 I/System.out( 2656): Battery level: 99 | Time difference: -1
04-03 11:30:42.809 I/System.out( 2656): Location: -2.80901197 56.34006133 | GPSNavigator running:true
04-03 11:30:42.809 I/System.out( 2656): Battery level: 99 | Time difference: -1
04-03 11:30:45.812 I/System.out( 2656): Location: -2.80901197 56.34006133 | GPSNavigator running:true
04-03 11:30:45.812 I/System.out( 2656): Battery level: 99 | Time difference: -1
04-03 11:30:48.815 I/System.out( 2656): Location: -2.80901197 56.34006133 | GPSNavigator running:true
04-03 11:30:48.815 I/System.out( 2656): Battery level: 99 | Time difference: -1
04-03 11:30:51.808 I/System.out( 2656): Location: -2.80901197 56.34006133 | GPSNavigator running:true
04-03 11:30:51.808 I/System.out( 2656): Battery level: 99 | Time difference: -1
04-03 11:30:54.810 I/System.out( 2656): Location: -2.80901197 56.34006133 | GPSNavigator running:true
04-03 11:30:54.810 I/System.out( 2656): Battery level: 99 | Time difference: -1
04-03 11:30:57.813 I/System.out( 2656): Location: -2.80901197 56.34006133 | GPSNavigator running:true
04-03 11:30:57.813 I/System.out( 2656): Battery level: 99 | Time difference: -1
04-03 11:31:00.816 I/System.out( 2656): Location: -2.80901197 56.34006133 | GPSNavigator running:true
04-03 11:31:00.816 I/System.out( 2656): Battery level: 99 | Time difference: -1
04-03 11:31:03.819 I/System.out( 2656): Location: -2.80901197 56.34006133 | GPSNavigator running:true
04-03 11:31:03.819 I/System.out( 2656): Battery level: 99 | Time difference: -1
04-03 11:31:06.822 I/System.out( 2656): Location: -2.80901197 56.34006133 | GPSNavigator running:true
04-03 11:31:06.822 I/System.out( 2656): Battery level: 99 | Time difference: -1
04-03 11:31:09.815 I/System.out( 2656): Location: -2.80901197 56.34006133 | GPSNavigator running:true
04-03 11:31:09.815 I/System.out( 2656): Battery level: 99 | Time difference: -1
04-03 11:31:12.818 I/System.out( 2656): Location: -2.80901197 56.34006133 | GPSNavigator running:true
04-03 11:31:12.818 I/System.out( 2656): Battery level: 99 | Time difference: -1
04-03 11:31:15.821 I/System.out( 2656): Location: -2.80901197 56.34006133 | GPSNavigator running:true
04-03 11:31:15.821 I/System.out( 2656): Battery level: 99 | Time difference: -1
04-03 11:31:18.824 I/System.out( 2656): Location: -2.80901197 56.34006133 | GPSNavigator running:true
04-03 11:31:18.824 I/System.out( 2656): Battery level: 99 | Time difference: -1
04-03 11:31:21.817 I/System.out( 2656): Location: -2.80901197 56.34006133 | GPSNavigator running:true
04-03 11:31:21.817 I/System.out( 2656): Battery level: 99 | Time difference: -1
04-03 11:31:21.987 D/dalvikvm( 2656): GC_CONCURRENT freed 392K, 5% free 9057K/9496K, paused 7ms+2ms, total 69ms
04-03 11:31:24.820 I/System.out( 2656): Location: -2.80901197 56.34006133 | GPSNavigator running:true
04-03 11:31:24.820 I/System.out( 2656): Battery level: 99 | Time difference: -1
04-03 11:31:27.492 I/System.out( 2656): Battery level end is reached
04-03 11:31:27.833 I/System.out( 2656): Location: -2.80901197 56.34006133 | GPSNavigator running:true
04-03 11:31:27.833 I/System.out( 2656): Battery level: 98 | Time difference: 782
04-03 11:31:30.826 I/System.out( 2656): Location: -2.80901197 56.34006133 | GPSNavigator running:true
04-03 11:31:30.826 I/System.out( 2656): Battery level: 98 | Time difference: 782
04-03 11:31:33.828 I/System.out( 2656): Location: -2.80901197 56.34006133 | GPSNavigator running:true
04-03 11:31:33.828 I/System.out( 2656): Battery level: 98 | Time difference: 782
04-03 11:31:36.831 I/System.out( 2656): Location: -2.80901197 56.34006133 | GPSNavigator running:true
04-03 11:31:36.831 I/System.out( 2656): Battery level: 98 | Time difference: 782
04-03 11:31:39.824 I/System.out( 2656): Location: -2.80901197 56.34006133 | GPSNavigator running:true
04-03 11:31:39.824 I/System.out( 2656): Battery level: 98 | Time difference: 782
04-03 11:31:42.837 I/System.out( 2656): Location: -2.80901197 56.34006133 | GPSNavigator running:true
04-03 11:31:42.837 I/System.out( 2656): Battery level: 98 | Time difference: 782
04-03 11:31:45.840 I/System.out( 2656): Location: -2.80901197 56.34006133 | GPSNavigator running:true
04-03 11:31:45.840 I/System.out( 2656): Battery level: 98 | Time difference: 782
04-03 11:31:48.843 I/System.out( 2656): Location: -2.80901197 56.34006133 | GPSNavigator running:true
04-03 11:31:48.843 I/System.out( 2656): Battery level: 98 | Time difference: 782
04-03 11:31:51.836 I/System.out( 2656): Location: -2.80901197 56.34006133 | GPSNavigator running:true
04-03 11:31:51.836 I/System.out( 2656): Battery level: 98 | Time difference: 782
04-03 11:31:54.839 I/System.out( 2656): Location: -2.80901197 56.34006133 | GPSNavigator running:true
04-03 11:31:54.839 I/System.out( 2656): Battery level: 98 | Time difference: 782
04-03 11:31:56.230 I/EntropyMixer(  511): Writing entropy...
04-03 11:31:56.240 W/PowerUI (  589): unknown intent: Intent { act=android.intent.action.ACTION_POWER_CONNECTED flg=0x8000010 }
04-03 11:31:56.250 D/PicasaSyncManager( 1674): battery info: true
04-03 11:31:56.250 D/PicasaUploaderSyncManager( 1699): battery info: true
04-03 11:31:56.320 D/dalvikvm( 1699): GC_CONCURRENT freed 283K, 4% free 8974K/9296K, paused 3ms+1ms, total 24ms
04-03 11:31:57.261 D/dalvikvm(  511): GC_CONCURRENT freed 1647K, 14% free 16210K/18736K, paused 18ms+7ms, total 132ms
04-03 11:31:57.281 D/MtpService(  651): updating state; isCurrentUser=true, mMtpLocked=false
04-03 11:31:57.281 D/MtpService(  651): addStorageLocked 65537 /storage/emulated/0
04-03 11:31:57.281 D/MtpService(  651): updating state; isCurrentUser=true, mMtpLocked=false
04-03 11:31:57.281 D/MtpService(  651): starting MTP server in MTP mode
04-03 11:31:57.281 D/MtpService(  651): addStorageLocked 65537 /storage/emulated/0
04-03 11:31:57.842 I/System.out( 2656): Location: -2.80901197 56.34006133 | GPSNavigator running:true
04-03 11:31:57.842 I/System.out( 2656): Battery level: 98 | Time difference: 782
04-03 11:31:58.913 D/dalvikvm(  651): GC_EXPLICIT freed 305K, 4% free 9147K/9488K, paused 4ms+3ms, total 32ms
04-03 11:31:59.173 D/dalvikvm(  511): JIT code cache reset in 1 ms (1048444 bytes 1/0)
04-03 11:31:59.173 D/dalvikvm(  511): GC_EXPLICIT freed 165K, 14% free 16151K/18736K, paused 3ms+8ms, total 88ms
04-03 11:31:59.343 D/dalvikvm(  651): GC_CONCURRENT freed 274K, 4% free 9282K/9596K, paused 1ms+5ms, total 22ms
04-03 11:31:59.484 D/dalvikvm(  511): GC_EXPLICIT freed 83K, 14% free 16149K/18736K, paused 2ms+6ms, total 93ms
04-03 11:31:59.754 D/dalvikvm(  511): GC_EXPLICIT freed 81K, 14% free 16149K/18736K, paused 2ms+7ms, total 72ms
04-03 11:31:59.814 D/dalvikvm(  651): GC_CONCURRENT freed 398K, 5% free 9273K/9712K, paused 3ms+4ms, total 22ms
04-03 11:32:00.054 D/dalvikvm(  511): GC_EXPLICIT freed 91K, 14% free 16150K/18736K, paused 2ms+5ms, total 77ms
04-03 11:32:00.194 D/dalvikvm(  651): GC_CONCURRENT freed 391K, 5% free 9270K/9712K, paused 2ms+3ms, total 18ms
04-03 11:32:00.354 D/dalvikvm(  511): GC_EXPLICIT freed 90K, 14% free 16150K/18736K, paused 3ms+6ms, total 68ms
04-03 11:32:00.835 I/System.out( 2656): Location: -2.80901197 56.34006133 | GPSNavigator running:true
04-03 11:32:00.835 I/System.out( 2656): Battery level: 98 | Time difference: 782
04-03 11:32:03.838 I/System.out( 2656): Location: -2.80901197 56.34006133 | GPSNavigator running:true
04-03 11:32:03.838 I/System.out( 2656): Battery level: 98 | Time difference: 782
04-03 11:32:06.841 I/System.out( 2656): Location: -2.80901197 56.34006133 | GPSNavigator running:true
04-03 11:32:06.841 I/System.out( 2656): Battery level: 98 | Time difference: 782
04-03 11:32:09.834 I/System.out( 2656): Location: -2.80901197 56.34006133 | GPSNavigator running:true
04-03 11:32:09.834 I/System.out( 2656): Battery level: 98 | Time difference: 782
04-03 11:32:12.837 I/System.out( 2656): Location: -2.80901197 56.34006133 | GPSNavigator running:true
04-03 11:32:12.837 I/System.out( 2656): Battery level: 98 | Time difference: 782
04-03 11:32:15.839 I/System.out( 2656): Location: -2.80901197 56.34006133 | GPSNavigator running:true
04-03 11:32:15.839 I/System.out( 2656): Battery level: 98 | Time difference: 782
04-03 11:32:18.842 I/System.out( 2656): Location: -2.80901197 56.34006133 | GPSNavigator running:true
04-03 11:32:18.842 I/System.out( 2656): Battery level: 98 | Time difference: 782
04-03 11:32:21.835 I/System.out( 2656): Location: -2.80901197 56.34006133 | GPSNavigator running:true
04-03 11:32:21.835 I/System.out( 2656): Battery level: 98 | Time difference: 782
04-03 11:32:24.838 I/System.out( 2656): Location: -2.80901197 56.34006133 | GPSNavigator running:true
04-03 11:32:24.838 I/System.out( 2656): Battery level: 98 | Time difference: 782
04-03 11:32:27.841 I/System.out( 2656): Location: -2.80901197 56.34006133 | GPSNavigator running:true
04-03 11:32:27.841 I/System.out( 2656): Battery level: 98 | Time difference: 782
04-03 11:32:30.844 I/System.out( 2656): Location: -2.80901197 56.34006133 | GPSNavigator running:true
04-03 11:32:30.844 I/System.out( 2656): Battery level: 98 | Time difference: 782
04-03 11:32:33.837 I/System.out( 2656): Location: -2.80901197 56.34006133 | GPSNavigator running:true
04-03 11:32:33.837 I/System.out( 2656): Battery level: 98 | Time difference: 782
04-03 11:32:36.840 I/System.out( 2656): Location: -2.80901197 56.34006133 | GPSNavigator running:true
04-03 11:32:36.840 I/System.out( 2656): Battery level: 98 | Time difference: 782
04-03 11:32:39.833 I/System.out( 2656): Location: -2.80901197 56.34006133 | GPSNavigator running:true
04-03 11:32:39.833 I/System.out( 2656): Battery level: 98 | Time difference: 782
04-03 11:32:42.836 I/System.out( 2656): Location: -2.80901197 56.34006133 | GPSNavigator running:true
04-03 11:32:42.836 I/System.out( 2656): Battery level: 98 | Time difference: 782
04-03 11:32:45.849 I/System.out( 2656): Location: -2.80901197 56.34006133 | GPSNavigator running:true
04-03 11:32:45.849 I/System.out( 2656): Battery level: 98 | Time difference: 782
04-03 11:32:48.842 I/System.out( 2656): Location: -2.80901197 56.34006133 | GPSNavigator running:true
04-03 11:32:48.842 I/System.out( 2656): Battery level: 98 | Time difference: 782
04-03 11:32:51.835 I/System.out( 2656): Location: -2.80901197 56.34006133 | GPSNavigator running:true
04-03 11:32:51.835 I/System.out( 2656): Battery level: 98 | Time difference: 782
04-03 11:32:53.516 D/dalvikvm( 2656): GC_FOR_ALLOC freed 508K, 6% free 9059K/9604K, paused 64ms, total 65ms
04-03 11:32:54.838 I/System.out( 2656): Location: -2.80901197 56.34006133 | GPSNavigator running:true
04-03 11:32:54.838 I/System.out( 2656): Battery level: 98 | Time difference: 782
04-03 11:32:57.840 I/System.out( 2656): Location: -2.80901197 56.34006133 | GPSNavigator running:true
04-03 11:32:57.840 I/System.out( 2656): Battery level: 98 | Time difference: 782
04-03 11:33:00.843 I/System.out( 2656): Location: -2.80901197 56.34006133 | GPSNavigator running:true
04-03 11:33:00.843 I/System.out( 2656): Battery level: 98 | Time difference: 782
04-03 11:33:03.846 I/System.out( 2656): Location: -2.80901197 56.34006133 | GPSNavigator running:true
04-03 11:33:03.846 I/System.out( 2656): Battery level: 98 | Time difference: 782
04-03 11:33:06.849 I/System.out( 2656): Location: -2.80901197 56.34006133 | GPSNavigator running:true
04-03 11:33:06.849 I/System.out( 2656): Battery level: 98 | Time difference: 782
04-03 11:33:09.852 I/System.out( 2656): Location: -2.80901197 56.34006133 | GPSNavigator running:true
04-03 11:33:09.852 I/System.out( 2656): Battery level: 98 | Time difference: 782
04-03 11:33:12.845 I/System.out( 2656): Location: -2.80901197 56.34006133 | GPSNavigator running:true
04-03 11:33:12.845 I/System.out( 2656): Battery level: 98 | Time difference: 782
04-03 11:33:15.848 I/System.out( 2656): Location: -2.80901197 56.34006133 | GPSNavigator running:true
04-03 11:33:15.848 I/System.out( 2656): Battery level: 98 | Time difference: 782
04-03 11:33:18.851 I/System.out( 2656): Location: -2.80901197 56.34006133 | GPSNavigator running:true
04-03 11:33:18.851 I/System.out( 2656): Battery level: 98 | Time difference: 782
04-03 11:33:21.844 I/System.out( 2656): Location: -2.80901197 56.34006133 | GPSNavigator running:true
04-03 11:33:21.844 I/System.out( 2656): Battery level: 98 | Time difference: 782
04-03 11:33:24.847 I/System.out( 2656): Location: -2.80901197 56.34006133 | GPSNavigator running:true
04-03 11:33:24.847 I/System.out( 2656): Battery level: 98 | Time difference: 782
