04-03 13:50:44.280 I/System.out( 7918): Location: -2.80910427 56.33994019 | GPSNavigator running:true
04-03 13:50:44.280 I/System.out( 7918): Battery level: 99 | Time difference: -1
04-03 13:50:47.283 I/System.out( 7918): Location: -2.80910419 56.33994022 | GPSNavigator running:true
04-03 13:50:47.283 I/System.out( 7918): Battery level: 99 | Time difference: -1
04-03 13:50:50.286 I/System.out( 7918): Location: -2.80910409 56.33994024 | GPSNavigator running:true
04-03 13:50:50.286 I/System.out( 7918): Battery level: 99 | Time difference: -1
04-03 13:50:53.289 I/System.out( 7918): Location: -2.80910403 56.33994025 | GPSNavigator running:true
04-03 13:50:53.289 I/System.out( 7918): Battery level: 99 | Time difference: -1
04-03 13:50:56.292 I/System.out( 7918): Location: -2.80910399 56.33994025 | GPSNavigator running:true
04-03 13:50:56.292 I/System.out( 7918): Battery level: 99 | Time difference: -1
04-03 13:50:57.043 D/dalvikvm( 7918): GC_CONCURRENT freed 369K, 5% free 9092K/9500K, paused 4ms+2ms, total 47ms
04-03 13:50:59.295 I/System.out( 7918): Location: -2.80910394 56.33994026 | GPSNavigator running:true
04-03 13:50:59.295 I/System.out( 7918): Battery level: 99 | Time difference: -1
04-03 13:51:02.288 I/System.out( 7918): Location: -2.80910392 56.33994026 | GPSNavigator running:true
04-03 13:51:02.288 I/System.out( 7918): Battery level: 99 | Time difference: -1
04-03 13:51:05.291 I/System.out( 7918): Location: -2.80910054 56.33994263 | GPSNavigator running:true
04-03 13:51:05.291 I/System.out( 7918): Battery level: 99 | Time difference: -1
04-03 13:51:08.294 I/System.out( 7918): Location: -2.80910637 56.33994423 | GPSNavigator running:true
04-03 13:51:08.294 I/System.out( 7918): Battery level: 99 | Time difference: -1
04-03 13:51:11.297 I/System.out( 7918): Location: -2.80911077 56.33994642 | GPSNavigator running:true
04-03 13:51:11.297 I/System.out( 7918): Battery level: 99 | Time difference: -1
04-03 13:51:13.589 I/System.out( 7918): Battery level end is reached
04-03 13:51:14.300 I/System.out( 7918): Location: -2.80909904 56.33994853 | GPSNavigator running:true
04-03 13:51:14.300 I/System.out( 7918): Battery level: 98 | Time difference: 421
04-03 13:51:17.292 I/System.out( 7918): Location: -2.80908892 56.33995047 | GPSNavigator running:true
04-03 13:51:17.292 I/System.out( 7918): Battery level: 98 | Time difference: 421
04-03 13:51:20.305 I/System.out( 7918): Location: -2.80909234 56.33995633 | GPSNavigator running:true
04-03 13:51:20.305 I/System.out( 7918): Battery level: 98 | Time difference: 421
04-03 13:51:23.298 I/System.out( 7918): Location: -2.80912137 56.33997129 | GPSNavigator running:true
04-03 13:51:23.298 I/System.out( 7918): Battery level: 98 | Time difference: 421
04-03 13:51:26.301 I/System.out( 7918): Location: -2.80914772 56.33997556 | GPSNavigator running:true
04-03 13:51:26.301 I/System.out( 7918): Battery level: 98 | Time difference: 421
04-03 13:51:29.304 I/System.out( 7918): Location: -2.80914817 56.33998383 | GPSNavigator running:true
04-03 13:51:29.304 I/System.out( 7918): Battery level: 98 | Time difference: 421
04-03 13:51:32.297 I/System.out( 7918): Location: -2.80917565 56.33997484 | GPSNavigator running:true
04-03 13:51:32.297 I/System.out( 7918): Battery level: 98 | Time difference: 421
04-03 13:51:35.310 I/System.out( 7918): Location: -2.80917447 56.33995933 | GPSNavigator running:true
04-03 13:51:35.310 I/System.out( 7918): Battery level: 98 | Time difference: 421
04-03 13:51:38.303 I/System.out( 7918): Location: -2.80917023 56.33994844 | GPSNavigator running:true
04-03 13:51:38.313 I/System.out( 7918): Battery level: 98 | Time difference: 421
04-03 13:51:40.075 D/dalvikvm(  704): GC_CONCURRENT freed 386K, 9% free 10078K/11036K, paused 4ms+2ms, total 99ms
04-03 13:51:41.306 I/System.out( 7918): Location: -2.80921121 56.33995548 | GPSNavigator running:true
04-03 13:51:41.306 I/System.out( 7918): Battery level: 98 | Time difference: 421
04-03 13:51:44.309 I/System.out( 7918): Location: -2.80923716 56.33994645 | GPSNavigator running:true
04-03 13:51:44.309 I/System.out( 7918): Battery level: 98 | Time difference: 421
04-03 13:51:47.312 I/System.out( 7918): Location: -2.80924454 56.33994213 | GPSNavigator running:true
04-03 13:51:47.312 I/System.out( 7918): Battery level: 98 | Time difference: 421
04-03 13:51:50.315 I/System.out( 7918): Location: -2.80924906 56.33994093 | GPSNavigator running:true
04-03 13:51:50.315 I/System.out( 7918): Battery level: 98 | Time difference: 421
04-03 13:51:51.286 I/rmt_storage(  184): rmt_storage_rw_iovec_cb: /boot/modem_fs1: clnt_h=0x1: req_h=0x16 msg_id=3: R/W request received
04-03 13:51:51.286 I/rmt_storage(  184): wakelock acquired: 1, error no: 110
04-03 13:51:51.286 I/rmt_storage(  184): rmt_storage_client_thread: /boot/modem_fs1: clnt_h=0x1 Unblock worker thread (th_id: -1214594576)
04-03 13:51:51.306 I/rmt_storage(  184): rmt_storage_client_thread: /boot/modem_fs1: clnt_h=0x1: req_h=0x16 msg_id=3: Bytes written = 261632
04-03 13:51:51.306 I/rmt_storage(  184): rmt_storage_client_thread: /boot/modem_fs1: clnt_h=0x1: req_h=0x16 msg_id=3: Bytes written = 512
04-03 13:51:51.306 I/rmt_storage(  184): rmt_storage_client_thread: /boot/modem_fs1: clnt_h=0x1: req_h=0x16 msg_id=3: Send response: res=0 err=0
04-03 13:51:51.306 I/rmt_storage(  184): rmt_storage_client_thread: /boot/modem_fs1: clnt_h=0x1 About to block rmt_storage client thread (th_id: -1214594576) wakelock released: 1, error no: 0
04-03 13:51:51.306 I/rmt_storage(  184): 
04-03 13:51:53.308 I/System.out( 7918): Location: -2.80925481 56.33993977 | GPSNavigator running:true
04-03 13:51:53.318 I/System.out( 7918): Battery level: 98 | Time difference: 421
04-03 13:51:56.321 I/System.out( 7918): Location: -2.80926144 56.33993712 | GPSNavigator running:true
04-03 13:51:56.321 I/System.out( 7918): Battery level: 98 | Time difference: 421
04-03 13:51:59.323 I/System.out( 7918): Location: -2.80926796 56.33993428 | GPSNavigator running:true
04-03 13:51:59.323 I/System.out( 7918): Battery level: 98 | Time difference: 421
04-03 13:52:02.316 I/System.out( 7918): Location: -2.80927156 56.33993331 | GPSNavigator running:true
04-03 13:52:02.316 I/System.out( 7918): Battery level: 98 | Time difference: 421
04-03 13:52:04.188 I/EntropyMixer(  511): Writing entropy...
04-03 13:52:04.208 W/PowerUI (  589): unknown intent: Intent { act=android.intent.action.ACTION_POWER_CONNECTED flg=0x8000010 }
04-03 13:52:04.208 D/PicasaSyncManager( 7092): battery info: true
04-03 13:52:04.248 D/PicasaUploaderSyncManager( 7115): battery info: true
04-03 13:52:05.319 I/System.out( 7918): Location: -2.80927399 56.33993301 | GPSNavigator running:true
04-03 13:52:05.319 I/System.out( 7918): Battery level: 98 | Time difference: 421
04-03 13:52:05.830 D/MtpService(  651): updating state; isCurrentUser=true, mMtpLocked=false
04-03 13:52:05.830 D/MtpService(  651): addStorageLocked 65537 /storage/emulated/0
04-03 13:52:05.840 D/MtpService(  651): updating state; isCurrentUser=true, mMtpLocked=false
04-03 13:52:05.840 D/MtpService(  651): starting MTP server in MTP mode
04-03 13:52:05.840 D/MtpService(  651): addStorageLocked 65537 /storage/emulated/0
04-03 13:52:08.322 I/System.out( 7918): Location: -2.80927445 56.33993296 | GPSNavigator running:true
04-03 13:52:08.322 I/System.out( 7918): Battery level: 99 | Time difference: 421
04-03 13:52:09.744 D/dalvikvm(  511): GC_EXPLICIT freed 1179K, 17% free 16594K/19840K, paused 2ms+4ms, total 65ms
04-03 13:52:09.844 D/dalvikvm(  651): GC_CONCURRENT freed 411K, 5% free 9309K/9768K, paused 2ms+3ms, total 16ms
04-03 13:52:10.024 D/dalvikvm(  511): GC_EXPLICIT freed 91K, 17% free 16587K/19840K, paused 3ms+7ms, total 77ms
04-03 13:52:10.214 D/dalvikvm(  651): GC_CONCURRENT freed 381K, 5% free 9335K/9768K, paused 1ms+4ms, total 23ms
04-03 13:52:10.304 D/dalvikvm(  511): GC_EXPLICIT freed 77K, 17% free 16586K/19840K, paused 3ms+7ms, total 78ms
04-03 13:52:10.655 D/dalvikvm(  511): GC_EXPLICIT freed 77K, 17% free 16586K/19840K, paused 3ms+6ms, total 81ms
04-03 13:52:10.745 D/dalvikvm(  651): GC_CONCURRENT freed 393K, 5% free 9328K/9768K, paused 1ms+2ms, total 16ms
04-03 13:52:10.935 D/dalvikvm(  511): GC_EXPLICIT freed 76K, 17% free 16586K/19840K, paused 2ms+5ms, total 80ms
04-03 13:52:11.315 I/System.out( 7918): Location: -2.80927496 56.33993292 | GPSNavigator running:true
04-03 13:52:11.315 I/System.out( 7918): Battery level: 99 | Time difference: 421
04-03 13:52:14.328 I/System.out( 7918): Location: -2.80927507 56.33993289 | GPSNavigator running:true
04-03 13:52:14.328 I/System.out( 7918): Battery level: 99 | Time difference: 421
04-03 13:52:17.321 I/System.out( 7918): Location: -2.8092751 56.33993288 | GPSNavigator running:true
04-03 13:52:17.321 I/System.out( 7918): Battery level: 99 | Time difference: 421
04-03 13:52:20.324 I/System.out( 7918): Location: -2.80927576 56.33993291 | GPSNavigator running:true
04-03 13:52:20.324 I/System.out( 7918): Battery level: 99 | Time difference: 421
04-03 13:52:23.327 I/System.out( 7918): Location: -2.80927596 56.33993288 | GPSNavigator running:true
04-03 13:52:23.327 I/System.out( 7918): Battery level: 99 | Time difference: 421
04-03 13:52:26.320 I/System.out( 7918): Location: -2.80927603 56.33993287 | GPSNavigator running:true
04-03 13:52:26.320 I/System.out( 7918): Battery level: 99 | Time difference: 421
04-03 13:52:29.323 I/System.out( 7918): Location: -2.80927614 56.33993286 | GPSNavigator running:true
04-03 13:52:29.323 I/System.out( 7918): Battery level: 99 | Time difference: 421
04-03 13:52:29.343 D/dalvikvm( 7918): Debugger has detached; object registry had 1 entries
04-03 13:52:29.353 D/dalvikvm( 8002): Debugger has detached; object registry had 1 entries
04-03 13:52:32.326 I/System.out( 7918): Location: -2.80927635 56.33993283 | GPSNavigator running:true
04-03 13:52:32.326 I/System.out( 7918): Battery level: 99 | Time difference: 421
04-03 13:52:33.787 D/MtpService(  651): updating state; isCurrentUser=true, mMtpLocked=false
04-03 13:52:33.787 D/MtpService(  651): addStorageLocked 65537 /storage/emulated/0
04-03 13:52:33.797 D/MtpService(  651): updating state; isCurrentUser=true, mMtpLocked=false
04-03 13:52:33.797 D/MtpService(  651): starting MTP server in MTP mode
04-03 13:52:33.797 D/MtpService(  651): addStorageLocked 65537 /storage/emulated/0
04-03 13:52:35.319 I/System.out( 7918): Location: -2.80927656 56.33993281 | GPSNavigator running:true
04-03 13:52:35.319 I/System.out( 7918): Battery level: 99 | Time difference: 421
04-03 13:52:38.332 I/System.out( 7918): Location: -2.80927662 56.3399328 | GPSNavigator running:true
04-03 13:52:38.332 I/System.out( 7918): Battery level: 99 | Time difference: 421
04-03 13:52:41.324 I/System.out( 7918): Location: -2.80927665 56.3399328 | GPSNavigator running:true
04-03 13:52:41.334 I/System.out( 7918): Battery level: 99 | Time difference: 421
04-03 13:52:44.327 I/System.out( 7918): Location: -2.80927665 56.3399328 | GPSNavigator running:true
04-03 13:52:44.327 I/System.out( 7918): Battery level: 99 | Time difference: 421
04-03 13:52:47.330 I/System.out( 7918): Location: -2.80927665 56.3399328 | GPSNavigator running:true
04-03 13:52:47.330 I/System.out( 7918): Battery level: 99 | Time difference: 421
04-03 13:52:49.022 D/dalvikvm(  704): GC_CONCURRENT freed 385K, 9% free 10078K/11036K, paused 6ms+6ms, total 64ms
04-03 13:52:50.333 I/System.out( 7918): Location: -2.80927665 56.3399328 | GPSNavigator running:true
04-03 13:52:50.333 I/System.out( 7918): Battery level: 99 | Time difference: 421
04-03 13:52:53.326 I/System.out( 7918): Location: -2.80927665 56.3399328 | GPSNavigator running:true
04-03 13:52:53.326 I/System.out( 7918): Battery level: 99 | Time difference: 421
04-03 13:52:56.329 I/System.out( 7918): Location: -2.80927665 56.3399328 | GPSNavigator running:true
04-03 13:52:56.329 I/System.out( 7918): Battery level: 99 | Time difference: 421
04-03 13:52:59.332 I/System.out( 7918): Location: -2.80927665 56.3399328 | GPSNavigator running:true
04-03 13:52:59.332 I/System.out( 7918): Battery level: 99 | Time difference: 421
04-03 13:53:02.335 I/System.out( 7918): Location: -2.80927665 56.3399328 | GPSNavigator running:true
04-03 13:53:02.335 I/System.out( 7918): Battery level: 99 | Time difference: 421
04-03 13:53:05.328 I/System.out( 7918): Location: -2.80927665 56.3399328 | GPSNavigator running:true
04-03 13:53:05.328 I/System.out( 7918): Battery level: 99 | Time difference: 421
04-03 13:53:08.331 I/System.out( 7918): Location: -2.80927665 56.3399328 | GPSNavigator running:true
04-03 13:53:08.331 I/System.out( 7918): Battery level: 99 | Time difference: 421
04-03 13:53:11.334 I/System.out( 7918): Location: -2.80927665 56.3399328 | GPSNavigator running:true
04-03 13:53:11.334 I/System.out( 7918): Battery level: 99 | Time difference: 421
04-03 13:53:14.327 I/System.out( 7918): Location: -2.80927665 56.3399328 | GPSNavigator running:true
04-03 13:53:14.327 I/System.out( 7918): Battery level: 99 | Time difference: 421
04-03 13:53:17.330 I/System.out( 7918): Location: -2.80927665 56.3399328 | GPSNavigator running:true
04-03 13:53:17.330 I/System.out( 7918): Battery level: 99 | Time difference: 421
04-03 13:53:20.333 I/System.out( 7918): Location: -2.80927665 56.3399328 | GPSNavigator running:true
04-03 13:53:20.333 I/System.out( 7918): Battery level: 99 | Time difference: 421
