04-03 13:38:22.927 I/System.out( 7918): Location: unknown | GPSNavigator running:true
04-03 13:38:22.927 I/System.out( 7918): Battery level: 100 | Time difference: -1
04-03 13:38:25.930 I/System.out( 7918): Location: unknown | GPSNavigator running:true
04-03 13:38:25.930 I/System.out( 7918): Battery level: 100 | Time difference: -1
04-03 13:38:28.933 I/System.out( 7918): Location: unknown | GPSNavigator running:true
04-03 13:38:28.933 I/System.out( 7918): Battery level: 100 | Time difference: -1
04-03 13:38:31.926 I/System.out( 7918): Location: unknown | GPSNavigator running:true
04-03 13:38:31.926 I/System.out( 7918): Battery level: 100 | Time difference: -1
04-03 13:38:34.929 I/System.out( 7918): Location: unknown | GPSNavigator running:true
04-03 13:38:34.929 I/System.out( 7918): Battery level: 100 | Time difference: -1
04-03 13:38:37.932 I/System.out( 7918): Location: unknown | GPSNavigator running:true
04-03 13:38:37.932 I/System.out( 7918): Battery level: 100 | Time difference: -1
04-03 13:38:40.935 I/System.out( 7918): Location: unknown | GPSNavigator running:true
04-03 13:38:40.935 I/System.out( 7918): Battery level: 100 | Time difference: -1
04-03 13:38:43.937 I/System.out( 7918): Location: unknown | GPSNavigator running:true
04-03 13:38:43.937 I/System.out( 7918): Battery level: 100 | Time difference: -1
04-03 13:38:44.378 D/dalvikvm(  704): GC_CONCURRENT freed 384K, 10% free 10027K/11036K, paused 5ms+1ms, total 55ms
04-03 13:38:46.940 I/System.out( 7918): Location: unknown | GPSNavigator running:true
04-03 13:38:46.940 I/System.out( 7918): Battery level: 100 | Time difference: -1
04-03 13:38:49.943 I/System.out( 7918): Location: unknown | GPSNavigator running:true
04-03 13:38:49.943 I/System.out( 7918): Battery level: 100 | Time difference: -1
04-03 13:38:52.946 I/System.out( 7918): Location: unknown | GPSNavigator running:true
04-03 13:38:52.946 I/System.out( 7918): Battery level: 100 | Time difference: -1
04-03 13:38:55.949 I/System.out( 7918): Location: unknown | GPSNavigator running:true
04-03 13:38:55.949 I/System.out( 7918): Battery level: 100 | Time difference: -1
04-03 13:38:58.942 I/System.out( 7918): Location: unknown | GPSNavigator running:true
04-03 13:38:58.942 I/System.out( 7918): Battery level: 100 | Time difference: -1
04-03 13:39:01.955 I/System.out( 7918): Location: unknown | GPSNavigator running:true
04-03 13:39:01.955 I/System.out( 7918): Battery level: 100 | Time difference: -1
04-03 13:39:04.948 I/System.out( 7918): Location: unknown | GPSNavigator running:true
04-03 13:39:04.948 I/System.out( 7918): Battery level: 100 | Time difference: -1
04-03 13:39:07.951 I/System.out( 7918): Location: unknown | GPSNavigator running:true
04-03 13:39:07.951 I/System.out( 7918): Battery level: 100 | Time difference: -1
04-03 13:39:10.954 I/System.out( 7918): Location: unknown | GPSNavigator running:true
04-03 13:39:10.954 I/System.out( 7918): Battery level: 100 | Time difference: -1
04-03 13:39:13.957 I/System.out( 7918): Location: unknown | GPSNavigator running:true
04-03 13:39:13.957 I/System.out( 7918): Battery level: 100 | Time difference: -1
04-03 13:39:16.960 I/System.out( 7918): Location: unknown | GPSNavigator running:true
04-03 13:39:16.960 I/System.out( 7918): Battery level: 100 | Time difference: -1
04-03 13:39:19.963 I/System.out( 7918): Location: unknown | GPSNavigator running:true
04-03 13:39:19.963 I/System.out( 7918): Battery level: 100 | Time difference: -1
04-03 13:39:22.956 I/System.out( 7918): Location: unknown | GPSNavigator running:true
04-03 13:39:22.956 I/System.out( 7918): Battery level: 100 | Time difference: -1
04-03 13:39:25.958 I/System.out( 7918): Location: unknown | GPSNavigator running:true
04-03 13:39:25.958 I/System.out( 7918): Battery level: 100 | Time difference: -1
04-03 13:39:28.961 I/System.out( 7918): Location: unknown | GPSNavigator running:true
04-03 13:39:28.961 I/System.out( 7918): Battery level: 100 | Time difference: -1
04-03 13:39:31.964 I/System.out( 7918): Location: unknown | GPSNavigator running:true
04-03 13:39:31.964 I/System.out( 7918): Battery level: 100 | Time difference: -1
04-03 13:39:34.957 I/System.out( 7918): Location: unknown | GPSNavigator running:true
04-03 13:39:34.957 I/System.out( 7918): Battery level: 100 | Time difference: -1
04-03 13:39:37.970 I/System.out( 7918): Location: unknown | GPSNavigator running:true
04-03 13:39:37.970 I/System.out( 7918): Battery level: 100 | Time difference: -1
04-03 13:39:40.973 I/System.out( 7918): Location: unknown | GPSNavigator running:true
04-03 13:39:40.973 I/System.out( 7918): Battery level: 100 | Time difference: -1
04-03 13:39:43.966 I/System.out( 7918): Location: unknown | GPSNavigator running:true
04-03 13:39:43.966 I/System.out( 7918): Battery level: 100 | Time difference: -1
04-03 13:39:46.969 I/System.out( 7918): Location: unknown | GPSNavigator running:true
04-03 13:39:46.969 I/System.out( 7918): Battery level: 100 | Time difference: -1
04-03 13:39:49.972 I/System.out( 7918): Location: unknown | GPSNavigator running:true
04-03 13:39:49.972 I/System.out( 7918): Battery level: 100 | Time difference: -1
04-03 13:39:52.975 I/System.out( 7918): Location: unknown | GPSNavigator running:true
04-03 13:39:52.975 I/System.out( 7918): Battery level: 100 | Time difference: -1
04-03 13:39:55.978 I/System.out( 7918): Location: unknown | GPSNavigator running:true
04-03 13:39:55.978 I/System.out( 7918): Battery level: 100 | Time difference: -1
04-03 13:39:58.971 I/System.out( 7918): Location: unknown | GPSNavigator running:true
04-03 13:39:58.971 I/System.out( 7918): Battery level: 100 | Time difference: -1
04-03 13:40:01.974 I/System.out( 7918): Location: unknown | GPSNavigator running:true
04-03 13:40:01.984 I/System.out( 7918): Battery level: 100 | Time difference: -1
04-03 13:40:04.977 I/System.out( 7918): Location: unknown | GPSNavigator running:true
04-03 13:40:04.977 I/System.out( 7918): Battery level: 100 | Time difference: -1
04-03 13:40:07.979 I/System.out( 7918): Location: unknown | GPSNavigator running:true
04-03 13:40:07.979 I/System.out( 7918): Battery level: 100 | Time difference: -1
04-03 13:40:10.982 I/System.out( 7918): Location: unknown | GPSNavigator running:true
04-03 13:40:10.982 I/System.out( 7918): Battery level: 100 | Time difference: -1
04-03 13:40:13.985 I/System.out( 7918): Location: unknown | GPSNavigator running:true
04-03 13:40:13.985 I/System.out( 7918): Battery level: 100 | Time difference: -1
04-03 13:40:16.978 I/System.out( 7918): Location: unknown | GPSNavigator running:true
04-03 13:40:16.978 I/System.out( 7918): Battery level: 100 | Time difference: -1
04-03 13:40:19.991 I/System.out( 7918): Location: unknown | GPSNavigator running:true
04-03 13:40:19.991 I/System.out( 7918): Battery level: 100 | Time difference: -1
04-03 13:40:22.994 I/System.out( 7918): Location: unknown | GPSNavigator running:true
04-03 13:40:22.994 I/System.out( 7918): Battery level: 100 | Time difference: -1
04-03 13:40:25.987 I/System.out( 7918): Location: unknown | GPSNavigator running:true
04-03 13:40:25.987 I/System.out( 7918): Battery level: 100 | Time difference: -1
04-03 13:40:28.990 I/System.out( 7918): Location: unknown | GPSNavigator running:true
04-03 13:40:28.990 I/System.out( 7918): Battery level: 100 | Time difference: -1
04-03 13:40:31.993 I/System.out( 7918): Location: unknown | GPSNavigator running:true
04-03 13:40:31.993 I/System.out( 7918): Battery level: 100 | Time difference: -1
04-03 13:40:34.986 I/System.out( 7918): Location: unknown | GPSNavigator running:true
04-03 13:40:34.986 I/System.out( 7918): Battery level: 100 | Time difference: -1
04-03 13:40:37.989 I/System.out( 7918): Location: unknown | GPSNavigator running:true
04-03 13:40:37.989 I/System.out( 7918): Battery level: 100 | Time difference: -1
04-03 13:40:40.992 I/System.out( 7918): Location: unknown | GPSNavigator running:true
04-03 13:40:40.992 I/System.out( 7918): Battery level: 100 | Time difference: -1
04-03 13:40:43.995 I/System.out( 7918): Location: unknown | GPSNavigator running:true
04-03 13:40:43.995 I/System.out( 7918): Battery level: 100 | Time difference: -1
04-03 13:40:46.998 I/System.out( 7918): Location: unknown | GPSNavigator running:true
04-03 13:40:46.998 I/System.out( 7918): Battery level: 100 | Time difference: -1
04-03 13:40:50.000 I/System.out( 7918): Location: unknown | GPSNavigator running:true
04-03 13:40:50.000 I/System.out( 7918): Battery level: 100 | Time difference: -1
04-03 13:40:53.003 I/System.out( 7918): Location: unknown | GPSNavigator running:true
04-03 13:40:53.003 I/System.out( 7918): Battery level: 100 | Time difference: -1
04-03 13:40:56.006 I/System.out( 7918): Location: unknown | GPSNavigator running:true
04-03 13:40:56.006 I/System.out( 7918): Battery level: 100 | Time difference: -1
04-03 13:40:58.999 I/System.out( 7918): Location: unknown | GPSNavigator running:true
04-03 13:40:58.999 I/System.out( 7918): Battery level: 100 | Time difference: -1
04-03 13:41:02.002 I/System.out( 7918): Location: unknown | GPSNavigator running:true
04-03 13:41:02.002 I/System.out( 7918): Battery level: 100 | Time difference: -1
04-03 13:41:05.005 I/System.out( 7918): Location: unknown | GPSNavigator running:true
04-03 13:41:05.005 I/System.out( 7918): Battery level: 100 | Time difference: -1
04-03 13:41:08.008 I/System.out( 7918): Location: unknown | GPSNavigator running:true
04-03 13:41:08.008 I/System.out( 7918): Battery level: 100 | Time difference: -1
04-03 13:41:11.011 I/System.out( 7918): Location: unknown | GPSNavigator running:true
04-03 13:41:11.011 I/System.out( 7918): Battery level: 100 | Time difference: -1
04-03 13:41:14.014 I/System.out( 7918): Location: unknown | GPSNavigator running:true
04-03 13:41:14.014 I/System.out( 7918): Battery level: 100 | Time difference: -1
04-03 13:41:17.017 I/System.out( 7918): Location: unknown | GPSNavigator running:true
04-03 13:41:17.017 I/System.out( 7918): Battery level: 100 | Time difference: -1
04-03 13:41:20.020 I/System.out( 7918): Location: unknown | GPSNavigator running:true
04-03 13:41:20.020 I/System.out( 7918): Battery level: 100 | Time difference: -1
04-03 13:41:23.023 I/System.out( 7918): Location: unknown | GPSNavigator running:true
04-03 13:41:23.023 I/System.out( 7918): Battery level: 100 | Time difference: -1
04-03 13:41:26.026 I/System.out( 7918): Location: unknown | GPSNavigator running:true
04-03 13:41:26.026 I/System.out( 7918): Battery level: 100 | Time difference: -1
04-03 13:41:29.019 I/System.out( 7918): Location: unknown | GPSNavigator running:true
04-03 13:41:29.019 I/System.out( 7918): Battery level: 100 | Time difference: -1
04-03 13:41:32.021 I/System.out( 7918): Location: unknown | GPSNavigator running:true
04-03 13:41:32.021 I/System.out( 7918): Battery level: 100 | Time difference: -1
04-03 13:41:35.024 I/System.out( 7918): Location: unknown | GPSNavigator running:true
04-03 13:41:35.024 I/System.out( 7918): Battery level: 100 | Time difference: -1
04-03 13:41:38.017 I/System.out( 7918): Location: unknown | GPSNavigator running:true
04-03 13:41:38.017 I/System.out( 7918): Battery level: 100 | Time difference: -1
04-03 13:41:41.020 I/System.out( 7918): Location: unknown | GPSNavigator running:true
04-03 13:41:41.020 I/System.out( 7918): Battery level: 100 | Time difference: -1
04-03 13:41:44.023 I/System.out( 7918): Location: unknown | GPSNavigator running:true
04-03 13:41:44.023 I/System.out( 7918): Battery level: 100 | Time difference: -1
04-03 13:41:47.016 I/System.out( 7918): Location: unknown | GPSNavigator running:true
04-03 13:41:47.016 I/System.out( 7918): Battery level: 100 | Time difference: -1
04-03 13:41:50.029 I/System.out( 7918): Location: unknown | GPSNavigator running:true
04-03 13:41:50.029 I/System.out( 7918): Battery level: 100 | Time difference: -1
04-03 13:41:53.032 I/System.out( 7918): Location: unknown | GPSNavigator running:true
04-03 13:41:53.032 I/System.out( 7918): Battery level: 100 | Time difference: -1
04-03 13:41:56.035 I/System.out( 7918): Location: unknown | GPSNavigator running:true
04-03 13:41:56.035 I/System.out( 7918): Battery level: 100 | Time difference: -1
04-03 13:41:59.038 I/System.out( 7918): Location: unknown | GPSNavigator running:true
04-03 13:41:59.038 I/System.out( 7918): Battery level: 100 | Time difference: -1
04-03 13:42:02.031 I/System.out( 7918): Location: unknown | GPSNavigator running:true
04-03 13:42:02.031 I/System.out( 7918): Battery level: 100 | Time difference: -1
04-03 13:42:05.034 I/System.out( 7918): Location: unknown | GPSNavigator running:true
04-03 13:42:05.034 I/System.out( 7918): Battery level: 100 | Time difference: -1
04-03 13:42:08.027 I/System.out( 7918): Location: unknown | GPSNavigator running:true
04-03 13:42:08.027 I/System.out( 7918): Battery level: 100 | Time difference: -1
04-03 13:42:11.040 I/System.out( 7918): Location: unknown | GPSNavigator running:true
04-03 13:42:11.040 I/System.out( 7918): Battery level: 100 | Time difference: -1
04-03 13:42:14.042 I/System.out( 7918): Location: unknown | GPSNavigator running:true
04-03 13:42:14.042 I/System.out( 7918): Battery level: 100 | Time difference: -1
04-03 13:42:17.035 I/System.out( 7918): Location: unknown | GPSNavigator running:true
04-03 13:42:17.035 I/System.out( 7918): Battery level: 100 | Time difference: -1
04-03 13:42:20.048 I/System.out( 7918): Location: unknown | GPSNavigator running:true
04-03 13:42:20.048 I/System.out( 7918): Battery level: 100 | Time difference: -1
04-03 13:42:21.380 D/dalvikvm(  704): GC_CONCURRENT freed 386K, 10% free 10026K/11036K, paused 5ms+1ms, total 47ms
04-03 13:42:23.041 I/System.out( 7918): Location: unknown | GPSNavigator running:true
04-03 13:42:23.041 I/System.out( 7918): Battery level: 100 | Time difference: -1
04-03 13:42:26.044 I/System.out( 7918): Location: unknown | GPSNavigator running:true
04-03 13:42:26.044 I/System.out( 7918): Battery level: 100 | Time difference: -1
04-03 13:42:29.047 I/System.out( 7918): Location: unknown | GPSNavigator running:true
04-03 13:42:29.047 I/System.out( 7918): Battery level: 100 | Time difference: -1
04-03 13:42:32.050 I/System.out( 7918): Location: unknown | GPSNavigator running:true
04-03 13:42:32.050 I/System.out( 7918): Battery level: 100 | Time difference: -1
04-03 13:42:35.053 I/System.out( 7918): Location: unknown | GPSNavigator running:true
04-03 13:42:35.053 I/System.out( 7918): Battery level: 100 | Time difference: -1
04-03 13:42:38.056 I/System.out( 7918): Location: unknown | GPSNavigator running:true
04-03 13:42:38.056 I/System.out( 7918): Battery level: 100 | Time difference: -1
04-03 13:42:41.049 I/System.out( 7918): Location: unknown | GPSNavigator running:true
04-03 13:42:41.049 I/System.out( 7918): Battery level: 100 | Time difference: -1
04-03 13:42:42.831 I/ActivityManager(  511): No longer want uk.ac.st_andrews.cs.host.mk74.locy:remote (pid 7243): empty for 1813s
04-03 13:42:42.881 W/ActivityManager(  511): Scheduling restart of crashed service uk.ac.st_andrews.cs.host.mk74.locy/.LocyNavigatorService in 5000ms
04-03 13:42:44.052 I/System.out( 7918): Location: unknown | GPSNavigator running:true
04-03 13:42:44.052 I/System.out( 7918): Battery level: 100 | Time difference: -1
04-03 13:42:47.055 I/System.out( 7918): Location: unknown | GPSNavigator running:true
04-03 13:42:47.055 I/System.out( 7918): Battery level: 100 | Time difference: -1
04-03 13:42:47.896 D/dalvikvm( 8002): Late-enabling CheckJNI
04-03 13:42:47.926 I/ActivityManager(  511): Start proc uk.ac.st_andrews.cs.host.mk74.locy:remote for service uk.ac.st_andrews.cs.host.mk74.locy/.LocyNavigatorService: pid=8002 uid=10100 gids={50100, 1028}
04-03 13:42:47.946 D/dalvikvm(  177): GC_EXPLICIT freed 40K, 1% free 8863K/8944K, paused 2ms+2ms, total 34ms
04-03 13:42:47.966 D/dalvikvm(  177): GC_EXPLICIT freed <1K, 1% free 8863K/8944K, paused 2ms+3ms, total 29ms
04-03 13:42:47.996 D/dalvikvm(  177): GC_EXPLICIT freed <1K, 1% free 8863K/8944K, paused 1ms+4ms, total 24ms
04-03 13:42:47.996 I/LocyNavigatorService( 8002): Service creating
04-03 13:42:50.048 I/System.out( 7918): Location: unknown | GPSNavigator running:true
04-03 13:42:50.048 I/System.out( 7918): Battery level: 100 | Time difference: -1
04-03 13:42:53.051 I/System.out( 7918): Location: unknown | GPSNavigator running:true
04-03 13:42:53.051 I/System.out( 7918): Battery level: 100 | Time difference: -1
04-03 13:42:56.063 I/System.out( 7918): Location: unknown | GPSNavigator running:true
04-03 13:42:56.063 I/System.out( 7918): Battery level: 100 | Time difference: -1
04-03 13:42:59.056 I/System.out( 7918): Location: unknown | GPSNavigator running:true
04-03 13:42:59.056 I/System.out( 7918): Battery level: 100 | Time difference: -1
04-03 13:43:02.059 I/System.out( 7918): Location: unknown | GPSNavigator running:true
04-03 13:43:02.059 I/System.out( 7918): Battery level: 100 | Time difference: -1
04-03 13:43:05.062 I/System.out( 7918): Location: unknown | GPSNavigator running:true
04-03 13:43:05.062 I/System.out( 7918): Battery level: 100 | Time difference: -1
04-03 13:43:08.055 I/System.out( 7918): Location: unknown | GPSNavigator running:true
04-03 13:43:08.055 I/System.out( 7918): Battery level: 100 | Time difference: -1
04-03 13:43:11.058 I/System.out( 7918): Location: unknown | GPSNavigator running:true
04-03 13:43:11.058 I/System.out( 7918): Battery level: 100 | Time difference: -1
04-03 13:43:14.071 I/System.out( 7918): Location: unknown | GPSNavigator running:true
04-03 13:43:14.071 I/System.out( 7918): Battery level: 100 | Time difference: -1
04-03 13:43:17.074 I/System.out( 7918): Location: unknown | GPSNavigator running:true
04-03 13:43:17.074 I/System.out( 7918): Battery level: 100 | Time difference: -1
04-03 13:43:20.077 I/System.out( 7918): Location: unknown | GPSNavigator running:true
04-03 13:43:20.077 I/System.out( 7918): Battery level: 100 | Time difference: -1
04-03 13:43:23.070 I/System.out( 7918): Location: unknown | GPSNavigator running:true
04-03 13:43:23.070 I/System.out( 7918): Battery level: 100 | Time difference: -1
04-03 13:43:26.073 I/System.out( 7918): Location: unknown | GPSNavigator running:true
04-03 13:43:26.073 I/System.out( 7918): Battery level: 100 | Time difference: -1
04-03 13:43:29.086 I/System.out( 7918): Location: unknown | GPSNavigator running:true
04-03 13:43:29.086 I/System.out( 7918): Battery level: 100 | Time difference: -1
04-03 13:43:32.079 I/System.out( 7918): Location: unknown | GPSNavigator running:true
04-03 13:43:32.079 I/System.out( 7918): Battery level: 100 | Time difference: -1
04-03 13:43:35.082 I/System.out( 7918): Location: unknown | GPSNavigator running:true
04-03 13:43:35.082 I/System.out( 7918): Battery level: 100 | Time difference: -1
04-03 13:43:38.084 I/System.out( 7918): Location: unknown | GPSNavigator running:true
04-03 13:43:38.084 I/System.out( 7918): Battery level: 100 | Time difference: -1
04-03 13:43:41.077 I/System.out( 7918): Location: unknown | GPSNavigator running:true
04-03 13:43:41.077 I/System.out( 7918): Battery level: 100 | Time difference: -1
04-03 13:43:44.080 I/System.out( 7918): Location: unknown | GPSNavigator running:true
04-03 13:43:44.080 I/System.out( 7918): Battery level: 100 | Time difference: -1
04-03 13:43:47.083 I/System.out( 7918): Location: unknown | GPSNavigator running:true
04-03 13:43:47.083 I/System.out( 7918): Battery level: 100 | Time difference: -1
04-03 13:43:50.076 I/System.out( 7918): Location: unknown | GPSNavigator running:true
04-03 13:43:50.076 I/System.out( 7918): Battery level: 100 | Time difference: -1
04-03 13:43:53.079 I/System.out( 7918): Location: unknown | GPSNavigator running:true
04-03 13:43:53.079 I/System.out( 7918): Battery level: 100 | Time difference: -1
04-03 13:43:56.082 I/System.out( 7918): Location: unknown | GPSNavigator running:true
04-03 13:43:56.082 I/System.out( 7918): Battery level: 100 | Time difference: -1
04-03 13:43:59.085 I/System.out( 7918): Location: unknown | GPSNavigator running:true
04-03 13:43:59.095 I/System.out( 7918): Battery level: 100 | Time difference: -1
04-03 13:44:02.078 I/System.out( 7918): Location: unknown | GPSNavigator running:true
04-03 13:44:02.088 I/System.out( 7918): Battery level: 100 | Time difference: -1
04-03 13:44:05.091 I/System.out( 7918): Location: unknown | GPSNavigator running:true
04-03 13:44:05.091 I/System.out( 7918): Battery level: 100 | Time difference: -1
04-03 13:44:08.094 I/System.out( 7918): Location: unknown | GPSNavigator running:true
04-03 13:44:08.094 I/System.out( 7918): Battery level: 100 | Time difference: -1
04-03 13:44:11.097 I/System.out( 7918): Location: unknown | GPSNavigator running:true
04-03 13:44:11.097 I/System.out( 7918): Battery level: 100 | Time difference: -1
04-03 13:44:12.458 I/System.out( 7918): Battery level start is reached
04-03 13:44:14.090 I/System.out( 7918): Location: unknown | GPSNavigator running:true
04-03 13:44:14.090 I/System.out( 7918): Battery level: 99 | Time difference: -1
04-03 13:44:17.093 I/System.out( 7918): Location: unknown | GPSNavigator running:true
04-03 13:44:17.093 I/System.out( 7918): Battery level: 99 | Time difference: -1
04-03 13:44:20.095 I/System.out( 7918): Location: unknown | GPSNavigator running:true
04-03 13:44:20.095 I/System.out( 7918): Battery level: 99 | Time difference: -1
04-03 13:44:23.098 I/System.out( 7918): Location: unknown | GPSNavigator running:true
04-03 13:44:23.098 I/System.out( 7918): Battery level: 99 | Time difference: -1
04-03 13:44:26.101 I/System.out( 7918): Location: unknown | GPSNavigator running:true
04-03 13:44:26.101 I/System.out( 7918): Battery level: 99 | Time difference: -1
04-03 13:44:27.923 D/MDnsDS  (  174): MDnsSdListener::Monitor poll timed out
04-03 13:44:27.923 D/MDnsDS  (  174): Going to poll with pollCount 1
04-03 13:44:29.104 I/System.out( 7918): Location: unknown | GPSNavigator running:true
04-03 13:44:29.104 I/System.out( 7918): Battery level: 99 | Time difference: -1
04-03 13:44:32.097 I/System.out( 7918): Location: unknown | GPSNavigator running:true
04-03 13:44:32.097 I/System.out( 7918): Battery level: 99 | Time difference: -1
04-03 13:44:35.100 I/System.out( 7918): Location: unknown | GPSNavigator running:true
04-03 13:44:35.100 I/System.out( 7918): Battery level: 99 | Time difference: -1
04-03 13:44:38.103 I/System.out( 7918): Location: unknown | GPSNavigator running:true
04-03 13:44:38.103 I/System.out( 7918): Battery level: 99 | Time difference: -1
04-03 13:44:41.106 I/System.out( 7918): Location: unknown | GPSNavigator running:true
04-03 13:44:41.106 I/System.out( 7918): Battery level: 99 | Time difference: -1
04-03 13:44:44.099 I/System.out( 7918): Location: unknown | GPSNavigator running:true
04-03 13:44:44.099 I/System.out( 7918): Battery level: 99 | Time difference: -1
04-03 13:44:47.102 I/System.out( 7918): Location: unknown | GPSNavigator running:true
04-03 13:44:47.102 I/System.out( 7918): Battery level: 99 | Time difference: -1
04-03 13:44:50.115 I/System.out( 7918): Location: unknown | GPSNavigator running:true
04-03 13:44:50.115 I/System.out( 7918): Battery level: 99 | Time difference: -1
04-03 13:44:53.108 I/System.out( 7918): Location: unknown | GPSNavigator running:true
04-03 13:44:53.108 I/System.out( 7918): Battery level: 99 | Time difference: -1
04-03 13:44:56.111 I/System.out( 7918): Location: unknown | GPSNavigator running:true
04-03 13:44:56.111 I/System.out( 7918): Battery level: 99 | Time difference: -1
04-03 13:44:59.114 I/System.out( 7918): Location: unknown | GPSNavigator running:true
04-03 13:44:59.114 I/System.out( 7918): Battery level: 99 | Time difference: -1
04-03 13:45:01.226 V/DigitalWidgetViewsFactory( 7362): DigitalWidget sets next alarm string to null
04-03 13:45:02.106 I/System.out( 7918): Location: unknown | GPSNavigator running:true
04-03 13:45:02.106 I/System.out( 7918): Battery level: 99 | Time difference: -1
04-03 13:45:05.109 I/System.out( 7918): Location: unknown | GPSNavigator running:true
04-03 13:45:05.109 I/System.out( 7918): Battery level: 99 | Time difference: -1
04-03 13:45:08.112 I/System.out( 7918): Location: unknown | GPSNavigator running:true
04-03 13:45:08.122 I/System.out( 7918): Battery level: 99 | Time difference: -1
04-03 13:45:11.115 I/System.out( 7918): Location: unknown | GPSNavigator running:true
04-03 13:45:11.115 I/System.out( 7918): Battery level: 99 | Time difference: -1
04-03 13:45:14.118 I/System.out( 7918): Location: unknown | GPSNavigator running:true
04-03 13:45:14.118 I/System.out( 7918): Battery level: 99 | Time difference: -1
04-03 13:45:17.121 I/System.out( 7918): Location: unknown | GPSNavigator running:true
04-03 13:45:17.121 I/System.out( 7918): Battery level: 99 | Time difference: -1
04-03 13:45:20.124 I/System.out( 7918): Location: unknown | GPSNavigator running:true
04-03 13:45:20.124 I/System.out( 7918): Battery level: 99 | Time difference: -1
04-03 13:45:23.117 I/System.out( 7918): Location: -2.80896157 56.3399341 | GPSNavigator running:true
04-03 13:45:23.117 I/System.out( 7918): Battery level: 99 | Time difference: -1
04-03 13:45:26.120 I/System.out( 7918): Location: -2.80899354 56.33993199 | GPSNavigator running:true
04-03 13:45:26.120 I/System.out( 7918): Battery level: 99 | Time difference: -1
04-03 13:45:29.123 I/System.out( 7918): Location: -2.8089885 56.33993256 | GPSNavigator running:true
04-03 13:45:29.133 I/System.out( 7918): Battery level: 99 | Time difference: -1
04-03 13:45:32.056 D/dalvikvm(  704): GC_CONCURRENT freed 377K, 10% free 10033K/11036K, paused 5ms+2ms, total 53ms
04-03 13:45:32.126 I/System.out( 7918): Location: -2.8089794 56.33993503 | GPSNavigator running:true
04-03 13:45:32.126 I/System.out( 7918): Battery level: 99 | Time difference: -1
04-03 13:45:35.129 I/System.out( 7918): Location: -2.80897294 56.33993645 | GPSNavigator running:true
04-03 13:45:35.129 I/System.out( 7918): Battery level: 99 | Time difference: -1
04-03 13:45:38.132 I/System.out( 7918): Location: -2.80897291 56.33993662 | GPSNavigator running:true
04-03 13:45:38.132 I/System.out( 7918): Battery level: 99 | Time difference: -1
04-03 13:45:41.135 I/System.out( 7918): Location: -2.80897373 56.33993643 | GPSNavigator running:true
04-03 13:45:41.135 I/System.out( 7918): Battery level: 99 | Time difference: -1
04-03 13:45:44.127 I/System.out( 7918): Location: -2.8089679 56.33993622 | GPSNavigator running:true
04-03 13:45:44.127 I/System.out( 7918): Battery level: 99 | Time difference: -1
04-03 13:45:47.130 I/System.out( 7918): Location: -2.80898205 56.33993442 | GPSNavigator running:true
04-03 13:45:47.130 I/System.out( 7918): Battery level: 99 | Time difference: -1
04-03 13:45:50.133 I/System.out( 7918): Location: -2.80899093 56.33992986 | GPSNavigator running:true
04-03 13:45:50.133 I/System.out( 7918): Battery level: 99 | Time difference: -1
04-03 13:45:53.136 I/System.out( 7918): Location: -2.8090146 56.33993422 | GPSNavigator running:true
04-03 13:45:53.136 I/System.out( 7918): Battery level: 99 | Time difference: -1
04-03 13:45:56.139 I/System.out( 7918): Location: -2.80901061 56.33993911 | GPSNavigator running:true
04-03 13:45:56.139 I/System.out( 7918): Battery level: 99 | Time difference: -1
04-03 13:45:59.142 I/System.out( 7918): Location: -2.8090031 56.33994585 | GPSNavigator running:true
04-03 13:45:59.142 I/System.out( 7918): Battery level: 99 | Time difference: -1
04-03 13:46:01.114 D/dalvikvm(  511): GC_CONCURRENT freed 2047K, 17% free 16592K/19840K, paused 10ms+6ms, total 110ms
04-03 13:46:02.145 I/System.out( 7918): Location: -2.80901913 56.33994345 | GPSNavigator running:true
04-03 13:46:02.145 I/System.out( 7918): Battery level: 99 | Time difference: -1
04-03 13:46:05.138 I/System.out( 7918): Location: -2.80901717 56.33995016 | GPSNavigator running:true
04-03 13:46:05.138 I/System.out( 7918): Battery level: 99 | Time difference: -1
04-03 13:46:08.141 I/System.out( 7918): Location: -2.80901691 56.33995207 | GPSNavigator running:true
04-03 13:46:08.141 I/System.out( 7918): Battery level: 99 | Time difference: -1
04-03 13:46:11.144 I/System.out( 7918): Location: -2.80901603 56.33995589 | GPSNavigator running:true
04-03 13:46:11.144 I/System.out( 7918): Battery level: 99 | Time difference: -1
04-03 13:46:14.147 I/System.out( 7918): Location: -2.80901463 56.33995599 | GPSNavigator running:true
04-03 13:46:14.147 I/System.out( 7918): Battery level: 99 | Time difference: -1
04-03 13:46:17.150 I/System.out( 7918): Location: -2.80901459 56.33995603 | GPSNavigator running:true
04-03 13:46:17.150 I/System.out( 7918): Battery level: 99 | Time difference: -1
04-03 13:46:20.153 I/System.out( 7918): Location: -2.80901455 56.33995606 | GPSNavigator running:true
04-03 13:46:20.153 I/System.out( 7918): Battery level: 99 | Time difference: -1
04-03 13:46:23.156 I/System.out( 7918): Location: -2.8090142 56.33995666 | GPSNavigator running:true
04-03 13:46:23.156 I/System.out( 7918): Battery level: 99 | Time difference: -1
04-03 13:46:26.148 I/System.out( 7918): Location: -2.8090138 56.33995732 | GPSNavigator running:true
04-03 13:46:26.148 I/System.out( 7918): Battery level: 99 | Time difference: -1
04-03 13:46:29.041 D/dalvikvm( 7918): GC_CONCURRENT freed 353K, 5% free 9075K/9468K, paused 4ms+2ms, total 42ms
04-03 13:46:29.151 I/System.out( 7918): Location: -2.80901397 56.33995728 | GPSNavigator running:true
04-03 13:46:29.151 I/System.out( 7918): Battery level: 99 | Time difference: -1
04-03 13:46:32.154 I/System.out( 7918): Location: -2.80901402 56.33995721 | GPSNavigator running:true
04-03 13:46:32.154 I/System.out( 7918): Battery level: 99 | Time difference: -1
04-03 13:46:34.046 D/dalvikvm(  704): GC_CONCURRENT freed 351K, 9% free 10067K/11036K, paused 6ms+1ms, total 71ms
04-03 13:46:35.157 I/System.out( 7918): Location: -2.80901403 56.33995705 | GPSNavigator running:true
04-03 13:46:35.157 I/System.out( 7918): Battery level: 99 | Time difference: -1
04-03 13:46:38.160 I/System.out( 7918): Location: -2.8090141 56.33995683 | GPSNavigator running:true
04-03 13:46:38.160 I/System.out( 7918): Battery level: 99 | Time difference: -1
04-03 13:46:41.163 I/System.out( 7918): Location: -2.80901327 56.33995653 | GPSNavigator running:true
04-03 13:46:41.163 I/System.out( 7918): Battery level: 99 | Time difference: -1
04-03 13:46:44.156 I/System.out( 7918): Location: -2.80901837 56.33993994 | GPSNavigator running:true
04-03 13:46:44.156 I/System.out( 7918): Battery level: 99 | Time difference: -1
04-03 13:46:47.159 I/System.out( 7918): Location: -2.80902278 56.33993172 | GPSNavigator running:true
04-03 13:46:47.159 I/System.out( 7918): Battery level: 99 | Time difference: -1
04-03 13:46:50.162 I/System.out( 7918): Location: -2.80902543 56.33993007 | GPSNavigator running:true
04-03 13:46:50.162 I/System.out( 7918): Battery level: 99 | Time difference: -1
04-03 13:46:53.165 I/System.out( 7918): Location: -2.8090294 56.3399238 | GPSNavigator running:true
04-03 13:46:53.165 I/System.out( 7918): Battery level: 99 | Time difference: -1
04-03 13:46:56.168 I/System.out( 7918): Location: -2.80902807 56.3399169 | GPSNavigator running:true
04-03 13:46:56.168 I/System.out( 7918): Battery level: 99 | Time difference: -1
04-03 13:46:59.171 I/System.out( 7918): Location: -2.80902357 56.33991126 | GPSNavigator running:true
04-03 13:46:59.171 I/System.out( 7918): Battery level: 99 | Time difference: -1
04-03 13:47:02.174 I/System.out( 7918): Location: -2.80902576 56.33991074 | GPSNavigator running:true
04-03 13:47:02.174 I/System.out( 7918): Battery level: 99 | Time difference: -1
04-03 13:47:05.177 I/System.out( 7918): Location: -2.80902443 56.33991019 | GPSNavigator running:true
04-03 13:47:05.177 I/System.out( 7918): Battery level: 99 | Time difference: -1
04-03 13:47:08.169 I/System.out( 7918): Location: -2.8090304 56.33991249 | GPSNavigator running:true
04-03 13:47:08.169 I/System.out( 7918): Battery level: 99 | Time difference: -1
04-03 13:47:08.840 I/rmt_storage(  184): rmt_storage_rw_iovec_cb: /boot/modem_fs1: clnt_h=0x1: req_h=0x14 msg_id=3: R/W request received
04-03 13:47:08.840 I/rmt_storage(  184): wakelock acquired: 1, error no: 110
04-03 13:47:08.840 I/rmt_storage(  184): rmt_storage_client_thread: /boot/modem_fs1: clnt_h=0x1 Unblock worker thread (th_id: -1214594576)
04-03 13:47:08.860 I/rmt_storage(  184): rmt_storage_client_thread: /boot/modem_fs1: clnt_h=0x1: req_h=0x14 msg_id=3: Bytes written = 261632
04-03 13:47:08.870 I/rmt_storage(  184): rmt_storage_client_thread: /boot/modem_fs1: clnt_h=0x1: req_h=0x14 msg_id=3: Bytes written = 512
04-03 13:47:08.870 I/rmt_storage(  184): rmt_storage_client_thread: /boot/modem_fs1: clnt_h=0x1: req_h=0x14 msg_id=3: Send response: res=0 err=0
04-03 13:47:08.870 I/rmt_storage(  184): rmt_storage_client_thread: /boot/modem_fs1: clnt_h=0x1 About to block rmt_storage client thread (th_id: -1214594576) wakelock released: 1, error no: 0
04-03 13:47:08.870 I/rmt_storage(  184): 
04-03 13:47:11.172 I/System.out( 7918): Location: -2.80904374 56.33991663 | GPSNavigator running:true
04-03 13:47:11.172 I/System.out( 7918): Battery level: 99 | Time difference: -1
04-03 13:47:14.175 I/System.out( 7918): Location: -2.80904899 56.33991921 | GPSNavigator running:true
04-03 13:47:14.175 I/System.out( 7918): Battery level: 99 | Time difference: -1
04-03 13:47:17.168 I/System.out( 7918): Location: -2.80905733 56.33991884 | GPSNavigator running:true
04-03 13:47:17.168 I/System.out( 7918): Battery level: 99 | Time difference: -1
04-03 13:47:20.171 I/System.out( 7918): Location: -2.80906817 56.33992486 | GPSNavigator running:true
04-03 13:47:20.181 I/System.out( 7918): Battery level: 99 | Time difference: -1
04-03 13:47:23.184 I/System.out( 7918): Location: -2.80907669 56.33993204 | GPSNavigator running:true
04-03 13:47:23.184 I/System.out( 7918): Battery level: 99 | Time difference: -1
04-03 13:47:26.187 I/System.out( 7918): Location: -2.80908543 56.33993095 | GPSNavigator running:true
04-03 13:47:26.187 I/System.out( 7918): Battery level: 99 | Time difference: -1
04-03 13:47:29.180 I/System.out( 7918): Location: -2.80908626 56.33992979 | GPSNavigator running:true
04-03 13:47:29.180 I/System.out( 7918): Battery level: 99 | Time difference: -1
04-03 13:47:32.183 I/System.out( 7918): Location: -2.80908412 56.33992954 | GPSNavigator running:true
04-03 13:47:32.183 I/System.out( 7918): Battery level: 99 | Time difference: -1
04-03 13:47:35.186 I/System.out( 7918): Location: -2.80908366 56.33992947 | GPSNavigator running:true
04-03 13:47:35.186 I/System.out( 7918): Battery level: 99 | Time difference: -1
04-03 13:47:36.087 D/dalvikvm(  704): GC_CONCURRENT freed 374K, 9% free 10079K/11036K, paused 5ms+2ms, total 52ms
04-03 13:47:38.179 I/System.out( 7918): Location: -2.80908351 56.33992961 | GPSNavigator running:true
04-03 13:47:38.189 I/System.out( 7918): Battery level: 99 | Time difference: -1
04-03 13:47:41.192 I/System.out( 7918): Location: -2.80908519 56.33993175 | GPSNavigator running:true
04-03 13:47:41.192 I/System.out( 7918): Battery level: 99 | Time difference: -1
04-03 13:47:43.144 W/System.err(  704): java.net.UnknownHostException: Unable to resolve host "www.google.com": No address associated with hostname
04-03 13:47:43.144 W/System.err(  704): 	at java.net.InetAddress.lookupHostByName(InetAddress.java:424)
04-03 13:47:43.144 W/System.err(  704): 	at java.net.InetAddress.getAllByNameImpl(InetAddress.java:236)
04-03 13:47:43.144 W/System.err(  704): 	at java.net.InetAddress.getAllByName(InetAddress.java:214)
04-03 13:47:43.144 W/System.err(  704): 	at org.apache.http.impl.conn.DefaultClientConnectionOperator.openConnection(DefaultClientConnectionOperator.java:137)
04-03 13:47:43.144 W/System.err(  704): 	at org.apache.http.impl.conn.AbstractPoolEntry.open(AbstractPoolEntry.java:164)
04-03 13:47:43.144 W/System.err(  704): 	at org.apache.http.impl.conn.AbstractPooledConnAdapter.open(AbstractPooledConnAdapter.java:119)
04-03 13:47:43.144 W/System.err(  704): 	at org.apache.http.impl.client.DefaultRequestDirector.execute(DefaultRequestDirector.java:360)
04-03 13:47:43.144 W/System.err(  704): 	at org.apache.http.impl.client.AbstractHttpClient.execute(AbstractHttpClient.java:555)
04-03 13:47:43.144 W/System.err(  704): 	at org.apache.http.impl.client.AbstractHttpClient.execute(AbstractHttpClient.java:487)
04-03 13:47:43.144 W/System.err(  704): 	at android.net.http.AndroidHttpClient.execute(AndroidHttpClient.java:257)
04-03 13:47:43.154 W/System.err(  704): 	at le.a(SourceFile:202)
04-03 13:47:43.154 W/System.err(  704): 	at le.execute(SourceFile:244)
04-03 13:47:43.154 W/System.err(  704): 	at le.execute(SourceFile:312)
04-03 13:47:43.154 W/System.err(  704): 	at dxo.g(SourceFile:126)
04-03 13:47:43.154 W/System.err(  704): 	at dxo.c(SourceFile:172)
04-03 13:47:43.154 W/System.err(  704): 	at eaa.run(SourceFile:418)
04-03 13:47:43.154 W/System.err(  704): 	at dzz.b(SourceFile:224)
04-03 13:47:43.154 W/System.err(  704): 	at dzz.run(SourceFile:198)
04-03 13:47:43.154 W/System.err(  704): 	at dxw.run(SourceFile:96)
04-03 13:47:43.154 W/System.err(  704): Caused by: libcore.io.GaiException: getaddrinfo failed: EAI_NODATA (No address associated with hostname)
04-03 13:47:43.164 W/System.err(  704): 	at libcore.io.Posix.getaddrinfo(Native Method)
04-03 13:47:43.164 W/System.err(  704): 	at libcore.io.ForwardingOs.getaddrinfo(ForwardingOs.java:61)
04-03 13:47:43.164 W/System.err(  704): 	at java.net.InetAddress.lookupHostByName(InetAddress.java:405)
04-03 13:47:43.164 W/System.err(  704): 	... 18 more
04-03 13:47:44.195 I/System.out( 7918): Location: -2.80908596 56.33993824 | GPSNavigator running:true
04-03 13:47:44.195 I/System.out( 7918): Battery level: 99 | Time difference: -1
04-03 13:47:47.198 I/System.out( 7918): Location: -2.80908369 56.33994301 | GPSNavigator running:true
04-03 13:47:47.198 I/System.out( 7918): Battery level: 99 | Time difference: -1
04-03 13:47:50.190 I/System.out( 7918): Location: -2.80908706 56.3399451 | GPSNavigator running:true
04-03 13:47:50.190 I/System.out( 7918): Battery level: 99 | Time difference: -1
04-03 13:47:53.203 I/System.out( 7918): Location: -2.80908797 56.339947 | GPSNavigator running:true
04-03 13:47:53.203 I/System.out( 7918): Battery level: 99 | Time difference: -1
04-03 13:47:56.196 I/System.out( 7918): Location: -2.80908818 56.33994759 | GPSNavigator running:true
04-03 13:47:56.196 I/System.out( 7918): Battery level: 99 | Time difference: -1
04-03 13:47:59.199 I/System.out( 7918): Location: -2.8090883 56.33994769 | GPSNavigator running:true
04-03 13:47:59.199 I/System.out( 7918): Battery level: 99 | Time difference: -1
04-03 13:48:02.202 I/System.out( 7918): Location: -2.80908816 56.33994831 | GPSNavigator running:true
04-03 13:48:02.202 I/System.out( 7918): Battery level: 99 | Time difference: -1
04-03 13:48:05.205 I/System.out( 7918): Location: -2.80908695 56.33995045 | GPSNavigator running:true
04-03 13:48:05.205 I/System.out( 7918): Battery level: 99 | Time difference: -1
04-03 13:48:08.198 I/System.out( 7918): Location: -2.80908922 56.33995096 | GPSNavigator running:true
04-03 13:48:08.198 I/System.out( 7918): Battery level: 99 | Time difference: -1
04-03 13:48:11.201 I/System.out( 7918): Location: -2.80908592 56.33995204 | GPSNavigator running:true
04-03 13:48:11.201 I/System.out( 7918): Battery level: 99 | Time difference: -1
04-03 13:48:14.204 I/System.out( 7918): Location: -2.8090857 56.33995345 | GPSNavigator running:true
04-03 13:48:14.214 I/System.out( 7918): Battery level: 99 | Time difference: -1
04-03 13:48:17.207 I/System.out( 7918): Location: -2.80908314 56.33995378 | GPSNavigator running:true
04-03 13:48:17.207 I/System.out( 7918): Battery level: 99 | Time difference: -1
04-03 13:48:20.210 I/System.out( 7918): Location: -2.8090828 56.33995397 | GPSNavigator running:true
04-03 13:48:20.210 I/System.out( 7918): Battery level: 99 | Time difference: -1
04-03 13:48:23.213 I/System.out( 7918): Location: -2.80908283 56.33995398 | GPSNavigator running:true
04-03 13:48:23.213 I/System.out( 7918): Battery level: 99 | Time difference: -1
04-03 13:48:26.206 I/System.out( 7918): Location: -2.80908267 56.33995409 | GPSNavigator running:true
04-03 13:48:26.206 I/System.out( 7918): Battery level: 99 | Time difference: -1
04-03 13:48:28.047 D/dalvikvm(  704): GC_CONCURRENT freed 391K, 9% free 10075K/11036K, paused 5ms+2ms, total 53ms
04-03 13:48:29.218 I/System.out( 7918): Location: -2.80908267 56.33995427 | GPSNavigator running:true
04-03 13:48:29.218 I/System.out( 7918): Battery level: 99 | Time difference: -1
04-03 13:48:32.211 I/System.out( 7918): Location: -2.80908266 56.33995445 | GPSNavigator running:true
04-03 13:48:32.221 I/System.out( 7918): Battery level: 99 | Time difference: -1
04-03 13:48:35.214 I/System.out( 7918): Location: -2.80907375 56.33995392 | GPSNavigator running:true
04-03 13:48:35.214 I/System.out( 7918): Battery level: 99 | Time difference: -1
04-03 13:48:38.217 I/System.out( 7918): Location: -2.80906794 56.33995911 | GPSNavigator running:true
04-03 13:48:38.217 I/System.out( 7918): Battery level: 99 | Time difference: -1
04-03 13:48:41.220 I/System.out( 7918): Location: -2.80906176 56.33995607 | GPSNavigator running:true
04-03 13:48:41.220 I/System.out( 7918): Battery level: 99 | Time difference: -1
04-03 13:48:44.223 I/System.out( 7918): Location: -2.80906517 56.33994903 | GPSNavigator running:true
04-03 13:48:44.223 I/System.out( 7918): Battery level: 99 | Time difference: -1
04-03 13:48:47.226 I/System.out( 7918): Location: -2.80907861 56.33994256 | GPSNavigator running:true
04-03 13:48:47.226 I/System.out( 7918): Battery level: 99 | Time difference: -1
04-03 13:48:50.219 I/System.out( 7918): Location: -2.80908492 56.33994069 | GPSNavigator running:true
04-03 13:48:50.229 I/System.out( 7918): Battery level: 99 | Time difference: -1
04-03 13:48:53.222 I/System.out( 7918): Location: -2.80908692 56.33994572 | GPSNavigator running:true
04-03 13:48:53.222 I/System.out( 7918): Battery level: 99 | Time difference: -1
04-03 13:48:56.235 I/System.out( 7918): Location: -2.80908738 56.33994673 | GPSNavigator running:true
04-03 13:48:56.235 I/System.out( 7918): Battery level: 99 | Time difference: -1
04-03 13:48:59.228 I/System.out( 7918): Location: -2.80908699 56.3399451 | GPSNavigator running:true
04-03 13:48:59.228 I/System.out( 7918): Battery level: 99 | Time difference: -1
04-03 13:49:02.231 I/System.out( 7918): Location: -2.80907938 56.33993858 | GPSNavigator running:true
04-03 13:49:02.231 I/System.out( 7918): Battery level: 99 | Time difference: -1
04-03 13:49:03.322 I/rmt_storage(  184): rmt_storage_rw_iovec_cb: /boot/modem_fs2: clnt_h=0x2: req_h=0x15 msg_id=3: R/W request received
04-03 13:49:03.322 I/rmt_storage(  184): wakelock acquired: 1, error no: 110
04-03 13:49:03.322 I/rmt_storage(  184): rmt_storage_client_thread: /boot/modem_fs2: clnt_h=0x2 Unblock worker thread (th_id: -1214593728)
04-03 13:49:03.362 I/rmt_storage(  184): rmt_storage_client_thread: /boot/modem_fs2: clnt_h=0x2: req_h=0x15 msg_id=3: Bytes written = 261632
04-03 13:49:03.362 I/rmt_storage(  184): rmt_storage_client_thread: /boot/modem_fs2: clnt_h=0x2: req_h=0x15 msg_id=3: Bytes written = 512
04-03 13:49:03.362 I/rmt_storage(  184): rmt_storage_client_thread: /boot/modem_fs2: clnt_h=0x2: req_h=0x15 msg_id=3: Send response: res=0 err=0
04-03 13:49:03.362 I/rmt_storage(  184): rmt_storage_client_thread: /boot/modem_fs2: clnt_h=0x2 About to block rmt_storage client thread (th_id: -1214593728) wakelock released: 1, error no: 0
04-03 13:49:03.362 I/rmt_storage(  184): 
04-03 13:49:05.234 I/System.out( 7918): Location: -2.80906945 56.33992936 | GPSNavigator running:true
04-03 13:49:05.234 I/System.out( 7918): Battery level: 99 | Time difference: -1
04-03 13:49:08.237 I/System.out( 7918): Location: -2.80906448 56.33992046 | GPSNavigator running:true
04-03 13:49:08.237 I/System.out( 7918): Battery level: 99 | Time difference: -1
04-03 13:49:11.239 I/System.out( 7918): Location: -2.80906317 56.33991843 | GPSNavigator running:true
04-03 13:49:11.239 I/System.out( 7918): Battery level: 99 | Time difference: -1
04-03 13:49:14.242 I/System.out( 7918): Location: -2.80906174 56.33991919 | GPSNavigator running:true
04-03 13:49:14.242 I/System.out( 7918): Battery level: 99 | Time difference: -1
04-03 13:49:17.245 I/System.out( 7918): Location: -2.80906241 56.33992136 | GPSNavigator running:true
04-03 13:49:17.245 I/System.out( 7918): Battery level: 99 | Time difference: -1
04-03 13:49:20.238 I/System.out( 7918): Location: -2.80906917 56.33992522 | GPSNavigator running:true
04-03 13:49:20.238 I/System.out( 7918): Battery level: 99 | Time difference: -1
04-03 13:49:23.241 I/System.out( 7918): Location: -2.80907823 56.33992557 | GPSNavigator running:true
04-03 13:49:23.241 I/System.out( 7918): Battery level: 99 | Time difference: -1
04-03 13:49:26.244 I/System.out( 7918): Location: -2.80908439 56.33993246 | GPSNavigator running:true
04-03 13:49:26.244 I/System.out( 7918): Battery level: 99 | Time difference: -1
04-03 13:49:29.247 I/System.out( 7918): Location: -2.80908346 56.33993405 | GPSNavigator running:true
04-03 13:49:29.247 I/System.out( 7918): Battery level: 99 | Time difference: -1
04-03 13:49:32.070 D/dalvikvm(  704): GC_CONCURRENT freed 383K, 9% free 10078K/11036K, paused 4ms+6ms, total 71ms
04-03 13:49:32.250 I/System.out( 7918): Location: -2.80908664 56.33993319 | GPSNavigator running:true
04-03 13:49:32.250 I/System.out( 7918): Battery level: 99 | Time difference: -1
04-03 13:49:35.253 I/System.out( 7918): Location: -2.80908868 56.33993252 | GPSNavigator running:true
04-03 13:49:35.253 I/System.out( 7918): Battery level: 99 | Time difference: -1
04-03 13:49:38.256 I/System.out( 7918): Location: -2.80908794 56.33993091 | GPSNavigator running:true
04-03 13:49:38.256 I/System.out( 7918): Battery level: 99 | Time difference: -1
04-03 13:49:41.249 I/System.out( 7918): Location: -2.80908292 56.33993347 | GPSNavigator running:true
04-03 13:49:41.249 I/System.out( 7918): Battery level: 99 | Time difference: -1
04-03 13:49:44.252 I/System.out( 7918): Location: -2.80907652 56.33993714 | GPSNavigator running:true
04-03 13:49:44.252 I/System.out( 7918): Battery level: 99 | Time difference: -1
04-03 13:49:47.255 I/System.out( 7918): Location: -2.80908579 56.33992978 | GPSNavigator running:true
04-03 13:49:47.255 I/System.out( 7918): Battery level: 99 | Time difference: -1
04-03 13:49:50.258 I/System.out( 7918): Location: -2.80908353 56.3399285 | GPSNavigator running:true
04-03 13:49:50.258 I/System.out( 7918): Battery level: 99 | Time difference: -1
04-03 13:49:53.260 I/System.out( 7918): Location: -2.8090834 56.33993339 | GPSNavigator running:true
04-03 13:49:53.260 I/System.out( 7918): Battery level: 99 | Time difference: -1
04-03 13:49:56.263 I/System.out( 7918): Location: -2.80908187 56.33993716 | GPSNavigator running:true
04-03 13:49:56.263 I/System.out( 7918): Battery level: 99 | Time difference: -1
04-03 13:49:59.266 I/System.out( 7918): Location: -2.80908135 56.33993823 | GPSNavigator running:true
04-03 13:49:59.266 I/System.out( 7918): Battery level: 99 | Time difference: -1
04-03 13:50:00.137 D/dalvikvm(  511): JIT code cache reset in 1 ms (1048488 bytes 3/0)
04-03 13:50:00.147 D/dalvikvm(  511): GC_CONCURRENT freed 1832K, 17% free 16570K/19840K, paused 3ms+7ms, total 68ms
04-03 13:50:02.259 I/System.out( 7918): Location: -2.80908148 56.33993822 | GPSNavigator running:true
04-03 13:50:02.259 I/System.out( 7918): Battery level: 99 | Time difference: -1
04-03 13:50:05.262 I/System.out( 7918): Location: -2.80908157 56.33993842 | GPSNavigator running:true
04-03 13:50:05.262 I/System.out( 7918): Battery level: 99 | Time difference: -1
04-03 13:50:08.265 I/System.out( 7918): Location: -2.80907801 56.33993845 | GPSNavigator running:true
04-03 13:50:08.265 I/System.out( 7918): Battery level: 99 | Time difference: -1
04-03 13:50:11.258 I/System.out( 7918): Location: -2.80908152 56.33994423 | GPSNavigator running:true
04-03 13:50:11.258 I/System.out( 7918): Battery level: 99 | Time difference: -1
04-03 13:50:14.261 I/System.out( 7918): Location: -2.80907903 56.339938 | GPSNavigator running:true
04-03 13:50:14.261 I/System.out( 7918): Battery level: 99 | Time difference: -1
04-03 13:50:17.264 I/System.out( 7918): Location: -2.80907825 56.33993533 | GPSNavigator running:true
04-03 13:50:17.274 I/System.out( 7918): Battery level: 99 | Time difference: -1
04-03 13:50:20.267 I/System.out( 7918): Location: -2.80908709 56.33993802 | GPSNavigator running:true
04-03 13:50:20.267 I/System.out( 7918): Battery level: 99 | Time difference: -1
04-03 13:50:23.270 I/System.out( 7918): Location: -2.80909638 56.3399393 | GPSNavigator running:true
04-03 13:50:23.270 I/System.out( 7918): Battery level: 99 | Time difference: -1
04-03 13:50:26.273 I/System.out( 7918): Location: -2.80910268 56.33993909 | GPSNavigator running:true
04-03 13:50:26.273 I/System.out( 7918): Battery level: 99 | Time difference: -1
04-03 13:50:29.276 I/System.out( 7918): Location: -2.80910434 56.33993955 | GPSNavigator running:true
04-03 13:50:29.276 I/System.out( 7918): Battery level: 99 | Time difference: -1
04-03 13:50:32.279 I/System.out( 7918): Location: -2.80910444 56.33993988 | GPSNavigator running:true
04-03 13:50:32.279 I/System.out( 7918): Battery level: 99 | Time difference: -1
04-03 13:50:35.271 I/System.out( 7918): Location: -2.80910445 56.33994 | GPSNavigator running:true
04-03 13:50:35.271 I/System.out( 7918): Battery level: 99 | Time difference: -1
04-03 13:50:36.052 D/dalvikvm(  704): GC_CONCURRENT freed 386K, 9% free 10078K/11036K, paused 5ms+1ms, total 61ms
04-03 13:50:38.284 I/System.out( 7918): Location: -2.80910444 56.33994008 | GPSNavigator running:true
04-03 13:50:38.284 I/System.out( 7918): Battery level: 99 | Time difference: -1
04-03 13:50:41.287 I/System.out( 7918): Location: -2.80910435 56.33994014 | GPSNavigator running:true
04-03 13:50:41.287 I/System.out( 7918): Battery level: 99 | Time difference: -1
