04-03 12:00:04.372 I/System.out( 3820): Battery level: 99 | Time difference: -1
04-03 12:00:05.153 D/dalvikvm( 4853): Late-enabling CheckJNI
04-03 12:00:05.163 I/ActivityManager(  511): Start proc uk.ac.st_andrews.cs.host.mk74.locy:remote for service uk.ac.st_andrews.cs.host.mk74.locy/.LocyNavigatorService: pid=4853 uid=10100 gids={50100, 1028}
04-03 12:00:05.183 I/LocyNavigatorService( 4853): Service creating
04-03 12:00:05.573 I/System.out( 3820): Location: -2.80906883 56.33998084 | GPSNavigator running:true
04-03 12:00:05.573 I/System.out( 3820): Battery level: 99 | Time difference: -1
04-03 12:00:05.814 I/System.out( 3820): Location: -2.80906883 56.33998084 | GPSNavigator running:true
04-03 12:00:05.814 I/System.out( 3820): Battery level: 99 | Time difference: -1
04-03 12:00:06.594 I/System.out( 3820): Location: -2.80906886 56.33998074 | GPSNavigator running:true
04-03 12:00:06.594 I/System.out( 3820): Battery level: 99 | Time difference: -1
04-03 12:00:07.375 I/System.out( 3820): Location: -2.80906884 56.33998071 | GPSNavigator running:true
04-03 12:00:07.375 I/System.out( 3820): Battery level: 99 | Time difference: -1
04-03 12:00:08.576 I/System.out( 3820): Location: -2.80906883 56.33998066 | GPSNavigator running:true
04-03 12:00:08.576 I/System.out( 3820): Battery level: 99 | Time difference: -1
04-03 12:00:08.807 I/System.out( 3820): Location: -2.80906883 56.33998066 | GPSNavigator running:true
04-03 12:00:08.807 I/System.out( 3820): Battery level: 99 | Time difference: -1
04-03 12:00:09.597 I/System.out( 3820): Location: -2.80906883 56.3399806 | GPSNavigator running:true
04-03 12:00:09.597 I/System.out( 3820): Battery level: 99 | Time difference: -1
04-03 12:00:10.368 I/System.out( 3820): Location: -2.80906882 56.33998054 | GPSNavigator running:true
04-03 12:00:10.368 I/System.out( 3820): Battery level: 99 | Time difference: -1
04-03 12:00:11.569 I/System.out( 3820): Location: -2.80906883 56.33998046 | GPSNavigator running:true
04-03 12:00:11.569 I/System.out( 3820): Battery level: 99 | Time difference: -1
04-03 12:00:11.810 I/System.out( 3820): Location: -2.80906883 56.33998046 | GPSNavigator running:true
04-03 12:00:11.810 I/System.out( 3820): Battery level: 99 | Time difference: -1
04-03 12:00:12.590 I/System.out( 3820): Location: -2.80906882 56.3399804 | GPSNavigator running:true
04-03 12:00:12.590 I/System.out( 3820): Battery level: 99 | Time difference: -1
04-03 12:00:13.371 I/System.out( 3820): Location: -2.80906876 56.33998034 | GPSNavigator running:true
04-03 12:00:13.371 I/System.out( 3820): Battery level: 99 | Time difference: -1
04-03 12:00:14.572 I/System.out( 3820): Location: -2.80906866 56.3399803 | GPSNavigator running:true
04-03 12:00:14.572 I/System.out( 3820): Battery level: 99 | Time difference: -1
04-03 12:00:14.812 I/System.out( 3820): Location: -2.80906866 56.3399803 | GPSNavigator running:true
04-03 12:00:14.812 I/System.out( 3820): Battery level: 99 | Time difference: -1
04-03 12:00:15.603 I/System.out( 3820): Location: -2.80906859 56.33998026 | GPSNavigator running:true
04-03 12:00:15.603 I/System.out( 3820): Battery level: 99 | Time difference: -1
04-03 12:00:16.374 I/System.out( 3820): Location: -2.80906844 56.33998028 | GPSNavigator running:true
04-03 12:00:16.374 I/System.out( 3820): Battery level: 99 | Time difference: -1
04-03 12:00:17.575 I/System.out( 3820): Location: -2.8090683 56.33998031 | GPSNavigator running:true
04-03 12:00:17.575 I/System.out( 3820): Battery level: 99 | Time difference: -1
04-03 12:00:17.805 I/System.out( 3820): Location: -2.8090683 56.33998031 | GPSNavigator running:true
04-03 12:00:17.805 I/System.out( 3820): Battery level: 99 | Time difference: -1
04-03 12:00:18.606 I/System.out( 3820): Location: -2.80906815 56.33998035 | GPSNavigator running:true
04-03 12:00:18.606 I/System.out( 3820): Battery level: 99 | Time difference: -1
04-03 12:00:19.367 I/System.out( 3820): Location: -2.80906796 56.33998041 | GPSNavigator running:true
04-03 12:00:19.367 I/System.out( 3820): Battery level: 99 | Time difference: -1
04-03 12:00:20.578 I/System.out( 3820): Location: -2.80906777 56.33998047 | GPSNavigator running:true
04-03 12:00:20.578 I/System.out( 3820): Battery level: 99 | Time difference: -1
04-03 12:00:20.808 I/System.out( 3820): Location: -2.80906777 56.33998047 | GPSNavigator running:true
04-03 12:00:20.808 I/System.out( 3820): Battery level: 99 | Time difference: -1
04-03 12:00:21.609 I/System.out( 3820): Location: -2.80906762 56.33998053 | GPSNavigator running:true
04-03 12:00:21.609 I/System.out( 3820): Battery level: 99 | Time difference: -1
04-03 12:00:22.370 I/System.out( 3820): Location: -2.8090675 56.3399806 | GPSNavigator running:true
04-03 12:00:22.370 I/System.out( 3820): Battery level: 99 | Time difference: -1
04-03 12:00:23.581 I/System.out( 3820): Location: -2.80906743 56.33998063 | GPSNavigator running:true
04-03 12:00:23.581 I/System.out( 3820): Battery level: 99 | Time difference: -1
04-03 12:00:23.811 I/System.out( 3820): Location: -2.80906743 56.33998063 | GPSNavigator running:true
04-03 12:00:23.811 I/System.out( 3820): Battery level: 99 | Time difference: -1
04-03 12:00:24.602 I/System.out( 3820): Location: -2.80906736 56.33998064 | GPSNavigator running:true
04-03 12:00:24.602 I/System.out( 3820): Battery level: 99 | Time difference: -1
04-03 12:00:25.373 I/System.out( 3820): Location: -2.80906737 56.33998063 | GPSNavigator running:true
04-03 12:00:25.373 I/System.out( 3820): Battery level: 99 | Time difference: -1
04-03 12:00:26.584 I/System.out( 3820): Location: -2.80906731 56.33998065 | GPSNavigator running:true
04-03 12:00:26.584 I/System.out( 3820): Battery level: 99 | Time difference: -1
04-03 12:00:26.824 I/System.out( 3820): Location: -2.80906731 56.33998065 | GPSNavigator running:true
04-03 12:00:26.824 I/System.out( 3820): Battery level: 99 | Time difference: -1
04-03 12:00:27.605 I/System.out( 3820): Location: -2.8090672 56.33998071 | GPSNavigator running:true
04-03 12:00:27.615 I/System.out( 3820): Battery level: 99 | Time difference: -1
04-03 12:00:28.376 I/System.out( 3820): Location: -2.8090672 56.33998071 | GPSNavigator running:true
04-03 12:00:28.376 I/System.out( 3820): Battery level: 99 | Time difference: -1
04-03 12:00:29.577 I/System.out( 3820): Location: -2.80906684 56.33998087 | GPSNavigator running:true
04-03 12:00:29.577 I/System.out( 3820): Battery level: 99 | Time difference: -1
04-03 12:00:29.817 I/System.out( 3820): Location: -2.80906684 56.33998087 | GPSNavigator running:true
04-03 12:00:29.817 I/System.out( 3820): Battery level: 99 | Time difference: -1
04-03 12:00:30.608 I/System.out( 3820): Location: -2.80906662 56.33998096 | GPSNavigator running:true
04-03 12:00:30.608 I/System.out( 3820): Battery level: 99 | Time difference: -1
04-03 12:00:31.379 I/System.out( 3820): Location: -2.80906643 56.33998104 | GPSNavigator running:true
04-03 12:00:31.379 I/System.out( 3820): Battery level: 99 | Time difference: -1
04-03 12:00:32.580 I/System.out( 3820): Location: -2.80906628 56.33998109 | GPSNavigator running:true
04-03 12:00:32.580 I/System.out( 3820): Battery level: 99 | Time difference: -1
04-03 12:00:32.820 I/System.out( 3820): Location: -2.80906628 56.33998109 | GPSNavigator running:true
04-03 12:00:32.820 I/System.out( 3820): Battery level: 99 | Time difference: -1
04-03 12:00:33.611 I/System.out( 3820): Location: -2.80906614 56.33998113 | GPSNavigator running:true
04-03 12:00:33.611 I/System.out( 3820): Battery level: 99 | Time difference: -1
04-03 12:00:34.382 I/System.out( 3820): Location: -2.80906609 56.33998112 | GPSNavigator running:true
04-03 12:00:34.382 I/System.out( 3820): Battery level: 99 | Time difference: -1
04-03 12:00:35.583 I/System.out( 3820): Location: -2.80906609 56.33998108 | GPSNavigator running:true
04-03 12:00:35.583 I/System.out( 3820): Battery level: 99 | Time difference: -1
04-03 12:00:35.823 I/System.out( 3820): Location: -2.80906609 56.33998108 | GPSNavigator running:true
04-03 12:00:35.823 I/System.out( 3820): Battery level: 99 | Time difference: -1
04-03 12:00:36.614 I/System.out( 3820): Location: -2.80906613 56.33998104 | GPSNavigator running:true
04-03 12:00:36.614 I/System.out( 3820): Battery level: 99 | Time difference: -1
04-03 12:00:37.385 I/System.out( 3820): Location: -2.80906619 56.339981 | GPSNavigator running:true
04-03 12:00:37.385 I/System.out( 3820): Battery level: 99 | Time difference: -1
04-03 12:00:38.025 D/dalvikvm( 3820): GC_CONCURRENT freed 384K, 5% free 9281K/9712K, paused 4ms+2ms, total 52ms
04-03 12:00:38.586 I/System.out( 3820): Location: -2.80906624 56.33998097 | GPSNavigator running:true
04-03 12:00:38.586 I/System.out( 3820): Battery level: 99 | Time difference: -1
04-03 12:00:38.816 I/System.out( 3820): Location: -2.80906624 56.33998097 | GPSNavigator running:true
04-03 12:00:38.816 I/System.out( 3820): Battery level: 99 | Time difference: -1
04-03 12:00:39.607 I/System.out( 3820): Location: -2.80906627 56.33998095 | GPSNavigator running:true
04-03 12:00:39.607 I/System.out( 3820): Battery level: 99 | Time difference: -1
04-03 12:00:40.377 I/System.out( 3820): Location: -2.8090663 56.33998093 | GPSNavigator running:true
04-03 12:00:40.377 I/System.out( 3820): Battery level: 99 | Time difference: -1
04-03 12:00:41.589 I/System.out( 3820): Location: -2.80906634 56.3399809 | GPSNavigator running:true
04-03 12:00:41.589 I/System.out( 3820): Battery level: 99 | Time difference: -1
04-03 12:00:41.829 I/System.out( 3820): Location: -2.80906634 56.3399809 | GPSNavigator running:true
04-03 12:00:41.829 I/System.out( 3820): Battery level: 99 | Time difference: -1
04-03 12:00:42.620 I/System.out( 3820): Location: -2.80906638 56.33998087 | GPSNavigator running:true
04-03 12:00:42.620 I/System.out( 3820): Battery level: 99 | Time difference: -1
04-03 12:00:43.380 I/System.out( 3820): Location: -2.80906645 56.33998087 | GPSNavigator running:true
04-03 12:00:43.380 I/System.out( 3820): Battery level: 99 | Time difference: -1
04-03 12:00:44.592 I/System.out( 3820): Location: -2.80906653 56.33998084 | GPSNavigator running:true
04-03 12:00:44.592 I/System.out( 3820): Battery level: 99 | Time difference: -1
04-03 12:00:44.822 I/System.out( 3820): Location: -2.80906653 56.33998084 | GPSNavigator running:true
04-03 12:00:44.822 I/System.out( 3820): Battery level: 99 | Time difference: -1
04-03 12:00:45.623 I/System.out( 3820): Location: -2.8090665 56.33998084 | GPSNavigator running:true
04-03 12:00:45.623 I/System.out( 3820): Battery level: 99 | Time difference: -1
04-03 12:00:46.383 I/System.out( 3820): Location: -2.80906634 56.33998093 | GPSNavigator running:true
04-03 12:00:46.383 I/System.out( 3820): Battery level: 99 | Time difference: -1
04-03 12:00:47.594 I/System.out( 3820): Location: -2.80906622 56.33998102 | GPSNavigator running:true
04-03 12:00:47.594 I/System.out( 3820): Battery level: 99 | Time difference: -1
04-03 12:00:47.825 I/System.out( 3820): Location: -2.80906622 56.33998102 | GPSNavigator running:true
04-03 12:00:47.825 I/System.out( 3820): Battery level: 99 | Time difference: -1
04-03 12:00:48.625 I/System.out( 3820): Location: -2.80906611 56.33998113 | GPSNavigator running:true
04-03 12:00:48.625 I/System.out( 3820): Battery level: 99 | Time difference: -1
04-03 12:00:49.386 I/System.out( 3820): Location: -2.80906604 56.33998123 | GPSNavigator running:true
04-03 12:00:49.386 I/System.out( 3820): Battery level: 99 | Time difference: -1
04-03 12:00:50.587 I/System.out( 3820): Location: -2.80906598 56.33998131 | GPSNavigator running:true
04-03 12:00:50.587 I/System.out( 3820): Battery level: 99 | Time difference: -1
04-03 12:00:50.818 I/System.out( 3820): Location: -2.80906598 56.33998131 | GPSNavigator running:true
04-03 12:00:50.828 I/System.out( 3820): Battery level: 99 | Time difference: -1
04-03 12:00:51.618 I/System.out( 3820): Location: -2.80906595 56.33998136 | GPSNavigator running:true
04-03 12:00:51.618 I/System.out( 3820): Battery level: 99 | Time difference: -1
04-03 12:00:52.379 I/System.out( 3820): Location: -2.80906586 56.33998142 | GPSNavigator running:true
04-03 12:00:52.379 I/System.out( 3820): Battery level: 99 | Time difference: -1
04-03 12:00:53.590 I/System.out( 3820): Location: -2.80906578 56.33998148 | GPSNavigator running:true
04-03 12:00:53.590 I/System.out( 3820): Battery level: 99 | Time difference: -1
04-03 12:00:53.821 I/System.out( 3820): Location: -2.80906578 56.33998148 | GPSNavigator running:true
04-03 12:00:53.821 I/System.out( 3820): Battery level: 99 | Time difference: -1
04-03 12:00:54.621 I/System.out( 3820): Location: -2.80906564 56.33998154 | GPSNavigator running:true
04-03 12:00:54.621 I/System.out( 3820): Battery level: 99 | Time difference: -1
04-03 12:00:55.382 I/System.out( 3820): Location: -2.80906545 56.33998162 | GPSNavigator running:true
04-03 12:00:55.382 I/System.out( 3820): Battery level: 99 | Time difference: -1
04-03 12:00:56.603 I/System.out( 3820): Location: -2.80906521 56.33998169 | GPSNavigator running:true
04-03 12:00:56.603 I/System.out( 3820): Battery level: 99 | Time difference: -1
04-03 12:00:56.833 I/System.out( 3820): Location: -2.80906521 56.33998169 | GPSNavigator running:true
04-03 12:00:56.833 I/System.out( 3820): Battery level: 99 | Time difference: -1
04-03 12:00:57.624 I/System.out( 3820): Location: -2.80906493 56.33998178 | GPSNavigator running:true
04-03 12:00:57.624 I/System.out( 3820): Battery level: 99 | Time difference: -1
04-03 12:00:58.385 I/System.out( 3820): Location: -2.80906458 56.3399819 | GPSNavigator running:true
04-03 12:00:58.385 I/System.out( 3820): Battery level: 99 | Time difference: -1
04-03 12:00:59.026 D/dalvikvm(  704): GC_CONCURRENT freed 384K, 9% free 10103K/11036K, paused 8ms+2ms, total 30ms
04-03 12:00:59.596 I/System.out( 3820): Location: -2.80906421 56.33998207 | GPSNavigator running:true
04-03 12:00:59.596 I/System.out( 3820): Battery level: 99 | Time difference: -1
04-03 12:00:59.836 I/System.out( 3820): Location: -2.80906421 56.33998207 | GPSNavigator running:true
04-03 12:00:59.836 I/System.out( 3820): Battery level: 99 | Time difference: -1
04-03 12:01:00.617 I/System.out( 3820): Location: -2.80906385 56.33998225 | GPSNavigator running:true
04-03 12:01:00.617 I/System.out( 3820): Battery level: 99 | Time difference: -1
04-03 12:01:01.378 I/System.out( 3820): Location: -2.80906385 56.33998225 | GPSNavigator running:true
04-03 12:01:01.378 I/System.out( 3820): Battery level: 99 | Time difference: -1
04-03 12:01:02.599 I/System.out( 3820): Location: -2.80905548 56.33998355 | GPSNavigator running:true
04-03 12:01:02.599 I/System.out( 3820): Battery level: 99 | Time difference: -1
04-03 12:01:02.829 I/System.out( 3820): Location: -2.80905548 56.33998355 | GPSNavigator running:true
04-03 12:01:02.829 I/System.out( 3820): Battery level: 99 | Time difference: -1
04-03 12:01:03.290 I/rmt_storage(  184): rmt_storage_rw_iovec_cb: /boot/modem_fs2: clnt_h=0x2: req_h=0x11 msg_id=3: R/W request received
04-03 12:01:03.290 I/rmt_storage(  184): wakelock acquired: 1, error no: 110
04-03 12:01:03.290 I/rmt_storage(  184): rmt_storage_client_thread: /boot/modem_fs2: clnt_h=0x2 Unblock worker thread (th_id: -1214593728)
04-03 12:01:03.320 I/rmt_storage(  184): rmt_storage_client_thread: /boot/modem_fs2: clnt_h=0x2: req_h=0x11 msg_id=3: Bytes written = 261632
04-03 12:01:03.320 I/rmt_storage(  184): rmt_storage_client_thread: /boot/modem_fs2: clnt_h=0x2: req_h=0x11 msg_id=3: Bytes written = 512
04-03 12:01:03.320 I/rmt_storage(  184): rmt_storage_client_thread: /boot/modem_fs2: clnt_h=0x2: req_h=0x11 msg_id=3: Send response: res=0 err=0
04-03 12:01:03.320 I/rmt_storage(  184): rmt_storage_client_thread: /boot/modem_fs2: clnt_h=0x2 About to block rmt_storage client thread (th_id: -1214593728) wakelock released: 1, error no: 0
04-03 12:01:03.320 I/rmt_storage(  184): 
04-03 12:01:03.620 I/System.out( 3820): Location: -2.80904602 56.33998458 | GPSNavigator running:true
04-03 12:01:03.630 I/System.out( 3820): Battery level: 99 | Time difference: -1
04-03 12:01:04.381 I/System.out( 3820): Location: -2.80903827 56.33998572 | GPSNavigator running:true
04-03 12:01:04.381 I/System.out( 3820): Battery level: 99 | Time difference: -1
04-03 12:01:05.602 I/System.out( 3820): Location: -2.80903195 56.33998704 | GPSNavigator running:true
04-03 12:01:05.602 I/System.out( 3820): Battery level: 99 | Time difference: -1
04-03 12:01:05.832 I/System.out( 3820): Location: -2.80903195 56.33998704 | GPSNavigator running:true
04-03 12:01:05.832 I/System.out( 3820): Battery level: 99 | Time difference: -1
04-03 12:01:06.633 I/System.out( 3820): Location: -2.80902677 56.33998856 | GPSNavigator running:true
04-03 12:01:06.633 I/System.out( 3820): Battery level: 99 | Time difference: -1
04-03 12:01:07.394 I/System.out( 3820): Location: -2.80902097 56.33998978 | GPSNavigator running:true
04-03 12:01:07.394 I/System.out( 3820): Battery level: 99 | Time difference: -1
04-03 12:01:08.605 I/System.out( 3820): Location: -2.80901445 56.33999078 | GPSNavigator running:true
04-03 12:01:08.605 I/System.out( 3820): Battery level: 99 | Time difference: -1
04-03 12:01:08.835 I/System.out( 3820): Location: -2.80901445 56.33999078 | GPSNavigator running:true
04-03 12:01:08.835 I/System.out( 3820): Battery level: 99 | Time difference: -1
04-03 12:01:09.636 I/System.out( 3820): Location: -2.80900859 56.33999217 | GPSNavigator running:true
04-03 12:01:09.636 I/System.out( 3820): Battery level: 99 | Time difference: -1
04-03 12:01:10.397 I/System.out( 3820): Location: -2.80900683 56.3399926 | GPSNavigator running:true
04-03 12:01:10.397 I/System.out( 3820): Battery level: 99 | Time difference: -1
04-03 12:01:11.608 I/System.out( 3820): Location: -2.80899916 56.33999449 | GPSNavigator running:true
04-03 12:01:11.608 I/System.out( 3820): Battery level: 99 | Time difference: -1
04-03 12:01:11.838 I/System.out( 3820): Location: -2.80899916 56.33999449 | GPSNavigator running:true
04-03 12:01:11.838 I/System.out( 3820): Battery level: 99 | Time difference: -1
04-03 12:01:12.639 I/System.out( 3820): Location: -2.80899265 56.33999467 | GPSNavigator running:true
04-03 12:01:12.639 I/System.out( 3820): Battery level: 99 | Time difference: -1
04-03 12:01:13.390 I/System.out( 3820): Location: -2.80899495 56.33999174 | GPSNavigator running:true
04-03 12:01:13.390 I/System.out( 3820): Battery level: 99 | Time difference: -1
04-03 12:01:14.611 I/System.out( 3820): Location: -2.80900245 56.33998826 | GPSNavigator running:true
04-03 12:01:14.611 I/System.out( 3820): Battery level: 99 | Time difference: -1
04-03 12:01:14.841 I/System.out( 3820): Location: -2.80900245 56.33998826 | GPSNavigator running:true
04-03 12:01:14.841 I/System.out( 3820): Battery level: 99 | Time difference: -1
04-03 12:01:15.632 I/System.out( 3820): Location: -2.80900806 56.33998506 | GPSNavigator running:true
04-03 12:01:15.632 I/System.out( 3820): Battery level: 99 | Time difference: -1
04-03 12:01:16.393 I/System.out( 3820): Location: -2.80901517 56.33998164 | GPSNavigator running:true
04-03 12:01:16.393 I/System.out( 3820): Battery level: 99 | Time difference: -1
04-03 12:01:17.614 I/System.out( 3820): Location: -2.80902417 56.33997845 | GPSNavigator running:true
04-03 12:01:17.614 I/System.out( 3820): Battery level: 99 | Time difference: -1
04-03 12:01:17.844 I/System.out( 3820): Location: -2.80902417 56.33997845 | GPSNavigator running:true
04-03 12:01:17.844 I/System.out( 3820): Battery level: 99 | Time difference: -1
04-03 12:01:18.635 I/System.out( 3820): Location: -2.80903358 56.33997495 | GPSNavigator running:true
04-03 12:01:18.635 I/System.out( 3820): Battery level: 99 | Time difference: -1
04-03 12:01:19.396 I/System.out( 3820): Location: -2.80904083 56.33997211 | GPSNavigator running:true
04-03 12:01:19.396 I/System.out( 3820): Battery level: 99 | Time difference: -1
04-03 12:01:20.607 I/System.out( 3820): Location: -2.80904649 56.33997013 | GPSNavigator running:true
04-03 12:01:20.607 I/System.out( 3820): Battery level: 99 | Time difference: -1
04-03 12:01:20.837 I/System.out( 3820): Location: -2.80904649 56.33997013 | GPSNavigator running:true
04-03 12:01:20.837 I/System.out( 3820): Battery level: 99 | Time difference: -1
04-03 12:01:21.628 I/System.out( 3820): Location: -2.80904919 56.33996884 | GPSNavigator running:true
04-03 12:01:21.628 I/System.out( 3820): Battery level: 99 | Time difference: -1
04-03 12:01:22.388 I/System.out( 3820): Location: -2.8090515 56.33996798 | GPSNavigator running:true
04-03 12:01:22.388 I/System.out( 3820): Battery level: 99 | Time difference: -1
04-03 12:01:23.610 I/System.out( 3820): Location: -2.80905271 56.33996748 | GPSNavigator running:true
04-03 12:01:23.610 I/System.out( 3820): Battery level: 99 | Time difference: -1
04-03 12:01:23.850 I/System.out( 3820): Location: -2.80905271 56.33996748 | GPSNavigator running:true
04-03 12:01:23.850 I/System.out( 3820): Battery level: 99 | Time difference: -1
04-03 12:01:24.140 D/dalvikvm(  511): GC_CONCURRENT freed 1762K, 20% free 16415K/20396K, paused 18ms+5ms, total 120ms
04-03 12:01:24.641 I/System.out( 3820): Location: -2.80905342 56.33996709 | GPSNavigator running:true
04-03 12:01:24.641 I/System.out( 3820): Battery level: 99 | Time difference: -1
04-03 12:01:25.391 I/System.out( 3820): Location: -2.80905375 56.33996679 | GPSNavigator running:true
04-03 12:01:25.391 I/System.out( 3820): Battery level: 99 | Time difference: -1
04-03 12:01:26.613 I/System.out( 3820): Location: -2.80905385 56.33996667 | GPSNavigator running:true
04-03 12:01:26.613 I/System.out( 3820): Battery level: 99 | Time difference: -1
04-03 12:01:26.843 I/System.out( 3820): Location: -2.80905385 56.33996667 | GPSNavigator running:true
04-03 12:01:26.843 I/System.out( 3820): Battery level: 99 | Time difference: -1
04-03 12:01:27.644 I/System.out( 3820): Location: -2.80905394 56.33996655 | GPSNavigator running:true
04-03 12:01:27.644 I/System.out( 3820): Battery level: 99 | Time difference: -1
04-03 12:01:28.394 I/System.out( 3820): Location: -2.80905409 56.33996648 | GPSNavigator running:true
04-03 12:01:28.394 I/System.out( 3820): Battery level: 99 | Time difference: -1
04-03 12:01:29.615 I/System.out( 3820): Location: -2.80905419 56.33996641 | GPSNavigator running:true
04-03 12:01:29.615 I/System.out( 3820): Battery level: 99 | Time difference: -1
04-03 12:01:29.846 I/System.out( 3820): Location: -2.80905419 56.33996641 | GPSNavigator running:true
04-03 12:01:29.846 I/System.out( 3820): Battery level: 99 | Time difference: -1
04-03 12:01:30.646 I/System.out( 3820): Location: -2.80905414 56.33996641 | GPSNavigator running:true
04-03 12:01:30.646 I/System.out( 3820): Battery level: 99 | Time difference: -1
04-03 12:01:31.387 I/System.out( 3820): Location: -2.8090541 56.33996642 | GPSNavigator running:true
04-03 12:01:31.387 I/System.out( 3820): Battery level: 99 | Time difference: -1
04-03 12:01:32.608 I/System.out( 3820): Location: -2.80905405 56.33996641 | GPSNavigator running:true
04-03 12:01:32.608 I/System.out( 3820): Battery level: 99 | Time difference: -1
04-03 12:01:32.849 I/System.out( 3820): Location: -2.80905405 56.33996641 | GPSNavigator running:true
04-03 12:01:32.849 I/System.out( 3820): Battery level: 99 | Time difference: -1
04-03 12:01:33.639 I/System.out( 3820): Location: -2.80905401 56.3399664 | GPSNavigator running:true
04-03 12:01:33.639 I/System.out( 3820): Battery level: 99 | Time difference: -1
04-03 12:01:34.390 I/System.out( 3820): Location: -2.80905395 56.3399664 | GPSNavigator running:true
04-03 12:01:34.390 I/System.out( 3820): Battery level: 99 | Time difference: -1
04-03 12:01:35.611 I/System.out( 3820): Location: -2.80905391 56.33996638 | GPSNavigator running:true
04-03 12:01:35.611 I/System.out( 3820): Battery level: 99 | Time difference: -1
04-03 12:01:35.852 I/System.out( 3820): Location: -2.80905391 56.33996638 | GPSNavigator running:true
04-03 12:01:35.852 I/System.out( 3820): Battery level: 99 | Time difference: -1
04-03 12:01:36.642 I/System.out( 3820): Location: -2.8090539 56.33996635 | GPSNavigator running:true
04-03 12:01:36.642 I/System.out( 3820): Battery level: 99 | Time difference: -1
04-03 12:01:37.393 I/System.out( 3820): Location: -2.8090539 56.33996631 | GPSNavigator running:true
04-03 12:01:37.393 I/System.out( 3820): Battery level: 99 | Time difference: -1
04-03 12:01:38.624 I/System.out( 3820): Location: -2.80905395 56.33996626 | GPSNavigator running:true
04-03 12:01:38.624 I/System.out( 3820): Battery level: 99 | Time difference: -1
04-03 12:01:38.854 I/System.out( 3820): Location: -2.80905395 56.33996626 | GPSNavigator running:true
04-03 12:01:38.854 I/System.out( 3820): Battery level: 99 | Time difference: -1
04-03 12:01:39.645 I/System.out( 3820): Location: -2.80905402 56.33996621 | GPSNavigator running:true
04-03 12:01:39.645 I/System.out( 3820): Battery level: 99 | Time difference: -1
04-03 12:01:40.396 I/System.out( 3820): Location: -2.80905406 56.33996617 | GPSNavigator running:true
04-03 12:01:40.396 I/System.out( 3820): Battery level: 99 | Time difference: -1
04-03 12:01:41.617 I/System.out( 3820): Location: -2.80905412 56.33996615 | GPSNavigator running:true
04-03 12:01:41.617 I/System.out( 3820): Battery level: 99 | Time difference: -1
04-03 12:01:41.857 I/System.out( 3820): Location: -2.80905412 56.33996615 | GPSNavigator running:true
04-03 12:01:41.857 I/System.out( 3820): Battery level: 99 | Time difference: -1
04-03 12:01:42.648 I/System.out( 3820): Location: -2.80905417 56.33996613 | GPSNavigator running:true
04-03 12:01:42.648 I/System.out( 3820): Battery level: 99 | Time difference: -1
04-03 12:01:43.059 D/dalvikvm( 3820): GC_CONCURRENT freed 384K, 5% free 9281K/9708K, paused 4ms+2ms, total 61ms
04-03 12:01:43.399 I/System.out( 3820): Location: -2.80905423 56.33996611 | GPSNavigator running:true
04-03 12:01:43.399 I/System.out( 3820): Battery level: 99 | Time difference: -1
04-03 12:01:44.620 I/System.out( 3820): Location: -2.80905418 56.33996615 | GPSNavigator running:true
04-03 12:01:44.620 I/System.out( 3820): Battery level: 99 | Time difference: -1
04-03 12:01:44.850 I/System.out( 3820): Location: -2.80905418 56.33996615 | GPSNavigator running:true
04-03 12:01:44.850 I/System.out( 3820): Battery level: 99 | Time difference: -1
04-03 12:01:45.651 I/System.out( 3820): Location: -2.80905419 56.33996617 | GPSNavigator running:true
04-03 12:01:45.651 I/System.out( 3820): Battery level: 99 | Time difference: -1
04-03 12:01:46.402 I/System.out( 3820): Location: -2.80905421 56.33996617 | GPSNavigator running:true
04-03 12:01:46.402 I/System.out( 3820): Battery level: 99 | Time difference: -1
04-03 12:01:47.623 I/System.out( 3820): Location: -2.80905425 56.33996615 | GPSNavigator running:true
04-03 12:01:47.623 I/System.out( 3820): Battery level: 99 | Time difference: -1
04-03 12:01:47.853 I/System.out( 3820): Location: -2.80905425 56.33996615 | GPSNavigator running:true
04-03 12:01:47.853 I/System.out( 3820): Battery level: 99 | Time difference: -1
04-03 12:01:48.654 I/System.out( 3820): Location: -2.8090543 56.33996613 | GPSNavigator running:true
04-03 12:01:48.654 I/System.out( 3820): Battery level: 99 | Time difference: -1
04-03 12:01:49.405 I/System.out( 3820): Location: -2.80905326 56.3399668 | GPSNavigator running:true
04-03 12:01:49.405 I/System.out( 3820): Battery level: 99 | Time difference: -1
04-03 12:01:50.616 I/System.out( 3820): Location: -2.8090558 56.33996581 | GPSNavigator running:true
04-03 12:01:50.616 I/System.out( 3820): Battery level: 99 | Time difference: -1
04-03 12:01:50.856 I/System.out( 3820): Location: -2.8090558 56.33996581 | GPSNavigator running:true
04-03 12:01:50.856 I/System.out( 3820): Battery level: 99 | Time difference: -1
04-03 12:01:51.657 I/System.out( 3820): Location: -2.8090623 56.3399653 | GPSNavigator running:true
04-03 12:01:51.657 I/System.out( 3820): Battery level: 99 | Time difference: -1
04-03 12:01:52.398 I/System.out( 3820): Location: -2.80906925 56.33996466 | GPSNavigator running:true
04-03 12:01:52.398 I/System.out( 3820): Battery level: 99 | Time difference: -1
04-03 12:01:53.619 I/System.out( 3820): Location: -2.80907349 56.33996473 | GPSNavigator running:true
04-03 12:01:53.619 I/System.out( 3820): Battery level: 99 | Time difference: -1
04-03 12:01:53.859 I/System.out( 3820): Location: -2.80907349 56.33996473 | GPSNavigator running:true
04-03 12:01:53.859 I/System.out( 3820): Battery level: 99 | Time difference: -1
04-03 12:01:54.660 I/System.out( 3820): Location: -2.80907563 56.33996563 | GPSNavigator running:true
04-03 12:01:54.660 I/System.out( 3820): Battery level: 99 | Time difference: -1
04-03 12:01:55.401 I/System.out( 3820): Location: -2.8090751 56.3399657 | GPSNavigator running:true
04-03 12:01:55.401 I/System.out( 3820): Battery level: 99 | Time difference: -1
04-03 12:01:56.632 I/System.out( 3820): Location: -2.80907537 56.33996384 | GPSNavigator running:true
04-03 12:01:56.632 I/System.out( 3820): Battery level: 99 | Time difference: -1
04-03 12:01:56.862 I/System.out( 3820): Location: -2.80907537 56.33996384 | GPSNavigator running:true
04-03 12:01:56.862 I/System.out( 3820): Battery level: 99 | Time difference: -1
04-03 12:01:57.653 I/System.out( 3820): Location: -2.80907537 56.33996384 | GPSNavigator running:true
04-03 12:01:57.653 I/System.out( 3820): Battery level: 99 | Time difference: -1
04-03 12:01:58.414 I/System.out( 3820): Location: -2.80907237 56.33996403 | GPSNavigator running:true
04-03 12:01:58.414 I/System.out( 3820): Battery level: 99 | Time difference: -1
04-03 12:01:59.635 I/System.out( 3820): Location: -2.80906883 56.33996497 | GPSNavigator running:true
04-03 12:01:59.635 I/System.out( 3820): Battery level: 99 | Time difference: -1
04-03 12:01:59.865 I/System.out( 3820): Location: -2.80906883 56.33996497 | GPSNavigator running:true
04-03 12:01:59.865 I/System.out( 3820): Battery level: 99 | Time difference: -1
04-03 12:02:00.656 I/System.out( 3820): Location: -2.80906663 56.33996505 | GPSNavigator running:true
04-03 12:02:00.656 I/System.out( 3820): Battery level: 99 | Time difference: -1
04-03 12:02:01.416 I/System.out( 3820): Location: -2.80906544 56.33996501 | GPSNavigator running:true
04-03 12:02:01.416 I/System.out( 3820): Battery level: 99 | Time difference: -1
04-03 12:02:02.047 D/dalvikvm(  704): GC_CONCURRENT freed 386K, 9% free 10102K/11036K, paused 5ms+2ms, total 71ms
04-03 12:02:02.638 I/System.out( 3820): Location: -2.80906468 56.33996497 | GPSNavigator running:true
04-03 12:02:02.638 I/System.out( 3820): Battery level: 99 | Time difference: -1
04-03 12:02:02.868 I/System.out( 3820): Location: -2.80906468 56.33996497 | GPSNavigator running:true
04-03 12:02:02.868 I/System.out( 3820): Battery level: 99 | Time difference: -1
04-03 12:02:03.659 I/System.out( 3820): Location: -2.80906423 56.33996494 | GPSNavigator running:true
04-03 12:02:03.659 I/System.out( 3820): Battery level: 99 | Time difference: -1
04-03 12:02:04.409 I/System.out( 3820): Location: -2.80906386 56.33996498 | GPSNavigator running:true
04-03 12:02:04.409 I/System.out( 3820): Battery level: 99 | Time difference: -1
04-03 12:02:05.631 I/System.out( 3820): Location: -2.80906361 56.33996504 | GPSNavigator running:true
04-03 12:02:05.631 I/System.out( 3820): Battery level: 99 | Time difference: -1
04-03 12:02:05.861 I/System.out( 3820): Location: -2.80906361 56.33996504 | GPSNavigator running:true
04-03 12:02:05.861 I/System.out( 3820): Battery level: 99 | Time difference: -1
04-03 12:02:06.662 I/System.out( 3820): Location: -2.80906345 56.33996506 | GPSNavigator running:true
04-03 12:02:06.662 I/System.out( 3820): Battery level: 99 | Time difference: -1
04-03 12:02:07.412 I/System.out( 3820): Location: -2.80906345 56.33996506 | GPSNavigator running:true
04-03 12:02:07.412 I/System.out( 3820): Battery level: 99 | Time difference: -1
04-03 12:02:08.634 I/System.out( 3820): Location: -2.80906315 56.33996512 | GPSNavigator running:true
04-03 12:02:08.634 I/System.out( 3820): Battery level: 99 | Time difference: -1
04-03 12:02:08.864 I/System.out( 3820): Location: -2.80906315 56.33996512 | GPSNavigator running:true
04-03 12:02:08.864 I/System.out( 3820): Battery level: 99 | Time difference: -1
04-03 12:02:09.665 I/System.out( 3820): Location: -2.80906303 56.33996515 | GPSNavigator running:true
04-03 12:02:09.665 I/System.out( 3820): Battery level: 99 | Time difference: -1
04-03 12:02:10.415 I/System.out( 3820): Location: -2.80906293 56.33996511 | GPSNavigator running:true
04-03 12:02:10.415 I/System.out( 3820): Battery level: 99 | Time difference: -1
04-03 12:02:11.636 I/System.out( 3820): Location: -2.80906288 56.33996505 | GPSNavigator running:true
04-03 12:02:11.636 I/System.out( 3820): Battery level: 99 | Time difference: -1
04-03 12:02:11.867 I/System.out( 3820): Location: -2.80906288 56.33996505 | GPSNavigator running:true
04-03 12:02:11.867 I/System.out( 3820): Battery level: 99 | Time difference: -1
04-03 12:02:12.657 I/System.out( 3820): Location: -2.8090629 56.33996507 | GPSNavigator running:true
04-03 12:02:12.657 I/System.out( 3820): Battery level: 99 | Time difference: -1
04-03 12:02:13.408 I/System.out( 3820): Location: -2.80906291 56.33996508 | GPSNavigator running:true
04-03 12:02:13.408 I/System.out( 3820): Battery level: 99 | Time difference: -1
04-03 12:02:14.639 I/System.out( 3820): Location: -2.80906294 56.33996505 | GPSNavigator running:true
04-03 12:02:14.639 I/System.out( 3820): Battery level: 99 | Time difference: -1
04-03 12:02:14.860 I/System.out( 3820): Location: -2.80906294 56.33996505 | GPSNavigator running:true
04-03 12:02:14.860 I/System.out( 3820): Battery level: 99 | Time difference: -1
04-03 12:02:15.660 I/System.out( 3820): Location: -2.809063 56.33996498 | GPSNavigator running:true
04-03 12:02:15.660 I/System.out( 3820): Battery level: 99 | Time difference: -1
04-03 12:02:16.411 I/System.out( 3820): Location: -2.80906305 56.33996488 | GPSNavigator running:true
04-03 12:02:16.411 I/System.out( 3820): Battery level: 99 | Time difference: -1
04-03 12:02:17.642 I/System.out( 3820): Location: -2.8090631 56.33996482 | GPSNavigator running:true
04-03 12:02:17.642 I/System.out( 3820): Battery level: 99 | Time difference: -1
04-03 12:02:17.873 I/System.out( 3820): Location: -2.8090631 56.33996482 | GPSNavigator running:true
04-03 12:02:17.873 I/System.out( 3820): Battery level: 99 | Time difference: -1
04-03 12:02:18.663 I/System.out( 3820): Location: -2.80906317 56.33996475 | GPSNavigator running:true
04-03 12:02:18.663 I/System.out( 3820): Battery level: 99 | Time difference: -1
04-03 12:02:19.414 I/System.out( 3820): Location: -2.80906326 56.33996468 | GPSNavigator running:true
04-03 12:02:19.414 I/System.out( 3820): Battery level: 99 | Time difference: -1
04-03 12:02:20.645 I/System.out( 3820): Location: -2.80906335 56.33996461 | GPSNavigator running:true
04-03 12:02:20.645 I/System.out( 3820): Battery level: 99 | Time difference: -1
04-03 12:02:20.865 I/System.out( 3820): Location: -2.80906335 56.33996461 | GPSNavigator running:true
04-03 12:02:20.865 I/System.out( 3820): Battery level: 99 | Time difference: -1
04-03 12:02:21.656 I/System.out( 3820): Location: -2.80906343 56.33996452 | GPSNavigator running:true
04-03 12:02:21.656 I/System.out( 3820): Battery level: 99 | Time difference: -1
04-03 12:02:22.407 I/System.out( 3820): Location: -2.80906352 56.33996445 | GPSNavigator running:true
04-03 12:02:22.407 I/System.out( 3820): Battery level: 99 | Time difference: -1
04-03 12:02:23.638 I/System.out( 3820): Location: -2.80906358 56.33996439 | GPSNavigator running:true
04-03 12:02:23.638 I/System.out( 3820): Battery level: 99 | Time difference: -1
04-03 12:02:23.868 I/System.out( 3820): Location: -2.80906358 56.33996439 | GPSNavigator running:true
04-03 12:02:23.868 I/System.out( 3820): Battery level: 99 | Time difference: -1
04-03 12:02:24.659 I/System.out( 3820): Location: -2.80906371 56.33996434 | GPSNavigator running:true
04-03 12:02:24.669 I/System.out( 3820): Battery level: 99 | Time difference: -1
04-03 12:02:25.410 I/System.out( 3820): Location: -2.80906383 56.33996429 | GPSNavigator running:true
04-03 12:02:25.410 I/System.out( 3820): Battery level: 99 | Time difference: -1
04-03 12:02:26.641 I/System.out( 3820): Location: -2.80906395 56.33996425 | GPSNavigator running:true
04-03 12:02:26.641 I/System.out( 3820): Battery level: 99 | Time difference: -1
04-03 12:02:26.871 I/System.out( 3820): Location: -2.80906395 56.33996425 | GPSNavigator running:true
04-03 12:02:26.871 I/System.out( 3820): Battery level: 99 | Time difference: -1
04-03 12:02:27.672 I/System.out( 3820): Location: -2.80906398 56.33996419 | GPSNavigator running:true
04-03 12:02:27.672 I/System.out( 3820): Battery level: 99 | Time difference: -1
04-03 12:02:28.413 I/System.out( 3820): Location: -2.809064 56.33996416 | GPSNavigator running:true
04-03 12:02:28.413 I/System.out( 3820): Battery level: 99 | Time difference: -1
04-03 12:02:29.644 I/System.out( 3820): Location: -2.80906404 56.33996411 | GPSNavigator running:true
04-03 12:02:29.644 I/System.out( 3820): Battery level: 99 | Time difference: -1
04-03 12:02:29.874 I/System.out( 3820): Location: -2.80906404 56.33996411 | GPSNavigator running:true
04-03 12:02:29.874 I/System.out( 3820): Battery level: 99 | Time difference: -1
04-03 12:02:30.675 I/System.out( 3820): Location: -2.80906403 56.3399641 | GPSNavigator running:true
04-03 12:02:30.675 I/System.out( 3820): Battery level: 99 | Time difference: -1
04-03 12:02:31.416 I/System.out( 3820): Location: -2.80906406 56.33996407 | GPSNavigator running:true
04-03 12:02:31.416 I/System.out( 3820): Battery level: 99 | Time difference: -1
04-03 12:02:32.647 I/System.out( 3820): Location: -2.80906403 56.33996409 | GPSNavigator running:true
04-03 12:02:32.647 I/System.out( 3820): Battery level: 99 | Time difference: -1
04-03 12:02:32.877 I/System.out( 3820): Location: -2.80906403 56.33996409 | GPSNavigator running:true
04-03 12:02:32.877 I/System.out( 3820): Battery level: 99 | Time difference: -1
04-03 12:02:33.678 I/System.out( 3820): Location: -2.80906394 56.33996414 | GPSNavigator running:true
04-03 12:02:33.678 I/System.out( 3820): Battery level: 99 | Time difference: -1
04-03 12:02:34.419 I/System.out( 3820): Location: -2.8090638 56.33996421 | GPSNavigator running:true
04-03 12:02:34.419 I/System.out( 3820): Battery level: 99 | Time difference: -1
04-03 12:02:35.650 I/System.out( 3820): Location: -2.80906367 56.33996428 | GPSNavigator running:true
04-03 12:02:35.650 I/System.out( 3820): Battery level: 99 | Time difference: -1
04-03 12:02:35.870 I/System.out( 3820): Location: -2.80906367 56.33996428 | GPSNavigator running:true
04-03 12:02:35.870 I/System.out( 3820): Battery level: 99 | Time difference: -1
04-03 12:02:36.671 I/System.out( 3820): Location: -2.8090635 56.33996435 | GPSNavigator running:true
04-03 12:02:36.671 I/System.out( 3820): Battery level: 99 | Time difference: -1
04-03 12:02:37.422 I/System.out( 3820): Location: -2.8090634 56.3399644 | GPSNavigator running:true
04-03 12:02:37.422 I/System.out( 3820): Battery level: 99 | Time difference: -1
04-03 12:02:38.653 I/System.out( 3820): Location: -2.8090634 56.3399644 | GPSNavigator running:true
04-03 12:02:38.653 I/System.out( 3820): Battery level: 99 | Time difference: -1
04-03 12:02:38.883 I/System.out( 3820): Location: -2.8090634 56.3399644 | GPSNavigator running:true
04-03 12:02:38.883 I/System.out( 3820): Battery level: 99 | Time difference: -1
04-03 12:02:39.674 I/System.out( 3820): Location: -2.80906331 56.33996447 | GPSNavigator running:true
04-03 12:02:39.674 I/System.out( 3820): Battery level: 99 | Time difference: -1
04-03 12:02:39.884 I/rmt_storage(  184): rmt_storage_rw_iovec_cb: /boot/modem_fs1: clnt_h=0x1: req_h=0x12 msg_id=3: R/W request received
04-03 12:02:39.884 I/rmt_storage(  184): wakelock acquired: 1, error no: 110
04-03 12:02:39.884 I/rmt_storage(  184): rmt_storage_client_thread: /boot/modem_fs1: clnt_h=0x1 Unblock worker thread (th_id: -1214594576)
04-03 12:02:39.914 I/rmt_storage(  184): rmt_storage_client_thread: /boot/modem_fs1: clnt_h=0x1: req_h=0x12 msg_id=3: Bytes written = 261632
04-03 12:02:39.924 I/rmt_storage(  184): rmt_storage_client_thread: /boot/modem_fs1: clnt_h=0x1: req_h=0x12 msg_id=3: Bytes written = 512
04-03 12:02:39.924 I/rmt_storage(  184): rmt_storage_client_thread: /boot/modem_fs1: clnt_h=0x1: req_h=0x12 msg_id=3: Send response: res=0 err=0
04-03 12:02:39.924 I/rmt_storage(  184): rmt_storage_client_thread: /boot/modem_fs1: clnt_h=0x1 About to block rmt_storage client thread (th_id: -1214594576) wakelock released: 1, error no: 0
04-03 12:02:39.924 I/rmt_storage(  184): 
04-03 12:02:40.425 I/System.out( 3820): Location: -2.80906329 56.33996448 | GPSNavigator running:true
04-03 12:02:40.425 I/System.out( 3820): Battery level: 99 | Time difference: -1
04-03 12:02:41.646 I/System.out( 3820): Location: -2.80906329 56.33996451 | GPSNavigator running:true
04-03 12:02:41.646 I/System.out( 3820): Battery level: 99 | Time difference: -1
04-03 12:02:41.886 I/System.out( 3820): Location: -2.80906329 56.33996451 | GPSNavigator running:true
04-03 12:02:41.886 I/System.out( 3820): Battery level: 99 | Time difference: -1
04-03 12:02:42.677 I/System.out( 3820): Location: -2.8090632 56.33996458 | GPSNavigator running:true
04-03 12:02:42.677 I/System.out( 3820): Battery level: 99 | Time difference: -1
04-03 12:02:43.417 I/System.out( 3820): Location: -2.80906315 56.33996463 | GPSNavigator running:true
04-03 12:02:43.417 I/System.out( 3820): Battery level: 99 | Time difference: -1
04-03 12:02:44.649 I/System.out( 3820): Location: -2.80906307 56.33996469 | GPSNavigator running:true
04-03 12:02:44.649 I/System.out( 3820): Battery level: 99 | Time difference: -1
04-03 12:02:44.879 I/System.out( 3820): Location: -2.80906307 56.33996469 | GPSNavigator running:true
04-03 12:02:44.879 I/System.out( 3820): Battery level: 99 | Time difference: -1
04-03 12:02:45.680 I/System.out( 3820): Location: -2.80906293 56.33996476 | GPSNavigator running:true
04-03 12:02:45.680 I/System.out( 3820): Battery level: 99 | Time difference: -1
04-03 12:02:46.420 I/System.out( 3820): Location: -2.80906276 56.33996486 | GPSNavigator running:true
04-03 12:02:46.420 I/System.out( 3820): Battery level: 99 | Time difference: -1
04-03 12:02:47.652 I/System.out( 3820): Location: -2.80906259 56.33996497 | GPSNavigator running:true
04-03 12:02:47.652 I/System.out( 3820): Battery level: 99 | Time difference: -1
04-03 12:02:47.882 I/System.out( 3820): Location: -2.80906259 56.33996497 | GPSNavigator running:true
04-03 12:02:47.882 I/System.out( 3820): Battery level: 99 | Time difference: -1
04-03 12:02:48.683 I/System.out( 3820): Location: -2.80906254 56.339965 | GPSNavigator running:true
04-03 12:02:48.683 I/System.out( 3820): Battery level: 99 | Time difference: -1
04-03 12:02:49.423 I/System.out( 3820): Location: -2.80906236 56.33996509 | GPSNavigator running:true
04-03 12:02:49.423 I/System.out( 3820): Battery level: 99 | Time difference: -1
04-03 12:02:50.044 D/dalvikvm( 3820): GC_CONCURRENT freed 384K, 5% free 9281K/9708K, paused 7ms+9ms, total 62ms
04-03 12:02:50.665 I/System.out( 3820): Location: -2.80906216 56.33996516 | GPSNavigator running:true
04-03 12:02:50.665 I/System.out( 3820): Battery level: 99 | Time difference: -1
04-03 12:02:50.885 I/System.out( 3820): Location: -2.80906216 56.33996516 | GPSNavigator running:true
04-03 12:02:50.885 I/System.out( 3820): Battery level: 99 | Time difference: -1
04-03 12:02:51.686 I/System.out( 3820): Location: -2.80906204 56.3399652 | GPSNavigator running:true
04-03 12:02:51.686 I/System.out( 3820): Battery level: 99 | Time difference: -1
04-03 12:02:52.426 I/System.out( 3820): Location: -2.80906196 56.33996521 | GPSNavigator running:true
04-03 12:02:52.426 I/System.out( 3820): Battery level: 99 | Time difference: -1
04-03 12:02:53.657 I/System.out( 3820): Location: -2.80906184 56.33996527 | GPSNavigator running:true
04-03 12:02:53.657 I/System.out( 3820): Battery level: 99 | Time difference: -1
04-03 12:02:53.878 I/System.out( 3820): Location: -2.80906184 56.33996527 | GPSNavigator running:true
04-03 12:02:53.888 I/System.out( 3820): Battery level: 99 | Time difference: -1
04-03 12:02:54.678 I/System.out( 3820): Location: -2.80906179 56.33996528 | GPSNavigator running:true
04-03 12:02:54.678 I/System.out( 3820): Battery level: 99 | Time difference: -1
04-03 12:02:55.419 I/System.out( 3820): Location: -2.80906179 56.33996527 | GPSNavigator running:true
04-03 12:02:55.419 I/System.out( 3820): Battery level: 99 | Time difference: -1
04-03 12:02:56.660 I/System.out( 3820): Location: -2.80906174 56.33996529 | GPSNavigator running:true
04-03 12:02:56.660 I/System.out( 3820): Battery level: 99 | Time difference: -1
04-03 12:02:56.891 I/System.out( 3820): Location: -2.80906174 56.33996529 | GPSNavigator running:true
04-03 12:02:56.891 I/System.out( 3820): Battery level: 99 | Time difference: -1
04-03 12:02:57.681 I/System.out( 3820): Location: -2.80906163 56.33996535 | GPSNavigator running:true
04-03 12:02:57.681 I/System.out( 3820): Battery level: 99 | Time difference: -1
04-03 12:02:58.422 I/System.out( 3820): Location: -2.80906151 56.33996543 | GPSNavigator running:true
04-03 12:02:58.422 I/System.out( 3820): Battery level: 99 | Time difference: -1
04-03 12:02:59.663 I/System.out( 3820): Location: -2.80906141 56.33996549 | GPSNavigator running:true
04-03 12:02:59.663 I/System.out( 3820): Battery level: 99 | Time difference: -1
04-03 12:02:59.894 I/System.out( 3820): Location: -2.80906141 56.33996549 | GPSNavigator running:true
04-03 12:02:59.894 I/System.out( 3820): Battery level: 99 | Time difference: -1
04-03 12:03:00.684 I/System.out( 3820): Location: -2.80906133 56.33996553 | GPSNavigator running:true
04-03 12:03:00.684 I/System.out( 3820): Battery level: 99 | Time difference: -1
04-03 12:03:01.425 I/System.out( 3820): Location: -2.80906133 56.33996552 | GPSNavigator running:true
04-03 12:03:01.425 I/System.out( 3820): Battery level: 99 | Time difference: -1
04-03 12:03:02.666 I/System.out( 3820): Location: -2.80906125 56.33996556 | GPSNavigator running:true
04-03 12:03:02.666 I/System.out( 3820): Battery level: 99 | Time difference: -1
04-03 12:03:02.896 I/System.out( 3820): Location: -2.80906125 56.33996556 | GPSNavigator running:true
04-03 12:03:02.896 I/System.out( 3820): Battery level: 99 | Time difference: -1
04-03 12:03:03.687 I/System.out( 3820): Location: -2.80906122 56.33996554 | GPSNavigator running:true
04-03 12:03:03.687 I/System.out( 3820): Battery level: 99 | Time difference: -1
04-03 12:03:04.058 D/dalvikvm(  704): GC_CONCURRENT freed 385K, 9% free 10103K/11036K, paused 4ms+2ms, total 50ms
04-03 12:03:04.418 I/System.out( 3820): Location: -2.80906122 56.33996551 | GPSNavigator running:true
04-03 12:03:04.418 I/System.out( 3820): Battery level: 99 | Time difference: -1
04-03 12:03:05.669 I/System.out( 3820): Location: -2.8090612 56.3399655 | GPSNavigator running:true
04-03 12:03:05.669 I/System.out( 3820): Battery level: 99 | Time difference: -1
04-03 12:03:05.889 I/System.out( 3820): Location: -2.8090612 56.3399655 | GPSNavigator running:true
04-03 12:03:05.889 I/System.out( 3820): Battery level: 99 | Time difference: -1
04-03 12:03:06.690 I/System.out( 3820): Location: -2.80906115 56.33996552 | GPSNavigator running:true
04-03 12:03:06.690 I/System.out( 3820): Battery level: 99 | Time difference: -1
04-03 12:03:07.431 I/System.out( 3820): Location: -2.80906112 56.33996552 | GPSNavigator running:true
04-03 12:03:07.431 I/System.out( 3820): Battery level: 99 | Time difference: -1
04-03 12:03:08.672 I/System.out( 3820): Location: -2.80906105 56.33996554 | GPSNavigator running:true
04-03 12:03:08.672 I/System.out( 3820): Battery level: 99 | Time difference: -1
04-03 12:03:08.892 I/System.out( 3820): Location: -2.80906105 56.33996554 | GPSNavigator running:true
04-03 12:03:08.892 I/System.out( 3820): Battery level: 99 | Time difference: -1
04-03 12:03:09.693 I/System.out( 3820): Location: -2.80906095 56.33996561 | GPSNavigator running:true
04-03 12:03:09.693 I/System.out( 3820): Battery level: 99 | Time difference: -1
04-03 12:03:10.434 I/System.out( 3820): Location: -2.80906083 56.33996568 | GPSNavigator running:true
04-03 12:03:10.434 I/System.out( 3820): Battery level: 99 | Time difference: -1
04-03 12:03:11.665 I/System.out( 3820): Location: -2.8090607 56.33996575 | GPSNavigator running:true
04-03 12:03:11.665 I/System.out( 3820): Battery level: 99 | Time difference: -1
04-03 12:03:11.895 I/System.out( 3820): Location: -2.8090607 56.33996575 | GPSNavigator running:true
04-03 12:03:11.895 I/System.out( 3820): Battery level: 99 | Time difference: -1
04-03 12:03:12.696 I/System.out( 3820): Location: -2.80906059 56.3399658 | GPSNavigator running:true
04-03 12:03:12.696 I/System.out( 3820): Battery level: 99 | Time difference: -1
04-03 12:03:13.437 I/System.out( 3820): Location: -2.80906045 56.33996588 | GPSNavigator running:true
04-03 12:03:13.437 I/System.out( 3820): Battery level: 99 | Time difference: -1
04-03 12:03:14.668 I/System.out( 3820): Location: -2.80906031 56.33996595 | GPSNavigator running:true
04-03 12:03:14.668 I/System.out( 3820): Battery level: 99 | Time difference: -1
04-03 12:03:14.898 I/System.out( 3820): Location: -2.80906031 56.33996595 | GPSNavigator running:true
04-03 12:03:14.898 I/System.out( 3820): Battery level: 99 | Time difference: -1
04-03 12:03:15.689 I/System.out( 3820): Location: -2.80906021 56.339966 | GPSNavigator running:true
04-03 12:03:15.689 I/System.out( 3820): Battery level: 99 | Time difference: -1
04-03 12:03:16.430 I/System.out( 3820): Location: -2.80906015 56.33996604 | GPSNavigator running:true
04-03 12:03:16.430 I/System.out( 3820): Battery level: 99 | Time difference: -1
04-03 12:03:17.671 I/System.out( 3820): Location: -2.80906011 56.33996609 | GPSNavigator running:true
04-03 12:03:17.671 I/System.out( 3820): Battery level: 99 | Time difference: -1
