--------- beginning of /dev/log/main
04-03 13:29:56.653 D/AndroidRuntime( 7697): 
04-03 13:29:56.653 D/AndroidRuntime( 7697): >>>>>> AndroidRuntime START com.android.internal.os.RuntimeInit <<<<<<
04-03 13:29:56.653 D/AndroidRuntime( 7697): CheckJNI is OFF
04-03 13:29:56.663 D/dalvikvm( 7697): Trying to load lib libjavacore.so 0x0
04-03 13:29:56.663 D/dalvikvm( 7697): Added shared lib libjavacore.so 0x0
04-03 13:29:56.673 D/dalvikvm( 7697): Trying to load lib libnativehelper.so 0x0
04-03 13:29:56.673 D/dalvikvm( 7697): Added shared lib libnativehelper.so 0x0
04-03 13:29:56.813 D/AndroidRuntime( 7697): Calling main entry com.android.commands.pm.Pm
--------- beginning of /dev/log/system
04-03 13:29:56.833 I/ActivityManager(  511): Start proc com.android.defcontainer for service com.android.defcontainer/.DefaultContainerService: pid=7711 uid=10013 gids={50013, 1015, 1023, 2001, 1028}
04-03 13:29:56.863 W/ActivityManager(  511): No content provider found for permission revoke: file:///data/local/tmp/NaiveGPSLocalization.apk
04-03 13:29:56.873 I/ActivityManager(  511): Start proc com.android.vending for broadcast com.android.vending/com.google.android.vending.verifier.PackageVerificationReceiver: pid=7724 uid=10049 gids={50049, 3003, 1015, 1028}
04-03 13:29:56.953 D/Finsky  ( 7724): [1] FinskyApp.onCreate: Initializing network with DFE https://android.clients.google.com/fdfe/
04-03 13:29:56.983 D/Finsky  ( 7724): [1] DailyHygiene.goMakeHygieneIfDirty: Dirty, need more hygiene.
04-03 13:29:56.983 D/dalvikvm( 7724): GC_CONCURRENT freed 282K, 4% free 9037K/9356K, paused 3ms+2ms, total 22ms
04-03 13:29:57.013 W/Settings( 7724): Setting download_manager_max_bytes_over_mobile has moved from android.provider.Settings.Secure to android.provider.Settings.Global.
04-03 13:29:57.013 W/Settings( 7724): Setting download_manager_recommended_max_bytes_over_mobile has moved from android.provider.Settings.Secure to android.provider.Settings.Global.
04-03 13:29:57.023 W/Finsky  ( 7724): [1] FinskyApp.getCurrentAccount: No account configured on this device.
04-03 13:29:57.023 W/Finsky  ( 7724): [1] FinskyApp.getDfeApi: No account configured on this device.
04-03 13:29:57.023 D/Finsky  ( 7724): [1] PackageVerificationReceiver.checkPrerequisites: Skipping verification because network inactive
04-03 13:29:57.033 D/Finsky  ( 7724): [1] PackageVerificationReceiver.checkPrerequisites: Skipping verification because network inactive
04-03 13:29:57.033 W/ActivityManager(  511): No content provider found for permission revoke: file:///data/local/tmp/NaiveGPSLocalization.apk
04-03 13:29:57.033 I/PackageManager(  511): Copying native libraries to /data/app-lib/vmdl-357295897
04-03 13:29:57.033 W/PackageManager(  511): Invalid verification token 3 received
04-03 13:29:57.053 D/Finsky  ( 7724): [1] GmsCoreHelper.cleanupNlp: result=false type=4
04-03 13:29:57.083 I/ActivityManager(  511): Force stopping package uk.ac.st_andrews.cs.host.mk74.naivegpslocalization appid=10101 user=-1
04-03 13:29:57.204 I/PackageManager(  511): Running dexopt on: uk.ac.st_andrews.cs.host.mk74.naivegpslocalization
04-03 13:29:57.204 I/PackageManager(  511): Package uk.ac.st_andrews.cs.host.mk74.naivegpslocalization codePath changed from /data/app/uk.ac.st_andrews.cs.host.mk74.naivegpslocalization-2.apk to /data/app/uk.ac.st_andrews.cs.host.mk74.naivegpslocalization-1.apk; Retaining data and using new
04-03 13:29:57.474 D/dalvikvm( 7756): DexOpt: load 47ms, verify+opt 172ms, 1004052 bytes
04-03 13:29:57.534 W/PackageManager(  511): Code path for pkg : uk.ac.st_andrews.cs.host.mk74.naivegpslocalization changing from /data/app/uk.ac.st_andrews.cs.host.mk74.naivegpslocalization-2.apk to /data/app/uk.ac.st_andrews.cs.host.mk74.naivegpslocalization-1.apk
04-03 13:29:57.534 I/ActivityManager(  511): Force stopping package uk.ac.st_andrews.cs.host.mk74.naivegpslocalization appid=10101 user=-1
04-03 13:29:57.534 W/PackageManager(  511): Resource path for pkg : uk.ac.st_andrews.cs.host.mk74.naivegpslocalization changing from /data/app/uk.ac.st_andrews.cs.host.mk74.naivegpslocalization-2.apk to /data/app/uk.ac.st_andrews.cs.host.mk74.naivegpslocalization-1.apk
04-03 13:29:57.674 I/ActivityManager(  511): Force stopping package uk.ac.st_andrews.cs.host.mk74.naivegpslocalization appid=10101 user=0
04-03 13:29:57.684 W/ActivityManager(  511): Skipping broadcast of Intent { act=android.intent.action.PACKAGE_REMOVED dat=package:uk.ac.st_andrews.cs.host.mk74.naivegpslocalization flg=0x8000010 (has extras) }: user 10 is stopped
04-03 13:29:57.694 I/InputReader(  511): Reconfiguring input devices.  changes=0x00000010
04-03 13:29:57.694 I/ActivityManager(  511): Start proc android.process.acore for broadcast com.android.providers.contacts/.PackageIntentReceiver: pid=7757 uid=10000 gids={50000, 3003, 1015, 1028}
04-03 13:29:57.704 I/InputReader(  511): Reconfiguring input devices.  changes=0x00000010
04-03 13:29:57.744 W/ActivityManager(  511): Skipping broadcast of Intent { act=android.intent.action.PACKAGE_ADDED dat=package:uk.ac.st_andrews.cs.host.mk74.naivegpslocalization flg=0x8000010 (has extras) }: user 10 is stopped
04-03 13:29:57.764 W/ActivityManager(  511): Skipping broadcast of Intent { act=android.intent.action.PACKAGE_REPLACED dat=package:uk.ac.st_andrews.cs.host.mk74.naivegpslocalization flg=0x8000010 (has extras) }: user 10 is stopped
04-03 13:29:57.774 W/ActivityManager(  511): Skipping broadcast of Intent { act=android.intent.action.MY_PACKAGE_REPLACED flg=0x8000010 pkg=uk.ac.st_andrews.cs.host.mk74.naivegpslocalization (has extras) }: user 10 is stopped
04-03 13:29:57.784 D/dalvikvm(  758): GC_CONCURRENT freed 389K, 5% free 9156K/9580K, paused 1ms+1ms, total 13ms
04-03 13:29:57.824 D/BackupManagerService(  511): Received broadcast Intent { act=android.intent.action.PACKAGE_REMOVED dat=package:uk.ac.st_andrews.cs.host.mk74.naivegpslocalization flg=0x8000010 (has extras) }
04-03 13:29:57.834 D/BackupManagerService(  511): Received broadcast Intent { act=android.intent.action.PACKAGE_ADDED dat=package:uk.ac.st_andrews.cs.host.mk74.naivegpslocalization flg=0x8000010 (has extras) }
04-03 13:29:57.834 V/BackupManagerService(  511): removePackageParticipantsLocked: uid=10101 #1
04-03 13:29:57.854 D/dalvikvm( 7757): GC_CONCURRENT freed 197K, 3% free 9104K/9340K, paused 2ms+2ms, total 20ms
04-03 13:29:57.854 D/dalvikvm(  511): GC_EXPLICIT freed 1270K, 19% free 16645K/20396K, paused 3ms+8ms, total 84ms
04-03 13:29:57.854 V/BackupManagerService(  511): addPackageParticipantsLocked: #1
04-03 13:29:57.864 D/AndroidRuntime( 7697): Shutting down VM
04-03 13:29:57.864 D/jdwp    ( 7697): Got wake-up signal, bailing out of select
04-03 13:29:57.864 D/dalvikvm( 7697): Debugger has detached; object registry had 1 entries
04-03 13:29:57.884 I/ActivityManager(  511): Start proc com.android.keychain for broadcast com.android.keychain/.KeyChainBroadcastReceiver: pid=7782 uid=1000 gids={41000, 1015, 1028, 3002, 3001, 3003, 3007}
04-03 13:29:57.904 W/ContextImpl( 7782): Calling a method in the system process without a qualified user: android.app.ContextImpl.startService:1385 android.content.ContextWrapper.startService:473 android.content.ContextWrapper.startService:473 com.android.keychain.KeyChainBroadcastReceiver.onReceive:12 android.app.ActivityThread.handleReceiver:2424 
04-03 13:29:57.974 I/ContactLocale( 7757): AddressBook Labels [en_US]: [, A, B, C, D, E, F, G, H, I, J, K, L, M, N, O, P, Q, R, S, T, U, V, W, X, Y, Z, Α, Β, Γ, Δ, Ε, Ζ, Η, Θ, Ι, Κ, Λ, Μ, Ν, Ξ, Ο, Π, Ρ, Σ, Τ, Υ, Φ, Χ, Ψ, Ω, , А, Б, В, Г, Д, Е, Є, Ж, З, И, І, Ї, Й, К, Л, М, Н, О, П, Р, С, Т, У, Ф, Х, Ц, Ч, Ш, Щ, Ю, Я, , א, ב, ג, ד, ה, ו, ז, ח, ט, י, כ, ל, מ, נ, ס, ע, פ, צ, ק, ר, ש, ת, , ا, ب, ت, ث, ج, ح, خ, د, ذ, ر, ز, س, ش, ص, ض, ط, ظ, ع, غ, ف, ق, ك, ل, م, ن, ه, و, ي, , ก, ข, ฃ, ค, ฅ, ฆ, ง, จ, ฉ, ช, ซ, ฌ, ญ, ฎ, ฏ, ฐ, ฑ, ฒ, ณ, ด, ต, ถ, ท, ธ, น, บ, ป, ผ, ฝ, พ, ฟ, ภ, ม, ย, ร, ฤ, ล, ฦ, ว, ศ, ษ, ส, ห, ฬ, อ, ฮ, , ㄱ, ㄴ, ㄷ, ㄹ, ㅁ, ㅂ, ㅅ, ㅇ, ㅈ, ㅊ, ㅋ, ㅌ, ㅍ, ㅎ, , あ, か, さ, た, な, は, ま, や, ら, わ, #, ]
04-03 13:29:58.094 I/ActivityManager(  511): Start proc com.android.musicfx for broadcast com.android.musicfx/.Compatibility$Receiver: pid=7796 uid=10042 gids={50042, 3003, 3002, 1028}
04-03 13:29:58.145 I/ActivityManager(  511): Start proc com.google.android.gms for broadcast com.google.android.gms/.games.receiver.GamesSystemBroadcastReceiver: pid=7814 uid=10021 gids={50021, 3003, 1007, 1028, 1015, 1006, 2001, 3006}
04-03 13:29:58.255 I/ActivityManager(  511): Start proc com.google.android.googlequicksearchbox for broadcast com.google.android.googlequicksearchbox/com.google.android.apps.sidekick.GmmLocationProviderImpl$GmmPackageWatcher: pid=7835 uid=10057 gids={50057, 3003, 1028, 3002, 1015}
04-03 13:29:58.315 D/dalvikvm( 7814): GC_CONCURRENT freed 299K, 4% free 9021K/9360K, paused 2ms+3ms, total 40ms
04-03 13:29:58.325 I/ActivityManager(  511): Start proc com.google.android.partnersetup for content provider com.google.android.partnersetup/.RlzAppProvider: pid=7857 uid=10026 gids={50026, 3003, 1028}
04-03 13:29:58.375 D/dalvikvm( 7835): GC_CONCURRENT freed 261K, 4% free 9115K/9412K, paused 3ms+3ms, total 23ms
04-03 13:29:58.375 D/dalvikvm( 7835): WAIT_FOR_CONCURRENT_GC blocked 1ms
04-03 13:29:58.395 D/AndroidRuntime( 7819): 
04-03 13:29:58.395 D/AndroidRuntime( 7819): >>>>>> AndroidRuntime START com.android.internal.os.RuntimeInit <<<<<<
04-03 13:29:58.395 D/AndroidRuntime( 7819): CheckJNI is OFF
04-03 13:29:58.405 W/GAV2    ( 7835): Thread[main,5,main]: Need to call initialize() and be in fallback mode to start dispatch.
04-03 13:29:58.405 D/dalvikvm( 7819): Trying to load lib libjavacore.so 0x0
04-03 13:29:58.405 D/dalvikvm( 7814): No JNI_OnLoad found in /system/lib/libAppDataSearch.so 0x4283f688, skipping init
04-03 13:29:58.405 D/Icing   ( 7814): Init last flush num docs 60 last docstore size 16640
04-03 13:29:58.405 D/Icing   ( 7814): Docid map file has data, scanning...
04-03 13:29:58.405 D/dalvikvm( 7819): Added shared lib libjavacore.so 0x0
04-03 13:29:58.405 D/Icing   ( 7814): Scanning /data/data/com.google.android.gms/files/AppDataSearch/main/cur/ds.docids found 358 documents, last docstore location 96512
04-03 13:29:58.405 D/Icing   ( 7814): File /data/data/com.google.android.gms/files/AppDataSearch/main/cur/ds.perdocdata contains 358 records of size 6
04-03 13:29:58.415 D/dalvikvm( 7819): Trying to load lib libnativehelper.so 0x0
04-03 13:29:58.415 D/dalvikvm( 7819): Added shared lib libnativehelper.so 0x0
04-03 13:29:58.545 I/PeopleDatabaseHelper( 7814): cleanUpNonGplusAccounts done.
04-03 13:29:58.545 D/AndroidRuntime( 7819): Calling main entry com.android.commands.am.Am
04-03 13:29:58.555 D/dalvikvm( 7819): Note: class Landroid/app/ActivityManagerNative; has 163 unimplemented (abstract) methods
04-03 13:29:58.555 I/ActivityManager(  511): START u0 {act=android.intent.action.MAIN cat=[android.intent.category.LAUNCHER] flg=0x10000000 cmp=uk.ac.st_andrews.cs.host.mk74.naivegpslocalization/.MainActivity} from pid 7819
04-03 13:29:58.575 D/AndroidRuntime( 7819): Shutting down VM
04-03 13:29:58.575 D/jdwp    ( 7819): Got wake-up signal, bailing out of select
04-03 13:29:58.575 D/dalvikvm( 7819): Debugger has detached; object registry had 1 entries
04-03 13:29:58.585 D/dalvikvm( 7918): Late-enabling CheckJNI
04-03 13:29:58.585 I/ActivityManager(  511): Start proc uk.ac.st_andrews.cs.host.mk74.naivegpslocalization for activity uk.ac.st_andrews.cs.host.mk74.naivegpslocalization/.MainActivity: pid=7918 uid=10101 gids={50101, 1028}
04-03 13:29:58.605 E/jdwp    ( 7918): Failed sending reply to debugger: Broken pipe
04-03 13:29:58.605 D/dalvikvm( 7918): Debugger has detached; object registry had 1 entries
04-03 13:29:58.615 D/dalvikvm( 7814): GC_CONCURRENT freed 262K, 4% free 9165K/9464K, paused 10ms+18ms, total 53ms
04-03 13:29:58.625 I/Velvet.VelvetFactory( 7835): refreshing internal icing corpora
04-03 13:29:58.625 I/GCoreUlr(  704): Ensuring that reporting is stopped because of reasons: (no Google accounts)
04-03 13:29:58.625 D/GCoreFlp(  704): Unknown pending intent to remove.
04-03 13:29:58.635 I/GCoreUlr(  704): Unbound from all location providers
04-03 13:29:58.645 D/Icing   ( 7814): Corpus scoring data inited successfully num corpora 1
04-03 13:29:58.655 D/Icing   ( 7814): Init docstore ok num docs 358 bytes 96768
04-03 13:29:58.655 V/Icing   ( 7814): Lite index crc computed in 0.092ms
04-03 13:29:58.655 V/Icing   ( 7814): Lite index init ok in 2.258ms
04-03 13:29:58.655 D/Icing   ( 7814): Lite index recovered docid (59, 357]
04-03 13:29:58.655 V/Icing   ( 7814): Warming lite-index took 0.031ms
04-03 13:29:58.655 V/Icing   ( 7814): Warming lexicon took 0.031ms
04-03 13:29:58.655 V/Icing   ( 7814): Warming display mappings took 0.000ms
04-03 13:29:58.655 D/Icing   ( 7814): Init index ok num docs 358
04-03 13:29:58.655 D/Icing   ( 7814): Init done
04-03 13:29:58.685 I/Recovery( 7814): Received: Intent { act=com.google.android.gms.INITIALIZE flg=0x10 pkg=com.google.android.gms cmp=com.google.android.gms/.recovery.AccountRecoveryBackgroundService$Receiver }
04-03 13:29:58.685 I/Velvet.VelvetFactory( 7835): refreshing search history.
04-03 13:29:58.685 W/GAV2    ( 7835): Thread[Thread-367,5,main]: dispatch call queued.  Need to call GAServiceManager.getInstance().initialize().
04-03 13:29:58.695 D/libEGL  ( 7918): loaded /system/lib/egl/libEGL_adreno200.so
04-03 13:29:58.695 D/libEGL  ( 7918): loaded /system/lib/egl/libGLESv1_CM_adreno200.so
04-03 13:29:58.695 D/libEGL  ( 7918): loaded /system/lib/egl/libGLESv2_adreno200.so
04-03 13:29:58.695 D/GCM     (  797): GcmService start Intent { act=com.google.android.gms.INITIALIZE flg=0x10 pkg=com.google.android.gms cmp=com.google.android.gms/.gcm.GcmService } com.google.android.gms.INITIALIZE
04-03 13:29:58.695 I/Adreno200-EGL( 7918): <qeglDrvAPI_eglInitialize:265>: EGL 1.4 QUALCOMM Build: Iabe52cfaeae4c5fab1acacfe6f056ba15fa93274
04-03 13:29:58.725 D/dalvikvm( 7835): GC_CONCURRENT freed 254K, 4% free 9273K/9564K, paused 3ms+3ms, total 58ms
04-03 13:29:58.745 I/Icing   ( 7814): 0 corpora need re-polling
04-03 13:29:58.745 D/OpenGLRenderer( 7918): Enabling debug mode 0
04-03 13:29:58.745 W/Sidekick_LocationOracleImpl( 7835): Best location was null
04-03 13:29:58.755 E/Velvet.VelvetBackgroundTasksImpl( 7835): Background task refresh_search_history failed
04-03 13:29:58.755 E/Velvet.VelvetBackgroundTasksImpl( 7835): java.lang.NullPointerException
04-03 13:29:58.755 E/Velvet.VelvetBackgroundTasksImpl( 7835): 	at com.google.common.base.Preconditions.checkNotNull(Preconditions.java:187)
04-03 13:29:58.755 E/Velvet.VelvetBackgroundTasksImpl( 7835): 	at com.google.android.apps.sidekick.LocationOracleImpl.getBgHandler(LocationOracleImpl.java:280)
04-03 13:29:58.755 E/Velvet.VelvetBackgroundTasksImpl( 7835): 	at com.google.android.apps.sidekick.LocationOracleImpl.requestRecentLocation(LocationOracleImpl.java:568)
04-03 13:29:58.755 E/Velvet.VelvetBackgroundTasksImpl( 7835): 	at com.google.android.searchcommon.google.complete.AndroidProxySuggestionFetcher.fetch(AndroidProxySuggestionFetcher.java:82)
04-03 13:29:58.755 E/Velvet.VelvetBackgroundTasksImpl( 7835): 	at com.google.android.searchcommon.google.complete.CompleteServerClient.query(CompleteServerClient.java:91)
04-03 13:29:58.755 E/Velvet.VelvetBackgroundTasksImpl( 7835): 	at com.google.android.searchcommon.google.AbstractGoogleWebSource.doQueryInternal(AbstractGoogleWebSource.java:61)
04-03 13:29:58.755 E/Velvet.VelvetBackgroundTasksImpl( 7835): 	at com.google.android.searchcommon.google.AbstractGoogleSource.getSuggestions(AbstractGoogleSource.java:65)
04-03 13:29:58.755 E/Velvet.VelvetBackgroundTasksImpl( 7835): 	at com.google.android.searchcommon.google.WebSuggestSourceWrapper.getSuggestions(WebSuggestSourceWrapper.java:55)
04-03 13:29:58.755 E/Velvet.VelvetBackgroundTasksImpl( 7835): 	at com.google.android.searchcommon.google.WebSuggestSourceWithLocalHistory.getSuggestions(WebSuggestSourceWithLocalHistory.java:111)
04-03 13:29:58.755 E/Velvet.VelvetBackgroundTasksImpl( 7835): 	at com.google.android.searchcommon.google.WebSuggestSourceWrapper.getSuggestions(WebSuggestSourceWrapper.java:55)
04-03 13:29:58.755 E/Velvet.VelvetBackgroundTasksImpl( 7835): 	at com.google.android.searchcommon.google.ZeroQueryCachingWebSuggestSource.getSuggestions(ZeroQueryCachingWebSuggestSource.java:105)
04-03 13:29:58.755 E/Velvet.VelvetBackgroundTasksImpl( 7835): 	at com.google.android.searchcommon.google.WebSuggestSourceWrapper.getSuggestions(WebSuggestSourceWrapper.java:55)
04-03 13:29:58.755 E/Velvet.VelvetBackgroundTasksImpl( 7835): 	at com.google.android.searchcommon.google.DeletedQueryRemovingSourceWrapper.getSuggestions(DeletedQueryRemovingSourceWrapper.java:48)
04-03 13:29:58.755 E/Velvet.VelvetBackgroundTasksImpl( 7835): 	at com.google.android.velvet.VelvetFactory$1.call(VelvetFactory.java:559)
04-03 13:29:58.755 E/Velvet.VelvetBackgroundTasksImpl( 7835): 	at com.google.android.velvet.VelvetFactory$1.call(VelvetFactory.java:555)
04-03 13:29:58.755 E/Velvet.VelvetBackgroundTasksImpl( 7835): 	at java.util.concurrent.FutureTask.run(FutureTask.java:234)
04-03 13:29:58.755 E/Velvet.VelvetBackgroundTasksImpl( 7835): 	at com.google.android.searchcommon.util.NamingTaskExecutor$1.run(NamingTaskExecutor.java:50)
04-03 13:29:58.755 E/Velvet.VelvetBackgroundTasksImpl( 7835): 	at java.util.concurrent.Executors$RunnableAdapter.call(Executors.java:390)
04-03 13:29:58.755 E/Velvet.VelvetBackgroundTasksImpl( 7835): 	at java.util.concurrent.FutureTask.run(FutureTask.java:234)
04-03 13:29:58.755 E/Velvet.VelvetBackgroundTasksImpl( 7835): 	at java.util.concurrent.ScheduledThreadPoolExecutor$ScheduledFutureTask.access$201(ScheduledThreadPoolExecutor.java:153)
04-03 13:29:58.755 E/Velvet.VelvetBackgroundTasksImpl( 7835): 	at java.util.concurrent.ScheduledThreadPoolExecutor$ScheduledFutureTask.run(ScheduledThreadPoolExecutor.java:267)
04-03 13:29:58.755 E/Velvet.VelvetBackgroundTasksImpl( 7835): 	at java.util.concurrent.ThreadPoolExecutor.runWorker(ThreadPoolExecutor.java:1080)
04-03 13:29:58.755 E/Velvet.VelvetBackgroundTasksImpl( 7835): 	at java.util.concurrent.ThreadPoolExecutor$Worker.run(ThreadPoolExecutor.java:573)
04-03 13:29:58.755 E/Velvet.VelvetBackgroundTasksImpl( 7835): 	at java.lang.Thread.run(Thread.java:841)
04-03 13:29:58.755 E/Velvet.VelvetBackgroundTasksImpl( 7835): 	at com.google.android.searchcommon.util.PriorityThreadFactory$1.run(PriorityThreadFactory.java:49)
04-03 13:29:58.795 I/ActivityManager(  511): Displayed uk.ac.st_andrews.cs.host.mk74.naivegpslocalization/.MainActivity: +232ms
04-03 13:29:58.825 D/dalvikvm( 7757): GC_CONCURRENT freed 189K, 3% free 9383K/9612K, paused 2ms+2ms, total 15ms
04-03 13:29:59.886 W/ActivityManager(  511): Permission denied: checkComponentPermission() owningUid=10057
04-03 13:29:59.886 W/ActivityManager(  511): Permission denied: checkComponentPermission() owningUid=10057
04-03 13:29:59.926 W/ActivityManager(  511): Permission denied: checkComponentPermission() owningUid=10057
04-03 13:29:59.926 W/ActivityManager(  511): Permission denied: checkComponentPermission() owningUid=10057
04-03 13:29:59.936 W/ActivityManager(  511): Permission denied: checkComponentPermission() owningUid=10057
04-03 13:29:59.936 W/ActivityManager(  511): Permission denied: checkComponentPermission() owningUid=10057
04-03 13:29:59.946 W/ActivityManager(  511): Permission denied: checkComponentPermission() owningUid=10057
04-03 13:29:59.946 W/ActivityManager(  511): Permission denied: checkComponentPermission() owningUid=10057
04-03 13:29:59.986 W/ActivityManager(  511): Permission denied: checkComponentPermission() owningUid=10057
04-03 13:29:59.986 W/ActivityManager(  511): Permission denied: checkComponentPermission() owningUid=10057
04-03 13:30:00.016 D/dalvikvm( 7814): GC_CONCURRENT freed 354K, 5% free 9222K/9616K, paused 2ms+35ms, total 54ms
04-03 13:30:00.036 W/ActivityManager(  511): Permission denied: checkComponentPermission() owningUid=10057
04-03 13:30:00.036 W/ActivityManager(  511): Permission denied: checkComponentPermission() owningUid=10057
04-03 13:30:01.198 V/DigitalWidgetViewsFactory( 7362): DigitalWidget sets next alarm string to null
04-03 13:30:01.238 D/dalvikvm( 7362): GC_CONCURRENT freed 264K, 4% free 8984K/9288K, paused 1ms+1ms, total 19ms
04-03 13:30:01.678 I/System.out( 7918): Location: unknown | GPSNavigator running:true
04-03 13:30:01.678 I/System.out( 7918): Battery level: 100 | Time difference: -1
04-03 13:30:03.410 W/GAV2    ( 7835): Thread[GAThread,5,main]: Service unavailable (code=1), will retry.
04-03 13:30:03.410 W/ActivityManager(  511): Unable to start service Intent { act=com.google.android.gms.analytics.service.START (has extras) } U=0: not found
04-03 13:30:03.430 I/GAV2    ( 7835): Thread[GAThread,5,main]: No campaign data found.
04-03 13:30:04.681 I/System.out( 7918): Location: unknown | GPSNavigator running:true
04-03 13:30:04.681 I/System.out( 7918): Battery level: 100 | Time difference: -1
04-03 13:30:07.684 I/System.out( 7918): Location: unknown | GPSNavigator running:true
04-03 13:30:07.684 I/System.out( 7918): Battery level: 100 | Time difference: -1
04-03 13:30:07.694 D/dalvikvm( 7918): Debugger has detached; object registry had 1 entries
04-03 13:30:07.704 D/dalvikvm( 7243): Debugger has detached; object registry had 1 entries
04-03 13:30:08.405 D/PicasaSyncManager( 7092): battery info: false
04-03 13:30:08.415 D/PicasaUploaderSyncManager( 7115): battery info: false
04-03 13:30:08.425 W/GAV2    ( 7835): Thread[Service Reconnect,5,main]: Service unavailable (code=1), using local store.
04-03 13:30:08.425 W/ActivityManager(  511): Unable to start service Intent { act=com.google.android.gms.analytics.service.START (has extras) } U=0: not found
04-03 13:30:10.687 I/System.out( 7918): Location: unknown | GPSNavigator running:true
04-03 13:30:10.687 I/System.out( 7918): Battery level: 100 | Time difference: -1
04-03 13:30:13.520 D/dalvikvm( 7724): GC_CONCURRENT freed 226K, 3% free 9195K/9460K, paused 2ms+4ms, total 23ms
04-03 13:30:13.640 D/dalvikvm( 7724): GC_CONCURRENT freed 127K, 2% free 9456K/9624K, paused 2ms+2ms, total 19ms
04-03 13:30:13.650 D/Finsky  ( 7724): [1] 5.onFinished: Installation state replication succeeded.
04-03 13:30:13.680 I/System.out( 7918): Location: unknown | GPSNavigator running:true
04-03 13:30:13.680 I/System.out( 7918): Battery level: 100 | Time difference: -1
04-03 13:30:16.693 I/System.out( 7918): Location: unknown | GPSNavigator running:true
04-03 13:30:16.693 I/System.out( 7918): Battery level: 100 | Time difference: -1
04-03 13:30:19.686 I/System.out( 7918): Location: unknown | GPSNavigator running:true
04-03 13:30:19.686 I/System.out( 7918): Battery level: 100 | Time difference: -1
04-03 13:30:22.688 I/System.out( 7918): Location: unknown | GPSNavigator running:true
04-03 13:30:22.688 I/System.out( 7918): Battery level: 100 | Time difference: -1
04-03 13:30:25.691 I/System.out( 7918): Location: unknown | GPSNavigator running:true
04-03 13:30:25.691 I/System.out( 7918): Battery level: 100 | Time difference: -1
04-03 13:30:28.694 I/System.out( 7918): Location: unknown | GPSNavigator running:true
04-03 13:30:28.694 I/System.out( 7918): Battery level: 100 | Time difference: -1
04-03 13:30:31.687 I/System.out( 7918): Location: unknown | GPSNavigator running:true
04-03 13:30:31.687 I/System.out( 7918): Battery level: 100 | Time difference: -1
04-03 13:30:34.690 I/System.out( 7918): Location: unknown | GPSNavigator running:true
04-03 13:30:34.700 I/System.out( 7918): Battery level: 100 | Time difference: -1
04-03 13:30:37.703 I/System.out( 7918): Location: unknown | GPSNavigator running:true
04-03 13:30:37.703 I/System.out( 7918): Battery level: 100 | Time difference: -1
04-03 13:30:40.706 I/System.out( 7918): Location: unknown | GPSNavigator running:true
04-03 13:30:40.706 I/System.out( 7918): Battery level: 100 | Time difference: -1
04-03 13:30:43.699 I/System.out( 7918): Location: unknown | GPSNavigator running:true
04-03 13:30:43.699 I/System.out( 7918): Battery level: 100 | Time difference: -1
04-03 13:30:46.702 I/System.out( 7918): Location: unknown | GPSNavigator running:true
04-03 13:30:46.702 I/System.out( 7918): Battery level: 100 | Time difference: -1
04-03 13:30:49.705 I/System.out( 7918): Location: unknown | GPSNavigator running:true
04-03 13:30:49.705 I/System.out( 7918): Battery level: 100 | Time difference: -1
04-03 13:30:52.708 I/System.out( 7918): Location: unknown | GPSNavigator running:true
04-03 13:30:52.708 I/System.out( 7918): Battery level: 100 | Time difference: -1
04-03 13:30:55.711 I/System.out( 7918): Location: unknown | GPSNavigator running:true
04-03 13:30:55.711 I/System.out( 7918): Battery level: 100 | Time difference: -1
04-03 13:30:58.714 I/System.out( 7918): Location: unknown | GPSNavigator running:true
04-03 13:30:58.714 I/System.out( 7918): Battery level: 100 | Time difference: -1
04-03 13:31:01.717 I/System.out( 7918): Location: unknown | GPSNavigator running:true
04-03 13:31:01.717 I/System.out( 7918): Battery level: 100 | Time difference: -1
04-03 13:31:04.709 I/System.out( 7918): Location: unknown | GPSNavigator running:true
04-03 13:31:04.709 I/System.out( 7918): Battery level: 100 | Time difference: -1
04-03 13:31:07.712 I/System.out( 7918): Location: unknown | GPSNavigator running:true
04-03 13:31:07.712 I/System.out( 7918): Battery level: 100 | Time difference: -1
04-03 13:31:10.465 D/dalvikvm(  511): GC_CONCURRENT freed 1689K, 18% free 16779K/20396K, paused 7ms+6ms, total 86ms
04-03 13:31:10.715 I/System.out( 7918): Location: unknown | GPSNavigator running:true
04-03 13:31:10.715 I/System.out( 7918): Battery level: 100 | Time difference: -1
04-03 13:31:13.708 I/System.out( 7918): Location: unknown | GPSNavigator running:true
04-03 13:31:13.708 I/System.out( 7918): Battery level: 100 | Time difference: -1
04-03 13:31:16.711 I/System.out( 7918): Location: unknown | GPSNavigator running:true
04-03 13:31:16.711 I/System.out( 7918): Battery level: 100 | Time difference: -1
04-03 13:31:19.714 I/System.out( 7918): Location: unknown | GPSNavigator running:true
04-03 13:31:19.724 I/System.out( 7918): Battery level: 100 | Time difference: -1
04-03 13:31:22.717 I/System.out( 7918): Location: unknown | GPSNavigator running:true
04-03 13:31:22.717 I/System.out( 7918): Battery level: 100 | Time difference: -1
04-03 13:31:25.720 I/System.out( 7918): Location: unknown | GPSNavigator running:true
04-03 13:31:25.720 I/System.out( 7918): Battery level: 100 | Time difference: -1
04-03 13:31:26.391 D/dalvikvm(  704): GC_CONCURRENT freed 399K, 10% free 10039K/11036K, paused 6ms+2ms, total 65ms
04-03 13:31:28.723 I/System.out( 7918): Location: unknown | GPSNavigator running:true
04-03 13:31:28.723 I/System.out( 7918): Battery level: 100 | Time difference: -1
04-03 13:31:31.726 I/System.out( 7918): Location: unknown | GPSNavigator running:true
04-03 13:31:31.726 I/System.out( 7918): Battery level: 100 | Time difference: -1
04-03 13:31:34.719 I/System.out( 7918): Location: unknown | GPSNavigator running:true
04-03 13:31:34.719 I/System.out( 7918): Battery level: 100 | Time difference: -1
04-03 13:31:37.732 I/System.out( 7918): Location: unknown | GPSNavigator running:true
04-03 13:31:37.732 I/System.out( 7918): Battery level: 100 | Time difference: -1
04-03 13:31:40.735 I/System.out( 7918): Location: unknown | GPSNavigator running:true
04-03 13:31:40.735 I/System.out( 7918): Battery level: 100 | Time difference: -1
04-03 13:31:43.738 I/System.out( 7918): Location: unknown | GPSNavigator running:true
04-03 13:31:43.738 I/System.out( 7918): Battery level: 100 | Time difference: -1
04-03 13:31:46.740 I/System.out( 7918): Location: unknown | GPSNavigator running:true
04-03 13:31:46.740 I/System.out( 7918): Battery level: 100 | Time difference: -1
04-03 13:31:49.733 I/System.out( 7918): Location: unknown | GPSNavigator running:true
04-03 13:31:49.743 I/System.out( 7918): Battery level: 100 | Time difference: -1
04-03 13:31:52.736 I/System.out( 7918): Location: unknown | GPSNavigator running:true
04-03 13:31:52.736 I/System.out( 7918): Battery level: 100 | Time difference: -1
04-03 13:31:55.739 I/System.out( 7918): Location: unknown | GPSNavigator running:true
04-03 13:31:55.739 I/System.out( 7918): Battery level: 100 | Time difference: -1
04-03 13:31:58.742 I/System.out( 7918): Location: unknown | GPSNavigator running:true
04-03 13:31:58.742 I/System.out( 7918): Battery level: 100 | Time difference: -1
04-03 13:32:01.745 I/System.out( 7918): Location: unknown | GPSNavigator running:true
04-03 13:32:01.745 I/System.out( 7918): Battery level: 100 | Time difference: -1
04-03 13:32:04.748 I/System.out( 7918): Location: unknown | GPSNavigator running:true
04-03 13:32:04.748 I/System.out( 7918): Battery level: 100 | Time difference: -1
04-03 13:32:07.741 I/System.out( 7918): Location: unknown | GPSNavigator running:true
04-03 13:32:07.741 I/System.out( 7918): Battery level: 100 | Time difference: -1
04-03 13:32:10.744 I/System.out( 7918): Location: unknown | GPSNavigator running:true
04-03 13:32:10.744 I/System.out( 7918): Battery level: 100 | Time difference: -1
04-03 13:32:13.747 I/System.out( 7918): Location: unknown | GPSNavigator running:true
04-03 13:32:13.747 I/System.out( 7918): Battery level: 100 | Time difference: -1
04-03 13:32:16.750 I/System.out( 7918): Location: unknown | GPSNavigator running:true
04-03 13:32:16.750 I/System.out( 7918): Battery level: 100 | Time difference: -1
04-03 13:32:19.753 I/System.out( 7918): Location: unknown | GPSNavigator running:true
04-03 13:32:19.753 I/System.out( 7918): Battery level: 100 | Time difference: -1
04-03 13:32:22.756 I/System.out( 7918): Location: unknown | GPSNavigator running:true
04-03 13:32:22.756 I/System.out( 7918): Battery level: 100 | Time difference: -1
04-03 13:32:25.749 I/System.out( 7918): Location: unknown | GPSNavigator running:true
04-03 13:32:25.749 I/System.out( 7918): Battery level: 100 | Time difference: -1
04-03 13:32:28.761 I/System.out( 7918): Location: unknown | GPSNavigator running:true
04-03 13:32:28.761 I/System.out( 7918): Battery level: 100 | Time difference: -1
04-03 13:32:31.764 I/System.out( 7918): Location: unknown | GPSNavigator running:true
04-03 13:32:31.764 I/System.out( 7918): Battery level: 100 | Time difference: -1
04-03 13:32:34.757 I/System.out( 7918): Location: unknown | GPSNavigator running:true
04-03 13:32:34.757 I/System.out( 7918): Battery level: 100 | Time difference: -1
04-03 13:32:37.760 I/System.out( 7918): Location: unknown | GPSNavigator running:true
04-03 13:32:37.760 I/System.out( 7918): Battery level: 100 | Time difference: -1
04-03 13:32:40.763 I/System.out( 7918): Location: unknown | GPSNavigator running:true
04-03 13:32:40.763 I/System.out( 7918): Battery level: 100 | Time difference: -1
04-03 13:32:43.766 I/System.out( 7918): Location: unknown | GPSNavigator running:true
04-03 13:32:43.766 I/System.out( 7918): Battery level: 100 | Time difference: -1
04-03 13:32:46.769 I/System.out( 7918): Location: unknown | GPSNavigator running:true
04-03 13:32:46.769 I/System.out( 7918): Battery level: 100 | Time difference: -1
04-03 13:32:49.772 I/System.out( 7918): Location: unknown | GPSNavigator running:true
04-03 13:32:49.772 I/System.out( 7918): Battery level: 100 | Time difference: -1
04-03 13:32:52.775 I/System.out( 7918): Location: unknown | GPSNavigator running:true
04-03 13:32:52.775 I/System.out( 7918): Battery level: 100 | Time difference: -1
04-03 13:32:55.778 I/System.out( 7918): Location: unknown | GPSNavigator running:true
04-03 13:32:55.778 I/System.out( 7918): Battery level: 100 | Time difference: -1
04-03 13:32:58.771 I/System.out( 7918): Location: unknown | GPSNavigator running:true
04-03 13:32:58.771 I/System.out( 7918): Battery level: 100 | Time difference: -1
04-03 13:33:01.774 I/System.out( 7918): Location: unknown | GPSNavigator running:true
04-03 13:33:01.784 I/System.out( 7918): Battery level: 100 | Time difference: -1
04-03 13:33:04.777 I/System.out( 7918): Location: unknown | GPSNavigator running:true
04-03 13:33:04.777 I/System.out( 7918): Battery level: 100 | Time difference: -1
04-03 13:33:07.780 I/System.out( 7918): Location: unknown | GPSNavigator running:true
04-03 13:33:07.780 I/System.out( 7918): Battery level: 100 | Time difference: -1
04-03 13:33:10.782 I/System.out( 7918): Location: unknown | GPSNavigator running:true
04-03 13:33:10.782 I/System.out( 7918): Battery level: 100 | Time difference: -1
04-03 13:33:13.775 I/System.out( 7918): Location: unknown | GPSNavigator running:true
04-03 13:33:13.775 I/System.out( 7918): Battery level: 100 | Time difference: -1
04-03 13:33:16.778 I/System.out( 7918): Location: unknown | GPSNavigator running:true
04-03 13:33:16.778 I/System.out( 7918): Battery level: 100 | Time difference: -1
04-03 13:33:19.781 I/System.out( 7918): Location: unknown | GPSNavigator running:true
04-03 13:33:19.801 I/System.out( 7918): Battery level: 100 | Time difference: -1
04-03 13:33:22.794 I/System.out( 7918): Location: unknown | GPSNavigator running:true
04-03 13:33:22.794 I/System.out( 7918): Battery level: 100 | Time difference: -1
04-03 13:33:25.797 I/System.out( 7918): Location: unknown | GPSNavigator running:true
04-03 13:33:25.797 I/System.out( 7918): Battery level: 100 | Time difference: -1
04-03 13:33:28.800 I/System.out( 7918): Location: unknown | GPSNavigator running:true
04-03 13:33:28.800 I/System.out( 7918): Battery level: 100 | Time difference: -1
04-03 13:33:31.793 I/System.out( 7918): Location: unknown | GPSNavigator running:true
04-03 13:33:31.793 I/System.out( 7918): Battery level: 100 | Time difference: -1
04-03 13:33:34.796 I/System.out( 7918): Location: unknown | GPSNavigator running:true
04-03 13:33:34.796 I/System.out( 7918): Battery level: 100 | Time difference: -1
04-03 13:33:37.789 I/System.out( 7918): Location: unknown | GPSNavigator running:true
04-03 13:33:37.789 I/System.out( 7918): Battery level: 100 | Time difference: -1
04-03 13:33:40.802 I/System.out( 7918): Location: unknown | GPSNavigator running:true
04-03 13:33:40.802 I/System.out( 7918): Battery level: 100 | Time difference: -1
04-03 13:33:43.805 I/System.out( 7918): Location: unknown | GPSNavigator running:true
04-03 13:33:43.805 I/System.out( 7918): Battery level: 100 | Time difference: -1
04-03 13:33:46.798 I/System.out( 7918): Location: unknown | GPSNavigator running:true
04-03 13:33:46.798 I/System.out( 7918): Battery level: 100 | Time difference: -1
04-03 13:33:49.801 I/System.out( 7918): Location: unknown | GPSNavigator running:true
04-03 13:33:49.801 I/System.out( 7918): Battery level: 100 | Time difference: -1
04-03 13:33:52.803 I/System.out( 7918): Location: unknown | GPSNavigator running:true
04-03 13:33:52.803 I/System.out( 7918): Battery level: 100 | Time difference: -1
04-03 13:33:55.806 I/System.out( 7918): Location: unknown | GPSNavigator running:true
04-03 13:33:55.806 I/System.out( 7918): Battery level: 100 | Time difference: -1
04-03 13:33:58.809 I/System.out( 7918): Location: unknown | GPSNavigator running:true
04-03 13:33:58.809 I/System.out( 7918): Battery level: 100 | Time difference: -1
04-03 13:34:01.812 I/System.out( 7918): Location: unknown | GPSNavigator running:true
04-03 13:34:01.812 I/System.out( 7918): Battery level: 100 | Time difference: -1
04-03 13:34:04.805 I/System.out( 7918): Location: unknown | GPSNavigator running:true
04-03 13:34:04.805 I/System.out( 7918): Battery level: 100 | Time difference: -1
04-03 13:34:07.808 I/System.out( 7918): Location: unknown | GPSNavigator running:true
04-03 13:34:07.808 I/System.out( 7918): Battery level: 100 | Time difference: -1
04-03 13:34:10.811 I/System.out( 7918): Location: unknown | GPSNavigator running:true
04-03 13:34:10.811 I/System.out( 7918): Battery level: 100 | Time difference: -1
04-03 13:34:13.814 I/System.out( 7918): Location: unknown | GPSNavigator running:true
04-03 13:34:13.814 I/System.out( 7918): Battery level: 100 | Time difference: -1
04-03 13:34:16.807 I/System.out( 7918): Location: unknown | GPSNavigator running:true
04-03 13:34:16.807 I/System.out( 7918): Battery level: 100 | Time difference: -1
04-03 13:34:19.820 I/System.out( 7918): Location: unknown | GPSNavigator running:true
04-03 13:34:19.820 I/System.out( 7918): Battery level: 100 | Time difference: -1
04-03 13:34:22.813 I/System.out( 7918): Location: unknown | GPSNavigator running:true
04-03 13:34:22.823 I/System.out( 7918): Battery level: 100 | Time difference: -1
04-03 13:34:25.826 I/System.out( 7918): Location: unknown | GPSNavigator running:true
04-03 13:34:25.826 I/System.out( 7918): Battery level: 100 | Time difference: -1
04-03 13:34:28.819 I/System.out( 7918): Location: unknown | GPSNavigator running:true
04-03 13:34:28.819 I/System.out( 7918): Battery level: 100 | Time difference: -1
04-03 13:34:31.822 I/System.out( 7918): Location: unknown | GPSNavigator running:true
04-03 13:34:31.822 I/System.out( 7918): Battery level: 100 | Time difference: -1
04-03 13:34:34.824 I/System.out( 7918): Location: unknown | GPSNavigator running:true
04-03 13:34:34.824 I/System.out( 7918): Battery level: 100 | Time difference: -1
04-03 13:34:37.817 I/System.out( 7918): Location: unknown | GPSNavigator running:true
04-03 13:34:37.817 I/System.out( 7918): Battery level: 100 | Time difference: -1
04-03 13:34:40.820 I/System.out( 7918): Location: unknown | GPSNavigator running:true
04-03 13:34:40.830 I/System.out( 7918): Battery level: 100 | Time difference: -1
04-03 13:34:43.823 I/System.out( 7918): Location: unknown | GPSNavigator running:true
04-03 13:34:43.833 I/System.out( 7918): Battery level: 100 | Time difference: -1
04-03 13:34:46.826 I/System.out( 7918): Location: unknown | GPSNavigator running:true
04-03 13:34:46.826 I/System.out( 7918): Battery level: 100 | Time difference: -1
04-03 13:34:49.839 I/System.out( 7918): Location: unknown | GPSNavigator running:true
04-03 13:34:49.839 I/System.out( 7918): Battery level: 100 | Time difference: -1
04-03 13:34:52.832 I/System.out( 7918): Location: unknown | GPSNavigator running:true
04-03 13:34:52.832 I/System.out( 7918): Battery level: 100 | Time difference: -1
04-03 13:34:52.892 D/dalvikvm( 7918): GC_CONCURRENT freed 205K, 3% free 9043K/9288K, paused 4ms+1ms, total 40ms
04-03 13:34:55.835 I/System.out( 7918): Location: unknown | GPSNavigator running:true
04-03 13:34:55.845 I/System.out( 7918): Battery level: 100 | Time difference: -1
04-03 13:34:58.838 I/System.out( 7918): Location: unknown | GPSNavigator running:true
04-03 13:34:58.838 I/System.out( 7918): Battery level: 100 | Time difference: -1
04-03 13:35:01.841 I/System.out( 7918): Location: unknown | GPSNavigator running:true
04-03 13:35:01.841 I/System.out( 7918): Battery level: 100 | Time difference: -1
04-03 13:35:04.844 I/System.out( 7918): Location: unknown | GPSNavigator running:true
04-03 13:35:04.844 I/System.out( 7918): Battery level: 100 | Time difference: -1
04-03 13:35:05.394 D/dalvikvm(  704): GC_CONCURRENT freed 396K, 10% free 10027K/11036K, paused 6ms+6ms, total 60ms
04-03 13:35:07.847 I/System.out( 7918): Location: unknown | GPSNavigator running:true
04-03 13:35:07.847 I/System.out( 7918): Battery level: 100 | Time difference: -1
04-03 13:35:10.840 I/System.out( 7918): Location: unknown | GPSNavigator running:true
04-03 13:35:10.840 I/System.out( 7918): Battery level: 100 | Time difference: -1
04-03 13:35:13.843 I/System.out( 7918): Location: unknown | GPSNavigator running:true
04-03 13:35:13.843 I/System.out( 7918): Battery level: 100 | Time difference: -1
04-03 13:35:16.835 I/System.out( 7918): Location: unknown | GPSNavigator running:true
04-03 13:35:16.835 I/System.out( 7918): Battery level: 100 | Time difference: -1
04-03 13:35:19.838 I/System.out( 7918): Location: unknown | GPSNavigator running:true
04-03 13:35:19.838 I/System.out( 7918): Battery level: 100 | Time difference: -1
04-03 13:35:22.841 I/System.out( 7918): Location: unknown | GPSNavigator running:true
04-03 13:35:22.841 I/System.out( 7918): Battery level: 100 | Time difference: -1
04-03 13:35:25.844 I/System.out( 7918): Location: unknown | GPSNavigator running:true
04-03 13:35:25.844 I/System.out( 7918): Battery level: 100 | Time difference: -1
04-03 13:35:28.837 I/System.out( 7918): Location: unknown | GPSNavigator running:true
04-03 13:35:28.837 I/System.out( 7918): Battery level: 100 | Time difference: -1
04-03 13:35:31.840 I/System.out( 7918): Location: unknown | GPSNavigator running:true
04-03 13:35:31.850 I/System.out( 7918): Battery level: 100 | Time difference: -1
04-03 13:35:34.853 I/System.out( 7918): Location: unknown | GPSNavigator running:true
04-03 13:35:34.853 I/System.out( 7918): Battery level: 100 | Time difference: -1
04-03 13:35:37.846 I/System.out( 7918): Location: unknown | GPSNavigator running:true
04-03 13:35:37.846 I/System.out( 7918): Battery level: 100 | Time difference: -1
04-03 13:35:40.849 I/System.out( 7918): Location: unknown | GPSNavigator running:true
04-03 13:35:40.849 I/System.out( 7918): Battery level: 100 | Time difference: -1
04-03 13:35:43.852 I/System.out( 7918): Location: unknown | GPSNavigator running:true
04-03 13:35:43.852 I/System.out( 7918): Battery level: 100 | Time difference: -1
04-03 13:35:46.855 I/System.out( 7918): Location: unknown | GPSNavigator running:true
04-03 13:35:46.855 I/System.out( 7918): Battery level: 100 | Time difference: -1
04-03 13:35:49.848 I/System.out( 7918): Location: unknown | GPSNavigator running:true
04-03 13:35:49.848 I/System.out( 7918): Battery level: 100 | Time difference: -1
04-03 13:35:52.861 I/System.out( 7918): Location: unknown | GPSNavigator running:true
04-03 13:35:52.861 I/System.out( 7918): Battery level: 100 | Time difference: -1
04-03 13:35:55.864 I/System.out( 7918): Location: unknown | GPSNavigator running:true
04-03 13:35:55.864 I/System.out( 7918): Battery level: 100 | Time difference: -1
04-03 13:35:58.866 I/System.out( 7918): Location: unknown | GPSNavigator running:true
04-03 13:35:58.866 I/System.out( 7918): Battery level: 100 | Time difference: -1
04-03 13:36:01.859 I/System.out( 7918): Location: unknown | GPSNavigator running:true
04-03 13:36:01.859 I/System.out( 7918): Battery level: 100 | Time difference: -1
04-03 13:36:04.862 I/System.out( 7918): Location: unknown | GPSNavigator running:true
04-03 13:36:04.872 I/System.out( 7918): Battery level: 100 | Time difference: -1
04-03 13:36:07.875 I/System.out( 7918): Location: unknown | GPSNavigator running:true
04-03 13:36:07.875 I/System.out( 7918): Battery level: 100 | Time difference: -1
04-03 13:36:10.878 I/System.out( 7918): Location: unknown | GPSNavigator running:true
04-03 13:36:10.878 I/System.out( 7918): Battery level: 100 | Time difference: -1
04-03 13:36:13.871 I/System.out( 7918): Location: unknown | GPSNavigator running:true
04-03 13:36:13.871 I/System.out( 7918): Battery level: 100 | Time difference: -1
04-03 13:36:16.874 I/System.out( 7918): Location: unknown | GPSNavigator running:true
04-03 13:36:16.874 I/System.out( 7918): Battery level: 100 | Time difference: -1
04-03 13:36:19.867 I/System.out( 7918): Location: unknown | GPSNavigator running:true
04-03 13:36:19.867 I/System.out( 7918): Battery level: 100 | Time difference: -1
04-03 13:36:22.870 I/System.out( 7918): Location: unknown | GPSNavigator running:true
04-03 13:36:22.870 I/System.out( 7918): Battery level: 100 | Time difference: -1
04-03 13:36:25.873 I/System.out( 7918): Location: unknown | GPSNavigator running:true
04-03 13:36:25.873 I/System.out( 7918): Battery level: 100 | Time difference: -1
04-03 13:36:28.876 I/System.out( 7918): Location: unknown | GPSNavigator running:true
04-03 13:36:28.876 I/System.out( 7918): Battery level: 100 | Time difference: -1
04-03 13:36:31.879 I/System.out( 7918): Location: unknown | GPSNavigator running:true
04-03 13:36:31.879 I/System.out( 7918): Battery level: 100 | Time difference: -1
04-03 13:36:34.882 I/System.out( 7918): Location: unknown | GPSNavigator running:true
04-03 13:36:34.882 I/System.out( 7918): Battery level: 100 | Time difference: -1
04-03 13:36:37.885 I/System.out( 7918): Location: unknown | GPSNavigator running:true
04-03 13:36:37.885 I/System.out( 7918): Battery level: 100 | Time difference: -1
04-03 13:36:40.887 I/System.out( 7918): Location: unknown | GPSNavigator running:true
04-03 13:36:40.887 I/System.out( 7918): Battery level: 100 | Time difference: -1
04-03 13:36:43.890 I/System.out( 7918): Location: unknown | GPSNavigator running:true
04-03 13:36:43.890 I/System.out( 7918): Battery level: 100 | Time difference: -1
04-03 13:36:46.883 I/System.out( 7918): Location: unknown | GPSNavigator running:true
04-03 13:36:46.883 I/System.out( 7918): Battery level: 100 | Time difference: -1
04-03 13:36:49.886 I/System.out( 7918): Location: unknown | GPSNavigator running:true
04-03 13:36:49.886 I/System.out( 7918): Battery level: 100 | Time difference: -1
04-03 13:36:52.889 I/System.out( 7918): Location: unknown | GPSNavigator running:true
04-03 13:36:52.889 I/System.out( 7918): Battery level: 100 | Time difference: -1
04-03 13:36:55.892 I/System.out( 7918): Location: unknown | GPSNavigator running:true
04-03 13:36:55.892 I/System.out( 7918): Battery level: 100 | Time difference: -1
04-03 13:36:58.895 I/System.out( 7918): Location: unknown | GPSNavigator running:true
04-03 13:36:58.895 I/System.out( 7918): Battery level: 100 | Time difference: -1
04-03 13:37:01.898 I/System.out( 7918): Location: unknown | GPSNavigator running:true
04-03 13:37:01.898 I/System.out( 7918): Battery level: 100 | Time difference: -1
04-03 13:37:04.901 I/System.out( 7918): Location: unknown | GPSNavigator running:true
04-03 13:37:04.901 I/System.out( 7918): Battery level: 100 | Time difference: -1
04-03 13:37:07.904 I/System.out( 7918): Location: unknown | GPSNavigator running:true
04-03 13:37:07.904 I/System.out( 7918): Battery level: 100 | Time difference: -1
04-03 13:37:10.907 I/System.out( 7918): Location: unknown | GPSNavigator running:true
04-03 13:37:10.907 I/System.out( 7918): Battery level: 100 | Time difference: -1
04-03 13:37:13.900 I/System.out( 7918): Location: unknown | GPSNavigator running:true
04-03 13:37:13.900 I/System.out( 7918): Battery level: 100 | Time difference: -1
04-03 13:37:16.903 I/System.out( 7918): Location: unknown | GPSNavigator running:true
04-03 13:37:16.903 I/System.out( 7918): Battery level: 100 | Time difference: -1
04-03 13:37:19.906 I/System.out( 7918): Location: unknown | GPSNavigator running:true
04-03 13:37:19.906 I/System.out( 7918): Battery level: 100 | Time difference: -1
04-03 13:37:22.908 I/System.out( 7918): Location: unknown | GPSNavigator running:true
04-03 13:37:22.908 I/System.out( 7918): Battery level: 100 | Time difference: -1
04-03 13:37:25.901 I/System.out( 7918): Location: unknown | GPSNavigator running:true
04-03 13:37:25.901 I/System.out( 7918): Battery level: 100 | Time difference: -1
04-03 13:37:28.904 I/System.out( 7918): Location: unknown | GPSNavigator running:true
04-03 13:37:28.904 I/System.out( 7918): Battery level: 100 | Time difference: -1
04-03 13:37:31.897 I/System.out( 7918): Location: unknown | GPSNavigator running:true
04-03 13:37:31.897 I/System.out( 7918): Battery level: 100 | Time difference: -1
04-03 13:37:34.910 I/System.out( 7918): Location: unknown | GPSNavigator running:true
04-03 13:37:34.910 I/System.out( 7918): Battery level: 100 | Time difference: -1
04-03 13:37:37.913 I/System.out( 7918): Location: unknown | GPSNavigator running:true
04-03 13:37:37.913 I/System.out( 7918): Battery level: 100 | Time difference: -1
04-03 13:37:40.906 I/System.out( 7918): Location: unknown | GPSNavigator running:true
04-03 13:37:40.906 I/System.out( 7918): Battery level: 100 | Time difference: -1
04-03 13:37:43.909 I/System.out( 7918): Location: unknown | GPSNavigator running:true
04-03 13:37:43.909 I/System.out( 7918): Battery level: 100 | Time difference: -1
04-03 13:37:46.912 I/System.out( 7918): Location: unknown | GPSNavigator running:true
04-03 13:37:46.912 I/System.out( 7918): Battery level: 100 | Time difference: -1
04-03 13:37:49.915 I/System.out( 7918): Location: unknown | GPSNavigator running:true
04-03 13:37:49.915 I/System.out( 7918): Battery level: 100 | Time difference: -1
04-03 13:37:52.908 I/System.out( 7918): Location: unknown | GPSNavigator running:true
04-03 13:37:52.908 I/System.out( 7918): Battery level: 100 | Time difference: -1
04-03 13:37:55.911 I/System.out( 7918): Location: unknown | GPSNavigator running:true
04-03 13:37:55.921 I/System.out( 7918): Battery level: 100 | Time difference: -1
04-03 13:37:58.924 I/System.out( 7918): Location: unknown | GPSNavigator running:true
04-03 13:37:58.924 I/System.out( 7918): Battery level: 100 | Time difference: -1
04-03 13:38:01.927 I/System.out( 7918): Location: unknown | GPSNavigator running:true
04-03 13:38:01.927 I/System.out( 7918): Battery level: 100 | Time difference: -1
04-03 13:38:04.919 I/System.out( 7918): Location: unknown | GPSNavigator running:true
04-03 13:38:04.919 I/System.out( 7918): Battery level: 100 | Time difference: -1
04-03 13:38:07.922 I/System.out( 7918): Location: unknown | GPSNavigator running:true
04-03 13:38:07.922 I/System.out( 7918): Battery level: 100 | Time difference: -1
04-03 13:38:10.925 I/System.out( 7918): Location: unknown | GPSNavigator running:true
04-03 13:38:10.925 I/System.out( 7918): Battery level: 100 | Time difference: -1
04-03 13:38:13.928 I/System.out( 7918): Location: unknown | GPSNavigator running:true
04-03 13:38:13.928 I/System.out( 7918): Battery level: 100 | Time difference: -1
04-03 13:38:16.931 I/System.out( 7918): Location: unknown | GPSNavigator running:true
04-03 13:38:16.931 I/System.out( 7918): Battery level: 100 | Time difference: -1
04-03 13:38:19.934 I/System.out( 7918): Location: unknown | GPSNavigator running:true
04-03 13:38:19.934 I/System.out( 7918): Battery level: 100 | Time difference: -1
