04-03 17:12:42.793 I/System.out(  684): Location: -2.80899679 56.33993691 | GPSNavigator running:true
04-03 17:12:42.793 I/System.out(  684): Battery level: 88 | Time difference: 250
04-03 17:12:42.913 W/ActivityManager(  169): Killing processes unmount media at adjustment 0
04-03 17:12:42.923 D/VoldCmdListener(  111): storage users /mnt/sdcard
04-03 17:12:43.094 I/MountService(  169): Retrying to kill storage users again
04-03 17:12:43.124 D/VoldCmdListener(  111): storage users /mnt/sdcard
04-03 17:12:43.254 W/ActivityManager(  169): Killing processes unmount media at adjustment 0
04-03 17:12:43.254 D/VoldCmdListener(  111): storage users /mnt/sdcard
04-03 17:12:43.364 I/MountService(  169): Retrying to kill storage users again
04-03 17:12:43.394 D/VoldCmdListener(  111): storage users /mnt/sdcard
04-03 17:12:43.584 W/ActivityManager(  169): Killing processes unmount media at adjustment 0
04-03 17:12:43.584 D/VoldCmdListener(  111): storage users /mnt/sdcard
04-03 17:12:43.704 I/MountService(  169): Retrying to kill storage users again
04-03 17:12:43.734 D/VoldCmdListener(  111): storage users /mnt/sdcard
04-03 17:12:43.864 W/ActivityManager(  169): Killing processes unmount media at adjustment 0
04-03 17:12:43.864 D/VoldCmdListener(  111): storage users /mnt/sdcard
04-03 17:12:43.974 I/MountService(  169): Failed to unmount media inspite of 4 retries. Forcibly killing processes now
04-03 17:12:44.025 D/dalvikvm(  169): GC_EXPLICIT freed 219K, 46% free 4913K/9095K, external 704K/1216K, paused 51ms
04-03 17:12:44.025 I/PackageManager(  169): Updating external media status from unmounted to unmounted
04-03 17:12:44.035 D/VoldCmdListener(  111): volume unmount /mnt/sdcard force
04-03 17:12:44.035 D/Vold    (  111): Volume sdcard state changing 4 (Mounted) -> 5 (Unmounting)
04-03 17:12:44.045 I/ActivityManager(  169): Start proc com.cooliris.media for broadcast com.cooliris.media/com.cooliris.cache.BootReceiver: pid=760 uid=10037 gids={1015, 3003}
04-03 17:12:44.195 V/MediaProvider(  385): Detached volume: external
04-03 17:12:44.195 D/szipinf (  760): Initializing inflate state
04-03 17:12:44.195 I/ActivityThread(  760): Pub com.cooliris.picasa.contentprovider: com.cooliris.picasa.PicasaContentProvider
04-03 17:12:44.255 D/dalvikvm(  760): GC_CONCURRENT freed 421K, 55% free 2583K/5639K, external 0K/0K, paused 2ms+2ms
04-03 17:12:44.305 I/BootReceiver(  760): Got intent with action android.intent.action.MEDIA_EJECT
04-03 17:12:45.035 I/Vold    (  111): /mnt/secure/staging/.android_secure sucessfully unmounted
04-03 17:12:45.035 I/Vold    (  111): /mnt/secure/asec sucessfully unmounted
04-03 17:12:45.035 W/Vold    (  111): Failed to unmount /mnt/secure/staging (Device or resource busy, retries 9, action 0)
04-03 17:12:45.146 E/ProcessKiller(  111): Process logcat (615) has open file /mnt/secure/staging/logs/logcat.txt
04-03 17:12:45.796 I/System.out(  684): Location: -2.80899679 56.33993691 | GPSNavigator running:true
04-03 17:12:45.796 I/System.out(  684): Battery level: 88 | Time difference: 250
04-03 17:12:46.247 W/Vold    (  111): Failed to unmount /mnt/secure/staging (Device or resource busy, retries 8, action 0)
04-03 17:12:46.417 E/ProcessKiller(  111): Process logcat (615) has open file /mnt/secure/staging/logs/logcat.txt
04-03 17:12:47.448 W/Vold    (  111): Failed to unmount /mnt/secure/staging (Device or resource busy, retries 7, action 0)
04-03 17:12:47.558 E/ProcessKiller(  111): Process logcat (615) has open file /mnt/secure/staging/logs/logcat.txt
04-03 17:12:48.579 W/Vold    (  111): Failed to unmount /mnt/secure/staging (Device or resource busy, retries 6, action 0)
04-03 17:12:48.719 E/ProcessKiller(  111): Process logcat (615) has open file /mnt/secure/staging/logs/logcat.txt
04-03 17:12:48.799 I/System.out(  684): Location: -2.80899679 56.33993691 | GPSNavigator running:true
04-03 17:12:48.799 I/System.out(  684): Battery level: 88 | Time difference: 250
04-03 17:12:49.760 W/Vold    (  111): Failed to unmount /mnt/secure/staging (Device or resource busy, retries 5, action 0)
04-03 17:12:49.890 E/ProcessKiller(  111): Process logcat (615) has open file /mnt/secure/staging/logs/logcat.txt
04-03 17:12:50.921 W/Vold    (  111): Failed to unmount /mnt/secure/staging (Device or resource busy, retries 4, action 0)
04-03 17:12:51.101 E/ProcessKiller(  111): Process logcat (615) has open file /mnt/secure/staging/logs/logcat.txt
04-03 17:12:51.802 I/System.out(  684): Location: -2.80899679 56.33993691 | GPSNavigator running:true
04-03 17:12:51.802 I/System.out(  684): Battery level: 88 | Time difference: 250
04-03 17:12:52.132 W/Vold    (  111): Failed to unmount /mnt/secure/staging (Device or resource busy, retries 3, action 0)
04-03 17:12:52.243 E/ProcessKiller(  111): Process logcat (615) has open file /mnt/secure/staging/logs/logcat.txt
04-03 17:12:53.264 W/Vold    (  111): Failed to unmount /mnt/secure/staging (Device or resource busy, retries 2, action 1)
04-03 17:12:53.394 E/ProcessKiller(  111): Process logcat (615) has open file /mnt/secure/staging/logs/logcat.txt
