04-03 21:39:13.576 V/locapi_rpc_glue( 1574): Callback received: 4 (cb_id=0x6260000 handle=1)
04-03 21:39:13.576 V/locapi_rpc_glue( 1574): +loc_api_callback_process_sync_call
04-03 21:39:13.576 V/locapi_rpc_glue( 1574): -loc_api_callback_process_sync_call, no sync call in use
04-03 21:39:13.576 D/RPC     ( 1574): written RPC packet size: [28]
04-03 21:39:13.576 D/RPC     ( 1574): read RPC packet
04-03 21:39:13.576 D/RPC     ( 1574): read RPC packet size: [272]
04-03 21:39:13.576 V/locapi_rpc_glue( 1574): Callback received: 4 (cb_id=0x6260000 handle=1)
04-03 21:39:13.586 V/locapi_rpc_glue( 1574): +loc_api_callback_process_sync_call
04-03 21:39:13.586 V/locapi_rpc_glue( 1574): -loc_api_callback_process_sync_call, no sync call in use
04-03 21:39:13.586 D/RPC     ( 1574): written RPC packet size: [28]
04-03 21:39:13.586 D/RPC     ( 1574): read RPC packet
04-03 21:39:13.586 D/RPC     ( 1574): read RPC packet size: [272]
04-03 21:39:13.586 V/locapi_rpc_glue( 1574): Callback received: 4 (cb_id=0x6260000 handle=1)
04-03 21:39:13.586 V/locapi_rpc_glue( 1574): +loc_api_callback_process_sync_call
04-03 21:39:13.586 V/locapi_rpc_glue( 1574): -loc_api_callback_process_sync_call, no sync call in use
04-03 21:39:13.586 D/RPC     ( 1574): written RPC packet size: [28]
04-03 21:39:13.586 D/RPC     ( 1574): read RPC packet
04-03 21:39:13.586 D/RPC     ( 1574): read RPC packet size: [272]
04-03 21:39:13.586 V/locapi_rpc_glue( 1574): Callback received: 4 (cb_id=0x6260000 handle=1)
04-03 21:39:13.586 V/locapi_rpc_glue( 1574): +loc_api_callback_process_sync_call
04-03 21:39:13.586 V/locapi_rpc_glue( 1574): -loc_api_callback_process_sync_call, no sync call in use
04-03 21:39:13.596 D/RPC     ( 1574): written RPC packet size: [28]
04-03 21:39:13.596 D/RPC     ( 1574): read RPC packet
04-03 21:39:13.596 D/RPC     ( 1574): read RPC packet size: [96]
04-03 21:39:13.596 V/locapi_rpc_glue( 1574): Callback received: 2 (cb_id=0x6260000 handle=1)
04-03 21:39:13.596 V/locapi_rpc_glue( 1574): +loc_api_callback_process_sync_call
04-03 21:39:13.596 V/locapi_rpc_glue( 1574): -loc_api_callback_process_sync_call, no sync call in use
04-03 21:39:13.596 D/lib_locapi( 1574): loc_eng_report_sv: valid_mask = 0x30, num of sv = 0
04-03 21:39:13.596 D/GpsLocationProvider( 1574): reportSvStatus
04-03 21:39:13.596 V/GpsLocationProvider( 1574): SV count: 0 ephemerisMask: 0 almanacMask: 0
04-03 21:39:13.596 D/RPC     ( 1574): written RPC packet size: [28]
04-03 21:39:13.596 D/RPC     ( 1574): read RPC packet
04-03 21:39:13.596 D/RPC     ( 1574): read RPC packet size: [272]
04-03 21:39:13.596 V/locapi_rpc_glue( 1574): Callback received: 4 (cb_id=0x6260000 handle=1)
04-03 21:39:13.596 V/locapi_rpc_glue( 1574): +loc_api_callback_process_sync_call
04-03 21:39:13.596 V/locapi_rpc_glue( 1574): -loc_api_callback_process_sync_call, no sync call in use
04-03 21:39:13.596 D/RPC     ( 1574): written RPC packet size: [28]
04-03 21:39:13.606 D/RPC     ( 1574): read RPC packet
04-03 21:39:13.606 D/RPC     ( 1574): read RPC packet size: [272]
04-03 21:39:13.606 V/locapi_rpc_glue( 1574): Callback received: 4 (cb_id=0x6260000 handle=1)
04-03 21:39:13.606 V/locapi_rpc_glue( 1574): +loc_api_callback_process_sync_call
04-03 21:39:13.606 V/locapi_rpc_glue( 1574): -loc_api_callback_process_sync_call, no sync call in use
04-03 21:39:13.606 D/RPC     ( 1574): written RPC packet size: [28]
04-03 21:39:13.606 D/RPC     ( 1574): read RPC packet
04-03 21:39:13.606 D/RPC     ( 1574): read RPC packet size: [272]
04-03 21:39:13.606 V/locapi_rpc_glue( 1574): Callback received: 4 (cb_id=0x6260000 handle=1)
04-03 21:39:13.606 V/locapi_rpc_glue( 1574): +loc_api_callback_process_sync_call
04-03 21:39:13.606 V/locapi_rpc_glue( 1574): -loc_api_callback_process_sync_call, no sync call in use
04-03 21:39:13.606 D/RPC     ( 1574): written RPC packet size: [28]
04-03 21:39:13.606 D/RPC     ( 1574): read RPC packet
04-03 21:39:13.606 D/RPC     ( 1574): read RPC packet size: [272]
04-03 21:39:13.606 V/locapi_rpc_glue( 1574): Callback received: 4 (cb_id=0x6260000 handle=1)
04-03 21:39:13.606 V/locapi_rpc_glue( 1574): +loc_api_callback_process_sync_call
04-03 21:39:13.616 V/locapi_rpc_glue( 1574): -loc_api_callback_process_sync_call, no sync call in use
04-03 21:39:13.616 D/RPC     ( 1574): written RPC packet size: [28]
04-03 21:39:13.666 D/SurfaceFlinger( 1438): virtual void android::Layer::onRemoved(): lcblk (identity=29, status=0, token=1)
04-03 21:39:13.996 I/System.out( 2765): Location: unknown | GPSNavigator running:true
04-03 21:39:13.996 I/System.out( 2765): Battery level: 99 | Time difference: -1
04-03 21:39:14.257 D/RPC     ( 1574): read RPC packet
04-03 21:39:14.257 D/RPC     ( 1574): read RPC packet size: [208]
04-03 21:39:14.257 V/locapi_rpc_glue( 1574): Callback received: 1 (cb_id=0x6260000 handle=1)
04-03 21:39:14.257 V/locapi_rpc_glue( 1574): +loc_api_callback_process_sync_call
04-03 21:39:14.257 V/locapi_rpc_glue( 1574): -loc_api_callback_process_sync_call, no sync call in use
04-03 21:39:14.257 D/lib_locapi( 1574): loc_eng_report_position: valid mask = 0x606d, sess status = 1
04-03 21:39:14.257 D/RPC     ( 1574): written RPC packet size: [28]
04-03 21:39:14.577 D/RPC     ( 1574): read RPC packet
04-03 21:39:14.577 D/RPC     ( 1574): read RPC packet size: [272]
04-03 21:39:14.577 V/locapi_rpc_glue( 1574): Callback received: 4 (cb_id=0x6260000 handle=1)
04-03 21:39:14.577 V/locapi_rpc_glue( 1574): +loc_api_callback_process_sync_call
04-03 21:39:14.577 V/locapi_rpc_glue( 1574): -loc_api_callback_process_sync_call, no sync call in use
04-03 21:39:14.577 D/RPC     ( 1574): written RPC packet size: [28]
04-03 21:39:14.587 D/RPC     ( 1574): read RPC packet
04-03 21:39:14.587 D/RPC     ( 1574): read RPC packet size: [272]
04-03 21:39:14.587 V/locapi_rpc_glue( 1574): Callback received: 4 (cb_id=0x6260000 handle=1)
04-03 21:39:14.587 V/locapi_rpc_glue( 1574): +loc_api_callback_process_sync_call
04-03 21:39:14.587 V/locapi_rpc_glue( 1574): -loc_api_callback_process_sync_call, no sync call in use
04-03 21:39:14.587 D/RPC     ( 1574): written RPC packet size: [28]
04-03 21:39:14.587 D/RPC     ( 1574): read RPC packet
04-03 21:39:14.587 D/RPC     ( 1574): read RPC packet size: [272]
04-03 21:39:14.587 V/locapi_rpc_glue( 1574): Callback received: 4 (cb_id=0x6260000 handle=1)
04-03 21:39:14.597 V/locapi_rpc_glue( 1574): +loc_api_callback_process_sync_call
04-03 21:39:14.597 V/locapi_rpc_glue( 1574): -loc_api_callback_process_sync_call, no sync call in use
04-03 21:39:14.597 D/RPC     ( 1574): written RPC packet size: [28]
04-03 21:39:14.597 D/RPC     ( 1574): read RPC packet
04-03 21:39:14.597 D/RPC     ( 1574): read RPC packet size: [272]
04-03 21:39:14.597 V/locapi_rpc_glue( 1574): Callback received: 4 (cb_id=0x6260000 handle=1)
04-03 21:39:14.597 V/locapi_rpc_glue( 1574): +loc_api_callback_process_sync_call
04-03 21:39:14.607 V/locapi_rpc_glue( 1574): -loc_api_callback_process_sync_call, no sync call in use
04-03 21:39:14.607 D/RPC     ( 1574): written RPC packet size: [28]
04-03 21:39:14.607 D/RPC     ( 1574): read RPC packet
04-03 21:39:14.607 D/RPC     ( 1574): read RPC packet size: [96]
04-03 21:39:14.607 V/locapi_rpc_glue( 1574): Callback received: 2 (cb_id=0x6260000 handle=1)
04-03 21:39:14.607 V/locapi_rpc_glue( 1574): +loc_api_callback_process_sync_call
04-03 21:39:14.607 V/locapi_rpc_glue( 1574): -loc_api_callback_process_sync_call, no sync call in use
04-03 21:39:14.607 D/lib_locapi( 1574): loc_eng_report_sv: valid_mask = 0x30, num of sv = 0
04-03 21:39:14.617 D/GpsLocationProvider( 1574): reportSvStatus
04-03 21:39:14.617 V/GpsLocationProvider( 1574): SV count: 0 ephemerisMask: 0 almanacMask: 0
04-03 21:39:14.617 D/RPC     ( 1574): written RPC packet size: [28]
04-03 21:39:14.617 D/RPC     ( 1574): read RPC packet
04-03 21:39:14.617 D/RPC     ( 1574): read RPC packet size: [272]
04-03 21:39:14.617 V/locapi_rpc_glue( 1574): Callback received: 4 (cb_id=0x6260000 handle=1)
04-03 21:39:14.617 V/locapi_rpc_glue( 1574): +loc_api_callback_process_sync_call
04-03 21:39:14.617 V/locapi_rpc_glue( 1574): -loc_api_callback_process_sync_call, no sync call in use
04-03 21:39:14.617 D/RPC     ( 1574): written RPC packet size: [28]
04-03 21:39:14.627 D/RPC     ( 1574): read RPC packet
04-03 21:39:14.627 D/RPC     ( 1574): read RPC packet size: [272]
04-03 21:39:14.627 V/locapi_rpc_glue( 1574): Callback received: 4 (cb_id=0x6260000 handle=1)
04-03 21:39:14.627 V/locapi_rpc_glue( 1574): +loc_api_callback_process_sync_call
04-03 21:39:14.627 V/locapi_rpc_glue( 1574): -loc_api_callback_process_sync_call, no sync call in use
04-03 21:39:14.627 D/RPC     ( 1574): written RPC packet size: [28]
04-03 21:39:14.637 D/RPC     ( 1574): read RPC packet
04-03 21:39:14.637 D/RPC     ( 1574): read RPC packet size: [272]
04-03 21:39:14.637 V/locapi_rpc_glue( 1574): Callback received: 4 (cb_id=0x6260000 handle=1)
04-03 21:39:14.637 V/locapi_rpc_glue( 1574): +loc_api_callback_process_sync_call
04-03 21:39:14.637 V/locapi_rpc_glue( 1574): -loc_api_callback_process_sync_call, no sync call in use
04-03 21:39:14.637 D/RPC     ( 1574): written RPC packet size: [28]
04-03 21:39:14.637 D/RPC     ( 1574): read RPC packet
04-03 21:39:14.637 D/RPC     ( 1574): read RPC packet size: [272]
04-03 21:39:14.637 V/locapi_rpc_glue( 1574): Callback received: 4 (cb_id=0x6260000 handle=1)
04-03 21:39:14.637 V/locapi_rpc_glue( 1574): +loc_api_callback_process_sync_call
04-03 21:39:14.637 V/locapi_rpc_glue( 1574): -loc_api_callback_process_sync_call, no sync call in use
04-03 21:39:14.637 D/RPC     ( 1574): written RPC packet size: [28]
04-03 21:39:15.258 D/RPC     ( 1574): read RPC packet
04-03 21:39:15.258 D/RPC     ( 1574): read RPC packet size: [208]
04-03 21:39:15.258 V/locapi_rpc_glue( 1574): Callback received: 1 (cb_id=0x6260000 handle=1)
04-03 21:39:15.258 V/locapi_rpc_glue( 1574): +loc_api_callback_process_sync_call
04-03 21:39:15.258 V/locapi_rpc_glue( 1574): -loc_api_callback_process_sync_call, no sync call in use
04-03 21:39:15.258 D/lib_locapi( 1574): loc_eng_report_position: valid mask = 0x606d, sess status = 1
04-03 21:39:15.258 D/RPC     ( 1574): written RPC packet size: [28]
04-03 21:39:15.568 V/LocationManagerService( 1574): _removeUpdates: listener = Receiver{40afd1d8 Listener android.os.BinderProxy@40a604c0}mUpdateRecords: {gps=UpdateRecord{40a53c88 mProvider: gps mUid: 10115}}
04-03 21:39:15.578 D/RPC     ( 1574): read RPC packet
04-03 21:39:15.578 D/RPC     ( 1574): read RPC packet size: [272]
04-03 21:39:15.578 D/GpsLocationProvider( 1574): removeListener
04-03 21:39:15.578 V/GpsLocationProvider( 1574): enableLocationTracking ++
04-03 21:39:15.578 D/GpsLocationProvider( 1574): [shen] debug
04-03 21:39:15.578 V/LocationManagerService( 1574): removeUpdatesLocked: enableLocationTracking(false)
04-03 21:39:15.598 V/locapi_rpc_glue( 1574): Callback received: 4 (cb_id=0x6260000 handle=1)
04-03 21:39:15.598 V/locapi_rpc_glue( 1574): +loc_api_callback_process_sync_call
04-03 21:39:15.598 V/locapi_rpc_glue( 1574): -loc_api_callback_process_sync_call, no sync call in use
04-03 21:39:15.608 D/RPC     ( 1574): written RPC packet size: [28]
04-03 21:39:15.628 D/RPC     ( 1574): read RPC packet
04-03 21:39:15.628 D/RPC     ( 1574): read RPC packet size: [272]
04-03 21:39:15.628 V/locapi_rpc_glue( 1574): Callback received: 4 (cb_id=0x6260000 handle=1)
04-03 21:39:15.628 V/locapi_rpc_glue( 1574): +loc_api_callback_process_sync_call
04-03 21:39:15.628 V/locapi_rpc_glue( 1574): -loc_api_callback_process_sync_call, no sync call in use
04-03 21:39:15.628 D/RPC     ( 1574): written RPC packet size: [28]
04-03 21:39:15.628 D/RPC     ( 1574): read RPC packet
04-03 21:39:15.628 D/RPC     ( 1574): read RPC packet size: [272]
04-03 21:39:15.628 V/locapi_rpc_glue( 1574): Callback received: 4 (cb_id=0x6260000 handle=1)
04-03 21:39:15.628 V/locapi_rpc_glue( 1574): +loc_api_callback_process_sync_call
04-03 21:39:15.628 V/locapi_rpc_glue( 1574): -loc_api_callback_process_sync_call, no sync call in use
04-03 21:39:15.628 D/RPC     ( 1574): written RPC packet size: [28]
04-03 21:39:15.638 D/GpsLocationProvider( 1574): [handleMessage] message :9
04-03 21:39:15.638 D/RPC     ( 1574): read RPC packet
04-03 21:39:15.638 D/RPC     ( 1574): read RPC packet size: [272]
04-03 21:39:15.638 V/locapi_rpc_glue( 1574): Callback received: 4 (cb_id=0x6260000 handle=1)
04-03 21:39:15.638 V/locapi_rpc_glue( 1574): +loc_api_callback_process_sync_call
04-03 21:39:15.638 V/locapi_rpc_glue( 1574): -loc_api_callback_process_sync_call, no sync call in use
04-03 21:39:15.638 D/RPC     ( 1574): written RPC packet size: [28]
04-03 21:39:15.638 D/GpsLocationProvider( 1574): [handleMessage] handleRemoveListener
04-03 21:39:15.638 D/RPC     ( 1574): read RPC packet
04-03 21:39:15.638 D/RPC     ( 1574): read RPC packet size: [96]
04-03 21:39:15.638 V/locapi_rpc_glue( 1574): Callback received: 2 (cb_id=0x6260000 handle=1)
04-03 21:39:15.638 V/locapi_rpc_glue( 1574): +loc_api_callback_process_sync_call
04-03 21:39:15.638 V/locapi_rpc_glue( 1574): -loc_api_callback_process_sync_call, no sync call in use
04-03 21:39:15.638 D/lib_locapi( 1574): loc_eng_report_sv: valid_mask = 0x30, num of sv = 0
04-03 21:39:15.638 D/GpsLocationProvider( 1574): reportSvStatus
04-03 21:39:15.638 V/GpsLocationProvider( 1574): SV count: 0 ephemerisMask: 0 almanacMask: 0
04-03 21:39:15.638 D/RPC     ( 1574): written RPC packet size: [28]
04-03 21:39:15.638 D/GpsLocationProvider( 1574): removeListener(uk.ac.st_andrews.cs.host.mk74.locygpslocalization)
04-03 21:39:15.648 D/RPC     ( 1574): read RPC packet
04-03 21:39:15.648 D/RPC     ( 1574): read RPC packet size: [272]
04-03 21:39:15.648 V/locapi_rpc_glue( 1574): Callback received: 4 (cb_id=0x6260000 handle=1)
04-03 21:39:15.648 V/locapi_rpc_glue( 1574): +loc_api_callback_process_sync_call
04-03 21:39:15.648 V/locapi_rpc_glue( 1574): -loc_api_callback_process_sync_call, no sync call in use
04-03 21:39:15.648 D/RPC     ( 1574): written RPC packet size: [28]
04-03 21:39:15.648 D/GpsLocationProvider( 1574): [handleMessage] message :3
04-03 21:39:15.648 D/GpsLocationProvider( 1574): [handleMessage] ENABLE_TRACKING
04-03 21:39:15.648 D/RPC     ( 1574): read RPC packet
04-03 21:39:15.648 D/RPC     ( 1574): read RPC packet size: [272]
04-03 21:39:15.648 V/locapi_rpc_glue( 1574): Callback received: 4 (cb_id=0x6260000 handle=1)
04-03 21:39:15.648 V/locapi_rpc_glue( 1574): +loc_api_callback_process_sync_call
04-03 21:39:15.648 V/locapi_rpc_glue( 1574): -loc_api_callback_process_sync_call, no sync call in use
04-03 21:39:15.648 D/RPC     ( 1574): written RPC packet size: [28]
04-03 21:39:15.648 D/GpsLocationProvider( 1574): stopNavigating
04-03 21:39:15.648 D/lib_locapi( 1574): [GPS:] loc_eng_stop
04-03 21:39:15.648 D/RPC     ( 1574): read RPC packet
04-03 21:39:15.648 D/RPC     ( 1574): read RPC packet size: [272]
04-03 21:39:15.648 V/locapi_rpc_glue( 1574): Callback received: 4 (cb_id=0x6260000 handle=1)
04-03 21:39:15.648 V/locapi_rpc_glue( 1574): +loc_api_callback_process_sync_call
04-03 21:39:15.648 V/locapi_rpc_glue( 1574): -loc_api_callback_process_sync_call, no sync call in use
04-03 21:39:15.648 D/RPC     ( 1574): written RPC packet size: [28]
04-03 21:39:15.648 D/locapi_rpc_glue( 1574): loc_stop_fix
04-03 21:39:15.648 D/RPC     ( 1574): written RPC packet size: [44]
04-03 21:39:15.658 D/RPC     ( 1574): read RPC packet
04-03 21:39:15.658 D/RPC     ( 1574): read RPC packet size: [28]
04-03 21:39:15.658 D/RPC     ( 1574): read RPC packet
04-03 21:39:15.658 D/RPC     ( 1574): read RPC packet size: [272]
04-03 21:39:15.658 V/locapi_rpc_glue( 1574): Callback received: 4 (cb_id=0x6260000 handle=1)
04-03 21:39:15.658 V/locapi_rpc_glue( 1574): +loc_api_callback_process_sync_call
04-03 21:39:15.658 V/locapi_rpc_glue( 1574): -loc_api_callback_process_sync_call, no sync call in use
04-03 21:39:15.658 D/RPC     ( 1574): written RPC packet size: [28]
04-03 21:39:15.658 D/lib_locapi( 1574): loc_eng_report_status: update status
04-03 21:39:15.658 V/GpsLocationProvider( 1574): reportStatus status: 2
04-03 21:39:15.658 W/GpsLocationProvider( 1574): GPS notify that the GPS has been change action
04-03 21:39:15.658 D/RPC     ( 1574): read RPC packet
04-03 21:39:15.658 D/RPC     ( 1574): read RPC packet size: [208]
04-03 21:39:15.658 V/locapi_rpc_glue( 1574): Callback received: 1 (cb_id=0x6260000 handle=1)
04-03 21:39:15.658 V/locapi_rpc_glue( 1574): +loc_api_callback_process_sync_call
04-03 21:39:15.658 V/locapi_rpc_glue( 1574): -loc_api_callback_process_sync_call, no sync call in use
04-03 21:39:15.658 D/lib_locapi( 1574): loc_eng_report_position: valid mask = 0x1, sess status = 4
04-03 21:39:15.658 D/RPC     ( 1574): written RPC packet size: [28]
04-03 21:39:15.658 W/GpsLocationProvider( 1574): GPS_ENABLED_CHANGE_ACTION: android.location.GPS_ENABLED_CHANGE EXTRA_GPS_ENABLED: enabled
04-03 21:39:15.658 D/GpsLocationProvider( 1574): [reportStatus] mNavigating:false mEngineOn:true mDownloadXtraDataPending:true
04-03 21:39:15.658 D/lights  ( 1574): [LedInfo] write attr ok name=/sys/class/leds/amber/brightness string=1,len=1
04-03 21:39:15.658 V/NotificationService( 1574): Charging...
04-03 21:39:15.668 D/lights  ( 1574): [LedInfo] write attr ok name=/sys/class/leds/amber/blink string=0,len=1
04-03 21:39:15.668 D/RPC     ( 1574): read RPC packet
04-03 21:39:15.668 D/RPC     ( 1574): read RPC packet size: [80]
04-03 21:39:15.668 V/locapi_rpc_glue( 1574): Callback received: 100 (cb_id=0x6260000 handle=1)
04-03 21:39:15.668 V/locapi_rpc_glue( 1574): +loc_api_callback_process_sync_call
04-03 21:39:15.668 V/locapi_rpc_glue( 1574): -loc_api_callback_process_sync_call, no sync call in use
04-03 21:39:15.668 D/lib_locapi( 1574): [GPS:] loc_eng_report_status: GPS_STATUS_SESSION_END
04-03 21:39:15.668 D/RPC     ( 1574): written RPC packet size: [28]
04-03 21:39:15.668 D/lights  ( 1574): [LedInfo] write attr ok name=/sys/class/leds/amber/off_timer string=0 0,len=3
04-03 21:39:15.668 D/lights  ( 1574): [LedInfo] write attr ok name=/sys/class/leds/green/brightness string=0,len=1
04-03 21:39:15.668 D/lights  ( 1574): [LedInfo] write attr ok name=/sys/class/leds/green/blink string=0,len=1
04-03 21:39:15.678 D/lights  ( 1574): [LedInfo] write attr ok name=/sys/class/leds/green/off_timer string=0 0,len=3
04-03 21:39:15.678 D/NotificationService( 1574): cancelNotification, ACTION_NOTIFICATION_REMOVE,pkg=com.android.systemui,id=252119
04-03 21:39:15.708 D/RPC     ( 1574): read RPC packet
04-03 21:39:15.708 D/RPC     ( 1574): read RPC packet size: [80]
04-03 21:39:15.708 V/locapi_rpc_glue( 1574): Callback received: 100 (cb_id=0x6260000 handle=1)
04-03 21:39:15.708 V/locapi_rpc_glue( 1574): +loc_api_callback_process_sync_call
04-03 21:39:15.708 V/locapi_rpc_glue( 1574): -loc_api_callback_process_sync_call, no sync call in use
04-03 21:39:15.708 D/lib_locapi( 1574): [GPS:] loc_eng_report_status: GPS_STATUS_ENGINE_OFF
04-03 21:39:15.708 D/lib_locapi( 1574): [GPS:] loc_eng_report_status: issue callback with status 4
04-03 21:39:15.708 V/GpsLocationProvider( 1574): reportStatus status: 0
04-03 21:39:15.708 D/GpsLocationProvider( 1574): [reportStatus] mNavigating:false mEngineOn:true mDownloadXtraDataPending:true
04-03 21:39:15.708 D/lib_locapi( 1574): [GPS:] loc_eng_report_status: update status
04-03 21:39:15.708 V/GpsLocationProvider( 1574): reportStatus status: 4
04-03 21:39:15.708 D/GpsLocationProvider( 1574): [reportStatus] mNavigating:false mEngineOn:false mDownloadXtraDataPending:true
04-03 21:39:15.708 D/GpsLocationProvider( 1574): [reportStatus] trigger DOWNLOAD_XTRA_DATA
04-03 21:39:15.708 D/RPC     ( 1574): written RPC packet size: [28]
04-03 21:39:15.708 D/GpsLocationProvider( 1574): [handleMessage] message :6
04-03 21:39:15.708 D/GpsLocationProvider( 1574): [handleMessage] DOWNLOAD_XTRA_DATA mSupportsXtra:true
04-03 21:39:15.708 D/GpsLocationProvider( 1574): handleDownloadXtraData+++
04-03 21:39:15.708 D/GpsLocationProvider( 1574): [handleDownloadXtraData] mNetworkAvailable:false mDisableXtraDownload:false mNavigating:false mEngineOn:false
04-03 21:39:15.708 D/GpsLocationProvider( 1574): [handleDownloadXtraData] pending until Network available or GPS Engine stop
04-03 21:39:16.989 I/System.out( 2765): Location: unknown | GPSNavigator running:true
04-03 21:39:16.989 I/System.out( 2765): Battery level: 99 | Time difference: -1
04-03 21:39:17.590 D/UsbnetService( 1574): BroadcastReceiver::onReceive+
04-03 21:39:17.590 D/UsbnetService( 1574): onReceive BATTERY_CHANGED
04-03 21:39:17.590 D/UsbnetService( 1574):  --> pluggedType = 2, mPluggedType = 0, mScreenOff = false
04-03 21:39:17.590 D/UsbnetService( 1574): BroadcastReceiver::onReceive-
04-03 21:39:17.590 D/NotificationService( 1574): mIntentReceiver() Intent.ACTION_BATTERY_CHANGED
04-03 21:39:17.600 D/BatteryService( 1574): SendIntentforPowersaver
04-03 21:39:17.600 D/BatteryService( 1574): Current powersaver status == NORMAL_STATUS1 2 2 false
04-03 21:39:17.610 D/PowerUI ( 1648): closing low battery warning: level=99
04-03 21:39:17.610 D/PowerUI ( 1648): plugged = true, health = 2, mBatteryLevel = 99, mPluggedBatteryLevel = 96, mLowBatteryWarningLevel2 = 25, mshowLowChargingWarning2 = true
04-03 21:39:17.620 D/RemoveMe( 1665): DCT got intent android.intent.action.BATTERY_CHANGED
04-03 21:39:17.620 D/RemoveMe( 1665): DCT got intent android.intent.action.BATTERY_CHANGED
04-03 21:39:17.630 D/RemoveMe( 1665): DCT got intent android.intent.action.BATTERY_CHANGED
04-03 21:39:19.992 I/System.out( 2765): Location: unknown | GPSNavigator running:true
04-03 21:39:19.992 I/System.out( 2765): Battery level: 99 | Time difference: -1
04-03 21:39:22.705 D/dalvikvm( 2252): GC_EXPLICIT freed 429K, 10% free 6622K/7303K, paused 5ms+1ms
04-03 21:39:22.995 I/System.out( 2765): Location: unknown | GPSNavigator running:true
04-03 21:39:22.995 I/System.out( 2765): Battery level: 99 | Time difference: -1
04-03 21:39:23.095 D/Sensors ( 1574): Enable akm: en = 1
04-03 21:39:25.998 I/System.out( 2765): Location: unknown | GPSNavigator running:true
04-03 21:39:25.998 I/System.out( 2765): Battery level: 99 | Time difference: -1
04-03 21:39:27.730 D/dalvikvm( 2505): GC_EXPLICIT freed 86K, 5% free 6697K/7047K, paused 9ms+1ms
04-03 21:39:28.991 I/System.out( 2765): Location: unknown | GPSNavigator running:true
04-03 21:39:28.991 I/System.out( 2765): Battery level: 99 | Time difference: -1
04-03 21:39:31.994 I/System.out( 2765): Location: unknown | GPSNavigator running:true
04-03 21:39:31.994 I/System.out( 2765): Battery level: 99 | Time difference: -1
04-03 21:39:32.715 D/dalvikvm( 2556): GC_EXPLICIT freed 176K, 5% free 7673K/8071K, paused 8ms+2ms
04-03 21:39:34.997 I/System.out( 2765): Location: unknown | GPSNavigator running:true
04-03 21:39:34.997 I/System.out( 2765): Battery level: 99 | Time difference: -1
04-03 21:39:37.709 D/dalvikvm( 2579): GC_EXPLICIT freed 163K, 9% free 8758K/9607K, paused 7ms+1ms
04-03 21:39:38.000 I/System.out( 2765): Location: unknown | GPSNavigator running:true
04-03 21:39:38.000 I/System.out( 2765): Battery level: 99 | Time difference: -1
04-03 21:39:38.170 D/Sensors ( 1574): Enable akm: en = 1
04-03 21:39:40.993 I/System.out( 2765): Location: unknown | GPSNavigator running:true
04-03 21:39:40.993 I/System.out( 2765): Battery level: 99 | Time difference: -1
04-03 21:39:43.996 I/System.out( 2765): Location: unknown | GPSNavigator running:true
04-03 21:39:43.996 I/System.out( 2765): Battery level: 99 | Time difference: -1
04-03 21:39:46.999 I/System.out( 2765): Location: unknown | GPSNavigator running:true
04-03 21:39:46.999 I/System.out( 2765): Battery level: 99 | Time difference: -1
04-03 21:39:47.649 D/UsbnetService( 1574): BroadcastReceiver::onReceive+
04-03 21:39:47.649 D/UsbnetService( 1574): onReceive BATTERY_CHANGED
04-03 21:39:47.649 D/UsbnetService( 1574):  --> pluggedType = 2, mPluggedType = 0, mScreenOff = false
04-03 21:39:47.649 D/UsbnetService( 1574): BroadcastReceiver::onReceive-
04-03 21:39:47.649 D/NotificationService( 1574): mIntentReceiver() Intent.ACTION_BATTERY_CHANGED
04-03 21:39:47.659 D/BatteryService( 1574): SendIntentforPowersaver
04-03 21:39:47.659 D/BatteryService( 1574): Current powersaver status == NORMAL_STATUS1 2 2 false
04-03 21:39:47.679 D/PowerUI ( 1648): closing low battery warning: level=99
04-03 21:39:47.679 D/RemoveMe( 1665): DCT got intent android.intent.action.BATTERY_CHANGED
04-03 21:39:47.679 D/PowerUI ( 1648): plugged = true, health = 2, mBatteryLevel = 99, mPluggedBatteryLevel = 96, mLowBatteryWarningLevel2 = 25, mshowLowChargingWarning2 = true
04-03 21:39:47.689 D/RemoveMe( 1665): DCT got intent android.intent.action.BATTERY_CHANGED
04-03 21:39:47.689 D/RemoveMe( 1665): DCT got intent android.intent.action.BATTERY_CHANGED
04-03 21:39:50.001 I/System.out( 2765): Location: unknown | GPSNavigator running:true
04-03 21:39:50.001 I/System.out( 2765): Battery level: 99 | Time difference: -1
04-03 21:39:52.994 I/System.out( 2765): Location: unknown | GPSNavigator running:true
04-03 21:39:52.994 I/System.out( 2765): Battery level: 99 | Time difference: -1
04-03 21:39:53.235 D/Sensors ( 1574): Enable akm: en = 1
04-03 21:39:55.997 I/System.out( 2765): Location: unknown | GPSNavigator running:true
04-03 21:39:55.997 I/System.out( 2765): Battery level: 99 | Time difference: -1
04-03 21:39:59.000 I/System.out( 2765): Location: unknown | GPSNavigator running:true
04-03 21:39:59.000 I/System.out( 2765): Battery level: 99 | Time difference: -1
04-03 21:40:01.993 I/System.out( 2765): Location: unknown | GPSNavigator running:true
04-03 21:40:01.993 I/System.out( 2765): Battery level: 99 | Time difference: -1
04-03 21:40:04.996 I/System.out( 2765): Location: unknown | GPSNavigator running:true
04-03 21:40:04.996 I/System.out( 2765): Battery level: 99 | Time difference: -1
04-03 21:40:07.999 I/System.out( 2765): Location: unknown | GPSNavigator running:true
04-03 21:40:07.999 I/System.out( 2765): Battery level: 99 | Time difference: -1
04-03 21:40:08.329 D/Sensors ( 1574): Enable akm: en = 1
04-03 21:40:10.992 I/System.out( 2765): Location: unknown | GPSNavigator running:true
04-03 21:40:10.992 I/System.out( 2765): Battery level: 99 | Time difference: -1
04-03 21:40:14.005 I/System.out( 2765): Location: unknown | GPSNavigator running:true
04-03 21:40:14.005 I/System.out( 2765): Battery level: 99 | Time difference: -1
04-03 21:40:17.008 I/System.out( 2765): Location: unknown | GPSNavigator running:true
04-03 21:40:17.008 I/System.out( 2765): Battery level: 99 | Time difference: -1
04-03 21:40:17.668 D/UsbnetService( 1574): BroadcastReceiver::onReceive+
04-03 21:40:17.668 D/UsbnetService( 1574): onReceive BATTERY_CHANGED
04-03 21:40:17.668 D/UsbnetService( 1574):  --> pluggedType = 2, mPluggedType = 0, mScreenOff = false
04-03 21:40:17.668 D/UsbnetService( 1574): BroadcastReceiver::onReceive-
04-03 21:40:17.668 D/NotificationService( 1574): mIntentReceiver() Intent.ACTION_BATTERY_CHANGED
04-03 21:40:17.678 D/BatteryService( 1574): SendIntentforPowersaver
04-03 21:40:17.678 D/BatteryService( 1574): Current powersaver status == NORMAL_STATUS1 2 2 false
04-03 21:40:17.688 D/PowerUI ( 1648): closing low battery warning: level=99
04-03 21:40:17.698 D/RemoveMe( 1665): DCT got intent android.intent.action.BATTERY_CHANGED
04-03 21:40:17.698 D/PowerUI ( 1648): plugged = true, health = 2, mBatteryLevel = 99, mPluggedBatteryLevel = 96, mLowBatteryWarningLevel2 = 25, mshowLowChargingWarning2 = true
04-03 21:40:17.708 D/RemoveMe( 1665): DCT got intent android.intent.action.BATTERY_CHANGED
04-03 21:40:17.718 D/RemoveMe( 1665): DCT got intent android.intent.action.BATTERY_CHANGED
04-03 21:40:20.001 I/System.out( 2765): Location: unknown | GPSNavigator running:true
04-03 21:40:20.001 I/System.out( 2765): Battery level: 99 | Time difference: -1
04-03 21:40:23.004 I/System.out( 2765): Location: unknown | GPSNavigator running:true
04-03 21:40:23.004 I/System.out( 2765): Battery level: 99 | Time difference: -1
04-03 21:40:23.474 D/Sensors ( 1574): Enable akm: en = 1
04-03 21:40:26.007 I/System.out( 2765): Location: unknown | GPSNavigator running:true
04-03 21:40:26.007 I/System.out( 2765): Battery level: 99 | Time difference: -1
04-03 21:40:28.999 I/System.out( 2765): Location: unknown | GPSNavigator running:true
04-03 21:40:28.999 I/System.out( 2765): Battery level: 99 | Time difference: -1
04-03 21:40:32.002 I/System.out( 2765): Location: unknown | GPSNavigator running:true
04-03 21:40:32.002 I/System.out( 2765): Battery level: 99 | Time difference: -1
04-03 21:40:35.005 I/System.out( 2765): Location: unknown | GPSNavigator running:true
04-03 21:40:35.005 I/System.out( 2765): Battery level: 99 | Time difference: -1
04-03 21:40:37.998 I/System.out( 2765): Location: unknown | GPSNavigator running:true
04-03 21:40:37.998 I/System.out( 2765): Battery level: 99 | Time difference: -1
04-03 21:40:38.529 D/Sensors ( 1574): Enable akm: en = 1
04-03 21:40:41.001 I/System.out( 2765): Location: unknown | GPSNavigator running:true
04-03 21:40:41.001 I/System.out( 2765): Battery level: 99 | Time difference: -1
04-03 21:40:44.004 I/System.out( 2765): Location: unknown | GPSNavigator running:true
04-03 21:40:44.004 I/System.out( 2765): Battery level: 99 | Time difference: -1
04-03 21:40:47.007 I/System.out( 2765): Location: unknown | GPSNavigator running:true
04-03 21:40:47.007 I/System.out( 2765): Battery level: 99 | Time difference: -1
04-03 21:40:47.718 D/UsbnetService( 1574): BroadcastReceiver::onReceive+
04-03 21:40:47.718 D/UsbnetService( 1574): onReceive BATTERY_CHANGED
04-03 21:40:47.718 D/UsbnetService( 1574):  --> pluggedType = 2, mPluggedType = 0, mScreenOff = false
04-03 21:40:47.718 D/UsbnetService( 1574): BroadcastReceiver::onReceive-
04-03 21:40:47.718 D/NotificationService( 1574): mIntentReceiver() Intent.ACTION_BATTERY_CHANGED
04-03 21:40:47.728 D/BatteryService( 1574): SendIntentforPowersaver
04-03 21:40:47.728 D/BatteryService( 1574): Current powersaver status == NORMAL_STATUS1 2 2 false
04-03 21:40:47.748 D/PowerUI ( 1648): closing low battery warning: level=99
04-03 21:40:47.748 D/RemoveMe( 1665): DCT got intent android.intent.action.BATTERY_CHANGED
04-03 21:40:47.748 D/PowerUI ( 1648): plugged = true, health = 2, mBatteryLevel = 99, mPluggedBatteryLevel = 96, mLowBatteryWarningLevel2 = 25, mshowLowChargingWarning2 = true
04-03 21:40:47.758 D/RemoveMe( 1665): DCT got intent android.intent.action.BATTERY_CHANGED
04-03 21:40:47.758 D/RemoveMe( 1665): DCT got intent android.intent.action.BATTERY_CHANGED
04-03 21:40:50.010 I/System.out( 2765): Location: unknown | GPSNavigator running:true
04-03 21:40:50.010 I/System.out( 2765): Battery level: 99 | Time difference: -1
04-03 21:40:53.003 I/System.out( 2765): Location: unknown | GPSNavigator running:true
04-03 21:40:53.003 I/System.out( 2765): Battery level: 99 | Time difference: -1
04-03 21:40:53.603 D/Sensors ( 1574): Enable akm: en = 1
04-03 21:40:56.006 I/System.out( 2765): Location: unknown | GPSNavigator running:true
04-03 21:40:56.006 I/System.out( 2765): Battery level: 99 | Time difference: -1
04-03 21:40:58.999 I/System.out( 2765): Location: unknown | GPSNavigator running:true
04-03 21:40:58.999 I/System.out( 2765): Battery level: 99 | Time difference: -1
04-03 21:41:02.012 I/System.out( 2765): Location: unknown | GPSNavigator running:true
04-03 21:41:02.012 I/System.out( 2765): Battery level: 99 | Time difference: -1
04-03 21:41:05.005 I/System.out( 2765): Location: unknown | GPSNavigator running:true
04-03 21:41:05.005 I/System.out( 2765): Battery level: 99 | Time difference: -1
04-03 21:41:05.105 D/dalvikvm( 1677): GC_EXPLICIT freed 211K, 25% free 10401K/13831K, paused 2ms+2ms
04-03 21:41:08.018 I/System.out( 2765): Location: unknown | GPSNavigator running:true
04-03 21:41:08.018 I/System.out( 2765): Battery level: 99 | Time difference: -1
04-03 21:41:08.648 D/Sensors ( 1574): Enable akm: en = 1
04-03 21:41:11.010 I/System.out( 2765): Location: unknown | GPSNavigator running:true
04-03 21:41:11.010 I/System.out( 2765): Battery level: 99 | Time difference: -1
04-03 21:41:14.013 I/System.out( 2765): Location: unknown | GPSNavigator running:true
04-03 21:41:14.013 I/System.out( 2765): Battery level: 99 | Time difference: -1
04-03 21:41:17.016 I/System.out( 2765): Location: unknown | GPSNavigator running:true
04-03 21:41:17.016 I/System.out( 2765): Battery level: 99 | Time difference: -1
04-03 21:41:17.767 D/UsbnetService( 1574): BroadcastReceiver::onReceive+
04-03 21:41:17.777 D/UsbnetService( 1574): onReceive BATTERY_CHANGED
04-03 21:41:17.777 D/UsbnetService( 1574):  --> pluggedType = 2, mPluggedType = 0, mScreenOff = false
04-03 21:41:17.777 D/UsbnetService( 1574): BroadcastReceiver::onReceive-
04-03 21:41:17.777 D/NotificationService( 1574): mIntentReceiver() Intent.ACTION_BATTERY_CHANGED
04-03 21:41:17.787 D/BatteryService( 1574): SendIntentforPowersaver
04-03 21:41:17.787 D/BatteryService( 1574): Current powersaver status == NORMAL_STATUS1 2 2 false
04-03 21:41:17.797 D/PowerUI ( 1648): closing low battery warning: level=98
04-03 21:41:17.797 D/PowerUI ( 1648): plugged = true, health = 2, mBatteryLevel = 98, mPluggedBatteryLevel = 96, mLowBatteryWarningLevel2 = 25, mshowLowChargingWarning2 = true
04-03 21:41:17.807 D/RemoveMe( 1665): DCT got intent android.intent.action.BATTERY_CHANGED
04-03 21:41:17.807 D/RemoveMe( 1665): DCT got intent android.intent.action.BATTERY_CHANGED
04-03 21:41:17.807 D/RemoveMe( 1665): DCT got intent android.intent.action.BATTERY_CHANGED
04-03 21:41:17.807 I/System.out( 2765): Battery level start is reached
04-03 21:41:20.019 I/System.out( 2765): Location: unknown | GPSNavigator running:true
04-03 21:41:20.019 I/System.out( 2765): Battery level: 98 | Time difference: -1
04-03 21:41:23.012 I/System.out( 2765): Location: unknown | GPSNavigator running:true
04-03 21:41:23.012 I/System.out( 2765): Battery level: 98 | Time difference: -1
04-03 21:41:23.743 D/Sensors ( 1574): Enable akm: en = 1
04-03 21:41:26.015 I/System.out( 2765): Location: unknown | GPSNavigator running:true
04-03 21:41:26.015 I/System.out( 2765): Battery level: 98 | Time difference: -1
04-03 21:41:29.008 I/System.out( 2765): Location: unknown | GPSNavigator running:true
04-03 21:41:29.008 I/System.out( 2765): Battery level: 98 | Time difference: -1
04-03 21:41:31.410 D/dalvikvm( 2765): GC_CONCURRENT freed 306K, 6% free 6585K/6983K, paused 5ms+1ms
04-03 21:41:32.021 I/System.out( 2765): Location: unknown | GPSNavigator running:true
04-03 21:41:32.021 I/System.out( 2765): Battery level: 98 | Time difference: -1
04-03 21:41:35.014 I/System.out( 2765): Location: unknown | GPSNavigator running:true
04-03 21:41:35.014 I/System.out( 2765): Battery level: 98 | Time difference: -1
04-03 21:41:38.017 I/System.out( 2765): Location: unknown | GPSNavigator running:true
04-03 21:41:38.017 I/System.out( 2765): Battery level: 98 | Time difference: -1
04-03 21:41:38.868 D/Sensors ( 1574): Enable akm: en = 1
04-03 21:41:41.010 I/System.out( 2765): Location: unknown | GPSNavigator running:true
04-03 21:41:41.010 I/System.out( 2765): Battery level: 98 | Time difference: -1
04-03 21:41:44.013 I/System.out( 2765): Location: unknown | GPSNavigator running:true
04-03 21:41:44.013 I/System.out( 2765): Battery level: 98 | Time difference: -1
04-03 21:41:47.016 I/System.out( 2765): Location: unknown | GPSNavigator running:true
04-03 21:41:47.016 I/System.out( 2765): Battery level: 98 | Time difference: -1
04-03 21:41:47.846 D/UsbnetService( 1574): BroadcastReceiver::onReceive+
04-03 21:41:47.846 D/UsbnetService( 1574): onReceive BATTERY_CHANGED
04-03 21:41:47.846 D/UsbnetService( 1574):  --> pluggedType = 2, mPluggedType = 0, mScreenOff = false
04-03 21:41:47.856 D/UsbnetService( 1574): BroadcastReceiver::onReceive-
04-03 21:41:47.856 D/BatteryService( 1574): SendIntentforPowersaver
04-03 21:41:47.856 D/NotificationService( 1574): mIntentReceiver() Intent.ACTION_BATTERY_CHANGED
04-03 21:41:47.866 D/BatteryService( 1574): Current powersaver status == NORMAL_STATUS1 2 2 false
04-03 21:41:47.876 D/RemoveMe( 1665): DCT got intent android.intent.action.BATTERY_CHANGED
04-03 21:41:47.876 D/PowerUI ( 1648): closing low battery warning: level=98
04-03 21:41:47.876 D/PowerUI ( 1648): plugged = true, health = 2, mBatteryLevel = 98, mPluggedBatteryLevel = 96, mLowBatteryWarningLevel2 = 25, mshowLowChargingWarning2 = true
04-03 21:41:47.886 D/RemoveMe( 1665): DCT got intent android.intent.action.BATTERY_CHANGED
04-03 21:41:47.886 D/RemoveMe( 1665): DCT got intent android.intent.action.BATTERY_CHANGED
04-03 21:41:50.019 I/System.out( 2765): Location: unknown | GPSNavigator running:true
04-03 21:41:50.019 I/System.out( 2765): Battery level: 98 | Time difference: -1
04-03 21:41:53.021 I/System.out( 2765): Location: unknown | GPSNavigator running:true
04-03 21:41:53.021 I/System.out( 2765): Battery level: 98 | Time difference: -1
04-03 21:41:53.962 D/Sensors ( 1574): Enable akm: en = 1
04-03 21:41:56.014 I/System.out( 2765): Location: unknown | GPSNavigator running:true
04-03 21:41:56.014 I/System.out( 2765): Battery level: 98 | Time difference: -1
04-03 21:41:59.017 I/System.out( 2765): Location: unknown | GPSNavigator running:true
04-03 21:41:59.017 I/System.out( 2765): Battery level: 98 | Time difference: -1
04-03 21:42:02.020 I/System.out( 2765): Location: unknown | GPSNavigator running:true
04-03 21:42:02.020 I/System.out( 2765): Battery level: 98 | Time difference: -1
04-03 21:42:05.023 I/System.out( 2765): Location: unknown | GPSNavigator running:true
04-03 21:42:05.023 I/System.out( 2765): Battery level: 98 | Time difference: -1
04-03 21:42:08.026 I/System.out( 2765): Location: unknown | GPSNavigator running:true
04-03 21:42:08.026 I/System.out( 2765): Battery level: 98 | Time difference: -1
04-03 21:42:09.107 D/Sensors ( 1574): Enable akm: en = 1
04-03 21:42:11.019 I/System.out( 2765): Location: unknown | GPSNavigator running:true
04-03 21:42:11.019 I/System.out( 2765): Battery level: 98 | Time difference: -1
04-03 21:42:14.022 I/System.out( 2765): Location: unknown | GPSNavigator running:true
04-03 21:42:14.022 I/System.out( 2765): Battery level: 98 | Time difference: -1
04-03 21:42:17.025 I/System.out( 2765): Location: unknown | GPSNavigator running:true
04-03 21:42:17.025 I/System.out( 2765): Battery level: 98 | Time difference: -1
04-03 21:42:20.018 I/System.out( 2765): Location: unknown | GPSNavigator running:true
04-03 21:42:20.018 I/System.out( 2765): Battery level: 98 | Time difference: -1
04-03 21:42:23.021 I/System.out( 2765): Location: unknown | GPSNavigator running:true
04-03 21:42:23.021 I/System.out( 2765): Battery level: 98 | Time difference: -1
04-03 21:42:24.172 D/Sensors ( 1574): Enable akm: en = 1
04-03 21:42:26.024 I/System.out( 2765): Location: unknown | GPSNavigator running:true
04-03 21:42:26.024 I/System.out( 2765): Battery level: 98 | Time difference: -1
04-03 21:42:29.027 I/System.out( 2765): Location: unknown | GPSNavigator running:true
04-03 21:42:29.027 I/System.out( 2765): Battery level: 98 | Time difference: -1
04-03 21:42:32.030 I/System.out( 2765): Location: unknown | GPSNavigator running:true
04-03 21:42:32.030 I/System.out( 2765): Battery level: 98 | Time difference: -1
04-03 21:42:35.022 I/System.out( 2765): Location: unknown | GPSNavigator running:true
04-03 21:42:35.022 I/System.out( 2765): Battery level: 98 | Time difference: -1
04-03 21:42:38.025 I/System.out( 2765): Location: unknown | GPSNavigator running:true
04-03 21:42:38.025 I/System.out( 2765): Battery level: 98 | Time difference: -1
04-03 21:42:39.277 D/Sensors ( 1574): Enable akm: en = 1
04-03 21:42:41.018 I/System.out( 2765): Location: unknown | GPSNavigator running:true
04-03 21:42:41.018 I/System.out( 2765): Battery level: 98 | Time difference: -1
04-03 21:42:44.021 I/System.out( 2765): Location: unknown | GPSNavigator running:true
04-03 21:42:44.021 I/System.out( 2765): Battery level: 98 | Time difference: -1
04-03 21:42:47.024 I/System.out( 2765): Location: unknown | GPSNavigator running:true
04-03 21:42:47.024 I/System.out( 2765): Battery level: 98 | Time difference: -1
04-03 21:42:47.955 D/UsbnetService( 1574): BroadcastReceiver::onReceive+
04-03 21:42:47.955 D/UsbnetService( 1574): onReceive BATTERY_CHANGED
04-03 21:42:47.965 D/UsbnetService( 1574):  --> pluggedType = 2, mPluggedType = 0, mScreenOff = false
04-03 21:42:47.965 D/UsbnetService( 1574): BroadcastReceiver::onReceive-
04-03 21:42:47.965 D/NotificationService( 1574): mIntentReceiver() Intent.ACTION_BATTERY_CHANGED
04-03 21:42:47.975 D/BatteryService( 1574): SendIntentforPowersaver
04-03 21:42:47.975 D/BatteryService( 1574): Current powersaver status == NORMAL_STATUS1 2 2 false
04-03 21:42:47.985 D/RemoveMe( 1665): DCT got intent android.intent.action.BATTERY_CHANGED
04-03 21:42:47.985 D/PowerUI ( 1648): closing low battery warning: level=98
04-03 21:42:47.995 D/PowerUI ( 1648): plugged = true, health = 2, mBatteryLevel = 98, mPluggedBatteryLevel = 96, mLowBatteryWarningLevel2 = 25, mshowLowChargingWarning2 = true
04-03 21:42:48.005 D/RemoveMe( 1665): DCT got intent android.intent.action.BATTERY_CHANGED
04-03 21:42:48.005 D/RemoveMe( 1665): DCT got intent android.intent.action.BATTERY_CHANGED
04-03 21:42:50.027 I/System.out( 2765): Location: unknown | GPSNavigator running:true
04-03 21:42:50.027 I/System.out( 2765): Battery level: 98 | Time difference: -1
04-03 21:42:53.020 I/System.out( 2765): Location: unknown | GPSNavigator running:true
04-03 21:42:53.020 I/System.out( 2765): Battery level: 98 | Time difference: -1
04-03 21:42:54.361 D/Sensors ( 1574): Enable akm: en = 1
04-03 21:42:56.023 I/System.out( 2765): Location: unknown | GPSNavigator running:true
04-03 21:42:56.023 I/System.out( 2765): Battery level: 98 | Time difference: -1
04-03 21:42:59.026 I/System.out( 2765): Location: unknown | GPSNavigator running:true
04-03 21:42:59.026 I/System.out( 2765): Battery level: 98 | Time difference: -1
04-03 21:43:02.019 I/System.out( 2765): Location: unknown | GPSNavigator running:true
04-03 21:43:02.019 I/System.out( 2765): Battery level: 98 | Time difference: -1
04-03 21:43:05.022 I/System.out( 2765): Location: unknown | GPSNavigator running:true
04-03 21:43:05.022 I/System.out( 2765): Battery level: 98 | Time difference: -1
04-03 21:43:05.102 D/dalvikvm( 1677): GC_EXPLICIT freed 1K, 25% free 10401K/13831K, paused 2ms+3ms
04-03 21:43:08.035 I/System.out( 2765): Location: unknown | GPSNavigator running:true
04-03 21:43:08.035 I/System.out( 2765): Battery level: 98 | Time difference: -1
04-03 21:43:09.516 D/Sensors ( 1574): Enable akm: en = 1
04-03 21:43:11.028 I/System.out( 2765): Location: unknown | GPSNavigator running:true
04-03 21:43:11.028 I/System.out( 2765): Battery level: 98 | Time difference: -1
04-03 21:43:14.020 I/System.out( 2765): Location: unknown | GPSNavigator running:true
04-03 21:43:14.020 I/System.out( 2765): Battery level: 98 | Time difference: -1
04-03 21:43:17.023 I/System.out( 2765): Location: unknown | GPSNavigator running:true
04-03 21:43:17.023 I/System.out( 2765): Battery level: 98 | Time difference: -1
04-03 21:43:18.014 D/UsbnetService( 1574): BroadcastReceiver::onReceive+
04-03 21:43:18.014 D/UsbnetService( 1574): onReceive BATTERY_CHANGED
04-03 21:43:18.014 D/UsbnetService( 1574):  --> pluggedType = 2, mPluggedType = 0, mScreenOff = false
04-03 21:43:18.014 D/UsbnetService( 1574): BroadcastReceiver::onReceive-
04-03 21:43:18.014 D/NotificationService( 1574): mIntentReceiver() Intent.ACTION_BATTERY_CHANGED
04-03 21:43:18.024 D/BatteryService( 1574): SendIntentforPowersaver
04-03 21:43:18.024 D/BatteryService( 1574): Current powersaver status == NORMAL_STATUS1 2 2 false
04-03 21:43:18.044 D/RemoveMe( 1665): DCT got intent android.intent.action.BATTERY_CHANGED
04-03 21:43:18.054 D/PowerUI ( 1648): closing low battery warning: level=98
04-03 21:43:18.054 D/RemoveMe( 1665): DCT got intent android.intent.action.BATTERY_CHANGED
04-03 21:43:18.054 D/RemoveMe( 1665): DCT got intent android.intent.action.BATTERY_CHANGED
04-03 21:43:18.054 D/PowerUI ( 1648): plugged = true, health = 2, mBatteryLevel = 98, mPluggedBatteryLevel = 96, mLowBatteryWarningLevel2 = 25, mshowLowChargingWarning2 = true
04-03 21:43:20.036 I/System.out( 2765): Location: unknown | GPSNavigator running:true
04-03 21:43:20.036 I/System.out( 2765): Battery level: 98 | Time difference: -1
04-03 21:43:23.029 I/System.out( 2765): Location: unknown | GPSNavigator running:true
04-03 21:43:23.029 I/System.out( 2765): Battery level: 98 | Time difference: -1
04-03 21:43:24.651 D/Sensors ( 1574): Enable akm: en = 1
04-03 21:43:26.032 I/System.out( 2765): Location: unknown | GPSNavigator running:true
04-03 21:43:26.032 I/System.out( 2765): Battery level: 98 | Time difference: -1
04-03 21:43:29.035 I/System.out( 2765): Location: unknown | GPSNavigator running:true
04-03 21:43:29.035 I/System.out( 2765): Battery level: 98 | Time difference: -1
04-03 21:43:32.028 I/System.out( 2765): Location: unknown | GPSNavigator running:true
04-03 21:43:32.028 I/System.out( 2765): Battery level: 98 | Time difference: -1
04-03 21:43:35.041 I/System.out( 2765): Location: unknown | GPSNavigator running:true
04-03 21:43:35.041 I/System.out( 2765): Battery level: 98 | Time difference: -1
04-03 21:43:38.034 I/System.out( 2765): Location: unknown | GPSNavigator running:true
04-03 21:43:38.034 I/System.out( 2765): Battery level: 98 | Time difference: -1
04-03 21:43:39.746 D/Sensors ( 1574): Enable akm: en = 1
04-03 21:43:41.037 I/System.out( 2765): Location: unknown | GPSNavigator running:true
04-03 21:43:41.037 I/System.out( 2765): Battery level: 98 | Time difference: -1
04-03 21:43:43.259 D/SntpClient( 1574): requestTime: called by Thread[ThrottleService,5,main], failed: java.net.UnknownHostException: Unable to resolve host "north-america.pool.ntp.org": No address associated with hostname
04-03 21:43:43.259 D/NetdConnector( 1574): listenToSocket read--: (6,0)
04-03 21:43:43.269 D/NetdConnector( 1574): RCV <- {216 0}
04-03 21:43:43.269 D/NetdConnector( 1574): doCommand++ (Wait Response)
04-03 21:43:43.279 D/NetdConnector( 1574): listenToSocket read++
04-03 21:43:43.279 D/NetdConnector( 1574): RSP <- {216 0}
04-03 21:43:43.279 D/NetdConnector( 1574): miNoRespCnt=0
04-03 21:43:43.279 D/NetdConnector( 1574): doCommand-- (complete)
04-03 21:43:43.289 D/NetdConnector( 1574): listenToSocket read--: (6,0)
04-03 21:43:43.289 D/NetdConnector( 1574): RCV <- {217 0}
04-03 21:43:43.289 D/NetdConnector( 1574): doCommand++ (Wait Response)
04-03 21:43:43.289 D/NetdConnector( 1574): listenToSocket read++
04-03 21:43:43.289 D/NetdConnector( 1574): RSP <- {217 0}
04-03 21:43:43.289 D/NetdConnector( 1574): miNoRespCnt=0
04-03 21:43:43.289 D/NetdConnector( 1574): doCommand-- (complete)
04-03 21:43:43.299 D/SntpClient( 1574): requestTime: called by Thread[ThrottleService,5,main], failed: java.net.UnknownHostException: Unable to resolve host "north-america.pool.ntp.org": No address associated with hostname
04-03 21:43:43.299 D/SntpClient( 1574): requestTime: called by Thread[ThrottleService,5,main], failed: java.net.UnknownHostException: Unable to resolve host "north-america.pool.ntp.org": No address associated with hostname
04-03 21:43:44.030 I/System.out( 2765): Location: unknown | GPSNavigator running:true
04-03 21:43:44.030 I/System.out( 2765): Battery level: 98 | Time difference: -1
04-03 21:43:47.033 I/System.out( 2765): Location: unknown | GPSNavigator running:true
04-03 21:43:47.033 I/System.out( 2765): Battery level: 98 | Time difference: -1
04-03 21:43:48.054 D/UsbnetService( 1574): BroadcastReceiver::onReceive+
04-03 21:43:48.054 D/UsbnetService( 1574): onReceive BATTERY_CHANGED
04-03 21:43:48.054 D/UsbnetService( 1574):  --> pluggedType = 2, mPluggedType = 0, mScreenOff = false
04-03 21:43:48.054 D/UsbnetService( 1574): BroadcastReceiver::onReceive-
04-03 21:43:48.054 D/NotificationService( 1574): mIntentReceiver() Intent.ACTION_BATTERY_CHANGED
04-03 21:43:48.064 D/BatteryService( 1574): SendIntentforPowersaver
04-03 21:43:48.074 D/BatteryService( 1574): Current powersaver status == NORMAL_STATUS1 2 2 false
04-03 21:43:48.074 D/RemoveMe( 1665): DCT got intent android.intent.action.BATTERY_CHANGED
04-03 21:43:48.074 D/PowerUI ( 1648): closing low battery warning: level=98
04-03 21:43:48.084 D/RemoveMe( 1665): DCT got intent android.intent.action.BATTERY_CHANGED
04-03 21:43:48.084 D/PowerUI ( 1648): plugged = true, health = 2, mBatteryLevel = 98, mPluggedBatteryLevel = 96, mLowBatteryWarningLevel2 = 25, mshowLowChargingWarning2 = true
04-03 21:43:48.094 D/RemoveMe( 1665): DCT got intent android.intent.action.BATTERY_CHANGED
04-03 21:43:50.036 I/System.out( 2765): Location: unknown | GPSNavigator running:true
04-03 21:43:50.036 I/System.out( 2765): Battery level: 98 | Time difference: -1
04-03 21:43:53.039 I/System.out( 2765): Location: unknown | GPSNavigator running:true
04-03 21:43:53.039 I/System.out( 2765): Battery level: 98 | Time difference: -1
04-03 21:43:54.840 D/Sensors ( 1574): Enable akm: en = 1
04-03 21:43:56.031 I/System.out( 2765): Location: unknown | GPSNavigator running:true
04-03 21:43:56.031 I/System.out( 2765): Battery level: 98 | Time difference: -1
04-03 21:43:59.034 I/System.out( 2765): Location: unknown | GPSNavigator running:true
04-03 21:43:59.034 I/System.out( 2765): Battery level: 98 | Time difference: -1
04-03 21:44:02.037 I/System.out( 2765): Location: unknown | GPSNavigator running:true
04-03 21:44:02.037 I/System.out( 2765): Battery level: 98 | Time difference: -1
04-03 21:44:05.030 I/System.out( 2765): Location: unknown | GPSNavigator running:true
04-03 21:44:05.030 I/System.out( 2765): Battery level: 98 | Time difference: -1
04-03 21:44:08.033 I/System.out( 2765): Location: unknown | GPSNavigator running:true
04-03 21:44:08.033 I/System.out( 2765): Battery level: 98 | Time difference: -1
04-03 21:44:10.015 D/Sensors ( 1574): Enable akm: en = 1
04-03 21:44:11.036 I/System.out( 2765): Location: unknown | GPSNavigator running:true
