04-03 13:43:15.267 V/locapi_rpc_glue( 1574): -loc_api_callback_process_sync_call, no sync call in use
04-03 13:43:15.277 D/RPC     ( 1574): written RPC packet size: [28]
04-03 13:43:15.277 D/RPC     ( 1574): read RPC packet
04-03 13:43:15.277 D/RPC     ( 1574): read RPC packet size: [272]
04-03 13:43:15.277 V/locapi_rpc_glue( 1574): Callback received: 4 (cb_id=0x6260000 handle=1)
04-03 13:43:15.277 V/locapi_rpc_glue( 1574): +loc_api_callback_process_sync_call
04-03 13:43:15.277 V/locapi_rpc_glue( 1574): -loc_api_callback_process_sync_call, no sync call in use
04-03 13:43:15.277 D/RPC     ( 1574): written RPC packet size: [28]
04-03 13:43:15.487 D/RPC     ( 1574): read RPC packet
04-03 13:43:15.487 D/RPC     ( 1574): read RPC packet size: [208]
04-03 13:43:15.487 V/locapi_rpc_glue( 1574): Callback received: 1 (cb_id=0x6260000 handle=1)
04-03 13:43:15.497 V/locapi_rpc_glue( 1574): +loc_api_callback_process_sync_call
04-03 13:43:15.497 V/locapi_rpc_glue( 1574): -loc_api_callback_process_sync_call, no sync call in use
04-03 13:43:15.497 D/RPC     ( 1574): written RPC packet size: [28]
04-03 13:43:15.497 D/lib_locapi( 1574): loc_eng_report_position: valid mask = 0x606d, sess status = 1
04-03 13:43:15.998 I/ActivityManager( 1574): Start proc com.htc.bgp for service com.htc.htclocationservice/.AutoSettingService: pid=2849 uid=10013 gids={2001, 3003, 1006, 1015}
04-03 13:43:16.038 I/ActivityThread( 2849): Pub com.htc.provider.notes: com.htc.provider.notes.HtcNotesProvider
04-03 13:43:16.048 I/ActivityThread( 2849): Pub customization_settings: com.htc.provider.CustomizationSettings.CustomizationSettingsProvider
04-03 13:43:16.058 D/SqliteDatabaseCpp( 2849): dbopen(): path = /data/data/com.htc.provider.CustomizationSettings/databases , key = guwtkma~Ytakj[wettajcw, flag = 6, file size = 128000
04-03 13:43:16.058 D/SqliteDatabaseCpp( 2849): dbopen(): path = /data/data/com.htc.provider.CustomizationSettings/databases , key = guwtkma~Ytakj[wettajcw, mode: delete, disk free size: 7850 M, handle: 0x19d0b8
04-03 13:43:16.068 I/ActivityThread( 2849): Pub com.htc.provider.weather: com.htc.provider.weather.WeatherProvider
04-03 13:43:16.068 D/SqliteDatabaseCpp( 2849): dbopen(): path = /data/data/com.htc.provider.weather/databases , key = seYt`ev, flag = 6, file size = 8192
04-03 13:43:16.078 D/SqliteDatabaseCpp( 2849): dbopen(): path = /data/data/com.htc.provider.weather/databases , key = seYt`ev, mode: delete, disk free size: 7850 M, handle: 0x1c1010
04-03 13:43:16.078 I/ActivityThread( 2849): Pub com.htc.opensense.plugin: com.htc.opensense.pluginmanager.PluginProvider
04-03 13:43:16.088 D/PluginProvider( 2849): PluginProvider onCreate
04-03 13:43:16.088 I/ActivityThread( 2849): Pub com.htc.sync.provider.weather: com.htc.sync.provider.weather.Provider
04-03 13:43:16.088 I/ActivityThread( 2849): Pub stock: com.htc.dcs.service.stock.StockProvider
04-03 13:43:16.098 I/ActivityThread( 2849): Pub stockset: com.htc.android.Stock.SettingProvider
04-03 13:43:16.108 I/ActivityThread( 2849): Pub com.android.calendar: com.android.providers.calendar.HtcCalendarProvider
04-03 13:43:16.128 D/SqliteDatabaseCpp( 2849): dbopen(): path = /data/data/com.android.providers.calendar/databases , key = gYlejdYv, flag = 6, file size = 53248
04-03 13:43:16.138 D/SqliteDatabaseCpp( 2849): dbopen(): path = /data/data/com.android.providers.calendar/databases , key = gYlejdYv, mode: delete, disk free size: 7850 M, handle: 0x253150
04-03 13:43:16.138 D/Socket_Alarm( 2849): registerHTCSocketMonitorCallBack
04-03 13:43:16.138 D/Socket_Alarm( 2849): set mSocketMonitor
04-03 13:43:16.138 D/Socket_Alarm( 2849): HTCSocketMonitorImpl::HTCSocketMonitorImpl
04-03 13:43:16.158 D/AutoSetting( 2849): service - onCreate()
04-03 13:43:16.158 V/LocationManagerService( 1574): requestLocationUpdates
04-03 13:43:16.158 V/LocationManagerService( 1574): _requestLocationUpdates: listener = Receiver{40fb3f10 Listener android.os.BinderProxy@40fb3ed8}mUpdateRecords: {}
04-03 13:43:16.158 V/LocationManagerService( 1574): requestLocationUpdatesLocked: updateProvidersLocked
04-03 13:43:16.158 V/LocationManagerService( 1574): _requestLocationUpdates: provider = passive listener = Receiver{40fb3f10 Listener android.os.BinderProxy@40fb3ed8}mUpdateRecords: {passive=UpdateRecord{40fede58 mProvider: passive mUid: 10013}}
04-03 13:43:16.168 I/CalendarProvider2( 2849): doOnAccountUpdated
04-03 13:43:16.218 D/dalvikvm( 2849): GC_CONCURRENT freed 190K, 5% free 6707K/7047K, paused 1ms+1ms
04-03 13:43:16.228 D/Calendar( 2849): missed alarms found: 0
04-03 13:43:16.258 D/RPC     ( 1574): read RPC packet
04-03 13:43:16.258 D/RPC     ( 1574): read RPC packet size: [272]
04-03 13:43:16.258 V/locapi_rpc_glue( 1574): Callback received: 4 (cb_id=0x6260000 handle=1)
04-03 13:43:16.258 V/locapi_rpc_glue( 1574): +loc_api_callback_process_sync_call
04-03 13:43:16.258 V/locapi_rpc_glue( 1574): -loc_api_callback_process_sync_call, no sync call in use
04-03 13:43:16.258 D/RPC     ( 1574): written RPC packet size: [28]
04-03 13:43:16.258 D/RPC     ( 1574): read RPC packet
04-03 13:43:16.258 D/RPC     ( 1574): read RPC packet size: [272]
04-03 13:43:16.258 V/locapi_rpc_glue( 1574): Callback received: 4 (cb_id=0x6260000 handle=1)
04-03 13:43:16.258 V/locapi_rpc_glue( 1574): +loc_api_callback_process_sync_call
04-03 13:43:16.258 V/locapi_rpc_glue( 1574): -loc_api_callback_process_sync_call, no sync call in use
04-03 13:43:16.258 D/RPC     ( 1574): written RPC packet size: [28]
04-03 13:43:16.258 D/RPC     ( 1574): read RPC packet
04-03 13:43:16.258 D/RPC     ( 1574): read RPC packet size: [272]
04-03 13:43:16.258 V/locapi_rpc_glue( 1574): Callback received: 4 (cb_id=0x6260000 handle=1)
04-03 13:43:16.258 V/locapi_rpc_glue( 1574): +loc_api_callback_process_sync_call
04-03 13:43:16.258 V/locapi_rpc_glue( 1574): -loc_api_callback_process_sync_call, no sync call in use
04-03 13:43:16.258 D/RPC     ( 1574): written RPC packet size: [28]
04-03 13:43:16.258 D/RPC     ( 1574): read RPC packet
04-03 13:43:16.258 D/RPC     ( 1574): read RPC packet size: [272]
04-03 13:43:16.258 V/locapi_rpc_glue( 1574): Callback received: 4 (cb_id=0x6260000 handle=1)
04-03 13:43:16.258 V/locapi_rpc_glue( 1574): +loc_api_callback_process_sync_call
04-03 13:43:16.258 V/locapi_rpc_glue( 1574): -loc_api_callback_process_sync_call, no sync call in use
04-03 13:43:16.258 D/RPC     ( 1574): written RPC packet size: [28]
04-03 13:43:16.258 D/RPC     ( 1574): read RPC packet
04-03 13:43:16.258 D/RPC     ( 1574): read RPC packet size: [96]
04-03 13:43:16.258 V/locapi_rpc_glue( 1574): Callback received: 2 (cb_id=0x6260000 handle=1)
04-03 13:43:16.258 V/locapi_rpc_glue( 1574): +loc_api_callback_process_sync_call
04-03 13:43:16.258 V/locapi_rpc_glue( 1574): -loc_api_callback_process_sync_call, no sync call in use
04-03 13:43:16.258 D/RPC     ( 1574): written RPC packet size: [28]
04-03 13:43:16.258 D/lib_locapi( 1574): loc_eng_report_sv: valid_mask = 0x30, num of sv = 0
04-03 13:43:16.258 D/GpsLocationProvider( 1574): reportSvStatus
04-03 13:43:16.258 V/GpsLocationProvider( 1574): SV count: 0 ephemerisMask: 0 almanacMask: 0
04-03 13:43:16.258 D/RPC     ( 1574): read RPC packet
04-03 13:43:16.258 D/RPC     ( 1574): read RPC packet size: [272]
04-03 13:43:16.258 V/locapi_rpc_glue( 1574): Callback received: 4 (cb_id=0x6260000 handle=1)
04-03 13:43:16.258 V/locapi_rpc_glue( 1574): +loc_api_callback_process_sync_call
04-03 13:43:16.258 V/locapi_rpc_glue( 1574): -loc_api_callback_process_sync_call, no sync call in use
04-03 13:43:16.258 D/RPC     ( 1574): written RPC packet size: [28]
04-03 13:43:16.258 D/RPC     ( 1574): read RPC packet
04-03 13:43:16.258 D/RPC     ( 1574): read RPC packet size: [272]
04-03 13:43:16.258 V/locapi_rpc_glue( 1574): Callback received: 4 (cb_id=0x6260000 handle=1)
04-03 13:43:16.258 V/locapi_rpc_glue( 1574): +loc_api_callback_process_sync_call
04-03 13:43:16.258 V/locapi_rpc_glue( 1574): -loc_api_callback_process_sync_call, no sync call in use
04-03 13:43:16.258 D/RPC     ( 1574): written RPC packet size: [28]
04-03 13:43:16.268 D/RPC     ( 1574): read RPC packet
04-03 13:43:16.268 D/RPC     ( 1574): read RPC packet size: [272]
04-03 13:43:16.268 V/locapi_rpc_glue( 1574): Callback received: 4 (cb_id=0x6260000 handle=1)
04-03 13:43:16.268 V/locapi_rpc_glue( 1574): +loc_api_callback_process_sync_call
04-03 13:43:16.268 V/locapi_rpc_glue( 1574): -loc_api_callback_process_sync_call, no sync call in use
04-03 13:43:16.268 D/RPC     ( 1574): written RPC packet size: [28]
04-03 13:43:16.268 D/RPC     ( 1574): read RPC packet
04-03 13:43:16.268 D/RPC     ( 1574): read RPC packet size: [272]
04-03 13:43:16.268 V/locapi_rpc_glue( 1574): Callback received: 4 (cb_id=0x6260000 handle=1)
04-03 13:43:16.268 V/locapi_rpc_glue( 1574): +loc_api_callback_process_sync_call
04-03 13:43:16.268 V/locapi_rpc_glue( 1574): -loc_api_callback_process_sync_call, no sync call in use
04-03 13:43:16.268 D/RPC     ( 1574): written RPC packet size: [28]
04-03 13:43:16.498 D/RPC     ( 1574): read RPC packet
04-03 13:43:16.498 D/RPC     ( 1574): read RPC packet size: [208]
04-03 13:43:16.498 V/locapi_rpc_glue( 1574): Callback received: 1 (cb_id=0x6260000 handle=1)
04-03 13:43:16.498 V/locapi_rpc_glue( 1574): +loc_api_callback_process_sync_call
04-03 13:43:16.498 V/locapi_rpc_glue( 1574): -loc_api_callback_process_sync_call, no sync call in use
04-03 13:43:16.498 D/RPC     ( 1574): written RPC packet size: [28]
04-03 13:43:16.498 D/lib_locapi( 1574): loc_eng_report_position: valid mask = 0x606d, sess status = 1
04-03 13:43:16.989 D/SurfaceFlinger( 1438): virtual void android::Layer::onRemoved(): lcblk (identity=41, status=0, token=1)
04-03 13:43:17.189 I/CalendarProvider2( 2849): Sending notification intent: Intent { act=android.intent.action.PROVIDER_CHANGED dat=content://com.android.calendar }
04-03 13:43:17.199 W/ContentResolver( 2849): Failed to get type for: content://com.android.calendar (Unknown URL content://com.android.calendar)
04-03 13:43:17.259 D/RPC     ( 1574): read RPC packet
04-03 13:43:17.259 D/RPC     ( 1574): read RPC packet size: [272]
04-03 13:43:17.259 V/locapi_rpc_glue( 1574): Callback received: 4 (cb_id=0x6260000 handle=1)
04-03 13:43:17.259 V/locapi_rpc_glue( 1574): +loc_api_callback_process_sync_call
04-03 13:43:17.259 V/locapi_rpc_glue( 1574): -loc_api_callback_process_sync_call, no sync call in use
04-03 13:43:17.259 D/RPC     ( 1574): written RPC packet size: [28]
04-03 13:43:17.259 D/RPC     ( 1574): read RPC packet
04-03 13:43:17.259 D/RPC     ( 1574): read RPC packet size: [272]
04-03 13:43:17.259 V/locapi_rpc_glue( 1574): Callback received: 4 (cb_id=0x6260000 handle=1)
04-03 13:43:17.259 V/locapi_rpc_glue( 1574): +loc_api_callback_process_sync_call
04-03 13:43:17.259 V/locapi_rpc_glue( 1574): -loc_api_callback_process_sync_call, no sync call in use
04-03 13:43:17.259 D/RPC     ( 1574): written RPC packet size: [28]
04-03 13:43:17.259 D/RPC     ( 1574): read RPC packet
04-03 13:43:17.259 D/RPC     ( 1574): read RPC packet size: [272]
04-03 13:43:17.259 V/locapi_rpc_glue( 1574): Callback received: 4 (cb_id=0x6260000 handle=1)
04-03 13:43:17.259 V/locapi_rpc_glue( 1574): +loc_api_callback_process_sync_call
04-03 13:43:17.259 V/locapi_rpc_glue( 1574): -loc_api_callback_process_sync_call, no sync call in use
04-03 13:43:17.259 D/RPC     ( 1574): written RPC packet size: [28]
04-03 13:43:17.259 D/RPC     ( 1574): read RPC packet
04-03 13:43:17.259 D/RPC     ( 1574): read RPC packet size: [272]
04-03 13:43:17.259 V/locapi_rpc_glue( 1574): Callback received: 4 (cb_id=0x6260000 handle=1)
04-03 13:43:17.259 V/locapi_rpc_glue( 1574): +loc_api_callback_process_sync_call
04-03 13:43:17.259 V/locapi_rpc_glue( 1574): -loc_api_callback_process_sync_call, no sync call in use
04-03 13:43:17.259 D/RPC     ( 1574): written RPC packet size: [28]
04-03 13:43:17.269 D/RPC     ( 1574): read RPC packet
04-03 13:43:17.269 D/RPC     ( 1574): read RPC packet size: [96]
04-03 13:43:17.269 V/locapi_rpc_glue( 1574): Callback received: 2 (cb_id=0x6260000 handle=1)
04-03 13:43:17.269 V/locapi_rpc_glue( 1574): +loc_api_callback_process_sync_call
04-03 13:43:17.269 V/locapi_rpc_glue( 1574): -loc_api_callback_process_sync_call, no sync call in use
04-03 13:43:17.269 D/RPC     ( 1574): written RPC packet size: [28]
04-03 13:43:17.269 D/lib_locapi( 1574): loc_eng_report_sv: valid_mask = 0x30, num of sv = 0
04-03 13:43:17.269 D/GpsLocationProvider( 1574): reportSvStatus
04-03 13:43:17.269 V/GpsLocationProvider( 1574): SV count: 0 ephemerisMask: 0 almanacMask: 0
04-03 13:43:17.269 D/RPC     ( 1574): read RPC packet
04-03 13:43:17.269 D/RPC     ( 1574): read RPC packet size: [272]
04-03 13:43:17.269 V/locapi_rpc_glue( 1574): Callback received: 4 (cb_id=0x6260000 handle=1)
04-03 13:43:17.269 V/locapi_rpc_glue( 1574): +loc_api_callback_process_sync_call
04-03 13:43:17.269 V/locapi_rpc_glue( 1574): -loc_api_callback_process_sync_call, no sync call in use
04-03 13:43:17.269 D/RPC     ( 1574): written RPC packet size: [28]
04-03 13:43:17.269 D/RPC     ( 1574): read RPC packet
04-03 13:43:17.269 D/RPC     ( 1574): read RPC packet size: [272]
04-03 13:43:17.269 V/locapi_rpc_glue( 1574): Callback received: 4 (cb_id=0x6260000 handle=1)
04-03 13:43:17.269 V/locapi_rpc_glue( 1574): +loc_api_callback_process_sync_call
04-03 13:43:17.269 V/locapi_rpc_glue( 1574): -loc_api_callback_process_sync_call, no sync call in use
04-03 13:43:17.269 D/RPC     ( 1574): written RPC packet size: [28]
04-03 13:43:17.269 D/RPC     ( 1574): read RPC packet
04-03 13:43:17.269 D/RPC     ( 1574): read RPC packet size: [272]
04-03 13:43:17.269 V/locapi_rpc_glue( 1574): Callback received: 4 (cb_id=0x6260000 handle=1)
04-03 13:43:17.269 V/locapi_rpc_glue( 1574): +loc_api_callback_process_sync_call
04-03 13:43:17.269 V/locapi_rpc_glue( 1574): -loc_api_callback_process_sync_call, no sync call in use
04-03 13:43:17.269 D/RPC     ( 1574): written RPC packet size: [28]
04-03 13:43:17.269 D/RPC     ( 1574): read RPC packet
04-03 13:43:17.269 D/RPC     ( 1574): read RPC packet size: [272]
04-03 13:43:17.269 V/locapi_rpc_glue( 1574): Callback received: 4 (cb_id=0x6260000 handle=1)
04-03 13:43:17.269 V/locapi_rpc_glue( 1574): +loc_api_callback_process_sync_call
04-03 13:43:17.269 V/locapi_rpc_glue( 1574): -loc_api_callback_process_sync_call, no sync call in use
04-03 13:43:17.269 D/RPC     ( 1574): written RPC packet size: [28]
04-03 13:43:17.369 I/System.out( 2817): Location: unknown | GPSNavigator running:true
04-03 13:43:17.369 I/System.out( 2817): Battery level: 99 | Time difference: -1
04-03 13:43:17.499 D/RPC     ( 1574): read RPC packet
04-03 13:43:17.499 D/RPC     ( 1574): read RPC packet size: [208]
04-03 13:43:17.499 V/locapi_rpc_glue( 1574): Callback received: 1 (cb_id=0x6260000 handle=1)
04-03 13:43:17.499 V/locapi_rpc_glue( 1574): +loc_api_callback_process_sync_call
04-03 13:43:17.499 V/locapi_rpc_glue( 1574): -loc_api_callback_process_sync_call, no sync call in use
04-03 13:43:17.499 D/RPC     ( 1574): written RPC packet size: [28]
04-03 13:43:17.499 D/lib_locapi( 1574): loc_eng_report_position: valid mask = 0x606d, sess status = 1
04-03 13:43:18.160 D/dalvikvm( 1679): GC_EXPLICIT freed 1942K, 24% free 10419K/13639K, paused 12ms+3ms
04-03 13:43:18.260 D/RPC     ( 1574): read RPC packet
04-03 13:43:18.260 D/RPC     ( 1574): read RPC packet size: [272]
04-03 13:43:18.260 V/locapi_rpc_glue( 1574): Callback received: 4 (cb_id=0x6260000 handle=1)
04-03 13:43:18.260 V/locapi_rpc_glue( 1574): +loc_api_callback_process_sync_call
04-03 13:43:18.260 V/locapi_rpc_glue( 1574): -loc_api_callback_process_sync_call, no sync call in use
04-03 13:43:18.260 D/RPC     ( 1574): written RPC packet size: [28]
04-03 13:43:18.260 D/RPC     ( 1574): read RPC packet
04-03 13:43:18.260 D/RPC     ( 1574): read RPC packet size: [272]
04-03 13:43:18.260 V/locapi_rpc_glue( 1574): Callback received: 4 (cb_id=0x6260000 handle=1)
04-03 13:43:18.260 V/locapi_rpc_glue( 1574): +loc_api_callback_process_sync_call
04-03 13:43:18.260 V/locapi_rpc_glue( 1574): -loc_api_callback_process_sync_call, no sync call in use
04-03 13:43:18.260 D/RPC     ( 1574): written RPC packet size: [28]
04-03 13:43:18.260 D/RPC     ( 1574): read RPC packet
04-03 13:43:18.260 D/RPC     ( 1574): read RPC packet size: [272]
04-03 13:43:18.260 V/locapi_rpc_glue( 1574): Callback received: 4 (cb_id=0x6260000 handle=1)
04-03 13:43:18.260 V/locapi_rpc_glue( 1574): +loc_api_callback_process_sync_call
04-03 13:43:18.260 V/locapi_rpc_glue( 1574): -loc_api_callback_process_sync_call, no sync call in use
04-03 13:43:18.260 D/RPC     ( 1574): written RPC packet size: [28]
04-03 13:43:18.260 D/RPC     ( 1574): read RPC packet
04-03 13:43:18.260 D/RPC     ( 1574): read RPC packet size: [272]
04-03 13:43:18.260 V/locapi_rpc_glue( 1574): Callback received: 4 (cb_id=0x6260000 handle=1)
04-03 13:43:18.260 V/locapi_rpc_glue( 1574): +loc_api_callback_process_sync_call
04-03 13:43:18.260 V/locapi_rpc_glue( 1574): -loc_api_callback_process_sync_call, no sync call in use
04-03 13:43:18.260 D/RPC     ( 1574): written RPC packet size: [28]
04-03 13:43:18.260 D/RPC     ( 1574): read RPC packet
04-03 13:43:18.260 D/RPC     ( 1574): read RPC packet size: [96]
04-03 13:43:18.260 V/locapi_rpc_glue( 1574): Callback received: 2 (cb_id=0x6260000 handle=1)
04-03 13:43:18.260 V/locapi_rpc_glue( 1574): +loc_api_callback_process_sync_call
04-03 13:43:18.260 V/locapi_rpc_glue( 1574): -loc_api_callback_process_sync_call, no sync call in use
04-03 13:43:18.260 D/RPC     ( 1574): written RPC packet size: [28]
04-03 13:43:18.260 D/lib_locapi( 1574): loc_eng_report_sv: valid_mask = 0x30, num of sv = 0
04-03 13:43:18.260 D/GpsLocationProvider( 1574): reportSvStatus
04-03 13:43:18.260 V/GpsLocationProvider( 1574): SV count: 0 ephemerisMask: 0 almanacMask: 0
04-03 13:43:18.260 D/RPC     ( 1574): read RPC packet
04-03 13:43:18.260 D/RPC     ( 1574): read RPC packet size: [272]
04-03 13:43:18.260 V/locapi_rpc_glue( 1574): Callback received: 4 (cb_id=0x6260000 handle=1)
04-03 13:43:18.260 V/locapi_rpc_glue( 1574): +loc_api_callback_process_sync_call
04-03 13:43:18.260 V/locapi_rpc_glue( 1574): -loc_api_callback_process_sync_call, no sync call in use
04-03 13:43:18.260 D/RPC     ( 1574): written RPC packet size: [28]
04-03 13:43:18.260 D/RPC     ( 1574): read RPC packet
04-03 13:43:18.260 D/RPC     ( 1574): read RPC packet size: [272]
04-03 13:43:18.260 V/locapi_rpc_glue( 1574): Callback received: 4 (cb_id=0x6260000 handle=1)
04-03 13:43:18.260 V/locapi_rpc_glue( 1574): +loc_api_callback_process_sync_call
04-03 13:43:18.260 V/locapi_rpc_glue( 1574): -loc_api_callback_process_sync_call, no sync call in use
04-03 13:43:18.260 D/RPC     ( 1574): written RPC packet size: [28]
04-03 13:43:18.270 D/RPC     ( 1574): read RPC packet
04-03 13:43:18.270 D/RPC     ( 1574): read RPC packet size: [272]
04-03 13:43:18.270 V/locapi_rpc_glue( 1574): Callback received: 4 (cb_id=0x6260000 handle=1)
04-03 13:43:18.270 V/locapi_rpc_glue( 1574): +loc_api_callback_process_sync_call
04-03 13:43:18.270 V/locapi_rpc_glue( 1574): -loc_api_callback_process_sync_call, no sync call in use
04-03 13:43:18.270 D/RPC     ( 1574): written RPC packet size: [28]
04-03 13:43:18.270 D/RPC     ( 1574): read RPC packet
04-03 13:43:18.270 D/RPC     ( 1574): read RPC packet size: [272]
04-03 13:43:18.270 V/locapi_rpc_glue( 1574): Callback received: 4 (cb_id=0x6260000 handle=1)
04-03 13:43:18.270 V/locapi_rpc_glue( 1574): +loc_api_callback_process_sync_call
04-03 13:43:18.270 V/locapi_rpc_glue( 1574): -loc_api_callback_process_sync_call, no sync call in use
04-03 13:43:18.270 D/RPC     ( 1574): written RPC packet size: [28]
04-03 13:43:18.500 D/RPC     ( 1574): read RPC packet
04-03 13:43:18.500 D/RPC     ( 1574): read RPC packet size: [208]
04-03 13:43:18.500 V/locapi_rpc_glue( 1574): Callback received: 1 (cb_id=0x6260000 handle=1)
04-03 13:43:18.500 V/locapi_rpc_glue( 1574): +loc_api_callback_process_sync_call
04-03 13:43:18.500 V/locapi_rpc_glue( 1574): -loc_api_callback_process_sync_call, no sync call in use
04-03 13:43:18.500 D/RPC     ( 1574): written RPC packet size: [28]
04-03 13:43:18.500 D/lib_locapi( 1574): loc_eng_report_position: valid mask = 0x606d, sess status = 1
04-03 13:43:18.961 V/LocationManagerService( 1574): _removeUpdates: listener = Receiver{411c38f0 Listener android.os.BinderProxy@4104c778}mUpdateRecords: {gps=UpdateRecord{40b0f9d8 mProvider: gps mUid: 10115}}
04-03 13:43:18.971 D/GpsLocationProvider( 1574): removeListener
04-03 13:43:18.971 V/GpsLocationProvider( 1574): enableLocationTracking ++
04-03 13:43:18.971 D/GpsLocationProvider( 1574): [shen] debug
04-03 13:43:18.971 V/LocationManagerService( 1574): removeUpdatesLocked: enableLocationTracking(false)
04-03 13:43:19.001 D/GpsLocationProvider( 1574): [handleMessage] message :9
04-03 13:43:19.001 D/GpsLocationProvider( 1574): [handleMessage] handleRemoveListener
04-03 13:43:19.011 D/GpsLocationProvider( 1574): removeListener(uk.ac.st_andrews.cs.host.mk74.locygpslocalization)
04-03 13:43:19.011 D/GpsLocationProvider( 1574): [handleMessage] message :3
04-03 13:43:19.011 D/GpsLocationProvider( 1574): [handleMessage] ENABLE_TRACKING
04-03 13:43:19.011 D/GpsLocationProvider( 1574): stopNavigating
04-03 13:43:19.011 D/lib_locapi( 1574): [GPS:] loc_eng_stop
04-03 13:43:19.011 D/locapi_rpc_glue( 1574): loc_stop_fix
04-03 13:43:19.011 D/RPC     ( 1574): written RPC packet size: [44]
04-03 13:43:19.011 D/RPC     ( 1574): read RPC packet
04-03 13:43:19.011 D/RPC     ( 1574): read RPC packet size: [28]
04-03 13:43:19.011 D/lib_locapi( 1574): loc_eng_report_status: update status
04-03 13:43:19.011 V/GpsLocationProvider( 1574): reportStatus status: 2
04-03 13:43:19.011 W/GpsLocationProvider( 1574): GPS notify that the GPS has been change action
04-03 13:43:19.011 D/RPC     ( 1574): read RPC packet
04-03 13:43:19.011 D/RPC     ( 1574): read RPC packet size: [208]
04-03 13:43:19.011 V/locapi_rpc_glue( 1574): Callback received: 1 (cb_id=0x6260000 handle=1)
04-03 13:43:19.011 V/locapi_rpc_glue( 1574): +loc_api_callback_process_sync_call
04-03 13:43:19.011 V/locapi_rpc_glue( 1574): -loc_api_callback_process_sync_call, no sync call in use
04-03 13:43:19.011 D/RPC     ( 1574): written RPC packet size: [28]
04-03 13:43:19.011 D/lib_locapi( 1574): loc_eng_report_position: valid mask = 0x1, sess status = 4
04-03 13:43:19.011 V/NotificationService( 1574): Charging...
04-03 13:43:19.021 W/GpsLocationProvider( 1574): GPS_ENABLED_CHANGE_ACTION: android.location.GPS_ENABLED_CHANGE EXTRA_GPS_ENABLED: enabled
04-03 13:43:19.021 D/RPC     ( 1574): read RPC packet
04-03 13:43:19.021 D/RPC     ( 1574): read RPC packet size: [80]
04-03 13:43:19.021 V/locapi_rpc_glue( 1574): Callback received: 100 (cb_id=0x6260000 handle=1)
04-03 13:43:19.021 V/locapi_rpc_glue( 1574): +loc_api_callback_process_sync_call
04-03 13:43:19.021 V/locapi_rpc_glue( 1574): -loc_api_callback_process_sync_call, no sync call in use
04-03 13:43:19.021 D/RPC     ( 1574): written RPC packet size: [28]
04-03 13:43:19.021 D/lib_locapi( 1574): [GPS:] loc_eng_report_status: GPS_STATUS_SESSION_END
04-03 13:43:19.021 D/GpsLocationProvider( 1574): [reportStatus] mNavigating:false mEngineOn:true mDownloadXtraDataPending:true
04-03 13:43:19.021 D/lights  ( 1574): [LedInfo] write attr ok name=/sys/class/leds/amber/brightness string=1,len=1
04-03 13:43:19.021 D/lights  ( 1574): [LedInfo] write attr ok name=/sys/class/leds/amber/blink string=0,len=1
04-03 13:43:19.021 D/lights  ( 1574): [LedInfo] write attr ok name=/sys/class/leds/amber/off_timer string=0 0,len=3
04-03 13:43:19.021 D/lights  ( 1574): [LedInfo] write attr ok name=/sys/class/leds/green/brightness string=0,len=1
04-03 13:43:19.031 D/lights  ( 1574): [LedInfo] write attr ok name=/sys/class/leds/green/blink string=0,len=1
04-03 13:43:19.031 D/lights  ( 1574): [LedInfo] write attr ok name=/sys/class/leds/green/off_timer string=0 0,len=3
04-03 13:43:19.031 D/NotificationService( 1574): cancelNotification, ACTION_NOTIFICATION_REMOVE,pkg=com.android.systemui,id=252119
04-03 13:43:19.061 D/RPC     ( 1574): read RPC packet
04-03 13:43:19.061 D/RPC     ( 1574): read RPC packet size: [80]
04-03 13:43:19.061 V/locapi_rpc_glue( 1574): Callback received: 100 (cb_id=0x6260000 handle=1)
04-03 13:43:19.061 V/locapi_rpc_glue( 1574): +loc_api_callback_process_sync_call
04-03 13:43:19.061 V/locapi_rpc_glue( 1574): -loc_api_callback_process_sync_call, no sync call in use
04-03 13:43:19.061 D/RPC     ( 1574): written RPC packet size: [28]
04-03 13:43:19.061 D/lib_locapi( 1574): [GPS:] loc_eng_report_status: GPS_STATUS_ENGINE_OFF
04-03 13:43:19.061 D/lib_locapi( 1574): [GPS:] loc_eng_report_status: issue callback with status 4
04-03 13:43:19.061 V/GpsLocationProvider( 1574): reportStatus status: 0
04-03 13:43:19.061 D/GpsLocationProvider( 1574): [reportStatus] mNavigating:false mEngineOn:true mDownloadXtraDataPending:true
04-03 13:43:19.061 D/lib_locapi( 1574): [GPS:] loc_eng_report_status: update status
04-03 13:43:19.061 V/GpsLocationProvider( 1574): reportStatus status: 4
04-03 13:43:19.061 D/GpsLocationProvider( 1574): [reportStatus] mNavigating:false mEngineOn:false mDownloadXtraDataPending:true
04-03 13:43:19.061 D/GpsLocationProvider( 1574): [reportStatus] trigger DOWNLOAD_XTRA_DATA
04-03 13:43:19.061 D/GpsLocationProvider( 1574): [handleMessage] message :6
04-03 13:43:19.061 D/GpsLocationProvider( 1574): [handleMessage] DOWNLOAD_XTRA_DATA mSupportsXtra:true
04-03 13:43:19.061 D/GpsLocationProvider( 1574): handleDownloadXtraData+++
04-03 13:43:19.061 D/GpsLocationProvider( 1574): [handleDownloadXtraData] mNetworkAvailable:false mDisableXtraDownload:false mNavigating:false mEngineOn:false
04-03 13:43:19.061 D/GpsLocationProvider( 1574): [handleDownloadXtraData] pending until Network available or GPS Engine stop
04-03 13:43:20.372 I/System.out( 2817): Location: unknown | GPSNavigator running:true
04-03 13:43:20.372 I/System.out( 2817): Battery level: 99 | Time difference: -1
04-03 13:43:23.375 I/System.out( 2817): Location: unknown | GPSNavigator running:true
04-03 13:43:23.375 I/System.out( 2817): Battery level: 99 | Time difference: -1
04-03 13:43:24.126 D/dalvikvm( 2261): GC_EXPLICIT freed 429K, 10% free 6622K/7303K, paused 6ms+1ms
04-03 13:43:26.058 D/ConnectToPCService( 2849): --onCreate()
04-03 13:43:26.068 D/UsbConnectedReceiver( 2849): action = need_to_initialize_action_usb_state
04-03 13:43:26.378 I/System.out( 2817): Location: unknown | GPSNavigator running:true
04-03 13:43:26.378 I/System.out( 2817): Battery level: 99 | Time difference: -1
04-03 13:43:26.488 D/Sensors ( 1574): Enable akm: en = 1
04-03 13:43:29.371 I/System.out( 2817): Location: unknown | GPSNavigator running:true
04-03 13:43:29.371 I/System.out( 2817): Battery level: 99 | Time difference: -1
04-03 13:43:31.163 D/dalvikvm( 2515): GC_EXPLICIT freed 86K, 5% free 6697K/7047K, paused 10ms+1ms
04-03 13:43:32.374 I/System.out( 2817): Location: unknown | GPSNavigator running:true
04-03 13:43:32.374 I/System.out( 2817): Battery level: 99 | Time difference: -1
04-03 13:43:34.045 V/LocationManagerService( 1574): requestLocationUpdates
04-03 13:43:34.045 D/GpsLocationProvider( 1574): addListener+ @id: 10115
04-03 13:43:34.045 D/GpsLocationProvider( 1574): [handleMessage] message :8
04-03 13:43:34.045 V/LocationManagerService( 1574): _requestLocationUpdates: listener = Receiver{411d1cc8 Listener android.os.BinderProxy@41167a48}mUpdateRecords: {}
04-03 13:43:34.045 V/LocationManagerService( 1574): requestLocationUpdatesLocked: updateProvidersLocked
04-03 13:43:34.055 D/GpsLocationProvider( 1574): setMinTime 0
04-03 13:43:34.055 V/GpsLocationProvider( 1574): enableLocationTracking ++
04-03 13:43:34.055 D/GpsLocationProvider( 1574): [shen] debug
04-03 13:43:34.055 D/GpsLocationProvider( 1574): [handleMessage] ADD_LISTENER
04-03 13:43:34.055 V/LocationManagerService( 1574): _requestLocationUpdates: provider = gps listener = Receiver{411d1cc8 Listener android.os.BinderProxy@41167a48}mUpdateRecords: {gps=UpdateRecord{40fabe40 mProvider: gps mUid: 10115}}
04-03 13:43:34.065 D/GpsLocationProvider( 1574): addListener(uk.ac.st_andrews.cs.host.mk74.locygpslocalization)
04-03 13:43:34.065 D/GpsLocationProvider( 1574): [handleMessage] message :3
04-03 13:43:34.065 D/GpsLocationProvider( 1574): [handleMessage] ENABLE_TRACKING
04-03 13:43:34.065 D/GpsLocationProvider( 1574): startNavigating
04-03 13:43:34.065 D/GpsLocationProvider( 1574): HtcBuildFlag.HtcCIQFlag(FALSE)
04-03 13:43:34.065 D/lib_locapi( 1574): [GPS:] loc_eng_set_qos_time_out(standalone = 60000, agps = 89000)
04-03 13:43:34.065 V/GpsLocationProvider( 1574): set_agps_qos_time_out complete
04-03 13:43:34.065 D/GpsLocationProvider( 1574): GpsLocationProvider_set_position_mode
04-03 13:43:34.065 D/lib_locapi( 1574): [loc_eng_set_position_mode] host strcmp:15
04-03 13:43:34.065 D/lib_locapi( 1574): [GPS:] loc_eng_set_position mode, client = 1, interval = 1000, mode = 1
04-03 13:43:34.065 D/lib_locapi( 1574): [GPS:] htc_set_qos_accuracy(accuracy = 50)
04-03 13:43:34.065 D/lib_locapi( 1574): [GPS:] loc_eng_set_position mode: GPS_POSITION_MODE_MS_BASED
04-03 13:43:34.065 D/lib_locapi( 1574): [GPS:] loc_eng_set_position mode before IOCTL, interval=1000, mode =2 preferred_accuracy=50, qos_timeout_standalone=89000, recurrence_type=2
04-03 13:43:34.065 V/lib_locapi( 1574): loc_eng_ioctl called: client = 1, ioctl_type = 2
04-03 13:43:34.065 D/locapi_rpc_glue( 1574): loc_ioctl
04-03 13:43:34.065 D/RPC     ( 1574): written RPC packet size: [96]
04-03 13:43:34.065 D/RPC     ( 1574): read RPC packet
04-03 13:43:34.065 D/RPC     ( 1574): read RPC packet size: [28]
04-03 13:43:34.075 D/RPC     ( 1574): read RPC packet
04-03 13:43:34.075 D/RPC     ( 1574): read RPC packet size: [80]
04-03 13:43:34.075 V/locapi_rpc_glue( 1574): Callback received: 80 (cb_id=0x6260000 handle=1)
04-03 13:43:34.075 V/locapi_rpc_glue( 1574): +loc_api_callback_process_sync_call
04-03 13:43:34.075 V/locapi_rpc_glue( 1574): loc_api_callback_process_sync_call: callback arrives before wait, slot i=0
04-03 13:43:34.075 V/locapi_rpc_glue( 1574): -loc_api_callback_process_sync_call
04-03 13:43:34.075 D/RPC     ( 1574): written RPC packet size: [28]
04-03 13:43:34.075 V/locapi_rpc_glue( 1574): loc_api_sync_ioctl: select_id = 0, loc_ioctl returned 0
04-03 13:43:34.075 V/locapi_rpc_glue( 1574): +loc_wait_callback: select_id: 0
04-03 13:43:34.075 V/locapi_rpc_glue( 1574): -loc_wait_callback: cb has arrived
04-03 13:43:34.075 V/lib_locapi( 1574): loc_eng_ioctl result: client = 1, ioctl_type = 2, SUCCESS
04-03 13:43:34.075 V/GpsLocationProvider( 1574): set_position_mode complete
04-03 13:43:34.075 D/lib_locapi( 1574): [GPS:] loc_eng_start
04-03 13:43:34.075 D/locapi_rpc_glue( 1574): loc_start_fix
04-03 13:43:34.075 D/RPC     ( 1574): written RPC packet size: [44]
04-03 13:43:34.075 D/RPC     ( 1574): read RPC packet
04-03 13:43:34.075 D/RPC     ( 1574): read RPC packet size: [28]
04-03 13:43:34.075 D/GpsLocationProvider( 1574): reset SV count to zero
04-03 13:43:34.075 D/RPC     ( 1574): read RPC packet
04-03 13:43:34.075 D/RPC     ( 1574): read RPC packet size: [80]
04-03 13:43:34.075 V/locapi_rpc_glue( 1574): Callback received: 100 (cb_id=0x6260000 handle=1)
04-03 13:43:34.075 V/locapi_rpc_glue( 1574): +loc_api_callback_process_sync_call
04-03 13:43:34.075 V/locapi_rpc_glue( 1574): -loc_api_callback_process_sync_call, no sync call in use
04-03 13:43:34.075 D/RPC     ( 1574): written RPC packet size: [28]
04-03 13:43:34.075 D/lib_locapi( 1574): [GPS:] loc_eng_report_status: GPS_STATUS_SESSION_BEGIN
04-03 13:43:34.075 D/lib_locapi( 1574): [GPS:] loc_eng_report_status: issue callback with status 1
04-03 13:43:34.075 V/GpsLocationProvider( 1574): reportStatus status: 0
04-03 13:43:34.075 D/GpsLocationProvider( 1574): [reportStatus] mNavigating:false mEngineOn:false mDownloadXtraDataPending:true
04-03 13:43:34.075 D/GpsLocationProvider( 1574): [reportStatus] trigger DOWNLOAD_XTRA_DATA
04-03 13:43:34.075 D/lib_locapi( 1574): [GPS:] loc_eng_report_status: update status
04-03 13:43:34.085 V/GpsLocationProvider( 1574): reportStatus status: 1
04-03 13:43:34.085 W/GpsLocationProvider( 1574): GPS notify that the GPS has been change action
04-03 13:43:34.085 D/GpsLocationProvider( 1574): [handleMessage] message :6
04-03 13:43:34.105 W/GpsLocationProvider( 1574): GPS_ENABLED_CHANGE_ACTION: android.location.GPS_ENABLED_CHANGE EXTRA_GPS_ENABLED: enabled
04-03 13:43:34.105 D/GpsLocationProvider( 1574): [reportStatus] mNavigating:true mEngineOn:false mDownloadXtraDataPending:true
04-03 13:43:34.125 D/GpsLocationProvider( 1574): [handleMessage] DOWNLOAD_XTRA_DATA mSupportsXtra:true
04-03 13:43:34.125 D/GpsLocationProvider( 1574): handleDownloadXtraData+++
04-03 13:43:34.135 D/GpsLocationProvider( 1574): [handleDownloadXtraData] mNetworkAvailable:false mDisableXtraDownload:false mNavigating:true mEngineOn:false
04-03 13:43:34.135 D/GpsLocationProvider( 1574): [handleDownloadXtraData] pending until Network available or GPS Engine stop
04-03 13:43:34.135 D/ActivityManager( 1574): isSketcherDisabledInCurrentTask():false, ActivityRecord{40bb1368 uk.ac.st_andrews.cs.host.mk74.locygpslocalization/.MainActivity}
04-03 13:43:34.155 D/SurfaceFlinger( 1438): getTokenForSurface(0xad48c) => 1 (client=0xa3e70, bitmap=00000003), pid=1650
04-03 13:43:34.155 D/msm7x30.gralloc( 1438): gpu_context_t::getGrallocInformationFromFormat  1 
04-03 13:43:34.266 D/RPC     ( 1574): read RPC packet
04-03 13:43:34.266 D/RPC     ( 1574): read RPC packet size: [80]
04-03 13:43:34.266 V/locapi_rpc_glue( 1574): Callback received: 100 (cb_id=0x6260000 handle=1)
04-03 13:43:34.266 V/locapi_rpc_glue( 1574): +loc_api_callback_process_sync_call
04-03 13:43:34.266 V/locapi_rpc_glue( 1574): -loc_api_callback_process_sync_call, no sync call in use
04-03 13:43:34.266 D/RPC     ( 1574): written RPC packet size: [28]
04-03 13:43:34.266 D/lib_locapi( 1574): [GPS:] loc_eng_report_status: GPS_STATUS_ENGINE_ON
04-03 13:43:34.266 D/lib_locapi( 1574): [GPS:] loc_eng_report_status: issue callback with status 3
04-03 13:43:34.266 V/GpsLocationProvider( 1574): reportStatus status: 0
04-03 13:43:34.266 D/GpsLocationProvider( 1574): [reportStatus] mNavigating:true mEngineOn:false mDownloadXtraDataPending:true
04-03 13:43:34.266 V/GpsLocationProvider( 1574): reportStatus status: 0
04-03 13:43:34.266 D/GpsLocationProvider( 1574): [reportStatus] mNavigating:true mEngineOn:false mDownloadXtraDataPending:true
04-03 13:43:34.266 D/lib_locapi( 1574): [GPS:] loc_eng_report_status: update status
04-03 13:43:34.266 V/GpsLocationProvider( 1574): reportStatus status: 3
04-03 13:43:34.266 D/GpsLocationProvider( 1574): [reportStatus] mNavigating:true mEngineOn:true mDownloadXtraDataPending:true
04-03 13:43:34.466 D/msm7x30.gralloc( 1438): gpu_context_t::getGrallocInformationFromFormat  1 
04-03 13:43:35.377 I/System.out( 2817): Location: unknown | GPSNavigator running:true
04-03 13:43:35.377 I/System.out( 2817): Battery level: 99 | Time difference: -1
04-03 13:43:36.087 D/RPC     ( 1574): read RPC packet
04-03 13:43:36.087 D/RPC     ( 1574): read RPC packet size: [208]
04-03 13:43:36.087 V/locapi_rpc_glue( 1574): Callback received: 1 (cb_id=0x6260000 handle=1)
04-03 13:43:36.087 V/locapi_rpc_glue( 1574): +loc_api_callback_process_sync_call
04-03 13:43:36.087 V/locapi_rpc_glue( 1574): -loc_api_callback_process_sync_call, no sync call in use
04-03 13:43:36.087 D/RPC     ( 1574): written RPC packet size: [28]
04-03 13:43:36.087 D/lib_locapi( 1574): loc_eng_report_position: valid mask = 0x606d, sess status = 1
04-03 13:43:36.258 D/RPC     ( 1574): read RPC packet
04-03 13:43:36.258 D/RPC     ( 1574): read RPC packet size: [272]
04-03 13:43:36.258 V/locapi_rpc_glue( 1574): Callback received: 4 (cb_id=0x6260000 handle=1)
04-03 13:43:36.258 V/locapi_rpc_glue( 1574): +loc_api_callback_process_sync_call
04-03 13:43:36.258 V/locapi_rpc_glue( 1574): -loc_api_callback_process_sync_call, no sync call in use
04-03 13:43:36.258 D/RPC     ( 1574): written RPC packet size: [28]
04-03 13:43:36.268 D/RPC     ( 1574): read RPC packet
04-03 13:43:36.268 D/RPC     ( 1574): read RPC packet size: [272]
04-03 13:43:36.268 V/locapi_rpc_glue( 1574): Callback received: 4 (cb_id=0x6260000 handle=1)
04-03 13:43:36.268 V/locapi_rpc_glue( 1574): +loc_api_callback_process_sync_call
04-03 13:43:36.268 V/locapi_rpc_glue( 1574): -loc_api_callback_process_sync_call, no sync call in use
04-03 13:43:36.268 D/RPC     ( 1574): written RPC packet size: [28]
04-03 13:43:36.268 D/RPC     ( 1574): read RPC packet
04-03 13:43:36.268 D/RPC     ( 1574): read RPC packet size: [272]
04-03 13:43:36.268 V/locapi_rpc_glue( 1574): Callback received: 4 (cb_id=0x6260000 handle=1)
04-03 13:43:36.268 V/locapi_rpc_glue( 1574): +loc_api_callback_process_sync_call
04-03 13:43:36.268 V/locapi_rpc_glue( 1574): -loc_api_callback_process_sync_call, no sync call in use
04-03 13:43:36.268 D/RPC     ( 1574): written RPC packet size: [28]
04-03 13:43:36.268 D/RPC     ( 1574): read RPC packet
04-03 13:43:36.268 D/RPC     ( 1574): read RPC packet size: [272]
04-03 13:43:36.268 V/locapi_rpc_glue( 1574): Callback received: 4 (cb_id=0x6260000 handle=1)
04-03 13:43:36.268 V/locapi_rpc_glue( 1574): +loc_api_callback_process_sync_call
04-03 13:43:36.268 V/locapi_rpc_glue( 1574): -loc_api_callback_process_sync_call, no sync call in use
04-03 13:43:36.268 D/RPC     ( 1574): written RPC packet size: [28]
04-03 13:43:36.268 D/RPC     ( 1574): read RPC packet
04-03 13:43:36.268 D/RPC     ( 1574): read RPC packet size: [96]
04-03 13:43:36.268 V/locapi_rpc_glue( 1574): Callback received: 2 (cb_id=0x6260000 handle=1)
04-03 13:43:36.268 V/locapi_rpc_glue( 1574): +loc_api_callback_process_sync_call
04-03 13:43:36.268 V/locapi_rpc_glue( 1574): -loc_api_callback_process_sync_call, no sync call in use
04-03 13:43:36.268 D/RPC     ( 1574): written RPC packet size: [28]
04-03 13:43:36.268 D/lib_locapi( 1574): loc_eng_report_sv: valid_mask = 0x30, num of sv = 0
04-03 13:43:36.268 D/GpsLocationProvider( 1574): reportSvStatus
04-03 13:43:36.268 V/GpsLocationProvider( 1574): SV count: 0 ephemerisMask: 0 almanacMask: 0
04-03 13:43:36.268 D/RPC     ( 1574): read RPC packet
04-03 13:43:36.268 D/RPC     ( 1574): read RPC packet size: [272]
04-03 13:43:36.268 V/locapi_rpc_glue( 1574): Callback received: 4 (cb_id=0x6260000 handle=1)
04-03 13:43:36.268 V/locapi_rpc_glue( 1574): +loc_api_callback_process_sync_call
04-03 13:43:36.268 V/locapi_rpc_glue( 1574): -loc_api_callback_process_sync_call, no sync call in use
04-03 13:43:36.268 D/RPC     ( 1574): written RPC packet size: [28]
04-03 13:43:36.278 D/RPC     ( 1574): read RPC packet
04-03 13:43:36.278 D/RPC     ( 1574): read RPC packet size: [272]
04-03 13:43:36.278 V/locapi_rpc_glue( 1574): Callback received: 4 (cb_id=0x6260000 handle=1)
04-03 13:43:36.278 V/locapi_rpc_glue( 1574): +loc_api_callback_process_sync_call
04-03 13:43:36.278 V/locapi_rpc_glue( 1574): -loc_api_callback_process_sync_call, no sync call in use
04-03 13:43:36.278 D/RPC     ( 1574): written RPC packet size: [28]
04-03 13:43:36.278 D/RPC     ( 1574): read RPC packet
04-03 13:43:36.278 D/RPC     ( 1574): read RPC packet size: [272]
04-03 13:43:36.278 V/locapi_rpc_glue( 1574): Callback received: 4 (cb_id=0x6260000 handle=1)
04-03 13:43:36.278 V/locapi_rpc_glue( 1574): +loc_api_callback_process_sync_call
04-03 13:43:36.278 V/locapi_rpc_glue( 1574): -loc_api_callback_process_sync_call, no sync call in use
04-03 13:43:36.278 D/RPC     ( 1574): written RPC packet size: [28]
04-03 13:43:36.278 D/RPC     ( 1574): read RPC packet
04-03 13:43:36.278 D/RPC     ( 1574): read RPC packet size: [272]
04-03 13:43:36.278 V/locapi_rpc_glue( 1574): Callback received: 4 (cb_id=0x6260000 handle=1)
04-03 13:43:36.278 V/locapi_rpc_glue( 1574): +loc_api_callback_process_sync_call
04-03 13:43:36.278 V/locapi_rpc_glue( 1574): -loc_api_callback_process_sync_call, no sync call in use
04-03 13:43:36.278 D/RPC     ( 1574): written RPC packet size: [28]
04-03 13:43:37.088 D/RPC     ( 1574): read RPC packet
04-03 13:43:37.088 D/RPC     ( 1574): read RPC packet size: [208]
04-03 13:43:37.088 V/locapi_rpc_glue( 1574): Callback received: 1 (cb_id=0x6260000 handle=1)
04-03 13:43:37.088 V/locapi_rpc_glue( 1574): +loc_api_callback_process_sync_call
04-03 13:43:37.088 V/locapi_rpc_glue( 1574): -loc_api_callback_process_sync_call, no sync call in use
04-03 13:43:37.088 D/RPC     ( 1574): written RPC packet size: [28]
04-03 13:43:37.088 D/lib_locapi( 1574): loc_eng_report_position: valid mask = 0x606d, sess status = 1
04-03 13:43:37.279 D/RPC     ( 1574): read RPC packet
04-03 13:43:37.279 D/RPC     ( 1574): read RPC packet size: [272]
04-03 13:43:37.279 V/locapi_rpc_glue( 1574): Callback received: 4 (cb_id=0x6260000 handle=1)
04-03 13:43:37.279 V/locapi_rpc_glue( 1574): +loc_api_callback_process_sync_call
04-03 13:43:37.279 V/locapi_rpc_glue( 1574): -loc_api_callback_process_sync_call, no sync call in use
04-03 13:43:37.279 D/RPC     ( 1574): written RPC packet size: [28]
04-03 13:43:37.279 D/RPC     ( 1574): read RPC packet
04-03 13:43:37.279 D/RPC     ( 1574): read RPC packet size: [272]
04-03 13:43:37.279 V/locapi_rpc_glue( 1574): Callback received: 4 (cb_id=0x6260000 handle=1)
04-03 13:43:37.279 V/locapi_rpc_glue( 1574): +loc_api_callback_process_sync_call
04-03 13:43:37.279 V/locapi_rpc_glue( 1574): -loc_api_callback_process_sync_call, no sync call in use
04-03 13:43:37.279 D/RPC     ( 1574): written RPC packet size: [28]
04-03 13:43:37.279 D/RPC     ( 1574): read RPC packet
04-03 13:43:37.279 D/RPC     ( 1574): read RPC packet size: [272]
04-03 13:43:37.279 V/locapi_rpc_glue( 1574): Callback received: 4 (cb_id=0x6260000 handle=1)
04-03 13:43:37.279 V/locapi_rpc_glue( 1574): +loc_api_callback_process_sync_call
04-03 13:43:37.279 V/locapi_rpc_glue( 1574): -loc_api_callback_process_sync_call, no sync call in use
04-03 13:43:37.279 D/RPC     ( 1574): written RPC packet size: [28]
04-03 13:43:37.279 D/RPC     ( 1574): read RPC packet
04-03 13:43:37.279 D/RPC     ( 1574): read RPC packet size: [272]
04-03 13:43:37.279 V/locapi_rpc_glue( 1574): Callback received: 4 (cb_id=0x6260000 handle=1)
04-03 13:43:37.279 V/locapi_rpc_glue( 1574): +loc_api_callback_process_sync_call
04-03 13:43:37.279 V/locapi_rpc_glue( 1574): -loc_api_callback_process_sync_call, no sync call in use
04-03 13:43:37.279 D/RPC     ( 1574): written RPC packet size: [28]
04-03 13:43:37.279 D/RPC     ( 1574): read RPC packet
04-03 13:43:37.279 D/RPC     ( 1574): read RPC packet size: [176]
04-03 13:43:37.279 V/locapi_rpc_glue( 1574): Callback received: 2 (cb_id=0x6260000 handle=1)
04-03 13:43:37.279 V/locapi_rpc_glue( 1574): +loc_api_callback_process_sync_call
04-03 13:43:37.279 V/locapi_rpc_glue( 1574): -loc_api_callback_process_sync_call, no sync call in use
04-03 13:43:37.279 D/RPC     ( 1574): written RPC packet size: [28]
04-03 13:43:37.279 D/lib_locapi( 1574): loc_eng_report_sv: valid_mask = 0x30, num of sv = 2
04-03 13:43:37.279 D/GpsLocationProvider( 1574): reportSvStatus
04-03 13:43:37.279 V/GpsLocationProvider( 1574): SV count: 2 ephemerisMask: 180 almanacMask: 180
04-03 13:43:37.279 D/RPC     ( 1574): read RPC packet
04-03 13:43:37.279 D/RPC     ( 1574): read RPC packet size: [272]
04-03 13:43:37.279 V/locapi_rpc_glue( 1574): Callback received: 4 (cb_id=0x6260000 handle=1)
04-03 13:43:37.279 V/locapi_rpc_glue( 1574): +loc_api_callback_process_sync_call
04-03 13:43:37.279 V/locapi_rpc_glue( 1574): -loc_api_callback_process_sync_call, no sync call in use
04-03 13:43:37.279 D/RPC     ( 1574): written RPC packet size: [28]
04-03 13:43:37.279 V/GpsLocationProvider( 1574): sv: 8 snr: 2.6399999 elev: 15.0 azimuth: 66.0 E A
04-03 13:43:37.279 D/RPC     ( 1574): read RPC packet
04-03 13:43:37.279 D/RPC     ( 1574): read RPC packet size: [272]
04-03 13:43:37.279 V/locapi_rpc_glue( 1574): Callback received: 4 (cb_id=0x6260000 handle=1)
04-03 13:43:37.279 V/locapi_rpc_glue( 1574): +loc_api_callback_process_sync_call
04-03 13:43:37.279 V/locapi_rpc_glue( 1574): -loc_api_callback_process_sync_call, no sync call in use
04-03 13:43:37.279 D/RPC     ( 1574): written RPC packet size: [28]
04-03 13:43:37.279 D/RPC     ( 1574): read RPC packet
04-03 13:43:37.279 D/RPC     ( 1574): read RPC packet size: [272]
04-03 13:43:37.279 V/locapi_rpc_glue( 1574): Callback received: 4 (cb_id=0x6260000 handle=1)
04-03 13:43:37.279 V/locapi_rpc_glue( 1574): +loc_api_callback_process_sync_call
04-03 13:43:37.279 V/locapi_rpc_glue( 1574): -loc_api_callback_process_sync_call, no sync call in use
04-03 13:43:37.279 D/RPC     ( 1574): written RPC packet size: [28]
04-03 13:43:37.289 D/RPC     ( 1574): read RPC packet
04-03 13:43:37.289 D/RPC     ( 1574): read RPC packet size: [272]
04-03 13:43:37.289 V/locapi_rpc_glue( 1574): Callback received: 4 (cb_id=0x6260000 handle=1)
04-03 13:43:37.289 V/locapi_rpc_glue( 1574): +loc_api_callback_process_sync_call
04-03 13:43:37.289 V/locapi_rpc_glue( 1574): -loc_api_callback_process_sync_call, no sync call in use
04-03 13:43:37.289 D/RPC     ( 1574): written RPC packet size: [28]
04-03 13:43:37.289 V/GpsLocationProvider( 1574): sv: 9 snr: 2.59 elev: 20.0 azimuth: 71.0 E A
04-03 13:43:38.089 D/RPC     ( 1574): read RPC packet
04-03 13:43:38.089 D/RPC     ( 1574): read RPC packet size: [208]
04-03 13:43:38.089 V/locapi_rpc_glue( 1574): Callback received: 1 (cb_id=0x6260000 handle=1)
04-03 13:43:38.089 V/locapi_rpc_glue( 1574): +loc_api_callback_process_sync_call
04-03 13:43:38.089 V/locapi_rpc_glue( 1574): -loc_api_callback_process_sync_call, no sync call in use
04-03 13:43:38.089 D/RPC     ( 1574): written RPC packet size: [28]
04-03 13:43:38.089 D/lib_locapi( 1574): loc_eng_report_position: valid mask = 0x606d, sess status = 1
04-03 13:43:38.229 D/UsbnetService( 1574): BroadcastReceiver::onReceive+
04-03 13:43:38.229 D/UsbnetService( 1574): onReceive BATTERY_CHANGED
04-03 13:43:38.239 D/UsbnetService( 1574):  --> pluggedType = 2, mPluggedType = 0, mScreenOff = false
04-03 13:43:38.239 D/UsbnetService( 1574): BroadcastReceiver::onReceive-
04-03 13:43:38.239 D/NotificationService( 1574): mIntentReceiver() Intent.ACTION_BATTERY_CHANGED
04-03 13:43:38.249 D/BatteryService( 1574): SendIntentforPowersaver
04-03 13:43:38.249 D/BatteryService( 1574): Current powersaver status == NORMAL_STATUS1 2 2 false
04-03 13:43:38.259 D/RemoveMe( 1668): DCT got intent android.intent.action.BATTERY_CHANGED
04-03 13:43:38.259 D/PowerUI ( 1650): closing low battery warning: level=99
04-03 13:43:38.259 D/PowerUI ( 1650): plugged = true, health = 2, mBatteryLevel = 99, mPluggedBatteryLevel = 95, mLowBatteryWarningLevel2 = 25, mshowLowChargingWarning2 = true
04-03 13:43:38.270 D/RemoveMe( 1668): DCT got intent android.intent.action.BATTERY_CHANGED
04-03 13:43:38.270 D/RPC     ( 1574): read RPC packet
04-03 13:43:38.270 D/RPC     ( 1574): read RPC packet size: [272]
04-03 13:43:38.270 V/locapi_rpc_glue( 1574): Callback received: 4 (cb_id=0x6260000 handle=1)
04-03 13:43:38.270 V/locapi_rpc_glue( 1574): +loc_api_callback_process_sync_call
04-03 13:43:38.270 V/locapi_rpc_glue( 1574): -loc_api_callback_process_sync_call, no sync call in use
04-03 13:43:38.270 D/RPC     ( 1574): written RPC packet size: [28]
04-03 13:43:38.270 D/RemoveMe( 1668): DCT got intent android.intent.action.BATTERY_CHANGED
04-03 13:43:38.270 D/RPC     ( 1574): read RPC packet
04-03 13:43:38.270 D/RPC     ( 1574): read RPC packet size: [272]
04-03 13:43:38.270 V/locapi_rpc_glue( 1574): Callback received: 4 (cb_id=0x6260000 handle=1)
04-03 13:43:38.270 V/locapi_rpc_glue( 1574): +loc_api_callback_process_sync_call
04-03 13:43:38.270 V/locapi_rpc_glue( 1574): -loc_api_callback_process_sync_call, no sync call in use
04-03 13:43:38.270 D/RPC     ( 1574): written RPC packet size: [28]
04-03 13:43:38.270 D/RPC     ( 1574): read RPC packet
04-03 13:43:38.270 D/RPC     ( 1574): read RPC packet size: [272]
04-03 13:43:38.270 V/locapi_rpc_glue( 1574): Callback received: 4 (cb_id=0x6260000 handle=1)
04-03 13:43:38.270 V/locapi_rpc_glue( 1574): +loc_api_callback_process_sync_call
04-03 13:43:38.270 V/locapi_rpc_glue( 1574): -loc_api_callback_process_sync_call, no sync call in use
04-03 13:43:38.270 D/RPC     ( 1574): written RPC packet size: [28]
04-03 13:43:38.270 D/RPC     ( 1574): read RPC packet
04-03 13:43:38.270 D/RPC     ( 1574): read RPC packet size: [272]
04-03 13:43:38.270 V/locapi_rpc_glue( 1574): Callback received: 4 (cb_id=0x6260000 handle=1)
04-03 13:43:38.270 V/locapi_rpc_glue( 1574): +loc_api_callback_process_sync_call
04-03 13:43:38.270 V/locapi_rpc_glue( 1574): -loc_api_callback_process_sync_call, no sync call in use
04-03 13:43:38.270 D/RPC     ( 1574): written RPC packet size: [28]
04-03 13:43:38.280 D/RPC     ( 1574): read RPC packet
04-03 13:43:38.280 D/RPC     ( 1574): read RPC packet size: [176]
04-03 13:43:38.280 V/locapi_rpc_glue( 1574): Callback received: 2 (cb_id=0x6260000 handle=1)
04-03 13:43:38.280 V/locapi_rpc_glue( 1574): +loc_api_callback_process_sync_call
04-03 13:43:38.280 V/locapi_rpc_glue( 1574): -loc_api_callback_process_sync_call, no sync call in use
04-03 13:43:38.280 D/RPC     ( 1574): written RPC packet size: [28]
04-03 13:43:38.280 D/lib_locapi( 1574): loc_eng_report_sv: valid_mask = 0x30, num of sv = 2
04-03 13:43:38.280 D/GpsLocationProvider( 1574): reportSvStatus
04-03 13:43:38.280 V/GpsLocationProvider( 1574): SV count: 2 ephemerisMask: 180 almanacMask: 180
04-03 13:43:38.280 D/RPC     ( 1574): read RPC packet
04-03 13:43:38.280 D/RPC     ( 1574): read RPC packet size: [272]
04-03 13:43:38.280 V/locapi_rpc_glue( 1574): Callback received: 4 (cb_id=0x6260000 handle=1)
04-03 13:43:38.280 V/locapi_rpc_glue( 1574): +loc_api_callback_process_sync_call
04-03 13:43:38.280 V/locapi_rpc_glue( 1574): -loc_api_callback_process_sync_call, no sync call in use
04-03 13:43:38.280 D/RPC     ( 1574): written RPC packet size: [28]
04-03 13:43:38.280 V/GpsLocationProvider( 1574): sv: 8 snr: 3.5099998 elev: 15.0 azimuth: 66.0 E AU
