04-03 13:44:00.491 D/RPC     ( 1574): written RPC packet size: [28]
04-03 13:44:00.501 D/RPC     ( 1574): read RPC packet
04-03 13:44:00.501 D/RPC     ( 1574): read RPC packet size: [272]
04-03 13:44:00.501 V/locapi_rpc_glue( 1574): Callback received: 4 (cb_id=0x6260000 handle=1)
04-03 13:44:00.501 V/locapi_rpc_glue( 1574): +loc_api_callback_process_sync_call
04-03 13:44:00.501 V/locapi_rpc_glue( 1574): -loc_api_callback_process_sync_call, no sync call in use
04-03 13:44:00.501 D/RPC     ( 1574): written RPC packet size: [28]
04-03 13:44:00.501 D/RPC     ( 1574): read RPC packet
04-03 13:44:00.501 D/RPC     ( 1574): read RPC packet size: [536]
04-03 13:44:00.501 V/locapi_rpc_glue( 1574): Callback received: 2 (cb_id=0x6260000 handle=1)
04-03 13:44:00.501 V/locapi_rpc_glue( 1574): +loc_api_callback_process_sync_call
04-03 13:44:00.501 V/locapi_rpc_glue( 1574): -loc_api_callback_process_sync_call, no sync call in use
04-03 13:44:00.501 D/RPC     ( 1574): written RPC packet size: [28]
04-03 13:44:00.501 D/lib_locapi( 1574): loc_eng_report_sv: valid_mask = 0x30, num of sv = 11
04-03 13:44:00.501 D/GpsLocationProvider( 1574): reportSvStatus
04-03 13:44:00.501 V/GpsLocationProvider( 1574): SV count: 11 ephemerisMask: a000190 almanacMask: aa74190
04-03 13:44:00.501 D/RPC     ( 1574): read RPC packet
04-03 13:44:00.501 D/RPC     ( 1574): read RPC packet size: [272]
04-03 13:44:00.501 V/locapi_rpc_glue( 1574): Callback received: 4 (cb_id=0x6260000 handle=1)
04-03 13:44:00.501 V/locapi_rpc_glue( 1574): +loc_api_callback_process_sync_call
04-03 13:44:00.501 V/locapi_rpc_glue( 1574): -loc_api_callback_process_sync_call, no sync call in use
04-03 13:44:00.501 D/RPC     ( 1574): written RPC packet size: [28]
04-03 13:44:00.501 V/GpsLocationProvider( 1574): sv: 5 snr: 2.6100001 elev: 10.0 azimuth: 181.0 E AU
04-03 13:44:00.501 D/RPC     ( 1574): read RPC packet
04-03 13:44:00.501 D/RPC     ( 1574): read RPC packet size: [272]
04-03 13:44:00.501 V/locapi_rpc_glue( 1574): Callback received: 4 (cb_id=0x6260000 handle=1)
04-03 13:44:00.501 V/locapi_rpc_glue( 1574): +loc_api_callback_process_sync_call
04-03 13:44:00.501 V/locapi_rpc_glue( 1574): -loc_api_callback_process_sync_call, no sync call in use
04-03 13:44:00.501 D/RPC     ( 1574): written RPC packet size: [28]
04-03 13:44:00.501 V/GpsLocationProvider( 1574): sv: 8 snr: 3.22 elev: 15.0 azimuth: 66.0 E AU
04-03 13:44:00.511 D/RPC     ( 1574): read RPC packet
04-03 13:44:00.511 D/RPC     ( 1574): read RPC packet size: [272]
04-03 13:44:00.511 V/locapi_rpc_glue( 1574): Callback received: 4 (cb_id=0x6260000 handle=1)
04-03 13:44:00.511 V/locapi_rpc_glue( 1574): +loc_api_callback_process_sync_call
04-03 13:44:00.511 V/locapi_rpc_glue( 1574): -loc_api_callback_process_sync_call, no sync call in use
04-03 13:44:00.511 D/RPC     ( 1574): written RPC packet size: [28]
04-03 13:44:00.511 D/RPC     ( 1574): read RPC packet
04-03 13:44:00.511 D/RPC     ( 1574): read RPC packet size: [272]
04-03 13:44:00.511 V/locapi_rpc_glue( 1574): Callback received: 4 (cb_id=0x6260000 handle=1)
04-03 13:44:00.511 V/locapi_rpc_glue( 1574): +loc_api_callback_process_sync_call
04-03 13:44:00.511 V/locapi_rpc_glue( 1574): -loc_api_callback_process_sync_call, no sync call in use
04-03 13:44:00.511 D/RPC     ( 1574): written RPC packet size: [28]
04-03 13:44:00.511 V/GpsLocationProvider( 1574): sv: 9 snr: 3.44 elev: 20.0 azimuth: 71.0 E AU
04-03 13:44:00.511 D/RPC     ( 1574): read RPC packet
04-03 13:44:00.511 D/RPC     ( 1574): read RPC packet size: [536]
04-03 13:44:00.511 V/locapi_rpc_glue( 1574): Callback received: 2 (cb_id=0x6260000 handle=1)
04-03 13:44:00.511 V/locapi_rpc_glue( 1574): +loc_api_callback_process_sync_call
04-03 13:44:00.511 V/locapi_rpc_glue( 1574): -loc_api_callback_process_sync_call, no sync call in use
04-03 13:44:00.511 D/RPC     ( 1574): written RPC packet size: [28]
04-03 13:44:00.511 V/GpsLocationProvider( 1574): sv: 15 snr: 3.16 elev: 73.0 azimuth: 254.0   AU
04-03 13:44:00.511 D/RPC     ( 1574): read RPC packet
04-03 13:44:00.511 D/RPC     ( 1574): read RPC packet size: [208]
04-03 13:44:00.511 V/locapi_rpc_glue( 1574): Callback received: 1 (cb_id=0x6260000 handle=1)
04-03 13:44:00.511 V/locapi_rpc_glue( 1574): +loc_api_callback_process_sync_call
04-03 13:44:00.511 V/locapi_rpc_glue( 1574): -loc_api_callback_process_sync_call, no sync call in use
04-03 13:44:00.511 D/RPC     ( 1574): written RPC packet size: [28]
04-03 13:44:00.511 D/RPC     ( 1574): read RPC packet
04-03 13:44:00.511 D/RPC     ( 1574): read RPC packet size: [80]
04-03 13:44:00.511 V/locapi_rpc_glue( 1574): Callback received: 100 (cb_id=0x6260000 handle=1)
04-03 13:44:00.511 V/locapi_rpc_glue( 1574): +loc_api_callback_process_sync_call
04-03 13:44:00.511 V/locapi_rpc_glue( 1574): -loc_api_callback_process_sync_call, no sync call in use
04-03 13:44:00.511 D/RPC     ( 1574): written RPC packet size: [28]
04-03 13:44:00.511 V/GpsLocationProvider( 1574): sv: 17 snr: 1.95 elev: 6.0 azimuth: 115.0   AU
04-03 13:44:00.531 V/GpsLocationProvider( 1574): sv: 18 snr: 2.3600001 elev: 32.0 azimuth: 299.0   AU
04-03 13:44:00.531 V/GpsLocationProvider( 1574): sv: 19 snr: 3.35 elev: 3.0 azimuth: 2.0   AU
04-03 13:44:00.531 V/GpsLocationProvider( 1574): sv: 22 snr: 2.04 elev: 7.0 azimuth: 326.0   AU
04-03 13:44:00.531 V/GpsLocationProvider( 1574): sv: 24 snr: 1.96 elev: 35.0 azimuth: 248.0   AU
04-03 13:44:00.531 V/GpsLocationProvider( 1574): sv: 26 snr: 3.5400002 elev: 57.0 azimuth: 125.0 E AU
04-03 13:44:00.531 V/GpsLocationProvider( 1574): sv: 28 snr: 3.58 elev: 45.0 azimuth: 66.0 E AU
04-03 13:44:00.531 D/lib_locapi( 1574): loc_eng_report_sv: valid_mask = 0x3f, num of sv = 11
04-03 13:44:00.531 D/lib_locapi( 1574): loc_eng_report_position: valid mask = 0x69ffef, sess status = 0
04-03 13:44:00.531 D/lib_locapi( 1574): [GPS:] loc_eng_report_status: GPS_STATUS_SESSION_END
04-03 13:44:00.551 D/RPC     ( 1574): read RPC packet
04-03 13:44:00.551 D/RPC     ( 1574): read RPC packet size: [80]
04-03 13:44:00.551 V/locapi_rpc_glue( 1574): Callback received: 100 (cb_id=0x6260000 handle=1)
04-03 13:44:00.551 V/locapi_rpc_glue( 1574): +loc_api_callback_process_sync_call
04-03 13:44:00.551 V/locapi_rpc_glue( 1574): -loc_api_callback_process_sync_call, no sync call in use
04-03 13:44:00.551 D/RPC     ( 1574): written RPC packet size: [28]
04-03 13:44:00.551 D/lib_locapi( 1574): [GPS:] loc_eng_report_status: GPS_STATUS_SESSION_BEGIN
04-03 13:44:00.591 D/AutoSetting( 2849): service - mLocationListener: onLocationChanged() location = Location[mProvider=gps,mTime=1396532640537,mInfo=-19.65920733333507.05906526,mAccuracy=29.0
04-03 13:44:00.601 D/AutoSetting( 2849): service - handleMessage() incoming message, what:1
04-03 13:44:00.601 D/AutoSetting( 2849): service - mLocationListener: onLocationChanged() location = Location[mProvider=gps,mTime=1396532640537,mInfo=-19.65920733333507.05906526,mAccuracy=29.0
04-03 13:44:00.601 D/AutoSetting( 2849): Util - no network available!
04-03 13:44:00.601 D/AutoSetting( 2849): service - handleMessage() not proceed
04-03 13:44:01.492 D/RPC     ( 1574): read RPC packet
04-03 13:44:01.492 D/RPC     ( 1574): read RPC packet size: [272]
04-03 13:44:01.492 V/locapi_rpc_glue( 1574): Callback received: 4 (cb_id=0x6260000 handle=1)
04-03 13:44:01.492 V/locapi_rpc_glue( 1574): +loc_api_callback_process_sync_call
04-03 13:44:01.492 V/locapi_rpc_glue( 1574): -loc_api_callback_process_sync_call, no sync call in use
04-03 13:44:01.492 D/RPC     ( 1574): written RPC packet size: [28]
04-03 13:44:01.502 D/RPC     ( 1574): read RPC packet
04-03 13:44:01.502 D/RPC     ( 1574): read RPC packet size: [272]
04-03 13:44:01.502 V/locapi_rpc_glue( 1574): Callback received: 4 (cb_id=0x6260000 handle=1)
04-03 13:44:01.502 V/locapi_rpc_glue( 1574): +loc_api_callback_process_sync_call
04-03 13:44:01.502 V/locapi_rpc_glue( 1574): -loc_api_callback_process_sync_call, no sync call in use
04-03 13:44:01.502 D/RPC     ( 1574): written RPC packet size: [28]
04-03 13:44:01.502 D/RPC     ( 1574): read RPC packet
04-03 13:44:01.502 D/RPC     ( 1574): read RPC packet size: [272]
04-03 13:44:01.502 V/locapi_rpc_glue( 1574): Callback received: 4 (cb_id=0x6260000 handle=1)
04-03 13:44:01.502 V/locapi_rpc_glue( 1574): +loc_api_callback_process_sync_call
04-03 13:44:01.502 V/locapi_rpc_glue( 1574): -loc_api_callback_process_sync_call, no sync call in use
04-03 13:44:01.502 D/RPC     ( 1574): written RPC packet size: [28]
04-03 13:44:01.502 D/RPC     ( 1574): read RPC packet
04-03 13:44:01.502 D/RPC     ( 1574): read RPC packet size: [272]
04-03 13:44:01.502 V/locapi_rpc_glue( 1574): Callback received: 4 (cb_id=0x6260000 handle=1)
04-03 13:44:01.502 V/locapi_rpc_glue( 1574): +loc_api_callback_process_sync_call
04-03 13:44:01.502 V/locapi_rpc_glue( 1574): -loc_api_callback_process_sync_call, no sync call in use
04-03 13:44:01.502 D/RPC     ( 1574): written RPC packet size: [28]
04-03 13:44:01.502 D/RPC     ( 1574): read RPC packet
04-03 13:44:01.502 D/RPC     ( 1574): read RPC packet size: [536]
04-03 13:44:01.502 V/locapi_rpc_glue( 1574): Callback received: 2 (cb_id=0x6260000 handle=1)
04-03 13:44:01.502 V/locapi_rpc_glue( 1574): +loc_api_callback_process_sync_call
04-03 13:44:01.502 V/locapi_rpc_glue( 1574): -loc_api_callback_process_sync_call, no sync call in use
04-03 13:44:01.502 D/RPC     ( 1574): written RPC packet size: [28]
04-03 13:44:01.502 D/lib_locapi( 1574): loc_eng_report_sv: valid_mask = 0x30, num of sv = 11
04-03 13:44:01.502 D/GpsLocationProvider( 1574): reportSvStatus
04-03 13:44:01.502 V/GpsLocationProvider( 1574): SV count: 11 ephemerisMask: a000190 almanacMask: aa74190
04-03 13:44:01.502 V/GpsLocationProvider( 1574): sv: 5 snr: 2.8600001 elev: 10.0 azimuth: 181.0 E AU
04-03 13:44:01.502 V/GpsLocationProvider( 1574): sv: 8 snr: 3.44 elev: 15.0 azimuth: 66.0 E AU
04-03 13:44:01.512 D/RPC     ( 1574): read RPC packet
04-03 13:44:01.512 D/RPC     ( 1574): read RPC packet size: [272]
04-03 13:44:01.512 V/locapi_rpc_glue( 1574): Callback received: 4 (cb_id=0x6260000 handle=1)
04-03 13:44:01.512 V/locapi_rpc_glue( 1574): +loc_api_callback_process_sync_call
04-03 13:44:01.512 V/locapi_rpc_glue( 1574): -loc_api_callback_process_sync_call, no sync call in use
04-03 13:44:01.512 D/RPC     ( 1574): written RPC packet size: [28]
04-03 13:44:01.512 V/GpsLocationProvider( 1574): sv: 9 snr: 3.2900002 elev: 20.0 azimuth: 71.0 E AU
04-03 13:44:01.512 V/GpsLocationProvider( 1574): sv: 15 snr: 2.6399999 elev: 73.0 azimuth: 254.0   AU
04-03 13:44:01.512 D/RPC     ( 1574): read RPC packet
04-03 13:44:01.512 D/RPC     ( 1574): read RPC packet size: [272]
04-03 13:44:01.512 V/locapi_rpc_glue( 1574): Callback received: 4 (cb_id=0x6260000 handle=1)
04-03 13:44:01.512 V/locapi_rpc_glue( 1574): +loc_api_callback_process_sync_call
04-03 13:44:01.512 V/locapi_rpc_glue( 1574): -loc_api_callback_process_sync_call, no sync call in use
04-03 13:44:01.512 D/RPC     ( 1574): written RPC packet size: [28]
04-03 13:44:01.512 D/RPC     ( 1574): read RPC packet
04-03 13:44:01.512 D/RPC     ( 1574): read RPC packet size: [272]
04-03 13:44:01.512 V/locapi_rpc_glue( 1574): Callback received: 4 (cb_id=0x6260000 handle=1)
04-03 13:44:01.512 V/locapi_rpc_glue( 1574): +loc_api_callback_process_sync_call
04-03 13:44:01.512 V/locapi_rpc_glue( 1574): -loc_api_callback_process_sync_call, no sync call in use
04-03 13:44:01.512 D/RPC     ( 1574): written RPC packet size: [28]
04-03 13:44:01.512 D/RPC     ( 1574): read RPC packet
04-03 13:44:01.512 D/RPC     ( 1574): read RPC packet size: [272]
04-03 13:44:01.512 V/locapi_rpc_glue( 1574): Callback received: 4 (cb_id=0x6260000 handle=1)
04-03 13:44:01.512 V/locapi_rpc_glue( 1574): +loc_api_callback_process_sync_call
04-03 13:44:01.512 V/locapi_rpc_glue( 1574): -loc_api_callback_process_sync_call, no sync call in use
04-03 13:44:01.512 D/RPC     ( 1574): written RPC packet size: [28]
04-03 13:44:01.512 D/RPC     ( 1574): read RPC packet
04-03 13:44:01.512 D/RPC     ( 1574): read RPC packet size: [536]
04-03 13:44:01.512 V/locapi_rpc_glue( 1574): Callback received: 2 (cb_id=0x6260000 handle=1)
04-03 13:44:01.512 V/locapi_rpc_glue( 1574): +loc_api_callback_process_sync_call
04-03 13:44:01.512 V/locapi_rpc_glue( 1574): -loc_api_callback_process_sync_call, no sync call in use
04-03 13:44:01.512 D/RPC     ( 1574): written RPC packet size: [28]
04-03 13:44:01.512 D/RPC     ( 1574): read RPC packet
04-03 13:44:01.512 D/RPC     ( 1574): read RPC packet size: [208]
04-03 13:44:01.512 V/locapi_rpc_glue( 1574): Callback received: 1 (cb_id=0x6260000 handle=1)
04-03 13:44:01.512 V/locapi_rpc_glue( 1574): +loc_api_callback_process_sync_call
04-03 13:44:01.512 V/locapi_rpc_glue( 1574): -loc_api_callback_process_sync_call, no sync call in use
04-03 13:44:01.512 D/RPC     ( 1574): written RPC packet size: [28]
04-03 13:44:01.522 D/RPC     ( 1574): read RPC packet
04-03 13:44:01.522 D/RPC     ( 1574): read RPC packet size: [80]
04-03 13:44:01.522 V/locapi_rpc_glue( 1574): Callback received: 100 (cb_id=0x6260000 handle=1)
04-03 13:44:01.522 V/locapi_rpc_glue( 1574): +loc_api_callback_process_sync_call
04-03 13:44:01.522 V/locapi_rpc_glue( 1574): -loc_api_callback_process_sync_call, no sync call in use
04-03 13:44:01.522 D/RPC     ( 1574): written RPC packet size: [28]
04-03 13:44:01.522 V/GpsLocationProvider( 1574): sv: 17 snr: 2.0700002 elev: 6.0 azimuth: 115.0   AU
04-03 13:44:01.522 V/GpsLocationProvider( 1574): sv: 18 snr: 2.69 elev: 32.0 azimuth: 299.0   AU
04-03 13:44:01.522 V/GpsLocationProvider( 1574): sv: 19 snr: 3.42 elev: 3.0 azimuth: 2.0   AU
04-03 13:44:01.522 V/GpsLocationProvider( 1574): sv: 22 snr: 2.3200002 elev: 7.0 azimuth: 326.0   AU
04-03 13:44:01.522 V/GpsLocationProvider( 1574): sv: 24 snr: 1.96 elev: 35.0 azimuth: 248.0   AU
04-03 13:44:01.522 V/GpsLocationProvider( 1574): sv: 26 snr: 3.72 elev: 57.0 azimuth: 125.0 E AU
04-03 13:44:01.522 V/GpsLocationProvider( 1574): sv: 28 snr: 3.6599998 elev: 45.0 azimuth: 66.0 E AU
04-03 13:44:01.532 D/lib_locapi( 1574): loc_eng_report_sv: valid_mask = 0x3f, num of sv = 11
04-03 13:44:01.532 D/lib_locapi( 1574): loc_eng_report_position: valid mask = 0x69ffef, sess status = 0
04-03 13:44:01.532 D/lib_locapi( 1574): [GPS:] loc_eng_report_status: GPS_STATUS_SESSION_END
04-03 13:44:01.552 D/RPC     ( 1574): read RPC packet
04-03 13:44:01.552 D/RPC     ( 1574): read RPC packet size: [80]
04-03 13:44:01.552 V/locapi_rpc_glue( 1574): Callback received: 100 (cb_id=0x6260000 handle=1)
04-03 13:44:01.552 V/locapi_rpc_glue( 1574): +loc_api_callback_process_sync_call
04-03 13:44:01.552 V/locapi_rpc_glue( 1574): -loc_api_callback_process_sync_call, no sync call in use
04-03 13:44:01.552 D/RPC     ( 1574): written RPC packet size: [28]
04-03 13:44:01.552 D/lib_locapi( 1574): [GPS:] loc_eng_report_status: GPS_STATUS_SESSION_BEGIN
04-03 13:44:01.622 D/AutoSetting( 2849): service - mLocationListener: onLocationChanged() location = Location[mProvider=gps,mTime=1396532641535,mInfo=-19.65925983333507.05922384,mAccuracy=29.0
04-03 13:44:01.632 D/AutoSetting( 2849): service - handleMessage() incoming message, what:1
04-03 13:44:01.652 D/AutoSetting( 2849): service - mLocationListener: onLocationChanged() location = Location[mProvider=gps,mTime=1396532641535,mInfo=-19.65925983333507.05922384,mAccuracy=29.0
04-03 13:44:01.652 D/AutoSetting( 2849): Util - no network available!
04-03 13:44:01.652 D/AutoSetting( 2849): service - handleMessage() not proceed
04-03 13:44:02.383 I/System.out( 2817): Location: -2.80845819 56.33989614 | GPSNavigator running:true
04-03 13:44:02.393 I/System.out( 2817): Battery level: 99 | Time difference: -1
04-03 13:44:02.493 D/RPC     ( 1574): read RPC packet
04-03 13:44:02.493 D/RPC     ( 1574): read RPC packet size: [272]
04-03 13:44:02.493 V/locapi_rpc_glue( 1574): Callback received: 4 (cb_id=0x6260000 handle=1)
04-03 13:44:02.493 V/locapi_rpc_glue( 1574): +loc_api_callback_process_sync_call
04-03 13:44:02.493 V/locapi_rpc_glue( 1574): -loc_api_callback_process_sync_call, no sync call in use
04-03 13:44:02.493 D/RPC     ( 1574): written RPC packet size: [28]
04-03 13:44:02.493 D/RPC     ( 1574): read RPC packet
04-03 13:44:02.493 D/RPC     ( 1574): read RPC packet size: [272]
04-03 13:44:02.493 V/locapi_rpc_glue( 1574): Callback received: 4 (cb_id=0x6260000 handle=1)
04-03 13:44:02.493 V/locapi_rpc_glue( 1574): +loc_api_callback_process_sync_call
04-03 13:44:02.493 V/locapi_rpc_glue( 1574): -loc_api_callback_process_sync_call, no sync call in use
04-03 13:44:02.493 D/RPC     ( 1574): written RPC packet size: [28]
04-03 13:44:02.503 D/RPC     ( 1574): read RPC packet
04-03 13:44:02.503 D/RPC     ( 1574): read RPC packet size: [272]
04-03 13:44:02.503 V/locapi_rpc_glue( 1574): Callback received: 4 (cb_id=0x6260000 handle=1)
04-03 13:44:02.503 V/locapi_rpc_glue( 1574): +loc_api_callback_process_sync_call
04-03 13:44:02.503 V/locapi_rpc_glue( 1574): -loc_api_callback_process_sync_call, no sync call in use
04-03 13:44:02.503 D/RPC     ( 1574): written RPC packet size: [28]
04-03 13:44:02.503 D/RPC     ( 1574): read RPC packet
04-03 13:44:02.503 D/RPC     ( 1574): read RPC packet size: [272]
04-03 13:44:02.503 V/locapi_rpc_glue( 1574): Callback received: 4 (cb_id=0x6260000 handle=1)
04-03 13:44:02.503 V/locapi_rpc_glue( 1574): +loc_api_callback_process_sync_call
04-03 13:44:02.503 V/locapi_rpc_glue( 1574): -loc_api_callback_process_sync_call, no sync call in use
04-03 13:44:02.503 D/RPC     ( 1574): written RPC packet size: [28]
04-03 13:44:02.503 D/RPC     ( 1574): read RPC packet
04-03 13:44:02.503 D/RPC     ( 1574): read RPC packet size: [536]
04-03 13:44:02.503 V/locapi_rpc_glue( 1574): Callback received: 2 (cb_id=0x6260000 handle=1)
04-03 13:44:02.503 V/locapi_rpc_glue( 1574): +loc_api_callback_process_sync_call
04-03 13:44:02.503 V/locapi_rpc_glue( 1574): -loc_api_callback_process_sync_call, no sync call in use
04-03 13:44:02.503 D/RPC     ( 1574): written RPC packet size: [28]
04-03 13:44:02.503 D/lib_locapi( 1574): loc_eng_report_sv: valid_mask = 0x30, num of sv = 11
04-03 13:44:02.503 D/GpsLocationProvider( 1574): reportSvStatus
04-03 13:44:02.503 D/RPC     ( 1574): read RPC packet
04-03 13:44:02.503 D/RPC     ( 1574): read RPC packet size: [272]
04-03 13:44:02.503 V/locapi_rpc_glue( 1574): Callback received: 4 (cb_id=0x6260000 handle=1)
04-03 13:44:02.503 V/locapi_rpc_glue( 1574): +loc_api_callback_process_sync_call
04-03 13:44:02.503 V/locapi_rpc_glue( 1574): -loc_api_callback_process_sync_call, no sync call in use
04-03 13:44:02.503 D/RPC     ( 1574): written RPC packet size: [28]
04-03 13:44:02.503 D/RPC     ( 1574): read RPC packet
04-03 13:44:02.503 D/RPC     ( 1574): read RPC packet size: [272]
04-03 13:44:02.503 V/locapi_rpc_glue( 1574): Callback received: 4 (cb_id=0x6260000 handle=1)
04-03 13:44:02.503 V/locapi_rpc_glue( 1574): +loc_api_callback_process_sync_call
04-03 13:44:02.503 V/locapi_rpc_glue( 1574): -loc_api_callback_process_sync_call, no sync call in use
04-03 13:44:02.503 D/RPC     ( 1574): written RPC packet size: [28]
04-03 13:44:02.503 V/GpsLocationProvider( 1574): SV count: 11 ephemerisMask: a000190 almanacMask: aa74190
04-03 13:44:02.503 D/RPC     ( 1574): read RPC packet
04-03 13:44:02.503 D/RPC     ( 1574): read RPC packet size: [272]
04-03 13:44:02.513 V/locapi_rpc_glue( 1574): Callback received: 4 (cb_id=0x6260000 handle=1)
04-03 13:44:02.513 V/locapi_rpc_glue( 1574): +loc_api_callback_process_sync_call
04-03 13:44:02.513 V/locapi_rpc_glue( 1574): -loc_api_callback_process_sync_call, no sync call in use
04-03 13:44:02.513 D/RPC     ( 1574): written RPC packet size: [28]
04-03 13:44:02.513 V/GpsLocationProvider( 1574): sv: 5 snr: 2.6399999 elev: 10.0 azimuth: 181.0 E AU
04-03 13:44:02.513 D/RPC     ( 1574): read RPC packet
04-03 13:44:02.513 D/RPC     ( 1574): read RPC packet size: [272]
04-03 13:44:02.513 V/locapi_rpc_glue( 1574): Callback received: 4 (cb_id=0x6260000 handle=1)
04-03 13:44:02.513 V/locapi_rpc_glue( 1574): +loc_api_callback_process_sync_call
04-03 13:44:02.513 V/locapi_rpc_glue( 1574): -loc_api_callback_process_sync_call, no sync call in use
04-03 13:44:02.513 D/RPC     ( 1574): written RPC packet size: [28]
04-03 13:44:02.513 V/GpsLocationProvider( 1574): sv: 8 snr: 3.7099998 elev: 15.0 azimuth: 66.0 E AU
04-03 13:44:02.513 D/RPC     ( 1574): read RPC packet
04-03 13:44:02.513 D/RPC     ( 1574): read RPC packet size: [536]
04-03 13:44:02.513 V/locapi_rpc_glue( 1574): Callback received: 2 (cb_id=0x6260000 handle=1)
04-03 13:44:02.513 V/locapi_rpc_glue( 1574): +loc_api_callback_process_sync_call
04-03 13:44:02.513 V/locapi_rpc_glue( 1574): -loc_api_callback_process_sync_call, no sync call in use
04-03 13:44:02.513 D/RPC     ( 1574): written RPC packet size: [28]
04-03 13:44:02.513 D/RPC     ( 1574): read RPC packet
04-03 13:44:02.513 D/RPC     ( 1574): read RPC packet size: [208]
04-03 13:44:02.513 V/locapi_rpc_glue( 1574): Callback received: 1 (cb_id=0x6260000 handle=1)
04-03 13:44:02.513 V/locapi_rpc_glue( 1574): +loc_api_callback_process_sync_call
04-03 13:44:02.513 V/locapi_rpc_glue( 1574): -loc_api_callback_process_sync_call, no sync call in use
04-03 13:44:02.513 D/RPC     ( 1574): written RPC packet size: [28]
04-03 13:44:02.513 D/RPC     ( 1574): read RPC packet
04-03 13:44:02.513 D/RPC     ( 1574): read RPC packet size: [80]
04-03 13:44:02.513 V/locapi_rpc_glue( 1574): Callback received: 100 (cb_id=0x6260000 handle=1)
04-03 13:44:02.513 V/locapi_rpc_glue( 1574): +loc_api_callback_process_sync_call
04-03 13:44:02.513 V/locapi_rpc_glue( 1574): -loc_api_callback_process_sync_call, no sync call in use
04-03 13:44:02.523 D/RPC     ( 1574): written RPC packet size: [28]
04-03 13:44:02.523 V/GpsLocationProvider( 1574): sv: 9 snr: 3.23 elev: 20.0 azimuth: 71.0 E AU
04-03 13:44:02.523 V/GpsLocationProvider( 1574): sv: 15 snr: 2.6399999 elev: 73.0 azimuth: 254.0   AU
04-03 13:44:02.523 V/GpsLocationProvider( 1574): sv: 17 snr: 2.3700001 elev: 6.0 azimuth: 115.0   AU
04-03 13:44:02.523 V/GpsLocationProvider( 1574): sv: 18 snr: 2.31 elev: 32.0 azimuth: 299.0   AU
04-03 13:44:02.523 V/GpsLocationProvider( 1574): sv: 19 snr: 3.15 elev: 3.0 azimuth: 2.0   AU
04-03 13:44:02.523 V/GpsLocationProvider( 1574): sv: 22 snr: 2.23 elev: 7.0 azimuth: 326.0   AU
04-03 13:44:02.523 V/GpsLocationProvider( 1574): sv: 24 snr: 1.75 elev: 35.0 azimuth: 248.0   AU
04-03 13:44:02.523 V/GpsLocationProvider( 1574): sv: 26 snr: 3.6599998 elev: 57.0 azimuth: 125.0 E AU
04-03 13:44:02.523 V/GpsLocationProvider( 1574): sv: 28 snr: 3.65 elev: 45.0 azimuth: 66.0 E AU
04-03 13:44:02.523 D/lib_locapi( 1574): loc_eng_report_sv: valid_mask = 0x3f, num of sv = 11
04-03 13:44:02.523 D/lib_locapi( 1574): loc_eng_report_position: valid mask = 0x69ffef, sess status = 0
04-03 13:44:02.523 D/lib_locapi( 1574): [GPS:] loc_eng_report_status: GPS_STATUS_SESSION_END
04-03 13:44:02.553 D/RPC     ( 1574): read RPC packet
04-03 13:44:02.553 D/RPC     ( 1574): read RPC packet size: [80]
04-03 13:44:02.553 V/locapi_rpc_glue( 1574): Callback received: 100 (cb_id=0x6260000 handle=1)
04-03 13:44:02.553 V/locapi_rpc_glue( 1574): +loc_api_callback_process_sync_call
04-03 13:44:02.553 V/locapi_rpc_glue( 1574): -loc_api_callback_process_sync_call, no sync call in use
04-03 13:44:02.553 D/RPC     ( 1574): written RPC packet size: [28]
04-03 13:44:02.553 D/lib_locapi( 1574): [GPS:] loc_eng_report_status: GPS_STATUS_SESSION_BEGIN
04-03 13:44:02.603 D/AutoSetting( 2849): service - mLocationListener: onLocationChanged() location = Location[mProvider=gps,mTime=1396532642527,mInfo=-19.659165820000002333507.05927118000005,mAccuracy=29.0
04-03 13:44:02.633 D/AutoSetting( 2849): service - handleMessage() incoming message, what:1
04-03 13:44:02.643 D/AutoSetting( 2849): service - mLocationListener: onLocationChanged() location = Location[mProvider=gps,mTime=1396532642527,mInfo=-19.659165820000002333507.05927118000005,mAccuracy=29.0
04-03 13:44:02.643 D/AutoSetting( 2849): Util - no network available!
04-03 13:44:02.643 D/AutoSetting( 2849): service - handleMessage() not proceed
04-03 13:44:03.484 D/RPC     ( 1574): read RPC packet
04-03 13:44:03.484 D/RPC     ( 1574): read RPC packet size: [272]
04-03 13:44:03.484 V/locapi_rpc_glue( 1574): Callback received: 4 (cb_id=0x6260000 handle=1)
04-03 13:44:03.484 V/locapi_rpc_glue( 1574): +loc_api_callback_process_sync_call
04-03 13:44:03.484 V/locapi_rpc_glue( 1574): -loc_api_callback_process_sync_call, no sync call in use
04-03 13:44:03.484 D/RPC     ( 1574): written RPC packet size: [28]
04-03 13:44:03.494 D/RPC     ( 1574): read RPC packet
04-03 13:44:03.494 D/RPC     ( 1574): read RPC packet size: [272]
04-03 13:44:03.494 V/locapi_rpc_glue( 1574): Callback received: 4 (cb_id=0x6260000 handle=1)
04-03 13:44:03.494 V/locapi_rpc_glue( 1574): +loc_api_callback_process_sync_call
04-03 13:44:03.494 V/locapi_rpc_glue( 1574): -loc_api_callback_process_sync_call, no sync call in use
04-03 13:44:03.494 D/RPC     ( 1574): written RPC packet size: [28]
04-03 13:44:03.494 D/RPC     ( 1574): read RPC packet
04-03 13:44:03.494 D/RPC     ( 1574): read RPC packet size: [272]
04-03 13:44:03.494 V/locapi_rpc_glue( 1574): Callback received: 4 (cb_id=0x6260000 handle=1)
04-03 13:44:03.494 V/locapi_rpc_glue( 1574): +loc_api_callback_process_sync_call
04-03 13:44:03.494 V/locapi_rpc_glue( 1574): -loc_api_callback_process_sync_call, no sync call in use
04-03 13:44:03.494 D/RPC     ( 1574): written RPC packet size: [28]
04-03 13:44:03.494 D/RPC     ( 1574): read RPC packet
04-03 13:44:03.494 D/RPC     ( 1574): read RPC packet size: [272]
04-03 13:44:03.494 V/locapi_rpc_glue( 1574): Callback received: 4 (cb_id=0x6260000 handle=1)
04-03 13:44:03.494 V/locapi_rpc_glue( 1574): +loc_api_callback_process_sync_call
04-03 13:44:03.494 V/locapi_rpc_glue( 1574): -loc_api_callback_process_sync_call, no sync call in use
04-03 13:44:03.494 D/RPC     ( 1574): written RPC packet size: [28]
04-03 13:44:03.494 D/RPC     ( 1574): read RPC packet
04-03 13:44:03.494 D/RPC     ( 1574): read RPC packet size: [536]
04-03 13:44:03.494 V/locapi_rpc_glue( 1574): Callback received: 2 (cb_id=0x6260000 handle=1)
04-03 13:44:03.494 V/locapi_rpc_glue( 1574): +loc_api_callback_process_sync_call
04-03 13:44:03.494 V/locapi_rpc_glue( 1574): -loc_api_callback_process_sync_call, no sync call in use
04-03 13:44:03.494 D/RPC     ( 1574): written RPC packet size: [28]
04-03 13:44:03.494 D/lib_locapi( 1574): loc_eng_report_sv: valid_mask = 0x30, num of sv = 11
04-03 13:44:03.494 D/GpsLocationProvider( 1574): reportSvStatus
04-03 13:44:03.494 V/GpsLocationProvider( 1574): SV count: 11 ephemerisMask: a000190 almanacMask: aa74190
04-03 13:44:03.494 V/GpsLocationProvider( 1574): sv: 5 snr: 2.6 elev: 10.0 azimuth: 181.0 E AU
04-03 13:44:03.504 D/RPC     ( 1574): read RPC packet
04-03 13:44:03.504 D/RPC     ( 1574): read RPC packet size: [272]
04-03 13:44:03.504 V/locapi_rpc_glue( 1574): Callback received: 4 (cb_id=0x6260000 handle=1)
04-03 13:44:03.504 V/locapi_rpc_glue( 1574): +loc_api_callback_process_sync_call
04-03 13:44:03.504 V/locapi_rpc_glue( 1574): -loc_api_callback_process_sync_call, no sync call in use
04-03 13:44:03.504 D/RPC     ( 1574): written RPC packet size: [28]
04-03 13:44:03.504 V/GpsLocationProvider( 1574): sv: 8 snr: 3.6299999 elev: 15.0 azimuth: 66.0 E AU
04-03 13:44:03.504 V/GpsLocationProvider( 1574): sv: 9 snr: 3.6200001 elev: 20.0 azimuth: 71.0 E AU
04-03 13:44:03.504 D/RPC     ( 1574): read RPC packet
04-03 13:44:03.504 D/RPC     ( 1574): read RPC packet size: [272]
04-03 13:44:03.504 V/locapi_rpc_glue( 1574): Callback received: 4 (cb_id=0x6260000 handle=1)
04-03 13:44:03.504 V/locapi_rpc_glue( 1574): +loc_api_callback_process_sync_call
04-03 13:44:03.504 V/locapi_rpc_glue( 1574): -loc_api_callback_process_sync_call, no sync call in use
04-03 13:44:03.504 D/RPC     ( 1574): written RPC packet size: [28]
04-03 13:44:03.504 D/RPC     ( 1574): read RPC packet
04-03 13:44:03.504 D/RPC     ( 1574): read RPC packet size: [272]
04-03 13:44:03.504 V/locapi_rpc_glue( 1574): Callback received: 4 (cb_id=0x6260000 handle=1)
04-03 13:44:03.504 V/locapi_rpc_glue( 1574): +loc_api_callback_process_sync_call
04-03 13:44:03.504 V/locapi_rpc_glue( 1574): -loc_api_callback_process_sync_call, no sync call in use
04-03 13:44:03.504 D/RPC     ( 1574): written RPC packet size: [28]
04-03 13:44:03.504 D/RPC     ( 1574): read RPC packet
04-03 13:44:03.504 D/RPC     ( 1574): read RPC packet size: [272]
04-03 13:44:03.504 V/locapi_rpc_glue( 1574): Callback received: 4 (cb_id=0x6260000 handle=1)
04-03 13:44:03.504 V/locapi_rpc_glue( 1574): +loc_api_callback_process_sync_call
04-03 13:44:03.504 V/locapi_rpc_glue( 1574): -loc_api_callback_process_sync_call, no sync call in use
04-03 13:44:03.504 D/RPC     ( 1574): written RPC packet size: [28]
04-03 13:44:03.504 D/RPC     ( 1574): read RPC packet
04-03 13:44:03.504 D/RPC     ( 1574): read RPC packet size: [536]
04-03 13:44:03.504 V/locapi_rpc_glue( 1574): Callback received: 2 (cb_id=0x6260000 handle=1)
04-03 13:44:03.504 V/locapi_rpc_glue( 1574): +loc_api_callback_process_sync_call
04-03 13:44:03.504 V/locapi_rpc_glue( 1574): -loc_api_callback_process_sync_call, no sync call in use
04-03 13:44:03.504 D/RPC     ( 1574): written RPC packet size: [28]
04-03 13:44:03.504 D/RPC     ( 1574): read RPC packet
04-03 13:44:03.514 D/RPC     ( 1574): read RPC packet size: [208]
04-03 13:44:03.514 V/locapi_rpc_glue( 1574): Callback received: 1 (cb_id=0x6260000 handle=1)
04-03 13:44:03.514 V/locapi_rpc_glue( 1574): +loc_api_callback_process_sync_call
04-03 13:44:03.514 V/locapi_rpc_glue( 1574): -loc_api_callback_process_sync_call, no sync call in use
04-03 13:44:03.514 D/RPC     ( 1574): written RPC packet size: [28]
04-03 13:44:03.514 D/RPC     ( 1574): read RPC packet
04-03 13:44:03.514 D/RPC     ( 1574): read RPC packet size: [80]
04-03 13:44:03.514 V/locapi_rpc_glue( 1574): Callback received: 100 (cb_id=0x6260000 handle=1)
04-03 13:44:03.514 V/locapi_rpc_glue( 1574): +loc_api_callback_process_sync_call
04-03 13:44:03.514 V/locapi_rpc_glue( 1574): -loc_api_callback_process_sync_call, no sync call in use
04-03 13:44:03.514 D/RPC     ( 1574): written RPC packet size: [28]
04-03 13:44:03.514 V/GpsLocationProvider( 1574): sv: 15 snr: 2.6399999 elev: 73.0 azimuth: 254.0   AU
04-03 13:44:03.514 V/GpsLocationProvider( 1574): sv: 17 snr: 2.4 elev: 6.0 azimuth: 115.0   AU
04-03 13:44:03.514 V/GpsLocationProvider( 1574): sv: 18 snr: 2.6200001 elev: 32.0 azimuth: 299.0   AU
04-03 13:44:03.514 V/GpsLocationProvider( 1574): sv: 19 snr: 3.05 elev: 3.0 azimuth: 2.0   AU
04-03 13:44:03.514 V/GpsLocationProvider( 1574): sv: 22 snr: 2.03 elev: 7.0 azimuth: 326.0   AU
04-03 13:44:03.514 V/GpsLocationProvider( 1574): sv: 24 snr: 2.0700002 elev: 35.0 azimuth: 248.0   AU
04-03 13:44:03.514 V/GpsLocationProvider( 1574): sv: 26 snr: 2.99 elev: 57.0 azimuth: 125.0 E AU
04-03 13:44:03.514 V/GpsLocationProvider( 1574): sv: 28 snr: 3.85 elev: 45.0 azimuth: 66.0 E AU
04-03 13:44:03.514 D/lib_locapi( 1574): loc_eng_report_sv: valid_mask = 0x3f, num of sv = 11
04-03 13:44:03.514 D/lib_locapi( 1574): loc_eng_report_position: valid mask = 0x69ffef, sess status = 0
04-03 13:44:03.524 D/lib_locapi( 1574): [GPS:] loc_eng_report_status: GPS_STATUS_SESSION_END
04-03 13:44:03.544 D/RPC     ( 1574): read RPC packet
04-03 13:44:03.544 D/RPC     ( 1574): read RPC packet size: [80]
04-03 13:44:03.544 V/locapi_rpc_glue( 1574): Callback received: 100 (cb_id=0x6260000 handle=1)
04-03 13:44:03.544 V/locapi_rpc_glue( 1574): +loc_api_callback_process_sync_call
04-03 13:44:03.544 V/locapi_rpc_glue( 1574): -loc_api_callback_process_sync_call, no sync call in use
04-03 13:44:03.544 D/RPC     ( 1574): written RPC packet size: [28]
04-03 13:44:03.544 D/lib_locapi( 1574): [GPS:] loc_eng_report_status: GPS_STATUS_SESSION_BEGIN
04-03 13:44:03.634 D/AutoSetting( 2849): service - mLocationListener: onLocationChanged() location = Location[mProvider=gps,mTime=1396532643533,mInfo=-19.65946633333507.05950554,mAccuracy=30.0
04-03 13:44:03.644 D/AutoSetting( 2849): service - handleMessage() incoming message, what:1
04-03 13:44:03.644 D/AutoSetting( 2849): service - mLocationListener: onLocationChanged() location = Location[mProvider=gps,mTime=1396532643533,mInfo=-19.65946633333507.05950554,mAccuracy=30.0
04-03 13:44:03.654 D/AutoSetting( 2849): Util - no network available!
04-03 13:44:03.654 D/AutoSetting( 2849): service - handleMessage() not proceed
04-03 13:44:04.495 D/RPC     ( 1574): read RPC packet
04-03 13:44:04.495 D/RPC     ( 1574): read RPC packet size: [272]
04-03 13:44:04.495 V/locapi_rpc_glue( 1574): Callback received: 4 (cb_id=0x6260000 handle=1)
04-03 13:44:04.495 V/locapi_rpc_glue( 1574): +loc_api_callback_process_sync_call
04-03 13:44:04.495 V/locapi_rpc_glue( 1574): -loc_api_callback_process_sync_call, no sync call in use
04-03 13:44:04.495 D/RPC     ( 1574): written RPC packet size: [28]
04-03 13:44:04.495 D/RPC     ( 1574): read RPC packet
04-03 13:44:04.495 D/RPC     ( 1574): read RPC packet size: [272]
04-03 13:44:04.495 V/locapi_rpc_glue( 1574): Callback received: 4 (cb_id=0x6260000 handle=1)
04-03 13:44:04.495 V/locapi_rpc_glue( 1574): +loc_api_callback_process_sync_call
04-03 13:44:04.495 V/locapi_rpc_glue( 1574): -loc_api_callback_process_sync_call, no sync call in use
04-03 13:44:04.495 D/RPC     ( 1574): written RPC packet size: [28]
04-03 13:44:04.495 D/RPC     ( 1574): read RPC packet
04-03 13:44:04.495 D/RPC     ( 1574): read RPC packet size: [272]
04-03 13:44:04.495 V/locapi_rpc_glue( 1574): Callback received: 4 (cb_id=0x6260000 handle=1)
04-03 13:44:04.495 V/locapi_rpc_glue( 1574): +loc_api_callback_process_sync_call
04-03 13:44:04.495 V/locapi_rpc_glue( 1574): -loc_api_callback_process_sync_call, no sync call in use
04-03 13:44:04.495 D/RPC     ( 1574): written RPC packet size: [28]
04-03 13:44:04.495 D/RPC     ( 1574): read RPC packet
04-03 13:44:04.495 D/RPC     ( 1574): read RPC packet size: [272]
04-03 13:44:04.495 V/locapi_rpc_glue( 1574): Callback received: 4 (cb_id=0x6260000 handle=1)
04-03 13:44:04.495 V/locapi_rpc_glue( 1574): +loc_api_callback_process_sync_call
04-03 13:44:04.495 V/locapi_rpc_glue( 1574): -loc_api_callback_process_sync_call, no sync call in use
04-03 13:44:04.495 D/RPC     ( 1574): written RPC packet size: [28]
04-03 13:44:04.495 D/RPC     ( 1574): read RPC packet
04-03 13:44:04.495 D/RPC     ( 1574): read RPC packet size: [536]
04-03 13:44:04.495 V/locapi_rpc_glue( 1574): Callback received: 2 (cb_id=0x6260000 handle=1)
04-03 13:44:04.495 V/locapi_rpc_glue( 1574): +loc_api_callback_process_sync_call
04-03 13:44:04.495 V/locapi_rpc_glue( 1574): -loc_api_callback_process_sync_call, no sync call in use
04-03 13:44:04.495 D/RPC     ( 1574): written RPC packet size: [28]
04-03 13:44:04.495 D/lib_locapi( 1574): loc_eng_report_sv: valid_mask = 0x30, num of sv = 11
04-03 13:44:04.495 D/GpsLocationProvider( 1574): reportSvStatus
04-03 13:44:04.495 V/GpsLocationProvider( 1574): SV count: 11 ephemerisMask: a000190 almanacMask: aa74190
04-03 13:44:04.495 V/GpsLocationProvider( 1574): sv: 5 snr: 2.53 elev: 10.0 azimuth: 181.0 E AU
04-03 13:44:04.505 D/RPC     ( 1574): read RPC packet
04-03 13:44:04.505 D/RPC     ( 1574): read RPC packet size: [272]
04-03 13:44:04.505 V/locapi_rpc_glue( 1574): Callback received: 4 (cb_id=0x6260000 handle=1)
04-03 13:44:04.505 V/locapi_rpc_glue( 1574): +loc_api_callback_process_sync_call
04-03 13:44:04.505 V/locapi_rpc_glue( 1574): -loc_api_callback_process_sync_call, no sync call in use
04-03 13:44:04.505 D/RPC     ( 1574): written RPC packet size: [28]
04-03 13:44:04.505 D/RPC     ( 1574): read RPC packet
04-03 13:44:04.505 D/RPC     ( 1574): read RPC packet size: [272]
04-03 13:44:04.505 V/locapi_rpc_glue( 1574): Callback received: 4 (cb_id=0x6260000 handle=1)
04-03 13:44:04.505 V/locapi_rpc_glue( 1574): +loc_api_callback_process_sync_call
04-03 13:44:04.505 V/locapi_rpc_glue( 1574): -loc_api_callback_process_sync_call, no sync call in use
04-03 13:44:04.505 D/RPC     ( 1574): written RPC packet size: [28]
04-03 13:44:04.505 V/GpsLocationProvider( 1574): sv: 8 snr: 3.4900002 elev: 15.0 azimuth: 66.0 E AU
04-03 13:44:04.505 D/RPC     ( 1574): read RPC packet
04-03 13:44:04.505 D/RPC     ( 1574): read RPC packet size: [272]
04-03 13:44:04.505 V/locapi_rpc_glue( 1574): Callback received: 4 (cb_id=0x6260000 handle=1)
04-03 13:44:04.505 V/locapi_rpc_glue( 1574): +loc_api_callback_process_sync_call
04-03 13:44:04.505 V/locapi_rpc_glue( 1574): -loc_api_callback_process_sync_call, no sync call in use
04-03 13:44:04.505 D/RPC     ( 1574): written RPC packet size: [28]
04-03 13:44:04.505 D/RPC     ( 1574): read RPC packet
04-03 13:44:04.505 D/RPC     ( 1574): read RPC packet size: [272]
04-03 13:44:04.505 V/locapi_rpc_glue( 1574): Callback received: 4 (cb_id=0x6260000 handle=1)
04-03 13:44:04.505 V/locapi_rpc_glue( 1574): +loc_api_callback_process_sync_call
04-03 13:44:04.505 V/locapi_rpc_glue( 1574): -loc_api_callback_process_sync_call, no sync call in use
04-03 13:44:04.505 D/RPC     ( 1574): written RPC packet size: [28]
04-03 13:44:04.505 V/GpsLocationProvider( 1574): sv: 9 snr: 3.3700001 elev: 20.0 azimuth: 71.0 E AU
04-03 13:44:04.505 V/GpsLocationProvider( 1574): sv: 15 snr: 2.6399999 elev: 73.0 azimuth: 254.0   AU
04-03 13:44:04.505 D/RPC     ( 1574): read RPC packet
04-03 13:44:04.505 D/RPC     ( 1574): read RPC packet size: [536]
04-03 13:44:04.505 V/locapi_rpc_glue( 1574): Callback received: 2 (cb_id=0x6260000 handle=1)
04-03 13:44:04.505 V/locapi_rpc_glue( 1574): +loc_api_callback_process_sync_call
04-03 13:44:04.505 V/locapi_rpc_glue( 1574): -loc_api_callback_process_sync_call, no sync call in use
04-03 13:44:04.505 D/RPC     ( 1574): written RPC packet size: [28]
04-03 13:44:04.505 D/RPC     ( 1574): read RPC packet
04-03 13:44:04.515 D/RPC     ( 1574): read RPC packet size: [208]
04-03 13:44:04.515 V/locapi_rpc_glue( 1574): Callback received: 1 (cb_id=0x6260000 handle=1)
04-03 13:44:04.515 V/locapi_rpc_glue( 1574): +loc_api_callback_process_sync_call
04-03 13:44:04.515 V/locapi_rpc_glue( 1574): -loc_api_callback_process_sync_call, no sync call in use
04-03 13:44:04.515 D/RPC     ( 1574): written RPC packet size: [28]
04-03 13:44:04.515 V/GpsLocationProvider( 1574): sv: 17 snr: 2.65 elev: 6.0 azimuth: 115.0   AU
04-03 13:44:04.515 V/GpsLocationProvider( 1574): sv: 18 snr: 2.7 elev: 32.0 azimuth: 299.0   AU
04-03 13:44:04.515 D/RPC     ( 1574): read RPC packet
04-03 13:44:04.515 D/RPC     ( 1574): read RPC packet size: [80]
04-03 13:44:04.515 V/locapi_rpc_glue( 1574): Callback received: 100 (cb_id=0x6260000 handle=1)
04-03 13:44:04.515 V/locapi_rpc_glue( 1574): +loc_api_callback_process_sync_call
04-03 13:44:04.515 V/locapi_rpc_glue( 1574): -loc_api_callback_process_sync_call, no sync call in use
04-03 13:44:04.515 D/RPC     ( 1574): written RPC packet size: [28]
04-03 13:44:04.515 V/GpsLocationProvider( 1574): sv: 19 snr: 3.17 elev: 3.0 azimuth: 2.0   AU
04-03 13:44:04.515 V/GpsLocationProvider( 1574): sv: 22 snr: 1.8100001 elev: 7.0 azimuth: 326.0   AU
04-03 13:44:04.515 V/GpsLocationProvider( 1574): sv: 24 snr: 2.04 elev: 35.0 azimuth: 248.0   AU
04-03 13:44:04.515 V/GpsLocationProvider( 1574): sv: 26 snr: 2.8600001 elev: 57.0 azimuth: 125.0 E AU
04-03 13:44:04.515 V/GpsLocationProvider( 1574): sv: 28 snr: 4.3 elev: 45.0 azimuth: 66.0 E AU
04-03 13:44:04.515 D/lib_locapi( 1574): loc_eng_report_sv: valid_mask = 0x3f, num of sv = 11
04-03 13:44:04.515 D/lib_locapi( 1574): loc_eng_report_position: valid mask = 0x69ffef, sess status = 0
04-03 13:44:04.545 D/lib_locapi( 1574): [GPS:] loc_eng_report_status: GPS_STATUS_SESSION_END
04-03 13:44:04.545 D/RPC     ( 1574): read RPC packet
04-03 13:44:04.545 D/RPC     ( 1574): read RPC packet size: [80]
04-03 13:44:04.545 V/locapi_rpc_glue( 1574): Callback received: 100 (cb_id=0x6260000 handle=1)
04-03 13:44:04.545 V/locapi_rpc_glue( 1574): +loc_api_callback_process_sync_call
04-03 13:44:04.545 V/locapi_rpc_glue( 1574): -loc_api_callback_process_sync_call, no sync call in use
04-03 13:44:04.545 D/RPC     ( 1574): written RPC packet size: [28]
04-03 13:44:04.545 D/lib_locapi( 1574): [GPS:] loc_eng_report_status: GPS_STATUS_SESSION_BEGIN
04-03 13:44:04.575 D/AutoSetting( 2849): service - mLocationListener: onLocationChanged() location = Location[mProvider=gps,mTime=1396532644531,mInfo=-19.659584333507.05963775,mAccuracy=32.0
04-03 13:44:04.585 D/AutoSetting( 2849): service - handleMessage() incoming message, what:1
04-03 13:44:04.595 D/AutoSetting( 2849): service - mLocationListener: onLocationChanged() location = Location[mProvider=gps,mTime=1396532644531,mInfo=-19.659584333507.05963775,mAccuracy=32.0
04-03 13:44:04.595 D/AutoSetting( 2849): Util - no network available!
04-03 13:44:04.605 D/AutoSetting( 2849): service - handleMessage() not proceed
04-03 13:44:05.386 I/System.out( 2817): Location: -2.80849519 56.33994506 | GPSNavigator running:true
04-03 13:44:05.386 I/System.out( 2817): Battery level: 99 | Time difference: -1
04-03 13:44:05.496 D/RPC     ( 1574): read RPC packet
04-03 13:44:05.496 D/RPC     ( 1574): read RPC packet size: [272]
04-03 13:44:05.496 V/locapi_rpc_glue( 1574): Callback received: 4 (cb_id=0x6260000 handle=1)
04-03 13:44:05.496 V/locapi_rpc_glue( 1574): +loc_api_callback_process_sync_call
04-03 13:44:05.496 V/locapi_rpc_glue( 1574): -loc_api_callback_process_sync_call, no sync call in use
04-03 13:44:05.496 D/RPC     ( 1574): written RPC packet size: [28]
04-03 13:44:05.496 D/RPC     ( 1574): read RPC packet
04-03 13:44:05.496 D/RPC     ( 1574): read RPC packet size: [272]
04-03 13:44:05.496 V/locapi_rpc_glue( 1574): Callback received: 4 (cb_id=0x6260000 handle=1)
04-03 13:44:05.496 V/locapi_rpc_glue( 1574): +loc_api_callback_process_sync_call
04-03 13:44:05.496 V/locapi_rpc_glue( 1574): -loc_api_callback_process_sync_call, no sync call in use
04-03 13:44:05.496 D/RPC     ( 1574): written RPC packet size: [28]
04-03 13:44:05.496 D/RPC     ( 1574): read RPC packet
04-03 13:44:05.496 D/RPC     ( 1574): read RPC packet size: [272]
04-03 13:44:05.496 V/locapi_rpc_glue( 1574): Callback received: 4 (cb_id=0x6260000 handle=1)
04-03 13:44:05.496 V/locapi_rpc_glue( 1574): +loc_api_callback_process_sync_call
04-03 13:44:05.496 V/locapi_rpc_glue( 1574): -loc_api_callback_process_sync_call, no sync call in use
04-03 13:44:05.496 D/RPC     ( 1574): written RPC packet size: [28]
04-03 13:44:05.496 D/RPC     ( 1574): read RPC packet
04-03 13:44:05.496 D/RPC     ( 1574): read RPC packet size: [272]
04-03 13:44:05.496 V/locapi_rpc_glue( 1574): Callback received: 4 (cb_id=0x6260000 handle=1)
04-03 13:44:05.496 V/locapi_rpc_glue( 1574): +loc_api_callback_process_sync_call
04-03 13:44:05.496 V/locapi_rpc_glue( 1574): -loc_api_callback_process_sync_call, no sync call in use
04-03 13:44:05.496 D/RPC     ( 1574): written RPC packet size: [28]
04-03 13:44:05.496 D/RPC     ( 1574): read RPC packet
04-03 13:44:05.496 D/RPC     ( 1574): read RPC packet size: [536]
04-03 13:44:05.496 V/locapi_rpc_glue( 1574): Callback received: 2 (cb_id=0x6260000 handle=1)
04-03 13:44:05.496 V/locapi_rpc_glue( 1574): +loc_api_callback_process_sync_call
04-03 13:44:05.496 V/locapi_rpc_glue( 1574): -loc_api_callback_process_sync_call, no sync call in use
04-03 13:44:05.496 D/RPC     ( 1574): written RPC packet size: [28]
04-03 13:44:05.496 D/lib_locapi( 1574): loc_eng_report_sv: valid_mask = 0x30, num of sv = 11
04-03 13:44:05.496 D/GpsLocationProvider( 1574): reportSvStatus
04-03 13:44:05.496 D/RPC     ( 1574): read RPC packet
04-03 13:44:05.496 D/RPC     ( 1574): read RPC packet size: [272]
04-03 13:44:05.496 V/locapi_rpc_glue( 1574): Callback received: 4 (cb_id=0x6260000 handle=1)
04-03 13:44:05.496 V/locapi_rpc_glue( 1574): +loc_api_callback_process_sync_call
04-03 13:44:05.496 V/locapi_rpc_glue( 1574): -loc_api_callback_process_sync_call, no sync call in use
04-03 13:44:05.496 D/RPC     ( 1574): written RPC packet size: [28]
04-03 13:44:05.506 V/GpsLocationProvider( 1574): SV count: 11 ephemerisMask: a000190 almanacMask: aa74190
04-03 13:44:05.506 D/RPC     ( 1574): read RPC packet
04-03 13:44:05.506 D/RPC     ( 1574): read RPC packet size: [272]
04-03 13:44:05.506 V/locapi_rpc_glue( 1574): Callback received: 4 (cb_id=0x6260000 handle=1)
04-03 13:44:05.506 V/locapi_rpc_glue( 1574): +loc_api_callback_process_sync_call
04-03 13:44:05.506 V/locapi_rpc_glue( 1574): -loc_api_callback_process_sync_call, no sync call in use
04-03 13:44:05.506 D/RPC     ( 1574): written RPC packet size: [28]
04-03 13:44:05.506 V/GpsLocationProvider( 1574): sv: 5 snr: 2.3600001 elev: 10.0 azimuth: 181.0 E AU
04-03 13:44:05.506 D/RPC     ( 1574): read RPC packet
04-03 13:44:05.506 D/RPC     ( 1574): read RPC packet size: [272]
04-03 13:44:05.506 V/locapi_rpc_glue( 1574): Callback received: 4 (cb_id=0x6260000 handle=1)
04-03 13:44:05.506 V/locapi_rpc_glue( 1574): +loc_api_callback_process_sync_call
04-03 13:44:05.506 V/locapi_rpc_glue( 1574): -loc_api_callback_process_sync_call, no sync call in use
04-03 13:44:05.506 D/RPC     ( 1574): written RPC packet size: [28]
04-03 13:44:05.506 V/GpsLocationProvider( 1574): sv: 8 snr: 3.22 elev: 15.0 azimuth: 66.0 E AU
04-03 13:44:05.506 D/RPC     ( 1574): read RPC packet
04-03 13:44:05.506 D/RPC     ( 1574): read RPC packet size: [272]
04-03 13:44:05.506 V/locapi_rpc_glue( 1574): Callback received: 4 (cb_id=0x6260000 handle=1)
04-03 13:44:05.506 V/locapi_rpc_glue( 1574): +loc_api_callback_process_sync_call
04-03 13:44:05.506 V/locapi_rpc_glue( 1574): -loc_api_callback_process_sync_call, no sync call in use
04-03 13:44:05.506 D/RPC     ( 1574): written RPC packet size: [28]
04-03 13:44:05.506 D/RPC     ( 1574): read RPC packet
04-03 13:44:05.506 D/RPC     ( 1574): read RPC packet size: [536]
04-03 13:44:05.506 V/locapi_rpc_glue( 1574): Callback received: 2 (cb_id=0x6260000 handle=1)
04-03 13:44:05.506 V/locapi_rpc_glue( 1574): +loc_api_callback_process_sync_call
04-03 13:44:05.506 V/locapi_rpc_glue( 1574): -loc_api_callback_process_sync_call, no sync call in use
04-03 13:44:05.506 D/RPC     ( 1574): written RPC packet size: [28]
04-03 13:44:05.506 D/RPC     ( 1574): read RPC packet
04-03 13:44:05.506 D/RPC     ( 1574): read RPC packet size: [208]
04-03 13:44:05.506 V/locapi_rpc_glue( 1574): Callback received: 1 (cb_id=0x6260000 handle=1)
04-03 13:44:05.506 V/locapi_rpc_glue( 1574): +loc_api_callback_process_sync_call
04-03 13:44:05.506 V/locapi_rpc_glue( 1574): -loc_api_callback_process_sync_call, no sync call in use
04-03 13:44:05.506 D/RPC     ( 1574): written RPC packet size: [28]
04-03 13:44:05.506 D/RPC     ( 1574): read RPC packet
04-03 13:44:05.506 D/RPC     ( 1574): read RPC packet size: [80]
04-03 13:44:05.506 V/locapi_rpc_glue( 1574): Callback received: 100 (cb_id=0x6260000 handle=1)
04-03 13:44:05.506 V/locapi_rpc_glue( 1574): +loc_api_callback_process_sync_call
04-03 13:44:05.506 V/locapi_rpc_glue( 1574): -loc_api_callback_process_sync_call, no sync call in use
04-03 13:44:05.506 D/RPC     ( 1574): written RPC packet size: [28]
04-03 13:44:05.516 V/GpsLocationProvider( 1574): sv: 9 snr: 3.33 elev: 20.0 azimuth: 71.0 E AU
04-03 13:44:05.516 V/GpsLocationProvider( 1574): sv: 15 snr: 2.6399999 elev: 73.0 azimuth: 254.0   AU
04-03 13:44:05.516 V/GpsLocationProvider( 1574): sv: 17 snr: 1.89 elev: 6.0 azimuth: 115.0   AU
04-03 13:44:05.516 V/GpsLocationProvider( 1574): sv: 18 snr: 2.27 elev: 32.0 azimuth: 299.0   AU
04-03 13:44:05.516 V/GpsLocationProvider( 1574): sv: 19 snr: 2.6799998 elev: 3.0 azimuth: 2.0   AU
04-03 13:44:05.516 V/GpsLocationProvider( 1574): sv: 22 snr: 2.02 elev: 7.0 azimuth: 326.0   AU
04-03 13:44:05.516 V/GpsLocationProvider( 1574): sv: 24 snr: 1.9399999 elev: 35.0 azimuth: 248.0   AU
04-03 13:44:05.516 V/GpsLocationProvider( 1574): sv: 26 snr: 3.17 elev: 57.0 azimuth: 125.0 E AU
04-03 13:44:05.516 V/GpsLocationProvider( 1574): sv: 28 snr: 3.5900002 elev: 45.0 azimuth: 66.0 E AU
04-03 13:44:05.516 D/lib_locapi( 1574): loc_eng_report_sv: valid_mask = 0x3f, num of sv = 11
04-03 13:44:05.516 D/lib_locapi( 1574): loc_eng_report_position: valid mask = 0x69f7ef, sess status = 0
04-03 13:44:05.536 D/lib_locapi( 1574): [GPS:] loc_eng_report_status: GPS_STATUS_SESSION_END
04-03 13:44:05.546 D/RPC     ( 1574): read RPC packet
04-03 13:44:05.546 D/RPC     ( 1574): read RPC packet size: [80]
04-03 13:44:05.546 V/locapi_rpc_glue( 1574): Callback received: 100 (cb_id=0x6260000 handle=1)
04-03 13:44:05.546 V/locapi_rpc_glue( 1574): +loc_api_callback_process_sync_call
04-03 13:44:05.546 V/locapi_rpc_glue( 1574): -loc_api_callback_process_sync_call, no sync call in use
04-03 13:44:05.546 D/RPC     ( 1574): written RPC packet size: [28]
04-03 13:44:05.546 D/lib_locapi( 1574): [GPS:] loc_eng_report_status: GPS_STATUS_SESSION_BEGIN
04-03 13:44:05.606 D/AutoSetting( 2849): service - mLocationListener: onLocationChanged() location = Location[mProvider=gps,mTime=1396532645527,mInfo=-19.65953997333507.05966277,mAccuracy=33.0
04-03 13:44:05.606 D/AutoSetting( 2849): service - handleMessage() incoming message, what:1
04-03 13:44:05.616 D/AutoSetting( 2849): service - mLocationListener: onLocationChanged() location = Location[mProvider=gps,mTime=1396532645527,mInfo=-19.65953997333507.05966277,mAccuracy=33.0
04-03 13:44:05.616 D/AutoSetting( 2849): Util - no network available!
04-03 13:44:05.616 D/AutoSetting( 2849): service - handleMessage() not proceed
04-03 13:44:06.497 D/RPC     ( 1574): read RPC packet
04-03 13:44:06.497 D/RPC     ( 1574): read RPC packet size: [272]
04-03 13:44:06.497 V/locapi_rpc_glue( 1574): Callback received: 4 (cb_id=0x6260000 handle=1)
04-03 13:44:06.497 V/locapi_rpc_glue( 1574): +loc_api_callback_process_sync_call
04-03 13:44:06.497 V/locapi_rpc_glue( 1574): -loc_api_callback_process_sync_call, no sync call in use
04-03 13:44:06.497 D/RPC     ( 1574): written RPC packet size: [28]
04-03 13:44:06.497 D/RPC     ( 1574): read RPC packet
04-03 13:44:06.497 D/RPC     ( 1574): read RPC packet size: [272]
