04-03 13:43:54.495 D/RPC     ( 1574): read RPC packet size: [272]
04-03 13:43:54.495 V/locapi_rpc_glue( 1574): Callback received: 4 (cb_id=0x6260000 handle=1)
04-03 13:43:54.495 V/locapi_rpc_glue( 1574): +loc_api_callback_process_sync_call
04-03 13:43:54.495 V/locapi_rpc_glue( 1574): -loc_api_callback_process_sync_call, no sync call in use
04-03 13:43:54.495 D/RPC     ( 1574): written RPC packet size: [28]
04-03 13:43:54.495 D/RPC     ( 1574): read RPC packet
04-03 13:43:54.495 D/RPC     ( 1574): read RPC packet size: [272]
04-03 13:43:54.495 V/locapi_rpc_glue( 1574): Callback received: 4 (cb_id=0x6260000 handle=1)
04-03 13:43:54.495 V/locapi_rpc_glue( 1574): +loc_api_callback_process_sync_call
04-03 13:43:54.495 V/locapi_rpc_glue( 1574): -loc_api_callback_process_sync_call, no sync call in use
04-03 13:43:54.495 D/RPC     ( 1574): written RPC packet size: [28]
04-03 13:43:54.495 D/RPC     ( 1574): read RPC packet
04-03 13:43:54.495 D/RPC     ( 1574): read RPC packet size: [272]
04-03 13:43:54.495 V/locapi_rpc_glue( 1574): Callback received: 4 (cb_id=0x6260000 handle=1)
04-03 13:43:54.495 V/locapi_rpc_glue( 1574): +loc_api_callback_process_sync_call
04-03 13:43:54.495 V/locapi_rpc_glue( 1574): -loc_api_callback_process_sync_call, no sync call in use
04-03 13:43:54.495 D/RPC     ( 1574): written RPC packet size: [28]
04-03 13:43:54.495 D/RPC     ( 1574): read RPC packet
04-03 13:43:54.495 D/RPC     ( 1574): read RPC packet size: [496]
04-03 13:43:54.495 V/locapi_rpc_glue( 1574): Callback received: 2 (cb_id=0x6260000 handle=1)
04-03 13:43:54.495 V/locapi_rpc_glue( 1574): +loc_api_callback_process_sync_call
04-03 13:43:54.495 V/locapi_rpc_glue( 1574): -loc_api_callback_process_sync_call, no sync call in use
04-03 13:43:54.495 D/RPC     ( 1574): written RPC packet size: [28]
04-03 13:43:54.495 D/lib_locapi( 1574): loc_eng_report_sv: valid_mask = 0x30, num of sv = 10
04-03 13:43:54.495 D/GpsLocationProvider( 1574): reportSvStatus
04-03 13:43:54.495 V/GpsLocationProvider( 1574): SV count: 10 ephemerisMask: a000190 almanacMask: aa54190
04-03 13:43:54.495 V/GpsLocationProvider( 1574): sv: 5 snr: 2.95 elev: 10.0 azimuth: 181.0 E AU
04-03 13:43:54.495 V/GpsLocationProvider( 1574): sv: 8 snr: 4.2400002 elev: 15.0 azimuth: 66.0 E AU
04-03 13:43:54.495 D/RPC     ( 1574): read RPC packet
04-03 13:43:54.495 D/RPC     ( 1574): read RPC packet size: [272]
04-03 13:43:54.495 V/locapi_rpc_glue( 1574): Callback received: 4 (cb_id=0x6260000 handle=1)
04-03 13:43:54.495 V/locapi_rpc_glue( 1574): +loc_api_callback_process_sync_call
04-03 13:43:54.495 V/locapi_rpc_glue( 1574): -loc_api_callback_process_sync_call, no sync call in use
04-03 13:43:54.495 D/RPC     ( 1574): written RPC packet size: [28]
04-03 13:43:54.495 V/GpsLocationProvider( 1574): sv: 9 snr: 4.55 elev: 20.0 azimuth: 71.0 E AU
04-03 13:43:54.495 V/GpsLocationProvider( 1574): sv: 15 snr: 3.39 elev: 73.0 azimuth: 254.0   AU
04-03 13:43:54.495 D/RPC     ( 1574): read RPC packet
04-03 13:43:54.495 D/RPC     ( 1574): read RPC packet size: [272]
04-03 13:43:54.495 V/locapi_rpc_glue( 1574): Callback received: 4 (cb_id=0x6260000 handle=1)
04-03 13:43:54.495 V/locapi_rpc_glue( 1574): +loc_api_callback_process_sync_call
04-03 13:43:54.495 V/locapi_rpc_glue( 1574): -loc_api_callback_process_sync_call, no sync call in use
04-03 13:43:54.495 D/RPC     ( 1574): written RPC packet size: [28]
04-03 13:43:54.495 V/GpsLocationProvider( 1574): sv: 17 snr: 2.42 elev: 6.0 azimuth: 115.0   AU
04-03 13:43:54.495 D/RPC     ( 1574): read RPC packet
04-03 13:43:54.495 D/RPC     ( 1574): read RPC packet size: [272]
04-03 13:43:54.495 V/locapi_rpc_glue( 1574): Callback received: 4 (cb_id=0x6260000 handle=1)
04-03 13:43:54.495 V/locapi_rpc_glue( 1574): +loc_api_callback_process_sync_call
04-03 13:43:54.495 V/locapi_rpc_glue( 1574): -loc_api_callback_process_sync_call, no sync call in use
04-03 13:43:54.495 D/RPC     ( 1574): written RPC packet size: [28]
04-03 13:43:54.495 D/RPC     ( 1574): read RPC packet
04-03 13:43:54.495 D/RPC     ( 1574): read RPC packet size: [272]
04-03 13:43:54.495 V/locapi_rpc_glue( 1574): Callback received: 4 (cb_id=0x6260000 handle=1)
04-03 13:43:54.495 V/locapi_rpc_glue( 1574): +loc_api_callback_process_sync_call
04-03 13:43:54.495 V/locapi_rpc_glue( 1574): -loc_api_callback_process_sync_call, no sync call in use
04-03 13:43:54.495 D/RPC     ( 1574): written RPC packet size: [28]
04-03 13:43:54.495 V/GpsLocationProvider( 1574): sv: 19 snr: 3.8400002 elev: 3.0 azimuth: 2.0   AU
04-03 13:43:54.495 D/RPC     ( 1574): read RPC packet
04-03 13:43:54.495 D/RPC     ( 1574): read RPC packet size: [496]
04-03 13:43:54.495 V/locapi_rpc_glue( 1574): Callback received: 2 (cb_id=0x6260000 handle=1)
04-03 13:43:54.495 V/locapi_rpc_glue( 1574): +loc_api_callback_process_sync_call
04-03 13:43:54.495 V/locapi_rpc_glue( 1574): -loc_api_callback_process_sync_call, no sync call in use
04-03 13:43:54.495 D/RPC     ( 1574): written RPC packet size: [28]
04-03 13:43:54.495 D/RPC     ( 1574): read RPC packet
04-03 13:43:54.495 D/RPC     ( 1574): read RPC packet size: [208]
04-03 13:43:54.495 V/locapi_rpc_glue( 1574): Callback received: 1 (cb_id=0x6260000 handle=1)
04-03 13:43:54.495 V/locapi_rpc_glue( 1574): +loc_api_callback_process_sync_call
04-03 13:43:54.495 V/locapi_rpc_glue( 1574): -loc_api_callback_process_sync_call, no sync call in use
04-03 13:43:54.495 D/RPC     ( 1574): written RPC packet size: [28]
04-03 13:43:54.505 D/RPC     ( 1574): read RPC packet
04-03 13:43:54.505 D/RPC     ( 1574): read RPC packet size: [80]
04-03 13:43:54.505 V/locapi_rpc_glue( 1574): Callback received: 100 (cb_id=0x6260000 handle=1)
04-03 13:43:54.505 V/locapi_rpc_glue( 1574): +loc_api_callback_process_sync_call
04-03 13:43:54.505 V/locapi_rpc_glue( 1574): -loc_api_callback_process_sync_call, no sync call in use
04-03 13:43:54.505 D/RPC     ( 1574): written RPC packet size: [28]
04-03 13:43:54.505 V/GpsLocationProvider( 1574): sv: 22 snr: 2.48 elev: 7.0 azimuth: 326.0   AU
04-03 13:43:54.505 V/GpsLocationProvider( 1574): sv: 24 snr: 2.35 elev: 35.0 azimuth: 248.0   AU
04-03 13:43:54.505 V/GpsLocationProvider( 1574): sv: 26 snr: 3.7 elev: 57.0 azimuth: 125.0 E AU
04-03 13:43:54.505 V/GpsLocationProvider( 1574): sv: 28 snr: 4.0299997 elev: 45.0 azimuth: 66.0 E AU
04-03 13:43:54.505 D/lib_locapi( 1574): loc_eng_report_sv: valid_mask = 0x3f, num of sv = 10
04-03 13:43:54.505 D/lib_locapi( 1574): loc_eng_report_position: valid mask = 0x69f7ef, sess status = 0
04-03 13:43:54.515 D/lib_locapi( 1574): [GPS:] loc_eng_report_status: GPS_STATUS_SESSION_END
04-03 13:43:54.545 D/RPC     ( 1574): read RPC packet
04-03 13:43:54.545 D/RPC     ( 1574): read RPC packet size: [80]
04-03 13:43:54.545 V/locapi_rpc_glue( 1574): Callback received: 100 (cb_id=0x6260000 handle=1)
04-03 13:43:54.545 V/locapi_rpc_glue( 1574): +loc_api_callback_process_sync_call
04-03 13:43:54.545 V/locapi_rpc_glue( 1574): -loc_api_callback_process_sync_call, no sync call in use
04-03 13:43:54.545 D/RPC     ( 1574): written RPC packet size: [28]
04-03 13:43:54.545 D/lib_locapi( 1574): [GPS:] loc_eng_report_status: GPS_STATUS_SESSION_BEGIN
04-03 13:43:54.565 D/AutoSetting( 2849): service - mLocationListener: onLocationChanged() location = Location[mProvider=gps,mTime=1396532634520,mInfo=-19.65939248333507.05898597000004,mAccuracy=33.0
04-03 13:43:54.565 D/AutoSetting( 2849): service - handleMessage() incoming message, what:1
04-03 13:43:54.565 D/AutoSetting( 2849): service - mLocationListener: onLocationChanged() location = Location[mProvider=gps,mTime=1396532634520,mInfo=-19.65939248333507.05898597000004,mAccuracy=33.0
04-03 13:43:54.565 D/AutoSetting( 2849): Util - no network available!
04-03 13:43:54.565 D/AutoSetting( 2849): service - handleMessage() not proceed
04-03 13:43:55.506 D/RPC     ( 1574): read RPC packet
04-03 13:43:55.506 D/RPC     ( 1574): read RPC packet size: [272]
04-03 13:43:55.506 V/locapi_rpc_glue( 1574): Callback received: 4 (cb_id=0x6260000 handle=1)
04-03 13:43:55.506 V/locapi_rpc_glue( 1574): +loc_api_callback_process_sync_call
04-03 13:43:55.506 V/locapi_rpc_glue( 1574): -loc_api_callback_process_sync_call, no sync call in use
04-03 13:43:55.506 D/RPC     ( 1574): written RPC packet size: [28]
04-03 13:43:55.506 D/RPC     ( 1574): read RPC packet
04-03 13:43:55.506 D/RPC     ( 1574): read RPC packet size: [272]
04-03 13:43:55.506 V/locapi_rpc_glue( 1574): Callback received: 4 (cb_id=0x6260000 handle=1)
04-03 13:43:55.506 V/locapi_rpc_glue( 1574): +loc_api_callback_process_sync_call
04-03 13:43:55.506 V/locapi_rpc_glue( 1574): -loc_api_callback_process_sync_call, no sync call in use
04-03 13:43:55.506 D/RPC     ( 1574): written RPC packet size: [28]
04-03 13:43:55.506 D/RPC     ( 1574): read RPC packet
04-03 13:43:55.506 D/RPC     ( 1574): read RPC packet size: [272]
04-03 13:43:55.506 V/locapi_rpc_glue( 1574): Callback received: 4 (cb_id=0x6260000 handle=1)
04-03 13:43:55.506 V/locapi_rpc_glue( 1574): +loc_api_callback_process_sync_call
04-03 13:43:55.506 V/locapi_rpc_glue( 1574): -loc_api_callback_process_sync_call, no sync call in use
04-03 13:43:55.506 D/RPC     ( 1574): written RPC packet size: [28]
04-03 13:43:55.506 D/RPC     ( 1574): read RPC packet
04-03 13:43:55.506 D/RPC     ( 1574): read RPC packet size: [496]
04-03 13:43:55.506 V/locapi_rpc_glue( 1574): Callback received: 2 (cb_id=0x6260000 handle=1)
04-03 13:43:55.506 V/locapi_rpc_glue( 1574): +loc_api_callback_process_sync_call
04-03 13:43:55.506 V/locapi_rpc_glue( 1574): -loc_api_callback_process_sync_call, no sync call in use
04-03 13:43:55.506 D/RPC     ( 1574): written RPC packet size: [28]
04-03 13:43:55.506 D/lib_locapi( 1574): loc_eng_report_sv: valid_mask = 0x30, num of sv = 10
04-03 13:43:55.506 D/GpsLocationProvider( 1574): reportSvStatus
04-03 13:43:55.506 V/GpsLocationProvider( 1574): SV count: 10 ephemerisMask: a000190 almanacMask: aa54190
04-03 13:43:55.506 V/GpsLocationProvider( 1574): sv: 5 snr: 2.9 elev: 10.0 azimuth: 181.0 E AU
04-03 13:43:55.506 V/GpsLocationProvider( 1574): sv: 8 snr: 4.21 elev: 15.0 azimuth: 66.0 E AU
04-03 13:43:55.506 V/GpsLocationProvider( 1574): sv: 9 snr: 4.37 elev: 20.0 azimuth: 71.0 E AU
04-03 13:43:55.506 V/GpsLocationProvider( 1574): sv: 15 snr: 3.5700002 elev: 73.0 azimuth: 254.0   AU
04-03 13:43:55.506 D/RPC     ( 1574): read RPC packet
04-03 13:43:55.506 D/RPC     ( 1574): read RPC packet size: [272]
04-03 13:43:55.506 V/locapi_rpc_glue( 1574): Callback received: 4 (cb_id=0x6260000 handle=1)
04-03 13:43:55.506 V/locapi_rpc_glue( 1574): +loc_api_callback_process_sync_call
04-03 13:43:55.506 V/locapi_rpc_glue( 1574): -loc_api_callback_process_sync_call, no sync call in use
04-03 13:43:55.506 D/RPC     ( 1574): written RPC packet size: [28]
04-03 13:43:55.516 D/RPC     ( 1574): read RPC packet
04-03 13:43:55.516 D/RPC     ( 1574): read RPC packet size: [272]
04-03 13:43:55.516 V/locapi_rpc_glue( 1574): Callback received: 4 (cb_id=0x6260000 handle=1)
04-03 13:43:55.516 V/locapi_rpc_glue( 1574): +loc_api_callback_process_sync_call
04-03 13:43:55.516 V/locapi_rpc_glue( 1574): -loc_api_callback_process_sync_call, no sync call in use
04-03 13:43:55.516 D/RPC     ( 1574): written RPC packet size: [28]
04-03 13:43:55.516 D/RPC     ( 1574): read RPC packet
04-03 13:43:55.516 D/RPC     ( 1574): read RPC packet size: [272]
04-03 13:43:55.516 V/locapi_rpc_glue( 1574): Callback received: 4 (cb_id=0x6260000 handle=1)
04-03 13:43:55.516 V/locapi_rpc_glue( 1574): +loc_api_callback_process_sync_call
04-03 13:43:55.516 V/locapi_rpc_glue( 1574): -loc_api_callback_process_sync_call, no sync call in use
04-03 13:43:55.516 D/RPC     ( 1574): written RPC packet size: [28]
04-03 13:43:55.516 D/RPC     ( 1574): read RPC packet
04-03 13:43:55.516 D/RPC     ( 1574): read RPC packet size: [272]
04-03 13:43:55.516 V/locapi_rpc_glue( 1574): Callback received: 4 (cb_id=0x6260000 handle=1)
04-03 13:43:55.516 V/locapi_rpc_glue( 1574): +loc_api_callback_process_sync_call
04-03 13:43:55.516 V/locapi_rpc_glue( 1574): -loc_api_callback_process_sync_call, no sync call in use
04-03 13:43:55.516 D/RPC     ( 1574): written RPC packet size: [28]
04-03 13:43:55.516 D/RPC     ( 1574): read RPC packet
04-03 13:43:55.516 D/RPC     ( 1574): read RPC packet size: [496]
04-03 13:43:55.516 V/locapi_rpc_glue( 1574): Callback received: 2 (cb_id=0x6260000 handle=1)
04-03 13:43:55.516 V/locapi_rpc_glue( 1574): +loc_api_callback_process_sync_call
04-03 13:43:55.516 V/locapi_rpc_glue( 1574): -loc_api_callback_process_sync_call, no sync call in use
04-03 13:43:55.516 D/RPC     ( 1574): written RPC packet size: [28]
04-03 13:43:55.516 D/RPC     ( 1574): read RPC packet
04-03 13:43:55.516 D/RPC     ( 1574): read RPC packet size: [208]
04-03 13:43:55.516 V/locapi_rpc_glue( 1574): Callback received: 1 (cb_id=0x6260000 handle=1)
04-03 13:43:55.516 V/locapi_rpc_glue( 1574): +loc_api_callback_process_sync_call
04-03 13:43:55.516 V/locapi_rpc_glue( 1574): -loc_api_callback_process_sync_call, no sync call in use
04-03 13:43:55.516 D/RPC     ( 1574): written RPC packet size: [28]
04-03 13:43:55.516 V/GpsLocationProvider( 1574): sv: 17 snr: 2.4 elev: 6.0 azimuth: 115.0   AU
04-03 13:43:55.516 V/GpsLocationProvider( 1574): sv: 19 snr: 4.15 elev: 3.0 azimuth: 2.0   AU
04-03 13:43:55.516 D/RPC     ( 1574): read RPC packet
04-03 13:43:55.516 D/RPC     ( 1574): read RPC packet size: [80]
04-03 13:43:55.516 V/locapi_rpc_glue( 1574): Callback received: 100 (cb_id=0x6260000 handle=1)
04-03 13:43:55.516 V/locapi_rpc_glue( 1574): +loc_api_callback_process_sync_call
04-03 13:43:55.516 V/locapi_rpc_glue( 1574): -loc_api_callback_process_sync_call, no sync call in use
04-03 13:43:55.516 D/RPC     ( 1574): written RPC packet size: [28]
04-03 13:43:55.536 V/GpsLocationProvider( 1574): sv: 22 snr: 2.5700002 elev: 7.0 azimuth: 326.0   AU
04-03 13:43:55.536 V/GpsLocationProvider( 1574): sv: 24 snr: 2.3600001 elev: 35.0 azimuth: 248.0   AU
04-03 13:43:55.546 D/RPC     ( 1574): read RPC packet
04-03 13:43:55.546 D/RPC     ( 1574): read RPC packet size: [80]
04-03 13:43:55.546 V/locapi_rpc_glue( 1574): Callback received: 100 (cb_id=0x6260000 handle=1)
04-03 13:43:55.546 V/locapi_rpc_glue( 1574): +loc_api_callback_process_sync_call
04-03 13:43:55.546 V/locapi_rpc_glue( 1574): -loc_api_callback_process_sync_call, no sync call in use
04-03 13:43:55.546 D/RPC     ( 1574): written RPC packet size: [28]
04-03 13:43:55.546 V/GpsLocationProvider( 1574): sv: 26 snr: 3.9299998 elev: 57.0 azimuth: 125.0 E AU
04-03 13:43:55.546 V/GpsLocationProvider( 1574): sv: 28 snr: 4.06 elev: 45.0 azimuth: 66.0 E AU
04-03 13:43:55.546 D/lib_locapi( 1574): loc_eng_report_sv: valid_mask = 0x3f, num of sv = 10
04-03 13:43:55.546 D/lib_locapi( 1574): loc_eng_report_position: valid mask = 0x69f7ef, sess status = 0
04-03 13:43:55.546 D/lib_locapi( 1574): [GPS:] loc_eng_report_status: GPS_STATUS_SESSION_END
04-03 13:43:55.546 D/lib_locapi( 1574): [GPS:] loc_eng_report_status: GPS_STATUS_SESSION_BEGIN
04-03 13:43:55.596 D/AutoSetting( 2849): service - mLocationListener: onLocationChanged() location = Location[mProvider=gps,mTime=1396532635559,mInfo=-19.65937757333507.05899047,mAccuracy=34.0
04-03 13:43:55.596 D/AutoSetting( 2849): service - handleMessage() incoming message, what:1
04-03 13:43:55.606 D/AutoSetting( 2849): service - mLocationListener: onLocationChanged() location = Location[mProvider=gps,mTime=1396532635559,mInfo=-19.65937757333507.05899047,mAccuracy=34.0
04-03 13:43:55.606 D/AutoSetting( 2849): Util - no network available!
04-03 13:43:55.606 D/AutoSetting( 2849): service - handleMessage() not proceed
04-03 13:43:56.387 I/System.out( 2817): Location: -2.80848464 56.33988733 | GPSNavigator running:true
04-03 13:43:56.387 I/System.out( 2817): Battery level: 99 | Time difference: -1
04-03 13:43:56.487 D/RPC     ( 1574): read RPC packet
04-03 13:43:56.487 D/RPC     ( 1574): read RPC packet size: [272]
04-03 13:43:56.497 V/locapi_rpc_glue( 1574): Callback received: 4 (cb_id=0x6260000 handle=1)
04-03 13:43:56.497 V/locapi_rpc_glue( 1574): +loc_api_callback_process_sync_call
04-03 13:43:56.497 V/locapi_rpc_glue( 1574): -loc_api_callback_process_sync_call, no sync call in use
04-03 13:43:56.497 D/RPC     ( 1574): written RPC packet size: [28]
04-03 13:43:56.497 D/RPC     ( 1574): read RPC packet
04-03 13:43:56.497 D/RPC     ( 1574): read RPC packet size: [272]
04-03 13:43:56.497 V/locapi_rpc_glue( 1574): Callback received: 4 (cb_id=0x6260000 handle=1)
04-03 13:43:56.497 V/locapi_rpc_glue( 1574): +loc_api_callback_process_sync_call
04-03 13:43:56.497 V/locapi_rpc_glue( 1574): -loc_api_callback_process_sync_call, no sync call in use
04-03 13:43:56.497 D/RPC     ( 1574): written RPC packet size: [28]
04-03 13:43:56.497 D/RPC     ( 1574): read RPC packet
04-03 13:43:56.497 D/RPC     ( 1574): read RPC packet size: [272]
04-03 13:43:56.497 V/locapi_rpc_glue( 1574): Callback received: 4 (cb_id=0x6260000 handle=1)
04-03 13:43:56.497 V/locapi_rpc_glue( 1574): +loc_api_callback_process_sync_call
04-03 13:43:56.497 V/locapi_rpc_glue( 1574): -loc_api_callback_process_sync_call, no sync call in use
04-03 13:43:56.497 D/RPC     ( 1574): written RPC packet size: [28]
04-03 13:43:56.497 D/RPC     ( 1574): read RPC packet
04-03 13:43:56.497 D/RPC     ( 1574): read RPC packet size: [496]
04-03 13:43:56.497 V/locapi_rpc_glue( 1574): Callback received: 2 (cb_id=0x6260000 handle=1)
04-03 13:43:56.497 V/locapi_rpc_glue( 1574): +loc_api_callback_process_sync_call
04-03 13:43:56.497 V/locapi_rpc_glue( 1574): -loc_api_callback_process_sync_call, no sync call in use
04-03 13:43:56.497 D/RPC     ( 1574): written RPC packet size: [28]
04-03 13:43:56.497 D/lib_locapi( 1574): loc_eng_report_sv: valid_mask = 0x30, num of sv = 10
04-03 13:43:56.497 D/GpsLocationProvider( 1574): reportSvStatus
04-03 13:43:56.497 V/GpsLocationProvider( 1574): SV count: 10 ephemerisMask: a000190 almanacMask: aa54190
04-03 13:43:56.497 V/GpsLocationProvider( 1574): sv: 5 snr: 2.91 elev: 10.0 azimuth: 181.0 E AU
04-03 13:43:56.497 V/GpsLocationProvider( 1574): sv: 8 snr: 3.81 elev: 15.0 azimuth: 66.0 E AU
04-03 13:43:56.497 V/GpsLocationProvider( 1574): sv: 9 snr: 3.73 elev: 20.0 azimuth: 71.0 E AU
04-03 13:43:56.497 V/GpsLocationProvider( 1574): sv: 15 snr: 3.61 elev: 73.0 azimuth: 254.0   AU
04-03 13:43:56.497 V/GpsLocationProvider( 1574): sv: 17 snr: 2.25 elev: 6.0 azimuth: 115.0   AU
04-03 13:43:56.507 D/RPC     ( 1574): read RPC packet
04-03 13:43:56.507 D/RPC     ( 1574): read RPC packet size: [272]
04-03 13:43:56.507 V/locapi_rpc_glue( 1574): Callback received: 4 (cb_id=0x6260000 handle=1)
04-03 13:43:56.507 V/locapi_rpc_glue( 1574): +loc_api_callback_process_sync_call
04-03 13:43:56.507 V/locapi_rpc_glue( 1574): -loc_api_callback_process_sync_call, no sync call in use
04-03 13:43:56.507 D/RPC     ( 1574): written RPC packet size: [28]
04-03 13:43:56.507 D/RPC     ( 1574): read RPC packet
04-03 13:43:56.507 D/RPC     ( 1574): read RPC packet size: [272]
04-03 13:43:56.507 V/locapi_rpc_glue( 1574): Callback received: 4 (cb_id=0x6260000 handle=1)
04-03 13:43:56.507 V/locapi_rpc_glue( 1574): +loc_api_callback_process_sync_call
04-03 13:43:56.507 V/locapi_rpc_glue( 1574): -loc_api_callback_process_sync_call, no sync call in use
04-03 13:43:56.507 D/RPC     ( 1574): written RPC packet size: [28]
04-03 13:43:56.507 D/RPC     ( 1574): read RPC packet
04-03 13:43:56.507 D/RPC     ( 1574): read RPC packet size: [272]
04-03 13:43:56.507 V/locapi_rpc_glue( 1574): Callback received: 4 (cb_id=0x6260000 handle=1)
04-03 13:43:56.507 V/locapi_rpc_glue( 1574): +loc_api_callback_process_sync_call
04-03 13:43:56.507 V/locapi_rpc_glue( 1574): -loc_api_callback_process_sync_call, no sync call in use
04-03 13:43:56.507 D/RPC     ( 1574): written RPC packet size: [28]
04-03 13:43:56.507 D/RPC     ( 1574): read RPC packet
04-03 13:43:56.507 D/RPC     ( 1574): read RPC packet size: [272]
04-03 13:43:56.507 V/locapi_rpc_glue( 1574): Callback received: 4 (cb_id=0x6260000 handle=1)
04-03 13:43:56.507 V/locapi_rpc_glue( 1574): +loc_api_callback_process_sync_call
04-03 13:43:56.507 V/locapi_rpc_glue( 1574): -loc_api_callback_process_sync_call, no sync call in use
04-03 13:43:56.507 D/RPC     ( 1574): written RPC packet size: [28]
04-03 13:43:56.507 D/RPC     ( 1574): read RPC packet
04-03 13:43:56.507 D/RPC     ( 1574): read RPC packet size: [496]
04-03 13:43:56.507 V/locapi_rpc_glue( 1574): Callback received: 2 (cb_id=0x6260000 handle=1)
04-03 13:43:56.507 V/locapi_rpc_glue( 1574): +loc_api_callback_process_sync_call
04-03 13:43:56.507 V/locapi_rpc_glue( 1574): -loc_api_callback_process_sync_call, no sync call in use
04-03 13:43:56.507 D/RPC     ( 1574): written RPC packet size: [28]
04-03 13:43:56.507 V/GpsLocationProvider( 1574): sv: 19 snr: 4.1 elev: 3.0 azimuth: 2.0   AU
04-03 13:43:56.507 D/RPC     ( 1574): read RPC packet
04-03 13:43:56.507 D/RPC     ( 1574): read RPC packet size: [208]
04-03 13:43:56.507 V/locapi_rpc_glue( 1574): Callback received: 1 (cb_id=0x6260000 handle=1)
04-03 13:43:56.507 V/locapi_rpc_glue( 1574): +loc_api_callback_process_sync_call
04-03 13:43:56.507 V/locapi_rpc_glue( 1574): -loc_api_callback_process_sync_call, no sync call in use
04-03 13:43:56.507 D/RPC     ( 1574): written RPC packet size: [28]
04-03 13:43:56.507 D/RPC     ( 1574): read RPC packet
04-03 13:43:56.517 D/RPC     ( 1574): read RPC packet size: [80]
04-03 13:43:56.517 V/locapi_rpc_glue( 1574): Callback received: 100 (cb_id=0x6260000 handle=1)
04-03 13:43:56.517 V/locapi_rpc_glue( 1574): +loc_api_callback_process_sync_call
04-03 13:43:56.517 V/locapi_rpc_glue( 1574): -loc_api_callback_process_sync_call, no sync call in use
04-03 13:43:56.517 D/RPC     ( 1574): written RPC packet size: [28]
04-03 13:43:56.527 V/GpsLocationProvider( 1574): sv: 22 snr: 2.58 elev: 7.0 azimuth: 326.0   AU
04-03 13:43:56.527 V/GpsLocationProvider( 1574): sv: 24 snr: 2.3700001 elev: 35.0 azimuth: 248.0   AU
04-03 13:43:56.527 V/GpsLocationProvider( 1574): sv: 26 snr: 3.4599998 elev: 57.0 azimuth: 125.0 E AU
04-03 13:43:56.537 V/GpsLocationProvider( 1574): sv: 28 snr: 3.8400002 elev: 45.0 azimuth: 66.0 E AU
04-03 13:43:56.537 D/lib_locapi( 1574): loc_eng_report_sv: valid_mask = 0x3f, num of sv = 10
04-03 13:43:56.537 D/lib_locapi( 1574): loc_eng_report_position: valid mask = 0x69f7ef, sess status = 0
04-03 13:43:56.537 D/lib_locapi( 1574): [GPS:] loc_eng_report_status: GPS_STATUS_SESSION_END
04-03 13:43:56.547 D/RPC     ( 1574): read RPC packet
04-03 13:43:56.547 D/RPC     ( 1574): read RPC packet size: [80]
04-03 13:43:56.547 V/locapi_rpc_glue( 1574): Callback received: 100 (cb_id=0x6260000 handle=1)
04-03 13:43:56.547 V/locapi_rpc_glue( 1574): +loc_api_callback_process_sync_call
04-03 13:43:56.547 V/locapi_rpc_glue( 1574): -loc_api_callback_process_sync_call, no sync call in use
04-03 13:43:56.547 D/RPC     ( 1574): written RPC packet size: [28]
04-03 13:43:56.547 D/lib_locapi( 1574): [GPS:] loc_eng_report_status: GPS_STATUS_SESSION_BEGIN
04-03 13:43:56.577 D/AutoSetting( 2849): service - mLocationListener: onLocationChanged() location = Location[mProvider=gps,mTime=1396532636546,mInfo=-19.65944834333507.0590955,mAccuracy=31.0
04-03 13:43:56.577 D/AutoSetting( 2849): service - handleMessage() incoming message, what:1
04-03 13:43:56.587 D/AutoSetting( 2849): service - mLocationListener: onLocationChanged() location = Location[mProvider=gps,mTime=1396532636546,mInfo=-19.65944834333507.0590955,mAccuracy=31.0
04-03 13:43:56.587 D/AutoSetting( 2849): Util - no network available!
04-03 13:43:56.587 D/AutoSetting( 2849): service - handleMessage() not proceed
04-03 13:43:56.637 D/Sensors ( 1574): Enable akm: en = 1
04-03 13:43:57.488 D/RPC     ( 1574): read RPC packet
04-03 13:43:57.488 D/RPC     ( 1574): read RPC packet size: [272]
04-03 13:43:57.488 V/locapi_rpc_glue( 1574): Callback received: 4 (cb_id=0x6260000 handle=1)
04-03 13:43:57.488 V/locapi_rpc_glue( 1574): +loc_api_callback_process_sync_call
04-03 13:43:57.488 V/locapi_rpc_glue( 1574): -loc_api_callback_process_sync_call, no sync call in use
04-03 13:43:57.488 D/RPC     ( 1574): written RPC packet size: [28]
04-03 13:43:57.498 D/RPC     ( 1574): read RPC packet
04-03 13:43:57.498 D/RPC     ( 1574): read RPC packet size: [272]
04-03 13:43:57.498 V/locapi_rpc_glue( 1574): Callback received: 4 (cb_id=0x6260000 handle=1)
04-03 13:43:57.498 V/locapi_rpc_glue( 1574): +loc_api_callback_process_sync_call
04-03 13:43:57.498 V/locapi_rpc_glue( 1574): -loc_api_callback_process_sync_call, no sync call in use
04-03 13:43:57.498 D/RPC     ( 1574): written RPC packet size: [28]
04-03 13:43:57.498 D/RPC     ( 1574): read RPC packet
04-03 13:43:57.498 D/RPC     ( 1574): read RPC packet size: [272]
04-03 13:43:57.498 V/locapi_rpc_glue( 1574): Callback received: 4 (cb_id=0x6260000 handle=1)
04-03 13:43:57.498 V/locapi_rpc_glue( 1574): +loc_api_callback_process_sync_call
04-03 13:43:57.498 V/locapi_rpc_glue( 1574): -loc_api_callback_process_sync_call, no sync call in use
04-03 13:43:57.498 D/RPC     ( 1574): written RPC packet size: [28]
04-03 13:43:57.498 D/RPC     ( 1574): read RPC packet
04-03 13:43:57.498 D/RPC     ( 1574): read RPC packet size: [536]
04-03 13:43:57.498 V/locapi_rpc_glue( 1574): Callback received: 2 (cb_id=0x6260000 handle=1)
04-03 13:43:57.498 V/locapi_rpc_glue( 1574): +loc_api_callback_process_sync_call
04-03 13:43:57.498 V/locapi_rpc_glue( 1574): -loc_api_callback_process_sync_call, no sync call in use
04-03 13:43:57.498 D/RPC     ( 1574): written RPC packet size: [28]
04-03 13:43:57.498 D/lib_locapi( 1574): loc_eng_report_sv: valid_mask = 0x30, num of sv = 11
04-03 13:43:57.498 D/GpsLocationProvider( 1574): reportSvStatus
04-03 13:43:57.498 V/GpsLocationProvider( 1574): SV count: 11 ephemerisMask: a000190 almanacMask: aa74190
04-03 13:43:57.498 V/GpsLocationProvider( 1574): sv: 5 snr: 3.01 elev: 10.0 azimuth: 181.0 E AU
04-03 13:43:57.498 V/GpsLocationProvider( 1574): sv: 8 snr: 3.8799999 elev: 15.0 azimuth: 66.0 E AU
04-03 13:43:57.498 V/GpsLocationProvider( 1574): sv: 9 snr: 3.2099998 elev: 20.0 azimuth: 71.0 E AU
04-03 13:43:57.498 V/GpsLocationProvider( 1574): sv: 15 snr: 4.07 elev: 73.0 azimuth: 254.0   AU
04-03 13:43:57.498 V/GpsLocationProvider( 1574): sv: 17 snr: 2.4299998 elev: 6.0 azimuth: 115.0   AU
04-03 13:43:57.498 V/GpsLocationProvider( 1574): sv: 18 snr: 4.0099998 elev: 32.0 azimuth: 299.0   AU
04-03 13:43:57.508 D/RPC     ( 1574): read RPC packet
04-03 13:43:57.508 D/RPC     ( 1574): read RPC packet size: [272]
04-03 13:43:57.508 V/locapi_rpc_glue( 1574): Callback received: 4 (cb_id=0x6260000 handle=1)
04-03 13:43:57.508 V/locapi_rpc_glue( 1574): +loc_api_callback_process_sync_call
04-03 13:43:57.508 V/locapi_rpc_glue( 1574): -loc_api_callback_process_sync_call, no sync call in use
04-03 13:43:57.508 D/RPC     ( 1574): written RPC packet size: [28]
04-03 13:43:57.508 D/RPC     ( 1574): read RPC packet
04-03 13:43:57.508 D/RPC     ( 1574): read RPC packet size: [272]
04-03 13:43:57.508 V/locapi_rpc_glue( 1574): Callback received: 4 (cb_id=0x6260000 handle=1)
04-03 13:43:57.508 V/locapi_rpc_glue( 1574): +loc_api_callback_process_sync_call
04-03 13:43:57.508 V/locapi_rpc_glue( 1574): -loc_api_callback_process_sync_call, no sync call in use
04-03 13:43:57.508 D/RPC     ( 1574): written RPC packet size: [28]
04-03 13:43:57.508 D/RPC     ( 1574): read RPC packet
04-03 13:43:57.508 D/RPC     ( 1574): read RPC packet size: [272]
04-03 13:43:57.508 V/locapi_rpc_glue( 1574): Callback received: 4 (cb_id=0x6260000 handle=1)
04-03 13:43:57.508 V/locapi_rpc_glue( 1574): +loc_api_callback_process_sync_call
04-03 13:43:57.508 V/locapi_rpc_glue( 1574): -loc_api_callback_process_sync_call, no sync call in use
04-03 13:43:57.508 D/RPC     ( 1574): written RPC packet size: [28]
04-03 13:43:57.508 V/GpsLocationProvider( 1574): sv: 19 snr: 3.81 elev: 3.0 azimuth: 2.0   AU
04-03 13:43:57.508 D/RPC     ( 1574): read RPC packet
04-03 13:43:57.508 D/RPC     ( 1574): read RPC packet size: [272]
04-03 13:43:57.508 V/locapi_rpc_glue( 1574): Callback received: 4 (cb_id=0x6260000 handle=1)
04-03 13:43:57.508 V/locapi_rpc_glue( 1574): +loc_api_callback_process_sync_call
04-03 13:43:57.508 V/locapi_rpc_glue( 1574): -loc_api_callback_process_sync_call, no sync call in use
04-03 13:43:57.508 D/RPC     ( 1574): written RPC packet size: [28]
04-03 13:43:57.508 D/RPC     ( 1574): read RPC packet
04-03 13:43:57.508 D/RPC     ( 1574): read RPC packet size: [536]
04-03 13:43:57.508 V/locapi_rpc_glue( 1574): Callback received: 2 (cb_id=0x6260000 handle=1)
04-03 13:43:57.508 V/locapi_rpc_glue( 1574): +loc_api_callback_process_sync_call
04-03 13:43:57.508 V/locapi_rpc_glue( 1574): -loc_api_callback_process_sync_call, no sync call in use
04-03 13:43:57.508 D/RPC     ( 1574): written RPC packet size: [28]
04-03 13:43:57.508 D/RPC     ( 1574): read RPC packet
04-03 13:43:57.508 D/RPC     ( 1574): read RPC packet size: [208]
04-03 13:43:57.508 V/locapi_rpc_glue( 1574): Callback received: 1 (cb_id=0x6260000 handle=1)
04-03 13:43:57.508 V/locapi_rpc_glue( 1574): +loc_api_callback_process_sync_call
04-03 13:43:57.508 V/locapi_rpc_glue( 1574): -loc_api_callback_process_sync_call, no sync call in use
04-03 13:43:57.508 D/RPC     ( 1574): written RPC packet size: [28]
04-03 13:43:57.508 D/RPC     ( 1574): read RPC packet
04-03 13:43:57.508 D/RPC     ( 1574): read RPC packet size: [80]
04-03 13:43:57.518 V/locapi_rpc_glue( 1574): Callback received: 100 (cb_id=0x6260000 handle=1)
04-03 13:43:57.518 V/locapi_rpc_glue( 1574): +loc_api_callback_process_sync_call
04-03 13:43:57.518 V/locapi_rpc_glue( 1574): -loc_api_callback_process_sync_call, no sync call in use
04-03 13:43:57.518 D/RPC     ( 1574): written RPC packet size: [28]
04-03 13:43:57.518 V/GpsLocationProvider( 1574): sv: 22 snr: 2.67 elev: 7.0 azimuth: 326.0   AU
04-03 13:43:57.528 V/GpsLocationProvider( 1574): sv: 24 snr: 3.3700001 elev: 35.0 azimuth: 248.0   AU
04-03 13:43:57.528 V/GpsLocationProvider( 1574): sv: 26 snr: 3.7099998 elev: 57.0 azimuth: 125.0 E AU
04-03 13:43:57.528 V/GpsLocationProvider( 1574): sv: 28 snr: 3.7400002 elev: 45.0 azimuth: 66.0 E AU
04-03 13:43:57.538 D/lib_locapi( 1574): loc_eng_report_sv: valid_mask = 0x3f, num of sv = 11
04-03 13:43:57.538 D/lib_locapi( 1574): loc_eng_report_position: valid mask = 0x69f7ef, sess status = 0
04-03 13:43:57.538 D/lib_locapi( 1574): [GPS:] loc_eng_report_status: GPS_STATUS_SESSION_END
04-03 13:43:57.548 D/RPC     ( 1574): read RPC packet
04-03 13:43:57.548 D/RPC     ( 1574): read RPC packet size: [80]
04-03 13:43:57.548 V/locapi_rpc_glue( 1574): Callback received: 100 (cb_id=0x6260000 handle=1)
04-03 13:43:57.548 V/locapi_rpc_glue( 1574): +loc_api_callback_process_sync_call
04-03 13:43:57.548 V/locapi_rpc_glue( 1574): -loc_api_callback_process_sync_call, no sync call in use
04-03 13:43:57.548 D/RPC     ( 1574): written RPC packet size: [28]
04-03 13:43:57.548 D/lib_locapi( 1574): [GPS:] loc_eng_report_status: GPS_STATUS_SESSION_BEGIN
04-03 13:43:57.588 D/AutoSetting( 2849): service - mLocationListener: onLocationChanged() location = Location[mProvider=gps,mTime=1396532637545,mInfo=-19.65922693333507.05905176,mAccuracy=31.0
04-03 13:43:57.608 D/AutoSetting( 2849): service - handleMessage() incoming message, what:1
04-03 13:43:57.608 D/AutoSetting( 2849): service - mLocationListener: onLocationChanged() location = Location[mProvider=gps,mTime=1396532637545,mInfo=-19.65922693333507.05905176,mAccuracy=31.0
04-03 13:43:57.618 D/AutoSetting( 2849): Util - no network available!
04-03 13:43:57.618 D/AutoSetting( 2849): service - handleMessage() not proceed
04-03 13:43:57.939 D/SurfaceFlinger( 1438): virtual void android::Layer::onRemoved(): lcblk (identity=43, status=0, token=1)
04-03 13:43:58.489 D/RPC     ( 1574): read RPC packet
04-03 13:43:58.489 D/RPC     ( 1574): read RPC packet size: [272]
04-03 13:43:58.489 V/locapi_rpc_glue( 1574): Callback received: 4 (cb_id=0x6260000 handle=1)
04-03 13:43:58.489 V/locapi_rpc_glue( 1574): +loc_api_callback_process_sync_call
04-03 13:43:58.489 V/locapi_rpc_glue( 1574): -loc_api_callback_process_sync_call, no sync call in use
04-03 13:43:58.489 D/RPC     ( 1574): written RPC packet size: [28]
04-03 13:43:58.489 D/RPC     ( 1574): read RPC packet
04-03 13:43:58.489 D/RPC     ( 1574): read RPC packet size: [272]
04-03 13:43:58.489 V/locapi_rpc_glue( 1574): Callback received: 4 (cb_id=0x6260000 handle=1)
04-03 13:43:58.489 V/locapi_rpc_glue( 1574): +loc_api_callback_process_sync_call
04-03 13:43:58.489 V/locapi_rpc_glue( 1574): -loc_api_callback_process_sync_call, no sync call in use
04-03 13:43:58.489 D/RPC     ( 1574): written RPC packet size: [28]
04-03 13:43:58.499 D/RPC     ( 1574): read RPC packet
04-03 13:43:58.499 D/RPC     ( 1574): read RPC packet size: [272]
04-03 13:43:58.499 V/locapi_rpc_glue( 1574): Callback received: 4 (cb_id=0x6260000 handle=1)
04-03 13:43:58.499 V/locapi_rpc_glue( 1574): +loc_api_callback_process_sync_call
04-03 13:43:58.499 V/locapi_rpc_glue( 1574): -loc_api_callback_process_sync_call, no sync call in use
04-03 13:43:58.499 D/RPC     ( 1574): written RPC packet size: [28]
04-03 13:43:58.499 D/RPC     ( 1574): read RPC packet
04-03 13:43:58.499 D/RPC     ( 1574): read RPC packet size: [272]
04-03 13:43:58.499 V/locapi_rpc_glue( 1574): Callback received: 4 (cb_id=0x6260000 handle=1)
04-03 13:43:58.499 V/locapi_rpc_glue( 1574): +loc_api_callback_process_sync_call
04-03 13:43:58.499 V/locapi_rpc_glue( 1574): -loc_api_callback_process_sync_call, no sync call in use
04-03 13:43:58.499 D/RPC     ( 1574): written RPC packet size: [28]
04-03 13:43:58.499 D/RPC     ( 1574): read RPC packet
04-03 13:43:58.499 D/RPC     ( 1574): read RPC packet size: [536]
04-03 13:43:58.499 V/locapi_rpc_glue( 1574): Callback received: 2 (cb_id=0x6260000 handle=1)
04-03 13:43:58.499 V/locapi_rpc_glue( 1574): +loc_api_callback_process_sync_call
04-03 13:43:58.499 V/locapi_rpc_glue( 1574): -loc_api_callback_process_sync_call, no sync call in use
04-03 13:43:58.499 D/RPC     ( 1574): written RPC packet size: [28]
04-03 13:43:58.499 D/lib_locapi( 1574): loc_eng_report_sv: valid_mask = 0x30, num of sv = 11
04-03 13:43:58.499 D/GpsLocationProvider( 1574): reportSvStatus
04-03 13:43:58.499 V/GpsLocationProvider( 1574): SV count: 11 ephemerisMask: a000190 almanacMask: aa74190
04-03 13:43:58.499 V/GpsLocationProvider( 1574): sv: 5 snr: 2.75 elev: 10.0 azimuth: 181.0 E AU
04-03 13:43:58.499 V/GpsLocationProvider( 1574): sv: 8 snr: 3.4099998 elev: 15.0 azimuth: 66.0 E AU
04-03 13:43:58.499 V/GpsLocationProvider( 1574): sv: 9 snr: 3.55 elev: 20.0 azimuth: 71.0 E AU
04-03 13:43:58.499 V/GpsLocationProvider( 1574): sv: 15 snr: 3.5099998 elev: 73.0 azimuth: 254.0   AU
04-03 13:43:58.509 D/RPC     ( 1574): read RPC packet
04-03 13:43:58.509 D/RPC     ( 1574): read RPC packet size: [272]
04-03 13:43:58.509 V/locapi_rpc_glue( 1574): Callback received: 4 (cb_id=0x6260000 handle=1)
04-03 13:43:58.509 V/locapi_rpc_glue( 1574): +loc_api_callback_process_sync_call
04-03 13:43:58.509 V/locapi_rpc_glue( 1574): -loc_api_callback_process_sync_call, no sync call in use
04-03 13:43:58.509 D/RPC     ( 1574): written RPC packet size: [28]
04-03 13:43:58.509 V/GpsLocationProvider( 1574): sv: 17 snr: 2.1299999 elev: 6.0 azimuth: 115.0   AU
04-03 13:43:58.509 D/RPC     ( 1574): read RPC packet
04-03 13:43:58.509 D/RPC     ( 1574): read RPC packet size: [272]
04-03 13:43:58.509 V/locapi_rpc_glue( 1574): Callback received: 4 (cb_id=0x6260000 handle=1)
04-03 13:43:58.509 V/locapi_rpc_glue( 1574): +loc_api_callback_process_sync_call
04-03 13:43:58.509 V/locapi_rpc_glue( 1574): -loc_api_callback_process_sync_call, no sync call in use
04-03 13:43:58.509 D/RPC     ( 1574): written RPC packet size: [28]
04-03 13:43:58.509 V/GpsLocationProvider( 1574): sv: 18 snr: 3.04 elev: 32.0 azimuth: 299.0   AU
04-03 13:43:58.509 D/RPC     ( 1574): read RPC packet
04-03 13:43:58.509 D/RPC     ( 1574): read RPC packet size: [272]
04-03 13:43:58.509 V/locapi_rpc_glue( 1574): Callback received: 4 (cb_id=0x6260000 handle=1)
04-03 13:43:58.509 V/locapi_rpc_glue( 1574): +loc_api_callback_process_sync_call
04-03 13:43:58.509 V/locapi_rpc_glue( 1574): -loc_api_callback_process_sync_call, no sync call in use
04-03 13:43:58.509 D/RPC     ( 1574): written RPC packet size: [28]
04-03 13:43:58.509 D/RPC     ( 1574): read RPC packet
04-03 13:43:58.509 D/RPC     ( 1574): read RPC packet size: [272]
04-03 13:43:58.509 V/locapi_rpc_glue( 1574): Callback received: 4 (cb_id=0x6260000 handle=1)
04-03 13:43:58.509 V/locapi_rpc_glue( 1574): +loc_api_callback_process_sync_call
04-03 13:43:58.509 V/locapi_rpc_glue( 1574): -loc_api_callback_process_sync_call, no sync call in use
04-03 13:43:58.509 D/RPC     ( 1574): written RPC packet size: [28]
04-03 13:43:58.509 V/GpsLocationProvider( 1574): sv: 19 snr: 3.69 elev: 3.0 azimuth: 2.0   AU
04-03 13:43:58.509 D/RPC     ( 1574): read RPC packet
04-03 13:43:58.509 D/RPC     ( 1574): read RPC packet size: [536]
04-03 13:43:58.509 V/locapi_rpc_glue( 1574): Callback received: 2 (cb_id=0x6260000 handle=1)
04-03 13:43:58.509 V/locapi_rpc_glue( 1574): +loc_api_callback_process_sync_call
04-03 13:43:58.509 V/locapi_rpc_glue( 1574): -loc_api_callback_process_sync_call, no sync call in use
04-03 13:43:58.509 D/RPC     ( 1574): written RPC packet size: [28]
04-03 13:43:58.519 D/RPC     ( 1574): read RPC packet
04-03 13:43:58.519 D/RPC     ( 1574): read RPC packet size: [208]
04-03 13:43:58.519 V/locapi_rpc_glue( 1574): Callback received: 1 (cb_id=0x6260000 handle=1)
04-03 13:43:58.519 V/locapi_rpc_glue( 1574): +loc_api_callback_process_sync_call
04-03 13:43:58.519 V/locapi_rpc_glue( 1574): -loc_api_callback_process_sync_call, no sync call in use
04-03 13:43:58.519 D/RPC     ( 1574): written RPC packet size: [28]
04-03 13:43:58.519 D/RPC     ( 1574): read RPC packet
04-03 13:43:58.519 D/RPC     ( 1574): read RPC packet size: [80]
04-03 13:43:58.519 V/locapi_rpc_glue( 1574): Callback received: 100 (cb_id=0x6260000 handle=1)
04-03 13:43:58.519 V/locapi_rpc_glue( 1574): +loc_api_callback_process_sync_call
04-03 13:43:58.519 V/locapi_rpc_glue( 1574): -loc_api_callback_process_sync_call, no sync call in use
04-03 13:43:58.519 D/RPC     ( 1574): written RPC packet size: [28]
04-03 13:43:58.519 V/GpsLocationProvider( 1574): sv: 22 snr: 2.31 elev: 7.0 azimuth: 326.0   AU
04-03 13:43:58.519 V/GpsLocationProvider( 1574): sv: 24 snr: 2.31 elev: 35.0 azimuth: 248.0   AU
04-03 13:43:58.519 V/GpsLocationProvider( 1574): sv: 26 snr: 3.44 elev: 57.0 azimuth: 125.0 E AU
04-03 13:43:58.519 V/GpsLocationProvider( 1574): sv: 28 snr: 3.7099998 elev: 45.0 azimuth: 66.0 E AU
04-03 13:43:58.519 D/lib_locapi( 1574): loc_eng_report_sv: valid_mask = 0x3f, num of sv = 11
04-03 13:43:58.519 D/lib_locapi( 1574): loc_eng_report_position: valid mask = 0x69f7ef, sess status = 0
04-03 13:43:58.529 D/lib_locapi( 1574): [GPS:] loc_eng_report_status: GPS_STATUS_SESSION_END
04-03 13:43:58.549 D/RPC     ( 1574): read RPC packet
04-03 13:43:58.549 D/RPC     ( 1574): read RPC packet size: [80]
04-03 13:43:58.549 V/locapi_rpc_glue( 1574): Callback received: 100 (cb_id=0x6260000 handle=1)
04-03 13:43:58.549 V/locapi_rpc_glue( 1574): +loc_api_callback_process_sync_call
04-03 13:43:58.549 V/locapi_rpc_glue( 1574): -loc_api_callback_process_sync_call, no sync call in use
04-03 13:43:58.549 D/RPC     ( 1574): written RPC packet size: [28]
04-03 13:43:58.549 D/lib_locapi( 1574): [GPS:] loc_eng_report_status: GPS_STATUS_SESSION_BEGIN
04-03 13:43:58.569 D/AutoSetting( 2849): service - mLocationListener: onLocationChanged() location = Location[mProvider=gps,mTime=1396532638531,mInfo=-19.65924639333507.05906804999995,mAccuracy=30.0
04-03 13:43:58.599 D/AutoSetting( 2849): service - handleMessage() incoming message, what:1
04-03 13:43:58.599 D/AutoSetting( 2849): service - mLocationListener: onLocationChanged() location = Location[mProvider=gps,mTime=1396532638531,mInfo=-19.65924639333507.05906804999995,mAccuracy=30.0
04-03 13:43:58.599 D/AutoSetting( 2849): Util - no network available!
04-03 13:43:58.599 D/AutoSetting( 2849): service - handleMessage() not proceed
04-03 13:43:59.380 I/System.out( 2817): Location: -2.80846099 56.33989464 | GPSNavigator running:true
04-03 13:43:59.380 I/System.out( 2817): Battery level: 99 | Time difference: -1
04-03 13:43:59.490 D/RPC     ( 1574): read RPC packet
04-03 13:43:59.490 D/RPC     ( 1574): read RPC packet size: [272]
04-03 13:43:59.490 V/locapi_rpc_glue( 1574): Callback received: 4 (cb_id=0x6260000 handle=1)
04-03 13:43:59.490 V/locapi_rpc_glue( 1574): +loc_api_callback_process_sync_call
04-03 13:43:59.490 V/locapi_rpc_glue( 1574): -loc_api_callback_process_sync_call, no sync call in use
04-03 13:43:59.490 D/RPC     ( 1574): written RPC packet size: [28]
04-03 13:43:59.490 D/RPC     ( 1574): read RPC packet
04-03 13:43:59.490 D/RPC     ( 1574): read RPC packet size: [272]
04-03 13:43:59.490 V/locapi_rpc_glue( 1574): Callback received: 4 (cb_id=0x6260000 handle=1)
04-03 13:43:59.490 V/locapi_rpc_glue( 1574): +loc_api_callback_process_sync_call
04-03 13:43:59.490 V/locapi_rpc_glue( 1574): -loc_api_callback_process_sync_call, no sync call in use
04-03 13:43:59.490 D/RPC     ( 1574): written RPC packet size: [28]
04-03 13:43:59.490 D/RPC     ( 1574): read RPC packet
04-03 13:43:59.490 D/RPC     ( 1574): read RPC packet size: [272]
04-03 13:43:59.490 V/locapi_rpc_glue( 1574): Callback received: 4 (cb_id=0x6260000 handle=1)
04-03 13:43:59.490 V/locapi_rpc_glue( 1574): +loc_api_callback_process_sync_call
04-03 13:43:59.490 V/locapi_rpc_glue( 1574): -loc_api_callback_process_sync_call, no sync call in use
04-03 13:43:59.490 D/RPC     ( 1574): written RPC packet size: [28]
04-03 13:43:59.500 D/RPC     ( 1574): read RPC packet
04-03 13:43:59.500 D/RPC     ( 1574): read RPC packet size: [272]
04-03 13:43:59.500 V/locapi_rpc_glue( 1574): Callback received: 4 (cb_id=0x6260000 handle=1)
04-03 13:43:59.500 V/locapi_rpc_glue( 1574): +loc_api_callback_process_sync_call
04-03 13:43:59.500 V/locapi_rpc_glue( 1574): -loc_api_callback_process_sync_call, no sync call in use
04-03 13:43:59.500 D/RPC     ( 1574): written RPC packet size: [28]
04-03 13:43:59.500 D/RPC     ( 1574): read RPC packet
04-03 13:43:59.500 D/RPC     ( 1574): read RPC packet size: [536]
04-03 13:43:59.500 V/locapi_rpc_glue( 1574): Callback received: 2 (cb_id=0x6260000 handle=1)
04-03 13:43:59.500 V/locapi_rpc_glue( 1574): +loc_api_callback_process_sync_call
04-03 13:43:59.500 V/locapi_rpc_glue( 1574): -loc_api_callback_process_sync_call, no sync call in use
04-03 13:43:59.500 D/RPC     ( 1574): written RPC packet size: [28]
04-03 13:43:59.500 D/lib_locapi( 1574): loc_eng_report_sv: valid_mask = 0x30, num of sv = 11
04-03 13:43:59.500 D/GpsLocationProvider( 1574): reportSvStatus
04-03 13:43:59.500 V/GpsLocationProvider( 1574): SV count: 11 ephemerisMask: a000190 almanacMask: aa74190
04-03 13:43:59.500 V/GpsLocationProvider( 1574): sv: 5 snr: 2.8899999 elev: 10.0 azimuth: 181.0 E AU
04-03 13:43:59.500 V/GpsLocationProvider( 1574): sv: 8 snr: 3.3 elev: 15.0 azimuth: 66.0 E AU
04-03 13:43:59.500 V/GpsLocationProvider( 1574): sv: 9 snr: 3.4 elev: 20.0 azimuth: 71.0 E AU
04-03 13:43:59.500 V/GpsLocationProvider( 1574): sv: 15 snr: 2.92 elev: 73.0 azimuth: 254.0   AU
04-03 13:43:59.500 V/GpsLocationProvider( 1574): sv: 17 snr: 2.15 elev: 6.0 azimuth: 115.0   AU
04-03 13:43:59.500 V/GpsLocationProvider( 1574): sv: 18 snr: 2.74 elev: 32.0 azimuth: 299.0   AU
04-03 13:43:59.500 V/GpsLocationProvider( 1574): sv: 19 snr: 3.45 elev: 3.0 azimuth: 2.0   AU
04-03 13:43:59.500 V/GpsLocationProvider( 1574): sv: 22 snr: 2.44 elev: 7.0 azimuth: 326.0   AU
04-03 13:43:59.500 V/GpsLocationProvider( 1574): sv: 24 snr: 1.95 elev: 35.0 azimuth: 248.0   AU
04-03 13:43:59.500 V/GpsLocationProvider( 1574): sv: 26 snr: 3.6200001 elev: 57.0 azimuth: 125.0 E AU
04-03 13:43:59.500 V/GpsLocationProvider( 1574): sv: 28 snr: 3.6200001 elev: 45.0 azimuth: 66.0 E AU
04-03 13:43:59.500 D/RPC     ( 1574): read RPC packet
04-03 13:43:59.500 D/RPC     ( 1574): read RPC packet size: [272]
04-03 13:43:59.500 V/locapi_rpc_glue( 1574): Callback received: 4 (cb_id=0x6260000 handle=1)
04-03 13:43:59.500 V/locapi_rpc_glue( 1574): +loc_api_callback_process_sync_call
04-03 13:43:59.500 V/locapi_rpc_glue( 1574): -loc_api_callback_process_sync_call, no sync call in use
04-03 13:43:59.500 D/RPC     ( 1574): written RPC packet size: [28]
04-03 13:43:59.500 D/RPC     ( 1574): read RPC packet
04-03 13:43:59.500 D/RPC     ( 1574): read RPC packet size: [272]
04-03 13:43:59.500 V/locapi_rpc_glue( 1574): Callback received: 4 (cb_id=0x6260000 handle=1)
04-03 13:43:59.500 V/locapi_rpc_glue( 1574): +loc_api_callback_process_sync_call
04-03 13:43:59.500 V/locapi_rpc_glue( 1574): -loc_api_callback_process_sync_call, no sync call in use
04-03 13:43:59.500 D/RPC     ( 1574): written RPC packet size: [28]
04-03 13:43:59.500 D/RPC     ( 1574): read RPC packet
04-03 13:43:59.500 D/RPC     ( 1574): read RPC packet size: [272]
04-03 13:43:59.500 V/locapi_rpc_glue( 1574): Callback received: 4 (cb_id=0x6260000 handle=1)
04-03 13:43:59.500 V/locapi_rpc_glue( 1574): +loc_api_callback_process_sync_call
04-03 13:43:59.500 V/locapi_rpc_glue( 1574): -loc_api_callback_process_sync_call, no sync call in use
04-03 13:43:59.500 D/RPC     ( 1574): written RPC packet size: [28]
04-03 13:43:59.510 D/RPC     ( 1574): read RPC packet
04-03 13:43:59.510 D/RPC     ( 1574): read RPC packet size: [272]
04-03 13:43:59.510 V/locapi_rpc_glue( 1574): Callback received: 4 (cb_id=0x6260000 handle=1)
04-03 13:43:59.510 V/locapi_rpc_glue( 1574): +loc_api_callback_process_sync_call
04-03 13:43:59.510 V/locapi_rpc_glue( 1574): -loc_api_callback_process_sync_call, no sync call in use
04-03 13:43:59.510 D/RPC     ( 1574): written RPC packet size: [28]
04-03 13:43:59.510 D/RPC     ( 1574): read RPC packet
04-03 13:43:59.510 D/RPC     ( 1574): read RPC packet size: [536]
04-03 13:43:59.510 V/locapi_rpc_glue( 1574): Callback received: 2 (cb_id=0x6260000 handle=1)
04-03 13:43:59.510 V/locapi_rpc_glue( 1574): +loc_api_callback_process_sync_call
04-03 13:43:59.510 V/locapi_rpc_glue( 1574): -loc_api_callback_process_sync_call, no sync call in use
04-03 13:43:59.510 D/RPC     ( 1574): written RPC packet size: [28]
04-03 13:43:59.510 D/RPC     ( 1574): read RPC packet
04-03 13:43:59.510 D/RPC     ( 1574): read RPC packet size: [208]
04-03 13:43:59.510 V/locapi_rpc_glue( 1574): Callback received: 1 (cb_id=0x6260000 handle=1)
04-03 13:43:59.510 V/locapi_rpc_glue( 1574): +loc_api_callback_process_sync_call
04-03 13:43:59.510 V/locapi_rpc_glue( 1574): -loc_api_callback_process_sync_call, no sync call in use
04-03 13:43:59.510 D/RPC     ( 1574): written RPC packet size: [28]
04-03 13:43:59.510 D/RPC     ( 1574): read RPC packet
04-03 13:43:59.510 D/RPC     ( 1574): read RPC packet size: [80]
04-03 13:43:59.510 V/locapi_rpc_glue( 1574): Callback received: 100 (cb_id=0x6260000 handle=1)
04-03 13:43:59.510 V/locapi_rpc_glue( 1574): +loc_api_callback_process_sync_call
04-03 13:43:59.510 V/locapi_rpc_glue( 1574): -loc_api_callback_process_sync_call, no sync call in use
04-03 13:43:59.510 D/RPC     ( 1574): written RPC packet size: [28]
04-03 13:43:59.520 D/lib_locapi( 1574): loc_eng_report_sv: valid_mask = 0x3f, num of sv = 11
04-03 13:43:59.520 D/lib_locapi( 1574): loc_eng_report_position: valid mask = 0x69f7ef, sess status = 0
04-03 13:43:59.530 D/lib_locapi( 1574): [GPS:] loc_eng_report_status: GPS_STATUS_SESSION_END
04-03 13:43:59.550 D/RPC     ( 1574): read RPC packet
04-03 13:43:59.550 D/RPC     ( 1574): read RPC packet size: [80]
04-03 13:43:59.550 V/locapi_rpc_glue( 1574): Callback received: 100 (cb_id=0x6260000 handle=1)
04-03 13:43:59.550 V/locapi_rpc_glue( 1574): +loc_api_callback_process_sync_call
04-03 13:43:59.550 V/locapi_rpc_glue( 1574): -loc_api_callback_process_sync_call, no sync call in use
04-03 13:43:59.550 D/RPC     ( 1574): written RPC packet size: [28]
04-03 13:43:59.550 D/lib_locapi( 1574): [GPS:] loc_eng_report_status: GPS_STATUS_SESSION_BEGIN
04-03 13:43:59.590 D/AutoSetting( 2849): service - mLocationListener: onLocationChanged() location = Location[mProvider=gps,mTime=1396532639533,mInfo=-19.65924863333507.05907237,mAccuracy=29.0
04-03 13:43:59.600 D/AutoSetting( 2849): service - handleMessage() incoming message, what:1
04-03 13:43:59.610 D/AutoSetting( 2849): service - mLocationListener: onLocationChanged() location = Location[mProvider=gps,mTime=1396532639533,mInfo=-19.65924863333507.05907237,mAccuracy=29.0
04-03 13:43:59.610 D/AutoSetting( 2849): Util - no network available!
04-03 13:43:59.610 D/AutoSetting( 2849): service - handleMessage() not proceed
04-03 13:44:00.491 D/RPC     ( 1574): read RPC packet
04-03 13:44:00.491 D/RPC     ( 1574): read RPC packet size: [272]
04-03 13:44:00.491 V/locapi_rpc_glue( 1574): Callback received: 4 (cb_id=0x6260000 handle=1)
04-03 13:44:00.491 V/locapi_rpc_glue( 1574): +loc_api_callback_process_sync_call
04-03 13:44:00.491 V/locapi_rpc_glue( 1574): -loc_api_callback_process_sync_call, no sync call in use
04-03 13:44:00.491 D/RPC     ( 1574): written RPC packet size: [28]
04-03 13:44:00.491 D/RPC     ( 1574): read RPC packet
04-03 13:44:00.491 D/RPC     ( 1574): read RPC packet size: [272]
04-03 13:44:00.491 V/locapi_rpc_glue( 1574): Callback received: 4 (cb_id=0x6260000 handle=1)
04-03 13:44:00.491 V/locapi_rpc_glue( 1574): +loc_api_callback_process_sync_call
04-03 13:44:00.491 V/locapi_rpc_glue( 1574): -loc_api_callback_process_sync_call, no sync call in use
04-03 13:44:00.491 D/RPC     ( 1574): written RPC packet size: [28]
04-03 13:44:00.491 D/RPC     ( 1574): read RPC packet
04-03 13:44:00.491 D/RPC     ( 1574): read RPC packet size: [272]
04-03 13:44:00.491 V/locapi_rpc_glue( 1574): Callback received: 4 (cb_id=0x6260000 handle=1)
04-03 13:44:00.491 V/locapi_rpc_glue( 1574): +loc_api_callback_process_sync_call
04-03 13:44:00.491 V/locapi_rpc_glue( 1574): -loc_api_callback_process_sync_call, no sync call in use
