04-03 23:10:09.301 I/System.out( 2806): Battery level: 99 | Time difference: -1
04-03 23:10:10.152 D/dalvikvm( 2554): GC_EXPLICIT freed 1911K, 26% free 10390K/13895K, paused 7ms+2ms
04-03 23:10:12.304 I/System.out( 2806): Location: unknown | GPSNavigator running:true
04-03 23:10:12.304 I/System.out( 2806): Battery level: 99 | Time difference: -1
04-03 23:10:15.137 D/dalvikvm( 2570): GC_EXPLICIT freed 77K, 7% free 6795K/7239K, paused 7ms+2ms
04-03 23:10:15.297 I/System.out( 2806): Location: unknown | GPSNavigator running:true
04-03 23:10:15.297 I/System.out( 2806): Battery level: 99 | Time difference: -1
04-03 23:10:15.467 D/Sensors ( 1574): Enable akm: en = 1
04-03 23:10:18.300 I/System.out( 2806): Location: unknown | GPSNavigator running:true
04-03 23:10:18.300 I/System.out( 2806): Battery level: 99 | Time difference: -1
04-03 23:10:20.152 D/dalvikvm( 2598): GC_EXPLICIT freed 307K, 10% free 8759K/9671K, paused 6ms+2ms
04-03 23:10:20.992 D/UsbnetService( 1574): BroadcastReceiver::onReceive+
04-03 23:10:20.992 D/UsbnetService( 1574): onReceive BATTERY_CHANGED
04-03 23:10:20.992 D/UsbnetService( 1574):  --> pluggedType = 0, mPluggedType = 0, mScreenOff = false
04-03 23:10:20.992 D/UsbnetService( 1574): BroadcastReceiver::onReceive-
04-03 23:10:20.992 D/NotificationService( 1574): mIntentReceiver() Intent.ACTION_BATTERY_CHANGED
04-03 23:10:21.002 D/BatteryService( 1574): SendIntentforPowersaver
04-03 23:10:21.012 D/BatteryService( 1574): Current powersaver status == NORMAL_STATUS1 4 2 false
04-03 23:10:21.022 D/RemoveMe( 1665): DCT got intent android.intent.action.BATTERY_CHANGED
04-03 23:10:21.022 D/PowerUI ( 1648): plugged = false, health = 2, mBatteryLevel = 99, mPluggedBatteryLevel = 95, mLowBatteryWarningLevel2 = 25, mshowLowChargingWarning2 = true
04-03 23:10:21.032 D/RemoveMe( 1665): DCT got intent android.intent.action.BATTERY_CHANGED
04-03 23:10:21.032 D/RemoveMe( 1665): DCT got intent android.intent.action.BATTERY_CHANGED
04-03 23:10:21.303 I/System.out( 2806): Location: unknown | GPSNavigator running:true
04-03 23:10:21.303 I/System.out( 2806): Battery level: 99 | Time difference: -1
04-03 23:10:24.306 I/System.out( 2806): Location: unknown | GPSNavigator running:true
04-03 23:10:24.306 I/System.out( 2806): Battery level: 99 | Time difference: -1
04-03 23:10:27.299 I/System.out( 2806): Location: unknown | GPSNavigator running:true
04-03 23:10:27.299 I/System.out( 2806): Battery level: 99 | Time difference: -1
04-03 23:10:30.301 I/System.out( 2806): Location: unknown | GPSNavigator running:true
04-03 23:10:30.301 I/System.out( 2806): Battery level: 99 | Time difference: -1
04-03 23:10:30.552 D/Sensors ( 1574): Enable akm: en = 1
04-03 23:10:33.304 I/System.out( 2806): Location: unknown | GPSNavigator running:true
04-03 23:10:33.304 I/System.out( 2806): Battery level: 99 | Time difference: -1
04-03 23:10:36.297 I/System.out( 2806): Location: unknown | GPSNavigator running:true
04-03 23:10:36.297 I/System.out( 2806): Battery level: 99 | Time difference: -1
04-03 23:10:39.300 I/System.out( 2806): Location: unknown | GPSNavigator running:true
04-03 23:10:39.300 I/System.out( 2806): Battery level: 99 | Time difference: -1
04-03 23:10:42.303 I/System.out( 2806): Location: unknown | GPSNavigator running:true
04-03 23:10:42.303 I/System.out( 2806): Battery level: 99 | Time difference: -1
04-03 23:10:45.296 I/System.out( 2806): Location: unknown | GPSNavigator running:true
04-03 23:10:45.296 I/System.out( 2806): Battery level: 99 | Time difference: -1
04-03 23:10:45.666 D/Sensors ( 1574): Enable akm: en = 1
04-03 23:10:48.309 I/System.out( 2806): Location: unknown | GPSNavigator running:true
04-03 23:10:48.309 I/System.out( 2806): Battery level: 99 | Time difference: -1
04-03 23:10:51.012 D/UsbnetService( 1574): BroadcastReceiver::onReceive+
04-03 23:10:51.012 D/UsbnetService( 1574): onReceive BATTERY_CHANGED
04-03 23:10:51.012 D/UsbnetService( 1574):  --> pluggedType = 0, mPluggedType = 0, mScreenOff = false
04-03 23:10:51.012 D/UsbnetService( 1574): BroadcastReceiver::onReceive-
04-03 23:10:51.012 D/NotificationService( 1574): mIntentReceiver() Intent.ACTION_BATTERY_CHANGED
04-03 23:10:51.022 D/BatteryService( 1574): SendIntentforPowersaver
04-03 23:10:51.022 D/BatteryService( 1574): Current powersaver status == NORMAL_STATUS1 4 2 false
04-03 23:10:51.042 D/PowerUI ( 1648): plugged = false, health = 2, mBatteryLevel = 99, mPluggedBatteryLevel = 95, mLowBatteryWarningLevel2 = 25, mshowLowChargingWarning2 = true
04-03 23:10:51.052 D/RemoveMe( 1665): DCT got intent android.intent.action.BATTERY_CHANGED
04-03 23:10:51.062 D/RemoveMe( 1665): DCT got intent android.intent.action.BATTERY_CHANGED
04-03 23:10:51.062 D/RemoveMe( 1665): DCT got intent android.intent.action.BATTERY_CHANGED
04-03 23:10:51.302 I/System.out( 2806): Location: unknown | GPSNavigator running:true
04-03 23:10:51.302 I/System.out( 2806): Battery level: 99 | Time difference: -1
04-03 23:10:54.305 I/System.out( 2806): Location: unknown | GPSNavigator running:true
04-03 23:10:54.305 I/System.out( 2806): Battery level: 99 | Time difference: -1
04-03 23:10:57.308 I/System.out( 2806): Location: unknown | GPSNavigator running:true
04-03 23:10:57.308 I/System.out( 2806): Battery level: 99 | Time difference: -1
04-03 23:11:00.311 I/System.out( 2806): Location: unknown | GPSNavigator running:true
04-03 23:11:00.311 I/System.out( 2806): Battery level: 99 | Time difference: -1
04-03 23:11:00.811 D/Sensors ( 1574): Enable akm: en = 1
04-03 23:11:03.304 I/System.out( 2806): Location: unknown | GPSNavigator running:true
04-03 23:11:03.304 I/System.out( 2806): Battery level: 99 | Time difference: -1
04-03 23:11:06.307 I/System.out( 2806): Location: unknown | GPSNavigator running:true
04-03 23:11:06.307 I/System.out( 2806): Battery level: 99 | Time difference: -1
04-03 23:11:09.310 I/System.out( 2806): Location: unknown | GPSNavigator running:true
04-03 23:11:09.310 I/System.out( 2806): Battery level: 99 | Time difference: -1
04-03 23:11:12.312 I/System.out( 2806): Location: unknown | GPSNavigator running:true
04-03 23:11:12.312 I/System.out( 2806): Battery level: 99 | Time difference: -1
04-03 23:11:15.295 I/System.out( 2806): Location: unknown | GPSNavigator running:true
04-03 23:11:15.295 I/System.out( 2806): Battery level: 99 | Time difference: -1
04-03 23:11:15.916 D/Sensors ( 1574): Enable akm: en = 1
04-03 23:11:18.308 I/System.out( 2806): Location: unknown | GPSNavigator running:true
04-03 23:11:18.308 I/System.out( 2806): Battery level: 99 | Time difference: -1
04-03 23:11:21.041 D/UsbnetService( 1574): BroadcastReceiver::onReceive+
04-03 23:11:21.041 D/UsbnetService( 1574): onReceive BATTERY_CHANGED
04-03 23:11:21.041 D/UsbnetService( 1574):  --> pluggedType = 0, mPluggedType = 0, mScreenOff = false
04-03 23:11:21.041 D/UsbnetService( 1574): BroadcastReceiver::onReceive-
04-03 23:11:21.041 D/NotificationService( 1574): mIntentReceiver() Intent.ACTION_BATTERY_CHANGED
04-03 23:11:21.051 D/BatteryService( 1574): SendIntentforPowersaver
04-03 23:11:21.061 D/BatteryService( 1574): Current powersaver status == NORMAL_STATUS1 4 2 false
04-03 23:11:21.071 D/PowerUI ( 1648): plugged = false, health = 2, mBatteryLevel = 99, mPluggedBatteryLevel = 95, mLowBatteryWarningLevel2 = 25, mshowLowChargingWarning2 = true
04-03 23:11:21.081 D/RemoveMe( 1665): DCT got intent android.intent.action.BATTERY_CHANGED
04-03 23:11:21.091 D/RemoveMe( 1665): DCT got intent android.intent.action.BATTERY_CHANGED
04-03 23:11:21.101 D/RemoveMe( 1665): DCT got intent android.intent.action.BATTERY_CHANGED
04-03 23:11:21.301 I/System.out( 2806): Location: unknown | GPSNavigator running:true
04-03 23:11:21.311 I/System.out( 2806): Battery level: 99 | Time difference: -1
04-03 23:11:24.314 I/System.out( 2806): Location: unknown | GPSNavigator running:true
04-03 23:11:24.314 I/System.out( 2806): Battery level: 99 | Time difference: -1
04-03 23:11:27.317 I/System.out( 2806): Location: unknown | GPSNavigator running:true
04-03 23:11:27.317 I/System.out( 2806): Battery level: 99 | Time difference: -1
04-03 23:11:30.310 I/System.out( 2806): Location: unknown | GPSNavigator running:true
04-03 23:11:30.310 I/System.out( 2806): Battery level: 99 | Time difference: -1
04-03 23:11:30.991 D/Sensors ( 1574): Enable akm: en = 1
04-03 23:11:33.313 I/System.out( 2806): Location: unknown | GPSNavigator running:true
04-03 23:11:33.313 I/System.out( 2806): Battery level: 99 | Time difference: -1
04-03 23:11:36.306 I/System.out( 2806): Location: unknown | GPSNavigator running:true
04-03 23:11:36.306 I/System.out( 2806): Battery level: 99 | Time difference: -1
04-03 23:11:39.309 I/System.out( 2806): Location: unknown | GPSNavigator running:true
04-03 23:11:39.309 I/System.out( 2806): Battery level: 99 | Time difference: -1
04-03 23:11:42.312 I/System.out( 2806): Location: unknown | GPSNavigator running:true
04-03 23:11:42.312 I/System.out( 2806): Battery level: 99 | Time difference: -1
04-03 23:11:45.315 I/System.out( 2806): Location: unknown | GPSNavigator running:true
04-03 23:11:45.315 I/System.out( 2806): Battery level: 99 | Time difference: -1
04-03 23:11:46.115 D/Sensors ( 1574): Enable akm: en = 1
04-03 23:11:48.308 I/System.out( 2806): Location: unknown | GPSNavigator running:true
04-03 23:11:48.308 I/System.out( 2806): Battery level: 99 | Time difference: -1
04-03 23:11:51.060 D/UsbnetService( 1574): BroadcastReceiver::onReceive+
04-03 23:11:51.060 D/UsbnetService( 1574): onReceive BATTERY_CHANGED
04-03 23:11:51.060 D/UsbnetService( 1574):  --> pluggedType = 0, mPluggedType = 0, mScreenOff = false
04-03 23:11:51.060 D/UsbnetService( 1574): BroadcastReceiver::onReceive-
04-03 23:11:51.060 D/NotificationService( 1574): mIntentReceiver() Intent.ACTION_BATTERY_CHANGED
04-03 23:11:51.070 D/BatteryService( 1574): SendIntentforPowersaver
04-03 23:11:51.070 D/BatteryService( 1574): Current powersaver status == NORMAL_STATUS1 4 2 false
04-03 23:11:51.090 D/RemoveMe( 1665): DCT got intent android.intent.action.BATTERY_CHANGED
04-03 23:11:51.090 D/PowerUI ( 1648): plugged = false, health = 2, mBatteryLevel = 98, mPluggedBatteryLevel = 95, mLowBatteryWarningLevel2 = 25, mshowLowChargingWarning2 = true
04-03 23:11:51.110 D/RemoveMe( 1665): DCT got intent android.intent.action.BATTERY_CHANGED
04-03 23:11:51.120 D/RemoveMe( 1665): DCT got intent android.intent.action.BATTERY_CHANGED
04-03 23:11:51.120 I/System.out( 2806): Battery level start is reached
04-03 23:11:51.311 I/System.out( 2806): Location: unknown | GPSNavigator running:true
04-03 23:11:51.321 I/System.out( 2806): Battery level: 98 | Time difference: -1
04-03 23:11:54.313 I/System.out( 2806): Location: unknown | GPSNavigator running:true
04-03 23:11:54.313 I/System.out( 2806): Battery level: 98 | Time difference: -1
04-03 23:11:57.316 I/System.out( 2806): Location: unknown | GPSNavigator running:true
04-03 23:11:57.316 I/System.out( 2806): Battery level: 98 | Time difference: -1
04-03 23:12:00.319 I/System.out( 2806): Location: unknown | GPSNavigator running:true
04-03 23:12:00.319 I/System.out( 2806): Battery level: 98 | Time difference: -1
04-03 23:12:01.180 D/Sensors ( 1574): Enable akm: en = 1
04-03 23:12:03.312 I/System.out( 2806): Location: unknown | GPSNavigator running:true
04-03 23:12:03.312 I/System.out( 2806): Battery level: 98 | Time difference: -1
04-03 23:12:05.104 D/dalvikvm( 2554): GC_EXPLICIT freed 12K, 26% free 10379K/13895K, paused 2ms+2ms
04-03 23:12:06.315 I/System.out( 2806): Location: unknown | GPSNavigator running:true
04-03 23:12:06.315 I/System.out( 2806): Battery level: 98 | Time difference: -1
04-03 23:12:06.375 D/dalvikvm( 2806): GC_CONCURRENT freed 306K, 6% free 6585K/6983K, paused 5ms+1ms
04-03 23:12:09.318 I/System.out( 2806): Location: unknown | GPSNavigator running:true
04-03 23:12:09.318 I/System.out( 2806): Battery level: 98 | Time difference: -1
04-03 23:12:12.321 I/System.out( 2806): Location: unknown | GPSNavigator running:true
04-03 23:12:12.321 I/System.out( 2806): Battery level: 98 | Time difference: -1
04-03 23:12:15.324 I/System.out( 2806): Location: unknown | GPSNavigator running:true
04-03 23:12:15.324 I/System.out( 2806): Battery level: 98 | Time difference: -1
04-03 23:12:16.245 D/Sensors ( 1574): Enable akm: en = 1
04-03 23:12:18.317 I/System.out( 2806): Location: unknown | GPSNavigator running:true
04-03 23:12:18.317 I/System.out( 2806): Battery level: 98 | Time difference: -1
04-03 23:12:21.080 D/UsbnetService( 1574): BroadcastReceiver::onReceive+
04-03 23:12:21.090 D/UsbnetService( 1574): onReceive BATTERY_CHANGED
04-03 23:12:21.090 D/UsbnetService( 1574):  --> pluggedType = 0, mPluggedType = 0, mScreenOff = false
04-03 23:12:21.090 D/UsbnetService( 1574): BroadcastReceiver::onReceive-
04-03 23:12:21.090 D/NotificationService( 1574): mIntentReceiver() Intent.ACTION_BATTERY_CHANGED
04-03 23:12:21.100 D/BatteryService( 1574): SendIntentforPowersaver
04-03 23:12:21.110 D/BatteryService( 1574): Current powersaver status == NORMAL_STATUS1 4 2 false
04-03 23:12:21.120 D/RemoveMe( 1665): DCT got intent android.intent.action.BATTERY_CHANGED
04-03 23:12:21.120 D/RemoveMe( 1665): DCT got intent android.intent.action.BATTERY_CHANGED
04-03 23:12:21.120 D/RemoveMe( 1665): DCT got intent android.intent.action.BATTERY_CHANGED
04-03 23:12:21.120 D/PowerUI ( 1648): plugged = false, health = 2, mBatteryLevel = 98, mPluggedBatteryLevel = 95, mLowBatteryWarningLevel2 = 25, mshowLowChargingWarning2 = true
04-03 23:12:21.320 I/System.out( 2806): Location: unknown | GPSNavigator running:true
04-03 23:12:21.320 I/System.out( 2806): Battery level: 98 | Time difference: -1
04-03 23:12:24.323 I/System.out( 2806): Location: unknown | GPSNavigator running:true
04-03 23:12:24.323 I/System.out( 2806): Battery level: 98 | Time difference: -1
04-03 23:12:27.326 I/System.out( 2806): Location: unknown | GPSNavigator running:true
04-03 23:12:27.326 I/System.out( 2806): Battery level: 98 | Time difference: -1
04-03 23:12:30.319 I/System.out( 2806): Location: unknown | GPSNavigator running:true
04-03 23:12:30.319 I/System.out( 2806): Battery level: 98 | Time difference: -1
04-03 23:12:31.310 D/Sensors ( 1574): Enable akm: en = 1
04-03 23:12:33.322 I/System.out( 2806): Location: unknown | GPSNavigator running:true
04-03 23:12:33.322 I/System.out( 2806): Battery level: 98 | Time difference: -1
04-03 23:12:36.324 I/System.out( 2806): Location: unknown | GPSNavigator running:true
04-03 23:12:36.324 I/System.out( 2806): Battery level: 98 | Time difference: -1
04-03 23:12:39.317 I/System.out( 2806): Location: unknown | GPSNavigator running:true
04-03 23:12:39.317 I/System.out( 2806): Battery level: 98 | Time difference: -1
04-03 23:12:42.330 I/System.out( 2806): Location: unknown | GPSNavigator running:true
04-03 23:12:42.330 I/System.out( 2806): Battery level: 98 | Time difference: -1
04-03 23:12:45.333 I/System.out( 2806): Location: unknown | GPSNavigator running:true
04-03 23:12:45.333 I/System.out( 2806): Battery level: 98 | Time difference: -1
04-03 23:12:46.394 D/Sensors ( 1574): Enable akm: en = 1
04-03 23:12:48.326 I/System.out( 2806): Location: unknown | GPSNavigator running:true
04-03 23:12:48.326 I/System.out( 2806): Battery level: 98 | Time difference: -1
04-03 23:12:51.329 I/System.out( 2806): Location: unknown | GPSNavigator running:true
04-03 23:12:51.329 I/System.out( 2806): Battery level: 98 | Time difference: -1
04-03 23:12:54.332 I/System.out( 2806): Location: unknown | GPSNavigator running:true
04-03 23:12:54.332 I/System.out( 2806): Battery level: 98 | Time difference: -1
04-03 23:12:57.335 I/System.out( 2806): Location: unknown | GPSNavigator running:true
04-03 23:12:57.335 I/System.out( 2806): Battery level: 98 | Time difference: -1
04-03 23:13:00.328 I/System.out( 2806): Location: unknown | GPSNavigator running:true
04-03 23:13:00.328 I/System.out( 2806): Battery level: 98 | Time difference: -1
04-03 23:13:01.459 D/Sensors ( 1574): Enable akm: en = 1
04-03 23:13:03.331 I/System.out( 2806): Location: unknown | GPSNavigator running:true
04-03 23:13:03.331 I/System.out( 2806): Battery level: 98 | Time difference: -1
04-03 23:13:06.334 I/System.out( 2806): Location: unknown | GPSNavigator running:true
04-03 23:13:06.334 I/System.out( 2806): Battery level: 98 | Time difference: -1
04-03 23:13:09.337 I/System.out( 2806): Location: unknown | GPSNavigator running:true
04-03 23:13:09.337 I/System.out( 2806): Battery level: 98 | Time difference: -1
04-03 23:13:12.330 I/System.out( 2806): Location: unknown | GPSNavigator running:true
04-03 23:13:12.330 I/System.out( 2806): Battery level: 98 | Time difference: -1
04-03 23:13:15.332 I/System.out( 2806): Location: unknown | GPSNavigator running:true
04-03 23:13:15.332 I/System.out( 2806): Battery level: 98 | Time difference: -1
04-03 23:13:16.554 D/Sensors ( 1574): Enable akm: en = 1
04-03 23:13:18.325 I/System.out( 2806): Location: unknown | GPSNavigator running:true
04-03 23:13:18.325 I/System.out( 2806): Battery level: 98 | Time difference: -1
04-03 23:13:21.138 D/UsbnetService( 1574): BroadcastReceiver::onReceive+
04-03 23:13:21.138 D/UsbnetService( 1574): onReceive BATTERY_CHANGED
04-03 23:13:21.138 D/UsbnetService( 1574):  --> pluggedType = 0, mPluggedType = 0, mScreenOff = false
04-03 23:13:21.138 D/UsbnetService( 1574): BroadcastReceiver::onReceive-
04-03 23:13:21.138 D/NotificationService( 1574): mIntentReceiver() Intent.ACTION_BATTERY_CHANGED
04-03 23:13:21.148 D/BatteryService( 1574): SendIntentforPowersaver
04-03 23:13:21.158 D/BatteryService( 1574): Current powersaver status == NORMAL_STATUS1 4 2 false
04-03 23:13:21.158 D/PowerUI ( 1648): plugged = false, health = 2, mBatteryLevel = 98, mPluggedBatteryLevel = 95, mLowBatteryWarningLevel2 = 25, mshowLowChargingWarning2 = true
04-03 23:13:21.168 D/RemoveMe( 1665): DCT got intent android.intent.action.BATTERY_CHANGED
04-03 23:13:21.188 D/RemoveMe( 1665): DCT got intent android.intent.action.BATTERY_CHANGED
04-03 23:13:21.198 D/RemoveMe( 1665): DCT got intent android.intent.action.BATTERY_CHANGED
04-03 23:13:21.328 I/System.out( 2806): Location: unknown | GPSNavigator running:true
04-03 23:13:21.328 I/System.out( 2806): Battery level: 98 | Time difference: -1
04-03 23:13:24.341 I/System.out( 2806): Location: unknown | GPSNavigator running:true
04-03 23:13:24.341 I/System.out( 2806): Battery level: 98 | Time difference: -1
04-03 23:13:27.344 I/System.out( 2806): Location: unknown | GPSNavigator running:true
04-03 23:13:27.344 I/System.out( 2806): Battery level: 98 | Time difference: -1
04-03 23:13:30.337 I/System.out( 2806): Location: unknown | GPSNavigator running:true
04-03 23:13:30.337 I/System.out( 2806): Battery level: 98 | Time difference: -1
04-03 23:13:31.688 D/Sensors ( 1574): Enable akm: en = 1
04-03 23:13:33.340 I/System.out( 2806): Location: unknown | GPSNavigator running:true
04-03 23:13:33.340 I/System.out( 2806): Battery level: 98 | Time difference: -1
04-03 23:13:36.343 I/System.out( 2806): Location: unknown | GPSNavigator running:true
04-03 23:13:36.343 I/System.out( 2806): Battery level: 98 | Time difference: -1
04-03 23:13:39.336 I/System.out( 2806): Location: unknown | GPSNavigator running:true
04-03 23:13:39.336 I/System.out( 2806): Battery level: 98 | Time difference: -1
04-03 23:13:42.339 I/System.out( 2806): Location: unknown | GPSNavigator running:true
04-03 23:13:42.339 I/System.out( 2806): Battery level: 98 | Time difference: -1
04-03 23:13:45.342 I/System.out( 2806): Location: unknown | GPSNavigator running:true
04-03 23:13:45.342 I/System.out( 2806): Battery level: 98 | Time difference: -1
04-03 23:13:46.803 D/Sensors ( 1574): Enable akm: en = 1
04-03 23:13:48.345 I/System.out( 2806): Location: unknown | GPSNavigator running:true
04-03 23:13:48.345 I/System.out( 2806): Battery level: 98 | Time difference: -1
04-03 23:13:51.348 I/System.out( 2806): Location: unknown | GPSNavigator running:true
04-03 23:13:51.348 I/System.out( 2806): Battery level: 98 | Time difference: -1
04-03 23:13:54.341 I/System.out( 2806): Location: unknown | GPSNavigator running:true
04-03 23:13:54.341 I/System.out( 2806): Battery level: 98 | Time difference: -1
04-03 23:13:57.353 I/System.out( 2806): Location: unknown | GPSNavigator running:true
04-03 23:13:57.353 I/System.out( 2806): Battery level: 98 | Time difference: -1
04-03 23:14:00.346 I/System.out( 2806): Location: unknown | GPSNavigator running:true
04-03 23:14:00.346 I/System.out( 2806): Battery level: 98 | Time difference: -1
04-03 23:14:01.998 D/Sensors ( 1574): Enable akm: en = 1
04-03 23:14:03.349 I/System.out( 2806): Location: unknown | GPSNavigator running:true
04-03 23:14:03.349 I/System.out( 2806): Battery level: 98 | Time difference: -1
04-03 23:14:05.111 D/dalvikvm( 2554): GC_EXPLICIT freed 1K, 26% free 10379K/13895K, paused 8ms+2ms
04-03 23:14:06.352 I/System.out( 2806): Location: unknown | GPSNavigator running:true
04-03 23:14:06.352 I/System.out( 2806): Battery level: 98 | Time difference: -1
04-03 23:14:09.345 I/System.out( 2806): Location: unknown | GPSNavigator running:true
04-03 23:14:09.345 I/System.out( 2806): Battery level: 98 | Time difference: -1
04-03 23:14:12.348 I/System.out( 2806): Location: unknown | GPSNavigator running:true
04-03 23:14:12.348 I/System.out( 2806): Battery level: 98 | Time difference: -1
04-03 23:14:15.351 I/System.out( 2806): Location: unknown | GPSNavigator running:true
04-03 23:14:15.351 I/System.out( 2806): Battery level: 98 | Time difference: -1
04-03 23:14:17.073 D/Sensors ( 1574): Enable akm: en = 1
04-03 23:14:18.354 I/System.out( 2806): Location: unknown | GPSNavigator running:true
04-03 23:14:18.354 I/System.out( 2806): Battery level: 98 | Time difference: -1
04-03 23:14:21.177 D/UsbnetService( 1574): BroadcastReceiver::onReceive+
04-03 23:14:21.177 D/UsbnetService( 1574): onReceive BATTERY_CHANGED
04-03 23:14:21.177 D/UsbnetService( 1574):  --> pluggedType = 0, mPluggedType = 0, mScreenOff = false
04-03 23:14:21.177 D/UsbnetService( 1574): BroadcastReceiver::onReceive-
04-03 23:14:21.187 D/NotificationService( 1574): mIntentReceiver() Intent.ACTION_BATTERY_CHANGED
04-03 23:14:21.187 D/BatteryService( 1574): SendIntentforPowersaver
04-03 23:14:21.197 D/BatteryService( 1574): Current powersaver status == NORMAL_STATUS1 4 2 false
04-03 23:14:21.207 D/PowerUI ( 1648): plugged = false, health = 2, mBatteryLevel = 98, mPluggedBatteryLevel = 95, mLowBatteryWarningLevel2 = 25, mshowLowChargingWarning2 = true
04-03 23:14:21.217 D/RemoveMe( 1665): DCT got intent android.intent.action.BATTERY_CHANGED
04-03 23:14:21.217 D/RemoveMe( 1665): DCT got intent android.intent.action.BATTERY_CHANGED
04-03 23:14:21.217 D/RemoveMe( 1665): DCT got intent android.intent.action.BATTERY_CHANGED
04-03 23:14:21.347 I/System.out( 2806): Location: unknown | GPSNavigator running:true
04-03 23:14:21.347 I/System.out( 2806): Battery level: 98 | Time difference: -1
04-03 23:14:24.350 I/System.out( 2806): Location: unknown | GPSNavigator running:true
04-03 23:14:24.350 I/System.out( 2806): Battery level: 98 | Time difference: -1
04-03 23:14:27.353 I/System.out( 2806): Location: unknown | GPSNavigator running:true
04-03 23:14:27.353 I/System.out( 2806): Battery level: 98 | Time difference: -1
04-03 23:14:30.356 I/System.out( 2806): Location: unknown | GPSNavigator running:true
04-03 23:14:30.356 I/System.out( 2806): Battery level: 98 | Time difference: -1
04-03 23:14:32.117 D/Sensors ( 1574): Enable akm: en = 1
04-03 23:14:33.359 I/System.out( 2806): Location: unknown | GPSNavigator running:true
04-03 23:14:33.359 I/System.out( 2806): Battery level: 98 | Time difference: -1
04-03 23:14:36.352 I/System.out( 2806): Location: unknown | GPSNavigator running:true
04-03 23:14:36.352 I/System.out( 2806): Battery level: 98 | Time difference: -1
04-03 23:14:39.354 I/System.out( 2806): Location: unknown | GPSNavigator running:true
04-03 23:14:39.354 I/System.out( 2806): Battery level: 98 | Time difference: -1
04-03 23:14:42.357 I/System.out( 2806): Location: unknown | GPSNavigator running:true
04-03 23:14:42.357 I/System.out( 2806): Battery level: 98 | Time difference: -1
04-03 23:14:45.360 I/System.out( 2806): Location: unknown | GPSNavigator running:true
04-03 23:14:45.360 I/System.out( 2806): Battery level: 98 | Time difference: -1
04-03 23:14:47.202 D/Sensors ( 1574): Enable akm: en = 1
04-03 23:14:48.353 I/System.out( 2806): Location: unknown | GPSNavigator running:true
04-03 23:14:48.363 I/System.out( 2806): Battery level: 98 | Time difference: -1
04-03 23:14:51.196 D/UsbnetService( 1574): BroadcastReceiver::onReceive+
04-03 23:14:51.206 D/UsbnetService( 1574): onReceive BATTERY_CHANGED
04-03 23:14:51.206 D/UsbnetService( 1574):  --> pluggedType = 0, mPluggedType = 0, mScreenOff = false
04-03 23:14:51.206 D/UsbnetService( 1574): BroadcastReceiver::onReceive-
04-03 23:14:51.206 D/NotificationService( 1574): mIntentReceiver() Intent.ACTION_BATTERY_CHANGED
04-03 23:14:51.216 D/BatteryService( 1574): SendIntentforPowersaver
04-03 23:14:51.226 D/BatteryService( 1574): Current powersaver status == NORMAL_STATUS1 4 2 false
04-03 23:14:51.236 D/RemoveMe( 1665): DCT got intent android.intent.action.BATTERY_CHANGED
04-03 23:14:51.236 D/RemoveMe( 1665): DCT got intent android.intent.action.BATTERY_CHANGED
04-03 23:14:51.236 D/RemoveMe( 1665): DCT got intent android.intent.action.BATTERY_CHANGED
04-03 23:14:51.236 D/PowerUI ( 1648): plugged = false, health = 2, mBatteryLevel = 98, mPluggedBatteryLevel = 95, mLowBatteryWarningLevel2 = 25, mshowLowChargingWarning2 = true
04-03 23:14:51.356 I/System.out( 2806): Location: unknown | GPSNavigator running:true
04-03 23:14:51.356 I/System.out( 2806): Battery level: 98 | Time difference: -1
04-03 23:14:54.349 I/System.out( 2806): Location: unknown | GPSNavigator running:true
04-03 23:14:54.359 I/System.out( 2806): Battery level: 98 | Time difference: -1
04-03 23:14:57.362 I/System.out( 2806): Location: unknown | GPSNavigator running:true
04-03 23:14:57.362 I/System.out( 2806): Battery level: 98 | Time difference: -1
04-03 23:15:00.365 I/System.out( 2806): Location: unknown | GPSNavigator running:true
04-03 23:15:00.365 I/System.out( 2806): Battery level: 98 | Time difference: -1
04-03 23:15:02.277 D/Sensors ( 1574): Enable akm: en = 1
04-03 23:15:03.358 I/System.out( 2806): Location: unknown | GPSNavigator running:true
04-03 23:15:03.358 I/System.out( 2806): Battery level: 98 | Time difference: -1
04-03 23:15:06.361 I/System.out( 2806): Location: unknown | GPSNavigator running:true
04-03 23:15:06.361 I/System.out( 2806): Battery level: 98 | Time difference: -1
04-03 23:15:09.364 I/System.out( 2806): Location: unknown | GPSNavigator running:true
04-03 23:15:09.364 I/System.out( 2806): Battery level: 98 | Time difference: -1
04-03 23:15:12.367 I/System.out( 2806): Location: unknown | GPSNavigator running:true
04-03 23:15:12.367 I/System.out( 2806): Battery level: 98 | Time difference: -1
04-03 23:15:15.370 I/System.out( 2806): Location: unknown | GPSNavigator running:true
04-03 23:15:15.370 I/System.out( 2806): Battery level: 98 | Time difference: -1
04-03 23:15:17.442 D/Sensors ( 1574): Enable akm: en = 1
04-03 23:15:18.363 I/System.out( 2806): Location: unknown | GPSNavigator running:true
04-03 23:15:18.363 I/System.out( 2806): Battery level: 98 | Time difference: -1
04-03 23:15:21.355 I/System.out( 2806): Location: unknown | GPSNavigator running:true
04-03 23:15:21.355 I/System.out( 2806): Battery level: 98 | Time difference: -1
04-03 23:15:24.368 I/System.out( 2806): Location: unknown | GPSNavigator running:true
04-03 23:15:24.368 I/System.out( 2806): Battery level: 98 | Time difference: -1
04-03 23:15:27.371 I/System.out( 2806): Location: unknown | GPSNavigator running:true
04-03 23:15:27.371 I/System.out( 2806): Battery level: 98 | Time difference: -1
04-03 23:15:30.374 I/System.out( 2806): Location: unknown | GPSNavigator running:true
04-03 23:15:30.374 I/System.out( 2806): Battery level: 98 | Time difference: -1
04-03 23:15:32.526 D/Sensors ( 1574): Enable akm: en = 1
04-03 23:15:33.367 I/System.out( 2806): Location: unknown | GPSNavigator running:true
04-03 23:15:33.367 I/System.out( 2806): Battery level: 98 | Time difference: -1
04-03 23:15:36.370 I/System.out( 2806): Location: unknown | GPSNavigator running:true
04-03 23:15:36.370 I/System.out( 2806): Battery level: 98 | Time difference: -1
04-03 23:15:39.373 I/System.out( 2806): Location: unknown | GPSNavigator running:true
04-03 23:15:39.373 I/System.out( 2806): Battery level: 98 | Time difference: -1
04-03 23:15:42.366 I/System.out( 2806): Location: unknown | GPSNavigator running:true
04-03 23:15:42.366 I/System.out( 2806): Battery level: 98 | Time difference: -1
04-03 23:15:45.379 I/System.out( 2806): Location: unknown | GPSNavigator running:true
04-03 23:15:45.379 I/System.out( 2806): Battery level: 98 | Time difference: -1
04-03 23:15:47.581 D/Sensors ( 1574): Enable akm: en = 1
04-03 23:15:48.372 I/System.out( 2806): Location: unknown | GPSNavigator running:true
04-03 23:15:48.372 I/System.out( 2806): Battery level: 98 | Time difference: -1
04-03 23:15:51.245 D/UsbnetService( 1574): BroadcastReceiver::onReceive+
04-03 23:15:51.245 D/UsbnetService( 1574): onReceive BATTERY_CHANGED
04-03 23:15:51.245 D/UsbnetService( 1574):  --> pluggedType = 0, mPluggedType = 0, mScreenOff = false
04-03 23:15:51.245 D/UsbnetService( 1574): BroadcastReceiver::onReceive-
04-03 23:15:51.245 D/NotificationService( 1574): mIntentReceiver() Intent.ACTION_BATTERY_CHANGED
04-03 23:15:51.255 D/BatteryService( 1574): SendIntentforPowersaver
04-03 23:15:51.265 D/BatteryService( 1574): Current powersaver status == NORMAL_STATUS1 4 2 false
04-03 23:15:51.265 D/PowerUI ( 1648): plugged = false, health = 2, mBatteryLevel = 98, mPluggedBatteryLevel = 95, mLowBatteryWarningLevel2 = 25, mshowLowChargingWarning2 = true
04-03 23:15:51.275 D/RemoveMe( 1665): DCT got intent android.intent.action.BATTERY_CHANGED
04-03 23:15:51.285 D/RemoveMe( 1665): DCT got intent android.intent.action.BATTERY_CHANGED
04-03 23:15:51.295 D/RemoveMe( 1665): DCT got intent android.intent.action.BATTERY_CHANGED
04-03 23:15:51.375 I/System.out( 2806): Location: unknown | GPSNavigator running:true
04-03 23:15:51.375 I/System.out( 2806): Battery level: 98 | Time difference: -1
04-03 23:15:54.368 I/System.out( 2806): Location: unknown | GPSNavigator running:true
04-03 23:15:54.378 I/System.out( 2806): Battery level: 98 | Time difference: -1
04-03 23:15:57.381 I/System.out( 2806): Location: unknown | GPSNavigator running:true
04-03 23:15:57.381 I/System.out( 2806): Battery level: 98 | Time difference: -1
04-03 23:16:00.384 I/System.out( 2806): Location: unknown | GPSNavigator running:true
04-03 23:16:00.384 I/System.out( 2806): Battery level: 98 | Time difference: -1
04-03 23:16:02.686 D/Sensors ( 1574): Enable akm: en = 1
04-03 23:16:03.376 I/System.out( 2806): Location: unknown | GPSNavigator running:true
04-03 23:16:03.376 I/System.out( 2806): Battery level: 98 | Time difference: -1
04-03 23:16:05.118 D/dalvikvm( 2554): GC_EXPLICIT freed 1K, 26% free 10379K/13895K, paused 12ms+2ms
04-03 23:16:06.379 I/System.out( 2806): Location: unknown | GPSNavigator running:true
04-03 23:16:06.379 I/System.out( 2806): Battery level: 98 | Time difference: -1
04-03 23:16:09.382 I/System.out( 2806): Location: unknown | GPSNavigator running:true
04-03 23:16:09.382 I/System.out( 2806): Battery level: 98 | Time difference: -1
04-03 23:16:12.385 I/System.out( 2806): Location: unknown | GPSNavigator running:true
04-03 23:16:12.385 I/System.out( 2806): Battery level: 98 | Time difference: -1
04-03 23:16:15.378 I/System.out( 2806): Location: unknown | GPSNavigator running:true
04-03 23:16:15.378 I/System.out( 2806): Battery level: 98 | Time difference: -1
04-03 23:16:17.801 D/Sensors ( 1574): Enable akm: en = 1
04-03 23:16:18.381 I/System.out( 2806): Location: unknown | GPSNavigator running:true
04-03 23:16:18.381 I/System.out( 2806): Battery level: 98 | Time difference: -1
04-03 23:16:21.264 D/UsbnetService( 1574): BroadcastReceiver::onReceive+
04-03 23:16:21.264 D/UsbnetService( 1574): onReceive BATTERY_CHANGED
04-03 23:16:21.264 D/UsbnetService( 1574):  --> pluggedType = 0, mPluggedType = 0, mScreenOff = false
04-03 23:16:21.264 D/UsbnetService( 1574): BroadcastReceiver::onReceive-
04-03 23:16:21.274 D/BatteryService( 1574): SendIntentforPowersaver
04-03 23:16:21.274 D/NotificationService( 1574): mIntentReceiver() Intent.ACTION_BATTERY_CHANGED
04-03 23:16:21.284 D/BatteryService( 1574): Current powersaver status == NORMAL_STATUS1 4 2 false
04-03 23:16:21.304 D/RemoveMe( 1665): DCT got intent android.intent.action.BATTERY_CHANGED
04-03 23:16:21.304 D/RemoveMe( 1665): DCT got intent android.intent.action.BATTERY_CHANGED
04-03 23:16:21.304 D/RemoveMe( 1665): DCT got intent android.intent.action.BATTERY_CHANGED
04-03 23:16:21.304 D/PowerUI ( 1648): plugged = false, health = 2, mBatteryLevel = 97, mPluggedBatteryLevel = 95, mLowBatteryWarningLevel2 = 25, mshowLowChargingWarning2 = true
04-03 23:16:21.314 I/System.out( 2806): Battery level end is reached
04-03 23:16:21.384 I/System.out( 2806): Location: unknown | GPSNavigator running:true
04-03 23:16:21.384 I/System.out( 2806): Battery level: 97 | Time difference: 270
04-03 23:16:24.387 I/System.out( 2806): Location: unknown | GPSNavigator running:true
04-03 23:16:24.387 I/System.out( 2806): Battery level: 97 | Time difference: 270
04-03 23:16:27.380 I/System.out( 2806): Location: unknown | GPSNavigator running:true
04-03 23:16:27.380 I/System.out( 2806): Battery level: 97 | Time difference: 270
04-03 23:16:30.383 I/System.out( 2806): Location: unknown | GPSNavigator running:true
04-03 23:16:30.383 I/System.out( 2806): Battery level: 97 | Time difference: 270
04-03 23:16:32.935 D/Sensors ( 1574): Enable akm: en = 1
04-03 23:16:33.376 I/System.out( 2806): Location: unknown | GPSNavigator running:true
04-03 23:16:33.376 I/System.out( 2806): Battery level: 97 | Time difference: 270
04-03 23:16:35.298 D/dalvikvm( 2806): GC_CONCURRENT freed 425K, 9% free 6598K/7175K, paused 6ms+5ms
04-03 23:16:36.379 I/System.out( 2806): Location: unknown | GPSNavigator running:true
04-03 23:16:36.379 I/System.out( 2806): Battery level: 97 | Time difference: 270
04-03 23:16:39.382 I/System.out( 2806): Location: unknown | GPSNavigator running:true
04-03 23:16:39.382 I/System.out( 2806): Battery level: 97 | Time difference: 270
04-03 23:16:42.384 I/System.out( 2806): Location: unknown | GPSNavigator running:true
04-03 23:16:42.384 I/System.out( 2806): Battery level: 97 | Time difference: 270
04-03 23:16:45.387 I/System.out( 2806): Location: unknown | GPSNavigator running:true
04-03 23:16:45.387 I/System.out( 2806): Battery level: 97 | Time difference: 270
04-03 23:16:47.980 D/Sensors ( 1574): Enable akm: en = 1
04-03 23:16:48.380 I/System.out( 2806): Location: unknown | GPSNavigator running:true
04-03 23:16:48.380 I/System.out( 2806): Battery level: 97 | Time difference: 270
04-03 23:16:51.303 D/UsbnetService( 1574): BroadcastReceiver::onReceive+
04-03 23:16:51.303 D/UsbnetService( 1574): onReceive BATTERY_CHANGED
04-03 23:16:51.303 D/UsbnetService( 1574):  --> pluggedType = 0, mPluggedType = 0, mScreenOff = false
04-03 23:16:51.303 D/UsbnetService( 1574): BroadcastReceiver::onReceive-
04-03 23:16:51.303 D/NotificationService( 1574): mIntentReceiver() Intent.ACTION_BATTERY_CHANGED
04-03 23:16:51.313 D/BatteryService( 1574): SendIntentforPowersaver
04-03 23:16:51.323 D/BatteryService( 1574): Current powersaver status == NORMAL_STATUS1 4 2 false
04-03 23:16:51.333 D/PowerUI ( 1648): plugged = false, health = 2, mBatteryLevel = 97, mPluggedBatteryLevel = 95, mLowBatteryWarningLevel2 = 25, mshowLowChargingWarning2 = true
04-03 23:16:51.333 D/RemoveMe( 1665): DCT got intent android.intent.action.BATTERY_CHANGED
04-03 23:16:51.343 D/RemoveMe( 1665): DCT got intent android.intent.action.BATTERY_CHANGED
04-03 23:16:51.343 D/RemoveMe( 1665): DCT got intent android.intent.action.BATTERY_CHANGED
04-03 23:16:51.383 I/System.out( 2806): Location: unknown | GPSNavigator running:true
04-03 23:16:51.383 I/System.out( 2806): Battery level: 97 | Time difference: 270
04-03 23:16:54.386 I/System.out( 2806): Location: unknown | GPSNavigator running:true
04-03 23:16:54.386 I/System.out( 2806): Battery level: 97 | Time difference: 270
04-03 23:16:57.389 I/System.out( 2806): Location: unknown | GPSNavigator running:true
04-03 23:16:57.389 I/System.out( 2806): Battery level: 97 | Time difference: 270
04-03 23:17:00.392 I/System.out( 2806): Location: unknown | GPSNavigator running:true
04-03 23:17:00.392 I/System.out( 2806): Battery level: 97 | Time difference: 270
04-03 23:17:00.612 D/SntpClient( 1574): requestTime: called by Thread[ThrottleService,5,main], failed: java.net.UnknownHostException: Unable to resolve host "north-america.pool.ntp.org": No address associated with hostname
04-03 23:17:00.612 D/NetdConnector( 1574): listenToSocket read--: (6,0)
04-03 23:17:00.622 D/NetdConnector( 1574): RCV <- {216 0}
04-03 23:17:00.622 D/NetdConnector( 1574): doCommand++ (Wait Response)
04-03 23:17:00.622 D/NetdConnector( 1574): listenToSocket read++
04-03 23:17:00.622 D/NetdConnector( 1574): RSP <- {216 0}
04-03 23:17:00.622 D/NetdConnector( 1574): miNoRespCnt=0
04-03 23:17:00.622 D/NetdConnector( 1574): doCommand-- (complete)
04-03 23:17:00.632 D/NetdConnector( 1574): listenToSocket read--: (6,0)
04-03 23:17:00.632 D/NetdConnector( 1574): RCV <- {217 0}
04-03 23:17:00.632 D/NetdConnector( 1574): doCommand++ (Wait Response)
04-03 23:17:00.632 D/NetdConnector( 1574): listenToSocket read++
04-03 23:17:00.632 D/NetdConnector( 1574): RSP <- {217 0}
04-03 23:17:00.632 D/NetdConnector( 1574): miNoRespCnt=0
04-03 23:17:00.632 D/NetdConnector( 1574): doCommand-- (complete)
04-03 23:17:00.652 D/SntpClient( 1574): requestTime: called by Thread[ThrottleService,5,main], failed: java.net.UnknownHostException: Unable to resolve host "north-america.pool.ntp.org": No address associated with hostname
04-03 23:17:00.652 D/SntpClient( 1574): requestTime: called by Thread[ThrottleService,5,main], failed: java.net.UnknownHostException: Unable to resolve host "north-america.pool.ntp.org": No address associated with hostname
04-03 23:17:03.095 D/Sensors ( 1574): Enable akm: en = 1
04-03 23:17:03.395 I/System.out( 2806): Location: unknown | GPSNavigator running:true
04-03 23:17:03.395 I/System.out( 2806): Battery level: 97 | Time difference: 270
04-03 23:17:06.388 I/System.out( 2806): Location: unknown | GPSNavigator running:true
04-03 23:17:06.388 I/System.out( 2806): Battery level: 97 | Time difference: 270
04-03 23:17:09.391 I/System.out( 2806): Location: unknown | GPSNavigator running:true
04-03 23:17:09.391 I/System.out( 2806): Battery level: 97 | Time difference: 270
04-03 23:17:12.394 I/System.out( 2806): Location: unknown | GPSNavigator running:true
04-03 23:17:12.394 I/System.out( 2806): Battery level: 97 | Time difference: 270
04-03 23:17:15.387 I/System.out( 2806): Location: unknown | GPSNavigator running:true
04-03 23:17:15.387 I/System.out( 2806): Battery level: 97 | Time difference: 270
04-03 23:17:18.199 D/Sensors ( 1574): Enable akm: en = 1
04-03 23:17:18.390 I/System.out( 2806): Location: unknown | GPSNavigator running:true
04-03 23:17:18.390 I/System.out( 2806): Battery level: 97 | Time difference: 270
04-03 23:17:21.332 D/UsbnetService( 1574): BroadcastReceiver::onReceive+
04-03 23:17:21.332 D/UsbnetService( 1574): onReceive BATTERY_CHANGED
04-03 23:17:21.332 D/UsbnetService( 1574):  --> pluggedType = 0, mPluggedType = 0, mScreenOff = false
04-03 23:17:21.332 D/UsbnetService( 1574): BroadcastReceiver::onReceive-
04-03 23:17:21.332 D/NotificationService( 1574): mIntentReceiver() Intent.ACTION_BATTERY_CHANGED
04-03 23:17:21.343 D/BatteryService( 1574): SendIntentforPowersaver
04-03 23:17:21.363 D/BatteryService( 1574): Current powersaver status == NORMAL_STATUS1 4 2 false
04-03 23:17:21.363 D/RemoveMe( 1665): DCT got intent android.intent.action.BATTERY_CHANGED
04-03 23:17:21.363 D/PowerUI ( 1648): plugged = false, health = 2, mBatteryLevel = 97, mPluggedBatteryLevel = 95, mLowBatteryWarningLevel2 = 25, mshowLowChargingWarning2 = true
04-03 23:17:21.373 D/RemoveMe( 1665): DCT got intent android.intent.action.BATTERY_CHANGED
04-03 23:17:21.373 D/RemoveMe( 1665): DCT got intent android.intent.action.BATTERY_CHANGED
04-03 23:17:21.393 I/System.out( 2806): Location: unknown | GPSNavigator running:true
04-03 23:17:21.393 I/System.out( 2806): Battery level: 97 | Time difference: 270
04-03 23:17:24.395 I/System.out( 2806): Location: unknown | GPSNavigator running:true
04-03 23:17:24.395 I/System.out( 2806): Battery level: 97 | Time difference: 270
04-03 23:17:27.398 I/System.out( 2806): Location: unknown | GPSNavigator running:true
04-03 23:17:27.398 I/System.out( 2806): Battery level: 97 | Time difference: 270
04-03 23:17:30.391 I/System.out( 2806): Location: unknown | GPSNavigator running:true
04-03 23:17:30.391 I/System.out( 2806): Battery level: 97 | Time difference: 270
04-03 23:17:33.264 D/Sensors ( 1574): Enable akm: en = 1
04-03 23:17:33.394 I/System.out( 2806): Location: unknown | GPSNavigator running:true
04-03 23:17:33.394 I/System.out( 2806): Battery level: 97 | Time difference: 270
04-03 23:17:36.387 I/System.out( 2806): Location: unknown | GPSNavigator running:true
04-03 23:17:36.387 I/System.out( 2806): Battery level: 97 | Time difference: 270
04-03 23:17:39.400 I/System.out( 2806): Location: unknown | GPSNavigator running:true
04-03 23:17:39.400 I/System.out( 2806): Battery level: 97 | Time difference: 270
04-03 23:17:40.832 V/LocationManagerService( 1574): requestLocationUpdates
04-03 23:17:40.832 D/GpsLocationProvider( 1574): addListener+ @id: 10115
04-03 23:17:40.832 D/GpsLocationProvider( 1574): [handleMessage] message :8
04-03 23:17:40.832 V/LocationManagerService( 1574): _requestLocationUpdates: listener = Receiver{411ada70 Listener android.os.BinderProxy@411ada28}mUpdateRecords: {}
04-03 23:17:40.832 V/LocationManagerService( 1574): requestLocationUpdatesLocked: updateProvidersLocked
04-03 23:17:40.842 D/GpsLocationProvider( 1574): setMinTime 0
04-03 23:17:40.842 V/GpsLocationProvider( 1574): enableLocationTracking ++
04-03 23:17:40.842 D/GpsLocationProvider( 1574): [shen] debug
04-03 23:17:40.842 V/LocationManagerService( 1574): _requestLocationUpdates: provider = gps listener = Receiver{411ada70 Listener android.os.BinderProxy@411ada28}mUpdateRecords: {gps=UpdateRecord{411ae210 mProvider: gps mUid: 10115}}
04-03 23:17:40.852 D/GpsLocationProvider( 1574): [handleMessage] ADD_LISTENER
04-03 23:17:40.852 D/GpsLocationProvider( 1574): addListener(uk.ac.st_andrews.cs.host.mk74.locygpslocalization)
04-03 23:17:40.852 D/GpsLocationProvider( 1574): [handleMessage] message :3
04-03 23:17:40.852 D/GpsLocationProvider( 1574): [handleMessage] ENABLE_TRACKING
04-03 23:17:40.852 D/GpsLocationProvider( 1574): startNavigating
04-03 23:17:40.852 D/GpsLocationProvider( 1574): HtcBuildFlag.HtcCIQFlag(FALSE)
04-03 23:17:40.852 D/lib_locapi( 1574): [GPS:] loc_eng_set_qos_time_out(standalone = 60000, agps = 89000)
04-03 23:17:40.852 V/GpsLocationProvider( 1574): set_agps_qos_time_out complete
04-03 23:17:40.852 D/GpsLocationProvider( 1574): GpsLocationProvider_set_position_mode
04-03 23:17:40.852 D/lib_locapi( 1574): [loc_eng_set_position_mode] host strcmp:15
04-03 23:17:40.852 D/lib_locapi( 1574): [GPS:] loc_eng_set_position mode, client = 1, interval = 1000, mode = 1
04-03 23:17:40.852 D/lib_locapi( 1574): [GPS:] htc_set_qos_accuracy(accuracy = 50)
04-03 23:17:40.852 D/lib_locapi( 1574): [GPS:] loc_eng_set_position mode: GPS_POSITION_MODE_MS_BASED
04-03 23:17:40.852 D/lib_locapi( 1574): [GPS:] loc_eng_set_position mode before IOCTL, interval=1000, mode =2 preferred_accuracy=50, qos_timeout_standalone=89000, recurrence_type=2
04-03 23:17:40.852 V/lib_locapi( 1574): loc_eng_ioctl called: client = 1, ioctl_type = 2
04-03 23:17:40.852 D/locapi_rpc_glue( 1574): loc_ioctl
04-03 23:17:40.852 D/RPC     ( 1574): written RPC packet size: [96]
04-03 23:17:40.862 D/RPC     ( 1574): read RPC packet
04-03 23:17:40.862 D/RPC     ( 1574): read RPC packet size: [28]
04-03 23:17:40.862 D/RPC     ( 1574): read RPC packet
04-03 23:17:40.862 D/RPC     ( 1574): read RPC packet size: [80]
04-03 23:17:40.862 V/locapi_rpc_glue( 1574): Callback received: 80 (cb_id=0x6260000 handle=1)
04-03 23:17:40.862 V/locapi_rpc_glue( 1574): +loc_api_callback_process_sync_call
04-03 23:17:40.862 V/locapi_rpc_glue( 1574): loc_api_callback_process_sync_call: callback arrives before wait, slot i=0
04-03 23:17:40.862 V/locapi_rpc_glue( 1574): -loc_api_callback_process_sync_call
04-03 23:17:40.862 D/RPC     ( 1574): written RPC packet size: [28]
04-03 23:17:40.862 V/locapi_rpc_glue( 1574): loc_api_sync_ioctl: select_id = 0, loc_ioctl returned 0
04-03 23:17:40.862 V/locapi_rpc_glue( 1574): +loc_wait_callback: select_id: 0
04-03 23:17:40.862 V/locapi_rpc_glue( 1574): -loc_wait_callback: cb has arrived
04-03 23:17:40.862 V/lib_locapi( 1574): loc_eng_ioctl result: client = 1, ioctl_type = 2, SUCCESS
04-03 23:17:40.862 V/GpsLocationProvider( 1574): set_position_mode complete
04-03 23:17:40.862 D/lib_locapi( 1574): [GPS:] loc_eng_start
04-03 23:17:40.862 D/locapi_rpc_glue( 1574): loc_start_fix
04-03 23:17:40.862 D/RPC     ( 1574): written RPC packet size: [44]
04-03 23:17:40.862 D/RPC     ( 1574): read RPC packet
04-03 23:17:40.862 D/RPC     ( 1574): read RPC packet size: [28]
04-03 23:17:40.862 D/GpsLocationProvider( 1574): reset SV count to zero
04-03 23:17:40.862 D/RPC     ( 1574): read RPC packet
04-03 23:17:40.862 D/RPC     ( 1574): read RPC packet size: [80]
04-03 23:17:40.872 V/locapi_rpc_glue( 1574): Callback received: 100 (cb_id=0x6260000 handle=1)
04-03 23:17:40.872 V/locapi_rpc_glue( 1574): +loc_api_callback_process_sync_call
04-03 23:17:40.872 V/locapi_rpc_glue( 1574): -loc_api_callback_process_sync_call, no sync call in use
04-03 23:17:40.872 D/lib_locapi( 1574): [GPS:] loc_eng_report_status: GPS_STATUS_SESSION_BEGIN
04-03 23:17:40.872 D/lib_locapi( 1574): [GPS:] loc_eng_report_status: issue callback with status 1
04-03 23:17:40.872 V/GpsLocationProvider( 1574): reportStatus status: 0
04-03 23:17:40.872 D/GpsLocationProvider( 1574): [reportStatus] mNavigating:false mEngineOn:false mDownloadXtraDataPending:true
04-03 23:17:40.872 D/GpsLocationProvider( 1574): [reportStatus] trigger DOWNLOAD_XTRA_DATA
04-03 23:17:40.872 D/lib_locapi( 1574): [GPS:] loc_eng_report_status: update status
04-03 23:17:40.872 V/GpsLocationProvider( 1574): reportStatus status: 1
04-03 23:17:40.872 W/GpsLocationProvider( 1574): GPS notify that the GPS has been change action
04-03 23:17:40.892 W/GpsLocationProvider( 1574): GPS_ENABLED_CHANGE_ACTION: android.location.GPS_ENABLED_CHANGE EXTRA_GPS_ENABLED: enabled
04-03 23:17:40.892 D/GpsLocationProvider( 1574): [reportStatus] mNavigating:true mEngineOn:false mDownloadXtraDataPending:true
04-03 23:17:40.892 D/RPC     ( 1574): written RPC packet size: [28]
04-03 23:17:40.892 D/GpsLocationProvider( 1574): [handleMessage] message :6
04-03 23:17:40.902 D/GpsLocationProvider( 1574): [handleMessage] DOWNLOAD_XTRA_DATA mSupportsXtra:true
04-03 23:17:40.902 D/GpsLocationProvider( 1574): handleDownloadXtraData+++
04-03 23:17:40.902 D/GpsLocationProvider( 1574): [handleDownloadXtraData] mNetworkAvailable:false mDisableXtraDownload:false mNavigating:true mEngineOn:false
04-03 23:17:40.902 D/GpsLocationProvider( 1574): [handleDownloadXtraData] pending until Network available or GPS Engine stop
04-03 23:17:40.912 D/ActivityManager( 1574): isSketcherDisabledInCurrentTask():false, ActivityRecord{4097ef80 uk.ac.st_andrews.cs.host.mk74.locygpslocalization/.MainActivity}
04-03 23:17:40.932 D/SurfaceFlinger( 1438): getTokenForSurface(0xab274) => 1 (client=0xa3ce0, bitmap=00000003), pid=1648
04-03 23:17:40.932 D/msm7x30.gralloc( 1438): gpu_context_t::getGrallocInformationFromFormat  1 
04-03 23:17:41.052 D/RPC     ( 1574): read RPC packet
04-03 23:17:41.052 D/RPC     ( 1574): read RPC packet size: [80]
04-03 23:17:41.052 V/locapi_rpc_glue( 1574): Callback received: 100 (cb_id=0x6260000 handle=1)
04-03 23:17:41.052 V/locapi_rpc_glue( 1574): +loc_api_callback_process_sync_call
04-03 23:17:41.052 V/locapi_rpc_glue( 1574): -loc_api_callback_process_sync_call, no sync call in use
04-03 23:17:41.062 D/lib_locapi( 1574): [GPS:] loc_eng_report_status: GPS_STATUS_ENGINE_ON
04-03 23:17:41.062 D/lib_locapi( 1574): [GPS:] loc_eng_report_status: issue callback with status 3
04-03 23:17:41.062 V/GpsLocationProvider( 1574): reportStatus status: 0
04-03 23:17:41.062 D/GpsLocationProvider( 1574): [reportStatus] mNavigating:true mEngineOn:false mDownloadXtraDataPending:true
04-03 23:17:41.062 V/GpsLocationProvider( 1574): reportStatus status: 0
04-03 23:17:41.062 D/GpsLocationProvider( 1574): [reportStatus] mNavigating:true mEngineOn:false mDownloadXtraDataPending:true
04-03 23:17:41.062 D/lib_locapi( 1574): [GPS:] loc_eng_report_status: update status
04-03 23:17:41.062 V/GpsLocationProvider( 1574): reportStatus status: 3
04-03 23:17:41.062 D/GpsLocationProvider( 1574): [reportStatus] mNavigating:true mEngineOn:true mDownloadXtraDataPending:true
04-03 23:17:41.062 D/RPC     ( 1574): written RPC packet size: [28]
04-03 23:17:41.242 D/msm7x30.gralloc( 1438): gpu_context_t::getGrallocInformationFromFormat  1 
04-03 23:17:42.403 I/System.out( 2806): Location: unknown | GPSNavigator running:true
04-03 23:17:42.403 I/System.out( 2806): Battery level: 97 | Time difference: 270
04-03 23:17:42.683 D/RPC     ( 1574): read RPC packet
04-03 23:17:42.683 D/RPC     ( 1574): read RPC packet size: [272]
04-03 23:17:42.683 V/locapi_rpc_glue( 1574): Callback received: 4 (cb_id=0x6260000 handle=1)
04-03 23:17:42.683 V/locapi_rpc_glue( 1574): +loc_api_callback_process_sync_call
04-03 23:17:42.683 V/locapi_rpc_glue( 1574): -loc_api_callback_process_sync_call, no sync call in use
04-03 23:17:42.683 D/RPC     ( 1574): written RPC packet size: [28]
