04-03 23:09:44.297 D/dalvikvm( 1574): GC_EXPLICIT freed 155K, 12% free 15895K/18055K, paused 2ms+3ms
04-03 23:09:44.307 D/AndroidRuntime( 2683): Shutting down VM
04-03 23:09:44.317 D/CombinedWidgetProvider( 2554): addFxWidget: WidgetSummary(Locations/FX_WIDGET/[I@40c65378 x [I@40c65398/-2/ComponentInfo{com.htc.laputa.widget3d.locations/com.htc.laputa.widget3d.locations.LocationsWidgetProvider}/[I@40c653b8)
04-03 23:09:44.317 D/FxWidgetProvider( 2554): row 1
04-03 23:09:44.327 D/dalvikvm( 2683): GC_CONCURRENT freed 105K, 83% free 364K/2048K, paused 0ms+1ms
04-03 23:09:44.327 D/jdwp    ( 2683): Got wake-up signal, bailing out of select
04-03 23:09:44.327 D/dalvikvm( 2683): Debugger has detached; object registry had 1 entries
04-03 23:09:44.337 D/CombinedWidgetProvider( 2554): addFxWidget: WidgetSummary(News/FX_WIDGET/[I@40c66708 x [I@40c66728/-2/ComponentInfo{com.htc.googlereaderwidget/com.htc.googlereaderwidget.RosieWidgetReceiver}/[I@40c66748)
04-03 23:09:44.337 D/FxWidgetProvider( 2554): row 1
04-03 23:09:44.337 D/CombinedWidgetProvider( 2554): addFxWidget: WidgetSummary(News/FX_WIDGET/[I@40c67a38 x [I@40c67a58/-2/ComponentInfo{com.htc.googlereaderwidget/com.htc.googlereaderwidget.RosieWidgetReceiver}/[I@40c67a78)
04-03 23:09:44.347 D/FxWidgetProvider( 2554): row 1
04-03 23:09:44.347 D/CombinedWidgetProvider( 2554): addFxWidget: WidgetSummary(Data Dashboard/FX_WIDGET/[I@40c68f68 x [I@40c68f88/-2/ComponentInfo{com.htc.rosiewidgets.datastrip/com.htc.rosiewidgets.datastrip.DataStripWidgetProvider}/[I@40c68fa8)
04-03 23:09:44.347 D/FxWidgetProvider( 2554): row 1
04-03 23:09:44.357 D/CombinedWidgetProvider( 2554): addFxWidget: WidgetSummary(Data Roaming/FX_WIDGET/[I@40c6a430 x [I@40c6a450/-2/ComponentInfo{com.htc.rosiewidgets.dataroaming/com.htc.rosiewidgets.dataroaming.WidgetProvider}/[I@40c6a470)
04-03 23:09:44.357 D/FxWidgetProvider( 2554): row 1
04-03 23:09:44.357 D/CombinedWidgetProvider( 2554): addFxWidget: WidgetSummary(Analog Clock/FX_WIDGET/[I@40c6b990 x [I@40c6b9b0/-2/ComponentInfo{com.htc.clock3dwidget/com.htc.clock3dwidget.ClockWidgetProvider}/[I@40c6b9d0)
04-03 23:09:44.357 D/FxWidgetProvider( 2554): row 1
04-03 23:09:44.367 D/CombinedWidgetProvider( 2554): addFxWidget: WidgetSummary(Analog Clock/FX_WIDGET/[I@40c6cca8 x [I@40c6ccc8/-2/ComponentInfo{com.htc.clock3dwidget/com.htc.clock3dwidget.ClockWidgetProvider}/[I@40c6cce8)
04-03 23:09:44.367 D/FxWidgetProvider( 2554): row 1
04-03 23:09:44.377 D/CombinedWidgetProvider( 2554): addFxWidget: WidgetSummary(Weather Clock/FX_WIDGET/[I@40c6dfc0 x [I@40c6dfe0/-2/ComponentInfo{com.htc.clock3dwidget/com.htc.clock3dwidget.ClockWidgetProvider}/[I@40c6e000)
04-03 23:09:44.377 D/FxWidgetProvider( 2554): row 1
04-03 23:09:44.377 D/CombinedWidgetProvider( 2554): addFxWidget: WidgetSummary(Travel Clock/FX_WIDGET/[I@40c6f380 x [I@40c6f3a0/-2/ComponentInfo{com.htc.clock3dwidget/com.htc.clock3dwidget.ClockWidgetProvider}/[I@40c6f3c0)
04-03 23:09:44.377 D/FxWidgetProvider( 2554): row 1
04-03 23:09:44.377 D/CombinedWidgetProvider( 2554): addFxWidget: WidgetSummary(Digital Clock/FX_WIDGET/[I@40c707a8 x [I@40c707c8/-2/ComponentInfo{com.htc.clock3dwidget/com.htc.clock3dwidget.ClockWidgetProvider}/[I@40c707e8)
04-03 23:09:44.387 D/FxWidgetProvider( 2554): row 1
04-03 23:09:44.387 D/CombinedWidgetProvider( 2554): addFxWidget: WidgetSummary(Analog Clock/FX_WIDGET/[I@40c71ac8 x [I@40c71ae8/-2/ComponentInfo{com.htc.clock3dwidget/com.htc.clock3dwidget.ClockWidgetProvider}/[I@40c71b08)
04-03 23:09:44.387 D/FxWidgetProvider( 2554): row 1
04-03 23:09:44.387 D/CombinedWidgetProvider( 2554): addFxWidget: WidgetSummary(Analog Clock/FX_WIDGET/[I@40c72ef0 x [I@40c72f10/-2/ComponentInfo{com.htc.clock3dwidget/com.htc.clock3dwidget.ClockWidgetProvider}/[I@40c72f30)
04-03 23:09:44.397 D/FxWidgetProvider( 2554): row 1
04-03 23:09:44.397 D/CombinedWidgetProvider( 2554): addFxWidget: WidgetSummary(Analog Clock/FX_WIDGET/[I@40c74280 x [I@40c742a0/-2/ComponentInfo{com.htc.clock3dwidget/com.htc.clock3dwidget.ClockWidgetProvider}/[I@40c742c0)
04-03 23:09:44.397 D/FxWidgetProvider( 2554): row 1
04-03 23:09:44.407 D/CombinedWidgetProvider( 2554): addFxWidget: WidgetSummary(Analog Clock/FX_WIDGET/[I@40c75610 x [I@40c75630/-2/ComponentInfo{com.htc.clock3dwidget/com.htc.clock3dwidget.ClockWidgetProvider}/[I@40c75650)
04-03 23:09:44.407 D/FxWidgetProvider( 2554): row 1
04-03 23:09:44.417 D/CombinedWidgetProvider( 2554): addFxWidget: WidgetSummary(Analog Clock/FX_WIDGET/[I@40c769a0 x [I@40c769c0/-2/ComponentInfo{com.htc.clock3dwidget/com.htc.clock3dwidget.ClockWidgetProvider}/[I@40c769e0)
04-03 23:09:44.417 D/FxWidgetProvider( 2554): row 1
04-03 23:09:44.417 D/CombinedWidgetProvider( 2554): addFxWidget: WidgetSummary(Analog Clock/FX_WIDGET/[I@40c77e00 x [I@40c77e20/-2/ComponentInfo{com.htc.clock3dwidget/com.htc.clock3dwidget.ClockWidgetProvider}/[I@40c77e40)
04-03 23:09:44.417 D/FxWidgetProvider( 2554): row 1
04-03 23:09:44.437 I/DEBUG   ( 1437): tid 2792 does not exist in pid 2683. ignoring debug request
04-03 23:09:44.437 D/CombinedWidgetProvider( 2554): addFxWidget: WidgetSummary(Analog Clock/FX_WIDGET/[I@40c793b8 x [I@40c793d8/-2/ComponentInfo{com.htc.clock3dwidget/com.htc.clock3dwidget.ClockWidgetProvider}/[I@40c793f8)
04-03 23:09:44.437 D/FxWidgetProvider( 2554): row 1
04-03 23:09:44.447 D/CombinedWidgetProvider( 2554): addFxWidget: WidgetSummary(Social Clock/FX_WIDGET/[I@40c7a970 x [I@40c7a990/-2/ComponentInfo{com.htc.clock3dwidget/com.htc.clock3dwidget.ClockWidgetProvider}/[I@40c7a9b0)
04-03 23:09:44.447 D/FxWidgetProvider( 2554): row 1
04-03 23:09:44.467 D/CombinedWidgetProvider( 2554): addFxWidget: WidgetSummary(Beam Clock/FX_WIDGET/[I@40c7be88 x [I@40c7bea8/-2/ComponentInfo{com.htc.clock3dwidget/com.htc.clock3dwidget.ClockWidgetProvider}/[I@40c7bec8)
04-03 23:09:44.467 D/FxWidgetProvider( 2554): row 1
04-03 23:09:44.467 D/CombinedWidgetProvider( 2554): addFxWidget: WidgetSummary(Ring Clock/FX_WIDGET/[I@40c7d398 x [I@40c7d3b8/-2/ComponentInfo{com.htc.clock3dwidget/com.htc.clock3dwidget.ClockWidgetProvider}/[I@40c7d3d8)
04-03 23:09:44.477 D/FxWidgetProvider( 2554): row 1
04-03 23:09:44.477 D/CombinedWidgetProvider( 2554): addFxWidget: WidgetSummary(Spin Cycle Clock/FX_WIDGET/[I@40c7e8a8 x [I@40c7e8c8/-2/ComponentInfo{com.htc.clock3dwidget/com.htc.clock3dwidget.ClockWidgetProvider}/[I@40c7e8e8)
04-03 23:09:44.477 D/FxWidgetProvider( 2554): row 1
04-03 23:09:44.487 D/CombinedWidgetProvider( 2554): addFxWidget: WidgetSummary(Analog Clock/FX_WIDGET/[I@40c7fed0 x [I@40c7fef0/-2/ComponentInfo{com.htc.clock3dwidget/com.htc.clock3dwidget.ClockWidgetProvider}/[I@40c7ff10)
04-03 23:09:44.487 D/FxWidgetProvider( 2554): row 1
04-03 23:09:44.487 D/CombinedWidgetProvider( 2554): addFxWidget: WidgetSummary(Calculator/FX_WIDGET/[I@40c813f0 x [I@40c81410/-2/ComponentInfo{com.htc.android.fusion.calculator/com.htc.android.fusion.calculator.RosieIntentReceiver}/[I@40c81430)
04-03 23:09:44.497 D/FxWidgetProvider( 2554): row 1
04-03 23:09:44.497 D/CombinedWidgetProvider( 2554): addFxWidget: WidgetSummary(Calculator/FX_WIDGET/[I@40c82b70 x [I@40c82b90/-2/ComponentInfo{com.htc.android.fusion.calculator/com.htc.android.fusion.calculator.RosieIntentReceiver}/[I@40c82bb0)
04-03 23:09:44.497 D/FxWidgetProvider( 2554): row 1
04-03 23:09:44.507 D/CombinedWidgetProvider( 2554): addFxWidget: WidgetSummary(Calculator/FX_WIDGET/[I@40c84178 x [I@40c84198/-2/ComponentInfo{com.htc.android.fusion.calculator/com.htc.android.fusion.calculator.RosieIntentReceiver}/[I@40c841b8)
04-03 23:09:44.507 D/FxWidgetProvider( 2554): row 1
04-03 23:09:44.517 D/CombinedWidgetProvider( 2554): addFxWidget: WidgetSummary(Calculator/FX_WIDGET/[I@40c85858 x [I@40c85878/-2/ComponentInfo{com.htc.android.fusion.calculator/com.htc.android.fusion.calculator.RosieIntentReceiver}/[I@40c85898)
04-03 23:09:44.517 D/FxWidgetProvider( 2554): row 1
04-03 23:09:44.517 D/CombinedWidgetProvider( 2554): addFxWidget: WidgetSummary(Auto-sync/FX_WIDGET/[I@40c86fe8 x [I@40c87008/-2/ComponentInfo{com.htc.rosiewidgets.backgrounddata/com.htc.rosiewidgets.backgrounddata.BackgroundDataWidgetProvider}/[I@40c87028)
04-03 23:09:44.517 D/FxWidgetProvider( 2554): row 1
04-03 23:09:44.527 D/CombinedWidgetProvider( 2554): addFxWidget: WidgetSummary(Auto-rotate/FX_WIDGET/[I@40c886b0 x [I@40c886d0/-2/ComponentInfo{com.htc.autorotatewidget/com.htc.autorotatewidget.AutoRotateWidgetProvider}/[I@40c886f0)
04-03 23:09:44.527 D/FxWidgetProvider( 2554): row 1
04-03 23:09:44.537 D/CombinedWidgetProvider( 2554): addFxWidget: WidgetSummary(Stocks/FX_WIDGET/[I@40c89b30 x [I@40c89b50/-2/ComponentInfo{com.htc.android.fusion.StockWidget/com.htc.android.fusion.StockWidget.RosieWidgetReceiver}/[I@40c89b70)
04-03 23:09:44.537 D/FxWidgetProvider( 2554): row 1
04-03 23:09:44.537 D/CombinedWidgetProvider( 2554): addFxWidget: WidgetSummary(Stocks/FX_WIDGET/[I@40c8b198 x [I@40c8b1b8/-2/ComponentInfo{com.htc.android.fusion.StockWidget/com.htc.android.fusion.StockWidget.RosieWidgetReceiver}/[I@40c8b1d8)
04-03 23:09:44.547 D/FxWidgetProvider( 2554): row 1
04-03 23:09:44.547 D/SqliteDatabaseCpp( 2783): dbopen(): path = /data/data/com.htc.pen/databases , key = hej, flag = 6, file size = 15360
04-03 23:09:44.547 D/CombinedWidgetProvider( 2554): addFxWidget: WidgetSummary(Stocks/FX_WIDGET/[I@40c8c8a8 x [I@40c8c8c8/-2/ComponentInfo{com.htc.android.fusion.StockWidget/com.htc.android.fusion.StockWidget.RosieWidgetReceiver}/[I@40c8c8e8)
04-03 23:09:44.547 D/CombinedWidgetProvider( 2554): -addFxWidgets diff: 1996
04-03 23:09:44.557 D/CombinedWidgetProvider( 2554): +addAppWidgetCategories
04-03 23:09:44.557 D/CombinedWidgetProvider( 2554): add AppWidget category: WidgetCategory(YouTube/APP_WIDGET/0)
04-03 23:09:44.557 D/CombinedWidgetProvider( 2554): add AppWidget category: WidgetCategory(Twitter (large)/APP_WIDGET/0)
04-03 23:09:44.557 D/CombinedWidgetProvider( 2554): add AppWidget category: WidgetCategory(Twitter (small)/APP_WIDGET/0)
04-03 23:09:44.557 D/CombinedWidgetProvider( 2554): add AppWidget category: WidgetCategory(Traffic/APP_WIDGET/0)
04-03 23:09:44.557 D/CombinedWidgetProvider( 2554): add AppWidget category: WidgetCategory(Latitude/APP_WIDGET/0)
04-03 23:09:44.557 D/CombinedWidgetProvider( 2554): add AppWidget category: WidgetCategory(Market/APP_WIDGET/0)
04-03 23:09:44.557 D/CombinedWidgetProvider( 2554): add AppWidget category: WidgetCategory(Google Search/APP_WIDGET/0)
04-03 23:09:44.557 D/CombinedWidgetProvider( 2554): add AppWidget category: WidgetCategory(Gmail/APP_WIDGET/0)
04-03 23:09:44.557 D/CombinedWidgetProvider( 2554): add AppWidget category: WidgetCategory(Bookmarks/APP_WIDGET/0)
04-03 23:09:44.557 D/CombinedWidgetProvider( 2554): -addAppWidgetCategories
04-03 23:09:44.557 D/CombinedWidgetProvider( 2554): +addHtcWidgetCategories
04-03 23:09:44.557 D/CombinedWidgetProvider( 2554):  uri: content://com.htc.launcher.widget.htcwidget/htcwidgets?category_only=true
04-03 23:09:44.557 D/HtcWidgetProvider( 2554): row 1
04-03 23:09:44.567 D/CombinedWidgetProvider( 2554): addHtcWidget Category: WidgetCategory(Tips for Home/HTC_WIDGET/1101)
04-03 23:09:44.567 D/CombinedWidgetProvider( 2554): -addHtcWidgetCategories
04-03 23:09:44.567 D/CombinedWidgetProvider( 2554): +addFxWidgetCategories
04-03 23:09:44.567 D/FxWidgetProvider( 2554): row 94
04-03 23:09:44.587 D/AndroidRuntime( 2797): 
04-03 23:09:44.587 D/AndroidRuntime( 2797): >>>>>> AndroidRuntime START com.android.internal.os.RuntimeInit <<<<<<
04-03 23:09:44.587 D/AndroidRuntime( 2797): CheckJNI is OFF
04-03 23:09:44.627 D/SqliteDatabaseCpp( 2783): dbopen(): path = /data/data/com.htc.pen/databases , key = hej, mode: delete, disk free size: 7850 M, handle: 0x19bb90
04-03 23:09:44.787 D/CursorWindowStats( 2797): Get CursorWindow size from framework resource:4194304
04-03 23:09:44.877 D/AndroidRuntime( 2797): Calling main entry com.android.commands.am.Am
04-03 23:09:44.897 I/ActivityManager( 1574): Starting: Intent { act=android.intent.action.MAIN cat=[android.intent.category.LAUNCHER] flg=0x10000000 cmp=uk.ac.st_andrews.cs.host.mk74.locygpslocalization/.MainActivity } from pid 2797
04-03 23:09:44.947 D/dalvikvm( 2554): GC_FOR_ALLOC freed 1101K, 13% free 12167K/13895K, paused 81ms
04-03 23:09:45.017 D/dalvikvm( 1574): GC_FOR_ALLOC freed 105K, 12% free 15917K/18055K, paused 90ms
04-03 23:09:45.017 I/dalvikvm-heap( 1574): Grow heap (frag case) to 15.765MB for 124216-byte allocation
04-03 23:09:45.027 D/PenUtils( 2783): getDefaultPen() start 13
04-03 23:09:45.077 D/dalvikvm( 1574): GC_FOR_ALLOC freed 4K, 12% free 16034K/18183K, paused 49ms
04-03 23:09:45.087 D/HostWidgetManager( 2554): pauseWidgets: 2
04-03 23:09:45.097 D/AndroidRuntime( 2797): Shutting down VM
04-03 23:09:45.097 D/dalvikvm( 2797): GC_CONCURRENT freed 106K, 81% free 397K/2048K, paused 0ms+0ms
04-03 23:09:45.107 D/ActivityManager( 1574): isSketcherDisabledInCurrentTask():false, ActivityRecord{4097ef80 uk.ac.st_andrews.cs.host.mk74.locygpslocalization/.MainActivity}
04-03 23:09:45.107 I/ActivityManager( 1574): Start proc uk.ac.st_andrews.cs.host.mk74.locygpslocalization for activity uk.ac.st_andrews.cs.host.mk74.locygpslocalization/.MainActivity: pid=2806 uid=10115 gids={}
04-03 23:09:45.117 D/dalvikvm( 2797): Debugger has detached; object registry had 1 entries
04-03 23:09:45.117 I/AndroidRuntime( 2797): NOTE: attach of thread 'Binder Thread #3' failed
04-03 23:09:45.117 D/CombinedWidgetProvider( 2554): +addFxWidgetCategories: default
04-03 23:09:45.117 D/CombinedWidgetProvider( 2554): addFxWidget Category: WidgetCategory(Watch/FX_WIDGET/-2)
04-03 23:09:45.127 D/CombinedWidgetProvider( 2554): +addFxWidgetCategories: default
04-03 23:09:45.127 D/CombinedWidgetProvider( 2554): addFxWidget Category: WidgetCategory(Mail/FX_WIDGET/-2)
04-03 23:09:45.127 D/CombinedWidgetProvider( 2554): +addFxWidgetCategories: default
04-03 23:09:45.127 D/CombinedWidgetProvider( 2554): addFxWidget Category: WidgetCategory(People/FX_WIDGET/-2)
04-03 23:09:45.127 D/CombinedWidgetProvider( 2554): +addFxWidgetCategories: default
04-03 23:09:45.127 D/CombinedWidgetProvider( 2554): addFxWidget Category: WidgetCategory(Calendar/FX_WIDGET/-2)
04-03 23:09:45.127 D/CombinedWidgetProvider( 2554): +addFxWidgetCategories: default
04-03 23:09:45.127 D/CombinedWidgetProvider( 2554): addFxWidget Category: WidgetCategory(Bookmarks/FX_WIDGET/-2)
04-03 23:09:45.127 D/CombinedWidgetProvider( 2554): +addFxWidgetCategories: default
04-03 23:09:45.137 D/CombinedWidgetProvider( 2554): addFxWidget Category: WidgetCategory(Messages/FX_WIDGET/-2)
04-03 23:09:45.137 D/CombinedWidgetProvider( 2554): +addFxWidgetCategories: default
04-03 23:09:45.137 D/CombinedWidgetProvider( 2554): addFxWidget Category: WidgetCategory(Twitter/FX_WIDGET/-2)
04-03 23:09:45.137 D/CombinedWidgetProvider( 2554): +addFxWidgetCategories: default
04-03 23:09:45.137 D/CombinedWidgetProvider( 2554): addFxWidget Category: WidgetCategory(Trends/FX_WIDGET/-2)
04-03 23:09:45.137 D/SurfaceFlinger( 1438): getTokenForSurface(0x6289c) => 0 (client=0xa2688, bitmap=00000003), pid=1574
04-03 23:09:45.137 D/CombinedWidgetProvider( 2554): +addFxWidgetCategories: default
04-03 23:09:45.137 D/CombinedWidgetProvider( 2554): addFxWidget Category: WidgetCategory(Sync All/FX_WIDGET/-2)
04-03 23:09:45.137 D/CombinedWidgetProvider( 2554): +addFxWidgetCategories: default
04-03 23:09:45.137 D/CombinedWidgetProvider( 2554): addFxWidget Category: WidgetCategory(Music/FX_WIDGET/-2)
04-03 23:09:45.147 D/CombinedWidgetProvider( 2554): +addFxWidgetCategories: default
04-03 23:09:45.147 D/CombinedWidgetProvider( 2554): addFxWidget Category: WidgetCategory(Friend Stream/FX_WIDGET/-2)
04-03 23:09:45.147 D/CombinedWidgetProvider( 2554): +addFxWidgetCategories: default
04-03 23:09:45.147 D/CombinedWidgetProvider( 2554): addFxWidget Category: WidgetCategory(My Shelf/FX_WIDGET/-2)
04-03 23:09:45.147 D/CombinedWidgetProvider( 2554): +addFxWidgetCategories: default
04-03 23:09:45.147 D/CombinedWidgetProvider( 2554): addFxWidget Category: WidgetCategory(Weather/FX_WIDGET/-2)
04-03 23:09:45.147 D/msm7x30.gralloc( 1438): gpu_context_t::getGrallocInformationFromFormat  2 
04-03 23:09:45.147 D/CombinedWidgetProvider( 2554): +addFxWidgetCategories: default
04-03 23:09:45.147 D/CombinedWidgetProvider( 2554): addFxWidget Category: WidgetCategory(Notes/FX_WIDGET/-2)
04-03 23:09:45.147 D/CombinedWidgetProvider( 2554): +addFxWidgetCategories: default
04-03 23:09:45.147 D/CombinedWidgetProvider( 2554): addFxWidget Category: WidgetCategory(HTC Likes/FX_WIDGET/-2)
04-03 23:09:45.147 D/CombinedWidgetProvider( 2554): +addFxWidgetCategories: default
04-03 23:09:45.147 D/CombinedWidgetProvider( 2554): addFxWidget Category: WidgetCategory(Photo Album/FX_WIDGET/-2)
04-03 23:09:45.147 D/CombinedWidgetProvider( 2554): +addFxWidgetCategories: default
04-03 23:09:45.147 D/CombinedWidgetProvider( 2554): addFxWidget Category: WidgetCategory(Photo Frame/FX_WIDGET/-2)
04-03 23:09:45.157 D/CombinedWidgetProvider( 2554): +addFxWidgetCategories: default
04-03 23:09:45.157 D/CombinedWidgetProvider( 2554): addFxWidget Category: WidgetCategory(Photo Grid/FX_WIDGET/-2)
04-03 23:09:45.157 D/CombinedWidgetProvider( 2554): +addFxWidgetCategories: default
04-03 23:09:45.157 D/CombinedWidgetProvider( 2554): addFxWidget Category: WidgetCategory(Navigate/FX_WIDGET/-2)
04-03 23:09:45.157 D/CombinedWidgetProvider( 2554): +addFxWidgetCategories: default
04-03 23:09:45.157 D/CombinedWidgetProvider( 2554): addFxWidget Category: WidgetCategory(Locations/FX_WIDGET/-2)
04-03 23:09:45.157 D/CombinedWidgetProvider( 2554): +addFxWidgetCategories: default
04-03 23:09:45.157 D/CombinedWidgetProvider( 2554): addFxWidget Category: WidgetCategory(News/FX_WIDGET/-2)
04-03 23:09:45.157 D/CombinedWidgetProvider( 2554): +addFxWidgetCategories: default
04-03 23:09:45.157 D/CombinedWidgetProvider( 2554): addFxWidget Category: WidgetCategory(Clock/FX_WIDGET/-2)
04-03 23:09:45.157 D/CombinedWidgetProvider( 2554): +addFxWidgetCategories: default
04-03 23:09:45.157 D/CombinedWidgetProvider( 2554): addFxWidget Category: WidgetCategory(Calculator/FX_WIDGET/-2)
04-03 23:09:45.167 D/CombinedWidgetProvider( 2554): +addFxWidgetCategories: default
04-03 23:09:45.167 D/CombinedWidgetProvider( 2554): addFxWidget Category: WidgetCategory(Stocks/FX_WIDGET/-2)
04-03 23:09:45.167 D/CombinedWidgetProvider( 2554): -addFxWidgetCategories
04-03 23:09:45.207 V/WindowManager( 1574): Starting animation in AppWindowToken{40c1eff0 token=ActivityRecord{40c16d38 com.htc.launcher/.Launcher}} @ 2092643
04-03 23:09:45.207 V/WindowManager( 1574): Starting animation in AppWindowToken{410fcb00 token=ActivityRecord{4097ef80 uk.ac.st_andrews.cs.host.mk74.locygpslocalization/.MainActivity}} @ 2092643
04-03 23:09:45.238 V/WindowManager( 1574): Finished animation in AppWindowToken{40c1eff0 token=ActivityRecord{40c16d38 com.htc.launcher/.Launcher}} @ 2092680
04-03 23:09:45.238 D/SurfaceFlinger( 1438): virtual void android::Layer::onRemoved(): lcblk (identity=14, status=0, token=2)
04-03 23:09:45.238 V/WindowManager( 1574): Finished animation in AppWindowToken{410fcb00 token=ActivityRecord{4097ef80 uk.ac.st_andrews.cs.host.mk74.locygpslocalization/.MainActivity}} @ 2092680
04-03 23:09:45.258 V/LocationManagerService( 1574): requestLocationUpdates
04-03 23:09:45.258 V/LocationManagerService( 1574): _requestLocationUpdates: listener = Receiver{40c3edb8 Listener android.os.BinderProxy@40af7030}mUpdateRecords: {}
04-03 23:09:45.268 D/GpsLocationProvider( 1574): addListener+ @id: 10115
04-03 23:09:45.268 D/GpsLocationProvider( 1574): setMinTime 0
04-03 23:09:45.268 V/GpsLocationProvider( 1574): enableLocationTracking ++
04-03 23:09:45.268 D/GpsLocationProvider( 1574): [shen] debug
04-03 23:09:45.268 D/GpsLocationProvider( 1574): [handleMessage] message :8
04-03 23:09:45.268 D/GpsLocationProvider( 1574): [handleMessage] ADD_LISTENER
04-03 23:09:45.268 D/Sensors ( 1574): Enable akm: en = 1
04-03 23:09:45.268 V/LocationManagerService( 1574): requestLocationUpdatesLocked: updateProvidersLocked
04-03 23:09:45.268 V/LocationManagerService( 1574): _requestLocationUpdates: provider = gps listener = Receiver{40c3edb8 Listener android.os.BinderProxy@40af7030}mUpdateRecords: {gps=UpdateRecord{40afb638 mProvider: gps mUid: 10115}}
04-03 23:09:45.278 I/System.out( 2806): LocyNavigatorThread has started
04-03 23:09:45.298 D/ActivityManager( 1574): isSketcherDisabledInCurrentTask():false, ActivityRecord{4097ef80 uk.ac.st_andrews.cs.host.mk74.locygpslocalization/.MainActivity}
04-03 23:09:45.308 D/GpsLocationProvider( 1574): addListener(uk.ac.st_andrews.cs.host.mk74.locygpslocalization)
04-03 23:09:45.318 D/SurfaceFlinger( 1438): virtual void android::Layer::onRemoved(): lcblk (identity=12, status=0, token=1)
04-03 23:09:45.328 D/SurfaceFlinger( 1438): getTokenForSurface(0xaf054) => 0 (client=0xaaa00, bitmap=00000001), pid=2806
04-03 23:09:45.348 D/msm7x30.gralloc( 1438): gpu_context_t::getGrallocInformationFromFormat  2 
04-03 23:09:45.378 I/ActivityManager( 1574): Displayed uk.ac.st_andrews.cs.host.mk74.locygpslocalization/.MainActivity: +276ms
04-03 23:09:45.398 D/GpsLocationProvider( 1574): [handleMessage] message :3
04-03 23:09:45.398 D/msm7x30.gralloc( 1438): gpu_context_t::getGrallocInformationFromFormat  2 
04-03 23:09:45.408 D/SurfaceFlinger( 1438): virtual void android::Layer::onRemoved(): lcblk (identity=18, status=0, token=0)
04-03 23:09:45.438 D/GpsLocationProvider( 1574): [handleMessage] ENABLE_TRACKING
04-03 23:09:45.438 D/GpsLocationProvider( 1574): startNavigating
04-03 23:09:45.448 D/GpsLocationProvider( 1574): HtcBuildFlag.HtcCIQFlag(FALSE)
04-03 23:09:45.458 D/lib_locapi( 1574): [GPS:] loc_eng_set_qos_time_out(standalone = 60000, agps = 89000)
04-03 23:09:45.468 V/GpsLocationProvider( 1574): set_agps_qos_time_out complete
04-03 23:09:45.478 D/GpsLocationProvider( 1574): GpsLocationProvider_set_position_mode
04-03 23:09:45.478 D/lib_locapi( 1574): [loc_eng_set_position_mode] host strcmp:15
04-03 23:09:45.488 D/lib_locapi( 1574): [GPS:] loc_eng_set_position mode, client = 1, interval = 1000, mode = 1
04-03 23:09:45.488 D/lib_locapi( 1574): [GPS:] htc_set_qos_accuracy(accuracy = 50)
04-03 23:09:45.488 D/lib_locapi( 1574): [GPS:] loc_eng_set_position mode: GPS_POSITION_MODE_MS_BASED
04-03 23:09:45.488 D/lib_locapi( 1574): [GPS:] loc_eng_set_position mode before IOCTL, interval=1000, mode =2 preferred_accuracy=50, qos_timeout_standalone=89000, recurrence_type=2
04-03 23:09:45.498 V/lib_locapi( 1574): loc_eng_ioctl called: client = 1, ioctl_type = 2
04-03 23:09:45.498 W/InputManagerService( 1574): Starting input on non-focused client com.android.internal.view.IInputMethodClient$Stub$Proxy@408ffe68 (uid=9999 pid=2554)
04-03 23:09:45.498 D/locapi_rpc_glue( 1574): loc_ioctl
04-03 23:09:45.498 D/RPC     ( 1574): written RPC packet size: [96]
04-03 23:09:45.508 D/RPC     ( 1574): read RPC packet
04-03 23:09:45.508 D/RPC     ( 1574): read RPC packet size: [28]
04-03 23:09:45.508 D/RPC     ( 1574): read RPC packet
04-03 23:09:45.508 D/RPC     ( 1574): read RPC packet size: [80]
04-03 23:09:45.508 V/locapi_rpc_glue( 1574): Callback received: 80 (cb_id=0x6260000 handle=1)
04-03 23:09:45.508 V/locapi_rpc_glue( 1574): +loc_api_callback_process_sync_call
04-03 23:09:45.508 V/locapi_rpc_glue( 1574): loc_api_callback_process_sync_call: callback arrives before wait, slot i=0
04-03 23:09:45.508 V/locapi_rpc_glue( 1574): -loc_api_callback_process_sync_call
04-03 23:09:45.508 D/RPC     ( 1574): written RPC packet size: [28]
04-03 23:09:45.508 V/locapi_rpc_glue( 1574): loc_api_sync_ioctl: select_id = 0, loc_ioctl returned 0
04-03 23:09:45.508 V/locapi_rpc_glue( 1574): +loc_wait_callback: select_id: 0
04-03 23:09:45.508 V/locapi_rpc_glue( 1574): -loc_wait_callback: cb has arrived
04-03 23:09:45.508 V/lib_locapi( 1574): loc_eng_ioctl result: client = 1, ioctl_type = 2, SUCCESS
04-03 23:09:45.518 V/GpsLocationProvider( 1574): set_position_mode complete
04-03 23:09:45.518 D/lib_locapi( 1574): [GPS:] loc_eng_start
04-03 23:09:45.518 D/locapi_rpc_glue( 1574): loc_start_fix
04-03 23:09:45.518 D/RPC     ( 1574): written RPC packet size: [44]
04-03 23:09:45.528 D/RPC     ( 1574): read RPC packet
04-03 23:09:45.528 D/RPC     ( 1574): read RPC packet size: [28]
04-03 23:09:45.528 D/GpsLocationProvider( 1574): reset SV count to zero
04-03 23:09:45.528 D/RPC     ( 1574): read RPC packet
04-03 23:09:45.528 D/RPC     ( 1574): read RPC packet size: [80]
04-03 23:09:45.528 V/locapi_rpc_glue( 1574): Callback received: 100 (cb_id=0x6260000 handle=1)
04-03 23:09:45.528 V/locapi_rpc_glue( 1574): +loc_api_callback_process_sync_call
04-03 23:09:45.528 V/locapi_rpc_glue( 1574): -loc_api_callback_process_sync_call, no sync call in use
04-03 23:09:45.528 D/lib_locapi( 1574): [GPS:] loc_eng_report_status: GPS_STATUS_SESSION_BEGIN
04-03 23:09:45.528 D/lib_locapi( 1574): [GPS:] loc_eng_report_status: issue callback with status 1
04-03 23:09:45.528 V/GpsLocationProvider( 1574): reportStatus status: 0
04-03 23:09:45.528 D/GpsLocationProvider( 1574): [reportStatus] mNavigating:false mEngineOn:false mDownloadXtraDataPending:true
04-03 23:09:45.528 D/GpsLocationProvider( 1574): [reportStatus] trigger DOWNLOAD_XTRA_DATA
04-03 23:09:45.528 D/lib_locapi( 1574): [GPS:] loc_eng_report_status: update status
04-03 23:09:45.528 V/GpsLocationProvider( 1574): reportStatus status: 1
04-03 23:09:45.528 W/GpsLocationProvider( 1574): GPS notify that the GPS has been change action
04-03 23:09:45.528 W/GpsLocationProvider( 1574): GPS_ENABLED_CHANGE_ACTION: android.location.GPS_ENABLED_CHANGE EXTRA_GPS_ENABLED: enabled
04-03 23:09:45.528 D/GpsLocationProvider( 1574): [reportStatus] mNavigating:true mEngineOn:false mDownloadXtraDataPending:true
04-03 23:09:45.538 D/RPC     ( 1574): written RPC packet size: [28]
04-03 23:09:45.578 D/RPC     ( 1574): read RPC packet
04-03 23:09:45.588 D/RPC     ( 1574): read RPC packet size: [84]
04-03 23:09:45.588 V/locapi_rpc_glue( 1574): Callback received: 40 (cb_id=0x6260000 handle=1)
04-03 23:09:45.588 V/locapi_rpc_glue( 1574): +loc_api_callback_process_sync_call
04-03 23:09:45.588 V/locapi_rpc_glue( 1574): -loc_api_callback_process_sync_call, no sync call in use
04-03 23:09:45.588 D/lib_locapi( 1574): loc_event_cb: GPS_REQUEST_AGPS_DATA_CONN
04-03 23:09:45.588 D/GpsLocationProvider( 1574): GPS_REQUEST_AGPS_DATA_CONN
04-03 23:09:45.588 D/GpsLocationProvider( 1574): mConnMgr.startUsingNetworkFeature result: 2
04-03 23:09:45.588 D/GpsLocationProvider( 1574): startUsingNetworkFeature failed
04-03 23:09:45.588 D/lib_locapi( 1574): [GPS:] loc_eng_agps_data_conn_failed
04-03 23:09:45.588 D/lib_locapi( 1574): [GPS:] loc_eng_process_atl_deferred_action 
04-03 23:09:45.588 D/lib_locapi( 1574): loc_eng_process_atl_deferred_action, send ATL_OPEN_FAIL
04-03 23:09:45.588 D/ActivityManager( 1574): isSketcherDisabledInCurrentTask():false, ActivityRecord{4097ef80 uk.ac.st_andrews.cs.host.mk74.locygpslocalization/.MainActivity}
04-03 23:09:45.588 D/ConnectivityService( 1574): startUsingNetworkFeature for net 0: enableSUPL by 1574/1000
04-03 23:09:45.588 D/ConnectivityService( 1574): special network 3 not available
04-03 23:09:45.598 D/RPC     ( 1574): written RPC packet size: [28]
04-03 23:09:45.618 D/SurfaceFlinger( 1438): getTokenForSurface(0x6289c) => 1 (client=0xa3ce0, bitmap=00000003), pid=1648
04-03 23:09:45.618 D/msm7x30.gralloc( 1438): gpu_context_t::getGrallocInformationFromFormat  1 
04-03 23:09:45.638 D/GpsLocationProvider( 1574): [handleMessage] message :6
04-03 23:09:45.638 D/GpsLocationProvider( 1574): [handleMessage] DOWNLOAD_XTRA_DATA mSupportsXtra:true
04-03 23:09:45.638 D/GpsLocationProvider( 1574): handleDownloadXtraData+++
04-03 23:09:45.638 D/GpsLocationProvider( 1574): [handleDownloadXtraData] mNetworkAvailable:false mDisableXtraDownload:false mNavigating:true mEngineOn:false
04-03 23:09:45.648 D/GpsLocationProvider( 1574): [handleDownloadXtraData] pending until Network available or GPS Engine stop
04-03 23:09:45.648 D/PenUtils( 2783): getDefaultPen() end 46
04-03 23:09:45.658 I/MySketcher( 2598): onReceive: com.htc.pen.refreshed
04-03 23:09:45.658 I/MySketcher( 2598): [SketcherWorker] onStartCommand: com.htc.action.PREPARE_VARS
04-03 23:09:45.668 I/MySketcher( 2598): prepareContentVars entered
04-03 23:09:45.668 I/MySketcher( 2598):  getContentView  , in thread:2598
04-03 23:09:45.668 I/MySketcher( 2598):  ContentView null , inflate it
04-03 23:09:45.688 I/ActivityManager( 1574): No longer want com.htc.bg (pid 2533): hidden #16
04-03 23:09:45.708 D/PenUtils( 2598): getAllPen() start 0
04-03 23:09:45.718 I/StateManager( 2598): pen down before = false
04-03 23:09:45.878 D/dalvikvm( 2598): GC_CONCURRENT freed 358K, 7% free 6576K/7047K, paused 1ms+2ms
04-03 23:09:45.928 D/msm7x30.gralloc( 1438): gpu_context_t::getGrallocInformationFromFormat  1 
04-03 23:09:45.968 D/dalvikvm( 2598): GC_FOR_ALLOC freed 20K, 5% free 6703K/7047K, paused 43ms
04-03 23:09:46.018 D/RPC     ( 1574): read RPC packet
04-03 23:09:46.018 D/RPC     ( 1574): read RPC packet size: [80]
04-03 23:09:46.018 V/locapi_rpc_glue( 1574): Callback received: 100 (cb_id=0x6260000 handle=1)
04-03 23:09:46.018 V/locapi_rpc_glue( 1574): +loc_api_callback_process_sync_call
04-03 23:09:46.018 V/locapi_rpc_glue( 1574): -loc_api_callback_process_sync_call, no sync call in use
04-03 23:09:46.018 D/RPC     ( 1574): written RPC packet size: [28]
04-03 23:09:46.058 D/dalvikvm( 2598): GC_FOR_ALLOC freed 21K, 5% free 6951K/7303K, paused 31ms
04-03 23:09:46.259 D/dalvikvm( 2598): GC_CONCURRENT freed 104K, 3% free 7364K/7559K, paused 3ms+2ms
04-03 23:09:46.389 D/dalvikvm( 2598): GC_CONCURRENT freed 159K, 4% free 7760K/8007K, paused 1ms+1ms
04-03 23:09:46.399 D/PenUtils( 2598): getAllPen() start 0
04-03 23:09:46.459 I/SimplePen( 2598): created render with defaul alpha: 180, color: -1275068161, width: 3.0
04-03 23:09:46.459 D/PenUtils( 2598): getAllPen() end 135
04-03 23:09:46.589 V/lib_locapi( 1574): loc_eng_ioctl called: client = 1, ioctl_type = 409
04-03 23:09:46.589 D/locapi_rpc_glue( 1574): loc_ioctl
04-03 23:09:46.589 D/RPC     ( 1574): written RPC packet size: [164]
04-03 23:09:46.589 D/RPC     ( 1574): read RPC packet
04-03 23:09:46.589 D/RPC     ( 1574): read RPC packet size: [28]
04-03 23:09:46.589 V/locapi_rpc_glue( 1574): loc_api_sync_ioctl: select_id = 0, loc_ioctl returned 0
04-03 23:09:46.589 V/locapi_rpc_glue( 1574): +loc_wait_callback: select_id: 0
04-03 23:09:46.589 D/RPC     ( 1574): read RPC packet
04-03 23:09:46.589 D/RPC     ( 1574): read RPC packet size: [80]
04-03 23:09:46.599 V/locapi_rpc_glue( 1574): Callback received: 80 (cb_id=0x6260000 handle=1)
04-03 23:09:46.599 V/locapi_rpc_glue( 1574): +loc_api_callback_process_sync_call
04-03 23:09:46.599 V/locapi_rpc_glue( 1574): loc_api_callback_process_sync_call: signal cb wait, slot i=0
04-03 23:09:46.599 V/locapi_rpc_glue( 1574): loc_wait_callback: wait cb SUCCESS
04-03 23:09:46.599 V/locapi_rpc_glue( 1574): -loc_wait_callback
04-03 23:09:46.599 V/lib_locapi( 1574): loc_eng_ioctl result: client = 1, ioctl_type = 409, SUCCESS
04-03 23:09:46.599 D/lib_locapi( 1574): [GPS:] loc_eng_report_status: GPS_STATUS_ENGINE_ON
04-03 23:09:46.599 D/lib_locapi( 1574): [GPS:] loc_eng_report_status: issue callback with status 3
04-03 23:09:46.599 V/GpsLocationProvider( 1574): reportStatus status: 0
04-03 23:09:46.599 D/GpsLocationProvider( 1574): [reportStatus] mNavigating:true mEngineOn:false mDownloadXtraDataPending:true
04-03 23:09:46.599 V/GpsLocationProvider( 1574): reportStatus status: 0
04-03 23:09:46.599 D/GpsLocationProvider( 1574): [reportStatus] mNavigating:true mEngineOn:false mDownloadXtraDataPending:true
04-03 23:09:46.599 D/lib_locapi( 1574): [GPS:] loc_eng_report_status: update status
04-03 23:09:46.599 V/GpsLocationProvider( 1574): reportStatus status: 3
04-03 23:09:46.599 D/GpsLocationProvider( 1574): [reportStatus] mNavigating:true mEngineOn:true mDownloadXtraDataPending:true
04-03 23:09:46.599 V/locapi_rpc_glue( 1574): -loc_api_callback_process_sync_call
04-03 23:09:46.599 D/RPC     ( 1574): written RPC packet size: [28]
04-03 23:09:46.609 D/dalvikvm( 2598): GC_CONCURRENT freed 368K, 6% free 7866K/8327K, paused 1ms+4ms
04-03 23:09:46.619 I/SimplePen( 2598): created render with defaul alpha: 180, color: -1275068161, width: 3.0
04-03 23:09:46.619 D/PenUtils( 2598): getAllPen() end 91
04-03 23:09:46.629 D/PenMenu ( 2598): mPenTypeLoadingListener runnable - onFinish
04-03 23:09:46.659 D/AutoSetting( 2570): service - mRequestRunnable: screen on delay 10s, request NLP now
04-03 23:09:46.679 D/AutoSetting( 2570): service - requestNLP() NetworkLocationProvider not enabled
04-03 23:09:46.729 D/dalvikvm( 2598): GC_FOR_ALLOC freed 96K, 6% free 8087K/8519K, paused 22ms
04-03 23:09:46.759 D/dalvikvm( 2598): GC_FOR_ALLOC freed 11K, 5% free 8342K/8775K, paused 16ms
04-03 23:09:46.799 D/dalvikvm( 2598): GC_FOR_ALLOC freed 9K, 5% free 8658K/9095K, paused 19ms
04-03 23:09:46.839 D/dalvikvm( 2598): GC_FOR_ALLOC freed 352K, 9% free 8771K/9543K, paused 20ms
04-03 23:09:46.999 D/dalvikvm( 2598): GC_FOR_ALLOC freed 864K, 14% free 8408K/9671K, paused 19ms
04-03 23:09:47.069 D/dalvikvm( 2598): GC_CONCURRENT freed 308K, 10% free 8746K/9671K, paused 1ms+2ms
04-03 23:09:47.330 D/dalvikvm( 1668): GC_CONCURRENT freed 275K, 10% free 7905K/8711K, paused 2ms+2ms
04-03 23:09:47.530 D/RPC     ( 1574): read RPC packet
04-03 23:09:47.530 D/RPC     ( 1574): read RPC packet size: [208]
04-03 23:09:47.530 V/locapi_rpc_glue( 1574): Callback received: 1 (cb_id=0x6260000 handle=1)
04-03 23:09:47.530 V/locapi_rpc_glue( 1574): +loc_api_callback_process_sync_call
04-03 23:09:47.530 V/locapi_rpc_glue( 1574): -loc_api_callback_process_sync_call, no sync call in use
04-03 23:09:47.530 D/lib_locapi( 1574): loc_eng_report_position: valid mask = 0x606d, sess status = 1
04-03 23:09:47.530 D/RPC     ( 1574): written RPC packet size: [28]
04-03 23:09:47.680 D/RPC     ( 1574): read RPC packet
04-03 23:09:47.680 D/RPC     ( 1574): read RPC packet size: [272]
04-03 23:09:47.680 V/locapi_rpc_glue( 1574): Callback received: 4 (cb_id=0x6260000 handle=1)
04-03 23:09:47.680 V/locapi_rpc_glue( 1574): +loc_api_callback_process_sync_call
04-03 23:09:47.680 V/locapi_rpc_glue( 1574): -loc_api_callback_process_sync_call, no sync call in use
04-03 23:09:47.690 D/RPC     ( 1574): written RPC packet size: [28]
04-03 23:09:47.690 D/RPC     ( 1574): read RPC packet
04-03 23:09:47.690 D/RPC     ( 1574): read RPC packet size: [272]
04-03 23:09:47.690 V/locapi_rpc_glue( 1574): Callback received: 4 (cb_id=0x6260000 handle=1)
04-03 23:09:47.690 V/locapi_rpc_glue( 1574): +loc_api_callback_process_sync_call
04-03 23:09:47.690 V/locapi_rpc_glue( 1574): -loc_api_callback_process_sync_call, no sync call in use
04-03 23:09:47.690 D/RPC     ( 1574): written RPC packet size: [28]
04-03 23:09:47.690 D/RPC     ( 1574): read RPC packet
04-03 23:09:47.690 D/RPC     ( 1574): read RPC packet size: [272]
04-03 23:09:47.690 V/locapi_rpc_glue( 1574): Callback received: 4 (cb_id=0x6260000 handle=1)
04-03 23:09:47.700 V/locapi_rpc_glue( 1574): +loc_api_callback_process_sync_call
04-03 23:09:47.700 V/locapi_rpc_glue( 1574): -loc_api_callback_process_sync_call, no sync call in use
04-03 23:09:47.700 D/RPC     ( 1574): written RPC packet size: [28]
04-03 23:09:47.700 D/RPC     ( 1574): read RPC packet
04-03 23:09:47.700 D/RPC     ( 1574): read RPC packet size: [272]
04-03 23:09:47.700 V/locapi_rpc_glue( 1574): Callback received: 4 (cb_id=0x6260000 handle=1)
04-03 23:09:47.700 V/locapi_rpc_glue( 1574): +loc_api_callback_process_sync_call
04-03 23:09:47.700 V/locapi_rpc_glue( 1574): -loc_api_callback_process_sync_call, no sync call in use
04-03 23:09:47.700 D/RPC     ( 1574): written RPC packet size: [28]
04-03 23:09:47.710 D/RPC     ( 1574): read RPC packet
04-03 23:09:47.710 D/RPC     ( 1574): read RPC packet size: [96]
04-03 23:09:47.710 V/locapi_rpc_glue( 1574): Callback received: 2 (cb_id=0x6260000 handle=1)
04-03 23:09:47.710 V/locapi_rpc_glue( 1574): +loc_api_callback_process_sync_call
04-03 23:09:47.710 V/locapi_rpc_glue( 1574): -loc_api_callback_process_sync_call, no sync call in use
04-03 23:09:47.710 D/lib_locapi( 1574): loc_eng_report_sv: valid_mask = 0x30, num of sv = 0
04-03 23:09:47.710 D/GpsLocationProvider( 1574): reportSvStatus
04-03 23:09:47.710 V/GpsLocationProvider( 1574): SV count: 0 ephemerisMask: 0 almanacMask: 0
04-03 23:09:47.710 D/RPC     ( 1574): written RPC packet size: [28]
04-03 23:09:47.720 D/RPC     ( 1574): read RPC packet
04-03 23:09:47.720 D/RPC     ( 1574): read RPC packet size: [272]
04-03 23:09:47.720 V/locapi_rpc_glue( 1574): Callback received: 4 (cb_id=0x6260000 handle=1)
04-03 23:09:47.720 V/locapi_rpc_glue( 1574): +loc_api_callback_process_sync_call
04-03 23:09:47.720 V/locapi_rpc_glue( 1574): -loc_api_callback_process_sync_call, no sync call in use
04-03 23:09:47.720 D/RPC     ( 1574): written RPC packet size: [28]
04-03 23:09:47.720 D/RPC     ( 1574): read RPC packet
04-03 23:09:47.720 D/RPC     ( 1574): read RPC packet size: [272]
04-03 23:09:47.720 V/locapi_rpc_glue( 1574): Callback received: 4 (cb_id=0x6260000 handle=1)
04-03 23:09:47.720 V/locapi_rpc_glue( 1574): +loc_api_callback_process_sync_call
04-03 23:09:47.720 V/locapi_rpc_glue( 1574): -loc_api_callback_process_sync_call, no sync call in use
04-03 23:09:47.730 D/RPC     ( 1574): written RPC packet size: [28]
04-03 23:09:47.730 D/RPC     ( 1574): read RPC packet
04-03 23:09:47.730 D/RPC     ( 1574): read RPC packet size: [272]
04-03 23:09:47.730 V/locapi_rpc_glue( 1574): Callback received: 4 (cb_id=0x6260000 handle=1)
04-03 23:09:47.730 V/locapi_rpc_glue( 1574): +loc_api_callback_process_sync_call
04-03 23:09:47.730 V/locapi_rpc_glue( 1574): -loc_api_callback_process_sync_call, no sync call in use
04-03 23:09:47.730 D/RPC     ( 1574): written RPC packet size: [28]
04-03 23:09:47.730 D/RPC     ( 1574): read RPC packet
04-03 23:09:47.740 D/RPC     ( 1574): read RPC packet size: [272]
04-03 23:09:47.740 V/locapi_rpc_glue( 1574): Callback received: 4 (cb_id=0x6260000 handle=1)
04-03 23:09:47.740 V/locapi_rpc_glue( 1574): +loc_api_callback_process_sync_call
04-03 23:09:47.740 V/locapi_rpc_glue( 1574): -loc_api_callback_process_sync_call, no sync call in use
04-03 23:09:47.740 D/RPC     ( 1574): written RPC packet size: [28]
04-03 23:09:48.291 I/System.out( 2806): Location: unknown | GPSNavigator running:true
04-03 23:09:48.291 I/System.out( 2806): Battery level: 99 | Time difference: -1
04-03 23:09:48.531 D/RPC     ( 1574): read RPC packet
04-03 23:09:48.531 D/RPC     ( 1574): read RPC packet size: [208]
04-03 23:09:48.531 V/locapi_rpc_glue( 1574): Callback received: 1 (cb_id=0x6260000 handle=1)
04-03 23:09:48.531 V/locapi_rpc_glue( 1574): +loc_api_callback_process_sync_call
04-03 23:09:48.531 V/locapi_rpc_glue( 1574): -loc_api_callback_process_sync_call, no sync call in use
04-03 23:09:48.531 D/lib_locapi( 1574): loc_eng_report_position: valid mask = 0x606d, sess status = 1
04-03 23:09:48.531 D/RPC     ( 1574): written RPC packet size: [28]
04-03 23:09:48.681 D/RPC     ( 1574): read RPC packet
04-03 23:09:48.691 D/RPC     ( 1574): read RPC packet size: [272]
04-03 23:09:48.691 V/locapi_rpc_glue( 1574): Callback received: 4 (cb_id=0x6260000 handle=1)
04-03 23:09:48.691 V/locapi_rpc_glue( 1574): +loc_api_callback_process_sync_call
04-03 23:09:48.691 V/locapi_rpc_glue( 1574): -loc_api_callback_process_sync_call, no sync call in use
04-03 23:09:48.691 D/RPC     ( 1574): written RPC packet size: [28]
04-03 23:09:48.691 D/RPC     ( 1574): read RPC packet
04-03 23:09:48.691 D/RPC     ( 1574): read RPC packet size: [272]
04-03 23:09:48.701 V/locapi_rpc_glue( 1574): Callback received: 4 (cb_id=0x6260000 handle=1)
04-03 23:09:48.701 V/locapi_rpc_glue( 1574): +loc_api_callback_process_sync_call
04-03 23:09:48.701 V/locapi_rpc_glue( 1574): -loc_api_callback_process_sync_call, no sync call in use
04-03 23:09:48.701 D/RPC     ( 1574): written RPC packet size: [28]
04-03 23:09:48.701 D/RPC     ( 1574): read RPC packet
04-03 23:09:48.701 D/RPC     ( 1574): read RPC packet size: [272]
04-03 23:09:48.701 V/locapi_rpc_glue( 1574): Callback received: 4 (cb_id=0x6260000 handle=1)
04-03 23:09:48.701 V/locapi_rpc_glue( 1574): +loc_api_callback_process_sync_call
04-03 23:09:48.701 V/locapi_rpc_glue( 1574): -loc_api_callback_process_sync_call, no sync call in use
04-03 23:09:48.701 D/RPC     ( 1574): written RPC packet size: [28]
04-03 23:09:48.701 D/RPC     ( 1574): read RPC packet
04-03 23:09:48.711 D/RPC     ( 1574): read RPC packet size: [272]
04-03 23:09:48.711 V/locapi_rpc_glue( 1574): Callback received: 4 (cb_id=0x6260000 handle=1)
04-03 23:09:48.711 V/locapi_rpc_glue( 1574): +loc_api_callback_process_sync_call
04-03 23:09:48.711 V/locapi_rpc_glue( 1574): -loc_api_callback_process_sync_call, no sync call in use
04-03 23:09:48.711 D/RPC     ( 1574): written RPC packet size: [28]
04-03 23:09:48.711 D/RPC     ( 1574): read RPC packet
04-03 23:09:48.711 D/RPC     ( 1574): read RPC packet size: [96]
04-03 23:09:48.711 V/locapi_rpc_glue( 1574): Callback received: 2 (cb_id=0x6260000 handle=1)
04-03 23:09:48.721 V/locapi_rpc_glue( 1574): +loc_api_callback_process_sync_call
04-03 23:09:48.721 V/locapi_rpc_glue( 1574): -loc_api_callback_process_sync_call, no sync call in use
04-03 23:09:48.721 D/lib_locapi( 1574): loc_eng_report_sv: valid_mask = 0x30, num of sv = 0
04-03 23:09:48.721 D/GpsLocationProvider( 1574): reportSvStatus
04-03 23:09:48.721 V/GpsLocationProvider( 1574): SV count: 0 ephemerisMask: 0 almanacMask: 0
04-03 23:09:48.721 D/RPC     ( 1574): written RPC packet size: [28]
04-03 23:09:48.721 D/RPC     ( 1574): read RPC packet
04-03 23:09:48.721 D/RPC     ( 1574): read RPC packet size: [272]
04-03 23:09:48.721 V/locapi_rpc_glue( 1574): Callback received: 4 (cb_id=0x6260000 handle=1)
04-03 23:09:48.731 V/locapi_rpc_glue( 1574): +loc_api_callback_process_sync_call
04-03 23:09:48.731 V/locapi_rpc_glue( 1574): -loc_api_callback_process_sync_call, no sync call in use
04-03 23:09:48.731 D/RPC     ( 1574): written RPC packet size: [28]
04-03 23:09:48.731 D/RPC     ( 1574): read RPC packet
04-03 23:09:48.731 D/RPC     ( 1574): read RPC packet size: [272]
04-03 23:09:48.731 V/locapi_rpc_glue( 1574): Callback received: 4 (cb_id=0x6260000 handle=1)
04-03 23:09:48.731 V/locapi_rpc_glue( 1574): +loc_api_callback_process_sync_call
04-03 23:09:48.731 V/locapi_rpc_glue( 1574): -loc_api_callback_process_sync_call, no sync call in use
04-03 23:09:48.731 D/RPC     ( 1574): written RPC packet size: [28]
04-03 23:09:48.731 D/RPC     ( 1574): read RPC packet
04-03 23:09:48.731 D/RPC     ( 1574): read RPC packet size: [272]
04-03 23:09:48.741 V/locapi_rpc_glue( 1574): Callback received: 4 (cb_id=0x6260000 handle=1)
04-03 23:09:48.741 V/locapi_rpc_glue( 1574): +loc_api_callback_process_sync_call
04-03 23:09:48.741 V/locapi_rpc_glue( 1574): -loc_api_callback_process_sync_call, no sync call in use
04-03 23:09:48.741 D/RPC     ( 1574): written RPC packet size: [28]
04-03 23:09:48.741 D/RPC     ( 1574): read RPC packet
04-03 23:09:48.741 D/RPC     ( 1574): read RPC packet size: [272]
04-03 23:09:48.741 V/locapi_rpc_glue( 1574): Callback received: 4 (cb_id=0x6260000 handle=1)
04-03 23:09:48.741 V/locapi_rpc_glue( 1574): +loc_api_callback_process_sync_call
04-03 23:09:48.741 V/locapi_rpc_glue( 1574): -loc_api_callback_process_sync_call, no sync call in use
04-03 23:09:48.751 D/RPC     ( 1574): written RPC packet size: [28]
04-03 23:09:49.532 D/RPC     ( 1574): read RPC packet
04-03 23:09:49.532 D/RPC     ( 1574): read RPC packet size: [208]
04-03 23:09:49.542 V/locapi_rpc_glue( 1574): Callback received: 1 (cb_id=0x6260000 handle=1)
04-03 23:09:49.542 V/locapi_rpc_glue( 1574): +loc_api_callback_process_sync_call
04-03 23:09:49.542 V/locapi_rpc_glue( 1574): -loc_api_callback_process_sync_call, no sync call in use
04-03 23:09:49.542 D/lib_locapi( 1574): loc_eng_report_position: valid mask = 0x606d, sess status = 1
04-03 23:09:49.542 D/RPC     ( 1574): written RPC packet size: [28]
04-03 23:09:49.682 D/RPC     ( 1574): read RPC packet
04-03 23:09:49.682 D/RPC     ( 1574): read RPC packet size: [272]
04-03 23:09:49.682 V/locapi_rpc_glue( 1574): Callback received: 4 (cb_id=0x6260000 handle=1)
04-03 23:09:49.692 V/locapi_rpc_glue( 1574): +loc_api_callback_process_sync_call
04-03 23:09:49.692 V/locapi_rpc_glue( 1574): -loc_api_callback_process_sync_call, no sync call in use
04-03 23:09:49.692 D/RPC     ( 1574): written RPC packet size: [28]
04-03 23:09:49.692 D/RPC     ( 1574): read RPC packet
04-03 23:09:49.692 D/RPC     ( 1574): read RPC packet size: [272]
04-03 23:09:49.692 V/locapi_rpc_glue( 1574): Callback received: 4 (cb_id=0x6260000 handle=1)
04-03 23:09:49.692 V/locapi_rpc_glue( 1574): +loc_api_callback_process_sync_call
04-03 23:09:49.692 V/locapi_rpc_glue( 1574): -loc_api_callback_process_sync_call, no sync call in use
04-03 23:09:49.692 D/RPC     ( 1574): written RPC packet size: [28]
04-03 23:09:49.702 D/RPC     ( 1574): read RPC packet
04-03 23:09:49.702 D/RPC     ( 1574): read RPC packet size: [272]
04-03 23:09:49.702 V/locapi_rpc_glue( 1574): Callback received: 4 (cb_id=0x6260000 handle=1)
04-03 23:09:49.702 V/locapi_rpc_glue( 1574): +loc_api_callback_process_sync_call
04-03 23:09:49.702 V/locapi_rpc_glue( 1574): -loc_api_callback_process_sync_call, no sync call in use
04-03 23:09:49.702 D/RPC     ( 1574): written RPC packet size: [28]
04-03 23:09:49.702 D/RPC     ( 1574): read RPC packet
04-03 23:09:49.702 D/RPC     ( 1574): read RPC packet size: [272]
04-03 23:09:49.702 V/locapi_rpc_glue( 1574): Callback received: 4 (cb_id=0x6260000 handle=1)
04-03 23:09:49.702 V/locapi_rpc_glue( 1574): +loc_api_callback_process_sync_call
04-03 23:09:49.702 V/locapi_rpc_glue( 1574): -loc_api_callback_process_sync_call, no sync call in use
04-03 23:09:49.702 D/RPC     ( 1574): written RPC packet size: [28]
04-03 23:09:49.712 D/RPC     ( 1574): read RPC packet
04-03 23:09:49.712 D/RPC     ( 1574): read RPC packet size: [96]
04-03 23:09:49.712 V/locapi_rpc_glue( 1574): Callback received: 2 (cb_id=0x6260000 handle=1)
04-03 23:09:49.712 V/locapi_rpc_glue( 1574): +loc_api_callback_process_sync_call
04-03 23:09:49.712 V/locapi_rpc_glue( 1574): -loc_api_callback_process_sync_call, no sync call in use
04-03 23:09:49.712 D/lib_locapi( 1574): loc_eng_report_sv: valid_mask = 0x30, num of sv = 0
04-03 23:09:49.712 D/GpsLocationProvider( 1574): reportSvStatus
04-03 23:09:49.712 V/GpsLocationProvider( 1574): SV count: 0 ephemerisMask: 0 almanacMask: 0
04-03 23:09:49.722 D/RPC     ( 1574): written RPC packet size: [28]
04-03 23:09:49.722 D/RPC     ( 1574): read RPC packet
04-03 23:09:49.722 D/RPC     ( 1574): read RPC packet size: [272]
04-03 23:09:49.722 V/locapi_rpc_glue( 1574): Callback received: 4 (cb_id=0x6260000 handle=1)
04-03 23:09:49.722 V/locapi_rpc_glue( 1574): +loc_api_callback_process_sync_call
04-03 23:09:49.722 V/locapi_rpc_glue( 1574): -loc_api_callback_process_sync_call, no sync call in use
04-03 23:09:49.722 D/RPC     ( 1574): written RPC packet size: [28]
04-03 23:09:49.722 D/RPC     ( 1574): read RPC packet
04-03 23:09:49.722 D/RPC     ( 1574): read RPC packet size: [272]
04-03 23:09:49.722 V/locapi_rpc_glue( 1574): Callback received: 4 (cb_id=0x6260000 handle=1)
04-03 23:09:49.722 V/locapi_rpc_glue( 1574): +loc_api_callback_process_sync_call
04-03 23:09:49.722 V/locapi_rpc_glue( 1574): -loc_api_callback_process_sync_call, no sync call in use
04-03 23:09:49.732 D/RPC     ( 1574): written RPC packet size: [28]
04-03 23:09:49.732 D/RPC     ( 1574): read RPC packet
04-03 23:09:49.732 D/RPC     ( 1574): read RPC packet size: [272]
04-03 23:09:49.732 V/locapi_rpc_glue( 1574): Callback received: 4 (cb_id=0x6260000 handle=1)
04-03 23:09:49.732 V/locapi_rpc_glue( 1574): +loc_api_callback_process_sync_call
04-03 23:09:49.732 V/locapi_rpc_glue( 1574): -loc_api_callback_process_sync_call, no sync call in use
04-03 23:09:49.732 D/RPC     ( 1574): written RPC packet size: [28]
04-03 23:09:49.742 D/RPC     ( 1574): read RPC packet
04-03 23:09:49.742 D/RPC     ( 1574): read RPC packet size: [272]
04-03 23:09:49.742 V/locapi_rpc_glue( 1574): Callback received: 4 (cb_id=0x6260000 handle=1)
04-03 23:09:49.742 V/locapi_rpc_glue( 1574): +loc_api_callback_process_sync_call
04-03 23:09:49.742 V/locapi_rpc_glue( 1574): -loc_api_callback_process_sync_call, no sync call in use
04-03 23:09:49.742 D/RPC     ( 1574): written RPC packet size: [28]
04-03 23:09:50.533 D/RPC     ( 1574): read RPC packet
04-03 23:09:50.533 D/RPC     ( 1574): read RPC packet size: [208]
04-03 23:09:50.543 V/locapi_rpc_glue( 1574): Callback received: 1 (cb_id=0x6260000 handle=1)
04-03 23:09:50.543 V/locapi_rpc_glue( 1574): +loc_api_callback_process_sync_call
04-03 23:09:50.543 V/locapi_rpc_glue( 1574): -loc_api_callback_process_sync_call, no sync call in use
04-03 23:09:50.543 D/lib_locapi( 1574): loc_eng_report_position: valid mask = 0x606d, sess status = 1
04-03 23:09:50.543 D/RPC     ( 1574): written RPC packet size: [28]
04-03 23:09:50.683 D/RPC     ( 1574): read RPC packet
04-03 23:09:50.693 D/RPC     ( 1574): read RPC packet size: [272]
04-03 23:09:50.693 V/locapi_rpc_glue( 1574): Callback received: 4 (cb_id=0x6260000 handle=1)
04-03 23:09:50.693 V/locapi_rpc_glue( 1574): +loc_api_callback_process_sync_call
04-03 23:09:50.693 V/locapi_rpc_glue( 1574): -loc_api_callback_process_sync_call, no sync call in use
04-03 23:09:50.693 D/RPC     ( 1574): written RPC packet size: [28]
04-03 23:09:50.693 D/RPC     ( 1574): read RPC packet
04-03 23:09:50.703 D/RPC     ( 1574): read RPC packet size: [272]
04-03 23:09:50.703 V/locapi_rpc_glue( 1574): Callback received: 4 (cb_id=0x6260000 handle=1)
04-03 23:09:50.703 V/locapi_rpc_glue( 1574): +loc_api_callback_process_sync_call
04-03 23:09:50.703 V/locapi_rpc_glue( 1574): -loc_api_callback_process_sync_call, no sync call in use
04-03 23:09:50.703 D/RPC     ( 1574): written RPC packet size: [28]
04-03 23:09:50.703 D/RPC     ( 1574): read RPC packet
