04-03 23:17:51.402 I/System.out( 2806): Battery level: 97 | Time difference: 270
04-03 23:17:51.692 D/RPC     ( 1574): read RPC packet
04-03 23:17:51.692 D/RPC     ( 1574): read RPC packet size: [272]
04-03 23:17:51.692 V/locapi_rpc_glue( 1574): Callback received: 4 (cb_id=0x6260000 handle=1)
04-03 23:17:51.692 V/locapi_rpc_glue( 1574): +loc_api_callback_process_sync_call
04-03 23:17:51.692 V/locapi_rpc_glue( 1574): -loc_api_callback_process_sync_call, no sync call in use
04-03 23:17:51.692 D/RPC     ( 1574): written RPC packet size: [28]
04-03 23:17:51.692 D/RPC     ( 1574): read RPC packet
04-03 23:17:51.692 D/RPC     ( 1574): read RPC packet size: [272]
04-03 23:17:51.692 V/locapi_rpc_glue( 1574): Callback received: 4 (cb_id=0x6260000 handle=1)
04-03 23:17:51.692 V/locapi_rpc_glue( 1574): +loc_api_callback_process_sync_call
04-03 23:17:51.692 V/locapi_rpc_glue( 1574): -loc_api_callback_process_sync_call, no sync call in use
04-03 23:17:51.702 D/RPC     ( 1574): written RPC packet size: [28]
04-03 23:17:51.702 D/RPC     ( 1574): read RPC packet
04-03 23:17:51.702 D/RPC     ( 1574): read RPC packet size: [272]
04-03 23:17:51.702 V/locapi_rpc_glue( 1574): Callback received: 4 (cb_id=0x6260000 handle=1)
04-03 23:17:51.702 V/locapi_rpc_glue( 1574): +loc_api_callback_process_sync_call
04-03 23:17:51.702 V/locapi_rpc_glue( 1574): -loc_api_callback_process_sync_call, no sync call in use
04-03 23:17:51.702 D/RPC     ( 1574): written RPC packet size: [28]
04-03 23:17:51.712 D/RPC     ( 1574): read RPC packet
04-03 23:17:51.712 D/RPC     ( 1574): read RPC packet size: [272]
04-03 23:17:51.712 V/locapi_rpc_glue( 1574): Callback received: 4 (cb_id=0x6260000 handle=1)
04-03 23:17:51.712 V/locapi_rpc_glue( 1574): +loc_api_callback_process_sync_call
04-03 23:17:51.712 V/locapi_rpc_glue( 1574): -loc_api_callback_process_sync_call, no sync call in use
04-03 23:17:51.712 D/RPC     ( 1574): written RPC packet size: [28]
04-03 23:17:51.712 D/RPC     ( 1574): read RPC packet
04-03 23:17:51.712 D/RPC     ( 1574): read RPC packet size: [96]
04-03 23:17:51.712 V/locapi_rpc_glue( 1574): Callback received: 2 (cb_id=0x6260000 handle=1)
04-03 23:17:51.712 V/locapi_rpc_glue( 1574): +loc_api_callback_process_sync_call
04-03 23:17:51.712 V/locapi_rpc_glue( 1574): -loc_api_callback_process_sync_call, no sync call in use
04-03 23:17:51.712 D/lib_locapi( 1574): loc_eng_report_sv: valid_mask = 0x30, num of sv = 0
04-03 23:17:51.712 D/GpsLocationProvider( 1574): reportSvStatus
04-03 23:17:51.712 V/GpsLocationProvider( 1574): SV count: 0 ephemerisMask: 0 almanacMask: 0
04-03 23:17:51.712 D/RPC     ( 1574): written RPC packet size: [28]
04-03 23:17:51.722 D/RPC     ( 1574): read RPC packet
04-03 23:17:51.722 D/RPC     ( 1574): read RPC packet size: [272]
04-03 23:17:51.722 V/locapi_rpc_glue( 1574): Callback received: 4 (cb_id=0x6260000 handle=1)
04-03 23:17:51.722 V/locapi_rpc_glue( 1574): +loc_api_callback_process_sync_call
04-03 23:17:51.722 V/locapi_rpc_glue( 1574): -loc_api_callback_process_sync_call, no sync call in use
04-03 23:17:51.722 D/RPC     ( 1574): written RPC packet size: [28]
04-03 23:17:51.722 D/RPC     ( 1574): read RPC packet
04-03 23:17:51.732 D/RPC     ( 1574): read RPC packet size: [272]
04-03 23:17:51.732 V/locapi_rpc_glue( 1574): Callback received: 4 (cb_id=0x6260000 handle=1)
04-03 23:17:51.732 V/locapi_rpc_glue( 1574): +loc_api_callback_process_sync_call
04-03 23:17:51.732 V/locapi_rpc_glue( 1574): -loc_api_callback_process_sync_call, no sync call in use
04-03 23:17:51.732 D/RPC     ( 1574): written RPC packet size: [28]
04-03 23:17:51.732 D/RPC     ( 1574): read RPC packet
04-03 23:17:51.732 D/RPC     ( 1574): read RPC packet size: [272]
04-03 23:17:51.732 V/locapi_rpc_glue( 1574): Callback received: 4 (cb_id=0x6260000 handle=1)
04-03 23:17:51.732 V/locapi_rpc_glue( 1574): +loc_api_callback_process_sync_call
04-03 23:17:51.732 V/locapi_rpc_glue( 1574): -loc_api_callback_process_sync_call, no sync call in use
04-03 23:17:51.732 D/RPC     ( 1574): written RPC packet size: [28]
04-03 23:17:51.732 D/RPC     ( 1574): read RPC packet
04-03 23:17:51.742 D/RPC     ( 1574): read RPC packet size: [272]
04-03 23:17:51.742 V/locapi_rpc_glue( 1574): Callback received: 4 (cb_id=0x6260000 handle=1)
04-03 23:17:51.742 V/locapi_rpc_glue( 1574): +loc_api_callback_process_sync_call
04-03 23:17:51.742 V/locapi_rpc_glue( 1574): -loc_api_callback_process_sync_call, no sync call in use
04-03 23:17:51.742 D/RPC     ( 1574): written RPC packet size: [28]
04-03 23:17:51.882 D/RPC     ( 1574): read RPC packet
04-03 23:17:51.882 D/RPC     ( 1574): read RPC packet size: [208]
04-03 23:17:51.882 V/locapi_rpc_glue( 1574): Callback received: 1 (cb_id=0x6260000 handle=1)
04-03 23:17:51.882 V/locapi_rpc_glue( 1574): +loc_api_callback_process_sync_call
04-03 23:17:51.882 V/locapi_rpc_glue( 1574): -loc_api_callback_process_sync_call, no sync call in use
04-03 23:17:51.882 D/lib_locapi( 1574): loc_eng_report_position: valid mask = 0x606d, sess status = 1
04-03 23:17:51.882 D/RPC     ( 1574): written RPC packet size: [28]
04-03 23:17:52.052 I/System.out( 2806): Location: unknown | GPSNavigator running:true
04-03 23:17:52.062 I/System.out( 2806): Battery level: 97 | Time difference: -1
04-03 23:17:52.693 D/RPC     ( 1574): read RPC packet
04-03 23:17:52.693 D/RPC     ( 1574): read RPC packet size: [272]
04-03 23:17:52.693 V/locapi_rpc_glue( 1574): Callback received: 4 (cb_id=0x6260000 handle=1)
04-03 23:17:52.693 V/locapi_rpc_glue( 1574): +loc_api_callback_process_sync_call
04-03 23:17:52.693 V/locapi_rpc_glue( 1574): -loc_api_callback_process_sync_call, no sync call in use
04-03 23:17:52.693 D/RPC     ( 1574): written RPC packet size: [28]
04-03 23:17:52.693 D/RPC     ( 1574): read RPC packet
04-03 23:17:52.703 D/RPC     ( 1574): read RPC packet size: [272]
04-03 23:17:52.703 V/locapi_rpc_glue( 1574): Callback received: 4 (cb_id=0x6260000 handle=1)
04-03 23:17:52.703 V/locapi_rpc_glue( 1574): +loc_api_callback_process_sync_call
04-03 23:17:52.703 V/locapi_rpc_glue( 1574): -loc_api_callback_process_sync_call, no sync call in use
04-03 23:17:52.703 D/RPC     ( 1574): written RPC packet size: [28]
04-03 23:17:52.703 D/RPC     ( 1574): read RPC packet
04-03 23:17:52.703 D/RPC     ( 1574): read RPC packet size: [272]
04-03 23:17:52.703 V/locapi_rpc_glue( 1574): Callback received: 4 (cb_id=0x6260000 handle=1)
04-03 23:17:52.703 V/locapi_rpc_glue( 1574): +loc_api_callback_process_sync_call
04-03 23:17:52.703 V/locapi_rpc_glue( 1574): -loc_api_callback_process_sync_call, no sync call in use
04-03 23:17:52.703 D/RPC     ( 1574): written RPC packet size: [28]
04-03 23:17:52.703 D/RPC     ( 1574): read RPC packet
04-03 23:17:52.713 D/RPC     ( 1574): read RPC packet size: [272]
04-03 23:17:52.713 V/locapi_rpc_glue( 1574): Callback received: 4 (cb_id=0x6260000 handle=1)
04-03 23:17:52.713 V/locapi_rpc_glue( 1574): +loc_api_callback_process_sync_call
04-03 23:17:52.713 V/locapi_rpc_glue( 1574): -loc_api_callback_process_sync_call, no sync call in use
04-03 23:17:52.713 D/RPC     ( 1574): written RPC packet size: [28]
04-03 23:17:52.713 D/RPC     ( 1574): read RPC packet
04-03 23:17:52.713 D/RPC     ( 1574): read RPC packet size: [96]
04-03 23:17:52.713 V/locapi_rpc_glue( 1574): Callback received: 2 (cb_id=0x6260000 handle=1)
04-03 23:17:52.713 V/locapi_rpc_glue( 1574): +loc_api_callback_process_sync_call
04-03 23:17:52.713 V/locapi_rpc_glue( 1574): -loc_api_callback_process_sync_call, no sync call in use
04-03 23:17:52.723 D/lib_locapi( 1574): loc_eng_report_sv: valid_mask = 0x30, num of sv = 0
04-03 23:17:52.723 D/GpsLocationProvider( 1574): reportSvStatus
04-03 23:17:52.723 V/GpsLocationProvider( 1574): SV count: 0 ephemerisMask: 0 almanacMask: 0
04-03 23:17:52.723 D/RPC     ( 1574): written RPC packet size: [28]
04-03 23:17:52.723 D/RPC     ( 1574): read RPC packet
04-03 23:17:52.723 D/RPC     ( 1574): read RPC packet size: [272]
04-03 23:17:52.723 V/locapi_rpc_glue( 1574): Callback received: 4 (cb_id=0x6260000 handle=1)
04-03 23:17:52.723 V/locapi_rpc_glue( 1574): +loc_api_callback_process_sync_call
04-03 23:17:52.723 V/locapi_rpc_glue( 1574): -loc_api_callback_process_sync_call, no sync call in use
04-03 23:17:52.723 D/RPC     ( 1574): written RPC packet size: [28]
04-03 23:17:52.723 D/RPC     ( 1574): read RPC packet
04-03 23:17:52.733 D/RPC     ( 1574): read RPC packet size: [272]
04-03 23:17:52.733 V/locapi_rpc_glue( 1574): Callback received: 4 (cb_id=0x6260000 handle=1)
04-03 23:17:52.733 V/locapi_rpc_glue( 1574): +loc_api_callback_process_sync_call
04-03 23:17:52.733 V/locapi_rpc_glue( 1574): -loc_api_callback_process_sync_call, no sync call in use
04-03 23:17:52.733 D/RPC     ( 1574): written RPC packet size: [28]
04-03 23:17:52.733 D/RPC     ( 1574): read RPC packet
04-03 23:17:52.733 D/RPC     ( 1574): read RPC packet size: [272]
04-03 23:17:52.733 V/locapi_rpc_glue( 1574): Callback received: 4 (cb_id=0x6260000 handle=1)
04-03 23:17:52.733 V/locapi_rpc_glue( 1574): +loc_api_callback_process_sync_call
04-03 23:17:52.733 V/locapi_rpc_glue( 1574): -loc_api_callback_process_sync_call, no sync call in use
04-03 23:17:52.743 D/RPC     ( 1574): written RPC packet size: [28]
04-03 23:17:52.743 D/RPC     ( 1574): read RPC packet
04-03 23:17:52.743 D/RPC     ( 1574): read RPC packet size: [272]
04-03 23:17:52.743 V/locapi_rpc_glue( 1574): Callback received: 4 (cb_id=0x6260000 handle=1)
04-03 23:17:52.743 V/locapi_rpc_glue( 1574): +loc_api_callback_process_sync_call
04-03 23:17:52.743 V/locapi_rpc_glue( 1574): -loc_api_callback_process_sync_call, no sync call in use
04-03 23:17:52.743 D/RPC     ( 1574): written RPC packet size: [28]
04-03 23:17:52.883 D/RPC     ( 1574): read RPC packet
04-03 23:17:52.883 D/RPC     ( 1574): read RPC packet size: [208]
04-03 23:17:52.883 V/locapi_rpc_glue( 1574): Callback received: 1 (cb_id=0x6260000 handle=1)
04-03 23:17:52.883 V/locapi_rpc_glue( 1574): +loc_api_callback_process_sync_call
04-03 23:17:52.883 V/locapi_rpc_glue( 1574): -loc_api_callback_process_sync_call, no sync call in use
04-03 23:17:52.883 D/lib_locapi( 1574): loc_eng_report_position: valid mask = 0x606d, sess status = 1
04-03 23:17:52.883 D/RPC     ( 1574): written RPC packet size: [28]
04-03 23:17:53.694 D/RPC     ( 1574): read RPC packet
04-03 23:17:53.694 D/RPC     ( 1574): read RPC packet size: [272]
04-03 23:17:53.694 V/locapi_rpc_glue( 1574): Callback received: 4 (cb_id=0x6260000 handle=1)
04-03 23:17:53.694 V/locapi_rpc_glue( 1574): +loc_api_callback_process_sync_call
04-03 23:17:53.694 V/locapi_rpc_glue( 1574): -loc_api_callback_process_sync_call, no sync call in use
04-03 23:17:53.694 D/RPC     ( 1574): written RPC packet size: [28]
04-03 23:17:53.694 D/RPC     ( 1574): read RPC packet
04-03 23:17:53.694 D/RPC     ( 1574): read RPC packet size: [272]
04-03 23:17:53.694 V/locapi_rpc_glue( 1574): Callback received: 4 (cb_id=0x6260000 handle=1)
04-03 23:17:53.704 V/locapi_rpc_glue( 1574): +loc_api_callback_process_sync_call
04-03 23:17:53.704 V/locapi_rpc_glue( 1574): -loc_api_callback_process_sync_call, no sync call in use
04-03 23:17:53.704 D/RPC     ( 1574): written RPC packet size: [28]
04-03 23:17:53.704 D/RPC     ( 1574): read RPC packet
04-03 23:17:53.704 D/RPC     ( 1574): read RPC packet size: [272]
04-03 23:17:53.704 V/locapi_rpc_glue( 1574): Callback received: 4 (cb_id=0x6260000 handle=1)
04-03 23:17:53.704 V/locapi_rpc_glue( 1574): +loc_api_callback_process_sync_call
04-03 23:17:53.704 V/locapi_rpc_glue( 1574): -loc_api_callback_process_sync_call, no sync call in use
04-03 23:17:53.704 D/RPC     ( 1574): written RPC packet size: [28]
04-03 23:17:53.704 D/RPC     ( 1574): read RPC packet
04-03 23:17:53.714 D/RPC     ( 1574): read RPC packet size: [272]
04-03 23:17:53.714 V/locapi_rpc_glue( 1574): Callback received: 4 (cb_id=0x6260000 handle=1)
04-03 23:17:53.714 V/locapi_rpc_glue( 1574): +loc_api_callback_process_sync_call
04-03 23:17:53.714 V/locapi_rpc_glue( 1574): -loc_api_callback_process_sync_call, no sync call in use
04-03 23:17:53.714 D/RPC     ( 1574): written RPC packet size: [28]
04-03 23:17:53.714 D/RPC     ( 1574): read RPC packet
04-03 23:17:53.714 D/RPC     ( 1574): read RPC packet size: [96]
04-03 23:17:53.714 V/locapi_rpc_glue( 1574): Callback received: 2 (cb_id=0x6260000 handle=1)
04-03 23:17:53.714 V/locapi_rpc_glue( 1574): +loc_api_callback_process_sync_call
04-03 23:17:53.714 V/locapi_rpc_glue( 1574): -loc_api_callback_process_sync_call, no sync call in use
04-03 23:17:53.714 D/lib_locapi( 1574): loc_eng_report_sv: valid_mask = 0x30, num of sv = 0
04-03 23:17:53.724 D/GpsLocationProvider( 1574): reportSvStatus
04-03 23:17:53.724 V/GpsLocationProvider( 1574): SV count: 0 ephemerisMask: 0 almanacMask: 0
04-03 23:17:53.724 D/RPC     ( 1574): written RPC packet size: [28]
04-03 23:17:53.724 D/RPC     ( 1574): read RPC packet
04-03 23:17:53.724 D/RPC     ( 1574): read RPC packet size: [272]
04-03 23:17:53.724 V/locapi_rpc_glue( 1574): Callback received: 4 (cb_id=0x6260000 handle=1)
04-03 23:17:53.724 V/locapi_rpc_glue( 1574): +loc_api_callback_process_sync_call
04-03 23:17:53.724 V/locapi_rpc_glue( 1574): -loc_api_callback_process_sync_call, no sync call in use
04-03 23:17:53.724 D/RPC     ( 1574): written RPC packet size: [28]
04-03 23:17:53.724 D/RPC     ( 1574): read RPC packet
04-03 23:17:53.724 D/RPC     ( 1574): read RPC packet size: [272]
04-03 23:17:53.734 V/locapi_rpc_glue( 1574): Callback received: 4 (cb_id=0x6260000 handle=1)
04-03 23:17:53.734 V/locapi_rpc_glue( 1574): +loc_api_callback_process_sync_call
04-03 23:17:53.734 V/locapi_rpc_glue( 1574): -loc_api_callback_process_sync_call, no sync call in use
04-03 23:17:53.734 D/RPC     ( 1574): written RPC packet size: [28]
04-03 23:17:53.734 D/RPC     ( 1574): read RPC packet
04-03 23:17:53.734 D/RPC     ( 1574): read RPC packet size: [272]
04-03 23:17:53.734 V/locapi_rpc_glue( 1574): Callback received: 4 (cb_id=0x6260000 handle=1)
04-03 23:17:53.734 V/locapi_rpc_glue( 1574): +loc_api_callback_process_sync_call
04-03 23:17:53.744 V/locapi_rpc_glue( 1574): -loc_api_callback_process_sync_call, no sync call in use
04-03 23:17:53.754 D/RPC     ( 1574): written RPC packet size: [28]
04-03 23:17:53.774 D/RPC     ( 1574): read RPC packet
04-03 23:17:53.784 D/RPC     ( 1574): read RPC packet size: [272]
04-03 23:17:53.794 V/locapi_rpc_glue( 1574): Callback received: 4 (cb_id=0x6260000 handle=1)
04-03 23:17:53.804 V/locapi_rpc_glue( 1574): +loc_api_callback_process_sync_call
04-03 23:17:53.804 V/locapi_rpc_glue( 1574): -loc_api_callback_process_sync_call, no sync call in use
04-03 23:17:53.804 D/RPC     ( 1574): written RPC packet size: [28]
04-03 23:17:53.884 D/RPC     ( 1574): read RPC packet
04-03 23:17:53.884 D/RPC     ( 1574): read RPC packet size: [208]
04-03 23:17:53.884 V/locapi_rpc_glue( 1574): Callback received: 1 (cb_id=0x6260000 handle=1)
04-03 23:17:53.884 V/locapi_rpc_glue( 1574): +loc_api_callback_process_sync_call
04-03 23:17:53.884 V/locapi_rpc_glue( 1574): -loc_api_callback_process_sync_call, no sync call in use
04-03 23:17:53.884 D/lib_locapi( 1574): loc_eng_report_position: valid mask = 0x606d, sess status = 1
04-03 23:17:53.884 D/RPC     ( 1574): written RPC packet size: [28]
04-03 23:17:54.405 I/System.out( 2806): Location: unknown | GPSNavigator running:true
04-03 23:17:54.405 I/System.out( 2806): Battery level: 97 | Time difference: 270
04-03 23:17:54.695 D/RPC     ( 1574): read RPC packet
04-03 23:17:54.695 D/RPC     ( 1574): read RPC packet size: [272]
04-03 23:17:54.695 V/locapi_rpc_glue( 1574): Callback received: 4 (cb_id=0x6260000 handle=1)
04-03 23:17:54.695 V/locapi_rpc_glue( 1574): +loc_api_callback_process_sync_call
04-03 23:17:54.695 V/locapi_rpc_glue( 1574): -loc_api_callback_process_sync_call, no sync call in use
04-03 23:17:54.695 D/RPC     ( 1574): written RPC packet size: [28]
04-03 23:17:54.695 D/RPC     ( 1574): read RPC packet
04-03 23:17:54.695 D/RPC     ( 1574): read RPC packet size: [272]
04-03 23:17:54.695 V/locapi_rpc_glue( 1574): Callback received: 4 (cb_id=0x6260000 handle=1)
04-03 23:17:54.695 V/locapi_rpc_glue( 1574): +loc_api_callback_process_sync_call
04-03 23:17:54.695 V/locapi_rpc_glue( 1574): -loc_api_callback_process_sync_call, no sync call in use
04-03 23:17:54.695 D/RPC     ( 1574): written RPC packet size: [28]
04-03 23:17:54.695 D/RPC     ( 1574): read RPC packet
04-03 23:17:54.695 D/RPC     ( 1574): read RPC packet size: [272]
04-03 23:17:54.695 V/locapi_rpc_glue( 1574): Callback received: 4 (cb_id=0x6260000 handle=1)
04-03 23:17:54.695 V/locapi_rpc_glue( 1574): +loc_api_callback_process_sync_call
04-03 23:17:54.695 V/locapi_rpc_glue( 1574): -loc_api_callback_process_sync_call, no sync call in use
04-03 23:17:54.695 D/RPC     ( 1574): written RPC packet size: [28]
04-03 23:17:54.695 D/RPC     ( 1574): read RPC packet
04-03 23:17:54.695 D/RPC     ( 1574): read RPC packet size: [272]
04-03 23:17:54.695 V/locapi_rpc_glue( 1574): Callback received: 4 (cb_id=0x6260000 handle=1)
04-03 23:17:54.695 V/locapi_rpc_glue( 1574): +loc_api_callback_process_sync_call
04-03 23:17:54.695 V/locapi_rpc_glue( 1574): -loc_api_callback_process_sync_call, no sync call in use
04-03 23:17:54.695 D/RPC     ( 1574): written RPC packet size: [28]
04-03 23:17:54.695 D/RPC     ( 1574): read RPC packet
04-03 23:17:54.695 D/RPC     ( 1574): read RPC packet size: [96]
04-03 23:17:54.695 V/locapi_rpc_glue( 1574): Callback received: 2 (cb_id=0x6260000 handle=1)
04-03 23:17:54.695 V/locapi_rpc_glue( 1574): +loc_api_callback_process_sync_call
04-03 23:17:54.695 V/locapi_rpc_glue( 1574): -loc_api_callback_process_sync_call, no sync call in use
04-03 23:17:54.695 D/lib_locapi( 1574): loc_eng_report_sv: valid_mask = 0x30, num of sv = 0
04-03 23:17:54.695 D/GpsLocationProvider( 1574): reportSvStatus
04-03 23:17:54.695 V/GpsLocationProvider( 1574): SV count: 0 ephemerisMask: 0 almanacMask: 0
04-03 23:17:54.695 D/RPC     ( 1574): written RPC packet size: [28]
04-03 23:17:54.695 D/RPC     ( 1574): read RPC packet
04-03 23:17:54.695 D/RPC     ( 1574): read RPC packet size: [272]
04-03 23:17:54.705 V/locapi_rpc_glue( 1574): Callback received: 4 (cb_id=0x6260000 handle=1)
04-03 23:17:54.705 V/locapi_rpc_glue( 1574): +loc_api_callback_process_sync_call
04-03 23:17:54.705 V/locapi_rpc_glue( 1574): -loc_api_callback_process_sync_call, no sync call in use
04-03 23:17:54.705 D/RPC     ( 1574): written RPC packet size: [28]
04-03 23:17:54.705 D/RPC     ( 1574): read RPC packet
04-03 23:17:54.705 D/RPC     ( 1574): read RPC packet size: [272]
04-03 23:17:54.705 V/locapi_rpc_glue( 1574): Callback received: 4 (cb_id=0x6260000 handle=1)
04-03 23:17:54.705 V/locapi_rpc_glue( 1574): +loc_api_callback_process_sync_call
04-03 23:17:54.705 V/locapi_rpc_glue( 1574): -loc_api_callback_process_sync_call, no sync call in use
04-03 23:17:54.705 D/RPC     ( 1574): written RPC packet size: [28]
04-03 23:17:54.705 D/RPC     ( 1574): read RPC packet
04-03 23:17:54.705 D/RPC     ( 1574): read RPC packet size: [272]
04-03 23:17:54.705 V/locapi_rpc_glue( 1574): Callback received: 4 (cb_id=0x6260000 handle=1)
04-03 23:17:54.705 V/locapi_rpc_glue( 1574): +loc_api_callback_process_sync_call
04-03 23:17:54.705 V/locapi_rpc_glue( 1574): -loc_api_callback_process_sync_call, no sync call in use
04-03 23:17:54.705 D/RPC     ( 1574): written RPC packet size: [28]
04-03 23:17:54.705 D/RPC     ( 1574): read RPC packet
04-03 23:17:54.705 D/RPC     ( 1574): read RPC packet size: [272]
04-03 23:17:54.715 V/locapi_rpc_glue( 1574): Callback received: 4 (cb_id=0x6260000 handle=1)
04-03 23:17:54.715 V/locapi_rpc_glue( 1574): +loc_api_callback_process_sync_call
04-03 23:17:54.715 V/locapi_rpc_glue( 1574): -loc_api_callback_process_sync_call, no sync call in use
04-03 23:17:54.715 D/RPC     ( 1574): written RPC packet size: [28]
04-03 23:17:54.875 D/RPC     ( 1574): read RPC packet
04-03 23:17:54.875 D/RPC     ( 1574): read RPC packet size: [208]
04-03 23:17:54.875 V/locapi_rpc_glue( 1574): Callback received: 1 (cb_id=0x6260000 handle=1)
04-03 23:17:54.875 V/locapi_rpc_glue( 1574): +loc_api_callback_process_sync_call
04-03 23:17:54.875 V/locapi_rpc_glue( 1574): -loc_api_callback_process_sync_call, no sync call in use
04-03 23:17:54.875 D/lib_locapi( 1574): loc_eng_report_position: valid mask = 0x606d, sess status = 1
04-03 23:17:54.875 D/RPC     ( 1574): written RPC packet size: [28]
04-03 23:17:55.055 I/System.out( 2806): Location: unknown | GPSNavigator running:true
04-03 23:17:55.055 I/System.out( 2806): Battery level: 97 | Time difference: -1
04-03 23:17:55.696 D/RPC     ( 1574): read RPC packet
04-03 23:17:55.696 D/RPC     ( 1574): read RPC packet size: [272]
04-03 23:17:55.696 V/locapi_rpc_glue( 1574): Callback received: 4 (cb_id=0x6260000 handle=1)
04-03 23:17:55.696 V/locapi_rpc_glue( 1574): +loc_api_callback_process_sync_call
04-03 23:17:55.696 V/locapi_rpc_glue( 1574): -loc_api_callback_process_sync_call, no sync call in use
04-03 23:17:55.696 D/RPC     ( 1574): written RPC packet size: [28]
04-03 23:17:55.696 D/RPC     ( 1574): read RPC packet
04-03 23:17:55.696 D/RPC     ( 1574): read RPC packet size: [272]
04-03 23:17:55.696 V/locapi_rpc_glue( 1574): Callback received: 4 (cb_id=0x6260000 handle=1)
04-03 23:17:55.696 V/locapi_rpc_glue( 1574): +loc_api_callback_process_sync_call
04-03 23:17:55.696 V/locapi_rpc_glue( 1574): -loc_api_callback_process_sync_call, no sync call in use
04-03 23:17:55.696 D/RPC     ( 1574): written RPC packet size: [28]
04-03 23:17:55.696 D/RPC     ( 1574): read RPC packet
04-03 23:17:55.706 D/RPC     ( 1574): read RPC packet size: [272]
04-03 23:17:55.706 V/locapi_rpc_glue( 1574): Callback received: 4 (cb_id=0x6260000 handle=1)
04-03 23:17:55.706 V/locapi_rpc_glue( 1574): +loc_api_callback_process_sync_call
04-03 23:17:55.706 V/locapi_rpc_glue( 1574): -loc_api_callback_process_sync_call, no sync call in use
04-03 23:17:55.706 D/RPC     ( 1574): written RPC packet size: [28]
04-03 23:17:55.706 D/RPC     ( 1574): read RPC packet
04-03 23:17:55.706 D/RPC     ( 1574): read RPC packet size: [272]
04-03 23:17:55.706 V/locapi_rpc_glue( 1574): Callback received: 4 (cb_id=0x6260000 handle=1)
04-03 23:17:55.706 V/locapi_rpc_glue( 1574): +loc_api_callback_process_sync_call
04-03 23:17:55.716 V/locapi_rpc_glue( 1574): -loc_api_callback_process_sync_call, no sync call in use
04-03 23:17:55.716 D/RPC     ( 1574): written RPC packet size: [28]
04-03 23:17:55.716 D/RPC     ( 1574): read RPC packet
04-03 23:17:55.716 D/RPC     ( 1574): read RPC packet size: [96]
04-03 23:17:55.716 V/locapi_rpc_glue( 1574): Callback received: 2 (cb_id=0x6260000 handle=1)
04-03 23:17:55.716 V/locapi_rpc_glue( 1574): +loc_api_callback_process_sync_call
04-03 23:17:55.716 V/locapi_rpc_glue( 1574): -loc_api_callback_process_sync_call, no sync call in use
04-03 23:17:55.716 D/lib_locapi( 1574): loc_eng_report_sv: valid_mask = 0x30, num of sv = 0
04-03 23:17:55.716 D/GpsLocationProvider( 1574): reportSvStatus
04-03 23:17:55.716 V/GpsLocationProvider( 1574): SV count: 0 ephemerisMask: 0 almanacMask: 0
04-03 23:17:55.716 D/RPC     ( 1574): written RPC packet size: [28]
04-03 23:17:55.726 D/RPC     ( 1574): read RPC packet
04-03 23:17:55.726 D/RPC     ( 1574): read RPC packet size: [272]
04-03 23:17:55.726 V/locapi_rpc_glue( 1574): Callback received: 4 (cb_id=0x6260000 handle=1)
04-03 23:17:55.726 V/locapi_rpc_glue( 1574): +loc_api_callback_process_sync_call
04-03 23:17:55.726 V/locapi_rpc_glue( 1574): -loc_api_callback_process_sync_call, no sync call in use
04-03 23:17:55.726 D/RPC     ( 1574): written RPC packet size: [28]
04-03 23:17:55.736 D/RPC     ( 1574): read RPC packet
04-03 23:17:55.736 D/RPC     ( 1574): read RPC packet size: [272]
04-03 23:17:55.736 V/locapi_rpc_glue( 1574): Callback received: 4 (cb_id=0x6260000 handle=1)
04-03 23:17:55.736 V/locapi_rpc_glue( 1574): +loc_api_callback_process_sync_call
04-03 23:17:55.736 V/locapi_rpc_glue( 1574): -loc_api_callback_process_sync_call, no sync call in use
04-03 23:17:55.736 D/RPC     ( 1574): written RPC packet size: [28]
04-03 23:17:55.736 D/RPC     ( 1574): read RPC packet
04-03 23:17:55.746 D/RPC     ( 1574): read RPC packet size: [272]
04-03 23:17:55.746 V/locapi_rpc_glue( 1574): Callback received: 4 (cb_id=0x6260000 handle=1)
04-03 23:17:55.746 V/locapi_rpc_glue( 1574): +loc_api_callback_process_sync_call
04-03 23:17:55.746 V/locapi_rpc_glue( 1574): -loc_api_callback_process_sync_call, no sync call in use
04-03 23:17:55.746 D/RPC     ( 1574): written RPC packet size: [28]
04-03 23:17:55.746 D/RPC     ( 1574): read RPC packet
04-03 23:17:55.746 D/RPC     ( 1574): read RPC packet size: [272]
04-03 23:17:55.756 V/locapi_rpc_glue( 1574): Callback received: 4 (cb_id=0x6260000 handle=1)
04-03 23:17:55.766 V/locapi_rpc_glue( 1574): +loc_api_callback_process_sync_call
04-03 23:17:55.776 V/locapi_rpc_glue( 1574): -loc_api_callback_process_sync_call, no sync call in use
04-03 23:17:55.776 D/RPC     ( 1574): written RPC packet size: [28]
04-03 23:17:55.886 D/RPC     ( 1574): read RPC packet
04-03 23:17:55.886 D/RPC     ( 1574): read RPC packet size: [208]
04-03 23:17:55.886 V/locapi_rpc_glue( 1574): Callback received: 1 (cb_id=0x6260000 handle=1)
04-03 23:17:55.886 V/locapi_rpc_glue( 1574): +loc_api_callback_process_sync_call
04-03 23:17:55.886 V/locapi_rpc_glue( 1574): -loc_api_callback_process_sync_call, no sync call in use
04-03 23:17:55.886 D/lib_locapi( 1574): loc_eng_report_position: valid mask = 0x606d, sess status = 1
04-03 23:17:55.886 D/RPC     ( 1574): written RPC packet size: [28]
04-03 23:17:55.956 V/LocationManagerService( 1574): _removeUpdates: listener = Receiver{411ada70 Listener android.os.BinderProxy@411ada28}mUpdateRecords: {gps=UpdateRecord{411ae210 mProvider: gps mUid: 10115}}
04-03 23:17:55.956 D/GpsLocationProvider( 1574): setMinTime 0
04-03 23:17:56.687 D/RPC     ( 1574): read RPC packet
04-03 23:17:56.687 D/RPC     ( 1574): read RPC packet size: [272]
04-03 23:17:56.687 V/locapi_rpc_glue( 1574): Callback received: 4 (cb_id=0x6260000 handle=1)
04-03 23:17:56.687 V/locapi_rpc_glue( 1574): +loc_api_callback_process_sync_call
04-03 23:17:56.687 V/locapi_rpc_glue( 1574): -loc_api_callback_process_sync_call, no sync call in use
04-03 23:17:56.687 D/RPC     ( 1574): written RPC packet size: [28]
04-03 23:17:56.687 D/RPC     ( 1574): read RPC packet
04-03 23:17:56.687 D/RPC     ( 1574): read RPC packet size: [272]
04-03 23:17:56.687 V/locapi_rpc_glue( 1574): Callback received: 4 (cb_id=0x6260000 handle=1)
04-03 23:17:56.687 V/locapi_rpc_glue( 1574): +loc_api_callback_process_sync_call
04-03 23:17:56.687 V/locapi_rpc_glue( 1574): -loc_api_callback_process_sync_call, no sync call in use
04-03 23:17:56.687 D/RPC     ( 1574): written RPC packet size: [28]
04-03 23:17:56.697 D/GpsLocationProvider( 1574): removeListener
04-03 23:17:56.697 V/LocationManagerService( 1574): _removeUpdates: listener = Receiver{40c59808 Listener android.os.BinderProxy@40c597c0}mUpdateRecords: {gps=UpdateRecord{40c59f80 mProvider: gps mUid: 10115}}
04-03 23:17:56.707 D/GpsLocationProvider( 1574): [handleMessage] message :9
04-03 23:17:56.707 V/GpsLocationProvider( 1574): enableLocationTracking ++
04-03 23:17:56.707 D/GpsLocationProvider( 1574): [shen] debug
04-03 23:17:56.707 D/RPC     ( 1574): read RPC packet
04-03 23:17:56.707 D/RPC     ( 1574): read RPC packet size: [272]
04-03 23:17:56.707 V/locapi_rpc_glue( 1574): Callback received: 4 (cb_id=0x6260000 handle=1)
04-03 23:17:56.707 V/LocationManagerService( 1574): removeUpdatesLocked: enableLocationTracking(false)
04-03 23:17:56.717 V/locapi_rpc_glue( 1574): +loc_api_callback_process_sync_call
04-03 23:17:56.717 V/locapi_rpc_glue( 1574): -loc_api_callback_process_sync_call, no sync call in use
04-03 23:17:56.717 D/RPC     ( 1574): written RPC packet size: [28]
04-03 23:17:56.717 D/RPC     ( 1574): read RPC packet
04-03 23:17:56.717 D/RPC     ( 1574): read RPC packet size: [272]
04-03 23:17:56.717 V/locapi_rpc_glue( 1574): Callback received: 4 (cb_id=0x6260000 handle=1)
04-03 23:17:56.717 V/locapi_rpc_glue( 1574): +loc_api_callback_process_sync_call
04-03 23:17:56.717 V/locapi_rpc_glue( 1574): -loc_api_callback_process_sync_call, no sync call in use
04-03 23:17:56.717 D/RPC     ( 1574): written RPC packet size: [28]
04-03 23:17:56.717 D/GpsLocationProvider( 1574): [handleMessage] handleRemoveListener
04-03 23:17:56.717 D/GpsLocationProvider( 1574): removeListener(uk.ac.st_andrews.cs.host.mk74.locygpslocalization)
04-03 23:17:56.717 D/GpsLocationProvider( 1574): [handleMessage] message :3
04-03 23:17:56.717 D/RPC     ( 1574): read RPC packet
04-03 23:17:56.717 D/RPC     ( 1574): read RPC packet size: [96]
04-03 23:17:56.717 V/locapi_rpc_glue( 1574): Callback received: 2 (cb_id=0x6260000 handle=1)
04-03 23:17:56.717 V/locapi_rpc_glue( 1574): +loc_api_callback_process_sync_call
04-03 23:17:56.717 V/locapi_rpc_glue( 1574): -loc_api_callback_process_sync_call, no sync call in use
04-03 23:17:56.717 D/lib_locapi( 1574): loc_eng_report_sv: valid_mask = 0x30, num of sv = 0
04-03 23:17:56.717 D/GpsLocationProvider( 1574): reportSvStatus
04-03 23:17:56.717 V/GpsLocationProvider( 1574): SV count: 0 ephemerisMask: 0 almanacMask: 0
04-03 23:17:56.727 D/RPC     ( 1574): written RPC packet size: [28]
04-03 23:17:56.727 D/GpsLocationProvider( 1574): [handleMessage] ENABLE_TRACKING
04-03 23:17:56.727 D/RPC     ( 1574): read RPC packet
04-03 23:17:56.727 D/RPC     ( 1574): read RPC packet size: [272]
04-03 23:17:56.727 V/locapi_rpc_glue( 1574): Callback received: 4 (cb_id=0x6260000 handle=1)
04-03 23:17:56.727 V/locapi_rpc_glue( 1574): +loc_api_callback_process_sync_call
04-03 23:17:56.727 V/locapi_rpc_glue( 1574): -loc_api_callback_process_sync_call, no sync call in use
04-03 23:17:56.727 D/RPC     ( 1574): written RPC packet size: [28]
04-03 23:17:56.727 D/RPC     ( 1574): read RPC packet
04-03 23:17:56.727 D/RPC     ( 1574): read RPC packet size: [272]
04-03 23:17:56.727 V/locapi_rpc_glue( 1574): Callback received: 4 (cb_id=0x6260000 handle=1)
04-03 23:17:56.727 V/locapi_rpc_glue( 1574): +loc_api_callback_process_sync_call
04-03 23:17:56.727 V/locapi_rpc_glue( 1574): -loc_api_callback_process_sync_call, no sync call in use
04-03 23:17:56.727 D/RPC     ( 1574): written RPC packet size: [28]
04-03 23:17:56.727 D/RPC     ( 1574): read RPC packet
04-03 23:17:56.727 D/RPC     ( 1574): read RPC packet size: [272]
04-03 23:17:56.727 V/locapi_rpc_glue( 1574): Callback received: 4 (cb_id=0x6260000 handle=1)
04-03 23:17:56.727 V/locapi_rpc_glue( 1574): +loc_api_callback_process_sync_call
04-03 23:17:56.727 V/locapi_rpc_glue( 1574): -loc_api_callback_process_sync_call, no sync call in use
04-03 23:17:56.737 D/RPC     ( 1574): written RPC packet size: [28]
04-03 23:17:56.737 D/RPC     ( 1574): read RPC packet
04-03 23:17:56.737 D/RPC     ( 1574): read RPC packet size: [272]
04-03 23:17:56.737 V/locapi_rpc_glue( 1574): Callback received: 4 (cb_id=0x6260000 handle=1)
04-03 23:17:56.737 V/locapi_rpc_glue( 1574): +loc_api_callback_process_sync_call
04-03 23:17:56.737 V/locapi_rpc_glue( 1574): -loc_api_callback_process_sync_call, no sync call in use
04-03 23:17:56.737 D/RPC     ( 1574): written RPC packet size: [28]
04-03 23:17:56.737 D/GpsLocationProvider( 1574): stopNavigating
04-03 23:17:56.737 D/lib_locapi( 1574): [GPS:] loc_eng_stop
04-03 23:17:56.737 D/locapi_rpc_glue( 1574): loc_stop_fix
04-03 23:17:56.737 D/RPC     ( 1574): written RPC packet size: [44]
04-03 23:17:56.737 D/RPC     ( 1574): read RPC packet
04-03 23:17:56.737 D/RPC     ( 1574): read RPC packet size: [28]
04-03 23:17:56.737 D/lib_locapi( 1574): loc_eng_report_status: update status
04-03 23:17:56.737 D/RPC     ( 1574): read RPC packet
04-03 23:17:56.737 D/RPC     ( 1574): read RPC packet size: [208]
04-03 23:17:56.737 V/locapi_rpc_glue( 1574): Callback received: 1 (cb_id=0x6260000 handle=1)
04-03 23:17:56.737 V/locapi_rpc_glue( 1574): +loc_api_callback_process_sync_call
04-03 23:17:56.737 V/locapi_rpc_glue( 1574): -loc_api_callback_process_sync_call, no sync call in use
04-03 23:17:56.747 D/lib_locapi( 1574): loc_eng_report_position: valid mask = 0x1, sess status = 4
04-03 23:17:56.747 D/RPC     ( 1574): written RPC packet size: [28]
04-03 23:17:56.747 V/GpsLocationProvider( 1574): reportStatus status: 2
04-03 23:17:56.747 D/RPC     ( 1574): read RPC packet
04-03 23:17:56.747 D/RPC     ( 1574): read RPC packet size: [80]
04-03 23:17:56.747 V/locapi_rpc_glue( 1574): Callback received: 100 (cb_id=0x6260000 handle=1)
04-03 23:17:56.747 V/locapi_rpc_glue( 1574): +loc_api_callback_process_sync_call
04-03 23:17:56.747 V/locapi_rpc_glue( 1574): -loc_api_callback_process_sync_call, no sync call in use
04-03 23:17:56.747 D/lib_locapi( 1574): [GPS:] loc_eng_report_status: GPS_STATUS_SESSION_END
04-03 23:17:56.747 D/RPC     ( 1574): written RPC packet size: [28]
04-03 23:17:56.747 W/GpsLocationProvider( 1574): GPS notify that the GPS has been change action
04-03 23:17:56.767 W/GpsLocationProvider( 1574): GPS_ENABLED_CHANGE_ACTION: android.location.GPS_ENABLED_CHANGE EXTRA_GPS_ENABLED: enabled
04-03 23:17:56.767 D/GpsLocationProvider( 1574): [reportStatus] mNavigating:false mEngineOn:true mDownloadXtraDataPending:true
04-03 23:17:56.767 D/lights  ( 1574): [LedInfo] write attr ok name=/sys/class/leds/amber/brightness string=0,len=1
04-03 23:17:56.767 D/lights  ( 1574): [LedInfo] write attr ok name=/sys/class/leds/amber/blink string=0,len=1
04-03 23:17:56.767 D/lights  ( 1574): [LedInfo] write attr ok name=/sys/class/leds/amber/off_timer string=0 0,len=3
04-03 23:17:56.767 V/NotificationService( 1574): dual Led off
04-03 23:17:56.777 D/lights  ( 1574): [LedInfo] write attr ok name=/sys/class/leds/green/brightness string=0,len=1
04-03 23:17:56.777 D/lights  ( 1574): [LedInfo] write attr ok name=/sys/class/leds/green/blink string=0,len=1
04-03 23:17:56.777 D/lights  ( 1574): [LedInfo] write attr ok name=/sys/class/leds/green/off_timer string=0 0,len=3
04-03 23:17:56.787 D/RPC     ( 1574): read RPC packet
04-03 23:17:56.787 D/RPC     ( 1574): read RPC packet size: [80]
04-03 23:17:56.787 V/locapi_rpc_glue( 1574): Callback received: 100 (cb_id=0x6260000 handle=1)
04-03 23:17:56.787 D/NotificationService( 1574): cancelNotification, ACTION_NOTIFICATION_REMOVE,pkg=com.android.systemui,id=252119
04-03 23:17:56.797 V/locapi_rpc_glue( 1574): +loc_api_callback_process_sync_call
04-03 23:17:56.797 V/locapi_rpc_glue( 1574): -loc_api_callback_process_sync_call, no sync call in use
04-03 23:17:56.797 D/lib_locapi( 1574): [GPS:] loc_eng_report_status: GPS_STATUS_ENGINE_OFF
04-03 23:17:56.797 D/lib_locapi( 1574): [GPS:] loc_eng_report_status: issue callback with status 4
04-03 23:17:56.797 V/GpsLocationProvider( 1574): reportStatus status: 0
04-03 23:17:56.797 D/GpsLocationProvider( 1574): [reportStatus] mNavigating:false mEngineOn:true mDownloadXtraDataPending:true
04-03 23:17:56.797 D/lib_locapi( 1574): [GPS:] loc_eng_report_status: update status
04-03 23:17:56.797 V/GpsLocationProvider( 1574): reportStatus status: 4
04-03 23:17:56.797 D/GpsLocationProvider( 1574): [reportStatus] mNavigating:false mEngineOn:false mDownloadXtraDataPending:true
04-03 23:17:56.797 D/GpsLocationProvider( 1574): [reportStatus] trigger DOWNLOAD_XTRA_DATA
04-03 23:17:56.797 D/RPC     ( 1574): written RPC packet size: [28]
04-03 23:17:56.797 D/msm7x30.gralloc( 1438): gpu_context_t::getGrallocInformationFromFormat  2 
04-03 23:17:56.807 D/GpsLocationProvider( 1574): [handleMessage] message :6
04-03 23:17:56.807 D/GpsLocationProvider( 1574): [handleMessage] DOWNLOAD_XTRA_DATA mSupportsXtra:true
04-03 23:17:56.807 D/GpsLocationProvider( 1574): handleDownloadXtraData+++
04-03 23:17:56.807 D/GpsLocationProvider( 1574): [handleDownloadXtraData] mNetworkAvailable:false mDisableXtraDownload:false mNavigating:false mEngineOn:false
04-03 23:17:56.817 D/GpsLocationProvider( 1574): [handleDownloadXtraData] pending until Network available or GPS Engine stop
04-03 23:17:57.398 I/System.out( 2806): Location: unknown | GPSNavigator running:true
04-03 23:17:57.398 I/System.out( 2806): Battery level: 97 | Time difference: 270
04-03 23:17:58.058 I/System.out( 2806): Location: unknown | GPSNavigator running:true
04-03 23:17:58.058 I/System.out( 2806): Battery level: 97 | Time difference: -1
04-03 23:18:00.401 I/System.out( 2806): Location: unknown | GPSNavigator running:true
04-03 23:18:00.401 I/System.out( 2806): Battery level: 97 | Time difference: 270
04-03 23:18:01.061 I/System.out( 2806): Location: unknown | GPSNavigator running:true
04-03 23:18:01.061 I/System.out( 2806): Battery level: 97 | Time difference: -1
04-03 23:18:01.071 V/WindowManager( 1574): onOrientationChanged, rotation changed to 0
04-03 23:18:01.151 V/WindowManager( 1574): onOrientationChanged, rotation changed to 0
04-03 23:18:01.221 V/WindowManager( 1574): onOrientationChanged, rotation changed to 0
04-03 23:18:01.281 D/SurfaceFlinger( 1438): getTokenForSurface(0xa27dc) => 0 (client=0xa2688, bitmap=00000003), pid=0
04-03 23:18:01.281 D/msm7x30.gralloc( 1438): gpu_context_t::getGrallocInformationFromFormat  2 
04-03 23:18:01.312 D/lights  ( 1574): set_light_buttons_func: on=0 brightness=0
04-03 23:18:01.312 D/PowerManagerService( 1574): button light setOrientation:0
04-03 23:18:01.322 D/lights  ( 1574): set_light_buttons_func: on=16777215 brightness=255
04-03 23:18:01.322 D/lights  ( 1574): set_rotated_rgb_led: on=0 brightness=0
04-03 23:18:01.322 D/lights  ( 1574): [LedInfo] write attr ok name=/sys/class/leds/green-landscape/brightness string=0,len=1
04-03 23:18:01.322 D/lights  ( 1574): set_rotated_rgb_led: on=1 brightness=255
04-03 23:18:01.322 D/lights  ( 1574): [LedInfo] write attr ok name=/sys/class/leds/green-portrait/brightness string=255,len=3
04-03 23:18:01.322 D/PowerManagerService( 1574): setPenMenuButtonLed: 2
04-03 23:18:01.322 D/PowerManagerService( 1574): Set pen menu button led (amber, green, blue) = 0, -1, 0), portrait = true
04-03 23:18:01.332 I/ActivityManager( 1574): Config changed: {1.0 0mcc0mnc en_GB sw600dp w600dp h976dp lrg long port finger -keyb/v/h -nav/h s.4 skin=default fontsize=0}
04-03 23:18:01.392 D/SurfaceFlinger( 1438): virtual void android::Layer::onRemoved(): lcblk (identity=24, status=0, token=0)
04-03 23:18:01.392 I/mode10  ( 1688): loadSkinResource : Package = defaultskinName = default
04-03 23:18:01.402 I/mode10  ( 1688): loadSkinResource private
04-03 23:18:01.422 V/LocationManagerService( 1574): requestLocationUpdates
04-03 23:18:01.422 D/GpsLocationProvider( 1574): addListener+ @id: 10115
04-03 23:18:01.422 D/GpsLocationProvider( 1574): setMinTime 0
04-03 23:18:01.422 V/GpsLocationProvider( 1574): enableLocationTracking ++
04-03 23:18:01.422 D/msm7x30.gralloc( 1438): gpu_context_t::getGrallocInformationFromFormat  2 
04-03 23:18:01.422 V/LocationManagerService( 1574): _requestLocationUpdates: listener = Receiver{4094dbb0 Listener android.os.BinderProxy@4095daf8}mUpdateRecords: {}
04-03 23:18:01.422 V/LocationManagerService( 1574): requestLocationUpdatesLocked: updateProvidersLocked
04-03 23:18:01.432 D/GpsLocationProvider( 1574): [shen] debug
04-03 23:18:01.432 V/LocationManagerService( 1574): _requestLocationUpdates: provider = gps listener = Receiver{4094dbb0 Listener android.os.BinderProxy@4095daf8}mUpdateRecords: {gps=UpdateRecord{406f2458 mProvider: gps mUid: 10115}}
04-03 23:18:01.442 D/Sensors ( 1574): Enable akm: en = 1
04-03 23:18:01.452 D/StatusBar.NetworkController( 1648): mSignalStrength.isGsm() == true
04-03 23:18:01.472 I/System.out( 2806): LocyNavigatorThread has started
04-03 23:18:01.472 D/msm7x30.gralloc( 1438): gpu_context_t::getGrallocInformationFromFormat  2 
04-03 23:18:01.492 D/ActivityManager( 1574): isSketcherDisabledInCurrentTask():false, ActivityRecord{4097ef80 uk.ac.st_andrews.cs.host.mk74.locygpslocalization/.MainActivity}
04-03 23:18:01.492 I/System.out( 2806): Battery level end is reached
04-03 23:18:01.502 D/SurfaceFlinger( 1438): getTokenForSurface(0xadbdc) => 0 (client=0xaaa00, bitmap=00000001), pid=2806
04-03 23:18:01.512 D/msm7x30.gralloc( 1438): gpu_context_t::getGrallocInformationFromFormat  2 
04-03 23:18:01.552 V/WindowManager( 1574): Starting rotation animaiton
04-03 23:18:01.552 V/WindowManager( 1574): end of ratation animation
04-03 23:18:01.552 D/SurfaceFlinger( 1438): virtual void android::Layer::onRemoved(): lcblk (identity=29, status=0, token=0)
04-03 23:18:01.562 D/msm7x30.gralloc( 1438): gpu_context_t::getGrallocInformationFromFormat  2 
04-03 23:18:01.612 D/GpsLocationProvider( 1574): [handleMessage] message :8
04-03 23:18:01.622 D/GpsLocationProvider( 1574): [handleMessage] ADD_LISTENER
04-03 23:18:01.622 D/GpsLocationProvider( 1574): addListener(uk.ac.st_andrews.cs.host.mk74.locygpslocalization)
04-03 23:18:01.622 D/GpsLocationProvider( 1574): [handleMessage] message :3
04-03 23:18:01.622 D/GpsLocationProvider( 1574): [handleMessage] ENABLE_TRACKING
04-03 23:18:01.622 D/GpsLocationProvider( 1574): startNavigating
04-03 23:18:01.622 D/GpsLocationProvider( 1574): HtcBuildFlag.HtcCIQFlag(FALSE)
04-03 23:18:01.622 D/lib_locapi( 1574): [GPS:] loc_eng_set_qos_time_out(standalone = 60000, agps = 89000)
04-03 23:18:01.622 V/GpsLocationProvider( 1574): set_agps_qos_time_out complete
04-03 23:18:01.622 D/GpsLocationProvider( 1574): GpsLocationProvider_set_position_mode
04-03 23:18:01.622 D/lib_locapi( 1574): [loc_eng_set_position_mode] host strcmp:15
04-03 23:18:01.622 D/lib_locapi( 1574): [GPS:] loc_eng_set_position mode, client = 1, interval = 1000, mode = 1
04-03 23:18:01.622 D/lib_locapi( 1574): [GPS:] htc_set_qos_accuracy(accuracy = 50)
04-03 23:18:01.622 D/lib_locapi( 1574): [GPS:] loc_eng_set_position mode: GPS_POSITION_MODE_MS_BASED
04-03 23:18:01.622 D/lib_locapi( 1574): [GPS:] loc_eng_set_position mode before IOCTL, interval=1000, mode =2 preferred_accuracy=50, qos_timeout_standalone=89000, recurrence_type=2
04-03 23:18:01.622 V/lib_locapi( 1574): loc_eng_ioctl called: client = 1, ioctl_type = 2
04-03 23:18:01.622 D/locapi_rpc_glue( 1574): loc_ioctl
04-03 23:18:01.622 D/RPC     ( 1574): written RPC packet size: [96]
04-03 23:18:01.622 D/RPC     ( 1574): read RPC packet
04-03 23:18:01.622 D/RPC     ( 1574): read RPC packet size: [28]
04-03 23:18:01.622 V/locapi_rpc_glue( 1574): loc_api_sync_ioctl: select_id = 0, loc_ioctl returned 0
04-03 23:18:01.622 V/locapi_rpc_glue( 1574): +loc_wait_callback: select_id: 0
04-03 23:18:01.622 D/RPC     ( 1574): read RPC packet
04-03 23:18:01.622 D/RPC     ( 1574): read RPC packet size: [80]
04-03 23:18:01.622 V/locapi_rpc_glue( 1574): Callback received: 80 (cb_id=0x6260000 handle=1)
04-03 23:18:01.622 V/locapi_rpc_glue( 1574): +loc_api_callback_process_sync_call
04-03 23:18:01.622 V/locapi_rpc_glue( 1574): loc_api_callback_process_sync_call: signal cb wait, slot i=0
04-03 23:18:01.622 V/locapi_rpc_glue( 1574): -loc_api_callback_process_sync_call
04-03 23:18:01.622 D/RPC     ( 1574): written RPC packet size: [28]
04-03 23:18:01.622 V/locapi_rpc_glue( 1574): loc_wait_callback: wait cb SUCCESS
04-03 23:18:01.622 V/locapi_rpc_glue( 1574): -loc_wait_callback
04-03 23:18:01.622 V/lib_locapi( 1574): loc_eng_ioctl result: client = 1, ioctl_type = 2, SUCCESS
04-03 23:18:01.622 V/GpsLocationProvider( 1574): set_position_mode complete
04-03 23:18:01.622 D/lib_locapi( 1574): [GPS:] loc_eng_start
04-03 23:18:01.622 D/locapi_rpc_glue( 1574): loc_start_fix
04-03 23:18:01.622 D/RPC     ( 1574): written RPC packet size: [44]
04-03 23:18:01.622 D/RPC     ( 1574): read RPC packet
04-03 23:18:01.622 D/RPC     ( 1574): read RPC packet size: [28]
04-03 23:18:01.622 D/GpsLocationProvider( 1574): reset SV count to zero
04-03 23:18:01.632 D/RPC     ( 1574): read RPC packet
04-03 23:18:01.632 D/RPC     ( 1574): read RPC packet size: [80]
04-03 23:18:01.632 V/locapi_rpc_glue( 1574): Callback received: 100 (cb_id=0x6260000 handle=1)
04-03 23:18:01.632 V/locapi_rpc_glue( 1574): +loc_api_callback_process_sync_call
04-03 23:18:01.632 V/locapi_rpc_glue( 1574): -loc_api_callback_process_sync_call, no sync call in use
04-03 23:18:01.632 D/lib_locapi( 1574): [GPS:] loc_eng_report_status: GPS_STATUS_SESSION_BEGIN
04-03 23:18:01.632 D/lib_locapi( 1574): [GPS:] loc_eng_report_status: issue callback with status 1
04-03 23:18:01.632 V/GpsLocationProvider( 1574): reportStatus status: 0
04-03 23:18:01.632 D/GpsLocationProvider( 1574): [reportStatus] mNavigating:false mEngineOn:false mDownloadXtraDataPending:true
04-03 23:18:01.632 D/GpsLocationProvider( 1574): [reportStatus] trigger DOWNLOAD_XTRA_DATA
04-03 23:18:01.632 D/lib_locapi( 1574): [GPS:] loc_eng_report_status: update status
04-03 23:18:01.632 V/GpsLocationProvider( 1574): reportStatus status: 1
04-03 23:18:01.632 W/GpsLocationProvider( 1574): GPS notify that the GPS has been change action
04-03 23:18:01.632 W/GpsLocationProvider( 1574): GPS_ENABLED_CHANGE_ACTION: android.location.GPS_ENABLED_CHANGE EXTRA_GPS_ENABLED: enabled
04-03 23:18:01.632 D/GpsLocationProvider( 1574): [reportStatus] mNavigating:true mEngineOn:false mDownloadXtraDataPending:true
04-03 23:18:01.642 D/RPC     ( 1574): written RPC packet size: [28]
04-03 23:18:01.652 D/GpsLocationProvider( 1574): [handleMessage] message :6
04-03 23:18:01.652 D/GpsLocationProvider( 1574): [handleMessage] DOWNLOAD_XTRA_DATA mSupportsXtra:true
04-03 23:18:01.652 D/GpsLocationProvider( 1574): handleDownloadXtraData+++
04-03 23:18:01.662 D/GpsLocationProvider( 1574): [handleDownloadXtraData] mNetworkAvailable:false mDisableXtraDownload:false mNavigating:true mEngineOn:false
04-03 23:18:01.662 D/GpsLocationProvider( 1574): [handleDownloadXtraData] pending until Network available or GPS Engine stop
04-03 23:18:01.682 D/ActivityManager( 1574): isSketcherDisabledInCurrentTask():false, ActivityRecord{4097ef80 uk.ac.st_andrews.cs.host.mk74.locygpslocalization/.MainActivity}
04-03 23:18:01.702 D/SurfaceFlinger( 1438): getTokenForSurface(0xa27dc) => 1 (client=0xa3ce0, bitmap=00000003), pid=1648
04-03 23:18:01.702 D/msm7x30.gralloc( 1438): gpu_context_t::getGrallocInformationFromFormat  1 
04-03 23:18:01.802 D/RPC     ( 1574): read RPC packet
04-03 23:18:01.802 D/RPC     ( 1574): read RPC packet size: [80]
04-03 23:18:01.802 V/locapi_rpc_glue( 1574): Callback received: 100 (cb_id=0x6260000 handle=1)
04-03 23:18:01.802 V/locapi_rpc_glue( 1574): +loc_api_callback_process_sync_call
04-03 23:18:01.802 V/locapi_rpc_glue( 1574): -loc_api_callback_process_sync_call, no sync call in use
04-03 23:18:01.802 D/lib_locapi( 1574): [GPS:] loc_eng_report_status: GPS_STATUS_ENGINE_ON
04-03 23:18:01.802 D/lib_locapi( 1574): [GPS:] loc_eng_report_status: issue callback with status 3
04-03 23:18:01.802 V/GpsLocationProvider( 1574): reportStatus status: 0
04-03 23:18:01.802 D/GpsLocationProvider( 1574): [reportStatus] mNavigating:true mEngineOn:false mDownloadXtraDataPending:true
04-03 23:18:01.802 V/GpsLocationProvider( 1574): reportStatus status: 0
04-03 23:18:01.802 D/GpsLocationProvider( 1574): [reportStatus] mNavigating:true mEngineOn:false mDownloadXtraDataPending:true
04-03 23:18:01.802 D/lib_locapi( 1574): [GPS:] loc_eng_report_status: update status
04-03 23:18:01.802 V/GpsLocationProvider( 1574): reportStatus status: 3
04-03 23:18:01.802 D/GpsLocationProvider( 1574): [reportStatus] mNavigating:true mEngineOn:true mDownloadXtraDataPending:true
04-03 23:18:01.812 D/RPC     ( 1574): written RPC packet size: [28]
04-03 23:18:02.002 D/msm7x30.gralloc( 1438): gpu_context_t::getGrallocInformationFromFormat  1 
04-03 23:18:03.404 I/System.out( 2806): Location: unknown | GPSNavigator running:true
04-03 23:18:03.404 I/System.out( 2806): Battery level: 97 | Time difference: 270
04-03 23:18:03.634 D/RPC     ( 1574): read RPC packet
04-03 23:18:03.634 D/RPC     ( 1574): read RPC packet size: [208]
04-03 23:18:03.654 V/locapi_rpc_glue( 1574): Callback received: 1 (cb_id=0x6260000 handle=1)
04-03 23:18:03.654 V/locapi_rpc_glue( 1574): +loc_api_callback_process_sync_call
04-03 23:18:03.654 V/locapi_rpc_glue( 1574): -loc_api_callback_process_sync_call, no sync call in use
04-03 23:18:03.674 D/lib_locapi( 1574): loc_eng_report_position: valid mask = 0x606d, sess status = 1
04-03 23:18:03.674 D/RPC     ( 1574): written RPC packet size: [28]
04-03 23:18:03.684 D/RPC     ( 1574): read RPC packet
04-03 23:18:03.684 D/RPC     ( 1574): read RPC packet size: [272]
04-03 23:18:03.684 V/locapi_rpc_glue( 1574): Callback received: 4 (cb_id=0x6260000 handle=1)
04-03 23:18:03.684 V/locapi_rpc_glue( 1574): +loc_api_callback_process_sync_call
04-03 23:18:03.694 V/locapi_rpc_glue( 1574): -loc_api_callback_process_sync_call, no sync call in use
04-03 23:18:03.694 D/RPC     ( 1574): written RPC packet size: [28]
04-03 23:18:03.694 D/dalvikvm( 1574): GC_EXPLICIT freed 219K, 13% free 15886K/18183K, paused 8ms+4ms
04-03 23:18:03.704 D/RPC     ( 1574): read RPC packet
04-03 23:18:03.704 D/RPC     ( 1574): read RPC packet size: [272]
04-03 23:18:03.704 V/locapi_rpc_glue( 1574): Callback received: 4 (cb_id=0x6260000 handle=1)
04-03 23:18:03.704 V/locapi_rpc_glue( 1574): +loc_api_callback_process_sync_call
04-03 23:18:03.704 V/locapi_rpc_glue( 1574): -loc_api_callback_process_sync_call, no sync call in use
04-03 23:18:03.704 D/RPC     ( 1574): written RPC packet size: [28]
04-03 23:18:03.704 D/RPC     ( 1574): read RPC packet
04-03 23:18:03.704 D/RPC     ( 1574): read RPC packet size: [272]
04-03 23:18:03.704 V/locapi_rpc_glue( 1574): Callback received: 4 (cb_id=0x6260000 handle=1)
04-03 23:18:03.704 V/locapi_rpc_glue( 1574): +loc_api_callback_process_sync_call
04-03 23:18:03.704 V/locapi_rpc_glue( 1574): -loc_api_callback_process_sync_call, no sync call in use
04-03 23:18:03.704 D/RPC     ( 1574): written RPC packet size: [28]
04-03 23:18:03.704 D/RPC     ( 1574): read RPC packet
04-03 23:18:03.704 D/RPC     ( 1574): read RPC packet size: [272]
04-03 23:18:03.704 V/locapi_rpc_glue( 1574): Callback received: 4 (cb_id=0x6260000 handle=1)
04-03 23:18:03.704 V/locapi_rpc_glue( 1574): +loc_api_callback_process_sync_call
