--------- beginning of /dev/log/main
04-03 21:38:27.681 D/dalvikvm( 1765): GC_EXPLICIT freed 101K, 6% free 6838K/7239K, paused 6ms+1ms
04-03 21:38:31.835 I/power   ( 1574): *** set_screen_state 0
04-03 21:38:31.835 D/PowerManagerService( 1574): setScreenStateLocked++, on: false, err: 0
04-03 21:38:31.835 D/PowerManagerService( 1574): setScreenStateLocked, turn off the button light 
04-03 21:38:31.845 D/lights  ( 1574): set_light_buttons_func: on=0 brightness=0
04-03 21:38:31.845 D/lights  ( 1574): set_rotated_rgb_led: on=0 brightness=0
04-03 21:38:31.845 D/lights  ( 1574): [LedInfo] write attr ok name=/sys/class/leds/amber-portrait/brightness string=0,len=1
04-03 21:38:31.845 D/lights  ( 1574): set_rotated_rgb_led: on=0 brightness=0
04-03 21:38:31.845 D/lights  ( 1574): [LedInfo] write attr ok name=/sys/class/leds/green-portrait/brightness string=0,len=1
04-03 21:38:31.845 D/lights  ( 1574): set_rotated_rgb_led: on=0 brightness=0
04-03 21:38:31.845 E/lights  ( 1574): [LedErr] open attr failed name=/sys/class/leds/blue-portrait/brightness errno: 2
04-03 21:38:31.855 V/KeyguardViewMediator( 1574): password timeout now
04-03 21:38:31.855 D/HtcLockScreen( 1574): createPatternUnlockScreen() ...
04-03 21:38:31.855 D/HtcLockScreen( 1574): packageInfo - PackageInfo{41097dc8 com.htc.lockscreen}
04-03 21:38:31.855 D/Sensors ( 1574): Enable akm: en = 0
04-03 21:38:31.955 D/dalvikvm( 1574): GC_FOR_ALLOC freed 555K, 13% free 15713K/17991K, paused 48ms
04-03 21:38:31.995 D/HostWidgetManager( 1677): pauseWidgets: 2
04-03 21:38:32.005 D/PhoneWindow( 1677): couldn't save which view has focus because the focused view android.widget.RelativeLayout@407c12d8 has no id.
04-03 21:38:32.015 D/UsbnetService( 1574): BroadcastReceiver::onReceive+
04-03 21:38:32.015 D/UsbnetService( 1574): onReceive SCREEN_OFF
--------- beginning of /dev/log/system
04-03 21:38:32.015 D/AlarmManager( 1574): ACTION_SCREEN_OFF
04-03 21:38:32.025 D/ContactMessageStore( 1665): start background delete task...
04-03 21:38:32.025 I/TabletStatusBar( 1648): DISABLE_CLOCK: yes
04-03 21:38:32.025 I/TabletStatusBar( 1648): DISABLE_EXPAND: yes
04-03 21:38:32.025 I/TabletStatusBar( 1648): DISABLE_NAVIGATION: yes
04-03 21:38:32.035 D/RemoveMe( 1665): DCT got intent android.intent.action.SCREEN_OFF
04-03 21:38:32.035 D/DataConnectionTracker( 1665): power saving case 6
04-03 21:38:32.035 D/ConnectivityService( 1574): getMobileDataEnabled returning false
04-03 21:38:32.045 D/DataConnectionTracker( 1665): power saving case 6
04-03 21:38:32.045 D/ConnectivityService( 1574): getMobileDataEnabled returning false
04-03 21:38:32.055 D/RemoveMe( 1665): DCT got intent android.intent.action.SCREEN_OFF
04-03 21:38:32.055 D/RemoveMe( 1665): DCT got intent android.intent.action.SCREEN_OFF
04-03 21:38:32.065 D/AK8975  ( 1448): Compass CLOSE 
04-03 21:38:32.095 D/SurfaceFlinger( 1438): About to give-up screen, flinger = 0xa830
04-03 21:38:32.095 D/SurfaceFlinger( 1438): getTokenForSurface(0xb0524) => 0 (client=0xa2ba8, bitmap=00000003), pid=1574
04-03 21:38:32.095 D/msm7x30.gralloc( 1438): gpu_context_t::getGrallocInformationFromFormat  1 
04-03 21:38:32.125 D/AutoSetting( 1765): service - mHandler: cancel location update
04-03 21:38:32.125 D/AutoSetting( 1765): service -           changes count: 0
04-03 21:38:32.135 D/dalvikvm( 1683): GC_EXPLICIT freed 7K, 9% free 7013K/7623K, paused 2ms+2ms
04-03 21:38:32.156 W/msm7x30.hwcomposer( 1438): hwc_set invalid context or list
04-03 21:38:32.156 D/msm7x30.hwcomposer( 1438): HWC called FB enableHDMIOutput(0)
04-03 21:38:32.156 I/TabletStatusBar( 1648): DISABLE_BACK: yes
04-03 21:38:32.166 D/dalvikvm( 1683): GC_EXPLICIT freed 1K, 9% free 7012K/7623K, paused 1ms+1ms
04-03 21:38:32.176 D/ContactMessageStore( 1665): size: 0 , 0
04-03 21:38:32.206 D/SurfaceFlinger( 1438): getTokenForSurface(0xa2e8c) => 0 (client=0xa9458, bitmap=00000001), pid=1683
04-03 21:38:32.226 D/msm7x30.gralloc( 1438): gpu_context_t::getGrallocInformationFromFormat  1 
04-03 21:38:32.236 D/IdleScreen_base( 1683): onRingUnlockEnd
04-03 21:38:32.266 D/ContactMessageStore( 1665): Background delete complete
04-03 21:38:32.266 D/msm7x30.gralloc( 1438): gpu_context_t::getGrallocInformationFromFormat  1 
04-03 21:38:47.561 D/UsbnetService( 1574): BroadcastReceiver::onReceive+
04-03 21:38:47.561 D/UsbnetService( 1574): onReceive BATTERY_CHANGED
04-03 21:38:47.561 D/UsbnetService( 1574):  --> pluggedType = 2, mPluggedType = 0, mScreenOff = true
04-03 21:38:47.561 D/UsbnetService( 1574): BroadcastReceiver::onReceive-
04-03 21:38:47.561 D/BatteryService( 1574): SendIntentforPowersaver
04-03 21:38:47.561 D/NotificationService( 1574): mIntentReceiver() Intent.ACTION_BATTERY_CHANGED
04-03 21:38:47.571 D/BatteryService( 1574): Current powersaver status == NORMAL_STATUS1 2 2 false
04-03 21:38:47.581 D/PowerUI ( 1648): closing low battery warning: level=99
04-03 21:38:47.581 D/PowerUI ( 1648): plugged = true, health = 2, mBatteryLevel = 99, mPluggedBatteryLevel = 96, mLowBatteryWarningLevel2 = 25, mshowLowChargingWarning2 = true
04-03 21:38:47.591 D/RemoveMe( 1665): DCT got intent android.intent.action.BATTERY_CHANGED
04-03 21:38:47.591 D/RemoveMe( 1665): DCT got intent android.intent.action.BATTERY_CHANGED
04-03 21:38:47.591 D/RemoveMe( 1665): DCT got intent android.intent.action.BATTERY_CHANGED
04-03 21:38:54.257 D/KeyguardViewMediator( 1574): wakeWhenReadyLocked(26)
04-03 21:38:54.257 I/power   ( 1574): *** set_screen_state 1
04-03 21:38:54.257 D/PowerManagerService( 1574): setScreenStateLocked++, on: true, err: 0
04-03 21:38:54.257 D/lights  ( 1574): set_light_buttons_func: on=16777215 brightness=255
04-03 21:38:54.257 D/PowerManagerService( 1574): button light setOrientation:-1
04-03 21:38:54.267 D/lights  ( 1574): set_rotated_rgb_led: on=0 brightness=0
04-03 21:38:54.267 D/lights  ( 1574): [LedInfo] write attr ok name=/sys/class/leds/amber-portrait/brightness string=0,len=1
04-03 21:38:54.267 D/lights  ( 1574): set_rotated_rgb_led: on=1 brightness=255
04-03 21:38:54.267 D/lights  ( 1574): [LedInfo] write attr ok name=/sys/class/leds/green-portrait/brightness string=255,len=3
04-03 21:38:54.267 D/lights  ( 1574): set_rotated_rgb_led: on=0 brightness=0
04-03 21:38:54.267 E/lights  ( 1574): [LedErr] open attr failed name=/sys/class/leds/blue-portrait/brightness errno: 2
04-03 21:38:54.267 D/Sensors ( 1574): Enable akm: en = 1
04-03 21:38:54.267 D/PowerManagerService( 1574): setPenMenuButtonLed: 2
04-03 21:38:54.267 D/PowerManagerService( 1574): Set pen menu button led (amber, green, blue) = 0, -1, 0), portrait = true
04-03 21:38:54.277 D/Launcher.Model( 1677): updateAppUsageStatCache +
04-03 21:38:54.277 D/Launcher.Model( 1677): updateAppUsageStatCache - diff: 2
04-03 21:38:54.297 D/UsbnetService( 1574): BroadcastReceiver::onReceive+
04-03 21:38:54.297 D/UsbnetService( 1574): onReceive SCREEN_ON
04-03 21:38:54.297 D/UsbnetService( 1574): BroadcastReceiver::onReceive-
04-03 21:38:54.297 D/AlarmManager( 1574): ACTION_SCREEN_ON
04-03 21:38:54.307 D/SurfaceFlinger( 1438): Screen about to return, flinger = 0xa830
04-03 21:38:54.317 D/msm7x30.hwcomposer( 1438): HWC called FB enableHDMIOutput(0)
04-03 21:38:54.327 D/PREF    ( 1677): setWidgetTilt .FriendStreamLarge2Widget : 15
04-03 21:38:54.337 D/HostWidgetManager( 1677): onResumeInKeyguard: 2
04-03 21:38:54.337 D/FxWorkspace( 1677): prepareUnlockAnimation
04-03 21:38:54.337 D/FxWorkspaceClient( 1677): showAllScreens()
04-03 21:38:54.337 D/AK8975  ( 1448): Compass Start
04-03 21:38:54.347 D/FxWorkspaceClient( 1677): freezeAllScreens
04-03 21:38:54.347 D/UnlockAnimator( 1677): setFrame: unlock_to_03
04-03 21:38:54.357 D/RemoveMe( 1665): DCT got intent android.intent.action.SCREEN_ON
04-03 21:38:54.357 D/ConnectivityService( 1574): getMobileDataEnabled returning false
04-03 21:38:54.367 D/Rotate.Performance( 1677): FxWorkspace.show()
04-03 21:38:54.367 D/ConnectivityService( 1574): getMobileDataEnabled returning false
04-03 21:38:54.377 D/RemoveMe( 1665): DCT got intent android.intent.action.SCREEN_ON
04-03 21:38:54.387 D/RemoveMe( 1665): DCT got intent android.intent.action.SCREEN_ON
04-03 21:38:55.118 D/HtcLockScreen3.0( 1574): HtcLockScreen: onInterceptTouchEvent ACTION_DOWN
04-03 21:38:55.538 D/HtcLockScreen3.0( 1574): HtcLockScreen: onInterceptTouchEvent ACTION_UP
04-03 21:38:55.548 D/IdleScreen_base( 1683): onRingUnlockStart
04-03 21:38:55.859 D/KeyguardViewManager( 1574): hide()
04-03 21:38:55.859 I/TabletStatusBar( 1648): DISABLE_CLOCK: no
04-03 21:38:55.859 I/TabletStatusBar( 1648): DISABLE_NAVIGATION: no
04-03 21:38:55.869 D/MyHTC   ( 1897): PoweronReceiver.onReceive(): intent=android.intent.action.USER_PRESENT
04-03 21:38:55.869 D/FxWorkspace( 1677): unlockAnimation
04-03 21:38:55.869 D/FxWorkspace( 1677): onUnlockAnimationStart()
04-03 21:38:55.869 D/UnlockAnimator( 1677): playMarker: unlock_to_03
04-03 21:38:55.869 D/FxWorkspaceClient( 1677): showAllScreens()
04-03 21:38:55.869 D/Rotate.Performance( 1677): FxWorkspace.show()
04-03 21:38:55.879 D/Twitter-MessageReceiver( 2458): action android.intent.action.USER_PRESENT
04-03 21:38:55.909 D/Sensors ( 1574): Enable akm: en = 0
04-03 21:38:55.909 D/SyncProvider( 2458): match settings
04-03 21:38:55.929 D/msm7x30.gralloc( 1438): gpu_context_t::getGrallocInformationFromFormat  1 
04-03 21:38:55.929 W/InputManagerService( 1574): Window already focused, ignoring focus gain of: com.android.internal.view.IInputMethodClient$Stub$Proxy@40a617c8
04-03 21:38:55.939 D/FacebookReceiver( 2458): Intent.ACTION_USER_PRESENT SyncInterval=3600000,currTime=1396561135926
04-03 21:38:55.939 D/FacebookReceiver( 2458): Intent.ACTION_USER_PRESENT lastStreamSyncTime=1396561135950,lastFriendSyncTime=1396561135950
04-03 21:38:55.949 D/SyncProvider( 2458): match settings
04-03 21:38:55.949 D/FlickrReceiver( 2458): Intent.ACTION_USER_PRESENT SyncInterval=3600000,currTime=1396561135960
04-03 21:38:55.949 D/FlickrReceiver( 2458): Intent.ACTION_USER_PRESENT lastStreamSyncTime=1396561135966,lastFriendSyncTime=1396561135966
04-03 21:38:55.989 D/SurfaceFlinger( 1438): virtual void android::Layer::onRemoved(): lcblk (identity=24, status=0, token=0)
04-03 21:38:55.989 I/TabletStatusBar( 1648): DISABLE_BACK: no
04-03 21:38:55.999 D/SurfaceFlinger( 1438): virtual void android::Layer::onRemoved(): lcblk (identity=25, status=0, token=0)
04-03 21:38:56.069 D/dalvikvm( 1683): GC_EXPLICIT freed 155K, 9% free 7012K/7623K, paused 5ms+2ms
04-03 21:38:56.109 D/AK8975  ( 1448): Compass CLOSE 
04-03 21:38:56.109 D/dalvikvm( 1683): GC_EXPLICIT freed 2K, 9% free 7011K/7623K, paused 1ms+1ms
04-03 21:38:56.119 D/SyncProvider( 2458): match settings
04-03 21:38:56.399 D/dalvikvm( 1683): GC_EXPLICIT freed 2K, 9% free 7011K/7623K, paused 2ms+2ms
04-03 21:38:56.439 D/dalvikvm( 1683): GC_EXPLICIT freed 1K, 9% free 7011K/7623K, paused 1ms+1ms
04-03 21:38:56.870 D/FxWorkspace( 1677): onUnlockAnimationEnd()
04-03 21:38:56.870 D/HostWidgetManager( 1677): onUserPresent: 2
04-03 21:38:56.870 D/HostWidgetManager( 1677): resumeWidgets: 2 sort: true
04-03 21:38:56.870 D/FxWorkspace( 1677): changeScreensVisibility
04-03 21:38:56.870 D/FxWorkspace( 1677): changeScreensVisibility
04-03 21:38:57.370 D/Sensors ( 1574): Enable akm: en = 1
04-03 21:38:57.390 D/AK8975  ( 1448): Compass Start
04-03 21:39:02.615 D/AndroidRuntime( 2635): 
04-03 21:39:02.615 D/AndroidRuntime( 2635): >>>>>> AndroidRuntime START com.android.internal.os.RuntimeInit <<<<<<
04-03 21:39:02.615 D/AndroidRuntime( 2635): CheckJNI is OFF
04-03 21:39:02.705 D/CursorWindowStats( 2635): Get CursorWindow size from framework resource:4194304
04-03 21:39:02.755 D/AndroidRuntime( 2635): Calling main entry com.android.commands.pm.Pm
04-03 21:39:02.765 I/ActivityManager( 1574): Start proc com.android.defcontainer for service com.android.defcontainer/.DefaultContainerService: pid=2643 uid=10087 gids={1015, 2001}
04-03 21:39:02.835 D/dalvikvm( 2643): GC_EXPLICIT freed 34K, 5% free 6458K/6787K, paused 1ms+1ms
04-03 21:39:03.116 W/ActivityManager( 1574): No content provider found for: 
04-03 21:39:03.126 W/ActivityManager( 1574): No content provider found for: 
04-03 21:39:03.126 I/ActivityManager( 1574): No longer want com.htc.laputa.HtcLaputaInstaller (pid 2216): hidden #16
04-03 21:39:03.136 D/PackageParser( 1574): Scanning package: /data/app/vmdl359653050.tmp
04-03 21:39:03.196 I/PackageManager( 1574): Removing non-system package:uk.ac.st_andrews.cs.host.mk74.locygpslocalization
04-03 21:39:03.196 I/ActivityManager( 1574): Force stopping package uk.ac.st_andrews.cs.host.mk74.locygpslocalization uid=10115
04-03 21:39:03.416 D/PackageManager( 1574): Scanning package uk.ac.st_andrews.cs.host.mk74.locygpslocalization
04-03 21:39:03.416 I/PackageManager( 1574): Package uk.ac.st_andrews.cs.host.mk74.locygpslocalization codePath changed from /data/app/uk.ac.st_andrews.cs.host.mk74.locygpslocalization-1.apk to /data/app/uk.ac.st_andrews.cs.host.mk74.locygpslocalization-2.apk; Retaining data and using new
04-03 21:39:03.416 I/PackageManager( 1574): Unpacking native libraries for /data/app/uk.ac.st_andrews.cs.host.mk74.locygpslocalization-2.apk
04-03 21:39:03.686 D/dalvikvm( 2651): DexOpt: load 42ms, verify+opt 159ms
04-03 21:39:03.856 I/ActivityManager( 1574): Force stopping package uk.ac.st_andrews.cs.host.mk74.locygpslocalization uid=10115
04-03 21:39:03.856 W/PackageManager( 1574): Code path for pkg : uk.ac.st_andrews.cs.host.mk74.locygpslocalization changing from /data/app/uk.ac.st_andrews.cs.host.mk74.locygpslocalization-1.apk to /data/app/uk.ac.st_andrews.cs.host.mk74.locygpslocalization-2.apk
04-03 21:39:03.856 D/PackageManager( 1574):   Activities: uk.ac.st_andrews.cs.host.mk74.locygpslocalization.MainActivity
04-03 21:39:03.856 W/PackageManager( 1574): Resource path for pkg : uk.ac.st_andrews.cs.host.mk74.locygpslocalization changing from /data/app/uk.ac.st_andrews.cs.host.mk74.locygpslocalization-1.apk to /data/app/uk.ac.st_andrews.cs.host.mk74.locygpslocalization-2.apk
04-03 21:39:03.967 D/PackageManager( 1574): [embedded] New package installed in /data/app/uk.ac.st_andrews.cs.host.mk74.locygpslocalization-2.apk
04-03 21:39:04.097 I/ActivityManager( 1574): Force stopping package uk.ac.st_andrews.cs.host.mk74.locygpslocalization uid=10115
04-03 21:39:04.157 D/dalvikvm( 1677): GC_EXPLICIT freed 1550K, 19% free 11288K/13831K, paused 3ms+3ms
04-03 21:39:04.187 D/dalvikvm( 1666): GC_EXPLICIT freed 59K, 11% free 7773K/8711K, paused 1ms+3ms
04-03 21:39:04.197 D/Launcher.Model( 1677): onReceive intent=Intent { act=android.intent.action.PACKAGE_REMOVED dat=package:uk.ac.st_andrews.cs.host.mk74.locygpslocalization flg=0x10000010 (has extras) }
04-03 21:39:04.197 D/PhoneApp( 1665): -- PackageChangeBroadcastReceiver  action = android.intent.action.PACKAGE_REMOVED
04-03 21:39:04.197 I/ActivityManager( 1574): Start proc com.android.smith for broadcast com.android.smith/.PackageReceiver: pid=2652 uid=10009 gids={1007, 1015}
04-03 21:39:04.277 I/SM:lib  ( 2652): JNI_OnLoad(): library version = 5
04-03 21:39:04.287 I/SM:lib  ( 2652): JNI_OnLoad(): result = 0x10004
04-03 21:39:04.287 D/SM:HtcNative( 2652): system lib, 4.0.honeycomb.HTK75C-flyer-l5-s16
04-03 21:39:04.287 D/SM:PackageReceiver( 2652): package removed: package:uk.ac.st_andrews.cs.host.mk74.locygpslocalization
04-03 21:39:04.287 D/PackageManager( 1574): generateServicesMap(android.accounts.AccountAuthenticator): 13 services unchanged
04-03 21:39:04.317 D/Launcher.Model( 1677): onReceive intent=Intent { act=android.intent.action.PACKAGE_ADDED dat=package:uk.ac.st_andrews.cs.host.mk74.locygpslocalization flg=0x10000010 (has extras) }
04-03 21:39:04.317 D/Launcher.Model( 1677): mAllAppsList.updatePackage uk.ac.st_andrews.cs.host.mk74.locygpslocalization
04-03 21:39:04.317 D/PhoneApp( 1665): -- PackageChangeBroadcastReceiver  action = android.intent.action.PACKAGE_ADDED
04-03 21:39:04.317 I/ActivityManager( 1574): No longer want com.htc.ereader.drmengine (pid 2295): hidden #16
04-03 21:39:04.337 D/PackageManager( 1574): generateServicesMap(android.content.SyncAdapter): 21 services unchanged
04-03 21:39:04.347 D/PackageManager( 1574): generateServicesMap(android.accounts.AccountAuthenticator): 13 services unchanged
04-03 21:39:04.347 D/PackageManager( 1574): generateServicesMap(android.content.SyncAdapter): 21 services unchanged
04-03 21:39:04.397 D/WidgetScanner( 1677): onReceive: Intent { act=android.intent.action.PACKAGE_REMOVED dat=package:uk.ac.st_andrews.cs.host.mk74.locygpslocalization flg=0x10000010 cmp=com.htc.launcher/.widget.WidgetScannerTrigger (has extras) }
04-03 21:39:04.427 I/ActivityManager( 1574): Start proc com.htc.launcher.widgetscanner for service com.htc.launcher/.widget.WidgetScannerService: pid=2659 uid=9999 gids={3003, 3002, 3001, 2001, 1015}
04-03 21:39:04.447 I/ActivityManager( 1574): Start proc com.htc.opensense for broadcast com.htc.opensense/.pluginmanager.RegisterReceiver: pid=2662 uid=10013 gids={2001, 3003, 1006, 1015}
04-03 21:39:04.607 D/dalvikvm( 1574): GC_CONCURRENT freed 1754K, 12% free 16007K/17991K, paused 2ms+14ms
04-03 21:39:04.637 D/LauncherApplication( 2659): + LauncherApplication onCreate()
04-03 21:39:04.667 I/ActivityManager( 1574): Start proc com.htc.cs for broadcast com.htc.cs/.plugin.PluginRegisterReceiver: pid=2673 uid=10041 gids={3003, 1015}
04-03 21:39:04.687 I/RegisterService( 2662): android.intent.action.PACKAGE_REMOVED package:uk.ac.st_andrews.cs.host.mk74.locygpslocalization
04-03 21:39:04.787 I/ActivityThread( 2673): Pub com.htc.connectedservice.csprovider: com.htc.cs.provider.ConnectedServiceProvider
04-03 21:39:04.787 D/LauncherApplication( 2659): - LauncherApplication onCreate()
04-03 21:39:04.797 I/ActivityThread( 2673): Pub com.htc.cs.dashboard: com.htc.cs.sync.dashboard.DashboardProvider
04-03 21:39:04.807 D/vicky   ( 2673): vicky received: android.intent.action.PACKAGE_REMOVED
04-03 21:39:04.807 D/CombinedWidgetProvider( 1677): +addAppWidget
04-03 21:39:04.807 D/CombinedWidgetProvider( 1677): addAppWidget: WidgetSummary(YouTube/APP_WIDGET/[I@4068f098 x [I@4068f0b8/-1/ComponentInfo{com.google.android.youtube/com.google.android.youtube.app.honeycomb.widget.WidgetProvider}/[I@4068eb80)
04-03 21:39:04.807 D/CombinedWidgetProvider( 1677): addAppWidget: WidgetSummary(Twitter (large)/APP_WIDGET/[I@406739e0 x [I@40672418/-1/ComponentInfo{com.twitter.android/com.twitter.android.client.WidgetLargeProvider}/[I@40672438)
04-03 21:39:04.807 D/CombinedWidgetProvider( 1677): addAppWidget: WidgetSummary(Twitter (small)/APP_WIDGET/[I@40c3cb08 x [I@40c3cb28/-1/ComponentInfo{com.twitter.android/com.twitter.android.client.WidgetSmallProvider}/[I@40c3cb48)
04-03 21:39:04.807 D/CombinedWidgetProvider( 1677): addAppWidget: WidgetSummary(Traffic/APP_WIDGET/[I@408181c0 x [I@408181e0/-1/ComponentInfo{com.google.android.apps.maps/com.google.googlenav.appwidget.traffic.TrafficAppWidget}/[I@40818200)
04-03 21:39:04.807 D/CombinedWidgetProvider( 1677): addAppWidget: WidgetSummary(Latitude/APP_WIDGET/[I@4074a9e0 x [I@40736b50/-1/ComponentInfo{com.google.android.apps.maps/com.google.googlenav.appwidget.friends.FriendsAppWidgetProvider}/[I@40736b70)
04-03 21:39:04.807 D/CombinedWidgetProvider( 1677): addAppWidget: WidgetSummary(Market/APP_WIDGET/[I@40823878 x [I@408093c0/-1/ComponentInfo{com.android.vending/com.android.vending.MarketWidgetProvider}/[I@408093e0)
04-03 21:39:04.807 D/CombinedWidgetProvider( 1677): addAppWidget: WidgetSummary(Google Search/APP_WIDGET/[I@406e7ce0 x [I@406e7d00/-1/ComponentInfo{com.google.android.googlequicksearchbox/com.google.android.googlequicksearchbox.SearchWidgetProvider}/[I@406e7d20)
04-03 21:39:04.807 D/CombinedWidgetProvider( 1677): addAppWidget: WidgetSummary(Gmail/APP_WIDGET/[I@407fa6c0 x [I@407c0208/-1/ComponentInfo{com.google.android.gm/com.google.android.gm.widget.GmailWidgetProvider}/[I@407c0228)
04-03 21:39:04.807 D/CombinedWidgetProvider( 1677): addAppWidget: WidgetSummary(Bookmarks/APP_WIDGET/[I@40725340 x [I@40727c40/-1/ComponentInfo{com.android.browser/com.android.browser.widget.BookmarkThumbnailWidgetProvider}/[I@40727c60)
04-03 21:39:04.817 D/CombinedWidgetProvider( 1677): -addAppWidget
04-03 21:39:04.817 D/CombinedWidgetProvider( 1677): +addHtcWidgets, cat: -1
04-03 21:39:04.817 D/CombinedWidgetProvider( 1677):  uri: content://com.htc.launcher.widget.htcwidget/htcwidgets?widget_only=true
04-03 21:39:04.817 D/HtcWidgetProvider( 1677): row 1
04-03 21:39:04.827 D/CombinedWidgetProvider( 1677): addHtcWidget: WidgetSummary(Tips for Home/HTC_WIDGET/[I@4087baa8 x [I@4087bac8/1101/ComponentInfo{com.htc.rosiewidgets.tip/com.htc.rosiewidgets.tip.TipWidgetItem}/[I@408d0130)
04-03 21:39:04.827 I/ActivityManager( 1574): Start proc com.htc.recommend for broadcast com.htc.recommend/.receiver.AppInstalledReceiver: pid=2683 uid=10056 gids={2001, 3003}
04-03 21:39:04.837 D/CombinedWidgetProvider( 1677): -addHtcWidgets
04-03 21:39:04.837 D/CombinedWidgetProvider( 1677): +addFxWidgets , provider: null
04-03 21:39:04.837 D/FxWidgetProviderInfoCollector( 1677): getAllStyles + [Ljava.lang.String;@406d1dc8 @ 
04-03 21:39:04.837 D/FxWidgetProvider( 1677): row 94
04-03 21:39:04.857 D/dalvikvm( 2659): GC_CONCURRENT freed 169K, 5% free 6765K/7047K, paused 1ms+7ms
04-03 21:39:04.927 I/ActivityThread( 2683): Pub com.htc.recommend.provider.HTCRecommendCarouselProvider: com.htc.recommend.provider.HTCRecommendCarouselProvider
04-03 21:39:04.937 I/ActivityThread( 2683): Pub com.htc.recommend.provider.HTCRecommendContentProvider: com.htc.recommend.provider.HTCRecommendContentProvider
04-03 21:39:04.937 D/HTC Recommends( 2683): /mnt/sdcard/.LHYGB/CKCL
04-03 21:39:04.937 D/HTC Recommends( 2683): no token file
04-03 21:39:04.947 D/HTC Recommends( 2683): no token file
04-03 21:39:04.947 D/HTC Recommends( 2683): Log settings are 
04-03 21:39:04.947 D/HTC Recommends( 2683): Enable General Log : false
04-03 21:39:04.947 D/HTC Recommends( 2683): Enable Analytic Log : false
04-03 21:39:04.947 D/HTC Recommends( 2683): Enable Normal Log Level (dependent on General Log) : false
04-03 21:39:04.947 D/HTC Recommends( 2683): Enable Critical Log Level (dependent on General Log) : false
04-03 21:39:04.947 D/SqliteDatabaseCpp( 2683): dbopen(): path = /data/data/com.htc.recommend/databases , key = `tgvegkmmejd, flag = 6, file size = 68608
04-03 21:39:04.947 D/SqliteDatabaseCpp( 2683): dbopen(): path = /data/data/com.htc.recommend/databases , key = `tgvegkmmejd, mode: delete, disk free size: 7849 M, handle: 0x15d7c0
04-03 21:39:05.588 I/ActivityThread( 2683): Pub com.htc.recommend.provider.HTCRecommendSuggestionProvider: com.htc.recommend.provider.HTCRecommendSuggestionProvider
04-03 21:39:05.628 D/WidgetScanner( 2659): onReceiveInternal: Intent { act=android.intent.action.PACKAGE_REMOVED dat=package:uk.ac.st_andrews.cs.host.mk74.locygpslocalization flg=0x10000010 cmp=com.htc.launcher/.widget.WidgetScannerService (has extras) }
04-03 21:39:05.628 D/HtcWidgetScanner( 2659): onPackageRemoved: uk.ac.st_andrews.cs.host.mk74.locygpslocalization
04-03 21:39:05.648 I/ActivityManager( 1574): Start proc com.htc.wdm for broadcast com.htc.wdm/.receiver.HTCDirectReceiver: pid=2691 uid=10070 gids={3003, 2001, 1015}
04-03 21:39:05.678 D/HtcWidgetProvider( 1677): update 0
04-03 21:39:05.688 I/ActivityManager( 1574): No longer want com.htc.demoflopackageinstaller (pid 2404): hidden #16
04-03 21:39:05.708 I/ActivityThread( 2691): Pub com.htc.wdm.provider.HtcDirectCarouselProvider: com.htc.wdm.provider.HtcDirectCarouselProvider
04-03 21:39:05.708 I/ActivityThread( 2691): Pub com.htc.wdm.status.HtcDirectProvider: com.htc.wdm.status.HtcDirectProvider
04-03 21:39:05.708 D/HTC Hub ( 2691): /mnt/sdcard/.LHYGB/CKCL
04-03 21:39:05.718 D/HTC Hub ( 2691): no token file
04-03 21:39:05.718 D/HTC Hub ( 2691): no token file
04-03 21:39:05.718 D/HTC Hub ( 2691): Log settings are 
04-03 21:39:05.718 D/HTC Hub ( 2691): Enable General Log : false
04-03 21:39:05.718 D/HTC Hub ( 2691): Enable Analytic Log : false
04-03 21:39:05.718 D/HTC Hub ( 2691): Enable Normal Log Level (dependent on General Log) : false
04-03 21:39:05.718 D/HTC Hub ( 2691): Enable Critical Log Level (dependent on General Log) : false
04-03 21:39:05.728 D/SM:PackageReceiver( 2652): package added: package:uk.ac.st_andrews.cs.host.mk74.locygpslocalization
04-03 21:39:05.728 I/ActivityManager( 1574): No longer want com.htc.ereader (pid 2398): hidden #16
04-03 21:39:05.738 D/WidgetScanner( 1677): onReceive: Intent { act=android.intent.action.PACKAGE_ADDED dat=package:uk.ac.st_andrews.cs.host.mk74.locygpslocalization flg=0x10000010 cmp=com.htc.launcher/.widget.WidgetScannerTrigger (has extras) }
04-03 21:39:05.738 D/FxWidgetScanner( 2659): onPackageRemoved: uk.ac.st_andrews.cs.host.mk74.locygpslocalization
04-03 21:39:05.738 D/FxWidgetScanner( 2659): removeFxWidgetList
04-03 21:39:05.768 I/ActivityManager( 1574): No longer want com.htc.home.personalize (pid 1881): hidden #16
04-03 21:39:05.778 I/ActivityManager( 1574): Start proc com.htc.htchubsyncprovider for content provider com.htc.htchubsyncprovider/.provider.MyDownloadsProvider: pid=2699 uid=10069 gids={3003, 2001, 1015}
04-03 21:39:05.818 I/ActivityManager( 1574): Start proc com.svox.pico for broadcast com.svox.pico/.VoiceDataInstallerReceiver: pid=2706 uid=10031 gids={}
04-03 21:39:05.848 I/ActivityManager( 1574): No longer want com.htc.pen (pid 2113): hidden #16
04-03 21:39:05.858 I/ActivityThread( 2699): Pub com.htc.wdm.provider.WDMProvider: com.htc.htchubsyncprovider.provider.WDMProvider
04-03 21:39:05.868 I/ActivityThread( 2699): Pub com.htc.wotaproviders.MyDownloadsProvider: com.htc.htchubsyncprovider.provider.MyDownloadsProvider
04-03 21:39:05.878 I/ActivityThread( 2706): Pub com.svox.pico.providers.SettingsProvider: com.svox.pico.providers.SettingsProvider
04-03 21:39:05.888 D/vicky   ( 2673): vicky received: android.intent.action.PACKAGE_ADDED
04-03 21:39:05.918 I/RegisterService( 2662): android.intent.action.PACKAGE_ADDED package:uk.ac.st_andrews.cs.host.mk74.locygpslocalization
04-03 21:39:05.938 D/FxWidgetScanner( 2659): delete 0
04-03 21:39:05.938 D/WidgetScanner( 2659): upadted? false
04-03 21:39:05.958 I/ActivityManager( 1574): No longer want com.htc.sdm (pid 2186): hidden #16
04-03 21:39:05.968 I/ActivityManager( 1574): No longer want com.htc.musicenhancer (pid 2422): hidden #16
04-03 21:39:05.978 D/GTalkService( 1714): [GTalkService.1] handlePackageInstalled: re-initialize providers
04-03 21:39:05.978 I/ActivityManager( 1574): No longer want com.android.settings (pid 2600): hidden #16
04-03 21:39:05.989 D/GTalkService( 1714): [RawStanzaProvidersMgr] ##### searchProvidersFromIntent
04-03 21:39:05.999 I/ActivityManager( 1574): Start proc com.google.android.partnersetup for broadcast com.google.android.partnersetup/.RlzPingBroadcastReceiver: pid=2714 uid=10081 gids={3003}
04-03 21:39:06.029 D/FxWidgetProvider( 1677): row 1
04-03 21:39:06.039 D/dalvikvm( 1439): GC_EXPLICIT freed 12K, 5% free 6453K/6787K, paused 1ms+1ms
04-03 21:39:06.049 D/CombinedWidgetProvider( 1677): addFxWidget: WidgetSummary(Watch/FX_WIDGET/[I@408cd868 x [I@408cd888/-2/ComponentInfo{com.htc.widget3d.watch/com.htc.widget3d.watch.WatchProvider}/[I@408cd8a8)
04-03 21:39:06.049 D/FxWidgetProvider( 1677): row 1
04-03 21:39:06.059 D/CombinedWidgetProvider( 1677): addFxWidget: WidgetSummary(Airplane Mode/FX_WIDGET/[I@408cfc08 x [I@408cfc28/-2/ComponentInfo{com.htc.htcsettingwidgets/com.htc.htcsettingwidgets.AirplaneWidget}/[I@408cfc48)
04-03 21:39:06.059 D/FxWidgetProvider( 1677): row 1
04-03 21:39:06.069 D/CombinedWidgetProvider( 1677): addFxWidget: WidgetSummary(Bluetooth/FX_WIDGET/[I@4085d2d0 x [I@4085d2f0/-2/ComponentInfo{com.htc.htcsettingwidgets/com.htc.htcsettingwidgets.BTWidget}/[I@4085d310)
04-03 21:39:06.069 D/FxWidgetProvider( 1677): row 1
04-03 21:39:06.069 I/ActivityThread( 2714): Pub com.google.android.partnersetup.rlzprovider: com.google.android.partnersetup.RlzProvider
04-03 21:39:06.069 D/CombinedWidgetProvider( 1677): addFxWidget: WidgetSummary(GPS/FX_WIDGET/[I@4085f640 x [I@4085f660/-2/ComponentInfo{com.htc.htcsettingwidgets/com.htc.htcsettingwidgets.GPSWidget}/[I@4085f680)
04-03 21:39:06.079 I/ActivityThread( 2714): Pub com.google.android.partnersetup.rlzappprovider: com.google.android.partnersetup.RlzAppProvider
04-03 21:39:06.079 D/FxWidgetProvider( 1677): row 1
04-03 21:39:06.089 D/CombinedWidgetProvider( 1677): addFxWidget: WidgetSummary(Wi-Fi Hotspot/FX_WIDGET/[I@408619a0 x [I@408619c0/-2/ComponentInfo{com.htc.htcsettingwidgets/com.htc.htcsettingwidgets.HotspotWidget}/[I@408619e0)
04-03 21:39:06.089 D/FxWidgetProvider( 1677): row 1
04-03 21:39:06.109 D/CombinedWidgetProvider( 1677): addFxWidget: WidgetSummary(Mobile Network/FX_WIDGET/[I@40863e88 x [I@40863ea8/-2/ComponentInfo{com.htc.htcsettingwidgets/com.htc.htcsettingwidgets.MobileNetworkWidget}/[I@40863ec8)
04-03 21:39:06.109 D/FxWidgetProvider( 1677): row 1
04-03 21:39:06.109 D/CombinedWidgetProvider( 1677): addFxWidget: WidgetSummary(Wi-Fi/FX_WIDGET/[I@40866320 x [I@40866340/-2/ComponentInfo{com.htc.htcsettingwidgets/com.htc.htcsettingwidgets.WiFiWidget}/[I@40866360)
04-03 21:39:06.109 I/ActivityManager( 1574): No longer want android.process.media (pid 1742): hidden #16
04-03 21:39:06.119 D/FxWidgetProvider( 1677): row 1
04-03 21:39:06.119 D/SM:PackageReceiver( 2652): package replaced: package:uk.ac.st_andrews.cs.host.mk74.locygpslocalization
04-03 21:39:06.129 D/CombinedWidgetProvider( 1677): addFxWidget: WidgetSummary(Mail/FX_WIDGET/[I@40868690 x [I@408686b0/-2/ComponentInfo{com.htc.htcmailwidgets/com.htc.htcmailwidgets.WidgetReceiver}/[I@408686d0)
04-03 21:39:06.129 D/FxWidgetProvider( 1677): row 3
04-03 21:39:06.139 D/dalvikvm( 1439): GC_EXPLICIT freed <1K, 5% free 6453K/6787K, paused 1ms+1ms
04-03 21:39:06.149 I/RegisterService( 2662): android.intent.action.PACKAGE_REPLACED package:uk.ac.st_andrews.cs.host.mk74.locygpslocalization
04-03 21:39:06.149 D/FxWidgetProviderInfoCollector( 1677): more than one style shared the same component! Return the first one found.
04-03 21:39:06.149 D/CombinedWidgetProvider( 1677): addFxWidget: WidgetSummary(Mail/FX_WIDGET/[I@4086a9f0 x [I@4086aa10/-2/ComponentInfo{com.htc.htcmailwidgets/com.htc.htcmailwidgets.WidgetReceiver}/[I@4086aa30)
04-03 21:39:06.149 D/FxWidgetProvider( 1677): row 3
04-03 21:39:06.149 D/FxWidgetProviderInfoCollector( 1677): more than one style shared the same component! Return the first one found.
04-03 21:39:06.149 D/CombinedWidgetProvider( 1677): addFxWidget: WidgetSummary(Mail/FX_WIDGET/[I@4086cd60 x [I@4086cd80/-2/ComponentInfo{com.htc.htcmailwidgets/com.htc.htcmailwidgets.WidgetReceiver}/[I@4086cda0)
04-03 21:39:06.159 D/FxWidgetProvider( 1677): row 3
04-03 21:39:06.159 D/FxWidgetProviderInfoCollector( 1677): more than one style shared the same component! Return the first one found.
04-03 21:39:06.159 D/CombinedWidgetProvider( 1677): addFxWidget: WidgetSummary(Mail/FX_WIDGET/[I@4086eea0 x [I@4086eec0/-2/ComponentInfo{com.htc.htcmailwidgets/com.htc.htcmailwidgets.WidgetReceiver}/[I@4086eee0)
04-03 21:39:06.159 D/FxWidgetProvider( 1677): row 3
04-03 21:39:06.159 D/FxWidgetProviderInfoCollector( 1677): more than one style shared the same component! Return the first one found.
04-03 21:39:06.169 D/CombinedWidgetProvider( 1677): addFxWidget: WidgetSummary(Mail/FX_WIDGET/[I@40870fc8 x [I@40870fe8/-2/ComponentInfo{com.htc.htcmailwidgets/com.htc.htcmailwidgets.WidgetReceiver}/[I@40871008)
04-03 21:39:06.169 D/FxWidgetProvider( 1677): row 3
04-03 21:39:06.169 D/FxWidgetProviderInfoCollector( 1677): more than one style shared the same component! Return the first one found.
04-03 21:39:06.179 D/CombinedWidgetProvider( 1677): addFxWidget: WidgetSummary(Mail/FX_WIDGET/[I@40873308 x [I@40873328/-2/ComponentInfo{com.htc.htcmailwidgets/com.htc.htcmailwidgets.WidgetReceiver}/[I@40873348)
04-03 21:39:06.179 D/FxWidgetProvider( 1677): row 3
04-03 21:39:06.179 D/FxWidgetProviderInfoCollector( 1677): more than one style shared the same component! Return the first one found.
04-03 21:39:06.179 D/CombinedWidgetProvider( 1677): addFxWidget: WidgetSummary(Mail/FX_WIDGET/[I@40875490 x [I@408754b0/-2/ComponentInfo{com.htc.htcmailwidgets/com.htc.htcmailwidgets.WidgetReceiver}/[I@408754d0)
04-03 21:39:06.189 D/FxWidgetProvider( 1677): row 5
04-03 21:39:06.189 D/FxWidgetProviderInfoCollector( 1677): more than one style shared the same component! Return the first one found.
04-03 21:39:06.189 D/CombinedWidgetProvider( 1677): addFxWidget: WidgetSummary(People/FX_WIDGET/[I@408775a0 x [I@408775c0/-2/ComponentInfo{com.htc.htccontactwidgets_3d_fusion/com.htc.htccontactwidgets_3d_fusion.WidgetReceiver}/[I@408775e0)
04-03 21:39:06.189 D/FxWidgetProvider( 1677): row 5
04-03 21:39:06.199 D/FxWidgetProviderInfoCollector( 1677): more than one style shared the same component! Return the first one found.
04-03 21:39:06.199 D/CombinedWidgetProvider( 1677): addFxWidget: WidgetSummary(People/FX_WIDGET/[I@408d42b0 x [I@408d42d0/-2/ComponentInfo{com.htc.htccontactwidgets_3d_fusion/com.htc.htccontactwidgets_3d_fusion.WidgetReceiver}/[I@408d42f0)
04-03 21:39:06.199 D/FxWidgetProvider( 1677): row 5
04-03 21:39:06.199 D/FxWidgetProviderInfoCollector( 1677): more than one style shared the same component! Return the first one found.
04-03 21:39:06.209 D/CombinedWidgetProvider( 1677): addFxWidget: WidgetSummary(People/FX_WIDGET/[I@408d6718 x [I@408d6738/-2/ComponentInfo{com.htc.htccontactwidgets_3d_fusion/com.htc.htccontactwidgets_3d_fusion.WidgetReceiver}/[I@408d6758)
04-03 21:39:06.209 D/FxWidgetProvider( 1677): row 5
04-03 21:39:06.209 D/FxWidgetProviderInfoCollector( 1677): more than one style shared the same component! Return the first one found.
04-03 21:39:06.209 D/CombinedWidgetProvider( 1677): addFxWidget: WidgetSummary(People/FX_WIDGET/[I@408d8b68 x [I@408d8b88/-2/ComponentInfo{com.htc.htccontactwidgets_3d_fusion/com.htc.htccontactwidgets_3d_fusion.WidgetReceiver}/[I@408d8ba8)
04-03 21:39:06.209 D/FxWidgetProvider( 1677): row 5
04-03 21:39:06.209 D/dalvikvm( 1439): GC_EXPLICIT freed <1K, 5% free 6453K/6787K, paused 1ms+9ms
04-03 21:39:06.219 D/FxWidgetProviderInfoCollector( 1677): more than one style shared the same component! Return the first one found.
04-03 21:39:06.219 D/CombinedWidgetProvider( 1677): addFxWidget: WidgetSummary(People/FX_WIDGET/[I@408dafb8 x [I@408dafd8/-2/ComponentInfo{com.htc.htccontactwidgets_3d_fusion/com.htc.htccontactwidgets_3d_fusion.WidgetReceiver}/[I@408daff8)
04-03 21:39:06.219 D/FxWidgetProvider( 1677): row 1
04-03 21:39:06.219 I/ActivityManager( 1574): Start proc com.google.android.apps.maps:FriendService for broadcast com.google.android.apps.maps/com.google.googlenav.friend.android.ServiceReceiver: pid=2722 uid=10046 gids={3003, 1015}
04-03 21:39:06.229 D/CombinedWidgetProvider( 1677): addFxWidget: WidgetSummary(Calendar/FX_WIDGET/[I@408dd488 x [I@408dd4a8/-2/ComponentInfo{com.htc.htccalendarwidgets/com.htc.htccalendarwidgets.WidgetReceiver}/[I@408dd4c8)
04-03 21:39:06.229 D/FxWidgetProvider( 1677): row 3
04-03 21:39:06.229 D/FxWidgetProviderInfoCollector( 1677): more than one style shared the same component! Return the first one found.
04-03 21:39:06.229 D/CombinedWidgetProvider( 1677): addFxWidget: WidgetSummary(Calendar/FX_WIDGET/[I@408df918 x [I@408df938/-2/ComponentInfo{com.htc.htccalendarwidgets/com.htc.htccalendarwidgets.WidgetReceiver}/[I@408df958)
04-03 21:39:06.229 D/FxWidgetProvider( 1677): row 3
04-03 21:39:06.229 D/FxWidgetProviderInfoCollector( 1677): more than one style shared the same component! Return the first one found.
04-03 21:39:06.239 D/CombinedWidgetProvider( 1677): addFxWidget: WidgetSummary(Calendar/FX_WIDGET/[I@408e1dd0 x [I@408e1df0/-2/ComponentInfo{com.htc.htccalendarwidgets/com.htc.htccalendarwidgets.WidgetReceiver}/[I@408e1e10)
04-03 21:39:06.239 D/FxWidgetProvider( 1677): row 3
04-03 21:39:06.239 D/AutoSetting( 1765): service - mRequestRunnable: screen on delay 10s, request NLP now
04-03 21:39:06.249 D/FxWidgetProviderInfoCollector( 1677): more than one style shared the same component! Return the first one found.
04-03 21:39:06.249 D/CombinedWidgetProvider( 1677): addFxWidget: WidgetSummary(Calendar/FX_WIDGET/[I@408e4058 x [I@408e4078/-2/ComponentInfo{com.htc.htccalendarwidgets/com.htc.htccalendarwidgets.WidgetReceiver}/[I@408e4098)
04-03 21:39:06.249 D/FxWidgetProvider( 1677): row 1
04-03 21:39:06.259 D/CombinedWidgetProvider( 1677): addFxWidget: WidgetSummary(Calendar/FX_WIDGET/[I@408e62c8 x [I@408e62e8/-2/ComponentInfo{com.htc.htccalendarwidgets/com.htc.htccalendarwidgets.WidgetReceiver}/[I@408e6308)
04-03 21:39:06.259 D/FxWidgetProvider( 1677): row 1
04-03 21:39:06.269 D/CombinedWidgetProvider( 1677): addFxWidget: WidgetSummary(Bookmarks/FX_WIDGET/[I@408e86a0 x [I@408e86c0/-2/ComponentInfo{com.htc.fusion.htcbookmarkwidget/com.htc.fusion.htcbookmarkwidget.WidgetReceiver}/[I@408e86e0)
04-03 21:39:06.269 D/FxWidgetProvider( 1677): row 1
04-03 21:39:06.279 D/CombinedWidgetProvider( 1677): addFxWidget: WidgetSummary(Bookmarks/FX_WIDGET/[I@408eabc8 x [I@408eabe8/-2/ComponentInfo{com.htc.fusion.htcbookmarkwidget/com.htc.fusion.htcbookmarkwidget.WidgetReceiver}/[I@408eac08)
04-03 21:39:06.279 D/FxWidgetProvider( 1677): row 1
04-03 21:39:06.279 D/CombinedWidgetProvider( 1677): addFxWidget: WidgetSummary(Messages/FX_WIDGET/[I@408ed0f0 x [I@408ed110/-2/ComponentInfo{com.htc.htcmsgwidgets3d/com.htc.htcmsgwidgets.MsgWidgetProvider}/[I@408ed130)
04-03 21:39:06.289 D/FxWidgetProvider( 1677): row 1
04-03 21:39:06.329 D/PhoneApp( 1665): EVENT_QUERY_MO_PACKAGES
04-03 21:39:06.379 D/dalvikvm( 2722): GC_CONCURRENT freed 152K, 4% free 6807K/7047K, paused 1ms+9ms
04-03 21:39:06.429 W/BinderNative( 2505): Uncaught exception from death notification
04-03 21:39:06.429 W/BinderNative( 2505): java.lang.NullPointerException
04-03 21:39:06.429 W/BinderNative( 2505): 	at android.app.ActivityThread.removeDeadProvider(ActivityThread.java:4405)
04-03 21:39:06.429 W/BinderNative( 2505): 	at android.app.ActivityThread$ProviderClientRecord.binderDied(ActivityThread.java:314)
04-03 21:39:06.429 W/BinderNative( 2505): 	at android.os.BinderProxy.sendDeathNotice(Binder.java:418)
04-03 21:39:06.429 W/BinderNative( 2505): 	at dalvik.system.NativeStart.run(Native Method)
04-03 21:39:06.439 D/PhoneApp( 1665): -- N1 =0
04-03 21:39:06.439 D/AutoSetting( 1765): service - requestNLP() NetworkLocationProvider not enabled
04-03 21:39:06.439 D/CombinedWidgetProvider( 1677): addFxWidget: WidgetSummary(Messages/FX_WIDGET/[I@408ef3c0 x [I@408ef3e0/-2/ComponentInfo{com.htc.htcmsgwidgets3d/com.htc.htcmsgwidgets.MsgWidgetProvider}/[I@408ef400)
04-03 21:39:06.449 D/FxWidgetProvider( 1677): row 1
04-03 21:39:06.469 D/dalvikvm( 2722): GC_CONCURRENT freed 131K, 4% free 7132K/7367K, paused 1ms+1ms
04-03 21:39:06.469 D/SqliteDatabaseCpp( 2699): dbopen(): path = /data/data/com.htc.htchubsyncprovider/databases , key = mqdksjlkYdw, flag = 6, file size = 6144
04-03 21:39:06.479 D/SqliteDatabaseCpp( 2699): dbopen(): path = /data/data/com.htc.htchubsyncprovider/databases , key = mqdksjlkYdw, mode: delete, disk free size: 7849 M, handle: 0xdacd0
04-03 21:39:06.499 D/CombinedWidgetProvider( 1677): addFxWidget: WidgetSummary(Messages/FX_WIDGET/[I@408f1bd0 x [I@408f1bf0/-2/ComponentInfo{com.htc.htcmsgwidgets3d/com.htc.htcmsgwidgets.MsgWidgetProvider}/[I@408f1c10)
04-03 21:39:06.499 D/FxWidgetProvider( 1677): row 1
04-03 21:39:06.509 D/CombinedWidgetProvider( 1677): addFxWidget: WidgetSummary(Messages/FX_WIDGET/[I@408f3ea0 x [I@408f3ec0/-2/ComponentInfo{com.htc.htcmsgwidgets3d/com.htc.htcmsgwidgets.MsgWidgetProvider}/[I@408f3ee0)
04-03 21:39:06.509 D/FxWidgetProvider( 1677): row 1
04-03 21:39:06.519 D/CombinedWidgetProvider( 1677): addFxWidget: WidgetSummary(Messages/FX_WIDGET/[I@408f6170 x [I@408f6190/-2/ComponentInfo{com.htc.htcmsgwidgets3d/com.htc.htcmsgwidgets.MsgWidgetProvider}/[I@408f61b0)
04-03 21:39:06.519 D/FxWidgetProvider( 1677): row 1
04-03 21:39:06.529 D/CombinedWidgetProvider( 1677): addFxWidget: WidgetSummary(Messages/FX_WIDGET/[I@408f8460 x [I@408f8480/-2/ComponentInfo{com.htc.htcmsgwidgets3d/com.htc.htcmsgwidgets.MsgWidgetProvider}/[I@408f84a0)
04-03 21:39:06.529 D/FxWidgetProvider( 1677): row 1
04-03 21:39:06.539 D/CombinedWidgetProvider( 1677): addFxWidget: WidgetSummary(Messages/FX_WIDGET/[I@408fa750 x [I@408fa770/-2/ComponentInfo{com.htc.htcmsgwidgets3d/com.htc.htcmsgwidgets.MsgWidgetProvider}/[I@408fa790)
04-03 21:39:06.539 D/FxWidgetProvider( 1677): row 1
04-03 21:39:06.539 D/CombinedWidgetProvider( 1677): addFxWidget: WidgetSummary(Twitter/FX_WIDGET/[I@408fca40 x [I@408fca60/-2/ComponentInfo{com.htc.Twitter3DWidget/com.htc.Twitter3DWidget.TwitterWidgetProvider}/[I@408fca80)
04-03 21:39:06.549 D/FxWidgetProvider( 1677): row 1
04-03 21:39:06.549 D/CombinedWidgetProvider( 1677): addFxWidget: WidgetSummary(Twitter/FX_WIDGET/[I@408fee58 x [I@408fee78/-2/ComponentInfo{com.htc.Twitter3DWidget/com.htc.Twitter3DWidget.TwitterWidgetProvider}/[I@408fee98)
04-03 21:39:06.559 D/dalvikvm( 1714): GC_EXPLICIT freed 194K, 8% free 6838K/7367K, paused 4ms+2ms
04-03 21:39:06.569 D/FxWidgetProvider( 1677): row 1
04-03 21:39:06.569 D/CombinedWidgetProvider( 1677): addFxWidget: WidgetSummary(Twitter/FX_WIDGET/[I@40901270 x [I@40901290/-2/ComponentInfo{com.htc.Twitter3DWidget/com.htc.Twitter3DWidget.TwitterWidgetProvider}/[I@409012b0)
04-03 21:39:06.589 D/FxWidgetProvider( 1677): row 1
04-03 21:39:06.589 D/CombinedWidgetProvider( 1677): addFxWidget: WidgetSummary(Twitter/FX_WIDGET/[I@40903688 x [I@409036a8/-2/ComponentInfo{com.htc.Twitter3DWidget/com.htc.Twitter3DWidget.TwitterWidgetProvider}/[I@409036c8)
04-03 21:39:06.589 D/FxWidgetProvider( 1677): row 1
04-03 21:39:06.599 D/CombinedWidgetProvider( 1677): addFxWidget: WidgetSummary(Trends/FX_WIDGET/[I@408818f0 x [I@40881910/-2/ComponentInfo{com.htc.Trends3DWidget/com.htc.Trends3DWidget.TrendsWidgetProvider}/[I@40881930)
04-03 21:39:06.599 D/FxWidgetProvider( 1677): row 1
04-03 21:39:06.609 D/CombinedWidgetProvider( 1677): addFxWidget: WidgetSummary(Sync All/FX_WIDGET/[I@40883cb0 x [I@40883cd0/-2/ComponentInfo{com.htc.Sync3DWidget/com.htc.Sync3DWidget.SyncWidgetProvider}/[I@40883cf0)
04-03 21:39:06.609 D/FxWidgetProvider( 1677): row 1
04-03 21:39:06.619 D/CombinedWidgetProvider( 1677): addFxWidget: WidgetSummary(Music/FX_WIDGET/[I@40885ff0 x [I@40886010/-2/ComponentInfo{com.htc.MusicWidget3D/com.htc.MusicWidget3D.MusicWidget3DProvider}/[I@40886030)
04-03 21:39:06.619 D/FxWidgetProvider( 1677): row 1
04-03 21:39:06.629 D/CombinedWidgetProvider( 1677): addFxWidget: WidgetSummary(Music/FX_WIDGET/[I@40888390 x [I@408883b0/-2/ComponentInfo{com.htc.MusicWidget3D/com.htc.MusicWidget3D.MusicWidget3DProvider}/[I@408883d0)
04-03 21:39:06.629 D/FxWidgetProvider( 1677): row 1
04-03 21:39:06.639 D/CombinedWidgetProvider( 1677): addFxWidget: WidgetSummary(Music/FX_WIDGET/[I@4088a838 x [I@4088a858/-2/ComponentInfo{com.htc.MusicWidget3D/com.htc.MusicWidget3D.MusicWidget3DProvider}/[I@4088a878)
04-03 21:39:06.639 D/FxWidgetProvider( 1677): row 1
04-03 21:39:06.639 D/Socket_Alarm( 2722): registerHTCSocketMonitorCallBack
04-03 21:39:06.649 D/Socket_Alarm( 2722): set mSocketMonitor
04-03 21:39:06.649 D/Socket_Alarm( 2722): HTCSocketMonitorImpl::HTCSocketMonitorImpl
04-03 21:39:06.649 D/CombinedWidgetProvider( 1677): addFxWidget: WidgetSummary(Friend Stream/FX_WIDGET/[I@4088cbd8 x [I@4088cbf8/-2/ComponentInfo{com.htc.FriendStream3DWidget/com.htc.FriendStream3DWidget.FriendStreamWidgetProvider}/[I@4088cc18)
04-03 21:39:06.679 I/ActivityManager( 1574): No longer want com.htc.notes (pid 2470): hidden #16
04-03 21:39:06.689 D/FxWidgetProvider( 1677): row 1
04-03 21:39:06.689 D/CombinedWidgetProvider( 1677): addFxWidget: WidgetSummary(Friend Stream/FX_WIDGET/[I@4088f2e8 x [I@4088f308/-2/ComponentInfo{com.htc.FriendStream3DWidget/com.htc.FriendStream3DWidget.FriendStreamWidgetProvider}/[I@4088f328)
04-03 21:39:06.699 D/dalvikvm( 1677): GC_CONCURRENT freed 1097K, 15% free 11760K/13831K, paused 2ms+13ms
04-03 21:39:06.699 D/FxWidgetProvider( 1677): row 1
04-03 21:39:06.699 I/ActivityManager( 1574): Start proc com.google.android.googlequicksearchbox for broadcast com.google.android.googlequicksearchbox/.SourceUpdateReceiver: pid=2730 uid=10080 gids={3003}
04-03 21:39:06.709 D/CombinedWidgetProvider( 1677): addFxWidget: WidgetSummary(Friend Stream/FX_WIDGET/[I@40d8b3d0 x [I@40d89ce8/-2/ComponentInfo{com.htc.FriendStream3DWidget/com.htc.FriendStream3DWidget.FriendStreamWidgetProvider}/[I@40d89010)
04-03 21:39:06.709 D/FxWidgetProvider( 1677): row 1
04-03 21:39:06.719 D/CombinedWidgetProvider( 1677): addFxWidget: WidgetSummary(Friend Stream/FX_WIDGET/[I@40cb82a8 x [I@40cb7118/-2/ComponentInfo{com.htc.FriendStream3DWidget/com.htc.FriendStream3DWidget.FriendStreamWidgetProvider}/[I@40cb6ef0)
04-03 21:39:06.719 D/FxWidgetProvider( 1677): row 1
04-03 21:39:06.779 D/PhoneApp( 1665): -- N2 =0
04-03 21:39:06.779 D/CombinedWidgetProvider( 1677): addFxWidget: WidgetSummary(Friend Channel/FX_WIDGET/[I@40c4abf0 x [I@40c3d9f8/-2/ComponentInfo{com.htc.FriendStream3DWidget/com.htc.FriendStream3DWidget.FriendStreamWidgetProvider}/[I@40c3ac80)
04-03 21:39:06.779 D/FxWidgetProvider( 1677): row 1
04-03 21:39:06.799 D/CombinedWidgetProvider( 1677): addFxWidget: WidgetSummary(My Shelf/FX_WIDGET/[I@40ae9bb0 x [I@40ae9998/-2/ComponentInfo{com.htc.ereader.widget3d/com.htc.ereader.widget3d.ereaderwidget3d.SimpleWidgetProvider}/[I@40ae98e8)
04-03 21:39:06.799 D/FxWidgetProvider( 1677): row 1
04-03 21:39:06.799 D/CombinedWidgetProvider( 1677): addFxWidget: WidgetSummary(Weather/FX_WIDGET/[I@40960640 x [I@4095f230/-2/ComponentInfo{com.htc.widget3d.weather/com.htc.widget3d.weather.WeatherWidgetProvider}/[I@4095efd0)
04-03 21:39:06.799 D/FxWidgetProvider( 1677): row 1
04-03 21:39:06.809 D/CombinedWidgetProvider( 1677): addFxWidget: WidgetSummary(Weather/FX_WIDGET/[I@408da0e0 x [I@408d7c90/-2/ComponentInfo{com.htc.widget3d.weather/com.htc.widget3d.weather.WeatherWidgetProvider}/[I@408d5840)
04-03 21:39:06.819 D/FxWidgetProvider( 1677): row 1
04-03 21:39:06.819 D/CombinedWidgetProvider( 1677): addFxWidget: WidgetSummary(Weather/FX_WIDGET/[I@4088be58 x [I@4088b450/-2/ComponentInfo{com.htc.widget3d.weather/com.htc.widget3d.weather.WeatherWidgetProvider}/[I@4088b1f0)
04-03 21:39:06.829 D/FxWidgetProvider( 1677): row 1
04-03 21:39:06.829 D/CombinedWidgetProvider( 1677): addFxWidget: WidgetSummary(Screen Timeout/FX_WIDGET/[I@408442f0 x [I@40843df8/-2/ComponentInfo{com.htc.rosiewidgets.screentimeout/com.htc.rosiewidgets.screentimeout.ScreenTimeoutWidgetProvider}/[I@40843830)
04-03 21:39:06.829 D/FxWidgetProvider( 1677): row 1
04-03 21:39:06.829 D/PhoneApp( 1665): -- N3 =0
04-03 21:39:06.839 D/CombinedWidgetProvider( 1677): addFxWidget: WidgetSummary(Screen Brightness/FX_WIDGET/[I@40814d40 x [I@40814788/-2/ComponentInfo{com.htc.rosiewidgets.screenbrightness/com.htc.rosiewidgets.screenbrightness.ScreenBrightnessWidgetProvider}/[I@408145a8)
04-03 21:39:06.839 I/ActivityThread( 2730): Pub com.google.android.googlequicksearchbox.shortcuts: com.google.android.googlequicksearchbox.WebHistoryProvider
04-03 21:39:06.839 I/ActivityThread( 2730): Pub com.google.android.googlequicksearchbox.google: com.google.android.googlequicksearchbox.google.GoogleSuggestionProvider
04-03 21:39:06.839 D/FxWidgetProvider( 1677): row 1
04-03 21:39:06.849 D/CombinedWidgetProvider( 1677): addFxWidget: WidgetSummary(Notes/FX_WIDGET/[I@407ad5a0 x [I@407a85b0/-2/ComponentInfo{com.htc.htcrichnoteswidget3d/com.htc.htcrichnoteswidget3d.NotesWidgetProvider}/[I@407a8380)
04-03 21:39:06.849 D/FxWidgetProvider( 1677): row 1
04-03 21:39:06.889 D/dalvikvm( 2252): GC_CONCURRENT freed 483K, 9% free 6675K/7303K, paused 17ms+1ms
04-03 21:39:07.050 D/dalvikvm( 1574): GC_EXPLICIT freed 1088K, 12% free 15915K/17991K, paused 2ms+10ms
04-03 21:39:07.120 D/AndroidRuntime( 2635): Shutting down VM
04-03 21:39:07.120 D/dalvikvm( 2635): GC_CONCURRENT freed 105K, 83% free 364K/2048K, paused 0ms+0ms
04-03 21:39:07.120 D/dalvikvm( 2635): Debugger has detached; object registry had 1 entries
04-03 21:39:07.180 D/dalvikvm( 1574): GC_EXPLICIT freed 54K, 12% free 15868K/17991K, paused 2ms+4ms
04-03 21:39:07.190 D/CombinedWidgetProvider( 1677): addFxWidget: WidgetSummary(Notes/FX_WIDGET/[I@40749f50 x [I@40749160/-2/ComponentInfo{com.htc.htcrichnoteswidget3d/com.htc.htcrichnoteswidget3d.NotesWidgetProvider}/[I@407485e0)
04-03 21:39:07.200 D/FxWidgetProvider( 1677): row 1
04-03 21:39:07.200 D/CombinedWidgetProvider( 1677): addFxWidget: WidgetSummary(HTC Likes/FX_WIDGET/[I@406e6b70 x [I@406e1490/-2/ComponentInfo{com.htc.android.fusion.recommend/com.htc.android.fusion.recommend.RosieIntentReceiver}/[I@406dbc10)
04-03 21:39:07.220 D/FxWidgetProvider( 1677): row 1
04-03 21:39:07.220 D/CombinedWidgetProvider( 1677): addFxWidget: WidgetSummary(Profile/FX_WIDGET/[I@40c218b8 x [I@40c20bd0/-2/ComponentInfo{com.htc.widget.profile/com.htc.widget.profile.HtcWidgetReceiver}/[I@40c1d5c0)
04-03 21:39:07.230 D/FxWidgetProvider( 1677): row 1
04-03 21:39:07.230 I/DEBUG   ( 1437): tid 2740 does not exist in pid 2635. ignoring debug request
04-03 21:39:07.230 D/SqliteDatabaseCpp( 2730): dbopen(): path = /data/data/com.google.android.googlequicksearchbox/databases , key = iwf-`awtkvq, flag = 6, file size = 6144
04-03 21:39:07.230 D/SqliteDatabaseCpp( 2730): dbopen(): path = /data/data/com.google.android.googlequicksearchbox/databases , key = iwf-`awtkvq, mode: delete, disk free size: 7850 M, handle: 0x193600
04-03 21:39:07.250 D/CombinedWidgetProvider( 1677): addFxWidget: WidgetSummary(Power Dashboard/FX_WIDGET/[I@4084dbc0 x [I@4084db30/-2/ComponentInfo{com.htc.rosiewidgets.powerstrip/com.htc.rosiewidgets.powerstrip.PowerStripWidgetProvider}/[I@4084c360)
04-03 21:39:07.250 D/FxWidgetProvider( 1677): row 1
04-03 21:39:07.250 D/CombinedWidgetProvider( 1677): addFxWidget: WidgetSummary(Photo Album/FX_WIDGET/[I@407cee28 x [I@407ceb38/-2/ComponentInfo{com.htc.photowidget3d/com.htc.photowidget3d.album.PhotoAlbumWidgetProvider}/[I@407ce618)
04-03 21:39:07.260 D/FxWidgetProvider( 1677): row 1
