04-03 13:44:06.497 V/locapi_rpc_glue( 1574): Callback received: 4 (cb_id=0x6260000 handle=1)
04-03 13:44:06.497 V/locapi_rpc_glue( 1574): +loc_api_callback_process_sync_call
04-03 13:44:06.497 V/locapi_rpc_glue( 1574): -loc_api_callback_process_sync_call, no sync call in use
04-03 13:44:06.497 D/RPC     ( 1574): written RPC packet size: [28]
04-03 13:44:06.497 D/RPC     ( 1574): read RPC packet
04-03 13:44:06.497 D/RPC     ( 1574): read RPC packet size: [272]
04-03 13:44:06.497 V/locapi_rpc_glue( 1574): Callback received: 4 (cb_id=0x6260000 handle=1)
04-03 13:44:06.497 V/locapi_rpc_glue( 1574): +loc_api_callback_process_sync_call
04-03 13:44:06.497 V/locapi_rpc_glue( 1574): -loc_api_callback_process_sync_call, no sync call in use
04-03 13:44:06.497 D/RPC     ( 1574): written RPC packet size: [28]
04-03 13:44:06.497 D/RPC     ( 1574): read RPC packet
04-03 13:44:06.497 D/RPC     ( 1574): read RPC packet size: [272]
04-03 13:44:06.497 V/locapi_rpc_glue( 1574): Callback received: 4 (cb_id=0x6260000 handle=1)
04-03 13:44:06.497 V/locapi_rpc_glue( 1574): +loc_api_callback_process_sync_call
04-03 13:44:06.497 V/locapi_rpc_glue( 1574): -loc_api_callback_process_sync_call, no sync call in use
04-03 13:44:06.497 D/RPC     ( 1574): written RPC packet size: [28]
04-03 13:44:06.497 D/RPC     ( 1574): read RPC packet
04-03 13:44:06.497 D/RPC     ( 1574): read RPC packet size: [536]
04-03 13:44:06.497 V/locapi_rpc_glue( 1574): Callback received: 2 (cb_id=0x6260000 handle=1)
04-03 13:44:06.497 V/locapi_rpc_glue( 1574): +loc_api_callback_process_sync_call
04-03 13:44:06.497 V/locapi_rpc_glue( 1574): -loc_api_callback_process_sync_call, no sync call in use
04-03 13:44:06.497 D/RPC     ( 1574): written RPC packet size: [28]
04-03 13:44:06.497 D/lib_locapi( 1574): loc_eng_report_sv: valid_mask = 0x30, num of sv = 11
04-03 13:44:06.497 D/GpsLocationProvider( 1574): reportSvStatus
04-03 13:44:06.497 V/GpsLocationProvider( 1574): SV count: 11 ephemerisMask: a000190 almanacMask: aa74190
04-03 13:44:06.497 V/GpsLocationProvider( 1574): sv: 5 snr: 2.09 elev: 10.0 azimuth: 181.0 E AU
04-03 13:44:06.497 V/GpsLocationProvider( 1574): sv: 8 snr: 3.2400002 elev: 15.0 azimuth: 66.0 E AU
04-03 13:44:06.497 V/GpsLocationProvider( 1574): sv: 9 snr: 3.2400002 elev: 20.0 azimuth: 71.0 E AU
04-03 13:44:06.497 D/RPC     ( 1574): read RPC packet
04-03 13:44:06.497 D/RPC     ( 1574): read RPC packet size: [272]
04-03 13:44:06.497 V/locapi_rpc_glue( 1574): Callback received: 4 (cb_id=0x6260000 handle=1)
04-03 13:44:06.497 V/locapi_rpc_glue( 1574): +loc_api_callback_process_sync_call
04-03 13:44:06.497 V/locapi_rpc_glue( 1574): -loc_api_callback_process_sync_call, no sync call in use
04-03 13:44:06.497 D/RPC     ( 1574): written RPC packet size: [28]
04-03 13:44:06.497 V/GpsLocationProvider( 1574): sv: 15 snr: 2.6399999 elev: 73.0 azimuth: 254.0   AU
04-03 13:44:06.497 V/GpsLocationProvider( 1574): sv: 17 snr: 1.89 elev: 6.0 azimuth: 115.0   AU
04-03 13:44:06.497 V/GpsLocationProvider( 1574): sv: 18 snr: 2.27 elev: 32.0 azimuth: 299.0   AU
04-03 13:44:06.497 V/GpsLocationProvider( 1574): sv: 19 snr: 2.3799999 elev: 3.0 azimuth: 2.0   AU
04-03 13:44:06.497 V/GpsLocationProvider( 1574): sv: 22 snr: 1.8700001 elev: 7.0 azimuth: 326.0   AU
04-03 13:44:06.497 V/GpsLocationProvider( 1574): sv: 24 snr: 1.9399999 elev: 35.0 azimuth: 248.0   AU
04-03 13:44:06.497 V/GpsLocationProvider( 1574): sv: 26 snr: 2.76 elev: 57.0 azimuth: 125.0 E AU
04-03 13:44:06.497 V/GpsLocationProvider( 1574): sv: 28 snr: 2.85 elev: 45.0 azimuth: 66.0 E AU
04-03 13:44:06.507 D/RPC     ( 1574): read RPC packet
04-03 13:44:06.507 D/RPC     ( 1574): read RPC packet size: [272]
04-03 13:44:06.507 V/locapi_rpc_glue( 1574): Callback received: 4 (cb_id=0x6260000 handle=1)
04-03 13:44:06.507 V/locapi_rpc_glue( 1574): +loc_api_callback_process_sync_call
04-03 13:44:06.507 V/locapi_rpc_glue( 1574): -loc_api_callback_process_sync_call, no sync call in use
04-03 13:44:06.507 D/RPC     ( 1574): written RPC packet size: [28]
04-03 13:44:06.507 D/RPC     ( 1574): read RPC packet
04-03 13:44:06.507 D/RPC     ( 1574): read RPC packet size: [272]
04-03 13:44:06.507 V/locapi_rpc_glue( 1574): Callback received: 4 (cb_id=0x6260000 handle=1)
04-03 13:44:06.507 V/locapi_rpc_glue( 1574): +loc_api_callback_process_sync_call
04-03 13:44:06.507 V/locapi_rpc_glue( 1574): -loc_api_callback_process_sync_call, no sync call in use
04-03 13:44:06.507 D/RPC     ( 1574): written RPC packet size: [28]
04-03 13:44:06.507 D/RPC     ( 1574): read RPC packet
04-03 13:44:06.507 D/RPC     ( 1574): read RPC packet size: [272]
04-03 13:44:06.507 V/locapi_rpc_glue( 1574): Callback received: 4 (cb_id=0x6260000 handle=1)
04-03 13:44:06.507 V/locapi_rpc_glue( 1574): +loc_api_callback_process_sync_call
04-03 13:44:06.507 V/locapi_rpc_glue( 1574): -loc_api_callback_process_sync_call, no sync call in use
04-03 13:44:06.507 D/RPC     ( 1574): written RPC packet size: [28]
04-03 13:44:06.507 D/RPC     ( 1574): read RPC packet
04-03 13:44:06.507 D/RPC     ( 1574): read RPC packet size: [536]
04-03 13:44:06.507 V/locapi_rpc_glue( 1574): Callback received: 2 (cb_id=0x6260000 handle=1)
04-03 13:44:06.507 V/locapi_rpc_glue( 1574): +loc_api_callback_process_sync_call
04-03 13:44:06.507 V/locapi_rpc_glue( 1574): -loc_api_callback_process_sync_call, no sync call in use
04-03 13:44:06.507 D/RPC     ( 1574): written RPC packet size: [28]
04-03 13:44:06.507 D/lib_locapi( 1574): loc_eng_report_sv: valid_mask = 0x3f, num of sv = 11
04-03 13:44:06.507 D/RPC     ( 1574): read RPC packet
04-03 13:44:06.507 D/RPC     ( 1574): read RPC packet size: [208]
04-03 13:44:06.507 V/locapi_rpc_glue( 1574): Callback received: 1 (cb_id=0x6260000 handle=1)
04-03 13:44:06.507 V/locapi_rpc_glue( 1574): +loc_api_callback_process_sync_call
04-03 13:44:06.507 V/locapi_rpc_glue( 1574): -loc_api_callback_process_sync_call, no sync call in use
04-03 13:44:06.507 D/RPC     ( 1574): written RPC packet size: [28]
04-03 13:44:06.517 D/lib_locapi( 1574): loc_eng_report_position: valid mask = 0x69f7ef, sess status = 0
04-03 13:44:06.517 D/RPC     ( 1574): read RPC packet
04-03 13:44:06.517 D/RPC     ( 1574): read RPC packet size: [80]
04-03 13:44:06.517 V/locapi_rpc_glue( 1574): Callback received: 100 (cb_id=0x6260000 handle=1)
04-03 13:44:06.517 V/locapi_rpc_glue( 1574): +loc_api_callback_process_sync_call
04-03 13:44:06.517 V/locapi_rpc_glue( 1574): -loc_api_callback_process_sync_call, no sync call in use
04-03 13:44:06.517 D/RPC     ( 1574): written RPC packet size: [28]
04-03 13:44:06.517 D/lib_locapi( 1574): [GPS:] loc_eng_report_status: GPS_STATUS_SESSION_END
04-03 13:44:06.547 D/RPC     ( 1574): read RPC packet
04-03 13:44:06.547 D/RPC     ( 1574): read RPC packet size: [80]
04-03 13:44:06.547 V/locapi_rpc_glue( 1574): Callback received: 100 (cb_id=0x6260000 handle=1)
04-03 13:44:06.547 V/locapi_rpc_glue( 1574): +loc_api_callback_process_sync_call
04-03 13:44:06.547 V/locapi_rpc_glue( 1574): -loc_api_callback_process_sync_call, no sync call in use
04-03 13:44:06.547 D/RPC     ( 1574): written RPC packet size: [28]
04-03 13:44:06.547 D/lib_locapi( 1574): [GPS:] loc_eng_report_status: GPS_STATUS_SESSION_BEGIN
04-03 13:44:06.577 D/AutoSetting( 2849): service - mLocationListener: onLocationChanged() location = Location[mProvider=gps,mTime=1396532646524,mInfo=-19.65952702333507.05966664,mAccuracy=34.0
04-03 13:44:06.587 D/AutoSetting( 2849): service - handleMessage() incoming message, what:1
04-03 13:44:06.587 D/AutoSetting( 2849): service - mLocationListener: onLocationChanged() location = Location[mProvider=gps,mTime=1396532646524,mInfo=-19.65952702333507.05966664,mAccuracy=34.0
04-03 13:44:06.607 D/AutoSetting( 2849): Util - no network available!
04-03 13:44:06.607 D/AutoSetting( 2849): service - handleMessage() not proceed
04-03 13:44:07.488 D/RPC     ( 1574): read RPC packet
04-03 13:44:07.488 D/RPC     ( 1574): read RPC packet size: [272]
04-03 13:44:07.488 V/locapi_rpc_glue( 1574): Callback received: 4 (cb_id=0x6260000 handle=1)
04-03 13:44:07.488 V/locapi_rpc_glue( 1574): +loc_api_callback_process_sync_call
04-03 13:44:07.488 V/locapi_rpc_glue( 1574): -loc_api_callback_process_sync_call, no sync call in use
04-03 13:44:07.488 D/RPC     ( 1574): written RPC packet size: [28]
04-03 13:44:07.498 D/RPC     ( 1574): read RPC packet
04-03 13:44:07.498 D/RPC     ( 1574): read RPC packet size: [272]
04-03 13:44:07.498 V/locapi_rpc_glue( 1574): Callback received: 4 (cb_id=0x6260000 handle=1)
04-03 13:44:07.498 V/locapi_rpc_glue( 1574): +loc_api_callback_process_sync_call
04-03 13:44:07.498 V/locapi_rpc_glue( 1574): -loc_api_callback_process_sync_call, no sync call in use
04-03 13:44:07.498 D/RPC     ( 1574): written RPC packet size: [28]
04-03 13:44:07.498 D/RPC     ( 1574): read RPC packet
04-03 13:44:07.498 D/RPC     ( 1574): read RPC packet size: [272]
04-03 13:44:07.498 V/locapi_rpc_glue( 1574): Callback received: 4 (cb_id=0x6260000 handle=1)
04-03 13:44:07.498 V/locapi_rpc_glue( 1574): +loc_api_callback_process_sync_call
04-03 13:44:07.498 V/locapi_rpc_glue( 1574): -loc_api_callback_process_sync_call, no sync call in use
04-03 13:44:07.498 D/RPC     ( 1574): written RPC packet size: [28]
04-03 13:44:07.498 D/RPC     ( 1574): read RPC packet
04-03 13:44:07.498 D/RPC     ( 1574): read RPC packet size: [272]
04-03 13:44:07.498 V/locapi_rpc_glue( 1574): Callback received: 4 (cb_id=0x6260000 handle=1)
04-03 13:44:07.498 V/locapi_rpc_glue( 1574): +loc_api_callback_process_sync_call
04-03 13:44:07.498 V/locapi_rpc_glue( 1574): -loc_api_callback_process_sync_call, no sync call in use
04-03 13:44:07.498 D/RPC     ( 1574): written RPC packet size: [28]
04-03 13:44:07.498 D/RPC     ( 1574): read RPC packet
04-03 13:44:07.498 D/RPC     ( 1574): read RPC packet size: [536]
04-03 13:44:07.498 V/locapi_rpc_glue( 1574): Callback received: 2 (cb_id=0x6260000 handle=1)
04-03 13:44:07.498 V/locapi_rpc_glue( 1574): +loc_api_callback_process_sync_call
04-03 13:44:07.498 V/locapi_rpc_glue( 1574): -loc_api_callback_process_sync_call, no sync call in use
04-03 13:44:07.498 D/RPC     ( 1574): written RPC packet size: [28]
04-03 13:44:07.498 D/lib_locapi( 1574): loc_eng_report_sv: valid_mask = 0x30, num of sv = 11
04-03 13:44:07.498 D/GpsLocationProvider( 1574): reportSvStatus
04-03 13:44:07.498 V/GpsLocationProvider( 1574): SV count: 11 ephemerisMask: a000190 almanacMask: aa74190
04-03 13:44:07.498 V/GpsLocationProvider( 1574): sv: 5 snr: 2.1200001 elev: 10.0 azimuth: 181.0 E AU
04-03 13:44:07.498 V/GpsLocationProvider( 1574): sv: 8 snr: 3.01 elev: 15.0 azimuth: 66.0 E AU
04-03 13:44:07.498 V/GpsLocationProvider( 1574): sv: 9 snr: 3.0700002 elev: 20.0 azimuth: 71.0 E AU
04-03 13:44:07.508 D/RPC     ( 1574): read RPC packet
04-03 13:44:07.508 D/RPC     ( 1574): read RPC packet size: [272]
04-03 13:44:07.508 V/locapi_rpc_glue( 1574): Callback received: 4 (cb_id=0x6260000 handle=1)
04-03 13:44:07.508 V/locapi_rpc_glue( 1574): +loc_api_callback_process_sync_call
04-03 13:44:07.508 V/locapi_rpc_glue( 1574): -loc_api_callback_process_sync_call, no sync call in use
04-03 13:44:07.508 D/RPC     ( 1574): written RPC packet size: [28]
04-03 13:44:07.508 D/RPC     ( 1574): read RPC packet
04-03 13:44:07.508 D/RPC     ( 1574): read RPC packet size: [272]
04-03 13:44:07.508 V/locapi_rpc_glue( 1574): Callback received: 4 (cb_id=0x6260000 handle=1)
04-03 13:44:07.508 V/locapi_rpc_glue( 1574): +loc_api_callback_process_sync_call
04-03 13:44:07.508 V/locapi_rpc_glue( 1574): -loc_api_callback_process_sync_call, no sync call in use
04-03 13:44:07.508 D/RPC     ( 1574): written RPC packet size: [28]
04-03 13:44:07.508 V/GpsLocationProvider( 1574): sv: 15 snr: 2.6399999 elev: 73.0 azimuth: 254.0   AU
04-03 13:44:07.508 D/RPC     ( 1574): read RPC packet
04-03 13:44:07.508 D/RPC     ( 1574): read RPC packet size: [272]
04-03 13:44:07.508 V/locapi_rpc_glue( 1574): Callback received: 4 (cb_id=0x6260000 handle=1)
04-03 13:44:07.508 V/locapi_rpc_glue( 1574): +loc_api_callback_process_sync_call
04-03 13:44:07.508 V/locapi_rpc_glue( 1574): -loc_api_callback_process_sync_call, no sync call in use
04-03 13:44:07.508 D/RPC     ( 1574): written RPC packet size: [28]
04-03 13:44:07.508 D/RPC     ( 1574): read RPC packet
04-03 13:44:07.508 D/RPC     ( 1574): read RPC packet size: [272]
04-03 13:44:07.508 V/locapi_rpc_glue( 1574): Callback received: 4 (cb_id=0x6260000 handle=1)
04-03 13:44:07.508 V/locapi_rpc_glue( 1574): +loc_api_callback_process_sync_call
04-03 13:44:07.508 V/locapi_rpc_glue( 1574): -loc_api_callback_process_sync_call, no sync call in use
04-03 13:44:07.508 D/RPC     ( 1574): written RPC packet size: [28]
04-03 13:44:07.508 V/GpsLocationProvider( 1574): sv: 17 snr: 1.8100001 elev: 6.0 azimuth: 115.0   AU
04-03 13:44:07.508 D/RPC     ( 1574): read RPC packet
04-03 13:44:07.508 D/RPC     ( 1574): read RPC packet size: [536]
04-03 13:44:07.508 V/locapi_rpc_glue( 1574): Callback received: 2 (cb_id=0x6260000 handle=1)
04-03 13:44:07.508 V/locapi_rpc_glue( 1574): +loc_api_callback_process_sync_call
04-03 13:44:07.508 V/locapi_rpc_glue( 1574): -loc_api_callback_process_sync_call, no sync call in use
04-03 13:44:07.508 D/RPC     ( 1574): written RPC packet size: [28]
04-03 13:44:07.508 D/RPC     ( 1574): read RPC packet
04-03 13:44:07.508 D/RPC     ( 1574): read RPC packet size: [208]
04-03 13:44:07.508 V/locapi_rpc_glue( 1574): Callback received: 1 (cb_id=0x6260000 handle=1)
04-03 13:44:07.508 V/locapi_rpc_glue( 1574): +loc_api_callback_process_sync_call
04-03 13:44:07.508 V/locapi_rpc_glue( 1574): -loc_api_callback_process_sync_call, no sync call in use
04-03 13:44:07.508 D/RPC     ( 1574): written RPC packet size: [28]
04-03 13:44:07.518 D/RPC     ( 1574): read RPC packet
04-03 13:44:07.518 D/RPC     ( 1574): read RPC packet size: [80]
04-03 13:44:07.518 V/locapi_rpc_glue( 1574): Callback received: 100 (cb_id=0x6260000 handle=1)
04-03 13:44:07.518 V/locapi_rpc_glue( 1574): +loc_api_callback_process_sync_call
04-03 13:44:07.518 V/locapi_rpc_glue( 1574): -loc_api_callback_process_sync_call, no sync call in use
04-03 13:44:07.518 D/RPC     ( 1574): written RPC packet size: [28]
04-03 13:44:07.528 V/GpsLocationProvider( 1574): sv: 18 snr: 2.27 elev: 32.0 azimuth: 299.0   AU
04-03 13:44:07.528 V/GpsLocationProvider( 1574): sv: 19 snr: 2.56 elev: 3.0 azimuth: 2.0   AU
04-03 13:44:07.528 V/GpsLocationProvider( 1574): sv: 22 snr: 1.99 elev: 7.0 azimuth: 326.0   AU
04-03 13:44:07.528 V/GpsLocationProvider( 1574): sv: 24 snr: 1.9399999 elev: 35.0 azimuth: 248.0   AU
04-03 13:44:07.528 V/GpsLocationProvider( 1574): sv: 26 snr: 2.31 elev: 57.0 azimuth: 125.0 E AU
04-03 13:44:07.528 V/GpsLocationProvider( 1574): sv: 28 snr: 2.27 elev: 45.0 azimuth: 66.0 E AU
04-03 13:44:07.528 D/lib_locapi( 1574): loc_eng_report_sv: valid_mask = 0x3f, num of sv = 11
04-03 13:44:07.528 D/lib_locapi( 1574): loc_eng_report_position: valid mask = 0x69f7ef, sess status = 0
04-03 13:44:07.538 D/lib_locapi( 1574): [GPS:] loc_eng_report_status: GPS_STATUS_SESSION_END
04-03 13:44:07.548 D/RPC     ( 1574): read RPC packet
04-03 13:44:07.548 D/RPC     ( 1574): read RPC packet size: [80]
04-03 13:44:07.548 V/locapi_rpc_glue( 1574): Callback received: 100 (cb_id=0x6260000 handle=1)
04-03 13:44:07.548 V/locapi_rpc_glue( 1574): +loc_api_callback_process_sync_call
04-03 13:44:07.548 V/locapi_rpc_glue( 1574): -loc_api_callback_process_sync_call, no sync call in use
04-03 13:44:07.548 D/RPC     ( 1574): written RPC packet size: [28]
04-03 13:44:07.548 D/lib_locapi( 1574): [GPS:] loc_eng_report_status: GPS_STATUS_SESSION_BEGIN
04-03 13:44:07.568 D/AutoSetting( 2849): service - mLocationListener: onLocationChanged() location = Location[mProvider=gps,mTime=1396532647536,mInfo=-19.65949979333507.05966133000004,mAccuracy=37.0
04-03 13:44:07.578 D/AutoSetting( 2849): service - handleMessage() incoming message, what:1
04-03 13:44:07.578 D/AutoSetting( 2849): service - mLocationListener: onLocationChanged() location = Location[mProvider=gps,mTime=1396532647536,mInfo=-19.65949979333507.05966133000004,mAccuracy=37.0
04-03 13:44:07.588 D/AutoSetting( 2849): Util - no network available!
04-03 13:44:07.588 D/AutoSetting( 2849): service - handleMessage() not proceed
04-03 13:44:08.289 D/UsbnetService( 1574): BroadcastReceiver::onReceive+
04-03 13:44:08.289 D/UsbnetService( 1574): onReceive BATTERY_CHANGED
04-03 13:44:08.289 D/UsbnetService( 1574):  --> pluggedType = 2, mPluggedType = 0, mScreenOff = false
04-03 13:44:08.289 D/UsbnetService( 1574): BroadcastReceiver::onReceive-
04-03 13:44:08.299 D/NotificationService( 1574): mIntentReceiver() Intent.ACTION_BATTERY_CHANGED
04-03 13:44:08.299 D/BatteryService( 1574): SendIntentforPowersaver
04-03 13:44:08.299 D/BatteryService( 1574): Current powersaver status == NORMAL_STATUS1 2 2 false
04-03 13:44:08.319 D/PowerUI ( 1650): closing low battery warning: level=99
04-03 13:44:08.319 D/RemoveMe( 1668): DCT got intent android.intent.action.BATTERY_CHANGED
04-03 13:44:08.319 D/PowerUI ( 1650): plugged = true, health = 2, mBatteryLevel = 99, mPluggedBatteryLevel = 95, mLowBatteryWarningLevel2 = 25, mshowLowChargingWarning2 = true
04-03 13:44:08.329 D/RemoveMe( 1668): DCT got intent android.intent.action.BATTERY_CHANGED
04-03 13:44:08.329 D/RemoveMe( 1668): DCT got intent android.intent.action.BATTERY_CHANGED
04-03 13:44:08.379 I/System.out( 2817): Location: -2.80850386 56.33996296 | GPSNavigator running:true
04-03 13:44:08.379 I/System.out( 2817): Battery level: 99 | Time difference: -1
04-03 13:44:08.489 D/RPC     ( 1574): read RPC packet
04-03 13:44:08.489 D/RPC     ( 1574): read RPC packet size: [272]
04-03 13:44:08.489 V/locapi_rpc_glue( 1574): Callback received: 4 (cb_id=0x6260000 handle=1)
04-03 13:44:08.489 V/locapi_rpc_glue( 1574): +loc_api_callback_process_sync_call
04-03 13:44:08.489 V/locapi_rpc_glue( 1574): -loc_api_callback_process_sync_call, no sync call in use
04-03 13:44:08.489 D/RPC     ( 1574): written RPC packet size: [28]
04-03 13:44:08.489 D/RPC     ( 1574): read RPC packet
04-03 13:44:08.489 D/RPC     ( 1574): read RPC packet size: [272]
04-03 13:44:08.489 V/locapi_rpc_glue( 1574): Callback received: 4 (cb_id=0x6260000 handle=1)
04-03 13:44:08.489 V/locapi_rpc_glue( 1574): +loc_api_callback_process_sync_call
04-03 13:44:08.489 V/locapi_rpc_glue( 1574): -loc_api_callback_process_sync_call, no sync call in use
04-03 13:44:08.489 D/RPC     ( 1574): written RPC packet size: [28]
04-03 13:44:08.489 D/RPC     ( 1574): read RPC packet
04-03 13:44:08.489 D/RPC     ( 1574): read RPC packet size: [272]
04-03 13:44:08.489 V/locapi_rpc_glue( 1574): Callback received: 4 (cb_id=0x6260000 handle=1)
04-03 13:44:08.489 V/locapi_rpc_glue( 1574): +loc_api_callback_process_sync_call
04-03 13:44:08.489 V/locapi_rpc_glue( 1574): -loc_api_callback_process_sync_call, no sync call in use
04-03 13:44:08.489 D/RPC     ( 1574): written RPC packet size: [28]
04-03 13:44:08.489 D/RPC     ( 1574): read RPC packet
04-03 13:44:08.489 D/RPC     ( 1574): read RPC packet size: [272]
04-03 13:44:08.489 V/locapi_rpc_glue( 1574): Callback received: 4 (cb_id=0x6260000 handle=1)
04-03 13:44:08.489 V/locapi_rpc_glue( 1574): +loc_api_callback_process_sync_call
04-03 13:44:08.489 V/locapi_rpc_glue( 1574): -loc_api_callback_process_sync_call, no sync call in use
04-03 13:44:08.489 D/RPC     ( 1574): written RPC packet size: [28]
04-03 13:44:08.489 D/RPC     ( 1574): read RPC packet
04-03 13:44:08.489 D/RPC     ( 1574): read RPC packet size: [536]
04-03 13:44:08.489 V/locapi_rpc_glue( 1574): Callback received: 2 (cb_id=0x6260000 handle=1)
04-03 13:44:08.489 V/locapi_rpc_glue( 1574): +loc_api_callback_process_sync_call
04-03 13:44:08.489 V/locapi_rpc_glue( 1574): -loc_api_callback_process_sync_call, no sync call in use
04-03 13:44:08.489 D/RPC     ( 1574): written RPC packet size: [28]
04-03 13:44:08.489 D/lib_locapi( 1574): loc_eng_report_sv: valid_mask = 0x30, num of sv = 11
04-03 13:44:08.489 D/GpsLocationProvider( 1574): reportSvStatus
04-03 13:44:08.489 V/GpsLocationProvider( 1574): SV count: 11 ephemerisMask: a000190 almanacMask: aa74190
04-03 13:44:08.489 V/GpsLocationProvider( 1574): sv: 5 snr: 2.1200001 elev: 10.0 azimuth: 181.0 E AU
04-03 13:44:08.489 V/GpsLocationProvider( 1574): sv: 8 snr: 2.85 elev: 15.0 azimuth: 66.0 E AU
04-03 13:44:08.489 V/GpsLocationProvider( 1574): sv: 9 snr: 3.05 elev: 20.0 azimuth: 71.0 E AU
04-03 13:44:08.489 V/GpsLocationProvider( 1574): sv: 15 snr: 2.6399999 elev: 73.0 azimuth: 254.0   AU
04-03 13:44:08.489 V/GpsLocationProvider( 1574): sv: 17 snr: 1.86 elev: 6.0 azimuth: 115.0   AU
04-03 13:44:08.489 D/RPC     ( 1574): read RPC packet
04-03 13:44:08.489 D/RPC     ( 1574): read RPC packet size: [272]
04-03 13:44:08.489 V/locapi_rpc_glue( 1574): Callback received: 4 (cb_id=0x6260000 handle=1)
04-03 13:44:08.489 V/locapi_rpc_glue( 1574): +loc_api_callback_process_sync_call
04-03 13:44:08.489 V/locapi_rpc_glue( 1574): -loc_api_callback_process_sync_call, no sync call in use
04-03 13:44:08.489 D/RPC     ( 1574): written RPC packet size: [28]
04-03 13:44:08.499 D/RPC     ( 1574): read RPC packet
04-03 13:44:08.499 D/RPC     ( 1574): read RPC packet size: [272]
04-03 13:44:08.499 V/locapi_rpc_glue( 1574): Callback received: 4 (cb_id=0x6260000 handle=1)
04-03 13:44:08.499 V/locapi_rpc_glue( 1574): +loc_api_callback_process_sync_call
04-03 13:44:08.499 V/locapi_rpc_glue( 1574): -loc_api_callback_process_sync_call, no sync call in use
04-03 13:44:08.499 D/RPC     ( 1574): written RPC packet size: [28]
04-03 13:44:08.499 D/RPC     ( 1574): read RPC packet
04-03 13:44:08.499 D/RPC     ( 1574): read RPC packet size: [272]
04-03 13:44:08.499 V/locapi_rpc_glue( 1574): Callback received: 4 (cb_id=0x6260000 handle=1)
04-03 13:44:08.499 V/locapi_rpc_glue( 1574): +loc_api_callback_process_sync_call
04-03 13:44:08.499 V/locapi_rpc_glue( 1574): -loc_api_callback_process_sync_call, no sync call in use
04-03 13:44:08.499 D/RPC     ( 1574): written RPC packet size: [28]
04-03 13:44:08.499 V/GpsLocationProvider( 1574): sv: 18 snr: 1.64 elev: 32.0 azimuth: 299.0   AU
04-03 13:44:08.499 D/RPC     ( 1574): read RPC packet
04-03 13:44:08.499 D/RPC     ( 1574): read RPC packet size: [272]
04-03 13:44:08.499 V/locapi_rpc_glue( 1574): Callback received: 4 (cb_id=0x6260000 handle=1)
04-03 13:44:08.499 V/locapi_rpc_glue( 1574): +loc_api_callback_process_sync_call
04-03 13:44:08.499 V/locapi_rpc_glue( 1574): -loc_api_callback_process_sync_call, no sync call in use
04-03 13:44:08.499 D/RPC     ( 1574): written RPC packet size: [28]
04-03 13:44:08.499 D/RPC     ( 1574): read RPC packet
04-03 13:44:08.499 D/RPC     ( 1574): read RPC packet size: [536]
04-03 13:44:08.499 V/locapi_rpc_glue( 1574): Callback received: 2 (cb_id=0x6260000 handle=1)
04-03 13:44:08.499 V/locapi_rpc_glue( 1574): +loc_api_callback_process_sync_call
04-03 13:44:08.499 V/locapi_rpc_glue( 1574): -loc_api_callback_process_sync_call, no sync call in use
04-03 13:44:08.499 D/RPC     ( 1574): written RPC packet size: [28]
04-03 13:44:08.499 V/GpsLocationProvider( 1574): sv: 19 snr: 2.05 elev: 3.0 azimuth: 2.0   AU
04-03 13:44:08.499 D/RPC     ( 1574): read RPC packet
04-03 13:44:08.499 D/RPC     ( 1574): read RPC packet size: [208]
04-03 13:44:08.499 V/locapi_rpc_glue( 1574): Callback received: 1 (cb_id=0x6260000 handle=1)
04-03 13:44:08.499 V/locapi_rpc_glue( 1574): +loc_api_callback_process_sync_call
04-03 13:44:08.499 V/locapi_rpc_glue( 1574): -loc_api_callback_process_sync_call, no sync call in use
04-03 13:44:08.499 D/RPC     ( 1574): written RPC packet size: [28]
04-03 13:44:08.499 D/RPC     ( 1574): read RPC packet
04-03 13:44:08.499 D/RPC     ( 1574): read RPC packet size: [80]
04-03 13:44:08.499 V/locapi_rpc_glue( 1574): Callback received: 100 (cb_id=0x6260000 handle=1)
04-03 13:44:08.499 V/locapi_rpc_glue( 1574): +loc_api_callback_process_sync_call
04-03 13:44:08.499 V/locapi_rpc_glue( 1574): -loc_api_callback_process_sync_call, no sync call in use
04-03 13:44:08.499 D/RPC     ( 1574): written RPC packet size: [28]
04-03 13:44:08.509 V/GpsLocationProvider( 1574): sv: 22 snr: 1.99 elev: 7.0 azimuth: 326.0   AU
04-03 13:44:08.509 V/GpsLocationProvider( 1574): sv: 24 snr: 1.9399999 elev: 35.0 azimuth: 248.0   AU
04-03 13:44:08.509 V/GpsLocationProvider( 1574): sv: 26 snr: 1.97 elev: 57.0 azimuth: 125.0 E AU
04-03 13:44:08.509 V/GpsLocationProvider( 1574): sv: 28 snr: 2.59 elev: 45.0 azimuth: 66.0 E AU
04-03 13:44:08.509 D/lib_locapi( 1574): loc_eng_report_sv: valid_mask = 0x3f, num of sv = 11
04-03 13:44:08.509 D/lib_locapi( 1574): loc_eng_report_position: valid mask = 0x69f7ef, sess status = 0
04-03 13:44:08.519 D/lib_locapi( 1574): [GPS:] loc_eng_report_status: GPS_STATUS_SESSION_END
04-03 13:44:08.539 D/AutoSetting( 2849): service - mLocationListener: onLocationChanged() location = Location[mProvider=gps,mTime=1396532648516,mInfo=-19.65946402333507.05964369000003,mAccuracy=40.0
04-03 13:44:08.539 D/AutoSetting( 2849): service - handleMessage() incoming message, what:1
04-03 13:44:08.539 D/AutoSetting( 2849): service - mLocationListener: onLocationChanged() location = Location[mProvider=gps,mTime=1396532648516,mInfo=-19.65946402333507.05964369000003,mAccuracy=40.0
04-03 13:44:08.549 D/AutoSetting( 2849): Util - no network available!
04-03 13:44:08.549 D/AutoSetting( 2849): service - handleMessage() not proceed
04-03 13:44:08.549 D/RPC     ( 1574): read RPC packet
04-03 13:44:08.549 D/RPC     ( 1574): read RPC packet size: [80]
04-03 13:44:08.549 V/locapi_rpc_glue( 1574): Callback received: 100 (cb_id=0x6260000 handle=1)
04-03 13:44:08.549 V/locapi_rpc_glue( 1574): +loc_api_callback_process_sync_call
04-03 13:44:08.549 V/locapi_rpc_glue( 1574): -loc_api_callback_process_sync_call, no sync call in use
04-03 13:44:08.549 D/RPC     ( 1574): written RPC packet size: [28]
04-03 13:44:08.549 D/lib_locapi( 1574): [GPS:] loc_eng_report_status: GPS_STATUS_SESSION_BEGIN
04-03 13:44:09.490 D/RPC     ( 1574): read RPC packet
04-03 13:44:09.490 D/RPC     ( 1574): read RPC packet size: [272]
04-03 13:44:09.490 V/locapi_rpc_glue( 1574): Callback received: 4 (cb_id=0x6260000 handle=1)
04-03 13:44:09.490 V/locapi_rpc_glue( 1574): +loc_api_callback_process_sync_call
04-03 13:44:09.490 V/locapi_rpc_glue( 1574): -loc_api_callback_process_sync_call, no sync call in use
04-03 13:44:09.490 D/RPC     ( 1574): written RPC packet size: [28]
04-03 13:44:09.490 D/RPC     ( 1574): read RPC packet
04-03 13:44:09.490 D/RPC     ( 1574): read RPC packet size: [272]
04-03 13:44:09.490 V/locapi_rpc_glue( 1574): Callback received: 4 (cb_id=0x6260000 handle=1)
04-03 13:44:09.490 V/locapi_rpc_glue( 1574): +loc_api_callback_process_sync_call
04-03 13:44:09.490 V/locapi_rpc_glue( 1574): -loc_api_callback_process_sync_call, no sync call in use
04-03 13:44:09.490 D/RPC     ( 1574): written RPC packet size: [28]
04-03 13:44:09.490 D/RPC     ( 1574): read RPC packet
04-03 13:44:09.490 D/RPC     ( 1574): read RPC packet size: [272]
04-03 13:44:09.490 V/locapi_rpc_glue( 1574): Callback received: 4 (cb_id=0x6260000 handle=1)
04-03 13:44:09.500 V/locapi_rpc_glue( 1574): +loc_api_callback_process_sync_call
04-03 13:44:09.500 V/locapi_rpc_glue( 1574): -loc_api_callback_process_sync_call, no sync call in use
04-03 13:44:09.500 D/RPC     ( 1574): written RPC packet size: [28]
04-03 13:44:09.500 D/RPC     ( 1574): read RPC packet
04-03 13:44:09.500 D/RPC     ( 1574): read RPC packet size: [272]
04-03 13:44:09.500 V/locapi_rpc_glue( 1574): Callback received: 4 (cb_id=0x6260000 handle=1)
04-03 13:44:09.500 V/locapi_rpc_glue( 1574): +loc_api_callback_process_sync_call
04-03 13:44:09.500 V/locapi_rpc_glue( 1574): -loc_api_callback_process_sync_call, no sync call in use
04-03 13:44:09.500 D/RPC     ( 1574): written RPC packet size: [28]
04-03 13:44:09.500 D/RPC     ( 1574): read RPC packet
04-03 13:44:09.500 D/RPC     ( 1574): read RPC packet size: [536]
04-03 13:44:09.500 V/locapi_rpc_glue( 1574): Callback received: 2 (cb_id=0x6260000 handle=1)
04-03 13:44:09.500 V/locapi_rpc_glue( 1574): +loc_api_callback_process_sync_call
04-03 13:44:09.500 V/locapi_rpc_glue( 1574): -loc_api_callback_process_sync_call, no sync call in use
04-03 13:44:09.500 D/RPC     ( 1574): written RPC packet size: [28]
04-03 13:44:09.500 D/lib_locapi( 1574): loc_eng_report_sv: valid_mask = 0x30, num of sv = 11
04-03 13:44:09.500 D/GpsLocationProvider( 1574): reportSvStatus
04-03 13:44:09.500 V/GpsLocationProvider( 1574): SV count: 11 ephemerisMask: a000190 almanacMask: aa74190
04-03 13:44:09.500 V/GpsLocationProvider( 1574): sv: 5 snr: 2.1200001 elev: 10.0 azimuth: 181.0 E AU
04-03 13:44:09.500 V/GpsLocationProvider( 1574): sv: 8 snr: 2.5 elev: 15.0 azimuth: 66.0 E AU
04-03 13:44:09.500 V/GpsLocationProvider( 1574): sv: 9 snr: 3.05 elev: 20.0 azimuth: 71.0 E AU
04-03 13:44:09.500 V/GpsLocationProvider( 1574): sv: 15 snr: 2.6399999 elev: 73.0 azimuth: 254.0   AU
04-03 13:44:09.500 V/GpsLocationProvider( 1574): sv: 17 snr: 1.86 elev: 6.0 azimuth: 115.0   AU
04-03 13:44:09.500 V/GpsLocationProvider( 1574): sv: 18 snr: 1.64 elev: 32.0 azimuth: 299.0   AU
04-03 13:44:09.500 V/GpsLocationProvider( 1574): sv: 19 snr: 2.05 elev: 3.0 azimuth: 2.0   AU
04-03 13:44:09.500 V/GpsLocationProvider( 1574): sv: 22 snr: 1.99 elev: 7.0 azimuth: 326.0   AU
04-03 13:44:09.500 V/GpsLocationProvider( 1574): sv: 24 snr: 1.9399999 elev: 35.0 azimuth: 248.0   AU
04-03 13:44:09.500 V/GpsLocationProvider( 1574): sv: 26 snr: 1.97 elev: 57.0 azimuth: 125.0 E AU
04-03 13:44:09.510 D/RPC     ( 1574): read RPC packet
04-03 13:44:09.510 D/RPC     ( 1574): read RPC packet size: [272]
04-03 13:44:09.510 V/locapi_rpc_glue( 1574): Callback received: 4 (cb_id=0x6260000 handle=1)
04-03 13:44:09.510 V/locapi_rpc_glue( 1574): +loc_api_callback_process_sync_call
04-03 13:44:09.510 V/locapi_rpc_glue( 1574): -loc_api_callback_process_sync_call, no sync call in use
04-03 13:44:09.510 D/RPC     ( 1574): written RPC packet size: [28]
04-03 13:44:09.510 D/RPC     ( 1574): read RPC packet
04-03 13:44:09.510 D/RPC     ( 1574): read RPC packet size: [272]
04-03 13:44:09.510 V/locapi_rpc_glue( 1574): Callback received: 4 (cb_id=0x6260000 handle=1)
04-03 13:44:09.510 V/locapi_rpc_glue( 1574): +loc_api_callback_process_sync_call
04-03 13:44:09.510 V/locapi_rpc_glue( 1574): -loc_api_callback_process_sync_call, no sync call in use
04-03 13:44:09.510 D/RPC     ( 1574): written RPC packet size: [28]
04-03 13:44:09.510 D/RPC     ( 1574): read RPC packet
04-03 13:44:09.510 D/RPC     ( 1574): read RPC packet size: [272]
04-03 13:44:09.510 V/locapi_rpc_glue( 1574): Callback received: 4 (cb_id=0x6260000 handle=1)
04-03 13:44:09.510 V/locapi_rpc_glue( 1574): +loc_api_callback_process_sync_call
04-03 13:44:09.510 V/locapi_rpc_glue( 1574): -loc_api_callback_process_sync_call, no sync call in use
04-03 13:44:09.510 D/RPC     ( 1574): written RPC packet size: [28]
04-03 13:44:09.510 D/RPC     ( 1574): read RPC packet
04-03 13:44:09.510 D/RPC     ( 1574): read RPC packet size: [272]
04-03 13:44:09.510 V/locapi_rpc_glue( 1574): Callback received: 4 (cb_id=0x6260000 handle=1)
04-03 13:44:09.510 V/locapi_rpc_glue( 1574): +loc_api_callback_process_sync_call
04-03 13:44:09.510 V/locapi_rpc_glue( 1574): -loc_api_callback_process_sync_call, no sync call in use
04-03 13:44:09.510 D/RPC     ( 1574): written RPC packet size: [28]
04-03 13:44:09.510 D/RPC     ( 1574): read RPC packet
04-03 13:44:09.510 D/RPC     ( 1574): read RPC packet size: [536]
04-03 13:44:09.510 V/locapi_rpc_glue( 1574): Callback received: 2 (cb_id=0x6260000 handle=1)
04-03 13:44:09.510 V/locapi_rpc_glue( 1574): +loc_api_callback_process_sync_call
04-03 13:44:09.510 V/locapi_rpc_glue( 1574): -loc_api_callback_process_sync_call, no sync call in use
04-03 13:44:09.510 D/RPC     ( 1574): written RPC packet size: [28]
04-03 13:44:09.510 D/RPC     ( 1574): read RPC packet
04-03 13:44:09.510 D/RPC     ( 1574): read RPC packet size: [208]
04-03 13:44:09.510 V/locapi_rpc_glue( 1574): Callback received: 1 (cb_id=0x6260000 handle=1)
04-03 13:44:09.510 V/locapi_rpc_glue( 1574): +loc_api_callback_process_sync_call
04-03 13:44:09.510 V/locapi_rpc_glue( 1574): -loc_api_callback_process_sync_call, no sync call in use
04-03 13:44:09.510 D/RPC     ( 1574): written RPC packet size: [28]
04-03 13:44:09.510 D/RPC     ( 1574): read RPC packet
04-03 13:44:09.510 D/RPC     ( 1574): read RPC packet size: [80]
04-03 13:44:09.510 V/locapi_rpc_glue( 1574): Callback received: 100 (cb_id=0x6260000 handle=1)
04-03 13:44:09.510 V/locapi_rpc_glue( 1574): +loc_api_callback_process_sync_call
04-03 13:44:09.510 V/locapi_rpc_glue( 1574): -loc_api_callback_process_sync_call, no sync call in use
04-03 13:44:09.510 D/RPC     ( 1574): written RPC packet size: [28]
04-03 13:44:09.530 V/GpsLocationProvider( 1574): sv: 28 snr: 2.23 elev: 45.0 azimuth: 66.0 E AU
04-03 13:44:09.530 D/lib_locapi( 1574): loc_eng_report_sv: valid_mask = 0x3f, num of sv = 11
04-03 13:44:09.530 D/lib_locapi( 1574): loc_eng_report_position: valid mask = 0x69f7ef, sess status = 0
04-03 13:44:09.530 D/lib_locapi( 1574): [GPS:] loc_eng_report_status: GPS_STATUS_SESSION_END
04-03 13:44:09.540 D/AutoSetting( 2849): service - mLocationListener: onLocationChanged() location = Location[mProvider=gps,mTime=1396532649540,mInfo=-19.6594447333507.05963433,mAccuracy=43.0
04-03 13:44:09.540 D/AutoSetting( 2849): service - handleMessage() incoming message, what:1
04-03 13:44:09.540 D/AutoSetting( 2849): service - mLocationListener: onLocationChanged() location = Location[mProvider=gps,mTime=1396532649540,mInfo=-19.6594447333507.05963433,mAccuracy=43.0
04-03 13:44:09.540 D/AutoSetting( 2849): Util - no network available!
04-03 13:44:09.540 D/AutoSetting( 2849): service - handleMessage() not proceed
04-03 13:44:09.550 D/RPC     ( 1574): read RPC packet
04-03 13:44:09.550 D/RPC     ( 1574): read RPC packet size: [80]
04-03 13:44:09.550 V/locapi_rpc_glue( 1574): Callback received: 100 (cb_id=0x6260000 handle=1)
04-03 13:44:09.550 V/locapi_rpc_glue( 1574): +loc_api_callback_process_sync_call
04-03 13:44:09.550 V/locapi_rpc_glue( 1574): -loc_api_callback_process_sync_call, no sync call in use
04-03 13:44:09.550 D/RPC     ( 1574): written RPC packet size: [28]
04-03 13:44:09.550 D/lib_locapi( 1574): [GPS:] loc_eng_report_status: GPS_STATUS_SESSION_BEGIN
04-03 13:44:10.491 D/RPC     ( 1574): read RPC packet
04-03 13:44:10.491 D/RPC     ( 1574): read RPC packet size: [272]
04-03 13:44:10.501 V/locapi_rpc_glue( 1574): Callback received: 4 (cb_id=0x6260000 handle=1)
04-03 13:44:10.501 V/locapi_rpc_glue( 1574): +loc_api_callback_process_sync_call
04-03 13:44:10.501 V/locapi_rpc_glue( 1574): -loc_api_callback_process_sync_call, no sync call in use
04-03 13:44:10.501 D/RPC     ( 1574): written RPC packet size: [28]
04-03 13:44:10.501 D/RPC     ( 1574): read RPC packet
04-03 13:44:10.501 D/RPC     ( 1574): read RPC packet size: [272]
04-03 13:44:10.501 V/locapi_rpc_glue( 1574): Callback received: 4 (cb_id=0x6260000 handle=1)
04-03 13:44:10.501 V/locapi_rpc_glue( 1574): +loc_api_callback_process_sync_call
04-03 13:44:10.501 V/locapi_rpc_glue( 1574): -loc_api_callback_process_sync_call, no sync call in use
04-03 13:44:10.501 D/RPC     ( 1574): written RPC packet size: [28]
04-03 13:44:10.501 D/RPC     ( 1574): read RPC packet
04-03 13:44:10.501 D/RPC     ( 1574): read RPC packet size: [272]
04-03 13:44:10.501 V/locapi_rpc_glue( 1574): Callback received: 4 (cb_id=0x6260000 handle=1)
04-03 13:44:10.501 V/locapi_rpc_glue( 1574): +loc_api_callback_process_sync_call
04-03 13:44:10.501 V/locapi_rpc_glue( 1574): -loc_api_callback_process_sync_call, no sync call in use
04-03 13:44:10.501 D/RPC     ( 1574): written RPC packet size: [28]
04-03 13:44:10.501 D/RPC     ( 1574): read RPC packet
04-03 13:44:10.501 D/RPC     ( 1574): read RPC packet size: [272]
04-03 13:44:10.501 V/locapi_rpc_glue( 1574): Callback received: 4 (cb_id=0x6260000 handle=1)
04-03 13:44:10.501 V/locapi_rpc_glue( 1574): +loc_api_callback_process_sync_call
04-03 13:44:10.501 V/locapi_rpc_glue( 1574): -loc_api_callback_process_sync_call, no sync call in use
04-03 13:44:10.501 D/RPC     ( 1574): written RPC packet size: [28]
04-03 13:44:10.511 D/RPC     ( 1574): read RPC packet
04-03 13:44:10.511 D/RPC     ( 1574): read RPC packet size: [536]
04-03 13:44:10.511 V/locapi_rpc_glue( 1574): Callback received: 2 (cb_id=0x6260000 handle=1)
04-03 13:44:10.511 V/locapi_rpc_glue( 1574): +loc_api_callback_process_sync_call
04-03 13:44:10.511 V/locapi_rpc_glue( 1574): -loc_api_callback_process_sync_call, no sync call in use
04-03 13:44:10.511 D/RPC     ( 1574): written RPC packet size: [28]
04-03 13:44:10.511 D/lib_locapi( 1574): loc_eng_report_sv: valid_mask = 0x30, num of sv = 11
04-03 13:44:10.511 D/GpsLocationProvider( 1574): reportSvStatus
04-03 13:44:10.511 V/GpsLocationProvider( 1574): SV count: 11 ephemerisMask: a000190 almanacMask: aa74190
04-03 13:44:10.511 V/GpsLocationProvider( 1574): sv: 5 snr: 2.1200001 elev: 10.0 azimuth: 181.0 E AU
04-03 13:44:10.511 V/GpsLocationProvider( 1574): sv: 8 snr: 2.26 elev: 15.0 azimuth: 66.0 E AU
04-03 13:44:10.511 V/GpsLocationProvider( 1574): sv: 9 snr: 2.3799999 elev: 20.0 azimuth: 71.0 E AU
04-03 13:44:10.511 V/GpsLocationProvider( 1574): sv: 15 snr: 2.6399999 elev: 73.0 azimuth: 254.0   AU
04-03 13:44:10.511 V/GpsLocationProvider( 1574): sv: 17 snr: 1.6600001 elev: 6.0 azimuth: 115.0   AU
04-03 13:44:10.511 V/GpsLocationProvider( 1574): sv: 18 snr: 1.64 elev: 32.0 azimuth: 299.0   AU
04-03 13:44:10.511 V/GpsLocationProvider( 1574): sv: 19 snr: 2.05 elev: 3.0 azimuth: 2.0   AU
04-03 13:44:10.511 V/GpsLocationProvider( 1574): sv: 22 snr: 1.8 elev: 7.0 azimuth: 326.0   AU
04-03 13:44:10.511 V/GpsLocationProvider( 1574): sv: 24 snr: 1.9399999 elev: 35.0 azimuth: 248.0   AU
04-03 13:44:10.511 V/GpsLocationProvider( 1574): sv: 26 snr: 1.97 elev: 57.0 azimuth: 125.0 E AU
04-03 13:44:10.511 V/GpsLocationProvider( 1574): sv: 28 snr: 2.23 elev: 45.0 azimuth: 66.0 E AU
04-03 13:44:10.511 D/RPC     ( 1574): read RPC packet
04-03 13:44:10.511 D/RPC     ( 1574): read RPC packet size: [272]
04-03 13:44:10.511 V/locapi_rpc_glue( 1574): Callback received: 4 (cb_id=0x6260000 handle=1)
04-03 13:44:10.511 V/locapi_rpc_glue( 1574): +loc_api_callback_process_sync_call
04-03 13:44:10.511 V/locapi_rpc_glue( 1574): -loc_api_callback_process_sync_call, no sync call in use
04-03 13:44:10.511 D/RPC     ( 1574): written RPC packet size: [28]
04-03 13:44:10.511 D/RPC     ( 1574): read RPC packet
04-03 13:44:10.511 D/RPC     ( 1574): read RPC packet size: [272]
04-03 13:44:10.511 V/locapi_rpc_glue( 1574): Callback received: 4 (cb_id=0x6260000 handle=1)
04-03 13:44:10.511 V/locapi_rpc_glue( 1574): +loc_api_callback_process_sync_call
04-03 13:44:10.511 V/locapi_rpc_glue( 1574): -loc_api_callback_process_sync_call, no sync call in use
04-03 13:44:10.511 D/RPC     ( 1574): written RPC packet size: [28]
04-03 13:44:10.511 D/RPC     ( 1574): read RPC packet
04-03 13:44:10.511 D/RPC     ( 1574): read RPC packet size: [272]
04-03 13:44:10.511 V/locapi_rpc_glue( 1574): Callback received: 4 (cb_id=0x6260000 handle=1)
04-03 13:44:10.511 V/locapi_rpc_glue( 1574): +loc_api_callback_process_sync_call
04-03 13:44:10.511 V/locapi_rpc_glue( 1574): -loc_api_callback_process_sync_call, no sync call in use
04-03 13:44:10.511 D/RPC     ( 1574): written RPC packet size: [28]
04-03 13:44:10.511 D/RPC     ( 1574): read RPC packet
04-03 13:44:10.521 D/RPC     ( 1574): read RPC packet size: [272]
04-03 13:44:10.521 V/locapi_rpc_glue( 1574): Callback received: 4 (cb_id=0x6260000 handle=1)
04-03 13:44:10.521 V/locapi_rpc_glue( 1574): +loc_api_callback_process_sync_call
04-03 13:44:10.521 V/locapi_rpc_glue( 1574): -loc_api_callback_process_sync_call, no sync call in use
04-03 13:44:10.521 D/RPC     ( 1574): written RPC packet size: [28]
04-03 13:44:10.521 D/RPC     ( 1574): read RPC packet
04-03 13:44:10.521 D/RPC     ( 1574): read RPC packet size: [536]
04-03 13:44:10.521 V/locapi_rpc_glue( 1574): Callback received: 2 (cb_id=0x6260000 handle=1)
04-03 13:44:10.521 V/locapi_rpc_glue( 1574): +loc_api_callback_process_sync_call
04-03 13:44:10.521 V/locapi_rpc_glue( 1574): -loc_api_callback_process_sync_call, no sync call in use
04-03 13:44:10.521 D/RPC     ( 1574): written RPC packet size: [28]
04-03 13:44:10.521 D/RPC     ( 1574): read RPC packet
04-03 13:44:10.521 D/RPC     ( 1574): read RPC packet size: [208]
04-03 13:44:10.521 V/locapi_rpc_glue( 1574): Callback received: 1 (cb_id=0x6260000 handle=1)
04-03 13:44:10.521 V/locapi_rpc_glue( 1574): +loc_api_callback_process_sync_call
04-03 13:44:10.521 V/locapi_rpc_glue( 1574): -loc_api_callback_process_sync_call, no sync call in use
04-03 13:44:10.521 D/RPC     ( 1574): written RPC packet size: [28]
04-03 13:44:10.521 D/RPC     ( 1574): read RPC packet
04-03 13:44:10.521 D/RPC     ( 1574): read RPC packet size: [80]
04-03 13:44:10.521 V/locapi_rpc_glue( 1574): Callback received: 100 (cb_id=0x6260000 handle=1)
04-03 13:44:10.521 V/locapi_rpc_glue( 1574): +loc_api_callback_process_sync_call
04-03 13:44:10.521 V/locapi_rpc_glue( 1574): -loc_api_callback_process_sync_call, no sync call in use
04-03 13:44:10.521 D/RPC     ( 1574): written RPC packet size: [28]
04-03 13:44:10.521 D/lib_locapi( 1574): loc_eng_report_sv: valid_mask = 0x3f, num of sv = 11
04-03 13:44:10.521 D/lib_locapi( 1574): loc_eng_report_position: valid mask = 0x69f7ef, sess status = 0
04-03 13:44:10.541 D/lib_locapi( 1574): [GPS:] loc_eng_report_status: GPS_STATUS_SESSION_END
04-03 13:44:10.551 D/RPC     ( 1574): read RPC packet
04-03 13:44:10.551 D/RPC     ( 1574): read RPC packet size: [80]
04-03 13:44:10.551 V/locapi_rpc_glue( 1574): Callback received: 100 (cb_id=0x6260000 handle=1)
04-03 13:44:10.551 V/locapi_rpc_glue( 1574): +loc_api_callback_process_sync_call
04-03 13:44:10.551 V/locapi_rpc_glue( 1574): -loc_api_callback_process_sync_call, no sync call in use
04-03 13:44:10.551 D/RPC     ( 1574): written RPC packet size: [28]
04-03 13:44:10.551 D/lib_locapi( 1574): [GPS:] loc_eng_report_status: GPS_STATUS_SESSION_BEGIN
04-03 13:44:10.551 D/AutoSetting( 2849): service - mLocationListener: onLocationChanged() location = Location[mProvider=gps,mTime=1396532650532,mInfo=-19.659412500000002333507.05961867,mAccuracy=47.0
04-03 13:44:10.551 D/AutoSetting( 2849): service - handleMessage() incoming message, what:1
04-03 13:44:10.551 D/AutoSetting( 2849): service - mLocationListener: onLocationChanged() location = Location[mProvider=gps,mTime=1396532650532,mInfo=-19.659412500000002333507.05961867,mAccuracy=47.0
04-03 13:44:10.551 D/AutoSetting( 2849): Util - no network available!
04-03 13:44:10.551 D/AutoSetting( 2849): service - handleMessage() not proceed
04-03 13:44:11.382 I/System.out( 2817): Location: -2.8084921 56.33995937 | GPSNavigator running:true
04-03 13:44:11.392 I/System.out( 2817): Battery level: 99 | Time difference: -1
04-03 13:44:11.492 D/RPC     ( 1574): read RPC packet
04-03 13:44:11.492 D/RPC     ( 1574): read RPC packet size: [272]
04-03 13:44:11.492 V/locapi_rpc_glue( 1574): Callback received: 4 (cb_id=0x6260000 handle=1)
04-03 13:44:11.492 V/locapi_rpc_glue( 1574): +loc_api_callback_process_sync_call
04-03 13:44:11.492 V/locapi_rpc_glue( 1574): -loc_api_callback_process_sync_call, no sync call in use
04-03 13:44:11.492 D/RPC     ( 1574): written RPC packet size: [28]
04-03 13:44:11.502 D/RPC     ( 1574): read RPC packet
04-03 13:44:11.502 D/RPC     ( 1574): read RPC packet size: [272]
04-03 13:44:11.502 V/locapi_rpc_glue( 1574): Callback received: 4 (cb_id=0x6260000 handle=1)
04-03 13:44:11.502 V/locapi_rpc_glue( 1574): +loc_api_callback_process_sync_call
04-03 13:44:11.502 V/locapi_rpc_glue( 1574): -loc_api_callback_process_sync_call, no sync call in use
04-03 13:44:11.502 D/RPC     ( 1574): written RPC packet size: [28]
04-03 13:44:11.502 D/RPC     ( 1574): read RPC packet
04-03 13:44:11.502 D/RPC     ( 1574): read RPC packet size: [272]
04-03 13:44:11.502 V/locapi_rpc_glue( 1574): Callback received: 4 (cb_id=0x6260000 handle=1)
04-03 13:44:11.502 V/locapi_rpc_glue( 1574): +loc_api_callback_process_sync_call
04-03 13:44:11.502 V/locapi_rpc_glue( 1574): -loc_api_callback_process_sync_call, no sync call in use
04-03 13:44:11.502 D/RPC     ( 1574): written RPC packet size: [28]
04-03 13:44:11.502 D/RPC     ( 1574): read RPC packet
04-03 13:44:11.502 D/RPC     ( 1574): read RPC packet size: [272]
04-03 13:44:11.502 V/locapi_rpc_glue( 1574): Callback received: 4 (cb_id=0x6260000 handle=1)
04-03 13:44:11.502 V/locapi_rpc_glue( 1574): +loc_api_callback_process_sync_call
04-03 13:44:11.502 V/locapi_rpc_glue( 1574): -loc_api_callback_process_sync_call, no sync call in use
04-03 13:44:11.502 D/RPC     ( 1574): written RPC packet size: [28]
04-03 13:44:11.502 D/RPC     ( 1574): read RPC packet
04-03 13:44:11.502 D/RPC     ( 1574): read RPC packet size: [536]
04-03 13:44:11.502 V/locapi_rpc_glue( 1574): Callback received: 2 (cb_id=0x6260000 handle=1)
04-03 13:44:11.502 V/locapi_rpc_glue( 1574): +loc_api_callback_process_sync_call
04-03 13:44:11.502 V/locapi_rpc_glue( 1574): -loc_api_callback_process_sync_call, no sync call in use
04-03 13:44:11.502 D/RPC     ( 1574): written RPC packet size: [28]
04-03 13:44:11.502 D/lib_locapi( 1574): loc_eng_report_sv: valid_mask = 0x30, num of sv = 11
04-03 13:44:11.502 D/GpsLocationProvider( 1574): reportSvStatus
04-03 13:44:11.502 V/GpsLocationProvider( 1574): SV count: 11 ephemerisMask: a000190 almanacMask: aa74190
04-03 13:44:11.512 D/RPC     ( 1574): read RPC packet
04-03 13:44:11.512 D/RPC     ( 1574): read RPC packet size: [272]
04-03 13:44:11.512 V/locapi_rpc_glue( 1574): Callback received: 4 (cb_id=0x6260000 handle=1)
04-03 13:44:11.512 V/locapi_rpc_glue( 1574): +loc_api_callback_process_sync_call
04-03 13:44:11.512 V/locapi_rpc_glue( 1574): -loc_api_callback_process_sync_call, no sync call in use
04-03 13:44:11.512 D/RPC     ( 1574): written RPC packet size: [28]
04-03 13:44:11.512 V/GpsLocationProvider( 1574): sv: 5 snr: 2.1200001 elev: 10.0 azimuth: 181.0 E AU
04-03 13:44:11.512 V/GpsLocationProvider( 1574): sv: 8 snr: 2.31 elev: 15.0 azimuth: 66.0 E AU
04-03 13:44:11.512 D/RPC     ( 1574): read RPC packet
04-03 13:44:11.512 D/RPC     ( 1574): read RPC packet size: [272]
04-03 13:44:11.512 V/locapi_rpc_glue( 1574): Callback received: 4 (cb_id=0x6260000 handle=1)
04-03 13:44:11.512 V/locapi_rpc_glue( 1574): +loc_api_callback_process_sync_call
04-03 13:44:11.512 V/locapi_rpc_glue( 1574): -loc_api_callback_process_sync_call, no sync call in use
04-03 13:44:11.512 D/RPC     ( 1574): written RPC packet size: [28]
04-03 13:44:11.512 V/GpsLocationProvider( 1574): sv: 9 snr: 2.3799999 elev: 20.0 azimuth: 71.0 E AU
04-03 13:44:11.512 D/RPC     ( 1574): read RPC packet
04-03 13:44:11.512 D/RPC     ( 1574): read RPC packet size: [272]
04-03 13:44:11.512 V/locapi_rpc_glue( 1574): Callback received: 4 (cb_id=0x6260000 handle=1)
04-03 13:44:11.512 V/locapi_rpc_glue( 1574): +loc_api_callback_process_sync_call
04-03 13:44:11.512 V/locapi_rpc_glue( 1574): -loc_api_callback_process_sync_call, no sync call in use
04-03 13:44:11.512 D/RPC     ( 1574): written RPC packet size: [28]
04-03 13:44:11.512 V/GpsLocationProvider( 1574): sv: 15 snr: 2.6399999 elev: 73.0 azimuth: 254.0   AU
04-03 13:44:11.512 D/RPC     ( 1574): read RPC packet
04-03 13:44:11.512 D/RPC     ( 1574): read RPC packet size: [272]
04-03 13:44:11.512 V/locapi_rpc_glue( 1574): Callback received: 4 (cb_id=0x6260000 handle=1)
04-03 13:44:11.512 V/locapi_rpc_glue( 1574): +loc_api_callback_process_sync_call
04-03 13:44:11.512 V/locapi_rpc_glue( 1574): -loc_api_callback_process_sync_call, no sync call in use
04-03 13:44:11.512 D/RPC     ( 1574): written RPC packet size: [28]
04-03 13:44:11.512 D/RPC     ( 1574): read RPC packet
04-03 13:44:11.512 D/RPC     ( 1574): read RPC packet size: [536]
04-03 13:44:11.512 V/locapi_rpc_glue( 1574): Callback received: 2 (cb_id=0x6260000 handle=1)
04-03 13:44:11.512 V/locapi_rpc_glue( 1574): +loc_api_callback_process_sync_call
04-03 13:44:11.512 V/locapi_rpc_glue( 1574): -loc_api_callback_process_sync_call, no sync call in use
04-03 13:44:11.512 D/RPC     ( 1574): written RPC packet size: [28]
04-03 13:44:11.512 V/GpsLocationProvider( 1574): sv: 17 snr: 1.6600001 elev: 6.0 azimuth: 115.0   AU
04-03 13:44:11.512 D/RPC     ( 1574): read RPC packet
04-03 13:44:11.512 D/RPC     ( 1574): read RPC packet size: [208]
04-03 13:44:11.512 V/locapi_rpc_glue( 1574): Callback received: 1 (cb_id=0x6260000 handle=1)
04-03 13:44:11.512 V/locapi_rpc_glue( 1574): +loc_api_callback_process_sync_call
04-03 13:44:11.512 V/locapi_rpc_glue( 1574): -loc_api_callback_process_sync_call, no sync call in use
04-03 13:44:11.512 D/RPC     ( 1574): written RPC packet size: [28]
04-03 13:44:11.512 D/RPC     ( 1574): read RPC packet
04-03 13:44:11.512 D/RPC     ( 1574): read RPC packet size: [80]
04-03 13:44:11.512 V/locapi_rpc_glue( 1574): Callback received: 100 (cb_id=0x6260000 handle=1)
04-03 13:44:11.512 V/locapi_rpc_glue( 1574): +loc_api_callback_process_sync_call
04-03 13:44:11.512 V/locapi_rpc_glue( 1574): -loc_api_callback_process_sync_call, no sync call in use
04-03 13:44:11.512 D/RPC     ( 1574): written RPC packet size: [28]
04-03 13:44:11.522 V/GpsLocationProvider( 1574): sv: 18 snr: 1.64 elev: 32.0 azimuth: 299.0   AU
04-03 13:44:11.522 V/GpsLocationProvider( 1574): sv: 19 snr: 2.05 elev: 3.0 azimuth: 2.0   AU
04-03 13:44:11.522 V/GpsLocationProvider( 1574): sv: 22 snr: 1.89 elev: 7.0 azimuth: 326.0   AU
04-03 13:44:11.522 V/GpsLocationProvider( 1574): sv: 24 snr: 1.9399999 elev: 35.0 azimuth: 248.0   AU
04-03 13:44:11.522 V/GpsLocationProvider( 1574): sv: 26 snr: 1.97 elev: 57.0 azimuth: 125.0 E AU
04-03 13:44:11.522 V/GpsLocationProvider( 1574): sv: 28 snr: 1.78 elev: 45.0 azimuth: 66.0 E AU
04-03 13:44:11.522 D/lib_locapi( 1574): loc_eng_report_sv: valid_mask = 0x3f, num of sv = 11
04-03 13:44:11.522 D/lib_locapi( 1574): loc_eng_report_position: valid mask = 0x69f7ef, sess status = 0
