04-03 15:29:08.229 V/GpsLocationProvider( 1574): sv: 18 snr: 2.53 elev: 25.0 azimuth: 250.0 E AU
04-03 15:29:08.229 V/GpsLocationProvider( 1574): sv: 22 snr: 2.76 elev: 26.0 azimuth: 291.0   AU
04-03 15:29:08.239 V/GpsLocationProvider( 1574): sv: 24 snr: 3.06 elev: 83.0 azimuth: 253.0   AU
04-03 15:29:08.239 V/GpsLocationProvider( 1574): sv: 26 snr: 2.3600001 elev: 9.0 azimuth: 142.0 E AU
04-03 15:29:08.239 V/GpsLocationProvider( 1574): sv: 28 snr: 1.8299999 elev: 8.0 azimuth: 47.0 E AU
04-03 15:29:08.239 D/RPC     ( 1574): read RPC packet
04-03 15:29:08.239 D/RPC     ( 1574): read RPC packet size: [272]
04-03 15:29:08.239 V/locapi_rpc_glue( 1574): Callback received: 4 (cb_id=0x6260000 handle=1)
04-03 15:29:08.239 V/locapi_rpc_glue( 1574): +loc_api_callback_process_sync_call
04-03 15:29:08.239 V/locapi_rpc_glue( 1574): -loc_api_callback_process_sync_call, no sync call in use
04-03 15:29:08.249 D/RPC     ( 1574): written RPC packet size: [28]
04-03 15:29:08.249 D/RPC     ( 1574): read RPC packet
04-03 15:29:08.249 D/RPC     ( 1574): read RPC packet size: [272]
04-03 15:29:08.249 V/locapi_rpc_glue( 1574): Callback received: 4 (cb_id=0x6260000 handle=1)
04-03 15:29:08.249 V/locapi_rpc_glue( 1574): +loc_api_callback_process_sync_call
04-03 15:29:08.249 V/locapi_rpc_glue( 1574): -loc_api_callback_process_sync_call, no sync call in use
04-03 15:29:08.249 D/RPC     ( 1574): written RPC packet size: [28]
04-03 15:29:08.259 D/RPC     ( 1574): read RPC packet
04-03 15:29:08.259 D/RPC     ( 1574): read RPC packet size: [272]
04-03 15:29:08.259 V/locapi_rpc_glue( 1574): Callback received: 4 (cb_id=0x6260000 handle=1)
04-03 15:29:08.259 V/locapi_rpc_glue( 1574): +loc_api_callback_process_sync_call
04-03 15:29:08.259 V/locapi_rpc_glue( 1574): -loc_api_callback_process_sync_call, no sync call in use
04-03 15:29:08.259 D/RPC     ( 1574): written RPC packet size: [28]
04-03 15:29:08.259 D/RPC     ( 1574): read RPC packet
04-03 15:29:08.269 D/RPC     ( 1574): read RPC packet size: [272]
04-03 15:29:08.269 V/locapi_rpc_glue( 1574): Callback received: 4 (cb_id=0x6260000 handle=1)
04-03 15:29:08.269 V/locapi_rpc_glue( 1574): +loc_api_callback_process_sync_call
04-03 15:29:08.269 V/locapi_rpc_glue( 1574): -loc_api_callback_process_sync_call, no sync call in use
04-03 15:29:08.269 D/RPC     ( 1574): written RPC packet size: [28]
04-03 15:29:09.180 D/RPC     ( 1574): read RPC packet
04-03 15:29:09.180 D/RPC     ( 1574): read RPC packet size: [272]
04-03 15:29:09.180 V/locapi_rpc_glue( 1574): Callback received: 4 (cb_id=0x6260000 handle=1)
04-03 15:29:09.180 V/locapi_rpc_glue( 1574): +loc_api_callback_process_sync_call
04-03 15:29:09.180 V/locapi_rpc_glue( 1574): -loc_api_callback_process_sync_call, no sync call in use
04-03 15:29:09.180 D/RPC     ( 1574): written RPC packet size: [28]
04-03 15:29:09.180 D/RPC     ( 1574): read RPC packet
04-03 15:29:09.180 D/RPC     ( 1574): read RPC packet size: [272]
04-03 15:29:09.190 V/locapi_rpc_glue( 1574): Callback received: 4 (cb_id=0x6260000 handle=1)
04-03 15:29:09.190 V/locapi_rpc_glue( 1574): +loc_api_callback_process_sync_call
04-03 15:29:09.190 V/locapi_rpc_glue( 1574): -loc_api_callback_process_sync_call, no sync call in use
04-03 15:29:09.190 D/RPC     ( 1574): written RPC packet size: [28]
04-03 15:29:09.190 D/RPC     ( 1574): read RPC packet
04-03 15:29:09.190 D/RPC     ( 1574): read RPC packet size: [272]
04-03 15:29:09.190 V/locapi_rpc_glue( 1574): Callback received: 4 (cb_id=0x6260000 handle=1)
04-03 15:29:09.190 V/locapi_rpc_glue( 1574): +loc_api_callback_process_sync_call
04-03 15:29:09.200 V/locapi_rpc_glue( 1574): -loc_api_callback_process_sync_call, no sync call in use
04-03 15:29:09.200 D/RPC     ( 1574): written RPC packet size: [28]
04-03 15:29:09.200 D/RPC     ( 1574): read RPC packet
04-03 15:29:09.200 D/RPC     ( 1574): read RPC packet size: [272]
04-03 15:29:09.210 V/locapi_rpc_glue( 1574): Callback received: 4 (cb_id=0x6260000 handle=1)
04-03 15:29:09.210 V/locapi_rpc_glue( 1574): +loc_api_callback_process_sync_call
04-03 15:29:09.210 V/locapi_rpc_glue( 1574): -loc_api_callback_process_sync_call, no sync call in use
04-03 15:29:09.210 D/RPC     ( 1574): written RPC packet size: [28]
04-03 15:29:09.210 D/RPC     ( 1574): read RPC packet
04-03 15:29:09.210 D/RPC     ( 1574): read RPC packet size: [496]
04-03 15:29:09.220 V/locapi_rpc_glue( 1574): Callback received: 2 (cb_id=0x6260000 handle=1)
04-03 15:29:09.220 V/locapi_rpc_glue( 1574): +loc_api_callback_process_sync_call
04-03 15:29:09.220 V/locapi_rpc_glue( 1574): -loc_api_callback_process_sync_call, no sync call in use
04-03 15:29:09.220 D/lib_locapi( 1574): loc_eng_report_sv: valid_mask = 0x30, num of sv = 10
04-03 15:29:09.220 D/GpsLocationProvider( 1574): reportSvStatus
04-03 15:29:09.220 V/GpsLocationProvider( 1574): SV count: 10 ephemerisMask: a030000 almanacMask: aa34c01
04-03 15:29:09.220 V/GpsLocationProvider( 1574): sv: 1 snr: 3.04 elev: 6.0 azimuth: 18.0   AU
04-03 15:29:09.220 V/GpsLocationProvider( 1574): sv: 11 snr: 1.3199999 elev: 0.0 azimuth: 0.0   AU
04-03 15:29:09.230 V/GpsLocationProvider( 1574): sv: 12 snr: 3.1299999 elev: 34.0 azimuth: 209.0   AU
04-03 15:29:09.230 V/GpsLocationProvider( 1574): sv: 15 snr: 2.85 elev: 41.0 azimuth: 165.0   AU
04-03 15:29:09.230 V/GpsLocationProvider( 1574): sv: 17 snr: 3.2400002 elev: 33.0 azimuth: 75.0 E AU
04-03 15:29:09.230 V/GpsLocationProvider( 1574): sv: 18 snr: 2.58 elev: 25.0 azimuth: 250.0 E AU
04-03 15:29:09.230 D/RPC     ( 1574): written RPC packet size: [28]
04-03 15:29:09.240 V/GpsLocationProvider( 1574): sv: 22 snr: 2.83 elev: 26.0 azimuth: 291.0   AU
04-03 15:29:09.240 V/GpsLocationProvider( 1574): sv: 24 snr: 3.04 elev: 83.0 azimuth: 253.0   AU
04-03 15:29:09.240 V/GpsLocationProvider( 1574): sv: 26 snr: 2.76 elev: 9.0 azimuth: 142.0 E AU
04-03 15:29:09.240 V/GpsLocationProvider( 1574): sv: 28 snr: 1.8299999 elev: 8.0 azimuth: 47.0 E AU
04-03 15:29:09.240 D/RPC     ( 1574): read RPC packet
04-03 15:29:09.240 D/RPC     ( 1574): read RPC packet size: [272]
04-03 15:29:09.250 V/locapi_rpc_glue( 1574): Callback received: 4 (cb_id=0x6260000 handle=1)
04-03 15:29:09.250 V/locapi_rpc_glue( 1574): +loc_api_callback_process_sync_call
04-03 15:29:09.250 V/locapi_rpc_glue( 1574): -loc_api_callback_process_sync_call, no sync call in use
04-03 15:29:09.250 D/RPC     ( 1574): written RPC packet size: [28]
04-03 15:29:09.250 D/RPC     ( 1574): read RPC packet
04-03 15:29:09.250 D/RPC     ( 1574): read RPC packet size: [272]
04-03 15:29:09.250 V/locapi_rpc_glue( 1574): Callback received: 4 (cb_id=0x6260000 handle=1)
04-03 15:29:09.260 V/locapi_rpc_glue( 1574): +loc_api_callback_process_sync_call
04-03 15:29:09.260 V/locapi_rpc_glue( 1574): -loc_api_callback_process_sync_call, no sync call in use
04-03 15:29:09.260 D/RPC     ( 1574): written RPC packet size: [28]
04-03 15:29:09.260 D/RPC     ( 1574): read RPC packet
04-03 15:29:09.260 D/RPC     ( 1574): read RPC packet size: [272]
04-03 15:29:09.260 V/locapi_rpc_glue( 1574): Callback received: 4 (cb_id=0x6260000 handle=1)
04-03 15:29:09.260 V/locapi_rpc_glue( 1574): +loc_api_callback_process_sync_call
04-03 15:29:09.270 V/locapi_rpc_glue( 1574): -loc_api_callback_process_sync_call, no sync call in use
04-03 15:29:09.270 D/RPC     ( 1574): written RPC packet size: [28]
04-03 15:29:09.270 D/RPC     ( 1574): read RPC packet
04-03 15:29:09.270 D/RPC     ( 1574): read RPC packet size: [272]
04-03 15:29:09.280 V/locapi_rpc_glue( 1574): Callback received: 4 (cb_id=0x6260000 handle=1)
04-03 15:29:09.280 V/locapi_rpc_glue( 1574): +loc_api_callback_process_sync_call
04-03 15:29:09.280 V/locapi_rpc_glue( 1574): -loc_api_callback_process_sync_call, no sync call in use
04-03 15:29:09.280 D/RPC     ( 1574): written RPC packet size: [28]
04-03 15:29:09.931 I/System.out( 2720): Location: unknown | GPSNavigator running:true
04-03 15:29:09.931 I/System.out( 2720): Battery level: 99 | Time difference: -1
04-03 15:29:10.171 D/RPC     ( 1574): read RPC packet
04-03 15:29:10.171 D/RPC     ( 1574): read RPC packet size: [272]
04-03 15:29:10.171 V/locapi_rpc_glue( 1574): Callback received: 4 (cb_id=0x6260000 handle=1)
04-03 15:29:10.171 V/locapi_rpc_glue( 1574): +loc_api_callback_process_sync_call
04-03 15:29:10.181 V/locapi_rpc_glue( 1574): -loc_api_callback_process_sync_call, no sync call in use
04-03 15:29:10.181 D/RPC     ( 1574): written RPC packet size: [28]
04-03 15:29:10.181 D/RPC     ( 1574): read RPC packet
04-03 15:29:10.181 D/RPC     ( 1574): read RPC packet size: [272]
04-03 15:29:10.181 V/locapi_rpc_glue( 1574): Callback received: 4 (cb_id=0x6260000 handle=1)
04-03 15:29:10.191 V/locapi_rpc_glue( 1574): +loc_api_callback_process_sync_call
04-03 15:29:10.191 V/locapi_rpc_glue( 1574): -loc_api_callback_process_sync_call, no sync call in use
04-03 15:29:10.191 D/RPC     ( 1574): written RPC packet size: [28]
04-03 15:29:10.191 D/RPC     ( 1574): read RPC packet
04-03 15:29:10.191 D/RPC     ( 1574): read RPC packet size: [272]
04-03 15:29:10.191 V/locapi_rpc_glue( 1574): Callback received: 4 (cb_id=0x6260000 handle=1)
04-03 15:29:10.191 V/locapi_rpc_glue( 1574): +loc_api_callback_process_sync_call
04-03 15:29:10.201 V/locapi_rpc_glue( 1574): -loc_api_callback_process_sync_call, no sync call in use
04-03 15:29:10.201 D/RPC     ( 1574): written RPC packet size: [28]
04-03 15:29:10.201 D/RPC     ( 1574): read RPC packet
04-03 15:29:10.201 D/RPC     ( 1574): read RPC packet size: [272]
04-03 15:29:10.211 V/locapi_rpc_glue( 1574): Callback received: 4 (cb_id=0x6260000 handle=1)
04-03 15:29:10.211 V/locapi_rpc_glue( 1574): +loc_api_callback_process_sync_call
04-03 15:29:10.211 V/locapi_rpc_glue( 1574): -loc_api_callback_process_sync_call, no sync call in use
04-03 15:29:10.211 D/RPC     ( 1574): written RPC packet size: [28]
04-03 15:29:10.211 D/RPC     ( 1574): read RPC packet
04-03 15:29:10.211 D/RPC     ( 1574): read RPC packet size: [496]
04-03 15:29:10.221 V/locapi_rpc_glue( 1574): Callback received: 2 (cb_id=0x6260000 handle=1)
04-03 15:29:10.221 V/locapi_rpc_glue( 1574): +loc_api_callback_process_sync_call
04-03 15:29:10.221 V/locapi_rpc_glue( 1574): -loc_api_callback_process_sync_call, no sync call in use
04-03 15:29:10.221 D/lib_locapi( 1574): loc_eng_report_sv: valid_mask = 0x30, num of sv = 10
04-03 15:29:10.221 D/GpsLocationProvider( 1574): reportSvStatus
04-03 15:29:10.221 V/GpsLocationProvider( 1574): SV count: 10 ephemerisMask: a030000 almanacMask: aa34c01
04-03 15:29:10.221 V/GpsLocationProvider( 1574): sv: 1 snr: 3.01 elev: 6.0 azimuth: 18.0   AU
04-03 15:29:10.221 V/GpsLocationProvider( 1574): sv: 11 snr: 1.3199999 elev: 0.0 azimuth: 0.0   AU
04-03 15:29:10.221 V/GpsLocationProvider( 1574): sv: 12 snr: 1.97 elev: 34.0 azimuth: 209.0   AU
04-03 15:29:10.221 V/GpsLocationProvider( 1574): sv: 15 snr: 2.8 elev: 41.0 azimuth: 165.0   AU
04-03 15:29:10.231 D/RPC     ( 1574): written RPC packet size: [28]
04-03 15:29:10.231 V/GpsLocationProvider( 1574): sv: 17 snr: 3.2900002 elev: 33.0 azimuth: 75.0 E AU
04-03 15:29:10.231 V/GpsLocationProvider( 1574): sv: 18 snr: 2.6100001 elev: 25.0 azimuth: 250.0 E AU
04-03 15:29:10.231 V/GpsLocationProvider( 1574): sv: 22 snr: 2.6 elev: 26.0 azimuth: 291.0   AU
04-03 15:29:10.231 V/GpsLocationProvider( 1574): sv: 24 snr: 2.96 elev: 83.0 azimuth: 253.0   AU
04-03 15:29:10.241 V/GpsLocationProvider( 1574): sv: 26 snr: 2.73 elev: 9.0 azimuth: 142.0 E AU
04-03 15:29:10.241 V/GpsLocationProvider( 1574): sv: 28 snr: 1.8399999 elev: 8.0 azimuth: 47.0 E AU
04-03 15:29:10.241 D/RPC     ( 1574): read RPC packet
04-03 15:29:10.241 D/RPC     ( 1574): read RPC packet size: [272]
04-03 15:29:10.251 V/locapi_rpc_glue( 1574): Callback received: 4 (cb_id=0x6260000 handle=1)
04-03 15:29:10.251 V/locapi_rpc_glue( 1574): +loc_api_callback_process_sync_call
04-03 15:29:10.251 V/locapi_rpc_glue( 1574): -loc_api_callback_process_sync_call, no sync call in use
04-03 15:29:10.251 D/RPC     ( 1574): written RPC packet size: [28]
04-03 15:29:10.251 D/RPC     ( 1574): read RPC packet
04-03 15:29:10.251 D/RPC     ( 1574): read RPC packet size: [272]
04-03 15:29:10.251 V/locapi_rpc_glue( 1574): Callback received: 4 (cb_id=0x6260000 handle=1)
04-03 15:29:10.251 V/locapi_rpc_glue( 1574): +loc_api_callback_process_sync_call
04-03 15:29:10.261 V/locapi_rpc_glue( 1574): -loc_api_callback_process_sync_call, no sync call in use
04-03 15:29:10.261 D/RPC     ( 1574): written RPC packet size: [28]
04-03 15:29:10.261 D/RPC     ( 1574): read RPC packet
04-03 15:29:10.261 D/RPC     ( 1574): read RPC packet size: [272]
04-03 15:29:10.261 V/locapi_rpc_glue( 1574): Callback received: 4 (cb_id=0x6260000 handle=1)
04-03 15:29:10.271 V/locapi_rpc_glue( 1574): +loc_api_callback_process_sync_call
04-03 15:29:10.271 V/locapi_rpc_glue( 1574): -loc_api_callback_process_sync_call, no sync call in use
04-03 15:29:10.271 D/RPC     ( 1574): written RPC packet size: [28]
04-03 15:29:10.271 D/RPC     ( 1574): read RPC packet
04-03 15:29:10.271 D/RPC     ( 1574): read RPC packet size: [272]
04-03 15:29:10.271 V/locapi_rpc_glue( 1574): Callback received: 4 (cb_id=0x6260000 handle=1)
04-03 15:29:10.271 V/locapi_rpc_glue( 1574): +loc_api_callback_process_sync_call
04-03 15:29:10.281 V/locapi_rpc_glue( 1574): -loc_api_callback_process_sync_call, no sync call in use
04-03 15:29:10.281 D/RPC     ( 1574): written RPC packet size: [28]
04-03 15:29:11.182 D/RPC     ( 1574): read RPC packet
04-03 15:29:11.182 D/RPC     ( 1574): read RPC packet size: [272]
04-03 15:29:11.182 V/locapi_rpc_glue( 1574): Callback received: 4 (cb_id=0x6260000 handle=1)
04-03 15:29:11.182 V/locapi_rpc_glue( 1574): +loc_api_callback_process_sync_call
04-03 15:29:11.182 V/locapi_rpc_glue( 1574): -loc_api_callback_process_sync_call, no sync call in use
04-03 15:29:11.182 D/RPC     ( 1574): written RPC packet size: [28]
04-03 15:29:11.182 D/RPC     ( 1574): read RPC packet
04-03 15:29:11.182 D/RPC     ( 1574): read RPC packet size: [272]
04-03 15:29:11.182 V/locapi_rpc_glue( 1574): Callback received: 4 (cb_id=0x6260000 handle=1)
04-03 15:29:11.182 V/locapi_rpc_glue( 1574): +loc_api_callback_process_sync_call
04-03 15:29:11.192 V/locapi_rpc_glue( 1574): -loc_api_callback_process_sync_call, no sync call in use
04-03 15:29:11.192 D/RPC     ( 1574): written RPC packet size: [28]
04-03 15:29:11.192 D/RPC     ( 1574): read RPC packet
04-03 15:29:11.192 D/RPC     ( 1574): read RPC packet size: [272]
04-03 15:29:11.202 V/locapi_rpc_glue( 1574): Callback received: 4 (cb_id=0x6260000 handle=1)
04-03 15:29:11.202 V/locapi_rpc_glue( 1574): +loc_api_callback_process_sync_call
04-03 15:29:11.202 V/locapi_rpc_glue( 1574): -loc_api_callback_process_sync_call, no sync call in use
04-03 15:29:11.202 D/RPC     ( 1574): written RPC packet size: [28]
04-03 15:29:11.202 D/RPC     ( 1574): read RPC packet
04-03 15:29:11.202 D/RPC     ( 1574): read RPC packet size: [272]
04-03 15:29:11.202 V/locapi_rpc_glue( 1574): Callback received: 4 (cb_id=0x6260000 handle=1)
04-03 15:29:11.212 V/locapi_rpc_glue( 1574): +loc_api_callback_process_sync_call
04-03 15:29:11.212 V/locapi_rpc_glue( 1574): -loc_api_callback_process_sync_call, no sync call in use
04-03 15:29:11.212 D/RPC     ( 1574): written RPC packet size: [28]
04-03 15:29:11.212 D/RPC     ( 1574): read RPC packet
04-03 15:29:11.212 D/RPC     ( 1574): read RPC packet size: [496]
04-03 15:29:11.222 V/locapi_rpc_glue( 1574): Callback received: 2 (cb_id=0x6260000 handle=1)
04-03 15:29:11.222 V/locapi_rpc_glue( 1574): +loc_api_callback_process_sync_call
04-03 15:29:11.222 V/locapi_rpc_glue( 1574): -loc_api_callback_process_sync_call, no sync call in use
04-03 15:29:11.222 D/lib_locapi( 1574): loc_eng_report_sv: valid_mask = 0x30, num of sv = 10
04-03 15:29:11.222 D/GpsLocationProvider( 1574): reportSvStatus
04-03 15:29:11.222 V/GpsLocationProvider( 1574): SV count: 10 ephemerisMask: a830000 almanacMask: aa34c01
04-03 15:29:11.222 V/GpsLocationProvider( 1574): sv: 1 snr: 3.09 elev: 6.0 azimuth: 18.0   AU
04-03 15:29:11.222 V/GpsLocationProvider( 1574): sv: 11 snr: 1.29 elev: 0.0 azimuth: 0.0   AU
04-03 15:29:11.232 V/GpsLocationProvider( 1574): sv: 12 snr: 1.97 elev: 34.0 azimuth: 209.0   AU
04-03 15:29:11.232 V/GpsLocationProvider( 1574): sv: 15 snr: 2.8600001 elev: 41.0 azimuth: 165.0   AU
04-03 15:29:11.232 V/GpsLocationProvider( 1574): sv: 17 snr: 3.19 elev: 33.0 azimuth: 75.0 E AU
04-03 15:29:11.232 D/RPC     ( 1574): written RPC packet size: [28]
04-03 15:29:11.242 V/GpsLocationProvider( 1574): sv: 18 snr: 2.54 elev: 25.0 azimuth: 250.0 E AU
04-03 15:29:11.242 V/GpsLocationProvider( 1574): sv: 22 snr: 2.6 elev: 26.0 azimuth: 291.0   AU
04-03 15:29:11.242 V/GpsLocationProvider( 1574): sv: 24 snr: 2.8600001 elev: 82.0 azimuth: 255.0 E AU
04-03 15:29:11.242 V/GpsLocationProvider( 1574): sv: 26 snr: 2.59 elev: 9.0 azimuth: 142.0 E AU
04-03 15:29:11.242 V/GpsLocationProvider( 1574): sv: 28 snr: 1.8399999 elev: 8.0 azimuth: 47.0 E AU
04-03 15:29:11.252 D/RPC     ( 1574): read RPC packet
04-03 15:29:11.252 D/RPC     ( 1574): read RPC packet size: [272]
04-03 15:29:11.252 V/locapi_rpc_glue( 1574): Callback received: 4 (cb_id=0x6260000 handle=1)
04-03 15:29:11.252 V/locapi_rpc_glue( 1574): +loc_api_callback_process_sync_call
04-03 15:29:11.252 V/locapi_rpc_glue( 1574): -loc_api_callback_process_sync_call, no sync call in use
04-03 15:29:11.252 D/RPC     ( 1574): written RPC packet size: [28]
04-03 15:29:11.252 D/RPC     ( 1574): read RPC packet
04-03 15:29:11.262 D/RPC     ( 1574): read RPC packet size: [272]
04-03 15:29:11.262 V/locapi_rpc_glue( 1574): Callback received: 4 (cb_id=0x6260000 handle=1)
04-03 15:29:11.262 V/locapi_rpc_glue( 1574): +loc_api_callback_process_sync_call
04-03 15:29:11.262 V/locapi_rpc_glue( 1574): -loc_api_callback_process_sync_call, no sync call in use
04-03 15:29:11.262 D/RPC     ( 1574): written RPC packet size: [28]
04-03 15:29:11.262 D/RPC     ( 1574): read RPC packet
04-03 15:29:11.262 D/RPC     ( 1574): read RPC packet size: [272]
04-03 15:29:11.272 V/locapi_rpc_glue( 1574): Callback received: 4 (cb_id=0x6260000 handle=1)
04-03 15:29:11.272 V/locapi_rpc_glue( 1574): +loc_api_callback_process_sync_call
04-03 15:29:11.272 V/locapi_rpc_glue( 1574): -loc_api_callback_process_sync_call, no sync call in use
04-03 15:29:11.272 D/RPC     ( 1574): written RPC packet size: [28]
04-03 15:29:11.272 D/RPC     ( 1574): read RPC packet
04-03 15:29:11.272 D/RPC     ( 1574): read RPC packet size: [272]
04-03 15:29:11.282 V/locapi_rpc_glue( 1574): Callback received: 4 (cb_id=0x6260000 handle=1)
04-03 15:29:11.282 V/locapi_rpc_glue( 1574): +loc_api_callback_process_sync_call
04-03 15:29:11.282 V/locapi_rpc_glue( 1574): -loc_api_callback_process_sync_call, no sync call in use
04-03 15:29:11.282 D/RPC     ( 1574): written RPC packet size: [28]
04-03 15:29:12.183 D/RPC     ( 1574): read RPC packet
04-03 15:29:12.183 D/RPC     ( 1574): read RPC packet size: [272]
04-03 15:29:12.183 V/locapi_rpc_glue( 1574): Callback received: 4 (cb_id=0x6260000 handle=1)
04-03 15:29:12.183 V/locapi_rpc_glue( 1574): +loc_api_callback_process_sync_call
04-03 15:29:12.183 V/locapi_rpc_glue( 1574): -loc_api_callback_process_sync_call, no sync call in use
04-03 15:29:12.183 D/RPC     ( 1574): written RPC packet size: [28]
04-03 15:29:12.183 D/RPC     ( 1574): read RPC packet
04-03 15:29:12.183 D/RPC     ( 1574): read RPC packet size: [272]
04-03 15:29:12.183 V/locapi_rpc_glue( 1574): Callback received: 4 (cb_id=0x6260000 handle=1)
04-03 15:29:12.193 V/locapi_rpc_glue( 1574): +loc_api_callback_process_sync_call
04-03 15:29:12.193 V/locapi_rpc_glue( 1574): -loc_api_callback_process_sync_call, no sync call in use
04-03 15:29:12.193 D/RPC     ( 1574): written RPC packet size: [28]
04-03 15:29:12.193 D/RPC     ( 1574): read RPC packet
04-03 15:29:12.193 D/RPC     ( 1574): read RPC packet size: [272]
04-03 15:29:12.203 V/locapi_rpc_glue( 1574): Callback received: 4 (cb_id=0x6260000 handle=1)
04-03 15:29:12.203 V/locapi_rpc_glue( 1574): +loc_api_callback_process_sync_call
04-03 15:29:12.203 V/locapi_rpc_glue( 1574): -loc_api_callback_process_sync_call, no sync call in use
04-03 15:29:12.203 D/RPC     ( 1574): written RPC packet size: [28]
04-03 15:29:12.203 D/RPC     ( 1574): read RPC packet
04-03 15:29:12.213 D/RPC     ( 1574): read RPC packet size: [272]
04-03 15:29:12.213 V/locapi_rpc_glue( 1574): Callback received: 4 (cb_id=0x6260000 handle=1)
04-03 15:29:12.213 V/locapi_rpc_glue( 1574): +loc_api_callback_process_sync_call
04-03 15:29:12.213 V/locapi_rpc_glue( 1574): -loc_api_callback_process_sync_call, no sync call in use
04-03 15:29:12.213 D/RPC     ( 1574): written RPC packet size: [28]
04-03 15:29:12.223 D/RPC     ( 1574): read RPC packet
04-03 15:29:12.223 D/RPC     ( 1574): read RPC packet size: [496]
04-03 15:29:12.223 V/locapi_rpc_glue( 1574): Callback received: 2 (cb_id=0x6260000 handle=1)
04-03 15:29:12.223 V/locapi_rpc_glue( 1574): +loc_api_callback_process_sync_call
04-03 15:29:12.223 V/locapi_rpc_glue( 1574): -loc_api_callback_process_sync_call, no sync call in use
04-03 15:29:12.233 D/lib_locapi( 1574): loc_eng_report_sv: valid_mask = 0x30, num of sv = 10
04-03 15:29:12.233 D/GpsLocationProvider( 1574): reportSvStatus
04-03 15:29:12.233 V/GpsLocationProvider( 1574): SV count: 10 ephemerisMask: a830000 almanacMask: aa34c01
04-03 15:29:12.233 V/GpsLocationProvider( 1574): sv: 1 snr: 3.1399999 elev: 6.0 azimuth: 18.0   AU
04-03 15:29:12.243 V/GpsLocationProvider( 1574): sv: 11 snr: 1.25 elev: 0.0 azimuth: 0.0   AU
04-03 15:29:12.243 V/GpsLocationProvider( 1574): sv: 12 snr: 1.97 elev: 34.0 azimuth: 209.0   AU
04-03 15:29:12.243 V/GpsLocationProvider( 1574): sv: 15 snr: 2.9 elev: 41.0 azimuth: 165.0   AU
04-03 15:29:12.243 V/GpsLocationProvider( 1574): sv: 17 snr: 3.2599998 elev: 33.0 azimuth: 75.0 E AU
04-03 15:29:12.243 V/GpsLocationProvider( 1574): sv: 18 snr: 2.59 elev: 25.0 azimuth: 250.0 E AU
04-03 15:29:12.243 V/GpsLocationProvider( 1574): sv: 22 snr: 2.08 elev: 26.0 azimuth: 291.0   AU
04-03 15:29:12.243 D/RPC     ( 1574): written RPC packet size: [28]
04-03 15:29:12.243 V/GpsLocationProvider( 1574): sv: 24 snr: 2.95 elev: 83.0 azimuth: 253.0 E AU
04-03 15:29:12.253 V/GpsLocationProvider( 1574): sv: 26 snr: 2.66 elev: 9.0 azimuth: 142.0 E AU
04-03 15:29:12.253 V/GpsLocationProvider( 1574): sv: 28 snr: 2.06 elev: 8.0 azimuth: 47.0 E AU
04-03 15:29:12.253 D/RPC     ( 1574): read RPC packet
04-03 15:29:12.253 D/RPC     ( 1574): read RPC packet size: [272]
04-03 15:29:12.263 V/locapi_rpc_glue( 1574): Callback received: 4 (cb_id=0x6260000 handle=1)
04-03 15:29:12.263 V/locapi_rpc_glue( 1574): +loc_api_callback_process_sync_call
04-03 15:29:12.263 V/locapi_rpc_glue( 1574): -loc_api_callback_process_sync_call, no sync call in use
04-03 15:29:12.263 D/RPC     ( 1574): written RPC packet size: [28]
04-03 15:29:12.263 D/RPC     ( 1574): read RPC packet
04-03 15:29:12.263 D/RPC     ( 1574): read RPC packet size: [272]
04-03 15:29:12.273 V/locapi_rpc_glue( 1574): Callback received: 4 (cb_id=0x6260000 handle=1)
04-03 15:29:12.273 V/locapi_rpc_glue( 1574): +loc_api_callback_process_sync_call
04-03 15:29:12.273 V/locapi_rpc_glue( 1574): -loc_api_callback_process_sync_call, no sync call in use
04-03 15:29:12.273 D/RPC     ( 1574): written RPC packet size: [28]
04-03 15:29:12.283 D/RPC     ( 1574): read RPC packet
04-03 15:29:12.283 D/RPC     ( 1574): read RPC packet size: [272]
04-03 15:29:12.283 V/locapi_rpc_glue( 1574): Callback received: 4 (cb_id=0x6260000 handle=1)
04-03 15:29:12.283 V/locapi_rpc_glue( 1574): +loc_api_callback_process_sync_call
04-03 15:29:12.283 V/locapi_rpc_glue( 1574): -loc_api_callback_process_sync_call, no sync call in use
04-03 15:29:12.283 D/RPC     ( 1574): written RPC packet size: [28]
04-03 15:29:12.293 D/RPC     ( 1574): read RPC packet
04-03 15:29:12.293 D/RPC     ( 1574): read RPC packet size: [272]
04-03 15:29:12.293 V/locapi_rpc_glue( 1574): Callback received: 4 (cb_id=0x6260000 handle=1)
04-03 15:29:12.293 V/locapi_rpc_glue( 1574): +loc_api_callback_process_sync_call
04-03 15:29:12.293 V/locapi_rpc_glue( 1574): -loc_api_callback_process_sync_call, no sync call in use
04-03 15:29:12.293 D/RPC     ( 1574): written RPC packet size: [28]
04-03 15:29:12.944 I/System.out( 2720): Location: unknown | GPSNavigator running:true
04-03 15:29:12.944 I/System.out( 2720): Battery level: 99 | Time difference: -1
04-03 15:29:13.174 D/RPC     ( 1574): read RPC packet
04-03 15:29:13.174 D/RPC     ( 1574): read RPC packet size: [272]
04-03 15:29:13.174 V/locapi_rpc_glue( 1574): Callback received: 4 (cb_id=0x6260000 handle=1)
04-03 15:29:13.174 V/locapi_rpc_glue( 1574): +loc_api_callback_process_sync_call
04-03 15:29:13.174 V/locapi_rpc_glue( 1574): -loc_api_callback_process_sync_call, no sync call in use
04-03 15:29:13.184 D/RPC     ( 1574): written RPC packet size: [28]
04-03 15:29:13.184 D/RPC     ( 1574): read RPC packet
04-03 15:29:13.184 D/RPC     ( 1574): read RPC packet size: [272]
04-03 15:29:13.184 V/locapi_rpc_glue( 1574): Callback received: 4 (cb_id=0x6260000 handle=1)
04-03 15:29:13.194 V/locapi_rpc_glue( 1574): +loc_api_callback_process_sync_call
04-03 15:29:13.194 V/locapi_rpc_glue( 1574): -loc_api_callback_process_sync_call, no sync call in use
04-03 15:29:13.194 D/RPC     ( 1574): written RPC packet size: [28]
04-03 15:29:13.194 D/RPC     ( 1574): read RPC packet
04-03 15:29:13.194 D/RPC     ( 1574): read RPC packet size: [272]
04-03 15:29:13.194 V/locapi_rpc_glue( 1574): Callback received: 4 (cb_id=0x6260000 handle=1)
04-03 15:29:13.204 V/locapi_rpc_glue( 1574): +loc_api_callback_process_sync_call
04-03 15:29:13.204 V/locapi_rpc_glue( 1574): -loc_api_callback_process_sync_call, no sync call in use
04-03 15:29:13.204 D/RPC     ( 1574): written RPC packet size: [28]
04-03 15:29:13.204 D/RPC     ( 1574): read RPC packet
04-03 15:29:13.204 D/RPC     ( 1574): read RPC packet size: [456]
04-03 15:29:13.204 V/locapi_rpc_glue( 1574): Callback received: 2 (cb_id=0x6260000 handle=1)
04-03 15:29:13.214 V/locapi_rpc_glue( 1574): +loc_api_callback_process_sync_call
04-03 15:29:13.214 V/locapi_rpc_glue( 1574): -loc_api_callback_process_sync_call, no sync call in use
04-03 15:29:13.214 D/lib_locapi( 1574): loc_eng_report_sv: valid_mask = 0x30, num of sv = 9
04-03 15:29:13.214 D/GpsLocationProvider( 1574): reportSvStatus
04-03 15:29:13.214 V/GpsLocationProvider( 1574): SV count: 9 ephemerisMask: a830000 almanacMask: aa34801
04-03 15:29:13.214 V/GpsLocationProvider( 1574): sv: 1 snr: 3.1200001 elev: 6.0 azimuth: 18.0   AU
04-03 15:29:13.214 V/GpsLocationProvider( 1574): sv: 12 snr: 1.97 elev: 34.0 azimuth: 209.0   AU
04-03 15:29:13.214 V/GpsLocationProvider( 1574): sv: 15 snr: 3.2599998 elev: 41.0 azimuth: 165.0   AU
04-03 15:29:13.214 V/GpsLocationProvider( 1574): sv: 17 snr: 3.2900002 elev: 33.0 azimuth: 75.0 E AU
04-03 15:29:13.214 V/GpsLocationProvider( 1574): sv: 18 snr: 2.6799998 elev: 25.0 azimuth: 250.0 E AU
04-03 15:29:13.224 V/GpsLocationProvider( 1574): sv: 22 snr: 2.41 elev: 26.0 azimuth: 291.0   AU
04-03 15:29:13.224 D/RPC     ( 1574): written RPC packet size: [28]
04-03 15:29:13.224 V/GpsLocationProvider( 1574): sv: 24 snr: 3.19 elev: 83.0 azimuth: 253.0 E AU
04-03 15:29:13.224 V/GpsLocationProvider( 1574): sv: 26 snr: 2.85 elev: 9.0 azimuth: 142.0 E AU
04-03 15:29:13.234 V/GpsLocationProvider( 1574): sv: 28 snr: 2.08 elev: 8.0 azimuth: 47.0 E AU
04-03 15:29:13.234 D/RPC     ( 1574): read RPC packet
04-03 15:29:13.234 D/RPC     ( 1574): read RPC packet size: [272]
04-03 15:29:13.234 V/locapi_rpc_glue( 1574): Callback received: 4 (cb_id=0x6260000 handle=1)
04-03 15:29:13.244 V/locapi_rpc_glue( 1574): +loc_api_callback_process_sync_call
04-03 15:29:13.244 V/locapi_rpc_glue( 1574): -loc_api_callback_process_sync_call, no sync call in use
04-03 15:29:13.244 D/RPC     ( 1574): written RPC packet size: [28]
04-03 15:29:13.244 D/RPC     ( 1574): read RPC packet
04-03 15:29:13.244 D/RPC     ( 1574): read RPC packet size: [272]
04-03 15:29:13.244 V/locapi_rpc_glue( 1574): Callback received: 4 (cb_id=0x6260000 handle=1)
04-03 15:29:13.254 V/locapi_rpc_glue( 1574): +loc_api_callback_process_sync_call
04-03 15:29:13.254 V/locapi_rpc_glue( 1574): -loc_api_callback_process_sync_call, no sync call in use
04-03 15:29:13.254 D/RPC     ( 1574): written RPC packet size: [28]
04-03 15:29:13.254 D/RPC     ( 1574): read RPC packet
04-03 15:29:13.254 D/RPC     ( 1574): read RPC packet size: [272]
04-03 15:29:13.254 V/locapi_rpc_glue( 1574): Callback received: 4 (cb_id=0x6260000 handle=1)
04-03 15:29:13.254 V/locapi_rpc_glue( 1574): +loc_api_callback_process_sync_call
04-03 15:29:13.264 V/locapi_rpc_glue( 1574): -loc_api_callback_process_sync_call, no sync call in use
04-03 15:29:13.264 D/RPC     ( 1574): written RPC packet size: [28]
04-03 15:29:13.264 D/RPC     ( 1574): read RPC packet
04-03 15:29:13.264 D/RPC     ( 1574): read RPC packet size: [272]
04-03 15:29:13.274 V/locapi_rpc_glue( 1574): Callback received: 4 (cb_id=0x6260000 handle=1)
04-03 15:29:13.274 V/locapi_rpc_glue( 1574): +loc_api_callback_process_sync_call
04-03 15:29:13.274 V/locapi_rpc_glue( 1574): -loc_api_callback_process_sync_call, no sync call in use
04-03 15:29:13.274 D/RPC     ( 1574): written RPC packet size: [28]
04-03 15:29:14.175 D/RPC     ( 1574): read RPC packet
04-03 15:29:14.175 D/RPC     ( 1574): read RPC packet size: [272]
04-03 15:29:14.175 V/locapi_rpc_glue( 1574): Callback received: 4 (cb_id=0x6260000 handle=1)
04-03 15:29:14.175 V/locapi_rpc_glue( 1574): +loc_api_callback_process_sync_call
04-03 15:29:14.185 V/locapi_rpc_glue( 1574): -loc_api_callback_process_sync_call, no sync call in use
04-03 15:29:14.185 D/RPC     ( 1574): written RPC packet size: [28]
04-03 15:29:14.185 D/RPC     ( 1574): read RPC packet
04-03 15:29:14.185 D/RPC     ( 1574): read RPC packet size: [272]
04-03 15:29:14.195 V/locapi_rpc_glue( 1574): Callback received: 4 (cb_id=0x6260000 handle=1)
04-03 15:29:14.195 V/locapi_rpc_glue( 1574): +loc_api_callback_process_sync_call
04-03 15:29:14.195 V/locapi_rpc_glue( 1574): -loc_api_callback_process_sync_call, no sync call in use
04-03 15:29:14.195 D/RPC     ( 1574): written RPC packet size: [28]
04-03 15:29:14.205 D/RPC     ( 1574): read RPC packet
04-03 15:29:14.205 D/RPC     ( 1574): read RPC packet size: [272]
04-03 15:29:14.205 V/locapi_rpc_glue( 1574): Callback received: 4 (cb_id=0x6260000 handle=1)
04-03 15:29:14.205 V/locapi_rpc_glue( 1574): +loc_api_callback_process_sync_call
04-03 15:29:14.205 V/locapi_rpc_glue( 1574): -loc_api_callback_process_sync_call, no sync call in use
04-03 15:29:14.205 D/RPC     ( 1574): written RPC packet size: [28]
04-03 15:29:14.215 D/RPC     ( 1574): read RPC packet
04-03 15:29:14.215 D/RPC     ( 1574): read RPC packet size: [456]
04-03 15:29:14.215 V/locapi_rpc_glue( 1574): Callback received: 2 (cb_id=0x6260000 handle=1)
04-03 15:29:14.215 V/locapi_rpc_glue( 1574): +loc_api_callback_process_sync_call
04-03 15:29:14.215 V/locapi_rpc_glue( 1574): -loc_api_callback_process_sync_call, no sync call in use
04-03 15:29:14.215 D/lib_locapi( 1574): loc_eng_report_sv: valid_mask = 0x30, num of sv = 9
04-03 15:29:14.215 D/GpsLocationProvider( 1574): reportSvStatus
04-03 15:29:14.225 V/GpsLocationProvider( 1574): SV count: 9 ephemerisMask: a830000 almanacMask: aa34801
04-03 15:29:14.225 V/GpsLocationProvider( 1574): sv: 1 snr: 3.25 elev: 6.0 azimuth: 18.0   AU
04-03 15:29:14.225 V/GpsLocationProvider( 1574): sv: 12 snr: 1.99 elev: 34.0 azimuth: 209.0   AU
04-03 15:29:14.235 D/RPC     ( 1574): written RPC packet size: [28]
04-03 15:29:14.235 V/GpsLocationProvider( 1574): sv: 15 snr: 3.6200001 elev: 41.0 azimuth: 165.0   AU
04-03 15:29:14.235 V/GpsLocationProvider( 1574): sv: 17 snr: 3.2099998 elev: 33.0 azimuth: 75.0 E AU
04-03 15:29:14.235 V/GpsLocationProvider( 1574): sv: 18 snr: 2.65 elev: 25.0 azimuth: 250.0 E AU
04-03 15:29:14.235 V/GpsLocationProvider( 1574): sv: 22 snr: 2.73 elev: 26.0 azimuth: 291.0   AU
04-03 15:29:14.235 V/GpsLocationProvider( 1574): sv: 24 snr: 3.27 elev: 83.0 azimuth: 253.0 E AU
04-03 15:29:14.235 V/GpsLocationProvider( 1574): sv: 26 snr: 3.1 elev: 9.0 azimuth: 142.0 E AU
04-03 15:29:14.245 V/GpsLocationProvider( 1574): sv: 28 snr: 1.9100001 elev: 8.0 azimuth: 47.0 E AU
04-03 15:29:14.245 D/RPC     ( 1574): read RPC packet
04-03 15:29:14.245 D/RPC     ( 1574): read RPC packet size: [272]
04-03 15:29:14.245 V/locapi_rpc_glue( 1574): Callback received: 4 (cb_id=0x6260000 handle=1)
04-03 15:29:14.255 V/locapi_rpc_glue( 1574): +loc_api_callback_process_sync_call
04-03 15:29:14.255 V/locapi_rpc_glue( 1574): -loc_api_callback_process_sync_call, no sync call in use
04-03 15:29:14.255 D/RPC     ( 1574): written RPC packet size: [28]
04-03 15:29:14.255 D/RPC     ( 1574): read RPC packet
04-03 15:29:14.265 D/RPC     ( 1574): read RPC packet size: [272]
04-03 15:29:14.265 V/locapi_rpc_glue( 1574): Callback received: 4 (cb_id=0x6260000 handle=1)
04-03 15:29:14.265 V/locapi_rpc_glue( 1574): +loc_api_callback_process_sync_call
04-03 15:29:14.265 V/locapi_rpc_glue( 1574): -loc_api_callback_process_sync_call, no sync call in use
04-03 15:29:14.275 D/RPC     ( 1574): written RPC packet size: [28]
04-03 15:29:14.275 D/RPC     ( 1574): read RPC packet
04-03 15:29:14.275 D/RPC     ( 1574): read RPC packet size: [272]
04-03 15:29:14.275 V/locapi_rpc_glue( 1574): Callback received: 4 (cb_id=0x6260000 handle=1)
04-03 15:29:14.275 V/locapi_rpc_glue( 1574): +loc_api_callback_process_sync_call
04-03 15:29:14.285 V/locapi_rpc_glue( 1574): -loc_api_callback_process_sync_call, no sync call in use
04-03 15:29:14.285 D/RPC     ( 1574): written RPC packet size: [28]
04-03 15:29:14.285 D/RPC     ( 1574): read RPC packet
04-03 15:29:14.285 D/RPC     ( 1574): read RPC packet size: [272]
04-03 15:29:14.285 V/locapi_rpc_glue( 1574): Callback received: 4 (cb_id=0x6260000 handle=1)
04-03 15:29:14.285 V/locapi_rpc_glue( 1574): +loc_api_callback_process_sync_call
04-03 15:29:14.285 V/locapi_rpc_glue( 1574): -loc_api_callback_process_sync_call, no sync call in use
04-03 15:29:14.285 D/RPC     ( 1574): written RPC packet size: [28]
04-03 15:29:14.295 D/RPC     ( 1574): read RPC packet
04-03 15:29:14.295 D/RPC     ( 1574): read RPC packet size: [456]
04-03 15:29:14.295 V/locapi_rpc_glue( 1574): Callback received: 2 (cb_id=0x6260000 handle=1)
04-03 15:29:14.295 V/locapi_rpc_glue( 1574): +loc_api_callback_process_sync_call
04-03 15:29:14.295 V/locapi_rpc_glue( 1574): -loc_api_callback_process_sync_call, no sync call in use
04-03 15:29:14.295 D/lib_locapi( 1574): loc_eng_report_sv: valid_mask = 0x3f, num of sv = 9
04-03 15:29:14.295 D/RPC     ( 1574): written RPC packet size: [28]
04-03 15:29:14.295 D/RPC     ( 1574): read RPC packet
04-03 15:29:14.295 D/RPC     ( 1574): read RPC packet size: [208]
04-03 15:29:14.295 V/locapi_rpc_glue( 1574): Callback received: 1 (cb_id=0x6260000 handle=1)
04-03 15:29:14.295 V/locapi_rpc_glue( 1574): +loc_api_callback_process_sync_call
04-03 15:29:14.295 V/locapi_rpc_glue( 1574): -loc_api_callback_process_sync_call, no sync call in use
04-03 15:29:14.295 D/lib_locapi( 1574): loc_eng_report_position: valid mask = 0x69f7ef, sess status = 0
04-03 15:29:14.295 D/GpsLocationProvider( 1574): TTFF: 66994
04-03 15:29:14.295 W/GpsLocationProvider( 1574): GPS notify that the GPS has been received fixes action
04-03 15:29:14.305 W/GpsLocationProvider( 1574): GPS_FIX_CHANGE_ACTION: android.location.GPS_FIX_CHANGE EXTRA_GPS_ENABLED: enabled
04-03 15:29:14.305 D/lib_locapi( 1574): [loc_eng_set_position_mode] host strcmp:15
04-03 15:29:14.305 D/lib_locapi( 1574): [GPS:] loc_eng_set_position mode, client = 1, interval = 1000, mode = 0
04-03 15:29:14.305 D/lib_locapi( 1574): [GPS:] htc_set_qos_accuracy(accuracy = 50)
04-03 15:29:14.305 D/lib_locapi( 1574): [GPS:] loc_eng_set_position mode: GPS_POSITION_MODE_STANDALONE
04-03 15:29:14.305 D/lib_locapi( 1574): [GPS:] loc_eng_set_position mode before IOCTL, interval=1000, mode =4 preferred_accuracy=50, qos_timeout_standalone=60000, recurrence_type=1
04-03 15:29:14.305 V/lib_locapi( 1574): loc_eng_ioctl called: client = 1, ioctl_type = 2
04-03 15:29:14.305 D/locapi_rpc_glue( 1574): loc_ioctl
04-03 15:29:14.305 D/RPC     ( 1574): written RPC packet size: [96]
04-03 15:29:14.315 D/RPC     ( 1574): read RPC packet
04-03 15:29:14.315 D/RPC     ( 1574): read RPC packet size: [28]
04-03 15:29:14.315 V/locapi_rpc_glue( 1574): loc_api_sync_ioctl: select_id = 0, loc_ioctl returned 0
04-03 15:29:14.315 V/locapi_rpc_glue( 1574): +loc_wait_callback: select_id: 0
04-03 15:29:14.315 D/RPC     ( 1574): written RPC packet size: [28]
04-03 15:29:14.315 D/RPC     ( 1574): read RPC packet
04-03 15:29:14.325 D/RPC     ( 1574): read RPC packet size: [80]
04-03 15:29:14.325 V/locapi_rpc_glue( 1574): Callback received: 100 (cb_id=0x6260000 handle=1)
04-03 15:29:14.325 V/locapi_rpc_glue( 1574): +loc_api_callback_process_sync_call
04-03 15:29:14.335 V/locapi_rpc_glue( 1574): -loc_api_callback_process_sync_call
04-03 15:29:14.335 D/RPC     ( 1574): written RPC packet size: [28]
04-03 15:29:14.335 D/RPC     ( 1574): read RPC packet
04-03 15:29:14.335 D/ActivityManager( 1574): isSketcherDisabledInCurrentTask():false, ActivityRecord{4075e098 uk.ac.st_andrews.cs.host.mk74.naivegpslocalization/.MainActivity}
04-03 15:29:14.345 D/RPC     ( 1574): read RPC packet size: [80]
04-03 15:29:14.345 V/locapi_rpc_glue( 1574): Callback received: 80 (cb_id=0x6260000 handle=1)
04-03 15:29:14.355 V/locapi_rpc_glue( 1574): +loc_api_callback_process_sync_call
04-03 15:29:14.355 V/locapi_rpc_glue( 1574): loc_api_callback_process_sync_call: signal cb wait, slot i=0
04-03 15:29:14.355 V/locapi_rpc_glue( 1574): loc_wait_callback: wait cb SUCCESS
04-03 15:29:14.355 V/locapi_rpc_glue( 1574): -loc_wait_callback
04-03 15:29:14.355 V/lib_locapi( 1574): loc_eng_ioctl result: client = 1, ioctl_type = 2, SUCCESS
04-03 15:29:14.355 D/locapi_rpc_glue( 1574): loc_start_fix
04-03 15:29:14.355 D/RPC     ( 1574): written RPC packet size: [44]
04-03 15:29:14.355 D/SurfaceFlinger( 1438): getTokenForSurface(0xa8dc4) => 1 (client=0xa3158, bitmap=00000003), pid=1648
04-03 15:29:14.365 D/msm7x30.gralloc( 1438): gpu_context_t::getGrallocInformationFromFormat  1 
04-03 15:29:14.365 D/RPC     ( 1574): read RPC packet
04-03 15:29:14.365 D/RPC     ( 1574): read RPC packet size: [28]
04-03 15:29:14.365 D/lib_locapi( 1574): [GPS:] loc_eng_report_status: GPS_STATUS_SESSION_END
04-03 15:29:14.375 V/locapi_rpc_glue( 1574): -loc_api_callback_process_sync_call
04-03 15:29:14.375 D/RPC     ( 1574): written RPC packet size: [28]
04-03 15:29:14.375 D/RPC     ( 1574): read RPC packet
04-03 15:29:14.375 D/RPC     ( 1574): read RPC packet size: [80]
04-03 15:29:14.375 V/locapi_rpc_glue( 1574): Callback received: 100 (cb_id=0x6260000 handle=1)
04-03 15:29:14.375 V/locapi_rpc_glue( 1574): +loc_api_callback_process_sync_call
04-03 15:29:14.375 V/locapi_rpc_glue( 1574): -loc_api_callback_process_sync_call, no sync call in use
04-03 15:29:14.375 D/lib_locapi( 1574): [GPS:] loc_eng_report_status: GPS_STATUS_SESSION_BEGIN
04-03 15:29:14.375 D/RPC     ( 1574): written RPC packet size: [28]
04-03 15:29:14.385 D/AutoSetting( 1775): service - mLocationListener: onLocationChanged() location = Location[mProvider=gps,mTime=1396538954306,mInfo=-19.66107724333507.0586077,mAccuracy=36.0
04-03 15:29:14.385 D/AutoSetting( 1775): service - handleMessage() incoming message, what:1
04-03 15:29:14.385 D/AutoSetting( 1775): service - mLocationListener: onLocationChanged() location = Location[mProvider=gps,mTime=1396538954306,mInfo=-19.66107724333507.0586077,mAccuracy=36.0
04-03 15:29:14.385 D/AutoSetting( 1775): Util - no network available!
04-03 15:29:14.385 D/AutoSetting( 1775): service - handleMessage() not proceed
04-03 15:29:14.665 D/msm7x30.gralloc( 1438): gpu_context_t::getGrallocInformationFromFormat  1 
04-03 15:29:15.176 D/RPC     ( 1574): read RPC packet
04-03 15:29:15.176 D/RPC     ( 1574): read RPC packet size: [272]
04-03 15:29:15.176 V/locapi_rpc_glue( 1574): Callback received: 4 (cb_id=0x6260000 handle=1)
04-03 15:29:15.176 V/locapi_rpc_glue( 1574): +loc_api_callback_process_sync_call
04-03 15:29:15.186 V/locapi_rpc_glue( 1574): -loc_api_callback_process_sync_call, no sync call in use
04-03 15:29:15.186 D/RPC     ( 1574): written RPC packet size: [28]
04-03 15:29:15.186 D/RPC     ( 1574): read RPC packet
04-03 15:29:15.186 D/RPC     ( 1574): read RPC packet size: [272]
04-03 15:29:15.186 V/locapi_rpc_glue( 1574): Callback received: 4 (cb_id=0x6260000 handle=1)
04-03 15:29:15.196 V/locapi_rpc_glue( 1574): +loc_api_callback_process_sync_call
04-03 15:29:15.196 V/locapi_rpc_glue( 1574): -loc_api_callback_process_sync_call, no sync call in use
04-03 15:29:15.196 D/RPC     ( 1574): written RPC packet size: [28]
04-03 15:29:15.196 D/RPC     ( 1574): read RPC packet
04-03 15:29:15.196 D/RPC     ( 1574): read RPC packet size: [272]
04-03 15:29:15.196 V/locapi_rpc_glue( 1574): Callback received: 4 (cb_id=0x6260000 handle=1)
04-03 15:29:15.206 V/locapi_rpc_glue( 1574): +loc_api_callback_process_sync_call
04-03 15:29:15.206 V/locapi_rpc_glue( 1574): -loc_api_callback_process_sync_call, no sync call in use
04-03 15:29:15.206 D/RPC     ( 1574): written RPC packet size: [28]
04-03 15:29:15.206 D/RPC     ( 1574): read RPC packet
04-03 15:29:15.206 D/RPC     ( 1574): read RPC packet size: [272]
04-03 15:29:15.206 V/locapi_rpc_glue( 1574): Callback received: 4 (cb_id=0x6260000 handle=1)
04-03 15:29:15.216 V/locapi_rpc_glue( 1574): +loc_api_callback_process_sync_call
04-03 15:29:15.216 V/locapi_rpc_glue( 1574): -loc_api_callback_process_sync_call, no sync call in use
04-03 15:29:15.216 D/RPC     ( 1574): written RPC packet size: [28]
04-03 15:29:15.216 D/RPC     ( 1574): read RPC packet
04-03 15:29:15.216 D/RPC     ( 1574): read RPC packet size: [456]
04-03 15:29:15.216 V/locapi_rpc_glue( 1574): Callback received: 2 (cb_id=0x6260000 handle=1)
04-03 15:29:15.226 V/locapi_rpc_glue( 1574): +loc_api_callback_process_sync_call
04-03 15:29:15.226 V/locapi_rpc_glue( 1574): -loc_api_callback_process_sync_call, no sync call in use
04-03 15:29:15.226 D/lib_locapi( 1574): loc_eng_report_sv: valid_mask = 0x30, num of sv = 9
04-03 15:29:15.226 D/GpsLocationProvider( 1574): reportSvStatus
04-03 15:29:15.226 V/GpsLocationProvider( 1574): SV count: 9 ephemerisMask: a830000 almanacMask: aa34801
04-03 15:29:15.236 V/GpsLocationProvider( 1574): sv: 1 snr: 3.06 elev: 6.0 azimuth: 18.0   AU
04-03 15:29:15.236 V/GpsLocationProvider( 1574): sv: 12 snr: 2.26 elev: 34.0 azimuth: 209.0   AU
04-03 15:29:15.236 V/GpsLocationProvider( 1574): sv: 15 snr: 3.3799999 elev: 41.0 azimuth: 165.0   AU
04-03 15:29:15.236 D/RPC     ( 1574): written RPC packet size: [28]
04-03 15:29:15.236 V/GpsLocationProvider( 1574): sv: 17 snr: 3.5099998 elev: 33.0 azimuth: 75.0 E AU
04-03 15:29:15.246 V/GpsLocationProvider( 1574): sv: 18 snr: 2.29 elev: 25.0 azimuth: 250.0 E AU
04-03 15:29:15.246 V/GpsLocationProvider( 1574): sv: 22 snr: 2.6 elev: 26.0 azimuth: 291.0   AU
04-03 15:29:15.246 V/GpsLocationProvider( 1574): sv: 24 snr: 3.31 elev: 83.0 azimuth: 253.0 E AU
04-03 15:29:15.256 V/GpsLocationProvider( 1574): sv: 26 snr: 3.03 elev: 9.0 azimuth: 142.0 E AU
04-03 15:29:15.256 V/GpsLocationProvider( 1574): sv: 28 snr: 1.85 elev: 8.0 azimuth: 47.0 E AU
04-03 15:29:15.256 D/RPC     ( 1574): read RPC packet
04-03 15:29:15.256 D/RPC     ( 1574): read RPC packet size: [272]
04-03 15:29:15.266 V/locapi_rpc_glue( 1574): Callback received: 4 (cb_id=0x6260000 handle=1)
04-03 15:29:15.266 V/locapi_rpc_glue( 1574): +loc_api_callback_process_sync_call
04-03 15:29:15.266 V/locapi_rpc_glue( 1574): -loc_api_callback_process_sync_call, no sync call in use
04-03 15:29:15.266 D/RPC     ( 1574): written RPC packet size: [28]
04-03 15:29:15.266 D/RPC     ( 1574): read RPC packet
04-03 15:29:15.276 D/RPC     ( 1574): read RPC packet size: [272]
04-03 15:29:15.276 V/locapi_rpc_glue( 1574): Callback received: 4 (cb_id=0x6260000 handle=1)
04-03 15:29:15.276 V/locapi_rpc_glue( 1574): +loc_api_callback_process_sync_call
04-03 15:29:15.276 V/locapi_rpc_glue( 1574): -loc_api_callback_process_sync_call, no sync call in use
04-03 15:29:15.276 D/RPC     ( 1574): written RPC packet size: [28]
04-03 15:29:15.286 D/RPC     ( 1574): read RPC packet
04-03 15:29:15.286 D/RPC     ( 1574): read RPC packet size: [272]
04-03 15:29:15.286 V/locapi_rpc_glue( 1574): Callback received: 4 (cb_id=0x6260000 handle=1)
04-03 15:29:15.286 V/locapi_rpc_glue( 1574): +loc_api_callback_process_sync_call
04-03 15:29:15.286 V/locapi_rpc_glue( 1574): -loc_api_callback_process_sync_call, no sync call in use
04-03 15:29:15.286 D/RPC     ( 1574): written RPC packet size: [28]
04-03 15:29:15.286 D/RPC     ( 1574): read RPC packet
04-03 15:29:15.286 D/RPC     ( 1574): read RPC packet size: [272]
04-03 15:29:15.286 V/locapi_rpc_glue( 1574): Callback received: 4 (cb_id=0x6260000 handle=1)
04-03 15:29:15.286 V/locapi_rpc_glue( 1574): +loc_api_callback_process_sync_call
04-03 15:29:15.296 V/locapi_rpc_glue( 1574): -loc_api_callback_process_sync_call, no sync call in use
04-03 15:29:15.296 D/RPC     ( 1574): written RPC packet size: [28]
04-03 15:29:15.296 D/RPC     ( 1574): read RPC packet
04-03 15:29:15.296 D/RPC     ( 1574): read RPC packet size: [456]
04-03 15:29:15.296 V/locapi_rpc_glue( 1574): Callback received: 2 (cb_id=0x6260000 handle=1)
04-03 15:29:15.296 V/locapi_rpc_glue( 1574): +loc_api_callback_process_sync_call
04-03 15:29:15.296 V/locapi_rpc_glue( 1574): -loc_api_callback_process_sync_call, no sync call in use
04-03 15:29:15.296 D/lib_locapi( 1574): loc_eng_report_sv: valid_mask = 0x3f, num of sv = 9
04-03 15:29:15.296 D/RPC     ( 1574): written RPC packet size: [28]
04-03 15:29:15.296 D/RPC     ( 1574): read RPC packet
04-03 15:29:15.296 D/RPC     ( 1574): read RPC packet size: [208]
04-03 15:29:15.296 V/locapi_rpc_glue( 1574): Callback received: 1 (cb_id=0x6260000 handle=1)
04-03 15:29:15.296 V/locapi_rpc_glue( 1574): +loc_api_callback_process_sync_call
04-03 15:29:15.296 V/locapi_rpc_glue( 1574): -loc_api_callback_process_sync_call, no sync call in use
04-03 15:29:15.306 D/lib_locapi( 1574): loc_eng_report_position: valid mask = 0x69f7ef, sess status = 0
04-03 15:29:15.306 D/RPC     ( 1574): written RPC packet size: [28]
04-03 15:29:15.306 D/RPC     ( 1574): read RPC packet
04-03 15:29:15.306 D/RPC     ( 1574): read RPC packet size: [80]
04-03 15:29:15.306 V/locapi_rpc_glue( 1574): Callback received: 100 (cb_id=0x6260000 handle=1)
04-03 15:29:15.306 V/locapi_rpc_glue( 1574): +loc_api_callback_process_sync_call
04-03 15:29:15.306 V/locapi_rpc_glue( 1574): -loc_api_callback_process_sync_call, no sync call in use
04-03 15:29:15.316 D/lib_locapi( 1574): [GPS:] loc_eng_report_status: GPS_STATUS_SESSION_END
04-03 15:29:15.316 D/RPC     ( 1574): written RPC packet size: [28]
04-03 15:29:15.316 D/AutoSetting( 1775): service - mLocationListener: onLocationChanged() location = Location[mProvider=gps,mTime=1396538955309,mInfo=-19.66107199333507.05854974,mAccuracy=32.0
04-03 15:29:15.316 D/AutoSetting( 1775): service - handleMessage() incoming message, what:1
04-03 15:29:15.316 D/AutoSetting( 1775): service - mLocationListener: onLocationChanged() location = Location[mProvider=gps,mTime=1396538955309,mInfo=-19.66107199333507.05854974,mAccuracy=32.0
04-03 15:29:15.316 D/AutoSetting( 1775): Util - no network available!
04-03 15:29:15.316 D/AutoSetting( 1775): service - handleMessage() not proceed
04-03 15:29:15.376 D/RPC     ( 1574): read RPC packet
04-03 15:29:15.376 D/RPC     ( 1574): read RPC packet size: [80]
04-03 15:29:15.376 V/locapi_rpc_glue( 1574): Callback received: 100 (cb_id=0x6260000 handle=1)
04-03 15:29:15.376 V/locapi_rpc_glue( 1574): +loc_api_callback_process_sync_call
04-03 15:29:15.376 V/locapi_rpc_glue( 1574): -loc_api_callback_process_sync_call, no sync call in use
04-03 15:29:15.376 D/lib_locapi( 1574): [GPS:] loc_eng_report_status: GPS_STATUS_SESSION_BEGIN
04-03 15:29:15.386 D/RPC     ( 1574): written RPC packet size: [28]
04-03 15:29:15.937 I/System.out( 2720): Location: -2.80872457 56.33983886 | GPSNavigator running:true
04-03 15:29:15.947 I/System.out( 2720): Battery level: 99 | Time difference: -1
04-03 15:29:16.177 D/RPC     ( 1574): read RPC packet
04-03 15:29:16.177 D/RPC     ( 1574): read RPC packet size: [272]
04-03 15:29:16.177 V/locapi_rpc_glue( 1574): Callback received: 4 (cb_id=0x6260000 handle=1)
04-03 15:29:16.177 V/locapi_rpc_glue( 1574): +loc_api_callback_process_sync_call
04-03 15:29:16.177 V/locapi_rpc_glue( 1574): -loc_api_callback_process_sync_call, no sync call in use
04-03 15:29:16.187 D/RPC     ( 1574): written RPC packet size: [28]
04-03 15:29:16.187 D/RPC     ( 1574): read RPC packet
04-03 15:29:16.187 D/RPC     ( 1574): read RPC packet size: [272]
04-03 15:29:16.187 V/locapi_rpc_glue( 1574): Callback received: 4 (cb_id=0x6260000 handle=1)
04-03 15:29:16.197 V/locapi_rpc_glue( 1574): +loc_api_callback_process_sync_call
04-03 15:29:16.197 V/locapi_rpc_glue( 1574): -loc_api_callback_process_sync_call, no sync call in use
04-03 15:29:16.197 D/RPC     ( 1574): written RPC packet size: [28]
04-03 15:29:16.197 D/RPC     ( 1574): read RPC packet
04-03 15:29:16.207 D/RPC     ( 1574): read RPC packet size: [272]
04-03 15:29:16.207 V/locapi_rpc_glue( 1574): Callback received: 4 (cb_id=0x6260000 handle=1)
04-03 15:29:16.207 V/locapi_rpc_glue( 1574): +loc_api_callback_process_sync_call
04-03 15:29:16.207 V/locapi_rpc_glue( 1574): -loc_api_callback_process_sync_call, no sync call in use
04-03 15:29:16.207 D/RPC     ( 1574): written RPC packet size: [28]
04-03 15:29:16.217 D/RPC     ( 1574): read RPC packet
04-03 15:29:16.217 D/RPC     ( 1574): read RPC packet size: [272]
04-03 15:29:16.217 V/locapi_rpc_glue( 1574): Callback received: 4 (cb_id=0x6260000 handle=1)
04-03 15:29:16.217 V/locapi_rpc_glue( 1574): +loc_api_callback_process_sync_call
04-03 15:29:16.217 V/locapi_rpc_glue( 1574): -loc_api_callback_process_sync_call, no sync call in use
