04-03 17:09:01.324 D/RPC     ( 1574): written RPC packet size: [28]
04-03 17:09:01.334 D/RPC     ( 1574): read RPC packet
04-03 17:09:01.334 D/RPC     ( 1574): read RPC packet size: [272]
04-03 17:09:01.334 V/locapi_rpc_glue( 1574): Callback received: 4 (cb_id=0x6260000 handle=1)
04-03 17:09:01.334 V/locapi_rpc_glue( 1574): +loc_api_callback_process_sync_call
04-03 17:09:01.334 V/locapi_rpc_glue( 1574): -loc_api_callback_process_sync_call, no sync call in use
04-03 17:09:01.334 D/RPC     ( 1574): written RPC packet size: [28]
04-03 17:09:02.125 I/System.out( 2741): Location: unknown | GPSNavigator running:true
04-03 17:09:02.125 I/System.out( 2741): Battery level: 99 | Time difference: -1
04-03 17:09:02.205 D/RPC     ( 1574): read RPC packet
04-03 17:09:02.205 D/RPC     ( 1574): read RPC packet size: [208]
04-03 17:09:02.205 V/locapi_rpc_glue( 1574): Callback received: 1 (cb_id=0x6260000 handle=1)
04-03 17:09:02.205 V/locapi_rpc_glue( 1574): +loc_api_callback_process_sync_call
04-03 17:09:02.205 V/locapi_rpc_glue( 1574): -loc_api_callback_process_sync_call, no sync call in use
04-03 17:09:02.205 D/lib_locapi( 1574): loc_eng_report_position: valid mask = 0x606d, sess status = 1
04-03 17:09:02.205 D/RPC     ( 1574): written RPC packet size: [28]
04-03 17:09:02.285 D/RPC     ( 1574): read RPC packet
04-03 17:09:02.285 D/RPC     ( 1574): read RPC packet size: [272]
04-03 17:09:02.285 V/locapi_rpc_glue( 1574): Callback received: 4 (cb_id=0x6260000 handle=1)
04-03 17:09:02.285 V/locapi_rpc_glue( 1574): +loc_api_callback_process_sync_call
04-03 17:09:02.285 V/locapi_rpc_glue( 1574): -loc_api_callback_process_sync_call, no sync call in use
04-03 17:09:02.285 D/RPC     ( 1574): written RPC packet size: [28]
04-03 17:09:02.295 D/RPC     ( 1574): read RPC packet
04-03 17:09:02.295 D/RPC     ( 1574): read RPC packet size: [272]
04-03 17:09:02.295 V/locapi_rpc_glue( 1574): Callback received: 4 (cb_id=0x6260000 handle=1)
04-03 17:09:02.295 V/locapi_rpc_glue( 1574): +loc_api_callback_process_sync_call
04-03 17:09:02.295 V/locapi_rpc_glue( 1574): -loc_api_callback_process_sync_call, no sync call in use
04-03 17:09:02.295 D/RPC     ( 1574): written RPC packet size: [28]
04-03 17:09:02.295 D/RPC     ( 1574): read RPC packet
04-03 17:09:02.295 D/RPC     ( 1574): read RPC packet size: [272]
04-03 17:09:02.295 V/locapi_rpc_glue( 1574): Callback received: 4 (cb_id=0x6260000 handle=1)
04-03 17:09:02.295 V/locapi_rpc_glue( 1574): +loc_api_callback_process_sync_call
04-03 17:09:02.295 V/locapi_rpc_glue( 1574): -loc_api_callback_process_sync_call, no sync call in use
04-03 17:09:02.295 D/RPC     ( 1574): written RPC packet size: [28]
04-03 17:09:02.305 D/RPC     ( 1574): read RPC packet
04-03 17:09:02.305 D/RPC     ( 1574): read RPC packet size: [272]
04-03 17:09:02.305 V/locapi_rpc_glue( 1574): Callback received: 4 (cb_id=0x6260000 handle=1)
04-03 17:09:02.305 V/locapi_rpc_glue( 1574): +loc_api_callback_process_sync_call
04-03 17:09:02.305 V/locapi_rpc_glue( 1574): -loc_api_callback_process_sync_call, no sync call in use
04-03 17:09:02.305 D/RPC     ( 1574): written RPC packet size: [28]
04-03 17:09:02.305 D/RPC     ( 1574): read RPC packet
04-03 17:09:02.305 D/RPC     ( 1574): read RPC packet size: [176]
04-03 17:09:02.305 V/locapi_rpc_glue( 1574): Callback received: 2 (cb_id=0x6260000 handle=1)
04-03 17:09:02.305 V/locapi_rpc_glue( 1574): +loc_api_callback_process_sync_call
04-03 17:09:02.305 V/locapi_rpc_glue( 1574): -loc_api_callback_process_sync_call, no sync call in use
04-03 17:09:02.305 D/lib_locapi( 1574): loc_eng_report_sv: valid_mask = 0x30, num of sv = 2
04-03 17:09:02.305 D/GpsLocationProvider( 1574): reportSvStatus
04-03 17:09:02.305 V/GpsLocationProvider( 1574): SV count: 2 ephemerisMask: 810000 almanacMask: 810000
04-03 17:09:02.315 V/GpsLocationProvider( 1574): sv: 17 snr: 2.17 elev: 15.0 azimuth: 36.0 E AU
04-03 17:09:02.315 V/GpsLocationProvider( 1574): sv: 24 snr: 2.8600001 elev: 47.0 azimuth: 120.0 E AU
04-03 17:09:02.315 D/RPC     ( 1574): written RPC packet size: [28]
04-03 17:09:02.315 D/RPC     ( 1574): read RPC packet
04-03 17:09:02.315 D/RPC     ( 1574): read RPC packet size: [272]
04-03 17:09:02.315 V/locapi_rpc_glue( 1574): Callback received: 4 (cb_id=0x6260000 handle=1)
04-03 17:09:02.315 V/locapi_rpc_glue( 1574): +loc_api_callback_process_sync_call
04-03 17:09:02.315 V/locapi_rpc_glue( 1574): -loc_api_callback_process_sync_call, no sync call in use
04-03 17:09:02.315 D/RPC     ( 1574): written RPC packet size: [28]
04-03 17:09:02.325 D/RPC     ( 1574): read RPC packet
04-03 17:09:02.325 D/RPC     ( 1574): read RPC packet size: [272]
04-03 17:09:02.325 V/locapi_rpc_glue( 1574): Callback received: 4 (cb_id=0x6260000 handle=1)
04-03 17:09:02.325 V/locapi_rpc_glue( 1574): +loc_api_callback_process_sync_call
04-03 17:09:02.325 V/locapi_rpc_glue( 1574): -loc_api_callback_process_sync_call, no sync call in use
04-03 17:09:02.325 D/RPC     ( 1574): written RPC packet size: [28]
04-03 17:09:02.325 D/RPC     ( 1574): read RPC packet
04-03 17:09:02.325 D/RPC     ( 1574): read RPC packet size: [272]
04-03 17:09:02.325 V/locapi_rpc_glue( 1574): Callback received: 4 (cb_id=0x6260000 handle=1)
04-03 17:09:02.325 V/locapi_rpc_glue( 1574): +loc_api_callback_process_sync_call
04-03 17:09:02.325 V/locapi_rpc_glue( 1574): -loc_api_callback_process_sync_call, no sync call in use
04-03 17:09:02.325 D/RPC     ( 1574): written RPC packet size: [28]
04-03 17:09:02.325 D/RPC     ( 1574): read RPC packet
04-03 17:09:02.325 D/RPC     ( 1574): read RPC packet size: [272]
04-03 17:09:02.325 V/locapi_rpc_glue( 1574): Callback received: 4 (cb_id=0x6260000 handle=1)
04-03 17:09:02.335 V/locapi_rpc_glue( 1574): +loc_api_callback_process_sync_call
04-03 17:09:02.335 V/locapi_rpc_glue( 1574): -loc_api_callback_process_sync_call, no sync call in use
04-03 17:09:02.335 D/RPC     ( 1574): written RPC packet size: [28]
04-03 17:09:03.206 D/RPC     ( 1574): read RPC packet
04-03 17:09:03.206 D/RPC     ( 1574): read RPC packet size: [208]
04-03 17:09:03.206 V/locapi_rpc_glue( 1574): Callback received: 1 (cb_id=0x6260000 handle=1)
04-03 17:09:03.206 V/locapi_rpc_glue( 1574): +loc_api_callback_process_sync_call
04-03 17:09:03.206 V/locapi_rpc_glue( 1574): -loc_api_callback_process_sync_call, no sync call in use
04-03 17:09:03.206 D/lib_locapi( 1574): loc_eng_report_position: valid mask = 0x606d, sess status = 1
04-03 17:09:03.206 D/RPC     ( 1574): written RPC packet size: [28]
04-03 17:09:03.286 D/RPC     ( 1574): read RPC packet
04-03 17:09:03.296 D/RPC     ( 1574): read RPC packet size: [272]
04-03 17:09:03.306 V/locapi_rpc_glue( 1574): Callback received: 4 (cb_id=0x6260000 handle=1)
04-03 17:09:03.306 V/locapi_rpc_glue( 1574): +loc_api_callback_process_sync_call
04-03 17:09:03.306 V/locapi_rpc_glue( 1574): -loc_api_callback_process_sync_call, no sync call in use
04-03 17:09:03.306 D/RPC     ( 1574): written RPC packet size: [28]
04-03 17:09:03.316 D/RPC     ( 1574): read RPC packet
04-03 17:09:03.316 D/RPC     ( 1574): read RPC packet size: [272]
04-03 17:09:03.316 V/locapi_rpc_glue( 1574): Callback received: 4 (cb_id=0x6260000 handle=1)
04-03 17:09:03.316 V/locapi_rpc_glue( 1574): +loc_api_callback_process_sync_call
04-03 17:09:03.316 V/locapi_rpc_glue( 1574): -loc_api_callback_process_sync_call, no sync call in use
04-03 17:09:03.316 D/RPC     ( 1574): written RPC packet size: [28]
04-03 17:09:03.316 D/RPC     ( 1574): read RPC packet
04-03 17:09:03.316 D/RPC     ( 1574): read RPC packet size: [272]
04-03 17:09:03.316 V/locapi_rpc_glue( 1574): Callback received: 4 (cb_id=0x6260000 handle=1)
04-03 17:09:03.316 V/locapi_rpc_glue( 1574): +loc_api_callback_process_sync_call
04-03 17:09:03.316 V/locapi_rpc_glue( 1574): -loc_api_callback_process_sync_call, no sync call in use
04-03 17:09:03.316 D/RPC     ( 1574): written RPC packet size: [28]
04-03 17:09:03.326 D/RPC     ( 1574): read RPC packet
04-03 17:09:03.326 D/RPC     ( 1574): read RPC packet size: [272]
04-03 17:09:03.326 V/locapi_rpc_glue( 1574): Callback received: 4 (cb_id=0x6260000 handle=1)
04-03 17:09:03.326 V/locapi_rpc_glue( 1574): +loc_api_callback_process_sync_call
04-03 17:09:03.326 V/locapi_rpc_glue( 1574): -loc_api_callback_process_sync_call, no sync call in use
04-03 17:09:03.326 D/RPC     ( 1574): written RPC packet size: [28]
04-03 17:09:03.326 D/RPC     ( 1574): read RPC packet
04-03 17:09:03.326 D/RPC     ( 1574): read RPC packet size: [216]
04-03 17:09:03.326 V/locapi_rpc_glue( 1574): Callback received: 2 (cb_id=0x6260000 handle=1)
04-03 17:09:03.326 V/locapi_rpc_glue( 1574): +loc_api_callback_process_sync_call
04-03 17:09:03.326 V/locapi_rpc_glue( 1574): -loc_api_callback_process_sync_call, no sync call in use
04-03 17:09:03.326 D/lib_locapi( 1574): loc_eng_report_sv: valid_mask = 0x30, num of sv = 3
04-03 17:09:03.326 D/GpsLocationProvider( 1574): reportSvStatus
04-03 17:09:03.326 V/GpsLocationProvider( 1574): SV count: 3 ephemerisMask: 810000 almanacMask: 80810000
04-03 17:09:03.336 V/GpsLocationProvider( 1574): sv: 17 snr: 2.3700001 elev: 15.0 azimuth: 36.0 E AU
04-03 17:09:03.336 V/GpsLocationProvider( 1574): sv: 24 snr: 2.83 elev: 47.0 azimuth: 120.0 E AU
04-03 17:09:03.336 D/RPC     ( 1574): written RPC packet size: [28]
04-03 17:09:03.336 V/GpsLocationProvider( 1574): sv: 32 snr: 2.5700002 elev: 12.0 azimuth: 330.0   AU
04-03 17:09:03.346 D/RPC     ( 1574): read RPC packet
04-03 17:09:03.346 D/RPC     ( 1574): read RPC packet size: [272]
04-03 17:09:03.346 V/locapi_rpc_glue( 1574): Callback received: 4 (cb_id=0x6260000 handle=1)
04-03 17:09:03.346 V/locapi_rpc_glue( 1574): +loc_api_callback_process_sync_call
04-03 17:09:03.346 V/locapi_rpc_glue( 1574): -loc_api_callback_process_sync_call, no sync call in use
04-03 17:09:03.346 D/RPC     ( 1574): written RPC packet size: [28]
04-03 17:09:03.346 D/RPC     ( 1574): read RPC packet
04-03 17:09:03.346 D/RPC     ( 1574): read RPC packet size: [272]
04-03 17:09:03.346 V/locapi_rpc_glue( 1574): Callback received: 4 (cb_id=0x6260000 handle=1)
04-03 17:09:03.346 V/locapi_rpc_glue( 1574): +loc_api_callback_process_sync_call
04-03 17:09:03.346 V/locapi_rpc_glue( 1574): -loc_api_callback_process_sync_call, no sync call in use
04-03 17:09:03.346 D/RPC     ( 1574): written RPC packet size: [28]
04-03 17:09:03.356 D/RPC     ( 1574): read RPC packet
04-03 17:09:03.356 D/RPC     ( 1574): read RPC packet size: [272]
04-03 17:09:03.356 V/locapi_rpc_glue( 1574): Callback received: 4 (cb_id=0x6260000 handle=1)
04-03 17:09:03.356 V/locapi_rpc_glue( 1574): +loc_api_callback_process_sync_call
04-03 17:09:03.356 V/locapi_rpc_glue( 1574): -loc_api_callback_process_sync_call, no sync call in use
04-03 17:09:03.356 D/RPC     ( 1574): written RPC packet size: [28]
04-03 17:09:03.356 D/RPC     ( 1574): read RPC packet
04-03 17:09:03.356 D/RPC     ( 1574): read RPC packet size: [272]
04-03 17:09:03.356 V/locapi_rpc_glue( 1574): Callback received: 4 (cb_id=0x6260000 handle=1)
04-03 17:09:03.356 V/locapi_rpc_glue( 1574): +loc_api_callback_process_sync_call
04-03 17:09:03.356 V/locapi_rpc_glue( 1574): -loc_api_callback_process_sync_call, no sync call in use
04-03 17:09:03.356 D/RPC     ( 1574): written RPC packet size: [28]
04-03 17:09:04.207 D/RPC     ( 1574): read RPC packet
04-03 17:09:04.207 D/RPC     ( 1574): read RPC packet size: [208]
04-03 17:09:04.207 V/locapi_rpc_glue( 1574): Callback received: 1 (cb_id=0x6260000 handle=1)
04-03 17:09:04.207 V/locapi_rpc_glue( 1574): +loc_api_callback_process_sync_call
04-03 17:09:04.207 V/locapi_rpc_glue( 1574): -loc_api_callback_process_sync_call, no sync call in use
04-03 17:09:04.207 D/lib_locapi( 1574): loc_eng_report_position: valid mask = 0x606d, sess status = 1
04-03 17:09:04.207 D/RPC     ( 1574): written RPC packet size: [28]
04-03 17:09:04.287 D/RPC     ( 1574): read RPC packet
04-03 17:09:04.287 D/RPC     ( 1574): read RPC packet size: [272]
04-03 17:09:04.287 V/locapi_rpc_glue( 1574): Callback received: 4 (cb_id=0x6260000 handle=1)
04-03 17:09:04.287 V/locapi_rpc_glue( 1574): +loc_api_callback_process_sync_call
04-03 17:09:04.287 V/locapi_rpc_glue( 1574): -loc_api_callback_process_sync_call, no sync call in use
04-03 17:09:04.297 D/RPC     ( 1574): written RPC packet size: [28]
04-03 17:09:04.297 D/RPC     ( 1574): read RPC packet
04-03 17:09:04.297 D/RPC     ( 1574): read RPC packet size: [272]
04-03 17:09:04.297 V/locapi_rpc_glue( 1574): Callback received: 4 (cb_id=0x6260000 handle=1)
04-03 17:09:04.297 V/locapi_rpc_glue( 1574): +loc_api_callback_process_sync_call
04-03 17:09:04.297 V/locapi_rpc_glue( 1574): -loc_api_callback_process_sync_call, no sync call in use
04-03 17:09:04.297 D/RPC     ( 1574): written RPC packet size: [28]
04-03 17:09:04.297 D/RPC     ( 1574): read RPC packet
04-03 17:09:04.297 D/RPC     ( 1574): read RPC packet size: [272]
04-03 17:09:04.297 V/locapi_rpc_glue( 1574): Callback received: 4 (cb_id=0x6260000 handle=1)
04-03 17:09:04.297 V/locapi_rpc_glue( 1574): +loc_api_callback_process_sync_call
04-03 17:09:04.297 V/locapi_rpc_glue( 1574): -loc_api_callback_process_sync_call, no sync call in use
04-03 17:09:04.307 D/RPC     ( 1574): written RPC packet size: [28]
04-03 17:09:04.307 D/RPC     ( 1574): read RPC packet
04-03 17:09:04.307 D/RPC     ( 1574): read RPC packet size: [272]
04-03 17:09:04.307 V/locapi_rpc_glue( 1574): Callback received: 4 (cb_id=0x6260000 handle=1)
04-03 17:09:04.307 V/locapi_rpc_glue( 1574): +loc_api_callback_process_sync_call
04-03 17:09:04.307 V/locapi_rpc_glue( 1574): -loc_api_callback_process_sync_call, no sync call in use
04-03 17:09:04.307 D/RPC     ( 1574): written RPC packet size: [28]
04-03 17:09:04.307 D/RPC     ( 1574): read RPC packet
04-03 17:09:04.307 D/RPC     ( 1574): read RPC packet size: [216]
04-03 17:09:04.307 V/locapi_rpc_glue( 1574): Callback received: 2 (cb_id=0x6260000 handle=1)
04-03 17:09:04.307 V/locapi_rpc_glue( 1574): +loc_api_callback_process_sync_call
04-03 17:09:04.307 V/locapi_rpc_glue( 1574): -loc_api_callback_process_sync_call, no sync call in use
04-03 17:09:04.317 D/lib_locapi( 1574): loc_eng_report_sv: valid_mask = 0x30, num of sv = 3
04-03 17:09:04.317 D/GpsLocationProvider( 1574): reportSvStatus
04-03 17:09:04.317 V/GpsLocationProvider( 1574): SV count: 3 ephemerisMask: 810000 almanacMask: 80810000
04-03 17:09:04.317 V/GpsLocationProvider( 1574): sv: 17 snr: 2.5 elev: 15.0 azimuth: 36.0 E AU
04-03 17:09:04.317 V/GpsLocationProvider( 1574): sv: 24 snr: 2.84 elev: 47.0 azimuth: 120.0 E AU
04-03 17:09:04.317 V/GpsLocationProvider( 1574): sv: 32 snr: 2.55 elev: 12.0 azimuth: 330.0   AU
04-03 17:09:04.317 D/RPC     ( 1574): written RPC packet size: [28]
04-03 17:09:04.317 D/RPC     ( 1574): read RPC packet
04-03 17:09:04.317 D/RPC     ( 1574): read RPC packet size: [272]
04-03 17:09:04.317 V/locapi_rpc_glue( 1574): Callback received: 4 (cb_id=0x6260000 handle=1)
04-03 17:09:04.317 V/locapi_rpc_glue( 1574): +loc_api_callback_process_sync_call
04-03 17:09:04.327 V/locapi_rpc_glue( 1574): -loc_api_callback_process_sync_call, no sync call in use
04-03 17:09:04.327 D/RPC     ( 1574): written RPC packet size: [28]
04-03 17:09:04.327 D/RPC     ( 1574): read RPC packet
04-03 17:09:04.327 D/RPC     ( 1574): read RPC packet size: [272]
04-03 17:09:04.327 V/locapi_rpc_glue( 1574): Callback received: 4 (cb_id=0x6260000 handle=1)
04-03 17:09:04.327 V/locapi_rpc_glue( 1574): +loc_api_callback_process_sync_call
04-03 17:09:04.327 V/locapi_rpc_glue( 1574): -loc_api_callback_process_sync_call, no sync call in use
04-03 17:09:04.327 D/RPC     ( 1574): written RPC packet size: [28]
04-03 17:09:04.327 D/RPC     ( 1574): read RPC packet
04-03 17:09:04.327 D/RPC     ( 1574): read RPC packet size: [272]
04-03 17:09:04.327 V/locapi_rpc_glue( 1574): Callback received: 4 (cb_id=0x6260000 handle=1)
04-03 17:09:04.337 V/locapi_rpc_glue( 1574): +loc_api_callback_process_sync_call
04-03 17:09:04.337 V/locapi_rpc_glue( 1574): -loc_api_callback_process_sync_call, no sync call in use
04-03 17:09:04.337 D/RPC     ( 1574): written RPC packet size: [28]
04-03 17:09:04.337 D/RPC     ( 1574): read RPC packet
04-03 17:09:04.337 D/RPC     ( 1574): read RPC packet size: [272]
04-03 17:09:04.337 V/locapi_rpc_glue( 1574): Callback received: 4 (cb_id=0x6260000 handle=1)
04-03 17:09:04.337 V/locapi_rpc_glue( 1574): +loc_api_callback_process_sync_call
04-03 17:09:04.337 V/locapi_rpc_glue( 1574): -loc_api_callback_process_sync_call, no sync call in use
04-03 17:09:04.337 D/RPC     ( 1574): written RPC packet size: [28]
04-03 17:09:05.098 I/ActivityManager( 1574): Start proc com.htc.bgp for service com.htc.android.psclient/.ConnectToPCService: pid=2810 uid=10013 gids={2001, 3003, 1006, 1015}
04-03 17:09:05.128 I/System.out( 2741): Location: unknown | GPSNavigator running:true
04-03 17:09:05.128 I/System.out( 2741): Battery level: 99 | Time difference: -1
04-03 17:09:05.158 I/ActivityThread( 2810): Pub com.htc.provider.notes: com.htc.provider.notes.HtcNotesProvider
04-03 17:09:05.168 I/ActivityThread( 2810): Pub customization_settings: com.htc.provider.CustomizationSettings.CustomizationSettingsProvider
04-03 17:09:05.168 D/SqliteDatabaseCpp( 2810): dbopen(): path = /data/data/com.htc.provider.CustomizationSettings/databases , key = guwtkma~Ytakj[wettajcw, flag = 6, file size = 128000
04-03 17:09:05.168 D/SqliteDatabaseCpp( 2810): dbopen(): path = /data/data/com.htc.provider.CustomizationSettings/databases , key = guwtkma~Ytakj[wettajcw, mode: delete, disk free size: 7850 M, handle: 0x19eba0
04-03 17:09:05.178 I/ActivityThread( 2810): Pub com.htc.provider.weather: com.htc.provider.weather.WeatherProvider
04-03 17:09:05.188 D/SqliteDatabaseCpp( 2810): dbopen(): path = /data/data/com.htc.provider.weather/databases , key = seYt`ev, flag = 6, file size = 8192
04-03 17:09:05.188 D/SqliteDatabaseCpp( 2810): dbopen(): path = /data/data/com.htc.provider.weather/databases , key = seYt`ev, mode: delete, disk free size: 7850 M, handle: 0x1c2ad8
04-03 17:09:05.188 I/ActivityThread( 2810): Pub com.htc.opensense.plugin: com.htc.opensense.pluginmanager.PluginProvider
04-03 17:09:05.198 D/PluginProvider( 2810): PluginProvider onCreate
04-03 17:09:05.198 I/ActivityThread( 2810): Pub com.htc.sync.provider.weather: com.htc.sync.provider.weather.Provider
04-03 17:09:05.208 I/ActivityThread( 2810): Pub stock: com.htc.dcs.service.stock.StockProvider
04-03 17:09:05.208 D/RPC     ( 1574): read RPC packet
04-03 17:09:05.208 D/RPC     ( 1574): read RPC packet size: [208]
04-03 17:09:05.208 V/locapi_rpc_glue( 1574): Callback received: 1 (cb_id=0x6260000 handle=1)
04-03 17:09:05.208 I/ActivityThread( 2810): Pub stockset: com.htc.android.Stock.SettingProvider
04-03 17:09:05.208 V/locapi_rpc_glue( 1574): +loc_api_callback_process_sync_call
04-03 17:09:05.208 V/locapi_rpc_glue( 1574): -loc_api_callback_process_sync_call, no sync call in use
04-03 17:09:05.218 D/lib_locapi( 1574): loc_eng_report_position: valid mask = 0x606d, sess status = 1
04-03 17:09:05.218 D/RPC     ( 1574): written RPC packet size: [28]
04-03 17:09:05.218 I/ActivityThread( 2810): Pub com.android.calendar: com.android.providers.calendar.HtcCalendarProvider
04-03 17:09:05.238 D/SqliteDatabaseCpp( 2810): dbopen(): path = /data/data/com.android.providers.calendar/databases , key = gYlejdYv, flag = 6, file size = 53248
04-03 17:09:05.238 D/SqliteDatabaseCpp( 2810): dbopen(): path = /data/data/com.android.providers.calendar/databases , key = gYlejdYv, mode: delete, disk free size: 7850 M, handle: 0x254be0
04-03 17:09:05.248 D/Socket_Alarm( 2810): registerHTCSocketMonitorCallBack
04-03 17:09:05.248 D/Socket_Alarm( 2810): set mSocketMonitor
04-03 17:09:05.248 D/Socket_Alarm( 2810): HTCSocketMonitorImpl::HTCSocketMonitorImpl
04-03 17:09:05.258 D/ConnectToPCService( 2810): --onCreate()
04-03 17:09:05.278 D/UsbConnectedReceiver( 2810): action = need_to_initialize_action_usb_state
04-03 17:09:05.288 D/RPC     ( 1574): read RPC packet
04-03 17:09:05.288 D/RPC     ( 1574): read RPC packet size: [272]
04-03 17:09:05.288 V/locapi_rpc_glue( 1574): Callback received: 4 (cb_id=0x6260000 handle=1)
04-03 17:09:05.288 V/locapi_rpc_glue( 1574): +loc_api_callback_process_sync_call
04-03 17:09:05.288 V/locapi_rpc_glue( 1574): -loc_api_callback_process_sync_call, no sync call in use
04-03 17:09:05.288 D/RPC     ( 1574): written RPC packet size: [28]
04-03 17:09:05.288 D/RPC     ( 1574): read RPC packet
04-03 17:09:05.288 D/RPC     ( 1574): read RPC packet size: [272]
04-03 17:09:05.288 V/locapi_rpc_glue( 1574): Callback received: 4 (cb_id=0x6260000 handle=1)
04-03 17:09:05.288 V/locapi_rpc_glue( 1574): +loc_api_callback_process_sync_call
04-03 17:09:05.288 V/locapi_rpc_glue( 1574): -loc_api_callback_process_sync_call, no sync call in use
04-03 17:09:05.288 D/RPC     ( 1574): written RPC packet size: [28]
04-03 17:09:05.298 D/RPC     ( 1574): read RPC packet
04-03 17:09:05.298 D/RPC     ( 1574): read RPC packet size: [272]
04-03 17:09:05.298 V/locapi_rpc_glue( 1574): Callback received: 4 (cb_id=0x6260000 handle=1)
04-03 17:09:05.298 V/locapi_rpc_glue( 1574): +loc_api_callback_process_sync_call
04-03 17:09:05.298 V/locapi_rpc_glue( 1574): -loc_api_callback_process_sync_call, no sync call in use
04-03 17:09:05.298 D/RPC     ( 1574): written RPC packet size: [28]
04-03 17:09:05.298 D/RPC     ( 1574): read RPC packet
04-03 17:09:05.298 D/RPC     ( 1574): read RPC packet size: [272]
04-03 17:09:05.298 V/locapi_rpc_glue( 1574): Callback received: 4 (cb_id=0x6260000 handle=1)
04-03 17:09:05.298 V/locapi_rpc_glue( 1574): +loc_api_callback_process_sync_call
04-03 17:09:05.298 V/locapi_rpc_glue( 1574): -loc_api_callback_process_sync_call, no sync call in use
04-03 17:09:05.298 D/RPC     ( 1574): written RPC packet size: [28]
04-03 17:09:05.298 D/RPC     ( 1574): read RPC packet
04-03 17:09:05.298 D/RPC     ( 1574): read RPC packet size: [216]
04-03 17:09:05.298 V/locapi_rpc_glue( 1574): Callback received: 2 (cb_id=0x6260000 handle=1)
04-03 17:09:05.298 V/locapi_rpc_glue( 1574): +loc_api_callback_process_sync_call
04-03 17:09:05.298 V/locapi_rpc_glue( 1574): -loc_api_callback_process_sync_call, no sync call in use
04-03 17:09:05.298 D/lib_locapi( 1574): loc_eng_report_sv: valid_mask = 0x30, num of sv = 3
04-03 17:09:05.298 D/GpsLocationProvider( 1574): reportSvStatus
04-03 17:09:05.298 V/GpsLocationProvider( 1574): SV count: 3 ephemerisMask: 810000 almanacMask: 80810000
04-03 17:09:05.298 V/GpsLocationProvider( 1574): sv: 17 snr: 2.29 elev: 15.0 azimuth: 36.0 E AU
04-03 17:09:05.298 V/GpsLocationProvider( 1574): sv: 24 snr: 2.8200002 elev: 47.0 azimuth: 120.0 E AU
04-03 17:09:05.298 V/GpsLocationProvider( 1574): sv: 32 snr: 2.6100001 elev: 12.0 azimuth: 330.0   AU
04-03 17:09:05.298 D/RPC     ( 1574): written RPC packet size: [28]
04-03 17:09:05.298 I/CalendarProvider2( 2810): doOnAccountUpdated
04-03 17:09:05.298 D/RPC     ( 1574): read RPC packet
04-03 17:09:05.308 D/RPC     ( 1574): read RPC packet size: [272]
04-03 17:09:05.308 V/locapi_rpc_glue( 1574): Callback received: 4 (cb_id=0x6260000 handle=1)
04-03 17:09:05.308 V/locapi_rpc_glue( 1574): +loc_api_callback_process_sync_call
04-03 17:09:05.308 V/locapi_rpc_glue( 1574): -loc_api_callback_process_sync_call, no sync call in use
04-03 17:09:05.308 D/RPC     ( 1574): written RPC packet size: [28]
04-03 17:09:05.308 D/RPC     ( 1574): read RPC packet
04-03 17:09:05.308 D/RPC     ( 1574): read RPC packet size: [272]
04-03 17:09:05.308 V/locapi_rpc_glue( 1574): Callback received: 4 (cb_id=0x6260000 handle=1)
04-03 17:09:05.308 V/locapi_rpc_glue( 1574): +loc_api_callback_process_sync_call
04-03 17:09:05.308 V/locapi_rpc_glue( 1574): -loc_api_callback_process_sync_call, no sync call in use
04-03 17:09:05.308 D/RPC     ( 1574): written RPC packet size: [28]
04-03 17:09:05.318 D/RPC     ( 1574): read RPC packet
04-03 17:09:05.318 D/RPC     ( 1574): read RPC packet size: [272]
04-03 17:09:05.318 V/locapi_rpc_glue( 1574): Callback received: 4 (cb_id=0x6260000 handle=1)
04-03 17:09:05.318 V/locapi_rpc_glue( 1574): +loc_api_callback_process_sync_call
04-03 17:09:05.318 V/locapi_rpc_glue( 1574): -loc_api_callback_process_sync_call, no sync call in use
04-03 17:09:05.318 D/RPC     ( 1574): written RPC packet size: [28]
04-03 17:09:05.318 D/RPC     ( 1574): read RPC packet
04-03 17:09:05.318 D/RPC     ( 1574): read RPC packet size: [272]
04-03 17:09:05.318 V/locapi_rpc_glue( 1574): Callback received: 4 (cb_id=0x6260000 handle=1)
04-03 17:09:05.318 V/locapi_rpc_glue( 1574): +loc_api_callback_process_sync_call
04-03 17:09:05.318 V/locapi_rpc_glue( 1574): -loc_api_callback_process_sync_call, no sync call in use
04-03 17:09:05.318 D/RPC     ( 1574): written RPC packet size: [28]
04-03 17:09:05.338 D/dalvikvm( 2810): GC_CONCURRENT freed 195K, 5% free 6718K/7047K, paused 1ms+2ms
04-03 17:09:05.348 D/Calendar( 2810): missed alarms found: 0
04-03 17:09:06.209 D/RPC     ( 1574): read RPC packet
04-03 17:09:06.209 D/RPC     ( 1574): read RPC packet size: [208]
04-03 17:09:06.209 V/locapi_rpc_glue( 1574): Callback received: 1 (cb_id=0x6260000 handle=1)
04-03 17:09:06.209 V/locapi_rpc_glue( 1574): +loc_api_callback_process_sync_call
04-03 17:09:06.209 V/locapi_rpc_glue( 1574): -loc_api_callback_process_sync_call, no sync call in use
04-03 17:09:06.209 D/lib_locapi( 1574): loc_eng_report_position: valid mask = 0x606d, sess status = 1
04-03 17:09:06.219 D/RPC     ( 1574): written RPC packet size: [28]
04-03 17:09:06.289 D/RPC     ( 1574): read RPC packet
04-03 17:09:06.289 D/RPC     ( 1574): read RPC packet size: [272]
04-03 17:09:06.289 V/locapi_rpc_glue( 1574): Callback received: 4 (cb_id=0x6260000 handle=1)
04-03 17:09:06.289 V/locapi_rpc_glue( 1574): +loc_api_callback_process_sync_call
04-03 17:09:06.289 V/locapi_rpc_glue( 1574): -loc_api_callback_process_sync_call, no sync call in use
04-03 17:09:06.299 D/RPC     ( 1574): written RPC packet size: [28]
04-03 17:09:06.299 D/RPC     ( 1574): read RPC packet
04-03 17:09:06.299 D/RPC     ( 1574): read RPC packet size: [272]
04-03 17:09:06.299 V/locapi_rpc_glue( 1574): Callback received: 4 (cb_id=0x6260000 handle=1)
04-03 17:09:06.299 V/locapi_rpc_glue( 1574): +loc_api_callback_process_sync_call
04-03 17:09:06.299 V/locapi_rpc_glue( 1574): -loc_api_callback_process_sync_call, no sync call in use
04-03 17:09:06.299 D/RPC     ( 1574): written RPC packet size: [28]
04-03 17:09:06.299 D/RPC     ( 1574): read RPC packet
04-03 17:09:06.299 D/RPC     ( 1574): read RPC packet size: [272]
04-03 17:09:06.299 V/locapi_rpc_glue( 1574): Callback received: 4 (cb_id=0x6260000 handle=1)
04-03 17:09:06.299 V/locapi_rpc_glue( 1574): +loc_api_callback_process_sync_call
04-03 17:09:06.299 V/locapi_rpc_glue( 1574): -loc_api_callback_process_sync_call, no sync call in use
04-03 17:09:06.299 D/RPC     ( 1574): written RPC packet size: [28]
04-03 17:09:06.309 D/RPC     ( 1574): read RPC packet
04-03 17:09:06.309 D/RPC     ( 1574): read RPC packet size: [272]
04-03 17:09:06.309 V/locapi_rpc_glue( 1574): Callback received: 4 (cb_id=0x6260000 handle=1)
04-03 17:09:06.309 V/locapi_rpc_glue( 1574): +loc_api_callback_process_sync_call
04-03 17:09:06.309 V/locapi_rpc_glue( 1574): -loc_api_callback_process_sync_call, no sync call in use
04-03 17:09:06.309 D/RPC     ( 1574): written RPC packet size: [28]
04-03 17:09:06.309 D/RPC     ( 1574): read RPC packet
04-03 17:09:06.309 D/RPC     ( 1574): read RPC packet size: [216]
04-03 17:09:06.309 V/locapi_rpc_glue( 1574): Callback received: 2 (cb_id=0x6260000 handle=1)
04-03 17:09:06.309 I/CalendarProvider2( 2810): Sending notification intent: Intent { act=android.intent.action.PROVIDER_CHANGED dat=content://com.android.calendar }
04-03 17:09:06.309 V/locapi_rpc_glue( 1574): +loc_api_callback_process_sync_call
04-03 17:09:06.309 V/locapi_rpc_glue( 1574): -loc_api_callback_process_sync_call, no sync call in use
04-03 17:09:06.309 D/lib_locapi( 1574): loc_eng_report_sv: valid_mask = 0x30, num of sv = 3
04-03 17:09:06.309 D/GpsLocationProvider( 1574): reportSvStatus
04-03 17:09:06.319 V/GpsLocationProvider( 1574): SV count: 3 ephemerisMask: 810000 almanacMask: 80810000
04-03 17:09:06.319 V/GpsLocationProvider( 1574): sv: 17 snr: 2.27 elev: 15.0 azimuth: 36.0 E AU
04-03 17:09:06.319 V/GpsLocationProvider( 1574): sv: 24 snr: 2.74 elev: 47.0 azimuth: 120.0 E AU
04-03 17:09:06.319 D/RPC     ( 1574): written RPC packet size: [28]
04-03 17:09:06.319 V/GpsLocationProvider( 1574): sv: 32 snr: 2.47 elev: 12.0 azimuth: 330.0   AU
04-03 17:09:06.329 W/ContentResolver( 2810): Failed to get type for: content://com.android.calendar (Unknown URL content://com.android.calendar)
04-03 17:09:06.329 D/RPC     ( 1574): read RPC packet
04-03 17:09:06.329 D/RPC     ( 1574): read RPC packet size: [272]
04-03 17:09:06.329 V/locapi_rpc_glue( 1574): Callback received: 4 (cb_id=0x6260000 handle=1)
04-03 17:09:06.329 V/locapi_rpc_glue( 1574): +loc_api_callback_process_sync_call
04-03 17:09:06.329 V/locapi_rpc_glue( 1574): -loc_api_callback_process_sync_call, no sync call in use
04-03 17:09:06.329 D/RPC     ( 1574): written RPC packet size: [28]
04-03 17:09:06.339 D/RPC     ( 1574): read RPC packet
04-03 17:09:06.339 D/RPC     ( 1574): read RPC packet size: [272]
04-03 17:09:06.339 V/locapi_rpc_glue( 1574): Callback received: 4 (cb_id=0x6260000 handle=1)
04-03 17:09:06.339 V/locapi_rpc_glue( 1574): +loc_api_callback_process_sync_call
04-03 17:09:06.339 V/locapi_rpc_glue( 1574): -loc_api_callback_process_sync_call, no sync call in use
04-03 17:09:06.339 D/RPC     ( 1574): written RPC packet size: [28]
04-03 17:09:06.339 D/RPC     ( 1574): read RPC packet
04-03 17:09:06.339 D/RPC     ( 1574): read RPC packet size: [272]
04-03 17:09:06.339 V/locapi_rpc_glue( 1574): Callback received: 4 (cb_id=0x6260000 handle=1)
04-03 17:09:06.339 V/locapi_rpc_glue( 1574): +loc_api_callback_process_sync_call
04-03 17:09:06.339 V/locapi_rpc_glue( 1574): -loc_api_callback_process_sync_call, no sync call in use
04-03 17:09:06.339 D/RPC     ( 1574): written RPC packet size: [28]
04-03 17:09:06.349 D/RPC     ( 1574): read RPC packet
04-03 17:09:06.349 D/RPC     ( 1574): read RPC packet size: [272]
04-03 17:09:06.349 V/locapi_rpc_glue( 1574): Callback received: 4 (cb_id=0x6260000 handle=1)
04-03 17:09:06.359 V/locapi_rpc_glue( 1574): +loc_api_callback_process_sync_call
04-03 17:09:06.359 V/locapi_rpc_glue( 1574): -loc_api_callback_process_sync_call, no sync call in use
04-03 17:09:06.359 D/RPC     ( 1574): written RPC packet size: [28]
04-03 17:09:07.210 D/RPC     ( 1574): read RPC packet
04-03 17:09:07.210 D/RPC     ( 1574): read RPC packet size: [208]
04-03 17:09:07.210 V/locapi_rpc_glue( 1574): Callback received: 1 (cb_id=0x6260000 handle=1)
04-03 17:09:07.210 V/locapi_rpc_glue( 1574): +loc_api_callback_process_sync_call
04-03 17:09:07.210 V/locapi_rpc_glue( 1574): -loc_api_callback_process_sync_call, no sync call in use
04-03 17:09:07.210 D/lib_locapi( 1574): loc_eng_report_position: valid mask = 0x606d, sess status = 1
04-03 17:09:07.210 D/RPC     ( 1574): written RPC packet size: [28]
04-03 17:09:07.290 D/RPC     ( 1574): read RPC packet
04-03 17:09:07.290 D/RPC     ( 1574): read RPC packet size: [272]
04-03 17:09:07.290 V/locapi_rpc_glue( 1574): Callback received: 4 (cb_id=0x6260000 handle=1)
04-03 17:09:07.290 V/locapi_rpc_glue( 1574): +loc_api_callback_process_sync_call
04-03 17:09:07.290 V/locapi_rpc_glue( 1574): -loc_api_callback_process_sync_call, no sync call in use
04-03 17:09:07.290 D/RPC     ( 1574): written RPC packet size: [28]
04-03 17:09:07.290 D/RPC     ( 1574): read RPC packet
04-03 17:09:07.290 D/RPC     ( 1574): read RPC packet size: [272]
04-03 17:09:07.290 V/locapi_rpc_glue( 1574): Callback received: 4 (cb_id=0x6260000 handle=1)
04-03 17:09:07.290 V/locapi_rpc_glue( 1574): +loc_api_callback_process_sync_call
04-03 17:09:07.290 V/locapi_rpc_glue( 1574): -loc_api_callback_process_sync_call, no sync call in use
04-03 17:09:07.290 D/RPC     ( 1574): written RPC packet size: [28]
04-03 17:09:07.290 D/RPC     ( 1574): read RPC packet
04-03 17:09:07.290 D/RPC     ( 1574): read RPC packet size: [272]
04-03 17:09:07.290 V/locapi_rpc_glue( 1574): Callback received: 4 (cb_id=0x6260000 handle=1)
04-03 17:09:07.290 V/locapi_rpc_glue( 1574): +loc_api_callback_process_sync_call
04-03 17:09:07.290 V/locapi_rpc_glue( 1574): -loc_api_callback_process_sync_call, no sync call in use
04-03 17:09:07.290 D/RPC     ( 1574): written RPC packet size: [28]
04-03 17:09:07.300 D/RPC     ( 1574): read RPC packet
04-03 17:09:07.300 D/RPC     ( 1574): read RPC packet size: [272]
04-03 17:09:07.300 V/locapi_rpc_glue( 1574): Callback received: 4 (cb_id=0x6260000 handle=1)
04-03 17:09:07.300 V/locapi_rpc_glue( 1574): +loc_api_callback_process_sync_call
04-03 17:09:07.300 V/locapi_rpc_glue( 1574): -loc_api_callback_process_sync_call, no sync call in use
04-03 17:09:07.300 D/RPC     ( 1574): written RPC packet size: [28]
04-03 17:09:07.300 D/RPC     ( 1574): read RPC packet
04-03 17:09:07.300 D/RPC     ( 1574): read RPC packet size: [216]
04-03 17:09:07.300 V/locapi_rpc_glue( 1574): Callback received: 2 (cb_id=0x6260000 handle=1)
04-03 17:09:07.300 V/locapi_rpc_glue( 1574): +loc_api_callback_process_sync_call
04-03 17:09:07.300 V/locapi_rpc_glue( 1574): -loc_api_callback_process_sync_call, no sync call in use
04-03 17:09:07.300 D/lib_locapi( 1574): loc_eng_report_sv: valid_mask = 0x30, num of sv = 3
04-03 17:09:07.300 D/GpsLocationProvider( 1574): reportSvStatus
04-03 17:09:07.300 V/GpsLocationProvider( 1574): SV count: 3 ephemerisMask: 810000 almanacMask: 80810000
04-03 17:09:07.310 V/GpsLocationProvider( 1574): sv: 17 snr: 2.3700001 elev: 15.0 azimuth: 36.0 E AU
04-03 17:09:07.310 V/GpsLocationProvider( 1574): sv: 24 snr: 2.76 elev: 47.0 azimuth: 120.0 E AU
04-03 17:09:07.310 D/RPC     ( 1574): written RPC packet size: [28]
04-03 17:09:07.310 V/GpsLocationProvider( 1574): sv: 32 snr: 2.54 elev: 12.0 azimuth: 330.0   AU
04-03 17:09:07.330 D/RPC     ( 1574): read RPC packet
04-03 17:09:07.330 D/RPC     ( 1574): read RPC packet size: [272]
04-03 17:09:07.330 V/locapi_rpc_glue( 1574): Callback received: 4 (cb_id=0x6260000 handle=1)
04-03 17:09:07.330 V/locapi_rpc_glue( 1574): +loc_api_callback_process_sync_call
04-03 17:09:07.330 V/locapi_rpc_glue( 1574): -loc_api_callback_process_sync_call, no sync call in use
04-03 17:09:07.330 D/RPC     ( 1574): written RPC packet size: [28]
04-03 17:09:07.330 D/RPC     ( 1574): read RPC packet
04-03 17:09:07.330 D/RPC     ( 1574): read RPC packet size: [272]
04-03 17:09:07.330 V/locapi_rpc_glue( 1574): Callback received: 4 (cb_id=0x6260000 handle=1)
04-03 17:09:07.330 V/locapi_rpc_glue( 1574): +loc_api_callback_process_sync_call
04-03 17:09:07.330 V/locapi_rpc_glue( 1574): -loc_api_callback_process_sync_call, no sync call in use
04-03 17:09:07.330 D/RPC     ( 1574): written RPC packet size: [28]
04-03 17:09:07.330 D/RPC     ( 1574): read RPC packet
04-03 17:09:07.330 D/RPC     ( 1574): read RPC packet size: [272]
04-03 17:09:07.330 V/locapi_rpc_glue( 1574): Callback received: 4 (cb_id=0x6260000 handle=1)
04-03 17:09:07.330 V/locapi_rpc_glue( 1574): +loc_api_callback_process_sync_call
04-03 17:09:07.330 V/locapi_rpc_glue( 1574): -loc_api_callback_process_sync_call, no sync call in use
04-03 17:09:07.330 D/RPC     ( 1574): written RPC packet size: [28]
04-03 17:09:07.330 D/RPC     ( 1574): read RPC packet
04-03 17:09:07.330 D/RPC     ( 1574): read RPC packet size: [272]
04-03 17:09:07.330 V/locapi_rpc_glue( 1574): Callback received: 4 (cb_id=0x6260000 handle=1)
04-03 17:09:07.330 V/locapi_rpc_glue( 1574): +loc_api_callback_process_sync_call
04-03 17:09:07.330 V/locapi_rpc_glue( 1574): -loc_api_callback_process_sync_call, no sync call in use
04-03 17:09:07.330 D/RPC     ( 1574): written RPC packet size: [28]
04-03 17:09:08.131 I/System.out( 2741): Location: unknown | GPSNavigator running:true
04-03 17:09:08.131 I/System.out( 2741): Battery level: 99 | Time difference: -1
04-03 17:09:08.211 D/RPC     ( 1574): read RPC packet
04-03 17:09:08.211 D/RPC     ( 1574): read RPC packet size: [208]
04-03 17:09:08.211 V/locapi_rpc_glue( 1574): Callback received: 1 (cb_id=0x6260000 handle=1)
04-03 17:09:08.211 V/locapi_rpc_glue( 1574): +loc_api_callback_process_sync_call
04-03 17:09:08.211 V/locapi_rpc_glue( 1574): -loc_api_callback_process_sync_call, no sync call in use
04-03 17:09:08.211 D/lib_locapi( 1574): loc_eng_report_position: valid mask = 0x606d, sess status = 1
04-03 17:09:08.211 D/RPC     ( 1574): written RPC packet size: [28]
04-03 17:09:08.281 D/RPC     ( 1574): read RPC packet
04-03 17:09:08.291 D/RPC     ( 1574): read RPC packet size: [272]
04-03 17:09:08.301 V/locapi_rpc_glue( 1574): Callback received: 4 (cb_id=0x6260000 handle=1)
04-03 17:09:08.301 V/locapi_rpc_glue( 1574): +loc_api_callback_process_sync_call
04-03 17:09:08.301 V/locapi_rpc_glue( 1574): -loc_api_callback_process_sync_call, no sync call in use
04-03 17:09:08.311 D/RPC     ( 1574): written RPC packet size: [28]
04-03 17:09:08.311 D/RPC     ( 1574): read RPC packet
04-03 17:09:08.311 D/RPC     ( 1574): read RPC packet size: [272]
04-03 17:09:08.311 V/locapi_rpc_glue( 1574): Callback received: 4 (cb_id=0x6260000 handle=1)
04-03 17:09:08.311 V/locapi_rpc_glue( 1574): +loc_api_callback_process_sync_call
04-03 17:09:08.311 V/locapi_rpc_glue( 1574): -loc_api_callback_process_sync_call, no sync call in use
04-03 17:09:08.311 D/RPC     ( 1574): written RPC packet size: [28]
04-03 17:09:08.321 D/RPC     ( 1574): read RPC packet
04-03 17:09:08.321 D/RPC     ( 1574): read RPC packet size: [272]
04-03 17:09:08.321 V/locapi_rpc_glue( 1574): Callback received: 4 (cb_id=0x6260000 handle=1)
04-03 17:09:08.321 V/locapi_rpc_glue( 1574): +loc_api_callback_process_sync_call
04-03 17:09:08.321 V/locapi_rpc_glue( 1574): -loc_api_callback_process_sync_call, no sync call in use
04-03 17:09:08.321 D/RPC     ( 1574): written RPC packet size: [28]
04-03 17:09:08.321 D/RPC     ( 1574): read RPC packet
04-03 17:09:08.321 D/RPC     ( 1574): read RPC packet size: [272]
04-03 17:09:08.321 V/locapi_rpc_glue( 1574): Callback received: 4 (cb_id=0x6260000 handle=1)
04-03 17:09:08.321 V/locapi_rpc_glue( 1574): +loc_api_callback_process_sync_call
04-03 17:09:08.321 V/locapi_rpc_glue( 1574): -loc_api_callback_process_sync_call, no sync call in use
04-03 17:09:08.321 D/RPC     ( 1574): written RPC packet size: [28]
04-03 17:09:08.331 D/RPC     ( 1574): read RPC packet
04-03 17:09:08.331 D/RPC     ( 1574): read RPC packet size: [216]
04-03 17:09:08.331 V/locapi_rpc_glue( 1574): Callback received: 2 (cb_id=0x6260000 handle=1)
04-03 17:09:08.331 V/locapi_rpc_glue( 1574): +loc_api_callback_process_sync_call
04-03 17:09:08.331 V/locapi_rpc_glue( 1574): -loc_api_callback_process_sync_call, no sync call in use
04-03 17:09:08.331 D/lib_locapi( 1574): loc_eng_report_sv: valid_mask = 0x30, num of sv = 3
04-03 17:09:08.331 D/GpsLocationProvider( 1574): reportSvStatus
04-03 17:09:08.331 V/GpsLocationProvider( 1574): SV count: 3 ephemerisMask: 810000 almanacMask: 80810000
04-03 17:09:08.331 V/GpsLocationProvider( 1574): sv: 17 snr: 2.33 elev: 15.0 azimuth: 36.0 E AU
04-03 17:09:08.331 V/GpsLocationProvider( 1574): sv: 24 snr: 2.72 elev: 47.0 azimuth: 120.0 E AU
04-03 17:09:08.341 V/GpsLocationProvider( 1574): sv: 32 snr: 2.52 elev: 12.0 azimuth: 330.0   AU
04-03 17:09:08.341 D/RPC     ( 1574): written RPC packet size: [28]
04-03 17:09:08.341 D/RPC     ( 1574): read RPC packet
04-03 17:09:08.341 D/RPC     ( 1574): read RPC packet size: [272]
04-03 17:09:08.341 V/locapi_rpc_glue( 1574): Callback received: 4 (cb_id=0x6260000 handle=1)
04-03 17:09:08.341 V/locapi_rpc_glue( 1574): +loc_api_callback_process_sync_call
04-03 17:09:08.341 V/locapi_rpc_glue( 1574): -loc_api_callback_process_sync_call, no sync call in use
04-03 17:09:08.341 D/RPC     ( 1574): written RPC packet size: [28]
04-03 17:09:08.341 D/RPC     ( 1574): read RPC packet
04-03 17:09:08.341 D/RPC     ( 1574): read RPC packet size: [272]
04-03 17:09:08.341 V/locapi_rpc_glue( 1574): Callback received: 4 (cb_id=0x6260000 handle=1)
04-03 17:09:08.341 V/locapi_rpc_glue( 1574): +loc_api_callback_process_sync_call
04-03 17:09:08.341 V/locapi_rpc_glue( 1574): -loc_api_callback_process_sync_call, no sync call in use
04-03 17:09:08.351 D/RPC     ( 1574): written RPC packet size: [28]
04-03 17:09:08.351 D/RPC     ( 1574): read RPC packet
04-03 17:09:08.351 D/RPC     ( 1574): read RPC packet size: [272]
04-03 17:09:08.351 V/locapi_rpc_glue( 1574): Callback received: 4 (cb_id=0x6260000 handle=1)
04-03 17:09:08.351 V/locapi_rpc_glue( 1574): +loc_api_callback_process_sync_call
04-03 17:09:08.351 V/locapi_rpc_glue( 1574): -loc_api_callback_process_sync_call, no sync call in use
04-03 17:09:08.351 D/RPC     ( 1574): written RPC packet size: [28]
04-03 17:09:08.351 D/RPC     ( 1574): read RPC packet
04-03 17:09:08.351 D/RPC     ( 1574): read RPC packet size: [272]
04-03 17:09:08.351 V/locapi_rpc_glue( 1574): Callback received: 4 (cb_id=0x6260000 handle=1)
04-03 17:09:08.351 V/locapi_rpc_glue( 1574): +loc_api_callback_process_sync_call
04-03 17:09:08.351 V/locapi_rpc_glue( 1574): -loc_api_callback_process_sync_call, no sync call in use
04-03 17:09:08.351 D/RPC     ( 1574): written RPC packet size: [28]
04-03 17:09:09.202 D/RPC     ( 1574): read RPC packet
04-03 17:09:09.212 D/RPC     ( 1574): read RPC packet size: [208]
04-03 17:09:09.212 V/locapi_rpc_glue( 1574): Callback received: 1 (cb_id=0x6260000 handle=1)
04-03 17:09:09.212 V/locapi_rpc_glue( 1574): +loc_api_callback_process_sync_call
04-03 17:09:09.212 V/locapi_rpc_glue( 1574): -loc_api_callback_process_sync_call, no sync call in use
04-03 17:09:09.212 D/lib_locapi( 1574): loc_eng_report_position: valid mask = 0x606d, sess status = 1
04-03 17:09:09.212 D/RPC     ( 1574): written RPC packet size: [28]
04-03 17:09:09.292 D/RPC     ( 1574): read RPC packet
04-03 17:09:09.292 D/RPC     ( 1574): read RPC packet size: [272]
04-03 17:09:09.292 V/locapi_rpc_glue( 1574): Callback received: 4 (cb_id=0x6260000 handle=1)
04-03 17:09:09.292 V/locapi_rpc_glue( 1574): +loc_api_callback_process_sync_call
04-03 17:09:09.292 V/locapi_rpc_glue( 1574): -loc_api_callback_process_sync_call, no sync call in use
04-03 17:09:09.292 D/RPC     ( 1574): written RPC packet size: [28]
04-03 17:09:09.292 D/RPC     ( 1574): read RPC packet
04-03 17:09:09.292 D/RPC     ( 1574): read RPC packet size: [272]
04-03 17:09:09.292 V/locapi_rpc_glue( 1574): Callback received: 4 (cb_id=0x6260000 handle=1)
04-03 17:09:09.292 V/locapi_rpc_glue( 1574): +loc_api_callback_process_sync_call
04-03 17:09:09.292 V/locapi_rpc_glue( 1574): -loc_api_callback_process_sync_call, no sync call in use
04-03 17:09:09.292 D/RPC     ( 1574): written RPC packet size: [28]
04-03 17:09:09.302 D/RPC     ( 1574): read RPC packet
04-03 17:09:09.302 D/RPC     ( 1574): read RPC packet size: [272]
04-03 17:09:09.302 V/locapi_rpc_glue( 1574): Callback received: 4 (cb_id=0x6260000 handle=1)
04-03 17:09:09.302 V/locapi_rpc_glue( 1574): +loc_api_callback_process_sync_call
04-03 17:09:09.302 V/locapi_rpc_glue( 1574): -loc_api_callback_process_sync_call, no sync call in use
04-03 17:09:09.302 D/RPC     ( 1574): written RPC packet size: [28]
04-03 17:09:09.302 D/RPC     ( 1574): read RPC packet
04-03 17:09:09.302 D/RPC     ( 1574): read RPC packet size: [272]
04-03 17:09:09.302 V/locapi_rpc_glue( 1574): Callback received: 4 (cb_id=0x6260000 handle=1)
04-03 17:09:09.302 V/locapi_rpc_glue( 1574): +loc_api_callback_process_sync_call
04-03 17:09:09.302 V/locapi_rpc_glue( 1574): -loc_api_callback_process_sync_call, no sync call in use
04-03 17:09:09.312 D/RPC     ( 1574): written RPC packet size: [28]
04-03 17:09:09.312 D/RPC     ( 1574): read RPC packet
04-03 17:09:09.312 D/RPC     ( 1574): read RPC packet size: [216]
04-03 17:09:09.312 V/locapi_rpc_glue( 1574): Callback received: 2 (cb_id=0x6260000 handle=1)
04-03 17:09:09.312 V/locapi_rpc_glue( 1574): +loc_api_callback_process_sync_call
04-03 17:09:09.312 V/locapi_rpc_glue( 1574): -loc_api_callback_process_sync_call, no sync call in use
04-03 17:09:09.312 D/lib_locapi( 1574): loc_eng_report_sv: valid_mask = 0x30, num of sv = 3
04-03 17:09:09.312 D/GpsLocationProvider( 1574): reportSvStatus
04-03 17:09:09.312 V/GpsLocationProvider( 1574): SV count: 3 ephemerisMask: 810000 almanacMask: 80810000
04-03 17:09:09.312 V/GpsLocationProvider( 1574): sv: 17 snr: 2.3700001 elev: 15.0 azimuth: 36.0 E AU
04-03 17:09:09.322 V/GpsLocationProvider( 1574): sv: 24 snr: 2.77 elev: 47.0 azimuth: 120.0 E AU
04-03 17:09:09.322 V/GpsLocationProvider( 1574): sv: 32 snr: 2.48 elev: 12.0 azimuth: 330.0   AU
04-03 17:09:09.322 D/RPC     ( 1574): written RPC packet size: [28]
04-03 17:09:09.322 D/RPC     ( 1574): read RPC packet
04-03 17:09:09.322 D/RPC     ( 1574): read RPC packet size: [272]
04-03 17:09:09.322 V/locapi_rpc_glue( 1574): Callback received: 4 (cb_id=0x6260000 handle=1)
04-03 17:09:09.322 V/locapi_rpc_glue( 1574): +loc_api_callback_process_sync_call
04-03 17:09:09.322 V/locapi_rpc_glue( 1574): -loc_api_callback_process_sync_call, no sync call in use
04-03 17:09:09.322 D/RPC     ( 1574): written RPC packet size: [28]
04-03 17:09:09.322 D/RPC     ( 1574): read RPC packet
04-03 17:09:09.322 D/RPC     ( 1574): read RPC packet size: [272]
04-03 17:09:09.322 V/locapi_rpc_glue( 1574): Callback received: 4 (cb_id=0x6260000 handle=1)
04-03 17:09:09.332 V/locapi_rpc_glue( 1574): +loc_api_callback_process_sync_call
04-03 17:09:09.332 V/locapi_rpc_glue( 1574): -loc_api_callback_process_sync_call, no sync call in use
04-03 17:09:09.332 D/RPC     ( 1574): written RPC packet size: [28]
04-03 17:09:09.332 D/RPC     ( 1574): read RPC packet
04-03 17:09:09.332 D/RPC     ( 1574): read RPC packet size: [272]
04-03 17:09:09.332 V/locapi_rpc_glue( 1574): Callback received: 4 (cb_id=0x6260000 handle=1)
04-03 17:09:09.332 V/locapi_rpc_glue( 1574): +loc_api_callback_process_sync_call
04-03 17:09:09.332 V/locapi_rpc_glue( 1574): -loc_api_callback_process_sync_call, no sync call in use
04-03 17:09:09.332 D/RPC     ( 1574): written RPC packet size: [28]
04-03 17:09:09.332 D/RPC     ( 1574): read RPC packet
04-03 17:09:09.332 D/RPC     ( 1574): read RPC packet size: [272]
04-03 17:09:09.332 V/locapi_rpc_glue( 1574): Callback received: 4 (cb_id=0x6260000 handle=1)
04-03 17:09:09.332 V/locapi_rpc_glue( 1574): +loc_api_callback_process_sync_call
04-03 17:09:09.332 V/locapi_rpc_glue( 1574): -loc_api_callback_process_sync_call, no sync call in use
04-03 17:09:09.342 D/RPC     ( 1574): written RPC packet size: [28]
04-03 17:09:10.213 D/RPC     ( 1574): read RPC packet
04-03 17:09:10.213 D/RPC     ( 1574): read RPC packet size: [208]
04-03 17:09:10.213 V/locapi_rpc_glue( 1574): Callback received: 1 (cb_id=0x6260000 handle=1)
04-03 17:09:10.213 V/locapi_rpc_glue( 1574): +loc_api_callback_process_sync_call
04-03 17:09:10.213 V/locapi_rpc_glue( 1574): -loc_api_callback_process_sync_call, no sync call in use
04-03 17:09:10.213 D/lib_locapi( 1574): loc_eng_report_position: valid mask = 0x606d, sess status = 1
04-03 17:09:10.213 D/RPC     ( 1574): written RPC packet size: [28]
04-03 17:09:10.293 D/RPC     ( 1574): read RPC packet
04-03 17:09:10.293 D/RPC     ( 1574): read RPC packet size: [272]
04-03 17:09:10.293 V/locapi_rpc_glue( 1574): Callback received: 4 (cb_id=0x6260000 handle=1)
04-03 17:09:10.293 V/locapi_rpc_glue( 1574): +loc_api_callback_process_sync_call
04-03 17:09:10.293 V/locapi_rpc_glue( 1574): -loc_api_callback_process_sync_call, no sync call in use
04-03 17:09:10.293 D/RPC     ( 1574): written RPC packet size: [28]
04-03 17:09:10.293 D/RPC     ( 1574): read RPC packet
04-03 17:09:10.293 D/RPC     ( 1574): read RPC packet size: [272]
04-03 17:09:10.293 V/locapi_rpc_glue( 1574): Callback received: 4 (cb_id=0x6260000 handle=1)
04-03 17:09:10.293 V/locapi_rpc_glue( 1574): +loc_api_callback_process_sync_call
04-03 17:09:10.293 V/locapi_rpc_glue( 1574): -loc_api_callback_process_sync_call, no sync call in use
04-03 17:09:10.293 D/RPC     ( 1574): written RPC packet size: [28]
04-03 17:09:10.303 D/RPC     ( 1574): read RPC packet
04-03 17:09:10.303 D/RPC     ( 1574): read RPC packet size: [272]
04-03 17:09:10.303 V/locapi_rpc_glue( 1574): Callback received: 4 (cb_id=0x6260000 handle=1)
04-03 17:09:10.303 V/locapi_rpc_glue( 1574): +loc_api_callback_process_sync_call
04-03 17:09:10.303 V/locapi_rpc_glue( 1574): -loc_api_callback_process_sync_call, no sync call in use
04-03 17:09:10.303 D/RPC     ( 1574): written RPC packet size: [28]
04-03 17:09:10.303 D/RPC     ( 1574): read RPC packet
04-03 17:09:10.303 D/RPC     ( 1574): read RPC packet size: [272]
04-03 17:09:10.303 V/locapi_rpc_glue( 1574): Callback received: 4 (cb_id=0x6260000 handle=1)
04-03 17:09:10.303 V/locapi_rpc_glue( 1574): +loc_api_callback_process_sync_call
04-03 17:09:10.303 V/locapi_rpc_glue( 1574): -loc_api_callback_process_sync_call, no sync call in use
04-03 17:09:10.303 D/RPC     ( 1574): written RPC packet size: [28]
04-03 17:09:10.313 D/RPC     ( 1574): read RPC packet
04-03 17:09:10.313 D/RPC     ( 1574): read RPC packet size: [216]
04-03 17:09:10.313 V/locapi_rpc_glue( 1574): Callback received: 2 (cb_id=0x6260000 handle=1)
04-03 17:09:10.313 V/locapi_rpc_glue( 1574): +loc_api_callback_process_sync_call
04-03 17:09:10.313 V/locapi_rpc_glue( 1574): -loc_api_callback_process_sync_call, no sync call in use
04-03 17:09:10.313 D/lib_locapi( 1574): loc_eng_report_sv: valid_mask = 0x30, num of sv = 3
04-03 17:09:10.313 D/GpsLocationProvider( 1574): reportSvStatus
04-03 17:09:10.313 V/GpsLocationProvider( 1574): SV count: 3 ephemerisMask: 810000 almanacMask: 80810000
04-03 17:09:10.313 V/GpsLocationProvider( 1574): sv: 17 snr: 2.3200002 elev: 15.0 azimuth: 36.0 E AU
04-03 17:09:10.323 V/GpsLocationProvider( 1574): sv: 24 snr: 2.72 elev: 47.0 azimuth: 120.0 E AU
04-03 17:09:10.323 V/GpsLocationProvider( 1574): sv: 32 snr: 2.54 elev: 12.0 azimuth: 330.0   AU
04-03 17:09:10.323 D/RPC     ( 1574): written RPC packet size: [28]
04-03 17:09:10.323 D/RPC     ( 1574): read RPC packet
