--------- beginning of /dev/log/main
01-28 17:54:40.754 D/AndroidRuntime(  623): 
01-28 17:54:40.754 D/AndroidRuntime(  623): >>>>>> AndroidRuntime START com.android.internal.os.RuntimeInit <<<<<<
01-28 17:54:40.754 I/AndroidRuntime(  623): Heap size: -Xmx32m
01-28 17:54:40.754 D/AndroidRuntime(  623): CheckJNI is OFF
01-28 17:54:40.754 D/dalvikvm(  623): creating instr width table
01-28 17:54:40.974 D/AndroidRuntime(  623): Calling main entry com.android.commands.pm.Pm
--------- beginning of /dev/log/system
01-28 17:54:40.994 I/ActivityManager(  163): Start proc com.android.defcontainer for service com.android.defcontainer/.DefaultContainerService: pid=631 uid=10030 gids={1015, 2001}
01-28 17:54:41.034 D/dalvikvm(  631): Debugger has detached; object registry had 1 entries
01-28 17:54:41.144 D/dalvikvm(  631): GC_EXPLICIT freed 322K, 55% free 2508K/5511K, external 0K/0K, paused 35ms
01-28 17:54:41.845 W/ActivityManager(  163): No content provider found for: 
01-28 17:54:42.005 W/ActivityManager(  163): No content provider found for: 
01-28 17:54:42.015 I/ActivityManager(  163): No longer want com.android.deskclock (pid 439): hidden #16
01-28 17:54:42.065 D/PackageParser(  163): Scanning package: /data/app/vmdl-1731112377.tmp
01-28 17:54:42.195 D/dalvikvm(  163): GC_CONCURRENT freed 1250K, 48% free 4792K/9159K, external 3032K/3183K, paused 3ms+5ms
01-28 17:54:42.235 I/dalvikvm(  163): Jit: resizing JitTable from 4096 to 8192
01-28 17:54:42.335 I/PackageManager(  163): Removing non-system package:uk.ac.st_andrews.cs.host.mk74.inlocy
01-28 17:54:42.335 I/ActivityManager(  163): Force stopping package uk.ac.st_andrews.cs.host.mk74.inlocy uid=10067
01-28 17:54:42.435 D/PackageManager(  163): Scanning package uk.ac.st_andrews.cs.host.mk74.inlocy
01-28 17:54:42.435 I/PackageManager(  163): Package uk.ac.st_andrews.cs.host.mk74.inlocy codePath changed from /data/app/uk.ac.st_andrews.cs.host.mk74.inlocy-1.apk to /data/app/uk.ac.st_andrews.cs.host.mk74.inlocy-2.apk; Retaining data and using new
01-28 17:54:42.445 I/PackageManager(  163): Unpacking native libraries for /data/app/uk.ac.st_andrews.cs.host.mk74.inlocy-2.apk
01-28 17:54:42.465 D/installd(  118): DexInv: --- BEGIN '/data/app/uk.ac.st_andrews.cs.host.mk74.inlocy-2.apk' ---
01-28 17:54:42.796 D/dalvikvm(  640): creating instr width table
01-28 17:54:43.026 D/dalvikvm(  640): DexOpt: couldn't find field Landroid/graphics/BitmapFactory$Options;.inMutable
01-28 17:54:43.216 D/dalvikvm(  640): DexOpt: load 51ms, verify+opt 280ms
01-28 17:54:43.356 D/installd(  118): DexInv: --- END '/data/app/uk.ac.st_andrews.cs.host.mk74.inlocy-2.apk' (success) ---
01-28 17:54:43.356 I/ActivityManager(  163): Force stopping package uk.ac.st_andrews.cs.host.mk74.inlocy uid=10067
01-28 17:54:43.386 W/PackageManager(  163): Code path for pkg : uk.ac.st_andrews.cs.host.mk74.inlocy changing from /data/app/uk.ac.st_andrews.cs.host.mk74.inlocy-1.apk to /data/app/uk.ac.st_andrews.cs.host.mk74.inlocy-2.apk
01-28 17:54:43.406 W/PackageManager(  163): Resource path for pkg : uk.ac.st_andrews.cs.host.mk74.inlocy changing from /data/app/uk.ac.st_andrews.cs.host.mk74.inlocy-1.apk to /data/app/uk.ac.st_andrews.cs.host.mk74.inlocy-2.apk
01-28 17:54:43.416 D/PackageManager(  163):   Activities: uk.ac.st_andrews.cs.host.mk74.inlocy.MainActivity
01-28 17:54:43.726 I/installd(  118): move /data/dalvik-cache/data@app@uk.ac.st_andrews.cs.host.mk74.inlocy-2.apk@classes.dex -> /data/dalvik-cache/data@app@uk.ac.st_andrews.cs.host.mk74.inlocy-2.apk@classes.dex
01-28 17:54:43.726 D/PackageManager(  163): New package installed in /data/app/uk.ac.st_andrews.cs.host.mk74.inlocy-2.apk
01-28 17:54:43.847 I/ActivityManager(  163): Force stopping package uk.ac.st_andrews.cs.host.mk74.inlocy uid=10067
01-28 17:54:43.937 D/dalvikvm(  271): GC_EXPLICIT freed 156K, 55% free 3001K/6663K, external 3487K/4264K, paused 82ms
01-28 17:54:43.987 D/HomeLoaders(  271): application intent received: android.intent.action.PACKAGE_REMOVED, replacing=true
01-28 17:54:43.987 D/HomeLoaders(  271):   --> package:uk.ac.st_andrews.cs.host.mk74.inlocy
01-28 17:54:43.997 D/szipinf (  163): Initializing inflate state
01-28 17:54:44.017 D/szipinf (  163): Initializing inflate state
01-28 17:54:44.037 D/dalvikvm(  484): GC_EXPLICIT freed 152K, 59% free 2946K/7047K, external 0K/0K, paused 90ms
01-28 17:54:44.037 D/HomeLoaders(  271): application intent received: android.intent.action.PACKAGE_ADDED, replacing=true
01-28 17:54:44.047 D/HomeLoaders(  271):   --> package:uk.ac.st_andrews.cs.host.mk74.inlocy
01-28 17:54:44.047 D/HomeLoaders(  271):   --> update package uk.ac.st_andrews.cs.host.mk74.inlocy
01-28 17:54:44.077 D/szipinf (  163): Initializing inflate state
01-28 17:54:44.077 I/ActivityManager(  163): Start proc com.noshufou.android.su for broadcast com.noshufou.android.su/.UninstallReceiver: pid=641 uid=10052 gids={1015, 3003}
01-28 17:54:44.197 D/dalvikvm(  163): GC_EXPLICIT freed 589K, 48% free 4808K/9159K, external 2549K/3183K, paused 95ms
01-28 17:54:44.207 W/RecognitionManagerService(  163): no available voice recognition services found
01-28 17:54:44.257 D/szipinf (  163): Initializing inflate state
01-28 17:54:44.327 D/szipinf (  163): Initializing inflate state
01-28 17:54:44.427 D/szipinf (  163): Initializing inflate state
01-28 17:54:44.507 D/szipinf (  163): Initializing inflate state
01-28 17:54:44.507 D/szipinf (  641): Initializing inflate state
01-28 17:54:44.517 I/installd(  118): unlink /data/dalvik-cache/data@app@uk.ac.st_andrews.cs.host.mk74.inlocy-1.apk@classes.dex
01-28 17:54:44.617 I/ActivityManager(  163): Start proc com.tmobile.thememanager for broadcast com.tmobile.thememanager/.receiver.ThemePackageReceiver: pid=651 uid=1300 gids={-1}
01-28 17:54:44.617 I/ActivityManager(  163): No longer want com.android.email (pid 450): hidden #16
01-28 17:54:44.978 D/AndroidRuntime(  623): Shutting down VM
01-28 17:54:44.978 I/ActivityThread(  651): Pub com.tmobile.thememanager.themes: com.tmobile.thememanager.provider.ThemesProvider
01-28 17:54:45.008 I/AndroidRuntime(  623): NOTE: attach of thread 'Binder Thread #3' failed
01-28 17:54:45.008 D/dalvikvm(  623): GC_CONCURRENT freed 102K, 71% free 299K/1024K, external 0K/0K, paused 0ms+1ms
01-28 17:54:45.008 D/jdwp    (  623): Got wake-up signal, bailing out of select
01-28 17:54:45.008 D/dalvikvm(  623): Debugger has detached; object registry had 1 entries
01-28 17:54:45.058 I/ActivityThread(  651): Pub com.tmobile.thememanager.packageresources: com.tmobile.thememanager.provider.PackageResourcesProvider
01-28 17:54:45.118 D/VoiceDialerReceiver(  494): onReceive Intent { act=android.intent.action.PACKAGE_REMOVED dat=package:uk.ac.st_andrews.cs.host.mk74.inlocy flg=0x10000000 cmp=com.android.voicedialer/.VoiceDialerReceiver (has extras) }
01-28 17:54:45.118 V/RecognizerEngine(  494): deleteCachedGrammarFiles /data/data/com.android.voicedialer/files/openentries.txt
01-28 17:54:45.128 I/ActivityManager(  163): No longer want com.android.mms (pid 462): hidden #16
01-28 17:54:45.188 I/ActivityManager(  163): Start proc com.svox.pico for broadcast com.svox.pico/.VoiceDataInstallerReceiver: pid=662 uid=10047 gids={}
01-28 17:54:45.268 D/dalvikvm(  115): GC_EXPLICIT freed 11K, 54% free 2499K/5379K, external 0K/0K, paused 90ms
01-28 17:54:45.438 D/dalvikvm(  115): GC_EXPLICIT freed <1K, 54% free 2499K/5379K, external 0K/0K, paused 163ms
01-28 17:54:45.468 D/dalvikvm(  115): GC_EXPLICIT freed <1K, 54% free 2499K/5379K, external 0K/0K, paused 36ms
01-28 17:54:45.468 D/AndroidRuntime(  669): 
01-28 17:54:45.468 D/AndroidRuntime(  669): >>>>>> AndroidRuntime START com.android.internal.os.RuntimeInit <<<<<<
01-28 17:54:45.478 I/AndroidRuntime(  669): Heap size: -Xmx32m
01-28 17:54:45.478 D/AndroidRuntime(  669): CheckJNI is OFF
01-28 17:54:45.478 D/dalvikvm(  669): creating instr width table
01-28 17:54:45.498 I/ActivityThread(  662): Pub com.svox.pico.providers.SettingsProvider: com.svox.pico.providers.SettingsProvider
01-28 17:54:45.548 D/InstallReceiver(  641): uk.ac.st_andrews.cs.host.mk74.inlocy
01-28 17:54:45.578 D/GTalkService(  319): [RawStanzaProvidersMgr] ##### searchProvidersFromIntent
01-28 17:54:45.578 D/GTalkService(  319): [RawStanzaProvidersMgr] no intent receivers found
01-28 17:54:45.648 D/VoiceDialerReceiver(  494): onReceive Intent { act=android.intent.action.PACKAGE_ADDED dat=package:uk.ac.st_andrews.cs.host.mk74.inlocy flg=0x10000000 cmp=com.android.voicedialer/.VoiceDialerReceiver (has extras) }
01-28 17:54:45.648 V/RecognizerEngine(  494): deleteCachedGrammarFiles /data/data/com.android.voicedialer/files/openentries.txt
01-28 17:54:45.668 D/GTalkService(  319): handlePackageInstalled: re-initialize providers
01-28 17:54:45.668 D/GTalkService(  319): [RawStanzaProvidersMgr] ##### searchProvidersFromIntent
01-28 17:54:45.668 D/GTalkService(  319): [RawStanzaProvidersMgr] no intent receivers found
01-28 17:54:45.748 D/dalvikvm(  319): GC_CONCURRENT freed 543K, 53% free 2899K/6087K, external 0K/512K, paused 2ms+9ms
01-28 17:54:45.859 D/dalvikvm(  503): GC_CONCURRENT freed 444K, 55% free 2652K/5767K, external 0K/0K, paused 3ms+7ms
01-28 17:54:46.129 D/dalvikvm(  319): GC_CONCURRENT freed 507K, 53% free 2888K/6087K, external 0K/512K, paused 2ms+23ms
01-28 17:54:46.159 D/AndroidRuntime(  669): Calling main entry com.android.commands.am.Am
01-28 17:54:46.159 D/SettingsAppWidgetProvider(  578): Widget is from a previous version... Let's update
01-28 17:54:46.169 D/SettingsAppWidgetProvider(  578): No instances yet... Wait for at least one instance to exist before adding global settings
01-28 17:54:46.249 D/dalvikvm(  163): GC_FOR_MALLOC freed 603K, 48% free 4798K/9159K, external 2549K/3183K, paused 59ms
01-28 17:54:46.249 I/dalvikvm-heap(  163): Grow heap (frag case) to 9.833MB for 78928-byte allocation
01-28 17:54:46.319 D/dalvikvm(  163): GC_FOR_MALLOC freed 2K, 48% free 4873K/9287K, external 2549K/3183K, paused 49ms
01-28 17:54:46.319 I/ActivityManager(  163): Starting: Intent { act=android.intent.action.MAIN cat=[android.intent.category.LAUNCHER] flg=0x10000000 cmp=uk.ac.st_andrews.cs.host.mk74.inlocy/.MainActivity } from pid 669
01-28 17:54:46.399 D/AndroidRuntime(  669): Shutting down VM
01-28 17:54:46.399 I/ActivityManager(  163): No longer want com.koushikdutta.rommanager (pid 484): hidden #16
01-28 17:54:46.409 I/ActivityManager(  163): Start proc uk.ac.st_andrews.cs.host.mk74.inlocy for activity uk.ac.st_andrews.cs.host.mk74.inlocy/.MainActivity: pid=684 uid=10067 gids={3003}
01-28 17:54:46.419 I/AndroidRuntime(  669): NOTE: attach of thread 'Binder Thread #3' failed
01-28 17:54:46.419 D/dalvikvm(  669): GC_CONCURRENT freed 103K, 69% free 324K/1024K, external 0K/0K, paused 1ms+2ms
01-28 17:54:46.419 D/jdwp    (  669): Got wake-up signal, bailing out of select
01-28 17:54:46.419 D/dalvikvm(  669): Debugger has detached; object registry had 1 entries
01-28 17:54:46.629 D/dalvikvm(  684): GC_EXTERNAL_ALLOC freed 48K, 54% free 2527K/5379K, external 0K/0K, paused 34ms
01-28 17:54:46.689 D/szipinf (  651): Initializing inflate state
01-28 17:54:46.759 D/dalvikvm(  163): GC_FOR_MALLOC freed 193K, 49% free 4797K/9287K, external 43K/555K, paused 66ms
01-28 17:54:46.759 I/dalvikvm-heap(  163): Grow heap (frag case) to 7.422MB for 118388-byte allocation
01-28 17:54:46.829 D/dalvikvm(  163): GC_FOR_MALLOC freed <1K, 48% free 4913K/9415K, external 43K/555K, paused 59ms
01-28 17:54:46.849 D/szipinf (  651): Initializing inflate state
01-28 17:54:46.900 I/ActivityManager(  163): Displayed uk.ac.st_andrews.cs.host.mk74.inlocy/.MainActivity: +507ms (total +18m35s129ms)
01-28 17:54:47.000 D/dalvikvm(  651): GC_CONCURRENT freed 401K, 55% free 2538K/5575K, external 0K/0K, paused 33ms+4ms
01-28 17:54:47.010 I/ThemeManager(  651): VerifyInstalledThemesThread took 1400 ms.
01-28 17:54:48.441 D/dalvikvm(  234): GC_EXTERNAL_ALLOC freed 309K, 52% free 2879K/5895K, external 899K/993K, paused 37ms
01-28 17:54:49.342 D/SettingsAppWidgetProvider(  578): Widget is from a previous version... Let's update
01-28 17:54:49.352 D/SettingsAppWidgetProvider(  578): No instances yet... Wait for at least one instance to exist before adding global settings
01-28 17:54:49.632 I/System.out(  684): Location: unknown | WiFiNavigator running:true
01-28 17:54:49.632 I/System.out(  684): Battery level: 93 | Time difference: -1
01-28 17:54:49.752 D/dalvikvm(  163): GC_FOR_MALLOC freed 271K, 49% free 4823K/9415K, external 43K/555K, paused 172ms
01-28 17:54:51.054 W/InputManagerService(  163): Window already focused, ignoring focus gain of: com.android.internal.view.IInputMethodClient$Stub$Proxy@406d7f28
01-28 17:54:52.635 I/System.out(  684): Location: unknown | WiFiNavigator running:true
01-28 17:54:52.635 I/System.out(  684): Battery level: 93 | Time difference: -1
01-28 17:54:52.995 D/Tethering(  163): eth0 is not a tetherable iface, ignoring
01-28 17:54:54.016 D/WifiService(  163): ACTION_BATTERY_CHANGED pluggedType: 2
01-28 17:54:54.067 D/SettingsAppWidgetProvider(  578): Widget is from a previous version... Let's update
01-28 17:54:54.077 D/SettingsAppWidgetProvider(  578): No instances yet... Wait for at least one instance to exist before adding global settings
01-28 17:54:55.278 I/wpa_supplicant(  700): CTRL-EVENT-STATE-CHANGE id=-1 state=2 BSSID=00:00:00:00:00:00
01-28 17:54:55.278 V/WifiMonitor(  163): Event [CTRL-EVENT-STATE-CHANGE id=-1 state=2 BSSID=00:00:00:00:00:00]
01-28 17:54:55.288 V/WifiStateTracker(  163): Connection to supplicant established, state=DISCONNECTED
01-28 17:54:55.298 V/WifiStateTracker(  163): Changing supplicant state: DISCONNECTED ==> SCANNING
01-28 17:54:55.318 D/ConnectivityService(  163): ConnectivityService::handleDisconnect() - disconnecting netType(1)
01-28 17:54:55.318 D/ConnectivityService(  163): ConnectivityService::handleDisconnect() - netType(1) attempting failover
01-28 17:54:55.318 E/ConnectivityService(  163): not failing over to mobile type 0 because Mobile Data Disabled
01-28 17:54:55.318 E/ConnectivityService(  163): not failing over to mobile type 2 because Mobile Data Disabled
01-28 17:54:55.318 E/ConnectivityService(  163): not failing over to mobile type 3 because Mobile Data Disabled
01-28 17:54:55.318 E/ConnectivityService(  163): not failing over to mobile type 4 because Mobile Data Disabled
01-28 17:54:55.318 E/ConnectivityService(  163): not failing over to mobile type 5 because Mobile Data Disabled
01-28 17:54:55.318 E/ConnectivityService(  163): Network failover failing.
01-28 17:54:55.328 V/SyncManager(  163): SyncManager::mConnectivityIntentReceiver.onReceive() - DISCONNECTED and no connectivity
01-28 17:54:55.338 D/Tethering(  163): MasterInitialState.processMessage what=3
01-28 17:54:55.358 D/GTalkService(  319): ##### Network broadcast (connected=false) type=WIFI, state=DISCONNECTED
01-28 17:54:55.358 I/ActivityManager(  163): Start proc com.cyanogenmod.stats for broadcast com.cyanogenmod.stats/.ReportingServiceManager: pid=704 uid=10010 gids={3003}
01-28 17:54:55.438 D/CMStats (  704): CONNECTIVITY_ACTION: noConnectivity = true
01-28 17:54:55.438 I/ActivityManager(  163): No longer want com.android.music (pid 524): hidden #16
01-28 17:54:55.468 I/MediaUploader(  555): No need to wake up
01-28 17:54:55.638 I/System.out(  684): Location: unknown | WiFiNavigator running:false
01-28 17:54:55.638 I/System.out(  684): Battery level: 93 | Time difference: -1
01-28 17:54:55.768 I/wpa_supplicant(  700): Trying to associate with 9c:4e:20:c8:b0:f1 (SSID='cs' freq=2447 MHz)
01-28 17:54:55.768 I/wpa_supplicant(  700): CTRL-EVENT-STATE-CHANGE id=-1 state=3 BSSID=9c:4e:20:c8:b0:f1
01-28 17:54:55.928 V/WifiMonitor(  163): Event [Trying to associate with 9c:4e:20:c8:b0:f1 (SSID='cs' freq=2447 MHz)]
01-28 17:54:55.928 V/WifiMonitor(  163): Event [CTRL-EVENT-STATE-CHANGE id=-1 state=3 BSSID=9c:4e:20:c8:b0:f1]
01-28 17:54:55.938 I/wpa_supplicant(  700): CTRL-EVENT-STATE-CHANGE id=0 state=4 BSSID=9c:4e:20:c8:b0:f1
01-28 17:54:55.938 V/WifiMonitor(  163): Event [CTRL-EVENT-STATE-CHANGE id=0 state=4 BSSID=9c:4e:20:c8:b0:f1]
01-28 17:54:55.948 I/wpa_supplicant(  700): Associated with 9c:4e:20:c8:b0:f1
01-28 17:54:55.948 V/WifiMonitor(  163): Event [Associated with 9c:4e:20:c8:b0:f1]
01-28 17:54:55.958 I/wpa_supplicant(  700): CTRL-EVENT-EAP-STARTED EAP authentication started
01-28 17:54:55.958 V/WifiMonitor(  163): Event [CTRL-EVENT-EAP-STARTED EAP authentication started]
01-28 17:54:55.958 V/WifiStateTracker(  163): Changing supplicant state: SCANNING ==> ASSOCIATING
01-28 17:54:55.958 V/WifiStateTracker(  163): Changing supplicant state: ASSOCIATING ==> ASSOCIATED
01-28 17:54:55.968 I/wpa_supplicant(  700): CTRL-EVENT-EAP-METHOD EAP vendor 0 method 25 (PEAP) selected
01-28 17:54:55.968 V/WifiMonitor(  163): Event [CTRL-EVENT-EAP-METHOD EAP vendor 0 method 25 (PEAP) selected]
01-28 17:54:56.369 I/wpa_supplicant(  700): EAP-MSCHAPV2: Authentication succeeded
01-28 17:54:56.379 I/wpa_supplicant(  700): EAP-TLV: TLV Result - Success - EAP-TLV/Phase2 Completed
01-28 17:54:56.389 I/wpa_supplicant(  700): CTRL-EVENT-EAP-SUCCESS EAP authentication completed successfully
01-28 17:54:56.389 V/WifiMonitor(  163): Event [CTRL-EVENT-EAP-SUCCESS EAP authentication completed successfully]
01-28 17:54:56.389 I/wpa_supplicant(  700): CTRL-EVENT-STATE-CHANGE id=0 state=5 BSSID=00:00:00:00:00:00
01-28 17:54:56.389 V/WifiMonitor(  163): Event [CTRL-EVENT-STATE-CHANGE id=0 state=5 BSSID=00:00:00:00:00:00]
01-28 17:54:56.399 V/WifiStateTracker(  163): Changing supplicant state: ASSOCIATED ==> FOUR_WAY_HANDSHAKE
01-28 17:54:56.419 I/wpa_supplicant(  700): CTRL-EVENT-STATE-CHANGE id=0 state=5 BSSID=00:00:00:00:00:00
01-28 17:54:56.419 V/WifiMonitor(  163): Event [CTRL-EVENT-STATE-CHANGE id=0 state=5 BSSID=00:00:00:00:00:00]
01-28 17:54:56.419 V/WifiStateTracker(  163): Changing supplicant state: FOUR_WAY_HANDSHAKE ==> FOUR_WAY_HANDSHAKE
01-28 17:54:56.419 I/wpa_supplicant(  700): CTRL-EVENT-STATE-CHANGE id=0 state=6 BSSID=00:00:00:00:00:00
01-28 17:54:56.429 V/WifiMonitor(  163): Event [CTRL-EVENT-STATE-CHANGE id=0 state=6 BSSID=00:00:00:00:00:00]
01-28 17:54:56.439 V/WifiStateTracker(  163): Changing supplicant state: FOUR_WAY_HANDSHAKE ==> GROUP_HANDSHAKE
01-28 17:54:56.439 I/wpa_supplicant(  700): WPA: Key negotiation completed with 9c:4e:20:c8:b0:f1 [PTK=CCMP GTK=CCMP]
01-28 17:54:56.439 V/WifiMonitor(  163): Event [WPA: Key negotiation completed with 9c:4e:20:c8:b0:f1 [PTK=CCMP GTK=CCMP]]
01-28 17:54:56.439 I/wpa_supplicant(  700): CTRL-EVENT-STATE-CHANGE id=0 state=7 BSSID=00:00:00:00:00:00
01-28 17:54:56.439 V/WifiMonitor(  163): Event [CTRL-EVENT-STATE-CHANGE id=0 state=7 BSSID=00:00:00:00:00:00]
01-28 17:54:56.449 I/wpa_supplicant(  700): CTRL-EVENT-CONNECTED - Connection to 9c:4e:20:c8:b0:f1 completed (auth) [id=0 id_str=]
01-28 17:54:56.449 V/WifiStateTracker(  163): Changing supplicant state: GROUP_HANDSHAKE ==> COMPLETED
01-28 17:54:56.459 V/WifiMonitor(  163): Event [CTRL-EVENT-CONNECTED - Connection to 9c:4e:20:c8:b0:f1 completed (auth) [id=0 id_str=]]
01-28 17:54:56.459 V/WifiStateTracker(  163): New network state is CONNECTED
01-28 17:54:56.479 D/WifiStateTracker(  163): DhcpHandler: DHCP request started
01-28 17:54:58.481 V/WifiStateTracker(  163): DhcpHandler: DHCP request succeeded
01-28 17:54:58.491 V/WifiStateTracker(  163): IP configuration: ipaddr 138.251.207.56 gateway 138.251.207.1 netmask 255.255.255.0 dns1 138.251.206.2 dns2 138.251.206.3 DHCP server 138.251.206.25 lease 7200 seconds
01-28 17:54:58.501 D/ConnectivityService(  163): ConnectivityService::handleConnect() - type = 1
01-28 17:54:58.501 D/ConnectivityService(  163): ConnectivityService::handleConnect() - is failover = false
01-28 17:54:58.501 D/ConnectivityService(  163): ConnectivityService::handleConnect() - type[1] is default, current active default = -1
01-28 17:54:58.531 D/GTalkService(  319): ##### Network broadcast (connected=true) type=WIFI, state=CONNECTED
01-28 17:54:58.541 D/CMStats (  704): CONNECTIVITY_ACTION: noConnectivity = false
01-28 17:54:58.541 D/CMStats (  704): CONNECTIVITY_ACTION: starting service
01-28 17:54:58.561 D/Tethering(  163): MasterInitialState.processMessage what=3
01-28 17:54:58.561 D/WifiWatchdogService(  163): (android.server.ServerThread) cs (9c:4e:20:c8:b0:f1) does not require the watchdog
01-28 17:54:58.621 I/MediaUploader(  555): No need to wake up
01-28 17:54:58.631 I/System.out(  684): Location: unknown | WiFiNavigator running:false
01-28 17:54:58.631 I/System.out(  684): Battery level: 93 | Time difference: -1
01-28 17:54:58.731 D/dalvikvm(  704): GC_CONCURRENT freed 454K, 55% free 2547K/5639K, external 0K/0K, paused 2ms+31ms
01-28 17:54:58.751 D/dalvikvm(  319): GC_CONCURRENT freed 506K, 53% free 2883K/6087K, external 0K/512K, paused 2ms+6ms
01-28 17:54:58.761 V/NotificationService(  163): Active profile: Default
01-28 17:54:58.761 I/PROFILE (  163): Group: Gmail containing : com.cyanogenmod.stats : false
01-28 17:54:58.761 I/PROFILE (  163): Group: Phone containing : com.cyanogenmod.stats : false
01-28 17:54:58.761 I/PROFILE (  163): Group: Calendar containing : com.cyanogenmod.stats : false
01-28 17:54:58.761 I/PROFILE (  163): Group: Email containing : com.cyanogenmod.stats : false
01-28 17:54:58.761 I/PROFILE (  163): Group: SMS containing : com.cyanogenmod.stats : false
01-28 17:54:58.761 V/ProfileManager(  163): No active group, returning default: Other
01-28 17:54:58.761 V/NotificationService(  163): Pkg: com.cyanogenmod.stats group: Other
01-28 17:54:58.761 D/CMStats (  704): Prompting user for opt-in.
01-28 17:54:58.941 D/dalvikvm(  163): GC_CONCURRENT freed 541K, 49% free 4853K/9415K, external 35K/547K, paused 2ms+4ms
01-28 17:54:58.981 D/GpsLocationProvider(  163): NTP server returned: 1390931563484 (Tue Jan 28 17:52:43 GMT 2014) reference: 1539307 certainty: 41 system time offset: -135495
01-28 17:54:58.991 D/lib_locapi(  163): loc_eng_inject_time, uncertainty = 41
01-28 17:54:58.991 D/lib_locapi(  163): loc_eng_inject_time failed
01-28 17:55:01.644 I/System.out(  684): Location: unknown | WiFiNavigator running:false
01-28 17:55:01.644 I/System.out(  684): Battery level: 93 | Time difference: -1
01-28 17:55:04.637 I/System.out(  684): Location: unknown | WiFiNavigator running:false
01-28 17:55:04.637 I/System.out(  684): Battery level: 93 | Time difference: -1
01-28 17:55:05.107 D/dalvikvm(  271): GC_EXPLICIT freed 271K, 55% free 3033K/6663K, external 3435K/4264K, paused 61ms
01-28 17:55:07.640 I/System.out(  684): Location: unknown | WiFiNavigator running:false
01-28 17:55:07.640 I/System.out(  684): Battery level: 93 | Time difference: -1
01-28 17:55:10.122 D/dalvikvm(  390): GC_EXPLICIT freed 310K, 56% free 2519K/5703K, external 0K/0K, paused 77ms
01-28 17:55:10.643 I/System.out(  684): Location: unknown | WiFiNavigator running:false
01-28 17:55:10.643 I/System.out(  684): Battery level: 93 | Time difference: -1
01-28 17:55:13.646 I/System.out(  684): Location: no CS school | WiFiNavigator running:true
01-28 17:55:13.646 I/System.out(  684): Battery level: 93 | Time difference: -1
01-28 17:55:16.639 I/System.out(  684): Location: no CS school | WiFiNavigator running:true
01-28 17:55:16.639 I/System.out(  684): Battery level: 93 | Time difference: -1
01-28 17:55:17.129 D/dalvikvm(  684): GC_CONCURRENT freed 369K, 55% free 2582K/5639K, external 32K/519K, paused 3ms+5ms
01-28 17:55:19.641 I/System.out(  684): Location: no CS school | WiFiNavigator running:true
01-28 17:55:19.641 I/System.out(  684): Battery level: 93 | Time difference: -1
01-28 17:55:20.272 D/dalvikvm(  578): Debugger has detached; object registry had 1 entries
01-28 17:55:20.272 D/dalvikvm(  234): Debugger has detached; object registry had 1 entries
01-28 17:55:20.272 D/dalvikvm(  163): Debugger has detached; object registry had 1 entries
01-28 17:55:20.272 D/dalvikvm(  319): Debugger has detached; object registry had 1 entries
01-28 17:55:20.272 D/dalvikvm(  256): Debugger has detached; object registry had 1 entries
01-28 17:55:20.282 D/dalvikvm(  249): Debugger has detached; object registry had 1 entries
01-28 17:55:20.282 D/dalvikvm(  684): Debugger has detached; object registry had 1 entries
01-28 17:55:20.282 D/dalvikvm(  251): Debugger has detached; object registry had 1 entries
01-28 17:55:20.292 W/Vold    (  111): Ignoring unknown switch 'usb_connected'
01-28 17:55:20.292 D/Vold    (  111): USB disconnected
01-28 17:55:20.292 D/Vold    (  111): Share method ums now unavailable
01-28 17:55:20.292 I/StorageNotification(  234): UMS connection changed to false (media state mounted)
01-28 17:55:20.362 D/dalvikvm(  512): Debugger has detached; object registry had 1 entries
01-28 17:55:20.382 D/dalvikvm(  415): Debugger has detached; object registry had 1 entries
01-28 17:55:20.392 D/dalvikvm(  547): Debugger has detached; object registry had 1 entries
01-28 17:55:20.412 D/SettingsAppWidgetProvider(  578): Widget is from a previous version... Let's update
01-28 17:55:20.412 D/SettingsAppWidgetProvider(  578): No instances yet... Wait for at least one instance to exist before adding global settings
01-28 17:55:20.412 D/WifiService(  163): ACTION_BATTERY_CHANGED pluggedType: 0
01-28 17:55:20.422 D/dalvikvm(  503): Debugger has detached; object registry had 1 entries
01-28 17:55:20.432 D/dalvikvm(  555): Debugger has detached; object registry had 1 entries
01-28 17:55:20.442 D/dalvikvm(  535): Debugger has detached; object registry had 1 entries
01-28 17:55:20.442 D/dalvikvm(  494): Debugger has detached; object registry had 1 entries
01-28 17:55:20.442 D/dalvikvm(  390): Debugger has detached; object registry had 1 entries
01-28 17:55:20.442 D/dalvikvm(  271): Debugger has detached; object registry had 1 entries
01-28 17:55:20.442 D/dalvikvm(  362): Debugger has detached; object registry had 1 entries
01-28 17:55:20.442 D/dalvikvm(  631): Debugger has detached; object registry had 1 entries
01-28 17:55:20.442 D/dalvikvm(  641): Debugger has detached; object registry had 1 entries
01-28 17:55:20.442 D/dalvikvm(  651): Debugger has detached; object registry had 1 entries
01-28 17:55:20.442 D/dalvikvm(  662): Debugger has detached; object registry had 1 entries
01-28 17:55:20.442 D/dalvikvm(  704): Debugger has detached; object registry had 1 entries
01-28 17:55:21.313 D/Tethering(  163): InitialState.processMessage what=4
01-28 17:55:21.323 D/Tethering(  163): sendTetherStateChangedBroadcast 0, 0, 0
01-28 17:55:22.654 I/System.out(  684): Location: no CS school | WiFiNavigator running:true
01-28 17:55:22.664 I/System.out(  684): Battery level: 93 | Time difference: -1
01-28 17:55:24.176 D/dalvikvm(  684): GC_CONCURRENT freed 427K, 55% free 2571K/5703K, external 32K/519K, paused 3ms+3ms
01-28 17:55:25.647 I/System.out(  684): Location: no CS school | WiFiNavigator running:true
01-28 17:55:25.647 I/System.out(  684): Battery level: 93 | Time difference: -1
01-28 17:55:28.640 I/System.out(  684): Location: no CS school | WiFiNavigator running:false
01-28 17:55:28.640 I/System.out(  684): Battery level: 93 | Time difference: -1
01-28 17:55:31.643 I/System.out(  684): Location: no CS school | WiFiNavigator running:false
01-28 17:55:31.643 I/System.out(  684): Battery level: 93 | Time difference: -1
01-28 17:55:33.455 D/dalvikvm(  494): GC_EXPLICIT freed 340K, 55% free 2513K/5511K, external 0K/0K, paused 88ms
01-28 17:55:34.646 I/System.out(  684): Location: no CS school | WiFiNavigator running:false
01-28 17:55:34.646 I/System.out(  684): Battery level: 93 | Time difference: -1
01-28 17:55:37.649 I/System.out(  684): Location: no CS school | WiFiNavigator running:false
01-28 17:55:37.649 I/System.out(  684): Battery level: 93 | Time difference: -1
01-28 17:55:38.430 D/dalvikvm(  503): GC_EXPLICIT freed 262K, 56% free 2571K/5767K, external 0K/0K, paused 58ms
01-28 17:55:40.642 I/System.out(  684): Location: no CS school | WiFiNavigator running:false
01-28 17:55:40.642 I/System.out(  684): Battery level: 93 | Time difference: -1
01-28 17:55:43.645 I/System.out(  684): Location: no CS school | WiFiNavigator running:false
01-28 17:55:43.645 I/System.out(  684): Battery level: 93 | Time difference: -1
01-28 17:55:43.715 D/dalvikvm(  555): GC_EXPLICIT freed 50K, 55% free 2529K/5575K, external 0K/0K, paused 48ms
01-28 17:55:46.648 I/System.out(  684): Location: no CS school | WiFiNavigator running:false
01-28 17:55:46.648 I/System.out(  684): Battery level: 93 | Time difference: -1
01-28 17:55:48.750 D/dalvikvm(  362): GC_EXPLICIT freed 46K, 54% free 2624K/5639K, external 0K/0K, paused 92ms
01-28 17:55:49.641 I/System.out(  684): Location: no CS school | WiFiNavigator running:false
01-28 17:55:49.641 I/System.out(  684): Battery level: 93 | Time difference: -1
01-28 17:55:52.644 I/System.out(  684): Location: no CS school | WiFiNavigator running:false
01-28 17:55:52.644 I/System.out(  684): Battery level: 93 | Time difference: -1
01-28 17:55:53.755 D/dalvikvm(  415): GC_EXPLICIT freed 30K, 53% free 2755K/5767K, external 0K/0K, paused 81ms
01-28 17:55:55.647 I/System.out(  684): Location: no CS school | WiFiNavigator running:false
01-28 17:55:55.647 I/System.out(  684): Battery level: 93 | Time difference: -1
01-28 17:55:58.650 I/System.out(  684): Location: no CS school | WiFiNavigator running:false
01-28 17:55:58.650 I/System.out(  684): Battery level: 93 | Time difference: -1
01-28 17:56:01.642 I/System.out(  684): Location: no CS school | WiFiNavigator running:false
01-28 17:56:01.642 I/System.out(  684): Battery level: 93 | Time difference: -1
01-28 17:56:04.645 I/System.out(  684): Location: no CS school | WiFiNavigator running:false
01-28 17:56:04.645 I/System.out(  684): Battery level: 93 | Time difference: -1
01-28 17:56:07.648 I/System.out(  684): Location: no CS school | WiFiNavigator running:false
01-28 17:56:07.648 I/System.out(  684): Battery level: 93 | Time difference: -1
01-28 17:56:10.651 I/System.out(  684): Location: no CS school | WiFiNavigator running:false
01-28 17:56:10.651 I/System.out(  684): Battery level: 93 | Time difference: -1
01-28 17:56:13.644 I/System.out(  684): Location: no CS school | WiFiNavigator running:false
01-28 17:56:13.644 I/System.out(  684): Battery level: 93 | Time difference: -1
01-28 17:56:16.647 I/System.out(  684): Location: no CS school | WiFiNavigator running:false
01-28 17:56:16.647 I/System.out(  684): Battery level: 93 | Time difference: -1
01-28 17:56:19.640 I/System.out(  684): Location: no CS school | WiFiNavigator running:false
01-28 17:56:19.640 I/System.out(  684): Battery level: 93 | Time difference: -1
01-28 17:56:22.643 I/System.out(  684): Location: no CS school | WiFiNavigator running:false
01-28 17:56:22.643 I/System.out(  684): Battery level: 93 | Time difference: -1
01-28 17:56:25.646 I/System.out(  684): Location: no CS school | WiFiNavigator running:false
01-28 17:56:25.646 I/System.out(  684): Battery level: 93 | Time difference: -1
01-28 17:56:28.649 I/System.out(  684): Location: no CS school | WiFiNavigator running:false
01-28 17:56:28.649 I/System.out(  684): Battery level: 93 | Time difference: -1
01-28 17:56:31.642 I/System.out(  684): Location: no CS school | WiFiNavigator running:false
01-28 17:56:31.642 I/System.out(  684): Battery level: 93 | Time difference: -1
01-28 17:56:34.484 D/dalvikvm(  684): GC_CONCURRENT freed 421K, 55% free 2578K/5703K, external 32K/519K, paused 2ms+4ms
01-28 17:56:34.645 I/System.out(  684): Location: no CS school | WiFiNavigator running:true
01-28 17:56:34.645 I/System.out(  684): Battery level: 93 | Time difference: -1
01-28 17:56:37.347 D/dalvikvm(  163): GC_CONCURRENT freed 481K, 49% free 4869K/9415K, external 35K/547K, paused 12ms+5ms
01-28 17:56:37.648 I/System.out(  684): Location: no CS school | WiFiNavigator running:true
01-28 17:56:37.648 I/System.out(  684): Battery level: 93 | Time difference: -1
01-28 17:56:40.320 D/dalvikvm(  684): GC_CONCURRENT freed 440K, 56% free 2587K/5767K, external 32K/519K, paused 11ms+3ms
01-28 17:56:40.640 I/System.out(  684): Location: no CS school | WiFiNavigator running:true
01-28 17:56:40.640 I/System.out(  684): Battery level: 93 | Time difference: -1
01-28 17:56:43.653 I/System.out(  684): Location: no CS school | WiFiNavigator running:true
01-28 17:56:43.653 I/System.out(  684): Battery level: 93 | Time difference: -1
01-28 17:56:46.646 I/System.out(  684): Location: no CS school | WiFiNavigator running:true
01-28 17:56:46.646 I/System.out(  684): Battery level: 93 | Time difference: -1
01-28 17:56:47.427 D/dalvikvm(  684): GC_CONCURRENT freed 415K, 56% free 2577K/5767K, external 32K/519K, paused 7ms+2ms
01-28 17:56:49.649 I/System.out(  684): Location: no CS school | WiFiNavigator running:true
01-28 17:56:49.649 I/System.out(  684): Battery level: 93 | Time difference: -1
01-28 17:56:52.642 I/System.out(  684): Location: no CS school | WiFiNavigator running:true
01-28 17:56:52.642 I/System.out(  684): Battery level: 93 | Time difference: -1
01-28 17:56:53.313 D/dalvikvm(  684): GC_CONCURRENT freed 385K, 56% free 2593K/5767K, external 32K/519K, paused 2ms+2ms
01-28 17:56:55.655 I/System.out(  684): Location: no CS school | WiFiNavigator running:true
01-28 17:56:55.655 I/System.out(  684): Battery level: 93 | Time difference: -1
01-28 17:56:58.648 I/System.out(  684): Location: no CS school | WiFiNavigator running:true
01-28 17:56:58.648 I/System.out(  684): Battery level: 93 | Time difference: -1
01-28 17:56:59.259 D/dalvikvm(  684): GC_CONCURRENT freed 401K, 55% free 2611K/5767K, external 32K/519K, paused 6ms+2ms
01-28 17:57:01.651 I/System.out(  684): Location: no CS school | WiFiNavigator running:true
01-28 17:57:01.651 I/System.out(  684): Battery level: 93 | Time difference: -1
01-28 17:57:04.654 I/System.out(  684): Location: no CS school | WiFiNavigator running:true
01-28 17:57:04.654 I/System.out(  684): Battery level: 93 | Time difference: -1
01-28 17:57:06.336 D/dalvikvm(  163): GC_CONCURRENT freed 459K, 48% free 4900K/9415K, external 35K/547K, paused 9ms+7ms
01-28 17:57:06.496 D/dalvikvm(  684): GC_CONCURRENT freed 505K, 56% free 2587K/5767K, external 32K/519K, paused 7ms+4ms
01-28 17:57:07.647 I/System.out(  684): Location: no CS school | WiFiNavigator running:true
01-28 17:57:07.647 I/System.out(  684): Battery level: 93 | Time difference: -1
01-28 17:57:10.650 I/System.out(  684): Location: no CS school | WiFiNavigator running:true
01-28 17:57:10.650 I/System.out(  684): Battery level: 93 | Time difference: -1
01-28 17:57:13.643 I/System.out(  684): Location: no CS school | WiFiNavigator running:true
01-28 17:57:13.643 I/System.out(  684): Battery level: 93 | Time difference: -1
01-28 17:57:14.534 D/dalvikvm(  684): GC_CONCURRENT freed 408K, 56% free 2575K/5767K, external 32K/519K, paused 17ms+1ms
01-28 17:57:16.656 I/System.out(  684): Location: no CS school | WiFiNavigator running:true
01-28 17:57:16.656 I/System.out(  684): Battery level: 93 | Time difference: -1
01-28 17:57:19.649 I/System.out(  684): Location: no CS school | WiFiNavigator running:true
01-28 17:57:19.649 I/System.out(  684): Battery level: 93 | Time difference: -1
01-28 17:57:19.959 D/dalvikvm(  684): GC_CONCURRENT freed 388K, 56% free 2575K/5767K, external 32K/519K, paused 2ms+2ms
01-28 17:57:22.651 I/System.out(  684): Location: no CS school | WiFiNavigator running:false
01-28 17:57:22.651 I/System.out(  684): Battery level: 93 | Time difference: -1
01-28 17:57:25.654 I/System.out(  684): Location: no CS school | WiFiNavigator running:false
01-28 17:57:25.654 I/System.out(  684): Battery level: 93 | Time difference: -1
01-28 17:57:28.657 I/System.out(  684): Location: no CS school | WiFiNavigator running:false
01-28 17:57:28.657 I/System.out(  684): Battery level: 93 | Time difference: -1
01-28 17:57:31.660 I/System.out(  684): Location: no CS school | WiFiNavigator running:false
01-28 17:57:31.660 I/System.out(  684): Battery level: 93 | Time difference: -1
01-28 17:57:34.653 I/System.out(  684): Location: no CS school | WiFiNavigator running:false
01-28 17:57:34.653 I/System.out(  684): Battery level: 93 | Time difference: -1
01-28 17:57:37.656 I/System.out(  684): Location: no CS school | WiFiNavigator running:false
01-28 17:57:37.656 I/System.out(  684): Battery level: 93 | Time difference: -1
01-28 17:57:40.659 I/System.out(  684): Location: no CS school | WiFiNavigator running:false
01-28 17:57:40.659 I/System.out(  684): Battery level: 93 | Time difference: -1
01-28 17:57:41.750 I/wpa_supplicant(  700): CTRL-EVENT-STATE-CHANGE id=0 state=4 BSSID=00:00:00:00:00:00
01-28 17:57:41.750 V/WifiMonitor(  163): Event [CTRL-EVENT-STATE-CHANGE id=0 state=4 BSSID=00:00:00:00:00:00]
01-28 17:57:41.750 V/WifiStateTracker(  163): Changing supplicant state: COMPLETED ==> ASSOCIATED
01-28 17:57:41.760 I/wpa_supplicant(  700): Associated with 9c:4e:20:c8:9e:71
01-28 17:57:41.760 V/WifiMonitor(  163): Event [Associated with 9c:4e:20:c8:9e:71]
01-28 17:57:41.760 I/wpa_supplicant(  700): CTRL-EVENT-EAP-STARTED EAP authentication started
01-28 17:57:41.760 V/WifiMonitor(  163): Event [CTRL-EVENT-EAP-STARTED EAP authentication started]
01-28 17:57:41.770 I/wpa_supplicant(  700): CTRL-EVENT-STATE-CHANGE id=0 state=4 BSSID=00:00:00:00:00:00
01-28 17:57:41.770 V/WifiMonitor(  163): Event [CTRL-EVENT-STATE-CHANGE id=0 state=4 BSSID=00:00:00:00:00:00]
01-28 17:57:41.770 V/WifiStateTracker(  163): Changing supplicant state: ASSOCIATED ==> ASSOCIATED
01-28 17:57:41.780 I/wpa_supplicant(  700): Associated with 9c:4e:20:c8:9e:71
01-28 17:57:41.780 V/WifiMonitor(  163): Event [Associated with 9c:4e:20:c8:9e:71]
01-28 17:57:41.780 I/wpa_supplicant(  700): CTRL-EVENT-EAP-METHOD EAP vendor 0 method 25 (PEAP) selected
01-28 17:57:41.780 V/WifiMonitor(  163): Event [CTRL-EVENT-EAP-METHOD EAP vendor 0 method 25 (PEAP) selected]
01-28 17:57:42.211 I/wpa_supplicant(  700): EAP-MSCHAPV2: Authentication succeeded
01-28 17:57:42.221 I/wpa_supplicant(  700): EAP-TLV: TLV Result - Success - EAP-TLV/Phase2 Completed
01-28 17:57:42.231 I/wpa_supplicant(  700): CTRL-EVENT-EAP-SUCCESS EAP authentication completed successfully
01-28 17:57:42.231 V/WifiMonitor(  163): Event [CTRL-EVENT-EAP-SUCCESS EAP authentication completed successfully]
01-28 17:57:42.231 I/wpa_supplicant(  700): CTRL-EVENT-STATE-CHANGE id=0 state=5 BSSID=00:00:00:00:00:00
01-28 17:57:42.231 V/WifiMonitor(  163): Event [CTRL-EVENT-STATE-CHANGE id=0 state=5 BSSID=00:00:00:00:00:00]
01-28 17:57:42.231 V/WifiStateTracker(  163): Changing supplicant state: ASSOCIATED ==> FOUR_WAY_HANDSHAKE
01-28 17:57:42.261 I/wpa_supplicant(  700): CTRL-EVENT-STATE-CHANGE id=0 state=5 BSSID=00:00:00:00:00:00
01-28 17:57:42.261 V/WifiMonitor(  163): Event [CTRL-EVENT-STATE-CHANGE id=0 state=5 BSSID=00:00:00:00:00:00]
01-28 17:57:42.261 V/WifiStateTracker(  163): Changing supplicant state: FOUR_WAY_HANDSHAKE ==> FOUR_WAY_HANDSHAKE
01-28 17:57:42.261 I/wpa_supplicant(  700): CTRL-EVENT-STATE-CHANGE id=0 state=6 BSSID=00:00:00:00:00:00
01-28 17:57:42.261 V/WifiMonitor(  163): Event [CTRL-EVENT-STATE-CHANGE id=0 state=6 BSSID=00:00:00:00:00:00]
01-28 17:57:42.271 V/WifiStateTracker(  163): Changing supplicant state: FOUR_WAY_HANDSHAKE ==> GROUP_HANDSHAKE
01-28 17:57:42.281 I/wpa_supplicant(  700): WPA: Key negotiation completed with 9c:4e:20:c8:9e:71 [PTK=CCMP GTK=CCMP]
01-28 17:57:42.281 V/WifiMonitor(  163): Event [WPA: Key negotiation completed with 9c:4e:20:c8:9e:71 [PTK=CCMP GTK=CCMP]]
01-28 17:57:42.281 I/wpa_supplicant(  700): CTRL-EVENT-STATE-CHANGE id=0 state=7 BSSID=00:00:00:00:00:00
01-28 17:57:42.281 V/WifiMonitor(  163): Event [CTRL-EVENT-STATE-CHANGE id=0 state=7 BSSID=00:00:00:00:00:00]
01-28 17:57:42.281 V/WifiStateTracker(  163): Changing supplicant state: GROUP_HANDSHAKE ==> COMPLETED
01-28 17:57:42.291 I/wpa_supplicant(  700): CTRL-EVENT-CONNECTED - Connection to 9c:4e:20:c8:9e:71 completed (reauth) [id=0 id_str=]
01-28 17:57:42.291 V/WifiMonitor(  163): Event [CTRL-EVENT-CONNECTED - Connection to 9c:4e:20:c8:9e:71 completed (reauth) [id=0 id_str=]]
01-28 17:57:42.291 V/WifiStateTracker(  163): New network state is CONNECTED
01-28 17:57:42.321 D/WifiWatchdogService(  163): (android.server.ServerThread) cs (9c:4e:20:c8:9e:71) does not require the watchdog
01-28 17:57:42.321 D/ConnectivityService(  163): ConnectivityService::handleConnect() - type = 1
01-28 17:57:42.321 D/ConnectivityService(  163): ConnectivityService::handleConnect() - is failover = false
01-28 17:57:42.321 D/ConnectivityService(  163): ConnectivityService::handleConnect() - type[1] is default, current active default = 1
01-28 17:57:42.331 D/Tethering(  163): MasterInitialState.processMessage what=3
01-28 17:57:42.331 D/GTalkService(  319): ##### Network broadcast (connected=true) type=WIFI, state=CONNECTED
01-28 17:57:42.341 D/CMStats (  704): CONNECTIVITY_ACTION: noConnectivity = false
01-28 17:57:42.341 D/CMStats (  704): CONNECTIVITY_ACTION: starting service
01-28 17:57:42.371 I/MediaUploader(  555): No need to wake up
01-28 17:57:42.481 D/dalvikvm(  319): GC_CONCURRENT freed 525K, 53% free 2870K/6087K, external 0K/512K, paused 7ms+3ms
01-28 17:57:43.652 I/System.out(  684): Location: no CS school | WiFiNavigator running:false
01-28 17:57:43.652 I/System.out(  684): Battery level: 93 | Time difference: -1
01-28 17:57:46.655 I/System.out(  684): Location: no CS school | WiFiNavigator running:false
01-28 17:57:46.655 I/System.out(  684): Battery level: 93 | Time difference: -1
01-28 17:57:47.506 D/dalvikvm(  704): GC_EXPLICIT freed 84K, 56% free 2508K/5639K, external 0K/0K, paused 97ms
01-28 17:57:49.658 I/System.out(  684): Location: no CS school | WiFiNavigator running:false
01-28 17:57:49.658 I/System.out(  684): Battery level: 93 | Time difference: -1
01-28 17:57:52.461 D/dalvikvm(  555): GC_EXPLICIT freed 4K, 55% free 2529K/5575K, external 0K/0K, paused 57ms
01-28 17:57:52.651 I/System.out(  684): Location: no CS school | WiFiNavigator running:false
01-28 17:57:52.651 I/System.out(  684): Battery level: 93 | Time difference: -1
01-28 17:57:55.664 I/System.out(  684): Location: no CS school | WiFiNavigator running:false
01-28 17:57:55.664 I/System.out(  684): Battery level: 93 | Time difference: -1
01-28 17:57:57.505 D/dalvikvm(  362): GC_EXPLICIT freed 22K, 54% free 2619K/5639K, external 0K/0K, paused 88ms
01-28 17:57:58.657 I/System.out(  684): Location: no CS school | WiFiNavigator running:false
01-28 17:57:58.657 I/System.out(  684): Battery level: 93 | Time difference: -1
01-28 17:58:01.650 I/System.out(  684): Location: no CS school | WiFiNavigator running:false
01-28 17:58:01.650 I/System.out(  684): Battery level: 93 | Time difference: -1
01-28 17:58:04.652 I/System.out(  684): Location: no CS school | WiFiNavigator running:false
01-28 17:58:04.652 I/System.out(  684): Battery level: 93 | Time difference: -1
01-28 17:58:07.665 I/System.out(  684): Location: no CS school | WiFiNavigator running:false
01-28 17:58:07.665 I/System.out(  684): Battery level: 93 | Time difference: -1
01-28 17:58:10.658 I/System.out(  684): Location: no CS school | WiFiNavigator running:false
01-28 17:58:10.668 I/System.out(  684): Battery level: 93 | Time difference: -1
01-28 17:58:12.750 D/dalvikvm(  163): GC_CONCURRENT freed 531K, 49% free 4870K/9415K, external 35K/547K, paused 13ms+8ms
01-28 17:58:13.651 I/System.out(  684): Location: no CS school | WiFiNavigator running:true
01-28 17:58:13.651 I/System.out(  684): Battery level: 93 | Time difference: -1
01-28 17:58:14.162 D/dalvikvm(  684): GC_CONCURRENT freed 389K, 56% free 2578K/5767K, external 32K/519K, paused 2ms+4ms
01-28 17:58:16.664 I/System.out(  684): Location: no CS school | WiFiNavigator running:true
01-28 17:58:16.664 I/System.out(  684): Battery level: 93 | Time difference: -1
01-28 17:58:19.667 I/System.out(  684): Location: no CS school | WiFiNavigator running:true
01-28 17:58:19.667 I/System.out(  684): Battery level: 93 | Time difference: -1
01-28 17:58:19.837 D/dalvikvm(  684): GC_CONCURRENT freed 403K, 56% free 2584K/5767K, external 32K/519K, paused 2ms+3ms
01-28 17:58:22.650 I/System.out(  684): Location: no CS school | WiFiNavigator running:true
01-28 17:58:22.650 I/System.out(  684): Battery level: 93 | Time difference: -1
01-28 17:58:25.653 I/System.out(  684): Location: no CS school | WiFiNavigator running:true
01-28 17:58:25.653 I/System.out(  684): Battery level: 93 | Time difference: -1
01-28 17:58:25.673 D/dalvikvm(  684): GC_CONCURRENT freed 412K, 56% free 2587K/5767K, external 32K/519K, paused 6ms+2ms
01-28 17:58:28.666 I/System.out(  684): Location: no CS school | WiFiNavigator running:true
01-28 17:58:28.666 I/System.out(  684): Battery level: 93 | Time difference: -1
01-28 17:58:31.669 I/System.out(  684): Location: no CS school | WiFiNavigator running:true
01-28 17:58:31.669 I/System.out(  684): Battery level: 93 | Time difference: -1
01-28 17:58:32.750 D/dalvikvm(  684): GC_CONCURRENT freed 412K, 56% free 2579K/5767K, external 32K/519K, paused 8ms+2ms
01-28 17:58:34.662 I/System.out(  684): Location: no CS school | WiFiNavigator running:true
01-28 17:58:34.662 I/System.out(  684): Battery level: 93 | Time difference: -1
01-28 17:58:37.665 I/System.out(  684): Location: no CS school | WiFiNavigator running:true
01-28 17:58:37.665 I/System.out(  684): Battery level: 93 | Time difference: -1
01-28 17:58:38.485 D/dalvikvm(  684): GC_CONCURRENT freed 399K, 56% free 2587K/5767K, external 32K/519K, paused 2ms+2ms
01-28 17:58:40.668 I/System.out(  684): Location: no CS school | WiFiNavigator running:true
01-28 17:58:40.668 I/System.out(  684): Battery level: 93 | Time difference: -1
01-28 17:58:43.661 I/System.out(  684): Location: no CS school | WiFiNavigator running:true
01-28 17:58:43.661 I/System.out(  684): Battery level: 93 | Time difference: -1
01-28 17:58:44.812 D/dalvikvm(  163): GC_CONCURRENT freed 450K, 48% free 4916K/9415K, external 35K/547K, paused 12ms+7ms
01-28 17:58:45.412 D/dalvikvm(  684): GC_CONCURRENT freed 372K, 55% free 2611K/5767K, external 32K/519K, paused 7ms+4ms
01-28 17:58:46.663 I/System.out(  684): Location: no CS school | WiFiNavigator running:true
01-28 17:58:46.663 I/System.out(  684): Battery level: 93 | Time difference: -1
01-28 17:58:49.666 I/System.out(  684): Location: no CS school | WiFiNavigator running:true
01-28 17:58:49.666 I/System.out(  684): Battery level: 93 | Time difference: -1
01-28 17:58:51.979 D/dalvikvm(  684): GC_CONCURRENT freed 431K, 56% free 2580K/5767K, external 32K/519K, paused 9ms+3ms
01-28 17:58:52.669 I/System.out(  684): Location: no CS school | WiFiNavigator running:true
01-28 17:58:52.669 I/System.out(  684): Battery level: 93 | Time difference: -1
01-28 17:58:55.662 I/System.out(  684): Location: no CS school | WiFiNavigator running:true
01-28 17:58:55.662 I/System.out(  684): Battery level: 93 | Time difference: -1
01-28 17:58:57.744 D/dalvikvm(  684): GC_CONCURRENT freed 385K, 56% free 2593K/5767K, external 32K/519K, paused 2ms+3ms
01-28 17:58:58.665 I/System.out(  684): Location: no CS school | WiFiNavigator running:true
01-28 17:58:58.665 I/System.out(  684): Battery level: 93 | Time difference: -1
01-28 17:59:01.608 I/wpa_supplicant(  700): CTRL-EVENT-STATE-CHANGE id=0 state=4 BSSID=00:00:00:00:00:00
01-28 17:59:01.618 V/WifiMonitor(  163): Event [CTRL-EVENT-STATE-CHANGE id=0 state=4 BSSID=00:00:00:00:00:00]
01-28 17:59:01.618 V/WifiStateTracker(  163): Changing supplicant state: COMPLETED ==> ASSOCIATED
01-28 17:59:01.628 I/wpa_supplicant(  700): Associated with 9c:4e:20:c8:b0:f1
01-28 17:59:01.628 V/WifiMonitor(  163): Event [Associated with 9c:4e:20:c8:b0:f1]
01-28 17:59:01.628 I/wpa_supplicant(  700): CTRL-EVENT-STATE-CHANGE id=0 state=5 BSSID=00:00:00:00:00:00
01-28 17:59:01.628 V/WifiMonitor(  163): Event [CTRL-EVENT-STATE-CHANGE id=0 state=5 BSSID=00:00:00:00:00:00]
01-28 17:59:01.638 V/WifiStateTracker(  163): Changing supplicant state: ASSOCIATED ==> FOUR_WAY_HANDSHAKE
01-28 17:59:01.668 I/System.out(  684): Location: no CS school | WiFiNavigator running:false
01-28 17:59:01.668 I/System.out(  684): Battery level: 93 | Time difference: -1
01-28 17:59:01.678 I/wpa_supplicant(  700): CTRL-EVENT-STATE-CHANGE id=0 state=4 BSSID=00:00:00:00:00:00
01-28 17:59:01.678 V/WifiMonitor(  163): Event [CTRL-EVENT-STATE-CHANGE id=0 state=4 BSSID=00:00:00:00:00:00]
01-28 17:59:01.688 V/WifiStateTracker(  163): Changing supplicant state: FOUR_WAY_HANDSHAKE ==> ASSOCIATED
01-28 17:59:01.688 I/wpa_supplicant(  700): Associated with 9c:4e:20:c8:b0:f1
01-28 17:59:01.688 V/WifiMonitor(  163): Event [Associated with 9c:4e:20:c8:b0:f1]
01-28 17:59:03.610 I/wpa_supplicant(  700): CTRL-EVENT-STATE-CHANGE id=0 state=5 BSSID=00:00:00:00:00:00
01-28 17:59:03.610 V/WifiMonitor(  163): Event [CTRL-EVENT-STATE-CHANGE id=0 state=5 BSSID=00:00:00:00:00:00]
01-28 17:59:03.620 V/WifiStateTracker(  163): Changing supplicant state: ASSOCIATED ==> FOUR_WAY_HANDSHAKE
01-28 17:59:04.661 I/System.out(  684): Location: no CS school | WiFiNavigator running:false
01-28 17:59:04.661 I/System.out(  684): Battery level: 93 | Time difference: -1
01-28 17:59:05.612 I/wpa_supplicant(  700): CTRL-EVENT-STATE-CHANGE id=0 state=5 BSSID=00:00:00:00:00:00
01-28 17:59:05.612 V/WifiMonitor(  163): Event [CTRL-EVENT-STATE-CHANGE id=0 state=5 BSSID=00:00:00:00:00:00]
01-28 17:59:05.612 V/WifiStateTracker(  163): Changing supplicant state: FOUR_WAY_HANDSHAKE ==> FOUR_WAY_HANDSHAKE
01-28 17:59:07.614 I/wpa_supplicant(  700): CTRL-EVENT-DISCONNECTED - Disconnect event - remove keys
01-28 17:59:07.614 V/WifiMonitor(  163): Event [CTRL-EVENT-DISCONNECTED - Disconnect event - remove keys]
01-28 17:59:07.614 V/WifiStateTracker(  163): New network state is DISCONNECTED
01-28 17:59:07.614 I/wpa_supplicant(  700): CTRL-EVENT-STATE-CHANGE id=0 state=0 BSSID=00:00:00:00:00:00
01-28 17:59:07.614 V/WifiMonitor(  163): Event [CTRL-EVENT-STATE-CHANGE id=0 state=0 BSSID=00:00:00:00:00:00]
01-28 17:59:07.624 V/WifiStateTracker(  163): Changing supplicant state: FOUR_WAY_HANDSHAKE ==> DISCONNECTED
