01-28 18:11:28.737 I/System.out(  684): Battery level: 90 | Time difference: -1
01-28 18:11:31.740 I/System.out(  684): Location: no CS school | WiFiNavigator running:false
01-28 18:11:31.740 I/System.out(  684): Battery level: 90 | Time difference: -1
01-28 18:11:34.733 I/System.out(  684): Location: no CS school | WiFiNavigator running:true
01-28 18:11:34.733 I/System.out(  684): Battery level: 90 | Time difference: -1
01-28 18:11:34.863 D/dalvikvm(  684): GC_CONCURRENT freed 377K, 56% free 2589K/5831K, external 32K/519K, paused 2ms+3ms
01-28 18:11:37.736 I/System.out(  684): Location: no CS school | WiFiNavigator running:true
01-28 18:11:37.736 I/System.out(  684): Battery level: 90 | Time difference: -1
01-28 18:11:39.147 D/dalvikvm(  684): GC_FOR_MALLOC freed 339K, 56% free 2587K/5831K, external 32K/519K, paused 42ms
01-28 18:11:40.739 I/System.out(  684): Location: no CS school | WiFiNavigator running:true
01-28 18:11:40.739 I/System.out(  684): Battery level: 90 | Time difference: -1
01-28 18:11:43.742 I/System.out(  684): Location: no CS school | WiFiNavigator running:true
01-28 18:11:43.742 I/System.out(  684): Battery level: 90 | Time difference: -1
01-28 18:11:44.532 D/dalvikvm(  684): GC_CONCURRENT freed 380K, 56% free 2612K/5831K, external 32K/519K, paused 7ms+2ms
01-28 18:11:46.744 I/System.out(  684): Location: no CS school | WiFiNavigator running:true
01-28 18:11:46.744 I/System.out(  684): Battery level: 90 | Time difference: -1
01-28 18:11:49.747 I/System.out(  684): Location: no CS school | WiFiNavigator running:true
01-28 18:11:49.747 I/System.out(  684): Battery level: 90 | Time difference: -1
01-28 18:11:51.269 D/dalvikvm(  684): GC_CONCURRENT freed 433K, 56% free 2576K/5831K, external 32K/519K, paused 21ms+4ms
01-28 18:11:52.740 I/System.out(  684): Location: no CS school | WiFiNavigator running:true
01-28 18:11:52.740 I/System.out(  684): Battery level: 90 | Time difference: -1
01-28 18:11:55.743 I/System.out(  684): Location: no CS school | WiFiNavigator running:true
01-28 18:11:55.743 I/System.out(  684): Battery level: 90 | Time difference: -1
01-28 18:11:56.944 D/dalvikvm(  684): GC_CONCURRENT freed 385K, 56% free 2578K/5831K, external 32K/519K, paused 2ms+3ms
01-28 18:11:58.446 D/dalvikvm(  163): GC_CONCURRENT freed 478K, 48% free 4933K/9415K, external 35K/547K, paused 11ms+6ms
01-28 18:11:58.746 I/System.out(  684): Location: no CS school | WiFiNavigator running:true
01-28 18:11:58.746 I/System.out(  684): Battery level: 90 | Time difference: -1
01-28 18:12:01.749 I/System.out(  684): Location: no CS school | WiFiNavigator running:true
01-28 18:12:01.749 I/System.out(  684): Battery level: 90 | Time difference: -1
01-28 18:12:02.770 D/dalvikvm(  684): GC_CONCURRENT freed 385K, 56% free 2578K/5831K, external 32K/519K, paused 2ms+3ms
01-28 18:12:04.742 I/System.out(  684): Location: no CS school | WiFiNavigator running:true
01-28 18:12:04.742 I/System.out(  684): Battery level: 90 | Time difference: -1
01-28 18:12:07.745 I/System.out(  684): Location: no CS school | WiFiNavigator running:true
01-28 18:12:07.745 I/System.out(  684): Battery level: 90 | Time difference: -1
01-28 18:12:08.165 D/dalvikvm(  684): GC_CONCURRENT freed 388K, 56% free 2580K/5831K, external 32K/519K, paused 2ms+2ms
01-28 18:12:10.748 I/System.out(  684): Location: no CS school | WiFiNavigator running:true
01-28 18:12:10.748 I/System.out(  684): Battery level: 90 | Time difference: -1
01-28 18:12:13.571 D/dalvikvm(  684): GC_CONCURRENT freed 413K, 56% free 2583K/5831K, external 32K/519K, paused 2ms+2ms
01-28 18:12:13.741 I/System.out(  684): Location: no CS school | WiFiNavigator running:true
01-28 18:12:13.741 I/System.out(  684): Battery level: 90 | Time difference: -1
01-28 18:12:16.744 I/System.out(  684): Location: no CS school | WiFiNavigator running:true
01-28 18:12:16.744 I/System.out(  684): Battery level: 90 | Time difference: -1
01-28 18:12:19.106 D/dalvikvm(  684): GC_CONCURRENT freed 387K, 56% free 2581K/5831K, external 32K/519K, paused 2ms+2ms
01-28 18:12:19.747 I/System.out(  684): Location: no CS school | WiFiNavigator running:true
01-28 18:12:19.747 I/System.out(  684): Battery level: 90 | Time difference: -1
01-28 18:12:22.750 I/System.out(  684): Location: no CS school | WiFiNavigator running:false
01-28 18:12:22.750 I/System.out(  684): Battery level: 90 | Time difference: -1
01-28 18:12:25.743 I/System.out(  684): Location: no CS school | WiFiNavigator running:false
01-28 18:12:25.743 I/System.out(  684): Battery level: 90 | Time difference: -1
01-28 18:12:28.745 I/System.out(  684): Location: no CS school | WiFiNavigator running:false
01-28 18:12:28.745 I/System.out(  684): Battery level: 90 | Time difference: -1
01-28 18:12:31.748 I/System.out(  684): Location: no CS school | WiFiNavigator running:false
01-28 18:12:31.748 I/System.out(  684): Battery level: 90 | Time difference: -1
01-28 18:12:34.741 I/System.out(  684): Location: no CS school | WiFiNavigator running:false
01-28 18:12:34.741 I/System.out(  684): Battery level: 90 | Time difference: -1
01-28 18:12:37.744 I/System.out(  684): Location: no CS school | WiFiNavigator running:false
01-28 18:12:37.744 I/System.out(  684): Battery level: 90 | Time difference: -1
01-28 18:12:40.747 I/System.out(  684): Location: no CS school | WiFiNavigator running:false
01-28 18:12:40.747 I/System.out(  684): Battery level: 90 | Time difference: -1
01-28 18:12:42.899 I/wpa_supplicant(  700): CTRL-EVENT-STATE-CHANGE id=0 state=4 BSSID=00:00:00:00:00:00
01-28 18:12:42.899 V/WifiMonitor(  163): Event [CTRL-EVENT-STATE-CHANGE id=0 state=4 BSSID=00:00:00:00:00:00]
01-28 18:12:42.899 V/WifiStateTracker(  163): Changing supplicant state: COMPLETED ==> ASSOCIATED
01-28 18:12:42.919 I/wpa_supplicant(  700): Associated with 9c:4e:20:c8:9e:71
01-28 18:12:42.919 V/WifiMonitor(  163): Event [Associated with 9c:4e:20:c8:9e:71]
01-28 18:12:42.919 I/wpa_supplicant(  700): CTRL-EVENT-EAP-STARTED EAP authentication started
01-28 18:12:42.919 V/WifiMonitor(  163): Event [CTRL-EVENT-EAP-STARTED EAP authentication started]
01-28 18:12:42.929 I/wpa_supplicant(  700): CTRL-EVENT-EAP-METHOD EAP vendor 0 method 25 (PEAP) selected
01-28 18:12:42.929 V/WifiMonitor(  163): Event [CTRL-EVENT-EAP-METHOD EAP vendor 0 method 25 (PEAP) selected]
01-28 18:12:42.999 I/wpa_supplicant(  700): CTRL-EVENT-STATE-CHANGE id=0 state=4 BSSID=00:00:00:00:00:00
01-28 18:12:42.999 V/WifiMonitor(  163): Event [CTRL-EVENT-STATE-CHANGE id=0 state=4 BSSID=00:00:00:00:00:00]
01-28 18:12:42.999 I/wpa_supplicant(  700): Associated with 9c:4e:20:c8:9e:71
01-28 18:12:42.999 V/WifiMonitor(  163): Event [Associated with 9c:4e:20:c8:9e:71]
01-28 18:12:42.999 I/wpa_supplicant(  700): CTRL-EVENT-EAP-METHOD EAP vendor 0 method 25 (PEAP) selected
01-28 18:12:43.009 V/WifiMonitor(  163): Event [CTRL-EVENT-EAP-METHOD EAP vendor 0 method 25 (PEAP) selected]
01-28 18:12:43.009 I/wpa_supplicant(  700): SSL: SSL3 alert: write (local SSL3 detected an error):fatal:protocol version
01-28 18:12:43.009 I/wpa_supplicant(  700): OpenSSL: tls_connection_handshake - SSL_connect error:1408F10B:SSL routines:SSL3_GET_RECORD:wrong version number
01-28 18:12:43.009 V/WifiStateTracker(  163): Changing supplicant state: ASSOCIATED ==> ASSOCIATED
01-28 18:12:43.740 I/System.out(  684): Location: no CS school | WiFiNavigator running:false
01-28 18:12:43.740 I/System.out(  684): Battery level: 90 | Time difference: -1
01-28 18:12:45.011 I/wpa_supplicant(  700): CTRL-EVENT-EAP-FAILURE EAP authentication failed
01-28 18:12:45.011 V/WifiMonitor(  163): Event [CTRL-EVENT-EAP-FAILURE EAP authentication failed]
01-28 18:12:45.021 I/wpa_supplicant(  700): CTRL-EVENT-DISCONNECTED - Disconnect event - remove keys
01-28 18:12:45.021 V/WifiMonitor(  163): Event [CTRL-EVENT-DISCONNECTED - Disconnect event - remove keys]
01-28 18:12:45.021 V/WifiStateTracker(  163): New network state is DISCONNECTED
01-28 18:12:45.031 I/wpa_supplicant(  700): CTRL-EVENT-STATE-CHANGE id=0 state=0 BSSID=00:00:00:00:00:00
01-28 18:12:45.031 V/WifiMonitor(  163): Event [CTRL-EVENT-STATE-CHANGE id=0 state=0 BSSID=00:00:00:00:00:00]
01-28 18:12:45.031 V/WifiStateTracker(  163): Changing supplicant state: ASSOCIATED ==> DISCONNECTED
01-28 18:12:45.121 I/wpa_supplicant(  700): CTRL-EVENT-STATE-CHANGE id=0 state=2 BSSID=00:00:00:00:00:00
01-28 18:12:45.121 V/WifiMonitor(  163): Event [CTRL-EVENT-STATE-CHANGE id=0 state=2 BSSID=00:00:00:00:00:00]
01-28 18:12:45.121 V/WifiStateTracker(  163): Changing supplicant state: DISCONNECTED ==> SCANNING
01-28 18:12:45.702 I/wpa_supplicant(  700): Trying to associate with 9c:4e:20:c8:9e:71 (SSID='cs' freq=2472 MHz)
01-28 18:12:45.712 I/wpa_supplicant(  700): CTRL-EVENT-STATE-CHANGE id=0 state=3 BSSID=9c:4e:20:c8:9e:71
01-28 18:12:45.732 V/WifiMonitor(  163): Event [Trying to associate with 9c:4e:20:c8:9e:71 (SSID='cs' freq=2472 MHz)]
01-28 18:12:45.732 V/WifiMonitor(  163): Event [CTRL-EVENT-STATE-CHANGE id=0 state=3 BSSID=9c:4e:20:c8:9e:71]
01-28 18:12:45.742 I/wpa_supplicant(  700): CTRL-EVENT-STATE-CHANGE id=0 state=4 BSSID=9c:4e:20:c8:9e:71
01-28 18:12:45.742 V/WifiMonitor(  163): Event [CTRL-EVENT-STATE-CHANGE id=0 state=4 BSSID=9c:4e:20:c8:9e:71]
01-28 18:12:45.742 I/wpa_supplicant(  700): Associated with 9c:4e:20:c8:9e:71
01-28 18:12:45.752 V/WifiMonitor(  163): Event [Associated with 9c:4e:20:c8:9e:71]
01-28 18:12:45.752 V/WifiStateTracker(  163): Changing supplicant state: SCANNING ==> ASSOCIATING
01-28 18:12:45.762 V/WifiStateTracker(  163): Changing supplicant state: ASSOCIATING ==> ASSOCIATED
01-28 18:12:45.762 I/wpa_supplicant(  700): CTRL-EVENT-STATE-CHANGE id=0 state=5 BSSID=00:00:00:00:00:00
01-28 18:12:45.762 V/WifiMonitor(  163): Event [CTRL-EVENT-STATE-CHANGE id=0 state=5 BSSID=00:00:00:00:00:00]
01-28 18:12:45.762 V/WifiStateTracker(  163): Changing supplicant state: ASSOCIATED ==> FOUR_WAY_HANDSHAKE
01-28 18:12:45.772 I/wpa_supplicant(  700): CTRL-EVENT-STATE-CHANGE id=0 state=5 BSSID=00:00:00:00:00:00
01-28 18:12:45.782 I/wpa_supplicant(  700): CTRL-EVENT-STATE-CHANGE id=0 state=6 BSSID=00:00:00:00:00:00
01-28 18:12:45.782 V/WifiMonitor(  163): Event [CTRL-EVENT-STATE-CHANGE id=0 state=5 BSSID=00:00:00:00:00:00]
01-28 18:12:45.782 V/WifiStateTracker(  163): Changing supplicant state: FOUR_WAY_HANDSHAKE ==> FOUR_WAY_HANDSHAKE
01-28 18:12:45.792 V/WifiMonitor(  163): Event [CTRL-EVENT-STATE-CHANGE id=0 state=6 BSSID=00:00:00:00:00:00]
01-28 18:12:45.792 V/WifiStateTracker(  163): Changing supplicant state: FOUR_WAY_HANDSHAKE ==> GROUP_HANDSHAKE
01-28 18:12:45.792 I/wpa_supplicant(  700): WPA: Key negotiation completed with 9c:4e:20:c8:9e:71 [PTK=CCMP GTK=CCMP]
01-28 18:12:45.792 V/WifiMonitor(  163): Event [WPA: Key negotiation completed with 9c:4e:20:c8:9e:71 [PTK=CCMP GTK=CCMP]]
01-28 18:12:45.802 I/wpa_supplicant(  700): CTRL-EVENT-STATE-CHANGE id=0 state=7 BSSID=00:00:00:00:00:00
01-28 18:12:45.802 V/WifiMonitor(  163): Event [CTRL-EVENT-STATE-CHANGE id=0 state=7 BSSID=00:00:00:00:00:00]
01-28 18:12:45.802 V/WifiStateTracker(  163): Changing supplicant state: GROUP_HANDSHAKE ==> COMPLETED
01-28 18:12:45.802 I/wpa_supplicant(  700): CTRL-EVENT-CONNECTED - Connection to 9c:4e:20:c8:9e:71 completed (reauth) [id=0 id_str=]
01-28 18:12:45.802 V/WifiMonitor(  163): Event [CTRL-EVENT-CONNECTED - Connection to 9c:4e:20:c8:9e:71 completed (reauth) [id=0 id_str=]]
01-28 18:12:45.802 V/WifiStateTracker(  163): New network state is CONNECTED
01-28 18:12:45.802 D/WifiStateTracker(  163): Reset connections and stopping DHCP
01-28 18:12:45.912 D/dalvikvm(  163): GC_CONCURRENT freed 520K, 48% free 4928K/9415K, external 35K/547K, paused 3ms+8ms
01-28 18:12:46.743 I/System.out(  684): Location: no CS school | WiFiNavigator running:false
01-28 18:12:46.743 I/System.out(  684): Battery level: 90 | Time difference: -1
01-28 18:12:46.833 D/WifiStateTracker(  163): DhcpHandler: DHCP request started
01-28 18:12:48.845 V/WifiStateTracker(  163): DhcpHandler: DHCP request succeeded
01-28 18:12:48.865 V/WifiStateTracker(  163): IP configuration: ipaddr 138.251.207.56 gateway 138.251.207.1 netmask 255.255.255.0 dns1 138.251.206.2 dns2 138.251.206.3 DHCP server 138.251.206.25 lease 7200 seconds
01-28 18:12:48.865 D/ConnectivityService(  163): ConnectivityService::handleConnect() - type = 1
01-28 18:12:48.865 D/ConnectivityService(  163): ConnectivityService::handleConnect() - is failover = false
01-28 18:12:48.865 D/ConnectivityService(  163): ConnectivityService::handleConnect() - type[1] is default, current active default = 1
01-28 18:12:48.885 D/WifiWatchdogService(  163): (android.server.ServerThread) cs (9c:4e:20:c8:9e:71) does not require the watchdog
01-28 18:12:48.895 D/GTalkService(  319): ##### Network broadcast (connected=true) type=WIFI, state=CONNECTED
01-28 18:12:48.905 D/Tethering(  163): MasterInitialState.processMessage what=3
01-28 18:12:48.915 D/CMStats (  704): CONNECTIVITY_ACTION: noConnectivity = false
01-28 18:12:48.915 D/CMStats (  704): CONNECTIVITY_ACTION: starting service
01-28 18:12:48.955 I/MediaUploader(  555): No need to wake up
01-28 18:12:49.075 D/dalvikvm(  319): GC_CONCURRENT freed 443K, 53% free 2878K/6087K, external 0K/512K, paused 4ms+3ms
01-28 18:12:49.746 I/System.out(  684): Location: no CS school | WiFiNavigator running:false
01-28 18:12:49.746 I/System.out(  684): Battery level: 90 | Time difference: -1
01-28 18:12:52.749 I/System.out(  684): Location: no CS school | WiFiNavigator running:false
01-28 18:12:52.749 I/System.out(  684): Battery level: 90 | Time difference: -1
01-28 18:12:54.130 D/dalvikvm(  555): GC_EXPLICIT freed 4K, 55% free 2529K/5575K, external 0K/0K, paused 87ms
01-28 18:12:55.742 I/System.out(  684): Location: no CS school | WiFiNavigator running:false
01-28 18:12:55.742 I/System.out(  684): Battery level: 90 | Time difference: -1
01-28 18:12:58.745 I/System.out(  684): Location: no CS school | WiFiNavigator running:false
01-28 18:12:58.745 I/System.out(  684): Battery level: 90 | Time difference: -1
01-28 18:12:59.115 D/dalvikvm(  362): GC_EXPLICIT freed 17K, 54% free 2619K/5639K, external 0K/0K, paused 68ms
01-28 18:13:01.748 I/System.out(  684): Location: no CS school | WiFiNavigator running:false
01-28 18:13:01.748 I/System.out(  684): Battery level: 90 | Time difference: -1
01-28 18:13:04.741 I/System.out(  684): Location: no CS school | WiFiNavigator running:true
01-28 18:13:04.741 I/System.out(  684): Battery level: 90 | Time difference: -1
01-28 18:13:04.961 D/dalvikvm(  684): GC_CONCURRENT freed 409K, 56% free 2592K/5831K, external 32K/519K, paused 7ms+2ms
01-28 18:13:07.744 I/System.out(  684): Location: no CS school | WiFiNavigator running:true
01-28 18:13:07.744 I/System.out(  684): Battery level: 90 | Time difference: -1
01-28 18:13:10.746 I/System.out(  684): Location: no CS school | WiFiNavigator running:true
01-28 18:13:10.746 I/System.out(  684): Battery level: 90 | Time difference: -1
01-28 18:13:10.837 D/dalvikvm(  684): GC_CONCURRENT freed 403K, 56% free 2573K/5831K, external 32K/519K, paused 9ms+2ms
01-28 18:13:13.749 I/System.out(  684): Location: no CS school | WiFiNavigator running:true
01-28 18:13:13.749 I/System.out(  684): Battery level: 90 | Time difference: -1
01-28 18:13:16.742 I/System.out(  684): Location: no CS school | WiFiNavigator running:true
01-28 18:13:16.742 I/System.out(  684): Battery level: 90 | Time difference: -1
01-28 18:13:17.763 D/dalvikvm(  684): GC_CONCURRENT freed 387K, 56% free 2581K/5831K, external 32K/519K, paused 4ms+4ms
01-28 18:13:19.745 I/System.out(  684): Location: no CS school | WiFiNavigator running:true
01-28 18:13:19.745 I/System.out(  684): Battery level: 90 | Time difference: -1
01-28 18:13:20.546 D/dalvikvm(  163): GC_CONCURRENT freed 514K, 48% free 4918K/9415K, external 35K/547K, paused 3ms+4ms
01-28 18:13:22.748 I/System.out(  684): Location: no CS school | WiFiNavigator running:true
01-28 18:13:22.748 I/System.out(  684): Battery level: 90 | Time difference: -1
01-28 18:13:23.369 D/dalvikvm(  684): GC_CONCURRENT freed 397K, 56% free 2581K/5831K, external 32K/519K, paused 1ms+3ms
01-28 18:13:25.741 I/System.out(  684): Location: no CS school | WiFiNavigator running:true
01-28 18:13:25.741 I/System.out(  684): Battery level: 90 | Time difference: -1
01-28 18:13:28.744 I/System.out(  684): Location: no CS school | WiFiNavigator running:true
01-28 18:13:28.744 I/System.out(  684): Battery level: 90 | Time difference: -1
01-28 18:13:28.904 D/dalvikvm(  684): GC_CONCURRENT freed 414K, 56% free 2579K/5831K, external 32K/519K, paused 2ms+2ms
01-28 18:13:30.356 I/System.out(  684): Battery level start is reached
01-28 18:13:30.366 D/WifiService(  163): ACTION_BATTERY_CHANGED pluggedType: 0
01-28 18:13:31.747 I/System.out(  684): Location: no CS school | WiFiNavigator running:true
01-28 18:13:31.747 I/System.out(  684): Battery level: 89 | Time difference: -1
01-28 18:13:34.339 D/dalvikvm(  684): GC_CONCURRENT freed 378K, 56% free 2587K/5831K, external 32K/519K, paused 2ms+2ms
01-28 18:13:34.740 I/System.out(  684): Location: no CS school | WiFiNavigator running:true
01-28 18:13:34.740 I/System.out(  684): Battery level: 89 | Time difference: -1
01-28 18:13:37.743 I/System.out(  684): Location: no CS school | WiFiNavigator running:true
01-28 18:13:37.743 I/System.out(  684): Battery level: 89 | Time difference: -1
01-28 18:13:39.815 D/dalvikvm(  684): GC_CONCURRENT freed 383K, 56% free 2595K/5831K, external 32K/519K, paused 7ms+2ms
01-28 18:13:40.746 I/System.out(  684): Location: no CS school | WiFiNavigator running:true
01-28 18:13:40.746 I/System.out(  684): Battery level: 89 | Time difference: -1
01-28 18:13:43.749 I/System.out(  684): Location: no CS school | WiFiNavigator running:true
01-28 18:13:43.749 I/System.out(  684): Battery level: 89 | Time difference: -1
01-28 18:13:45.110 D/dalvikvm(  684): GC_CONCURRENT freed 402K, 56% free 2579K/5831K, external 32K/519K, paused 2ms+3ms
01-28 18:13:46.581 D/dalvikvm(  163): GC_CONCURRENT freed 455K, 48% free 4964K/9415K, external 35K/547K, paused 3ms+6ms
01-28 18:13:46.742 I/System.out(  684): Location: no CS school | WiFiNavigator running:true
01-28 18:13:46.742 I/System.out(  684): Battery level: 89 | Time difference: -1
01-28 18:13:49.744 I/System.out(  684): Location: no CS school | WiFiNavigator running:true
01-28 18:13:49.744 I/System.out(  684): Battery level: 89 | Time difference: -1
01-28 18:13:50.996 D/dalvikvm(  684): GC_CONCURRENT freed 408K, 56% free 2588K/5831K, external 32K/519K, paused 7ms+4ms
01-28 18:13:52.747 I/System.out(  684): Location: no CS school | WiFiNavigator running:false
01-28 18:13:52.747 I/System.out(  684): Battery level: 89 | Time difference: -1
01-28 18:13:55.750 I/System.out(  684): Location: no CS school | WiFiNavigator running:false
01-28 18:13:55.750 I/System.out(  684): Battery level: 89 | Time difference: -1
01-28 18:13:58.583 D/dalvikvm(  704): GC_EXPLICIT freed 4K, 56% free 2507K/5639K, external 0K/0K, paused 65ms
01-28 18:13:58.753 I/System.out(  684): Location: no CS school | WiFiNavigator running:false
01-28 18:13:58.753 I/System.out(  684): Battery level: 89 | Time difference: -1
01-28 18:14:01.746 I/System.out(  684): Location: no CS school | WiFiNavigator running:false
01-28 18:14:01.746 I/System.out(  684): Battery level: 89 | Time difference: -1
01-28 18:14:04.749 I/System.out(  684): Location: no CS school | WiFiNavigator running:false
01-28 18:14:04.749 I/System.out(  684): Battery level: 89 | Time difference: -1
01-28 18:14:07.752 I/System.out(  684): Location: no CS school | WiFiNavigator running:false
01-28 18:14:07.752 I/System.out(  684): Battery level: 89 | Time difference: -1
01-28 18:14:10.755 I/System.out(  684): Location: no CS school | WiFiNavigator running:false
01-28 18:14:10.755 I/System.out(  684): Battery level: 89 | Time difference: -1
01-28 18:14:13.748 I/System.out(  684): Location: no CS school | WiFiNavigator running:false
01-28 18:14:13.748 I/System.out(  684): Battery level: 89 | Time difference: -1
01-28 18:14:15.560 I/wpa_supplicant(  700): CTRL-EVENT-STATE-CHANGE id=0 state=4 BSSID=00:00:00:00:00:00
01-28 18:14:15.560 V/WifiMonitor(  163): Event [CTRL-EVENT-STATE-CHANGE id=0 state=4 BSSID=00:00:00:00:00:00]
01-28 18:14:15.560 V/WifiStateTracker(  163): Changing supplicant state: COMPLETED ==> ASSOCIATED
01-28 18:14:15.600 I/wpa_supplicant(  700): Associated with 9c:4e:20:c8:b0:f1
01-28 18:14:15.600 V/WifiMonitor(  163): Event [Associated with 9c:4e:20:c8:b0:f1]
01-28 18:14:15.600 I/wpa_supplicant(  700): CTRL-EVENT-EAP-STARTED EAP authentication started
01-28 18:14:15.600 V/WifiMonitor(  163): Event [CTRL-EVENT-EAP-STARTED EAP authentication started]
01-28 18:14:15.610 I/wpa_supplicant(  700): CTRL-EVENT-STATE-CHANGE id=0 state=4 BSSID=00:00:00:00:00:00
01-28 18:14:15.610 V/WifiMonitor(  163): Event [CTRL-EVENT-STATE-CHANGE id=0 state=4 BSSID=00:00:00:00:00:00]
01-28 18:14:15.610 V/WifiStateTracker(  163): Changing supplicant state: ASSOCIATED ==> ASSOCIATED
01-28 18:14:15.610 I/wpa_supplicant(  700): Associated with 9c:4e:20:c8:b0:f1
01-28 18:14:15.610 V/WifiMonitor(  163): Event [Associated with 9c:4e:20:c8:b0:f1]
01-28 18:14:15.610 I/wpa_supplicant(  700): CTRL-EVENT-EAP-METHOD EAP vendor 0 method 25 (PEAP) selected
01-28 18:14:15.620 V/WifiMonitor(  163): Event [CTRL-EVENT-EAP-METHOD EAP vendor 0 method 25 (PEAP) selected]
01-28 18:14:15.960 I/wpa_supplicant(  700): EAP-MSCHAPV2: Authentication succeeded
01-28 18:14:15.960 I/wpa_supplicant(  700): EAP-TLV: TLV Result - Success - EAP-TLV/Phase2 Completed
01-28 18:14:15.970 I/wpa_supplicant(  700): CTRL-EVENT-EAP-SUCCESS EAP authentication completed successfully
01-28 18:14:15.970 V/WifiMonitor(  163): Event [CTRL-EVENT-EAP-SUCCESS EAP authentication completed successfully]
01-28 18:14:15.970 I/wpa_supplicant(  700): CTRL-EVENT-STATE-CHANGE id=0 state=5 BSSID=00:00:00:00:00:00
01-28 18:14:15.970 V/WifiMonitor(  163): Event [CTRL-EVENT-STATE-CHANGE id=0 state=5 BSSID=00:00:00:00:00:00]
01-28 18:14:15.970 V/WifiStateTracker(  163): Changing supplicant state: ASSOCIATED ==> FOUR_WAY_HANDSHAKE
01-28 18:14:16.000 I/wpa_supplicant(  700): CTRL-EVENT-STATE-CHANGE id=0 state=5 BSSID=00:00:00:00:00:00
01-28 18:14:16.000 V/WifiMonitor(  163): Event [CTRL-EVENT-STATE-CHANGE id=0 state=5 BSSID=00:00:00:00:00:00]
01-28 18:14:16.000 V/WifiStateTracker(  163): Changing supplicant state: FOUR_WAY_HANDSHAKE ==> FOUR_WAY_HANDSHAKE
01-28 18:14:16.010 I/wpa_supplicant(  700): CTRL-EVENT-STATE-CHANGE id=0 state=6 BSSID=00:00:00:00:00:00
01-28 18:14:16.010 V/WifiMonitor(  163): Event [CTRL-EVENT-STATE-CHANGE id=0 state=6 BSSID=00:00:00:00:00:00]
01-28 18:14:16.010 V/WifiStateTracker(  163): Changing supplicant state: FOUR_WAY_HANDSHAKE ==> GROUP_HANDSHAKE
01-28 18:14:16.020 I/wpa_supplicant(  700): WPA: Key negotiation completed with 9c:4e:20:c8:b0:f1 [PTK=CCMP GTK=CCMP]
01-28 18:14:16.020 V/WifiMonitor(  163): Event [WPA: Key negotiation completed with 9c:4e:20:c8:b0:f1 [PTK=CCMP GTK=CCMP]]
01-28 18:14:16.020 I/wpa_supplicant(  700): CTRL-EVENT-STATE-CHANGE id=0 state=7 BSSID=00:00:00:00:00:00
01-28 18:14:16.030 V/WifiMonitor(  163): Event [CTRL-EVENT-STATE-CHANGE id=0 state=7 BSSID=00:00:00:00:00:00]
01-28 18:14:16.030 V/WifiStateTracker(  163): Changing supplicant state: GROUP_HANDSHAKE ==> COMPLETED
01-28 18:14:16.030 I/wpa_supplicant(  700): CTRL-EVENT-CONNECTED - Connection to 9c:4e:20:c8:b0:f1 completed (reauth) [id=0 id_str=]
01-28 18:14:16.030 V/WifiMonitor(  163): Event [CTRL-EVENT-CONNECTED - Connection to 9c:4e:20:c8:b0:f1 completed (reauth) [id=0 id_str=]]
01-28 18:14:16.030 V/WifiStateTracker(  163): New network state is CONNECTED
01-28 18:14:16.070 D/ConnectivityService(  163): ConnectivityService::handleConnect() - type = 1
01-28 18:14:16.070 D/ConnectivityService(  163): ConnectivityService::handleConnect() - is failover = false
01-28 18:14:16.070 D/ConnectivityService(  163): ConnectivityService::handleConnect() - type[1] is default, current active default = 1
01-28 18:14:16.090 D/WifiWatchdogService(  163): (android.server.ServerThread) cs (9c:4e:20:c8:b0:f1) does not require the watchdog
01-28 18:14:16.100 D/GTalkService(  319): ##### Network broadcast (connected=true) type=WIFI, state=CONNECTED
01-28 18:14:16.100 D/CMStats (  704): CONNECTIVITY_ACTION: noConnectivity = false
01-28 18:14:16.100 D/CMStats (  704): CONNECTIVITY_ACTION: starting service
01-28 18:14:16.120 D/Tethering(  163): MasterInitialState.processMessage what=3
01-28 18:14:16.140 I/MediaUploader(  555): No need to wake up
01-28 18:14:16.280 D/dalvikvm(  319): GC_CONCURRENT freed 457K, 53% free 2872K/6087K, external 0K/512K, paused 2ms+2ms
01-28 18:14:16.741 I/System.out(  684): Location: no CS school | WiFiNavigator running:false
01-28 18:14:16.741 I/System.out(  684): Battery level: 89 | Time difference: -1
01-28 18:14:19.754 I/System.out(  684): Location: no CS school | WiFiNavigator running:false
01-28 18:14:19.754 I/System.out(  684): Battery level: 89 | Time difference: -1
01-28 18:14:21.235 D/dalvikvm(  555): GC_EXPLICIT freed 4K, 55% free 2529K/5575K, external 0K/0K, paused 68ms
01-28 18:14:22.747 I/System.out(  684): Location: no CS school | WiFiNavigator running:false
01-28 18:14:22.747 I/System.out(  684): Battery level: 89 | Time difference: -1
01-28 18:14:25.750 I/System.out(  684): Location: no CS school | WiFiNavigator running:false
01-28 18:14:25.750 I/System.out(  684): Battery level: 89 | Time difference: -1
01-28 18:14:26.250 D/dalvikvm(  362): GC_EXPLICIT freed 17K, 54% free 2619K/5639K, external 0K/0K, paused 80ms
01-28 18:14:28.743 I/System.out(  684): Location: no CS school | WiFiNavigator running:false
01-28 18:14:28.743 I/System.out(  684): Battery level: 89 | Time difference: -1
01-28 18:14:31.755 I/System.out(  684): Location: no CS school | WiFiNavigator running:false
01-28 18:14:31.755 I/System.out(  684): Battery level: 89 | Time difference: -1
01-28 18:14:34.748 I/System.out(  684): Location: no CS school | WiFiNavigator running:true
01-28 18:14:34.748 I/System.out(  684): Battery level: 89 | Time difference: -1
01-28 18:14:37.311 D/dalvikvm(  684): GC_CONCURRENT freed 410K, 56% free 2582K/5831K, external 32K/519K, paused 2ms+2ms
01-28 18:14:37.741 I/System.out(  684): Location: no CS school | WiFiNavigator running:true
01-28 18:14:37.741 I/System.out(  684): Battery level: 89 | Time difference: -1
01-28 18:14:40.754 I/System.out(  684): Location: no CS school | WiFiNavigator running:true
01-28 18:14:40.754 I/System.out(  684): Battery level: 89 | Time difference: -1
01-28 18:14:41.485 D/dalvikvm(  163): GC_CONCURRENT freed 546K, 48% free 4921K/9415K, external 35K/547K, paused 2ms+6ms
01-28 18:14:42.796 D/dalvikvm(  684): GC_CONCURRENT freed 405K, 56% free 2589K/5831K, external 32K/519K, paused 2ms+6ms
01-28 18:14:43.757 I/System.out(  684): Location: no CS school | WiFiNavigator running:true
01-28 18:14:43.757 I/System.out(  684): Battery level: 89 | Time difference: -1
01-28 18:14:46.750 I/System.out(  684): Location: no CS school | WiFiNavigator running:true
01-28 18:14:46.750 I/System.out(  684): Battery level: 89 | Time difference: -1
01-28 18:14:48.592 D/dalvikvm(  684): GC_CONCURRENT freed 415K, 56% free 2589K/5831K, external 32K/519K, paused 7ms+2ms
01-28 18:14:49.753 I/System.out(  684): Location: no CS school | WiFiNavigator running:true
01-28 18:14:49.753 I/System.out(  684): Battery level: 89 | Time difference: -1
01-28 18:14:52.756 I/System.out(  684): Location: no CS school | WiFiNavigator running:true
01-28 18:14:52.756 I/System.out(  684): Battery level: 89 | Time difference: -1
01-28 18:14:55.459 D/dalvikvm(  684): GC_CONCURRENT freed 419K, 56% free 2580K/5831K, external 32K/519K, paused 2ms+2ms
01-28 18:14:55.759 I/System.out(  684): Location: no CS school | WiFiNavigator running:true
01-28 18:14:55.759 I/System.out(  684): Battery level: 89 | Time difference: -1
01-28 18:14:58.762 I/System.out(  684): Location: no CS school | WiFiNavigator running:true
01-28 18:14:58.762 I/System.out(  684): Battery level: 89 | Time difference: -1
01-28 18:15:01.234 D/dalvikvm(  684): GC_CONCURRENT freed 414K, 56% free 2578K/5831K, external 32K/519K, paused 3ms+3ms
01-28 18:15:01.755 I/System.out(  684): Location: no CS school | WiFiNavigator running:true
01-28 18:15:01.755 I/System.out(  684): Battery level: 89 | Time difference: -1
01-28 18:15:04.758 I/System.out(  684): Location: no CS school | WiFiNavigator running:true
01-28 18:15:04.758 I/System.out(  684): Battery level: 89 | Time difference: -1
01-28 18:15:06.569 D/dalvikvm(  684): GC_CONCURRENT freed 379K, 56% free 2595K/5831K, external 32K/519K, paused 1ms+2ms
01-28 18:15:07.761 I/System.out(  684): Location: no CS school | WiFiNavigator running:true
01-28 18:15:07.761 I/System.out(  684): Battery level: 89 | Time difference: -1
01-28 18:15:07.891 D/dalvikvm(  163): GC_CONCURRENT freed 452K, 48% free 4962K/9415K, external 35K/547K, paused 3ms+4ms
01-28 18:15:10.754 I/System.out(  684): Location: no CS school | WiFiNavigator running:true
01-28 18:15:10.754 I/System.out(  684): Battery level: 89 | Time difference: -1
01-28 18:15:12.155 D/dalvikvm(  684): GC_CONCURRENT freed 397K, 56% free 2596K/5831K, external 32K/519K, paused 2ms+5ms
01-28 18:15:13.756 I/System.out(  684): Location: no CS school | WiFiNavigator running:true
01-28 18:15:13.756 I/System.out(  684): Battery level: 89 | Time difference: -1
01-28 18:15:16.759 I/System.out(  684): Location: no CS school | WiFiNavigator running:true
01-28 18:15:16.759 I/System.out(  684): Battery level: 89 | Time difference: -1
01-28 18:15:17.720 D/dalvikvm(  684): GC_CONCURRENT freed 395K, 56% free 2596K/5831K, external 32K/519K, paused 2ms+3ms
01-28 18:15:19.752 I/System.out(  684): Location: no CS school | WiFiNavigator running:true
01-28 18:15:19.752 I/System.out(  684): Battery level: 89 | Time difference: -1
01-28 18:15:22.755 I/System.out(  684): Location: no CS school | WiFiNavigator running:false
01-28 18:15:22.755 I/System.out(  684): Battery level: 89 | Time difference: -1
01-28 18:15:25.758 I/System.out(  684): Location: no CS school | WiFiNavigator running:false
01-28 18:15:25.758 I/System.out(  684): Battery level: 89 | Time difference: -1
01-28 18:15:28.761 I/System.out(  684): Location: no CS school | WiFiNavigator running:false
01-28 18:15:28.761 I/System.out(  684): Battery level: 89 | Time difference: -1
01-28 18:15:31.754 I/System.out(  684): Location: no CS school | WiFiNavigator running:false
01-28 18:15:31.754 I/System.out(  684): Battery level: 89 | Time difference: -1
01-28 18:15:32.935 I/wpa_supplicant(  700): CTRL-EVENT-STATE-CHANGE id=0 state=4 BSSID=00:00:00:00:00:00
01-28 18:15:32.935 V/WifiMonitor(  163): Event [CTRL-EVENT-STATE-CHANGE id=0 state=4 BSSID=00:00:00:00:00:00]
01-28 18:15:32.945 V/WifiStateTracker(  163): Changing supplicant state: COMPLETED ==> ASSOCIATED
01-28 18:15:32.955 I/wpa_supplicant(  700): Associated with 9c:4e:20:c8:9e:71
01-28 18:15:32.955 V/WifiMonitor(  163): Event [Associated with 9c:4e:20:c8:9e:71]
01-28 18:15:32.955 I/wpa_supplicant(  700): CTRL-EVENT-STATE-CHANGE id=0 state=5 BSSID=00:00:00:00:00:00
01-28 18:15:32.955 V/WifiMonitor(  163): Event [CTRL-EVENT-STATE-CHANGE id=0 state=5 BSSID=00:00:00:00:00:00]
01-28 18:15:32.965 V/WifiStateTracker(  163): Changing supplicant state: ASSOCIATED ==> FOUR_WAY_HANDSHAKE
01-28 18:15:33.015 I/wpa_supplicant(  700): CTRL-EVENT-STATE-CHANGE id=0 state=4 BSSID=00:00:00:00:00:00
01-28 18:15:33.015 V/WifiMonitor(  163): Event [CTRL-EVENT-STATE-CHANGE id=0 state=4 BSSID=00:00:00:00:00:00]
01-28 18:15:33.015 V/WifiStateTracker(  163): Changing supplicant state: FOUR_WAY_HANDSHAKE ==> ASSOCIATED
01-28 18:15:33.025 I/wpa_supplicant(  700): Associated with 9c:4e:20:c8:9e:71
01-28 18:15:33.025 V/WifiMonitor(  163): Event [Associated with 9c:4e:20:c8:9e:71]
01-28 18:15:34.757 I/System.out(  684): Location: no CS school | WiFiNavigator running:false
01-28 18:15:34.757 I/System.out(  684): Battery level: 89 | Time difference: -1
01-28 18:15:34.937 I/wpa_supplicant(  700): CTRL-EVENT-STATE-CHANGE id=0 state=5 BSSID=00:00:00:00:00:00
01-28 18:15:34.947 V/WifiMonitor(  163): Event [CTRL-EVENT-STATE-CHANGE id=0 state=5 BSSID=00:00:00:00:00:00]
01-28 18:15:34.947 V/WifiStateTracker(  163): Changing supplicant state: ASSOCIATED ==> FOUR_WAY_HANDSHAKE
01-28 18:15:36.939 I/wpa_supplicant(  700): CTRL-EVENT-STATE-CHANGE id=0 state=5 BSSID=00:00:00:00:00:00
01-28 18:15:36.939 V/WifiMonitor(  163): Event [CTRL-EVENT-STATE-CHANGE id=0 state=5 BSSID=00:00:00:00:00:00]
01-28 18:15:36.939 V/WifiStateTracker(  163): Changing supplicant state: FOUR_WAY_HANDSHAKE ==> FOUR_WAY_HANDSHAKE
01-28 18:15:37.760 I/System.out(  684): Location: no CS school | WiFiNavigator running:false
01-28 18:15:37.760 I/System.out(  684): Battery level: 89 | Time difference: -1
01-28 18:15:38.931 I/wpa_supplicant(  700): CTRL-EVENT-DISCONNECTED - Disconnect event - remove keys
01-28 18:15:38.931 V/WifiMonitor(  163): Event [CTRL-EVENT-DISCONNECTED - Disconnect event - remove keys]
01-28 18:15:38.931 V/WifiStateTracker(  163): New network state is DISCONNECTED
01-28 18:15:38.941 I/wpa_supplicant(  700): CTRL-EVENT-STATE-CHANGE id=0 state=0 BSSID=00:00:00:00:00:00
01-28 18:15:38.941 V/WifiMonitor(  163): Event [CTRL-EVENT-STATE-CHANGE id=0 state=0 BSSID=00:00:00:00:00:00]
01-28 18:15:38.941 V/WifiStateTracker(  163): Changing supplicant state: FOUR_WAY_HANDSHAKE ==> DISCONNECTED
01-28 18:15:39.031 I/wpa_supplicant(  700): CTRL-EVENT-STATE-CHANGE id=0 state=2 BSSID=00:00:00:00:00:00
01-28 18:15:39.031 V/WifiMonitor(  163): Event [CTRL-EVENT-STATE-CHANGE id=0 state=2 BSSID=00:00:00:00:00:00]
01-28 18:15:39.031 V/WifiStateTracker(  163): Changing supplicant state: DISCONNECTED ==> SCANNING
01-28 18:15:39.642 I/wpa_supplicant(  700): Trying to associate with 9c:4e:20:c8:9e:71 (SSID='cs' freq=2472 MHz)
01-28 18:15:39.642 I/wpa_supplicant(  700): CTRL-EVENT-STATE-CHANGE id=0 state=3 BSSID=9c:4e:20:c8:9e:71
01-28 18:15:39.662 V/WifiMonitor(  163): Event [Trying to associate with 9c:4e:20:c8:9e:71 (SSID='cs' freq=2472 MHz)]
01-28 18:15:39.662 V/WifiMonitor(  163): Event [CTRL-EVENT-STATE-CHANGE id=0 state=3 BSSID=9c:4e:20:c8:9e:71]
01-28 18:15:39.672 I/wpa_supplicant(  700): CTRL-EVENT-STATE-CHANGE id=0 state=4 BSSID=9c:4e:20:c8:9e:71
01-28 18:15:39.672 V/WifiMonitor(  163): Event [CTRL-EVENT-STATE-CHANGE id=0 state=4 BSSID=9c:4e:20:c8:9e:71]
01-28 18:15:39.682 I/wpa_supplicant(  700): Associated with 9c:4e:20:c8:9e:71
01-28 18:15:39.682 V/WifiMonitor(  163): Event [Associated with 9c:4e:20:c8:9e:71]
01-28 18:15:39.682 V/WifiStateTracker(  163): Changing supplicant state: SCANNING ==> ASSOCIATING
01-28 18:15:39.682 V/WifiStateTracker(  163): Changing supplicant state: ASSOCIATING ==> ASSOCIATED
01-28 18:15:39.682 I/wpa_supplicant(  700): CTRL-EVENT-EAP-STARTED EAP authentication started
01-28 18:15:39.682 V/WifiMonitor(  163): Event [CTRL-EVENT-EAP-STARTED EAP authentication started]
01-28 18:15:39.692 I/wpa_supplicant(  700): CTRL-EVENT-EAP-METHOD EAP vendor 0 method 25 (PEAP) selected
01-28 18:15:39.692 V/WifiMonitor(  163): Event [CTRL-EVENT-EAP-METHOD EAP vendor 0 method 25 (PEAP) selected]
01-28 18:15:40.052 I/wpa_supplicant(  700): EAP-MSCHAPV2: Authentication succeeded
01-28 18:15:40.052 I/wpa_supplicant(  700): EAP-TLV: TLV Result - Success - EAP-TLV/Phase2 Completed
01-28 18:15:40.062 I/wpa_supplicant(  700): CTRL-EVENT-EAP-SUCCESS EAP authentication completed successfully
01-28 18:15:40.062 V/WifiMonitor(  163): Event [CTRL-EVENT-EAP-SUCCESS EAP authentication completed successfully]
01-28 18:15:40.062 I/wpa_supplicant(  700): CTRL-EVENT-STATE-CHANGE id=0 state=5 BSSID=00:00:00:00:00:00
01-28 18:15:40.062 V/WifiMonitor(  163): Event [CTRL-EVENT-STATE-CHANGE id=0 state=5 BSSID=00:00:00:00:00:00]
01-28 18:15:40.062 V/WifiStateTracker(  163): Changing supplicant state: ASSOCIATED ==> FOUR_WAY_HANDSHAKE
01-28 18:15:40.092 I/wpa_supplicant(  700): CTRL-EVENT-STATE-CHANGE id=0 state=5 BSSID=00:00:00:00:00:00
01-28 18:15:40.092 V/WifiMonitor(  163): Event [CTRL-EVENT-STATE-CHANGE id=0 state=5 BSSID=00:00:00:00:00:00]
01-28 18:15:40.092 V/WifiStateTracker(  163): Changing supplicant state: FOUR_WAY_HANDSHAKE ==> FOUR_WAY_HANDSHAKE
01-28 18:15:40.102 I/wpa_supplicant(  700): CTRL-EVENT-STATE-CHANGE id=0 state=6 BSSID=00:00:00:00:00:00
01-28 18:15:40.102 V/WifiMonitor(  163): Event [CTRL-EVENT-STATE-CHANGE id=0 state=6 BSSID=00:00:00:00:00:00]
01-28 18:15:40.102 V/WifiStateTracker(  163): Changing supplicant state: FOUR_WAY_HANDSHAKE ==> GROUP_HANDSHAKE
01-28 18:15:40.102 I/wpa_supplicant(  700): WPA: Key negotiation completed with 9c:4e:20:c8:9e:71 [PTK=CCMP GTK=CCMP]
01-28 18:15:40.112 V/WifiMonitor(  163): Event [WPA: Key negotiation completed with 9c:4e:20:c8:9e:71 [PTK=CCMP GTK=CCMP]]
01-28 18:15:40.112 I/wpa_supplicant(  700): CTRL-EVENT-STATE-CHANGE id=0 state=7 BSSID=00:00:00:00:00:00
01-28 18:15:40.112 V/WifiMonitor(  163): Event [CTRL-EVENT-STATE-CHANGE id=0 state=7 BSSID=00:00:00:00:00:00]
01-28 18:15:40.112 V/WifiStateTracker(  163): Changing supplicant state: GROUP_HANDSHAKE ==> COMPLETED
01-28 18:15:40.122 I/wpa_supplicant(  700): CTRL-EVENT-CONNECTED - Connection to 9c:4e:20:c8:9e:71 completed (reauth) [id=0 id_str=]
01-28 18:15:40.122 V/WifiMonitor(  163): Event [CTRL-EVENT-CONNECTED - Connection to 9c:4e:20:c8:9e:71 completed (reauth) [id=0 id_str=]]
01-28 18:15:40.122 V/WifiStateTracker(  163): New network state is CONNECTED
01-28 18:15:40.132 D/WifiStateTracker(  163): Reset connections and stopping DHCP
01-28 18:15:40.753 I/System.out(  684): Location: no CS school | WiFiNavigator running:false
01-28 18:15:40.753 I/System.out(  684): Battery level: 89 | Time difference: -1
01-28 18:15:41.173 D/WifiStateTracker(  163): DhcpHandler: DHCP request started
01-28 18:15:43.175 V/WifiStateTracker(  163): DhcpHandler: DHCP request succeeded
01-28 18:15:43.195 V/WifiStateTracker(  163): IP configuration: ipaddr 138.251.207.56 gateway 138.251.207.1 netmask 255.255.255.0 dns1 138.251.206.2 dns2 138.251.206.3 DHCP server 138.251.206.25 lease 7200 seconds
01-28 18:15:43.195 D/ConnectivityService(  163): ConnectivityService::handleConnect() - type = 1
01-28 18:15:43.205 D/ConnectivityService(  163): ConnectivityService::handleConnect() - is failover = false
01-28 18:15:43.205 D/ConnectivityService(  163): ConnectivityService::handleConnect() - type[1] is default, current active default = 1
01-28 18:15:43.225 D/WifiWatchdogService(  163): (android.server.ServerThread) cs (9c:4e:20:c8:9e:71) does not require the watchdog
01-28 18:15:43.245 D/Tethering(  163): MasterInitialState.processMessage what=3
01-28 18:15:43.245 D/GTalkService(  319): ##### Network broadcast (connected=true) type=WIFI, state=CONNECTED
01-28 18:15:43.255 D/CMStats (  704): CONNECTIVITY_ACTION: noConnectivity = false
01-28 18:15:43.255 D/CMStats (  704): CONNECTIVITY_ACTION: starting service
01-28 18:15:43.285 I/MediaUploader(  555): No need to wake up
01-28 18:15:43.455 D/dalvikvm(  319): GC_CONCURRENT freed 460K, 53% free 2873K/6087K, external 0K/512K, paused 3ms+4ms
01-28 18:15:43.485 D/dalvikvm(  163): GC_CONCURRENT freed 569K, 48% free 4939K/9415K, external 35K/547K, paused 3ms+4ms
01-28 18:15:43.756 I/System.out(  684): Location: no CS school | WiFiNavigator running:false
01-28 18:15:43.756 I/System.out(  684): Battery level: 89 | Time difference: -1
01-28 18:15:46.498 D/dalvikvm(  684): GC_CONCURRENT freed 406K, 56% free 2574K/5831K, external 32K/519K, paused 7ms+3ms
01-28 18:15:46.769 I/System.out(  684): Location: no CS school | WiFiNavigator running:false
01-28 18:15:46.769 I/System.out(  684): Battery level: 89 | Time difference: -1
01-28 18:15:48.340 D/dalvikvm(  704): GC_EXPLICIT freed 8K, 56% free 2508K/5639K, external 0K/0K, paused 29ms
01-28 18:15:49.762 I/System.out(  684): Location: no CS school | WiFiNavigator running:false
01-28 18:15:49.762 I/System.out(  684): Battery level: 89 | Time difference: -1
01-28 18:15:52.765 I/System.out(  684): Location: no CS school | WiFiNavigator running:false
01-28 18:15:52.765 I/System.out(  684): Battery level: 89 | Time difference: -1
01-28 18:15:53.395 D/dalvikvm(  555): GC_EXPLICIT freed 4K, 55% free 2529K/5575K, external 0K/0K, paused 75ms
01-28 18:15:55.767 I/System.out(  684): Location: no CS school | WiFiNavigator running:false
01-28 18:15:55.767 I/System.out(  684): Battery level: 89 | Time difference: -1
01-28 18:15:58.380 D/dalvikvm(  362): GC_EXPLICIT freed 17K, 54% free 2619K/5639K, external 0K/0K, paused 58ms
01-28 18:15:58.760 I/System.out(  684): Location: no CS school | WiFiNavigator running:false
01-28 18:15:58.760 I/System.out(  684): Battery level: 89 | Time difference: -1
01-28 18:16:01.763 I/System.out(  684): Location: no CS school | WiFiNavigator running:false
01-28 18:16:01.763 I/System.out(  684): Battery level: 89 | Time difference: -1
01-28 18:16:04.766 I/System.out(  684): Location: no CS school | WiFiNavigator running:false
01-28 18:16:04.766 I/System.out(  684): Battery level: 89 | Time difference: -1
01-28 18:16:07.769 I/System.out(  684): Location: no CS school | WiFiNavigator running:false
01-28 18:16:07.769 I/System.out(  684): Battery level: 89 | Time difference: -1
01-28 18:16:10.762 I/System.out(  684): Location: no CS school | WiFiNavigator running:false
01-28 18:16:10.762 I/System.out(  684): Battery level: 89 | Time difference: -1
01-28 18:16:13.765 I/System.out(  684): Location: no CS school | WiFiNavigator running:true
01-28 18:16:13.765 I/System.out(  684): Battery level: 89 | Time difference: -1
01-28 18:16:16.768 I/System.out(  684): Location: no CS school | WiFiNavigator running:true
01-28 18:16:16.768 I/System.out(  684): Battery level: 89 | Time difference: -1
01-28 18:16:16.918 D/dalvikvm(  684): GC_CONCURRENT freed 379K, 56% free 2595K/5831K, external 32K/519K, paused 2ms+2ms
01-28 18:16:19.761 I/System.out(  684): Location: no CS school | WiFiNavigator running:true
01-28 18:16:19.761 I/System.out(  684): Battery level: 89 | Time difference: -1
01-28 18:16:22.524 D/dalvikvm(  684): GC_CONCURRENT freed 402K, 56% free 2578K/5831K, external 32K/519K, paused 2ms+2ms
01-28 18:16:22.774 I/System.out(  684): Location: no CS school | WiFiNavigator running:true
01-28 18:16:22.774 I/System.out(  684): Battery level: 89 | Time difference: -1
01-28 18:16:25.767 I/System.out(  684): Location: no CS school | WiFiNavigator running:true
01-28 18:16:25.767 I/System.out(  684): Battery level: 89 | Time difference: -1
01-28 18:16:28.329 D/dalvikvm(  684): GC_CONCURRENT freed 385K, 56% free 2612K/5831K, external 32K/519K, paused 8ms+2ms
01-28 18:16:28.770 I/System.out(  684): Location: no CS school | WiFiNavigator running:true
01-28 18:16:28.770 I/System.out(  684): Battery level: 89 | Time difference: -1
01-28 18:16:31.763 I/System.out(  684): Location: no CS school | WiFiNavigator running:true
01-28 18:16:31.763 I/System.out(  684): Battery level: 89 | Time difference: -1
01-28 18:16:34.765 I/System.out(  684): Location: no CS school | WiFiNavigator running:true
01-28 18:16:34.765 I/System.out(  684): Battery level: 89 | Time difference: -1
01-28 18:16:34.866 D/dalvikvm(  684): GC_CONCURRENT freed 448K, 56% free 2577K/5831K, external 32K/519K, paused 7ms+2ms
01-28 18:16:37.768 I/System.out(  684): Location: no CS school | WiFiNavigator running:true
01-28 18:16:37.768 I/System.out(  684): Battery level: 89 | Time difference: -1
01-28 18:16:39.120 D/dalvikvm(  163): GC_CONCURRENT freed 475K, 48% free 4988K/9415K, external 35K/547K, paused 13ms+4ms
01-28 18:16:40.421 D/dalvikvm(  684): GC_CONCURRENT freed 410K, 56% free 2580K/5831K, external 32K/519K, paused 3ms+2ms
01-28 18:16:40.761 I/System.out(  684): Location: no CS school | WiFiNavigator running:true
01-28 18:16:40.761 I/System.out(  684): Battery level: 89 | Time difference: -1
01-28 18:16:43.764 I/System.out(  684): Location: no CS school | WiFiNavigator running:true
01-28 18:16:43.764 I/System.out(  684): Battery level: 89 | Time difference: -1
01-28 18:16:45.756 D/dalvikvm(  684): GC_CONCURRENT freed 373K, 56% free 2596K/5831K, external 32K/519K, paused 7ms+2ms
01-28 18:16:46.767 I/System.out(  684): Location: no CS school | WiFiNavigator running:true
01-28 18:16:46.767 I/System.out(  684): Battery level: 89 | Time difference: -1
01-28 18:16:49.770 I/System.out(  684): Location: no CS school | WiFiNavigator running:true
01-28 18:16:49.770 I/System.out(  684): Battery level: 89 | Time difference: -1
01-28 18:16:51.272 D/dalvikvm(  684): GC_CONCURRENT freed 400K, 56% free 2580K/5831K, external 32K/519K, paused 2ms+2ms
01-28 18:16:52.773 I/System.out(  684): Location: no CS school | WiFiNavigator running:false
01-28 18:16:52.773 I/System.out(  684): Battery level: 89 | Time difference: -1
01-28 18:16:55.776 I/System.out(  684): Location: no CS school | WiFiNavigator running:false
01-28 18:16:55.776 I/System.out(  684): Battery level: 89 | Time difference: -1
01-28 18:16:58.779 I/System.out(  684): Location: no CS school | WiFiNavigator running:false
01-28 18:16:58.779 I/System.out(  684): Battery level: 89 | Time difference: -1
01-28 18:17:01.772 I/System.out(  684): Location: no CS school | WiFiNavigator running:false
01-28 18:17:01.772 I/System.out(  684): Battery level: 89 | Time difference: -1
01-28 18:17:04.775 I/System.out(  684): Location: no CS school | WiFiNavigator running:false
01-28 18:17:04.775 I/System.out(  684): Battery level: 89 | Time difference: -1
01-28 18:17:07.778 I/System.out(  684): Location: no CS school | WiFiNavigator running:false
01-28 18:17:07.778 I/System.out(  684): Battery level: 89 | Time difference: -1
01-28 18:17:10.781 I/System.out(  684): Location: no CS school | WiFiNavigator running:false
01-28 18:17:10.781 I/System.out(  684): Battery level: 89 | Time difference: -1
01-28 18:17:13.784 I/System.out(  684): Location: no CS school | WiFiNavigator running:false
01-28 18:17:13.784 I/System.out(  684): Battery level: 89 | Time difference: -1
01-28 18:17:16.776 I/System.out(  684): Location: no CS school | WiFiNavigator running:false
01-28 18:17:16.776 I/System.out(  684): Battery level: 89 | Time difference: -1
01-28 18:17:19.779 I/System.out(  684): Location: no CS school | WiFiNavigator running:false
01-28 18:17:19.779 I/System.out(  684): Battery level: 89 | Time difference: -1
01-28 18:17:22.782 I/System.out(  684): Location: no CS school | WiFiNavigator running:false
01-28 18:17:22.782 I/System.out(  684): Battery level: 89 | Time difference: -1
01-28 18:17:25.775 I/System.out(  684): Location: no CS school | WiFiNavigator running:false
01-28 18:17:25.775 I/System.out(  684): Battery level: 89 | Time difference: -1
01-28 18:17:26.466 I/wpa_supplicant(  700): CTRL-EVENT-STATE-CHANGE id=0 state=4 BSSID=00:00:00:00:00:00
01-28 18:17:26.466 V/WifiMonitor(  163): Event [CTRL-EVENT-STATE-CHANGE id=0 state=4 BSSID=00:00:00:00:00:00]
01-28 18:17:26.476 V/WifiStateTracker(  163): Changing supplicant state: COMPLETED ==> ASSOCIATED
01-28 18:17:26.486 I/wpa_supplicant(  700): Associated with 9c:4e:20:c8:b0:f1
01-28 18:17:26.486 V/WifiMonitor(  163): Event [Associated with 9c:4e:20:c8:b0:f1]
01-28 18:17:26.486 I/wpa_supplicant(  700): CTRL-EVENT-EAP-STARTED EAP authentication started
01-28 18:17:26.486 V/WifiMonitor(  163): Event [CTRL-EVENT-EAP-STARTED EAP authentication started]
01-28 18:17:26.496 I/wpa_supplicant(  700): CTRL-EVENT-EAP-METHOD EAP vendor 0 method 25 (PEAP) selected
01-28 18:17:26.496 V/WifiMonitor(  163): Event [CTRL-EVENT-EAP-METHOD EAP vendor 0 method 25 (PEAP) selected]
01-28 18:17:26.556 I/wpa_supplicant(  700): CTRL-EVENT-STATE-CHANGE id=0 state=4 BSSID=00:00:00:00:00:00
01-28 18:17:26.556 V/WifiMonitor(  163): Event [CTRL-EVENT-STATE-CHANGE id=0 state=4 BSSID=00:00:00:00:00:00]
01-28 18:17:26.566 V/WifiStateTracker(  163): Changing supplicant state: ASSOCIATED ==> ASSOCIATED
01-28 18:17:26.566 I/wpa_supplicant(  700): Associated with 9c:4e:20:c8:b0:f1
01-28 18:17:26.566 V/WifiMonitor(  163): Event [Associated with 9c:4e:20:c8:b0:f1]
01-28 18:17:26.596 I/wpa_supplicant(  700): CTRL-EVENT-EAP-METHOD EAP vendor 0 method 25 (PEAP) selected
01-28 18:17:26.596 I/wpa_supplicant(  700): SSL: SSL3 alert: write (local SSL3 detected an error):fatal:protocol version
01-28 18:17:26.596 I/wpa_supplicant(  700): OpenSSL: tls_connection_handshake - SSL_connect error:1408F10B:SSL routines:SSL3_GET_RECORD:wrong version number
01-28 18:17:26.596 V/WifiMonitor(  163): Event [CTRL-EVENT-EAP-METHOD EAP vendor 0 method 25 (PEAP) selected]
01-28 18:17:28.608 I/wpa_supplicant(  700): CTRL-EVENT-EAP-FAILURE EAP authentication failed
01-28 18:17:28.608 V/WifiMonitor(  163): Event [CTRL-EVENT-EAP-FAILURE EAP authentication failed]
01-28 18:17:28.608 I/wpa_supplicant(  700): CTRL-EVENT-DISCONNECTED - Disconnect event - remove keys
01-28 18:17:28.608 V/WifiMonitor(  163): Event [CTRL-EVENT-DISCONNECTED - Disconnect event - remove keys]
01-28 18:17:28.618 V/WifiStateTracker(  163): New network state is DISCONNECTED
01-28 18:17:28.618 I/wpa_supplicant(  700): CTRL-EVENT-STATE-CHANGE id=0 state=0 BSSID=00:00:00:00:00:00
01-28 18:17:28.618 V/WifiMonitor(  163): Event [CTRL-EVENT-STATE-CHANGE id=0 state=0 BSSID=00:00:00:00:00:00]
01-28 18:17:28.618 V/WifiStateTracker(  163): Changing supplicant state: ASSOCIATED ==> DISCONNECTED
01-28 18:17:28.708 I/wpa_supplicant(  700): CTRL-EVENT-STATE-CHANGE id=0 state=2 BSSID=00:00:00:00:00:00
01-28 18:17:28.718 V/WifiMonitor(  163): Event [CTRL-EVENT-STATE-CHANGE id=0 state=2 BSSID=00:00:00:00:00:00]
01-28 18:17:28.718 V/WifiStateTracker(  163): Changing supplicant state: DISCONNECTED ==> SCANNING
01-28 18:17:28.778 I/System.out(  684): Location: no CS school | WiFiNavigator running:false
01-28 18:17:28.778 I/System.out(  684): Battery level: 89 | Time difference: -1
01-28 18:17:29.329 I/wpa_supplicant(  700): Trying to associate with 9c:4e:20:c8:b0:f1 (SSID='cs' freq=2447 MHz)
