01-28 17:50:13.729 I/wpa_supplicant( 1775): AP:ssid[eduroam],rssi[-55],BSSID=9c:4e:20:c8:b0:f2
01-28 17:50:13.729 I/wpa_supplicant( 1775): AP:ssid[BTOpenzone],rssi[-56],BSSID=9c:4e:20:c8:b0:f0
01-28 17:50:13.729 I/wpa_supplicant( 1775): AP:ssid[cs],rssi[-55],BSSID=9c:4e:20:c8:b0:f1
01-28 17:50:13.729 I/wpa_supplicant( 1775): AP:ssid[uos-connect],rssi[-55],BSSID=9c:4e:20:c8:b0:f3
01-28 17:50:13.729 I/wpa_supplicant( 1775): AP:ssid[BTOpenzone],rssi[-74],BSSID=9c:4e:20:c8:cc:50
01-28 17:50:13.729 I/wpa_supplicant( 1775): AP:ssid[uos-connect],rssi[-75],BSSID=9c:4e:20:c8:cc:53
01-28 17:50:13.729 I/wpa_supplicant( 1775): AP:ssid[cs],rssi[-69],BSSID=9c:4e:20:c8:cc:51
01-28 17:50:13.729 I/wpa_supplicant( 1775): AP:ssid[BTOpenzone],rssi[-84],BSSID=9c:4e:20:c8:9e:70
01-28 17:50:13.729 I/wpa_supplicant( 1775): Received 2379 bytes of scan results (13 BSSes)
01-28 17:50:13.729 I/wpa_supplicant( 1775): wpa_driver_wext_get_scan_results---
01-28 17:50:13.729 I/wpa_supplicant( 1775): Already associated with the selected AP.
01-28 17:50:14.119 D/dalvikvm( 2855): GC_CONCURRENT freed 249K, 5% free 6642K/6983K, paused 1ms+1ms
01-28 17:50:14.229 I/wpa_supplicant( 1775): Authentication with 9c:4e:20:c8:9e:71 timed out.
01-28 17:50:14.229 V/WifiMonitor( 1574): Event [Authentication with 9c:4e:20:c8:9e:71 timed out.]
01-28 17:50:14.229 I/wpa_supplicant( 1775): CTRL-EVENT-STATE-CHANGE id=0 state=0 BSSID=00:00:00:00:00:00
01-28 17:50:14.229 V/WifiMonitor( 1574): Event [CTRL-EVENT-STATE-CHANGE id=0 state=0 BSSID=00:00:00:00:00:00]
01-28 17:50:14.239 D/WifiStateMachine( 1574): Changing supplicant state: ASSOCIATED ==> DISCONNECTED
01-28 17:50:14.239 D/WifiStateMachine( 1574): setDetailed state, old =CONNECTING and new state=DISCONNECTED
01-28 17:50:14.259 I/wpa_supplicant( 1775): CTRL-EVENT-DISCONNECTED - Disconnect event - remove keys
01-28 17:50:14.259 V/WifiMonitor( 1574): Event [CTRL-EVENT-DISCONNECTED - Disconnect event - remove keys]
01-28 17:50:14.279 I/wpa_supplicant( 1775): CTRL-EVENT-STATE-CHANGE id=-1 state=0 BSSID=00:00:00:00:00:00
01-28 17:50:14.279 V/WifiMonitor( 1574): Event [CTRL-EVENT-STATE-CHANGE id=-1 state=0 BSSID=00:00:00:00:00:00]
01-28 17:50:14.279 D/WifiStateMachine( 1574): Changing supplicant state: DISCONNECTED ==> DISCONNECTED
01-28 17:50:14.279 D/WifiStateMachine( 1574): setDetailed state, old =DISCONNECTED and new state=DISCONNECTED
01-28 17:50:14.350 I/wpa_supplicant( 1775): CTRL-EVENT-STATE-CHANGE id=-1 state=2 BSSID=00:00:00:00:00:00
01-28 17:50:14.360 V/WifiMonitor( 1574): Event [CTRL-EVENT-STATE-CHANGE id=-1 state=2 BSSID=00:00:00:00:00:00]
01-28 17:50:14.360 D/WifiStateMachine( 1574): Changing supplicant state: DISCONNECTED ==> SCANNING
01-28 17:50:14.360 D/WifiStateMachine( 1574): setDetailed state, old =DISCONNECTED and new state=SCANNING
01-28 17:50:14.560 D/dalvikvm( 1813): GC_CONCURRENT freed 507K, 7% free 8897K/9543K, paused 1ms+4ms
01-28 17:50:15.491 I/wpa_supplicant( 1775): got scan complete
01-28 17:50:15.491 I/wpa_supplicant( 1775): wpa_supplicant_get_scan_results:return scan results2
01-28 17:50:15.491 I/wpa_supplicant( 1775): AP:ssid[BTOpenzone],rssi[-81],BSSID=9c:4e:20:c8:9e:70
01-28 17:50:15.501 I/wpa_supplicant( 1775): AP:ssid[uos-visitor],rssi[-80],BSSID=9c:4e:20:c8:9e:74
01-28 17:50:15.501 I/wpa_supplicant( 1775): AP:ssid[eduroam],rssi[-82],BSSID=9c:4e:20:c8:9e:72
01-28 17:50:15.501 I/wpa_supplicant( 1775): AP:ssid[cs],rssi[-81],BSSID=9c:4e:20:c8:9e:71
01-28 17:50:15.501 I/wpa_supplicant( 1775): AP:ssid[uos-connect],rssi[-81],BSSID=9c:4e:20:c8:9e:73
01-28 17:50:15.501 I/wpa_supplicant( 1775): AP:ssid[cs],rssi[-77],BSSID=9c:4e:20:c8:cc:51
01-28 17:50:15.511 I/wpa_supplicant( 1775): AP:ssid[BTOpenzone],rssi[-74],BSSID=9c:4e:20:c8:cc:50
01-28 17:50:15.511 I/wpa_supplicant( 1775): AP:ssid[cs],rssi[-55],BSSID=9c:4e:20:c8:b0:f1
01-28 17:50:15.511 I/wpa_supplicant( 1775): AP:ssid[LD-Net],rssi[-92],BSSID=00:14:6c:fd:72:38
01-28 17:50:15.511 I/wpa_supplicant( 1775): AP:ssid[hpsetup],rssi[-93],BSSID=c2:ce:46:d5:40:9c
01-28 17:50:15.511 I/wpa_supplicant( 1775): AP:ssid[uos-connect],rssi[-54],BSSID=9c:4e:20:c8:b0:f3
01-28 17:50:15.511 I/wpa_supplicant( 1775): AP:ssid[BTOpenzone],rssi[-53],BSSID=9c:4e:20:c8:b0:f0
01-28 17:50:15.511 I/wpa_supplicant( 1775): AP:ssid[uos-visitor],rssi[-53],BSSID=9c:4e:20:c8:b0:f4
01-28 17:50:15.511 I/wpa_supplicant( 1775): AP:ssid[eduroam],rssi[-53],BSSID=9c:4e:20:c8:b0:f2
01-28 17:50:15.511 I/wpa_supplicant( 1775): AP:ssid[uos-connect],rssi[-71],BSSID=9c:4e:20:c8:cc:53
01-28 17:50:15.511 I/wpa_supplicant( 1775): AP:ssid[uos-visitor],rssi[-76],BSSID=9c:4e:20:c8:cc:54
01-28 17:50:15.511 I/wpa_supplicant( 1775): Received 2959 bytes of scan results (16 BSSes)
01-28 17:50:15.521 I/wpa_supplicant( 1775): wpa_driver_wext_get_scan_results---
01-28 17:50:15.521 I/wpa_supplicant( 1775): supplicant attached completed, trigger assoc.
01-28 17:50:15.521 I/wpa_supplicant( 1775): Trying to associate with 9c:4e:20:c8:b0:f1 (SSID='cs' freq=2447 MHz)
01-28 17:50:15.521 V/WifiMonitor( 1574): Event [Trying to associate with 9c:4e:20:c8:b0:f1 (SSID='cs' freq=2447 MHz)]
01-28 17:50:15.531 I/wpa_supplicant( 1775): CTRL-EVENT-STATE-CHANGE id=-1 state=3 BSSID=9c:4e:20:c8:b0:f1
01-28 17:50:15.531 V/WifiMonitor( 1574): Event [CTRL-EVENT-STATE-CHANGE id=-1 state=3 BSSID=9c:4e:20:c8:b0:f1]
01-28 17:50:15.681 D/WifiStateMachine( 1574): Changing supplicant state: SCANNING ==> ASSOCIATING
01-28 17:50:15.681 D/WifiStateMachine( 1574): setDetailed state, old =SCANNING and new state=CONNECTING
01-28 17:50:15.691 I/keystore( 1445): uid: 1000 action: t -> 2 state: 2 -> 2 retry: 4
01-28 17:50:15.701 I/wpa_supplicant( 1775): DISABLE_80211X
01-28 17:50:15.701 I/wpa_supplicant( 1775): CTRL_IFACE: wpa_supplicant_ctrl_iface_disable_80211X
01-28 17:50:15.901 I/System.out( 2855): Location: unknown | WiFiNavigator running:false
01-28 17:50:15.901 I/System.out( 2855): Battery level: 100 | Time difference: -1
01-28 17:50:17.102 I/wpa_supplicant( 1775): CTRL-EVENT-STATE-CHANGE id=0 state=4 BSSID=9c:4e:20:c8:b0:f1
01-28 17:50:17.102 V/WifiMonitor( 1574): Event [CTRL-EVENT-STATE-CHANGE id=0 state=4 BSSID=9c:4e:20:c8:b0:f1]
01-28 17:50:17.102 D/WifiStateMachine( 1574): Changing supplicant state: ASSOCIATING ==> ASSOCIATED
01-28 17:50:17.102 D/WifiStateMachine( 1574): setDetailed state, old =CONNECTING and new state=CONNECTING
01-28 17:50:17.102 I/wpa_supplicant( 1775): Associated with 9c:4e:20:c8:b0:f1
01-28 17:50:17.102 I/wpa_supplicant( 1775): CTRL-REQ-CUSTOMIZATION-0:Identity
01-28 17:50:17.112 V/WifiMonitor( 1574): Event [Associated with 9c:4e:20:c8:b0:f1]
01-28 17:50:17.112 V/WifiMonitor( 1574): Event [CTRL-REQ-CUSTOMIZATION-0:Identity]
01-28 17:50:17.112 I/WifiMonitor( 1574): [EAP-MSG] Req: CUSTOMIZATION-0:Identity
01-28 17:50:17.122 I/wpa_supplicant( 1775): RX EAPOL from 9c:4e:20:c8:b0:f1
01-28 17:50:17.122 I/wpa_supplicant( 1775): RX EAPOL:return ,due to keystore locked
01-28 17:50:17.232 I/wpa_supplicant( 1775): TX EAPOL: type=1, dst=9c:4e:20:c8:b0:f1
01-28 17:50:17.232 I/wpa_supplicant( 1775): l2_packet_send: ret = '4'
01-28 17:50:17.232 I/wpa_supplicant( 1775): RX EAPOL from 9c:4e:20:c8:b0:f1
01-28 17:50:17.232 I/wpa_supplicant( 1775): RX EAPOL:return ,due to keystore locked
01-28 17:50:18.554 D/UsbnetService( 1574): BroadcastReceiver::onReceive+
01-28 17:50:18.554 D/UsbnetService( 1574): onReceive BATTERY_CHANGED
01-28 17:50:18.564 D/UsbnetService( 1574):  --> pluggedType = 2, mPluggedType = 0, mScreenOff = false
01-28 17:50:18.564 D/UsbnetService( 1574): BroadcastReceiver::onReceive-
01-28 17:50:18.564 D/WifiService( 1574): ACTION_BATTERY_CHANGED pluggedType: 2
01-28 17:50:18.574 D/BatteryService( 1574): SendIntentforPowersaver
01-28 17:50:18.574 D/NotificationService( 1574): mIntentReceiver() Intent.ACTION_BATTERY_CHANGED
01-28 17:50:18.584 D/PowerUI ( 1650): closing low battery warning: level=100
01-28 17:50:18.594 D/BatteryService( 1574): Current powersaver status == NORMAL_STATUS1 5 2 false
01-28 17:50:18.594 D/RemoveMe( 1674): DCT got intent android.intent.action.BATTERY_CHANGED
01-28 17:50:18.594 D/RemoveMe( 1674): DCT got intent android.intent.action.BATTERY_CHANGED
01-28 17:50:18.594 D/RemoveMe( 1674): DCT got intent android.intent.action.BATTERY_CHANGED
01-28 17:50:18.594 D/PowerUI ( 1650): plugged = true, health = 2, mBatteryLevel = 100, mPluggedBatteryLevel = 100, mLowBatteryWarningLevel2 = 25, mshowLowChargingWarning2 = true
01-28 17:50:18.904 I/System.out( 2855): Location: unknown | WiFiNavigator running:false
01-28 17:50:18.904 I/System.out( 2855): Battery level: 100 | Time difference: -1
01-28 17:50:21.907 I/System.out( 2855): Location: unknown | WiFiNavigator running:false
01-28 17:50:21.907 I/System.out( 2855): Battery level: 100 | Time difference: -1
01-28 17:50:22.888 D/dalvikvm( 1813): GC_CONCURRENT freed 886K, 11% free 8794K/9799K, paused 3ms+2ms
01-28 17:50:22.958 I/keystore( 1445): uid: 1000 action: t -> 2 state: 2 -> 2 retry: 4
01-28 17:50:22.958 I/ActivityManager( 1574): Starting: Intent { act=com.android.credentials.UNLOCK cmp=com.android.settings/.CredentialStorage } from pid 1813
01-28 17:50:23.038 D/dalvikvm( 1574): GC_FOR_ALLOC freed 826K, 13% free 15989K/18311K, paused 59ms
01-28 17:50:23.098 D/WifiStatusReceiver( 1813): Exit Wi-fi Setting
01-28 17:50:23.238 I/keystore( 1445): uid: 1000 action: t -> 2 state: 2 -> 2 retry: 4
01-28 17:50:23.318 D/ActivityManager( 1574): isSketcherDisabledInCurrentTask():false, ActivityRecord{4102c748 com.android.settings/.Settings$WifiSettingsActivity}
01-28 17:50:23.348 D/dalvikvm( 1813): GC_FOR_ALLOC freed 373K, 9% free 9140K/9991K, paused 24ms
01-28 17:50:23.358 D/ActivityManager( 1574): isSketcherDisabledInCurrentTask():false, ActivityRecord{4102c748 com.android.settings/.Settings$WifiSettingsActivity}
01-28 17:50:23.398 D/SurfaceFlinger( 1438): getTokenForSurface(0xade7c) => 1 (client=0xa9ec0, bitmap=00000003), pid=1813
01-28 17:50:23.398 D/msm7x30.gralloc( 1438): gpu_context_t::getGrallocInformationFromFormat  1 
01-28 17:50:23.418 I/HTCIMEService( 1660): [onCreateInputView]
01-28 17:50:23.428 D/SurfaceFlinger( 1438): getTokenForSurface(0xb4a7c) => 2 (client=0xa9ec0, bitmap=00000007), pid=1813
01-28 17:50:23.438 D/msm7x30.gralloc( 1438): gpu_context_t::getGrallocInformationFromFormat  1 
01-28 17:50:23.549 D/dalvikvm( 1660): GC_CONCURRENT freed 177K, 6% free 8507K/8967K, paused 1ms+5ms
01-28 17:50:23.589 D/msm7x30.gralloc( 1438): gpu_context_t::getGrallocInformationFromFormat  1 
01-28 17:50:23.599 I/HTCIMMView( 1660): [FixedWCL] adjustWCLHeight height:65
01-28 17:50:23.599 I/HTCIMEService( 1660): fetch result: 7.1
01-28 17:50:23.619 V/WindowManager( 1574): Starting animation in AppWindowToken{4100ef30 token=ActivityRecord{40c60c30 com.android.settings/.CredentialStorage}} @ 3211049
01-28 17:50:23.629 I/ActivityManager( 1574): Displayed com.android.settings/.CredentialStorage: +535ms
01-28 17:50:23.629 V/WindowManager( 1574): Finished animation in AppWindowToken{4100ef30 token=ActivityRecord{40c60c30 com.android.settings/.CredentialStorage}} @ 3211064
01-28 17:50:23.689 I/XT9_C   ( 1660): [loadDefaultDB] xt9_raw/ldb_0409.ldb size=304198 (loaded)
01-28 17:50:23.689 I/XT9_C   ( 1660): [registerXT9LDB] ldb_0409.ldb loading [done]
01-28 17:50:23.689 D/XT9_C   ( 1660): [registerXT9LDB] current LdbNum=109, First LdbNum=109, Second LdbNum=0
01-28 17:50:23.689 I/XT9_C   ( 1660): [loadDefaultDB] xt9_raw/kbd_0d09.kbd size=24928 (loaded)
01-28 17:50:23.689 I/LOG     ( 1660): priority threshold : 4
01-28 17:50:23.699 I/XT9_C   ( 1660): [loadDB] File not found. Load default DB.
01-28 17:50:23.699 I/XT9_C   ( 1660): [loadDefaultDB] xt9_raw/mdb_normal size=10358 (loaded)
01-28 17:50:23.699 I/XT9_C   ( 1660): Load mdbType=1 time=0.008514(sec)
01-28 17:50:23.699 I/HTCIMMView( 1660): [FixedWCL] adjustWCLHeight height:65
01-28 17:50:23.729 D/ActivityManager( 1574): isSketcherDisabledInCurrentTask():false, ActivityRecord{4102c748 com.android.settings/.Settings$WifiSettingsActivity}
01-28 17:50:23.749 I/wpa_supplicant( 1775): got scan complete
01-28 17:50:23.749 I/wpa_supplicant( 1775): wpa_supplicant_get_scan_results:return scan results2
01-28 17:50:23.749 I/wpa_supplicant( 1775): AP:ssid[BTOpenzone],rssi[-54],BSSID=9c:4e:20:c8:b0:f0
01-28 17:50:23.749 I/wpa_supplicant( 1775): AP:ssid[uos-visitor],rssi[-54],BSSID=9c:4e:20:c8:b0:f4
01-28 17:50:23.749 I/wpa_supplicant( 1775): AP:ssid[eduroam],rssi[-53],BSSID=9c:4e:20:c8:b0:f2
01-28 17:50:23.749 I/wpa_supplicant( 1775): AP:ssid[cs],rssi[-54],BSSID=9c:4e:20:c8:b0:f1
01-28 17:50:23.749 I/wpa_supplicant( 1775): AP:ssid[uos-connect],rssi[-54],BSSID=9c:4e:20:c8:b0:f3
01-28 17:50:23.749 I/wpa_supplicant( 1775): AP:ssid[BTOpenzone],rssi[-72],BSSID=9c:4e:20:c8:cc:50
01-28 17:50:23.749 I/wpa_supplicant( 1775): AP:ssid[uos-visitor],rssi[-75],BSSID=9c:4e:20:c8:cc:54
01-28 17:50:23.749 I/wpa_supplicant( 1775): AP:ssid[cs],rssi[-71],BSSID=9c:4e:20:c8:cc:51
01-28 17:50:23.749 I/wpa_supplicant( 1775): AP:ssid[eduroam],rssi[-73],BSSID=9c:4e:20:c8:cc:52
01-28 17:50:23.749 I/wpa_supplicant( 1775): AP:ssid[uos-connect],rssi[-74],BSSID=9c:4e:20:c8:cc:53
01-28 17:50:23.749 I/wpa_supplicant( 1775): AP:ssid[uos-visitor],rssi[-81],BSSID=9c:4e:20:c8:9e:74
01-28 17:50:23.749 I/wpa_supplicant( 1775): AP:ssid[hpsetup],rssi[-92],BSSID=c2:ce:46:d5:40:9c
01-28 17:50:23.749 I/wpa_supplicant( 1775): Received 2214 bytes of scan results (12 BSSes)
01-28 17:50:23.749 I/wpa_supplicant( 1775): wpa_driver_wext_get_scan_results---
01-28 17:50:23.749 I/wpa_supplicant( 1775): Already associated with the selected AP.
01-28 17:50:23.799 D/SurfaceFlinger( 1438): getTokenForSurface(0xa9e74) => 0 (client=0xa9ca8, bitmap=00000001), pid=1660
01-28 17:50:23.839 D/msm7x30.gralloc( 1438): gpu_context_t::getGrallocInformationFromFormat  1 
01-28 17:50:23.899 D/dalvikvm( 1813): GC_FOR_ALLOC freed 30K, 8% free 9215K/9991K, paused 53ms
01-28 17:50:23.899 D/dalvikvm( 1660): GC_FOR_ALLOC freed 48K, 4% free 8744K/9031K, paused 44ms
01-28 17:50:23.909 I/dalvikvm-heap( 1660): Grow heap (frag case) to 9.630MB for 1056016-byte allocation
01-28 17:50:23.909 I/dalvikvm-heap( 1813): Grow heap (frag case) to 11.330MB for 2342416-byte allocation
01-28 17:50:23.959 D/dalvikvm( 1660): GC_CONCURRENT freed 0K, 4% free 9775K/10119K, paused 2ms+5ms
01-28 17:50:23.979 D/dalvikvm( 1813): GC_FOR_ALLOC freed <1K, 7% free 11502K/12295K, paused 51ms
01-28 17:50:23.989 D/dalvikvm( 1660): GC_FOR_ALLOC freed 1K, 4% free 9774K/10119K, paused 30ms
01-28 17:50:24.009 I/dalvikvm-heap( 1660): Grow heap (frag case) to 10.636MB for 1056016-byte allocation
01-28 17:50:24.059 D/dalvikvm( 1813): GC_CONCURRENT freed <1K, 7% free 11503K/12295K, paused 1ms+2ms
01-28 17:50:24.059 D/dalvikvm( 1660): GC_CONCURRENT freed 0K, 4% free 10805K/11207K, paused 1ms+1ms
01-28 17:50:24.900 I/System.out( 2855): Location: unknown | WiFiNavigator running:false
01-28 17:50:24.900 I/System.out( 2855): Battery level: 100 | Time difference: -1
01-28 17:50:25.150 D/ActivityManager( 1574): isSketcherDisabledInCurrentTask():false, ActivityRecord{4102c748 com.android.settings/.Settings$WifiSettingsActivity}
01-28 17:50:25.170 D/SurfaceFlinger( 1438): getTokenForSurface(0xa96f4) => 1 (client=0xa9ca8, bitmap=00000003), pid=1660
01-28 17:50:25.180 D/msm7x30.gralloc( 1438): gpu_context_t::getGrallocInformationFromFormat  1 
01-28 17:50:25.240 I/HTCIMMView( 1660): [FixedWCL] adjustWCLHeight height:65
01-28 17:50:25.250 D/SurfaceFlinger( 1438): virtual void android::Layer::onRemoved(): lcblk (identity=32, status=0, token=1)
01-28 17:50:25.270 D/msm7x30.gralloc( 1438): gpu_context_t::getGrallocInformationFromFormat  1 
01-28 17:50:25.300 D/dalvikvm( 1660): GC_FOR_ALLOC freed 2075K, 21% free 9788K/12295K, paused 21ms
01-28 17:50:25.370 D/dalvikvm( 1660): GC_CONCURRENT freed <1K, 13% free 10819K/12295K, paused 1ms+2ms
01-28 17:50:25.941 D/ActivityManager( 1574): isSketcherDisabledInCurrentTask():false, ActivityRecord{4102c748 com.android.settings/.Settings$WifiSettingsActivity}
01-28 17:50:25.961 D/SurfaceFlinger( 1438): getTokenForSurface(0xb1924) => 1 (client=0xa9ca8, bitmap=00000003), pid=1660
01-28 17:50:25.971 D/msm7x30.gralloc( 1438): gpu_context_t::getGrallocInformationFromFormat  1 
01-28 17:50:26.121 D/msm7x30.gralloc( 1438): gpu_context_t::getGrallocInformationFromFormat  1 
01-28 17:50:26.231 D/SurfaceFlinger( 1438): virtual void android::Layer::onRemoved(): lcblk (identity=33, status=0, token=1)
01-28 17:50:26.311 D/SurfaceFlinger( 1438): getTokenForSurface(0xb063c) => 1 (client=0xa9ca8, bitmap=00000003), pid=1660
01-28 17:50:26.311 D/msm7x30.gralloc( 1438): gpu_context_t::getGrallocInformationFromFormat  1 
01-28 17:50:26.491 D/msm7x30.gralloc( 1438): gpu_context_t::getGrallocInformationFromFormat  1 
01-28 17:50:26.602 D/SurfaceFlinger( 1438): virtual void android::Layer::onRemoved(): lcblk (identity=34, status=0, token=1)
01-28 17:50:26.722 D/SurfaceFlinger( 1438): getTokenForSurface(0xb2a44) => 1 (client=0xa9ca8, bitmap=00000003), pid=1660
01-28 17:50:26.732 D/msm7x30.gralloc( 1438): gpu_context_t::getGrallocInformationFromFormat  1 
01-28 17:50:26.872 D/msm7x30.gralloc( 1438): gpu_context_t::getGrallocInformationFromFormat  1 
01-28 17:50:26.982 D/SurfaceFlinger( 1438): virtual void android::Layer::onRemoved(): lcblk (identity=35, status=0, token=1)
01-28 17:50:27.112 I/wpa_supplicant( 1775): Authentication with 9c:4e:20:c8:b0:f1 timed out.
01-28 17:50:27.112 V/WifiMonitor( 1574): Event [Authentication with 9c:4e:20:c8:b0:f1 timed out.]
01-28 17:50:27.112 I/wpa_supplicant( 1775): CTRL-EVENT-STATE-CHANGE id=0 state=0 BSSID=00:00:00:00:00:00
01-28 17:50:27.122 V/WifiMonitor( 1574): Event [CTRL-EVENT-STATE-CHANGE id=0 state=0 BSSID=00:00:00:00:00:00]
01-28 17:50:27.122 D/WifiStateMachine( 1574): Changing supplicant state: ASSOCIATED ==> DISCONNECTED
01-28 17:50:27.122 D/WifiStateMachine( 1574): setDetailed state, old =CONNECTING and new state=DISCONNECTED
01-28 17:50:27.152 I/wpa_supplicant( 1775): CTRL-EVENT-DISCONNECTED - Disconnect event - remove keys
01-28 17:50:27.152 V/WifiMonitor( 1574): Event [CTRL-EVENT-DISCONNECTED - Disconnect event - remove keys]
01-28 17:50:27.152 I/wpa_supplicant( 1775): CTRL-EVENT-STATE-CHANGE id=-1 state=0 BSSID=00:00:00:00:00:00
01-28 17:50:27.162 V/WifiMonitor( 1574): Event [CTRL-EVENT-STATE-CHANGE id=-1 state=0 BSSID=00:00:00:00:00:00]
01-28 17:50:27.162 D/WifiStateMachine( 1574): Changing supplicant state: DISCONNECTED ==> DISCONNECTED
01-28 17:50:27.162 D/WifiStateMachine( 1574): setDetailed state, old =DISCONNECTED and new state=DISCONNECTED
01-28 17:50:27.182 D/SurfaceFlinger( 1438): getTokenForSurface(0xb01c4) => 1 (client=0xa9ca8, bitmap=00000003), pid=1660
01-28 17:50:27.182 D/msm7x30.gralloc( 1438): gpu_context_t::getGrallocInformationFromFormat  1 
01-28 17:50:27.232 I/wpa_supplicant( 1775): CTRL-EVENT-STATE-CHANGE id=-1 state=2 BSSID=00:00:00:00:00:00
01-28 17:50:27.232 V/WifiMonitor( 1574): Event [CTRL-EVENT-STATE-CHANGE id=-1 state=2 BSSID=00:00:00:00:00:00]
01-28 17:50:27.232 D/WifiStateMachine( 1574): Changing supplicant state: DISCONNECTED ==> SCANNING
01-28 17:50:27.232 D/WifiStateMachine( 1574): setDetailed state, old =DISCONNECTED and new state=SCANNING
01-28 17:50:27.312 D/msm7x30.gralloc( 1438): gpu_context_t::getGrallocInformationFromFormat  1 
01-28 17:50:27.412 D/SurfaceFlinger( 1438): virtual void android::Layer::onRemoved(): lcblk (identity=36, status=0, token=1)
01-28 17:50:27.643 D/SurfaceFlinger( 1438): getTokenForSurface(0xb023c) => 1 (client=0xa9ca8, bitmap=00000003), pid=1660
01-28 17:50:27.653 D/msm7x30.gralloc( 1438): gpu_context_t::getGrallocInformationFromFormat  1 
01-28 17:50:27.783 D/msm7x30.gralloc( 1438): gpu_context_t::getGrallocInformationFromFormat  1 
01-28 17:50:27.883 D/SurfaceFlinger( 1438): virtual void android::Layer::onRemoved(): lcblk (identity=37, status=0, token=1)
01-28 17:50:27.913 I/System.out( 2855): Location: unknown | WiFiNavigator running:false
01-28 17:50:27.933 I/System.out( 2855): Battery level: 100 | Time difference: -1
01-28 17:50:28.083 D/SurfaceFlinger( 1438): getTokenForSurface(0xa9a34) => 1 (client=0xa9ca8, bitmap=00000003), pid=1660
01-28 17:50:28.083 D/msm7x30.gralloc( 1438): gpu_context_t::getGrallocInformationFromFormat  1 
01-28 17:50:28.183 D/msm7x30.gralloc( 1438): gpu_context_t::getGrallocInformationFromFormat  1 
01-28 17:50:28.283 D/SurfaceFlinger( 1438): virtual void android::Layer::onRemoved(): lcblk (identity=38, status=0, token=1)
01-28 17:50:28.373 I/wpa_supplicant( 1775): got scan complete
01-28 17:50:28.373 I/wpa_supplicant( 1775): wpa_supplicant_get_scan_results:return scan results2
01-28 17:50:28.373 I/wpa_supplicant( 1775): AP:ssid[BTOpenzone],rssi[-54],BSSID=9c:4e:20:c8:b0:f0
01-28 17:50:28.373 I/wpa_supplicant( 1775): AP:ssid[uos-visitor],rssi[-53],BSSID=9c:4e:20:c8:b0:f4
01-28 17:50:28.373 I/wpa_supplicant( 1775): AP:ssid[eduroam],rssi[-53],BSSID=9c:4e:20:c8:b0:f2
01-28 17:50:28.373 I/wpa_supplicant( 1775): AP:ssid[cs],rssi[-54],BSSID=9c:4e:20:c8:b0:f1
01-28 17:50:28.373 I/wpa_supplicant( 1775): AP:ssid[uos-connect],rssi[-54],BSSID=9c:4e:20:c8:b0:f3
01-28 17:50:28.373 I/wpa_supplicant( 1775): AP:ssid[uos-connect],rssi[-73],BSSID=9c:4e:20:c8:cc:53
01-28 17:50:28.383 I/wpa_supplicant( 1775): AP:ssid[uos-visitor],rssi[-72],BSSID=9c:4e:20:c8:cc:54
01-28 17:50:28.383 I/wpa_supplicant( 1775): AP:ssid[eduroam],rssi[-73],BSSID=9c:4e:20:c8:cc:52
01-28 17:50:28.383 I/wpa_supplicant( 1775): AP:ssid[BTOpenzone],rssi[-73],BSSID=9c:4e:20:c8:cc:50
01-28 17:50:28.383 I/wpa_supplicant( 1775): AP:ssid[eduroam],rssi[-82],BSSID=9c:4e:20:c8:9e:72
01-28 17:50:28.383 I/wpa_supplicant( 1775): AP:ssid[cs],rssi[-70],BSSID=9c:4e:20:c8:cc:51
01-28 17:50:28.383 I/wpa_supplicant( 1775): AP:ssid[BTOpenzone],rssi[-81],BSSID=9c:4e:20:c8:9e:70
01-28 17:50:28.383 I/wpa_supplicant( 1775): AP:ssid[uos-visitor],rssi[-79],BSSID=9c:4e:20:c8:9e:74
01-28 17:50:28.393 I/wpa_supplicant( 1775): AP:ssid[cs],rssi[-83],BSSID=9c:4e:20:c8:9e:71
01-28 17:50:28.393 I/wpa_supplicant( 1775): AP:ssid[uos-connect],rssi[-82],BSSID=9c:4e:20:c8:9e:73
01-28 17:50:28.393 I/wpa_supplicant( 1775): AP:ssid[LD-Net],rssi[-94],BSSID=00:14:6c:fd:72:38
01-28 17:50:28.393 I/wpa_supplicant( 1775): Received 3053 bytes of scan results (16 BSSes)
01-28 17:50:28.393 I/wpa_supplicant( 1775): wpa_driver_wext_get_scan_results---
01-28 17:50:28.393 I/wpa_supplicant( 1775): supplicant attached completed, trigger assoc.
01-28 17:50:28.393 I/wpa_supplicant( 1775): Trying to associate with 9c:4e:20:c8:b0:f1 (SSID='cs' freq=2447 MHz)
01-28 17:50:28.393 V/WifiMonitor( 1574): Event [Trying to associate with 9c:4e:20:c8:b0:f1 (SSID='cs' freq=2447 MHz)]
01-28 17:50:28.403 I/wpa_supplicant( 1775): CTRL-EVENT-STATE-CHANGE id=-1 state=3 BSSID=9c:4e:20:c8:b0:f1
01-28 17:50:28.403 V/WifiMonitor( 1574): Event [CTRL-EVENT-STATE-CHANGE id=-1 state=3 BSSID=9c:4e:20:c8:b0:f1]
01-28 17:50:28.443 D/WifiStateMachine( 1574): Changing supplicant state: SCANNING ==> ASSOCIATING
01-28 17:50:28.443 D/WifiStateMachine( 1574): setDetailed state, old =SCANNING and new state=CONNECTING
01-28 17:50:28.443 I/keystore( 1445): uid: 1000 action: t -> 2 state: 2 -> 2 retry: 4
01-28 17:50:28.443 I/wpa_supplicant( 1775): DISABLE_80211X
01-28 17:50:28.443 I/wpa_supplicant( 1775): CTRL_IFACE: wpa_supplicant_ctrl_iface_disable_80211X
01-28 17:50:28.453 D/SurfaceFlinger( 1438): getTokenForSurface(0xab85c) => 1 (client=0xa9ca8, bitmap=00000003), pid=1660
01-28 17:50:28.453 D/msm7x30.gralloc( 1438): gpu_context_t::getGrallocInformationFromFormat  1 
01-28 17:50:28.563 D/msm7x30.gralloc( 1438): gpu_context_t::getGrallocInformationFromFormat  1 
01-28 17:50:28.674 D/SurfaceFlinger( 1438): virtual void android::Layer::onRemoved(): lcblk (identity=39, status=0, token=1)
01-28 17:50:28.814 D/SurfaceFlinger( 1438): getTokenForSurface(0xa9a34) => 1 (client=0xa9ca8, bitmap=00000003), pid=1660
01-28 17:50:28.824 D/msm7x30.gralloc( 1438): gpu_context_t::getGrallocInformationFromFormat  1 
01-28 17:50:28.964 D/msm7x30.gralloc( 1438): gpu_context_t::getGrallocInformationFromFormat  1 
01-28 17:50:29.074 D/SurfaceFlinger( 1438): virtual void android::Layer::onRemoved(): lcblk (identity=40, status=0, token=1)
01-28 17:50:29.444 V/HtcAlertDialog( 1813): onStop
01-28 17:50:29.484 D/SurfaceFlinger( 1438): virtual void android::Layer::onRemoved(): lcblk (identity=29, status=0, token=1)
01-28 17:50:29.554 I/wpa_supplicant( 1775): CTRL-EVENT-STATE-CHANGE id=0 state=4 BSSID=9c:4e:20:c8:b0:f1
01-28 17:50:29.554 V/WifiMonitor( 1574): Event [CTRL-EVENT-STATE-CHANGE id=0 state=4 BSSID=9c:4e:20:c8:b0:f1]
01-28 17:50:29.554 D/WifiStateMachine( 1574): Changing supplicant state: ASSOCIATING ==> ASSOCIATED
01-28 17:50:29.554 D/WifiStateMachine( 1574): setDetailed state, old =CONNECTING and new state=CONNECTING
01-28 17:50:29.564 I/wpa_supplicant( 1775): Associated with 9c:4e:20:c8:b0:f1
01-28 17:50:29.564 I/wpa_supplicant( 1775): CTRL-REQ-CUSTOMIZATION-0:Identity
01-28 17:50:29.564 V/WifiMonitor( 1574): Event [Associated with 9c:4e:20:c8:b0:f1]
01-28 17:50:29.564 I/wpa_supplicant( 1775): RX EAPOL from 9c:4e:20:c8:b0:f1
01-28 17:50:29.564 V/WifiMonitor( 1574): Event [CTRL-REQ-CUSTOMIZATION-0:Identity]
01-28 17:50:29.564 I/wpa_supplicant( 1775): RX EAPOL:return ,due to keystore locked
01-28 17:50:29.564 I/WifiMonitor( 1574): [EAP-MSG] Req: CUSTOMIZATION-0:Identity
01-28 17:50:29.614 I/keystore( 1445): uid: 1000 action: u -> 1 state: 2 -> 1 retry: 4
01-28 17:50:29.695 D/dalvikvm( 1574): GC_FOR_ALLOC freed 223K, 13% free 16051K/18311K, paused 57ms
01-28 17:50:29.695 I/dalvikvm-heap( 1574): Grow heap (frag case) to 15.897MB for 124216-byte allocation
01-28 17:50:29.765 D/dalvikvm( 1574): GC_FOR_ALLOC freed 16K, 13% free 16156K/18439K, paused 53ms
01-28 17:50:29.775 I/HTCIMEService( 1660): fetch result: 7.1
01-28 17:50:29.775 I/HTCIMMView( 1660): [FixedWCL] adjustWCLHeight height:65
01-28 17:50:29.825 D/ActivityManager( 1574): isSketcherDisabledInCurrentTask():false, ActivityRecord{4102c748 com.android.settings/.Settings$WifiSettingsActivity}
01-28 17:50:29.835 V/WindowManager( 1574): Starting animation in AppWindowToken{4100ef30 token=ActivityRecord{40c60c30 com.android.settings/.CredentialStorage}} @ 3217266
01-28 17:50:29.845 V/WindowManager( 1574): Finished animation in AppWindowToken{4100ef30 token=ActivityRecord{40c60c30 com.android.settings/.CredentialStorage}} @ 3217284
01-28 17:50:29.895 D/dalvikvm( 1660): GC_FOR_ALLOC freed 2079K, 21% free 9797K/12295K, paused 77ms
01-28 17:50:29.905 D/SurfaceFlinger( 1438): getTokenForSurface(0xb4624) => 1 (client=0xa9ec0, bitmap=00000007), pid=1813
01-28 17:50:29.915 D/WifiStatusReceiver( 1813): Enter Wi-fi Setting
01-28 17:50:29.915 I/keystore( 1445): uid: 1000 action: t -> 1 state: 1 -> 1 retry: 4
01-28 17:50:29.925 I/keystore( 1445): uid: 1000 action: t -> 1 state: 1 -> 1 retry: 4
01-28 17:50:30.055 D/dalvikvm( 1660): GC_CONCURRENT freed <1K, 12% free 10829K/12295K, paused 2ms+1ms
01-28 17:50:30.165 D/dalvikvm( 1660): GC_EXPLICIT freed 15K, 12% free 10820K/12295K, paused 1ms+8ms
01-28 17:50:30.185 D/SurfaceFlinger( 1438): virtual void android::Layer::onRemoved(): lcblk (identity=31, status=0, token=0)
01-28 17:50:30.245 I/wpa_supplicant( 1775): TX EAPOL: type=1, dst=9c:4e:20:c8:b0:f1
01-28 17:50:30.245 I/wpa_supplicant( 1775): l2_packet_send: ret = '4'
01-28 17:50:30.255 I/wpa_supplicant( 1775): RX EAPOL from 9c:4e:20:c8:b0:f1
01-28 17:50:30.255 I/wpa_supplicant( 1775): RX EAPOL:return ,due to keystore locked
01-28 17:50:30.325 D/ActivityManager( 1574): isSketcherDisabledInCurrentTask():false, ActivityRecord{4102c748 com.android.settings/.Settings$WifiSettingsActivity}
01-28 17:50:30.385 D/msm7x30.gralloc( 1438): gpu_context_t::getGrallocInformationFromFormat  1 
01-28 17:50:30.405 D/WifiEnabler( 1813): receive USBNET connection: false
01-28 17:50:30.405 D/WifiSettings( 1813): receive USBNET connection: false
01-28 17:50:30.445 D/SurfaceFlinger( 1438): getTokenForSurface(0xab85c) => 3 (client=0xa9ec0, bitmap=0000000f), pid=1813
01-28 17:50:30.455 D/msm7x30.gralloc( 1438): gpu_context_t::getGrallocInformationFromFormat  1 
01-28 17:50:30.505 D/SurfaceFlinger( 1438): virtual void android::Layer::onRemoved(): lcblk (identity=30, status=0, token=2)
01-28 17:50:30.545 D/dalvikvm( 1813): GC_FOR_ALLOC freed 4620K, 37% free 8321K/13063K, paused 32ms
01-28 17:50:30.545 I/dalvikvm-heap( 1813): Grow heap (frag case) to 10.456MB for 2342416-byte allocation
01-28 17:50:30.585 D/dalvikvm( 1813): GC_CONCURRENT freed 2K, 19% free 10605K/13063K, paused 2ms+2ms
01-28 17:50:30.826 W/wpa_supplicant( 1775): Ongoing Scan action...
01-28 17:50:30.856 I/wpa_supplicant( 1775): got scan complete
01-28 17:50:30.856 I/wpa_supplicant( 1775): wpa_supplicant_get_scan_results:return scan results2
01-28 17:50:30.866 I/wpa_supplicant( 1775): AP:ssid[cs],rssi[-54],BSSID=9c:4e:20:c8:b0:f1
01-28 17:50:30.866 I/wpa_supplicant( 1775): AP:ssid[BTOpenzone],rssi[-52],BSSID=9c:4e:20:c8:b0:f0
01-28 17:50:30.866 I/wpa_supplicant( 1775): AP:ssid[uos-visitor],rssi[-53],BSSID=9c:4e:20:c8:b0:f4
01-28 17:50:30.866 I/wpa_supplicant( 1775): AP:ssid[eduroam],rssi[-53],BSSID=9c:4e:20:c8:b0:f2
01-28 17:50:30.866 I/wpa_supplicant( 1775): AP:ssid[uos-connect],rssi[-54],BSSID=9c:4e:20:c8:b0:f3
01-28 17:50:30.866 I/wpa_supplicant( 1775): AP:ssid[uos-connect],rssi[-74],BSSID=9c:4e:20:c8:cc:53
01-28 17:50:30.866 I/wpa_supplicant( 1775): AP:ssid[BTOpenzone],rssi[-72],BSSID=9c:4e:20:c8:cc:50
01-28 17:50:30.866 I/wpa_supplicant( 1775): AP:ssid[uos-visitor],rssi[-75],BSSID=9c:4e:20:c8:cc:54
01-28 17:50:30.866 I/wpa_supplicant( 1775): AP:ssid[cs],rssi[-75],BSSID=9c:4e:20:c8:cc:51
01-28 17:50:30.866 I/wpa_supplicant( 1775): AP:ssid[eduroam],rssi[-75],BSSID=9c:4e:20:c8:cc:52
01-28 17:50:30.866 I/wpa_supplicant( 1775): AP:ssid[BTOpenzone],rssi[-80],BSSID=9c:4e:20:c8:9e:70
01-28 17:50:30.866 I/wpa_supplicant( 1775): AP:ssid[uos-visitor],rssi[-81],BSSID=9c:4e:20:c8:9e:74
01-28 17:50:30.866 I/wpa_supplicant( 1775): AP:ssid[eduroam],rssi[-82],BSSID=9c:4e:20:c8:9e:72
01-28 17:50:30.866 I/wpa_supplicant( 1775): AP:ssid[cs],rssi[-82],BSSID=9c:4e:20:c8:9e:71
01-28 17:50:30.866 I/wpa_supplicant( 1775): AP:ssid[uos-connect],rssi[-81],BSSID=9c:4e:20:c8:9e:73
01-28 17:50:30.866 I/wpa_supplicant( 1775): AP:ssid[LD-Net],rssi[-93],BSSID=00:14:6c:fd:72:38
01-28 17:50:30.866 I/wpa_supplicant( 1775): Received 3053 bytes of scan results (16 BSSes)
01-28 17:50:30.866 I/wpa_supplicant( 1775): wpa_driver_wext_get_scan_results---
01-28 17:50:30.866 I/wpa_supplicant( 1775): supplicant attached completed, trigger assoc.
01-28 17:50:30.866 I/wpa_supplicant( 1775): Trying to associate with 9c:4e:20:c8:b0:f1 (SSID='cs' freq=2447 MHz)
01-28 17:50:30.866 V/WifiMonitor( 1574): Event [Trying to associate with 9c:4e:20:c8:b0:f1 (SSID='cs' freq=2447 MHz)]
01-28 17:50:30.866 I/wpa_supplicant( 1775): CTRL-EVENT-STATE-CHANGE id=0 state=3 BSSID=9c:4e:20:c8:b0:f1
01-28 17:50:30.866 V/WifiMonitor( 1574): Event [CTRL-EVENT-STATE-CHANGE id=0 state=3 BSSID=9c:4e:20:c8:b0:f1]
01-28 17:50:30.886 D/msm7x30.gralloc( 1438): gpu_context_t::getGrallocInformationFromFormat  1 
01-28 17:50:30.916 I/System.out( 2855): Location: unknown | WiFiNavigator running:false
01-28 17:50:30.936 I/System.out( 2855): Battery level: 100 | Time difference: -1
01-28 17:50:31.366 D/ActivityManager( 1574): destroyActivityLocked, r=ActivityRecord{40c60c30 com.android.settings/.CredentialStorage}
01-28 17:50:31.366 V/ActivityManager( 1574): destroyActivityLocked, dalvik.system.VMStack.getThreadStackTrace(Native Method)
01-28 17:50:31.366 V/ActivityManager( 1574): destroyActivityLocked, java.lang.Thread.getStackTrace(Thread.java:746)
01-28 17:50:31.366 V/ActivityManager( 1574): destroyActivityLocked, com.android.server.am.ActivityStack.destroyActivityLocked(ActivityStack.java:3535)
01-28 17:50:31.366 V/ActivityManager( 1574): destroyActivityLocked, com.android.server.am.ActivityStack.finishCurrentActivityLocked(ActivityStack.java:3432)
01-28 17:50:31.366 V/ActivityManager( 1574): destroyActivityLocked, com.android.server.am.ActivityStack.finishCurrentActivityLocked(ActivityStack.java:3390)
01-28 17:50:31.366 V/ActivityManager( 1574): destroyActivityLocked, com.android.server.am.ActivityStack.activityIdleInternal(ActivityStack.java:3205)
01-28 17:50:31.366 V/ActivityManager( 1574): destroyActivityLocked, com.android.server.am.ActivityManagerService.activityIdle(ActivityManagerService.java:4185)
01-28 17:50:31.376 V/ActivityManager( 1574): destroyActivityLocked, android.app.ActivityManagerNative.onTransact(ActivityManagerNative.java:353)
01-28 17:50:31.376 V/ActivityManager( 1574): destroyActivityLocked, com.android.server.am.ActivityManagerService.onTransact(ActivityManagerService.java:1672)
01-28 17:50:31.376 V/ActivityManager( 1574): destroyActivityLocked, android.os.Binder.execTransact(Binder.java:339)
01-28 17:50:31.376 V/ActivityManager( 1574): destroyActivityLocked, dalvik.system.NativeStart.run(Native Method)
01-28 17:50:31.686 D/SurfaceFlinger( 1438): virtual void android::Layer::onRemoved(): lcblk (identity=41, status=0, token=1)
01-28 17:50:31.747 I/wpa_supplicant( 1775): CTRL-EVENT-DISCONNECTED - Disconnect event - remove keys
01-28 17:50:31.747 V/WifiMonitor( 1574): Event [CTRL-EVENT-DISCONNECTED - Disconnect event - remove keys]
01-28 17:50:31.747 D/WifiStateMachine( 1574): Network connection lost
01-28 17:50:31.747 D/WifiStateMachine( 1574): Reset connections and stopping DHCP
01-28 17:50:31.747 I/wpa_supplicant( 1775): CTRL-EVENT-STATE-CHANGE id=0 state=0 BSSID=9c:4e:20:c8:b0:f1
01-28 17:50:31.747 V/WifiMonitor( 1574): Event [CTRL-EVENT-STATE-CHANGE id=0 state=0 BSSID=9c:4e:20:c8:b0:f1]
01-28 17:50:31.757 I/wpa_supplicant( 1775): Rx Data Filter Remove [5] command
01-28 17:50:31.757 I/wpa_supplicant( 1775): auto ip disabled
01-28 17:50:31.757 I/wpa_supplicant( 1775): Rx Data Filter: do not support, ignore
01-28 17:50:31.767 D/WifiStateMachine( 1574): setDetailed state, old =CONNECTING and new state=DISCONNECTED
01-28 17:50:31.767 D/WifiStateMachine( 1574): broadcastNetworkStateChange, state =DISCONNECTED
01-28 17:50:31.767 D/ConnectivityService( 1574): [embedded] ConnectivityChange for WIFI: DISCONNECTED/DISCONNECTED, default=-1
01-28 17:50:31.777 I//system/bin/wpa_supplicant( 1774): l2_packet_receive - recvfrom: Network is down
01-28 17:50:31.777 D/UsbnetStateTracker( 1574): isAvailable+-
01-28 17:50:31.777 D/UsbnetStateTracker( 1574): reconnect
01-28 17:50:31.777 D/UsbnetStateTracker( 1574): isAvailable+-
01-28 17:50:31.777 D/RemoveMe( 1674): DCT got intent android.net.wifi.STATE_CHANGE
01-28 17:50:31.777 D/ConnectivityService( 1574): getMobileDataEnabled returning false
01-28 17:50:31.777 D/StatusBar.NetworkController( 1650): mSignalStrength.isGsm() == true
01-28 17:50:31.787 D/DataConnectionTracker( 1674): enableApnType(default), isApnTypeActive=false, isApnIdEnabled=true and state= IDLE
01-28 17:50:31.797 D/RemoveMe( 1674): DCT got intent android.net.wifi.STATE_CHANGE
01-28 17:50:31.797 D/WifiStateMachine( 1574): Changing supplicant state: ASSOCIATED ==> ASSOCIATING
01-28 17:50:31.807 D/WifiStateMachine( 1574): setDetailed state, old =DISCONNECTED and new state=CONNECTING
01-28 17:50:31.807 I/keystore( 1445): uid: 1000 action: t -> 1 state: 1 -> 1 retry: 4
01-28 17:50:31.807 I/wpa_supplicant( 1775): CTRL_IFACE: wpa_supplicant_ctrl_iface_enable_80211X
01-28 17:50:31.817 D/RemoveMe( 1674): DCT got intent android.net.wifi.STATE_CHANGE
01-28 17:50:31.817 D/WifiStateMachine( 1574): Changing supplicant state: ASSOCIATING ==> DISCONNECTED
01-28 17:50:31.817 D/Tethering( 1574): Tethering got CONNECTIVITY_ACTION type: WIFI, subtype: , status: CONNECTING
01-28 17:50:31.817 D/Tethering( 1574): icon Type=1, subtype=0
01-28 17:50:31.817 D/Tethering( 1574): MasterInitialState.processMessage what=3
01-28 17:50:31.817 D/WifiStateMachine( 1574): setDetailed state, old =CONNECTING and new state=DISCONNECTED
01-28 17:50:31.827 D/LocationManagerService( 1574): CONNECTIVITY_ACTION: synchronized+
01-28 17:50:31.827 D/LocationManagerService( 1574): updateNetworkState unavailable info: NetworkInfo: type: WIFI[], state: DISCONNECTED/DISCONNECTED, reason: (unspecified), extra: (none), roaming: false, failover: false, isAvailable: true, isIpv4Connected: false, isIpv6Connected: false
01-28 17:50:31.827 D/LocationManagerService( 1574): CONNECTIVITY_ACTION: synchronized+ provider size: 3
01-28 17:50:31.827 D/GpsLocationProvider( 1574): + synchronized updateNetworkState  info: NetworkInfo: type: WIFI[], state: DISCONNECTED/DISCONNECTED, reason: (unspecified), extra: (none), roaming: false, failover: false, isAvailable: true, isIpv4Connected: false, isIpv6Connected: false
01-28 17:50:31.827 D/GpsLocationProvider( 1574): [shen] debug
01-28 17:50:31.827 D/LocationManagerService( 1574): CONNECTIVITY_ACTION: synchronized-
01-28 17:50:31.827 D/StatusBar.NetworkController( 1650): mSignalStrength.isGsm() == true
01-28 17:50:31.837 D/GTalkService( 1714): lost connectivity, notify
01-28 17:50:31.837 D/GTalkService( 1714): [ReonnectMgr] ### report Inet condition: status=false, networkType=1
01-28 17:50:31.837 D/ConnectivityService( 1574): reportNetworkCondition(1, 0)
01-28 17:50:31.837 D/ConnectivityService( 1574): Inet connectivity change, net=1, condition=0,mActiveDefaultNetwork=-1
01-28 17:50:31.837 D/ConnectivityService( 1574): no active default network - aborting
01-28 17:50:31.867 D/GpsLocationProvider( 1574): [handleMessage] message :4
01-28 17:50:31.917 D/dalvikvm( 1674): GC_CONCURRENT freed 379K, 8% free 7217K/7815K, paused 1ms+9ms
01-28 17:50:31.927 D/GpsLocationProvider( 1574): [handleMessage] UPDATE_NETWORK_STATE
01-28 17:50:31.927 D/GpsLocationProvider( 1574): updateNetworkState unavailable info: NetworkInfo: type: WIFI[], state: DISCONNECTED/DISCONNECTED, reason: (unspecified), extra: (none), roaming: false, failover: false, isAvailable: true, isIpv4Connected: false, isIpv6Connected: false
01-28 17:50:32.097 I/NetSharing_NSReceiver( 1813): customizedNS:true
01-28 17:50:32.097 D/NetSharing_NSReceiver( 1813): onReceive : android.net.wifi.STATE_CHANGE
01-28 17:50:32.097 I/NetSharing_NSReceiver( 1813): wifienabled:false
01-28 17:50:32.107 I/ActivityManager( 1574): Start proc android.process.media for broadcast com.android.providers.drm/.DrmScannerReceiver: pid=2885 uid=10044 gids={1015, 1023, 1024, 2001, 3003}
01-28 17:50:32.157 I/ActivityThread( 2885): Pub downloads: com.android.providers.downloads.DownloadProvider
01-28 17:50:32.177 I/ActivityThread( 2885): Pub drm: com.android.providers.drm.DrmProvider
01-28 17:50:32.177 I/ActivityThread( 2885): Pub media: com.android.providers.media.MediaProvider
01-28 17:50:32.187 D/SqliteDatabaseCpp( 2885): dbopen(): path = /data/data/com.android.providers.downloads/databases , key = dksjlkYdw, flag = 6, file size = 9216
01-28 17:50:32.187 D/SqliteDatabaseCpp( 2885): dbopen(): path = /data/data/com.android.providers.downloads/databases , key = dksjlkYdw, mode: delete, disk free size: 7852 M, handle: 0x1b1f60
01-28 17:50:32.217 D/dalvikvm( 2885): GC_FOR_ALLOC freed 84K, 4% free 6539K/6787K, paused 17ms
01-28 17:50:32.217 I/dalvikvm-heap( 2885): Grow heap (frag case) to 6.971MB for 524304-byte allocation
01-28 17:50:32.247 D/dalvikvm( 2885): GC_FOR_ALLOC freed 0K, 5% free 7051K/7367K, paused 15ms
01-28 17:50:32.257 D/MediaProvider( 2885): [MediaProvider][onCreate]+true
01-28 17:50:32.277 D/MediaProvider( 2885): [MediaProvider][onCreate]+state=mounted
01-28 17:50:32.277 D/SqliteDatabaseCpp( 2885): dbopen(): path = /data/data/com.android.providers.media/databases , key = eptevjYl, flag = 6, file size = 64512
01-28 17:50:32.297 D/SqliteDatabaseCpp( 2885): dbopen(): path = /data/data/com.android.providers.media/databases , key = eptevjYl, mode: wal, disk free size: 7852 M, handle: 0x1c3108
01-28 17:50:32.307 D/dalvikvm( 2885): GC_CONCURRENT freed 16K, 5% free 7272K/7623K, paused 2ms+1ms
01-28 17:50:32.527 D/MediaProvider( 2885): [MediaProvider][onCreate]-
01-28 17:50:32.527 D/DrmScannerReceiver( 2885): android.net.wifi.STATE_CHANGE
01-28 17:50:32.537 I/ActivityManager( 1574): Start proc com.htc.notes for broadcast com.htc.notes/.collection.NotesReceiver: pid=2895 uid=9996 gids={3003, 1015, 1006, 2001}
01-28 17:50:32.567 D/DrmIntentService( 2885): TIME_THREAD
01-28 17:50:32.567 D/DrmIntentService( 2885): Wifi disconnected.
01-28 17:50:32.617 I/ActivityManager( 1574): Start proc com.sdgtl.watch.flyer for broadcast com.sdgtl.watch.flyer/com.sdgtl.watch.service.ModeChangeReceiver: pid=2904 uid=10016 gids={3003, 1015}
01-28 17:50:32.657 I/ActivityManager( 1574): No longer want com.htc.launcher.widgetscanner (pid 2760): hidden #16
01-28 17:50:32.667 D/dalvikvm( 1439): GC_EXPLICIT freed 11K, 5% free 6453K/6787K, paused 4ms+1ms
01-28 17:50:32.707 I/ActivityThread( 2904): Pub com.sdgtl.watchapp.widget: com.sdgtl.watch.widget.WatchAppContentProvider
01-28 17:50:32.727 D/dalvikvm( 1439): GC_EXPLICIT freed <1K, 5% free 6453K/6787K, paused 2ms+5ms
01-28 17:50:32.727 I/ActivityThread( 2904): Pub searchformovies: com.sdgtl.watch.search.CatalogSearchProvider
01-28 17:50:32.727 I/ActivityThread( 2904): Pub com.sdgtl.watch.WatchAppCarouselProvider: com.sdgtl.watch.WatchAppCarouselProvider
01-28 17:50:32.768 D/dalvikvm( 1439): GC_EXPLICIT freed <1K, 5% free 6453K/6787K, paused 1ms+1ms
01-28 17:50:32.788 W/ContentService( 1574): binderDied() at ObserverNode name favorites
01-28 17:50:32.788 I/ActivityManager( 1574): No longer want com.htc.wdm (pid 2783): hidden #16
01-28 17:50:32.818 D/dalvikvm( 2904): GC_CONCURRENT freed 326K, 6% free 6632K/7047K, paused 2ms+1ms
01-28 17:50:32.858 I/ActivityManager( 1574): Start proc com.htc.bg for broadcast com.htc.providers.uploads/.UploadReceiver: pid=2912 uid=10013 gids={2001, 3003, 1006, 1015}
01-28 17:50:32.878 I/ActivityManager( 1574): No longer want com.svox.pico (pid 2792): hidden #16
01-28 17:50:32.898 I/ActivityThread( 2912): Pub com.htc.socialnetwork.flickr.provider.StreamProvider: com.htc.socialnetwork.flickr.provider.FlickrStreamProvider
01-28 17:50:32.908 I/ActivityThread( 2912): Pub com.htc.accounts: com.htc.CustomizationSetup.AccountsProvider
01-28 17:50:32.918 I/ActivityThread( 2912): Pub com.htc.htctwitter.Users: com.htc.htctwitter.FriendProvider
01-28 17:50:32.938 I/ActivityThread( 2912): Pub com.htc.opensense.snprovider: com.htc.opensense.snprovider.SocialNetworkProvider
01-28 17:50:32.938 D/SocialNetworkProvider( 2912): onCreate
01-28 17:50:32.938 I/ActivityThread( 2912): Pub com.htc.socialnetwork.flickr.provider.CacheImageProvider: com.htc.socialnetwork.flickr.provider.FlickrCacheImageProvider
01-28 17:50:32.938 I/ActivityThread( 2912): Pub com.htc.friendstream.provider.FriendStreamProvider: com.htc.friendstream.provider.FriendStreamProvider
01-28 17:50:32.958 I/ActivityThread( 2912): Pub com.htc.chirp.provider.Tweet;com.htc.htctwitter: com.htc.htctwitter.TwitterProvider
01-28 17:50:32.958 I/ActivityThread( 2912): Pub com.htc.provider.settings: com.htc.provider.settings.NotificationFlashLightProvider
01-28 17:50:32.968 I/ActivityThread( 2912): Pub com.htc.settings.accountsync.SYNC: com.htc.opensense.syncprovider.SyncProvider
01-28 17:50:32.968 D/SyncProvider( 2912): onCreate
01-28 17:50:32.968 I/ActivityThread( 2912): Pub com.htc.providers.uploads: com.htc.providers.uploads.UploadProvider
01-28 17:50:32.968 D/UploadProvider( 2912): UploadProvider is running
01-28 17:50:32.968 I/ActivityThread( 2912): Pub com.htc.cachemanager: com.htc.opensense.cachemanager.CacheProvider
01-28 17:50:32.968 I/ActivityThread( 2912): Pub com.htc.socialnetwork.facebook.provider.CacheImageProvider: com.htc.socialnetwork.facebook.provider.FacebookCacheImageProvider
01-28 17:50:32.988 I/ActivityThread( 2912): Pub com.htc.htctwitter.provider.CacheImageProvider: com.htc.htctwitter.provider.TwitterCacheImageProvider
01-28 17:50:32.988 I/ActivityThread( 2912): Pub com.htc.socialnetwork.facebook: com.htc.socialnetwork.facebook.FacebookDB
01-28 17:50:32.998 D/UploadReceiver( 2912): Action android.net.conn.CONNECTIVITY_CHANGE
01-28 17:50:32.998 I/ActivityManager( 1574): Start proc com.htc.reportagent for broadcast com.htc.reportagent/.receiver.ReportAgentReceiver: pid=2922 uid=10038 gids={3003, 1007}
01-28 17:50:33.008 V/UploadReceiver( 2912): Receiver onConnectivity
01-28 17:50:33.038 I/ActivityManager( 1574): No longer want com.htc.htchubsyncprovider (pid 2799): hidden #16
01-28 17:50:33.048 I/MyReportAgent( 2922): ReportAgentReceiver [onReceive] android.net.conn.CONNECTIVITY_CHANGE
01-28 17:50:33.058 D/MyHTC   ( 2534): PoweronReceiver.onReceive(): intent=android.net.conn.CONNECTIVITY_CHANGE
01-28 17:50:33.058 I/ActivityManager( 1574): No longer want com.htc.cs (pid 2774): hidden #16
01-28 17:50:33.068 I/ActivityManager( 1574): Start proc com.google.android.apps.uploader for broadcast com.google.android.apps.uploader/.ConnectivityBroadcastReceiver: pid=2930 uid=10043 gids={3003}
01-28 17:50:33.098 I/ActivityThread( 2930): Pub com.google.android.apps.uploader: com.google.android.apps.uploader.UploadsContentProvider
01-28 17:50:33.098 I/ActivityThread( 2930): Pub com.google.photos.provider.Album: com.google.android.apps.uploader.clients.picasa.AlbumProvider
01-28 17:50:33.108 D/MediaUploader( 2930): UploaderApplication.onCreate
01-28 17:50:33.118 D/MediaUploader( 2930): nonWifiLimit=20971520, default=20971520
01-28 17:50:33.118 I/MediaUploader( 2930): No need to wake up
01-28 17:50:33.128 I/ActivityManager( 1574): Start proc com.htc.notes:NotesService for broadcast com.htc.notes/.provider.notes.NotesReceiver: pid=2942 uid=9996 gids={3003, 1015, 1006, 2001}
01-28 17:50:33.128 I/ActivityManager( 1574): No longer want com.android.vending (pid 2479): hidden #16
01-28 17:50:33.178 I/ActivityManager( 1574): Start proc com.htc.htcMessageUploader for broadcast com.htc.htcMessageUploader/.UploadMessageReceiver: pid=2949 uid=10060 gids={3003}
01-28 17:50:33.188 I/ActivityManager( 1574): No longer want com.htc.recommend (pid 2639): hidden #16
01-28 17:50:33.208 V/htcMessageUploader( 2949): [UploadMessageReceiver] UploadMessageReceiver() constructor !!!
01-28 17:50:33.208 I/htcMessageUploader( 2949): Start thread to upload fota event message:com.htc.htcMessageUploader.UploadMessageReceiver
01-28 17:50:33.208 D/htcMessageUploader( 2949): Total time in main thread:1 milli-seconds
01-28 17:50:33.208 I/ActivityManager( 1574): No longer want com.google.android.partnersetup (pid 2806): hidden #16
01-28 17:50:33.298 D/dalvikvm( 1813): GC_CONCURRENT freed 3313K, 35% free 8568K/13063K, paused 2ms+3ms
01-28 17:50:33.318 V/MyReportAgent( 2922): ReportAgentReceiver Recv Intent: Intent { act=android.net.conn.CONNECTIVITY_CHANGE flg=0x10000010 cmp=com.htc.reportagent/.receiver.ReportAgentReceiver (has extras) }
01-28 17:50:33.318 D/AutoSetting( 2590): receiver - intent: android.net.conn.CONNECTIVITY_CHANGE
01-28 17:50:33.328 D/CSUtil  ( 2534): serverTime = 1390928264131
01-28 17:50:33.328 D/MyReportAgent( 2922): android.net.conn.CONNECTIVITY_CHANGE
01-28 17:50:33.328 D/CSUtil  ( 2534): serverTime = 50444
01-28 17:50:33.328 D/htcMessageUploader( 2949): Get CONNECTIVITY_ACTION intent 
01-28 17:50:33.328 D/CSUtil  ( 2534): curGMTTime = 64233338
01-28 17:50:33.328 D/Socket_Alarm( 2949): registerHTCSocketMonitorCallBack
01-28 17:50:33.328 D/Socket_Alarm( 2949): set mSocketMonitor
01-28 17:50:33.328 D/Socket_Alarm( 2949): HTCSocketMonitorImpl::HTCSocketMonitorImpl
01-28 17:50:33.338 D/MyReportAgent( 2922): ReportService [##] onCreate(), this = com.htc.reportagent.ReportService@4067fe08
01-28 17:50:33.338 D/MyReportAgent( 2922): ReportService [##] onStartCommand(), flags = 2, startId = 1, intent = Intent { act=android.net.conn.CONNECTIVITY_CHANGE flg=0x10000010 cmp=com.htc.reportagent/.ReportService (has extras) }, this = com.htc.reportagent.ReportService@4067fe08
01-28 17:50:33.348 D/AutoSetting( 2590): receiver - NetworkInfo: type: WIFI[], state: DISCONNECTED/DISCONNECTED, reason: (unspecified), extra: (none), roaming: false, failover: false, isAvailable: true, isIpv4Connected: false, isIpv6Connected: false
01-28 17:50:33.348 I/htcMessageUploader( 2949): == UploadMessageReceiver finished ==
01-28 17:50:33.348 D/AutoSetting( 2590): Util - no network available!
01-28 17:50:33.358 D/AutoSetting( 2590): service - onStartCommand() action: com.htc.app.autosetting.cancellocationupdate
01-28 17:50:33.358 D/AutoSetting( 2590): service - mHandler: cancel location update
01-28 17:50:33.358 D/AutoSetting( 2590): service -           changes count: 0
01-28 17:50:33.368 D/UPolicy ( 2922): IUserBehaviorLoggingService reference is gotten !
01-28 17:50:33.368 W/TelephonyManager( 1714): Hidden constructor called more than once per process!
01-28 17:50:33.378 W/TelephonyManager( 1714): Original: com.google.android.gsf, new: com.google.android.gsf
01-28 17:50:33.378 D/dalvikvm( 2912): GC_CONCURRENT freed 178K, 4% free 6714K/6983K, paused 1ms+5ms
01-28 17:50:33.408 W/ContentService( 1574): binderDied() at ObserverNode name com.google.android.gsf.gservices
01-28 17:50:33.929 I/System.out( 2855): Location: unknown | WiFiNavigator running:false
01-28 17:50:33.929 I/System.out( 2855): Battery level: 100 | Time difference: -1
01-28 17:50:36.922 I/System.out( 2855): Location: unknown | WiFiNavigator running:false
01-28 17:50:36.942 I/System.out( 2855): Battery level: 100 | Time difference: -1
01-28 17:50:38.343 D/dalvikvm( 2541): GC_EXPLICIT freed 164K, 9% free 8758K/9607K, paused 11ms+2ms
01-28 17:50:38.403 D/MyReportAgent( 2922): ReportService [##] onDestroy(), this =com.htc.reportagent.ReportService@4067fe08
01-28 17:50:38.403 D/MyReportAgent( 2922): ReportServiceHandler [##] call stopSelfResult() startId = 1, reurn true
01-28 17:50:39.925 I/System.out( 2855): Location: unknown | WiFiNavigator running:false
01-28 17:50:39.925 I/System.out( 2855): Battery level: 100 | Time difference: -1
01-28 17:50:40.875 I/wpa_supplicant( 1775): Authentication with 00:00:00:00:00:00 timed out.
01-28 17:50:40.875 V/WifiMonitor( 1574): Event [Authentication with 00:00:00:00:00:00 timed out.]
