--------- beginning of /dev/log/main
01-28 17:49:36.182 I/wpa_supplicant( 1775): CTRL-EVENT-STATE-CHANGE id=0 state=4 BSSID=9c:4e:20:c8:9e:71
01-28 17:49:36.182 V/WifiMonitor( 1574): Event [CTRL-EVENT-STATE-CHANGE id=0 state=4 BSSID=9c:4e:20:c8:9e:71]
01-28 17:49:36.192 D/WifiStateMachine( 1574): Changing supplicant state: ASSOCIATING ==> ASSOCIATED
01-28 17:49:36.192 D/WifiStateMachine( 1574): setDetailed state, old =CONNECTING and new state=CONNECTING
01-28 17:49:36.192 I/wpa_supplicant( 1775): Associated with 9c:4e:20:c8:9e:71
01-28 17:49:36.192 I/wpa_supplicant( 1775): CTRL-REQ-CUSTOMIZATION-0:Identity
01-28 17:49:36.192 V/WifiMonitor( 1574): Event [Associated with 9c:4e:20:c8:9e:71]
01-28 17:49:36.192 I/wpa_supplicant( 1775): RX EAPOL from 9c:4e:20:c8:9e:71
01-28 17:49:36.202 V/WifiMonitor( 1574): Event [CTRL-REQ-CUSTOMIZATION-0:Identity]
01-28 17:49:36.202 I/wpa_supplicant( 1775): RX EAPOL:return ,due to keystore locked
01-28 17:49:36.202 I/WifiMonitor( 1574): [EAP-MSG] Req: CUSTOMIZATION-0:Identity
01-28 17:49:36.993 I/wpa_supplicant( 1775): TX EAPOL: type=1, dst=9c:4e:20:c8:9e:71
01-28 17:49:36.993 I/wpa_supplicant( 1775): l2_packet_send: ret = '4'
01-28 17:49:36.993 I/wpa_supplicant( 1775): RX EAPOL from 9c:4e:20:c8:9e:71
01-28 17:49:36.993 I/wpa_supplicant( 1775): RX EAPOL:return ,due to keystore locked
01-28 17:49:38.445 I/wpa_supplicant( 1775): CTRL-EVENT-STATE-CHANGE id=0 state=4 BSSID=00:00:00:00:00:00
01-28 17:49:38.445 V/WifiMonitor( 1574): Event [CTRL-EVENT-STATE-CHANGE id=0 state=4 BSSID=00:00:00:00:00:00]
01-28 17:49:38.445 D/WifiStateMachine( 1574): Changing supplicant state: ASSOCIATED ==> ASSOCIATED
01-28 17:49:38.445 D/WifiStateMachine( 1574): setDetailed state, old =CONNECTING and new state=CONNECTING
01-28 17:49:38.455 I/wpa_supplicant( 1775): Associated with 9c:4e:20:c8:b0:f1
01-28 17:49:38.455 V/WifiMonitor( 1574): Event [Associated with 9c:4e:20:c8:b0:f1]
01-28 17:49:38.455 I/wpa_supplicant( 1775): CTRL-REQ-CUSTOMIZATION-0:Identity
01-28 17:49:38.455 V/WifiMonitor( 1574): Event [CTRL-REQ-CUSTOMIZATION-0:Identity]
01-28 17:49:38.455 I/WifiMonitor( 1574): [EAP-MSG] Req: CUSTOMIZATION-0:Identity
01-28 17:49:38.465 I/wpa_supplicant( 1775): RX EAPOL from 9c:4e:20:c8:b0:f1
01-28 17:49:38.465 I/wpa_supplicant( 1775): RX EAPOL:return ,due to keystore locked
01-28 17:49:38.535 D/dalvikvm( 1813): GC_CONCURRENT freed 447K, 10% free 6849K/7559K, paused 1ms+1ms
01-28 17:49:38.865 D/AutoSetting( 2590): service - mRequestRunnable: screen on delay 10s, request NLP now
01-28 17:49:38.875 D/AutoSetting( 2590): service - requestNLP() NetworkLocationProvider not enabled
01-28 17:49:38.985 I/wpa_supplicant( 1775): TX EAPOL: type=1, dst=9c:4e:20:c8:b0:f1
01-28 17:49:38.985 I/wpa_supplicant( 1775): l2_packet_send: ret = '4'
01-28 17:49:38.995 I/wpa_supplicant( 1775): RX EAPOL from 9c:4e:20:c8:b0:f1
01-28 17:49:38.995 I/wpa_supplicant( 1775): RX EAPOL:return ,due to keystore locked
01-28 17:49:43.560 D/dalvikvm( 2552): GC_EXPLICIT freed 135K, 8% free 6734K/7303K, paused 6ms+1ms
01-28 17:49:48.464 I/wpa_supplicant( 1775): Authentication with 9c:4e:20:c8:b0:f1 timed out.
01-28 17:49:48.464 V/WifiMonitor( 1574): Event [Authentication with 9c:4e:20:c8:b0:f1 timed out.]
01-28 17:49:48.474 I/wpa_supplicant( 1775): CTRL-EVENT-STATE-CHANGE id=0 state=0 BSSID=00:00:00:00:00:00
01-28 17:49:48.474 V/WifiMonitor( 1574): Event [CTRL-EVENT-STATE-CHANGE id=0 state=0 BSSID=00:00:00:00:00:00]
01-28 17:49:48.474 D/WifiStateMachine( 1574): Changing supplicant state: ASSOCIATED ==> DISCONNECTED
01-28 17:49:48.474 D/WifiStateMachine( 1574): setDetailed state, old =CONNECTING and new state=DISCONNECTED
01-28 17:49:48.484 I/wpa_supplicant( 1775): CTRL-EVENT-DISCONNECTED - Disconnect event - remove keys
01-28 17:49:48.504 V/WifiMonitor( 1574): Event [CTRL-EVENT-DISCONNECTED - Disconnect event - remove keys]
01-28 17:49:48.524 I/wpa_supplicant( 1775): CTRL-EVENT-STATE-CHANGE id=-1 state=0 BSSID=00:00:00:00:00:00
01-28 17:49:48.524 V/WifiMonitor( 1574): Event [CTRL-EVENT-STATE-CHANGE id=-1 state=0 BSSID=00:00:00:00:00:00]
01-28 17:49:48.524 D/WifiStateMachine( 1574): Changing supplicant state: DISCONNECTED ==> DISCONNECTED
01-28 17:49:48.524 D/WifiStateMachine( 1574): setDetailed state, old =DISCONNECTED and new state=DISCONNECTED
01-28 17:49:48.534 D/UsbnetService( 1574): BroadcastReceiver::onReceive+
01-28 17:49:48.534 D/UsbnetService( 1574): onReceive BATTERY_CHANGED
01-28 17:49:48.534 D/UsbnetService( 1574):  --> pluggedType = 2, mPluggedType = 0, mScreenOff = false
01-28 17:49:48.534 D/UsbnetService( 1574): BroadcastReceiver::onReceive-
01-28 17:49:48.534 D/RemoveMe( 1674): DCT got intent android.intent.action.BATTERY_CHANGED
--------- beginning of /dev/log/system
01-28 17:49:48.534 D/WifiService( 1574): ACTION_BATTERY_CHANGED pluggedType: 2
01-28 17:49:48.534 D/NotificationService( 1574): mIntentReceiver() Intent.ACTION_BATTERY_CHANGED
01-28 17:49:48.534 D/PowerUI ( 1650): closing low battery warning: level=100
01-28 17:49:48.544 D/RemoveMe( 1674): DCT got intent android.intent.action.BATTERY_CHANGED
01-28 17:49:48.544 D/RemoveMe( 1674): DCT got intent android.intent.action.BATTERY_CHANGED
01-28 17:49:48.544 D/BatteryService( 1574): SendIntentforPowersaver
01-28 17:49:48.544 D/BatteryService( 1574): Current powersaver status == NORMAL_STATUS1 5 2 false
01-28 17:49:48.544 D/PowerUI ( 1650): plugged = true, health = 2, mBatteryLevel = 100, mPluggedBatteryLevel = 100, mLowBatteryWarningLevel2 = 25, mshowLowChargingWarning2 = true
01-28 17:49:48.584 I/wpa_supplicant( 1775): CTRL-EVENT-STATE-CHANGE id=-1 state=2 BSSID=00:00:00:00:00:00
01-28 17:49:48.584 V/WifiMonitor( 1574): Event [CTRL-EVENT-STATE-CHANGE id=-1 state=2 BSSID=00:00:00:00:00:00]
01-28 17:49:48.584 D/WifiStateMachine( 1574): Changing supplicant state: DISCONNECTED ==> SCANNING
01-28 17:49:48.584 D/WifiStateMachine( 1574): setDetailed state, old =DISCONNECTED and new state=SCANNING
01-28 17:49:48.634 D/dalvikvm( 1813): GC_CONCURRENT freed 447K, 10% free 6849K/7559K, paused 1ms+2ms
01-28 17:49:49.686 I/wpa_supplicant( 1775): got scan complete
01-28 17:49:49.686 I/wpa_supplicant( 1775): wpa_supplicant_get_scan_results:return scan results2
01-28 17:49:49.686 I/wpa_supplicant( 1775): AP:ssid[BTOpenzone],rssi[-53],BSSID=9c:4e:20:c8:b0:f0
01-28 17:49:49.686 I/wpa_supplicant( 1775): AP:ssid[uos-visitor],rssi[-55],BSSID=9c:4e:20:c8:b0:f4
01-28 17:49:49.686 I/wpa_supplicant( 1775): AP:ssid[eduroam],rssi[-53],BSSID=9c:4e:20:c8:b0:f2
01-28 17:49:49.686 I/wpa_supplicant( 1775): AP:ssid[cs],rssi[-55],BSSID=9c:4e:20:c8:b0:f1
01-28 17:49:49.686 I/wpa_supplicant( 1775): AP:ssid[uos-connect],rssi[-56],BSSID=9c:4e:20:c8:b0:f3
01-28 17:49:49.686 I/wpa_supplicant( 1775): AP:ssid[cs],rssi[-72],BSSID=9c:4e:20:c8:cc:51
01-28 17:49:49.686 I/wpa_supplicant( 1775): AP:ssid[uos-connect],rssi[-71],BSSID=9c:4e:20:c8:cc:53
01-28 17:49:49.686 I/wpa_supplicant( 1775): AP:ssid[eduroam],rssi[-83],BSSID=9c:4e:20:c8:9e:72
01-28 17:49:49.696 I/wpa_supplicant( 1775): AP:ssid[BTOpenzone],rssi[-72],BSSID=9c:4e:20:c8:cc:50
01-28 17:49:49.696 I/wpa_supplicant( 1775): AP:ssid[uos-visitor],rssi[-72],BSSID=9c:4e:20:c8:cc:54
01-28 17:49:49.696 I/wpa_supplicant( 1775): AP:ssid[eduroam],rssi[-72],BSSID=9c:4e:20:c8:cc:52
01-28 17:49:49.696 I/wpa_supplicant( 1775): AP:ssid[uos-connect],rssi[-82],BSSID=9c:4e:20:c8:9e:73
01-28 17:49:49.696 I/wpa_supplicant( 1775): AP:ssid[BTOpenzone],rssi[-82],BSSID=9c:4e:20:c8:9e:70
01-28 17:49:49.696 I/wpa_supplicant( 1775): AP:ssid[uos-visitor],rssi[-82],BSSID=9c:4e:20:c8:9e:74
01-28 17:49:49.696 I/wpa_supplicant( 1775): AP:ssid[cs],rssi[-81],BSSID=9c:4e:20:c8:9e:71
01-28 17:49:49.696 I/wpa_supplicant( 1775): AP:ssid[hpsetup],rssi[-94],BSSID=c2:ce:46:d5:40:9c
01-28 17:49:49.696 I/wpa_supplicant( 1775): Received 2960 bytes of scan results (16 BSSes)
01-28 17:49:49.696 I/wpa_supplicant( 1775): wpa_driver_wext_get_scan_results---
01-28 17:49:49.696 I/wpa_supplicant( 1775): supplicant attached completed, trigger assoc.
01-28 17:49:49.696 I/wpa_supplicant( 1775): Trying to associate with 9c:4e:20:c8:9e:71 (SSID='cs' freq=2472 MHz)
01-28 17:49:49.706 V/WifiMonitor( 1574): Event [Trying to associate with 9c:4e:20:c8:9e:71 (SSID='cs' freq=2472 MHz)]
01-28 17:49:49.706 I/wpa_supplicant( 1775): CTRL-EVENT-STATE-CHANGE id=-1 state=3 BSSID=9c:4e:20:c8:9e:71
01-28 17:49:49.716 V/WifiMonitor( 1574): Event [CTRL-EVENT-STATE-CHANGE id=-1 state=3 BSSID=9c:4e:20:c8:9e:71]
01-28 17:49:49.846 D/WifiStateMachine( 1574): Changing supplicant state: SCANNING ==> ASSOCIATING
01-28 17:49:49.846 D/WifiStateMachine( 1574): setDetailed state, old =SCANNING and new state=CONNECTING
01-28 17:49:49.846 I/keystore( 1445): uid: 1000 action: t -> 2 state: 2 -> 2 retry: 4
01-28 17:49:49.846 I/wpa_supplicant( 1775): DISABLE_80211X
01-28 17:49:49.846 I/wpa_supplicant( 1775): CTRL_IFACE: wpa_supplicant_ctrl_iface_disable_80211X
01-28 17:49:51.277 I/wpa_supplicant( 1775): CTRL-EVENT-STATE-CHANGE id=0 state=4 BSSID=9c:4e:20:c8:9e:71
01-28 17:49:51.277 V/WifiMonitor( 1574): Event [CTRL-EVENT-STATE-CHANGE id=0 state=4 BSSID=9c:4e:20:c8:9e:71]
01-28 17:49:51.277 D/WifiStateMachine( 1574): Changing supplicant state: ASSOCIATING ==> ASSOCIATED
01-28 17:49:51.287 D/WifiStateMachine( 1574): setDetailed state, old =CONNECTING and new state=CONNECTING
01-28 17:49:51.287 I/wpa_supplicant( 1775): Associated with 9c:4e:20:c8:9e:71
01-28 17:49:51.287 V/WifiMonitor( 1574): Event [Associated with 9c:4e:20:c8:9e:71]
01-28 17:49:51.287 I/wpa_supplicant( 1775): CTRL-REQ-CUSTOMIZATION-0:Identity
01-28 17:49:51.287 V/WifiMonitor( 1574): Event [CTRL-REQ-CUSTOMIZATION-0:Identity]
01-28 17:49:51.287 I/WifiMonitor( 1574): [EAP-MSG] Req: CUSTOMIZATION-0:Identity
01-28 17:49:51.297 I/wpa_supplicant( 1775): RX EAPOL from 9c:4e:20:c8:9e:71
01-28 17:49:51.297 I/wpa_supplicant( 1775): RX EAPOL:return ,due to keystore locked
01-28 17:49:52.008 I/wpa_supplicant( 1775): TX EAPOL: type=1, dst=9c:4e:20:c8:9e:71
01-28 17:49:52.008 I/wpa_supplicant( 1775): l2_packet_send: ret = '4'
01-28 17:49:52.008 I/wpa_supplicant( 1775): RX EAPOL from 9c:4e:20:c8:9e:71
01-28 17:49:52.008 I/wpa_supplicant( 1775): RX EAPOL:return ,due to keystore locked
01-28 17:49:52.148 D/AndroidRuntime( 2736): 
01-28 17:49:52.148 D/AndroidRuntime( 2736): >>>>>> AndroidRuntime START com.android.internal.os.RuntimeInit <<<<<<
01-28 17:49:52.148 D/AndroidRuntime( 2736): CheckJNI is OFF
01-28 17:49:52.238 D/CursorWindowStats( 2736): Get CursorWindow size from framework resource:4194304
01-28 17:49:52.288 D/AndroidRuntime( 2736): Calling main entry com.android.commands.pm.Pm
01-28 17:49:52.298 I/ActivityManager( 1574): Start proc com.android.defcontainer for service com.android.defcontainer/.DefaultContainerService: pid=2744 uid=10087 gids={1015, 2001}
01-28 17:49:52.368 D/dalvikvm( 2744): GC_EXPLICIT freed 40K, 5% free 6458K/6787K, paused 1ms+1ms
01-28 17:49:52.658 W/ActivityManager( 1574): No content provider found for: 
01-28 17:49:52.668 W/ActivityManager( 1574): No content provider found for: 
01-28 17:49:52.668 I/ActivityManager( 1574): No longer want com.htc.demoflopackageinstaller (pid 2422): hidden #16
01-28 17:49:52.678 D/PackageParser( 1574): Scanning package: /data/app/vmdl1143234150.tmp
01-28 17:49:52.748 I/PackageManager( 1574): Removing non-system package:uk.ac.st_andrews.cs.host.mk74.inlocy
01-28 17:49:52.748 I/ActivityManager( 1574): Force stopping package uk.ac.st_andrews.cs.host.mk74.inlocy uid=10113
01-28 17:49:53.109 D/PackageManager( 1574): Scanning package uk.ac.st_andrews.cs.host.mk74.inlocy
01-28 17:49:53.129 I/PackageManager( 1574): Package uk.ac.st_andrews.cs.host.mk74.inlocy codePath changed from /data/app/uk.ac.st_andrews.cs.host.mk74.inlocy-2.apk to /data/app/uk.ac.st_andrews.cs.host.mk74.inlocy-1.apk; Retaining data and using new
01-28 17:49:53.129 I/PackageManager( 1574): Unpacking native libraries for /data/app/uk.ac.st_andrews.cs.host.mk74.inlocy-1.apk
01-28 17:49:53.159 D/dalvikvm( 1574): GC_CONCURRENT freed 1934K, 13% free 15993K/18311K, paused 3ms+4ms
01-28 17:49:53.279 I/wpa_supplicant( 1775): CTRL-EVENT-STATE-CHANGE id=0 state=4 BSSID=00:00:00:00:00:00
01-28 17:49:53.279 V/WifiMonitor( 1574): Event [CTRL-EVENT-STATE-CHANGE id=0 state=4 BSSID=00:00:00:00:00:00]
01-28 17:49:53.279 D/WifiStateMachine( 1574): Changing supplicant state: ASSOCIATED ==> ASSOCIATED
01-28 17:49:53.279 D/WifiStateMachine( 1574): setDetailed state, old =CONNECTING and new state=CONNECTING
01-28 17:49:53.289 I/wpa_supplicant( 1775): Associated with 9c:4e:20:c8:b0:f1
01-28 17:49:53.289 I/wpa_supplicant( 1775): CTRL-REQ-CUSTOMIZATION-0:Identity
01-28 17:49:53.289 V/WifiMonitor( 1574): Event [Associated with 9c:4e:20:c8:b0:f1]
01-28 17:49:53.289 V/WifiMonitor( 1574): Event [CTRL-REQ-CUSTOMIZATION-0:Identity]
01-28 17:49:53.289 I/WifiMonitor( 1574): [EAP-MSG] Req: CUSTOMIZATION-0:Identity
01-28 17:49:53.299 I/wpa_supplicant( 1775): RX EAPOL from 9c:4e:20:c8:b0:f1
01-28 17:49:53.299 I/wpa_supplicant( 1775): RX EAPOL:return ,due to keystore locked
01-28 17:49:53.459 D/dalvikvm( 2752): DexOpt: load 42ms, verify+opt 192ms
01-28 17:49:53.489 D/dalvikvm( 1813): GC_CONCURRENT freed 447K, 10% free 6849K/7559K, paused 1ms+1ms
01-28 17:49:53.709 I/ActivityManager( 1574): Force stopping package uk.ac.st_andrews.cs.host.mk74.inlocy uid=10113
01-28 17:49:53.709 W/PackageManager( 1574): Code path for pkg : uk.ac.st_andrews.cs.host.mk74.inlocy changing from /data/app/uk.ac.st_andrews.cs.host.mk74.inlocy-2.apk to /data/app/uk.ac.st_andrews.cs.host.mk74.inlocy-1.apk
01-28 17:49:53.709 D/PackageManager( 1574):   Activities: uk.ac.st_andrews.cs.host.mk74.inlocy.MainActivity
01-28 17:49:53.709 W/PackageManager( 1574): Resource path for pkg : uk.ac.st_andrews.cs.host.mk74.inlocy changing from /data/app/uk.ac.st_andrews.cs.host.mk74.inlocy-2.apk to /data/app/uk.ac.st_andrews.cs.host.mk74.inlocy-1.apk
01-28 17:49:53.880 D/PackageManager( 1574): [embedded] New package installed in /data/app/uk.ac.st_andrews.cs.host.mk74.inlocy-1.apk
01-28 17:49:54.000 I/wpa_supplicant( 1775): TX EAPOL: type=1, dst=9c:4e:20:c8:b0:f1
01-28 17:49:54.000 I/wpa_supplicant( 1775): l2_packet_send: ret = '4'
01-28 17:49:54.000 I/wpa_supplicant( 1775): RX EAPOL from 9c:4e:20:c8:b0:f1
01-28 17:49:54.000 I/wpa_supplicant( 1775): RX EAPOL:return ,due to keystore locked
01-28 17:49:54.060 I/ActivityManager( 1574): Force stopping package uk.ac.st_andrews.cs.host.mk74.inlocy uid=10113
01-28 17:49:54.130 D/dalvikvm( 2574): GC_EXPLICIT freed 1077K, 20% free 11187K/13895K, paused 2ms+3ms
01-28 17:49:54.160 D/dalvikvm( 1675): GC_EXPLICIT freed 799K, 11% free 7793K/8711K, paused 1ms+3ms
01-28 17:49:54.180 D/PhoneApp( 1674): -- PackageChangeBroadcastReceiver  action = android.intent.action.PACKAGE_REMOVED
01-28 17:49:54.180 D/Launcher.Model( 2574): onReceive intent=Intent { act=android.intent.action.PACKAGE_REMOVED dat=package:uk.ac.st_andrews.cs.host.mk74.inlocy flg=0x10000010 (has extras) }
01-28 17:49:54.180 I/ActivityManager( 1574): Start proc com.android.smith for broadcast com.android.smith/.PackageReceiver: pid=2753 uid=10009 gids={1007, 1015}
01-28 17:49:54.240 I/SM:lib  ( 2753): JNI_OnLoad(): library version = 5
01-28 17:49:54.250 I/SM:lib  ( 2753): JNI_OnLoad(): result = 0x10004
01-28 17:49:54.260 D/SM:HtcNative( 2753): system lib, 4.0.honeycomb.HTK75C-flyer-l5-s16
01-28 17:49:54.260 D/SM:PackageReceiver( 2753): package removed: package:uk.ac.st_andrews.cs.host.mk74.inlocy
01-28 17:49:54.260 D/WidgetScanner( 2574): onReceive: Intent { act=android.intent.action.PACKAGE_REMOVED dat=package:uk.ac.st_andrews.cs.host.mk74.inlocy flg=0x10000010 cmp=com.htc.launcher/.widget.WidgetScannerTrigger (has extras) }
01-28 17:49:54.260 I/ActivityManager( 1574): No longer want com.htc.ereader (pid 2417): hidden #16
01-28 17:49:54.260 I/ActivityManager( 1574): Start proc com.htc.launcher.widgetscanner for service com.htc.launcher/.widget.WidgetScannerService: pid=2760 uid=9999 gids={3003, 3002, 3001, 2001, 1015}
01-28 17:49:54.270 I/ActivityManager( 1574): Start proc com.htc.opensense for broadcast com.htc.opensense/.pluginmanager.RegisterReceiver: pid=2761 uid=10013 gids={2001, 3003, 1006, 1015}
01-28 17:49:54.290 D/PackageManager( 1574): generateServicesMap(android.accounts.AccountAuthenticator): 13 services unchanged
01-28 17:49:54.390 I/ActivityManager( 1574): Start proc com.htc.cs for broadcast com.htc.cs/.plugin.PluginRegisterReceiver: pid=2774 uid=10041 gids={3003, 1015}
01-28 17:49:54.410 D/PackageManager( 1574): generateServicesMap(android.content.SyncAdapter): 21 services unchanged
01-28 17:49:54.440 D/dalvikvm( 1439): GC_EXPLICIT freed 12K, 5% free 6453K/6787K, paused 1ms+1ms
01-28 17:49:54.480 I/ActivityThread( 2774): Pub com.htc.connectedservice.csprovider: com.htc.cs.provider.ConnectedServiceProvider
01-28 17:49:54.490 I/ActivityThread( 2774): Pub com.htc.cs.dashboard: com.htc.cs.sync.dashboard.DashboardProvider
01-28 17:49:54.500 D/dalvikvm( 1439): GC_EXPLICIT freed <1K, 5% free 6453K/6787K, paused 1ms+1ms
01-28 17:49:54.530 D/dalvikvm( 1439): GC_EXPLICIT freed <1K, 5% free 6453K/6787K, paused 1ms+1ms
01-28 17:49:54.530 I/RegisterService( 2761): android.intent.action.PACKAGE_REMOVED package:uk.ac.st_andrews.cs.host.mk74.inlocy
01-28 17:49:54.540 D/LauncherApplication( 2760): + LauncherApplication onCreate()
01-28 17:49:54.560 D/vicky   ( 2774): vicky received: android.intent.action.PACKAGE_REMOVED
01-28 17:49:54.570 D/SqliteDatabaseCpp( 2590): dbopen(): path = /data/data/com.htc.opensense/databases , key = vecawtvq, flag = 6, file size = 23552
01-28 17:49:54.570 D/SqliteDatabaseCpp( 2590): dbopen(): path = /data/data/com.htc.opensense/databases , key = vecawtvq, mode: delete, disk free size: 7851 M, handle: 0x26e4a0
01-28 17:49:54.570 D/PhoneApp( 1674): -- PackageChangeBroadcastReceiver  action = android.intent.action.PACKAGE_ADDED
01-28 17:49:54.580 D/Launcher.Model( 2574): onReceive intent=Intent { act=android.intent.action.PACKAGE_ADDED dat=package:uk.ac.st_andrews.cs.host.mk74.inlocy flg=0x10000010 (has extras) }
01-28 17:49:54.580 D/Launcher.Model( 2574): mAllAppsList.updatePackage uk.ac.st_andrews.cs.host.mk74.inlocy
01-28 17:49:54.580 D/PackageManager( 1574): generateServicesMap(android.accounts.AccountAuthenticator): 13 services unchanged
01-28 17:49:54.600 D/PackageManager( 1574): generateServicesMap(android.content.SyncAdapter): 21 services unchanged
01-28 17:49:54.640 I/ActivityManager( 1574): Start proc com.htc.wdm for broadcast com.htc.wdm/.receiver.HTCDirectReceiver: pid=2783 uid=10070 gids={3003, 2001, 1015}
01-28 17:49:54.650 D/LauncherApplication( 2760): - LauncherApplication onCreate()
01-28 17:49:54.660 D/dalvikvm( 2760): GC_CONCURRENT freed 164K, 4% free 6773K/7047K, paused 2ms+22ms
01-28 17:49:54.690 I/ActivityManager( 1574): No longer want com.htc.sdm (pid 2186): hidden #16
01-28 17:49:54.901 I/ActivityThread( 2783): Pub com.htc.wdm.provider.HtcDirectCarouselProvider: com.htc.wdm.provider.HtcDirectCarouselProvider
01-28 17:49:54.901 I/ActivityThread( 2783): Pub com.htc.wdm.status.HtcDirectProvider: com.htc.wdm.status.HtcDirectProvider
01-28 17:49:54.931 D/HTC Hub ( 2783): /mnt/sdcard/.LHYGB/CKCL
01-28 17:49:54.931 D/HTC Hub ( 2783): no token file
01-28 17:49:54.931 D/HTC Hub ( 2783): no token file
01-28 17:49:54.931 D/HTC Hub ( 2783): Log settings are 
01-28 17:49:54.931 D/HTC Hub ( 2783): Enable General Log : false
01-28 17:49:54.931 D/HTC Hub ( 2783): Enable Analytic Log : false
01-28 17:49:54.931 D/HTC Hub ( 2783): Enable Normal Log Level (dependent on General Log) : false
01-28 17:49:54.931 D/HTC Hub ( 2783): Enable Critical Log Level (dependent on General Log) : false
01-28 17:49:54.941 I/ActivityManager( 1574): No longer want com.htc.musicenhancer (pid 2443): hidden #16
01-28 17:49:54.951 D/SM:PackageReceiver( 2753): package added: package:uk.ac.st_andrews.cs.host.mk74.inlocy
01-28 17:49:55.021 D/CombinedWidgetProvider( 2574): +addAppWidget
01-28 17:49:55.021 D/CombinedWidgetProvider( 2574): addAppWidget: WidgetSummary(YouTube/APP_WIDGET/[I@40758230 x [I@40758250/-1/ComponentInfo{com.google.android.youtube/com.google.android.youtube.app.honeycomb.widget.WidgetProvider}/[I@40758270)
01-28 17:49:55.021 D/CombinedWidgetProvider( 2574): addAppWidget: WidgetSummary(Twitter (large)/APP_WIDGET/[I@406799c8 x [I@40d3cd90/-1/ComponentInfo{com.twitter.android/com.twitter.android.client.WidgetLargeProvider}/[I@40d3cdb0)
01-28 17:49:55.021 D/CombinedWidgetProvider( 2574): addAppWidget: WidgetSummary(Twitter (small)/APP_WIDGET/[I@40ceecb0 x [I@40a3ccd0/-1/ComponentInfo{com.twitter.android/com.twitter.android.client.WidgetSmallProvider}/[I@40a3ccf0)
01-28 17:49:55.021 D/CombinedWidgetProvider( 2574): addAppWidget: WidgetSummary(Traffic/APP_WIDGET/[I@40815c78 x [I@4080f9f0/-1/ComponentInfo{com.google.android.apps.maps/com.google.googlenav.appwidget.traffic.TrafficAppWidget}/[I@4080fa10)
01-28 17:49:55.021 D/CombinedWidgetProvider( 2574): addAppWidget: WidgetSummary(Latitude/APP_WIDGET/[I@407042e0 x [I@40704300/-1/ComponentInfo{com.google.android.apps.maps/com.google.googlenav.appwidget.friends.FriendsAppWidgetProvider}/[I@40704320)
01-28 17:49:55.021 D/CombinedWidgetProvider( 2574): addAppWidget: WidgetSummary(Market/APP_WIDGET/[I@407187a0 x [I@407187c0/-1/ComponentInfo{com.android.vending/com.android.vending.MarketWidgetProvider}/[I@40707fe0)
01-28 17:49:55.021 D/CombinedWidgetProvider( 2574): addAppWidget: WidgetSummary(Google Search/APP_WIDGET/[I@4075f968 x [I@4075f988/-1/ComponentInfo{com.google.android.googlequicksearchbox/com.google.android.googlequicksearchbox.SearchWidgetProvider}/[I@4075f9a8)
01-28 17:49:55.021 D/CombinedWidgetProvider( 2574): addAppWidget: WidgetSummary(Gmail/APP_WIDGET/[I@40d20ab8 x [I@40d1db10/-1/ComponentInfo{com.google.android.gm/com.google.android.gm.widget.GmailWidgetProvider}/[I@40d1db30)
01-28 17:49:55.021 D/CombinedWidgetProvider( 2574): addAppWidget: WidgetSummary(Bookmarks/APP_WIDGET/[I@40846748 x [I@40846390/-1/ComponentInfo{com.android.browser/com.android.browser.widget.BookmarkThumbnailWidgetProvider}/[I@408463b0)
01-28 17:49:55.021 D/CombinedWidgetProvider( 2574): -addAppWidget
01-28 17:49:55.021 D/CombinedWidgetProvider( 2574): +addHtcWidgets, cat: -1
01-28 17:49:55.021 D/CombinedWidgetProvider( 2574):  uri: content://com.htc.launcher.widget.htcwidget/htcwidgets?widget_only=true
01-28 17:49:55.021 D/WidgetScanner( 2574): onReceive: Intent { act=android.intent.action.PACKAGE_ADDED dat=package:uk.ac.st_andrews.cs.host.mk74.inlocy flg=0x10000010 cmp=com.htc.launcher/.widget.WidgetScannerTrigger (has extras) }
01-28 17:49:55.041 D/HtcWidgetProvider( 2574): row 1
01-28 17:49:55.041 I/ActivityManager( 1574): Start proc com.svox.pico for broadcast com.svox.pico/.VoiceDataInstallerReceiver: pid=2792 uid=10031 gids={}
01-28 17:49:55.051 D/CombinedWidgetProvider( 2574): addHtcWidget: WidgetSummary(Tips for Home/HTC_WIDGET/[I@406f5f18 x [I@406f5f38/1101/ComponentInfo{com.htc.rosiewidgets.tip/com.htc.rosiewidgets.tip.TipWidgetItem}/[I@40d19cd0)
01-28 17:49:55.051 D/CombinedWidgetProvider( 2574): -addHtcWidgets
01-28 17:49:55.051 D/CombinedWidgetProvider( 2574): +addFxWidgets , provider: null
01-28 17:49:55.051 D/FxWidgetProviderInfoCollector( 2574): getAllStyles + [Ljava.lang.String;@406d1020 @ 
01-28 17:49:55.061 D/FxWidgetProvider( 2574): row 94
01-28 17:49:55.271 D/WidgetScanner( 2760): onReceiveInternal: Intent { act=android.intent.action.PACKAGE_REMOVED dat=package:uk.ac.st_andrews.cs.host.mk74.inlocy flg=0x10000010 cmp=com.htc.launcher/.widget.WidgetScannerService (has extras) }
01-28 17:49:55.341 D/HtcWidgetScanner( 2760): onPackageRemoved: uk.ac.st_andrews.cs.host.mk74.inlocy
01-28 17:49:55.351 I/ActivityManager( 1574): Start proc com.htc.htchubsyncprovider for content provider com.htc.htchubsyncprovider/.provider.MyDownloadsProvider: pid=2799 uid=10069 gids={3003, 2001, 1015}
01-28 17:49:55.371 D/HtcWidgetProvider( 2574): update 0
01-28 17:49:55.381 I/ActivityManager( 1574): No longer want com.htc.pen (pid 2108): hidden #16
01-28 17:49:55.421 I/ActivityThread( 2792): Pub com.svox.pico.providers.SettingsProvider: com.svox.pico.providers.SettingsProvider
01-28 17:49:55.421 I/ActivityThread( 2799): Pub com.htc.wdm.provider.WDMProvider: com.htc.htchubsyncprovider.provider.WDMProvider
01-28 17:49:55.421 I/ActivityThread( 2799): Pub com.htc.wotaproviders.MyDownloadsProvider: com.htc.htchubsyncprovider.provider.MyDownloadsProvider
01-28 17:49:55.431 D/vicky   ( 2774): vicky received: android.intent.action.PACKAGE_ADDED
01-28 17:49:55.461 I/ActivityManager( 1574): No longer want com.htc.home.personalize (pid 1865): hidden #16
01-28 17:49:55.471 D/GTalkService( 1714): [GTalkService.1] handlePackageInstalled: re-initialize providers
01-28 17:49:55.471 D/GTalkService( 1714): [RawStanzaProvidersMgr] ##### searchProvidersFromIntent
01-28 17:49:55.481 I/ActivityManager( 1574): Start proc com.google.android.partnersetup for broadcast com.google.android.partnersetup/.RlzPingBroadcastReceiver: pid=2806 uid=10081 gids={3003}
01-28 17:49:55.531 I/ActivityThread( 2806): Pub com.google.android.partnersetup.rlzprovider: com.google.android.partnersetup.RlzProvider
01-28 17:49:55.531 I/ActivityThread( 2806): Pub com.google.android.partnersetup.rlzappprovider: com.google.android.partnersetup.RlzAppProvider
01-28 17:49:55.551 I/ActivityManager( 1574): No longer want com.htc.android.mail (pid 2610): hidden #16
01-28 17:49:55.591 D/SM:PackageReceiver( 2753): package replaced: package:uk.ac.st_andrews.cs.host.mk74.inlocy
01-28 17:49:55.591 I/RegisterService( 2761): android.intent.action.PACKAGE_ADDED package:uk.ac.st_andrews.cs.host.mk74.inlocy
01-28 17:49:55.601 I/ActivityManager( 1574): Start proc com.google.android.apps.maps:FriendService for broadcast com.google.android.apps.maps/com.google.googlenav.friend.android.ServiceReceiver: pid=2813 uid=10046 gids={3003, 1015}
01-28 17:49:55.631 I/RegisterService( 2761): android.intent.action.PACKAGE_REPLACED package:uk.ac.st_andrews.cs.host.mk74.inlocy
01-28 17:49:55.721 D/FxWidgetScanner( 2760): onPackageRemoved: uk.ac.st_andrews.cs.host.mk74.inlocy
01-28 17:49:55.721 D/FxWidgetScanner( 2760): removeFxWidgetList
01-28 17:49:55.751 D/dalvikvm( 2813): GC_CONCURRENT freed 155K, 4% free 6804K/7047K, paused 1ms+1ms
01-28 17:49:55.862 D/dalvikvm( 2813): GC_CONCURRENT freed 133K, 4% free 7132K/7367K, paused 1ms+1ms
01-28 17:49:55.872 D/SqliteDatabaseCpp( 2799): dbopen(): path = /data/data/com.htc.htchubsyncprovider/databases , key = mqdksjlkYdw, flag = 6, file size = 6144
01-28 17:49:55.872 D/SqliteDatabaseCpp( 2799): dbopen(): path = /data/data/com.htc.htchubsyncprovider/databases , key = mqdksjlkYdw, mode: delete, disk free size: 7851 M, handle: 0xdacd0
01-28 17:49:55.892 I/ActivityManager( 1574): No longer want com.htc.syncagent (pid 2672): hidden #16
01-28 17:49:55.982 D/Socket_Alarm( 2813): registerHTCSocketMonitorCallBack
01-28 17:49:55.982 D/Socket_Alarm( 2813): set mSocketMonitor
01-28 17:49:55.982 D/Socket_Alarm( 2813): HTCSocketMonitorImpl::HTCSocketMonitorImpl
01-28 17:49:56.002 D/FxWidgetScanner( 2760): delete 0
01-28 17:49:56.012 D/FxWidgetProvider( 2574): row 1
01-28 17:49:56.012 D/CombinedWidgetProvider( 2574): addFxWidget: WidgetSummary(Watch/FX_WIDGET/[I@40872cf0 x [I@40872d10/-2/ComponentInfo{com.htc.widget3d.watch/com.htc.widget3d.watch.WatchProvider}/[I@40872d30)
01-28 17:49:56.022 D/FxWidgetProvider( 2574): row 1
01-28 17:49:56.022 D/CombinedWidgetProvider( 2574): addFxWidget: WidgetSummary(Airplane Mode/FX_WIDGET/[I@40875090 x [I@408750b0/-2/ComponentInfo{com.htc.htcsettingwidgets/com.htc.htcsettingwidgets.AirplaneWidget}/[I@408750d0)
01-28 17:49:56.022 D/FxWidgetProvider( 2574): row 1
01-28 17:49:56.032 D/CombinedWidgetProvider( 2574): addFxWidget: WidgetSummary(Bluetooth/FX_WIDGET/[I@40877580 x [I@408775a0/-2/ComponentInfo{com.htc.htcsettingwidgets/com.htc.htcsettingwidgets.BTWidget}/[I@408775c0)
01-28 17:49:56.032 D/FxWidgetProvider( 2574): row 1
01-28 17:49:56.042 D/CombinedWidgetProvider( 2574): addFxWidget: WidgetSummary(GPS/FX_WIDGET/[I@408798f0 x [I@40879910/-2/ComponentInfo{com.htc.htcsettingwidgets/com.htc.htcsettingwidgets.GPSWidget}/[I@40879930)
01-28 17:49:56.042 D/FxWidgetProvider( 2574): row 1
01-28 17:49:56.042 D/CombinedWidgetProvider( 2574): addFxWidget: WidgetSummary(Wi-Fi Hotspot/FX_WIDGET/[I@4087bc50 x [I@4087bc70/-2/ComponentInfo{com.htc.htcsettingwidgets/com.htc.htcsettingwidgets.HotspotWidget}/[I@4087bc90)
01-28 17:49:56.042 D/FxWidgetProvider( 2574): row 1
01-28 17:49:56.052 D/CombinedWidgetProvider( 2574): addFxWidget: WidgetSummary(Mobile Network/FX_WIDGET/[I@4087e138 x [I@4087e158/-2/ComponentInfo{com.htc.htcsettingwidgets/com.htc.htcsettingwidgets.MobileNetworkWidget}/[I@4087e178)
01-28 17:49:56.052 D/FxWidgetProvider( 2574): row 1
01-28 17:49:56.062 D/CombinedWidgetProvider( 2574): addFxWidget: WidgetSummary(Wi-Fi/FX_WIDGET/[I@408805d0 x [I@408805f0/-2/ComponentInfo{com.htc.htcsettingwidgets/com.htc.htcsettingwidgets.WiFiWidget}/[I@40880610)
01-28 17:49:56.062 D/dalvikvm( 1714): GC_EXPLICIT freed 197K, 8% free 6844K/7367K, paused 2ms+6ms
01-28 17:49:56.062 D/FxWidgetProvider( 2574): row 1
01-28 17:49:56.062 D/WidgetScanner( 2760): upadted? false
01-28 17:49:56.072 D/CombinedWidgetProvider( 2574): addFxWidget: WidgetSummary(Mail/FX_WIDGET/[I@40882940 x [I@40882960/-2/ComponentInfo{com.htc.htcmailwidgets/com.htc.htcmailwidgets.WidgetReceiver}/[I@40882980)
01-28 17:49:56.082 D/FxWidgetProvider( 2574): row 3
01-28 17:49:56.092 D/FxWidgetProviderInfoCollector( 2574): more than one style shared the same component! Return the first one found.
01-28 17:49:56.092 D/CombinedWidgetProvider( 2574): addFxWidget: WidgetSummary(Mail/FX_WIDGET/[I@40884ca0 x [I@40884cc0/-2/ComponentInfo{com.htc.htcmailwidgets/com.htc.htcmailwidgets.WidgetReceiver}/[I@40884ce0)
01-28 17:49:56.092 I/ActivityManager( 1574): No longer want android.process.media (pid 1747): hidden #16
01-28 17:49:56.102 D/FxWidgetProvider( 2574): row 3
01-28 17:49:56.102 D/FxWidgetProviderInfoCollector( 2574): more than one style shared the same component! Return the first one found.
01-28 17:49:56.112 D/CombinedWidgetProvider( 2574): addFxWidget: WidgetSummary(Mail/FX_WIDGET/[I@40887010 x [I@40887030/-2/ComponentInfo{com.htc.htcmailwidgets/com.htc.htcmailwidgets.WidgetReceiver}/[I@40887050)
01-28 17:49:56.112 I/ActivityManager( 1574): No longer want com.htc.notes (pid 2564): hidden #16
01-28 17:49:56.122 D/FxWidgetProvider( 2574): row 3
01-28 17:49:56.122 D/FxWidgetProviderInfoCollector( 2574): more than one style shared the same component! Return the first one found.
01-28 17:49:56.122 D/CombinedWidgetProvider( 2574): addFxWidget: WidgetSummary(Mail/FX_WIDGET/[I@408895c0 x [I@408895e0/-2/ComponentInfo{com.htc.htcmailwidgets/com.htc.htcmailwidgets.WidgetReceiver}/[I@40889600)
01-28 17:49:56.122 I/ActivityManager( 1574): Start proc com.google.android.googlequicksearchbox for broadcast com.google.android.googlequicksearchbox/.SourceUpdateReceiver: pid=2822 uid=10080 gids={3003}
01-28 17:49:56.132 D/FxWidgetProvider( 2574): row 3
01-28 17:49:56.132 D/FxWidgetProviderInfoCollector( 2574): more than one style shared the same component! Return the first one found.
01-28 17:49:56.142 D/CombinedWidgetProvider( 2574): addFxWidget: WidgetSummary(Mail/FX_WIDGET/[I@4088bb58 x [I@4088bb78/-2/ComponentInfo{com.htc.htcmailwidgets/com.htc.htcmailwidgets.WidgetReceiver}/[I@4088bb98)
01-28 17:49:56.142 D/FxWidgetProvider( 2574): row 3
01-28 17:49:56.152 D/FxWidgetProviderInfoCollector( 2574): more than one style shared the same component! Return the first one found.
01-28 17:49:56.192 D/CombinedWidgetProvider( 2574): addFxWidget: WidgetSummary(Mail/FX_WIDGET/[I@4088de98 x [I@4088deb8/-2/ComponentInfo{com.htc.htcmailwidgets/com.htc.htcmailwidgets.WidgetReceiver}/[I@4088ded8)
01-28 17:49:56.192 D/FxWidgetProvider( 2574): row 3
01-28 17:49:56.232 D/FxWidgetProviderInfoCollector( 2574): more than one style shared the same component! Return the first one found.
01-28 17:49:56.242 D/CombinedWidgetProvider( 2574): addFxWidget: WidgetSummary(Mail/FX_WIDGET/[I@40890020 x [I@40890040/-2/ComponentInfo{com.htc.htcmailwidgets/com.htc.htcmailwidgets.WidgetReceiver}/[I@40890060)
01-28 17:49:56.242 D/FxWidgetProvider( 2574): row 5
01-28 17:49:56.252 D/FxWidgetProviderInfoCollector( 2574): more than one style shared the same component! Return the first one found.
01-28 17:49:56.252 D/CombinedWidgetProvider( 2574): addFxWidget: WidgetSummary(People/FX_WIDGET/[I@408925a0 x [I@408925c0/-2/ComponentInfo{com.htc.htccontactwidgets_3d_fusion/com.htc.htccontactwidgets_3d_fusion.WidgetReceiver}/[I@408925e0)
01-28 17:49:56.262 D/FxWidgetProvider( 2574): row 5
01-28 17:49:56.262 D/FxWidgetProviderInfoCollector( 2574): more than one style shared the same component! Return the first one found.
01-28 17:49:56.262 D/CombinedWidgetProvider( 2574): addFxWidget: WidgetSummary(People/FX_WIDGET/[I@40894c20 x [I@40894c40/-2/ComponentInfo{com.htc.htccontactwidgets_3d_fusion/com.htc.htccontactwidgets_3d_fusion.WidgetReceiver}/[I@40894c60)
01-28 17:49:56.272 D/FxWidgetProvider( 2574): row 5
01-28 17:49:56.302 D/FxWidgetProviderInfoCollector( 2574): more than one style shared the same component! Return the first one found.
01-28 17:49:56.302 D/CombinedWidgetProvider( 2574): addFxWidget: WidgetSummary(People/FX_WIDGET/[I@40897088 x [I@408970a8/-2/ComponentInfo{com.htc.htccontactwidgets_3d_fusion/com.htc.htccontactwidgets_3d_fusion.WidgetReceiver}/[I@408970c8)
01-28 17:49:56.302 D/FxWidgetProvider( 2574): row 5
01-28 17:49:56.302 D/FxWidgetProviderInfoCollector( 2574): more than one style shared the same component! Return the first one found.
01-28 17:49:56.302 D/CombinedWidgetProvider( 2574): addFxWidget: WidgetSummary(People/FX_WIDGET/[I@40b569f8 x [I@40b56a18/-2/ComponentInfo{com.htc.htccontactwidgets_3d_fusion/com.htc.htccontactwidgets_3d_fusion.WidgetReceiver}/[I@40b56a38)
01-28 17:49:56.302 D/FxWidgetProvider( 2574): row 5
01-28 17:49:56.312 D/FxWidgetProviderInfoCollector( 2574): more than one style shared the same component! Return the first one found.
01-28 17:49:56.312 D/CombinedWidgetProvider( 2574): addFxWidget: WidgetSummary(People/FX_WIDGET/[I@40b58e38 x [I@40b58e58/-2/ComponentInfo{com.htc.htccontactwidgets_3d_fusion/com.htc.htccontactwidgets_3d_fusion.WidgetReceiver}/[I@40b58e78)
01-28 17:49:56.312 D/FxWidgetProvider( 2574): row 1
01-28 17:49:56.312 D/CombinedWidgetProvider( 2574): addFxWidget: WidgetSummary(Calendar/FX_WIDGET/[I@40b5b308 x [I@40b5b328/-2/ComponentInfo{com.htc.htccalendarwidgets/com.htc.htccalendarwidgets.WidgetReceiver}/[I@40b5b348)
01-28 17:49:56.312 D/FxWidgetProvider( 2574): row 3
01-28 17:49:56.322 D/FxWidgetProviderInfoCollector( 2574): more than one style shared the same component! Return the first one found.
01-28 17:49:56.322 D/CombinedWidgetProvider( 2574): addFxWidget: WidgetSummary(Calendar/FX_WIDGET/[I@40b5d798 x [I@40b5d7b8/-2/ComponentInfo{com.htc.htccalendarwidgets/com.htc.htccalendarwidgets.WidgetReceiver}/[I@40b5d7d8)
01-28 17:49:56.322 D/FxWidgetProvider( 2574): row 3
01-28 17:49:56.322 D/FxWidgetProviderInfoCollector( 2574): more than one style shared the same component! Return the first one found.
01-28 17:49:56.322 D/CombinedWidgetProvider( 2574): addFxWidget: WidgetSummary(Calendar/FX_WIDGET/[I@40b5fc50 x [I@40b5fc70/-2/ComponentInfo{com.htc.htccalendarwidgets/com.htc.htccalendarwidgets.WidgetReceiver}/[I@40b5fc90)
01-28 17:49:56.322 D/FxWidgetProvider( 2574): row 3
01-28 17:49:56.322 D/FxWidgetProviderInfoCollector( 2574): more than one style shared the same component! Return the first one found.
01-28 17:49:56.332 D/CombinedWidgetProvider( 2574): addFxWidget: WidgetSummary(Calendar/FX_WIDGET/[I@40b61ed8 x [I@40b61ef8/-2/ComponentInfo{com.htc.htccalendarwidgets/com.htc.htccalendarwidgets.WidgetReceiver}/[I@40b61f18)
01-28 17:49:56.332 D/FxWidgetProvider( 2574): row 1
01-28 17:49:56.332 D/CombinedWidgetProvider( 2574): addFxWidget: WidgetSummary(Calendar/FX_WIDGET/[I@40b64148 x [I@40b64168/-2/ComponentInfo{com.htc.htccalendarwidgets/com.htc.htccalendarwidgets.WidgetReceiver}/[I@40b64188)
01-28 17:49:56.332 D/FxWidgetProvider( 2574): row 1
01-28 17:49:56.332 D/CombinedWidgetProvider( 2574): addFxWidget: WidgetSummary(Bookmarks/FX_WIDGET/[I@40b66520 x [I@40b66540/-2/ComponentInfo{com.htc.fusion.htcbookmarkwidget/com.htc.fusion.htcbookmarkwidget.WidgetReceiver}/[I@40b66560)
01-28 17:49:56.342 D/FxWidgetProvider( 2574): row 1
01-28 17:49:56.342 D/CombinedWidgetProvider( 2574): addFxWidget: WidgetSummary(Bookmarks/FX_WIDGET/[I@40b68a48 x [I@40b68a68/-2/ComponentInfo{com.htc.fusion.htcbookmarkwidget/com.htc.fusion.htcbookmarkwidget.WidgetReceiver}/[I@40b68a88)
01-28 17:49:56.342 D/FxWidgetProvider( 2574): row 1
01-28 17:49:56.342 D/CombinedWidgetProvider( 2574): addFxWidget: WidgetSummary(Messages/FX_WIDGET/[I@40b6af70 x [I@40b6af90/-2/ComponentInfo{com.htc.htcmsgwidgets3d/com.htc.htcmsgwidgets.MsgWidgetProvider}/[I@40b6afb0)
01-28 17:49:56.352 D/FxWidgetProvider( 2574): row 1
01-28 17:49:56.352 D/CombinedWidgetProvider( 2574): addFxWidget: WidgetSummary(Messages/FX_WIDGET/[I@40b6d240 x [I@40b6d260/-2/ComponentInfo{com.htc.htcmsgwidgets3d/com.htc.htcmsgwidgets.MsgWidgetProvider}/[I@40b6d280)
01-28 17:49:56.352 D/FxWidgetProvider( 2574): row 1
01-28 17:49:56.352 D/CombinedWidgetProvider( 2574): addFxWidget: WidgetSummary(Messages/FX_WIDGET/[I@40b6f5c8 x [I@40b6f5e8/-2/ComponentInfo{com.htc.htcmsgwidgets3d/com.htc.htcmsgwidgets.MsgWidgetProvider}/[I@40b6f608)
01-28 17:49:56.362 D/FxWidgetProvider( 2574): row 1
01-28 17:49:56.362 D/CombinedWidgetProvider( 2574): addFxWidget: WidgetSummary(Messages/FX_WIDGET/[I@40b71898 x [I@40b718b8/-2/ComponentInfo{com.htc.htcmsgwidgets3d/com.htc.htcmsgwidgets.MsgWidgetProvider}/[I@40b718d8)
01-28 17:49:56.362 D/FxWidgetProvider( 2574): row 1
01-28 17:49:56.362 D/CombinedWidgetProvider( 2574): addFxWidget: WidgetSummary(Messages/FX_WIDGET/[I@40b73b68 x [I@40b73b88/-2/ComponentInfo{com.htc.htcmsgwidgets3d/com.htc.htcmsgwidgets.MsgWidgetProvider}/[I@40b73ba8)
01-28 17:49:56.372 D/FxWidgetProvider( 2574): row 1
01-28 17:49:56.382 D/CombinedWidgetProvider( 2574): addFxWidget: WidgetSummary(Messages/FX_WIDGET/[I@40b75e58 x [I@40b75e78/-2/ComponentInfo{com.htc.htcmsgwidgets3d/com.htc.htcmsgwidgets.MsgWidgetProvider}/[I@40b75e98)
01-28 17:49:56.382 D/FxWidgetProvider( 2574): row 1
01-28 17:49:56.392 D/CombinedWidgetProvider( 2574): addFxWidget: WidgetSummary(Messages/FX_WIDGET/[I@40b78148 x [I@40b78168/-2/ComponentInfo{com.htc.htcmsgwidgets3d/com.htc.htcmsgwidgets.MsgWidgetProvider}/[I@40b78188)
01-28 17:49:56.392 D/FxWidgetProvider( 2574): row 1
01-28 17:49:56.412 D/CombinedWidgetProvider( 2574): addFxWidget: WidgetSummary(Twitter/FX_WIDGET/[I@40b7a438 x [I@40b7a458/-2/ComponentInfo{com.htc.Twitter3DWidget/com.htc.Twitter3DWidget.TwitterWidgetProvider}/[I@40b7a478)
01-28 17:49:56.412 D/FxWidgetProvider( 2574): row 1
01-28 17:49:56.422 D/CombinedWidgetProvider( 2574): addFxWidget: WidgetSummary(Twitter/FX_WIDGET/[I@40b7c850 x [I@40b7c870/-2/ComponentInfo{com.htc.Twitter3DWidget/com.htc.Twitter3DWidget.TwitterWidgetProvider}/[I@40b7c890)
01-28 17:49:56.422 D/FxWidgetProvider( 2574): row 1
01-28 17:49:56.422 D/CombinedWidgetProvider( 2574): addFxWidget: WidgetSummary(Twitter/FX_WIDGET/[I@40b7ec68 x [I@40b7ec88/-2/ComponentInfo{com.htc.Twitter3DWidget/com.htc.Twitter3DWidget.TwitterWidgetProvider}/[I@40b7eca8)
01-28 17:49:56.422 D/FxWidgetProvider( 2574): row 1
01-28 17:49:56.432 D/CombinedWidgetProvider( 2574): addFxWidget: WidgetSummary(Twitter/FX_WIDGET/[I@40b814f0 x [I@40b81510/-2/ComponentInfo{com.htc.Twitter3DWidget/com.htc.Twitter3DWidget.TwitterWidgetProvider}/[I@40b81530)
01-28 17:49:56.432 D/FxWidgetProvider( 2574): row 1
01-28 17:49:56.442 D/CombinedWidgetProvider( 2574): addFxWidget: WidgetSummary(Trends/FX_WIDGET/[I@40b838f8 x [I@40b83918/-2/ComponentInfo{com.htc.Trends3DWidget/com.htc.Trends3DWidget.TrendsWidgetProvider}/[I@40b83938)
01-28 17:49:56.442 D/FxWidgetProvider( 2574): row 1
01-28 17:49:56.452 D/CombinedWidgetProvider( 2574): addFxWidget: WidgetSummary(Sync All/FX_WIDGET/[I@40b85cb8 x [I@40b85cd8/-2/ComponentInfo{com.htc.Sync3DWidget/com.htc.Sync3DWidget.SyncWidgetProvider}/[I@40b85cf8)
01-28 17:49:56.452 D/FxWidgetProvider( 2574): row 1
01-28 17:49:56.462 D/CombinedWidgetProvider( 2574): addFxWidget: WidgetSummary(Music/FX_WIDGET/[I@40b87ff8 x [I@40b88018/-2/ComponentInfo{com.htc.MusicWidget3D/com.htc.MusicWidget3D.MusicWidget3DProvider}/[I@40b88038)
01-28 17:49:56.462 D/FxWidgetProvider( 2574): row 1
01-28 17:49:56.462 D/CombinedWidgetProvider( 2574): addFxWidget: WidgetSummary(Music/FX_WIDGET/[I@40b8a398 x [I@40b8a3b8/-2/ComponentInfo{com.htc.MusicWidget3D/com.htc.MusicWidget3D.MusicWidget3DProvider}/[I@40b8a3d8)
01-28 17:49:56.462 D/FxWidgetProvider( 2574): row 1
01-28 17:49:56.472 D/CombinedWidgetProvider( 2574): addFxWidget: WidgetSummary(Music/FX_WIDGET/[I@40b8c840 x [I@40b8c860/-2/ComponentInfo{com.htc.MusicWidget3D/com.htc.MusicWidget3D.MusicWidget3DProvider}/[I@40b8c880)
01-28 17:49:56.472 D/FxWidgetProvider( 2574): row 1
01-28 17:49:56.482 D/CombinedWidgetProvider( 2574): addFxWidget: WidgetSummary(Friend Stream/FX_WIDGET/[I@40b8ebe0 x [I@40b8ec00/-2/ComponentInfo{com.htc.FriendStream3DWidget/com.htc.FriendStream3DWidget.FriendStreamWidgetProvider}/[I@40b8ec20)
01-28 17:49:56.492 D/FxWidgetProvider( 2574): row 1
01-28 17:49:56.492 D/CombinedWidgetProvider( 2574): addFxWidget: WidgetSummary(Friend Stream/FX_WIDGET/[I@40b912f0 x [I@40b91310/-2/ComponentInfo{com.htc.FriendStream3DWidget/com.htc.FriendStream3DWidget.FriendStreamWidgetProvider}/[I@40b91330)
01-28 17:49:56.502 D/FxWidgetProvider( 2574): row 1
01-28 17:49:56.502 D/dalvikvm( 2574): GC_CONCURRENT freed 1073K, 17% free 11671K/13895K, paused 2ms+5ms
01-28 17:49:56.502 I/ActivityThread( 2822): Pub com.google.android.googlequicksearchbox.shortcuts: com.google.android.googlequicksearchbox.WebHistoryProvider
01-28 17:49:56.512 I/ActivityThread( 2822): Pub com.google.android.googlequicksearchbox.google: com.google.android.googlequicksearchbox.google.GoogleSuggestionProvider
01-28 17:49:56.512 D/CombinedWidgetProvider( 2574): addFxWidget: WidgetSummary(Friend Stream/FX_WIDGET/[I@40d3ff48 x [I@40d3fe08/-2/ComponentInfo{com.htc.FriendStream3DWidget/com.htc.FriendStream3DWidget.FriendStreamWidgetProvider}/[I@40d3f078)
01-28 17:49:56.522 D/FxWidgetProvider( 2574): row 1
01-28 17:49:56.522 D/CombinedWidgetProvider( 2574): addFxWidget: WidgetSummary(Friend Stream/FX_WIDGET/[I@40d20a98 x [I@40d202c0/-2/ComponentInfo{com.htc.FriendStream3DWidget/com.htc.FriendStream3DWidget.FriendStreamWidgetProvider}/[I@40d1ee78)
01-28 17:49:56.532 D/FxWidgetProvider( 2574): row 1
01-28 17:49:56.552 D/CombinedWidgetProvider( 2574): addFxWidget: WidgetSummary(Friend Channel/FX_WIDGET/[I@40b88c10 x [I@40b872a0/-2/ComponentInfo{com.htc.FriendStream3DWidget/com.htc.FriendStream3DWidget.FriendStreamWidgetProvider}/[I@40b86898)
01-28 17:49:56.552 D/FxWidgetProvider( 2574): row 1
01-28 17:49:56.562 D/CombinedWidgetProvider( 2574): addFxWidget: WidgetSummary(My Shelf/FX_WIDGET/[I@40a36ea8 x [I@40a258c8/-2/ComponentInfo{com.htc.ereader.widget3d/com.htc.ereader.widget3d.ereaderwidget3d.SimpleWidgetProvider}/[I@40991da0)
01-28 17:49:56.562 D/FxWidgetProvider( 2574): row 1
01-28 17:49:56.572 D/SqliteDatabaseCpp( 2822): dbopen(): path = /data/data/com.google.android.googlequicksearchbox/databases , key = iwf-`awtkvq, flag = 6, file size = 6144
01-28 17:49:56.582 D/SqliteDatabaseCpp( 2822): dbopen(): path = /data/data/com.google.android.googlequicksearchbox/databases , key = iwf-`awtkvq, mode: delete, disk free size: 7851 M, handle: 0x18fa88
01-28 17:49:56.582 D/CombinedWidgetProvider( 2574): addFxWidget: WidgetSummary(Weather/FX_WIDGET/[I@408e81c8 x [I@408e7890/-2/ComponentInfo{com.htc.widget3d.weather/com.htc.widget3d.weather.WeatherWidgetProvider}/[I@408e76a8)
01-28 17:49:56.582 D/FxWidgetProvider( 2574): row 1
01-28 17:49:56.602 D/CombinedWidgetProvider( 2574): addFxWidget: WidgetSummary(Weather/FX_WIDGET/[I@408c4540 x [I@408c4338/-2/ComponentInfo{com.htc.widget3d.weather/com.htc.widget3d.weather.WeatherWidgetProvider}/[I@408c39e8)
01-28 17:49:56.602 D/FxWidgetProvider( 2574): row 1
01-28 17:49:56.612 I/dalvikvm( 1574): Jit: resizing JitTable from 8192 to 16384
01-28 17:49:56.612 I/ActivityManager( 1574): Start proc com.htc.pen for broadcast com.htc.pen/.plugin.PenReceiver: pid=2833 uid=10040 gids={}
01-28 17:49:56.622 D/PhoneApp( 1674): EVENT_QUERY_MO_PACKAGES
01-28 17:49:56.682 D/dalvikvm( 2248): GC_CONCURRENT freed 485K, 9% free 6678K/7303K, paused 13ms+7ms
01-28 17:49:56.802 D/PhoneApp( 1674): -- N1 =0
01-28 17:49:56.802 I/ActivityManager( 1574): No longer want com.htc.bg (pid 2552): hidden #16
01-28 17:49:56.832 D/CombinedWidgetProvider( 2574): addFxWidget: WidgetSummary(Weather/FX_WIDGET/[I@40868b10 x [I@40868190/-2/ComponentInfo{com.htc.widget3d.weather/com.htc.widget3d.weather.WeatherWidgetProvider}/[I@40867fa0)
01-28 17:49:56.832 D/FxWidgetProvider( 2574): row 1
01-28 17:49:56.842 D/CombinedWidgetProvider( 2574): addFxWidget: WidgetSummary(Screen Timeout/FX_WIDGET/[I@40815440 x [I@40814f50/-2/ComponentInfo{com.htc.rosiewidgets.screentimeout/com.htc.rosiewidgets.screentimeout.ScreenTimeoutWidgetProvider}/[I@408129b0)
01-28 17:49:56.842 D/FxWidgetProvider( 2574): row 1
01-28 17:49:56.852 D/PhoneApp( 1674): -- N2 =0
01-28 17:49:56.852 D/CombinedWidgetProvider( 2574): addFxWidget: WidgetSummary(Screen Brightness/FX_WIDGET/[I@407874d0 x [I@407847a0/-2/ComponentInfo{com.htc.rosiewidgets.screenbrightness/com.htc.rosiewidgets.screenbrightness.ScreenBrightnessWidgetProvider}/[I@40784678)
01-28 17:49:56.863 D/FxWidgetProvider( 2574): row 1
01-28 17:49:56.863 I/ActivityThread( 2833): Pub com.htc.penmenu: com.htc.pen.provider.PenMenuProvider
01-28 17:49:56.873 D/CombinedWidgetProvider( 2574): addFxWidget: WidgetSummary(Notes/FX_WIDGET/[I@40727390 x [I@40726960/-2/ComponentInfo{com.htc.htcrichnoteswidget3d/com.htc.htcrichnoteswidget3d.NotesWidgetProvider}/[I@40725ed8)
01-28 17:49:56.873 D/FxWidgetProvider( 2574): row 1
01-28 17:49:56.873 D/PhoneApp( 1674): -- N3 =0
01-28 17:49:56.873 D/CombinedWidgetProvider( 2574): addFxWidget: WidgetSummary(Notes/FX_WIDGET/[I@4068f798 x [I@4068e810/-2/ComponentInfo{com.htc.htcrichnoteswidget3d/com.htc.htcrichnoteswidget3d.NotesWidgetProvider}/[I@4068e6e8)
01-28 17:49:56.883 I/ActivityThread( 2833): Pub com.htc.pen: com.htc.pen.provider.PenProvider
01-28 17:49:56.883 D/FxWidgetProvider( 2574): row 1
01-28 17:49:56.923 D/dalvikvm( 1574): GC_EXPLICIT freed 1944K, 13% free 15958K/18311K, paused 2ms+6ms
01-28 17:49:56.973 D/AndroidRuntime( 2736): Shutting down VM
01-28 17:49:56.973 D/dalvikvm( 2736): GC_CONCURRENT freed 105K, 83% free 364K/2048K, paused 1ms+1ms
01-28 17:49:56.973 D/dalvikvm( 2736): Debugger has detached; object registry had 1 entries
01-28 17:49:56.983 I/AndroidRuntime( 2736): NOTE: attach of thread 'Binder Thread #3' failed
01-28 17:49:56.983 D/CombinedWidgetProvider( 2574): addFxWidget: WidgetSummary(HTC Likes/FX_WIDGET/[I@40935b78 x [I@409359a0/-2/ComponentInfo{com.htc.android.fusion.recommend/com.htc.android.fusion.recommend.RosieIntentReceiver}/[I@40934830)
01-28 17:49:56.983 D/FxWidgetProvider( 2574): row 1
01-28 17:49:56.983 D/CombinedWidgetProvider( 2574): addFxWidget: WidgetSummary(Profile/FX_WIDGET/[I@408037b8 x [I@40802ba8/-2/ComponentInfo{com.htc.widget.profile/com.htc.widget.profile.HtcWidgetReceiver}/[I@40801b58)
01-28 17:49:56.993 D/FxWidgetProvider( 2574): row 1
01-28 17:49:57.003 D/CombinedWidgetProvider( 2574): addFxWidget: WidgetSummary(Power Dashboard/FX_WIDGET/[I@40754260 x [I@407539b8/-2/ComponentInfo{com.htc.rosiewidgets.powerstrip/com.htc.rosiewidgets.powerstrip.PowerStripWidgetProvider}/[I@40753668)
01-28 17:49:57.003 D/FxWidgetProvider( 2574): row 1
01-28 17:49:57.013 D/CombinedWidgetProvider( 2574): addFxWidget: WidgetSummary(Photo Album/FX_WIDGET/[I@406d85e0 x [I@406d7c58/-2/ComponentInfo{com.htc.photowidget3d/com.htc.photowidget3d.album.PhotoAlbumWidgetProvider}/[I@406d5838)
01-28 17:49:57.013 D/FxWidgetProvider( 2574): row 1
01-28 17:49:57.013 D/CombinedWidgetProvider( 2574): addFxWidget: WidgetSummary(Photo Frame/FX_WIDGET/[I@40b94580 x [I@40b945a0/-2/ComponentInfo{com.htc.photowidget3d/com.htc.photowidget3d.frame.PhotoFrameWidgetProvider}/[I@40b945c0)
01-28 17:49:57.023 D/FxWidgetProvider( 2574): row 1
01-28 17:49:57.023 D/CombinedWidgetProvider( 2574): addFxWidget: WidgetSummary(Photo Grid/FX_WIDGET/[I@40b955c0 x [I@40b955e0/-2/ComponentInfo{com.htc.rosiewidgets.photogridwidget3d/com.htc.rosiewidgets.photogridwidget3d.PhotoGridWidget3DProvider}/[I@40b95600)
01-28 17:49:57.033 D/FxWidgetProvider( 2574): row 1
01-28 17:49:57.033 D/CombinedWidgetProvider( 2574): addFxWidget: WidgetSummary(Navigate/FX_WIDGET/[I@40b965d0 x [I@40b965f0/-2/ComponentInfo{com.htc.laputa.widget3d.navigate/com.htc.laputa.widget3d.navigate.NavigateWidgetProvider}/[I@40b96610)
01-28 17:49:57.043 D/FxWidgetProvider( 2574): row 1
01-28 17:49:57.053 D/CombinedWidgetProvider( 2574): addFxWidget: WidgetSummary(Navigate/FX_WIDGET/[I@40b97708 x [I@40b97728/-2/ComponentInfo{com.htc.laputa.widget3d.navigate/com.htc.laputa.widget3d.navigate.NavigateWidgetProvider}/[I@40b97748)
01-28 17:49:57.053 D/FxWidgetProvider( 2574): row 1
01-28 17:49:57.053 D/CombinedWidgetProvider( 2574): addFxWidget: WidgetSummary(Locations/FX_WIDGET/[I@40b98840 x [I@40b98860/-2/ComponentInfo{com.htc.laputa.widget3d.locations/com.htc.laputa.widget3d.locations.LocationsWidgetProvider}/[I@40b98880)
01-28 17:49:57.063 D/FxWidgetProvider( 2574): row 1
01-28 17:49:57.063 D/CombinedWidgetProvider( 2574): addFxWidget: WidgetSummary(News/FX_WIDGET/[I@40b99a18 x [I@40b99a38/-2/ComponentInfo{com.htc.googlereaderwidget/com.htc.googlereaderwidget.RosieWidgetReceiver}/[I@40b99a58)
01-28 17:49:57.073 D/FxWidgetProvider( 2574): row 1
