01-28 17:54:26.345 I/wpa_supplicant( 1775): AP:ssid[eduroam],rssi[-89],BSSID=9c:4e:20:c8:cc:52
01-28 17:54:26.345 I/wpa_supplicant( 1775): AP:ssid[cs],rssi[-85],BSSID=9c:4e:20:c8:cc:51
01-28 17:54:26.345 I/wpa_supplicant( 1775): AP:ssid[uos-connect],rssi[-88],BSSID=9c:4e:20:c8:cc:53
01-28 17:54:26.345 I/wpa_supplicant( 1775): AP:ssid[BTOpenzone],rssi[-93],BSSID=9c:4e:20:c8:9e:70
01-28 17:54:26.345 I/wpa_supplicant( 1775): AP:ssid[uos-connect],rssi[-94],BSSID=9c:4e:20:c8:9e:73
01-28 17:54:26.345 I/wpa_supplicant( 1775): AP:ssid[uos-visitor],rssi[-90],BSSID=9c:4e:20:c8:9e:74
01-28 17:54:26.345 I/wpa_supplicant( 1775): AP:ssid[eduroam],rssi[-90],BSSID=9c:4e:20:c8:9e:72
01-28 17:54:26.355 I/wpa_supplicant( 1775): AP:ssid[cs],rssi[-91],BSSID=9c:4e:20:c8:9e:71
01-28 17:54:26.355 I/wpa_supplicant( 1775): AP:ssid[hpsetup],rssi[-96],BSSID=c2:ce:46:d5:40:9c
01-28 17:54:26.355 I/wpa_supplicant( 1775): Received 2960 bytes of scan results (16 BSSes)
01-28 17:54:26.355 I/wpa_supplicant( 1775): wpa_driver_wext_get_scan_results---
01-28 17:54:26.496 D/dalvikvm( 2855): GC_CONCURRENT freed 357K, 9% free 7051K/7687K, paused 1ms+2ms
01-28 17:54:27.396 I/wpa_supplicant( 1775): got scan complete
01-28 17:54:27.396 I/wpa_supplicant( 1775): wpa_supplicant_get_scan_results:return scan results2
01-28 17:54:27.396 I/wpa_supplicant( 1775): AP:ssid[BTOpenzone],rssi[-54],BSSID=9c:4e:20:c8:b0:f0
01-28 17:54:27.396 I/wpa_supplicant( 1775): AP:ssid[uos-connect],rssi[-55],BSSID=9c:4e:20:c8:b0:f3
01-28 17:54:27.396 I/wpa_supplicant( 1775): AP:ssid[uos-visitor],rssi[-56],BSSID=9c:4e:20:c8:b0:f4
01-28 17:54:27.396 I/wpa_supplicant( 1775): AP:ssid[eduroam],rssi[-54],BSSID=9c:4e:20:c8:b0:f2
01-28 17:54:27.396 I/wpa_supplicant( 1775): AP:ssid[cs],rssi[-55],BSSID=9c:4e:20:c8:b0:f1
01-28 17:54:27.406 I/wpa_supplicant( 1775): AP:ssid[uos-visitor],rssi[-84],BSSID=9c:4e:20:c8:cc:54
01-28 17:54:27.406 I/wpa_supplicant( 1775): AP:ssid[BTOpenzone],rssi[-81],BSSID=9c:4e:20:c8:cc:50
01-28 17:54:27.406 I/wpa_supplicant( 1775): AP:ssid[eduroam],rssi[-82],BSSID=9c:4e:20:c8:cc:52
01-28 17:54:27.406 I/wpa_supplicant( 1775): AP:ssid[cs],rssi[-82],BSSID=9c:4e:20:c8:cc:51
01-28 17:54:27.406 I/wpa_supplicant( 1775): AP:ssid[uos-connect],rssi[-84],BSSID=9c:4e:20:c8:cc:53
01-28 17:54:27.406 I/wpa_supplicant( 1775): AP:ssid[eduroam],rssi[-89],BSSID=9c:4e:20:c8:9e:72
01-28 17:54:27.406 I/wpa_supplicant( 1775): AP:ssid[hpsetup],rssi[-95],BSSID=c2:ce:46:d5:40:9c
01-28 17:54:27.406 I/wpa_supplicant( 1775): Received 2210 bytes of scan results (12 BSSes)
01-28 17:54:27.406 I/wpa_supplicant( 1775): wpa_driver_wext_get_scan_results---
01-28 17:54:27.567 D/dalvikvm( 2855): GC_CONCURRENT freed 544K, 10% free 6951K/7687K, paused 2ms+2ms
01-28 17:54:27.657 I/System.out( 2855): Location: no CS school | WiFiNavigator running:true
01-28 17:54:27.657 I/System.out( 2855): Battery level: 100 | Time difference: -1
01-28 17:54:27.957 I/System.out( 2855): Location: no CS school | WiFiNavigator running:true
01-28 17:54:27.957 I/System.out( 2855): Battery level: 100 | Time difference: -1
01-28 17:54:28.037 I/System.out( 2855): Location: no CS school | WiFiNavigator running:true
01-28 17:54:28.037 I/System.out( 2855): Battery level: 100 | Time difference: -1
01-28 17:54:28.447 I/wpa_supplicant( 1775): got scan complete
01-28 17:54:28.447 I/wpa_supplicant( 1775): wpa_supplicant_get_scan_results:return scan results2
01-28 17:54:28.447 I/wpa_supplicant( 1775): AP:ssid[BTOpenzone],rssi[-50],BSSID=9c:4e:20:c8:b0:f0
01-28 17:54:28.447 I/wpa_supplicant( 1775): AP:ssid[uos-visitor],rssi[-51],BSSID=9c:4e:20:c8:b0:f4
01-28 17:54:28.447 I/wpa_supplicant( 1775): AP:ssid[eduroam],rssi[-51],BSSID=9c:4e:20:c8:b0:f2
01-28 17:54:28.447 I/wpa_supplicant( 1775): AP:ssid[cs],rssi[-50],BSSID=9c:4e:20:c8:b0:f1
01-28 17:54:28.447 I/wpa_supplicant( 1775): AP:ssid[uos-connect],rssi[-54],BSSID=9c:4e:20:c8:b0:f3
01-28 17:54:28.447 I/wpa_supplicant( 1775): AP:ssid[uos-visitor],rssi[-88],BSSID=9c:4e:20:c8:cc:54
01-28 17:54:28.447 I/wpa_supplicant( 1775): AP:ssid[BTOpenzone],rssi[-84],BSSID=9c:4e:20:c8:cc:50
01-28 17:54:28.447 I/wpa_supplicant( 1775): AP:ssid[eduroam],rssi[-85],BSSID=9c:4e:20:c8:cc:52
01-28 17:54:28.447 I/wpa_supplicant( 1775): AP:ssid[cs],rssi[-87],BSSID=9c:4e:20:c8:cc:51
01-28 17:54:28.447 I/wpa_supplicant( 1775): AP:ssid[uos-connect],rssi[-86],BSSID=9c:4e:20:c8:cc:53
01-28 17:54:28.457 I/wpa_supplicant( 1775): AP:ssid[BTOpenzone],rssi[-91],BSSID=9c:4e:20:c8:9e:70
01-28 17:54:28.457 I/wpa_supplicant( 1775): AP:ssid[uos-visitor],rssi[-92],BSSID=9c:4e:20:c8:9e:74
01-28 17:54:28.457 I/wpa_supplicant( 1775): AP:ssid[eduroam],rssi[-89],BSSID=9c:4e:20:c8:9e:72
01-28 17:54:28.457 I/wpa_supplicant( 1775): AP:ssid[uos-connect],rssi[-89],BSSID=9c:4e:20:c8:9e:73
01-28 17:54:28.457 I/wpa_supplicant( 1775): AP:ssid[cs],rssi[-93],BSSID=9c:4e:20:c8:9e:71
01-28 17:54:28.457 I/wpa_supplicant( 1775): Received 2853 bytes of scan results (15 BSSes)
01-28 17:54:28.457 I/wpa_supplicant( 1775): wpa_driver_wext_get_scan_results---
01-28 17:54:28.608 D/dalvikvm( 2855): GC_CONCURRENT freed 490K, 10% free 6962K/7687K, paused 1ms+1ms
01-28 17:54:28.868 I/System.out( 2855): Location: no CS school | WiFiNavigator running:true
01-28 17:54:28.868 I/System.out( 2855): Battery level: 100 | Time difference: -1
01-28 17:54:29.128 I/System.out( 2855): Location: no CS school | WiFiNavigator running:true
01-28 17:54:29.128 I/System.out( 2855): Battery level: 100 | Time difference: -1
01-28 17:54:29.498 I/wpa_supplicant( 1775): got scan complete
01-28 17:54:29.498 I/wpa_supplicant( 1775): wpa_supplicant_get_scan_results:return scan results2
01-28 17:54:29.498 I/wpa_supplicant( 1775): AP:ssid[BTOpenzone],rssi[-54],BSSID=9c:4e:20:c8:b0:f0
01-28 17:54:29.498 I/wpa_supplicant( 1775): AP:ssid[uos-visitor],rssi[-52],BSSID=9c:4e:20:c8:b0:f4
01-28 17:54:29.498 I/wpa_supplicant( 1775): AP:ssid[eduroam],rssi[-52],BSSID=9c:4e:20:c8:b0:f2
01-28 17:54:29.498 I/wpa_supplicant( 1775): AP:ssid[cs],rssi[-52],BSSID=9c:4e:20:c8:b0:f1
01-28 17:54:29.498 I/wpa_supplicant( 1775): AP:ssid[uos-connect],rssi[-52],BSSID=9c:4e:20:c8:b0:f3
01-28 17:54:29.498 I/wpa_supplicant( 1775): AP:ssid[BTOpenzone],rssi[-86],BSSID=9c:4e:20:c8:cc:50
01-28 17:54:29.498 I/wpa_supplicant( 1775): AP:ssid[uos-visitor],rssi[-88],BSSID=9c:4e:20:c8:cc:54
01-28 17:54:29.498 I/wpa_supplicant( 1775): AP:ssid[eduroam],rssi[-87],BSSID=9c:4e:20:c8:cc:52
01-28 17:54:29.498 I/wpa_supplicant( 1775): AP:ssid[cs],rssi[-87],BSSID=9c:4e:20:c8:cc:51
01-28 17:54:29.498 I/wpa_supplicant( 1775): AP:ssid[uos-connect],rssi[-85],BSSID=9c:4e:20:c8:cc:53
01-28 17:54:29.498 I/wpa_supplicant( 1775): AP:ssid[BTOpenzone],rssi[-90],BSSID=9c:4e:20:c8:9e:70
01-28 17:54:29.498 I/wpa_supplicant( 1775): AP:ssid[uos-visitor],rssi[-90],BSSID=9c:4e:20:c8:9e:74
01-28 17:54:29.498 I/wpa_supplicant( 1775): AP:ssid[cs],rssi[-92],BSSID=9c:4e:20:c8:9e:71
01-28 17:54:29.498 I/wpa_supplicant( 1775): AP:ssid[uos-connect],rssi[-91],BSSID=9c:4e:20:c8:9e:73
01-28 17:54:29.498 I/wpa_supplicant( 1775): AP:ssid[eduroam],rssi[-92],BSSID=9c:4e:20:c8:9e:72
01-28 17:54:29.509 I/wpa_supplicant( 1775): Received 2853 bytes of scan results (15 BSSes)
01-28 17:54:29.509 I/wpa_supplicant( 1775): wpa_driver_wext_get_scan_results---
01-28 17:54:29.659 D/dalvikvm( 2855): GC_CONCURRENT freed 329K, 9% free 7061K/7687K, paused 2ms+1ms
01-28 17:54:30.550 I/wpa_supplicant( 1775): got scan complete
01-28 17:54:30.550 I/wpa_supplicant( 1775): wpa_supplicant_get_scan_results:return scan results2
01-28 17:54:30.550 I/wpa_supplicant( 1775): AP:ssid[BTOpenzone],rssi[-73],BSSID=9c:4e:20:c8:b0:f0
01-28 17:54:30.550 I/wpa_supplicant( 1775): AP:ssid[uos-visitor],rssi[-67],BSSID=9c:4e:20:c8:b0:f4
01-28 17:54:30.550 I/wpa_supplicant( 1775): AP:ssid[cs],rssi[-60],BSSID=9c:4e:20:c8:b0:f1
01-28 17:54:30.550 I/wpa_supplicant( 1775): AP:ssid[uos-connect],rssi[-65],BSSID=9c:4e:20:c8:b0:f3
01-28 17:54:30.560 I/wpa_supplicant( 1775): AP:ssid[BTOpenzone],rssi[-88],BSSID=9c:4e:20:c8:cc:50
01-28 17:54:30.560 I/wpa_supplicant( 1775): AP:ssid[uos-visitor],rssi[-88],BSSID=9c:4e:20:c8:cc:54
01-28 17:54:30.560 I/wpa_supplicant( 1775): AP:ssid[eduroam],rssi[-91],BSSID=9c:4e:20:c8:cc:52
01-28 17:54:30.560 I/wpa_supplicant( 1775): AP:ssid[uos-connect],rssi[-91],BSSID=9c:4e:20:c8:cc:53
01-28 17:54:30.560 I/wpa_supplicant( 1775): AP:ssid[cs],rssi[-89],BSSID=9c:4e:20:c8:cc:51
01-28 17:54:30.560 I/wpa_supplicant( 1775): AP:ssid[eduroam],rssi[-85],BSSID=9c:4e:20:c8:9e:72
01-28 17:54:30.560 I/wpa_supplicant( 1775): AP:ssid[cs],rssi[-89],BSSID=9c:4e:20:c8:9e:71
01-28 17:54:30.560 I/wpa_supplicant( 1775): AP:ssid[hpsetup],rssi[-95],BSSID=c2:ce:46:d5:40:9c
01-28 17:54:30.560 I/wpa_supplicant( 1775): AP:ssid[eduroam],rssi[-67],BSSID=9c:4e:20:c8:b0:f2
01-28 17:54:30.560 I/wpa_supplicant( 1775): Received 2406 bytes of scan results (13 BSSes)
01-28 17:54:30.560 I/wpa_supplicant( 1775): wpa_driver_wext_get_scan_results---
01-28 17:54:30.650 I/System.out( 2855): Location: no CS school | WiFiNavigator running:true
01-28 17:54:30.650 I/System.out( 2855): Battery level: 100 | Time difference: -1
01-28 17:54:30.700 D/dalvikvm( 2855): GC_CONCURRENT freed 585K, 10% free 6963K/7687K, paused 1ms+1ms
01-28 17:54:30.960 I/System.out( 2855): Location: no CS school | WiFiNavigator running:true
01-28 17:54:30.960 I/System.out( 2855): Battery level: 100 | Time difference: -1
01-28 17:54:31.040 I/System.out( 2855): Location: no CS school | WiFiNavigator running:true
01-28 17:54:31.040 I/System.out( 2855): Battery level: 100 | Time difference: -1
01-28 17:54:31.581 I/wpa_supplicant( 1775): got scan complete
01-28 17:54:31.581 I/wpa_supplicant( 1775): wpa_supplicant_get_scan_results:return scan results2
01-28 17:54:31.581 I/wpa_supplicant( 1775): AP:ssid[BTOpenzone],rssi[-66],BSSID=9c:4e:20:c8:b0:f0
01-28 17:54:31.581 I/wpa_supplicant( 1775): AP:ssid[uos-visitor],rssi[-63],BSSID=9c:4e:20:c8:b0:f4
01-28 17:54:31.581 I/wpa_supplicant( 1775): AP:ssid[eduroam],rssi[-66],BSSID=9c:4e:20:c8:b0:f2
01-28 17:54:31.581 I/wpa_supplicant( 1775): AP:ssid[cs],rssi[-65],BSSID=9c:4e:20:c8:b0:f1
01-28 17:54:31.581 I/wpa_supplicant( 1775): AP:ssid[uos-connect],rssi[-67],BSSID=9c:4e:20:c8:b0:f3
01-28 17:54:31.581 I/wpa_supplicant( 1775): AP:ssid[uos-visitor],rssi[-81],BSSID=9c:4e:20:c8:cc:54
01-28 17:54:31.581 I/wpa_supplicant( 1775): AP:ssid[eduroam],rssi[-82],BSSID=9c:4e:20:c8:cc:52
01-28 17:54:31.581 I/wpa_supplicant( 1775): AP:ssid[cs],rssi[-80],BSSID=9c:4e:20:c8:cc:51
01-28 17:54:31.581 I/wpa_supplicant( 1775): AP:ssid[uos-connect],rssi[-83],BSSID=9c:4e:20:c8:cc:53
01-28 17:54:31.581 I/wpa_supplicant( 1775): AP:ssid[BTOpenzone],rssi[-81],BSSID=9c:4e:20:c8:cc:50
01-28 17:54:31.581 I/wpa_supplicant( 1775): AP:ssid[BTOpenzone],rssi[-84],BSSID=9c:4e:20:c8:9e:70
01-28 17:54:31.581 I/wpa_supplicant( 1775): AP:ssid[uos-connect],rssi[-80],BSSID=9c:4e:20:c8:9e:73
01-28 17:54:31.591 I/wpa_supplicant( 1775): AP:ssid[uos-visitor],rssi[-80],BSSID=9c:4e:20:c8:9e:74
01-28 17:54:31.591 I/wpa_supplicant( 1775): AP:ssid[eduroam],rssi[-81],BSSID=9c:4e:20:c8:9e:72
01-28 17:54:31.591 I/wpa_supplicant( 1775): AP:ssid[cs],rssi[-84],BSSID=9c:4e:20:c8:9e:71
01-28 17:54:31.591 I/wpa_supplicant( 1775): Received 2853 bytes of scan results (15 BSSes)
01-28 17:54:31.591 I/wpa_supplicant( 1775): wpa_driver_wext_get_scan_results---
01-28 17:54:31.761 D/dalvikvm( 2855): GC_CONCURRENT freed 349K, 8% free 7078K/7687K, paused 1ms+1ms
01-28 17:54:31.861 I/System.out( 2855): Location: no CS school | WiFiNavigator running:true
01-28 17:54:31.861 I/System.out( 2855): Battery level: 100 | Time difference: -1
01-28 17:54:32.121 I/System.out( 2855): Location: no CS school | WiFiNavigator running:true
01-28 17:54:32.131 I/System.out( 2855): Battery level: 100 | Time difference: -1
01-28 17:54:32.642 I/wpa_supplicant( 1775): got scan complete
01-28 17:54:32.642 I/wpa_supplicant( 1775): wpa_supplicant_get_scan_results:return scan results2
01-28 17:54:32.642 I/wpa_supplicant( 1775): AP:ssid[BTOpenzone],rssi[-70],BSSID=9c:4e:20:c8:b0:f0
01-28 17:54:32.652 I/wpa_supplicant( 1775): AP:ssid[uos-visitor],rssi[-73],BSSID=9c:4e:20:c8:b0:f4
01-28 17:54:32.652 I/wpa_supplicant( 1775): AP:ssid[eduroam],rssi[-71],BSSID=9c:4e:20:c8:b0:f2
01-28 17:54:32.652 I/wpa_supplicant( 1775): AP:ssid[cs],rssi[-69],BSSID=9c:4e:20:c8:b0:f1
01-28 17:54:32.652 I/wpa_supplicant( 1775): AP:ssid[uos-connect],rssi[-63],BSSID=9c:4e:20:c8:b0:f3
01-28 17:54:32.652 I/wpa_supplicant( 1775): AP:ssid[BTOpenzone],rssi[-80],BSSID=9c:4e:20:c8:cc:50
01-28 17:54:32.652 I/wpa_supplicant( 1775): AP:ssid[cs],rssi[-78],BSSID=9c:4e:20:c8:cc:51
01-28 17:54:32.652 I/wpa_supplicant( 1775): AP:ssid[uos-visitor],rssi[-84],BSSID=9c:4e:20:c8:9e:74
01-28 17:54:32.652 I/wpa_supplicant( 1775): AP:ssid[cs],rssi[-78],BSSID=9c:4e:20:c8:9e:71
01-28 17:54:32.652 I/wpa_supplicant( 1775): Received 1722 bytes of scan results (9 BSSes)
01-28 17:54:32.652 I/wpa_supplicant( 1775): wpa_driver_wext_get_scan_results---
01-28 17:54:32.792 D/dalvikvm( 2855): GC_CONCURRENT freed 592K, 11% free 6909K/7687K, paused 1ms+1ms
01-28 17:54:33.653 I/System.out( 2855): Location: no CS school | WiFiNavigator running:true
01-28 17:54:33.653 I/System.out( 2855): Battery level: 100 | Time difference: -1
01-28 17:54:33.693 I/wpa_supplicant( 1775): got scan complete
01-28 17:54:33.693 I/wpa_supplicant( 1775): wpa_supplicant_get_scan_results:return scan results2
01-28 17:54:33.693 I/wpa_supplicant( 1775): AP:ssid[BTOpenzone],rssi[-63],BSSID=9c:4e:20:c8:b0:f0
01-28 17:54:33.693 I/wpa_supplicant( 1775): AP:ssid[uos-visitor],rssi[-72],BSSID=9c:4e:20:c8:b0:f4
01-28 17:54:33.703 I/wpa_supplicant( 1775): AP:ssid[eduroam],rssi[-66],BSSID=9c:4e:20:c8:b0:f2
01-28 17:54:33.703 I/wpa_supplicant( 1775): AP:ssid[cs],rssi[-75],BSSID=9c:4e:20:c8:b0:f1
01-28 17:54:33.703 I/wpa_supplicant( 1775): AP:ssid[uos-connect],rssi[-67],BSSID=9c:4e:20:c8:b0:f3
01-28 17:54:33.703 I/wpa_supplicant( 1775): AP:ssid[cs],rssi[-82],BSSID=9c:4e:20:c8:cc:51
01-28 17:54:33.703 I/wpa_supplicant( 1775): AP:ssid[uos-connect],rssi[-85],BSSID=9c:4e:20:c8:cc:53
01-28 17:54:33.703 I/wpa_supplicant( 1775): AP:ssid[BTOpenzone],rssi[-74],BSSID=9c:4e:20:c8:9e:70
01-28 17:54:33.703 I/wpa_supplicant( 1775): AP:ssid[BTOpenzone],rssi[-78],BSSID=9c:4e:20:c8:cc:50
01-28 17:54:33.703 I/wpa_supplicant( 1775): AP:ssid[uos-visitor],rssi[-82],BSSID=9c:4e:20:c8:cc:54
01-28 17:54:33.703 I/wpa_supplicant( 1775): AP:ssid[eduroam],rssi[-78],BSSID=9c:4e:20:c8:cc:52
01-28 17:54:33.703 I/wpa_supplicant( 1775): AP:ssid[uos-visitor],rssi[-78],BSSID=9c:4e:20:c8:9e:74
01-28 17:54:33.703 I/wpa_supplicant( 1775): AP:ssid[eduroam],rssi[-74],BSSID=9c:4e:20:c8:9e:72
01-28 17:54:33.703 I/wpa_supplicant( 1775): AP:ssid[cs],rssi[-78],BSSID=9c:4e:20:c8:9e:71
01-28 17:54:33.703 I/wpa_supplicant( 1775): AP:ssid[uos-connect],rssi[-77],BSSID=9c:4e:20:c8:9e:73
01-28 17:54:33.703 I/wpa_supplicant( 1775): Received 2853 bytes of scan results (15 BSSes)
01-28 17:54:33.703 I/wpa_supplicant( 1775): wpa_driver_wext_get_scan_results---
01-28 17:54:33.873 D/dalvikvm( 2855): GC_CONCURRENT freed 382K, 11% free 6917K/7687K, paused 1ms+3ms
01-28 17:54:33.953 I/System.out( 2855): Location: no CS school | WiFiNavigator running:true
01-28 17:54:33.953 I/System.out( 2855): Battery level: 100 | Time difference: -1
01-28 17:54:34.043 I/System.out( 2855): Location: no CS school | WiFiNavigator running:true
01-28 17:54:34.043 I/System.out( 2855): Battery level: 100 | Time difference: -1
01-28 17:54:34.784 I/wpa_supplicant( 1775): got scan complete
01-28 17:54:34.784 I/wpa_supplicant( 1775): wpa_supplicant_get_scan_results:return scan results2
01-28 17:54:34.784 I/wpa_supplicant( 1775): AP:ssid[uos-visitor],rssi[-67],BSSID=9c:4e:20:c8:b0:f4
01-28 17:54:34.784 I/wpa_supplicant( 1775): AP:ssid[BTOpenzone],rssi[-67],BSSID=9c:4e:20:c8:b0:f0
01-28 17:54:34.784 I/wpa_supplicant( 1775): AP:ssid[eduroam],rssi[-67],BSSID=9c:4e:20:c8:b0:f2
01-28 17:54:34.784 I/wpa_supplicant( 1775): AP:ssid[cs],rssi[-79],BSSID=9c:4e:20:c8:b0:f1
01-28 17:54:34.784 I/wpa_supplicant( 1775): AP:ssid[uos-connect],rssi[-69],BSSID=9c:4e:20:c8:b0:f3
01-28 17:54:34.794 I/wpa_supplicant( 1775): AP:ssid[cs],rssi[-66],BSSID=9c:4e:20:c8:cc:51
01-28 17:54:34.794 I/wpa_supplicant( 1775): AP:ssid[BTOpenzone],rssi[-63],BSSID=9c:4e:20:c8:cc:50
01-28 17:54:34.794 I/wpa_supplicant( 1775): AP:ssid[uos-visitor],rssi[-64],BSSID=9c:4e:20:c8:cc:54
01-28 17:54:34.794 I/wpa_supplicant( 1775): AP:ssid[eduroam],rssi[-64],BSSID=9c:4e:20:c8:cc:52
01-28 17:54:34.794 I/wpa_supplicant( 1775): AP:ssid[uos-connect],rssi[-64],BSSID=9c:4e:20:c8:cc:53
01-28 17:54:34.794 I/wpa_supplicant( 1775): AP:ssid[eduroam],rssi[-74],BSSID=9c:4e:20:c8:9e:72
01-28 17:54:34.794 I/wpa_supplicant( 1775): AP:ssid[uos-connect],rssi[-74],BSSID=9c:4e:20:c8:9e:73
01-28 17:54:34.794 I/wpa_supplicant( 1775): Received 2278 bytes of scan results (12 BSSes)
01-28 17:54:34.794 I/wpa_supplicant( 1775): wpa_driver_wext_get_scan_results---
01-28 17:54:34.864 I/System.out( 2855): Location: no CS school | WiFiNavigator running:true
01-28 17:54:34.864 I/System.out( 2855): Battery level: 100 | Time difference: -1
01-28 17:54:34.974 D/dalvikvm( 2855): GC_CONCURRENT freed 480K, 10% free 6942K/7687K, paused 2ms+1ms
01-28 17:54:35.124 I/System.out( 2855): Location: no CS school | WiFiNavigator running:true
01-28 17:54:35.134 I/System.out( 2855): Battery level: 100 | Time difference: -1
01-28 17:54:35.845 I/wpa_supplicant( 1775): got scan complete
01-28 17:54:35.845 I/wpa_supplicant( 1775): wpa_supplicant_get_scan_results:return scan results2
01-28 17:54:35.845 I/wpa_supplicant( 1775): AP:ssid[BTOpenzone],rssi[-73],BSSID=9c:4e:20:c8:b0:f0
01-28 17:54:35.845 I/wpa_supplicant( 1775): AP:ssid[uos-visitor],rssi[-75],BSSID=9c:4e:20:c8:b0:f4
01-28 17:54:35.845 I/wpa_supplicant( 1775): AP:ssid[eduroam],rssi[-74],BSSID=9c:4e:20:c8:b0:f2
01-28 17:54:35.845 I/wpa_supplicant( 1775): AP:ssid[cs],rssi[-75],BSSID=9c:4e:20:c8:b0:f1
01-28 17:54:35.845 I/wpa_supplicant( 1775): AP:ssid[uos-connect],rssi[-76],BSSID=9c:4e:20:c8:b0:f3
01-28 17:54:35.845 I/wpa_supplicant( 1775): AP:ssid[BTOpenzone],rssi[-75],BSSID=9c:4e:20:c8:cc:50
01-28 17:54:35.845 I/wpa_supplicant( 1775): AP:ssid[uos-visitor],rssi[-74],BSSID=9c:4e:20:c8:cc:54
01-28 17:54:35.845 I/wpa_supplicant( 1775): AP:ssid[eduroam],rssi[-72],BSSID=9c:4e:20:c8:cc:52
01-28 17:54:35.855 I/wpa_supplicant( 1775): AP:ssid[cs],rssi[-74],BSSID=9c:4e:20:c8:cc:51
01-28 17:54:35.855 I/wpa_supplicant( 1775): AP:ssid[uos-connect],rssi[-74],BSSID=9c:4e:20:c8:cc:53
01-28 17:54:35.855 I/wpa_supplicant( 1775): AP:ssid[cs],rssi[-71],BSSID=9c:4e:20:c8:9e:71
01-28 17:54:35.855 I/wpa_supplicant( 1775): AP:ssid[BTOpenzone],rssi[-75],BSSID=9c:4e:20:c8:9e:70
01-28 17:54:35.855 I/wpa_supplicant( 1775): AP:ssid[uos-visitor],rssi[-71],BSSID=9c:4e:20:c8:9e:74
01-28 17:54:35.855 I/wpa_supplicant( 1775): AP:ssid[eduroam],rssi[-74],BSSID=9c:4e:20:c8:9e:72
01-28 17:54:35.855 I/wpa_supplicant( 1775): AP:ssid[uos-connect],rssi[-73],BSSID=9c:4e:20:c8:9e:73
01-28 17:54:35.855 I/wpa_supplicant( 1775): Received 2853 bytes of scan results (15 BSSes)
01-28 17:54:35.855 I/wpa_supplicant( 1775): wpa_driver_wext_get_scan_results---
01-28 17:54:35.935 D/StatusBar.NetworkController( 1650): mWifiConnected, set mRoamingIconId = 0 to hide roaming icon
01-28 17:54:35.945 D/StatusBar.NetworkController( 1650): mSignalStrength.isGsm() == true
01-28 17:54:36.015 D/dalvikvm( 2855): GC_CONCURRENT freed 487K, 10% free 6936K/7687K, paused 1ms+1ms
01-28 17:54:36.655 I/System.out( 2855): Location: no CS school | WiFiNavigator running:true
01-28 17:54:36.655 I/System.out( 2855): Battery level: 100 | Time difference: -1
01-28 17:54:36.926 I/wpa_supplicant( 1775): got scan complete
01-28 17:54:36.926 I/wpa_supplicant( 1775): wpa_supplicant_get_scan_results:return scan results2
01-28 17:54:36.926 I/wpa_supplicant( 1775): AP:ssid[BTOpenzone],rssi[-76],BSSID=9c:4e:20:c8:b0:f0
01-28 17:54:36.926 I/wpa_supplicant( 1775): AP:ssid[uos-visitor],rssi[-74],BSSID=9c:4e:20:c8:b0:f4
01-28 17:54:36.926 I/wpa_supplicant( 1775): AP:ssid[eduroam],rssi[-75],BSSID=9c:4e:20:c8:b0:f2
01-28 17:54:36.926 I/wpa_supplicant( 1775): AP:ssid[cs],rssi[-74],BSSID=9c:4e:20:c8:b0:f1
01-28 17:54:36.926 I/wpa_supplicant( 1775): AP:ssid[uos-connect],rssi[-75],BSSID=9c:4e:20:c8:b0:f3
01-28 17:54:36.936 I/wpa_supplicant( 1775): AP:ssid[eduroam],rssi[-72],BSSID=9c:4e:20:c8:cc:52
01-28 17:54:36.936 I/wpa_supplicant( 1775): AP:ssid[BTOpenzone],rssi[-72],BSSID=9c:4e:20:c8:cc:50
01-28 17:54:36.936 I/wpa_supplicant( 1775): AP:ssid[uos-visitor],rssi[-71],BSSID=9c:4e:20:c8:cc:54
01-28 17:54:36.936 I/wpa_supplicant( 1775): AP:ssid[cs],rssi[-70],BSSID=9c:4e:20:c8:cc:51
01-28 17:54:36.936 I/wpa_supplicant( 1775): AP:ssid[BTOpenzone],rssi[-67],BSSID=9c:4e:20:c8:9e:70
01-28 17:54:36.936 I/wpa_supplicant( 1775): AP:ssid[uos-visitor],rssi[-71],BSSID=9c:4e:20:c8:9e:74
01-28 17:54:36.936 I/wpa_supplicant( 1775): AP:ssid[eduroam],rssi[-68],BSSID=9c:4e:20:c8:9e:72
01-28 17:54:36.936 I/wpa_supplicant( 1775): Received 2307 bytes of scan results (12 BSSes)
01-28 17:54:36.936 I/wpa_supplicant( 1775): wpa_driver_wext_get_scan_results---
01-28 17:54:36.966 I/System.out( 2855): Location: no CS school | WiFiNavigator running:true
01-28 17:54:36.966 I/System.out( 2855): Battery level: 100 | Time difference: -1
01-28 17:54:37.046 I/System.out( 2855): Location: no CS school | WiFiNavigator running:true
01-28 17:54:37.046 I/System.out( 2855): Battery level: 100 | Time difference: -1
01-28 17:54:37.116 D/dalvikvm( 2855): GC_CONCURRENT freed 464K, 10% free 6920K/7687K, paused 1ms+1ms
01-28 17:54:37.867 I/System.out( 2855): Location: no CS school | WiFiNavigator running:true
01-28 17:54:37.867 I/System.out( 2855): Battery level: 100 | Time difference: -1
01-28 17:54:37.967 I/wpa_supplicant( 1775): got scan complete
01-28 17:54:37.967 I/wpa_supplicant( 1775): wpa_supplicant_get_scan_results:return scan results2
01-28 17:54:37.967 I/wpa_supplicant( 1775): AP:ssid[BTOpenzone],rssi[-83],BSSID=9c:4e:20:c8:b0:f0
01-28 17:54:37.967 I/wpa_supplicant( 1775): AP:ssid[uos-visitor],rssi[-75],BSSID=9c:4e:20:c8:b0:f4
01-28 17:54:37.967 I/wpa_supplicant( 1775): AP:ssid[eduroam],rssi[-88],BSSID=9c:4e:20:c8:b0:f2
01-28 17:54:37.967 I/wpa_supplicant( 1775): AP:ssid[cs],rssi[-75],BSSID=9c:4e:20:c8:b0:f1
01-28 17:54:37.967 I/wpa_supplicant( 1775): AP:ssid[uos-connect],rssi[-83],BSSID=9c:4e:20:c8:b0:f3
01-28 17:54:37.967 I/wpa_supplicant( 1775): AP:ssid[eduroam],rssi[-77],BSSID=9c:4e:20:c8:cc:52
01-28 17:54:37.967 I/wpa_supplicant( 1775): AP:ssid[BTOpenzone],rssi[-76],BSSID=9c:4e:20:c8:cc:50
01-28 17:54:37.967 I/wpa_supplicant( 1775): AP:ssid[BTOpenzone],rssi[-72],BSSID=9c:4e:20:c8:9e:70
01-28 17:54:37.967 I/wpa_supplicant( 1775): AP:ssid[uos-connect],rssi[-78],BSSID=9c:4e:20:c8:cc:53
01-28 17:54:37.967 I/wpa_supplicant( 1775): AP:ssid[cs],rssi[-74],BSSID=9c:4e:20:c8:cc:51
01-28 17:54:37.967 I/wpa_supplicant( 1775): AP:ssid[uos-visitor],rssi[-75],BSSID=9c:4e:20:c8:cc:54
01-28 17:54:37.967 I/wpa_supplicant( 1775): AP:ssid[uos-visitor],rssi[-71],BSSID=9c:4e:20:c8:9e:74
01-28 17:54:37.967 I/wpa_supplicant( 1775): AP:ssid[eduroam],rssi[-71],BSSID=9c:4e:20:c8:9e:72
01-28 17:54:37.967 I/wpa_supplicant( 1775): AP:ssid[cs],rssi[-74],BSSID=9c:4e:20:c8:9e:71
01-28 17:54:37.977 I/wpa_supplicant( 1775): AP:ssid[uos-connect],rssi[-74],BSSID=9c:4e:20:c8:9e:73
01-28 17:54:37.977 I/wpa_supplicant( 1775): Received 2853 bytes of scan results (15 BSSes)
01-28 17:54:37.977 I/wpa_supplicant( 1775): wpa_driver_wext_get_scan_results---
01-28 17:54:38.107 D/dalvikvm( 2855): GC_CONCURRENT freed 301K, 9% free 7044K/7687K, paused 1ms+1ms
01-28 17:54:38.127 I/System.out( 2855): Location: no CS school | WiFiNavigator running:true
01-28 17:54:38.127 I/System.out( 2855): Battery level: 100 | Time difference: -1
01-28 17:54:39.008 I/wpa_supplicant( 1775): got scan complete
01-28 17:54:39.008 I/wpa_supplicant( 1775): wpa_supplicant_get_scan_results:return scan results2
01-28 17:54:39.008 I/wpa_supplicant( 1775): AP:ssid[cs],rssi[-76],BSSID=9c:4e:20:c8:b0:f1
01-28 17:54:39.008 I/wpa_supplicant( 1775): AP:ssid[BTOpenzone],rssi[-78],BSSID=9c:4e:20:c8:b0:f0
01-28 17:54:39.008 I/wpa_supplicant( 1775): AP:ssid[uos-visitor],rssi[-75],BSSID=9c:4e:20:c8:b0:f4
01-28 17:54:39.008 I/wpa_supplicant( 1775): AP:ssid[eduroam],rssi[-75],BSSID=9c:4e:20:c8:b0:f2
01-28 17:54:39.008 I/wpa_supplicant( 1775): AP:ssid[uos-connect],rssi[-80],BSSID=9c:4e:20:c8:b0:f3
01-28 17:54:39.008 I/wpa_supplicant( 1775): AP:ssid[eduroam],rssi[-73],BSSID=9c:4e:20:c8:cc:52
01-28 17:54:39.008 I/wpa_supplicant( 1775): AP:ssid[BTOpenzone],rssi[-67],BSSID=9c:4e:20:c8:cc:50
01-28 17:54:39.008 I/wpa_supplicant( 1775): AP:ssid[uos-connect],rssi[-66],BSSID=9c:4e:20:c8:cc:53
01-28 17:54:39.008 I/wpa_supplicant( 1775): AP:ssid[uos-visitor],rssi[-68],BSSID=9c:4e:20:c8:cc:54
01-28 17:54:39.008 I/wpa_supplicant( 1775): AP:ssid[cs],rssi[-67],BSSID=9c:4e:20:c8:cc:51
01-28 17:54:39.008 I/wpa_supplicant( 1775): AP:ssid[BTOpenzone],rssi[-76],BSSID=9c:4e:20:c8:9e:70
01-28 17:54:39.008 I/wpa_supplicant( 1775): AP:ssid[uos-visitor],rssi[-77],BSSID=9c:4e:20:c8:9e:74
01-28 17:54:39.018 I/wpa_supplicant( 1775): Received 2281 bytes of scan results (12 BSSes)
01-28 17:54:39.018 I/wpa_supplicant( 1775): wpa_driver_wext_get_scan_results---
01-28 17:54:39.168 D/dalvikvm( 2855): GC_CONCURRENT freed 617K, 11% free 6910K/7687K, paused 2ms+1ms
01-28 17:54:39.658 I/System.out( 2855): Location: no CS school | WiFiNavigator running:true
01-28 17:54:39.668 I/System.out( 2855): Battery level: 100 | Time difference: -1
01-28 17:54:39.969 I/System.out( 2855): Location: no CS school | WiFiNavigator running:true
01-28 17:54:39.969 I/System.out( 2855): Battery level: 100 | Time difference: -1
01-28 17:54:40.049 I/wpa_supplicant( 1775): got scan complete
01-28 17:54:40.049 I/wpa_supplicant( 1775): wpa_supplicant_get_scan_results:return scan results2
01-28 17:54:40.049 I/System.out( 2855): Location: no CS school | WiFiNavigator running:true
01-28 17:54:40.049 I/System.out( 2855): Battery level: 100 | Time difference: -1
01-28 17:54:40.049 I/wpa_supplicant( 1775): AP:ssid[BTOpenzone],rssi[-76],BSSID=9c:4e:20:c8:b0:f0
01-28 17:54:40.049 I/wpa_supplicant( 1775): AP:ssid[uos-visitor],rssi[-76],BSSID=9c:4e:20:c8:b0:f4
01-28 17:54:40.049 I/wpa_supplicant( 1775): AP:ssid[eduroam],rssi[-77],BSSID=9c:4e:20:c8:b0:f2
01-28 17:54:40.049 I/wpa_supplicant( 1775): AP:ssid[cs],rssi[-77],BSSID=9c:4e:20:c8:b0:f1
01-28 17:54:40.049 I/wpa_supplicant( 1775): AP:ssid[uos-connect],rssi[-78],BSSID=9c:4e:20:c8:b0:f3
01-28 17:54:40.049 I/wpa_supplicant( 1775): AP:ssid[BTOpenzone],rssi[-71],BSSID=9c:4e:20:c8:cc:50
01-28 17:54:40.049 I/wpa_supplicant( 1775): AP:ssid[uos-visitor],rssi[-74],BSSID=9c:4e:20:c8:cc:54
01-28 17:54:40.049 I/wpa_supplicant( 1775): AP:ssid[eduroam],rssi[-72],BSSID=9c:4e:20:c8:cc:52
01-28 17:54:40.059 I/wpa_supplicant( 1775): AP:ssid[cs],rssi[-74],BSSID=9c:4e:20:c8:cc:51
01-28 17:54:40.059 I/wpa_supplicant( 1775): AP:ssid[uos-connect],rssi[-72],BSSID=9c:4e:20:c8:cc:53
01-28 17:54:40.059 I/wpa_supplicant( 1775): AP:ssid[uos-connect],rssi[-68],BSSID=9c:4e:20:c8:9e:73
01-28 17:54:40.059 I/wpa_supplicant( 1775): AP:ssid[BTOpenzone],rssi[-68],BSSID=9c:4e:20:c8:9e:70
01-28 17:54:40.059 I/wpa_supplicant( 1775): AP:ssid[uos-visitor],rssi[-68],BSSID=9c:4e:20:c8:9e:74
01-28 17:54:40.059 I/wpa_supplicant( 1775): AP:ssid[eduroam],rssi[-68],BSSID=9c:4e:20:c8:9e:72
01-28 17:54:40.059 I/wpa_supplicant( 1775): AP:ssid[cs],rssi[-68],BSSID=9c:4e:20:c8:9e:71
01-28 17:54:40.059 I/wpa_supplicant( 1775): Received 2853 bytes of scan results (15 BSSes)
01-28 17:54:40.059 I/wpa_supplicant( 1775): wpa_driver_wext_get_scan_results---
01-28 17:54:40.209 D/dalvikvm( 2855): GC_CONCURRENT freed 349K, 9% free 7028K/7687K, paused 1ms+2ms
01-28 17:54:40.860 I/System.out( 2855): Location: no CS school | WiFiNavigator running:true
01-28 17:54:40.860 I/System.out( 2855): Battery level: 100 | Time difference: -1
01-28 17:54:41.110 I/wpa_supplicant( 1775): got scan complete
01-28 17:54:41.110 I/wpa_supplicant( 1775): wpa_supplicant_get_scan_results:return scan results2
01-28 17:54:41.110 I/wpa_supplicant( 1775): AP:ssid[BTOpenzone],rssi[-82],BSSID=9c:4e:20:c8:b0:f0
01-28 17:54:41.110 I/wpa_supplicant( 1775): AP:ssid[uos-visitor],rssi[-83],BSSID=9c:4e:20:c8:b0:f4
01-28 17:54:41.110 I/wpa_supplicant( 1775): AP:ssid[eduroam],rssi[-83],BSSID=9c:4e:20:c8:b0:f2
01-28 17:54:41.120 I/wpa_supplicant( 1775): AP:ssid[cs],rssi[-84],BSSID=9c:4e:20:c8:b0:f1
01-28 17:54:41.120 I/wpa_supplicant( 1775): AP:ssid[uos-connect],rssi[-83],BSSID=9c:4e:20:c8:b0:f3
01-28 17:54:41.120 I/wpa_supplicant( 1775): AP:ssid[uos-visitor],rssi[-82],BSSID=9c:4e:20:c8:cc:54
01-28 17:54:41.120 I/wpa_supplicant( 1775): AP:ssid[eduroam],rssi[-89],BSSID=9c:4e:20:c8:cc:52
01-28 17:54:41.120 I/wpa_supplicant( 1775): AP:ssid[cs],rssi[-86],BSSID=9c:4e:20:c8:cc:51
01-28 17:54:41.120 I/wpa_supplicant( 1775): AP:ssid[BTOpenzone],rssi[-85],BSSID=9c:4e:20:c8:cc:50
01-28 17:54:41.120 I/wpa_supplicant( 1775): AP:ssid[uos-connect],rssi[-85],BSSID=9c:4e:20:c8:cc:53
01-28 17:54:41.120 I/wpa_supplicant( 1775): AP:ssid[BTOpenzone],rssi[-64],BSSID=9c:4e:20:c8:9e:70
01-28 17:54:41.120 I/wpa_supplicant( 1775): AP:ssid[uos-visitor],rssi[-65],BSSID=9c:4e:20:c8:9e:74
01-28 17:54:41.120 I/wpa_supplicant( 1775): AP:ssid[eduroam],rssi[-64],BSSID=9c:4e:20:c8:9e:72
01-28 17:54:41.120 I/wpa_supplicant( 1775): AP:ssid[cs],rssi[-67],BSSID=9c:4e:20:c8:9e:71
01-28 17:54:41.120 I/System.out( 2855): Location: no CS school | WiFiNavigator running:true
01-28 17:54:41.120 I/System.out( 2855): Battery level: 100 | Time difference: -1
01-28 17:54:41.130 I/wpa_supplicant( 1775): Received 2678 bytes of scan results (14 BSSes)
01-28 17:54:41.130 I/wpa_supplicant( 1775): wpa_driver_wext_get_scan_results---
01-28 17:54:41.310 D/dalvikvm( 2855): GC_CONCURRENT freed 411K, 9% free 7052K/7687K, paused 4ms+3ms
01-28 17:54:42.151 I/wpa_supplicant( 1775): got scan complete
01-28 17:54:42.151 I/wpa_supplicant( 1775): wpa_supplicant_get_scan_results:return scan results2
01-28 17:54:42.151 I/wpa_supplicant( 1775): AP:ssid[BTOpenzone],rssi[-83],BSSID=9c:4e:20:c8:b0:f0
01-28 17:54:42.151 I/wpa_supplicant( 1775): AP:ssid[uos-visitor],rssi[-85],BSSID=9c:4e:20:c8:b0:f4
01-28 17:54:42.151 I/wpa_supplicant( 1775): AP:ssid[eduroam],rssi[-85],BSSID=9c:4e:20:c8:b0:f2
01-28 17:54:42.151 I/wpa_supplicant( 1775): AP:ssid[cs],rssi[-85],BSSID=9c:4e:20:c8:b0:f1
01-28 17:54:42.151 I/wpa_supplicant( 1775): AP:ssid[uos-connect],rssi[-82],BSSID=9c:4e:20:c8:b0:f3
01-28 17:54:42.151 I/wpa_supplicant( 1775): AP:ssid[uos-visitor],rssi[-74],BSSID=9c:4e:20:c8:cc:54
01-28 17:54:42.151 I/wpa_supplicant( 1775): AP:ssid[eduroam],rssi[-79],BSSID=9c:4e:20:c8:cc:52
01-28 17:54:42.151 I/wpa_supplicant( 1775): AP:ssid[uos-connect],rssi[-80],BSSID=9c:4e:20:c8:cc:53
01-28 17:54:42.151 I/wpa_supplicant( 1775): AP:ssid[BTOpenzone],rssi[-74],BSSID=9c:4e:20:c8:cc:50
01-28 17:54:42.151 I/wpa_supplicant( 1775): AP:ssid[cs],rssi[-77],BSSID=9c:4e:20:c8:cc:51
01-28 17:54:42.151 I/wpa_supplicant( 1775): AP:ssid[BTOpenzone],rssi[-56],BSSID=9c:4e:20:c8:9e:70
01-28 17:54:42.161 I/wpa_supplicant( 1775): AP:ssid[uos-connect],rssi[-59],BSSID=9c:4e:20:c8:9e:73
01-28 17:54:42.161 I/wpa_supplicant( 1775): AP:ssid[eduroam],rssi[-55],BSSID=9c:4e:20:c8:9e:72
01-28 17:54:42.161 I/wpa_supplicant( 1775): AP:ssid[cs],rssi[-59],BSSID=9c:4e:20:c8:9e:71
01-28 17:54:42.161 I/wpa_supplicant( 1775): AP:ssid[uos-visitor],rssi[-57],BSSID=9c:4e:20:c8:9e:74
01-28 17:54:42.161 I/wpa_supplicant( 1775): Received 2853 bytes of scan results (15 BSSes)
01-28 17:54:42.161 I/wpa_supplicant( 1775): wpa_driver_wext_get_scan_results---
01-28 17:54:42.301 D/dalvikvm( 2855): GC_CONCURRENT freed 481K, 9% free 7065K/7687K, paused 2ms+1ms
01-28 17:54:42.651 I/System.out( 2855): Location: no CS school | WiFiNavigator running:true
01-28 17:54:42.661 I/System.out( 2855): Battery level: 100 | Time difference: -1
01-28 17:54:42.962 I/System.out( 2855): Location: no CS school | WiFiNavigator running:true
01-28 17:54:42.962 I/System.out( 2855): Battery level: 100 | Time difference: -1
01-28 17:54:43.042 I/System.out( 2855): Location: no CS school | WiFiNavigator running:true
01-28 17:54:43.042 I/System.out( 2855): Battery level: 100 | Time difference: -1
01-28 17:54:43.332 I/wpa_supplicant( 1775): got scan complete
01-28 17:54:43.332 I/wpa_supplicant( 1775): wpa_supplicant_get_scan_results:return scan results2
01-28 17:54:43.332 I/wpa_supplicant( 1775): AP:ssid[BTOpenzone],rssi[-78],BSSID=9c:4e:20:c8:b0:f0
01-28 17:54:43.332 I/wpa_supplicant( 1775): AP:ssid[uos-visitor],rssi[-79],BSSID=9c:4e:20:c8:b0:f4
01-28 17:54:43.332 I/wpa_supplicant( 1775): AP:ssid[eduroam],rssi[-81],BSSID=9c:4e:20:c8:b0:f2
01-28 17:54:43.332 I/wpa_supplicant( 1775): AP:ssid[cs],rssi[-80],BSSID=9c:4e:20:c8:b0:f1
01-28 17:54:43.332 I/wpa_supplicant( 1775): AP:ssid[uos-connect],rssi[-81],BSSID=9c:4e:20:c8:b0:f3
01-28 17:54:43.332 I/wpa_supplicant( 1775): AP:ssid[eduroam],rssi[-78],BSSID=9c:4e:20:c8:cc:52
01-28 17:54:43.332 I/wpa_supplicant( 1775): AP:ssid[cs],rssi[-80],BSSID=9c:4e:20:c8:cc:51
01-28 17:54:43.332 I/wpa_supplicant( 1775): AP:ssid[BTOpenzone],rssi[-77],BSSID=9c:4e:20:c8:cc:50
01-28 17:54:43.332 I/wpa_supplicant( 1775): AP:ssid[uos-visitor],rssi[-75],BSSID=9c:4e:20:c8:cc:54
01-28 17:54:43.332 I/wpa_supplicant( 1775): AP:ssid[uos-connect],rssi[-82],BSSID=9c:4e:20:c8:cc:53
01-28 17:54:43.332 I/wpa_supplicant( 1775): AP:ssid[BTOpenzone],rssi[-58],BSSID=9c:4e:20:c8:9e:70
01-28 17:54:43.332 I/wpa_supplicant( 1775): AP:ssid[uos-visitor],rssi[-61],BSSID=9c:4e:20:c8:9e:74
01-28 17:54:43.342 I/wpa_supplicant( 1775): AP:ssid[eduroam],rssi[-59],BSSID=9c:4e:20:c8:9e:72
01-28 17:54:43.342 I/wpa_supplicant( 1775): AP:ssid[cs],rssi[-61],BSSID=9c:4e:20:c8:9e:71
01-28 17:54:43.342 I/wpa_supplicant( 1775): AP:ssid[uos-connect],rssi[-62],BSSID=9c:4e:20:c8:9e:73
01-28 17:54:43.342 I/wpa_supplicant( 1775): Received 2853 bytes of scan results (15 BSSes)
01-28 17:54:43.342 I/wpa_supplicant( 1775): wpa_driver_wext_get_scan_results---
01-28 17:54:43.772 D/dalvikvm( 2855): GC_CONCURRENT freed 603K, 10% free 6940K/7687K, paused 8ms+1ms
01-28 17:54:43.863 I/System.out( 2855): Location: no CS school | WiFiNavigator running:true
01-28 17:54:43.863 I/System.out( 2855): Battery level: 100 | Time difference: -1
01-28 17:54:44.123 I/System.out( 2855): Location: no CS school | WiFiNavigator running:true
01-28 17:54:44.133 I/System.out( 2855): Battery level: 100 | Time difference: -1
01-28 17:54:44.433 I/wpa_supplicant( 1775): got scan complete
01-28 17:54:44.433 I/wpa_supplicant( 1775): wpa_supplicant_get_scan_results:return scan results2
01-28 17:54:44.433 I/wpa_supplicant( 1775): AP:ssid[cs],rssi[-88],BSSID=9c:4e:20:c8:b0:f1
01-28 17:54:44.433 I/wpa_supplicant( 1775): AP:ssid[BTOpenzone],rssi[-89],BSSID=9c:4e:20:c8:b0:f0
01-28 17:54:44.433 I/wpa_supplicant( 1775): AP:ssid[uos-visitor],rssi[-88],BSSID=9c:4e:20:c8:b0:f4
01-28 17:54:44.433 I/wpa_supplicant( 1775): AP:ssid[eduroam],rssi[-91],BSSID=9c:4e:20:c8:b0:f2
01-28 17:54:44.433 I/wpa_supplicant( 1775): AP:ssid[uos-connect],rssi[-90],BSSID=9c:4e:20:c8:b0:f3
01-28 17:54:44.433 I/wpa_supplicant( 1775): AP:ssid[eduroam],rssi[-76],BSSID=9c:4e:20:c8:cc:52
01-28 17:54:44.433 I/wpa_supplicant( 1775): AP:ssid[BTOpenzone],rssi[-76],BSSID=9c:4e:20:c8:cc:50
01-28 17:54:44.433 I/wpa_supplicant( 1775): AP:ssid[uos-visitor],rssi[-78],BSSID=9c:4e:20:c8:cc:54
01-28 17:54:44.433 I/wpa_supplicant( 1775): AP:ssid[cs],rssi[-79],BSSID=9c:4e:20:c8:cc:51
01-28 17:54:44.443 I/wpa_supplicant( 1775): AP:ssid[uos-connect],rssi[-76],BSSID=9c:4e:20:c8:cc:53
01-28 17:54:44.443 I/wpa_supplicant( 1775): AP:ssid[uos-connect],rssi[-61],BSSID=9c:4e:20:c8:9e:73
01-28 17:54:44.443 I/wpa_supplicant( 1775): AP:ssid[cs],rssi[-59],BSSID=9c:4e:20:c8:9e:71
01-28 17:54:44.443 I/wpa_supplicant( 1775): AP:ssid[BTOpenzone],rssi[-67],BSSID=9c:4e:20:c8:9e:70
01-28 17:54:44.443 I/wpa_supplicant( 1775): AP:ssid[uos-visitor],rssi[-59],BSSID=9c:4e:20:c8:9e:74
01-28 17:54:44.443 I/wpa_supplicant( 1775): AP:ssid[eduroam],rssi[-68],BSSID=9c:4e:20:c8:9e:72
01-28 17:54:44.443 I/wpa_supplicant( 1775): Received 2853 bytes of scan results (15 BSSes)
01-28 17:54:44.443 I/wpa_supplicant( 1775): wpa_driver_wext_get_scan_results---
01-28 17:54:44.613 D/dalvikvm( 2855): GC_CONCURRENT freed 442K, 10% free 6960K/7687K, paused 1ms+2ms
01-28 17:54:44.964 D/StatusBar.NetworkController( 1650): mWifiConnected, set mRoamingIconId = 0 to hide roaming icon
01-28 17:54:44.964 D/StatusBar.NetworkController( 1650): mSignalStrength.isGsm() == true
01-28 17:54:45.504 I/wpa_supplicant( 1775): got scan complete
01-28 17:54:45.504 I/wpa_supplicant( 1775): wpa_supplicant_get_scan_results:return scan results2
01-28 17:54:45.504 I/wpa_supplicant( 1775): AP:ssid[BTOpenzone],rssi[-88],BSSID=9c:4e:20:c8:b0:f0
01-28 17:54:45.504 I/wpa_supplicant( 1775): AP:ssid[uos-visitor],rssi[-86],BSSID=9c:4e:20:c8:b0:f4
01-28 17:54:45.504 I/wpa_supplicant( 1775): AP:ssid[eduroam],rssi[-89],BSSID=9c:4e:20:c8:b0:f2
01-28 17:54:45.504 I/wpa_supplicant( 1775): AP:ssid[cs],rssi[-87],BSSID=9c:4e:20:c8:b0:f1
01-28 17:54:45.504 I/wpa_supplicant( 1775): AP:ssid[uos-connect],rssi[-88],BSSID=9c:4e:20:c8:b0:f3
01-28 17:54:45.504 I/wpa_supplicant( 1775): AP:ssid[cs],rssi[-77],BSSID=9c:4e:20:c8:cc:51
01-28 17:54:45.514 I/wpa_supplicant( 1775): AP:ssid[BTOpenzone],rssi[-79],BSSID=9c:4e:20:c8:cc:50
01-28 17:54:45.514 I/wpa_supplicant( 1775): AP:ssid[uos-visitor],rssi[-78],BSSID=9c:4e:20:c8:cc:54
01-28 17:54:45.514 I/wpa_supplicant( 1775): AP:ssid[eduroam],rssi[-80],BSSID=9c:4e:20:c8:cc:52
01-28 17:54:45.514 I/wpa_supplicant( 1775): AP:ssid[BTOpenzone],rssi[-66],BSSID=9c:4e:20:c8:9e:70
01-28 17:54:45.514 I/wpa_supplicant( 1775): AP:ssid[uos-visitor],rssi[-68],BSSID=9c:4e:20:c8:9e:74
01-28 17:54:45.514 I/wpa_supplicant( 1775): AP:ssid[uos-connect],rssi[-69],BSSID=9c:4e:20:c8:9e:73
01-28 17:54:45.514 I/wpa_supplicant( 1775): AP:ssid[eduroam],rssi[-66],BSSID=9c:4e:20:c8:9e:72
01-28 17:54:45.514 I/wpa_supplicant( 1775): AP:ssid[cs],rssi[-65],BSSID=9c:4e:20:c8:9e:71
01-28 17:54:45.514 I/wpa_supplicant( 1775): Received 2678 bytes of scan results (14 BSSes)
01-28 17:54:45.514 I/wpa_supplicant( 1775): wpa_driver_wext_get_scan_results---
01-28 17:54:45.654 I/System.out( 2855): Location: no CS school | WiFiNavigator running:true
01-28 17:54:45.654 I/System.out( 2855): Battery level: 100 | Time difference: -1
01-28 17:54:45.654 D/dalvikvm( 2855): GC_CONCURRENT freed 529K, 11% free 6888K/7687K, paused 2ms+2ms
01-28 17:54:45.965 I/System.out( 2855): Location: no CS school | WiFiNavigator running:true
01-28 17:54:45.965 I/System.out( 2855): Battery level: 100 | Time difference: -1
01-28 17:54:46.045 I/System.out( 2855): Location: no CS school | WiFiNavigator running:true
01-28 17:54:46.045 I/System.out( 2855): Battery level: 100 | Time difference: -1
01-28 17:54:46.565 I/wpa_supplicant( 1775): got scan complete
01-28 17:54:46.565 I/wpa_supplicant( 1775): wpa_supplicant_get_scan_results:return scan results2
01-28 17:54:46.575 I/wpa_supplicant( 1775): AP:ssid[BTOpenzone],rssi[-91],BSSID=9c:4e:20:c8:b0:f0
01-28 17:54:46.575 I/wpa_supplicant( 1775): AP:ssid[uos-visitor],rssi[-89],BSSID=9c:4e:20:c8:b0:f4
01-28 17:54:46.575 I/wpa_supplicant( 1775): AP:ssid[eduroam],rssi[-91],BSSID=9c:4e:20:c8:b0:f2
01-28 17:54:46.575 I/wpa_supplicant( 1775): AP:ssid[cs],rssi[-91],BSSID=9c:4e:20:c8:b0:f1
01-28 17:54:46.575 I/wpa_supplicant( 1775): AP:ssid[uos-connect],rssi[-90],BSSID=9c:4e:20:c8:b0:f3
01-28 17:54:46.575 I/wpa_supplicant( 1775): AP:ssid[cs],rssi[-82],BSSID=9c:4e:20:c8:cc:51
01-28 17:54:46.575 I/wpa_supplicant( 1775): AP:ssid[BTOpenzone],rssi[-80],BSSID=9c:4e:20:c8:cc:50
01-28 17:54:46.575 I/wpa_supplicant( 1775): AP:ssid[uos-visitor],rssi[-80],BSSID=9c:4e:20:c8:cc:54
01-28 17:54:46.575 I/wpa_supplicant( 1775): AP:ssid[eduroam],rssi[-81],BSSID=9c:4e:20:c8:cc:52
01-28 17:54:46.575 I/wpa_supplicant( 1775): AP:ssid[uos-connect],rssi[-84],BSSID=9c:4e:20:c8:cc:53
01-28 17:54:46.575 I/wpa_supplicant( 1775): AP:ssid[BTOpenzone],rssi[-61],BSSID=9c:4e:20:c8:9e:70
01-28 17:54:46.575 I/wpa_supplicant( 1775): AP:ssid[eduroam],rssi[-65],BSSID=9c:4e:20:c8:9e:72
01-28 17:54:46.575 I/wpa_supplicant( 1775): AP:ssid[uos-visitor],rssi[-61],BSSID=9c:4e:20:c8:9e:74
01-28 17:54:46.585 I/wpa_supplicant( 1775): AP:ssid[cs],rssi[-61],BSSID=9c:4e:20:c8:9e:71
01-28 17:54:46.585 I/wpa_supplicant( 1775): AP:ssid[uos-connect],rssi[-64],BSSID=9c:4e:20:c8:9e:73
01-28 17:54:46.585 I/wpa_supplicant( 1775): Received 2853 bytes of scan results (15 BSSes)
01-28 17:54:46.585 I/wpa_supplicant( 1775): wpa_driver_wext_get_scan_results---
01-28 17:54:46.825 D/dalvikvm( 2855): GC_CONCURRENT freed 363K, 11% free 6917K/7687K, paused 2ms+2ms
01-28 17:54:46.865 I/System.out( 2855): Location: no CS school | WiFiNavigator running:true
01-28 17:54:46.865 I/System.out( 2855): Battery level: 100 | Time difference: -1
01-28 17:54:47.136 I/System.out( 2855): Location: no CS school | WiFiNavigator running:true
01-28 17:54:47.136 I/System.out( 2855): Battery level: 100 | Time difference: -1
01-28 17:54:47.806 I/wpa_supplicant( 1775): got scan complete
01-28 17:54:47.806 I/wpa_supplicant( 1775): wpa_supplicant_get_scan_results:return scan results2
01-28 17:54:47.806 I/wpa_supplicant( 1775): AP:ssid[BTOpenzone],rssi[-89],BSSID=9c:4e:20:c8:b0:f0
01-28 17:54:47.816 I/wpa_supplicant( 1775): AP:ssid[uos-visitor],rssi[-88],BSSID=9c:4e:20:c8:b0:f4
01-28 17:54:47.816 I/wpa_supplicant( 1775): AP:ssid[eduroam],rssi[-88],BSSID=9c:4e:20:c8:b0:f2
01-28 17:54:47.816 I/wpa_supplicant( 1775): AP:ssid[cs],rssi[-88],BSSID=9c:4e:20:c8:b0:f1
01-28 17:54:47.816 I/wpa_supplicant( 1775): AP:ssid[uos-connect],rssi[-88],BSSID=9c:4e:20:c8:b0:f3
01-28 17:54:47.816 I/wpa_supplicant( 1775): AP:ssid[cs],rssi[-80],BSSID=9c:4e:20:c8:cc:51
01-28 17:54:47.816 I/wpa_supplicant( 1775): AP:ssid[BTOpenzone],rssi[-75],BSSID=9c:4e:20:c8:cc:50
01-28 17:54:47.816 I/wpa_supplicant( 1775): AP:ssid[uos-visitor],rssi[-81],BSSID=9c:4e:20:c8:cc:54
01-28 17:54:47.816 I/wpa_supplicant( 1775): AP:ssid[eduroam],rssi[-72],BSSID=9c:4e:20:c8:cc:52
01-28 17:54:47.816 I/wpa_supplicant( 1775): AP:ssid[uos-connect],rssi[-76],BSSID=9c:4e:20:c8:cc:53
01-28 17:54:47.816 I/wpa_supplicant( 1775): AP:ssid[BTOpenzone],rssi[-65],BSSID=9c:4e:20:c8:9e:70
01-28 17:54:47.816 I/wpa_supplicant( 1775): AP:ssid[uos-visitor],rssi[-66],BSSID=9c:4e:20:c8:9e:74
01-28 17:54:47.816 I/wpa_supplicant( 1775): AP:ssid[cs],rssi[-66],BSSID=9c:4e:20:c8:9e:71
01-28 17:54:47.816 I/wpa_supplicant( 1775): AP:ssid[uos-connect],rssi[-68],BSSID=9c:4e:20:c8:9e:73
01-28 17:54:47.816 I/wpa_supplicant( 1775): AP:ssid[eduroam],rssi[-66],BSSID=9c:4e:20:c8:9e:72
01-28 17:54:47.816 I/wpa_supplicant( 1775): Received 2853 bytes of scan results (15 BSSes)
01-28 17:54:47.816 I/wpa_supplicant( 1775): wpa_driver_wext_get_scan_results---
01-28 17:54:47.956 D/dalvikvm( 2855): GC_CONCURRENT freed 419K, 9% free 7001K/7687K, paused 2ms+2ms
01-28 17:54:48.657 I/System.out( 2855): Location: no CS school | WiFiNavigator running:true
01-28 17:54:48.657 I/System.out( 2855): Battery level: 100 | Time difference: -1
01-28 17:54:48.757 D/UsbnetService( 1574): BroadcastReceiver::onReceive+
01-28 17:54:48.757 D/UsbnetService( 1574): onReceive BATTERY_CHANGED
01-28 17:54:48.767 D/UsbnetService( 1574):  --> pluggedType = 2, mPluggedType = 0, mScreenOff = false
01-28 17:54:48.767 D/UsbnetService( 1574): BroadcastReceiver::onReceive-
01-28 17:54:48.767 D/WifiService( 1574): ACTION_BATTERY_CHANGED pluggedType: 2
01-28 17:54:48.777 D/BatteryService( 1574): SendIntentforPowersaver
01-28 17:54:48.777 D/BatteryService( 1574): Current powersaver status == NORMAL_STATUS1 5 2 false
01-28 17:54:48.777 D/NotificationService( 1574): mIntentReceiver() Intent.ACTION_BATTERY_CHANGED
01-28 17:54:48.787 D/PowerUI ( 1650): closing low battery warning: level=100
01-28 17:54:48.797 D/RemoveMe( 1674): DCT got intent android.intent.action.BATTERY_CHANGED
01-28 17:54:48.797 D/PowerUI ( 1650): plugged = true, health = 2, mBatteryLevel = 100, mPluggedBatteryLevel = 100, mLowBatteryWarningLevel2 = 25, mshowLowChargingWarning2 = true
01-28 17:54:48.807 D/RemoveMe( 1674): DCT got intent android.intent.action.BATTERY_CHANGED
01-28 17:54:48.817 D/RemoveMe( 1674): DCT got intent android.intent.action.BATTERY_CHANGED
01-28 17:54:48.867 I/wpa_supplicant( 1775): got scan complete
01-28 17:54:48.867 I/wpa_supplicant( 1775): wpa_supplicant_get_scan_results:return scan results2
01-28 17:54:48.867 I/wpa_supplicant( 1775): AP:ssid[uos-visitor],rssi[-89],BSSID=9c:4e:20:c8:b0:f4
01-28 17:54:48.867 I/wpa_supplicant( 1775): AP:ssid[BTOpenzone],rssi[-91],BSSID=9c:4e:20:c8:b0:f0
01-28 17:54:48.867 I/wpa_supplicant( 1775): AP:ssid[eduroam],rssi[-91],BSSID=9c:4e:20:c8:b0:f2
01-28 17:54:48.867 I/wpa_supplicant( 1775): AP:ssid[cs],rssi[-89],BSSID=9c:4e:20:c8:b0:f1
01-28 17:54:48.867 I/wpa_supplicant( 1775): AP:ssid[uos-connect],rssi[-92],BSSID=9c:4e:20:c8:b0:f3
01-28 17:54:48.867 I/wpa_supplicant( 1775): AP:ssid[cs],rssi[-83],BSSID=9c:4e:20:c8:cc:51
01-28 17:54:48.867 I/wpa_supplicant( 1775): AP:ssid[BTOpenzone],rssi[-80],BSSID=9c:4e:20:c8:cc:50
01-28 17:54:48.867 I/wpa_supplicant( 1775): AP:ssid[eduroam],rssi[-80],BSSID=9c:4e:20:c8:cc:52
01-28 17:54:48.867 I/wpa_supplicant( 1775): AP:ssid[uos-connect],rssi[-80],BSSID=9c:4e:20:c8:cc:53
01-28 17:54:48.867 I/wpa_supplicant( 1775): AP:ssid[uos-visitor],rssi[-82],BSSID=9c:4e:20:c8:cc:54
01-28 17:54:48.867 I/wpa_supplicant( 1775): AP:ssid[BTOpenzone],rssi[-71],BSSID=9c:4e:20:c8:9e:70
01-28 17:54:48.867 I/wpa_supplicant( 1775): AP:ssid[uos-visitor],rssi[-71],BSSID=9c:4e:20:c8:9e:74
01-28 17:54:48.867 I/wpa_supplicant( 1775): AP:ssid[eduroam],rssi[-71],BSSID=9c:4e:20:c8:9e:72
01-28 17:54:48.867 I/wpa_supplicant( 1775): AP:ssid[cs],rssi[-70],BSSID=9c:4e:20:c8:9e:71
01-28 17:54:48.867 I/wpa_supplicant( 1775): AP:ssid[uos-connect],rssi[-68],BSSID=9c:4e:20:c8:9e:73
01-28 17:54:48.867 I/wpa_supplicant( 1775): Received 2853 bytes of scan results (15 BSSes)
01-28 17:54:48.867 I/wpa_supplicant( 1775): wpa_driver_wext_get_scan_results---
01-28 17:54:48.967 I/System.out( 2855): Location: no CS school | WiFiNavigator running:true
01-28 17:54:48.967 I/System.out( 2855): Battery level: 100 | Time difference: -1
01-28 17:54:49.038 D/dalvikvm( 2855): GC_CONCURRENT freed 530K, 10% free 6971K/7687K, paused 2ms+3ms
01-28 17:54:49.048 I/System.out( 2855): Location: no CS school | WiFiNavigator running:true
01-28 17:54:49.048 I/System.out( 2855): Battery level: 100 | Time difference: -1
01-28 17:54:49.868 I/System.out( 2855): Location: no CS school | WiFiNavigator running:true
01-28 17:54:49.868 I/System.out( 2855): Battery level: 100 | Time difference: -1
01-28 17:54:49.888 I/wpa_supplicant( 1775): got scan complete
01-28 17:54:49.888 I/wpa_supplicant( 1775): wpa_supplicant_get_scan_results:return scan results2
01-28 17:54:49.888 I/wpa_supplicant( 1775): AP:ssid[BTOpenzone],rssi[-90],BSSID=9c:4e:20:c8:b0:f0
01-28 17:54:49.888 I/wpa_supplicant( 1775): AP:ssid[uos-visitor],rssi[-89],BSSID=9c:4e:20:c8:b0:f4
01-28 17:54:49.888 I/wpa_supplicant( 1775): AP:ssid[eduroam],rssi[-88],BSSID=9c:4e:20:c8:b0:f2
01-28 17:54:49.888 I/wpa_supplicant( 1775): AP:ssid[cs],rssi[-89],BSSID=9c:4e:20:c8:b0:f1
01-28 17:54:49.888 I/wpa_supplicant( 1775): AP:ssid[uos-connect],rssi[-93],BSSID=9c:4e:20:c8:b0:f3
01-28 17:54:49.888 I/wpa_supplicant( 1775): AP:ssid[eduroam],rssi[-79],BSSID=9c:4e:20:c8:cc:52
01-28 17:54:49.888 I/wpa_supplicant( 1775): AP:ssid[cs],rssi[-77],BSSID=9c:4e:20:c8:cc:51
01-28 17:54:49.888 I/wpa_supplicant( 1775): AP:ssid[uos-visitor],rssi[-78],BSSID=9c:4e:20:c8:cc:54
01-28 17:54:49.888 I/wpa_supplicant( 1775): AP:ssid[uos-connect],rssi[-73],BSSID=9c:4e:20:c8:9e:73
01-28 17:54:49.888 I/wpa_supplicant( 1775): AP:ssid[BTOpenzone],rssi[-77],BSSID=9c:4e:20:c8:cc:50
01-28 17:54:49.888 I/wpa_supplicant( 1775): AP:ssid[uos-connect],rssi[-80],BSSID=9c:4e:20:c8:cc:53
01-28 17:54:49.888 I/wpa_supplicant( 1775): AP:ssid[BTOpenzone],rssi[-67],BSSID=9c:4e:20:c8:9e:70
01-28 17:54:49.888 I/wpa_supplicant( 1775): AP:ssid[uos-visitor],rssi[-72],BSSID=9c:4e:20:c8:9e:74
01-28 17:54:49.898 I/wpa_supplicant( 1775): AP:ssid[cs],rssi[-72],BSSID=9c:4e:20:c8:9e:71
01-28 17:54:49.898 I/wpa_supplicant( 1775): AP:ssid[eduroam],rssi[-68],BSSID=9c:4e:20:c8:9e:72
01-28 17:54:49.898 I/wpa_supplicant( 1775): Received 2853 bytes of scan results (15 BSSes)
01-28 17:54:49.898 I/wpa_supplicant( 1775): wpa_driver_wext_get_scan_results---
01-28 17:54:50.139 I/System.out( 2855): Location: no CS school | WiFiNavigator running:true
01-28 17:54:50.139 I/System.out( 2855): Battery level: 100 | Time difference: -1
01-28 17:54:50.319 D/dalvikvm( 2855): GC_CONCURRENT freed 514K, 11% free 6907K/7687K, paused 5ms+2ms
01-28 17:54:50.989 I/wpa_supplicant( 1775): got scan complete
01-28 17:54:50.989 I/wpa_supplicant( 1775): wpa_supplicant_get_scan_results:return scan results2
01-28 17:54:50.989 I/wpa_supplicant( 1775): AP:ssid[uos-connect],rssi[-77],BSSID=9c:4e:20:c8:cc:53
01-28 17:54:50.989 I/wpa_supplicant( 1775): AP:ssid[uos-visitor],rssi[-93],BSSID=9c:4e:20:c8:b0:f4
01-28 17:54:50.989 I/wpa_supplicant( 1775): AP:ssid[cs],rssi[-90],BSSID=9c:4e:20:c8:b0:f1
01-28 17:54:50.989 I/wpa_supplicant( 1775): AP:ssid[eduroam],rssi[-77],BSSID=9c:4e:20:c8:cc:52
01-28 17:54:50.989 I/wpa_supplicant( 1775): AP:ssid[eduroam],rssi[-68],BSSID=9c:4e:20:c8:9e:72
01-28 17:54:50.989 I/wpa_supplicant( 1775): AP:ssid[BTOpenzone],rssi[-76],BSSID=9c:4e:20:c8:cc:50
01-28 17:54:50.989 I/wpa_supplicant( 1775): AP:ssid[uos-visitor],rssi[-76],BSSID=9c:4e:20:c8:cc:54
01-28 17:54:50.989 I/wpa_supplicant( 1775): AP:ssid[cs],rssi[-78],BSSID=9c:4e:20:c8:cc:51
01-28 17:54:50.989 I/wpa_supplicant( 1775): AP:ssid[BTOpenzone],rssi[-68],BSSID=9c:4e:20:c8:9e:70
01-28 17:54:50.989 I/wpa_supplicant( 1775): AP:ssid[uos-visitor],rssi[-73],BSSID=9c:4e:20:c8:9e:74
01-28 17:54:50.999 I/wpa_supplicant( 1775): AP:ssid[cs],rssi[-71],BSSID=9c:4e:20:c8:9e:71
