01-28 17:51:45.028 I/wpa_supplicant( 1775): AP:ssid[uos-visitor],rssi[-57],BSSID=9c:4e:20:c8:b0:f4
01-28 17:51:45.028 I/wpa_supplicant( 1775): AP:ssid[uos-connect],rssi[-57],BSSID=9c:4e:20:c8:b0:f3
01-28 17:51:45.028 I/wpa_supplicant( 1775): Received 2959 bytes of scan results (16 BSSes)
01-28 17:51:45.028 I/wpa_supplicant( 1775): wpa_driver_wext_get_scan_results---
01-28 17:51:45.158 D/dalvikvm( 2855): GC_CONCURRENT freed 402K, 8% free 6944K/7495K, paused 1ms+2ms
01-28 17:51:45.639 I/System.out( 2855): Location: no CS school | WiFiNavigator running:true
01-28 17:51:45.639 I/System.out( 2855): Battery level: 100 | Time difference: -1
01-28 17:51:45.949 I/System.out( 2855): Location: no CS school | WiFiNavigator running:true
01-28 17:51:45.949 I/System.out( 2855): Battery level: 100 | Time difference: -1
01-28 17:51:46.029 I/System.out( 2855): Location: no CS school | WiFiNavigator running:true
01-28 17:51:46.029 I/System.out( 2855): Battery level: 100 | Time difference: -1
01-28 17:51:46.029 D/dalvikvm( 1574): GC_EXPLICIT freed 115K, 12% free 16244K/18439K, paused 9ms+5ms
01-28 17:51:46.099 I/wpa_supplicant( 1775): got scan complete
01-28 17:51:46.099 I/wpa_supplicant( 1775): wpa_supplicant_get_scan_results:return scan results2
01-28 17:51:46.099 I/wpa_supplicant( 1775): AP:ssid[BTOpenzone],rssi[-70],BSSID=9c:4e:20:c8:cc:50
01-28 17:51:46.099 I/wpa_supplicant( 1775): AP:ssid[uos-visitor],rssi[-79],BSSID=9c:4e:20:c8:cc:54
01-28 17:51:46.099 I/wpa_supplicant( 1775): AP:ssid[eduroam],rssi[-74],BSSID=9c:4e:20:c8:cc:52
01-28 17:51:46.099 I/wpa_supplicant( 1775): AP:ssid[cs],rssi[-79],BSSID=9c:4e:20:c8:cc:51
01-28 17:51:46.099 I/wpa_supplicant( 1775): AP:ssid[uos-connect],rssi[-84],BSSID=9c:4e:20:c8:9e:73
01-28 17:51:46.099 I/wpa_supplicant( 1775): AP:ssid[uos-connect],rssi[-75],BSSID=9c:4e:20:c8:cc:53
01-28 17:51:46.099 I/wpa_supplicant( 1775): AP:ssid[BTOpenzone],rssi[-82],BSSID=9c:4e:20:c8:9e:70
01-28 17:51:46.099 I/wpa_supplicant( 1775): AP:ssid[uos-visitor],rssi[-83],BSSID=9c:4e:20:c8:9e:74
01-28 17:51:46.099 I/wpa_supplicant( 1775): AP:ssid[eduroam],rssi[-83],BSSID=9c:4e:20:c8:9e:72
01-28 17:51:46.099 I/wpa_supplicant( 1775): AP:ssid[cs],rssi[-83],BSSID=9c:4e:20:c8:9e:71
01-28 17:51:46.099 I/wpa_supplicant( 1775): AP:ssid[LD-Net],rssi[-88],BSSID=00:14:6c:fd:72:38
01-28 17:51:46.099 I/wpa_supplicant( 1775): AP:ssid[uos-connect],rssi[-55],BSSID=9c:4e:20:c8:b0:f3
01-28 17:51:46.099 I/wpa_supplicant( 1775): AP:ssid[BTOpenzone],rssi[-55],BSSID=9c:4e:20:c8:b0:f0
01-28 17:51:46.099 I/wpa_supplicant( 1775): AP:ssid[uos-visitor],rssi[-56],BSSID=9c:4e:20:c8:b0:f4
01-28 17:51:46.099 I/wpa_supplicant( 1775): AP:ssid[eduroam],rssi[-56],BSSID=9c:4e:20:c8:b0:f2
01-28 17:51:46.099 I/wpa_supplicant( 1775): AP:ssid[cs],rssi[-57],BSSID=9c:4e:20:c8:b0:f1
01-28 17:51:46.099 I/wpa_supplicant( 1775): Received 3053 bytes of scan results (16 BSSes)
01-28 17:51:46.099 I/wpa_supplicant( 1775): wpa_driver_wext_get_scan_results---
01-28 17:51:46.710 D/dalvikvm( 2855): GC_CONCURRENT freed 560K, 10% free 6813K/7559K, paused 6ms+1ms
01-28 17:51:46.820 V/WindowManager( 1574): onOrientationChanged, rotation changed to 0
01-28 17:51:46.830 V/WindowManager( 1574): onOrientationChanged, rotation changed to 0
01-28 17:51:46.840 I/System.out( 2855): Location: no CS school | WiFiNavigator running:true
01-28 17:51:46.840 I/System.out( 2855): Battery level: 100 | Time difference: -1
01-28 17:51:46.860 V/WindowManager( 1574): onOrientationChanged, rotation changed to 0
01-28 17:51:46.920 D/SurfaceFlinger( 1438): getTokenForSurface(0xadf84) => 0 (client=0xa2688, bitmap=00000003), pid=0
01-28 17:51:46.920 D/msm7x30.gralloc( 1438): gpu_context_t::getGrallocInformationFromFormat  2 
01-28 17:51:46.950 D/lights  ( 1574): set_light_buttons_func: on=0 brightness=0
01-28 17:51:46.950 D/PowerManagerService( 1574): button light setOrientation:0
01-28 17:51:46.970 D/lights  ( 1574): set_light_buttons_func: on=16777215 brightness=255
01-28 17:51:46.970 D/lights  ( 1574): set_rotated_rgb_led: on=0 brightness=0
01-28 17:51:46.970 D/lights  ( 1574): [LedInfo] write attr ok name=/sys/class/leds/green-landscape/brightness string=0,len=1
01-28 17:51:46.970 D/lights  ( 1574): set_rotated_rgb_led: on=1 brightness=255
01-28 17:51:46.970 D/lights  ( 1574): [LedInfo] write attr ok name=/sys/class/leds/green-portrait/brightness string=255,len=3
01-28 17:51:46.970 D/PowerManagerService( 1574): setPenMenuButtonLed: 2
01-28 17:51:46.970 D/PowerManagerService( 1574): Set pen menu button led (amber, green, blue) = 0, -1, 0), portrait = true
01-28 17:51:46.990 I/ActivityManager( 1574): Config changed: {1.0 0mcc0mnc en_GB sw600dp w600dp h976dp lrg long port finger -keyb/v/h -nav/h s.6 skin=default fontsize=0}
01-28 17:51:47.020 D/SurfaceFlinger( 1438): virtual void android::Layer::onRemoved(): lcblk (identity=58, status=0, token=0)
01-28 17:51:47.040 I/mode10  ( 1667): loadSkinResource : Package = defaultskinName = default
01-28 17:51:47.050 I/mode10  ( 1667): loadSkinResource private
01-28 17:51:47.050 W/wpa_supplicant( 1775): Ongoing Scan action...
01-28 17:51:47.060 D/msm7x30.gralloc( 1438): gpu_context_t::getGrallocInformationFromFormat  2 
01-28 17:51:47.100 D/StatusBar.NetworkController( 1650): mWifiConnected, set mRoamingIconId = 0 to hide roaming icon
01-28 17:51:47.100 D/StatusBar.NetworkController( 1650): mSignalStrength.isGsm() == true
01-28 17:51:47.110 I/wpa_supplicant( 1775): got scan complete
01-28 17:51:47.110 I/wpa_supplicant( 1775): wpa_supplicant_get_scan_results:return scan results2
01-28 17:51:47.120 I/wpa_supplicant( 1775): AP:ssid[uos-visitor],rssi[-74],BSSID=9c:4e:20:c8:cc:54
01-28 17:51:47.120 I/wpa_supplicant( 1775): AP:ssid[eduroam],rssi[-76],BSSID=9c:4e:20:c8:cc:52
01-28 17:51:47.120 I/wpa_supplicant( 1775): AP:ssid[BTOpenzone],rssi[-83],BSSID=9c:4e:20:c8:9e:70
01-28 17:51:47.120 I/wpa_supplicant( 1775): AP:ssid[uos-visitor],rssi[-81],BSSID=9c:4e:20:c8:9e:74
01-28 17:51:47.120 I/wpa_supplicant( 1775): AP:ssid[eduroam],rssi[-82],BSSID=9c:4e:20:c8:9e:72
01-28 17:51:47.120 I/wpa_supplicant( 1775): AP:ssid[cs],rssi[-82],BSSID=9c:4e:20:c8:9e:71
01-28 17:51:47.120 I/wpa_supplicant( 1775): AP:ssid[uos-connect],rssi[-75],BSSID=9c:4e:20:c8:cc:53
01-28 17:51:47.120 I/wpa_supplicant( 1775): AP:ssid[uos-connect],rssi[-84],BSSID=9c:4e:20:c8:9e:73
01-28 17:51:47.120 I/wpa_supplicant( 1775): AP:ssid[cs],rssi[-74],BSSID=9c:4e:20:c8:cc:51
01-28 17:51:47.120 I/wpa_supplicant( 1775): AP:ssid[uos-connect],rssi[-59],BSSID=9c:4e:20:c8:b0:f3
01-28 17:51:47.120 I/wpa_supplicant( 1775): AP:ssid[BTOpenzone],rssi[-60],BSSID=9c:4e:20:c8:b0:f0
01-28 17:51:47.120 I/wpa_supplicant( 1775): AP:ssid[uos-visitor],rssi[-60],BSSID=9c:4e:20:c8:b0:f4
01-28 17:51:47.120 I/wpa_supplicant( 1775): AP:ssid[eduroam],rssi[-59],BSSID=9c:4e:20:c8:b0:f2
01-28 17:51:47.120 I/wpa_supplicant( 1775): AP:ssid[cs],rssi[-59],BSSID=9c:4e:20:c8:b0:f1
01-28 17:51:47.120 I/wpa_supplicant( 1775): Received 2679 bytes of scan results (14 BSSes)
01-28 17:51:47.120 I/wpa_supplicant( 1775): wpa_driver_wext_get_scan_results---
01-28 17:51:47.130 D/ActivityManager( 1574): isSketcherDisabledInCurrentTask():false, ActivityRecord{40a56700 uk.ac.st_andrews.cs.host.mk74.inlocy/.MainActivity}
01-28 17:51:47.140 D/msm7x30.gralloc( 1438): gpu_context_t::getGrallocInformationFromFormat  2 
01-28 17:51:47.180 D/SurfaceFlinger( 1438): getTokenForSurface(0xadcb4) => 0 (client=0xa9ef0, bitmap=00000001), pid=2855
01-28 17:51:47.200 D/msm7x30.gralloc( 1438): gpu_context_t::getGrallocInformationFromFormat  2 
01-28 17:51:47.240 V/WindowManager( 1574): Starting rotation animaiton
01-28 17:51:47.240 V/WindowManager( 1574): end of ratation animation
01-28 17:51:47.250 D/SurfaceFlinger( 1438): virtual void android::Layer::onRemoved(): lcblk (identity=63, status=0, token=0)
01-28 17:51:47.260 D/msm7x30.gralloc( 1438): gpu_context_t::getGrallocInformationFromFormat  2 
01-28 17:51:47.470 D/dalvikvm( 2855): GC_CONCURRENT freed 374K, 9% free 6926K/7559K, paused 2ms+3ms
01-28 17:51:48.211 I/wpa_supplicant( 1775): got scan complete
01-28 17:51:48.211 I/wpa_supplicant( 1775): wpa_supplicant_get_scan_results:return scan results2
01-28 17:51:48.211 I/wpa_supplicant( 1775): AP:ssid[BTOpenzone],rssi[-75],BSSID=9c:4e:20:c8:cc:50
01-28 17:51:48.211 I/wpa_supplicant( 1775): AP:ssid[uos-visitor],rssi[-75],BSSID=9c:4e:20:c8:cc:54
01-28 17:51:48.211 I/wpa_supplicant( 1775): AP:ssid[eduroam],rssi[-77],BSSID=9c:4e:20:c8:cc:52
01-28 17:51:48.211 I/wpa_supplicant( 1775): AP:ssid[cs],rssi[-78],BSSID=9c:4e:20:c8:cc:51
01-28 17:51:48.211 I/wpa_supplicant( 1775): AP:ssid[uos-connect],rssi[-76],BSSID=9c:4e:20:c8:cc:53
01-28 17:51:48.211 I/wpa_supplicant( 1775): AP:ssid[cs],rssi[-82],BSSID=9c:4e:20:c8:9e:71
01-28 17:51:48.211 I/wpa_supplicant( 1775): AP:ssid[BTOpenzone],rssi[-81],BSSID=9c:4e:20:c8:9e:70
01-28 17:51:48.211 I/wpa_supplicant( 1775): AP:ssid[uos-visitor],rssi[-83],BSSID=9c:4e:20:c8:9e:74
01-28 17:51:48.211 I/wpa_supplicant( 1775): AP:ssid[eduroam],rssi[-82],BSSID=9c:4e:20:c8:9e:72
01-28 17:51:48.211 I/wpa_supplicant( 1775): AP:ssid[uos-connect],rssi[-84],BSSID=9c:4e:20:c8:9e:73
01-28 17:51:48.211 I/wpa_supplicant( 1775): AP:ssid[BTOpenzone],rssi[-60],BSSID=9c:4e:20:c8:b0:f0
01-28 17:51:48.211 I/wpa_supplicant( 1775): AP:ssid[uos-visitor],rssi[-58],BSSID=9c:4e:20:c8:b0:f4
01-28 17:51:48.211 I/wpa_supplicant( 1775): AP:ssid[eduroam],rssi[-60],BSSID=9c:4e:20:c8:b0:f2
01-28 17:51:48.211 I/wpa_supplicant( 1775): AP:ssid[cs],rssi[-60],BSSID=9c:4e:20:c8:b0:f1
01-28 17:51:48.221 I/wpa_supplicant( 1775): AP:ssid[uos-connect],rssi[-60],BSSID=9c:4e:20:c8:b0:f3
01-28 17:51:48.221 I/wpa_supplicant( 1775): AP:ssid[hpsetup],rssi[-95],BSSID=c2:ce:46:d5:40:9c
01-28 17:51:48.221 I/wpa_supplicant( 1775): Received 3024 bytes of scan results (16 BSSes)
01-28 17:51:48.221 I/wpa_supplicant( 1775): wpa_driver_wext_get_scan_results---
01-28 17:51:48.581 D/dalvikvm( 2855): GC_CONCURRENT freed 402K, 9% free 6930K/7559K, paused 5ms+7ms
01-28 17:51:48.602 D/UsbnetService( 1574): BroadcastReceiver::onReceive+
01-28 17:51:48.602 D/UsbnetService( 1574): onReceive BATTERY_CHANGED
01-28 17:51:48.602 D/UsbnetService( 1574):  --> pluggedType = 2, mPluggedType = 0, mScreenOff = false
01-28 17:51:48.602 D/UsbnetService( 1574): BroadcastReceiver::onReceive-
01-28 17:51:48.602 D/WifiService( 1574): ACTION_BATTERY_CHANGED pluggedType: 2
01-28 17:51:48.602 D/NotificationService( 1574): mIntentReceiver() Intent.ACTION_BATTERY_CHANGED
01-28 17:51:48.612 D/RemoveMe( 1674): DCT got intent android.intent.action.BATTERY_CHANGED
01-28 17:51:48.612 D/RemoveMe( 1674): DCT got intent android.intent.action.BATTERY_CHANGED
01-28 17:51:48.612 D/RemoveMe( 1674): DCT got intent android.intent.action.BATTERY_CHANGED
01-28 17:51:48.612 D/PowerUI ( 1650): closing low battery warning: level=100
01-28 17:51:48.612 D/PowerUI ( 1650): plugged = true, health = 2, mBatteryLevel = 100, mPluggedBatteryLevel = 100, mLowBatteryWarningLevel2 = 25, mshowLowChargingWarning2 = true
01-28 17:51:48.622 D/BatteryService( 1574): SendIntentforPowersaver
01-28 17:51:48.622 D/BatteryService( 1574): Current powersaver status == NORMAL_STATUS1 5 2 false
01-28 17:51:48.632 I/System.out( 2855): Location: no CS school | WiFiNavigator running:true
01-28 17:51:48.632 I/System.out( 2855): Battery level: 100 | Time difference: -1
01-28 17:51:48.942 I/System.out( 2855): Location: no CS school | WiFiNavigator running:true
01-28 17:51:48.942 I/System.out( 2855): Battery level: 100 | Time difference: -1
01-28 17:51:49.022 I/System.out( 2855): Location: no CS school | WiFiNavigator running:true
01-28 17:51:49.022 I/System.out( 2855): Battery level: 100 | Time difference: -1
01-28 17:51:49.352 I/wpa_supplicant( 1775): got scan complete
01-28 17:51:49.352 I/wpa_supplicant( 1775): wpa_supplicant_get_scan_results:return scan results2
01-28 17:51:49.352 I/wpa_supplicant( 1775): AP:ssid[cs],rssi[-74],BSSID=9c:4e:20:c8:cc:51
01-28 17:51:49.352 I/wpa_supplicant( 1775): AP:ssid[BTOpenzone],rssi[-73],BSSID=9c:4e:20:c8:cc:50
01-28 17:51:49.352 I/wpa_supplicant( 1775): AP:ssid[uos-visitor],rssi[-75],BSSID=9c:4e:20:c8:cc:54
01-28 17:51:49.352 I/wpa_supplicant( 1775): AP:ssid[eduroam],rssi[-74],BSSID=9c:4e:20:c8:cc:52
01-28 17:51:49.352 I/wpa_supplicant( 1775): AP:ssid[uos-connect],rssi[-74],BSSID=9c:4e:20:c8:cc:53
01-28 17:51:49.352 I/wpa_supplicant( 1775): AP:ssid[BTOpenzone],rssi[-81],BSSID=9c:4e:20:c8:9e:70
01-28 17:51:49.352 I/wpa_supplicant( 1775): AP:ssid[uos-visitor],rssi[-87],BSSID=9c:4e:20:c8:9e:74
01-28 17:51:49.352 I/wpa_supplicant( 1775): AP:ssid[cs],rssi[-87],BSSID=9c:4e:20:c8:9e:71
01-28 17:51:49.352 I/wpa_supplicant( 1775): AP:ssid[eduroam],rssi[-82],BSSID=9c:4e:20:c8:9e:72
01-28 17:51:49.352 I/wpa_supplicant( 1775): AP:ssid[uos-connect],rssi[-82],BSSID=9c:4e:20:c8:9e:73
01-28 17:51:49.352 I/wpa_supplicant( 1775): AP:ssid[BTOpenzone],rssi[-54],BSSID=9c:4e:20:c8:b0:f0
01-28 17:51:49.352 I/wpa_supplicant( 1775): AP:ssid[uos-visitor],rssi[-55],BSSID=9c:4e:20:c8:b0:f4
01-28 17:51:49.352 I/wpa_supplicant( 1775): AP:ssid[uos-connect],rssi[-54],BSSID=9c:4e:20:c8:b0:f3
01-28 17:51:49.352 I/wpa_supplicant( 1775): AP:ssid[eduroam],rssi[-56],BSSID=9c:4e:20:c8:b0:f2
01-28 17:51:49.352 I/wpa_supplicant( 1775): AP:ssid[cs],rssi[-55],BSSID=9c:4e:20:c8:b0:f1
01-28 17:51:49.352 I/wpa_supplicant( 1775): Received 2853 bytes of scan results (15 BSSes)
01-28 17:51:49.352 I/wpa_supplicant( 1775): wpa_driver_wext_get_scan_results---
01-28 17:51:49.392 D/dalvikvm( 1574): GC_EXPLICIT freed 139K, 12% free 16240K/18439K, paused 10ms+4ms
01-28 17:51:49.482 D/dalvikvm( 2855): GC_CONCURRENT freed 400K, 8% free 6965K/7559K, paused 2ms+2ms
01-28 17:51:49.843 I/System.out( 2855): Location: no CS school | WiFiNavigator running:true
01-28 17:51:49.843 I/System.out( 2855): Battery level: 100 | Time difference: -1
01-28 17:51:50.103 I/System.out( 2855): Location: no CS school | WiFiNavigator running:true
01-28 17:51:50.103 I/System.out( 2855): Battery level: 100 | Time difference: -1
01-28 17:51:50.363 I/wpa_supplicant( 1775): got scan complete
01-28 17:51:50.363 I/wpa_supplicant( 1775): wpa_supplicant_get_scan_results:return scan results2
01-28 17:51:50.363 I/wpa_supplicant( 1775): AP:ssid[eduroam],rssi[-72],BSSID=9c:4e:20:c8:cc:52
01-28 17:51:50.363 I/wpa_supplicant( 1775): AP:ssid[BTOpenzone],rssi[-71],BSSID=9c:4e:20:c8:cc:50
01-28 17:51:50.373 I/wpa_supplicant( 1775): AP:ssid[uos-visitor],rssi[-78],BSSID=9c:4e:20:c8:cc:54
01-28 17:51:50.373 I/wpa_supplicant( 1775): AP:ssid[cs],rssi[-71],BSSID=9c:4e:20:c8:cc:51
01-28 17:51:50.373 I/wpa_supplicant( 1775): AP:ssid[uos-connect],rssi[-71],BSSID=9c:4e:20:c8:cc:53
01-28 17:51:50.373 I/wpa_supplicant( 1775): AP:ssid[BTOpenzone],rssi[-81],BSSID=9c:4e:20:c8:9e:70
01-28 17:51:50.373 I/wpa_supplicant( 1775): AP:ssid[uos-visitor],rssi[-81],BSSID=9c:4e:20:c8:9e:74
01-28 17:51:50.373 I/wpa_supplicant( 1775): AP:ssid[cs],rssi[-83],BSSID=9c:4e:20:c8:9e:71
01-28 17:51:50.373 I/wpa_supplicant( 1775): AP:ssid[eduroam],rssi[-82],BSSID=9c:4e:20:c8:9e:72
01-28 17:51:50.373 I/wpa_supplicant( 1775): AP:ssid[uos-connect],rssi[-81],BSSID=9c:4e:20:c8:9e:73
01-28 17:51:50.373 I/wpa_supplicant( 1775): AP:ssid[uos-connect],rssi[-58],BSSID=9c:4e:20:c8:b0:f3
01-28 17:51:50.373 I/wpa_supplicant( 1775): AP:ssid[hpsetup],rssi[-93],BSSID=c2:ce:46:d5:40:9c
01-28 17:51:50.373 I/wpa_supplicant( 1775): AP:ssid[BTOpenzone],rssi[-56],BSSID=9c:4e:20:c8:b0:f0
01-28 17:51:50.373 I/wpa_supplicant( 1775): AP:ssid[uos-visitor],rssi[-54],BSSID=9c:4e:20:c8:b0:f4
01-28 17:51:50.373 I/wpa_supplicant( 1775): AP:ssid[eduroam],rssi[-55],BSSID=9c:4e:20:c8:b0:f2
01-28 17:51:50.373 I/wpa_supplicant( 1775): AP:ssid[cs],rssi[-57],BSSID=9c:4e:20:c8:b0:f1
01-28 17:51:50.373 I/wpa_supplicant( 1775): Received 3024 bytes of scan results (16 BSSes)
01-28 17:51:50.373 I/wpa_supplicant( 1775): wpa_driver_wext_get_scan_results---
01-28 17:51:51.234 D/dalvikvm( 2855): GC_CONCURRENT freed 551K, 10% free 6926K/7623K, paused 5ms+1ms
01-28 17:51:51.634 I/System.out( 2855): Location: no CS school | WiFiNavigator running:true
01-28 17:51:51.634 I/System.out( 2855): Battery level: 100 | Time difference: -1
01-28 17:51:51.715 I/wpa_supplicant( 1775): got scan complete
01-28 17:51:51.715 I/wpa_supplicant( 1775): wpa_supplicant_get_scan_results:return scan results2
01-28 17:51:51.715 I/wpa_supplicant( 1775): AP:ssid[BTOpenzone],rssi[-79],BSSID=9c:4e:20:c8:cc:50
01-28 17:51:51.715 I/wpa_supplicant( 1775): AP:ssid[uos-visitor],rssi[-71],BSSID=9c:4e:20:c8:cc:54
01-28 17:51:51.715 I/wpa_supplicant( 1775): AP:ssid[eduroam],rssi[-80],BSSID=9c:4e:20:c8:cc:52
01-28 17:51:51.715 I/wpa_supplicant( 1775): AP:ssid[cs],rssi[-69],BSSID=9c:4e:20:c8:cc:51
01-28 17:51:51.715 I/wpa_supplicant( 1775): AP:ssid[uos-connect],rssi[-79],BSSID=9c:4e:20:c8:cc:53
01-28 17:51:51.715 I/wpa_supplicant( 1775): AP:ssid[BTOpenzone],rssi[-82],BSSID=9c:4e:20:c8:9e:70
01-28 17:51:51.715 I/wpa_supplicant( 1775): AP:ssid[uos-visitor],rssi[-87],BSSID=9c:4e:20:c8:9e:74
01-28 17:51:51.715 I/wpa_supplicant( 1775): AP:ssid[hpsetup],rssi[-94],BSSID=c2:ce:46:d5:40:9c
01-28 17:51:51.715 I/wpa_supplicant( 1775): AP:ssid[BTOpenzone],rssi[-56],BSSID=9c:4e:20:c8:b0:f0
01-28 17:51:51.715 I/wpa_supplicant( 1775): AP:ssid[uos-visitor],rssi[-55],BSSID=9c:4e:20:c8:b0:f4
01-28 17:51:51.725 I/wpa_supplicant( 1775): AP:ssid[eduroam],rssi[-58],BSSID=9c:4e:20:c8:b0:f2
01-28 17:51:51.725 I/wpa_supplicant( 1775): AP:ssid[cs],rssi[-57],BSSID=9c:4e:20:c8:b0:f1
01-28 17:51:51.725 I/wpa_supplicant( 1775): AP:ssid[uos-connect],rssi[-57],BSSID=9c:4e:20:c8:b0:f3
01-28 17:51:51.725 I/wpa_supplicant( 1775): Received 2388 bytes of scan results (13 BSSes)
01-28 17:51:51.725 I/wpa_supplicant( 1775): wpa_driver_wext_get_scan_results---
01-28 17:51:51.935 I/System.out( 2855): Location: no CS school | WiFiNavigator running:false
01-28 17:51:51.945 I/System.out( 2855): Battery level: 100 | Time difference: -1
01-28 17:51:52.025 I/System.out( 2855): Location: no CS school | WiFiNavigator running:true
01-28 17:51:52.025 I/System.out( 2855): Battery level: 100 | Time difference: -1
01-28 17:51:52.846 I/System.out( 2855): Location: no CS school | WiFiNavigator running:false
01-28 17:51:52.846 I/System.out( 2855): Battery level: 100 | Time difference: -1
01-28 17:51:53.006 I/wpa_supplicant( 1775): got scan complete
01-28 17:51:53.006 I/wpa_supplicant( 1775): wpa_supplicant_get_scan_results:return scan results2
01-28 17:51:53.006 I/wpa_supplicant( 1775): AP:ssid[BTOpenzone],rssi[-71],BSSID=9c:4e:20:c8:cc:50
01-28 17:51:53.016 I/wpa_supplicant( 1775): AP:ssid[cs],rssi[-88],BSSID=9c:4e:20:c8:9e:71
01-28 17:51:53.016 I/wpa_supplicant( 1775): AP:ssid[eduroam],rssi[-71],BSSID=9c:4e:20:c8:cc:52
01-28 17:51:53.016 I/wpa_supplicant( 1775): AP:ssid[cs],rssi[-70],BSSID=9c:4e:20:c8:cc:51
01-28 17:51:53.016 I/wpa_supplicant( 1775): AP:ssid[uos-connect],rssi[-78],BSSID=9c:4e:20:c8:cc:53
01-28 17:51:53.016 I/wpa_supplicant( 1775): AP:ssid[uos-connect],rssi[-84],BSSID=9c:4e:20:c8:9e:73
01-28 17:51:53.016 I/wpa_supplicant( 1775): AP:ssid[BTOpenzone],rssi[-83],BSSID=9c:4e:20:c8:9e:70
01-28 17:51:53.016 I/wpa_supplicant( 1775): AP:ssid[uos-visitor],rssi[-87],BSSID=9c:4e:20:c8:9e:74
01-28 17:51:53.016 I/wpa_supplicant( 1775): AP:ssid[eduroam],rssi[-83],BSSID=9c:4e:20:c8:9e:72
01-28 17:51:53.016 I/wpa_supplicant( 1775): AP:ssid[BTOpenzone],rssi[-55],BSSID=9c:4e:20:c8:b0:f0
01-28 17:51:53.016 I/wpa_supplicant( 1775): AP:ssid[uos-visitor],rssi[-54],BSSID=9c:4e:20:c8:b0:f4
01-28 17:51:53.016 I/wpa_supplicant( 1775): AP:ssid[eduroam],rssi[-54],BSSID=9c:4e:20:c8:b0:f2
01-28 17:51:53.016 I/wpa_supplicant( 1775): AP:ssid[cs],rssi[-55],BSSID=9c:4e:20:c8:b0:f1
01-28 17:51:53.016 I/wpa_supplicant( 1775): AP:ssid[uos-connect],rssi[-54],BSSID=9c:4e:20:c8:b0:f3
01-28 17:51:53.016 I/wpa_supplicant( 1775): AP:ssid[LD-Net],rssi[-91],BSSID=00:14:6c:fd:72:38
01-28 17:51:53.016 I/wpa_supplicant( 1775): AP:ssid[uos-visitor],rssi[-80],BSSID=9c:4e:20:c8:cc:54
01-28 17:51:53.016 I/wpa_supplicant( 1775): Received 3053 bytes of scan results (16 BSSes)
01-28 17:51:53.016 I/wpa_supplicant( 1775): wpa_driver_wext_get_scan_results---
01-28 17:51:53.046 D/dalvikvm( 2855): GC_CONCURRENT freed 461K, 10% free 6921K/7623K, paused 6ms+2ms
01-28 17:51:53.106 I/System.out( 2855): Location: no CS school | WiFiNavigator running:true
01-28 17:51:53.106 I/System.out( 2855): Battery level: 100 | Time difference: -1
01-28 17:51:54.447 I/wpa_supplicant( 1775): got scan complete
01-28 17:51:54.447 I/wpa_supplicant( 1775): wpa_supplicant_get_scan_results:return scan results2
01-28 17:51:54.447 I/wpa_supplicant( 1775): AP:ssid[cs],rssi[-72],BSSID=9c:4e:20:c8:cc:51
01-28 17:51:54.447 I/wpa_supplicant( 1775): AP:ssid[BTOpenzone],rssi[-72],BSSID=9c:4e:20:c8:cc:50
01-28 17:51:54.447 I/wpa_supplicant( 1775): AP:ssid[eduroam],rssi[-73],BSSID=9c:4e:20:c8:cc:52
01-28 17:51:54.447 I/wpa_supplicant( 1775): AP:ssid[BTOpenzone],rssi[-81],BSSID=9c:4e:20:c8:9e:70
01-28 17:51:54.447 I/wpa_supplicant( 1775): AP:ssid[cs],rssi[-81],BSSID=9c:4e:20:c8:9e:71
01-28 17:51:54.447 I/wpa_supplicant( 1775): AP:ssid[uos-visitor],rssi[-81],BSSID=9c:4e:20:c8:9e:74
01-28 17:51:54.447 I/wpa_supplicant( 1775): AP:ssid[eduroam],rssi[-83],BSSID=9c:4e:20:c8:9e:72
01-28 17:51:54.447 I/wpa_supplicant( 1775): AP:ssid[uos-connect],rssi[-82],BSSID=9c:4e:20:c8:9e:73
01-28 17:51:54.457 I/wpa_supplicant( 1775): AP:ssid[eduroam],rssi[-55],BSSID=9c:4e:20:c8:b0:f2
01-28 17:51:54.457 I/wpa_supplicant( 1775): AP:ssid[cs],rssi[-56],BSSID=9c:4e:20:c8:b0:f1
01-28 17:51:54.457 I/wpa_supplicant( 1775): AP:ssid[BTOpenzone],rssi[-54],BSSID=9c:4e:20:c8:b0:f0
01-28 17:51:54.457 I/wpa_supplicant( 1775): AP:ssid[uos-visitor],rssi[-56],BSSID=9c:4e:20:c8:b0:f4
01-28 17:51:54.457 I/wpa_supplicant( 1775): AP:ssid[uos-connect],rssi[-57],BSSID=9c:4e:20:c8:b0:f3
01-28 17:51:54.467 I/wpa_supplicant( 1775): AP:ssid[uos-visitor],rssi[-72],BSSID=9c:4e:20:c8:cc:54
01-28 17:51:54.467 I/wpa_supplicant( 1775): Received 2678 bytes of scan results (14 BSSes)
01-28 17:51:54.467 I/wpa_supplicant( 1775): wpa_driver_wext_get_scan_results---
01-28 17:51:54.637 I/System.out( 2855): Location: no CS school | WiFiNavigator running:false
01-28 17:51:54.637 I/System.out( 2855): Battery level: 100 | Time difference: -1
01-28 17:51:54.938 I/System.out( 2855): Location: no CS school | WiFiNavigator running:false
01-28 17:51:54.948 I/System.out( 2855): Battery level: 100 | Time difference: -1
01-28 17:51:55.028 I/System.out( 2855): Location: no CS school | WiFiNavigator running:false
01-28 17:51:55.028 I/System.out( 2855): Battery level: 100 | Time difference: -1
01-28 17:51:55.568 I/wpa_supplicant( 1775): got scan complete
01-28 17:51:55.568 I/wpa_supplicant( 1775): wpa_supplicant_get_scan_results:return scan results2
01-28 17:51:55.578 I/wpa_supplicant( 1775): AP:ssid[uos-visitor],rssi[-87],BSSID=9c:4e:20:c8:9e:74
01-28 17:51:55.578 I/wpa_supplicant( 1775): AP:ssid[BTOpenzone],rssi[-73],BSSID=9c:4e:20:c8:cc:50
01-28 17:51:55.578 I/wpa_supplicant( 1775): AP:ssid[uos-visitor],rssi[-81],BSSID=9c:4e:20:c8:cc:54
01-28 17:51:55.578 I/wpa_supplicant( 1775): AP:ssid[cs],rssi[-71],BSSID=9c:4e:20:c8:cc:51
01-28 17:51:55.578 I/wpa_supplicant( 1775): AP:ssid[cs],rssi[-87],BSSID=9c:4e:20:c8:9e:71
01-28 17:51:55.578 I/wpa_supplicant( 1775): AP:ssid[BTOpenzone],rssi[-84],BSSID=9c:4e:20:c8:9e:70
01-28 17:51:55.578 I/wpa_supplicant( 1775): AP:ssid[eduroam],rssi[-84],BSSID=9c:4e:20:c8:9e:72
01-28 17:51:55.578 I/wpa_supplicant( 1775): AP:ssid[uos-connect],rssi[-85],BSSID=9c:4e:20:c8:9e:73
01-28 17:51:55.578 I/wpa_supplicant( 1775): AP:ssid[hpsetup],rssi[-92],BSSID=c2:ce:46:d5:40:9c
01-28 17:51:55.578 I/wpa_supplicant( 1775): AP:ssid[eduroam],rssi[-56],BSSID=9c:4e:20:c8:b0:f2
01-28 17:51:55.578 I/wpa_supplicant( 1775): AP:ssid[cs],rssi[-57],BSSID=9c:4e:20:c8:b0:f1
01-28 17:51:55.578 I/wpa_supplicant( 1775): AP:ssid[uos-visitor],rssi[-55],BSSID=9c:4e:20:c8:b0:f4
01-28 17:51:55.588 I/wpa_supplicant( 1775): AP:ssid[uos-connect],rssi[-54],BSSID=9c:4e:20:c8:b0:f3
01-28 17:51:55.588 I/wpa_supplicant( 1775): AP:ssid[BTOpenzone],rssi[-56],BSSID=9c:4e:20:c8:b0:f0
01-28 17:51:55.588 I/wpa_supplicant( 1775): AP:ssid[eduroam],rssi[-74],BSSID=9c:4e:20:c8:cc:52
01-28 17:51:55.588 I/wpa_supplicant( 1775): Received 2785 bytes of scan results (15 BSSes)
01-28 17:51:55.588 I/wpa_supplicant( 1775): wpa_driver_wext_get_scan_results---
01-28 17:51:55.849 I/System.out( 2855): Location: no CS school | WiFiNavigator running:false
01-28 17:51:55.849 I/System.out( 2855): Battery level: 100 | Time difference: -1
01-28 17:51:56.109 I/System.out( 2855): Location: no CS school | WiFiNavigator running:false
01-28 17:51:56.109 I/System.out( 2855): Battery level: 100 | Time difference: -1
01-28 17:51:57.630 I/System.out( 2855): Location: no CS school | WiFiNavigator running:false
01-28 17:51:57.630 I/System.out( 2855): Battery level: 100 | Time difference: -1
01-28 17:51:57.941 I/System.out( 2855): Location: no CS school | WiFiNavigator running:false
01-28 17:51:57.941 I/System.out( 2855): Battery level: 100 | Time difference: -1
01-28 17:51:58.021 I/System.out( 2855): Location: no CS school | WiFiNavigator running:false
01-28 17:51:58.031 I/System.out( 2855): Battery level: 100 | Time difference: -1
01-28 17:51:58.842 I/System.out( 2855): Location: no CS school | WiFiNavigator running:false
01-28 17:51:58.842 I/System.out( 2855): Battery level: 100 | Time difference: -1
01-28 17:51:59.102 I/System.out( 2855): Location: no CS school | WiFiNavigator running:false
01-28 17:51:59.102 I/System.out( 2855): Battery level: 100 | Time difference: -1
01-28 17:52:00.413 D/dalvikvm( 2855): GC_CONCURRENT freed 424K, 10% free 6886K/7623K, paused 6ms+1ms
01-28 17:52:00.633 I/System.out( 2855): Location: no CS school | WiFiNavigator running:false
01-28 17:52:00.633 I/System.out( 2855): Battery level: 100 | Time difference: -1
01-28 17:52:00.944 I/System.out( 2855): Location: no CS school | WiFiNavigator running:false
01-28 17:52:00.944 I/System.out( 2855): Battery level: 100 | Time difference: -1
01-28 17:52:01.024 I/System.out( 2855): Location: no CS school | WiFiNavigator running:false
01-28 17:52:01.024 I/System.out( 2855): Battery level: 100 | Time difference: -1
01-28 17:52:01.844 I/System.out( 2855): Location: no CS school | WiFiNavigator running:false
01-28 17:52:01.844 I/System.out( 2855): Battery level: 100 | Time difference: -1
01-28 17:52:02.105 I/System.out( 2855): Location: no CS school | WiFiNavigator running:false
01-28 17:52:02.105 I/System.out( 2855): Battery level: 100 | Time difference: -1
01-28 17:52:03.636 I/System.out( 2855): Location: no CS school | WiFiNavigator running:false
01-28 17:52:03.636 I/System.out( 2855): Battery level: 100 | Time difference: -1
01-28 17:52:03.946 I/System.out( 2855): Location: no CS school | WiFiNavigator running:false
01-28 17:52:03.946 I/System.out( 2855): Battery level: 100 | Time difference: -1
01-28 17:52:04.027 I/System.out( 2855): Location: no CS school | WiFiNavigator running:false
01-28 17:52:04.027 I/System.out( 2855): Battery level: 100 | Time difference: -1
01-28 17:52:04.847 I/System.out( 2855): Location: no CS school | WiFiNavigator running:false
01-28 17:52:04.847 I/System.out( 2855): Battery level: 100 | Time difference: -1
01-28 17:52:05.098 D/dalvikvm( 2534): GC_EXPLICIT freed 189K, 8% free 6579K/7111K, paused 1ms+1ms
01-28 17:52:05.108 I/System.out( 2855): Location: no CS school | WiFiNavigator running:false
01-28 17:52:05.108 I/System.out( 2855): Battery level: 100 | Time difference: -1
01-28 17:52:06.629 I/System.out( 2855): Location: no CS school | WiFiNavigator running:false
01-28 17:52:06.629 I/System.out( 2855): Battery level: 100 | Time difference: -1
01-28 17:52:06.939 I/System.out( 2855): Location: no CS school | WiFiNavigator running:false
01-28 17:52:06.939 I/System.out( 2855): Battery level: 100 | Time difference: -1
01-28 17:52:07.019 I/System.out( 2855): Location: no CS school | WiFiNavigator running:false
01-28 17:52:07.019 I/System.out( 2855): Battery level: 100 | Time difference: -1
01-28 17:52:07.840 I/System.out( 2855): Location: no CS school | WiFiNavigator running:false
01-28 17:52:07.840 I/System.out( 2855): Battery level: 100 | Time difference: -1
01-28 17:52:08.101 I/System.out( 2855): Location: no CS school | WiFiNavigator running:false
01-28 17:52:08.101 I/System.out( 2855): Battery level: 100 | Time difference: -1
01-28 17:52:09.632 I/System.out( 2855): Location: no CS school | WiFiNavigator running:false
01-28 17:52:09.632 I/System.out( 2855): Battery level: 100 | Time difference: -1
01-28 17:52:09.942 I/System.out( 2855): Location: no CS school | WiFiNavigator running:false
01-28 17:52:09.942 I/System.out( 2855): Battery level: 100 | Time difference: -1
01-28 17:52:10.022 I/System.out( 2855): Location: no CS school | WiFiNavigator running:false
01-28 17:52:10.022 I/System.out( 2855): Battery level: 100 | Time difference: -1
01-28 17:52:10.173 D/dalvikvm( 2590): GC_EXPLICIT freed 24K, 10% free 6839K/7559K, paused 10ms+2ms
01-28 17:52:10.843 I/System.out( 2855): Location: no CS school | WiFiNavigator running:false
01-28 17:52:10.843 I/System.out( 2855): Battery level: 100 | Time difference: -1
01-28 17:52:11.103 I/System.out( 2855): Location: no CS school | WiFiNavigator running:false
01-28 17:52:11.103 I/System.out( 2855): Battery level: 100 | Time difference: -1
01-28 17:52:12.635 I/System.out( 2855): Location: no CS school | WiFiNavigator running:false
01-28 17:52:12.635 I/System.out( 2855): Battery level: 100 | Time difference: -1
01-28 17:52:12.945 I/System.out( 2855): Location: no CS school | WiFiNavigator running:false
01-28 17:52:12.945 I/System.out( 2855): Battery level: 100 | Time difference: -1
01-28 17:52:13.025 I/System.out( 2855): Location: no CS school | WiFiNavigator running:false
01-28 17:52:13.025 I/System.out( 2855): Battery level: 100 | Time difference: -1
01-28 17:52:13.846 I/System.out( 2855): Location: no CS school | WiFiNavigator running:false
01-28 17:52:13.846 I/System.out( 2855): Battery level: 100 | Time difference: -1
01-28 17:52:14.106 I/System.out( 2855): Location: no CS school | WiFiNavigator running:false
01-28 17:52:14.106 I/System.out( 2855): Battery level: 100 | Time difference: -1
01-28 17:52:15.187 D/dalvikvm( 1813): GC_EXPLICIT freed 593K, 42% free 7661K/13063K, paused 8ms+1ms
01-28 17:52:15.638 I/System.out( 2855): Location: no CS school | WiFiNavigator running:false
01-28 17:52:15.638 I/System.out( 2855): Battery level: 100 | Time difference: -1
01-28 17:52:15.948 I/System.out( 2855): Location: no CS school | WiFiNavigator running:false
01-28 17:52:15.948 I/System.out( 2855): Battery level: 100 | Time difference: -1
01-28 17:52:16.028 I/System.out( 2855): Location: no CS school | WiFiNavigator running:false
01-28 17:52:16.028 I/System.out( 2855): Battery level: 100 | Time difference: -1
01-28 17:52:16.839 I/System.out( 2855): Location: no CS school | WiFiNavigator running:false
01-28 17:52:16.839 I/System.out( 2855): Battery level: 100 | Time difference: -1
01-28 17:52:17.099 I/System.out( 2855): Location: no CS school | WiFiNavigator running:false
01-28 17:52:17.099 I/System.out( 2855): Battery level: 100 | Time difference: -1
01-28 17:52:18.631 I/System.out( 2855): Location: no CS school | WiFiNavigator running:false
01-28 17:52:18.631 I/System.out( 2855): Battery level: 100 | Time difference: -1
01-28 17:52:18.941 I/System.out( 2855): Location: no CS school | WiFiNavigator running:false
01-28 17:52:18.941 I/System.out( 2855): Battery level: 100 | Time difference: -1
01-28 17:52:19.021 I/System.out( 2855): Location: no CS school | WiFiNavigator running:false
01-28 17:52:19.031 I/System.out( 2855): Battery level: 100 | Time difference: -1
01-28 17:52:19.842 I/System.out( 2855): Location: no CS school | WiFiNavigator running:false
01-28 17:52:19.842 I/System.out( 2855): Battery level: 100 | Time difference: -1
01-28 17:52:20.102 I/System.out( 2855): Location: no CS school | WiFiNavigator running:false
01-28 17:52:20.102 I/System.out( 2855): Battery level: 100 | Time difference: -1
01-28 17:52:21.634 I/System.out( 2855): Location: no CS school | WiFiNavigator running:false
01-28 17:52:21.634 I/System.out( 2855): Battery level: 100 | Time difference: -1
01-28 17:52:21.944 I/System.out( 2855): Location: no CS school | WiFiNavigator running:false
01-28 17:52:21.944 I/System.out( 2855): Battery level: 100 | Time difference: -1
01-28 17:52:22.024 I/System.out( 2855): Location: no CS school | WiFiNavigator running:false
01-28 17:52:22.034 I/System.out( 2855): Battery level: 100 | Time difference: -1
01-28 17:52:22.845 I/System.out( 2855): Location: no CS school | WiFiNavigator running:false
01-28 17:52:22.845 I/System.out( 2855): Battery level: 100 | Time difference: -1
01-28 17:52:23.105 I/System.out( 2855): Location: no CS school | WiFiNavigator running:false
01-28 17:52:23.105 I/System.out( 2855): Battery level: 100 | Time difference: -1
01-28 17:52:24.637 I/System.out( 2855): Location: no CS school | WiFiNavigator running:false
01-28 17:52:24.637 I/System.out( 2855): Battery level: 100 | Time difference: -1
01-28 17:52:24.947 I/System.out( 2855): Location: no CS school | WiFiNavigator running:false
01-28 17:52:24.947 I/System.out( 2855): Battery level: 100 | Time difference: -1
01-28 17:52:25.037 I/System.out( 2855): Location: no CS school | WiFiNavigator running:false
01-28 17:52:25.037 I/System.out( 2855): Battery level: 100 | Time difference: -1
01-28 17:52:25.848 I/System.out( 2855): Location: no CS school | WiFiNavigator running:false
01-28 17:52:25.848 I/System.out( 2855): Battery level: 100 | Time difference: -1
01-28 17:52:26.108 I/System.out( 2855): Location: no CS school | WiFiNavigator running:false
01-28 17:52:26.108 I/System.out( 2855): Battery level: 100 | Time difference: -1
01-28 17:52:27.630 I/System.out( 2855): Location: no CS school | WiFiNavigator running:false
01-28 17:52:27.630 I/System.out( 2855): Battery level: 100 | Time difference: -1
01-28 17:52:27.940 I/System.out( 2855): Location: no CS school | WiFiNavigator running:false
01-28 17:52:27.940 I/System.out( 2855): Battery level: 100 | Time difference: -1
01-28 17:52:28.030 I/System.out( 2855): Location: no CS school | WiFiNavigator running:false
01-28 17:52:28.030 I/System.out( 2855): Battery level: 100 | Time difference: -1
01-28 17:52:28.841 I/System.out( 2855): Location: no CS school | WiFiNavigator running:false
01-28 17:52:28.841 I/System.out( 2855): Battery level: 100 | Time difference: -1
01-28 17:52:29.101 I/System.out( 2855): Location: no CS school | WiFiNavigator running:false
01-28 17:52:29.101 I/System.out( 2855): Battery level: 100 | Time difference: -1
01-28 17:52:30.643 I/System.out( 2855): Location: no CS school | WiFiNavigator running:false
01-28 17:52:30.643 I/System.out( 2855): Battery level: 100 | Time difference: -1
01-28 17:52:30.713 D/dalvikvm( 2855): GC_CONCURRENT freed 438K, 11% free 6833K/7623K, paused 6ms+1ms
01-28 17:52:30.943 I/System.out( 2855): Location: no CS school | WiFiNavigator running:false
01-28 17:52:30.943 I/System.out( 2855): Battery level: 100 | Time difference: -1
01-28 17:52:31.033 I/System.out( 2855): Location: no CS school | WiFiNavigator running:false
01-28 17:52:31.033 I/System.out( 2855): Battery level: 100 | Time difference: -1
01-28 17:52:31.844 I/System.out( 2855): Location: no CS school | WiFiNavigator running:false
01-28 17:52:31.844 I/System.out( 2855): Battery level: 100 | Time difference: -1
01-28 17:52:32.104 I/System.out( 2855): Location: no CS school | WiFiNavigator running:false
01-28 17:52:32.104 I/System.out( 2855): Battery level: 100 | Time difference: -1
01-28 17:52:32.614 D/StatusBar.NetworkController( 1650): mWifiConnected, set mRoamingIconId = 0 to hide roaming icon
01-28 17:52:32.614 D/StatusBar.NetworkController( 1650): mSignalStrength.isGsm() == true
01-28 17:52:33.635 I/System.out( 2855): Location: no CS school | WiFiNavigator running:false
01-28 17:52:33.635 I/System.out( 2855): Battery level: 100 | Time difference: -1
01-28 17:52:33.946 I/System.out( 2855): Location: no CS school | WiFiNavigator running:false
01-28 17:52:33.956 I/System.out( 2855): Battery level: 100 | Time difference: -1
01-28 17:52:34.036 I/System.out( 2855): Location: no CS school | WiFiNavigator running:false
01-28 17:52:34.036 I/System.out( 2855): Battery level: 100 | Time difference: -1
01-28 17:52:34.847 I/System.out( 2855): Location: no CS school | WiFiNavigator running:false
01-28 17:52:34.847 I/System.out( 2855): Battery level: 100 | Time difference: -1
01-28 17:52:35.117 I/System.out( 2855): Location: no CS school | WiFiNavigator running:false
01-28 17:52:35.117 I/System.out( 2855): Battery level: 100 | Time difference: -1
01-28 17:52:35.637 D/StatusBar.NetworkController( 1650): mWifiConnected, set mRoamingIconId = 0 to hide roaming icon
01-28 17:52:35.647 D/StatusBar.NetworkController( 1650): mSignalStrength.isGsm() == true
01-28 17:52:36.638 I/System.out( 2855): Location: no CS school | WiFiNavigator running:false
01-28 17:52:36.648 I/System.out( 2855): Battery level: 100 | Time difference: -1
01-28 17:52:36.949 I/System.out( 2855): Location: no CS school | WiFiNavigator running:false
01-28 17:52:36.949 I/System.out( 2855): Battery level: 100 | Time difference: -1
01-28 17:52:37.039 I/System.out( 2855): Location: no CS school | WiFiNavigator running:false
01-28 17:52:37.039 I/System.out( 2855): Battery level: 100 | Time difference: -1
01-28 17:52:37.840 I/System.out( 2855): Location: no CS school | WiFiNavigator running:false
01-28 17:52:37.840 I/System.out( 2855): Battery level: 100 | Time difference: -1
01-28 17:52:38.100 I/System.out( 2855): Location: no CS school | WiFiNavigator running:false
01-28 17:52:38.110 I/System.out( 2855): Battery level: 100 | Time difference: -1
01-28 17:52:39.641 I/System.out( 2855): Location: no CS school | WiFiNavigator running:false
01-28 17:52:39.641 I/System.out( 2855): Battery level: 100 | Time difference: -1
01-28 17:52:39.952 I/System.out( 2855): Location: no CS school | WiFiNavigator running:false
01-28 17:52:39.952 I/System.out( 2855): Battery level: 100 | Time difference: -1
01-28 17:52:40.032 I/System.out( 2855): Location: no CS school | WiFiNavigator running:false
01-28 17:52:40.032 I/System.out( 2855): Battery level: 100 | Time difference: -1
01-28 17:52:40.842 I/System.out( 2855): Location: no CS school | WiFiNavigator running:false
01-28 17:52:40.842 I/System.out( 2855): Battery level: 100 | Time difference: -1
01-28 17:52:41.113 I/System.out( 2855): Location: no CS school | WiFiNavigator running:false
01-28 17:52:41.113 I/System.out( 2855): Battery level: 100 | Time difference: -1
01-28 17:52:42.644 I/System.out( 2855): Location: no CS school | WiFiNavigator running:false
01-28 17:52:42.644 I/System.out( 2855): Battery level: 100 | Time difference: -1
01-28 17:52:42.945 I/System.out( 2855): Location: no CS school | WiFiNavigator running:false
01-28 17:52:42.945 I/System.out( 2855): Battery level: 100 | Time difference: -1
01-28 17:52:43.035 I/System.out( 2855): Location: no CS school | WiFiNavigator running:false
01-28 17:52:43.035 I/System.out( 2855): Battery level: 100 | Time difference: -1
01-28 17:52:43.855 I/System.out( 2855): Location: no CS school | WiFiNavigator running:false
01-28 17:52:43.855 I/System.out( 2855): Battery level: 100 | Time difference: -1
01-28 17:52:44.116 I/System.out( 2855): Location: no CS school | WiFiNavigator running:false
01-28 17:52:44.116 I/System.out( 2855): Battery level: 100 | Time difference: -1
01-28 17:52:45.647 I/System.out( 2855): Location: no CS school | WiFiNavigator running:false
01-28 17:52:45.647 I/System.out( 2855): Battery level: 100 | Time difference: -1
01-28 17:52:45.957 I/System.out( 2855): Location: no CS school | WiFiNavigator running:false
01-28 17:52:45.957 I/System.out( 2855): Battery level: 100 | Time difference: -1
01-28 17:52:46.038 I/System.out( 2855): Location: no CS school | WiFiNavigator running:false
01-28 17:52:46.038 I/System.out( 2855): Battery level: 100 | Time difference: -1
01-28 17:52:46.848 I/System.out( 2855): Location: no CS school | WiFiNavigator running:false
01-28 17:52:46.848 I/System.out( 2855): Battery level: 100 | Time difference: -1
01-28 17:52:47.119 I/System.out( 2855): Location: no CS school | WiFiNavigator running:false
01-28 17:52:47.119 I/System.out( 2855): Battery level: 100 | Time difference: -1
01-28 17:52:48.640 I/System.out( 2855): Location: no CS school | WiFiNavigator running:false
01-28 17:52:48.640 I/System.out( 2855): Battery level: 100 | Time difference: -1
01-28 17:52:48.660 D/UsbnetService( 1574): BroadcastReceiver::onReceive+
01-28 17:52:48.660 D/UsbnetService( 1574): onReceive BATTERY_CHANGED
01-28 17:52:48.660 D/UsbnetService( 1574):  --> pluggedType = 2, mPluggedType = 0, mScreenOff = false
01-28 17:52:48.660 D/UsbnetService( 1574): BroadcastReceiver::onReceive-
01-28 17:52:48.670 D/BatteryService( 1574): SendIntentforPowersaver
01-28 17:52:48.670 D/WifiService( 1574): ACTION_BATTERY_CHANGED pluggedType: 2
01-28 17:52:48.670 D/NotificationService( 1574): mIntentReceiver() Intent.ACTION_BATTERY_CHANGED
01-28 17:52:48.680 D/BatteryService( 1574): Current powersaver status == NORMAL_STATUS1 5 2 false
01-28 17:52:48.690 D/RemoveMe( 1674): DCT got intent android.intent.action.BATTERY_CHANGED
01-28 17:52:48.690 D/PowerUI ( 1650): closing low battery warning: level=100
01-28 17:52:48.690 D/PowerUI ( 1650): plugged = true, health = 2, mBatteryLevel = 100, mPluggedBatteryLevel = 100, mLowBatteryWarningLevel2 = 25, mshowLowChargingWarning2 = true
01-28 17:52:48.710 D/RemoveMe( 1674): DCT got intent android.intent.action.BATTERY_CHANGED
01-28 17:52:48.710 D/RemoveMe( 1674): DCT got intent android.intent.action.BATTERY_CHANGED
01-28 17:52:48.940 I/System.out( 2855): Location: no CS school | WiFiNavigator running:false
01-28 17:52:48.940 I/System.out( 2855): Battery level: 100 | Time difference: -1
01-28 17:52:49.030 I/System.out( 2855): Location: no CS school | WiFiNavigator running:false
01-28 17:52:49.030 I/System.out( 2855): Battery level: 100 | Time difference: -1
01-28 17:52:49.851 I/System.out( 2855): Location: no CS school | WiFiNavigator running:false
01-28 17:52:49.851 I/System.out( 2855): Battery level: 100 | Time difference: -1
01-28 17:52:50.112 I/System.out( 2855): Location: no CS school | WiFiNavigator running:false
01-28 17:52:50.112 I/System.out( 2855): Battery level: 100 | Time difference: -1
01-28 17:52:51.643 I/System.out( 2855): Location: no CS school | WiFiNavigator running:false
01-28 17:52:51.643 I/System.out( 2855): Battery level: 100 | Time difference: -1
01-28 17:52:51.943 I/System.out( 2855): Location: no CS school | WiFiNavigator running:false
01-28 17:52:51.943 I/System.out( 2855): Battery level: 100 | Time difference: -1
01-28 17:52:52.033 I/System.out( 2855): Location: no CS school | WiFiNavigator running:false
01-28 17:52:52.033 I/System.out( 2855): Battery level: 100 | Time difference: -1
01-28 17:52:52.854 I/System.out( 2855): Location: no CS school | WiFiNavigator running:false
01-28 17:52:52.854 I/System.out( 2855): Battery level: 100 | Time difference: -1
01-28 17:52:53.114 I/System.out( 2855): Location: no CS school | WiFiNavigator running:false
01-28 17:52:53.114 I/System.out( 2855): Battery level: 100 | Time difference: -1
01-28 17:52:53.685 D/StatusBar.NetworkController( 1650): mWifiConnected, set mRoamingIconId = 0 to hide roaming icon
01-28 17:52:53.685 D/StatusBar.NetworkController( 1650): mSignalStrength.isGsm() == true
01-28 17:52:54.646 I/System.out( 2855): Location: no CS school | WiFiNavigator running:false
01-28 17:52:54.646 I/System.out( 2855): Battery level: 100 | Time difference: -1
01-28 17:52:54.946 I/System.out( 2855): Location: no CS school | WiFiNavigator running:false
01-28 17:52:54.956 I/System.out( 2855): Battery level: 100 | Time difference: -1
01-28 17:52:55.036 I/System.out( 2855): Location: no CS school | WiFiNavigator running:false
01-28 17:52:55.036 I/System.out( 2855): Battery level: 100 | Time difference: -1
01-28 17:52:55.857 I/System.out( 2855): Location: no CS school | WiFiNavigator running:false
01-28 17:52:55.857 I/System.out( 2855): Battery level: 100 | Time difference: -1
01-28 17:52:56.117 I/System.out( 2855): Location: no CS school | WiFiNavigator running:false
01-28 17:52:56.117 I/System.out( 2855): Battery level: 100 | Time difference: -1
01-28 17:52:57.649 I/System.out( 2855): Location: no CS school | WiFiNavigator running:false
01-28 17:52:57.649 I/System.out( 2855): Battery level: 100 | Time difference: -1
01-28 17:52:57.959 I/System.out( 2855): Location: no CS school | WiFiNavigator running:false
01-28 17:52:57.959 I/System.out( 2855): Battery level: 100 | Time difference: -1
01-28 17:52:58.029 I/System.out( 2855): Location: no CS school | WiFiNavigator running:false
01-28 17:52:58.029 I/System.out( 2855): Battery level: 100 | Time difference: -1
01-28 17:52:58.850 I/System.out( 2855): Location: no CS school | WiFiNavigator running:false
01-28 17:52:58.850 I/System.out( 2855): Battery level: 100 | Time difference: -1
01-28 17:52:59.120 I/System.out( 2855): Location: no CS school | WiFiNavigator running:false
01-28 17:52:59.130 I/System.out( 2855): Battery level: 100 | Time difference: -1
01-28 17:52:59.210 D/dalvikvm( 2855): GC_CONCURRENT freed 380K, 11% free 6838K/7623K, paused 5ms+1ms
01-28 17:52:59.711 D/StatusBar.NetworkController( 1650): mWifiConnected, set mRoamingIconId = 0 to hide roaming icon
01-28 17:52:59.711 D/StatusBar.NetworkController( 1650): mSignalStrength.isGsm() == true
01-28 17:53:00.642 I/System.out( 2855): Location: no CS school | WiFiNavigator running:false
01-28 17:53:00.642 I/System.out( 2855): Battery level: 100 | Time difference: -1
01-28 17:53:00.952 I/System.out( 2855): Location: no CS school | WiFiNavigator running:false
01-28 17:53:00.952 I/System.out( 2855): Battery level: 100 | Time difference: -1
01-28 17:53:01.032 I/System.out( 2855): Location: no CS school | WiFiNavigator running:false
01-28 17:53:01.032 I/System.out( 2855): Battery level: 100 | Time difference: -1
01-28 17:53:01.853 I/System.out( 2855): Location: no CS school | WiFiNavigator running:false
01-28 17:53:01.853 I/System.out( 2855): Battery level: 100 | Time difference: -1
01-28 17:53:02.113 I/System.out( 2855): Location: no CS school | WiFiNavigator running:false
01-28 17:53:02.113 I/System.out( 2855): Battery level: 100 | Time difference: -1
01-28 17:53:03.645 I/System.out( 2855): Location: no CS school | WiFiNavigator running:false
01-28 17:53:03.645 I/System.out( 2855): Battery level: 100 | Time difference: -1
01-28 17:53:03.955 I/System.out( 2855): Location: no CS school | WiFiNavigator running:false
01-28 17:53:03.955 I/System.out( 2855): Battery level: 100 | Time difference: -1
01-28 17:53:04.035 I/System.out( 2855): Location: no CS school | WiFiNavigator running:false
01-28 17:53:04.035 I/System.out( 2855): Battery level: 100 | Time difference: -1
01-28 17:53:04.856 I/System.out( 2855): Location: no CS school | WiFiNavigator running:false
01-28 17:53:04.856 I/System.out( 2855): Battery level: 100 | Time difference: -1
01-28 17:53:05.106 D/dalvikvm( 2574): GC_EXPLICIT freed 65K, 26% free 10294K/13895K, paused 3ms+2ms
01-28 17:53:05.116 I/System.out( 2855): Location: no CS school | WiFiNavigator running:false
01-28 17:53:05.116 I/System.out( 2855): Battery level: 100 | Time difference: -1
01-28 17:53:06.648 I/System.out( 2855): Location: no CS school | WiFiNavigator running:false
01-28 17:53:06.648 I/System.out( 2855): Battery level: 100 | Time difference: -1
01-28 17:53:06.958 I/System.out( 2855): Location: no CS school | WiFiNavigator running:false
01-28 17:53:06.958 I/System.out( 2855): Battery level: 100 | Time difference: -1
01-28 17:53:07.038 I/System.out( 2855): Location: no CS school | WiFiNavigator running:false
01-28 17:53:07.038 I/System.out( 2855): Battery level: 100 | Time difference: -1
01-28 17:53:07.859 I/System.out( 2855): Location: no CS school | WiFiNavigator running:false
01-28 17:53:07.859 I/System.out( 2855): Battery level: 100 | Time difference: -1
01-28 17:53:08.119 I/System.out( 2855): Location: no CS school | WiFiNavigator running:false
01-28 17:53:08.119 I/System.out( 2855): Battery level: 100 | Time difference: -1
01-28 17:53:09.641 I/System.out( 2855): Location: no CS school | WiFiNavigator running:false
01-28 17:53:09.641 I/System.out( 2855): Battery level: 100 | Time difference: -1
01-28 17:53:09.951 I/System.out( 2855): Location: no CS school | WiFiNavigator running:false
01-28 17:53:09.951 I/System.out( 2855): Battery level: 100 | Time difference: -1
01-28 17:53:10.031 I/System.out( 2855): Location: no CS school | WiFiNavigator running:false
01-28 17:53:10.031 I/System.out( 2855): Battery level: 100 | Time difference: -1
01-28 17:53:10.852 I/System.out( 2855): Location: no CS school | WiFiNavigator running:false
01-28 17:53:10.852 I/System.out( 2855): Battery level: 100 | Time difference: -1
01-28 17:53:11.112 I/System.out( 2855): Location: no CS school | WiFiNavigator running:false
01-28 17:53:11.112 I/System.out( 2855): Battery level: 100 | Time difference: -1
01-28 17:53:12.644 I/System.out( 2855): Location: no CS school | WiFiNavigator running:false
01-28 17:53:12.644 I/System.out( 2855): Battery level: 100 | Time difference: -1
01-28 17:53:12.954 I/System.out( 2855): Location: no CS school | WiFiNavigator running:false
01-28 17:53:12.954 I/System.out( 2855): Battery level: 100 | Time difference: -1
01-28 17:53:13.034 I/System.out( 2855): Location: no CS school | WiFiNavigator running:false
01-28 17:53:13.034 I/System.out( 2855): Battery level: 100 | Time difference: -1
01-28 17:53:13.855 I/System.out( 2855): Location: no CS school | WiFiNavigator running:false
01-28 17:53:13.855 I/System.out( 2855): Battery level: 100 | Time difference: -1
01-28 17:53:14.115 I/System.out( 2855): Location: no CS school | WiFiNavigator running:false
