04-04 20:09:31.518 V/locapi_rpc_glue( 1590): -loc_api_callback_process_sync_call, no sync call in use
04-04 20:09:31.518 D/lib_locapi( 1590): loc_eng_report_sv: valid_mask = 0x3f, num of sv = 9
04-04 20:09:31.518 D/RPC     ( 1590): written RPC packet size: [28]
04-04 20:09:31.518 D/RPC     ( 1590): read RPC packet
04-04 20:09:31.518 D/RPC     ( 1590): read RPC packet size: [208]
04-04 20:09:31.518 V/locapi_rpc_glue( 1590): Callback received: 1 (cb_id=0x6360000 handle=1)
04-04 20:09:31.518 V/locapi_rpc_glue( 1590): +loc_api_callback_process_sync_call
04-04 20:09:31.518 V/locapi_rpc_glue( 1590): -loc_api_callback_process_sync_call, no sync call in use
04-04 20:09:31.528 D/lib_locapi( 1590): loc_eng_report_position: valid mask = 0x69ffef, sess status = 0
04-04 20:09:31.528 D/RPC     ( 1590): written RPC packet size: [28]
04-04 20:09:31.528 D/RPC     ( 1590): read RPC packet
04-04 20:09:31.528 D/RPC     ( 1590): read RPC packet size: [80]
04-04 20:09:31.528 V/locapi_rpc_glue( 1590): Callback received: 100 (cb_id=0x6360000 handle=1)
04-04 20:09:31.528 V/locapi_rpc_glue( 1590): +loc_api_callback_process_sync_call
04-04 20:09:31.528 V/locapi_rpc_glue( 1590): -loc_api_callback_process_sync_call, no sync call in use
04-04 20:09:31.528 D/lib_locapi( 1590): [GPS:] loc_eng_report_status: GPS_STATUS_SESSION_END
04-04 20:09:31.538 D/RPC     ( 1590): written RPC packet size: [28]
04-04 20:09:31.538 D/AutoSetting( 1791): service - mLocationListener: onLocationChanged() location = Location[mProvider=gps,mTime=1396642171530,mInfo=-19.662360409999998333507.06090522,mAccuracy=38.0
04-04 20:09:31.538 D/RPC     ( 1590): read RPC packet
04-04 20:09:31.538 D/RPC     ( 1590): read RPC packet size: [80]
04-04 20:09:31.538 V/locapi_rpc_glue( 1590): Callback received: 100 (cb_id=0x6360000 handle=1)
04-04 20:09:31.538 V/locapi_rpc_glue( 1590): +loc_api_callback_process_sync_call
04-04 20:09:31.538 V/locapi_rpc_glue( 1590): -loc_api_callback_process_sync_call, no sync call in use
04-04 20:09:31.538 D/lib_locapi( 1590): [GPS:] loc_eng_report_status: GPS_STATUS_SESSION_BEGIN
04-04 20:09:31.538 D/RPC     ( 1590): written RPC packet size: [28]
04-04 20:09:31.548 D/AutoSetting( 1791): service - handleMessage() incoming message, what:1
04-04 20:09:31.548 D/AutoSetting( 1791): service - mLocationListener: onLocationChanged() location = Location[mProvider=gps,mTime=1396642171530,mInfo=-19.662360409999998333507.06090522,mAccuracy=38.0
04-04 20:09:31.548 D/AutoSetting( 1791): Util - no network available!
04-04 20:09:31.548 D/AutoSetting( 1791): service - handleMessage() not proceed
04-04 20:09:31.758 I/System.out( 2811): Location: -2.808944 56.34015064 | GPSNavigator running:true
04-04 20:09:31.758 I/System.out( 2811): Battery level: 98 | Time difference: -1
04-04 20:09:32.419 D/RPC     ( 1590): read RPC packet
04-04 20:09:32.419 D/RPC     ( 1590): read RPC packet size: [272]
04-04 20:09:32.419 V/locapi_rpc_glue( 1590): Callback received: 4 (cb_id=0x6360000 handle=1)
04-04 20:09:32.429 V/locapi_rpc_glue( 1590): +loc_api_callback_process_sync_call
04-04 20:09:32.429 V/locapi_rpc_glue( 1590): -loc_api_callback_process_sync_call, no sync call in use
04-04 20:09:32.429 D/RPC     ( 1590): written RPC packet size: [28]
04-04 20:09:32.439 D/RPC     ( 1590): read RPC packet
04-04 20:09:32.439 D/RPC     ( 1590): read RPC packet size: [272]
04-04 20:09:32.439 V/locapi_rpc_glue( 1590): Callback received: 4 (cb_id=0x6360000 handle=1)
04-04 20:09:32.449 V/locapi_rpc_glue( 1590): +loc_api_callback_process_sync_call
04-04 20:09:32.449 V/locapi_rpc_glue( 1590): -loc_api_callback_process_sync_call, no sync call in use
04-04 20:09:32.449 D/RPC     ( 1590): written RPC packet size: [28]
04-04 20:09:32.459 D/RPC     ( 1590): read RPC packet
04-04 20:09:32.459 D/RPC     ( 1590): read RPC packet size: [272]
04-04 20:09:32.459 V/locapi_rpc_glue( 1590): Callback received: 4 (cb_id=0x6360000 handle=1)
04-04 20:09:32.459 V/locapi_rpc_glue( 1590): +loc_api_callback_process_sync_call
04-04 20:09:32.469 V/locapi_rpc_glue( 1590): -loc_api_callback_process_sync_call, no sync call in use
04-04 20:09:32.469 D/RPC     ( 1590): written RPC packet size: [28]
04-04 20:09:32.469 D/RPC     ( 1590): read RPC packet
04-04 20:09:32.479 D/RPC     ( 1590): read RPC packet size: [456]
04-04 20:09:32.479 V/locapi_rpc_glue( 1590): Callback received: 2 (cb_id=0x6360000 handle=1)
04-04 20:09:32.479 V/locapi_rpc_glue( 1590): +loc_api_callback_process_sync_call
04-04 20:09:32.489 V/locapi_rpc_glue( 1590): -loc_api_callback_process_sync_call, no sync call in use
04-04 20:09:32.489 D/lib_locapi( 1590): loc_eng_report_sv: valid_mask = 0x30, num of sv = 9
04-04 20:09:32.489 D/GpsLocationProvider( 1590): reportSvStatus
04-04 20:09:32.489 V/GpsLocationProvider( 1590): SV count: 9 ephemerisMask: 51400802 almanacMask: 51500a12
04-04 20:09:32.489 V/GpsLocationProvider( 1590): sv: 2 snr: 3.45 elev: 21.0 azimuth: 42.0 E AU
04-04 20:09:32.489 V/GpsLocationProvider( 1590): sv: 5 snr: 1.4300001 elev: 2.0 azimuth: 77.0   AU
04-04 20:09:32.499 D/RPC     ( 1590): written RPC packet size: [28]
04-04 20:09:32.499 V/GpsLocationProvider( 1590): sv: 10 snr: 3.92 elev: 7.0 azimuth: 25.0   AU
04-04 20:09:32.509 V/GpsLocationProvider( 1590): sv: 12 snr: 2.8899999 elev: 10.0 azimuth: 101.0 E AU
04-04 20:09:32.509 V/GpsLocationProvider( 1590): sv: 21 snr: 2.69 elev: 15.0 azimuth: 165.0   AU
04-04 20:09:32.509 V/GpsLocationProvider( 1590): sv: 23 snr: 3.94 elev: 15.0 azimuth: 326.0 E AU
04-04 20:09:32.509 V/GpsLocationProvider( 1590): sv: 25 snr: 3.6 elev: 46.0 azimuth: 104.0 E AU
04-04 20:09:32.509 V/GpsLocationProvider( 1590): sv: 29 snr: 3.8400002 elev: 75.0 azimuth: 113.0 E AU
04-04 20:09:32.519 V/GpsLocationProvider( 1590): sv: 31 snr: 3.73 elev: 62.0 azimuth: 251.0 E AU
04-04 20:09:32.519 D/RPC     ( 1590): read RPC packet
04-04 20:09:32.519 D/RPC     ( 1590): read RPC packet size: [272]
04-04 20:09:32.539 V/locapi_rpc_glue( 1590): Callback received: 4 (cb_id=0x6360000 handle=1)
04-04 20:09:32.539 V/locapi_rpc_glue( 1590): +loc_api_callback_process_sync_call
04-04 20:09:32.539 V/locapi_rpc_glue( 1590): -loc_api_callback_process_sync_call, no sync call in use
04-04 20:09:32.539 D/RPC     ( 1590): written RPC packet size: [28]
04-04 20:09:32.539 D/RPC     ( 1590): read RPC packet
04-04 20:09:32.549 D/RPC     ( 1590): read RPC packet size: [272]
04-04 20:09:32.549 V/locapi_rpc_glue( 1590): Callback received: 4 (cb_id=0x6360000 handle=1)
04-04 20:09:32.549 V/locapi_rpc_glue( 1590): +loc_api_callback_process_sync_call
04-04 20:09:32.549 V/locapi_rpc_glue( 1590): -loc_api_callback_process_sync_call, no sync call in use
04-04 20:09:32.559 D/RPC     ( 1590): written RPC packet size: [28]
04-04 20:09:32.559 D/RPC     ( 1590): read RPC packet
04-04 20:09:32.559 D/RPC     ( 1590): read RPC packet size: [272]
04-04 20:09:32.569 V/locapi_rpc_glue( 1590): Callback received: 4 (cb_id=0x6360000 handle=1)
04-04 20:09:32.569 V/locapi_rpc_glue( 1590): +loc_api_callback_process_sync_call
04-04 20:09:32.569 V/locapi_rpc_glue( 1590): -loc_api_callback_process_sync_call, no sync call in use
04-04 20:09:32.569 D/RPC     ( 1590): written RPC packet size: [28]
04-04 20:09:32.569 D/RPC     ( 1590): read RPC packet
04-04 20:09:32.569 D/RPC     ( 1590): read RPC packet size: [272]
04-04 20:09:32.569 V/locapi_rpc_glue( 1590): Callback received: 4 (cb_id=0x6360000 handle=1)
04-04 20:09:32.569 V/locapi_rpc_glue( 1590): +loc_api_callback_process_sync_call
04-04 20:09:32.569 V/locapi_rpc_glue( 1590): -loc_api_callback_process_sync_call, no sync call in use
04-04 20:09:32.569 D/RPC     ( 1590): written RPC packet size: [28]
04-04 20:09:32.579 D/RPC     ( 1590): read RPC packet
04-04 20:09:32.579 D/RPC     ( 1590): read RPC packet size: [456]
04-04 20:09:32.579 V/locapi_rpc_glue( 1590): Callback received: 2 (cb_id=0x6360000 handle=1)
04-04 20:09:32.579 V/locapi_rpc_glue( 1590): +loc_api_callback_process_sync_call
04-04 20:09:32.579 V/locapi_rpc_glue( 1590): -loc_api_callback_process_sync_call, no sync call in use
04-04 20:09:32.579 D/lib_locapi( 1590): loc_eng_report_sv: valid_mask = 0x3f, num of sv = 9
04-04 20:09:32.579 D/RPC     ( 1590): written RPC packet size: [28]
04-04 20:09:32.579 D/RPC     ( 1590): read RPC packet
04-04 20:09:32.589 D/RPC     ( 1590): read RPC packet size: [208]
04-04 20:09:32.589 V/locapi_rpc_glue( 1590): Callback received: 1 (cb_id=0x6360000 handle=1)
04-04 20:09:32.589 V/locapi_rpc_glue( 1590): +loc_api_callback_process_sync_call
04-04 20:09:32.589 V/locapi_rpc_glue( 1590): -loc_api_callback_process_sync_call, no sync call in use
04-04 20:09:32.589 D/lib_locapi( 1590): loc_eng_report_position: valid mask = 0x69ffef, sess status = 0
04-04 20:09:32.589 D/RPC     ( 1590): written RPC packet size: [28]
04-04 20:09:32.589 D/RPC     ( 1590): read RPC packet
04-04 20:09:32.589 D/RPC     ( 1590): read RPC packet size: [80]
04-04 20:09:32.589 V/locapi_rpc_glue( 1590): Callback received: 100 (cb_id=0x6360000 handle=1)
04-04 20:09:32.599 V/locapi_rpc_glue( 1590): +loc_api_callback_process_sync_call
04-04 20:09:32.599 V/locapi_rpc_glue( 1590): -loc_api_callback_process_sync_call, no sync call in use
04-04 20:09:32.599 D/lib_locapi( 1590): [GPS:] loc_eng_report_status: GPS_STATUS_SESSION_END
04-04 20:09:32.599 D/RPC     ( 1590): written RPC packet size: [28]
04-04 20:09:32.599 D/RPC     ( 1590): read RPC packet
04-04 20:09:32.599 D/RPC     ( 1590): read RPC packet size: [80]
04-04 20:09:32.599 V/locapi_rpc_glue( 1590): Callback received: 100 (cb_id=0x6360000 handle=1)
04-04 20:09:32.599 V/locapi_rpc_glue( 1590): +loc_api_callback_process_sync_call
04-04 20:09:32.599 V/locapi_rpc_glue( 1590): -loc_api_callback_process_sync_call, no sync call in use
04-04 20:09:32.599 D/lib_locapi( 1590): [GPS:] loc_eng_report_status: GPS_STATUS_SESSION_BEGIN
04-04 20:09:32.609 D/RPC     ( 1590): written RPC packet size: [28]
04-04 20:09:32.609 D/AutoSetting( 1791): service - mLocationListener: onLocationChanged() location = Location[mProvider=gps,mTime=1396642172593,mInfo=-19.662268570000002333507.06101025,mAccuracy=33.0
04-04 20:09:32.609 D/AutoSetting( 1791): service - handleMessage() incoming message, what:1
04-04 20:09:32.609 D/AutoSetting( 1791): service - mLocationListener: onLocationChanged() location = Location[mProvider=gps,mTime=1396642172593,mInfo=-19.662268570000002333507.06101025,mAccuracy=33.0
04-04 20:09:32.609 D/AutoSetting( 1791): Util - no network available!
04-04 20:09:32.609 D/AutoSetting( 1791): service - handleMessage() not proceed
04-04 20:09:33.420 D/RPC     ( 1590): read RPC packet
04-04 20:09:33.420 D/RPC     ( 1590): read RPC packet size: [272]
04-04 20:09:33.420 V/locapi_rpc_glue( 1590): Callback received: 4 (cb_id=0x6360000 handle=1)
04-04 20:09:33.430 V/locapi_rpc_glue( 1590): +loc_api_callback_process_sync_call
04-04 20:09:33.430 V/locapi_rpc_glue( 1590): -loc_api_callback_process_sync_call, no sync call in use
04-04 20:09:33.430 D/RPC     ( 1590): written RPC packet size: [28]
04-04 20:09:33.440 D/RPC     ( 1590): read RPC packet
04-04 20:09:33.440 D/RPC     ( 1590): read RPC packet size: [272]
04-04 20:09:33.440 V/locapi_rpc_glue( 1590): Callback received: 4 (cb_id=0x6360000 handle=1)
04-04 20:09:33.450 V/locapi_rpc_glue( 1590): +loc_api_callback_process_sync_call
04-04 20:09:33.450 V/locapi_rpc_glue( 1590): -loc_api_callback_process_sync_call, no sync call in use
04-04 20:09:33.450 D/RPC     ( 1590): written RPC packet size: [28]
04-04 20:09:33.450 D/RPC     ( 1590): read RPC packet
04-04 20:09:33.460 D/RPC     ( 1590): read RPC packet size: [272]
04-04 20:09:33.460 V/locapi_rpc_glue( 1590): Callback received: 4 (cb_id=0x6360000 handle=1)
04-04 20:09:33.460 V/locapi_rpc_glue( 1590): +loc_api_callback_process_sync_call
04-04 20:09:33.470 V/locapi_rpc_glue( 1590): -loc_api_callback_process_sync_call, no sync call in use
04-04 20:09:33.470 D/RPC     ( 1590): written RPC packet size: [28]
04-04 20:09:33.470 D/RPC     ( 1590): read RPC packet
04-04 20:09:33.480 D/RPC     ( 1590): read RPC packet size: [456]
04-04 20:09:33.490 V/locapi_rpc_glue( 1590): Callback received: 2 (cb_id=0x6360000 handle=1)
04-04 20:09:33.490 V/locapi_rpc_glue( 1590): +loc_api_callback_process_sync_call
04-04 20:09:33.490 V/locapi_rpc_glue( 1590): -loc_api_callback_process_sync_call, no sync call in use
04-04 20:09:33.490 D/lib_locapi( 1590): loc_eng_report_sv: valid_mask = 0x30, num of sv = 9
04-04 20:09:33.490 D/GpsLocationProvider( 1590): reportSvStatus
04-04 20:09:33.490 V/GpsLocationProvider( 1590): SV count: 9 ephemerisMask: 51400802 almanacMask: 51500a12
04-04 20:09:33.490 V/GpsLocationProvider( 1590): sv: 2 snr: 3.2400002 elev: 21.0 azimuth: 42.0 E AU
04-04 20:09:33.490 V/GpsLocationProvider( 1590): sv: 5 snr: 1.5600001 elev: 2.0 azimuth: 77.0   AU
04-04 20:09:33.490 V/GpsLocationProvider( 1590): sv: 10 snr: 3.4099998 elev: 7.0 azimuth: 25.0   AU
04-04 20:09:33.500 V/GpsLocationProvider( 1590): sv: 12 snr: 3.39 elev: 10.0 azimuth: 101.0 E AU
04-04 20:09:33.500 V/GpsLocationProvider( 1590): sv: 21 snr: 3.19 elev: 15.0 azimuth: 165.0   AU
04-04 20:09:33.500 V/GpsLocationProvider( 1590): sv: 23 snr: 2.69 elev: 15.0 azimuth: 326.0 E AU
04-04 20:09:33.500 V/GpsLocationProvider( 1590): sv: 25 snr: 3.86 elev: 46.0 azimuth: 104.0 E AU
04-04 20:09:33.500 V/GpsLocationProvider( 1590): sv: 29 snr: 3.9299998 elev: 75.0 azimuth: 113.0 E AU
04-04 20:09:33.500 V/GpsLocationProvider( 1590): sv: 31 snr: 3.89 elev: 62.0 azimuth: 251.0 E AU
04-04 20:09:33.500 D/RPC     ( 1590): written RPC packet size: [28]
04-04 20:09:33.510 D/RPC     ( 1590): read RPC packet
04-04 20:09:33.510 D/RPC     ( 1590): read RPC packet size: [272]
04-04 20:09:33.510 V/locapi_rpc_glue( 1590): Callback received: 4 (cb_id=0x6360000 handle=1)
04-04 20:09:33.510 V/locapi_rpc_glue( 1590): +loc_api_callback_process_sync_call
04-04 20:09:33.510 V/locapi_rpc_glue( 1590): -loc_api_callback_process_sync_call, no sync call in use
04-04 20:09:33.510 D/RPC     ( 1590): written RPC packet size: [28]
04-04 20:09:33.510 D/RPC     ( 1590): read RPC packet
04-04 20:09:33.510 D/RPC     ( 1590): read RPC packet size: [272]
04-04 20:09:33.520 V/locapi_rpc_glue( 1590): Callback received: 4 (cb_id=0x6360000 handle=1)
04-04 20:09:33.520 V/locapi_rpc_glue( 1590): +loc_api_callback_process_sync_call
04-04 20:09:33.520 V/locapi_rpc_glue( 1590): -loc_api_callback_process_sync_call, no sync call in use
04-04 20:09:33.520 D/RPC     ( 1590): written RPC packet size: [28]
04-04 20:09:33.520 D/RPC     ( 1590): read RPC packet
04-04 20:09:33.540 D/RPC     ( 1590): read RPC packet size: [272]
04-04 20:09:33.540 V/locapi_rpc_glue( 1590): Callback received: 4 (cb_id=0x6360000 handle=1)
04-04 20:09:33.540 V/locapi_rpc_glue( 1590): +loc_api_callback_process_sync_call
04-04 20:09:33.540 V/locapi_rpc_glue( 1590): -loc_api_callback_process_sync_call, no sync call in use
04-04 20:09:33.540 D/RPC     ( 1590): written RPC packet size: [28]
04-04 20:09:33.540 D/RPC     ( 1590): read RPC packet
04-04 20:09:33.540 D/RPC     ( 1590): read RPC packet size: [272]
04-04 20:09:33.540 V/locapi_rpc_glue( 1590): Callback received: 4 (cb_id=0x6360000 handle=1)
04-04 20:09:33.540 V/locapi_rpc_glue( 1590): +loc_api_callback_process_sync_call
04-04 20:09:33.540 V/locapi_rpc_glue( 1590): -loc_api_callback_process_sync_call, no sync call in use
04-04 20:09:33.540 D/RPC     ( 1590): written RPC packet size: [28]
04-04 20:09:33.540 D/RPC     ( 1590): read RPC packet
04-04 20:09:33.550 D/RPC     ( 1590): read RPC packet size: [456]
04-04 20:09:33.550 V/locapi_rpc_glue( 1590): Callback received: 2 (cb_id=0x6360000 handle=1)
04-04 20:09:33.550 V/locapi_rpc_glue( 1590): +loc_api_callback_process_sync_call
04-04 20:09:33.550 V/locapi_rpc_glue( 1590): -loc_api_callback_process_sync_call, no sync call in use
04-04 20:09:33.550 D/lib_locapi( 1590): loc_eng_report_sv: valid_mask = 0x3f, num of sv = 9
04-04 20:09:33.550 D/RPC     ( 1590): written RPC packet size: [28]
04-04 20:09:33.550 D/RPC     ( 1590): read RPC packet
04-04 20:09:33.560 D/RPC     ( 1590): read RPC packet size: [208]
04-04 20:09:33.560 V/locapi_rpc_glue( 1590): Callback received: 1 (cb_id=0x6360000 handle=1)
04-04 20:09:33.560 V/locapi_rpc_glue( 1590): +loc_api_callback_process_sync_call
04-04 20:09:33.560 V/locapi_rpc_glue( 1590): -loc_api_callback_process_sync_call, no sync call in use
04-04 20:09:33.560 D/lib_locapi( 1590): loc_eng_report_position: valid mask = 0x69ffef, sess status = 0
04-04 20:09:33.560 D/RPC     ( 1590): written RPC packet size: [28]
04-04 20:09:33.570 D/RPC     ( 1590): read RPC packet
04-04 20:09:33.570 D/RPC     ( 1590): read RPC packet size: [80]
04-04 20:09:33.580 V/locapi_rpc_glue( 1590): Callback received: 100 (cb_id=0x6360000 handle=1)
04-04 20:09:33.580 V/locapi_rpc_glue( 1590): +loc_api_callback_process_sync_call
04-04 20:09:33.580 V/locapi_rpc_glue( 1590): -loc_api_callback_process_sync_call, no sync call in use
04-04 20:09:33.580 D/lib_locapi( 1590): [GPS:] loc_eng_report_status: GPS_STATUS_SESSION_END
04-04 20:09:33.580 D/RPC     ( 1590): written RPC packet size: [28]
04-04 20:09:33.580 D/AutoSetting( 1791): service - mLocationListener: onLocationChanged() location = Location[mProvider=gps,mTime=1396642173577,mInfo=-19.66230259333507.06088155,mAccuracy=32.0
04-04 20:09:33.590 D/AutoSetting( 1791): service - handleMessage() incoming message, what:1
04-04 20:09:33.590 D/AutoSetting( 1791): service - mLocationListener: onLocationChanged() location = Location[mProvider=gps,mTime=1396642173577,mInfo=-19.66230259333507.06088155,mAccuracy=32.0
04-04 20:09:33.590 D/RPC     ( 1590): read RPC packet
04-04 20:09:33.590 D/RPC     ( 1590): read RPC packet size: [80]
04-04 20:09:33.590 V/locapi_rpc_glue( 1590): Callback received: 100 (cb_id=0x6360000 handle=1)
04-04 20:09:33.590 V/locapi_rpc_glue( 1590): +loc_api_callback_process_sync_call
04-04 20:09:33.600 V/locapi_rpc_glue( 1590): -loc_api_callback_process_sync_call, no sync call in use
04-04 20:09:33.600 D/lib_locapi( 1590): [GPS:] loc_eng_report_status: GPS_STATUS_SESSION_BEGIN
04-04 20:09:33.600 D/RPC     ( 1590): written RPC packet size: [28]
04-04 20:09:33.600 D/AutoSetting( 1791): Util - no network available!
04-04 20:09:33.600 D/AutoSetting( 1791): service - handleMessage() not proceed
04-04 20:09:33.830 D/SurfaceFlinger( 1441): virtual void android::Layer::onRemoved(): lcblk (identity=29, status=0, token=1)
04-04 20:09:34.290 D/UsbnetService( 1590): BroadcastReceiver::onReceive+
04-04 20:09:34.290 D/UsbnetService( 1590): onReceive BATTERY_CHANGED
04-04 20:09:34.300 D/UsbnetService( 1590):  --> pluggedType = 0, mPluggedType = 0, mScreenOff = false
04-04 20:09:34.300 D/UsbnetService( 1590): BroadcastReceiver::onReceive-
04-04 20:09:34.300 D/NotificationService( 1590): mIntentReceiver() Intent.ACTION_BATTERY_CHANGED
04-04 20:09:34.321 D/BatteryService( 1590): SendIntentforPowersaver
04-04 20:09:34.321 D/BatteryService( 1590): Current powersaver status == NORMAL_STATUS1 4 2 false
04-04 20:09:34.321 D/RemoveMe( 1686): DCT got intent android.intent.action.BATTERY_CHANGED
04-04 20:09:34.321 D/RemoveMe( 1686): DCT got intent android.intent.action.BATTERY_CHANGED
04-04 20:09:34.321 D/PowerUI ( 1665): plugged = false, health = 2, mBatteryLevel = 98, mPluggedBatteryLevel = 98, mLowBatteryWarningLevel2 = 25, mshowLowChargingWarning2 = true
04-04 20:09:34.331 D/RemoveMe( 1686): DCT got intent android.intent.action.BATTERY_CHANGED
04-04 20:09:34.421 D/RPC     ( 1590): read RPC packet
04-04 20:09:34.421 D/RPC     ( 1590): read RPC packet size: [272]
04-04 20:09:34.421 V/locapi_rpc_glue( 1590): Callback received: 4 (cb_id=0x6360000 handle=1)
04-04 20:09:34.421 V/locapi_rpc_glue( 1590): +loc_api_callback_process_sync_call
04-04 20:09:34.421 V/locapi_rpc_glue( 1590): -loc_api_callback_process_sync_call, no sync call in use
04-04 20:09:34.421 D/RPC     ( 1590): written RPC packet size: [28]
04-04 20:09:34.421 D/RPC     ( 1590): read RPC packet
04-04 20:09:34.421 D/RPC     ( 1590): read RPC packet size: [272]
04-04 20:09:34.421 V/locapi_rpc_glue( 1590): Callback received: 4 (cb_id=0x6360000 handle=1)
04-04 20:09:34.421 V/locapi_rpc_glue( 1590): +loc_api_callback_process_sync_call
04-04 20:09:34.421 V/locapi_rpc_glue( 1590): -loc_api_callback_process_sync_call, no sync call in use
04-04 20:09:34.421 D/RPC     ( 1590): written RPC packet size: [28]
04-04 20:09:34.421 D/RPC     ( 1590): read RPC packet
04-04 20:09:34.421 D/RPC     ( 1590): read RPC packet size: [272]
04-04 20:09:34.421 V/locapi_rpc_glue( 1590): Callback received: 4 (cb_id=0x6360000 handle=1)
04-04 20:09:34.421 V/locapi_rpc_glue( 1590): +loc_api_callback_process_sync_call
04-04 20:09:34.421 V/locapi_rpc_glue( 1590): -loc_api_callback_process_sync_call, no sync call in use
04-04 20:09:34.421 D/RPC     ( 1590): written RPC packet size: [28]
04-04 20:09:34.421 D/RPC     ( 1590): read RPC packet
04-04 20:09:34.421 D/RPC     ( 1590): read RPC packet size: [456]
04-04 20:09:34.421 V/locapi_rpc_glue( 1590): Callback received: 2 (cb_id=0x6360000 handle=1)
04-04 20:09:34.421 V/locapi_rpc_glue( 1590): +loc_api_callback_process_sync_call
04-04 20:09:34.421 V/locapi_rpc_glue( 1590): -loc_api_callback_process_sync_call, no sync call in use
04-04 20:09:34.421 D/lib_locapi( 1590): loc_eng_report_sv: valid_mask = 0x30, num of sv = 9
04-04 20:09:34.421 D/GpsLocationProvider( 1590): reportSvStatus
04-04 20:09:34.421 V/GpsLocationProvider( 1590): SV count: 9 ephemerisMask: 51400802 almanacMask: 51500a12
04-04 20:09:34.421 V/GpsLocationProvider( 1590): sv: 2 snr: 3.36 elev: 21.0 azimuth: 42.0 E AU
04-04 20:09:34.421 V/GpsLocationProvider( 1590): sv: 5 snr: 1.58 elev: 2.0 azimuth: 77.0   AU
04-04 20:09:34.421 V/GpsLocationProvider( 1590): sv: 10 snr: 3.4 elev: 7.0 azimuth: 25.0   AU
04-04 20:09:34.421 V/GpsLocationProvider( 1590): sv: 12 snr: 3.28 elev: 10.0 azimuth: 101.0 E AU
04-04 20:09:34.421 V/GpsLocationProvider( 1590): sv: 21 snr: 3.1799998 elev: 15.0 azimuth: 165.0   AU
04-04 20:09:34.421 V/GpsLocationProvider( 1590): sv: 23 snr: 2.84 elev: 15.0 azimuth: 326.0 E AU
04-04 20:09:34.421 V/GpsLocationProvider( 1590): sv: 25 snr: 3.9099998 elev: 46.0 azimuth: 104.0 E AU
04-04 20:09:34.421 V/GpsLocationProvider( 1590): sv: 29 snr: 3.7599998 elev: 75.0 azimuth: 113.0 E AU
04-04 20:09:34.421 V/GpsLocationProvider( 1590): sv: 31 snr: 3.6799998 elev: 62.0 azimuth: 251.0 E AU
04-04 20:09:34.421 D/RPC     ( 1590): written RPC packet size: [28]
04-04 20:09:34.421 D/RPC     ( 1590): read RPC packet
04-04 20:09:34.421 D/RPC     ( 1590): read RPC packet size: [272]
04-04 20:09:34.421 V/locapi_rpc_glue( 1590): Callback received: 4 (cb_id=0x6360000 handle=1)
04-04 20:09:34.421 V/locapi_rpc_glue( 1590): +loc_api_callback_process_sync_call
04-04 20:09:34.421 V/locapi_rpc_glue( 1590): -loc_api_callback_process_sync_call, no sync call in use
04-04 20:09:34.421 D/RPC     ( 1590): written RPC packet size: [28]
04-04 20:09:34.421 D/RPC     ( 1590): read RPC packet
04-04 20:09:34.421 D/RPC     ( 1590): read RPC packet size: [272]
04-04 20:09:34.421 V/locapi_rpc_glue( 1590): Callback received: 4 (cb_id=0x6360000 handle=1)
04-04 20:09:34.421 V/locapi_rpc_glue( 1590): +loc_api_callback_process_sync_call
04-04 20:09:34.421 V/locapi_rpc_glue( 1590): -loc_api_callback_process_sync_call, no sync call in use
04-04 20:09:34.421 D/RPC     ( 1590): written RPC packet size: [28]
04-04 20:09:34.431 D/RPC     ( 1590): read RPC packet
04-04 20:09:34.431 D/RPC     ( 1590): read RPC packet size: [272]
04-04 20:09:34.431 V/locapi_rpc_glue( 1590): Callback received: 4 (cb_id=0x6360000 handle=1)
04-04 20:09:34.431 V/locapi_rpc_glue( 1590): +loc_api_callback_process_sync_call
04-04 20:09:34.431 V/locapi_rpc_glue( 1590): -loc_api_callback_process_sync_call, no sync call in use
04-04 20:09:34.431 D/RPC     ( 1590): written RPC packet size: [28]
04-04 20:09:34.431 D/RPC     ( 1590): read RPC packet
04-04 20:09:34.431 D/RPC     ( 1590): read RPC packet size: [272]
04-04 20:09:34.431 V/locapi_rpc_glue( 1590): Callback received: 4 (cb_id=0x6360000 handle=1)
04-04 20:09:34.431 V/locapi_rpc_glue( 1590): +loc_api_callback_process_sync_call
04-04 20:09:34.431 V/locapi_rpc_glue( 1590): -loc_api_callback_process_sync_call, no sync call in use
04-04 20:09:34.431 D/RPC     ( 1590): written RPC packet size: [28]
04-04 20:09:34.431 D/RPC     ( 1590): read RPC packet
04-04 20:09:34.431 D/RPC     ( 1590): read RPC packet size: [456]
04-04 20:09:34.431 V/locapi_rpc_glue( 1590): Callback received: 2 (cb_id=0x6360000 handle=1)
04-04 20:09:34.431 V/locapi_rpc_glue( 1590): +loc_api_callback_process_sync_call
04-04 20:09:34.431 V/locapi_rpc_glue( 1590): -loc_api_callback_process_sync_call, no sync call in use
04-04 20:09:34.431 D/lib_locapi( 1590): loc_eng_report_sv: valid_mask = 0x3f, num of sv = 9
04-04 20:09:34.431 D/RPC     ( 1590): written RPC packet size: [28]
04-04 20:09:34.431 D/RPC     ( 1590): read RPC packet
04-04 20:09:34.431 D/RPC     ( 1590): read RPC packet size: [208]
04-04 20:09:34.431 V/locapi_rpc_glue( 1590): Callback received: 1 (cb_id=0x6360000 handle=1)
04-04 20:09:34.431 V/locapi_rpc_glue( 1590): +loc_api_callback_process_sync_call
04-04 20:09:34.441 V/locapi_rpc_glue( 1590): -loc_api_callback_process_sync_call, no sync call in use
04-04 20:09:34.441 D/lib_locapi( 1590): loc_eng_report_position: valid mask = 0x69ffef, sess status = 0
04-04 20:09:34.441 D/RPC     ( 1590): written RPC packet size: [28]
04-04 20:09:34.441 D/RPC     ( 1590): read RPC packet
04-04 20:09:34.441 D/RPC     ( 1590): read RPC packet size: [80]
04-04 20:09:34.441 V/locapi_rpc_glue( 1590): Callback received: 100 (cb_id=0x6360000 handle=1)
04-04 20:09:34.441 V/locapi_rpc_glue( 1590): +loc_api_callback_process_sync_call
04-04 20:09:34.441 V/locapi_rpc_glue( 1590): -loc_api_callback_process_sync_call, no sync call in use
04-04 20:09:34.441 D/lib_locapi( 1590): [GPS:] loc_eng_report_status: GPS_STATUS_SESSION_END
04-04 20:09:34.441 D/RPC     ( 1590): written RPC packet size: [28]
04-04 20:09:34.451 D/AutoSetting( 1791): service - mLocationListener: onLocationChanged() location = Location[mProvider=gps,mTime=1396642174450,mInfo=-19.66213501333507.06102528,mAccuracy=31.0
04-04 20:09:34.451 D/AutoSetting( 1791): service - handleMessage() incoming message, what:1
04-04 20:09:34.451 D/AutoSetting( 1791): service - mLocationListener: onLocationChanged() location = Location[mProvider=gps,mTime=1396642174450,mInfo=-19.66213501333507.06102528,mAccuracy=31.0
04-04 20:09:34.451 D/AutoSetting( 1791): Util - no network available!
04-04 20:09:34.451 D/AutoSetting( 1791): service - handleMessage() not proceed
04-04 20:09:34.591 D/RPC     ( 1590): read RPC packet
04-04 20:09:34.591 D/RPC     ( 1590): read RPC packet size: [80]
04-04 20:09:34.591 V/locapi_rpc_glue( 1590): Callback received: 100 (cb_id=0x6360000 handle=1)
04-04 20:09:34.591 V/locapi_rpc_glue( 1590): +loc_api_callback_process_sync_call
04-04 20:09:34.591 V/locapi_rpc_glue( 1590): -loc_api_callback_process_sync_call, no sync call in use
04-04 20:09:34.591 D/lib_locapi( 1590): [GPS:] loc_eng_report_status: GPS_STATUS_SESSION_BEGIN
04-04 20:09:34.591 D/RPC     ( 1590): written RPC packet size: [28]
04-04 20:09:34.751 I/System.out( 2811): Location: -2.80890037 56.34009795 | GPSNavigator running:true
04-04 20:09:34.751 I/System.out( 2811): Battery level: 98 | Time difference: -1
04-04 20:09:35.402 D/RPC     ( 1590): read RPC packet
04-04 20:09:35.412 D/RPC     ( 1590): read RPC packet size: [272]
04-04 20:09:35.412 V/locapi_rpc_glue( 1590): Callback received: 4 (cb_id=0x6360000 handle=1)
04-04 20:09:35.412 V/locapi_rpc_glue( 1590): +loc_api_callback_process_sync_call
04-04 20:09:35.412 V/locapi_rpc_glue( 1590): -loc_api_callback_process_sync_call, no sync call in use
04-04 20:09:35.412 D/RPC     ( 1590): written RPC packet size: [28]
04-04 20:09:35.412 D/RPC     ( 1590): read RPC packet
04-04 20:09:35.412 D/RPC     ( 1590): read RPC packet size: [272]
04-04 20:09:35.412 V/locapi_rpc_glue( 1590): Callback received: 4 (cb_id=0x6360000 handle=1)
04-04 20:09:35.422 V/locapi_rpc_glue( 1590): +loc_api_callback_process_sync_call
04-04 20:09:35.422 V/locapi_rpc_glue( 1590): -loc_api_callback_process_sync_call, no sync call in use
04-04 20:09:35.422 D/RPC     ( 1590): written RPC packet size: [28]
04-04 20:09:35.422 D/RPC     ( 1590): read RPC packet
04-04 20:09:35.422 D/RPC     ( 1590): read RPC packet size: [272]
04-04 20:09:35.422 V/locapi_rpc_glue( 1590): Callback received: 4 (cb_id=0x6360000 handle=1)
04-04 20:09:35.422 V/locapi_rpc_glue( 1590): +loc_api_callback_process_sync_call
04-04 20:09:35.422 V/locapi_rpc_glue( 1590): -loc_api_callback_process_sync_call, no sync call in use
04-04 20:09:35.422 D/RPC     ( 1590): written RPC packet size: [28]
04-04 20:09:35.432 D/RPC     ( 1590): read RPC packet
04-04 20:09:35.432 D/RPC     ( 1590): read RPC packet size: [456]
04-04 20:09:35.432 V/locapi_rpc_glue( 1590): Callback received: 2 (cb_id=0x6360000 handle=1)
04-04 20:09:35.432 V/locapi_rpc_glue( 1590): +loc_api_callback_process_sync_call
04-04 20:09:35.432 V/locapi_rpc_glue( 1590): -loc_api_callback_process_sync_call, no sync call in use
04-04 20:09:35.432 D/lib_locapi( 1590): loc_eng_report_sv: valid_mask = 0x30, num of sv = 9
04-04 20:09:35.432 D/GpsLocationProvider( 1590): reportSvStatus
04-04 20:09:35.432 V/GpsLocationProvider( 1590): SV count: 9 ephemerisMask: 51400802 almanacMask: 51500a12
04-04 20:09:35.442 V/GpsLocationProvider( 1590): sv: 2 snr: 3.58 elev: 21.0 azimuth: 42.0 E AU
04-04 20:09:35.442 V/GpsLocationProvider( 1590): sv: 5 snr: 1.5600001 elev: 2.0 azimuth: 77.0   AU
04-04 20:09:35.442 V/GpsLocationProvider( 1590): sv: 10 snr: 2.8200002 elev: 7.0 azimuth: 25.0   AU
04-04 20:09:35.442 D/RPC     ( 1590): written RPC packet size: [28]
04-04 20:09:35.442 V/GpsLocationProvider( 1590): sv: 12 snr: 3.33 elev: 10.0 azimuth: 101.0 E AU
04-04 20:09:35.442 V/GpsLocationProvider( 1590): sv: 21 snr: 3.09 elev: 15.0 azimuth: 165.0   AU
04-04 20:09:35.452 V/GpsLocationProvider( 1590): sv: 23 snr: 2.67 elev: 15.0 azimuth: 326.0 E AU
04-04 20:09:35.452 V/GpsLocationProvider( 1590): sv: 25 snr: 3.53 elev: 46.0 azimuth: 104.0 E AU
04-04 20:09:35.452 V/GpsLocationProvider( 1590): sv: 29 snr: 3.6200001 elev: 75.0 azimuth: 113.0 E AU
04-04 20:09:35.452 V/GpsLocationProvider( 1590): sv: 31 snr: 3.6299999 elev: 62.0 azimuth: 251.0 E AU
04-04 20:09:35.452 D/RPC     ( 1590): read RPC packet
04-04 20:09:35.452 D/RPC     ( 1590): read RPC packet size: [272]
04-04 20:09:35.452 V/locapi_rpc_glue( 1590): Callback received: 4 (cb_id=0x6360000 handle=1)
04-04 20:09:35.452 V/locapi_rpc_glue( 1590): +loc_api_callback_process_sync_call
04-04 20:09:35.452 V/locapi_rpc_glue( 1590): -loc_api_callback_process_sync_call, no sync call in use
04-04 20:09:35.462 D/RPC     ( 1590): written RPC packet size: [28]
04-04 20:09:35.462 D/RPC     ( 1590): read RPC packet
04-04 20:09:35.462 D/RPC     ( 1590): read RPC packet size: [272]
04-04 20:09:35.462 V/locapi_rpc_glue( 1590): Callback received: 4 (cb_id=0x6360000 handle=1)
04-04 20:09:35.462 V/locapi_rpc_glue( 1590): +loc_api_callback_process_sync_call
04-04 20:09:35.462 V/locapi_rpc_glue( 1590): -loc_api_callback_process_sync_call, no sync call in use
04-04 20:09:35.462 D/RPC     ( 1590): written RPC packet size: [28]
04-04 20:09:35.472 D/RPC     ( 1590): read RPC packet
04-04 20:09:35.472 D/RPC     ( 1590): read RPC packet size: [272]
04-04 20:09:35.472 V/locapi_rpc_glue( 1590): Callback received: 4 (cb_id=0x6360000 handle=1)
04-04 20:09:35.472 V/locapi_rpc_glue( 1590): +loc_api_callback_process_sync_call
04-04 20:09:35.472 V/locapi_rpc_glue( 1590): -loc_api_callback_process_sync_call, no sync call in use
04-04 20:09:35.472 D/RPC     ( 1590): written RPC packet size: [28]
04-04 20:09:35.472 D/RPC     ( 1590): read RPC packet
04-04 20:09:35.472 D/RPC     ( 1590): read RPC packet size: [272]
04-04 20:09:35.472 V/locapi_rpc_glue( 1590): Callback received: 4 (cb_id=0x6360000 handle=1)
04-04 20:09:35.472 V/locapi_rpc_glue( 1590): +loc_api_callback_process_sync_call
04-04 20:09:35.472 V/locapi_rpc_glue( 1590): -loc_api_callback_process_sync_call, no sync call in use
04-04 20:09:35.482 D/RPC     ( 1590): written RPC packet size: [28]
04-04 20:09:35.482 D/RPC     ( 1590): read RPC packet
04-04 20:09:35.482 D/RPC     ( 1590): read RPC packet size: [456]
04-04 20:09:35.482 V/locapi_rpc_glue( 1590): Callback received: 2 (cb_id=0x6360000 handle=1)
04-04 20:09:35.482 V/locapi_rpc_glue( 1590): +loc_api_callback_process_sync_call
04-04 20:09:35.482 V/locapi_rpc_glue( 1590): -loc_api_callback_process_sync_call, no sync call in use
04-04 20:09:35.482 D/lib_locapi( 1590): loc_eng_report_sv: valid_mask = 0x3f, num of sv = 9
04-04 20:09:35.492 D/RPC     ( 1590): written RPC packet size: [28]
04-04 20:09:35.492 D/RPC     ( 1590): read RPC packet
04-04 20:09:35.492 D/RPC     ( 1590): read RPC packet size: [208]
04-04 20:09:35.492 V/locapi_rpc_glue( 1590): Callback received: 1 (cb_id=0x6360000 handle=1)
04-04 20:09:35.492 V/locapi_rpc_glue( 1590): +loc_api_callback_process_sync_call
04-04 20:09:35.492 V/locapi_rpc_glue( 1590): -loc_api_callback_process_sync_call, no sync call in use
04-04 20:09:35.492 D/lib_locapi( 1590): loc_eng_report_position: valid mask = 0x69ffef, sess status = 0
04-04 20:09:35.492 D/RPC     ( 1590): written RPC packet size: [28]
04-04 20:09:35.502 D/RPC     ( 1590): read RPC packet
04-04 20:09:35.502 D/RPC     ( 1590): read RPC packet size: [80]
04-04 20:09:35.502 V/locapi_rpc_glue( 1590): Callback received: 100 (cb_id=0x6360000 handle=1)
04-04 20:09:35.502 V/locapi_rpc_glue( 1590): +loc_api_callback_process_sync_call
04-04 20:09:35.502 V/locapi_rpc_glue( 1590): -loc_api_callback_process_sync_call, no sync call in use
04-04 20:09:35.502 D/lib_locapi( 1590): [GPS:] loc_eng_report_status: GPS_STATUS_SESSION_END
04-04 20:09:35.502 D/RPC     ( 1590): written RPC packet size: [28]
04-04 20:09:35.532 D/AutoSetting( 1791): service - mLocationListener: onLocationChanged() location = Location[mProvider=gps,mTime=1396642175506,mInfo=-19.66207089333507.06120456,mAccuracy=31.0
04-04 20:09:35.542 D/AutoSetting( 1791): service - handleMessage() incoming message, what:1
04-04 20:09:35.542 D/AutoSetting( 1791): service - mLocationListener: onLocationChanged() location = Location[mProvider=gps,mTime=1396642175506,mInfo=-19.66207089333507.06120456,mAccuracy=31.0
04-04 20:09:35.542 D/AutoSetting( 1791): Util - no network available!
04-04 20:09:35.542 D/AutoSetting( 1791): service - handleMessage() not proceed
04-04 20:09:35.592 D/RPC     ( 1590): read RPC packet
04-04 20:09:35.592 D/RPC     ( 1590): read RPC packet size: [80]
04-04 20:09:35.592 V/locapi_rpc_glue( 1590): Callback received: 100 (cb_id=0x6360000 handle=1)
04-04 20:09:35.592 V/locapi_rpc_glue( 1590): +loc_api_callback_process_sync_call
04-04 20:09:35.592 V/locapi_rpc_glue( 1590): -loc_api_callback_process_sync_call, no sync call in use
04-04 20:09:35.592 D/lib_locapi( 1590): [GPS:] loc_eng_report_status: GPS_STATUS_SESSION_BEGIN
04-04 20:09:35.592 D/RPC     ( 1590): written RPC packet size: [28]
04-04 20:09:36.403 D/RPC     ( 1590): read RPC packet
04-04 20:09:36.413 D/RPC     ( 1590): read RPC packet size: [272]
04-04 20:09:36.413 V/locapi_rpc_glue( 1590): Callback received: 4 (cb_id=0x6360000 handle=1)
04-04 20:09:36.413 V/locapi_rpc_glue( 1590): +loc_api_callback_process_sync_call
04-04 20:09:36.413 V/locapi_rpc_glue( 1590): -loc_api_callback_process_sync_call, no sync call in use
04-04 20:09:36.413 D/RPC     ( 1590): written RPC packet size: [28]
04-04 20:09:36.413 D/RPC     ( 1590): read RPC packet
04-04 20:09:36.413 D/RPC     ( 1590): read RPC packet size: [272]
04-04 20:09:36.413 V/locapi_rpc_glue( 1590): Callback received: 4 (cb_id=0x6360000 handle=1)
04-04 20:09:36.413 V/locapi_rpc_glue( 1590): +loc_api_callback_process_sync_call
04-04 20:09:36.423 V/locapi_rpc_glue( 1590): -loc_api_callback_process_sync_call, no sync call in use
04-04 20:09:36.423 D/RPC     ( 1590): written RPC packet size: [28]
04-04 20:09:36.423 D/RPC     ( 1590): read RPC packet
04-04 20:09:36.423 D/RPC     ( 1590): read RPC packet size: [272]
04-04 20:09:36.423 V/locapi_rpc_glue( 1590): Callback received: 4 (cb_id=0x6360000 handle=1)
04-04 20:09:36.423 V/locapi_rpc_glue( 1590): +loc_api_callback_process_sync_call
04-04 20:09:36.423 V/locapi_rpc_glue( 1590): -loc_api_callback_process_sync_call, no sync call in use
04-04 20:09:36.423 D/RPC     ( 1590): written RPC packet size: [28]
04-04 20:09:36.423 D/RPC     ( 1590): read RPC packet
04-04 20:09:36.423 D/RPC     ( 1590): read RPC packet size: [456]
04-04 20:09:36.433 V/locapi_rpc_glue( 1590): Callback received: 2 (cb_id=0x6360000 handle=1)
04-04 20:09:36.433 V/locapi_rpc_glue( 1590): +loc_api_callback_process_sync_call
04-04 20:09:36.433 V/locapi_rpc_glue( 1590): -loc_api_callback_process_sync_call, no sync call in use
04-04 20:09:36.433 D/lib_locapi( 1590): loc_eng_report_sv: valid_mask = 0x30, num of sv = 9
04-04 20:09:36.433 D/GpsLocationProvider( 1590): reportSvStatus
04-04 20:09:36.433 V/GpsLocationProvider( 1590): SV count: 9 ephemerisMask: 51400802 almanacMask: 51500a12
04-04 20:09:36.433 V/GpsLocationProvider( 1590): sv: 2 snr: 3.78 elev: 21.0 azimuth: 42.0 E AU
04-04 20:09:36.443 V/GpsLocationProvider( 1590): sv: 5 snr: 1.5600001 elev: 2.0 azimuth: 77.0   AU
04-04 20:09:36.443 V/GpsLocationProvider( 1590): sv: 10 snr: 2.6100001 elev: 7.0 azimuth: 25.0   AU
04-04 20:09:36.443 V/GpsLocationProvider( 1590): sv: 12 snr: 2.78 elev: 10.0 azimuth: 101.0 E AU
04-04 20:09:36.443 D/RPC     ( 1590): written RPC packet size: [28]
04-04 20:09:36.443 V/GpsLocationProvider( 1590): sv: 21 snr: 3.2 elev: 15.0 azimuth: 165.0   AU
04-04 20:09:36.443 V/GpsLocationProvider( 1590): sv: 23 snr: 2.99 elev: 15.0 azimuth: 326.0 E AU
04-04 20:09:36.443 V/GpsLocationProvider( 1590): sv: 25 snr: 3.4299998 elev: 46.0 azimuth: 104.0 E AU
04-04 20:09:36.453 V/GpsLocationProvider( 1590): sv: 29 snr: 3.6200001 elev: 75.0 azimuth: 113.0 E AU
04-04 20:09:36.453 V/GpsLocationProvider( 1590): sv: 31 snr: 4.15 elev: 62.0 azimuth: 251.0 E AU
04-04 20:09:36.453 D/RPC     ( 1590): read RPC packet
04-04 20:09:36.453 D/RPC     ( 1590): read RPC packet size: [272]
04-04 20:09:36.453 V/locapi_rpc_glue( 1590): Callback received: 4 (cb_id=0x6360000 handle=1)
04-04 20:09:36.453 V/locapi_rpc_glue( 1590): +loc_api_callback_process_sync_call
04-04 20:09:36.453 V/locapi_rpc_glue( 1590): -loc_api_callback_process_sync_call, no sync call in use
04-04 20:09:36.463 D/RPC     ( 1590): written RPC packet size: [28]
04-04 20:09:36.463 D/RPC     ( 1590): read RPC packet
04-04 20:09:36.463 D/RPC     ( 1590): read RPC packet size: [272]
04-04 20:09:36.463 V/locapi_rpc_glue( 1590): Callback received: 4 (cb_id=0x6360000 handle=1)
04-04 20:09:36.463 V/locapi_rpc_glue( 1590): +loc_api_callback_process_sync_call
04-04 20:09:36.463 V/locapi_rpc_glue( 1590): -loc_api_callback_process_sync_call, no sync call in use
04-04 20:09:36.463 D/RPC     ( 1590): written RPC packet size: [28]
04-04 20:09:36.473 D/RPC     ( 1590): read RPC packet
04-04 20:09:36.473 D/RPC     ( 1590): read RPC packet size: [272]
04-04 20:09:36.473 V/locapi_rpc_glue( 1590): Callback received: 4 (cb_id=0x6360000 handle=1)
04-04 20:09:36.473 V/locapi_rpc_glue( 1590): +loc_api_callback_process_sync_call
04-04 20:09:36.473 V/locapi_rpc_glue( 1590): -loc_api_callback_process_sync_call, no sync call in use
04-04 20:09:36.473 D/RPC     ( 1590): written RPC packet size: [28]
04-04 20:09:36.473 D/RPC     ( 1590): read RPC packet
04-04 20:09:36.473 D/RPC     ( 1590): read RPC packet size: [272]
04-04 20:09:36.473 V/locapi_rpc_glue( 1590): Callback received: 4 (cb_id=0x6360000 handle=1)
04-04 20:09:36.483 V/locapi_rpc_glue( 1590): +loc_api_callback_process_sync_call
04-04 20:09:36.483 V/locapi_rpc_glue( 1590): -loc_api_callback_process_sync_call, no sync call in use
04-04 20:09:36.483 D/RPC     ( 1590): written RPC packet size: [28]
04-04 20:09:36.483 D/RPC     ( 1590): read RPC packet
04-04 20:09:36.483 D/RPC     ( 1590): read RPC packet size: [456]
04-04 20:09:36.483 V/locapi_rpc_glue( 1590): Callback received: 2 (cb_id=0x6360000 handle=1)
04-04 20:09:36.483 V/locapi_rpc_glue( 1590): +loc_api_callback_process_sync_call
04-04 20:09:36.483 V/locapi_rpc_glue( 1590): -loc_api_callback_process_sync_call, no sync call in use
04-04 20:09:36.493 D/lib_locapi( 1590): loc_eng_report_sv: valid_mask = 0x3f, num of sv = 9
04-04 20:09:36.493 D/RPC     ( 1590): written RPC packet size: [28]
04-04 20:09:36.493 D/RPC     ( 1590): read RPC packet
04-04 20:09:36.493 D/RPC     ( 1590): read RPC packet size: [208]
04-04 20:09:36.493 V/locapi_rpc_glue( 1590): Callback received: 1 (cb_id=0x6360000 handle=1)
04-04 20:09:36.493 V/locapi_rpc_glue( 1590): +loc_api_callback_process_sync_call
04-04 20:09:36.493 V/locapi_rpc_glue( 1590): -loc_api_callback_process_sync_call, no sync call in use
04-04 20:09:36.493 D/lib_locapi( 1590): loc_eng_report_position: valid mask = 0x69ffef, sess status = 0
04-04 20:09:36.503 D/RPC     ( 1590): written RPC packet size: [28]
04-04 20:09:36.503 D/RPC     ( 1590): read RPC packet
04-04 20:09:36.503 D/RPC     ( 1590): read RPC packet size: [80]
04-04 20:09:36.503 V/locapi_rpc_glue( 1590): Callback received: 100 (cb_id=0x6360000 handle=1)
04-04 20:09:36.503 V/locapi_rpc_glue( 1590): +loc_api_callback_process_sync_call
04-04 20:09:36.503 V/locapi_rpc_glue( 1590): -loc_api_callback_process_sync_call, no sync call in use
04-04 20:09:36.503 D/lib_locapi( 1590): [GPS:] loc_eng_report_status: GPS_STATUS_SESSION_END
04-04 20:09:36.503 D/RPC     ( 1590): written RPC packet size: [28]
04-04 20:09:36.503 D/AutoSetting( 1791): service - mLocationListener: onLocationChanged() location = Location[mProvider=gps,mTime=1396642176508,mInfo=-19.66188546333507.06125649,mAccuracy=31.0
04-04 20:09:36.513 D/AutoSetting( 1791): service - handleMessage() incoming message, what:1
04-04 20:09:36.513 D/AutoSetting( 1791): service - mLocationListener: onLocationChanged() location = Location[mProvider=gps,mTime=1396642176508,mInfo=-19.66188546333507.06125649,mAccuracy=31.0
04-04 20:09:36.513 D/AutoSetting( 1791): Util - no network available!
04-04 20:09:36.513 D/AutoSetting( 1791): service - handleMessage() not proceed
04-04 20:09:36.603 D/RPC     ( 1590): read RPC packet
04-04 20:09:36.603 D/RPC     ( 1590): read RPC packet size: [80]
04-04 20:09:36.603 V/locapi_rpc_glue( 1590): Callback received: 100 (cb_id=0x6360000 handle=1)
04-04 20:09:36.603 V/locapi_rpc_glue( 1590): +loc_api_callback_process_sync_call
04-04 20:09:36.603 V/locapi_rpc_glue( 1590): -loc_api_callback_process_sync_call, no sync call in use
04-04 20:09:36.603 D/lib_locapi( 1590): [GPS:] loc_eng_report_status: GPS_STATUS_SESSION_BEGIN
04-04 20:09:36.603 D/RPC     ( 1590): written RPC packet size: [28]
04-04 20:09:37.414 D/RPC     ( 1590): read RPC packet
04-04 20:09:37.414 D/RPC     ( 1590): read RPC packet size: [272]
04-04 20:09:37.414 V/locapi_rpc_glue( 1590): Callback received: 4 (cb_id=0x6360000 handle=1)
04-04 20:09:37.414 V/locapi_rpc_glue( 1590): +loc_api_callback_process_sync_call
04-04 20:09:37.414 V/locapi_rpc_glue( 1590): -loc_api_callback_process_sync_call, no sync call in use
04-04 20:09:37.414 D/RPC     ( 1590): written RPC packet size: [28]
04-04 20:09:37.414 D/RPC     ( 1590): read RPC packet
04-04 20:09:37.414 D/RPC     ( 1590): read RPC packet size: [272]
04-04 20:09:37.414 V/locapi_rpc_glue( 1590): Callback received: 4 (cb_id=0x6360000 handle=1)
04-04 20:09:37.414 V/locapi_rpc_glue( 1590): +loc_api_callback_process_sync_call
04-04 20:09:37.414 V/locapi_rpc_glue( 1590): -loc_api_callback_process_sync_call, no sync call in use
04-04 20:09:37.414 D/RPC     ( 1590): written RPC packet size: [28]
04-04 20:09:37.414 D/RPC     ( 1590): read RPC packet
04-04 20:09:37.424 D/RPC     ( 1590): read RPC packet size: [272]
04-04 20:09:37.424 V/locapi_rpc_glue( 1590): Callback received: 4 (cb_id=0x6360000 handle=1)
04-04 20:09:37.424 V/locapi_rpc_glue( 1590): +loc_api_callback_process_sync_call
04-04 20:09:37.424 V/locapi_rpc_glue( 1590): -loc_api_callback_process_sync_call, no sync call in use
04-04 20:09:37.424 D/RPC     ( 1590): written RPC packet size: [28]
04-04 20:09:37.424 D/RPC     ( 1590): read RPC packet
04-04 20:09:37.424 D/RPC     ( 1590): read RPC packet size: [456]
04-04 20:09:37.424 V/locapi_rpc_glue( 1590): Callback received: 2 (cb_id=0x6360000 handle=1)
04-04 20:09:37.424 V/locapi_rpc_glue( 1590): +loc_api_callback_process_sync_call
04-04 20:09:37.424 V/locapi_rpc_glue( 1590): -loc_api_callback_process_sync_call, no sync call in use
04-04 20:09:37.424 D/lib_locapi( 1590): loc_eng_report_sv: valid_mask = 0x30, num of sv = 9
04-04 20:09:37.424 D/GpsLocationProvider( 1590): reportSvStatus
04-04 20:09:37.434 V/GpsLocationProvider( 1590): SV count: 9 ephemerisMask: 51400802 almanacMask: 51500a12
04-04 20:09:37.434 V/GpsLocationProvider( 1590): sv: 2 snr: 3.69 elev: 21.0 azimuth: 42.0 E AU
04-04 20:09:37.434 V/GpsLocationProvider( 1590): sv: 5 snr: 1.5600001 elev: 2.0 azimuth: 77.0   AU
04-04 20:09:37.434 D/RPC     ( 1590): written RPC packet size: [28]
04-04 20:09:37.434 V/GpsLocationProvider( 1590): sv: 10 snr: 2.3200002 elev: 7.0 azimuth: 25.0   AU
04-04 20:09:37.444 V/GpsLocationProvider( 1590): sv: 12 snr: 3.17 elev: 10.0 azimuth: 101.0 E AU
04-04 20:09:37.444 V/GpsLocationProvider( 1590): sv: 21 snr: 3.4 elev: 15.0 azimuth: 165.0   AU
04-04 20:09:37.444 V/GpsLocationProvider( 1590): sv: 23 snr: 3.0 elev: 15.0 azimuth: 326.0 E AU
04-04 20:09:37.444 V/GpsLocationProvider( 1590): sv: 25 snr: 3.67 elev: 46.0 azimuth: 104.0 E AU
04-04 20:09:37.444 V/GpsLocationProvider( 1590): sv: 29 snr: 3.56 elev: 75.0 azimuth: 113.0 E AU
04-04 20:09:37.454 V/GpsLocationProvider( 1590): sv: 31 snr: 4.12 elev: 62.0 azimuth: 251.0 E AU
04-04 20:09:37.454 D/RPC     ( 1590): read RPC packet
04-04 20:09:37.454 D/RPC     ( 1590): read RPC packet size: [272]
04-04 20:09:37.454 V/locapi_rpc_glue( 1590): Callback received: 4 (cb_id=0x6360000 handle=1)
04-04 20:09:37.454 V/locapi_rpc_glue( 1590): +loc_api_callback_process_sync_call
04-04 20:09:37.454 V/locapi_rpc_glue( 1590): -loc_api_callback_process_sync_call, no sync call in use
04-04 20:09:37.454 D/RPC     ( 1590): written RPC packet size: [28]
04-04 20:09:37.454 D/RPC     ( 1590): read RPC packet
04-04 20:09:37.454 D/RPC     ( 1590): read RPC packet size: [272]
04-04 20:09:37.454 V/locapi_rpc_glue( 1590): Callback received: 4 (cb_id=0x6360000 handle=1)
04-04 20:09:37.464 V/locapi_rpc_glue( 1590): +loc_api_callback_process_sync_call
04-04 20:09:37.464 V/locapi_rpc_glue( 1590): -loc_api_callback_process_sync_call, no sync call in use
04-04 20:09:37.464 D/RPC     ( 1590): written RPC packet size: [28]
04-04 20:09:37.464 D/RPC     ( 1590): read RPC packet
04-04 20:09:37.464 D/RPC     ( 1590): read RPC packet size: [272]
04-04 20:09:37.464 V/locapi_rpc_glue( 1590): Callback received: 4 (cb_id=0x6360000 handle=1)
04-04 20:09:37.464 V/locapi_rpc_glue( 1590): +loc_api_callback_process_sync_call
04-04 20:09:37.464 V/locapi_rpc_glue( 1590): -loc_api_callback_process_sync_call, no sync call in use
04-04 20:09:37.464 D/RPC     ( 1590): written RPC packet size: [28]
04-04 20:09:37.464 D/RPC     ( 1590): read RPC packet
04-04 20:09:37.474 D/RPC     ( 1590): read RPC packet size: [272]
04-04 20:09:37.474 V/locapi_rpc_glue( 1590): Callback received: 4 (cb_id=0x6360000 handle=1)
04-04 20:09:37.474 V/locapi_rpc_glue( 1590): +loc_api_callback_process_sync_call
04-04 20:09:37.474 V/locapi_rpc_glue( 1590): -loc_api_callback_process_sync_call, no sync call in use
04-04 20:09:37.474 D/RPC     ( 1590): written RPC packet size: [28]
04-04 20:09:37.474 D/RPC     ( 1590): read RPC packet
04-04 20:09:37.474 D/RPC     ( 1590): read RPC packet size: [456]
04-04 20:09:37.474 V/locapi_rpc_glue( 1590): Callback received: 2 (cb_id=0x6360000 handle=1)
04-04 20:09:37.474 V/locapi_rpc_glue( 1590): +loc_api_callback_process_sync_call
04-04 20:09:37.474 V/locapi_rpc_glue( 1590): -loc_api_callback_process_sync_call, no sync call in use
04-04 20:09:37.474 D/lib_locapi( 1590): loc_eng_report_sv: valid_mask = 0x3f, num of sv = 9
04-04 20:09:37.474 D/RPC     ( 1590): written RPC packet size: [28]
04-04 20:09:37.484 D/RPC     ( 1590): read RPC packet
04-04 20:09:37.484 D/RPC     ( 1590): read RPC packet size: [208]
04-04 20:09:37.484 V/locapi_rpc_glue( 1590): Callback received: 1 (cb_id=0x6360000 handle=1)
04-04 20:09:37.484 V/locapi_rpc_glue( 1590): +loc_api_callback_process_sync_call
04-04 20:09:37.484 V/locapi_rpc_glue( 1590): -loc_api_callback_process_sync_call, no sync call in use
04-04 20:09:37.484 D/lib_locapi( 1590): loc_eng_report_position: valid mask = 0x69ffef, sess status = 0
04-04 20:09:37.484 D/RPC     ( 1590): written RPC packet size: [28]
04-04 20:09:37.494 D/RPC     ( 1590): read RPC packet
04-04 20:09:37.494 D/RPC     ( 1590): read RPC packet size: [80]
04-04 20:09:37.494 V/locapi_rpc_glue( 1590): Callback received: 100 (cb_id=0x6360000 handle=1)
04-04 20:09:37.494 V/locapi_rpc_glue( 1590): +loc_api_callback_process_sync_call
04-04 20:09:37.494 V/locapi_rpc_glue( 1590): -loc_api_callback_process_sync_call, no sync call in use
04-04 20:09:37.494 D/lib_locapi( 1590): [GPS:] loc_eng_report_status: GPS_STATUS_SESSION_END
04-04 20:09:37.494 D/RPC     ( 1590): written RPC packet size: [28]
04-04 20:09:37.514 D/AutoSetting( 1791): service - mLocationListener: onLocationChanged() location = Location[mProvider=gps,mTime=1396642177496,mInfo=-19.661831139999997333507.06126477,mAccuracy=30.0
04-04 20:09:37.514 D/AutoSetting( 1791): service - handleMessage() incoming message, what:1
04-04 20:09:37.514 D/AutoSetting( 1791): service - mLocationListener: onLocationChanged() location = Location[mProvider=gps,mTime=1396642177496,mInfo=-19.661831139999997333507.06126477,mAccuracy=30.0
04-04 20:09:37.524 D/AutoSetting( 1791): Util - no network available!
04-04 20:09:37.524 D/AutoSetting( 1791): service - handleMessage() not proceed
04-04 20:09:37.594 D/RPC     ( 1590): read RPC packet
