04-04 18:59:00.605 D/RPC     ( 1574): read RPC packet
04-04 18:59:00.605 D/RPC     ( 1574): read RPC packet size: [416]
04-04 18:59:00.605 V/locapi_rpc_glue( 1574): Callback received: 2 (cb_id=0x6260000 handle=1)
04-04 18:59:00.605 V/locapi_rpc_glue( 1574): +loc_api_callback_process_sync_call
04-04 18:59:00.605 V/locapi_rpc_glue( 1574): -loc_api_callback_process_sync_call, no sync call in use
04-04 18:59:00.605 D/lib_locapi( 1574): loc_eng_report_sv: valid_mask = 0x3f, num of sv = 8
04-04 18:59:00.615 D/RPC     ( 1574): written RPC packet size: [28]
04-04 18:59:00.615 D/RPC     ( 1574): read RPC packet
04-04 18:59:00.615 D/RPC     ( 1574): read RPC packet size: [208]
04-04 18:59:00.615 V/locapi_rpc_glue( 1574): Callback received: 1 (cb_id=0x6260000 handle=1)
04-04 18:59:00.615 V/locapi_rpc_glue( 1574): +loc_api_callback_process_sync_call
04-04 18:59:00.615 V/locapi_rpc_glue( 1574): -loc_api_callback_process_sync_call, no sync call in use
04-04 18:59:00.615 D/lib_locapi( 1574): loc_eng_report_position: valid mask = 0x69ffef, sess status = 0
04-04 18:59:00.615 D/RPC     ( 1574): written RPC packet size: [28]
04-04 18:59:00.625 D/AutoSetting( 3122): service - mLocationListener: onLocationChanged() location = Location[mProvider=gps,mTime=1396637940626,mInfo=-19.662697180000002333507.05952318,mAccuracy=6.0
04-04 18:59:00.625 D/RPC     ( 1574): read RPC packet
04-04 18:59:00.625 D/RPC     ( 1574): read RPC packet size: [80]
04-04 18:59:00.625 V/locapi_rpc_glue( 1574): Callback received: 100 (cb_id=0x6260000 handle=1)
04-04 18:59:00.625 V/locapi_rpc_glue( 1574): +loc_api_callback_process_sync_call
04-04 18:59:00.625 V/locapi_rpc_glue( 1574): -loc_api_callback_process_sync_call, no sync call in use
04-04 18:59:00.625 D/lib_locapi( 1574): [GPS:] loc_eng_report_status: GPS_STATUS_SESSION_END
04-04 18:59:00.625 D/RPC     ( 1574): written RPC packet size: [28]
04-04 18:59:00.625 D/AutoSetting( 3122): service - handleMessage() incoming message, what:1
04-04 18:59:00.635 D/AutoSetting( 3122): service - mLocationListener: onLocationChanged() location = Location[mProvider=gps,mTime=1396637940626,mInfo=-19.662697180000002333507.05952318,mAccuracy=6.0
04-04 18:59:00.645 D/AutoSetting( 3122): Util - no network available!
04-04 18:59:00.645 D/AutoSetting( 3122): service - handleMessage() not proceed
04-04 18:59:00.716 D/RPC     ( 1574): read RPC packet
04-04 18:59:00.716 D/RPC     ( 1574): read RPC packet size: [80]
04-04 18:59:00.716 V/locapi_rpc_glue( 1574): Callback received: 100 (cb_id=0x6260000 handle=1)
04-04 18:59:00.716 V/locapi_rpc_glue( 1574): +loc_api_callback_process_sync_call
04-04 18:59:00.716 V/locapi_rpc_glue( 1574): -loc_api_callback_process_sync_call, no sync call in use
04-04 18:59:00.716 D/lib_locapi( 1574): [GPS:] loc_eng_report_status: GPS_STATUS_SESSION_BEGIN
04-04 18:59:00.716 D/RPC     ( 1574): written RPC packet size: [28]
04-04 18:59:01.526 D/RPC     ( 1574): read RPC packet
04-04 18:59:01.536 D/RPC     ( 1574): read RPC packet size: [272]
04-04 18:59:01.536 V/locapi_rpc_glue( 1574): Callback received: 4 (cb_id=0x6260000 handle=1)
04-04 18:59:01.536 V/locapi_rpc_glue( 1574): +loc_api_callback_process_sync_call
04-04 18:59:01.536 V/locapi_rpc_glue( 1574): -loc_api_callback_process_sync_call, no sync call in use
04-04 18:59:01.536 D/RPC     ( 1574): written RPC packet size: [28]
04-04 18:59:01.546 D/RPC     ( 1574): read RPC packet
04-04 18:59:01.556 D/RPC     ( 1574): read RPC packet size: [272]
04-04 18:59:01.556 V/locapi_rpc_glue( 1574): Callback received: 4 (cb_id=0x6260000 handle=1)
04-04 18:59:01.556 V/locapi_rpc_glue( 1574): +loc_api_callback_process_sync_call
04-04 18:59:01.556 V/locapi_rpc_glue( 1574): -loc_api_callback_process_sync_call, no sync call in use
04-04 18:59:01.556 D/RPC     ( 1574): written RPC packet size: [28]
04-04 18:59:01.566 D/RPC     ( 1574): read RPC packet
04-04 18:59:01.566 D/RPC     ( 1574): read RPC packet size: [416]
04-04 18:59:01.566 V/locapi_rpc_glue( 1574): Callback received: 2 (cb_id=0x6260000 handle=1)
04-04 18:59:01.576 V/locapi_rpc_glue( 1574): +loc_api_callback_process_sync_call
04-04 18:59:01.576 V/locapi_rpc_glue( 1574): -loc_api_callback_process_sync_call, no sync call in use
04-04 18:59:01.576 D/lib_locapi( 1574): loc_eng_report_sv: valid_mask = 0x30, num of sv = 8
04-04 18:59:01.576 D/GpsLocationProvider( 1574): reportSvStatus
04-04 18:59:01.586 V/GpsLocationProvider( 1574): SV count: 8 ephemerisMask: 5108280a almanacMask: 5108280a
04-04 18:59:01.586 V/GpsLocationProvider( 1574): sv: 2 snr: 3.53 elev: 30.0 azimuth: 71.0 E AU
04-04 18:59:01.586 V/GpsLocationProvider( 1574): sv: 4 snr: 3.2400002 elev: 11.0 azimuth: 29.0 E AU
04-04 18:59:01.596 V/GpsLocationProvider( 1574): sv: 12 snr: 3.8400002 elev: 38.0 azimuth: 85.0 E AU
04-04 18:59:01.596 V/GpsLocationProvider( 1574): sv: 14 snr: 2.8200002 elev: 25.0 azimuth: 220.0 E AU
04-04 18:59:01.596 D/RPC     ( 1574): written RPC packet size: [28]
04-04 18:59:01.596 V/GpsLocationProvider( 1574): sv: 20 snr: 2.84 elev: 0.0 azimuth: 0.0 E AU
04-04 18:59:01.596 V/GpsLocationProvider( 1574): sv: 25 snr: 3.9 elev: 79.0 azimuth: 90.0 E AU
04-04 18:59:01.596 V/GpsLocationProvider( 1574): sv: 29 snr: 3.44 elev: 52.0 azimuth: 185.0 E AU
04-04 18:59:01.606 V/GpsLocationProvider( 1574): sv: 31 snr: 4.38 elev: 43.0 azimuth: 296.0 E AU
04-04 18:59:01.616 D/RPC     ( 1574): read RPC packet
04-04 18:59:01.616 D/RPC     ( 1574): read RPC packet size: [272]
04-04 18:59:01.616 V/locapi_rpc_glue( 1574): Callback received: 4 (cb_id=0x6260000 handle=1)
04-04 18:59:01.616 V/locapi_rpc_glue( 1574): +loc_api_callback_process_sync_call
04-04 18:59:01.616 V/locapi_rpc_glue( 1574): -loc_api_callback_process_sync_call, no sync call in use
04-04 18:59:01.616 D/RPC     ( 1574): written RPC packet size: [28]
04-04 18:59:01.616 D/RPC     ( 1574): read RPC packet
04-04 18:59:01.616 D/RPC     ( 1574): read RPC packet size: [272]
04-04 18:59:01.616 V/locapi_rpc_glue( 1574): Callback received: 4 (cb_id=0x6260000 handle=1)
04-04 18:59:01.616 V/locapi_rpc_glue( 1574): +loc_api_callback_process_sync_call
04-04 18:59:01.616 V/locapi_rpc_glue( 1574): -loc_api_callback_process_sync_call, no sync call in use
04-04 18:59:01.616 D/RPC     ( 1574): written RPC packet size: [28]
04-04 18:59:01.626 D/RPC     ( 1574): read RPC packet
04-04 18:59:01.626 D/RPC     ( 1574): read RPC packet size: [272]
04-04 18:59:01.626 V/locapi_rpc_glue( 1574): Callback received: 4 (cb_id=0x6260000 handle=1)
04-04 18:59:01.626 V/locapi_rpc_glue( 1574): +loc_api_callback_process_sync_call
04-04 18:59:01.626 V/locapi_rpc_glue( 1574): -loc_api_callback_process_sync_call, no sync call in use
04-04 18:59:01.626 D/RPC     ( 1574): written RPC packet size: [28]
04-04 18:59:01.626 D/RPC     ( 1574): read RPC packet
04-04 18:59:01.626 D/RPC     ( 1574): read RPC packet size: [272]
04-04 18:59:01.626 V/locapi_rpc_glue( 1574): Callback received: 4 (cb_id=0x6260000 handle=1)
04-04 18:59:01.626 V/locapi_rpc_glue( 1574): +loc_api_callback_process_sync_call
04-04 18:59:01.626 V/locapi_rpc_glue( 1574): -loc_api_callback_process_sync_call, no sync call in use
04-04 18:59:01.626 D/RPC     ( 1574): written RPC packet size: [28]
04-04 18:59:01.626 D/RPC     ( 1574): read RPC packet
04-04 18:59:01.636 D/RPC     ( 1574): read RPC packet size: [416]
04-04 18:59:01.636 V/locapi_rpc_glue( 1574): Callback received: 2 (cb_id=0x6260000 handle=1)
04-04 18:59:01.636 V/locapi_rpc_glue( 1574): +loc_api_callback_process_sync_call
04-04 18:59:01.636 V/locapi_rpc_glue( 1574): -loc_api_callback_process_sync_call, no sync call in use
04-04 18:59:01.636 D/lib_locapi( 1574): loc_eng_report_sv: valid_mask = 0x3f, num of sv = 8
04-04 18:59:01.636 D/RPC     ( 1574): written RPC packet size: [28]
04-04 18:59:01.636 D/RPC     ( 1574): read RPC packet
04-04 18:59:01.636 D/RPC     ( 1574): read RPC packet size: [208]
04-04 18:59:01.636 V/locapi_rpc_glue( 1574): Callback received: 1 (cb_id=0x6260000 handle=1)
04-04 18:59:01.636 V/locapi_rpc_glue( 1574): +loc_api_callback_process_sync_call
04-04 18:59:01.636 V/locapi_rpc_glue( 1574): -loc_api_callback_process_sync_call, no sync call in use
04-04 18:59:01.636 D/lib_locapi( 1574): loc_eng_report_position: valid mask = 0x69ffef, sess status = 0
04-04 18:59:01.646 D/RPC     ( 1574): written RPC packet size: [28]
04-04 18:59:01.646 D/RPC     ( 1574): read RPC packet
04-04 18:59:01.646 D/RPC     ( 1574): read RPC packet size: [80]
04-04 18:59:01.646 V/locapi_rpc_glue( 1574): Callback received: 100 (cb_id=0x6260000 handle=1)
04-04 18:59:01.646 V/locapi_rpc_glue( 1574): +loc_api_callback_process_sync_call
04-04 18:59:01.646 V/locapi_rpc_glue( 1574): -loc_api_callback_process_sync_call, no sync call in use
04-04 18:59:01.646 D/lib_locapi( 1574): [GPS:] loc_eng_report_status: GPS_STATUS_SESSION_END
04-04 18:59:01.646 D/RPC     ( 1574): written RPC packet size: [28]
04-04 18:59:01.656 D/AutoSetting( 3122): service - mLocationListener: onLocationChanged() location = Location[mProvider=gps,mTime=1396637941648,mInfo=-19.6625261333507.05944875,mAccuracy=7.0
04-04 18:59:01.656 D/AutoSetting( 3122): service - handleMessage() incoming message, what:1
04-04 18:59:01.656 D/AutoSetting( 3122): service - mLocationListener: onLocationChanged() location = Location[mProvider=gps,mTime=1396637941648,mInfo=-19.6625261333507.05944875,mAccuracy=7.0
04-04 18:59:01.656 D/AutoSetting( 3122): Util - no network available!
04-04 18:59:01.656 D/AutoSetting( 3122): service - handleMessage() not proceed
04-04 18:59:01.717 D/RPC     ( 1574): read RPC packet
04-04 18:59:01.717 D/RPC     ( 1574): read RPC packet size: [80]
04-04 18:59:01.717 V/locapi_rpc_glue( 1574): Callback received: 100 (cb_id=0x6260000 handle=1)
04-04 18:59:01.717 V/locapi_rpc_glue( 1574): +loc_api_callback_process_sync_call
04-04 18:59:01.717 V/locapi_rpc_glue( 1574): -loc_api_callback_process_sync_call, no sync call in use
04-04 18:59:01.717 D/lib_locapi( 1574): [GPS:] loc_eng_report_status: GPS_STATUS_SESSION_BEGIN
04-04 18:59:01.717 D/RPC     ( 1574): written RPC packet size: [28]
04-04 18:59:02.527 D/RPC     ( 1574): read RPC packet
04-04 18:59:02.527 D/RPC     ( 1574): read RPC packet size: [272]
04-04 18:59:02.537 V/locapi_rpc_glue( 1574): Callback received: 4 (cb_id=0x6260000 handle=1)
04-04 18:59:02.537 V/locapi_rpc_glue( 1574): +loc_api_callback_process_sync_call
04-04 18:59:02.537 V/locapi_rpc_glue( 1574): -loc_api_callback_process_sync_call, no sync call in use
04-04 18:59:02.537 D/RPC     ( 1574): written RPC packet size: [28]
04-04 18:59:02.537 D/RPC     ( 1574): read RPC packet
04-04 18:59:02.547 D/RPC     ( 1574): read RPC packet size: [272]
04-04 18:59:02.547 V/locapi_rpc_glue( 1574): Callback received: 4 (cb_id=0x6260000 handle=1)
04-04 18:59:02.547 V/locapi_rpc_glue( 1574): +loc_api_callback_process_sync_call
04-04 18:59:02.547 V/locapi_rpc_glue( 1574): -loc_api_callback_process_sync_call, no sync call in use
04-04 18:59:02.547 D/RPC     ( 1574): written RPC packet size: [28]
04-04 18:59:02.557 D/RPC     ( 1574): read RPC packet
04-04 18:59:02.557 D/RPC     ( 1574): read RPC packet size: [416]
04-04 18:59:02.557 V/locapi_rpc_glue( 1574): Callback received: 2 (cb_id=0x6260000 handle=1)
04-04 18:59:02.557 V/locapi_rpc_glue( 1574): +loc_api_callback_process_sync_call
04-04 18:59:02.567 V/locapi_rpc_glue( 1574): -loc_api_callback_process_sync_call, no sync call in use
04-04 18:59:02.567 D/lib_locapi( 1574): loc_eng_report_sv: valid_mask = 0x30, num of sv = 8
04-04 18:59:02.567 D/GpsLocationProvider( 1574): reportSvStatus
04-04 18:59:02.567 V/GpsLocationProvider( 1574): SV count: 8 ephemerisMask: 5108280a almanacMask: 5108280a
04-04 18:59:02.567 V/GpsLocationProvider( 1574): sv: 2 snr: 3.17 elev: 30.0 azimuth: 71.0 E AU
04-04 18:59:02.567 V/GpsLocationProvider( 1574): sv: 4 snr: 2.34 elev: 11.0 azimuth: 29.0 E AU
04-04 18:59:02.567 V/GpsLocationProvider( 1574): sv: 12 snr: 3.8799999 elev: 38.0 azimuth: 85.0 E AU
04-04 18:59:02.567 V/GpsLocationProvider( 1574): sv: 14 snr: 2.8899999 elev: 25.0 azimuth: 220.0 E AU
04-04 18:59:02.567 V/GpsLocationProvider( 1574): sv: 20 snr: 2.55 elev: 0.0 azimuth: 0.0 E AU
04-04 18:59:02.567 V/GpsLocationProvider( 1574): sv: 25 snr: 4.04 elev: 79.0 azimuth: 90.0 E AU
04-04 18:59:02.567 V/GpsLocationProvider( 1574): sv: 29 snr: 3.5900002 elev: 52.0 azimuth: 185.0 E AU
04-04 18:59:02.567 V/GpsLocationProvider( 1574): sv: 31 snr: 4.4700003 elev: 43.0 azimuth: 296.0 E AU
04-04 18:59:02.577 D/RPC     ( 1574): written RPC packet size: [28]
04-04 18:59:02.587 D/RPC     ( 1574): read RPC packet
04-04 18:59:02.587 D/RPC     ( 1574): read RPC packet size: [272]
04-04 18:59:02.587 V/locapi_rpc_glue( 1574): Callback received: 4 (cb_id=0x6260000 handle=1)
04-04 18:59:02.587 V/locapi_rpc_glue( 1574): +loc_api_callback_process_sync_call
04-04 18:59:02.587 V/locapi_rpc_glue( 1574): -loc_api_callback_process_sync_call, no sync call in use
04-04 18:59:02.587 D/RPC     ( 1574): written RPC packet size: [28]
04-04 18:59:02.587 D/RPC     ( 1574): read RPC packet
04-04 18:59:02.587 D/RPC     ( 1574): read RPC packet size: [272]
04-04 18:59:02.587 V/locapi_rpc_glue( 1574): Callback received: 4 (cb_id=0x6260000 handle=1)
04-04 18:59:02.597 V/locapi_rpc_glue( 1574): +loc_api_callback_process_sync_call
04-04 18:59:02.597 V/locapi_rpc_glue( 1574): -loc_api_callback_process_sync_call, no sync call in use
04-04 18:59:02.597 D/RPC     ( 1574): written RPC packet size: [28]
04-04 18:59:02.597 D/RPC     ( 1574): read RPC packet
04-04 18:59:02.597 D/RPC     ( 1574): read RPC packet size: [272]
04-04 18:59:02.597 V/locapi_rpc_glue( 1574): Callback received: 4 (cb_id=0x6260000 handle=1)
04-04 18:59:02.597 V/locapi_rpc_glue( 1574): +loc_api_callback_process_sync_call
04-04 18:59:02.597 V/locapi_rpc_glue( 1574): -loc_api_callback_process_sync_call, no sync call in use
04-04 18:59:02.597 D/RPC     ( 1574): written RPC packet size: [28]
04-04 18:59:02.597 D/RPC     ( 1574): read RPC packet
04-04 18:59:02.597 D/RPC     ( 1574): read RPC packet size: [272]
04-04 18:59:02.597 V/locapi_rpc_glue( 1574): Callback received: 4 (cb_id=0x6260000 handle=1)
04-04 18:59:02.607 V/locapi_rpc_glue( 1574): +loc_api_callback_process_sync_call
04-04 18:59:02.607 V/locapi_rpc_glue( 1574): -loc_api_callback_process_sync_call, no sync call in use
04-04 18:59:02.607 D/RPC     ( 1574): written RPC packet size: [28]
04-04 18:59:02.607 D/RPC     ( 1574): read RPC packet
04-04 18:59:02.607 D/RPC     ( 1574): read RPC packet size: [416]
04-04 18:59:02.607 V/locapi_rpc_glue( 1574): Callback received: 2 (cb_id=0x6260000 handle=1)
04-04 18:59:02.607 V/locapi_rpc_glue( 1574): +loc_api_callback_process_sync_call
04-04 18:59:02.607 V/locapi_rpc_glue( 1574): -loc_api_callback_process_sync_call, no sync call in use
04-04 18:59:02.607 D/lib_locapi( 1574): loc_eng_report_sv: valid_mask = 0x3f, num of sv = 8
04-04 18:59:02.607 D/RPC     ( 1574): written RPC packet size: [28]
04-04 18:59:02.607 D/RPC     ( 1574): read RPC packet
04-04 18:59:02.607 D/RPC     ( 1574): read RPC packet size: [208]
04-04 18:59:02.607 V/locapi_rpc_glue( 1574): Callback received: 1 (cb_id=0x6260000 handle=1)
04-04 18:59:02.607 V/locapi_rpc_glue( 1574): +loc_api_callback_process_sync_call
04-04 18:59:02.607 V/locapi_rpc_glue( 1574): -loc_api_callback_process_sync_call, no sync call in use
04-04 18:59:02.617 D/lib_locapi( 1574): loc_eng_report_position: valid mask = 0x69ffef, sess status = 0
04-04 18:59:02.617 D/RPC     ( 1574): written RPC packet size: [28]
04-04 18:59:02.617 D/RPC     ( 1574): read RPC packet
04-04 18:59:02.617 D/RPC     ( 1574): read RPC packet size: [80]
04-04 18:59:02.617 V/locapi_rpc_glue( 1574): Callback received: 100 (cb_id=0x6260000 handle=1)
04-04 18:59:02.617 V/locapi_rpc_glue( 1574): +loc_api_callback_process_sync_call
04-04 18:59:02.617 V/locapi_rpc_glue( 1574): -loc_api_callback_process_sync_call, no sync call in use
04-04 18:59:02.617 D/lib_locapi( 1574): [GPS:] loc_eng_report_status: GPS_STATUS_SESSION_END
04-04 18:59:02.617 D/RPC     ( 1574): written RPC packet size: [28]
04-04 18:59:02.627 D/AutoSetting( 3122): service - mLocationListener: onLocationChanged() location = Location[mProvider=gps,mTime=1396637942620,mInfo=-19.6623651333507.05945378999996,mAccuracy=7.0
04-04 18:59:02.627 D/AutoSetting( 3122): service - handleMessage() incoming message, what:1
04-04 18:59:02.627 D/AutoSetting( 3122): service - mLocationListener: onLocationChanged() location = Location[mProvider=gps,mTime=1396637942620,mInfo=-19.6623651333507.05945378999996,mAccuracy=7.0
04-04 18:59:02.627 D/AutoSetting( 3122): Util - no network available!
04-04 18:59:02.627 D/AutoSetting( 3122): service - handleMessage() not proceed
04-04 18:59:02.717 D/RPC     ( 1574): read RPC packet
04-04 18:59:02.717 D/RPC     ( 1574): read RPC packet size: [80]
04-04 18:59:02.717 V/locapi_rpc_glue( 1574): Callback received: 100 (cb_id=0x6260000 handle=1)
04-04 18:59:02.717 V/locapi_rpc_glue( 1574): +loc_api_callback_process_sync_call
04-04 18:59:02.717 V/locapi_rpc_glue( 1574): -loc_api_callback_process_sync_call, no sync call in use
04-04 18:59:02.717 D/lib_locapi( 1574): [GPS:] loc_eng_report_status: GPS_STATUS_SESSION_BEGIN
04-04 18:59:02.717 D/RPC     ( 1574): written RPC packet size: [28]
04-04 18:59:02.938 I/System.out( 3582): Location: -2.8089093 56.33993931 | GPSNavigator running:true
04-04 18:59:02.938 I/System.out( 3582): Battery level: 99 | Time difference: -1
04-04 18:59:03.528 D/RPC     ( 1574): read RPC packet
04-04 18:59:03.528 D/RPC     ( 1574): read RPC packet size: [272]
04-04 18:59:03.538 V/locapi_rpc_glue( 1574): Callback received: 4 (cb_id=0x6260000 handle=1)
04-04 18:59:03.538 V/locapi_rpc_glue( 1574): +loc_api_callback_process_sync_call
04-04 18:59:03.538 V/locapi_rpc_glue( 1574): -loc_api_callback_process_sync_call, no sync call in use
04-04 18:59:03.538 D/RPC     ( 1574): written RPC packet size: [28]
04-04 18:59:03.538 D/RPC     ( 1574): read RPC packet
04-04 18:59:03.548 D/RPC     ( 1574): read RPC packet size: [272]
04-04 18:59:03.548 V/locapi_rpc_glue( 1574): Callback received: 4 (cb_id=0x6260000 handle=1)
04-04 18:59:03.548 V/locapi_rpc_glue( 1574): +loc_api_callback_process_sync_call
04-04 18:59:03.548 V/locapi_rpc_glue( 1574): -loc_api_callback_process_sync_call, no sync call in use
04-04 18:59:03.548 D/RPC     ( 1574): written RPC packet size: [28]
04-04 18:59:03.558 D/RPC     ( 1574): read RPC packet
04-04 18:59:03.558 D/RPC     ( 1574): read RPC packet size: [416]
04-04 18:59:03.558 V/locapi_rpc_glue( 1574): Callback received: 2 (cb_id=0x6260000 handle=1)
04-04 18:59:03.558 V/locapi_rpc_glue( 1574): +loc_api_callback_process_sync_call
04-04 18:59:03.558 V/locapi_rpc_glue( 1574): -loc_api_callback_process_sync_call, no sync call in use
04-04 18:59:03.558 D/lib_locapi( 1574): loc_eng_report_sv: valid_mask = 0x30, num of sv = 8
04-04 18:59:03.558 D/GpsLocationProvider( 1574): reportSvStatus
04-04 18:59:03.568 V/GpsLocationProvider( 1574): SV count: 8 ephemerisMask: 5108280a almanacMask: 5108280a
04-04 18:59:03.568 V/GpsLocationProvider( 1574): sv: 2 snr: 3.02 elev: 30.0 azimuth: 71.0 E AU
04-04 18:59:03.568 V/GpsLocationProvider( 1574): sv: 4 snr: 2.1799998 elev: 11.0 azimuth: 29.0 E AU
04-04 18:59:03.568 V/GpsLocationProvider( 1574): sv: 12 snr: 3.7 elev: 38.0 azimuth: 85.0 E AU
04-04 18:59:03.568 V/GpsLocationProvider( 1574): sv: 14 snr: 3.0 elev: 25.0 azimuth: 220.0 E AU
04-04 18:59:03.568 V/GpsLocationProvider( 1574): sv: 20 snr: 2.26 elev: 0.0 azimuth: 0.0 E AU
04-04 18:59:03.568 V/GpsLocationProvider( 1574): sv: 25 snr: 4.05 elev: 79.0 azimuth: 90.0 E AU
04-04 18:59:03.568 V/GpsLocationProvider( 1574): sv: 29 snr: 3.23 elev: 52.0 azimuth: 185.0 E AU
04-04 18:59:03.568 V/GpsLocationProvider( 1574): sv: 31 snr: 4.5299997 elev: 43.0 azimuth: 296.0 E AU
04-04 18:59:03.578 D/RPC     ( 1574): written RPC packet size: [28]
04-04 18:59:03.588 D/RPC     ( 1574): read RPC packet
04-04 18:59:03.588 D/RPC     ( 1574): read RPC packet size: [272]
04-04 18:59:03.588 V/locapi_rpc_glue( 1574): Callback received: 4 (cb_id=0x6260000 handle=1)
04-04 18:59:03.588 V/locapi_rpc_glue( 1574): +loc_api_callback_process_sync_call
04-04 18:59:03.588 V/locapi_rpc_glue( 1574): -loc_api_callback_process_sync_call, no sync call in use
04-04 18:59:03.588 D/RPC     ( 1574): written RPC packet size: [28]
04-04 18:59:03.588 D/RPC     ( 1574): read RPC packet
04-04 18:59:03.588 D/RPC     ( 1574): read RPC packet size: [272]
04-04 18:59:03.588 V/locapi_rpc_glue( 1574): Callback received: 4 (cb_id=0x6260000 handle=1)
04-04 18:59:03.598 V/locapi_rpc_glue( 1574): +loc_api_callback_process_sync_call
04-04 18:59:03.598 V/locapi_rpc_glue( 1574): -loc_api_callback_process_sync_call, no sync call in use
04-04 18:59:03.598 D/RPC     ( 1574): written RPC packet size: [28]
04-04 18:59:03.598 D/RPC     ( 1574): read RPC packet
04-04 18:59:03.598 D/RPC     ( 1574): read RPC packet size: [272]
04-04 18:59:03.598 V/locapi_rpc_glue( 1574): Callback received: 4 (cb_id=0x6260000 handle=1)
04-04 18:59:03.598 V/locapi_rpc_glue( 1574): +loc_api_callback_process_sync_call
04-04 18:59:03.598 V/locapi_rpc_glue( 1574): -loc_api_callback_process_sync_call, no sync call in use
04-04 18:59:03.598 D/RPC     ( 1574): written RPC packet size: [28]
04-04 18:59:03.598 D/RPC     ( 1574): read RPC packet
04-04 18:59:03.598 D/RPC     ( 1574): read RPC packet size: [272]
04-04 18:59:03.598 V/locapi_rpc_glue( 1574): Callback received: 4 (cb_id=0x6260000 handle=1)
04-04 18:59:03.598 V/locapi_rpc_glue( 1574): +loc_api_callback_process_sync_call
04-04 18:59:03.598 V/locapi_rpc_glue( 1574): -loc_api_callback_process_sync_call, no sync call in use
04-04 18:59:03.608 D/RPC     ( 1574): written RPC packet size: [28]
04-04 18:59:03.608 D/RPC     ( 1574): read RPC packet
04-04 18:59:03.608 D/RPC     ( 1574): read RPC packet size: [416]
04-04 18:59:03.608 V/locapi_rpc_glue( 1574): Callback received: 2 (cb_id=0x6260000 handle=1)
04-04 18:59:03.608 V/locapi_rpc_glue( 1574): +loc_api_callback_process_sync_call
04-04 18:59:03.608 V/locapi_rpc_glue( 1574): -loc_api_callback_process_sync_call, no sync call in use
04-04 18:59:03.608 D/lib_locapi( 1574): loc_eng_report_sv: valid_mask = 0x3f, num of sv = 8
04-04 18:59:03.608 D/RPC     ( 1574): written RPC packet size: [28]
04-04 18:59:03.608 D/RPC     ( 1574): read RPC packet
04-04 18:59:03.608 D/RPC     ( 1574): read RPC packet size: [208]
04-04 18:59:03.608 V/locapi_rpc_glue( 1574): Callback received: 1 (cb_id=0x6260000 handle=1)
04-04 18:59:03.608 V/locapi_rpc_glue( 1574): +loc_api_callback_process_sync_call
04-04 18:59:03.608 V/locapi_rpc_glue( 1574): -loc_api_callback_process_sync_call, no sync call in use
04-04 18:59:03.618 D/lib_locapi( 1574): loc_eng_report_position: valid mask = 0x69ffef, sess status = 0
04-04 18:59:03.618 D/RPC     ( 1574): written RPC packet size: [28]
04-04 18:59:03.618 D/RPC     ( 1574): read RPC packet
04-04 18:59:03.618 D/RPC     ( 1574): read RPC packet size: [80]
04-04 18:59:03.618 V/locapi_rpc_glue( 1574): Callback received: 100 (cb_id=0x6260000 handle=1)
04-04 18:59:03.618 V/locapi_rpc_glue( 1574): +loc_api_callback_process_sync_call
04-04 18:59:03.618 V/locapi_rpc_glue( 1574): -loc_api_callback_process_sync_call, no sync call in use
04-04 18:59:03.618 D/lib_locapi( 1574): [GPS:] loc_eng_report_status: GPS_STATUS_SESSION_END
04-04 18:59:03.618 D/RPC     ( 1574): written RPC packet size: [28]
04-04 18:59:03.618 D/AutoSetting( 3122): service - mLocationListener: onLocationChanged() location = Location[mProvider=gps,mTime=1396637943620,mInfo=-19.6622454333507.05951211,mAccuracy=7.0
04-04 18:59:03.628 D/AutoSetting( 3122): service - handleMessage() incoming message, what:1
04-04 18:59:03.628 D/AutoSetting( 3122): service - mLocationListener: onLocationChanged() location = Location[mProvider=gps,mTime=1396637943620,mInfo=-19.6622454333507.05951211,mAccuracy=7.0
04-04 18:59:03.628 D/AutoSetting( 3122): Util - no network available!
04-04 18:59:03.628 D/AutoSetting( 3122): service - handleMessage() not proceed
04-04 18:59:03.718 D/RPC     ( 1574): read RPC packet
04-04 18:59:03.718 D/RPC     ( 1574): read RPC packet size: [80]
04-04 18:59:03.718 V/locapi_rpc_glue( 1574): Callback received: 100 (cb_id=0x6260000 handle=1)
04-04 18:59:03.718 V/locapi_rpc_glue( 1574): +loc_api_callback_process_sync_call
04-04 18:59:03.718 V/locapi_rpc_glue( 1574): -loc_api_callback_process_sync_call, no sync call in use
04-04 18:59:03.718 D/lib_locapi( 1574): [GPS:] loc_eng_report_status: GPS_STATUS_SESSION_BEGIN
04-04 18:59:03.718 D/RPC     ( 1574): written RPC packet size: [28]
04-04 18:59:04.529 D/RPC     ( 1574): read RPC packet
04-04 18:59:04.529 D/RPC     ( 1574): read RPC packet size: [272]
04-04 18:59:04.529 V/locapi_rpc_glue( 1574): Callback received: 4 (cb_id=0x6260000 handle=1)
04-04 18:59:04.539 V/locapi_rpc_glue( 1574): +loc_api_callback_process_sync_call
04-04 18:59:04.539 V/locapi_rpc_glue( 1574): -loc_api_callback_process_sync_call, no sync call in use
04-04 18:59:04.539 D/RPC     ( 1574): written RPC packet size: [28]
04-04 18:59:04.539 D/RPC     ( 1574): read RPC packet
04-04 18:59:04.549 D/RPC     ( 1574): read RPC packet size: [272]
04-04 18:59:04.549 V/locapi_rpc_glue( 1574): Callback received: 4 (cb_id=0x6260000 handle=1)
04-04 18:59:04.549 V/locapi_rpc_glue( 1574): +loc_api_callback_process_sync_call
04-04 18:59:04.549 V/locapi_rpc_glue( 1574): -loc_api_callback_process_sync_call, no sync call in use
04-04 18:59:04.549 D/RPC     ( 1574): written RPC packet size: [28]
04-04 18:59:04.559 D/RPC     ( 1574): read RPC packet
04-04 18:59:04.559 D/RPC     ( 1574): read RPC packet size: [416]
04-04 18:59:04.559 V/locapi_rpc_glue( 1574): Callback received: 2 (cb_id=0x6260000 handle=1)
04-04 18:59:04.559 V/locapi_rpc_glue( 1574): +loc_api_callback_process_sync_call
04-04 18:59:04.569 V/locapi_rpc_glue( 1574): -loc_api_callback_process_sync_call, no sync call in use
04-04 18:59:04.569 D/lib_locapi( 1574): loc_eng_report_sv: valid_mask = 0x30, num of sv = 8
04-04 18:59:04.569 D/GpsLocationProvider( 1574): reportSvStatus
04-04 18:59:04.569 V/GpsLocationProvider( 1574): SV count: 8 ephemerisMask: 5108280a almanacMask: 5108280a
04-04 18:59:04.579 V/GpsLocationProvider( 1574): sv: 2 snr: 3.4 elev: 30.0 azimuth: 71.0 E AU
04-04 18:59:04.579 V/GpsLocationProvider( 1574): sv: 4 snr: 2.05 elev: 11.0 azimuth: 29.0 E AU
04-04 18:59:04.579 V/GpsLocationProvider( 1574): sv: 12 snr: 3.52 elev: 38.0 azimuth: 85.0 E AU
04-04 18:59:04.579 D/RPC     ( 1574): written RPC packet size: [28]
04-04 18:59:04.589 V/GpsLocationProvider( 1574): sv: 14 snr: 3.2900002 elev: 25.0 azimuth: 220.0 E AU
04-04 18:59:04.589 V/GpsLocationProvider( 1574): sv: 20 snr: 2.27 elev: 0.0 azimuth: 0.0 E AU
04-04 18:59:04.589 V/GpsLocationProvider( 1574): sv: 25 snr: 3.8200002 elev: 79.0 azimuth: 90.0 E AU
04-04 18:59:04.589 V/GpsLocationProvider( 1574): sv: 29 snr: 3.6799998 elev: 52.0 azimuth: 185.0 E AU
04-04 18:59:04.589 V/GpsLocationProvider( 1574): sv: 31 snr: 4.5299997 elev: 43.0 azimuth: 296.0 E AU
04-04 18:59:04.589 D/RPC     ( 1574): read RPC packet
04-04 18:59:04.589 D/RPC     ( 1574): read RPC packet size: [272]
04-04 18:59:04.589 V/locapi_rpc_glue( 1574): Callback received: 4 (cb_id=0x6260000 handle=1)
04-04 18:59:04.589 V/locapi_rpc_glue( 1574): +loc_api_callback_process_sync_call
04-04 18:59:04.589 V/locapi_rpc_glue( 1574): -loc_api_callback_process_sync_call, no sync call in use
04-04 18:59:04.589 D/RPC     ( 1574): written RPC packet size: [28]
04-04 18:59:04.599 D/RPC     ( 1574): read RPC packet
04-04 18:59:04.599 D/RPC     ( 1574): read RPC packet size: [272]
04-04 18:59:04.599 V/locapi_rpc_glue( 1574): Callback received: 4 (cb_id=0x6260000 handle=1)
04-04 18:59:04.599 V/locapi_rpc_glue( 1574): +loc_api_callback_process_sync_call
04-04 18:59:04.599 V/locapi_rpc_glue( 1574): -loc_api_callback_process_sync_call, no sync call in use
04-04 18:59:04.599 D/RPC     ( 1574): written RPC packet size: [28]
04-04 18:59:04.599 D/RPC     ( 1574): read RPC packet
04-04 18:59:04.599 D/RPC     ( 1574): read RPC packet size: [272]
04-04 18:59:04.599 V/locapi_rpc_glue( 1574): Callback received: 4 (cb_id=0x6260000 handle=1)
04-04 18:59:04.599 V/locapi_rpc_glue( 1574): +loc_api_callback_process_sync_call
04-04 18:59:04.599 V/locapi_rpc_glue( 1574): -loc_api_callback_process_sync_call, no sync call in use
04-04 18:59:04.599 D/RPC     ( 1574): written RPC packet size: [28]
04-04 18:59:04.609 D/RPC     ( 1574): read RPC packet
04-04 18:59:04.609 D/RPC     ( 1574): read RPC packet size: [272]
04-04 18:59:04.609 V/locapi_rpc_glue( 1574): Callback received: 4 (cb_id=0x6260000 handle=1)
04-04 18:59:04.609 V/locapi_rpc_glue( 1574): +loc_api_callback_process_sync_call
04-04 18:59:04.609 V/locapi_rpc_glue( 1574): -loc_api_callback_process_sync_call, no sync call in use
04-04 18:59:04.609 D/RPC     ( 1574): written RPC packet size: [28]
04-04 18:59:04.609 D/RPC     ( 1574): read RPC packet
04-04 18:59:04.609 D/RPC     ( 1574): read RPC packet size: [416]
04-04 18:59:04.609 V/locapi_rpc_glue( 1574): Callback received: 2 (cb_id=0x6260000 handle=1)
04-04 18:59:04.609 V/locapi_rpc_glue( 1574): +loc_api_callback_process_sync_call
04-04 18:59:04.609 V/locapi_rpc_glue( 1574): -loc_api_callback_process_sync_call, no sync call in use
04-04 18:59:04.609 D/lib_locapi( 1574): loc_eng_report_sv: valid_mask = 0x3f, num of sv = 8
04-04 18:59:04.619 D/RPC     ( 1574): written RPC packet size: [28]
04-04 18:59:04.619 D/RPC     ( 1574): read RPC packet
04-04 18:59:04.619 D/RPC     ( 1574): read RPC packet size: [208]
04-04 18:59:04.619 V/locapi_rpc_glue( 1574): Callback received: 1 (cb_id=0x6260000 handle=1)
04-04 18:59:04.619 V/locapi_rpc_glue( 1574): +loc_api_callback_process_sync_call
04-04 18:59:04.619 V/locapi_rpc_glue( 1574): -loc_api_callback_process_sync_call, no sync call in use
04-04 18:59:04.619 D/lib_locapi( 1574): loc_eng_report_position: valid mask = 0x69ffef, sess status = 0
04-04 18:59:04.619 D/RPC     ( 1574): written RPC packet size: [28]
04-04 18:59:04.619 D/RPC     ( 1574): read RPC packet
04-04 18:59:04.619 D/RPC     ( 1574): read RPC packet size: [80]
04-04 18:59:04.629 V/locapi_rpc_glue( 1574): Callback received: 100 (cb_id=0x6260000 handle=1)
04-04 18:59:04.629 V/locapi_rpc_glue( 1574): +loc_api_callback_process_sync_call
04-04 18:59:04.629 V/locapi_rpc_glue( 1574): -loc_api_callback_process_sync_call, no sync call in use
04-04 18:59:04.629 D/lib_locapi( 1574): [GPS:] loc_eng_report_status: GPS_STATUS_SESSION_END
04-04 18:59:04.629 D/RPC     ( 1574): written RPC packet size: [28]
04-04 18:59:04.629 D/AutoSetting( 3122): service - mLocationListener: onLocationChanged() location = Location[mProvider=gps,mTime=1396637944625,mInfo=-19.662076419999998333507.05969885999997,mAccuracy=7.0
04-04 18:59:04.629 D/AutoSetting( 3122): service - handleMessage() incoming message, what:1
04-04 18:59:04.629 D/AutoSetting( 3122): service - mLocationListener: onLocationChanged() location = Location[mProvider=gps,mTime=1396637944625,mInfo=-19.662076419999998333507.05969885999997,mAccuracy=7.0
04-04 18:59:04.629 D/AutoSetting( 3122): Util - no network available!
04-04 18:59:04.639 D/AutoSetting( 3122): service - handleMessage() not proceed
04-04 18:59:04.719 D/RPC     ( 1574): read RPC packet
04-04 18:59:04.719 D/RPC     ( 1574): read RPC packet size: [80]
04-04 18:59:04.719 V/locapi_rpc_glue( 1574): Callback received: 100 (cb_id=0x6260000 handle=1)
04-04 18:59:04.719 V/locapi_rpc_glue( 1574): +loc_api_callback_process_sync_call
04-04 18:59:04.719 V/locapi_rpc_glue( 1574): -loc_api_callback_process_sync_call, no sync call in use
04-04 18:59:04.719 D/lib_locapi( 1574): [GPS:] loc_eng_report_status: GPS_STATUS_SESSION_BEGIN
04-04 18:59:04.729 D/RPC     ( 1574): written RPC packet size: [28]
04-04 18:59:05.530 D/RPC     ( 1574): read RPC packet
04-04 18:59:05.530 D/RPC     ( 1574): read RPC packet size: [272]
04-04 18:59:05.530 V/locapi_rpc_glue( 1574): Callback received: 4 (cb_id=0x6260000 handle=1)
04-04 18:59:05.530 V/locapi_rpc_glue( 1574): +loc_api_callback_process_sync_call
04-04 18:59:05.530 V/locapi_rpc_glue( 1574): -loc_api_callback_process_sync_call, no sync call in use
04-04 18:59:05.530 D/RPC     ( 1574): written RPC packet size: [28]
04-04 18:59:05.540 D/RPC     ( 1574): read RPC packet
04-04 18:59:05.540 D/RPC     ( 1574): read RPC packet size: [272]
04-04 18:59:05.540 V/locapi_rpc_glue( 1574): Callback received: 4 (cb_id=0x6260000 handle=1)
04-04 18:59:05.540 V/locapi_rpc_glue( 1574): +loc_api_callback_process_sync_call
04-04 18:59:05.550 V/locapi_rpc_glue( 1574): -loc_api_callback_process_sync_call, no sync call in use
04-04 18:59:05.550 D/RPC     ( 1574): written RPC packet size: [28]
04-04 18:59:05.550 D/RPC     ( 1574): read RPC packet
04-04 18:59:05.550 D/RPC     ( 1574): read RPC packet size: [416]
04-04 18:59:05.560 V/locapi_rpc_glue( 1574): Callback received: 2 (cb_id=0x6260000 handle=1)
04-04 18:59:05.560 V/locapi_rpc_glue( 1574): +loc_api_callback_process_sync_call
04-04 18:59:05.560 V/locapi_rpc_glue( 1574): -loc_api_callback_process_sync_call, no sync call in use
04-04 18:59:05.570 D/lib_locapi( 1574): loc_eng_report_sv: valid_mask = 0x30, num of sv = 8
04-04 18:59:05.570 D/GpsLocationProvider( 1574): reportSvStatus
04-04 18:59:05.570 V/GpsLocationProvider( 1574): SV count: 8 ephemerisMask: 5108280a almanacMask: 5108280a
04-04 18:59:05.570 V/GpsLocationProvider( 1574): sv: 2 snr: 3.4 elev: 30.0 azimuth: 71.0 E AU
04-04 18:59:05.570 V/GpsLocationProvider( 1574): sv: 4 snr: 2.2 elev: 11.0 azimuth: 29.0 E AU
04-04 18:59:05.570 V/GpsLocationProvider( 1574): sv: 12 snr: 3.33 elev: 38.0 azimuth: 85.0 E AU
04-04 18:59:05.570 V/GpsLocationProvider( 1574): sv: 14 snr: 3.1200001 elev: 25.0 azimuth: 220.0 E AU
04-04 18:59:05.570 V/GpsLocationProvider( 1574): sv: 20 snr: 1.8799999 elev: 0.0 azimuth: 0.0 E AU
04-04 18:59:05.570 V/GpsLocationProvider( 1574): sv: 25 snr: 4.04 elev: 79.0 azimuth: 90.0 E AU
04-04 18:59:05.570 V/GpsLocationProvider( 1574): sv: 29 snr: 3.4099998 elev: 52.0 azimuth: 185.0 E AU
04-04 18:59:05.570 V/GpsLocationProvider( 1574): sv: 31 snr: 4.46 elev: 43.0 azimuth: 296.0 E AU
04-04 18:59:05.580 D/RPC     ( 1574): written RPC packet size: [28]
04-04 18:59:05.590 D/RPC     ( 1574): read RPC packet
04-04 18:59:05.590 D/RPC     ( 1574): read RPC packet size: [272]
04-04 18:59:05.600 V/locapi_rpc_glue( 1574): Callback received: 4 (cb_id=0x6260000 handle=1)
04-04 18:59:05.600 V/locapi_rpc_glue( 1574): +loc_api_callback_process_sync_call
04-04 18:59:05.600 V/locapi_rpc_glue( 1574): -loc_api_callback_process_sync_call, no sync call in use
04-04 18:59:05.600 D/RPC     ( 1574): written RPC packet size: [28]
04-04 18:59:05.610 D/RPC     ( 1574): read RPC packet
04-04 18:59:05.610 D/RPC     ( 1574): read RPC packet size: [272]
04-04 18:59:05.610 V/locapi_rpc_glue( 1574): Callback received: 4 (cb_id=0x6260000 handle=1)
04-04 18:59:05.610 V/locapi_rpc_glue( 1574): +loc_api_callback_process_sync_call
04-04 18:59:05.610 V/locapi_rpc_glue( 1574): -loc_api_callback_process_sync_call, no sync call in use
04-04 18:59:05.620 D/RPC     ( 1574): written RPC packet size: [28]
04-04 18:59:05.620 D/RPC     ( 1574): read RPC packet
04-04 18:59:05.620 D/RPC     ( 1574): read RPC packet size: [272]
04-04 18:59:05.620 V/locapi_rpc_glue( 1574): Callback received: 4 (cb_id=0x6260000 handle=1)
04-04 18:59:05.630 V/locapi_rpc_glue( 1574): +loc_api_callback_process_sync_call
04-04 18:59:05.630 V/locapi_rpc_glue( 1574): -loc_api_callback_process_sync_call, no sync call in use
04-04 18:59:05.630 D/RPC     ( 1574): written RPC packet size: [28]
04-04 18:59:05.630 D/RPC     ( 1574): read RPC packet
04-04 18:59:05.630 D/RPC     ( 1574): read RPC packet size: [272]
04-04 18:59:05.630 V/locapi_rpc_glue( 1574): Callback received: 4 (cb_id=0x6260000 handle=1)
04-04 18:59:05.630 V/locapi_rpc_glue( 1574): +loc_api_callback_process_sync_call
04-04 18:59:05.630 V/locapi_rpc_glue( 1574): -loc_api_callback_process_sync_call, no sync call in use
04-04 18:59:05.630 D/RPC     ( 1574): written RPC packet size: [28]
04-04 18:59:05.640 D/RPC     ( 1574): read RPC packet
04-04 18:59:05.640 D/RPC     ( 1574): read RPC packet size: [416]
04-04 18:59:05.640 V/locapi_rpc_glue( 1574): Callback received: 2 (cb_id=0x6260000 handle=1)
04-04 18:59:05.640 V/locapi_rpc_glue( 1574): +loc_api_callback_process_sync_call
04-04 18:59:05.640 V/locapi_rpc_glue( 1574): -loc_api_callback_process_sync_call, no sync call in use
04-04 18:59:05.640 D/lib_locapi( 1574): loc_eng_report_sv: valid_mask = 0x3f, num of sv = 8
04-04 18:59:05.640 D/RPC     ( 1574): written RPC packet size: [28]
04-04 18:59:05.640 D/RPC     ( 1574): read RPC packet
04-04 18:59:05.650 D/RPC     ( 1574): read RPC packet size: [208]
04-04 18:59:05.650 V/locapi_rpc_glue( 1574): Callback received: 1 (cb_id=0x6260000 handle=1)
04-04 18:59:05.650 V/locapi_rpc_glue( 1574): +loc_api_callback_process_sync_call
04-04 18:59:05.650 V/locapi_rpc_glue( 1574): -loc_api_callback_process_sync_call, no sync call in use
04-04 18:59:05.650 D/lib_locapi( 1574): loc_eng_report_position: valid mask = 0x69ffef, sess status = 0
04-04 18:59:05.650 D/RPC     ( 1574): written RPC packet size: [28]
04-04 18:59:05.650 D/RPC     ( 1574): read RPC packet
04-04 18:59:05.650 D/RPC     ( 1574): read RPC packet size: [80]
04-04 18:59:05.650 V/locapi_rpc_glue( 1574): Callback received: 100 (cb_id=0x6260000 handle=1)
04-04 18:59:05.660 V/locapi_rpc_glue( 1574): +loc_api_callback_process_sync_call
04-04 18:59:05.660 V/locapi_rpc_glue( 1574): -loc_api_callback_process_sync_call, no sync call in use
04-04 18:59:05.660 D/lib_locapi( 1574): [GPS:] loc_eng_report_status: GPS_STATUS_SESSION_END
04-04 18:59:05.660 D/RPC     ( 1574): written RPC packet size: [28]
04-04 18:59:05.660 D/AutoSetting( 3122): service - mLocationListener: onLocationChanged() location = Location[mProvider=gps,mTime=1396637945663,mInfo=-19.66192963333507.05982152999997,mAccuracy=5.0
04-04 18:59:05.660 D/AutoSetting( 3122): service - handleMessage() incoming message, what:1
04-04 18:59:05.660 D/AutoSetting( 3122): service - mLocationListener: onLocationChanged() location = Location[mProvider=gps,mTime=1396637945663,mInfo=-19.66192963333507.05982152999997,mAccuracy=5.0
04-04 18:59:05.660 D/AutoSetting( 3122): Util - no network available!
04-04 18:59:05.660 D/AutoSetting( 3122): service - handleMessage() not proceed
04-04 18:59:05.720 D/RPC     ( 1574): read RPC packet
04-04 18:59:05.720 D/RPC     ( 1574): read RPC packet size: [80]
04-04 18:59:05.720 V/locapi_rpc_glue( 1574): Callback received: 100 (cb_id=0x6260000 handle=1)
04-04 18:59:05.720 V/locapi_rpc_glue( 1574): +loc_api_callback_process_sync_call
04-04 18:59:05.720 V/locapi_rpc_glue( 1574): -loc_api_callback_process_sync_call, no sync call in use
04-04 18:59:05.720 D/lib_locapi( 1574): [GPS:] loc_eng_report_status: GPS_STATUS_SESSION_BEGIN
04-04 18:59:05.720 D/RPC     ( 1574): written RPC packet size: [28]
04-04 18:59:05.941 I/System.out( 3582): Location: -2.80884709 56.33998017 | GPSNavigator running:true
04-04 18:59:05.941 I/System.out( 3582): Battery level: 99 | Time difference: -1
04-04 18:59:06.531 D/RPC     ( 1574): read RPC packet
04-04 18:59:06.531 D/RPC     ( 1574): read RPC packet size: [272]
04-04 18:59:06.531 V/locapi_rpc_glue( 1574): Callback received: 4 (cb_id=0x6260000 handle=1)
04-04 18:59:06.531 V/locapi_rpc_glue( 1574): +loc_api_callback_process_sync_call
04-04 18:59:06.531 V/locapi_rpc_glue( 1574): -loc_api_callback_process_sync_call, no sync call in use
04-04 18:59:06.531 D/RPC     ( 1574): written RPC packet size: [28]
04-04 18:59:06.541 D/RPC     ( 1574): read RPC packet
04-04 18:59:06.541 D/RPC     ( 1574): read RPC packet size: [272]
04-04 18:59:06.541 V/locapi_rpc_glue( 1574): Callback received: 4 (cb_id=0x6260000 handle=1)
04-04 18:59:06.551 V/locapi_rpc_glue( 1574): +loc_api_callback_process_sync_call
04-04 18:59:06.551 V/locapi_rpc_glue( 1574): -loc_api_callback_process_sync_call, no sync call in use
04-04 18:59:06.551 D/RPC     ( 1574): written RPC packet size: [28]
04-04 18:59:06.551 D/RPC     ( 1574): read RPC packet
04-04 18:59:06.561 D/RPC     ( 1574): read RPC packet size: [416]
04-04 18:59:06.561 V/locapi_rpc_glue( 1574): Callback received: 2 (cb_id=0x6260000 handle=1)
04-04 18:59:06.561 V/locapi_rpc_glue( 1574): +loc_api_callback_process_sync_call
04-04 18:59:06.571 V/locapi_rpc_glue( 1574): -loc_api_callback_process_sync_call, no sync call in use
04-04 18:59:06.571 D/lib_locapi( 1574): loc_eng_report_sv: valid_mask = 0x30, num of sv = 8
04-04 18:59:06.571 D/GpsLocationProvider( 1574): reportSvStatus
04-04 18:59:06.571 V/GpsLocationProvider( 1574): SV count: 8 ephemerisMask: 5108280a almanacMask: 5108280a
04-04 18:59:06.571 V/GpsLocationProvider( 1574): sv: 2 snr: 3.47 elev: 30.0 azimuth: 71.0 E AU
04-04 18:59:06.571 V/GpsLocationProvider( 1574): sv: 4 snr: 1.9799999 elev: 11.0 azimuth: 29.0 E AU
04-04 18:59:06.571 V/GpsLocationProvider( 1574): sv: 12 snr: 3.3700001 elev: 38.0 azimuth: 85.0 E AU
04-04 18:59:06.571 V/GpsLocationProvider( 1574): sv: 14 snr: 3.22 elev: 25.0 azimuth: 220.0 E AU
04-04 18:59:06.571 V/GpsLocationProvider( 1574): sv: 20 snr: 1.8799999 elev: 0.0 azimuth: 0.0 E AU
04-04 18:59:06.571 V/GpsLocationProvider( 1574): sv: 25 snr: 3.92 elev: 79.0 azimuth: 90.0 E AU
04-04 18:59:06.571 V/GpsLocationProvider( 1574): sv: 29 snr: 3.48 elev: 52.0 azimuth: 185.0 E AU
04-04 18:59:06.571 V/GpsLocationProvider( 1574): sv: 31 snr: 4.4900002 elev: 43.0 azimuth: 296.0 E AU
04-04 18:59:06.591 D/RPC     ( 1574): written RPC packet size: [28]
04-04 18:59:06.601 D/RPC     ( 1574): read RPC packet
04-04 18:59:06.601 D/RPC     ( 1574): read RPC packet size: [272]
04-04 18:59:06.601 V/locapi_rpc_glue( 1574): Callback received: 4 (cb_id=0x6260000 handle=1)
04-04 18:59:06.601 V/locapi_rpc_glue( 1574): +loc_api_callback_process_sync_call
04-04 18:59:06.611 V/locapi_rpc_glue( 1574): -loc_api_callback_process_sync_call, no sync call in use
04-04 18:59:06.611 D/RPC     ( 1574): written RPC packet size: [28]
04-04 18:59:06.611 D/RPC     ( 1574): read RPC packet
04-04 18:59:06.611 D/RPC     ( 1574): read RPC packet size: [272]
04-04 18:59:06.621 V/locapi_rpc_glue( 1574): Callback received: 4 (cb_id=0x6260000 handle=1)
04-04 18:59:06.621 V/locapi_rpc_glue( 1574): +loc_api_callback_process_sync_call
04-04 18:59:06.621 V/locapi_rpc_glue( 1574): -loc_api_callback_process_sync_call, no sync call in use
04-04 18:59:06.621 D/RPC     ( 1574): written RPC packet size: [28]
04-04 18:59:06.631 D/RPC     ( 1574): read RPC packet
04-04 18:59:06.631 D/RPC     ( 1574): read RPC packet size: [272]
04-04 18:59:06.631 V/locapi_rpc_glue( 1574): Callback received: 4 (cb_id=0x6260000 handle=1)
04-04 18:59:06.631 V/locapi_rpc_glue( 1574): +loc_api_callback_process_sync_call
04-04 18:59:06.631 V/locapi_rpc_glue( 1574): -loc_api_callback_process_sync_call, no sync call in use
04-04 18:59:06.631 D/RPC     ( 1574): written RPC packet size: [28]
04-04 18:59:06.631 D/RPC     ( 1574): read RPC packet
04-04 18:59:06.631 D/RPC     ( 1574): read RPC packet size: [272]
04-04 18:59:06.631 V/locapi_rpc_glue( 1574): Callback received: 4 (cb_id=0x6260000 handle=1)
04-04 18:59:06.631 V/locapi_rpc_glue( 1574): +loc_api_callback_process_sync_call
04-04 18:59:06.641 V/locapi_rpc_glue( 1574): -loc_api_callback_process_sync_call, no sync call in use
04-04 18:59:06.641 D/RPC     ( 1574): written RPC packet size: [28]
04-04 18:59:06.641 D/RPC     ( 1574): read RPC packet
04-04 18:59:06.641 D/RPC     ( 1574): read RPC packet size: [416]
04-04 18:59:06.641 V/locapi_rpc_glue( 1574): Callback received: 2 (cb_id=0x6260000 handle=1)
04-04 18:59:06.641 V/locapi_rpc_glue( 1574): +loc_api_callback_process_sync_call
04-04 18:59:06.641 V/locapi_rpc_glue( 1574): -loc_api_callback_process_sync_call, no sync call in use
04-04 18:59:06.641 D/lib_locapi( 1574): loc_eng_report_sv: valid_mask = 0x3f, num of sv = 8
04-04 18:59:06.641 D/RPC     ( 1574): written RPC packet size: [28]
04-04 18:59:06.641 D/RPC     ( 1574): read RPC packet
04-04 18:59:06.651 D/RPC     ( 1574): read RPC packet size: [208]
04-04 18:59:06.661 V/locapi_rpc_glue( 1574): Callback received: 1 (cb_id=0x6260000 handle=1)
04-04 18:59:06.661 V/locapi_rpc_glue( 1574): +loc_api_callback_process_sync_call
04-04 18:59:06.661 V/locapi_rpc_glue( 1574): -loc_api_callback_process_sync_call, no sync call in use
04-04 18:59:06.661 D/lib_locapi( 1574): loc_eng_report_position: valid mask = 0x69ffef, sess status = 0
04-04 18:59:06.661 D/RPC     ( 1574): written RPC packet size: [28]
04-04 18:59:06.661 D/RPC     ( 1574): read RPC packet
04-04 18:59:06.671 D/RPC     ( 1574): read RPC packet size: [80]
04-04 18:59:06.671 V/locapi_rpc_glue( 1574): Callback received: 100 (cb_id=0x6260000 handle=1)
04-04 18:59:06.671 V/locapi_rpc_glue( 1574): +loc_api_callback_process_sync_call
04-04 18:59:06.671 V/locapi_rpc_glue( 1574): -loc_api_callback_process_sync_call, no sync call in use
04-04 18:59:06.671 D/lib_locapi( 1574): [GPS:] loc_eng_report_status: GPS_STATUS_SESSION_END
04-04 18:59:06.671 D/RPC     ( 1574): written RPC packet size: [28]
04-04 18:59:06.671 D/AutoSetting( 3122): service - mLocationListener: onLocationChanged() location = Location[mProvider=gps,mTime=1396637946674,mInfo=-19.66178256333507.0599991,mAccuracy=4.0
04-04 18:59:06.671 D/AutoSetting( 3122): service - handleMessage() incoming message, what:1
04-04 18:59:06.671 D/AutoSetting( 3122): service - mLocationListener: onLocationChanged() location = Location[mProvider=gps,mTime=1396637946674,mInfo=-19.66178256333507.0599991,mAccuracy=4.0
04-04 18:59:06.671 D/AutoSetting( 3122): Util - no network available!
04-04 18:59:06.671 D/AutoSetting( 3122): service - handleMessage() not proceed
04-04 18:59:06.721 D/RPC     ( 1574): read RPC packet
04-04 18:59:06.721 D/RPC     ( 1574): read RPC packet size: [80]
04-04 18:59:06.721 V/locapi_rpc_glue( 1574): Callback received: 100 (cb_id=0x6260000 handle=1)
04-04 18:59:06.721 V/locapi_rpc_glue( 1574): +loc_api_callback_process_sync_call
04-04 18:59:06.721 V/locapi_rpc_glue( 1574): -loc_api_callback_process_sync_call, no sync call in use
04-04 18:59:06.721 D/lib_locapi( 1574): [GPS:] loc_eng_report_status: GPS_STATUS_SESSION_BEGIN
04-04 18:59:06.721 D/RPC     ( 1574): written RPC packet size: [28]
04-04 18:59:07.532 D/RPC     ( 1574): read RPC packet
04-04 18:59:07.532 D/RPC     ( 1574): read RPC packet size: [272]
04-04 18:59:07.532 V/locapi_rpc_glue( 1574): Callback received: 4 (cb_id=0x6260000 handle=1)
04-04 18:59:07.532 V/locapi_rpc_glue( 1574): +loc_api_callback_process_sync_call
04-04 18:59:07.532 V/locapi_rpc_glue( 1574): -loc_api_callback_process_sync_call, no sync call in use
04-04 18:59:07.542 D/RPC     ( 1574): written RPC packet size: [28]
04-04 18:59:07.542 D/RPC     ( 1574): read RPC packet
04-04 18:59:07.542 D/RPC     ( 1574): read RPC packet size: [272]
04-04 18:59:07.542 V/locapi_rpc_glue( 1574): Callback received: 4 (cb_id=0x6260000 handle=1)
04-04 18:59:07.552 V/locapi_rpc_glue( 1574): +loc_api_callback_process_sync_call
04-04 18:59:07.552 V/locapi_rpc_glue( 1574): -loc_api_callback_process_sync_call, no sync call in use
04-04 18:59:07.552 D/RPC     ( 1574): written RPC packet size: [28]
04-04 18:59:07.562 D/RPC     ( 1574): read RPC packet
04-04 18:59:07.562 D/RPC     ( 1574): read RPC packet size: [416]
04-04 18:59:07.562 V/locapi_rpc_glue( 1574): Callback received: 2 (cb_id=0x6260000 handle=1)
04-04 18:59:07.572 V/locapi_rpc_glue( 1574): +loc_api_callback_process_sync_call
04-04 18:59:07.572 V/locapi_rpc_glue( 1574): -loc_api_callback_process_sync_call, no sync call in use
04-04 18:59:07.572 D/lib_locapi( 1574): loc_eng_report_sv: valid_mask = 0x30, num of sv = 8
04-04 18:59:07.572 D/GpsLocationProvider( 1574): reportSvStatus
04-04 18:59:07.572 V/GpsLocationProvider( 1574): SV count: 8 ephemerisMask: 5108280a almanacMask: 5108280a
04-04 18:59:07.572 V/GpsLocationProvider( 1574): sv: 2 snr: 3.28 elev: 30.0 azimuth: 71.0 E AU
04-04 18:59:07.572 V/GpsLocationProvider( 1574): sv: 4 snr: 1.79 elev: 11.0 azimuth: 29.0 E AU
04-04 18:59:07.572 V/GpsLocationProvider( 1574): sv: 12 snr: 3.36 elev: 38.0 azimuth: 85.0 E AU
04-04 18:59:07.572 V/GpsLocationProvider( 1574): sv: 14 snr: 3.2599998 elev: 25.0 azimuth: 220.0 E AU
04-04 18:59:07.572 V/GpsLocationProvider( 1574): sv: 20 snr: 1.72 elev: 0.0 azimuth: 0.0 E AU
04-04 18:59:07.572 V/GpsLocationProvider( 1574): sv: 25 snr: 4.0099998 elev: 79.0 azimuth: 90.0 E AU
04-04 18:59:07.572 V/GpsLocationProvider( 1574): sv: 29 snr: 3.3200002 elev: 52.0 azimuth: 185.0 E AU
04-04 18:59:07.592 D/RPC     ( 1574): written RPC packet size: [28]
04-04 18:59:07.592 V/GpsLocationProvider( 1574): sv: 31 snr: 4.45 elev: 43.0 azimuth: 296.0 E AU
04-04 18:59:07.592 D/RPC     ( 1574): read RPC packet
04-04 18:59:07.592 D/RPC     ( 1574): read RPC packet size: [272]
04-04 18:59:07.592 V/locapi_rpc_glue( 1574): Callback received: 4 (cb_id=0x6260000 handle=1)
04-04 18:59:07.592 V/locapi_rpc_glue( 1574): +loc_api_callback_process_sync_call
04-04 18:59:07.592 V/locapi_rpc_glue( 1574): -loc_api_callback_process_sync_call, no sync call in use
04-04 18:59:07.592 D/RPC     ( 1574): written RPC packet size: [28]
04-04 18:59:07.602 D/RPC     ( 1574): read RPC packet
04-04 18:59:07.602 D/RPC     ( 1574): read RPC packet size: [272]
04-04 18:59:07.602 V/locapi_rpc_glue( 1574): Callback received: 4 (cb_id=0x6260000 handle=1)
04-04 18:59:07.602 V/locapi_rpc_glue( 1574): +loc_api_callback_process_sync_call
04-04 18:59:07.602 V/locapi_rpc_glue( 1574): -loc_api_callback_process_sync_call, no sync call in use
04-04 18:59:07.602 D/RPC     ( 1574): written RPC packet size: [28]
04-04 18:59:07.602 D/RPC     ( 1574): read RPC packet
04-04 18:59:07.602 D/RPC     ( 1574): read RPC packet size: [272]
04-04 18:59:07.602 V/locapi_rpc_glue( 1574): Callback received: 4 (cb_id=0x6260000 handle=1)
04-04 18:59:07.602 V/locapi_rpc_glue( 1574): +loc_api_callback_process_sync_call
