--------- beginning of /dev/log/main
04-04 20:39:02.882 D/SurfaceFlinger( 1438): virtual void android::Layer::onRemoved(): lcblk (identity=14, status=0, token=1)
04-04 20:39:05.084 D/dalvikvm( 1779): GC_EXPLICIT freed 123K, 7% free 6848K/7303K, paused 1ms+1ms
04-04 20:39:10.149 D/dalvikvm( 1901): GC_EXPLICIT freed 35K, 5% free 6476K/6787K, paused 5ms+1ms
04-04 20:39:15.144 D/dalvikvm( 1748): GC_EXPLICIT freed 60K, 7% free 7365K/7879K, paused 5ms+1ms
04-04 20:39:17.035 I/power   ( 1574): *** set_screen_state 0
04-04 20:39:17.035 D/PowerManagerService( 1574): setScreenStateLocked++, on: false, err: 0
04-04 20:39:17.035 D/PowerManagerService( 1574): setScreenStateLocked, turn off the button light 
04-04 20:39:17.045 D/lights  ( 1574): set_light_buttons_func: on=0 brightness=0
04-04 20:39:17.055 D/lights  ( 1574): set_rotated_rgb_led: on=0 brightness=0
04-04 20:39:17.055 D/lights  ( 1574): [LedInfo] write attr ok name=/sys/class/leds/amber-portrait/brightness string=0,len=1
04-04 20:39:17.055 D/lights  ( 1574): set_rotated_rgb_led: on=0 brightness=0
04-04 20:39:17.055 D/lights  ( 1574): [LedInfo] write attr ok name=/sys/class/leds/green-portrait/brightness string=0,len=1
04-04 20:39:17.055 D/lights  ( 1574): set_rotated_rgb_led: on=0 brightness=0
04-04 20:39:17.055 E/lights  ( 1574): [LedErr] open attr failed name=/sys/class/leds/blue-portrait/brightness errno: 2
04-04 20:39:17.065 V/KeyguardViewMediator( 1574): password timeout now
04-04 20:39:17.065 D/HtcLockScreen( 1574): createPatternUnlockScreen() ...
04-04 20:39:17.075 D/HtcLockScreen( 1574): packageInfo - PackageInfo{41144340 com.htc.lockscreen}
04-04 20:39:17.075 D/Sensors ( 1574): Enable akm: en = 0
04-04 20:39:17.216 D/dalvikvm( 1574): GC_FOR_ALLOC freed 1834K, 13% free 15816K/17991K, paused 104ms
04-04 20:39:17.256 D/HostWidgetManager( 1685): pauseWidgets: 2
04-04 20:39:17.276 D/PhoneWindow( 1685): couldn't save which view has focus because the focused view android.widget.RelativeLayout@407c7b90 has no id.
--------- beginning of /dev/log/system
04-04 20:39:17.276 D/AlarmManager( 1574): ACTION_SCREEN_OFF
04-04 20:39:17.286 D/UsbnetService( 1574): BroadcastReceiver::onReceive+
04-04 20:39:17.286 D/UsbnetService( 1574): onReceive SCREEN_OFF
04-04 20:39:17.296 D/SurfaceFlinger( 1438): About to give-up screen, flinger = 0xa830
04-04 20:39:17.296 W/msm7x30.hwcomposer( 1438): hwc_set invalid context or list
04-04 20:39:17.296 D/msm7x30.hwcomposer( 1438): HWC called FB enableHDMIOutput(0)
04-04 20:39:17.306 D/RemoveMe( 1672): DCT got intent android.intent.action.SCREEN_OFF
04-04 20:39:17.306 D/DataConnectionTracker( 1672): power saving case 6
04-04 20:39:17.306 D/DataConnectionTracker( 1672): power saving case 6
04-04 20:39:17.306 D/ConnectivityService( 1574): getMobileDataEnabled returning false
04-04 20:39:17.306 D/ConnectivityService( 1574): getMobileDataEnabled returning false
04-04 20:39:17.316 D/RemoveMe( 1672): DCT got intent android.intent.action.SCREEN_OFF
04-04 20:39:17.316 D/RemoveMe( 1672): DCT got intent android.intent.action.SCREEN_OFF
04-04 20:39:17.326 D/AutoSetting( 1779): service - mHandler: cancel location update
04-04 20:39:17.336 D/AutoSetting( 1779): service -           changes count: 0
04-04 20:39:17.336 I/TabletStatusBar( 1650): DISABLE_CLOCK: yes
04-04 20:39:17.336 I/TabletStatusBar( 1650): DISABLE_EXPAND: yes
04-04 20:39:17.336 I/TabletStatusBar( 1650): DISABLE_NAVIGATION: yes
04-04 20:39:17.376 D/SurfaceFlinger( 1438): getTokenForSurface(0xa3694) => 0 (client=0xa25d8, bitmap=00000003), pid=1574
04-04 20:39:17.376 D/msm7x30.gralloc( 1438): gpu_context_t::getGrallocInformationFromFormat  1 
04-04 20:39:17.396 D/AK8975  ( 1448): Compass CLOSE 
04-04 20:39:17.396 D/ContactMessageStore( 1672): start background delete task...
04-04 20:39:17.396 I/TabletStatusBar( 1650): DISABLE_BACK: yes
04-04 20:39:17.456 D/dalvikvm( 1697): GC_EXPLICIT freed 7K, 9% free 7012K/7623K, paused 1ms+1ms
04-04 20:39:17.506 D/dalvikvm( 1697): GC_EXPLICIT freed 2K, 9% free 7012K/7623K, paused 1ms+6ms
04-04 20:39:17.566 D/ContactMessageStore( 1672): size: 0 , 0
04-04 20:39:17.576 D/SurfaceFlinger( 1438): getTokenForSurface(0xa3af4) => 0 (client=0xa93c0, bitmap=00000001), pid=1697
04-04 20:39:17.586 D/msm7x30.gralloc( 1438): gpu_context_t::getGrallocInformationFromFormat  1 
04-04 20:39:17.596 D/IdleScreen_base( 1697): onRingUnlockEnd
04-04 20:39:17.606 D/ContactMessageStore( 1672): Background delete complete
04-04 20:39:17.636 D/msm7x30.gralloc( 1438): gpu_context_t::getGrallocInformationFromFormat  1 
04-04 20:39:20.599 D/UsbnetService( 1574): BroadcastReceiver::onReceive+
04-04 20:39:20.599 D/UsbnetService( 1574): onReceive BATTERY_CHANGED
04-04 20:39:20.599 D/UsbnetService( 1574):  --> pluggedType = 2, mPluggedType = 0, mScreenOff = true
04-04 20:39:20.599 D/UsbnetService( 1574): BroadcastReceiver::onReceive-
04-04 20:39:20.599 D/NotificationService( 1574): mIntentReceiver() Intent.ACTION_BATTERY_CHANGED
04-04 20:39:20.609 D/BatteryService( 1574): SendIntentforPowersaver
04-04 20:39:20.609 D/BatteryService( 1574): Current powersaver status == NORMAL_STATUS1 2 2 false
04-04 20:39:20.629 D/PowerUI ( 1650): closing low battery warning: level=99
04-04 20:39:20.629 D/RemoveMe( 1672): DCT got intent android.intent.action.BATTERY_CHANGED
04-04 20:39:20.629 D/RemoveMe( 1672): DCT got intent android.intent.action.BATTERY_CHANGED
04-04 20:39:20.629 D/RemoveMe( 1672): DCT got intent android.intent.action.BATTERY_CHANGED
04-04 20:39:20.629 D/PowerUI ( 1650): plugged = true, health = 2, mBatteryLevel = 99, mPluggedBatteryLevel = 97, mLowBatteryWarningLevel2 = 25, mshowLowChargingWarning2 = true
04-04 20:39:23.181 D/AndroidRuntime( 2573): 
04-04 20:39:23.181 D/AndroidRuntime( 2573): >>>>>> AndroidRuntime START com.android.internal.os.RuntimeInit <<<<<<
04-04 20:39:23.181 D/AndroidRuntime( 2573): CheckJNI is OFF
04-04 20:39:23.271 D/CursorWindowStats( 2573): Get CursorWindow size from framework resource:4194304
04-04 20:39:23.311 D/AndroidRuntime( 2573): Calling main entry com.android.commands.pm.Pm
04-04 20:39:23.331 I/ActivityManager( 1574): Start proc com.android.defcontainer for service com.android.defcontainer/.DefaultContainerService: pid=2581 uid=10087 gids={1015, 2001}
04-04 20:39:23.362 D/dalvikvm( 1439): GC_EXPLICIT freed 12K, 5% free 6453K/6787K, paused 1ms+1ms
04-04 20:39:23.392 D/dalvikvm( 1439): GC_EXPLICIT freed <1K, 5% free 6453K/6787K, paused 1ms+1ms
04-04 20:39:23.422 D/dalvikvm( 1439): GC_EXPLICIT freed <1K, 5% free 6453K/6787K, paused 1ms+1ms
04-04 20:39:23.442 D/dalvikvm( 2581): GC_EXPLICIT freed 44K, 5% free 6458K/6787K, paused 1ms+2ms
04-04 20:39:23.752 W/ActivityManager( 1574): No content provider found for: 
04-04 20:39:23.762 D/PackageParser( 1574): Scanning package: /data/app/vmdl-1904691024.tmp
04-04 20:39:23.762 W/ActivityManager( 1574): No content provider found for: 
04-04 20:39:23.762 I/ActivityManager( 1574): No longer want com.htc.recommend (pid 2364): hidden #16
04-04 20:39:23.772 D/Launcher.Model( 1685): updateAppUsageStatCache +
04-04 20:39:23.782 D/Launcher.Model( 1685): updateAppUsageStatCache - diff: 2
04-04 20:39:23.792 D/PREF    ( 1685): setWidgetTilt .FriendStreamLarge2Widget : 15
04-04 20:39:23.802 D/HostWidgetManager( 1685): onResumeInKeyguard: 2
04-04 20:39:23.802 D/FxWorkspace( 1685): prepareUnlockAnimation
04-04 20:39:23.802 D/FxWorkspaceClient( 1685): showAllScreens()
04-04 20:39:23.802 D/FxWorkspaceClient( 1685): freezeAllScreens
04-04 20:39:23.802 D/UnlockAnimator( 1685): setFrame: unlock_to_03
04-04 20:39:23.812 D/Rotate.Performance( 1685): FxWorkspace.show()
04-04 20:39:23.822 D/HostWidgetManager( 1685): pauseWidgets: 2
04-04 20:39:23.832 D/PhoneWindow( 1685): couldn't save which view has focus because the focused view android.widget.RelativeLayout@407c7b90 has no id.
04-04 20:39:23.902 I/PackageManager( 1574): Removing non-system package:uk.ac.st_andrews.cs.host.mk74.locygpslocalization
04-04 20:39:23.902 I/ActivityManager( 1574): Force stopping package uk.ac.st_andrews.cs.host.mk74.locygpslocalization uid=10115
04-04 20:39:23.912 D/Launcher.Model( 1685): updateAppUsageStatCache +
04-04 20:39:23.912 D/Launcher.Model( 1685): updateAppUsageStatCache - diff: 1
04-04 20:39:23.932 D/HostWidgetManager( 1685): onResumeInKeyguard: 2
04-04 20:39:23.932 D/FxWorkspace( 1685): prepareUnlockAnimation
04-04 20:39:23.932 D/FxWorkspaceClient( 1685): showAllScreens()
04-04 20:39:23.932 D/FxWorkspaceClient( 1685): freezeAllScreens
04-04 20:39:23.932 D/UnlockAnimator( 1685): setFrame: unlock_to_03
04-04 20:39:23.932 D/Rotate.Performance( 1685): FxWorkspace.show()
04-04 20:39:24.252 D/KeyguardViewMediator( 1574): wakeWhenReadyLocked(26)
04-04 20:39:24.252 I/power   ( 1574): *** set_screen_state 1
04-04 20:39:24.252 D/PowerManagerService( 1574): setScreenStateLocked++, on: true, err: 0
04-04 20:39:24.252 D/lights  ( 1574): set_light_buttons_func: on=16777215 brightness=255
04-04 20:39:24.252 D/lights  ( 1574): set_rotated_rgb_led: on=0 brightness=0
04-04 20:39:24.252 D/lights  ( 1574): [LedInfo] write attr ok name=/sys/class/leds/amber-portrait/brightness string=0,len=1
04-04 20:39:24.252 D/lights  ( 1574): set_rotated_rgb_led: on=1 brightness=255
04-04 20:39:24.252 D/PowerManagerService( 1574): button light setOrientation:-1
04-04 20:39:24.252 D/PowerManagerService( 1574): setPenMenuButtonLed: 2
04-04 20:39:24.252 D/PowerManagerService( 1574): Set pen menu button led (amber, green, blue) = 0, -1, 0), portrait = true
04-04 20:39:24.262 D/lights  ( 1574): [LedInfo] write attr ok name=/sys/class/leds/green-portrait/brightness string=255,len=3
04-04 20:39:24.262 D/lights  ( 1574): set_rotated_rgb_led: on=0 brightness=0
04-04 20:39:24.262 E/lights  ( 1574): [LedErr] open attr failed name=/sys/class/leds/blue-portrait/brightness errno: 2
04-04 20:39:24.262 D/Sensors ( 1574): Enable akm: en = 1
04-04 20:39:24.272 D/AK8975  ( 1448): Compass Start
04-04 20:39:24.302 D/SurfaceFlinger( 1438): Screen about to return, flinger = 0xa830
04-04 20:39:24.302 D/msm7x30.hwcomposer( 1438): HWC called FB enableHDMIOutput(0)
04-04 20:39:24.403 D/PackageManager( 1574): Scanning package uk.ac.st_andrews.cs.host.mk74.locygpslocalization
04-04 20:39:24.403 D/HostWidgetManager( 1685): pauseWidgets: 2
04-04 20:39:24.413 D/AlarmManager( 1574): ACTION_SCREEN_ON
04-04 20:39:24.423 D/UsbnetService( 1574): BroadcastReceiver::onReceive+
04-04 20:39:24.423 D/UsbnetService( 1574): onReceive SCREEN_ON
04-04 20:39:24.423 D/UsbnetService( 1574): BroadcastReceiver::onReceive-
04-04 20:39:24.453 D/Launcher.Model( 1685): updateAppUsageStatCache +
04-04 20:39:24.453 D/Launcher.Model( 1685): updateAppUsageStatCache - diff: 4
04-04 20:39:24.473 D/HostWidgetManager( 1685): onResumeInKeyguard: 2
04-04 20:39:24.473 D/FxWorkspace( 1685): prepareUnlockAnimation
04-04 20:39:24.473 D/FxWorkspaceClient( 1685): showAllScreens()
04-04 20:39:24.473 D/FxWorkspaceClient( 1685): freezeAllScreens
04-04 20:39:24.473 D/UnlockAnimator( 1685): setFrame: unlock_to_03
04-04 20:39:24.473 D/Rotate.Performance( 1685): FxWorkspace.show()
04-04 20:39:24.483 I/PackageManager( 1574): Package uk.ac.st_andrews.cs.host.mk74.locygpslocalization codePath changed from /data/app/uk.ac.st_andrews.cs.host.mk74.locygpslocalization-1.apk to /data/app/uk.ac.st_andrews.cs.host.mk74.locygpslocalization-2.apk; Retaining data and using new
04-04 20:39:24.483 I/PackageManager( 1574): Unpacking native libraries for /data/app/uk.ac.st_andrews.cs.host.mk74.locygpslocalization-2.apk
04-04 20:39:24.623 D/RemoveMe( 1672): DCT got intent android.intent.action.SCREEN_ON
04-04 20:39:24.633 D/ConnectivityService( 1574): getMobileDataEnabled returning false
04-04 20:39:24.633 D/ConnectivityService( 1574): getMobileDataEnabled returning false
04-04 20:39:24.643 D/RemoveMe( 1672): DCT got intent android.intent.action.SCREEN_ON
04-04 20:39:24.643 D/StatusBar.NetworkController( 1650): mSignalStrength.isGsm() == true
04-04 20:39:24.663 D/RemoveMe( 1672): DCT got intent android.intent.action.SCREEN_ON
04-04 20:39:24.823 D/dalvikvm( 2591): DexOpt: load 43ms, verify+opt 225ms
04-04 20:39:25.033 D/HtcLockScreen3.0( 1574): HtcLockScreen: onInterceptTouchEvent ACTION_DOWN
04-04 20:39:25.073 I/ActivityManager( 1574): Force stopping package uk.ac.st_andrews.cs.host.mk74.locygpslocalization uid=10115
04-04 20:39:25.073 W/PackageManager( 1574): Code path for pkg : uk.ac.st_andrews.cs.host.mk74.locygpslocalization changing from /data/app/uk.ac.st_andrews.cs.host.mk74.locygpslocalization-1.apk to /data/app/uk.ac.st_andrews.cs.host.mk74.locygpslocalization-2.apk
04-04 20:39:25.073 D/PackageManager( 1574):   Activities: uk.ac.st_andrews.cs.host.mk74.locygpslocalization.MainActivity
04-04 20:39:25.073 W/PackageManager( 1574): Resource path for pkg : uk.ac.st_andrews.cs.host.mk74.locygpslocalization changing from /data/app/uk.ac.st_andrews.cs.host.mk74.locygpslocalization-1.apk to /data/app/uk.ac.st_andrews.cs.host.mk74.locygpslocalization-2.apk
04-04 20:39:25.293 D/PackageManager( 1574): [embedded] New package installed in /data/app/uk.ac.st_andrews.cs.host.mk74.locygpslocalization-2.apk
04-04 20:39:25.504 D/dalvikvm( 1574): GC_FOR_ALLOC freed 1722K, 12% free 15872K/17991K, paused 57ms
04-04 20:39:25.504 D/HtcLockScreen3.0( 1574): HtcLockScreen: onInterceptTouchEvent ACTION_UP
04-04 20:39:25.514 D/IdleScreen_base( 1697): onRingUnlockStart
04-04 20:39:25.614 I/ActivityManager( 1574): Force stopping package uk.ac.st_andrews.cs.host.mk74.locygpslocalization uid=10115
04-04 20:39:25.684 D/dalvikvm( 1685): GC_EXPLICIT freed 1397K, 18% free 11287K/13703K, paused 1ms+3ms
04-04 20:39:25.734 D/dalvikvm( 1674): GC_EXPLICIT freed 613K, 10% free 7783K/8647K, paused 1ms+5ms
04-04 20:39:25.754 D/Launcher.Model( 1685): onReceive intent=Intent { act=android.intent.action.PACKAGE_REMOVED dat=package:uk.ac.st_andrews.cs.host.mk74.locygpslocalization flg=0x10000010 (has extras) }
04-04 20:39:25.764 D/PhoneApp( 1672): -- PackageChangeBroadcastReceiver  action = android.intent.action.PACKAGE_REMOVED
04-04 20:39:25.764 I/ActivityManager( 1574): Start proc com.android.smith for broadcast com.android.smith/.PackageReceiver: pid=2592 uid=10009 gids={1007, 1015}
04-04 20:39:25.824 D/KeyguardViewManager( 1574): hide()
04-04 20:39:25.824 I/TabletStatusBar( 1650): DISABLE_CLOCK: no
04-04 20:39:25.824 I/TabletStatusBar( 1650): DISABLE_NAVIGATION: no
04-04 20:39:25.834 D/FxWorkspace( 1685): unlockAnimation
04-04 20:39:25.834 D/FxWorkspace( 1685): onUnlockAnimationStart()
04-04 20:39:25.834 D/UnlockAnimator( 1685): playMarker: unlock_to_03
04-04 20:39:25.844 D/FxWorkspaceClient( 1685): showAllScreens()
04-04 20:39:25.844 D/Rotate.Performance( 1685): FxWorkspace.show()
04-04 20:39:25.854 D/Sensors ( 1574): Enable akm: en = 0
04-04 20:39:25.884 D/msm7x30.gralloc( 1438): gpu_context_t::getGrallocInformationFromFormat  1 
04-04 20:39:25.884 W/InputManagerService( 1574): Window already focused, ignoring focus gain of: com.android.internal.view.IInputMethodClient$Stub$Proxy@408af5e8
04-04 20:39:25.934 I/SM:lib  ( 2592): JNI_OnLoad(): library version = 5
04-04 20:39:25.944 I/SM:lib  ( 2592): JNI_OnLoad(): result = 0x10004
04-04 20:39:25.944 D/SM:HtcNative( 2592): system lib, 4.0.honeycomb.HTK75C-flyer-l5-s16
04-04 20:39:25.944 D/SM:PackageReceiver( 2592): package removed: package:uk.ac.st_andrews.cs.host.mk74.locygpslocalization
04-04 20:39:25.944 I/ActivityManager( 1574): No longer want com.google.android.apps.uploader (pid 1909): hidden #16
04-04 20:39:25.954 D/WidgetScanner( 1685): onReceive: Intent { act=android.intent.action.PACKAGE_REMOVED dat=package:uk.ac.st_andrews.cs.host.mk74.locygpslocalization flg=0x10000010 cmp=com.htc.launcher/.widget.WidgetScannerTrigger (has extras) }
04-04 20:39:25.964 D/SurfaceFlinger( 1438): virtual void android::Layer::onRemoved(): lcblk (identity=16, status=0, token=0)
04-04 20:39:25.964 D/Sensors ( 1574): Enable akm: en = 1
04-04 20:39:25.964 I/ActivityManager( 1574): Start proc com.htc.launcher.widgetscanner for service com.htc.launcher/.widget.WidgetScannerService: pid=2599 uid=9999 gids={3003, 3002, 3001, 2001, 1015}
04-04 20:39:26.004 I/ActivityManager( 1574): Start proc com.htc.opensense for broadcast com.htc.opensense/.pluginmanager.RegisterReceiver: pid=2602 uid=10013 gids={2001, 3003, 1006, 1015}
04-04 20:39:26.004 I/TabletStatusBar( 1650): DISABLE_BACK: no
04-04 20:39:26.014 D/PackageManager( 1574): generateServicesMap(android.accounts.AccountAuthenticator): 13 services unchanged
04-04 20:39:26.024 D/SurfaceFlinger( 1438): virtual void android::Layer::onRemoved(): lcblk (identity=15, status=0, token=0)
04-04 20:39:26.034 D/Sensors ( 1574): Enable akm: en = 0
04-04 20:39:26.044 D/AK8975  ( 1448): Compass CLOSE 
04-04 20:39:26.134 D/dalvikvm( 1697): GC_EXPLICIT freed 156K, 9% free 7013K/7623K, paused 2ms+5ms
04-04 20:39:26.144 D/PackageManager( 1574): generateServicesMap(android.content.SyncAdapter): 21 services unchanged
04-04 20:39:26.164 D/dalvikvm( 1697): GC_EXPLICIT freed 2K, 9% free 7012K/7623K, paused 1ms+1ms
04-04 20:39:26.214 D/dalvikvm( 1697): GC_EXPLICIT freed 6K, 9% free 7012K/7623K, paused 2ms+1ms
04-04 20:39:26.254 D/Launcher.Model( 1685): onReceive intent=Intent { act=android.intent.action.PACKAGE_ADDED dat=package:uk.ac.st_andrews.cs.host.mk74.locygpslocalization flg=0x10000010 (has extras) }
04-04 20:39:26.254 D/Launcher.Model( 1685): mAllAppsList.updatePackage uk.ac.st_andrews.cs.host.mk74.locygpslocalization
04-04 20:39:26.264 D/PackageManager( 1574): generateServicesMap(android.accounts.AccountAuthenticator): 13 services unchanged
04-04 20:39:26.264 D/PhoneApp( 1672): -- PackageChangeBroadcastReceiver  action = android.intent.action.PACKAGE_ADDED
04-04 20:39:26.294 D/PackageManager( 1574): generateServicesMap(android.content.SyncAdapter): 21 services unchanged
04-04 20:39:26.344 I/ActivityManager( 1574): Start proc com.htc.cs for broadcast com.htc.cs/.plugin.PluginRegisterReceiver: pid=2613 uid=10041 gids={3003, 1015}
04-04 20:39:26.415 D/dalvikvm( 1697): GC_EXPLICIT freed 1K, 9% free 7013K/7623K, paused 1ms+20ms
04-04 20:39:26.525 I/ActivityThread( 2613): Pub com.htc.connectedservice.csprovider: com.htc.cs.provider.ConnectedServiceProvider
04-04 20:39:26.525 I/ActivityThread( 2613): Pub com.htc.cs.dashboard: com.htc.cs.sync.dashboard.DashboardProvider
04-04 20:39:26.555 I/RegisterService( 2602): android.intent.action.PACKAGE_REMOVED package:uk.ac.st_andrews.cs.host.mk74.locygpslocalization
04-04 20:39:26.555 D/vicky   ( 2613): vicky received: android.intent.action.PACKAGE_REMOVED
04-04 20:39:26.565 I/ActivityManager( 1574): Start proc com.google.android.apps.maps for broadcast com.google.android.apps.maps/com.google.android.location.internal.NlpPackageUpdateReceiver: pid=2621 uid=10046 gids={3003, 1015}
04-04 20:39:26.595 D/dalvikvm( 1697): GC_EXPLICIT freed 6K, 9% free 7012K/7623K, paused 5ms+46ms
04-04 20:39:26.675 D/dalvikvm( 1697): GC_EXPLICIT freed 1K, 9% free 7012K/7623K, paused 1ms+21ms
04-04 20:39:26.825 D/FxWorkspace( 1685): onUnlockAnimationEnd()
04-04 20:39:26.825 D/HostWidgetManager( 1685): onUserPresent: 2
04-04 20:39:26.825 D/HostWidgetManager( 1685): resumeWidgets: 2 sort: true
04-04 20:39:26.855 D/LauncherApplication( 2599): + LauncherApplication onCreate()
04-04 20:39:26.875 I/ActivityManager( 1574): No longer want com.htc.laputa.HtcLaputaInstaller (pid 2192): hidden #16
04-04 20:39:27.025 D/CombinedWidgetProvider( 1685): +addAppWidget
04-04 20:39:27.045 D/FxWorkspace( 1685): changeScreensVisibility
04-04 20:39:27.145 D/FxWorkspace( 1685): changeScreensVisibility
04-04 20:39:27.185 D/dalvikvm( 2621): GC_CONCURRENT freed 151K, 4% free 6807K/7047K, paused 1ms+17ms
04-04 20:39:27.315 D/dalvikvm( 2599): GC_CONCURRENT freed 157K, 5% free 6756K/7047K, paused 2ms+11ms
04-04 20:39:27.315 D/CombinedWidgetProvider( 1685): addAppWidget: WidgetSummary(YouTube/APP_WIDGET/[I@40c1d118 x [I@40c1d138/-1/ComponentInfo{com.google.android.youtube/com.google.android.youtube.app.honeycomb.widget.WidgetProvider}/[I@40c1d158)
04-04 20:39:27.325 D/CombinedWidgetProvider( 1685): addAppWidget: WidgetSummary(Twitter (large)/APP_WIDGET/[I@40c1d6f0 x [I@40c1d710/-1/ComponentInfo{com.twitter.android/com.twitter.android.client.WidgetLargeProvider}/[I@40c1d730)
04-04 20:39:27.325 D/CombinedWidgetProvider( 1685): addAppWidget: WidgetSummary(Twitter (small)/APP_WIDGET/[I@40c1dbb8 x [I@40c1dbd8/-1/ComponentInfo{com.twitter.android/com.twitter.android.client.WidgetSmallProvider}/[I@40c1dbf8)
04-04 20:39:27.335 D/CombinedWidgetProvider( 1685): addAppWidget: WidgetSummary(Traffic/APP_WIDGET/[I@40c1e0f0 x [I@40c1e110/-1/ComponentInfo{com.google.android.apps.maps/com.google.googlenav.appwidget.traffic.TrafficAppWidget}/[I@40c1e130)
04-04 20:39:27.335 D/CombinedWidgetProvider( 1685): addAppWidget: WidgetSummary(Latitude/APP_WIDGET/[I@40c1e680 x [I@40c1e6a0/-1/ComponentInfo{com.google.android.apps.maps/com.google.googlenav.appwidget.friends.FriendsAppWidgetProvider}/[I@40c1e6c0)
04-04 20:39:27.335 D/CombinedWidgetProvider( 1685): addAppWidget: WidgetSummary(Market/APP_WIDGET/[I@40c1ec10 x [I@40c1ec30/-1/ComponentInfo{com.android.vending/com.android.vending.MarketWidgetProvider}/[I@40c1ec50)
04-04 20:39:27.335 D/CombinedWidgetProvider( 1685): addAppWidget: WidgetSummary(Google Search/APP_WIDGET/[I@40c1f138 x [I@40c1f158/-1/ComponentInfo{com.google.android.googlequicksearchbox/com.google.android.googlequicksearchbox.SearchWidgetProvider}/[I@40c1f178)
04-04 20:39:27.335 D/CombinedWidgetProvider( 1685): addAppWidget: WidgetSummary(Gmail/APP_WIDGET/[I@40c1f668 x [I@40c1f688/-1/ComponentInfo{com.google.android.gm/com.google.android.gm.widget.GmailWidgetProvider}/[I@40c1f6a8)
04-04 20:39:27.345 D/LauncherApplication( 2599): - LauncherApplication onCreate()
04-04 20:39:27.355 D/CombinedWidgetProvider( 1685): addAppWidget: WidgetSummary(Bookmarks/APP_WIDGET/[I@40c1fdf8 x [I@40c1fe18/-1/ComponentInfo{com.android.browser/com.android.browser.widget.BookmarkThumbnailWidgetProvider}/[I@40c1fe38)
04-04 20:39:27.355 D/CombinedWidgetProvider( 1685): -addAppWidget
04-04 20:39:27.355 D/CombinedWidgetProvider( 1685): +addHtcWidgets, cat: -1
04-04 20:39:27.355 D/CombinedWidgetProvider( 1685):  uri: content://com.htc.launcher.widget.htcwidget/htcwidgets?widget_only=true
04-04 20:39:27.365 D/HtcWidgetProvider( 1685): row 1
04-04 20:39:27.365 D/CombinedWidgetProvider( 1685): addHtcWidget: WidgetSummary(Tips for Home/HTC_WIDGET/[I@40c22d80 x [I@40c22da0/1101/ComponentInfo{com.htc.rosiewidgets.tip/com.htc.rosiewidgets.tip.TipWidgetItem}/[I@40c22dc0)
04-04 20:39:27.375 D/CombinedWidgetProvider( 1685): -addHtcWidgets
04-04 20:39:27.375 D/CombinedWidgetProvider( 1685): +addFxWidgets , provider: null
04-04 20:39:27.375 D/FxWidgetProviderInfoCollector( 1685): getAllStyles + [Ljava.lang.String;@406d1dc8 @ 
04-04 20:39:27.385 D/Sensors ( 1574): Enable akm: en = 1
04-04 20:39:27.405 D/FxWidgetProvider( 1685): row 94
04-04 20:39:27.405 D/WidgetScanner( 2599): onReceiveInternal: Intent { act=android.intent.action.PACKAGE_REMOVED dat=package:uk.ac.st_andrews.cs.host.mk74.locygpslocalization flg=0x10000010 cmp=com.htc.launcher/.widget.WidgetScannerService (has extras) }
04-04 20:39:27.405 D/HtcWidgetScanner( 2599): onPackageRemoved: uk.ac.st_andrews.cs.host.mk74.locygpslocalization
04-04 20:39:27.415 D/AK8975  ( 1448): Compass Start
04-04 20:39:27.686 D/dalvikvm( 2621): GC_CONCURRENT freed 137K, 4% free 7149K/7431K, paused 2ms+35ms
04-04 20:39:27.686 I/ActivityThread( 2621): Pub com.google.android.maps.SearchHistoryProvider: com.google.googlenav.provider.SearchHistoryProvider
04-04 20:39:27.686 I/ActivityThread( 2621): Pub com.google.android.maps.LayerInfoProvider: com.google.googlenav.layer.LayerInfoProvider
04-04 20:39:27.686 D/SqliteDatabaseCpp( 2621): dbopen(): path = /data/data/com.google.android.apps.maps/databases , key = LYqevA, flag = 6, file size = 5120
04-04 20:39:27.686 D/SqliteDatabaseCpp( 2621): dbopen(): path = /data/data/com.google.android.apps.maps/databases , key = LYqevA, mode: delete, disk free size: 7848 M, handle: 0x15e828
04-04 20:39:27.696 I/ActivityThread( 2621): Pub com.google.android.maps.TrafficAppWidgetProvider: com.google.googlenav.appwidget.traffic.TrafficAppWidgetProvider
04-04 20:39:27.696 I/ActivityThread( 2621): Pub com.google.android.maps.SuggestionProvider: com.google.googlenav.suggest.android.SuggestProvider
04-04 20:39:27.816 I/ActivityThread( 2621): Pub com.google.android.maps.LocalActivePlacesProvider: com.google.googlenav.provider.LocalActivePlacesProvider
04-04 20:39:27.816 I/ActivityThread( 2621): Pub com.google.android.maps.StarredItemProvider: com.google.googlenav.provider.StarredItemProvider
04-04 20:39:27.916 W/ContentService( 1574): binderDied() at ObserverNode name com.google.android.gsf.gservices
04-04 20:39:28.106 D/FxWidgetProvider( 1685): row 1
04-04 20:39:28.106 D/CombinedWidgetProvider( 1685): addFxWidget: WidgetSummary(Watch/FX_WIDGET/[I@40c99328 x [I@40c99348/-2/ComponentInfo{com.htc.widget3d.watch/com.htc.widget3d.watch.WatchProvider}/[I@40c99368)
04-04 20:39:28.116 D/FxWidgetProvider( 1685): row 1
04-04 20:39:28.116 D/CombinedWidgetProvider( 1685): addFxWidget: WidgetSummary(Airplane Mode/FX_WIDGET/[I@40c9ac20 x [I@40c9ac40/-2/ComponentInfo{com.htc.htcsettingwidgets/com.htc.htcsettingwidgets.AirplaneWidget}/[I@40c9ac60)
04-04 20:39:28.116 D/FxWidgetProvider( 1685): row 1
04-04 20:39:28.136 D/CombinedWidgetProvider( 1685): addFxWidget: WidgetSummary(Bluetooth/FX_WIDGET/[I@40c9c308 x [I@40c9c328/-2/ComponentInfo{com.htc.htcsettingwidgets/com.htc.htcsettingwidgets.BTWidget}/[I@40c9c348)
04-04 20:39:28.136 D/FxWidgetProvider( 1685): row 1
04-04 20:39:28.146 D/CombinedWidgetProvider( 1685): addFxWidget: WidgetSummary(GPS/FX_WIDGET/[I@40c9db80 x [I@40c9dba0/-2/ComponentInfo{com.htc.htcsettingwidgets/com.htc.htcsettingwidgets.GPSWidget}/[I@40c9dbc0)
04-04 20:39:28.146 D/FxWidgetProvider( 1685): row 1
04-04 20:39:28.146 I/ActivityThread( 2621): Pub com.google.android.maps.LocalSuggestionProvider: com.google.googlenav.provider.LocalSuggestionProvider
04-04 20:39:28.146 D/CombinedWidgetProvider( 1685): addFxWidget: WidgetSummary(Wi-Fi Hotspot/FX_WIDGET/[I@40c9f258 x [I@40c9f278/-2/ComponentInfo{com.htc.htcsettingwidgets/com.htc.htcsettingwidgets.HotspotWidget}/[I@40c9f298)
04-04 20:39:28.156 D/FxWidgetProvider( 1685): row 1
04-04 20:39:28.156 I/ActivityThread( 2621): Pub com.google.android.maps.NavigationAvailabilityProvider: com.google.googlenav.provider.NavigationAvailabilityProvider
04-04 20:39:28.166 D/dalvikvm( 2621): GC_CONCURRENT freed 156K, 4% free 7502K/7751K, paused 1ms+3ms
04-04 20:39:28.166 D/HtcWidgetProvider( 1685): update 0
04-04 20:39:28.176 D/CombinedWidgetProvider( 1685): addFxWidget: WidgetSummary(Mobile Network/FX_WIDGET/[I@40ca0c40 x [I@40ca0c60/-2/ComponentInfo{com.htc.htcsettingwidgets/com.htc.htcsettingwidgets.MobileNetworkWidget}/[I@40ca0c80)
04-04 20:39:28.186 D/FxWidgetProvider( 1685): row 1
04-04 20:39:28.196 D/CombinedWidgetProvider( 1685): addFxWidget: WidgetSummary(Wi-Fi/FX_WIDGET/[I@40ca3188 x [I@40ca31a8/-2/ComponentInfo{com.htc.htcsettingwidgets/com.htc.htcsettingwidgets.WiFiWidget}/[I@40ca31c8)
04-04 20:39:28.196 I/ActivityManager( 1574): Start proc com.htc.recommend for broadcast com.htc.recommend/.receiver.AppInstalledReceiver: pid=2634 uid=10056 gids={2001, 3003}
04-04 20:39:28.206 D/FxWidgetProvider( 1685): row 1
04-04 20:39:28.206 D/CombinedWidgetProvider( 1685): addFxWidget: WidgetSummary(Mail/FX_WIDGET/[I@40ca4da0 x [I@40ca4dc0/-2/ComponentInfo{com.htc.htcmailwidgets/com.htc.htcmailwidgets.WidgetReceiver}/[I@40ca4de0)
04-04 20:39:28.206 D/FxWidgetProvider( 1685): row 3
04-04 20:39:28.216 D/FxWidgetProviderInfoCollector( 1685): more than one style shared the same component! Return the first one found.
04-04 20:39:28.216 D/CombinedWidgetProvider( 1685): addFxWidget: WidgetSummary(Mail/FX_WIDGET/[I@40ca69a8 x [I@40ca69c8/-2/ComponentInfo{com.htc.htcmailwidgets/com.htc.htcmailwidgets.WidgetReceiver}/[I@40ca69e8)
04-04 20:39:28.216 D/FxWidgetProvider( 1685): row 3
04-04 20:39:28.216 D/FxWidgetProviderInfoCollector( 1685): more than one style shared the same component! Return the first one found.
04-04 20:39:28.226 I/ActivityManager( 1574): No longer want com.htc.ereader.drmengine (pid 2282): hidden #16
04-04 20:39:28.236 D/CombinedWidgetProvider( 1685): addFxWidget: WidgetSummary(Mail/FX_WIDGET/[I@40ca84e0 x [I@40ca8500/-2/ComponentInfo{com.htc.htcmailwidgets/com.htc.htcmailwidgets.WidgetReceiver}/[I@40ca8520)
04-04 20:39:28.236 D/FxWidgetProvider( 1685): row 3
04-04 20:39:28.246 D/FxWidgetProviderInfoCollector( 1685): more than one style shared the same component! Return the first one found.
04-04 20:39:28.256 D/FxWidgetScanner( 2599): onPackageRemoved: uk.ac.st_andrews.cs.host.mk74.locygpslocalization
04-04 20:39:28.256 D/FxWidgetScanner( 2599): removeFxWidgetList
04-04 20:39:28.256 D/CombinedWidgetProvider( 1685): addFxWidget: WidgetSummary(Mail/FX_WIDGET/[I@40ca9dd0 x [I@40ca9df0/-2/ComponentInfo{com.htc.htcmailwidgets/com.htc.htcmailwidgets.WidgetReceiver}/[I@40ca9e10)
04-04 20:39:28.266 D/FxWidgetProvider( 1685): row 3
04-04 20:39:28.266 D/FxWidgetProviderInfoCollector( 1685): more than one style shared the same component! Return the first one found.
04-04 20:39:28.266 D/CombinedWidgetProvider( 1685): addFxWidget: WidgetSummary(Mail/FX_WIDGET/[I@40cab6a8 x [I@40cab6c8/-2/ComponentInfo{com.htc.htcmailwidgets/com.htc.htcmailwidgets.WidgetReceiver}/[I@40cab6e8)
04-04 20:39:28.266 D/FxWidgetProvider( 1685): row 3
04-04 20:39:28.266 I/ActivityThread( 2634): Pub com.htc.recommend.provider.HTCRecommendCarouselProvider: com.htc.recommend.provider.HTCRecommendCarouselProvider
04-04 20:39:28.266 I/ActivityManager( 1574): No longer want com.htc.demoflopackageinstaller (pid 2414): hidden #16
04-04 20:39:28.276 D/FxWidgetProviderInfoCollector( 1685): more than one style shared the same component! Return the first one found.
04-04 20:39:28.276 I/ActivityThread( 2634): Pub com.htc.recommend.provider.HTCRecommendContentProvider: com.htc.recommend.provider.HTCRecommendContentProvider
04-04 20:39:28.276 D/CombinedWidgetProvider( 1685): addFxWidget: WidgetSummary(Mail/FX_WIDGET/[I@407945a0 x [I@407945c0/-2/ComponentInfo{com.htc.htcmailwidgets/com.htc.htcmailwidgets.WidgetReceiver}/[I@406fdde0)
04-04 20:39:28.276 D/HTC Recommends( 2634): /mnt/sdcard/.LHYGB/CKCL
04-04 20:39:28.276 D/FxWidgetProvider( 1685): row 3
04-04 20:39:28.276 D/FxWidgetProviderInfoCollector( 1685): more than one style shared the same component! Return the first one found.
04-04 20:39:28.276 D/PhoneApp( 1672): EVENT_QUERY_MO_PACKAGES
04-04 20:39:28.286 D/HTC Recommends( 2634): no token file
04-04 20:39:28.286 D/HTC Recommends( 2634): no token file
04-04 20:39:28.286 D/HTC Recommends( 2634): Log settings are 
04-04 20:39:28.286 D/HTC Recommends( 2634): Enable General Log : false
04-04 20:39:28.286 D/HTC Recommends( 2634): Enable Analytic Log : false
04-04 20:39:28.286 D/HTC Recommends( 2634): Enable Normal Log Level (dependent on General Log) : false
04-04 20:39:28.286 D/HTC Recommends( 2634): Enable Critical Log Level (dependent on General Log) : false
04-04 20:39:28.286 D/CombinedWidgetProvider( 1685): addFxWidget: WidgetSummary(Mail/FX_WIDGET/[I@407063b8 x [I@4067ecc0/-2/ComponentInfo{com.htc.htcmailwidgets/com.htc.htcmailwidgets.WidgetReceiver}/[I@4067ece0)
04-04 20:39:28.286 D/SqliteDatabaseCpp( 2634): dbopen(): path = /data/data/com.htc.recommend/databases , key = `tgvegkmmejd, flag = 6, file size = 71680
04-04 20:39:28.286 D/FxWidgetProvider( 1685): row 5
04-04 20:39:28.286 D/SqliteDatabaseCpp( 2634): dbopen(): path = /data/data/com.htc.recommend/databases , key = `tgvegkmmejd, mode: delete, disk free size: 7848 M, handle: 0x15d800
04-04 20:39:28.346 D/FxWidgetProviderInfoCollector( 1685): more than one style shared the same component! Return the first one found.
04-04 20:39:28.346 D/CombinedWidgetProvider( 1685): addFxWidget: WidgetSummary(People/FX_WIDGET/[I@4082e3b8 x [I@4082e3d8/-2/ComponentInfo{com.htc.htccontactwidgets_3d_fusion/com.htc.htccontactwidgets_3d_fusion.WidgetReceiver}/[I@4082e3f8)
04-04 20:39:28.346 D/FxWidgetProvider( 1685): row 5
04-04 20:39:28.346 D/FxWidgetProviderInfoCollector( 1685): more than one style shared the same component! Return the first one found.
04-04 20:39:28.346 D/CombinedWidgetProvider( 1685): addFxWidget: WidgetSummary(People/FX_WIDGET/[I@4083dc40 x [I@4083dc60/-2/ComponentInfo{com.htc.htccontactwidgets_3d_fusion/com.htc.htccontactwidgets_3d_fusion.WidgetReceiver}/[I@4083dc80)
04-04 20:39:28.346 D/PhoneApp( 1672): -- N1 =0
04-04 20:39:28.356 D/FxWidgetProvider( 1685): row 5
04-04 20:39:28.356 D/FxWidgetProviderInfoCollector( 1685): more than one style shared the same component! Return the first one found.
04-04 20:39:28.356 D/CombinedWidgetProvider( 1685): addFxWidget: WidgetSummary(People/FX_WIDGET/[I@40bb3b98 x [I@40bb3bb8/-2/ComponentInfo{com.htc.htccontactwidgets_3d_fusion/com.htc.htccontactwidgets_3d_fusion.WidgetReceiver}/[I@40851320)
04-04 20:39:28.366 D/FxWidgetProvider( 1685): row 5
04-04 20:39:28.366 D/FxWidgetProviderInfoCollector( 1685): more than one style shared the same component! Return the first one found.
04-04 20:39:28.366 D/CombinedWidgetProvider( 1685): addFxWidget: WidgetSummary(People/FX_WIDGET/[I@4081cc90 x [I@4081ccb0/-2/ComponentInfo{com.htc.htccontactwidgets_3d_fusion/com.htc.htccontactwidgets_3d_fusion.WidgetReceiver}/[I@4081ccd0)
04-04 20:39:28.366 D/FxWidgetProvider( 1685): row 5
04-04 20:39:28.386 D/FxWidgetProviderInfoCollector( 1685): more than one style shared the same component! Return the first one found.
04-04 20:39:28.386 D/CombinedWidgetProvider( 1685): addFxWidget: WidgetSummary(People/FX_WIDGET/[I@4094f250 x [I@4094f270/-2/ComponentInfo{com.htc.htccontactwidgets_3d_fusion/com.htc.htccontactwidgets_3d_fusion.WidgetReceiver}/[I@4094f290)
04-04 20:39:28.386 D/FxWidgetProvider( 1685): row 1
04-04 20:39:28.386 D/CombinedWidgetProvider( 1685): addFxWidget: WidgetSummary(Calendar/FX_WIDGET/[I@40998900 x [I@40998920/-2/ComponentInfo{com.htc.htccalendarwidgets/com.htc.htccalendarwidgets.WidgetReceiver}/[I@40998940)
04-04 20:39:28.396 D/FxWidgetProvider( 1685): row 3
04-04 20:39:28.396 D/FxWidgetProviderInfoCollector( 1685): more than one style shared the same component! Return the first one found.
04-04 20:39:28.396 D/FxWidgetScanner( 2599): delete 0
04-04 20:39:28.396 D/CombinedWidgetProvider( 1685): addFxWidget: WidgetSummary(Calendar/FX_WIDGET/[I@40b884f8 x [I@40b88518/-2/ComponentInfo{com.htc.htccalendarwidgets/com.htc.htccalendarwidgets.WidgetReceiver}/[I@40b88538)
04-04 20:39:28.406 D/FxWidgetProvider( 1685): row 3
04-04 20:39:28.406 D/FxWidgetProviderInfoCollector( 1685): more than one style shared the same component! Return the first one found.
04-04 20:39:28.406 D/CombinedWidgetProvider( 1685): addFxWidget: WidgetSummary(Calendar/FX_WIDGET/[I@406fb5e0 x [I@406fb600/-2/ComponentInfo{com.htc.htccalendarwidgets/com.htc.htccalendarwidgets.WidgetReceiver}/[I@406fb620)
04-04 20:39:28.406 D/FxWidgetProvider( 1685): row 3
04-04 20:39:28.416 D/FxWidgetProviderInfoCollector( 1685): more than one style shared the same component! Return the first one found.
04-04 20:39:28.416 D/CombinedWidgetProvider( 1685): addFxWidget: WidgetSummary(Calendar/FX_WIDGET/[I@407f21c8 x [I@407f21e8/-2/ComponentInfo{com.htc.htccalendarwidgets/com.htc.htccalendarwidgets.WidgetReceiver}/[I@4073f7a8)
04-04 20:39:28.416 D/FxWidgetProvider( 1685): row 1
04-04 20:39:28.416 D/WidgetScanner( 2599): upadted? false
04-04 20:39:28.497 D/CombinedWidgetProvider( 1685): addFxWidget: WidgetSummary(Calendar/FX_WIDGET/[I@40bba658 x [I@40bba678/-2/ComponentInfo{com.htc.htccalendarwidgets/com.htc.htccalendarwidgets.WidgetReceiver}/[I@40bba698)
04-04 20:39:28.507 D/FxWidgetProvider( 1685): row 1
04-04 20:39:28.507 I/ActivityManager( 1574): No longer want com.htc.ereader (pid 2409): hidden #16
04-04 20:39:28.517 D/CombinedWidgetProvider( 1685): addFxWidget: WidgetSummary(Bookmarks/FX_WIDGET/[I@40babeb0 x [I@40b9bba0/-2/ComponentInfo{com.htc.fusion.htcbookmarkwidget/com.htc.fusion.htcbookmarkwidget.WidgetReceiver}/[I@40b9bbc0)
04-04 20:39:28.517 D/FxWidgetProvider( 1685): row 1
04-04 20:39:28.517 D/CombinedWidgetProvider( 1685): addFxWidget: WidgetSummary(Bookmarks/FX_WIDGET/[I@40739ff8 x [I@40d411b8/-2/ComponentInfo{com.htc.fusion.htcbookmarkwidget/com.htc.fusion.htcbookmarkwidget.WidgetReceiver}/[I@40bb73f8)
04-04 20:39:28.527 D/FxWidgetProvider( 1685): row 1
04-04 20:39:28.547 D/CombinedWidgetProvider( 1685): addFxWidget: WidgetSummary(Messages/FX_WIDGET/[I@40bc6db8 x [I@40bc6dd8/-2/ComponentInfo{com.htc.htcmsgwidgets3d/com.htc.htcmsgwidgets.MsgWidgetProvider}/[I@40bc6df8)
04-04 20:39:28.547 D/FxWidgetProvider( 1685): row 1
04-04 20:39:28.557 D/CombinedWidgetProvider( 1685): addFxWidget: WidgetSummary(Messages/FX_WIDGET/[I@40732eb8 x [I@40732ed8/-2/ComponentInfo{com.htc.htcmsgwidgets3d/com.htc.htcmsgwidgets.MsgWidgetProvider}/[I@40732ef8)
04-04 20:39:28.557 D/FxWidgetProvider( 1685): row 1
04-04 20:39:28.567 D/CombinedWidgetProvider( 1685): addFxWidget: WidgetSummary(Messages/FX_WIDGET/[I@40759188 x [I@40be1360/-2/ComponentInfo{com.htc.htcmsgwidgets3d/com.htc.htcmsgwidgets.MsgWidgetProvider}/[I@40be1380)
04-04 20:39:28.567 D/FxWidgetProvider( 1685): row 1
04-04 20:39:28.567 D/CombinedWidgetProvider( 1685): addFxWidget: WidgetSummary(Messages/FX_WIDGET/[I@40b9de48 x [I@40b9de68/-2/ComponentInfo{com.htc.htcmsgwidgets3d/com.htc.htcmsgwidgets.MsgWidgetProvider}/[I@40bb8320)
04-04 20:39:28.567 D/FxWidgetProvider( 1685): row 1
04-04 20:39:28.567 D/PhoneApp( 1672): -- N2 =0
04-04 20:39:28.577 D/CombinedWidgetProvider( 1685): addFxWidget: WidgetSummary(Messages/FX_WIDGET/[I@4095d9c0 x [I@4095d9e0/-2/ComponentInfo{com.htc.htcmsgwidgets3d/com.htc.htcmsgwidgets.MsgWidgetProvider}/[I@4095da00)
04-04 20:39:28.577 D/FxWidgetProvider( 1685): row 1
04-04 20:39:28.597 D/CombinedWidgetProvider( 1685): addFxWidget: WidgetSummary(Messages/FX_WIDGET/[I@4095fcb0 x [I@4095fcd0/-2/ComponentInfo{com.htc.htcmsgwidgets3d/com.htc.htcmsgwidgets.MsgWidgetProvider}/[I@4095fcf0)
04-04 20:39:28.597 D/FxWidgetProvider( 1685): row 1
04-04 20:39:28.617 D/CombinedWidgetProvider( 1685): addFxWidget: WidgetSummary(Messages/FX_WIDGET/[I@4099f0b0 x [I@4099f0d0/-2/ComponentInfo{com.htc.htcmsgwidgets3d/com.htc.htcmsgwidgets.MsgWidgetProvider}/[I@4099f0f0)
04-04 20:39:28.617 D/FxWidgetProvider( 1685): row 1
04-04 20:39:28.617 D/CombinedWidgetProvider( 1685): addFxWidget: WidgetSummary(Twitter/FX_WIDGET/[I@409a13a0 x [I@409a13c0/-2/ComponentInfo{com.htc.Twitter3DWidget/com.htc.Twitter3DWidget.TwitterWidgetProvider}/[I@409a13e0)
04-04 20:39:28.627 D/FxWidgetProvider( 1685): row 1
04-04 20:39:28.637 D/CombinedWidgetProvider( 1685): addFxWidget: WidgetSummary(Twitter/FX_WIDGET/[I@409a37b8 x [I@409a37d8/-2/ComponentInfo{com.htc.Twitter3DWidget/com.htc.Twitter3DWidget.TwitterWidgetProvider}/[I@409a37f8)
04-04 20:39:28.647 D/FxWidgetProvider( 1685): row 1
04-04 20:39:28.647 D/CombinedWidgetProvider( 1685): addFxWidget: WidgetSummary(Twitter/FX_WIDGET/[I@40a2cfe0 x [I@40a2d000/-2/ComponentInfo{com.htc.Twitter3DWidget/com.htc.Twitter3DWidget.TwitterWidgetProvider}/[I@40a2d020)
04-04 20:39:28.657 D/FxWidgetProvider( 1685): row 1
04-04 20:39:28.657 D/CombinedWidgetProvider( 1685): addFxWidget: WidgetSummary(Twitter/FX_WIDGET/[I@40a2f3f8 x [I@40a2f418/-2/ComponentInfo{com.htc.Twitter3DWidget/com.htc.Twitter3DWidget.TwitterWidgetProvider}/[I@40a2f438)
04-04 20:39:28.667 D/FxWidgetProvider( 1685): row 1
04-04 20:39:28.667 D/CombinedWidgetProvider( 1685): addFxWidget: WidgetSummary(Trends/FX_WIDGET/[I@40bd33a8 x [I@40bd33c8/-2/ComponentInfo{com.htc.Trends3DWidget/com.htc.Trends3DWidget.TrendsWidgetProvider}/[I@40bd33e8)
04-04 20:39:28.677 D/FxWidgetProvider( 1685): row 1
04-04 20:39:28.677 D/CombinedWidgetProvider( 1685): addFxWidget: WidgetSummary(Sync All/FX_WIDGET/[I@40bd5768 x [I@40bd5788/-2/ComponentInfo{com.htc.Sync3DWidget/com.htc.Sync3DWidget.SyncWidgetProvider}/[I@40bd57a8)
04-04 20:39:28.677 D/FxWidgetProvider( 1685): row 1
04-04 20:39:28.687 D/CombinedWidgetProvider( 1685): addFxWidget: WidgetSummary(Music/FX_WIDGET/[I@40d06ae8 x [I@40d06b08/-2/ComponentInfo{com.htc.MusicWidget3D/com.htc.MusicWidget3D.MusicWidget3DProvider}/[I@40d06b28)
04-04 20:39:28.697 D/FxWidgetProvider( 1685): row 1
04-04 20:39:28.707 D/CombinedWidgetProvider( 1685): addFxWidget: WidgetSummary(Music/FX_WIDGET/[I@40d08e88 x [I@40d08ea8/-2/ComponentInfo{com.htc.MusicWidget3D/com.htc.MusicWidget3D.MusicWidget3DProvider}/[I@40d08ec8)
04-04 20:39:28.717 D/FxWidgetProvider( 1685): row 1
04-04 20:39:28.717 D/CombinedWidgetProvider( 1685): addFxWidget: WidgetSummary(Music/FX_WIDGET/[I@40bc8400 x [I@40bc8420/-2/ComponentInfo{com.htc.MusicWidget3D/com.htc.MusicWidget3D.MusicWidget3DProvider}/[I@40bc8440)
04-04 20:39:28.727 D/FxWidgetProvider( 1685): row 1
04-04 20:39:28.737 D/dalvikvm( 1685): GC_CONCURRENT freed 1107K, 15% free 11762K/13703K, paused 2ms+11ms
04-04 20:39:28.737 D/CombinedWidgetProvider( 1685): addFxWidget: WidgetSummary(Friend Stream/FX_WIDGET/[I@40c96820 x [I@40c956f0/-2/ComponentInfo{com.htc.FriendStream3DWidget/com.htc.FriendStream3DWidget.FriendStreamWidgetProvider}/[I@40c94548)
04-04 20:39:28.737 D/FxWidgetProvider( 1685): row 1
04-04 20:39:28.747 D/CombinedWidgetProvider( 1685): addFxWidget: WidgetSummary(Friend Stream/FX_WIDGET/[I@40d69228 x [I@40d687c8/-2/ComponentInfo{com.htc.FriendStream3DWidget/com.htc.FriendStream3DWidget.FriendStreamWidgetProvider}/[I@40d66980)
04-04 20:39:28.747 D/FxWidgetProvider( 1685): row 1
04-04 20:39:28.767 D/CombinedWidgetProvider( 1685): addFxWidget: WidgetSummary(Friend Stream/FX_WIDGET/[I@40c97980 x [I@40c7c558/-2/ComponentInfo{com.htc.FriendStream3DWidget/com.htc.FriendStream3DWidget.FriendStreamWidgetProvider}/[I@40c7b3e0)
04-04 20:39:28.767 D/FxWidgetProvider( 1685): row 1
04-04 20:39:28.777 D/CombinedWidgetProvider( 1685): addFxWidget: WidgetSummary(Friend Stream/FX_WIDGET/[I@40c3a518 x [I@40c3a3d0/-2/ComponentInfo{com.htc.FriendStream3DWidget/com.htc.FriendStream3DWidget.FriendStreamWidgetProvider}/[I@40c39970)
04-04 20:39:28.777 D/FxWidgetProvider( 1685): row 1
04-04 20:39:28.787 D/CombinedWidgetProvider( 1685): addFxWidget: WidgetSummary(Friend Channel/FX_WIDGET/[I@40c103c8 x [I@40c0f938/-2/ComponentInfo{com.htc.FriendStream3DWidget/com.htc.FriendStream3DWidget.FriendStreamWidgetProvider}/[I@40c0ef38)
04-04 20:39:28.787 D/FxWidgetProvider( 1685): row 1
04-04 20:39:28.797 D/CombinedWidgetProvider( 1685): addFxWidget: WidgetSummary(My Shelf/FX_WIDGET/[I@40bd1c78 x [I@40bc6d50/-2/ComponentInfo{com.htc.ereader.widget3d/com.htc.ereader.widget3d.ereaderwidget3d.SimpleWidgetProvider}/[I@40bc2940)
04-04 20:39:28.797 D/FxWidgetProvider( 1685): row 1
04-04 20:39:28.817 D/CombinedWidgetProvider( 1685): addFxWidget: WidgetSummary(Weather/FX_WIDGET/[I@40b7f390 x [I@40b7eb60/-2/ComponentInfo{com.htc.widget3d.weather/com.htc.widget3d.weather.WeatherWidgetProvider}/[I@40b7e048)
04-04 20:39:28.817 D/FxWidgetProvider( 1685): row 1
04-04 20:39:28.827 D/CombinedWidgetProvider( 1685): addFxWidget: WidgetSummary(Weather/FX_WIDGET/[I@40946ca8 x [I@40946190/-2/ComponentInfo{com.htc.widget3d.weather/com.htc.widget3d.weather.WeatherWidgetProvider}/[I@40909970)
04-04 20:39:28.827 D/FxWidgetProvider( 1685): row 1
04-04 20:39:28.827 D/CombinedWidgetProvider( 1685): addFxWidget: WidgetSummary(Weather/FX_WIDGET/[I@4082aa20 x [I@40829fa0/-2/ComponentInfo{com.htc.widget3d.weather/com.htc.widget3d.weather.WeatherWidgetProvider}/[I@40828660)
04-04 20:39:28.827 D/FxWidgetProvider( 1685): row 1
04-04 20:39:28.837 D/CombinedWidgetProvider( 1685): addFxWidget: WidgetSummary(Screen Timeout/FX_WIDGET/[I@40778350 x [I@407750d8/-2/ComponentInfo{com.htc.rosiewidgets.screentimeout/com.htc.rosiewidgets.screentimeout.ScreenTimeoutWidgetProvider}/[I@40775050)
04-04 20:39:28.847 D/FxWidgetProvider( 1685): row 1
04-04 20:39:28.867 D/CombinedWidgetProvider( 1685): addFxWidget: WidgetSummary(Screen Brightness/FX_WIDGET/[I@407254c8 x [I@40725268/-2/ComponentInfo{com.htc.rosiewidgets.screenbrightness/com.htc.rosiewidgets.screenbrightness.ScreenBrightnessWidgetProvider}/[I@40724dc8)
04-04 20:39:28.867 D/FxWidgetProvider( 1685): row 1
04-04 20:39:28.867 D/CombinedWidgetProvider( 1685): addFxWidget: WidgetSummary(Notes/FX_WIDGET/[I@406a9cb8 x [I@406a8c08/-2/ComponentInfo{com.htc.htcrichnoteswidget3d/com.htc.htcrichnoteswidget3d.NotesWidgetProvider}/[I@406a8838)
04-04 20:39:28.877 D/FxWidgetProvider( 1685): row 1
04-04 20:39:28.877 D/CombinedWidgetProvider( 1685): addFxWidget: WidgetSummary(Notes/FX_WIDGET/[I@409948b0 x [I@40993568/-2/ComponentInfo{com.htc.htcrichnoteswidget3d/com.htc.htcrichnoteswidget3d.NotesWidgetProvider}/[I@40992220)
04-04 20:39:28.877 D/FxWidgetProvider( 1685): row 1
04-04 20:39:28.887 D/CombinedWidgetProvider( 1685): addFxWidget: WidgetSummary(HTC Likes/FX_WIDGET/[I@407d9678 x [I@407d1508/-2/ComponentInfo{com.htc.android.fusion.recommend/com.htc.android.fusion.recommend.RosieIntentReceiver}/[I@407c37b8)
04-04 20:39:28.887 D/FxWidgetProvider( 1685): row 1
04-04 20:39:28.907 D/CombinedWidgetProvider( 1685): addFxWidget: WidgetSummary(Profile/FX_WIDGET/[I@407219d0 x [I@40720fe8/-2/ComponentInfo{com.htc.widget.profile/com.htc.widget.profile.HtcWidgetReceiver}/[I@40720e10)
04-04 20:39:28.907 D/FxWidgetProvider( 1685): row 1
04-04 20:39:28.907 D/CombinedWidgetProvider( 1685): addFxWidget: WidgetSummary(Power Dashboard/FX_WIDGET/[I@4069bf20 x [I@4069a830/-2/ComponentInfo{com.htc.rosiewidgets.powerstrip/com.htc.rosiewidgets.powerstrip.PowerStripWidgetProvider}/[I@4069a310)
04-04 20:39:28.907 D/FxWidgetProvider( 1685): row 1
04-04 20:39:28.917 D/CombinedWidgetProvider( 1685): addFxWidget: WidgetSummary(Photo Album/FX_WIDGET/[I@40bcc038 x [I@40bcc058/-2/ComponentInfo{com.htc.photowidget3d/com.htc.photowidget3d.album.PhotoAlbumWidgetProvider}/[I@40bcc078)
04-04 20:39:28.917 D/FxWidgetProvider( 1685): row 1
04-04 20:39:28.927 D/CombinedWidgetProvider( 1685): addFxWidget: WidgetSummary(Photo Frame/FX_WIDGET/[I@40bccf88 x [I@40bccfa8/-2/ComponentInfo{com.htc.photowidget3d/com.htc.photowidget3d.frame.PhotoFrameWidgetProvider}/[I@40bccfc8)
04-04 20:39:28.927 D/FxWidgetProvider( 1685): row 1
04-04 20:39:28.937 D/CombinedWidgetProvider( 1685): addFxWidget: WidgetSummary(Photo Grid/FX_WIDGET/[I@40bcdec8 x [I@40bcdee8/-2/ComponentInfo{com.htc.rosiewidgets.photogridwidget3d/com.htc.rosiewidgets.photogridwidget3d.PhotoGridWidget3DProvider}/[I@40bcdf08)
04-04 20:39:28.937 D/FxWidgetProvider( 1685): row 1
04-04 20:39:28.947 D/CombinedWidgetProvider( 1685): addFxWidget: WidgetSummary(Navigate/FX_WIDGET/[I@40bcedd0 x [I@40bcedf0/-2/ComponentInfo{com.htc.laputa.widget3d.navigate/com.htc.laputa.widget3d.navigate.NavigateWidgetProvider}/[I@40bcee10)
04-04 20:39:28.947 D/FxWidgetProvider( 1685): row 1
04-04 20:39:28.957 D/CombinedWidgetProvider( 1685): addFxWidget: WidgetSummary(Navigate/FX_WIDGET/[I@40c4a1d0 x [I@40c4a1f0/-2/ComponentInfo{com.htc.laputa.widget3d.navigate/com.htc.laputa.widget3d.navigate.NavigateWidgetProvider}/[I@40c49268)
04-04 20:39:28.957 D/FxWidgetProvider( 1685): row 1
04-04 20:39:28.957 D/CombinedWidgetProvider( 1685): addFxWidget: WidgetSummary(Locations/FX_WIDGET/[I@40bb7528 x [I@40bb7548/-2/ComponentInfo{com.htc.laputa.widget3d.locations/com.htc.laputa.widget3d.locations.LocationsWidgetProvider}/[I@40bb0e88)
04-04 20:39:28.967 D/FxWidgetProvider( 1685): row 1
04-04 20:39:28.967 D/CombinedWidgetProvider( 1685): addFxWidget: WidgetSummary(News/FX_WIDGET/[I@40817c38 x [I@40817c58/-2/ComponentInfo{com.htc.googlereaderwidget/com.htc.googlereaderwidget.RosieWidgetReceiver}/[I@40817b18)
04-04 20:39:28.977 D/FxWidgetProvider( 1685): row 1
04-04 20:39:28.977 D/CombinedWidgetProvider( 1685): addFxWidget: WidgetSummary(News/FX_WIDGET/[I@40746e20 x [I@40742d48/-2/ComponentInfo{com.htc.googlereaderwidget/com.htc.googlereaderwidget.RosieWidgetReceiver}/[I@40742d68)
04-04 20:39:28.977 D/FxWidgetProvider( 1685): row 1
04-04 20:39:28.987 D/CombinedWidgetProvider( 1685): addFxWidget: WidgetSummary(Data Dashboard/FX_WIDGET/[I@40b8f968 x [I@40b8d2b8/-2/ComponentInfo{com.htc.rosiewidgets.datastrip/com.htc.rosiewidgets.datastrip.DataStripWidgetProvider}/[I@40b8d2d8)
04-04 20:39:28.987 D/FxWidgetProvider( 1685): row 1
04-04 20:39:28.997 D/CombinedWidgetProvider( 1685): addFxWidget: WidgetSummary(Data Roaming/FX_WIDGET/[I@4076f290 x [I@4076f2b0/-2/ComponentInfo{com.htc.rosiewidgets.dataroaming/com.htc.rosiewidgets.dataroaming.WidgetProvider}/[I@4076a1f0)
04-04 20:39:28.997 D/FxWidgetProvider( 1685): row 1
04-04 20:39:29.007 D/CombinedWidgetProvider( 1685): addFxWidget: WidgetSummary(Analog Clock/FX_WIDGET/[I@407e1450 x [I@407e1470/-2/ComponentInfo{com.htc.clock3dwidget/com.htc.clock3dwidget.ClockWidgetProvider}/[I@407d2308)
04-04 20:39:29.007 D/FxWidgetProvider( 1685): row 1
04-04 20:39:29.007 D/CombinedWidgetProvider( 1685): addFxWidget: WidgetSummary(Analog Clock/FX_WIDGET/[I@40c56d20 x [I@40684700/-2/ComponentInfo{com.htc.clock3dwidget/com.htc.clock3dwidget.ClockWidgetProvider}/[I@40684720)
04-04 20:39:29.017 D/FxWidgetProvider( 1685): row 1
04-04 20:39:29.017 D/CombinedWidgetProvider( 1685): addFxWidget: WidgetSummary(Weather Clock/FX_WIDGET/[I@40855428 x [I@40853f88/-2/ComponentInfo{com.htc.clock3dwidget/com.htc.clock3dwidget.ClockWidgetProvider}/[I@40853fa8)
04-04 20:39:29.027 D/FxWidgetProvider( 1685): row 1
04-04 20:39:29.027 D/CombinedWidgetProvider( 1685): addFxWidget: WidgetSummary(Travel Clock/FX_WIDGET/[I@40c163a0 x [I@40c16128/-2/ComponentInfo{com.htc.clock3dwidget/com.htc.clock3dwidget.ClockWidgetProvider}/[I@40c16148)
04-04 20:39:29.027 D/FxWidgetProvider( 1685): row 1
04-04 20:39:29.037 D/CombinedWidgetProvider( 1685): addFxWidget: WidgetSummary(Digital Clock/FX_WIDGET/[I@40c0bb88 x [I@40c0b678/-2/ComponentInfo{com.htc.clock3dwidget/com.htc.clock3dwidget.ClockWidgetProvider}/[I@40c0b698)
04-04 20:39:29.037 D/FxWidgetProvider( 1685): row 1
