04-04 20:39:29.037 I/ActivityThread( 2634): Pub com.htc.recommend.provider.HTCRecommendSuggestionProvider: com.htc.recommend.provider.HTCRecommendSuggestionProvider
04-04 20:39:29.047 D/CombinedWidgetProvider( 1685): addFxWidget: WidgetSummary(Analog Clock/FX_WIDGET/[I@40bff458 x [I@40bfefe8/-2/ComponentInfo{com.htc.clock3dwidget/com.htc.clock3dwidget.ClockWidgetProvider}/[I@40bff008)
04-04 20:39:29.047 I/ActivityManager( 1574): Start proc com.htc.wdm for broadcast com.htc.wdm/.receiver.HTCDirectReceiver: pid=2642 uid=10070 gids={3003, 2001, 1015}
04-04 20:39:29.057 D/FxWidgetProvider( 1685): row 1
04-04 20:39:29.077 I/ActivityManager( 1574): No longer want com.htc.home.personalize (pid 1872): hidden #16
04-04 20:39:29.087 I/ActivityThread( 2642): Pub com.htc.wdm.provider.HtcDirectCarouselProvider: com.htc.wdm.provider.HtcDirectCarouselProvider
04-04 20:39:29.087 I/ActivityThread( 2642): Pub com.htc.wdm.status.HtcDirectProvider: com.htc.wdm.status.HtcDirectProvider
04-04 20:39:29.097 D/HTC Hub ( 2642): /mnt/sdcard/.LHYGB/CKCL
04-04 20:39:29.097 D/HTC Hub ( 2642): no token file
04-04 20:39:29.097 D/HTC Hub ( 2642): no token file
04-04 20:39:29.097 D/HTC Hub ( 2642): Log settings are 
04-04 20:39:29.097 D/HTC Hub ( 2642): Enable General Log : false
04-04 20:39:29.097 D/HTC Hub ( 2642): Enable Analytic Log : false
04-04 20:39:29.097 D/HTC Hub ( 2642): Enable Normal Log Level (dependent on General Log) : false
04-04 20:39:29.097 D/HTC Hub ( 2642): Enable Critical Log Level (dependent on General Log) : false
04-04 20:39:29.107 I/ActivityManager( 1574): No longer want com.htc.sdm (pid 2163): hidden #16
04-04 20:39:29.117 I/ActivityManager( 1574): Start proc com.htc.htchubsyncprovider for content provider com.htc.htchubsyncprovider/.provider.MyDownloadsProvider: pid=2650 uid=10069 gids={3003, 2001, 1015}
04-04 20:39:29.147 D/MyHTC   ( 1901): PoweronReceiver.onReceive(): intent=android.intent.action.USER_PRESENT
04-04 20:39:29.147 I/ActivityManager( 1574): No longer want com.htc.musicenhancer (pid 2433): hidden #16
04-04 20:39:29.157 D/Twitter-MessageReceiver( 2470): action android.intent.action.USER_PRESENT
04-04 20:39:29.167 I/ActivityThread( 2650): Pub com.htc.wdm.provider.WDMProvider: com.htc.htchubsyncprovider.provider.WDMProvider
04-04 20:39:29.167 I/ActivityThread( 2650): Pub com.htc.wotaproviders.MyDownloadsProvider: com.htc.htchubsyncprovider.provider.MyDownloadsProvider
04-04 20:39:29.177 D/SqliteDatabaseCpp( 2650): dbopen(): path = /data/data/com.htc.htchubsyncprovider/databases , key = mqdksjlkYdw, flag = 6, file size = 6144
04-04 20:39:29.177 D/SqliteDatabaseCpp( 2650): dbopen(): path = /data/data/com.htc.htchubsyncprovider/databases , key = mqdksjlkYdw, mode: delete, disk free size: 7848 M, handle: 0xdacd0
04-04 20:39:29.197 D/PhoneApp( 1672): -- N3 =0
04-04 20:39:29.257 D/dalvikvm( 2230): GC_CONCURRENT freed 485K, 9% free 6682K/7303K, paused 85ms+1ms
04-04 20:39:29.407 D/dalvikvm( 1574): GC_EXPLICIT freed 1407K, 12% free 15896K/17991K, paused 2ms+5ms
04-04 20:39:29.447 D/AndroidRuntime( 2573): Shutting down VM
04-04 20:39:29.447 D/dalvikvm( 2573): GC_CONCURRENT freed 105K, 83% free 364K/2048K, paused 0ms+0ms
04-04 20:39:29.447 D/dalvikvm( 2573): Debugger has detached; object registry had 1 entries
04-04 20:39:29.457 I/AndroidRuntime( 2573): NOTE: attach of thread 'Binder Thread #3' failed
04-04 20:39:29.528 D/dalvikvm( 1574): GC_EXPLICIT freed 25K, 12% free 15879K/17991K, paused 2ms+3ms
04-04 20:39:29.538 D/CombinedWidgetProvider( 1685): addFxWidget: WidgetSummary(Analog Clock/FX_WIDGET/[I@40c2a768 x [I@40b9ad58/-2/ComponentInfo{com.htc.clock3dwidget/com.htc.clock3dwidget.ClockWidgetProvider}/[I@40b9a3e8)
04-04 20:39:29.538 D/FxWidgetProvider( 1685): row 1
04-04 20:39:29.538 D/CombinedWidgetProvider( 1685): addFxWidget: WidgetSummary(Analog Clock/FX_WIDGET/[I@40b88310 x [I@40d363a8/-2/ComponentInfo{com.htc.clock3dwidget/com.htc.clock3dwidget.ClockWidgetProvider}/[I@40b87af8)
04-04 20:39:29.548 D/SyncProvider( 2470): match settings
04-04 20:39:29.548 D/FxWidgetProvider( 1685): row 1
04-04 20:39:29.548 D/FacebookReceiver( 2470): Intent.ACTION_USER_PRESENT SyncInterval=3600000,currTime=1396643969555
04-04 20:39:29.558 D/FacebookReceiver( 2470): Intent.ACTION_USER_PRESENT lastStreamSyncTime=1396643969563,lastFriendSyncTime=1396643969563
04-04 20:39:29.558 D/CombinedWidgetProvider( 1685): addFxWidget: WidgetSummary(Analog Clock/FX_WIDGET/[I@40996130 x [I@4090b088/-2/ComponentInfo{com.htc.clock3dwidget/com.htc.clock3dwidget.ClockWidgetProvider}/[I@409957a8)
04-04 20:39:29.568 D/FxWidgetProvider( 1685): row 1
04-04 20:39:29.578 D/CombinedWidgetProvider( 1685): addFxWidget: WidgetSummary(Analog Clock/FX_WIDGET/[I@4094d3a8 x [I@40d09448/-2/ComponentInfo{com.htc.clock3dwidget/com.htc.clock3dwidget.ClockWidgetProvider}/[I@4094ca20)
04-04 20:39:29.578 D/SyncProvider( 2470): match settings
04-04 20:39:29.588 D/FxWidgetProvider( 1685): row 1
04-04 20:39:29.608 D/FlickrReceiver( 2470): Intent.ACTION_USER_PRESENT SyncInterval=3600000,currTime=1396643969593
04-04 20:39:29.608 D/FlickrReceiver( 2470): Intent.ACTION_USER_PRESENT lastStreamSyncTime=1396643969615,lastFriendSyncTime=1396643969615
04-04 20:39:29.608 D/CombinedWidgetProvider( 1685): addFxWidget: WidgetSummary(Analog Clock/FX_WIDGET/[I@407e1dc8 x [I@407e8fd8/-2/ComponentInfo{com.htc.clock3dwidget/com.htc.clock3dwidget.ClockWidgetProvider}/[I@407e8ff8)
04-04 20:39:29.608 D/FxWidgetProvider( 1685): row 1
04-04 20:39:29.618 D/SM:PackageReceiver( 2592): package added: package:uk.ac.st_andrews.cs.host.mk74.locygpslocalization
04-04 20:39:29.628 D/WidgetScanner( 1685): onReceive: Intent { act=android.intent.action.PACKAGE_ADDED dat=package:uk.ac.st_andrews.cs.host.mk74.locygpslocalization flg=0x10000010 cmp=com.htc.launcher/.widget.WidgetScannerTrigger (has extras) }
04-04 20:39:29.628 D/CombinedWidgetProvider( 1685): addFxWidget: WidgetSummary(Analog Clock/FX_WIDGET/[I@407260e0 x [I@40726100/-2/ComponentInfo{com.htc.clock3dwidget/com.htc.clock3dwidget.ClockWidgetProvider}/[I@4073af18)
04-04 20:39:29.638 D/WidgetScanner( 2599): onReceiveInternal: Intent { act=android.intent.action.PACKAGE_ADDED dat=package:uk.ac.st_andrews.cs.host.mk74.locygpslocalization flg=0x10000010 cmp=com.htc.launcher/.widget.WidgetScannerService (has extras) }
04-04 20:39:29.638 D/FxWidgetProvider( 1685): row 1
04-04 20:39:29.638 D/HtcWidgetScanner( 2599): onPackageAdded: uk.ac.st_andrews.cs.host.mk74.locygpslocalization
04-04 20:39:29.658 I/RegisterService( 2602): android.intent.action.PACKAGE_ADDED package:uk.ac.st_andrews.cs.host.mk74.locygpslocalization
04-04 20:39:29.668 D/CombinedWidgetProvider( 1685): addFxWidget: WidgetSummary(Social Clock/FX_WIDGET/[I@40c4f0f0 x [I@40c4f110/-2/ComponentInfo{com.htc.clock3dwidget/com.htc.clock3dwidget.ClockWidgetProvider}/[I@40c4f130)
04-04 20:39:29.668 D/FxWidgetProvider( 1685): row 1
04-04 20:39:29.668 I/ActivityManager( 1574): Start proc com.svox.pico for broadcast com.svox.pico/.VoiceDataInstallerReceiver: pid=2667 uid=10031 gids={}
04-04 20:39:29.678 D/CombinedWidgetProvider( 1685): addFxWidget: WidgetSummary(Beam Clock/FX_WIDGET/[I@40c2a8e8 x [I@40c2a908/-2/ComponentInfo{com.htc.clock3dwidget/com.htc.clock3dwidget.ClockWidgetProvider}/[I@40c2a928)
04-04 20:39:29.698 D/FxWidgetProvider( 1685): row 1
04-04 20:39:29.698 D/CombinedWidgetProvider( 1685): addFxWidget: WidgetSummary(Ring Clock/FX_WIDGET/[I@4075d8f0 x [I@4075d910/-2/ComponentInfo{com.htc.clock3dwidget/com.htc.clock3dwidget.ClockWidgetProvider}/[I@4075d930)
04-04 20:39:29.698 D/FxWidgetProvider( 1685): row 1
04-04 20:39:29.708 D/CombinedWidgetProvider( 1685): addFxWidget: WidgetSummary(Spin Cycle Clock/FX_WIDGET/[I@4075fbe0 x [I@4075fc00/-2/ComponentInfo{com.htc.clock3dwidget/com.htc.clock3dwidget.ClockWidgetProvider}/[I@40c814d0)
04-04 20:39:29.708 D/FxWidgetProvider( 1685): row 1
04-04 20:39:29.728 D/CombinedWidgetProvider( 1685): addFxWidget: WidgetSummary(Analog Clock/FX_WIDGET/[I@40bfe8e8 x [I@40c15648/-2/ComponentInfo{com.htc.clock3dwidget/com.htc.clock3dwidget.ClockWidgetProvider}/[I@40c15668)
04-04 20:39:29.728 D/FxWidgetProvider( 1685): row 1
04-04 20:39:29.748 D/CombinedWidgetProvider( 1685): addFxWidget: WidgetSummary(Calculator/FX_WIDGET/[I@40d4ce60 x [I@40d4ce80/-2/ComponentInfo{com.htc.android.fusion.calculator/com.htc.android.fusion.calculator.RosieIntentReceiver}/[I@4070efb0)
04-04 20:39:29.748 D/FxWidgetProvider( 1685): row 1
04-04 20:39:29.778 D/CombinedWidgetProvider( 1685): addFxWidget: WidgetSummary(Calculator/FX_WIDGET/[I@407b5e90 x [I@407b5eb0/-2/ComponentInfo{com.htc.android.fusion.calculator/com.htc.android.fusion.calculator.RosieIntentReceiver}/[I@407b5ed0)
04-04 20:39:29.778 D/FxWidgetProvider( 1685): row 1
04-04 20:39:29.778 I/ActivityThread( 2667): Pub com.svox.pico.providers.SettingsProvider: com.svox.pico.providers.SettingsProvider
04-04 20:39:29.778 D/CombinedWidgetProvider( 1685): addFxWidget: WidgetSummary(Calculator/FX_WIDGET/[I@40c29e10 x [I@40c29e30/-2/ComponentInfo{com.htc.android.fusion.calculator/com.htc.android.fusion.calculator.RosieIntentReceiver}/[I@40c29e50)
04-04 20:39:29.788 D/FxWidgetProvider( 1685): row 1
04-04 20:39:29.788 D/vicky   ( 2613): vicky received: android.intent.action.PACKAGE_ADDED
04-04 20:39:29.798 D/CombinedWidgetProvider( 1685): addFxWidget: WidgetSummary(Calculator/FX_WIDGET/[I@40c3a9c8 x [I@40c3a9e8/-2/ComponentInfo{com.htc.android.fusion.calculator/com.htc.android.fusion.calculator.RosieIntentReceiver}/[I@40c3aa08)
04-04 20:39:29.808 D/FxWidgetProvider( 1685): row 1
04-04 20:39:29.818 D/CombinedWidgetProvider( 1685): addFxWidget: WidgetSummary(Auto-sync/FX_WIDGET/[I@40c4a858 x [I@40c4a878/-2/ComponentInfo{com.htc.rosiewidgets.backgrounddata/com.htc.rosiewidgets.backgrounddata.BackgroundDataWidgetProvider}/[I@40c4c578)
04-04 20:39:29.828 D/FxWidgetProvider( 1685): row 1
04-04 20:39:29.838 D/GTalkService( 1712): [GTalkService.1] handlePackageInstalled: re-initialize providers
04-04 20:39:29.838 D/GTalkService( 1712): [RawStanzaProvidersMgr] ##### searchProvidersFromIntent
04-04 20:39:29.848 D/CombinedWidgetProvider( 1685): addFxWidget: WidgetSummary(Auto-rotate/FX_WIDGET/[I@40c5af80 x [I@40c5cc80/-2/ComponentInfo{com.htc.autorotatewidget/com.htc.autorotatewidget.AutoRotateWidgetProvider}/[I@40c5cca0)
04-04 20:39:29.848 D/FxWidgetProvider( 1685): row 1
04-04 20:39:29.848 I/ActivityManager( 1574): Start proc com.google.android.partnersetup for broadcast com.google.android.partnersetup/.RlzPingBroadcastReceiver: pid=2675 uid=10081 gids={3003}
04-04 20:39:29.868 D/CombinedWidgetProvider( 1685): addFxWidget: WidgetSummary(Stocks/FX_WIDGET/[I@40c63b70 x [I@40c63b90/-2/ComponentInfo{com.htc.android.fusion.StockWidget/com.htc.android.fusion.StockWidget.RosieWidgetReceiver}/[I@40c63bb0)
04-04 20:39:29.878 D/FxWidgetProvider( 1685): row 1
04-04 20:39:29.888 D/CombinedWidgetProvider( 1685): addFxWidget: WidgetSummary(Stocks/FX_WIDGET/[I@40c74980 x [I@40c749a0/-2/ComponentInfo{com.htc.android.fusion.StockWidget/com.htc.android.fusion.StockWidget.RosieWidgetReceiver}/[I@40c76458)
04-04 20:39:29.888 D/FxWidgetProvider( 1685): row 1
04-04 20:39:29.888 D/CombinedWidgetProvider( 1685): addFxWidget: WidgetSummary(Stocks/FX_WIDGET/[I@40c04558 x [I@40c04578/-2/ComponentInfo{com.htc.android.fusion.StockWidget/com.htc.android.fusion.StockWidget.RosieWidgetReceiver}/[I@40c04598)
04-04 20:39:29.888 D/CombinedWidgetProvider( 1685): -addFxWidgets diff: 2510
04-04 20:39:29.888 D/CombinedWidgetProvider( 1685): +addAppWidgetCategories
04-04 20:39:29.898 D/CombinedWidgetProvider( 1685): add AppWidget category: WidgetCategory(YouTube/APP_WIDGET/0)
04-04 20:39:29.898 D/CombinedWidgetProvider( 1685): add AppWidget category: WidgetCategory(Twitter (large)/APP_WIDGET/0)
04-04 20:39:29.898 D/CombinedWidgetProvider( 1685): add AppWidget category: WidgetCategory(Twitter (small)/APP_WIDGET/0)
04-04 20:39:29.898 D/CombinedWidgetProvider( 1685): add AppWidget category: WidgetCategory(Traffic/APP_WIDGET/0)
04-04 20:39:29.898 D/CombinedWidgetProvider( 1685): add AppWidget category: WidgetCategory(Latitude/APP_WIDGET/0)
04-04 20:39:29.898 D/CombinedWidgetProvider( 1685): add AppWidget category: WidgetCategory(Market/APP_WIDGET/0)
04-04 20:39:29.898 D/CombinedWidgetProvider( 1685): add AppWidget category: WidgetCategory(Google Search/APP_WIDGET/0)
04-04 20:39:29.908 D/CombinedWidgetProvider( 1685): add AppWidget category: WidgetCategory(Gmail/APP_WIDGET/0)
04-04 20:39:29.908 D/CombinedWidgetProvider( 1685): add AppWidget category: WidgetCategory(Bookmarks/APP_WIDGET/0)
04-04 20:39:29.908 D/CombinedWidgetProvider( 1685): -addAppWidgetCategories
04-04 20:39:29.908 D/CombinedWidgetProvider( 1685): +addHtcWidgetCategories
04-04 20:39:29.908 D/CombinedWidgetProvider( 1685):  uri: content://com.htc.launcher.widget.htcwidget/htcwidgets?category_only=true
04-04 20:39:29.908 D/HtcWidgetProvider( 1685): row 1
04-04 20:39:29.918 D/CombinedWidgetProvider( 1685): addHtcWidget Category: WidgetCategory(Tips for Home/HTC_WIDGET/1101)
04-04 20:39:29.918 D/CombinedWidgetProvider( 1685): -addHtcWidgetCategories
04-04 20:39:29.918 D/CombinedWidgetProvider( 1685): +addFxWidgetCategories
04-04 20:39:29.918 D/FxWidgetProvider( 1685): row 94
04-04 20:39:29.948 I/ActivityThread( 2675): Pub com.google.android.partnersetup.rlzprovider: com.google.android.partnersetup.RlzProvider
04-04 20:39:29.968 I/ActivityThread( 2675): Pub com.google.android.partnersetup.rlzappprovider: com.google.android.partnersetup.RlzAppProvider
04-04 20:39:29.978 I/ActivityManager( 1574): No longer want com.htc.pen (pid 2084): hidden #16
04-04 20:39:29.988 D/SM:PackageReceiver( 2592): package replaced: package:uk.ac.st_andrews.cs.host.mk74.locygpslocalization
04-04 20:39:29.998 D/AndroidRuntime( 2662): 
04-04 20:39:29.998 D/AndroidRuntime( 2662): >>>>>> AndroidRuntime START com.android.internal.os.RuntimeInit <<<<<<
04-04 20:39:30.008 I/ActivityManager( 1574): Start proc com.google.android.apps.maps:FriendService for broadcast com.google.android.apps.maps/com.google.googlenav.friend.android.ServiceReceiver: pid=2683 uid=10046 gids={3003, 1015}
04-04 20:39:30.028 D/AndroidRuntime( 2662): CheckJNI is OFF
04-04 20:39:30.068 D/dalvikvm( 1439): GC_EXPLICIT freed 11K, 5% free 6453K/6787K, paused 1ms+1ms
04-04 20:39:30.108 D/dalvikvm( 1439): GC_EXPLICIT freed <1K, 5% free 6453K/6787K, paused 1ms+1ms
04-04 20:39:30.158 D/dalvikvm( 1439): GC_EXPLICIT freed <1K, 5% free 6453K/6787K, paused 1ms+1ms
04-04 20:39:30.238 D/CursorWindowStats( 2662): Get CursorWindow size from framework resource:4194304
04-04 20:39:30.328 I/RegisterService( 2602): android.intent.action.PACKAGE_REPLACED package:uk.ac.st_andrews.cs.host.mk74.locygpslocalization
04-04 20:39:30.328 D/AndroidRuntime( 2662): Calling main entry com.android.commands.am.Am
04-04 20:39:30.368 D/dalvikvm( 2683): GC_CONCURRENT freed 160K, 4% free 6799K/7047K, paused 1ms+2ms
04-04 20:39:30.398 I/ActivityManager( 1574): Starting: Intent { act=android.intent.action.MAIN cat=[android.intent.category.LAUNCHER] flg=0x10000000 cmp=uk.ac.st_andrews.cs.host.mk74.locygpslocalization/.MainActivity } from pid 2662
04-04 20:39:30.468 D/ActivityManager( 1574): isSketcherDisabledInCurrentTask():false, ActivityRecord{4094a390 uk.ac.st_andrews.cs.host.mk74.locygpslocalization/.MainActivity}
04-04 20:39:30.468 D/HostWidgetManager( 1685): pauseWidgets: 2
04-04 20:39:30.488 D/AndroidRuntime( 2662): Shutting down VM
04-04 20:39:30.509 I/ActivityManager( 1574): Start proc uk.ac.st_andrews.cs.host.mk74.locygpslocalization for activity uk.ac.st_andrews.cs.host.mk74.locygpslocalization/.MainActivity: pid=2698 uid=10115 gids={}
04-04 20:39:30.519 D/SurfaceFlinger( 1438): getTokenForSurface(0xa9d2c) => 0 (client=0xa25d8, bitmap=00000003), pid=1574
04-04 20:39:30.519 D/msm7x30.gralloc( 1438): gpu_context_t::getGrallocInformationFromFormat  2 
04-04 20:39:30.539 D/dalvikvm( 2662): GC_CONCURRENT freed 106K, 81% free 397K/2048K, paused 0ms+0ms
04-04 20:39:30.539 D/jdwp    ( 2662): Got wake-up signal, bailing out of select
04-04 20:39:30.539 D/dalvikvm( 2662): Debugger has detached; object registry had 1 entries
04-04 20:39:30.619 D/dalvikvm( 2683): GC_CONCURRENT freed 136K, 5% free 7134K/7431K, paused 2ms+12ms
04-04 20:39:30.629 V/WindowManager( 1574): Starting animation in AppWindowToken{40a41430 token=ActivityRecord{40b6bb58 com.htc.launcher/.Launcher}} @ 1366001
04-04 20:39:30.629 V/WindowManager( 1574): Starting animation in AppWindowToken{40c70558 token=ActivityRecord{4094a390 uk.ac.st_andrews.cs.host.mk74.locygpslocalization/.MainActivity}} @ 1366001
04-04 20:39:30.639 V/WindowManager( 1574): Finished animation in AppWindowToken{40a41430 token=ActivityRecord{40b6bb58 com.htc.launcher/.Launcher}} @ 1366026
04-04 20:39:30.639 V/WindowManager( 1574): Finished animation in AppWindowToken{40c70558 token=ActivityRecord{4094a390 uk.ac.st_andrews.cs.host.mk74.locygpslocalization/.MainActivity}} @ 1366026
04-04 20:39:30.699 V/LocationManagerService( 1574): requestLocationUpdates
04-04 20:39:30.699 D/GpsLocationProvider( 1574): addListener+ @id: 10115
04-04 20:39:30.699 D/GpsLocationProvider( 1574): setMinTime 0
04-04 20:39:30.699 V/GpsLocationProvider( 1574): enableLocationTracking ++
04-04 20:39:30.699 D/GpsLocationProvider( 1574): [shen] debug
04-04 20:39:30.699 D/Sensors ( 1574): Enable akm: en = 1
04-04 20:39:30.699 V/LocationManagerService( 1574): _requestLocationUpdates: listener = Receiver{410b2468 Listener android.os.BinderProxy@410b2430}mUpdateRecords: {}
04-04 20:39:30.699 V/LocationManagerService( 1574): requestLocationUpdatesLocked: updateProvidersLocked
04-04 20:39:30.699 V/LocationManagerService( 1574): _requestLocationUpdates: provider = gps listener = Receiver{410b2468 Listener android.os.BinderProxy@410b2430}mUpdateRecords: {gps=UpdateRecord{410b2760 mProvider: gps mUid: 10115}}
04-04 20:39:30.709 I/System.out( 2698): LocyNavigatorThread has started
04-04 20:39:30.719 D/Socket_Alarm( 2683): registerHTCSocketMonitorCallBack
04-04 20:39:30.719 D/Socket_Alarm( 2683): set mSocketMonitor
04-04 20:39:30.719 D/Socket_Alarm( 2683): HTCSocketMonitorImpl::HTCSocketMonitorImpl
04-04 20:39:30.759 I/ActivityManager( 1574): No longer want android.process.media (pid 1748): hidden #16
04-04 20:39:30.769 D/ActivityManager( 1574): isSketcherDisabledInCurrentTask():false, ActivityRecord{4094a390 uk.ac.st_andrews.cs.host.mk74.locygpslocalization/.MainActivity}
04-04 20:39:30.769 I/ActivityManager( 1574): Start proc com.google.android.googlequicksearchbox for broadcast com.google.android.googlequicksearchbox/.SourceUpdateReceiver: pid=2710 uid=10080 gids={3003}
04-04 20:39:30.799 D/SurfaceFlinger( 1438): getTokenForSurface(0xb637c) => 0 (client=0xd0288, bitmap=00000001), pid=2698
04-04 20:39:30.849 D/msm7x30.gralloc( 1438): gpu_context_t::getGrallocInformationFromFormat  2 
04-04 20:39:30.879 I/ActivityManager( 1574): Displayed uk.ac.st_andrews.cs.host.mk74.locygpslocalization/.MainActivity: +380ms (total +21m46s981ms)
04-04 20:39:30.899 D/GpsLocationProvider( 1574): [handleMessage] message :8
04-04 20:39:30.899 I/ActivityThread( 2710): Pub com.google.android.googlequicksearchbox.shortcuts: com.google.android.googlequicksearchbox.WebHistoryProvider
04-04 20:39:30.899 D/msm7x30.gralloc( 1438): gpu_context_t::getGrallocInformationFromFormat  2 
04-04 20:39:30.909 I/ActivityThread( 2710): Pub com.google.android.googlequicksearchbox.google: com.google.android.googlequicksearchbox.google.GoogleSuggestionProvider
04-04 20:39:30.909 D/SurfaceFlinger( 1438): virtual void android::Layer::onRemoved(): lcblk (identity=17, status=0, token=0)
04-04 20:39:30.999 D/SqliteDatabaseCpp( 2710): dbopen(): path = /data/data/com.google.android.googlequicksearchbox/databases , key = iwf-`awtkvq, flag = 6, file size = 6144
04-04 20:39:30.999 D/SqliteDatabaseCpp( 2710): dbopen(): path = /data/data/com.google.android.googlequicksearchbox/databases , key = iwf-`awtkvq, mode: delete, disk free size: 7850 M, handle: 0x193378
04-04 20:39:31.029 D/GpsLocationProvider( 1574): [handleMessage] ADD_LISTENER
04-04 20:39:31.039 I/ActivityManager( 1574): Start proc com.htc.pen for broadcast com.htc.pen/.plugin.PenReceiver: pid=2723 uid=10040 gids={}
04-04 20:39:31.049 I/ActivityManager( 1574): No longer want com.android.settings (pid 2547): hidden #16
04-04 20:39:31.099 D/dalvikvm( 1712): GC_EXPLICIT freed 315K, 6% free 6819K/7239K, paused 4ms+6ms
04-04 20:39:31.149 I/ActivityThread( 2723): Pub com.htc.penmenu: com.htc.pen.provider.PenMenuProvider
04-04 20:39:31.159 I/ActivityThread( 2723): Pub com.htc.pen: com.htc.pen.provider.PenProvider
04-04 20:39:31.199 D/GpsLocationProvider( 1574): addListener(uk.ac.st_andrews.cs.host.mk74.locygpslocalization)
04-04 20:39:31.209 D/PhoneWindow( 1685): couldn't save which view has focus because the focused view android.widget.RelativeLayout@407c7b90 has no id.
04-04 20:39:31.209 D/SqliteDatabaseCpp( 2723): dbopen(): path = /data/data/com.htc.pen/databases , key = hej, flag = 6, file size = 15360
04-04 20:39:31.229 W/BinderNative( 2505): Uncaught exception from death notification
04-04 20:39:31.229 W/BinderNative( 2505): java.lang.NullPointerException
04-04 20:39:31.229 W/BinderNative( 2505): 	at android.app.ActivityThread.removeDeadProvider(ActivityThread.java:4405)
04-04 20:39:31.229 W/BinderNative( 2505): 	at android.app.ActivityThread$ProviderClientRecord.binderDied(ActivityThread.java:314)
04-04 20:39:31.229 W/BinderNative( 2505): 	at android.os.BinderProxy.sendDeathNotice(Binder.java:418)
04-04 20:39:31.229 W/BinderNative( 2505): 	at dalvik.system.NativeStart.run(Native Method)
04-04 20:39:31.249 D/SurfaceFlinger( 1438): virtual void android::Layer::onRemoved(): lcblk (identity=8, status=0, token=2)
04-04 20:39:31.249 D/SyncProvider( 2470): match settings
04-04 20:39:31.279 D/HtcWidgetProvider( 1685): row 3
04-04 20:39:31.279 D/GpsLocationProvider( 1574): [handleMessage] message :3
04-04 20:39:31.289 D/SqliteDatabaseCpp( 2723): dbopen(): path = /data/data/com.htc.pen/databases , key = hej, mode: delete, disk free size: 7850 M, handle: 0x19bb90
04-04 20:39:31.299 D/HtcWidgetScanner( 2599): count(onPackageUpdated) - 3
04-04 20:39:31.299 D/FxWidgetScanner( 2599): onPackageAdded: uk.ac.st_andrews.cs.host.mk74.locygpslocalization
04-04 20:39:31.309 D/FxWidgetScanner( 2599): addWidgetList
04-04 20:39:31.309 D/FxWidgetScanner( 2599): ResolveInfo size 0
04-04 20:39:31.309 D/GpsLocationProvider( 1574): [handleMessage] ENABLE_TRACKING
04-04 20:39:31.309 D/GpsLocationProvider( 1574): startNavigating
04-04 20:39:31.319 D/SurfaceFlinger( 1438): virtual void android::Layer::onRemoved(): lcblk (identity=7, status=0, token=1)
04-04 20:39:31.329 D/WidgetScanner( 2599): upadted? false
04-04 20:39:31.329 I/ActivityManager( 1574): No longer want com.android.defcontainer (pid 2581): hidden #16
04-04 20:39:31.339 D/GpsLocationProvider( 1574): HtcBuildFlag.HtcCIQFlag(FALSE)
04-04 20:39:31.349 D/lib_locapi( 1574): [GPS:] loc_eng_set_qos_time_out(standalone = 60000, agps = 89000)
04-04 20:39:31.359 V/GpsLocationProvider( 1574): set_agps_qos_time_out complete
04-04 20:39:31.359 D/GpsLocationProvider( 1574): GpsLocationProvider_set_position_mode
04-04 20:39:31.359 W/InputManagerService( 1574): Starting input on non-focused client com.android.internal.view.IInputMethodClient$Stub$Proxy@40bc3198 (uid=9999 pid=1685)
04-04 20:39:31.369 D/lib_locapi( 1574): [loc_eng_set_position_mode] host strcmp:15
04-04 20:39:31.369 D/lib_locapi( 1574): [GPS:] loc_eng_set_position mode, client = 1, interval = 1000, mode = 1
04-04 20:39:31.369 D/lib_locapi( 1574): [GPS:] htc_set_qos_accuracy(accuracy = 50)
04-04 20:39:31.379 D/lib_locapi( 1574): [GPS:] loc_eng_set_position mode: GPS_POSITION_MODE_MS_BASED
04-04 20:39:31.379 D/lib_locapi( 1574): [GPS:] loc_eng_set_position mode before IOCTL, interval=1000, mode =2 preferred_accuracy=50, qos_timeout_standalone=89000, recurrence_type=2
04-04 20:39:31.379 D/PenUtils( 2723): getDefaultPen() start 14
04-04 20:39:31.379 V/lib_locapi( 1574): loc_eng_ioctl called: client = 1, ioctl_type = 2
04-04 20:39:31.389 D/locapi_rpc_glue( 1574): loc_ioctl
04-04 20:39:31.389 D/RPC     ( 1574): written RPC packet size: [96]
04-04 20:39:31.389 D/RPC     ( 1574): read RPC packet
04-04 20:39:31.389 D/RPC     ( 1574): read RPC packet size: [28]
04-04 20:39:31.389 D/RPC     ( 1574): read RPC packet
04-04 20:39:31.389 D/RPC     ( 1574): read RPC packet size: [80]
04-04 20:39:31.389 V/locapi_rpc_glue( 1574): Callback received: 80 (cb_id=0x6260000 handle=1)
04-04 20:39:31.389 V/locapi_rpc_glue( 1574): +loc_api_callback_process_sync_call
04-04 20:39:31.389 V/locapi_rpc_glue( 1574): loc_api_callback_process_sync_call: callback arrives before wait, slot i=0
04-04 20:39:31.389 V/locapi_rpc_glue( 1574): -loc_api_callback_process_sync_call
04-04 20:39:31.389 D/RPC     ( 1574): written RPC packet size: [28]
04-04 20:39:31.389 V/locapi_rpc_glue( 1574): loc_api_sync_ioctl: select_id = 0, loc_ioctl returned 0
04-04 20:39:31.389 V/locapi_rpc_glue( 1574): +loc_wait_callback: select_id: 0
04-04 20:39:31.389 V/locapi_rpc_glue( 1574): -loc_wait_callback: cb has arrived
04-04 20:39:31.389 V/lib_locapi( 1574): loc_eng_ioctl result: client = 1, ioctl_type = 2, SUCCESS
04-04 20:39:31.399 V/GpsLocationProvider( 1574): set_position_mode complete
04-04 20:39:31.399 D/lib_locapi( 1574): [GPS:] loc_eng_start
04-04 20:39:31.399 D/locapi_rpc_glue( 1574): loc_start_fix
04-04 20:39:31.399 D/RPC     ( 1574): written RPC packet size: [44]
04-04 20:39:31.399 D/RPC     ( 1574): read RPC packet
04-04 20:39:31.399 D/RPC     ( 1574): read RPC packet size: [28]
04-04 20:39:31.409 D/GpsLocationProvider( 1574): reset SV count to zero
04-04 20:39:31.409 D/RPC     ( 1574): read RPC packet
04-04 20:39:31.409 D/RPC     ( 1574): read RPC packet size: [80]
04-04 20:39:31.409 V/locapi_rpc_glue( 1574): Callback received: 100 (cb_id=0x6260000 handle=1)
04-04 20:39:31.409 V/locapi_rpc_glue( 1574): +loc_api_callback_process_sync_call
04-04 20:39:31.419 V/locapi_rpc_glue( 1574): -loc_api_callback_process_sync_call, no sync call in use
04-04 20:39:31.419 D/lib_locapi( 1574): [GPS:] loc_eng_report_status: GPS_STATUS_SESSION_BEGIN
04-04 20:39:31.419 D/lib_locapi( 1574): [GPS:] loc_eng_report_status: issue callback with status 1
04-04 20:39:31.419 V/GpsLocationProvider( 1574): reportStatus status: 0
04-04 20:39:31.419 D/GpsLocationProvider( 1574): [reportStatus] mNavigating:false mEngineOn:false mDownloadXtraDataPending:true
04-04 20:39:31.419 D/GpsLocationProvider( 1574): [reportStatus] trigger DOWNLOAD_XTRA_DATA
04-04 20:39:31.419 D/lib_locapi( 1574): [GPS:] loc_eng_report_status: update status
04-04 20:39:31.419 V/GpsLocationProvider( 1574): reportStatus status: 1
04-04 20:39:31.419 W/GpsLocationProvider( 1574): GPS notify that the GPS has been change action
04-04 20:39:31.419 W/GpsLocationProvider( 1574): GPS_ENABLED_CHANGE_ACTION: android.location.GPS_ENABLED_CHANGE EXTRA_GPS_ENABLED: enabled
04-04 20:39:31.429 D/GpsLocationProvider( 1574): [reportStatus] mNavigating:true mEngineOn:false mDownloadXtraDataPending:true
04-04 20:39:31.429 D/RPC     ( 1574): written RPC packet size: [28]
04-04 20:39:31.429 D/RPC     ( 1574): read RPC packet
04-04 20:39:31.439 D/RPC     ( 1574): read RPC packet size: [84]
04-04 20:39:31.449 V/locapi_rpc_glue( 1574): Callback received: 40 (cb_id=0x6260000 handle=1)
04-04 20:39:31.449 V/locapi_rpc_glue( 1574): +loc_api_callback_process_sync_call
04-04 20:39:31.449 V/locapi_rpc_glue( 1574): -loc_api_callback_process_sync_call, no sync call in use
04-04 20:39:31.449 D/lib_locapi( 1574): loc_event_cb: GPS_REQUEST_AGPS_DATA_CONN
04-04 20:39:31.449 D/GpsLocationProvider( 1574): GPS_REQUEST_AGPS_DATA_CONN
04-04 20:39:31.449 D/GpsLocationProvider( 1574): mConnMgr.startUsingNetworkFeature result: 2
04-04 20:39:31.449 D/GpsLocationProvider( 1574): startUsingNetworkFeature failed
04-04 20:39:31.449 D/lib_locapi( 1574): [GPS:] loc_eng_agps_data_conn_failed
04-04 20:39:31.449 D/lib_locapi( 1574): [GPS:] loc_eng_process_atl_deferred_action 
04-04 20:39:31.449 D/lib_locapi( 1574): loc_eng_process_atl_deferred_action, send ATL_OPEN_FAIL
04-04 20:39:31.449 D/RPC     ( 1574): written RPC packet size: [28]
04-04 20:39:31.449 D/ConnectivityService( 1574): startUsingNetworkFeature for net 0: enableSUPL by 1574/1000
04-04 20:39:31.449 D/ConnectivityService( 1574): special network 3 not available
04-04 20:39:31.489 D/ActivityManager( 1574): isSketcherDisabledInCurrentTask():false, ActivityRecord{4094a390 uk.ac.st_andrews.cs.host.mk74.locygpslocalization/.MainActivity}
04-04 20:39:31.509 D/SurfaceFlinger( 1438): getTokenForSurface(0x63484) => 1 (client=0xa3dd8, bitmap=00000003), pid=1650
04-04 20:39:31.509 D/msm7x30.gralloc( 1438): gpu_context_t::getGrallocInformationFromFormat  1 
04-04 20:39:31.529 D/GpsLocationProvider( 1574): [handleMessage] message :6
04-04 20:39:31.540 D/GpsLocationProvider( 1574): [handleMessage] DOWNLOAD_XTRA_DATA mSupportsXtra:true
04-04 20:39:31.550 D/GpsLocationProvider( 1574): handleDownloadXtraData+++
04-04 20:39:31.550 D/GpsLocationProvider( 1574): [handleDownloadXtraData] mNetworkAvailable:false mDisableXtraDownload:false mNavigating:true mEngineOn:false
04-04 20:39:31.550 D/GpsLocationProvider( 1574): [handleDownloadXtraData] pending until Network available or GPS Engine stop
04-04 20:39:31.660 D/RPC     ( 1574): read RPC packet
04-04 20:39:31.660 D/RPC     ( 1574): read RPC packet size: [80]
04-04 20:39:31.660 V/locapi_rpc_glue( 1574): Callback received: 100 (cb_id=0x6260000 handle=1)
04-04 20:39:31.660 V/locapi_rpc_glue( 1574): +loc_api_callback_process_sync_call
04-04 20:39:31.660 V/locapi_rpc_glue( 1574): -loc_api_callback_process_sync_call, no sync call in use
04-04 20:39:31.660 D/RPC     ( 1574): written RPC packet size: [28]
04-04 20:39:31.670 D/PenUtils( 2723): getDefaultPen() end 46
04-04 20:39:31.670 D/PenUtils( 2384): getAllPen() start 96
04-04 20:39:31.670 I/MySketcher( 2384): onReceive: com.htc.pen.refreshed
04-04 20:39:31.690 I/MySketcher( 2384): [SketcherWorker] onStartCommand: com.htc.action.PREPARE_VARS
04-04 20:39:31.690 I/MySketcher( 2384): prepareContentVars entered
04-04 20:39:31.690 I/MySketcher( 2384):  getContentView  , in thread:2384
04-04 20:39:31.810 D/CombinedWidgetProvider( 1685): +addFxWidgetCategories: default
04-04 20:39:31.810 D/CombinedWidgetProvider( 1685): addFxWidget Category: WidgetCategory(Watch/FX_WIDGET/-2)
04-04 20:39:31.810 D/CombinedWidgetProvider( 1685): +addFxWidgetCategories: default
04-04 20:39:31.810 D/CombinedWidgetProvider( 1685): addFxWidget Category: WidgetCategory(Mail/FX_WIDGET/-2)
04-04 20:39:31.810 D/CombinedWidgetProvider( 1685): +addFxWidgetCategories: default
04-04 20:39:31.810 D/CombinedWidgetProvider( 1685): addFxWidget Category: WidgetCategory(People/FX_WIDGET/-2)
04-04 20:39:31.810 D/CombinedWidgetProvider( 1685): +addFxWidgetCategories: default
04-04 20:39:31.810 D/CombinedWidgetProvider( 1685): addFxWidget Category: WidgetCategory(Calendar/FX_WIDGET/-2)
04-04 20:39:31.810 D/CombinedWidgetProvider( 1685): +addFxWidgetCategories: default
04-04 20:39:31.810 D/CombinedWidgetProvider( 1685): addFxWidget Category: WidgetCategory(Bookmarks/FX_WIDGET/-2)
04-04 20:39:31.810 D/CombinedWidgetProvider( 1685): +addFxWidgetCategories: default
04-04 20:39:31.810 D/CombinedWidgetProvider( 1685): addFxWidget Category: WidgetCategory(Messages/FX_WIDGET/-2)
04-04 20:39:31.810 D/CombinedWidgetProvider( 1685): +addFxWidgetCategories: default
04-04 20:39:31.810 D/CombinedWidgetProvider( 1685): addFxWidget Category: WidgetCategory(Twitter/FX_WIDGET/-2)
04-04 20:39:31.820 D/CombinedWidgetProvider( 1685): +addFxWidgetCategories: default
04-04 20:39:31.820 D/CombinedWidgetProvider( 1685): addFxWidget Category: WidgetCategory(Trends/FX_WIDGET/-2)
04-04 20:39:31.820 D/CombinedWidgetProvider( 1685): +addFxWidgetCategories: default
04-04 20:39:31.820 D/msm7x30.gralloc( 1438): gpu_context_t::getGrallocInformationFromFormat  1 
04-04 20:39:31.830 D/CombinedWidgetProvider( 1685): addFxWidget Category: WidgetCategory(Sync All/FX_WIDGET/-2)
04-04 20:39:31.830 D/CombinedWidgetProvider( 1685): +addFxWidgetCategories: default
04-04 20:39:31.830 D/CombinedWidgetProvider( 1685): addFxWidget Category: WidgetCategory(Music/FX_WIDGET/-2)
04-04 20:39:31.830 D/CombinedWidgetProvider( 1685): +addFxWidgetCategories: default
04-04 20:39:31.830 D/CombinedWidgetProvider( 1685): addFxWidget Category: WidgetCategory(Friend Stream/FX_WIDGET/-2)
04-04 20:39:31.830 D/CombinedWidgetProvider( 1685): +addFxWidgetCategories: default
04-04 20:39:31.830 D/CombinedWidgetProvider( 1685): addFxWidget Category: WidgetCategory(My Shelf/FX_WIDGET/-2)
04-04 20:39:31.830 D/CombinedWidgetProvider( 1685): +addFxWidgetCategories: default
04-04 20:39:31.840 D/CombinedWidgetProvider( 1685): addFxWidget Category: WidgetCategory(Weather/FX_WIDGET/-2)
04-04 20:39:31.840 D/CombinedWidgetProvider( 1685): +addFxWidgetCategories: default
04-04 20:39:31.840 D/CombinedWidgetProvider( 1685): addFxWidget Category: WidgetCategory(Notes/FX_WIDGET/-2)
04-04 20:39:31.840 D/CombinedWidgetProvider( 1685): +addFxWidgetCategories: default
04-04 20:39:31.840 D/CombinedWidgetProvider( 1685): addFxWidget Category: WidgetCategory(HTC Likes/FX_WIDGET/-2)
04-04 20:39:31.840 D/CombinedWidgetProvider( 1685): +addFxWidgetCategories: default
04-04 20:39:31.840 D/CombinedWidgetProvider( 1685): addFxWidget Category: WidgetCategory(Photo Album/FX_WIDGET/-2)
04-04 20:39:31.840 D/CombinedWidgetProvider( 1685): +addFxWidgetCategories: default
04-04 20:39:31.850 D/CombinedWidgetProvider( 1685): addFxWidget Category: WidgetCategory(Photo Frame/FX_WIDGET/-2)
04-04 20:39:31.850 D/CombinedWidgetProvider( 1685): +addFxWidgetCategories: default
04-04 20:39:31.850 D/CombinedWidgetProvider( 1685): addFxWidget Category: WidgetCategory(Photo Grid/FX_WIDGET/-2)
04-04 20:39:31.850 D/CombinedWidgetProvider( 1685): +addFxWidgetCategories: default
04-04 20:39:31.850 D/CombinedWidgetProvider( 1685): addFxWidget Category: WidgetCategory(Navigate/FX_WIDGET/-2)
04-04 20:39:31.850 D/CombinedWidgetProvider( 1685): +addFxWidgetCategories: default
04-04 20:39:31.860 D/CombinedWidgetProvider( 1685): addFxWidget Category: WidgetCategory(Locations/FX_WIDGET/-2)
04-04 20:39:31.860 D/CombinedWidgetProvider( 1685): +addFxWidgetCategories: default
04-04 20:39:31.860 D/CombinedWidgetProvider( 1685): addFxWidget Category: WidgetCategory(News/FX_WIDGET/-2)
04-04 20:39:31.860 D/CombinedWidgetProvider( 1685): +addFxWidgetCategories: default
04-04 20:39:31.860 D/CombinedWidgetProvider( 1685): addFxWidget Category: WidgetCategory(Clock/FX_WIDGET/-2)
04-04 20:39:31.860 D/CombinedWidgetProvider( 1685): +addFxWidgetCategories: default
04-04 20:39:31.860 D/CombinedWidgetProvider( 1685): addFxWidget Category: WidgetCategory(Calculator/FX_WIDGET/-2)
04-04 20:39:31.870 D/CombinedWidgetProvider( 1685): +addFxWidgetCategories: default
04-04 20:39:31.870 D/CombinedWidgetProvider( 1685): addFxWidget Category: WidgetCategory(Stocks/FX_WIDGET/-2)
04-04 20:39:31.870 D/CombinedWidgetProvider( 1685): -addFxWidgetCategories
04-04 20:39:32.050 D/dalvikvm( 1685): GC_CONCURRENT freed 2813K, 23% free 10620K/13703K, paused 2ms+17ms
04-04 20:39:32.120 I/SimplePen( 2384): created render with defaul alpha: 180, color: -1275068161, width: 3.0
04-04 20:39:32.130 I/ActivityManager( 1574): No longer want com.htc.wdm (pid 2642): hidden #16
04-04 20:39:32.140 D/PenUtils( 2384): getAllPen() end 200
04-04 20:39:32.150 D/PenMenu ( 2384): mPenTypeLoadingListener runnable - onFinish
04-04 20:39:32.180 D/dalvikvm( 2384): GC_CONCURRENT freed 604K, 9% free 8843K/9671K, paused 2ms+8ms
04-04 20:39:32.290 D/dalvikvm( 2384): GC_FOR_ALLOC freed 843K, 14% free 8469K/9735K, paused 18ms
04-04 20:39:32.370 D/dalvikvm( 2384): GC_CONCURRENT freed 369K, 10% free 8775K/9735K, paused 2ms+2ms
04-04 20:39:32.450 V/lib_locapi( 1574): loc_eng_ioctl called: client = 1, ioctl_type = 409
04-04 20:39:32.450 D/locapi_rpc_glue( 1574): loc_ioctl
04-04 20:39:32.450 D/RPC     ( 1574): written RPC packet size: [164]
04-04 20:39:32.450 D/RPC     ( 1574): read RPC packet
04-04 20:39:32.450 D/RPC     ( 1574): read RPC packet size: [28]
04-04 20:39:32.450 V/locapi_rpc_glue( 1574): loc_api_sync_ioctl: select_id = 0, loc_ioctl returned 0
04-04 20:39:32.450 V/locapi_rpc_glue( 1574): +loc_wait_callback: select_id: 0
04-04 20:39:32.450 D/RPC     ( 1574): read RPC packet
04-04 20:39:32.450 D/RPC     ( 1574): read RPC packet size: [80]
04-04 20:39:32.450 V/locapi_rpc_glue( 1574): Callback received: 80 (cb_id=0x6260000 handle=1)
04-04 20:39:32.450 V/locapi_rpc_glue( 1574): +loc_api_callback_process_sync_call
04-04 20:39:32.450 V/locapi_rpc_glue( 1574): loc_api_callback_process_sync_call: signal cb wait, slot i=0
04-04 20:39:32.450 V/locapi_rpc_glue( 1574): loc_wait_callback: wait cb SUCCESS
04-04 20:39:32.450 V/locapi_rpc_glue( 1574): -loc_wait_callback
04-04 20:39:32.450 V/lib_locapi( 1574): loc_eng_ioctl result: client = 1, ioctl_type = 409, SUCCESS
04-04 20:39:32.450 D/lib_locapi( 1574): [GPS:] loc_eng_report_status: GPS_STATUS_ENGINE_ON
04-04 20:39:32.450 D/lib_locapi( 1574): [GPS:] loc_eng_report_status: issue callback with status 3
04-04 20:39:32.450 V/GpsLocationProvider( 1574): reportStatus status: 0
04-04 20:39:32.450 D/GpsLocationProvider( 1574): [reportStatus] mNavigating:true mEngineOn:false mDownloadXtraDataPending:true
04-04 20:39:32.460 V/GpsLocationProvider( 1574): reportStatus status: 0
04-04 20:39:32.460 D/GpsLocationProvider( 1574): [reportStatus] mNavigating:true mEngineOn:false mDownloadXtraDataPending:true
04-04 20:39:32.460 D/lib_locapi( 1574): [GPS:] loc_eng_report_status: update status
04-04 20:39:32.460 V/GpsLocationProvider( 1574): reportStatus status: 3
04-04 20:39:32.460 D/GpsLocationProvider( 1574): [reportStatus] mNavigating:true mEngineOn:true mDownloadXtraDataPending:true
04-04 20:39:32.460 V/locapi_rpc_glue( 1574): -loc_api_callback_process_sync_call
04-04 20:39:32.460 D/RPC     ( 1574): written RPC packet size: [28]
04-04 20:39:32.470 D/dalvikvm( 2384): GC_FOR_ALLOC freed 1006K, 16% free 8235K/9735K, paused 27ms
04-04 20:39:32.540 D/dalvikvm( 2384): GC_CONCURRENT freed 164K, 12% free 8663K/9735K, paused 1ms+3ms
04-04 20:39:33.071 D/dalvikvm( 1674): GC_CONCURRENT freed 266K, 9% free 7902K/8647K, paused 1ms+2ms
04-04 20:39:33.171 D/RPC     ( 1574): read RPC packet
04-04 20:39:33.171 D/RPC     ( 1574): read RPC packet size: [272]
04-04 20:39:33.181 V/locapi_rpc_glue( 1574): Callback received: 4 (cb_id=0x6260000 handle=1)
04-04 20:39:33.181 V/locapi_rpc_glue( 1574): +loc_api_callback_process_sync_call
04-04 20:39:33.181 V/locapi_rpc_glue( 1574): -loc_api_callback_process_sync_call, no sync call in use
04-04 20:39:33.181 D/RPC     ( 1574): written RPC packet size: [28]
04-04 20:39:33.181 D/RPC     ( 1574): read RPC packet
04-04 20:39:33.181 D/RPC     ( 1574): read RPC packet size: [272]
04-04 20:39:33.181 V/locapi_rpc_glue( 1574): Callback received: 4 (cb_id=0x6260000 handle=1)
04-04 20:39:33.181 V/locapi_rpc_glue( 1574): +loc_api_callback_process_sync_call
04-04 20:39:33.181 V/locapi_rpc_glue( 1574): -loc_api_callback_process_sync_call, no sync call in use
04-04 20:39:33.181 D/RPC     ( 1574): written RPC packet size: [28]
04-04 20:39:33.181 D/RPC     ( 1574): read RPC packet
04-04 20:39:33.181 D/RPC     ( 1574): read RPC packet size: [272]
04-04 20:39:33.181 V/locapi_rpc_glue( 1574): Callback received: 4 (cb_id=0x6260000 handle=1)
04-04 20:39:33.181 V/locapi_rpc_glue( 1574): +loc_api_callback_process_sync_call
04-04 20:39:33.181 V/locapi_rpc_glue( 1574): -loc_api_callback_process_sync_call, no sync call in use
04-04 20:39:33.181 D/RPC     ( 1574): written RPC packet size: [28]
04-04 20:39:33.181 D/RPC     ( 1574): read RPC packet
04-04 20:39:33.181 D/RPC     ( 1574): read RPC packet size: [272]
04-04 20:39:33.181 V/locapi_rpc_glue( 1574): Callback received: 4 (cb_id=0x6260000 handle=1)
04-04 20:39:33.181 V/locapi_rpc_glue( 1574): +loc_api_callback_process_sync_call
04-04 20:39:33.181 V/locapi_rpc_glue( 1574): -loc_api_callback_process_sync_call, no sync call in use
04-04 20:39:33.181 D/RPC     ( 1574): written RPC packet size: [28]
04-04 20:39:33.181 D/RPC     ( 1574): read RPC packet
04-04 20:39:33.181 D/RPC     ( 1574): read RPC packet size: [96]
04-04 20:39:33.181 V/locapi_rpc_glue( 1574): Callback received: 2 (cb_id=0x6260000 handle=1)
04-04 20:39:33.181 V/locapi_rpc_glue( 1574): +loc_api_callback_process_sync_call
04-04 20:39:33.181 V/locapi_rpc_glue( 1574): -loc_api_callback_process_sync_call, no sync call in use
04-04 20:39:33.181 D/lib_locapi( 1574): loc_eng_report_sv: valid_mask = 0x30, num of sv = 0
04-04 20:39:33.181 D/GpsLocationProvider( 1574): reportSvStatus
04-04 20:39:33.181 V/GpsLocationProvider( 1574): SV count: 0 ephemerisMask: 0 almanacMask: 0
04-04 20:39:33.181 D/RPC     ( 1574): written RPC packet size: [28]
04-04 20:39:33.191 D/RPC     ( 1574): read RPC packet
04-04 20:39:33.191 D/RPC     ( 1574): read RPC packet size: [272]
04-04 20:39:33.191 V/locapi_rpc_glue( 1574): Callback received: 4 (cb_id=0x6260000 handle=1)
04-04 20:39:33.191 V/locapi_rpc_glue( 1574): +loc_api_callback_process_sync_call
04-04 20:39:33.191 V/locapi_rpc_glue( 1574): -loc_api_callback_process_sync_call, no sync call in use
04-04 20:39:33.191 D/RPC     ( 1574): written RPC packet size: [28]
04-04 20:39:33.191 D/RPC     ( 1574): read RPC packet
04-04 20:39:33.191 D/RPC     ( 1574): read RPC packet size: [272]
04-04 20:39:33.191 V/locapi_rpc_glue( 1574): Callback received: 4 (cb_id=0x6260000 handle=1)
04-04 20:39:33.191 V/locapi_rpc_glue( 1574): +loc_api_callback_process_sync_call
04-04 20:39:33.191 V/locapi_rpc_glue( 1574): -loc_api_callback_process_sync_call, no sync call in use
04-04 20:39:33.191 D/RPC     ( 1574): written RPC packet size: [28]
04-04 20:39:33.191 D/RPC     ( 1574): read RPC packet
04-04 20:39:33.191 D/RPC     ( 1574): read RPC packet size: [272]
04-04 20:39:33.191 V/locapi_rpc_glue( 1574): Callback received: 4 (cb_id=0x6260000 handle=1)
04-04 20:39:33.191 V/locapi_rpc_glue( 1574): +loc_api_callback_process_sync_call
04-04 20:39:33.191 V/locapi_rpc_glue( 1574): -loc_api_callback_process_sync_call, no sync call in use
04-04 20:39:33.201 D/RPC     ( 1574): written RPC packet size: [28]
04-04 20:39:33.201 D/RPC     ( 1574): read RPC packet
04-04 20:39:33.201 D/RPC     ( 1574): read RPC packet size: [272]
04-04 20:39:33.201 V/locapi_rpc_glue( 1574): Callback received: 4 (cb_id=0x6260000 handle=1)
04-04 20:39:33.201 V/locapi_rpc_glue( 1574): +loc_api_callback_process_sync_call
04-04 20:39:33.201 V/locapi_rpc_glue( 1574): -loc_api_callback_process_sync_call, no sync call in use
04-04 20:39:33.201 D/RPC     ( 1574): written RPC packet size: [28]
04-04 20:39:33.411 D/RPC     ( 1574): read RPC packet
04-04 20:39:33.411 D/RPC     ( 1574): read RPC packet size: [208]
04-04 20:39:33.411 V/locapi_rpc_glue( 1574): Callback received: 1 (cb_id=0x6260000 handle=1)
04-04 20:39:33.411 V/locapi_rpc_glue( 1574): +loc_api_callback_process_sync_call
04-04 20:39:33.411 V/locapi_rpc_glue( 1574): -loc_api_callback_process_sync_call, no sync call in use
04-04 20:39:33.411 D/lib_locapi( 1574): loc_eng_report_position: valid mask = 0x606d, sess status = 1
04-04 20:39:33.411 D/RPC     ( 1574): written RPC packet size: [28]
04-04 20:39:33.762 I/System.out( 2698): Location: unknown | GPSNavigator running:true
04-04 20:39:33.762 I/System.out( 2698): Battery level: 99 | Time difference: -1
04-04 20:39:34.182 D/RPC     ( 1574): read RPC packet
04-04 20:39:34.182 D/RPC     ( 1574): read RPC packet size: [272]
04-04 20:39:34.182 V/locapi_rpc_glue( 1574): Callback received: 4 (cb_id=0x6260000 handle=1)
04-04 20:39:34.182 V/locapi_rpc_glue( 1574): +loc_api_callback_process_sync_call
04-04 20:39:34.182 V/locapi_rpc_glue( 1574): -loc_api_callback_process_sync_call, no sync call in use
04-04 20:39:34.182 D/RPC     ( 1574): written RPC packet size: [28]
04-04 20:39:34.182 D/RPC     ( 1574): read RPC packet
04-04 20:39:34.192 D/RPC     ( 1574): read RPC packet size: [272]
04-04 20:39:34.192 V/locapi_rpc_glue( 1574): Callback received: 4 (cb_id=0x6260000 handle=1)
04-04 20:39:34.192 V/locapi_rpc_glue( 1574): +loc_api_callback_process_sync_call
04-04 20:39:34.192 V/locapi_rpc_glue( 1574): -loc_api_callback_process_sync_call, no sync call in use
04-04 20:39:34.192 D/RPC     ( 1574): written RPC packet size: [28]
04-04 20:39:34.202 D/RPC     ( 1574): read RPC packet
04-04 20:39:34.202 D/RPC     ( 1574): read RPC packet size: [272]
04-04 20:39:34.202 V/locapi_rpc_glue( 1574): Callback received: 4 (cb_id=0x6260000 handle=1)
04-04 20:39:34.202 V/locapi_rpc_glue( 1574): +loc_api_callback_process_sync_call
04-04 20:39:34.202 V/locapi_rpc_glue( 1574): -loc_api_callback_process_sync_call, no sync call in use
04-04 20:39:34.202 D/RPC     ( 1574): written RPC packet size: [28]
04-04 20:39:34.212 D/RPC     ( 1574): read RPC packet
04-04 20:39:34.212 D/RPC     ( 1574): read RPC packet size: [272]
04-04 20:39:34.212 V/locapi_rpc_glue( 1574): Callback received: 4 (cb_id=0x6260000 handle=1)
04-04 20:39:34.212 V/locapi_rpc_glue( 1574): +loc_api_callback_process_sync_call
04-04 20:39:34.212 V/locapi_rpc_glue( 1574): -loc_api_callback_process_sync_call, no sync call in use
04-04 20:39:34.212 D/RPC     ( 1574): written RPC packet size: [28]
04-04 20:39:34.212 D/RPC     ( 1574): read RPC packet
04-04 20:39:34.222 D/RPC     ( 1574): read RPC packet size: [96]
04-04 20:39:34.222 V/locapi_rpc_glue( 1574): Callback received: 2 (cb_id=0x6260000 handle=1)
04-04 20:39:34.222 V/locapi_rpc_glue( 1574): +loc_api_callback_process_sync_call
04-04 20:39:34.222 V/locapi_rpc_glue( 1574): -loc_api_callback_process_sync_call, no sync call in use
04-04 20:39:34.222 D/lib_locapi( 1574): loc_eng_report_sv: valid_mask = 0x30, num of sv = 0
04-04 20:39:34.222 D/GpsLocationProvider( 1574): reportSvStatus
04-04 20:39:34.222 V/GpsLocationProvider( 1574): SV count: 0 ephemerisMask: 0 almanacMask: 0
04-04 20:39:34.232 D/RPC     ( 1574): written RPC packet size: [28]
04-04 20:39:34.232 D/RPC     ( 1574): read RPC packet
04-04 20:39:34.232 D/RPC     ( 1574): read RPC packet size: [272]
04-04 20:39:34.232 V/locapi_rpc_glue( 1574): Callback received: 4 (cb_id=0x6260000 handle=1)
04-04 20:39:34.232 V/locapi_rpc_glue( 1574): +loc_api_callback_process_sync_call
04-04 20:39:34.242 V/locapi_rpc_glue( 1574): -loc_api_callback_process_sync_call, no sync call in use
04-04 20:39:34.242 D/RPC     ( 1574): written RPC packet size: [28]
04-04 20:39:34.242 D/RPC     ( 1574): read RPC packet
04-04 20:39:34.252 D/RPC     ( 1574): read RPC packet size: [272]
04-04 20:39:34.252 V/locapi_rpc_glue( 1574): Callback received: 4 (cb_id=0x6260000 handle=1)
04-04 20:39:34.252 V/locapi_rpc_glue( 1574): +loc_api_callback_process_sync_call
04-04 20:39:34.252 V/locapi_rpc_glue( 1574): -loc_api_callback_process_sync_call, no sync call in use
04-04 20:39:34.252 D/RPC     ( 1574): written RPC packet size: [28]
04-04 20:39:34.252 D/RPC     ( 1574): read RPC packet
04-04 20:39:34.252 D/RPC     ( 1574): read RPC packet size: [272]
04-04 20:39:34.262 V/locapi_rpc_glue( 1574): Callback received: 4 (cb_id=0x6260000 handle=1)
04-04 20:39:34.262 V/locapi_rpc_glue( 1574): +loc_api_callback_process_sync_call
04-04 20:39:34.262 V/locapi_rpc_glue( 1574): -loc_api_callback_process_sync_call, no sync call in use
04-04 20:39:34.262 D/RPC     ( 1574): written RPC packet size: [28]
04-04 20:39:34.262 D/RPC     ( 1574): read RPC packet
04-04 20:39:34.272 D/RPC     ( 1574): read RPC packet size: [272]
04-04 20:39:34.272 V/locapi_rpc_glue( 1574): Callback received: 4 (cb_id=0x6260000 handle=1)
04-04 20:39:34.272 V/locapi_rpc_glue( 1574): +loc_api_callback_process_sync_call
04-04 20:39:34.272 V/locapi_rpc_glue( 1574): -loc_api_callback_process_sync_call, no sync call in use
04-04 20:39:34.272 D/RPC     ( 1574): written RPC packet size: [28]
04-04 20:39:34.412 D/RPC     ( 1574): read RPC packet
04-04 20:39:34.412 D/RPC     ( 1574): read RPC packet size: [208]
04-04 20:39:34.412 V/locapi_rpc_glue( 1574): Callback received: 1 (cb_id=0x6260000 handle=1)
04-04 20:39:34.412 V/locapi_rpc_glue( 1574): +loc_api_callback_process_sync_call
04-04 20:39:34.412 V/locapi_rpc_glue( 1574): -loc_api_callback_process_sync_call, no sync call in use
04-04 20:39:34.422 D/lib_locapi( 1574): loc_eng_report_position: valid mask = 0x606d, sess status = 1
04-04 20:39:34.422 D/RPC     ( 1574): written RPC packet size: [28]
04-04 20:39:35.203 D/RPC     ( 1574): read RPC packet
04-04 20:39:35.203 D/RPC     ( 1574): read RPC packet size: [272]
04-04 20:39:35.203 V/locapi_rpc_glue( 1574): Callback received: 4 (cb_id=0x6260000 handle=1)
04-04 20:39:35.203 V/locapi_rpc_glue( 1574): +loc_api_callback_process_sync_call
04-04 20:39:35.203 V/locapi_rpc_glue( 1574): -loc_api_callback_process_sync_call, no sync call in use
04-04 20:39:35.203 D/RPC     ( 1574): written RPC packet size: [28]
04-04 20:39:35.213 D/RPC     ( 1574): read RPC packet
04-04 20:39:35.213 D/RPC     ( 1574): read RPC packet size: [272]
04-04 20:39:35.213 V/locapi_rpc_glue( 1574): Callback received: 4 (cb_id=0x6260000 handle=1)
04-04 20:39:35.213 V/locapi_rpc_glue( 1574): +loc_api_callback_process_sync_call
04-04 20:39:35.223 V/locapi_rpc_glue( 1574): -loc_api_callback_process_sync_call, no sync call in use
04-04 20:39:35.223 D/RPC     ( 1574): written RPC packet size: [28]
04-04 20:39:35.223 D/RPC     ( 1574): read RPC packet
04-04 20:39:35.223 D/RPC     ( 1574): read RPC packet size: [272]
04-04 20:39:35.223 V/locapi_rpc_glue( 1574): Callback received: 4 (cb_id=0x6260000 handle=1)
04-04 20:39:35.223 V/locapi_rpc_glue( 1574): +loc_api_callback_process_sync_call
04-04 20:39:35.223 V/locapi_rpc_glue( 1574): -loc_api_callback_process_sync_call, no sync call in use
04-04 20:39:35.233 D/RPC     ( 1574): written RPC packet size: [28]
04-04 20:39:35.233 D/RPC     ( 1574): read RPC packet
04-04 20:39:35.233 D/RPC     ( 1574): read RPC packet size: [272]
