04-04 18:59:21.536 V/locapi_rpc_glue( 1574): Callback received: 4 (cb_id=0x6260000 handle=1)
04-04 18:59:21.536 V/locapi_rpc_glue( 1574): +loc_api_callback_process_sync_call
04-04 18:59:21.536 V/locapi_rpc_glue( 1574): -loc_api_callback_process_sync_call, no sync call in use
04-04 18:59:21.536 D/RPC     ( 1574): written RPC packet size: [28]
04-04 18:59:21.536 D/RPC     ( 1574): read RPC packet
04-04 18:59:21.536 D/RPC     ( 1574): read RPC packet size: [272]
04-04 18:59:21.536 V/locapi_rpc_glue( 1574): Callback received: 4 (cb_id=0x6260000 handle=1)
04-04 18:59:21.536 V/locapi_rpc_glue( 1574): +loc_api_callback_process_sync_call
04-04 18:59:21.546 V/locapi_rpc_glue( 1574): -loc_api_callback_process_sync_call, no sync call in use
04-04 18:59:21.546 D/RPC     ( 1574): written RPC packet size: [28]
04-04 18:59:21.546 D/RPC     ( 1574): read RPC packet
04-04 18:59:21.546 D/RPC     ( 1574): read RPC packet size: [416]
04-04 18:59:21.546 V/locapi_rpc_glue( 1574): Callback received: 2 (cb_id=0x6260000 handle=1)
04-04 18:59:21.546 V/locapi_rpc_glue( 1574): +loc_api_callback_process_sync_call
04-04 18:59:21.546 V/locapi_rpc_glue( 1574): -loc_api_callback_process_sync_call, no sync call in use
04-04 18:59:21.556 D/lib_locapi( 1574): loc_eng_report_sv: valid_mask = 0x30, num of sv = 8
04-04 18:59:21.556 D/GpsLocationProvider( 1574): reportSvStatus
04-04 18:59:21.556 V/GpsLocationProvider( 1574): SV count: 8 ephemerisMask: 5108280a almanacMask: 5108280a
04-04 18:59:21.556 V/GpsLocationProvider( 1574): sv: 2 snr: 3.44 elev: 30.0 azimuth: 71.0 E AU
04-04 18:59:21.556 V/GpsLocationProvider( 1574): sv: 4 snr: 1.72 elev: 11.0 azimuth: 29.0 E AU
04-04 18:59:21.556 V/GpsLocationProvider( 1574): sv: 12 snr: 3.89 elev: 38.0 azimuth: 85.0 E AU
04-04 18:59:21.556 V/GpsLocationProvider( 1574): sv: 14 snr: 3.31 elev: 25.0 azimuth: 220.0 E AU
04-04 18:59:21.566 V/GpsLocationProvider( 1574): sv: 20 snr: 1.86 elev: 0.0 azimuth: 0.0 E AU
04-04 18:59:21.566 D/RPC     ( 1574): written RPC packet size: [28]
04-04 18:59:21.566 V/GpsLocationProvider( 1574): sv: 25 snr: 3.8400002 elev: 79.0 azimuth: 90.0 E AU
04-04 18:59:21.566 V/GpsLocationProvider( 1574): sv: 29 snr: 3.64 elev: 52.0 azimuth: 185.0 E AU
04-04 18:59:21.566 V/GpsLocationProvider( 1574): sv: 31 snr: 4.68 elev: 43.0 azimuth: 296.0 E AU
04-04 18:59:21.576 D/RPC     ( 1574): read RPC packet
04-04 18:59:21.576 D/RPC     ( 1574): read RPC packet size: [272]
04-04 18:59:21.576 V/locapi_rpc_glue( 1574): Callback received: 4 (cb_id=0x6260000 handle=1)
04-04 18:59:21.576 V/locapi_rpc_glue( 1574): +loc_api_callback_process_sync_call
04-04 18:59:21.576 V/locapi_rpc_glue( 1574): -loc_api_callback_process_sync_call, no sync call in use
04-04 18:59:21.586 D/RPC     ( 1574): written RPC packet size: [28]
04-04 18:59:21.586 D/RPC     ( 1574): read RPC packet
04-04 18:59:21.586 D/RPC     ( 1574): read RPC packet size: [272]
04-04 18:59:21.586 V/locapi_rpc_glue( 1574): Callback received: 4 (cb_id=0x6260000 handle=1)
04-04 18:59:21.586 V/locapi_rpc_glue( 1574): +loc_api_callback_process_sync_call
04-04 18:59:21.586 V/locapi_rpc_glue( 1574): -loc_api_callback_process_sync_call, no sync call in use
04-04 18:59:21.586 D/RPC     ( 1574): written RPC packet size: [28]
04-04 18:59:21.596 D/RPC     ( 1574): read RPC packet
04-04 18:59:21.596 D/RPC     ( 1574): read RPC packet size: [272]
04-04 18:59:21.596 V/locapi_rpc_glue( 1574): Callback received: 4 (cb_id=0x6260000 handle=1)
04-04 18:59:21.596 V/locapi_rpc_glue( 1574): +loc_api_callback_process_sync_call
04-04 18:59:21.596 V/locapi_rpc_glue( 1574): -loc_api_callback_process_sync_call, no sync call in use
04-04 18:59:21.596 D/RPC     ( 1574): written RPC packet size: [28]
04-04 18:59:21.606 D/RPC     ( 1574): read RPC packet
04-04 18:59:21.606 D/RPC     ( 1574): read RPC packet size: [272]
04-04 18:59:21.606 V/locapi_rpc_glue( 1574): Callback received: 4 (cb_id=0x6260000 handle=1)
04-04 18:59:21.606 V/locapi_rpc_glue( 1574): +loc_api_callback_process_sync_call
04-04 18:59:21.606 V/locapi_rpc_glue( 1574): -loc_api_callback_process_sync_call, no sync call in use
04-04 18:59:21.606 D/RPC     ( 1574): written RPC packet size: [28]
04-04 18:59:21.616 D/RPC     ( 1574): read RPC packet
04-04 18:59:21.616 D/RPC     ( 1574): read RPC packet size: [416]
04-04 18:59:21.616 V/locapi_rpc_glue( 1574): Callback received: 2 (cb_id=0x6260000 handle=1)
04-04 18:59:21.616 V/locapi_rpc_glue( 1574): +loc_api_callback_process_sync_call
04-04 18:59:21.616 V/locapi_rpc_glue( 1574): -loc_api_callback_process_sync_call, no sync call in use
04-04 18:59:21.616 D/lib_locapi( 1574): loc_eng_report_sv: valid_mask = 0x3f, num of sv = 8
04-04 18:59:21.616 D/RPC     ( 1574): written RPC packet size: [28]
04-04 18:59:21.616 D/RPC     ( 1574): read RPC packet
04-04 18:59:21.626 D/RPC     ( 1574): read RPC packet size: [208]
04-04 18:59:21.626 V/locapi_rpc_glue( 1574): Callback received: 1 (cb_id=0x6260000 handle=1)
04-04 18:59:21.626 V/locapi_rpc_glue( 1574): +loc_api_callback_process_sync_call
04-04 18:59:21.626 V/locapi_rpc_glue( 1574): -loc_api_callback_process_sync_call, no sync call in use
04-04 18:59:21.626 D/lib_locapi( 1574): loc_eng_report_position: valid mask = 0x69ffef, sess status = 0
04-04 18:59:21.626 D/RPC     ( 1574): written RPC packet size: [28]
04-04 18:59:21.636 D/RPC     ( 1574): read RPC packet
04-04 18:59:21.636 D/RPC     ( 1574): read RPC packet size: [80]
04-04 18:59:21.636 V/locapi_rpc_glue( 1574): Callback received: 100 (cb_id=0x6260000 handle=1)
04-04 18:59:21.636 V/locapi_rpc_glue( 1574): +loc_api_callback_process_sync_call
04-04 18:59:21.636 V/locapi_rpc_glue( 1574): -loc_api_callback_process_sync_call, no sync call in use
04-04 18:59:21.636 D/lib_locapi( 1574): [GPS:] loc_eng_report_status: GPS_STATUS_SESSION_END
04-04 18:59:21.636 D/RPC     ( 1574): written RPC packet size: [28]
04-04 18:59:21.656 D/AutoSetting( 3122): service - mLocationListener: onLocationChanged() location = Location[mProvider=gps,mTime=1396637961637,mInfo=-19.65955446333507.06175122,mAccuracy=5.0
04-04 18:59:21.656 D/AutoSetting( 3122): service - handleMessage() incoming message, what:1
04-04 18:59:21.666 D/AutoSetting( 3122): service - mLocationListener: onLocationChanged() location = Location[mProvider=gps,mTime=1396637961637,mInfo=-19.65955446333507.06175122,mAccuracy=5.0
04-04 18:59:21.666 D/AutoSetting( 3122): Util - no network available!
04-04 18:59:21.666 D/AutoSetting( 3122): service - handleMessage() not proceed
04-04 18:59:21.726 D/RPC     ( 1574): read RPC packet
04-04 18:59:21.726 D/RPC     ( 1574): read RPC packet size: [80]
04-04 18:59:21.726 V/locapi_rpc_glue( 1574): Callback received: 100 (cb_id=0x6260000 handle=1)
04-04 18:59:21.726 V/locapi_rpc_glue( 1574): +loc_api_callback_process_sync_call
04-04 18:59:21.726 V/locapi_rpc_glue( 1574): -loc_api_callback_process_sync_call, no sync call in use
04-04 18:59:21.736 D/lib_locapi( 1574): [GPS:] loc_eng_report_status: GPS_STATUS_SESSION_BEGIN
04-04 18:59:21.736 D/RPC     ( 1574): written RPC packet size: [28]
04-04 18:59:22.527 D/RPC     ( 1574): read RPC packet
04-04 18:59:22.527 D/RPC     ( 1574): read RPC packet size: [272]
04-04 18:59:22.527 V/locapi_rpc_glue( 1574): Callback received: 4 (cb_id=0x6260000 handle=1)
04-04 18:59:22.537 V/locapi_rpc_glue( 1574): +loc_api_callback_process_sync_call
04-04 18:59:22.537 V/locapi_rpc_glue( 1574): -loc_api_callback_process_sync_call, no sync call in use
04-04 18:59:22.537 D/RPC     ( 1574): written RPC packet size: [28]
04-04 18:59:22.537 D/RPC     ( 1574): read RPC packet
04-04 18:59:22.537 D/RPC     ( 1574): read RPC packet size: [272]
04-04 18:59:22.537 V/locapi_rpc_glue( 1574): Callback received: 4 (cb_id=0x6260000 handle=1)
04-04 18:59:22.537 V/locapi_rpc_glue( 1574): +loc_api_callback_process_sync_call
04-04 18:59:22.547 V/locapi_rpc_glue( 1574): -loc_api_callback_process_sync_call, no sync call in use
04-04 18:59:22.547 D/RPC     ( 1574): written RPC packet size: [28]
04-04 18:59:22.547 D/RPC     ( 1574): read RPC packet
04-04 18:59:22.547 D/RPC     ( 1574): read RPC packet size: [416]
04-04 18:59:22.547 V/locapi_rpc_glue( 1574): Callback received: 2 (cb_id=0x6260000 handle=1)
04-04 18:59:22.547 V/locapi_rpc_glue( 1574): +loc_api_callback_process_sync_call
04-04 18:59:22.547 V/locapi_rpc_glue( 1574): -loc_api_callback_process_sync_call, no sync call in use
04-04 18:59:22.557 D/lib_locapi( 1574): loc_eng_report_sv: valid_mask = 0x30, num of sv = 8
04-04 18:59:22.557 D/GpsLocationProvider( 1574): reportSvStatus
04-04 18:59:22.557 V/GpsLocationProvider( 1574): SV count: 8 ephemerisMask: 5108280a almanacMask: 5108280a
04-04 18:59:22.557 V/GpsLocationProvider( 1574): sv: 2 snr: 3.2 elev: 30.0 azimuth: 71.0 E AU
04-04 18:59:22.557 V/GpsLocationProvider( 1574): sv: 4 snr: 2.08 elev: 11.0 azimuth: 29.0 E AU
04-04 18:59:22.557 V/GpsLocationProvider( 1574): sv: 12 snr: 3.4900002 elev: 38.0 azimuth: 85.0 E AU
04-04 18:59:22.557 V/GpsLocationProvider( 1574): sv: 14 snr: 3.3400002 elev: 25.0 azimuth: 220.0 E AU
04-04 18:59:22.557 V/GpsLocationProvider( 1574): sv: 20 snr: 1.9 elev: 0.0 azimuth: 0.0 E AU
04-04 18:59:22.557 V/GpsLocationProvider( 1574): sv: 25 snr: 4.0299997 elev: 79.0 azimuth: 90.0 E AU
04-04 18:59:22.557 V/GpsLocationProvider( 1574): sv: 29 snr: 3.6599998 elev: 52.0 azimuth: 185.0 E AU
04-04 18:59:22.557 V/GpsLocationProvider( 1574): sv: 31 snr: 4.59 elev: 43.0 azimuth: 296.0 E AU
04-04 18:59:22.567 D/RPC     ( 1574): written RPC packet size: [28]
04-04 18:59:22.567 D/RPC     ( 1574): read RPC packet
04-04 18:59:22.567 D/RPC     ( 1574): read RPC packet size: [272]
04-04 18:59:22.577 V/locapi_rpc_glue( 1574): Callback received: 4 (cb_id=0x6260000 handle=1)
04-04 18:59:22.577 V/locapi_rpc_glue( 1574): +loc_api_callback_process_sync_call
04-04 18:59:22.577 V/locapi_rpc_glue( 1574): -loc_api_callback_process_sync_call, no sync call in use
04-04 18:59:22.577 D/RPC     ( 1574): written RPC packet size: [28]
04-04 18:59:22.577 D/RPC     ( 1574): read RPC packet
04-04 18:59:22.587 D/RPC     ( 1574): read RPC packet size: [272]
04-04 18:59:22.587 V/locapi_rpc_glue( 1574): Callback received: 4 (cb_id=0x6260000 handle=1)
04-04 18:59:22.587 V/locapi_rpc_glue( 1574): +loc_api_callback_process_sync_call
04-04 18:59:22.587 V/locapi_rpc_glue( 1574): -loc_api_callback_process_sync_call, no sync call in use
04-04 18:59:22.587 D/RPC     ( 1574): written RPC packet size: [28]
04-04 18:59:22.587 D/RPC     ( 1574): read RPC packet
04-04 18:59:22.597 D/RPC     ( 1574): read RPC packet size: [272]
04-04 18:59:22.597 V/locapi_rpc_glue( 1574): Callback received: 4 (cb_id=0x6260000 handle=1)
04-04 18:59:22.597 V/locapi_rpc_glue( 1574): +loc_api_callback_process_sync_call
04-04 18:59:22.597 V/locapi_rpc_glue( 1574): -loc_api_callback_process_sync_call, no sync call in use
04-04 18:59:22.597 D/RPC     ( 1574): written RPC packet size: [28]
04-04 18:59:22.597 D/RPC     ( 1574): read RPC packet
04-04 18:59:22.597 D/RPC     ( 1574): read RPC packet size: [272]
04-04 18:59:22.607 V/locapi_rpc_glue( 1574): Callback received: 4 (cb_id=0x6260000 handle=1)
04-04 18:59:22.607 V/locapi_rpc_glue( 1574): +loc_api_callback_process_sync_call
04-04 18:59:22.607 V/locapi_rpc_glue( 1574): -loc_api_callback_process_sync_call, no sync call in use
04-04 18:59:22.607 D/RPC     ( 1574): written RPC packet size: [28]
04-04 18:59:22.607 D/RPC     ( 1574): read RPC packet
04-04 18:59:22.607 D/RPC     ( 1574): read RPC packet size: [416]
04-04 18:59:22.607 V/locapi_rpc_glue( 1574): Callback received: 2 (cb_id=0x6260000 handle=1)
04-04 18:59:22.617 V/locapi_rpc_glue( 1574): +loc_api_callback_process_sync_call
04-04 18:59:22.617 V/locapi_rpc_glue( 1574): -loc_api_callback_process_sync_call, no sync call in use
04-04 18:59:22.617 D/lib_locapi( 1574): loc_eng_report_sv: valid_mask = 0x3f, num of sv = 8
04-04 18:59:22.617 D/RPC     ( 1574): written RPC packet size: [28]
04-04 18:59:22.617 D/RPC     ( 1574): read RPC packet
04-04 18:59:22.617 D/RPC     ( 1574): read RPC packet size: [208]
04-04 18:59:22.617 V/locapi_rpc_glue( 1574): Callback received: 1 (cb_id=0x6260000 handle=1)
04-04 18:59:22.627 V/locapi_rpc_glue( 1574): +loc_api_callback_process_sync_call
04-04 18:59:22.627 V/locapi_rpc_glue( 1574): -loc_api_callback_process_sync_call, no sync call in use
04-04 18:59:22.627 D/lib_locapi( 1574): loc_eng_report_position: valid mask = 0x69ffef, sess status = 0
04-04 18:59:22.627 D/RPC     ( 1574): written RPC packet size: [28]
04-04 18:59:22.627 D/RPC     ( 1574): read RPC packet
04-04 18:59:22.637 D/RPC     ( 1574): read RPC packet size: [80]
04-04 18:59:22.637 V/locapi_rpc_glue( 1574): Callback received: 100 (cb_id=0x6260000 handle=1)
04-04 18:59:22.637 V/locapi_rpc_glue( 1574): +loc_api_callback_process_sync_call
04-04 18:59:22.637 V/locapi_rpc_glue( 1574): -loc_api_callback_process_sync_call, no sync call in use
04-04 18:59:22.637 D/lib_locapi( 1574): [GPS:] loc_eng_report_status: GPS_STATUS_SESSION_END
04-04 18:59:22.637 D/RPC     ( 1574): written RPC packet size: [28]
04-04 18:59:22.637 D/AutoSetting( 3122): service - mLocationListener: onLocationChanged() location = Location[mProvider=gps,mTime=1396637962634,mInfo=-19.65944414333507.06181908,mAccuracy=5.0
04-04 18:59:22.637 D/AutoSetting( 3122): service - handleMessage() incoming message, what:1
04-04 18:59:22.637 D/AutoSetting( 3122): service - mLocationListener: onLocationChanged() location = Location[mProvider=gps,mTime=1396637962634,mInfo=-19.65944414333507.06181908,mAccuracy=5.0
04-04 18:59:22.637 D/AutoSetting( 3122): Util - no network available!
04-04 18:59:22.647 D/AutoSetting( 3122): service - handleMessage() not proceed
04-04 18:59:22.727 D/RPC     ( 1574): read RPC packet
04-04 18:59:22.727 D/RPC     ( 1574): read RPC packet size: [80]
04-04 18:59:22.727 V/locapi_rpc_glue( 1574): Callback received: 100 (cb_id=0x6260000 handle=1)
04-04 18:59:22.727 V/locapi_rpc_glue( 1574): +loc_api_callback_process_sync_call
04-04 18:59:22.727 V/locapi_rpc_glue( 1574): -loc_api_callback_process_sync_call, no sync call in use
04-04 18:59:22.727 D/lib_locapi( 1574): [GPS:] loc_eng_report_status: GPS_STATUS_SESSION_BEGIN
04-04 18:59:22.727 D/RPC     ( 1574): written RPC packet size: [28]
04-04 18:59:23.528 D/RPC     ( 1574): read RPC packet
04-04 18:59:23.528 D/RPC     ( 1574): read RPC packet size: [272]
04-04 18:59:23.528 V/locapi_rpc_glue( 1574): Callback received: 4 (cb_id=0x6260000 handle=1)
04-04 18:59:23.538 V/locapi_rpc_glue( 1574): +loc_api_callback_process_sync_call
04-04 18:59:23.538 V/locapi_rpc_glue( 1574): -loc_api_callback_process_sync_call, no sync call in use
04-04 18:59:23.538 D/RPC     ( 1574): written RPC packet size: [28]
04-04 18:59:23.538 D/RPC     ( 1574): read RPC packet
04-04 18:59:23.538 D/RPC     ( 1574): read RPC packet size: [272]
04-04 18:59:23.538 V/locapi_rpc_glue( 1574): Callback received: 4 (cb_id=0x6260000 handle=1)
04-04 18:59:23.538 V/locapi_rpc_glue( 1574): +loc_api_callback_process_sync_call
04-04 18:59:23.548 V/locapi_rpc_glue( 1574): -loc_api_callback_process_sync_call, no sync call in use
04-04 18:59:23.548 D/RPC     ( 1574): written RPC packet size: [28]
04-04 18:59:23.548 D/RPC     ( 1574): read RPC packet
04-04 18:59:23.548 D/RPC     ( 1574): read RPC packet size: [416]
04-04 18:59:23.548 V/locapi_rpc_glue( 1574): Callback received: 2 (cb_id=0x6260000 handle=1)
04-04 18:59:23.558 V/locapi_rpc_glue( 1574): +loc_api_callback_process_sync_call
04-04 18:59:23.558 V/locapi_rpc_glue( 1574): -loc_api_callback_process_sync_call, no sync call in use
04-04 18:59:23.558 D/lib_locapi( 1574): loc_eng_report_sv: valid_mask = 0x30, num of sv = 8
04-04 18:59:23.558 D/GpsLocationProvider( 1574): reportSvStatus
04-04 18:59:23.558 V/GpsLocationProvider( 1574): SV count: 8 ephemerisMask: 5108280a almanacMask: 5108280a
04-04 18:59:23.558 V/GpsLocationProvider( 1574): sv: 2 snr: 3.06 elev: 30.0 azimuth: 71.0 E AU
04-04 18:59:23.558 V/GpsLocationProvider( 1574): sv: 4 snr: 2.16 elev: 11.0 azimuth: 29.0 E AU
04-04 18:59:23.568 V/GpsLocationProvider( 1574): sv: 12 snr: 3.64 elev: 38.0 azimuth: 85.0 E AU
04-04 18:59:23.568 V/GpsLocationProvider( 1574): sv: 14 snr: 3.3700001 elev: 25.0 azimuth: 220.0 E AU
04-04 18:59:23.568 V/GpsLocationProvider( 1574): sv: 20 snr: 1.93 elev: 0.0 azimuth: 0.0 E AU
04-04 18:59:23.568 D/RPC     ( 1574): written RPC packet size: [28]
04-04 18:59:23.568 V/GpsLocationProvider( 1574): sv: 25 snr: 4.0099998 elev: 79.0 azimuth: 90.0 E AU
04-04 18:59:23.578 V/GpsLocationProvider( 1574): sv: 29 snr: 3.56 elev: 52.0 azimuth: 185.0 E AU
04-04 18:59:23.578 V/GpsLocationProvider( 1574): sv: 31 snr: 4.5 elev: 43.0 azimuth: 296.0 E AU
04-04 18:59:23.578 D/RPC     ( 1574): read RPC packet
04-04 18:59:23.578 D/RPC     ( 1574): read RPC packet size: [272]
04-04 18:59:23.588 V/locapi_rpc_glue( 1574): Callback received: 4 (cb_id=0x6260000 handle=1)
04-04 18:59:23.588 V/locapi_rpc_glue( 1574): +loc_api_callback_process_sync_call
04-04 18:59:23.588 V/locapi_rpc_glue( 1574): -loc_api_callback_process_sync_call, no sync call in use
04-04 18:59:23.588 D/RPC     ( 1574): written RPC packet size: [28]
04-04 18:59:23.588 D/RPC     ( 1574): read RPC packet
04-04 18:59:23.588 D/RPC     ( 1574): read RPC packet size: [272]
04-04 18:59:23.588 V/locapi_rpc_glue( 1574): Callback received: 4 (cb_id=0x6260000 handle=1)
04-04 18:59:23.598 V/locapi_rpc_glue( 1574): +loc_api_callback_process_sync_call
04-04 18:59:23.598 V/locapi_rpc_glue( 1574): -loc_api_callback_process_sync_call, no sync call in use
04-04 18:59:23.598 D/RPC     ( 1574): written RPC packet size: [28]
04-04 18:59:23.598 D/RPC     ( 1574): read RPC packet
04-04 18:59:23.598 D/RPC     ( 1574): read RPC packet size: [272]
04-04 18:59:23.598 V/locapi_rpc_glue( 1574): Callback received: 4 (cb_id=0x6260000 handle=1)
04-04 18:59:23.598 V/locapi_rpc_glue( 1574): +loc_api_callback_process_sync_call
04-04 18:59:23.608 V/locapi_rpc_glue( 1574): -loc_api_callback_process_sync_call, no sync call in use
04-04 18:59:23.608 D/RPC     ( 1574): written RPC packet size: [28]
04-04 18:59:23.608 D/RPC     ( 1574): read RPC packet
04-04 18:59:23.608 D/RPC     ( 1574): read RPC packet size: [272]
04-04 18:59:23.608 V/locapi_rpc_glue( 1574): Callback received: 4 (cb_id=0x6260000 handle=1)
04-04 18:59:23.608 V/locapi_rpc_glue( 1574): +loc_api_callback_process_sync_call
04-04 18:59:23.618 V/locapi_rpc_glue( 1574): -loc_api_callback_process_sync_call, no sync call in use
04-04 18:59:23.618 D/RPC     ( 1574): written RPC packet size: [28]
04-04 18:59:23.618 D/RPC     ( 1574): read RPC packet
04-04 18:59:23.618 D/RPC     ( 1574): read RPC packet size: [416]
04-04 18:59:23.618 V/locapi_rpc_glue( 1574): Callback received: 2 (cb_id=0x6260000 handle=1)
04-04 18:59:23.618 V/locapi_rpc_glue( 1574): +loc_api_callback_process_sync_call
04-04 18:59:23.618 V/locapi_rpc_glue( 1574): -loc_api_callback_process_sync_call, no sync call in use
04-04 18:59:23.628 D/lib_locapi( 1574): loc_eng_report_sv: valid_mask = 0x3f, num of sv = 8
04-04 18:59:23.628 D/RPC     ( 1574): written RPC packet size: [28]
04-04 18:59:23.628 D/RPC     ( 1574): read RPC packet
04-04 18:59:23.628 D/RPC     ( 1574): read RPC packet size: [208]
04-04 18:59:23.628 V/locapi_rpc_glue( 1574): Callback received: 1 (cb_id=0x6260000 handle=1)
04-04 18:59:23.628 V/locapi_rpc_glue( 1574): +loc_api_callback_process_sync_call
04-04 18:59:23.638 V/locapi_rpc_glue( 1574): -loc_api_callback_process_sync_call, no sync call in use
04-04 18:59:23.638 D/lib_locapi( 1574): loc_eng_report_position: valid mask = 0x69ffef, sess status = 0
04-04 18:59:23.638 D/RPC     ( 1574): written RPC packet size: [28]
04-04 18:59:23.638 D/RPC     ( 1574): read RPC packet
04-04 18:59:23.648 D/RPC     ( 1574): read RPC packet size: [80]
04-04 18:59:23.648 V/locapi_rpc_glue( 1574): Callback received: 100 (cb_id=0x6260000 handle=1)
04-04 18:59:23.648 V/locapi_rpc_glue( 1574): +loc_api_callback_process_sync_call
04-04 18:59:23.648 V/locapi_rpc_glue( 1574): -loc_api_callback_process_sync_call, no sync call in use
04-04 18:59:23.648 D/lib_locapi( 1574): [GPS:] loc_eng_report_status: GPS_STATUS_SESSION_END
04-04 18:59:23.658 D/RPC     ( 1574): written RPC packet size: [28]
04-04 18:59:23.668 D/AutoSetting( 3122): service - mLocationListener: onLocationChanged() location = Location[mProvider=gps,mTime=1396637963643,mInfo=-19.65933956333507.06186102000004,mAccuracy=3.0
04-04 18:59:23.668 D/AutoSetting( 3122): service - handleMessage() incoming message, what:1
04-04 18:59:23.668 D/AutoSetting( 3122): service - mLocationListener: onLocationChanged() location = Location[mProvider=gps,mTime=1396637963643,mInfo=-19.65933956333507.06186102000004,mAccuracy=3.0
04-04 18:59:23.678 D/AutoSetting( 3122): Util - no network available!
04-04 18:59:23.678 D/AutoSetting( 3122): service - handleMessage() not proceed
04-04 18:59:23.728 D/RPC     ( 1574): read RPC packet
04-04 18:59:23.728 D/RPC     ( 1574): read RPC packet size: [80]
04-04 18:59:23.728 V/locapi_rpc_glue( 1574): Callback received: 100 (cb_id=0x6260000 handle=1)
04-04 18:59:23.728 V/locapi_rpc_glue( 1574): +loc_api_callback_process_sync_call
04-04 18:59:23.738 V/locapi_rpc_glue( 1574): -loc_api_callback_process_sync_call, no sync call in use
04-04 18:59:23.738 D/lib_locapi( 1574): [GPS:] loc_eng_report_status: GPS_STATUS_SESSION_BEGIN
04-04 18:59:23.738 D/RPC     ( 1574): written RPC packet size: [28]
04-04 18:59:23.938 I/System.out( 3582): Location: -2.80847708 56.34020678 | GPSNavigator running:true
04-04 18:59:23.938 I/System.out( 3582): Battery level: 98 | Time difference: -1
04-04 18:59:24.319 D/Sensors ( 1574): Enable akm: en = 1
04-04 18:59:24.529 D/RPC     ( 1574): read RPC packet
04-04 18:59:24.539 D/RPC     ( 1574): read RPC packet size: [272]
04-04 18:59:24.539 V/locapi_rpc_glue( 1574): Callback received: 4 (cb_id=0x6260000 handle=1)
04-04 18:59:24.539 V/locapi_rpc_glue( 1574): +loc_api_callback_process_sync_call
04-04 18:59:24.539 V/locapi_rpc_glue( 1574): -loc_api_callback_process_sync_call, no sync call in use
04-04 18:59:24.539 D/RPC     ( 1574): written RPC packet size: [28]
04-04 18:59:24.549 D/RPC     ( 1574): read RPC packet
04-04 18:59:24.549 D/RPC     ( 1574): read RPC packet size: [272]
04-04 18:59:24.549 V/locapi_rpc_glue( 1574): Callback received: 4 (cb_id=0x6260000 handle=1)
04-04 18:59:24.549 V/locapi_rpc_glue( 1574): +loc_api_callback_process_sync_call
04-04 18:59:24.549 V/locapi_rpc_glue( 1574): -loc_api_callback_process_sync_call, no sync call in use
04-04 18:59:24.559 D/RPC     ( 1574): written RPC packet size: [28]
04-04 18:59:24.559 D/RPC     ( 1574): read RPC packet
04-04 18:59:24.559 D/RPC     ( 1574): read RPC packet size: [272]
04-04 18:59:24.559 V/locapi_rpc_glue( 1574): Callback received: 4 (cb_id=0x6260000 handle=1)
04-04 18:59:24.569 V/locapi_rpc_glue( 1574): +loc_api_callback_process_sync_call
04-04 18:59:24.569 V/locapi_rpc_glue( 1574): -loc_api_callback_process_sync_call, no sync call in use
04-04 18:59:24.569 D/RPC     ( 1574): written RPC packet size: [28]
04-04 18:59:24.579 D/RPC     ( 1574): read RPC packet
04-04 18:59:24.579 D/RPC     ( 1574): read RPC packet size: [416]
04-04 18:59:24.579 V/locapi_rpc_glue( 1574): Callback received: 2 (cb_id=0x6260000 handle=1)
04-04 18:59:24.579 V/locapi_rpc_glue( 1574): +loc_api_callback_process_sync_call
04-04 18:59:24.579 V/locapi_rpc_glue( 1574): -loc_api_callback_process_sync_call, no sync call in use
04-04 18:59:24.589 D/lib_locapi( 1574): loc_eng_report_sv: valid_mask = 0x30, num of sv = 8
04-04 18:59:24.589 D/GpsLocationProvider( 1574): reportSvStatus
04-04 18:59:24.589 V/GpsLocationProvider( 1574): SV count: 8 ephemerisMask: 5108280a almanacMask: 5108280a
04-04 18:59:24.589 V/GpsLocationProvider( 1574): sv: 2 snr: 2.76 elev: 30.0 azimuth: 71.0 E AU
04-04 18:59:24.589 V/GpsLocationProvider( 1574): sv: 4 snr: 2.16 elev: 11.0 azimuth: 29.0 E AU
04-04 18:59:24.589 V/GpsLocationProvider( 1574): sv: 12 snr: 3.65 elev: 38.0 azimuth: 85.0 E AU
04-04 18:59:24.589 V/GpsLocationProvider( 1574): sv: 14 snr: 3.08 elev: 25.0 azimuth: 220.0 E AU
04-04 18:59:24.589 V/GpsLocationProvider( 1574): sv: 20 snr: 1.93 elev: 0.0 azimuth: 0.0 E AU
04-04 18:59:24.589 V/GpsLocationProvider( 1574): sv: 25 snr: 3.7 elev: 79.0 azimuth: 90.0 E AU
04-04 18:59:24.589 V/GpsLocationProvider( 1574): sv: 29 snr: 3.8 elev: 52.0 azimuth: 185.0 E AU
04-04 18:59:24.589 V/GpsLocationProvider( 1574): sv: 31 snr: 4.5299997 elev: 43.0 azimuth: 296.0 E AU
04-04 18:59:24.599 D/RPC     ( 1574): written RPC packet size: [28]
04-04 18:59:24.609 D/RPC     ( 1574): read RPC packet
04-04 18:59:24.609 D/RPC     ( 1574): read RPC packet size: [272]
04-04 18:59:24.609 V/locapi_rpc_glue( 1574): Callback received: 4 (cb_id=0x6260000 handle=1)
04-04 18:59:24.609 V/locapi_rpc_glue( 1574): +loc_api_callback_process_sync_call
04-04 18:59:24.619 V/locapi_rpc_glue( 1574): -loc_api_callback_process_sync_call, no sync call in use
04-04 18:59:24.619 D/RPC     ( 1574): written RPC packet size: [28]
04-04 18:59:24.619 D/RPC     ( 1574): read RPC packet
04-04 18:59:24.619 D/RPC     ( 1574): read RPC packet size: [272]
04-04 18:59:24.619 V/locapi_rpc_glue( 1574): Callback received: 4 (cb_id=0x6260000 handle=1)
04-04 18:59:24.619 V/locapi_rpc_glue( 1574): +loc_api_callback_process_sync_call
04-04 18:59:24.629 V/locapi_rpc_glue( 1574): -loc_api_callback_process_sync_call, no sync call in use
04-04 18:59:24.629 D/RPC     ( 1574): written RPC packet size: [28]
04-04 18:59:24.629 D/RPC     ( 1574): read RPC packet
04-04 18:59:24.629 D/RPC     ( 1574): read RPC packet size: [272]
04-04 18:59:24.629 V/locapi_rpc_glue( 1574): Callback received: 4 (cb_id=0x6260000 handle=1)
04-04 18:59:24.629 V/locapi_rpc_glue( 1574): +loc_api_callback_process_sync_call
04-04 18:59:24.639 V/locapi_rpc_glue( 1574): -loc_api_callback_process_sync_call, no sync call in use
04-04 18:59:24.639 D/RPC     ( 1574): written RPC packet size: [28]
04-04 18:59:24.639 D/RPC     ( 1574): read RPC packet
04-04 18:59:24.639 D/RPC     ( 1574): read RPC packet size: [272]
04-04 18:59:24.649 V/locapi_rpc_glue( 1574): Callback received: 4 (cb_id=0x6260000 handle=1)
04-04 18:59:24.649 V/locapi_rpc_glue( 1574): +loc_api_callback_process_sync_call
04-04 18:59:24.649 V/locapi_rpc_glue( 1574): -loc_api_callback_process_sync_call, no sync call in use
04-04 18:59:24.649 D/RPC     ( 1574): written RPC packet size: [28]
04-04 18:59:24.649 D/RPC     ( 1574): read RPC packet
04-04 18:59:24.649 D/RPC     ( 1574): read RPC packet size: [416]
04-04 18:59:24.659 V/locapi_rpc_glue( 1574): Callback received: 2 (cb_id=0x6260000 handle=1)
04-04 18:59:24.659 V/locapi_rpc_glue( 1574): +loc_api_callback_process_sync_call
04-04 18:59:24.659 V/locapi_rpc_glue( 1574): -loc_api_callback_process_sync_call, no sync call in use
04-04 18:59:24.659 D/lib_locapi( 1574): loc_eng_report_sv: valid_mask = 0x3f, num of sv = 8
04-04 18:59:24.669 D/RPC     ( 1574): written RPC packet size: [28]
04-04 18:59:24.669 D/RPC     ( 1574): read RPC packet
04-04 18:59:24.669 D/RPC     ( 1574): read RPC packet size: [208]
04-04 18:59:24.669 V/locapi_rpc_glue( 1574): Callback received: 1 (cb_id=0x6260000 handle=1)
04-04 18:59:24.669 V/locapi_rpc_glue( 1574): +loc_api_callback_process_sync_call
04-04 18:59:24.669 V/locapi_rpc_glue( 1574): -loc_api_callback_process_sync_call, no sync call in use
04-04 18:59:24.669 D/lib_locapi( 1574): loc_eng_report_position: valid mask = 0x69ffef, sess status = 0
04-04 18:59:24.669 D/RPC     ( 1574): written RPC packet size: [28]
04-04 18:59:24.669 D/RPC     ( 1574): read RPC packet
04-04 18:59:24.669 D/RPC     ( 1574): read RPC packet size: [80]
04-04 18:59:24.669 V/locapi_rpc_glue( 1574): Callback received: 100 (cb_id=0x6260000 handle=1)
04-04 18:59:24.669 V/locapi_rpc_glue( 1574): +loc_api_callback_process_sync_call
04-04 18:59:24.669 V/locapi_rpc_glue( 1574): -loc_api_callback_process_sync_call, no sync call in use
04-04 18:59:24.669 D/lib_locapi( 1574): [GPS:] loc_eng_report_status: GPS_STATUS_SESSION_END
04-04 18:59:24.669 D/RPC     ( 1574): written RPC packet size: [28]
04-04 18:59:24.679 D/AutoSetting( 3122): service - mLocationListener: onLocationChanged() location = Location[mProvider=gps,mTime=1396637964673,mInfo=-19.65926473333507.06189801,mAccuracy=4.0
04-04 18:59:24.679 D/AutoSetting( 3122): service - handleMessage() incoming message, what:1
04-04 18:59:24.679 D/AutoSetting( 3122): service - mLocationListener: onLocationChanged() location = Location[mProvider=gps,mTime=1396637964673,mInfo=-19.65926473333507.06189801,mAccuracy=4.0
04-04 18:59:24.679 D/AutoSetting( 3122): Util - no network available!
04-04 18:59:24.679 D/AutoSetting( 3122): service - handleMessage() not proceed
04-04 18:59:24.729 D/RPC     ( 1574): read RPC packet
04-04 18:59:24.729 D/RPC     ( 1574): read RPC packet size: [80]
04-04 18:59:24.729 V/locapi_rpc_glue( 1574): Callback received: 100 (cb_id=0x6260000 handle=1)
04-04 18:59:24.729 V/locapi_rpc_glue( 1574): +loc_api_callback_process_sync_call
04-04 18:59:24.729 V/locapi_rpc_glue( 1574): -loc_api_callback_process_sync_call, no sync call in use
04-04 18:59:24.739 D/lib_locapi( 1574): [GPS:] loc_eng_report_status: GPS_STATUS_SESSION_BEGIN
04-04 18:59:24.739 D/RPC     ( 1574): written RPC packet size: [28]
04-04 18:59:25.520 D/RPC     ( 1574): read RPC packet
04-04 18:59:25.520 D/RPC     ( 1574): read RPC packet size: [272]
04-04 18:59:25.540 V/locapi_rpc_glue( 1574): Callback received: 4 (cb_id=0x6260000 handle=1)
04-04 18:59:25.540 V/locapi_rpc_glue( 1574): +loc_api_callback_process_sync_call
04-04 18:59:25.540 V/locapi_rpc_glue( 1574): -loc_api_callback_process_sync_call, no sync call in use
04-04 18:59:25.540 D/RPC     ( 1574): written RPC packet size: [28]
04-04 18:59:25.540 D/RPC     ( 1574): read RPC packet
04-04 18:59:25.540 D/RPC     ( 1574): read RPC packet size: [272]
04-04 18:59:25.540 V/locapi_rpc_glue( 1574): Callback received: 4 (cb_id=0x6260000 handle=1)
04-04 18:59:25.540 V/locapi_rpc_glue( 1574): +loc_api_callback_process_sync_call
04-04 18:59:25.540 V/locapi_rpc_glue( 1574): -loc_api_callback_process_sync_call, no sync call in use
04-04 18:59:25.560 D/RPC     ( 1574): written RPC packet size: [28]
04-04 18:59:25.560 D/RPC     ( 1574): read RPC packet
04-04 18:59:25.560 D/RPC     ( 1574): read RPC packet size: [416]
04-04 18:59:25.560 V/locapi_rpc_glue( 1574): Callback received: 2 (cb_id=0x6260000 handle=1)
04-04 18:59:25.560 V/locapi_rpc_glue( 1574): +loc_api_callback_process_sync_call
04-04 18:59:25.560 V/locapi_rpc_glue( 1574): -loc_api_callback_process_sync_call, no sync call in use
04-04 18:59:25.560 D/lib_locapi( 1574): loc_eng_report_sv: valid_mask = 0x30, num of sv = 8
04-04 18:59:25.560 D/GpsLocationProvider( 1574): reportSvStatus
04-04 18:59:25.560 V/GpsLocationProvider( 1574): SV count: 8 ephemerisMask: 5108280a almanacMask: 5108280a
04-04 18:59:25.570 V/GpsLocationProvider( 1574): sv: 2 snr: 2.46 elev: 30.0 azimuth: 71.0 E AU
04-04 18:59:25.570 V/GpsLocationProvider( 1574): sv: 4 snr: 1.5899999 elev: 11.0 azimuth: 29.0 E AU
04-04 18:59:25.570 V/GpsLocationProvider( 1574): sv: 12 snr: 3.5099998 elev: 38.0 azimuth: 85.0 E AU
04-04 18:59:25.580 V/GpsLocationProvider( 1574): sv: 14 snr: 3.2 elev: 25.0 azimuth: 220.0 E AU
04-04 18:59:25.580 D/RPC     ( 1574): written RPC packet size: [28]
04-04 18:59:25.580 V/GpsLocationProvider( 1574): sv: 20 snr: 1.82 elev: 0.0 azimuth: 0.0 E AU
04-04 18:59:25.580 V/GpsLocationProvider( 1574): sv: 25 snr: 3.97 elev: 79.0 azimuth: 90.0 E AU
04-04 18:59:25.590 V/GpsLocationProvider( 1574): sv: 29 snr: 3.35 elev: 52.0 azimuth: 185.0 E AU
04-04 18:59:25.590 V/GpsLocationProvider( 1574): sv: 31 snr: 4.67 elev: 43.0 azimuth: 296.0 E AU
04-04 18:59:25.590 D/RPC     ( 1574): read RPC packet
04-04 18:59:25.600 D/RPC     ( 1574): read RPC packet size: [272]
04-04 18:59:25.600 V/locapi_rpc_glue( 1574): Callback received: 4 (cb_id=0x6260000 handle=1)
04-04 18:59:25.600 V/locapi_rpc_glue( 1574): +loc_api_callback_process_sync_call
04-04 18:59:25.600 V/locapi_rpc_glue( 1574): -loc_api_callback_process_sync_call, no sync call in use
04-04 18:59:25.600 D/RPC     ( 1574): written RPC packet size: [28]
04-04 18:59:25.600 D/RPC     ( 1574): read RPC packet
04-04 18:59:25.600 D/RPC     ( 1574): read RPC packet size: [272]
04-04 18:59:25.600 V/locapi_rpc_glue( 1574): Callback received: 4 (cb_id=0x6260000 handle=1)
04-04 18:59:25.600 V/locapi_rpc_glue( 1574): +loc_api_callback_process_sync_call
04-04 18:59:25.600 V/locapi_rpc_glue( 1574): -loc_api_callback_process_sync_call, no sync call in use
04-04 18:59:25.600 D/RPC     ( 1574): written RPC packet size: [28]
04-04 18:59:25.600 D/RPC     ( 1574): read RPC packet
04-04 18:59:25.610 D/RPC     ( 1574): read RPC packet size: [272]
04-04 18:59:25.610 V/locapi_rpc_glue( 1574): Callback received: 4 (cb_id=0x6260000 handle=1)
04-04 18:59:25.610 V/locapi_rpc_glue( 1574): +loc_api_callback_process_sync_call
04-04 18:59:25.610 V/locapi_rpc_glue( 1574): -loc_api_callback_process_sync_call, no sync call in use
04-04 18:59:25.610 D/RPC     ( 1574): written RPC packet size: [28]
04-04 18:59:25.610 D/RPC     ( 1574): read RPC packet
04-04 18:59:25.610 D/RPC     ( 1574): read RPC packet size: [272]
04-04 18:59:25.610 V/locapi_rpc_glue( 1574): Callback received: 4 (cb_id=0x6260000 handle=1)
04-04 18:59:25.610 V/locapi_rpc_glue( 1574): +loc_api_callback_process_sync_call
04-04 18:59:25.610 V/locapi_rpc_glue( 1574): -loc_api_callback_process_sync_call, no sync call in use
04-04 18:59:25.610 D/RPC     ( 1574): written RPC packet size: [28]
04-04 18:59:25.610 D/RPC     ( 1574): read RPC packet
04-04 18:59:25.610 D/RPC     ( 1574): read RPC packet size: [416]
04-04 18:59:25.610 V/locapi_rpc_glue( 1574): Callback received: 2 (cb_id=0x6260000 handle=1)
04-04 18:59:25.610 V/locapi_rpc_glue( 1574): +loc_api_callback_process_sync_call
04-04 18:59:25.610 V/locapi_rpc_glue( 1574): -loc_api_callback_process_sync_call, no sync call in use
04-04 18:59:25.610 D/lib_locapi( 1574): loc_eng_report_sv: valid_mask = 0x3f, num of sv = 8
04-04 18:59:25.610 D/RPC     ( 1574): written RPC packet size: [28]
04-04 18:59:25.610 D/RPC     ( 1574): read RPC packet
04-04 18:59:25.610 D/RPC     ( 1574): read RPC packet size: [208]
04-04 18:59:25.620 V/locapi_rpc_glue( 1574): Callback received: 1 (cb_id=0x6260000 handle=1)
04-04 18:59:25.620 V/locapi_rpc_glue( 1574): +loc_api_callback_process_sync_call
04-04 18:59:25.620 V/locapi_rpc_glue( 1574): -loc_api_callback_process_sync_call, no sync call in use
04-04 18:59:25.620 D/lib_locapi( 1574): loc_eng_report_position: valid mask = 0x69ffef, sess status = 0
04-04 18:59:25.620 D/RPC     ( 1574): written RPC packet size: [28]
04-04 18:59:25.620 D/RPC     ( 1574): read RPC packet
04-04 18:59:25.620 D/RPC     ( 1574): read RPC packet size: [80]
04-04 18:59:25.620 V/locapi_rpc_glue( 1574): Callback received: 100 (cb_id=0x6260000 handle=1)
04-04 18:59:25.620 V/locapi_rpc_glue( 1574): +loc_api_callback_process_sync_call
04-04 18:59:25.620 V/locapi_rpc_glue( 1574): -loc_api_callback_process_sync_call, no sync call in use
04-04 18:59:25.620 D/lib_locapi( 1574): [GPS:] loc_eng_report_status: GPS_STATUS_SESSION_END
04-04 18:59:25.620 D/RPC     ( 1574): written RPC packet size: [28]
04-04 18:59:25.630 D/AutoSetting( 3122): service - mLocationListener: onLocationChanged() location = Location[mProvider=gps,mTime=1396637965631,mInfo=-19.65919676333507.06193068000005,mAccuracy=5.0
04-04 18:59:25.630 D/AutoSetting( 3122): service - handleMessage() incoming message, what:1
04-04 18:59:25.630 D/AutoSetting( 3122): service - mLocationListener: onLocationChanged() location = Location[mProvider=gps,mTime=1396637965631,mInfo=-19.65919676333507.06193068000005,mAccuracy=5.0
04-04 18:59:25.630 D/AutoSetting( 3122): Util - no network available!
04-04 18:59:25.630 D/AutoSetting( 3122): service - handleMessage() not proceed
04-04 18:59:25.720 D/RPC     ( 1574): read RPC packet
04-04 18:59:25.720 D/RPC     ( 1574): read RPC packet size: [80]
04-04 18:59:25.720 V/locapi_rpc_glue( 1574): Callback received: 100 (cb_id=0x6260000 handle=1)
04-04 18:59:25.730 V/locapi_rpc_glue( 1574): +loc_api_callback_process_sync_call
04-04 18:59:25.730 V/locapi_rpc_glue( 1574): -loc_api_callback_process_sync_call, no sync call in use
04-04 18:59:25.730 D/lib_locapi( 1574): [GPS:] loc_eng_report_status: GPS_STATUS_SESSION_BEGIN
04-04 18:59:25.730 D/RPC     ( 1574): written RPC packet size: [28]
04-04 18:59:26.531 D/RPC     ( 1574): read RPC packet
04-04 18:59:26.531 D/RPC     ( 1574): read RPC packet size: [272]
04-04 18:59:26.531 V/locapi_rpc_glue( 1574): Callback received: 4 (cb_id=0x6260000 handle=1)
04-04 18:59:26.531 V/locapi_rpc_glue( 1574): +loc_api_callback_process_sync_call
04-04 18:59:26.531 V/locapi_rpc_glue( 1574): -loc_api_callback_process_sync_call, no sync call in use
04-04 18:59:26.531 D/RPC     ( 1574): written RPC packet size: [28]
04-04 18:59:26.531 D/RPC     ( 1574): read RPC packet
04-04 18:59:26.541 D/RPC     ( 1574): read RPC packet size: [272]
04-04 18:59:26.541 V/locapi_rpc_glue( 1574): Callback received: 4 (cb_id=0x6260000 handle=1)
04-04 18:59:26.541 V/locapi_rpc_glue( 1574): +loc_api_callback_process_sync_call
04-04 18:59:26.541 V/locapi_rpc_glue( 1574): -loc_api_callback_process_sync_call, no sync call in use
04-04 18:59:26.551 D/RPC     ( 1574): written RPC packet size: [28]
04-04 18:59:26.551 D/RPC     ( 1574): read RPC packet
04-04 18:59:26.551 D/RPC     ( 1574): read RPC packet size: [416]
04-04 18:59:26.551 V/locapi_rpc_glue( 1574): Callback received: 2 (cb_id=0x6260000 handle=1)
04-04 18:59:26.551 V/locapi_rpc_glue( 1574): +loc_api_callback_process_sync_call
04-04 18:59:26.561 V/locapi_rpc_glue( 1574): -loc_api_callback_process_sync_call, no sync call in use
04-04 18:59:26.561 D/lib_locapi( 1574): loc_eng_report_sv: valid_mask = 0x30, num of sv = 8
04-04 18:59:26.561 D/GpsLocationProvider( 1574): reportSvStatus
04-04 18:59:26.561 V/GpsLocationProvider( 1574): SV count: 8 ephemerisMask: 5108280a almanacMask: 5108280a
04-04 18:59:26.561 V/GpsLocationProvider( 1574): sv: 2 snr: 2.42 elev: 30.0 azimuth: 71.0 E AU
04-04 18:59:26.561 V/GpsLocationProvider( 1574): sv: 4 snr: 1.5899999 elev: 11.0 azimuth: 29.0 E AU
04-04 18:59:26.571 V/GpsLocationProvider( 1574): sv: 12 snr: 3.81 elev: 38.0 azimuth: 85.0 E AU
04-04 18:59:26.571 V/GpsLocationProvider( 1574): sv: 14 snr: 3.4299998 elev: 25.0 azimuth: 220.0 E AU
04-04 18:59:26.571 V/GpsLocationProvider( 1574): sv: 20 snr: 2.24 elev: 0.0 azimuth: 0.0 E AU
04-04 18:59:26.571 V/GpsLocationProvider( 1574): sv: 25 snr: 3.65 elev: 79.0 azimuth: 90.0 E AU
04-04 18:59:26.571 D/RPC     ( 1574): written RPC packet size: [28]
04-04 18:59:26.581 V/GpsLocationProvider( 1574): sv: 29 snr: 3.36 elev: 52.0 azimuth: 185.0 E AU
04-04 18:59:26.581 V/GpsLocationProvider( 1574): sv: 31 snr: 4.54 elev: 43.0 azimuth: 296.0 E AU
04-04 18:59:26.581 D/RPC     ( 1574): read RPC packet
04-04 18:59:26.591 D/RPC     ( 1574): read RPC packet size: [272]
04-04 18:59:26.591 V/locapi_rpc_glue( 1574): Callback received: 4 (cb_id=0x6260000 handle=1)
04-04 18:59:26.591 V/locapi_rpc_glue( 1574): +loc_api_callback_process_sync_call
04-04 18:59:26.591 V/locapi_rpc_glue( 1574): -loc_api_callback_process_sync_call, no sync call in use
04-04 18:59:26.591 D/RPC     ( 1574): written RPC packet size: [28]
04-04 18:59:26.591 D/RPC     ( 1574): read RPC packet
04-04 18:59:26.591 D/RPC     ( 1574): read RPC packet size: [272]
04-04 18:59:26.591 V/locapi_rpc_glue( 1574): Callback received: 4 (cb_id=0x6260000 handle=1)
04-04 18:59:26.591 V/locapi_rpc_glue( 1574): +loc_api_callback_process_sync_call
04-04 18:59:26.591 V/locapi_rpc_glue( 1574): -loc_api_callback_process_sync_call, no sync call in use
04-04 18:59:26.591 D/RPC     ( 1574): written RPC packet size: [28]
04-04 18:59:26.591 D/RPC     ( 1574): read RPC packet
04-04 18:59:26.591 D/RPC     ( 1574): read RPC packet size: [272]
04-04 18:59:26.591 V/locapi_rpc_glue( 1574): Callback received: 4 (cb_id=0x6260000 handle=1)
04-04 18:59:26.591 V/locapi_rpc_glue( 1574): +loc_api_callback_process_sync_call
04-04 18:59:26.591 V/locapi_rpc_glue( 1574): -loc_api_callback_process_sync_call, no sync call in use
04-04 18:59:26.591 D/RPC     ( 1574): written RPC packet size: [28]
04-04 18:59:26.601 D/RPC     ( 1574): read RPC packet
04-04 18:59:26.601 D/RPC     ( 1574): read RPC packet size: [272]
04-04 18:59:26.601 V/locapi_rpc_glue( 1574): Callback received: 4 (cb_id=0x6260000 handle=1)
04-04 18:59:26.601 V/locapi_rpc_glue( 1574): +loc_api_callback_process_sync_call
04-04 18:59:26.601 V/locapi_rpc_glue( 1574): -loc_api_callback_process_sync_call, no sync call in use
04-04 18:59:26.601 D/RPC     ( 1574): written RPC packet size: [28]
04-04 18:59:26.601 D/RPC     ( 1574): read RPC packet
04-04 18:59:26.601 D/RPC     ( 1574): read RPC packet size: [416]
04-04 18:59:26.601 V/locapi_rpc_glue( 1574): Callback received: 2 (cb_id=0x6260000 handle=1)
04-04 18:59:26.601 V/locapi_rpc_glue( 1574): +loc_api_callback_process_sync_call
04-04 18:59:26.601 V/locapi_rpc_glue( 1574): -loc_api_callback_process_sync_call, no sync call in use
04-04 18:59:26.601 D/lib_locapi( 1574): loc_eng_report_sv: valid_mask = 0x3f, num of sv = 8
04-04 18:59:26.601 D/RPC     ( 1574): written RPC packet size: [28]
04-04 18:59:26.611 D/RPC     ( 1574): read RPC packet
04-04 18:59:26.611 D/RPC     ( 1574): read RPC packet size: [208]
04-04 18:59:26.611 V/locapi_rpc_glue( 1574): Callback received: 1 (cb_id=0x6260000 handle=1)
04-04 18:59:26.611 V/locapi_rpc_glue( 1574): +loc_api_callback_process_sync_call
04-04 18:59:26.611 V/locapi_rpc_glue( 1574): -loc_api_callback_process_sync_call, no sync call in use
04-04 18:59:26.611 D/lib_locapi( 1574): loc_eng_report_position: valid mask = 0x69ffef, sess status = 0
04-04 18:59:26.611 D/RPC     ( 1574): written RPC packet size: [28]
04-04 18:59:26.611 D/RPC     ( 1574): read RPC packet
04-04 18:59:26.611 D/RPC     ( 1574): read RPC packet size: [80]
04-04 18:59:26.611 V/locapi_rpc_glue( 1574): Callback received: 100 (cb_id=0x6260000 handle=1)
04-04 18:59:26.611 V/locapi_rpc_glue( 1574): +loc_api_callback_process_sync_call
04-04 18:59:26.611 V/locapi_rpc_glue( 1574): -loc_api_callback_process_sync_call, no sync call in use
04-04 18:59:26.611 D/lib_locapi( 1574): [GPS:] loc_eng_report_status: GPS_STATUS_SESSION_END
04-04 18:59:26.611 D/RPC     ( 1574): written RPC packet size: [28]
04-04 18:59:26.621 D/AutoSetting( 3122): service - mLocationListener: onLocationChanged() location = Location[mProvider=gps,mTime=1396637966623,mInfo=-19.65913208333507.06195111,mAccuracy=6.0
04-04 18:59:26.621 D/AutoSetting( 3122): service - handleMessage() incoming message, what:1
04-04 18:59:26.621 D/AutoSetting( 3122): service - mLocationListener: onLocationChanged() location = Location[mProvider=gps,mTime=1396637966623,mInfo=-19.65913208333507.06195111,mAccuracy=6.0
04-04 18:59:26.621 D/AutoSetting( 3122): Util - no network available!
04-04 18:59:26.621 D/AutoSetting( 3122): service - handleMessage() not proceed
04-04 18:59:26.731 D/RPC     ( 1574): read RPC packet
04-04 18:59:26.731 D/RPC     ( 1574): read RPC packet size: [80]
04-04 18:59:26.731 V/locapi_rpc_glue( 1574): Callback received: 100 (cb_id=0x6260000 handle=1)
04-04 18:59:26.731 V/locapi_rpc_glue( 1574): +loc_api_callback_process_sync_call
04-04 18:59:26.731 V/locapi_rpc_glue( 1574): -loc_api_callback_process_sync_call, no sync call in use
04-04 18:59:26.731 D/lib_locapi( 1574): [GPS:] loc_eng_report_status: GPS_STATUS_SESSION_BEGIN
04-04 18:59:26.731 D/RPC     ( 1574): written RPC packet size: [28]
04-04 18:59:26.941 I/System.out( 3582): Location: -2.80844744 56.34021679 | GPSNavigator running:true
04-04 18:59:26.941 I/System.out( 3582): Battery level: 98 | Time difference: -1
04-04 18:59:27.532 D/RPC     ( 1574): read RPC packet
04-04 18:59:27.532 D/RPC     ( 1574): read RPC packet size: [272]
04-04 18:59:27.532 V/locapi_rpc_glue( 1574): Callback received: 4 (cb_id=0x6260000 handle=1)
04-04 18:59:27.532 V/locapi_rpc_glue( 1574): +loc_api_callback_process_sync_call
04-04 18:59:27.532 V/locapi_rpc_glue( 1574): -loc_api_callback_process_sync_call, no sync call in use
04-04 18:59:27.532 D/RPC     ( 1574): written RPC packet size: [28]
04-04 18:59:27.542 D/RPC     ( 1574): read RPC packet
04-04 18:59:27.542 D/RPC     ( 1574): read RPC packet size: [272]
04-04 18:59:27.542 V/locapi_rpc_glue( 1574): Callback received: 4 (cb_id=0x6260000 handle=1)
04-04 18:59:27.542 V/locapi_rpc_glue( 1574): +loc_api_callback_process_sync_call
04-04 18:59:27.552 V/locapi_rpc_glue( 1574): -loc_api_callback_process_sync_call, no sync call in use
04-04 18:59:27.552 D/RPC     ( 1574): written RPC packet size: [28]
04-04 18:59:27.552 D/RPC     ( 1574): read RPC packet
04-04 18:59:27.562 D/RPC     ( 1574): read RPC packet size: [416]
04-04 18:59:27.562 V/locapi_rpc_glue( 1574): Callback received: 2 (cb_id=0x6260000 handle=1)
04-04 18:59:27.562 V/locapi_rpc_glue( 1574): +loc_api_callback_process_sync_call
04-04 18:59:27.562 V/locapi_rpc_glue( 1574): -loc_api_callback_process_sync_call, no sync call in use
04-04 18:59:27.562 D/lib_locapi( 1574): loc_eng_report_sv: valid_mask = 0x30, num of sv = 8
04-04 18:59:27.562 D/GpsLocationProvider( 1574): reportSvStatus
04-04 18:59:27.572 V/GpsLocationProvider( 1574): SV count: 8 ephemerisMask: 5108280a almanacMask: 5108280a
04-04 18:59:27.572 V/GpsLocationProvider( 1574): sv: 2 snr: 2.1 elev: 30.0 azimuth: 71.0 E AU
04-04 18:59:27.572 V/GpsLocationProvider( 1574): sv: 4 snr: 1.5899999 elev: 11.0 azimuth: 29.0 E AU
04-04 18:59:27.582 V/GpsLocationProvider( 1574): sv: 12 snr: 3.8200002 elev: 38.0 azimuth: 85.0 E AU
04-04 18:59:27.582 D/RPC     ( 1574): written RPC packet size: [28]
04-04 18:59:27.582 V/GpsLocationProvider( 1574): sv: 14 snr: 3.17 elev: 25.0 azimuth: 220.0 E AU
04-04 18:59:27.582 V/GpsLocationProvider( 1574): sv: 20 snr: 1.9200001 elev: 0.0 azimuth: 0.0 E AU
04-04 18:59:27.592 V/GpsLocationProvider( 1574): sv: 25 snr: 3.89 elev: 79.0 azimuth: 90.0 E AU
04-04 18:59:27.592 V/GpsLocationProvider( 1574): sv: 29 snr: 3.6 elev: 52.0 azimuth: 185.0 E AU
04-04 18:59:27.592 V/GpsLocationProvider( 1574): sv: 31 snr: 4.27 elev: 43.0 azimuth: 296.0 E AU
04-04 18:59:27.602 D/RPC     ( 1574): read RPC packet
04-04 18:59:27.602 D/RPC     ( 1574): read RPC packet size: [272]
04-04 18:59:27.602 V/locapi_rpc_glue( 1574): Callback received: 4 (cb_id=0x6260000 handle=1)
04-04 18:59:27.602 V/locapi_rpc_glue( 1574): +loc_api_callback_process_sync_call
04-04 18:59:27.612 V/locapi_rpc_glue( 1574): -loc_api_callback_process_sync_call, no sync call in use
04-04 18:59:27.612 D/RPC     ( 1574): written RPC packet size: [28]
04-04 18:59:27.612 D/RPC     ( 1574): read RPC packet
04-04 18:59:27.612 D/RPC     ( 1574): read RPC packet size: [272]
04-04 18:59:27.622 V/locapi_rpc_glue( 1574): Callback received: 4 (cb_id=0x6260000 handle=1)
04-04 18:59:27.622 V/locapi_rpc_glue( 1574): +loc_api_callback_process_sync_call
04-04 18:59:27.622 V/locapi_rpc_glue( 1574): -loc_api_callback_process_sync_call, no sync call in use
04-04 18:59:27.622 D/RPC     ( 1574): written RPC packet size: [28]
04-04 18:59:27.632 D/RPC     ( 1574): read RPC packet
04-04 18:59:27.632 D/RPC     ( 1574): read RPC packet size: [272]
04-04 18:59:27.632 V/locapi_rpc_glue( 1574): Callback received: 4 (cb_id=0x6260000 handle=1)
04-04 18:59:27.632 V/locapi_rpc_glue( 1574): +loc_api_callback_process_sync_call
04-04 18:59:27.632 V/locapi_rpc_glue( 1574): -loc_api_callback_process_sync_call, no sync call in use
04-04 18:59:27.642 D/RPC     ( 1574): written RPC packet size: [28]
04-04 18:59:27.642 D/RPC     ( 1574): read RPC packet
04-04 18:59:27.642 D/RPC     ( 1574): read RPC packet size: [272]
04-04 18:59:27.642 V/locapi_rpc_glue( 1574): Callback received: 4 (cb_id=0x6260000 handle=1)
04-04 18:59:27.642 V/locapi_rpc_glue( 1574): +loc_api_callback_process_sync_call
04-04 18:59:27.642 V/locapi_rpc_glue( 1574): -loc_api_callback_process_sync_call, no sync call in use
04-04 18:59:27.642 D/RPC     ( 1574): written RPC packet size: [28]
04-04 18:59:27.642 D/RPC     ( 1574): read RPC packet
04-04 18:59:27.642 D/RPC     ( 1574): read RPC packet size: [416]
04-04 18:59:27.642 V/locapi_rpc_glue( 1574): Callback received: 2 (cb_id=0x6260000 handle=1)
04-04 18:59:27.652 V/locapi_rpc_glue( 1574): +loc_api_callback_process_sync_call
04-04 18:59:27.652 V/locapi_rpc_glue( 1574): -loc_api_callback_process_sync_call, no sync call in use
04-04 18:59:27.652 D/lib_locapi( 1574): loc_eng_report_sv: valid_mask = 0x3f, num of sv = 8
04-04 18:59:27.652 D/RPC     ( 1574): written RPC packet size: [28]
04-04 18:59:27.652 D/RPC     ( 1574): read RPC packet
04-04 18:59:27.652 D/RPC     ( 1574): read RPC packet size: [208]
04-04 18:59:27.652 V/locapi_rpc_glue( 1574): Callback received: 1 (cb_id=0x6260000 handle=1)
04-04 18:59:27.652 V/locapi_rpc_glue( 1574): +loc_api_callback_process_sync_call
04-04 18:59:27.652 V/locapi_rpc_glue( 1574): -loc_api_callback_process_sync_call, no sync call in use
04-04 18:59:27.652 D/lib_locapi( 1574): loc_eng_report_position: valid mask = 0x69ffef, sess status = 0
04-04 18:59:27.652 D/RPC     ( 1574): written RPC packet size: [28]
04-04 18:59:27.652 D/RPC     ( 1574): read RPC packet
04-04 18:59:27.662 D/RPC     ( 1574): read RPC packet size: [80]
04-04 18:59:27.662 V/locapi_rpc_glue( 1574): Callback received: 100 (cb_id=0x6260000 handle=1)
04-04 18:59:27.662 V/locapi_rpc_glue( 1574): +loc_api_callback_process_sync_call
04-04 18:59:27.662 V/locapi_rpc_glue( 1574): -loc_api_callback_process_sync_call, no sync call in use
04-04 18:59:27.662 D/lib_locapi( 1574): [GPS:] loc_eng_report_status: GPS_STATUS_SESSION_END
04-04 18:59:27.662 D/RPC     ( 1574): written RPC packet size: [28]
04-04 18:59:27.662 D/AutoSetting( 3122): service - mLocationListener: onLocationChanged() location = Location[mProvider=gps,mTime=1396637967667,mInfo=-19.65908049333507.06192914999997,mAccuracy=7.0
04-04 18:59:27.662 D/AutoSetting( 3122): service - handleMessage() incoming message, what:1
