04-04 20:40:26.423 D/lib_locapi( 1574): loc_eng_report_sv: valid_mask = 0x3f, num of sv = 10
04-04 20:40:26.423 D/RPC     ( 1574): written RPC packet size: [28]
04-04 20:40:26.423 D/RPC     ( 1574): read RPC packet
04-04 20:40:26.433 D/RPC     ( 1574): read RPC packet size: [208]
04-04 20:40:26.433 V/locapi_rpc_glue( 1574): Callback received: 1 (cb_id=0x6260000 handle=1)
04-04 20:40:26.433 V/locapi_rpc_glue( 1574): +loc_api_callback_process_sync_call
04-04 20:40:26.433 V/locapi_rpc_glue( 1574): -loc_api_callback_process_sync_call, no sync call in use
04-04 20:40:26.433 D/lib_locapi( 1574): loc_eng_report_position: valid mask = 0x69ffef, sess status = 0
04-04 20:40:26.433 D/RPC     ( 1574): written RPC packet size: [28]
04-04 20:40:26.433 D/RPC     ( 1574): read RPC packet
04-04 20:40:26.433 D/RPC     ( 1574): read RPC packet size: [80]
04-04 20:40:26.443 V/locapi_rpc_glue( 1574): Callback received: 100 (cb_id=0x6260000 handle=1)
04-04 20:40:26.443 V/locapi_rpc_glue( 1574): +loc_api_callback_process_sync_call
04-04 20:40:26.443 V/locapi_rpc_glue( 1574): -loc_api_callback_process_sync_call, no sync call in use
04-04 20:40:26.443 D/lib_locapi( 1574): [GPS:] loc_eng_report_status: GPS_STATUS_SESSION_END
04-04 20:40:26.443 D/RPC     ( 1574): written RPC packet size: [28]
04-04 20:40:26.453 D/AutoSetting( 1779): service - mLocationListener: onLocationChanged() location = Location[mProvider=gps,mTime=1396644026438,mInfo=-19.66318228333507.05918685,mAccuracy=13.0
04-04 20:40:26.453 D/AutoSetting( 1779): service - handleMessage() incoming message, what:1
04-04 20:40:26.453 D/AutoSetting( 1779): service - mLocationListener: onLocationChanged() location = Location[mProvider=gps,mTime=1396644026438,mInfo=-19.66318228333507.05918685,mAccuracy=13.0
04-04 20:40:26.463 D/AutoSetting( 1779): Util - no network available!
04-04 20:40:26.463 D/AutoSetting( 1779): service - handleMessage() not proceed
04-04 20:40:26.553 D/RPC     ( 1574): read RPC packet
04-04 20:40:26.553 D/RPC     ( 1574): read RPC packet size: [80]
04-04 20:40:26.553 V/locapi_rpc_glue( 1574): Callback received: 100 (cb_id=0x6260000 handle=1)
04-04 20:40:26.553 V/locapi_rpc_glue( 1574): +loc_api_callback_process_sync_call
04-04 20:40:26.553 V/locapi_rpc_glue( 1574): -loc_api_callback_process_sync_call, no sync call in use
04-04 20:40:26.553 D/lib_locapi( 1574): [GPS:] loc_eng_report_status: GPS_STATUS_SESSION_BEGIN
04-04 20:40:26.563 D/RPC     ( 1574): written RPC packet size: [28]
04-04 20:40:27.354 D/RPC     ( 1574): read RPC packet
04-04 20:40:27.354 D/RPC     ( 1574): read RPC packet size: [272]
04-04 20:40:27.354 V/locapi_rpc_glue( 1574): Callback received: 4 (cb_id=0x6260000 handle=1)
04-04 20:40:27.354 V/locapi_rpc_glue( 1574): +loc_api_callback_process_sync_call
04-04 20:40:27.354 V/locapi_rpc_glue( 1574): -loc_api_callback_process_sync_call, no sync call in use
04-04 20:40:27.354 D/RPC     ( 1574): written RPC packet size: [28]
04-04 20:40:27.374 D/RPC     ( 1574): read RPC packet
04-04 20:40:27.374 D/RPC     ( 1574): read RPC packet size: [272]
04-04 20:40:27.374 V/locapi_rpc_glue( 1574): Callback received: 4 (cb_id=0x6260000 handle=1)
04-04 20:40:27.374 V/locapi_rpc_glue( 1574): +loc_api_callback_process_sync_call
04-04 20:40:27.374 V/locapi_rpc_glue( 1574): -loc_api_callback_process_sync_call, no sync call in use
04-04 20:40:27.374 D/RPC     ( 1574): written RPC packet size: [28]
04-04 20:40:27.384 D/RPC     ( 1574): read RPC packet
04-04 20:40:27.384 D/RPC     ( 1574): read RPC packet size: [272]
04-04 20:40:27.384 V/locapi_rpc_glue( 1574): Callback received: 4 (cb_id=0x6260000 handle=1)
04-04 20:40:27.384 V/locapi_rpc_glue( 1574): +loc_api_callback_process_sync_call
04-04 20:40:27.384 V/locapi_rpc_glue( 1574): -loc_api_callback_process_sync_call, no sync call in use
04-04 20:40:27.384 D/RPC     ( 1574): written RPC packet size: [28]
04-04 20:40:27.384 D/RPC     ( 1574): read RPC packet
04-04 20:40:27.394 D/RPC     ( 1574): read RPC packet size: [496]
04-04 20:40:27.394 V/locapi_rpc_glue( 1574): Callback received: 2 (cb_id=0x6260000 handle=1)
04-04 20:40:27.394 V/locapi_rpc_glue( 1574): +loc_api_callback_process_sync_call
04-04 20:40:27.394 V/locapi_rpc_glue( 1574): -loc_api_callback_process_sync_call, no sync call in use
04-04 20:40:27.394 D/lib_locapi( 1574): loc_eng_report_sv: valid_mask = 0x30, num of sv = 10
04-04 20:40:27.394 D/GpsLocationProvider( 1574): reportSvStatus
04-04 20:40:27.394 V/GpsLocationProvider( 1574): SV count: 10 ephemerisMask: 51400002 almanacMask: 51509212
04-04 20:40:27.394 V/GpsLocationProvider( 1574): sv: 2 snr: 3.06 elev: 11.0 azimuth: 35.0 E AU
04-04 20:40:27.394 V/GpsLocationProvider( 1574): sv: 5 snr: 2.67 elev: 10.0 azimuth: 67.0   AU
04-04 20:40:27.394 V/GpsLocationProvider( 1574): sv: 10 snr: 2.3700001 elev: 7.0 azimuth: 14.0   AU
04-04 20:40:27.394 V/GpsLocationProvider( 1574): sv: 13 snr: 2.76 elev: 8.0 azimuth: 344.0   AU
04-04 20:40:27.394 V/GpsLocationProvider( 1574): sv: 16 snr: 3.89 elev: 15.0 azimuth: 285.0   AU
04-04 20:40:27.394 V/GpsLocationProvider( 1574): sv: 21 snr: 2.97 elev: 28.0 azimuth: 161.0   AU
04-04 20:40:27.394 V/GpsLocationProvider( 1574): sv: 23 snr: 4.0 elev: 16.0 azimuth: 313.0 E AU
04-04 20:40:27.394 V/GpsLocationProvider( 1574): sv: 25 snr: 3.2599998 elev: 32.0 azimuth: 111.0 E AU
04-04 20:40:27.394 V/GpsLocationProvider( 1574): sv: 29 snr: 3.75 elev: 65.0 azimuth: 78.0 E AU
04-04 20:40:27.394 V/GpsLocationProvider( 1574): sv: 31 snr: 3.89 elev: 57.0 azimuth: 223.0 E AU
04-04 20:40:27.404 D/RPC     ( 1574): written RPC packet size: [28]
04-04 20:40:27.404 D/RPC     ( 1574): read RPC packet
04-04 20:40:27.404 D/RPC     ( 1574): read RPC packet size: [272]
04-04 20:40:27.404 V/locapi_rpc_glue( 1574): Callback received: 4 (cb_id=0x6260000 handle=1)
04-04 20:40:27.404 V/locapi_rpc_glue( 1574): +loc_api_callback_process_sync_call
04-04 20:40:27.404 V/locapi_rpc_glue( 1574): -loc_api_callback_process_sync_call, no sync call in use
04-04 20:40:27.414 D/RPC     ( 1574): written RPC packet size: [28]
04-04 20:40:27.414 D/RPC     ( 1574): read RPC packet
04-04 20:40:27.414 D/RPC     ( 1574): read RPC packet size: [272]
04-04 20:40:27.414 V/locapi_rpc_glue( 1574): Callback received: 4 (cb_id=0x6260000 handle=1)
04-04 20:40:27.414 V/locapi_rpc_glue( 1574): +loc_api_callback_process_sync_call
04-04 20:40:27.414 V/locapi_rpc_glue( 1574): -loc_api_callback_process_sync_call, no sync call in use
04-04 20:40:27.414 D/RPC     ( 1574): written RPC packet size: [28]
04-04 20:40:27.414 D/RPC     ( 1574): read RPC packet
04-04 20:40:27.414 D/RPC     ( 1574): read RPC packet size: [272]
04-04 20:40:27.424 V/locapi_rpc_glue( 1574): Callback received: 4 (cb_id=0x6260000 handle=1)
04-04 20:40:27.424 V/locapi_rpc_glue( 1574): +loc_api_callback_process_sync_call
04-04 20:40:27.424 V/locapi_rpc_glue( 1574): -loc_api_callback_process_sync_call, no sync call in use
04-04 20:40:27.424 D/RPC     ( 1574): written RPC packet size: [28]
04-04 20:40:27.424 D/RPC     ( 1574): read RPC packet
04-04 20:40:27.424 D/RPC     ( 1574): read RPC packet size: [272]
04-04 20:40:27.424 V/locapi_rpc_glue( 1574): Callback received: 4 (cb_id=0x6260000 handle=1)
04-04 20:40:27.424 V/locapi_rpc_glue( 1574): +loc_api_callback_process_sync_call
04-04 20:40:27.424 V/locapi_rpc_glue( 1574): -loc_api_callback_process_sync_call, no sync call in use
04-04 20:40:27.424 D/RPC     ( 1574): written RPC packet size: [28]
04-04 20:40:27.434 D/RPC     ( 1574): read RPC packet
04-04 20:40:27.434 D/RPC     ( 1574): read RPC packet size: [496]
04-04 20:40:27.434 V/locapi_rpc_glue( 1574): Callback received: 2 (cb_id=0x6260000 handle=1)
04-04 20:40:27.434 V/locapi_rpc_glue( 1574): +loc_api_callback_process_sync_call
04-04 20:40:27.434 V/locapi_rpc_glue( 1574): -loc_api_callback_process_sync_call, no sync call in use
04-04 20:40:27.434 D/lib_locapi( 1574): loc_eng_report_sv: valid_mask = 0x3f, num of sv = 10
04-04 20:40:27.434 D/RPC     ( 1574): written RPC packet size: [28]
04-04 20:40:27.444 D/RPC     ( 1574): read RPC packet
04-04 20:40:27.444 D/RPC     ( 1574): read RPC packet size: [208]
04-04 20:40:27.444 V/locapi_rpc_glue( 1574): Callback received: 1 (cb_id=0x6260000 handle=1)
04-04 20:40:27.444 V/locapi_rpc_glue( 1574): +loc_api_callback_process_sync_call
04-04 20:40:27.444 V/locapi_rpc_glue( 1574): -loc_api_callback_process_sync_call, no sync call in use
04-04 20:40:27.444 D/lib_locapi( 1574): loc_eng_report_position: valid mask = 0x69ffef, sess status = 0
04-04 20:40:27.454 D/RPC     ( 1574): written RPC packet size: [28]
04-04 20:40:27.454 D/RPC     ( 1574): read RPC packet
04-04 20:40:27.454 D/RPC     ( 1574): read RPC packet size: [80]
04-04 20:40:27.454 V/locapi_rpc_glue( 1574): Callback received: 100 (cb_id=0x6260000 handle=1)
04-04 20:40:27.454 V/locapi_rpc_glue( 1574): +loc_api_callback_process_sync_call
04-04 20:40:27.454 V/locapi_rpc_glue( 1574): -loc_api_callback_process_sync_call, no sync call in use
04-04 20:40:27.454 D/lib_locapi( 1574): [GPS:] loc_eng_report_status: GPS_STATUS_SESSION_END
04-04 20:40:27.454 D/RPC     ( 1574): written RPC packet size: [28]
04-04 20:40:27.464 D/AutoSetting( 1779): service - mLocationListener: onLocationChanged() location = Location[mProvider=gps,mTime=1396644027453,mInfo=-19.66311095333507.05923374,mAccuracy=13.0
04-04 20:40:27.464 D/AutoSetting( 1779): service - handleMessage() incoming message, what:1
04-04 20:40:27.464 D/AutoSetting( 1779): service - mLocationListener: onLocationChanged() location = Location[mProvider=gps,mTime=1396644027453,mInfo=-19.66311095333507.05923374,mAccuracy=13.0
04-04 20:40:27.464 D/AutoSetting( 1779): Util - no network available!
04-04 20:40:27.464 D/AutoSetting( 1779): service - handleMessage() not proceed
04-04 20:40:27.544 D/RPC     ( 1574): read RPC packet
04-04 20:40:27.544 D/RPC     ( 1574): read RPC packet size: [80]
04-04 20:40:27.544 V/locapi_rpc_glue( 1574): Callback received: 100 (cb_id=0x6260000 handle=1)
04-04 20:40:27.544 V/locapi_rpc_glue( 1574): +loc_api_callback_process_sync_call
04-04 20:40:27.544 V/locapi_rpc_glue( 1574): -loc_api_callback_process_sync_call, no sync call in use
04-04 20:40:27.554 D/lib_locapi( 1574): [GPS:] loc_eng_report_status: GPS_STATUS_SESSION_BEGIN
04-04 20:40:27.554 D/RPC     ( 1574): written RPC packet size: [28]
04-04 20:40:27.774 I/System.out( 2698): Location: -2.80901585 56.33991486 | GPSNavigator running:true
04-04 20:40:27.774 I/System.out( 2698): Battery level: 99 | Time difference: -1
04-04 20:40:28.345 D/RPC     ( 1574): read RPC packet
04-04 20:40:28.345 D/RPC     ( 1574): read RPC packet size: [272]
04-04 20:40:28.345 V/locapi_rpc_glue( 1574): Callback received: 4 (cb_id=0x6260000 handle=1)
04-04 20:40:28.345 V/locapi_rpc_glue( 1574): +loc_api_callback_process_sync_call
04-04 20:40:28.345 V/locapi_rpc_glue( 1574): -loc_api_callback_process_sync_call, no sync call in use
04-04 20:40:28.345 D/RPC     ( 1574): written RPC packet size: [28]
04-04 20:40:28.345 D/RPC     ( 1574): read RPC packet
04-04 20:40:28.345 D/RPC     ( 1574): read RPC packet size: [272]
04-04 20:40:28.345 V/locapi_rpc_glue( 1574): Callback received: 4 (cb_id=0x6260000 handle=1)
04-04 20:40:28.355 V/locapi_rpc_glue( 1574): +loc_api_callback_process_sync_call
04-04 20:40:28.355 V/locapi_rpc_glue( 1574): -loc_api_callback_process_sync_call, no sync call in use
04-04 20:40:28.355 D/RPC     ( 1574): written RPC packet size: [28]
04-04 20:40:28.355 D/RPC     ( 1574): read RPC packet
04-04 20:40:28.355 D/RPC     ( 1574): read RPC packet size: [272]
04-04 20:40:28.355 V/locapi_rpc_glue( 1574): Callback received: 4 (cb_id=0x6260000 handle=1)
04-04 20:40:28.355 V/locapi_rpc_glue( 1574): +loc_api_callback_process_sync_call
04-04 20:40:28.355 V/locapi_rpc_glue( 1574): -loc_api_callback_process_sync_call, no sync call in use
04-04 20:40:28.355 D/RPC     ( 1574): written RPC packet size: [28]
04-04 20:40:28.365 D/RPC     ( 1574): read RPC packet
04-04 20:40:28.365 D/RPC     ( 1574): read RPC packet size: [496]
04-04 20:40:28.365 V/locapi_rpc_glue( 1574): Callback received: 2 (cb_id=0x6260000 handle=1)
04-04 20:40:28.365 V/locapi_rpc_glue( 1574): +loc_api_callback_process_sync_call
04-04 20:40:28.365 V/locapi_rpc_glue( 1574): -loc_api_callback_process_sync_call, no sync call in use
04-04 20:40:28.365 D/lib_locapi( 1574): loc_eng_report_sv: valid_mask = 0x30, num of sv = 10
04-04 20:40:28.365 D/GpsLocationProvider( 1574): reportSvStatus
04-04 20:40:28.365 V/GpsLocationProvider( 1574): SV count: 10 ephemerisMask: 51400002 almanacMask: 51509212
04-04 20:40:28.365 V/GpsLocationProvider( 1574): sv: 2 snr: 2.3600001 elev: 11.0 azimuth: 35.0 E AU
04-04 20:40:28.365 V/GpsLocationProvider( 1574): sv: 5 snr: 2.6399999 elev: 10.0 azimuth: 67.0   AU
04-04 20:40:28.365 V/GpsLocationProvider( 1574): sv: 10 snr: 1.82 elev: 7.0 azimuth: 14.0   AU
04-04 20:40:28.365 V/GpsLocationProvider( 1574): sv: 13 snr: 2.6399999 elev: 8.0 azimuth: 344.0   AU
04-04 20:40:28.365 V/GpsLocationProvider( 1574): sv: 16 snr: 3.7599998 elev: 15.0 azimuth: 285.0   AU
04-04 20:40:28.365 V/GpsLocationProvider( 1574): sv: 21 snr: 3.5900002 elev: 28.0 azimuth: 161.0   AU
04-04 20:40:28.365 V/GpsLocationProvider( 1574): sv: 23 snr: 3.09 elev: 16.0 azimuth: 313.0 E AU
04-04 20:40:28.365 V/GpsLocationProvider( 1574): sv: 25 snr: 3.55 elev: 32.0 azimuth: 111.0 E AU
04-04 20:40:28.365 V/GpsLocationProvider( 1574): sv: 29 snr: 3.7099998 elev: 65.0 azimuth: 78.0 E AU
04-04 20:40:28.375 D/RPC     ( 1574): written RPC packet size: [28]
04-04 20:40:28.375 V/GpsLocationProvider( 1574): sv: 31 snr: 3.86 elev: 57.0 azimuth: 223.0 E AU
04-04 20:40:28.375 D/RPC     ( 1574): read RPC packet
04-04 20:40:28.385 D/RPC     ( 1574): read RPC packet size: [272]
04-04 20:40:28.385 V/locapi_rpc_glue( 1574): Callback received: 4 (cb_id=0x6260000 handle=1)
04-04 20:40:28.385 V/locapi_rpc_glue( 1574): +loc_api_callback_process_sync_call
04-04 20:40:28.385 V/locapi_rpc_glue( 1574): -loc_api_callback_process_sync_call, no sync call in use
04-04 20:40:28.385 D/RPC     ( 1574): written RPC packet size: [28]
04-04 20:40:28.385 D/RPC     ( 1574): read RPC packet
04-04 20:40:28.385 D/RPC     ( 1574): read RPC packet size: [272]
04-04 20:40:28.385 V/locapi_rpc_glue( 1574): Callback received: 4 (cb_id=0x6260000 handle=1)
04-04 20:40:28.385 V/locapi_rpc_glue( 1574): +loc_api_callback_process_sync_call
04-04 20:40:28.395 V/locapi_rpc_glue( 1574): -loc_api_callback_process_sync_call, no sync call in use
04-04 20:40:28.395 D/RPC     ( 1574): written RPC packet size: [28]
04-04 20:40:28.395 D/RPC     ( 1574): read RPC packet
04-04 20:40:28.395 D/RPC     ( 1574): read RPC packet size: [272]
04-04 20:40:28.395 V/locapi_rpc_glue( 1574): Callback received: 4 (cb_id=0x6260000 handle=1)
04-04 20:40:28.395 V/locapi_rpc_glue( 1574): +loc_api_callback_process_sync_call
04-04 20:40:28.395 V/locapi_rpc_glue( 1574): -loc_api_callback_process_sync_call, no sync call in use
04-04 20:40:28.395 D/RPC     ( 1574): written RPC packet size: [28]
04-04 20:40:28.405 D/RPC     ( 1574): read RPC packet
04-04 20:40:28.405 D/RPC     ( 1574): read RPC packet size: [272]
04-04 20:40:28.405 V/locapi_rpc_glue( 1574): Callback received: 4 (cb_id=0x6260000 handle=1)
04-04 20:40:28.405 V/locapi_rpc_glue( 1574): +loc_api_callback_process_sync_call
04-04 20:40:28.405 V/locapi_rpc_glue( 1574): -loc_api_callback_process_sync_call, no sync call in use
04-04 20:40:28.405 D/RPC     ( 1574): written RPC packet size: [28]
04-04 20:40:28.415 D/RPC     ( 1574): read RPC packet
04-04 20:40:28.415 D/RPC     ( 1574): read RPC packet size: [496]
04-04 20:40:28.415 V/locapi_rpc_glue( 1574): Callback received: 2 (cb_id=0x6260000 handle=1)
04-04 20:40:28.415 V/locapi_rpc_glue( 1574): +loc_api_callback_process_sync_call
04-04 20:40:28.415 V/locapi_rpc_glue( 1574): -loc_api_callback_process_sync_call, no sync call in use
04-04 20:40:28.415 D/lib_locapi( 1574): loc_eng_report_sv: valid_mask = 0x3f, num of sv = 10
04-04 20:40:28.415 D/RPC     ( 1574): written RPC packet size: [28]
04-04 20:40:28.425 D/RPC     ( 1574): read RPC packet
04-04 20:40:28.425 D/RPC     ( 1574): read RPC packet size: [208]
04-04 20:40:28.425 V/locapi_rpc_glue( 1574): Callback received: 1 (cb_id=0x6260000 handle=1)
04-04 20:40:28.425 V/locapi_rpc_glue( 1574): +loc_api_callback_process_sync_call
04-04 20:40:28.425 V/locapi_rpc_glue( 1574): -loc_api_callback_process_sync_call, no sync call in use
04-04 20:40:28.425 D/lib_locapi( 1574): loc_eng_report_position: valid mask = 0x69ffef, sess status = 0
04-04 20:40:28.425 D/RPC     ( 1574): written RPC packet size: [28]
04-04 20:40:28.435 D/RPC     ( 1574): read RPC packet
04-04 20:40:28.435 D/RPC     ( 1574): read RPC packet size: [80]
04-04 20:40:28.435 V/locapi_rpc_glue( 1574): Callback received: 100 (cb_id=0x6260000 handle=1)
04-04 20:40:28.435 V/locapi_rpc_glue( 1574): +loc_api_callback_process_sync_call
04-04 20:40:28.435 V/locapi_rpc_glue( 1574): -loc_api_callback_process_sync_call, no sync call in use
04-04 20:40:28.435 D/lib_locapi( 1574): [GPS:] loc_eng_report_status: GPS_STATUS_SESSION_END
04-04 20:40:28.435 D/RPC     ( 1574): written RPC packet size: [28]
04-04 20:40:28.445 D/AutoSetting( 1779): service - mLocationListener: onLocationChanged() location = Location[mProvider=gps,mTime=1396644028441,mInfo=-19.66296542333507.0592692,mAccuracy=13.0
04-04 20:40:28.455 D/AutoSetting( 1779): service - handleMessage() incoming message, what:1
04-04 20:40:28.455 D/AutoSetting( 1779): service - mLocationListener: onLocationChanged() location = Location[mProvider=gps,mTime=1396644028441,mInfo=-19.66296542333507.0592692,mAccuracy=13.0
04-04 20:40:28.455 D/AutoSetting( 1779): Util - no network available!
04-04 20:40:28.455 D/AutoSetting( 1779): service - handleMessage() not proceed
04-04 20:40:28.545 D/RPC     ( 1574): read RPC packet
04-04 20:40:28.545 D/RPC     ( 1574): read RPC packet size: [80]
04-04 20:40:28.545 V/locapi_rpc_glue( 1574): Callback received: 100 (cb_id=0x6260000 handle=1)
04-04 20:40:28.555 V/locapi_rpc_glue( 1574): +loc_api_callback_process_sync_call
04-04 20:40:28.555 V/locapi_rpc_glue( 1574): -loc_api_callback_process_sync_call, no sync call in use
04-04 20:40:28.555 D/lib_locapi( 1574): [GPS:] loc_eng_report_status: GPS_STATUS_SESSION_BEGIN
04-04 20:40:28.555 D/RPC     ( 1574): written RPC packet size: [28]
04-04 20:40:29.346 D/RPC     ( 1574): read RPC packet
04-04 20:40:29.346 D/RPC     ( 1574): read RPC packet size: [272]
04-04 20:40:29.346 V/locapi_rpc_glue( 1574): Callback received: 4 (cb_id=0x6260000 handle=1)
04-04 20:40:29.346 V/locapi_rpc_glue( 1574): +loc_api_callback_process_sync_call
04-04 20:40:29.346 V/locapi_rpc_glue( 1574): -loc_api_callback_process_sync_call, no sync call in use
04-04 20:40:29.346 D/RPC     ( 1574): written RPC packet size: [28]
04-04 20:40:29.356 D/RPC     ( 1574): read RPC packet
04-04 20:40:29.356 D/RPC     ( 1574): read RPC packet size: [272]
04-04 20:40:29.356 V/locapi_rpc_glue( 1574): Callback received: 4 (cb_id=0x6260000 handle=1)
04-04 20:40:29.356 V/locapi_rpc_glue( 1574): +loc_api_callback_process_sync_call
04-04 20:40:29.356 V/locapi_rpc_glue( 1574): -loc_api_callback_process_sync_call, no sync call in use
04-04 20:40:29.356 D/RPC     ( 1574): written RPC packet size: [28]
04-04 20:40:29.356 D/RPC     ( 1574): read RPC packet
04-04 20:40:29.366 D/RPC     ( 1574): read RPC packet size: [272]
04-04 20:40:29.366 V/locapi_rpc_glue( 1574): Callback received: 4 (cb_id=0x6260000 handle=1)
04-04 20:40:29.366 V/locapi_rpc_glue( 1574): +loc_api_callback_process_sync_call
04-04 20:40:29.366 V/locapi_rpc_glue( 1574): -loc_api_callback_process_sync_call, no sync call in use
04-04 20:40:29.366 D/RPC     ( 1574): written RPC packet size: [28]
04-04 20:40:29.366 D/RPC     ( 1574): read RPC packet
04-04 20:40:29.366 D/RPC     ( 1574): read RPC packet size: [496]
04-04 20:40:29.366 V/locapi_rpc_glue( 1574): Callback received: 2 (cb_id=0x6260000 handle=1)
04-04 20:40:29.376 V/locapi_rpc_glue( 1574): +loc_api_callback_process_sync_call
04-04 20:40:29.376 V/locapi_rpc_glue( 1574): -loc_api_callback_process_sync_call, no sync call in use
04-04 20:40:29.376 D/lib_locapi( 1574): loc_eng_report_sv: valid_mask = 0x30, num of sv = 10
04-04 20:40:29.376 D/GpsLocationProvider( 1574): reportSvStatus
04-04 20:40:29.376 V/GpsLocationProvider( 1574): SV count: 10 ephemerisMask: 51400002 almanacMask: 51509212
04-04 20:40:29.386 V/GpsLocationProvider( 1574): sv: 2 snr: 2.41 elev: 11.0 azimuth: 35.0 E AU
04-04 20:40:29.386 V/GpsLocationProvider( 1574): sv: 5 snr: 2.1100001 elev: 10.0 azimuth: 67.0   AU
04-04 20:40:29.386 V/GpsLocationProvider( 1574): sv: 10 snr: 1.8299999 elev: 7.0 azimuth: 14.0   AU
04-04 20:40:29.386 V/GpsLocationProvider( 1574): sv: 13 snr: 2.8799999 elev: 8.0 azimuth: 344.0   AU
04-04 20:40:29.386 V/GpsLocationProvider( 1574): sv: 16 snr: 3.78 elev: 15.0 azimuth: 285.0   AU
04-04 20:40:29.386 D/RPC     ( 1574): written RPC packet size: [28]
04-04 20:40:29.386 V/GpsLocationProvider( 1574): sv: 21 snr: 3.16 elev: 28.0 azimuth: 161.0   AU
04-04 20:40:29.386 V/GpsLocationProvider( 1574): sv: 23 snr: 2.6799998 elev: 16.0 azimuth: 313.0 E AU
04-04 20:40:29.386 V/GpsLocationProvider( 1574): sv: 25 snr: 3.78 elev: 32.0 azimuth: 111.0 E AU
04-04 20:40:29.396 V/GpsLocationProvider( 1574): sv: 29 snr: 3.8799999 elev: 65.0 azimuth: 78.0 E AU
04-04 20:40:29.396 V/GpsLocationProvider( 1574): sv: 31 snr: 4.0099998 elev: 57.0 azimuth: 223.0 E AU
04-04 20:40:29.396 D/RPC     ( 1574): read RPC packet
04-04 20:40:29.396 D/RPC     ( 1574): read RPC packet size: [272]
04-04 20:40:29.396 V/locapi_rpc_glue( 1574): Callback received: 4 (cb_id=0x6260000 handle=1)
04-04 20:40:29.396 V/locapi_rpc_glue( 1574): +loc_api_callback_process_sync_call
04-04 20:40:29.396 V/locapi_rpc_glue( 1574): -loc_api_callback_process_sync_call, no sync call in use
04-04 20:40:29.396 D/RPC     ( 1574): written RPC packet size: [28]
04-04 20:40:29.406 D/RPC     ( 1574): read RPC packet
04-04 20:40:29.406 D/RPC     ( 1574): read RPC packet size: [272]
04-04 20:40:29.406 V/locapi_rpc_glue( 1574): Callback received: 4 (cb_id=0x6260000 handle=1)
04-04 20:40:29.406 V/locapi_rpc_glue( 1574): +loc_api_callback_process_sync_call
04-04 20:40:29.406 V/locapi_rpc_glue( 1574): -loc_api_callback_process_sync_call, no sync call in use
04-04 20:40:29.406 D/RPC     ( 1574): written RPC packet size: [28]
04-04 20:40:29.406 D/RPC     ( 1574): read RPC packet
04-04 20:40:29.406 D/RPC     ( 1574): read RPC packet size: [272]
04-04 20:40:29.416 V/locapi_rpc_glue( 1574): Callback received: 4 (cb_id=0x6260000 handle=1)
04-04 20:40:29.416 V/locapi_rpc_glue( 1574): +loc_api_callback_process_sync_call
04-04 20:40:29.416 V/locapi_rpc_glue( 1574): -loc_api_callback_process_sync_call, no sync call in use
04-04 20:40:29.416 D/RPC     ( 1574): written RPC packet size: [28]
04-04 20:40:29.416 D/RPC     ( 1574): read RPC packet
04-04 20:40:29.416 D/RPC     ( 1574): read RPC packet size: [272]
04-04 20:40:29.416 V/locapi_rpc_glue( 1574): Callback received: 4 (cb_id=0x6260000 handle=1)
04-04 20:40:29.416 V/locapi_rpc_glue( 1574): +loc_api_callback_process_sync_call
04-04 20:40:29.416 V/locapi_rpc_glue( 1574): -loc_api_callback_process_sync_call, no sync call in use
04-04 20:40:29.426 D/RPC     ( 1574): written RPC packet size: [28]
04-04 20:40:29.426 D/RPC     ( 1574): read RPC packet
04-04 20:40:29.426 D/RPC     ( 1574): read RPC packet size: [496]
04-04 20:40:29.426 V/locapi_rpc_glue( 1574): Callback received: 2 (cb_id=0x6260000 handle=1)
04-04 20:40:29.426 V/locapi_rpc_glue( 1574): +loc_api_callback_process_sync_call
04-04 20:40:29.426 V/locapi_rpc_glue( 1574): -loc_api_callback_process_sync_call, no sync call in use
04-04 20:40:29.426 D/lib_locapi( 1574): loc_eng_report_sv: valid_mask = 0x3f, num of sv = 10
04-04 20:40:29.426 D/RPC     ( 1574): written RPC packet size: [28]
04-04 20:40:29.436 D/RPC     ( 1574): read RPC packet
04-04 20:40:29.436 D/RPC     ( 1574): read RPC packet size: [208]
04-04 20:40:29.446 V/locapi_rpc_glue( 1574): Callback received: 1 (cb_id=0x6260000 handle=1)
04-04 20:40:29.456 V/locapi_rpc_glue( 1574): +loc_api_callback_process_sync_call
04-04 20:40:29.466 V/locapi_rpc_glue( 1574): -loc_api_callback_process_sync_call, no sync call in use
04-04 20:40:29.466 D/lib_locapi( 1574): loc_eng_report_position: valid mask = 0x69ffef, sess status = 0
04-04 20:40:29.486 D/RPC     ( 1574): written RPC packet size: [28]
04-04 20:40:29.486 D/RPC     ( 1574): read RPC packet
04-04 20:40:29.486 D/RPC     ( 1574): read RPC packet size: [80]
04-04 20:40:29.496 V/locapi_rpc_glue( 1574): Callback received: 100 (cb_id=0x6260000 handle=1)
04-04 20:40:29.496 V/locapi_rpc_glue( 1574): +loc_api_callback_process_sync_call
04-04 20:40:29.496 V/locapi_rpc_glue( 1574): -loc_api_callback_process_sync_call, no sync call in use
04-04 20:40:29.496 D/lib_locapi( 1574): [GPS:] loc_eng_report_status: GPS_STATUS_SESSION_END
04-04 20:40:29.496 D/RPC     ( 1574): written RPC packet size: [28]
04-04 20:40:29.496 D/AutoSetting( 1779): service - mLocationListener: onLocationChanged() location = Location[mProvider=gps,mTime=1396644029481,mInfo=-19.66277299333507.05930421,mAccuracy=14.0
04-04 20:40:29.496 D/AutoSetting( 1779): service - handleMessage() incoming message, what:1
04-04 20:40:29.496 D/AutoSetting( 1779): service - mLocationListener: onLocationChanged() location = Location[mProvider=gps,mTime=1396644029481,mInfo=-19.66277299333507.05930421,mAccuracy=14.0
04-04 20:40:29.496 D/AutoSetting( 1779): Util - no network available!
04-04 20:40:29.506 D/AutoSetting( 1779): service - handleMessage() not proceed
04-04 20:40:29.546 D/RPC     ( 1574): read RPC packet
04-04 20:40:29.546 D/RPC     ( 1574): read RPC packet size: [80]
04-04 20:40:29.546 V/locapi_rpc_glue( 1574): Callback received: 100 (cb_id=0x6260000 handle=1)
04-04 20:40:29.546 V/locapi_rpc_glue( 1574): +loc_api_callback_process_sync_call
04-04 20:40:29.546 V/locapi_rpc_glue( 1574): -loc_api_callback_process_sync_call, no sync call in use
04-04 20:40:29.546 D/lib_locapi( 1574): [GPS:] loc_eng_report_status: GPS_STATUS_SESSION_BEGIN
04-04 20:40:29.546 D/RPC     ( 1574): written RPC packet size: [28]
04-04 20:40:30.347 D/RPC     ( 1574): read RPC packet
04-04 20:40:30.347 D/RPC     ( 1574): read RPC packet size: [272]
04-04 20:40:30.347 V/locapi_rpc_glue( 1574): Callback received: 4 (cb_id=0x6260000 handle=1)
04-04 20:40:30.347 V/locapi_rpc_glue( 1574): +loc_api_callback_process_sync_call
04-04 20:40:30.347 V/locapi_rpc_glue( 1574): -loc_api_callback_process_sync_call, no sync call in use
04-04 20:40:30.347 D/RPC     ( 1574): written RPC packet size: [28]
04-04 20:40:30.357 D/RPC     ( 1574): read RPC packet
04-04 20:40:30.357 D/RPC     ( 1574): read RPC packet size: [272]
04-04 20:40:30.357 V/locapi_rpc_glue( 1574): Callback received: 4 (cb_id=0x6260000 handle=1)
04-04 20:40:30.357 V/locapi_rpc_glue( 1574): +loc_api_callback_process_sync_call
04-04 20:40:30.357 V/locapi_rpc_glue( 1574): -loc_api_callback_process_sync_call, no sync call in use
04-04 20:40:30.357 D/RPC     ( 1574): written RPC packet size: [28]
04-04 20:40:30.367 D/RPC     ( 1574): read RPC packet
04-04 20:40:30.367 D/RPC     ( 1574): read RPC packet size: [272]
04-04 20:40:30.367 V/locapi_rpc_glue( 1574): Callback received: 4 (cb_id=0x6260000 handle=1)
04-04 20:40:30.367 V/locapi_rpc_glue( 1574): +loc_api_callback_process_sync_call
04-04 20:40:30.367 V/locapi_rpc_glue( 1574): -loc_api_callback_process_sync_call, no sync call in use
04-04 20:40:30.367 D/RPC     ( 1574): written RPC packet size: [28]
04-04 20:40:30.367 D/RPC     ( 1574): read RPC packet
04-04 20:40:30.367 D/RPC     ( 1574): read RPC packet size: [496]
04-04 20:40:30.377 V/locapi_rpc_glue( 1574): Callback received: 2 (cb_id=0x6260000 handle=1)
04-04 20:40:30.377 V/locapi_rpc_glue( 1574): +loc_api_callback_process_sync_call
04-04 20:40:30.377 V/locapi_rpc_glue( 1574): -loc_api_callback_process_sync_call, no sync call in use
04-04 20:40:30.377 D/lib_locapi( 1574): loc_eng_report_sv: valid_mask = 0x30, num of sv = 10
04-04 20:40:30.377 D/GpsLocationProvider( 1574): reportSvStatus
04-04 20:40:30.377 V/GpsLocationProvider( 1574): SV count: 10 ephemerisMask: 51400002 almanacMask: 51509212
04-04 20:40:30.377 V/GpsLocationProvider( 1574): sv: 2 snr: 2.98 elev: 11.0 azimuth: 35.0 E AU
04-04 20:40:30.377 V/GpsLocationProvider( 1574): sv: 5 snr: 2.31 elev: 10.0 azimuth: 67.0   AU
04-04 20:40:30.377 V/GpsLocationProvider( 1574): sv: 10 snr: 1.8299999 elev: 7.0 azimuth: 14.0   AU
04-04 20:40:30.377 V/GpsLocationProvider( 1574): sv: 13 snr: 2.69 elev: 8.0 azimuth: 344.0   AU
04-04 20:40:30.377 V/GpsLocationProvider( 1574): sv: 16 snr: 3.8 elev: 15.0 azimuth: 285.0   AU
04-04 20:40:30.377 V/GpsLocationProvider( 1574): sv: 21 snr: 3.2400002 elev: 28.0 azimuth: 161.0   AU
04-04 20:40:30.377 V/GpsLocationProvider( 1574): sv: 23 snr: 2.6399999 elev: 16.0 azimuth: 313.0 E AU
04-04 20:40:30.377 V/GpsLocationProvider( 1574): sv: 25 snr: 3.8200002 elev: 32.0 azimuth: 111.0 E AU
04-04 20:40:30.377 V/GpsLocationProvider( 1574): sv: 29 snr: 3.85 elev: 65.0 azimuth: 78.0 E AU
04-04 20:40:30.377 V/GpsLocationProvider( 1574): sv: 31 snr: 3.8200002 elev: 57.0 azimuth: 223.0 E AU
04-04 20:40:30.387 D/RPC     ( 1574): written RPC packet size: [28]
04-04 20:40:30.387 D/RPC     ( 1574): read RPC packet
04-04 20:40:30.387 D/RPC     ( 1574): read RPC packet size: [272]
04-04 20:40:30.387 V/locapi_rpc_glue( 1574): Callback received: 4 (cb_id=0x6260000 handle=1)
04-04 20:40:30.387 V/locapi_rpc_glue( 1574): +loc_api_callback_process_sync_call
04-04 20:40:30.397 V/locapi_rpc_glue( 1574): -loc_api_callback_process_sync_call, no sync call in use
04-04 20:40:30.397 D/RPC     ( 1574): written RPC packet size: [28]
04-04 20:40:30.397 D/RPC     ( 1574): read RPC packet
04-04 20:40:30.397 D/RPC     ( 1574): read RPC packet size: [272]
04-04 20:40:30.397 V/locapi_rpc_glue( 1574): Callback received: 4 (cb_id=0x6260000 handle=1)
04-04 20:40:30.397 V/locapi_rpc_glue( 1574): +loc_api_callback_process_sync_call
04-04 20:40:30.397 V/locapi_rpc_glue( 1574): -loc_api_callback_process_sync_call, no sync call in use
04-04 20:40:30.397 D/RPC     ( 1574): written RPC packet size: [28]
04-04 20:40:30.407 D/RPC     ( 1574): read RPC packet
04-04 20:40:30.407 D/RPC     ( 1574): read RPC packet size: [272]
04-04 20:40:30.407 V/locapi_rpc_glue( 1574): Callback received: 4 (cb_id=0x6260000 handle=1)
04-04 20:40:30.407 V/locapi_rpc_glue( 1574): +loc_api_callback_process_sync_call
04-04 20:40:30.407 V/locapi_rpc_glue( 1574): -loc_api_callback_process_sync_call, no sync call in use
04-04 20:40:30.407 D/RPC     ( 1574): written RPC packet size: [28]
04-04 20:40:30.407 D/RPC     ( 1574): read RPC packet
04-04 20:40:30.407 D/RPC     ( 1574): read RPC packet size: [272]
04-04 20:40:30.417 V/locapi_rpc_glue( 1574): Callback received: 4 (cb_id=0x6260000 handle=1)
04-04 20:40:30.417 V/locapi_rpc_glue( 1574): +loc_api_callback_process_sync_call
04-04 20:40:30.417 V/locapi_rpc_glue( 1574): -loc_api_callback_process_sync_call, no sync call in use
04-04 20:40:30.417 D/RPC     ( 1574): written RPC packet size: [28]
04-04 20:40:30.417 D/RPC     ( 1574): read RPC packet
04-04 20:40:30.417 D/RPC     ( 1574): read RPC packet size: [496]
04-04 20:40:30.427 V/locapi_rpc_glue( 1574): Callback received: 2 (cb_id=0x6260000 handle=1)
04-04 20:40:30.427 V/locapi_rpc_glue( 1574): +loc_api_callback_process_sync_call
04-04 20:40:30.427 V/locapi_rpc_glue( 1574): -loc_api_callback_process_sync_call, no sync call in use
04-04 20:40:30.427 D/lib_locapi( 1574): loc_eng_report_sv: valid_mask = 0x3f, num of sv = 10
04-04 20:40:30.427 D/RPC     ( 1574): written RPC packet size: [28]
04-04 20:40:30.427 D/RPC     ( 1574): read RPC packet
04-04 20:40:30.427 D/RPC     ( 1574): read RPC packet size: [208]
04-04 20:40:30.437 V/locapi_rpc_glue( 1574): Callback received: 1 (cb_id=0x6260000 handle=1)
04-04 20:40:30.437 V/locapi_rpc_glue( 1574): +loc_api_callback_process_sync_call
04-04 20:40:30.437 V/locapi_rpc_glue( 1574): -loc_api_callback_process_sync_call, no sync call in use
04-04 20:40:30.437 D/lib_locapi( 1574): loc_eng_report_position: valid mask = 0x69ffef, sess status = 0
04-04 20:40:30.437 D/RPC     ( 1574): written RPC packet size: [28]
04-04 20:40:30.437 D/RPC     ( 1574): read RPC packet
04-04 20:40:30.447 D/RPC     ( 1574): read RPC packet size: [80]
04-04 20:40:30.447 V/locapi_rpc_glue( 1574): Callback received: 100 (cb_id=0x6260000 handle=1)
04-04 20:40:30.447 V/locapi_rpc_glue( 1574): +loc_api_callback_process_sync_call
04-04 20:40:30.447 V/locapi_rpc_glue( 1574): -loc_api_callback_process_sync_call, no sync call in use
04-04 20:40:30.447 D/lib_locapi( 1574): [GPS:] loc_eng_report_status: GPS_STATUS_SESSION_END
04-04 20:40:30.447 D/RPC     ( 1574): written RPC packet size: [28]
04-04 20:40:30.447 D/AutoSetting( 1779): service - mLocationListener: onLocationChanged() location = Location[mProvider=gps,mTime=1396644030448,mInfo=-19.66256201333507.05931294,mAccuracy=14.0
04-04 20:40:30.447 D/AutoSetting( 1779): service - handleMessage() incoming message, what:1
04-04 20:40:30.447 D/AutoSetting( 1779): service - mLocationListener: onLocationChanged() location = Location[mProvider=gps,mTime=1396644030448,mInfo=-19.66256201333507.05931294,mAccuracy=14.0
04-04 20:40:30.447 D/AutoSetting( 1779): Util - no network available!
04-04 20:40:30.457 D/AutoSetting( 1779): service - handleMessage() not proceed
04-04 20:40:30.547 D/RPC     ( 1574): read RPC packet
04-04 20:40:30.547 D/RPC     ( 1574): read RPC packet size: [80]
04-04 20:40:30.547 V/locapi_rpc_glue( 1574): Callback received: 100 (cb_id=0x6260000 handle=1)
04-04 20:40:30.557 V/locapi_rpc_glue( 1574): +loc_api_callback_process_sync_call
04-04 20:40:30.557 V/locapi_rpc_glue( 1574): -loc_api_callback_process_sync_call, no sync call in use
04-04 20:40:30.557 D/lib_locapi( 1574): [GPS:] loc_eng_report_status: GPS_STATUS_SESSION_BEGIN
04-04 20:40:30.557 D/RPC     ( 1574): written RPC packet size: [28]
04-04 20:40:30.767 I/System.out( 2698): Location: -2.80893743 56.33992366 | GPSNavigator running:true
04-04 20:40:30.777 I/System.out( 2698): Battery level: 99 | Time difference: -1
04-04 20:40:31.038 D/Sensors ( 1574): Enable akm: en = 1
04-04 20:40:31.348 D/RPC     ( 1574): read RPC packet
04-04 20:40:31.348 D/RPC     ( 1574): read RPC packet size: [272]
04-04 20:40:31.348 V/locapi_rpc_glue( 1574): Callback received: 4 (cb_id=0x6260000 handle=1)
04-04 20:40:31.348 V/locapi_rpc_glue( 1574): +loc_api_callback_process_sync_call
04-04 20:40:31.358 V/locapi_rpc_glue( 1574): -loc_api_callback_process_sync_call, no sync call in use
04-04 20:40:31.358 D/RPC     ( 1574): written RPC packet size: [28]
04-04 20:40:31.358 D/RPC     ( 1574): read RPC packet
04-04 20:40:31.358 D/RPC     ( 1574): read RPC packet size: [272]
04-04 20:40:31.368 V/locapi_rpc_glue( 1574): Callback received: 4 (cb_id=0x6260000 handle=1)
04-04 20:40:31.368 V/locapi_rpc_glue( 1574): +loc_api_callback_process_sync_call
04-04 20:40:31.368 V/locapi_rpc_glue( 1574): -loc_api_callback_process_sync_call, no sync call in use
04-04 20:40:31.368 D/RPC     ( 1574): written RPC packet size: [28]
04-04 20:40:31.368 D/RPC     ( 1574): read RPC packet
04-04 20:40:31.368 D/RPC     ( 1574): read RPC packet size: [272]
04-04 20:40:31.368 V/locapi_rpc_glue( 1574): Callback received: 4 (cb_id=0x6260000 handle=1)
04-04 20:40:31.378 V/locapi_rpc_glue( 1574): +loc_api_callback_process_sync_call
04-04 20:40:31.378 V/locapi_rpc_glue( 1574): -loc_api_callback_process_sync_call, no sync call in use
04-04 20:40:31.378 D/RPC     ( 1574): written RPC packet size: [28]
04-04 20:40:31.378 D/RPC     ( 1574): read RPC packet
04-04 20:40:31.378 D/RPC     ( 1574): read RPC packet size: [456]
04-04 20:40:31.388 V/locapi_rpc_glue( 1574): Callback received: 2 (cb_id=0x6260000 handle=1)
04-04 20:40:31.388 V/locapi_rpc_glue( 1574): +loc_api_callback_process_sync_call
04-04 20:40:31.388 V/locapi_rpc_glue( 1574): -loc_api_callback_process_sync_call, no sync call in use
04-04 20:40:31.388 D/lib_locapi( 1574): loc_eng_report_sv: valid_mask = 0x30, num of sv = 9
04-04 20:40:31.388 D/GpsLocationProvider( 1574): reportSvStatus
04-04 20:40:31.388 V/GpsLocationProvider( 1574): SV count: 9 ephemerisMask: 51400002 almanacMask: 51509202
04-04 20:40:31.388 V/GpsLocationProvider( 1574): sv: 2 snr: 2.27 elev: 11.0 azimuth: 35.0 E AU
04-04 20:40:31.388 V/GpsLocationProvider( 1574): sv: 10 snr: 1.8399999 elev: 7.0 azimuth: 14.0   AU
04-04 20:40:31.398 V/GpsLocationProvider( 1574): sv: 13 snr: 2.8 elev: 8.0 azimuth: 344.0   AU
04-04 20:40:31.398 V/GpsLocationProvider( 1574): sv: 16 snr: 3.3200002 elev: 15.0 azimuth: 285.0   AU
04-04 20:40:31.398 V/GpsLocationProvider( 1574): sv: 21 snr: 3.05 elev: 28.0 azimuth: 161.0   AU
04-04 20:40:31.398 V/GpsLocationProvider( 1574): sv: 23 snr: 2.7 elev: 16.0 azimuth: 313.0 E AU
04-04 20:40:31.398 D/RPC     ( 1574): written RPC packet size: [28]
04-04 20:40:31.398 V/GpsLocationProvider( 1574): sv: 25 snr: 3.5900002 elev: 32.0 azimuth: 111.0 E AU
04-04 20:40:31.398 V/GpsLocationProvider( 1574): sv: 29 snr: 3.86 elev: 65.0 azimuth: 78.0 E AU
04-04 20:40:31.408 V/GpsLocationProvider( 1574): sv: 31 snr: 4.1 elev: 57.0 azimuth: 223.0 E AU
04-04 20:40:31.408 D/RPC     ( 1574): read RPC packet
04-04 20:40:31.408 D/RPC     ( 1574): read RPC packet size: [272]
04-04 20:40:31.418 V/locapi_rpc_glue( 1574): Callback received: 4 (cb_id=0x6260000 handle=1)
04-04 20:40:31.418 V/locapi_rpc_glue( 1574): +loc_api_callback_process_sync_call
04-04 20:40:31.418 V/locapi_rpc_glue( 1574): -loc_api_callback_process_sync_call, no sync call in use
04-04 20:40:31.418 D/RPC     ( 1574): written RPC packet size: [28]
04-04 20:40:31.418 D/RPC     ( 1574): read RPC packet
04-04 20:40:31.418 D/RPC     ( 1574): read RPC packet size: [272]
04-04 20:40:31.428 V/locapi_rpc_glue( 1574): Callback received: 4 (cb_id=0x6260000 handle=1)
04-04 20:40:31.428 V/locapi_rpc_glue( 1574): +loc_api_callback_process_sync_call
04-04 20:40:31.428 V/locapi_rpc_glue( 1574): -loc_api_callback_process_sync_call, no sync call in use
04-04 20:40:31.428 D/RPC     ( 1574): written RPC packet size: [28]
04-04 20:40:31.428 D/RPC     ( 1574): read RPC packet
04-04 20:40:31.428 D/RPC     ( 1574): read RPC packet size: [272]
04-04 20:40:31.438 V/locapi_rpc_glue( 1574): Callback received: 4 (cb_id=0x6260000 handle=1)
04-04 20:40:31.438 V/locapi_rpc_glue( 1574): +loc_api_callback_process_sync_call
04-04 20:40:31.438 V/locapi_rpc_glue( 1574): -loc_api_callback_process_sync_call, no sync call in use
04-04 20:40:31.438 D/RPC     ( 1574): written RPC packet size: [28]
04-04 20:40:31.438 D/RPC     ( 1574): read RPC packet
04-04 20:40:31.438 D/RPC     ( 1574): read RPC packet size: [272]
04-04 20:40:31.448 V/locapi_rpc_glue( 1574): Callback received: 4 (cb_id=0x6260000 handle=1)
04-04 20:40:31.448 V/locapi_rpc_glue( 1574): +loc_api_callback_process_sync_call
04-04 20:40:31.448 V/locapi_rpc_glue( 1574): -loc_api_callback_process_sync_call, no sync call in use
04-04 20:40:31.448 D/RPC     ( 1574): written RPC packet size: [28]
04-04 20:40:31.448 D/RPC     ( 1574): read RPC packet
04-04 20:40:31.448 D/RPC     ( 1574): read RPC packet size: [456]
04-04 20:40:31.448 V/locapi_rpc_glue( 1574): Callback received: 2 (cb_id=0x6260000 handle=1)
04-04 20:40:31.448 V/locapi_rpc_glue( 1574): +loc_api_callback_process_sync_call
04-04 20:40:31.448 V/locapi_rpc_glue( 1574): -loc_api_callback_process_sync_call, no sync call in use
04-04 20:40:31.448 D/lib_locapi( 1574): loc_eng_report_sv: valid_mask = 0x3f, num of sv = 9
04-04 20:40:31.448 D/RPC     ( 1574): written RPC packet size: [28]
04-04 20:40:31.458 D/RPC     ( 1574): read RPC packet
04-04 20:40:31.458 D/RPC     ( 1574): read RPC packet size: [208]
04-04 20:40:31.458 V/locapi_rpc_glue( 1574): Callback received: 1 (cb_id=0x6260000 handle=1)
04-04 20:40:31.458 V/locapi_rpc_glue( 1574): +loc_api_callback_process_sync_call
04-04 20:40:31.458 V/locapi_rpc_glue( 1574): -loc_api_callback_process_sync_call, no sync call in use
04-04 20:40:31.458 D/lib_locapi( 1574): loc_eng_report_position: valid mask = 0x69ffef, sess status = 0
04-04 20:40:31.458 D/RPC     ( 1574): written RPC packet size: [28]
04-04 20:40:31.458 D/RPC     ( 1574): read RPC packet
04-04 20:40:31.458 D/RPC     ( 1574): read RPC packet size: [80]
04-04 20:40:31.458 V/locapi_rpc_glue( 1574): Callback received: 100 (cb_id=0x6260000 handle=1)
04-04 20:40:31.468 V/locapi_rpc_glue( 1574): +loc_api_callback_process_sync_call
04-04 20:40:31.468 V/locapi_rpc_glue( 1574): -loc_api_callback_process_sync_call, no sync call in use
04-04 20:40:31.468 D/lib_locapi( 1574): [GPS:] loc_eng_report_status: GPS_STATUS_SESSION_END
04-04 20:40:31.468 D/RPC     ( 1574): written RPC packet size: [28]
04-04 20:40:31.468 D/AutoSetting( 1779): service - mLocationListener: onLocationChanged() location = Location[mProvider=gps,mTime=1396644031469,mInfo=-19.66230392333507.05936090999995,mAccuracy=15.0
04-04 20:40:31.468 D/AutoSetting( 1779): service - handleMessage() incoming message, what:1
04-04 20:40:31.468 D/AutoSetting( 1779): service - mLocationListener: onLocationChanged() location = Location[mProvider=gps,mTime=1396644031469,mInfo=-19.66230392333507.05936090999995,mAccuracy=15.0
04-04 20:40:31.468 D/AutoSetting( 1779): Util - no network available!
04-04 20:40:31.468 D/AutoSetting( 1779): service - handleMessage() not proceed
04-04 20:40:31.548 D/RPC     ( 1574): read RPC packet
04-04 20:40:31.548 D/RPC     ( 1574): read RPC packet size: [80]
04-04 20:40:31.548 V/locapi_rpc_glue( 1574): Callback received: 100 (cb_id=0x6260000 handle=1)
04-04 20:40:31.558 V/locapi_rpc_glue( 1574): +loc_api_callback_process_sync_call
04-04 20:40:31.558 V/locapi_rpc_glue( 1574): -loc_api_callback_process_sync_call, no sync call in use
04-04 20:40:31.558 D/lib_locapi( 1574): [GPS:] loc_eng_report_status: GPS_STATUS_SESSION_BEGIN
04-04 20:40:31.558 D/RPC     ( 1574): written RPC packet size: [28]
04-04 20:40:32.339 D/RPC     ( 1574): read RPC packet
04-04 20:40:32.349 D/RPC     ( 1574): read RPC packet size: [272]
04-04 20:40:32.349 V/locapi_rpc_glue( 1574): Callback received: 4 (cb_id=0x6260000 handle=1)
04-04 20:40:32.349 V/locapi_rpc_glue( 1574): +loc_api_callback_process_sync_call
04-04 20:40:32.349 V/locapi_rpc_glue( 1574): -loc_api_callback_process_sync_call, no sync call in use
04-04 20:40:32.349 D/RPC     ( 1574): written RPC packet size: [28]
04-04 20:40:32.359 D/RPC     ( 1574): read RPC packet
04-04 20:40:32.359 D/RPC     ( 1574): read RPC packet size: [272]
04-04 20:40:32.359 V/locapi_rpc_glue( 1574): Callback received: 4 (cb_id=0x6260000 handle=1)
04-04 20:40:32.359 V/locapi_rpc_glue( 1574): +loc_api_callback_process_sync_call
04-04 20:40:32.359 V/locapi_rpc_glue( 1574): -loc_api_callback_process_sync_call, no sync call in use
04-04 20:40:32.369 D/RPC     ( 1574): written RPC packet size: [28]
04-04 20:40:32.369 D/RPC     ( 1574): read RPC packet
04-04 20:40:32.369 D/RPC     ( 1574): read RPC packet size: [272]
04-04 20:40:32.369 V/locapi_rpc_glue( 1574): Callback received: 4 (cb_id=0x6260000 handle=1)
04-04 20:40:32.369 V/locapi_rpc_glue( 1574): +loc_api_callback_process_sync_call
04-04 20:40:32.369 V/locapi_rpc_glue( 1574): -loc_api_callback_process_sync_call, no sync call in use
04-04 20:40:32.369 D/RPC     ( 1574): written RPC packet size: [28]
04-04 20:40:32.379 D/RPC     ( 1574): read RPC packet
04-04 20:40:32.379 D/RPC     ( 1574): read RPC packet size: [496]
04-04 20:40:32.379 V/locapi_rpc_glue( 1574): Callback received: 2 (cb_id=0x6260000 handle=1)
04-04 20:40:32.379 V/locapi_rpc_glue( 1574): +loc_api_callback_process_sync_call
04-04 20:40:32.389 V/locapi_rpc_glue( 1574): -loc_api_callback_process_sync_call, no sync call in use
04-04 20:40:32.389 D/lib_locapi( 1574): loc_eng_report_sv: valid_mask = 0x30, num of sv = 10
04-04 20:40:32.389 D/GpsLocationProvider( 1574): reportSvStatus
04-04 20:40:32.389 V/GpsLocationProvider( 1574): SV count: 10 ephemerisMask: 51400002 almanacMask: 51509212
04-04 20:40:32.389 V/GpsLocationProvider( 1574): sv: 2 snr: 1.95 elev: 11.0 azimuth: 35.0 E AU
04-04 20:40:32.389 V/GpsLocationProvider( 1574): sv: 5 snr: 2.17 elev: 10.0 azimuth: 67.0   AU
04-04 20:40:32.389 V/GpsLocationProvider( 1574): sv: 10 snr: 1.8399999 elev: 7.0 azimuth: 14.0   AU
04-04 20:40:32.389 V/GpsLocationProvider( 1574): sv: 13 snr: 2.55 elev: 8.0 azimuth: 344.0   AU
04-04 20:40:32.389 V/GpsLocationProvider( 1574): sv: 16 snr: 2.92 elev: 15.0 azimuth: 285.0   AU
04-04 20:40:32.389 V/GpsLocationProvider( 1574): sv: 21 snr: 2.8 elev: 28.0 azimuth: 161.0   AU
04-04 20:40:32.389 V/GpsLocationProvider( 1574): sv: 23 snr: 2.77 elev: 16.0 azimuth: 313.0 E AU
04-04 20:40:32.389 V/GpsLocationProvider( 1574): sv: 25 snr: 3.48 elev: 32.0 azimuth: 111.0 E AU
04-04 20:40:32.389 V/GpsLocationProvider( 1574): sv: 29 snr: 3.9299998 elev: 65.0 azimuth: 78.0 E AU
04-04 20:40:32.389 V/GpsLocationProvider( 1574): sv: 31 snr: 3.7400002 elev: 57.0 azimuth: 223.0 E AU
04-04 20:40:32.399 D/RPC     ( 1574): written RPC packet size: [28]
04-04 20:40:32.409 D/RPC     ( 1574): read RPC packet
04-04 20:40:32.409 D/RPC     ( 1574): read RPC packet size: [272]
04-04 20:40:32.409 V/locapi_rpc_glue( 1574): Callback received: 4 (cb_id=0x6260000 handle=1)
04-04 20:40:32.409 V/locapi_rpc_glue( 1574): +loc_api_callback_process_sync_call
04-04 20:40:32.409 V/locapi_rpc_glue( 1574): -loc_api_callback_process_sync_call, no sync call in use
04-04 20:40:32.419 D/RPC     ( 1574): written RPC packet size: [28]
04-04 20:40:32.419 D/RPC     ( 1574): read RPC packet
04-04 20:40:32.419 D/RPC     ( 1574): read RPC packet size: [272]
04-04 20:40:32.419 V/locapi_rpc_glue( 1574): Callback received: 4 (cb_id=0x6260000 handle=1)
04-04 20:40:32.419 V/locapi_rpc_glue( 1574): +loc_api_callback_process_sync_call
04-04 20:40:32.429 V/locapi_rpc_glue( 1574): -loc_api_callback_process_sync_call, no sync call in use
04-04 20:40:32.429 D/RPC     ( 1574): written RPC packet size: [28]
04-04 20:40:32.429 D/RPC     ( 1574): read RPC packet
04-04 20:40:32.429 D/RPC     ( 1574): read RPC packet size: [272]
04-04 20:40:32.429 V/locapi_rpc_glue( 1574): Callback received: 4 (cb_id=0x6260000 handle=1)
04-04 20:40:32.429 V/locapi_rpc_glue( 1574): +loc_api_callback_process_sync_call
04-04 20:40:32.439 V/locapi_rpc_glue( 1574): -loc_api_callback_process_sync_call, no sync call in use
04-04 20:40:32.439 D/RPC     ( 1574): written RPC packet size: [28]
04-04 20:40:32.439 D/RPC     ( 1574): read RPC packet
04-04 20:40:32.439 D/RPC     ( 1574): read RPC packet size: [272]
04-04 20:40:32.439 V/locapi_rpc_glue( 1574): Callback received: 4 (cb_id=0x6260000 handle=1)
04-04 20:40:32.449 V/locapi_rpc_glue( 1574): +loc_api_callback_process_sync_call
04-04 20:40:32.449 V/locapi_rpc_glue( 1574): -loc_api_callback_process_sync_call, no sync call in use
04-04 20:40:32.449 D/RPC     ( 1574): written RPC packet size: [28]
04-04 20:40:32.449 D/RPC     ( 1574): read RPC packet
04-04 20:40:32.449 D/RPC     ( 1574): read RPC packet size: [496]
04-04 20:40:32.449 V/locapi_rpc_glue( 1574): Callback received: 2 (cb_id=0x6260000 handle=1)
04-04 20:40:32.449 V/locapi_rpc_glue( 1574): +loc_api_callback_process_sync_call
04-04 20:40:32.449 V/locapi_rpc_glue( 1574): -loc_api_callback_process_sync_call, no sync call in use
04-04 20:40:32.449 D/lib_locapi( 1574): loc_eng_report_sv: valid_mask = 0x3f, num of sv = 10
04-04 20:40:32.449 D/RPC     ( 1574): written RPC packet size: [28]
04-04 20:40:32.449 D/RPC     ( 1574): read RPC packet
04-04 20:40:32.449 D/RPC     ( 1574): read RPC packet size: [208]
04-04 20:40:32.449 V/locapi_rpc_glue( 1574): Callback received: 1 (cb_id=0x6260000 handle=1)
04-04 20:40:32.459 V/locapi_rpc_glue( 1574): +loc_api_callback_process_sync_call
04-04 20:40:32.459 V/locapi_rpc_glue( 1574): -loc_api_callback_process_sync_call, no sync call in use
04-04 20:40:32.459 D/lib_locapi( 1574): loc_eng_report_position: valid mask = 0x69ffef, sess status = 0
04-04 20:40:32.459 D/RPC     ( 1574): written RPC packet size: [28]
04-04 20:40:32.459 D/RPC     ( 1574): read RPC packet
04-04 20:40:32.459 D/RPC     ( 1574): read RPC packet size: [80]
04-04 20:40:32.459 V/locapi_rpc_glue( 1574): Callback received: 100 (cb_id=0x6260000 handle=1)
04-04 20:40:32.459 V/locapi_rpc_glue( 1574): +loc_api_callback_process_sync_call
04-04 20:40:32.459 V/locapi_rpc_glue( 1574): -loc_api_callback_process_sync_call, no sync call in use
04-04 20:40:32.459 D/lib_locapi( 1574): [GPS:] loc_eng_report_status: GPS_STATUS_SESSION_END
04-04 20:40:32.459 D/RPC     ( 1574): written RPC packet size: [28]
04-04 20:40:32.469 D/AutoSetting( 1779): service - mLocationListener: onLocationChanged() location = Location[mProvider=gps,mTime=1396644032467,mInfo=-19.66199753333507.05941248,mAccuracy=16.0
04-04 20:40:32.469 D/AutoSetting( 1779): service - handleMessage() incoming message, what:1
04-04 20:40:32.469 D/AutoSetting( 1779): service - mLocationListener: onLocationChanged() location = Location[mProvider=gps,mTime=1396644032467,mInfo=-19.66199753333507.05941248,mAccuracy=16.0
04-04 20:40:32.469 D/AutoSetting( 1779): Util - no network available!
04-04 20:40:32.469 D/AutoSetting( 1779): service - handleMessage() not proceed
04-04 20:40:32.549 D/RPC     ( 1574): read RPC packet
04-04 20:40:32.549 D/RPC     ( 1574): read RPC packet size: [80]
04-04 20:40:32.549 V/locapi_rpc_glue( 1574): Callback received: 100 (cb_id=0x6260000 handle=1)
04-04 20:40:32.559 V/locapi_rpc_glue( 1574): +loc_api_callback_process_sync_call
04-04 20:40:32.559 V/locapi_rpc_glue( 1574): -loc_api_callback_process_sync_call, no sync call in use
04-04 20:40:32.559 D/lib_locapi( 1574): [GPS:] loc_eng_report_status: GPS_STATUS_SESSION_BEGIN
04-04 20:40:32.559 D/RPC     ( 1574): written RPC packet size: [28]
04-04 20:40:33.350 D/RPC     ( 1574): read RPC packet
04-04 20:40:33.350 D/RPC     ( 1574): read RPC packet size: [272]
04-04 20:40:33.350 V/locapi_rpc_glue( 1574): Callback received: 4 (cb_id=0x6260000 handle=1)
