--------- beginning of /dev/log/main
04-04 19:21:27.098 D/UsbnetService( 1574): BroadcastReceiver::onReceive+
04-04 19:21:27.098 D/UsbnetService( 1574): onReceive BATTERY_CHANGED
04-04 19:21:27.108 D/UsbnetService( 1574):  --> pluggedType = 2, mPluggedType = 0, mScreenOff = true
04-04 19:21:27.108 D/UsbnetService( 1574): BroadcastReceiver::onReceive-
--------- beginning of /dev/log/system
04-04 19:21:27.108 D/NotificationService( 1574): mIntentReceiver() Intent.ACTION_BATTERY_CHANGED
04-04 19:21:27.118 D/BatteryService( 1574): SendIntentforPowersaver
04-04 19:21:27.118 D/BatteryService( 1574): Current powersaver status == NORMAL_STATUS1 2 2 false
04-04 19:21:27.138 D/PowerUI ( 1648): closing low battery warning: level=99
04-04 19:21:27.148 D/RemoveMe( 1669): DCT got intent android.intent.action.BATTERY_CHANGED
04-04 19:21:27.148 D/PowerUI ( 1648): plugged = true, health = 2, mBatteryLevel = 99, mPluggedBatteryLevel = 97, mLowBatteryWarningLevel2 = 25, mshowLowChargingWarning2 = true
04-04 19:21:27.158 D/RemoveMe( 1669): DCT got intent android.intent.action.BATTERY_CHANGED
04-04 19:21:27.158 D/RemoveMe( 1669): DCT got intent android.intent.action.BATTERY_CHANGED
04-04 19:21:56.336 D/KeyguardViewMediator( 1574): wakeWhenReadyLocked(26)
04-04 19:21:56.336 I/power   ( 1574): *** set_screen_state 1
04-04 19:21:56.346 D/PowerManagerService( 1574): setScreenStateLocked++, on: true, err: 0
04-04 19:21:56.346 D/lights  ( 1574): set_light_buttons_func: on=16777215 brightness=255
04-04 19:21:56.346 D/lights  ( 1574): set_rotated_rgb_led: on=0 brightness=0
04-04 19:21:56.346 D/lights  ( 1574): [LedInfo] write attr ok name=/sys/class/leds/amber-portrait/brightness string=0,len=1
04-04 19:21:56.346 D/lights  ( 1574): set_rotated_rgb_led: on=1 brightness=255
04-04 19:21:56.346 D/lights  ( 1574): [LedInfo] write attr ok name=/sys/class/leds/green-portrait/brightness string=255,len=3
04-04 19:21:56.346 D/lights  ( 1574): set_rotated_rgb_led: on=0 brightness=0
04-04 19:21:56.346 E/lights  ( 1574): [LedErr] open attr failed name=/sys/class/leds/blue-portrait/brightness errno: 2
04-04 19:21:56.346 D/Sensors ( 1574): Enable akm: en = 1
04-04 19:21:56.346 D/PowerManagerService( 1574): button light setOrientation:-1
04-04 19:21:56.346 D/PowerManagerService( 1574): setPenMenuButtonLed: 2
04-04 19:21:56.346 D/PowerManagerService( 1574): Set pen menu button led (amber, green, blue) = 0, -1, 0), portrait = true
04-04 19:21:56.356 D/Launcher.Model( 1677): updateAppUsageStatCache +
04-04 19:21:56.356 D/Launcher.Model( 1677): updateAppUsageStatCache - diff: 2
04-04 19:21:56.386 D/HostWidgetManager( 1677): onResumeInKeyguard: 2
04-04 19:21:56.396 D/FxWorkspace( 1677): prepareUnlockAnimation
04-04 19:21:56.396 D/FxWorkspaceClient( 1677): showAllScreens()
04-04 19:21:56.396 D/UsbnetService( 1574): BroadcastReceiver::onReceive+
04-04 19:21:56.396 D/UsbnetService( 1574): onReceive SCREEN_ON
04-04 19:21:56.396 D/UsbnetService( 1574): BroadcastReceiver::onReceive-
04-04 19:21:56.396 D/SurfaceFlinger( 1438): Screen about to return, flinger = 0xa830
04-04 19:21:56.396 D/AlarmManager( 1574): ACTION_SCREEN_ON
04-04 19:21:56.406 D/msm7x30.hwcomposer( 1438): HWC called FB enableHDMIOutput(0)
04-04 19:21:56.416 D/FxWorkspaceClient( 1677): freezeAllScreens
04-04 19:21:56.416 D/UnlockAnimator( 1677): setFrame: unlock_to_03
04-04 19:21:56.426 D/Rotate.Performance( 1677): FxWorkspace.show()
04-04 19:21:56.426 D/AK8975  ( 1448): Compass Start
04-04 19:21:56.446 D/RemoveMe( 1669): DCT got intent android.intent.action.SCREEN_ON
04-04 19:21:56.446 D/ConnectivityService( 1574): getMobileDataEnabled returning false
04-04 19:21:56.456 D/ConnectivityService( 1574): getMobileDataEnabled returning false
04-04 19:21:56.466 D/RemoveMe( 1669): DCT got intent android.intent.action.SCREEN_ON
04-04 19:21:56.466 D/RemoveMe( 1669): DCT got intent android.intent.action.SCREEN_ON
04-04 19:21:57.147 D/UsbnetService( 1574): BroadcastReceiver::onReceive+
04-04 19:21:57.147 D/UsbnetService( 1574): onReceive BATTERY_CHANGED
04-04 19:21:57.147 D/UsbnetService( 1574):  --> pluggedType = 2, mPluggedType = 0, mScreenOff = false
04-04 19:21:57.157 D/UsbnetService( 1574): BroadcastReceiver::onReceive-
04-04 19:21:57.157 D/BatteryService( 1574): SendIntentforPowersaver
04-04 19:21:57.157 D/BatteryService( 1574): Current powersaver status == NORMAL_STATUS1 2 2 false
04-04 19:21:57.157 D/NotificationService( 1574): mIntentReceiver() Intent.ACTION_BATTERY_CHANGED
04-04 19:21:57.177 D/PowerUI ( 1648): closing low battery warning: level=99
04-04 19:21:57.187 D/RemoveMe( 1669): DCT got intent android.intent.action.BATTERY_CHANGED
04-04 19:21:57.187 D/RemoveMe( 1669): DCT got intent android.intent.action.BATTERY_CHANGED
04-04 19:21:57.187 D/RemoveMe( 1669): DCT got intent android.intent.action.BATTERY_CHANGED
04-04 19:21:57.187 D/PowerUI ( 1648): plugged = true, health = 2, mBatteryLevel = 99, mPluggedBatteryLevel = 97, mLowBatteryWarningLevel2 = 25, mshowLowChargingWarning2 = true
04-04 19:21:57.267 D/HtcLockScreen3.0( 1574): HtcLockScreen: onInterceptTouchEvent ACTION_DOWN
04-04 19:21:57.637 D/HtcLockScreen3.0( 1574): HtcLockScreen: onInterceptTouchEvent ACTION_UP
04-04 19:21:57.667 D/IdleScreen_base( 1684): onRingUnlockStart
04-04 19:21:57.978 D/KeyguardViewManager( 1574): hide()
04-04 19:21:57.978 I/TabletStatusBar( 1648): DISABLE_CLOCK: no
04-04 19:21:57.978 I/TabletStatusBar( 1648): DISABLE_NAVIGATION: no
04-04 19:21:57.988 D/FxWorkspace( 1677): unlockAnimation
04-04 19:21:57.988 D/FxWorkspace( 1677): onUnlockAnimationStart()
04-04 19:21:57.988 D/UnlockAnimator( 1677): playMarker: unlock_to_03
04-04 19:21:57.988 D/MyHTC   ( 1881): PoweronReceiver.onReceive(): intent=android.intent.action.USER_PRESENT
04-04 19:21:57.998 D/FxWorkspaceClient( 1677): showAllScreens()
04-04 19:21:57.998 D/Rotate.Performance( 1677): FxWorkspace.show()
04-04 19:21:58.008 D/Sensors ( 1574): Enable akm: en = 0
04-04 19:21:58.028 D/Twitter-MessageReceiver( 2491): action android.intent.action.USER_PRESENT
04-04 19:21:58.028 D/msm7x30.gralloc( 1438): gpu_context_t::getGrallocInformationFromFormat  1 
04-04 19:21:58.038 W/InputManagerService( 1574): Window already focused, ignoring focus gain of: com.android.internal.view.IInputMethodClient$Stub$Proxy@40fbfcd8
04-04 19:21:58.058 D/SyncProvider( 2491): match settings
04-04 19:21:58.058 D/FacebookReceiver( 2491): Intent.ACTION_USER_PRESENT SyncInterval=3600000,currTime=1396639318067
04-04 19:21:58.068 D/FacebookReceiver( 2491): Intent.ACTION_USER_PRESENT lastStreamSyncTime=1396639318071,lastFriendSyncTime=1396639318071
04-04 19:21:58.088 D/SyncProvider( 2491): match settings
04-04 19:21:58.088 D/FlickrReceiver( 2491): Intent.ACTION_USER_PRESENT SyncInterval=3600000,currTime=1396639318094
04-04 19:21:58.088 D/FlickrReceiver( 2491): Intent.ACTION_USER_PRESENT lastStreamSyncTime=1396639318097,lastFriendSyncTime=1396639318097
04-04 19:21:58.118 I/TabletStatusBar( 1648): DISABLE_BACK: no
04-04 19:21:58.128 D/SurfaceFlinger( 1438): virtual void android::Layer::onRemoved(): lcblk (identity=14, status=0, token=0)
04-04 19:21:58.138 D/SyncProvider( 2491): match settings
04-04 19:21:58.148 D/SurfaceFlinger( 1438): virtual void android::Layer::onRemoved(): lcblk (identity=15, status=0, token=0)
04-04 19:21:58.208 D/dalvikvm( 1684): GC_EXPLICIT freed 157K, 9% free 7012K/7623K, paused 2ms+2ms
04-04 19:21:58.208 D/AK8975  ( 1448): Compass CLOSE 
04-04 19:21:58.238 D/dalvikvm( 1684): GC_EXPLICIT freed 2K, 9% free 7011K/7623K, paused 1ms+2ms
04-04 19:21:58.528 D/dalvikvm( 1684): GC_EXPLICIT freed 2K, 9% free 7011K/7623K, paused 2ms+1ms
04-04 19:21:58.568 D/dalvikvm( 1684): GC_EXPLICIT freed 1K, 9% free 7011K/7623K, paused 2ms+1ms
04-04 19:21:58.989 D/FxWorkspace( 1677): onUnlockAnimationEnd()
04-04 19:21:58.989 D/HostWidgetManager( 1677): onUserPresent: 2
04-04 19:21:58.989 D/HostWidgetManager( 1677): resumeWidgets: 2 sort: true
04-04 19:21:58.989 D/FxWorkspace( 1677): changeScreensVisibility
04-04 19:21:58.989 D/FxWorkspace( 1677): changeScreensVisibility
04-04 19:21:59.489 D/Sensors ( 1574): Enable akm: en = 1
04-04 19:21:59.509 D/AK8975  ( 1448): Compass Start
04-04 19:22:00.310 D/AndroidRuntime( 2570): 
04-04 19:22:00.310 D/AndroidRuntime( 2570): >>>>>> AndroidRuntime START com.android.internal.os.RuntimeInit <<<<<<
04-04 19:22:00.330 D/AndroidRuntime( 2570): CheckJNI is OFF
04-04 19:22:00.510 D/CursorWindowStats( 2570): Get CursorWindow size from framework resource:4194304
04-04 19:22:00.650 D/AndroidRuntime( 2570): Calling main entry com.android.commands.pm.Pm
04-04 19:22:00.740 I/ActivityManager( 1574): Start proc com.android.defcontainer for service com.android.defcontainer/.DefaultContainerService: pid=2578 uid=10087 gids={1015, 2001}
04-04 19:22:00.790 D/dalvikvm( 1439): GC_EXPLICIT freed 12K, 5% free 6453K/6787K, paused 3ms+18ms
04-04 19:22:00.861 D/dalvikvm( 1439): GC_EXPLICIT freed <1K, 5% free 6453K/6787K, paused 1ms+1ms
04-04 19:22:00.891 D/dalvikvm( 2578): GC_EXPLICIT freed 44K, 5% free 6458K/6787K, paused 15ms+2ms
04-04 19:22:00.901 D/dalvikvm( 1439): GC_EXPLICIT freed <1K, 5% free 6453K/6787K, paused 4ms+1ms
04-04 19:22:01.191 W/ActivityManager( 1574): No content provider found for: 
04-04 19:22:01.201 W/ActivityManager( 1574): No content provider found for: 
04-04 19:22:01.201 I/ActivityManager( 1574): No longer want com.android.smith (pid 2039): hidden #16
04-04 19:22:01.211 D/PackageParser( 1574): Scanning package: /data/app/vmdl1042470226.tmp
04-04 19:22:01.301 D/dalvikvm( 1574): GC_CONCURRENT freed 1814K, 13% free 15873K/18055K, paused 2ms+4ms
04-04 19:22:01.371 I/PackageManager( 1574): Removing non-system package:uk.ac.st_andrews.cs.host.mk74.naivegpslocalization
04-04 19:22:01.371 I/ActivityManager( 1574): Force stopping package uk.ac.st_andrews.cs.host.mk74.naivegpslocalization uid=10116
04-04 19:22:01.711 D/PackageManager( 1574): Scanning package uk.ac.st_andrews.cs.host.mk74.naivegpslocalization
04-04 19:22:01.711 I/PackageManager( 1574): Package uk.ac.st_andrews.cs.host.mk74.naivegpslocalization codePath changed from /data/app/uk.ac.st_andrews.cs.host.mk74.naivegpslocalization-1.apk to /data/app/uk.ac.st_andrews.cs.host.mk74.naivegpslocalization-2.apk; Retaining data and using new
04-04 19:22:01.711 I/PackageManager( 1574): Unpacking native libraries for /data/app/uk.ac.st_andrews.cs.host.mk74.naivegpslocalization-2.apk
04-04 19:22:01.962 D/dalvikvm( 2586): DexOpt: load 41ms, verify+opt 157ms
04-04 19:22:02.252 I/ActivityManager( 1574): Force stopping package uk.ac.st_andrews.cs.host.mk74.naivegpslocalization uid=10116
04-04 19:22:02.252 W/PackageManager( 1574): Code path for pkg : uk.ac.st_andrews.cs.host.mk74.naivegpslocalization changing from /data/app/uk.ac.st_andrews.cs.host.mk74.naivegpslocalization-1.apk to /data/app/uk.ac.st_andrews.cs.host.mk74.naivegpslocalization-2.apk
04-04 19:22:02.252 D/PackageManager( 1574):   Activities: uk.ac.st_andrews.cs.host.mk74.naivegpslocalization.MainActivity
04-04 19:22:02.252 W/PackageManager( 1574): Resource path for pkg : uk.ac.st_andrews.cs.host.mk74.naivegpslocalization changing from /data/app/uk.ac.st_andrews.cs.host.mk74.naivegpslocalization-1.apk to /data/app/uk.ac.st_andrews.cs.host.mk74.naivegpslocalization-2.apk
04-04 19:22:02.402 D/PackageManager( 1574): [embedded] New package installed in /data/app/uk.ac.st_andrews.cs.host.mk74.naivegpslocalization-2.apk
04-04 19:22:02.592 I/ActivityManager( 1574): Force stopping package uk.ac.st_andrews.cs.host.mk74.naivegpslocalization uid=10116
04-04 19:22:02.662 D/dalvikvm( 1677): GC_EXPLICIT freed 1311K, 18% free 11290K/13639K, paused 1ms+8ms
04-04 19:22:02.682 D/dalvikvm( 1674): GC_EXPLICIT freed 805K, 11% free 7793K/8711K, paused 2ms+4ms
04-04 19:22:02.712 D/Launcher.Model( 1677): onReceive intent=Intent { act=android.intent.action.PACKAGE_REMOVED dat=package:uk.ac.st_andrews.cs.host.mk74.naivegpslocalization flg=0x10000010 (has extras) }
04-04 19:22:02.712 D/PhoneApp( 1669): -- PackageChangeBroadcastReceiver  action = android.intent.action.PACKAGE_REMOVED
04-04 19:22:02.712 I/ActivityManager( 1574): Start proc com.android.smith for broadcast com.android.smith/.PackageReceiver: pid=2587 uid=10009 gids={1007, 1015}
04-04 19:22:02.762 I/SM:lib  ( 2587): JNI_OnLoad(): library version = 5
04-04 19:22:02.772 I/SM:lib  ( 2587): JNI_OnLoad(): result = 0x10004
04-04 19:22:02.772 D/SM:HtcNative( 2587): system lib, 4.0.honeycomb.HTK75C-flyer-l5-s16
04-04 19:22:02.772 D/SM:PackageReceiver( 2587): package removed: package:uk.ac.st_andrews.cs.host.mk74.naivegpslocalization
04-04 19:22:02.782 D/WidgetScanner( 1677): onReceive: Intent { act=android.intent.action.PACKAGE_REMOVED dat=package:uk.ac.st_andrews.cs.host.mk74.naivegpslocalization flg=0x10000010 cmp=com.htc.launcher/.widget.WidgetScannerTrigger (has extras) }
04-04 19:22:02.782 I/ActivityManager( 1574): No longer want com.google.android.apps.uploader (pid 1891): hidden #16
04-04 19:22:02.782 I/ActivityManager( 1574): Start proc com.htc.launcher.widgetscanner for service com.htc.launcher/.widget.WidgetScannerService: pid=2594 uid=9999 gids={3003, 3002, 3001, 2001, 1015}
04-04 19:22:02.802 I/ActivityManager( 1574): Start proc com.htc.opensense for broadcast com.htc.opensense/.pluginmanager.RegisterReceiver: pid=2595 uid=10013 gids={2001, 3003, 1006, 1015}
04-04 19:22:02.812 D/PackageManager( 1574): generateServicesMap(android.accounts.AccountAuthenticator): 13 services unchanged
04-04 19:22:02.853 D/PackageManager( 1574): generateServicesMap(android.content.SyncAdapter): 21 services unchanged
04-04 19:22:02.933 W/ContentService( 1574): binderDied() at ObserverNode name com.google.android.gsf.gservices
04-04 19:22:02.943 I/ActivityManager( 1574): Start proc com.htc.cs for broadcast com.htc.cs/.plugin.PluginRegisterReceiver: pid=2608 uid=10041 gids={3003, 1015}
04-04 19:22:02.953 D/LauncherApplication( 2594): + LauncherApplication onCreate()
04-04 19:22:02.993 I/ActivityThread( 2608): Pub com.htc.connectedservice.csprovider: com.htc.cs.provider.ConnectedServiceProvider
04-04 19:22:02.993 I/ActivityThread( 2608): Pub com.htc.cs.dashboard: com.htc.cs.sync.dashboard.DashboardProvider
04-04 19:22:02.993 D/vicky   ( 2608): vicky received: android.intent.action.PACKAGE_REMOVED
04-04 19:22:03.003 I/ActivityManager( 1574): Start proc com.google.android.apps.maps for broadcast com.google.android.apps.maps/com.google.android.location.internal.NlpPackageUpdateReceiver: pid=2617 uid=10046 gids={3003, 1015}
04-04 19:22:03.013 D/LauncherApplication( 2594): - LauncherApplication onCreate()
04-04 19:22:03.043 I/ActivityManager( 1574): No longer want com.htc.laputa.HtcLaputaInstaller (pid 2227): hidden #16
04-04 19:22:03.063 D/WidgetScanner( 2594): onReceiveInternal: Intent { act=android.intent.action.PACKAGE_REMOVED dat=package:uk.ac.st_andrews.cs.host.mk74.naivegpslocalization flg=0x10000010 cmp=com.htc.launcher/.widget.WidgetScannerService (has extras) }
04-04 19:22:03.103 D/HtcWidgetScanner( 2594): onPackageRemoved: uk.ac.st_andrews.cs.host.mk74.naivegpslocalization
04-04 19:22:03.133 D/Launcher.Model( 1677): onReceive intent=Intent { act=android.intent.action.PACKAGE_ADDED dat=package:uk.ac.st_andrews.cs.host.mk74.naivegpslocalization flg=0x10000010 (has extras) }
04-04 19:22:03.133 D/Launcher.Model( 1677): mAllAppsList.updatePackage uk.ac.st_andrews.cs.host.mk74.naivegpslocalization
04-04 19:22:03.133 D/PhoneApp( 1669): -- PackageChangeBroadcastReceiver  action = android.intent.action.PACKAGE_ADDED
04-04 19:22:03.133 D/PackageManager( 1574): generateServicesMap(android.accounts.AccountAuthenticator): 13 services unchanged
04-04 19:22:03.143 D/PackageManager( 1574): generateServicesMap(android.content.SyncAdapter): 21 services unchanged
04-04 19:22:03.183 D/dalvikvm( 2617): GC_CONCURRENT freed 151K, 4% free 6807K/7047K, paused 2ms+4ms
04-04 19:22:03.303 I/RegisterService( 2595): android.intent.action.PACKAGE_REMOVED package:uk.ac.st_andrews.cs.host.mk74.naivegpslocalization
04-04 19:22:03.403 D/dalvikvm( 2617): GC_CONCURRENT freed 137K, 4% free 7146K/7431K, paused 1ms+4ms
04-04 19:22:03.433 D/dalvikvm( 2594): GC_CONCURRENT freed 167K, 4% free 6775K/7047K, paused 2ms+22ms
04-04 19:22:03.463 D/Launcher.Model( 2594): onReceive intent=Intent { act=android.intent.action.PACKAGE_ADDED dat=package:uk.ac.st_andrews.cs.host.mk74.naivegpslocalization flg=0x10000010 (has extras) }
04-04 19:22:03.473 I/ActivityThread( 2617): Pub com.google.android.maps.SearchHistoryProvider: com.google.googlenav.provider.SearchHistoryProvider
04-04 19:22:03.483 I/ActivityThread( 2617): Pub com.google.android.maps.LayerInfoProvider: com.google.googlenav.layer.LayerInfoProvider
04-04 19:22:03.483 D/SqliteDatabaseCpp( 2617): dbopen(): path = /data/data/com.google.android.apps.maps/databases , key = LYqevA, flag = 6, file size = 5120
04-04 19:22:03.493 D/SqliteDatabaseCpp( 2617): dbopen(): path = /data/data/com.google.android.apps.maps/databases , key = LYqevA, mode: delete, disk free size: 7849 M, handle: 0x15d780
04-04 19:22:03.523 I/ActivityThread( 2617): Pub com.google.android.maps.TrafficAppWidgetProvider: com.google.googlenav.appwidget.traffic.TrafficAppWidgetProvider
04-04 19:22:03.533 I/ActivityThread( 2617): Pub com.google.android.maps.SuggestionProvider: com.google.googlenav.suggest.android.SuggestProvider
04-04 19:22:03.553 I/ActivityThread( 2617): Pub com.google.android.maps.LocalActivePlacesProvider: com.google.googlenav.provider.LocalActivePlacesProvider
04-04 19:22:03.553 I/ActivityThread( 2617): Pub com.google.android.maps.StarredItemProvider: com.google.googlenav.provider.StarredItemProvider
04-04 19:22:03.583 D/CombinedWidgetProvider( 1677): +addAppWidget
04-04 19:22:03.593 D/Launcher.Model( 2594): mAllAppsList.updatePackage uk.ac.st_andrews.cs.host.mk74.naivegpslocalization
04-04 19:22:03.613 D/HtcWidgetProvider( 1677): update 0
04-04 19:22:03.623 D/FxWidgetScanner( 2594): onPackageRemoved: uk.ac.st_andrews.cs.host.mk74.naivegpslocalization
04-04 19:22:03.623 D/FxWidgetScanner( 2594): removeFxWidgetList
04-04 19:22:03.733 D/CombinedWidgetProvider( 1677): addAppWidget: WidgetSummary(YouTube/APP_WIDGET/[I@40778560 x [I@40778580/-1/ComponentInfo{com.google.android.youtube/com.google.android.youtube.app.honeycomb.widget.WidgetProvider}/[I@407785a0)
04-04 19:22:03.733 D/CombinedWidgetProvider( 1677): addAppWidget: WidgetSummary(Twitter (large)/APP_WIDGET/[I@40d528e8 x [I@40d52908/-1/ComponentInfo{com.twitter.android/com.twitter.android.client.WidgetLargeProvider}/[I@40d52928)
04-04 19:22:03.733 D/CombinedWidgetProvider( 1677): addAppWidget: WidgetSummary(Twitter (small)/APP_WIDGET/[I@40722808 x [I@40794598/-1/ComponentInfo{com.twitter.android/com.twitter.android.client.WidgetSmallProvider}/[I@407945b8)
04-04 19:22:03.733 D/CombinedWidgetProvider( 1677): addAppWidget: WidgetSummary(Traffic/APP_WIDGET/[I@40a47aa0 x [I@40a55220/-1/ComponentInfo{com.google.android.apps.maps/com.google.googlenav.appwidget.traffic.TrafficAppWidget}/[I@40a55240)
04-04 19:22:03.733 D/CombinedWidgetProvider( 1677): addAppWidget: WidgetSummary(Latitude/APP_WIDGET/[I@407a3bf8 x [I@407a3c18/-1/ComponentInfo{com.google.android.apps.maps/com.google.googlenav.appwidget.friends.FriendsAppWidgetProvider}/[I@407a3c38)
04-04 19:22:03.733 D/CombinedWidgetProvider( 1677): addAppWidget: WidgetSummary(Market/APP_WIDGET/[I@409ed508 x [I@409ed528/-1/ComponentInfo{com.android.vending/com.android.vending.MarketWidgetProvider}/[I@40778fd8)
04-04 19:22:03.733 D/CombinedWidgetProvider( 1677): addAppWidget: WidgetSummary(Google Search/APP_WIDGET/[I@408d8650 x [I@408d8670/-1/ComponentInfo{com.google.android.googlequicksearchbox/com.google.android.googlequicksearchbox.SearchWidgetProvider}/[I@408d8690)
04-04 19:22:03.733 D/CombinedWidgetProvider( 1677): addAppWidget: WidgetSummary(Gmail/APP_WIDGET/[I@40745760 x [I@40800e18/-1/ComponentInfo{com.google.android.gm/com.google.android.gm.widget.GmailWidgetProvider}/[I@40800e38)
04-04 19:22:03.733 D/CombinedWidgetProvider( 1677): addAppWidget: WidgetSummary(Bookmarks/APP_WIDGET/[I@407131e0 x [I@40713200/-1/ComponentInfo{com.android.browser/com.android.browser.widget.BookmarkThumbnailWidgetProvider}/[I@40713220)
04-04 19:22:03.733 D/CombinedWidgetProvider( 1677): -addAppWidget
04-04 19:22:03.733 D/CombinedWidgetProvider( 1677): +addHtcWidgets, cat: -1
04-04 19:22:03.733 D/CombinedWidgetProvider( 1677):  uri: content://com.htc.launcher.widget.htcwidget/htcwidgets?widget_only=true
04-04 19:22:03.733 D/HtcWidgetProvider( 1677): row 1
04-04 19:22:03.783 D/CombinedWidgetProvider( 1677): addHtcWidget: WidgetSummary(Tips for Home/HTC_WIDGET/[I@40728560 x [I@40728580/1101/ComponentInfo{com.htc.rosiewidgets.tip/com.htc.rosiewidgets.tip.TipWidgetItem}/[I@407285a0)
04-04 19:22:03.783 D/CombinedWidgetProvider( 1677): -addHtcWidgets
04-04 19:22:03.783 D/CombinedWidgetProvider( 1677): +addFxWidgets , provider: null
04-04 19:22:03.783 D/FxWidgetProviderInfoCollector( 1677): getAllStyles + [Ljava.lang.String;@406d1dc8 @ 
04-04 19:22:03.793 D/FxWidgetProvider( 1677): row 94
04-04 19:22:03.904 D/dalvikvm( 1574): GC_CONCURRENT freed 1980K, 12% free 15927K/18055K, paused 2ms+7ms
04-04 19:22:04.034 W/Launcher.Model( 2594): Nobody to tell about the new app.  Launcher is probably loading.
04-04 19:22:04.054 I/ActivityThread( 2617): Pub com.google.android.maps.LocalSuggestionProvider: com.google.googlenav.provider.LocalSuggestionProvider
04-04 19:22:04.054 I/ActivityThread( 2617): Pub com.google.android.maps.NavigationAvailabilityProvider: com.google.googlenav.provider.NavigationAvailabilityProvider
04-04 19:22:04.064 D/dalvikvm( 2617): GC_CONCURRENT freed 156K, 4% free 7502K/7751K, paused 1ms+8ms
04-04 19:22:04.144 I/ActivityManager( 1574): Start proc com.htc.recommend for broadcast com.htc.recommend/.receiver.AppInstalledReceiver: pid=2627 uid=10056 gids={2001, 3003}
04-04 19:22:04.154 D/FxWidgetScanner( 2594): delete 0
04-04 19:22:04.154 D/WidgetScanner( 2594): upadted? false
04-04 19:22:04.164 I/ActivityManager( 1574): No longer want com.htc.ereader.drmengine (pid 2299): hidden #16
04-04 19:22:04.164 I/ActivityManager( 1574): No longer want com.htc.demoflopackageinstaller (pid 2407): hidden #16
04-04 19:22:04.214 I/ActivityThread( 2627): Pub com.htc.recommend.provider.HTCRecommendCarouselProvider: com.htc.recommend.provider.HTCRecommendCarouselProvider
04-04 19:22:04.214 I/ActivityThread( 2627): Pub com.htc.recommend.provider.HTCRecommendContentProvider: com.htc.recommend.provider.HTCRecommendContentProvider
04-04 19:22:04.214 D/HTC Recommends( 2627): /mnt/sdcard/.LHYGB/CKCL
04-04 19:22:04.214 D/HTC Recommends( 2627): no token file
04-04 19:22:04.214 D/HTC Recommends( 2627): no token file
04-04 19:22:04.214 D/HTC Recommends( 2627): Log settings are 
04-04 19:22:04.214 D/HTC Recommends( 2627): Enable General Log : false
04-04 19:22:04.214 D/HTC Recommends( 2627): Enable Analytic Log : false
04-04 19:22:04.214 D/HTC Recommends( 2627): Enable Normal Log Level (dependent on General Log) : false
04-04 19:22:04.214 D/HTC Recommends( 2627): Enable Critical Log Level (dependent on General Log) : false
04-04 19:22:04.214 D/SqliteDatabaseCpp( 2627): dbopen(): path = /data/data/com.htc.recommend/databases , key = `tgvegkmmejd, flag = 6, file size = 70656
04-04 19:22:04.224 D/SqliteDatabaseCpp( 2627): dbopen(): path = /data/data/com.htc.recommend/databases , key = `tgvegkmmejd, mode: delete, disk free size: 7849 M, handle: 0x15d780
04-04 19:22:04.414 I/ActivityManager( 1574): No longer want com.htc.ereader (pid 2401): hidden #16
04-04 19:22:04.564 D/dalvikvm( 2259): GC_CONCURRENT freed 485K, 9% free 6712K/7303K, paused 2ms+19ms
04-04 19:22:04.694 D/dalvikvm( 1574): GC_EXPLICIT freed 179K, 13% free 15862K/18055K, paused 58ms+5ms
04-04 19:22:04.774 D/AndroidRuntime( 2570): Shutting down VM
04-04 19:22:04.774 D/dalvikvm( 2570): GC_CONCURRENT freed 105K, 83% free 364K/2048K, paused 1ms+0ms
04-04 19:22:04.774 D/dalvikvm( 2570): Debugger has detached; object registry had 1 entries
04-04 19:22:04.784 I/AndroidRuntime( 2570): NOTE: attach of thread 'Binder Thread #3' failed
04-04 19:22:04.844 D/FxWidgetProvider( 1677): row 1
04-04 19:22:04.844 D/CombinedWidgetProvider( 1677): addFxWidget: WidgetSummary(Watch/FX_WIDGET/[I@40b5c558 x [I@40b5c578/-2/ComponentInfo{com.htc.widget3d.watch/com.htc.widget3d.watch.WatchProvider}/[I@40b5c598)
04-04 19:22:04.854 D/FxWidgetProvider( 1677): row 1
04-04 19:22:04.854 D/CombinedWidgetProvider( 1677): addFxWidget: WidgetSummary(Airplane Mode/FX_WIDGET/[I@40b5e8d8 x [I@40b5e8f8/-2/ComponentInfo{com.htc.htcsettingwidgets/com.htc.htcsettingwidgets.AirplaneWidget}/[I@40b5e918)
04-04 19:22:04.864 D/FxWidgetProvider( 1677): row 1
04-04 19:22:04.874 D/CombinedWidgetProvider( 1677): addFxWidget: WidgetSummary(Bluetooth/FX_WIDGET/[I@40c6ad88 x [I@40c6ada8/-2/ComponentInfo{com.htc.htcsettingwidgets/com.htc.htcsettingwidgets.BTWidget}/[I@40c6adc8)
04-04 19:22:04.874 D/FxWidgetProvider( 1677): row 1
04-04 19:22:04.884 D/CombinedWidgetProvider( 1677): addFxWidget: WidgetSummary(GPS/FX_WIDGET/[I@40c6d0f8 x [I@40c6d118/-2/ComponentInfo{com.htc.htcsettingwidgets/com.htc.htcsettingwidgets.GPSWidget}/[I@40c6d138)
04-04 19:22:04.884 D/FxWidgetProvider( 1677): row 1
04-04 19:22:04.894 D/CombinedWidgetProvider( 1677): addFxWidget: WidgetSummary(Wi-Fi Hotspot/FX_WIDGET/[I@40c7e7a8 x [I@40c7e7c8/-2/ComponentInfo{com.htc.htcsettingwidgets/com.htc.htcsettingwidgets.HotspotWidget}/[I@40c7e7e8)
04-04 19:22:04.894 D/FxWidgetProvider( 1677): row 1
04-04 19:22:04.905 D/CombinedWidgetProvider( 1677): addFxWidget: WidgetSummary(Mobile Network/FX_WIDGET/[I@40c80c90 x [I@40c80cb0/-2/ComponentInfo{com.htc.htcsettingwidgets/com.htc.htcsettingwidgets.MobileNetworkWidget}/[I@40c80cd0)
04-04 19:22:04.905 D/FxWidgetProvider( 1677): row 1
04-04 19:22:04.915 D/CombinedWidgetProvider( 1677): addFxWidget: WidgetSummary(Wi-Fi/FX_WIDGET/[I@40cf5178 x [I@40cf5198/-2/ComponentInfo{com.htc.htcsettingwidgets/com.htc.htcsettingwidgets.WiFiWidget}/[I@40cf51b8)
04-04 19:22:04.915 D/FxWidgetProvider( 1677): row 1
04-04 19:22:04.925 D/CombinedWidgetProvider( 1677): addFxWidget: WidgetSummary(Mail/FX_WIDGET/[I@40cf74e8 x [I@40cf7508/-2/ComponentInfo{com.htc.htcmailwidgets/com.htc.htcmailwidgets.WidgetReceiver}/[I@40cf7528)
04-04 19:22:04.925 D/FxWidgetProvider( 1677): row 3
04-04 19:22:04.935 D/FxWidgetProviderInfoCollector( 1677): more than one style shared the same component! Return the first one found.
04-04 19:22:04.935 D/CombinedWidgetProvider( 1677): addFxWidget: WidgetSummary(Mail/FX_WIDGET/[I@40cf9548 x [I@40917140/-2/ComponentInfo{com.htc.htcmailwidgets/com.htc.htcmailwidgets.WidgetReceiver}/[I@40917160)
04-04 19:22:04.935 D/FxWidgetProvider( 1677): row 3
04-04 19:22:04.945 D/FxWidgetProviderInfoCollector( 1677): more than one style shared the same component! Return the first one found.
04-04 19:22:04.945 D/CombinedWidgetProvider( 1677): addFxWidget: WidgetSummary(Mail/FX_WIDGET/[I@40919490 x [I@409194b0/-2/ComponentInfo{com.htc.htcmailwidgets/com.htc.htcmailwidgets.WidgetReceiver}/[I@409194d0)
04-04 19:22:04.945 D/FxWidgetProvider( 1677): row 3
04-04 19:22:04.945 D/FxWidgetProviderInfoCollector( 1677): more than one style shared the same component! Return the first one found.
04-04 19:22:04.955 D/CombinedWidgetProvider( 1677): addFxWidget: WidgetSummary(Mail/FX_WIDGET/[I@4091b5d0 x [I@4091b5f0/-2/ComponentInfo{com.htc.htcmailwidgets/com.htc.htcmailwidgets.WidgetReceiver}/[I@4091b610)
04-04 19:22:04.955 D/FxWidgetProvider( 1677): row 3
04-04 19:22:04.965 D/FxWidgetProviderInfoCollector( 1677): more than one style shared the same component! Return the first one found.
04-04 19:22:04.965 D/CombinedWidgetProvider( 1677): addFxWidget: WidgetSummary(Mail/FX_WIDGET/[I@40922818 x [I@40922838/-2/ComponentInfo{com.htc.htcmailwidgets/com.htc.htcmailwidgets.WidgetReceiver}/[I@40922858)
04-04 19:22:04.965 D/FxWidgetProvider( 1677): row 3
04-04 19:22:04.975 D/FxWidgetProviderInfoCollector( 1677): more than one style shared the same component! Return the first one found.
04-04 19:22:04.975 D/CombinedWidgetProvider( 1677): addFxWidget: WidgetSummary(Mail/FX_WIDGET/[I@40924b58 x [I@40924b78/-2/ComponentInfo{com.htc.htcmailwidgets/com.htc.htcmailwidgets.WidgetReceiver}/[I@40924b98)
04-04 19:22:04.975 D/FxWidgetProvider( 1677): row 3
04-04 19:22:04.975 D/FxWidgetProviderInfoCollector( 1677): more than one style shared the same component! Return the first one found.
04-04 19:22:04.985 D/CombinedWidgetProvider( 1677): addFxWidget: WidgetSummary(Mail/FX_WIDGET/[I@40d13640 x [I@40d13660/-2/ComponentInfo{com.htc.htcmailwidgets/com.htc.htcmailwidgets.WidgetReceiver}/[I@40d13680)
04-04 19:22:04.985 D/FxWidgetProvider( 1677): row 5
04-04 19:22:04.995 D/FxWidgetProviderInfoCollector( 1677): more than one style shared the same component! Return the first one found.
04-04 19:22:04.995 D/CombinedWidgetProvider( 1677): addFxWidget: WidgetSummary(People/FX_WIDGET/[I@40d15750 x [I@40d15770/-2/ComponentInfo{com.htc.htccontactwidgets_3d_fusion/com.htc.htccontactwidgets_3d_fusion.WidgetReceiver}/[I@40d15790)
04-04 19:22:04.995 D/FxWidgetProvider( 1677): row 5
04-04 19:22:05.005 D/FxWidgetProviderInfoCollector( 1677): more than one style shared the same component! Return the first one found.
04-04 19:22:05.005 I/ActivityThread( 2627): Pub com.htc.recommend.provider.HTCRecommendSuggestionProvider: com.htc.recommend.provider.HTCRecommendSuggestionProvider
04-04 19:22:05.015 D/CombinedWidgetProvider( 1677): addFxWidget: WidgetSummary(People/FX_WIDGET/[I@40ca8f28 x [I@40ca8f48/-2/ComponentInfo{com.htc.htccontactwidgets_3d_fusion/com.htc.htccontactwidgets_3d_fusion.WidgetReceiver}/[I@40ca8f68)
04-04 19:22:05.015 I/ActivityManager( 1574): Start proc com.htc.wdm for broadcast com.htc.wdm/.receiver.HTCDirectReceiver: pid=2640 uid=10070 gids={3003, 2001, 1015}
04-04 19:22:05.025 D/FxWidgetProvider( 1677): row 5
04-04 19:22:05.025 D/FxWidgetProviderInfoCollector( 1677): more than one style shared the same component! Return the first one found.
04-04 19:22:05.025 D/CombinedWidgetProvider( 1677): addFxWidget: WidgetSummary(People/FX_WIDGET/[I@40cab390 x [I@40cab3b0/-2/ComponentInfo{com.htc.htccontactwidgets_3d_fusion/com.htc.htccontactwidgets_3d_fusion.WidgetReceiver}/[I@40cab3d0)
04-04 19:22:05.025 D/FxWidgetProvider( 1677): row 5
04-04 19:22:05.035 D/FxWidgetProviderInfoCollector( 1677): more than one style shared the same component! Return the first one found.
04-04 19:22:05.035 D/CombinedWidgetProvider( 1677): addFxWidget: WidgetSummary(People/FX_WIDGET/[I@40cad7e0 x [I@40cad800/-2/ComponentInfo{com.htc.htccontactwidgets_3d_fusion/com.htc.htccontactwidgets_3d_fusion.WidgetReceiver}/[I@40cad820)
04-04 19:22:05.045 D/FxWidgetProvider( 1677): row 5
04-04 19:22:05.045 D/FxWidgetProviderInfoCollector( 1677): more than one style shared the same component! Return the first one found.
04-04 19:22:05.045 D/CombinedWidgetProvider( 1677): addFxWidget: WidgetSummary(People/FX_WIDGET/[I@40c54a78 x [I@40c54a98/-2/ComponentInfo{com.htc.htccontactwidgets_3d_fusion/com.htc.htccontactwidgets_3d_fusion.WidgetReceiver}/[I@40c54ab8)
04-04 19:22:05.055 D/FxWidgetProvider( 1677): row 1
04-04 19:22:05.055 I/ActivityManager( 1574): No longer want com.htc.home.personalize (pid 1913): hidden #16
04-04 19:22:05.065 D/CombinedWidgetProvider( 1677): addFxWidget: WidgetSummary(Calendar/FX_WIDGET/[I@40c56f48 x [I@40c56f68/-2/ComponentInfo{com.htc.htccalendarwidgets/com.htc.htccalendarwidgets.WidgetReceiver}/[I@40c56f88)
04-04 19:22:05.065 D/FxWidgetProvider( 1677): row 3
04-04 19:22:05.075 D/FxWidgetProviderInfoCollector( 1677): more than one style shared the same component! Return the first one found.
04-04 19:22:05.085 D/CombinedWidgetProvider( 1677): addFxWidget: WidgetSummary(Calendar/FX_WIDGET/[I@40c593d8 x [I@40c593f8/-2/ComponentInfo{com.htc.htccalendarwidgets/com.htc.htccalendarwidgets.WidgetReceiver}/[I@40c59418)
04-04 19:22:05.085 D/FxWidgetProvider( 1677): row 3
04-04 19:22:05.085 D/FxWidgetProviderInfoCollector( 1677): more than one style shared the same component! Return the first one found.
04-04 19:22:05.085 D/CombinedWidgetProvider( 1677): addFxWidget: WidgetSummary(Calendar/FX_WIDGET/[I@40c5b890 x [I@40c5b8b0/-2/ComponentInfo{com.htc.htccalendarwidgets/com.htc.htccalendarwidgets.WidgetReceiver}/[I@40c5b8d0)
04-04 19:22:05.095 D/FxWidgetProvider( 1677): row 3
04-04 19:22:05.095 I/ActivityThread( 2640): Pub com.htc.wdm.provider.HtcDirectCarouselProvider: com.htc.wdm.provider.HtcDirectCarouselProvider
04-04 19:22:05.095 D/FxWidgetProviderInfoCollector( 1677): more than one style shared the same component! Return the first one found.
04-04 19:22:05.095 D/CombinedWidgetProvider( 1677): addFxWidget: WidgetSummary(Calendar/FX_WIDGET/[I@40c5db18 x [I@40c5db38/-2/ComponentInfo{com.htc.htccalendarwidgets/com.htc.htccalendarwidgets.WidgetReceiver}/[I@40c5db58)
04-04 19:22:05.095 I/ActivityThread( 2640): Pub com.htc.wdm.status.HtcDirectProvider: com.htc.wdm.status.HtcDirectProvider
04-04 19:22:05.105 D/FxWidgetProvider( 1677): row 1
04-04 19:22:05.105 D/CombinedWidgetProvider( 1677): addFxWidget: WidgetSummary(Calendar/FX_WIDGET/[I@408bb640 x [I@408bb660/-2/ComponentInfo{com.htc.htccalendarwidgets/com.htc.htccalendarwidgets.WidgetReceiver}/[I@408bb680)
04-04 19:22:05.115 D/HTC Hub ( 2640): /mnt/sdcard/.LHYGB/CKCL
04-04 19:22:05.115 D/FxWidgetProvider( 1677): row 1
04-04 19:22:05.115 D/HTC Hub ( 2640): no token file
04-04 19:22:05.115 D/HTC Hub ( 2640): no token file
04-04 19:22:05.115 D/HTC Hub ( 2640): Log settings are 
04-04 19:22:05.115 D/HTC Hub ( 2640): Enable General Log : false
04-04 19:22:05.115 D/HTC Hub ( 2640): Enable Analytic Log : false
04-04 19:22:05.115 D/CombinedWidgetProvider( 1677): addFxWidget: WidgetSummary(Bookmarks/FX_WIDGET/[I@408bda18 x [I@408bda38/-2/ComponentInfo{com.htc.fusion.htcbookmarkwidget/com.htc.fusion.htcbookmarkwidget.WidgetReceiver}/[I@408bda58)
04-04 19:22:05.125 D/HTC Hub ( 2640): Enable Normal Log Level (dependent on General Log) : false
04-04 19:22:05.125 D/HTC Hub ( 2640): Enable Critical Log Level (dependent on General Log) : false
04-04 19:22:05.125 D/FxWidgetProvider( 1677): row 1
04-04 19:22:05.125 D/SM:PackageReceiver( 2587): package added: package:uk.ac.st_andrews.cs.host.mk74.naivegpslocalization
04-04 19:22:05.125 I/ActivityManager( 1574): No longer want com.htc.sdm (pid 2200): hidden #16
04-04 19:22:05.135 D/CombinedWidgetProvider( 1677): addFxWidget: WidgetSummary(Bookmarks/FX_WIDGET/[I@408bff40 x [I@408bff60/-2/ComponentInfo{com.htc.fusion.htcbookmarkwidget/com.htc.fusion.htcbookmarkwidget.WidgetReceiver}/[I@408bff80)
04-04 19:22:05.135 D/FxWidgetProvider( 1677): row 1
04-04 19:22:05.135 D/WidgetScanner( 1677): onReceive: Intent { act=android.intent.action.PACKAGE_ADDED dat=package:uk.ac.st_andrews.cs.host.mk74.naivegpslocalization flg=0x10000010 cmp=com.htc.launcher/.widget.WidgetScannerTrigger (has extras) }
04-04 19:22:05.155 D/WidgetScanner( 2594): onReceiveInternal: Intent { act=android.intent.action.PACKAGE_ADDED dat=package:uk.ac.st_andrews.cs.host.mk74.naivegpslocalization flg=0x10000010 cmp=com.htc.launcher/.widget.WidgetScannerService (has extras) }
04-04 19:22:05.155 D/HtcWidgetScanner( 2594): onPackageAdded: uk.ac.st_andrews.cs.host.mk74.naivegpslocalization
04-04 19:22:05.155 D/CombinedWidgetProvider( 1677): addFxWidget: WidgetSummary(Messages/FX_WIDGET/[I@408c2468 x [I@408c2488/-2/ComponentInfo{com.htc.htcmsgwidgets3d/com.htc.htcmsgwidgets.MsgWidgetProvider}/[I@408c24a8)
04-04 19:22:05.165 I/RegisterService( 2595): android.intent.action.PACKAGE_ADDED package:uk.ac.st_andrews.cs.host.mk74.naivegpslocalization
04-04 19:22:05.165 I/ActivityManager( 1574): Start proc com.svox.pico for broadcast com.svox.pico/.VoiceDataInstallerReceiver: pid=2650 uid=10031 gids={}
04-04 19:22:05.175 D/FxWidgetProvider( 1677): row 1
04-04 19:22:05.175 D/CombinedWidgetProvider( 1677): addFxWidget: WidgetSummary(Messages/FX_WIDGET/[I@408c6598 x [I@408c65b8/-2/ComponentInfo{com.htc.htcmsgwidgets3d/com.htc.htcmsgwidgets.MsgWidgetProvider}/[I@408c65d8)
04-04 19:22:05.175 D/FxWidgetProvider( 1677): row 1
04-04 19:22:05.175 D/CombinedWidgetProvider( 1677): addFxWidget: WidgetSummary(Messages/FX_WIDGET/[I@408c8920 x [I@408c8940/-2/ComponentInfo{com.htc.htcmsgwidgets3d/com.htc.htcmsgwidgets.MsgWidgetProvider}/[I@408c8960)
04-04 19:22:05.185 D/FxWidgetProvider( 1677): row 1
04-04 19:22:05.185 D/AndroidRuntime( 2638): 
04-04 19:22:05.185 D/AndroidRuntime( 2638): >>>>>> AndroidRuntime START com.android.internal.os.RuntimeInit <<<<<<
04-04 19:22:05.195 D/CombinedWidgetProvider( 1677): addFxWidget: WidgetSummary(Messages/FX_WIDGET/[I@408cabf0 x [I@408cac10/-2/ComponentInfo{com.htc.htcmsgwidgets3d/com.htc.htcmsgwidgets.MsgWidgetProvider}/[I@408cac30)
04-04 19:22:05.195 D/FxWidgetProvider( 1677): row 1
04-04 19:22:05.205 D/AndroidRuntime( 2638): CheckJNI is OFF
04-04 19:22:05.205 D/CombinedWidgetProvider( 1677): addFxWidget: WidgetSummary(Messages/FX_WIDGET/[I@408ccec0 x [I@408ccee0/-2/ComponentInfo{com.htc.htcmsgwidgets3d/com.htc.htcmsgwidgets.MsgWidgetProvider}/[I@408ccf00)
04-04 19:22:05.215 D/FxWidgetProvider( 1677): row 1
04-04 19:22:05.215 D/PhoneApp( 1669): EVENT_QUERY_MO_PACKAGES
04-04 19:22:05.255 I/ActivityThread( 2650): Pub com.svox.pico.providers.SettingsProvider: com.svox.pico.providers.SettingsProvider
04-04 19:22:05.315 D/CursorWindowStats( 2638): Get CursorWindow size from framework resource:4194304
04-04 19:22:05.365 D/AndroidRuntime( 2638): Calling main entry com.android.commands.am.Am
04-04 19:22:05.365 D/PhoneApp( 1669): -- N1 =0
04-04 19:22:05.375 D/CombinedWidgetProvider( 1677): addFxWidget: WidgetSummary(Messages/FX_WIDGET/[I@408cf1b0 x [I@408cf1d0/-2/ComponentInfo{com.htc.htcmsgwidgets3d/com.htc.htcmsgwidgets.MsgWidgetProvider}/[I@408cf1f0)
04-04 19:22:05.385 D/FxWidgetProvider( 1677): row 1
04-04 19:22:05.385 D/vicky   ( 2608): vicky received: android.intent.action.PACKAGE_ADDED
04-04 19:22:05.385 I/ActivityManager( 1574): Start proc com.htc.htchubsyncprovider for content provider com.htc.htchubsyncprovider/.provider.MyDownloadsProvider: pid=2665 uid=10069 gids={3003, 2001, 1015}
04-04 19:22:05.405 I/ActivityManager( 1574): Starting: Intent { act=android.intent.action.MAIN cat=[android.intent.category.LAUNCHER] flg=0x10000000 cmp=uk.ac.st_andrews.cs.host.mk74.naivegpslocalization/.MainActivity } from pid 2638
04-04 19:22:05.425 D/CombinedWidgetProvider( 1677): addFxWidget: WidgetSummary(Messages/FX_WIDGET/[I@408d1668 x [I@408d1688/-2/ComponentInfo{com.htc.htcmsgwidgets3d/com.htc.htcmsgwidgets.MsgWidgetProvider}/[I@408d16a8)
04-04 19:22:05.425 D/HtcWidgetProvider( 1677): row 3
04-04 19:22:05.425 D/FxWidgetProvider( 1677): row 1
04-04 19:22:05.435 D/ActivityManager( 1574): isSketcherDisabledInCurrentTask():false, ActivityRecord{40a16660 uk.ac.st_andrews.cs.host.mk74.naivegpslocalization/.MainActivity}
04-04 19:22:05.445 D/HostWidgetManager( 1677): pauseWidgets: 2
04-04 19:22:05.455 D/AndroidRuntime( 2638): Shutting down VM
04-04 19:22:05.465 D/dalvikvm( 2638): GC_CONCURRENT freed 106K, 81% free 397K/2048K, paused 0ms+2ms
04-04 19:22:05.465 I/AndroidRuntime( 2638): NOTE: attach of thread 'Binder Thread #4' failed
04-04 19:22:05.465 D/jdwp    ( 2638): Got wake-up signal, bailing out of select
04-04 19:22:05.475 D/dalvikvm( 2638): Debugger has detached; object registry had 1 entries
04-04 19:22:05.485 I/ActivityManager( 1574): Start proc uk.ac.st_andrews.cs.host.mk74.naivegpslocalization for activity uk.ac.st_andrews.cs.host.mk74.naivegpslocalization/.MainActivity: pid=2673 uid=10116 gids={}
04-04 19:22:05.485 I/ActivityManager( 1574): No longer want com.htc.musicenhancer (pid 2430): hidden #16
04-04 19:22:05.505 D/SurfaceFlinger( 1438): getTokenForSurface(0xcb5f4) => 0 (client=0x90668, bitmap=00000003), pid=1574
04-04 19:22:05.505 D/GTalkService( 1714): [GTalkService.1] handlePackageInstalled: re-initialize providers
04-04 19:22:05.505 D/GTalkService( 1714): [RawStanzaProvidersMgr] ##### searchProvidersFromIntent
04-04 19:22:05.505 D/msm7x30.gralloc( 1438): gpu_context_t::getGrallocInformationFromFormat  2 
04-04 19:22:05.525 I/ActivityManager( 1574): Start proc com.google.android.partnersetup for broadcast com.google.android.partnersetup/.RlzPingBroadcastReceiver: pid=2675 uid=10081 gids={3003}
04-04 19:22:05.525 I/ActivityThread( 2665): Pub com.htc.wdm.provider.WDMProvider: com.htc.htchubsyncprovider.provider.WDMProvider
04-04 19:22:05.575 I/ActivityThread( 2665): Pub com.htc.wotaproviders.MyDownloadsProvider: com.htc.htchubsyncprovider.provider.MyDownloadsProvider
04-04 19:22:05.635 D/dalvikvm( 1439): GC_EXPLICIT freed 11K, 5% free 6453K/6787K, paused 1ms+1ms
04-04 19:22:05.645 V/WindowManager( 1574): Starting animation in AppWindowToken{406c6f98 token=ActivityRecord{408f3dd8 com.htc.launcher/.Launcher}} @ 973254
04-04 19:22:05.645 I/ActivityThread( 2675): Pub com.google.android.partnersetup.rlzprovider: com.google.android.partnersetup.RlzProvider
04-04 19:22:05.645 V/WindowManager( 1574): Starting animation in AppWindowToken{410dffd0 token=ActivityRecord{40a16660 uk.ac.st_andrews.cs.host.mk74.naivegpslocalization/.MainActivity}} @ 973254
04-04 19:22:05.655 I/ActivityThread( 2675): Pub com.google.android.partnersetup.rlzappprovider: com.google.android.partnersetup.RlzAppProvider
04-04 19:22:05.655 V/WindowManager( 1574): Finished animation in AppWindowToken{406c6f98 token=ActivityRecord{408f3dd8 com.htc.launcher/.Launcher}} @ 973289
04-04 19:22:05.665 V/WindowManager( 1574): Finished animation in AppWindowToken{410dffd0 token=ActivityRecord{40a16660 uk.ac.st_andrews.cs.host.mk74.naivegpslocalization/.MainActivity}} @ 973289
04-04 19:22:05.705 I/ActivityManager( 1574): No longer want com.htc.pen (pid 2129): hidden #16
04-04 19:22:05.725 V/LocationManagerService( 1574): requestLocationUpdates
04-04 19:22:05.725 D/GpsLocationProvider( 1574): addListener+ @id: 10116
04-04 19:22:05.725 D/GpsLocationProvider( 1574): setMinTime 0
04-04 19:22:05.725 V/GpsLocationProvider( 1574): enableLocationTracking ++
04-04 19:22:05.725 D/GpsLocationProvider( 1574): [shen] debug
04-04 19:22:05.725 D/GpsLocationProvider( 1574): [handleMessage] message :8
04-04 19:22:05.725 V/LocationManagerService( 1574): _requestLocationUpdates: listener = Receiver{40c067e8 Listener android.os.BinderProxy@40c067b0}mUpdateRecords: {}
04-04 19:22:05.725 V/LocationManagerService( 1574): requestLocationUpdatesLocked: updateProvidersLocked
04-04 19:22:05.725 V/LocationManagerService( 1574): _requestLocationUpdates: provider = gps listener = Receiver{40c067e8 Listener android.os.BinderProxy@40c067b0}mUpdateRecords: {gps=UpdateRecord{40a36600 mProvider: gps mUid: 10116}}
04-04 19:22:05.755 D/dalvikvm( 1439): GC_EXPLICIT freed <1K, 5% free 6453K/6787K, paused 7ms+1ms
04-04 19:22:05.785 D/dalvikvm( 1439): GC_EXPLICIT freed <1K, 5% free 6453K/6787K, paused 3ms+1ms
04-04 19:22:05.785 D/GpsLocationProvider( 1574): [handleMessage] ADD_LISTENER
04-04 19:22:05.785 D/GpsLocationProvider( 1574): addListener(uk.ac.st_andrews.cs.host.mk74.naivegpslocalization)
04-04 19:22:05.795 D/HtcWidgetScanner( 2594): count(onPackageUpdated) - 3
04-04 19:22:05.795 D/GpsLocationProvider( 1574): [handleMessage] message :3
04-04 19:22:05.805 D/SM:PackageReceiver( 2587): package replaced: package:uk.ac.st_andrews.cs.host.mk74.naivegpslocalization
04-04 19:22:05.825 D/FxWidgetScanner( 2594): onPackageAdded: uk.ac.st_andrews.cs.host.mk74.naivegpslocalization
04-04 19:22:05.825 D/CombinedWidgetProvider( 1677): addFxWidget: WidgetSummary(Twitter/FX_WIDGET/[I@408d4778 x [I@408d4798/-2/ComponentInfo{com.htc.Twitter3DWidget/com.htc.Twitter3DWidget.TwitterWidgetProvider}/[I@408d47b8)
04-04 19:22:05.825 D/FxWidgetScanner( 2594): addWidgetList
04-04 19:22:05.835 D/FxWidgetScanner( 2594): ResolveInfo size 0
04-04 19:22:05.845 D/ActivityManager( 1574): isSketcherDisabledInCurrentTask():false, ActivityRecord{40a16660 uk.ac.st_andrews.cs.host.mk74.naivegpslocalization/.MainActivity}
04-04 19:22:05.865 I/ActivityManager( 1574): Start proc com.google.android.apps.maps:FriendService for broadcast com.google.android.apps.maps/com.google.googlenav.friend.android.ServiceReceiver: pid=2689 uid=10046 gids={3003, 1015}
04-04 19:22:05.976 D/SqliteDatabaseCpp( 2665): dbopen(): path = /data/data/com.htc.htchubsyncprovider/databases , key = mqdksjlkYdw, flag = 6, file size = 6144
04-04 19:22:05.986 I/RegisterService( 2595): android.intent.action.PACKAGE_REPLACED package:uk.ac.st_andrews.cs.host.mk74.naivegpslocalization
04-04 19:22:06.006 D/SqliteDatabaseCpp( 2665): dbopen(): path = /data/data/com.htc.htchubsyncprovider/databases , key = mqdksjlkYdw, mode: delete, disk free size: 7850 M, handle: 0xdacd0
04-04 19:22:06.046 D/FxWidgetProvider( 1677): row 1
04-04 19:22:06.046 D/WidgetScanner( 2594): upadted? false
04-04 19:22:06.046 D/PhoneWindow( 1677): couldn't save which view has focus because the focused view android.widget.RelativeLayout@407c7870 has no id.
04-04 19:22:06.076 D/SurfaceFlinger( 1438): getTokenForSurface(0xafc44) => 0 (client=0xccbd0, bitmap=00000001), pid=2673
04-04 19:22:06.096 I/ActivityManager( 1574): No longer want android.process.media (pid 1750): hidden #16
04-04 19:22:06.116 D/msm7x30.gralloc( 1438): gpu_context_t::getGrallocInformationFromFormat  2 
04-04 19:22:06.156 I/ActivityManager( 1574): Displayed uk.ac.st_andrews.cs.host.mk74.naivegpslocalization/.MainActivity: +676ms (total +15m11s201ms)
04-04 19:22:06.176 D/msm7x30.gralloc( 1438): gpu_context_t::getGrallocInformationFromFormat  2 
04-04 19:22:06.186 D/SurfaceFlinger( 1438): virtual void android::Layer::onRemoved(): lcblk (identity=16, status=0, token=0)
04-04 19:22:06.236 D/PhoneApp( 1669): -- N2 =0
04-04 19:22:06.236 D/GpsLocationProvider( 1574): [handleMessage] ENABLE_TRACKING
04-04 19:22:06.266 D/dalvikvm( 2689): GC_CONCURRENT freed 152K, 4% free 6807K/7047K, paused 1ms+2ms
04-04 19:22:06.336 W/BinderNative( 2465): Uncaught exception from death notification
04-04 19:22:06.336 W/BinderNative( 2465): java.lang.NullPointerException
04-04 19:22:06.336 W/BinderNative( 2465): 	at android.app.ActivityThread.removeDeadProvider(ActivityThread.java:4405)
04-04 19:22:06.336 W/BinderNative( 2465): 	at android.app.ActivityThread$ProviderClientRecord.binderDied(ActivityThread.java:314)
04-04 19:22:06.336 W/BinderNative( 2465): 	at android.os.BinderProxy.sendDeathNotice(Binder.java:418)
04-04 19:22:06.336 W/BinderNative( 2465): 	at dalvik.system.NativeStart.run(Native Method)
04-04 19:22:06.366 D/CombinedWidgetProvider( 1677): addFxWidget: WidgetSummary(Twitter/FX_WIDGET/[I@408671f0 x [I@40867210/-2/ComponentInfo{com.htc.Twitter3DWidget/com.htc.Twitter3DWidget.TwitterWidgetProvider}/[I@40867230)
04-04 19:22:06.366 D/dalvikvm( 2689): GC_CONCURRENT freed 131K, 4% free 7132K/7367K, paused 1ms+1ms
04-04 19:22:06.436 D/GpsLocationProvider( 1574): startNavigating
04-04 19:22:06.446 D/Socket_Alarm( 2689): registerHTCSocketMonitorCallBack
04-04 19:22:06.446 D/Socket_Alarm( 2689): set mSocketMonitor
04-04 19:22:06.446 D/Socket_Alarm( 2689): HTCSocketMonitorImpl::HTCSocketMonitorImpl
04-04 19:22:06.486 I/ActivityManager( 1574): No longer want com.android.settings (pid 2539): hidden #16
04-04 19:22:06.496 I/ActivityManager( 1574): Start proc com.google.android.googlequicksearchbox for broadcast com.google.android.googlequicksearchbox/.SourceUpdateReceiver: pid=2698 uid=10080 gids={3003}
04-04 19:22:06.556 D/PhoneApp( 1669): -- N3 =0
04-04 19:22:06.556 I/ActivityThread( 2698): Pub com.google.android.googlequicksearchbox.shortcuts: com.google.android.googlequicksearchbox.WebHistoryProvider
04-04 19:22:06.556 I/ActivityThread( 2698): Pub com.google.android.googlequicksearchbox.google: com.google.android.googlequicksearchbox.google.GoogleSuggestionProvider
04-04 19:22:06.566 D/SurfaceFlinger( 1438): virtual void android::Layer::onRemoved(): lcblk (identity=8, status=0, token=2)
04-04 19:22:06.616 D/dalvikvm( 1714): GC_EXPLICIT freed 131K, 8% free 6842K/7367K, paused 1ms+4ms
04-04 19:22:06.616 D/GpsLocationProvider( 1574): HtcBuildFlag.HtcCIQFlag(FALSE)
04-04 19:22:06.616 D/FxWidgetProvider( 1677): row 1
04-04 19:22:06.616 D/lib_locapi( 1574): [GPS:] loc_eng_set_qos_time_out(standalone = 60000, agps = 89000)
04-04 19:22:06.656 D/SqliteDatabaseCpp( 2698): dbopen(): path = /data/data/com.google.android.googlequicksearchbox/databases , key = iwf-`awtkvq, flag = 6, file size = 6144
04-04 19:22:06.656 D/SqliteDatabaseCpp( 2698): dbopen(): path = /data/data/com.google.android.googlequicksearchbox/databases , key = iwf-`awtkvq, mode: delete, disk free size: 7850 M, handle: 0x193890
04-04 19:22:06.676 I/ActivityManager( 1574): Start proc com.htc.pen for broadcast com.htc.pen/.plugin.PenReceiver: pid=2712 uid=10040 gids={}
04-04 19:22:06.676 I/ActivityManager( 1574): No longer want com.htc.notes (pid 2503): hidden #16
04-04 19:22:06.706 I/ActivityThread( 2712): Pub com.htc.penmenu: com.htc.pen.provider.PenMenuProvider
04-04 19:22:06.706 I/ActivityThread( 2712): Pub com.htc.pen: com.htc.pen.provider.PenProvider
04-04 19:22:06.726 D/CombinedWidgetProvider( 1677): addFxWidget: WidgetSummary(Twitter/FX_WIDGET/[I@4086a378 x [I@4086a398/-2/ComponentInfo{com.htc.Twitter3DWidget/com.htc.Twitter3DWidget.TwitterWidgetProvider}/[I@4086a3b8)
04-04 19:22:06.726 V/GpsLocationProvider( 1574): set_agps_qos_time_out complete
04-04 19:22:06.736 D/SqliteDatabaseCpp( 2712): dbopen(): path = /data/data/com.htc.pen/databases , key = hej, flag = 6, file size = 15360
04-04 19:22:06.736 D/FxWidgetProvider( 1677): row 1
04-04 19:22:06.736 D/SqliteDatabaseCpp( 2712): dbopen(): path = /data/data/com.htc.pen/databases , key = hej, mode: delete, disk free size: 7850 M, handle: 0x19bb90
04-04 19:22:06.736 D/GpsLocationProvider( 1574): GpsLocationProvider_set_position_mode
04-04 19:22:06.746 D/SurfaceFlinger( 1438): virtual void android::Layer::onRemoved(): lcblk (identity=7, status=0, token=1)
