04-04 21:26:31.376 V/locapi_rpc_glue( 1590): Callback received: 80 (cb_id=0x6360000 handle=1)
04-04 21:26:31.376 V/locapi_rpc_glue( 1590): +loc_api_callback_process_sync_call
04-04 21:26:31.376 V/locapi_rpc_glue( 1590): loc_api_callback_process_sync_call: signal cb wait, slot i=0
04-04 21:26:31.376 V/locapi_rpc_glue( 1590): loc_wait_callback: wait cb SUCCESS
04-04 21:26:31.376 V/locapi_rpc_glue( 1590): -loc_wait_callback
04-04 21:26:31.376 V/lib_locapi( 1590): loc_eng_ioctl result: client = 1, ioctl_type = 2, SUCCESS
04-04 21:26:31.376 D/locapi_rpc_glue( 1590): loc_start_fix
04-04 21:26:31.376 D/RPC     ( 1590): written RPC packet size: [44]
04-04 21:26:31.376 D/RPC     ( 1590): read RPC packet
04-04 21:26:31.386 D/SurfaceFlinger( 1441): getTokenForSurface(0xafa54) => 1 (client=0xa2dd0, bitmap=00000003), pid=1664
04-04 21:26:31.386 D/msm7x30.gralloc( 1441): gpu_context_t::getGrallocInformationFromFormat  1 
04-04 21:26:31.386 D/RPC     ( 1590): read RPC packet size: [28]
04-04 21:26:31.396 D/lib_locapi( 1590): [GPS:] loc_eng_report_status: GPS_STATUS_SESSION_END
04-04 21:26:31.396 V/locapi_rpc_glue( 1590): -loc_api_callback_process_sync_call
04-04 21:26:31.396 D/RPC     ( 1590): written RPC packet size: [28]
04-04 21:26:31.396 D/RPC     ( 1590): read RPC packet
04-04 21:26:31.396 D/RPC     ( 1590): read RPC packet size: [80]
04-04 21:26:31.396 V/locapi_rpc_glue( 1590): Callback received: 100 (cb_id=0x6360000 handle=1)
04-04 21:26:31.396 V/locapi_rpc_glue( 1590): +loc_api_callback_process_sync_call
04-04 21:26:31.396 V/locapi_rpc_glue( 1590): -loc_api_callback_process_sync_call, no sync call in use
04-04 21:26:31.396 D/lib_locapi( 1590): [GPS:] loc_eng_report_status: GPS_STATUS_SESSION_BEGIN
04-04 21:26:31.396 D/RPC     ( 1590): written RPC packet size: [28]
04-04 21:26:31.406 D/AutoSetting( 1793): service - mLocationListener: onLocationChanged() location = Location[mProvider=gps,mTime=1396646791338,mInfo=-19.66420484333507.05871453000003,mAccuracy=18.0
04-04 21:26:31.406 D/AutoSetting( 1793): service - handleMessage() incoming message, what:1
04-04 21:26:31.406 D/AutoSetting( 1793): service - mLocationListener: onLocationChanged() location = Location[mProvider=gps,mTime=1396646791338,mInfo=-19.66420484333507.05871453000003,mAccuracy=18.0
04-04 21:26:31.406 D/AutoSetting( 1793): Util - no network available!
04-04 21:26:31.406 D/AutoSetting( 1793): service - handleMessage() not proceed
04-04 21:26:31.696 D/msm7x30.gralloc( 1441): gpu_context_t::getGrallocInformationFromFormat  1 
04-04 21:26:32.247 D/RPC     ( 1590): read RPC packet
04-04 21:26:32.247 D/RPC     ( 1590): read RPC packet size: [272]
04-04 21:26:32.247 V/locapi_rpc_glue( 1590): Callback received: 4 (cb_id=0x6360000 handle=1)
04-04 21:26:32.247 V/locapi_rpc_glue( 1590): +loc_api_callback_process_sync_call
04-04 21:26:32.247 V/locapi_rpc_glue( 1590): -loc_api_callback_process_sync_call, no sync call in use
04-04 21:26:32.247 D/RPC     ( 1590): written RPC packet size: [28]
04-04 21:26:32.257 D/RPC     ( 1590): read RPC packet
04-04 21:26:32.257 D/RPC     ( 1590): read RPC packet size: [272]
04-04 21:26:32.257 V/locapi_rpc_glue( 1590): Callback received: 4 (cb_id=0x6360000 handle=1)
04-04 21:26:32.257 V/locapi_rpc_glue( 1590): +loc_api_callback_process_sync_call
04-04 21:26:32.257 V/locapi_rpc_glue( 1590): -loc_api_callback_process_sync_call, no sync call in use
04-04 21:26:32.257 D/RPC     ( 1590): written RPC packet size: [28]
04-04 21:26:32.267 D/RPC     ( 1590): read RPC packet
04-04 21:26:32.267 D/RPC     ( 1590): read RPC packet size: [272]
04-04 21:26:32.267 V/locapi_rpc_glue( 1590): Callback received: 4 (cb_id=0x6360000 handle=1)
04-04 21:26:32.267 V/locapi_rpc_glue( 1590): +loc_api_callback_process_sync_call
04-04 21:26:32.267 V/locapi_rpc_glue( 1590): -loc_api_callback_process_sync_call, no sync call in use
04-04 21:26:32.267 D/RPC     ( 1590): written RPC packet size: [28]
04-04 21:26:32.267 D/RPC     ( 1590): read RPC packet
04-04 21:26:32.277 D/RPC     ( 1590): read RPC packet size: [456]
04-04 21:26:32.277 V/locapi_rpc_glue( 1590): Callback received: 2 (cb_id=0x6360000 handle=1)
04-04 21:26:32.277 V/locapi_rpc_glue( 1590): +loc_api_callback_process_sync_call
04-04 21:26:32.277 V/locapi_rpc_glue( 1590): -loc_api_callback_process_sync_call, no sync call in use
04-04 21:26:32.277 D/lib_locapi( 1590): loc_eng_report_sv: valid_mask = 0x30, num of sv = 9
04-04 21:26:32.277 D/GpsLocationProvider( 1590): reportSvStatus
04-04 21:26:32.277 V/GpsLocationProvider( 1590): SV count: 9 ephemerisMask: 51408000 almanacMask: 55509010
04-04 21:26:32.277 V/GpsLocationProvider( 1590): sv: 5 snr: 3.85 elev: 16.0 azimuth: 49.0   AU
04-04 21:26:32.287 V/GpsLocationProvider( 1590): sv: 13 snr: 3.67 elev: 14.0 azimuth: 326.0   AU
04-04 21:26:32.287 V/GpsLocationProvider( 1590): sv: 16 snr: 4.3599997 elev: 35.0 azimuth: 291.0 E AU
04-04 21:26:32.287 I/System.out( 2566): Location: -2.80917212 56.33985717 | GPSNavigator running:true
04-04 21:26:32.287 I/System.out( 2566): Battery level: 99 | Time difference: -1
04-04 21:26:32.297 V/GpsLocationProvider( 1590): sv: 21 snr: 3.6599998 elev: 47.0 azimuth: 151.0   AU
04-04 21:26:32.297 V/GpsLocationProvider( 1590): sv: 23 snr: 2.41 elev: 11.0 azimuth: 293.0 E AU
04-04 21:26:32.297 D/RPC     ( 1590): written RPC packet size: [28]
04-04 21:26:32.297 V/GpsLocationProvider( 1590): sv: 25 snr: 2.67 elev: 13.0 azimuth: 120.0 E AU
04-04 21:26:32.297 V/GpsLocationProvider( 1590): sv: 27 snr: 2.6799998 elev: 10.0 azimuth: 247.0   AU
04-04 21:26:32.297 V/GpsLocationProvider( 1590): sv: 29 snr: 3.8200002 elev: 45.0 azimuth: 71.0 E AU
04-04 21:26:32.307 V/GpsLocationProvider( 1590): sv: 31 snr: 3.52 elev: 38.0 azimuth: 203.0 E AU
04-04 21:26:32.317 D/RPC     ( 1590): read RPC packet
04-04 21:26:32.317 D/RPC     ( 1590): read RPC packet size: [272]
04-04 21:26:32.317 V/locapi_rpc_glue( 1590): Callback received: 4 (cb_id=0x6360000 handle=1)
04-04 21:26:32.317 V/locapi_rpc_glue( 1590): +loc_api_callback_process_sync_call
04-04 21:26:32.327 V/locapi_rpc_glue( 1590): -loc_api_callback_process_sync_call, no sync call in use
04-04 21:26:32.327 D/RPC     ( 1590): written RPC packet size: [28]
04-04 21:26:32.327 D/RPC     ( 1590): read RPC packet
04-04 21:26:32.327 D/RPC     ( 1590): read RPC packet size: [272]
04-04 21:26:32.327 V/locapi_rpc_glue( 1590): Callback received: 4 (cb_id=0x6360000 handle=1)
04-04 21:26:32.327 V/locapi_rpc_glue( 1590): +loc_api_callback_process_sync_call
04-04 21:26:32.337 V/locapi_rpc_glue( 1590): -loc_api_callback_process_sync_call, no sync call in use
04-04 21:26:32.337 D/RPC     ( 1590): written RPC packet size: [28]
04-04 21:26:32.337 D/RPC     ( 1590): read RPC packet
04-04 21:26:32.337 D/RPC     ( 1590): read RPC packet size: [272]
04-04 21:26:32.337 V/locapi_rpc_glue( 1590): Callback received: 4 (cb_id=0x6360000 handle=1)
04-04 21:26:32.337 V/locapi_rpc_glue( 1590): +loc_api_callback_process_sync_call
04-04 21:26:32.337 V/locapi_rpc_glue( 1590): -loc_api_callback_process_sync_call, no sync call in use
04-04 21:26:32.337 D/RPC     ( 1590): written RPC packet size: [28]
04-04 21:26:32.337 D/RPC     ( 1590): read RPC packet
04-04 21:26:32.347 D/RPC     ( 1590): read RPC packet size: [272]
04-04 21:26:32.347 V/locapi_rpc_glue( 1590): Callback received: 4 (cb_id=0x6360000 handle=1)
04-04 21:26:32.347 V/locapi_rpc_glue( 1590): +loc_api_callback_process_sync_call
04-04 21:26:32.347 V/locapi_rpc_glue( 1590): -loc_api_callback_process_sync_call, no sync call in use
04-04 21:26:32.347 D/RPC     ( 1590): written RPC packet size: [28]
04-04 21:26:32.347 D/RPC     ( 1590): read RPC packet
04-04 21:26:32.347 D/RPC     ( 1590): read RPC packet size: [456]
04-04 21:26:32.347 V/locapi_rpc_glue( 1590): Callback received: 2 (cb_id=0x6360000 handle=1)
04-04 21:26:32.347 V/locapi_rpc_glue( 1590): +loc_api_callback_process_sync_call
04-04 21:26:32.347 V/locapi_rpc_glue( 1590): -loc_api_callback_process_sync_call, no sync call in use
04-04 21:26:32.347 D/lib_locapi( 1590): loc_eng_report_sv: valid_mask = 0x3f, num of sv = 9
04-04 21:26:32.347 D/RPC     ( 1590): written RPC packet size: [28]
04-04 21:26:32.347 D/RPC     ( 1590): read RPC packet
04-04 21:26:32.347 D/RPC     ( 1590): read RPC packet size: [208]
04-04 21:26:32.347 V/locapi_rpc_glue( 1590): Callback received: 1 (cb_id=0x6360000 handle=1)
04-04 21:26:32.347 V/locapi_rpc_glue( 1590): +loc_api_callback_process_sync_call
04-04 21:26:32.347 V/locapi_rpc_glue( 1590): -loc_api_callback_process_sync_call, no sync call in use
04-04 21:26:32.347 D/lib_locapi( 1590): loc_eng_report_position: valid mask = 0x69ffef, sess status = 0
04-04 21:26:32.347 D/RPC     ( 1590): written RPC packet size: [28]
04-04 21:26:32.357 D/RPC     ( 1590): read RPC packet
04-04 21:26:32.357 D/RPC     ( 1590): read RPC packet size: [80]
04-04 21:26:32.357 V/locapi_rpc_glue( 1590): Callback received: 100 (cb_id=0x6360000 handle=1)
04-04 21:26:32.357 V/locapi_rpc_glue( 1590): +loc_api_callback_process_sync_call
04-04 21:26:32.357 V/locapi_rpc_glue( 1590): -loc_api_callback_process_sync_call, no sync call in use
04-04 21:26:32.357 D/lib_locapi( 1590): [GPS:] loc_eng_report_status: GPS_STATUS_SESSION_END
04-04 21:26:32.357 D/RPC     ( 1590): written RPC packet size: [28]
04-04 21:26:32.357 D/AutoSetting( 1793): service - mLocationListener: onLocationChanged() location = Location[mProvider=gps,mTime=1396646792362,mInfo=-19.66393618333507.05931663,mAccuracy=13.0
04-04 21:26:32.357 D/AutoSetting( 1793): service - handleMessage() incoming message, what:1
04-04 21:26:32.357 D/AutoSetting( 1793): service - mLocationListener: onLocationChanged() location = Location[mProvider=gps,mTime=1396646792362,mInfo=-19.66393618333507.05931663,mAccuracy=13.0
04-04 21:26:32.367 D/AutoSetting( 1793): Util - no network available!
04-04 21:26:32.367 D/AutoSetting( 1793): service - handleMessage() not proceed
04-04 21:26:32.397 D/RPC     ( 1590): read RPC packet
04-04 21:26:32.397 D/RPC     ( 1590): read RPC packet size: [80]
04-04 21:26:32.397 V/locapi_rpc_glue( 1590): Callback received: 100 (cb_id=0x6360000 handle=1)
04-04 21:26:32.397 V/locapi_rpc_glue( 1590): +loc_api_callback_process_sync_call
04-04 21:26:32.397 V/locapi_rpc_glue( 1590): -loc_api_callback_process_sync_call, no sync call in use
04-04 21:26:32.397 D/lib_locapi( 1590): [GPS:] loc_eng_report_status: GPS_STATUS_SESSION_BEGIN
04-04 21:26:32.397 D/RPC     ( 1590): written RPC packet size: [28]
04-04 21:26:33.248 D/RPC     ( 1590): read RPC packet
04-04 21:26:33.248 D/RPC     ( 1590): read RPC packet size: [272]
04-04 21:26:33.248 V/locapi_rpc_glue( 1590): Callback received: 4 (cb_id=0x6360000 handle=1)
04-04 21:26:33.248 V/locapi_rpc_glue( 1590): +loc_api_callback_process_sync_call
04-04 21:26:33.248 V/locapi_rpc_glue( 1590): -loc_api_callback_process_sync_call, no sync call in use
04-04 21:26:33.248 D/RPC     ( 1590): written RPC packet size: [28]
04-04 21:26:33.248 D/RPC     ( 1590): read RPC packet
04-04 21:26:33.248 D/RPC     ( 1590): read RPC packet size: [272]
04-04 21:26:33.248 V/locapi_rpc_glue( 1590): Callback received: 4 (cb_id=0x6360000 handle=1)
04-04 21:26:33.258 V/locapi_rpc_glue( 1590): +loc_api_callback_process_sync_call
04-04 21:26:33.258 V/locapi_rpc_glue( 1590): -loc_api_callback_process_sync_call, no sync call in use
04-04 21:26:33.258 D/RPC     ( 1590): written RPC packet size: [28]
04-04 21:26:33.258 D/RPC     ( 1590): read RPC packet
04-04 21:26:33.258 D/RPC     ( 1590): read RPC packet size: [272]
04-04 21:26:33.258 V/locapi_rpc_glue( 1590): Callback received: 4 (cb_id=0x6360000 handle=1)
04-04 21:26:33.268 V/locapi_rpc_glue( 1590): +loc_api_callback_process_sync_call
04-04 21:26:33.268 V/locapi_rpc_glue( 1590): -loc_api_callback_process_sync_call, no sync call in use
04-04 21:26:33.268 D/RPC     ( 1590): written RPC packet size: [28]
04-04 21:26:33.268 D/RPC     ( 1590): read RPC packet
04-04 21:26:33.268 D/RPC     ( 1590): read RPC packet size: [456]
04-04 21:26:33.268 V/locapi_rpc_glue( 1590): Callback received: 2 (cb_id=0x6360000 handle=1)
04-04 21:26:33.268 V/locapi_rpc_glue( 1590): +loc_api_callback_process_sync_call
04-04 21:26:33.268 V/locapi_rpc_glue( 1590): -loc_api_callback_process_sync_call, no sync call in use
04-04 21:26:33.268 D/lib_locapi( 1590): loc_eng_report_sv: valid_mask = 0x30, num of sv = 9
04-04 21:26:33.278 D/GpsLocationProvider( 1590): reportSvStatus
04-04 21:26:33.278 V/GpsLocationProvider( 1590): SV count: 9 ephemerisMask: 51408000 almanacMask: 55509010
04-04 21:26:33.278 V/GpsLocationProvider( 1590): sv: 5 snr: 3.61 elev: 16.0 azimuth: 49.0   AU
04-04 21:26:33.278 V/GpsLocationProvider( 1590): sv: 13 snr: 3.0700002 elev: 14.0 azimuth: 326.0   AU
04-04 21:26:33.278 V/GpsLocationProvider( 1590): sv: 16 snr: 4.42 elev: 35.0 azimuth: 291.0 E AU
04-04 21:26:33.278 V/GpsLocationProvider( 1590): sv: 21 snr: 3.73 elev: 47.0 azimuth: 151.0   AU
04-04 21:26:33.278 V/GpsLocationProvider( 1590): sv: 23 snr: 2.8 elev: 11.0 azimuth: 293.0 E AU
04-04 21:26:33.278 V/GpsLocationProvider( 1590): sv: 25 snr: 2.34 elev: 13.0 azimuth: 120.0 E AU
04-04 21:26:33.288 D/RPC     ( 1590): written RPC packet size: [28]
04-04 21:26:33.288 V/GpsLocationProvider( 1590): sv: 27 snr: 2.65 elev: 10.0 azimuth: 247.0   AU
04-04 21:26:33.288 V/GpsLocationProvider( 1590): sv: 29 snr: 4.0099998 elev: 45.0 azimuth: 71.0 E AU
04-04 21:26:33.288 V/GpsLocationProvider( 1590): sv: 31 snr: 3.6 elev: 38.0 azimuth: 203.0 E AU
04-04 21:26:33.288 D/RPC     ( 1590): read RPC packet
04-04 21:26:33.288 D/RPC     ( 1590): read RPC packet size: [272]
04-04 21:26:33.298 V/locapi_rpc_glue( 1590): Callback received: 4 (cb_id=0x6360000 handle=1)
04-04 21:26:33.298 V/locapi_rpc_glue( 1590): +loc_api_callback_process_sync_call
04-04 21:26:33.298 V/locapi_rpc_glue( 1590): -loc_api_callback_process_sync_call, no sync call in use
04-04 21:26:33.298 D/RPC     ( 1590): written RPC packet size: [28]
04-04 21:26:33.298 D/RPC     ( 1590): read RPC packet
04-04 21:26:33.308 D/RPC     ( 1590): read RPC packet size: [272]
04-04 21:26:33.308 V/locapi_rpc_glue( 1590): Callback received: 4 (cb_id=0x6360000 handle=1)
04-04 21:26:33.308 V/locapi_rpc_glue( 1590): +loc_api_callback_process_sync_call
04-04 21:26:33.308 V/locapi_rpc_glue( 1590): -loc_api_callback_process_sync_call, no sync call in use
04-04 21:26:33.308 D/RPC     ( 1590): written RPC packet size: [28]
04-04 21:26:33.308 D/RPC     ( 1590): read RPC packet
04-04 21:26:33.308 D/RPC     ( 1590): read RPC packet size: [272]
04-04 21:26:33.308 V/locapi_rpc_glue( 1590): Callback received: 4 (cb_id=0x6360000 handle=1)
04-04 21:26:33.318 V/locapi_rpc_glue( 1590): +loc_api_callback_process_sync_call
04-04 21:26:33.318 V/locapi_rpc_glue( 1590): -loc_api_callback_process_sync_call, no sync call in use
04-04 21:26:33.318 D/RPC     ( 1590): written RPC packet size: [28]
04-04 21:26:33.318 D/RPC     ( 1590): read RPC packet
04-04 21:26:33.318 D/RPC     ( 1590): read RPC packet size: [272]
04-04 21:26:33.318 V/locapi_rpc_glue( 1590): Callback received: 4 (cb_id=0x6360000 handle=1)
04-04 21:26:33.328 V/locapi_rpc_glue( 1590): +loc_api_callback_process_sync_call
04-04 21:26:33.328 V/locapi_rpc_glue( 1590): -loc_api_callback_process_sync_call, no sync call in use
04-04 21:26:33.328 D/RPC     ( 1590): written RPC packet size: [28]
04-04 21:26:33.328 D/RPC     ( 1590): read RPC packet
04-04 21:26:33.328 D/RPC     ( 1590): read RPC packet size: [456]
04-04 21:26:33.328 V/locapi_rpc_glue( 1590): Callback received: 2 (cb_id=0x6360000 handle=1)
04-04 21:26:33.328 V/locapi_rpc_glue( 1590): +loc_api_callback_process_sync_call
04-04 21:26:33.328 V/locapi_rpc_glue( 1590): -loc_api_callback_process_sync_call, no sync call in use
04-04 21:26:33.338 D/lib_locapi( 1590): loc_eng_report_sv: valid_mask = 0x3f, num of sv = 9
04-04 21:26:33.338 D/RPC     ( 1590): written RPC packet size: [28]
04-04 21:26:33.338 D/RPC     ( 1590): read RPC packet
04-04 21:26:33.338 D/RPC     ( 1590): read RPC packet size: [208]
04-04 21:26:33.338 V/locapi_rpc_glue( 1590): Callback received: 1 (cb_id=0x6360000 handle=1)
04-04 21:26:33.338 V/locapi_rpc_glue( 1590): +loc_api_callback_process_sync_call
04-04 21:26:33.338 V/locapi_rpc_glue( 1590): -loc_api_callback_process_sync_call, no sync call in use
04-04 21:26:33.338 D/lib_locapi( 1590): loc_eng_report_position: valid mask = 0x69ffef, sess status = 0
04-04 21:26:33.348 D/RPC     ( 1590): written RPC packet size: [28]
04-04 21:26:33.348 D/RPC     ( 1590): read RPC packet
04-04 21:26:33.348 D/RPC     ( 1590): read RPC packet size: [80]
04-04 21:26:33.348 V/locapi_rpc_glue( 1590): Callback received: 100 (cb_id=0x6360000 handle=1)
04-04 21:26:33.348 V/locapi_rpc_glue( 1590): +loc_api_callback_process_sync_call
04-04 21:26:33.348 V/locapi_rpc_glue( 1590): -loc_api_callback_process_sync_call, no sync call in use
04-04 21:26:33.348 D/lib_locapi( 1590): [GPS:] loc_eng_report_status: GPS_STATUS_SESSION_END
04-04 21:26:33.358 D/RPC     ( 1590): written RPC packet size: [28]
04-04 21:26:33.368 D/AutoSetting( 1793): service - mLocationListener: onLocationChanged() location = Location[mProvider=gps,mTime=1396646793353,mInfo=-19.66380178333507.05949141,mAccuracy=11.0
04-04 21:26:33.368 D/AutoSetting( 1793): service - handleMessage() incoming message, what:1
04-04 21:26:33.378 D/AutoSetting( 1793): service - mLocationListener: onLocationChanged() location = Location[mProvider=gps,mTime=1396646793353,mInfo=-19.66380178333507.05949141,mAccuracy=11.0
04-04 21:26:33.378 D/AutoSetting( 1793): Util - no network available!
04-04 21:26:33.388 D/AutoSetting( 1793): service - handleMessage() not proceed
04-04 21:26:33.398 D/RPC     ( 1590): read RPC packet
04-04 21:26:33.398 D/RPC     ( 1590): read RPC packet size: [80]
04-04 21:26:33.398 V/locapi_rpc_glue( 1590): Callback received: 100 (cb_id=0x6360000 handle=1)
04-04 21:26:33.398 V/locapi_rpc_glue( 1590): +loc_api_callback_process_sync_call
04-04 21:26:33.398 V/locapi_rpc_glue( 1590): -loc_api_callback_process_sync_call, no sync call in use
04-04 21:26:33.398 D/lib_locapi( 1590): [GPS:] loc_eng_report_status: GPS_STATUS_SESSION_BEGIN
04-04 21:26:33.398 D/RPC     ( 1590): written RPC packet size: [28]
04-04 21:26:34.248 D/RPC     ( 1590): read RPC packet
04-04 21:26:34.248 D/RPC     ( 1590): read RPC packet size: [272]
04-04 21:26:34.248 V/locapi_rpc_glue( 1590): Callback received: 4 (cb_id=0x6360000 handle=1)
04-04 21:26:34.248 V/locapi_rpc_glue( 1590): +loc_api_callback_process_sync_call
04-04 21:26:34.248 V/locapi_rpc_glue( 1590): -loc_api_callback_process_sync_call, no sync call in use
04-04 21:26:34.248 D/RPC     ( 1590): written RPC packet size: [28]
04-04 21:26:34.248 D/RPC     ( 1590): read RPC packet
04-04 21:26:34.259 D/RPC     ( 1590): read RPC packet size: [272]
04-04 21:26:34.259 V/locapi_rpc_glue( 1590): Callback received: 4 (cb_id=0x6360000 handle=1)
04-04 21:26:34.259 V/locapi_rpc_glue( 1590): +loc_api_callback_process_sync_call
04-04 21:26:34.259 V/locapi_rpc_glue( 1590): -loc_api_callback_process_sync_call, no sync call in use
04-04 21:26:34.259 D/RPC     ( 1590): written RPC packet size: [28]
04-04 21:26:34.259 D/RPC     ( 1590): read RPC packet
04-04 21:26:34.269 D/RPC     ( 1590): read RPC packet size: [272]
04-04 21:26:34.269 V/locapi_rpc_glue( 1590): Callback received: 4 (cb_id=0x6360000 handle=1)
04-04 21:26:34.269 V/locapi_rpc_glue( 1590): +loc_api_callback_process_sync_call
04-04 21:26:34.269 V/locapi_rpc_glue( 1590): -loc_api_callback_process_sync_call, no sync call in use
04-04 21:26:34.269 D/RPC     ( 1590): written RPC packet size: [28]
04-04 21:26:34.269 D/RPC     ( 1590): read RPC packet
04-04 21:26:34.269 D/RPC     ( 1590): read RPC packet size: [456]
04-04 21:26:34.279 V/locapi_rpc_glue( 1590): Callback received: 2 (cb_id=0x6360000 handle=1)
04-04 21:26:34.279 V/locapi_rpc_glue( 1590): +loc_api_callback_process_sync_call
04-04 21:26:34.279 V/locapi_rpc_glue( 1590): -loc_api_callback_process_sync_call, no sync call in use
04-04 21:26:34.279 D/lib_locapi( 1590): loc_eng_report_sv: valid_mask = 0x30, num of sv = 9
04-04 21:26:34.279 D/GpsLocationProvider( 1590): reportSvStatus
04-04 21:26:34.279 V/GpsLocationProvider( 1590): SV count: 9 ephemerisMask: 51408000 almanacMask: 55509010
04-04 21:26:34.279 V/GpsLocationProvider( 1590): sv: 5 snr: 3.77 elev: 16.0 azimuth: 49.0   AU
04-04 21:26:34.289 V/GpsLocationProvider( 1590): sv: 13 snr: 3.48 elev: 14.0 azimuth: 326.0   AU
04-04 21:26:34.289 D/RPC     ( 1590): written RPC packet size: [28]
04-04 21:26:34.289 V/GpsLocationProvider( 1590): sv: 16 snr: 4.29 elev: 35.0 azimuth: 291.0 E AU
04-04 21:26:34.289 V/GpsLocationProvider( 1590): sv: 21 snr: 3.55 elev: 47.0 azimuth: 151.0   AU
04-04 21:26:34.289 V/GpsLocationProvider( 1590): sv: 23 snr: 2.85 elev: 11.0 azimuth: 293.0 E AU
04-04 21:26:34.289 V/GpsLocationProvider( 1590): sv: 25 snr: 2.79 elev: 13.0 azimuth: 120.0 E AU
04-04 21:26:34.289 V/GpsLocationProvider( 1590): sv: 27 snr: 2.5700002 elev: 10.0 azimuth: 247.0   AU
04-04 21:26:34.299 V/GpsLocationProvider( 1590): sv: 29 snr: 3.86 elev: 45.0 azimuth: 71.0 E AU
04-04 21:26:34.299 V/GpsLocationProvider( 1590): sv: 31 snr: 3.5400002 elev: 38.0 azimuth: 203.0 E AU
04-04 21:26:34.299 D/RPC     ( 1590): read RPC packet
04-04 21:26:34.299 D/RPC     ( 1590): read RPC packet size: [272]
04-04 21:26:34.299 V/locapi_rpc_glue( 1590): Callback received: 4 (cb_id=0x6360000 handle=1)
04-04 21:26:34.299 V/locapi_rpc_glue( 1590): +loc_api_callback_process_sync_call
04-04 21:26:34.309 V/locapi_rpc_glue( 1590): -loc_api_callback_process_sync_call, no sync call in use
04-04 21:26:34.309 D/RPC     ( 1590): written RPC packet size: [28]
04-04 21:26:34.309 D/RPC     ( 1590): read RPC packet
04-04 21:26:34.309 D/RPC     ( 1590): read RPC packet size: [272]
04-04 21:26:34.309 V/locapi_rpc_glue( 1590): Callback received: 4 (cb_id=0x6360000 handle=1)
04-04 21:26:34.309 V/locapi_rpc_glue( 1590): +loc_api_callback_process_sync_call
04-04 21:26:34.309 V/locapi_rpc_glue( 1590): -loc_api_callback_process_sync_call, no sync call in use
04-04 21:26:34.309 D/RPC     ( 1590): written RPC packet size: [28]
04-04 21:26:34.319 D/RPC     ( 1590): read RPC packet
04-04 21:26:34.319 D/RPC     ( 1590): read RPC packet size: [272]
04-04 21:26:34.319 V/locapi_rpc_glue( 1590): Callback received: 4 (cb_id=0x6360000 handle=1)
04-04 21:26:34.319 V/locapi_rpc_glue( 1590): +loc_api_callback_process_sync_call
04-04 21:26:34.319 V/locapi_rpc_glue( 1590): -loc_api_callback_process_sync_call, no sync call in use
04-04 21:26:34.319 D/RPC     ( 1590): written RPC packet size: [28]
04-04 21:26:34.319 D/RPC     ( 1590): read RPC packet
04-04 21:26:34.329 D/RPC     ( 1590): read RPC packet size: [272]
04-04 21:26:34.329 V/locapi_rpc_glue( 1590): Callback received: 4 (cb_id=0x6360000 handle=1)
04-04 21:26:34.329 V/locapi_rpc_glue( 1590): +loc_api_callback_process_sync_call
04-04 21:26:34.329 V/locapi_rpc_glue( 1590): -loc_api_callback_process_sync_call, no sync call in use
04-04 21:26:34.329 D/RPC     ( 1590): written RPC packet size: [28]
04-04 21:26:34.329 D/RPC     ( 1590): read RPC packet
04-04 21:26:34.329 D/RPC     ( 1590): read RPC packet size: [456]
04-04 21:26:34.339 V/locapi_rpc_glue( 1590): Callback received: 2 (cb_id=0x6360000 handle=1)
04-04 21:26:34.339 V/locapi_rpc_glue( 1590): +loc_api_callback_process_sync_call
04-04 21:26:34.339 V/locapi_rpc_glue( 1590): -loc_api_callback_process_sync_call, no sync call in use
04-04 21:26:34.339 D/lib_locapi( 1590): loc_eng_report_sv: valid_mask = 0x3f, num of sv = 9
04-04 21:26:34.339 D/RPC     ( 1590): written RPC packet size: [28]
04-04 21:26:34.339 D/RPC     ( 1590): read RPC packet
04-04 21:26:34.339 D/RPC     ( 1590): read RPC packet size: [208]
04-04 21:26:34.339 V/locapi_rpc_glue( 1590): Callback received: 1 (cb_id=0x6360000 handle=1)
04-04 21:26:34.339 V/locapi_rpc_glue( 1590): +loc_api_callback_process_sync_call
04-04 21:26:34.339 V/locapi_rpc_glue( 1590): -loc_api_callback_process_sync_call, no sync call in use
04-04 21:26:34.339 D/lib_locapi( 1590): loc_eng_report_position: valid mask = 0x69ffef, sess status = 0
04-04 21:26:34.339 D/RPC     ( 1590): written RPC packet size: [28]
04-04 21:26:34.349 D/RPC     ( 1590): read RPC packet
04-04 21:26:34.349 D/RPC     ( 1590): read RPC packet size: [80]
04-04 21:26:34.349 V/locapi_rpc_glue( 1590): Callback received: 100 (cb_id=0x6360000 handle=1)
04-04 21:26:34.349 V/locapi_rpc_glue( 1590): +loc_api_callback_process_sync_call
04-04 21:26:34.349 V/locapi_rpc_glue( 1590): -loc_api_callback_process_sync_call, no sync call in use
04-04 21:26:34.349 D/lib_locapi( 1590): [GPS:] loc_eng_report_status: GPS_STATUS_SESSION_END
04-04 21:26:34.349 D/RPC     ( 1590): written RPC packet size: [28]
04-04 21:26:34.349 D/AutoSetting( 1793): service - mLocationListener: onLocationChanged() location = Location[mProvider=gps,mTime=1396646794351,mInfo=-19.66367263333507.05976015,mAccuracy=10.0
04-04 21:26:34.349 D/AutoSetting( 1793): service - handleMessage() incoming message, what:1
04-04 21:26:34.359 D/AutoSetting( 1793): service - mLocationListener: onLocationChanged() location = Location[mProvider=gps,mTime=1396646794351,mInfo=-19.66367263333507.05976015,mAccuracy=10.0
04-04 21:26:34.359 D/AutoSetting( 1793): Util - no network available!
04-04 21:26:34.359 D/AutoSetting( 1793): service - handleMessage() not proceed
04-04 21:26:34.399 D/RPC     ( 1590): read RPC packet
04-04 21:26:34.399 D/RPC     ( 1590): read RPC packet size: [80]
04-04 21:26:34.399 V/locapi_rpc_glue( 1590): Callback received: 100 (cb_id=0x6360000 handle=1)
04-04 21:26:34.399 V/locapi_rpc_glue( 1590): +loc_api_callback_process_sync_call
04-04 21:26:34.399 V/locapi_rpc_glue( 1590): -loc_api_callback_process_sync_call, no sync call in use
04-04 21:26:34.399 D/lib_locapi( 1590): [GPS:] loc_eng_report_status: GPS_STATUS_SESSION_BEGIN
04-04 21:26:34.399 D/RPC     ( 1590): written RPC packet size: [28]
04-04 21:26:35.249 D/RPC     ( 1590): read RPC packet
04-04 21:26:35.249 D/RPC     ( 1590): read RPC packet size: [272]
04-04 21:26:35.249 V/locapi_rpc_glue( 1590): Callback received: 4 (cb_id=0x6360000 handle=1)
04-04 21:26:35.249 V/locapi_rpc_glue( 1590): +loc_api_callback_process_sync_call
04-04 21:26:35.249 V/locapi_rpc_glue( 1590): -loc_api_callback_process_sync_call, no sync call in use
04-04 21:26:35.249 D/RPC     ( 1590): written RPC packet size: [28]
04-04 21:26:35.249 D/RPC     ( 1590): read RPC packet
04-04 21:26:35.259 D/RPC     ( 1590): read RPC packet size: [272]
04-04 21:26:35.259 V/locapi_rpc_glue( 1590): Callback received: 4 (cb_id=0x6360000 handle=1)
04-04 21:26:35.259 V/locapi_rpc_glue( 1590): +loc_api_callback_process_sync_call
04-04 21:26:35.259 V/locapi_rpc_glue( 1590): -loc_api_callback_process_sync_call, no sync call in use
04-04 21:26:35.259 D/RPC     ( 1590): written RPC packet size: [28]
04-04 21:26:35.259 D/RPC     ( 1590): read RPC packet
04-04 21:26:35.259 D/RPC     ( 1590): read RPC packet size: [272]
04-04 21:26:35.269 V/locapi_rpc_glue( 1590): Callback received: 4 (cb_id=0x6360000 handle=1)
04-04 21:26:35.269 V/locapi_rpc_glue( 1590): +loc_api_callback_process_sync_call
04-04 21:26:35.269 V/locapi_rpc_glue( 1590): -loc_api_callback_process_sync_call, no sync call in use
04-04 21:26:35.269 D/RPC     ( 1590): written RPC packet size: [28]
04-04 21:26:35.269 D/RPC     ( 1590): read RPC packet
04-04 21:26:35.269 D/RPC     ( 1590): read RPC packet size: [456]
04-04 21:26:35.269 V/locapi_rpc_glue( 1590): Callback received: 2 (cb_id=0x6360000 handle=1)
04-04 21:26:35.269 V/locapi_rpc_glue( 1590): +loc_api_callback_process_sync_call
04-04 21:26:35.279 V/locapi_rpc_glue( 1590): -loc_api_callback_process_sync_call, no sync call in use
04-04 21:26:35.279 D/lib_locapi( 1590): loc_eng_report_sv: valid_mask = 0x30, num of sv = 9
04-04 21:26:35.279 D/GpsLocationProvider( 1590): reportSvStatus
04-04 21:26:35.279 V/GpsLocationProvider( 1590): SV count: 9 ephemerisMask: 51408000 almanacMask: 55509010
04-04 21:26:35.279 V/GpsLocationProvider( 1590): sv: 5 snr: 3.89 elev: 16.0 azimuth: 49.0   AU
04-04 21:26:35.279 V/GpsLocationProvider( 1590): sv: 13 snr: 3.69 elev: 14.0 azimuth: 326.0   AU
04-04 21:26:35.279 V/GpsLocationProvider( 1590): sv: 16 snr: 4.32 elev: 35.0 azimuth: 291.0 E AU
04-04 21:26:35.290 V/GpsLocationProvider( 1590): sv: 21 snr: 3.42 elev: 47.0 azimuth: 151.0   AU
04-04 21:26:35.290 D/RPC     ( 1590): written RPC packet size: [28]
04-04 21:26:35.290 V/GpsLocationProvider( 1590): sv: 23 snr: 2.65 elev: 11.0 azimuth: 293.0 E AU
04-04 21:26:35.290 I/System.out( 2566): Location: -2.80909609 56.33997335 | GPSNavigator running:true
04-04 21:26:35.290 I/System.out( 2566): Battery level: 99 | Time difference: -1
04-04 21:26:35.300 V/GpsLocationProvider( 1590): sv: 25 snr: 2.6399999 elev: 13.0 azimuth: 120.0 E AU
04-04 21:26:35.300 V/GpsLocationProvider( 1590): sv: 27 snr: 2.9 elev: 10.0 azimuth: 247.0   AU
04-04 21:26:35.310 V/GpsLocationProvider( 1590): sv: 29 snr: 3.78 elev: 45.0 azimuth: 71.0 E AU
04-04 21:26:35.320 V/GpsLocationProvider( 1590): sv: 31 snr: 3.27 elev: 38.0 azimuth: 203.0 E AU
04-04 21:26:35.330 D/RPC     ( 1590): read RPC packet
04-04 21:26:35.330 D/RPC     ( 1590): read RPC packet size: [272]
04-04 21:26:35.330 V/locapi_rpc_glue( 1590): Callback received: 4 (cb_id=0x6360000 handle=1)
04-04 21:26:35.330 V/locapi_rpc_glue( 1590): +loc_api_callback_process_sync_call
04-04 21:26:35.330 V/locapi_rpc_glue( 1590): -loc_api_callback_process_sync_call, no sync call in use
04-04 21:26:35.340 D/RPC     ( 1590): written RPC packet size: [28]
04-04 21:26:35.340 D/RPC     ( 1590): read RPC packet
04-04 21:26:35.340 D/RPC     ( 1590): read RPC packet size: [272]
04-04 21:26:35.340 V/locapi_rpc_glue( 1590): Callback received: 4 (cb_id=0x6360000 handle=1)
04-04 21:26:35.340 V/locapi_rpc_glue( 1590): +loc_api_callback_process_sync_call
04-04 21:26:35.340 V/locapi_rpc_glue( 1590): -loc_api_callback_process_sync_call, no sync call in use
04-04 21:26:35.340 D/RPC     ( 1590): written RPC packet size: [28]
04-04 21:26:35.340 D/RPC     ( 1590): read RPC packet
04-04 21:26:35.340 D/RPC     ( 1590): read RPC packet size: [272]
04-04 21:26:35.340 V/locapi_rpc_glue( 1590): Callback received: 4 (cb_id=0x6360000 handle=1)
04-04 21:26:35.340 V/locapi_rpc_glue( 1590): +loc_api_callback_process_sync_call
04-04 21:26:35.340 V/locapi_rpc_glue( 1590): -loc_api_callback_process_sync_call, no sync call in use
04-04 21:26:35.340 D/RPC     ( 1590): written RPC packet size: [28]
04-04 21:26:35.350 D/RPC     ( 1590): read RPC packet
04-04 21:26:35.350 D/RPC     ( 1590): read RPC packet size: [272]
04-04 21:26:35.350 V/locapi_rpc_glue( 1590): Callback received: 4 (cb_id=0x6360000 handle=1)
04-04 21:26:35.350 V/locapi_rpc_glue( 1590): +loc_api_callback_process_sync_call
04-04 21:26:35.350 V/locapi_rpc_glue( 1590): -loc_api_callback_process_sync_call, no sync call in use
04-04 21:26:35.350 D/RPC     ( 1590): written RPC packet size: [28]
04-04 21:26:35.350 D/RPC     ( 1590): read RPC packet
04-04 21:26:35.350 D/RPC     ( 1590): read RPC packet size: [456]
04-04 21:26:35.350 V/locapi_rpc_glue( 1590): Callback received: 2 (cb_id=0x6360000 handle=1)
04-04 21:26:35.350 V/locapi_rpc_glue( 1590): +loc_api_callback_process_sync_call
04-04 21:26:35.350 V/locapi_rpc_glue( 1590): -loc_api_callback_process_sync_call, no sync call in use
04-04 21:26:35.350 D/lib_locapi( 1590): loc_eng_report_sv: valid_mask = 0x3f, num of sv = 9
04-04 21:26:35.350 D/RPC     ( 1590): written RPC packet size: [28]
04-04 21:26:35.350 D/RPC     ( 1590): read RPC packet
04-04 21:26:35.350 D/RPC     ( 1590): read RPC packet size: [208]
04-04 21:26:35.350 V/locapi_rpc_glue( 1590): Callback received: 1 (cb_id=0x6360000 handle=1)
04-04 21:26:35.360 V/locapi_rpc_glue( 1590): +loc_api_callback_process_sync_call
04-04 21:26:35.360 V/locapi_rpc_glue( 1590): -loc_api_callback_process_sync_call, no sync call in use
04-04 21:26:35.360 D/lib_locapi( 1590): loc_eng_report_position: valid mask = 0x69ffef, sess status = 0
04-04 21:26:35.360 D/RPC     ( 1590): written RPC packet size: [28]
04-04 21:26:35.360 D/RPC     ( 1590): read RPC packet
04-04 21:26:35.360 D/RPC     ( 1590): read RPC packet size: [80]
04-04 21:26:35.360 V/locapi_rpc_glue( 1590): Callback received: 100 (cb_id=0x6360000 handle=1)
04-04 21:26:35.360 V/locapi_rpc_glue( 1590): +loc_api_callback_process_sync_call
04-04 21:26:35.360 V/locapi_rpc_glue( 1590): -loc_api_callback_process_sync_call, no sync call in use
04-04 21:26:35.360 D/lib_locapi( 1590): [GPS:] loc_eng_report_status: GPS_STATUS_SESSION_END
04-04 21:26:35.360 D/RPC     ( 1590): written RPC packet size: [28]
04-04 21:26:35.360 D/AutoSetting( 1793): service - mLocationListener: onLocationChanged() location = Location[mProvider=gps,mTime=1396646795365,mInfo=-19.66350862333507.05987832,mAccuracy=10.0
04-04 21:26:35.370 D/AutoSetting( 1793): service - handleMessage() incoming message, what:1
04-04 21:26:35.370 D/AutoSetting( 1793): service - mLocationListener: onLocationChanged() location = Location[mProvider=gps,mTime=1396646795365,mInfo=-19.66350862333507.05987832,mAccuracy=10.0
04-04 21:26:35.370 D/AutoSetting( 1793): Util - no network available!
04-04 21:26:35.370 D/AutoSetting( 1793): service - handleMessage() not proceed
04-04 21:26:35.400 D/RPC     ( 1590): read RPC packet
04-04 21:26:35.400 D/RPC     ( 1590): read RPC packet size: [80]
04-04 21:26:35.400 V/locapi_rpc_glue( 1590): Callback received: 100 (cb_id=0x6360000 handle=1)
04-04 21:26:35.400 V/locapi_rpc_glue( 1590): +loc_api_callback_process_sync_call
04-04 21:26:35.400 V/locapi_rpc_glue( 1590): -loc_api_callback_process_sync_call, no sync call in use
04-04 21:26:35.400 D/lib_locapi( 1590): [GPS:] loc_eng_report_status: GPS_STATUS_SESSION_BEGIN
04-04 21:26:35.400 D/RPC     ( 1590): written RPC packet size: [28]
04-04 21:26:35.530 I/ActivityManager( 1590): Start to apply OOP
04-04 21:26:36.250 D/RPC     ( 1590): read RPC packet
04-04 21:26:36.250 D/RPC     ( 1590): read RPC packet size: [272]
04-04 21:26:36.260 V/locapi_rpc_glue( 1590): Callback received: 4 (cb_id=0x6360000 handle=1)
04-04 21:26:36.260 V/locapi_rpc_glue( 1590): +loc_api_callback_process_sync_call
04-04 21:26:36.260 V/locapi_rpc_glue( 1590): -loc_api_callback_process_sync_call, no sync call in use
04-04 21:26:36.260 D/RPC     ( 1590): written RPC packet size: [28]
04-04 21:26:36.260 D/RPC     ( 1590): read RPC packet
04-04 21:26:36.260 D/RPC     ( 1590): read RPC packet size: [272]
04-04 21:26:36.260 V/locapi_rpc_glue( 1590): Callback received: 4 (cb_id=0x6360000 handle=1)
04-04 21:26:36.260 V/locapi_rpc_glue( 1590): +loc_api_callback_process_sync_call
04-04 21:26:36.260 V/locapi_rpc_glue( 1590): -loc_api_callback_process_sync_call, no sync call in use
04-04 21:26:36.260 D/RPC     ( 1590): written RPC packet size: [28]
04-04 21:26:36.270 D/RPC     ( 1590): read RPC packet
04-04 21:26:36.270 D/RPC     ( 1590): read RPC packet size: [272]
04-04 21:26:36.270 V/locapi_rpc_glue( 1590): Callback received: 4 (cb_id=0x6360000 handle=1)
04-04 21:26:36.280 V/locapi_rpc_glue( 1590): +loc_api_callback_process_sync_call
04-04 21:26:36.280 V/locapi_rpc_glue( 1590): -loc_api_callback_process_sync_call, no sync call in use
04-04 21:26:36.280 D/RPC     ( 1590): written RPC packet size: [28]
04-04 21:26:36.280 D/RPC     ( 1590): read RPC packet
04-04 21:26:36.280 D/RPC     ( 1590): read RPC packet size: [456]
04-04 21:26:36.280 V/locapi_rpc_glue( 1590): Callback received: 2 (cb_id=0x6360000 handle=1)
04-04 21:26:36.280 V/locapi_rpc_glue( 1590): +loc_api_callback_process_sync_call
04-04 21:26:36.280 V/locapi_rpc_glue( 1590): -loc_api_callback_process_sync_call, no sync call in use
04-04 21:26:36.280 D/lib_locapi( 1590): loc_eng_report_sv: valid_mask = 0x30, num of sv = 9
04-04 21:26:36.280 D/GpsLocationProvider( 1590): reportSvStatus
04-04 21:26:36.280 V/GpsLocationProvider( 1590): SV count: 9 ephemerisMask: 51408000 almanacMask: 55509010
04-04 21:26:36.280 V/GpsLocationProvider( 1590): sv: 5 snr: 3.67 elev: 16.0 azimuth: 49.0   AU
04-04 21:26:36.280 V/GpsLocationProvider( 1590): sv: 13 snr: 3.85 elev: 14.0 azimuth: 326.0   AU
04-04 21:26:36.280 V/GpsLocationProvider( 1590): sv: 16 snr: 4.42 elev: 35.0 azimuth: 291.0 E AU
04-04 21:26:36.290 V/GpsLocationProvider( 1590): sv: 21 snr: 3.2400002 elev: 47.0 azimuth: 151.0   AU
04-04 21:26:36.290 V/GpsLocationProvider( 1590): sv: 23 snr: 2.51 elev: 11.0 azimuth: 293.0 E AU
04-04 21:26:36.290 D/RPC     ( 1590): written RPC packet size: [28]
04-04 21:26:36.290 V/GpsLocationProvider( 1590): sv: 25 snr: 2.65 elev: 13.0 azimuth: 120.0 E AU
04-04 21:26:36.290 V/GpsLocationProvider( 1590): sv: 27 snr: 2.35 elev: 10.0 azimuth: 247.0   AU
04-04 21:26:36.290 V/GpsLocationProvider( 1590): sv: 29 snr: 3.7900002 elev: 45.0 azimuth: 71.0 E AU
04-04 21:26:36.290 V/GpsLocationProvider( 1590): sv: 31 snr: 3.09 elev: 38.0 azimuth: 203.0 E AU
04-04 21:26:36.290 D/RPC     ( 1590): read RPC packet
04-04 21:26:36.300 D/RPC     ( 1590): read RPC packet size: [272]
04-04 21:26:36.300 V/locapi_rpc_glue( 1590): Callback received: 4 (cb_id=0x6360000 handle=1)
04-04 21:26:36.300 V/locapi_rpc_glue( 1590): +loc_api_callback_process_sync_call
04-04 21:26:36.300 V/locapi_rpc_glue( 1590): -loc_api_callback_process_sync_call, no sync call in use
04-04 21:26:36.300 D/RPC     ( 1590): written RPC packet size: [28]
04-04 21:26:36.300 D/RPC     ( 1590): read RPC packet
04-04 21:26:36.300 D/RPC     ( 1590): read RPC packet size: [272]
04-04 21:26:36.300 V/locapi_rpc_glue( 1590): Callback received: 4 (cb_id=0x6360000 handle=1)
04-04 21:26:36.300 V/locapi_rpc_glue( 1590): +loc_api_callback_process_sync_call
04-04 21:26:36.300 V/locapi_rpc_glue( 1590): -loc_api_callback_process_sync_call, no sync call in use
04-04 21:26:36.300 D/RPC     ( 1590): written RPC packet size: [28]
04-04 21:26:36.300 D/RPC     ( 1590): read RPC packet
04-04 21:26:36.300 D/RPC     ( 1590): read RPC packet size: [272]
04-04 21:26:36.300 V/locapi_rpc_glue( 1590): Callback received: 4 (cb_id=0x6360000 handle=1)
04-04 21:26:36.300 V/locapi_rpc_glue( 1590): +loc_api_callback_process_sync_call
04-04 21:26:36.300 V/locapi_rpc_glue( 1590): -loc_api_callback_process_sync_call, no sync call in use
04-04 21:26:36.311 D/RPC     ( 1590): written RPC packet size: [28]
04-04 21:26:36.311 D/RPC     ( 1590): read RPC packet
04-04 21:26:36.311 D/RPC     ( 1590): read RPC packet size: [272]
04-04 21:26:36.311 V/locapi_rpc_glue( 1590): Callback received: 4 (cb_id=0x6360000 handle=1)
04-04 21:26:36.311 V/locapi_rpc_glue( 1590): +loc_api_callback_process_sync_call
04-04 21:26:36.311 V/locapi_rpc_glue( 1590): -loc_api_callback_process_sync_call, no sync call in use
04-04 21:26:36.311 D/RPC     ( 1590): written RPC packet size: [28]
04-04 21:26:36.311 D/RPC     ( 1590): read RPC packet
04-04 21:26:36.311 D/RPC     ( 1590): read RPC packet size: [456]
04-04 21:26:36.311 V/locapi_rpc_glue( 1590): Callback received: 2 (cb_id=0x6360000 handle=1)
04-04 21:26:36.311 V/locapi_rpc_glue( 1590): +loc_api_callback_process_sync_call
04-04 21:26:36.311 V/locapi_rpc_glue( 1590): -loc_api_callback_process_sync_call, no sync call in use
04-04 21:26:36.311 D/lib_locapi( 1590): loc_eng_report_sv: valid_mask = 0x3f, num of sv = 9
04-04 21:26:36.311 D/RPC     ( 1590): written RPC packet size: [28]
04-04 21:26:36.311 D/RPC     ( 1590): read RPC packet
04-04 21:26:36.321 D/RPC     ( 1590): read RPC packet size: [208]
04-04 21:26:36.321 V/locapi_rpc_glue( 1590): Callback received: 1 (cb_id=0x6360000 handle=1)
04-04 21:26:36.321 V/locapi_rpc_glue( 1590): +loc_api_callback_process_sync_call
04-04 21:26:36.321 V/locapi_rpc_glue( 1590): -loc_api_callback_process_sync_call, no sync call in use
04-04 21:26:36.321 D/lib_locapi( 1590): loc_eng_report_position: valid mask = 0x69ffef, sess status = 0
04-04 21:26:36.321 D/RPC     ( 1590): written RPC packet size: [28]
04-04 21:26:36.331 D/RPC     ( 1590): read RPC packet
04-04 21:26:36.331 D/RPC     ( 1590): read RPC packet size: [80]
04-04 21:26:36.331 V/locapi_rpc_glue( 1590): Callback received: 100 (cb_id=0x6360000 handle=1)
04-04 21:26:36.331 V/locapi_rpc_glue( 1590): +loc_api_callback_process_sync_call
04-04 21:26:36.331 V/locapi_rpc_glue( 1590): -loc_api_callback_process_sync_call, no sync call in use
04-04 21:26:36.331 D/lib_locapi( 1590): [GPS:] loc_eng_report_status: GPS_STATUS_SESSION_END
04-04 21:26:36.331 D/RPC     ( 1590): written RPC packet size: [28]
04-04 21:26:36.331 D/AutoSetting( 1793): service - mLocationListener: onLocationChanged() location = Location[mProvider=gps,mTime=1396646796327,mInfo=-19.66340026333507.05996912999996,mAccuracy=8.0
04-04 21:26:36.341 D/AutoSetting( 1793): service - handleMessage() incoming message, what:1
04-04 21:26:36.341 D/AutoSetting( 1793): service - mLocationListener: onLocationChanged() location = Location[mProvider=gps,mTime=1396646796327,mInfo=-19.66340026333507.05996912999996,mAccuracy=8.0
04-04 21:26:36.371 D/AutoSetting( 1793): Util - no network available!
04-04 21:26:36.381 D/AutoSetting( 1793): service - handleMessage() not proceed
04-04 21:26:36.401 D/RPC     ( 1590): read RPC packet
04-04 21:26:36.401 D/RPC     ( 1590): read RPC packet size: [80]
04-04 21:26:36.401 V/locapi_rpc_glue( 1590): Callback received: 100 (cb_id=0x6360000 handle=1)
04-04 21:26:36.401 V/locapi_rpc_glue( 1590): +loc_api_callback_process_sync_call
04-04 21:26:36.401 V/locapi_rpc_glue( 1590): -loc_api_callback_process_sync_call, no sync call in use
04-04 21:26:36.401 D/lib_locapi( 1590): [GPS:] loc_eng_report_status: GPS_STATUS_SESSION_BEGIN
04-04 21:26:36.401 D/RPC     ( 1590): written RPC packet size: [28]
04-04 21:26:36.721 D/SurfaceFlinger( 1441): virtual void android::Layer::onRemoved(): lcblk (identity=19, status=0, token=1)
04-04 21:26:37.241 D/RPC     ( 1590): read RPC packet
04-04 21:26:37.251 D/RPC     ( 1590): read RPC packet size: [272]
04-04 21:26:37.251 V/locapi_rpc_glue( 1590): Callback received: 4 (cb_id=0x6360000 handle=1)
04-04 21:26:37.251 V/locapi_rpc_glue( 1590): +loc_api_callback_process_sync_call
04-04 21:26:37.251 V/locapi_rpc_glue( 1590): -loc_api_callback_process_sync_call, no sync call in use
04-04 21:26:37.251 D/RPC     ( 1590): written RPC packet size: [28]
04-04 21:26:37.251 D/RPC     ( 1590): read RPC packet
04-04 21:26:37.251 D/RPC     ( 1590): read RPC packet size: [272]
04-04 21:26:37.251 V/locapi_rpc_glue( 1590): Callback received: 4 (cb_id=0x6360000 handle=1)
04-04 21:26:37.251 V/locapi_rpc_glue( 1590): +loc_api_callback_process_sync_call
04-04 21:26:37.261 V/locapi_rpc_glue( 1590): -loc_api_callback_process_sync_call, no sync call in use
04-04 21:26:37.261 D/RPC     ( 1590): written RPC packet size: [28]
04-04 21:26:37.261 D/RPC     ( 1590): read RPC packet
04-04 21:26:37.261 D/RPC     ( 1590): read RPC packet size: [272]
04-04 21:26:37.261 V/locapi_rpc_glue( 1590): Callback received: 4 (cb_id=0x6360000 handle=1)
04-04 21:26:37.261 V/locapi_rpc_glue( 1590): +loc_api_callback_process_sync_call
04-04 21:26:37.261 V/locapi_rpc_glue( 1590): -loc_api_callback_process_sync_call, no sync call in use
04-04 21:26:37.261 D/RPC     ( 1590): written RPC packet size: [28]
04-04 21:26:37.261 D/RPC     ( 1590): read RPC packet
04-04 21:26:37.261 D/RPC     ( 1590): read RPC packet size: [456]
04-04 21:26:37.261 V/locapi_rpc_glue( 1590): Callback received: 2 (cb_id=0x6360000 handle=1)
04-04 21:26:37.261 V/locapi_rpc_glue( 1590): +loc_api_callback_process_sync_call
04-04 21:26:37.261 V/locapi_rpc_glue( 1590): -loc_api_callback_process_sync_call, no sync call in use
04-04 21:26:37.261 D/lib_locapi( 1590): loc_eng_report_sv: valid_mask = 0x30, num of sv = 9
04-04 21:26:37.271 D/GpsLocationProvider( 1590): reportSvStatus
04-04 21:26:37.271 V/GpsLocationProvider( 1590): SV count: 9 ephemerisMask: 51408000 almanacMask: 55509010
04-04 21:26:37.271 V/GpsLocationProvider( 1590): sv: 5 snr: 3.72 elev: 16.0 azimuth: 49.0   AU
04-04 21:26:37.271 V/GpsLocationProvider( 1590): sv: 13 snr: 4.05 elev: 14.0 azimuth: 326.0   AU
04-04 21:26:37.271 V/GpsLocationProvider( 1590): sv: 16 snr: 4.5299997 elev: 35.0 azimuth: 291.0 E AU
04-04 21:26:37.271 V/GpsLocationProvider( 1590): sv: 21 snr: 3.33 elev: 47.0 azimuth: 151.0   AU
04-04 21:26:37.271 D/RPC     ( 1590): written RPC packet size: [28]
04-04 21:26:37.271 V/GpsLocationProvider( 1590): sv: 23 snr: 2.52 elev: 11.0 azimuth: 293.0 E AU
04-04 21:26:37.271 V/GpsLocationProvider( 1590): sv: 25 snr: 2.25 elev: 13.0 azimuth: 120.0 E AU
04-04 21:26:37.281 V/GpsLocationProvider( 1590): sv: 27 snr: 2.33 elev: 10.0 azimuth: 247.0   AU
04-04 21:26:37.281 V/GpsLocationProvider( 1590): sv: 29 snr: 3.8700001 elev: 45.0 azimuth: 71.0 E AU
04-04 21:26:37.281 V/GpsLocationProvider( 1590): sv: 31 snr: 3.1100001 elev: 38.0 azimuth: 203.0 E AU
04-04 21:26:37.281 D/RPC     ( 1590): read RPC packet
04-04 21:26:37.281 D/RPC     ( 1590): read RPC packet size: [272]
04-04 21:26:37.281 V/locapi_rpc_glue( 1590): Callback received: 4 (cb_id=0x6360000 handle=1)
04-04 21:26:37.281 V/locapi_rpc_glue( 1590): +loc_api_callback_process_sync_call
04-04 21:26:37.281 V/locapi_rpc_glue( 1590): -loc_api_callback_process_sync_call, no sync call in use
04-04 21:26:37.281 D/RPC     ( 1590): written RPC packet size: [28]
04-04 21:26:37.281 D/RPC     ( 1590): read RPC packet
04-04 21:26:37.281 D/RPC     ( 1590): read RPC packet size: [272]
04-04 21:26:37.281 V/locapi_rpc_glue( 1590): Callback received: 4 (cb_id=0x6360000 handle=1)
04-04 21:26:37.281 V/locapi_rpc_glue( 1590): +loc_api_callback_process_sync_call
04-04 21:26:37.281 V/locapi_rpc_glue( 1590): -loc_api_callback_process_sync_call, no sync call in use
04-04 21:26:37.291 D/RPC     ( 1590): written RPC packet size: [28]
04-04 21:26:37.291 D/RPC     ( 1590): read RPC packet
04-04 21:26:37.291 D/RPC     ( 1590): read RPC packet size: [272]
04-04 21:26:37.291 V/locapi_rpc_glue( 1590): Callback received: 4 (cb_id=0x6360000 handle=1)
04-04 21:26:37.291 V/locapi_rpc_glue( 1590): +loc_api_callback_process_sync_call
04-04 21:26:37.291 V/locapi_rpc_glue( 1590): -loc_api_callback_process_sync_call, no sync call in use
04-04 21:26:37.291 D/RPC     ( 1590): written RPC packet size: [28]
04-04 21:26:37.291 D/RPC     ( 1590): read RPC packet
04-04 21:26:37.291 D/RPC     ( 1590): read RPC packet size: [272]
04-04 21:26:37.291 V/locapi_rpc_glue( 1590): Callback received: 4 (cb_id=0x6360000 handle=1)
04-04 21:26:37.291 V/locapi_rpc_glue( 1590): +loc_api_callback_process_sync_call
04-04 21:26:37.291 V/locapi_rpc_glue( 1590): -loc_api_callback_process_sync_call, no sync call in use
04-04 21:26:37.291 D/RPC     ( 1590): written RPC packet size: [28]
04-04 21:26:37.291 D/RPC     ( 1590): read RPC packet
04-04 21:26:37.301 D/RPC     ( 1590): read RPC packet size: [456]
04-04 21:26:37.301 V/locapi_rpc_glue( 1590): Callback received: 2 (cb_id=0x6360000 handle=1)
04-04 21:26:37.301 V/locapi_rpc_glue( 1590): +loc_api_callback_process_sync_call
04-04 21:26:37.301 V/locapi_rpc_glue( 1590): -loc_api_callback_process_sync_call, no sync call in use
04-04 21:26:37.301 D/lib_locapi( 1590): loc_eng_report_sv: valid_mask = 0x3f, num of sv = 9
04-04 21:26:37.301 D/RPC     ( 1590): written RPC packet size: [28]
04-04 21:26:37.301 D/RPC     ( 1590): read RPC packet
04-04 21:26:37.301 D/RPC     ( 1590): read RPC packet size: [208]
04-04 21:26:37.301 V/locapi_rpc_glue( 1590): Callback received: 1 (cb_id=0x6360000 handle=1)
04-04 21:26:37.301 V/locapi_rpc_glue( 1590): +loc_api_callback_process_sync_call
04-04 21:26:37.301 V/locapi_rpc_glue( 1590): -loc_api_callback_process_sync_call, no sync call in use
04-04 21:26:37.311 D/lib_locapi( 1590): loc_eng_report_position: valid mask = 0x69ffef, sess status = 0
04-04 21:26:37.311 D/RPC     ( 1590): written RPC packet size: [28]
04-04 21:26:37.311 D/RPC     ( 1590): read RPC packet
04-04 21:26:37.311 D/RPC     ( 1590): read RPC packet size: [80]
04-04 21:26:37.311 V/locapi_rpc_glue( 1590): Callback received: 100 (cb_id=0x6360000 handle=1)
04-04 21:26:37.311 V/locapi_rpc_glue( 1590): +loc_api_callback_process_sync_call
04-04 21:26:37.311 V/locapi_rpc_glue( 1590): -loc_api_callback_process_sync_call, no sync call in use
04-04 21:26:37.311 D/lib_locapi( 1590): [GPS:] loc_eng_report_status: GPS_STATUS_SESSION_END
04-04 21:26:37.311 D/RPC     ( 1590): written RPC packet size: [28]
04-04 21:26:37.331 D/AutoSetting( 1793): service - mLocationListener: onLocationChanged() location = Location[mProvider=gps,mTime=1396646797314,mInfo=-19.66339557333507.06003996000004,mAccuracy=10.0
04-04 21:26:37.331 D/AutoSetting( 1793): service - handleMessage() incoming message, what:1
04-04 21:26:37.342 D/AutoSetting( 1793): service - mLocationListener: onLocationChanged() location = Location[mProvider=gps,mTime=1396646797314,mInfo=-19.66339557333507.06003996000004,mAccuracy=10.0
04-04 21:26:37.342 D/AutoSetting( 1793): Util - no network available!
04-04 21:26:37.342 D/AutoSetting( 1793): service - handleMessage() not proceed
04-04 21:26:37.402 D/RPC     ( 1590): read RPC packet
04-04 21:26:37.402 D/RPC     ( 1590): read RPC packet size: [80]
04-04 21:26:37.402 V/locapi_rpc_glue( 1590): Callback received: 100 (cb_id=0x6360000 handle=1)
04-04 21:26:37.402 V/locapi_rpc_glue( 1590): +loc_api_callback_process_sync_call
04-04 21:26:37.402 V/locapi_rpc_glue( 1590): -loc_api_callback_process_sync_call, no sync call in use
04-04 21:26:37.402 D/lib_locapi( 1590): [GPS:] loc_eng_report_status: GPS_STATUS_SESSION_BEGIN
04-04 21:26:37.412 D/RPC     ( 1590): written RPC packet size: [28]
04-04 21:26:38.252 D/RPC     ( 1590): read RPC packet
04-04 21:26:38.252 D/RPC     ( 1590): read RPC packet size: [272]
04-04 21:26:38.252 V/locapi_rpc_glue( 1590): Callback received: 4 (cb_id=0x6360000 handle=1)
04-04 21:26:38.252 V/locapi_rpc_glue( 1590): +loc_api_callback_process_sync_call
04-04 21:26:38.252 V/locapi_rpc_glue( 1590): -loc_api_callback_process_sync_call, no sync call in use
04-04 21:26:38.252 D/RPC     ( 1590): written RPC packet size: [28]
04-04 21:26:38.252 D/RPC     ( 1590): read RPC packet
