--------- beginning of /dev/log/main
04-04 21:25:25.281 D/SntpClient( 1590): requestTime: called by Thread[NetworkTimeUpdateService,5,main], failed: java.net.UnknownHostException: Unable to resolve host "north-america.pool.ntp.org": No address associated with hostname
04-04 21:25:27.593 D/AndroidRuntime( 2478): 
04-04 21:25:27.593 D/AndroidRuntime( 2478): >>>>>> AndroidRuntime START com.android.internal.os.RuntimeInit <<<<<<
04-04 21:25:27.593 D/AndroidRuntime( 2478): CheckJNI is OFF
04-04 21:25:27.684 D/CursorWindowStats( 2478): Get CursorWindow size from framework resource:4194304
04-04 21:25:27.734 D/AndroidRuntime( 2478): Calling main entry com.android.commands.pm.Pm
--------- beginning of /dev/log/system
04-04 21:25:27.744 I/ActivityManager( 1590): Start proc com.android.defcontainer for service com.android.defcontainer/.DefaultContainerService: pid=2486 uid=10087 gids={1015, 2001}
04-04 21:25:27.814 D/dalvikvm( 2486): GC_EXPLICIT freed 38K, 5% free 6458K/6787K, paused 2ms+1ms
04-04 21:25:28.094 W/ActivityManager( 1590): No content provider found for: 
04-04 21:25:28.114 W/ActivityManager( 1590): No content provider found for: 
04-04 21:25:28.114 D/PackageParser( 1590): Scanning package: /data/app/vmdl416351232.tmp
04-04 21:25:28.184 I/PackageManager( 1590): Removing non-system package:uk.ac.st_andrews.cs.host.mk74.naivegpslocalization
04-04 21:25:28.184 I/ActivityManager( 1590): Force stopping package uk.ac.st_andrews.cs.host.mk74.naivegpslocalization uid=10116
04-04 21:25:28.274 I/power   ( 1590): *** set_screen_state 0
04-04 21:25:28.274 D/PowerManagerService( 1590): setScreenStateLocked++, on: false, err: 0
04-04 21:25:28.274 D/PowerManagerService( 1590): setScreenStateLocked, turn off the button light 
04-04 21:25:28.274 D/lights  ( 1590): set_light_buttons_func: on=0 brightness=0
04-04 21:25:28.274 D/lights  ( 1590): set_rotated_rgb_led: on=0 brightness=0
04-04 21:25:28.274 D/lights  ( 1590): [LedInfo] write attr ok name=/sys/class/leds/amber-portrait/brightness string=0,len=1
04-04 21:25:28.274 D/lights  ( 1590): set_rotated_rgb_led: on=0 brightness=0
04-04 21:25:28.274 D/lights  ( 1590): [LedInfo] write attr ok name=/sys/class/leds/green-portrait/brightness string=0,len=1
04-04 21:25:28.274 D/lights  ( 1590): set_rotated_rgb_led: on=0 brightness=0
04-04 21:25:28.274 E/lights  ( 1590): [LedErr] open attr failed name=/sys/class/leds/blue-portrait/brightness errno: 2
04-04 21:25:28.274 V/KeyguardViewMediator( 1590): password timeout now
04-04 21:25:28.284 D/HtcLockScreen( 1590): createPatternUnlockScreen() ...
04-04 21:25:28.284 D/Sensors ( 1590): Enable akm: en = 0
04-04 21:25:28.524 D/SurfaceFlinger( 1441): About to give-up screen, flinger = 0xa830
04-04 21:25:28.524 W/msm7x30.hwcomposer( 1441): hwc_set invalid context or list
04-04 21:25:28.524 D/msm7x30.hwcomposer( 1441): HWC called FB enableHDMIOutput(0)
04-04 21:25:28.695 D/AK8975  ( 1451): Compass CLOSE 
04-04 21:25:28.765 D/HtcLockScreen( 1590): packageInfo - PackageInfo{410c60e8 com.htc.lockscreen}
04-04 21:25:28.765 D/PackageManager( 1590): Scanning package uk.ac.st_andrews.cs.host.mk74.naivegpslocalization
04-04 21:25:28.765 D/HostWidgetManager( 1698): pauseWidgets: 2
04-04 21:25:28.765 I/PackageManager( 1590): Package uk.ac.st_andrews.cs.host.mk74.naivegpslocalization codePath changed from /data/app/uk.ac.st_andrews.cs.host.mk74.naivegpslocalization-1.apk to /data/app/uk.ac.st_andrews.cs.host.mk74.naivegpslocalization-2.apk; Retaining data and using new
04-04 21:25:28.765 I/PackageManager( 1590): Unpacking native libraries for /data/app/uk.ac.st_andrews.cs.host.mk74.naivegpslocalization-2.apk
04-04 21:25:28.775 D/AlarmManager( 1590): ACTION_SCREEN_OFF
04-04 21:25:28.785 D/PhoneWindow( 1698): couldn't save which view has focus because the focused view android.widget.RelativeLayout@407c1288 has no id.
04-04 21:25:28.785 D/UsbnetService( 1590): BroadcastReceiver::onReceive+
04-04 21:25:28.785 D/UsbnetService( 1590): onReceive SCREEN_OFF
04-04 21:25:28.815 D/RemoveMe( 1685): DCT got intent android.intent.action.SCREEN_OFF
04-04 21:25:28.825 D/DataConnectionTracker( 1685): power saving case 6
04-04 21:25:28.825 D/ConnectivityService( 1590): getMobileDataEnabled returning false
04-04 21:25:28.835 D/DataConnectionTracker( 1685): power saving case 6
04-04 21:25:28.835 D/RemoveMe( 1685): DCT got intent android.intent.action.SCREEN_OFF
04-04 21:25:28.835 D/ConnectivityService( 1590): getMobileDataEnabled returning false
04-04 21:25:28.845 D/RemoveMe( 1685): DCT got intent android.intent.action.SCREEN_OFF
04-04 21:25:28.885 I/TabletStatusBar( 1664): DISABLE_CLOCK: yes
04-04 21:25:28.885 I/TabletStatusBar( 1664): DISABLE_EXPAND: yes
04-04 21:25:28.885 I/TabletStatusBar( 1664): DISABLE_NAVIGATION: yes
04-04 21:25:28.935 I/TabletStatusBar( 1664): DISABLE_BACK: yes
04-04 21:25:28.935 D/SurfaceFlinger( 1441): getTokenForSurface(0xd0634) => 0 (client=0xb5ee8, bitmap=00000003), pid=1590
04-04 21:25:28.935 D/msm7x30.gralloc( 1441): gpu_context_t::getGrallocInformationFromFormat  1 
04-04 21:25:28.975 D/AutoSetting( 1793): service - mHandler: cancel location update
04-04 21:25:28.995 D/AutoSetting( 1793): service -           changes count: 0
04-04 21:25:28.995 D/ContactMessageStore( 1685): start background delete task...
04-04 21:25:28.995 D/dalvikvm( 1710): GC_EXPLICIT freed 7K, 9% free 7012K/7623K, paused 5ms+3ms
04-04 21:25:29.015 D/ContactMessageStore( 1685): size: 0 , 0
04-04 21:25:29.025 D/dalvikvm( 1710): GC_EXPLICIT freed 2K, 9% free 7010K/7623K, paused 1ms+1ms
04-04 21:25:29.065 D/SurfaceFlinger( 1441): getTokenForSurface(0xd0864) => 0 (client=0xa6f38, bitmap=00000001), pid=1710
04-04 21:25:29.065 D/msm7x30.gralloc( 1441): gpu_context_t::getGrallocInformationFromFormat  1 
04-04 21:25:29.085 D/IdleScreen_base( 1710): onRingUnlockEnd
04-04 21:25:29.115 D/msm7x30.gralloc( 1441): gpu_context_t::getGrallocInformationFromFormat  1 
04-04 21:25:29.135 D/ContactMessageStore( 1685): Background delete complete
04-04 21:25:29.335 D/KeyguardViewMediator( 1590): wakeWhenReadyLocked(26)
04-04 21:25:29.335 I/power   ( 1590): *** set_screen_state 1
04-04 21:25:29.335 D/PowerManagerService( 1590): setScreenStateLocked++, on: true, err: 0
04-04 21:25:29.335 D/PowerManagerService( 1590): button light setOrientation:-1
04-04 21:25:29.345 D/lights  ( 1590): set_light_buttons_func: on=16777215 brightness=255
04-04 21:25:29.345 D/PowerManagerService( 1590): setPenMenuButtonLed: 2
04-04 21:25:29.345 D/lights  ( 1590): set_rotated_rgb_led: on=0 brightness=0
04-04 21:25:29.345 D/lights  ( 1590): [LedInfo] write attr ok name=/sys/class/leds/amber-portrait/brightness string=0,len=1
04-04 21:25:29.345 D/lights  ( 1590): set_rotated_rgb_led: on=1 brightness=255
04-04 21:25:29.345 D/lights  ( 1590): [LedInfo] write attr ok name=/sys/class/leds/green-portrait/brightness string=255,len=3
04-04 21:25:29.345 D/lights  ( 1590): set_rotated_rgb_led: on=0 brightness=0
04-04 21:25:29.345 E/lights  ( 1590): [LedErr] open attr failed name=/sys/class/leds/blue-portrait/brightness errno: 2
04-04 21:25:29.345 D/PowerManagerService( 1590): Set pen menu button led (amber, green, blue) = 0, -1, 0), portrait = true
04-04 21:25:29.355 D/Sensors ( 1590): Enable akm: en = 1
04-04 21:25:29.355 D/Launcher.Model( 1698): updateAppUsageStatCache +
04-04 21:25:29.355 D/Launcher.Model( 1698): updateAppUsageStatCache - diff: 3
04-04 21:25:29.395 D/SurfaceFlinger( 1441): Screen about to return, flinger = 0xa830
04-04 21:25:29.395 D/msm7x30.hwcomposer( 1441): HWC called FB enableHDMIOutput(0)
04-04 21:25:29.395 D/PREF    ( 1698): setWidgetTilt .FriendStreamLarge2Widget : 33
04-04 21:25:29.405 D/UsbnetService( 1590): BroadcastReceiver::onReceive+
04-04 21:25:29.405 D/UsbnetService( 1590): onReceive SCREEN_ON
04-04 21:25:29.405 D/UsbnetService( 1590): BroadcastReceiver::onReceive-
04-04 21:25:29.405 D/AlarmManager( 1590): ACTION_SCREEN_ON
04-04 21:25:29.415 D/PREF    ( 1698): setWidgetTilt .weatherclock.WeatherClockWidgetView : 11
04-04 21:25:29.425 D/HostWidgetManager( 1698): onResumeInKeyguard: 2
04-04 21:25:29.425 D/FxWorkspace( 1698): prepareUnlockAnimation
04-04 21:25:29.435 D/FxWorkspaceClient( 1698): showAllScreens()
04-04 21:25:29.435 D/FxWorkspaceClient( 1698): freezeAllScreens
04-04 21:25:29.445 D/UnlockAnimator( 1698): setFrame: unlock_to_03
04-04 21:25:29.445 D/AK8975  ( 1451): Compass Start
04-04 21:25:29.445 D/Rotate.Performance( 1698): FxWorkspace.show()
04-04 21:25:29.455 D/RemoveMe( 1685): DCT got intent android.intent.action.SCREEN_ON
04-04 21:25:29.455 D/ConnectivityService( 1590): getMobileDataEnabled returning false
04-04 21:25:29.455 D/ConnectivityService( 1590): getMobileDataEnabled returning false
04-04 21:25:29.465 D/RemoveMe( 1685): DCT got intent android.intent.action.SCREEN_ON
04-04 21:25:29.475 D/RemoveMe( 1685): DCT got intent android.intent.action.SCREEN_ON
04-04 21:25:29.635 D/dalvikvm( 2498): DexOpt: load 50ms, verify+opt 359ms
04-04 21:25:29.876 I/ActivityManager( 1590): Force stopping package uk.ac.st_andrews.cs.host.mk74.naivegpslocalization uid=10116
04-04 21:25:29.876 W/PackageManager( 1590): Code path for pkg : uk.ac.st_andrews.cs.host.mk74.naivegpslocalization changing from /data/app/uk.ac.st_andrews.cs.host.mk74.naivegpslocalization-1.apk to /data/app/uk.ac.st_andrews.cs.host.mk74.naivegpslocalization-2.apk
04-04 21:25:29.886 D/PackageManager( 1590):   Activities: uk.ac.st_andrews.cs.host.mk74.naivegpslocalization.MainActivity
04-04 21:25:29.886 W/PackageManager( 1590): Resource path for pkg : uk.ac.st_andrews.cs.host.mk74.naivegpslocalization changing from /data/app/uk.ac.st_andrews.cs.host.mk74.naivegpslocalization-1.apk to /data/app/uk.ac.st_andrews.cs.host.mk74.naivegpslocalization-2.apk
04-04 21:25:30.066 D/PackageManager( 1590): [embedded] New package installed in /data/app/uk.ac.st_andrews.cs.host.mk74.naivegpslocalization-2.apk
04-04 21:25:30.286 I/ActivityManager( 1590): Force stopping package uk.ac.st_andrews.cs.host.mk74.naivegpslocalization uid=10116
04-04 21:25:30.316 D/HtcLockScreen3.0( 1590): HtcLockScreen: onInterceptTouchEvent ACTION_DOWN
04-04 21:25:30.366 D/dalvikvm( 1590): GC_CONCURRENT freed 1915K, 12% free 15912K/17991K, paused 2ms+8ms
04-04 21:25:30.426 D/PhoneApp( 1685): -- PackageChangeBroadcastReceiver  action = android.intent.action.PACKAGE_REMOVED
04-04 21:25:30.436 D/SM:PackageReceiver( 2016): package removed: package:uk.ac.st_andrews.cs.host.mk74.naivegpslocalization
04-04 21:25:30.586 D/PackageManager( 1590): generateServicesMap(android.accounts.AccountAuthenticator): 13 services unchanged
04-04 21:25:30.596 D/dalvikvm( 1698): GC_EXPLICIT freed 187K, 14% free 12079K/14023K, paused 2ms+16ms
04-04 21:25:30.596 D/Launcher.Model( 1698): onReceive intent=Intent { act=android.intent.action.PACKAGE_REMOVED dat=package:uk.ac.st_andrews.cs.host.mk74.naivegpslocalization flg=0x10000010 (has extras) }
04-04 21:25:30.596 D/WidgetScanner( 1698): onReceive: Intent { act=android.intent.action.PACKAGE_REMOVED dat=package:uk.ac.st_andrews.cs.host.mk74.naivegpslocalization flg=0x10000010 cmp=com.htc.launcher/.widget.WidgetScannerTrigger (has extras) }
04-04 21:25:30.596 D/Launcher.Model( 2082): onReceive intent=Intent { act=android.intent.action.PACKAGE_REMOVED dat=package:uk.ac.st_andrews.cs.host.mk74.naivegpslocalization flg=0x10000010 (has extras) }
04-04 21:25:30.626 I/ActivityManager( 1590): Start proc com.htc.cs for broadcast com.htc.cs/.plugin.PluginRegisterReceiver: pid=2502 uid=10041 gids={3003, 1015}
04-04 21:25:30.727 D/PackageManager( 1590): generateServicesMap(android.content.SyncAdapter): 21 services unchanged
04-04 21:25:30.777 I/RegisterService( 2084): android.intent.action.PACKAGE_REMOVED package:uk.ac.st_andrews.cs.host.mk74.naivegpslocalization
04-04 21:25:30.797 I/ActivityThread( 2502): Pub com.htc.connectedservice.csprovider: com.htc.cs.provider.ConnectedServiceProvider
04-04 21:25:30.797 I/ActivityThread( 2502): Pub com.htc.cs.dashboard: com.htc.cs.sync.dashboard.DashboardProvider
04-04 21:25:30.807 D/WidgetScanner( 2082): onReceiveInternal: Intent { act=android.intent.action.PACKAGE_REMOVED dat=package:uk.ac.st_andrews.cs.host.mk74.naivegpslocalization flg=0x10000010 cmp=com.htc.launcher/.widget.WidgetScannerService (has extras) }
04-04 21:25:30.817 D/vicky   ( 2502): vicky received: android.intent.action.PACKAGE_REMOVED
04-04 21:25:30.827 D/Launcher.Model( 1698): onReceive intent=Intent { act=android.intent.action.PACKAGE_ADDED dat=package:uk.ac.st_andrews.cs.host.mk74.naivegpslocalization flg=0x10000010 (has extras) }
04-04 21:25:30.827 D/Launcher.Model( 1698): mAllAppsList.updatePackage uk.ac.st_andrews.cs.host.mk74.naivegpslocalization
04-04 21:25:30.837 D/PhoneApp( 1685): -- PackageChangeBroadcastReceiver  action = android.intent.action.PACKAGE_ADDED
04-04 21:25:30.837 D/PackageManager( 1590): generateServicesMap(android.accounts.AccountAuthenticator): 13 services unchanged
04-04 21:25:30.837 I/ActivityManager( 1590): Start proc com.google.android.apps.maps for broadcast com.google.android.apps.maps/com.google.android.location.internal.NlpPackageUpdateReceiver: pid=2513 uid=10046 gids={3003, 1015}
04-04 21:25:30.857 D/PackageManager( 1590): generateServicesMap(android.content.SyncAdapter): 21 services unchanged
04-04 21:25:30.867 D/HtcLockScreen3.0( 1590): HtcLockScreen: onInterceptTouchEvent ACTION_UP
04-04 21:25:30.867 D/IdleScreen_base( 1710): onRingUnlockStart
04-04 21:25:31.147 D/Launcher.Model( 2082): onReceive intent=Intent { act=android.intent.action.PACKAGE_ADDED dat=package:uk.ac.st_andrews.cs.host.mk74.naivegpslocalization flg=0x10000010 (has extras) }
04-04 21:25:31.177 D/KeyguardViewManager( 1590): hide()
04-04 21:25:31.177 I/TabletStatusBar( 1664): DISABLE_CLOCK: no
04-04 21:25:31.177 I/TabletStatusBar( 1664): DISABLE_NAVIGATION: no
04-04 21:25:31.237 D/msm7x30.gralloc( 1441): gpu_context_t::getGrallocInformationFromFormat  1 
04-04 21:25:31.277 D/SurfaceFlinger( 1441): virtual void android::Layer::onRemoved(): lcblk (identity=14, status=0, token=0)
04-04 21:25:31.317 I/TabletStatusBar( 1664): DISABLE_BACK: no
04-04 21:25:31.347 D/SurfaceFlinger( 1441): virtual void android::Layer::onRemoved(): lcblk (identity=13, status=0, token=0)
04-04 21:25:31.367 D/dalvikvm( 2513): GC_CONCURRENT freed 153K, 4% free 6805K/7047K, paused 1ms+22ms
04-04 21:25:31.407 D/CombinedWidgetProvider( 1698): +addAppWidget
04-04 21:25:31.407 D/CombinedWidgetProvider( 1698): addAppWidget: WidgetSummary(YouTube/APP_WIDGET/[I@4086d4e8 x [I@4086d148/-1/ComponentInfo{com.google.android.youtube/com.google.android.youtube.app.honeycomb.widget.WidgetProvider}/[I@4086d168)
04-04 21:25:31.407 D/CombinedWidgetProvider( 1698): addAppWidget: WidgetSummary(Twitter (large)/APP_WIDGET/[I@4073ff88 x [I@4073ffa8/-1/ComponentInfo{com.twitter.android/com.twitter.android.client.WidgetLargeProvider}/[I@4073ffc8)
04-04 21:25:31.407 D/CombinedWidgetProvider( 1698): addAppWidget: WidgetSummary(Twitter (small)/APP_WIDGET/[I@4082c968 x [I@4082cd38/-1/ComponentInfo{com.twitter.android/com.twitter.android.client.WidgetSmallProvider}/[I@40816b78)
04-04 21:25:31.407 D/CombinedWidgetProvider( 1698): addAppWidget: WidgetSummary(Traffic/APP_WIDGET/[I@407350f0 x [I@40735110/-1/ComponentInfo{com.google.android.apps.maps/com.google.googlenav.appwidget.traffic.TrafficAppWidget}/[I@40735130)
04-04 21:25:31.407 D/CombinedWidgetProvider( 1698): addAppWidget: WidgetSummary(Latitude/APP_WIDGET/[I@40743530 x [I@40737560/-1/ComponentInfo{com.google.android.apps.maps/com.google.googlenav.appwidget.friends.FriendsAppWidgetProvider}/[I@40737580)
04-04 21:25:31.407 D/CombinedWidgetProvider( 1698): addAppWidget: WidgetSummary(Market/APP_WIDGET/[I@40b54968 x [I@409fa7f0/-1/ComponentInfo{com.android.vending/com.android.vending.MarketWidgetProvider}/[I@409fa810)
04-04 21:25:31.407 D/CombinedWidgetProvider( 1698): addAppWidget: WidgetSummary(Google Search/APP_WIDGET/[I@40711d78 x [I@40867568/-1/ComponentInfo{com.google.android.googlequicksearchbox/com.google.android.googlequicksearchbox.SearchWidgetProvider}/[I@40867588)
04-04 21:25:31.407 D/CombinedWidgetProvider( 1698): addAppWidget: WidgetSummary(Gmail/APP_WIDGET/[I@407c2da0 x [I@407c2dc0/-1/ComponentInfo{com.google.android.gm/com.google.android.gm.widget.GmailWidgetProvider}/[I@407bf4b8)
04-04 21:25:31.407 D/CombinedWidgetProvider( 1698): addAppWidget: WidgetSummary(Bookmarks/APP_WIDGET/[I@40731310 x [I@4072bc90/-1/ComponentInfo{com.android.browser/com.android.browser.widget.BookmarkThumbnailWidgetProvider}/[I@4072bcb0)
04-04 21:25:31.407 D/Launcher.Model( 2082): mAllAppsList.updatePackage uk.ac.st_andrews.cs.host.mk74.naivegpslocalization
04-04 21:25:31.407 D/CombinedWidgetProvider( 1698): -addAppWidget
04-04 21:25:31.407 D/CombinedWidgetProvider( 1698): +addHtcWidgets, cat: -1
04-04 21:25:31.407 D/CombinedWidgetProvider( 1698):  uri: content://com.htc.launcher.widget.htcwidget/htcwidgets?widget_only=true
04-04 21:25:31.407 D/Sensors ( 1590): Enable akm: en = 0
04-04 21:25:31.407 D/FxWorkspace( 1698): unlockAnimation
04-04 21:25:31.417 D/FxWorkspace( 1698): onUnlockAnimationStart()
04-04 21:25:31.417 D/UnlockAnimator( 1698): playMarker: unlock_to_03
04-04 21:25:31.427 D/FxWorkspaceClient( 1698): showAllScreens()
04-04 21:25:31.427 D/HtcWidgetProvider( 1698): row 1
04-04 21:25:31.427 D/Rotate.Performance( 1698): FxWorkspace.show()
04-04 21:25:31.447 D/CombinedWidgetProvider( 1698): addHtcWidget: WidgetSummary(Tips for Home/HTC_WIDGET/[I@40ae69a0 x [I@40ae69c0/1101/ComponentInfo{com.htc.rosiewidgets.tip/com.htc.rosiewidgets.tip.TipWidgetItem}/[I@40ae69e0)
04-04 21:25:31.447 D/CombinedWidgetProvider( 1698): -addHtcWidgets
04-04 21:25:31.447 D/CombinedWidgetProvider( 1698): +addFxWidgets , provider: null
04-04 21:25:31.457 D/FxWidgetProviderInfoCollector( 1698): getAllStyles + [Ljava.lang.String;@406d1dc8 @ 
04-04 21:25:31.477 D/FxWidgetProvider( 1698): row 94
04-04 21:25:31.487 W/InputManagerService( 1590): Window already focused, ignoring focus gain of: com.android.internal.view.IInputMethodClient$Stub$Proxy@410a39a0
04-04 21:25:31.507 D/dalvikvm( 1710): GC_EXPLICIT freed 158K, 9% free 7013K/7623K, paused 2ms+11ms
04-04 21:25:31.577 I/SharedBufferStack( 1441): ShareClientTryLock succeed after 11 trial
04-04 21:25:31.607 D/AK8975  ( 1451): Compass CLOSE 
04-04 21:25:31.717 D/dalvikvm( 1710): GC_EXPLICIT freed 2K, 9% free 7012K/7623K, paused 2ms+9ms
04-04 21:25:32.028 D/dalvikvm( 2513): GC_CONCURRENT freed 139K, 4% free 7147K/7431K, paused 1ms+50ms
04-04 21:25:32.048 D/dalvikvm( 1710): GC_EXPLICIT freed 6K, 9% free 7011K/7623K, paused 5ms+31ms
04-04 21:25:32.108 I/ActivityThread( 2513): Pub com.google.android.maps.SearchHistoryProvider: com.google.googlenav.provider.SearchHistoryProvider
04-04 21:25:32.108 I/ActivityThread( 2513): Pub com.google.android.maps.LayerInfoProvider: com.google.googlenav.layer.LayerInfoProvider
04-04 21:25:32.128 D/SqliteDatabaseCpp( 2513): dbopen(): path = /data/data/com.google.android.apps.maps/databases , key = LYqevA, flag = 6, file size = 5120
04-04 21:25:32.128 D/SqliteDatabaseCpp( 2513): dbopen(): path = /data/data/com.google.android.apps.maps/databases , key = LYqevA, mode: delete, disk free size: 7848 M, handle: 0x15d780
04-04 21:25:32.198 I/ActivityThread( 2513): Pub com.google.android.maps.TrafficAppWidgetProvider: com.google.googlenav.appwidget.traffic.TrafficAppWidgetProvider
04-04 21:25:32.218 I/ActivityThread( 2513): Pub com.google.android.maps.SuggestionProvider: com.google.googlenav.suggest.android.SuggestProvider
04-04 21:25:32.238 D/dalvikvm( 1710): GC_EXPLICIT freed 1K, 9% free 7011K/7623K, paused 8ms+8ms
04-04 21:25:32.248 I/ActivityThread( 2513): Pub com.google.android.maps.LocalActivePlacesProvider: com.google.googlenav.provider.LocalActivePlacesProvider
04-04 21:25:32.258 I/ActivityThread( 2513): Pub com.google.android.maps.StarredItemProvider: com.google.googlenav.provider.StarredItemProvider
04-04 21:25:32.428 D/FxWorkspace( 1698): onUnlockAnimationEnd()
04-04 21:25:32.428 D/HostWidgetManager( 1698): onUserPresent: 2
04-04 21:25:32.428 D/HostWidgetManager( 1698): resumeWidgets: 2 sort: true
04-04 21:25:32.488 D/FxWorkspace( 1698): changeScreensVisibility
04-04 21:25:32.508 D/HtcWidgetScanner( 2082): onPackageRemoved: uk.ac.st_andrews.cs.host.mk74.naivegpslocalization
04-04 21:25:32.528 D/FxWorkspace( 1698): changeScreensVisibility
04-04 21:25:32.688 I/ActivityThread( 2513): Pub com.google.android.maps.LocalSuggestionProvider: com.google.googlenav.provider.LocalSuggestionProvider
04-04 21:25:32.698 I/ActivityThread( 2513): Pub com.google.android.maps.NavigationAvailabilityProvider: com.google.googlenav.provider.NavigationAvailabilityProvider
04-04 21:25:32.708 D/dalvikvm( 2513): GC_CONCURRENT freed 161K, 4% free 7501K/7751K, paused 1ms+3ms
04-04 21:25:32.779 W/Launcher.Model( 2082): Nobody to tell about the new app.  Launcher is probably loading.
04-04 21:25:32.789 D/HtcWidgetProvider( 1698): update 0
04-04 21:25:32.819 D/FxWidgetProvider( 1698): row 1
04-04 21:25:32.839 D/CombinedWidgetProvider( 1698): addFxWidget: WidgetSummary(Watch/FX_WIDGET/[I@40a398e8 x [I@40a39908/-2/ComponentInfo{com.htc.widget3d.watch/com.htc.widget3d.watch.WatchProvider}/[I@40a39928)
04-04 21:25:32.849 D/FxWidgetProvider( 1698): row 1
04-04 21:25:32.859 D/CombinedWidgetProvider( 1698): addFxWidget: WidgetSummary(Airplane Mode/FX_WIDGET/[I@40a3be10 x [I@40a3be30/-2/ComponentInfo{com.htc.htcsettingwidgets/com.htc.htcsettingwidgets.AirplaneWidget}/[I@40a3be50)
04-04 21:25:32.869 D/FxWidgetProvider( 1698): row 1
04-04 21:25:32.889 D/CombinedWidgetProvider( 1698): addFxWidget: WidgetSummary(Bluetooth/FX_WIDGET/[I@40a3edf8 x [I@40a3ee18/-2/ComponentInfo{com.htc.htcsettingwidgets/com.htc.htcsettingwidgets.BTWidget}/[I@40a3ee38)
04-04 21:25:32.899 D/FxWidgetProvider( 1698): row 1
04-04 21:25:32.909 D/CombinedWidgetProvider( 1698): addFxWidget: WidgetSummary(GPS/FX_WIDGET/[I@40a419e0 x [I@40a41a00/-2/ComponentInfo{com.htc.htcsettingwidgets/com.htc.htcsettingwidgets.GPSWidget}/[I@40a41a20)
04-04 21:25:32.909 D/FxWidgetProvider( 1698): row 1
04-04 21:25:32.919 D/PhoneApp( 1685): EVENT_QUERY_MO_PACKAGES
04-04 21:25:32.929 D/CombinedWidgetProvider( 1698): addFxWidget: WidgetSummary(Wi-Fi Hotspot/FX_WIDGET/[I@40a43d40 x [I@40a43d60/-2/ComponentInfo{com.htc.htcsettingwidgets/com.htc.htcsettingwidgets.HotspotWidget}/[I@40a43d80)
04-04 21:25:32.939 D/FxWidgetProvider( 1698): row 1
04-04 21:25:32.959 D/Sensors ( 1590): Enable akm: en = 1
04-04 21:25:32.959 D/CombinedWidgetProvider( 1698): addFxWidget: WidgetSummary(Mobile Network/FX_WIDGET/[I@40a46228 x [I@40a46248/-2/ComponentInfo{com.htc.htcsettingwidgets/com.htc.htcsettingwidgets.MobileNetworkWidget}/[I@40a46268)
04-04 21:25:32.969 D/FxWidgetProvider( 1698): row 1
04-04 21:25:32.979 D/CombinedWidgetProvider( 1698): addFxWidget: WidgetSummary(Wi-Fi/FX_WIDGET/[I@40a486c0 x [I@40a486e0/-2/ComponentInfo{com.htc.htcsettingwidgets/com.htc.htcsettingwidgets.WiFiWidget}/[I@40a48700)
04-04 21:25:32.989 D/FxWidgetProvider( 1698): row 1
04-04 21:25:32.989 D/AK8975  ( 1451): Compass Start
04-04 21:25:32.999 D/CombinedWidgetProvider( 1698): addFxWidget: WidgetSummary(Mail/FX_WIDGET/[I@40a4aa30 x [I@40a4aa50/-2/ComponentInfo{com.htc.htcmailwidgets/com.htc.htcmailwidgets.WidgetReceiver}/[I@40a4aa70)
04-04 21:25:33.019 D/FxWidgetProvider( 1698): row 3
04-04 21:25:33.029 D/FxWidgetProviderInfoCollector( 1698): more than one style shared the same component! Return the first one found.
04-04 21:25:33.029 D/CombinedWidgetProvider( 1698): addFxWidget: WidgetSummary(Mail/FX_WIDGET/[I@40a4cd90 x [I@40a4cdb0/-2/ComponentInfo{com.htc.htcmailwidgets/com.htc.htcmailwidgets.WidgetReceiver}/[I@40a4cdd0)
04-04 21:25:33.029 D/FxWidgetProvider( 1698): row 3
04-04 21:25:33.029 D/dalvikvm( 1690): GC_EXPLICIT freed 793K, 11% free 7790K/8711K, paused 1ms+49ms
04-04 21:25:33.049 D/FxWidgetProviderInfoCollector( 1698): more than one style shared the same component! Return the first one found.
04-04 21:25:33.049 D/CombinedWidgetProvider( 1698): addFxWidget: WidgetSummary(Mail/FX_WIDGET/[I@40a4f100 x [I@40a4f120/-2/ComponentInfo{com.htc.htcmailwidgets/com.htc.htcmailwidgets.WidgetReceiver}/[I@40a4f140)
04-04 21:25:33.049 D/FxWidgetProvider( 1698): row 3
04-04 21:25:33.089 D/FxWidgetProviderInfoCollector( 1698): more than one style shared the same component! Return the first one found.
04-04 21:25:33.089 D/SM:PackageReceiver( 2016): package added: package:uk.ac.st_andrews.cs.host.mk74.naivegpslocalization
04-04 21:25:33.109 D/CombinedWidgetProvider( 1698): addFxWidget: WidgetSummary(Mail/FX_WIDGET/[I@40a51240 x [I@40a51260/-2/ComponentInfo{com.htc.htcmailwidgets/com.htc.htcmailwidgets.WidgetReceiver}/[I@40a51280)
04-04 21:25:33.109 D/WidgetScanner( 1698): onReceive: Intent { act=android.intent.action.PACKAGE_ADDED dat=package:uk.ac.st_andrews.cs.host.mk74.naivegpslocalization flg=0x10000010 cmp=com.htc.launcher/.widget.WidgetScannerTrigger (has extras) }
04-04 21:25:33.119 D/FxWidgetProvider( 1698): row 3
04-04 21:25:33.129 D/FxWidgetProviderInfoCollector( 1698): more than one style shared the same component! Return the first one found.
04-04 21:25:33.129 D/CombinedWidgetProvider( 1698): addFxWidget: WidgetSummary(Mail/FX_WIDGET/[I@40a551a8 x [I@40a551c8/-2/ComponentInfo{com.htc.htcmailwidgets/com.htc.htcmailwidgets.WidgetReceiver}/[I@40a551e8)
04-04 21:25:33.129 D/FxWidgetProvider( 1698): row 3
04-04 21:25:33.159 D/FxWidgetScanner( 2082): onPackageRemoved: uk.ac.st_andrews.cs.host.mk74.naivegpslocalization
04-04 21:25:33.159 D/FxWidgetScanner( 2082): removeFxWidgetList
04-04 21:25:33.159 I/ActivityManager( 1590): Start proc com.svox.pico for broadcast com.svox.pico/.VoiceDataInstallerReceiver: pid=2525 uid=10031 gids={}
04-04 21:25:33.169 D/FxWidgetProviderInfoCollector( 1698): more than one style shared the same component! Return the first one found.
04-04 21:25:33.169 D/CombinedWidgetProvider( 1698): addFxWidget: WidgetSummary(Mail/FX_WIDGET/[I@40a57518 x [I@40a57538/-2/ComponentInfo{com.htc.htcmailwidgets/com.htc.htcmailwidgets.WidgetReceiver}/[I@40a57558)
04-04 21:25:33.179 D/FxWidgetScanner( 2082): delete 0
04-04 21:25:33.189 D/WidgetScanner( 2082): upadted? false
04-04 21:25:33.189 D/FxWidgetProvider( 1698): row 3
04-04 21:25:33.209 D/FxWidgetProviderInfoCollector( 1698): more than one style shared the same component! Return the first one found.
04-04 21:25:33.209 D/WidgetScanner( 2082): onReceiveInternal: Intent { act=android.intent.action.PACKAGE_ADDED dat=package:uk.ac.st_andrews.cs.host.mk74.naivegpslocalization flg=0x10000010 cmp=com.htc.launcher/.widget.WidgetScannerService (has extras) }
04-04 21:25:33.209 D/HtcWidgetScanner( 2082): onPackageAdded: uk.ac.st_andrews.cs.host.mk74.naivegpslocalization
04-04 21:25:33.219 D/CombinedWidgetProvider( 1698): addFxWidget: WidgetSummary(Mail/FX_WIDGET/[I@40a5a328 x [I@40a5a348/-2/ComponentInfo{com.htc.htcmailwidgets/com.htc.htcmailwidgets.WidgetReceiver}/[I@40a5a368)
04-04 21:25:33.219 D/FxWidgetProvider( 1698): row 5
04-04 21:25:33.219 D/HtcWidgetProvider( 1698): row 3
04-04 21:25:33.239 D/FxWidgetProviderInfoCollector( 1698): more than one style shared the same component! Return the first one found.
04-04 21:25:33.249 D/CombinedWidgetProvider( 1698): addFxWidget: WidgetSummary(People/FX_WIDGET/[I@40a5d078 x [I@40a5d098/-2/ComponentInfo{com.htc.htccontactwidgets_3d_fusion/com.htc.htccontactwidgets_3d_fusion.WidgetReceiver}/[I@40a5d0b8)
04-04 21:25:33.249 D/FxWidgetProvider( 1698): row 5
04-04 21:25:33.259 D/FxWidgetProviderInfoCollector( 1698): more than one style shared the same component! Return the first one found.
04-04 21:25:33.259 D/CombinedWidgetProvider( 1698): addFxWidget: WidgetSummary(People/FX_WIDGET/[I@40a60628 x [I@40a60648/-2/ComponentInfo{com.htc.htccontactwidgets_3d_fusion/com.htc.htccontactwidgets_3d_fusion.WidgetReceiver}/[I@40a60668)
04-04 21:25:33.269 D/FxWidgetProvider( 1698): row 5
04-04 21:25:33.279 D/FxWidgetProviderInfoCollector( 1698): more than one style shared the same component! Return the first one found.
04-04 21:25:33.279 D/CombinedWidgetProvider( 1698): addFxWidget: WidgetSummary(People/FX_WIDGET/[I@40a62a90 x [I@40a62ab0/-2/ComponentInfo{com.htc.htccontactwidgets_3d_fusion/com.htc.htccontactwidgets_3d_fusion.WidgetReceiver}/[I@40a62ad0)
04-04 21:25:33.279 D/FxWidgetProvider( 1698): row 5
04-04 21:25:33.289 D/FxWidgetProviderInfoCollector( 1698): more than one style shared the same component! Return the first one found.
04-04 21:25:33.289 I/ActivityThread( 2525): Pub com.svox.pico.providers.SettingsProvider: com.svox.pico.providers.SettingsProvider
04-04 21:25:33.289 D/CombinedWidgetProvider( 1698): addFxWidget: WidgetSummary(People/FX_WIDGET/[I@40a64ee0 x [I@40a64f00/-2/ComponentInfo{com.htc.htccontactwidgets_3d_fusion/com.htc.htccontactwidgets_3d_fusion.WidgetReceiver}/[I@40a64f20)
04-04 21:25:33.299 D/FxWidgetProvider( 1698): row 5
04-04 21:25:33.299 D/FxWidgetProviderInfoCollector( 1698): more than one style shared the same component! Return the first one found.
04-04 21:25:33.299 D/vicky   ( 2502): vicky received: android.intent.action.PACKAGE_ADDED
04-04 21:25:33.309 D/CombinedWidgetProvider( 1698): addFxWidget: WidgetSummary(People/FX_WIDGET/[I@40a67330 x [I@40a67350/-2/ComponentInfo{com.htc.htccontactwidgets_3d_fusion/com.htc.htccontactwidgets_3d_fusion.WidgetReceiver}/[I@40a67370)
04-04 21:25:33.309 D/FxWidgetProvider( 1698): row 1
04-04 21:25:33.319 D/CombinedWidgetProvider( 1698): addFxWidget: WidgetSummary(Calendar/FX_WIDGET/[I@40a69800 x [I@40a69820/-2/ComponentInfo{com.htc.htccalendarwidgets/com.htc.htccalendarwidgets.WidgetReceiver}/[I@40a69840)
04-04 21:25:33.319 D/FxWidgetProvider( 1698): row 3
04-04 21:25:33.329 D/FxWidgetProviderInfoCollector( 1698): more than one style shared the same component! Return the first one found.
04-04 21:25:33.329 D/CombinedWidgetProvider( 1698): addFxWidget: WidgetSummary(Calendar/FX_WIDGET/[I@40a6bc90 x [I@40a6bcb0/-2/ComponentInfo{com.htc.htccalendarwidgets/com.htc.htccalendarwidgets.WidgetReceiver}/[I@40a6bcd0)
04-04 21:25:33.339 D/FxWidgetProvider( 1698): row 3
04-04 21:25:33.349 D/FxWidgetProviderInfoCollector( 1698): more than one style shared the same component! Return the first one found.
04-04 21:25:33.359 D/MyHTC   ( 1857): PoweronReceiver.onReceive(): intent=android.intent.action.USER_PRESENT
04-04 21:25:33.359 D/CombinedWidgetProvider( 1698): addFxWidget: WidgetSummary(Calendar/FX_WIDGET/[I@40a6e148 x [I@40a6e168/-2/ComponentInfo{com.htc.htccalendarwidgets/com.htc.htccalendarwidgets.WidgetReceiver}/[I@40a6e188)
04-04 21:25:33.369 D/Twitter-MessageReceiver( 1951): action android.intent.action.USER_PRESENT
04-04 21:25:33.369 D/GTalkService( 1748): [ReonnectMgr] ### report Inet condition: status=false, networkType=0
04-04 21:25:33.369 D/FxWidgetProvider( 1698): row 3
04-04 21:25:33.369 D/ConnectivityService( 1590): reportNetworkCondition(0, 0)
04-04 21:25:33.369 D/ConnectivityService( 1590): Inet connectivity change, net=0, condition=0,mActiveDefaultNetwork=-1
04-04 21:25:33.369 D/ConnectivityService( 1590): no active default network - aborting
04-04 21:25:33.379 D/FxWidgetProviderInfoCollector( 1698): more than one style shared the same component! Return the first one found.
04-04 21:25:33.379 D/CombinedWidgetProvider( 1698): addFxWidget: WidgetSummary(Calendar/FX_WIDGET/[I@40a703d0 x [I@40a703f0/-2/ComponentInfo{com.htc.htccalendarwidgets/com.htc.htccalendarwidgets.WidgetReceiver}/[I@40a70410)
04-04 21:25:33.389 D/SyncProvider( 1951): match settings
04-04 21:25:33.389 D/FxWidgetProvider( 1698): row 1
04-04 21:25:33.399 D/FacebookReceiver( 1951): Intent.ACTION_USER_PRESENT SyncInterval=3600000,currTime=1396646733398
04-04 21:25:33.399 D/FacebookReceiver( 1951): Intent.ACTION_USER_PRESENT lastStreamSyncTime=1396646733407,lastFriendSyncTime=1396646733407
04-04 21:25:33.409 D/CombinedWidgetProvider( 1698): addFxWidget: WidgetSummary(Calendar/FX_WIDGET/[I@40a72640 x [I@40a72660/-2/ComponentInfo{com.htc.htccalendarwidgets/com.htc.htccalendarwidgets.WidgetReceiver}/[I@40a72680)
04-04 21:25:33.409 D/SyncProvider( 1951): match settings
04-04 21:25:33.409 D/FxWidgetProvider( 1698): row 1
04-04 21:25:33.409 D/GTalkService( 1748): [RawStanzaProvidersMgr] ##### searchProvidersFromIntent
04-04 21:25:33.409 D/FlickrReceiver( 1951): Intent.ACTION_USER_PRESENT SyncInterval=3600000,currTime=1396646733417
04-04 21:25:33.419 D/FlickrReceiver( 1951): Intent.ACTION_USER_PRESENT lastStreamSyncTime=1396646733423,lastFriendSyncTime=1396646733423
04-04 21:25:33.419 D/CombinedWidgetProvider( 1698): addFxWidget: WidgetSummary(Bookmarks/FX_WIDGET/[I@40a74a18 x [I@40a74a38/-2/ComponentInfo{com.htc.fusion.htcbookmarkwidget/com.htc.fusion.htcbookmarkwidget.WidgetReceiver}/[I@40a74a58)
04-04 21:25:33.429 D/SM:PackageReceiver( 2016): package replaced: package:uk.ac.st_andrews.cs.host.mk74.naivegpslocalization
04-04 21:25:33.439 D/FxWidgetProvider( 1698): row 1
04-04 21:25:33.449 I/RegisterService( 2084): android.intent.action.PACKAGE_ADDED package:uk.ac.st_andrews.cs.host.mk74.naivegpslocalization
04-04 21:25:33.459 I/RegisterService( 2084): android.intent.action.PACKAGE_REPLACED package:uk.ac.st_andrews.cs.host.mk74.naivegpslocalization
04-04 21:25:33.479 D/CombinedWidgetProvider( 1698): addFxWidget: WidgetSummary(Bookmarks/FX_WIDGET/[I@40a76f40 x [I@40a76f60/-2/ComponentInfo{com.htc.fusion.htcbookmarkwidget/com.htc.fusion.htcbookmarkwidget.WidgetReceiver}/[I@40a76f80)
04-04 21:25:33.479 D/FxWidgetProvider( 1698): row 1
04-04 21:25:33.489 D/CombinedWidgetProvider( 1698): addFxWidget: WidgetSummary(Messages/FX_WIDGET/[I@40a798d8 x [I@40a798f8/-2/ComponentInfo{com.htc.htcmsgwidgets3d/com.htc.htcmsgwidgets.MsgWidgetProvider}/[I@40a79918)
04-04 21:25:33.489 I/ActivityManager( 1590): Start proc com.google.android.googlequicksearchbox for broadcast com.google.android.googlequicksearchbox/.SourceUpdateReceiver: pid=2535 uid=10080 gids={3003}
04-04 21:25:33.499 D/FxWidgetProvider( 1698): row 1
04-04 21:25:33.509 D/GTalkService( 1748): [GTalkService.1] handlePackageInstalled: re-initialize providers
04-04 21:25:33.509 D/CombinedWidgetProvider( 1698): addFxWidget: WidgetSummary(Messages/FX_WIDGET/[I@40a7bba8 x [I@40a7bbc8/-2/ComponentInfo{com.htc.htcmsgwidgets3d/com.htc.htcmsgwidgets.MsgWidgetProvider}/[I@40a7bbe8)
04-04 21:25:33.509 D/GTalkService( 1748): [RawStanzaProvidersMgr] ##### searchProvidersFromIntent
04-04 21:25:33.509 D/FxWidgetProvider( 1698): row 1
04-04 21:25:33.529 D/CombinedWidgetProvider( 1698): addFxWidget: WidgetSummary(Messages/FX_WIDGET/[I@40a7df30 x [I@40a7df50/-2/ComponentInfo{com.htc.htcmsgwidgets3d/com.htc.htcmsgwidgets.MsgWidgetProvider}/[I@40a7df70)
04-04 21:25:33.539 D/FxWidgetProvider( 1698): row 1
04-04 21:25:33.549 D/CombinedWidgetProvider( 1698): addFxWidget: WidgetSummary(Messages/FX_WIDGET/[I@40a80200 x [I@40a80220/-2/ComponentInfo{com.htc.htcmsgwidgets3d/com.htc.htcmsgwidgets.MsgWidgetProvider}/[I@40a80240)
04-04 21:25:33.549 D/FxWidgetProvider( 1698): row 1
04-04 21:25:33.559 D/CombinedWidgetProvider( 1698): addFxWidget: WidgetSummary(Messages/FX_WIDGET/[I@40a824d0 x [I@40a824f0/-2/ComponentInfo{com.htc.htcmsgwidgets3d/com.htc.htcmsgwidgets.MsgWidgetProvider}/[I@40a82510)
04-04 21:25:33.569 D/FxWidgetProvider( 1698): row 1
04-04 21:25:33.569 D/CombinedWidgetProvider( 1698): addFxWidget: WidgetSummary(Messages/FX_WIDGET/[I@40a847c0 x [I@40a847e0/-2/ComponentInfo{com.htc.htcmsgwidgets3d/com.htc.htcmsgwidgets.MsgWidgetProvider}/[I@40a84800)
04-04 21:25:33.579 D/FxWidgetProvider( 1698): row 1
04-04 21:25:33.579 D/CombinedWidgetProvider( 1698): addFxWidget: WidgetSummary(Messages/FX_WIDGET/[I@40a86ab0 x [I@40a86ad0/-2/ComponentInfo{com.htc.htcmsgwidgets3d/com.htc.htcmsgwidgets.MsgWidgetProvider}/[I@40a86af0)
04-04 21:25:33.579 D/FxWidgetProvider( 1698): row 1
04-04 21:25:33.589 D/CombinedWidgetProvider( 1698): addFxWidget: WidgetSummary(Twitter/FX_WIDGET/[I@40a88de8 x [I@40a88e08/-2/ComponentInfo{com.htc.Twitter3DWidget/com.htc.Twitter3DWidget.TwitterWidgetProvider}/[I@40a88e28)
04-04 21:25:33.589 D/FxWidgetProvider( 1698): row 1
04-04 21:25:33.589 D/CombinedWidgetProvider( 1698): addFxWidget: WidgetSummary(Twitter/FX_WIDGET/[I@40a8b200 x [I@40a8b220/-2/ComponentInfo{com.htc.Twitter3DWidget/com.htc.Twitter3DWidget.TwitterWidgetProvider}/[I@40a8b240)
04-04 21:25:33.599 D/FxWidgetProvider( 1698): row 1
04-04 21:25:33.599 D/CombinedWidgetProvider( 1698): addFxWidget: WidgetSummary(Twitter/FX_WIDGET/[I@40a8d618 x [I@40a8d638/-2/ComponentInfo{com.htc.Twitter3DWidget/com.htc.Twitter3DWidget.TwitterWidgetProvider}/[I@40a8d658)
04-04 21:25:33.609 D/FxWidgetProvider( 1698): row 1
04-04 21:25:33.609 D/CombinedWidgetProvider( 1698): addFxWidget: WidgetSummary(Twitter/FX_WIDGET/[I@40a8fa30 x [I@40a8fa50/-2/ComponentInfo{com.htc.Twitter3DWidget/com.htc.Twitter3DWidget.TwitterWidgetProvider}/[I@40a8fa70)
04-04 21:25:33.619 D/FxWidgetProvider( 1698): row 1
04-04 21:25:33.619 D/CombinedWidgetProvider( 1698): addFxWidget: WidgetSummary(Trends/FX_WIDGET/[I@40a91e38 x [I@40a91e58/-2/ComponentInfo{com.htc.Trends3DWidget/com.htc.Trends3DWidget.TrendsWidgetProvider}/[I@40a91e78)
04-04 21:25:33.619 I/ActivityThread( 2535): Pub com.google.android.googlequicksearchbox.shortcuts: com.google.android.googlequicksearchbox.WebHistoryProvider
04-04 21:25:33.619 I/ActivityThread( 2535): Pub com.google.android.googlequicksearchbox.google: com.google.android.googlequicksearchbox.google.GoogleSuggestionProvider
04-04 21:25:33.629 D/FxWidgetProvider( 1698): row 1
04-04 21:25:33.629 D/CombinedWidgetProvider( 1698): addFxWidget: WidgetSummary(Sync All/FX_WIDGET/[I@40a941f8 x [I@40a94218/-2/ComponentInfo{com.htc.Sync3DWidget/com.htc.Sync3DWidget.SyncWidgetProvider}/[I@40a94238)
04-04 21:25:33.629 D/FxWidgetProvider( 1698): row 1
04-04 21:25:33.639 D/CombinedWidgetProvider( 1698): addFxWidget: WidgetSummary(Music/FX_WIDGET/[I@40a96538 x [I@40a96558/-2/ComponentInfo{com.htc.MusicWidget3D/com.htc.MusicWidget3D.MusicWidget3DProvider}/[I@40a96578)
04-04 21:25:33.639 D/FxWidgetProvider( 1698): row 1
04-04 21:25:33.659 D/CombinedWidgetProvider( 1698): addFxWidget: WidgetSummary(Music/FX_WIDGET/[I@40a988d8 x [I@40a988f8/-2/ComponentInfo{com.htc.MusicWidget3D/com.htc.MusicWidget3D.MusicWidget3DProvider}/[I@40a98918)
04-04 21:25:33.659 D/FxWidgetProvider( 1698): row 1
04-04 21:25:33.669 D/CombinedWidgetProvider( 1698): addFxWidget: WidgetSummary(Music/FX_WIDGET/[I@40a9ad80 x [I@40a9ada0/-2/ComponentInfo{com.htc.MusicWidget3D/com.htc.MusicWidget3D.MusicWidget3DProvider}/[I@40a9adc0)
04-04 21:25:33.669 D/FxWidgetProvider( 1698): row 1
04-04 21:25:33.679 D/CombinedWidgetProvider( 1698): addFxWidget: WidgetSummary(Friend Stream/FX_WIDGET/[I@40a9d168 x [I@40a9d188/-2/ComponentInfo{com.htc.FriendStream3DWidget/com.htc.FriendStream3DWidget.FriendStreamWidgetProvider}/[I@40a9d1a8)
04-04 21:25:33.679 D/SqliteDatabaseCpp( 2535): dbopen(): path = /data/data/com.google.android.googlequicksearchbox/databases , key = iwf-`awtkvq, flag = 6, file size = 6144
04-04 21:25:33.689 D/SqliteDatabaseCpp( 2535): dbopen(): path = /data/data/com.google.android.googlequicksearchbox/databases , key = iwf-`awtkvq, mode: delete, disk free size: 7848 M, handle: 0x1935b0
04-04 21:25:33.689 D/FxWidgetProvider( 1698): row 1
04-04 21:25:33.699 D/CombinedWidgetProvider( 1698): addFxWidget: WidgetSummary(Friend Stream/FX_WIDGET/[I@40a9f878 x [I@40a9f898/-2/ComponentInfo{com.htc.FriendStream3DWidget/com.htc.FriendStream3DWidget.FriendStreamWidgetProvider}/[I@40a9f8b8)
04-04 21:25:33.699 D/FxWidgetProvider( 1698): row 1
04-04 21:25:33.709 D/CombinedWidgetProvider( 1698): addFxWidget: WidgetSummary(Friend Stream/FX_WIDGET/[I@40aa1f88 x [I@40aa1fa8/-2/ComponentInfo{com.htc.FriendStream3DWidget/com.htc.FriendStream3DWidget.FriendStreamWidgetProvider}/[I@40aa1fc8)
04-04 21:25:33.719 D/FxWidgetProvider( 1698): row 1
04-04 21:25:33.719 D/CombinedWidgetProvider( 1698): addFxWidget: WidgetSummary(Friend Stream/FX_WIDGET/[I@40aa4698 x [I@40aa46b8/-2/ComponentInfo{com.htc.FriendStream3DWidget/com.htc.FriendStream3DWidget.FriendStreamWidgetProvider}/[I@40aa46d8)
04-04 21:25:33.719 D/FxWidgetProvider( 1698): row 1
04-04 21:25:33.719 D/CombinedWidgetProvider( 1698): addFxWidget: WidgetSummary(Friend Channel/FX_WIDGET/[I@40aa6d90 x [I@40aa6db0/-2/ComponentInfo{com.htc.FriendStream3DWidget/com.htc.FriendStream3DWidget.FriendStreamWidgetProvider}/[I@40aa6dd0)
04-04 21:25:33.729 D/FxWidgetProvider( 1698): row 1
04-04 21:25:33.729 D/CombinedWidgetProvider( 1698): addFxWidget: WidgetSummary(My Shelf/FX_WIDGET/[I@40aa9398 x [I@40aa93b8/-2/ComponentInfo{com.htc.ereader.widget3d/com.htc.ereader.widget3d.ereaderwidget3d.SimpleWidgetProvider}/[I@40aa93d8)
04-04 21:25:33.729 D/FxWidgetProvider( 1698): row 1
04-04 21:25:33.729 D/CombinedWidgetProvider( 1698): addFxWidget: WidgetSummary(Weather/FX_WIDGET/[I@40aabb40 x [I@40aabb60/-2/ComponentInfo{com.htc.widget3d.weather/com.htc.widget3d.weather.WeatherWidgetProvider}/[I@40aabb80)
04-04 21:25:33.739 D/FxWidgetProvider( 1698): row 1
04-04 21:25:33.739 D/CombinedWidgetProvider( 1698): addFxWidget: WidgetSummary(Weather/FX_WIDGET/[I@40aadf50 x [I@40aadf70/-2/ComponentInfo{com.htc.widget3d.weather/com.htc.widget3d.weather.WeatherWidgetProvider}/[I@40aadf90)
04-04 21:25:33.739 D/FxWidgetProvider( 1698): row 1
04-04 21:25:33.739 D/CombinedWidgetProvider( 1698): addFxWidget: WidgetSummary(Weather/FX_WIDGET/[I@40ab0360 x [I@40ab0380/-2/ComponentInfo{com.htc.widget3d.weather/com.htc.widget3d.weather.WeatherWidgetProvider}/[I@40ab03a0)
04-04 21:25:33.739 D/FxWidgetProvider( 1698): row 1
04-04 21:25:33.749 D/CombinedWidgetProvider( 1698): addFxWidget: WidgetSummary(Screen Timeout/FX_WIDGET/[I@40ab2770 x [I@40ab2790/-2/ComponentInfo{com.htc.rosiewidgets.screentimeout/com.htc.rosiewidgets.screentimeout.ScreenTimeoutWidgetProvider}/[I@40ab27b0)
04-04 21:25:33.749 D/FxWidgetProvider( 1698): row 1
04-04 21:25:33.749 D/CombinedWidgetProvider( 1698): addFxWidget: WidgetSummary(Screen Brightness/FX_WIDGET/[I@40ab4d90 x [I@40ab4db0/-2/ComponentInfo{com.htc.rosiewidgets.screenbrightness/com.htc.rosiewidgets.screenbrightness.ScreenBrightnessWidgetProvider}/[I@40ab4dd0)
04-04 21:25:33.749 D/FxWidgetProvider( 1698): row 1
04-04 21:25:33.759 D/CombinedWidgetProvider( 1698): addFxWidget: WidgetSummary(Notes/FX_WIDGET/[I@40ab7710 x [I@40ab7730/-2/ComponentInfo{com.htc.htcrichnoteswidget3d/com.htc.htcrichnoteswidget3d.NotesWidgetProvider}/[I@40ab7750)
04-04 21:25:33.759 D/FxWidgetProvider( 1698): row 1
04-04 21:25:33.759 D/CombinedWidgetProvider( 1698): addFxWidget: WidgetSummary(Notes/FX_WIDGET/[I@40ab9c70 x [I@40ab9c90/-2/ComponentInfo{com.htc.htcrichnoteswidget3d/com.htc.htcrichnoteswidget3d.NotesWidgetProvider}/[I@40ab9cb0)
04-04 21:25:33.759 D/FxWidgetProvider( 1698): row 1
04-04 21:25:33.769 D/CombinedWidgetProvider( 1698): addFxWidget: WidgetSummary(HTC Likes/FX_WIDGET/[I@40abc1c0 x [I@40abc1e0/-2/ComponentInfo{com.htc.android.fusion.recommend/com.htc.android.fusion.recommend.RosieIntentReceiver}/[I@40abc200)
04-04 21:25:33.769 D/FxWidgetProvider( 1698): row 1
04-04 21:25:33.769 D/CombinedWidgetProvider( 1698): addFxWidget: WidgetSummary(Profile/FX_WIDGET/[I@40abe6c0 x [I@40abe6e0/-2/ComponentInfo{com.htc.widget.profile/com.htc.widget.profile.HtcWidgetReceiver}/[I@40abe700)
04-04 21:25:33.769 D/FxWidgetProvider( 1698): row 1
04-04 21:25:33.769 D/CombinedWidgetProvider( 1698): addFxWidget: WidgetSummary(Power Dashboard/FX_WIDGET/[I@40ac0a58 x [I@40ac0a78/-2/ComponentInfo{com.htc.rosiewidgets.powerstrip/com.htc.rosiewidgets.powerstrip.PowerStripWidgetProvider}/[I@40ac0a98)
04-04 21:25:33.779 D/FxWidgetProvider( 1698): row 1
04-04 21:25:33.779 D/CombinedWidgetProvider( 1698): addFxWidget: WidgetSummary(Photo Album/FX_WIDGET/[I@40ac2fe0 x [I@40ac3000/-2/ComponentInfo{com.htc.photowidget3d/com.htc.photowidget3d.album.PhotoAlbumWidgetProvider}/[I@40ac3020)
04-04 21:25:33.779 D/FxWidgetProvider( 1698): row 1
04-04 21:25:33.779 D/HtcWidgetScanner( 2082): count(onPackageUpdated) - 3
04-04 21:25:33.790 D/CombinedWidgetProvider( 1698): addFxWidget: WidgetSummary(Photo Frame/FX_WIDGET/[I@40ac5730 x [I@40ac5750/-2/ComponentInfo{com.htc.photowidget3d/com.htc.photowidget3d.frame.PhotoFrameWidgetProvider}/[I@40ac5770)
04-04 21:25:33.790 D/FxWidgetProvider( 1698): row 1
04-04 21:25:33.790 D/CombinedWidgetProvider( 1698): addFxWidget: WidgetSummary(Photo Grid/FX_WIDGET/[I@40ac7e80 x [I@40ac7ea0/-2/ComponentInfo{com.htc.rosiewidgets.photogridwidget3d/com.htc.rosiewidgets.photogridwidget3d.PhotoGridWidget3DProvider}/[I@40ac7ec0)
04-04 21:25:33.790 D/FxWidgetProvider( 1698): row 1
04-04 21:25:33.790 D/CombinedWidgetProvider( 1698): addFxWidget: WidgetSummary(Navigate/FX_WIDGET/[I@40aca7a8 x [I@40aca7c8/-2/ComponentInfo{com.htc.laputa.widget3d.navigate/com.htc.laputa.widget3d.navigate.NavigateWidgetProvider}/[I@40aca7e8)
04-04 21:25:33.800 D/SqliteDatabaseCpp( 2226): dbopen(): path = /data/data/com.htc.htchubsyncprovider/databases , key = mqdksjlkYdw, flag = 6, file size = 6144
04-04 21:25:33.800 D/PhoneApp( 1685): -- N1 =0
04-04 21:25:33.800 D/FxWidgetScanner( 2082): onPackageAdded: uk.ac.st_andrews.cs.host.mk74.naivegpslocalization
04-04 21:25:33.800 D/FxWidgetScanner( 2082): addWidgetList
04-04 21:25:33.810 D/FxWidgetProvider( 1698): row 1
04-04 21:25:33.840 D/SqliteDatabaseCpp( 2226): dbopen(): path = /data/data/com.htc.htchubsyncprovider/databases , key = mqdksjlkYdw, mode: delete, disk free size: 7848 M, handle: 0xd9908
04-04 21:25:33.850 D/dalvikvm( 1698): GC_CONCURRENT freed 1222K, 10% free 12637K/14023K, paused 2ms+6ms
04-04 21:25:33.940 D/CombinedWidgetProvider( 1698): addFxWidget: WidgetSummary(Navigate/FX_WIDGET/[I@40acce70 x [I@40acce90/-2/ComponentInfo{com.htc.laputa.widget3d.navigate/com.htc.laputa.widget3d.navigate.NavigateWidgetProvider}/[I@40acceb0)
04-04 21:25:33.940 D/FxWidgetProvider( 1698): row 1
04-04 21:25:33.950 D/FxWidgetScanner( 2082): ResolveInfo size 0
04-04 21:25:33.950 D/CombinedWidgetProvider( 1698): addFxWidget: WidgetSummary(Locations/FX_WIDGET/[I@40d228a8 x [I@40d1f458/-2/ComponentInfo{com.htc.laputa.widget3d.locations/com.htc.laputa.widget3d.locations.LocationsWidgetProvider}/[I@40d1e0c8)
04-04 21:25:33.950 D/FxWidgetProvider( 1698): row 1
04-04 21:25:33.960 D/CombinedWidgetProvider( 1698): addFxWidget: WidgetSummary(News/FX_WIDGET/[I@40c19b00 x [I@40c192c0/-2/ComponentInfo{com.htc.googlereaderwidget/com.htc.googlereaderwidget.RosieWidgetReceiver}/[I@40c18f88)
04-04 21:25:33.960 D/FxWidgetProvider( 1698): row 1
04-04 21:25:33.960 D/WidgetScanner( 2082): upadted? false
04-04 21:25:33.970 D/SyncProvider( 1951): match settings
04-04 21:25:33.970 D/PhoneApp( 1685): -- N2 =0
04-04 21:25:33.980 D/PhoneApp( 1685): -- N3 =0
04-04 21:25:34.150 D/dalvikvm( 2254): GC_CONCURRENT freed 485K, 9% free 6685K/7303K, paused 1ms+1ms
04-04 21:25:34.200 D/dalvikvm( 1590): GC_EXPLICIT freed 1424K, 12% free 15949K/17991K, paused 2ms+5ms
04-04 21:25:34.250 D/AndroidRuntime( 2478): Shutting down VM
04-04 21:25:34.250 D/dalvikvm( 2478): GC_CONCURRENT freed 105K, 83% free 364K/2048K, paused 0ms+0ms
04-04 21:25:34.250 D/dalvikvm( 2478): Debugger has detached; object registry had 1 entries
04-04 21:25:34.320 D/dalvikvm( 1590): GC_EXPLICIT freed 23K, 12% free 15940K/17991K, paused 2ms+4ms
04-04 21:25:34.330 D/CombinedWidgetProvider( 1698): addFxWidget: WidgetSummary(News/FX_WIDGET/[I@40ad9720 x [I@40ad96b8/-2/ComponentInfo{com.htc.googlereaderwidget/com.htc.googlereaderwidget.RosieWidgetReceiver}/[I@40ad9200)
04-04 21:25:34.330 D/FxWidgetProvider( 1698): row 1
04-04 21:25:34.330 D/CombinedWidgetProvider( 1698): addFxWidget: WidgetSummary(Data Dashboard/FX_WIDGET/[I@40a88150 x [I@40a85e18/-2/ComponentInfo{com.htc.rosiewidgets.datastrip/com.htc.rosiewidgets.datastrip.DataStripWidgetProvider}/[I@40a83b28)
04-04 21:25:34.330 D/FxWidgetProvider( 1698): row 1
04-04 21:25:34.340 D/CombinedWidgetProvider( 1698): addFxWidget: WidgetSummary(Data Roaming/FX_WIDGET/[I@40a2b2a0 x [I@40a2a968/-2/ComponentInfo{com.htc.rosiewidgets.dataroaming/com.htc.rosiewidgets.dataroaming.WidgetProvider}/[I@40a2a780)
04-04 21:25:34.350 D/FxWidgetProvider( 1698): row 1
04-04 21:25:34.350 D/CombinedWidgetProvider( 1698): addFxWidget: WidgetSummary(Analog Clock/FX_WIDGET/[I@409cfd20 x [I@409cfce0/-2/ComponentInfo{com.htc.clock3dwidget/com.htc.clock3dwidget.ClockWidgetProvider}/[I@409c2998)
04-04 21:25:34.350 D/FxWidgetProvider( 1698): row 1
04-04 21:25:34.360 D/CombinedWidgetProvider( 1698): addFxWidget: WidgetSummary(Analog Clock/FX_WIDGET/[I@408513b0 x [I@40851160/-2/ComponentInfo{com.htc.clock3dwidget/com.htc.clock3dwidget.ClockWidgetProvider}/[I@40850fa8)
04-04 21:25:34.360 D/FxWidgetProvider( 1698): row 1
04-04 21:25:34.370 D/CombinedWidgetProvider( 1698): addFxWidget: WidgetSummary(Weather Clock/FX_WIDGET/[I@40827848 x [I@408270c0/-2/ComponentInfo{com.htc.clock3dwidget/com.htc.clock3dwidget.ClockWidgetProvider}/[I@40826600)
04-04 21:25:34.370 D/FxWidgetProvider( 1698): row 1
04-04 21:25:34.380 D/CombinedWidgetProvider( 1698): addFxWidget: WidgetSummary(Travel Clock/FX_WIDGET/[I@407c8b78 x [I@407c8928/-2/ComponentInfo{com.htc.clock3dwidget/com.htc.clock3dwidget.ClockWidgetProvider}/[I@407bfa10)
04-04 21:25:34.380 D/FxWidgetProvider( 1698): row 1
04-04 21:25:34.390 D/CombinedWidgetProvider( 1698): addFxWidget: WidgetSummary(Digital Clock/FX_WIDGET/[I@40734180 x [I@40733870/-2/ComponentInfo{com.htc.clock3dwidget/com.htc.clock3dwidget.ClockWidgetProvider}/[I@40732b88)
04-04 21:25:34.390 D/FxWidgetProvider( 1698): row 1
04-04 21:25:34.390 D/CombinedWidgetProvider( 1698): addFxWidget: WidgetSummary(Analog Clock/FX_WIDGET/[I@406a1098 x [I@4069e6c8/-2/ComponentInfo{com.htc.clock3dwidget/com.htc.clock3dwidget.ClockWidgetProvider}/[I@4069e2d0)
04-04 21:25:34.400 D/FxWidgetProvider( 1698): row 1
04-04 21:25:34.420 D/CombinedWidgetProvider( 1698): addFxWidget: WidgetSummary(Analog Clock/FX_WIDGET/[I@4086cd68 x [I@408675c8/-2/ComponentInfo{com.htc.clock3dwidget/com.htc.clock3dwidget.ClockWidgetProvider}/[I@40866768)
