01-10 13:19:57.561 I/System.out( 2744): Values: 0.14982383 0.027240695 9.80665
01-10 13:19:58.562 I/System.out( 2744): Values: 0.14982383 0.027240695 9.765789
01-10 13:19:59.563 I/System.out( 2744): Values: 0.14982383 0.027240695 9.765789
01-10 13:20:00.564 I/System.out( 2744): Values: 0.14982383 0.0 9.765789
01-10 13:20:01.565 I/System.out( 2744): Values: 0.10896278 0.0 9.80665
01-10 13:20:02.566 I/System.out( 2744): Values: 0.19068487 0.027240695 9.80665
01-10 13:20:03.557 I/System.out( 2744): Values: 0.14982383 0.027240695 9.765789
01-10 13:20:04.558 I/System.out( 2744): Values: 0.14982383 0.027240695 9.765789
01-10 13:20:05.129 D/dalvikvm( 1684): GC_EXPLICIT freed 1K, 26% free 10266K/13831K, paused 11ms+4ms
01-10 13:20:05.559 I/System.out( 2744): Values: 0.14982383 0.027240695 9.765789
01-10 13:20:06.560 I/System.out( 2744): Values: 0.14982383 0.027240695 9.724928
01-10 13:20:07.561 I/System.out( 2744): Values: 0.14982383 0.0 9.765789
01-10 13:20:08.562 I/System.out( 2744): Values: 0.10896278 0.027240695 9.833891
01-10 13:20:09.563 I/System.out( 2744): Values: 0.14982383 0.0 9.765789
01-10 13:20:10.564 I/System.out( 2744): Values: 0.14982383 0.0 9.80665
01-10 13:20:11.565 I/System.out( 2744): Values: 0.14982383 0.0 9.765789
01-10 13:20:12.566 I/System.out( 2744): Values: 0.10896278 0.027240695 9.80665
01-10 13:20:13.567 I/System.out( 2744): Values: 0.14982383 0.0 9.724928
01-10 13:20:14.568 I/System.out( 2744): Values: 0.14982383 0.0 9.765789
01-10 13:20:15.569 I/System.out( 2744): Values: 0.14982383 0.0 9.724928
01-10 13:20:16.570 I/System.out( 2744): Values: 0.14982383 0.0 9.765789
01-10 13:20:17.571 I/System.out( 2744): Values: 0.10896278 0.0 9.765789
01-10 13:20:18.572 I/System.out( 2744): Values: 0.10896278 0.027240695 9.80665
01-10 13:20:19.573 I/System.out( 2744): Values: 0.10896278 0.0 9.765789
01-10 13:20:20.574 I/System.out( 2744): Values: 0.10896278 0.0 9.765789
01-10 13:20:21.565 I/System.out( 2744): Values: 0.14982383 0.0 9.765789
01-10 13:20:22.566 I/System.out( 2744): Values: 0.10896278 0.0 9.765789
01-10 13:20:23.567 I/System.out( 2744): Values: 0.10896278 0.0 9.765789
01-10 13:20:24.568 I/System.out( 2744): Values: 0.10896278 0.0 9.724928
01-10 13:20:25.569 I/System.out( 2744): Values: 0.14982383 0.06810174 9.724928
01-10 13:20:26.570 I/System.out( 2744): Values: 0.14982383 0.027240695 9.765789
01-10 13:20:27.571 I/System.out( 2744): Values: 0.06810174 0.0 9.765789
01-10 13:20:28.571 I/System.out( 2744): Values: 0.10896278 0.0 9.765789
01-10 13:20:29.572 I/System.out( 2744): Values: 0.14982383 0.027240695 9.765789
01-10 13:20:30.583 I/System.out( 2744): Values: 0.10896278 0.027240695 9.765789
01-10 13:20:31.574 I/System.out( 2744): Values: 0.10896278 0.027240695 9.765789
01-10 13:20:32.575 I/System.out( 2744): Values: 0.10896278 0.0 9.80665
01-10 13:20:33.576 I/System.out( 2744): Values: 0.10896278 0.0 9.765789
01-10 13:20:34.577 I/System.out( 2744): Values: 0.06810174 0.027240695 9.80665
01-10 13:20:35.578 I/System.out( 2744): Values: 0.14982383 0.0 9.80665
01-10 13:20:36.579 I/System.out( 2744): Values: 0.14982383 0.027240695 9.724928
01-10 13:20:37.580 I/System.out( 2744): Values: 0.06810174 0.0 9.80665
01-10 13:20:38.581 I/System.out( 2744): Values: 0.14982383 0.027240695 9.765789
01-10 13:20:39.582 I/System.out( 2744): Values: 0.14982383 0.0 9.765789
01-10 13:20:40.583 I/System.out( 2744): Values: 0.10896278 0.0 9.80665
01-10 13:20:41.584 I/System.out( 2744): Values: 0.10896278 0.0 9.80665
01-10 13:20:42.575 I/System.out( 2744): Values: 0.10896278 0.0 9.80665
01-10 13:20:43.576 I/System.out( 2744): Values: 0.10896278 0.027240695 9.765789
01-10 13:20:44.577 I/System.out( 2744): Values: 0.10896278 0.0 9.765789
01-10 13:20:45.588 I/System.out( 2744): Values: 0.10896278 0.0 9.80665
01-10 13:20:46.579 I/System.out( 2744): Values: 0.10896278 -0.027240695 9.80665
01-10 13:20:47.590 I/System.out( 2744): Values: 0.10896278 -0.027240695 9.765789
01-10 13:20:48.581 I/System.out( 2744): Values: 0.14982383 0.027240695 9.765789
01-10 13:20:49.582 I/System.out( 2744): Values: 0.06810174 0.0 9.80665
01-10 13:20:50.583 I/System.out( 2744): Values: 0.10896278 0.0 9.80665
01-10 13:20:51.584 I/System.out( 2744): Values: 0.10896278 0.027240695 9.765789
01-10 13:20:52.585 I/System.out( 2744): Values: 0.10896278 0.0 9.80665
01-10 13:20:52.775 D/UsbnetService( 1574): BroadcastReceiver::onReceive+
01-10 13:20:52.775 D/UsbnetService( 1574): onReceive BATTERY_CHANGED
01-10 13:20:52.775 D/UsbnetService( 1574):  --> pluggedType = 2, mPluggedType = 0, mScreenOff = false
01-10 13:20:52.775 D/UsbnetService( 1574): BroadcastReceiver::onReceive-
01-10 13:20:52.775 D/NotificationService( 1574): mIntentReceiver() Intent.ACTION_BATTERY_CHANGED
01-10 13:20:52.785 D/BatteryService( 1574): SendIntentforPowersaver
01-10 13:20:52.785 D/BatteryService( 1574): Current powersaver status == NORMAL_STATUS1 2 2 false
01-10 13:20:52.805 D/PowerUI ( 1644): closing low battery warning: level=97
01-10 13:20:52.805 D/RemoveMe( 1668): DCT got intent android.intent.action.BATTERY_CHANGED
01-10 13:20:52.805 D/RemoveMe( 1668): DCT got intent android.intent.action.BATTERY_CHANGED
01-10 13:20:52.805 D/PowerUI ( 1644): plugged = true, health = 2, mBatteryLevel = 97, mPluggedBatteryLevel = 99, mLowBatteryWarningLevel2 = 25, mshowLowChargingWarning2 = true
01-10 13:20:52.815 D/RemoveMe( 1668): DCT got intent android.intent.action.BATTERY_CHANGED
01-10 13:20:53.586 I/System.out( 2744): Values: 0.10896278 0.0 9.765789
01-10 13:20:53.586 I/System.out( 2744): Battery level end is reached
01-10 13:20:53.586 I/System.out( 2744): Time difference in secs is: 240
01-10 13:20:54.587 I/System.out( 2744): Values: 0.06810174 0.0 9.80665
01-10 13:20:54.587 I/System.out( 2744): Time difference in secs is: 240
01-10 13:20:55.588 I/System.out( 2744): Values: 0.10896278 0.0 9.80665
01-10 13:20:55.588 I/System.out( 2744): Time difference in secs is: 240
01-10 13:20:56.589 I/System.out( 2744): Values: 0.10896278 0.027240695 9.765789
01-10 13:20:56.589 I/System.out( 2744): Time difference in secs is: 240
01-10 13:20:57.590 I/System.out( 2744): Values: 0.19068487 0.027240695 9.765789
01-10 13:20:57.590 I/System.out( 2744): Time difference in secs is: 240
01-10 13:20:58.591 I/System.out( 2744): Values: 0.06810174 0.0 9.833891
01-10 13:20:58.591 I/System.out( 2744): Time difference in secs is: 240
01-10 13:20:59.592 I/System.out( 2744): Values: 0.14982383 0.0 9.765789
01-10 13:20:59.602 I/System.out( 2744): Time difference in secs is: 240
01-10 13:21:00.593 I/System.out( 2744): Values: 0.10896278 0.027240695 9.80665
01-10 13:21:00.593 I/System.out( 2744): Time difference in secs is: 240
01-10 13:21:01.594 I/System.out( 2744): Values: 0.10896278 0.0 9.765789
01-10 13:21:01.594 I/System.out( 2744): Time difference in secs is: 240
01-10 13:21:02.595 I/System.out( 2744): Values: 0.10896278 0.027240695 9.765789
01-10 13:21:02.595 I/System.out( 2744): Time difference in secs is: 240
01-10 13:21:03.596 I/System.out( 2744): Values: 0.10896278 0.0 9.80665
01-10 13:21:03.596 I/System.out( 2744): Time difference in secs is: 240
01-10 13:21:04.587 I/System.out( 2744): Values: 0.06810174 0.027240695 9.80665
01-10 13:21:04.587 I/System.out( 2744): Time difference in secs is: 240
01-10 13:21:05.588 I/System.out( 2744): Values: 0.10896278 0.0 9.765789
01-10 13:21:05.588 I/System.out( 2744): Time difference in secs is: 240
01-10 13:21:06.589 I/System.out( 2744): Values: 0.06810174 0.0 9.765789
01-10 13:21:06.589 I/System.out( 2744): Time difference in secs is: 240
01-10 13:21:07.590 I/System.out( 2744): Values: 0.10896278 0.0 9.765789
01-10 13:21:07.590 I/System.out( 2744): Time difference in secs is: 240
01-10 13:21:08.591 I/System.out( 2744): Values: 0.14982383 0.0 9.724928
01-10 13:21:08.591 I/System.out( 2744): Time difference in secs is: 240
01-10 13:21:09.592 I/System.out( 2744): Values: 0.10896278 0.0 9.765789
01-10 13:21:09.592 I/System.out( 2744): Time difference in secs is: 240
01-10 13:21:10.592 I/System.out( 2744): Values: 0.14982383 0.0 9.765789
01-10 13:21:10.592 I/System.out( 2744): Time difference in secs is: 240
01-10 13:21:11.593 I/System.out( 2744): Values: 0.14982383 0.0 9.765789
01-10 13:21:11.603 I/System.out( 2744): Time difference in secs is: 240
01-10 13:21:12.584 I/System.out( 2744): Values: 0.06810174 0.0 9.80665
01-10 13:21:12.594 I/System.out( 2744): Time difference in secs is: 240
01-10 13:21:13.585 I/System.out( 2744): Values: 0.14982383 0.027240695 9.724928
01-10 13:21:13.595 I/System.out( 2744): Time difference in secs is: 240
01-10 13:21:14.586 I/System.out( 2744): Values: 0.06810174 0.027240695 9.80665
01-10 13:21:14.596 I/System.out( 2744): Time difference in secs is: 240
01-10 13:21:15.597 I/System.out( 2744): Values: 0.10896278 0.0 9.724928
01-10 13:21:15.597 I/System.out( 2744): Time difference in secs is: 240
01-10 13:21:16.588 I/System.out( 2744): Values: 0.10896278 0.027240695 9.765789
01-10 13:21:16.598 I/System.out( 2744): Time difference in secs is: 240
01-10 13:21:17.589 I/System.out( 2744): Values: 0.10896278 0.0 9.765789
01-10 13:21:17.599 I/System.out( 2744): Time difference in secs is: 240
01-10 13:21:18.590 I/System.out( 2744): Values: 0.10896278 0.0 9.765789
01-10 13:21:18.600 I/System.out( 2744): Time difference in secs is: 240
01-10 13:21:19.591 I/System.out( 2744): Values: 0.14982383 0.027240695 9.724928
01-10 13:21:19.601 I/System.out( 2744): Time difference in secs is: 240
01-10 13:21:20.592 I/System.out( 2744): Values: 0.19068487 0.0 9.724928
01-10 13:21:20.602 I/System.out( 2744): Time difference in secs is: 240
01-10 13:21:21.593 I/System.out( 2744): Values: 0.10896278 0.0 9.724928
01-10 13:21:21.603 I/System.out( 2744): Time difference in secs is: 240
01-10 13:21:22.594 I/System.out( 2744): Values: 0.14982383 0.027240695 9.724928
01-10 13:21:22.594 I/System.out( 2744): Time difference in secs is: 240
01-10 13:21:22.804 D/UsbnetService( 1574): BroadcastReceiver::onReceive+
01-10 13:21:22.804 D/UsbnetService( 1574): onReceive BATTERY_CHANGED
01-10 13:21:22.804 D/UsbnetService( 1574):  --> pluggedType = 2, mPluggedType = 0, mScreenOff = false
01-10 13:21:22.804 D/UsbnetService( 1574): BroadcastReceiver::onReceive-
01-10 13:21:22.804 D/NotificationService( 1574): mIntentReceiver() Intent.ACTION_BATTERY_CHANGED
01-10 13:21:22.814 D/BatteryService( 1574): SendIntentforPowersaver
01-10 13:21:22.834 D/BatteryService( 1574): Current powersaver status == NORMAL_STATUS1 2 2 false
01-10 13:21:22.834 D/RemoveMe( 1668): DCT got intent android.intent.action.BATTERY_CHANGED
01-10 13:21:22.834 D/PowerUI ( 1644): closing low battery warning: level=97
01-10 13:21:22.834 D/PowerUI ( 1644): plugged = true, health = 2, mBatteryLevel = 97, mPluggedBatteryLevel = 99, mLowBatteryWarningLevel2 = 25, mshowLowChargingWarning2 = true
01-10 13:21:22.854 D/RemoveMe( 1668): DCT got intent android.intent.action.BATTERY_CHANGED
01-10 13:21:22.854 D/RemoveMe( 1668): DCT got intent android.intent.action.BATTERY_CHANGED
01-10 13:21:22.874 D/dalvikvm( 1668): GC_CONCURRENT freed 383K, 8% free 7212K/7815K, paused 2ms+1ms
01-10 13:21:23.585 I/System.out( 2744): Values: 0.10896278 0.027240695 9.765789
01-10 13:21:23.595 I/System.out( 2744): Time difference in secs is: 240
01-10 13:21:24.596 I/System.out( 2744): Values: 0.19068487 0.027240695 9.765789
01-10 13:21:24.596 I/System.out( 2744): Time difference in secs is: 240
01-10 13:21:25.607 I/System.out( 2744): Values: 0.10896278 0.027240695 9.724928
01-10 13:21:25.617 I/System.out( 2744): Time difference in secs is: 240
01-10 13:21:25.687 D/dalvikvm( 2744): GC_CONCURRENT freed 402K, 8% free 6560K/7111K, paused 6ms+1ms
01-10 13:21:26.598 I/System.out( 2744): Values: 0.06810174 0.027240695 9.80665
01-10 13:21:26.598 I/System.out( 2744): Time difference in secs is: 240
01-10 13:21:27.599 I/System.out( 2744): Values: 0.10896278 0.0 9.765789
01-10 13:21:27.599 I/System.out( 2744): Time difference in secs is: 240
01-10 13:21:28.600 I/System.out( 2744): Values: 0.10896278 0.0 9.80665
01-10 13:21:28.600 I/System.out( 2744): Time difference in secs is: 240
01-10 13:21:29.601 I/System.out( 2744): Values: 0.10896278 0.027240695 9.80665
01-10 13:21:29.601 I/System.out( 2744): Time difference in secs is: 240
01-10 13:21:30.602 I/System.out( 2744): Values: 0.14982383 0.0 9.765789
01-10 13:21:30.602 I/System.out( 2744): Time difference in secs is: 240
01-10 13:21:31.603 I/System.out( 2744): Values: 0.10896278 0.027240695 9.765789
01-10 13:21:31.603 I/System.out( 2744): Time difference in secs is: 240
01-10 13:21:32.604 I/System.out( 2744): Values: 0.14982383 0.027240695 9.724928
01-10 13:21:32.604 I/System.out( 2744): Time difference in secs is: 240
01-10 13:21:33.595 I/System.out( 2744): Values: 0.14982383 0.0 9.724928
01-10 13:21:33.595 I/System.out( 2744): Time difference in secs is: 240
01-10 13:21:34.596 I/System.out( 2744): Values: 0.10896278 0.06810174 9.724928
01-10 13:21:34.596 I/System.out( 2744): Time difference in secs is: 240
01-10 13:21:35.597 I/System.out( 2744): Values: 0.14982383 0.027240695 9.724928
01-10 13:21:35.597 I/System.out( 2744): Time difference in secs is: 240
01-10 13:21:36.598 I/System.out( 2744): Values: 0.10896278 0.0 9.80665
01-10 13:21:36.598 I/System.out( 2744): Time difference in secs is: 240
01-10 13:21:37.599 I/System.out( 2744): Values: 0.10896278 0.0 9.765789
01-10 13:21:37.599 I/System.out( 2744): Time difference in secs is: 240
01-10 13:21:38.600 I/System.out( 2744): Values: 0.06810174 0.027240695 9.765789
01-10 13:21:38.600 I/System.out( 2744): Time difference in secs is: 240
01-10 13:21:39.601 I/System.out( 2744): Values: 0.14982383 0.027240695 9.765789
01-10 13:21:39.601 I/System.out( 2744): Time difference in secs is: 240
01-10 13:21:40.602 I/System.out( 2744): Values: 0.14982383 0.027240695 9.765789
01-10 13:21:40.602 I/System.out( 2744): Time difference in secs is: 240
01-10 13:21:41.603 I/System.out( 2744): Values: 0.10896278 0.0 9.80665
01-10 13:21:41.603 I/System.out( 2744): Time difference in secs is: 240
01-10 13:21:42.604 I/System.out( 2744): Values: 0.14982383 0.027240695 9.765789
01-10 13:21:42.614 I/System.out( 2744): Time difference in secs is: 240
01-10 13:21:43.595 I/System.out( 2744): Values: 0.10896278 0.027240695 9.80665
01-10 13:21:43.605 I/System.out( 2744): Time difference in secs is: 240
01-10 13:21:44.606 I/System.out( 2744): Values: 0.14982383 0.027240695 9.80665
01-10 13:21:44.606 I/System.out( 2744): Time difference in secs is: 240
01-10 13:21:45.597 I/System.out( 2744): Values: 0.10896278 0.027240695 9.724928
01-10 13:21:45.607 I/System.out( 2744): Time difference in secs is: 240
01-10 13:21:46.598 I/System.out( 2744): Values: 0.06810174 0.027240695 9.80665
01-10 13:21:46.608 I/System.out( 2744): Time difference in secs is: 240
01-10 13:21:47.599 I/System.out( 2744): Values: 0.14982383 0.0 9.765789
01-10 13:21:47.609 I/System.out( 2744): Time difference in secs is: 240
01-10 13:21:48.600 I/System.out( 2744): Values: 0.10896278 0.0 9.80665
01-10 13:21:48.610 I/System.out( 2744): Time difference in secs is: 240
01-10 13:21:49.601 I/System.out( 2744): Values: 0.14982383 0.0 9.765789
01-10 13:21:49.611 I/System.out( 2744): Time difference in secs is: 240
01-10 13:21:50.612 I/System.out( 2744): Values: 0.10896278 0.0 9.765789
01-10 13:21:50.612 I/System.out( 2744): Time difference in secs is: 240
01-10 13:21:51.602 I/System.out( 2744): Values: 0.10896278 0.0 9.765789
01-10 13:21:51.613 I/System.out( 2744): Time difference in secs is: 240
01-10 13:21:52.603 I/System.out( 2744): Values: 0.14982383 0.027240695 9.80665
01-10 13:21:52.613 I/System.out( 2744): Time difference in secs is: 240
01-10 13:21:53.604 I/System.out( 2744): Values: 0.14982383 0.027240695 9.765789
01-10 13:21:53.604 I/System.out( 2744): Time difference in secs is: 240
01-10 13:21:54.595 I/System.out( 2744): Values: 0.10896278 0.027240695 9.80665
01-10 13:21:54.605 I/System.out( 2744): Time difference in secs is: 240
01-10 13:21:55.596 I/System.out( 2744): Values: 0.10896278 0.027240695 9.80665
01-10 13:21:55.606 I/System.out( 2744): Time difference in secs is: 240
01-10 13:21:56.597 I/System.out( 2744): Values: 0.14982383 0.0 9.724928
01-10 13:21:56.607 I/System.out( 2744): Time difference in secs is: 240
01-10 13:21:57.608 I/System.out( 2744): Values: 0.10896278 0.027240695 9.765789
01-10 13:21:57.608 I/System.out( 2744): Time difference in secs is: 240
01-10 13:21:58.609 I/System.out( 2744): Values: 0.14982383 0.027240695 9.765789
01-10 13:21:58.609 I/System.out( 2744): Time difference in secs is: 240
01-10 13:21:59.610 I/System.out( 2744): Values: 0.14982383 0.027240695 9.765789
01-10 13:21:59.610 I/System.out( 2744): Time difference in secs is: 240
01-10 13:22:00.611 I/System.out( 2744): Values: 0.14982383 0.0 9.724928
01-10 13:22:00.611 I/System.out( 2744): Time difference in secs is: 240
01-10 13:22:01.612 I/System.out( 2744): Values: 0.10896278 0.027240695 9.724928
01-10 13:22:01.612 I/System.out( 2744): Time difference in secs is: 240
01-10 13:22:02.613 I/System.out( 2744): Values: 0.10896278 0.027240695 9.765789
01-10 13:22:02.613 I/System.out( 2744): Time difference in secs is: 240
01-10 13:22:03.604 I/System.out( 2744): Values: 0.10896278 0.06810174 9.724928
01-10 13:22:03.614 I/System.out( 2744): Time difference in secs is: 240
01-10 13:22:04.605 I/System.out( 2744): Values: 0.14982383 0.0 9.765789
01-10 13:22:04.615 I/System.out( 2744): Time difference in secs is: 240
01-10 13:22:05.096 D/dalvikvm( 1684): GC_EXPLICIT freed 1K, 26% free 10266K/13831K, paused 2ms+4ms
01-10 13:22:05.606 I/System.out( 2744): Values: 0.06810174 0.0 9.765789
01-10 13:22:05.616 I/System.out( 2744): Time difference in secs is: 240
01-10 13:22:06.607 I/System.out( 2744): Values: 0.10896278 0.027240695 9.765789
01-10 13:22:06.617 I/System.out( 2744): Time difference in secs is: 240
01-10 13:22:07.608 I/System.out( 2744): Values: 0.06810174 0.027240695 9.80665
01-10 13:22:07.618 I/System.out( 2744): Time difference in secs is: 240
01-10 13:22:08.609 I/System.out( 2744): Values: 0.10896278 0.027240695 9.724928
01-10 13:22:08.619 I/System.out( 2744): Time difference in secs is: 240
01-10 13:22:09.610 I/System.out( 2744): Values: 0.10896278 0.06810174 9.765789
01-10 13:22:09.620 I/System.out( 2744): Time difference in secs is: 240
01-10 13:22:10.611 I/System.out( 2744): Values: 0.10896278 0.027240695 9.765789
01-10 13:22:10.621 I/System.out( 2744): Time difference in secs is: 240
01-10 13:22:11.612 I/System.out( 2744): Values: 0.10896278 0.027240695 9.765789
01-10 13:22:11.622 I/System.out( 2744): Time difference in secs is: 240
01-10 13:22:12.613 I/System.out( 2744): Values: 0.06810174 0.027240695 9.765789
01-10 13:22:12.623 I/System.out( 2744): Time difference in secs is: 240
01-10 13:22:13.624 I/System.out( 2744): Values: 0.10896278 0.027240695 9.80665
01-10 13:22:13.624 I/System.out( 2744): Time difference in secs is: 240
01-10 13:22:14.615 I/System.out( 2744): Values: 0.10896278 0.0 9.765789
01-10 13:22:14.615 I/System.out( 2744): Time difference in secs is: 240
01-10 13:22:15.616 I/System.out( 2744): Values: 0.10896278 0.027240695 9.724928
01-10 13:22:15.616 I/System.out( 2744): Time difference in secs is: 240
01-10 13:22:16.617 I/System.out( 2744): Values: 0.14982383 0.0 9.80665
01-10 13:22:16.617 I/System.out( 2744): Time difference in secs is: 240
01-10 13:22:17.618 I/System.out( 2744): Values: 0.14982383 0.027240695 9.765789
01-10 13:22:17.618 I/System.out( 2744): Time difference in secs is: 240
01-10 13:22:18.619 I/System.out( 2744): Values: 0.10896278 0.027240695 9.765789
01-10 13:22:18.619 I/System.out( 2744): Time difference in secs is: 240
01-10 13:22:19.620 I/System.out( 2744): Values: 0.14982383 0.027240695 9.765789
01-10 13:22:19.620 I/System.out( 2744): Time difference in secs is: 240
01-10 13:22:20.621 I/System.out( 2744): Values: 0.14982383 0.027240695 9.765789
01-10 13:22:20.621 I/System.out( 2744): Time difference in secs is: 240
01-10 13:22:21.622 I/System.out( 2744): Values: 0.14982383 0.027240695 9.765789
01-10 13:22:21.622 I/System.out( 2744): Time difference in secs is: 240
01-10 13:22:22.623 I/System.out( 2744): Values: 0.06810174 0.027240695 9.765789
01-10 13:22:22.623 I/System.out( 2744): Time difference in secs is: 240
01-10 13:22:22.843 D/UsbnetService( 1574): BroadcastReceiver::onReceive+
01-10 13:22:22.843 D/UsbnetService( 1574): onReceive BATTERY_CHANGED
01-10 13:22:22.843 D/UsbnetService( 1574):  --> pluggedType = 2, mPluggedType = 0, mScreenOff = false
01-10 13:22:22.843 D/UsbnetService( 1574): BroadcastReceiver::onReceive-
01-10 13:22:22.843 D/NotificationService( 1574): mIntentReceiver() Intent.ACTION_BATTERY_CHANGED
01-10 13:22:22.853 D/BatteryService( 1574): SendIntentforPowersaver
01-10 13:22:22.863 D/BatteryService( 1574): Current powersaver status == NORMAL_STATUS1 2 2 false
01-10 13:22:22.873 D/PowerUI ( 1644): closing low battery warning: level=97
01-10 13:22:22.873 D/PowerUI ( 1644): plugged = true, health = 2, mBatteryLevel = 97, mPluggedBatteryLevel = 99, mLowBatteryWarningLevel2 = 25, mshowLowChargingWarning2 = true
01-10 13:22:22.883 D/RemoveMe( 1668): DCT got intent android.intent.action.BATTERY_CHANGED
01-10 13:22:22.893 D/RemoveMe( 1668): DCT got intent android.intent.action.BATTERY_CHANGED
01-10 13:22:22.913 D/RemoveMe( 1668): DCT got intent android.intent.action.BATTERY_CHANGED
01-10 13:22:23.624 I/System.out( 2744): Values: 0.06810174 0.027240695 9.765789
01-10 13:22:23.634 I/System.out( 2744): Time difference in secs is: 240
01-10 13:22:24.615 I/System.out( 2744): Values: 0.10896278 0.027240695 9.765789
01-10 13:22:24.625 I/System.out( 2744): Time difference in secs is: 240
01-10 13:22:25.616 I/System.out( 2744): Values: 0.10896278 0.027240695 9.765789
01-10 13:22:25.626 I/System.out( 2744): Time difference in secs is: 240
01-10 13:22:26.617 I/System.out( 2744): Values: 0.14982383 0.06810174 9.724928
01-10 13:22:26.627 I/System.out( 2744): Time difference in secs is: 240
01-10 13:22:27.618 I/System.out( 2744): Values: 0.06810174 0.0 9.80665
01-10 13:22:27.628 I/System.out( 2744): Time difference in secs is: 240
01-10 13:22:28.619 I/System.out( 2744): Values: 0.10896278 0.027240695 9.724928
01-10 13:22:28.629 I/System.out( 2744): Time difference in secs is: 240
01-10 13:22:29.620 I/System.out( 2744): Values: 0.10896278 0.0 9.80665
01-10 13:22:29.630 I/System.out( 2744): Time difference in secs is: 240
01-10 13:22:30.621 I/System.out( 2744): Values: 0.06810174 0.027240695 9.765789
01-10 13:22:30.631 I/System.out( 2744): Time difference in secs is: 240
01-10 13:22:31.632 I/System.out( 2744): Values: 0.14982383 0.027240695 9.765789
01-10 13:22:31.632 I/System.out( 2744): Time difference in secs is: 240
01-10 13:22:32.623 I/System.out( 2744): Values: 0.10896278 0.027240695 9.765789
01-10 13:22:32.633 I/System.out( 2744): Time difference in secs is: 240
01-10 13:22:33.634 I/System.out( 2744): Values: 0.06810174 0.027240695 9.765789
01-10 13:22:33.634 I/System.out( 2744): Time difference in secs is: 240
01-10 13:22:34.624 I/System.out( 2744): Values: 0.06810174 0.0 9.765789
01-10 13:22:34.624 I/System.out( 2744): Time difference in secs is: 240
01-10 13:22:35.625 I/System.out( 2744): Values: 0.10896278 0.0 9.724928
01-10 13:22:35.625 I/System.out( 2744): Time difference in secs is: 240
01-10 13:22:36.626 I/System.out( 2744): Values: 0.10896278 0.0 9.765789
01-10 13:22:36.626 I/System.out( 2744): Time difference in secs is: 240
01-10 13:22:37.627 I/System.out( 2744): Values: 0.14982383 0.0 9.765789
01-10 13:22:37.627 I/System.out( 2744): Time difference in secs is: 240
01-10 13:22:38.628 I/System.out( 2744): Values: 0.14982383 0.0 9.765789
01-10 13:22:38.628 I/System.out( 2744): Time difference in secs is: 240
01-10 13:22:39.629 I/System.out( 2744): Values: 0.14982383 0.0 9.765789
01-10 13:22:39.629 I/System.out( 2744): Time difference in secs is: 240
01-10 13:22:40.630 I/System.out( 2744): Values: 0.10896278 0.027240695 9.765789
01-10 13:22:40.630 I/System.out( 2744): Time difference in secs is: 240
01-10 13:22:41.631 I/System.out( 2744): Values: 0.10896278 0.027240695 9.765789
01-10 13:22:41.631 I/System.out( 2744): Time difference in secs is: 240
01-10 13:22:42.632 I/System.out( 2744): Values: 0.10896278 0.027240695 9.765789
01-10 13:22:42.642 I/System.out( 2744): Time difference in secs is: 240
01-10 13:22:43.633 I/System.out( 2744): Values: 0.10896278 0.0 9.765789
01-10 13:22:43.633 I/System.out( 2744): Time difference in secs is: 240
01-10 13:22:44.634 I/System.out( 2744): Values: 0.06810174 0.027240695 9.80665
01-10 13:22:44.634 I/System.out( 2744): Time difference in secs is: 240
01-10 13:22:45.625 I/System.out( 2744): Values: 0.14982383 0.0 9.80665
01-10 13:22:45.625 I/System.out( 2744): Time difference in secs is: 240
01-10 13:22:46.636 I/System.out( 2744): Values: 0.10896278 0.0 9.765789
01-10 13:22:46.636 I/System.out( 2744): Time difference in secs is: 240
01-10 13:22:47.627 I/System.out( 2744): Values: 0.14982383 0.0 9.765789
01-10 13:22:47.637 I/System.out( 2744): Time difference in secs is: 240
01-10 13:22:48.628 I/System.out( 2744): Values: 0.06810174 0.027240695 9.80665
01-10 13:22:48.638 I/System.out( 2744): Time difference in secs is: 240
01-10 13:22:49.629 I/System.out( 2744): Values: 0.19068487 0.0 9.765789
01-10 13:22:49.639 I/System.out( 2744): Time difference in secs is: 240
01-10 13:22:50.630 I/System.out( 2744): Values: 0.10896278 0.027240695 9.765789
01-10 13:22:50.640 I/System.out( 2744): Time difference in secs is: 240
01-10 13:22:51.631 I/System.out( 2744): Values: 0.10896278 0.027240695 9.80665
01-10 13:22:51.641 I/System.out( 2744): Time difference in secs is: 240
01-10 13:22:52.632 I/System.out( 2744): Values: 0.10896278 0.0 9.80665
01-10 13:22:52.642 I/System.out( 2744): Time difference in secs is: 240
01-10 13:22:53.633 I/System.out( 2744): Values: 0.10896278 0.0 9.80665
01-10 13:22:53.643 I/System.out( 2744): Time difference in secs is: 240
01-10 13:22:54.634 I/System.out( 2744): Values: 0.14982383 0.0 9.80665
01-10 13:22:54.634 I/System.out( 2744): Time difference in secs is: 240
01-10 13:22:55.625 I/System.out( 2744): Values: 0.10896278 0.0 9.765789
01-10 13:22:55.635 I/System.out( 2744): Time difference in secs is: 240
01-10 13:22:56.626 I/System.out( 2744): Values: 0.10896278 0.0 9.765789
01-10 13:22:56.636 I/System.out( 2744): Time difference in secs is: 240
01-10 13:22:57.627 I/System.out( 2744): Values: 0.14982383 -0.027240695 9.765789
01-10 13:22:57.637 I/System.out( 2744): Time difference in secs is: 240
01-10 13:22:58.628 I/System.out( 2744): Values: 0.10896278 0.027240695 9.765789
01-10 13:22:58.638 I/System.out( 2744): Time difference in secs is: 240
01-10 13:22:59.629 I/System.out( 2744): Values: 0.10896278 0.027240695 9.765789
01-10 13:22:59.639 I/System.out( 2744): Time difference in secs is: 240
01-10 13:23:00.640 I/System.out( 2744): Values: 0.06810174 0.0 9.80665
01-10 13:23:00.640 I/System.out( 2744): Time difference in secs is: 240
01-10 13:23:01.641 I/System.out( 2744): Values: 0.10896278 0.027240695 9.765789
01-10 13:23:01.641 I/System.out( 2744): Time difference in secs is: 240
01-10 13:23:02.642 I/System.out( 2744): Values: 0.14982383 0.027240695 9.724928
01-10 13:23:02.642 I/System.out( 2744): Time difference in secs is: 240
01-10 13:23:03.643 I/System.out( 2744): Values: 0.10896278 0.0 9.80665
01-10 13:23:03.643 I/System.out( 2744): Time difference in secs is: 240
01-10 13:23:04.644 I/System.out( 2744): Values: 0.19068487 0.06810174 9.724928
01-10 13:23:04.644 I/System.out( 2744): Time difference in secs is: 240
01-10 13:23:05.635 I/System.out( 2744): Values: 0.06810174 0.0 9.765789
01-10 13:23:05.635 I/System.out( 2744): Time difference in secs is: 240
01-10 13:23:06.636 I/System.out( 2744): Values: 0.14982383 0.027240695 9.765789
01-10 13:23:06.636 I/System.out( 2744): Time difference in secs is: 240
01-10 13:23:07.637 I/System.out( 2744): Values: 0.10896278 0.0 9.80665
01-10 13:23:07.637 I/System.out( 2744): Time difference in secs is: 240
01-10 13:23:08.638 I/System.out( 2744): Values: 0.10896278 0.0 9.765789
01-10 13:23:08.638 I/System.out( 2744): Time difference in secs is: 240
01-10 13:23:09.639 I/System.out( 2744): Values: 0.10896278 0.0 9.80665
01-10 13:23:09.639 I/System.out( 2744): Time difference in secs is: 240
01-10 13:23:10.640 I/System.out( 2744): Values: 0.14982383 0.027240695 9.765789
01-10 13:23:10.640 I/System.out( 2744): Time difference in secs is: 240
01-10 13:23:11.641 I/System.out( 2744): Values: 0.10896278 0.027240695 9.80665
01-10 13:23:11.641 I/System.out( 2744): Time difference in secs is: 240
01-10 13:23:12.642 I/System.out( 2744): Values: 0.10896278 0.0 9.765789
01-10 13:23:12.642 I/System.out( 2744): Time difference in secs is: 240
01-10 13:23:13.643 I/System.out( 2744): Values: 0.14982383 0.0 9.765789
01-10 13:23:13.643 I/System.out( 2744): Time difference in secs is: 240
01-10 13:23:14.644 I/System.out( 2744): Values: 0.14982383 0.0 9.765789
01-10 13:23:14.644 I/System.out( 2744): Time difference in secs is: 240
01-10 13:23:15.634 I/System.out( 2744): Values: 0.14982383 0.0 9.765789
01-10 13:23:15.634 I/System.out( 2744): Time difference in secs is: 240
01-10 13:23:16.635 I/System.out( 2744): Values: 0.14982383 0.06810174 9.724928
01-10 13:23:16.635 I/System.out( 2744): Time difference in secs is: 240
01-10 13:23:17.636 I/System.out( 2744): Values: 0.10896278 0.0 9.833891
01-10 13:23:17.636 I/System.out( 2744): Time difference in secs is: 240
01-10 13:23:18.647 I/System.out( 2744): Values: 0.14982383 0.027240695 9.765789
01-10 13:23:18.647 I/System.out( 2744): Time difference in secs is: 240
01-10 13:23:19.638 I/System.out( 2744): Values: 0.14982383 0.0 9.765789
01-10 13:23:19.648 I/System.out( 2744): Time difference in secs is: 240
01-10 13:23:20.639 I/System.out( 2744): Values: 0.10896278 0.027240695 9.80665
01-10 13:23:20.649 I/System.out( 2744): Time difference in secs is: 240
01-10 13:23:21.640 I/System.out( 2744): Values: 0.14982383 0.027240695 9.765789
01-10 13:23:21.650 I/System.out( 2744): Time difference in secs is: 240
01-10 13:23:22.641 I/System.out( 2744): Values: 0.19068487 0.027240695 9.724928
01-10 13:23:22.651 I/System.out( 2744): Time difference in secs is: 240
01-10 13:23:23.642 I/System.out( 2744): Values: 0.10896278 0.0 9.80665
01-10 13:23:23.652 I/System.out( 2744): Time difference in secs is: 240
01-10 13:23:24.643 I/System.out( 2744): Values: 0.10896278 0.0 9.765789
01-10 13:23:24.653 I/System.out( 2744): Time difference in secs is: 240
01-10 13:23:25.634 I/System.out( 2744): Values: 0.10896278 0.0 9.765789
01-10 13:23:25.644 I/System.out( 2744): Time difference in secs is: 240
01-10 13:23:26.645 I/System.out( 2744): Values: 0.14982383 0.027240695 9.765789
01-10 13:23:26.645 I/System.out( 2744): Time difference in secs is: 240
01-10 13:23:27.646 I/System.out( 2744): Values: 0.14982383 0.027240695 9.765789
01-10 13:23:27.646 I/System.out( 2744): Time difference in secs is: 240
01-10 13:23:28.647 I/System.out( 2744): Values: 0.14982383 0.027240695 9.765789
01-10 13:23:28.647 I/System.out( 2744): Time difference in secs is: 240
01-10 13:23:29.648 I/System.out( 2744): Values: 0.10896278 0.027240695 9.80665
01-10 13:23:29.648 I/System.out( 2744): Time difference in secs is: 240
01-10 13:23:30.649 I/System.out( 2744): Values: 0.10896278 0.0 9.765789
01-10 13:23:30.649 I/System.out( 2744): Time difference in secs is: 240
01-10 13:23:31.650 I/System.out( 2744): Values: 0.10896278 0.027240695 9.765789
01-10 13:23:31.650 I/System.out( 2744): Time difference in secs is: 240
01-10 13:23:32.651 I/System.out( 2744): Values: 0.14982383 0.0 9.724928
01-10 13:23:32.651 I/System.out( 2744): Time difference in secs is: 240
01-10 13:23:33.652 I/System.out( 2744): Values: 0.10896278 0.027240695 9.765789
01-10 13:23:33.652 I/System.out( 2744): Time difference in secs is: 240
01-10 13:23:33.742 D/dalvikvm( 2744): GC_CONCURRENT freed 379K, 8% free 6581K/7111K, paused 5ms+1ms
01-10 13:23:34.653 I/System.out( 2744): Values: 0.19068487 0.0 9.724928
01-10 13:23:34.653 I/System.out( 2744): Time difference in secs is: 240
01-10 13:23:35.654 I/System.out( 2744): Values: 0.14982383 0.0 9.724928
01-10 13:23:35.654 I/System.out( 2744): Time difference in secs is: 240
01-10 13:23:36.645 I/System.out( 2744): Values: 0.14982383 0.027240695 9.765789
01-10 13:23:36.645 I/System.out( 2744): Time difference in secs is: 240
01-10 13:23:37.646 I/System.out( 2744): Values: 0.06810174 0.027240695 9.765789
01-10 13:23:37.656 I/System.out( 2744): Time difference in secs is: 240
01-10 13:23:38.657 I/System.out( 2744): Values: 0.14982383 0.027240695 9.765789
01-10 13:23:38.657 I/System.out( 2744): Time difference in secs is: 240
01-10 13:23:39.648 I/System.out( 2744): Values: 0.14982383 0.027240695 9.724928
01-10 13:23:39.658 I/System.out( 2744): Time difference in secs is: 240
01-10 13:23:40.649 I/System.out( 2744): Values: 0.14982383 0.027240695 9.765789
01-10 13:23:40.659 I/System.out( 2744): Time difference in secs is: 240
01-10 13:23:41.650 I/System.out( 2744): Values: 0.10896278 0.0 9.765789
01-10 13:23:41.660 I/System.out( 2744): Time difference in secs is: 240
01-10 13:23:42.651 I/System.out( 2744): Values: 0.10896278 0.027240695 9.765789
01-10 13:23:42.661 I/System.out( 2744): Time difference in secs is: 240
01-10 13:23:43.652 I/System.out( 2744): Values: 0.10896278 0.0 9.80665
01-10 13:23:43.662 I/System.out( 2744): Time difference in secs is: 240
01-10 13:23:44.653 I/System.out( 2744): Values: 0.10896278 0.0 9.724928
01-10 13:23:44.663 I/System.out( 2744): Time difference in secs is: 240
01-10 13:23:45.654 I/System.out( 2744): Values: 0.10896278 0.027240695 9.80665
01-10 13:23:45.664 I/System.out( 2744): Time difference in secs is: 240
01-10 13:23:46.645 I/System.out( 2744): Values: 0.14982383 0.027240695 9.80665
01-10 13:23:46.655 I/System.out( 2744): Time difference in secs is: 240
01-10 13:23:47.656 I/System.out( 2744): Values: 0.10896278 0.027240695 9.765789
01-10 13:23:47.656 I/System.out( 2744): Time difference in secs is: 240
01-10 13:23:48.647 I/System.out( 2744): Values: 0.14982383 0.0 9.765789
01-10 13:23:48.657 I/System.out( 2744): Time difference in secs is: 240
01-10 13:23:49.648 I/System.out( 2744): Values: 0.14982383 0.0 9.724928
01-10 13:23:49.658 I/System.out( 2744): Time difference in secs is: 240
01-10 13:23:50.649 I/System.out( 2744): Values: 0.14982383 0.0 9.80665
01-10 13:23:50.659 I/System.out( 2744): Time difference in secs is: 240
01-10 13:23:51.660 I/System.out( 2744): Values: 0.14982383 0.027240695 9.765789
01-10 13:23:51.660 I/System.out( 2744): Time difference in secs is: 240
01-10 13:23:52.661 I/System.out( 2744): Values: 0.10896278 0.0 9.833891
01-10 13:23:52.661 I/System.out( 2744): Time difference in secs is: 240
01-10 13:23:53.662 I/System.out( 2744): Values: 0.14982383 0.0 9.80665
01-10 13:23:53.662 I/System.out( 2744): Time difference in secs is: 240
01-10 13:23:54.663 I/System.out( 2744): Values: 0.10896278 0.027240695 9.80665
01-10 13:23:54.663 I/System.out( 2744): Time difference in secs is: 240
01-10 13:23:55.664 I/System.out( 2744): Values: 0.14982383 0.0 9.765789
01-10 13:23:55.664 I/System.out( 2744): Time difference in secs is: 240
01-10 13:23:56.665 I/System.out( 2744): Values: 0.14982383 0.027240695 9.765789
01-10 13:23:56.665 I/System.out( 2744): Time difference in secs is: 240
01-10 13:23:57.665 I/System.out( 2744): Values: 0.10896278 0.0 9.80665
01-10 13:23:57.665 I/System.out( 2744): Time difference in secs is: 240
01-10 13:23:58.656 I/System.out( 2744): Values: 0.10896278 0.027240695 9.80665
01-10 13:23:58.656 I/System.out( 2744): Time difference in secs is: 240
01-10 13:23:59.657 I/System.out( 2744): Values: 0.10896278 0.0 9.80665
01-10 13:23:59.667 I/System.out( 2744): Time difference in secs is: 240
01-10 13:24:00.658 I/System.out( 2744): Values: 0.14982383 0.0 9.765789
01-10 13:24:00.668 I/System.out( 2744): Time difference in secs is: 240
01-10 13:24:01.659 I/System.out( 2744): Values: 0.14982383 0.027240695 9.765789
01-10 13:24:01.669 I/System.out( 2744): Time difference in secs is: 240
01-10 13:24:02.660 I/System.out( 2744): Values: 0.10896278 0.0 9.765789
01-10 13:24:02.670 I/System.out( 2744): Time difference in secs is: 240
01-10 13:24:03.661 I/System.out( 2744): Values: 0.14982383 0.0 9.724928
01-10 13:24:03.671 I/System.out( 2744): Time difference in secs is: 240
01-10 13:24:04.662 I/System.out( 2744): Values: 0.10896278 0.0 9.765789
01-10 13:24:04.672 I/System.out( 2744): Time difference in secs is: 240
01-10 13:24:05.103 D/dalvikvm( 1684): GC_EXPLICIT freed 1K, 26% free 10266K/13831K, paused 1ms+2ms
01-10 13:24:05.663 I/System.out( 2744): Values: 0.19068487 0.0 9.765789
01-10 13:24:05.673 I/System.out( 2744): Time difference in secs is: 240
01-10 13:24:06.664 I/System.out( 2744): Values: 0.14982383 0.027240695 9.765789
01-10 13:24:06.664 I/System.out( 2744): Time difference in secs is: 240
01-10 13:24:07.665 I/System.out( 2744): Values: 0.10896278 0.0 9.80665
01-10 13:24:07.665 I/System.out( 2744): Time difference in secs is: 240
01-10 13:24:08.666 I/System.out( 2744): Values: 0.14982383 0.0 9.80665
01-10 13:24:08.666 I/System.out( 2744): Time difference in secs is: 240
01-10 13:24:09.667 I/System.out( 2744): Values: 0.14982383 0.0 9.765789
01-10 13:24:09.667 I/System.out( 2744): Time difference in secs is: 240
01-10 13:24:10.668 I/System.out( 2744): Values: 0.10896278 0.027240695 9.765789
01-10 13:24:10.668 I/System.out( 2744): Time difference in secs is: 240
01-10 13:24:11.669 I/System.out( 2744): Values: 0.10896278 0.027240695 9.80665
01-10 13:24:11.669 I/System.out( 2744): Time difference in secs is: 240
01-10 13:24:12.670 I/System.out( 2744): Values: 0.14982383 0.0 9.80665
01-10 13:24:12.670 I/System.out( 2744): Time difference in secs is: 240
01-10 13:24:13.671 I/System.out( 2744): Values: 0.10896278 0.027240695 9.80665
01-10 13:24:13.671 I/System.out( 2744): Time difference in secs is: 240
01-10 13:24:14.672 I/System.out( 2744): Values: 0.14982383 0.027240695 9.765789
01-10 13:24:14.672 I/System.out( 2744): Time difference in secs is: 240
01-10 13:24:15.673 I/System.out( 2744): Values: 0.14982383 0.027240695 9.765789
01-10 13:24:15.673 I/System.out( 2744): Time difference in secs is: 240
01-10 13:24:16.664 I/System.out( 2744): Values: 0.06810174 0.0 9.80665
01-10 13:24:16.664 I/System.out( 2744): Time difference in secs is: 240
01-10 13:24:17.665 I/System.out( 2744): Values: 0.10896278 0.0 9.80665
01-10 13:24:17.665 I/System.out( 2744): Time difference in secs is: 240
01-10 13:24:18.676 I/System.out( 2744): Values: 0.10896278 0.027240695 9.80665
01-10 13:24:18.676 I/System.out( 2744): Time difference in secs is: 240
01-10 13:24:19.667 I/System.out( 2744): Values: 0.10896278 0.0 9.833891
01-10 13:24:19.677 I/System.out( 2744): Time difference in secs is: 240
01-10 13:24:20.668 I/System.out( 2744): Values: 0.10896278 0.027240695 9.80665
01-10 13:24:20.678 I/System.out( 2744): Time difference in secs is: 240
01-10 13:24:21.669 I/System.out( 2744): Values: 0.06810174 0.027240695 9.80665
01-10 13:24:21.669 I/System.out( 2744): Time difference in secs is: 240
01-10 13:24:22.670 I/System.out( 2744): Values: 0.14982383 0.0 9.724928
01-10 13:24:22.680 I/System.out( 2744): Time difference in secs is: 240
01-10 13:24:22.930 D/UsbnetService( 1574): BroadcastReceiver::onReceive+
01-10 13:24:22.930 D/UsbnetService( 1574): onReceive BATTERY_CHANGED
01-10 13:24:22.930 D/UsbnetService( 1574):  --> pluggedType = 2, mPluggedType = 0, mScreenOff = false
01-10 13:24:22.930 D/UsbnetService( 1574): BroadcastReceiver::onReceive-
01-10 13:24:22.940 D/BatteryService( 1574): SendIntentforPowersaver
01-10 13:24:22.940 D/NotificationService( 1574): mIntentReceiver() Intent.ACTION_BATTERY_CHANGED
01-10 13:24:22.950 D/BatteryService( 1574): Current powersaver status == NORMAL_STATUS1 2 2 false
01-10 13:24:22.960 D/PowerUI ( 1644): closing low battery warning: level=97
01-10 13:24:22.960 D/RemoveMe( 1668): DCT got intent android.intent.action.BATTERY_CHANGED
01-10 13:24:22.960 D/RemoveMe( 1668): DCT got intent android.intent.action.BATTERY_CHANGED
01-10 13:24:22.960 D/PowerUI ( 1644): plugged = true, health = 2, mBatteryLevel = 97, mPluggedBatteryLevel = 99, mLowBatteryWarningLevel2 = 25, mshowLowChargingWarning2 = true
01-10 13:24:22.970 D/RemoveMe( 1668): DCT got intent android.intent.action.BATTERY_CHANGED
01-10 13:24:23.671 I/System.out( 2744): Values: 0.14982383 0.027240695 9.765789
01-10 13:24:23.681 I/System.out( 2744): Time difference in secs is: 240
01-10 13:24:24.672 I/System.out( 2744): Values: 0.14982383 0.0 9.765789
01-10 13:24:24.682 I/System.out( 2744): Time difference in secs is: 240
01-10 13:24:25.673 I/System.out( 2744): Values: 0.14982383 0.027240695 9.80665
01-10 13:24:25.683 I/System.out( 2744): Time difference in secs is: 240
01-10 13:24:26.674 I/System.out( 2744): Values: 0.14982383 0.0 9.80665
01-10 13:24:26.684 I/System.out( 2744): Time difference in secs is: 240
01-10 13:24:27.665 I/System.out( 2744): Values: 0.10896278 0.0 9.80665
01-10 13:24:27.675 I/System.out( 2744): Time difference in secs is: 240
01-10 13:24:28.666 I/System.out( 2744): Values: 0.06810174 0.0 9.80665
01-10 13:24:28.676 I/System.out( 2744): Time difference in secs is: 240
01-10 13:24:29.667 I/System.out( 2744): Values: 0.10896278 0.027240695 9.765789
01-10 13:24:29.677 I/System.out( 2744): Time difference in secs is: 240
01-10 13:24:30.668 I/System.out( 2744): Values: 0.10896278 0.027240695 9.80665
01-10 13:24:30.678 I/System.out( 2744): Time difference in secs is: 240
01-10 13:24:31.669 I/System.out( 2744): Values: 0.10896278 0.027240695 9.80665
01-10 13:24:31.679 I/System.out( 2744): Time difference in secs is: 240
01-10 13:24:32.680 I/System.out( 2744): Values: 0.10896278 0.027240695 9.765789
01-10 13:24:32.680 I/System.out( 2744): Time difference in secs is: 240
01-10 13:24:33.671 I/System.out( 2744): Values: 0.10896278 0.0 9.765789
01-10 13:24:33.681 I/System.out( 2744): Time difference in secs is: 240
01-10 13:24:34.672 I/System.out( 2744): Values: 0.10896278 0.027240695 9.80665
01-10 13:24:34.682 I/System.out( 2744): Time difference in secs is: 240
01-10 13:24:35.673 I/System.out( 2744): Values: 0.10896278 0.0 9.80665
01-10 13:24:35.683 I/System.out( 2744): Time difference in secs is: 240
01-10 13:24:36.684 I/System.out( 2744): Values: 0.10896278 0.027240695 9.765789
01-10 13:24:36.684 I/System.out( 2744): Time difference in secs is: 240
01-10 13:24:37.675 I/System.out( 2744): Values: 0.10896278 0.027240695 9.765789
01-10 13:24:37.675 I/System.out( 2744): Time difference in secs is: 240
01-10 13:24:38.675 I/System.out( 2744): Values: 0.10896278 0.0 9.765789
01-10 13:24:38.675 I/System.out( 2744): Time difference in secs is: 240
01-10 13:24:39.676 I/System.out( 2744): Values: 0.10896278 0.027240695 9.765789
01-10 13:24:39.676 I/System.out( 2744): Time difference in secs is: 240
01-10 13:24:40.677 I/System.out( 2744): Values: 0.14982383 0.0 9.765789
01-10 13:24:40.677 I/System.out( 2744): Time difference in secs is: 240
01-10 13:24:41.678 I/System.out( 2744): Values: 0.06810174 0.0 9.80665
01-10 13:24:41.678 I/System.out( 2744): Time difference in secs is: 240
01-10 13:24:42.679 I/System.out( 2744): Values: 0.10896278 0.0 9.765789
01-10 13:24:42.679 I/System.out( 2744): Time difference in secs is: 240
01-10 13:24:43.680 I/System.out( 2744): Values: 0.06810174 0.027240695 9.765789
01-10 13:24:43.680 I/System.out( 2744): Time difference in secs is: 240
01-10 13:24:44.681 I/System.out( 2744): Values: 0.06810174 0.027240695 9.80665
01-10 13:24:44.691 I/System.out( 2744): Time difference in secs is: 240
01-10 13:24:45.682 I/System.out( 2744): Values: 0.06810174 0.0 9.833891
01-10 13:24:45.692 I/System.out( 2744): Time difference in secs is: 240
01-10 13:24:46.683 I/System.out( 2744): Values: 0.10896278 0.027240695 9.765789
01-10 13:24:46.693 I/System.out( 2744): Time difference in secs is: 240
01-10 13:24:47.674 I/System.out( 2744): Values: 0.10896278 0.027240695 9.765789
01-10 13:24:47.684 I/System.out( 2744): Time difference in secs is: 240
01-10 13:24:48.675 I/System.out( 2744): Values: 0.14982383 0.027240695 9.80665
01-10 13:24:48.685 I/System.out( 2744): Time difference in secs is: 240
01-10 13:24:49.676 I/System.out( 2744): Values: 0.10896278 0.0 9.765789
01-10 13:24:49.686 I/System.out( 2744): Time difference in secs is: 240
01-10 13:24:50.687 I/System.out( 2744): Values: 0.19068487 0.0 9.765789
01-10 13:24:50.687 I/System.out( 2744): Time difference in secs is: 240
01-10 13:24:51.678 I/System.out( 2744): Values: 0.14982383 0.0 9.765789
01-10 13:24:51.688 I/System.out( 2744): Time difference in secs is: 240
01-10 13:24:52.679 I/System.out( 2744): Values: 0.10896278 0.0 9.765789
01-10 13:24:52.689 I/System.out( 2744): Time difference in secs is: 240
01-10 13:24:52.949 D/UsbnetService( 1574): BroadcastReceiver::onReceive+
01-10 13:24:52.949 D/UsbnetService( 1574): onReceive BATTERY_CHANGED
01-10 13:24:52.949 D/UsbnetService( 1574):  --> pluggedType = 2, mPluggedType = 0, mScreenOff = false
01-10 13:24:52.949 D/UsbnetService( 1574): BroadcastReceiver::onReceive-
01-10 13:24:52.949 D/NotificationService( 1574): mIntentReceiver() Intent.ACTION_BATTERY_CHANGED
01-10 13:24:52.959 D/BatteryService( 1574): SendIntentforPowersaver
01-10 13:24:52.979 D/BatteryService( 1574): Current powersaver status == NORMAL_STATUS1 2 2 false
01-10 13:24:52.979 D/PowerUI ( 1644): closing low battery warning: level=97
01-10 13:24:52.989 D/RemoveMe( 1668): DCT got intent android.intent.action.BATTERY_CHANGED
01-10 13:24:52.989 D/PowerUI ( 1644): plugged = true, health = 2, mBatteryLevel = 97, mPluggedBatteryLevel = 99, mLowBatteryWarningLevel2 = 25, mshowLowChargingWarning2 = true
01-10 13:24:53.009 D/RemoveMe( 1668): DCT got intent android.intent.action.BATTERY_CHANGED
01-10 13:24:53.019 D/RemoveMe( 1668): DCT got intent android.intent.action.BATTERY_CHANGED
01-10 13:24:53.680 I/System.out( 2744): Values: 0.14982383 0.0 9.80665
01-10 13:24:53.690 I/System.out( 2744): Time difference in secs is: 240
01-10 13:24:54.691 I/System.out( 2744): Values: 0.14982383 0.0 9.765789
01-10 13:24:54.691 I/System.out( 2744): Time difference in secs is: 240
01-10 13:24:55.692 I/System.out( 2744): Values: 0.14982383 0.0 9.765789
01-10 13:24:55.692 I/System.out( 2744): Time difference in secs is: 240
01-10 13:24:56.693 I/System.out( 2744): Values: 0.10896278 0.027240695 9.765789
01-10 13:24:56.693 I/System.out( 2744): Time difference in secs is: 240
01-10 13:24:57.694 I/System.out( 2744): Values: 0.14982383 0.0 9.765789
01-10 13:24:57.694 I/System.out( 2744): Time difference in secs is: 240
01-10 13:24:58.685 I/System.out( 2744): Values: 0.10896278 0.027240695 9.765789
01-10 13:24:58.685 I/System.out( 2744): Time difference in secs is: 240
01-10 13:24:59.686 I/System.out( 2744): Values: 0.10896278 0.0 9.80665
01-10 13:24:59.686 I/System.out( 2744): Time difference in secs is: 240
01-10 13:25:00.697 I/System.out( 2744): Values: 0.10896278 0.0 9.765789
01-10 13:25:00.697 I/System.out( 2744): Time difference in secs is: 240
01-10 13:25:01.688 I/System.out( 2744): Values: 0.14982383 0.0 9.724928
01-10 13:25:01.688 I/System.out( 2744): Time difference in secs is: 240
01-10 13:25:02.689 I/System.out( 2744): Values: 0.10896278 0.027240695 9.80665
01-10 13:25:02.699 I/System.out( 2744): Time difference in secs is: 240
01-10 13:25:03.690 I/System.out( 2744): Values: 0.14982383 0.0 9.765789
01-10 13:25:03.700 I/System.out( 2744): Time difference in secs is: 240
01-10 13:25:04.691 I/System.out( 2744): Values: 0.10896278 0.027240695 9.80665
01-10 13:25:04.701 I/System.out( 2744): Time difference in secs is: 240
01-10 13:25:05.692 I/System.out( 2744): Values: 0.14982383 0.0 9.80665
01-10 13:25:05.702 I/System.out( 2744): Time difference in secs is: 240
01-10 13:25:06.693 I/System.out( 2744): Values: 0.14982383 0.0 9.765789
01-10 13:25:06.703 I/System.out( 2744): Time difference in secs is: 240
01-10 13:25:07.694 I/System.out( 2744): Values: 0.10896278 0.027240695 9.833891
01-10 13:25:07.704 I/System.out( 2744): Time difference in secs is: 240
01-10 13:25:08.695 I/System.out( 2744): Values: 0.19068487 0.027240695 9.724928
01-10 13:25:08.695 I/System.out( 2744): Time difference in secs is: 240
01-10 13:25:09.686 I/System.out( 2744): Values: 0.14982383 0.027240695 9.724928
01-10 13:25:09.696 I/System.out( 2744): Time difference in secs is: 240
01-10 13:25:10.697 I/System.out( 2744): Values: 0.19068487 0.027240695 9.765789
01-10 13:25:10.697 I/System.out( 2744): Time difference in secs is: 240
01-10 13:25:11.688 I/System.out( 2744): Values: 0.14982383 0.027240695 9.765789
01-10 13:25:11.698 I/System.out( 2744): Time difference in secs is: 240
01-10 13:25:12.699 I/System.out( 2744): Values: 0.14982383 0.027240695 9.765789
01-10 13:25:12.699 I/System.out( 2744): Time difference in secs is: 240
01-10 13:25:13.700 I/System.out( 2744): Values: 0.06810174 0.0 9.765789
01-10 13:25:13.700 I/System.out( 2744): Time difference in secs is: 240
01-10 13:25:14.701 I/System.out( 2744): Values: 0.10896278 0.0 9.724928
01-10 13:25:14.701 I/System.out( 2744): Time difference in secs is: 240
01-10 13:25:15.702 I/System.out( 2744): Values: 0.10896278 0.027240695 9.765789
01-10 13:25:15.702 I/System.out( 2744): Time difference in secs is: 240
01-10 13:25:16.703 I/System.out( 2744): Values: 0.14982383 0.0 9.765789
01-10 13:25:16.703 I/System.out( 2744): Time difference in secs is: 240
01-10 13:25:17.704 I/System.out( 2744): Values: 0.10896278 0.027240695 9.80665
01-10 13:25:17.704 I/System.out( 2744): Time difference in secs is: 240
01-10 13:25:18.695 I/System.out( 2744): Values: 0.10896278 0.027240695 9.765789
01-10 13:25:18.695 I/System.out( 2744): Time difference in secs is: 240
01-10 13:25:19.706 I/System.out( 2744): Values: 0.10896278 0.0 9.724928
01-10 13:25:19.706 I/System.out( 2744): Time difference in secs is: 240
01-10 13:25:20.696 I/System.out( 2744): Values: 0.10896278 0.027240695 9.724928
