--------- beginning of /dev/log/main
01-07 15:51:48.576 D/dalvikvm( 2427): GC_EXPLICIT freed 120K, 5% free 6501K/6787K, paused 1ms+1ms
01-07 15:51:53.651 D/dalvikvm( 2480): GC_EXPLICIT freed 232K, 5% free 7678K/8071K, paused 8ms+2ms
01-07 15:51:58.686 D/UsbnetService( 1574): BroadcastReceiver::onReceive+
01-07 15:51:58.686 D/UsbnetService( 1574): onReceive BATTERY_CHANGED
01-07 15:51:58.686 D/UsbnetService( 1574):  --> pluggedType = 2, mPluggedType = 0, mScreenOff = true
01-07 15:51:58.686 D/UsbnetService( 1574): BroadcastReceiver::onReceive-
--------- beginning of /dev/log/system
01-07 15:51:58.686 D/NotificationService( 1574): mIntentReceiver() Intent.ACTION_BATTERY_CHANGED
01-07 15:51:58.696 D/BatteryService( 1574): SendIntentforPowersaver
01-07 15:51:58.696 D/BatteryService( 1574): Current powersaver status == NORMAL_STATUS1 5 2 false
01-07 15:51:58.706 D/RemoveMe( 1662): DCT got intent android.intent.action.BATTERY_CHANGED
01-07 15:51:58.706 D/RemoveMe( 1662): DCT got intent android.intent.action.BATTERY_CHANGED
01-07 15:51:58.706 D/PowerUI ( 1638): closing low battery warning: level=100
01-07 15:51:58.706 D/PowerUI ( 1638): plugged = true, health = 2, mBatteryLevel = 100, mPluggedBatteryLevel = 100, mLowBatteryWarningLevel2 = 25, mshowLowChargingWarning2 = true
01-07 15:51:58.716 D/RemoveMe( 1662): DCT got intent android.intent.action.BATTERY_CHANGED
01-07 15:52:10.548 D/KeyguardViewMediator( 1574): wakeWhenReadyLocked(26)
01-07 15:52:10.548 I/power   ( 1574): *** set_screen_state 1
01-07 15:52:10.558 D/PowerManagerService( 1574): setScreenStateLocked++, on: true, err: 0
01-07 15:52:10.558 D/lights  ( 1574): set_light_buttons_func: on=16777215 brightness=255
01-07 15:52:10.558 D/lights  ( 1574): set_rotated_rgb_led: on=0 brightness=0
01-07 15:52:10.558 D/lights  ( 1574): [LedInfo] write attr ok name=/sys/class/leds/amber-portrait/brightness string=0,len=1
01-07 15:52:10.558 D/lights  ( 1574): set_rotated_rgb_led: on=1 brightness=255
01-07 15:52:10.558 D/PowerManagerService( 1574): button light setOrientation:-1
01-07 15:52:10.558 D/PowerManagerService( 1574): setPenMenuButtonLed: 2
01-07 15:52:10.558 D/PowerManagerService( 1574): Set pen menu button led (amber, green, blue) = 0, -1, 0), portrait = true
01-07 15:52:10.568 D/lights  ( 1574): [LedInfo] write attr ok name=/sys/class/leds/green-portrait/brightness string=255,len=3
01-07 15:52:10.568 D/lights  ( 1574): set_rotated_rgb_led: on=0 brightness=0
01-07 15:52:10.568 E/lights  ( 1574): [LedErr] open attr failed name=/sys/class/leds/blue-portrait/brightness errno: 2
01-07 15:52:10.568 D/Sensors ( 1574): Enable akm: en = 1
01-07 15:52:10.578 D/Launcher.Model( 1675): updateAppUsageStatCache +
01-07 15:52:10.578 D/Launcher.Model( 1675): updateAppUsageStatCache - diff: 2
01-07 15:52:10.578 D/AlarmManager( 1574): ACTION_SCREEN_ON
01-07 15:52:10.588 D/UsbnetService( 1574): BroadcastReceiver::onReceive+
01-07 15:52:10.588 D/UsbnetService( 1574): onReceive SCREEN_ON
01-07 15:52:10.588 D/UsbnetService( 1574): BroadcastReceiver::onReceive-
01-07 15:52:10.608 D/SurfaceFlinger( 1438): Screen about to return, flinger = 0xa830
01-07 15:52:10.608 D/msm7x30.hwcomposer( 1438): HWC called FB enableHDMIOutput(0)
01-07 15:52:10.608 D/RemoveMe( 1662): DCT got intent android.intent.action.SCREEN_ON
01-07 15:52:10.608 D/ConnectivityService( 1574): getMobileDataEnabled returning false
01-07 15:52:10.618 D/PREF    ( 1675): setWidgetTilt .FriendStreamLarge2Widget : 39
01-07 15:52:10.628 D/ConnectivityService( 1574): getMobileDataEnabled returning false
01-07 15:52:10.638 D/RemoveMe( 1662): DCT got intent android.intent.action.SCREEN_ON
01-07 15:52:10.648 D/AK8975  ( 1448): Compass Start
01-07 15:52:10.658 D/RemoveMe( 1662): DCT got intent android.intent.action.SCREEN_ON
01-07 15:52:10.658 D/HostWidgetManager( 1675): onResumeInKeyguard: 2
01-07 15:52:10.658 D/FxWorkspace( 1675): prepareUnlockAnimation
01-07 15:52:10.658 D/FxWorkspaceClient( 1675): showAllScreens()
01-07 15:52:10.658 D/FxWorkspaceClient( 1675): freezeAllScreens
01-07 15:52:10.658 D/UnlockAnimator( 1675): setFrame: unlock_to_03
01-07 15:52:10.668 D/Rotate.Performance( 1675): FxWorkspace.show()
01-07 15:52:11.389 I/InputReader( 1574): Device reconfigured: id=6, name='Ntrig-touchscreen', surface size is now 600x1024
01-07 15:52:11.389 D/HtcLockScreen3.0( 1574): HtcLockScreen: onInterceptTouchEvent ACTION_DOWN
01-07 15:52:11.749 D/HtcLockScreen3.0( 1574): HtcLockScreen: onInterceptTouchEvent ACTION_UP
01-07 15:52:11.769 D/IdleScreen_base( 1678): onRingUnlockStart
01-07 15:52:12.079 D/KeyguardViewManager( 1574): hide()
01-07 15:52:12.079 I/TabletStatusBar( 1638): DISABLE_CLOCK: no
01-07 15:52:12.079 I/TabletStatusBar( 1638): DISABLE_NAVIGATION: no
01-07 15:52:12.089 D/MyHTC   ( 1914): PoweronReceiver.onReceive(): intent=android.intent.action.USER_PRESENT
01-07 15:52:12.099 D/Sensors ( 1574): Enable akm: en = 0
01-07 15:52:12.119 D/FxWorkspace( 1675): unlockAnimation
01-07 15:52:12.119 D/FxWorkspace( 1675): onUnlockAnimationStart()
01-07 15:52:12.119 D/UnlockAnimator( 1675): playMarker: unlock_to_03
01-07 15:52:12.129 D/FxWorkspaceClient( 1675): showAllScreens()
01-07 15:52:12.129 D/Rotate.Performance( 1675): FxWorkspace.show()
01-07 15:52:12.129 D/msm7x30.gralloc( 1438): gpu_context_t::getGrallocInformationFromFormat  1 
01-07 15:52:12.139 I/ActivityManager( 1574): Start proc com.htc.bg for broadcast com.htc.htctwitter/.MessageReceiver: pid=2576 uid=10013 gids={2001, 3003, 1006, 1015}
01-07 15:52:12.149 D/Sensors ( 1574): Enable akm: en = 1
01-07 15:52:12.169 I/SharedBufferStack( 1675): ShareClientTryLock succeed after 23 trial
01-07 15:52:12.199 D/SurfaceFlinger( 1438): virtual void android::Layer::onRemoved(): lcblk (identity=5, status=0, token=0)
01-07 15:52:12.219 I/TabletStatusBar( 1638): DISABLE_BACK: no
01-07 15:52:12.239 D/SurfaceFlinger( 1438): virtual void android::Layer::onRemoved(): lcblk (identity=2, status=0, token=0)
01-07 15:52:12.239 D/Sensors ( 1574): Enable akm: en = 0
01-07 15:52:12.299 D/AK8975  ( 1448): Compass CLOSE 
01-07 15:52:12.319 D/dalvikvm( 1678): GC_EXPLICIT freed 47K, 9% free 7012K/7623K, paused 11ms+4ms
01-07 15:52:12.329 I/ActivityThread( 2576): Pub com.htc.socialnetwork.flickr.provider.StreamProvider: com.htc.socialnetwork.flickr.provider.FlickrStreamProvider
01-07 15:52:12.359 I/ActivityThread( 2576): Pub com.htc.accounts: com.htc.CustomizationSetup.AccountsProvider
01-07 15:52:12.379 I/ActivityThread( 2576): Pub com.htc.htctwitter.Users: com.htc.htctwitter.FriendProvider
01-07 15:52:12.390 I/ActivityThread( 2576): Pub com.htc.opensense.snprovider: com.htc.opensense.snprovider.SocialNetworkProvider
01-07 15:52:12.400 D/SocialNetworkProvider( 2576): onCreate
01-07 15:52:12.400 D/dalvikvm( 1678): GC_EXPLICIT freed 2K, 9% free 7011K/7623K, paused 6ms+13ms
01-07 15:52:12.410 I/ActivityThread( 2576): Pub com.htc.socialnetwork.flickr.provider.CacheImageProvider: com.htc.socialnetwork.flickr.provider.FlickrCacheImageProvider
01-07 15:52:12.410 I/ActivityThread( 2576): Pub com.htc.friendstream.provider.FriendStreamProvider: com.htc.friendstream.provider.FriendStreamProvider
01-07 15:52:12.450 I/ActivityThread( 2576): Pub com.htc.chirp.provider.Tweet;com.htc.htctwitter: com.htc.htctwitter.TwitterProvider
01-07 15:52:12.480 I/ActivityThread( 2576): Pub com.htc.provider.settings: com.htc.provider.settings.NotificationFlashLightProvider
01-07 15:52:12.490 I/ActivityThread( 2576): Pub com.htc.settings.accountsync.SYNC: com.htc.opensense.syncprovider.SyncProvider
01-07 15:52:12.490 D/SyncProvider( 2576): onCreate
01-07 15:52:12.490 I/ActivityThread( 2576): Pub com.htc.providers.uploads: com.htc.providers.uploads.UploadProvider
01-07 15:52:12.510 D/UploadProvider( 2576): UploadProvider is running
01-07 15:52:12.510 D/dalvikvm( 1678): GC_EXPLICIT freed 6K, 9% free 7011K/7623K, paused 2ms+5ms
01-07 15:52:12.520 I/ActivityThread( 2576): Pub com.htc.cachemanager: com.htc.opensense.cachemanager.CacheProvider
01-07 15:52:12.520 I/ActivityThread( 2576): Pub com.htc.socialnetwork.facebook.provider.CacheImageProvider: com.htc.socialnetwork.facebook.provider.FacebookCacheImageProvider
01-07 15:52:12.570 I/ActivityThread( 2576): Pub com.htc.htctwitter.provider.CacheImageProvider: com.htc.htctwitter.provider.TwitterCacheImageProvider
01-07 15:52:12.570 I/ActivityThread( 2576): Pub com.htc.socialnetwork.facebook: com.htc.socialnetwork.facebook.FacebookDB
01-07 15:52:12.590 D/Twitter-MessageReceiver( 2576): action android.intent.action.USER_PRESENT
01-07 15:52:12.620 D/SqliteDatabaseCpp( 2576): dbopen(): path = /data/data/com.htc.htctwitter/databases , key = `tgg`avh, flag = 6, file size = 16384
01-07 15:52:12.620 D/SqliteDatabaseCpp( 2576): dbopen(): path = /data/data/com.htc.htctwitter/databases , key = `tgg`avh, mode: delete, disk free size: 7859 M, handle: 0x2178d8
01-07 15:52:12.640 D/dalvikvm( 1678): GC_EXPLICIT freed 1K, 9% free 7011K/7623K, paused 2ms+5ms
01-07 15:52:12.710 D/dalvikvm( 2576): GC_CONCURRENT freed 186K, 5% free 6721K/7047K, paused 2ms+6ms
01-07 15:52:12.720 D/SqliteDatabaseCpp( 2576): dbopen(): path = /data/data/com.htc.opensense/databases , key = wqjg, flag = 6, file size = 7168
01-07 15:52:12.730 D/SqliteDatabaseCpp( 2576): dbopen(): path = /data/data/com.htc.opensense/databases , key = wqjg, mode: delete, disk free size: 7859 M, handle: 0x217bc0
01-07 15:52:12.730 D/SyncProvider( 2576): match settings
01-07 15:52:12.750 D/FacebookReceiver( 2576): Intent.ACTION_USER_PRESENT SyncInterval=3600000,currTime=1389109932731
01-07 15:52:12.750 D/FacebookReceiver( 2576): Intent.ACTION_USER_PRESENT lastStreamSyncTime=1389109932754,lastFriendSyncTime=1389109932754
01-07 15:52:12.760 D/SyncProvider( 2576): match settings
01-07 15:52:12.760 D/dalvikvm( 1678): GC_EXPLICIT freed 2K, 9% free 7011K/7623K, paused 1ms+2ms
01-07 15:52:12.770 D/FlickrReceiver( 2576): Intent.ACTION_USER_PRESENT SyncInterval=3600000,currTime=1389109932764
01-07 15:52:12.770 D/FlickrReceiver( 2576): Intent.ACTION_USER_PRESENT lastStreamSyncTime=1389109932779,lastFriendSyncTime=1389109932779
01-07 15:52:12.780 I/ActivityManager( 1574): Start proc com.htc.notes for broadcast com.htc.notes/.sync.NotesAccountReceiver: pid=2588 uid=9996 gids={3003, 1015, 1006, 2001}
01-07 15:52:12.870 I/ActivityManager( 1574): No longer want com.google.android.apps.uploader (pid 1922): hidden #16
01-07 15:52:12.880 D/dalvikvm( 1439): GC_EXPLICIT freed 12K, 5% free 6453K/6787K, paused 10ms+1ms
01-07 15:52:12.900 D/dalvikvm( 1678): GC_EXPLICIT freed 1K, 9% free 7011K/7623K, paused 2ms+42ms
01-07 15:52:12.940 I/ActivityManager( 1574): No longer want com.htc.laputa.HtcLaputaInstaller (pid 2215): hidden #16
01-07 15:52:12.940 D/dalvikvm( 1439): GC_EXPLICIT freed <1K, 5% free 6453K/6787K, paused 2ms+2ms
01-07 15:52:12.970 D/dalvikvm( 1439): GC_EXPLICIT freed <1K, 5% free 6453K/6787K, paused 2ms+1ms
01-07 15:52:12.980 W/ContentService( 1574): binderDied() at ObserverNode name com.google.android.gsf.gservices
01-07 15:52:12.990 D/SyncProvider( 2576): match settings
01-07 15:52:13.120 D/FxWorkspace( 1675): onUnlockAnimationEnd()
01-07 15:52:13.120 D/HostWidgetManager( 1675): onUserPresent: 2
01-07 15:52:13.130 D/HostWidgetManager( 1675): resumeWidgets: 2 sort: true
01-07 15:52:13.130 D/FxWorkspace( 1675): changeScreensVisibility
01-07 15:52:13.130 D/FxWorkspace( 1675): changeScreensVisibility
01-07 15:52:13.180 D/SqliteDatabaseCpp( 1767): dbopen(): path = /data/data/com.htc.sync.provider.weather/databases , key = seYt`evwqjg, flag = 6, file size = 9216
01-07 15:52:13.190 D/SqliteDatabaseCpp( 1767): dbopen(): path = /data/data/com.htc.sync.provider.weather/databases , key = seYt`evwqjg, mode: delete, disk free size: 7859 M, handle: 0x2e9428
01-07 15:52:13.431 W/WSP     ( 1767): [HttpURLConnectionHelper] http://htc2.accu-weather.com/widget/htc2/weather-data.asp?slat=56.33&slon=-2.80&metric=0 connection failed, Unable to resolve host "htc2.accu-weather.com": No address associated with hostname
01-07 15:52:13.451 W/WSP     ( 1767): [HttpURLConnectionHelper] http://htc2.accu-weather.com/widget/htc2/weather-data.asp?slat=56.33&slon=-2.80&metric=0 connection failed, Unable to resolve host "htc2.accu-weather.com": No address associated with hostname
01-07 15:52:13.451 W/WSP     ( 1767): [HttpURLConnectionHelper] http://htc2.accu-weather.com/widget/htc2/weather-data.asp?slat=56.33&slon=-2.80&metric=0 connection failed, Unable to resolve host "htc2.accu-weather.com": No address associated with hostname
01-07 15:52:13.451 W/System.err( 1767): java.net.UnknownHostException: Unable to resolve host "wcr.htcsense.com": No address associated with hostname
01-07 15:52:13.451 W/System.err( 1767): 	at java.net.InetAddress.lookupHostByName(InetAddress.java:499)
01-07 15:52:13.451 W/System.err( 1767): 	at java.net.InetAddress.getAllByNameImpl(InetAddress.java:280)
01-07 15:52:13.451 W/System.err( 1767): 	at java.net.InetAddress.getAllByName(InetAddress.java:249)
01-07 15:52:13.451 W/System.err( 1767): 	at org.apache.harmony.luni.internal.net.www.protocol.http.HttpConnection.<init>(HttpConnection.java:69)
01-07 15:52:13.451 W/System.err( 1767): 	at org.apache.harmony.luni.internal.net.www.protocol.http.HttpConnection.<init>(HttpConnection.java:48)
01-07 15:52:13.451 W/System.err( 1767): 	at org.apache.harmony.luni.internal.net.www.protocol.http.HttpConnection$Address.connect(HttpConnection.java:304)
01-07 15:52:13.451 W/System.err( 1767): 	at org.apache.harmony.luni.internal.net.www.protocol.http.HttpConnectionPool.get(HttpConnectionPool.java:89)
01-07 15:52:13.451 W/System.err( 1767): 	at org.apache.harmony.luni.internal.net.www.protocol.http.HttpURLConnectionImpl.getHttpConnection(HttpURLConnectionImpl.java:292)
01-07 15:52:13.461 W/System.err( 1767): 	at org.apache.harmony.luni.internal.net.www.protocol.http.HttpURLConnectionImpl.makeConnection(HttpURLConnectionImpl.java:274)
01-07 15:52:13.461 W/System.err( 1767): 	at org.apache.harmony.luni.internal.net.www.protocol.http.HttpURLConnectionImpl.connect(HttpURLConnectionImpl.java:217)
01-07 15:52:13.461 W/System.err( 1767): 	at com.htc.sync.provider.weather.ServiceURLHelper.requestWCRUpdate(ServiceURLHelper.java:260)
01-07 15:52:13.461 W/System.err( 1767): 	at com.htc.sync.provider.weather.ServiceURLHelper.checkWCRUrl(ServiceURLHelper.java:110)
01-07 15:52:13.461 W/System.err( 1767): 	at com.htc.sync.provider.weather.RequestDataHelper.requestData(RequestDataHelper.java:93)
01-07 15:52:13.461 W/System.err( 1767): 	at com.htc.sync.provider.weather.SyncService$Sync._run(SyncService.java:282)
01-07 15:52:13.461 W/System.err( 1767): 	at com.htc.sync.provider.weather.SyncService$Sync.run(SyncService.java:251)
01-07 15:52:13.471 W/WSP     ( 1767): [HttpURLConnectionHelper] http://htc2.accu-weather.com/widget/htc2/weather-data.asp?slat=56.33&slon=-2.80&metric=0 connection failed, Unable to resolve host "htc2.accu-weather.com": No address associated with hostname
01-07 15:52:13.471 W/WSP     ( 1767): [HttpURLConnectionHelper] http://htc2.accu-weather.com/widget/htc2/weather-data.asp?slat=56.33&slon=-2.80&metric=0 connection failed, Unable to resolve host "htc2.accu-weather.com": No address associated with hostname
01-07 15:52:13.471 W/WSP     ( 1767): [HttpURLConnectionHelper] http://htc2.accu-weather.com/widget/htc2/weather-data.asp?slat=56.33&slon=-2.80&metric=0 connection failed, Unable to resolve host "htc2.accu-weather.com": No address associated with hostname
01-07 15:52:13.471 W/WSP     ( 1767): no response of item type: 1, param1: , param2: , reqCurLocLat: 56.33, reqCurLocLng: -2.80, reqCurLocLatTrim: 56.33, reqCurLocLngTrim: -2.80, reqCurLocName: St Andrews, reqCurLocState: , reqCurLocCountry: United Kingdom, reqCurLocTimezoneId: , isCurEqualsToCacheCur: true (allow background data: true)
01-07 15:52:13.481 E/WSP     ( 1767): Exception occur in WSPPUtility.TYPE_CURRENT_LOCATION
01-07 15:52:13.481 W/System.err( 1767): java.lang.ClassCastException: com.htc.util.weather.WSPData cannot be cast to com.htc.util.weather.WSPPData
01-07 15:52:13.481 W/System.err( 1767): 	at com.htc.sync.provider.weather.RequestDataHelper.requestData(RequestDataHelper.java:118)
01-07 15:52:13.481 W/System.err( 1767): 	at com.htc.sync.provider.weather.SyncService$Sync._run(SyncService.java:282)
01-07 15:52:13.481 W/System.err( 1767): 	at com.htc.sync.provider.weather.SyncService$Sync.run(SyncService.java:251)
01-07 15:52:13.631 D/Sensors ( 1574): Enable akm: en = 1
01-07 15:52:13.651 D/AK8975  ( 1448): Compass Start
01-07 15:52:15.563 D/SntpClient( 1574): requestTime: called by Thread[ThrottleService,5,main], failed: java.net.UnknownHostException: Unable to resolve host "north-america.pool.ntp.org": No address associated with hostname
01-07 15:52:15.573 D/NetdConnector( 1574): listenToSocket read--: (6,0)
01-07 15:52:15.583 D/NetdConnector( 1574): doCommand++ (Wait Response)
01-07 15:52:15.583 D/NetdConnector( 1574): RCV <- {216 0}
01-07 15:52:15.583 D/NetdConnector( 1574): RSP <- {216 0}
01-07 15:52:15.583 D/NetdConnector( 1574): listenToSocket read++
01-07 15:52:15.583 D/NetdConnector( 1574): miNoRespCnt=0
01-07 15:52:15.593 D/NetdConnector( 1574): doCommand-- (complete)
01-07 15:52:15.593 D/NetdConnector( 1574): listenToSocket read--: (6,0)
01-07 15:52:15.593 D/NetdConnector( 1574): RCV <- {217 0}
01-07 15:52:15.593 D/NetdConnector( 1574): doCommand++ (Wait Response)
01-07 15:52:15.603 D/NetdConnector( 1574): RSP <- {217 0}
01-07 15:52:15.603 D/NetdConnector( 1574): miNoRespCnt=0
01-07 15:52:15.603 D/NetdConnector( 1574): doCommand-- (complete)
01-07 15:52:15.603 D/SntpClient( 1574): requestTime: called by Thread[ThrottleService,5,main], failed: java.net.UnknownHostException: Unable to resolve host "north-america.pool.ntp.org": No address associated with hostname
01-07 15:52:15.603 D/NetdConnector( 1574): listenToSocket read++
01-07 15:52:15.613 D/SntpClient( 1574): requestTime: called by Thread[ThrottleService,5,main], failed: java.net.UnknownHostException: Unable to resolve host "north-america.pool.ntp.org": No address associated with hostname
01-07 15:52:20.628 D/dalvikvm( 1914): GC_EXPLICIT freed 167K, 5% free 6496K/6787K, paused 5ms+2ms
01-07 15:52:22.139 D/AutoSetting( 1767): service - mRequestRunnable: screen on delay 10s, request NLP now
01-07 15:52:22.139 D/AutoSetting( 1767): service - requestNLP() NetworkLocationProvider not enabled
01-07 15:52:28.715 D/UsbnetService( 1574): BroadcastReceiver::onReceive+
01-07 15:52:28.715 D/UsbnetService( 1574): onReceive BATTERY_CHANGED
01-07 15:52:28.715 D/UsbnetService( 1574):  --> pluggedType = 2, mPluggedType = 0, mScreenOff = false
01-07 15:52:28.715 D/UsbnetService( 1574): BroadcastReceiver::onReceive-
01-07 15:52:28.715 D/NotificationService( 1574): mIntentReceiver() Intent.ACTION_BATTERY_CHANGED
01-07 15:52:28.725 D/BatteryService( 1574): SendIntentforPowersaver
01-07 15:52:28.725 D/BatteryService( 1574): Current powersaver status == NORMAL_STATUS1 5 2 false
01-07 15:52:28.735 D/PowerUI ( 1638): closing low battery warning: level=100
01-07 15:52:28.745 D/RemoveMe( 1662): DCT got intent android.intent.action.BATTERY_CHANGED
01-07 15:52:28.745 D/PowerUI ( 1638): plugged = true, health = 2, mBatteryLevel = 100, mPluggedBatteryLevel = 100, mLowBatteryWarningLevel2 = 25, mshowLowChargingWarning2 = true
01-07 15:52:28.755 D/RemoveMe( 1662): DCT got intent android.intent.action.BATTERY_CHANGED
01-07 15:52:28.765 D/RemoveMe( 1662): DCT got intent android.intent.action.BATTERY_CHANGED
01-07 15:52:29.576 D/AndroidRuntime( 2607): 
01-07 15:52:29.576 D/AndroidRuntime( 2607): >>>>>> AndroidRuntime START com.android.internal.os.RuntimeInit <<<<<<
01-07 15:52:29.576 D/AndroidRuntime( 2607): CheckJNI is OFF
01-07 15:52:29.666 D/CursorWindowStats( 2607): Get CursorWindow size from framework resource:4194304
01-07 15:52:29.716 D/AndroidRuntime( 2607): Calling main entry com.android.commands.pm.Pm
01-07 15:52:29.726 I/ActivityManager( 1574): Start proc com.android.defcontainer for service com.android.defcontainer/.DefaultContainerService: pid=2615 uid=10087 gids={1015, 2001}
01-07 15:52:29.796 D/dalvikvm( 2615): GC_EXPLICIT freed 33K, 5% free 6458K/6787K, paused 1ms+1ms
01-07 15:52:30.077 W/ActivityManager( 1574): No content provider found for: 
01-07 15:52:30.087 W/ActivityManager( 1574): No content provider found for: 
01-07 15:52:30.097 I/ActivityManager( 1574): No longer want com.htc.ereader.drmengine (pid 2293): hidden #16
01-07 15:52:30.107 D/PackageParser( 1574): Scanning package: /data/app/vmdl-1820610024.tmp
01-07 15:52:30.167 I/PackageManager( 1574): Removing non-system package:uk.ac.st_andrews.cs.host.mk74.energymeasurement.accelerometer
01-07 15:52:30.167 I/ActivityManager( 1574): Force stopping package uk.ac.st_andrews.cs.host.mk74.energymeasurement.accelerometer uid=10098
01-07 15:52:30.477 D/PackageManager( 1574): Scanning package uk.ac.st_andrews.cs.host.mk74.energymeasurement.accelerometer
01-07 15:52:30.477 I/PackageManager( 1574): Package uk.ac.st_andrews.cs.host.mk74.energymeasurement.accelerometer codePath changed from /data/app/uk.ac.st_andrews.cs.host.mk74.energymeasurement.accelerometer-2.apk to /data/app/uk.ac.st_andrews.cs.host.mk74.energymeasurement.accelerometer-1.apk; Retaining data and using new
01-07 15:52:30.477 I/PackageManager( 1574): Unpacking native libraries for /data/app/uk.ac.st_andrews.cs.host.mk74.energymeasurement.accelerometer-1.apk
01-07 15:52:30.727 D/dalvikvm( 2623): DexOpt: load 35ms, verify+opt 147ms
01-07 15:52:30.918 I/ActivityManager( 1574): Force stopping package uk.ac.st_andrews.cs.host.mk74.energymeasurement.accelerometer uid=10098
01-07 15:52:30.918 W/PackageManager( 1574): Code path for pkg : uk.ac.st_andrews.cs.host.mk74.energymeasurement.accelerometer changing from /data/app/uk.ac.st_andrews.cs.host.mk74.energymeasurement.accelerometer-2.apk to /data/app/uk.ac.st_andrews.cs.host.mk74.energymeasurement.accelerometer-1.apk
01-07 15:52:30.918 D/PackageManager( 1574):   Activities: uk.ac.st_andrews.cs.host.mk74.energymeasurement.accelerometer.MainActivity
01-07 15:52:30.918 W/PackageManager( 1574): Resource path for pkg : uk.ac.st_andrews.cs.host.mk74.energymeasurement.accelerometer changing from /data/app/uk.ac.st_andrews.cs.host.mk74.energymeasurement.accelerometer-2.apk to /data/app/uk.ac.st_andrews.cs.host.mk74.energymeasurement.accelerometer-1.apk
01-07 15:52:31.058 D/PackageManager( 1574): [embedded] New package installed in /data/app/uk.ac.st_andrews.cs.host.mk74.energymeasurement.accelerometer-1.apk
01-07 15:52:31.238 I/ActivityManager( 1574): Force stopping package uk.ac.st_andrews.cs.host.mk74.energymeasurement.accelerometer uid=10098
01-07 15:52:31.308 D/dalvikvm( 1675): GC_EXPLICIT freed 1218K, 20% free 11016K/13703K, paused 2ms+3ms
01-07 15:52:31.328 D/dalvikvm( 1664): GC_EXPLICIT freed 761K, 10% free 7787K/8647K, paused 1ms+3ms
01-07 15:52:31.348 D/Launcher.Model( 1675): onReceive intent=Intent { act=android.intent.action.PACKAGE_REMOVED dat=package:uk.ac.st_andrews.cs.host.mk74.energymeasurement.accelerometer flg=0x10000010 (has extras) }
01-07 15:52:31.348 D/PhoneApp( 1662): -- PackageChangeBroadcastReceiver  action = android.intent.action.PACKAGE_REMOVED
01-07 15:52:31.348 I/ActivityManager( 1574): Start proc com.android.smith for broadcast com.android.smith/.PackageReceiver: pid=2624 uid=10009 gids={1007, 1015}
01-07 15:52:31.428 I/SM:lib  ( 2624): JNI_OnLoad(): library version = 5
01-07 15:52:31.428 D/PackageManager( 1574): generateServicesMap(android.accounts.AccountAuthenticator): 13 services unchanged
01-07 15:52:31.438 I/SM:lib  ( 2624): JNI_OnLoad(): result = 0x10004
01-07 15:52:31.438 D/SM:HtcNative( 2624): system lib, 4.0.honeycomb.HTK75C-flyer-l5-s16
01-07 15:52:31.438 D/SM:PackageReceiver( 2624): package removed: package:uk.ac.st_andrews.cs.host.mk74.energymeasurement.accelerometer
01-07 15:52:31.438 D/WidgetScanner( 1675): onReceive: Intent { act=android.intent.action.PACKAGE_REMOVED dat=package:uk.ac.st_andrews.cs.host.mk74.energymeasurement.accelerometer flg=0x10000010 cmp=com.htc.launcher/.widget.WidgetScannerTrigger (has extras) }
01-07 15:52:31.438 I/ActivityManager( 1574): No longer want com.htc.demoflopackageinstaller (pid 2404): hidden #16
01-07 15:52:31.448 I/ActivityManager( 1574): Start proc com.htc.launcher.widgetscanner for service com.htc.launcher/.widget.WidgetScannerService: pid=2633 uid=9999 gids={3003, 3002, 3001, 2001, 1015}
01-07 15:52:31.458 I/ActivityManager( 1574): Start proc com.htc.opensense for broadcast com.htc.opensense/.pluginmanager.RegisterReceiver: pid=2634 uid=10013 gids={2001, 3003, 1006, 1015}
01-07 15:52:31.518 D/PackageManager( 1574): generateServicesMap(android.content.SyncAdapter): 21 services unchanged
01-07 15:52:31.608 I/ActivityManager( 1574): Start proc com.htc.cs for broadcast com.htc.cs/.plugin.PluginRegisterReceiver: pid=2647 uid=10041 gids={3003, 1015}
01-07 15:52:31.618 D/LauncherApplication( 2633): + LauncherApplication onCreate()
01-07 15:52:31.678 I/ActivityThread( 2647): Pub com.htc.connectedservice.csprovider: com.htc.cs.provider.ConnectedServiceProvider
01-07 15:52:31.678 I/ActivityThread( 2647): Pub com.htc.cs.dashboard: com.htc.cs.sync.dashboard.DashboardProvider
01-07 15:52:31.688 D/dalvikvm( 2633): GC_CONCURRENT freed 158K, 5% free 6756K/7047K, paused 1ms+1ms
01-07 15:52:31.688 D/vicky   ( 2647): vicky received: android.intent.action.PACKAGE_REMOVED
01-07 15:52:31.698 D/LauncherApplication( 2633): - LauncherApplication onCreate()
01-07 15:52:31.708 I/ActivityManager( 1574): Start proc com.htc.recommend for broadcast com.htc.recommend/.receiver.AppInstalledReceiver: pid=2656 uid=10056 gids={2001, 3003}
01-07 15:52:31.738 I/ActivityManager( 1574): No longer want com.htc.ereader (pid 2399): hidden #16
01-07 15:52:31.758 I/ActivityThread( 2656): Pub com.htc.recommend.provider.HTCRecommendCarouselProvider: com.htc.recommend.provider.HTCRecommendCarouselProvider
01-07 15:52:31.758 I/ActivityThread( 2656): Pub com.htc.recommend.provider.HTCRecommendContentProvider: com.htc.recommend.provider.HTCRecommendContentProvider
01-07 15:52:31.758 D/HTC Recommends( 2656): /mnt/sdcard/.LHYGB/CKCL
01-07 15:52:31.758 D/HTC Recommends( 2656): no token file
01-07 15:52:31.758 D/HTC Recommends( 2656): no token file
01-07 15:52:31.758 D/HTC Recommends( 2656): Log settings are 
01-07 15:52:31.758 D/HTC Recommends( 2656): Enable General Log : false
01-07 15:52:31.758 D/HTC Recommends( 2656): Enable Analytic Log : false
01-07 15:52:31.758 D/HTC Recommends( 2656): Enable Normal Log Level (dependent on General Log) : false
01-07 15:52:31.758 D/HTC Recommends( 2656): Enable Critical Log Level (dependent on General Log) : false
01-07 15:52:31.758 D/SqliteDatabaseCpp( 2656): dbopen(): path = /data/data/com.htc.recommend/databases , key = `tgvegkmmejd, flag = 6, file size = 27648
01-07 15:52:31.758 D/SqliteDatabaseCpp( 2656): dbopen(): path = /data/data/com.htc.recommend/databases , key = `tgvegkmmejd, mode: delete, disk free size: 7858 M, handle: 0x15d780
01-07 15:52:31.798 D/WidgetScanner( 2633): onReceiveInternal: Intent { act=android.intent.action.PACKAGE_REMOVED dat=package:uk.ac.st_andrews.cs.host.mk74.energymeasurement.accelerometer flg=0x10000010 cmp=com.htc.launcher/.widget.WidgetScannerService (has extras) }
01-07 15:52:31.798 D/HtcWidgetScanner( 2633): onPackageRemoved: uk.ac.st_andrews.cs.host.mk74.energymeasurement.accelerometer
01-07 15:52:31.808 D/PackageManager( 1574): generateServicesMap(android.accounts.AccountAuthenticator): 13 services unchanged
01-07 15:52:31.808 D/Launcher.Model( 1675): onReceive intent=Intent { act=android.intent.action.PACKAGE_ADDED dat=package:uk.ac.st_andrews.cs.host.mk74.energymeasurement.accelerometer flg=0x10000010 (has extras) }
01-07 15:52:31.818 D/Launcher.Model( 1675): mAllAppsList.updatePackage uk.ac.st_andrews.cs.host.mk74.energymeasurement.accelerometer
01-07 15:52:31.818 D/PhoneApp( 1662): -- PackageChangeBroadcastReceiver  action = android.intent.action.PACKAGE_ADDED
01-07 15:52:31.828 D/PackageManager( 1574): generateServicesMap(android.content.SyncAdapter): 21 services unchanged
01-07 15:52:31.949 D/Launcher.Model( 2633): onReceive intent=Intent { act=android.intent.action.PACKAGE_ADDED dat=package:uk.ac.st_andrews.cs.host.mk74.energymeasurement.accelerometer flg=0x10000010 (has extras) }
01-07 15:52:31.959 I/RegisterService( 2634): android.intent.action.PACKAGE_REMOVED package:uk.ac.st_andrews.cs.host.mk74.energymeasurement.accelerometer
01-07 15:52:31.979 D/Launcher.Model( 2633): mAllAppsList.updatePackage uk.ac.st_andrews.cs.host.mk74.energymeasurement.accelerometer
01-07 15:52:32.169 D/CombinedWidgetProvider( 1675): +addAppWidget
01-07 15:52:32.239 D/dalvikvm( 1574): GC_CONCURRENT freed 1701K, 12% free 16084K/18119K, paused 2ms+24ms
01-07 15:52:32.329 D/CombinedWidgetProvider( 1675): addAppWidget: WidgetSummary(YouTube/APP_WIDGET/[I@407569f0 x [I@40756a10/-1/ComponentInfo{com.google.android.youtube/com.google.android.youtube.app.honeycomb.widget.WidgetProvider}/[I@40756a30)
01-07 15:52:32.329 D/CombinedWidgetProvider( 1675): addAppWidget: WidgetSummary(Twitter (large)/APP_WIDGET/[I@40738660 x [I@40837588/-1/ComponentInfo{com.twitter.android/com.twitter.android.client.WidgetLargeProvider}/[I@408375a8)
01-07 15:52:32.329 D/CombinedWidgetProvider( 1675): addAppWidget: WidgetSummary(Twitter (small)/APP_WIDGET/[I@40d58378 x [I@40d58398/-1/ComponentInfo{com.twitter.android/com.twitter.android.client.WidgetSmallProvider}/[I@40d583b8)
01-07 15:52:32.329 D/CombinedWidgetProvider( 1675): addAppWidget: WidgetSummary(Traffic/APP_WIDGET/[I@4079a568 x [I@4079a588/-1/ComponentInfo{com.google.android.apps.maps/com.google.googlenav.appwidget.traffic.TrafficAppWidget}/[I@4079a5a8)
01-07 15:52:32.329 D/CombinedWidgetProvider( 1675): addAppWidget: WidgetSummary(Latitude/APP_WIDGET/[I@407099b8 x [I@407099d8/-1/ComponentInfo{com.google.android.apps.maps/com.google.googlenav.appwidget.friends.FriendsAppWidgetProvider}/[I@407099f8)
01-07 15:52:32.329 D/CombinedWidgetProvider( 1675): addAppWidget: WidgetSummary(Market/APP_WIDGET/[I@40763768 x [I@40d65878/-1/ComponentInfo{com.android.vending/com.android.vending.MarketWidgetProvider}/[I@40d65898)
01-07 15:52:32.329 D/CombinedWidgetProvider( 1675): addAppWidget: WidgetSummary(Google Search/APP_WIDGET/[I@409a6a10 x [I@409a6a30/-1/ComponentInfo{com.google.android.googlequicksearchbox/com.google.android.googlequicksearchbox.SearchWidgetProvider}/[I@409a6a50)
01-07 15:52:32.329 D/CombinedWidgetProvider( 1675): addAppWidget: WidgetSummary(Gmail/APP_WIDGET/[I@40b580e0 x [I@40b58100/-1/ComponentInfo{com.google.android.gm/com.google.android.gm.widget.GmailWidgetProvider}/[I@40b58120)
01-07 15:52:32.329 D/CombinedWidgetProvider( 1675): addAppWidget: WidgetSummary(Bookmarks/APP_WIDGET/[I@409e5040 x [I@409e5060/-1/ComponentInfo{com.android.browser/com.android.browser.widget.BookmarkThumbnailWidgetProvider}/[I@409e5080)
01-07 15:52:32.329 D/CombinedWidgetProvider( 1675): -addAppWidget
01-07 15:52:32.329 D/CombinedWidgetProvider( 1675): +addHtcWidgets, cat: -1
01-07 15:52:32.329 D/CombinedWidgetProvider( 1675):  uri: content://com.htc.launcher.widget.htcwidget/htcwidgets?widget_only=true
01-07 15:52:32.329 D/HtcWidgetProvider( 1675): row 1
01-07 15:52:32.629 D/HtcWidgetProvider( 1675): update 0
01-07 15:52:32.819 D/CombinedWidgetProvider( 1675): addHtcWidget: WidgetSummary(Tips for Home/HTC_WIDGET/[I@408df6d8 x [I@408df6f8/1101/ComponentInfo{com.htc.rosiewidgets.tip/com.htc.rosiewidgets.tip.TipWidgetItem}/[I@408df718)
01-07 15:52:32.819 D/CombinedWidgetProvider( 1675): -addHtcWidgets
01-07 15:52:32.819 D/CombinedWidgetProvider( 1675): +addFxWidgets , provider: null
01-07 15:52:32.819 D/FxWidgetProviderInfoCollector( 1675): getAllStyles + [Ljava.lang.String;@406d1dc8 @ 
01-07 15:52:32.819 D/FxWidgetProvider( 1675): row 94
01-07 15:52:32.819 I/ActivityThread( 2656): Pub com.htc.recommend.provider.HTCRecommendSuggestionProvider: com.htc.recommend.provider.HTCRecommendSuggestionProvider
01-07 15:52:32.839 D/FxWidgetScanner( 2633): onPackageRemoved: uk.ac.st_andrews.cs.host.mk74.energymeasurement.accelerometer
01-07 15:52:32.839 D/FxWidgetScanner( 2633): removeFxWidgetList
01-07 15:52:32.859 W/Launcher.Model( 2633): Nobody to tell about the new app.  Launcher is probably loading.
01-07 15:52:32.869 I/ActivityManager( 1574): Start proc com.htc.wdm for broadcast com.htc.wdm/.receiver.HTCDirectReceiver: pid=2665 uid=10070 gids={3003, 2001, 1015}
01-07 15:52:32.879 I/ActivityManager( 1574): No longer want com.htc.sdm (pid 2191): hidden #16
01-07 15:52:32.879 I/ActivityManager( 1574): No longer want com.htc.home.personalize (pid 1841): hidden #17
01-07 15:52:32.940 I/ActivityThread( 2665): Pub com.htc.wdm.provider.HtcDirectCarouselProvider: com.htc.wdm.provider.HtcDirectCarouselProvider
01-07 15:52:32.940 I/ActivityThread( 2665): Pub com.htc.wdm.status.HtcDirectProvider: com.htc.wdm.status.HtcDirectProvider
01-07 15:52:32.950 D/FxWidgetScanner( 2633): delete 0
01-07 15:52:32.960 D/HTC Hub ( 2665): /mnt/sdcard/.LHYGB/CKCL
01-07 15:52:32.960 D/HTC Hub ( 2665): no token file
01-07 15:52:32.960 D/HTC Hub ( 2665): no token file
01-07 15:52:32.960 D/HTC Hub ( 2665): Log settings are 
01-07 15:52:32.960 D/HTC Hub ( 2665): Enable General Log : false
01-07 15:52:32.960 D/HTC Hub ( 2665): Enable Analytic Log : false
01-07 15:52:32.960 D/HTC Hub ( 2665): Enable Normal Log Level (dependent on General Log) : false
01-07 15:52:32.960 D/HTC Hub ( 2665): Enable Critical Log Level (dependent on General Log) : false
01-07 15:52:32.960 D/WidgetScanner( 2633): upadted? false
01-07 15:52:32.970 I/ActivityManager( 1574): No longer want com.htc.musicenhancer (pid 2427): hidden #16
01-07 15:52:32.990 D/SM:PackageReceiver( 2624): package added: package:uk.ac.st_andrews.cs.host.mk74.energymeasurement.accelerometer
01-07 15:52:33.000 D/WidgetScanner( 1675): onReceive: Intent { act=android.intent.action.PACKAGE_ADDED dat=package:uk.ac.st_andrews.cs.host.mk74.energymeasurement.accelerometer flg=0x10000010 cmp=com.htc.launcher/.widget.WidgetScannerTrigger (has extras) }
01-07 15:52:33.010 D/WidgetScanner( 2633): onReceiveInternal: Intent { act=android.intent.action.PACKAGE_ADDED dat=package:uk.ac.st_andrews.cs.host.mk74.energymeasurement.accelerometer flg=0x10000010 cmp=com.htc.launcher/.widget.WidgetScannerService (has extras) }
01-07 15:52:33.010 D/HtcWidgetScanner( 2633): onPackageAdded: uk.ac.st_andrews.cs.host.mk74.energymeasurement.accelerometer
01-07 15:52:33.020 I/ActivityManager( 1574): Start proc com.svox.pico for broadcast com.svox.pico/.VoiceDataInstallerReceiver: pid=2674 uid=10031 gids={}
01-07 15:52:33.030 I/RegisterService( 2634): android.intent.action.PACKAGE_ADDED package:uk.ac.st_andrews.cs.host.mk74.energymeasurement.accelerometer
01-07 15:52:33.070 I/ActivityThread( 2674): Pub com.svox.pico.providers.SettingsProvider: com.svox.pico.providers.SettingsProvider
01-07 15:52:33.080 D/vicky   ( 2647): vicky received: android.intent.action.PACKAGE_ADDED
01-07 15:52:33.110 D/HtcWidgetProvider( 1675): row 3
01-07 15:52:33.120 I/ActivityManager( 1574): No longer want com.htc.pen (pid 2124): hidden #16
01-07 15:52:33.130 D/HtcWidgetScanner( 2633): count(onPackageUpdated) - 3
01-07 15:52:33.130 D/GTalkService( 1707): [GTalkService.1] handlePackageInstalled: re-initialize providers
01-07 15:52:33.140 D/GTalkService( 1707): [RawStanzaProvidersMgr] ##### searchProvidersFromIntent
01-07 15:52:33.140 I/ActivityManager( 1574): Start proc com.google.android.partnersetup for broadcast com.google.android.partnersetup/.RlzPingBroadcastReceiver: pid=2682 uid=10081 gids={3003}
01-07 15:52:33.160 D/SqliteDatabaseCpp( 2222): dbopen(): path = /data/data/com.htc.htchubsyncprovider/databases , key = mqdksjlkYdw, flag = 6, file size = 6144
01-07 15:52:33.190 D/FxWidgetScanner( 2633): onPackageAdded: uk.ac.st_andrews.cs.host.mk74.energymeasurement.accelerometer
01-07 15:52:33.200 I/ActivityThread( 2682): Pub com.google.android.partnersetup.rlzprovider: com.google.android.partnersetup.RlzProvider
01-07 15:52:33.200 I/ActivityThread( 2682): Pub com.google.android.partnersetup.rlzappprovider: com.google.android.partnersetup.RlzAppProvider
01-07 15:52:33.200 D/FxWidgetScanner( 2633): addWidgetList
01-07 15:52:33.210 D/FxWidgetScanner( 2633): ResolveInfo size 0
01-07 15:52:33.220 D/SqliteDatabaseCpp( 2222): dbopen(): path = /data/data/com.htc.htchubsyncprovider/databases , key = mqdksjlkYdw, mode: delete, disk free size: 7858 M, handle: 0x15e828
01-07 15:52:33.250 I/ActivityManager( 1574): No longer want com.htc.htchubsyncprovider (pid 2222): hidden #16
01-07 15:52:33.270 D/SM:PackageReceiver( 2624): package replaced: package:uk.ac.st_andrews.cs.host.mk74.energymeasurement.accelerometer
01-07 15:52:33.280 I/ActivityManager( 1574): Start proc com.google.android.apps.maps:FriendService for broadcast com.google.android.apps.maps/com.google.googlenav.friend.android.ServiceReceiver: pid=2689 uid=10046 gids={3003, 1015}
01-07 15:52:33.340 D/FxWidgetProvider( 1675): row 1
01-07 15:52:33.340 D/CombinedWidgetProvider( 1675): addFxWidget: WidgetSummary(Watch/FX_WIDGET/[I@40a97378 x [I@40a97398/-2/ComponentInfo{com.htc.widget3d.watch/com.htc.widget3d.watch.WatchProvider}/[I@40a973b8)
01-07 15:52:33.340 D/FxWidgetProvider( 1675): row 1
01-07 15:52:33.350 D/CombinedWidgetProvider( 1675): addFxWidget: WidgetSummary(Airplane Mode/FX_WIDGET/[I@40a99718 x [I@40a99738/-2/ComponentInfo{com.htc.htcsettingwidgets/com.htc.htcsettingwidgets.AirplaneWidget}/[I@40a99758)
01-07 15:52:33.350 D/FxWidgetProvider( 1675): row 1
01-07 15:52:33.360 D/CombinedWidgetProvider( 1675): addFxWidget: WidgetSummary(Bluetooth/FX_WIDGET/[I@408edc40 x [I@408edc60/-2/ComponentInfo{com.htc.htcsettingwidgets/com.htc.htcsettingwidgets.BTWidget}/[I@408edc80)
01-07 15:52:33.360 D/FxWidgetProvider( 1675): row 1
01-07 15:52:33.370 D/CombinedWidgetProvider( 1675): addFxWidget: WidgetSummary(GPS/FX_WIDGET/[I@408effb0 x [I@408effd0/-2/ComponentInfo{com.htc.htcsettingwidgets/com.htc.htcsettingwidgets.GPSWidget}/[I@408efff0)
01-07 15:52:33.370 D/FxWidgetProvider( 1675): row 1
01-07 15:52:33.370 D/CombinedWidgetProvider( 1675): addFxWidget: WidgetSummary(Wi-Fi Hotspot/FX_WIDGET/[I@408f2310 x [I@408f2330/-2/ComponentInfo{com.htc.htcsettingwidgets/com.htc.htcsettingwidgets.HotspotWidget}/[I@408f2350)
01-07 15:52:33.380 D/FxWidgetProvider( 1675): row 1
01-07 15:52:33.380 D/CombinedWidgetProvider( 1675): addFxWidget: WidgetSummary(Mobile Network/FX_WIDGET/[I@408f47f8 x [I@408f4818/-2/ComponentInfo{com.htc.htcsettingwidgets/com.htc.htcsettingwidgets.MobileNetworkWidget}/[I@408f4838)
01-07 15:52:33.380 D/FxWidgetProvider( 1675): row 1
01-07 15:52:33.390 D/CombinedWidgetProvider( 1675): addFxWidget: WidgetSummary(Wi-Fi/FX_WIDGET/[I@408f6c90 x [I@408f6cb0/-2/ComponentInfo{com.htc.htcsettingwidgets/com.htc.htcsettingwidgets.WiFiWidget}/[I@408f6cd0)
01-07 15:52:33.390 D/FxWidgetProvider( 1675): row 1
01-07 15:52:33.390 D/CombinedWidgetProvider( 1675): addFxWidget: WidgetSummary(Mail/FX_WIDGET/[I@408f9000 x [I@408f9020/-2/ComponentInfo{com.htc.htcmailwidgets/com.htc.htcmailwidgets.WidgetReceiver}/[I@408f9040)
01-07 15:52:33.400 D/FxWidgetProvider( 1675): row 3
01-07 15:52:33.400 D/FxWidgetProviderInfoCollector( 1675): more than one style shared the same component! Return the first one found.
01-07 15:52:33.400 D/CombinedWidgetProvider( 1675): addFxWidget: WidgetSummary(Mail/FX_WIDGET/[I@408fb360 x [I@408fb380/-2/ComponentInfo{com.htc.htcmailwidgets/com.htc.htcmailwidgets.WidgetReceiver}/[I@408fb3a0)
01-07 15:52:33.410 D/FxWidgetProvider( 1675): row 3
01-07 15:52:33.410 D/FxWidgetProviderInfoCollector( 1675): more than one style shared the same component! Return the first one found.
01-07 15:52:33.410 D/CombinedWidgetProvider( 1675): addFxWidget: WidgetSummary(Mail/FX_WIDGET/[I@408fd6d0 x [I@408fd6f0/-2/ComponentInfo{com.htc.htcmailwidgets/com.htc.htcmailwidgets.WidgetReceiver}/[I@408fd710)
01-07 15:52:33.410 D/FxWidgetProvider( 1675): row 3
01-07 15:52:33.410 D/WidgetScanner( 2633): upadted? false
01-07 15:52:33.420 D/FxWidgetProviderInfoCollector( 1675): more than one style shared the same component! Return the first one found.
01-07 15:52:33.420 D/CombinedWidgetProvider( 1675): addFxWidget: WidgetSummary(Mail/FX_WIDGET/[I@408ff810 x [I@408ff830/-2/ComponentInfo{com.htc.htcmailwidgets/com.htc.htcmailwidgets.WidgetReceiver}/[I@408ff850)
01-07 15:52:33.420 D/FxWidgetProvider( 1675): row 3
01-07 15:52:33.420 D/FxWidgetProviderInfoCollector( 1675): more than one style shared the same component! Return the first one found.
01-07 15:52:33.420 D/CombinedWidgetProvider( 1675): addFxWidget: WidgetSummary(Mail/FX_WIDGET/[I@40901938 x [I@40901958/-2/ComponentInfo{com.htc.htcmailwidgets/com.htc.htcmailwidgets.WidgetReceiver}/[I@40901978)
01-07 15:52:33.430 D/FxWidgetProvider( 1675): row 3
01-07 15:52:33.430 D/FxWidgetProviderInfoCollector( 1675): more than one style shared the same component! Return the first one found.
01-07 15:52:33.430 D/CombinedWidgetProvider( 1675): addFxWidget: WidgetSummary(Mail/FX_WIDGET/[I@40903c78 x [I@40903c98/-2/ComponentInfo{com.htc.htcmailwidgets/com.htc.htcmailwidgets.WidgetReceiver}/[I@40903cb8)
01-07 15:52:33.440 D/FxWidgetProvider( 1675): row 3
01-07 15:52:33.440 D/FxWidgetProviderInfoCollector( 1675): more than one style shared the same component! Return the first one found.
01-07 15:52:33.440 D/CombinedWidgetProvider( 1675): addFxWidget: WidgetSummary(Mail/FX_WIDGET/[I@40905e00 x [I@40905e20/-2/ComponentInfo{com.htc.htcmailwidgets/com.htc.htcmailwidgets.WidgetReceiver}/[I@40905e40)
01-07 15:52:33.440 D/FxWidgetProvider( 1675): row 5
01-07 15:52:33.450 D/FxWidgetProviderInfoCollector( 1675): more than one style shared the same component! Return the first one found.
01-07 15:52:33.450 D/CombinedWidgetProvider( 1675): addFxWidget: WidgetSummary(People/FX_WIDGET/[I@40907f10 x [I@40907f30/-2/ComponentInfo{com.htc.htccontactwidgets_3d_fusion/com.htc.htccontactwidgets_3d_fusion.WidgetReceiver}/[I@40907f50)
01-07 15:52:33.450 D/FxWidgetProvider( 1675): row 5
01-07 15:52:33.450 D/FxWidgetProviderInfoCollector( 1675): more than one style shared the same component! Return the first one found.
01-07 15:52:33.450 D/CombinedWidgetProvider( 1675): addFxWidget: WidgetSummary(People/FX_WIDGET/[I@4090a590 x [I@4090a5b0/-2/ComponentInfo{com.htc.htccontactwidgets_3d_fusion/com.htc.htccontactwidgets_3d_fusion.WidgetReceiver}/[I@4090a5d0)
01-07 15:52:33.460 D/FxWidgetProvider( 1675): row 5
01-07 15:52:33.460 D/FxWidgetProviderInfoCollector( 1675): more than one style shared the same component! Return the first one found.
01-07 15:52:33.460 D/CombinedWidgetProvider( 1675): addFxWidget: WidgetSummary(People/FX_WIDGET/[I@4090c9f8 x [I@4090ca18/-2/ComponentInfo{com.htc.htccontactwidgets_3d_fusion/com.htc.htccontactwidgets_3d_fusion.WidgetReceiver}/[I@4090ca38)
01-07 15:52:33.460 D/FxWidgetProvider( 1675): row 5
01-07 15:52:33.460 D/FxWidgetProviderInfoCollector( 1675): more than one style shared the same component! Return the first one found.
01-07 15:52:33.460 D/CombinedWidgetProvider( 1675): addFxWidget: WidgetSummary(People/FX_WIDGET/[I@4090ee48 x [I@4090ee68/-2/ComponentInfo{com.htc.htccontactwidgets_3d_fusion/com.htc.htccontactwidgets_3d_fusion.WidgetReceiver}/[I@4090ee88)
01-07 15:52:33.460 D/FxWidgetProvider( 1675): row 5
01-07 15:52:33.470 D/FxWidgetProviderInfoCollector( 1675): more than one style shared the same component! Return the first one found.
01-07 15:52:33.470 D/CombinedWidgetProvider( 1675): addFxWidget: WidgetSummary(People/FX_WIDGET/[I@40911298 x [I@409112b8/-2/ComponentInfo{com.htc.htccontactwidgets_3d_fusion/com.htc.htccontactwidgets_3d_fusion.WidgetReceiver}/[I@409112d8)
01-07 15:52:33.480 D/FxWidgetProvider( 1675): row 1
01-07 15:52:33.490 D/CombinedWidgetProvider( 1675): addFxWidget: WidgetSummary(Calendar/FX_WIDGET/[I@40913768 x [I@40913788/-2/ComponentInfo{com.htc.htccalendarwidgets/com.htc.htccalendarwidgets.WidgetReceiver}/[I@409137a8)
01-07 15:52:33.490 D/FxWidgetProvider( 1675): row 3
01-07 15:52:33.490 D/FxWidgetProviderInfoCollector( 1675): more than one style shared the same component! Return the first one found.
01-07 15:52:33.500 I/RegisterService( 2634): android.intent.action.PACKAGE_REPLACED package:uk.ac.st_andrews.cs.host.mk74.energymeasurement.accelerometer
01-07 15:52:33.500 D/CombinedWidgetProvider( 1675): addFxWidget: WidgetSummary(Calendar/FX_WIDGET/[I@40915bf8 x [I@40915c18/-2/ComponentInfo{com.htc.htccalendarwidgets/com.htc.htccalendarwidgets.WidgetReceiver}/[I@40915c38)
01-07 15:52:33.500 D/FxWidgetProvider( 1675): row 3
01-07 15:52:33.500 D/FxWidgetProviderInfoCollector( 1675): more than one style shared the same component! Return the first one found.
01-07 15:52:33.510 D/CombinedWidgetProvider( 1675): addFxWidget: WidgetSummary(Calendar/FX_WIDGET/[I@409180b0 x [I@409180d0/-2/ComponentInfo{com.htc.htccalendarwidgets/com.htc.htccalendarwidgets.WidgetReceiver}/[I@409180f0)
01-07 15:52:33.510 D/FxWidgetProvider( 1675): row 3
01-07 15:52:33.510 D/FxWidgetProviderInfoCollector( 1675): more than one style shared the same component! Return the first one found.
01-07 15:52:33.510 D/CombinedWidgetProvider( 1675): addFxWidget: WidgetSummary(Calendar/FX_WIDGET/[I@4091a338 x [I@4091a358/-2/ComponentInfo{com.htc.htccalendarwidgets/com.htc.htccalendarwidgets.WidgetReceiver}/[I@4091a378)
01-07 15:52:33.510 D/FxWidgetProvider( 1675): row 1
01-07 15:52:33.510 D/dalvikvm( 2689): GC_CONCURRENT freed 159K, 4% free 6800K/7047K, paused 1ms+10ms
01-07 15:52:33.520 D/CombinedWidgetProvider( 1675): addFxWidget: WidgetSummary(Calendar/FX_WIDGET/[I@4091c5a8 x [I@4091c5c8/-2/ComponentInfo{com.htc.htccalendarwidgets/com.htc.htccalendarwidgets.WidgetReceiver}/[I@4091c5e8)
01-07 15:52:33.520 D/FxWidgetProvider( 1675): row 1
01-07 15:52:33.540 D/CombinedWidgetProvider( 1675): addFxWidget: WidgetSummary(Bookmarks/FX_WIDGET/[I@40896aa8 x [I@40896ac8/-2/ComponentInfo{com.htc.fusion.htcbookmarkwidget/com.htc.fusion.htcbookmarkwidget.WidgetReceiver}/[I@40896ae8)
01-07 15:52:33.540 D/FxWidgetProvider( 1675): row 1
01-07 15:52:33.540 D/CombinedWidgetProvider( 1675): addFxWidget: WidgetSummary(Bookmarks/FX_WIDGET/[I@40898fd0 x [I@40898ff0/-2/ComponentInfo{com.htc.fusion.htcbookmarkwidget/com.htc.fusion.htcbookmarkwidget.WidgetReceiver}/[I@40899010)
01-07 15:52:33.550 D/FxWidgetProvider( 1675): row 1
01-07 15:52:33.550 D/CombinedWidgetProvider( 1675): addFxWidget: WidgetSummary(Messages/FX_WIDGET/[I@4089b4f8 x [I@4089b518/-2/ComponentInfo{com.htc.htcmsgwidgets3d/com.htc.htcmsgwidgets.MsgWidgetProvider}/[I@4089b538)
01-07 15:52:33.550 D/FxWidgetProvider( 1675): row 1
01-07 15:52:33.550 D/CombinedWidgetProvider( 1675): addFxWidget: WidgetSummary(Messages/FX_WIDGET/[I@4089d7c8 x [I@4089d7e8/-2/ComponentInfo{com.htc.htcmsgwidgets3d/com.htc.htcmsgwidgets.MsgWidgetProvider}/[I@4089d808)
01-07 15:52:33.560 D/FxWidgetProvider( 1675): row 1
01-07 15:52:33.560 D/CombinedWidgetProvider( 1675): addFxWidget: WidgetSummary(Messages/FX_WIDGET/[I@4089fb50 x [I@4089fb70/-2/ComponentInfo{com.htc.htcmsgwidgets3d/com.htc.htcmsgwidgets.MsgWidgetProvider}/[I@4089fb90)
01-07 15:52:33.560 D/FxWidgetProvider( 1675): row 1
01-07 15:52:33.570 D/CombinedWidgetProvider( 1675): addFxWidget: WidgetSummary(Messages/FX_WIDGET/[I@408a1e20 x [I@408a1e40/-2/ComponentInfo{com.htc.htcmsgwidgets3d/com.htc.htcmsgwidgets.MsgWidgetProvider}/[I@408a1e60)
01-07 15:52:33.570 D/FxWidgetProvider( 1675): row 1
01-07 15:52:33.570 D/CombinedWidgetProvider( 1675): addFxWidget: WidgetSummary(Messages/FX_WIDGET/[I@408a40f0 x [I@408a4110/-2/ComponentInfo{com.htc.htcmsgwidgets3d/com.htc.htcmsgwidgets.MsgWidgetProvider}/[I@408a4130)
01-07 15:52:33.580 D/FxWidgetProvider( 1675): row 1
01-07 15:52:33.580 D/CombinedWidgetProvider( 1675): addFxWidget: WidgetSummary(Messages/FX_WIDGET/[I@408a63e0 x [I@408a6400/-2/ComponentInfo{com.htc.htcmsgwidgets3d/com.htc.htcmsgwidgets.MsgWidgetProvider}/[I@408a6420)
01-07 15:52:33.580 D/FxWidgetProvider( 1675): row 1
01-07 15:52:33.590 D/CombinedWidgetProvider( 1675): addFxWidget: WidgetSummary(Messages/FX_WIDGET/[I@408a86d0 x [I@408a86f0/-2/ComponentInfo{com.htc.htcmsgwidgets3d/com.htc.htcmsgwidgets.MsgWidgetProvider}/[I@408a8710)
01-07 15:52:33.590 D/FxWidgetProvider( 1675): row 1
01-07 15:52:33.610 D/CombinedWidgetProvider( 1675): addFxWidget: WidgetSummary(Twitter/FX_WIDGET/[I@408aa9c0 x [I@408aa9e0/-2/ComponentInfo{com.htc.Twitter3DWidget/com.htc.Twitter3DWidget.TwitterWidgetProvider}/[I@408aaa00)
01-07 15:52:33.610 D/FxWidgetProvider( 1675): row 1
01-07 15:52:33.610 I/ActivityManager( 1574): No longer want com.htc.syncagent (pid 2531): hidden #16
01-07 15:52:33.650 D/dalvikvm( 1675): GC_CONCURRENT freed 1000K, 17% free 11424K/13703K, paused 2ms+4ms
01-07 15:52:33.700 D/dalvikvm( 2689): GC_CONCURRENT freed 134K, 4% free 7132K/7367K, paused 1ms+4ms
01-07 15:52:33.740 D/CombinedWidgetProvider( 1675): addFxWidget: WidgetSummary(Twitter/FX_WIDGET/[I@408acdd8 x [I@408acdf8/-2/ComponentInfo{com.htc.Twitter3DWidget/com.htc.Twitter3DWidget.TwitterWidgetProvider}/[I@408ace18)
01-07 15:52:33.740 D/FxWidgetProvider( 1675): row 1
01-07 15:52:33.740 D/CombinedWidgetProvider( 1675): addFxWidget: WidgetSummary(Twitter/FX_WIDGET/[I@40d428b8 x [I@40d40e68/-2/ComponentInfo{com.htc.Twitter3DWidget/com.htc.Twitter3DWidget.TwitterWidgetProvider}/[I@40d3f6d8)
01-07 15:52:33.740 D/FxWidgetProvider( 1675): row 1
01-07 15:52:33.740 D/CombinedWidgetProvider( 1675): addFxWidget: WidgetSummary(Twitter/FX_WIDGET/[I@40a84148 x [I@40a83f58/-2/ComponentInfo{com.htc.Twitter3DWidget/com.htc.Twitter3DWidget.TwitterWidgetProvider}/[I@40a83620)
01-07 15:52:33.750 D/FxWidgetProvider( 1675): row 1
01-07 15:52:33.770 D/CombinedWidgetProvider( 1675): addFxWidget: WidgetSummary(Trends/FX_WIDGET/[I@40933b88 x [I@409337c8/-2/ComponentInfo{com.htc.Trends3DWidget/com.htc.Trends3DWidget.TrendsWidgetProvider}/[I@409335f8)
01-07 15:52:33.780 D/FxWidgetProvider( 1675): row 1
