01-16 16:07:31.434 D/CombinedWidgetProvider( 1677): addFxWidget: WidgetSummary(Analog Clock/FX_WIDGET/[I@40c98018 x [I@40c98038/-2/ComponentInfo{com.htc.clock3dwidget/com.htc.clock3dwidget.ClockWidgetProvider}/[I@40c98058)
01-16 16:07:31.434 D/FxWidgetProvider( 1677): row 1
01-16 16:07:31.444 D/CombinedWidgetProvider( 1677): addFxWidget: WidgetSummary(Social Clock/FX_WIDGET/[I@40c994d8 x [I@40c994f8/-2/ComponentInfo{com.htc.clock3dwidget/com.htc.clock3dwidget.ClockWidgetProvider}/[I@40c99518)
01-16 16:07:31.444 D/FxWidgetProvider( 1677): row 1
01-16 16:07:31.454 D/SqliteDatabaseCpp( 2673): dbopen(): path = /data/data/com.google.android.googlequicksearchbox/databases , key = iwf-`awtkvq, flag = 6, file size = 6144
01-16 16:07:31.454 D/SqliteDatabaseCpp( 2673): dbopen(): path = /data/data/com.google.android.googlequicksearchbox/databases , key = iwf-`awtkvq, mode: delete, disk free size: 7853 M, handle: 0x193598
01-16 16:07:31.474 I/ActivityManager( 1574): Start proc com.htc.pen for broadcast com.htc.pen/.plugin.PenReceiver: pid=2687 uid=10040 gids={}
01-16 16:07:31.474 I/ActivityManager( 1574): No longer want android.process.media (pid 1734): hidden #16
01-16 16:07:31.504 I/ActivityThread( 2687): Pub com.htc.penmenu: com.htc.pen.provider.PenMenuProvider
01-16 16:07:31.504 I/ActivityThread( 2687): Pub com.htc.pen: com.htc.pen.provider.PenProvider
01-16 16:07:31.544 D/SqliteDatabaseCpp( 2687): dbopen(): path = /data/data/com.htc.pen/databases , key = hej, flag = 6, file size = 15360
01-16 16:07:31.544 D/SqliteDatabaseCpp( 2687): dbopen(): path = /data/data/com.htc.pen/databases , key = hej, mode: delete, disk free size: 7853 M, handle: 0x19bb90
01-16 16:07:31.624 D/PenUtils( 2687): getDefaultPen() start 13
01-16 16:07:31.754 D/dalvikvm( 1574): GC_EXPLICIT freed 1299K, 13% free 15904K/18119K, paused 2ms+27ms
01-16 16:07:31.754 D/PenUtils( 2687): getDefaultPen() end 41
01-16 16:07:31.774 D/PenUtils( 2416): getAllPen() start 119
01-16 16:07:31.774 I/MySketcher( 2416): onReceive: com.htc.pen.refreshed
01-16 16:07:31.794 I/MySketcher( 2416): [SketcherWorker] onStartCommand: com.htc.action.PREPARE_VARS
01-16 16:07:31.794 I/MySketcher( 2416): prepareContentVars entered
01-16 16:07:31.794 I/MySketcher( 2416):  getContentView  , in thread:2416
01-16 16:07:31.874 D/dalvikvm( 1574): GC_EXPLICIT freed 57K, 13% free 15865K/18119K, paused 2ms+3ms
01-16 16:07:31.874 D/CombinedWidgetProvider( 1677): addFxWidget: WidgetSummary(Beam Clock/FX_WIDGET/[I@40c9a910 x [I@40c9a930/-2/ComponentInfo{com.htc.clock3dwidget/com.htc.clock3dwidget.ClockWidgetProvider}/[I@40c9a950)
01-16 16:07:31.874 D/FxWidgetProvider( 1677): row 1
01-16 16:07:31.874 D/CombinedWidgetProvider( 1677): addFxWidget: WidgetSummary(Ring Clock/FX_WIDGET/[I@40c9bdd0 x [I@40c9bdf0/-2/ComponentInfo{com.htc.clock3dwidget/com.htc.clock3dwidget.ClockWidgetProvider}/[I@40c9be10)
01-16 16:07:31.874 D/FxWidgetProvider( 1677): row 1
01-16 16:07:31.874 D/CombinedWidgetProvider( 1677): addFxWidget: WidgetSummary(Spin Cycle Clock/FX_WIDGET/[I@40c9d2f0 x [I@40c9d310/-2/ComponentInfo{com.htc.clock3dwidget/com.htc.clock3dwidget.ClockWidgetProvider}/[I@40c9d330)
01-16 16:07:31.884 D/FxWidgetProvider( 1677): row 1
01-16 16:07:31.894 D/CombinedWidgetProvider( 1677): addFxWidget: WidgetSummary(Analog Clock/FX_WIDGET/[I@40c9e940 x [I@40c9e960/-2/ComponentInfo{com.htc.clock3dwidget/com.htc.clock3dwidget.ClockWidgetProvider}/[I@40c9e980)
01-16 16:07:31.894 D/FxWidgetProvider( 1677): row 1
01-16 16:07:31.894 D/CombinedWidgetProvider( 1677): addFxWidget: WidgetSummary(Calculator/FX_WIDGET/[I@40c9feb8 x [I@40c9fed8/-2/ComponentInfo{com.htc.android.fusion.calculator/com.htc.android.fusion.calculator.RosieIntentReceiver}/[I@40c9fef8)
01-16 16:07:31.894 D/FxWidgetProvider( 1677): row 1
01-16 16:07:31.904 D/CombinedWidgetProvider( 1677): addFxWidget: WidgetSummary(Calculator/FX_WIDGET/[I@40ca1538 x [I@40ca1558/-2/ComponentInfo{com.htc.android.fusion.calculator/com.htc.android.fusion.calculator.RosieIntentReceiver}/[I@40ca1578)
01-16 16:07:31.904 D/FxWidgetProvider( 1677): row 1
01-16 16:07:31.914 D/CombinedWidgetProvider( 1677): addFxWidget: WidgetSummary(Calculator/FX_WIDGET/[I@40ca2a80 x [I@40ca2aa0/-2/ComponentInfo{com.htc.android.fusion.calculator/com.htc.android.fusion.calculator.RosieIntentReceiver}/[I@40ca2ac0)
01-16 16:07:31.914 D/FxWidgetProvider( 1677): row 1
01-16 16:07:31.914 D/CombinedWidgetProvider( 1677): addFxWidget: WidgetSummary(Calculator/FX_WIDGET/[I@40ca4148 x [I@40ca4168/-2/ComponentInfo{com.htc.android.fusion.calculator/com.htc.android.fusion.calculator.RosieIntentReceiver}/[I@40ca4188)
01-16 16:07:31.924 D/FxWidgetProvider( 1677): row 1
01-16 16:07:31.924 D/CombinedWidgetProvider( 1677): addFxWidget: WidgetSummary(Auto-sync/FX_WIDGET/[I@40ca5818 x [I@40ca5838/-2/ComponentInfo{com.htc.rosiewidgets.backgrounddata/com.htc.rosiewidgets.backgrounddata.BackgroundDataWidgetProvider}/[I@40ca5858)
01-16 16:07:31.924 D/FxWidgetProvider( 1677): row 1
01-16 16:07:31.934 D/CombinedWidgetProvider( 1677): addFxWidget: WidgetSummary(Auto-rotate/FX_WIDGET/[I@40ca6e88 x [I@40ca6ea8/-2/ComponentInfo{com.htc.autorotatewidget/com.htc.autorotatewidget.AutoRotateWidgetProvider}/[I@40ca6ec8)
01-16 16:07:31.934 D/FxWidgetProvider( 1677): row 1
01-16 16:07:31.934 D/CombinedWidgetProvider( 1677): addFxWidget: WidgetSummary(Stocks/FX_WIDGET/[I@40ca85e0 x [I@40ca8600/-2/ComponentInfo{com.htc.android.fusion.StockWidget/com.htc.android.fusion.StockWidget.RosieWidgetReceiver}/[I@40ca8620)
01-16 16:07:31.944 D/FxWidgetProvider( 1677): row 1
01-16 16:07:31.944 D/CombinedWidgetProvider( 1677): addFxWidget: WidgetSummary(Stocks/FX_WIDGET/[I@40ca9bc0 x [I@40ca9be0/-2/ComponentInfo{com.htc.android.fusion.StockWidget/com.htc.android.fusion.StockWidget.RosieWidgetReceiver}/[I@40ca9c00)
01-16 16:07:31.944 D/FxWidgetProvider( 1677): row 1
01-16 16:07:31.954 D/CombinedWidgetProvider( 1677): addFxWidget: WidgetSummary(Stocks/FX_WIDGET/[I@40cab248 x [I@40cab268/-2/ComponentInfo{com.htc.android.fusion.StockWidget/com.htc.android.fusion.StockWidget.RosieWidgetReceiver}/[I@40cab288)
01-16 16:07:31.954 D/CombinedWidgetProvider( 1677): -addFxWidgets diff: 2671
01-16 16:07:31.954 D/CombinedWidgetProvider( 1677): +addAppWidgetCategories
01-16 16:07:31.964 D/CombinedWidgetProvider( 1677): add AppWidget category: WidgetCategory(YouTube/APP_WIDGET/0)
01-16 16:07:31.964 D/CombinedWidgetProvider( 1677): add AppWidget category: WidgetCategory(Twitter (large)/APP_WIDGET/0)
01-16 16:07:31.964 D/CombinedWidgetProvider( 1677): add AppWidget category: WidgetCategory(Twitter (small)/APP_WIDGET/0)
01-16 16:07:31.964 D/CombinedWidgetProvider( 1677): add AppWidget category: WidgetCategory(Traffic/APP_WIDGET/0)
01-16 16:07:31.964 D/CombinedWidgetProvider( 1677): add AppWidget category: WidgetCategory(Latitude/APP_WIDGET/0)
01-16 16:07:31.964 D/CombinedWidgetProvider( 1677): add AppWidget category: WidgetCategory(Market/APP_WIDGET/0)
01-16 16:07:31.964 D/CombinedWidgetProvider( 1677): add AppWidget category: WidgetCategory(Google Search/APP_WIDGET/0)
01-16 16:07:31.964 D/CombinedWidgetProvider( 1677): add AppWidget category: WidgetCategory(Gmail/APP_WIDGET/0)
01-16 16:07:31.964 D/CombinedWidgetProvider( 1677): add AppWidget category: WidgetCategory(Bookmarks/APP_WIDGET/0)
01-16 16:07:31.964 D/CombinedWidgetProvider( 1677): -addAppWidgetCategories
01-16 16:07:31.964 D/CombinedWidgetProvider( 1677): +addHtcWidgetCategories
01-16 16:07:31.964 D/CombinedWidgetProvider( 1677):  uri: content://com.htc.launcher.widget.htcwidget/htcwidgets?category_only=true
01-16 16:07:31.964 D/HtcWidgetProvider( 1677): row 1
01-16 16:07:31.964 D/CombinedWidgetProvider( 1677): addHtcWidget Category: WidgetCategory(Tips for Home/HTC_WIDGET/1101)
01-16 16:07:31.964 D/CombinedWidgetProvider( 1677): -addHtcWidgetCategories
01-16 16:07:31.964 D/CombinedWidgetProvider( 1677): +addFxWidgetCategories
01-16 16:07:31.964 D/FxWidgetProvider( 1677): row 94
01-16 16:07:32.004 D/AndroidRuntime( 2576): Shutting down VM
01-16 16:07:32.015 D/dalvikvm( 2576): GC_CONCURRENT freed 105K, 83% free 364K/2048K, paused 0ms+0ms
01-16 16:07:32.015 D/dalvikvm( 2576): Debugger has detached; object registry had 1 entries
01-16 16:07:32.125 I/DEBUG   ( 1437): tid 2698 does not exist in pid 2576. ignoring debug request
01-16 16:07:32.245 D/CombinedWidgetProvider( 1677): +addFxWidgetCategories: default
01-16 16:07:32.245 D/CombinedWidgetProvider( 1677): addFxWidget Category: WidgetCategory(Watch/FX_WIDGET/-2)
01-16 16:07:32.245 D/CombinedWidgetProvider( 1677): +addFxWidgetCategories: default
01-16 16:07:32.245 D/CombinedWidgetProvider( 1677): addFxWidget Category: WidgetCategory(Mail/FX_WIDGET/-2)
01-16 16:07:32.245 D/CombinedWidgetProvider( 1677): +addFxWidgetCategories: default
01-16 16:07:32.245 D/CombinedWidgetProvider( 1677): addFxWidget Category: WidgetCategory(People/FX_WIDGET/-2)
01-16 16:07:32.245 D/CombinedWidgetProvider( 1677): +addFxWidgetCategories: default
01-16 16:07:32.245 D/CombinedWidgetProvider( 1677): addFxWidget Category: WidgetCategory(Calendar/FX_WIDGET/-2)
01-16 16:07:32.245 D/CombinedWidgetProvider( 1677): +addFxWidgetCategories: default
01-16 16:07:32.245 D/CombinedWidgetProvider( 1677): addFxWidget Category: WidgetCategory(Bookmarks/FX_WIDGET/-2)
01-16 16:07:32.245 D/CombinedWidgetProvider( 1677): +addFxWidgetCategories: default
01-16 16:07:32.245 D/CombinedWidgetProvider( 1677): addFxWidget Category: WidgetCategory(Messages/FX_WIDGET/-2)
01-16 16:07:32.245 D/CombinedWidgetProvider( 1677): +addFxWidgetCategories: default
01-16 16:07:32.245 D/CombinedWidgetProvider( 1677): addFxWidget Category: WidgetCategory(Twitter/FX_WIDGET/-2)
01-16 16:07:32.255 D/CombinedWidgetProvider( 1677): +addFxWidgetCategories: default
01-16 16:07:32.255 D/CombinedWidgetProvider( 1677): addFxWidget Category: WidgetCategory(Trends/FX_WIDGET/-2)
01-16 16:07:32.255 D/CombinedWidgetProvider( 1677): +addFxWidgetCategories: default
01-16 16:07:32.255 D/CombinedWidgetProvider( 1677): addFxWidget Category: WidgetCategory(Sync All/FX_WIDGET/-2)
01-16 16:07:32.255 D/CombinedWidgetProvider( 1677): +addFxWidgetCategories: default
01-16 16:07:32.255 D/CombinedWidgetProvider( 1677): addFxWidget Category: WidgetCategory(Music/FX_WIDGET/-2)
01-16 16:07:32.255 D/CombinedWidgetProvider( 1677): +addFxWidgetCategories: default
01-16 16:07:32.255 D/CombinedWidgetProvider( 1677): addFxWidget Category: WidgetCategory(Friend Stream/FX_WIDGET/-2)
01-16 16:07:32.255 D/CombinedWidgetProvider( 1677): +addFxWidgetCategories: default
01-16 16:07:32.255 D/CombinedWidgetProvider( 1677): addFxWidget Category: WidgetCategory(My Shelf/FX_WIDGET/-2)
01-16 16:07:32.255 D/CombinedWidgetProvider( 1677): +addFxWidgetCategories: default
01-16 16:07:32.255 D/CombinedWidgetProvider( 1677): addFxWidget Category: WidgetCategory(Weather/FX_WIDGET/-2)
01-16 16:07:32.255 D/CombinedWidgetProvider( 1677): +addFxWidgetCategories: default
01-16 16:07:32.255 D/CombinedWidgetProvider( 1677): addFxWidget Category: WidgetCategory(Notes/FX_WIDGET/-2)
01-16 16:07:32.255 D/CombinedWidgetProvider( 1677): +addFxWidgetCategories: default
01-16 16:07:32.255 D/CombinedWidgetProvider( 1677): addFxWidget Category: WidgetCategory(HTC Likes/FX_WIDGET/-2)
01-16 16:07:32.255 D/CombinedWidgetProvider( 1677): +addFxWidgetCategories: default
01-16 16:07:32.255 D/CombinedWidgetProvider( 1677): addFxWidget Category: WidgetCategory(Photo Album/FX_WIDGET/-2)
01-16 16:07:32.255 D/CombinedWidgetProvider( 1677): +addFxWidgetCategories: default
01-16 16:07:32.255 D/CombinedWidgetProvider( 1677): addFxWidget Category: WidgetCategory(Photo Frame/FX_WIDGET/-2)
01-16 16:07:32.255 D/CombinedWidgetProvider( 1677): +addFxWidgetCategories: default
01-16 16:07:32.255 D/CombinedWidgetProvider( 1677): addFxWidget Category: WidgetCategory(Photo Grid/FX_WIDGET/-2)
01-16 16:07:32.255 D/CombinedWidgetProvider( 1677): +addFxWidgetCategories: default
01-16 16:07:32.255 D/CombinedWidgetProvider( 1677): addFxWidget Category: WidgetCategory(Navigate/FX_WIDGET/-2)
01-16 16:07:32.255 D/CombinedWidgetProvider( 1677): +addFxWidgetCategories: default
01-16 16:07:32.255 D/CombinedWidgetProvider( 1677): addFxWidget Category: WidgetCategory(Locations/FX_WIDGET/-2)
01-16 16:07:32.255 D/CombinedWidgetProvider( 1677): +addFxWidgetCategories: default
01-16 16:07:32.255 D/CombinedWidgetProvider( 1677): addFxWidget Category: WidgetCategory(News/FX_WIDGET/-2)
01-16 16:07:32.265 D/CombinedWidgetProvider( 1677): +addFxWidgetCategories: default
01-16 16:07:32.265 D/CombinedWidgetProvider( 1677): addFxWidget Category: WidgetCategory(Clock/FX_WIDGET/-2)
01-16 16:07:32.265 D/CombinedWidgetProvider( 1677): +addFxWidgetCategories: default
01-16 16:07:32.265 D/CombinedWidgetProvider( 1677): addFxWidget Category: WidgetCategory(Calculator/FX_WIDGET/-2)
01-16 16:07:32.265 D/CombinedWidgetProvider( 1677): +addFxWidgetCategories: default
01-16 16:07:32.265 D/CombinedWidgetProvider( 1677): addFxWidget Category: WidgetCategory(Stocks/FX_WIDGET/-2)
01-16 16:07:32.265 D/CombinedWidgetProvider( 1677): -addFxWidgetCategories
01-16 16:07:32.275 D/AndroidRuntime( 2702): 
01-16 16:07:32.275 D/AndroidRuntime( 2702): >>>>>> AndroidRuntime START com.android.internal.os.RuntimeInit <<<<<<
01-16 16:07:32.275 D/AndroidRuntime( 2702): CheckJNI is OFF
01-16 16:07:32.315 D/PendingAddWidgetInfo( 1677): PendingAddWidgetInfo: ComponentInfo{com.htc.fusion.htcbookmarkwidget/com.htc.fusion.htcbookmarkwidget.GridWidgetView} / grid
01-16 16:07:32.325 D/PendingAddWidgetInfo( 1677): PendingAddWidgetInfo: ComponentInfo{com.htc.fusion.htcbookmarkwidget/com.htc.fusion.htcbookmarkwidget.ListWidgetView} / list
01-16 16:07:32.365 D/dalvikvm( 1677): GC_CONCURRENT freed 2803K, 24% free 10473K/13703K, paused 2ms+12ms
01-16 16:07:32.475 D/CursorWindowStats( 2702): Get CursorWindow size from framework resource:4194304
01-16 16:07:32.565 D/AndroidRuntime( 2702): Calling main entry com.android.commands.am.Am
01-16 16:07:32.575 D/dalvikvm( 1677): GC_CONCURRENT freed 620K, 19% free 11157K/13703K, paused 2ms+8ms
01-16 16:07:32.585 I/ActivityManager( 1574): Starting: Intent { act=android.intent.action.MAIN cat=[android.intent.category.LAUNCHER] flg=0x10000000 cmp=uk.ac.st_andrews.cs.host.mk74.energymeasurement.bluetooth/.MainActivity } from pid 2702
01-16 16:07:32.615 D/ActivityManager( 1574): isSketcherDisabledInCurrentTask():false, ActivityRecord{409c72b0 uk.ac.st_andrews.cs.host.mk74.energymeasurement.bluetooth/.MainActivity}
01-16 16:07:32.615 D/HostWidgetManager( 1677): pauseWidgets: 2
01-16 16:07:32.625 I/ActivityManager( 1574): Start proc uk.ac.st_andrews.cs.host.mk74.energymeasurement.bluetooth for activity uk.ac.st_andrews.cs.host.mk74.energymeasurement.bluetooth/.MainActivity: pid=2710 uid=10108 gids={3002, 3001}
01-16 16:07:32.645 D/AndroidRuntime( 2702): Shutting down VM
01-16 16:07:32.645 D/dalvikvm( 2702): GC_CONCURRENT freed 106K, 81% free 397K/2048K, paused 0ms+0ms
01-16 16:07:32.645 D/dalvikvm( 2702): Debugger has detached; object registry had 1 entries
01-16 16:07:32.675 D/SurfaceFlinger( 1438): getTokenForSurface(0xaa58c) => 0 (client=0x90660, bitmap=00000003), pid=1574
01-16 16:07:32.675 D/msm7x30.gralloc( 1438): gpu_context_t::getGrallocInformationFromFormat  2 
01-16 16:07:32.705 D/Sensors ( 1574): Enable akm: en = 0
01-16 16:07:32.715 D/dalvikvm( 1439): GC_EXPLICIT freed 11K, 5% free 6453K/6787K, paused 1ms+1ms
01-16 16:07:32.745 V/WindowManager( 1574): Starting animation in AppWindowToken{40c2dcd0 token=ActivityRecord{40c2c230 com.htc.launcher/.Launcher}} @ 185107
01-16 16:07:32.745 V/WindowManager( 1574): Starting animation in AppWindowToken{40c5f6d8 token=ActivityRecord{409c72b0 uk.ac.st_andrews.cs.host.mk74.energymeasurement.bluetooth/.MainActivity}} @ 185107
01-16 16:07:32.755 V/WindowManager( 1574): Finished animation in AppWindowToken{40c2dcd0 token=ActivityRecord{40c2c230 com.htc.launcher/.Launcher}} @ 185126
01-16 16:07:32.755 V/WindowManager( 1574): Finished animation in AppWindowToken{40c5f6d8 token=ActivityRecord{409c72b0 uk.ac.st_andrews.cs.host.mk74.energymeasurement.bluetooth/.MainActivity}} @ 185126
01-16 16:07:32.775 I/DTUN_CLNT( 1997): 	Client calling DTUN_METHOD_DM_START_DISCOVERY (id 2)
01-16 16:07:32.775 D/BTL_CFG ( 1961): +btl_cfg_getBDAFilterCond getting property service.brcm.bt.INQ_FILTER_BDA
01-16 16:07:32.775 I/BTL_CFG ( 1961): WARNING : [service.brcm.bt.INQ_FILTER_BDA] property_get failed (0)
01-16 16:07:32.775 D/BTL_CFG ( 1961): -btl_cfg_getBDAFilterCond bdaddr=, nRet=0
01-16 16:07:32.775 W/        ( 1961): bta_dm_check_av:0
01-16 16:07:32.785 I//system/bin/btld( 1960): wrp_monitor_data_fds: 
01-16 16:07:32.785 I//system/bin/btld( 1960): dtun_receive_msg: [DTUN] Received message [BTLIF_DTUN_METHOD_CALL] 4354
01-16 16:07:32.785 I//system/bin/btld( 1960): handle_method_call: handle_method_call :: received DTUN_METHOD_DM_START_DISCOVERY (id 2), len 0
01-16 16:07:32.785 I//system/bin/btld( 1960): btapp_dm_DiscoverDevices()##### USERIAL_Ioctl: BT_Wake, USERIAL_IO_BT_WAKE_ASSERT ####
01-16 16:07:32.785 I//system/bin/btld( 1960): send_ctrl_msg: [BTL_IFS CTRL] send BTLIF_DTUN_SIGNAL_EVT (CTRL) 4 pbytes (hdl 17)
01-16 16:07:32.785 I/ADAPTER ( 1997): Discovery session 0xc7d0 with :1.0 activated
01-16 16:07:32.785 D/DTUN_HCID4( 1997): dtun_dm_sig_discovery_started()
01-16 16:07:32.785 D/BluetoothService( 1574): Property Changed: Discovering : true
01-16 16:07:32.785 I/BluetoothService( 1574): [embedded] Discovery started
01-16 16:07:32.805 D/dalvikvm( 1439): GC_EXPLICIT freed <1K, 5% free 6453K/6787K, paused 1ms+1ms
01-16 16:07:32.825 D/ActivityManager( 1574): isSketcherDisabledInCurrentTask():false, ActivityRecord{409c72b0 uk.ac.st_andrews.cs.host.mk74.energymeasurement.bluetooth/.MainActivity}
01-16 16:07:32.845 D/SurfaceFlinger( 1438): getTokenForSurface(0xcfba4) => 0 (client=0xa8f58, bitmap=00000001), pid=2710
01-16 16:07:32.865 D/dalvikvm( 1439): GC_EXPLICIT freed <1K, 5% free 6453K/6787K, paused 1ms+1ms
01-16 16:07:32.875 V/BluetoothEventManager( 1788): Received android.bluetooth.adapter.action.DISCOVERY_STARTED
01-16 16:07:32.875 D/msm7x30.gralloc( 1438): gpu_context_t::getGrallocInformationFromFormat  2 
01-16 16:07:32.895 I/ActivityManager( 1574): Displayed uk.ac.st_andrews.cs.host.mk74.energymeasurement.bluetooth/.MainActivity: +280ms (total +2m6s888ms)
01-16 16:07:32.905 D/AK8975  ( 1448): Compass CLOSE 
01-16 16:07:32.915 D/msm7x30.gralloc( 1438): gpu_context_t::getGrallocInformationFromFormat  2 
01-16 16:07:32.915 D/SurfaceFlinger( 1438): virtual void android::Layer::onRemoved(): lcblk (identity=14, status=0, token=0)
01-16 16:07:32.945 D/PhoneWindow( 1677): couldn't save which view has focus because the focused view android.widget.RelativeLayout@407c11d8 has no id.
01-16 16:07:32.995 D/SurfaceFlinger( 1438): virtual void android::Layer::onRemoved(): lcblk (identity=8, status=0, token=2)
01-16 16:07:33.025 D/SurfaceFlinger( 1438): virtual void android::Layer::onRemoved(): lcblk (identity=7, status=0, token=1)
01-16 16:07:33.025 W/InputManagerService( 1574): Starting input on non-focused client com.android.internal.view.IInputMethodClient$Stub$Proxy@409c6b78 (uid=9999 pid=1677)
01-16 16:07:33.116 D/dalvikvm( 2416): GC_CONCURRENT freed 534K, 9% free 8813K/9607K, paused 1ms+2ms
01-16 16:07:33.186 I/SimplePen( 2416): created render with defaul alpha: 180, color: -1275068161, width: 3.0
01-16 16:07:33.196 D/PenUtils( 2416): getAllPen() end 207
01-16 16:07:33.196 I/ActivityManager( 1574): No longer want com.android.settings (pid 1788): hidden #16
01-16 16:07:33.206 D/PenMenu ( 2416): mPenTypeLoadingListener runnable - onFinish
01-16 16:07:33.326 D/dalvikvm( 2416): GC_CONCURRENT freed 1024K, 12% free 8587K/9735K, paused 1ms+1ms
01-16 16:07:33.396 I//system/bin/btld( 1960): ##### USERIAL_Ioctl: BT_Sleep, USERIAL_IO_BT_WAKE_DEASSERT ####
01-16 16:07:33.396 D/dalvikvm( 2416): GC_CONCURRENT freed 512K, 10% free 8776K/9735K, paused 1ms+4ms
01-16 16:07:33.476 D/dalvikvm( 2416): GC_FOR_ALLOC freed 869K, 13% free 8496K/9735K, paused 14ms
01-16 16:07:33.536 D/dalvikvm( 2416): GC_CONCURRENT freed 393K, 10% free 8776K/9735K, paused 1ms+1ms
01-16 16:07:33.786 I/System.out( 2710): Values:0
01-16 16:07:33.786 D/dalvikvm( 1674): GC_CONCURRENT freed 261K, 9% free 7894K/8647K, paused 1ms+4ms
01-16 16:07:34.787 I/System.out( 2710): Values:0
01-16 16:07:35.738 I/DTUN_HCID4( 1997): *** Found device [E4:CE:8F:15:7D:27] class = [38010c] ***
01-16 16:07:35.748 I//system/bin/btld( 1960): send_ctrl_msg: [BTL_IFS CTRL] send BTLIF_DTUN_SIGNAL_EVT (CTRL) 16 pbytes (hdl 17)
01-16 16:07:35.748 D/BluetoothService( 1574): updateDeviceServiceChannelCache(E4:CE:8F:15:7D:27)
01-16 16:07:35.748 I/BluetoothService( 1574): [embedded] New device found: address :E4:CE:8F:15:7D:27 name:Yanita Oparlakovas MacBook Pro
01-16 16:07:35.788 I/System.out( 2710): Values:1
01-16 16:07:36.589 I//system/bin/btld( 1960): send_ctrl_msg: [BTL_IFS CTRL] send BTLIF_DTUN_SIGNAL_EVT (CTRL) 16 pbytes (hdl 17)
01-16 16:07:36.589 I/DTUN_HCID4( 1997): *** Found device [64:B9:E8:D8:6E:24] class = [380104] ***
01-16 16:07:36.609 D/BluetoothService( 1574): updateDeviceServiceChannelCache(64:B9:E8:D8:6E:24)
01-16 16:07:36.789 I/System.out( 2710): Values:2
01-16 16:07:36.869 D/dalvikvm( 2710): Debugger has detached; object registry had 1 entries
01-16 16:07:36.869 W/Vold    ( 1434): Ignoring unknown switch 'usb_mass_storage'
01-16 16:07:36.869 W/Vold    ( 1434): Ignoring unknown switch 'usb_connected'
01-16 16:07:36.889 D/Vold    ( 1434): USB disconnected
01-16 16:07:36.889 D/Vold    ( 1434): Share method ums now unavailable
01-16 16:07:36.939 D/VoldConnector( 1574): listenToSocket read--: (37,0)
01-16 16:07:36.939 D/VoldConnector( 1574): RCV <- {620 Share method ums now unavailable}
01-16 16:07:36.939 I/StorageNotification( 1644): UMS connection changed to false (media state mounted)
01-16 16:07:36.939 D/VoldConnector( 1574): listenToSocket read++
01-16 16:07:36.939 D/UsbService( 1574): [USBNET] USB UEVENT: {SUBSYSTEM=switch, SWITCH_STATE=0, DEVPATH=/devices/virtual/switch/usb_connected, SEQNUM=1408, ACTION=change, SWITCH_NAME=usb_connected}
01-16 16:07:36.939 D/UsbService( 1574): [USBNET] USB UEVENT: {SUBSYSTEM=switch, SWITCH_STATE=0, DEVPATH=/devices/virtual/switch/usb_configuration, SEQNUM=1409, ACTION=change, SWITCH_NAME=usb_configuration}
01-16 16:07:36.969 D/BatteryService_ULog( 1574): ULogForBatteryChargingStateChange(99,0) is called
01-16 16:07:36.969 D/BatteryService_ULog( 1574): charger=off,battery_power=99
01-16 16:07:36.979 D/UsbnetService( 1574): BroadcastReceiver::onReceive+
01-16 16:07:36.979 D/UsbnetService( 1574): onReceive BATTERY_CHANGED
01-16 16:07:36.979 D/UsbnetService( 1574):  --> pluggedType = 0, mPluggedType = 0, mScreenOff = false
01-16 16:07:36.979 D/UsbnetService( 1574): BroadcastReceiver::onReceive-
01-16 16:07:36.979 D/lights  ( 1574): [LedInfo] write attr ok name=/sys/class/leds/amber/brightness string=0,len=1
01-16 16:07:36.979 D/RemoveMe( 1668): DCT got intent android.intent.action.BATTERY_CHANGED
01-16 16:07:36.979 D/lights  ( 1574): [LedInfo] write attr ok name=/sys/class/leds/amber/blink string=0,len=1
01-16 16:07:36.979 D/NotificationService( 1574): mIntentReceiver() Intent.ACTION_BATTERY_CHANGED
01-16 16:07:36.979 V/NotificationService( 1574): dual Led off
01-16 16:07:36.989 D/RemoveMe( 1668): DCT got intent android.intent.action.BATTERY_CHANGED
01-16 16:07:36.989 D/lights  ( 1574): [LedInfo] write attr ok name=/sys/class/leds/amber/off_timer string=0 0,len=3
01-16 16:07:36.989 D/RemoveMe( 1668): DCT got intent android.intent.action.BATTERY_CHANGED
01-16 16:07:36.989 D/lights  ( 1574): [LedInfo] write attr ok name=/sys/class/leds/green/brightness string=0,len=1
01-16 16:07:36.989 D/lights  ( 1574): [LedInfo] write attr ok name=/sys/class/leds/green/blink string=0,len=1
01-16 16:07:36.989 D/BatteryService( 1574): SendIntentforPowersaver
01-16 16:07:36.989 D/BatteryService( 1574): Current powersaver status == NORMAL_STATUS1 4 2 false
01-16 16:07:36.989 D/lights  ( 1574): [LedInfo] write attr ok name=/sys/class/leds/green/off_timer string=0 0,len=3
01-16 16:07:36.999 I/ActivityManager( 1574): Start proc com.htc.syncagent for broadcast com.htc.syncagent/.svc.HTCSyncBroadcastReceiver: pid=2732 uid=10096 gids={3003}
01-16 16:07:37.019 D/PowerUI ( 1644): plugged = false, health = 2, mBatteryLevel = 99, mPluggedBatteryLevel = 99, mLowBatteryWarningLevel2 = 25, mshowLowChargingWarning2 = true
01-16 16:07:37.049 D/FDUI    ( 2732): [ HTCSyncBroadcastReceiver: 17 ] - onReceive > get broadcast.
01-16 16:07:37.059 D/FDUI    ( 2732): [ HTCUICommon: 106 ] - initialize > init preference.
01-16 16:07:37.059 D/FDUI    ( 2732): [ HTCUICommon: 113 ] - initialize > initialize
01-16 16:07:37.059 D/FDUI    ( 2732): [ HTCSyncBroadcastReceiver: 22 ] - onReceive > app ver = 1.9
01-16 16:07:37.059 D/FDUI    ( 2732): [ HTCSyncBroadcastReceiver: 23 ] - onReceive > action = android.intent.action.ACTION_POWER_DISCONNECTED
01-16 16:07:37.059 I/ActivityManager( 1574): No longer want com.android.defcontainer (pid 2584): hidden #16
01-16 16:07:37.800 I/System.out( 2710): Values:2
01-16 16:07:37.940 D/UsbService( 1574): [USBNET] handleMessage: 0; mConnected=0(1),mConfiguration=0(1)
01-16 16:07:37.960 D/NetdConnector( 1574): listenToSocket read--: (128,0)
01-16 16:07:37.960 D/NetdConnector( 1574): RCV <- {110 lo}
01-16 16:07:37.960 D/NetdConnector( 1574): doCommand++ (Wait Response)
01-16 16:07:37.970 D/NetdConnector( 1574): RSP <- {110 lo}
01-16 16:07:37.970 D/NetdConnector( 1574): miNoRespCnt=0
01-16 16:07:37.970 V/NotificationService( 1574): dual Led off
01-16 16:07:37.980 D/lights  ( 1574): [LedInfo] write attr ok name=/sys/class/leds/amber/brightness string=0,len=1
01-16 16:07:37.980 D/lights  ( 1574): [LedInfo] write attr ok name=/sys/class/leds/amber/blink string=0,len=1
01-16 16:07:37.980 D/NetdConnector( 1574): RCV <- {110 dummy0}
01-16 16:07:37.990 D/lights  ( 1574): [LedInfo] write attr ok name=/sys/class/leds/amber/off_timer string=0 0,len=3
01-16 16:07:37.990 D/NetdConnector( 1574): RSP <- {110 dummy0}
01-16 16:07:37.990 D/NetdConnector( 1574): miNoRespCnt=0
01-16 16:07:37.990 D/NetdConnector( 1574): RCV <- {110 ifb0}
01-16 16:07:38.000 D/lights  ( 1574): [LedInfo] write attr ok name=/sys/class/leds/green/brightness string=0,len=1
01-16 16:07:38.000 D/lights  ( 1574): [LedInfo] write attr ok name=/sys/class/leds/green/blink string=0,len=1
01-16 16:07:38.000 D/lights  ( 1574): [LedInfo] write attr ok name=/sys/class/leds/green/off_timer string=0 0,len=3
01-16 16:07:38.000 D/NetdConnector( 1574): RSP <- {110 ifb0}
01-16 16:07:38.000 D/NetdConnector( 1574): miNoRespCnt=0
01-16 16:07:38.010 I/ActivityManager( 1574): Start proc android.process.media for broadcast com.android.providers.media/.UsbReceiver: pid=2740 uid=10044 gids={1015, 1023, 1024, 2001, 3003}
01-16 16:07:38.020 D/NotificationService( 1574): cancelNotification, ACTION_NOTIFICATION_REMOVE,pkg=android,id=17040338
01-16 16:07:38.020 D/NetdConnector( 1574): RCV <- {110 ifb1}
01-16 16:07:38.020 D/NetdConnector( 1574): RSP <- {110 ifb1}
01-16 16:07:38.020 D/NetdConnector( 1574): miNoRespCnt=0
01-16 16:07:38.030 D/NetdConnector( 1574): RCV <- {110 rmnet0}
01-16 16:07:38.040 D/NetdConnector( 1574): RSP <- {110 rmnet0}
01-16 16:07:38.040 D/NetdConnector( 1574): miNoRespCnt=0
01-16 16:07:38.040 D/NetdConnector( 1574): RCV <- {110 rmnet1}
01-16 16:07:38.040 D/NetdConnector( 1574): RSP <- {110 rmnet1}
01-16 16:07:38.040 D/NetdConnector( 1574): miNoRespCnt=0
01-16 16:07:38.050 D/NetdConnector( 1574): RCV <- {110 rmnet2}
01-16 16:07:38.050 D/NetdConnector( 1574): RSP <- {110 rmnet2}
01-16 16:07:38.050 D/NetdConnector( 1574): miNoRespCnt=0
01-16 16:07:38.050 D/NetdConnector( 1574): RCV <- {110 usb0}
01-16 16:07:38.050 D/NetdConnector( 1574): RSP <- {110 usb0}
01-16 16:07:38.050 D/NetdConnector( 1574): miNoRespCnt=0
01-16 16:07:38.050 D/NetdConnector( 1574): RCV <- {110 sit0}
01-16 16:07:38.050 D/NetdConnector( 1574): RSP <- {110 sit0}
01-16 16:07:38.050 D/NetdConnector( 1574): miNoRespCnt=0
01-16 16:07:38.050 D/NetdConnector( 1574): RCV <- {110 ip6tnl0}
01-16 16:07:38.050 D/NetdConnector( 1574): RSP <- {110 ip6tnl0}
01-16 16:07:38.050 D/NetdConnector( 1574): miNoRespCnt=0
01-16 16:07:38.050 D/NetdConnector( 1574): RCV <- {200 Interface list completed}
01-16 16:07:38.050 D/NetdConnector( 1574): RSP <- {200 Interface list completed}
01-16 16:07:38.050 D/NetdConnector( 1574): miNoRespCnt=0
01-16 16:07:38.050 D/NetdConnector( 1574): doCommand-- (complete)
01-16 16:07:38.050 D/Tethering( 1574): InitialState.processMessage what=4
01-16 16:07:38.050 D/NetdConnector( 1574): List terminated with {200 Interface list completed}
01-16 16:07:38.060 D/WifiStateMachine( 1574): wifi hotspotSSID=HTC Portable Hotspot, hiddenSSID=false, secureType=wpa2-psk, enableMacFilter=0, maxConns=5, channel=0
01-16 16:07:38.060 D/WifiStateMachine( 1574): wifi hotspotdhcpEnable=1, maxDhcpClients=5, ipAddress=192.168.1.1, dhcpSubnetMask=255.255.255.0, startingIP=192.168.1.10, dhsIPAddr1=null, dnsIPAddr2=null, sleepPolicy=1
01-16 16:07:38.060 D/Tethering( 1574): sendTetherStateChangedBroadcast 0, 0, 0
01-16 16:07:38.060 D/NetdConnector( 1574): listenToSocket read++
01-16 16:07:38.060 D/WifiStateMachine( 1574): getWifiApConfiguration:mconfig.SSID=HTC Portable Hotspot
01-16 16:07:38.080 I/ActivityThread( 2740): Pub downloads: com.android.providers.downloads.DownloadProvider
01-16 16:07:38.100 I/ActivityThread( 2740): Pub drm: com.android.providers.drm.DrmProvider
01-16 16:07:38.100 D/SqliteDatabaseCpp( 2740): dbopen(): path = /data/data/com.android.providers.downloads/databases , key = dksjlkYdw, flag = 6, file size = 9216
01-16 16:07:38.100 I/ActivityThread( 2740): Pub media: com.android.providers.media.MediaProvider
01-16 16:07:38.110 D/SqliteDatabaseCpp( 2740): dbopen(): path = /data/data/com.android.providers.downloads/databases , key = dksjlkYdw, mode: delete, disk free size: 7854 M, handle: 0x1b2858
01-16 16:07:38.130 D/dalvikvm( 2740): GC_FOR_ALLOC freed 77K, 4% free 6540K/6787K, paused 18ms
01-16 16:07:38.130 I/dalvikvm-heap( 2740): Grow heap (frag case) to 6.972MB for 524304-byte allocation
01-16 16:07:38.150 D/dalvikvm( 2740): GC_FOR_ALLOC freed 0K, 5% free 7052K/7367K, paused 11ms
01-16 16:07:38.181 D/MediaProvider( 2740): [MediaProvider][onCreate]+true
01-16 16:07:38.181 D/MediaProvider( 2740): [MediaProvider][onCreate]+state=mounted
01-16 16:07:38.191 D/SqliteDatabaseCpp( 2740): dbopen(): path = /data/data/com.android.providers.media/databases , key = eptevjYl, flag = 6, file size = 63488
01-16 16:07:38.201 D/SqliteDatabaseCpp( 2740): dbopen(): path = /data/data/com.android.providers.media/databases , key = eptevjYl, mode: wal, disk free size: 7854 M, handle: 0x1c9f78
01-16 16:07:38.201 D/dalvikvm( 2740): GC_CONCURRENT freed 16K, 5% free 7272K/7623K, paused 1ms+2ms
01-16 16:07:38.391 D/MediaProvider( 2740): [MediaProvider][onCreate]-
01-16 16:07:38.391 D/UsbReceiver( 2740): [MTP][UsbReceiver][onReceive]+
01-16 16:07:38.391 D/UsbConnectedReceiver( 1772): action = android.hardware.usb.action.USB_STATE
01-16 16:07:38.401 D/PSCommon( 1772): Content in /sys/devices/platform/msm_hsusb/usb_cable_connect = 0
01-16 16:07:38.401 D/UsbConnectedReceiver( 1772): USB Disconnected.
01-16 16:07:38.411 I/ActivityManager( 1574): Start proc com.android.settings for broadcast com.android.settings/.NSReceiver: pid=2753 uid=1000 gids={1015, 3002, 3001, 3003, 2001, 1007}
01-16 16:07:38.451 D/UsbConnectedReceiver( 1772): Catch USB Disconnect Event, USB cable does really not exist.
01-16 16:07:38.451 V/NotificationService( 1574): dual Led off
01-16 16:07:38.461 D/lights  ( 1574): [LedInfo] write attr ok name=/sys/class/leds/amber/brightness string=0,len=1
01-16 16:07:38.461 D/lights  ( 1574): [LedInfo] write attr ok name=/sys/class/leds/amber/blink string=0,len=1
01-16 16:07:38.461 D/lights  ( 1574): [LedInfo] write attr ok name=/sys/class/leds/amber/off_timer string=0 0,len=3
01-16 16:07:38.471 D/lights  ( 1574): [LedInfo] write attr ok name=/sys/class/leds/green/brightness string=0,len=1
01-16 16:07:38.471 D/lights  ( 1574): [LedInfo] write attr ok name=/sys/class/leds/green/blink string=0,len=1
01-16 16:07:38.471 D/lights  ( 1574): [LedInfo] write attr ok name=/sys/class/leds/green/off_timer string=0 0,len=3
01-16 16:07:38.471 D/NotificationService( 1574): cancelNotification, ACTION_NOTIFICATION_REMOVE,pkg=com.htc.android.psclient,id=2130837519
01-16 16:07:38.521 I/ActivityManager( 1574): No longer want com.htc.wdm (pid 2633): hidden #16
01-16 16:07:38.541 I/ActivityThread( 2753): Pub com.android.settings.provider.cdmasettings: com.android.settings.HtcCdmaSettingsProvider
01-16 16:07:38.551 D/HtcCdmaSettingsProvider( 2753): onCreate !
01-16 16:07:38.551 I/NetSharing_NSReceiver( 2753): customizedNS:true
01-16 16:07:38.561 D/NetSharing_NSReceiver( 2753): onReceive : android.net.conn.TETHER_STATE_CHANGED
01-16 16:07:38.561 D/NetSharing_NSReceiver( 2753): Tethered state change:false
01-16 16:07:38.601 I/DTUN_HCID4( 1997): *** Found device [88:53:2E:99:8C:F6] class = [508] ***
01-16 16:07:38.611 I//system/bin/btld( 1960): send_ctrl_msg: [BTL_IFS CTRL] send BTLIF_DTUN_SIGNAL_EVT (CTRL) 16 pbytes (hdl 17)
01-16 16:07:38.631 D/dalvikvm( 2753): GC_CONCURRENT freed 119K, 3% free 6839K/7047K, paused 1ms+1ms
01-16 16:07:38.631 I/NetSharing_NSReceiver( 2753): customizedNS:true
01-16 16:07:38.641 D/BluetoothService( 1574): updateDeviceServiceChannelCache(88:53:2E:99:8C:F6)
01-16 16:07:38.641 D/NetSharing_NSReceiver( 2753): onReceive : com.htc.usb.change
01-16 16:07:38.641 D/NetSharing_NSReceiver( 2753): USB = false hasTethered = false
01-16 16:07:38.671 D/PSReceiver( 2753): onReceive : com.htc.usb.change
01-16 16:07:38.671 D/FDUI    ( 2732): [ HTCSyncBroadcastReceiver: 17 ] - onReceive > get broadcast.
01-16 16:07:38.671 D/FDUI    ( 2732): [ HTCSyncBroadcastReceiver: 22 ] - onReceive > app ver = 1.9
01-16 16:07:38.671 D/FDUI    ( 2732): [ HTCSyncBroadcastReceiver: 23 ] - onReceive > action = action.stopPCTool
01-16 16:07:38.671 D/FDUI    ( 2732): [ HTCSyncBroadcastReceiver: 53 ] - onReceive > syncthread not alive
01-16 16:07:38.671 D/FDUI    ( 2732): [ HTCUICommon: 151 ] - stopStatusThread > stop service
01-16 16:07:38.681 D/FDUI    ( 2732): [ HTCUICommon: 502 ] - revertADBState > saved adb value = -1
01-16 16:07:38.691 D/FDUI    ( 2732): [ HTCUICommon: 547 ] - updateADBFlag > update adb flag.
01-16 16:07:38.691 I/ActivityManager( 1574): No longer want com.htc.htchubsyncprovider (pid 2641): hidden #16
01-16 16:07:38.701 D/HtcHardwareService( 1574): [USBNET] MiscControl_IPT: 0
01-16 16:07:38.701 D/HtcHardwareService( 1574): [USBNET] MiscControl+: 1,usb_none
01-16 16:07:38.701 D/CommandListener( 1436): UsbCmd::runCommand@842: iptmode,3
01-16 16:07:38.701 D/UsbController( 1436): [USBNET] StartIptMode@211: 0
01-16 16:07:38.701 D/NetworkManagmentService( 1574): [USBNET] stopIptDhcp
01-16 16:07:38.701 D/NetdConnector( 1574): listenToSocket read--: (31,0)
01-16 16:07:38.701 D/NetdConnector( 1574): RCV <- {200 Tether operation succeeded}
01-16 16:07:38.701 D/NetdConnector( 1574): listenToSocket read++
01-16 16:07:38.701 D/NetdConnector( 1574): doCommand++ (Wait Response)
01-16 16:07:38.701 D/NetdConnector( 1574): RSP <- {200 Tether operation succeeded}
01-16 16:07:38.701 D/NetdConnector( 1574): miNoRespCnt=0
01-16 16:07:38.701 D/NetdConnector( 1574): doCommand-- (complete)
01-16 16:07:38.701 D/NetworkManagmentService( 1574): [USBNET] startIptMode
01-16 16:07:38.711 I/logwrapper( 2762): CMD:/system/bin/netsharing
01-16 16:07:38.711 D/NetSharing( 2762): [USBNET] main+: 3, /system/bin/netsharing net_pass off
01-16 16:07:38.711 D/NetSharing( 2762): UsbAttrFile=/sys/devices/platform/msm_hsusb/usb_function_switch
01-16 16:07:38.711 D/NetSharing( 2762): [USBNET] iCheckUsbFunc@133: 0x0
01-16 16:07:38.711 D/NetSharing( 2762): [USBNET] main@1024: uUsbSts=0x0
01-16 16:07:38.711 D/NetSharing( 2762): [USBNET] main-
01-16 16:07:38.711 D/NetdConnector( 1574): doCommand++ (Wait Response)
01-16 16:07:38.721 W/ContactAggregator( 1674): No more aggregation requests
01-16 16:07:38.761 D/dalvikvm( 2753): GC_CONCURRENT freed 448K, 9% free 6833K/7431K, paused 1ms+8ms
01-16 16:07:38.761 D/dalvikvm( 2283): GC_CONCURRENT freed 420K, 8% free 6770K/7303K, paused 1ms+4ms
01-16 16:07:38.791 I/System.out( 2710): Values:3
01-16 16:07:38.911 D/NetdConnector( 1574): listenToSocket read--: (28,0)
01-16 16:07:38.911 D/NetdConnector( 1574): RCV <- {200 Usb operation succeeded}
01-16 16:07:38.911 D/NetdConnector( 1574): RSP <- {200 Usb operation succeeded}
01-16 16:07:38.911 D/NetdConnector( 1574): miNoRespCnt=0
01-16 16:07:38.911 D/NetdConnector( 1574): doCommand-- (complete)
01-16 16:07:38.911 D/CommandListener( 1436): UsbCmd::runCommand@842: funcswitch,3
01-16 16:07:38.911 D/UsbController( 1436): [USBNET] iCheckUsbFunc@133: 0x0
01-16 16:07:38.911 D/UsbController( 1436): [USBNET] iSwitchUsbFunc@312: 0,0x0,0
01-16 16:07:38.911 D/UsbController( 1436): [USBNET] iSwitchUsbFunc-: -1
01-16 16:07:38.911 D/UsbnetService( 1574): BroadcastReceiver::onReceive+
01-16 16:07:38.911 D/UsbnetService( 1574): NETWORK_STATE_CHANGED_NOTIFY: 0
01-16 16:07:38.911 I/UsbnetStateTracker( 1574): NetStateNotification +: 0
01-16 16:07:38.911 I/UsbnetStateTracker( 1574): notifyStateChange
01-16 16:07:38.911 D/NetworkManagmentService( 1574): [USBNET] SwitchUsbFunc
01-16 16:07:38.911 D/NetdConnector( 1574): doCommand++ (Wait Response)
01-16 16:07:38.911 D/NetdConnector( 1574): listenToSocket read++
01-16 16:07:38.911 D/NetdConnector( 1574): listenToSocket read--: (28,0)
01-16 16:07:38.911 D/NetdConnector( 1574): RCV <- {200 Usb operation succeeded}
01-16 16:07:38.911 D/NetdConnector( 1574): RSP <- {200 Usb operation succeeded}
01-16 16:07:38.911 D/NetdConnector( 1574): miNoRespCnt=0
01-16 16:07:38.911 D/NetdConnector( 1574): doCommand-- (complete)
01-16 16:07:38.921 I/UsbnetStateTracker( 1574): NetStateNotification -
01-16 16:07:38.921 D/UsbnetService( 1574): BroadcastReceiver::onReceive-
01-16 16:07:38.921 D/HtcHardwareService( 1574): [USBNET] MiscControl-: 1,usb_none
01-16 16:07:38.921 D/ConnectivityService( 1574): [embedded] ConnectivityChange for USBNET: DISCONNECTED/DISCONNECTED, default=-1
01-16 16:07:38.921 D/ConnectivityService( 1574): getMobileDataEnabled returning false
01-16 16:07:38.921 D/WifiService( 1574): WirelessSleep- get variables from db: enabled = true, start= 82800000, end= 21600000
01-16 16:07:38.921 D/WifiService( 1574): WirelessSleep- start->end = 25200000, end->start= 61200000
01-16 16:07:38.921 I/WifiService( 1574): DockWifi - mAutoEnableWifiApInDockMode =false mAutoEnableWifiInDockMode=false
01-16 16:07:38.921 D/NetdConnector( 1574): listenToSocket read++
01-16 16:07:38.941 D/DataConnectionTracker( 1668): enableApnType(default), isApnTypeActive=false, isApnIdEnabled=true and state= IDLE
01-16 16:07:38.961 D/Tethering( 1574): Tethering got CONNECTIVITY_ACTION type: USBNET, subtype: , status: DISCONNECTED
01-16 16:07:38.971 D/LocationManagerService( 1574): CONNECTIVITY_ACTION: synchronized+
01-16 16:07:38.971 D/LocationManagerService( 1574): updateNetworkState unavailable info: NetworkInfo: type: USBNET[], state: DISCONNECTED/DISCONNECTED, reason: (unspecified), extra: 0, roaming: false, failover: false, isAvailable: false, isIpv4Connected: false, isIpv6Connected: false
01-16 16:07:38.971 D/LocationManagerService( 1574): CONNECTIVITY_ACTION: synchronized+ provider size: 3
01-16 16:07:38.971 D/StatusBar.NetworkController( 1644): mSignalStrength.isGsm() == true
01-16 16:07:38.981 D/Tethering( 1574): icon Type=15, subtype=0
01-16 16:07:38.981 D/Tethering( 1574): MasterInitialState.processMessage what=3
01-16 16:07:38.981 D/GpsLocationProvider( 1574): + synchronized updateNetworkState  info: NetworkInfo: type: USBNET[], state: DISCONNECTED/DISCONNECTED, reason: (unspecified), extra: 0, roaming: false, failover: false, isAvailable: false, isIpv4Connected: false, isIpv6Connected: false
01-16 16:07:38.981 D/GpsLocationProvider( 1574): [shen] debug
01-16 16:07:38.981 D/GTalkService( 1710): lost connectivity, notify
01-16 16:07:38.981 D/LocationManagerService( 1574): CONNECTIVITY_ACTION: synchronized-
01-16 16:07:38.981 D/GTalkService( 1710): [ReonnectMgr] ### report Inet condition: status=false, networkType=15
01-16 16:07:38.991 D/ConnectivityService( 1574): reportNetworkCondition(15, 0)
01-16 16:07:38.991 D/ConnectivityService( 1574): Inet connectivity change, net=15, condition=0,mActiveDefaultNetwork=-1
01-16 16:07:38.991 D/ConnectivityService( 1574): no active default network - aborting
01-16 16:07:38.991 D/GpsLocationProvider( 1574): [handleMessage] message :4
01-16 16:07:38.991 D/GpsLocationProvider( 1574): [handleMessage] UPDATE_NETWORK_STATE
01-16 16:07:38.991 D/GpsLocationProvider( 1574): updateNetworkState unavailable info: NetworkInfo: type: USBNET[], state: DISCONNECTED/DISCONNECTED, reason: (unspecified), extra: 0, roaming: false, failover: false, isAvailable: false, isIpv4Connected: false, isIpv6Connected: false
01-16 16:07:38.991 I/ActivityManager( 1574): Start proc com.htc.notes for broadcast com.htc.notes/.collection.NotesReceiver: pid=2763 uid=9996 gids={3003, 1015, 1006, 2001}
01-16 16:07:39.031 D/PSReceiver( 2753): USB Unplugged, Set PSEnabled= false
01-16 16:07:39.061 I/ActivityManager( 1574): Start proc com.sdgtl.watch.flyer for broadcast com.sdgtl.watch.flyer/com.sdgtl.watch.service.ModeChangeReceiver: pid=2770 uid=10016 gids={3003, 1015}
01-16 16:07:39.081 I/ActivityManager( 1574): No longer want com.htc.launcher.widgetscanner (pid 2600): hidden #16
01-16 16:07:39.121 I/ActivityThread( 2770): Pub com.sdgtl.watchapp.widget: com.sdgtl.watch.widget.WatchAppContentProvider
01-16 16:07:39.131 I/ActivityThread( 2770): Pub searchformovies: com.sdgtl.watch.search.CatalogSearchProvider
01-16 16:07:39.131 I/ActivityThread( 2770): Pub com.sdgtl.watch.WatchAppCarouselProvider: com.sdgtl.watch.WatchAppCarouselProvider
01-16 16:07:39.181 W/ContentService( 1574): binderDied() at ObserverNode name favorites
01-16 16:07:39.212 D/dalvikvm( 2770): GC_CONCURRENT freed 326K, 6% free 6632K/7047K, paused 1ms+4ms
01-16 16:07:39.242 I/ActivityManager( 1574): Start proc com.htc.bg for broadcast com.htc.providers.uploads/.UploadReceiver: pid=2778 uid=10013 gids={2001, 3003, 1006, 1015}
01-16 16:07:39.262 I/ActivityManager( 1574): No longer want com.svox.pico (pid 2649): hidden #16
01-16 16:07:39.282 I/ActivityThread( 2778): Pub com.htc.socialnetwork.flickr.provider.StreamProvider: com.htc.socialnetwork.flickr.provider.FlickrStreamProvider
01-16 16:07:39.282 I/ActivityThread( 2778): Pub com.htc.accounts: com.htc.CustomizationSetup.AccountsProvider
01-16 16:07:39.292 I/ActivityThread( 2778): Pub com.htc.htctwitter.Users: com.htc.htctwitter.FriendProvider
01-16 16:07:39.302 I/ActivityThread( 2778): Pub com.htc.opensense.snprovider: com.htc.opensense.snprovider.SocialNetworkProvider
01-16 16:07:39.312 D/SocialNetworkProvider( 2778): onCreate
01-16 16:07:39.312 I/ActivityThread( 2778): Pub com.htc.socialnetwork.flickr.provider.CacheImageProvider: com.htc.socialnetwork.flickr.provider.FlickrCacheImageProvider
01-16 16:07:39.312 I/ActivityThread( 2778): Pub com.htc.friendstream.provider.FriendStreamProvider: com.htc.friendstream.provider.FriendStreamProvider
01-16 16:07:39.322 I/ActivityThread( 2778): Pub com.htc.chirp.provider.Tweet;com.htc.htctwitter: com.htc.htctwitter.TwitterProvider
01-16 16:07:39.332 I/ActivityThread( 2778): Pub com.htc.provider.settings: com.htc.provider.settings.NotificationFlashLightProvider
01-16 16:07:39.332 I/ActivityThread( 2778): Pub com.htc.settings.accountsync.SYNC: com.htc.opensense.syncprovider.SyncProvider
01-16 16:07:39.332 D/SyncProvider( 2778): onCreate
01-16 16:07:39.332 I/ActivityThread( 2778): Pub com.htc.providers.uploads: com.htc.providers.uploads.UploadProvider
01-16 16:07:39.332 D/UploadProvider( 2778): UploadProvider is running
01-16 16:07:39.332 I/ActivityThread( 2778): Pub com.htc.cachemanager: com.htc.opensense.cachemanager.CacheProvider
01-16 16:07:39.332 I/ActivityThread( 2778): Pub com.htc.socialnetwork.facebook.provider.CacheImageProvider: com.htc.socialnetwork.facebook.provider.FacebookCacheImageProvider
01-16 16:07:39.342 I/ActivityThread( 2778): Pub com.htc.htctwitter.provider.CacheImageProvider: com.htc.htctwitter.provider.TwitterCacheImageProvider
01-16 16:07:39.342 I/ActivityThread( 2778): Pub com.htc.socialnetwork.facebook: com.htc.socialnetwork.facebook.FacebookDB
01-16 16:07:39.352 D/UploadReceiver( 2778): Action android.net.conn.CONNECTIVITY_CHANGE
01-16 16:07:39.352 I/ActivityManager( 1574): Start proc com.htc.reportagent for broadcast com.htc.reportagent/.receiver.ReportAgentReceiver: pid=2788 uid=10038 gids={3003, 1007}
01-16 16:07:39.362 V/UploadReceiver( 2778): Receiver onConnectivity
01-16 16:07:39.382 I/ActivityManager( 1574): No longer want com.htc.cs (pid 2615): hidden #16
01-16 16:07:39.402 I/MyReportAgent( 2788): ReportAgentReceiver [onReceive] android.net.conn.CONNECTIVITY_CHANGE
01-16 16:07:39.402 D/MyHTC   ( 1881): PoweronReceiver.onReceive(): intent=android.net.conn.CONNECTIVITY_CHANGE
01-16 16:07:39.402 I/ActivityManager( 1574): No longer want com.android.vending (pid 2192): hidden #16
01-16 16:07:39.412 D/CSUtil  ( 1881): serverTime = 1384010153359
01-16 16:07:39.412 D/CSUtil  ( 1881): serverTime = 48528
01-16 16:07:39.412 D/CSUtil  ( 1881): curGMTTime = 58059419
01-16 16:07:39.412 I/ActivityManager( 1574): Start proc com.google.android.apps.uploader for broadcast com.google.android.apps.uploader/.ConnectivityBroadcastReceiver: pid=2797 uid=10043 gids={3003}
01-16 16:07:39.442 I/ActivityThread( 2797): Pub com.google.android.apps.uploader: com.google.android.apps.uploader.UploadsContentProvider
01-16 16:07:39.442 I/ActivityThread( 2797): Pub com.google.photos.provider.Album: com.google.android.apps.uploader.clients.picasa.AlbumProvider
01-16 16:07:39.442 D/MediaUploader( 2797): UploaderApplication.onCreate
01-16 16:07:39.462 D/MediaUploader( 2797): nonWifiLimit=20971520, default=20971520
01-16 16:07:39.462 I/MediaUploader( 2797): No need to wake up
01-16 16:07:39.462 I/ActivityManager( 1574): Start proc com.htc.notes:NotesService for broadcast com.htc.notes/.provider.notes.NotesReceiver: pid=2808 uid=9996 gids={3003, 1015, 1006, 2001}
01-16 16:07:39.462 I/ActivityManager( 1574): No longer want com.htc.recommend (pid 2624): hidden #16
01-16 16:07:39.512 I/ActivityManager( 1574): Start proc com.htc.htcMessageUploader for broadcast com.htc.htcMessageUploader/.UploadMessageReceiver: pid=2815 uid=10060 gids={3003}
01-16 16:07:39.542 I/ActivityManager( 1574): No longer want com.google.android.partnersetup (pid 2657): hidden #16
01-16 16:07:39.562 V/htcMessageUploader( 2815): [UploadMessageReceiver] UploadMessageReceiver() constructor !!!
01-16 16:07:39.562 I/htcMessageUploader( 2815): Start thread to upload fota event message:com.htc.htcMessageUploader.UploadMessageReceiver
01-16 16:07:39.562 D/htcMessageUploader( 2815): Total time in main thread:1 milli-seconds
01-16 16:07:39.562 D/Socket_Alarm( 2815): registerHTCSocketMonitorCallBack
01-16 16:07:39.572 D/Socket_Alarm( 2815): set mSocketMonitor
01-16 16:07:39.572 D/htcMessageUploader( 2815): Get CONNECTIVITY_ACTION intent 
01-16 16:07:39.572 I/htcMessageUploader( 2815): == UploadMessageReceiver finished ==
01-16 16:07:39.572 D/Socket_Alarm( 2815): HTCSocketMonitorImpl::HTCSocketMonitorImpl
01-16 16:07:39.582 I/ActivityManager( 1574): No longer want com.android.smith (pid 2593): hidden #16
01-16 16:07:39.692 V/MyReportAgent( 2788): ReportAgentReceiver Recv Intent: Intent { act=android.net.conn.CONNECTIVITY_CHANGE flg=0x10000010 cmp=com.htc.reportagent/.receiver.ReportAgentReceiver (has extras) }
01-16 16:07:39.692 D/AutoSetting( 1772): receiver - intent: android.net.conn.CONNECTIVITY_CHANGE
01-16 16:07:39.692 D/AutoSetting( 1772): receiver - NetworkInfo: type: USBNET[], state: DISCONNECTED/DISCONNECTED, reason: (unspecified), extra: 0, roaming: false, failover: false, isAvailable: false, isIpv4Connected: false, isIpv6Connected: false
01-16 16:07:39.692 D/MyReportAgent( 2788): android.net.conn.CONNECTIVITY_CHANGE
01-16 16:07:39.692 W/ContentService( 1574): binderDied() at ObserverNode name com.google.android.gsf.gservices
01-16 16:07:39.692 D/AutoSetting( 1772): Util - no network available!
01-16 16:07:39.702 D/MyReportAgent( 2788): ReportService [##] onCreate(), this = com.htc.reportagent.ReportService@40681550
01-16 16:07:39.702 D/AutoSetting( 1772): service - onStartCommand() action: com.htc.app.autosetting.cancellocationupdate
01-16 16:07:39.702 D/MyReportAgent( 2788): ReportService [##] onStartCommand(), flags = 2, startId = 1, intent = Intent { act=android.net.conn.CONNECTIVITY_CHANGE flg=0x10000010 cmp=com.htc.reportagent/.ReportService (has extras) }, this = com.htc.reportagent.ReportService@40681550
01-16 16:07:39.702 D/AutoSetting( 1772): service - mHandler: cancel location update
01-16 16:07:39.702 D/AutoSetting( 1772): service -           changes count: 0
01-16 16:07:39.702 W/TelephonyManager( 1710): Hidden constructor called more than once per process!
01-16 16:07:39.712 W/TelephonyManager( 1710): Original: com.google.android.gsf, new: com.google.android.gsf
01-16 16:07:39.712 D/dalvikvm( 2778): GC_CONCURRENT freed 184K, 5% free 6714K/7047K, paused 1ms+21ms
01-16 16:07:39.722 D/UPolicy ( 2788): IUserBehaviorLoggingService reference is gotten !
01-16 16:07:39.762 D/dalvikvm( 1710): GC_EXPLICIT freed 190K, 8% free 6851K/7367K, paused 2ms+1ms
01-16 16:07:39.792 I/System.out( 2710): Values:3
01-16 16:07:40.793 I/System.out( 2710): Values:3
01-16 16:07:41.794 I/System.out( 2710): Values:3
01-16 16:07:42.234 I/DTUN_HCID4( 1997): *** Found device [B8:8D:12:11:06:FF] class = [3a010c] ***
01-16 16:07:42.234 I//system/bin/btld( 1960): send_ctrl_msg: [BTL_IFS CTRL] send BTLIF_DTUN_SIGNAL_EVT (CTRL) 16 pbytes (hdl 17)
01-16 16:07:42.254 D/BluetoothService( 1574): updateDeviceServiceChannelCache(B8:8D:12:11:06:FF)
