01-13 20:11:45.016 D/CombinedWidgetProvider( 1675): addFxWidget: WidgetSummary(Analog Clock/FX_WIDGET/[I@40cc8478 x [I@40cc8498/-2/ComponentInfo{com.htc.clock3dwidget/com.htc.clock3dwidget.ClockWidgetProvider}/[I@40cc84b8)
01-13 20:11:45.016 D/FxWidgetProvider( 1675): row 1
01-13 20:11:45.016 I/ActivityThread( 2663): Pub com.htc.recommend.provider.HTCRecommendSuggestionProvider: com.htc.recommend.provider.HTCRecommendSuggestionProvider
01-13 20:11:45.026 D/CombinedWidgetProvider( 1675): addFxWidget: WidgetSummary(Analog Clock/FX_WIDGET/[I@40cc9790 x [I@40cc97b0/-2/ComponentInfo{com.htc.clock3dwidget/com.htc.clock3dwidget.ClockWidgetProvider}/[I@40cc97d0)
01-13 20:11:45.026 I/ActivityManager( 1574): Start proc com.htc.wdm for broadcast com.htc.wdm/.receiver.HTCDirectReceiver: pid=2671 uid=10070 gids={3003, 2001, 1015}
01-13 20:11:45.036 D/FxWidgetProvider( 1675): row 1
01-13 20:11:45.036 D/CombinedWidgetProvider( 1675): addFxWidget: WidgetSummary(Analog Clock/FX_WIDGET/[I@40ccaaa8 x [I@40ccaac8/-2/ComponentInfo{com.htc.clock3dwidget/com.htc.clock3dwidget.ClockWidgetProvider}/[I@40ccaae8)
01-13 20:11:45.036 D/FxWidgetProvider( 1675): row 1
01-13 20:11:45.056 I/ActivityManager( 1574): No longer want com.htc.home.personalize (pid 1898): hidden #16
01-13 20:11:45.066 I/ActivityThread( 2671): Pub com.htc.wdm.provider.HtcDirectCarouselProvider: com.htc.wdm.provider.HtcDirectCarouselProvider
01-13 20:11:45.066 I/ActivityThread( 2671): Pub com.htc.wdm.status.HtcDirectProvider: com.htc.wdm.status.HtcDirectProvider
01-13 20:11:45.066 D/HTC Hub ( 2671): /mnt/sdcard/.LHYGB/CKCL
01-13 20:11:45.066 D/HTC Hub ( 2671): no token file
01-13 20:11:45.066 D/HTC Hub ( 2671): no token file
01-13 20:11:45.066 D/HTC Hub ( 2671): Log settings are 
01-13 20:11:45.076 D/HTC Hub ( 2671): Enable General Log : false
01-13 20:11:45.076 D/HTC Hub ( 2671): Enable Analytic Log : false
01-13 20:11:45.076 D/HTC Hub ( 2671): Enable Normal Log Level (dependent on General Log) : false
01-13 20:11:45.076 D/HTC Hub ( 2671): Enable Critical Log Level (dependent on General Log) : false
01-13 20:11:45.076 D/SM:PackageReceiver( 2623): package added: package:uk.ac.st_andrews.cs.host.mk74.energymeasurement.cam
01-13 20:11:45.076 D/WidgetScanner( 1675): onReceive: Intent { act=android.intent.action.PACKAGE_ADDED dat=package:uk.ac.st_andrews.cs.host.mk74.energymeasurement.cam flg=0x10000010 cmp=com.htc.launcher/.widget.WidgetScannerTrigger (has extras) }
01-13 20:11:45.076 I/ActivityManager( 1574): No longer want com.htc.sdm (pid 2196): hidden #16
01-13 20:11:45.096 D/WidgetScanner( 2630): onReceiveInternal: Intent { act=android.intent.action.PACKAGE_ADDED dat=package:uk.ac.st_andrews.cs.host.mk74.energymeasurement.cam flg=0x10000010 cmp=com.htc.launcher/.widget.WidgetScannerService (has extras) }
01-13 20:11:45.096 D/HtcWidgetScanner( 2630): onPackageAdded: uk.ac.st_andrews.cs.host.mk74.energymeasurement.cam
01-13 20:11:45.096 I/ActivityManager( 1574): Start proc com.svox.pico for broadcast com.svox.pico/.VoiceDataInstallerReceiver: pid=2681 uid=10031 gids={}
01-13 20:11:45.126 I/ActivityThread( 2681): Pub com.svox.pico.providers.SettingsProvider: com.svox.pico.providers.SettingsProvider
01-13 20:11:45.126 D/vicky   ( 2644): vicky received: android.intent.action.PACKAGE_ADDED
01-13 20:11:45.146 D/GTalkService( 1718): [GTalkService.1] handlePackageInstalled: re-initialize providers
01-13 20:11:45.146 D/GTalkService( 1718): [RawStanzaProvidersMgr] ##### searchProvidersFromIntent
01-13 20:11:45.156 I/ActivityManager( 1574): Start proc com.google.android.partnersetup for broadcast com.google.android.partnersetup/.RlzPingBroadcastReceiver: pid=2688 uid=10081 gids={3003}
01-13 20:11:45.176 I/ActivityThread( 2688): Pub com.google.android.partnersetup.rlzprovider: com.google.android.partnersetup.RlzProvider
01-13 20:11:45.176 I/ActivityThread( 2688): Pub com.google.android.partnersetup.rlzappprovider: com.google.android.partnersetup.RlzAppProvider
01-13 20:11:45.196 D/PhoneApp( 1663): EVENT_QUERY_MO_PACKAGES
01-13 20:11:45.206 I/RegisterService( 2637): android.intent.action.PACKAGE_ADDED package:uk.ac.st_andrews.cs.host.mk74.energymeasurement.cam
01-13 20:11:45.206 D/PhoneApp( 1663): -- N1 =0
01-13 20:11:45.226 I/ActivityManager( 1574): Start proc com.htc.htchubsyncprovider for content provider com.htc.htchubsyncprovider/.provider.MyDownloadsProvider: pid=2695 uid=10069 gids={3003, 2001, 1015}
01-13 20:11:45.236 D/PhoneApp( 1663): -- N2 =0
01-13 20:11:45.246 D/SM:PackageReceiver( 2623): package replaced: package:uk.ac.st_andrews.cs.host.mk74.energymeasurement.cam
01-13 20:11:45.256 I/ActivityManager( 1574): No longer want com.htc.musicenhancer (pid 2431): hidden #16
01-13 20:11:45.256 D/HtcWidgetProvider( 1675): row 3
01-13 20:11:45.266 I/ActivityManager( 1574): Start proc com.google.android.apps.maps:FriendService for broadcast com.google.android.apps.maps/com.google.googlenav.friend.android.ServiceReceiver: pid=2702 uid=10046 gids={3003, 1015}
01-13 20:11:45.276 D/PhoneApp( 1663): -- N3 =0
01-13 20:11:45.276 I/ActivityThread( 2695): Pub com.htc.wdm.provider.WDMProvider: com.htc.htchubsyncprovider.provider.WDMProvider
01-13 20:11:45.286 I/ActivityThread( 2695): Pub com.htc.wotaproviders.MyDownloadsProvider: com.htc.htchubsyncprovider.provider.MyDownloadsProvider
01-13 20:11:45.336 D/SqliteDatabaseCpp( 2695): dbopen(): path = /data/data/com.htc.htchubsyncprovider/databases , key = mqdksjlkYdw, flag = 6, file size = 6144
01-13 20:11:45.336 D/SqliteDatabaseCpp( 2695): dbopen(): path = /data/data/com.htc.htchubsyncprovider/databases , key = mqdksjlkYdw, mode: delete, disk free size: 7854 M, handle: 0xdacd0
01-13 20:11:45.396 I/RegisterService( 2637): android.intent.action.PACKAGE_REPLACED package:uk.ac.st_andrews.cs.host.mk74.energymeasurement.cam
01-13 20:11:45.406 D/dalvikvm( 2702): GC_CONCURRENT freed 158K, 4% free 6800K/7047K, paused 1ms+3ms
01-13 20:11:45.406 D/dalvikvm( 2255): GC_CONCURRENT freed 483K, 9% free 6673K/7303K, paused 1ms+89ms
01-13 20:11:45.466 I/ActivityManager( 1574): No longer want com.htc.pen (pid 2123): hidden #16
01-13 20:11:45.516 D/dalvikvm( 2702): GC_CONCURRENT freed 135K, 5% free 7134K/7431K, paused 3ms+10ms
01-13 20:11:45.546 D/dalvikvm( 1718): GC_EXPLICIT freed 230K, 7% free 6857K/7367K, paused 2ms+3ms
01-13 20:11:45.716 D/dalvikvm( 1574): GC_EXPLICIT freed 1669K, 13% free 15872K/18055K, paused 7ms+13ms
01-13 20:11:45.766 D/AndroidRuntime( 2606): Shutting down VM
01-13 20:11:45.766 D/dalvikvm( 2606): GC_CONCURRENT freed 105K, 83% free 364K/2048K, paused 1ms+0ms
01-13 20:11:45.766 D/dalvikvm( 2606): Debugger has detached; object registry had 1 entries
01-13 20:11:45.846 D/dalvikvm( 1574): GC_EXPLICIT freed 31K, 13% free 15848K/18055K, paused 2ms+4ms
01-13 20:11:45.856 D/CombinedWidgetProvider( 1675): addFxWidget: WidgetSummary(Analog Clock/FX_WIDGET/[I@40ccbdc0 x [I@40ccbde0/-2/ComponentInfo{com.htc.clock3dwidget/com.htc.clock3dwidget.ClockWidgetProvider}/[I@40ccbe00)
01-13 20:11:45.856 D/FxWidgetProvider( 1675): row 1
01-13 20:11:45.856 D/CombinedWidgetProvider( 1675): addFxWidget: WidgetSummary(Social Clock/FX_WIDGET/[I@40cce810 x [I@40cce830/-2/ComponentInfo{com.htc.clock3dwidget/com.htc.clock3dwidget.ClockWidgetProvider}/[I@40cce850)
01-13 20:11:45.876 I/DEBUG   ( 1437): tid 2710 does not exist in pid 2606. ignoring debug request
01-13 20:11:45.876 D/FxWidgetProvider( 1675): row 1
01-13 20:11:45.876 D/CombinedWidgetProvider( 1675): addFxWidget: WidgetSummary(Beam Clock/FX_WIDGET/[I@40ccfa58 x [I@40ccfa78/-2/ComponentInfo{com.htc.clock3dwidget/com.htc.clock3dwidget.ClockWidgetProvider}/[I@40ccfa98)
01-13 20:11:45.886 D/FxWidgetProvider( 1675): row 1
01-13 20:11:45.886 D/CombinedWidgetProvider( 1675): addFxWidget: WidgetSummary(Ring Clock/FX_WIDGET/[I@40cd0df8 x [I@40cd0e18/-2/ComponentInfo{com.htc.clock3dwidget/com.htc.clock3dwidget.ClockWidgetProvider}/[I@40cd0e38)
01-13 20:11:45.886 D/FxWidgetProvider( 1675): row 1
01-13 20:11:45.896 D/CombinedWidgetProvider( 1675): addFxWidget: WidgetSummary(Spin Cycle Clock/FX_WIDGET/[I@40cd2220 x [I@40cd2240/-2/ComponentInfo{com.htc.clock3dwidget/com.htc.clock3dwidget.ClockWidgetProvider}/[I@40cd2260)
01-13 20:11:45.906 D/FxWidgetProvider( 1675): row 1
01-13 20:11:45.916 D/CombinedWidgetProvider( 1675): addFxWidget: WidgetSummary(Analog Clock/FX_WIDGET/[I@40cd37c8 x [I@40cd37e8/-2/ComponentInfo{com.htc.clock3dwidget/com.htc.clock3dwidget.ClockWidgetProvider}/[I@40cd3808)
01-13 20:11:45.916 D/FxWidgetProvider( 1675): row 1
01-13 20:11:45.926 D/CombinedWidgetProvider( 1675): addFxWidget: WidgetSummary(Calculator/FX_WIDGET/[I@40cd4b48 x [I@40cd4b68/-2/ComponentInfo{com.htc.android.fusion.calculator/com.htc.android.fusion.calculator.RosieIntentReceiver}/[I@40cd4b88)
01-13 20:11:45.926 D/HtcWidgetScanner( 2630): count(onPackageUpdated) - 3
01-13 20:11:45.936 D/FxWidgetProvider( 1675): row 1
01-13 20:11:45.936 D/CombinedWidgetProvider( 1675): addFxWidget: WidgetSummary(Calculator/FX_WIDGET/[I@406c00b0 x [I@406bf008/-2/ComponentInfo{com.htc.android.fusion.calculator/com.htc.android.fusion.calculator.RosieIntentReceiver}/[I@406bf028)
01-13 20:11:45.947 D/FxWidgetProvider( 1675): row 1
01-13 20:11:45.947 D/Socket_Alarm( 2702): registerHTCSocketMonitorCallBack
01-13 20:11:45.947 D/Socket_Alarm( 2702): set mSocketMonitor
01-13 20:11:45.947 D/Socket_Alarm( 2702): HTCSocketMonitorImpl::HTCSocketMonitorImpl
01-13 20:11:45.967 D/CombinedWidgetProvider( 1675): addFxWidget: WidgetSummary(Calculator/FX_WIDGET/[I@40bd81b0 x [I@409908b8/-2/ComponentInfo{com.htc.android.fusion.calculator/com.htc.android.fusion.calculator.RosieIntentReceiver}/[I@409908d8)
01-13 20:11:45.967 D/FxWidgetProvider( 1675): row 1
01-13 20:11:45.977 D/CombinedWidgetProvider( 1675): addFxWidget: WidgetSummary(Calculator/FX_WIDGET/[I@40d75550 x [I@4083bfe8/-2/ComponentInfo{com.htc.android.fusion.calculator/com.htc.android.fusion.calculator.RosieIntentReceiver}/[I@4083c008)
01-13 20:11:45.977 D/FxWidgetProvider( 1675): row 1
01-13 20:11:46.017 D/CombinedWidgetProvider( 1675): addFxWidget: WidgetSummary(Auto-sync/FX_WIDGET/[I@40bf0680 x [I@40bf0b28/-2/ComponentInfo{com.htc.rosiewidgets.backgrounddata/com.htc.rosiewidgets.backgrounddata.BackgroundDataWidgetProvider}/[I@40bf0b48)
01-13 20:11:46.027 D/FxWidgetProvider( 1675): row 1
01-13 20:11:46.027 I/ActivityManager( 1574): No longer want android.process.media (pid 1737): hidden #16
01-13 20:11:46.027 D/CombinedWidgetProvider( 1675): addFxWidget: WidgetSummary(Auto-rotate/FX_WIDGET/[I@40be4850 x [I@40be4330/-2/ComponentInfo{com.htc.autorotatewidget/com.htc.autorotatewidget.AutoRotateWidgetProvider}/[I@40be3e38)
01-13 20:11:46.037 D/FxWidgetProvider( 1675): row 1
01-13 20:11:46.047 D/FxWidgetScanner( 2630): onPackageAdded: uk.ac.st_andrews.cs.host.mk74.energymeasurement.cam
01-13 20:11:46.087 D/AndroidRuntime( 2714): 
01-13 20:11:46.087 D/AndroidRuntime( 2714): >>>>>> AndroidRuntime START com.android.internal.os.RuntimeInit <<<<<<
01-13 20:11:46.087 D/AndroidRuntime( 2714): CheckJNI is OFF
01-13 20:11:46.117 I/ActivityManager( 1574): Start proc com.google.android.googlequicksearchbox for broadcast com.google.android.googlequicksearchbox/.SourceUpdateReceiver: pid=2716 uid=10080 gids={3003}
01-13 20:11:46.187 D/CursorWindowStats( 2714): Get CursorWindow size from framework resource:4194304
01-13 20:11:46.227 D/FxWidgetScanner( 2630): addWidgetList
01-13 20:11:46.227 D/CombinedWidgetProvider( 1675): addFxWidget: WidgetSummary(Stocks/FX_WIDGET/[I@40bdb088 x [I@40bdb3c0/-2/ComponentInfo{com.htc.android.fusion.StockWidget/com.htc.android.fusion.StockWidget.RosieWidgetReceiver}/[I@40bdb3e0)
01-13 20:11:46.237 D/FxWidgetProvider( 1675): row 1
01-13 20:11:46.237 D/AndroidRuntime( 2714): Calling main entry com.android.commands.am.Am
01-13 20:11:46.247 D/CombinedWidgetProvider( 1675): addFxWidget: WidgetSummary(Stocks/FX_WIDGET/[I@409d53a0 x [I@409d5a60/-2/ComponentInfo{com.htc.android.fusion.StockWidget/com.htc.android.fusion.StockWidget.RosieWidgetReceiver}/[I@409d5a80)
01-13 20:11:46.247 I/ActivityManager( 1574): Starting: Intent { act=android.intent.action.MAIN cat=[android.intent.category.LAUNCHER] flg=0x10000000 cmp=uk.ac.st_andrews.cs.host.mk74.energymeasurement.cam/.MainActivity } from pid 2714
01-13 20:11:46.257 D/FxWidgetProvider( 1675): row 1
01-13 20:11:46.267 D/CombinedWidgetProvider( 1675): addFxWidget: WidgetSummary(Stocks/FX_WIDGET/[I@40936e88 x [I@409378a0/-2/ComponentInfo{com.htc.android.fusion.StockWidget/com.htc.android.fusion.StockWidget.RosieWidgetReceiver}/[I@409378c0)
01-13 20:11:46.277 D/CombinedWidgetProvider( 1675): -addFxWidgets diff: 2990
01-13 20:11:46.277 D/ActivityManager( 1574): isSketcherDisabledInCurrentTask():false, ActivityRecord{4078a1b0 uk.ac.st_andrews.cs.host.mk74.energymeasurement.cam/.MainActivity}
01-13 20:11:46.287 D/AndroidRuntime( 2714): Shutting down VM
01-13 20:11:46.287 D/dalvikvm( 2714): GC_CONCURRENT freed 106K, 81% free 397K/2048K, paused 0ms+0ms
01-13 20:11:46.297 D/CombinedWidgetProvider( 1675): +addAppWidgetCategories
01-13 20:11:46.297 D/CombinedWidgetProvider( 1675): add AppWidget category: WidgetCategory(YouTube/APP_WIDGET/0)
01-13 20:11:46.297 D/CombinedWidgetProvider( 1675): add AppWidget category: WidgetCategory(Twitter (large)/APP_WIDGET/0)
01-13 20:11:46.297 D/dalvikvm( 2714): Debugger has detached; object registry had 1 entries
01-13 20:11:46.307 D/HostWidgetManager( 1675): pauseWidgets: 2
01-13 20:11:46.317 I/ActivityManager( 1574): Start proc uk.ac.st_andrews.cs.host.mk74.energymeasurement.cam for activity uk.ac.st_andrews.cs.host.mk74.energymeasurement.cam/.MainActivity: pid=2731 uid=10106 gids={1006, 1015}
01-13 20:11:46.337 D/CombinedWidgetProvider( 1675): add AppWidget category: WidgetCategory(Twitter (small)/APP_WIDGET/0)
01-13 20:11:46.337 I/AndroidRuntime( 2714): NOTE: attach of thread 'Binder Thread #3' failed
01-13 20:11:46.337 D/CombinedWidgetProvider( 1675): add AppWidget category: WidgetCategory(Traffic/APP_WIDGET/0)
01-13 20:11:46.337 D/CombinedWidgetProvider( 1675): add AppWidget category: WidgetCategory(Latitude/APP_WIDGET/0)
01-13 20:11:46.337 D/CombinedWidgetProvider( 1675): add AppWidget category: WidgetCategory(Market/APP_WIDGET/0)
01-13 20:11:46.337 D/CombinedWidgetProvider( 1675): add AppWidget category: WidgetCategory(Google Search/APP_WIDGET/0)
01-13 20:11:46.337 D/CombinedWidgetProvider( 1675): add AppWidget category: WidgetCategory(Gmail/APP_WIDGET/0)
01-13 20:11:46.347 D/CombinedWidgetProvider( 1675): add AppWidget category: WidgetCategory(Bookmarks/APP_WIDGET/0)
01-13 20:11:46.347 D/CombinedWidgetProvider( 1675): -addAppWidgetCategories
01-13 20:11:46.347 D/CombinedWidgetProvider( 1675): +addHtcWidgetCategories
01-13 20:11:46.347 D/CombinedWidgetProvider( 1675):  uri: content://com.htc.launcher.widget.htcwidget/htcwidgets?category_only=true
01-13 20:11:46.347 D/HtcWidgetProvider( 1675): row 1
01-13 20:11:46.357 D/SurfaceFlinger( 1438): getTokenForSurface(0xb21d4) => 0 (client=0xa2da8, bitmap=00000003), pid=1574
01-13 20:11:46.357 D/msm7x30.gralloc( 1438): gpu_context_t::getGrallocInformationFromFormat  2 
01-13 20:11:46.367 D/CombinedWidgetProvider( 1675): addHtcWidget Category: WidgetCategory(Tips for Home/HTC_WIDGET/1101)
01-13 20:11:46.367 D/CombinedWidgetProvider( 1675): -addHtcWidgetCategories
01-13 20:11:46.367 D/CombinedWidgetProvider( 1675): +addFxWidgetCategories
01-13 20:11:46.367 D/FxWidgetProvider( 1675): row 94
01-13 20:11:46.377 D/FxWidgetScanner( 2630): ResolveInfo size 0
01-13 20:11:46.417 D/Sensors ( 1574): Enable akm: en = 0
01-13 20:11:46.427 D/dalvikvm( 1439): GC_EXPLICIT freed 11K, 5% free 6453K/6787K, paused 1ms+1ms
01-13 20:11:46.457 V/WindowManager( 1574): Starting animation in AppWindowToken{40c30a00 token=ActivityRecord{40c2bf70 com.htc.launcher/.Launcher}} @ 1220974
01-13 20:11:46.457 I/ActivityThread( 2716): Pub com.google.android.googlequicksearchbox.shortcuts: com.google.android.googlequicksearchbox.WebHistoryProvider
01-13 20:11:46.457 I/ActivityThread( 2716): Pub com.google.android.googlequicksearchbox.google: com.google.android.googlequicksearchbox.google.GoogleSuggestionProvider
01-13 20:11:46.457 V/WindowManager( 1574): Starting animation in AppWindowToken{4112b898 token=ActivityRecord{4078a1b0 uk.ac.st_andrews.cs.host.mk74.energymeasurement.cam/.MainActivity}} @ 1220974
01-13 20:11:46.477 D/dalvikvm( 1439): GC_EXPLICIT freed <1K, 5% free 6453K/6787K, paused 1ms+9ms
01-13 20:11:46.517 D/dalvikvm( 1439): GC_EXPLICIT freed <1K, 5% free 6453K/6787K, paused 1ms+1ms
01-13 20:11:46.537 V/WindowManager( 1574): Finished animation in AppWindowToken{40c30a00 token=ActivityRecord{40c2bf70 com.htc.launcher/.Launcher}} @ 1221065
01-13 20:11:46.537 V/WindowManager( 1574): Finished animation in AppWindowToken{4112b898 token=ActivityRecord{4078a1b0 uk.ac.st_andrews.cs.host.mk74.energymeasurement.cam/.MainActivity}} @ 1221065
01-13 20:11:46.547 D/SurfaceFlinger( 1438): virtual void android::Layer::onRemoved(): lcblk (identity=8, status=0, token=2)
01-13 20:11:46.617 I/CameraService( 1441): cameraId:0
01-13 20:11:46.617 I/CameraService( 1441): 2D mode only
01-13 20:11:46.617 I/QualcommCameraHardware( 1441): openCameraHardware: call createInstance cameraId 0
01-13 20:11:46.617 D/QualcommCameraHardware( 1441): createInstance: E
01-13 20:11:46.617 D/CameraPP( 1441): CameraPP::CameraPP()
01-13 20:11:46.617 D/SDO_PP  ( 1441): SDO_PP::SDO_PP()
01-13 20:11:46.617 I/OlaEngine( 1441): [Ola_Engine_Create:79] engine build info [ name ] : htc
01-13 20:11:46.617 I/OlaEngine( 1441): [Ola_Engine_Create:83] engine build info [ date ] : 2011-06-09 16:04:18
01-13 20:11:46.617 I/OlaEngine( 1441): [Ola_Engine_Create:87] engine build info [ version ] : __bulid_revision_194__ 
01-13 20:11:46.617 D/CameraFace_OLA( 1441): create OlaEngine
01-13 20:11:46.617 D/CameraFace_OLA( 1441): create Ola FD
01-13 20:11:46.627 V/Olaworks( 1441): [Ola_BeautyShotEngine_Create] prr(0x0002be60)
01-13 20:11:46.627 D/CameraFace_OLA( 1441): create Ola BS
01-13 20:11:46.627 D/SqliteDatabaseCpp( 2716): dbopen(): path = /data/data/com.google.android.googlequicksearchbox/databases , key = iwf-`awtkvq, flag = 6, file size = 6144
01-13 20:11:46.647 D/SqliteDatabaseCpp( 2716): dbopen(): path = /data/data/com.google.android.googlequicksearchbox/databases , key = iwf-`awtkvq, mode: delete, disk free size: 7855 M, handle: 0x1936b8
01-13 20:11:46.647 I/ActivityManager( 1574): Start proc com.htc.pen for broadcast com.htc.pen/.plugin.PenReceiver: pid=2745 uid=10040 gids={}
01-13 20:11:46.657 D/CameraFace_OLA( 1441): create Ola SD
01-13 20:11:46.657 D/CameraFace_OLA( 1441): create Ola BD
01-13 20:11:46.657 D/QualcommCameraHardware( 1441):  Storing the current target type as 2 
01-13 20:11:46.657 D/QualcommCameraHardware( 1441): constructor EX
01-13 20:11:46.657 D/QualcommCameraHardware( 1441): startCamera E
01-13 20:11:46.657 I/ActivityManager( 1574): No longer want com.android.settings (pid 2574): hidden #16
01-13 20:11:46.677 D/QualcommCameraHardware( 1441): loading liboemcamera at 0xb000f004
01-13 20:11:46.677 I/QualcommCameraHardware( 1441): 2ndCAM LED lib name = hw/lights.msm7x30.so
01-13 20:11:46.677 D/QualcommCameraHardware( 1441): loading liblightled at 0xb000f464
01-13 20:11:46.677 I/QualcommCameraHardware( 1441): Set main cam
01-13 20:11:46.677 I/mm-camera( 1441): set sensor selection :0
01-13 20:11:46.677 D/lights  ( 1441): [LedInfo] __set_camera2_led mode=0
01-13 20:11:46.677 D/lights  ( 1441): [LedInfo] write attr ok name=/sys/class/leds/green-camera/brightness string=0,len=1
01-13 20:11:46.687 I/ActivityThread( 2745): Pub com.htc.penmenu: com.htc.pen.provider.PenMenuProvider
01-13 20:11:46.697 I/ActivityThread( 2745): Pub com.htc.pen: com.htc.pen.provider.PenProvider
01-13 20:11:46.727 D/WidgetScanner( 2630): upadted? false
01-13 20:11:46.737 I/ActivityManager( 1574): No longer want com.htc.bg (pid 1856): hidden #16
01-13 20:11:46.747 D/SqliteDatabaseCpp( 2745): dbopen(): path = /data/data/com.htc.pen/databases , key = hej, flag = 6, file size = 15360
01-13 20:11:46.757 D/SqliteDatabaseCpp( 2745): dbopen(): path = /data/data/com.htc.pen/databases , key = hej, mode: delete, disk free size: 7855 M, handle: 0x19bb90
01-13 20:11:46.767 D/SurfaceFlinger( 1438): virtual void android::Layer::onRemoved(): lcblk (identity=7, status=0, token=1)
01-13 20:11:46.787 D/PhoneWindow( 1675): couldn't save which view has focus because the focused view android.widget.RelativeLayout@407c7830 has no id.
01-13 20:11:46.827 I/QualcommCameraHardware( 1441): Open Device node : /dev/msm_camera/control0
01-13 20:11:46.827 I/mm-camera( 1441): Open Device node : /dev/msm_camera/config0 
01-13 20:11:46.837 D/PenUtils( 2745): getDefaultPen() start 13
01-13 20:11:46.847 I/mm-camera( 1441): [AWB Calibration] from kernel: fuse_id: 0x0, 0x0, 0x4, 0x34417
01-13 20:11:46.847 I/mm-camera-s5k4e1gx_u( 1441): Inside s5k4e1gx_process_start 
01-13 20:11:46.847 I/mm-camera( 1441): [LSC Calibration]Sensor_set_mesh
01-13 20:11:46.847 I/mm-camera( 1441): [LSC Calibration] : call awb_get_fuseid
01-13 20:11:46.847 I/mm-camera( 1441): Read /data/lsc_cal fail
01-13 20:11:46.847 I/mm-camera( 1441): Read from file OK: /data/lsc_cal or /sys/android_camera_awb_cal/awb_cal
01-13 20:11:46.847 I/mm-camera( 1441): [LSC Calibration]: lsc_checksum=3366a429, lsc_verify=c1b
01-13 20:11:46.847 I/mm-camera( 1441): [LSC Calibration]: fuseid_1=0,fuseid_2=0,fuseid_3=4,fuseid_4=34417, sfuse.fuse_id_word1=0,sfuse.fuse_id_word2=0,sfuse.fuse_id_word3=4,sfuse.fuse_id_word4=34417
01-13 20:11:46.847 I/mm-camera( 1441): LSC_Calibration: 	addr=a74eaaec, & addr=a74eaaec
01-13 20:11:46.847 I/mm-camera( 1441): LSC_Calibration: 	addr=a74eb8c0, & addr=a74eb8c0
01-13 20:11:46.867 I/mm-camera( 1441): LSC_Calibration: 	addr=a74ec694, & addr=a74ec694
01-13 20:11:46.867 I/mm-camera( 1441): LSC_Calibration: 	addr=a74ed468, & addr=a74ed468
01-13 20:11:46.867 I/mm-camera( 1441): LSC_Calibration: 	addr=a74ee23c, & addr=a74ee23c
01-13 20:11:46.867 I/mm-camera-s5k4e1gx_u( 1441): s5k4e1gx_process_start: [LSC Calibration] LSC is valid and set NEW mesh value
01-13 20:11:46.867 I/mm-camera( 1441): [AWB Calibration] fuse_id : 0x0, 0x0, 0x4, 0x34417
01-13 20:11:46.867 I/mm-camera( 1441): [AWB Calibration] fail to read /data/awb_cal, try another file
01-13 20:11:46.867 I/mm-camera( 1441): [AWB Calibration] read from file OK: /sys/android_camera_awb_cal/awb_cal
01-13 20:11:46.867 I/mm-camera( 1441): [AWB Calibration] nandflash data: 0xc1b, 0x2ad, 0x2b7, 0x0, 0x0, 0x4, 0x34417, 0xc23b908c
01-13 20:11:46.867 I/mm-camera( 1441): [AWB Calibration] check sum=c23b908c, OK
01-13 20:11:46.867 I/mm-camera( 1441): [AWB Calibration] valid bit and fuseID pass, use new white points
01-13 20:11:46.867 I/mm-camera( 1441): [AWB Calibration] use light version: v3
01-13 20:11:46.867 I/mm-camera-s5k4e1gx_u( 1441): s5k4e1gx_register: table = 0xa756c7a8
01-13 20:11:46.867 I/mm-camera-s5k4e1gx_u( 1441): get snapshot size pointer:0xa74bf691
01-13 20:11:46.867 D/mm-camera( 1441): sensor_led_ctrl_init: camfd = 16
01-13 20:11:46.867 D/mm-camera( 1441): af_init_process_exhaustive_search sensor->af_exhaust_downhill_allowance 2, sensor->af_exhaust_fv_drop_allowance 0.800000
01-13 20:11:46.867 I/QualcommCameraHardware( 1441): startCamera: camsensor name s5k4e1gx, flash 0
01-13 20:11:46.867 I/mm-camera( 1441): sctrl:0xa756bc08
01-13 20:11:46.867 I/mm-camera( 1441): sctrl->fn_table:0xa74c04d9
01-13 20:11:46.867 I/mm-camera( 1441): sctrl->fn_table.get_snapshot_sizes:0xa74bf691
01-13 20:11:46.867 I/mm-camera-s5k4e1gx_u( 1441): get table
01-13 20:11:46.867 D/QualcommCameraHardware( 1441): startCamera X
01-13 20:11:46.907 D/AK8975  ( 1448): Compass CLOSE 
01-13 20:11:46.907 D/QualcommCameraHardware( 1441): loading libposteffect at 0xb000f57c
01-13 20:11:46.907 D/QualcommCameraHardware( 1441): static android::sp<android::CameraHardwareInterface> android::QualcommCameraHardware::createInstance(int): start GPU manager (0).
01-13 20:11:46.907 D/QualcommCameraHardware( 1441): initDefaultParameters E
01-13 20:11:46.907 D/QualcommCameraHardware( 1441): product 13
01-13 20:11:46.907 D/GPUPostEffect( 1441): SIMON: void* mlabs::GPUPostEffect::threadMain() E.
01-13 20:11:46.907 I/GEManager( 1441): [GEManager] enter
01-13 20:11:46.907 D/libEGL  ( 1441): loaded /system/lib/egl/libEGL_adreno200.so
01-13 20:11:46.917 D/libEGL  ( 1441): loaded /system/lib/egl/libGLESv1_CM_adreno200.so
01-13 20:11:46.927 D/libEGL  ( 1441): loaded /system/lib/egl/libGLESv2_adreno200.so
01-13 20:11:46.927 D/GEManager( 1441): [GEManager] m_eglDisplay successfully
01-13 20:11:46.927 D/libEGL  ( 1441): initialized 0 dpy=0x1, ver=1.3, cnx=0xabcb2500
01-13 20:11:46.927 D/GEManager( 1441): [GEManager] eglInitialize successfully
01-13 20:11:46.927 D/GEManager( 1441): [GEManager] eglChooseConfig successfully
01-13 20:11:46.937 D/GEManager( 1441): [GEManager] eglCreateContext successfully
01-13 20:11:46.937 D/GEManager( 1441): [GEManager] eglCreatePbufferSurface successfully
01-13 20:11:46.947 D/GEManager( 1441): [GEManager] eglMakeCurrent successfully
01-13 20:11:46.947 I/GEManager( 1441): [GEManager] leave
01-13 20:11:47.148 D/QualcommCameraHardware( 1441): requested preview size 176 x 144
01-13 20:11:47.148 D/QualcommCameraHardware( 1441): requested picture size 2592 x 1952
01-13 20:11:47.148 D/QualcommCameraHardware( 1441): setFlash: flash not supported
01-13 20:11:47.148 I/QualcommCameraHardware( 1441): requested preview size 176 x 144 video size 176 x 144
01-13 20:11:47.148 D/        ( 1441): [GECameraParameters::getGPUEffect] enter
01-13 20:11:47.148 D/        ( 1441): [GECameraParameters::getGPUEffect] leave. no key GPU-effect
01-13 20:11:47.148 D/        ( 1441): [GECameraParameters::getGPUEffectParam] leave. no key GE-param0
01-13 20:11:47.148 D/        ( 1441): [GECameraParameters::getGPUEffectParam] leave. no key GE-param1
01-13 20:11:47.148 D/        ( 1441): [GECameraParameters::getGPUEffectParam] leave. no key GE-param3
01-13 20:11:47.148 I/GPUPostEffect( 1441): SIMON: int mlabs::GPUPostEffect::setParameters(mlabs::GPUPostEffect::GPUTask*): old effect = 0, new effect = -1.
01-13 20:11:47.148 D/GPUPostEffect( 1441): SIMON: setParameters: isGEInit == false: no call to ChooseEffect.
01-13 20:11:47.148 I/QualcommCameraHardware( 1441): pmem pool /dev/pmem_adsp ioctl(fd = 48, PMEM_GET_SIZE) is 1384448
01-13 20:11:47.148 I/QualcommCameraHardware( 1441): pmem pool /dev/pmem_adsp ioctl(fd = 51, PMEM_GET_SIZE) is 1384448
01-13 20:11:47.148 I/QualcommCameraHardware( 1441): pmem pool /dev/pmem_adsp ioctl(fd = 54, PMEM_GET_SIZE) is 1384448
01-13 20:11:47.148 I/QualcommCameraHardware( 1441): pmem pool /dev/pmem_adsp ioctl(fd = 57, PMEM_GET_SIZE) is 1384448
01-13 20:11:47.148 I/QualcommCameraHardware( 1441): pmem pool /dev/pmem_adsp ioctl(fd = 60, PMEM_GET_SIZE) is 1384448
01-13 20:11:47.148 I/QualcommCameraHardware( 1441): pmem pool /dev/pmem_adsp ioctl(fd = 63, PMEM_GET_SIZE) is 1384448
01-13 20:11:47.148 I/QualcommCameraHardware( 1441): pmem pool /dev/pmem_adsp ioctl(fd = 66, PMEM_GET_SIZE) is 1384448
01-13 20:11:47.148 I/QualcommCameraHardware( 1441): pmem pool /dev/pmem_adsp ioctl(fd = 69, PMEM_GET_SIZE) is 1384448
01-13 20:11:47.148 I/QualcommCameraHardware( 1441): pmem pool /dev/pmem_adsp ioctl(fd = 72, PMEM_GET_SIZE) is 1384448
01-13 20:11:47.148 D/CameraFace( 1441): face_config: image_format 0 hcb==NULL
01-13 20:11:47.148 D/QualcommCameraHardware( 1441): initDefaultParameters X
01-13 20:11:47.148 D/QualcommCameraHardware( 1441): createInstance: X created hardware=0x3fda8
01-13 20:11:47.158 I/AwesomePlayer( 1441): reset
01-13 20:11:47.158 I/AwesomePlayer( 1441): mFlags : 0x0
01-13 20:11:47.158 I/AwesomePlayer( 1441): cancel player events
01-13 20:11:47.158 I/AwesomePlayer( 1441): mFlags : 0x0
01-13 20:11:47.158 I/AwesomePlayer( 1441): mFlags : 0x0
01-13 20:11:47.158 I/AwesomePlayer( 1441): cancel player events
01-13 20:11:47.158 I/AwesomePlayer( 1441): mFlags : 0x0
01-13 20:11:47.158 I/AwesomePlayer( 1441): setDataSource_l('/system/media/audio/ui/camera_click.ogg')
01-13 20:11:47.168 I/AwesomePlayer( 1441): reset
01-13 20:11:47.168 I/AwesomePlayer( 1441): mFlags : 0x0
01-13 20:11:47.168 I/AwesomePlayer( 1441): cancel player events
01-13 20:11:47.168 I/AwesomePlayer( 1441): mFlags : 0x0
01-13 20:11:47.168 I/AwesomePlayer( 1441): mFlags : 0x0
01-13 20:11:47.168 I/AwesomePlayer( 1441): cancel player events
01-13 20:11:47.168 I/AwesomePlayer( 1441): mFlags : 0x0
01-13 20:11:47.168 I/AwesomePlayer( 1441): setDataSource_l('/system/media/audio/ui/VideoRecord.ogg')
01-13 20:11:47.188 I/AwesomePlayer( 1441): reset
01-13 20:11:47.188 I/AwesomePlayer( 1441): mFlags : 0x0
01-13 20:11:47.188 I/AwesomePlayer( 1441): cancel player events
01-13 20:11:47.188 I/AwesomePlayer( 1441): mFlags : 0x0
01-13 20:11:47.188 I/AwesomePlayer( 1441): mFlags : 0x0
01-13 20:11:47.188 I/AwesomePlayer( 1441): cancel player events
01-13 20:11:47.188 I/AwesomePlayer( 1441): mFlags : 0x0
01-13 20:11:47.188 I/AwesomePlayer( 1441): setDataSource_l('/system/media/audio/ui/camera_click.ogg')
01-13 20:11:47.198 I/AwesomePlayer( 1441): reset
01-13 20:11:47.198 I/AwesomePlayer( 1441): mFlags : 0x0
01-13 20:11:47.198 I/AwesomePlayer( 1441): cancel player events
01-13 20:11:47.198 I/AwesomePlayer( 1441): mFlags : 0x0
01-13 20:11:47.198 I/AwesomePlayer( 1441): mFlags : 0x0
01-13 20:11:47.198 I/AwesomePlayer( 1441): cancel player events
01-13 20:11:47.198 I/AwesomePlayer( 1441): mFlags : 0x0
01-13 20:11:47.198 I/AwesomePlayer( 1441): setDataSource_l('/system/media/audio/ui/VideoRecord.ogg')
01-13 20:11:47.218 D/QualcommCameraHardware( 1441): requested preview size 176 x 144
01-13 20:11:47.218 D/QualcommCameraHardware( 1441): requested picture size 2592 x 1952
01-13 20:11:47.218 D/QualcommCameraHardware( 1441): setFlash: flash not supported
01-13 20:11:47.218 I/QualcommCameraHardware( 1441): requested preview size 176 x 144 video size 176 x 144
01-13 20:11:47.218 D/        ( 1441): [GECameraParameters::getGPUEffect] enter
01-13 20:11:47.218 D/        ( 1441): [GECameraParameters::getGPUEffect] leave. no key GPU-effect
01-13 20:11:47.218 D/        ( 1441): [GECameraParameters::getGPUEffectParam] leave. no key GE-param0
01-13 20:11:47.218 D/        ( 1441): [GECameraParameters::getGPUEffectParam] leave. no key GE-param1
01-13 20:11:47.218 D/        ( 1441): [GECameraParameters::getGPUEffectParam] leave. no key GE-param3
01-13 20:11:47.218 I/GPUPostEffect( 1441): SIMON: int mlabs::GPUPostEffect::setParameters(mlabs::GPUPostEffect::GPUTask*): old effect = -1, new effect = -1.
01-13 20:11:47.218 D/GPUPostEffect( 1441): SIMON: setParameters: isGEInit == false: no call to ChooseEffect.
01-13 20:11:47.218 I/System.out( 2731): CameraPreview()
01-13 20:11:47.228 D/ActivityManager( 1574): isSketcherDisabledInCurrentTask():false, ActivityRecord{4078a1b0 uk.ac.st_andrews.cs.host.mk74.energymeasurement.cam/.MainActivity}
01-13 20:11:47.248 D/SurfaceFlinger( 1438): getTokenForSurface(0xaa3ac) => 0 (client=0xaa370, bitmap=00000001), pid=2731
01-13 20:11:47.258 D/SurfaceFlinger( 1438): getTokenForSurface(0xaa7d4) => 1 (client=0xaa370, bitmap=00000003), pid=2731
01-13 20:11:47.258 I/System.out( 2731): SurfaceCreated
01-13 20:11:47.258 D/SurfaceFlinger( 1438): getTokenForSurface(0xaa7d4) => 0 (client=0xaa860, bitmap=00000001), pid=2731
01-13 20:11:47.258 D/CameraService( 1441): get debug.camera.setpreviewdisplay(0)
01-13 20:11:47.258 D/QualcommCameraHardware( 1441): setPreviewWindow buffer count 6 176 x 144 size 38016
01-13 20:11:47.258 D/QualcommCameraHardware( 1441): startPreview E
01-13 20:11:47.258 D/QualcommCameraHardware( 1441): initPreview : preview size=176x144 videosize = 176 x 144
01-13 20:11:47.258 D/QualcommCameraHardware( 1441): reRegister: Unregister lastest buffer for MSM_PMEM_VIDEO
01-13 20:11:47.258 D/QualcommCameraHardware( 1441): initRecord :  record heap , video buffers  buffer=1095380992 fd=48 y_off=0 cbcr_off=25344 
01-13 20:11:47.258 D/QualcommCameraHardware( 1441): initRecord :  record heap , video buffers  buffer=1096765440 fd=51 y_off=0 cbcr_off=25344 
01-13 20:11:47.258 D/QualcommCameraHardware( 1441): initRecord :  record heap , video buffers  buffer=1098149888 fd=54 y_off=0 cbcr_off=25344 
01-13 20:11:47.258 D/QualcommCameraHardware( 1441): initRecord :  record heap , video buffers  buffer=1099534336 fd=57 y_off=0 cbcr_off=25344 
01-13 20:11:47.258 D/QualcommCameraHardware( 1441): initRecord :  record heap , video buffers  buffer=1100918784 fd=60 y_off=0 cbcr_off=25344 
01-13 20:11:47.258 D/QualcommCameraHardware( 1441): initRecord :  record heap , video buffers  buffer=1102303232 fd=63 y_off=0 cbcr_off=25344 
01-13 20:11:47.258 D/QualcommCameraHardware( 1441): initRecord :  record heap , video buffers  buffer=1103687680 fd=66 y_off=0 cbcr_off=25344 
01-13 20:11:47.258 D/QualcommCameraHardware( 1441): initRecord :  record heap , video buffers  buffer=1105072128 fd=69 y_off=0 cbcr_off=25344 
01-13 20:11:47.258 D/QualcommCameraHardware( 1441): initRecord :  record heap , video buffers  buffer=1106456576 fd=72 y_off=0 cbcr_off=25344 
01-13 20:11:47.258 D/QualcommCameraHardware( 1441): initREcord X
01-13 20:11:47.258 D/QualcommCameraHardware( 1441): initpreview before cam_frame thread carete , video frame  buffer=1099534336 fd=57 y_off=0 cbcr_off=25344 
01-13 20:11:47.268 I/QualcommCameraHardware( 1441): initPreview: create new mHtcCallbackThread 984792
01-13 20:11:47.268 D/QualcommCameraHardware( 1441): initPreview X: 1
01-13 20:11:47.268 D/msm7x30.gralloc( 1438): gpu_context_t::getGrallocInformationFromFormat  17 
01-13 20:11:47.268 D/QualcommCameraHardware( 1441): <<BUFF>> mem->pointer[0] 0x408c9000 frame = 0x408c9000 native 0x142014 active 1
01-13 20:11:47.268 D/msm7x30.gralloc( 1438): gpu_context_t::getGrallocInformationFromFormat  17 
01-13 20:11:47.268 D/QualcommCameraHardware( 1441): <<BUFF>> mem->pointer[1] 0x408d3000 frame = 0x408d3000 native 0x14215c active 1
01-13 20:11:47.268 D/msm7x30.gralloc( 1438): gpu_context_t::getGrallocInformationFromFormat  17 
01-13 20:11:47.268 D/QualcommCameraHardware( 1441): <<BUFF>> mem->pointer[2] 0x408dd000 frame = 0x408dd000 native 0x1422a4 active 1
01-13 20:11:47.268 D/msm7x30.gralloc( 1438): gpu_context_t::getGrallocInformationFromFormat  17 
01-13 20:11:47.268 D/QualcommCameraHardware( 1441): <<BUFF>> mem->pointer[3] 0x408e7000 frame = 0x408e7000 native 0x14244c active 0
01-13 20:11:47.268 D/msm7x30.gralloc( 1438): gpu_context_t::getGrallocInformationFromFormat  17 
01-13 20:11:47.268 D/QualcommCameraHardware( 1441): <<BUFF>> mem->pointer[4] 0x408f1000 frame = 0x408f1000 native 0x142584 active 0
01-13 20:11:47.268 D/msm7x30.gralloc( 1438): gpu_context_t::getGrallocInformationFromFormat  17 
01-13 20:11:47.268 D/QualcommCameraHardware( 1441): <<BUFF>> mem->pointer[5] 0x408fb000 frame = 0x408fb000 native 0x14271c active 0
01-13 20:11:47.268 D/CAMFRAME:( 1441): init_preview_frame_queue 7
01-13 20:11:47.268 D/QualcommCameraHardware( 1441): <<BUFF>> Cancel buffer[4] 0x142584
01-13 20:11:47.268 D/QualcommCameraHardware( 1441): <<BUFF>> Cancel buffer[5] 0x14271c
01-13 20:11:47.268 D/GPUPostEffect( 1441): SIMON: virtual int mlabs::GPUPostEffect::startPreview(int, int) E.
01-13 20:11:47.268 D/GPUPostEffect( 1441): SIMON: int mlabs::GPUPostEffect::startPreview(mlabs::GPUPostEffect::GPUTask*) E.
01-13 20:11:47.268 D/GPUPostEffect( 1441): SIMON: int mlabs::GPUPostEffect::startPreview(mlabs::GPUPostEffect::GPUTask*): preview 176 x 144 started ok.
01-13 20:11:47.268 D/GPUPostEffect( 1441): SIMON: int mlabs::GPUPostEffect::startPreview(mlabs::GPUPostEffect::GPUTask*) X.
01-13 20:11:47.268 D/GPUPostEffect( 1441): SIMON: virtual int mlabs::GPUPostEffect::startPreview(int, int) X.
01-13 20:11:47.268 D/QualcommCameraHardware( 1441): android::status_t android::QualcommCameraHardware::startPreviewInternal(): startPreview 176 x 144 (0)
01-13 20:11:47.268 W/mm-camera( 1441): config_proc_CAMERA_START_VIDEO:Line:1366 This ioctl can fail if pp_mask is zero. 
01-13 20:11:47.268 W/mm-camera( 1441): config_proc_CAMERA_START_VIDEO:Line:1368 ioctl MSM_CAM_IOCTL_PICT_PP_DONE is failed...
01-13 20:11:47.268 D/QualcommCameraHardware( 1441): Thread: frame_thread E
01-13 20:11:47.268 D/CAMFRAME:( 1441): cam_frame:Initial thread preview buffer=0 fd=0 y_off=0 cbcr_off=0 
01-13 20:11:47.268 D/mm-camera( 1441): preview delay Dig_gain =1.009117, sparam->preview_fps 7540
01-13 20:11:47.268 I/mm-camera( 1441): vfe_video_config_demosaic_abf: enable ABF2
01-13 20:11:47.268 D/mm-camera( 1441): start to set sce config.
01-13 20:11:47.268 D/mm-camera( 1441): sce at computeTRansforms m_p: 1.000000
01-13 20:11:47.268 D/mm-camera( 1441): sce m_p:1.000000
01-13 20:11:47.268 D/mm-camera( 1441): sce rEnd_Cr:-5.000000,rEnd_Cb:0.000000,Start_Cr:-10.000000,Start_Cb:0.000000
01-13 20:11:47.268 D/mm-camera( 1441): sce rEnd_Cr:-5.000000,rEnd_Cb:0.000000,Start_Cr:-10.000000,Start_Cb:0.000000
01-13 20:11:47.268 D/mm-camera( 1441): sce m_p:1.000000
01-13 20:11:47.268 D/mm-camera( 1441): sce rEnd_Cr:-10.000000,rEnd_Cb:0.000000,Start_Cr:-15.000000,Start_Cb:0.000000
01-13 20:11:47.268 D/mm-camera( 1441): sce rEnd_Cr:-10.000000,rEnd_Cb:0.000000,Start_Cr:-15.000000,Start_Cb:0.000000
01-13 20:11:47.268 D/mm-camera( 1441): sce m_p:1.000000
01-13 20:11:47.268 D/mm-camera( 1441): sce rEnd_Cr:-16.000000,rEnd_Cb:0.000000,Start_Cr:-19.000000,Start_Cb:0.000000
01-13 20:11:47.268 D/mm-camera( 1441): sce rEnd_Cr:-16.000000,rEnd_Cb:0.000000,Start_Cr:-19.000000,Start_Cb:0.000000
01-13 20:11:47.268 D/mm-camera( 1441): sce m_p:1.000000
01-13 20:11:47.268 D/mm-camera( 1441): sce rEnd_Cr:-21.000000,rEnd_Cb:0.000000,Start_Cr:-23.000000,Start_Cb:0.000000
01-13 20:11:47.268 D/mm-camera( 1441): sce rEnd_Cr:-21.000000,rEnd_Cb:0.000000,Start_Cr:-23.000000,Start_Cb:0.000000
01-13 20:11:47.268 D/mm-camera( 1441): sce m_p:1.000000
01-13 20:11:47.268 D/mm-camera( 1441): sce rEnd_Cr:-23.000000,rEnd_Cb:0.000000,Start_Cr:-24.000000,Start_Cb:0.000000
01-13 20:11:47.268 D/mm-camera( 1441): sce rEnd_Cr:-23.000000,rEnd_Cb:0.000000,Start_Cr:-24.000000,Start_Cb:0.000000
01-13 20:11:47.268 D/mm-camera( 1441): set sce config done
01-13 20:11:47.278 I/CAMFRAME:( 1441): Open Device node : /dev/msm_camera/frame0 
01-13 20:11:47.278 D/QualcommCameraHardware( 1441): Thread: htc_callback_thread E
01-13 20:11:47.278 I/QualcommCameraHardware( 1441): runHtcCallbackThread E
01-13 20:11:47.278 I/QualcommCameraHardware( 1441): runHtcCallbackThread: create pipes R 95 W 96
01-13 20:11:47.278 W/mm-camera( 1441): vfe_util_sendcmd: MSM_CAM_IOCTL_CONFIG_VFE failed...
01-13 20:11:47.278 W/mm-camera( 1441): vfe_util_sendcmd: MSM_CAM_IOCTL_CONFIG_VFE failed...
01-13 20:11:47.308 D/QualcommCameraHardware( 1441): startPreview X
01-13 20:11:47.308 D/QualcommCameraHardware( 1441): [ATS][camera_preview][complete]
01-13 20:11:47.318 D/msm7x30.gralloc( 1438): gpu_context_t::getGrallocInformationFromFormat  1 
01-13 20:11:47.348 I/ActivityManager( 1574): Displayed uk.ac.st_andrews.cs.host.mk74.energymeasurement.cam/.MainActivity: +1s38ms (total +19m25s473ms)
01-13 20:11:47.368 I/QualcommCameraHardware( 1441): notifyHtcCallback: (4 1 0)
01-13 20:11:47.368 I/QualcommCameraHardware( 1441): runHtcCallbackThread: read pipe - type 4 arg1 1 arg2 0
01-13 20:11:47.368 D/CameraService( 1441): CameraService::Client::handleGenericNotify: callback
01-13 20:11:47.368 D/mm-camera( 1441): TRIGGER_LOWLIGHT
01-13 20:11:47.378 D/SurfaceFlinger( 1438): virtual void android::Layer::onRemoved(): lcblk (identity=31, status=0, token=0)
01-13 20:11:47.388 W/InputManagerService( 1574): Starting input on non-focused client com.android.internal.view.IInputMethodClient$Stub$Proxy@40704068 (uid=9999 pid=1675)
01-13 20:11:47.398 E/OverlayLIB( 1438): setPosition, Overlay SET failed
01-13 20:11:47.398 E/msm7x30.hwcomposer( 1438): prepareOverlay setPosition failed
01-13 20:11:47.408 D/msm7x30.gralloc( 1438): gpu_context_t::getGrallocInformationFromFormat  1 
01-13 20:11:47.448 D/Camera  ( 2731): HTC_CALLBACK: callbackType=4 arg1=1 arg2=0 mHtcCallback=null
01-13 20:11:47.468 D/PenUtils( 2745): getDefaultPen() end 45
01-13 20:11:47.468 D/PenUtils( 2388): getAllPen() start 103
01-13 20:11:47.478 I/MySketcher( 2388): onReceive: com.htc.pen.refreshed
01-13 20:11:47.478 I/MySketcher( 2388): [SketcherWorker] onStartCommand: com.htc.action.PREPARE_VARS
01-13 20:11:47.488 I/MySketcher( 2388): prepareContentVars entered
01-13 20:11:47.488 I/MySketcher( 2388):  getContentView  , in thread:2388
01-13 20:11:47.738 I/MediaRecorderJNI( 2731): prepare: surface=0x1a7b88 (identity=34)
01-13 20:11:47.738 I/System.out( 2731): about to start recording
01-13 20:11:47.738 D/CameraSource( 1441): Requested video size (176x144) isSetVideoSizeSupportedByCamera 1
01-13 20:11:47.738 D/QualcommCameraHardware( 1441): requested preview size 176 x 144
01-13 20:11:47.738 D/QualcommCameraHardware( 1441): requested picture size 2592 x 1952
01-13 20:11:47.738 I/QualcommCameraHardware( 1441): requested effect 0
01-13 20:11:47.748 D/QualcommCameraHardware( 1441): setFlash: flash not supported
01-13 20:11:47.748 I/QualcommCameraHardware( 1441): requested preview size 176 x 144 video size 176 x 144
01-13 20:11:47.748 D/        ( 1441): [GECameraParameters::getGPUEffect] enter
01-13 20:11:47.748 D/        ( 1441): [GECameraParameters::getGPUEffect] leave. no key GPU-effect
01-13 20:11:47.748 D/        ( 1441): [GECameraParameters::getGPUEffectParam] leave. no key GE-param0
01-13 20:11:47.748 D/        ( 1441): [GECameraParameters::getGPUEffectParam] leave. no key GE-param1
01-13 20:11:47.748 D/        ( 1441): [GECameraParameters::getGPUEffectParam] leave. no key GE-param3
01-13 20:11:47.748 I/GPUPostEffect( 1441): SIMON: int mlabs::GPUPostEffect::setParameters(mlabs::GPUPostEffect::GPUTask*): old effect = -1, new effect = -1.
01-13 20:11:47.748 D/GPUPostEffect( 1441): SIMON: setParameters: isGEInit == false: no call to ChooseEffect.
01-13 20:11:47.748 D/QualcommCameraHardware( 1441): requested preview size 176 x 144
01-13 20:11:47.748 D/QualcommCameraHardware( 1441): requested picture size 2592 x 1952
01-13 20:11:47.748 I/QualcommCameraHardware( 1441): requested effect 0
01-13 20:11:47.748 D/QualcommCameraHardware( 1441): setFlash: flash not supported
01-13 20:11:47.748 D/QualcommCameraHardware( 1441): rotation = 0
01-13 20:11:47.748 I/QualcommCameraHardware( 1441): requested preview size 176 x 144 video size 176 x 144
01-13 20:11:47.748 D/        ( 1441): [GECameraParameters::getGPUEffect] enter
01-13 20:11:47.748 D/        ( 1441): [GECameraParameters::getGPUEffect] leave. no key GPU-effect
01-13 20:11:47.748 D/        ( 1441): [GECameraParameters::getGPUEffectParam] leave. no key GE-param0
01-13 20:11:47.748 D/        ( 1441): [GECameraParameters::getGPUEffectParam] leave. no key GE-param1
01-13 20:11:47.748 D/        ( 1441): [GECameraParameters::getGPUEffectParam] leave. no key GE-param3
01-13 20:11:47.748 I/GPUPostEffect( 1441): SIMON: int mlabs::GPUPostEffect::setParameters(mlabs::GPUPostEffect::GPUTask*): old effect = -1, new effect = -1.
01-13 20:11:47.748 D/GPUPostEffect( 1441): SIMON: setParameters: isGEInit == false: no call to ChooseEffect.
01-13 20:11:47.748 I/StagefrightRecorder( 1441): Frame rate is not explicitly set. Use the current frame rate (30 fps)
01-13 20:11:47.748 I/QC_CORE ( 1441): OMXCORE API :  Get Handle 4070ea4c OMX.qcom.video.encoder.h263 142c60
01-13 20:11:47.748 I/QC_CORE ( 1441): before get_cmp_index **********-1
01-13 20:11:47.748 I/QC_CORE ( 1441): get_cmp_index: cmp_name = OMX.qcom.video.encoder.h263 , core[i].name = OMX.qcom.video.decoder.avc ,count = 0 
01-13 20:11:47.748 I/QC_CORE ( 1441): get_cmp_index: cmp_name = OMX.qcom.video.encoder.h263 , core[i].name = OMX.qcom.video.decoder.mpeg4 ,count = 1 
01-13 20:11:47.748 I/QC_CORE ( 1441): get_cmp_index: cmp_name = OMX.qcom.video.encoder.h263 , core[i].name = OMX.qcom.video.decoder.vc1 ,count = 2 
01-13 20:11:47.748 I/QC_CORE ( 1441): get_cmp_index: cmp_name = OMX.qcom.video.encoder.h263 , core[i].name = OMX.qcom.video.decoder.wmv ,count = 3 
01-13 20:11:47.748 I/QC_CORE ( 1441): get_cmp_index: cmp_name = OMX.qcom.video.encoder.h263 , core[i].name = OMX.qcom.video.decoder.h263 ,count = 4 
01-13 20:11:47.748 I/QC_CORE ( 1441): get_cmp_index: cmp_name = OMX.qcom.video.encoder.h263 , core[i].name = OMX.qcom.video.decoder.divx ,count = 5 
01-13 20:11:47.748 I/QC_CORE ( 1441): get_cmp_index: cmp_name = OMX.qcom.video.encoder.h263 , core[i].name = OMX.qcom.video.encoder.mpeg4 ,count = 6 
01-13 20:11:47.748 I/QC_CORE ( 1441): get_cmp_index: cmp_name = OMX.qcom.video.encoder.h263 , core[i].name = OMX.qcom.video.encoder.h263 ,count = 7 
01-13 20:11:47.748 I/QC_CORE ( 1441): returning index 7
01-13 20:11:47.748 I/QC_CORE ( 1441): getting fn pointer
01-13 20:11:47.748 I/QC_CORE ( 1441): Dynamically Loading the library : libOmxVenc.so
01-13 20:11:47.758 D/OMX-VENC-720p( 1441): 
01-13 20:11:47.758 D/OMX-VENC-720p( 1441):  omx_video(): Inside Constructor()
01-13 20:11:47.758 I/QC_CORE ( 1441): OMXCORE: qc_omx_component_init 1477c4
01-13 20:11:47.758 D/OMX-VENC-720p( 1441): 
01-13 20:11:47.758 D/OMX-VENC-720p( 1441):  omx_venc(): Inside component_init()
01-13 20:11:47.848 I/SimplePen( 2388): created render with defaul alpha: 180, color: -1275068161, width: 3.0
01-13 20:11:47.848 I/ActivityManager( 1574): No longer want com.htc.notes (pid 1832): hidden #16
01-13 20:11:47.878 D/PenUtils( 2388): getAllPen() end 195
01-13 20:11:47.888 D/OMX-VENC-720p( 1441): bool venc_dev::venc_validate_profile_level(OMX_U32*, OMX_U32*): Returning with eProfile = 1Level = 2
01-13 20:11:47.888 D/OMX-VENC-720p( 1441): 
01-13 20:11:47.888 D/OMX-VENC-720p( 1441):  bool venc_dev::venc_open(OMX_U32)(): Init Profile/Level setting success
01-13 20:11:47.888 D/OMX-VENC-720p( 1441): 
01-13 20:11:47.888 D/OMX-VENC-720p( 1441):  Component_init return value = 0x0
01-13 20:11:47.888 I/QC_CORE ( 1441): OMXCORE: qc_omx_component_set_callbacks 1477c4, a2ea9030 , 142c60
01-13 20:11:47.888 I/QC_CORE ( 1441): free handle slot exists 0
01-13 20:11:47.888 I/QC_CORE ( 1441): Component 1477c4 Successfully created
01-13 20:11:47.888 I/QC_CORE ( 1441): OMXCORE: qc_omx_component_set_parameter 1477c4, 4070e994 , 16777239
01-13 20:11:47.888 E/OMXCodec( 1441): setVideoInputFormat for video/3gpp with properties width (176) height (144) frameRate (30) bitRate (192000) stride (176) sliceHeight (144)
01-13 20:11:47.888 I/QC_CORE ( 1441): OMXCORE: qc_omx_component_get_parameter 1477c4, 4070e750 , 100663297
01-13 20:11:47.888 I/QC_CORE ( 1441): OMXCORE: qc_omx_component_get_parameter 1477c4, 4070e784 , 100663297
01-13 20:11:47.888 I/QC_CORE ( 1441): OMXCORE: qc_omx_component_set_parameter 1477c4, 4070e784 , 100663297
01-13 20:11:47.888 I/QC_CORE ( 1441): OMXCORE: qc_omx_component_get_parameter 1477c4, 4070e7ec , 33554433
01-13 20:11:47.888 I/QC_CORE ( 1441): OMXCORE: qc_omx_component_set_parameter 1477c4, 4070e7ec , 33554433
01-13 20:11:47.888 I/QC_CORE ( 1441): OMXCORE: qc_omx_component_get_parameter 1477c4, 4070e784 , 100663297
01-13 20:11:47.888 I/QC_CORE ( 1441): OMXCORE: qc_omx_component_set_parameter 1477c4, 4070e784 , 100663297
01-13 20:11:47.888 I/QC_CORE ( 1441): OMXCORE: qc_omx_component_get_parameter 1477c4, 4070e7ec , 33554433
01-13 20:11:47.888 I/QC_CORE ( 1441): OMXCORE: qc_omx_component_set_parameter 1477c4, 4070e7ec , 33554433
01-13 20:11:47.888 D/OMX-VENC-720p( 1441): bool venc_dev::venc_validate_profile_level(OMX_U32*, OMX_U32*): Returning with eProfile = 1Level = 2
01-13 20:11:47.888 D/OMX-VENC-720p( 1441): Calling set level (Framerate) with 21
01-13 20:11:47.888 D/OMX-VENC-720p( 1441): bool venc_dev::venc_validate_profile_level(OMX_U32*, OMX_U32*): Returning with eProfile = 1Level = 4
01-13 20:11:47.888 D/OMX-VENC-720p( 1441): Calling set level (Bitrate) with 22
01-13 20:11:47.888 I/QC_CORE ( 1441): OMXCORE: qc_omx_component_get_parameter 1477c4, 4070e730 , 100663310
01-13 20:11:47.888 I/QC_CORE ( 1441): OMXCORE: qc_omx_component_get_parameter 1477c4, 4070e6f0 , 100663311
01-13 20:11:47.888 D/OMX-VENC-720p( 1441): get_parameter: OMX_IndexParamVideoProfileLevelQuerySupported for Input port returned Profile:1, Level:128
01-13 20:11:47.888 I/QC_CORE ( 1441): OMXCORE: qc_omx_component_set_parameter 1477c4, 4070e730 , 100663310
01-13 20:11:47.888 D/OMX-VENC-720p( 1441): bool venc_dev::venc_validate_profile_level(OMX_U32*, OMX_U32*): Returning with eProfile = 1Level = 4
01-13 20:11:47.888 D/OMX-VENC-720p( 1441): 
01-13 20:11:47.888 D/OMX-VENC-720p( 1441):  venc_set_intra_period: nPFrames = 30 nBFrames = 0
01-13 20:11:47.888 I/QC_CORE ( 1441): OMXCORE: qc_omx_component_get_parameter 1477c4, 4070e678 , 100663300
01-13 20:11:47.888 I/QC_CORE ( 1441): OMXCORE: qc_omx_component_set_parameter 1477c4, 4070e678 , 100663300
01-13 20:11:47.888 D/OMX-VENC-720p( 1441): bool venc_dev::venc_validate_profile_level(OMX_U32*, OMX_U32*): Returning with eProfile = 1Level = 4
01-13 20:11:47.888 D/OMX-VENC-720p( 1441): Calling set level (Bitrate) with 22
01-13 20:11:47.888 I/QC_CORE ( 1441): OMXCORE: qc_omx_component_get_parameter 1477c4, 4070e6f0 , 100663303
01-13 20:11:47.888 I/QC_CORE ( 1441): OMXCORE: qc_omx_component_set_parameter 1477c4, 4070e6f0 , 100663303
01-13 20:11:47.888 I/QC_CORE ( 1441): OMXCORE: qc_omx_component_get_parameter 1477c4, 4070e880 , 33554433
01-13 20:11:47.888 I/QC_CORE ( 1441): OMXCORE: qc_omx_component_set_parameter 1477c4, 4070e91c , 2130706434
01-13 20:11:47.888 D/MPEG4Writer( 1441): MPEG4Writer::start E
01-13 20:11:47.888 I/MPEG4Writer( 1441): limits: 2147483647/0 bytes/us, bit rate: 192000 bps and the estimated moov size 3072 bytes
01-13 20:11:47.888 D/QualcommCameraHardware( 1441): virtual bool android::QualcommCameraHardware::recordingEnabled() recordingState=0
01-13 20:11:47.888 D/QualcommCameraHardware( 1441): startRecording E
01-13 20:11:47.888 D/QualcommCameraHardware( 1441): [ATS][press_jogball][recording]
01-13 20:11:47.888 I/QualcommCameraHardware( 1441): startRecording: VPE enabled, setting vpe parameters
