--------- beginning of /dev/log/main
01-13 20:11:17.799 I/power   ( 1574): *** set_screen_state 0
01-13 20:11:17.799 D/PowerManagerService( 1574): setScreenStateLocked++, on: false, err: 0
01-13 20:11:17.809 D/PowerManagerService( 1574): setScreenStateLocked, turn off the button light 
01-13 20:11:17.809 D/lights  ( 1574): set_light_buttons_func: on=0 brightness=0
01-13 20:11:17.809 D/lights  ( 1574): set_rotated_rgb_led: on=0 brightness=0
01-13 20:11:17.809 D/lights  ( 1574): [LedInfo] write attr ok name=/sys/class/leds/amber-portrait/brightness string=0,len=1
01-13 20:11:17.809 D/lights  ( 1574): set_rotated_rgb_led: on=0 brightness=0
01-13 20:11:17.809 D/lights  ( 1574): [LedInfo] write attr ok name=/sys/class/leds/green-portrait/brightness string=0,len=1
01-13 20:11:17.819 D/lights  ( 1574): set_rotated_rgb_led: on=0 brightness=0
01-13 20:11:17.819 E/lights  ( 1574): [LedErr] open attr failed name=/sys/class/leds/blue-portrait/brightness errno: 2
01-13 20:11:17.819 V/KeyguardViewMediator( 1574): password timeout now
01-13 20:11:17.819 D/HtcLockScreen( 1574): createPatternUnlockScreen() ...
01-13 20:11:17.829 D/HtcLockScreen( 1574): packageInfo - PackageInfo{409deec0 com.htc.lockscreen}
01-13 20:11:17.829 D/Sensors ( 1574): Enable akm: en = 0
01-13 20:11:17.899 D/HostWidgetManager( 1675): pauseWidgets: 2
01-13 20:11:17.909 D/PhoneWindow( 1675): couldn't save which view has focus because the focused view android.widget.RelativeLayout@407c7830 has no id.
--------- beginning of /dev/log/system
01-13 20:11:17.919 D/AlarmManager( 1574): ACTION_SCREEN_OFF
01-13 20:11:17.929 D/UsbnetService( 1574): BroadcastReceiver::onReceive+
01-13 20:11:17.929 D/UsbnetService( 1574): onReceive SCREEN_OFF
01-13 20:11:17.939 D/RemoveMe( 1663): DCT got intent android.intent.action.SCREEN_OFF
01-13 20:11:17.939 D/DataConnectionTracker( 1663): power saving case 6
01-13 20:11:17.939 D/ConnectivityService( 1574): getMobileDataEnabled returning false
01-13 20:11:17.939 D/ConnectivityService( 1574): getMobileDataEnabled returning false
01-13 20:11:17.949 D/DataConnectionTracker( 1663): power saving case 6
01-13 20:11:17.949 D/RemoveMe( 1663): DCT got intent android.intent.action.SCREEN_OFF
01-13 20:11:17.949 D/ContactMessageStore( 1663): start background delete task...
01-13 20:11:17.959 D/RemoveMe( 1663): DCT got intent android.intent.action.SCREEN_OFF
01-13 20:11:17.959 I/TabletStatusBar( 1646): DISABLE_CLOCK: yes
01-13 20:11:17.959 I/TabletStatusBar( 1646): DISABLE_EXPAND: yes
01-13 20:11:17.959 I/TabletStatusBar( 1646): DISABLE_NAVIGATION: yes
01-13 20:11:17.979 D/WindowManager( 1574): setPenWorkingMode = 48
01-13 20:11:18.019 D/SurfaceFlinger( 1438): getTokenForSurface(0xb20bc) => 0 (client=0xa2da8, bitmap=00000003), pid=1574
01-13 20:11:18.019 D/msm7x30.gralloc( 1438): gpu_context_t::getGrallocInformationFromFormat  1 
01-13 20:11:18.049 I/TabletStatusBar( 1646): DISABLE_BACK: yes
01-13 20:11:18.059 D/SurfaceFlinger( 1438): About to give-up screen, flinger = 0xa830
01-13 20:11:18.059 D/dalvikvm( 1680): GC_EXPLICIT freed 7K, 8% free 7016K/7623K, paused 1ms+2ms
01-13 20:11:18.059 D/AutoSetting( 1772): service - mHandler: cancel location update
01-13 20:11:18.069 W/msm7x30.hwcomposer( 1438): hwc_set invalid context or list
01-13 20:11:18.069 D/msm7x30.hwcomposer( 1438): HWC called FB enableHDMIOutput(0)
01-13 20:11:18.089 D/AutoSetting( 1772): service -           changes count: 0
01-13 20:11:18.089 D/ContactMessageStore( 1663): size: 0 , 0
01-13 20:11:18.099 D/dalvikvm( 1680): GC_EXPLICIT freed 1K, 8% free 7016K/7623K, paused 1ms+1ms
01-13 20:11:18.179 D/SurfaceFlinger( 1438): getTokenForSurface(0xab44c) => 0 (client=0xa96b8, bitmap=00000001), pid=1680
01-13 20:11:18.179 D/msm7x30.gralloc( 1438): gpu_context_t::getGrallocInformationFromFormat  1 
01-13 20:11:18.199 D/IdleScreen_base( 1680): onRingUnlockEnd
01-13 20:11:18.249 D/msm7x30.gralloc( 1438): gpu_context_t::getGrallocInformationFromFormat  1 
01-13 20:11:18.249 D/ContactMessageStore( 1663): Background delete complete
01-13 20:11:18.259 D/SurfaceFlinger( 1438): virtual void android::Layer::onRemoved(): lcblk (identity=28, status=0, token=1)
01-13 20:11:18.300 D/AK8975  ( 1448): Compass CLOSE 
01-13 20:11:19.811 D/KeyguardViewMediator( 1574): wakeWhenReadyLocked(26)
01-13 20:11:19.811 I/power   ( 1574): *** set_screen_state 1
01-13 20:11:19.821 D/PowerManagerService( 1574): setScreenStateLocked++, on: true, err: 0
01-13 20:11:19.821 D/lights  ( 1574): set_light_buttons_func: on=16777215 brightness=255
01-13 20:11:19.821 D/lights  ( 1574): set_rotated_rgb_led: on=0 brightness=0
01-13 20:11:19.821 D/lights  ( 1574): [LedInfo] write attr ok name=/sys/class/leds/amber-portrait/brightness string=0,len=1
01-13 20:11:19.821 D/PowerManagerService( 1574): button light setOrientation:-1
01-13 20:11:19.821 D/PowerManagerService( 1574): setPenMenuButtonLed: 2
01-13 20:11:19.821 D/PowerManagerService( 1574): Set pen menu button led (amber, green, blue) = 0, -1, 0), portrait = true
01-13 20:11:19.831 D/lights  ( 1574): set_rotated_rgb_led: on=1 brightness=255
01-13 20:11:19.831 D/lights  ( 1574): [LedInfo] write attr ok name=/sys/class/leds/green-portrait/brightness string=255,len=3
01-13 20:11:19.831 D/lights  ( 1574): set_rotated_rgb_led: on=0 brightness=0
01-13 20:11:19.831 E/lights  ( 1574): [LedErr] open attr failed name=/sys/class/leds/blue-portrait/brightness errno: 2
01-13 20:11:19.831 D/Sensors ( 1574): Enable akm: en = 1
01-13 20:11:19.831 D/Launcher.Model( 1675): updateAppUsageStatCache +
01-13 20:11:19.831 D/Launcher.Model( 1675): updateAppUsageStatCache - diff: 1
01-13 20:11:19.851 D/UsbnetService( 1574): BroadcastReceiver::onReceive+
01-13 20:11:19.851 D/UsbnetService( 1574): onReceive SCREEN_ON
01-13 20:11:19.851 D/UsbnetService( 1574): BroadcastReceiver::onReceive-
01-13 20:11:19.851 D/AlarmManager( 1574): ACTION_SCREEN_ON
01-13 20:11:19.871 D/HostWidgetManager( 1675): onResumeInKeyguard: 2
01-13 20:11:19.871 D/FxWorkspace( 1675): prepareUnlockAnimation
01-13 20:11:19.881 D/SurfaceFlinger( 1438): Screen about to return, flinger = 0xa830
01-13 20:11:19.881 D/FxWorkspaceClient( 1675): showAllScreens()
01-13 20:11:19.891 D/msm7x30.hwcomposer( 1438): HWC called FB enableHDMIOutput(0)
01-13 20:11:19.891 D/FxWorkspaceClient( 1675): freezeAllScreens
01-13 20:11:19.891 D/UnlockAnimator( 1675): setFrame: unlock_to_03
01-13 20:11:19.901 D/Rotate.Performance( 1675): FxWorkspace.show()
01-13 20:11:19.901 D/AK8975  ( 1448): Compass Start
01-13 20:11:19.921 D/RemoveMe( 1663): DCT got intent android.intent.action.SCREEN_ON
01-13 20:11:19.921 D/ConnectivityService( 1574): getMobileDataEnabled returning false
01-13 20:11:19.931 D/ConnectivityService( 1574): getMobileDataEnabled returning false
01-13 20:11:19.941 D/RemoveMe( 1663): DCT got intent android.intent.action.SCREEN_ON
01-13 20:11:19.951 D/RemoveMe( 1663): DCT got intent android.intent.action.SCREEN_ON
01-13 20:11:21.473 D/HtcLockScreen3.0( 1574): HtcLockScreen: onInterceptTouchEvent ACTION_DOWN
01-13 20:11:22.013 D/HtcLockScreen3.0( 1574): HtcLockScreen: onInterceptTouchEvent ACTION_UP
01-13 20:11:22.023 D/IdleScreen_base( 1680): onRingUnlockStart
01-13 20:11:22.323 D/KeyguardViewManager( 1574): hide()
01-13 20:11:22.323 I/TabletStatusBar( 1646): DISABLE_CLOCK: no
01-13 20:11:22.323 I/TabletStatusBar( 1646): DISABLE_NAVIGATION: no
01-13 20:11:22.353 D/MyHTC   ( 1880): PoweronReceiver.onReceive(): intent=android.intent.action.USER_PRESENT
01-13 20:11:22.353 D/FxWorkspace( 1675): unlockAnimation
01-13 20:11:22.353 D/FxWorkspace( 1675): onUnlockAnimationStart()
01-13 20:11:22.353 D/UnlockAnimator( 1675): playMarker: unlock_to_03
01-13 20:11:22.363 D/FxWorkspaceClient( 1675): showAllScreens()
01-13 20:11:22.363 D/Rotate.Performance( 1675): FxWorkspace.show()
01-13 20:11:22.374 D/Twitter-MessageReceiver( 1856): action android.intent.action.USER_PRESENT
01-13 20:11:22.374 D/msm7x30.gralloc( 1438): gpu_context_t::getGrallocInformationFromFormat  1 
01-13 20:11:22.374 W/InputManagerService( 1574): Window already focused, ignoring focus gain of: com.android.internal.view.IInputMethodClient$Stub$Proxy@406a6638
01-13 20:11:22.394 D/SyncProvider( 1856): match settings
01-13 20:11:22.394 D/FacebookReceiver( 1856): Intent.ACTION_USER_PRESENT SyncInterval=3600000,currTime=1389643882396
01-13 20:11:22.394 D/FacebookReceiver( 1856): Intent.ACTION_USER_PRESENT lastStreamSyncTime=1389643882403,lastFriendSyncTime=1389643882403
01-13 20:11:22.404 D/SyncProvider( 1856): match settings
01-13 20:11:22.404 D/FlickrReceiver( 1856): Intent.ACTION_USER_PRESENT SyncInterval=3600000,currTime=1389643882407
01-13 20:11:22.404 D/FlickrReceiver( 1856): Intent.ACTION_USER_PRESENT lastStreamSyncTime=1389643882412,lastFriendSyncTime=1389643882412
01-13 20:11:22.434 I/TabletStatusBar( 1646): DISABLE_BACK: no
01-13 20:11:22.444 D/SurfaceFlinger( 1438): virtual void android::Layer::onRemoved(): lcblk (identity=29, status=0, token=0)
01-13 20:11:22.454 D/Sensors ( 1574): Enable akm: en = 0
01-13 20:11:22.464 D/SurfaceFlinger( 1438): virtual void android::Layer::onRemoved(): lcblk (identity=30, status=0, token=0)
01-13 20:11:22.524 D/dalvikvm( 1680): GC_EXPLICIT freed 154K, 8% free 7017K/7623K, paused 2ms+2ms
01-13 20:11:22.554 D/dalvikvm( 1680): GC_EXPLICIT freed 2K, 8% free 7015K/7623K, paused 2ms+2ms
01-13 20:11:22.564 D/SyncProvider( 1856): match settings
01-13 20:11:22.654 D/AK8975  ( 1448): Compass CLOSE 
01-13 20:11:22.854 D/dalvikvm( 1680): GC_EXPLICIT freed 2K, 8% free 7015K/7623K, paused 1ms+2ms
01-13 20:11:22.894 D/dalvikvm( 1680): GC_EXPLICIT freed 1K, 8% free 7015K/7623K, paused 2ms+1ms
01-13 20:11:23.354 D/FxWorkspace( 1675): onUnlockAnimationEnd()
01-13 20:11:23.354 D/HostWidgetManager( 1675): onUserPresent: 2
01-13 20:11:23.354 D/HostWidgetManager( 1675): resumeWidgets: 2 sort: true
01-13 20:11:23.354 D/FxWorkspace( 1675): changeScreensVisibility
01-13 20:11:23.354 D/FxWorkspace( 1675): changeScreensVisibility
01-13 20:11:23.855 D/Sensors ( 1574): Enable akm: en = 1
01-13 20:11:23.865 D/AK8975  ( 1448): Compass Start
01-13 20:11:27.488 D/dalvikvm( 1832): GC_EXPLICIT freed 42K, 5% free 6512K/6787K, paused 6ms+1ms
01-13 20:11:31.713 D/UsbnetService( 1574): BroadcastReceiver::onReceive+
01-13 20:11:31.713 D/UsbnetService( 1574): onReceive BATTERY_CHANGED
01-13 20:11:31.713 D/UsbnetService( 1574):  --> pluggedType = 2, mPluggedType = 0, mScreenOff = false
01-13 20:11:31.713 D/UsbnetService( 1574): BroadcastReceiver::onReceive-
01-13 20:11:31.723 D/BatteryService( 1574): SendIntentforPowersaver
01-13 20:11:31.723 D/BatteryService( 1574): Current powersaver status == NORMAL_STATUS1 2 2 false
01-13 20:11:31.723 D/NotificationService( 1574): mIntentReceiver() Intent.ACTION_BATTERY_CHANGED
01-13 20:11:31.743 D/RemoveMe( 1663): DCT got intent android.intent.action.BATTERY_CHANGED
01-13 20:11:31.743 D/PowerUI ( 1646): closing low battery warning: level=99
01-13 20:11:31.743 D/PowerUI ( 1646): plugged = true, health = 2, mBatteryLevel = 99, mPluggedBatteryLevel = 97, mLowBatteryWarningLevel2 = 25, mshowLowChargingWarning2 = true
01-13 20:11:31.753 D/RemoveMe( 1663): DCT got intent android.intent.action.BATTERY_CHANGED
01-13 20:11:31.753 D/RemoveMe( 1663): DCT got intent android.intent.action.BATTERY_CHANGED
01-13 20:11:32.393 D/AutoSetting( 1772): service - mRequestRunnable: screen on delay 10s, request NLP now
01-13 20:11:32.393 D/AutoSetting( 1772): service - requestNLP() NetworkLocationProvider not enabled
01-13 20:11:36.828 D/dalvikvm( 1856): GC_EXPLICIT freed 63K, 5% free 6762K/7047K, paused 7ms+1ms
01-13 20:11:40.942 D/AndroidRuntime( 2606): 
01-13 20:11:40.942 D/AndroidRuntime( 2606): >>>>>> AndroidRuntime START com.android.internal.os.RuntimeInit <<<<<<
01-13 20:11:40.942 D/AndroidRuntime( 2606): CheckJNI is OFF
01-13 20:11:41.032 D/CursorWindowStats( 2606): Get CursorWindow size from framework resource:4194304
01-13 20:11:41.082 D/AndroidRuntime( 2606): Calling main entry com.android.commands.pm.Pm
01-13 20:11:41.092 I/ActivityManager( 1574): Start proc com.android.defcontainer for service com.android.defcontainer/.DefaultContainerService: pid=2614 uid=10087 gids={1015, 2001}
01-13 20:11:41.152 D/dalvikvm( 2614): GC_EXPLICIT freed 42K, 5% free 6458K/6787K, paused 1ms+1ms
01-13 20:11:41.442 W/ActivityManager( 1574): No content provider found for: 
01-13 20:11:41.452 W/ActivityManager( 1574): No content provider found for: 
01-13 20:11:41.462 D/PackageParser( 1574): Scanning package: /data/app/vmdl-951600099.tmp
01-13 20:11:41.462 I/ActivityManager( 1574): No longer want com.android.smith (pid 2041): hidden #16
01-13 20:11:41.532 I/PackageManager( 1574): Removing non-system package:uk.ac.st_andrews.cs.host.mk74.energymeasurement.cam
01-13 20:11:41.532 I/ActivityManager( 1574): Force stopping package uk.ac.st_andrews.cs.host.mk74.energymeasurement.cam uid=10106
01-13 20:11:41.752 D/PackageManager( 1574): Scanning package uk.ac.st_andrews.cs.host.mk74.energymeasurement.cam
01-13 20:11:41.752 I/PackageManager( 1574): Package uk.ac.st_andrews.cs.host.mk74.energymeasurement.cam codePath changed from /data/app/uk.ac.st_andrews.cs.host.mk74.energymeasurement.cam-1.apk to /data/app/uk.ac.st_andrews.cs.host.mk74.energymeasurement.cam-2.apk; Retaining data and using new
01-13 20:11:41.752 I/PackageManager( 1574): Unpacking native libraries for /data/app/uk.ac.st_andrews.cs.host.mk74.energymeasurement.cam-2.apk
01-13 20:11:42.023 D/dalvikvm( 2622): DexOpt: load 36ms, verify+opt 157ms
01-13 20:11:42.043 D/dalvikvm( 1880): GC_EXPLICIT freed 31K, 5% free 6476K/6787K, paused 1ms+1ms
01-13 20:11:42.173 I/ActivityManager( 1574): Force stopping package uk.ac.st_andrews.cs.host.mk74.energymeasurement.cam uid=10106
01-13 20:11:42.173 W/PackageManager( 1574): Code path for pkg : uk.ac.st_andrews.cs.host.mk74.energymeasurement.cam changing from /data/app/uk.ac.st_andrews.cs.host.mk74.energymeasurement.cam-1.apk to /data/app/uk.ac.st_andrews.cs.host.mk74.energymeasurement.cam-2.apk
01-13 20:11:42.173 D/PackageManager( 1574):   Activities: uk.ac.st_andrews.cs.host.mk74.energymeasurement.cam.MainActivity
01-13 20:11:42.173 W/PackageManager( 1574): Resource path for pkg : uk.ac.st_andrews.cs.host.mk74.energymeasurement.cam changing from /data/app/uk.ac.st_andrews.cs.host.mk74.energymeasurement.cam-1.apk to /data/app/uk.ac.st_andrews.cs.host.mk74.energymeasurement.cam-2.apk
01-13 20:11:42.323 D/PackageManager( 1574): [embedded] New package installed in /data/app/uk.ac.st_andrews.cs.host.mk74.energymeasurement.cam-2.apk
01-13 20:11:42.393 D/dalvikvm( 1574): GC_CONCURRENT freed 1871K, 13% free 15867K/18055K, paused 2ms+4ms
01-13 20:11:42.573 I/ActivityManager( 1574): Force stopping package uk.ac.st_andrews.cs.host.mk74.energymeasurement.cam uid=10106
01-13 20:11:42.643 D/dalvikvm( 1675): GC_EXPLICIT freed 1665K, 21% free 11150K/13959K, paused 2ms+3ms
01-13 20:11:42.663 D/dalvikvm( 1666): GC_EXPLICIT freed 729K, 10% free 7788K/8647K, paused 1ms+4ms
01-13 20:11:42.723 D/PackageManager( 1574): generateServicesMap(android.accounts.AccountAuthenticator): 13 services unchanged
01-13 20:11:42.753 D/PackageManager( 1574): generateServicesMap(android.content.SyncAdapter): 21 services unchanged
01-13 20:11:42.763 D/Launcher.Model( 1675): onReceive intent=Intent { act=android.intent.action.PACKAGE_REMOVED dat=package:uk.ac.st_andrews.cs.host.mk74.energymeasurement.cam flg=0x10000010 (has extras) }
01-13 20:11:42.763 D/PhoneApp( 1663): -- PackageChangeBroadcastReceiver  action = android.intent.action.PACKAGE_REMOVED
01-13 20:11:42.773 I/ActivityManager( 1574): Start proc com.android.smith for broadcast com.android.smith/.PackageReceiver: pid=2623 uid=10009 gids={1007, 1015}
01-13 20:11:42.803 I/SM:lib  ( 2623): JNI_OnLoad(): library version = 5
01-13 20:11:42.803 I/SM:lib  ( 2623): JNI_OnLoad(): result = 0x10004
01-13 20:11:42.803 D/SM:HtcNative( 2623): system lib, 4.0.honeycomb.HTK75C-flyer-l5-s16
01-13 20:11:42.803 D/SM:PackageReceiver( 2623): package removed: package:uk.ac.st_andrews.cs.host.mk74.energymeasurement.cam
01-13 20:11:42.803 I/ActivityManager( 1574): No longer want com.google.android.apps.uploader (pid 1888): hidden #16
01-13 20:11:42.813 W/ContentService( 1574): binderDied() at ObserverNode name com.google.android.gsf.gservices
01-13 20:11:42.823 D/WidgetScanner( 1675): onReceive: Intent { act=android.intent.action.PACKAGE_REMOVED dat=package:uk.ac.st_andrews.cs.host.mk74.energymeasurement.cam flg=0x10000010 cmp=com.htc.launcher/.widget.WidgetScannerTrigger (has extras) }
01-13 20:11:42.833 I/ActivityManager( 1574): Start proc com.htc.launcher.widgetscanner for service com.htc.launcher/.widget.WidgetScannerService: pid=2630 uid=9999 gids={3003, 3002, 3001, 2001, 1015}
01-13 20:11:42.863 D/dalvikvm( 1439): GC_EXPLICIT freed 12K, 5% free 6453K/6787K, paused 1ms+1ms
01-13 20:11:42.894 D/dalvikvm( 1439): GC_EXPLICIT freed <1K, 5% free 6453K/6787K, paused 1ms+1ms
01-13 20:11:42.914 D/dalvikvm( 1439): GC_EXPLICIT freed <1K, 5% free 6453K/6787K, paused 2ms+1ms
01-13 20:11:42.914 I/ActivityManager( 1574): Start proc com.htc.opensense for broadcast com.htc.opensense/.pluginmanager.RegisterReceiver: pid=2637 uid=10013 gids={2001, 3003, 1006, 1015}
01-13 20:11:42.974 I/ActivityManager( 1574): Start proc com.htc.cs for broadcast com.htc.cs/.plugin.PluginRegisterReceiver: pid=2644 uid=10041 gids={3003, 1015}
01-13 20:11:42.984 I/RegisterService( 2637): android.intent.action.PACKAGE_REMOVED package:uk.ac.st_andrews.cs.host.mk74.energymeasurement.cam
01-13 20:11:43.014 D/Launcher.Model( 1675): onReceive intent=Intent { act=android.intent.action.PACKAGE_ADDED dat=package:uk.ac.st_andrews.cs.host.mk74.energymeasurement.cam flg=0x10000010 (has extras) }
01-13 20:11:43.024 D/Launcher.Model( 1675): mAllAppsList.updatePackage uk.ac.st_andrews.cs.host.mk74.energymeasurement.cam
01-13 20:11:43.024 D/PackageManager( 1574): generateServicesMap(android.accounts.AccountAuthenticator): 13 services unchanged
01-13 20:11:43.024 D/PhoneApp( 1663): -- PackageChangeBroadcastReceiver  action = android.intent.action.PACKAGE_ADDED
01-13 20:11:43.034 D/PackageManager( 1574): generateServicesMap(android.content.SyncAdapter): 21 services unchanged
01-13 20:11:43.064 D/LauncherApplication( 2630): + LauncherApplication onCreate()
01-13 20:11:43.064 I/ActivityThread( 2644): Pub com.htc.connectedservice.csprovider: com.htc.cs.provider.ConnectedServiceProvider
01-13 20:11:43.064 I/ActivityThread( 2644): Pub com.htc.cs.dashboard: com.htc.cs.sync.dashboard.DashboardProvider
01-13 20:11:43.114 D/vicky   ( 2644): vicky received: android.intent.action.PACKAGE_REMOVED
01-13 20:11:43.124 I/ActivityManager( 1574): Start proc com.google.android.apps.maps for broadcast com.google.android.apps.maps/com.google.android.location.internal.NlpPackageUpdateReceiver: pid=2653 uid=10046 gids={3003, 1015}
01-13 20:11:43.154 I/ActivityManager( 1574): No longer want com.htc.laputa.HtcLaputaInstaller (pid 2221): hidden #16
01-13 20:11:43.234 D/LauncherApplication( 2630): - LauncherApplication onCreate()
01-13 20:11:43.264 D/CombinedWidgetProvider( 1675): +addAppWidget
01-13 20:11:43.264 D/CombinedWidgetProvider( 1675): addAppWidget: WidgetSummary(YouTube/APP_WIDGET/[I@407d4718 x [I@407d35e8/-1/ComponentInfo{com.google.android.youtube/com.google.android.youtube.app.honeycomb.widget.WidgetProvider}/[I@407d2d68)
01-13 20:11:43.264 D/CombinedWidgetProvider( 1675): addAppWidget: WidgetSummary(Twitter (large)/APP_WIDGET/[I@4077dab8 x [I@4077bf78/-1/ComponentInfo{com.twitter.android/com.twitter.android.client.WidgetLargeProvider}/[I@40776380)
01-13 20:11:43.264 D/CombinedWidgetProvider( 1675): addAppWidget: WidgetSummary(Twitter (small)/APP_WIDGET/[I@4073b000 x [I@40738ac8/-1/ComponentInfo{com.twitter.android/com.twitter.android.client.WidgetSmallProvider}/[I@40736c08)
01-13 20:11:43.264 D/CombinedWidgetProvider( 1675): addAppWidget: WidgetSummary(Traffic/APP_WIDGET/[I@40723728 x [I@40723300/-1/ComponentInfo{com.google.android.apps.maps/com.google.googlenav.appwidget.traffic.TrafficAppWidget}/[I@40721cc8)
01-13 20:11:43.264 D/CombinedWidgetProvider( 1675): addAppWidget: WidgetSummary(Latitude/APP_WIDGET/[I@40705620 x [I@40703938/-1/ComponentInfo{com.google.android.apps.maps/com.google.googlenav.appwidget.friends.FriendsAppWidgetProvider}/[I@40703788)
01-13 20:11:43.264 D/CombinedWidgetProvider( 1675): addAppWidget: WidgetSummary(Market/APP_WIDGET/[I@406f6e40 x [I@406f47a0/-1/ComponentInfo{com.android.vending/com.android.vending.MarketWidgetProvider}/[I@406f2de0)
01-13 20:11:43.264 D/CombinedWidgetProvider( 1675): addAppWidget: WidgetSummary(Google Search/APP_WIDGET/[I@406c7660 x [I@406c5f70/-1/ComponentInfo{com.google.android.googlequicksearchbox/com.google.android.googlequicksearchbox.SearchWidgetProvider}/[I@406c5dd8)
01-13 20:11:43.264 D/CombinedWidgetProvider( 1675): addAppWidget: WidgetSummary(Gmail/APP_WIDGET/[I@406a5e08 x [I@406a5a30/-1/ComponentInfo{com.google.android.gm/com.google.android.gm.widget.GmailWidgetProvider}/[I@406a5680)
01-13 20:11:43.264 D/CombinedWidgetProvider( 1675): addAppWidget: WidgetSummary(Bookmarks/APP_WIDGET/[I@40688170 x [I@40687f00/-1/ComponentInfo{com.android.browser/com.android.browser.widget.BookmarkThumbnailWidgetProvider}/[I@406874b0)
01-13 20:11:43.264 D/CombinedWidgetProvider( 1675): -addAppWidget
01-13 20:11:43.274 D/CombinedWidgetProvider( 1675): +addHtcWidgets, cat: -1
01-13 20:11:43.274 D/CombinedWidgetProvider( 1675):  uri: content://com.htc.launcher.widget.htcwidget/htcwidgets?widget_only=true
01-13 20:11:43.274 D/HtcWidgetProvider( 1675): row 1
01-13 20:11:43.284 D/CombinedWidgetProvider( 1675): addHtcWidget: WidgetSummary(Tips for Home/HTC_WIDGET/[I@40bd85c0 x [I@40bd85e0/1101/ComponentInfo{com.htc.rosiewidgets.tip/com.htc.rosiewidgets.tip.TipWidgetItem}/[I@40bd8600)
01-13 20:11:43.284 D/CombinedWidgetProvider( 1675): -addHtcWidgets
01-13 20:11:43.284 D/CombinedWidgetProvider( 1675): +addFxWidgets , provider: null
01-13 20:11:43.284 D/FxWidgetProviderInfoCollector( 1675): getAllStyles + [Ljava.lang.String;@406d1dc8 @ 
01-13 20:11:43.294 D/FxWidgetProvider( 1675): row 94
01-13 20:11:43.304 D/dalvikvm( 2630): GC_CONCURRENT freed 175K, 4% free 6766K/7047K, paused 1ms+6ms
01-13 20:11:43.494 D/dalvikvm( 2653): GC_CONCURRENT freed 150K, 4% free 6809K/7047K, paused 2ms+7ms
01-13 20:11:43.774 D/dalvikvm( 2653): GC_CONCURRENT freed 136K, 4% free 7146K/7431K, paused 2ms+17ms
01-13 20:11:43.814 D/WidgetScanner( 2630): onReceiveInternal: Intent { act=android.intent.action.PACKAGE_REMOVED dat=package:uk.ac.st_andrews.cs.host.mk74.energymeasurement.cam flg=0x10000010 cmp=com.htc.launcher/.widget.WidgetScannerService (has extras) }
01-13 20:11:43.945 I/ActivityThread( 2653): Pub com.google.android.maps.SearchHistoryProvider: com.google.googlenav.provider.SearchHistoryProvider
01-13 20:11:43.955 I/ActivityThread( 2653): Pub com.google.android.maps.LayerInfoProvider: com.google.googlenav.layer.LayerInfoProvider
01-13 20:11:43.955 D/SqliteDatabaseCpp( 2653): dbopen(): path = /data/data/com.google.android.apps.maps/databases , key = LYqevA, flag = 6, file size = 5120
01-13 20:11:43.955 D/SqliteDatabaseCpp( 2653): dbopen(): path = /data/data/com.google.android.apps.maps/databases , key = LYqevA, mode: delete, disk free size: 7854 M, handle: 0x15dd48
01-13 20:11:43.975 I/ActivityThread( 2653): Pub com.google.android.maps.TrafficAppWidgetProvider: com.google.googlenav.appwidget.traffic.TrafficAppWidgetProvider
01-13 20:11:43.975 I/ActivityThread( 2653): Pub com.google.android.maps.SuggestionProvider: com.google.googlenav.suggest.android.SuggestProvider
01-13 20:11:43.985 I/ActivityThread( 2653): Pub com.google.android.maps.LocalActivePlacesProvider: com.google.googlenav.provider.LocalActivePlacesProvider
01-13 20:11:43.985 I/ActivityThread( 2653): Pub com.google.android.maps.StarredItemProvider: com.google.googlenav.provider.StarredItemProvider
01-13 20:11:44.135 I/ActivityThread( 2653): Pub com.google.android.maps.LocalSuggestionProvider: com.google.googlenav.provider.LocalSuggestionProvider
01-13 20:11:44.135 I/ActivityThread( 2653): Pub com.google.android.maps.NavigationAvailabilityProvider: com.google.googlenav.provider.NavigationAvailabilityProvider
01-13 20:11:44.155 D/dalvikvm( 2653): GC_CONCURRENT freed 158K, 4% free 7503K/7751K, paused 1ms+2ms
01-13 20:11:44.165 D/HtcWidgetScanner( 2630): onPackageRemoved: uk.ac.st_andrews.cs.host.mk74.energymeasurement.cam
01-13 20:11:44.175 D/HtcWidgetProvider( 1675): update 0
01-13 20:11:44.175 D/FxWidgetScanner( 2630): onPackageRemoved: uk.ac.st_andrews.cs.host.mk74.energymeasurement.cam
01-13 20:11:44.175 D/FxWidgetScanner( 2630): removeFxWidgetList
01-13 20:11:44.195 I/ActivityManager( 1574): Start proc com.htc.recommend for broadcast com.htc.recommend/.receiver.AppInstalledReceiver: pid=2663 uid=10056 gids={2001, 3003}
01-13 20:11:44.195 I/ActivityManager( 1574): No longer want com.htc.ereader.drmengine (pid 2298): hidden #16
01-13 20:11:44.245 I/ActivityThread( 2663): Pub com.htc.recommend.provider.HTCRecommendCarouselProvider: com.htc.recommend.provider.HTCRecommendCarouselProvider
01-13 20:11:44.245 D/FxWidgetProvider( 1675): row 1
01-13 20:11:44.255 I/ActivityThread( 2663): Pub com.htc.recommend.provider.HTCRecommendContentProvider: com.htc.recommend.provider.HTCRecommendContentProvider
01-13 20:11:44.255 D/HTC Recommends( 2663): /mnt/sdcard/.LHYGB/CKCL
01-13 20:11:44.255 D/CombinedWidgetProvider( 1675): addFxWidget: WidgetSummary(Watch/FX_WIDGET/[I@40c6d638 x [I@40c6d658/-2/ComponentInfo{com.htc.widget3d.watch/com.htc.widget3d.watch.WatchProvider}/[I@40c6d678)
01-13 20:11:44.255 D/FxWidgetProvider( 1675): row 1
01-13 20:11:44.255 I/ActivityManager( 1574): No longer want com.htc.demoflopackageinstaller (pid 2417): hidden #16
01-13 20:11:44.265 D/CombinedWidgetProvider( 1675): addFxWidget: WidgetSummary(Airplane Mode/FX_WIDGET/[I@40c6efe8 x [I@40c6f008/-2/ComponentInfo{com.htc.htcsettingwidgets/com.htc.htcsettingwidgets.AirplaneWidget}/[I@40c6f028)
01-13 20:11:44.265 D/FxWidgetProvider( 1675): row 1
01-13 20:11:44.265 D/HTC Recommends( 2663): no token file
01-13 20:11:44.265 D/HTC Recommends( 2663): no token file
01-13 20:11:44.265 D/HTC Recommends( 2663): Log settings are 
01-13 20:11:44.265 D/HTC Recommends( 2663): Enable General Log : false
01-13 20:11:44.265 D/HTC Recommends( 2663): Enable Analytic Log : false
01-13 20:11:44.265 D/HTC Recommends( 2663): Enable Normal Log Level (dependent on General Log) : false
01-13 20:11:44.265 D/HTC Recommends( 2663): Enable Critical Log Level (dependent on General Log) : false
01-13 20:11:44.265 D/SqliteDatabaseCpp( 2663): dbopen(): path = /data/data/com.htc.recommend/databases , key = `tgvegkmmejd, flag = 6, file size = 40960
01-13 20:11:44.265 D/SqliteDatabaseCpp( 2663): dbopen(): path = /data/data/com.htc.recommend/databases , key = `tgvegkmmejd, mode: delete, disk free size: 7854 M, handle: 0x15d780
01-13 20:11:44.265 D/CombinedWidgetProvider( 1675): addFxWidget: WidgetSummary(Bluetooth/FX_WIDGET/[I@40c70830 x [I@40c70850/-2/ComponentInfo{com.htc.htcsettingwidgets/com.htc.htcsettingwidgets.BTWidget}/[I@40c70870)
01-13 20:11:44.265 D/FxWidgetProvider( 1675): row 1
01-13 20:11:44.275 D/CombinedWidgetProvider( 1675): addFxWidget: WidgetSummary(GPS/FX_WIDGET/[I@40c72030 x [I@40c72050/-2/ComponentInfo{com.htc.htcsettingwidgets/com.htc.htcsettingwidgets.GPSWidget}/[I@40c72070)
01-13 20:11:44.275 D/FxWidgetProvider( 1675): row 1
01-13 20:11:44.305 D/CombinedWidgetProvider( 1675): addFxWidget: WidgetSummary(Wi-Fi Hotspot/FX_WIDGET/[I@40c73820 x [I@40c73840/-2/ComponentInfo{com.htc.htcsettingwidgets/com.htc.htcsettingwidgets.HotspotWidget}/[I@40c73860)
01-13 20:11:44.305 D/FxWidgetProvider( 1675): row 1
01-13 20:11:44.315 D/CombinedWidgetProvider( 1675): addFxWidget: WidgetSummary(Mobile Network/FX_WIDGET/[I@40c75040 x [I@40c75060/-2/ComponentInfo{com.htc.htcsettingwidgets/com.htc.htcsettingwidgets.MobileNetworkWidget}/[I@40c75080)
01-13 20:11:44.315 D/FxWidgetProvider( 1675): row 1
01-13 20:11:44.325 D/CombinedWidgetProvider( 1675): addFxWidget: WidgetSummary(Wi-Fi/FX_WIDGET/[I@40c76978 x [I@40c76998/-2/ComponentInfo{com.htc.htcsettingwidgets/com.htc.htcsettingwidgets.WiFiWidget}/[I@40c769b8)
01-13 20:11:44.325 D/FxWidgetProvider( 1675): row 1
01-13 20:11:44.325 D/CombinedWidgetProvider( 1675): addFxWidget: WidgetSummary(Mail/FX_WIDGET/[I@40c78560 x [I@40c78580/-2/ComponentInfo{com.htc.htcmailwidgets/com.htc.htcmailwidgets.WidgetReceiver}/[I@40c785a0)
01-13 20:11:44.325 D/FxWidgetProvider( 1675): row 3
01-13 20:11:44.335 D/FxWidgetProviderInfoCollector( 1675): more than one style shared the same component! Return the first one found.
01-13 20:11:44.335 D/CombinedWidgetProvider( 1675): addFxWidget: WidgetSummary(Mail/FX_WIDGET/[I@40c7a130 x [I@40c7a150/-2/ComponentInfo{com.htc.htcmailwidgets/com.htc.htcmailwidgets.WidgetReceiver}/[I@40c7a170)
01-13 20:11:44.335 D/FxWidgetProvider( 1675): row 3
01-13 20:11:44.345 D/FxWidgetProviderInfoCollector( 1675): more than one style shared the same component! Return the first one found.
01-13 20:11:44.345 D/CombinedWidgetProvider( 1675): addFxWidget: WidgetSummary(Mail/FX_WIDGET/[I@40c7bc30 x [I@40c7bc50/-2/ComponentInfo{com.htc.htcmailwidgets/com.htc.htcmailwidgets.WidgetReceiver}/[I@40c7bc70)
01-13 20:11:44.345 D/FxWidgetProvider( 1675): row 3
01-13 20:11:44.355 D/FxWidgetProviderInfoCollector( 1675): more than one style shared the same component! Return the first one found.
01-13 20:11:44.365 D/CombinedWidgetProvider( 1675): addFxWidget: WidgetSummary(Mail/FX_WIDGET/[I@40c7d500 x [I@40c7d520/-2/ComponentInfo{com.htc.htcmailwidgets/com.htc.htcmailwidgets.WidgetReceiver}/[I@40c7d540)
01-13 20:11:44.365 D/FxWidgetProvider( 1675): row 3
01-13 20:11:44.365 D/FxWidgetScanner( 2630): delete 0
01-13 20:11:44.365 D/FxWidgetProviderInfoCollector( 1675): more than one style shared the same component! Return the first one found.
01-13 20:11:44.365 D/CombinedWidgetProvider( 1675): addFxWidget: WidgetSummary(Mail/FX_WIDGET/[I@40c7f830 x [I@40c7f850/-2/ComponentInfo{com.htc.htcmailwidgets/com.htc.htcmailwidgets.WidgetReceiver}/[I@40c7f870)
01-13 20:11:44.365 D/FxWidgetProvider( 1675): row 3
01-13 20:11:44.365 D/FxWidgetProviderInfoCollector( 1675): more than one style shared the same component! Return the first one found.
01-13 20:11:44.375 D/CombinedWidgetProvider( 1675): addFxWidget: WidgetSummary(Mail/FX_WIDGET/[I@40c81398 x [I@40c813b8/-2/ComponentInfo{com.htc.htcmailwidgets/com.htc.htcmailwidgets.WidgetReceiver}/[I@40c813d8)
01-13 20:11:44.375 D/FxWidgetProvider( 1675): row 3
01-13 20:11:44.375 D/WidgetScanner( 2630): upadted? false
01-13 20:11:44.375 D/FxWidgetProviderInfoCollector( 1675): more than one style shared the same component! Return the first one found.
01-13 20:11:44.385 D/CombinedWidgetProvider( 1675): addFxWidget: WidgetSummary(Mail/FX_WIDGET/[I@40c82d40 x [I@40c82d60/-2/ComponentInfo{com.htc.htcmailwidgets/com.htc.htcmailwidgets.WidgetReceiver}/[I@40c82d80)
01-13 20:11:44.385 D/FxWidgetProvider( 1675): row 5
01-13 20:11:44.385 D/FxWidgetProviderInfoCollector( 1675): more than one style shared the same component! Return the first one found.
01-13 20:11:44.385 D/CombinedWidgetProvider( 1675): addFxWidget: WidgetSummary(People/FX_WIDGET/[I@40c84650 x [I@40c84670/-2/ComponentInfo{com.htc.htccontactwidgets_3d_fusion/com.htc.htccontactwidgets_3d_fusion.WidgetReceiver}/[I@40c84690)
01-13 20:11:44.395 D/FxWidgetProvider( 1675): row 5
01-13 20:11:44.415 D/FxWidgetProviderInfoCollector( 1675): more than one style shared the same component! Return the first one found.
01-13 20:11:44.415 D/CombinedWidgetProvider( 1675): addFxWidget: WidgetSummary(People/FX_WIDGET/[I@40c85ee8 x [I@40c85f08/-2/ComponentInfo{com.htc.htccontactwidgets_3d_fusion/com.htc.htccontactwidgets_3d_fusion.WidgetReceiver}/[I@40c85f28)
01-13 20:11:44.415 D/FxWidgetProvider( 1675): row 5
01-13 20:11:44.415 D/FxWidgetProviderInfoCollector( 1675): more than one style shared the same component! Return the first one found.
01-13 20:11:44.415 D/CombinedWidgetProvider( 1675): addFxWidget: WidgetSummary(People/FX_WIDGET/[I@40c875c8 x [I@40c875e8/-2/ComponentInfo{com.htc.htccontactwidgets_3d_fusion/com.htc.htccontactwidgets_3d_fusion.WidgetReceiver}/[I@40c87608)
01-13 20:11:44.415 I/ActivityManager( 1574): No longer want com.htc.ereader (pid 2408): hidden #16
01-13 20:11:44.425 D/FxWidgetProvider( 1675): row 5
01-13 20:11:44.425 D/FxWidgetProviderInfoCollector( 1675): more than one style shared the same component! Return the first one found.
01-13 20:11:44.425 D/CombinedWidgetProvider( 1675): addFxWidget: WidgetSummary(People/FX_WIDGET/[I@40c88c88 x [I@40c88ca8/-2/ComponentInfo{com.htc.htccontactwidgets_3d_fusion/com.htc.htccontactwidgets_3d_fusion.WidgetReceiver}/[I@40c88cc8)
01-13 20:11:44.435 D/FxWidgetProvider( 1675): row 5
01-13 20:11:44.435 D/FxWidgetProviderInfoCollector( 1675): more than one style shared the same component! Return the first one found.
01-13 20:11:44.435 D/CombinedWidgetProvider( 1675): addFxWidget: WidgetSummary(People/FX_WIDGET/[I@40c8a420 x [I@40c8a440/-2/ComponentInfo{com.htc.htccontactwidgets_3d_fusion/com.htc.htccontactwidgets_3d_fusion.WidgetReceiver}/[I@40c8a460)
01-13 20:11:44.435 D/FxWidgetProvider( 1675): row 1
01-13 20:11:44.445 D/CombinedWidgetProvider( 1675): addFxWidget: WidgetSummary(Calendar/FX_WIDGET/[I@40c8bce8 x [I@40c8bd08/-2/ComponentInfo{com.htc.htccalendarwidgets/com.htc.htccalendarwidgets.WidgetReceiver}/[I@40c8bd28)
01-13 20:11:44.445 D/FxWidgetProvider( 1675): row 3
01-13 20:11:44.445 D/FxWidgetProviderInfoCollector( 1675): more than one style shared the same component! Return the first one found.
01-13 20:11:44.445 D/CombinedWidgetProvider( 1675): addFxWidget: WidgetSummary(Calendar/FX_WIDGET/[I@40c8d8c0 x [I@40c8d8e0/-2/ComponentInfo{com.htc.htccalendarwidgets/com.htc.htccalendarwidgets.WidgetReceiver}/[I@40c8d900)
01-13 20:11:44.445 D/FxWidgetProvider( 1675): row 3
01-13 20:11:44.455 D/FxWidgetProviderInfoCollector( 1675): more than one style shared the same component! Return the first one found.
01-13 20:11:44.455 D/CombinedWidgetProvider( 1675): addFxWidget: WidgetSummary(Calendar/FX_WIDGET/[I@40c8f3d8 x [I@40c8f3f8/-2/ComponentInfo{com.htc.htccalendarwidgets/com.htc.htccalendarwidgets.WidgetReceiver}/[I@40c8f418)
01-13 20:11:44.455 D/FxWidgetProvider( 1675): row 3
01-13 20:11:44.465 D/FxWidgetProviderInfoCollector( 1675): more than one style shared the same component! Return the first one found.
01-13 20:11:44.465 D/CombinedWidgetProvider( 1675): addFxWidget: WidgetSummary(Calendar/FX_WIDGET/[I@40c90c68 x [I@40c90c88/-2/ComponentInfo{com.htc.htccalendarwidgets/com.htc.htccalendarwidgets.WidgetReceiver}/[I@40c90ca8)
01-13 20:11:44.465 D/FxWidgetProvider( 1675): row 1
01-13 20:11:44.475 D/CombinedWidgetProvider( 1675): addFxWidget: WidgetSummary(Calendar/FX_WIDGET/[I@40c924a8 x [I@40c924c8/-2/ComponentInfo{com.htc.htccalendarwidgets/com.htc.htccalendarwidgets.WidgetReceiver}/[I@40c924e8)
01-13 20:11:44.475 D/FxWidgetProvider( 1675): row 1
01-13 20:11:44.485 D/CombinedWidgetProvider( 1675): addFxWidget: WidgetSummary(Bookmarks/FX_WIDGET/[I@40c94018 x [I@40c94038/-2/ComponentInfo{com.htc.fusion.htcbookmarkwidget/com.htc.fusion.htcbookmarkwidget.WidgetReceiver}/[I@40c94058)
01-13 20:11:44.485 D/FxWidgetProvider( 1675): row 1
01-13 20:11:44.485 D/CombinedWidgetProvider( 1675): addFxWidget: WidgetSummary(Bookmarks/FX_WIDGET/[I@40c95978 x [I@40c95998/-2/ComponentInfo{com.htc.fusion.htcbookmarkwidget/com.htc.fusion.htcbookmarkwidget.WidgetReceiver}/[I@40c959b8)
01-13 20:11:44.485 D/FxWidgetProvider( 1675): row 1
01-13 20:11:44.495 D/CombinedWidgetProvider( 1675): addFxWidget: WidgetSummary(Messages/FX_WIDGET/[I@40c97328 x [I@40c97348/-2/ComponentInfo{com.htc.htcmsgwidgets3d/com.htc.htcmsgwidgets.MsgWidgetProvider}/[I@40c97368)
01-13 20:11:44.495 D/FxWidgetProvider( 1675): row 1
01-13 20:11:44.505 D/CombinedWidgetProvider( 1675): addFxWidget: WidgetSummary(Messages/FX_WIDGET/[I@40c98bd0 x [I@40c98bf0/-2/ComponentInfo{com.htc.htcmsgwidgets3d/com.htc.htcmsgwidgets.MsgWidgetProvider}/[I@40c98c10)
01-13 20:11:44.505 D/FxWidgetProvider( 1675): row 1
01-13 20:11:44.505 D/CombinedWidgetProvider( 1675): addFxWidget: WidgetSummary(Messages/FX_WIDGET/[I@40c9a4b8 x [I@40c9a4d8/-2/ComponentInfo{com.htc.htcmsgwidgets3d/com.htc.htcmsgwidgets.MsgWidgetProvider}/[I@40c9a4f8)
01-13 20:11:44.505 D/FxWidgetProvider( 1675): row 1
01-13 20:11:44.515 D/CombinedWidgetProvider( 1675): addFxWidget: WidgetSummary(Messages/FX_WIDGET/[I@40c9bda0 x [I@40c9bdc0/-2/ComponentInfo{com.htc.htcmsgwidgets3d/com.htc.htcmsgwidgets.MsgWidgetProvider}/[I@40c9bde0)
01-13 20:11:44.515 D/FxWidgetProvider( 1675): row 1
01-13 20:11:44.555 D/CombinedWidgetProvider( 1675): addFxWidget: WidgetSummary(Messages/FX_WIDGET/[I@40c9d5b0 x [I@40c9d5d0/-2/ComponentInfo{com.htc.htcmsgwidgets3d/com.htc.htcmsgwidgets.MsgWidgetProvider}/[I@40c9d5f0)
01-13 20:11:44.555 D/FxWidgetProvider( 1675): row 1
01-13 20:11:44.555 D/CombinedWidgetProvider( 1675): addFxWidget: WidgetSummary(Messages/FX_WIDGET/[I@40c9ee50 x [I@40c9ee70/-2/ComponentInfo{com.htc.htcmsgwidgets3d/com.htc.htcmsgwidgets.MsgWidgetProvider}/[I@40c9ee90)
01-13 20:11:44.565 D/FxWidgetProvider( 1675): row 1
01-13 20:11:44.565 D/CombinedWidgetProvider( 1675): addFxWidget: WidgetSummary(Messages/FX_WIDGET/[I@40ca06f0 x [I@40ca0710/-2/ComponentInfo{com.htc.htcmsgwidgets3d/com.htc.htcmsgwidgets.MsgWidgetProvider}/[I@40ca0730)
01-13 20:11:44.565 D/FxWidgetProvider( 1675): row 1
01-13 20:11:44.585 D/CombinedWidgetProvider( 1675): addFxWidget: WidgetSummary(Twitter/FX_WIDGET/[I@40ca1f90 x [I@40ca1fb0/-2/ComponentInfo{com.htc.Twitter3DWidget/com.htc.Twitter3DWidget.TwitterWidgetProvider}/[I@40ca1fd0)
01-13 20:11:44.585 D/FxWidgetProvider( 1675): row 1
01-13 20:11:44.595 D/CombinedWidgetProvider( 1675): addFxWidget: WidgetSummary(Twitter/FX_WIDGET/[I@40ca3920 x [I@40ca3940/-2/ComponentInfo{com.htc.Twitter3DWidget/com.htc.Twitter3DWidget.TwitterWidgetProvider}/[I@40ca3960)
01-13 20:11:44.595 D/FxWidgetProvider( 1675): row 1
01-13 20:11:44.615 D/CombinedWidgetProvider( 1675): addFxWidget: WidgetSummary(Twitter/FX_WIDGET/[I@40ca5398 x [I@40ca53b8/-2/ComponentInfo{com.htc.Twitter3DWidget/com.htc.Twitter3DWidget.TwitterWidgetProvider}/[I@40ca53d8)
01-13 20:11:44.615 D/FxWidgetProvider( 1675): row 1
01-13 20:11:44.625 D/CombinedWidgetProvider( 1675): addFxWidget: WidgetSummary(Twitter/FX_WIDGET/[I@40ca6e08 x [I@40ca6e28/-2/ComponentInfo{com.htc.Twitter3DWidget/com.htc.Twitter3DWidget.TwitterWidgetProvider}/[I@40ca6e48)
01-13 20:11:44.625 D/FxWidgetProvider( 1675): row 1
01-13 20:11:44.635 D/CombinedWidgetProvider( 1675): addFxWidget: WidgetSummary(Trends/FX_WIDGET/[I@40ca8948 x [I@40ca8968/-2/ComponentInfo{com.htc.Trends3DWidget/com.htc.Trends3DWidget.TrendsWidgetProvider}/[I@40ca8988)
01-13 20:11:44.635 D/FxWidgetProvider( 1675): row 1
01-13 20:11:44.645 D/CombinedWidgetProvider( 1675): addFxWidget: WidgetSummary(Sync All/FX_WIDGET/[I@40caa388 x [I@40caa3a8/-2/ComponentInfo{com.htc.Sync3DWidget/com.htc.Sync3DWidget.SyncWidgetProvider}/[I@40caa3c8)
01-13 20:11:44.645 D/FxWidgetProvider( 1675): row 1
01-13 20:11:44.655 D/CombinedWidgetProvider( 1675): addFxWidget: WidgetSummary(Music/FX_WIDGET/[I@40cabf10 x [I@40cabf30/-2/ComponentInfo{com.htc.MusicWidget3D/com.htc.MusicWidget3D.MusicWidget3DProvider}/[I@40cabf50)
01-13 20:11:44.655 D/FxWidgetProvider( 1675): row 1
01-13 20:11:44.665 D/CombinedWidgetProvider( 1675): addFxWidget: WidgetSummary(Music/FX_WIDGET/[I@40cadab8 x [I@40cadad8/-2/ComponentInfo{com.htc.MusicWidget3D/com.htc.MusicWidget3D.MusicWidget3DProvider}/[I@40cadaf8)
01-13 20:11:44.665 D/FxWidgetProvider( 1675): row 1
01-13 20:11:44.675 D/CombinedWidgetProvider( 1675): addFxWidget: WidgetSummary(Music/FX_WIDGET/[I@40caf660 x [I@40caf680/-2/ComponentInfo{com.htc.MusicWidget3D/com.htc.MusicWidget3D.MusicWidget3DProvider}/[I@40caf6a0)
01-13 20:11:44.675 D/FxWidgetProvider( 1675): row 1
01-13 20:11:44.685 D/CombinedWidgetProvider( 1675): addFxWidget: WidgetSummary(Friend Stream/FX_WIDGET/[I@40cb1208 x [I@40cb1228/-2/ComponentInfo{com.htc.FriendStream3DWidget/com.htc.FriendStream3DWidget.FriendStreamWidgetProvider}/[I@40cb1248)
01-13 20:11:44.715 D/FxWidgetProvider( 1675): row 1
01-13 20:11:44.715 D/CombinedWidgetProvider( 1675): addFxWidget: WidgetSummary(Friend Stream/FX_WIDGET/[I@40cb2d78 x [I@40cb2d98/-2/ComponentInfo{com.htc.FriendStream3DWidget/com.htc.FriendStream3DWidget.FriendStreamWidgetProvider}/[I@40cb2db8)
01-13 20:11:44.715 D/dalvikvm( 1675): GC_CONCURRENT freed 1060K, 17% free 11611K/13959K, paused 1ms+23ms
01-13 20:11:44.725 D/FxWidgetProvider( 1675): row 1
01-13 20:11:44.725 D/CombinedWidgetProvider( 1675): addFxWidget: WidgetSummary(Friend Stream/FX_WIDGET/[I@40dabe08 x [I@40da0388/-2/ComponentInfo{com.htc.FriendStream3DWidget/com.htc.FriendStream3DWidget.FriendStreamWidgetProvider}/[I@40d99f20)
01-13 20:11:44.735 D/FxWidgetProvider( 1675): row 1
01-13 20:11:44.735 D/CombinedWidgetProvider( 1675): addFxWidget: WidgetSummary(Friend Stream/FX_WIDGET/[I@40c9f5d0 x [I@40c9ede8/-2/ComponentInfo{com.htc.FriendStream3DWidget/com.htc.FriendStream3DWidget.FriendStreamWidgetProvider}/[I@40c9e738)
01-13 20:11:44.745 D/FxWidgetProvider( 1675): row 1
01-13 20:11:44.755 D/CombinedWidgetProvider( 1675): addFxWidget: WidgetSummary(Friend Channel/FX_WIDGET/[I@40c784f8 x [I@40c77c30/-2/ComponentInfo{com.htc.FriendStream3DWidget/com.htc.FriendStream3DWidget.FriendStreamWidgetProvider}/[I@40c76910)
01-13 20:11:44.755 D/FxWidgetProvider( 1675): row 1
01-13 20:11:44.765 D/CombinedWidgetProvider( 1675): addFxWidget: WidgetSummary(My Shelf/FX_WIDGET/[I@40c58f38 x [I@40c57e08/-2/ComponentInfo{com.htc.ereader.widget3d/com.htc.ereader.widget3d.ereaderwidget3d.SimpleWidgetProvider}/[I@40c56d48)
01-13 20:11:44.765 D/FxWidgetProvider( 1675): row 1
01-13 20:11:44.775 D/CombinedWidgetProvider( 1675): addFxWidget: WidgetSummary(Weather/FX_WIDGET/[I@40c37d28 x [I@40c373d0/-2/ComponentInfo{com.htc.widget3d.weather/com.htc.widget3d.weather.WeatherWidgetProvider}/[I@40c36388)
01-13 20:11:44.775 D/FxWidgetProvider( 1675): row 1
01-13 20:11:44.785 D/CombinedWidgetProvider( 1675): addFxWidget: WidgetSummary(Weather/FX_WIDGET/[I@40bf2238 x [I@40bf1880/-2/ComponentInfo{com.htc.widget3d.weather/com.htc.widget3d.weather.WeatherWidgetProvider}/[I@40bf0ec8)
01-13 20:11:44.785 D/FxWidgetProvider( 1675): row 1
01-13 20:11:44.795 D/CombinedWidgetProvider( 1675): addFxWidget: WidgetSummary(Weather/FX_WIDGET/[I@4097ea28 x [I@4097e838/-2/ComponentInfo{com.htc.widget3d.weather/com.htc.widget3d.weather.WeatherWidgetProvider}/[I@4097bd28)
01-13 20:11:44.795 D/FxWidgetProvider( 1675): row 1
01-13 20:11:44.815 D/CombinedWidgetProvider( 1675): addFxWidget: WidgetSummary(Screen Timeout/FX_WIDGET/[I@40857080 x [I@40853d48/-2/ComponentInfo{com.htc.rosiewidgets.screentimeout/com.htc.rosiewidgets.screentimeout.ScreenTimeoutWidgetProvider}/[I@408514d8)
01-13 20:11:44.815 D/FxWidgetProvider( 1675): row 1
01-13 20:11:44.825 D/CombinedWidgetProvider( 1675): addFxWidget: WidgetSummary(Screen Brightness/FX_WIDGET/[I@407ed780 x [I@407e91b0/-2/ComponentInfo{com.htc.rosiewidgets.screenbrightness/com.htc.rosiewidgets.screenbrightness.ScreenBrightnessWidgetProvider}/[I@407e4780)
01-13 20:11:44.825 D/FxWidgetProvider( 1675): row 1
01-13 20:11:44.825 D/CombinedWidgetProvider( 1675): addFxWidget: WidgetSummary(Notes/FX_WIDGET/[I@4073b0c0 x [I@4073a718/-2/ComponentInfo{com.htc.htcrichnoteswidget3d/com.htc.htcrichnoteswidget3d.NotesWidgetProvider}/[I@4073a218)
01-13 20:11:44.825 D/FxWidgetProvider( 1675): row 1
01-13 20:11:44.835 D/CombinedWidgetProvider( 1675): addFxWidget: WidgetSummary(Notes/FX_WIDGET/[I@4068d490 x [I@4068bdc0/-2/ComponentInfo{com.htc.htcrichnoteswidget3d/com.htc.htcrichnoteswidget3d.NotesWidgetProvider}/[I@4068aaa8)
01-13 20:11:44.835 D/FxWidgetProvider( 1675): row 1
01-13 20:11:44.855 D/CombinedWidgetProvider( 1675): addFxWidget: WidgetSummary(HTC Likes/FX_WIDGET/[I@4093b688 x [I@4093a340/-2/ComponentInfo{com.htc.android.fusion.recommend/com.htc.android.fusion.recommend.RosieIntentReceiver}/[I@40938ff8)
01-13 20:11:44.855 D/FxWidgetProvider( 1675): row 1
01-13 20:11:44.865 D/CombinedWidgetProvider( 1675): addFxWidget: WidgetSummary(Profile/FX_WIDGET/[I@40772310 x [I@40771b60/-2/ComponentInfo{com.htc.widget.profile/com.htc.widget.profile.HtcWidgetReceiver}/[I@4076f778)
01-13 20:11:44.865 D/FxWidgetProvider( 1675): row 1
01-13 20:11:44.865 D/CombinedWidgetProvider( 1675): addFxWidget: WidgetSummary(Power Dashboard/FX_WIDGET/[I@4070c258 x [I@4070b820/-2/ComponentInfo{com.htc.rosiewidgets.powerstrip/com.htc.rosiewidgets.powerstrip.PowerStripWidgetProvider}/[I@40705818)
01-13 20:11:44.865 D/FxWidgetProvider( 1675): row 1
01-13 20:11:44.875 D/CombinedWidgetProvider( 1675): addFxWidget: WidgetSummary(Photo Album/FX_WIDGET/[I@40cb5b80 x [I@40cb5ba0/-2/ComponentInfo{com.htc.photowidget3d/com.htc.photowidget3d.album.PhotoAlbumWidgetProvider}/[I@40cb5bc0)
01-13 20:11:44.875 D/FxWidgetProvider( 1675): row 1
01-13 20:11:44.885 D/CombinedWidgetProvider( 1675): addFxWidget: WidgetSummary(Photo Frame/FX_WIDGET/[I@40cb6738 x [I@40cb6758/-2/ComponentInfo{com.htc.photowidget3d/com.htc.photowidget3d.frame.PhotoFrameWidgetProvider}/[I@40cb6778)
01-13 20:11:44.895 D/FxWidgetProvider( 1675): row 1
01-13 20:11:44.895 D/CombinedWidgetProvider( 1675): addFxWidget: WidgetSummary(Photo Grid/FX_WIDGET/[I@40cb74e8 x [I@40cb7508/-2/ComponentInfo{com.htc.rosiewidgets.photogridwidget3d/com.htc.rosiewidgets.photogridwidget3d.PhotoGridWidget3DProvider}/[I@40cb7528)
01-13 20:11:44.905 D/FxWidgetProvider( 1675): row 1
01-13 20:11:44.905 D/CombinedWidgetProvider( 1675): addFxWidget: WidgetSummary(Navigate/FX_WIDGET/[I@40cb8438 x [I@40cb8458/-2/ComponentInfo{com.htc.laputa.widget3d.navigate/com.htc.laputa.widget3d.navigate.NavigateWidgetProvider}/[I@40cb8478)
01-13 20:11:44.905 D/FxWidgetProvider( 1675): row 1
01-13 20:11:44.915 D/CombinedWidgetProvider( 1675): addFxWidget: WidgetSummary(Navigate/FX_WIDGET/[I@40cb9378 x [I@40cb9398/-2/ComponentInfo{com.htc.laputa.widget3d.navigate/com.htc.laputa.widget3d.navigate.NavigateWidgetProvider}/[I@40cb93b8)
01-13 20:11:44.915 D/FxWidgetProvider( 1675): row 1
01-13 20:11:44.915 D/CombinedWidgetProvider( 1675): addFxWidget: WidgetSummary(Locations/FX_WIDGET/[I@40cba2c8 x [I@40cba2e8/-2/ComponentInfo{com.htc.laputa.widget3d.locations/com.htc.laputa.widget3d.locations.LocationsWidgetProvider}/[I@40cba308)
01-13 20:11:44.926 D/FxWidgetProvider( 1675): row 1
01-13 20:11:44.926 D/CombinedWidgetProvider( 1675): addFxWidget: WidgetSummary(News/FX_WIDGET/[I@40cbb208 x [I@40cbb228/-2/ComponentInfo{com.htc.googlereaderwidget/com.htc.googlereaderwidget.RosieWidgetReceiver}/[I@40cbb248)
01-13 20:11:44.936 D/FxWidgetProvider( 1675): row 1
01-13 20:11:44.936 D/CombinedWidgetProvider( 1675): addFxWidget: WidgetSummary(News/FX_WIDGET/[I@40cbc200 x [I@40cbc220/-2/ComponentInfo{com.htc.googlereaderwidget/com.htc.googlereaderwidget.RosieWidgetReceiver}/[I@40cbc240)
01-13 20:11:44.936 D/FxWidgetProvider( 1675): row 1
01-13 20:11:44.946 D/CombinedWidgetProvider( 1675): addFxWidget: WidgetSummary(Data Dashboard/FX_WIDGET/[I@40cbd3f0 x [I@40cbd410/-2/ComponentInfo{com.htc.rosiewidgets.datastrip/com.htc.rosiewidgets.datastrip.DataStripWidgetProvider}/[I@40cbd430)
01-13 20:11:44.946 D/FxWidgetProvider( 1675): row 1
01-13 20:11:44.956 D/CombinedWidgetProvider( 1675): addFxWidget: WidgetSummary(Data Roaming/FX_WIDGET/[I@40cbe478 x [I@40cbe498/-2/ComponentInfo{com.htc.rosiewidgets.dataroaming/com.htc.rosiewidgets.dataroaming.WidgetProvider}/[I@40cbe4b8)
01-13 20:11:44.956 D/FxWidgetProvider( 1675): row 1
01-13 20:11:44.956 D/CombinedWidgetProvider( 1675): addFxWidget: WidgetSummary(Analog Clock/FX_WIDGET/[I@40cbf598 x [I@40cbf5b8/-2/ComponentInfo{com.htc.clock3dwidget/com.htc.clock3dwidget.ClockWidgetProvider}/[I@40cbf5d8)
01-13 20:11:44.956 D/FxWidgetProvider( 1675): row 1
01-13 20:11:44.966 D/CombinedWidgetProvider( 1675): addFxWidget: WidgetSummary(Analog Clock/FX_WIDGET/[I@40cc0638 x [I@40cc0658/-2/ComponentInfo{com.htc.clock3dwidget/com.htc.clock3dwidget.ClockWidgetProvider}/[I@40cc0678)
01-13 20:11:44.966 D/FxWidgetProvider( 1675): row 1
01-13 20:11:44.976 D/CombinedWidgetProvider( 1675): addFxWidget: WidgetSummary(Weather Clock/FX_WIDGET/[I@40cc16d8 x [I@40cc16f8/-2/ComponentInfo{com.htc.clock3dwidget/com.htc.clock3dwidget.ClockWidgetProvider}/[I@40cc1718)
01-13 20:11:44.976 D/FxWidgetProvider( 1675): row 1
01-13 20:11:44.976 D/CombinedWidgetProvider( 1675): addFxWidget: WidgetSummary(Travel Clock/FX_WIDGET/[I@40cc2778 x [I@40cc2798/-2/ComponentInfo{com.htc.clock3dwidget/com.htc.clock3dwidget.ClockWidgetProvider}/[I@40cc27b8)
01-13 20:11:44.986 D/FxWidgetProvider( 1675): row 1
01-13 20:11:44.986 D/CombinedWidgetProvider( 1675): addFxWidget: WidgetSummary(Digital Clock/FX_WIDGET/[I@40cc38f0 x [I@40cc3910/-2/ComponentInfo{com.htc.clock3dwidget/com.htc.clock3dwidget.ClockWidgetProvider}/[I@40cc3930)
01-13 20:11:44.986 D/FxWidgetProvider( 1675): row 1
01-13 20:11:44.996 D/CombinedWidgetProvider( 1675): addFxWidget: WidgetSummary(Analog Clock/FX_WIDGET/[I@40cc4b30 x [I@40cc4b50/-2/ComponentInfo{com.htc.clock3dwidget/com.htc.clock3dwidget.ClockWidgetProvider}/[I@40cc4b70)
01-13 20:11:44.996 D/FxWidgetProvider( 1675): row 1
01-13 20:11:45.006 D/CombinedWidgetProvider( 1675): addFxWidget: WidgetSummary(Analog Clock/FX_WIDGET/[I@40cc5e48 x [I@40cc5e68/-2/ComponentInfo{com.htc.clock3dwidget/com.htc.clock3dwidget.ClockWidgetProvider}/[I@40cc5e88)
01-13 20:11:45.006 D/FxWidgetProvider( 1675): row 1
01-13 20:11:45.006 D/CombinedWidgetProvider( 1675): addFxWidget: WidgetSummary(Analog Clock/FX_WIDGET/[I@40cc7160 x [I@40cc7180/-2/ComponentInfo{com.htc.clock3dwidget/com.htc.clock3dwidget.ClockWidgetProvider}/[I@40cc71a0)
01-13 20:11:45.016 D/FxWidgetProvider( 1675): row 1
