01-10 18:06:53.457 V/locapi_rpc_glue( 1576): +loc_api_callback_process_sync_call
01-10 18:06:53.457 V/locapi_rpc_glue( 1576): -loc_api_callback_process_sync_call, no sync call in use
01-10 18:06:53.467 D/RPC     ( 1576): written RPC packet size: [28]
01-10 18:06:53.467 D/RPC     ( 1576): read RPC packet
01-10 18:06:53.467 D/RPC     ( 1576): read RPC packet size: [272]
01-10 18:06:53.467 V/locapi_rpc_glue( 1576): Callback received: 4 (cb_id=0x6280000 handle=1)
01-10 18:06:53.467 V/locapi_rpc_glue( 1576): +loc_api_callback_process_sync_call
01-10 18:06:53.467 V/locapi_rpc_glue( 1576): -loc_api_callback_process_sync_call, no sync call in use
01-10 18:06:53.467 D/RPC     ( 1576): written RPC packet size: [28]
01-10 18:06:53.467 D/RPC     ( 1576): read RPC packet
01-10 18:06:53.467 D/RPC     ( 1576): read RPC packet size: [272]
01-10 18:06:53.467 V/locapi_rpc_glue( 1576): Callback received: 4 (cb_id=0x6280000 handle=1)
01-10 18:06:53.467 V/locapi_rpc_glue( 1576): +loc_api_callback_process_sync_call
01-10 18:06:53.467 V/locapi_rpc_glue( 1576): -loc_api_callback_process_sync_call, no sync call in use
01-10 18:06:53.467 D/RPC     ( 1576): written RPC packet size: [28]
01-10 18:06:53.618 I/System.out( 2701): Values: 0.0 0.0
01-10 18:06:54.088 D/RPC     ( 1576): read RPC packet
01-10 18:06:54.088 D/RPC     ( 1576): read RPC packet size: [208]
01-10 18:06:54.088 V/locapi_rpc_glue( 1576): Callback received: 1 (cb_id=0x6280000 handle=1)
01-10 18:06:54.088 V/locapi_rpc_glue( 1576): +loc_api_callback_process_sync_call
01-10 18:06:54.088 V/locapi_rpc_glue( 1576): -loc_api_callback_process_sync_call, no sync call in use
01-10 18:06:54.088 D/lib_locapi( 1576): loc_eng_report_position: valid mask = 0x606d, sess status = 1
01-10 18:06:54.088 D/RPC     ( 1576): written RPC packet size: [28]
01-10 18:06:54.438 D/RPC     ( 1576): read RPC packet
01-10 18:06:54.438 D/RPC     ( 1576): read RPC packet size: [272]
01-10 18:06:54.438 V/locapi_rpc_glue( 1576): Callback received: 4 (cb_id=0x6280000 handle=1)
01-10 18:06:54.438 V/locapi_rpc_glue( 1576): +loc_api_callback_process_sync_call
01-10 18:06:54.438 V/locapi_rpc_glue( 1576): -loc_api_callback_process_sync_call, no sync call in use
01-10 18:06:54.438 D/RPC     ( 1576): written RPC packet size: [28]
01-10 18:06:54.438 D/RPC     ( 1576): read RPC packet
01-10 18:06:54.438 D/RPC     ( 1576): read RPC packet size: [272]
01-10 18:06:54.438 V/locapi_rpc_glue( 1576): Callback received: 4 (cb_id=0x6280000 handle=1)
01-10 18:06:54.438 V/locapi_rpc_glue( 1576): +loc_api_callback_process_sync_call
01-10 18:06:54.438 V/locapi_rpc_glue( 1576): -loc_api_callback_process_sync_call, no sync call in use
01-10 18:06:54.438 D/RPC     ( 1576): written RPC packet size: [28]
01-10 18:06:54.438 D/RPC     ( 1576): read RPC packet
01-10 18:06:54.438 D/RPC     ( 1576): read RPC packet size: [272]
01-10 18:06:54.438 V/locapi_rpc_glue( 1576): Callback received: 4 (cb_id=0x6280000 handle=1)
01-10 18:06:54.438 V/locapi_rpc_glue( 1576): +loc_api_callback_process_sync_call
01-10 18:06:54.438 V/locapi_rpc_glue( 1576): -loc_api_callback_process_sync_call, no sync call in use
01-10 18:06:54.438 D/RPC     ( 1576): written RPC packet size: [28]
01-10 18:06:54.448 D/RPC     ( 1576): read RPC packet
01-10 18:06:54.448 D/RPC     ( 1576): read RPC packet size: [272]
01-10 18:06:54.448 V/locapi_rpc_glue( 1576): Callback received: 4 (cb_id=0x6280000 handle=1)
01-10 18:06:54.448 V/locapi_rpc_glue( 1576): +loc_api_callback_process_sync_call
01-10 18:06:54.448 V/locapi_rpc_glue( 1576): -loc_api_callback_process_sync_call, no sync call in use
01-10 18:06:54.448 D/RPC     ( 1576): written RPC packet size: [28]
01-10 18:06:54.448 D/RPC     ( 1576): read RPC packet
01-10 18:06:54.448 D/RPC     ( 1576): read RPC packet size: [96]
01-10 18:06:54.448 V/locapi_rpc_glue( 1576): Callback received: 2 (cb_id=0x6280000 handle=1)
01-10 18:06:54.448 V/locapi_rpc_glue( 1576): +loc_api_callback_process_sync_call
01-10 18:06:54.448 V/locapi_rpc_glue( 1576): -loc_api_callback_process_sync_call, no sync call in use
01-10 18:06:54.448 D/lib_locapi( 1576): loc_eng_report_sv: valid_mask = 0x30, num of sv = 0
01-10 18:06:54.448 D/GpsLocationProvider( 1576): reportSvStatus
01-10 18:06:54.448 V/GpsLocationProvider( 1576): SV count: 0 ephemerisMask: 0 almanacMask: 0
01-10 18:06:54.448 D/RPC     ( 1576): written RPC packet size: [28]
01-10 18:06:54.448 D/RPC     ( 1576): read RPC packet
01-10 18:06:54.448 D/RPC     ( 1576): read RPC packet size: [272]
01-10 18:06:54.448 V/locapi_rpc_glue( 1576): Callback received: 4 (cb_id=0x6280000 handle=1)
01-10 18:06:54.448 V/locapi_rpc_glue( 1576): +loc_api_callback_process_sync_call
01-10 18:06:54.448 V/locapi_rpc_glue( 1576): -loc_api_callback_process_sync_call, no sync call in use
01-10 18:06:54.448 D/RPC     ( 1576): written RPC packet size: [28]
01-10 18:06:54.448 D/RPC     ( 1576): read RPC packet
01-10 18:06:54.448 D/RPC     ( 1576): read RPC packet size: [272]
01-10 18:06:54.448 V/locapi_rpc_glue( 1576): Callback received: 4 (cb_id=0x6280000 handle=1)
01-10 18:06:54.448 V/locapi_rpc_glue( 1576): +loc_api_callback_process_sync_call
01-10 18:06:54.448 V/locapi_rpc_glue( 1576): -loc_api_callback_process_sync_call, no sync call in use
01-10 18:06:54.448 D/RPC     ( 1576): written RPC packet size: [28]
01-10 18:06:54.458 D/RPC     ( 1576): read RPC packet
01-10 18:06:54.458 D/RPC     ( 1576): read RPC packet size: [272]
01-10 18:06:54.458 V/locapi_rpc_glue( 1576): Callback received: 4 (cb_id=0x6280000 handle=1)
01-10 18:06:54.458 V/locapi_rpc_glue( 1576): +loc_api_callback_process_sync_call
01-10 18:06:54.458 V/locapi_rpc_glue( 1576): -loc_api_callback_process_sync_call, no sync call in use
01-10 18:06:54.458 D/RPC     ( 1576): written RPC packet size: [28]
01-10 18:06:54.458 D/RPC     ( 1576): read RPC packet
01-10 18:06:54.458 D/RPC     ( 1576): read RPC packet size: [272]
01-10 18:06:54.458 V/locapi_rpc_glue( 1576): Callback received: 4 (cb_id=0x6280000 handle=1)
01-10 18:06:54.458 V/locapi_rpc_glue( 1576): +loc_api_callback_process_sync_call
01-10 18:06:54.458 V/locapi_rpc_glue( 1576): -loc_api_callback_process_sync_call, no sync call in use
01-10 18:06:54.458 D/RPC     ( 1576): written RPC packet size: [28]
01-10 18:06:54.619 I/System.out( 2701): Values: 0.0 0.0
01-10 18:06:55.089 D/RPC     ( 1576): read RPC packet
01-10 18:06:55.089 D/RPC     ( 1576): read RPC packet size: [208]
01-10 18:06:55.089 V/locapi_rpc_glue( 1576): Callback received: 1 (cb_id=0x6280000 handle=1)
01-10 18:06:55.089 V/locapi_rpc_glue( 1576): +loc_api_callback_process_sync_call
01-10 18:06:55.089 V/locapi_rpc_glue( 1576): -loc_api_callback_process_sync_call, no sync call in use
01-10 18:06:55.089 D/lib_locapi( 1576): loc_eng_report_position: valid mask = 0x606d, sess status = 1
01-10 18:06:55.089 D/RPC     ( 1576): written RPC packet size: [28]
01-10 18:06:55.439 D/RPC     ( 1576): read RPC packet
01-10 18:06:55.439 D/RPC     ( 1576): read RPC packet size: [272]
01-10 18:06:55.439 V/locapi_rpc_glue( 1576): Callback received: 4 (cb_id=0x6280000 handle=1)
01-10 18:06:55.439 V/locapi_rpc_glue( 1576): +loc_api_callback_process_sync_call
01-10 18:06:55.439 V/locapi_rpc_glue( 1576): -loc_api_callback_process_sync_call, no sync call in use
01-10 18:06:55.439 D/RPC     ( 1576): written RPC packet size: [28]
01-10 18:06:55.439 D/RPC     ( 1576): read RPC packet
01-10 18:06:55.449 D/RPC     ( 1576): read RPC packet size: [272]
01-10 18:06:55.449 V/locapi_rpc_glue( 1576): Callback received: 4 (cb_id=0x6280000 handle=1)
01-10 18:06:55.449 V/locapi_rpc_glue( 1576): +loc_api_callback_process_sync_call
01-10 18:06:55.449 V/locapi_rpc_glue( 1576): -loc_api_callback_process_sync_call, no sync call in use
01-10 18:06:55.449 D/RPC     ( 1576): written RPC packet size: [28]
01-10 18:06:55.449 D/RPC     ( 1576): read RPC packet
01-10 18:06:55.449 D/RPC     ( 1576): read RPC packet size: [272]
01-10 18:06:55.449 V/locapi_rpc_glue( 1576): Callback received: 4 (cb_id=0x6280000 handle=1)
01-10 18:06:55.449 V/locapi_rpc_glue( 1576): +loc_api_callback_process_sync_call
01-10 18:06:55.449 V/locapi_rpc_glue( 1576): -loc_api_callback_process_sync_call, no sync call in use
01-10 18:06:55.449 D/RPC     ( 1576): written RPC packet size: [28]
01-10 18:06:55.449 D/RPC     ( 1576): read RPC packet
01-10 18:06:55.449 D/RPC     ( 1576): read RPC packet size: [272]
01-10 18:06:55.449 V/locapi_rpc_glue( 1576): Callback received: 4 (cb_id=0x6280000 handle=1)
01-10 18:06:55.449 V/locapi_rpc_glue( 1576): +loc_api_callback_process_sync_call
01-10 18:06:55.449 V/locapi_rpc_glue( 1576): -loc_api_callback_process_sync_call, no sync call in use
01-10 18:06:55.449 D/RPC     ( 1576): written RPC packet size: [28]
01-10 18:06:55.449 D/RPC     ( 1576): read RPC packet
01-10 18:06:55.449 D/RPC     ( 1576): read RPC packet size: [96]
01-10 18:06:55.449 V/locapi_rpc_glue( 1576): Callback received: 2 (cb_id=0x6280000 handle=1)
01-10 18:06:55.449 V/locapi_rpc_glue( 1576): +loc_api_callback_process_sync_call
01-10 18:06:55.449 V/locapi_rpc_glue( 1576): -loc_api_callback_process_sync_call, no sync call in use
01-10 18:06:55.449 D/lib_locapi( 1576): loc_eng_report_sv: valid_mask = 0x30, num of sv = 0
01-10 18:06:55.449 D/GpsLocationProvider( 1576): reportSvStatus
01-10 18:06:55.449 V/GpsLocationProvider( 1576): SV count: 0 ephemerisMask: 0 almanacMask: 0
01-10 18:06:55.459 D/RPC     ( 1576): written RPC packet size: [28]
01-10 18:06:55.459 D/RPC     ( 1576): read RPC packet
01-10 18:06:55.459 D/RPC     ( 1576): read RPC packet size: [272]
01-10 18:06:55.459 V/locapi_rpc_glue( 1576): Callback received: 4 (cb_id=0x6280000 handle=1)
01-10 18:06:55.459 V/locapi_rpc_glue( 1576): +loc_api_callback_process_sync_call
01-10 18:06:55.459 V/locapi_rpc_glue( 1576): -loc_api_callback_process_sync_call, no sync call in use
01-10 18:06:55.459 D/RPC     ( 1576): written RPC packet size: [28]
01-10 18:06:55.469 D/RPC     ( 1576): read RPC packet
01-10 18:06:55.469 D/RPC     ( 1576): read RPC packet size: [272]
01-10 18:06:55.469 V/locapi_rpc_glue( 1576): Callback received: 4 (cb_id=0x6280000 handle=1)
01-10 18:06:55.469 V/locapi_rpc_glue( 1576): +loc_api_callback_process_sync_call
01-10 18:06:55.469 V/locapi_rpc_glue( 1576): -loc_api_callback_process_sync_call, no sync call in use
01-10 18:06:55.469 D/RPC     ( 1576): written RPC packet size: [28]
01-10 18:06:55.469 D/RPC     ( 1576): read RPC packet
01-10 18:06:55.469 D/RPC     ( 1576): read RPC packet size: [272]
01-10 18:06:55.469 V/locapi_rpc_glue( 1576): Callback received: 4 (cb_id=0x6280000 handle=1)
01-10 18:06:55.469 V/locapi_rpc_glue( 1576): +loc_api_callback_process_sync_call
01-10 18:06:55.469 V/locapi_rpc_glue( 1576): -loc_api_callback_process_sync_call, no sync call in use
01-10 18:06:55.469 D/RPC     ( 1576): written RPC packet size: [28]
01-10 18:06:55.479 D/RPC     ( 1576): read RPC packet
01-10 18:06:55.479 D/RPC     ( 1576): read RPC packet size: [272]
01-10 18:06:55.479 V/locapi_rpc_glue( 1576): Callback received: 4 (cb_id=0x6280000 handle=1)
01-10 18:06:55.479 V/locapi_rpc_glue( 1576): +loc_api_callback_process_sync_call
01-10 18:06:55.479 V/locapi_rpc_glue( 1576): -loc_api_callback_process_sync_call, no sync call in use
01-10 18:06:55.479 D/RPC     ( 1576): written RPC packet size: [28]
01-10 18:06:55.530 D/SurfaceFlinger( 1438): virtual void android::Layer::onRemoved(): lcblk (identity=19, status=0, token=1)
01-10 18:06:55.620 I/System.out( 2701): Values: 0.0 0.0
01-10 18:06:56.090 D/RPC     ( 1576): read RPC packet
01-10 18:06:56.090 D/RPC     ( 1576): read RPC packet size: [208]
01-10 18:06:56.090 V/locapi_rpc_glue( 1576): Callback received: 1 (cb_id=0x6280000 handle=1)
01-10 18:06:56.090 V/locapi_rpc_glue( 1576): +loc_api_callback_process_sync_call
01-10 18:06:56.090 V/locapi_rpc_glue( 1576): -loc_api_callback_process_sync_call, no sync call in use
01-10 18:06:56.090 D/lib_locapi( 1576): loc_eng_report_position: valid mask = 0x606d, sess status = 1
01-10 18:06:56.090 D/RPC     ( 1576): written RPC packet size: [28]
01-10 18:06:56.440 D/RPC     ( 1576): read RPC packet
01-10 18:06:56.440 D/RPC     ( 1576): read RPC packet size: [272]
01-10 18:06:56.440 V/locapi_rpc_glue( 1576): Callback received: 4 (cb_id=0x6280000 handle=1)
01-10 18:06:56.440 V/locapi_rpc_glue( 1576): +loc_api_callback_process_sync_call
01-10 18:06:56.440 V/locapi_rpc_glue( 1576): -loc_api_callback_process_sync_call, no sync call in use
01-10 18:06:56.440 D/RPC     ( 1576): written RPC packet size: [28]
01-10 18:06:56.440 D/RPC     ( 1576): read RPC packet
01-10 18:06:56.440 D/RPC     ( 1576): read RPC packet size: [272]
01-10 18:06:56.440 V/locapi_rpc_glue( 1576): Callback received: 4 (cb_id=0x6280000 handle=1)
01-10 18:06:56.440 V/locapi_rpc_glue( 1576): +loc_api_callback_process_sync_call
01-10 18:06:56.440 V/locapi_rpc_glue( 1576): -loc_api_callback_process_sync_call, no sync call in use
01-10 18:06:56.440 D/RPC     ( 1576): written RPC packet size: [28]
01-10 18:06:56.440 D/RPC     ( 1576): read RPC packet
01-10 18:06:56.440 D/RPC     ( 1576): read RPC packet size: [272]
01-10 18:06:56.440 V/locapi_rpc_glue( 1576): Callback received: 4 (cb_id=0x6280000 handle=1)
01-10 18:06:56.440 V/locapi_rpc_glue( 1576): +loc_api_callback_process_sync_call
01-10 18:06:56.440 V/locapi_rpc_glue( 1576): -loc_api_callback_process_sync_call, no sync call in use
01-10 18:06:56.440 D/RPC     ( 1576): written RPC packet size: [28]
01-10 18:06:56.450 D/RPC     ( 1576): read RPC packet
01-10 18:06:56.450 D/RPC     ( 1576): read RPC packet size: [272]
01-10 18:06:56.450 V/locapi_rpc_glue( 1576): Callback received: 4 (cb_id=0x6280000 handle=1)
01-10 18:06:56.450 V/locapi_rpc_glue( 1576): +loc_api_callback_process_sync_call
01-10 18:06:56.450 V/locapi_rpc_glue( 1576): -loc_api_callback_process_sync_call, no sync call in use
01-10 18:06:56.450 D/RPC     ( 1576): written RPC packet size: [28]
01-10 18:06:56.450 D/RPC     ( 1576): read RPC packet
01-10 18:06:56.450 D/RPC     ( 1576): read RPC packet size: [96]
01-10 18:06:56.450 V/locapi_rpc_glue( 1576): Callback received: 2 (cb_id=0x6280000 handle=1)
01-10 18:06:56.450 V/locapi_rpc_glue( 1576): +loc_api_callback_process_sync_call
01-10 18:06:56.460 V/locapi_rpc_glue( 1576): -loc_api_callback_process_sync_call, no sync call in use
01-10 18:06:56.460 D/lib_locapi( 1576): loc_eng_report_sv: valid_mask = 0x30, num of sv = 0
01-10 18:06:56.460 D/GpsLocationProvider( 1576): reportSvStatus
01-10 18:06:56.460 V/GpsLocationProvider( 1576): SV count: 0 ephemerisMask: 0 almanacMask: 0
01-10 18:06:56.460 D/RPC     ( 1576): written RPC packet size: [28]
01-10 18:06:56.460 D/RPC     ( 1576): read RPC packet
01-10 18:06:56.460 D/RPC     ( 1576): read RPC packet size: [272]
01-10 18:06:56.460 V/locapi_rpc_glue( 1576): Callback received: 4 (cb_id=0x6280000 handle=1)
01-10 18:06:56.460 V/locapi_rpc_glue( 1576): +loc_api_callback_process_sync_call
01-10 18:06:56.460 V/locapi_rpc_glue( 1576): -loc_api_callback_process_sync_call, no sync call in use
01-10 18:06:56.460 D/RPC     ( 1576): written RPC packet size: [28]
01-10 18:06:56.480 D/RPC     ( 1576): read RPC packet
01-10 18:06:56.480 D/RPC     ( 1576): read RPC packet size: [272]
01-10 18:06:56.480 V/locapi_rpc_glue( 1576): Callback received: 4 (cb_id=0x6280000 handle=1)
01-10 18:06:56.480 V/locapi_rpc_glue( 1576): +loc_api_callback_process_sync_call
01-10 18:06:56.480 V/locapi_rpc_glue( 1576): -loc_api_callback_process_sync_call, no sync call in use
01-10 18:06:56.480 D/RPC     ( 1576): written RPC packet size: [28]
01-10 18:06:56.480 D/RPC     ( 1576): read RPC packet
01-10 18:06:56.480 D/RPC     ( 1576): read RPC packet size: [272]
01-10 18:06:56.480 V/locapi_rpc_glue( 1576): Callback received: 4 (cb_id=0x6280000 handle=1)
01-10 18:06:56.480 V/locapi_rpc_glue( 1576): +loc_api_callback_process_sync_call
01-10 18:06:56.480 V/locapi_rpc_glue( 1576): -loc_api_callback_process_sync_call, no sync call in use
01-10 18:06:56.480 D/RPC     ( 1576): written RPC packet size: [28]
01-10 18:06:56.480 D/RPC     ( 1576): read RPC packet
01-10 18:06:56.480 D/RPC     ( 1576): read RPC packet size: [272]
01-10 18:06:56.480 V/locapi_rpc_glue( 1576): Callback received: 4 (cb_id=0x6280000 handle=1)
01-10 18:06:56.480 V/locapi_rpc_glue( 1576): +loc_api_callback_process_sync_call
01-10 18:06:56.480 V/locapi_rpc_glue( 1576): -loc_api_callback_process_sync_call, no sync call in use
01-10 18:06:56.480 D/RPC     ( 1576): written RPC packet size: [28]
01-10 18:06:56.621 I/System.out( 2701): Values: 0.0 0.0
01-10 18:06:57.091 D/RPC     ( 1576): read RPC packet
01-10 18:06:57.091 D/RPC     ( 1576): read RPC packet size: [208]
01-10 18:06:57.091 V/locapi_rpc_glue( 1576): Callback received: 1 (cb_id=0x6280000 handle=1)
01-10 18:06:57.091 V/locapi_rpc_glue( 1576): +loc_api_callback_process_sync_call
01-10 18:06:57.091 V/locapi_rpc_glue( 1576): -loc_api_callback_process_sync_call, no sync call in use
01-10 18:06:57.091 D/lib_locapi( 1576): loc_eng_report_position: valid mask = 0x606d, sess status = 1
01-10 18:06:57.091 D/RPC     ( 1576): written RPC packet size: [28]
01-10 18:06:57.441 D/RPC     ( 1576): read RPC packet
01-10 18:06:57.441 D/RPC     ( 1576): read RPC packet size: [272]
01-10 18:06:57.441 V/locapi_rpc_glue( 1576): Callback received: 4 (cb_id=0x6280000 handle=1)
01-10 18:06:57.441 V/locapi_rpc_glue( 1576): +loc_api_callback_process_sync_call
01-10 18:06:57.441 V/locapi_rpc_glue( 1576): -loc_api_callback_process_sync_call, no sync call in use
01-10 18:06:57.441 D/RPC     ( 1576): written RPC packet size: [28]
01-10 18:06:57.441 D/RPC     ( 1576): read RPC packet
01-10 18:06:57.441 D/RPC     ( 1576): read RPC packet size: [272]
01-10 18:06:57.441 V/locapi_rpc_glue( 1576): Callback received: 4 (cb_id=0x6280000 handle=1)
01-10 18:06:57.441 V/locapi_rpc_glue( 1576): +loc_api_callback_process_sync_call
01-10 18:06:57.441 V/locapi_rpc_glue( 1576): -loc_api_callback_process_sync_call, no sync call in use
01-10 18:06:57.441 D/RPC     ( 1576): written RPC packet size: [28]
01-10 18:06:57.441 D/RPC     ( 1576): read RPC packet
01-10 18:06:57.441 D/RPC     ( 1576): read RPC packet size: [272]
01-10 18:06:57.441 V/locapi_rpc_glue( 1576): Callback received: 4 (cb_id=0x6280000 handle=1)
01-10 18:06:57.441 V/locapi_rpc_glue( 1576): +loc_api_callback_process_sync_call
01-10 18:06:57.441 V/locapi_rpc_glue( 1576): -loc_api_callback_process_sync_call, no sync call in use
01-10 18:06:57.451 D/RPC     ( 1576): written RPC packet size: [28]
01-10 18:06:57.451 D/RPC     ( 1576): read RPC packet
01-10 18:06:57.451 D/RPC     ( 1576): read RPC packet size: [272]
01-10 18:06:57.451 V/locapi_rpc_glue( 1576): Callback received: 4 (cb_id=0x6280000 handle=1)
01-10 18:06:57.451 V/locapi_rpc_glue( 1576): +loc_api_callback_process_sync_call
01-10 18:06:57.451 V/locapi_rpc_glue( 1576): -loc_api_callback_process_sync_call, no sync call in use
01-10 18:06:57.451 D/RPC     ( 1576): written RPC packet size: [28]
01-10 18:06:57.451 D/RPC     ( 1576): read RPC packet
01-10 18:06:57.451 D/RPC     ( 1576): read RPC packet size: [96]
01-10 18:06:57.451 V/locapi_rpc_glue( 1576): Callback received: 2 (cb_id=0x6280000 handle=1)
01-10 18:06:57.461 V/locapi_rpc_glue( 1576): +loc_api_callback_process_sync_call
01-10 18:06:57.461 V/locapi_rpc_glue( 1576): -loc_api_callback_process_sync_call, no sync call in use
01-10 18:06:57.461 D/lib_locapi( 1576): loc_eng_report_sv: valid_mask = 0x30, num of sv = 0
01-10 18:06:57.461 D/GpsLocationProvider( 1576): reportSvStatus
01-10 18:06:57.461 V/GpsLocationProvider( 1576): SV count: 0 ephemerisMask: 0 almanacMask: 0
01-10 18:06:57.461 D/RPC     ( 1576): written RPC packet size: [28]
01-10 18:06:57.461 D/RPC     ( 1576): read RPC packet
01-10 18:06:57.461 D/RPC     ( 1576): read RPC packet size: [272]
01-10 18:06:57.461 V/locapi_rpc_glue( 1576): Callback received: 4 (cb_id=0x6280000 handle=1)
01-10 18:06:57.461 V/locapi_rpc_glue( 1576): +loc_api_callback_process_sync_call
01-10 18:06:57.461 V/locapi_rpc_glue( 1576): -loc_api_callback_process_sync_call, no sync call in use
01-10 18:06:57.461 D/RPC     ( 1576): written RPC packet size: [28]
01-10 18:06:57.471 D/RPC     ( 1576): read RPC packet
01-10 18:06:57.471 D/RPC     ( 1576): read RPC packet size: [272]
01-10 18:06:57.471 V/locapi_rpc_glue( 1576): Callback received: 4 (cb_id=0x6280000 handle=1)
01-10 18:06:57.471 V/locapi_rpc_glue( 1576): +loc_api_callback_process_sync_call
01-10 18:06:57.471 V/locapi_rpc_glue( 1576): -loc_api_callback_process_sync_call, no sync call in use
01-10 18:06:57.471 D/RPC     ( 1576): written RPC packet size: [28]
01-10 18:06:57.471 D/RPC     ( 1576): read RPC packet
01-10 18:06:57.471 D/RPC     ( 1576): read RPC packet size: [272]
01-10 18:06:57.481 V/locapi_rpc_glue( 1576): Callback received: 4 (cb_id=0x6280000 handle=1)
01-10 18:06:57.481 V/locapi_rpc_glue( 1576): +loc_api_callback_process_sync_call
01-10 18:06:57.481 V/locapi_rpc_glue( 1576): -loc_api_callback_process_sync_call, no sync call in use
01-10 18:06:57.481 D/RPC     ( 1576): written RPC packet size: [28]
01-10 18:06:57.481 D/RPC     ( 1576): read RPC packet
01-10 18:06:57.481 D/RPC     ( 1576): read RPC packet size: [272]
01-10 18:06:57.481 V/locapi_rpc_glue( 1576): Callback received: 4 (cb_id=0x6280000 handle=1)
01-10 18:06:57.481 V/locapi_rpc_glue( 1576): +loc_api_callback_process_sync_call
01-10 18:06:57.481 V/locapi_rpc_glue( 1576): -loc_api_callback_process_sync_call, no sync call in use
01-10 18:06:57.481 D/RPC     ( 1576): written RPC packet size: [28]
01-10 18:06:57.622 I/System.out( 2701): Values: 0.0 0.0
01-10 18:06:58.092 D/RPC     ( 1576): read RPC packet
01-10 18:06:58.092 D/RPC     ( 1576): read RPC packet size: [208]
01-10 18:06:58.092 V/locapi_rpc_glue( 1576): Callback received: 1 (cb_id=0x6280000 handle=1)
01-10 18:06:58.092 V/locapi_rpc_glue( 1576): +loc_api_callback_process_sync_call
01-10 18:06:58.092 V/locapi_rpc_glue( 1576): -loc_api_callback_process_sync_call, no sync call in use
01-10 18:06:58.092 D/lib_locapi( 1576): loc_eng_report_position: valid mask = 0x606d, sess status = 1
01-10 18:06:58.092 D/RPC     ( 1576): written RPC packet size: [28]
01-10 18:06:58.442 D/RPC     ( 1576): read RPC packet
01-10 18:06:58.442 D/RPC     ( 1576): read RPC packet size: [272]
01-10 18:06:58.442 V/locapi_rpc_glue( 1576): Callback received: 4 (cb_id=0x6280000 handle=1)
01-10 18:06:58.442 V/locapi_rpc_glue( 1576): +loc_api_callback_process_sync_call
01-10 18:06:58.442 V/locapi_rpc_glue( 1576): -loc_api_callback_process_sync_call, no sync call in use
01-10 18:06:58.442 D/RPC     ( 1576): written RPC packet size: [28]
01-10 18:06:58.442 D/RPC     ( 1576): read RPC packet
01-10 18:06:58.442 D/RPC     ( 1576): read RPC packet size: [272]
01-10 18:06:58.442 V/locapi_rpc_glue( 1576): Callback received: 4 (cb_id=0x6280000 handle=1)
01-10 18:06:58.442 V/locapi_rpc_glue( 1576): +loc_api_callback_process_sync_call
01-10 18:06:58.442 V/locapi_rpc_glue( 1576): -loc_api_callback_process_sync_call, no sync call in use
01-10 18:06:58.442 D/RPC     ( 1576): written RPC packet size: [28]
01-10 18:06:58.442 D/RPC     ( 1576): read RPC packet
01-10 18:06:58.442 D/RPC     ( 1576): read RPC packet size: [272]
01-10 18:06:58.442 V/locapi_rpc_glue( 1576): Callback received: 4 (cb_id=0x6280000 handle=1)
01-10 18:06:58.442 V/locapi_rpc_glue( 1576): +loc_api_callback_process_sync_call
01-10 18:06:58.442 V/locapi_rpc_glue( 1576): -loc_api_callback_process_sync_call, no sync call in use
01-10 18:06:58.452 D/RPC     ( 1576): written RPC packet size: [28]
01-10 18:06:58.452 D/RPC     ( 1576): read RPC packet
01-10 18:06:58.452 D/RPC     ( 1576): read RPC packet size: [272]
01-10 18:06:58.452 V/locapi_rpc_glue( 1576): Callback received: 4 (cb_id=0x6280000 handle=1)
01-10 18:06:58.452 V/locapi_rpc_glue( 1576): +loc_api_callback_process_sync_call
01-10 18:06:58.452 V/locapi_rpc_glue( 1576): -loc_api_callback_process_sync_call, no sync call in use
01-10 18:06:58.452 D/RPC     ( 1576): written RPC packet size: [28]
01-10 18:06:58.452 D/RPC     ( 1576): read RPC packet
01-10 18:06:58.452 D/RPC     ( 1576): read RPC packet size: [96]
01-10 18:06:58.462 V/locapi_rpc_glue( 1576): Callback received: 2 (cb_id=0x6280000 handle=1)
01-10 18:06:58.462 V/locapi_rpc_glue( 1576): +loc_api_callback_process_sync_call
01-10 18:06:58.462 V/locapi_rpc_glue( 1576): -loc_api_callback_process_sync_call, no sync call in use
01-10 18:06:58.462 D/lib_locapi( 1576): loc_eng_report_sv: valid_mask = 0x30, num of sv = 0
01-10 18:06:58.462 D/GpsLocationProvider( 1576): reportSvStatus
01-10 18:06:58.462 V/GpsLocationProvider( 1576): SV count: 0 ephemerisMask: 0 almanacMask: 0
01-10 18:06:58.462 D/RPC     ( 1576): written RPC packet size: [28]
01-10 18:06:58.462 D/RPC     ( 1576): read RPC packet
01-10 18:06:58.462 D/RPC     ( 1576): read RPC packet size: [272]
01-10 18:06:58.462 V/locapi_rpc_glue( 1576): Callback received: 4 (cb_id=0x6280000 handle=1)
01-10 18:06:58.462 V/locapi_rpc_glue( 1576): +loc_api_callback_process_sync_call
01-10 18:06:58.472 V/locapi_rpc_glue( 1576): -loc_api_callback_process_sync_call, no sync call in use
01-10 18:06:58.472 D/RPC     ( 1576): written RPC packet size: [28]
01-10 18:06:58.472 D/RPC     ( 1576): read RPC packet
01-10 18:06:58.472 D/RPC     ( 1576): read RPC packet size: [272]
01-10 18:06:58.472 V/locapi_rpc_glue( 1576): Callback received: 4 (cb_id=0x6280000 handle=1)
01-10 18:06:58.472 V/locapi_rpc_glue( 1576): +loc_api_callback_process_sync_call
01-10 18:06:58.472 V/locapi_rpc_glue( 1576): -loc_api_callback_process_sync_call, no sync call in use
01-10 18:06:58.472 D/RPC     ( 1576): written RPC packet size: [28]
01-10 18:06:58.472 D/RPC     ( 1576): read RPC packet
01-10 18:06:58.482 D/RPC     ( 1576): read RPC packet size: [272]
01-10 18:06:58.482 V/locapi_rpc_glue( 1576): Callback received: 4 (cb_id=0x6280000 handle=1)
01-10 18:06:58.482 V/locapi_rpc_glue( 1576): +loc_api_callback_process_sync_call
01-10 18:06:58.482 V/locapi_rpc_glue( 1576): -loc_api_callback_process_sync_call, no sync call in use
01-10 18:06:58.482 D/RPC     ( 1576): written RPC packet size: [28]
01-10 18:06:58.482 D/RPC     ( 1576): read RPC packet
01-10 18:06:58.482 D/RPC     ( 1576): read RPC packet size: [272]
01-10 18:06:58.482 V/locapi_rpc_glue( 1576): Callback received: 4 (cb_id=0x6280000 handle=1)
01-10 18:06:58.482 V/locapi_rpc_glue( 1576): +loc_api_callback_process_sync_call
01-10 18:06:58.482 V/locapi_rpc_glue( 1576): -loc_api_callback_process_sync_call, no sync call in use
01-10 18:06:58.492 D/RPC     ( 1576): written RPC packet size: [28]
01-10 18:06:58.623 I/System.out( 2701): Values: 0.0 0.0
01-10 18:06:59.093 D/RPC     ( 1576): read RPC packet
01-10 18:06:59.093 D/RPC     ( 1576): read RPC packet size: [208]
01-10 18:06:59.093 V/locapi_rpc_glue( 1576): Callback received: 1 (cb_id=0x6280000 handle=1)
01-10 18:06:59.093 V/locapi_rpc_glue( 1576): +loc_api_callback_process_sync_call
01-10 18:06:59.093 V/locapi_rpc_glue( 1576): -loc_api_callback_process_sync_call, no sync call in use
01-10 18:06:59.093 D/lib_locapi( 1576): loc_eng_report_position: valid mask = 0x606d, sess status = 1
01-10 18:06:59.093 D/RPC     ( 1576): written RPC packet size: [28]
01-10 18:06:59.443 D/RPC     ( 1576): read RPC packet
01-10 18:06:59.443 D/RPC     ( 1576): read RPC packet size: [272]
01-10 18:06:59.443 V/locapi_rpc_glue( 1576): Callback received: 4 (cb_id=0x6280000 handle=1)
01-10 18:06:59.443 V/locapi_rpc_glue( 1576): +loc_api_callback_process_sync_call
01-10 18:06:59.443 V/locapi_rpc_glue( 1576): -loc_api_callback_process_sync_call, no sync call in use
01-10 18:06:59.443 D/RPC     ( 1576): written RPC packet size: [28]
01-10 18:06:59.443 D/RPC     ( 1576): read RPC packet
01-10 18:06:59.443 D/RPC     ( 1576): read RPC packet size: [272]
01-10 18:06:59.443 V/locapi_rpc_glue( 1576): Callback received: 4 (cb_id=0x6280000 handle=1)
01-10 18:06:59.443 V/locapi_rpc_glue( 1576): +loc_api_callback_process_sync_call
01-10 18:06:59.443 V/locapi_rpc_glue( 1576): -loc_api_callback_process_sync_call, no sync call in use
01-10 18:06:59.443 D/RPC     ( 1576): written RPC packet size: [28]
01-10 18:06:59.443 D/RPC     ( 1576): read RPC packet
01-10 18:06:59.443 D/RPC     ( 1576): read RPC packet size: [272]
01-10 18:06:59.443 V/locapi_rpc_glue( 1576): Callback received: 4 (cb_id=0x6280000 handle=1)
01-10 18:06:59.443 V/locapi_rpc_glue( 1576): +loc_api_callback_process_sync_call
01-10 18:06:59.453 V/locapi_rpc_glue( 1576): -loc_api_callback_process_sync_call, no sync call in use
01-10 18:06:59.453 D/RPC     ( 1576): written RPC packet size: [28]
01-10 18:06:59.453 D/RPC     ( 1576): read RPC packet
01-10 18:06:59.453 D/RPC     ( 1576): read RPC packet size: [272]
01-10 18:06:59.453 V/locapi_rpc_glue( 1576): Callback received: 4 (cb_id=0x6280000 handle=1)
01-10 18:06:59.453 V/locapi_rpc_glue( 1576): +loc_api_callback_process_sync_call
01-10 18:06:59.453 V/locapi_rpc_glue( 1576): -loc_api_callback_process_sync_call, no sync call in use
01-10 18:06:59.453 D/RPC     ( 1576): written RPC packet size: [28]
01-10 18:06:59.463 D/RPC     ( 1576): read RPC packet
01-10 18:06:59.463 D/RPC     ( 1576): read RPC packet size: [96]
01-10 18:06:59.463 V/locapi_rpc_glue( 1576): Callback received: 2 (cb_id=0x6280000 handle=1)
01-10 18:06:59.463 V/locapi_rpc_glue( 1576): +loc_api_callback_process_sync_call
01-10 18:06:59.463 V/locapi_rpc_glue( 1576): -loc_api_callback_process_sync_call, no sync call in use
01-10 18:06:59.463 D/lib_locapi( 1576): loc_eng_report_sv: valid_mask = 0x30, num of sv = 0
01-10 18:06:59.463 D/GpsLocationProvider( 1576): reportSvStatus
01-10 18:06:59.463 V/GpsLocationProvider( 1576): SV count: 0 ephemerisMask: 0 almanacMask: 0
01-10 18:06:59.463 D/RPC     ( 1576): written RPC packet size: [28]
01-10 18:06:59.473 D/RPC     ( 1576): read RPC packet
01-10 18:06:59.473 D/RPC     ( 1576): read RPC packet size: [272]
01-10 18:06:59.473 V/locapi_rpc_glue( 1576): Callback received: 4 (cb_id=0x6280000 handle=1)
01-10 18:06:59.473 V/locapi_rpc_glue( 1576): +loc_api_callback_process_sync_call
01-10 18:06:59.473 V/locapi_rpc_glue( 1576): -loc_api_callback_process_sync_call, no sync call in use
01-10 18:06:59.473 D/RPC     ( 1576): written RPC packet size: [28]
01-10 18:06:59.473 D/RPC     ( 1576): read RPC packet
01-10 18:06:59.483 D/RPC     ( 1576): read RPC packet size: [272]
01-10 18:06:59.483 V/locapi_rpc_glue( 1576): Callback received: 4 (cb_id=0x6280000 handle=1)
01-10 18:06:59.483 V/locapi_rpc_glue( 1576): +loc_api_callback_process_sync_call
01-10 18:06:59.483 V/locapi_rpc_glue( 1576): -loc_api_callback_process_sync_call, no sync call in use
01-10 18:06:59.483 D/RPC     ( 1576): written RPC packet size: [28]
01-10 18:06:59.483 D/RPC     ( 1576): read RPC packet
01-10 18:06:59.483 D/RPC     ( 1576): read RPC packet size: [272]
01-10 18:06:59.483 V/locapi_rpc_glue( 1576): Callback received: 4 (cb_id=0x6280000 handle=1)
01-10 18:06:59.493 V/locapi_rpc_glue( 1576): +loc_api_callback_process_sync_call
01-10 18:06:59.493 V/locapi_rpc_glue( 1576): -loc_api_callback_process_sync_call, no sync call in use
01-10 18:06:59.493 D/RPC     ( 1576): written RPC packet size: [28]
01-10 18:06:59.493 D/RPC     ( 1576): read RPC packet
01-10 18:06:59.493 D/RPC     ( 1576): read RPC packet size: [272]
01-10 18:06:59.493 V/locapi_rpc_glue( 1576): Callback received: 4 (cb_id=0x6280000 handle=1)
01-10 18:06:59.493 V/locapi_rpc_glue( 1576): +loc_api_callback_process_sync_call
01-10 18:06:59.493 V/locapi_rpc_glue( 1576): -loc_api_callback_process_sync_call, no sync call in use
01-10 18:06:59.493 D/RPC     ( 1576): written RPC packet size: [28]
01-10 18:06:59.623 I/System.out( 2701): Values: 0.0 0.0
01-10 18:07:00.094 D/RPC     ( 1576): read RPC packet
01-10 18:07:00.094 D/RPC     ( 1576): read RPC packet size: [208]
01-10 18:07:00.094 V/locapi_rpc_glue( 1576): Callback received: 1 (cb_id=0x6280000 handle=1)
01-10 18:07:00.094 V/locapi_rpc_glue( 1576): +loc_api_callback_process_sync_call
01-10 18:07:00.094 V/locapi_rpc_glue( 1576): -loc_api_callback_process_sync_call, no sync call in use
01-10 18:07:00.094 D/lib_locapi( 1576): loc_eng_report_position: valid mask = 0x606d, sess status = 1
01-10 18:07:00.094 D/RPC     ( 1576): written RPC packet size: [28]
01-10 18:07:00.434 D/RPC     ( 1576): read RPC packet
01-10 18:07:00.434 D/RPC     ( 1576): read RPC packet size: [272]
01-10 18:07:00.434 V/locapi_rpc_glue( 1576): Callback received: 4 (cb_id=0x6280000 handle=1)
01-10 18:07:00.434 V/locapi_rpc_glue( 1576): +loc_api_callback_process_sync_call
01-10 18:07:00.434 V/locapi_rpc_glue( 1576): -loc_api_callback_process_sync_call, no sync call in use
01-10 18:07:00.434 D/RPC     ( 1576): written RPC packet size: [28]
01-10 18:07:00.444 D/RPC     ( 1576): read RPC packet
01-10 18:07:00.444 D/RPC     ( 1576): read RPC packet size: [272]
01-10 18:07:00.444 V/locapi_rpc_glue( 1576): Callback received: 4 (cb_id=0x6280000 handle=1)
01-10 18:07:00.444 V/locapi_rpc_glue( 1576): +loc_api_callback_process_sync_call
01-10 18:07:00.444 V/locapi_rpc_glue( 1576): -loc_api_callback_process_sync_call, no sync call in use
01-10 18:07:00.444 D/RPC     ( 1576): written RPC packet size: [28]
01-10 18:07:00.444 D/RPC     ( 1576): read RPC packet
01-10 18:07:00.444 D/RPC     ( 1576): read RPC packet size: [272]
01-10 18:07:00.444 V/locapi_rpc_glue( 1576): Callback received: 4 (cb_id=0x6280000 handle=1)
01-10 18:07:00.444 V/locapi_rpc_glue( 1576): +loc_api_callback_process_sync_call
01-10 18:07:00.454 V/locapi_rpc_glue( 1576): -loc_api_callback_process_sync_call, no sync call in use
01-10 18:07:00.454 D/RPC     ( 1576): written RPC packet size: [28]
01-10 18:07:00.454 D/RPC     ( 1576): read RPC packet
01-10 18:07:00.454 D/RPC     ( 1576): read RPC packet size: [272]
01-10 18:07:00.454 V/locapi_rpc_glue( 1576): Callback received: 4 (cb_id=0x6280000 handle=1)
01-10 18:07:00.454 V/locapi_rpc_glue( 1576): +loc_api_callback_process_sync_call
01-10 18:07:00.454 V/locapi_rpc_glue( 1576): -loc_api_callback_process_sync_call, no sync call in use
01-10 18:07:00.454 D/RPC     ( 1576): written RPC packet size: [28]
01-10 18:07:00.464 D/RPC     ( 1576): read RPC packet
01-10 18:07:00.464 D/RPC     ( 1576): read RPC packet size: [96]
01-10 18:07:00.464 V/locapi_rpc_glue( 1576): Callback received: 2 (cb_id=0x6280000 handle=1)
01-10 18:07:00.464 V/locapi_rpc_glue( 1576): +loc_api_callback_process_sync_call
01-10 18:07:00.464 V/locapi_rpc_glue( 1576): -loc_api_callback_process_sync_call, no sync call in use
01-10 18:07:00.464 D/lib_locapi( 1576): loc_eng_report_sv: valid_mask = 0x30, num of sv = 0
01-10 18:07:00.464 D/GpsLocationProvider( 1576): reportSvStatus
01-10 18:07:00.464 V/GpsLocationProvider( 1576): SV count: 0 ephemerisMask: 0 almanacMask: 0
01-10 18:07:00.464 D/RPC     ( 1576): written RPC packet size: [28]
01-10 18:07:00.474 D/RPC     ( 1576): read RPC packet
01-10 18:07:00.474 D/RPC     ( 1576): read RPC packet size: [272]
01-10 18:07:00.474 V/locapi_rpc_glue( 1576): Callback received: 4 (cb_id=0x6280000 handle=1)
01-10 18:07:00.474 V/locapi_rpc_glue( 1576): +loc_api_callback_process_sync_call
01-10 18:07:00.474 V/locapi_rpc_glue( 1576): -loc_api_callback_process_sync_call, no sync call in use
01-10 18:07:00.474 D/RPC     ( 1576): written RPC packet size: [28]
01-10 18:07:00.474 D/RPC     ( 1576): read RPC packet
01-10 18:07:00.484 D/RPC     ( 1576): read RPC packet size: [272]
01-10 18:07:00.484 V/locapi_rpc_glue( 1576): Callback received: 4 (cb_id=0x6280000 handle=1)
01-10 18:07:00.484 V/locapi_rpc_glue( 1576): +loc_api_callback_process_sync_call
01-10 18:07:00.484 V/locapi_rpc_glue( 1576): -loc_api_callback_process_sync_call, no sync call in use
01-10 18:07:00.484 D/RPC     ( 1576): written RPC packet size: [28]
01-10 18:07:00.484 D/RPC     ( 1576): read RPC packet
01-10 18:07:00.484 D/RPC     ( 1576): read RPC packet size: [272]
01-10 18:07:00.484 V/locapi_rpc_glue( 1576): Callback received: 4 (cb_id=0x6280000 handle=1)
01-10 18:07:00.484 V/locapi_rpc_glue( 1576): +loc_api_callback_process_sync_call
01-10 18:07:00.494 V/locapi_rpc_glue( 1576): -loc_api_callback_process_sync_call, no sync call in use
01-10 18:07:00.494 D/RPC     ( 1576): written RPC packet size: [28]
01-10 18:07:00.494 D/RPC     ( 1576): read RPC packet
01-10 18:07:00.494 D/RPC     ( 1576): read RPC packet size: [272]
01-10 18:07:00.494 V/locapi_rpc_glue( 1576): Callback received: 4 (cb_id=0x6280000 handle=1)
01-10 18:07:00.494 V/locapi_rpc_glue( 1576): +loc_api_callback_process_sync_call
01-10 18:07:00.494 V/locapi_rpc_glue( 1576): -loc_api_callback_process_sync_call, no sync call in use
01-10 18:07:00.494 D/RPC     ( 1576): written RPC packet size: [28]
01-10 18:07:00.624 I/System.out( 2701): Values: 0.0 0.0
01-10 18:07:01.095 D/RPC     ( 1576): read RPC packet
01-10 18:07:01.095 D/RPC     ( 1576): read RPC packet size: [208]
01-10 18:07:01.095 V/locapi_rpc_glue( 1576): Callback received: 1 (cb_id=0x6280000 handle=1)
01-10 18:07:01.095 V/locapi_rpc_glue( 1576): +loc_api_callback_process_sync_call
01-10 18:07:01.095 V/locapi_rpc_glue( 1576): -loc_api_callback_process_sync_call, no sync call in use
01-10 18:07:01.095 D/lib_locapi( 1576): loc_eng_report_position: valid mask = 0x606d, sess status = 1
01-10 18:07:01.095 D/RPC     ( 1576): written RPC packet size: [28]
01-10 18:07:01.435 D/RPC     ( 1576): read RPC packet
01-10 18:07:01.435 D/RPC     ( 1576): read RPC packet size: [272]
01-10 18:07:01.435 V/locapi_rpc_glue( 1576): Callback received: 4 (cb_id=0x6280000 handle=1)
01-10 18:07:01.435 V/locapi_rpc_glue( 1576): +loc_api_callback_process_sync_call
01-10 18:07:01.435 V/locapi_rpc_glue( 1576): -loc_api_callback_process_sync_call, no sync call in use
01-10 18:07:01.435 D/RPC     ( 1576): written RPC packet size: [28]
01-10 18:07:01.445 D/RPC     ( 1576): read RPC packet
01-10 18:07:01.445 D/RPC     ( 1576): read RPC packet size: [272]
01-10 18:07:01.445 V/locapi_rpc_glue( 1576): Callback received: 4 (cb_id=0x6280000 handle=1)
01-10 18:07:01.445 V/locapi_rpc_glue( 1576): +loc_api_callback_process_sync_call
01-10 18:07:01.445 V/locapi_rpc_glue( 1576): -loc_api_callback_process_sync_call, no sync call in use
01-10 18:07:01.445 D/RPC     ( 1576): written RPC packet size: [28]
01-10 18:07:01.445 D/RPC     ( 1576): read RPC packet
01-10 18:07:01.445 D/RPC     ( 1576): read RPC packet size: [272]
01-10 18:07:01.445 V/locapi_rpc_glue( 1576): Callback received: 4 (cb_id=0x6280000 handle=1)
01-10 18:07:01.455 V/locapi_rpc_glue( 1576): +loc_api_callback_process_sync_call
01-10 18:07:01.455 V/locapi_rpc_glue( 1576): -loc_api_callback_process_sync_call, no sync call in use
01-10 18:07:01.455 D/RPC     ( 1576): written RPC packet size: [28]
01-10 18:07:01.455 D/RPC     ( 1576): read RPC packet
01-10 18:07:01.455 D/RPC     ( 1576): read RPC packet size: [272]
01-10 18:07:01.455 V/locapi_rpc_glue( 1576): Callback received: 4 (cb_id=0x6280000 handle=1)
01-10 18:07:01.455 V/locapi_rpc_glue( 1576): +loc_api_callback_process_sync_call
01-10 18:07:01.455 V/locapi_rpc_glue( 1576): -loc_api_callback_process_sync_call, no sync call in use
01-10 18:07:01.455 D/RPC     ( 1576): written RPC packet size: [28]
01-10 18:07:01.465 D/RPC     ( 1576): read RPC packet
01-10 18:07:01.465 D/RPC     ( 1576): read RPC packet size: [96]
01-10 18:07:01.465 V/locapi_rpc_glue( 1576): Callback received: 2 (cb_id=0x6280000 handle=1)
01-10 18:07:01.465 V/locapi_rpc_glue( 1576): +loc_api_callback_process_sync_call
01-10 18:07:01.465 V/locapi_rpc_glue( 1576): -loc_api_callback_process_sync_call, no sync call in use
01-10 18:07:01.465 D/lib_locapi( 1576): loc_eng_report_sv: valid_mask = 0x30, num of sv = 0
01-10 18:07:01.465 D/GpsLocationProvider( 1576): reportSvStatus
01-10 18:07:01.465 V/GpsLocationProvider( 1576): SV count: 0 ephemerisMask: 0 almanacMask: 0
01-10 18:07:01.465 D/RPC     ( 1576): written RPC packet size: [28]
01-10 18:07:01.475 D/RPC     ( 1576): read RPC packet
01-10 18:07:01.475 D/RPC     ( 1576): read RPC packet size: [272]
01-10 18:07:01.475 V/locapi_rpc_glue( 1576): Callback received: 4 (cb_id=0x6280000 handle=1)
01-10 18:07:01.475 V/locapi_rpc_glue( 1576): +loc_api_callback_process_sync_call
01-10 18:07:01.475 V/locapi_rpc_glue( 1576): -loc_api_callback_process_sync_call, no sync call in use
01-10 18:07:01.475 D/RPC     ( 1576): written RPC packet size: [28]
01-10 18:07:01.475 D/RPC     ( 1576): read RPC packet
01-10 18:07:01.485 D/RPC     ( 1576): read RPC packet size: [272]
01-10 18:07:01.485 V/locapi_rpc_glue( 1576): Callback received: 4 (cb_id=0x6280000 handle=1)
01-10 18:07:01.485 V/locapi_rpc_glue( 1576): +loc_api_callback_process_sync_call
01-10 18:07:01.485 V/locapi_rpc_glue( 1576): -loc_api_callback_process_sync_call, no sync call in use
01-10 18:07:01.485 D/RPC     ( 1576): written RPC packet size: [28]
01-10 18:07:01.485 D/RPC     ( 1576): read RPC packet
01-10 18:07:01.485 D/RPC     ( 1576): read RPC packet size: [272]
01-10 18:07:01.485 V/locapi_rpc_glue( 1576): Callback received: 4 (cb_id=0x6280000 handle=1)
01-10 18:07:01.485 V/locapi_rpc_glue( 1576): +loc_api_callback_process_sync_call
01-10 18:07:01.495 V/locapi_rpc_glue( 1576): -loc_api_callback_process_sync_call, no sync call in use
01-10 18:07:01.495 D/RPC     ( 1576): written RPC packet size: [28]
01-10 18:07:01.495 D/RPC     ( 1576): read RPC packet
01-10 18:07:01.495 D/RPC     ( 1576): read RPC packet size: [272]
01-10 18:07:01.495 V/locapi_rpc_glue( 1576): Callback received: 4 (cb_id=0x6280000 handle=1)
01-10 18:07:01.495 V/locapi_rpc_glue( 1576): +loc_api_callback_process_sync_call
01-10 18:07:01.495 V/locapi_rpc_glue( 1576): -loc_api_callback_process_sync_call, no sync call in use
01-10 18:07:01.495 D/RPC     ( 1576): written RPC packet size: [28]
01-10 18:07:01.625 I/System.out( 2701): Values: 0.0 0.0
01-10 18:07:02.096 D/RPC     ( 1576): read RPC packet
01-10 18:07:02.096 D/RPC     ( 1576): read RPC packet size: [208]
01-10 18:07:02.096 V/locapi_rpc_glue( 1576): Callback received: 1 (cb_id=0x6280000 handle=1)
01-10 18:07:02.096 V/locapi_rpc_glue( 1576): +loc_api_callback_process_sync_call
01-10 18:07:02.096 V/locapi_rpc_glue( 1576): -loc_api_callback_process_sync_call, no sync call in use
01-10 18:07:02.096 D/lib_locapi( 1576): loc_eng_report_position: valid mask = 0x606d, sess status = 1
01-10 18:07:02.096 D/RPC     ( 1576): written RPC packet size: [28]
01-10 18:07:02.436 D/RPC     ( 1576): read RPC packet
01-10 18:07:02.436 D/RPC     ( 1576): read RPC packet size: [272]
01-10 18:07:02.436 V/locapi_rpc_glue( 1576): Callback received: 4 (cb_id=0x6280000 handle=1)
01-10 18:07:02.436 V/locapi_rpc_glue( 1576): +loc_api_callback_process_sync_call
01-10 18:07:02.436 V/locapi_rpc_glue( 1576): -loc_api_callback_process_sync_call, no sync call in use
01-10 18:07:02.436 D/RPC     ( 1576): written RPC packet size: [28]
01-10 18:07:02.446 D/RPC     ( 1576): read RPC packet
01-10 18:07:02.446 D/RPC     ( 1576): read RPC packet size: [272]
01-10 18:07:02.446 V/locapi_rpc_glue( 1576): Callback received: 4 (cb_id=0x6280000 handle=1)
01-10 18:07:02.446 V/locapi_rpc_glue( 1576): +loc_api_callback_process_sync_call
01-10 18:07:02.446 V/locapi_rpc_glue( 1576): -loc_api_callback_process_sync_call, no sync call in use
01-10 18:07:02.446 D/RPC     ( 1576): written RPC packet size: [28]
01-10 18:07:02.456 D/RPC     ( 1576): read RPC packet
01-10 18:07:02.456 D/RPC     ( 1576): read RPC packet size: [272]
01-10 18:07:02.456 V/locapi_rpc_glue( 1576): Callback received: 4 (cb_id=0x6280000 handle=1)
01-10 18:07:02.456 V/locapi_rpc_glue( 1576): +loc_api_callback_process_sync_call
01-10 18:07:02.456 V/locapi_rpc_glue( 1576): -loc_api_callback_process_sync_call, no sync call in use
01-10 18:07:02.456 D/RPC     ( 1576): written RPC packet size: [28]
01-10 18:07:02.456 D/RPC     ( 1576): read RPC packet
01-10 18:07:02.456 D/RPC     ( 1576): read RPC packet size: [272]
01-10 18:07:02.466 V/locapi_rpc_glue( 1576): Callback received: 4 (cb_id=0x6280000 handle=1)
01-10 18:07:02.466 V/locapi_rpc_glue( 1576): +loc_api_callback_process_sync_call
01-10 18:07:02.466 V/locapi_rpc_glue( 1576): -loc_api_callback_process_sync_call, no sync call in use
01-10 18:07:02.466 D/RPC     ( 1576): written RPC packet size: [28]
01-10 18:07:02.466 D/RPC     ( 1576): read RPC packet
01-10 18:07:02.466 D/RPC     ( 1576): read RPC packet size: [96]
01-10 18:07:02.466 V/locapi_rpc_glue( 1576): Callback received: 2 (cb_id=0x6280000 handle=1)
01-10 18:07:02.466 V/locapi_rpc_glue( 1576): +loc_api_callback_process_sync_call
01-10 18:07:02.466 V/locapi_rpc_glue( 1576): -loc_api_callback_process_sync_call, no sync call in use
01-10 18:07:02.476 D/lib_locapi( 1576): loc_eng_report_sv: valid_mask = 0x30, num of sv = 0
01-10 18:07:02.476 D/GpsLocationProvider( 1576): reportSvStatus
01-10 18:07:02.476 V/GpsLocationProvider( 1576): SV count: 0 ephemerisMask: 0 almanacMask: 0
01-10 18:07:02.476 D/RPC     ( 1576): written RPC packet size: [28]
01-10 18:07:02.476 D/RPC     ( 1576): read RPC packet
01-10 18:07:02.476 D/RPC     ( 1576): read RPC packet size: [272]
01-10 18:07:02.476 V/locapi_rpc_glue( 1576): Callback received: 4 (cb_id=0x6280000 handle=1)
01-10 18:07:02.476 V/locapi_rpc_glue( 1576): +loc_api_callback_process_sync_call
01-10 18:07:02.476 V/locapi_rpc_glue( 1576): -loc_api_callback_process_sync_call, no sync call in use
01-10 18:07:02.486 D/RPC     ( 1576): written RPC packet size: [28]
01-10 18:07:02.486 D/RPC     ( 1576): read RPC packet
01-10 18:07:02.486 D/RPC     ( 1576): read RPC packet size: [272]
01-10 18:07:02.486 V/locapi_rpc_glue( 1576): Callback received: 4 (cb_id=0x6280000 handle=1)
01-10 18:07:02.486 V/locapi_rpc_glue( 1576): +loc_api_callback_process_sync_call
01-10 18:07:02.486 V/locapi_rpc_glue( 1576): -loc_api_callback_process_sync_call, no sync call in use
01-10 18:07:02.486 D/RPC     ( 1576): written RPC packet size: [28]
01-10 18:07:02.496 D/RPC     ( 1576): read RPC packet
01-10 18:07:02.496 D/RPC     ( 1576): read RPC packet size: [272]
01-10 18:07:02.496 V/locapi_rpc_glue( 1576): Callback received: 4 (cb_id=0x6280000 handle=1)
01-10 18:07:02.496 V/locapi_rpc_glue( 1576): +loc_api_callback_process_sync_call
01-10 18:07:02.496 V/locapi_rpc_glue( 1576): -loc_api_callback_process_sync_call, no sync call in use
01-10 18:07:02.506 D/RPC     ( 1576): written RPC packet size: [28]
01-10 18:07:02.506 D/RPC     ( 1576): read RPC packet
01-10 18:07:02.506 D/RPC     ( 1576): read RPC packet size: [272]
01-10 18:07:02.506 V/locapi_rpc_glue( 1576): Callback received: 4 (cb_id=0x6280000 handle=1)
01-10 18:07:02.506 V/locapi_rpc_glue( 1576): +loc_api_callback_process_sync_call
01-10 18:07:02.506 V/locapi_rpc_glue( 1576): -loc_api_callback_process_sync_call, no sync call in use
01-10 18:07:02.506 D/RPC     ( 1576): written RPC packet size: [28]
01-10 18:07:02.626 I/System.out( 2701): Values: 0.0 0.0
01-10 18:07:03.097 D/RPC     ( 1576): read RPC packet
01-10 18:07:03.097 D/RPC     ( 1576): read RPC packet size: [208]
01-10 18:07:03.097 V/locapi_rpc_glue( 1576): Callback received: 1 (cb_id=0x6280000 handle=1)
01-10 18:07:03.097 V/locapi_rpc_glue( 1576): +loc_api_callback_process_sync_call
01-10 18:07:03.097 V/locapi_rpc_glue( 1576): -loc_api_callback_process_sync_call, no sync call in use
01-10 18:07:03.097 D/lib_locapi( 1576): loc_eng_report_position: valid mask = 0x606d, sess status = 1
01-10 18:07:03.097 D/RPC     ( 1576): written RPC packet size: [28]
01-10 18:07:03.437 D/RPC     ( 1576): read RPC packet
01-10 18:07:03.437 D/RPC     ( 1576): read RPC packet size: [272]
01-10 18:07:03.437 V/locapi_rpc_glue( 1576): Callback received: 4 (cb_id=0x6280000 handle=1)
01-10 18:07:03.437 V/locapi_rpc_glue( 1576): +loc_api_callback_process_sync_call
01-10 18:07:03.437 V/locapi_rpc_glue( 1576): -loc_api_callback_process_sync_call, no sync call in use
01-10 18:07:03.437 D/RPC     ( 1576): written RPC packet size: [28]
01-10 18:07:03.447 D/RPC     ( 1576): read RPC packet
01-10 18:07:03.447 D/RPC     ( 1576): read RPC packet size: [272]
01-10 18:07:03.447 V/locapi_rpc_glue( 1576): Callback received: 4 (cb_id=0x6280000 handle=1)
01-10 18:07:03.447 V/locapi_rpc_glue( 1576): +loc_api_callback_process_sync_call
01-10 18:07:03.447 V/locapi_rpc_glue( 1576): -loc_api_callback_process_sync_call, no sync call in use
01-10 18:07:03.447 D/RPC     ( 1576): written RPC packet size: [28]
01-10 18:07:03.457 D/RPC     ( 1576): read RPC packet
01-10 18:07:03.457 D/RPC     ( 1576): read RPC packet size: [272]
01-10 18:07:03.457 V/locapi_rpc_glue( 1576): Callback received: 4 (cb_id=0x6280000 handle=1)
01-10 18:07:03.457 V/locapi_rpc_glue( 1576): +loc_api_callback_process_sync_call
01-10 18:07:03.457 V/locapi_rpc_glue( 1576): -loc_api_callback_process_sync_call, no sync call in use
01-10 18:07:03.457 D/RPC     ( 1576): written RPC packet size: [28]
01-10 18:07:03.457 D/RPC     ( 1576): read RPC packet
01-10 18:07:03.457 D/RPC     ( 1576): read RPC packet size: [272]
01-10 18:07:03.467 V/locapi_rpc_glue( 1576): Callback received: 4 (cb_id=0x6280000 handle=1)
01-10 18:07:03.467 V/locapi_rpc_glue( 1576): +loc_api_callback_process_sync_call
01-10 18:07:03.467 V/locapi_rpc_glue( 1576): -loc_api_callback_process_sync_call, no sync call in use
01-10 18:07:03.467 D/RPC     ( 1576): written RPC packet size: [28]
01-10 18:07:03.467 D/RPC     ( 1576): read RPC packet
01-10 18:07:03.467 D/RPC     ( 1576): read RPC packet size: [96]
01-10 18:07:03.467 V/locapi_rpc_glue( 1576): Callback received: 2 (cb_id=0x6280000 handle=1)
01-10 18:07:03.467 V/locapi_rpc_glue( 1576): +loc_api_callback_process_sync_call
01-10 18:07:03.467 V/locapi_rpc_glue( 1576): -loc_api_callback_process_sync_call, no sync call in use
01-10 18:07:03.477 D/lib_locapi( 1576): loc_eng_report_sv: valid_mask = 0x30, num of sv = 0
01-10 18:07:03.477 D/GpsLocationProvider( 1576): reportSvStatus
01-10 18:07:03.477 V/GpsLocationProvider( 1576): SV count: 0 ephemerisMask: 0 almanacMask: 0
01-10 18:07:03.477 D/RPC     ( 1576): written RPC packet size: [28]
01-10 18:07:03.477 D/RPC     ( 1576): read RPC packet
