01-10 18:07:42.445 V/locapi_rpc_glue( 1576): Callback received: 4 (cb_id=0x6280000 handle=1)
01-10 18:07:42.445 V/locapi_rpc_glue( 1576): +loc_api_callback_process_sync_call
01-10 18:07:42.445 V/locapi_rpc_glue( 1576): -loc_api_callback_process_sync_call, no sync call in use
01-10 18:07:42.455 D/RPC     ( 1576): written RPC packet size: [28]
01-10 18:07:42.455 D/RPC     ( 1576): read RPC packet
01-10 18:07:42.455 D/RPC     ( 1576): read RPC packet size: [96]
01-10 18:07:42.455 V/locapi_rpc_glue( 1576): Callback received: 2 (cb_id=0x6280000 handle=1)
01-10 18:07:42.455 V/locapi_rpc_glue( 1576): +loc_api_callback_process_sync_call
01-10 18:07:42.455 V/locapi_rpc_glue( 1576): -loc_api_callback_process_sync_call, no sync call in use
01-10 18:07:42.455 D/lib_locapi( 1576): loc_eng_report_sv: valid_mask = 0x30, num of sv = 0
01-10 18:07:42.455 D/GpsLocationProvider( 1576): reportSvStatus
01-10 18:07:42.455 V/GpsLocationProvider( 1576): SV count: 0 ephemerisMask: 0 almanacMask: 0
01-10 18:07:42.455 D/RPC     ( 1576): written RPC packet size: [28]
01-10 18:07:42.455 D/RPC     ( 1576): read RPC packet
01-10 18:07:42.455 D/RPC     ( 1576): read RPC packet size: [272]
01-10 18:07:42.455 V/locapi_rpc_glue( 1576): Callback received: 4 (cb_id=0x6280000 handle=1)
01-10 18:07:42.465 V/locapi_rpc_glue( 1576): +loc_api_callback_process_sync_call
01-10 18:07:42.465 V/locapi_rpc_glue( 1576): -loc_api_callback_process_sync_call, no sync call in use
01-10 18:07:42.465 D/RPC     ( 1576): written RPC packet size: [28]
01-10 18:07:42.465 D/RPC     ( 1576): read RPC packet
01-10 18:07:42.465 D/RPC     ( 1576): read RPC packet size: [272]
01-10 18:07:42.465 V/locapi_rpc_glue( 1576): Callback received: 4 (cb_id=0x6280000 handle=1)
01-10 18:07:42.465 V/locapi_rpc_glue( 1576): +loc_api_callback_process_sync_call
01-10 18:07:42.465 V/locapi_rpc_glue( 1576): -loc_api_callback_process_sync_call, no sync call in use
01-10 18:07:42.465 D/RPC     ( 1576): written RPC packet size: [28]
01-10 18:07:42.465 D/RPC     ( 1576): read RPC packet
01-10 18:07:42.465 D/RPC     ( 1576): read RPC packet size: [272]
01-10 18:07:42.465 V/locapi_rpc_glue( 1576): Callback received: 4 (cb_id=0x6280000 handle=1)
01-10 18:07:42.465 V/locapi_rpc_glue( 1576): +loc_api_callback_process_sync_call
01-10 18:07:42.465 V/locapi_rpc_glue( 1576): -loc_api_callback_process_sync_call, no sync call in use
01-10 18:07:42.465 D/RPC     ( 1576): written RPC packet size: [28]
01-10 18:07:42.475 D/RPC     ( 1576): read RPC packet
01-10 18:07:42.475 D/RPC     ( 1576): read RPC packet size: [272]
01-10 18:07:42.475 V/locapi_rpc_glue( 1576): Callback received: 4 (cb_id=0x6280000 handle=1)
01-10 18:07:42.475 V/locapi_rpc_glue( 1576): +loc_api_callback_process_sync_call
01-10 18:07:42.475 V/locapi_rpc_glue( 1576): -loc_api_callback_process_sync_call, no sync call in use
01-10 18:07:42.475 D/RPC     ( 1576): written RPC packet size: [28]
01-10 18:07:42.675 I/System.out( 2701): Values: 0.0 0.0
01-10 18:07:43.146 D/RPC     ( 1576): read RPC packet
01-10 18:07:43.146 D/RPC     ( 1576): read RPC packet size: [208]
01-10 18:07:43.146 V/locapi_rpc_glue( 1576): Callback received: 1 (cb_id=0x6280000 handle=1)
01-10 18:07:43.146 V/locapi_rpc_glue( 1576): +loc_api_callback_process_sync_call
01-10 18:07:43.146 V/locapi_rpc_glue( 1576): -loc_api_callback_process_sync_call, no sync call in use
01-10 18:07:43.146 D/lib_locapi( 1576): loc_eng_report_position: valid mask = 0x606d, sess status = 1
01-10 18:07:43.146 D/RPC     ( 1576): written RPC packet size: [28]
01-10 18:07:43.436 D/RPC     ( 1576): read RPC packet
01-10 18:07:43.436 D/RPC     ( 1576): read RPC packet size: [272]
01-10 18:07:43.436 V/locapi_rpc_glue( 1576): Callback received: 4 (cb_id=0x6280000 handle=1)
01-10 18:07:43.436 V/locapi_rpc_glue( 1576): +loc_api_callback_process_sync_call
01-10 18:07:43.436 V/locapi_rpc_glue( 1576): -loc_api_callback_process_sync_call, no sync call in use
01-10 18:07:43.436 D/RPC     ( 1576): written RPC packet size: [28]
01-10 18:07:43.436 D/RPC     ( 1576): read RPC packet
01-10 18:07:43.436 D/RPC     ( 1576): read RPC packet size: [272]
01-10 18:07:43.436 V/locapi_rpc_glue( 1576): Callback received: 4 (cb_id=0x6280000 handle=1)
01-10 18:07:43.436 V/locapi_rpc_glue( 1576): +loc_api_callback_process_sync_call
01-10 18:07:43.436 V/locapi_rpc_glue( 1576): -loc_api_callback_process_sync_call, no sync call in use
01-10 18:07:43.446 D/RPC     ( 1576): written RPC packet size: [28]
01-10 18:07:43.446 D/RPC     ( 1576): read RPC packet
01-10 18:07:43.446 D/RPC     ( 1576): read RPC packet size: [272]
01-10 18:07:43.446 V/locapi_rpc_glue( 1576): Callback received: 4 (cb_id=0x6280000 handle=1)
01-10 18:07:43.446 V/locapi_rpc_glue( 1576): +loc_api_callback_process_sync_call
01-10 18:07:43.446 V/locapi_rpc_glue( 1576): -loc_api_callback_process_sync_call, no sync call in use
01-10 18:07:43.446 D/RPC     ( 1576): written RPC packet size: [28]
01-10 18:07:43.446 D/RPC     ( 1576): read RPC packet
01-10 18:07:43.446 D/RPC     ( 1576): read RPC packet size: [272]
01-10 18:07:43.446 V/locapi_rpc_glue( 1576): Callback received: 4 (cb_id=0x6280000 handle=1)
01-10 18:07:43.446 V/locapi_rpc_glue( 1576): +loc_api_callback_process_sync_call
01-10 18:07:43.446 V/locapi_rpc_glue( 1576): -loc_api_callback_process_sync_call, no sync call in use
01-10 18:07:43.446 D/RPC     ( 1576): written RPC packet size: [28]
01-10 18:07:43.456 D/RPC     ( 1576): read RPC packet
01-10 18:07:43.456 D/RPC     ( 1576): read RPC packet size: [96]
01-10 18:07:43.456 V/locapi_rpc_glue( 1576): Callback received: 2 (cb_id=0x6280000 handle=1)
01-10 18:07:43.456 V/locapi_rpc_glue( 1576): +loc_api_callback_process_sync_call
01-10 18:07:43.456 V/locapi_rpc_glue( 1576): -loc_api_callback_process_sync_call, no sync call in use
01-10 18:07:43.456 D/lib_locapi( 1576): loc_eng_report_sv: valid_mask = 0x30, num of sv = 0
01-10 18:07:43.456 D/GpsLocationProvider( 1576): reportSvStatus
01-10 18:07:43.456 V/GpsLocationProvider( 1576): SV count: 0 ephemerisMask: 0 almanacMask: 0
01-10 18:07:43.456 D/RPC     ( 1576): written RPC packet size: [28]
01-10 18:07:43.466 D/RPC     ( 1576): read RPC packet
01-10 18:07:43.466 D/RPC     ( 1576): read RPC packet size: [272]
01-10 18:07:43.466 V/locapi_rpc_glue( 1576): Callback received: 4 (cb_id=0x6280000 handle=1)
01-10 18:07:43.466 V/locapi_rpc_glue( 1576): +loc_api_callback_process_sync_call
01-10 18:07:43.466 V/locapi_rpc_glue( 1576): -loc_api_callback_process_sync_call, no sync call in use
01-10 18:07:43.466 D/RPC     ( 1576): written RPC packet size: [28]
01-10 18:07:43.466 D/RPC     ( 1576): read RPC packet
01-10 18:07:43.466 D/RPC     ( 1576): read RPC packet size: [272]
01-10 18:07:43.466 V/locapi_rpc_glue( 1576): Callback received: 4 (cb_id=0x6280000 handle=1)
01-10 18:07:43.466 V/locapi_rpc_glue( 1576): +loc_api_callback_process_sync_call
01-10 18:07:43.466 V/locapi_rpc_glue( 1576): -loc_api_callback_process_sync_call, no sync call in use
01-10 18:07:43.466 D/RPC     ( 1576): written RPC packet size: [28]
01-10 18:07:43.476 D/RPC     ( 1576): read RPC packet
01-10 18:07:43.476 D/RPC     ( 1576): read RPC packet size: [272]
01-10 18:07:43.476 V/locapi_rpc_glue( 1576): Callback received: 4 (cb_id=0x6280000 handle=1)
01-10 18:07:43.476 V/locapi_rpc_glue( 1576): +loc_api_callback_process_sync_call
01-10 18:07:43.476 V/locapi_rpc_glue( 1576): -loc_api_callback_process_sync_call, no sync call in use
01-10 18:07:43.476 D/RPC     ( 1576): written RPC packet size: [28]
01-10 18:07:43.476 D/RPC     ( 1576): read RPC packet
01-10 18:07:43.476 D/RPC     ( 1576): read RPC packet size: [272]
01-10 18:07:43.476 V/locapi_rpc_glue( 1576): Callback received: 4 (cb_id=0x6280000 handle=1)
01-10 18:07:43.476 V/locapi_rpc_glue( 1576): +loc_api_callback_process_sync_call
01-10 18:07:43.476 V/locapi_rpc_glue( 1576): -loc_api_callback_process_sync_call, no sync call in use
01-10 18:07:43.476 D/RPC     ( 1576): written RPC packet size: [28]
01-10 18:07:43.676 I/System.out( 2701): Values: 0.0 0.0
01-10 18:07:44.147 D/RPC     ( 1576): read RPC packet
01-10 18:07:44.147 D/RPC     ( 1576): read RPC packet size: [208]
01-10 18:07:44.147 V/locapi_rpc_glue( 1576): Callback received: 1 (cb_id=0x6280000 handle=1)
01-10 18:07:44.147 V/locapi_rpc_glue( 1576): +loc_api_callback_process_sync_call
01-10 18:07:44.147 V/locapi_rpc_glue( 1576): -loc_api_callback_process_sync_call, no sync call in use
01-10 18:07:44.147 D/lib_locapi( 1576): loc_eng_report_position: valid mask = 0x606d, sess status = 1
01-10 18:07:44.147 D/RPC     ( 1576): written RPC packet size: [28]
01-10 18:07:44.437 D/RPC     ( 1576): read RPC packet
01-10 18:07:44.437 D/RPC     ( 1576): read RPC packet size: [272]
01-10 18:07:44.437 V/locapi_rpc_glue( 1576): Callback received: 4 (cb_id=0x6280000 handle=1)
01-10 18:07:44.437 V/locapi_rpc_glue( 1576): +loc_api_callback_process_sync_call
01-10 18:07:44.437 V/locapi_rpc_glue( 1576): -loc_api_callback_process_sync_call, no sync call in use
01-10 18:07:44.437 D/RPC     ( 1576): written RPC packet size: [28]
01-10 18:07:44.437 D/RPC     ( 1576): read RPC packet
01-10 18:07:44.437 D/RPC     ( 1576): read RPC packet size: [272]
01-10 18:07:44.437 V/locapi_rpc_glue( 1576): Callback received: 4 (cb_id=0x6280000 handle=1)
01-10 18:07:44.447 V/locapi_rpc_glue( 1576): +loc_api_callback_process_sync_call
01-10 18:07:44.447 V/locapi_rpc_glue( 1576): -loc_api_callback_process_sync_call, no sync call in use
01-10 18:07:44.447 D/RPC     ( 1576): written RPC packet size: [28]
01-10 18:07:44.447 D/RPC     ( 1576): read RPC packet
01-10 18:07:44.447 D/RPC     ( 1576): read RPC packet size: [272]
01-10 18:07:44.447 V/locapi_rpc_glue( 1576): Callback received: 4 (cb_id=0x6280000 handle=1)
01-10 18:07:44.447 V/locapi_rpc_glue( 1576): +loc_api_callback_process_sync_call
01-10 18:07:44.447 V/locapi_rpc_glue( 1576): -loc_api_callback_process_sync_call, no sync call in use
01-10 18:07:44.447 D/RPC     ( 1576): written RPC packet size: [28]
01-10 18:07:44.447 D/RPC     ( 1576): read RPC packet
01-10 18:07:44.447 D/RPC     ( 1576): read RPC packet size: [272]
01-10 18:07:44.447 V/locapi_rpc_glue( 1576): Callback received: 4 (cb_id=0x6280000 handle=1)
01-10 18:07:44.447 V/locapi_rpc_glue( 1576): +loc_api_callback_process_sync_call
01-10 18:07:44.447 V/locapi_rpc_glue( 1576): -loc_api_callback_process_sync_call, no sync call in use
01-10 18:07:44.457 D/RPC     ( 1576): written RPC packet size: [28]
01-10 18:07:44.457 D/RPC     ( 1576): read RPC packet
01-10 18:07:44.457 D/RPC     ( 1576): read RPC packet size: [96]
01-10 18:07:44.457 V/locapi_rpc_glue( 1576): Callback received: 2 (cb_id=0x6280000 handle=1)
01-10 18:07:44.457 V/locapi_rpc_glue( 1576): +loc_api_callback_process_sync_call
01-10 18:07:44.457 V/locapi_rpc_glue( 1576): -loc_api_callback_process_sync_call, no sync call in use
01-10 18:07:44.457 D/lib_locapi( 1576): loc_eng_report_sv: valid_mask = 0x30, num of sv = 0
01-10 18:07:44.457 D/GpsLocationProvider( 1576): reportSvStatus
01-10 18:07:44.457 V/GpsLocationProvider( 1576): SV count: 0 ephemerisMask: 0 almanacMask: 0
01-10 18:07:44.457 D/RPC     ( 1576): written RPC packet size: [28]
01-10 18:07:44.467 D/RPC     ( 1576): read RPC packet
01-10 18:07:44.467 D/RPC     ( 1576): read RPC packet size: [272]
01-10 18:07:44.467 V/locapi_rpc_glue( 1576): Callback received: 4 (cb_id=0x6280000 handle=1)
01-10 18:07:44.467 V/locapi_rpc_glue( 1576): +loc_api_callback_process_sync_call
01-10 18:07:44.467 V/locapi_rpc_glue( 1576): -loc_api_callback_process_sync_call, no sync call in use
01-10 18:07:44.467 D/RPC     ( 1576): written RPC packet size: [28]
01-10 18:07:44.467 D/RPC     ( 1576): read RPC packet
01-10 18:07:44.467 D/RPC     ( 1576): read RPC packet size: [272]
01-10 18:07:44.467 V/locapi_rpc_glue( 1576): Callback received: 4 (cb_id=0x6280000 handle=1)
01-10 18:07:44.467 V/locapi_rpc_glue( 1576): +loc_api_callback_process_sync_call
01-10 18:07:44.467 V/locapi_rpc_glue( 1576): -loc_api_callback_process_sync_call, no sync call in use
01-10 18:07:44.467 D/RPC     ( 1576): written RPC packet size: [28]
01-10 18:07:44.477 D/RPC     ( 1576): read RPC packet
01-10 18:07:44.477 D/RPC     ( 1576): read RPC packet size: [272]
01-10 18:07:44.477 V/locapi_rpc_glue( 1576): Callback received: 4 (cb_id=0x6280000 handle=1)
01-10 18:07:44.477 V/locapi_rpc_glue( 1576): +loc_api_callback_process_sync_call
01-10 18:07:44.477 V/locapi_rpc_glue( 1576): -loc_api_callback_process_sync_call, no sync call in use
01-10 18:07:44.477 D/RPC     ( 1576): written RPC packet size: [28]
01-10 18:07:44.477 D/RPC     ( 1576): read RPC packet
01-10 18:07:44.477 D/RPC     ( 1576): read RPC packet size: [272]
01-10 18:07:44.477 V/locapi_rpc_glue( 1576): Callback received: 4 (cb_id=0x6280000 handle=1)
01-10 18:07:44.477 V/locapi_rpc_glue( 1576): +loc_api_callback_process_sync_call
01-10 18:07:44.477 V/locapi_rpc_glue( 1576): -loc_api_callback_process_sync_call, no sync call in use
01-10 18:07:44.477 D/RPC     ( 1576): written RPC packet size: [28]
01-10 18:07:44.677 I/System.out( 2701): Values: 0.0 0.0
01-10 18:07:45.148 D/RPC     ( 1576): read RPC packet
01-10 18:07:45.148 D/RPC     ( 1576): read RPC packet size: [208]
01-10 18:07:45.148 V/locapi_rpc_glue( 1576): Callback received: 1 (cb_id=0x6280000 handle=1)
01-10 18:07:45.148 V/locapi_rpc_glue( 1576): +loc_api_callback_process_sync_call
01-10 18:07:45.148 V/locapi_rpc_glue( 1576): -loc_api_callback_process_sync_call, no sync call in use
01-10 18:07:45.148 D/lib_locapi( 1576): loc_eng_report_position: valid mask = 0x606d, sess status = 1
01-10 18:07:45.148 D/RPC     ( 1576): written RPC packet size: [28]
01-10 18:07:45.358 D/ContactMessageStore( 1662): MSG_CHECK_DELETION >>
01-10 18:07:45.358 D/ContactMessageStore( 1662): mDeleteTask = null, bDeleting = false
01-10 18:07:45.368 D/ContactMessageStore( 1662): MSG_CHECK_DELETION <<
01-10 18:07:45.368 D/ContactMessageStore( 1662): start background delete task...
01-10 18:07:45.368 D/ContactMessageStore( 1662): size: 0 , 0
01-10 18:07:45.368 D/ContactMessageStore( 1662): Background delete complete
01-10 18:07:45.438 D/RPC     ( 1576): read RPC packet
01-10 18:07:45.438 D/RPC     ( 1576): read RPC packet size: [272]
01-10 18:07:45.438 V/locapi_rpc_glue( 1576): Callback received: 4 (cb_id=0x6280000 handle=1)
01-10 18:07:45.438 V/locapi_rpc_glue( 1576): +loc_api_callback_process_sync_call
01-10 18:07:45.438 V/locapi_rpc_glue( 1576): -loc_api_callback_process_sync_call, no sync call in use
01-10 18:07:45.438 D/RPC     ( 1576): written RPC packet size: [28]
01-10 18:07:45.438 D/RPC     ( 1576): read RPC packet
01-10 18:07:45.438 D/RPC     ( 1576): read RPC packet size: [272]
01-10 18:07:45.438 V/locapi_rpc_glue( 1576): Callback received: 4 (cb_id=0x6280000 handle=1)
01-10 18:07:45.448 V/locapi_rpc_glue( 1576): +loc_api_callback_process_sync_call
01-10 18:07:45.448 V/locapi_rpc_glue( 1576): -loc_api_callback_process_sync_call, no sync call in use
01-10 18:07:45.448 D/RPC     ( 1576): written RPC packet size: [28]
01-10 18:07:45.448 D/RPC     ( 1576): read RPC packet
01-10 18:07:45.448 D/RPC     ( 1576): read RPC packet size: [272]
01-10 18:07:45.448 V/locapi_rpc_glue( 1576): Callback received: 4 (cb_id=0x6280000 handle=1)
01-10 18:07:45.448 V/locapi_rpc_glue( 1576): +loc_api_callback_process_sync_call
01-10 18:07:45.448 V/locapi_rpc_glue( 1576): -loc_api_callback_process_sync_call, no sync call in use
01-10 18:07:45.448 D/RPC     ( 1576): written RPC packet size: [28]
01-10 18:07:45.448 D/RPC     ( 1576): read RPC packet
01-10 18:07:45.448 D/RPC     ( 1576): read RPC packet size: [272]
01-10 18:07:45.448 V/locapi_rpc_glue( 1576): Callback received: 4 (cb_id=0x6280000 handle=1)
01-10 18:07:45.448 V/locapi_rpc_glue( 1576): +loc_api_callback_process_sync_call
01-10 18:07:45.458 V/locapi_rpc_glue( 1576): -loc_api_callback_process_sync_call, no sync call in use
01-10 18:07:45.458 D/RPC     ( 1576): written RPC packet size: [28]
01-10 18:07:45.458 D/RPC     ( 1576): read RPC packet
01-10 18:07:45.458 D/RPC     ( 1576): read RPC packet size: [96]
01-10 18:07:45.458 V/locapi_rpc_glue( 1576): Callback received: 2 (cb_id=0x6280000 handle=1)
01-10 18:07:45.458 V/locapi_rpc_glue( 1576): +loc_api_callback_process_sync_call
01-10 18:07:45.458 V/locapi_rpc_glue( 1576): -loc_api_callback_process_sync_call, no sync call in use
01-10 18:07:45.458 D/lib_locapi( 1576): loc_eng_report_sv: valid_mask = 0x30, num of sv = 0
01-10 18:07:45.458 D/GpsLocationProvider( 1576): reportSvStatus
01-10 18:07:45.458 V/GpsLocationProvider( 1576): SV count: 0 ephemerisMask: 0 almanacMask: 0
01-10 18:07:45.458 D/RPC     ( 1576): written RPC packet size: [28]
01-10 18:07:45.468 D/RPC     ( 1576): read RPC packet
01-10 18:07:45.468 D/RPC     ( 1576): read RPC packet size: [272]
01-10 18:07:45.468 V/locapi_rpc_glue( 1576): Callback received: 4 (cb_id=0x6280000 handle=1)
01-10 18:07:45.468 V/locapi_rpc_glue( 1576): +loc_api_callback_process_sync_call
01-10 18:07:45.468 V/locapi_rpc_glue( 1576): -loc_api_callback_process_sync_call, no sync call in use
01-10 18:07:45.468 D/RPC     ( 1576): written RPC packet size: [28]
01-10 18:07:45.468 D/RPC     ( 1576): read RPC packet
01-10 18:07:45.468 D/RPC     ( 1576): read RPC packet size: [272]
01-10 18:07:45.468 V/locapi_rpc_glue( 1576): Callback received: 4 (cb_id=0x6280000 handle=1)
01-10 18:07:45.468 V/locapi_rpc_glue( 1576): +loc_api_callback_process_sync_call
01-10 18:07:45.468 V/locapi_rpc_glue( 1576): -loc_api_callback_process_sync_call, no sync call in use
01-10 18:07:45.468 D/RPC     ( 1576): written RPC packet size: [28]
01-10 18:07:45.478 D/RPC     ( 1576): read RPC packet
01-10 18:07:45.478 D/RPC     ( 1576): read RPC packet size: [272]
01-10 18:07:45.478 V/locapi_rpc_glue( 1576): Callback received: 4 (cb_id=0x6280000 handle=1)
01-10 18:07:45.478 V/locapi_rpc_glue( 1576): +loc_api_callback_process_sync_call
01-10 18:07:45.478 V/locapi_rpc_glue( 1576): -loc_api_callback_process_sync_call, no sync call in use
01-10 18:07:45.478 D/RPC     ( 1576): written RPC packet size: [28]
01-10 18:07:45.478 D/RPC     ( 1576): read RPC packet
01-10 18:07:45.478 D/RPC     ( 1576): read RPC packet size: [272]
01-10 18:07:45.478 V/locapi_rpc_glue( 1576): Callback received: 4 (cb_id=0x6280000 handle=1)
01-10 18:07:45.478 V/locapi_rpc_glue( 1576): +loc_api_callback_process_sync_call
01-10 18:07:45.478 V/locapi_rpc_glue( 1576): -loc_api_callback_process_sync_call, no sync call in use
01-10 18:07:45.488 D/RPC     ( 1576): written RPC packet size: [28]
01-10 18:07:45.678 I/System.out( 2701): Values: 0.0 0.0
01-10 18:07:46.149 D/RPC     ( 1576): read RPC packet
01-10 18:07:46.149 D/RPC     ( 1576): read RPC packet size: [208]
01-10 18:07:46.149 V/locapi_rpc_glue( 1576): Callback received: 1 (cb_id=0x6280000 handle=1)
01-10 18:07:46.149 V/locapi_rpc_glue( 1576): +loc_api_callback_process_sync_call
01-10 18:07:46.149 V/locapi_rpc_glue( 1576): -loc_api_callback_process_sync_call, no sync call in use
01-10 18:07:46.149 D/lib_locapi( 1576): loc_eng_report_position: valid mask = 0x606d, sess status = 1
01-10 18:07:46.149 D/RPC     ( 1576): written RPC packet size: [28]
01-10 18:07:46.439 D/RPC     ( 1576): read RPC packet
01-10 18:07:46.439 D/RPC     ( 1576): read RPC packet size: [272]
01-10 18:07:46.439 V/locapi_rpc_glue( 1576): Callback received: 4 (cb_id=0x6280000 handle=1)
01-10 18:07:46.439 V/locapi_rpc_glue( 1576): +loc_api_callback_process_sync_call
01-10 18:07:46.439 V/locapi_rpc_glue( 1576): -loc_api_callback_process_sync_call, no sync call in use
01-10 18:07:46.439 D/RPC     ( 1576): written RPC packet size: [28]
01-10 18:07:46.439 D/RPC     ( 1576): read RPC packet
01-10 18:07:46.439 D/RPC     ( 1576): read RPC packet size: [272]
01-10 18:07:46.439 V/locapi_rpc_glue( 1576): Callback received: 4 (cb_id=0x6280000 handle=1)
01-10 18:07:46.449 V/locapi_rpc_glue( 1576): +loc_api_callback_process_sync_call
01-10 18:07:46.449 V/locapi_rpc_glue( 1576): -loc_api_callback_process_sync_call, no sync call in use
01-10 18:07:46.449 D/RPC     ( 1576): written RPC packet size: [28]
01-10 18:07:46.449 D/RPC     ( 1576): read RPC packet
01-10 18:07:46.449 D/RPC     ( 1576): read RPC packet size: [272]
01-10 18:07:46.449 V/locapi_rpc_glue( 1576): Callback received: 4 (cb_id=0x6280000 handle=1)
01-10 18:07:46.449 V/locapi_rpc_glue( 1576): +loc_api_callback_process_sync_call
01-10 18:07:46.449 V/locapi_rpc_glue( 1576): -loc_api_callback_process_sync_call, no sync call in use
01-10 18:07:46.449 D/RPC     ( 1576): written RPC packet size: [28]
01-10 18:07:46.449 D/RPC     ( 1576): read RPC packet
01-10 18:07:46.449 D/RPC     ( 1576): read RPC packet size: [272]
01-10 18:07:46.449 V/locapi_rpc_glue( 1576): Callback received: 4 (cb_id=0x6280000 handle=1)
01-10 18:07:46.459 V/locapi_rpc_glue( 1576): +loc_api_callback_process_sync_call
01-10 18:07:46.459 V/locapi_rpc_glue( 1576): -loc_api_callback_process_sync_call, no sync call in use
01-10 18:07:46.459 D/RPC     ( 1576): written RPC packet size: [28]
01-10 18:07:46.459 D/RPC     ( 1576): read RPC packet
01-10 18:07:46.459 D/RPC     ( 1576): read RPC packet size: [96]
01-10 18:07:46.459 V/locapi_rpc_glue( 1576): Callback received: 2 (cb_id=0x6280000 handle=1)
01-10 18:07:46.459 V/locapi_rpc_glue( 1576): +loc_api_callback_process_sync_call
01-10 18:07:46.459 V/locapi_rpc_glue( 1576): -loc_api_callback_process_sync_call, no sync call in use
01-10 18:07:46.459 D/lib_locapi( 1576): loc_eng_report_sv: valid_mask = 0x30, num of sv = 0
01-10 18:07:46.459 D/GpsLocationProvider( 1576): reportSvStatus
01-10 18:07:46.459 V/GpsLocationProvider( 1576): SV count: 0 ephemerisMask: 0 almanacMask: 0
01-10 18:07:46.459 D/RPC     ( 1576): written RPC packet size: [28]
01-10 18:07:46.469 D/RPC     ( 1576): read RPC packet
01-10 18:07:46.469 D/RPC     ( 1576): read RPC packet size: [272]
01-10 18:07:46.469 V/locapi_rpc_glue( 1576): Callback received: 4 (cb_id=0x6280000 handle=1)
01-10 18:07:46.469 V/locapi_rpc_glue( 1576): +loc_api_callback_process_sync_call
01-10 18:07:46.469 V/locapi_rpc_glue( 1576): -loc_api_callback_process_sync_call, no sync call in use
01-10 18:07:46.469 D/RPC     ( 1576): written RPC packet size: [28]
01-10 18:07:46.469 D/RPC     ( 1576): read RPC packet
01-10 18:07:46.469 D/RPC     ( 1576): read RPC packet size: [272]
01-10 18:07:46.469 V/locapi_rpc_glue( 1576): Callback received: 4 (cb_id=0x6280000 handle=1)
01-10 18:07:46.469 V/locapi_rpc_glue( 1576): +loc_api_callback_process_sync_call
01-10 18:07:46.469 V/locapi_rpc_glue( 1576): -loc_api_callback_process_sync_call, no sync call in use
01-10 18:07:46.479 D/RPC     ( 1576): written RPC packet size: [28]
01-10 18:07:46.479 D/RPC     ( 1576): read RPC packet
01-10 18:07:46.479 D/RPC     ( 1576): read RPC packet size: [272]
01-10 18:07:46.479 V/locapi_rpc_glue( 1576): Callback received: 4 (cb_id=0x6280000 handle=1)
01-10 18:07:46.479 V/locapi_rpc_glue( 1576): +loc_api_callback_process_sync_call
01-10 18:07:46.479 V/locapi_rpc_glue( 1576): -loc_api_callback_process_sync_call, no sync call in use
01-10 18:07:46.479 D/RPC     ( 1576): written RPC packet size: [28]
01-10 18:07:46.479 D/RPC     ( 1576): read RPC packet
01-10 18:07:46.479 D/RPC     ( 1576): read RPC packet size: [272]
01-10 18:07:46.479 V/locapi_rpc_glue( 1576): Callback received: 4 (cb_id=0x6280000 handle=1)
01-10 18:07:46.479 V/locapi_rpc_glue( 1576): +loc_api_callback_process_sync_call
01-10 18:07:46.479 V/locapi_rpc_glue( 1576): -loc_api_callback_process_sync_call, no sync call in use
01-10 18:07:46.489 D/RPC     ( 1576): written RPC packet size: [28]
01-10 18:07:46.679 I/System.out( 2701): Values: 0.0 0.0
01-10 18:07:47.150 D/RPC     ( 1576): read RPC packet
01-10 18:07:47.150 D/RPC     ( 1576): read RPC packet size: [208]
01-10 18:07:47.150 V/locapi_rpc_glue( 1576): Callback received: 1 (cb_id=0x6280000 handle=1)
01-10 18:07:47.150 V/locapi_rpc_glue( 1576): +loc_api_callback_process_sync_call
01-10 18:07:47.150 V/locapi_rpc_glue( 1576): -loc_api_callback_process_sync_call, no sync call in use
01-10 18:07:47.150 D/lib_locapi( 1576): loc_eng_report_position: valid mask = 0x606d, sess status = 1
01-10 18:07:47.150 D/RPC     ( 1576): written RPC packet size: [28]
01-10 18:07:47.440 D/RPC     ( 1576): read RPC packet
01-10 18:07:47.440 D/RPC     ( 1576): read RPC packet size: [272]
01-10 18:07:47.440 V/locapi_rpc_glue( 1576): Callback received: 4 (cb_id=0x6280000 handle=1)
01-10 18:07:47.440 V/locapi_rpc_glue( 1576): +loc_api_callback_process_sync_call
01-10 18:07:47.440 V/locapi_rpc_glue( 1576): -loc_api_callback_process_sync_call, no sync call in use
01-10 18:07:47.440 D/RPC     ( 1576): written RPC packet size: [28]
01-10 18:07:47.440 D/RPC     ( 1576): read RPC packet
01-10 18:07:47.440 D/RPC     ( 1576): read RPC packet size: [272]
01-10 18:07:47.440 V/locapi_rpc_glue( 1576): Callback received: 4 (cb_id=0x6280000 handle=1)
01-10 18:07:47.440 V/locapi_rpc_glue( 1576): +loc_api_callback_process_sync_call
01-10 18:07:47.440 V/locapi_rpc_glue( 1576): -loc_api_callback_process_sync_call, no sync call in use
01-10 18:07:47.440 D/RPC     ( 1576): written RPC packet size: [28]
01-10 18:07:47.440 D/RPC     ( 1576): read RPC packet
01-10 18:07:47.440 D/RPC     ( 1576): read RPC packet size: [272]
01-10 18:07:47.440 V/locapi_rpc_glue( 1576): Callback received: 4 (cb_id=0x6280000 handle=1)
01-10 18:07:47.440 V/locapi_rpc_glue( 1576): +loc_api_callback_process_sync_call
01-10 18:07:47.440 V/locapi_rpc_glue( 1576): -loc_api_callback_process_sync_call, no sync call in use
01-10 18:07:47.440 D/RPC     ( 1576): written RPC packet size: [28]
01-10 18:07:47.460 D/RPC     ( 1576): read RPC packet
01-10 18:07:47.460 D/RPC     ( 1576): read RPC packet size: [272]
01-10 18:07:47.460 V/locapi_rpc_glue( 1576): Callback received: 4 (cb_id=0x6280000 handle=1)
01-10 18:07:47.460 V/locapi_rpc_glue( 1576): +loc_api_callback_process_sync_call
01-10 18:07:47.460 V/locapi_rpc_glue( 1576): -loc_api_callback_process_sync_call, no sync call in use
01-10 18:07:47.460 D/RPC     ( 1576): written RPC packet size: [28]
01-10 18:07:47.460 D/RPC     ( 1576): read RPC packet
01-10 18:07:47.460 D/RPC     ( 1576): read RPC packet size: [96]
01-10 18:07:47.460 V/locapi_rpc_glue( 1576): Callback received: 2 (cb_id=0x6280000 handle=1)
01-10 18:07:47.460 V/locapi_rpc_glue( 1576): +loc_api_callback_process_sync_call
01-10 18:07:47.460 V/locapi_rpc_glue( 1576): -loc_api_callback_process_sync_call, no sync call in use
01-10 18:07:47.460 D/lib_locapi( 1576): loc_eng_report_sv: valid_mask = 0x30, num of sv = 0
01-10 18:07:47.460 D/GpsLocationProvider( 1576): reportSvStatus
01-10 18:07:47.460 V/GpsLocationProvider( 1576): SV count: 0 ephemerisMask: 0 almanacMask: 0
01-10 18:07:47.460 D/RPC     ( 1576): written RPC packet size: [28]
01-10 18:07:47.460 D/RPC     ( 1576): read RPC packet
01-10 18:07:47.460 D/RPC     ( 1576): read RPC packet size: [272]
01-10 18:07:47.460 V/locapi_rpc_glue( 1576): Callback received: 4 (cb_id=0x6280000 handle=1)
01-10 18:07:47.460 V/locapi_rpc_glue( 1576): +loc_api_callback_process_sync_call
01-10 18:07:47.460 V/locapi_rpc_glue( 1576): -loc_api_callback_process_sync_call, no sync call in use
01-10 18:07:47.460 D/RPC     ( 1576): written RPC packet size: [28]
01-10 18:07:47.470 D/RPC     ( 1576): read RPC packet
01-10 18:07:47.470 D/RPC     ( 1576): read RPC packet size: [272]
01-10 18:07:47.470 V/locapi_rpc_glue( 1576): Callback received: 4 (cb_id=0x6280000 handle=1)
01-10 18:07:47.470 V/locapi_rpc_glue( 1576): +loc_api_callback_process_sync_call
01-10 18:07:47.470 V/locapi_rpc_glue( 1576): -loc_api_callback_process_sync_call, no sync call in use
01-10 18:07:47.470 D/RPC     ( 1576): written RPC packet size: [28]
01-10 18:07:47.470 D/RPC     ( 1576): read RPC packet
01-10 18:07:47.470 D/RPC     ( 1576): read RPC packet size: [272]
01-10 18:07:47.480 V/locapi_rpc_glue( 1576): Callback received: 4 (cb_id=0x6280000 handle=1)
01-10 18:07:47.480 V/locapi_rpc_glue( 1576): +loc_api_callback_process_sync_call
01-10 18:07:47.480 V/locapi_rpc_glue( 1576): -loc_api_callback_process_sync_call, no sync call in use
01-10 18:07:47.480 D/RPC     ( 1576): written RPC packet size: [28]
01-10 18:07:47.480 D/RPC     ( 1576): read RPC packet
01-10 18:07:47.480 D/RPC     ( 1576): read RPC packet size: [272]
01-10 18:07:47.480 V/locapi_rpc_glue( 1576): Callback received: 4 (cb_id=0x6280000 handle=1)
01-10 18:07:47.480 V/locapi_rpc_glue( 1576): +loc_api_callback_process_sync_call
01-10 18:07:47.480 V/locapi_rpc_glue( 1576): -loc_api_callback_process_sync_call, no sync call in use
01-10 18:07:47.480 D/RPC     ( 1576): written RPC packet size: [28]
01-10 18:07:47.680 I/System.out( 2701): Values: 0.0 0.0
01-10 18:07:48.151 D/RPC     ( 1576): read RPC packet
01-10 18:07:48.151 D/RPC     ( 1576): read RPC packet size: [208]
01-10 18:07:48.151 V/locapi_rpc_glue( 1576): Callback received: 1 (cb_id=0x6280000 handle=1)
01-10 18:07:48.151 V/locapi_rpc_glue( 1576): +loc_api_callback_process_sync_call
01-10 18:07:48.151 V/locapi_rpc_glue( 1576): -loc_api_callback_process_sync_call, no sync call in use
01-10 18:07:48.151 D/lib_locapi( 1576): loc_eng_report_position: valid mask = 0x606d, sess status = 1
01-10 18:07:48.151 D/RPC     ( 1576): written RPC packet size: [28]
01-10 18:07:48.441 D/RPC     ( 1576): read RPC packet
01-10 18:07:48.441 D/RPC     ( 1576): read RPC packet size: [272]
01-10 18:07:48.441 V/locapi_rpc_glue( 1576): Callback received: 4 (cb_id=0x6280000 handle=1)
01-10 18:07:48.441 V/locapi_rpc_glue( 1576): +loc_api_callback_process_sync_call
01-10 18:07:48.441 V/locapi_rpc_glue( 1576): -loc_api_callback_process_sync_call, no sync call in use
01-10 18:07:48.441 D/RPC     ( 1576): written RPC packet size: [28]
01-10 18:07:48.441 D/RPC     ( 1576): read RPC packet
01-10 18:07:48.441 D/RPC     ( 1576): read RPC packet size: [272]
01-10 18:07:48.441 V/locapi_rpc_glue( 1576): Callback received: 4 (cb_id=0x6280000 handle=1)
01-10 18:07:48.441 V/locapi_rpc_glue( 1576): +loc_api_callback_process_sync_call
01-10 18:07:48.441 V/locapi_rpc_glue( 1576): -loc_api_callback_process_sync_call, no sync call in use
01-10 18:07:48.441 D/RPC     ( 1576): written RPC packet size: [28]
01-10 18:07:48.441 D/RPC     ( 1576): read RPC packet
01-10 18:07:48.441 D/RPC     ( 1576): read RPC packet size: [272]
01-10 18:07:48.441 V/locapi_rpc_glue( 1576): Callback received: 4 (cb_id=0x6280000 handle=1)
01-10 18:07:48.441 V/locapi_rpc_glue( 1576): +loc_api_callback_process_sync_call
01-10 18:07:48.441 V/locapi_rpc_glue( 1576): -loc_api_callback_process_sync_call, no sync call in use
01-10 18:07:48.441 D/RPC     ( 1576): written RPC packet size: [28]
01-10 18:07:48.451 D/RPC     ( 1576): read RPC packet
01-10 18:07:48.451 D/RPC     ( 1576): read RPC packet size: [272]
01-10 18:07:48.451 V/locapi_rpc_glue( 1576): Callback received: 4 (cb_id=0x6280000 handle=1)
01-10 18:07:48.451 V/locapi_rpc_glue( 1576): +loc_api_callback_process_sync_call
01-10 18:07:48.451 V/locapi_rpc_glue( 1576): -loc_api_callback_process_sync_call, no sync call in use
01-10 18:07:48.451 D/RPC     ( 1576): written RPC packet size: [28]
01-10 18:07:48.451 D/RPC     ( 1576): read RPC packet
01-10 18:07:48.451 D/RPC     ( 1576): read RPC packet size: [96]
01-10 18:07:48.451 V/locapi_rpc_glue( 1576): Callback received: 2 (cb_id=0x6280000 handle=1)
01-10 18:07:48.461 V/locapi_rpc_glue( 1576): +loc_api_callback_process_sync_call
01-10 18:07:48.461 V/locapi_rpc_glue( 1576): -loc_api_callback_process_sync_call, no sync call in use
01-10 18:07:48.461 D/lib_locapi( 1576): loc_eng_report_sv: valid_mask = 0x30, num of sv = 0
01-10 18:07:48.461 D/GpsLocationProvider( 1576): reportSvStatus
01-10 18:07:48.461 V/GpsLocationProvider( 1576): SV count: 0 ephemerisMask: 0 almanacMask: 0
01-10 18:07:48.461 D/RPC     ( 1576): written RPC packet size: [28]
01-10 18:07:48.461 D/RPC     ( 1576): read RPC packet
01-10 18:07:48.461 D/RPC     ( 1576): read RPC packet size: [272]
01-10 18:07:48.461 V/locapi_rpc_glue( 1576): Callback received: 4 (cb_id=0x6280000 handle=1)
01-10 18:07:48.461 V/locapi_rpc_glue( 1576): +loc_api_callback_process_sync_call
01-10 18:07:48.461 V/locapi_rpc_glue( 1576): -loc_api_callback_process_sync_call, no sync call in use
01-10 18:07:48.461 D/RPC     ( 1576): written RPC packet size: [28]
01-10 18:07:48.471 D/RPC     ( 1576): read RPC packet
01-10 18:07:48.471 D/RPC     ( 1576): read RPC packet size: [272]
01-10 18:07:48.471 V/locapi_rpc_glue( 1576): Callback received: 4 (cb_id=0x6280000 handle=1)
01-10 18:07:48.471 V/locapi_rpc_glue( 1576): +loc_api_callback_process_sync_call
01-10 18:07:48.471 V/locapi_rpc_glue( 1576): -loc_api_callback_process_sync_call, no sync call in use
01-10 18:07:48.471 D/RPC     ( 1576): written RPC packet size: [28]
01-10 18:07:48.471 D/RPC     ( 1576): read RPC packet
01-10 18:07:48.471 D/RPC     ( 1576): read RPC packet size: [272]
01-10 18:07:48.471 V/locapi_rpc_glue( 1576): Callback received: 4 (cb_id=0x6280000 handle=1)
01-10 18:07:48.471 V/locapi_rpc_glue( 1576): +loc_api_callback_process_sync_call
01-10 18:07:48.481 V/locapi_rpc_glue( 1576): -loc_api_callback_process_sync_call, no sync call in use
01-10 18:07:48.481 D/RPC     ( 1576): written RPC packet size: [28]
01-10 18:07:48.481 D/RPC     ( 1576): read RPC packet
01-10 18:07:48.481 D/RPC     ( 1576): read RPC packet size: [272]
01-10 18:07:48.481 V/locapi_rpc_glue( 1576): Callback received: 4 (cb_id=0x6280000 handle=1)
01-10 18:07:48.481 V/locapi_rpc_glue( 1576): +loc_api_callback_process_sync_call
01-10 18:07:48.481 V/locapi_rpc_glue( 1576): -loc_api_callback_process_sync_call, no sync call in use
01-10 18:07:48.481 D/RPC     ( 1576): written RPC packet size: [28]
01-10 18:07:48.681 I/System.out( 2701): Values: 0.0 0.0
01-10 18:07:49.152 D/RPC     ( 1576): read RPC packet
01-10 18:07:49.152 D/RPC     ( 1576): read RPC packet size: [208]
01-10 18:07:49.152 V/locapi_rpc_glue( 1576): Callback received: 1 (cb_id=0x6280000 handle=1)
01-10 18:07:49.152 V/locapi_rpc_glue( 1576): +loc_api_callback_process_sync_call
01-10 18:07:49.152 V/locapi_rpc_glue( 1576): -loc_api_callback_process_sync_call, no sync call in use
01-10 18:07:49.152 D/lib_locapi( 1576): loc_eng_report_position: valid mask = 0x606d, sess status = 1
01-10 18:07:49.152 D/RPC     ( 1576): written RPC packet size: [28]
01-10 18:07:49.442 D/RPC     ( 1576): read RPC packet
01-10 18:07:49.442 D/RPC     ( 1576): read RPC packet size: [272]
01-10 18:07:49.442 V/locapi_rpc_glue( 1576): Callback received: 4 (cb_id=0x6280000 handle=1)
01-10 18:07:49.442 V/locapi_rpc_glue( 1576): +loc_api_callback_process_sync_call
01-10 18:07:49.442 V/locapi_rpc_glue( 1576): -loc_api_callback_process_sync_call, no sync call in use
01-10 18:07:49.442 D/RPC     ( 1576): written RPC packet size: [28]
01-10 18:07:49.442 D/RPC     ( 1576): read RPC packet
01-10 18:07:49.442 D/RPC     ( 1576): read RPC packet size: [272]
01-10 18:07:49.442 V/locapi_rpc_glue( 1576): Callback received: 4 (cb_id=0x6280000 handle=1)
01-10 18:07:49.442 V/locapi_rpc_glue( 1576): +loc_api_callback_process_sync_call
01-10 18:07:49.442 V/locapi_rpc_glue( 1576): -loc_api_callback_process_sync_call, no sync call in use
01-10 18:07:49.442 D/RPC     ( 1576): written RPC packet size: [28]
01-10 18:07:49.442 D/RPC     ( 1576): read RPC packet
01-10 18:07:49.442 D/RPC     ( 1576): read RPC packet size: [272]
01-10 18:07:49.442 V/locapi_rpc_glue( 1576): Callback received: 4 (cb_id=0x6280000 handle=1)
01-10 18:07:49.442 V/locapi_rpc_glue( 1576): +loc_api_callback_process_sync_call
01-10 18:07:49.442 V/locapi_rpc_glue( 1576): -loc_api_callback_process_sync_call, no sync call in use
01-10 18:07:49.452 D/RPC     ( 1576): written RPC packet size: [28]
01-10 18:07:49.452 D/RPC     ( 1576): read RPC packet
01-10 18:07:49.452 D/RPC     ( 1576): read RPC packet size: [272]
01-10 18:07:49.452 V/locapi_rpc_glue( 1576): Callback received: 4 (cb_id=0x6280000 handle=1)
01-10 18:07:49.452 V/locapi_rpc_glue( 1576): +loc_api_callback_process_sync_call
01-10 18:07:49.452 V/locapi_rpc_glue( 1576): -loc_api_callback_process_sync_call, no sync call in use
01-10 18:07:49.452 D/RPC     ( 1576): written RPC packet size: [28]
01-10 18:07:49.452 D/RPC     ( 1576): read RPC packet
01-10 18:07:49.452 D/RPC     ( 1576): read RPC packet size: [96]
01-10 18:07:49.452 V/locapi_rpc_glue( 1576): Callback received: 2 (cb_id=0x6280000 handle=1)
01-10 18:07:49.462 V/locapi_rpc_glue( 1576): +loc_api_callback_process_sync_call
01-10 18:07:49.462 V/locapi_rpc_glue( 1576): -loc_api_callback_process_sync_call, no sync call in use
01-10 18:07:49.462 D/lib_locapi( 1576): loc_eng_report_sv: valid_mask = 0x30, num of sv = 0
01-10 18:07:49.462 D/GpsLocationProvider( 1576): reportSvStatus
01-10 18:07:49.462 V/GpsLocationProvider( 1576): SV count: 0 ephemerisMask: 0 almanacMask: 0
01-10 18:07:49.462 D/RPC     ( 1576): written RPC packet size: [28]
01-10 18:07:49.462 D/RPC     ( 1576): read RPC packet
01-10 18:07:49.462 D/RPC     ( 1576): read RPC packet size: [272]
01-10 18:07:49.462 V/locapi_rpc_glue( 1576): Callback received: 4 (cb_id=0x6280000 handle=1)
01-10 18:07:49.462 V/locapi_rpc_glue( 1576): +loc_api_callback_process_sync_call
01-10 18:07:49.462 V/locapi_rpc_glue( 1576): -loc_api_callback_process_sync_call, no sync call in use
01-10 18:07:49.462 D/RPC     ( 1576): written RPC packet size: [28]
01-10 18:07:49.472 D/RPC     ( 1576): read RPC packet
01-10 18:07:49.472 D/RPC     ( 1576): read RPC packet size: [272]
01-10 18:07:49.472 V/locapi_rpc_glue( 1576): Callback received: 4 (cb_id=0x6280000 handle=1)
01-10 18:07:49.472 V/locapi_rpc_glue( 1576): +loc_api_callback_process_sync_call
01-10 18:07:49.472 V/locapi_rpc_glue( 1576): -loc_api_callback_process_sync_call, no sync call in use
01-10 18:07:49.472 D/RPC     ( 1576): written RPC packet size: [28]
01-10 18:07:49.472 D/RPC     ( 1576): read RPC packet
01-10 18:07:49.472 D/RPC     ( 1576): read RPC packet size: [272]
01-10 18:07:49.472 V/locapi_rpc_glue( 1576): Callback received: 4 (cb_id=0x6280000 handle=1)
01-10 18:07:49.482 V/locapi_rpc_glue( 1576): +loc_api_callback_process_sync_call
01-10 18:07:49.482 V/locapi_rpc_glue( 1576): -loc_api_callback_process_sync_call, no sync call in use
01-10 18:07:49.482 D/RPC     ( 1576): written RPC packet size: [28]
01-10 18:07:49.482 D/RPC     ( 1576): read RPC packet
01-10 18:07:49.482 D/RPC     ( 1576): read RPC packet size: [272]
01-10 18:07:49.482 V/locapi_rpc_glue( 1576): Callback received: 4 (cb_id=0x6280000 handle=1)
01-10 18:07:49.482 V/locapi_rpc_glue( 1576): +loc_api_callback_process_sync_call
01-10 18:07:49.482 V/locapi_rpc_glue( 1576): -loc_api_callback_process_sync_call, no sync call in use
01-10 18:07:49.482 D/RPC     ( 1576): written RPC packet size: [28]
01-10 18:07:49.682 I/System.out( 2701): Values: 0.0 0.0
01-10 18:07:50.153 D/RPC     ( 1576): read RPC packet
01-10 18:07:50.153 D/RPC     ( 1576): read RPC packet size: [208]
01-10 18:07:50.153 V/locapi_rpc_glue( 1576): Callback received: 1 (cb_id=0x6280000 handle=1)
01-10 18:07:50.153 V/locapi_rpc_glue( 1576): +loc_api_callback_process_sync_call
01-10 18:07:50.153 V/locapi_rpc_glue( 1576): -loc_api_callback_process_sync_call, no sync call in use
01-10 18:07:50.153 D/lib_locapi( 1576): loc_eng_report_position: valid mask = 0x606d, sess status = 1
01-10 18:07:50.153 D/RPC     ( 1576): written RPC packet size: [28]
01-10 18:07:50.433 D/RPC     ( 1576): read RPC packet
01-10 18:07:50.433 D/RPC     ( 1576): read RPC packet size: [272]
01-10 18:07:50.433 V/locapi_rpc_glue( 1576): Callback received: 4 (cb_id=0x6280000 handle=1)
01-10 18:07:50.433 V/locapi_rpc_glue( 1576): +loc_api_callback_process_sync_call
01-10 18:07:50.433 V/locapi_rpc_glue( 1576): -loc_api_callback_process_sync_call, no sync call in use
01-10 18:07:50.433 D/RPC     ( 1576): written RPC packet size: [28]
01-10 18:07:50.443 D/RPC     ( 1576): read RPC packet
01-10 18:07:50.443 D/RPC     ( 1576): read RPC packet size: [272]
01-10 18:07:50.443 V/locapi_rpc_glue( 1576): Callback received: 4 (cb_id=0x6280000 handle=1)
01-10 18:07:50.443 V/locapi_rpc_glue( 1576): +loc_api_callback_process_sync_call
01-10 18:07:50.443 V/locapi_rpc_glue( 1576): -loc_api_callback_process_sync_call, no sync call in use
01-10 18:07:50.443 D/RPC     ( 1576): written RPC packet size: [28]
01-10 18:07:50.443 D/RPC     ( 1576): read RPC packet
01-10 18:07:50.443 D/RPC     ( 1576): read RPC packet size: [272]
01-10 18:07:50.443 V/locapi_rpc_glue( 1576): Callback received: 4 (cb_id=0x6280000 handle=1)
01-10 18:07:50.443 V/locapi_rpc_glue( 1576): +loc_api_callback_process_sync_call
01-10 18:07:50.453 V/locapi_rpc_glue( 1576): -loc_api_callback_process_sync_call, no sync call in use
01-10 18:07:50.453 D/RPC     ( 1576): written RPC packet size: [28]
01-10 18:07:50.453 D/RPC     ( 1576): read RPC packet
01-10 18:07:50.453 D/RPC     ( 1576): read RPC packet size: [272]
01-10 18:07:50.453 V/locapi_rpc_glue( 1576): Callback received: 4 (cb_id=0x6280000 handle=1)
01-10 18:07:50.453 V/locapi_rpc_glue( 1576): +loc_api_callback_process_sync_call
01-10 18:07:50.453 V/locapi_rpc_glue( 1576): -loc_api_callback_process_sync_call, no sync call in use
01-10 18:07:50.453 D/RPC     ( 1576): written RPC packet size: [28]
01-10 18:07:50.453 D/RPC     ( 1576): read RPC packet
01-10 18:07:50.453 D/RPC     ( 1576): read RPC packet size: [96]
01-10 18:07:50.463 V/locapi_rpc_glue( 1576): Callback received: 2 (cb_id=0x6280000 handle=1)
01-10 18:07:50.463 V/locapi_rpc_glue( 1576): +loc_api_callback_process_sync_call
01-10 18:07:50.463 V/locapi_rpc_glue( 1576): -loc_api_callback_process_sync_call, no sync call in use
01-10 18:07:50.463 D/lib_locapi( 1576): loc_eng_report_sv: valid_mask = 0x30, num of sv = 0
01-10 18:07:50.463 D/GpsLocationProvider( 1576): reportSvStatus
01-10 18:07:50.463 V/GpsLocationProvider( 1576): SV count: 0 ephemerisMask: 0 almanacMask: 0
01-10 18:07:50.463 D/RPC     ( 1576): written RPC packet size: [28]
01-10 18:07:50.463 D/RPC     ( 1576): read RPC packet
01-10 18:07:50.463 D/RPC     ( 1576): read RPC packet size: [272]
01-10 18:07:50.463 V/locapi_rpc_glue( 1576): Callback received: 4 (cb_id=0x6280000 handle=1)
01-10 18:07:50.463 V/locapi_rpc_glue( 1576): +loc_api_callback_process_sync_call
01-10 18:07:50.473 V/locapi_rpc_glue( 1576): -loc_api_callback_process_sync_call, no sync call in use
01-10 18:07:50.473 D/RPC     ( 1576): written RPC packet size: [28]
01-10 18:07:50.473 D/RPC     ( 1576): read RPC packet
01-10 18:07:50.473 D/RPC     ( 1576): read RPC packet size: [272]
01-10 18:07:50.473 V/locapi_rpc_glue( 1576): Callback received: 4 (cb_id=0x6280000 handle=1)
01-10 18:07:50.473 V/locapi_rpc_glue( 1576): +loc_api_callback_process_sync_call
01-10 18:07:50.473 V/locapi_rpc_glue( 1576): -loc_api_callback_process_sync_call, no sync call in use
01-10 18:07:50.473 D/RPC     ( 1576): written RPC packet size: [28]
01-10 18:07:50.473 D/RPC     ( 1576): read RPC packet
01-10 18:07:50.473 D/RPC     ( 1576): read RPC packet size: [272]
01-10 18:07:50.483 V/locapi_rpc_glue( 1576): Callback received: 4 (cb_id=0x6280000 handle=1)
01-10 18:07:50.483 V/locapi_rpc_glue( 1576): +loc_api_callback_process_sync_call
01-10 18:07:50.483 V/locapi_rpc_glue( 1576): -loc_api_callback_process_sync_call, no sync call in use
01-10 18:07:50.483 D/RPC     ( 1576): written RPC packet size: [28]
01-10 18:07:50.483 D/RPC     ( 1576): read RPC packet
01-10 18:07:50.483 D/RPC     ( 1576): read RPC packet size: [272]
01-10 18:07:50.483 V/locapi_rpc_glue( 1576): Callback received: 4 (cb_id=0x6280000 handle=1)
01-10 18:07:50.483 V/locapi_rpc_glue( 1576): +loc_api_callback_process_sync_call
01-10 18:07:50.483 V/locapi_rpc_glue( 1576): -loc_api_callback_process_sync_call, no sync call in use
01-10 18:07:50.483 D/RPC     ( 1576): written RPC packet size: [28]
01-10 18:07:50.683 I/System.out( 2701): Values: 0.0 0.0
01-10 18:07:51.154 D/RPC     ( 1576): read RPC packet
01-10 18:07:51.154 D/RPC     ( 1576): read RPC packet size: [208]
01-10 18:07:51.154 V/locapi_rpc_glue( 1576): Callback received: 1 (cb_id=0x6280000 handle=1)
01-10 18:07:51.154 V/locapi_rpc_glue( 1576): +loc_api_callback_process_sync_call
01-10 18:07:51.154 V/locapi_rpc_glue( 1576): -loc_api_callback_process_sync_call, no sync call in use
01-10 18:07:51.154 D/lib_locapi( 1576): loc_eng_report_position: valid mask = 0x606d, sess status = 1
01-10 18:07:51.154 D/RPC     ( 1576): written RPC packet size: [28]
01-10 18:07:51.444 D/RPC     ( 1576): read RPC packet
01-10 18:07:51.444 D/RPC     ( 1576): read RPC packet size: [272]
01-10 18:07:51.444 V/locapi_rpc_glue( 1576): Callback received: 4 (cb_id=0x6280000 handle=1)
01-10 18:07:51.444 V/locapi_rpc_glue( 1576): +loc_api_callback_process_sync_call
01-10 18:07:51.444 V/locapi_rpc_glue( 1576): -loc_api_callback_process_sync_call, no sync call in use
01-10 18:07:51.444 D/RPC     ( 1576): written RPC packet size: [28]
01-10 18:07:51.444 D/RPC     ( 1576): read RPC packet
01-10 18:07:51.444 D/RPC     ( 1576): read RPC packet size: [272]
01-10 18:07:51.444 V/locapi_rpc_glue( 1576): Callback received: 4 (cb_id=0x6280000 handle=1)
01-10 18:07:51.444 V/locapi_rpc_glue( 1576): +loc_api_callback_process_sync_call
01-10 18:07:51.444 V/locapi_rpc_glue( 1576): -loc_api_callback_process_sync_call, no sync call in use
01-10 18:07:51.444 D/RPC     ( 1576): written RPC packet size: [28]
01-10 18:07:51.444 D/RPC     ( 1576): read RPC packet
01-10 18:07:51.444 D/RPC     ( 1576): read RPC packet size: [272]
01-10 18:07:51.444 V/locapi_rpc_glue( 1576): Callback received: 4 (cb_id=0x6280000 handle=1)
01-10 18:07:51.444 V/locapi_rpc_glue( 1576): +loc_api_callback_process_sync_call
01-10 18:07:51.454 V/locapi_rpc_glue( 1576): -loc_api_callback_process_sync_call, no sync call in use
01-10 18:07:51.454 D/RPC     ( 1576): written RPC packet size: [28]
01-10 18:07:51.454 D/RPC     ( 1576): read RPC packet
01-10 18:07:51.454 D/RPC     ( 1576): read RPC packet size: [272]
01-10 18:07:51.454 V/locapi_rpc_glue( 1576): Callback received: 4 (cb_id=0x6280000 handle=1)
01-10 18:07:51.454 V/locapi_rpc_glue( 1576): +loc_api_callback_process_sync_call
01-10 18:07:51.454 V/locapi_rpc_glue( 1576): -loc_api_callback_process_sync_call, no sync call in use
01-10 18:07:51.454 D/RPC     ( 1576): written RPC packet size: [28]
01-10 18:07:51.464 D/RPC     ( 1576): read RPC packet
01-10 18:07:51.464 D/RPC     ( 1576): read RPC packet size: [96]
01-10 18:07:51.464 V/locapi_rpc_glue( 1576): Callback received: 2 (cb_id=0x6280000 handle=1)
01-10 18:07:51.464 V/locapi_rpc_glue( 1576): +loc_api_callback_process_sync_call
01-10 18:07:51.464 V/locapi_rpc_glue( 1576): -loc_api_callback_process_sync_call, no sync call in use
01-10 18:07:51.464 D/lib_locapi( 1576): loc_eng_report_sv: valid_mask = 0x30, num of sv = 0
01-10 18:07:51.464 D/GpsLocationProvider( 1576): reportSvStatus
01-10 18:07:51.464 V/GpsLocationProvider( 1576): SV count: 0 ephemerisMask: 0 almanacMask: 0
01-10 18:07:51.464 D/RPC     ( 1576): written RPC packet size: [28]
01-10 18:07:51.474 D/RPC     ( 1576): read RPC packet
01-10 18:07:51.474 D/RPC     ( 1576): read RPC packet size: [272]
01-10 18:07:51.474 V/locapi_rpc_glue( 1576): Callback received: 4 (cb_id=0x6280000 handle=1)
01-10 18:07:51.474 V/locapi_rpc_glue( 1576): +loc_api_callback_process_sync_call
01-10 18:07:51.474 V/locapi_rpc_glue( 1576): -loc_api_callback_process_sync_call, no sync call in use
01-10 18:07:51.474 D/RPC     ( 1576): written RPC packet size: [28]
01-10 18:07:51.474 D/RPC     ( 1576): read RPC packet
01-10 18:07:51.474 D/RPC     ( 1576): read RPC packet size: [272]
01-10 18:07:51.484 V/locapi_rpc_glue( 1576): Callback received: 4 (cb_id=0x6280000 handle=1)
01-10 18:07:51.484 V/locapi_rpc_glue( 1576): +loc_api_callback_process_sync_call
01-10 18:07:51.484 V/locapi_rpc_glue( 1576): -loc_api_callback_process_sync_call, no sync call in use
01-10 18:07:51.484 D/RPC     ( 1576): written RPC packet size: [28]
01-10 18:07:51.484 D/RPC     ( 1576): read RPC packet
01-10 18:07:51.484 D/RPC     ( 1576): read RPC packet size: [272]
01-10 18:07:51.484 V/locapi_rpc_glue( 1576): Callback received: 4 (cb_id=0x6280000 handle=1)
01-10 18:07:51.484 V/locapi_rpc_glue( 1576): +loc_api_callback_process_sync_call
01-10 18:07:51.484 V/locapi_rpc_glue( 1576): -loc_api_callback_process_sync_call, no sync call in use
01-10 18:07:51.484 D/RPC     ( 1576): written RPC packet size: [28]
01-10 18:07:51.494 D/RPC     ( 1576): read RPC packet
01-10 18:07:51.494 D/RPC     ( 1576): read RPC packet size: [272]
01-10 18:07:51.494 V/locapi_rpc_glue( 1576): Callback received: 4 (cb_id=0x6280000 handle=1)
01-10 18:07:51.494 V/locapi_rpc_glue( 1576): +loc_api_callback_process_sync_call
01-10 18:07:51.494 V/locapi_rpc_glue( 1576): -loc_api_callback_process_sync_call, no sync call in use
01-10 18:07:51.494 D/RPC     ( 1576): written RPC packet size: [28]
01-10 18:07:51.684 I/System.out( 2701): Values: 0.0 0.0
01-10 18:07:52.155 D/RPC     ( 1576): read RPC packet
01-10 18:07:52.155 D/RPC     ( 1576): read RPC packet size: [208]
01-10 18:07:52.155 V/locapi_rpc_glue( 1576): Callback received: 1 (cb_id=0x6280000 handle=1)
01-10 18:07:52.155 V/locapi_rpc_glue( 1576): +loc_api_callback_process_sync_call
01-10 18:07:52.155 V/locapi_rpc_glue( 1576): -loc_api_callback_process_sync_call, no sync call in use
01-10 18:07:52.155 D/lib_locapi( 1576): loc_eng_report_position: valid mask = 0x606d, sess status = 1
01-10 18:07:52.155 D/RPC     ( 1576): written RPC packet size: [28]
01-10 18:07:52.435 D/RPC     ( 1576): read RPC packet
01-10 18:07:52.435 D/RPC     ( 1576): read RPC packet size: [272]
01-10 18:07:52.435 V/locapi_rpc_glue( 1576): Callback received: 4 (cb_id=0x6280000 handle=1)
01-10 18:07:52.435 V/locapi_rpc_glue( 1576): +loc_api_callback_process_sync_call
01-10 18:07:52.435 V/locapi_rpc_glue( 1576): -loc_api_callback_process_sync_call, no sync call in use
01-10 18:07:52.435 D/RPC     ( 1576): written RPC packet size: [28]
01-10 18:07:52.445 D/RPC     ( 1576): read RPC packet
01-10 18:07:52.445 D/RPC     ( 1576): read RPC packet size: [272]
