01-16 18:44:33.010 I/System.out( 2707): Values: 160.0
01-16 18:44:33.010 I/System.out( 2707): Time difference in secs is: 270
01-16 18:44:34.011 I/System.out( 2707): Values: 160.0
01-16 18:44:34.011 I/System.out( 2707): Time difference in secs is: 270
01-16 18:44:35.012 I/System.out( 2707): Values: 160.0
01-16 18:44:35.012 I/System.out( 2707): Time difference in secs is: 270
01-16 18:44:36.013 I/System.out( 2707): Values: 160.0
01-16 18:44:36.013 I/System.out( 2707): Time difference in secs is: 270
01-16 18:44:37.004 I/System.out( 2707): Values: 160.0
01-16 18:44:37.014 I/System.out( 2707): Time difference in secs is: 270
01-16 18:44:38.005 I/System.out( 2707): Values: 160.0
01-16 18:44:38.015 I/System.out( 2707): Time difference in secs is: 270
01-16 18:44:39.016 I/System.out( 2707): Values: 160.0
01-16 18:44:39.016 I/System.out( 2707): Time difference in secs is: 270
01-16 18:44:40.017 I/System.out( 2707): Values: 160.0
01-16 18:44:40.017 I/System.out( 2707): Time difference in secs is: 270
01-16 18:44:41.018 I/System.out( 2707): Values: 160.0
01-16 18:44:41.018 I/System.out( 2707): Time difference in secs is: 270
01-16 18:44:42.019 I/System.out( 2707): Values: 160.0
01-16 18:44:42.019 I/System.out( 2707): Time difference in secs is: 270
01-16 18:44:43.020 I/System.out( 2707): Values: 160.0
01-16 18:44:43.020 I/System.out( 2707): Time difference in secs is: 270
01-16 18:44:44.021 I/System.out( 2707): Values: 160.0
01-16 18:44:44.021 I/System.out( 2707): Time difference in secs is: 270
01-16 18:44:45.022 I/System.out( 2707): Values: 160.0
01-16 18:44:45.022 I/System.out( 2707): Time difference in secs is: 270
01-16 18:44:46.023 I/System.out( 2707): Values: 160.0
01-16 18:44:46.023 I/System.out( 2707): Time difference in secs is: 270
01-16 18:44:47.024 I/System.out( 2707): Values: 160.0
01-16 18:44:47.024 I/System.out( 2707): Time difference in secs is: 270
01-16 18:44:48.015 I/System.out( 2707): Values: 160.0
01-16 18:44:48.015 I/System.out( 2707): Time difference in secs is: 270
01-16 18:44:49.016 I/System.out( 2707): Values: 160.0
01-16 18:44:49.016 I/System.out( 2707): Time difference in secs is: 270
01-16 18:44:50.017 I/System.out( 2707): Values: 160.0
01-16 18:44:50.017 I/System.out( 2707): Time difference in secs is: 270
01-16 18:44:51.018 I/System.out( 2707): Values: 160.0
01-16 18:44:51.018 I/System.out( 2707): Time difference in secs is: 270
01-16 18:44:52.019 I/System.out( 2707): Values: 160.0
01-16 18:44:52.019 I/System.out( 2707): Time difference in secs is: 270
01-16 18:44:52.519 D/UsbnetService( 1574): BroadcastReceiver::onReceive+
01-16 18:44:52.519 D/UsbnetService( 1574): onReceive BATTERY_CHANGED
01-16 18:44:52.519 D/UsbnetService( 1574):  --> pluggedType = 2, mPluggedType = 0, mScreenOff = false
01-16 18:44:52.519 D/UsbnetService( 1574): BroadcastReceiver::onReceive-
01-16 18:44:52.519 D/NotificationService( 1574): mIntentReceiver() Intent.ACTION_BATTERY_CHANGED
01-16 18:44:52.539 D/BatteryService( 1574): SendIntentforPowersaver
01-16 18:44:52.539 D/BatteryService( 1574): Current powersaver status == NORMAL_STATUS1 2 2 false
01-16 18:44:52.549 D/RemoveMe( 1661): DCT got intent android.intent.action.BATTERY_CHANGED
01-16 18:44:52.549 D/RemoveMe( 1661): DCT got intent android.intent.action.BATTERY_CHANGED
01-16 18:44:52.549 D/RemoveMe( 1661): DCT got intent android.intent.action.BATTERY_CHANGED
01-16 18:44:52.549 D/PowerUI ( 1643): closing low battery warning: level=97
01-16 18:44:52.549 D/PowerUI ( 1643): plugged = true, health = 2, mBatteryLevel = 97, mPluggedBatteryLevel = 98, mLowBatteryWarningLevel2 = 25, mshowLowChargingWarning2 = true
01-16 18:44:53.020 I/System.out( 2707): Values: 160.0
01-16 18:44:53.020 I/System.out( 2707): Time difference in secs is: 270
01-16 18:44:54.021 I/System.out( 2707): Values: 160.0
01-16 18:44:54.021 I/System.out( 2707): Time difference in secs is: 270
01-16 18:44:55.022 I/System.out( 2707): Values: 160.0
01-16 18:44:55.022 I/System.out( 2707): Time difference in secs is: 270
01-16 18:44:56.023 I/System.out( 2707): Values: 160.0
01-16 18:44:56.023 I/System.out( 2707): Time difference in secs is: 270
01-16 18:44:56.363 V/WindowManager( 1574): onOrientationChanged, rotation changed to 1
01-16 18:44:56.453 D/SurfaceFlinger( 1438): getTokenForSurface(0xadf44) => 0 (client=0xa26e8, bitmap=00000003), pid=0
01-16 18:44:56.453 D/msm7x30.gralloc( 1438): gpu_context_t::getGrallocInformationFromFormat  2 
01-16 18:44:56.473 D/lights  ( 1574): set_light_buttons_func: on=0 brightness=0
01-16 18:44:56.473 D/PowerManagerService( 1574): button light setOrientation:1
01-16 18:44:56.483 D/lights  ( 1574): set_light_buttons_func: on=16777215 brightness=255
01-16 18:44:56.483 D/lights  ( 1574): set_rotated_rgb_led: on=0 brightness=0
01-16 18:44:56.483 D/lights  ( 1574): [LedInfo] write attr ok name=/sys/class/leds/green-portrait/brightness string=0,len=1
01-16 18:44:56.483 D/lights  ( 1574): set_rotated_rgb_led: on=1 brightness=255
01-16 18:44:56.483 D/lights  ( 1574): [LedInfo] write attr ok name=/sys/class/leds/green-landscape/brightness string=255,len=3
01-16 18:44:56.483 D/PowerManagerService( 1574): setPenMenuButtonLed: 2
01-16 18:44:56.483 D/PowerManagerService( 1574): Set pen menu button led (amber, green, blue) = 0, -1, 0), portrait = false
01-16 18:44:56.493 I/ActivityManager( 1574): Config changed: {1.0 0mcc0mnc en_GB sw600dp w1024dp h552dp lrg long land finger -keyb/v/h -nav/h s.3 skin=default fontsize=0}
01-16 18:44:56.553 I/mode10  ( 1682): loadSkinResource : Package = defaultskinName = default
01-16 18:44:56.563 D/SurfaceFlinger( 1438): virtual void android::Layer::onRemoved(): lcblk (identity=25, status=0, token=0)
01-16 18:44:56.563 D/StatusBar.NetworkController( 1643): mSignalStrength.isGsm() == true
01-16 18:44:56.573 I/mode10  ( 1682): loadSkinResource private
01-16 18:44:56.613 D/msm7x30.gralloc( 1438): gpu_context_t::getGrallocInformationFromFormat  2 
01-16 18:44:56.633 D/ActivityManager( 1574): isSketcherDisabledInCurrentTask():false, ActivityRecord{407ae2a8 uk.ac.st_andrews.cs.host.mk74.energymeasurement.light/.MainActivity}
01-16 18:44:56.693 D/SurfaceFlinger( 1438): getTokenForSurface(0xcae64) => 0 (client=0xcae28, bitmap=00000001), pid=2707
01-16 18:44:56.703 D/msm7x30.gralloc( 1438): gpu_context_t::getGrallocInformationFromFormat  2 
01-16 18:44:56.733 V/WindowManager( 1574): Starting rotation animaiton
01-16 18:44:56.733 D/SurfaceFlinger( 1438): virtual void android::Layer::onRemoved(): lcblk (identity=26, status=0, token=0)
01-16 18:44:56.733 V/WindowManager( 1574): end of ratation animation
01-16 18:44:56.743 D/msm7x30.gralloc( 1438): gpu_context_t::getGrallocInformationFromFormat  2 
01-16 18:44:57.014 I/System.out( 2707): Values: 160.0
01-16 18:44:57.014 I/System.out( 2707): Time difference in secs is: 270
01-16 18:44:57.584 I/System.out( 2707): Values: 90.0
01-16 18:44:57.594 I/System.out( 2707): Battery level end is reached
01-16 18:44:58.025 I/System.out( 2707): Values: 90.0
01-16 18:44:58.025 I/System.out( 2707): Time difference in secs is: 270
01-16 18:44:58.595 I/System.out( 2707): Values: 90.0
01-16 18:44:58.855 D/dalvikvm( 1574): GC_EXPLICIT freed 1236K, 13% free 15812K/17991K, paused 9ms+3ms
01-16 18:44:59.025 I/System.out( 2707): Values: 90.0
01-16 18:44:59.025 I/System.out( 2707): Time difference in secs is: 270
01-16 18:44:59.596 I/System.out( 2707): Values: 90.0
01-16 18:45:00.016 I/System.out( 2707): Values: 90.0
01-16 18:45:00.026 I/System.out( 2707): Time difference in secs is: 270
01-16 18:45:00.046 D/msm7x30.gralloc( 1438): gpu_context_t::getGrallocInformationFromFormat  2 
01-16 18:45:00.597 I/System.out( 2707): Values: 90.0
01-16 18:45:01.027 I/System.out( 2707): Values: 90.0
01-16 18:45:01.027 I/System.out( 2707): Time difference in secs is: 270
01-16 18:45:01.598 I/System.out( 2707): Values: 40.0
01-16 18:45:02.028 I/System.out( 2707): Values: 40.0
01-16 18:45:02.028 I/System.out( 2707): Time difference in secs is: 270
01-16 18:45:02.599 I/System.out( 2707): Values: 40.0
01-16 18:45:03.029 I/System.out( 2707): Values: 40.0
01-16 18:45:03.029 I/System.out( 2707): Time difference in secs is: 270
01-16 18:45:03.600 I/System.out( 2707): Values: 40.0
01-16 18:45:04.030 I/System.out( 2707): Values: 40.0
01-16 18:45:04.030 I/System.out( 2707): Time difference in secs is: 270
01-16 18:45:04.130 V/WindowManager( 1574): onOrientationChanged, rotation changed to 0
01-16 18:45:04.201 D/SurfaceFlinger( 1438): getTokenForSurface(0xc8ffc) => 0 (client=0xa26e8, bitmap=00000003), pid=0
01-16 18:45:04.201 D/msm7x30.gralloc( 1438): gpu_context_t::getGrallocInformationFromFormat  2 
01-16 18:45:04.221 D/lights  ( 1574): set_light_buttons_func: on=0 brightness=0
01-16 18:45:04.221 D/PowerManagerService( 1574): button light setOrientation:0
01-16 18:45:04.231 D/lights  ( 1574): set_light_buttons_func: on=16777215 brightness=255
01-16 18:45:04.231 D/lights  ( 1574): set_rotated_rgb_led: on=0 brightness=0
01-16 18:45:04.231 D/lights  ( 1574): [LedInfo] write attr ok name=/sys/class/leds/green-landscape/brightness string=0,len=1
01-16 18:45:04.231 D/lights  ( 1574): set_rotated_rgb_led: on=1 brightness=255
01-16 18:45:04.231 D/lights  ( 1574): [LedInfo] write attr ok name=/sys/class/leds/green-portrait/brightness string=255,len=3
01-16 18:45:04.231 D/PowerManagerService( 1574): setPenMenuButtonLed: 2
01-16 18:45:04.231 D/PowerManagerService( 1574): Set pen menu button led (amber, green, blue) = 0, -1, 0), portrait = true
01-16 18:45:04.251 I/ActivityManager( 1574): Config changed: {1.0 0mcc0mnc en_GB sw600dp w600dp h976dp lrg long port finger -keyb/v/h -nav/h s.4 skin=default fontsize=0}
01-16 18:45:04.311 I/mode10  ( 1682): loadSkinResource : Package = defaultskinName = default
01-16 18:45:04.311 I/mode10  ( 1682): loadSkinResource private
01-16 18:45:04.311 D/SurfaceFlinger( 1438): virtual void android::Layer::onRemoved(): lcblk (identity=27, status=0, token=0)
01-16 18:45:04.341 D/msm7x30.gralloc( 1438): gpu_context_t::getGrallocInformationFromFormat  2 
01-16 18:45:04.371 D/StatusBar.NetworkController( 1643): mSignalStrength.isGsm() == true
01-16 18:45:04.381 D/msm7x30.gralloc( 1438): gpu_context_t::getGrallocInformationFromFormat  2 
01-16 18:45:04.391 D/ActivityManager( 1574): isSketcherDisabledInCurrentTask():false, ActivityRecord{407ae2a8 uk.ac.st_andrews.cs.host.mk74.energymeasurement.light/.MainActivity}
01-16 18:45:04.401 D/SurfaceFlinger( 1438): getTokenForSurface(0xacd5c) => 0 (client=0xcae28, bitmap=00000001), pid=2707
01-16 18:45:04.411 D/msm7x30.gralloc( 1438): gpu_context_t::getGrallocInformationFromFormat  2 
01-16 18:45:04.441 V/WindowManager( 1574): Starting rotation animaiton
01-16 18:45:04.441 V/WindowManager( 1574): end of ratation animation
01-16 18:45:04.451 D/SurfaceFlinger( 1438): virtual void android::Layer::onRemoved(): lcblk (identity=32, status=0, token=0)
01-16 18:45:04.451 D/msm7x30.gralloc( 1438): gpu_context_t::getGrallocInformationFromFormat  2 
01-16 18:45:04.601 I/System.out( 2707): Values: 40.0
01-16 18:45:05.031 I/System.out( 2707): Values: 40.0
01-16 18:45:05.031 I/System.out( 2707): Time difference in secs is: 270
01-16 18:45:05.352 I/System.out( 2707): Values: 0.0
01-16 18:45:05.352 I/System.out( 2707): Battery level end is reached
01-16 18:45:05.592 I/System.out( 2707): Values: 40.0
01-16 18:45:06.032 I/System.out( 2707): Values: 40.0
01-16 18:45:06.032 I/System.out( 2707): Time difference in secs is: 270
01-16 18:45:06.122 I/WindowOrientationListener( 1574): Orientation only support 2 directions
01-16 18:45:06.353 I/System.out( 2707): Values: 160.0
01-16 18:45:06.533 D/dalvikvm( 1574): GC_EXPLICIT freed 105K, 13% free 15764K/17991K, paused 9ms+3ms
01-16 18:45:06.603 I/System.out( 2707): Values: 160.0
01-16 18:45:07.033 I/System.out( 2707): Values: 160.0
01-16 18:45:07.033 I/System.out( 2707): Time difference in secs is: 270
01-16 18:45:07.344 I/System.out( 2707): Values: 160.0
01-16 18:45:07.604 I/System.out( 2707): Values: 160.0
01-16 18:45:08.034 I/System.out( 2707): Values: 160.0
01-16 18:45:08.034 I/System.out( 2707): Time difference in secs is: 270
01-16 18:45:08.355 I/System.out( 2707): Values: 160.0
01-16 18:45:08.605 I/System.out( 2707): Values: 160.0
01-16 18:45:09.025 I/System.out( 2707): Values: 160.0
01-16 18:45:09.025 I/System.out( 2707): Time difference in secs is: 270
01-16 18:45:09.346 I/System.out( 2707): Values: 160.0
01-16 18:45:09.606 I/System.out( 2707): Values: 160.0
01-16 18:45:10.036 I/System.out( 2707): Values: 160.0
01-16 18:45:10.036 I/System.out( 2707): Time difference in secs is: 270
01-16 18:45:10.347 I/System.out( 2707): Values: 160.0
01-16 18:45:10.597 I/System.out( 2707): Values: 160.0
01-16 18:45:11.027 I/System.out( 2707): Values: 160.0
01-16 18:45:11.027 I/System.out( 2707): Time difference in secs is: 270
01-16 18:45:11.348 I/System.out( 2707): Values: 160.0
01-16 18:45:11.598 I/System.out( 2707): Values: 160.0
01-16 18:45:12.038 I/System.out( 2707): Values: 160.0
01-16 18:45:12.038 I/System.out( 2707): Time difference in secs is: 270
01-16 18:45:12.348 I/System.out( 2707): Values: 160.0
01-16 18:45:12.599 I/System.out( 2707): Values: 160.0
01-16 18:45:13.029 I/System.out( 2707): Values: 160.0
01-16 18:45:13.039 I/System.out( 2707): Time difference in secs is: 270
01-16 18:45:13.349 I/System.out( 2707): Values: 160.0
01-16 18:45:13.600 I/System.out( 2707): Values: 160.0
01-16 18:45:14.030 I/System.out( 2707): Values: 160.0
01-16 18:45:14.040 I/System.out( 2707): Time difference in secs is: 270
01-16 18:45:14.350 I/System.out( 2707): Values: 160.0
01-16 18:45:14.601 I/System.out( 2707): Values: 160.0
01-16 18:45:14.671 D/dalvikvm( 2707): GC_CONCURRENT freed 308K, 7% free 6652K/7111K, paused 5ms+1ms
01-16 18:45:15.031 I/System.out( 2707): Values: 160.0
01-16 18:45:15.041 I/System.out( 2707): Time difference in secs is: 270
01-16 18:45:15.351 I/System.out( 2707): Values: 160.0
01-16 18:45:15.602 I/System.out( 2707): Values: 160.0
01-16 18:45:16.032 I/System.out( 2707): Values: 160.0
01-16 18:45:16.032 I/System.out( 2707): Time difference in secs is: 270
01-16 18:45:16.352 I/System.out( 2707): Values: 160.0
01-16 18:45:16.603 I/System.out( 2707): Values: 160.0
01-16 18:45:17.033 I/System.out( 2707): Values: 160.0
01-16 18:45:17.033 I/System.out( 2707): Time difference in secs is: 270
01-16 18:45:17.353 I/System.out( 2707): Values: 160.0
01-16 18:45:17.604 I/System.out( 2707): Values: 160.0
01-16 18:45:18.034 I/System.out( 2707): Values: 160.0
01-16 18:45:18.034 I/System.out( 2707): Time difference in secs is: 270
01-16 18:45:18.354 I/System.out( 2707): Values: 160.0
01-16 18:45:18.605 I/System.out( 2707): Values: 160.0
01-16 18:45:19.035 I/System.out( 2707): Values: 160.0
01-16 18:45:19.035 I/System.out( 2707): Time difference in secs is: 270
01-16 18:45:19.355 I/System.out( 2707): Values: 160.0
01-16 18:45:19.596 I/System.out( 2707): Values: 160.0
01-16 18:45:20.036 I/System.out( 2707): Values: 160.0
01-16 18:45:20.036 I/System.out( 2707): Time difference in secs is: 270
01-16 18:45:20.356 I/System.out( 2707): Values: 160.0
01-16 18:45:20.597 I/System.out( 2707): Values: 160.0
01-16 18:45:21.037 I/System.out( 2707): Values: 160.0
01-16 18:45:21.037 I/System.out( 2707): Time difference in secs is: 270
01-16 18:45:21.357 I/System.out( 2707): Values: 160.0
01-16 18:45:21.608 I/System.out( 2707): Values: 160.0
01-16 18:45:22.038 I/System.out( 2707): Values: 160.0
01-16 18:45:22.038 I/System.out( 2707): Time difference in secs is: 270
01-16 18:45:22.358 I/System.out( 2707): Values: 160.0
01-16 18:45:22.608 I/System.out( 2707): Values: 160.0
01-16 18:45:23.039 I/System.out( 2707): Values: 160.0
01-16 18:45:23.039 I/System.out( 2707): Time difference in secs is: 270
01-16 18:45:23.359 I/System.out( 2707): Values: 160.0
01-16 18:45:23.609 I/System.out( 2707): Values: 160.0
01-16 18:45:24.040 I/System.out( 2707): Values: 160.0
01-16 18:45:24.040 I/System.out( 2707): Time difference in secs is: 270
01-16 18:45:24.360 I/System.out( 2707): Values: 160.0
01-16 18:45:24.610 I/System.out( 2707): Values: 160.0
01-16 18:45:24.610 D/dalvikvm( 2707): Debugger has detached; object registry had 1 entries
01-16 18:45:24.620 W/Vold    ( 1434): Ignoring unknown switch 'usb_mass_storage'
01-16 18:45:25.041 I/System.out( 2707): Values: 160.0
01-16 18:45:25.041 I/System.out( 2707): Time difference in secs is: 270
01-16 18:45:25.361 I/System.out( 2707): Values: 160.0
01-16 18:45:25.461 W/Vold    ( 1434): Ignoring unknown switch 'usb_mass_storage'
01-16 18:45:25.601 I/System.out( 2707): Values: 160.0
01-16 18:45:26.042 I/System.out( 2707): Values: 160.0
01-16 18:45:26.042 I/System.out( 2707): Time difference in secs is: 270
01-16 18:45:26.362 I/System.out( 2707): Values: 160.0
01-16 18:45:26.602 I/System.out( 2707): Values: 160.0
01-16 18:45:27.043 I/System.out( 2707): Values: 160.0
01-16 18:45:27.043 I/System.out( 2707): Time difference in secs is: 270
01-16 18:45:27.363 I/System.out( 2707): Values: 160.0
01-16 18:45:27.603 I/System.out( 2707): Values: 160.0
01-16 18:45:28.044 I/System.out( 2707): Values: 160.0
01-16 18:45:28.044 I/System.out( 2707): Time difference in secs is: 270
01-16 18:45:28.364 I/System.out( 2707): Values: 160.0
01-16 18:45:28.594 I/System.out( 2707): Values: 160.0
01-16 18:45:29.035 I/System.out( 2707): Values: 160.0
01-16 18:45:29.045 I/System.out( 2707): Time difference in secs is: 270
01-16 18:45:29.365 I/System.out( 2707): Values: 160.0
01-16 18:45:29.605 I/System.out( 2707): Values: 160.0
01-16 18:45:30.036 I/System.out( 2707): Values: 160.0
01-16 18:45:30.036 I/System.out( 2707): Time difference in secs is: 270
01-16 18:45:30.366 I/System.out( 2707): Values: 160.0
01-16 18:45:30.606 I/System.out( 2707): Values: 160.0
01-16 18:45:31.037 I/System.out( 2707): Values: 160.0
01-16 18:45:31.047 I/System.out( 2707): Time difference in secs is: 270
01-16 18:45:31.367 I/System.out( 2707): Values: 160.0
01-16 18:45:31.607 I/System.out( 2707): Values: 160.0
01-16 18:45:32.048 I/System.out( 2707): Values: 160.0
01-16 18:45:32.048 I/System.out( 2707): Time difference in secs is: 270
01-16 18:45:32.368 I/System.out( 2707): Values: 160.0
01-16 18:45:32.608 I/System.out( 2707): Values: 160.0
01-16 18:45:33.049 I/System.out( 2707): Values: 160.0
01-16 18:45:33.049 I/System.out( 2707): Time difference in secs is: 270
