01-16 18:37:58.105 D/CombinedWidgetProvider( 1674): addFxWidget: WidgetSummary(Auto-sync/FX_WIDGET/[I@40c6aac0 x [I@40c6aae0/-2/ComponentInfo{com.htc.rosiewidgets.backgrounddata/com.htc.rosiewidgets.backgrounddata.BackgroundDataWidgetProvider}/[I@40c6ab00)
01-16 18:37:58.105 D/FxWidgetProvider( 1674): row 1
01-16 18:37:58.105 D/CombinedWidgetProvider( 1674): addFxWidget: WidgetSummary(Auto-rotate/FX_WIDGET/[I@40aadae8 x [I@40aadb08/-2/ComponentInfo{com.htc.autorotatewidget/com.htc.autorotatewidget.AutoRotateWidgetProvider}/[I@40aadb28)
01-16 18:37:58.105 D/FxWidgetProvider( 1674): row 1
01-16 18:37:58.145 D/CombinedWidgetProvider( 1674): addFxWidget: WidgetSummary(Stocks/FX_WIDGET/[I@40c6b968 x [I@40756d90/-2/ComponentInfo{com.htc.android.fusion.StockWidget/com.htc.android.fusion.StockWidget.RosieWidgetReceiver}/[I@40756db0)
01-16 18:37:58.155 D/FxWidgetProvider( 1674): row 1
01-16 18:37:58.165 D/CombinedWidgetProvider( 1674): addFxWidget: WidgetSummary(Stocks/FX_WIDGET/[I@40d4b750 x [I@40d4b770/-2/ComponentInfo{com.htc.android.fusion.StockWidget/com.htc.android.fusion.StockWidget.RosieWidgetReceiver}/[I@40d4b790)
01-16 18:37:58.165 D/FxWidgetProvider( 1674): row 1
01-16 18:37:58.185 D/CombinedWidgetProvider( 1674): addFxWidget: WidgetSummary(Stocks/FX_WIDGET/[I@40a33678 x [I@40c82ea0/-2/ComponentInfo{com.htc.android.fusion.StockWidget/com.htc.android.fusion.StockWidget.RosieWidgetReceiver}/[I@40c01010)
01-16 18:37:58.185 D/CombinedWidgetProvider( 1674): -addFxWidgets diff: 2242
01-16 18:37:58.185 D/CombinedWidgetProvider( 1674): +addAppWidgetCategories
01-16 18:37:58.185 D/CombinedWidgetProvider( 1674): add AppWidget category: WidgetCategory(YouTube/APP_WIDGET/0)
01-16 18:37:58.185 D/CombinedWidgetProvider( 1674): add AppWidget category: WidgetCategory(Twitter (large)/APP_WIDGET/0)
01-16 18:37:58.185 D/CombinedWidgetProvider( 1674): add AppWidget category: WidgetCategory(Twitter (small)/APP_WIDGET/0)
01-16 18:37:58.185 D/CombinedWidgetProvider( 1674): add AppWidget category: WidgetCategory(Traffic/APP_WIDGET/0)
01-16 18:37:58.185 D/CombinedWidgetProvider( 1674): add AppWidget category: WidgetCategory(Latitude/APP_WIDGET/0)
01-16 18:37:58.185 D/CombinedWidgetProvider( 1674): add AppWidget category: WidgetCategory(Market/APP_WIDGET/0)
01-16 18:37:58.185 D/CombinedWidgetProvider( 1674): add AppWidget category: WidgetCategory(Google Search/APP_WIDGET/0)
01-16 18:37:58.185 D/CombinedWidgetProvider( 1674): add AppWidget category: WidgetCategory(Gmail/APP_WIDGET/0)
01-16 18:37:58.185 D/CombinedWidgetProvider( 1674): add AppWidget category: WidgetCategory(Bookmarks/APP_WIDGET/0)
01-16 18:37:58.185 D/CombinedWidgetProvider( 1674): -addAppWidgetCategories
01-16 18:37:58.185 D/CombinedWidgetProvider( 1674): +addHtcWidgetCategories
01-16 18:37:58.185 D/CombinedWidgetProvider( 1674):  uri: content://com.htc.launcher.widget.htcwidget/htcwidgets?category_only=true
01-16 18:37:58.185 D/HtcWidgetProvider( 1674): row 1
01-16 18:37:58.195 D/CombinedWidgetProvider( 1674): addHtcWidget Category: WidgetCategory(Tips for Home/HTC_WIDGET/1101)
01-16 18:37:58.195 D/CombinedWidgetProvider( 1674): -addHtcWidgetCategories
01-16 18:37:58.195 D/CombinedWidgetProvider( 1674): +addFxWidgetCategories
01-16 18:37:58.195 D/FxWidgetProvider( 1674): row 94
01-16 18:37:58.235 I/ActivityThread( 2683): Pub com.google.android.googlequicksearchbox.shortcuts: com.google.android.googlequicksearchbox.WebHistoryProvider
01-16 18:37:58.235 I/ActivityThread( 2683): Pub com.google.android.googlequicksearchbox.google: com.google.android.googlequicksearchbox.google.GoogleSuggestionProvider
01-16 18:37:58.305 D/AndroidRuntime( 2692): 
01-16 18:37:58.305 D/AndroidRuntime( 2692): >>>>>> AndroidRuntime START com.android.internal.os.RuntimeInit <<<<<<
01-16 18:37:58.305 D/AndroidRuntime( 2692): CheckJNI is OFF
01-16 18:37:58.405 D/SqliteDatabaseCpp( 2683): dbopen(): path = /data/data/com.google.android.googlequicksearchbox/databases , key = iwf-`awtkvq, flag = 6, file size = 6144
01-16 18:37:58.415 D/SqliteDatabaseCpp( 2683): dbopen(): path = /data/data/com.google.android.googlequicksearchbox/databases , key = iwf-`awtkvq, mode: delete, disk free size: 7854 M, handle: 0x1935d8
01-16 18:37:58.455 D/CursorWindowStats( 2692): Get CursorWindow size from framework resource:4194304
01-16 18:37:58.505 D/AndroidRuntime( 2692): Calling main entry com.android.commands.am.Am
01-16 18:37:58.535 I/ActivityManager( 1574): Starting: Intent { act=android.intent.action.MAIN cat=[android.intent.category.LAUNCHER] flg=0x10000000 cmp=uk.ac.st_andrews.cs.host.mk74.energymeasurement.light/.MainActivity } from pid 2692
01-16 18:37:58.565 D/ActivityManager( 1574): isSketcherDisabledInCurrentTask():false, ActivityRecord{407ae2a8 uk.ac.st_andrews.cs.host.mk74.energymeasurement.light/.MainActivity}
01-16 18:37:58.565 I/ActivityManager( 1574): No longer want com.htc.bg (pid 1886): hidden #16
01-16 18:37:58.585 D/HostWidgetManager( 1674): pauseWidgets: 2
01-16 18:37:58.585 D/AndroidRuntime( 2692): Shutting down VM
01-16 18:37:58.585 I/MySketcher( 2378): onReceive: com.htc.pen.refreshed
01-16 18:37:58.595 D/dalvikvm( 2692): GC_CONCURRENT freed 106K, 81% free 397K/2048K, paused 0ms+0ms
01-16 18:37:58.615 D/jdwp    ( 2692): Got wake-up signal, bailing out of select
01-16 18:37:58.615 D/dalvikvm( 2692): Debugger has detached; object registry had 1 entries
01-16 18:37:58.625 I/MySketcher( 2378): [SketcherWorker] onStartCommand: com.htc.action.PREPARE_VARS
01-16 18:37:58.625 I/MySketcher( 2378): prepareContentVars entered
01-16 18:37:58.625 I/MySketcher( 2378):  getContentView  , in thread:2378
01-16 18:37:58.635 D/SurfaceFlinger( 1438): getTokenForSurface(0xcae64) => 0 (client=0xa26e8, bitmap=00000003), pid=1574
01-16 18:37:58.635 D/msm7x30.gralloc( 1438): gpu_context_t::getGrallocInformationFromFormat  2 
01-16 18:37:58.645 I/ActivityManager( 1574): Start proc uk.ac.st_andrews.cs.host.mk74.energymeasurement.light for activity uk.ac.st_andrews.cs.host.mk74.energymeasurement.light/.MainActivity: pid=2707 uid=10110 gids={}
01-16 18:37:58.705 V/WindowManager( 1574): Starting animation in AppWindowToken{40c21478 token=ActivityRecord{40c1ebc8 com.htc.launcher/.Launcher}} @ 1004918
01-16 18:37:58.705 V/WindowManager( 1574): Starting animation in AppWindowToken{41111050 token=ActivityRecord{407ae2a8 uk.ac.st_andrews.cs.host.mk74.energymeasurement.light/.MainActivity}} @ 1004918
01-16 18:37:58.715 V/WindowManager( 1574): Finished animation in AppWindowToken{40c21478 token=ActivityRecord{40c1ebc8 com.htc.launcher/.Launcher}} @ 1004935
01-16 18:37:58.715 V/WindowManager( 1574): Finished animation in AppWindowToken{41111050 token=ActivityRecord{407ae2a8 uk.ac.st_andrews.cs.host.mk74.energymeasurement.light/.MainActivity}} @ 1004935
01-16 18:37:58.796 D/ActivityManager( 1574): isSketcherDisabledInCurrentTask():false, ActivityRecord{407ae2a8 uk.ac.st_andrews.cs.host.mk74.energymeasurement.light/.MainActivity}
01-16 18:37:58.816 D/SurfaceFlinger( 1438): getTokenForSurface(0x98744) => 0 (client=0xcae28, bitmap=00000001), pid=2707
01-16 18:37:58.846 D/PhoneWindow( 1674): couldn't save which view has focus because the focused view android.widget.RelativeLayout@407c0960 has no id.
01-16 18:37:58.926 D/SurfaceFlinger( 1438): virtual void android::Layer::onRemoved(): lcblk (identity=8, status=0, token=2)
01-16 18:37:58.976 D/SurfaceFlinger( 1438): virtual void android::Layer::onRemoved(): lcblk (identity=7, status=0, token=1)
01-16 18:37:59.026 W/InputManagerService( 1574): Starting input on non-focused client com.android.internal.view.IInputMethodClient$Stub$Proxy@40b47a50 (uid=9999 pid=1674)
01-16 18:37:59.036 D/msm7x30.gralloc( 1438): gpu_context_t::getGrallocInformationFromFormat  2 
01-16 18:37:59.056 I/ActivityManager( 1574): Displayed uk.ac.st_andrews.cs.host.mk74.energymeasurement.light/.MainActivity: +429ms (total +15m47s666ms)
01-16 18:37:59.076 D/msm7x30.gralloc( 1438): gpu_context_t::getGrallocInformationFromFormat  2 
01-16 18:37:59.076 D/SurfaceFlinger( 1438): virtual void android::Layer::onRemoved(): lcblk (identity=23, status=0, token=0)
01-16 18:37:59.096 I/SharedBufferStack( 1438): ShareClientTryLock succeed after 13 trial
01-16 18:37:59.356 I/SimplePen( 2378): created render with defaul alpha: 180, color: -1275068161, width: 3.0
01-16 18:37:59.376 I/ActivityManager( 1574): No longer want com.htc.notes (pid 1844): hidden #16
01-16 18:37:59.376 D/PenUtils( 2378): getAllPen() end 209
01-16 18:37:59.396 D/PenMenu ( 2378): mPenTypeLoadingListener runnable - onFinish
01-16 18:37:59.546 D/CombinedWidgetProvider( 1674): +addFxWidgetCategories: default
01-16 18:37:59.546 D/CombinedWidgetProvider( 1674): addFxWidget Category: WidgetCategory(Watch/FX_WIDGET/-2)
01-16 18:37:59.546 D/CombinedWidgetProvider( 1674): +addFxWidgetCategories: default
01-16 18:37:59.546 D/CombinedWidgetProvider( 1674): addFxWidget Category: WidgetCategory(Mail/FX_WIDGET/-2)
01-16 18:37:59.546 D/CombinedWidgetProvider( 1674): +addFxWidgetCategories: default
01-16 18:37:59.546 D/CombinedWidgetProvider( 1674): addFxWidget Category: WidgetCategory(People/FX_WIDGET/-2)
01-16 18:37:59.546 D/CombinedWidgetProvider( 1674): +addFxWidgetCategories: default
01-16 18:37:59.546 D/CombinedWidgetProvider( 1674): addFxWidget Category: WidgetCategory(Calendar/FX_WIDGET/-2)
01-16 18:37:59.546 D/CombinedWidgetProvider( 1674): +addFxWidgetCategories: default
01-16 18:37:59.546 D/CombinedWidgetProvider( 1674): addFxWidget Category: WidgetCategory(Bookmarks/FX_WIDGET/-2)
01-16 18:37:59.546 D/CombinedWidgetProvider( 1674): +addFxWidgetCategories: default
01-16 18:37:59.546 D/CombinedWidgetProvider( 1674): addFxWidget Category: WidgetCategory(Messages/FX_WIDGET/-2)
01-16 18:37:59.546 D/CombinedWidgetProvider( 1674): +addFxWidgetCategories: default
01-16 18:37:59.546 D/CombinedWidgetProvider( 1674): addFxWidget Category: WidgetCategory(Twitter/FX_WIDGET/-2)
01-16 18:37:59.546 D/CombinedWidgetProvider( 1674): +addFxWidgetCategories: default
01-16 18:37:59.546 D/CombinedWidgetProvider( 1674): addFxWidget Category: WidgetCategory(Trends/FX_WIDGET/-2)
01-16 18:37:59.546 D/CombinedWidgetProvider( 1674): +addFxWidgetCategories: default
01-16 18:37:59.546 D/CombinedWidgetProvider( 1674): addFxWidget Category: WidgetCategory(Sync All/FX_WIDGET/-2)
01-16 18:37:59.546 D/CombinedWidgetProvider( 1674): +addFxWidgetCategories: default
01-16 18:37:59.546 D/CombinedWidgetProvider( 1674): addFxWidget Category: WidgetCategory(Music/FX_WIDGET/-2)
01-16 18:37:59.546 D/CombinedWidgetProvider( 1674): +addFxWidgetCategories: default
01-16 18:37:59.546 D/CombinedWidgetProvider( 1674): addFxWidget Category: WidgetCategory(Friend Stream/FX_WIDGET/-2)
01-16 18:37:59.546 D/CombinedWidgetProvider( 1674): +addFxWidgetCategories: default
01-16 18:37:59.546 D/CombinedWidgetProvider( 1674): addFxWidget Category: WidgetCategory(My Shelf/FX_WIDGET/-2)
01-16 18:37:59.546 D/CombinedWidgetProvider( 1674): +addFxWidgetCategories: default
01-16 18:37:59.546 D/CombinedWidgetProvider( 1674): addFxWidget Category: WidgetCategory(Weather/FX_WIDGET/-2)
01-16 18:37:59.546 D/CombinedWidgetProvider( 1674): +addFxWidgetCategories: default
01-16 18:37:59.546 D/CombinedWidgetProvider( 1674): addFxWidget Category: WidgetCategory(Notes/FX_WIDGET/-2)
01-16 18:37:59.546 D/CombinedWidgetProvider( 1674): +addFxWidgetCategories: default
01-16 18:37:59.556 D/CombinedWidgetProvider( 1674): addFxWidget Category: WidgetCategory(HTC Likes/FX_WIDGET/-2)
01-16 18:37:59.556 D/CombinedWidgetProvider( 1674): +addFxWidgetCategories: default
01-16 18:37:59.556 D/CombinedWidgetProvider( 1674): addFxWidget Category: WidgetCategory(Photo Album/FX_WIDGET/-2)
01-16 18:37:59.556 D/CombinedWidgetProvider( 1674): +addFxWidgetCategories: default
01-16 18:37:59.556 D/CombinedWidgetProvider( 1674): addFxWidget Category: WidgetCategory(Photo Frame/FX_WIDGET/-2)
01-16 18:37:59.556 D/CombinedWidgetProvider( 1674): +addFxWidgetCategories: default
01-16 18:37:59.556 D/CombinedWidgetProvider( 1674): addFxWidget Category: WidgetCategory(Photo Grid/FX_WIDGET/-2)
01-16 18:37:59.556 D/CombinedWidgetProvider( 1674): +addFxWidgetCategories: default
01-16 18:37:59.556 D/CombinedWidgetProvider( 1674): addFxWidget Category: WidgetCategory(Navigate/FX_WIDGET/-2)
01-16 18:37:59.556 D/CombinedWidgetProvider( 1674): +addFxWidgetCategories: default
01-16 18:37:59.556 D/CombinedWidgetProvider( 1674): addFxWidget Category: WidgetCategory(Locations/FX_WIDGET/-2)
01-16 18:37:59.556 D/CombinedWidgetProvider( 1674): +addFxWidgetCategories: default
01-16 18:37:59.556 D/CombinedWidgetProvider( 1674): addFxWidget Category: WidgetCategory(News/FX_WIDGET/-2)
01-16 18:37:59.556 D/CombinedWidgetProvider( 1674): +addFxWidgetCategories: default
01-16 18:37:59.556 D/CombinedWidgetProvider( 1674): addFxWidget Category: WidgetCategory(Clock/FX_WIDGET/-2)
01-16 18:37:59.556 D/CombinedWidgetProvider( 1674): +addFxWidgetCategories: default
01-16 18:37:59.556 D/CombinedWidgetProvider( 1674): addFxWidget Category: WidgetCategory(Calculator/FX_WIDGET/-2)
01-16 18:37:59.556 D/CombinedWidgetProvider( 1674): +addFxWidgetCategories: default
01-16 18:37:59.556 D/CombinedWidgetProvider( 1674): addFxWidget Category: WidgetCategory(Stocks/FX_WIDGET/-2)
01-16 18:37:59.556 D/CombinedWidgetProvider( 1674): -addFxWidgetCategories
01-16 18:37:59.576 D/dalvikvm( 2378): GC_CONCURRENT freed 1259K, 15% free 8302K/9671K, paused 1ms+24ms
01-16 18:37:59.616 D/dalvikvm( 1674): GC_CONCURRENT freed 1593K, 15% free 11702K/13703K, paused 2ms+25ms
01-16 18:37:59.676 D/dalvikvm( 2378): GC_CONCURRENT freed 198K, 10% free 8723K/9671K, paused 1ms+5ms
01-16 18:37:59.706 D/dalvikvm( 2378): GC_FOR_ALLOC freed 383K, 10% free 8776K/9671K, paused 22ms
01-16 18:37:59.766 I/System.out( 2707): Values: 10240.0
01-16 18:37:59.796 D/dalvikvm( 2378): GC_FOR_ALLOC freed 808K, 14% free 8350K/9671K, paused 23ms
01-16 18:37:59.857 D/dalvikvm( 2378): GC_CONCURRENT freed 222K, 10% free 8746K/9671K, paused 2ms+1ms
01-16 18:37:59.887 D/dalvikvm( 2378): GC_FOR_ALLOC freed 351K, 10% free 8773K/9671K, paused 14ms
01-16 18:38:00.167 D/dalvikvm( 1662): GC_CONCURRENT freed 290K, 10% free 7892K/8711K, paused 1ms+2ms
01-16 18:38:00.767 I/System.out( 2707): Values: 10240.0
01-16 18:38:01.768 I/System.out( 2707): Values: 10240.0
01-16 18:38:02.769 I/System.out( 2707): Values: 10240.0
01-16 18:38:03.770 I/System.out( 2707): Values: 10240.0
01-16 18:38:04.771 I/System.out( 2707): Values: 10240.0
01-16 18:38:05.092 D/dalvikvm( 1674): GC_EXPLICIT freed 1425K, 26% free 10277K/13703K, paused 7ms+3ms
01-16 18:38:05.772 I/System.out( 2707): Values: 10240.0
01-16 18:38:06.773 I/System.out( 2707): Values: 10240.0
01-16 18:38:07.774 I/System.out( 2707): Values: 10240.0
01-16 18:38:08.765 I/System.out( 2707): Values: 10240.0
01-16 18:38:09.766 I/System.out( 2707): Values: 10240.0
01-16 18:38:10.077 D/dalvikvm( 2378): GC_EXPLICIT freed 44K, 10% free 8758K/9671K, paused 5ms+1ms
01-16 18:38:10.767 I/System.out( 2707): Values: 10240.0
01-16 18:38:11.768 I/System.out( 2707): Values: 10240.0
01-16 18:38:12.769 I/System.out( 2707): Values: 10240.0
01-16 18:38:13.780 I/System.out( 2707): Values: 10240.0
01-16 18:38:14.771 I/System.out( 2707): Values: 10240.0
01-16 18:38:15.101 D/dalvikvm( 2499): GC_EXPLICIT freed 182K, 5% free 7489K/7815K, paused 5ms+3ms
01-16 18:38:15.772 I/System.out( 2707): Values: 10240.0
01-16 18:38:16.773 I/System.out( 2707): Values: 10240.0
01-16 18:38:17.774 I/System.out( 2707): Values: 10240.0
01-16 18:38:18.775 I/System.out( 2707): Values: 10240.0
01-16 18:38:19.776 I/System.out( 2707): Values: 10240.0
01-16 18:38:20.096 D/dalvikvm( 2151): GC_EXPLICIT freed 87K, 5% free 6697K/7047K, paused 5ms+1ms
01-16 18:38:20.777 I/System.out( 2707): Values: 10240.0
01-16 18:38:21.778 I/System.out( 2707): Values: 10240.0
01-16 18:38:21.968 D/UsbnetService( 1574): BroadcastReceiver::onReceive+
01-16 18:38:21.968 D/UsbnetService( 1574): onReceive BATTERY_CHANGED
01-16 18:38:21.968 D/UsbnetService( 1574):  --> pluggedType = 2, mPluggedType = 0, mScreenOff = false
01-16 18:38:21.968 D/UsbnetService( 1574): BroadcastReceiver::onReceive-
01-16 18:38:21.978 D/BatteryService( 1574): SendIntentforPowersaver
01-16 18:38:21.978 D/NotificationService( 1574): mIntentReceiver() Intent.ACTION_BATTERY_CHANGED
01-16 18:38:21.988 D/BatteryService( 1574): Current powersaver status == NORMAL_STATUS1 2 2 false
01-16 18:38:21.998 D/PowerUI ( 1643): closing low battery warning: level=99
01-16 18:38:22.008 D/RemoveMe( 1661): DCT got intent android.intent.action.BATTERY_CHANGED
01-16 18:38:22.008 D/RemoveMe( 1661): DCT got intent android.intent.action.BATTERY_CHANGED
01-16 18:38:22.008 D/RemoveMe( 1661): DCT got intent android.intent.action.BATTERY_CHANGED
01-16 18:38:22.008 D/PowerUI ( 1643): plugged = true, health = 2, mBatteryLevel = 99, mPluggedBatteryLevel = 98, mLowBatteryWarningLevel2 = 25, mshowLowChargingWarning2 = true
01-16 18:38:22.779 I/System.out( 2707): Values: 10240.0
01-16 18:38:23.780 I/System.out( 2707): Values: 10240.0
01-16 18:38:24.781 I/System.out( 2707): Values: 10240.0
01-16 18:38:25.782 I/System.out( 2707): Values: 10240.0
01-16 18:38:26.773 I/System.out( 2707): Values: 10240.0
01-16 18:38:27.784 I/System.out( 2707): Values: 10240.0
01-16 18:38:28.785 I/System.out( 2707): Values: 10240.0
01-16 18:38:29.786 I/System.out( 2707): Values: 10240.0
01-16 18:38:30.787 I/System.out( 2707): Values: 10240.0
01-16 18:38:31.788 I/System.out( 2707): Values: 10240.0
01-16 18:38:32.789 I/System.out( 2707): Values: 10240.0
01-16 18:38:33.790 I/System.out( 2707): Values: 10240.0
01-16 18:38:34.791 I/System.out( 2707): Values: 10240.0
01-16 18:38:35.792 I/System.out( 2707): Values: 10240.0
01-16 18:38:36.783 I/System.out( 2707): Values: 10240.0
01-16 18:38:37.794 I/System.out( 2707): Values: 10240.0
01-16 18:38:38.785 I/System.out( 2707): Values: 10240.0
01-16 18:38:39.796 I/System.out( 2707): Values: 10240.0
01-16 18:38:40.786 I/System.out( 2707): Values: 10240.0
01-16 18:38:41.787 I/System.out( 2707): Values: 10240.0
01-16 18:38:42.788 I/System.out( 2707): Values: 10240.0
01-16 18:38:43.799 I/System.out( 2707): Values: 10240.0
01-16 18:38:44.800 I/System.out( 2707): Values: 10240.0
01-16 18:38:45.801 I/System.out( 2707): Values: 10240.0
01-16 18:38:46.792 I/System.out( 2707): Values: 10240.0
01-16 18:38:47.793 I/System.out( 2707): Values: 10240.0
01-16 18:38:48.794 I/System.out( 2707): Values: 10240.0
01-16 18:38:49.795 I/System.out( 2707): Values: 10240.0
01-16 18:38:50.796 I/System.out( 2707): Values: 10240.0
01-16 18:38:51.797 I/System.out( 2707): Values: 10240.0
01-16 18:38:52.027 D/UsbnetService( 1574): BroadcastReceiver::onReceive+
01-16 18:38:52.027 D/UsbnetService( 1574): onReceive BATTERY_CHANGED
01-16 18:38:52.027 D/UsbnetService( 1574):  --> pluggedType = 2, mPluggedType = 0, mScreenOff = false
01-16 18:38:52.037 D/UsbnetService( 1574): BroadcastReceiver::onReceive-
01-16 18:38:52.037 D/BatteryService( 1574): SendIntentforPowersaver
01-16 18:38:52.037 D/NotificationService( 1574): mIntentReceiver() Intent.ACTION_BATTERY_CHANGED
01-16 18:38:52.047 D/BatteryService( 1574): Current powersaver status == NORMAL_STATUS1 2 2 false
01-16 18:38:52.057 D/PowerUI ( 1643): closing low battery warning: level=99
01-16 18:38:52.057 D/RemoveMe( 1661): DCT got intent android.intent.action.BATTERY_CHANGED
01-16 18:38:52.067 D/PowerUI ( 1643): plugged = true, health = 2, mBatteryLevel = 99, mPluggedBatteryLevel = 98, mLowBatteryWarningLevel2 = 25, mshowLowChargingWarning2 = true
01-16 18:38:52.077 D/RemoveMe( 1661): DCT got intent android.intent.action.BATTERY_CHANGED
01-16 18:38:52.077 D/RemoveMe( 1661): DCT got intent android.intent.action.BATTERY_CHANGED
01-16 18:38:52.798 I/System.out( 2707): Values: 10240.0
01-16 18:38:53.799 I/System.out( 2707): Values: 10240.0
01-16 18:38:54.800 I/System.out( 2707): Values: 10240.0
01-16 18:38:55.801 I/System.out( 2707): Values: 10240.0
01-16 18:38:56.792 I/System.out( 2707): Values: 10240.0
01-16 18:38:57.803 I/System.out( 2707): Values: 10240.0
01-16 18:38:58.804 I/System.out( 2707): Values: 10240.0
01-16 18:38:59.805 I/System.out( 2707): Values: 10240.0
01-16 18:39:00.796 I/System.out( 2707): Values: 10240.0
01-16 18:39:01.797 I/System.out( 2707): Values: 10240.0
01-16 18:39:02.808 I/System.out( 2707): Values: 10240.0
01-16 18:39:03.809 I/System.out( 2707): Values: 10240.0
01-16 18:39:04.810 I/System.out( 2707): Values: 10240.0
01-16 18:39:05.811 I/System.out( 2707): Values: 10240.0
01-16 18:39:06.812 I/System.out( 2707): Values: 10240.0
01-16 18:39:07.803 I/System.out( 2707): Values: 10240.0
01-16 18:39:08.804 I/System.out( 2707): Values: 10240.0
01-16 18:39:09.805 I/System.out( 2707): Values: 10240.0
01-16 18:39:10.806 I/System.out( 2707): Values: 10240.0
01-16 18:39:11.807 I/System.out( 2707): Values: 10240.0
01-16 18:39:12.808 I/System.out( 2707): Values: 10240.0
01-16 18:39:13.809 I/System.out( 2707): Values: 10240.0
01-16 18:39:14.810 I/System.out( 2707): Values: 10240.0
01-16 18:39:15.811 I/System.out( 2707): Values: 10240.0
01-16 18:39:16.812 I/System.out( 2707): Values: 10240.0
01-16 18:39:17.803 I/System.out( 2707): Values: 10240.0
01-16 18:39:18.814 I/System.out( 2707): Values: 10240.0
01-16 18:39:19.815 I/System.out( 2707): Values: 10240.0
01-16 18:39:20.816 I/System.out( 2707): Values: 10240.0
01-16 18:39:21.817 I/System.out( 2707): Values: 10240.0
01-16 18:39:22.057 D/UsbnetService( 1574): BroadcastReceiver::onReceive+
01-16 18:39:22.057 D/UsbnetService( 1574): onReceive BATTERY_CHANGED
01-16 18:39:22.067 D/UsbnetService( 1574):  --> pluggedType = 2, mPluggedType = 0, mScreenOff = false
01-16 18:39:22.067 D/UsbnetService( 1574): BroadcastReceiver::onReceive-
01-16 18:39:22.067 D/NotificationService( 1574): mIntentReceiver() Intent.ACTION_BATTERY_CHANGED
01-16 18:39:22.077 D/BatteryService( 1574): SendIntentforPowersaver
01-16 18:39:22.077 D/BatteryService( 1574): Current powersaver status == NORMAL_STATUS1 2 2 false
01-16 18:39:22.087 D/PowerUI ( 1643): closing low battery warning: level=98
01-16 18:39:22.087 D/RemoveMe( 1661): DCT got intent android.intent.action.BATTERY_CHANGED
01-16 18:39:22.087 D/PowerUI ( 1643): plugged = true, health = 2, mBatteryLevel = 98, mPluggedBatteryLevel = 98, mLowBatteryWarningLevel2 = 25, mshowLowChargingWarning2 = true
01-16 18:39:22.097 D/RemoveMe( 1661): DCT got intent android.intent.action.BATTERY_CHANGED
01-16 18:39:22.097 D/RemoveMe( 1661): DCT got intent android.intent.action.BATTERY_CHANGED
01-16 18:39:22.817 I/System.out( 2707): Values: 10240.0
01-16 18:39:22.817 I/System.out( 2707): Battery level start is reached
01-16 18:39:23.818 I/System.out( 2707): Values: 10240.0
01-16 18:39:24.819 I/System.out( 2707): Values: 10240.0
01-16 18:39:25.820 I/System.out( 2707): Values: 10240.0
01-16 18:39:26.821 I/System.out( 2707): Values: 10240.0
01-16 18:39:27.812 I/System.out( 2707): Values: 10240.0
01-16 18:39:28.823 I/System.out( 2707): Values: 10240.0
01-16 18:39:29.814 I/System.out( 2707): Values: 10240.0
01-16 18:39:30.815 I/System.out( 2707): Values: 10240.0
01-16 18:39:31.826 I/System.out( 2707): Values: 10240.0
01-16 18:39:32.827 I/System.out( 2707): Values: 10240.0
01-16 18:39:33.828 I/System.out( 2707): Values: 10240.0
01-16 18:39:34.829 I/System.out( 2707): Values: 10240.0
01-16 18:39:35.830 I/System.out( 2707): Values: 10240.0
01-16 18:39:36.831 I/System.out( 2707): Values: 10240.0
01-16 18:39:37.832 I/System.out( 2707): Values: 10240.0
01-16 18:39:38.833 I/System.out( 2707): Values: 10240.0
01-16 18:39:39.834 I/System.out( 2707): Values: 10240.0
01-16 18:39:40.835 I/System.out( 2707): Values: 10240.0
01-16 18:39:41.836 I/System.out( 2707): Values: 10240.0
01-16 18:39:42.837 I/System.out( 2707): Values: 10240.0
01-16 18:39:43.828 I/System.out( 2707): Values: 10240.0
01-16 18:39:44.829 I/System.out( 2707): Values: 10240.0
01-16 18:39:45.830 I/System.out( 2707): Values: 10240.0
01-16 18:39:46.831 I/System.out( 2707): Values: 10240.0
01-16 18:39:47.832 I/System.out( 2707): Values: 10240.0
01-16 18:39:48.833 I/System.out( 2707): Values: 10240.0
01-16 18:39:49.834 I/System.out( 2707): Values: 10240.0
01-16 18:39:50.835 I/System.out( 2707): Values: 10240.0
01-16 18:39:51.836 I/System.out( 2707): Values: 10240.0
01-16 18:39:52.096 D/UsbnetService( 1574): BroadcastReceiver::onReceive+
01-16 18:39:52.096 D/UsbnetService( 1574): onReceive BATTERY_CHANGED
01-16 18:39:52.096 D/UsbnetService( 1574):  --> pluggedType = 2, mPluggedType = 0, mScreenOff = false
01-16 18:39:52.096 D/UsbnetService( 1574): BroadcastReceiver::onReceive-
01-16 18:39:52.096 D/NotificationService( 1574): mIntentReceiver() Intent.ACTION_BATTERY_CHANGED
01-16 18:39:52.116 D/BatteryService( 1574): SendIntentforPowersaver
01-16 18:39:52.116 D/BatteryService( 1574): Current powersaver status == NORMAL_STATUS1 2 2 false
01-16 18:39:52.126 D/RemoveMe( 1661): DCT got intent android.intent.action.BATTERY_CHANGED
01-16 18:39:52.126 D/PowerUI ( 1643): closing low battery warning: level=98
01-16 18:39:52.126 D/PowerUI ( 1643): plugged = true, health = 2, mBatteryLevel = 98, mPluggedBatteryLevel = 98, mLowBatteryWarningLevel2 = 25, mshowLowChargingWarning2 = true
01-16 18:39:52.136 D/RemoveMe( 1661): DCT got intent android.intent.action.BATTERY_CHANGED
01-16 18:39:52.146 D/RemoveMe( 1661): DCT got intent android.intent.action.BATTERY_CHANGED
01-16 18:39:52.837 I/System.out( 2707): Values: 10240.0
01-16 18:39:53.838 I/System.out( 2707): Values: 10240.0
01-16 18:39:54.839 I/System.out( 2707): Values: 10240.0
01-16 18:39:55.840 I/System.out( 2707): Values: 10240.0
01-16 18:39:56.841 I/System.out( 2707): Values: 10240.0
01-16 18:39:57.842 I/System.out( 2707): Values: 10240.0
01-16 18:39:58.843 I/System.out( 2707): Values: 10240.0
01-16 18:39:59.844 I/System.out( 2707): Values: 10240.0
01-16 18:40:00.835 I/System.out( 2707): Values: 10240.0
01-16 18:40:01.836 I/System.out( 2707): Values: 10240.0
01-16 18:40:02.847 I/System.out( 2707): Values: 10240.0
01-16 18:40:03.848 I/System.out( 2707): Values: 10240.0
01-16 18:40:04.848 I/System.out( 2707): Values: 10240.0
01-16 18:40:05.099 D/dalvikvm( 1674): GC_EXPLICIT freed 7K, 26% free 10271K/13703K, paused 7ms+2ms
01-16 18:40:05.849 I/System.out( 2707): Values: 10240.0
01-16 18:40:06.850 I/System.out( 2707): Values: 10240.0
01-16 18:40:07.851 I/System.out( 2707): Values: 10240.0
01-16 18:40:08.852 I/System.out( 2707): Values: 10240.0
01-16 18:40:09.853 I/System.out( 2707): Values: 10240.0
01-16 18:40:10.854 I/System.out( 2707): Values: 10240.0
01-16 18:40:11.845 I/System.out( 2707): Values: 10240.0
01-16 18:40:12.846 I/System.out( 2707): Values: 10240.0
01-16 18:40:13.857 I/System.out( 2707): Values: 10240.0
01-16 18:40:14.858 I/System.out( 2707): Values: 10240.0
01-16 18:40:15.849 I/System.out( 2707): Values: 10240.0
01-16 18:40:16.850 I/System.out( 2707): Values: 10240.0
01-16 18:40:17.851 I/System.out( 2707): Values: 10240.0
01-16 18:40:18.852 I/System.out( 2707): Values: 10240.0
01-16 18:40:19.853 I/System.out( 2707): Values: 10240.0
01-16 18:40:20.854 I/System.out( 2707): Values: 10240.0
01-16 18:40:21.855 I/System.out( 2707): Values: 10240.0
01-16 18:40:22.856 I/System.out( 2707): Values: 10240.0
01-16 18:40:23.857 I/System.out( 2707): Values: 10240.0
01-16 18:40:24.858 I/System.out( 2707): Values: 10240.0
01-16 18:40:24.928 D/dalvikvm( 2707): GC_CONCURRENT freed 338K, 7% free 6555K/6983K, paused 6ms+1ms
01-16 18:40:25.859 I/System.out( 2707): Values: 10240.0
01-16 18:40:26.860 I/System.out( 2707): Values: 10240.0
01-16 18:40:27.861 I/System.out( 2707): Values: 10240.0
01-16 18:40:28.862 I/System.out( 2707): Values: 10240.0
01-16 18:40:29.853 I/System.out( 2707): Values: 10240.0
01-16 18:40:30.864 I/System.out( 2707): Values: 10240.0
01-16 18:40:31.865 I/System.out( 2707): Values: 10240.0
01-16 18:40:32.866 I/System.out( 2707): Values: 10240.0
01-16 18:40:33.867 I/System.out( 2707): Values: 10240.0
01-16 18:40:34.868 I/System.out( 2707): Values: 10240.0
01-16 18:40:35.869 I/System.out( 2707): Values: 10240.0
01-16 18:40:36.870 I/System.out( 2707): Values: 10240.0
01-16 18:40:37.871 I/System.out( 2707): Values: 10240.0
01-16 18:40:38.872 I/System.out( 2707): Values: 10240.0
01-16 18:40:39.873 I/System.out( 2707): Values: 10240.0
01-16 18:40:40.874 I/System.out( 2707): Values: 10240.0
01-16 18:40:41.875 I/System.out( 2707): Values: 10240.0
01-16 18:40:42.876 I/System.out( 2707): Values: 10240.0
01-16 18:40:43.877 I/System.out( 2707): Values: 10240.0
01-16 18:40:44.868 I/System.out( 2707): Values: 10240.0
01-16 18:40:45.869 I/System.out( 2707): Values: 10240.0
01-16 18:40:46.879 I/System.out( 2707): Values: 40.0
01-16 18:40:47.880 I/System.out( 2707): Values: 40.0
01-16 18:40:48.881 I/System.out( 2707): Values: 160.0
01-16 18:40:49.872 I/System.out( 2707): Values: 160.0
01-16 18:40:50.873 I/System.out( 2707): Values: 160.0
01-16 18:40:51.874 I/System.out( 2707): Values: 160.0
01-16 18:40:52.175 D/UsbnetService( 1574): BroadcastReceiver::onReceive+
01-16 18:40:52.175 D/UsbnetService( 1574): onReceive BATTERY_CHANGED
01-16 18:40:52.175 D/UsbnetService( 1574):  --> pluggedType = 2, mPluggedType = 0, mScreenOff = false
01-16 18:40:52.175 D/UsbnetService( 1574): BroadcastReceiver::onReceive-
01-16 18:40:52.175 D/NotificationService( 1574): mIntentReceiver() Intent.ACTION_BATTERY_CHANGED
01-16 18:40:52.195 D/BatteryService( 1574): SendIntentforPowersaver
01-16 18:40:52.195 D/BatteryService( 1574): Current powersaver status == NORMAL_STATUS1 2 2 false
01-16 18:40:52.195 D/PowerUI ( 1643): closing low battery warning: level=98
01-16 18:40:52.205 D/RemoveMe( 1661): DCT got intent android.intent.action.BATTERY_CHANGED
01-16 18:40:52.205 D/PowerUI ( 1643): plugged = true, health = 2, mBatteryLevel = 98, mPluggedBatteryLevel = 98, mLowBatteryWarningLevel2 = 25, mshowLowChargingWarning2 = true
01-16 18:40:52.215 D/RemoveMe( 1661): DCT got intent android.intent.action.BATTERY_CHANGED
01-16 18:40:52.215 D/RemoveMe( 1661): DCT got intent android.intent.action.BATTERY_CHANGED
01-16 18:40:52.875 I/System.out( 2707): Values: 160.0
01-16 18:40:53.876 I/System.out( 2707): Values: 160.0
01-16 18:40:54.877 I/System.out( 2707): Values: 160.0
01-16 18:40:55.878 I/System.out( 2707): Values: 160.0
01-16 18:40:56.879 I/System.out( 2707): Values: 160.0
01-16 18:40:57.880 I/System.out( 2707): Values: 160.0
01-16 18:40:58.881 I/System.out( 2707): Values: 160.0
01-16 18:40:59.872 I/System.out( 2707): Values: 160.0
01-16 18:41:00.883 I/System.out( 2707): Values: 160.0
01-16 18:41:01.884 I/System.out( 2707): Values: 160.0
01-16 18:41:02.885 I/System.out( 2707): Values: 160.0
01-16 18:41:03.886 I/System.out( 2707): Values: 160.0
01-16 18:41:04.887 I/System.out( 2707): Values: 160.0
01-16 18:41:05.888 I/System.out( 2707): Values: 160.0
01-16 18:41:06.889 I/System.out( 2707): Values: 160.0
01-16 18:41:07.890 I/System.out( 2707): Values: 160.0
01-16 18:41:08.891 I/System.out( 2707): Values: 160.0
01-16 18:41:09.882 I/System.out( 2707): Values: 160.0
01-16 18:41:10.893 I/System.out( 2707): Values: 160.0
01-16 18:41:11.894 I/System.out( 2707): Values: 160.0
01-16 18:41:12.895 I/System.out( 2707): Values: 160.0
01-16 18:41:13.896 I/System.out( 2707): Values: 160.0
01-16 18:41:14.887 I/System.out( 2707): Values: 160.0
01-16 18:41:15.888 I/System.out( 2707): Values: 160.0
01-16 18:41:16.889 I/System.out( 2707): Values: 160.0
01-16 18:41:17.890 I/System.out( 2707): Values: 160.0
01-16 18:41:18.891 I/System.out( 2707): Values: 160.0
01-16 18:41:19.892 I/System.out( 2707): Values: 160.0
01-16 18:41:20.893 I/System.out( 2707): Values: 160.0
01-16 18:41:21.894 I/System.out( 2707): Values: 160.0
01-16 18:41:22.895 I/System.out( 2707): Values: 160.0
01-16 18:41:23.896 I/System.out( 2707): Values: 160.0
01-16 18:41:24.897 I/System.out( 2707): Values: 160.0
01-16 18:41:25.898 I/System.out( 2707): Values: 160.0
01-16 18:41:26.899 I/System.out( 2707): Values: 160.0
01-16 18:41:27.900 I/System.out( 2707): Values: 160.0
01-16 18:41:28.900 I/System.out( 2707): Values: 160.0
01-16 18:41:29.901 I/System.out( 2707): Values: 160.0
01-16 18:41:30.902 I/System.out( 2707): Values: 160.0
01-16 18:41:31.903 I/System.out( 2707): Values: 160.0
01-16 18:41:32.904 I/System.out( 2707): Values: 160.0
01-16 18:41:33.905 I/System.out( 2707): Values: 160.0
01-16 18:41:34.906 I/System.out( 2707): Values: 160.0
01-16 18:41:35.907 I/System.out( 2707): Values: 160.0
01-16 18:41:36.908 I/System.out( 2707): Values: 160.0
01-16 18:41:37.909 I/System.out( 2707): Values: 160.0
01-16 18:41:38.910 I/System.out( 2707): Values: 160.0
01-16 18:41:39.911 I/System.out( 2707): Values: 160.0
01-16 18:41:40.912 I/System.out( 2707): Values: 160.0
01-16 18:41:41.913 I/System.out( 2707): Values: 160.0
01-16 18:41:42.914 I/System.out( 2707): Values: 160.0
01-16 18:41:43.905 I/System.out( 2707): Values: 160.0
01-16 18:41:44.916 I/System.out( 2707): Values: 160.0
01-16 18:41:45.917 I/System.out( 2707): Values: 160.0
01-16 18:41:46.918 I/System.out( 2707): Values: 160.0
01-16 18:41:47.919 I/System.out( 2707): Values: 160.0
01-16 18:41:48.920 I/System.out( 2707): Values: 160.0
01-16 18:41:49.921 I/System.out( 2707): Values: 160.0
01-16 18:41:50.922 I/System.out( 2707): Values: 160.0
01-16 18:41:51.923 I/System.out( 2707): Values: 160.0
01-16 18:41:52.924 I/System.out( 2707): Values: 160.0
01-16 18:41:53.925 I/System.out( 2707): Values: 160.0
01-16 18:41:54.926 I/System.out( 2707): Values: 160.0
01-16 18:41:55.927 I/System.out( 2707): Values: 160.0
01-16 18:41:56.928 I/System.out( 2707): Values: 160.0
01-16 18:41:57.919 I/System.out( 2707): Values: 160.0
01-16 18:41:58.930 I/System.out( 2707): Values: 160.0
01-16 18:41:59.931 I/System.out( 2707): Values: 160.0
01-16 18:42:00.932 I/System.out( 2707): Values: 160.0
01-16 18:42:01.923 I/System.out( 2707): Values: 160.0
01-16 18:42:02.924 I/System.out( 2707): Values: 160.0
01-16 18:42:03.925 I/System.out( 2707): Values: 160.0
01-16 18:42:04.926 I/System.out( 2707): Values: 160.0
01-16 18:42:05.096 D/dalvikvm( 1674): GC_EXPLICIT freed 1K, 26% free 10271K/13703K, paused 7ms+3ms
01-16 18:42:05.927 I/System.out( 2707): Values: 160.0
01-16 18:42:06.928 I/System.out( 2707): Values: 160.0
01-16 18:42:07.929 I/System.out( 2707): Values: 160.0
01-16 18:42:08.930 I/System.out( 2707): Values: 160.0
01-16 18:42:09.931 I/System.out( 2707): Values: 160.0
01-16 18:42:10.931 I/System.out( 2707): Values: 160.0
01-16 18:42:11.932 I/System.out( 2707): Values: 160.0
01-16 18:42:12.933 I/System.out( 2707): Values: 160.0
01-16 18:42:13.934 I/System.out( 2707): Values: 160.0
01-16 18:42:14.935 I/System.out( 2707): Values: 160.0
01-16 18:42:15.936 I/System.out( 2707): Values: 160.0
01-16 18:42:16.927 I/System.out( 2707): Values: 160.0
01-16 18:42:17.938 I/System.out( 2707): Values: 160.0
01-16 18:42:18.939 I/System.out( 2707): Values: 160.0
01-16 18:42:19.940 I/System.out( 2707): Values: 160.0
01-16 18:42:20.931 I/System.out( 2707): Values: 160.0
01-16 18:42:21.932 I/System.out( 2707): Values: 160.0
01-16 18:42:22.343 D/UsbnetService( 1574): BroadcastReceiver::onReceive+
01-16 18:42:22.343 D/UsbnetService( 1574): onReceive BATTERY_CHANGED
01-16 18:42:22.343 D/UsbnetService( 1574):  --> pluggedType = 2, mPluggedType = 0, mScreenOff = false
01-16 18:42:22.343 D/UsbnetService( 1574): BroadcastReceiver::onReceive-
01-16 18:42:22.343 D/NotificationService( 1574): mIntentReceiver() Intent.ACTION_BATTERY_CHANGED
01-16 18:42:22.353 D/BatteryService( 1574): SendIntentforPowersaver
01-16 18:42:22.353 D/BatteryService( 1574): Current powersaver status == NORMAL_STATUS1 2 2 false
01-16 18:42:22.363 D/PowerUI ( 1643): closing low battery warning: level=98
01-16 18:42:22.373 D/RemoveMe( 1661): DCT got intent android.intent.action.BATTERY_CHANGED
01-16 18:42:22.373 D/PowerUI ( 1643): plugged = true, health = 2, mBatteryLevel = 98, mPluggedBatteryLevel = 98, mLowBatteryWarningLevel2 = 25, mshowLowChargingWarning2 = true
01-16 18:42:22.383 D/RemoveMe( 1661): DCT got intent android.intent.action.BATTERY_CHANGED
01-16 18:42:22.383 D/RemoveMe( 1661): DCT got intent android.intent.action.BATTERY_CHANGED
01-16 18:42:22.933 I/System.out( 2707): Values: 160.0
01-16 18:42:23.934 I/System.out( 2707): Values: 160.0
01-16 18:42:24.935 I/System.out( 2707): Values: 160.0
01-16 18:42:25.936 I/System.out( 2707): Values: 160.0
01-16 18:42:26.937 I/System.out( 2707): Values: 160.0
01-16 18:42:27.938 I/System.out( 2707): Values: 160.0
01-16 18:42:28.939 I/System.out( 2707): Values: 160.0
01-16 18:42:29.940 I/System.out( 2707): Values: 160.0
01-16 18:42:30.941 I/System.out( 2707): Values: 160.0
01-16 18:42:31.942 I/System.out( 2707): Values: 160.0
01-16 18:42:32.933 I/System.out( 2707): Values: 160.0
01-16 18:42:33.944 I/System.out( 2707): Values: 160.0
01-16 18:42:34.945 I/System.out( 2707): Values: 160.0
01-16 18:42:35.946 I/System.out( 2707): Values: 160.0
01-16 18:42:36.947 I/System.out( 2707): Values: 160.0
01-16 18:42:37.948 I/System.out( 2707): Values: 160.0
01-16 18:42:38.949 I/System.out( 2707): Values: 160.0
01-16 18:42:39.950 I/System.out( 2707): Values: 160.0
01-16 18:42:40.951 I/System.out( 2707): Values: 160.0
01-16 18:42:41.952 I/System.out( 2707): Values: 160.0
01-16 18:42:42.953 I/System.out( 2707): Values: 160.0
01-16 18:42:43.954 I/System.out( 2707): Values: 160.0
01-16 18:42:44.955 I/System.out( 2707): Values: 160.0
01-16 18:42:45.956 I/System.out( 2707): Values: 160.0
01-16 18:42:46.947 I/System.out( 2707): Values: 160.0
01-16 18:42:47.948 I/System.out( 2707): Values: 160.0
01-16 18:42:48.959 I/System.out( 2707): Values: 160.0
01-16 18:42:49.960 I/System.out( 2707): Values: 160.0
01-16 18:42:50.961 I/System.out( 2707): Values: 160.0
01-16 18:42:51.962 I/System.out( 2707): Values: 160.0
01-16 18:42:52.952 I/System.out( 2707): Values: 160.0
01-16 18:42:53.953 I/System.out( 2707): Values: 160.0
01-16 18:42:54.954 I/System.out( 2707): Values: 160.0
01-16 18:42:55.955 I/System.out( 2707): Values: 160.0
01-16 18:42:56.956 I/System.out( 2707): Values: 160.0
01-16 18:42:57.957 I/System.out( 2707): Values: 160.0
01-16 18:42:58.958 I/System.out( 2707): Values: 160.0
01-16 18:42:59.959 I/System.out( 2707): Values: 160.0
01-16 18:43:00.960 I/System.out( 2707): Values: 160.0
01-16 18:43:01.961 I/System.out( 2707): Values: 160.0
01-16 18:43:02.962 I/System.out( 2707): Values: 160.0
01-16 18:43:03.963 I/System.out( 2707): Values: 160.0
01-16 18:43:04.964 I/System.out( 2707): Values: 160.0
01-16 18:43:05.955 I/System.out( 2707): Values: 160.0
01-16 18:43:06.956 I/System.out( 2707): Values: 160.0
01-16 18:43:07.967 I/System.out( 2707): Values: 160.0
01-16 18:43:08.968 I/System.out( 2707): Values: 160.0
01-16 18:43:09.969 I/System.out( 2707): Values: 160.0
01-16 18:43:10.970 I/System.out( 2707): Values: 160.0
01-16 18:43:11.971 I/System.out( 2707): Values: 160.0
01-16 18:43:12.972 I/System.out( 2707): Values: 160.0
01-16 18:43:13.973 I/System.out( 2707): Values: 160.0
01-16 18:43:14.974 I/System.out( 2707): Values: 160.0
01-16 18:43:15.965 I/System.out( 2707): Values: 160.0
01-16 18:43:16.876 D/SntpClient( 1574): requestTime: called by Thread[ThrottleService,5,main], failed: java.net.UnknownHostException: Unable to resolve host "north-america.pool.ntp.org": No address associated with hostname
01-16 18:43:16.886 D/NetdConnector( 1574): listenToSocket read--: (6,0)
01-16 18:43:16.886 D/NetdConnector( 1574): RCV <- {216 0}
01-16 18:43:16.896 D/NetdConnector( 1574): listenToSocket read++
01-16 18:43:16.896 D/NetdConnector( 1574): doCommand++ (Wait Response)
01-16 18:43:16.896 D/NetdConnector( 1574): RSP <- {216 0}
01-16 18:43:16.896 D/NetdConnector( 1574): miNoRespCnt=0
01-16 18:43:16.896 D/NetdConnector( 1574): doCommand-- (complete)
01-16 18:43:16.896 D/NetdConnector( 1574): listenToSocket read--: (6,0)
01-16 18:43:16.906 D/NetdConnector( 1574): RCV <- {217 0}
01-16 18:43:16.906 D/NetdConnector( 1574): doCommand++ (Wait Response)
01-16 18:43:16.906 D/NetdConnector( 1574): listenToSocket read++
01-16 18:43:16.906 D/NetdConnector( 1574): RSP <- {217 0}
01-16 18:43:16.906 D/NetdConnector( 1574): miNoRespCnt=0
01-16 18:43:16.906 D/NetdConnector( 1574): doCommand-- (complete)
01-16 18:43:16.916 D/SntpClient( 1574): requestTime: called by Thread[ThrottleService,5,main], failed: java.net.UnknownHostException: Unable to resolve host "north-america.pool.ntp.org": No address associated with hostname
01-16 18:43:16.916 D/SntpClient( 1574): requestTime: called by Thread[ThrottleService,5,main], failed: java.net.UnknownHostException: Unable to resolve host "north-america.pool.ntp.org": No address associated with hostname
01-16 18:43:16.966 I/System.out( 2707): Values: 160.0
01-16 18:43:17.977 I/System.out( 2707): Values: 160.0
01-16 18:43:18.978 I/System.out( 2707): Values: 160.0
01-16 18:43:19.979 I/System.out( 2707): Values: 160.0
01-16 18:43:20.980 I/System.out( 2707): Values: 160.0
01-16 18:43:21.971 I/System.out( 2707): Values: 160.0
01-16 18:43:22.962 I/System.out( 2707): Values: 160.0
01-16 18:43:23.973 I/System.out( 2707): Values: 160.0
01-16 18:43:24.974 I/System.out( 2707): Values: 160.0
01-16 18:43:25.975 I/System.out( 2707): Values: 160.0
01-16 18:43:26.976 I/System.out( 2707): Values: 160.0
01-16 18:43:27.977 I/System.out( 2707): Values: 160.0
01-16 18:43:28.978 I/System.out( 2707): Values: 160.0
01-16 18:43:29.979 I/System.out( 2707): Values: 160.0
01-16 18:43:30.980 I/System.out( 2707): Values: 160.0
01-16 18:43:31.981 I/System.out( 2707): Values: 160.0
01-16 18:43:32.982 I/System.out( 2707): Values: 160.0
01-16 18:43:33.983 I/System.out( 2707): Values: 160.0
01-16 18:43:34.983 I/System.out( 2707): Values: 160.0
01-16 18:43:35.984 I/System.out( 2707): Values: 160.0
01-16 18:43:36.985 I/System.out( 2707): Values: 160.0
01-16 18:43:37.976 I/System.out( 2707): Values: 160.0
01-16 18:43:38.987 I/System.out( 2707): Values: 160.0
01-16 18:43:39.988 I/System.out( 2707): Values: 160.0
01-16 18:43:40.989 I/System.out( 2707): Values: 160.0
01-16 18:43:41.990 I/System.out( 2707): Values: 160.0
01-16 18:43:42.991 I/System.out( 2707): Values: 160.0
01-16 18:43:43.982 I/System.out( 2707): Values: 160.0
01-16 18:43:44.983 I/System.out( 2707): Values: 160.0
01-16 18:43:45.994 I/System.out( 2707): Values: 160.0
01-16 18:43:46.985 I/System.out( 2707): Values: 160.0
01-16 18:43:47.986 I/System.out( 2707): Values: 160.0
01-16 18:43:48.987 I/System.out( 2707): Values: 160.0
01-16 18:43:49.988 I/System.out( 2707): Values: 160.0
01-16 18:43:50.989 I/System.out( 2707): Values: 160.0
01-16 18:43:51.990 I/System.out( 2707): Values: 160.0
01-16 18:43:52.461 D/UsbnetService( 1574): BroadcastReceiver::onReceive+
01-16 18:43:52.461 D/UsbnetService( 1574): onReceive BATTERY_CHANGED
01-16 18:43:52.461 D/UsbnetService( 1574):  --> pluggedType = 2, mPluggedType = 0, mScreenOff = false
01-16 18:43:52.461 D/UsbnetService( 1574): BroadcastReceiver::onReceive-
01-16 18:43:52.461 D/NotificationService( 1574): mIntentReceiver() Intent.ACTION_BATTERY_CHANGED
01-16 18:43:52.471 D/BatteryService( 1574): SendIntentforPowersaver
01-16 18:43:52.481 D/BatteryService( 1574): Current powersaver status == NORMAL_STATUS1 2 2 false
01-16 18:43:52.481 D/PowerUI ( 1643): closing low battery warning: level=97
01-16 18:43:52.491 D/RemoveMe( 1661): DCT got intent android.intent.action.BATTERY_CHANGED
01-16 18:43:52.491 D/RemoveMe( 1661): DCT got intent android.intent.action.BATTERY_CHANGED
01-16 18:43:52.491 D/RemoveMe( 1661): DCT got intent android.intent.action.BATTERY_CHANGED
01-16 18:43:52.491 D/PowerUI ( 1643): plugged = true, health = 2, mBatteryLevel = 97, mPluggedBatteryLevel = 98, mLowBatteryWarningLevel2 = 25, mshowLowChargingWarning2 = true
01-16 18:43:53.011 I/System.out( 2707): Values: 160.0
01-16 18:43:53.011 I/System.out( 2707): Battery level end is reached
01-16 18:43:53.011 I/System.out( 2707): Time difference in secs is: 270
01-16 18:43:53.071 D/dalvikvm( 2707): GC_CONCURRENT freed 410K, 8% free 6553K/7111K, paused 5ms+1ms
01-16 18:43:53.992 I/System.out( 2707): Values: 160.0
01-16 18:43:53.992 I/System.out( 2707): Time difference in secs is: 270
01-16 18:43:54.993 I/System.out( 2707): Values: 160.0
01-16 18:43:54.993 I/System.out( 2707): Time difference in secs is: 270
01-16 18:43:55.994 I/System.out( 2707): Values: 160.0
01-16 18:43:55.994 I/System.out( 2707): Time difference in secs is: 270
01-16 18:43:56.985 I/System.out( 2707): Values: 160.0
01-16 18:43:56.995 I/System.out( 2707): Time difference in secs is: 270
01-16 18:43:57.996 I/System.out( 2707): Values: 160.0
01-16 18:43:57.996 I/System.out( 2707): Time difference in secs is: 270
01-16 18:43:58.997 I/System.out( 2707): Values: 160.0
01-16 18:43:58.997 I/System.out( 2707): Time difference in secs is: 270
01-16 18:43:59.998 I/System.out( 2707): Values: 160.0
01-16 18:44:00.008 I/System.out( 2707): Time difference in secs is: 270
01-16 18:44:00.999 I/System.out( 2707): Values: 160.0
01-16 18:44:00.999 I/System.out( 2707): Time difference in secs is: 270
01-16 18:44:02.000 I/System.out( 2707): Values: 160.0
01-16 18:44:02.000 I/System.out( 2707): Time difference in secs is: 270
01-16 18:44:03.001 I/System.out( 2707): Values: 160.0
01-16 18:44:03.001 I/System.out( 2707): Time difference in secs is: 270
01-16 18:44:04.002 I/System.out( 2707): Values: 160.0
01-16 18:44:04.002 I/System.out( 2707): Time difference in secs is: 270
01-16 18:44:05.003 I/System.out( 2707): Values: 160.0
01-16 18:44:05.003 I/System.out( 2707): Time difference in secs is: 270
01-16 18:44:05.083 D/dalvikvm( 1674): GC_EXPLICIT freed 1K, 26% free 10271K/13703K, paused 1ms+2ms
01-16 18:44:06.004 I/System.out( 2707): Values: 160.0
01-16 18:44:06.004 I/System.out( 2707): Time difference in secs is: 270
01-16 18:44:06.995 I/System.out( 2707): Values: 160.0
01-16 18:44:07.005 I/System.out( 2707): Time difference in secs is: 270
01-16 18:44:08.006 I/System.out( 2707): Values: 160.0
01-16 18:44:08.006 I/System.out( 2707): Time difference in secs is: 270
01-16 18:44:09.007 I/System.out( 2707): Values: 160.0
01-16 18:44:09.007 I/System.out( 2707): Time difference in secs is: 270
01-16 18:44:10.008 I/System.out( 2707): Values: 160.0
01-16 18:44:10.008 I/System.out( 2707): Time difference in secs is: 270
01-16 18:44:10.999 I/System.out( 2707): Values: 160.0
01-16 18:44:11.009 I/System.out( 2707): Time difference in secs is: 270
01-16 18:44:12.000 I/System.out( 2707): Values: 160.0
01-16 18:44:12.010 I/System.out( 2707): Time difference in secs is: 270
01-16 18:44:13.001 I/System.out( 2707): Values: 160.0
01-16 18:44:13.011 I/System.out( 2707): Time difference in secs is: 270
01-16 18:44:14.002 I/System.out( 2707): Values: 160.0
01-16 18:44:14.012 I/System.out( 2707): Time difference in secs is: 270
01-16 18:44:15.003 I/System.out( 2707): Values: 160.0
01-16 18:44:15.003 I/System.out( 2707): Time difference in secs is: 270
01-16 18:44:16.004 I/System.out( 2707): Values: 160.0
01-16 18:44:16.004 I/System.out( 2707): Time difference in secs is: 270
01-16 18:44:17.004 I/System.out( 2707): Values: 160.0
01-16 18:44:17.004 I/System.out( 2707): Time difference in secs is: 270
01-16 18:44:18.005 I/System.out( 2707): Values: 160.0
01-16 18:44:18.005 I/System.out( 2707): Time difference in secs is: 270
01-16 18:44:19.006 I/System.out( 2707): Values: 160.0
01-16 18:44:19.006 I/System.out( 2707): Time difference in secs is: 270
01-16 18:44:20.007 I/System.out( 2707): Values: 160.0
01-16 18:44:20.007 I/System.out( 2707): Time difference in secs is: 270
01-16 18:44:21.008 I/System.out( 2707): Values: 160.0
01-16 18:44:21.008 I/System.out( 2707): Time difference in secs is: 270
01-16 18:44:22.009 I/System.out( 2707): Values: 160.0
01-16 18:44:22.009 I/System.out( 2707): Time difference in secs is: 270
01-16 18:44:22.490 D/UsbnetService( 1574): BroadcastReceiver::onReceive+
01-16 18:44:22.490 D/UsbnetService( 1574): onReceive BATTERY_CHANGED
01-16 18:44:22.490 D/UsbnetService( 1574):  --> pluggedType = 2, mPluggedType = 0, mScreenOff = false
01-16 18:44:22.490 D/UsbnetService( 1574): BroadcastReceiver::onReceive-
01-16 18:44:22.490 D/NotificationService( 1574): mIntentReceiver() Intent.ACTION_BATTERY_CHANGED
01-16 18:44:22.500 D/BatteryService( 1574): SendIntentforPowersaver
01-16 18:44:22.510 D/BatteryService( 1574): Current powersaver status == NORMAL_STATUS1 2 2 false
01-16 18:44:22.510 D/PowerUI ( 1643): closing low battery warning: level=97
01-16 18:44:22.520 D/RemoveMe( 1661): DCT got intent android.intent.action.BATTERY_CHANGED
01-16 18:44:22.520 D/PowerUI ( 1643): plugged = true, health = 2, mBatteryLevel = 97, mPluggedBatteryLevel = 98, mLowBatteryWarningLevel2 = 25, mshowLowChargingWarning2 = true
01-16 18:44:22.530 D/RemoveMe( 1661): DCT got intent android.intent.action.BATTERY_CHANGED
01-16 18:44:22.530 D/RemoveMe( 1661): DCT got intent android.intent.action.BATTERY_CHANGED
01-16 18:44:23.010 I/System.out( 2707): Values: 160.0
01-16 18:44:23.010 I/System.out( 2707): Time difference in secs is: 270
01-16 18:44:24.011 I/System.out( 2707): Values: 160.0
01-16 18:44:24.011 I/System.out( 2707): Time difference in secs is: 270
01-16 18:44:25.012 I/System.out( 2707): Values: 160.0
01-16 18:44:25.012 I/System.out( 2707): Time difference in secs is: 270
01-16 18:44:26.013 I/System.out( 2707): Values: 160.0
01-16 18:44:26.013 I/System.out( 2707): Time difference in secs is: 270
01-16 18:44:27.004 I/System.out( 2707): Values: 160.0
01-16 18:44:27.004 I/System.out( 2707): Time difference in secs is: 270
01-16 18:44:28.005 I/System.out( 2707): Values: 160.0
01-16 18:44:28.005 I/System.out( 2707): Time difference in secs is: 270
01-16 18:44:29.006 I/System.out( 2707): Values: 160.0
01-16 18:44:29.006 I/System.out( 2707): Time difference in secs is: 270
01-16 18:44:30.007 I/System.out( 2707): Values: 160.0
01-16 18:44:30.017 I/System.out( 2707): Time difference in secs is: 270
01-16 18:44:31.008 I/System.out( 2707): Values: 160.0
01-16 18:44:31.008 I/System.out( 2707): Time difference in secs is: 270
01-16 18:44:32.009 I/System.out( 2707): Values: 160.0
01-16 18:44:32.019 I/System.out( 2707): Time difference in secs is: 270
