--------- beginning of /dev/log/main
01-16 18:37:20.108 D/dalvikvm( 1911): GC_EXPLICIT freed 16K, 5% free 6476K/6787K, paused 6ms+1ms
01-16 18:37:21.839 D/PagedView( 1674): onInterceptTouchEvent() ActivePointerId = 0
01-16 18:37:21.849 D/PagedView( 1674): mTouchState : 0
01-16 18:37:21.869 D/UsbnetService( 1574): BroadcastReceiver::onReceive+
01-16 18:37:21.869 D/UsbnetService( 1574): onReceive BATTERY_CHANGED
01-16 18:37:21.869 D/UsbnetService( 1574):  --> pluggedType = 2, mPluggedType = 0, mScreenOff = false
01-16 18:37:21.869 D/UsbnetService( 1574): BroadcastReceiver::onReceive-
--------- beginning of /dev/log/system
01-16 18:37:21.869 D/NotificationService( 1574): mIntentReceiver() Intent.ACTION_BATTERY_CHANGED
01-16 18:37:21.879 D/RemoveMe( 1661): DCT got intent android.intent.action.BATTERY_CHANGED
01-16 18:37:21.879 D/RemoveMe( 1661): DCT got intent android.intent.action.BATTERY_CHANGED
01-16 18:37:21.879 D/BatteryService( 1574): SendIntentforPowersaver
01-16 18:37:21.879 D/BatteryService( 1574): Current powersaver status == NORMAL_STATUS1 2 2 false
01-16 18:37:21.879 D/PowerUI ( 1643): closing low battery warning: level=99
01-16 18:37:21.879 D/PowerUI ( 1643): plugged = true, health = 2, mBatteryLevel = 99, mPluggedBatteryLevel = 98, mLowBatteryWarningLevel2 = 25, mshowLowChargingWarning2 = true
01-16 18:37:21.890 D/RemoveMe( 1661): DCT got intent android.intent.action.BATTERY_CHANGED
01-16 18:37:21.970 D/FxWorkspace( 1674): onTap: 54, 252
01-16 18:37:38.726 D/PagedView( 1674): onInterceptTouchEvent() ActivePointerId = 0
01-16 18:37:38.726 D/PagedView( 1674): mTouchState : 0
01-16 18:37:38.856 D/FxWorkspace( 1674): onTap: 11, 329
01-16 18:37:47.755 D/PagedView( 1674): onInterceptTouchEvent() ActivePointerId = 0
01-16 18:37:47.755 D/PagedView( 1674): mTouchState : 0
01-16 18:37:47.845 D/FxWorkspace( 1674): onTap: 43, 209
01-16 18:37:53.050 D/AndroidRuntime( 2574): 
01-16 18:37:53.050 D/AndroidRuntime( 2574): >>>>>> AndroidRuntime START com.android.internal.os.RuntimeInit <<<<<<
01-16 18:37:53.050 D/AndroidRuntime( 2574): CheckJNI is OFF
01-16 18:37:53.140 D/CursorWindowStats( 2574): Get CursorWindow size from framework resource:4194304
01-16 18:37:53.190 D/AndroidRuntime( 2574): Calling main entry com.android.commands.pm.Pm
01-16 18:37:53.200 I/ActivityManager( 1574): Start proc com.android.defcontainer for service com.android.defcontainer/.DefaultContainerService: pid=2582 uid=10087 gids={1015, 2001}
01-16 18:37:53.260 D/dalvikvm( 2582): GC_EXPLICIT freed 40K, 5% free 6458K/6787K, paused 1ms+1ms
01-16 18:37:53.550 W/ActivityManager( 1574): No content provider found for: 
01-16 18:37:53.560 W/ActivityManager( 1574): No content provider found for: 
01-16 18:37:53.560 I/ActivityManager( 1574): No longer want com.htc.laputa.HtcLaputaInstaller (pid 2218): hidden #16
01-16 18:37:53.570 D/PackageParser( 1574): Scanning package: /data/app/vmdl-387510856.tmp
01-16 18:37:53.630 I/PackageManager( 1574): Removing non-system package:uk.ac.st_andrews.cs.host.mk74.energymeasurement.light
01-16 18:37:53.630 I/ActivityManager( 1574): Force stopping package uk.ac.st_andrews.cs.host.mk74.energymeasurement.light uid=10110
01-16 18:37:53.951 D/PackageManager( 1574): Scanning package uk.ac.st_andrews.cs.host.mk74.energymeasurement.light
01-16 18:37:53.951 I/PackageManager( 1574): Package uk.ac.st_andrews.cs.host.mk74.energymeasurement.light codePath changed from /data/app/uk.ac.st_andrews.cs.host.mk74.energymeasurement.light-2.apk to /data/app/uk.ac.st_andrews.cs.host.mk74.energymeasurement.light-1.apk; Retaining data and using new
01-16 18:37:53.951 I/PackageManager( 1574): Unpacking native libraries for /data/app/uk.ac.st_andrews.cs.host.mk74.energymeasurement.light-1.apk
01-16 18:37:54.201 D/dalvikvm( 2590): DexOpt: load 38ms, verify+opt 148ms
01-16 18:37:54.361 I/ActivityManager( 1574): Force stopping package uk.ac.st_andrews.cs.host.mk74.energymeasurement.light uid=10110
01-16 18:37:54.361 W/PackageManager( 1574): Code path for pkg : uk.ac.st_andrews.cs.host.mk74.energymeasurement.light changing from /data/app/uk.ac.st_andrews.cs.host.mk74.energymeasurement.light-2.apk to /data/app/uk.ac.st_andrews.cs.host.mk74.energymeasurement.light-1.apk
01-16 18:37:54.361 D/PackageManager( 1574):   Activities: uk.ac.st_andrews.cs.host.mk74.energymeasurement.light.MainActivity
01-16 18:37:54.361 W/PackageManager( 1574): Resource path for pkg : uk.ac.st_andrews.cs.host.mk74.energymeasurement.light changing from /data/app/uk.ac.st_andrews.cs.host.mk74.energymeasurement.light-2.apk to /data/app/uk.ac.st_andrews.cs.host.mk74.energymeasurement.light-1.apk
01-16 18:37:54.471 D/dalvikvm( 1574): GC_CONCURRENT freed 1872K, 12% free 15858K/17991K, paused 3ms+4ms
01-16 18:37:54.611 D/PackageManager( 1574): [embedded] New package installed in /data/app/uk.ac.st_andrews.cs.host.mk74.energymeasurement.light-1.apk
01-16 18:37:54.862 I/ActivityManager( 1574): Force stopping package uk.ac.st_andrews.cs.host.mk74.energymeasurement.light uid=10110
01-16 18:37:54.932 D/dalvikvm( 1674): GC_EXPLICIT freed 1443K, 19% free 11152K/13703K, paused 1ms+3ms
01-16 18:37:54.952 D/dalvikvm( 1662): GC_EXPLICIT freed 800K, 11% free 7795K/8711K, paused 2ms+3ms
01-16 18:37:54.972 D/Launcher.Model( 1674): onReceive intent=Intent { act=android.intent.action.PACKAGE_REMOVED dat=package:uk.ac.st_andrews.cs.host.mk74.energymeasurement.light flg=0x10000010 (has extras) }
01-16 18:37:54.982 D/PhoneApp( 1661): -- PackageChangeBroadcastReceiver  action = android.intent.action.PACKAGE_REMOVED
01-16 18:37:54.982 I/ActivityManager( 1574): Start proc com.android.smith for broadcast com.android.smith/.PackageReceiver: pid=2591 uid=10009 gids={1007, 1015}
01-16 18:37:55.052 I/SM:lib  ( 2591): JNI_OnLoad(): library version = 5
01-16 18:37:55.052 I/SM:lib  ( 2591): JNI_OnLoad(): result = 0x10004
01-16 18:37:55.052 D/SM:HtcNative( 2591): system lib, 4.0.honeycomb.HTK75C-flyer-l5-s16
01-16 18:37:55.062 D/SM:PackageReceiver( 2591): package removed: package:uk.ac.st_andrews.cs.host.mk74.energymeasurement.light
01-16 18:37:55.062 D/WidgetScanner( 1674): onReceive: Intent { act=android.intent.action.PACKAGE_REMOVED dat=package:uk.ac.st_andrews.cs.host.mk74.energymeasurement.light flg=0x10000010 cmp=com.htc.launcher/.widget.WidgetScannerTrigger (has extras) }
01-16 18:37:55.062 I/ActivityManager( 1574): No longer want com.htc.ereader.drmengine (pid 2292): hidden #16
01-16 18:37:55.062 I/ActivityManager( 1574): Start proc com.htc.launcher.widgetscanner for service com.htc.launcher/.widget.WidgetScannerService: pid=2598 uid=9999 gids={3003, 3002, 3001, 2001, 1015}
01-16 18:37:55.072 I/ActivityManager( 1574): Start proc com.htc.opensense for broadcast com.htc.opensense/.pluginmanager.RegisterReceiver: pid=2599 uid=10013 gids={2001, 3003, 1006, 1015}
01-16 18:37:55.102 D/PackageManager( 1574): generateServicesMap(android.accounts.AccountAuthenticator): 13 services unchanged
01-16 18:37:55.172 D/dalvikvm( 1439): GC_EXPLICIT freed 11K, 5% free 6453K/6787K, paused 1ms+1ms
01-16 18:37:55.222 D/PackageManager( 1574): generateServicesMap(android.content.SyncAdapter): 21 services unchanged
01-16 18:37:55.242 I/RegisterService( 2599): android.intent.action.PACKAGE_REMOVED package:uk.ac.st_andrews.cs.host.mk74.energymeasurement.light
01-16 18:37:55.262 D/dalvikvm( 1439): GC_EXPLICIT freed <1K, 5% free 6453K/6787K, paused 1ms+2ms
01-16 18:37:55.282 D/dalvikvm( 1439): GC_EXPLICIT freed <1K, 5% free 6453K/6787K, paused 1ms+1ms
01-16 18:37:55.282 I/ActivityManager( 1574): Start proc com.htc.cs for broadcast com.htc.cs/.plugin.PluginRegisterReceiver: pid=2613 uid=10041 gids={3003, 1015}
01-16 18:37:55.302 D/LauncherApplication( 2598): + LauncherApplication onCreate()
01-16 18:37:55.352 D/Launcher.Model( 1674): onReceive intent=Intent { act=android.intent.action.PACKAGE_ADDED dat=package:uk.ac.st_andrews.cs.host.mk74.energymeasurement.light flg=0x10000010 (has extras) }
01-16 18:37:55.352 D/Launcher.Model( 1674): mAllAppsList.updatePackage uk.ac.st_andrews.cs.host.mk74.energymeasurement.light
01-16 18:37:55.362 D/PackageManager( 1574): generateServicesMap(android.accounts.AccountAuthenticator): 13 services unchanged
01-16 18:37:55.362 D/PackageManager( 1574): generateServicesMap(android.content.SyncAdapter): 21 services unchanged
01-16 18:37:55.372 D/PhoneApp( 1661): -- PackageChangeBroadcastReceiver  action = android.intent.action.PACKAGE_ADDED
01-16 18:37:55.402 I/ActivityThread( 2613): Pub com.htc.connectedservice.csprovider: com.htc.cs.provider.ConnectedServiceProvider
01-16 18:37:55.412 I/ActivityThread( 2613): Pub com.htc.cs.dashboard: com.htc.cs.sync.dashboard.DashboardProvider
01-16 18:37:55.422 D/vicky   ( 2613): vicky received: android.intent.action.PACKAGE_REMOVED
01-16 18:37:55.432 D/LauncherApplication( 2598): - LauncherApplication onCreate()
01-16 18:37:55.442 D/dalvikvm( 2598): GC_CONCURRENT freed 164K, 4% free 6776K/7047K, paused 1ms+30ms
01-16 18:37:55.502 D/WidgetScanner( 2598): onReceiveInternal: Intent { act=android.intent.action.PACKAGE_REMOVED dat=package:uk.ac.st_andrews.cs.host.mk74.energymeasurement.light flg=0x10000010 cmp=com.htc.launcher/.widget.WidgetScannerService (has extras) }
01-16 18:37:55.502 D/HtcWidgetScanner( 2598): onPackageRemoved: uk.ac.st_andrews.cs.host.mk74.energymeasurement.light
01-16 18:37:55.562 I/ActivityManager( 1574): No longer want com.htc.ereader (pid 2397): hidden #16
01-16 18:37:55.813 I/ActivityManager( 1574): Start proc com.htc.recommend for broadcast com.htc.recommend/.receiver.AppInstalledReceiver: pid=2622 uid=10056 gids={2001, 3003}
01-16 18:37:55.833 D/HtcWidgetProvider( 1674): update 0
01-16 18:37:55.843 I/ActivityManager( 1574): No longer want com.htc.demoflopackageinstaller (pid 2406): hidden #16
01-16 18:37:55.873 D/CombinedWidgetProvider( 1674): +addAppWidget
01-16 18:37:55.913 D/CombinedWidgetProvider( 1674): addAppWidget: WidgetSummary(YouTube/APP_WIDGET/[I@40749988 x [I@407499a8/-1/ComponentInfo{com.google.android.youtube/com.google.android.youtube.app.honeycomb.widget.WidgetProvider}/[I@407499c8)
01-16 18:37:55.913 D/CombinedWidgetProvider( 1674): addAppWidget: WidgetSummary(Twitter (large)/APP_WIDGET/[I@40724370 x [I@40724390/-1/ComponentInfo{com.twitter.android/com.twitter.android.client.WidgetLargeProvider}/[I@407243b0)
01-16 18:37:55.913 D/CombinedWidgetProvider( 1674): addAppWidget: WidgetSummary(Twitter (small)/APP_WIDGET/[I@406f1258 x [I@406f1278/-1/ComponentInfo{com.twitter.android/com.twitter.android.client.WidgetSmallProvider}/[I@406f1298)
01-16 18:37:55.913 D/CombinedWidgetProvider( 1674): addAppWidget: WidgetSummary(Traffic/APP_WIDGET/[I@406e9260 x [I@406e9280/-1/ComponentInfo{com.google.android.apps.maps/com.google.googlenav.appwidget.traffic.TrafficAppWidget}/[I@406d6090)
01-16 18:37:55.913 D/CombinedWidgetProvider( 1674): addAppWidget: WidgetSummary(Latitude/APP_WIDGET/[I@406d0128 x [I@40c28d50/-1/ComponentInfo{com.google.android.apps.maps/com.google.googlenav.appwidget.friends.FriendsAppWidgetProvider}/[I@40c28d70)
01-16 18:37:55.923 D/CombinedWidgetProvider( 1674): addAppWidget: WidgetSummary(Market/APP_WIDGET/[I@40924940 x [I@40924960/-1/ComponentInfo{com.android.vending/com.android.vending.MarketWidgetProvider}/[I@40924980)
01-16 18:37:55.923 D/CombinedWidgetProvider( 1674): addAppWidget: WidgetSummary(Google Search/APP_WIDGET/[I@40833f40 x [I@408331d0/-1/ComponentInfo{com.google.android.googlequicksearchbox/com.google.android.googlequicksearchbox.SearchWidgetProvider}/[I@408331f0)
01-16 18:37:55.923 D/CombinedWidgetProvider( 1674): addAppWidget: WidgetSummary(Gmail/APP_WIDGET/[I@4071fc08 x [I@4070dff8/-1/ComponentInfo{com.google.android.gm/com.google.android.gm.widget.GmailWidgetProvider}/[I@4070e018)
01-16 18:37:55.923 D/CombinedWidgetProvider( 1674): addAppWidget: WidgetSummary(Bookmarks/APP_WIDGET/[I@4079a598 x [I@4079a5b8/-1/ComponentInfo{com.android.browser/com.android.browser.widget.BookmarkThumbnailWidgetProvider}/[I@4079a5d8)
01-16 18:37:55.923 D/CombinedWidgetProvider( 1674): -addAppWidget
01-16 18:37:55.923 D/CombinedWidgetProvider( 1674): +addHtcWidgets, cat: -1
01-16 18:37:55.923 D/CombinedWidgetProvider( 1674):  uri: content://com.htc.launcher.widget.htcwidget/htcwidgets?widget_only=true
01-16 18:37:55.933 D/HtcWidgetProvider( 1674): row 1
01-16 18:37:55.933 D/CombinedWidgetProvider( 1674): addHtcWidget: WidgetSummary(Tips for Home/HTC_WIDGET/[I@4075de90 x [I@4075deb0/1101/ComponentInfo{com.htc.rosiewidgets.tip/com.htc.rosiewidgets.tip.TipWidgetItem}/[I@4075ded0)
01-16 18:37:55.933 D/CombinedWidgetProvider( 1674): -addHtcWidgets
01-16 18:37:55.933 D/CombinedWidgetProvider( 1674): +addFxWidgets , provider: null
01-16 18:37:55.933 D/FxWidgetProviderInfoCollector( 1674): getAllStyles + [Ljava.lang.String;@406d1dc8 @ 
01-16 18:37:55.943 D/FxWidgetProvider( 1674): row 94
01-16 18:37:55.953 I/ActivityThread( 2622): Pub com.htc.recommend.provider.HTCRecommendCarouselProvider: com.htc.recommend.provider.HTCRecommendCarouselProvider
01-16 18:37:55.953 D/FxWidgetScanner( 2598): onPackageRemoved: uk.ac.st_andrews.cs.host.mk74.energymeasurement.light
01-16 18:37:55.963 D/FxWidgetScanner( 2598): removeFxWidgetList
01-16 18:37:55.963 I/ActivityThread( 2622): Pub com.htc.recommend.provider.HTCRecommendContentProvider: com.htc.recommend.provider.HTCRecommendContentProvider
01-16 18:37:55.973 D/HTC Recommends( 2622): /mnt/sdcard/.LHYGB/CKCL
01-16 18:37:55.973 D/HTC Recommends( 2622): no token file
01-16 18:37:55.973 D/HTC Recommends( 2622): no token file
01-16 18:37:55.973 D/HTC Recommends( 2622): Log settings are 
01-16 18:37:55.973 D/HTC Recommends( 2622): Enable General Log : false
01-16 18:37:55.973 D/HTC Recommends( 2622): Enable Analytic Log : false
01-16 18:37:55.973 D/HTC Recommends( 2622): Enable Normal Log Level (dependent on General Log) : false
01-16 18:37:55.973 D/HTC Recommends( 2622): Enable Critical Log Level (dependent on General Log) : false
01-16 18:37:55.973 D/SqliteDatabaseCpp( 2622): dbopen(): path = /data/data/com.htc.recommend/databases , key = `tgvegkmmejd, flag = 6, file size = 50176
01-16 18:37:55.983 D/SqliteDatabaseCpp( 2622): dbopen(): path = /data/data/com.htc.recommend/databases , key = `tgvegkmmejd, mode: delete, disk free size: 7853 M, handle: 0xdad50
01-16 18:37:56.043 D/FxWidgetScanner( 2598): delete 0
01-16 18:37:56.063 D/WidgetScanner( 2598): upadted? false
01-16 18:37:56.203 I/ActivityManager( 1574): No longer want com.htc.home.personalize (pid 1873): hidden #16
01-16 18:37:56.613 D/FxWidgetProvider( 1674): row 1
01-16 18:37:56.613 D/CombinedWidgetProvider( 1674): addFxWidget: WidgetSummary(Watch/FX_WIDGET/[I@40bff688 x [I@40bff6a8/-2/ComponentInfo{com.htc.widget3d.watch/com.htc.widget3d.watch.WatchProvider}/[I@40bff6c8)
01-16 18:37:56.623 D/FxWidgetProvider( 1674): row 1
01-16 18:37:56.623 D/CombinedWidgetProvider( 1674): addFxWidget: WidgetSummary(Airplane Mode/FX_WIDGET/[I@40cca628 x [I@40cca648/-2/ComponentInfo{com.htc.htcsettingwidgets/com.htc.htcsettingwidgets.AirplaneWidget}/[I@40cca668)
01-16 18:37:56.623 D/FxWidgetProvider( 1674): row 1
01-16 18:37:56.633 D/CombinedWidgetProvider( 1674): addFxWidget: WidgetSummary(Bluetooth/FX_WIDGET/[I@4075a1a0 x [I@4075a1c0/-2/ComponentInfo{com.htc.htcsettingwidgets/com.htc.htcsettingwidgets.BTWidget}/[I@4075a1e0)
01-16 18:37:56.633 D/FxWidgetProvider( 1674): row 1
01-16 18:37:56.643 D/CombinedWidgetProvider( 1674): addFxWidget: WidgetSummary(GPS/FX_WIDGET/[I@4081b6c8 x [I@4081b6e8/-2/ComponentInfo{com.htc.htcsettingwidgets/com.htc.htcsettingwidgets.GPSWidget}/[I@4081b708)
01-16 18:37:56.643 D/FxWidgetProvider( 1674): row 1
01-16 18:37:56.653 D/CombinedWidgetProvider( 1674): addFxWidget: WidgetSummary(Wi-Fi Hotspot/FX_WIDGET/[I@40735ef0 x [I@40735f10/-2/ComponentInfo{com.htc.htcsettingwidgets/com.htc.htcsettingwidgets.HotspotWidget}/[I@40735f30)
01-16 18:37:56.653 D/FxWidgetProvider( 1674): row 1
01-16 18:37:56.653 D/CombinedWidgetProvider( 1674): addFxWidget: WidgetSummary(Mobile Network/FX_WIDGET/[I@40704b48 x [I@40704b68/-2/ComponentInfo{com.htc.htcsettingwidgets/com.htc.htcsettingwidgets.MobileNetworkWidget}/[I@40704b88)
01-16 18:37:56.653 D/FxWidgetProvider( 1674): row 1
01-16 18:37:56.663 D/CombinedWidgetProvider( 1674): addFxWidget: WidgetSummary(Wi-Fi/FX_WIDGET/[I@40738e40 x [I@40738e60/-2/ComponentInfo{com.htc.htcsettingwidgets/com.htc.htcsettingwidgets.WiFiWidget}/[I@40738e80)
01-16 18:37:56.663 D/FxWidgetProvider( 1674): row 1
01-16 18:37:56.663 D/CombinedWidgetProvider( 1674): addFxWidget: WidgetSummary(Mail/FX_WIDGET/[I@40756f30 x [I@40756f50/-2/ComponentInfo{com.htc.htcmailwidgets/com.htc.htcmailwidgets.WidgetReceiver}/[I@40756f70)
01-16 18:37:56.673 D/FxWidgetProvider( 1674): row 3
01-16 18:37:56.673 D/FxWidgetProviderInfoCollector( 1674): more than one style shared the same component! Return the first one found.
01-16 18:37:56.683 D/CombinedWidgetProvider( 1674): addFxWidget: WidgetSummary(Mail/FX_WIDGET/[I@40c1d370 x [I@40c1d390/-2/ComponentInfo{com.htc.htcmailwidgets/com.htc.htcmailwidgets.WidgetReceiver}/[I@40c1d3b0)
01-16 18:37:56.683 D/FxWidgetProvider( 1674): row 3
01-16 18:37:56.683 D/FxWidgetProviderInfoCollector( 1674): more than one style shared the same component! Return the first one found.
01-16 18:37:56.683 D/CombinedWidgetProvider( 1674): addFxWidget: WidgetSummary(Mail/FX_WIDGET/[I@40a344c0 x [I@40a344e0/-2/ComponentInfo{com.htc.htcmailwidgets/com.htc.htcmailwidgets.WidgetReceiver}/[I@40a34500)
01-16 18:37:56.683 D/FxWidgetProvider( 1674): row 3
01-16 18:37:56.683 I/ActivityThread( 2622): Pub com.htc.recommend.provider.HTCRecommendSuggestionProvider: com.htc.recommend.provider.HTCRecommendSuggestionProvider
01-16 18:37:56.693 D/FxWidgetProviderInfoCollector( 1674): more than one style shared the same component! Return the first one found.
01-16 18:37:56.693 D/CombinedWidgetProvider( 1674): addFxWidget: WidgetSummary(Mail/FX_WIDGET/[I@40aaf4a0 x [I@40aaf4c0/-2/ComponentInfo{com.htc.htcmailwidgets/com.htc.htcmailwidgets.WidgetReceiver}/[I@40d16ee8)
01-16 18:37:56.693 I/ActivityManager( 1574): Start proc com.htc.wdm for broadcast com.htc.wdm/.receiver.HTCDirectReceiver: pid=2631 uid=10070 gids={3003, 2001, 1015}
01-16 18:37:56.703 D/FxWidgetProvider( 1674): row 3
01-16 18:37:56.703 D/FxWidgetProviderInfoCollector( 1674): more than one style shared the same component! Return the first one found.
01-16 18:37:56.703 D/CombinedWidgetProvider( 1674): addFxWidget: WidgetSummary(Mail/FX_WIDGET/[I@407e53c8 x [I@407e53e8/-2/ComponentInfo{com.htc.htcmailwidgets/com.htc.htcmailwidgets.WidgetReceiver}/[I@407e5408)
01-16 18:37:56.703 D/FxWidgetProvider( 1674): row 3
01-16 18:37:56.703 D/FxWidgetProviderInfoCollector( 1674): more than one style shared the same component! Return the first one found.
01-16 18:37:56.703 D/CombinedWidgetProvider( 1674): addFxWidget: WidgetSummary(Mail/FX_WIDGET/[I@40cbcc60 x [I@40cbcc80/-2/ComponentInfo{com.htc.htcmailwidgets/com.htc.htcmailwidgets.WidgetReceiver}/[I@40cbcca0)
01-16 18:37:56.703 D/FxWidgetProvider( 1674): row 3
01-16 18:37:56.713 D/FxWidgetProviderInfoCollector( 1674): more than one style shared the same component! Return the first one found.
01-16 18:37:56.713 D/CombinedWidgetProvider( 1674): addFxWidget: WidgetSummary(Mail/FX_WIDGET/[I@40cbeda8 x [I@40cbedc8/-2/ComponentInfo{com.htc.htcmailwidgets/com.htc.htcmailwidgets.WidgetReceiver}/[I@40cbede8)
01-16 18:37:56.713 D/FxWidgetProvider( 1674): row 5
01-16 18:37:56.723 D/FxWidgetProviderInfoCollector( 1674): more than one style shared the same component! Return the first one found.
01-16 18:37:56.723 D/CombinedWidgetProvider( 1674): addFxWidget: WidgetSummary(People/FX_WIDGET/[I@40bf44b8 x [I@40bf44d8/-2/ComponentInfo{com.htc.htccontactwidgets_3d_fusion/com.htc.htccontactwidgets_3d_fusion.WidgetReceiver}/[I@40bf44f8)
01-16 18:37:56.723 I/ActivityManager( 1574): No longer want com.htc.sdm (pid 2192): hidden #16
01-16 18:37:56.733 D/FxWidgetProvider( 1674): row 5
01-16 18:37:56.733 D/FxWidgetProviderInfoCollector( 1674): more than one style shared the same component! Return the first one found.
01-16 18:37:56.744 D/CombinedWidgetProvider( 1674): addFxWidget: WidgetSummary(People/FX_WIDGET/[I@40bf6b38 x [I@40bf6b58/-2/ComponentInfo{com.htc.htccontactwidgets_3d_fusion/com.htc.htccontactwidgets_3d_fusion.WidgetReceiver}/[I@40bf6b78)
01-16 18:37:56.744 D/FxWidgetProvider( 1674): row 5
01-16 18:37:56.744 D/FxWidgetProviderInfoCollector( 1674): more than one style shared the same component! Return the first one found.
01-16 18:37:56.744 D/CombinedWidgetProvider( 1674): addFxWidget: WidgetSummary(People/FX_WIDGET/[I@40be4518 x [I@40be4538/-2/ComponentInfo{com.htc.htccontactwidgets_3d_fusion/com.htc.htccontactwidgets_3d_fusion.WidgetReceiver}/[I@40be4558)
01-16 18:37:56.744 D/FxWidgetProvider( 1674): row 5
01-16 18:37:56.754 I/ActivityThread( 2631): Pub com.htc.wdm.provider.HtcDirectCarouselProvider: com.htc.wdm.provider.HtcDirectCarouselProvider
01-16 18:37:56.754 D/FxWidgetProviderInfoCollector( 1674): more than one style shared the same component! Return the first one found.
01-16 18:37:56.754 D/CombinedWidgetProvider( 1674): addFxWidget: WidgetSummary(People/FX_WIDGET/[I@40be6968 x [I@40be6988/-2/ComponentInfo{com.htc.htccontactwidgets_3d_fusion/com.htc.htccontactwidgets_3d_fusion.WidgetReceiver}/[I@40be69a8)
01-16 18:37:56.754 D/FxWidgetProvider( 1674): row 5
01-16 18:37:56.754 I/ActivityThread( 2631): Pub com.htc.wdm.status.HtcDirectProvider: com.htc.wdm.status.HtcDirectProvider
01-16 18:37:56.764 D/FxWidgetProviderInfoCollector( 1674): more than one style shared the same component! Return the first one found.
01-16 18:37:56.764 D/CombinedWidgetProvider( 1674): addFxWidget: WidgetSummary(People/FX_WIDGET/[I@40d4b948 x [I@40d4b968/-2/ComponentInfo{com.htc.htccontactwidgets_3d_fusion/com.htc.htccontactwidgets_3d_fusion.WidgetReceiver}/[I@40d4b988)
01-16 18:37:56.764 D/FxWidgetProvider( 1674): row 1
01-16 18:37:56.764 D/HTC Hub ( 2631): /mnt/sdcard/.LHYGB/CKCL
01-16 18:37:56.764 D/CombinedWidgetProvider( 1674): addFxWidget: WidgetSummary(Calendar/FX_WIDGET/[I@40d4de18 x [I@40d4de38/-2/ComponentInfo{com.htc.htccalendarwidgets/com.htc.htccalendarwidgets.WidgetReceiver}/[I@40d4de58)
01-16 18:37:56.774 D/FxWidgetProvider( 1674): row 3
01-16 18:37:56.774 D/HTC Hub ( 2631): no token file
01-16 18:37:56.774 D/HTC Hub ( 2631): no token file
01-16 18:37:56.774 D/HTC Hub ( 2631): Log settings are 
01-16 18:37:56.774 D/HTC Hub ( 2631): Enable General Log : false
01-16 18:37:56.774 D/HTC Hub ( 2631): Enable Analytic Log : false
01-16 18:37:56.774 D/HTC Hub ( 2631): Enable Normal Log Level (dependent on General Log) : false
01-16 18:37:56.774 D/HTC Hub ( 2631): Enable Critical Log Level (dependent on General Log) : false
01-16 18:37:56.774 D/FxWidgetProviderInfoCollector( 1674): more than one style shared the same component! Return the first one found.
01-16 18:37:56.774 D/CombinedWidgetProvider( 1674): addFxWidget: WidgetSummary(Calendar/FX_WIDGET/[I@40953148 x [I@40953168/-2/ComponentInfo{com.htc.htccalendarwidgets/com.htc.htccalendarwidgets.WidgetReceiver}/[I@40953188)
01-16 18:37:56.774 I/ActivityManager( 1574): No longer want com.htc.musicenhancer (pid 2423): hidden #16
01-16 18:37:56.784 D/FxWidgetProvider( 1674): row 3
01-16 18:37:56.784 D/SM:PackageReceiver( 2591): package added: package:uk.ac.st_andrews.cs.host.mk74.energymeasurement.light
01-16 18:37:56.784 D/WidgetScanner( 1674): onReceive: Intent { act=android.intent.action.PACKAGE_ADDED dat=package:uk.ac.st_andrews.cs.host.mk74.energymeasurement.light flg=0x10000010 cmp=com.htc.launcher/.widget.WidgetScannerTrigger (has extras) }
01-16 18:37:56.784 D/FxWidgetProviderInfoCollector( 1674): more than one style shared the same component! Return the first one found.
01-16 18:37:56.784 D/CombinedWidgetProvider( 1674): addFxWidget: WidgetSummary(Calendar/FX_WIDGET/[I@40955600 x [I@40955620/-2/ComponentInfo{com.htc.htccalendarwidgets/com.htc.htccalendarwidgets.WidgetReceiver}/[I@40955640)
01-16 18:37:56.794 D/FxWidgetProvider( 1674): row 3
01-16 18:37:56.794 D/WidgetScanner( 2598): onReceiveInternal: Intent { act=android.intent.action.PACKAGE_ADDED dat=package:uk.ac.st_andrews.cs.host.mk74.energymeasurement.light flg=0x10000010 cmp=com.htc.launcher/.widget.WidgetScannerService (has extras) }
01-16 18:37:56.794 D/HtcWidgetScanner( 2598): onPackageAdded: uk.ac.st_andrews.cs.host.mk74.energymeasurement.light
01-16 18:37:56.804 D/FxWidgetProviderInfoCollector( 1674): more than one style shared the same component! Return the first one found.
01-16 18:37:56.804 D/CombinedWidgetProvider( 1674): addFxWidget: WidgetSummary(Calendar/FX_WIDGET/[I@409c3eb8 x [I@409c3ed8/-2/ComponentInfo{com.htc.htccalendarwidgets/com.htc.htccalendarwidgets.WidgetReceiver}/[I@409c3ef8)
01-16 18:37:56.814 I/RegisterService( 2599): android.intent.action.PACKAGE_ADDED package:uk.ac.st_andrews.cs.host.mk74.energymeasurement.light
01-16 18:37:56.814 D/FxWidgetProvider( 1674): row 1
01-16 18:37:56.814 I/ActivityManager( 1574): Start proc com.svox.pico for broadcast com.svox.pico/.VoiceDataInstallerReceiver: pid=2641 uid=10031 gids={}
01-16 18:37:56.824 D/CombinedWidgetProvider( 1674): addFxWidget: WidgetSummary(Calendar/FX_WIDGET/[I@409c6f00 x [I@409c6f20/-2/ComponentInfo{com.htc.htccalendarwidgets/com.htc.htccalendarwidgets.WidgetReceiver}/[I@409c6f40)
01-16 18:37:56.824 D/FxWidgetProvider( 1674): row 1
01-16 18:37:56.824 D/CombinedWidgetProvider( 1674): addFxWidget: WidgetSummary(Bookmarks/FX_WIDGET/[I@40d327e0 x [I@40d32800/-2/ComponentInfo{com.htc.fusion.htcbookmarkwidget/com.htc.fusion.htcbookmarkwidget.WidgetReceiver}/[I@40d32820)
01-16 18:37:56.824 D/FxWidgetProvider( 1674): row 1
01-16 18:37:56.834 D/CombinedWidgetProvider( 1674): addFxWidget: WidgetSummary(Bookmarks/FX_WIDGET/[I@40d34d08 x [I@40d34d28/-2/ComponentInfo{com.htc.fusion.htcbookmarkwidget/com.htc.fusion.htcbookmarkwidget.WidgetReceiver}/[I@40d34d48)
01-16 18:37:56.834 D/FxWidgetProvider( 1674): row 1
01-16 18:37:56.844 D/CombinedWidgetProvider( 1674): addFxWidget: WidgetSummary(Messages/FX_WIDGET/[I@40c9bd28 x [I@40c9bd48/-2/ComponentInfo{com.htc.htcmsgwidgets3d/com.htc.htcmsgwidgets.MsgWidgetProvider}/[I@40c9bd68)
01-16 18:37:56.844 D/FxWidgetProvider( 1674): row 1
01-16 18:37:56.864 D/CombinedWidgetProvider( 1674): addFxWidget: WidgetSummary(Messages/FX_WIDGET/[I@40c9dff8 x [I@40c9e018/-2/ComponentInfo{com.htc.htcmsgwidgets3d/com.htc.htcmsgwidgets.MsgWidgetProvider}/[I@40c9e038)
01-16 18:37:56.864 D/FxWidgetProvider( 1674): row 1
01-16 18:37:56.864 D/CombinedWidgetProvider( 1674): addFxWidget: WidgetSummary(Messages/FX_WIDGET/[I@40ca0220 x [I@40ca0240/-2/ComponentInfo{com.htc.htcmsgwidgets3d/com.htc.htcmsgwidgets.MsgWidgetProvider}/[I@40ca0260)
01-16 18:37:56.874 D/FxWidgetProvider( 1674): row 1
01-16 18:37:56.874 I/ActivityThread( 2641): Pub com.svox.pico.providers.SettingsProvider: com.svox.pico.providers.SettingsProvider
01-16 18:37:56.874 D/CombinedWidgetProvider( 1674): addFxWidget: WidgetSummary(Messages/FX_WIDGET/[I@40cc4068 x [I@40cc4088/-2/ComponentInfo{com.htc.htcmsgwidgets3d/com.htc.htcmsgwidgets.MsgWidgetProvider}/[I@40cc40a8)
01-16 18:37:56.874 D/FxWidgetProvider( 1674): row 1
01-16 18:37:56.894 D/HtcWidgetProvider( 1674): row 3
01-16 18:37:56.894 D/CombinedWidgetProvider( 1674): addFxWidget: WidgetSummary(Messages/FX_WIDGET/[I@40cc6338 x [I@40cc6358/-2/ComponentInfo{com.htc.htcmsgwidgets3d/com.htc.htcmsgwidgets.MsgWidgetProvider}/[I@40cc6378)
01-16 18:37:56.894 D/FxWidgetProvider( 1674): row 1
01-16 18:37:56.894 D/vicky   ( 2613): vicky received: android.intent.action.PACKAGE_ADDED
01-16 18:37:56.914 D/CombinedWidgetProvider( 1674): addFxWidget: WidgetSummary(Messages/FX_WIDGET/[I@40cb6568 x [I@40cb6588/-2/ComponentInfo{com.htc.htcmsgwidgets3d/com.htc.htcmsgwidgets.MsgWidgetProvider}/[I@40cb65a8)
01-16 18:37:56.914 D/FxWidgetProvider( 1674): row 1
01-16 18:37:56.924 D/CombinedWidgetProvider( 1674): addFxWidget: WidgetSummary(Messages/FX_WIDGET/[I@40cb88f8 x [I@40cb8918/-2/ComponentInfo{com.htc.htcmsgwidgets3d/com.htc.htcmsgwidgets.MsgWidgetProvider}/[I@40cb8938)
01-16 18:37:56.924 D/FxWidgetProvider( 1674): row 1
01-16 18:37:56.934 D/GTalkService( 1721): [GTalkService.1] handlePackageInstalled: re-initialize providers
01-16 18:37:56.934 D/GTalkService( 1721): [RawStanzaProvidersMgr] ##### searchProvidersFromIntent
01-16 18:37:56.944 I/ActivityManager( 1574): Start proc com.google.android.partnersetup for broadcast com.google.android.partnersetup/.RlzPingBroadcastReceiver: pid=2648 uid=10081 gids={3003}
01-16 18:37:56.954 D/CombinedWidgetProvider( 1674): addFxWidget: WidgetSummary(Twitter/FX_WIDGET/[I@40cbabe8 x [I@40cbac08/-2/ComponentInfo{com.htc.Twitter3DWidget/com.htc.Twitter3DWidget.TwitterWidgetProvider}/[I@40cbac28)
01-16 18:37:56.954 D/FxWidgetProvider( 1674): row 1
01-16 18:37:56.964 D/CombinedWidgetProvider( 1674): addFxWidget: WidgetSummary(Twitter/FX_WIDGET/[I@40ca9b30 x [I@40ca9b50/-2/ComponentInfo{com.htc.Twitter3DWidget/com.htc.Twitter3DWidget.TwitterWidgetProvider}/[I@40ca9b70)
01-16 18:37:56.974 D/FxWidgetProvider( 1674): row 1
01-16 18:37:56.974 D/CombinedWidgetProvider( 1674): addFxWidget: WidgetSummary(Twitter/FX_WIDGET/[I@40cac3b8 x [I@40cac3d8/-2/ComponentInfo{com.htc.Twitter3DWidget/com.htc.Twitter3DWidget.TwitterWidgetProvider}/[I@40cac3f8)
01-16 18:37:56.984 D/FxWidgetProvider( 1674): row 1
01-16 18:37:56.994 I/ActivityThread( 2648): Pub com.google.android.partnersetup.rlzprovider: com.google.android.partnersetup.RlzProvider
01-16 18:37:57.004 I/ActivityThread( 2648): Pub com.google.android.partnersetup.rlzappprovider: com.google.android.partnersetup.RlzAppProvider
01-16 18:37:57.004 D/HtcWidgetScanner( 2598): count(onPackageUpdated) - 3
01-16 18:37:57.014 D/CombinedWidgetProvider( 1674): addFxWidget: WidgetSummary(Twitter/FX_WIDGET/[I@40cae7d0 x [I@40cae7f0/-2/ComponentInfo{com.htc.Twitter3DWidget/com.htc.Twitter3DWidget.TwitterWidgetProvider}/[I@40cae810)
01-16 18:37:57.014 D/FxWidgetProvider( 1674): row 1
01-16 18:37:57.014 I/ActivityManager( 1574): No longer want com.htc.pen (pid 2119): hidden #16
01-16 18:37:57.034 D/dalvikvm( 1674): GC_CONCURRENT freed 1044K, 16% free 11587K/13703K, paused 3ms+7ms
01-16 18:37:57.094 D/FxWidgetScanner( 2598): onPackageAdded: uk.ac.st_andrews.cs.host.mk74.energymeasurement.light
01-16 18:37:57.104 D/CombinedWidgetProvider( 1674): addFxWidget: WidgetSummary(Trends/FX_WIDGET/[I@40cb0bd8 x [I@40cb0bf8/-2/ComponentInfo{com.htc.Trends3DWidget/com.htc.Trends3DWidget.TrendsWidgetProvider}/[I@40cb0c18)
01-16 18:37:57.104 D/FxWidgetProvider( 1674): row 1
01-16 18:37:57.104 D/CombinedWidgetProvider( 1674): addFxWidget: WidgetSummary(Sync All/FX_WIDGET/[I@40caf410 x [I@40cada10/-2/ComponentInfo{com.htc.Sync3DWidget/com.htc.Sync3DWidget.SyncWidgetProvider}/[I@40cad008)
01-16 18:37:57.104 I/ActivityManager( 1574): Start proc com.htc.htchubsyncprovider for content provider com.htc.htchubsyncprovider/.provider.MyDownloadsProvider: pid=2655 uid=10069 gids={3003, 2001, 1015}
01-16 18:37:57.114 D/FxWidgetProvider( 1674): row 1
01-16 18:37:57.114 D/CombinedWidgetProvider( 1674): addFxWidget: WidgetSummary(Music/FX_WIDGET/[I@40c72e78 x [I@40c727f8/-2/ComponentInfo{com.htc.MusicWidget3D/com.htc.MusicWidget3D.MusicWidget3DProvider}/[I@40c723e8)
01-16 18:37:57.114 D/FxWidgetProvider( 1674): row 1
01-16 18:37:57.114 D/CombinedWidgetProvider( 1674): addFxWidget: WidgetSummary(Music/FX_WIDGET/[I@40c5dd68 x [I@40c5d2d8/-2/ComponentInfo{com.htc.MusicWidget3D/com.htc.MusicWidget3D.MusicWidget3DProvider}/[I@40c5cc58)
01-16 18:37:57.124 D/FxWidgetProvider( 1674): row 1
01-16 18:37:57.124 D/CombinedWidgetProvider( 1674): addFxWidget: WidgetSummary(Music/FX_WIDGET/[I@40c4ce70 x [I@40c4c528/-2/ComponentInfo{com.htc.MusicWidget3D/com.htc.MusicWidget3D.MusicWidget3DProvider}/[I@40c4bd60)
01-16 18:37:57.124 D/FxWidgetProvider( 1674): row 1
01-16 18:37:57.134 D/CombinedWidgetProvider( 1674): addFxWidget: WidgetSummary(Friend Stream/FX_WIDGET/[I@40c39b48 x [I@40c39a18/-2/ComponentInfo{com.htc.FriendStream3DWidget/com.htc.FriendStream3DWidget.FriendStreamWidgetProvider}/[I@40c398e8)
01-16 18:37:57.134 D/FxWidgetProvider( 1674): row 1
01-16 18:37:57.134 I/ActivityManager( 1574): No longer want com.htc.syncagent (pid 1821): hidden #16
01-16 18:37:57.144 D/CombinedWidgetProvider( 1674): addFxWidget: WidgetSummary(Friend Stream/FX_WIDGET/[I@40c1f320 x [I@40c1cbb8/-2/ComponentInfo{com.htc.FriendStream3DWidget/com.htc.FriendStream3DWidget.FriendStreamWidgetProvider}/[I@40c1c378)
01-16 18:37:57.144 D/FxWidgetProvider( 1674): row 1
01-16 18:37:57.154 D/CombinedWidgetProvider( 1674): addFxWidget: WidgetSummary(Friend Stream/FX_WIDGET/[I@40aa6968 x [I@40aa5e30/-2/ComponentInfo{com.htc.FriendStream3DWidget/com.htc.FriendStream3DWidget.FriendStreamWidgetProvider}/[I@40a55e20)
01-16 18:37:57.154 I/ActivityThread( 2655): Pub com.htc.wdm.provider.WDMProvider: com.htc.htchubsyncprovider.provider.WDMProvider
01-16 18:37:57.154 D/FxWidgetProvider( 1674): row 1
01-16 18:37:57.154 I/ActivityThread( 2655): Pub com.htc.wotaproviders.MyDownloadsProvider: com.htc.htchubsyncprovider.provider.MyDownloadsProvider
01-16 18:37:57.154 D/CombinedWidgetProvider( 1674): addFxWidget: WidgetSummary(Friend Stream/FX_WIDGET/[I@40a08c58 x [I@40a04b90/-2/ComponentInfo{com.htc.FriendStream3DWidget/com.htc.FriendStream3DWidget.FriendStreamWidgetProvider}/[I@40a009e8)
01-16 18:37:57.164 D/FxWidgetProvider( 1674): row 1
01-16 18:37:57.164 D/CombinedWidgetProvider( 1674): addFxWidget: WidgetSummary(Friend Channel/FX_WIDGET/[I@4085c5c8 x [I@4085bca8/-2/ComponentInfo{com.htc.FriendStream3DWidget/com.htc.FriendStream3DWidget.FriendStreamWidgetProvider}/[I@40859cb8)
01-16 18:37:57.174 D/FxWidgetProvider( 1674): row 1
01-16 18:37:57.174 D/CombinedWidgetProvider( 1674): addFxWidget: WidgetSummary(My Shelf/FX_WIDGET/[I@40828e30 x [I@40828d68/-2/ComponentInfo{com.htc.ereader.widget3d/com.htc.ereader.widget3d.ereaderwidget3d.SimpleWidgetProvider}/[I@40828c38)
01-16 18:37:57.174 D/FxWidgetProvider( 1674): row 1
01-16 18:37:57.174 D/CombinedWidgetProvider( 1674): addFxWidget: WidgetSummary(Weather/FX_WIDGET/[I@40763e80 x [I@40763178/-2/ComponentInfo{com.htc.widget3d.weather/com.htc.widget3d.weather.WeatherWidgetProvider}/[I@40762f00)
01-16 18:37:57.184 D/FxWidgetProvider( 1674): row 1
01-16 18:37:57.184 D/CombinedWidgetProvider( 1674): addFxWidget: WidgetSummary(Weather/FX_WIDGET/[I@406c93e8 x [I@406c8018/-2/ComponentInfo{com.htc.widget3d.weather/com.htc.widget3d.weather.WeatherWidgetProvider}/[I@406c6b60)
01-16 18:37:57.184 D/FxWidgetProvider( 1674): row 1
01-16 18:37:57.184 D/dalvikvm( 2251): GC_CONCURRENT freed 485K, 9% free 6712K/7303K, paused 3ms+275ms
01-16 18:37:57.194 D/CombinedWidgetProvider( 1674): addFxWidget: WidgetSummary(Weather/FX_WIDGET/[I@40c297c8 x [I@40c1e200/-2/ComponentInfo{com.htc.widget3d.weather/com.htc.widget3d.weather.WeatherWidgetProvider}/[I@40c0d168)
01-16 18:37:57.194 D/SqliteDatabaseCpp( 2655): dbopen(): path = /data/data/com.htc.htchubsyncprovider/databases , key = mqdksjlkYdw, flag = 6, file size = 6144
01-16 18:37:57.194 D/FxWidgetProvider( 1674): row 1
01-16 18:37:57.194 D/SqliteDatabaseCpp( 2655): dbopen(): path = /data/data/com.htc.htchubsyncprovider/databases , key = mqdksjlkYdw, mode: delete, disk free size: 7853 M, handle: 0xdacd0
01-16 18:37:57.204 D/CombinedWidgetProvider( 1674): addFxWidget: WidgetSummary(Screen Timeout/FX_WIDGET/[I@40857ad8 x [I@408545e8/-2/ComponentInfo{com.htc.rosiewidgets.screentimeout/com.htc.rosiewidgets.screentimeout.ScreenTimeoutWidgetProvider}/[I@40852c60)
01-16 18:37:57.204 D/FxWidgetProvider( 1674): row 1
01-16 18:37:57.214 D/CombinedWidgetProvider( 1674): addFxWidget: WidgetSummary(Screen Brightness/FX_WIDGET/[I@4076f778 x [I@4076c630/-2/ComponentInfo{com.htc.rosiewidgets.screenbrightness/com.htc.rosiewidgets.screenbrightness.ScreenBrightnessWidgetProvider}/[I@4076c070)
01-16 18:37:57.214 D/FxWidgetProvider( 1674): row 1
01-16 18:37:57.214 D/CombinedWidgetProvider( 1674): addFxWidget: WidgetSummary(Notes/FX_WIDGET/[I@4069c1b0 x [I@4069a830/-2/ComponentInfo{com.htc.htcrichnoteswidget3d/com.htc.htcrichnoteswidget3d.NotesWidgetProvider}/[I@40699e18)
01-16 18:37:57.224 D/FxWidgetProvider( 1674): row 1
01-16 18:37:57.224 D/CombinedWidgetProvider( 1674): addFxWidget: WidgetSummary(Notes/FX_WIDGET/[I@40cb2fb0 x [I@40cb2fd0/-2/ComponentInfo{com.htc.htcrichnoteswidget3d/com.htc.htcrichnoteswidget3d.NotesWidgetProvider}/[I@40cb2ff0)
01-16 18:37:57.224 D/FxWidgetProvider( 1674): row 1
01-16 18:37:57.224 D/CombinedWidgetProvider( 1674): addFxWidget: WidgetSummary(HTC Likes/FX_WIDGET/[I@40cb3b60 x [I@40cb3b80/-2/ComponentInfo{com.htc.android.fusion.recommend/com.htc.android.fusion.recommend.RosieIntentReceiver}/[I@40cb3ba0)
01-16 18:37:57.234 D/FxWidgetProvider( 1674): row 1
01-16 18:37:57.234 D/CombinedWidgetProvider( 1674): addFxWidget: WidgetSummary(Profile/FX_WIDGET/[I@40cb4730 x [I@40cb4750/-2/ComponentInfo{com.htc.widget.profile/com.htc.widget.profile.HtcWidgetReceiver}/[I@40cb4770)
01-16 18:37:57.234 D/FxWidgetProvider( 1674): row 1
01-16 18:37:57.234 D/CombinedWidgetProvider( 1674): addFxWidget: WidgetSummary(Power Dashboard/FX_WIDGET/[I@40a2b910 x [I@40a2b930/-2/ComponentInfo{com.htc.rosiewidgets.powerstrip/com.htc.rosiewidgets.powerstrip.PowerStripWidgetProvider}/[I@40a2a928)
01-16 18:37:57.234 D/FxWidgetProvider( 1674): row 1
01-16 18:37:57.244 D/CombinedWidgetProvider( 1674): addFxWidget: WidgetSummary(Photo Album/FX_WIDGET/[I@4084bcf8 x [I@4084bd18/-2/ComponentInfo{com.htc.photowidget3d/com.htc.photowidget3d.album.PhotoAlbumWidgetProvider}/[I@4084a658)
01-16 18:37:57.244 D/FxWidgetProvider( 1674): row 1
01-16 18:37:57.244 D/CombinedWidgetProvider( 1674): addFxWidget: WidgetSummary(Photo Frame/FX_WIDGET/[I@407c76d0 x [I@407c76f0/-2/ComponentInfo{com.htc.photowidget3d/com.htc.photowidget3d.frame.PhotoFrameWidgetProvider}/[I@407c6278)
01-16 18:37:57.244 D/FxWidgetProvider( 1674): row 1
01-16 18:37:57.254 D/CombinedWidgetProvider( 1674): addFxWidget: WidgetSummary(Photo Grid/FX_WIDGET/[I@406fbbd8 x [I@406fbbf8/-2/ComponentInfo{com.htc.rosiewidgets.photogridwidget3d/com.htc.rosiewidgets.photogridwidget3d.PhotoGridWidget3DProvider}/[I@406f7b78)
01-16 18:37:57.254 D/FxWidgetProvider( 1674): row 1
01-16 18:37:57.254 D/CombinedWidgetProvider( 1674): addFxWidget: WidgetSummary(Navigate/FX_WIDGET/[I@40c63130 x [I@40c61bd0/-2/ComponentInfo{com.htc.laputa.widget3d.navigate/com.htc.laputa.widget3d.navigate.NavigateWidgetProvider}/[I@40c61bf0)
01-16 18:37:57.254 D/FxWidgetProvider( 1674): row 1
01-16 18:37:57.254 D/CombinedWidgetProvider( 1674): addFxWidget: WidgetSummary(Navigate/FX_WIDGET/[I@4085e048 x [I@40843338/-2/ComponentInfo{com.htc.laputa.widget3d.navigate/com.htc.laputa.widget3d.navigate.NavigateWidgetProvider}/[I@40843358)
01-16 18:37:57.264 D/FxWidgetProvider( 1674): row 1
01-16 18:37:57.264 D/CombinedWidgetProvider( 1674): addFxWidget: WidgetSummary(Locations/FX_WIDGET/[I@40a44e48 x [I@40a131f8/-2/ComponentInfo{com.htc.laputa.widget3d.locations/com.htc.laputa.widget3d.locations.LocationsWidgetProvider}/[I@40a13218)
01-16 18:37:57.264 D/FxWidgetProvider( 1674): row 1
01-16 18:37:57.264 D/CombinedWidgetProvider( 1674): addFxWidget: WidgetSummary(News/FX_WIDGET/[I@40a18ab0 x [I@40a18ad0/-2/ComponentInfo{com.htc.googlereaderwidget/com.htc.googlereaderwidget.RosieWidgetReceiver}/[I@40a18af0)
01-16 18:37:57.264 D/FxWidgetProvider( 1674): row 1
01-16 18:37:57.274 D/CombinedWidgetProvider( 1674): addFxWidget: WidgetSummary(News/FX_WIDGET/[I@4073f480 x [I@4073f4a0/-2/ComponentInfo{com.htc.googlereaderwidget/com.htc.googlereaderwidget.RosieWidgetReceiver}/[I@4073f4c0)
01-16 18:37:57.274 D/FxWidgetProvider( 1674): row 1
01-16 18:37:57.274 D/CombinedWidgetProvider( 1674): addFxWidget: WidgetSummary(Data Dashboard/FX_WIDGET/[I@40c28db0 x [I@40c28dd0/-2/ComponentInfo{com.htc.rosiewidgets.datastrip/com.htc.rosiewidgets.datastrip.DataStripWidgetProvider}/[I@40c28df0)
01-16 18:37:57.274 D/FxWidgetProvider( 1674): row 1
01-16 18:37:57.274 D/CombinedWidgetProvider( 1674): addFxWidget: WidgetSummary(Data Roaming/FX_WIDGET/[I@4076e100 x [I@40754150/-2/ComponentInfo{com.htc.rosiewidgets.dataroaming/com.htc.rosiewidgets.dataroaming.WidgetProvider}/[I@40754170)
01-16 18:37:57.284 D/FxWidgetProvider( 1674): row 1
01-16 18:37:57.284 D/CombinedWidgetProvider( 1674): addFxWidget: WidgetSummary(Analog Clock/FX_WIDGET/[I@40c75a28 x [I@40c75d78/-2/ComponentInfo{com.htc.clock3dwidget/com.htc.clock3dwidget.ClockWidgetProvider}/[I@40c75d98)
01-16 18:37:57.284 D/FxWidgetProvider( 1674): row 1
01-16 18:37:57.284 D/CombinedWidgetProvider( 1674): addFxWidget: WidgetSummary(Analog Clock/FX_WIDGET/[I@40c6b128 x [I@40c6b478/-2/ComponentInfo{com.htc.clock3dwidget/com.htc.clock3dwidget.ClockWidgetProvider}/[I@40c6b498)
01-16 18:37:57.284 D/FxWidgetProvider( 1674): row 1
01-16 18:37:57.294 D/CombinedWidgetProvider( 1674): addFxWidget: WidgetSummary(Weather Clock/FX_WIDGET/[I@40c61700 x [I@40c61360/-2/ComponentInfo{com.htc.clock3dwidget/com.htc.clock3dwidget.ClockWidgetProvider}/[I@40c61380)
01-16 18:37:57.294 D/FxWidgetProvider( 1674): row 1
01-16 18:37:57.294 D/CombinedWidgetProvider( 1674): addFxWidget: WidgetSummary(Travel Clock/FX_WIDGET/[I@40c58320 x [I@40c58548/-2/ComponentInfo{com.htc.clock3dwidget/com.htc.clock3dwidget.ClockWidgetProvider}/[I@40c58568)
01-16 18:37:57.294 D/FxWidgetProvider( 1674): row 1
01-16 18:37:57.294 D/CombinedWidgetProvider( 1674): addFxWidget: WidgetSummary(Digital Clock/FX_WIDGET/[I@40791a50 x [I@407738f8/-2/ComponentInfo{com.htc.clock3dwidget/com.htc.clock3dwidget.ClockWidgetProvider}/[I@40773918)
01-16 18:37:57.304 D/FxWidgetProvider( 1674): row 1
01-16 18:37:57.304 D/CombinedWidgetProvider( 1674): addFxWidget: WidgetSummary(Analog Clock/FX_WIDGET/[I@40c4eac8 x [I@40c4eae8/-2/ComponentInfo{com.htc.clock3dwidget/com.htc.clock3dwidget.ClockWidgetProvider}/[I@40c4ec48)
01-16 18:37:57.304 D/FxWidgetProvider( 1674): row 1
01-16 18:37:57.304 D/CombinedWidgetProvider( 1674): addFxWidget: WidgetSummary(Analog Clock/FX_WIDGET/[I@40be6720 x [I@40be4248/-2/ComponentInfo{com.htc.clock3dwidget/com.htc.clock3dwidget.ClockWidgetProvider}/[I@40be4268)
01-16 18:37:57.304 D/FxWidgetProvider( 1674): row 1
01-16 18:37:57.304 D/CombinedWidgetProvider( 1674): addFxWidget: WidgetSummary(Analog Clock/FX_WIDGET/[I@4084b3b8 x [I@4084b3d8/-2/ComponentInfo{com.htc.clock3dwidget/com.htc.clock3dwidget.ClockWidgetProvider}/[I@4084a178)
01-16 18:37:57.314 D/FxWidgetProvider( 1674): row 1
01-16 18:37:57.314 D/CombinedWidgetProvider( 1674): addFxWidget: WidgetSummary(Analog Clock/FX_WIDGET/[I@407277b8 x [I@407160e8/-2/ComponentInfo{com.htc.clock3dwidget/com.htc.clock3dwidget.ClockWidgetProvider}/[I@40716108)
01-16 18:37:57.314 D/FxWidgetProvider( 1674): row 1
01-16 18:37:57.314 D/CombinedWidgetProvider( 1674): addFxWidget: WidgetSummary(Analog Clock/FX_WIDGET/[I@4079fa58 x [I@4079fa78/-2/ComponentInfo{com.htc.clock3dwidget/com.htc.clock3dwidget.ClockWidgetProvider}/[I@4079fa98)
01-16 18:37:57.314 D/FxWidgetProvider( 1674): row 1
01-16 18:37:57.324 D/FxWidgetScanner( 2598): addWidgetList
01-16 18:37:57.324 D/FxWidgetScanner( 2598): ResolveInfo size 0
01-16 18:37:57.334 I/ActivityManager( 1574): Start proc com.htc.pen for broadcast com.htc.pen/.plugin.PenReceiver: pid=2662 uid=10040 gids={}
01-16 18:37:57.364 I/ActivityThread( 2662): Pub com.htc.penmenu: com.htc.pen.provider.PenMenuProvider
01-16 18:37:57.374 I/ActivityThread( 2662): Pub com.htc.pen: com.htc.pen.provider.PenProvider
01-16 18:37:57.374 D/PhoneApp( 1661): EVENT_QUERY_MO_PACKAGES
01-16 18:37:57.384 D/WidgetScanner( 2598): upadted? false
01-16 18:37:57.384 D/SqliteDatabaseCpp( 2662): dbopen(): path = /data/data/com.htc.pen/databases , key = hej, flag = 6, file size = 15360
01-16 18:37:57.384 D/SM:PackageReceiver( 2591): package replaced: package:uk.ac.st_andrews.cs.host.mk74.energymeasurement.light
01-16 18:37:57.394 I/ActivityManager( 1574): Start proc com.google.android.apps.maps:FriendService for broadcast com.google.android.apps.maps/com.google.googlenav.friend.android.ServiceReceiver: pid=2671 uid=10046 gids={3003, 1015}
01-16 18:37:57.434 I/RegisterService( 2599): android.intent.action.PACKAGE_REPLACED package:uk.ac.st_andrews.cs.host.mk74.energymeasurement.light
01-16 18:37:57.444 D/PhoneApp( 1661): -- N1 =0
01-16 18:37:57.474 I/ActivityManager( 1574): No longer want android.process.media (pid 1739): hidden #16
01-16 18:37:57.514 D/dalvikvm( 2671): GC_CONCURRENT freed 157K, 4% free 6802K/7047K, paused 2ms+2ms
01-16 18:37:57.534 W/BinderNative( 2151): Uncaught exception from death notification
01-16 18:37:57.534 W/BinderNative( 2151): java.lang.NullPointerException
01-16 18:37:57.534 W/BinderNative( 2151): 	at android.app.ActivityThread.removeDeadProvider(ActivityThread.java:4405)
01-16 18:37:57.534 W/BinderNative( 2151): 	at android.app.ActivityThread$ProviderClientRecord.binderDied(ActivityThread.java:314)
01-16 18:37:57.534 W/BinderNative( 2151): 	at android.os.BinderProxy.sendDeathNotice(Binder.java:418)
01-16 18:37:57.534 W/BinderNative( 2151): 	at dalvik.system.NativeStart.run(Native Method)
01-16 18:37:57.564 D/PhoneApp( 1661): -- N2 =0
01-16 18:37:57.574 D/SqliteDatabaseCpp( 2662): dbopen(): path = /data/data/com.htc.pen/databases , key = hej, mode: delete, disk free size: 7853 M, handle: 0x19bb90
01-16 18:37:57.624 D/dalvikvm( 2671): GC_CONCURRENT freed 135K, 5% free 7134K/7431K, paused 2ms+1ms
01-16 18:37:57.634 D/PhoneApp( 1661): -- N3 =0
01-16 18:37:57.674 D/PenUtils( 2662): getDefaultPen() start 13
01-16 18:37:57.815 D/dalvikvm( 1574): GC_EXPLICIT freed 1783K, 12% free 15861K/17991K, paused 2ms+13ms
01-16 18:37:57.915 D/AndroidRuntime( 2574): Shutting down VM
01-16 18:37:57.915 D/dalvikvm( 2574): GC_CONCURRENT freed 105K, 83% free 364K/2048K, paused 0ms+0ms
01-16 18:37:57.915 D/dalvikvm( 2574): Debugger has detached; object registry had 1 entries
01-16 18:37:57.915 D/PenUtils( 2662): getDefaultPen() end 42
01-16 18:37:57.925 I/AndroidRuntime( 2574): NOTE: attach of thread 'Binder Thread #3' failed
01-16 18:37:57.965 D/dalvikvm( 1574): GC_EXPLICIT freed 51K, 13% free 15817K/17991K, paused 2ms+3ms
01-16 18:37:57.985 D/CombinedWidgetProvider( 1674): addFxWidget: WidgetSummary(Analog Clock/FX_WIDGET/[I@4070e6d8 x [I@4070e6f8/-2/ComponentInfo{com.htc.clock3dwidget/com.htc.clock3dwidget.ClockWidgetProvider}/[I@4070e718)
01-16 18:37:57.985 D/FxWidgetProvider( 1674): row 1
01-16 18:37:57.995 D/CombinedWidgetProvider( 1674): addFxWidget: WidgetSummary(Analog Clock/FX_WIDGET/[I@407dc5f8 x [I@407dc618/-2/ComponentInfo{com.htc.clock3dwidget/com.htc.clock3dwidget.ClockWidgetProvider}/[I@407dc638)
01-16 18:37:57.995 D/FxWidgetProvider( 1674): row 1
01-16 18:37:57.995 D/CombinedWidgetProvider( 1674): addFxWidget: WidgetSummary(Social Clock/FX_WIDGET/[I@407190d0 x [I@40a28088/-2/ComponentInfo{com.htc.clock3dwidget/com.htc.clock3dwidget.ClockWidgetProvider}/[I@40708938)
01-16 18:37:58.005 D/FxWidgetProvider( 1674): row 1
01-16 18:37:58.005 D/CombinedWidgetProvider( 1674): addFxWidget: WidgetSummary(Beam Clock/FX_WIDGET/[I@40c00890 x [I@40a36188/-2/ComponentInfo{com.htc.clock3dwidget/com.htc.clock3dwidget.ClockWidgetProvider}/[I@40c19618)
01-16 18:37:58.005 D/FxWidgetProvider( 1674): row 1
01-16 18:37:58.005 D/CombinedWidgetProvider( 1674): addFxWidget: WidgetSummary(Ring Clock/FX_WIDGET/[I@40c5e300 x [I@40c5e320/-2/ComponentInfo{com.htc.clock3dwidget/com.htc.clock3dwidget.ClockWidgetProvider}/[I@40c5e340)
01-16 18:37:58.015 D/FxWidgetProvider( 1674): row 1
01-16 18:37:58.025 D/CombinedWidgetProvider( 1674): addFxWidget: WidgetSummary(Spin Cycle Clock/FX_WIDGET/[I@40749560 x [I@40749580/-2/ComponentInfo{com.htc.clock3dwidget/com.htc.clock3dwidget.ClockWidgetProvider}/[I@407495a0)
01-16 18:37:58.025 D/FxWidgetProvider( 1674): row 1
01-16 18:37:58.035 D/CombinedWidgetProvider( 1674): addFxWidget: WidgetSummary(Analog Clock/FX_WIDGET/[I@408420a0 x [I@40853420/-2/ComponentInfo{com.htc.clock3dwidget/com.htc.clock3dwidget.ClockWidgetProvider}/[I@40853440)
01-16 18:37:58.035 D/FxWidgetProvider( 1674): row 1
01-16 18:37:58.045 D/CombinedWidgetProvider( 1674): addFxWidget: WidgetSummary(Calculator/FX_WIDGET/[I@40ca4938 x [I@407adea0/-2/ComponentInfo{com.htc.android.fusion.calculator/com.htc.android.fusion.calculator.RosieIntentReceiver}/[I@407adec0)
01-16 18:37:58.045 D/FxWidgetProvider( 1674): row 1
01-16 18:37:58.045 D/Socket_Alarm( 2671): registerHTCSocketMonitorCallBack
01-16 18:37:58.045 D/Socket_Alarm( 2671): set mSocketMonitor
01-16 18:37:58.045 D/Socket_Alarm( 2671): HTCSocketMonitorImpl::HTCSocketMonitorImpl
01-16 18:37:58.055 D/CombinedWidgetProvider( 1674): addFxWidget: WidgetSummary(Calculator/FX_WIDGET/[I@409f0ed8 x [I@409f0ef8/-2/ComponentInfo{com.htc.android.fusion.calculator/com.htc.android.fusion.calculator.RosieIntentReceiver}/[I@409f0f18)
01-16 18:37:58.065 D/FxWidgetProvider( 1674): row 1
01-16 18:37:58.065 D/CombinedWidgetProvider( 1674): addFxWidget: WidgetSummary(Calculator/FX_WIDGET/[I@40ab9840 x [I@40ab9860/-2/ComponentInfo{com.htc.android.fusion.calculator/com.htc.android.fusion.calculator.RosieIntentReceiver}/[I@40ab9880)
01-16 18:37:58.075 D/FxWidgetProvider( 1674): row 1
01-16 18:37:58.075 D/PenUtils( 2378): getAllPen() start 119
01-16 18:37:58.085 D/CombinedWidgetProvider( 1674): addFxWidget: WidgetSummary(Calculator/FX_WIDGET/[I@40831dd0 x [I@40831df0/-2/ComponentInfo{com.htc.android.fusion.calculator/com.htc.android.fusion.calculator.RosieIntentReceiver}/[I@40831e10)
01-16 18:37:58.085 I/ActivityManager( 1574): No longer want com.android.settings (pid 1801): hidden #16
01-16 18:37:58.095 D/FxWidgetProvider( 1674): row 1
01-16 18:37:58.095 I/ActivityManager( 1574): Start proc com.google.android.googlequicksearchbox for broadcast com.google.android.googlequicksearchbox/.SourceUpdateReceiver: pid=2683 uid=10080 gids={3003}
