--------- beginning of /dev/log/main
01-10 12:40:39.696 D/dalvikvm( 1787): GC_EXPLICIT freed 173K, 7% free 6847K/7303K, paused 7ms+1ms
01-10 12:40:44.651 D/dalvikvm( 1853): GC_EXPLICIT freed 57K, 5% free 6476K/6787K, paused 7ms+1ms
01-10 12:40:53.269 I/power   ( 1590): *** set_screen_state 0
01-10 12:40:53.269 D/PowerManagerService( 1590): setScreenStateLocked++, on: false, err: 0
01-10 12:40:53.269 D/PowerManagerService( 1590): setScreenStateLocked, turn off the button light 
01-10 12:40:53.269 D/lights  ( 1590): set_light_buttons_func: on=0 brightness=0
01-10 12:40:53.279 D/lights  ( 1590): set_rotated_rgb_led: on=0 brightness=0
01-10 12:40:53.279 D/lights  ( 1590): [LedInfo] write attr ok name=/sys/class/leds/amber-portrait/brightness string=0,len=1
01-10 12:40:53.279 D/lights  ( 1590): set_rotated_rgb_led: on=0 brightness=0
01-10 12:40:53.279 D/lights  ( 1590): [LedInfo] write attr ok name=/sys/class/leds/green-portrait/brightness string=0,len=1
01-10 12:40:53.279 D/lights  ( 1590): set_rotated_rgb_led: on=0 brightness=0
01-10 12:40:53.279 E/lights  ( 1590): [LedErr] open attr failed name=/sys/class/leds/blue-portrait/brightness errno: 2
01-10 12:40:53.289 V/KeyguardViewMediator( 1590): password timeout now
01-10 12:40:53.289 D/HtcLockScreen( 1590): createPatternUnlockScreen() ...
01-10 12:40:53.289 D/HtcLockScreen( 1590): packageInfo - PackageInfo{4110dcf0 com.htc.lockscreen}
01-10 12:40:53.289 D/Sensors ( 1590): Enable akm: en = 0
01-10 12:40:53.429 D/dalvikvm( 1590): GC_CONCURRENT freed 1908K, 12% free 15858K/17927K, paused 7ms+4ms
01-10 12:40:53.449 D/UsbnetService( 1590): BroadcastReceiver::onReceive+
01-10 12:40:53.449 D/UsbnetService( 1590): onReceive BATTERY_CHANGED
01-10 12:40:53.449 D/UsbnetService( 1590):  --> pluggedType = 2, mPluggedType = 0, mScreenOff = false
01-10 12:40:53.449 D/UsbnetService( 1590): BroadcastReceiver::onReceive-
01-10 12:40:53.449 D/HostWidgetManager( 1688): pauseWidgets: 2
01-10 12:40:53.449 D/BatteryService( 1590): SendIntentforPowersaver
01-10 12:40:53.449 D/BatteryService( 1590): Current powersaver status == NORMAL_STATUS1 2 2 false
--------- beginning of /dev/log/system
01-10 12:40:53.449 D/NotificationService( 1590): mIntentReceiver() Intent.ACTION_BATTERY_CHANGED
01-10 12:40:53.459 D/RemoveMe( 1679): DCT got intent android.intent.action.BATTERY_CHANGED
01-10 12:40:53.469 D/RemoveMe( 1679): DCT got intent android.intent.action.BATTERY_CHANGED
01-10 12:40:53.469 D/RemoveMe( 1679): DCT got intent android.intent.action.BATTERY_CHANGED
01-10 12:40:53.479 D/PhoneWindow( 1688): couldn't save which view has focus because the focused view android.widget.RelativeLayout@407c7878 has no id.
01-10 12:40:53.499 D/PowerUI ( 1661): closing low battery warning: level=99
01-10 12:40:53.499 D/PowerUI ( 1661): plugged = true, health = 2, mBatteryLevel = 99, mPluggedBatteryLevel = 99, mLowBatteryWarningLevel2 = 25, mshowLowChargingWarning2 = true
01-10 12:40:53.509 D/AlarmManager( 1590): ACTION_SCREEN_OFF
01-10 12:40:53.519 D/UsbnetService( 1590): BroadcastReceiver::onReceive+
01-10 12:40:53.519 D/UsbnetService( 1590): onReceive SCREEN_OFF
01-10 12:40:53.519 I/TabletStatusBar( 1661): DISABLE_CLOCK: yes
01-10 12:40:53.519 I/TabletStatusBar( 1661): DISABLE_EXPAND: yes
01-10 12:40:53.519 I/TabletStatusBar( 1661): DISABLE_NAVIGATION: yes
01-10 12:40:53.529 D/ContactMessageStore( 1679): start background delete task...
01-10 12:40:53.529 D/SurfaceFlinger( 1441): About to give-up screen, flinger = 0xa830
01-10 12:40:53.529 W/msm7x30.hwcomposer( 1441): hwc_set invalid context or list
01-10 12:40:53.529 D/msm7x30.hwcomposer( 1441): HWC called FB enableHDMIOutput(0)
01-10 12:40:53.539 D/RemoveMe( 1679): DCT got intent android.intent.action.SCREEN_OFF
01-10 12:40:53.539 D/DataConnectionTracker( 1679): power saving case 6
01-10 12:40:53.539 D/ConnectivityService( 1590): getMobileDataEnabled returning false
01-10 12:40:53.549 D/DataConnectionTracker( 1679): power saving case 6
01-10 12:40:53.549 D/RemoveMe( 1679): DCT got intent android.intent.action.SCREEN_OFF
01-10 12:40:53.549 D/ConnectivityService( 1590): getMobileDataEnabled returning false
01-10 12:40:53.559 D/RemoveMe( 1679): DCT got intent android.intent.action.SCREEN_OFF
01-10 12:40:53.559 D/WindowManager( 1590): setPenWorkingMode = 48
01-10 12:40:53.609 D/SurfaceFlinger( 1441): getTokenForSurface(0xa8d94) => 0 (client=0x90668, bitmap=00000003), pid=1590
01-10 12:40:53.609 D/msm7x30.gralloc( 1441): gpu_context_t::getGrallocInformationFromFormat  1 
01-10 12:40:53.649 I/TabletStatusBar( 1661): DISABLE_BACK: yes
01-10 12:40:53.689 D/dalvikvm( 1702): GC_EXPLICIT freed 7K, 9% free 7013K/7623K, paused 1ms+11ms
01-10 12:40:53.719 D/AutoSetting( 1787): service - mHandler: cancel location update
01-10 12:40:53.719 D/AK8975  ( 1451): Compass CLOSE 
01-10 12:40:53.749 D/dalvikvm( 1702): GC_EXPLICIT freed 2K, 9% free 7012K/7623K, paused 1ms+1ms
01-10 12:40:53.759 D/AutoSetting( 1787): service -           changes count: 0
01-10 12:40:53.780 D/ContactMessageStore( 1679): size: 0 , 0
01-10 12:40:53.830 D/SurfaceFlinger( 1441): getTokenForSurface(0xaf0cc) => 0 (client=0xa8510, bitmap=00000001), pid=1702
01-10 12:40:53.830 D/msm7x30.gralloc( 1441): gpu_context_t::getGrallocInformationFromFormat  1 
01-10 12:40:53.850 D/IdleScreen_base( 1702): onRingUnlockEnd
01-10 12:40:53.880 D/SurfaceFlinger( 1441): virtual void android::Layer::onRemoved(): lcblk (identity=14, status=0, token=1)
01-10 12:40:53.890 D/msm7x30.gralloc( 1441): gpu_context_t::getGrallocInformationFromFormat  1 
01-10 12:40:53.930 D/ContactMessageStore( 1679): Background delete complete
01-10 12:40:56.662 D/KeyguardViewMediator( 1590): wakeWhenReadyLocked(26)
01-10 12:40:56.662 I/power   ( 1590): *** set_screen_state 1
01-10 12:40:56.672 D/PowerManagerService( 1590): setScreenStateLocked++, on: true, err: 0
01-10 12:40:56.672 D/lights  ( 1590): set_light_buttons_func: on=16777215 brightness=255
01-10 12:40:56.672 D/lights  ( 1590): set_rotated_rgb_led: on=0 brightness=0
01-10 12:40:56.672 D/lights  ( 1590): [LedInfo] write attr ok name=/sys/class/leds/amber-portrait/brightness string=0,len=1
01-10 12:40:56.672 D/lights  ( 1590): set_rotated_rgb_led: on=1 brightness=255
01-10 12:40:56.672 D/lights  ( 1590): [LedInfo] write attr ok name=/sys/class/leds/green-portrait/brightness string=255,len=3
01-10 12:40:56.672 D/lights  ( 1590): set_rotated_rgb_led: on=0 brightness=0
01-10 12:40:56.672 E/lights  ( 1590): [LedErr] open attr failed name=/sys/class/leds/blue-portrait/brightness errno: 2
01-10 12:40:56.672 D/Sensors ( 1590): Enable akm: en = 1
01-10 12:40:56.672 D/PowerManagerService( 1590): button light setOrientation:-1
01-10 12:40:56.672 D/PowerManagerService( 1590): setPenMenuButtonLed: 2
01-10 12:40:56.672 D/PowerManagerService( 1590): Set pen menu button led (amber, green, blue) = 0, -1, 0), portrait = true
01-10 12:40:56.682 D/Launcher.Model( 1688): updateAppUsageStatCache +
01-10 12:40:56.682 D/Launcher.Model( 1688): updateAppUsageStatCache - diff: 2
01-10 12:40:56.712 D/PREF    ( 1688): setWidgetTilt .FriendStreamLarge2Widget : 25
01-10 12:40:56.712 D/AlarmManager( 1590): ACTION_SCREEN_ON
01-10 12:40:56.722 D/UsbnetService( 1590): BroadcastReceiver::onReceive+
01-10 12:40:56.722 D/UsbnetService( 1590): onReceive SCREEN_ON
01-10 12:40:56.722 D/UsbnetService( 1590): BroadcastReceiver::onReceive-
01-10 12:40:56.722 D/SurfaceFlinger( 1441): Screen about to return, flinger = 0xa830
01-10 12:40:56.732 D/HostWidgetManager( 1688): onResumeInKeyguard: 2
01-10 12:40:56.742 D/msm7x30.hwcomposer( 1441): HWC called FB enableHDMIOutput(0)
01-10 12:40:56.742 D/FxWorkspace( 1688): prepareUnlockAnimation
01-10 12:40:56.742 D/FxWorkspaceClient( 1688): showAllScreens()
01-10 12:40:56.742 D/FxWorkspaceClient( 1688): freezeAllScreens
01-10 12:40:56.742 D/UnlockAnimator( 1688): setFrame: unlock_to_03
01-10 12:40:56.752 D/Rotate.Performance( 1688): FxWorkspace.show()
01-10 12:40:56.752 D/AK8975  ( 1451): Compass Start
01-10 12:40:56.772 D/RemoveMe( 1679): DCT got intent android.intent.action.SCREEN_ON
01-10 12:40:56.772 D/ConnectivityService( 1590): getMobileDataEnabled returning false
01-10 12:40:56.782 D/ConnectivityService( 1590): getMobileDataEnabled returning false
01-10 12:40:56.792 D/RemoveMe( 1679): DCT got intent android.intent.action.SCREEN_ON
01-10 12:40:56.802 D/RemoveMe( 1679): DCT got intent android.intent.action.SCREEN_ON
01-10 12:40:57.603 D/HtcLockScreen3.0( 1590): HtcLockScreen: onInterceptTouchEvent ACTION_DOWN
01-10 12:40:58.184 D/HtcLockScreen3.0( 1590): HtcLockScreen: onInterceptTouchEvent ACTION_UP
01-10 12:40:58.854 D/HtcLockScreen3.0( 1590): HtcLockScreen: onInterceptTouchEvent ACTION_DOWN
01-10 12:40:59.225 D/HtcLockScreen3.0( 1590): HtcLockScreen: onInterceptTouchEvent ACTION_UP
01-10 12:40:59.245 D/IdleScreen_base( 1702): onRingUnlockStart
01-10 12:40:59.555 D/KeyguardViewManager( 1590): hide()
01-10 12:40:59.555 I/TabletStatusBar( 1661): DISABLE_CLOCK: no
01-10 12:40:59.555 I/TabletStatusBar( 1661): DISABLE_NAVIGATION: no
01-10 12:40:59.565 D/MyHTC   ( 1853): PoweronReceiver.onReceive(): intent=android.intent.action.USER_PRESENT
01-10 12:40:59.575 D/FxWorkspace( 1688): unlockAnimation
01-10 12:40:59.575 D/FxWorkspace( 1688): onUnlockAnimationStart()
01-10 12:40:59.575 D/UnlockAnimator( 1688): playMarker: unlock_to_03
01-10 12:40:59.575 D/FxWorkspaceClient( 1688): showAllScreens()
01-10 12:40:59.575 D/Rotate.Performance( 1688): FxWorkspace.show()
01-10 12:40:59.585 D/Twitter-MessageReceiver( 2522): action android.intent.action.USER_PRESENT
01-10 12:40:59.605 D/Sensors ( 1590): Enable akm: en = 0
01-10 12:40:59.625 D/SyncProvider( 2522): match settings
01-10 12:40:59.635 D/msm7x30.gralloc( 1441): gpu_context_t::getGrallocInformationFromFormat  1 
01-10 12:40:59.645 W/InputManagerService( 1590): Window already focused, ignoring focus gain of: com.android.internal.view.IInputMethodClient$Stub$Proxy@40b0f2f8
01-10 12:40:59.655 D/FacebookReceiver( 2522): Intent.ACTION_USER_PRESENT SyncInterval=3600000,currTime=1389357659640
01-10 12:40:59.655 D/FacebookReceiver( 2522): Intent.ACTION_USER_PRESENT lastStreamSyncTime=1389357659663,lastFriendSyncTime=1389357659663
01-10 12:40:59.675 D/SyncProvider( 2522): match settings
01-10 12:40:59.685 D/FlickrReceiver( 2522): Intent.ACTION_USER_PRESENT SyncInterval=3600000,currTime=1389357659689
01-10 12:40:59.685 D/FlickrReceiver( 2522): Intent.ACTION_USER_PRESENT lastStreamSyncTime=1389357659694,lastFriendSyncTime=1389357659694
01-10 12:40:59.695 D/SurfaceFlinger( 1441): virtual void android::Layer::onRemoved(): lcblk (identity=16, status=0, token=0)
01-10 12:40:59.695 D/Sensors ( 1590): Enable akm: en = 1
01-10 12:40:59.735 I/TabletStatusBar( 1661): DISABLE_BACK: no
01-10 12:40:59.755 D/SurfaceFlinger( 1441): virtual void android::Layer::onRemoved(): lcblk (identity=15, status=0, token=0)
01-10 12:40:59.755 D/Sensors ( 1590): Enable akm: en = 0
01-10 12:40:59.785 D/dalvikvm( 1702): GC_EXPLICIT freed 152K, 9% free 7013K/7623K, paused 2ms+2ms
01-10 12:40:59.815 D/AK8975  ( 1451): Compass CLOSE 
01-10 12:40:59.825 D/dalvikvm( 1702): GC_EXPLICIT freed 2K, 9% free 7012K/7623K, paused 2ms+2ms
01-10 12:40:59.875 D/dalvikvm( 1702): GC_EXPLICIT freed 6K, 9% free 7012K/7623K, paused 1ms+2ms
01-10 12:40:59.905 D/dalvikvm( 1702): GC_EXPLICIT freed 1K, 9% free 7012K/7623K, paused 1ms+1ms
01-10 12:40:59.915 D/SyncProvider( 2522): match settings
01-10 12:41:00.106 D/dalvikvm( 1702): GC_EXPLICIT freed 2K, 9% free 7012K/7623K, paused 1ms+2ms
01-10 12:41:00.136 D/dalvikvm( 1702): GC_EXPLICIT freed 1K, 9% free 7012K/7623K, paused 1ms+1ms
01-10 12:41:00.576 D/FxWorkspace( 1688): onUnlockAnimationEnd()
01-10 12:41:00.576 D/HostWidgetManager( 1688): onUserPresent: 2
01-10 12:41:00.576 D/HostWidgetManager( 1688): resumeWidgets: 2 sort: true
01-10 12:41:00.576 D/FxWorkspace( 1688): changeScreensVisibility
01-10 12:41:00.576 D/FxWorkspace( 1688): changeScreensVisibility
01-10 12:41:01.087 D/Sensors ( 1590): Enable akm: en = 1
01-10 12:41:01.097 D/AK8975  ( 1451): Compass Start
01-10 12:41:09.615 D/AutoSetting( 1787): service - mRequestRunnable: screen on delay 10s, request NLP now
01-10 12:41:09.615 D/AutoSetting( 1787): service - requestNLP() NetworkLocationProvider not enabled
01-10 12:41:09.945 D/AndroidRuntime( 2684): 
01-10 12:41:09.945 D/AndroidRuntime( 2684): >>>>>> AndroidRuntime START com.android.internal.os.RuntimeInit <<<<<<
01-10 12:41:09.945 D/AndroidRuntime( 2684): CheckJNI is OFF
01-10 12:41:10.045 D/CursorWindowStats( 2684): Get CursorWindow size from framework resource:4194304
01-10 12:41:10.085 D/AndroidRuntime( 2684): Calling main entry com.android.commands.pm.Pm
01-10 12:41:10.115 I/ActivityManager( 1590): Start proc com.android.defcontainer for service com.android.defcontainer/.DefaultContainerService: pid=2692 uid=10087 gids={1015, 2001}
01-10 12:41:10.165 D/dalvikvm( 2692): GC_EXPLICIT freed 38K, 5% free 6458K/6787K, paused 1ms+1ms
01-10 12:41:10.446 W/ActivityManager( 1590): No content provider found for: 
01-10 12:41:10.466 W/ActivityManager( 1590): No content provider found for: 
01-10 12:41:10.466 I/ActivityManager( 1590): No longer want com.htc.home.personalize (pid 1862): hidden #16
01-10 12:41:10.476 D/PackageParser( 1590): Scanning package: /data/app/vmdl-718653109.tmp
01-10 12:41:10.536 I/PackageManager( 1590): Removing non-system package:uk.ac.st_andrews.cs.host.mk74.energymeasurement.magneticField
01-10 12:41:10.536 I/ActivityManager( 1590): Force stopping package uk.ac.st_andrews.cs.host.mk74.energymeasurement.magneticField uid=10101
01-10 12:41:10.836 D/PackageManager( 1590): Scanning package uk.ac.st_andrews.cs.host.mk74.energymeasurement.magneticField
01-10 12:41:10.836 I/PackageManager( 1590): Package uk.ac.st_andrews.cs.host.mk74.energymeasurement.magneticField codePath changed from /data/app/uk.ac.st_andrews.cs.host.mk74.energymeasurement.magneticField-2.apk to /data/app/uk.ac.st_andrews.cs.host.mk74.energymeasurement.magneticField-1.apk; Retaining data and using new
01-10 12:41:10.836 I/PackageManager( 1590): Unpacking native libraries for /data/app/uk.ac.st_andrews.cs.host.mk74.energymeasurement.magneticField-1.apk
01-10 12:41:11.086 D/dalvikvm( 2700): DexOpt: load 39ms, verify+opt 148ms
01-10 12:41:11.267 I/ActivityManager( 1590): Force stopping package uk.ac.st_andrews.cs.host.mk74.energymeasurement.magneticField uid=10101
01-10 12:41:11.267 W/PackageManager( 1590): Code path for pkg : uk.ac.st_andrews.cs.host.mk74.energymeasurement.magneticField changing from /data/app/uk.ac.st_andrews.cs.host.mk74.energymeasurement.magneticField-2.apk to /data/app/uk.ac.st_andrews.cs.host.mk74.energymeasurement.magneticField-1.apk
01-10 12:41:11.267 D/PackageManager( 1590):   Activities: uk.ac.st_andrews.cs.host.mk74.energymeasurement.magneticField.MainActivity
01-10 12:41:11.267 W/PackageManager( 1590): Resource path for pkg : uk.ac.st_andrews.cs.host.mk74.energymeasurement.magneticField changing from /data/app/uk.ac.st_andrews.cs.host.mk74.energymeasurement.magneticField-2.apk to /data/app/uk.ac.st_andrews.cs.host.mk74.energymeasurement.magneticField-1.apk
01-10 12:41:11.427 D/PackageManager( 1590): [embedded] New package installed in /data/app/uk.ac.st_andrews.cs.host.mk74.energymeasurement.magneticField-1.apk
01-10 12:41:11.717 I/ActivityManager( 1590): Force stopping package uk.ac.st_andrews.cs.host.mk74.energymeasurement.magneticField uid=10101
01-10 12:41:11.787 D/dalvikvm( 1688): GC_EXPLICIT freed 1307K, 19% free 11152K/13639K, paused 1ms+2ms
01-10 12:41:11.817 D/dalvikvm( 1681): GC_EXPLICIT freed 760K, 10% free 7784K/8647K, paused 2ms+4ms
01-10 12:41:11.837 D/Launcher.Model( 1688): onReceive intent=Intent { act=android.intent.action.PACKAGE_REMOVED dat=package:uk.ac.st_andrews.cs.host.mk74.energymeasurement.magneticField flg=0x10000010 (has extras) }
01-10 12:41:11.837 D/PhoneApp( 1679): -- PackageChangeBroadcastReceiver  action = android.intent.action.PACKAGE_REMOVED
01-10 12:41:11.837 I/ActivityManager( 1590): Start proc com.android.smith for broadcast com.android.smith/.PackageReceiver: pid=2701 uid=10009 gids={1007, 1015}
01-10 12:41:11.907 I/SM:lib  ( 2701): JNI_OnLoad(): library version = 5
01-10 12:41:11.917 I/SM:lib  ( 2701): JNI_OnLoad(): result = 0x10004
01-10 12:41:11.917 D/SM:HtcNative( 2701): system lib, 4.0.honeycomb.HTK75C-flyer-l5-s16
01-10 12:41:11.917 D/SM:PackageReceiver( 2701): package removed: package:uk.ac.st_andrews.cs.host.mk74.energymeasurement.magneticField
01-10 12:41:11.917 D/WidgetScanner( 1688): onReceive: Intent { act=android.intent.action.PACKAGE_REMOVED dat=package:uk.ac.st_andrews.cs.host.mk74.energymeasurement.magneticField flg=0x10000010 cmp=com.htc.launcher/.widget.WidgetScannerTrigger (has extras) }
01-10 12:41:11.917 I/ActivityManager( 1590): No longer want com.htc.sdm (pid 2172): hidden #16
01-10 12:41:11.917 I/ActivityManager( 1590): Start proc com.htc.launcher.widgetscanner for service com.htc.launcher/.widget.WidgetScannerService: pid=2708 uid=9999 gids={3003, 3002, 3001, 2001, 1015}
01-10 12:41:11.927 I/ActivityManager( 1590): Start proc com.htc.opensense for broadcast com.htc.opensense/.pluginmanager.RegisterReceiver: pid=2709 uid=10013 gids={2001, 3003, 1006, 1015}
01-10 12:41:11.937 D/PackageManager( 1590): generateServicesMap(android.accounts.AccountAuthenticator): 13 services unchanged
01-10 12:41:11.997 D/PackageManager( 1590): generateServicesMap(android.content.SyncAdapter): 21 services unchanged
01-10 12:41:12.087 D/LauncherApplication( 2708): + LauncherApplication onCreate()
01-10 12:41:12.117 D/PackageManager( 1590): generateServicesMap(android.accounts.AccountAuthenticator): 13 services unchanged
01-10 12:41:12.117 D/Launcher.Model( 1688): onReceive intent=Intent { act=android.intent.action.PACKAGE_ADDED dat=package:uk.ac.st_andrews.cs.host.mk74.energymeasurement.magneticField flg=0x10000010 (has extras) }
01-10 12:41:12.117 D/Launcher.Model( 1688): mAllAppsList.updatePackage uk.ac.st_andrews.cs.host.mk74.energymeasurement.magneticField
01-10 12:41:12.127 D/PhoneApp( 1679): -- PackageChangeBroadcastReceiver  action = android.intent.action.PACKAGE_ADDED
01-10 12:41:12.137 I/ActivityManager( 1590): Start proc com.htc.cs for broadcast com.htc.cs/.plugin.PluginRegisterReceiver: pid=2723 uid=10041 gids={3003, 1015}
01-10 12:41:12.147 D/LauncherApplication( 2708): - LauncherApplication onCreate()
01-10 12:41:12.157 D/PackageManager( 1590): generateServicesMap(android.content.SyncAdapter): 21 services unchanged
01-10 12:41:12.207 D/WidgetScanner( 2708): onReceiveInternal: Intent { act=android.intent.action.PACKAGE_REMOVED dat=package:uk.ac.st_andrews.cs.host.mk74.energymeasurement.magneticField flg=0x10000010 cmp=com.htc.launcher/.widget.WidgetScannerService (has extras) }
01-10 12:41:12.207 D/HtcWidgetScanner( 2708): onPackageRemoved: uk.ac.st_andrews.cs.host.mk74.energymeasurement.magneticField
01-10 12:41:12.207 D/dalvikvm( 2708): GC_CONCURRENT freed 171K, 4% free 6770K/7047K, paused 1ms+13ms
01-10 12:41:12.288 D/HtcWidgetProvider( 1688): update 0
01-10 12:41:12.298 I/ActivityThread( 2723): Pub com.htc.connectedservice.csprovider: com.htc.cs.provider.ConnectedServiceProvider
01-10 12:41:12.298 I/ActivityThread( 2723): Pub com.htc.cs.dashboard: com.htc.cs.sync.dashboard.DashboardProvider
01-10 12:41:12.308 D/FxWidgetScanner( 2708): onPackageRemoved: uk.ac.st_andrews.cs.host.mk74.energymeasurement.magneticField
01-10 12:41:12.308 D/FxWidgetScanner( 2708): removeFxWidgetList
01-10 12:41:12.328 D/vicky   ( 2723): vicky received: android.intent.action.PACKAGE_REMOVED
01-10 12:41:12.368 I/RegisterService( 2709): android.intent.action.PACKAGE_REMOVED package:uk.ac.st_andrews.cs.host.mk74.energymeasurement.magneticField
01-10 12:41:12.428 D/dalvikvm( 1590): GC_CONCURRENT freed 1877K, 12% free 16067K/18055K, paused 3ms+4ms
01-10 12:41:12.538 I/ActivityManager( 1590): Start proc com.htc.recommend for broadcast com.htc.recommend/.receiver.AppInstalledReceiver: pid=2732 uid=10056 gids={2001, 3003}
01-10 12:41:12.558 D/CombinedWidgetProvider( 1688): +addAppWidget
01-10 12:41:12.558 D/CombinedWidgetProvider( 1688): addAppWidget: WidgetSummary(YouTube/APP_WIDGET/[I@408a57f0 x [I@408a5810/-1/ComponentInfo{com.google.android.youtube/com.google.android.youtube.app.honeycomb.widget.WidgetProvider}/[I@408a5830)
01-10 12:41:12.558 D/CombinedWidgetProvider( 1688): addAppWidget: WidgetSummary(Twitter (large)/APP_WIDGET/[I@4076bbe0 x [I@4076bc00/-1/ComponentInfo{com.twitter.android/com.twitter.android.client.WidgetLargeProvider}/[I@4076bc20)
01-10 12:41:12.558 D/CombinedWidgetProvider( 1688): addAppWidget: WidgetSummary(Twitter (small)/APP_WIDGET/[I@40716270 x [I@40716290/-1/ComponentInfo{com.twitter.android/com.twitter.android.client.WidgetSmallProvider}/[I@407162b0)
01-10 12:41:12.558 D/CombinedWidgetProvider( 1688): addAppWidget: WidgetSummary(Traffic/APP_WIDGET/[I@40b778f8 x [I@40b77918/-1/ComponentInfo{com.google.android.apps.maps/com.google.googlenav.appwidget.traffic.TrafficAppWidget}/[I@40b77938)
01-10 12:41:12.558 D/CombinedWidgetProvider( 1688): addAppWidget: WidgetSummary(Latitude/APP_WIDGET/[I@40849a10 x [I@40849a30/-1/ComponentInfo{com.google.android.apps.maps/com.google.googlenav.appwidget.friends.FriendsAppWidgetProvider}/[I@40849a50)
01-10 12:41:12.568 D/CombinedWidgetProvider( 1688): addAppWidget: WidgetSummary(Market/APP_WIDGET/[I@40820f70 x [I@40833798/-1/ComponentInfo{com.android.vending/com.android.vending.MarketWidgetProvider}/[I@4081e630)
01-10 12:41:12.568 D/CombinedWidgetProvider( 1688): addAppWidget: WidgetSummary(Google Search/APP_WIDGET/[I@4072ce48 x [I@4072ce68/-1/ComponentInfo{com.google.android.googlequicksearchbox/com.google.android.googlequicksearchbox.SearchWidgetProvider}/[I@4072ce88)
01-10 12:41:12.568 D/CombinedWidgetProvider( 1688): addAppWidget: WidgetSummary(Gmail/APP_WIDGET/[I@4084f8e0 x [I@40674f68/-1/ComponentInfo{com.google.android.gm/com.google.android.gm.widget.GmailWidgetProvider}/[I@40845ce0)
01-10 12:41:12.568 D/CombinedWidgetProvider( 1688): addAppWidget: WidgetSummary(Bookmarks/APP_WIDGET/[I@40772b20 x [I@40770318/-1/ComponentInfo{com.android.browser/com.android.browser.widget.BookmarkThumbnailWidgetProvider}/[I@40770338)
01-10 12:41:12.568 D/CombinedWidgetProvider( 1688): -addAppWidget
01-10 12:41:12.568 D/CombinedWidgetProvider( 1688): +addHtcWidgets, cat: -1
01-10 12:41:12.568 D/CombinedWidgetProvider( 1688):  uri: content://com.htc.launcher.widget.htcwidget/htcwidgets?widget_only=true
01-10 12:41:12.568 D/HtcWidgetProvider( 1688): row 1
01-10 12:41:12.588 D/CombinedWidgetProvider( 1688): addHtcWidget: WidgetSummary(Tips for Home/HTC_WIDGET/[I@40761f00 x [I@40761f20/1101/ComponentInfo{com.htc.rosiewidgets.tip/com.htc.rosiewidgets.tip.TipWidgetItem}/[I@407639d0)
01-10 12:41:12.588 D/CombinedWidgetProvider( 1688): -addHtcWidgets
01-10 12:41:12.588 D/CombinedWidgetProvider( 1688): +addFxWidgets , provider: null
01-10 12:41:12.588 D/FxWidgetProviderInfoCollector( 1688): getAllStyles + [Ljava.lang.String;@406d1dc8 @ 
01-10 12:41:12.598 D/FxWidgetProvider( 1688): row 94
01-10 12:41:12.628 I/ActivityManager( 1590): No longer want com.htc.musicenhancer (pid 2424): hidden #16
01-10 12:41:12.998 D/FxWidgetScanner( 2708): delete 0
01-10 12:41:12.998 D/WidgetScanner( 2708): upadted? false
01-10 12:41:13.008 I/ActivityThread( 2732): Pub com.htc.recommend.provider.HTCRecommendCarouselProvider: com.htc.recommend.provider.HTCRecommendCarouselProvider
01-10 12:41:13.008 I/ActivityManager( 1590): No longer want com.htc.pen (pid 2107): hidden #16
01-10 12:41:13.018 I/ActivityThread( 2732): Pub com.htc.recommend.provider.HTCRecommendContentProvider: com.htc.recommend.provider.HTCRecommendContentProvider
01-10 12:41:13.018 D/HTC Recommends( 2732): /mnt/sdcard/.LHYGB/CKCL
01-10 12:41:13.028 D/HTC Recommends( 2732): no token file
01-10 12:41:13.028 D/HTC Recommends( 2732): no token file
01-10 12:41:13.028 D/HTC Recommends( 2732): Log settings are 
01-10 12:41:13.028 D/HTC Recommends( 2732): Enable General Log : false
01-10 12:41:13.028 D/HTC Recommends( 2732): Enable Analytic Log : false
01-10 12:41:13.028 D/HTC Recommends( 2732): Enable Normal Log Level (dependent on General Log) : false
01-10 12:41:13.028 D/HTC Recommends( 2732): Enable Critical Log Level (dependent on General Log) : false
01-10 12:41:13.028 D/SqliteDatabaseCpp( 2732): dbopen(): path = /data/data/com.htc.recommend/databases , key = `tgvegkmmejd, flag = 6, file size = 32768
01-10 12:41:13.028 D/SqliteDatabaseCpp( 2732): dbopen(): path = /data/data/com.htc.recommend/databases , key = `tgvegkmmejd, mode: delete, disk free size: 7854 M, handle: 0x15c910
01-10 12:41:13.359 D/FxWidgetProvider( 1688): row 1
01-10 12:41:13.359 D/CombinedWidgetProvider( 1688): addFxWidget: WidgetSummary(Watch/FX_WIDGET/[I@408bdf50 x [I@408bdf70/-2/ComponentInfo{com.htc.widget3d.watch/com.htc.widget3d.watch.WatchProvider}/[I@408bdf90)
01-10 12:41:13.369 D/FxWidgetProvider( 1688): row 1
01-10 12:41:13.369 D/CombinedWidgetProvider( 1688): addFxWidget: WidgetSummary(Airplane Mode/FX_WIDGET/[I@408c02d8 x [I@408c02f8/-2/ComponentInfo{com.htc.htcsettingwidgets/com.htc.htcsettingwidgets.AirplaneWidget}/[I@408c0318)
01-10 12:41:13.369 D/FxWidgetProvider( 1688): row 1
01-10 12:41:13.379 D/CombinedWidgetProvider( 1688): addFxWidget: WidgetSummary(Bluetooth/FX_WIDGET/[I@408c27c8 x [I@408c27e8/-2/ComponentInfo{com.htc.htcsettingwidgets/com.htc.htcsettingwidgets.BTWidget}/[I@408c2808)
01-10 12:41:13.379 D/FxWidgetProvider( 1688): row 1
01-10 12:41:13.399 D/CombinedWidgetProvider( 1688): addFxWidget: WidgetSummary(GPS/FX_WIDGET/[I@408c49d8 x [I@408c49f8/-2/ComponentInfo{com.htc.htcsettingwidgets/com.htc.htcsettingwidgets.GPSWidget}/[I@408c4a18)
01-10 12:41:13.399 D/FxWidgetProvider( 1688): row 1
01-10 12:41:13.409 D/CombinedWidgetProvider( 1688): addFxWidget: WidgetSummary(Wi-Fi Hotspot/FX_WIDGET/[I@40856208 x [I@40856228/-2/ComponentInfo{com.htc.htcsettingwidgets/com.htc.htcsettingwidgets.HotspotWidget}/[I@40856248)
01-10 12:41:13.409 D/FxWidgetProvider( 1688): row 1
01-10 12:41:13.409 D/CombinedWidgetProvider( 1688): addFxWidget: WidgetSummary(Mobile Network/FX_WIDGET/[I@408586f0 x [I@40858710/-2/ComponentInfo{com.htc.htcsettingwidgets/com.htc.htcsettingwidgets.MobileNetworkWidget}/[I@40858730)
01-10 12:41:13.419 D/FxWidgetProvider( 1688): row 1
01-10 12:41:13.419 D/CombinedWidgetProvider( 1688): addFxWidget: WidgetSummary(Wi-Fi/FX_WIDGET/[I@4085ab88 x [I@4085aba8/-2/ComponentInfo{com.htc.htcsettingwidgets/com.htc.htcsettingwidgets.WiFiWidget}/[I@4085abc8)
01-10 12:41:13.419 D/FxWidgetProvider( 1688): row 1
01-10 12:41:13.429 D/CombinedWidgetProvider( 1688): addFxWidget: WidgetSummary(Mail/FX_WIDGET/[I@4085cef8 x [I@4085cf18/-2/ComponentInfo{com.htc.htcmailwidgets/com.htc.htcmailwidgets.WidgetReceiver}/[I@4085cf38)
01-10 12:41:13.429 D/FxWidgetProvider( 1688): row 3
01-10 12:41:13.439 D/FxWidgetProviderInfoCollector( 1688): more than one style shared the same component! Return the first one found.
01-10 12:41:13.439 D/CombinedWidgetProvider( 1688): addFxWidget: WidgetSummary(Mail/FX_WIDGET/[I@4085f258 x [I@4085f278/-2/ComponentInfo{com.htc.htcmailwidgets/com.htc.htcmailwidgets.WidgetReceiver}/[I@4085f298)
01-10 12:41:13.439 D/FxWidgetProvider( 1688): row 3
01-10 12:41:13.439 D/FxWidgetProviderInfoCollector( 1688): more than one style shared the same component! Return the first one found.
01-10 12:41:13.449 D/CombinedWidgetProvider( 1688): addFxWidget: WidgetSummary(Mail/FX_WIDGET/[I@408615c8 x [I@408615e8/-2/ComponentInfo{com.htc.htcmailwidgets/com.htc.htcmailwidgets.WidgetReceiver}/[I@40861608)
01-10 12:41:13.449 D/FxWidgetProvider( 1688): row 3
01-10 12:41:13.449 D/FxWidgetProviderInfoCollector( 1688): more than one style shared the same component! Return the first one found.
01-10 12:41:13.449 D/CombinedWidgetProvider( 1688): addFxWidget: WidgetSummary(Mail/FX_WIDGET/[I@40863708 x [I@40863728/-2/ComponentInfo{com.htc.htcmailwidgets/com.htc.htcmailwidgets.WidgetReceiver}/[I@40863748)
01-10 12:41:13.459 D/FxWidgetProvider( 1688): row 3
01-10 12:41:13.459 D/FxWidgetProviderInfoCollector( 1688): more than one style shared the same component! Return the first one found.
01-10 12:41:13.459 D/CombinedWidgetProvider( 1688): addFxWidget: WidgetSummary(Mail/FX_WIDGET/[I@40865830 x [I@40865850/-2/ComponentInfo{com.htc.htcmailwidgets/com.htc.htcmailwidgets.WidgetReceiver}/[I@40865870)
01-10 12:41:13.469 D/FxWidgetProvider( 1688): row 3
01-10 12:41:13.469 D/FxWidgetProviderInfoCollector( 1688): more than one style shared the same component! Return the first one found.
01-10 12:41:13.469 D/CombinedWidgetProvider( 1688): addFxWidget: WidgetSummary(Mail/FX_WIDGET/[I@40867b70 x [I@40867b90/-2/ComponentInfo{com.htc.htcmailwidgets/com.htc.htcmailwidgets.WidgetReceiver}/[I@40867bb0)
01-10 12:41:13.469 D/FxWidgetProvider( 1688): row 3
01-10 12:41:13.469 D/FxWidgetProviderInfoCollector( 1688): more than one style shared the same component! Return the first one found.
01-10 12:41:13.479 D/CombinedWidgetProvider( 1688): addFxWidget: WidgetSummary(Mail/FX_WIDGET/[I@40869cf8 x [I@40869d18/-2/ComponentInfo{com.htc.htcmailwidgets/com.htc.htcmailwidgets.WidgetReceiver}/[I@40869d38)
01-10 12:41:13.479 D/FxWidgetProvider( 1688): row 5
01-10 12:41:13.479 D/FxWidgetProviderInfoCollector( 1688): more than one style shared the same component! Return the first one found.
01-10 12:41:13.479 D/CombinedWidgetProvider( 1688): addFxWidget: WidgetSummary(People/FX_WIDGET/[I@4086be08 x [I@4086be28/-2/ComponentInfo{com.htc.htccontactwidgets_3d_fusion/com.htc.htccontactwidgets_3d_fusion.WidgetReceiver}/[I@4086be48)
01-10 12:41:13.489 D/FxWidgetProvider( 1688): row 5
01-10 12:41:13.489 D/FxWidgetProviderInfoCollector( 1688): more than one style shared the same component! Return the first one found.
01-10 12:41:13.489 D/CombinedWidgetProvider( 1688): addFxWidget: WidgetSummary(People/FX_WIDGET/[I@4086e488 x [I@4086e4a8/-2/ComponentInfo{com.htc.htccontactwidgets_3d_fusion/com.htc.htccontactwidgets_3d_fusion.WidgetReceiver}/[I@4086e4c8)
01-10 12:41:13.489 D/FxWidgetProvider( 1688): row 5
01-10 12:41:13.489 D/FxWidgetProviderInfoCollector( 1688): more than one style shared the same component! Return the first one found.
01-10 12:41:13.489 D/CombinedWidgetProvider( 1688): addFxWidget: WidgetSummary(People/FX_WIDGET/[I@408708f0 x [I@40870910/-2/ComponentInfo{com.htc.htccontactwidgets_3d_fusion/com.htc.htccontactwidgets_3d_fusion.WidgetReceiver}/[I@40870930)
01-10 12:41:13.499 D/FxWidgetProvider( 1688): row 5
01-10 12:41:13.499 D/FxWidgetProviderInfoCollector( 1688): more than one style shared the same component! Return the first one found.
01-10 12:41:13.499 D/CombinedWidgetProvider( 1688): addFxWidget: WidgetSummary(People/FX_WIDGET/[I@408c7e78 x [I@408c7e98/-2/ComponentInfo{com.htc.htccontactwidgets_3d_fusion/com.htc.htccontactwidgets_3d_fusion.WidgetReceiver}/[I@408c7eb8)
01-10 12:41:13.509 D/FxWidgetProvider( 1688): row 5
01-10 12:41:13.509 D/FxWidgetProviderInfoCollector( 1688): more than one style shared the same component! Return the first one found.
01-10 12:41:13.509 D/CombinedWidgetProvider( 1688): addFxWidget: WidgetSummary(People/FX_WIDGET/[I@408ca2b8 x [I@408ca2d8/-2/ComponentInfo{com.htc.htccontactwidgets_3d_fusion/com.htc.htccontactwidgets_3d_fusion.WidgetReceiver}/[I@408ca2f8)
01-10 12:41:13.509 D/FxWidgetProvider( 1688): row 1
01-10 12:41:13.519 D/CombinedWidgetProvider( 1688): addFxWidget: WidgetSummary(Calendar/FX_WIDGET/[I@408cc788 x [I@408cc7a8/-2/ComponentInfo{com.htc.htccalendarwidgets/com.htc.htccalendarwidgets.WidgetReceiver}/[I@408cc7c8)
01-10 12:41:13.519 D/FxWidgetProvider( 1688): row 3
01-10 12:41:13.519 D/FxWidgetProviderInfoCollector( 1688): more than one style shared the same component! Return the first one found.
01-10 12:41:13.529 D/CombinedWidgetProvider( 1688): addFxWidget: WidgetSummary(Calendar/FX_WIDGET/[I@408cec18 x [I@408cec38/-2/ComponentInfo{com.htc.htccalendarwidgets/com.htc.htccalendarwidgets.WidgetReceiver}/[I@408cec58)
01-10 12:41:13.529 D/FxWidgetProvider( 1688): row 3
01-10 12:41:13.529 D/FxWidgetProviderInfoCollector( 1688): more than one style shared the same component! Return the first one found.
01-10 12:41:13.529 D/CombinedWidgetProvider( 1688): addFxWidget: WidgetSummary(Calendar/FX_WIDGET/[I@408d10d0 x [I@408d10f0/-2/ComponentInfo{com.htc.htccalendarwidgets/com.htc.htccalendarwidgets.WidgetReceiver}/[I@408d1110)
01-10 12:41:13.539 D/FxWidgetProvider( 1688): row 3
01-10 12:41:13.539 D/FxWidgetProviderInfoCollector( 1688): more than one style shared the same component! Return the first one found.
01-10 12:41:13.539 D/CombinedWidgetProvider( 1688): addFxWidget: WidgetSummary(Calendar/FX_WIDGET/[I@408d3358 x [I@408d3378/-2/ComponentInfo{com.htc.htccalendarwidgets/com.htc.htccalendarwidgets.WidgetReceiver}/[I@408d3398)
01-10 12:41:13.539 D/FxWidgetProvider( 1688): row 1
01-10 12:41:13.549 D/CombinedWidgetProvider( 1688): addFxWidget: WidgetSummary(Calendar/FX_WIDGET/[I@408d55c8 x [I@408d55e8/-2/ComponentInfo{com.htc.htccalendarwidgets/com.htc.htccalendarwidgets.WidgetReceiver}/[I@408d5608)
01-10 12:41:13.549 D/FxWidgetProvider( 1688): row 1
01-10 12:41:13.569 D/CombinedWidgetProvider( 1688): addFxWidget: WidgetSummary(Bookmarks/FX_WIDGET/[I@408d79a0 x [I@408d79c0/-2/ComponentInfo{com.htc.fusion.htcbookmarkwidget/com.htc.fusion.htcbookmarkwidget.WidgetReceiver}/[I@408d79e0)
01-10 12:41:13.579 D/FxWidgetProvider( 1688): row 1
01-10 12:41:13.579 D/CombinedWidgetProvider( 1688): addFxWidget: WidgetSummary(Bookmarks/FX_WIDGET/[I@408d9ec8 x [I@408d9ee8/-2/ComponentInfo{com.htc.fusion.htcbookmarkwidget/com.htc.fusion.htcbookmarkwidget.WidgetReceiver}/[I@408d9f08)
01-10 12:41:13.589 D/FxWidgetProvider( 1688): row 1
01-10 12:41:13.589 D/CombinedWidgetProvider( 1688): addFxWidget: WidgetSummary(Messages/FX_WIDGET/[I@408dc3f0 x [I@408dc410/-2/ComponentInfo{com.htc.htcmsgwidgets3d/com.htc.htcmsgwidgets.MsgWidgetProvider}/[I@408dc430)
01-10 12:41:13.599 D/FxWidgetProvider( 1688): row 1
01-10 12:41:13.599 D/CombinedWidgetProvider( 1688): addFxWidget: WidgetSummary(Messages/FX_WIDGET/[I@408de6c0 x [I@408de6e0/-2/ComponentInfo{com.htc.htcmsgwidgets3d/com.htc.htcmsgwidgets.MsgWidgetProvider}/[I@408de700)
01-10 12:41:13.599 D/FxWidgetProvider( 1688): row 1
01-10 12:41:13.609 D/CombinedWidgetProvider( 1688): addFxWidget: WidgetSummary(Messages/FX_WIDGET/[I@408e0a48 x [I@408e0a68/-2/ComponentInfo{com.htc.htcmsgwidgets3d/com.htc.htcmsgwidgets.MsgWidgetProvider}/[I@408e0a88)
01-10 12:41:13.609 D/FxWidgetProvider( 1688): row 1
01-10 12:41:13.609 D/CombinedWidgetProvider( 1688): addFxWidget: WidgetSummary(Messages/FX_WIDGET/[I@408e2d18 x [I@408e2d38/-2/ComponentInfo{com.htc.htcmsgwidgets3d/com.htc.htcmsgwidgets.MsgWidgetProvider}/[I@408e2d58)
01-10 12:41:13.609 D/FxWidgetProvider( 1688): row 1
01-10 12:41:13.619 D/CombinedWidgetProvider( 1688): addFxWidget: WidgetSummary(Messages/FX_WIDGET/[I@408e4fe8 x [I@408e5008/-2/ComponentInfo{com.htc.htcmsgwidgets3d/com.htc.htcmsgwidgets.MsgWidgetProvider}/[I@408e5028)
01-10 12:41:13.619 D/FxWidgetProvider( 1688): row 1
01-10 12:41:13.629 D/CombinedWidgetProvider( 1688): addFxWidget: WidgetSummary(Messages/FX_WIDGET/[I@408e72d8 x [I@408e72f8/-2/ComponentInfo{com.htc.htcmsgwidgets3d/com.htc.htcmsgwidgets.MsgWidgetProvider}/[I@408e7318)
01-10 12:41:13.629 D/FxWidgetProvider( 1688): row 1
01-10 12:41:13.629 D/CombinedWidgetProvider( 1688): addFxWidget: WidgetSummary(Messages/FX_WIDGET/[I@408e95c8 x [I@408e95e8/-2/ComponentInfo{com.htc.htcmsgwidgets3d/com.htc.htcmsgwidgets.MsgWidgetProvider}/[I@408e9608)
01-10 12:41:13.629 D/FxWidgetProvider( 1688): row 1
01-10 12:41:13.639 D/CombinedWidgetProvider( 1688): addFxWidget: WidgetSummary(Twitter/FX_WIDGET/[I@408eb8b8 x [I@408eb8d8/-2/ComponentInfo{com.htc.Twitter3DWidget/com.htc.Twitter3DWidget.TwitterWidgetProvider}/[I@408eb8f8)
01-10 12:41:13.639 D/FxWidgetProvider( 1688): row 1
01-10 12:41:13.649 D/CombinedWidgetProvider( 1688): addFxWidget: WidgetSummary(Twitter/FX_WIDGET/[I@408edcd0 x [I@408edcf0/-2/ComponentInfo{com.htc.Twitter3DWidget/com.htc.Twitter3DWidget.TwitterWidgetProvider}/[I@408edd10)
01-10 12:41:13.649 D/FxWidgetProvider( 1688): row 1
01-10 12:41:13.659 I/ActivityThread( 2732): Pub com.htc.recommend.provider.HTCRecommendSuggestionProvider: com.htc.recommend.provider.HTCRecommendSuggestionProvider
01-10 12:41:13.659 D/CombinedWidgetProvider( 1688): addFxWidget: WidgetSummary(Twitter/FX_WIDGET/[I@408f00e8 x [I@408f0108/-2/ComponentInfo{com.htc.Twitter3DWidget/com.htc.Twitter3DWidget.TwitterWidgetProvider}/[I@408f0128)
01-10 12:41:13.669 D/FxWidgetProvider( 1688): row 1
01-10 12:41:13.669 D/CombinedWidgetProvider( 1688): addFxWidget: WidgetSummary(Twitter/FX_WIDGET/[I@408f2500 x [I@408f2520/-2/ComponentInfo{com.htc.Twitter3DWidget/com.htc.Twitter3DWidget.TwitterWidgetProvider}/[I@408f2540)
01-10 12:41:13.669 D/FxWidgetProvider( 1688): row 1
01-10 12:41:13.679 I/ActivityManager( 1590): Start proc com.htc.wdm for broadcast com.htc.wdm/.receiver.HTCDirectReceiver: pid=2740 uid=10070 gids={3003, 2001, 1015}
01-10 12:41:13.699 D/CombinedWidgetProvider( 1688): addFxWidget: WidgetSummary(Trends/FX_WIDGET/[I@408f4908 x [I@408f4928/-2/ComponentInfo{com.htc.Trends3DWidget/com.htc.Trends3DWidget.TrendsWidgetProvider}/[I@408f4948)
01-10 12:41:13.699 D/FxWidgetProvider( 1688): row 1
01-10 12:41:13.709 D/CombinedWidgetProvider( 1688): addFxWidget: WidgetSummary(Sync All/FX_WIDGET/[I@408f6cc8 x [I@408f6ce8/-2/ComponentInfo{com.htc.Sync3DWidget/com.htc.Sync3DWidget.SyncWidgetProvider}/[I@408f6d08)
01-10 12:41:13.709 D/FxWidgetProvider( 1688): row 1
01-10 12:41:13.719 D/CombinedWidgetProvider( 1688): addFxWidget: WidgetSummary(Music/FX_WIDGET/[I@40874a28 x [I@40874a48/-2/ComponentInfo{com.htc.MusicWidget3D/com.htc.MusicWidget3D.MusicWidget3DProvider}/[I@40874a68)
01-10 12:41:13.719 D/FxWidgetProvider( 1688): row 1
01-10 12:41:13.729 D/CombinedWidgetProvider( 1688): addFxWidget: WidgetSummary(Music/FX_WIDGET/[I@40876dc8 x [I@40876de8/-2/ComponentInfo{com.htc.MusicWidget3D/com.htc.MusicWidget3D.MusicWidget3DProvider}/[I@40876e08)
01-10 12:41:13.739 D/FxWidgetProvider( 1688): row 1
01-10 12:41:13.749 I/ActivityManager( 1590): No longer want com.htc.syncagent (pid 2576): hidden #16
01-10 12:41:13.749 D/CombinedWidgetProvider( 1688): addFxWidget: WidgetSummary(Music/FX_WIDGET/[I@40879270 x [I@40879290/-2/ComponentInfo{com.htc.MusicWidget3D/com.htc.MusicWidget3D.MusicWidget3DProvider}/[I@408792b0)
01-10 12:41:13.749 D/FxWidgetProvider( 1688): row 1
01-10 12:41:13.769 D/CombinedWidgetProvider( 1688): addFxWidget: WidgetSummary(Friend Stream/FX_WIDGET/[I@4087b610 x [I@4087b630/-2/ComponentInfo{com.htc.FriendStream3DWidget/com.htc.FriendStream3DWidget.FriendStreamWidgetProvider}/[I@4087b650)
01-10 12:41:13.769 D/dalvikvm( 1442): GC_EXPLICIT freed 12K, 5% free 6453K/6787K, paused 1ms+1ms
01-10 12:41:13.769 D/FxWidgetProvider( 1688): row 1
01-10 12:41:13.779 D/CombinedWidgetProvider( 1688): addFxWidget: WidgetSummary(Friend Stream/FX_WIDGET/[I@4087dd20 x [I@4087dd40/-2/ComponentInfo{com.htc.FriendStream3DWidget/com.htc.FriendStream3DWidget.FriendStreamWidgetProvider}/[I@4087dd60)
01-10 12:41:13.779 I/ActivityThread( 2740): Pub com.htc.wdm.provider.HtcDirectCarouselProvider: com.htc.wdm.provider.HtcDirectCarouselProvider
01-10 12:41:13.799 I/ActivityThread( 2740): Pub com.htc.wdm.status.HtcDirectProvider: com.htc.wdm.status.HtcDirectProvider
01-10 12:41:13.799 D/FxWidgetProvider( 1688): row 1
01-10 12:41:13.809 D/CombinedWidgetProvider( 1688): addFxWidget: WidgetSummary(Friend Stream/FX_WIDGET/[I@40880430 x [I@40880450/-2/ComponentInfo{com.htc.FriendStream3DWidget/com.htc.FriendStream3DWidget.FriendStreamWidgetProvider}/[I@40880470)
01-10 12:41:13.809 D/FxWidgetProvider( 1688): row 1
01-10 12:41:13.819 D/HTC Hub ( 2740): /mnt/sdcard/.LHYGB/CKCL
01-10 12:41:13.819 D/HTC Hub ( 2740): no token file
01-10 12:41:13.819 D/HTC Hub ( 2740): no token file
01-10 12:41:13.819 D/HTC Hub ( 2740): Log settings are 
01-10 12:41:13.819 D/HTC Hub ( 2740): Enable General Log : false
01-10 12:41:13.819 D/HTC Hub ( 2740): Enable Analytic Log : false
01-10 12:41:13.819 D/HTC Hub ( 2740): Enable Normal Log Level (dependent on General Log) : false
01-10 12:41:13.819 D/HTC Hub ( 2740): Enable Critical Log Level (dependent on General Log) : false
01-10 12:41:13.819 D/dalvikvm( 1688): GC_CONCURRENT freed 1065K, 15% free 11623K/13639K, paused 3ms+19ms
01-10 12:41:13.819 I/ActivityManager( 1590): No longer want com.htc.notes:NotesService (pid 2615): hidden #16
01-10 12:41:13.829 D/SM:PackageReceiver( 2701): package added: package:uk.ac.st_andrews.cs.host.mk74.energymeasurement.magneticField
01-10 12:41:13.829 D/CombinedWidgetProvider( 1688): addFxWidget: WidgetSummary(Friend Stream/FX_WIDGET/[I@4081da80 x [I@4081d948/-2/ComponentInfo{com.htc.FriendStream3DWidget/com.htc.FriendStream3DWidget.FriendStreamWidgetProvider}/[I@4081d750)
01-10 12:41:13.829 D/FxWidgetProvider( 1688): row 1
01-10 12:41:13.839 D/WidgetScanner( 1688): onReceive: Intent { act=android.intent.action.PACKAGE_ADDED dat=package:uk.ac.st_andrews.cs.host.mk74.energymeasurement.magneticField flg=0x10000010 cmp=com.htc.launcher/.widget.WidgetScannerTrigger (has extras) }
01-10 12:41:13.839 D/CombinedWidgetProvider( 1688): addFxWidget: WidgetSummary(Friend Channel/FX_WIDGET/[I@40cfcbd8 x [I@40cfc9c0/-2/ComponentInfo{com.htc.FriendStream3DWidget/com.htc.FriendStream3DWidget.FriendStreamWidgetProvider}/[I@40cfb848)
01-10 12:41:13.859 D/FxWidgetProvider( 1688): row 1
01-10 12:41:13.859 D/WidgetScanner( 2708): onReceiveInternal: Intent { act=android.intent.action.PACKAGE_ADDED dat=package:uk.ac.st_andrews.cs.host.mk74.energymeasurement.magneticField flg=0x10000010 cmp=com.htc.launcher/.widget.WidgetScannerService (has extras) }
01-10 12:41:13.859 D/HtcWidgetScanner( 2708): onPackageAdded: uk.ac.st_andrews.cs.host.mk74.energymeasurement.magneticField
01-10 12:41:13.879 D/dalvikvm( 1442): GC_EXPLICIT freed <1K, 5% free 6453K/6787K, paused 1ms+1ms
01-10 12:41:13.909 D/dalvikvm( 1442): GC_EXPLICIT freed <1K, 5% free 6453K/6787K, paused 1ms+1ms
01-10 12:41:13.949 I/ActivityManager( 1590): Start proc com.svox.pico for broadcast com.svox.pico/.VoiceDataInstallerReceiver: pid=2749 uid=10031 gids={}
01-10 12:41:14.009 D/CombinedWidgetProvider( 1688): addFxWidget: WidgetSummary(My Shelf/FX_WIDGET/[I@40a89508 x [I@40a892a8/-2/ComponentInfo{com.htc.ereader.widget3d/com.htc.ereader.widget3d.ereaderwidget3d.SimpleWidgetProvider}/[I@40a88200)
01-10 12:41:14.009 D/FxWidgetProvider( 1688): row 1
01-10 12:41:14.019 D/CombinedWidgetProvider( 1688): addFxWidget: WidgetSummary(Weather/FX_WIDGET/[I@409ef8c8 x [I@409eec28/-2/ComponentInfo{com.htc.widget3d.weather/com.htc.widget3d.weather.WeatherWidgetProvider}/[I@409ed670)
01-10 12:41:14.019 D/FxWidgetProvider( 1688): row 1
01-10 12:41:14.029 I/ActivityThread( 2749): Pub com.svox.pico.providers.SettingsProvider: com.svox.pico.providers.SettingsProvider
01-10 12:41:14.039 D/CombinedWidgetProvider( 1688): addFxWidget: WidgetSummary(Weather/FX_WIDGET/[I@408eac20 x [I@408ea218/-2/ComponentInfo{com.htc.widget3d.weather/com.htc.widget3d.weather.WeatherWidgetProvider}/[I@408e8930)
01-10 12:41:14.049 D/vicky   ( 2723): vicky received: android.intent.action.PACKAGE_ADDED
01-10 12:41:14.049 D/FxWidgetProvider( 1688): row 1
01-10 12:41:14.059 D/CombinedWidgetProvider( 1688): addFxWidget: WidgetSummary(Weather/FX_WIDGET/[I@408b0890 x [I@408b06a8/-2/ComponentInfo{com.htc.widget3d.weather/com.htc.widget3d.weather.WeatherWidgetProvider}/[I@408afd70)
01-10 12:41:14.059 D/FxWidgetProvider( 1688): row 1
01-10 12:41:14.079 D/CombinedWidgetProvider( 1688): addFxWidget: WidgetSummary(Screen Timeout/FX_WIDGET/[I@4084dfe0 x [I@4084dd88/-2/ComponentInfo{com.htc.rosiewidgets.screentimeout/com.htc.rosiewidgets.screentimeout.ScreenTimeoutWidgetProvider}/[I@4084c5e8)
01-10 12:41:14.079 D/FxWidgetProvider( 1688): row 1
01-10 12:41:14.089 D/GTalkService( 1728): [GTalkService.1] handlePackageInstalled: re-initialize providers
01-10 12:41:14.089 D/GTalkService( 1728): [RawStanzaProvidersMgr] ##### searchProvidersFromIntent
01-10 12:41:14.089 I/ActivityManager( 1590): Start proc com.google.android.partnersetup for broadcast com.google.android.partnersetup/.RlzPingBroadcastReceiver: pid=2756 uid=10081 gids={3003}
01-10 12:41:14.099 D/CombinedWidgetProvider( 1688): addFxWidget: WidgetSummary(Screen Brightness/FX_WIDGET/[I@407cd770 x [I@407c9290/-2/ComponentInfo{com.htc.rosiewidgets.screenbrightness/com.htc.rosiewidgets.screenbrightness.ScreenBrightnessWidgetProvider}/[I@407c77d8)
01-10 12:41:14.099 D/FxWidgetProvider( 1688): row 1
01-10 12:41:14.109 D/CombinedWidgetProvider( 1688): addFxWidget: WidgetSummary(Notes/FX_WIDGET/[I@4075bdc8 x [I@4075a758/-2/ComponentInfo{com.htc.htcrichnoteswidget3d/com.htc.htcrichnoteswidget3d.NotesWidgetProvider}/[I@40759450)
01-10 12:41:14.109 D/FxWidgetProvider( 1688): row 1
01-10 12:41:14.119 D/CombinedWidgetProvider( 1688): addFxWidget: WidgetSummary(Notes/FX_WIDGET/[I@40700ca0 x [I@40700a28/-2/ComponentInfo{com.htc.htcrichnoteswidget3d/com.htc.htcrichnoteswidget3d.NotesWidgetProvider}/[I@406ffca0)
01-10 12:41:14.119 D/FxWidgetProvider( 1688): row 1
01-10 12:41:14.139 D/CombinedWidgetProvider( 1688): addFxWidget: WidgetSummary(HTC Likes/FX_WIDGET/[I@4067cb70 x [I@4067be38/-2/ComponentInfo{com.htc.android.fusion.recommend/com.htc.android.fusion.recommend.RosieIntentReceiver}/[I@4067a528)
01-10 12:41:14.139 D/FxWidgetProvider( 1688): row 1
01-10 12:41:14.149 D/CombinedWidgetProvider( 1688): addFxWidget: WidgetSummary(Profile/FX_WIDGET/[I@408a6d48 x [I@408a62b0/-2/ComponentInfo{com.htc.widget.profile/com.htc.widget.profile.HtcWidgetReceiver}/[I@40851f50)
01-10 12:41:14.149 D/FxWidgetProvider( 1688): row 1
01-10 12:41:14.159 I/ActivityThread( 2756): Pub com.google.android.partnersetup.rlzprovider: com.google.android.partnersetup.RlzProvider
01-10 12:41:14.159 D/CombinedWidgetProvider( 1688): addFxWidget: WidgetSummary(Power Dashboard/FX_WIDGET/[I@407c3280 x [I@407bf0f0/-2/ComponentInfo{com.htc.rosiewidgets.powerstrip/com.htc.rosiewidgets.powerstrip.PowerStripWidgetProvider}/[I@407bd000)
01-10 12:41:14.159 D/FxWidgetProvider( 1688): row 1
01-10 12:41:14.169 D/CombinedWidgetProvider( 1688): addFxWidget: WidgetSummary(Photo Album/FX_WIDGET/[I@40756a80 x [I@40751988/-2/ComponentInfo{com.htc.photowidget3d/com.htc.photowidget3d.album.PhotoAlbumWidgetProvider}/[I@4074fd80)
01-10 12:41:14.169 I/ActivityThread( 2756): Pub com.google.android.partnersetup.rlzappprovider: com.google.android.partnersetup.RlzAppProvider
01-10 12:41:14.169 D/FxWidgetProvider( 1688): row 1
01-10 12:41:14.179 D/CombinedWidgetProvider( 1688): addFxWidget: WidgetSummary(Photo Frame/FX_WIDGET/[I@406f71f0 x [I@406f6fe0/-2/ComponentInfo{com.htc.photowidget3d/com.htc.photowidget3d.frame.PhotoFrameWidgetProvider}/[I@406f6b70)
01-10 12:41:14.179 D/FxWidgetProvider( 1688): row 1
01-10 12:41:14.189 D/CombinedWidgetProvider( 1688): addFxWidget: WidgetSummary(Photo Grid/FX_WIDGET/[I@4067a108 x [I@40676a88/-2/ComponentInfo{com.htc.rosiewidgets.photogridwidget3d/com.htc.rosiewidgets.photogridwidget3d.PhotoGridWidget3DProvider}/[I@40675fd8)
01-10 12:41:14.189 D/FxWidgetProvider( 1688): row 1
01-10 12:41:14.189 D/PhoneApp( 1679): EVENT_QUERY_MO_PACKAGES
01-10 12:41:14.189 D/CombinedWidgetProvider( 1688): addFxWidget: WidgetSummary(Navigate/FX_WIDGET/[I@40882f20 x [I@40882f40/-2/ComponentInfo{com.htc.laputa.widget3d.navigate/com.htc.laputa.widget3d.navigate.NavigateWidgetProvider}/[I@40882f60)
01-10 12:41:14.189 I/ActivityManager( 1590): No longer want com.htc.htcMessageUploader (pid 2623): hidden #16
01-10 12:41:14.199 D/FxWidgetProvider( 1688): row 1
01-10 12:41:14.199 D/CombinedWidgetProvider( 1688): addFxWidget: WidgetSummary(Navigate/FX_WIDGET/[I@40883a90 x [I@40883ab0/-2/ComponentInfo{com.htc.laputa.widget3d.navigate/com.htc.laputa.widget3d.navigate.NavigateWidgetProvider}/[I@40883ad0)
01-10 12:41:14.209 D/FxWidgetProvider( 1688): row 1
01-10 12:41:14.209 D/SM:PackageReceiver( 2701): package replaced: package:uk.ac.st_andrews.cs.host.mk74.energymeasurement.magneticField
01-10 12:41:14.219 I/RegisterService( 2709): android.intent.action.PACKAGE_ADDED package:uk.ac.st_andrews.cs.host.mk74.energymeasurement.magneticField
01-10 12:41:14.219 I/ActivityManager( 1590): Start proc com.google.android.apps.maps:FriendService for broadcast com.google.android.apps.maps/com.google.googlenav.friend.android.ServiceReceiver: pid=2763 uid=10046 gids={3003, 1015}
01-10 12:41:14.239 D/PhoneApp( 1679): -- N1 =0
01-10 12:41:14.239 D/CombinedWidgetProvider( 1688): addFxWidget: WidgetSummary(Locations/FX_WIDGET/[I@40884910 x [I@40884930/-2/ComponentInfo{com.htc.laputa.widget3d.locations/com.htc.laputa.widget3d.locations.LocationsWidgetProvider}/[I@40884950)
01-10 12:41:14.239 D/FxWidgetProvider( 1688): row 1
01-10 12:41:14.239 D/CombinedWidgetProvider( 1688): addFxWidget: WidgetSummary(News/FX_WIDGET/[I@40885800 x [I@40885820/-2/ComponentInfo{com.htc.googlereaderwidget/com.htc.googlereaderwidget.RosieWidgetReceiver}/[I@40885840)
01-10 12:41:14.249 D/FxWidgetProvider( 1688): row 1
01-10 12:41:14.249 D/CombinedWidgetProvider( 1688): addFxWidget: WidgetSummary(News/FX_WIDGET/[I@408866f0 x [I@40886710/-2/ComponentInfo{com.htc.googlereaderwidget/com.htc.googlereaderwidget.RosieWidgetReceiver}/[I@40886730)
01-10 12:41:14.259 I/RegisterService( 2709): android.intent.action.PACKAGE_REPLACED package:uk.ac.st_andrews.cs.host.mk74.energymeasurement.magneticField
01-10 12:41:14.259 D/FxWidgetProvider( 1688): row 1
01-10 12:41:14.269 D/CombinedWidgetProvider( 1688): addFxWidget: WidgetSummary(Data Dashboard/FX_WIDGET/[I@40887600 x [I@40887620/-2/ComponentInfo{com.htc.rosiewidgets.datastrip/com.htc.rosiewidgets.datastrip.DataStripWidgetProvider}/[I@40887640)
01-10 12:41:14.269 D/FxWidgetProvider( 1688): row 1
