--------- beginning of /dev/log/main
01-13 18:38:30.745 D/KeyguardViewMediator( 1574): wakeWhenReadyLocked(26)
01-13 18:38:30.745 I/power   ( 1574): *** set_screen_state 1
01-13 18:38:30.745 D/PowerManagerService( 1574): setScreenStateLocked++, on: true, err: 0
--------- beginning of /dev/log/system
01-13 18:38:30.745 D/PowerManagerService( 1574): button light setOrientation:-1
01-13 18:38:30.755 D/lights  ( 1574): set_light_buttons_func: on=16777215 brightness=255
01-13 18:38:30.755 D/lights  ( 1574): set_rotated_rgb_led: on=0 brightness=0
01-13 18:38:30.755 D/lights  ( 1574): [LedInfo] write attr ok name=/sys/class/leds/amber-portrait/brightness string=0,len=1
01-13 18:38:30.755 D/lights  ( 1574): set_rotated_rgb_led: on=1 brightness=255
01-13 18:38:30.755 D/lights  ( 1574): [LedInfo] write attr ok name=/sys/class/leds/green-portrait/brightness string=255,len=3
01-13 18:38:30.755 D/lights  ( 1574): set_rotated_rgb_led: on=0 brightness=0
01-13 18:38:30.755 E/lights  ( 1574): [LedErr] open attr failed name=/sys/class/leds/blue-portrait/brightness errno: 2
01-13 18:38:30.755 D/Sensors ( 1574): Enable akm: en = 1
01-13 18:38:30.755 D/PowerManagerService( 1574): setPenMenuButtonLed: 2
01-13 18:38:30.755 D/PowerManagerService( 1574): Set pen menu button led (amber, green, blue) = 0, -1, 0), portrait = true
01-13 18:38:30.765 D/Launcher.Model( 1679): updateAppUsageStatCache +
01-13 18:38:30.765 D/Launcher.Model( 1679): updateAppUsageStatCache - diff: 1
01-13 18:38:30.785 D/AlarmManager( 1574): ACTION_SCREEN_ON
01-13 18:38:30.795 D/UsbnetService( 1574): BroadcastReceiver::onReceive+
01-13 18:38:30.795 D/UsbnetService( 1574): onReceive SCREEN_ON
01-13 18:38:30.795 D/UsbnetService( 1574): BroadcastReceiver::onReceive-
01-13 18:38:30.805 D/SurfaceFlinger( 1438): Screen about to return, flinger = 0xa830
01-13 18:38:30.805 D/msm7x30.hwcomposer( 1438): HWC called FB enableHDMIOutput(0)
01-13 18:38:30.815 D/PREF    ( 1679): setWidgetTilt .FriendStreamLarge2Widget : 21
01-13 18:38:30.825 D/AK8975  ( 1448): Compass Start
01-13 18:38:30.835 D/HostWidgetManager( 1679): onResumeInKeyguard: 2
01-13 18:38:30.835 D/FxWorkspace( 1679): prepareUnlockAnimation
01-13 18:38:30.835 D/FxWorkspaceClient( 1679): showAllScreens()
01-13 18:38:30.835 D/FxWorkspaceClient( 1679): freezeAllScreens
01-13 18:38:30.835 D/UnlockAnimator( 1679): setFrame: unlock_to_03
01-13 18:38:30.835 D/Rotate.Performance( 1679): FxWorkspace.show()
01-13 18:38:30.845 D/RemoveMe( 1665): DCT got intent android.intent.action.SCREEN_ON
01-13 18:38:30.855 D/ConnectivityService( 1574): getMobileDataEnabled returning false
01-13 18:38:30.855 D/ConnectivityService( 1574): getMobileDataEnabled returning false
01-13 18:38:30.865 D/StatusBar.NetworkController( 1644): mSignalStrength.isGsm() == true
01-13 18:38:30.875 D/RemoveMe( 1665): DCT got intent android.intent.action.SCREEN_ON
01-13 18:38:30.875 D/RemoveMe( 1665): DCT got intent android.intent.action.SCREEN_ON
01-13 18:38:31.606 D/HtcLockScreen3.0( 1574): HtcLockScreen: onInterceptTouchEvent ACTION_DOWN
01-13 18:38:32.266 D/HtcLockScreen3.0( 1574): HtcLockScreen: onInterceptTouchEvent ACTION_UP
01-13 18:38:32.266 D/IdleScreen_base( 1689): onRingUnlockStart
01-13 18:38:32.567 D/KeyguardViewManager( 1574): hide()
01-13 18:38:32.577 I/TabletStatusBar( 1644): DISABLE_CLOCK: no
01-13 18:38:32.577 I/TabletStatusBar( 1644): DISABLE_NAVIGATION: no
01-13 18:38:32.587 D/FxWorkspace( 1679): unlockAnimation
01-13 18:38:32.587 D/FxWorkspace( 1679): onUnlockAnimationStart()
01-13 18:38:32.587 D/UnlockAnimator( 1679): playMarker: unlock_to_03
01-13 18:38:32.587 D/FxWorkspaceClient( 1679): showAllScreens()
01-13 18:38:32.587 D/Rotate.Performance( 1679): FxWorkspace.show()
01-13 18:38:32.597 D/Sensors ( 1574): Enable akm: en = 0
01-13 18:38:32.607 D/MyHTC   ( 1881): PoweronReceiver.onReceive(): intent=android.intent.action.USER_PRESENT
01-13 18:38:32.627 D/Twitter-MessageReceiver( 2461): action android.intent.action.USER_PRESENT
01-13 18:38:32.647 D/msm7x30.gralloc( 1438): gpu_context_t::getGrallocInformationFromFormat  1 
01-13 18:38:32.647 W/InputManagerService( 1574): Window already focused, ignoring focus gain of: com.android.internal.view.IInputMethodClient$Stub$Proxy@40f9cf68
01-13 18:38:32.667 D/SyncProvider( 2461): match settings
01-13 18:38:32.667 D/FacebookReceiver( 2461): Intent.ACTION_USER_PRESENT SyncInterval=3600000,currTime=1389638312670
01-13 18:38:32.667 D/FacebookReceiver( 2461): Intent.ACTION_USER_PRESENT lastStreamSyncTime=1389638312676,lastFriendSyncTime=1389638312676
01-13 18:38:32.687 D/SyncProvider( 2461): match settings
01-13 18:38:32.687 D/FlickrReceiver( 2461): Intent.ACTION_USER_PRESENT SyncInterval=3600000,currTime=1389638312693
01-13 18:38:32.687 D/FlickrReceiver( 2461): Intent.ACTION_USER_PRESENT lastStreamSyncTime=1389638312697,lastFriendSyncTime=1389638312697
01-13 18:38:32.707 D/SurfaceFlinger( 1438): virtual void android::Layer::onRemoved(): lcblk (identity=28, status=0, token=0)
01-13 18:38:32.707 D/Sensors ( 1574): Enable akm: en = 1
01-13 18:38:32.767 D/SurfaceFlinger( 1438): virtual void android::Layer::onRemoved(): lcblk (identity=27, status=0, token=0)
01-13 18:38:32.767 D/Sensors ( 1574): Enable akm: en = 0
01-13 18:38:32.767 I/TabletStatusBar( 1644): DISABLE_BACK: no
01-13 18:38:32.797 D/dalvikvm( 1689): GC_EXPLICIT freed 150K, 9% free 7013K/7623K, paused 1ms+2ms
01-13 18:38:32.837 D/dalvikvm( 1689): GC_EXPLICIT freed 2K, 9% free 7012K/7623K, paused 2ms+1ms
01-13 18:38:32.877 D/dalvikvm( 1689): GC_EXPLICIT freed 6K, 9% free 7012K/7623K, paused 1ms+1ms
01-13 18:38:32.887 D/AK8975  ( 1448): Compass CLOSE 
01-13 18:38:32.907 D/dalvikvm( 1689): GC_EXPLICIT freed 1K, 9% free 7012K/7623K, paused 1ms+1ms
01-13 18:38:32.907 D/SyncProvider( 2461): match settings
01-13 18:38:33.117 D/dalvikvm( 1689): GC_EXPLICIT freed 2K, 9% free 7012K/7623K, paused 2ms+1ms
01-13 18:38:33.157 D/dalvikvm( 1689): GC_EXPLICIT freed 1K, 9% free 7012K/7623K, paused 1ms+1ms
01-13 18:38:33.588 D/FxWorkspace( 1679): onUnlockAnimationEnd()
01-13 18:38:33.588 D/HostWidgetManager( 1679): onUserPresent: 2
01-13 18:38:33.588 D/HostWidgetManager( 1679): resumeWidgets: 2 sort: true
01-13 18:38:33.588 D/FxWorkspace( 1679): changeScreensVisibility
01-13 18:38:33.588 D/FxWorkspace( 1679): changeScreensVisibility
01-13 18:38:34.088 D/Sensors ( 1574): Enable akm: en = 1
01-13 18:38:34.108 D/AK8975  ( 1448): Compass Start
01-13 18:38:42.646 D/AutoSetting( 1758): service - mRequestRunnable: screen on delay 10s, request NLP now
01-13 18:38:42.656 D/AutoSetting( 1758): service - requestNLP() NetworkLocationProvider not enabled
01-13 18:38:56.570 D/UsbnetService( 1574): BroadcastReceiver::onReceive+
01-13 18:38:56.570 D/UsbnetService( 1574): onReceive BATTERY_CHANGED
01-13 18:38:56.570 D/UsbnetService( 1574):  --> pluggedType = 2, mPluggedType = 0, mScreenOff = false
01-13 18:38:56.580 D/UsbnetService( 1574): BroadcastReceiver::onReceive-
01-13 18:38:56.580 D/NotificationService( 1574): mIntentReceiver() Intent.ACTION_BATTERY_CHANGED
01-13 18:38:56.590 D/BatteryService( 1574): SendIntentforPowersaver
01-13 18:38:56.590 D/BatteryService( 1574): Current powersaver status == NORMAL_STATUS1 2 2 false
01-13 18:38:56.600 D/PowerUI ( 1644): closing low battery warning: level=99
01-13 18:38:56.600 D/RemoveMe( 1665): DCT got intent android.intent.action.BATTERY_CHANGED
01-13 18:38:56.600 D/PowerUI ( 1644): plugged = true, health = 2, mBatteryLevel = 99, mPluggedBatteryLevel = 99, mLowBatteryWarningLevel2 = 25, mshowLowChargingWarning2 = true
01-13 18:38:56.610 D/RemoveMe( 1665): DCT got intent android.intent.action.BATTERY_CHANGED
01-13 18:38:56.610 D/RemoveMe( 1665): DCT got intent android.intent.action.BATTERY_CHANGED
01-13 18:39:02.596 I/power   ( 1574): *** set_screen_state 0
01-13 18:39:02.606 D/PowerManagerService( 1574): setScreenStateLocked++, on: false, err: 0
01-13 18:39:02.606 D/PowerManagerService( 1574): setScreenStateLocked, turn off the button light 
01-13 18:39:02.606 D/lights  ( 1574): set_light_buttons_func: on=0 brightness=0
01-13 18:39:02.606 D/lights  ( 1574): set_rotated_rgb_led: on=0 brightness=0
01-13 18:39:02.606 D/lights  ( 1574): [LedInfo] write attr ok name=/sys/class/leds/amber-portrait/brightness string=0,len=1
01-13 18:39:02.606 D/lights  ( 1574): set_rotated_rgb_led: on=0 brightness=0
01-13 18:39:02.616 D/lights  ( 1574): [LedInfo] write attr ok name=/sys/class/leds/green-portrait/brightness string=0,len=1
01-13 18:39:02.616 D/lights  ( 1574): set_rotated_rgb_led: on=0 brightness=0
01-13 18:39:02.616 E/lights  ( 1574): [LedErr] open attr failed name=/sys/class/leds/blue-portrait/brightness errno: 2
01-13 18:39:02.616 V/KeyguardViewMediator( 1574): password timeout now
01-13 18:39:02.616 D/HtcLockScreen( 1574): createPatternUnlockScreen() ...
01-13 18:39:02.626 D/HtcLockScreen( 1574): packageInfo - PackageInfo{40ff1dc8 com.htc.lockscreen}
01-13 18:39:02.626 D/Sensors ( 1574): Enable akm: en = 0
01-13 18:39:02.666 D/HostWidgetManager( 1679): pauseWidgets: 2
01-13 18:39:02.686 D/PhoneWindow( 1679): couldn't save which view has focus because the focused view android.widget.RelativeLayout@407c1210 has no id.
01-13 18:39:02.696 D/AlarmManager( 1574): ACTION_SCREEN_OFF
01-13 18:39:02.706 D/UsbnetService( 1574): BroadcastReceiver::onReceive+
01-13 18:39:02.706 D/UsbnetService( 1574): onReceive SCREEN_OFF
01-13 18:39:02.706 D/ContactMessageStore( 1665): start background delete task...
01-13 18:39:02.726 I/TabletStatusBar( 1644): DISABLE_CLOCK: yes
01-13 18:39:02.726 I/TabletStatusBar( 1644): DISABLE_EXPAND: yes
01-13 18:39:02.726 I/TabletStatusBar( 1644): DISABLE_NAVIGATION: yes
01-13 18:39:02.776 D/SurfaceFlinger( 1438): getTokenForSurface(0xd061c) => 0 (client=0xa2ba0, bitmap=00000003), pid=1574
01-13 18:39:02.776 D/msm7x30.gralloc( 1438): gpu_context_t::getGrallocInformationFromFormat  1 
01-13 18:39:02.786 I/TabletStatusBar( 1644): DISABLE_BACK: yes
01-13 18:39:02.816 D/dalvikvm( 1689): GC_EXPLICIT freed 7K, 8% free 7014K/7623K, paused 1ms+1ms
01-13 18:39:02.816 D/RemoveMe( 1665): DCT got intent android.intent.action.SCREEN_OFF
01-13 18:39:02.816 D/DataConnectionTracker( 1665): power saving case 6
01-13 18:39:02.816 D/ConnectivityService( 1574): getMobileDataEnabled returning false
01-13 18:39:02.816 D/ConnectivityService( 1574): getMobileDataEnabled returning false
01-13 18:39:02.826 D/DataConnectionTracker( 1665): power saving case 6
01-13 18:39:02.826 D/RemoveMe( 1665): DCT got intent android.intent.action.SCREEN_OFF
01-13 18:39:02.826 D/RemoveMe( 1665): DCT got intent android.intent.action.SCREEN_OFF
01-13 18:39:02.826 D/AK8975  ( 1448): Compass CLOSE 
01-13 18:39:02.846 D/AutoSetting( 1758): service - mHandler: cancel location update
01-13 18:39:02.846 D/AutoSetting( 1758): service -           changes count: 0
01-13 18:39:02.856 D/SurfaceFlinger( 1438): About to give-up screen, flinger = 0xa830
01-13 18:39:02.866 D/dalvikvm( 1689): GC_EXPLICIT freed 1K, 9% free 7013K/7623K, paused 1ms+1ms
01-13 18:39:02.886 D/ContactMessageStore( 1665): size: 0 , 0
01-13 18:39:02.916 D/SurfaceFlinger( 1438): getTokenForSurface(0xab73c) => 0 (client=0xa8fd0, bitmap=00000001), pid=1689
01-13 18:39:02.916 D/ContactMessageStore( 1665): Background delete complete
01-13 18:39:02.916 D/msm7x30.gralloc( 1438): gpu_context_t::getGrallocInformationFromFormat  1 
01-13 18:39:02.926 D/IdleScreen_base( 1689): onRingUnlockEnd
01-13 18:39:02.946 W/msm7x30.hwcomposer( 1438): hwc_set invalid context or list
01-13 18:39:02.946 D/msm7x30.hwcomposer( 1438): HWC called FB enableHDMIOutput(0)
01-13 18:39:02.966 D/msm7x30.gralloc( 1438): gpu_context_t::getGrallocInformationFromFormat  1 
01-13 18:39:04.338 D/KeyguardViewMediator( 1574): wakeWhenReadyLocked(26)
01-13 18:39:04.338 I/power   ( 1574): *** set_screen_state 1
01-13 18:39:04.348 D/PowerManagerService( 1574): setScreenStateLocked++, on: true, err: 0
01-13 18:39:04.348 D/lights  ( 1574): set_light_buttons_func: on=16777215 brightness=255
01-13 18:39:04.348 D/lights  ( 1574): set_rotated_rgb_led: on=0 brightness=0
01-13 18:39:04.348 D/lights  ( 1574): [LedInfo] write attr ok name=/sys/class/leds/amber-portrait/brightness string=0,len=1
01-13 18:39:04.348 D/lights  ( 1574): set_rotated_rgb_led: on=1 brightness=255
01-13 18:39:04.348 D/lights  ( 1574): [LedInfo] write attr ok name=/sys/class/leds/green-portrait/brightness string=255,len=3
01-13 18:39:04.348 D/lights  ( 1574): set_rotated_rgb_led: on=0 brightness=0
01-13 18:39:04.348 E/lights  ( 1574): [LedErr] open attr failed name=/sys/class/leds/blue-portrait/brightness errno: 2
01-13 18:39:04.348 D/Sensors ( 1574): Enable akm: en = 1
01-13 18:39:04.348 D/PowerManagerService( 1574): button light setOrientation:-1
01-13 18:39:04.348 D/PowerManagerService( 1574): setPenMenuButtonLed: 2
01-13 18:39:04.348 D/PowerManagerService( 1574): Set pen menu button led (amber, green, blue) = 0, -1, 0), portrait = true
01-13 18:39:04.358 D/Launcher.Model( 1679): updateAppUsageStatCache +
01-13 18:39:04.358 D/Launcher.Model( 1679): updateAppUsageStatCache - diff: 1
01-13 18:39:04.368 D/PREF    ( 1679): setWidgetTilt .FriendStreamLarge2Widget : 12
01-13 18:39:04.388 D/UsbnetService( 1574): BroadcastReceiver::onReceive+
01-13 18:39:04.388 D/UsbnetService( 1574): onReceive SCREEN_ON
01-13 18:39:04.388 D/UsbnetService( 1574): BroadcastReceiver::onReceive-
01-13 18:39:04.388 D/AlarmManager( 1574): ACTION_SCREEN_ON
01-13 18:39:04.398 D/SurfaceFlinger( 1438): Screen about to return, flinger = 0xa830
01-13 18:39:04.398 D/HostWidgetManager( 1679): onResumeInKeyguard: 2
01-13 18:39:04.398 D/msm7x30.hwcomposer( 1438): HWC called FB enableHDMIOutput(0)
01-13 18:39:04.408 D/FxWorkspace( 1679): prepareUnlockAnimation
01-13 18:39:04.408 D/FxWorkspaceClient( 1679): showAllScreens()
01-13 18:39:04.418 D/FxWorkspaceClient( 1679): freezeAllScreens
01-13 18:39:04.418 D/UnlockAnimator( 1679): setFrame: unlock_to_03
01-13 18:39:04.418 D/Rotate.Performance( 1679): FxWorkspace.show()
01-13 18:39:04.428 D/AK8975  ( 1448): Compass Start
01-13 18:39:04.438 D/RemoveMe( 1665): DCT got intent android.intent.action.SCREEN_ON
01-13 18:39:04.438 D/ConnectivityService( 1574): getMobileDataEnabled returning false
01-13 18:39:04.448 D/ConnectivityService( 1574): getMobileDataEnabled returning false
01-13 18:39:04.458 D/RemoveMe( 1665): DCT got intent android.intent.action.SCREEN_ON
01-13 18:39:04.468 D/RemoveMe( 1665): DCT got intent android.intent.action.SCREEN_ON
01-13 18:39:05.168 D/HtcLockScreen3.0( 1574): HtcLockScreen: onInterceptTouchEvent ACTION_DOWN
01-13 18:39:05.749 D/HtcLockScreen3.0( 1574): HtcLockScreen: onInterceptTouchEvent ACTION_UP
01-13 18:39:05.749 D/IdleScreen_base( 1689): onRingUnlockStart
01-13 18:39:06.059 D/KeyguardViewManager( 1574): hide()
01-13 18:39:06.059 I/TabletStatusBar( 1644): DISABLE_CLOCK: no
01-13 18:39:06.059 I/TabletStatusBar( 1644): DISABLE_NAVIGATION: no
01-13 18:39:06.069 D/MyHTC   ( 1881): PoweronReceiver.onReceive(): intent=android.intent.action.USER_PRESENT
01-13 18:39:06.069 D/FxWorkspace( 1679): unlockAnimation
01-13 18:39:06.069 D/FxWorkspace( 1679): onUnlockAnimationStart()
01-13 18:39:06.069 D/UnlockAnimator( 1679): playMarker: unlock_to_03
01-13 18:39:06.079 D/FxWorkspaceClient( 1679): showAllScreens()
01-13 18:39:06.079 D/Rotate.Performance( 1679): FxWorkspace.show()
01-13 18:39:06.079 D/Twitter-MessageReceiver( 2461): action android.intent.action.USER_PRESENT
01-13 18:39:06.089 D/Sensors ( 1574): Enable akm: en = 0
01-13 18:39:06.109 D/msm7x30.gralloc( 1438): gpu_context_t::getGrallocInformationFromFormat  1 
01-13 18:39:06.119 W/InputManagerService( 1574): Window already focused, ignoring focus gain of: com.android.internal.view.IInputMethodClient$Stub$Proxy@40c0d310
01-13 18:39:06.129 D/SyncProvider( 2461): match settings
01-13 18:39:06.129 D/FacebookReceiver( 2461): Intent.ACTION_USER_PRESENT SyncInterval=3600000,currTime=1389638346134
01-13 18:39:06.129 D/FacebookReceiver( 2461): Intent.ACTION_USER_PRESENT lastStreamSyncTime=1389638346137,lastFriendSyncTime=1389638346137
01-13 18:39:06.139 D/SyncProvider( 2461): match settings
01-13 18:39:06.149 D/FlickrReceiver( 2461): Intent.ACTION_USER_PRESENT SyncInterval=3600000,currTime=1389638346148
01-13 18:39:06.149 D/FlickrReceiver( 2461): Intent.ACTION_USER_PRESENT lastStreamSyncTime=1389638346152,lastFriendSyncTime=1389638346152
01-13 18:39:06.149 I/SharedBufferStack( 1679): ShareClientTryLock succeed after 27 trial
01-13 18:39:06.179 I/TabletStatusBar( 1644): DISABLE_BACK: no
01-13 18:39:06.189 D/SurfaceFlinger( 1438): virtual void android::Layer::onRemoved(): lcblk (identity=29, status=0, token=0)
01-13 18:39:06.199 D/SurfaceFlinger( 1438): virtual void android::Layer::onRemoved(): lcblk (identity=30, status=0, token=0)
01-13 18:39:06.259 D/dalvikvm( 1689): GC_EXPLICIT freed 154K, 9% free 7014K/7623K, paused 2ms+5ms
01-13 18:39:06.290 D/dalvikvm( 1689): GC_EXPLICIT freed 2K, 9% free 7012K/7623K, paused 1ms+2ms
01-13 18:39:06.290 D/SyncProvider( 2461): match settings
01-13 18:39:06.500 D/AK8975  ( 1448): Compass CLOSE 
01-13 18:39:06.600 D/dalvikvm( 1689): GC_EXPLICIT freed 2K, 9% free 7012K/7623K, paused 1ms+7ms
01-13 18:39:06.640 D/dalvikvm( 1689): GC_EXPLICIT freed 1K, 9% free 7012K/7623K, paused 1ms+1ms
01-13 18:39:07.060 D/FxWorkspace( 1679): onUnlockAnimationEnd()
01-13 18:39:07.060 D/HostWidgetManager( 1679): onUserPresent: 2
01-13 18:39:07.060 D/HostWidgetManager( 1679): resumeWidgets: 2 sort: true
01-13 18:39:07.060 D/FxWorkspace( 1679): changeScreensVisibility
01-13 18:39:07.060 D/FxWorkspace( 1679): changeScreensVisibility
01-13 18:39:07.571 D/Sensors ( 1574): Enable akm: en = 1
01-13 18:39:07.581 D/AK8975  ( 1448): Compass Start
01-13 18:39:11.224 D/dalvikvm( 2461): GC_EXPLICIT freed 267K, 7% free 6724K/7175K, paused 5ms+1ms
01-13 18:39:16.149 D/AutoSetting( 1758): service - mRequestRunnable: screen on delay 10s, request NLP now
01-13 18:39:16.149 D/AutoSetting( 1758): service - requestNLP() NetworkLocationProvider not enabled
01-13 18:39:19.242 D/AndroidRuntime( 2643): 
01-13 18:39:19.242 D/AndroidRuntime( 2643): >>>>>> AndroidRuntime START com.android.internal.os.RuntimeInit <<<<<<
01-13 18:39:19.242 D/AndroidRuntime( 2643): CheckJNI is OFF
01-13 18:39:19.332 D/CursorWindowStats( 2643): Get CursorWindow size from framework resource:4194304
01-13 18:39:19.382 D/AndroidRuntime( 2643): Calling main entry com.android.commands.pm.Pm
01-13 18:39:19.392 I/ActivityManager( 1574): Start proc com.android.defcontainer for service com.android.defcontainer/.DefaultContainerService: pid=2651 uid=10087 gids={1015, 2001}
01-13 18:39:19.462 D/dalvikvm( 2651): GC_EXPLICIT freed 34K, 5% free 6458K/6787K, paused 2ms+2ms
01-13 18:39:19.743 W/ActivityManager( 1574): No content provider found for: 
01-13 18:39:19.753 W/ActivityManager( 1574): No content provider found for: 
01-13 18:39:19.763 I/ActivityManager( 1574): No longer want com.htc.laputa.HtcLaputaInstaller (pid 2179): hidden #16
01-13 18:39:19.773 D/PackageParser( 1574): Scanning package: /data/app/vmdl327344639.tmp
01-13 18:39:19.833 I/PackageManager( 1574): Removing non-system package:uk.ac.st_andrews.cs.host.mk74.energymeasurement.magneticField
01-13 18:39:19.833 I/ActivityManager( 1574): Force stopping package uk.ac.st_andrews.cs.host.mk74.energymeasurement.magneticField uid=10101
01-13 18:39:20.063 D/PackageManager( 1574): Scanning package uk.ac.st_andrews.cs.host.mk74.energymeasurement.magneticField
01-13 18:39:20.063 I/PackageManager( 1574): Package uk.ac.st_andrews.cs.host.mk74.energymeasurement.magneticField codePath changed from /data/app/uk.ac.st_andrews.cs.host.mk74.energymeasurement.magneticField-1.apk to /data/app/uk.ac.st_andrews.cs.host.mk74.energymeasurement.magneticField-2.apk; Retaining data and using new
01-13 18:39:20.063 I/PackageManager( 1574): Unpacking native libraries for /data/app/uk.ac.st_andrews.cs.host.mk74.energymeasurement.magneticField-2.apk
01-13 18:39:20.303 D/dalvikvm( 2659): DexOpt: load 38ms, verify+opt 147ms
01-13 18:39:20.463 I/ActivityManager( 1574): Force stopping package uk.ac.st_andrews.cs.host.mk74.energymeasurement.magneticField uid=10101
01-13 18:39:20.463 W/PackageManager( 1574): Code path for pkg : uk.ac.st_andrews.cs.host.mk74.energymeasurement.magneticField changing from /data/app/uk.ac.st_andrews.cs.host.mk74.energymeasurement.magneticField-1.apk to /data/app/uk.ac.st_andrews.cs.host.mk74.energymeasurement.magneticField-2.apk
01-13 18:39:20.463 D/PackageManager( 1574):   Activities: uk.ac.st_andrews.cs.host.mk74.energymeasurement.magneticField.MainActivity
01-13 18:39:20.463 W/PackageManager( 1574): Resource path for pkg : uk.ac.st_andrews.cs.host.mk74.energymeasurement.magneticField changing from /data/app/uk.ac.st_andrews.cs.host.mk74.energymeasurement.magneticField-1.apk to /data/app/uk.ac.st_andrews.cs.host.mk74.energymeasurement.magneticField-2.apk
01-13 18:39:20.624 D/PackageManager( 1574): [embedded] New package installed in /data/app/uk.ac.st_andrews.cs.host.mk74.energymeasurement.magneticField-2.apk
01-13 18:39:20.804 I/ActivityManager( 1574): Force stopping package uk.ac.st_andrews.cs.host.mk74.energymeasurement.magneticField uid=10101
01-13 18:39:20.874 D/dalvikvm( 1679): GC_EXPLICIT freed 1565K, 20% free 11153K/13831K, paused 1ms+10ms
01-13 18:39:20.894 D/dalvikvm( 1666): GC_EXPLICIT freed 777K, 11% free 7793K/8711K, paused 1ms+5ms
01-13 18:39:20.944 D/Launcher.Model( 1679): onReceive intent=Intent { act=android.intent.action.PACKAGE_REMOVED dat=package:uk.ac.st_andrews.cs.host.mk74.energymeasurement.magneticField flg=0x10000010 (has extras) }
01-13 18:39:20.944 D/PhoneApp( 1665): -- PackageChangeBroadcastReceiver  action = android.intent.action.PACKAGE_REMOVED
01-13 18:39:20.954 I/ActivityManager( 1574): Start proc com.android.smith for broadcast com.android.smith/.PackageReceiver: pid=2660 uid=10009 gids={1007, 1015}
01-13 18:39:21.034 I/SM:lib  ( 2660): JNI_OnLoad(): library version = 5
01-13 18:39:21.044 I/SM:lib  ( 2660): JNI_OnLoad(): result = 0x10004
01-13 18:39:21.044 D/SM:HtcNative( 2660): system lib, 4.0.honeycomb.HTK75C-flyer-l5-s16
01-13 18:39:21.044 D/SM:PackageReceiver( 2660): package removed: package:uk.ac.st_andrews.cs.host.mk74.energymeasurement.magneticField
01-13 18:39:21.044 D/WidgetScanner( 1679): onReceive: Intent { act=android.intent.action.PACKAGE_REMOVED dat=package:uk.ac.st_andrews.cs.host.mk74.energymeasurement.magneticField flg=0x10000010 cmp=com.htc.launcher/.widget.WidgetScannerTrigger (has extras) }
01-13 18:39:21.044 I/ActivityManager( 1574): No longer want com.htc.ereader.drmengine (pid 2278): hidden #16
01-13 18:39:21.054 I/ActivityManager( 1574): Start proc com.htc.launcher.widgetscanner for service com.htc.launcher/.widget.WidgetScannerService: pid=2667 uid=9999 gids={3003, 3002, 3001, 2001, 1015}
01-13 18:39:21.074 I/ActivityManager( 1574): Start proc com.htc.opensense for broadcast com.htc.opensense/.pluginmanager.RegisterReceiver: pid=2668 uid=10013 gids={2001, 3003, 1006, 1015}
01-13 18:39:21.094 D/PackageManager( 1574): generateServicesMap(android.accounts.AccountAuthenticator): 13 services unchanged
01-13 18:39:21.194 D/dalvikvm( 1574): GC_CONCURRENT freed 2006K, 13% free 15813K/17991K, paused 2ms+7ms
01-13 18:39:21.214 D/PackageManager( 1574): generateServicesMap(android.content.SyncAdapter): 21 services unchanged
01-13 18:39:21.224 I/ActivityManager( 1574): Start proc com.htc.cs for broadcast com.htc.cs/.plugin.PluginRegisterReceiver: pid=2682 uid=10041 gids={3003, 1015}
01-13 18:39:21.254 I/RegisterService( 2668): android.intent.action.PACKAGE_REMOVED package:uk.ac.st_andrews.cs.host.mk74.energymeasurement.magneticField
01-13 18:39:21.304 I/ActivityThread( 2682): Pub com.htc.connectedservice.csprovider: com.htc.cs.provider.ConnectedServiceProvider
01-13 18:39:21.304 D/LauncherApplication( 2667): + LauncherApplication onCreate()
01-13 18:39:21.314 I/ActivityThread( 2682): Pub com.htc.cs.dashboard: com.htc.cs.sync.dashboard.DashboardProvider
01-13 18:39:21.334 D/vicky   ( 2682): vicky received: android.intent.action.PACKAGE_REMOVED
01-13 18:39:21.354 D/Launcher.Model( 1679): onReceive intent=Intent { act=android.intent.action.PACKAGE_ADDED dat=package:uk.ac.st_andrews.cs.host.mk74.energymeasurement.magneticField flg=0x10000010 (has extras) }
01-13 18:39:21.354 D/Launcher.Model( 1679): mAllAppsList.updatePackage uk.ac.st_andrews.cs.host.mk74.energymeasurement.magneticField
01-13 18:39:21.364 D/PhoneApp( 1665): -- PackageChangeBroadcastReceiver  action = android.intent.action.PACKAGE_ADDED
01-13 18:39:21.374 D/LauncherApplication( 2667): - LauncherApplication onCreate()
01-13 18:39:21.394 I/ActivityManager( 1574): Start proc com.htc.recommend for broadcast com.htc.recommend/.receiver.AppInstalledReceiver: pid=2691 uid=10056 gids={2001, 3003}
01-13 18:39:21.434 D/dalvikvm( 2667): GC_CONCURRENT freed 169K, 5% free 6765K/7047K, paused 2ms+23ms
01-13 18:39:21.454 I/ActivityManager( 1574): No longer want com.htc.ereader (pid 2404): hidden #16
01-13 18:39:21.474 D/PackageManager( 1574): generateServicesMap(android.accounts.AccountAuthenticator): 13 services unchanged
01-13 18:39:21.484 I/ActivityThread( 2691): Pub com.htc.recommend.provider.HTCRecommendCarouselProvider: com.htc.recommend.provider.HTCRecommendCarouselProvider
01-13 18:39:21.494 D/PackageManager( 1574): generateServicesMap(android.content.SyncAdapter): 21 services unchanged
01-13 18:39:21.504 I/ActivityThread( 2691): Pub com.htc.recommend.provider.HTCRecommendContentProvider: com.htc.recommend.provider.HTCRecommendContentProvider
01-13 18:39:21.504 D/HTC Recommends( 2691): /mnt/sdcard/.LHYGB/CKCL
01-13 18:39:21.504 D/HTC Recommends( 2691): no token file
01-13 18:39:21.504 D/HTC Recommends( 2691): no token file
01-13 18:39:21.514 D/HTC Recommends( 2691): Log settings are 
01-13 18:39:21.514 D/HTC Recommends( 2691): Enable General Log : false
01-13 18:39:21.514 D/HTC Recommends( 2691): Enable Analytic Log : false
01-13 18:39:21.514 D/HTC Recommends( 2691): Enable Normal Log Level (dependent on General Log) : false
01-13 18:39:21.514 D/HTC Recommends( 2691): Enable Critical Log Level (dependent on General Log) : false
01-13 18:39:21.514 D/SqliteDatabaseCpp( 2691): dbopen(): path = /data/data/com.htc.recommend/databases , key = `tgvegkmmejd, flag = 6, file size = 39936
01-13 18:39:21.514 D/SqliteDatabaseCpp( 2691): dbopen(): path = /data/data/com.htc.recommend/databases , key = `tgvegkmmejd, mode: delete, disk free size: 7854 M, handle: 0x15d7c0
01-13 18:39:21.584 D/CombinedWidgetProvider( 1679): +addAppWidget
01-13 18:39:21.584 D/CombinedWidgetProvider( 1679): addAppWidget: WidgetSummary(YouTube/APP_WIDGET/[I@407b1b30 x [I@407af948/-1/ComponentInfo{com.google.android.youtube/com.google.android.youtube.app.honeycomb.widget.WidgetProvider}/[I@407aef38)
01-13 18:39:21.584 D/CombinedWidgetProvider( 1679): addAppWidget: WidgetSummary(Twitter (large)/APP_WIDGET/[I@4076d818 x [I@4076cd68/-1/ComponentInfo{com.twitter.android/com.twitter.android.client.WidgetLargeProvider}/[I@4076c218)
01-13 18:39:21.584 D/CombinedWidgetProvider( 1679): addAppWidget: WidgetSummary(Twitter (small)/APP_WIDGET/[I@407505e8 x [I@4074eb28/-1/ComponentInfo{com.twitter.android/com.twitter.android.client.WidgetSmallProvider}/[I@4074e068)
01-13 18:39:21.584 D/CombinedWidgetProvider( 1679): addAppWidget: WidgetSummary(Traffic/APP_WIDGET/[I@4073b940 x [I@4073b2b0/-1/ComponentInfo{com.google.android.apps.maps/com.google.googlenav.appwidget.traffic.TrafficAppWidget}/[I@4073a680)
01-13 18:39:21.584 D/CombinedWidgetProvider( 1679): addAppWidget: WidgetSummary(Latitude/APP_WIDGET/[I@40714db0 x [I@40712cc0/-1/ComponentInfo{com.google.android.apps.maps/com.google.googlenav.appwidget.friends.FriendsAppWidgetProvider}/[I@40711e28)
01-13 18:39:21.584 D/CombinedWidgetProvider( 1679): addAppWidget: WidgetSummary(Market/APP_WIDGET/[I@406f3ba8 x [I@406f3030/-1/ComponentInfo{com.android.vending/com.android.vending.MarketWidgetProvider}/[I@406f0ea0)
01-13 18:39:21.584 D/CombinedWidgetProvider( 1679): addAppWidget: WidgetSummary(Google Search/APP_WIDGET/[I@406b9af8 x [I@406b5ad0/-1/ComponentInfo{com.google.android.googlequicksearchbox/com.google.android.googlequicksearchbox.SearchWidgetProvider}/[I@406b4bf0)
01-13 18:39:21.584 D/CombinedWidgetProvider( 1679): addAppWidget: WidgetSummary(Gmail/APP_WIDGET/[I@406a5b78 x [I@406a5660/-1/ComponentInfo{com.google.android.gm/com.google.android.gm.widget.GmailWidgetProvider}/[I@406a4eb8)
01-13 18:39:21.584 D/CombinedWidgetProvider( 1679): addAppWidget: WidgetSummary(Bookmarks/APP_WIDGET/[I@40698ed0 x [I@406980d0/-1/ComponentInfo{com.android.browser/com.android.browser.widget.BookmarkThumbnailWidgetProvider}/[I@40697718)
01-13 18:39:21.584 D/CombinedWidgetProvider( 1679): -addAppWidget
01-13 18:39:21.584 D/CombinedWidgetProvider( 1679): +addHtcWidgets, cat: -1
01-13 18:39:21.584 D/CombinedWidgetProvider( 1679):  uri: content://com.htc.launcher.widget.htcwidget/htcwidgets?widget_only=true
01-13 18:39:21.584 D/HtcWidgetProvider( 1679): row 1
01-13 18:39:21.594 D/CombinedWidgetProvider( 1679): addHtcWidget: WidgetSummary(Tips for Home/HTC_WIDGET/[I@408383e0 x [I@408381a8/1101/ComponentInfo{com.htc.rosiewidgets.tip/com.htc.rosiewidgets.tip.TipWidgetItem}/[I@408381c8)
01-13 18:39:21.594 D/CombinedWidgetProvider( 1679): -addHtcWidgets
01-13 18:39:21.594 D/CombinedWidgetProvider( 1679): +addFxWidgets , provider: null
01-13 18:39:21.594 D/FxWidgetProviderInfoCollector( 1679): getAllStyles + [Ljava.lang.String;@406d1dc8 @ 
01-13 18:39:21.604 D/FxWidgetProvider( 1679): row 94
01-13 18:39:22.055 D/WidgetScanner( 2667): onReceiveInternal: Intent { act=android.intent.action.PACKAGE_REMOVED dat=package:uk.ac.st_andrews.cs.host.mk74.energymeasurement.magneticField flg=0x10000010 cmp=com.htc.launcher/.widget.WidgetScannerService (has extras) }
01-13 18:39:22.235 D/HtcWidgetScanner( 2667): onPackageRemoved: uk.ac.st_andrews.cs.host.mk74.energymeasurement.magneticField
01-13 18:39:22.475 I/ActivityThread( 2691): Pub com.htc.recommend.provider.HTCRecommendSuggestionProvider: com.htc.recommend.provider.HTCRecommendSuggestionProvider
01-13 18:39:22.505 I/ActivityManager( 1574): Start proc com.htc.wdm for broadcast com.htc.wdm/.receiver.HTCDirectReceiver: pid=2699 uid=10070 gids={3003, 2001, 1015}
01-13 18:39:22.525 D/HtcWidgetProvider( 1679): update 0
01-13 18:39:22.545 I/ActivityManager( 1574): No longer want com.htc.demoflopackageinstaller (pid 2417): hidden #16
01-13 18:39:22.565 I/ActivityManager( 1574): No longer want com.htc.home.personalize (pid 1949): hidden #16
01-13 18:39:22.575 I/ActivityThread( 2699): Pub com.htc.wdm.provider.HtcDirectCarouselProvider: com.htc.wdm.provider.HtcDirectCarouselProvider
01-13 18:39:22.585 I/ActivityThread( 2699): Pub com.htc.wdm.status.HtcDirectProvider: com.htc.wdm.status.HtcDirectProvider
01-13 18:39:22.585 D/FxWidgetScanner( 2667): onPackageRemoved: uk.ac.st_andrews.cs.host.mk74.energymeasurement.magneticField
01-13 18:39:22.585 D/FxWidgetScanner( 2667): removeFxWidgetList
01-13 18:39:22.595 D/HTC Hub ( 2699): /mnt/sdcard/.LHYGB/CKCL
01-13 18:39:22.595 D/HTC Hub ( 2699): no token file
01-13 18:39:22.595 D/HTC Hub ( 2699): no token file
01-13 18:39:22.595 D/HTC Hub ( 2699): Log settings are 
01-13 18:39:22.595 D/HTC Hub ( 2699): Enable General Log : false
01-13 18:39:22.595 D/HTC Hub ( 2699): Enable Analytic Log : false
01-13 18:39:22.595 D/HTC Hub ( 2699): Enable Normal Log Level (dependent on General Log) : false
01-13 18:39:22.595 D/HTC Hub ( 2699): Enable Critical Log Level (dependent on General Log) : false
01-13 18:39:22.605 I/ActivityManager( 1574): No longer want com.htc.sdm (pid 2153): hidden #16
01-13 18:39:22.615 I/ActivityManager( 1574): Start proc com.htc.htchubsyncprovider for content provider com.htc.htchubsyncprovider/.provider.MyDownloadsProvider: pid=2707 uid=10069 gids={3003, 2001, 1015}
01-13 18:39:22.625 D/SM:PackageReceiver( 2660): package added: package:uk.ac.st_andrews.cs.host.mk74.energymeasurement.magneticField
01-13 18:39:22.625 D/WidgetScanner( 1679): onReceive: Intent { act=android.intent.action.PACKAGE_ADDED dat=package:uk.ac.st_andrews.cs.host.mk74.energymeasurement.magneticField flg=0x10000010 cmp=com.htc.launcher/.widget.WidgetScannerTrigger (has extras) }
01-13 18:39:22.645 D/FxWidgetScanner( 2667): delete 0
01-13 18:39:22.645 D/WidgetScanner( 2667): upadted? false
01-13 18:39:22.655 I/ActivityManager( 1574): Start proc com.svox.pico for broadcast com.svox.pico/.VoiceDataInstallerReceiver: pid=2711 uid=10031 gids={}
01-13 18:39:22.655 I/RegisterService( 2668): android.intent.action.PACKAGE_ADDED package:uk.ac.st_andrews.cs.host.mk74.energymeasurement.magneticField
01-13 18:39:22.696 D/WidgetScanner( 2667): onReceiveInternal: Intent { act=android.intent.action.PACKAGE_ADDED dat=package:uk.ac.st_andrews.cs.host.mk74.energymeasurement.magneticField flg=0x10000010 cmp=com.htc.launcher/.widget.WidgetScannerService (has extras) }
01-13 18:39:22.696 D/HtcWidgetScanner( 2667): onPackageAdded: uk.ac.st_andrews.cs.host.mk74.energymeasurement.magneticField
01-13 18:39:22.706 D/FxWidgetProvider( 1679): row 1
01-13 18:39:22.716 I/ActivityManager( 1574): No longer want com.htc.musicenhancer (pid 2428): hidden #16
01-13 18:39:22.726 D/CombinedWidgetProvider( 1679): addFxWidget: WidgetSummary(Watch/FX_WIDGET/[I@408d4b40 x [I@408d4b60/-2/ComponentInfo{com.htc.widget3d.watch/com.htc.widget3d.watch.WatchProvider}/[I@408d4b80)
01-13 18:39:22.726 D/FxWidgetProvider( 1679): row 1
01-13 18:39:22.736 I/ActivityThread( 2711): Pub com.svox.pico.providers.SettingsProvider: com.svox.pico.providers.SettingsProvider
01-13 18:39:22.736 I/ActivityThread( 2707): Pub com.htc.wdm.provider.WDMProvider: com.htc.htchubsyncprovider.provider.WDMProvider
01-13 18:39:22.736 D/CombinedWidgetProvider( 1679): addFxWidget: WidgetSummary(Airplane Mode/FX_WIDGET/[I@408d6ee0 x [I@408d6f00/-2/ComponentInfo{com.htc.htcsettingwidgets/com.htc.htcsettingwidgets.AirplaneWidget}/[I@408d6f20)
01-13 18:39:22.746 D/FxWidgetProvider( 1679): row 1
01-13 18:39:22.746 I/ActivityThread( 2707): Pub com.htc.wotaproviders.MyDownloadsProvider: com.htc.htchubsyncprovider.provider.MyDownloadsProvider
01-13 18:39:22.746 D/CombinedWidgetProvider( 1679): addFxWidget: WidgetSummary(Bluetooth/FX_WIDGET/[I@408d93d0 x [I@408d93f0/-2/ComponentInfo{com.htc.htcsettingwidgets/com.htc.htcsettingwidgets.BTWidget}/[I@408d9410)
01-13 18:39:22.746 D/FxWidgetProvider( 1679): row 1
01-13 18:39:22.756 D/vicky   ( 2682): vicky received: android.intent.action.PACKAGE_ADDED
01-13 18:39:22.766 D/CombinedWidgetProvider( 1679): addFxWidget: WidgetSummary(GPS/FX_WIDGET/[I@408db740 x [I@408db760/-2/ComponentInfo{com.htc.htcsettingwidgets/com.htc.htcsettingwidgets.GPSWidget}/[I@408db780)
01-13 18:39:22.766 D/FxWidgetProvider( 1679): row 1
01-13 18:39:22.766 D/CombinedWidgetProvider( 1679): addFxWidget: WidgetSummary(Wi-Fi Hotspot/FX_WIDGET/[I@408ddaa0 x [I@408ddac0/-2/ComponentInfo{com.htc.htcsettingwidgets/com.htc.htcsettingwidgets.HotspotWidget}/[I@408ddae0)
01-13 18:39:22.776 D/FxWidgetProvider( 1679): row 1
01-13 18:39:22.786 D/CombinedWidgetProvider( 1679): addFxWidget: WidgetSummary(Mobile Network/FX_WIDGET/[I@40933500 x [I@40933520/-2/ComponentInfo{com.htc.htcsettingwidgets/com.htc.htcsettingwidgets.MobileNetworkWidget}/[I@40933540)
01-13 18:39:22.786 D/FxWidgetProvider( 1679): row 1
01-13 18:39:22.786 I/ActivityManager( 1574): No longer want com.htc.pen (pid 2079): hidden #16
01-13 18:39:22.796 D/GTalkService( 1708): [GTalkService.1] handlePackageInstalled: re-initialize providers
01-13 18:39:22.796 D/GTalkService( 1708): [RawStanzaProvidersMgr] ##### searchProvidersFromIntent
01-13 18:39:22.806 I/ActivityManager( 1574): Start proc com.google.android.partnersetup for broadcast com.google.android.partnersetup/.RlzPingBroadcastReceiver: pid=2722 uid=10081 gids={3003}
01-13 18:39:22.816 D/CombinedWidgetProvider( 1679): addFxWidget: WidgetSummary(Wi-Fi/FX_WIDGET/[I@40935998 x [I@409359b8/-2/ComponentInfo{com.htc.htcsettingwidgets/com.htc.htcsettingwidgets.WiFiWidget}/[I@409359d8)
01-13 18:39:22.816 D/FxWidgetProvider( 1679): row 1
01-13 18:39:22.826 D/CombinedWidgetProvider( 1679): addFxWidget: WidgetSummary(Mail/FX_WIDGET/[I@40937d08 x [I@40937d28/-2/ComponentInfo{com.htc.htcmailwidgets/com.htc.htcmailwidgets.WidgetReceiver}/[I@40937d48)
01-13 18:39:22.826 D/FxWidgetProvider( 1679): row 3
01-13 18:39:22.836 D/FxWidgetProviderInfoCollector( 1679): more than one style shared the same component! Return the first one found.
01-13 18:39:22.836 D/CombinedWidgetProvider( 1679): addFxWidget: WidgetSummary(Mail/FX_WIDGET/[I@40939fa8 x [I@40939fc8/-2/ComponentInfo{com.htc.htcmailwidgets/com.htc.htcmailwidgets.WidgetReceiver}/[I@40939fe8)
01-13 18:39:22.836 D/FxWidgetProvider( 1679): row 3
01-13 18:39:22.836 D/FxWidgetProviderInfoCollector( 1679): more than one style shared the same component! Return the first one found.
01-13 18:39:22.836 D/CombinedWidgetProvider( 1679): addFxWidget: WidgetSummary(Mail/FX_WIDGET/[I@4093c318 x [I@4093c338/-2/ComponentInfo{com.htc.htcmailwidgets/com.htc.htcmailwidgets.WidgetReceiver}/[I@4093c358)
01-13 18:39:22.846 D/FxWidgetProvider( 1679): row 3
01-13 18:39:22.856 D/FxWidgetProviderInfoCollector( 1679): more than one style shared the same component! Return the first one found.
01-13 18:39:22.856 D/CombinedWidgetProvider( 1679): addFxWidget: WidgetSummary(Mail/FX_WIDGET/[I@4093e458 x [I@4093e478/-2/ComponentInfo{com.htc.htcmailwidgets/com.htc.htcmailwidgets.WidgetReceiver}/[I@4093e498)
01-13 18:39:22.856 D/FxWidgetProvider( 1679): row 3
01-13 18:39:22.866 D/FxWidgetProviderInfoCollector( 1679): more than one style shared the same component! Return the first one found.
01-13 18:39:22.866 D/CombinedWidgetProvider( 1679): addFxWidget: WidgetSummary(Mail/FX_WIDGET/[I@40940580 x [I@409405a0/-2/ComponentInfo{com.htc.htcmailwidgets/com.htc.htcmailwidgets.WidgetReceiver}/[I@409405c0)
01-13 18:39:22.876 D/FxWidgetProvider( 1679): row 3
01-13 18:39:22.876 D/dalvikvm( 1439): GC_EXPLICIT freed 12K, 5% free 6453K/6787K, paused 7ms+1ms
01-13 18:39:22.876 D/FxWidgetProviderInfoCollector( 1679): more than one style shared the same component! Return the first one found.
01-13 18:39:22.886 D/CombinedWidgetProvider( 1679): addFxWidget: WidgetSummary(Mail/FX_WIDGET/[I@409428c0 x [I@409428e0/-2/ComponentInfo{com.htc.htcmailwidgets/com.htc.htcmailwidgets.WidgetReceiver}/[I@40942900)
01-13 18:39:22.886 I/ActivityThread( 2722): Pub com.google.android.partnersetup.rlzprovider: com.google.android.partnersetup.RlzProvider
01-13 18:39:22.886 D/FxWidgetProvider( 1679): row 3
01-13 18:39:22.886 D/FxWidgetProviderInfoCollector( 1679): more than one style shared the same component! Return the first one found.
01-13 18:39:22.886 D/CombinedWidgetProvider( 1679): addFxWidget: WidgetSummary(Mail/FX_WIDGET/[I@40944a48 x [I@40944a68/-2/ComponentInfo{com.htc.htcmailwidgets/com.htc.htcmailwidgets.WidgetReceiver}/[I@40944a88)
01-13 18:39:22.886 D/FxWidgetProvider( 1679): row 5
01-13 18:39:22.896 I/ActivityThread( 2722): Pub com.google.android.partnersetup.rlzappprovider: com.google.android.partnersetup.RlzAppProvider
01-13 18:39:22.896 D/FxWidgetProviderInfoCollector( 1679): more than one style shared the same component! Return the first one found.
01-13 18:39:22.896 D/CombinedWidgetProvider( 1679): addFxWidget: WidgetSummary(People/FX_WIDGET/[I@40946b58 x [I@40946b78/-2/ComponentInfo{com.htc.htccontactwidgets_3d_fusion/com.htc.htccontactwidgets_3d_fusion.WidgetReceiver}/[I@40946b98)
01-13 18:39:22.906 D/FxWidgetProvider( 1679): row 5
01-13 18:39:22.906 D/FxWidgetProviderInfoCollector( 1679): more than one style shared the same component! Return the first one found.
01-13 18:39:22.906 D/CombinedWidgetProvider( 1679): addFxWidget: WidgetSummary(People/FX_WIDGET/[I@409491d8 x [I@409491f8/-2/ComponentInfo{com.htc.htccontactwidgets_3d_fusion/com.htc.htccontactwidgets_3d_fusion.WidgetReceiver}/[I@40949218)
01-13 18:39:22.916 D/FxWidgetProvider( 1679): row 5
01-13 18:39:22.916 I/ActivityManager( 1574): No longer want com.htc.syncagent (pid 2574): hidden #16
01-13 18:39:22.926 D/FxWidgetProviderInfoCollector( 1679): more than one style shared the same component! Return the first one found.
01-13 18:39:22.926 D/CombinedWidgetProvider( 1679): addFxWidget: WidgetSummary(People/FX_WIDGET/[I@4094b640 x [I@4094b660/-2/ComponentInfo{com.htc.htccontactwidgets_3d_fusion/com.htc.htccontactwidgets_3d_fusion.WidgetReceiver}/[I@4094b680)
01-13 18:39:22.926 D/SM:PackageReceiver( 2660): package replaced: package:uk.ac.st_andrews.cs.host.mk74.energymeasurement.magneticField
01-13 18:39:22.936 D/FxWidgetProvider( 1679): row 5
01-13 18:39:22.936 D/FxWidgetProviderInfoCollector( 1679): more than one style shared the same component! Return the first one found.
01-13 18:39:22.936 D/CombinedWidgetProvider( 1679): addFxWidget: WidgetSummary(People/FX_WIDGET/[I@4094da90 x [I@4094dab0/-2/ComponentInfo{com.htc.htccontactwidgets_3d_fusion/com.htc.htccontactwidgets_3d_fusion.WidgetReceiver}/[I@4094dad0)
01-13 18:39:22.946 D/FxWidgetProvider( 1679): row 5
01-13 18:39:22.946 D/FxWidgetProviderInfoCollector( 1679): more than one style shared the same component! Return the first one found.
01-13 18:39:22.946 D/CombinedWidgetProvider( 1679): addFxWidget: WidgetSummary(People/FX_WIDGET/[I@4094fee0 x [I@4094ff00/-2/ComponentInfo{com.htc.htccontactwidgets_3d_fusion/com.htc.htccontactwidgets_3d_fusion.WidgetReceiver}/[I@4094ff20)
01-13 18:39:22.956 D/FxWidgetProvider( 1679): row 1
01-13 18:39:22.956 D/CombinedWidgetProvider( 1679): addFxWidget: WidgetSummary(Calendar/FX_WIDGET/[I@40952820 x [I@40952840/-2/ComponentInfo{com.htc.htccalendarwidgets/com.htc.htccalendarwidgets.WidgetReceiver}/[I@40952860)
01-13 18:39:22.956 D/FxWidgetProvider( 1679): row 3
01-13 18:39:22.956 D/dalvikvm( 1439): GC_EXPLICIT freed <1K, 5% free 6453K/6787K, paused 3ms+1ms
01-13 18:39:22.966 D/FxWidgetProviderInfoCollector( 1679): more than one style shared the same component! Return the first one found.
01-13 18:39:22.966 D/CombinedWidgetProvider( 1679): addFxWidget: WidgetSummary(Calendar/FX_WIDGET/[I@40954cb0 x [I@40954cd0/-2/ComponentInfo{com.htc.htccalendarwidgets/com.htc.htccalendarwidgets.WidgetReceiver}/[I@40954cf0)
01-13 18:39:22.966 D/FxWidgetProvider( 1679): row 3
01-13 18:39:22.976 D/FxWidgetProviderInfoCollector( 1679): more than one style shared the same component! Return the first one found.
01-13 18:39:22.976 D/CombinedWidgetProvider( 1679): addFxWidget: WidgetSummary(Calendar/FX_WIDGET/[I@40957168 x [I@40957188/-2/ComponentInfo{com.htc.htccalendarwidgets/com.htc.htccalendarwidgets.WidgetReceiver}/[I@409571a8)
01-13 18:39:22.976 D/FxWidgetProvider( 1679): row 3
01-13 18:39:22.976 D/FxWidgetProviderInfoCollector( 1679): more than one style shared the same component! Return the first one found.
01-13 18:39:22.976 D/CombinedWidgetProvider( 1679): addFxWidget: WidgetSummary(Calendar/FX_WIDGET/[I@409593f0 x [I@40959410/-2/ComponentInfo{com.htc.htccalendarwidgets/com.htc.htccalendarwidgets.WidgetReceiver}/[I@40959430)
01-13 18:39:22.976 D/FxWidgetProvider( 1679): row 1
01-13 18:39:22.986 D/CombinedWidgetProvider( 1679): addFxWidget: WidgetSummary(Calendar/FX_WIDGET/[I@4095b660 x [I@4095b680/-2/ComponentInfo{com.htc.htccalendarwidgets/com.htc.htccalendarwidgets.WidgetReceiver}/[I@4095b6a0)
01-13 18:39:22.986 D/FxWidgetProvider( 1679): row 1
01-13 18:39:22.996 D/CombinedWidgetProvider( 1679): addFxWidget: WidgetSummary(Bookmarks/FX_WIDGET/[I@4095da38 x [I@4095da58/-2/ComponentInfo{com.htc.fusion.htcbookmarkwidget/com.htc.fusion.htcbookmarkwidget.WidgetReceiver}/[I@4095da78)
01-13 18:39:22.996 D/FxWidgetProvider( 1679): row 1
01-13 18:39:22.996 D/CombinedWidgetProvider( 1679): addFxWidget: WidgetSummary(Bookmarks/FX_WIDGET/[I@4095ff60 x [I@4095ff80/-2/ComponentInfo{com.htc.fusion.htcbookmarkwidget/com.htc.fusion.htcbookmarkwidget.WidgetReceiver}/[I@4095ffa0)
01-13 18:39:23.006 D/FxWidgetProvider( 1679): row 1
01-13 18:39:23.006 D/CombinedWidgetProvider( 1679): addFxWidget: WidgetSummary(Messages/FX_WIDGET/[I@408df7b8 x [I@408df7d8/-2/ComponentInfo{com.htc.htcmsgwidgets3d/com.htc.htcmsgwidgets.MsgWidgetProvider}/[I@408df7f8)
01-13 18:39:23.006 D/FxWidgetProvider( 1679): row 1
01-13 18:39:23.016 D/CombinedWidgetProvider( 1679): addFxWidget: WidgetSummary(Messages/FX_WIDGET/[I@408e1a88 x [I@408e1aa8/-2/ComponentInfo{com.htc.htcmsgwidgets3d/com.htc.htcmsgwidgets.MsgWidgetProvider}/[I@408e1ac8)
01-13 18:39:23.016 D/FxWidgetProvider( 1679): row 1
01-13 18:39:23.016 D/CombinedWidgetProvider( 1679): addFxWidget: WidgetSummary(Messages/FX_WIDGET/[I@408e3e10 x [I@408e3e30/-2/ComponentInfo{com.htc.htcmsgwidgets3d/com.htc.htcmsgwidgets.MsgWidgetProvider}/[I@408e3e50)
01-13 18:39:23.016 D/dalvikvm( 1439): GC_EXPLICIT freed <1K, 5% free 6453K/6787K, paused 1ms+1ms
01-13 18:39:23.026 D/FxWidgetProvider( 1679): row 1
01-13 18:39:23.026 I/RegisterService( 2668): android.intent.action.PACKAGE_REPLACED package:uk.ac.st_andrews.cs.host.mk74.energymeasurement.magneticField
01-13 18:39:23.026 D/CombinedWidgetProvider( 1679): addFxWidget: WidgetSummary(Messages/FX_WIDGET/[I@408e60e0 x [I@408e6100/-2/ComponentInfo{com.htc.htcmsgwidgets3d/com.htc.htcmsgwidgets.MsgWidgetProvider}/[I@408e6120)
01-13 18:39:23.026 I/ActivityManager( 1574): Start proc com.google.android.apps.maps:FriendService for broadcast com.google.android.apps.maps/com.google.googlenav.friend.android.ServiceReceiver: pid=2729 uid=10046 gids={3003, 1015}
01-13 18:39:23.026 I/ActivityManager( 1574): No longer want android.process.media (pid 1737): hidden #16
01-13 18:39:23.036 D/FxWidgetProvider( 1679): row 1
01-13 18:39:23.036 D/CombinedWidgetProvider( 1679): addFxWidget: WidgetSummary(Messages/FX_WIDGET/[I@408e8820 x [I@408e8840/-2/ComponentInfo{com.htc.htcmsgwidgets3d/com.htc.htcmsgwidgets.MsgWidgetProvider}/[I@408e8860)
01-13 18:39:23.036 D/FxWidgetProvider( 1679): row 1
01-13 18:39:23.036 D/CombinedWidgetProvider( 1679): addFxWidget: WidgetSummary(Messages/FX_WIDGET/[I@408eab10 x [I@408eab30/-2/ComponentInfo{com.htc.htcmsgwidgets3d/com.htc.htcmsgwidgets.MsgWidgetProvider}/[I@408eab50)
01-13 18:39:23.046 D/FxWidgetProvider( 1679): row 1
01-13 18:39:23.076 D/CombinedWidgetProvider( 1679): addFxWidget: WidgetSummary(Messages/FX_WIDGET/[I@408ece00 x [I@408ece20/-2/ComponentInfo{com.htc.htcmsgwidgets3d/com.htc.htcmsgwidgets.MsgWidgetProvider}/[I@408ece40)
01-13 18:39:23.076 D/FxWidgetProvider( 1679): row 1
01-13 18:39:23.076 W/BinderNative( 2519): Uncaught exception from death notification
01-13 18:39:23.076 W/BinderNative( 2519): java.lang.NullPointerException
01-13 18:39:23.076 W/BinderNative( 2519): 	at android.app.ActivityThread.removeDeadProvider(ActivityThread.java:4405)
01-13 18:39:23.076 W/BinderNative( 2519): 	at android.app.ActivityThread$ProviderClientRecord.binderDied(ActivityThread.java:314)
01-13 18:39:23.076 W/BinderNative( 2519): 	at android.os.BinderProxy.sendDeathNotice(Binder.java:418)
01-13 18:39:23.076 W/BinderNative( 2519): 	at dalvik.system.NativeStart.run(Native Method)
01-13 18:39:23.086 D/HtcWidgetProvider( 1679): row 3
01-13 18:39:23.096 D/CombinedWidgetProvider( 1679): addFxWidget: WidgetSummary(Twitter/FX_WIDGET/[I@408ef0f0 x [I@408ef110/-2/ComponentInfo{com.htc.Twitter3DWidget/com.htc.Twitter3DWidget.TwitterWidgetProvider}/[I@408ef130)
01-13 18:39:23.096 D/SqliteDatabaseCpp( 2707): dbopen(): path = /data/data/com.htc.htchubsyncprovider/databases , key = mqdksjlkYdw, flag = 6, file size = 6144
01-13 18:39:23.096 D/SqliteDatabaseCpp( 2707): dbopen(): path = /data/data/com.htc.htchubsyncprovider/databases , key = mqdksjlkYdw, mode: delete, disk free size: 7854 M, handle: 0xdacd0
01-13 18:39:23.106 D/HtcWidgetScanner( 2667): count(onPackageUpdated) - 3
01-13 18:39:23.106 D/FxWidgetProvider( 1679): row 1
01-13 18:39:23.116 D/CombinedWidgetProvider( 1679): addFxWidget: WidgetSummary(Twitter/FX_WIDGET/[I@408f2438 x [I@408f2458/-2/ComponentInfo{com.htc.Twitter3DWidget/com.htc.Twitter3DWidget.TwitterWidgetProvider}/[I@408f2478)
01-13 18:39:23.126 D/FxWidgetProvider( 1679): row 1
01-13 18:39:23.126 D/CombinedWidgetProvider( 1679): addFxWidget: WidgetSummary(Twitter/FX_WIDGET/[I@408f4850 x [I@408f4870/-2/ComponentInfo{com.htc.Twitter3DWidget/com.htc.Twitter3DWidget.TwitterWidgetProvider}/[I@408f4890)
01-13 18:39:23.126 D/FxWidgetProvider( 1679): row 1
01-13 18:39:23.146 D/CombinedWidgetProvider( 1679): addFxWidget: WidgetSummary(Twitter/FX_WIDGET/[I@408f6c68 x [I@408f6c88/-2/ComponentInfo{com.htc.Twitter3DWidget/com.htc.Twitter3DWidget.TwitterWidgetProvider}/[I@408f6ca8)
01-13 18:39:23.146 D/FxWidgetProvider( 1679): row 1
01-13 18:39:23.156 D/CombinedWidgetProvider( 1679): addFxWidget: WidgetSummary(Trends/FX_WIDGET/[I@408f9070 x [I@408f9090/-2/ComponentInfo{com.htc.Trends3DWidget/com.htc.Trends3DWidget.TrendsWidgetProvider}/[I@408f90b0)
01-13 18:39:23.156 D/FxWidgetProvider( 1679): row 1
01-13 18:39:23.166 D/CombinedWidgetProvider( 1679): addFxWidget: WidgetSummary(Sync All/FX_WIDGET/[I@408fb430 x [I@408fb450/-2/ComponentInfo{com.htc.Sync3DWidget/com.htc.Sync3DWidget.SyncWidgetProvider}/[I@408fb470)
01-13 18:39:23.166 D/FxWidgetProvider( 1679): row 1
01-13 18:39:23.176 D/CombinedWidgetProvider( 1679): addFxWidget: WidgetSummary(Music/FX_WIDGET/[I@408fd770 x [I@408fd790/-2/ComponentInfo{com.htc.MusicWidget3D/com.htc.MusicWidget3D.MusicWidget3DProvider}/[I@408fd7b0)
01-13 18:39:23.176 D/FxWidgetProvider( 1679): row 1
01-13 18:39:23.186 D/CombinedWidgetProvider( 1679): addFxWidget: WidgetSummary(Music/FX_WIDGET/[I@408ffb10 x [I@408ffb30/-2/ComponentInfo{com.htc.MusicWidget3D/com.htc.MusicWidget3D.MusicWidget3DProvider}/[I@408ffb50)
01-13 18:39:23.216 D/FxWidgetProvider( 1679): row 1
01-13 18:39:23.216 D/CombinedWidgetProvider( 1679): addFxWidget: WidgetSummary(Music/FX_WIDGET/[I@40901fb8 x [I@40901fd8/-2/ComponentInfo{com.htc.MusicWidget3D/com.htc.MusicWidget3D.MusicWidget3DProvider}/[I@40901ff8)
01-13 18:39:23.226 D/FxWidgetProvider( 1679): row 1
