01-16 19:04:20.072 D/CombinedWidgetProvider( 1684): addFxWidget: WidgetSummary(My Shelf/FX_WIDGET/[I@4067cbe8 x [I@4067a590/-2/ComponentInfo{com.htc.ereader.widget3d/com.htc.ereader.widget3d.ereaderwidget3d.SimpleWidgetProvider}/[I@40675268)
01-16 19:04:20.072 D/FxWidgetProvider( 1684): row 1
01-16 19:04:20.082 D/CombinedWidgetProvider( 1684): addFxWidget: WidgetSummary(Weather/FX_WIDGET/[I@4084af68 x [I@40844390/-2/ComponentInfo{com.htc.widget3d.weather/com.htc.widget3d.weather.WeatherWidgetProvider}/[I@408402b8)
01-16 19:04:20.082 D/FxWidgetProvider( 1684): row 1
01-16 19:04:20.082 D/CombinedWidgetProvider( 1684): addFxWidget: WidgetSummary(Weather/FX_WIDGET/[I@407970c8 x [I@407956c8/-2/ComponentInfo{com.htc.widget3d.weather/com.htc.widget3d.weather.WeatherWidgetProvider}/[I@407905f0)
01-16 19:04:20.092 D/FxWidgetProvider( 1684): row 1
01-16 19:04:20.092 D/CombinedWidgetProvider( 1684): addFxWidget: WidgetSummary(Weather/FX_WIDGET/[I@40745740 x [I@40744778/-2/ComponentInfo{com.htc.widget3d.weather/com.htc.widget3d.weather.WeatherWidgetProvider}/[I@40744670)
01-16 19:04:20.102 D/FxWidgetProvider( 1684): row 1
01-16 19:04:20.102 D/Socket_Alarm( 2649): registerHTCSocketMonitorCallBack
01-16 19:04:20.102 D/Socket_Alarm( 2649): set mSocketMonitor
01-16 19:04:20.102 D/Socket_Alarm( 2649): HTCSocketMonitorImpl::HTCSocketMonitorImpl
01-16 19:04:20.102 D/CombinedWidgetProvider( 1684): addFxWidget: WidgetSummary(Screen Timeout/FX_WIDGET/[I@4069bf20 x [I@4069b778/-2/ComponentInfo{com.htc.rosiewidgets.screentimeout/com.htc.rosiewidgets.screentimeout.ScreenTimeoutWidgetProvider}/[I@40698478)
01-16 19:04:20.112 D/FxWidgetProvider( 1684): row 1
01-16 19:04:20.112 D/CombinedWidgetProvider( 1684): addFxWidget: WidgetSummary(Screen Brightness/FX_WIDGET/[I@40caa068 x [I@40caa088/-2/ComponentInfo{com.htc.rosiewidgets.screenbrightness/com.htc.rosiewidgets.screenbrightness.ScreenBrightnessWidgetProvider}/[I@40caa0a8)
01-16 19:04:20.122 D/FxWidgetProvider( 1684): row 1
01-16 19:04:20.132 I/ActivityManager( 1576): No longer want android.process.media (pid 1750): hidden #16
01-16 19:04:20.132 I/ActivityManager( 1576): Start proc com.google.android.googlequicksearchbox for broadcast com.google.android.googlequicksearchbox/.SourceUpdateReceiver: pid=2658 uid=10080 gids={3003}
01-16 19:04:20.142 D/CombinedWidgetProvider( 1684): addFxWidget: WidgetSummary(Notes/FX_WIDGET/[I@40caac38 x [I@40caac58/-2/ComponentInfo{com.htc.htcrichnoteswidget3d/com.htc.htcrichnoteswidget3d.NotesWidgetProvider}/[I@40caac78)
01-16 19:04:20.142 D/FxWidgetProvider( 1684): row 1
01-16 19:04:20.152 D/WidgetScanner( 2586): upadted? false
01-16 19:04:20.162 D/CombinedWidgetProvider( 1684): addFxWidget: WidgetSummary(Notes/FX_WIDGET/[I@40cab7f0 x [I@40cab810/-2/ComponentInfo{com.htc.htcrichnoteswidget3d/com.htc.htcrichnoteswidget3d.NotesWidgetProvider}/[I@40cab830)
01-16 19:04:20.162 D/FxWidgetProvider( 1684): row 1
01-16 19:04:20.172 D/CombinedWidgetProvider( 1684): addFxWidget: WidgetSummary(HTC Likes/FX_WIDGET/[I@40cac558 x [I@40cac578/-2/ComponentInfo{com.htc.android.fusion.recommend/com.htc.android.fusion.recommend.RosieIntentReceiver}/[I@40cac598)
01-16 19:04:20.172 I/ActivityManager( 1576): No longer want com.android.settings (pid 1809): hidden #16
01-16 19:04:20.182 D/FxWidgetProvider( 1684): row 1
01-16 19:04:20.182 D/CombinedWidgetProvider( 1684): addFxWidget: WidgetSummary(Profile/FX_WIDGET/[I@40cad658 x [I@40cad678/-2/ComponentInfo{com.htc.widget.profile/com.htc.widget.profile.HtcWidgetReceiver}/[I@40cad698)
01-16 19:04:20.192 D/FxWidgetProvider( 1684): row 1
01-16 19:04:20.192 D/CombinedWidgetProvider( 1684): addFxWidget: WidgetSummary(Power Dashboard/FX_WIDGET/[I@40cae758 x [I@40cae778/-2/ComponentInfo{com.htc.rosiewidgets.powerstrip/com.htc.rosiewidgets.powerstrip.PowerStripWidgetProvider}/[I@40cae798)
01-16 19:04:20.192 D/FxWidgetProvider( 1684): row 1
01-16 19:04:20.202 D/PhoneApp( 1667): -- N2 =0
01-16 19:04:20.202 D/CombinedWidgetProvider( 1684): addFxWidget: WidgetSummary(Photo Album/FX_WIDGET/[I@40caf840 x [I@40caf860/-2/ComponentInfo{com.htc.photowidget3d/com.htc.photowidget3d.album.PhotoAlbumWidgetProvider}/[I@40caf880)
01-16 19:04:20.202 D/FxWidgetProvider( 1684): row 1
01-16 19:04:20.222 D/CombinedWidgetProvider( 1684): addFxWidget: WidgetSummary(Photo Frame/FX_WIDGET/[I@40cb0af0 x [I@40cb0b10/-2/ComponentInfo{com.htc.photowidget3d/com.htc.photowidget3d.frame.PhotoFrameWidgetProvider}/[I@40cb0b30)
01-16 19:04:20.232 D/FxWidgetProvider( 1684): row 1
01-16 19:04:20.232 D/CombinedWidgetProvider( 1684): addFxWidget: WidgetSummary(Photo Grid/FX_WIDGET/[I@40cb1d80 x [I@40cb1da0/-2/ComponentInfo{com.htc.rosiewidgets.photogridwidget3d/com.htc.rosiewidgets.photogridwidget3d.PhotoGridWidget3DProvider}/[I@40cb1dc0)
01-16 19:04:20.232 D/FxWidgetProvider( 1684): row 1
01-16 19:04:20.232 D/PhoneApp( 1667): -- N3 =0
01-16 19:04:20.232 D/CombinedWidgetProvider( 1684): addFxWidget: WidgetSummary(Navigate/FX_WIDGET/[I@40cb2e20 x [I@40cb2e40/-2/ComponentInfo{com.htc.laputa.widget3d.navigate/com.htc.laputa.widget3d.navigate.NavigateWidgetProvider}/[I@40cb2e60)
01-16 19:04:20.242 I/ActivityThread( 2658): Pub com.google.android.googlequicksearchbox.shortcuts: com.google.android.googlequicksearchbox.WebHistoryProvider
01-16 19:04:20.242 I/ActivityThread( 2658): Pub com.google.android.googlequicksearchbox.google: com.google.android.googlequicksearchbox.google.GoogleSuggestionProvider
01-16 19:04:20.242 D/FxWidgetProvider( 1684): row 1
01-16 19:04:20.242 D/CombinedWidgetProvider( 1684): addFxWidget: WidgetSummary(Navigate/FX_WIDGET/[I@40cb3f88 x [I@40cb3fa8/-2/ComponentInfo{com.htc.laputa.widget3d.navigate/com.htc.laputa.widget3d.navigate.NavigateWidgetProvider}/[I@40cb3fc8)
01-16 19:04:20.242 D/FxWidgetProvider( 1684): row 1
01-16 19:04:20.252 D/CombinedWidgetProvider( 1684): addFxWidget: WidgetSummary(Locations/FX_WIDGET/[I@40cb5248 x [I@40cb5268/-2/ComponentInfo{com.htc.laputa.widget3d.locations/com.htc.laputa.widget3d.locations.LocationsWidgetProvider}/[I@40cb5288)
01-16 19:04:20.272 D/FxWidgetProvider( 1684): row 1
01-16 19:04:20.272 D/CombinedWidgetProvider( 1684): addFxWidget: WidgetSummary(News/FX_WIDGET/[I@40cb6508 x [I@40cb6528/-2/ComponentInfo{com.htc.googlereaderwidget/com.htc.googlereaderwidget.RosieWidgetReceiver}/[I@40cb6548)
01-16 19:04:20.272 D/FxWidgetProvider( 1684): row 1
01-16 19:04:20.282 D/CombinedWidgetProvider( 1684): addFxWidget: WidgetSummary(News/FX_WIDGET/[I@40cb7820 x [I@40cb7840/-2/ComponentInfo{com.htc.googlereaderwidget/com.htc.googlereaderwidget.RosieWidgetReceiver}/[I@40cb7860)
01-16 19:04:20.282 D/FxWidgetProvider( 1684): row 1
01-16 19:04:20.292 D/SqliteDatabaseCpp( 2658): dbopen(): path = /data/data/com.google.android.googlequicksearchbox/databases , key = iwf-`awtkvq, flag = 6, file size = 6144
01-16 19:04:20.292 D/SqliteDatabaseCpp( 2658): dbopen(): path = /data/data/com.google.android.googlequicksearchbox/databases , key = iwf-`awtkvq, mode: delete, disk free size: 7853 M, handle: 0x193848
01-16 19:04:20.292 D/CombinedWidgetProvider( 1684): addFxWidget: WidgetSummary(Data Dashboard/FX_WIDGET/[I@40cb8c88 x [I@40cb8ca8/-2/ComponentInfo{com.htc.rosiewidgets.datastrip/com.htc.rosiewidgets.datastrip.DataStripWidgetProvider}/[I@40cb8cc8)
01-16 19:04:20.302 D/FxWidgetProvider( 1684): row 1
01-16 19:04:20.322 D/CombinedWidgetProvider( 1684): addFxWidget: WidgetSummary(Data Roaming/FX_WIDGET/[I@40cb9fa0 x [I@40cb9fc0/-2/ComponentInfo{com.htc.rosiewidgets.dataroaming/com.htc.rosiewidgets.dataroaming.WidgetProvider}/[I@40cb9fe0)
01-16 19:04:20.322 D/FxWidgetProvider( 1684): row 1
01-16 19:04:20.322 D/CombinedWidgetProvider( 1684): addFxWidget: WidgetSummary(Analog Clock/FX_WIDGET/[I@40cbb360 x [I@40cbb380/-2/ComponentInfo{com.htc.clock3dwidget/com.htc.clock3dwidget.ClockWidgetProvider}/[I@40cbb3a0)
01-16 19:04:20.322 I/ActivityManager( 1576): No longer want com.htc.bg (pid 1941): hidden #16
01-16 19:04:20.332 D/FxWidgetProvider( 1684): row 1
01-16 19:04:20.332 D/CombinedWidgetProvider( 1684): addFxWidget: WidgetSummary(Analog Clock/FX_WIDGET/[I@40cbc678 x [I@40cbc698/-2/ComponentInfo{com.htc.clock3dwidget/com.htc.clock3dwidget.ClockWidgetProvider}/[I@40cbc6b8)
01-16 19:04:20.332 D/FxWidgetProvider( 1684): row 1
01-16 19:04:20.342 D/CombinedWidgetProvider( 1684): addFxWidget: WidgetSummary(Weather Clock/FX_WIDGET/[I@40cbd990 x [I@40cbd9b0/-2/ComponentInfo{com.htc.clock3dwidget/com.htc.clock3dwidget.ClockWidgetProvider}/[I@40cbd9d0)
01-16 19:04:20.342 D/FxWidgetProvider( 1684): row 1
01-16 19:04:20.342 D/CombinedWidgetProvider( 1684): addFxWidget: WidgetSummary(Travel Clock/FX_WIDGET/[I@40cbebd0 x [I@40cbebf0/-2/ComponentInfo{com.htc.clock3dwidget/com.htc.clock3dwidget.ClockWidgetProvider}/[I@40cbec10)
01-16 19:04:20.352 D/FxWidgetProvider( 1684): row 1
01-16 19:04:20.352 D/CombinedWidgetProvider( 1684): addFxWidget: WidgetSummary(Digital Clock/FX_WIDGET/[I@40cc0088 x [I@40cc00a8/-2/ComponentInfo{com.htc.clock3dwidget/com.htc.clock3dwidget.ClockWidgetProvider}/[I@40cc00c8)
01-16 19:04:20.352 D/FxWidgetProvider( 1684): row 1
01-16 19:04:20.352 D/CombinedWidgetProvider( 1684): addFxWidget: WidgetSummary(Analog Clock/FX_WIDGET/[I@40cc1468 x [I@40cc1488/-2/ComponentInfo{com.htc.clock3dwidget/com.htc.clock3dwidget.ClockWidgetProvider}/[I@40cc14a8)
01-16 19:04:20.352 D/FxWidgetProvider( 1684): row 1
01-16 19:04:20.362 D/CombinedWidgetProvider( 1684): addFxWidget: WidgetSummary(Analog Clock/FX_WIDGET/[I@40cc2920 x [I@40cc2940/-2/ComponentInfo{com.htc.clock3dwidget/com.htc.clock3dwidget.ClockWidgetProvider}/[I@40cc2960)
01-16 19:04:20.362 D/FxWidgetProvider( 1684): row 1
01-16 19:04:20.362 D/CombinedWidgetProvider( 1684): addFxWidget: WidgetSummary(Analog Clock/FX_WIDGET/[I@40cc3dd8 x [I@40cc3df8/-2/ComponentInfo{com.htc.clock3dwidget/com.htc.clock3dwidget.ClockWidgetProvider}/[I@40cc3e18)
01-16 19:04:20.372 D/FxWidgetProvider( 1684): row 1
01-16 19:04:20.372 D/CombinedWidgetProvider( 1684): addFxWidget: WidgetSummary(Analog Clock/FX_WIDGET/[I@40cc5290 x [I@40cc52b0/-2/ComponentInfo{com.htc.clock3dwidget/com.htc.clock3dwidget.ClockWidgetProvider}/[I@40cc52d0)
01-16 19:04:20.372 D/FxWidgetProvider( 1684): row 1
01-16 19:04:20.522 D/dalvikvm( 1576): GC_EXPLICIT freed 1218K, 13% free 15824K/18055K, paused 2ms+6ms
01-16 19:04:20.562 D/AndroidRuntime( 2562): Shutting down VM
01-16 19:04:20.562 D/dalvikvm( 2562): GC_CONCURRENT freed 105K, 83% free 364K/2048K, paused 0ms+0ms
01-16 19:04:20.562 D/dalvikvm( 2562): Debugger has detached; object registry had 1 entries
01-16 19:04:20.642 D/dalvikvm( 1576): GC_EXPLICIT freed 42K, 13% free 15789K/18055K, paused 2ms+3ms
01-16 19:04:20.642 D/CombinedWidgetProvider( 1684): addFxWidget: WidgetSummary(Analog Clock/FX_WIDGET/[I@40cc6748 x [I@40cc6768/-2/ComponentInfo{com.htc.clock3dwidget/com.htc.clock3dwidget.ClockWidgetProvider}/[I@40cc6788)
01-16 19:04:20.642 D/FxWidgetProvider( 1684): row 1
01-16 19:04:20.652 D/CombinedWidgetProvider( 1684): addFxWidget: WidgetSummary(Analog Clock/FX_WIDGET/[I@40cc7b58 x [I@40cc7b78/-2/ComponentInfo{com.htc.clock3dwidget/com.htc.clock3dwidget.ClockWidgetProvider}/[I@40cc7b98)
01-16 19:04:20.662 D/FxWidgetProvider( 1684): row 1
01-16 19:04:20.662 D/CombinedWidgetProvider( 1684): addFxWidget: WidgetSummary(Analog Clock/FX_WIDGET/[I@40cc8f68 x [I@40cc8f88/-2/ComponentInfo{com.htc.clock3dwidget/com.htc.clock3dwidget.ClockWidgetProvider}/[I@40cc8fa8)
01-16 19:04:20.672 D/FxWidgetProvider( 1684): row 1
01-16 19:04:20.672 I/DEBUG   ( 1437): tid 2672 does not exist in pid 2562. ignoring debug request
01-16 19:04:20.672 D/CombinedWidgetProvider( 1684): addFxWidget: WidgetSummary(Social Clock/FX_WIDGET/[I@406a9a10 x [I@406a9108/-2/ComponentInfo{com.htc.clock3dwidget/com.htc.clock3dwidget.ClockWidgetProvider}/[I@406a9128)
01-16 19:04:20.682 D/FxWidgetProvider( 1684): row 1
01-16 19:04:20.682 D/CombinedWidgetProvider( 1684): addFxWidget: WidgetSummary(Beam Clock/FX_WIDGET/[I@4081fde8 x [I@4081fe08/-2/ComponentInfo{com.htc.clock3dwidget/com.htc.clock3dwidget.ClockWidgetProvider}/[I@4081d010)
01-16 19:04:20.692 D/FxWidgetProvider( 1684): row 1
01-16 19:04:20.702 D/CombinedWidgetProvider( 1684): addFxWidget: WidgetSummary(Ring Clock/FX_WIDGET/[I@40bee590 x [I@40bee5b0/-2/ComponentInfo{com.htc.clock3dwidget/com.htc.clock3dwidget.ClockWidgetProvider}/[I@40bee5d0)
01-16 19:04:20.702 D/FxWidgetProvider( 1684): row 1
01-16 19:04:20.723 D/CombinedWidgetProvider( 1684): addFxWidget: WidgetSummary(Spin Cycle Clock/FX_WIDGET/[I@40be1b68 x [I@40be1fa0/-2/ComponentInfo{com.htc.clock3dwidget/com.htc.clock3dwidget.ClockWidgetProvider}/[I@40be1fc0)
01-16 19:04:20.723 D/FxWidgetProvider( 1684): row 1
01-16 19:04:20.723 D/CombinedWidgetProvider( 1684): addFxWidget: WidgetSummary(Analog Clock/FX_WIDGET/[I@40b869e8 x [I@40b860a8/-2/ComponentInfo{com.htc.clock3dwidget/com.htc.clock3dwidget.ClockWidgetProvider}/[I@40b85640)
01-16 19:04:20.723 D/FxWidgetProvider( 1684): row 1
01-16 19:04:20.723 D/CombinedWidgetProvider( 1684): addFxWidget: WidgetSummary(Calculator/FX_WIDGET/[I@40b3faa0 x [I@40b3f130/-2/ComponentInfo{com.htc.android.fusion.calculator/com.htc.android.fusion.calculator.RosieIntentReceiver}/[I@40b3f150)
01-16 19:04:20.733 D/FxWidgetProvider( 1684): row 1
01-16 19:04:20.733 D/CombinedWidgetProvider( 1684): addFxWidget: WidgetSummary(Calculator/FX_WIDGET/[I@40843160 x [I@40843180/-2/ComponentInfo{com.htc.android.fusion.calculator/com.htc.android.fusion.calculator.RosieIntentReceiver}/[I@408431a0)
01-16 19:04:20.743 D/FxWidgetProvider( 1684): row 1
01-16 19:04:20.743 D/CombinedWidgetProvider( 1684): addFxWidget: WidgetSummary(Calculator/FX_WIDGET/[I@40762a20 x [I@40762a40/-2/ComponentInfo{com.htc.android.fusion.calculator/com.htc.android.fusion.calculator.RosieIntentReceiver}/[I@40762a60)
01-16 19:04:20.753 D/FxWidgetProvider( 1684): row 1
01-16 19:04:20.753 D/CombinedWidgetProvider( 1684): addFxWidget: WidgetSummary(Calculator/FX_WIDGET/[I@4083cbd0 x [I@40831388/-2/ComponentInfo{com.htc.android.fusion.calculator/com.htc.android.fusion.calculator.RosieIntentReceiver}/[I@408313a8)
01-16 19:04:20.763 D/FxWidgetProvider( 1684): row 1
01-16 19:04:20.763 D/CombinedWidgetProvider( 1684): addFxWidget: WidgetSummary(Auto-sync/FX_WIDGET/[I@40c58f28 x [I@40c58f48/-2/ComponentInfo{com.htc.rosiewidgets.backgrounddata/com.htc.rosiewidgets.backgrounddata.BackgroundDataWidgetProvider}/[I@40c58cb0)
01-16 19:04:20.773 D/FxWidgetProvider( 1684): row 1
01-16 19:04:20.773 D/CombinedWidgetProvider( 1684): addFxWidget: WidgetSummary(Auto-rotate/FX_WIDGET/[I@40c391d8 x [I@40c391f8/-2/ComponentInfo{com.htc.autorotatewidget/com.htc.autorotatewidget.AutoRotateWidgetProvider}/[I@40c39218)
01-16 19:04:20.773 D/FxWidgetProvider( 1684): row 1
01-16 19:04:20.773 D/CombinedWidgetProvider( 1684): addFxWidget: WidgetSummary(Stocks/FX_WIDGET/[I@40c26920 x [I@40c26940/-2/ComponentInfo{com.htc.android.fusion.StockWidget/com.htc.android.fusion.StockWidget.RosieWidgetReceiver}/[I@40c257c8)
01-16 19:04:20.783 D/FxWidgetProvider( 1684): row 1
01-16 19:04:20.783 D/CombinedWidgetProvider( 1684): addFxWidget: WidgetSummary(Stocks/FX_WIDGET/[I@4085f9a8 x [I@4085f9c8/-2/ComponentInfo{com.htc.android.fusion.StockWidget/com.htc.android.fusion.StockWidget.RosieWidgetReceiver}/[I@4085f9e8)
01-16 19:04:20.783 D/FxWidgetProvider( 1684): row 1
01-16 19:04:20.793 D/CombinedWidgetProvider( 1684): addFxWidget: WidgetSummary(Stocks/FX_WIDGET/[I@40711880 x [I@40d4a840/-2/ComponentInfo{com.htc.android.fusion.StockWidget/com.htc.android.fusion.StockWidget.RosieWidgetReceiver}/[I@40d4a860)
01-16 19:04:20.793 D/CombinedWidgetProvider( 1684): -addFxWidgets diff: 2432
01-16 19:04:20.793 D/CombinedWidgetProvider( 1684): +addAppWidgetCategories
01-16 19:04:20.793 D/CombinedWidgetProvider( 1684): add AppWidget category: WidgetCategory(YouTube/APP_WIDGET/0)
01-16 19:04:20.793 D/CombinedWidgetProvider( 1684): add AppWidget category: WidgetCategory(Twitter (large)/APP_WIDGET/0)
01-16 19:04:20.793 D/CombinedWidgetProvider( 1684): add AppWidget category: WidgetCategory(Twitter (small)/APP_WIDGET/0)
01-16 19:04:20.793 D/CombinedWidgetProvider( 1684): add AppWidget category: WidgetCategory(Traffic/APP_WIDGET/0)
01-16 19:04:20.793 D/CombinedWidgetProvider( 1684): add AppWidget category: WidgetCategory(Latitude/APP_WIDGET/0)
01-16 19:04:20.793 D/CombinedWidgetProvider( 1684): add AppWidget category: WidgetCategory(Market/APP_WIDGET/0)
01-16 19:04:20.793 D/CombinedWidgetProvider( 1684): add AppWidget category: WidgetCategory(Google Search/APP_WIDGET/0)
01-16 19:04:20.793 D/CombinedWidgetProvider( 1684): add AppWidget category: WidgetCategory(Gmail/APP_WIDGET/0)
01-16 19:04:20.793 D/CombinedWidgetProvider( 1684): add AppWidget category: WidgetCategory(Bookmarks/APP_WIDGET/0)
01-16 19:04:20.793 D/CombinedWidgetProvider( 1684): -addAppWidgetCategories
01-16 19:04:20.793 D/CombinedWidgetProvider( 1684): +addHtcWidgetCategories
01-16 19:04:20.803 D/CombinedWidgetProvider( 1684):  uri: content://com.htc.launcher.widget.htcwidget/htcwidgets?category_only=true
01-16 19:04:20.803 D/HtcWidgetProvider( 1684): row 1
01-16 19:04:20.803 D/CombinedWidgetProvider( 1684): addHtcWidget Category: WidgetCategory(Tips for Home/HTC_WIDGET/1101)
01-16 19:04:20.803 D/CombinedWidgetProvider( 1684): -addHtcWidgetCategories
01-16 19:04:20.803 D/CombinedWidgetProvider( 1684): +addFxWidgetCategories
01-16 19:04:20.803 D/FxWidgetProvider( 1684): row 94
01-16 19:04:20.863 D/AndroidRuntime( 2676): 
01-16 19:04:20.863 D/AndroidRuntime( 2676): >>>>>> AndroidRuntime START com.android.internal.os.RuntimeInit <<<<<<
01-16 19:04:20.873 D/AndroidRuntime( 2676): CheckJNI is OFF
01-16 19:04:21.053 D/CursorWindowStats( 2676): Get CursorWindow size from framework resource:4194304
01-16 19:04:21.173 D/CombinedWidgetProvider( 1684): +addFxWidgetCategories: default
01-16 19:04:21.173 D/AndroidRuntime( 2676): Calling main entry com.android.commands.am.Am
01-16 19:04:21.173 D/CombinedWidgetProvider( 1684): addFxWidget Category: WidgetCategory(Watch/FX_WIDGET/-2)
01-16 19:04:21.173 D/CombinedWidgetProvider( 1684): +addFxWidgetCategories: default
01-16 19:04:21.173 D/CombinedWidgetProvider( 1684): addFxWidget Category: WidgetCategory(Mail/FX_WIDGET/-2)
01-16 19:04:21.173 D/CombinedWidgetProvider( 1684): +addFxWidgetCategories: default
01-16 19:04:21.173 D/CombinedWidgetProvider( 1684): addFxWidget Category: WidgetCategory(People/FX_WIDGET/-2)
01-16 19:04:21.173 D/CombinedWidgetProvider( 1684): +addFxWidgetCategories: default
01-16 19:04:21.173 D/CombinedWidgetProvider( 1684): addFxWidget Category: WidgetCategory(Calendar/FX_WIDGET/-2)
01-16 19:04:21.173 D/CombinedWidgetProvider( 1684): +addFxWidgetCategories: default
01-16 19:04:21.173 D/CombinedWidgetProvider( 1684): addFxWidget Category: WidgetCategory(Bookmarks/FX_WIDGET/-2)
01-16 19:04:21.183 D/CombinedWidgetProvider( 1684): +addFxWidgetCategories: default
01-16 19:04:21.183 D/CombinedWidgetProvider( 1684): addFxWidget Category: WidgetCategory(Messages/FX_WIDGET/-2)
01-16 19:04:21.183 D/CombinedWidgetProvider( 1684): +addFxWidgetCategories: default
01-16 19:04:21.183 D/CombinedWidgetProvider( 1684): addFxWidget Category: WidgetCategory(Twitter/FX_WIDGET/-2)
01-16 19:04:21.183 D/CombinedWidgetProvider( 1684): +addFxWidgetCategories: default
01-16 19:04:21.183 D/CombinedWidgetProvider( 1684): addFxWidget Category: WidgetCategory(Trends/FX_WIDGET/-2)
01-16 19:04:21.183 D/CombinedWidgetProvider( 1684): +addFxWidgetCategories: default
01-16 19:04:21.183 D/CombinedWidgetProvider( 1684): addFxWidget Category: WidgetCategory(Sync All/FX_WIDGET/-2)
01-16 19:04:21.183 D/CombinedWidgetProvider( 1684): +addFxWidgetCategories: default
01-16 19:04:21.183 D/CombinedWidgetProvider( 1684): addFxWidget Category: WidgetCategory(Music/FX_WIDGET/-2)
01-16 19:04:21.183 D/CombinedWidgetProvider( 1684): +addFxWidgetCategories: default
01-16 19:04:21.193 D/CombinedWidgetProvider( 1684): addFxWidget Category: WidgetCategory(Friend Stream/FX_WIDGET/-2)
01-16 19:04:21.193 D/CombinedWidgetProvider( 1684): +addFxWidgetCategories: default
01-16 19:04:21.193 D/CombinedWidgetProvider( 1684): addFxWidget Category: WidgetCategory(My Shelf/FX_WIDGET/-2)
01-16 19:04:21.193 D/CombinedWidgetProvider( 1684): +addFxWidgetCategories: default
01-16 19:04:21.193 D/CombinedWidgetProvider( 1684): addFxWidget Category: WidgetCategory(Weather/FX_WIDGET/-2)
01-16 19:04:21.193 D/CombinedWidgetProvider( 1684): +addFxWidgetCategories: default
01-16 19:04:21.193 D/CombinedWidgetProvider( 1684): addFxWidget Category: WidgetCategory(Notes/FX_WIDGET/-2)
01-16 19:04:21.193 D/CombinedWidgetProvider( 1684): +addFxWidgetCategories: default
01-16 19:04:21.193 D/CombinedWidgetProvider( 1684): addFxWidget Category: WidgetCategory(HTC Likes/FX_WIDGET/-2)
01-16 19:04:21.203 D/CombinedWidgetProvider( 1684): +addFxWidgetCategories: default
01-16 19:04:21.203 D/CombinedWidgetProvider( 1684): addFxWidget Category: WidgetCategory(Photo Album/FX_WIDGET/-2)
01-16 19:04:21.203 D/CombinedWidgetProvider( 1684): +addFxWidgetCategories: default
01-16 19:04:21.203 D/CombinedWidgetProvider( 1684): addFxWidget Category: WidgetCategory(Photo Frame/FX_WIDGET/-2)
01-16 19:04:21.203 D/CombinedWidgetProvider( 1684): +addFxWidgetCategories: default
01-16 19:04:21.203 D/CombinedWidgetProvider( 1684): addFxWidget Category: WidgetCategory(Photo Grid/FX_WIDGET/-2)
01-16 19:04:21.203 D/CombinedWidgetProvider( 1684): +addFxWidgetCategories: default
01-16 19:04:21.203 D/CombinedWidgetProvider( 1684): addFxWidget Category: WidgetCategory(Navigate/FX_WIDGET/-2)
01-16 19:04:21.203 D/CombinedWidgetProvider( 1684): +addFxWidgetCategories: default
01-16 19:04:21.203 D/CombinedWidgetProvider( 1684): addFxWidget Category: WidgetCategory(Locations/FX_WIDGET/-2)
01-16 19:04:21.203 D/CombinedWidgetProvider( 1684): +addFxWidgetCategories: default
01-16 19:04:21.203 D/CombinedWidgetProvider( 1684): addFxWidget Category: WidgetCategory(News/FX_WIDGET/-2)
01-16 19:04:21.203 D/CombinedWidgetProvider( 1684): +addFxWidgetCategories: default
01-16 19:04:21.203 D/CombinedWidgetProvider( 1684): addFxWidget Category: WidgetCategory(Clock/FX_WIDGET/-2)
01-16 19:04:21.203 D/CombinedWidgetProvider( 1684): +addFxWidgetCategories: default
01-16 19:04:21.203 D/CombinedWidgetProvider( 1684): addFxWidget Category: WidgetCategory(Calculator/FX_WIDGET/-2)
01-16 19:04:21.203 D/CombinedWidgetProvider( 1684): +addFxWidgetCategories: default
01-16 19:04:21.203 D/CombinedWidgetProvider( 1684): addFxWidget Category: WidgetCategory(Stocks/FX_WIDGET/-2)
01-16 19:04:21.203 D/CombinedWidgetProvider( 1684): -addFxWidgetCategories
01-16 19:04:21.213 I/ActivityManager( 1576): Starting: Intent { act=android.intent.action.MAIN cat=[android.intent.category.LAUNCHER] flg=0x10000000 cmp=uk.ac.st_andrews.cs.host.mk74.energymeasurement.microphone/.MainActivity } from pid 2676
01-16 19:04:21.243 D/ActivityManager( 1576): isSketcherDisabledInCurrentTask():false, ActivityRecord{408aff28 uk.ac.st_andrews.cs.host.mk74.energymeasurement.microphone/.MainActivity}
01-16 19:04:21.243 D/HostWidgetManager( 1684): pauseWidgets: 2
01-16 19:04:21.253 I/ActivityManager( 1576): Start proc uk.ac.st_andrews.cs.host.mk74.energymeasurement.microphone for activity uk.ac.st_andrews.cs.host.mk74.energymeasurement.microphone/.MainActivity: pid=2684 uid=10107 gids={1015}
01-16 19:04:21.263 D/AndroidRuntime( 2676): Shutting down VM
01-16 19:04:21.263 D/dalvikvm( 2676): GC_CONCURRENT freed 106K, 81% free 397K/2048K, paused 0ms+1ms
01-16 19:04:21.263 D/dalvikvm( 2676): Debugger has detached; object registry had 1 entries
01-16 19:04:21.303 D/SurfaceFlinger( 1438): getTokenForSurface(0x6289c) => 0 (client=0xa2698, bitmap=00000003), pid=1576
01-16 19:04:21.303 D/msm7x30.gralloc( 1438): gpu_context_t::getGrallocInformationFromFormat  2 
01-16 19:04:21.343 D/Sensors ( 1576): Enable akm: en = 0
01-16 19:04:21.373 I/DEBUG   ( 1437): tid 2685 does not exist in pid 2676. ignoring debug request
01-16 19:04:21.373 V/WindowManager( 1576): Starting animation in AppWindowToken{40c18da8 token=ActivityRecord{40c12ab8 com.htc.launcher/.Launcher}} @ 190948
01-16 19:04:21.373 V/WindowManager( 1576): Starting animation in AppWindowToken{411181d0 token=ActivityRecord{408aff28 uk.ac.st_andrews.cs.host.mk74.energymeasurement.microphone/.MainActivity}} @ 190948
01-16 19:04:21.393 V/WindowManager( 1576): Finished animation in AppWindowToken{40c18da8 token=ActivityRecord{40c12ab8 com.htc.launcher/.Launcher}} @ 190976
01-16 19:04:21.393 V/WindowManager( 1576): Finished animation in AppWindowToken{411181d0 token=ActivityRecord{408aff28 uk.ac.st_andrews.cs.host.mk74.energymeasurement.microphone/.MainActivity}} @ 190976
01-16 19:04:21.413 I/AudioHardwareMSM7X30( 1441): ============= recording driver open. =============
01-16 19:04:21.413 I/AudioHardwareMSM7X30( 1441): do_aic3254_control (1, 0, 1)
01-16 19:04:21.413 I/AudioHardwareMSM7X30( 1441): ============= no active record node =============
01-16 19:04:21.413 I/AudioHardwareMSM7X30( 1441): ====release wakelock======
01-16 19:04:21.423 D/MPEG4Writer( 1441): MPEG4Writer::start E
01-16 19:04:21.423 I/MPEG4Writer( 1441): limits: 2147483647/0 bytes/us, bit rate: 12200 bps and the estimated moov size 3072 bytes
01-16 19:04:21.423 I/AudioHardwareMSM7X30( 1441): Routing audio to Speakerphone
01-16 19:04:21.423 I/AudioHardwareMSM7X30( 1441): ============= recording driver open. =============
01-16 19:04:21.423 D/AudioHardwareMSM7X30( 1441): addToTable (dec_id 2, dev_rx -1, dev_tx 11, type 2, active 1)
01-16 19:04:21.433 D/dalvikvm( 1684): GC_CONCURRENT freed 1823K, 17% free 11470K/13767K, paused 2ms+84ms
01-16 19:04:21.433 D/PendingAddWidgetInfo( 1684): PendingAddWidgetInfo: ComponentInfo{com.htc.fusion.htcbookmarkwidget/com.htc.fusion.htcbookmarkwidget.GridWidgetView} / grid
01-16 19:04:21.443 D/PendingAddWidgetInfo( 1684): PendingAddWidgetInfo: ComponentInfo{com.htc.fusion.htcbookmarkwidget/com.htc.fusion.htcbookmarkwidget.ListWidgetView} / list
01-16 19:04:21.453 D/PhoneWindow( 1684): couldn't save which view has focus because the focused view android.widget.RelativeLayout@407c7870 has no id.
01-16 19:04:21.463 I/HTC Acoustic( 1441): update ACDB id: (tx, rx, tx_acdb, rx_acdb) = (11, 6, 509, 0)
01-16 19:04:21.463 D/AudioHardwareMSM7X30( 1441): updateACDB: (6, 11, 0, 509) success!
01-16 19:04:21.463 I/AudioHardwareMSM7X30( 1441): do input routing device in:1000000  out:2
01-16 19:04:21.463 I/AudioHardwareMSM7X30( 1441): Routing audio to Speakerphone
01-16 19:04:21.463 I/HTC Acoustic( 1441): set_audio_effect: Record_Default
01-16 19:04:21.463 I/HTC Acoustic( 1441): set_audio_effect: match with name Record_Default (2)
01-16 19:04:21.463 I/HTC Acoustic( 1441): found enabled DSP firmwares and return 0
01-16 19:04:21.463 I/AudioHardwareMSM7X30( 1441): aic3254_config: sound effect (Record_Default)
01-16 19:04:21.463 I/AudioHardwareMSM7X30( 1441): do_aic3254_control (1, 1, 1)
01-16 19:04:21.463 I/AudioHardwareMSM7X30( 1441): aic3254: change tx mode to 19
01-16 19:04:21.473 I/AudioHardwareMSM7X30( 1441): do_route_audio_rpc(1, 1, 0)
01-16 19:04:21.473 I/AudioHardwareMSM7X30( 1441): new_rx = 6
01-16 19:04:21.473 I/AudioHardwareMSM7X30( 1441): new_tx = 16
01-16 19:04:21.473 I/AudioHardwareMSM7X30( 1441): Device switch during pcm recording (old dev 11, new dev 16)
01-16 19:04:21.473 I/HTC Acoustic( 1441): update ACDB id: (tx, rx, tx_acdb, rx_acdb) = (16, 6, 509, 0)
01-16 19:04:21.473 D/AudioHardwareMSM7X30( 1441): updateACDB: (6, 19, 0, 509) success!
01-16 19:04:21.473 D/AudioHardwareMSM7X30( 1441): modify stream type 2 => dev_rx -1, dev_tx 19
01-16 19:04:21.483 D/SurfaceFlinger( 1438): virtual void android::Layer::onRemoved(): lcblk (identity=8, status=0, token=2)
01-16 19:04:21.503 D/SurfaceFlinger( 1438): virtual void android::Layer::onRemoved(): lcblk (identity=7, status=0, token=1)
01-16 19:04:21.513 D/AudioHardwareMSM7X30( 1441): acquire input wakelock
01-16 19:04:21.513 I/AudioHardwareMSM7X30( 1441): do_aic3254_control (1, 1, 1)
01-16 19:04:21.513 I/AudioHardwareMSM7X30( 1441): AUDIO_START: start kernel pcm_in driver.
01-16 19:04:21.603 D/dalvikvm( 1684): GC_FOR_ALLOC freed 1226K, 23% free 10676K/13767K, paused 37ms
01-16 19:04:21.643 D/dalvikvm( 1684): GC_FOR_ALLOC freed 414K, 23% free 10667K/13767K, paused 24ms
01-16 19:04:21.643 D/AMRNBEncoder( 1441): AMRNB ENCODER start with mode:7
01-16 19:04:21.653 D/MPEG4Writer( 1441): start MPEG4Writer::Track thread: Audio, pid=1441, tid=2696
01-16 19:04:21.653 I/MPEG4Writer( 1441): setStartTimestampUs: 238648
01-16 19:04:21.653 I/MPEG4Writer( 1441): Earliest track starting time: 238648
01-16 19:04:21.673 D/ActivityManager( 1576): isSketcherDisabledInCurrentTask():false, ActivityRecord{408aff28 uk.ac.st_andrews.cs.host.mk74.energymeasurement.microphone/.MainActivity}
01-16 19:04:21.693 D/SurfaceFlinger( 1438): getTokenForSurface(0xadbcc) => 0 (client=0xb50c0, bitmap=00000001), pid=2684
01-16 19:04:21.713 D/msm7x30.gralloc( 1438): gpu_context_t::getGrallocInformationFromFormat  2 
01-16 19:04:21.733 I/ActivityManager( 1576): Displayed uk.ac.st_andrews.cs.host.mk74.energymeasurement.microphone/.MainActivity: +488ms (total +2m11s147ms)
01-16 19:04:21.754 D/msm7x30.gralloc( 1438): gpu_context_t::getGrallocInformationFromFormat  2 
01-16 19:04:21.764 D/SurfaceFlinger( 1438): virtual void android::Layer::onRemoved(): lcblk (identity=19, status=0, token=0)
01-16 19:04:21.804 D/AK8975  ( 1448): Compass CLOSE 
01-16 19:04:21.814 D/dalvikvm( 1684): GC_FOR_ALLOC freed 4K, 21% free 10909K/13767K, paused 117ms
01-16 19:04:21.814 I/dalvikvm-heap( 1684): Grow heap (frag case) to 10.991MB for 250344-byte allocation
01-16 19:04:21.864 D/dalvikvm( 1684): GC_FOR_ALLOC freed <1K, 21% free 11153K/14023K, paused 43ms
01-16 19:04:21.934 D/dalvikvm( 1684): GC_FOR_ALLOC freed 246K, 23% free 10911K/14023K, paused 48ms
01-16 19:04:21.934 W/InputManagerService( 1576): Starting input on non-focused client com.android.internal.view.IInputMethodClient$Stub$Proxy@40a5b958 (uid=9999 pid=1684)
01-16 19:04:21.984 D/dalvikvm( 1684): GC_FOR_ALLOC freed 3K, 21% free 11153K/14023K, paused 38ms
01-16 19:04:21.984 I/dalvikvm-heap( 1684): Grow heap (frag case) to 11.230MB for 250344-byte allocation
01-16 19:04:22.034 D/dalvikvm( 1684): GC_FOR_ALLOC freed 0K, 21% free 11398K/14279K, paused 42ms
01-16 19:04:22.314 D/dalvikvm( 1670): GC_CONCURRENT freed 277K, 8% free 7896K/8519K, paused 1ms+2ms
01-16 19:04:22.654 I/System.out( 2684): Values: 0
01-16 19:04:23.405 D/UsbnetService( 1576): BroadcastReceiver::onReceive+
01-16 19:04:23.405 D/UsbnetService( 1576): onReceive BATTERY_CHANGED
01-16 19:04:23.405 D/UsbnetService( 1576):  --> pluggedType = 2, mPluggedType = 0, mScreenOff = false
01-16 19:04:23.405 D/UsbnetService( 1576): BroadcastReceiver::onReceive-
01-16 19:04:23.405 D/NotificationService( 1576): mIntentReceiver() Intent.ACTION_BATTERY_CHANGED
01-16 19:04:23.415 D/BatteryService( 1576): SendIntentforPowersaver
01-16 19:04:23.415 D/BatteryService( 1576): Current powersaver status == NORMAL_STATUS1 2 2 false
01-16 19:04:23.425 D/PowerUI ( 1649): closing low battery warning: level=99
01-16 19:04:23.425 D/PowerUI ( 1649): plugged = true, health = 2, mBatteryLevel = 99, mPluggedBatteryLevel = 99, mLowBatteryWarningLevel2 = 25, mshowLowChargingWarning2 = true
01-16 19:04:23.435 D/RemoveMe( 1667): DCT got intent android.intent.action.BATTERY_CHANGED
01-16 19:04:23.435 D/RemoveMe( 1667): DCT got intent android.intent.action.BATTERY_CHANGED
01-16 19:04:23.435 D/RemoveMe( 1667): DCT got intent android.intent.action.BATTERY_CHANGED
01-16 19:04:23.655 I/System.out( 2684): Values: 5666
01-16 19:04:24.656 I/System.out( 2684): Values: 16511
01-16 19:04:24.776 D/dalvikvm( 2684): Debugger has detached; object registry had 1 entries
01-16 19:04:24.776 W/Vold    ( 1434): Ignoring unknown switch 'usb_mass_storage'
01-16 19:04:24.776 W/Vold    ( 1434): Ignoring unknown switch 'usb_connected'
01-16 19:04:24.786 D/UsbService( 1576): [USBNET] USB UEVENT: {SUBSYSTEM=switch, SWITCH_STATE=0, DEVPATH=/devices/virtual/switch/usb_connected, SEQNUM=1410, ACTION=change, SWITCH_NAME=usb_connected}
01-16 19:04:24.796 D/Vold    ( 1434): USB disconnected
01-16 19:04:24.796 D/Vold    ( 1434): Share method ums now unavailable
01-16 19:04:24.796 D/VoldConnector( 1576): listenToSocket read--: (37,0)
01-16 19:04:24.796 D/VoldConnector( 1576): RCV <- {620 Share method ums now unavailable}
01-16 19:04:24.806 I/StorageNotification( 1649): UMS connection changed to false (media state mounted)
01-16 19:04:24.806 D/VoldConnector( 1576): listenToSocket read++
01-16 19:04:24.817 D/UsbService( 1576): [USBNET] USB UEVENT: {SUBSYSTEM=switch, SWITCH_STATE=0, DEVPATH=/devices/virtual/switch/usb_configuration, SEQNUM=1411, ACTION=change, SWITCH_NAME=usb_configuration}
01-16 19:04:24.867 D/BatteryService_ULog( 1576): ULogForBatteryChargingStateChange(99,0) is called
01-16 19:04:24.867 D/BatteryService_ULog( 1576): charger=off,battery_power=99
01-16 19:04:24.867 D/UsbnetService( 1576): BroadcastReceiver::onReceive+
01-16 19:04:24.867 D/UsbnetService( 1576): onReceive BATTERY_CHANGED
01-16 19:04:24.867 D/UsbnetService( 1576):  --> pluggedType = 0, mPluggedType = 0, mScreenOff = false
01-16 19:04:24.867 D/UsbnetService( 1576): BroadcastReceiver::onReceive-
01-16 19:04:24.867 D/NotificationService( 1576): mIntentReceiver() Intent.ACTION_BATTERY_CHANGED
01-16 19:04:24.867 V/NotificationService( 1576): dual Led off
01-16 19:04:24.877 D/lights  ( 1576): [LedInfo] write attr ok name=/sys/class/leds/amber/brightness string=0,len=1
01-16 19:04:24.877 D/RemoveMe( 1667): DCT got intent android.intent.action.BATTERY_CHANGED
01-16 19:04:24.877 D/lights  ( 1576): [LedInfo] write attr ok name=/sys/class/leds/amber/blink string=0,len=1
01-16 19:04:24.877 D/RemoveMe( 1667): DCT got intent android.intent.action.BATTERY_CHANGED
01-16 19:04:24.877 D/lights  ( 1576): [LedInfo] write attr ok name=/sys/class/leds/amber/off_timer string=0 0,len=3
01-16 19:04:24.877 D/lights  ( 1576): [LedInfo] write attr ok name=/sys/class/leds/green/brightness string=0,len=1
01-16 19:04:24.877 D/BatteryService( 1576): SendIntentforPowersaver
01-16 19:04:24.877 D/RemoveMe( 1667): DCT got intent android.intent.action.BATTERY_CHANGED
01-16 19:04:24.887 D/BatteryService( 1576): Current powersaver status == NORMAL_STATUS1 4 2 false
01-16 19:04:24.887 D/lights  ( 1576): [LedInfo] write attr ok name=/sys/class/leds/green/blink string=0,len=1
01-16 19:04:24.887 D/lights  ( 1576): [LedInfo] write attr ok name=/sys/class/leds/green/off_timer string=0 0,len=3
01-16 19:04:24.897 I/ActivityManager( 1576): Start proc com.htc.syncagent for broadcast com.htc.syncagent/.svc.HTCSyncBroadcastReceiver: pid=2709 uid=10096 gids={3003}
01-16 19:04:24.907 D/UsbnetService( 1576): BroadcastReceiver::onReceive+
01-16 19:04:24.907 D/UsbnetService( 1576): onReceive BATTERY_CHANGED
01-16 19:04:24.907 D/UsbnetService( 1576):  --> pluggedType = 0, mPluggedType = 0, mScreenOff = false
01-16 19:04:24.907 D/UsbnetService( 1576): BroadcastReceiver::onReceive-
01-16 19:04:24.907 D/RemoveMe( 1667): DCT got intent android.intent.action.BATTERY_CHANGED
01-16 19:04:24.907 D/RemoveMe( 1667): DCT got intent android.intent.action.BATTERY_CHANGED
01-16 19:04:24.907 D/RemoveMe( 1667): DCT got intent android.intent.action.BATTERY_CHANGED
01-16 19:04:24.907 D/NotificationService( 1576): mIntentReceiver() Intent.ACTION_BATTERY_CHANGED
01-16 19:04:24.917 D/BatteryService( 1576): SendIntentforPowersaver
01-16 19:04:24.917 D/BatteryService( 1576): Current powersaver status == NORMAL_STATUS1 4 2 false
01-16 19:04:24.927 D/PowerUI ( 1649): plugged = false, health = 2, mBatteryLevel = 99, mPluggedBatteryLevel = 99, mLowBatteryWarningLevel2 = 25, mshowLowChargingWarning2 = true
01-16 19:04:24.927 D/PowerUI ( 1649): plugged = false, health = 2, mBatteryLevel = 98, mPluggedBatteryLevel = 99, mLowBatteryWarningLevel2 = 25, mshowLowChargingWarning2 = true
01-16 19:04:24.977 D/FDUI    ( 2709): [ HTCSyncBroadcastReceiver: 17 ] - onReceive > get broadcast.
01-16 19:04:24.977 D/FDUI    ( 2709): [ HTCUICommon: 106 ] - initialize > init preference.
01-16 19:04:24.977 D/FDUI    ( 2709): [ HTCUICommon: 113 ] - initialize > initialize
01-16 19:04:24.987 D/FDUI    ( 2709): [ HTCSyncBroadcastReceiver: 22 ] - onReceive > app ver = 1.9
01-16 19:04:24.987 D/FDUI    ( 2709): [ HTCSyncBroadcastReceiver: 23 ] - onReceive > action = android.intent.action.ACTION_POWER_DISCONNECTED
01-16 19:04:24.987 I/ActivityManager( 1576): No longer want com.htc.notes (pid 1972): hidden #16
01-16 19:04:25.657 I/System.out( 2684): Values: 6307
01-16 19:04:25.677 I/System.out( 2684): Battery level start is reached
01-16 19:04:25.817 D/UsbService( 1576): [USBNET] handleMessage: 0; mConnected=0(1),mConfiguration=0(1)
01-16 19:04:25.827 D/NetdConnector( 1576): listenToSocket read--: (128,0)
01-16 19:04:25.827 D/NetdConnector( 1576): doCommand++ (Wait Response)
01-16 19:04:25.827 D/NetdConnector( 1576): RCV <- {110 lo}
01-16 19:04:25.838 D/NetdConnector( 1576): RSP <- {110 lo}
01-16 19:04:25.838 D/NetdConnector( 1576): RCV <- {110 dummy0}
01-16 19:04:25.838 V/NotificationService( 1576): dual Led off
01-16 19:04:25.838 D/NetdConnector( 1576): miNoRespCnt=0
01-16 19:04:25.848 D/lights  ( 1576): [LedInfo] write attr ok name=/sys/class/leds/amber/brightness string=0,len=1
01-16 19:04:25.848 D/lights  ( 1576): [LedInfo] write attr ok name=/sys/class/leds/amber/blink string=0,len=1
01-16 19:04:25.848 D/lights  ( 1576): [LedInfo] write attr ok name=/sys/class/leds/amber/off_timer string=0 0,len=3
01-16 19:04:25.848 D/NetdConnector( 1576): RSP <- {110 dummy0}
01-16 19:04:25.858 D/lights  ( 1576): [LedInfo] write attr ok name=/sys/class/leds/green/brightness string=0,len=1
01-16 19:04:25.858 D/NetdConnector( 1576): miNoRespCnt=0
01-16 19:04:25.868 D/lights  ( 1576): [LedInfo] write attr ok name=/sys/class/leds/green/blink string=0,len=1
01-16 19:04:25.868 D/lights  ( 1576): [LedInfo] write attr ok name=/sys/class/leds/green/off_timer string=0 0,len=3
01-16 19:04:25.868 D/NetdConnector( 1576): RCV <- {110 ifb0}
01-16 19:04:25.868 D/NetdConnector( 1576): RSP <- {110 ifb0}
01-16 19:04:25.868 D/NetdConnector( 1576): miNoRespCnt=0
01-16 19:04:25.868 I/ActivityManager( 1576): Start proc android.process.media for broadcast com.android.providers.media/.UsbReceiver: pid=2717 uid=10044 gids={1015, 1023, 1024, 2001, 3003}
01-16 19:04:25.868 D/NotificationService( 1576): cancelNotification, ACTION_NOTIFICATION_REMOVE,pkg=android,id=17040338
01-16 19:04:25.868 D/NetdConnector( 1576): RCV <- {110 ifb1}
01-16 19:04:25.878 D/NetdConnector( 1576): RSP <- {110 ifb1}
01-16 19:04:25.878 D/NetdConnector( 1576): miNoRespCnt=0
01-16 19:04:25.878 D/NetdConnector( 1576): RCV <- {110 rmnet0}
01-16 19:04:25.878 D/NetdConnector( 1576): RSP <- {110 rmnet0}
01-16 19:04:25.878 D/NetdConnector( 1576): miNoRespCnt=0
01-16 19:04:25.878 D/NetdConnector( 1576): RCV <- {110 rmnet1}
01-16 19:04:25.888 D/NetdConnector( 1576): RSP <- {110 rmnet1}
01-16 19:04:25.888 D/NetdConnector( 1576): miNoRespCnt=0
01-16 19:04:25.888 D/NetdConnector( 1576): RCV <- {110 rmnet2}
01-16 19:04:25.888 D/NetdConnector( 1576): RSP <- {110 rmnet2}
01-16 19:04:25.888 D/NetdConnector( 1576): miNoRespCnt=0
01-16 19:04:25.888 D/NetdConnector( 1576): RCV <- {110 usb0}
01-16 19:04:25.898 D/NetdConnector( 1576): RSP <- {110 usb0}
01-16 19:04:25.898 D/NetdConnector( 1576): miNoRespCnt=0
01-16 19:04:25.898 D/NetdConnector( 1576): RCV <- {110 sit0}
01-16 19:04:25.898 D/NetdConnector( 1576): RSP <- {110 sit0}
01-16 19:04:25.898 D/NetdConnector( 1576): miNoRespCnt=0
01-16 19:04:25.898 D/NetdConnector( 1576): RCV <- {110 ip6tnl0}
01-16 19:04:25.898 D/NetdConnector( 1576): RSP <- {110 ip6tnl0}
01-16 19:04:25.898 D/NetdConnector( 1576): miNoRespCnt=0
01-16 19:04:25.898 D/NetdConnector( 1576): RCV <- {200 Interface list completed}
01-16 19:04:25.898 D/NetdConnector( 1576): RSP <- {200 Interface list completed}
01-16 19:04:25.898 D/NetdConnector( 1576): miNoRespCnt=0
01-16 19:04:25.898 D/NetdConnector( 1576): doCommand-- (complete)
01-16 19:04:25.898 D/NetdConnector( 1576): List terminated with {200 Interface list completed}
01-16 19:04:25.898 D/Tethering( 1576): InitialState.processMessage what=4
01-16 19:04:25.898 D/NetdConnector( 1576): listenToSocket read++
01-16 19:04:25.908 D/WifiStateMachine( 1576): wifi hotspotSSID=HTC Portable Hotspot, hiddenSSID=false, secureType=wpa2-psk, enableMacFilter=0, maxConns=5, channel=0
01-16 19:04:25.908 D/WifiStateMachine( 1576): wifi hotspotdhcpEnable=1, maxDhcpClients=5, ipAddress=192.168.1.1, dhcpSubnetMask=255.255.255.0, startingIP=192.168.1.10, dhsIPAddr1=null, dnsIPAddr2=null, sleepPolicy=1
01-16 19:04:25.908 D/Tethering( 1576): sendTetherStateChangedBroadcast 0, 0, 0
01-16 19:04:25.908 D/WifiStateMachine( 1576): getWifiApConfiguration:mconfig.SSID=HTC Portable Hotspot
01-16 19:04:25.938 I/ActivityThread( 2717): Pub downloads: com.android.providers.downloads.DownloadProvider
01-16 19:04:25.948 D/dalvikvm( 1439): GC_EXPLICIT freed 11K, 5% free 6453K/6787K, paused 5ms+1ms
01-16 19:04:25.968 I/ActivityThread( 2717): Pub drm: com.android.providers.drm.DrmProvider
01-16 19:04:25.978 D/SqliteDatabaseCpp( 2717): dbopen(): path = /data/data/com.android.providers.downloads/databases , key = dksjlkYdw, flag = 6, file size = 9216
01-16 19:04:25.978 D/SqliteDatabaseCpp( 2717): dbopen(): path = /data/data/com.android.providers.downloads/databases , key = dksjlkYdw, mode: delete, disk free size: 7854 M, handle: 0x1b2858
01-16 19:04:25.998 I/ActivityThread( 2717): Pub media: com.android.providers.media.MediaProvider
01-16 19:04:25.998 D/dalvikvm( 1439): GC_EXPLICIT freed <1K, 5% free 6453K/6787K, paused 1ms+1ms
01-16 19:04:26.028 D/dalvikvm( 2717): GC_FOR_ALLOC freed 87K, 4% free 6540K/6787K, paused 32ms
01-16 19:04:26.038 I/dalvikvm-heap( 2717): Grow heap (frag case) to 6.972MB for 524304-byte allocation
01-16 19:04:26.038 D/dalvikvm( 1439): GC_EXPLICIT freed <1K, 5% free 6453K/6787K, paused 1ms+1ms
01-16 19:04:26.058 D/dalvikvm( 2717): GC_FOR_ALLOC freed 0K, 5% free 7052K/7367K, paused 12ms
01-16 19:04:26.078 D/MediaProvider( 2717): [MediaProvider][onCreate]+true
01-16 19:04:26.088 D/MediaProvider( 2717): [MediaProvider][onCreate]+state=mounted
01-16 19:04:26.088 D/SqliteDatabaseCpp( 2717): dbopen(): path = /data/data/com.android.providers.media/databases , key = eptevjYl, flag = 6, file size = 63488
01-16 19:04:26.098 D/SqliteDatabaseCpp( 2717): dbopen(): path = /data/data/com.android.providers.media/databases , key = eptevjYl, mode: wal, disk free size: 7854 M, handle: 0x1c7548
01-16 19:04:26.108 D/dalvikvm( 2717): GC_CONCURRENT freed 16K, 5% free 7272K/7623K, paused 1ms+1ms
01-16 19:04:26.318 D/MediaProvider( 2717): [MediaProvider][onCreate]-
01-16 19:04:26.318 D/UsbReceiver( 2717): [MTP][UsbReceiver][onReceive]+
01-16 19:04:26.328 D/UsbConnectedReceiver( 1774): action = android.hardware.usb.action.USB_STATE
01-16 19:04:26.328 D/PSCommon( 1774): Content in /sys/devices/platform/msm_hsusb/usb_cable_connect = 0
01-16 19:04:26.338 D/UsbConnectedReceiver( 1774): USB Disconnected.
01-16 19:04:26.348 I/ActivityManager( 1576): Start proc com.android.settings for broadcast com.android.settings/.NSReceiver: pid=2730 uid=1000 gids={1015, 3002, 3001, 3003, 2001, 1007}
01-16 19:04:26.368 D/UsbConnectedReceiver( 1774): Catch USB Disconnect Event, USB cable does really not exist.
01-16 19:04:26.388 D/lights  ( 1576): [LedInfo] write attr ok name=/sys/class/leds/amber/brightness string=0,len=1
01-16 19:04:26.388 D/lights  ( 1576): [LedInfo] write attr ok name=/sys/class/leds/amber/blink string=0,len=1
01-16 19:04:26.388 V/NotificationService( 1576): dual Led off
01-16 19:04:26.398 D/lights  ( 1576): [LedInfo] write attr ok name=/sys/class/leds/amber/off_timer string=0 0,len=3
01-16 19:04:26.398 D/lights  ( 1576): [LedInfo] write attr ok name=/sys/class/leds/green/brightness string=0,len=1
01-16 19:04:26.398 D/lights  ( 1576): [LedInfo] write attr ok name=/sys/class/leds/green/blink string=0,len=1
01-16 19:04:26.398 D/lights  ( 1576): [LedInfo] write attr ok name=/sys/class/leds/green/off_timer string=0 0,len=3
01-16 19:04:26.398 D/NotificationService( 1576): cancelNotification, ACTION_NOTIFICATION_REMOVE,pkg=com.htc.android.psclient,id=2130837519
01-16 19:04:26.448 I/ActivityManager( 1576): No longer want com.android.defcontainer (pid 2570): hidden #16
01-16 19:04:26.478 I/ActivityThread( 2730): Pub com.android.settings.provider.cdmasettings: com.android.settings.HtcCdmaSettingsProvider
01-16 19:04:26.488 D/HtcCdmaSettingsProvider( 2730): onCreate !
01-16 19:04:26.488 I/NetSharing_NSReceiver( 2730): customizedNS:true
01-16 19:04:26.498 D/NetSharing_NSReceiver( 2730): onReceive : android.net.conn.TETHER_STATE_CHANGED
01-16 19:04:26.508 D/NetSharing_NSReceiver( 2730): Tethered state change:false
01-16 19:04:26.558 D/dalvikvm( 2730): GC_CONCURRENT freed 117K, 3% free 6842K/7047K, paused 2ms+1ms
01-16 19:04:26.558 I/NetSharing_NSReceiver( 2730): customizedNS:true
01-16 19:04:26.568 D/NetSharing_NSReceiver( 2730): onReceive : com.htc.usb.change
01-16 19:04:26.568 D/NetSharing_NSReceiver( 2730): USB = false hasTethered = false
01-16 19:04:26.578 D/PSReceiver( 2730): onReceive : com.htc.usb.change
01-16 19:04:26.578 D/HtcHardwareService( 1576): [USBNET] MiscControl_IPT: 0
01-16 19:04:26.578 D/HtcHardwareService( 1576): [USBNET] MiscControl+: 1,usb_none
01-16 19:04:26.578 D/CommandListener( 1436): UsbCmd::runCommand@842: iptmode,3
01-16 19:04:26.578 D/UsbController( 1436): [USBNET] StartIptMode@211: 0
01-16 19:04:26.578 D/NetworkManagmentService( 1576): [USBNET] stopIptDhcp
01-16 19:04:26.578 D/NetdConnector( 1576): listenToSocket read--: (31,0)
01-16 19:04:26.578 D/NetdConnector( 1576): RCV <- {200 Tether operation succeeded}
01-16 19:04:26.578 D/NetdConnector( 1576): listenToSocket read++
01-16 19:04:26.578 D/NetdConnector( 1576): doCommand++ (Wait Response)
01-16 19:04:26.578 D/NetdConnector( 1576): RSP <- {200 Tether operation succeeded}
01-16 19:04:26.578 D/NetdConnector( 1576): miNoRespCnt=0
01-16 19:04:26.578 D/NetdConnector( 1576): doCommand-- (complete)
01-16 19:04:26.578 D/NetworkManagmentService( 1576): [USBNET] startIptMode
01-16 19:04:26.588 D/FDUI    ( 2709): [ HTCSyncBroadcastReceiver: 17 ] - onReceive > get broadcast.
01-16 19:04:26.588 D/NetdConnector( 1576): doCommand++ (Wait Response)
01-16 19:04:26.598 D/FDUI    ( 2709): [ HTCSyncBroadcastReceiver: 22 ] - onReceive > app ver = 1.9
01-16 19:04:26.598 D/FDUI    ( 2709): [ HTCSyncBroadcastReceiver: 23 ] - onReceive > action = action.stopPCTool
01-16 19:04:26.598 D/FDUI    ( 2709): [ HTCSyncBroadcastReceiver: 53 ] - onReceive > syncthread not alive
01-16 19:04:26.598 I/logwrapper( 2738): CMD:/system/bin/netsharing
01-16 19:04:26.598 D/NetSharing( 2738): [USBNET] main+: 3, /system/bin/netsharing net_pass off
01-16 19:04:26.598 D/FDUI    ( 2709): [ HTCUICommon: 151 ] - stopStatusThread > stop service
01-16 19:04:26.598 D/FDUI    ( 2709): [ HTCUICommon: 502 ] - revertADBState > saved adb value = -1
01-16 19:04:26.598 D/NetSharing( 2738): UsbAttrFile=/sys/devices/platform/msm_hsusb/usb_function_switch
01-16 19:04:26.598 D/NetSharing( 2738): [USBNET] iCheckUsbFunc@133: 0x0
01-16 19:04:26.598 D/NetSharing( 2738): [USBNET] main@1024: uUsbSts=0x0
01-16 19:04:26.598 D/NetSharing( 2738): [USBNET] main-
01-16 19:04:26.598 D/FDUI    ( 2709): [ HTCUICommon: 547 ] - updateADBFlag > update adb flag.
01-16 19:04:26.608 I/ActivityManager( 1576): No longer want com.htc.wdm (pid 2618): hidden #16
01-16 19:04:26.638 W/ContactAggregator( 1670): No more aggregation requests
01-16 19:04:26.648 I/System.out( 2684): Values: 7168
01-16 19:04:26.688 D/dalvikvm( 2730): GC_CONCURRENT freed 448K, 9% free 6833K/7431K, paused 2ms+1ms
01-16 19:04:26.688 D/dalvikvm( 2240): GC_CONCURRENT freed 420K, 8% free 6770K/7303K, paused 1ms+6ms
01-16 19:04:26.788 D/NetdConnector( 1576): listenToSocket read--: (28,0)
01-16 19:04:26.788 D/NetdConnector( 1576): RCV <- {200 Usb operation succeeded}
01-16 19:04:26.788 D/NetdConnector( 1576): RSP <- {200 Usb operation succeeded}
01-16 19:04:26.788 D/NetdConnector( 1576): miNoRespCnt=0
01-16 19:04:26.788 D/NetdConnector( 1576): doCommand-- (complete)
01-16 19:04:26.788 D/CommandListener( 1436): UsbCmd::runCommand@842: funcswitch,3
01-16 19:04:26.788 D/UsbController( 1436): [USBNET] iCheckUsbFunc@133: 0x0
01-16 19:04:26.788 D/UsbController( 1436): [USBNET] iSwitchUsbFunc@312: 0,0x0,0
01-16 19:04:26.788 D/UsbController( 1436): [USBNET] iSwitchUsbFunc-: -1
01-16 19:04:26.788 D/UsbnetService( 1576): BroadcastReceiver::onReceive+
01-16 19:04:26.788 D/UsbnetService( 1576): NETWORK_STATE_CHANGED_NOTIFY: 0
01-16 19:04:26.788 I/UsbnetStateTracker( 1576): NetStateNotification +: 0
01-16 19:04:26.788 I/UsbnetStateTracker( 1576): notifyStateChange
01-16 19:04:26.788 I/UsbnetStateTracker( 1576): NetStateNotification -
01-16 19:04:26.788 D/UsbnetService( 1576): BroadcastReceiver::onReceive-
01-16 19:04:26.788 D/DataConnectionTracker( 1667): enableApnType(default), isApnTypeActive=false, isApnIdEnabled=true and state= IDLE
01-16 19:04:26.788 D/NetworkManagmentService( 1576): [USBNET] SwitchUsbFunc
01-16 19:04:26.788 D/NetdConnector( 1576): doCommand++ (Wait Response)
01-16 19:04:26.788 D/NetdConnector( 1576): listenToSocket read++
01-16 19:04:26.788 D/NetdConnector( 1576): listenToSocket read--: (28,0)
01-16 19:04:26.788 D/NetdConnector( 1576): RCV <- {200 Usb operation succeeded}
01-16 19:04:26.788 D/NetdConnector( 1576): RSP <- {200 Usb operation succeeded}
01-16 19:04:26.788 D/NetdConnector( 1576): miNoRespCnt=0
01-16 19:04:26.788 D/NetdConnector( 1576): doCommand-- (complete)
01-16 19:04:26.788 D/NetdConnector( 1576): listenToSocket read++
01-16 19:04:26.788 D/ConnectivityService( 1576): [embedded] ConnectivityChange for USBNET: DISCONNECTED/DISCONNECTED, default=-1
01-16 19:04:26.788 D/ConnectivityService( 1576): getMobileDataEnabled returning false
