01-19 16:40:28.352 D/CombinedWidgetProvider( 1693): addFxWidget: WidgetSummary(Auto-rotate/FX_WIDGET/[I@40ad60c0 x [I@40a12750/-2/ComponentInfo{com.htc.autorotatewidget/com.htc.autorotatewidget.AutoRotateWidgetProvider}/[I@40a12770)
01-19 16:40:28.352 D/FxWidgetProvider( 1693): row 1
01-19 16:40:28.352 D/CombinedWidgetProvider( 1693): addFxWidget: WidgetSummary(Stocks/FX_WIDGET/[I@40735de0 x [I@40735e00/-2/ComponentInfo{com.htc.android.fusion.StockWidget/com.htc.android.fusion.StockWidget.RosieWidgetReceiver}/[I@40735e20)
01-19 16:40:28.362 D/FxWidgetProvider( 1693): row 1
01-19 16:40:28.362 D/CombinedWidgetProvider( 1693): addFxWidget: WidgetSummary(Stocks/FX_WIDGET/[I@40833a08 x [I@40833a28/-2/ComponentInfo{com.htc.android.fusion.StockWidget/com.htc.android.fusion.StockWidget.RosieWidgetReceiver}/[I@40833a48)
01-19 16:40:28.362 D/FxWidgetProvider( 1693): row 1
01-19 16:40:28.362 D/CombinedWidgetProvider( 1693): addFxWidget: WidgetSummary(Stocks/FX_WIDGET/[I@40c76e00 x [I@40c87b40/-2/ComponentInfo{com.htc.android.fusion.StockWidget/com.htc.android.fusion.StockWidget.RosieWidgetReceiver}/[I@40c87b60)
01-19 16:40:28.362 D/CombinedWidgetProvider( 1693): -addFxWidgets diff: 2106
01-19 16:40:28.362 D/CombinedWidgetProvider( 1693): +addAppWidgetCategories
01-19 16:40:28.372 D/CombinedWidgetProvider( 1693): add AppWidget category: WidgetCategory(YouTube/APP_WIDGET/0)
01-19 16:40:28.372 D/CombinedWidgetProvider( 1693): add AppWidget category: WidgetCategory(Twitter (large)/APP_WIDGET/0)
01-19 16:40:28.372 D/CombinedWidgetProvider( 1693): add AppWidget category: WidgetCategory(Twitter (small)/APP_WIDGET/0)
01-19 16:40:28.372 D/CombinedWidgetProvider( 1693): add AppWidget category: WidgetCategory(Traffic/APP_WIDGET/0)
01-19 16:40:28.372 D/CombinedWidgetProvider( 1693): add AppWidget category: WidgetCategory(Latitude/APP_WIDGET/0)
01-19 16:40:28.372 D/CombinedWidgetProvider( 1693): add AppWidget category: WidgetCategory(Market/APP_WIDGET/0)
01-19 16:40:28.372 D/CombinedWidgetProvider( 1693): add AppWidget category: WidgetCategory(Google Search/APP_WIDGET/0)
01-19 16:40:28.372 D/CombinedWidgetProvider( 1693): add AppWidget category: WidgetCategory(Gmail/APP_WIDGET/0)
01-19 16:40:28.372 D/CombinedWidgetProvider( 1693): add AppWidget category: WidgetCategory(Bookmarks/APP_WIDGET/0)
01-19 16:40:28.372 D/CombinedWidgetProvider( 1693): -addAppWidgetCategories
01-19 16:40:28.372 D/CombinedWidgetProvider( 1693): +addHtcWidgetCategories
01-19 16:40:28.372 D/CombinedWidgetProvider( 1693):  uri: content://com.htc.launcher.widget.htcwidget/htcwidgets?category_only=true
01-19 16:40:28.372 D/HtcWidgetProvider( 1693): row 1
01-19 16:40:28.382 D/CombinedWidgetProvider( 1693): addHtcWidget Category: WidgetCategory(Tips for Home/HTC_WIDGET/1101)
01-19 16:40:28.392 D/CombinedWidgetProvider( 1693): -addHtcWidgetCategories
01-19 16:40:28.392 D/CombinedWidgetProvider( 1693): +addFxWidgetCategories
01-19 16:40:28.392 D/FxWidgetProvider( 1693): row 94
01-19 16:40:28.432 D/Finsky  ( 3437): [23] DownloadRecords.initializeAndPrune: Pruned 0 old downloads from the cursor.
01-19 16:40:28.442 D/PhoneApp( 1682): -- N3 =0
01-19 16:40:28.562 D/CombinedWidgetProvider( 1693): +addFxWidgetCategories: default
01-19 16:40:28.562 D/CombinedWidgetProvider( 1693): addFxWidget Category: WidgetCategory(Watch/FX_WIDGET/-2)
01-19 16:40:28.562 D/CombinedWidgetProvider( 1693): +addFxWidgetCategories: default
01-19 16:40:28.562 D/CombinedWidgetProvider( 1693): addFxWidget Category: WidgetCategory(Mail/FX_WIDGET/-2)
01-19 16:40:28.572 D/CombinedWidgetProvider( 1693): +addFxWidgetCategories: default
01-19 16:40:28.572 D/CombinedWidgetProvider( 1693): addFxWidget Category: WidgetCategory(People/FX_WIDGET/-2)
01-19 16:40:28.572 D/CombinedWidgetProvider( 1693): +addFxWidgetCategories: default
01-19 16:40:28.572 D/CombinedWidgetProvider( 1693): addFxWidget Category: WidgetCategory(Calendar/FX_WIDGET/-2)
01-19 16:40:28.572 D/CombinedWidgetProvider( 1693): +addFxWidgetCategories: default
01-19 16:40:28.572 D/CombinedWidgetProvider( 1693): addFxWidget Category: WidgetCategory(Bookmarks/FX_WIDGET/-2)
01-19 16:40:28.572 D/CombinedWidgetProvider( 1693): +addFxWidgetCategories: default
01-19 16:40:28.572 D/CombinedWidgetProvider( 1693): addFxWidget Category: WidgetCategory(Messages/FX_WIDGET/-2)
01-19 16:40:28.572 D/CombinedWidgetProvider( 1693): +addFxWidgetCategories: default
01-19 16:40:28.572 D/CombinedWidgetProvider( 1693): addFxWidget Category: WidgetCategory(Twitter/FX_WIDGET/-2)
01-19 16:40:28.572 D/CombinedWidgetProvider( 1693): +addFxWidgetCategories: default
01-19 16:40:28.572 D/CombinedWidgetProvider( 1693): addFxWidget Category: WidgetCategory(Trends/FX_WIDGET/-2)
01-19 16:40:28.572 D/CombinedWidgetProvider( 1693): +addFxWidgetCategories: default
01-19 16:40:28.572 D/CombinedWidgetProvider( 1693): addFxWidget Category: WidgetCategory(Sync All/FX_WIDGET/-2)
01-19 16:40:28.572 D/CombinedWidgetProvider( 1693): +addFxWidgetCategories: default
01-19 16:40:28.572 D/CombinedWidgetProvider( 1693): addFxWidget Category: WidgetCategory(Music/FX_WIDGET/-2)
01-19 16:40:28.572 D/CombinedWidgetProvider( 1693): +addFxWidgetCategories: default
01-19 16:40:28.572 D/CombinedWidgetProvider( 1693): addFxWidget Category: WidgetCategory(Friend Stream/FX_WIDGET/-2)
01-19 16:40:28.572 D/CombinedWidgetProvider( 1693): +addFxWidgetCategories: default
01-19 16:40:28.582 D/CombinedWidgetProvider( 1693): addFxWidget Category: WidgetCategory(My Shelf/FX_WIDGET/-2)
01-19 16:40:28.582 D/CombinedWidgetProvider( 1693): +addFxWidgetCategories: default
01-19 16:40:28.582 D/CombinedWidgetProvider( 1693): addFxWidget Category: WidgetCategory(Weather/FX_WIDGET/-2)
01-19 16:40:28.582 D/CombinedWidgetProvider( 1693): +addFxWidgetCategories: default
01-19 16:40:28.582 D/CombinedWidgetProvider( 1693): addFxWidget Category: WidgetCategory(Notes/FX_WIDGET/-2)
01-19 16:40:28.582 D/CombinedWidgetProvider( 1693): +addFxWidgetCategories: default
01-19 16:40:28.602 D/CombinedWidgetProvider( 1693): addFxWidget Category: WidgetCategory(HTC Likes/FX_WIDGET/-2)
01-19 16:40:28.602 D/CombinedWidgetProvider( 1693): +addFxWidgetCategories: default
01-19 16:40:28.602 D/CombinedWidgetProvider( 1693): addFxWidget Category: WidgetCategory(Photo Album/FX_WIDGET/-2)
01-19 16:40:28.602 D/CombinedWidgetProvider( 1693): +addFxWidgetCategories: default
01-19 16:40:28.602 D/CombinedWidgetProvider( 1693): addFxWidget Category: WidgetCategory(Photo Frame/FX_WIDGET/-2)
01-19 16:40:28.602 D/CombinedWidgetProvider( 1693): +addFxWidgetCategories: default
01-19 16:40:28.602 D/CombinedWidgetProvider( 1693): addFxWidget Category: WidgetCategory(Photo Grid/FX_WIDGET/-2)
01-19 16:40:28.602 D/CombinedWidgetProvider( 1693): +addFxWidgetCategories: default
01-19 16:40:28.602 D/CombinedWidgetProvider( 1693): addFxWidget Category: WidgetCategory(Navigate/FX_WIDGET/-2)
01-19 16:40:28.602 D/CombinedWidgetProvider( 1693): +addFxWidgetCategories: default
01-19 16:40:28.602 D/CombinedWidgetProvider( 1693): addFxWidget Category: WidgetCategory(Locations/FX_WIDGET/-2)
01-19 16:40:28.602 D/CombinedWidgetProvider( 1693): +addFxWidgetCategories: default
01-19 16:40:28.602 D/CombinedWidgetProvider( 1693): addFxWidget Category: WidgetCategory(News/FX_WIDGET/-2)
01-19 16:40:28.602 D/CombinedWidgetProvider( 1693): +addFxWidgetCategories: default
01-19 16:40:28.602 D/CombinedWidgetProvider( 1693): addFxWidget Category: WidgetCategory(Clock/FX_WIDGET/-2)
01-19 16:40:28.612 D/CombinedWidgetProvider( 1693): +addFxWidgetCategories: default
01-19 16:40:28.612 D/CombinedWidgetProvider( 1693): addFxWidget Category: WidgetCategory(Calculator/FX_WIDGET/-2)
01-19 16:40:28.612 D/CombinedWidgetProvider( 1693): +addFxWidgetCategories: default
01-19 16:40:28.612 D/CombinedWidgetProvider( 1693): addFxWidget Category: WidgetCategory(Stocks/FX_WIDGET/-2)
01-19 16:40:28.612 D/CombinedWidgetProvider( 1693): -addFxWidgetCategories
01-19 16:40:28.652 D/PendingAddWidgetInfo( 1693): PendingAddWidgetInfo: ComponentInfo{com.htc.fusion.htcbookmarkwidget/com.htc.fusion.htcbookmarkwidget.GridWidgetView} / grid
01-19 16:40:28.652 D/PendingAddWidgetInfo( 1693): PendingAddWidgetInfo: ComponentInfo{com.htc.fusion.htcbookmarkwidget/com.htc.fusion.htcbookmarkwidget.ListWidgetView} / list
01-19 16:40:28.692 D/dalvikvm( 1693): GC_CONCURRENT freed 2242K, 22% free 11052K/14151K, paused 7ms+9ms
01-19 16:40:28.842 D/dalvikvm( 1693): GC_FOR_ALLOC freed 785K, 25% free 10672K/14151K, paused 48ms
01-19 16:40:28.932 D/dalvikvm( 1693): GC_FOR_ALLOC freed 657K, 23% free 10914K/14151K, paused 49ms
01-19 16:40:28.992 D/dalvikvm( 3034): GC_CONCURRENT freed 544K, 9% free 6648K/7303K, paused 89ms+10ms
01-19 16:40:29.032 I/ActivityManager( 1585): Process com.htc.wdm (pid 3469) has died.
01-19 16:40:29.052 D/dalvikvm( 1585): GC_EXPLICIT freed 1452K, 15% free 18229K/21319K, paused 2ms+7ms
01-19 16:40:29.092 D/AndroidRuntime( 3390): Shutting down VM
01-19 16:40:29.092 D/dalvikvm( 3390): GC_CONCURRENT freed 105K, 83% free 364K/2048K, paused 0ms+0ms
01-19 16:40:29.102 D/dalvikvm( 3390): Debugger has detached; object registry had 1 entries
01-19 16:40:29.112 I/AndroidRuntime( 3390): NOTE: attach of thread 'Binder Thread #3' failed
01-19 16:40:29.172 D/dalvikvm( 1585): GC_EXPLICIT freed 29K, 15% free 18207K/21319K, paused 2ms+4ms
01-19 16:40:29.182 D/Socket_Alarm( 3507): registerHTCSocketMonitorCallBack
01-19 16:40:29.182 D/Socket_Alarm( 3507): set mSocketMonitor
01-19 16:40:29.182 D/Socket_Alarm( 3507): HTCSocketMonitorImpl::HTCSocketMonitorImpl
01-19 16:40:29.333 D/AndroidRuntime( 3521): 
01-19 16:40:29.333 D/AndroidRuntime( 3521): >>>>>> AndroidRuntime START com.android.internal.os.RuntimeInit <<<<<<
01-19 16:40:29.333 D/AndroidRuntime( 3521): CheckJNI is OFF
01-19 16:40:29.403 I/ActivityManager( 1585): Start proc com.htc.pen for broadcast com.htc.pen/.plugin.PenReceiver: pid=3527 uid=10040 gids={}
01-19 16:40:29.463 I/ActivityThread( 3527): Pub com.htc.penmenu: com.htc.pen.provider.PenMenuProvider
01-19 16:40:29.483 I/ActivityThread( 3527): Pub com.htc.pen: com.htc.pen.provider.PenProvider
01-19 16:40:29.503 D/CursorWindowStats( 3521): Get CursorWindow size from framework resource:4194304
01-19 16:40:29.553 D/AndroidRuntime( 3521): Calling main entry com.android.commands.am.Am
01-19 16:40:29.563 I/ActivityManager( 1585): Starting: Intent { act=android.intent.action.MAIN cat=[android.intent.category.LAUNCHER] flg=0x10000000 cmp=uk.ac.st_andrews.cs.host.mk74.energymeasurement.microphone/.MainActivity } from pid 3521
01-19 16:40:29.593 D/ActivityManager( 1585): isSketcherDisabledInCurrentTask():false, ActivityRecord{406a2670 uk.ac.st_andrews.cs.host.mk74.energymeasurement.microphone/.MainActivity}
01-19 16:40:29.593 D/HostWidgetManager( 1693): pauseWidgets: 2
01-19 16:40:29.593 I/ActivityManager( 1585): Start proc uk.ac.st_andrews.cs.host.mk74.energymeasurement.microphone for activity uk.ac.st_andrews.cs.host.mk74.energymeasurement.microphone/.MainActivity: pid=3538 uid=10107 gids={1015}
01-19 16:40:29.603 D/AndroidRuntime( 3521): Shutting down VM
01-19 16:40:29.623 D/SurfaceFlinger( 1441): getTokenForSurface(0xb8d2c) => 0 (client=0x90668, bitmap=00000003), pid=1585
01-19 16:40:29.623 D/msm7x30.gralloc( 1441): gpu_context_t::getGrallocInformationFromFormat  2 
01-19 16:40:29.653 D/Sensors ( 1585): Enable akm: en = 0
01-19 16:40:29.683 V/WindowManager( 1585): Starting animation in AppWindowToken{409c4fc8 token=ActivityRecord{40a2e6d8 com.htc.launcher/.Launcher}} @ 3651283
01-19 16:40:29.683 V/WindowManager( 1585): Starting animation in AppWindowToken{40c9d4f0 token=ActivityRecord{406a2670 uk.ac.st_andrews.cs.host.mk74.energymeasurement.microphone/.MainActivity}} @ 3651283
01-19 16:40:29.683 V/WindowManager( 1585): Finished animation in AppWindowToken{409c4fc8 token=ActivityRecord{40a2e6d8 com.htc.launcher/.Launcher}} @ 3651299
01-19 16:40:29.683 V/WindowManager( 1585): Finished animation in AppWindowToken{40c9d4f0 token=ActivityRecord{406a2670 uk.ac.st_andrews.cs.host.mk74.energymeasurement.microphone/.MainActivity}} @ 3651299
01-19 16:40:29.703 D/dalvikvm( 3521): GC_CONCURRENT freed 107K, 81% free 397K/2048K, paused 0ms+1ms
01-19 16:40:29.703 D/jdwp    ( 3521): Got wake-up signal, bailing out of select
01-19 16:40:29.703 D/dalvikvm( 3521): Debugger has detached; object registry had 1 entries
01-19 16:40:29.723 I/AudioHardwareMSM7X30( 1444): ============= recording driver open. =============
01-19 16:40:29.723 I/AudioHardwareMSM7X30( 1444): do_aic3254_control (1, 0, 1)
01-19 16:40:29.723 I/AudioHardwareMSM7X30( 1444): ============= no active record node =============
01-19 16:40:29.723 D/MPEG4Writer( 1444): MPEG4Writer::start E
01-19 16:40:29.723 I/MPEG4Writer( 1444): limits: 2147483647/0 bytes/us, bit rate: 12200 bps and the estimated moov size 3072 bytes
01-19 16:40:29.723 I/AudioHardwareMSM7X30( 1444): Routing audio to Speakerphone
01-19 16:40:29.723 I/AudioHardwareMSM7X30( 1444): ============= recording driver open. =============
01-19 16:40:29.723 D/AudioHardwareMSM7X30( 1444): addToTable (dec_id 2, dev_rx -1, dev_tx 19, type 2, active 1)
01-19 16:40:29.763 I/HTC Acoustic( 1444): update ACDB id: (tx, rx, tx_acdb, rx_acdb) = (16, 6, 509, 0)
01-19 16:40:29.763 D/AudioHardwareMSM7X30( 1444): updateACDB: (6, 19, 0, 509) success!
01-19 16:40:29.763 I/AudioHardwareMSM7X30( 1444): do input routing device in:1000000  out:2
01-19 16:40:29.763 I/AudioHardwareMSM7X30( 1444): Routing audio to Speakerphone
01-19 16:40:29.763 I/HTC Acoustic( 1444): set_audio_effect: Record_Default
01-19 16:40:29.763 I/HTC Acoustic( 1444): set_audio_effect: match with name Record_Default (2)
01-19 16:40:29.773 I/HTC Acoustic( 1444): found enabled DSP firmwares and return 0
01-19 16:40:29.773 I/AudioHardwareMSM7X30( 1444): aic3254_config: sound effect (Record_Default)
01-19 16:40:29.773 I/AudioHardwareMSM7X30( 1444): do_aic3254_control (1, 1, 1)
01-19 16:40:29.773 I/AudioHardwareMSM7X30( 1444): aic3254: change tx mode to 19
01-19 16:40:29.773 I/AudioHardwareMSM7X30( 1444): do_route_audio_rpc(1, 1, 0)
01-19 16:40:29.773 I/AudioHardwareMSM7X30( 1444): new_rx = 6
01-19 16:40:29.773 I/AudioHardwareMSM7X30( 1444): new_tx = 16
01-19 16:40:29.773 D/AudioHardwareMSM7X30( 1444): acquire input wakelock
01-19 16:40:29.773 I/AudioHardwareMSM7X30( 1444): do_aic3254_control (1, 1, 1)
01-19 16:40:29.783 I/AudioHardwareMSM7X30( 1444): AUDIO_START: start kernel pcm_in driver.
01-19 16:40:29.793 D/PhoneWindow( 1693): couldn't save which view has focus because the focused view android.widget.RelativeLayout@407c12d0 has no id.
01-19 16:40:29.793 D/SqliteDatabaseCpp( 3527): dbopen(): path = /data/data/com.htc.pen/databases , key = hej, flag = 6, file size = 15360
01-19 16:40:29.803 D/SqliteDatabaseCpp( 3527): dbopen(): path = /data/data/com.htc.pen/databases , key = hej, mode: delete, disk free size: 7854 M, handle: 0x19bc98
01-19 16:40:29.843 D/SurfaceFlinger( 1441): virtual void android::Layer::onRemoved(): lcblk (identity=27, status=0, token=0)
01-19 16:40:29.853 D/SurfaceFlinger( 1441): virtual void android::Layer::onRemoved(): lcblk (identity=28, status=0, token=1)
01-19 16:40:29.853 D/AK8975  ( 1451): Compass CLOSE 
01-19 16:40:29.863 D/PenUtils( 3527): getDefaultPen() start 12
01-19 16:40:29.913 D/AMRNBEncoder( 1444): AMRNB ENCODER start with mode:7
01-19 16:40:29.913 D/MPEG4Writer( 1444): start MPEG4Writer::Track thread: Audio, pid=1444, tid=3550
01-19 16:40:29.923 I/MPEG4Writer( 1444): setStartTimestampUs: 196137
01-19 16:40:29.923 I/MPEG4Writer( 1444): Earliest track starting time: 196137
01-19 16:40:29.943 D/ActivityManager( 1585): isSketcherDisabledInCurrentTask():false, ActivityRecord{406a2670 uk.ac.st_andrews.cs.host.mk74.energymeasurement.microphone/.MainActivity}
01-19 16:40:29.963 D/SurfaceFlinger( 1441): getTokenForSurface(0xcf244) => 0 (client=0xac258, bitmap=00000001), pid=3538
01-19 16:40:29.983 D/msm7x30.gralloc( 1441): gpu_context_t::getGrallocInformationFromFormat  2 
01-19 16:40:29.993 W/InputManagerService( 1585): Starting input on non-focused client com.android.internal.view.IInputMethodClient$Stub$Proxy@41088b18 (uid=9999 pid=1693)
01-19 16:40:30.003 I/ActivityManager( 1585): Displayed uk.ac.st_andrews.cs.host.mk74.energymeasurement.microphone/.MainActivity: +412ms
01-19 16:40:30.023 D/msm7x30.gralloc( 1441): gpu_context_t::getGrallocInformationFromFormat  2 
01-19 16:40:30.023 D/SurfaceFlinger( 1441): virtual void android::Layer::onRemoved(): lcblk (identity=49, status=0, token=0)
01-19 16:40:30.083 D/PenUtils( 3527): getDefaultPen() end 44
01-19 16:40:30.083 I/MySketcher( 3060): onReceive: com.htc.pen.refreshed
01-19 16:40:30.093 I/MySketcher( 3060): [SketcherWorker] onStartCommand: com.htc.action.PREPARE_VARS
01-19 16:40:30.093 I/MySketcher( 3060): prepareContentVars entered
01-19 16:40:30.093 I/MySketcher( 3060):  getContentView  , in thread:3060
01-19 16:40:30.093 I/MySketcher( 3060):  ContentView null , inflate it
01-19 16:40:30.103 I/ActivityManager( 1585): No longer want com.htc.syncagent (pid 3347): hidden #16
01-19 16:40:30.133 D/PenUtils( 3060): getAllPen() start 0
01-19 16:40:30.153 I/StateManager( 3060): pen down before = false
01-19 16:40:30.274 D/dalvikvm( 3060): GC_CONCURRENT freed 359K, 7% free 6575K/7047K, paused 2ms+2ms
01-19 16:40:30.334 D/dalvikvm( 3060): GC_FOR_ALLOC freed 30K, 5% free 6708K/7047K, paused 20ms
01-19 16:40:30.384 D/dalvikvm( 3060): GC_FOR_ALLOC freed 10K, 5% free 6953K/7303K, paused 18ms
01-19 16:40:30.504 D/dalvikvm( 3060): GC_CONCURRENT freed 109K, 3% free 7362K/7559K, paused 1ms+1ms
01-19 16:40:30.584 D/PenUtils( 3060): getAllPen() start 0
01-19 16:40:30.604 D/dalvikvm( 3060): GC_CONCURRENT freed 104K, 3% free 7815K/8007K, paused 1ms+2ms
01-19 16:40:30.714 I/SimplePen( 3060): created render with defaul alpha: 180, color: -1275068161, width: 3.0
01-19 16:40:30.714 D/PenUtils( 3060): getAllPen() end 121
01-19 16:40:30.804 D/dalvikvm( 3060): GC_CONCURRENT freed 434K, 7% free 7870K/8455K, paused 1ms+1ms
01-19 16:40:30.824 I/SimplePen( 3060): created render with defaul alpha: 180, color: -1275068161, width: 3.0
01-19 16:40:30.824 D/PenUtils( 3060): getAllPen() end 88
01-19 16:40:30.824 D/PenMenu ( 3060): mPenTypeLoadingListener runnable - onFinish
01-19 16:40:30.894 D/dalvikvm( 3060): GC_FOR_ALLOC freed 73K, 7% free 8000K/8519K, paused 14ms
01-19 16:40:30.904 I/System.out( 3538): Values: 0
01-19 16:40:30.934 D/dalvikvm( 3060): GC_FOR_ALLOC freed 8K, 7% free 8110K/8647K, paused 24ms
01-19 16:40:30.964 D/dalvikvm( 3060): GC_FOR_ALLOC freed 3K, 6% free 8255K/8775K, paused 17ms
01-19 16:40:30.994 D/dalvikvm( 3060): GC_FOR_ALLOC freed 4K, 6% free 8458K/8967K, paused 15ms
01-19 16:40:31.024 D/dalvikvm( 3060): GC_FOR_ALLOC freed 36K, 6% free 8686K/9223K, paused 19ms
01-19 16:40:31.044 D/dalvikvm( 3060): GC_FOR_ALLOC freed 265K, 9% free 8770K/9543K, paused 13ms
01-19 16:40:31.134 D/dalvikvm( 3060): GC_FOR_ALLOC freed 917K, 15% free 8263K/9671K, paused 17ms
01-19 16:40:31.194 D/dalvikvm( 3060): GC_CONCURRENT freed 191K, 11% free 8662K/9671K, paused 1ms+1ms
01-19 16:40:31.224 D/dalvikvm( 3060): GC_FOR_ALLOC freed 381K, 10% free 8776K/9671K, paused 13ms
01-19 16:40:31.365 D/dalvikvm( 1684): GC_CONCURRENT freed 263K, 9% free 7890K/8647K, paused 1ms+2ms
01-19 16:40:31.915 I/System.out( 3538): Values: 5439
01-19 16:40:32.916 I/System.out( 3538): Values: 3024
01-19 16:40:33.917 I/System.out( 3538): Values: 13165
01-19 16:40:34.908 I/System.out( 3538): Values: 492
01-19 16:40:35.699 D/dalvikvm( 1693): GC_EXPLICIT freed 260K, 22% free 11159K/14151K, paused 7ms+2ms
01-19 16:40:35.909 I/System.out( 3538): Values: 9249
01-19 16:40:36.910 I/System.out( 3538): Values: 4007
01-19 16:40:37.911 I/System.out( 3538): Values: 30552
01-19 16:40:38.912 I/System.out( 3538): Values: 32767
01-19 16:40:39.913 I/System.out( 3538): Values: 21830
01-19 16:40:40.694 D/dalvikvm( 3060): GC_EXPLICIT freed 47K, 10% free 8757K/9671K, paused 6ms+1ms
01-19 16:40:40.914 I/System.out( 3538): Values: 604
01-19 16:40:41.915 I/System.out( 3538): Values: 159
01-19 16:40:42.906 I/System.out( 3538): Values: 266
01-19 16:40:43.266 D/UsbnetService( 1585): BroadcastReceiver::onReceive+
01-19 16:40:43.266 D/UsbnetService( 1585): onReceive BATTERY_CHANGED
01-19 16:40:43.266 D/UsbnetService( 1585):  --> pluggedType = 2, mPluggedType = 0, mScreenOff = false
01-19 16:40:43.266 D/UsbnetService( 1585): BroadcastReceiver::onReceive-
01-19 16:40:43.266 D/NotificationService( 1585): mIntentReceiver() Intent.ACTION_BATTERY_CHANGED
01-19 16:40:43.276 D/BatteryService( 1585): SendIntentforPowersaver
01-19 16:40:43.296 D/BatteryService( 1585): Current powersaver status == NORMAL_STATUS1 2 2 false
01-19 16:40:43.296 D/RemoveMe( 1682): DCT got intent android.intent.action.BATTERY_CHANGED
01-19 16:40:43.296 D/PowerUI ( 1656): closing low battery warning: level=99
01-19 16:40:43.306 D/RemoveMe( 1682): DCT got intent android.intent.action.BATTERY_CHANGED
01-19 16:40:43.306 D/RemoveMe( 1682): DCT got intent android.intent.action.BATTERY_CHANGED
01-19 16:40:43.306 D/PowerUI ( 1656): plugged = true, health = 2, mBatteryLevel = 99, mPluggedBatteryLevel = 99, mLowBatteryWarningLevel2 = 25, mshowLowChargingWarning2 = true
01-19 16:40:43.907 I/System.out( 3538): Values: 141
01-19 16:40:44.908 I/System.out( 3538): Values: 173
01-19 16:40:45.919 I/System.out( 3538): Values: 230
01-19 16:40:46.910 I/System.out( 3538): Values: 191
01-19 16:40:47.911 I/System.out( 3538): Values: 1055
01-19 16:40:48.912 I/System.out( 3538): Values: 279
01-19 16:40:49.913 I/System.out( 3538): Values: 245
01-19 16:40:50.904 I/System.out( 3538): Values: 1022
01-19 16:40:51.915 I/System.out( 3538): Values: 917
01-19 16:40:52.906 I/System.out( 3538): Values: 165
01-19 16:40:53.917 I/System.out( 3538): Values: 1074
01-19 16:40:54.908 I/System.out( 3538): Values: 157
01-19 16:40:55.909 I/System.out( 3538): Values: 883
01-19 16:40:56.920 I/System.out( 3538): Values: 195
01-19 16:40:57.921 I/System.out( 3538): Values: 284
01-19 16:40:58.921 I/System.out( 3538): Values: 3411
01-19 16:40:59.922 I/System.out( 3538): Values: 325
01-19 16:41:00.923 I/System.out( 3538): Values: 745
01-19 16:41:01.924 I/System.out( 3538): Values: 729
01-19 16:41:02.915 I/System.out( 3538): Values: 153
01-19 16:41:03.916 I/System.out( 3538): Values: 168
01-19 16:41:04.917 I/System.out( 3538): Values: 221
01-19 16:41:05.918 I/System.out( 3538): Values: 1311
01-19 16:41:06.919 I/System.out( 3538): Values: 218
01-19 16:41:07.920 I/System.out( 3538): Values: 935
01-19 16:41:08.921 I/System.out( 3538): Values: 950
01-19 16:41:09.922 I/System.out( 3538): Values: 32767
01-19 16:41:10.923 I/System.out( 3538): Values: 14743
01-19 16:41:11.924 I/System.out( 3538): Values: 6729
01-19 16:41:12.915 I/System.out( 3538): Values: 677
01-19 16:41:13.316 D/UsbnetService( 1585): BroadcastReceiver::onReceive+
01-19 16:41:13.316 D/UsbnetService( 1585): onReceive BATTERY_CHANGED
01-19 16:41:13.326 D/UsbnetService( 1585):  --> pluggedType = 2, mPluggedType = 0, mScreenOff = false
01-19 16:41:13.326 D/UsbnetService( 1585): BroadcastReceiver::onReceive-
01-19 16:41:13.326 D/NotificationService( 1585): mIntentReceiver() Intent.ACTION_BATTERY_CHANGED
01-19 16:41:13.336 D/BatteryService( 1585): SendIntentforPowersaver
01-19 16:41:13.336 D/BatteryService( 1585): Current powersaver status == NORMAL_STATUS1 2 2 false
01-19 16:41:13.336 D/RemoveMe( 1682): DCT got intent android.intent.action.BATTERY_CHANGED
01-19 16:41:13.336 D/RemoveMe( 1682): DCT got intent android.intent.action.BATTERY_CHANGED
01-19 16:41:13.336 D/PowerUI ( 1656): closing low battery warning: level=98
01-19 16:41:13.336 D/PowerUI ( 1656): plugged = true, health = 2, mBatteryLevel = 98, mPluggedBatteryLevel = 99, mLowBatteryWarningLevel2 = 25, mshowLowChargingWarning2 = true
01-19 16:41:13.346 D/RemoveMe( 1682): DCT got intent android.intent.action.BATTERY_CHANGED
01-19 16:41:13.916 I/System.out( 3538): Values: 976
01-19 16:41:13.916 I/System.out( 3538): Battery level start is reached
01-19 16:41:14.917 I/System.out( 3538): Values: 137
01-19 16:41:15.918 I/System.out( 3538): Values: 1103
01-19 16:41:16.919 I/System.out( 3538): Values: 149
01-19 16:41:17.920 I/System.out( 3538): Values: 1045
01-19 16:41:18.921 I/System.out( 3538): Values: 782
01-19 16:41:19.922 I/System.out( 3538): Values: 165
01-19 16:41:20.923 I/System.out( 3538): Values: 156
01-19 16:41:21.914 I/System.out( 3538): Values: 840
01-19 16:41:22.915 I/System.out( 3538): Values: 345
01-19 16:41:23.926 I/System.out( 3538): Values: 599
01-19 16:41:24.917 I/System.out( 3538): Values: 204
01-19 16:41:25.918 I/System.out( 3538): Values: 538
01-19 16:41:26.919 I/System.out( 3538): Values: 817
01-19 16:41:27.920 I/System.out( 3538): Values: 146
01-19 16:41:28.931 I/System.out( 3538): Values: 926
01-19 16:41:29.932 I/System.out( 3538): Values: 471
01-19 16:41:30.933 I/System.out( 3538): Values: 302
01-19 16:41:31.914 I/System.out( 3538): Values: 1510
01-19 16:41:32.915 I/System.out( 3538): Values: 692
01-19 16:41:33.926 I/System.out( 3538): Values: 4895
01-19 16:41:34.927 I/System.out( 3538): Values: 2975
01-19 16:41:35.928 I/System.out( 3538): Values: 4675
01-19 16:41:36.929 I/System.out( 3538): Values: 4858
01-19 16:41:37.930 I/System.out( 3538): Values: 3780
01-19 16:41:38.931 I/System.out( 3538): Values: 6408
01-19 16:41:39.931 I/System.out( 3538): Values: 1112
01-19 16:41:40.932 I/System.out( 3538): Values: 365
01-19 16:41:41.933 I/System.out( 3538): Values: 2559
01-19 16:41:42.924 I/System.out( 3538): Values: 1686
01-19 16:41:43.315 D/UsbnetService( 1585): BroadcastReceiver::onReceive+
01-19 16:41:43.315 D/UsbnetService( 1585): onReceive BATTERY_CHANGED
01-19 16:41:43.315 D/UsbnetService( 1585):  --> pluggedType = 2, mPluggedType = 0, mScreenOff = false
01-19 16:41:43.315 D/UsbnetService( 1585): BroadcastReceiver::onReceive-
01-19 16:41:43.325 D/NotificationService( 1585): mIntentReceiver() Intent.ACTION_BATTERY_CHANGED
01-19 16:41:43.335 D/BatteryService( 1585): SendIntentforPowersaver
01-19 16:41:43.335 D/BatteryService( 1585): Current powersaver status == NORMAL_STATUS1 2 2 false
01-19 16:41:43.345 D/PowerUI ( 1656): closing low battery warning: level=98
01-19 16:41:43.355 D/RemoveMe( 1682): DCT got intent android.intent.action.BATTERY_CHANGED
01-19 16:41:43.355 D/PowerUI ( 1656): plugged = true, health = 2, mBatteryLevel = 98, mPluggedBatteryLevel = 99, mLowBatteryWarningLevel2 = 25, mshowLowChargingWarning2 = true
01-19 16:41:43.365 D/RemoveMe( 1682): DCT got intent android.intent.action.BATTERY_CHANGED
01-19 16:41:43.405 D/RemoveMe( 1682): DCT got intent android.intent.action.BATTERY_CHANGED
01-19 16:41:43.925 I/System.out( 3538): Values: 164
01-19 16:41:44.926 I/System.out( 3538): Values: 2001
01-19 16:41:45.927 I/System.out( 3538): Values: 1319
01-19 16:41:46.928 I/System.out( 3538): Values: 147
01-19 16:41:47.929 I/System.out( 3538): Values: 154
01-19 16:41:48.930 I/System.out( 3538): Values: 2832
01-19 16:41:49.931 I/System.out( 3538): Values: 714
01-19 16:41:50.932 I/System.out( 3538): Values: 4098
01-19 16:41:51.933 I/System.out( 3538): Values: 3694
01-19 16:41:52.924 I/System.out( 3538): Values: 179
01-19 16:41:53.935 I/System.out( 3538): Values: 2761
01-19 16:41:54.926 I/System.out( 3538): Values: 1480
01-19 16:41:55.937 I/System.out( 3538): Values: 1667
01-19 16:41:56.938 I/System.out( 3538): Values: 3731
01-19 16:41:57.939 I/System.out( 3538): Values: 1349
01-19 16:41:58.940 I/System.out( 3538): Values: 1476
01-19 16:41:59.941 I/System.out( 3538): Values: 143
01-19 16:42:00.942 I/System.out( 3538): Values: 3052
01-19 16:42:01.963 I/System.out( 3538): Values: 2060
01-19 16:42:02.934 I/System.out( 3538): Values: 2209
01-19 16:42:03.935 I/System.out( 3538): Values: 2590
01-19 16:42:04.936 I/System.out( 3538): Values: 1836
01-19 16:42:05.086 D/dalvikvm( 1693): GC_EXPLICIT freed 5K, 22% free 11155K/14151K, paused 1ms+2ms
01-19 16:42:05.937 I/System.out( 3538): Values: 2701
01-19 16:42:06.948 I/System.out( 3538): Values: 2301
01-19 16:42:07.939 I/System.out( 3538): Values: 2053
01-19 16:42:08.940 I/System.out( 3538): Values: 2181
01-19 16:42:09.941 I/System.out( 3538): Values: 5744
01-19 16:42:10.942 I/System.out( 3538): Values: 3183
01-19 16:42:11.943 I/System.out( 3538): Values: 1969
01-19 16:42:12.934 I/System.out( 3538): Values: 380
01-19 16:42:13.364 D/UsbnetService( 1585): BroadcastReceiver::onReceive+
01-19 16:42:13.364 D/UsbnetService( 1585): onReceive BATTERY_CHANGED
01-19 16:42:13.364 D/UsbnetService( 1585):  --> pluggedType = 2, mPluggedType = 0, mScreenOff = false
01-19 16:42:13.364 D/UsbnetService( 1585): BroadcastReceiver::onReceive-
01-19 16:42:13.374 D/NotificationService( 1585): mIntentReceiver() Intent.ACTION_BATTERY_CHANGED
01-19 16:42:13.374 D/PowerUI ( 1656): closing low battery warning: level=98
01-19 16:42:13.374 D/RemoveMe( 1682): DCT got intent android.intent.action.BATTERY_CHANGED
01-19 16:42:13.374 D/PowerUI ( 1656): plugged = true, health = 2, mBatteryLevel = 98, mPluggedBatteryLevel = 99, mLowBatteryWarningLevel2 = 25, mshowLowChargingWarning2 = true
01-19 16:42:13.384 D/BatteryService( 1585): SendIntentforPowersaver
01-19 16:42:13.384 D/BatteryService( 1585): Current powersaver status == NORMAL_STATUS1 2 2 false
01-19 16:42:13.384 D/RemoveMe( 1682): DCT got intent android.intent.action.BATTERY_CHANGED
01-19 16:42:13.394 D/RemoveMe( 1682): DCT got intent android.intent.action.BATTERY_CHANGED
01-19 16:42:13.404 D/dalvikvm( 1656): GC_CONCURRENT freed 580K, 8% free 8495K/9223K, paused 1ms+1ms
01-19 16:42:13.935 I/System.out( 3538): Values: 1216
01-19 16:42:14.936 I/System.out( 3538): Values: 2350
01-19 16:42:15.937 I/System.out( 3538): Values: 2465
01-19 16:42:16.938 I/System.out( 3538): Values: 3054
01-19 16:42:17.959 I/System.out( 3538): Values: 2060
01-19 16:42:18.950 I/System.out( 3538): Values: 3247
01-19 16:42:19.951 I/System.out( 3538): Values: 4032
01-19 16:42:20.952 I/System.out( 3538): Values: 6935
01-19 16:42:21.952 I/System.out( 3538): Values: 2278
01-19 16:42:22.953 I/System.out( 3538): Values: 8297
01-19 16:42:23.944 I/System.out( 3538): Values: 13287
01-19 16:42:24.945 I/System.out( 3538): Values: 8335
01-19 16:42:25.946 I/System.out( 3538): Values: 404
01-19 16:42:26.947 I/System.out( 3538): Values: 1177
01-19 16:42:27.948 I/System.out( 3538): Values: 21592
01-19 16:42:28.949 I/System.out( 3538): Values: 13263
01-19 16:42:29.950 I/System.out( 3538): Values: 2504
01-19 16:42:30.951 I/System.out( 3538): Values: 160
01-19 16:42:31.952 I/System.out( 3538): Values: 173
01-19 16:42:32.953 I/System.out( 3538): Values: 146
01-19 16:42:33.944 I/System.out( 3538): Values: 359
01-19 16:42:34.945 I/System.out( 3538): Values: 825
01-19 16:42:35.946 I/System.out( 3538): Values: 13566
01-19 16:42:36.947 I/System.out( 3538): Values: 28970
01-19 16:42:37.948 I/System.out( 3538): Values: 152
01-19 16:42:38.949 I/System.out( 3538): Values: 187
01-19 16:42:39.970 I/System.out( 3538): Values: 716
01-19 16:42:40.961 I/System.out( 3538): Values: 313
01-19 16:42:41.962 I/System.out( 3538): Values: 349
01-19 16:42:42.963 I/System.out( 3538): Values: 153
01-19 16:42:43.393 D/UsbnetService( 1585): BroadcastReceiver::onReceive+
01-19 16:42:43.393 D/UsbnetService( 1585): onReceive BATTERY_CHANGED
01-19 16:42:43.393 D/UsbnetService( 1585):  --> pluggedType = 2, mPluggedType = 0, mScreenOff = false
01-19 16:42:43.393 D/UsbnetService( 1585): BroadcastReceiver::onReceive-
01-19 16:42:43.403 D/NotificationService( 1585): mIntentReceiver() Intent.ACTION_BATTERY_CHANGED
01-19 16:42:43.433 D/BatteryService( 1585): SendIntentforPowersaver
01-19 16:42:43.443 D/BatteryService( 1585): Current powersaver status == NORMAL_STATUS1 2 2 false
01-19 16:42:43.453 D/RemoveMe( 1682): DCT got intent android.intent.action.BATTERY_CHANGED
01-19 16:42:43.453 D/RemoveMe( 1682): DCT got intent android.intent.action.BATTERY_CHANGED
01-19 16:42:43.453 D/RemoveMe( 1682): DCT got intent android.intent.action.BATTERY_CHANGED
01-19 16:42:43.453 D/PowerUI ( 1656): closing low battery warning: level=98
01-19 16:42:43.453 D/PowerUI ( 1656): plugged = true, health = 2, mBatteryLevel = 98, mPluggedBatteryLevel = 99, mLowBatteryWarningLevel2 = 25, mshowLowChargingWarning2 = true
01-19 16:42:43.954 I/System.out( 3538): Values: 17949
01-19 16:42:44.955 I/System.out( 3538): Values: 954
01-19 16:42:45.956 I/System.out( 3538): Values: 691
01-19 16:42:46.957 I/System.out( 3538): Values: 5647
01-19 16:42:47.958 I/System.out( 3538): Values: 29938
01-19 16:42:48.959 I/System.out( 3538): Values: 962
01-19 16:42:49.960 I/System.out( 3538): Values: 2060
01-19 16:42:50.961 I/System.out( 3538): Values: 3360
01-19 16:42:51.962 I/System.out( 3538): Values: 28873
01-19 16:42:52.963 I/System.out( 3538): Values: 28615
01-19 16:42:53.954 I/System.out( 3538): Values: 15939
01-19 16:42:54.955 I/System.out( 3538): Values: 3484
01-19 16:42:55.956 I/System.out( 3538): Values: 4489
01-19 16:42:56.957 I/System.out( 3538): Values: 4659
01-19 16:42:57.958 I/System.out( 3538): Values: 28240
01-19 16:42:58.959 I/System.out( 3538): Values: 16170
01-19 16:42:59.960 I/System.out( 3538): Values: 8744
01-19 16:43:00.961 I/System.out( 3538): Values: 404
01-19 16:43:01.962 I/System.out( 3538): Values: 2799
01-19 16:43:02.072 D/dalvikvm( 3538): GC_CONCURRENT freed 342K, 7% free 6550K/6983K, paused 4ms+5ms
01-19 16:43:02.963 I/System.out( 3538): Values: 528
01-19 16:43:03.963 I/System.out( 3538): Values: 310
01-19 16:43:04.954 I/System.out( 3538): Values: 205
01-19 16:43:05.955 I/System.out( 3538): Values: 257
01-19 16:43:06.956 I/System.out( 3538): Values: 212
01-19 16:43:07.957 I/System.out( 3538): Values: 645
01-19 16:43:08.958 I/System.out( 3538): Values: 153
01-19 16:43:09.959 I/System.out( 3538): Values: 806
01-19 16:43:10.960 I/System.out( 3538): Values: 178
01-19 16:43:11.971 I/System.out( 3538): Values: 299
01-19 16:43:12.972 I/System.out( 3538): Values: 695
01-19 16:43:13.433 D/UsbnetService( 1585): BroadcastReceiver::onReceive+
01-19 16:43:13.433 D/UsbnetService( 1585): onReceive BATTERY_CHANGED
01-19 16:43:13.433 D/UsbnetService( 1585):  --> pluggedType = 2, mPluggedType = 0, mScreenOff = false
01-19 16:43:13.433 D/UsbnetService( 1585): BroadcastReceiver::onReceive-
01-19 16:43:13.433 D/NotificationService( 1585): mIntentReceiver() Intent.ACTION_BATTERY_CHANGED
01-19 16:43:13.453 D/BatteryService( 1585): SendIntentforPowersaver
01-19 16:43:13.453 D/BatteryService( 1585): Current powersaver status == NORMAL_STATUS1 2 2 false
01-19 16:43:13.453 D/PowerUI ( 1656): closing low battery warning: level=98
01-19 16:43:13.463 D/RemoveMe( 1682): DCT got intent android.intent.action.BATTERY_CHANGED
01-19 16:43:13.463 D/PowerUI ( 1656): plugged = true, health = 2, mBatteryLevel = 98, mPluggedBatteryLevel = 99, mLowBatteryWarningLevel2 = 25, mshowLowChargingWarning2 = true
01-19 16:43:13.473 D/RemoveMe( 1682): DCT got intent android.intent.action.BATTERY_CHANGED
01-19 16:43:13.483 D/RemoveMe( 1682): DCT got intent android.intent.action.BATTERY_CHANGED
01-19 16:43:13.973 I/System.out( 3538): Values: 480
01-19 16:43:14.964 I/System.out( 3538): Values: 178
01-19 16:43:15.965 I/System.out( 3538): Values: 227
01-19 16:43:16.966 I/System.out( 3538): Values: 221
01-19 16:43:17.967 I/System.out( 3538): Values: 184
01-19 16:43:18.968 I/System.out( 3538): Values: 215
01-19 16:43:19.969 I/System.out( 3538): Values: 150
01-19 16:43:20.970 I/System.out( 3538): Values: 163
01-19 16:43:21.971 I/System.out( 3538): Values: 1574
01-19 16:43:22.972 I/System.out( 3538): Values: 174
01-19 16:43:23.973 I/System.out( 3538): Values: 148
01-19 16:43:24.964 I/System.out( 3538): Values: 165
01-19 16:43:25.965 I/System.out( 3538): Values: 183
01-19 16:43:26.966 I/System.out( 3538): Values: 790
01-19 16:43:27.967 I/System.out( 3538): Values: 203
01-19 16:43:28.968 I/System.out( 3538): Values: 337
01-19 16:43:29.969 I/System.out( 3538): Values: 160
01-19 16:43:30.970 I/System.out( 3538): Values: 322
01-19 16:43:31.971 I/System.out( 3538): Values: 152
01-19 16:43:32.972 I/System.out( 3538): Values: 159
01-19 16:43:33.973 I/System.out( 3538): Values: 142
01-19 16:43:34.964 I/System.out( 3538): Values: 167
01-19 16:43:35.965 I/System.out( 3538): Values: 181
01-19 16:43:36.966 I/System.out( 3538): Values: 146
01-19 16:43:37.967 I/System.out( 3538): Values: 152
01-19 16:43:38.968 I/System.out( 3538): Values: 144
01-19 16:43:39.969 I/System.out( 3538): Values: 166
01-19 16:43:40.970 I/System.out( 3538): Values: 215
01-19 16:43:41.971 I/System.out( 3538): Values: 429
01-19 16:43:42.972 I/System.out( 3538): Values: 208
01-19 16:43:43.482 D/UsbnetService( 1585): BroadcastReceiver::onReceive+
01-19 16:43:43.482 D/UsbnetService( 1585): onReceive BATTERY_CHANGED
01-19 16:43:43.482 D/UsbnetService( 1585):  --> pluggedType = 2, mPluggedType = 0, mScreenOff = false
01-19 16:43:43.482 D/UsbnetService( 1585): BroadcastReceiver::onReceive-
01-19 16:43:43.482 D/NotificationService( 1585): mIntentReceiver() Intent.ACTION_BATTERY_CHANGED
01-19 16:43:43.502 D/BatteryService( 1585): SendIntentforPowersaver
01-19 16:43:43.502 D/BatteryService( 1585): Current powersaver status == NORMAL_STATUS1 2 2 false
01-19 16:43:43.502 D/RemoveMe( 1682): DCT got intent android.intent.action.BATTERY_CHANGED
01-19 16:43:43.502 D/PowerUI ( 1656): closing low battery warning: level=98
01-19 16:43:43.512 D/RemoveMe( 1682): DCT got intent android.intent.action.BATTERY_CHANGED
01-19 16:43:43.512 D/RemoveMe( 1682): DCT got intent android.intent.action.BATTERY_CHANGED
01-19 16:43:43.512 D/PowerUI ( 1656): plugged = true, health = 2, mBatteryLevel = 98, mPluggedBatteryLevel = 99, mLowBatteryWarningLevel2 = 25, mshowLowChargingWarning2 = true
01-19 16:43:43.973 I/System.out( 3538): Values: 153
01-19 16:43:44.973 I/System.out( 3538): Values: 180
01-19 16:43:45.964 I/System.out( 3538): Values: 160
01-19 16:43:46.965 I/System.out( 3538): Values: 362
01-19 16:43:47.966 I/System.out( 3538): Values: 193
01-19 16:43:48.967 I/System.out( 3538): Values: 336
01-19 16:43:49.968 I/System.out( 3538): Values: 828
01-19 16:43:50.969 I/System.out( 3538): Values: 828
01-19 16:43:51.980 I/System.out( 3538): Values: 1451
01-19 16:43:52.981 I/System.out( 3538): Values: 1274
01-19 16:43:53.982 I/System.out( 3538): Values: 177
01-19 16:43:54.983 I/System.out( 3538): Values: 8435
01-19 16:43:55.974 I/System.out( 3538): Values: 2615
01-19 16:43:56.975 I/System.out( 3538): Values: 384
01-19 16:43:57.976 I/System.out( 3538): Values: 246
01-19 16:43:58.977 I/System.out( 3538): Values: 15255
01-19 16:43:59.978 I/System.out( 3538): Values: 32184
01-19 16:44:00.979 I/System.out( 3538): Values: 469
01-19 16:44:01.980 I/System.out( 3538): Values: 3014
01-19 16:44:02.981 I/System.out( 3538): Values: 2345
01-19 16:44:03.982 I/System.out( 3538): Values: 975
01-19 16:44:04.983 I/System.out( 3538): Values: 778
01-19 16:44:05.163 D/dalvikvm( 1693): GC_EXPLICIT freed 1K, 22% free 11155K/14151K, paused 8ms+3ms
01-19 16:44:05.974 I/System.out( 3538): Values: 1398
01-19 16:44:06.975 I/System.out( 3538): Values: 410
01-19 16:44:07.976 I/System.out( 3538): Values: 26381
01-19 16:44:08.977 I/System.out( 3538): Values: 8299
01-19 16:44:09.978 I/System.out( 3538): Values: 4660
01-19 16:44:10.979 I/System.out( 3538): Values: 2691
01-19 16:44:11.980 I/System.out( 3538): Values: 403
01-19 16:44:13.001 I/System.out( 3538): Values: 791
01-19 16:44:14.002 I/System.out( 3538): Values: 182
01-19 16:44:15.003 I/System.out( 3538): Values: 173
01-19 16:44:15.994 I/System.out( 3538): Values: 179
01-19 16:44:16.995 I/System.out( 3538): Values: 158
01-19 16:44:17.996 I/System.out( 3538): Values: 139
01-19 16:44:18.997 I/System.out( 3538): Values: 138
01-19 16:44:19.998 I/System.out( 3538): Values: 160
01-19 16:44:20.999 I/System.out( 3538): Values: 244
01-19 16:44:22.010 I/System.out( 3538): Values: 2103
01-19 16:44:23.011 I/System.out( 3538): Values: 2023
01-19 16:44:24.012 I/System.out( 3538): Values: 218
01-19 16:44:25.013 I/System.out( 3538): Values: 275
01-19 16:44:26.014 I/System.out( 3538): Values: 492
01-19 16:44:27.004 I/System.out( 3538): Values: 9079
01-19 16:44:28.005 I/System.out( 3538): Values: 374
01-19 16:44:29.006 I/System.out( 3538): Values: 170
01-19 16:44:30.007 I/System.out( 3538): Values: 376
01-19 16:44:31.008 I/System.out( 3538): Values: 151
01-19 16:44:32.009 I/System.out( 3538): Values: 5843
01-19 16:44:33.010 I/System.out( 3538): Values: 165
01-19 16:44:34.011 I/System.out( 3538): Values: 733
01-19 16:44:35.012 I/System.out( 3538): Values: 949
01-19 16:44:36.013 I/System.out( 3538): Values: 232
01-19 16:44:37.004 I/System.out( 3538): Values: 207
01-19 16:44:38.005 I/System.out( 3538): Values: 371
01-19 16:44:39.006 I/System.out( 3538): Values: 291
01-19 16:44:40.007 I/System.out( 3538): Values: 160
01-19 16:44:41.008 I/System.out( 3538): Values: 144
01-19 16:44:42.009 I/System.out( 3538): Values: 170
01-19 16:44:43.010 I/System.out( 3538): Values: 137
01-19 16:44:44.011 I/System.out( 3538): Values: 156
01-19 16:44:45.012 I/System.out( 3538): Values: 236
01-19 16:44:46.023 I/System.out( 3538): Values: 252
01-19 16:44:47.014 I/System.out( 3538): Values: 422
01-19 16:44:48.015 I/System.out( 3538): Values: 363
01-19 16:44:49.016 I/System.out( 3538): Values: 1835
01-19 16:44:50.017 I/System.out( 3538): Values: 771
01-19 16:44:51.018 I/System.out( 3538): Values: 178
01-19 16:44:52.019 I/System.out( 3538): Values: 173
01-19 16:44:53.020 I/System.out( 3538): Values: 474
01-19 16:44:54.021 I/System.out( 3538): Values: 198
01-19 16:44:55.022 I/System.out( 3538): Values: 170
01-19 16:44:56.043 I/System.out( 3538): Values: 217
01-19 16:44:57.014 I/System.out( 3538): Values: 202
01-19 16:44:58.015 I/System.out( 3538): Values: 416
01-19 16:44:59.016 I/System.out( 3538): Values: 172
01-19 16:45:00.017 I/System.out( 3538): Values: 146
01-19 16:45:01.018 I/System.out( 3538): Values: 145
01-19 16:45:02.019 I/System.out( 3538): Values: 288
01-19 16:45:03.020 I/System.out( 3538): Values: 536
01-19 16:45:04.021 I/System.out( 3538): Values: 357
01-19 16:45:05.022 I/System.out( 3538): Values: 318
01-19 16:45:06.023 I/System.out( 3538): Values: 402
01-19 16:45:07.034 I/System.out( 3538): Values: 564
01-19 16:45:08.015 I/System.out( 3538): Values: 388
01-19 16:45:09.015 I/System.out( 3538): Values: 365
01-19 16:45:10.016 I/System.out( 3538): Values: 370
01-19 16:45:11.017 I/System.out( 3538): Values: 317
01-19 16:45:12.018 I/System.out( 3538): Values: 324
01-19 16:45:13.019 I/System.out( 3538): Values: 313
01-19 16:45:13.540 D/UsbnetService( 1585): BroadcastReceiver::onReceive+
01-19 16:45:13.540 D/UsbnetService( 1585): onReceive BATTERY_CHANGED
01-19 16:45:13.540 D/UsbnetService( 1585):  --> pluggedType = 2, mPluggedType = 0, mScreenOff = false
01-19 16:45:13.540 D/UsbnetService( 1585): BroadcastReceiver::onReceive-
01-19 16:45:13.550 D/NotificationService( 1585): mIntentReceiver() Intent.ACTION_BATTERY_CHANGED
01-19 16:45:13.570 D/BatteryService( 1585): SendIntentforPowersaver
01-19 16:45:13.570 D/BatteryService( 1585): Current powersaver status == NORMAL_STATUS1 2 2 false
01-19 16:45:13.570 D/PowerUI ( 1656): closing low battery warning: level=97
01-19 16:45:13.570 D/PowerUI ( 1656): plugged = true, health = 2, mBatteryLevel = 97, mPluggedBatteryLevel = 99, mLowBatteryWarningLevel2 = 25, mshowLowChargingWarning2 = true
01-19 16:45:13.580 D/RemoveMe( 1682): DCT got intent android.intent.action.BATTERY_CHANGED
01-19 16:45:13.580 D/RemoveMe( 1682): DCT got intent android.intent.action.BATTERY_CHANGED
01-19 16:45:13.580 D/RemoveMe( 1682): DCT got intent android.intent.action.BATTERY_CHANGED
01-19 16:45:14.020 I/System.out( 3538): Values: 455
01-19 16:45:14.030 I/System.out( 3538): Battery level end is reached
01-19 16:45:14.030 I/System.out( 3538): Time difference in secs is: 240
01-19 16:45:15.031 I/System.out( 3538): Values: 471
01-19 16:45:15.031 I/System.out( 3538): Time difference in secs is: 240
01-19 16:45:16.032 I/System.out( 3538): Values: 437
01-19 16:45:16.032 I/System.out( 3538): Time difference in secs is: 240
01-19 16:45:17.033 I/System.out( 3538): Values: 327
01-19 16:45:17.033 I/System.out( 3538): Time difference in secs is: 240
01-19 16:45:18.024 I/System.out( 3538): Values: 2090
01-19 16:45:18.024 I/System.out( 3538): Time difference in secs is: 240
01-19 16:45:19.025 I/System.out( 3538): Values: 599
01-19 16:45:19.025 I/System.out( 3538): Time difference in secs is: 240
01-19 16:45:20.026 I/System.out( 3538): Values: 646
01-19 16:45:20.026 I/System.out( 3538): Time difference in secs is: 240
01-19 16:45:21.027 I/System.out( 3538): Values: 348
01-19 16:45:21.027 I/System.out( 3538): Time difference in secs is: 240
01-19 16:45:21.708 D/SntpClient( 1585): requestTime: called by Thread[ThrottleService,5,main], failed: java.net.UnknownHostException: Unable to resolve host "north-america.pool.ntp.org": No address associated with hostname
01-19 16:45:21.708 D/NetdConnector( 1585): listenToSocket read--: (6,0)
01-19 16:45:21.708 D/NetdConnector( 1585): RCV <- {216 0}
01-19 16:45:21.718 D/NetdConnector( 1585): listenToSocket read++
01-19 16:45:21.718 D/NetdConnector( 1585): doCommand++ (Wait Response)
01-19 16:45:21.718 D/NetdConnector( 1585): RSP <- {216 0}
01-19 16:45:21.718 D/NetdConnector( 1585): miNoRespCnt=0
01-19 16:45:21.718 D/NetdConnector( 1585): doCommand-- (complete)
01-19 16:45:21.718 D/NetdConnector( 1585): listenToSocket read--: (6,0)
01-19 16:45:21.718 D/NetdConnector( 1585): RCV <- {217 0}
01-19 16:45:21.718 D/NetdConnector( 1585): doCommand++ (Wait Response)
01-19 16:45:21.728 D/NetdConnector( 1585): listenToSocket read++
01-19 16:45:21.728 D/NetdConnector( 1585): RSP <- {217 0}
01-19 16:45:21.728 D/NetdConnector( 1585): miNoRespCnt=0
01-19 16:45:21.728 D/NetdConnector( 1585): doCommand-- (complete)
01-19 16:45:21.768 D/SntpClient( 1585): requestTime: called by Thread[ThrottleService,5,main], failed: java.net.UnknownHostException: Unable to resolve host "north-america.pool.ntp.org": No address associated with hostname
01-19 16:45:21.778 D/SntpClient( 1585): requestTime: called by Thread[ThrottleService,5,main], failed: java.net.UnknownHostException: Unable to resolve host "north-america.pool.ntp.org": No address associated with hostname
01-19 16:45:22.028 I/System.out( 3538): Values: 385
01-19 16:45:22.028 I/System.out( 3538): Time difference in secs is: 240
01-19 16:45:23.029 I/System.out( 3538): Values: 365
01-19 16:45:23.029 I/System.out( 3538): Time difference in secs is: 240
01-19 16:45:24.030 I/System.out( 3538): Values: 3085
01-19 16:45:24.030 I/System.out( 3538): Time difference in secs is: 240
01-19 16:45:24.230 I/EventLogService( 1721): Aggregate from 1390148121173 (log), 1390148121173 (data)
01-19 16:45:25.031 I/System.out( 3538): Values: 352
01-19 16:45:25.031 I/System.out( 3538): Time difference in secs is: 240
01-19 16:45:26.032 I/System.out( 3538): Values: 325
01-19 16:45:26.032 I/System.out( 3538): Time difference in secs is: 240
01-19 16:45:27.033 I/System.out( 3538): Values: 611
01-19 16:45:27.033 I/System.out( 3538): Time difference in secs is: 240
01-19 16:45:28.024 I/System.out( 3538): Values: 1473
01-19 16:45:28.024 I/System.out( 3538): Time difference in secs is: 240
01-19 16:45:29.025 I/System.out( 3538): Values: 752
01-19 16:45:29.055 I/System.out( 3538): Time difference in secs is: 240
01-19 16:45:30.026 I/System.out( 3538): Values: 428
01-19 16:45:30.026 I/System.out( 3538): Time difference in secs is: 240
01-19 16:45:31.027 I/System.out( 3538): Values: 186
01-19 16:45:31.027 I/System.out( 3538): Time difference in secs is: 240
01-19 16:45:32.028 I/System.out( 3538): Values: 200
01-19 16:45:32.028 I/System.out( 3538): Time difference in secs is: 240
01-19 16:45:33.029 I/System.out( 3538): Values: 717
01-19 16:45:33.039 I/System.out( 3538): Time difference in secs is: 240
01-19 16:45:34.030 I/System.out( 3538): Values: 626
01-19 16:45:34.050 I/System.out( 3538): Time difference in secs is: 240
01-19 16:45:35.031 I/System.out( 3538): Values: 245
01-19 16:45:35.041 I/System.out( 3538): Time difference in secs is: 240
01-19 16:45:36.032 I/System.out( 3538): Values: 10251
01-19 16:45:36.042 I/System.out( 3538): Time difference in secs is: 240
01-19 16:45:37.033 I/System.out( 3538): Values: 400
01-19 16:45:37.043 I/System.out( 3538): Time difference in secs is: 240
01-19 16:45:38.024 I/System.out( 3538): Values: 230
01-19 16:45:38.034 I/System.out( 3538): Time difference in secs is: 240
01-19 16:45:39.025 I/System.out( 3538): Values: 354
01-19 16:45:39.035 I/System.out( 3538): Time difference in secs is: 240
01-19 16:45:40.026 I/System.out( 3538): Values: 19150
01-19 16:45:40.036 I/System.out( 3538): Time difference in secs is: 240
01-19 16:45:41.027 I/System.out( 3538): Values: 1677
01-19 16:45:41.037 I/System.out( 3538): Time difference in secs is: 240
01-19 16:45:42.028 I/System.out( 3538): Values: 1143
01-19 16:45:42.038 I/System.out( 3538): Time difference in secs is: 240
01-19 16:45:43.039 I/System.out( 3538): Values: 1200
01-19 16:45:43.039 I/System.out( 3538): Time difference in secs is: 240
01-19 16:45:43.559 D/UsbnetService( 1585): BroadcastReceiver::onReceive+
01-19 16:45:43.559 D/UsbnetService( 1585): onReceive BATTERY_CHANGED
01-19 16:45:43.559 D/UsbnetService( 1585):  --> pluggedType = 2, mPluggedType = 0, mScreenOff = false
01-19 16:45:43.569 D/UsbnetService( 1585): BroadcastReceiver::onReceive-
01-19 16:45:43.569 D/NotificationService( 1585): mIntentReceiver() Intent.ACTION_BATTERY_CHANGED
01-19 16:45:43.579 D/BatteryService( 1585): SendIntentforPowersaver
01-19 16:45:43.579 D/BatteryService( 1585): Current powersaver status == NORMAL_STATUS1 2 2 false
01-19 16:45:43.589 D/RemoveMe( 1682): DCT got intent android.intent.action.BATTERY_CHANGED
01-19 16:45:43.589 D/PowerUI ( 1656): closing low battery warning: level=97
01-19 16:45:43.599 D/RemoveMe( 1682): DCT got intent android.intent.action.BATTERY_CHANGED
01-19 16:45:43.599 D/PowerUI ( 1656): plugged = true, health = 2, mBatteryLevel = 97, mPluggedBatteryLevel = 99, mLowBatteryWarningLevel2 = 25, mshowLowChargingWarning2 = true
