01-16 19:10:45.618 D/RemoveMe( 1667): DCT got intent android.intent.action.BATTERY_CHANGED
01-16 19:10:45.618 D/lights  ( 1576): [LedInfo] write attr ok name=/sys/class/leds/amber/blink string=0,len=1
01-16 19:10:45.618 D/RemoveMe( 1667): DCT got intent android.intent.action.BATTERY_CHANGED
01-16 19:10:45.618 D/lights  ( 1576): [LedInfo] write attr ok name=/sys/class/leds/amber/off_timer string=0 0,len=3
01-16 19:10:45.618 D/BatteryService( 1576): SendIntentforPowersaver
01-16 19:10:45.618 D/PowerUI ( 1649): closing low battery warning: level=97
01-16 19:10:45.618 D/PowerUI ( 1649): plugged = true, health = 2, mBatteryLevel = 97, mPluggedBatteryLevel = 97, mLowBatteryWarningLevel2 = 25, mshowLowChargingWarning2 = true
01-16 19:10:45.628 D/RemoveMe( 1667): DCT got intent android.intent.action.BATTERY_CHANGED
01-16 19:10:45.628 D/lights  ( 1576): [LedInfo] write attr ok name=/sys/class/leds/green/brightness string=0,len=1
01-16 19:10:45.628 D/BatteryService( 1576): Current powersaver status == NORMAL_STATUS1 2 2 false
01-16 19:10:45.628 D/lights  ( 1576): [LedInfo] write attr ok name=/sys/class/leds/green/blink string=0,len=1
01-16 19:10:45.628 D/lights  ( 1576): [LedInfo] write attr ok name=/sys/class/leds/green/off_timer string=0 0,len=3
01-16 19:10:45.778 I/System.out( 2684): Values: 32767
01-16 19:10:45.778 I/System.out( 2684): Time difference in secs is: 300
01-16 19:10:45.778 W/Vold    ( 1434): Ignoring unknown switch 'usb_mass_storage'
01-16 19:10:46.569 D/UsbService( 1576): [USBNET] USB UEVENT: {SUBSYSTEM=switch, SWITCH_STATE=1, DEVPATH=/devices/virtual/switch/usb_connected, SEQNUM=1430, ACTION=change, SWITCH_NAME=usb_connected}
01-16 19:10:46.569 W/Vold    ( 1434): Ignoring unknown switch 'usb_connected'
01-16 19:10:46.569 D/UsbService( 1576): [USBNET] handleMessage: 0; mConnected=1(0),mConfiguration=0(0)
01-16 19:10:46.589 D/NetdConnector( 1576): listenToSocket read--: (7,0)
01-16 19:10:46.589 D/NetdConnector( 1576): RCV <- {110 lo}
01-16 19:10:46.589 D/NetdConnector( 1576): doCommand++ (Wait Response)
01-16 19:10:46.589 D/NetdConnector( 1576): RSP <- {110 lo}
01-16 19:10:46.599 D/NetdConnector( 1576): listenToSocket read++
01-16 19:10:46.599 D/NetdConnector( 1576): miNoRespCnt=0
01-16 19:10:46.599 D/NetdConnector( 1576): listenToSocket read--: (121,0)
01-16 19:10:46.599 D/NetdConnector( 1576): RCV <- {110 dummy0}
01-16 19:10:46.629 D/UsbReceiver( 2717): [MTP][UsbReceiver][onReceive]+
01-16 19:10:46.639 D/UsbService( 1576): [USBNET] USB UEVENT: {SUBSYSTEM=switch, SWITCH_STATE=1, DEVPATH=/devices/virtual/switch/usb_configuration, SEQNUM=1431, ACTION=change, SWITCH_NAME=usb_configuration}
01-16 19:10:46.639 D/Vold    ( 1434): USB connected
01-16 19:10:46.639 D/Vold    ( 1434): Share method ums now available
01-16 19:10:46.639 D/VoldConnector( 1576): listenToSocket read--: (35,0)
01-16 19:10:46.639 D/VoldConnector( 1576): RCV <- {620 Share method ums now available}
01-16 19:10:46.639 D/NetdConnector( 1576): RSP <- {110 dummy0}
01-16 19:10:46.639 D/NetdConnector( 1576): miNoRespCnt=0
01-16 19:10:46.639 D/UsbService( 1576): [USBNET] handleMessage: 0; mConnected=1(1),mConfiguration=1(0)
01-16 19:10:46.639 D/NetdConnector( 1576): RCV <- {110 ifb0}
01-16 19:10:46.639 D/NetdConnector( 1576): RSP <- {110 ifb0}
01-16 19:10:46.639 D/NetdConnector( 1576): miNoRespCnt=0
01-16 19:10:46.639 D/NetdConnector( 1576): RCV <- {110 ifb1}
01-16 19:10:46.639 D/NetdConnector( 1576): RSP <- {110 ifb1}
01-16 19:10:46.639 D/NetdConnector( 1576): miNoRespCnt=0
01-16 19:10:46.649 D/NetdConnector( 1576): RCV <- {110 rmnet0}
01-16 19:10:46.649 D/NetdConnector( 1576): RSP <- {110 rmnet0}
01-16 19:10:46.649 D/NetdConnector( 1576): miNoRespCnt=0
01-16 19:10:46.649 D/UsbConnectedReceiver( 1774): action = android.hardware.usb.action.USB_STATE
01-16 19:10:46.649 D/NetdConnector( 1576): RCV <- {110 rmnet1}
01-16 19:10:46.649 D/VoldConnector( 1576): listenToSocket read++
01-16 19:10:46.649 D/NetdConnector( 1576): RSP <- {110 rmnet1}
01-16 19:10:46.649 D/NetdConnector( 1576): miNoRespCnt=0
01-16 19:10:46.649 D/NetdConnector( 1576): RCV <- {110 rmnet2}
01-16 19:10:46.649 D/NetdConnector( 1576): RSP <- {110 rmnet2}
01-16 19:10:46.649 D/NetdConnector( 1576): miNoRespCnt=0
01-16 19:10:46.649 D/NetdConnector( 1576): RCV <- {110 usb0}
01-16 19:10:46.659 D/NetdConnector( 1576): RSP <- {110 usb0}
01-16 19:10:46.659 D/NetdConnector( 1576): miNoRespCnt=0
01-16 19:10:46.659 D/NetdConnector( 1576): RCV <- {110 sit0}
01-16 19:10:46.659 D/NetdConnector( 1576): RSP <- {110 sit0}
01-16 19:10:46.659 D/NetdConnector( 1576): miNoRespCnt=0
01-16 19:10:46.659 D/NetdConnector( 1576): RCV <- {110 ip6tnl0}
01-16 19:10:46.659 D/NetdConnector( 1576): RSP <- {110 ip6tnl0}
01-16 19:10:46.659 D/NetdConnector( 1576): miNoRespCnt=0
01-16 19:10:46.669 D/UsbReceiver( 2717): [MTP][UsbReceiver][onReceive]+
01-16 19:10:46.669 D/UsbConnectedReceiver( 1774): action = android.hardware.usb.action.USB_STATE
01-16 19:10:46.669 D/PSCommon( 1774): Content in /sys/class/switch/dock/status = offline
01-16 19:10:46.669 D/UsbConnectedReceiver( 1774): USB Connected.
01-16 19:10:46.669 D/WifiStateMachine( 1576): wifi hotspotSSID=HTC Portable Hotspot, hiddenSSID=false, secureType=wpa2-psk, enableMacFilter=0, maxConns=5, channel=0
01-16 19:10:46.669 D/NetdConnector( 1576): RCV <- {200 Interface list completed}
01-16 19:10:46.669 D/NetdConnector( 1576): RSP <- {200 Interface list completed}
01-16 19:10:46.669 D/NetdConnector( 1576): miNoRespCnt=0
01-16 19:10:46.669 D/NetdConnector( 1576): doCommand-- (complete)
01-16 19:10:46.669 D/NetdConnector( 1576): List terminated with {200 Interface list completed}
01-16 19:10:46.669 D/WifiStateMachine( 1576): getWifiApConfiguration:mconfig.SSID=HTC Portable Hotspot
01-16 19:10:46.679 D/WifiStateMachine( 1576): wifi hotspotdhcpEnable=1, maxDhcpClients=5, ipAddress=192.168.1.1, dhcpSubnetMask=255.255.255.0, startingIP=192.168.1.10, dhsIPAddr1=null, dnsIPAddr2=null, sleepPolicy=1
01-16 19:10:46.679 D/Tethering( 1576): sendTetherStateChangedBroadcast 1, 0, 0
01-16 19:10:46.679 D/Tethering( 1576): interfaceAdded :usb0
01-16 19:10:46.679 D/PSCommon( 1774): -isMFGBuild() = false
01-16 19:10:46.679 D/PSCommon( 1774): -isMFGBuild() = false
01-16 19:10:46.679 D/PSCommon( 1774): Content in /sys/class/switch/dock/status = offline
01-16 19:10:46.679 D/NetdConnector( 1576): listenToSocket read++
01-16 19:10:46.679 D/NetdConnector( 1576): listenToSocket read--: (128,0)
01-16 19:10:46.679 D/NetdConnector( 1576): RCV <- {110 lo}
01-16 19:10:46.689 D/NetdConnector( 1576): RCV <- {110 dummy0}
01-16 19:10:46.689 D/NetdConnector( 1576): doCommand++ (Wait Response)
01-16 19:10:46.689 D/NetdConnector( 1576): RSP <- {110 lo}
01-16 19:10:46.689 D/NetdConnector( 1576): miNoRespCnt=0
01-16 19:10:46.689 D/NetdConnector( 1576): RSP <- {110 dummy0}
01-16 19:10:46.689 D/NetdConnector( 1576): miNoRespCnt=0
01-16 19:10:46.689 D/NetdConnector( 1576): RCV <- {110 ifb0}
01-16 19:10:46.689 D/NetdConnector( 1576): RSP <- {110 ifb0}
01-16 19:10:46.689 D/NetdConnector( 1576): miNoRespCnt=0
01-16 19:10:46.689 D/NetdConnector( 1576): RCV <- {110 ifb1}
01-16 19:10:46.689 D/NetdConnector( 1576): RSP <- {110 ifb1}
01-16 19:10:46.689 D/NetdConnector( 1576): miNoRespCnt=0
01-16 19:10:46.689 D/NetdConnector( 1576): RCV <- {110 rmnet0}
01-16 19:10:46.689 D/NetdConnector( 1576): RSP <- {110 rmnet0}
01-16 19:10:46.689 D/NetdConnector( 1576): miNoRespCnt=0
01-16 19:10:46.689 D/NetdConnector( 1576): RCV <- {110 rmnet1}
01-16 19:10:46.689 D/NetdConnector( 1576): RSP <- {110 rmnet1}
01-16 19:10:46.689 D/NetdConnector( 1576): miNoRespCnt=0
01-16 19:10:46.689 D/NetdConnector( 1576): RCV <- {110 rmnet2}
01-16 19:10:46.689 D/NetdConnector( 1576): RSP <- {110 rmnet2}
01-16 19:10:46.689 D/NetdConnector( 1576): miNoRespCnt=0
01-16 19:10:46.689 D/NetdConnector( 1576): RCV <- {110 usb0}
01-16 19:10:46.699 D/NetdConnector( 1576): RSP <- {110 usb0}
01-16 19:10:46.699 D/NetdConnector( 1576): miNoRespCnt=0
01-16 19:10:46.699 D/NetdConnector( 1576): RCV <- {110 sit0}
01-16 19:10:46.699 D/NetdConnector( 1576): RSP <- {110 sit0}
01-16 19:10:46.699 D/NetdConnector( 1576): miNoRespCnt=0
01-16 19:10:46.699 D/NetdConnector( 1576): RCV <- {110 ip6tnl0}
01-16 19:10:46.699 D/NetdConnector( 1576): RSP <- {110 ip6tnl0}
01-16 19:10:46.699 D/NetdConnector( 1576): miNoRespCnt=0
01-16 19:10:46.699 D/NetdConnector( 1576): RCV <- {200 Interface list completed}
01-16 19:10:46.699 D/NetdConnector( 1576): RSP <- {200 Interface list completed}
01-16 19:10:46.699 D/NetdConnector( 1576): miNoRespCnt=0
01-16 19:10:46.699 D/NetdConnector( 1576): doCommand-- (complete)
01-16 19:10:46.699 D/NetdConnector( 1576): listenToSocket read++
01-16 19:10:46.699 D/NetdConnector( 1576): List terminated with {200 Interface list completed}
01-16 19:10:46.709 I/NetSharing_NSReceiver( 2730): customizedNS:true
01-16 19:10:46.709 D/NetSharing_NSReceiver( 2730): onReceive : android.net.conn.TETHER_STATE_CHANGED
01-16 19:10:46.709 I/StorageNotification( 1649): UMS connection changed to true (media state mounted)
01-16 19:10:46.719 D/NetSharing_NSReceiver( 2730): Tethered state change:false
01-16 19:10:46.759 D/UsbConnectedReceiver( 1774): Connect_To_PC is Launched, return
01-16 19:10:46.759 D/ActivityManager( 1576): isSketcherDisabledInCurrentTask():false, ActivityRecord{408aff28 uk.ac.st_andrews.cs.host.mk74.energymeasurement.microphone/.MainActivity}
01-16 19:10:46.769 I/System.out( 2684): Values: 22225
01-16 19:10:46.769 I/System.out( 2684): Time difference in secs is: 300
01-16 19:10:46.769 D/UsbConnectedReceiver( 1774): -enableChargeOnly()
01-16 19:10:46.789 D/SurfaceFlinger( 1438): getTokenForSurface(0xb3114) => 1 (client=0xa3d38, bitmap=00000003), pid=1649
01-16 19:10:46.789 D/msm7x30.gralloc( 1438): gpu_context_t::getGrallocInformationFromFormat  1 
01-16 19:10:46.799 D/PSCommon( 1774): Content in /sys/devices/platform/msm_hsusb/usb_cable_connect = 1
01-16 19:10:46.809 I/NetSharing_NSReceiver( 2730): customizedNS:true
01-16 19:10:46.819 D/NetSharing_NSReceiver( 2730): onReceive : com.htc.usb.change
01-16 19:10:46.819 D/NetSharing_NSReceiver( 2730): USB = true hasTethered = false
01-16 19:10:46.879 D/dalvikvm( 2730): GC_CONCURRENT freed 449K, 8% free 6952K/7495K, paused 1ms+2ms
01-16 19:10:46.879 D/PSReceiver( 2730): onReceive : com.htc.usb.change
01-16 19:10:46.879 D/PSReceiver( 2730): USB Plugged, Set USBPlugged=  true
01-16 19:10:47.099 D/msm7x30.gralloc( 1438): gpu_context_t::getGrallocInformationFromFormat  1 
01-16 19:10:47.770 I/System.out( 2684): Values: 2624
01-16 19:10:47.770 I/System.out( 2684): Time difference in secs is: 300
01-16 19:10:48.771 I/System.out( 2684): Values: 670
01-16 19:10:48.771 I/System.out( 2684): Time difference in secs is: 300
01-16 19:10:49.772 I/System.out( 2684): Values: 2262
01-16 19:10:49.772 I/System.out( 2684): Time difference in secs is: 300
01-16 19:10:50.773 I/System.out( 2684): Values: 552
01-16 19:10:50.783 I/System.out( 2684): Time difference in secs is: 300
01-16 19:10:51.774 I/System.out( 2684): Values: 176
01-16 19:10:51.774 I/System.out( 2684): Time difference in secs is: 300
01-16 19:10:51.894 D/dalvikvm( 2516): GC_EXPLICIT freed 225K, 5% free 7490K/7815K, paused 1ms+1ms
01-16 19:10:52.775 I/System.out( 2684): Values: 1115
01-16 19:10:52.775 I/System.out( 2684): Time difference in secs is: 300
01-16 19:10:53.776 I/System.out( 2684): Values: 325
01-16 19:10:53.776 I/System.out( 2684): Time difference in secs is: 300
01-16 19:10:54.777 I/System.out( 2684): Values: 2046
01-16 19:10:54.777 I/System.out( 2684): Time difference in secs is: 300
01-16 19:10:55.768 I/System.out( 2684): Values: 777
01-16 19:10:55.778 I/System.out( 2684): Time difference in secs is: 300
01-16 19:10:56.779 I/System.out( 2684): Values: 363
01-16 19:10:56.799 I/System.out( 2684): Time difference in secs is: 300
01-16 19:10:56.929 D/dalvikvm( 1774): GC_EXPLICIT freed 171K, 7% free 6852K/7303K, paused 12ms+1ms
01-16 19:10:57.169 D/SurfaceFlinger( 1438): virtual void android::Layer::onRemoved(): lcblk (identity=22, status=0, token=1)
01-16 19:10:57.770 I/System.out( 2684): Values: 885
01-16 19:10:57.770 I/System.out( 2684): Time difference in secs is: 300
01-16 19:10:58.771 I/System.out( 2684): Values: 325
01-16 19:10:58.771 I/System.out( 2684): Time difference in secs is: 300
01-16 19:10:59.772 I/System.out( 2684): Values: 527
01-16 19:10:59.772 I/System.out( 2684): Time difference in secs is: 300
01-16 19:11:00.773 I/System.out( 2684): Values: 363
01-16 19:11:00.773 I/System.out( 2684): Time difference in secs is: 300
01-16 19:11:01.774 I/System.out( 2684): Values: 989
01-16 19:11:01.794 I/System.out( 2684): Time difference in secs is: 300
01-16 19:11:02.775 I/System.out( 2684): Values: 794
01-16 19:11:02.775 I/System.out( 2684): Time difference in secs is: 300
01-16 19:11:03.776 I/System.out( 2684): Values: 398
01-16 19:11:03.776 I/System.out( 2684): Time difference in secs is: 300
01-16 19:11:04.777 I/System.out( 2684): Values: 412
01-16 19:11:04.777 I/System.out( 2684): Time difference in secs is: 300
01-16 19:11:05.087 D/dalvikvm( 2717): GC_EXPLICIT freed 52K, 5% free 7289K/7623K, paused 5ms+1ms
01-16 19:11:05.778 I/System.out( 2684): Values: 2264
01-16 19:11:05.778 I/System.out( 2684): Time difference in secs is: 300
01-16 19:11:06.769 I/System.out( 2684): Values: 838
01-16 19:11:06.779 I/System.out( 2684): Time difference in secs is: 300
01-16 19:11:07.770 I/System.out( 2684): Values: 792
01-16 19:11:07.800 I/System.out( 2684): Time difference in secs is: 300
01-16 19:11:08.781 I/System.out( 2684): Values: 509
01-16 19:11:08.781 I/System.out( 2684): Time difference in secs is: 300
01-16 19:11:09.772 I/System.out( 2684): Values: 718
01-16 19:11:09.782 I/System.out( 2684): Time difference in secs is: 300
01-16 19:11:10.132 D/dalvikvm( 2730): GC_EXPLICIT freed 305K, 11% free 6680K/7495K, paused 5ms+1ms
01-16 19:11:10.773 I/System.out( 2684): Values: 376
01-16 19:11:10.783 I/System.out( 2684): Time difference in secs is: 300
01-16 19:11:11.774 I/System.out( 2684): Values: 390
01-16 19:11:11.774 I/System.out( 2684): Time difference in secs is: 300
01-16 19:11:12.775 I/System.out( 2684): Values: 2680
01-16 19:11:12.805 I/System.out( 2684): Time difference in secs is: 300
01-16 19:11:13.775 I/System.out( 2684): Values: 606
01-16 19:11:13.785 I/System.out( 2684): Time difference in secs is: 300
01-16 19:11:14.776 I/System.out( 2684): Values: 791
01-16 19:11:14.786 I/System.out( 2684): Time difference in secs is: 300
01-16 19:11:15.667 D/UsbnetService( 1576): BroadcastReceiver::onReceive+
01-16 19:11:15.667 D/UsbnetService( 1576): onReceive BATTERY_CHANGED
01-16 19:11:15.667 D/UsbnetService( 1576):  --> pluggedType = 2, mPluggedType = 0, mScreenOff = false
01-16 19:11:15.667 D/UsbnetService( 1576): BroadcastReceiver::onReceive-
01-16 19:11:15.677 D/NotificationService( 1576): mIntentReceiver() Intent.ACTION_BATTERY_CHANGED
01-16 19:11:15.677 D/BatteryService( 1576): SendIntentforPowersaver
01-16 19:11:15.687 D/BatteryService( 1576): Current powersaver status == NORMAL_STATUS1 2 2 false
01-16 19:11:15.687 D/RemoveMe( 1667): DCT got intent android.intent.action.BATTERY_CHANGED
01-16 19:11:15.687 D/PowerUI ( 1649): closing low battery warning: level=97
01-16 19:11:15.697 D/PowerUI ( 1649): plugged = true, health = 2, mBatteryLevel = 97, mPluggedBatteryLevel = 97, mLowBatteryWarningLevel2 = 25, mshowLowChargingWarning2 = true
01-16 19:11:15.747 D/RemoveMe( 1667): DCT got intent android.intent.action.BATTERY_CHANGED
01-16 19:11:15.767 D/RemoveMe( 1667): DCT got intent android.intent.action.BATTERY_CHANGED
01-16 19:11:15.777 I/System.out( 2684): Values: 384
01-16 19:11:15.777 I/System.out( 2684): Time difference in secs is: 300
01-16 19:11:15.858 D/dalvikvm( 1576): GC_CONCURRENT freed 1872K, 13% free 15858K/18055K, paused 30ms+3ms
01-16 19:11:16.768 I/System.out( 2684): Values: 2997
01-16 19:11:16.778 I/System.out( 2684): Time difference in secs is: 300
01-16 19:11:17.779 I/System.out( 2684): Values: 206
01-16 19:11:17.789 I/System.out( 2684): Time difference in secs is: 300
01-16 19:11:18.770 I/System.out( 2684): Values: 411
01-16 19:11:18.780 I/System.out( 2684): Time difference in secs is: 300
01-16 19:11:19.771 I/System.out( 2684): Values: 371
01-16 19:11:19.781 I/System.out( 2684): Time difference in secs is: 300
01-16 19:11:20.782 I/System.out( 2684): Values: 924
01-16 19:11:20.782 I/System.out( 2684): Time difference in secs is: 300
01-16 19:11:21.773 I/System.out( 2684): Values: 873
01-16 19:11:21.783 I/System.out( 2684): Time difference in secs is: 300
01-16 19:11:22.774 I/System.out( 2684): Values: 1602
01-16 19:11:22.784 I/System.out( 2684): Time difference in secs is: 300
01-16 19:11:23.785 I/System.out( 2684): Values: 1037
01-16 19:11:23.805 I/System.out( 2684): Time difference in secs is: 300
01-16 19:11:24.786 I/System.out( 2684): Values: 715
01-16 19:11:24.786 I/System.out( 2684): Time difference in secs is: 300
01-16 19:11:25.787 I/System.out( 2684): Values: 2278
01-16 19:11:25.787 I/System.out( 2684): Time difference in secs is: 300
01-16 19:11:26.778 I/System.out( 2684): Values: 190
01-16 19:11:26.778 I/System.out( 2684): Time difference in secs is: 300
01-16 19:11:27.779 I/System.out( 2684): Values: 199
01-16 19:11:27.779 I/System.out( 2684): Time difference in secs is: 300
01-16 19:11:28.790 I/System.out( 2684): Values: 219
01-16 19:11:28.800 I/System.out( 2684): Time difference in secs is: 300
01-16 19:11:29.781 I/System.out( 2684): Values: 303
01-16 19:11:29.781 I/System.out( 2684): Time difference in secs is: 300
01-16 19:11:30.782 I/System.out( 2684): Values: 222
01-16 19:11:30.782 I/System.out( 2684): Time difference in secs is: 300
01-16 19:11:31.783 I/System.out( 2684): Values: 192
01-16 19:11:31.783 I/System.out( 2684): Time difference in secs is: 300
01-16 19:11:32.784 I/System.out( 2684): Values: 660
01-16 19:11:32.784 I/System.out( 2684): Time difference in secs is: 300
01-16 19:11:33.785 I/System.out( 2684): Values: 188
01-16 19:11:33.795 I/System.out( 2684): Time difference in secs is: 300
01-16 19:11:34.786 I/System.out( 2684): Values: 214
01-16 19:11:34.786 I/System.out( 2684): Time difference in secs is: 300
01-16 19:11:35.787 I/System.out( 2684): Values: 194
01-16 19:11:35.787 I/System.out( 2684): Time difference in secs is: 300
01-16 19:11:36.788 I/System.out( 2684): Values: 716
01-16 19:11:36.788 I/System.out( 2684): Time difference in secs is: 300
01-16 19:11:37.779 I/System.out( 2684): Values: 212
01-16 19:11:37.779 I/System.out( 2684): Time difference in secs is: 300
01-16 19:11:38.780 I/System.out( 2684): Values: 181
01-16 19:11:38.780 I/System.out( 2684): Time difference in secs is: 300
01-16 19:11:39.801 I/System.out( 2684): Values: 214
01-16 19:11:39.801 I/System.out( 2684): Time difference in secs is: 300
01-16 19:11:40.792 I/System.out( 2684): Values: 588
01-16 19:11:40.792 I/System.out( 2684): Time difference in secs is: 300
01-16 19:11:41.793 I/System.out( 2684): Values: 586
01-16 19:11:41.793 I/System.out( 2684): Time difference in secs is: 300
01-16 19:11:42.794 I/System.out( 2684): Values: 542
01-16 19:11:42.794 I/System.out( 2684): Time difference in secs is: 300
01-16 19:11:43.795 I/System.out( 2684): Values: 340
01-16 19:11:43.795 I/System.out( 2684): Time difference in secs is: 300
01-16 19:11:44.796 I/System.out( 2684): Values: 315
01-16 19:11:44.806 I/System.out( 2684): Time difference in secs is: 300
01-16 19:11:45.717 D/UsbnetService( 1576): BroadcastReceiver::onReceive+
01-16 19:11:45.717 D/UsbnetService( 1576): onReceive BATTERY_CHANGED
01-16 19:11:45.717 D/UsbnetService( 1576):  --> pluggedType = 2, mPluggedType = 0, mScreenOff = false
01-16 19:11:45.717 D/UsbnetService( 1576): BroadcastReceiver::onReceive-
01-16 19:11:45.717 D/NotificationService( 1576): mIntentReceiver() Intent.ACTION_BATTERY_CHANGED
01-16 19:11:45.727 D/RemoveMe( 1667): DCT got intent android.intent.action.BATTERY_CHANGED
01-16 19:11:45.727 D/RemoveMe( 1667): DCT got intent android.intent.action.BATTERY_CHANGED
01-16 19:11:45.727 D/BatteryService( 1576): SendIntentforPowersaver
01-16 19:11:45.727 D/BatteryService( 1576): Current powersaver status == NORMAL_STATUS1 2 2 false
01-16 19:11:45.727 D/PowerUI ( 1649): closing low battery warning: level=97
01-16 19:11:45.727 D/PowerUI ( 1649): plugged = true, health = 2, mBatteryLevel = 97, mPluggedBatteryLevel = 97, mLowBatteryWarningLevel2 = 25, mshowLowChargingWarning2 = true
01-16 19:11:45.737 D/RemoveMe( 1667): DCT got intent android.intent.action.BATTERY_CHANGED
01-16 19:11:45.797 I/System.out( 2684): Values: 194
01-16 19:11:45.797 I/System.out( 2684): Time difference in secs is: 300
01-16 19:11:46.788 I/System.out( 2684): Values: 211
01-16 19:11:46.788 I/System.out( 2684): Time difference in secs is: 300
01-16 19:11:47.789 I/System.out( 2684): Values: 449
01-16 19:11:47.789 I/System.out( 2684): Time difference in secs is: 300
01-16 19:11:48.790 I/System.out( 2684): Values: 213
01-16 19:11:48.790 I/System.out( 2684): Time difference in secs is: 300
01-16 19:11:49.430 D/ContactMessageStore( 1667): MSG_CHECK_DELETION >>
01-16 19:11:49.430 D/ContactMessageStore( 1667): mDeleteTask = null, bDeleting = false
01-16 19:11:49.430 D/ContactMessageStore( 1667): start background delete task...
01-16 19:11:49.430 D/ContactMessageStore( 1667): MSG_CHECK_DELETION <<
01-16 19:11:49.440 D/ContactMessageStore( 1667): size: 0 , 0
01-16 19:11:49.440 D/ContactMessageStore( 1667): Background delete complete
01-16 19:11:49.791 I/System.out( 2684): Values: 2670
01-16 19:11:49.791 I/System.out( 2684): Time difference in secs is: 300
01-16 19:11:50.812 I/System.out( 2684): Values: 636
01-16 19:11:50.812 I/System.out( 2684): Time difference in secs is: 300
01-16 19:11:51.803 I/System.out( 2684): Values: 2079
01-16 19:11:51.803 I/System.out( 2684): Time difference in secs is: 300
01-16 19:11:52.804 I/System.out( 2684): Values: 180
01-16 19:11:52.804 I/System.out( 2684): Time difference in secs is: 300
01-16 19:11:53.805 I/System.out( 2684): Values: 518
01-16 19:11:53.805 I/System.out( 2684): Time difference in secs is: 300
01-16 19:11:54.806 I/System.out( 2684): Values: 204
01-16 19:11:54.806 I/System.out( 2684): Time difference in secs is: 300
01-16 19:11:55.806 I/System.out( 2684): Values: 322
01-16 19:11:55.806 I/System.out( 2684): Time difference in secs is: 300
01-16 19:11:56.807 I/System.out( 2684): Values: 761
01-16 19:11:56.817 I/System.out( 2684): Time difference in secs is: 300
01-16 19:11:57.798 I/System.out( 2684): Values: 537
01-16 19:11:57.798 I/System.out( 2684): Time difference in secs is: 300
01-16 19:11:58.799 I/System.out( 2684): Values: 535
01-16 19:11:58.799 I/System.out( 2684): Time difference in secs is: 300
