01-14 14:04:15.530 I/ActivityThread( 2771): Pub com.htc.penmenu: com.htc.pen.provider.PenMenuProvider
01-14 14:04:15.530 D/FxWidgetProvider( 1689): row 1
01-14 14:04:15.540 D/CombinedWidgetProvider( 1689): addFxWidget: WidgetSummary(Navigate/FX_WIDGET/[I@40c249d8 x [I@40c24fc0/-2/ComponentInfo{com.htc.laputa.widget3d.navigate/com.htc.laputa.widget3d.navigate.NavigateWidgetProvider}/[I@40c243a0)
01-14 14:04:15.540 D/FxWidgetProvider( 1689): row 1
01-14 14:04:15.551 D/CombinedWidgetProvider( 1689): addFxWidget: WidgetSummary(Navigate/FX_WIDGET/[I@40729cc0 x [I@4072c338/-2/ComponentInfo{com.htc.laputa.widget3d.navigate/com.htc.laputa.widget3d.navigate.NavigateWidgetProvider}/[I@4071e818)
01-14 14:04:15.551 D/FxWidgetProvider( 1689): row 1
01-14 14:04:15.551 D/CombinedWidgetProvider( 1689): addFxWidget: WidgetSummary(Locations/FX_WIDGET/[I@40c4a7c0 x [I@40c4a450/-2/ComponentInfo{com.htc.laputa.widget3d.locations/com.htc.laputa.widget3d.locations.LocationsWidgetProvider}/[I@40c49f00)
01-14 14:04:15.551 D/FxWidgetProvider( 1689): row 1
01-14 14:04:15.561 D/CombinedWidgetProvider( 1689): addFxWidget: WidgetSummary(News/FX_WIDGET/[I@40c324e8 x [I@40c329b0/-2/ComponentInfo{com.htc.googlereaderwidget/com.htc.googlereaderwidget.RosieWidgetReceiver}/[I@40c329d0)
01-14 14:04:15.561 D/FxWidgetProvider( 1689): row 1
01-14 14:04:15.561 D/CombinedWidgetProvider( 1689): addFxWidget: WidgetSummary(News/FX_WIDGET/[I@40c26c68 x [I@40c27070/-2/ComponentInfo{com.htc.googlereaderwidget/com.htc.googlereaderwidget.RosieWidgetReceiver}/[I@40c27090)
01-14 14:04:15.561 D/FxWidgetProvider( 1689): row 1
01-14 14:04:15.571 D/CombinedWidgetProvider( 1689): addFxWidget: WidgetSummary(Data Dashboard/FX_WIDGET/[I@40b9c5a0 x [I@40b9bc30/-2/ComponentInfo{com.htc.rosiewidgets.datastrip/com.htc.rosiewidgets.datastrip.DataStripWidgetProvider}/[I@40b9bc50)
01-14 14:04:15.571 D/FxWidgetProvider( 1689): row 1
01-14 14:04:15.571 D/CombinedWidgetProvider( 1689): addFxWidget: WidgetSummary(Data Roaming/FX_WIDGET/[I@40b8b6c0 x [I@40b8ad50/-2/ComponentInfo{com.htc.rosiewidgets.dataroaming/com.htc.rosiewidgets.dataroaming.WidgetProvider}/[I@40b8ad70)
01-14 14:04:15.571 D/FxWidgetProvider( 1689): row 1
01-14 14:04:15.571 D/CombinedWidgetProvider( 1689): addFxWidget: WidgetSummary(Analog Clock/FX_WIDGET/[I@408412c8 x [I@40841b70/-2/ComponentInfo{com.htc.clock3dwidget/com.htc.clock3dwidget.ClockWidgetProvider}/[I@40841b90)
01-14 14:04:15.581 D/FxWidgetProvider( 1689): row 1
01-14 14:04:15.581 D/CombinedWidgetProvider( 1689): addFxWidget: WidgetSummary(Analog Clock/FX_WIDGET/[I@4067e698 x [I@40675690/-2/ComponentInfo{com.htc.clock3dwidget/com.htc.clock3dwidget.ClockWidgetProvider}/[I@406756b0)
01-14 14:04:15.581 D/FxWidgetProvider( 1689): row 1
01-14 14:04:15.581 D/CombinedWidgetProvider( 1689): addFxWidget: WidgetSummary(Weather Clock/FX_WIDGET/[I@40740af8 x [I@40740b18/-2/ComponentInfo{com.htc.clock3dwidget/com.htc.clock3dwidget.ClockWidgetProvider}/[I@40742d60)
01-14 14:04:15.591 D/FxWidgetProvider( 1689): row 1
01-14 14:04:15.591 D/CombinedWidgetProvider( 1689): addFxWidget: WidgetSummary(Travel Clock/FX_WIDGET/[I@408469c8 x [I@408469e8/-2/ComponentInfo{com.htc.clock3dwidget/com.htc.clock3dwidget.ClockWidgetProvider}/[I@40846a08)
01-14 14:04:15.591 D/FxWidgetProvider( 1689): row 1
01-14 14:04:15.591 D/CombinedWidgetProvider( 1689): addFxWidget: WidgetSummary(Digital Clock/FX_WIDGET/[I@40754508 x [I@40754528/-2/ComponentInfo{com.htc.clock3dwidget/com.htc.clock3dwidget.ClockWidgetProvider}/[I@40754548)
01-14 14:04:15.591 D/FxWidgetProvider( 1689): row 1
01-14 14:04:15.601 D/CombinedWidgetProvider( 1689): addFxWidget: WidgetSummary(Analog Clock/FX_WIDGET/[I@40d62bb8 x [I@40d62bd8/-2/ComponentInfo{com.htc.clock3dwidget/com.htc.clock3dwidget.ClockWidgetProvider}/[I@40d62bf8)
01-14 14:04:15.601 D/FxWidgetProvider( 1689): row 1
01-14 14:04:15.601 D/CombinedWidgetProvider( 1689): addFxWidget: WidgetSummary(Analog Clock/FX_WIDGET/[I@40bf8fc8 x [I@40bf8fe8/-2/ComponentInfo{com.htc.clock3dwidget/com.htc.clock3dwidget.ClockWidgetProvider}/[I@40bf9008)
01-14 14:04:15.601 D/FxWidgetProvider( 1689): row 1
01-14 14:04:15.611 D/CombinedWidgetProvider( 1689): addFxWidget: WidgetSummary(Analog Clock/FX_WIDGET/[I@40840400 x [I@40840420/-2/ComponentInfo{com.htc.clock3dwidget/com.htc.clock3dwidget.ClockWidgetProvider}/[I@40840440)
01-14 14:04:15.611 D/FxWidgetProvider( 1689): row 1
01-14 14:04:15.611 D/CombinedWidgetProvider( 1689): addFxWidget: WidgetSummary(Analog Clock/FX_WIDGET/[I@40d4b3a8 x [I@40d4b3c8/-2/ComponentInfo{com.htc.clock3dwidget/com.htc.clock3dwidget.ClockWidgetProvider}/[I@40d4b3e8)
01-14 14:04:15.611 D/FxWidgetProvider( 1689): row 1
01-14 14:04:15.621 D/CombinedWidgetProvider( 1689): addFxWidget: WidgetSummary(Analog Clock/FX_WIDGET/[I@40bcb848 x [I@40bcb868/-2/ComponentInfo{com.htc.clock3dwidget/com.htc.clock3dwidget.ClockWidgetProvider}/[I@40bcb888)
01-14 14:04:15.621 D/FxWidgetProvider( 1689): row 1
01-14 14:04:15.621 D/CombinedWidgetProvider( 1689): addFxWidget: WidgetSummary(Analog Clock/FX_WIDGET/[I@40cc1868 x [I@40cc1888/-2/ComponentInfo{com.htc.clock3dwidget/com.htc.clock3dwidget.ClockWidgetProvider}/[I@40cc18a8)
01-14 14:04:15.621 D/FxWidgetProvider( 1689): row 1
01-14 14:04:15.621 I/ActivityThread( 2771): Pub com.htc.pen: com.htc.pen.provider.PenProvider
01-14 14:04:15.631 D/CombinedWidgetProvider( 1689): addFxWidget: WidgetSummary(Analog Clock/FX_WIDGET/[I@40711e98 x [I@40bf0460/-2/ComponentInfo{com.htc.clock3dwidget/com.htc.clock3dwidget.ClockWidgetProvider}/[I@40bf0480)
01-14 14:04:15.631 D/FxWidgetProvider( 1689): row 1
01-14 14:04:15.641 D/CombinedWidgetProvider( 1689): addFxWidget: WidgetSummary(Social Clock/FX_WIDGET/[I@4082b978 x [I@4082b998/-2/ComponentInfo{com.htc.clock3dwidget/com.htc.clock3dwidget.ClockWidgetProvider}/[I@4082b9b8)
01-14 14:04:15.641 D/FxWidgetProvider( 1689): row 1
01-14 14:04:15.641 I/ActivityManager( 1590): Start proc com.google.android.googlequicksearchbox for broadcast com.google.android.googlequicksearchbox/.SourceUpdateReceiver: pid=2779 uid=10080 gids={3003}
01-14 14:04:15.651 D/CombinedWidgetProvider( 1689): addFxWidget: WidgetSummary(Beam Clock/FX_WIDGET/[I@40c5b888 x [I@40c5b8a8/-2/ComponentInfo{com.htc.clock3dwidget/com.htc.clock3dwidget.ClockWidgetProvider}/[I@40c5b8c8)
01-14 14:04:15.651 D/FxWidgetProvider( 1689): row 1
01-14 14:04:15.681 D/PhoneApp( 1682): -- N2 =0
01-14 14:04:15.711 I/ActivityThread( 2779): Pub com.google.android.googlequicksearchbox.shortcuts: com.google.android.googlequicksearchbox.WebHistoryProvider
01-14 14:04:15.711 I/ActivityThread( 2779): Pub com.google.android.googlequicksearchbox.google: com.google.android.googlequicksearchbox.google.GoogleSuggestionProvider
01-14 14:04:15.711 D/SqliteDatabaseCpp( 2771): dbopen(): path = /data/data/com.htc.pen/databases , key = hej, flag = 6, file size = 15360
01-14 14:04:15.721 W/BinderNative( 2485): Uncaught exception from death notification
01-14 14:04:15.721 W/BinderNative( 2485): java.lang.NullPointerException
01-14 14:04:15.721 W/BinderNative( 2485): 	at android.app.ActivityThread.removeDeadProvider(ActivityThread.java:4405)
01-14 14:04:15.721 W/BinderNative( 2485): 	at android.app.ActivityThread$ProviderClientRecord.binderDied(ActivityThread.java:314)
01-14 14:04:15.721 W/BinderNative( 2485): 	at android.os.BinderProxy.sendDeathNotice(Binder.java:418)
01-14 14:04:15.721 W/BinderNative( 2485): 	at dalvik.system.NativeStart.run(Native Method)
01-14 14:04:15.741 D/SqliteDatabaseCpp( 2771): dbopen(): path = /data/data/com.htc.pen/databases , key = hej, mode: delete, disk free size: 7854 M, handle: 0x19bb90
01-14 14:04:15.761 D/PhoneApp( 1682): -- N3 =0
01-14 14:04:15.771 D/dalvikvm( 1738): GC_EXPLICIT freed 340K, 7% free 6819K/7303K, paused 1ms+4ms
01-14 14:04:15.851 D/PenUtils( 2771): getDefaultPen() start 13
01-14 14:04:15.981 D/dalvikvm( 1590): GC_EXPLICIT freed 1177K, 13% free 15799K/17991K, paused 2ms+28ms
01-14 14:04:16.061 D/AndroidRuntime( 2674): Shutting down VM
01-14 14:04:16.061 D/dalvikvm( 2674): GC_CONCURRENT freed 105K, 83% free 364K/2048K, paused 1ms+0ms
01-14 14:04:16.061 D/dalvikvm( 2674): Debugger has detached; object registry had 1 entries
01-14 14:04:16.071 I/AndroidRuntime( 2674): NOTE: attach of thread 'Binder Thread #3' failed
01-14 14:04:16.081 D/dalvikvm( 1590): GC_EXPLICIT freed 38K, 13% free 15768K/17991K, paused 2ms+20ms
01-14 14:04:16.091 D/CombinedWidgetProvider( 1689): addFxWidget: WidgetSummary(Ring Clock/FX_WIDGET/[I@40c62cb8 x [I@40c62cd8/-2/ComponentInfo{com.htc.clock3dwidget/com.htc.clock3dwidget.ClockWidgetProvider}/[I@40c62cf8)
01-14 14:04:16.091 D/FxWidgetProvider( 1689): row 1
01-14 14:04:16.091 D/CombinedWidgetProvider( 1689): addFxWidget: WidgetSummary(Spin Cycle Clock/FX_WIDGET/[I@40c6ab10 x [I@40c6ab30/-2/ComponentInfo{com.htc.clock3dwidget/com.htc.clock3dwidget.ClockWidgetProvider}/[I@40cdd200)
01-14 14:04:16.101 D/FxWidgetProvider( 1689): row 1
01-14 14:04:16.111 D/CombinedWidgetProvider( 1689): addFxWidget: WidgetSummary(Analog Clock/FX_WIDGET/[I@40d466f8 x [I@40d46718/-2/ComponentInfo{com.htc.clock3dwidget/com.htc.clock3dwidget.ClockWidgetProvider}/[I@40d46738)
01-14 14:04:16.121 D/FxWidgetProvider( 1689): row 1
01-14 14:04:16.121 D/SqliteDatabaseCpp( 2779): dbopen(): path = /data/data/com.google.android.googlequicksearchbox/databases , key = iwf-`awtkvq, flag = 6, file size = 6144
01-14 14:04:16.131 D/CombinedWidgetProvider( 1689): addFxWidget: WidgetSummary(Calculator/FX_WIDGET/[I@40c800c8 x [I@40c800e8/-2/ComponentInfo{com.htc.android.fusion.calculator/com.htc.android.fusion.calculator.RosieIntentReceiver}/[I@40c80108)
01-14 14:04:16.131 D/FxWidgetProvider( 1689): row 1
01-14 14:04:16.131 D/SqliteDatabaseCpp( 2779): dbopen(): path = /data/data/com.google.android.googlequicksearchbox/databases , key = iwf-`awtkvq, mode: delete, disk free size: 7855 M, handle: 0x1935c8
01-14 14:04:16.151 D/CombinedWidgetProvider( 1689): addFxWidget: WidgetSummary(Calculator/FX_WIDGET/[I@40cf5450 x [I@40cf5470/-2/ComponentInfo{com.htc.android.fusion.calculator/com.htc.android.fusion.calculator.RosieIntentReceiver}/[I@40cf5490)
01-14 14:04:16.171 D/FxWidgetProvider( 1689): row 1
01-14 14:04:16.171 I/ActivityManager( 1590): No longer want com.htc.notes (pid 2463): hidden #16
01-14 14:04:16.181 D/CombinedWidgetProvider( 1689): addFxWidget: WidgetSummary(Calculator/FX_WIDGET/[I@40c369a8 x [I@408392b0/-2/ComponentInfo{com.htc.android.fusion.calculator/com.htc.android.fusion.calculator.RosieIntentReceiver}/[I@408392d0)
01-14 14:04:16.181 D/FxWidgetProvider( 1689): row 1
01-14 14:04:16.191 D/CombinedWidgetProvider( 1689): addFxWidget: WidgetSummary(Calculator/FX_WIDGET/[I@40d59cf8 x [I@40d59d18/-2/ComponentInfo{com.htc.android.fusion.calculator/com.htc.android.fusion.calculator.RosieIntentReceiver}/[I@40d59d38)
01-14 14:04:16.191 D/FxWidgetProvider( 1689): row 1
01-14 14:04:16.201 D/CombinedWidgetProvider( 1689): addFxWidget: WidgetSummary(Auto-sync/FX_WIDGET/[I@40bbf468 x [I@40bbf488/-2/ComponentInfo{com.htc.rosiewidgets.backgrounddata/com.htc.rosiewidgets.backgrounddata.BackgroundDataWidgetProvider}/[I@40bbf4a8)
01-14 14:04:16.201 D/FxWidgetProvider( 1689): row 1
01-14 14:04:16.211 D/CombinedWidgetProvider( 1689): addFxWidget: WidgetSummary(Auto-rotate/FX_WIDGET/[I@40d154d0 x [I@40d154f0/-2/ComponentInfo{com.htc.autorotatewidget/com.htc.autorotatewidget.AutoRotateWidgetProvider}/[I@40bbb4e8)
01-14 14:04:16.211 D/FxWidgetProvider( 1689): row 1
01-14 14:04:16.231 D/CombinedWidgetProvider( 1689): addFxWidget: WidgetSummary(Stocks/FX_WIDGET/[I@40b9eb10 x [I@40b9eb30/-2/ComponentInfo{com.htc.android.fusion.StockWidget/com.htc.android.fusion.StockWidget.RosieWidgetReceiver}/[I@40b9eb50)
01-14 14:04:16.231 D/FxWidgetProvider( 1689): row 1
01-14 14:04:16.231 D/CombinedWidgetProvider( 1689): addFxWidget: WidgetSummary(Stocks/FX_WIDGET/[I@40c37c88 x [I@40c37ca8/-2/ComponentInfo{com.htc.android.fusion.StockWidget/com.htc.android.fusion.StockWidget.RosieWidgetReceiver}/[I@40c37cc8)
01-14 14:04:16.241 D/FxWidgetProvider( 1689): row 1
01-14 14:04:16.241 D/CombinedWidgetProvider( 1689): addFxWidget: WidgetSummary(Stocks/FX_WIDGET/[I@40c80668 x [I@40c84000/-2/ComponentInfo{com.htc.android.fusion.StockWidget/com.htc.android.fusion.StockWidget.RosieWidgetReceiver}/[I@40c84020)
01-14 14:04:16.241 D/CombinedWidgetProvider( 1689): -addFxWidgets diff: 2789
01-14 14:04:16.241 D/CombinedWidgetProvider( 1689): +addAppWidgetCategories
01-14 14:04:16.241 D/CombinedWidgetProvider( 1689): add AppWidget category: WidgetCategory(YouTube/APP_WIDGET/0)
01-14 14:04:16.241 D/CombinedWidgetProvider( 1689): add AppWidget category: WidgetCategory(Twitter (large)/APP_WIDGET/0)
01-14 14:04:16.241 D/CombinedWidgetProvider( 1689): add AppWidget category: WidgetCategory(Twitter (small)/APP_WIDGET/0)
01-14 14:04:16.241 D/CombinedWidgetProvider( 1689): add AppWidget category: WidgetCategory(Traffic/APP_WIDGET/0)
01-14 14:04:16.241 D/CombinedWidgetProvider( 1689): add AppWidget category: WidgetCategory(Latitude/APP_WIDGET/0)
01-14 14:04:16.251 D/CombinedWidgetProvider( 1689): add AppWidget category: WidgetCategory(Market/APP_WIDGET/0)
01-14 14:04:16.251 D/CombinedWidgetProvider( 1689): add AppWidget category: WidgetCategory(Google Search/APP_WIDGET/0)
01-14 14:04:16.251 D/CombinedWidgetProvider( 1689): add AppWidget category: WidgetCategory(Gmail/APP_WIDGET/0)
01-14 14:04:16.251 D/CombinedWidgetProvider( 1689): add AppWidget category: WidgetCategory(Bookmarks/APP_WIDGET/0)
01-14 14:04:16.251 D/CombinedWidgetProvider( 1689): -addAppWidgetCategories
01-14 14:04:16.251 D/CombinedWidgetProvider( 1689): +addHtcWidgetCategories
01-14 14:04:16.251 D/CombinedWidgetProvider( 1689):  uri: content://com.htc.launcher.widget.htcwidget/htcwidgets?category_only=true
01-14 14:04:16.251 D/HtcWidgetProvider( 1689): row 1
01-14 14:04:16.261 D/CombinedWidgetProvider( 1689): addHtcWidget Category: WidgetCategory(Tips for Home/HTC_WIDGET/1101)
01-14 14:04:16.261 D/CombinedWidgetProvider( 1689): -addHtcWidgetCategories
01-14 14:04:16.261 D/CombinedWidgetProvider( 1689): +addFxWidgetCategories
01-14 14:04:16.261 D/FxWidgetProvider( 1689): row 94
01-14 14:04:16.371 D/AndroidRuntime( 2797): 
01-14 14:04:16.371 D/AndroidRuntime( 2797): >>>>>> AndroidRuntime START com.android.internal.os.RuntimeInit <<<<<<
01-14 14:04:16.391 D/AndroidRuntime( 2797): CheckJNI is OFF
01-14 14:04:16.431 D/PenUtils( 2771): getDefaultPen() end 42
01-14 14:04:16.451 D/PenUtils( 2364): getAllPen() start 122
01-14 14:04:16.451 I/MySketcher( 2364): onReceive: com.htc.pen.refreshed
01-14 14:04:16.531 D/CursorWindowStats( 2797): Get CursorWindow size from framework resource:4194304
01-14 14:04:16.582 I/MySketcher( 2364): [SketcherWorker] onStartCommand: com.htc.action.PREPARE_VARS
01-14 14:04:16.582 D/AndroidRuntime( 2797): Calling main entry com.android.commands.am.Am
01-14 14:04:16.582 I/MySketcher( 2364): prepareContentVars entered
01-14 14:04:16.582 I/MySketcher( 2364):  getContentView  , in thread:2364
01-14 14:04:16.602 I/ActivityManager( 1590): Starting: Intent { act=android.intent.action.MAIN cat=[android.intent.category.LAUNCHER] flg=0x10000000 cmp=uk.ac.st_andrews.cs.host.mk74.energymeasurement.microphone/.MainActivity } from pid 2797
01-14 14:04:16.632 D/ActivityManager( 1590): isSketcherDisabledInCurrentTask():false, ActivityRecord{4099aab0 uk.ac.st_andrews.cs.host.mk74.energymeasurement.microphone/.MainActivity}
01-14 14:04:16.632 D/HostWidgetManager( 1689): pauseWidgets: 2
01-14 14:04:16.632 D/AndroidRuntime( 2797): Shutting down VM
01-14 14:04:16.652 D/dalvikvm( 2797): GC_CONCURRENT freed 106K, 81% free 397K/2048K, paused 0ms+2ms
01-14 14:04:16.652 D/dalvikvm( 2797): Debugger has detached; object registry had 1 entries
01-14 14:04:16.662 I/AndroidRuntime( 2797): NOTE: attach of thread 'Binder Thread #3' failed
01-14 14:04:16.682 D/SurfaceFlinger( 1441): getTokenForSurface(0x62894) => 0 (client=0xa26e8, bitmap=00000003), pid=1590
01-14 14:04:16.682 D/msm7x30.gralloc( 1441): gpu_context_t::getGrallocInformationFromFormat  2 
01-14 14:04:16.692 I/ActivityManager( 1590): Start proc uk.ac.st_andrews.cs.host.mk74.energymeasurement.microphone for activity uk.ac.st_andrews.cs.host.mk74.energymeasurement.microphone/.MainActivity: pid=2807 uid=10107 gids={1015}
01-14 14:04:16.742 D/Sensors ( 1590): Enable akm: en = 0
01-14 14:04:16.762 V/WindowManager( 1590): Starting animation in AppWindowToken{40ba8838 token=ActivityRecord{40694b30 com.htc.launcher/.Launcher}} @ 1410107
01-14 14:04:16.762 V/WindowManager( 1590): Starting animation in AppWindowToken{41023f80 token=ActivityRecord{4099aab0 uk.ac.st_andrews.cs.host.mk74.energymeasurement.microphone/.MainActivity}} @ 1410107
01-14 14:04:16.772 V/WindowManager( 1590): Finished animation in AppWindowToken{40ba8838 token=ActivityRecord{40694b30 com.htc.launcher/.Launcher}} @ 1410124
01-14 14:04:16.772 V/WindowManager( 1590): Finished animation in AppWindowToken{41023f80 token=ActivityRecord{4099aab0 uk.ac.st_andrews.cs.host.mk74.energymeasurement.microphone/.MainActivity}} @ 1410124
01-14 14:04:16.812 I/AudioHardwareMSM7X30( 1444): ============= recording driver open. =============
01-14 14:04:16.812 I/AudioHardwareMSM7X30( 1444): do_aic3254_control (1, 0, 1)
01-14 14:04:16.812 I/AudioHardwareMSM7X30( 1444): ============= no active record node =============
01-14 14:04:16.812 I/AudioHardwareMSM7X30( 1444): ====release wakelock======
01-14 14:04:16.822 D/MPEG4Writer( 1444): MPEG4Writer::start E
01-14 14:04:16.822 I/MPEG4Writer( 1444): limits: 2147483647/0 bytes/us, bit rate: 12200 bps and the estimated moov size 3072 bytes
01-14 14:04:16.822 I/AudioHardwareMSM7X30( 1444): Routing audio to Speakerphone
01-14 14:04:16.822 D/SurfaceFlinger( 1441): virtual void android::Layer::onRemoved(): lcblk (identity=9, status=0, token=2)
01-14 14:04:16.822 I/AudioHardwareMSM7X30( 1444): ============= recording driver open. =============
01-14 14:04:16.832 D/AudioHardwareMSM7X30( 1444): addToTable (dec_id 2, dev_rx -1, dev_tx 11, type 2, active 1)
01-14 14:04:16.852 D/SurfaceFlinger( 1441): virtual void android::Layer::onRemoved(): lcblk (identity=8, status=0, token=1)
01-14 14:04:16.862 I/HTC Acoustic( 1444): update ACDB id: (tx, rx, tx_acdb, rx_acdb) = (11, 6, 509, 0)
01-14 14:04:16.862 D/AudioHardwareMSM7X30( 1444): updateACDB: (6, 11, 0, 509) success!
01-14 14:04:16.862 I/AudioHardwareMSM7X30( 1444): do input routing device in:1000000  out:2
01-14 14:04:16.862 I/AudioHardwareMSM7X30( 1444): Routing audio to Speakerphone
01-14 14:04:16.862 I/HTC Acoustic( 1444): set_audio_effect: Record_Default
01-14 14:04:16.862 I/HTC Acoustic( 1444): set_audio_effect: match with name Record_Default (2)
01-14 14:04:16.862 I/HTC Acoustic( 1444): found enabled DSP firmwares and return 0
01-14 14:04:16.862 I/AudioHardwareMSM7X30( 1444): aic3254_config: sound effect (Record_Default)
01-14 14:04:16.862 I/AudioHardwareMSM7X30( 1444): do_aic3254_control (1, 1, 1)
01-14 14:04:16.862 I/AudioHardwareMSM7X30( 1444): aic3254: change tx mode to 19
01-14 14:04:16.872 I/AudioHardwareMSM7X30( 1444): do_route_audio_rpc(1, 1, 0)
01-14 14:04:16.872 I/AudioHardwareMSM7X30( 1444): new_rx = 6
01-14 14:04:16.872 I/AudioHardwareMSM7X30( 1444): new_tx = 16
01-14 14:04:16.872 I/AudioHardwareMSM7X30( 1444): Device switch during pcm recording (old dev 11, new dev 16)
01-14 14:04:16.872 I/HTC Acoustic( 1444): update ACDB id: (tx, rx, tx_acdb, rx_acdb) = (16, 6, 509, 0)
01-14 14:04:16.872 D/AudioHardwareMSM7X30( 1444): updateACDB: (6, 19, 0, 509) success!
01-14 14:04:16.872 D/AudioHardwareMSM7X30( 1444): modify stream type 2 => dev_rx -1, dev_tx 19
01-14 14:04:16.892 D/PhoneWindow( 1689): couldn't save which view has focus because the focused view android.widget.RelativeLayout@407c1200 has no id.
01-14 14:04:16.922 D/AudioHardwareMSM7X30( 1444): acquire input wakelock
01-14 14:04:16.922 I/AudioHardwareMSM7X30( 1444): do_aic3254_control (1, 1, 1)
01-14 14:04:16.932 I/AudioHardwareMSM7X30( 1444): AUDIO_START: start kernel pcm_in driver.
01-14 14:04:17.002 D/AK8975  ( 1451): Compass CLOSE 
01-14 14:04:17.062 D/AMRNBEncoder( 1444): AMRNB ENCODER start with mode:7
01-14 14:04:17.062 D/MPEG4Writer( 1444): start MPEG4Writer::Track thread: Audio, pid=1444, tid=2819
01-14 14:04:17.072 I/MPEG4Writer( 1444): setStartTimestampUs: 247924
01-14 14:04:17.072 I/MPEG4Writer( 1444): Earliest track starting time: 247924
01-14 14:04:17.082 D/ActivityManager( 1590): isSketcherDisabledInCurrentTask():false, ActivityRecord{4099aab0 uk.ac.st_andrews.cs.host.mk74.energymeasurement.microphone/.MainActivity}
01-14 14:04:17.102 D/SurfaceFlinger( 1441): getTokenForSurface(0xa8204) => 0 (client=0xa67d8, bitmap=00000001), pid=2807
01-14 14:04:17.122 D/msm7x30.gralloc( 1441): gpu_context_t::getGrallocInformationFromFormat  2 
01-14 14:04:17.142 W/InputManagerService( 1590): Starting input on non-focused client com.android.internal.view.IInputMethodClient$Stub$Proxy@40a31df8 (uid=9999 pid=1689)
01-14 14:04:17.152 I/ActivityManager( 1590): Displayed uk.ac.st_andrews.cs.host.mk74.energymeasurement.microphone/.MainActivity: +478ms (total +22m31s360ms)
01-14 14:04:17.172 D/SurfaceFlinger( 1441): virtual void android::Layer::onRemoved(): lcblk (identity=26, status=0, token=0)
01-14 14:04:17.172 D/msm7x30.gralloc( 1441): gpu_context_t::getGrallocInformationFromFormat  2 
01-14 14:04:17.232 D/CombinedWidgetProvider( 1689): +addFxWidgetCategories: default
01-14 14:04:17.242 D/CombinedWidgetProvider( 1689): addFxWidget Category: WidgetCategory(Watch/FX_WIDGET/-2)
01-14 14:04:17.242 D/CombinedWidgetProvider( 1689): +addFxWidgetCategories: default
01-14 14:04:17.242 D/CombinedWidgetProvider( 1689): addFxWidget Category: WidgetCategory(Mail/FX_WIDGET/-2)
01-14 14:04:17.242 D/CombinedWidgetProvider( 1689): +addFxWidgetCategories: default
01-14 14:04:17.242 D/CombinedWidgetProvider( 1689): addFxWidget Category: WidgetCategory(People/FX_WIDGET/-2)
01-14 14:04:17.242 D/CombinedWidgetProvider( 1689): +addFxWidgetCategories: default
01-14 14:04:17.242 D/CombinedWidgetProvider( 1689): addFxWidget Category: WidgetCategory(Calendar/FX_WIDGET/-2)
01-14 14:04:17.242 D/CombinedWidgetProvider( 1689): +addFxWidgetCategories: default
01-14 14:04:17.242 D/CombinedWidgetProvider( 1689): addFxWidget Category: WidgetCategory(Bookmarks/FX_WIDGET/-2)
01-14 14:04:17.242 D/CombinedWidgetProvider( 1689): +addFxWidgetCategories: default
01-14 14:04:17.242 D/CombinedWidgetProvider( 1689): addFxWidget Category: WidgetCategory(Messages/FX_WIDGET/-2)
01-14 14:04:17.242 D/CombinedWidgetProvider( 1689): +addFxWidgetCategories: default
01-14 14:04:17.242 D/CombinedWidgetProvider( 1689): addFxWidget Category: WidgetCategory(Twitter/FX_WIDGET/-2)
01-14 14:04:17.242 D/CombinedWidgetProvider( 1689): +addFxWidgetCategories: default
01-14 14:04:17.242 D/CombinedWidgetProvider( 1689): addFxWidget Category: WidgetCategory(Trends/FX_WIDGET/-2)
01-14 14:04:17.242 D/CombinedWidgetProvider( 1689): +addFxWidgetCategories: default
01-14 14:04:17.252 D/CombinedWidgetProvider( 1689): addFxWidget Category: WidgetCategory(Sync All/FX_WIDGET/-2)
01-14 14:04:17.252 D/CombinedWidgetProvider( 1689): +addFxWidgetCategories: default
01-14 14:04:17.252 D/CombinedWidgetProvider( 1689): addFxWidget Category: WidgetCategory(Music/FX_WIDGET/-2)
01-14 14:04:17.262 D/CombinedWidgetProvider( 1689): +addFxWidgetCategories: default
01-14 14:04:17.262 D/CombinedWidgetProvider( 1689): addFxWidget Category: WidgetCategory(Friend Stream/FX_WIDGET/-2)
01-14 14:04:17.262 D/CombinedWidgetProvider( 1689): +addFxWidgetCategories: default
01-14 14:04:17.262 D/CombinedWidgetProvider( 1689): addFxWidget Category: WidgetCategory(My Shelf/FX_WIDGET/-2)
01-14 14:04:17.262 D/CombinedWidgetProvider( 1689): +addFxWidgetCategories: default
01-14 14:04:17.262 D/CombinedWidgetProvider( 1689): addFxWidget Category: WidgetCategory(Weather/FX_WIDGET/-2)
01-14 14:04:17.262 D/CombinedWidgetProvider( 1689): +addFxWidgetCategories: default
01-14 14:04:17.262 D/CombinedWidgetProvider( 1689): addFxWidget Category: WidgetCategory(Notes/FX_WIDGET/-2)
01-14 14:04:17.262 D/CombinedWidgetProvider( 1689): +addFxWidgetCategories: default
01-14 14:04:17.262 D/CombinedWidgetProvider( 1689): addFxWidget Category: WidgetCategory(HTC Likes/FX_WIDGET/-2)
01-14 14:04:17.262 D/CombinedWidgetProvider( 1689): +addFxWidgetCategories: default
01-14 14:04:17.262 D/CombinedWidgetProvider( 1689): addFxWidget Category: WidgetCategory(Photo Album/FX_WIDGET/-2)
01-14 14:04:17.262 D/CombinedWidgetProvider( 1689): +addFxWidgetCategories: default
01-14 14:04:17.262 D/CombinedWidgetProvider( 1689): addFxWidget Category: WidgetCategory(Photo Frame/FX_WIDGET/-2)
01-14 14:04:17.262 D/CombinedWidgetProvider( 1689): +addFxWidgetCategories: default
01-14 14:04:17.272 D/CombinedWidgetProvider( 1689): addFxWidget Category: WidgetCategory(Photo Grid/FX_WIDGET/-2)
01-14 14:04:17.272 D/CombinedWidgetProvider( 1689): +addFxWidgetCategories: default
01-14 14:04:17.272 D/CombinedWidgetProvider( 1689): addFxWidget Category: WidgetCategory(Navigate/FX_WIDGET/-2)
01-14 14:04:17.272 D/CombinedWidgetProvider( 1689): +addFxWidgetCategories: default
01-14 14:04:17.272 D/CombinedWidgetProvider( 1689): addFxWidget Category: WidgetCategory(Locations/FX_WIDGET/-2)
01-14 14:04:17.272 D/CombinedWidgetProvider( 1689): +addFxWidgetCategories: default
01-14 14:04:17.272 D/CombinedWidgetProvider( 1689): addFxWidget Category: WidgetCategory(News/FX_WIDGET/-2)
01-14 14:04:17.272 D/CombinedWidgetProvider( 1689): +addFxWidgetCategories: default
01-14 14:04:17.272 D/CombinedWidgetProvider( 1689): addFxWidget Category: WidgetCategory(Clock/FX_WIDGET/-2)
01-14 14:04:17.282 D/CombinedWidgetProvider( 1689): +addFxWidgetCategories: default
01-14 14:04:17.282 D/CombinedWidgetProvider( 1689): addFxWidget Category: WidgetCategory(Calculator/FX_WIDGET/-2)
01-14 14:04:17.282 D/CombinedWidgetProvider( 1689): +addFxWidgetCategories: default
01-14 14:04:17.282 D/CombinedWidgetProvider( 1689): addFxWidget Category: WidgetCategory(Stocks/FX_WIDGET/-2)
01-14 14:04:17.282 D/CombinedWidgetProvider( 1689): -addFxWidgetCategories
01-14 14:04:17.292 I/SimplePen( 2364): created render with defaul alpha: 180, color: -1275068161, width: 3.0
01-14 14:04:17.292 I/ActivityManager( 1590): No longer want com.htc.bg (pid 2451): hidden #16
01-14 14:04:17.302 D/PenUtils( 2364): getAllPen() end 212
01-14 14:04:17.322 D/PenMenu ( 2364): mPenTypeLoadingListener runnable - onFinish
01-14 14:04:17.402 D/dalvikvm( 1689): GC_CONCURRENT freed 1153K, 12% free 12154K/13703K, paused 1ms+40ms
01-14 14:04:17.492 D/dalvikvm( 2364): GC_CONCURRENT freed 1370K, 16% free 8157K/9671K, paused 2ms+11ms
01-14 14:04:17.562 D/dalvikvm( 2364): GC_CONCURRENT freed 26K, 11% free 8694K/9671K, paused 2ms+2ms
01-14 14:04:17.603 D/dalvikvm( 2364): GC_FOR_ALLOC freed 413K, 10% free 8747K/9671K, paused 17ms
01-14 14:04:17.683 D/dalvikvm( 2364): GC_FOR_ALLOC freed 950K, 15% free 8235K/9671K, paused 15ms
01-14 14:04:17.753 D/dalvikvm( 2364): GC_CONCURRENT freed 164K, 11% free 8663K/9671K, paused 1ms+1ms
01-14 14:04:17.813 D/dalvikvm( 2364): GC_FOR_ALLOC freed 380K, 10% free 8776K/9671K, paused 43ms
01-14 14:04:18.063 I/System.out( 2807): Values: 0
01-14 14:04:18.273 D/dalvikvm( 1683): GC_CONCURRENT freed 295K, 10% free 7893K/8711K, paused 1ms+1ms
01-14 14:04:19.064 I/System.out( 2807): Values: 1983
01-14 14:04:20.065 I/System.out( 2807): Values: 3287
01-14 14:04:21.066 I/System.out( 2807): Values: 15714
01-14 14:04:22.067 I/System.out( 2807): Values: 29456
01-14 14:04:22.377 D/UsbnetService( 1590): BroadcastReceiver::onReceive+
01-14 14:04:22.377 D/UsbnetService( 1590): onReceive BATTERY_CHANGED
01-14 14:04:22.377 D/UsbnetService( 1590):  --> pluggedType = 2, mPluggedType = 0, mScreenOff = false
01-14 14:04:22.377 D/UsbnetService( 1590): BroadcastReceiver::onReceive-
01-14 14:04:22.377 D/NotificationService( 1590): mIntentReceiver() Intent.ACTION_BATTERY_CHANGED
01-14 14:04:22.397 D/BatteryService( 1590): SendIntentforPowersaver
01-14 14:04:22.397 D/BatteryService( 1590): Current powersaver status == NORMAL_STATUS1 2 2 false
01-14 14:04:22.397 D/PowerUI ( 1660): closing low battery warning: level=99
01-14 14:04:22.407 D/RemoveMe( 1682): DCT got intent android.intent.action.BATTERY_CHANGED
01-14 14:04:22.407 D/PowerUI ( 1660): plugged = true, health = 2, mBatteryLevel = 99, mPluggedBatteryLevel = 99, mLowBatteryWarningLevel2 = 25, mshowLowChargingWarning2 = true
01-14 14:04:22.417 D/RemoveMe( 1682): DCT got intent android.intent.action.BATTERY_CHANGED
01-14 14:04:22.417 D/RemoveMe( 1682): DCT got intent android.intent.action.BATTERY_CHANGED
01-14 14:04:23.068 I/System.out( 2807): Values: 13828
01-14 14:04:24.069 I/System.out( 2807): Values: 4264
01-14 14:04:25.070 I/System.out( 2807): Values: 441
01-14 14:04:26.061 I/System.out( 2807): Values: 5535
01-14 14:04:27.062 I/System.out( 2807): Values: 6490
01-14 14:04:27.482 D/dalvikvm( 2364): GC_EXPLICIT freed 76K, 10% free 8758K/9671K, paused 28ms+1ms
01-14 14:04:28.063 I/System.out( 2807): Values: 3513
01-14 14:04:29.064 I/System.out( 2807): Values: 31069
01-14 14:04:30.065 I/System.out( 2807): Values: 3314
01-14 14:04:31.066 I/System.out( 2807): Values: 17791
01-14 14:04:32.067 I/System.out( 2807): Values: 4880
01-14 14:04:32.487 D/dalvikvm( 2485): GC_EXPLICIT freed 86K, 5% free 6697K/7047K, paused 5ms+1ms
01-14 14:04:33.078 I/System.out( 2807): Values: 26643
01-14 14:04:34.069 I/System.out( 2807): Values: 11761
01-14 14:04:35.070 I/System.out( 2807): Values: 831
01-14 14:04:36.071 I/System.out( 2807): Values: 395
01-14 14:04:37.071 I/System.out( 2807): Values: 19155
01-14 14:04:38.062 I/System.out( 2807): Values: 5138
01-14 14:04:39.063 I/System.out( 2807): Values: 28924
01-14 14:04:40.064 I/System.out( 2807): Values: 32767
01-14 14:04:41.065 I/System.out( 2807): Values: 1720
01-14 14:04:42.066 I/System.out( 2807): Values: 8051
01-14 14:04:43.067 I/System.out( 2807): Values: 2676
01-14 14:04:44.068 I/System.out( 2807): Values: 1149
01-14 14:04:45.069 I/System.out( 2807): Values: 374
01-14 14:04:46.070 I/System.out( 2807): Values: 1556
01-14 14:04:47.071 I/System.out( 2807): Values: 1350
01-14 14:04:48.062 I/System.out( 2807): Values: 4602
01-14 14:04:49.083 I/System.out( 2807): Values: 458
01-14 14:04:50.074 I/System.out( 2807): Values: 4765
01-14 14:04:51.065 I/System.out( 2807): Values: 367
01-14 14:04:52.066 I/System.out( 2807): Values: 1691
01-14 14:04:52.426 D/UsbnetService( 1590): BroadcastReceiver::onReceive+
01-14 14:04:52.426 D/UsbnetService( 1590): onReceive BATTERY_CHANGED
01-14 14:04:52.426 D/UsbnetService( 1590):  --> pluggedType = 2, mPluggedType = 0, mScreenOff = false
01-14 14:04:52.426 D/UsbnetService( 1590): BroadcastReceiver::onReceive-
01-14 14:04:52.426 D/NotificationService( 1590): mIntentReceiver() Intent.ACTION_BATTERY_CHANGED
01-14 14:04:52.436 D/BatteryService( 1590): SendIntentforPowersaver
01-14 14:04:52.436 D/BatteryService( 1590): Current powersaver status == NORMAL_STATUS1 2 2 false
01-14 14:04:52.436 D/RemoveMe( 1682): DCT got intent android.intent.action.BATTERY_CHANGED
01-14 14:04:52.436 D/PowerUI ( 1660): closing low battery warning: level=99
01-14 14:04:52.436 D/PowerUI ( 1660): plugged = true, health = 2, mBatteryLevel = 99, mPluggedBatteryLevel = 99, mLowBatteryWarningLevel2 = 25, mshowLowChargingWarning2 = true
01-14 14:04:52.446 D/RemoveMe( 1682): DCT got intent android.intent.action.BATTERY_CHANGED
01-14 14:04:52.446 D/RemoveMe( 1682): DCT got intent android.intent.action.BATTERY_CHANGED
01-14 14:04:53.067 I/System.out( 2807): Values: 2959
01-14 14:04:54.068 I/System.out( 2807): Values: 646
01-14 14:04:55.069 I/System.out( 2807): Values: 835
01-14 14:04:56.060 I/System.out( 2807): Values: 19848
01-14 14:04:57.071 I/System.out( 2807): Values: 11240
01-14 14:04:58.062 I/System.out( 2807): Values: 32767
01-14 14:04:59.063 I/System.out( 2807): Values: 7151
01-14 14:05:00.074 I/System.out( 2807): Values: 2365
01-14 14:05:01.075 I/System.out( 2807): Values: 2892
01-14 14:05:02.076 I/System.out( 2807): Values: 3388
01-14 14:05:03.077 I/System.out( 2807): Values: 2383
01-14 14:05:04.078 I/System.out( 2807): Values: 633
01-14 14:05:05.079 I/System.out( 2807): Values: 552
01-14 14:05:06.070 I/System.out( 2807): Values: 515
01-14 14:05:07.071 I/System.out( 2807): Values: 1450
01-14 14:05:08.072 I/System.out( 2807): Values: 457
01-14 14:05:09.073 I/System.out( 2807): Values: 1847
01-14 14:05:10.074 I/System.out( 2807): Values: 454
01-14 14:05:11.075 I/System.out( 2807): Values: 1719
01-14 14:05:12.076 I/System.out( 2807): Values: 3443
01-14 14:05:13.077 I/System.out( 2807): Values: 489
01-14 14:05:14.078 I/System.out( 2807): Values: 5687
01-14 14:05:15.079 I/System.out( 2807): Values: 2033
01-14 14:05:16.080 I/System.out( 2807): Values: 3791
01-14 14:05:17.071 I/System.out( 2807): Values: 510
01-14 14:05:18.071 I/System.out( 2807): Values: 1785
01-14 14:05:19.072 I/System.out( 2807): Values: 542
01-14 14:05:20.073 I/System.out( 2807): Values: 624
01-14 14:05:21.074 I/System.out( 2807): Values: 403
01-14 14:05:22.075 I/System.out( 2807): Values: 3024
01-14 14:05:22.446 D/UsbnetService( 1590): BroadcastReceiver::onReceive+
01-14 14:05:22.446 D/UsbnetService( 1590): onReceive BATTERY_CHANGED
01-14 14:05:22.456 D/UsbnetService( 1590):  --> pluggedType = 2, mPluggedType = 0, mScreenOff = false
01-14 14:05:22.456 D/UsbnetService( 1590): BroadcastReceiver::onReceive-
01-14 14:05:22.456 D/NotificationService( 1590): mIntentReceiver() Intent.ACTION_BATTERY_CHANGED
01-14 14:05:22.466 D/BatteryService( 1590): SendIntentforPowersaver
01-14 14:05:22.466 D/BatteryService( 1590): Current powersaver status == NORMAL_STATUS1 2 2 false
01-14 14:05:22.496 D/PowerUI ( 1660): closing low battery warning: level=99
01-14 14:05:22.496 D/RemoveMe( 1682): DCT got intent android.intent.action.BATTERY_CHANGED
01-14 14:05:22.496 D/RemoveMe( 1682): DCT got intent android.intent.action.BATTERY_CHANGED
01-14 14:05:22.496 D/PowerUI ( 1660): plugged = true, health = 2, mBatteryLevel = 99, mPluggedBatteryLevel = 99, mLowBatteryWarningLevel2 = 25, mshowLowChargingWarning2 = true
01-14 14:05:22.506 D/RemoveMe( 1682): DCT got intent android.intent.action.BATTERY_CHANGED
01-14 14:05:23.076 I/System.out( 2807): Values: 524
01-14 14:05:24.077 I/System.out( 2807): Values: 367
01-14 14:05:25.078 I/System.out( 2807): Values: 424
01-14 14:05:26.079 I/System.out( 2807): Values: 604
01-14 14:05:26.129 I/EventLogService( 1738): Aggregate from 1389706526021 (log), 1389706526021 (data)
01-14 14:05:27.100 I/System.out( 2807): Values: 420
01-14 14:05:28.081 I/System.out( 2807): Values: 1992
01-14 14:05:29.082 I/System.out( 2807): Values: 877
01-14 14:05:30.083 I/System.out( 2807): Values: 460
01-14 14:05:31.084 I/System.out( 2807): Values: 690
01-14 14:05:32.085 I/System.out( 2807): Values: 514
01-14 14:05:33.086 I/System.out( 2807): Values: 529
01-14 14:05:34.087 I/System.out( 2807): Values: 663
01-14 14:05:35.088 I/System.out( 2807): Values: 464
01-14 14:05:36.089 I/System.out( 2807): Values: 475
01-14 14:05:37.080 I/System.out( 2807): Values: 6478
01-14 14:05:38.081 I/System.out( 2807): Values: 430
01-14 14:05:39.082 I/System.out( 2807): Values: 601
01-14 14:05:40.083 I/System.out( 2807): Values: 1806
01-14 14:05:41.084 I/System.out( 2807): Values: 22037
01-14 14:05:42.085 I/System.out( 2807): Values: 11958
01-14 14:05:43.086 I/System.out( 2807): Values: 7019
01-14 14:05:44.087 I/System.out( 2807): Values: 1963
01-14 14:05:45.088 I/System.out( 2807): Values: 1783
01-14 14:05:46.089 I/System.out( 2807): Values: 2265
01-14 14:05:47.080 I/System.out( 2807): Values: 1521
01-14 14:05:48.081 I/System.out( 2807): Values: 500
01-14 14:05:49.082 I/System.out( 2807): Values: 2291
01-14 14:05:50.083 I/System.out( 2807): Values: 2025
01-14 14:05:51.084 I/System.out( 2807): Values: 1733
01-14 14:05:52.085 I/System.out( 2807): Values: 704
01-14 14:05:52.475 D/UsbnetService( 1590): BroadcastReceiver::onReceive+
01-14 14:05:52.475 D/UsbnetService( 1590): onReceive BATTERY_CHANGED
01-14 14:05:52.475 D/UsbnetService( 1590):  --> pluggedType = 2, mPluggedType = 0, mScreenOff = false
01-14 14:05:52.475 D/UsbnetService( 1590): BroadcastReceiver::onReceive-
01-14 14:05:52.485 D/BatteryService( 1590): SendIntentforPowersaver
01-14 14:05:52.485 D/NotificationService( 1590): mIntentReceiver() Intent.ACTION_BATTERY_CHANGED
01-14 14:05:52.495 D/BatteryService( 1590): Current powersaver status == NORMAL_STATUS1 2 2 false
01-14 14:05:52.505 D/PowerUI ( 1660): closing low battery warning: level=98
01-14 14:05:52.515 D/RemoveMe( 1682): DCT got intent android.intent.action.BATTERY_CHANGED
01-14 14:05:52.515 D/PowerUI ( 1660): plugged = true, health = 2, mBatteryLevel = 98, mPluggedBatteryLevel = 99, mLowBatteryWarningLevel2 = 25, mshowLowChargingWarning2 = true
01-14 14:05:52.525 D/RemoveMe( 1682): DCT got intent android.intent.action.BATTERY_CHANGED
01-14 14:05:52.535 D/RemoveMe( 1682): DCT got intent android.intent.action.BATTERY_CHANGED
01-14 14:05:53.086 I/System.out( 2807): Values: 2461
01-14 14:05:53.096 I/System.out( 2807): Battery level start is reached
01-14 14:05:54.087 I/System.out( 2807): Values: 2811
01-14 14:05:55.098 I/System.out( 2807): Values: 1895
01-14 14:05:56.089 I/System.out( 2807): Values: 1886
01-14 14:05:57.080 I/System.out( 2807): Values: 657
01-14 14:05:58.081 I/System.out( 2807): Values: 1674
01-14 14:05:59.082 I/System.out( 2807): Values: 457
01-14 14:06:00.082 I/System.out( 2807): Values: 522
01-14 14:06:01.093 I/System.out( 2807): Values: 478
01-14 14:06:02.094 I/System.out( 2807): Values: 1282
01-14 14:06:03.095 I/System.out( 2807): Values: 3329
01-14 14:06:04.096 I/System.out( 2807): Values: 7043
01-14 14:06:05.117 I/System.out( 2807): Values: 6102
01-14 14:06:05.147 D/dalvikvm( 1689): GC_EXPLICIT freed 1884K, 26% free 10272K/13703K, paused 8ms+3ms
01-14 14:06:06.098 I/System.out( 2807): Values: 18112
01-14 14:06:07.099 I/System.out( 2807): Values: 5717
01-14 14:06:08.090 I/System.out( 2807): Values: 2648
01-14 14:06:09.091 I/System.out( 2807): Values: 4149
01-14 14:06:10.092 I/System.out( 2807): Values: 22221
01-14 14:06:11.093 I/System.out( 2807): Values: 5209
01-14 14:06:12.094 I/System.out( 2807): Values: 5846
01-14 14:06:13.095 I/System.out( 2807): Values: 1077
01-14 14:06:14.096 I/System.out( 2807): Values: 424
01-14 14:06:15.097 I/System.out( 2807): Values: 521
01-14 14:06:16.108 I/System.out( 2807): Values: 2567
01-14 14:06:17.099 I/System.out( 2807): Values: 1029
01-14 14:06:18.090 I/System.out( 2807): Values: 1130
01-14 14:06:19.091 I/System.out( 2807): Values: 481
01-14 14:06:20.092 I/System.out( 2807): Values: 437
01-14 14:06:21.093 I/System.out( 2807): Values: 4800
01-14 14:06:22.094 I/System.out( 2807): Values: 435
01-14 14:06:22.524 D/UsbnetService( 1590): BroadcastReceiver::onReceive+
01-14 14:06:22.534 D/UsbnetService( 1590): onReceive BATTERY_CHANGED
01-14 14:06:22.534 D/UsbnetService( 1590):  --> pluggedType = 2, mPluggedType = 0, mScreenOff = false
01-14 14:06:22.534 D/UsbnetService( 1590): BroadcastReceiver::onReceive-
01-14 14:06:22.534 D/NotificationService( 1590): mIntentReceiver() Intent.ACTION_BATTERY_CHANGED
01-14 14:06:22.544 D/BatteryService( 1590): SendIntentforPowersaver
01-14 14:06:22.544 D/BatteryService( 1590): Current powersaver status == NORMAL_STATUS1 2 2 false
01-14 14:06:22.554 D/PowerUI ( 1660): closing low battery warning: level=98
01-14 14:06:22.564 D/RemoveMe( 1682): DCT got intent android.intent.action.BATTERY_CHANGED
01-14 14:06:22.564 D/PowerUI ( 1660): plugged = true, health = 2, mBatteryLevel = 98, mPluggedBatteryLevel = 99, mLowBatteryWarningLevel2 = 25, mshowLowChargingWarning2 = true
01-14 14:06:22.574 D/RemoveMe( 1682): DCT got intent android.intent.action.BATTERY_CHANGED
01-14 14:06:22.584 D/RemoveMe( 1682): DCT got intent android.intent.action.BATTERY_CHANGED
01-14 14:06:23.095 I/System.out( 2807): Values: 423
01-14 14:06:24.096 I/System.out( 2807): Values: 640
01-14 14:06:25.097 I/System.out( 2807): Values: 455
01-14 14:06:26.098 I/System.out( 2807): Values: 832
01-14 14:06:27.099 I/System.out( 2807): Values: 2261
01-14 14:06:28.090 I/System.out( 2807): Values: 1093
01-14 14:06:29.091 I/System.out( 2807): Values: 662
01-14 14:06:30.092 I/System.out( 2807): Values: 1331
01-14 14:06:31.093 I/System.out( 2807): Values: 520
01-14 14:06:32.094 I/System.out( 2807): Values: 529
01-14 14:06:33.095 I/System.out( 2807): Values: 1961
01-14 14:06:34.096 I/System.out( 2807): Values: 808
01-14 14:06:35.107 I/System.out( 2807): Values: 1968
01-14 14:06:36.108 I/System.out( 2807): Values: 5915
01-14 14:06:37.109 I/System.out( 2807): Values: 589
01-14 14:06:38.100 I/System.out( 2807): Values: 681
01-14 14:06:39.101 I/System.out( 2807): Values: 2627
01-14 14:06:40.102 I/System.out( 2807): Values: 676
01-14 14:06:41.103 I/System.out( 2807): Values: 658
01-14 14:06:42.103 I/System.out( 2807): Values: 759
01-14 14:06:43.104 I/System.out( 2807): Values: 482
01-14 14:06:44.105 I/System.out( 2807): Values: 478
01-14 14:06:45.106 I/System.out( 2807): Values: 1441
01-14 14:06:46.107 I/System.out( 2807): Values: 532
01-14 14:06:47.108 I/System.out( 2807): Values: 8550
01-14 14:06:47.188 D/dalvikvm( 2807): GC_CONCURRENT freed 343K, 7% free 6550K/6983K, paused 5ms+4ms
01-14 14:06:48.109 I/System.out( 2807): Values: 472
01-14 14:06:49.100 I/System.out( 2807): Values: 413
01-14 14:06:50.101 I/System.out( 2807): Values: 590
01-14 14:06:51.102 I/System.out( 2807): Values: 857
01-14 14:06:52.103 I/System.out( 2807): Values: 659
01-14 14:06:52.554 D/UsbnetService( 1590): BroadcastReceiver::onReceive+
01-14 14:06:52.554 D/UsbnetService( 1590): onReceive BATTERY_CHANGED
01-14 14:06:52.554 D/UsbnetService( 1590):  --> pluggedType = 2, mPluggedType = 0, mScreenOff = false
01-14 14:06:52.554 D/UsbnetService( 1590): BroadcastReceiver::onReceive-
01-14 14:06:52.554 D/NotificationService( 1590): mIntentReceiver() Intent.ACTION_BATTERY_CHANGED
01-14 14:06:52.564 D/BatteryService( 1590): SendIntentforPowersaver
01-14 14:06:52.564 D/BatteryService( 1590): Current powersaver status == NORMAL_STATUS1 2 2 false
01-14 14:06:52.604 D/PowerUI ( 1660): closing low battery warning: level=98
01-14 14:06:52.604 D/RemoveMe( 1682): DCT got intent android.intent.action.BATTERY_CHANGED
01-14 14:06:52.604 D/RemoveMe( 1682): DCT got intent android.intent.action.BATTERY_CHANGED
01-14 14:06:52.604 D/RemoveMe( 1682): DCT got intent android.intent.action.BATTERY_CHANGED
01-14 14:06:52.604 D/PowerUI ( 1660): plugged = true, health = 2, mBatteryLevel = 98, mPluggedBatteryLevel = 99, mLowBatteryWarningLevel2 = 25, mshowLowChargingWarning2 = true
01-14 14:06:53.104 I/System.out( 2807): Values: 512
01-14 14:06:54.105 I/System.out( 2807): Values: 546
01-14 14:06:55.106 I/System.out( 2807): Values: 443
01-14 14:06:56.107 I/System.out( 2807): Values: 558
01-14 14:06:57.108 I/System.out( 2807): Values: 1264
01-14 14:06:58.109 I/System.out( 2807): Values: 2887
01-14 14:06:59.100 I/System.out( 2807): Values: 4341
01-14 14:07:00.101 I/System.out( 2807): Values: 468
01-14 14:07:01.102 I/System.out( 2807): Values: 2402
01-14 14:07:02.103 I/System.out( 2807): Values: 2649
01-14 14:07:03.104 I/System.out( 2807): Values: 1276
01-14 14:07:04.105 I/System.out( 2807): Values: 525
01-14 14:07:05.106 I/System.out( 2807): Values: 1369
01-14 14:07:06.107 I/System.out( 2807): Values: 8364
01-14 14:07:07.108 I/System.out( 2807): Values: 7434
01-14 14:07:08.109 I/System.out( 2807): Values: 3071
01-14 14:07:09.100 I/System.out( 2807): Values: 3346
01-14 14:07:10.101 I/System.out( 2807): Values: 458
01-14 14:07:11.102 I/System.out( 2807): Values: 3257
01-14 14:07:12.103 I/System.out( 2807): Values: 437
01-14 14:07:13.104 I/System.out( 2807): Values: 431
01-14 14:07:14.115 I/System.out( 2807): Values: 2234
01-14 14:07:15.116 I/System.out( 2807): Values: 437
01-14 14:07:16.117 I/System.out( 2807): Values: 446
01-14 14:07:17.118 I/System.out( 2807): Values: 2779
01-14 14:07:18.119 I/System.out( 2807): Values: 648
01-14 14:07:19.110 I/System.out( 2807): Values: 874
01-14 14:07:20.111 I/System.out( 2807): Values: 572
01-14 14:07:21.112 I/System.out( 2807): Values: 843
01-14 14:07:22.113 I/System.out( 2807): Values: 3103
01-14 14:07:22.583 D/UsbnetService( 1590): BroadcastReceiver::onReceive+
01-14 14:07:22.583 D/UsbnetService( 1590): onReceive BATTERY_CHANGED
01-14 14:07:22.583 D/UsbnetService( 1590):  --> pluggedType = 2, mPluggedType = 0, mScreenOff = false
01-14 14:07:22.583 D/UsbnetService( 1590): BroadcastReceiver::onReceive-
01-14 14:07:22.583 D/NotificationService( 1590): mIntentReceiver() Intent.ACTION_BATTERY_CHANGED
01-14 14:07:22.593 D/BatteryService( 1590): SendIntentforPowersaver
01-14 14:07:22.603 D/BatteryService( 1590): Current powersaver status == NORMAL_STATUS1 2 2 false
01-14 14:07:22.613 D/RemoveMe( 1682): DCT got intent android.intent.action.BATTERY_CHANGED
01-14 14:07:22.613 D/PowerUI ( 1660): closing low battery warning: level=98
01-14 14:07:22.613 D/PowerUI ( 1660): plugged = true, health = 2, mBatteryLevel = 98, mPluggedBatteryLevel = 99, mLowBatteryWarningLevel2 = 25, mshowLowChargingWarning2 = true
01-14 14:07:22.623 D/RemoveMe( 1682): DCT got intent android.intent.action.BATTERY_CHANGED
01-14 14:07:22.633 D/RemoveMe( 1682): DCT got intent android.intent.action.BATTERY_CHANGED
01-14 14:07:23.113 I/System.out( 2807): Values: 467
01-14 14:07:24.114 I/System.out( 2807): Values: 487
01-14 14:07:25.115 I/System.out( 2807): Values: 511
01-14 14:07:26.116 I/System.out( 2807): Values: 575
01-14 14:07:27.117 I/System.out( 2807): Values: 551
01-14 14:07:28.118 I/System.out( 2807): Values: 447
01-14 14:07:29.119 I/System.out( 2807): Values: 3778
01-14 14:07:30.110 I/System.out( 2807): Values: 1665
01-14 14:07:31.111 I/System.out( 2807): Values: 466
01-14 14:07:32.112 I/System.out( 2807): Values: 455
01-14 14:07:33.113 I/System.out( 2807): Values: 3332
01-14 14:07:34.114 I/System.out( 2807): Values: 514
01-14 14:07:35.115 I/System.out( 2807): Values: 885
01-14 14:07:36.116 I/System.out( 2807): Values: 737
01-14 14:07:37.117 I/System.out( 2807): Values: 629
01-14 14:07:38.118 I/System.out( 2807): Values: 1710
01-14 14:07:39.119 I/System.out( 2807): Values: 824
01-14 14:07:40.110 I/System.out( 2807): Values: 2313
01-14 14:07:41.111 I/System.out( 2807): Values: 758
01-14 14:07:42.112 I/System.out( 2807): Values: 4677
01-14 14:07:43.113 I/System.out( 2807): Values: 1899
01-14 14:07:44.114 I/System.out( 2807): Values: 1016
01-14 14:07:45.115 I/System.out( 2807): Values: 924
01-14 14:07:46.116 I/System.out( 2807): Values: 12083
01-14 14:07:47.127 I/System.out( 2807): Values: 525
01-14 14:07:48.118 I/System.out( 2807): Values: 1198
01-14 14:07:49.119 I/System.out( 2807): Values: 1109
01-14 14:07:50.110 I/System.out( 2807): Values: 810
01-14 14:07:51.111 I/System.out( 2807): Values: 1843
01-14 14:07:52.112 I/System.out( 2807): Values: 1344
01-14 14:07:53.113 I/System.out( 2807): Values: 1515
01-14 14:07:54.114 I/System.out( 2807): Values: 2571
01-14 14:07:55.115 I/System.out( 2807): Values: 2518
01-14 14:07:56.116 I/System.out( 2807): Values: 677
01-14 14:07:57.117 I/System.out( 2807): Values: 3341
01-14 14:07:58.118 I/System.out( 2807): Values: 473
01-14 14:07:59.119 I/System.out( 2807): Values: 976
01-14 14:08:00.110 I/System.out( 2807): Values: 589
01-14 14:08:01.111 I/System.out( 2807): Values: 691
01-14 14:08:02.112 I/System.out( 2807): Values: 5976
01-14 14:08:03.113 I/System.out( 2807): Values: 15846
01-14 14:08:04.113 I/System.out( 2807): Values: 591
01-14 14:08:05.094 D/dalvikvm( 1689): GC_EXPLICIT freed 6K, 26% free 10267K/13703K, paused 2ms+3ms
01-14 14:08:05.114 I/System.out( 2807): Values: 504
01-14 14:08:06.115 I/System.out( 2807): Values: 490
01-14 14:08:07.126 I/System.out( 2807): Values: 696
01-14 14:08:08.117 I/System.out( 2807): Values: 750
01-14 14:08:09.128 I/System.out( 2807): Values: 990
01-14 14:08:10.129 I/System.out( 2807): Values: 1396
01-14 14:08:11.120 I/System.out( 2807): Values: 1265
01-14 14:08:12.121 I/System.out( 2807): Values: 739
01-14 14:08:13.122 I/System.out( 2807): Values: 3037
01-14 14:08:14.123 I/System.out( 2807): Values: 552
01-14 14:08:15.124 I/System.out( 2807): Values: 12758
01-14 14:08:16.125 I/System.out( 2807): Values: 1137
01-14 14:08:17.126 I/System.out( 2807): Values: 3590
01-14 14:08:18.127 I/System.out( 2807): Values: 6337
01-14 14:08:19.128 I/System.out( 2807): Values: 3346
01-14 14:08:20.129 I/System.out( 2807): Values: 420
01-14 14:08:21.120 I/System.out( 2807): Values: 2910
01-14 14:08:22.121 I/System.out( 2807): Values: 853
01-14 14:08:23.122 I/System.out( 2807): Values: 586
01-14 14:08:24.123 I/System.out( 2807): Values: 509
01-14 14:08:25.144 I/System.out( 2807): Values: 496
01-14 14:08:26.125 I/System.out( 2807): Values: 524
01-14 14:08:27.126 I/System.out( 2807): Values: 494
01-14 14:08:28.127 I/System.out( 2807): Values: 512
01-14 14:08:29.128 I/System.out( 2807): Values: 502
01-14 14:08:30.139 I/System.out( 2807): Values: 2092
01-14 14:08:31.120 I/System.out( 2807): Values: 2223
01-14 14:08:32.121 I/System.out( 2807): Values: 3379
01-14 14:08:33.122 I/System.out( 2807): Values: 443
01-14 14:08:34.123 I/System.out( 2807): Values: 459
01-14 14:08:35.124 I/System.out( 2807): Values: 437
01-14 14:08:36.155 I/System.out( 2807): Values: 489
01-14 14:08:37.136 I/System.out( 2807): Values: 758
01-14 14:08:38.137 I/System.out( 2807): Values: 662
01-14 14:08:39.138 I/System.out( 2807): Values: 1217
01-14 14:08:40.139 I/System.out( 2807): Values: 487
01-14 14:08:41.130 I/System.out( 2807): Values: 538
01-14 14:08:42.131 I/System.out( 2807): Values: 427
01-14 14:08:43.132 I/System.out( 2807): Values: 3195
01-14 14:08:44.133 I/System.out( 2807): Values: 2294
01-14 14:08:45.134 I/System.out( 2807): Values: 775
01-14 14:08:46.134 I/System.out( 2807): Values: 1107
01-14 14:08:47.135 I/System.out( 2807): Values: 1920
01-14 14:08:48.136 I/System.out( 2807): Values: 1598
01-14 14:08:49.137 I/System.out( 2807): Values: 670
01-14 14:08:50.138 I/System.out( 2807): Values: 1914
