01-10 17:39:23.141 D/Tethering( 1588): sendTetherStateChangedBroadcast 1, 0, 0
01-10 17:39:23.141 D/Tethering( 1588): interfaceAdded :usb0
01-10 17:39:23.141 D/UsbConnectedReceiver( 2634): USB Connected.
01-10 17:39:23.141 D/PSCommon( 2634): Content in /sys/class/switch/dock/status = offline
01-10 17:39:23.141 I/NetSharing_NSReceiver( 3067): customizedNS:true
01-10 17:39:23.141 D/WifiStateMachine( 1588): getWifiApConfiguration:mconfig.SSID=HTC Portable Hotspot
01-10 17:39:23.151 D/NetSharing_NSReceiver( 3067): onReceive : android.net.conn.TETHER_STATE_CHANGED
01-10 17:39:23.151 D/NetSharing_NSReceiver( 3067): Tethered state change:false
01-10 17:39:23.161 D/NetdConnector( 1588): listenToSocket read--: (128,0)
01-10 17:39:23.161 D/NetdConnector( 1588): RCV <- {110 lo}
01-10 17:39:23.161 D/NetdConnector( 1588): RCV <- {110 dummy0}
01-10 17:39:23.161 D/NetdConnector( 1588): doCommand++ (Wait Response)
01-10 17:39:23.161 D/NetdConnector( 1588): RSP <- {110 lo}
01-10 17:39:23.161 D/NetdConnector( 1588): RCV <- {110 ifb0}
01-10 17:39:23.161 D/NetdConnector( 1588): miNoRespCnt=0
01-10 17:39:23.161 D/NetdConnector( 1588): RSP <- {110 dummy0}
01-10 17:39:23.161 D/NetdConnector( 1588): miNoRespCnt=0
01-10 17:39:23.161 D/NetdConnector( 1588): RCV <- {110 ifb1}
01-10 17:39:23.161 D/NetdConnector( 1588): RSP <- {110 ifb0}
01-10 17:39:23.161 D/NetdConnector( 1588): miNoRespCnt=0
01-10 17:39:23.161 D/NetdConnector( 1588): RSP <- {110 ifb1}
01-10 17:39:23.161 D/NetdConnector( 1588): RCV <- {110 rmnet0}
01-10 17:39:23.161 D/NetdConnector( 1588): miNoRespCnt=0
01-10 17:39:23.161 D/NetdConnector( 1588): RCV <- {110 rmnet1}
01-10 17:39:23.171 I/StorageNotification( 1656): UMS connection changed to true (media state mounted)
01-10 17:39:23.171 D/NetdConnector( 1588): RSP <- {110 rmnet0}
01-10 17:39:23.171 D/NetdConnector( 1588): miNoRespCnt=0
01-10 17:39:23.171 D/NetdConnector( 1588): RSP <- {110 rmnet1}
01-10 17:39:23.171 D/NetdConnector( 1588): miNoRespCnt=0
01-10 17:39:23.171 D/NetdConnector( 1588): RCV <- {110 rmnet2}
01-10 17:39:23.171 D/NetdConnector( 1588): RSP <- {110 rmnet2}
01-10 17:39:23.181 D/NetdConnector( 1588): miNoRespCnt=0
01-10 17:39:23.181 D/NetdConnector( 1588): RCV <- {110 usb0}
01-10 17:39:23.181 D/NetdConnector( 1588): RSP <- {110 usb0}
01-10 17:39:23.181 D/NetdConnector( 1588): miNoRespCnt=0
01-10 17:39:23.181 D/NetdConnector( 1588): RCV <- {110 sit0}
01-10 17:39:23.181 D/NetdConnector( 1588): RSP <- {110 sit0}
01-10 17:39:23.181 D/NetdConnector( 1588): miNoRespCnt=0
01-10 17:39:23.181 D/NetdConnector( 1588): RCV <- {110 ip6tnl0}
01-10 17:39:23.181 D/NetdConnector( 1588): RSP <- {110 ip6tnl0}
01-10 17:39:23.181 D/NetdConnector( 1588): miNoRespCnt=0
01-10 17:39:23.181 D/NetdConnector( 1588): RCV <- {200 Interface list completed}
01-10 17:39:23.191 D/NetdConnector( 1588): RSP <- {200 Interface list completed}
01-10 17:39:23.191 D/NetdConnector( 1588): miNoRespCnt=0
01-10 17:39:23.191 D/NetdConnector( 1588): doCommand-- (complete)
01-10 17:39:23.191 D/NetdConnector( 1588): listenToSocket read++
01-10 17:39:23.191 D/NetdConnector( 1588): List terminated with {200 Interface list completed}
01-10 17:39:23.231 D/ActivityManager( 1588): isSketcherDisabledInCurrentTask():false, ActivityRecord{408e2f30 uk.ac.st_andrews.cs.host.mk74.energymeasurement.plain/.MainActivity}
01-10 17:39:23.241 I/NetSharing_NSReceiver( 3067): customizedNS:true
01-10 17:39:23.251 D/PSCommon( 2634): -isMFGBuild() = false
01-10 17:39:23.251 D/PSCommon( 2634): -isMFGBuild() = false
01-10 17:39:23.251 D/NetSharing_NSReceiver( 3067): onReceive : com.htc.usb.change
01-10 17:39:23.251 D/NetSharing_NSReceiver( 3067): USB = true hasTethered = false
01-10 17:39:23.251 D/SurfaceFlinger( 1441): getTokenForSurface(0xb0de4) => 1 (client=0xa5ae0, bitmap=00000003), pid=1656
01-10 17:39:23.261 D/msm7x30.gralloc( 1441): gpu_context_t::getGrallocInformationFromFormat  1 
01-10 17:39:23.261 D/UsbConnectedReceiver( 2634): Connect_To_PC is Launched, return
01-10 17:39:23.271 D/UsbConnectedReceiver( 2634): -enableChargeOnly()
01-10 17:39:23.271 D/PSCommon( 2634): Content in /sys/devices/platform/msm_hsusb/usb_cable_connect = 1
01-10 17:39:23.311 D/PSReceiver( 3067): onReceive : com.htc.usb.change
01-10 17:39:23.311 D/PSReceiver( 3067): USB Plugged, Set USBPlugged=  true
01-10 17:39:23.331 D/dalvikvm( 3067): GC_CONCURRENT freed 450K, 8% free 6951K/7495K, paused 1ms+2ms
01-10 17:39:23.561 D/msm7x30.gralloc( 1441): gpu_context_t::getGrallocInformationFromFormat  1 
01-10 17:39:24.042 I/System.out( 3023): Empty value
01-10 17:39:24.042 I/System.out( 3023): Time difference in secs is: 270
01-10 17:39:25.043 I/System.out( 3023): Empty value
01-10 17:39:25.043 I/System.out( 3023): Time difference in secs is: 270
01-10 17:39:26.044 I/System.out( 3023): Empty value
01-10 17:39:26.044 I/System.out( 3023): Time difference in secs is: 270
01-10 17:39:27.045 I/System.out( 3023): Empty value
01-10 17:39:27.045 I/System.out( 3023): Time difference in secs is: 270
01-10 17:39:28.046 I/System.out( 3023): Empty value
01-10 17:39:28.046 I/System.out( 3023): Time difference in secs is: 270
01-10 17:39:28.366 D/dalvikvm( 2634): GC_EXPLICIT freed 156K, 6% free 6749K/7111K, paused 6ms+1ms
01-10 17:39:29.047 I/System.out( 3023): Empty value
01-10 17:39:29.047 I/System.out( 3023): Time difference in secs is: 270
01-10 17:39:30.048 I/System.out( 3023): Empty value
01-10 17:39:30.048 I/System.out( 3023): Time difference in secs is: 270
01-10 17:39:31.039 I/System.out( 3023): Empty value
01-10 17:39:31.039 I/System.out( 3023): Time difference in secs is: 270
01-10 17:39:32.040 I/System.out( 3023): Empty value
01-10 17:39:32.050 I/System.out( 3023): Time difference in secs is: 270
