--------- beginning of /dev/log/main
01-14 18:18:57.318 D/dalvikvm( 1772): GC_EXPLICIT freed 101K, 6% free 6836K/7239K, paused 6ms+1ms
01-14 18:19:02.383 D/SurfaceFlinger( 1438): virtual void android::Layer::onRemoved(): lcblk (identity=59, status=0, token=1)
01-14 18:19:04.485 D/UsbnetService( 1574): BroadcastReceiver::onReceive+
01-14 18:19:04.485 D/UsbnetService( 1574): onReceive BATTERY_CHANGED
01-14 18:19:04.495 D/UsbnetService( 1574):  --> pluggedType = 2, mPluggedType = 0, mScreenOff = false
01-14 18:19:04.495 D/UsbnetService( 1574): BroadcastReceiver::onReceive-
01-14 18:19:04.495 D/BatteryService( 1574): SendIntentforPowersaver
--------- beginning of /dev/log/system
01-14 18:19:04.495 D/NotificationService( 1574): mIntentReceiver() Intent.ACTION_BATTERY_CHANGED
01-14 18:19:04.505 D/BatteryService( 1574): Current powersaver status == NORMAL_STATUS1 2 2 false
01-14 18:19:04.515 D/PowerUI ( 1644): closing low battery warning: level=99
01-14 18:19:04.515 D/RemoveMe( 1666): DCT got intent android.intent.action.BATTERY_CHANGED
01-14 18:19:04.515 D/PowerUI ( 1644): plugged = true, health = 2, mBatteryLevel = 99, mPluggedBatteryLevel = 97, mLowBatteryWarningLevel2 = 25, mshowLowChargingWarning2 = true
01-14 18:19:04.525 D/RemoveMe( 1666): DCT got intent android.intent.action.BATTERY_CHANGED
01-14 18:19:04.525 D/RemoveMe( 1666): DCT got intent android.intent.action.BATTERY_CHANGED
01-14 18:19:09.610 D/dalvikvm( 1943): GC_EXPLICIT freed 39K, 5% free 6760K/7047K, paused 6ms+1ms
01-14 18:19:14.615 D/dalvikvm( 1977): GC_EXPLICIT freed 22K, 5% free 6512K/6787K, paused 5ms+1ms
01-14 18:19:15.626 I/power   ( 1574): *** set_screen_state 0
01-14 18:19:15.626 D/PowerManagerService( 1574): setScreenStateLocked++, on: false, err: 0
01-14 18:19:15.626 D/PowerManagerService( 1574): setScreenStateLocked, turn off the button light 
01-14 18:19:15.626 D/lights  ( 1574): set_light_buttons_func: on=0 brightness=0
01-14 18:19:15.626 D/lights  ( 1574): set_rotated_rgb_led: on=0 brightness=0
01-14 18:19:15.626 D/lights  ( 1574): [LedInfo] write attr ok name=/sys/class/leds/amber-portrait/brightness string=0,len=1
01-14 18:19:15.636 D/lights  ( 1574): set_rotated_rgb_led: on=0 brightness=0
01-14 18:19:15.636 D/lights  ( 1574): [LedInfo] write attr ok name=/sys/class/leds/green-portrait/brightness string=0,len=1
01-14 18:19:15.636 D/lights  ( 1574): set_rotated_rgb_led: on=0 brightness=0
01-14 18:19:15.636 E/lights  ( 1574): [LedErr] open attr failed name=/sys/class/leds/blue-portrait/brightness errno: 2
01-14 18:19:15.636 V/KeyguardViewMediator( 1574): password timeout now
01-14 18:19:15.646 D/HtcLockScreen( 1574): createPatternUnlockScreen() ...
01-14 18:19:15.646 D/Sensors ( 1574): Enable akm: en = 0
01-14 18:19:15.646 D/HtcLockScreen( 1574): packageInfo - PackageInfo{410bb920 com.htc.lockscreen}
01-14 18:19:15.736 D/dalvikvm( 1574): GC_FOR_ALLOC freed 1344K, 12% free 15777K/17927K, paused 51ms
01-14 18:19:15.776 D/HostWidgetManager( 1680): pauseWidgets: 2
01-14 18:19:15.786 D/PhoneWindow( 1680): couldn't save which view has focus because the focused view android.widget.RelativeLayout@407c12a0 has no id.
01-14 18:19:15.786 D/UsbnetService( 1574): BroadcastReceiver::onReceive+
01-14 18:19:15.786 D/UsbnetService( 1574): onReceive SCREEN_OFF
01-14 18:19:15.786 D/AlarmManager( 1574): ACTION_SCREEN_OFF
01-14 18:19:15.806 D/RemoveMe( 1666): DCT got intent android.intent.action.SCREEN_OFF
01-14 18:19:15.806 D/DataConnectionTracker( 1666): power saving case 6
01-14 18:19:15.806 D/ConnectivityService( 1574): getMobileDataEnabled returning false
01-14 18:19:15.806 D/ConnectivityService( 1574): getMobileDataEnabled returning false
01-14 18:19:15.816 D/DataConnectionTracker( 1666): power saving case 6
01-14 18:19:15.816 D/RemoveMe( 1666): DCT got intent android.intent.action.SCREEN_OFF
01-14 18:19:15.816 D/RemoveMe( 1666): DCT got intent android.intent.action.SCREEN_OFF
01-14 18:19:15.826 I/TabletStatusBar( 1644): DISABLE_CLOCK: yes
01-14 18:19:15.826 I/TabletStatusBar( 1644): DISABLE_EXPAND: yes
01-14 18:19:15.826 I/TabletStatusBar( 1644): DISABLE_NAVIGATION: yes
01-14 18:19:15.836 D/ContactMessageStore( 1666): start background delete task...
01-14 18:19:15.846 D/AK8975  ( 1448): Compass CLOSE 
01-14 18:19:15.876 D/SurfaceFlinger( 1438): About to give-up screen, flinger = 0xa830
01-14 18:19:15.876 D/SurfaceFlinger( 1438): getTokenForSurface(0xab614) => 0 (client=0xa26f0, bitmap=00000003), pid=1574
01-14 18:19:15.876 D/msm7x30.gralloc( 1438): gpu_context_t::getGrallocInformationFromFormat  1 
01-14 18:19:15.886 I/TabletStatusBar( 1644): DISABLE_BACK: yes
01-14 18:19:15.896 D/AutoSetting( 1772): service - mHandler: cancel location update
01-14 18:19:15.896 D/AutoSetting( 1772): service -           changes count: 0
01-14 18:19:15.916 D/dalvikvm( 1681): GC_EXPLICIT freed 6K, 8% free 7050K/7623K, paused 1ms+1ms
01-14 18:19:15.946 W/msm7x30.hwcomposer( 1438): hwc_set invalid context or list
01-14 18:19:15.946 D/msm7x30.hwcomposer( 1438): HWC called FB enableHDMIOutput(0)
01-14 18:19:15.956 D/dalvikvm( 1681): GC_EXPLICIT freed 2K, 8% free 7049K/7623K, paused 1ms+2ms
01-14 18:19:16.016 D/SurfaceFlinger( 1438): getTokenForSurface(0xaa51c) => 0 (client=0xa9578, bitmap=00000001), pid=1681
01-14 18:19:16.026 D/msm7x30.gralloc( 1438): gpu_context_t::getGrallocInformationFromFormat  1 
01-14 18:19:16.046 D/IdleScreen_base( 1681): onRingUnlockEnd
01-14 18:19:16.056 D/ContactMessageStore( 1666): size: 0 , 0
01-14 18:19:16.086 D/msm7x30.gralloc( 1438): gpu_context_t::getGrallocInformationFromFormat  1 
01-14 18:19:16.106 D/ContactMessageStore( 1666): Background delete complete
01-14 18:19:16.987 D/KeyguardViewMediator( 1574): wakeWhenReadyLocked(26)
01-14 18:19:16.987 I/power   ( 1574): *** set_screen_state 1
01-14 18:19:16.987 D/PowerManagerService( 1574): setScreenStateLocked++, on: true, err: 0
01-14 18:19:16.987 D/lights  ( 1574): set_light_buttons_func: on=16777215 brightness=255
01-14 18:19:16.987 D/PowerManagerService( 1574): button light setOrientation:-1
01-14 18:19:16.997 D/lights  ( 1574): set_rotated_rgb_led: on=0 brightness=0
01-14 18:19:16.997 D/lights  ( 1574): [LedInfo] write attr ok name=/sys/class/leds/amber-portrait/brightness string=0,len=1
01-14 18:19:16.997 D/lights  ( 1574): set_rotated_rgb_led: on=1 brightness=255
01-14 18:19:16.997 D/lights  ( 1574): [LedInfo] write attr ok name=/sys/class/leds/green-portrait/brightness string=255,len=3
01-14 18:19:16.997 D/lights  ( 1574): set_rotated_rgb_led: on=0 brightness=0
01-14 18:19:16.997 E/lights  ( 1574): [LedErr] open attr failed name=/sys/class/leds/blue-portrait/brightness errno: 2
01-14 18:19:16.997 D/Sensors ( 1574): Enable akm: en = 1
01-14 18:19:16.997 D/PowerManagerService( 1574): setPenMenuButtonLed: 2
01-14 18:19:16.997 D/PowerManagerService( 1574): Set pen menu button led (amber, green, blue) = 0, -1, 0), portrait = true
01-14 18:19:17.007 D/Launcher.Model( 1680): updateAppUsageStatCache +
01-14 18:19:17.017 D/Launcher.Model( 1680): updateAppUsageStatCache - diff: 15
01-14 18:19:17.027 D/UsbnetService( 1574): BroadcastReceiver::onReceive+
01-14 18:19:17.027 D/UsbnetService( 1574): onReceive SCREEN_ON
01-14 18:19:17.027 D/UsbnetService( 1574): BroadcastReceiver::onReceive-
01-14 18:19:17.027 D/AlarmManager( 1574): ACTION_SCREEN_ON
01-14 18:19:17.037 D/SurfaceFlinger( 1438): Screen about to return, flinger = 0xa830
01-14 18:19:17.057 D/PREF    ( 1680): setWidgetTilt .FriendStreamLarge2Widget : 17
01-14 18:19:17.057 D/msm7x30.hwcomposer( 1438): HWC called FB enableHDMIOutput(0)
01-14 18:19:17.057 D/HostWidgetManager( 1680): onResumeInKeyguard: 2
01-14 18:19:17.067 D/FxWorkspace( 1680): prepareUnlockAnimation
01-14 18:19:17.067 D/FxWorkspaceClient( 1680): showAllScreens()
01-14 18:19:17.067 D/FxWorkspaceClient( 1680): freezeAllScreens
01-14 18:19:17.067 D/AK8975  ( 1448): Compass Start
01-14 18:19:17.077 D/UnlockAnimator( 1680): setFrame: unlock_to_03
01-14 18:19:17.087 D/RemoveMe( 1666): DCT got intent android.intent.action.SCREEN_ON
01-14 18:19:17.087 D/ConnectivityService( 1574): getMobileDataEnabled returning false
01-14 18:19:17.087 D/Rotate.Performance( 1680): FxWorkspace.show()
01-14 18:19:17.087 D/ConnectivityService( 1574): getMobileDataEnabled returning false
01-14 18:19:17.107 D/RemoveMe( 1666): DCT got intent android.intent.action.SCREEN_ON
01-14 18:19:17.117 D/RemoveMe( 1666): DCT got intent android.intent.action.SCREEN_ON
01-14 18:19:18.238 D/HtcLockScreen3.0( 1574): HtcLockScreen: onInterceptTouchEvent ACTION_DOWN
01-14 18:19:18.839 D/HtcLockScreen3.0( 1574): HtcLockScreen: onInterceptTouchEvent ACTION_UP
01-14 18:19:18.839 D/IdleScreen_base( 1681): onRingUnlockStart
01-14 18:19:19.149 D/KeyguardViewManager( 1574): hide()
01-14 18:19:19.149 I/TabletStatusBar( 1644): DISABLE_CLOCK: no
01-14 18:19:19.149 I/TabletStatusBar( 1644): DISABLE_NAVIGATION: no
01-14 18:19:19.159 D/MyHTC   ( 1856): PoweronReceiver.onReceive(): intent=android.intent.action.USER_PRESENT
01-14 18:19:19.159 D/FxWorkspace( 1680): unlockAnimation
01-14 18:19:19.159 D/FxWorkspace( 1680): onUnlockAnimationStart()
01-14 18:19:19.159 D/UnlockAnimator( 1680): playMarker: unlock_to_03
01-14 18:19:19.169 D/FxWorkspaceClient( 1680): showAllScreens()
01-14 18:19:19.169 D/Rotate.Performance( 1680): FxWorkspace.show()
01-14 18:19:19.179 D/Sensors ( 1574): Enable akm: en = 0
01-14 18:19:19.189 D/Twitter-MessageReceiver( 1943): action android.intent.action.USER_PRESENT
01-14 18:19:19.199 D/msm7x30.gralloc( 1438): gpu_context_t::getGrallocInformationFromFormat  1 
01-14 18:19:19.209 W/InputManagerService( 1574): Window already focused, ignoring focus gain of: com.android.internal.view.IInputMethodClient$Stub$Proxy@40a24c10
01-14 18:19:19.219 D/SyncProvider( 1943): match settings
01-14 18:19:19.229 D/FacebookReceiver( 1943): Intent.ACTION_USER_PRESENT SyncInterval=3600000,currTime=1389723559229
01-14 18:19:19.229 D/FacebookReceiver( 1943): Intent.ACTION_USER_PRESENT lastStreamSyncTime=1389723559235,lastFriendSyncTime=1389723559235
01-14 18:19:19.229 D/SyncProvider( 1943): match settings
01-14 18:19:19.229 D/FlickrReceiver( 1943): Intent.ACTION_USER_PRESENT SyncInterval=3600000,currTime=1389723559238
01-14 18:19:19.229 D/FlickrReceiver( 1943): Intent.ACTION_USER_PRESENT lastStreamSyncTime=1389723559243,lastFriendSyncTime=1389723559243
01-14 18:19:19.269 I/TabletStatusBar( 1644): DISABLE_BACK: no
01-14 18:19:19.269 D/SurfaceFlinger( 1438): virtual void android::Layer::onRemoved(): lcblk (identity=60, status=0, token=0)
01-14 18:19:19.279 D/SurfaceFlinger( 1438): virtual void android::Layer::onRemoved(): lcblk (identity=61, status=0, token=0)
01-14 18:19:19.349 D/dalvikvm( 1681): GC_EXPLICIT freed 154K, 8% free 7050K/7623K, paused 2ms+6ms
01-14 18:19:19.379 D/AK8975  ( 1448): Compass CLOSE 
01-14 18:19:19.379 D/SyncProvider( 1943): match settings
01-14 18:19:19.389 D/dalvikvm( 1681): GC_EXPLICIT freed 2K, 8% free 7048K/7623K, paused 2ms+1ms
01-14 18:19:19.690 D/dalvikvm( 1681): GC_EXPLICIT freed 2K, 8% free 7048K/7623K, paused 2ms+1ms
01-14 18:19:19.730 D/dalvikvm( 1681): GC_EXPLICIT freed 1K, 8% free 7048K/7623K, paused 2ms+2ms
01-14 18:19:20.160 D/FxWorkspace( 1680): onUnlockAnimationEnd()
01-14 18:19:20.160 D/HostWidgetManager( 1680): onUserPresent: 2
01-14 18:19:20.160 D/HostWidgetManager( 1680): resumeWidgets: 2 sort: true
01-14 18:19:20.170 D/FxWorkspace( 1680): changeScreensVisibility
01-14 18:19:20.170 D/FxWorkspace( 1680): changeScreensVisibility
01-14 18:19:20.671 D/Sensors ( 1574): Enable akm: en = 1
01-14 18:19:20.681 D/AK8975  ( 1448): Compass Start
01-14 18:19:26.206 D/AndroidRuntime( 2692): 
01-14 18:19:26.206 D/AndroidRuntime( 2692): >>>>>> AndroidRuntime START com.android.internal.os.RuntimeInit <<<<<<
01-14 18:19:26.206 D/AndroidRuntime( 2692): CheckJNI is OFF
01-14 18:19:26.316 D/CursorWindowStats( 2692): Get CursorWindow size from framework resource:4194304
01-14 18:19:26.366 D/AndroidRuntime( 2692): Calling main entry com.android.commands.pm.Pm
01-14 18:19:26.376 I/ActivityManager( 1574): Start proc com.android.defcontainer for service com.android.defcontainer/.DefaultContainerService: pid=2700 uid=10087 gids={1015, 2001}
01-14 18:19:26.436 D/dalvikvm( 2700): GC_EXPLICIT freed 43K, 5% free 6458K/6787K, paused 1ms+2ms
01-14 18:19:26.727 W/ActivityManager( 1574): No content provider found for: 
01-14 18:19:26.737 W/ActivityManager( 1574): No content provider found for: 
01-14 18:19:26.747 D/PackageParser( 1574): Scanning package: /data/app/vmdl-1917068057.tmp
01-14 18:19:26.747 I/ActivityManager( 1574): No longer want com.htc.recommend (pid 2366): hidden #16
01-14 18:19:26.807 I/PackageManager( 1574): Removing non-system package:uk.ac.st_andrews.cs.host.mk74.energymeasurement.plain
01-14 18:19:26.807 I/ActivityManager( 1574): Force stopping package uk.ac.st_andrews.cs.host.mk74.energymeasurement.plain uid=10112
01-14 18:19:27.247 D/PackageManager( 1574): Scanning package uk.ac.st_andrews.cs.host.mk74.energymeasurement.plain
01-14 18:19:27.247 I/PackageManager( 1574): Package uk.ac.st_andrews.cs.host.mk74.energymeasurement.plain codePath changed from /data/app/uk.ac.st_andrews.cs.host.mk74.energymeasurement.plain-2.apk to /data/app/uk.ac.st_andrews.cs.host.mk74.energymeasurement.plain-1.apk; Retaining data and using new
01-14 18:19:27.247 I/PackageManager( 1574): Unpacking native libraries for /data/app/uk.ac.st_andrews.cs.host.mk74.energymeasurement.plain-1.apk
01-14 18:19:27.497 D/dalvikvm( 2708): DexOpt: load 38ms, verify+opt 147ms
01-14 18:19:27.647 I/ActivityManager( 1574): Force stopping package uk.ac.st_andrews.cs.host.mk74.energymeasurement.plain uid=10112
01-14 18:19:27.657 W/PackageManager( 1574): Code path for pkg : uk.ac.st_andrews.cs.host.mk74.energymeasurement.plain changing from /data/app/uk.ac.st_andrews.cs.host.mk74.energymeasurement.plain-2.apk to /data/app/uk.ac.st_andrews.cs.host.mk74.energymeasurement.plain-1.apk
01-14 18:19:27.657 D/PackageManager( 1574):   Activities: uk.ac.st_andrews.cs.host.mk74.energymeasurement.plain.MainActivity
01-14 18:19:27.657 W/PackageManager( 1574): Resource path for pkg : uk.ac.st_andrews.cs.host.mk74.energymeasurement.plain changing from /data/app/uk.ac.st_andrews.cs.host.mk74.energymeasurement.plain-2.apk to /data/app/uk.ac.st_andrews.cs.host.mk74.energymeasurement.plain-1.apk
01-14 18:19:27.828 D/PackageManager( 1574): [embedded] New package installed in /data/app/uk.ac.st_andrews.cs.host.mk74.energymeasurement.plain-1.apk
01-14 18:19:27.998 I/ActivityManager( 1574): Force stopping package uk.ac.st_andrews.cs.host.mk74.energymeasurement.plain uid=10112
01-14 18:19:28.028 D/Launcher.Model( 1680): onReceive intent=Intent { act=android.intent.action.PACKAGE_REMOVED dat=package:uk.ac.st_andrews.cs.host.mk74.energymeasurement.plain flg=0x10000010 (has extras) }
01-14 18:19:28.028 D/PhoneApp( 1666): -- PackageChangeBroadcastReceiver  action = android.intent.action.PACKAGE_REMOVED
01-14 18:19:28.028 D/SM:PackageReceiver( 2010): package removed: package:uk.ac.st_andrews.cs.host.mk74.energymeasurement.plain
01-14 18:19:28.038 D/WidgetScanner( 1680): onReceive: Intent { act=android.intent.action.PACKAGE_REMOVED dat=package:uk.ac.st_andrews.cs.host.mk74.energymeasurement.plain flg=0x10000010 cmp=com.htc.launcher/.widget.WidgetScannerTrigger (has extras) }
01-14 18:19:28.048 I/ActivityManager( 1574): Start proc com.htc.launcher.widgetscanner for service com.htc.launcher/.widget.WidgetScannerService: pid=2709 uid=9999 gids={3003, 3002, 3001, 2001, 1015}
01-14 18:19:28.108 D/dalvikvm( 1439): GC_EXPLICIT freed 12K, 5% free 6453K/6787K, paused 1ms+1ms
01-14 18:19:28.138 D/PackageManager( 1574): generateServicesMap(android.accounts.AccountAuthenticator): 13 services unchanged
01-14 18:19:28.168 D/dalvikvm( 1439): GC_EXPLICIT freed <1K, 5% free 6453K/6787K, paused 1ms+1ms
01-14 18:19:28.208 D/PackageManager( 1574): generateServicesMap(android.content.SyncAdapter): 21 services unchanged
01-14 18:19:28.218 D/dalvikvm( 1439): GC_EXPLICIT freed <1K, 5% free 6453K/6787K, paused 1ms+2ms
01-14 18:19:28.218 I/ActivityManager( 1574): Start proc com.htc.opensense for broadcast com.htc.opensense/.pluginmanager.RegisterReceiver: pid=2716 uid=10013 gids={2001, 3003, 1006, 1015}
01-14 18:19:28.248 I/ActivityManager( 1574): Start proc com.htc.cs for broadcast com.htc.cs/.plugin.PluginRegisterReceiver: pid=2723 uid=10041 gids={3003, 1015}
01-14 18:19:28.278 D/PackageManager( 1574): generateServicesMap(android.accounts.AccountAuthenticator): 13 services unchanged
01-14 18:19:28.288 D/Launcher.Model( 1680): onReceive intent=Intent { act=android.intent.action.PACKAGE_ADDED dat=package:uk.ac.st_andrews.cs.host.mk74.energymeasurement.plain flg=0x10000010 (has extras) }
01-14 18:19:28.288 D/PhoneApp( 1666): -- PackageChangeBroadcastReceiver  action = android.intent.action.PACKAGE_ADDED
01-14 18:19:28.288 D/Launcher.Model( 1680): mAllAppsList.updatePackage uk.ac.st_andrews.cs.host.mk74.energymeasurement.plain
01-14 18:19:28.308 D/PackageManager( 1574): generateServicesMap(android.content.SyncAdapter): 21 services unchanged
01-14 18:19:28.318 I/ActivityThread( 2723): Pub com.htc.connectedservice.csprovider: com.htc.cs.provider.ConnectedServiceProvider
01-14 18:19:28.348 I/ActivityThread( 2723): Pub com.htc.cs.dashboard: com.htc.cs.sync.dashboard.DashboardProvider
01-14 18:19:28.388 D/vicky   ( 2723): vicky received: android.intent.action.PACKAGE_REMOVED
01-14 18:19:28.388 I/ActivityManager( 1574): Start proc com.google.android.apps.maps for broadcast com.google.android.apps.maps/com.google.android.location.internal.NlpPackageUpdateReceiver: pid=2731 uid=10046 gids={3003, 1015}
01-14 18:19:28.438 I/ActivityManager( 1574): No longer want com.google.android.apps.uploader (pid 2337): hidden #16
01-14 18:19:28.468 D/LauncherApplication( 2709): + LauncherApplication onCreate()
01-14 18:19:28.568 W/ContentService( 1574): binderDied() at ObserverNode name com.google.android.gsf.gservices
01-14 18:19:28.618 I/RegisterService( 2716): android.intent.action.PACKAGE_REMOVED package:uk.ac.st_andrews.cs.host.mk74.energymeasurement.plain
01-14 18:19:28.628 D/LauncherApplication( 2709): - LauncherApplication onCreate()
01-14 18:19:28.678 D/dalvikvm( 2731): GC_CONCURRENT freed 150K, 4% free 6809K/7047K, paused 1ms+19ms
01-14 18:19:28.698 D/dalvikvm( 2709): GC_CONCURRENT freed 175K, 4% free 6766K/7047K, paused 2ms+19ms
01-14 18:19:28.749 D/WidgetScanner( 2709): onReceiveInternal: Intent { act=android.intent.action.PACKAGE_REMOVED dat=package:uk.ac.st_andrews.cs.host.mk74.energymeasurement.plain flg=0x10000010 cmp=com.htc.launcher/.widget.WidgetScannerService (has extras) }
01-14 18:19:28.759 D/CombinedWidgetProvider( 1680): +addAppWidget
01-14 18:19:28.759 D/HtcWidgetScanner( 2709): onPackageRemoved: uk.ac.st_andrews.cs.host.mk74.energymeasurement.plain
01-14 18:19:28.829 D/dalvikvm( 1574): GC_CONCURRENT freed 1785K, 11% free 16096K/17991K, paused 1ms+34ms
01-14 18:19:28.829 D/CombinedWidgetProvider( 1680): addAppWidget: WidgetSummary(YouTube/APP_WIDGET/[I@40978978 x [I@40978998/-1/ComponentInfo{com.google.android.youtube/com.google.android.youtube.app.honeycomb.widget.WidgetProvider}/[I@409789b8)
01-14 18:19:28.829 D/CombinedWidgetProvider( 1680): addAppWidget: WidgetSummary(Twitter (large)/APP_WIDGET/[I@409798a0 x [I@409798c0/-1/ComponentInfo{com.twitter.android/com.twitter.android.client.WidgetLargeProvider}/[I@409798e0)
01-14 18:19:28.839 D/CombinedWidgetProvider( 1680): addAppWidget: WidgetSummary(Twitter (small)/APP_WIDGET/[I@4097a778 x [I@4097a798/-1/ComponentInfo{com.twitter.android/com.twitter.android.client.WidgetSmallProvider}/[I@4097a7b8)
01-14 18:19:28.839 D/CombinedWidgetProvider( 1680): addAppWidget: WidgetSummary(Traffic/APP_WIDGET/[I@4097b650 x [I@4097b670/-1/ComponentInfo{com.google.android.apps.maps/com.google.googlenav.appwidget.traffic.TrafficAppWidget}/[I@4097b690)
01-14 18:19:28.839 D/CombinedWidgetProvider( 1680): addAppWidget: WidgetSummary(Latitude/APP_WIDGET/[I@4097c2d8 x [I@4097c2f8/-1/ComponentInfo{com.google.android.apps.maps/com.google.googlenav.appwidget.friends.FriendsAppWidgetProvider}/[I@4097c318)
01-14 18:19:28.839 D/CombinedWidgetProvider( 1680): addAppWidget: WidgetSummary(Market/APP_WIDGET/[I@4097d1e8 x [I@4097d208/-1/ComponentInfo{com.android.vending/com.android.vending.MarketWidgetProvider}/[I@4097d228)
01-14 18:19:28.839 D/CombinedWidgetProvider( 1680): addAppWidget: WidgetSummary(Google Search/APP_WIDGET/[I@4097dd68 x [I@4097dd88/-1/ComponentInfo{com.google.android.googlequicksearchbox/com.google.android.googlequicksearchbox.SearchWidgetProvider}/[I@4097dda8)
01-14 18:19:28.839 D/CombinedWidgetProvider( 1680): addAppWidget: WidgetSummary(Gmail/APP_WIDGET/[I@4097ebd8 x [I@4097ebf8/-1/ComponentInfo{com.google.android.gm/com.google.android.gm.widget.GmailWidgetProvider}/[I@4097ec18)
01-14 18:19:28.839 D/CombinedWidgetProvider( 1680): addAppWidget: WidgetSummary(Bookmarks/APP_WIDGET/[I@40ba2e80 x [I@40ba2ea0/-1/ComponentInfo{com.android.browser/com.android.browser.widget.BookmarkThumbnailWidgetProvider}/[I@40ba2ec0)
01-14 18:19:28.839 D/CombinedWidgetProvider( 1680): -addAppWidget
01-14 18:19:28.839 D/CombinedWidgetProvider( 1680): +addHtcWidgets, cat: -1
01-14 18:19:28.839 D/CombinedWidgetProvider( 1680):  uri: content://com.htc.launcher.widget.htcwidget/htcwidgets?widget_only=true
01-14 18:19:28.839 D/HtcWidgetProvider( 1680): row 1
01-14 18:19:28.859 D/CombinedWidgetProvider( 1680): addHtcWidget: WidgetSummary(Tips for Home/HTC_WIDGET/[I@40ba77b0 x [I@40ba77d0/1101/ComponentInfo{com.htc.rosiewidgets.tip/com.htc.rosiewidgets.tip.TipWidgetItem}/[I@40ba77f0)
01-14 18:19:28.869 D/CombinedWidgetProvider( 1680): -addHtcWidgets
01-14 18:19:28.869 D/CombinedWidgetProvider( 1680): +addFxWidgets , provider: null
01-14 18:19:28.869 D/FxWidgetProviderInfoCollector( 1680): getAllStyles + [Ljava.lang.String;@406d1dc8 @ 
01-14 18:19:28.869 D/FxWidgetProvider( 1680): row 94
01-14 18:19:28.949 D/HtcWidgetProvider( 1680): update 0
01-14 18:19:28.989 D/dalvikvm( 2731): GC_CONCURRENT freed 136K, 4% free 7149K/7431K, paused 1ms+31ms
01-14 18:19:28.999 D/FxWidgetScanner( 2709): onPackageRemoved: uk.ac.st_andrews.cs.host.mk74.energymeasurement.plain
01-14 18:19:29.009 I/ActivityThread( 2731): Pub com.google.android.maps.SearchHistoryProvider: com.google.googlenav.provider.SearchHistoryProvider
01-14 18:19:29.009 I/ActivityThread( 2731): Pub com.google.android.maps.LayerInfoProvider: com.google.googlenav.layer.LayerInfoProvider
01-14 18:19:29.019 D/SqliteDatabaseCpp( 2731): dbopen(): path = /data/data/com.google.android.apps.maps/databases , key = LYqevA, flag = 6, file size = 5120
01-14 18:19:29.019 D/SqliteDatabaseCpp( 2731): dbopen(): path = /data/data/com.google.android.apps.maps/databases , key = LYqevA, mode: delete, disk free size: 7853 M, handle: 0x15d800
01-14 18:19:29.039 I/ActivityThread( 2731): Pub com.google.android.maps.TrafficAppWidgetProvider: com.google.googlenav.appwidget.traffic.TrafficAppWidgetProvider
01-14 18:19:29.039 I/ActivityThread( 2731): Pub com.google.android.maps.SuggestionProvider: com.google.googlenav.suggest.android.SuggestProvider
01-14 18:19:29.059 D/FxWidgetScanner( 2709): removeFxWidgetList
01-14 18:19:29.149 I/ActivityThread( 2731): Pub com.google.android.maps.LocalActivePlacesProvider: com.google.googlenav.provider.LocalActivePlacesProvider
01-14 18:19:29.149 I/ActivityThread( 2731): Pub com.google.android.maps.StarredItemProvider: com.google.googlenav.provider.StarredItemProvider
01-14 18:19:29.399 D/AutoSetting( 1772): service - mRequestRunnable: screen on delay 10s, request NLP now
01-14 18:19:29.419 D/AutoSetting( 1772): service - requestNLP() NetworkLocationProvider not enabled
01-14 18:19:29.469 I/ActivityManager( 1574): No longer want com.htc.laputa.HtcLaputaInstaller (pid 2209): hidden #16
01-14 18:19:29.479 I/ActivityThread( 2731): Pub com.google.android.maps.LocalSuggestionProvider: com.google.googlenav.provider.LocalSuggestionProvider
01-14 18:19:29.499 I/ActivityThread( 2731): Pub com.google.android.maps.NavigationAvailabilityProvider: com.google.googlenav.provider.NavigationAvailabilityProvider
01-14 18:19:29.509 D/dalvikvm( 2731): GC_CONCURRENT freed 157K, 4% free 7502K/7751K, paused 1ms+2ms
01-14 18:19:29.569 D/FxWidgetScanner( 2709): delete 0
01-14 18:19:29.569 D/WidgetScanner( 2709): upadted? false
01-14 18:19:29.569 D/dalvikvm( 1710): GC_EXPLICIT freed 180K, 7% free 6855K/7367K, paused 1ms+9ms
01-14 18:19:29.589 I/ActivityManager( 1574): Start proc com.htc.recommend for broadcast com.htc.recommend/.receiver.AppInstalledReceiver: pid=2742 uid=10056 gids={2001, 3003}
01-14 18:19:29.629 I/ActivityManager( 1574): No longer want com.htc.ereader.drmengine (pid 2289): hidden #16
01-14 18:19:29.639 I/ActivityManager( 1574): No longer want com.htc.demoflopackageinstaller (pid 2423): hidden #16
01-14 18:19:29.659 I/ActivityThread( 2742): Pub com.htc.recommend.provider.HTCRecommendCarouselProvider: com.htc.recommend.provider.HTCRecommendCarouselProvider
01-14 18:19:29.659 I/ActivityThread( 2742): Pub com.htc.recommend.provider.HTCRecommendContentProvider: com.htc.recommend.provider.HTCRecommendContentProvider
01-14 18:19:29.669 D/HTC Recommends( 2742): /mnt/sdcard/.LHYGB/CKCL
01-14 18:19:29.669 D/HTC Recommends( 2742): no token file
01-14 18:19:29.669 D/HTC Recommends( 2742): no token file
01-14 18:19:29.669 D/HTC Recommends( 2742): Log settings are 
01-14 18:19:29.669 D/HTC Recommends( 2742): Enable General Log : false
01-14 18:19:29.669 D/HTC Recommends( 2742): Enable Analytic Log : false
01-14 18:19:29.669 D/HTC Recommends( 2742): Enable Normal Log Level (dependent on General Log) : false
01-14 18:19:29.669 D/HTC Recommends( 2742): Enable Critical Log Level (dependent on General Log) : false
01-14 18:19:29.669 D/SqliteDatabaseCpp( 2742): dbopen(): path = /data/data/com.htc.recommend/databases , key = `tgvegkmmejd, flag = 6, file size = 45056
01-14 18:19:29.669 D/SqliteDatabaseCpp( 2742): dbopen(): path = /data/data/com.htc.recommend/databases , key = `tgvegkmmejd, mode: delete, disk free size: 7853 M, handle: 0x15d7c0
01-14 18:19:29.860 D/dalvikvm( 1680): GC_CONCURRENT freed 1887K, 21% free 11737K/14791K, paused 2ms+5ms
01-14 18:19:29.860 D/FxWidgetProvider( 1680): row 1
01-14 18:19:29.860 D/CombinedWidgetProvider( 1680): addFxWidget: WidgetSummary(Watch/FX_WIDGET/[I@408e6b60 x [I@408e61f8/-2/ComponentInfo{com.htc.widget3d.watch/com.htc.widget3d.watch.WatchProvider}/[I@408e5fe8)
01-14 18:19:29.860 D/FxWidgetProvider( 1680): row 1
01-14 18:19:29.870 D/CombinedWidgetProvider( 1680): addFxWidget: WidgetSummary(Airplane Mode/FX_WIDGET/[I@40d1abc8 x [I@40d16860/-2/ComponentInfo{com.htc.htcsettingwidgets/com.htc.htcsettingwidgets.AirplaneWidget}/[I@40d15228)
01-14 18:19:29.870 D/FxWidgetProvider( 1680): row 1
01-14 18:19:29.880 D/CombinedWidgetProvider( 1680): addFxWidget: WidgetSummary(Bluetooth/FX_WIDGET/[I@40a58090 x [I@40a448e8/-2/ComponentInfo{com.htc.htcsettingwidgets/com.htc.htcsettingwidgets.BTWidget}/[I@40a435a0)
01-14 18:19:29.890 D/FxWidgetProvider( 1680): row 1
01-14 18:19:29.890 D/CombinedWidgetProvider( 1680): addFxWidget: WidgetSummary(GPS/FX_WIDGET/[I@408d9298 x [I@408d9040/-2/ComponentInfo{com.htc.htcsettingwidgets/com.htc.htcsettingwidgets.GPSWidget}/[I@408d8588)
01-14 18:19:29.890 D/FxWidgetProvider( 1680): row 1
01-14 18:19:29.910 D/CombinedWidgetProvider( 1680): addFxWidget: WidgetSummary(Wi-Fi Hotspot/FX_WIDGET/[I@40883728 x [I@40883540/-2/ComponentInfo{com.htc.htcsettingwidgets/com.htc.htcsettingwidgets.HotspotWidget}/[I@40882b08)
01-14 18:19:29.910 D/FxWidgetProvider( 1680): row 1
01-14 18:19:30.010 D/CombinedWidgetProvider( 1680): addFxWidget: WidgetSummary(Mobile Network/FX_WIDGET/[I@4083ab98 x [I@40836ab8/-2/ComponentInfo{com.htc.htcsettingwidgets/com.htc.htcsettingwidgets.MobileNetworkWidget}/[I@40831840)
01-14 18:19:30.010 D/FxWidgetProvider( 1680): row 1
01-14 18:19:30.050 D/CombinedWidgetProvider( 1680): addFxWidget: WidgetSummary(Wi-Fi/FX_WIDGET/[I@407e05e8 x [I@407e04e8/-2/ComponentInfo{com.htc.htcsettingwidgets/com.htc.htcsettingwidgets.WiFiWidget}/[I@407e03e8)
01-14 18:19:30.050 D/FxWidgetProvider( 1680): row 1
01-14 18:19:30.050 D/CombinedWidgetProvider( 1680): addFxWidget: WidgetSummary(Mail/FX_WIDGET/[I@40744988 x [I@40743550/-2/ComponentInfo{com.htc.htcmailwidgets/com.htc.htcmailwidgets.WidgetReceiver}/[I@407421e0)
01-14 18:19:30.050 D/FxWidgetProvider( 1680): row 3
01-14 18:19:30.060 D/FxWidgetProviderInfoCollector( 1680): more than one style shared the same component! Return the first one found.
01-14 18:19:30.060 D/CombinedWidgetProvider( 1680): addFxWidget: WidgetSummary(Mail/FX_WIDGET/[I@406d4fe0 x [I@406d4980/-2/ComponentInfo{com.htc.htcmailwidgets/com.htc.htcmailwidgets.WidgetReceiver}/[I@406d4890)
01-14 18:19:30.060 D/FxWidgetProvider( 1680): row 3
01-14 18:19:30.060 D/FxWidgetProviderInfoCollector( 1680): more than one style shared the same component! Return the first one found.
01-14 18:19:30.070 D/CombinedWidgetProvider( 1680): addFxWidget: WidgetSummary(Mail/FX_WIDGET/[I@4069ad68 x [I@40699e30/-2/ComponentInfo{com.htc.htcmailwidgets/com.htc.htcmailwidgets.WidgetReceiver}/[I@40697e10)
01-14 18:19:30.070 D/FxWidgetProvider( 1680): row 3
01-14 18:19:30.070 D/FxWidgetProviderInfoCollector( 1680): more than one style shared the same component! Return the first one found.
01-14 18:19:30.070 D/CombinedWidgetProvider( 1680): addFxWidget: WidgetSummary(Mail/FX_WIDGET/[I@40a56df0 x [I@40a44958/-2/ComponentInfo{com.htc.htcmailwidgets/com.htc.htcmailwidgets.WidgetReceiver}/[I@40a43610)
01-14 18:19:30.080 D/FxWidgetProvider( 1680): row 3
01-14 18:19:30.080 D/FxWidgetProviderInfoCollector( 1680): more than one style shared the same component! Return the first one found.
01-14 18:19:30.080 D/CombinedWidgetProvider( 1680): addFxWidget: WidgetSummary(Mail/FX_WIDGET/[I@4083dca0 x [I@4083bbc0/-2/ComponentInfo{com.htc.htcmailwidgets/com.htc.htcmailwidgets.WidgetReceiver}/[I@40839cc8)
01-14 18:19:30.090 D/FxWidgetProvider( 1680): row 3
01-14 18:19:30.090 D/FxWidgetProviderInfoCollector( 1680): more than one style shared the same component! Return the first one found.
01-14 18:19:30.090 D/CombinedWidgetProvider( 1680): addFxWidget: WidgetSummary(Mail/FX_WIDGET/[I@407c9f18 x [I@407c9128/-2/ComponentInfo{com.htc.htcmailwidgets/com.htc.htcmailwidgets.WidgetReceiver}/[I@407c6bd0)
01-14 18:19:30.100 D/FxWidgetProvider( 1680): row 3
01-14 18:19:30.100 D/FxWidgetProviderInfoCollector( 1680): more than one style shared the same component! Return the first one found.
01-14 18:19:30.100 D/CombinedWidgetProvider( 1680): addFxWidget: WidgetSummary(Mail/FX_WIDGET/[I@40747db0 x [I@40744c40/-2/ComponentInfo{com.htc.htcmailwidgets/com.htc.htcmailwidgets.WidgetReceiver}/[I@407449f8)
01-14 18:19:30.100 D/FxWidgetProvider( 1680): row 5
01-14 18:19:30.100 D/FxWidgetProviderInfoCollector( 1680): more than one style shared the same component! Return the first one found.
01-14 18:19:30.110 D/CombinedWidgetProvider( 1680): addFxWidget: WidgetSummary(People/FX_WIDGET/[I@406f20d8 x [I@406efea8/-2/ComponentInfo{com.htc.htccontactwidgets_3d_fusion/com.htc.htccontactwidgets_3d_fusion.WidgetReceiver}/[I@406eb388)
01-14 18:19:30.110 D/FxWidgetProvider( 1680): row 5
01-14 18:19:30.110 D/FxWidgetProviderInfoCollector( 1680): more than one style shared the same component! Return the first one found.
01-14 18:19:30.110 D/CombinedWidgetProvider( 1680): addFxWidget: WidgetSummary(People/FX_WIDGET/[I@40896ea8 x [I@40896ec8/-2/ComponentInfo{com.htc.htccontactwidgets_3d_fusion/com.htc.htccontactwidgets_3d_fusion.WidgetReceiver}/[I@40896ee8)
01-14 18:19:30.110 D/FxWidgetProvider( 1680): row 5
01-14 18:19:30.120 D/FxWidgetProviderInfoCollector( 1680): more than one style shared the same component! Return the first one found.
01-14 18:19:30.120 D/CombinedWidgetProvider( 1680): addFxWidget: WidgetSummary(People/FX_WIDGET/[I@408979c8 x [I@408979e8/-2/ComponentInfo{com.htc.htccontactwidgets_3d_fusion/com.htc.htccontactwidgets_3d_fusion.WidgetReceiver}/[I@40897a08)
01-14 18:19:30.120 D/FxWidgetProvider( 1680): row 5
01-14 18:19:30.120 D/FxWidgetProviderInfoCollector( 1680): more than one style shared the same component! Return the first one found.
01-14 18:19:30.130 D/CombinedWidgetProvider( 1680): addFxWidget: WidgetSummary(People/FX_WIDGET/[I@408984d0 x [I@408984f0/-2/ComponentInfo{com.htc.htccontactwidgets_3d_fusion/com.htc.htccontactwidgets_3d_fusion.WidgetReceiver}/[I@40898510)
01-14 18:19:30.130 D/FxWidgetProvider( 1680): row 5
01-14 18:19:30.130 D/FxWidgetProviderInfoCollector( 1680): more than one style shared the same component! Return the first one found.
01-14 18:19:30.140 D/CombinedWidgetProvider( 1680): addFxWidget: WidgetSummary(People/FX_WIDGET/[I@40899148 x [I@40899168/-2/ComponentInfo{com.htc.htccontactwidgets_3d_fusion/com.htc.htccontactwidgets_3d_fusion.WidgetReceiver}/[I@40899188)
01-14 18:19:30.140 D/FxWidgetProvider( 1680): row 1
01-14 18:19:30.140 D/CombinedWidgetProvider( 1680): addFxWidget: WidgetSummary(Calendar/FX_WIDGET/[I@40899dc0 x [I@40899de0/-2/ComponentInfo{com.htc.htccalendarwidgets/com.htc.htccalendarwidgets.WidgetReceiver}/[I@40899e00)
01-14 18:19:30.150 D/FxWidgetProvider( 1680): row 3
01-14 18:19:30.150 D/FxWidgetProviderInfoCollector( 1680): more than one style shared the same component! Return the first one found.
01-14 18:19:30.150 D/CombinedWidgetProvider( 1680): addFxWidget: WidgetSummary(Calendar/FX_WIDGET/[I@4089ac58 x [I@4089ac78/-2/ComponentInfo{com.htc.htccalendarwidgets/com.htc.htccalendarwidgets.WidgetReceiver}/[I@4089ac98)
01-14 18:19:30.160 D/FxWidgetProvider( 1680): row 3
01-14 18:19:30.160 D/FxWidgetProviderInfoCollector( 1680): more than one style shared the same component! Return the first one found.
01-14 18:19:30.160 D/CombinedWidgetProvider( 1680): addFxWidget: WidgetSummary(Calendar/FX_WIDGET/[I@4089bb18 x [I@4089bb38/-2/ComponentInfo{com.htc.htccalendarwidgets/com.htc.htccalendarwidgets.WidgetReceiver}/[I@4089bb58)
01-14 18:19:30.160 D/FxWidgetProvider( 1680): row 3
01-14 18:19:30.170 D/FxWidgetProviderInfoCollector( 1680): more than one style shared the same component! Return the first one found.
01-14 18:19:30.170 D/CombinedWidgetProvider( 1680): addFxWidget: WidgetSummary(Calendar/FX_WIDGET/[I@4089c930 x [I@4089c950/-2/ComponentInfo{com.htc.htccalendarwidgets/com.htc.htccalendarwidgets.WidgetReceiver}/[I@4089c970)
01-14 18:19:30.170 D/FxWidgetProvider( 1680): row 1
01-14 18:19:30.170 D/CombinedWidgetProvider( 1680): addFxWidget: WidgetSummary(Calendar/FX_WIDGET/[I@4089d928 x [I@4089d948/-2/ComponentInfo{com.htc.htccalendarwidgets/com.htc.htccalendarwidgets.WidgetReceiver}/[I@4089d968)
01-14 18:19:30.180 D/FxWidgetProvider( 1680): row 1
01-14 18:19:30.180 D/CombinedWidgetProvider( 1680): addFxWidget: WidgetSummary(Bookmarks/FX_WIDGET/[I@4089eb50 x [I@4089eb70/-2/ComponentInfo{com.htc.fusion.htcbookmarkwidget/com.htc.fusion.htcbookmarkwidget.WidgetReceiver}/[I@4089eb90)
01-14 18:19:30.190 D/FxWidgetProvider( 1680): row 1
01-14 18:19:30.190 D/CombinedWidgetProvider( 1680): addFxWidget: WidgetSummary(Bookmarks/FX_WIDGET/[I@4089ff88 x [I@4089ffa8/-2/ComponentInfo{com.htc.fusion.htcbookmarkwidget/com.htc.fusion.htcbookmarkwidget.WidgetReceiver}/[I@4089ffc8)
01-14 18:19:30.190 D/FxWidgetProvider( 1680): row 1
01-14 18:19:30.200 D/CombinedWidgetProvider( 1680): addFxWidget: WidgetSummary(Messages/FX_WIDGET/[I@407cc558 x [I@407c9cd8/-2/ComponentInfo{com.htc.htcmsgwidgets3d/com.htc.htcmsgwidgets.MsgWidgetProvider}/[I@407c9cf8)
01-14 18:19:30.200 D/FxWidgetProvider( 1680): row 1
01-14 18:19:30.200 D/CombinedWidgetProvider( 1680): addFxWidget: WidgetSummary(Messages/FX_WIDGET/[I@40710680 x [I@407106a0/-2/ComponentInfo{com.htc.htcmsgwidgets3d/com.htc.htcmsgwidgets.MsgWidgetProvider}/[I@4070fea0)
01-14 18:19:30.210 D/FxWidgetProvider( 1680): row 1
01-14 18:19:30.210 D/CombinedWidgetProvider( 1680): addFxWidget: WidgetSummary(Messages/FX_WIDGET/[I@40983088 x [I@409830a8/-2/ComponentInfo{com.htc.htcmsgwidgets3d/com.htc.htcmsgwidgets.MsgWidgetProvider}/[I@40982f00)
01-14 18:19:30.220 D/FxWidgetProvider( 1680): row 1
01-14 18:19:30.220 D/CombinedWidgetProvider( 1680): addFxWidget: WidgetSummary(Messages/FX_WIDGET/[I@406d27e8 x [I@406d2808/-2/ComponentInfo{com.htc.htcmsgwidgets3d/com.htc.htcmsgwidgets.MsgWidgetProvider}/[I@40699650)
01-14 18:19:30.220 D/FxWidgetProvider( 1680): row 1
01-14 18:19:30.230 D/CombinedWidgetProvider( 1680): addFxWidget: WidgetSummary(Messages/FX_WIDGET/[I@406f52f8 x [I@406f5318/-2/ComponentInfo{com.htc.htcmsgwidgets3d/com.htc.htcmsgwidgets.MsgWidgetProvider}/[I@406d5b70)
01-14 18:19:30.230 D/FxWidgetProvider( 1680): row 1
01-14 18:19:30.240 D/CombinedWidgetProvider( 1680): addFxWidget: WidgetSummary(Messages/FX_WIDGET/[I@40d12c18 x [I@40d16298/-2/ComponentInfo{com.htc.htcmsgwidgets3d/com.htc.htcmsgwidgets.MsgWidgetProvider}/[I@40d162b8)
01-14 18:19:30.240 D/FxWidgetProvider( 1680): row 1
01-14 18:19:30.250 D/CombinedWidgetProvider( 1680): addFxWidget: WidgetSummary(Messages/FX_WIDGET/[I@40b9f7e8 x [I@40b9f570/-2/ComponentInfo{com.htc.htcmsgwidgets3d/com.htc.htcmsgwidgets.MsgWidgetProvider}/[I@40b9f590)
01-14 18:19:30.260 D/FxWidgetProvider( 1680): row 1
01-14 18:19:30.260 D/CombinedWidgetProvider( 1680): addFxWidget: WidgetSummary(Twitter/FX_WIDGET/[I@40b814d0 x [I@40b81b90/-2/ComponentInfo{com.htc.Twitter3DWidget/com.htc.Twitter3DWidget.TwitterWidgetProvider}/[I@40b81bb0)
01-14 18:19:30.260 D/FxWidgetProvider( 1680): row 1
01-14 18:19:30.260 D/CombinedWidgetProvider( 1680): addFxWidget: WidgetSummary(Twitter/FX_WIDGET/[I@40a44550 x [I@40a43e40/-2/ComponentInfo{com.htc.Twitter3DWidget/com.htc.Twitter3DWidget.TwitterWidgetProvider}/[I@40a43e60)
01-14 18:19:30.270 D/FxWidgetProvider( 1680): row 1
01-14 18:19:30.270 D/CombinedWidgetProvider( 1680): addFxWidget: WidgetSummary(Twitter/FX_WIDGET/[I@40971238 x [I@40970b28/-2/ComponentInfo{com.htc.Twitter3DWidget/com.htc.Twitter3DWidget.TwitterWidgetProvider}/[I@40970b48)
01-14 18:19:30.280 D/FxWidgetProvider( 1680): row 1
01-14 18:19:30.280 D/CombinedWidgetProvider( 1680): addFxWidget: WidgetSummary(Twitter/FX_WIDGET/[I@40954230 x [I@40953758/-2/ComponentInfo{com.htc.Twitter3DWidget/com.htc.Twitter3DWidget.TwitterWidgetProvider}/[I@40953778)
01-14 18:19:30.280 D/FxWidgetProvider( 1680): row 1
01-14 18:19:30.290 D/CombinedWidgetProvider( 1680): addFxWidget: WidgetSummary(Trends/FX_WIDGET/[I@408587a8 x [I@40858408/-2/ComponentInfo{com.htc.Trends3DWidget/com.htc.Trends3DWidget.TrendsWidgetProvider}/[I@40858428)
01-14 18:19:30.290 D/FxWidgetProvider( 1680): row 1
01-14 18:19:30.290 D/CombinedWidgetProvider( 1680): addFxWidget: WidgetSummary(Sync All/FX_WIDGET/[I@408176f0 x [I@40816b80/-2/ComponentInfo{com.htc.Sync3DWidget/com.htc.Sync3DWidget.SyncWidgetProvider}/[I@40816ba0)
01-14 18:19:30.300 D/FxWidgetProvider( 1680): row 1
01-14 18:19:30.300 D/CombinedWidgetProvider( 1680): addFxWidget: WidgetSummary(Music/FX_WIDGET/[I@407807f8 x [I@40781118/-2/ComponentInfo{com.htc.MusicWidget3D/com.htc.MusicWidget3D.MusicWidget3DProvider}/[I@40781138)
01-14 18:19:30.300 D/FxWidgetProvider( 1680): row 1
01-14 18:19:30.310 D/CombinedWidgetProvider( 1680): addFxWidget: WidgetSummary(Music/FX_WIDGET/[I@407e2228 x [I@407d3890/-2/ComponentInfo{com.htc.MusicWidget3D/com.htc.MusicWidget3D.MusicWidget3DProvider}/[I@407d38b0)
01-14 18:19:30.310 D/FxWidgetProvider( 1680): row 1
01-14 18:19:30.310 D/CombinedWidgetProvider( 1680): addFxWidget: WidgetSummary(Music/FX_WIDGET/[I@408865c8 x [I@408865e8/-2/ComponentInfo{com.htc.MusicWidget3D/com.htc.MusicWidget3D.MusicWidget3DProvider}/[I@40886608)
01-14 18:19:30.320 D/FxWidgetProvider( 1680): row 1
01-14 18:19:30.320 D/CombinedWidgetProvider( 1680): addFxWidget: WidgetSummary(Friend Stream/FX_WIDGET/[I@4080f988 x [I@4080f9a8/-2/ComponentInfo{com.htc.FriendStream3DWidget/com.htc.FriendStream3DWidget.FriendStreamWidgetProvider}/[I@4080f9c8)
01-14 18:19:30.320 D/FxWidgetProvider( 1680): row 1
01-14 18:19:30.330 D/CombinedWidgetProvider( 1680): addFxWidget: WidgetSummary(Friend Stream/FX_WIDGET/[I@40745208 x [I@40745228/-2/ComponentInfo{com.htc.FriendStream3DWidget/com.htc.FriendStream3DWidget.FriendStreamWidgetProvider}/[I@40745248)
01-14 18:19:30.330 D/FxWidgetProvider( 1680): row 1
01-14 18:19:30.330 D/CombinedWidgetProvider( 1680): addFxWidget: WidgetSummary(Friend Stream/FX_WIDGET/[I@4075d670 x [I@4075d690/-2/ComponentInfo{com.htc.FriendStream3DWidget/com.htc.FriendStream3DWidget.FriendStreamWidgetProvider}/[I@4075d6b0)
01-14 18:19:30.340 D/FxWidgetProvider( 1680): row 1
01-14 18:19:30.340 D/CombinedWidgetProvider( 1680): addFxWidget: WidgetSummary(Friend Stream/FX_WIDGET/[I@407e5f18 x [I@407e5f38/-2/ComponentInfo{com.htc.FriendStream3DWidget/com.htc.FriendStream3DWidget.FriendStreamWidgetProvider}/[I@407f4ad0)
01-14 18:19:30.340 D/FxWidgetProvider( 1680): row 1
01-14 18:19:30.350 D/CombinedWidgetProvider( 1680): addFxWidget: WidgetSummary(Friend Channel/FX_WIDGET/[I@40a405a0 x [I@40a405c0/-2/ComponentInfo{com.htc.FriendStream3DWidget/com.htc.FriendStream3DWidget.FriendStreamWidgetProvider}/[I@40a405e0)
01-14 18:19:30.350 D/FxWidgetProvider( 1680): row 1
01-14 18:19:30.360 D/CombinedWidgetProvider( 1680): addFxWidget: WidgetSummary(My Shelf/FX_WIDGET/[I@40ce6808 x [I@40ce6828/-2/ComponentInfo{com.htc.ereader.widget3d/com.htc.ereader.widget3d.ereaderwidget3d.SimpleWidgetProvider}/[I@40d015b0)
01-14 18:19:30.360 D/FxWidgetProvider( 1680): row 1
01-14 18:19:30.370 D/CombinedWidgetProvider( 1680): addFxWidget: WidgetSummary(Weather/FX_WIDGET/[I@40ba21f0 x [I@40ba2210/-2/ComponentInfo{com.htc.widget3d.weather/com.htc.widget3d.weather.WeatherWidgetProvider}/[I@40ba2230)
01-14 18:19:30.370 D/FxWidgetProvider( 1680): row 1
01-14 18:19:30.370 D/CombinedWidgetProvider( 1680): addFxWidget: WidgetSummary(Weather/FX_WIDGET/[I@40d29998 x [I@40d299b8/-2/ComponentInfo{com.htc.widget3d.weather/com.htc.widget3d.weather.WeatherWidgetProvider}/[I@40d299d8)
01-14 18:19:30.380 D/FxWidgetProvider( 1680): row 1
01-14 18:19:30.380 D/CombinedWidgetProvider( 1680): addFxWidget: WidgetSummary(Weather/FX_WIDGET/[I@407f46d8 x [I@407f46f8/-2/ComponentInfo{com.htc.widget3d.weather/com.htc.widget3d.weather.WeatherWidgetProvider}/[I@407f4c80)
01-14 18:19:30.380 D/FxWidgetProvider( 1680): row 1
01-14 18:19:30.380 I/ActivityThread( 2742): Pub com.htc.recommend.provider.HTCRecommendSuggestionProvider: com.htc.recommend.provider.HTCRecommendSuggestionProvider
01-14 18:19:30.390 I/ActivityManager( 1574): Start proc com.htc.wdm for broadcast com.htc.wdm/.receiver.HTCDirectReceiver: pid=2750 uid=10070 gids={3003, 2001, 1015}
01-14 18:19:30.400 D/CombinedWidgetProvider( 1680): addFxWidget: WidgetSummary(Screen Timeout/FX_WIDGET/[I@40863df8 x [I@40863e18/-2/ComponentInfo{com.htc.rosiewidgets.screentimeout/com.htc.rosiewidgets.screentimeout.ScreenTimeoutWidgetProvider}/[I@40863e38)
01-14 18:19:30.400 D/FxWidgetProvider( 1680): row 1
01-14 18:19:30.400 D/CombinedWidgetProvider( 1680): addFxWidget: WidgetSummary(Screen Brightness/FX_WIDGET/[I@408c5c70 x [I@408c5c90/-2/ComponentInfo{com.htc.rosiewidgets.screenbrightness/com.htc.rosiewidgets.screenbrightness.ScreenBrightnessWidgetProvider}/[I@408c5cb0)
01-14 18:19:30.400 D/FxWidgetProvider( 1680): row 1
01-14 18:19:30.400 D/CombinedWidgetProvider( 1680): addFxWidget: WidgetSummary(Notes/FX_WIDGET/[I@40c52418 x [I@40c52438/-2/ComponentInfo{com.htc.htcrichnoteswidget3d/com.htc.htcrichnoteswidget3d.NotesWidgetProvider}/[I@40c52458)
01-14 18:19:30.410 D/FxWidgetProvider( 1680): row 1
01-14 18:19:30.410 D/CombinedWidgetProvider( 1680): addFxWidget: WidgetSummary(Notes/FX_WIDGET/[I@40c5eec8 x [I@40c60b10/-2/ComponentInfo{com.htc.htcrichnoteswidget3d/com.htc.htcrichnoteswidget3d.NotesWidgetProvider}/[I@40c60b30)
01-14 18:19:30.420 D/FxWidgetProvider( 1680): row 1
01-14 18:19:30.420 I/ActivityManager( 1574): No longer want com.htc.ereader (pid 2414): hidden #16
01-14 18:19:30.430 D/CombinedWidgetProvider( 1680): addFxWidget: WidgetSummary(HTC Likes/FX_WIDGET/[I@40c6e8f8 x [I@40c6e918/-2/ComponentInfo{com.htc.android.fusion.recommend/com.htc.android.fusion.recommend.RosieIntentReceiver}/[I@40c6e938)
01-14 18:19:30.430 D/FxWidgetProvider( 1680): row 1
01-14 18:19:30.430 D/PhoneApp( 1666): EVENT_QUERY_MO_PACKAGES
01-14 18:19:30.440 D/CombinedWidgetProvider( 1680): addFxWidget: WidgetSummary(Profile/FX_WIDGET/[I@40d04440 x [I@40d04460/-2/ComponentInfo{com.htc.widget.profile/com.htc.widget.profile.HtcWidgetReceiver}/[I@40d04480)
01-14 18:19:30.440 D/FxWidgetProvider( 1680): row 1
01-14 18:19:30.440 D/CombinedWidgetProvider( 1680): addFxWidget: WidgetSummary(Power Dashboard/FX_WIDGET/[I@40927398 x [I@409273b8/-2/ComponentInfo{com.htc.rosiewidgets.powerstrip/com.htc.rosiewidgets.powerstrip.PowerStripWidgetProvider}/[I@409273d8)
01-14 18:19:30.450 D/FxWidgetProvider( 1680): row 1
01-14 18:19:30.450 D/CombinedWidgetProvider( 1680): addFxWidget: WidgetSummary(Photo Album/FX_WIDGET/[I@409620e0 x [I@4096bb48/-2/ComponentInfo{com.htc.photowidget3d/com.htc.photowidget3d.album.PhotoAlbumWidgetProvider}/[I@4096bb68)
01-14 18:19:30.450 I/ActivityThread( 2750): Pub com.htc.wdm.provider.HtcDirectCarouselProvider: com.htc.wdm.provider.HtcDirectCarouselProvider
01-14 18:19:30.460 D/FxWidgetProvider( 1680): row 1
01-14 18:19:30.460 I/ActivityThread( 2750): Pub com.htc.wdm.status.HtcDirectProvider: com.htc.wdm.status.HtcDirectProvider
01-14 18:19:30.460 D/CombinedWidgetProvider( 1680): addFxWidget: WidgetSummary(Photo Frame/FX_WIDGET/[I@40a43d88 x [I@40a43da8/-2/ComponentInfo{com.htc.photowidget3d/com.htc.photowidget3d.frame.PhotoFrameWidgetProvider}/[I@40a43dc8)
01-14 18:19:30.460 D/FxWidgetProvider( 1680): row 1
01-14 18:19:30.470 D/HTC Hub ( 2750): /mnt/sdcard/.LHYGB/CKCL
01-14 18:19:30.470 D/HTC Hub ( 2750): no token file
01-14 18:19:30.470 D/HTC Hub ( 2750): no token file
01-14 18:19:30.470 D/HTC Hub ( 2750): Log settings are 
01-14 18:19:30.470 D/HTC Hub ( 2750): Enable General Log : false
01-14 18:19:30.470 D/HTC Hub ( 2750): Enable Analytic Log : false
01-14 18:19:30.470 D/CombinedWidgetProvider( 1680): addFxWidget: WidgetSummary(Photo Grid/FX_WIDGET/[I@40ba75f0 x [I@40ba6258/-2/ComponentInfo{com.htc.rosiewidgets.photogridwidget3d/com.htc.rosiewidgets.photogridwidget3d.PhotoGridWidget3DProvider}/[I@40ba6278)
01-14 18:19:30.470 D/HTC Hub ( 2750): Enable Normal Log Level (dependent on General Log) : false
01-14 18:19:30.470 D/HTC Hub ( 2750): Enable Critical Log Level (dependent on General Log) : false
01-14 18:19:30.470 D/FxWidgetProvider( 1680): row 1
01-14 18:19:30.470 I/ActivityManager( 1574): No longer want com.htc.home.personalize (pid 1848): hidden #16
01-14 18:19:30.480 D/SM:PackageReceiver( 2010): package added: package:uk.ac.st_andrews.cs.host.mk74.energymeasurement.plain
01-14 18:19:30.480 D/CombinedWidgetProvider( 1680): addFxWidget: WidgetSummary(Navigate/FX_WIDGET/[I@408f0498 x [I@408f04b8/-2/ComponentInfo{com.htc.laputa.widget3d.navigate/com.htc.laputa.widget3d.navigate.NavigateWidgetProvider}/[I@408f04d8)
01-14 18:19:30.490 D/FxWidgetProvider( 1680): row 1
01-14 18:19:30.490 D/WidgetScanner( 1680): onReceive: Intent { act=android.intent.action.PACKAGE_ADDED dat=package:uk.ac.st_andrews.cs.host.mk74.energymeasurement.plain flg=0x10000010 cmp=com.htc.launcher/.widget.WidgetScannerTrigger (has extras) }
01-14 18:19:30.500 D/WidgetScanner( 2709): onReceiveInternal: Intent { act=android.intent.action.PACKAGE_ADDED dat=package:uk.ac.st_andrews.cs.host.mk74.energymeasurement.plain flg=0x10000010 cmp=com.htc.launcher/.widget.WidgetScannerService (has extras) }
01-14 18:19:30.500 D/CombinedWidgetProvider( 1680): addFxWidget: WidgetSummary(Navigate/FX_WIDGET/[I@40787630 x [I@40787650/-2/ComponentInfo{com.htc.laputa.widget3d.navigate/com.htc.laputa.widget3d.navigate.NavigateWidgetProvider}/[I@40787670)
01-14 18:19:30.500 D/HtcWidgetScanner( 2709): onPackageAdded: uk.ac.st_andrews.cs.host.mk74.energymeasurement.plain
01-14 18:19:30.500 D/FxWidgetProvider( 1680): row 1
01-14 18:19:30.510 I/RegisterService( 2716): android.intent.action.PACKAGE_ADDED package:uk.ac.st_andrews.cs.host.mk74.energymeasurement.plain
01-14 18:19:30.510 I/ActivityManager( 1574): Start proc com.svox.pico for broadcast com.svox.pico/.VoiceDataInstallerReceiver: pid=2760 uid=10031 gids={}
01-14 18:19:30.520 D/CombinedWidgetProvider( 1680): addFxWidget: WidgetSummary(Locations/FX_WIDGET/[I@40a1ced8 x [I@40a1cef8/-2/ComponentInfo{com.htc.laputa.widget3d.locations/com.htc.laputa.widget3d.locations.LocationsWidgetProvider}/[I@40a1cf18)
01-14 18:19:30.520 D/FxWidgetProvider( 1680): row 1
01-14 18:19:30.520 D/CombinedWidgetProvider( 1680): addFxWidget: WidgetSummary(News/FX_WIDGET/[I@40afeda0 x [I@40afedc0/-2/ComponentInfo{com.htc.googlereaderwidget/com.htc.googlereaderwidget.RosieWidgetReceiver}/[I@40afede0)
01-14 18:19:30.530 D/FxWidgetProvider( 1680): row 1
01-14 18:19:30.530 D/CombinedWidgetProvider( 1680): addFxWidget: WidgetSummary(News/FX_WIDGET/[I@40cdbc60 x [I@40cdbc80/-2/ComponentInfo{com.htc.googlereaderwidget/com.htc.googlereaderwidget.RosieWidgetReceiver}/[I@40cdbca0)
01-14 18:19:30.540 D/FxWidgetProvider( 1680): row 1
01-14 18:19:30.540 D/CombinedWidgetProvider( 1680): addFxWidget: WidgetSummary(Data Dashboard/FX_WIDGET/[I@408f45d8 x [I@408f45f8/-2/ComponentInfo{com.htc.rosiewidgets.datastrip/com.htc.rosiewidgets.datastrip.DataStripWidgetProvider}/[I@408f4618)
01-14 18:19:30.550 D/FxWidgetProvider( 1680): row 1
01-14 18:19:30.550 D/CombinedWidgetProvider( 1680): addFxWidget: WidgetSummary(Data Roaming/FX_WIDGET/[I@40680078 x [I@40680098/-2/ComponentInfo{com.htc.rosiewidgets.dataroaming/com.htc.rosiewidgets.dataroaming.WidgetProvider}/[I@408492a8)
01-14 18:19:30.550 D/FxWidgetProvider( 1680): row 1
01-14 18:19:30.560 I/ActivityThread( 2760): Pub com.svox.pico.providers.SettingsProvider: com.svox.pico.providers.SettingsProvider
