01-14 18:19:30.560 D/CombinedWidgetProvider( 1680): addFxWidget: WidgetSummary(Analog Clock/FX_WIDGET/[I@4073d4e8 x [I@4078f758/-2/ComponentInfo{com.htc.clock3dwidget/com.htc.clock3dwidget.ClockWidgetProvider}/[I@4078f778)
01-14 18:19:30.560 D/FxWidgetProvider( 1680): row 1
01-14 18:19:30.570 D/CombinedWidgetProvider( 1680): addFxWidget: WidgetSummary(Analog Clock/FX_WIDGET/[I@407c9900 x [I@407c9920/-2/ComponentInfo{com.htc.clock3dwidget/com.htc.clock3dwidget.ClockWidgetProvider}/[I@407c9940)
01-14 18:19:30.570 D/FxWidgetProvider( 1680): row 1
01-14 18:19:30.570 D/vicky   ( 2723): vicky received: android.intent.action.PACKAGE_ADDED
01-14 18:19:30.590 D/CombinedWidgetProvider( 1680): addFxWidget: WidgetSummary(Weather Clock/FX_WIDGET/[I@4084c020 x [I@4084c040/-2/ComponentInfo{com.htc.clock3dwidget/com.htc.clock3dwidget.ClockWidgetProvider}/[I@4084c060)
01-14 18:19:30.590 D/FxWidgetProvider( 1680): row 1
01-14 18:19:30.600 D/CombinedWidgetProvider( 1680): addFxWidget: WidgetSummary(Travel Clock/FX_WIDGET/[I@408f2740 x [I@408f2760/-2/ComponentInfo{com.htc.clock3dwidget/com.htc.clock3dwidget.ClockWidgetProvider}/[I@408f2780)
01-14 18:19:30.600 D/GTalkService( 1710): [GTalkService.1] handlePackageInstalled: re-initialize providers
01-14 18:19:30.600 D/GTalkService( 1710): [RawStanzaProvidersMgr] ##### searchProvidersFromIntent
01-14 18:19:30.610 D/FxWidgetProvider( 1680): row 1
01-14 18:19:30.610 D/CombinedWidgetProvider( 1680): addFxWidget: WidgetSummary(Digital Clock/FX_WIDGET/[I@408522d0 x [I@408522f0/-2/ComponentInfo{com.htc.clock3dwidget/com.htc.clock3dwidget.ClockWidgetProvider}/[I@40852310)
01-14 18:19:30.610 D/FxWidgetProvider( 1680): row 1
01-14 18:19:30.610 I/ActivityManager( 1574): Start proc com.google.android.partnersetup for broadcast com.google.android.partnersetup/.RlzPingBroadcastReceiver: pid=2767 uid=10081 gids={3003}
01-14 18:19:30.620 D/CombinedWidgetProvider( 1680): addFxWidget: WidgetSummary(Analog Clock/FX_WIDGET/[I@409296e0 x [I@40929700/-2/ComponentInfo{com.htc.clock3dwidget/com.htc.clock3dwidget.ClockWidgetProvider}/[I@40929720)
01-14 18:19:30.620 D/FxWidgetProvider( 1680): row 1
01-14 18:19:30.640 D/CombinedWidgetProvider( 1680): addFxWidget: WidgetSummary(Analog Clock/FX_WIDGET/[I@40934518 x [I@40934538/-2/ComponentInfo{com.htc.clock3dwidget/com.htc.clock3dwidget.ClockWidgetProvider}/[I@40934558)
01-14 18:19:30.640 D/FxWidgetProvider( 1680): row 1
01-14 18:19:30.650 I/ActivityThread( 2767): Pub com.google.android.partnersetup.rlzprovider: com.google.android.partnersetup.RlzProvider
01-14 18:19:30.660 I/ActivityThread( 2767): Pub com.google.android.partnersetup.rlzappprovider: com.google.android.partnersetup.RlzAppProvider
01-14 18:19:30.660 D/CombinedWidgetProvider( 1680): addFxWidget: WidgetSummary(Analog Clock/FX_WIDGET/[I@40961b58 x [I@40961b78/-2/ComponentInfo{com.htc.clock3dwidget/com.htc.clock3dwidget.ClockWidgetProvider}/[I@40961b98)
01-14 18:19:30.660 D/FxWidgetProvider( 1680): row 1
01-14 18:19:30.670 D/CombinedWidgetProvider( 1680): addFxWidget: WidgetSummary(Analog Clock/FX_WIDGET/[I@409740e8 x [I@40974108/-2/ComponentInfo{com.htc.clock3dwidget/com.htc.clock3dwidget.ClockWidgetProvider}/[I@40974128)
01-14 18:19:30.670 D/FxWidgetProvider( 1680): row 1
01-14 18:19:30.680 D/CombinedWidgetProvider( 1680): addFxWidget: WidgetSummary(Analog Clock/FX_WIDGET/[I@40a41050 x [I@40a41070/-2/ComponentInfo{com.htc.clock3dwidget/com.htc.clock3dwidget.ClockWidgetProvider}/[I@40a41090)
01-14 18:19:30.680 D/FxWidgetProvider( 1680): row 1
01-14 18:19:30.680 D/CombinedWidgetProvider( 1680): addFxWidget: WidgetSummary(Analog Clock/FX_WIDGET/[I@40a5d358 x [I@40a5d378/-2/ComponentInfo{com.htc.clock3dwidget/com.htc.clock3dwidget.ClockWidgetProvider}/[I@40a5d398)
01-14 18:19:30.680 I/ActivityManager( 1574): No longer want com.htc.sdm (pid 2169): hidden #16
01-14 18:19:30.690 D/FxWidgetProvider( 1680): row 1
01-14 18:19:30.690 D/CombinedWidgetProvider( 1680): addFxWidget: WidgetSummary(Analog Clock/FX_WIDGET/[I@40b810d0 x [I@40b82360/-2/ComponentInfo{com.htc.clock3dwidget/com.htc.clock3dwidget.ClockWidgetProvider}/[I@40b82380)
01-14 18:19:30.690 D/FxWidgetProvider( 1680): row 1
01-14 18:19:30.690 D/CombinedWidgetProvider( 1680): addFxWidget: WidgetSummary(Social Clock/FX_WIDGET/[I@40b9a5c0 x [I@40b9a5e0/-2/ComponentInfo{com.htc.clock3dwidget/com.htc.clock3dwidget.ClockWidgetProvider}/[I@40b9a600)
01-14 18:19:30.690 D/FxWidgetProvider( 1680): row 1
01-14 18:19:30.710 D/PhoneApp( 1666): -- N1 =0
01-14 18:19:30.720 D/SM:PackageReceiver( 2010): package replaced: package:uk.ac.st_andrews.cs.host.mk74.energymeasurement.plain
01-14 18:19:30.720 I/ActivityManager( 1574): Start proc com.htc.htchubsyncprovider for content provider com.htc.htchubsyncprovider/.provider.MyDownloadsProvider: pid=2774 uid=10069 gids={3003, 2001, 1015}
01-14 18:19:30.750 I/ActivityManager( 1574): Start proc com.google.android.apps.maps:FriendService for broadcast com.google.android.apps.maps/com.google.googlenav.friend.android.ServiceReceiver: pid=2779 uid=10046 gids={3003, 1015}
01-14 18:19:30.760 D/HtcWidgetProvider( 1680): row 3
01-14 18:19:30.790 I/ActivityThread( 2774): Pub com.htc.wdm.provider.WDMProvider: com.htc.htchubsyncprovider.provider.WDMProvider
01-14 18:19:30.801 I/ActivityThread( 2774): Pub com.htc.wotaproviders.MyDownloadsProvider: com.htc.htchubsyncprovider.provider.MyDownloadsProvider
01-14 18:19:30.851 D/PhoneApp( 1666): -- N2 =0
01-14 18:19:30.851 D/SqliteDatabaseCpp( 2774): dbopen(): path = /data/data/com.htc.htchubsyncprovider/databases , key = mqdksjlkYdw, flag = 6, file size = 6144
01-14 18:19:30.851 D/SqliteDatabaseCpp( 2774): dbopen(): path = /data/data/com.htc.htchubsyncprovider/databases , key = mqdksjlkYdw, mode: delete, disk free size: 7853 M, handle: 0xdacd0
01-14 18:19:30.891 D/dalvikvm( 2779): GC_CONCURRENT freed 158K, 4% free 6800K/7047K, paused 1ms+1ms
01-14 18:19:30.921 I/RegisterService( 2716): android.intent.action.PACKAGE_REPLACED package:uk.ac.st_andrews.cs.host.mk74.energymeasurement.plain
01-14 18:19:30.961 I/ActivityManager( 1574): No longer want com.htc.musicenhancer (pid 2438): hidden #16
01-14 18:19:31.001 D/dalvikvm( 2779): GC_CONCURRENT freed 134K, 4% free 7136K/7431K, paused 1ms+2ms
01-14 18:19:31.001 D/PhoneApp( 1666): -- N3 =0
01-14 18:19:31.121 D/dalvikvm( 1574): GC_EXPLICIT freed 1032K, 12% free 15941K/17991K, paused 116ms+7ms
01-14 18:19:31.161 D/AndroidRuntime( 2692): Shutting down VM
01-14 18:19:31.161 D/dalvikvm( 2692): GC_CONCURRENT freed 105K, 83% free 364K/2048K, paused 0ms+0ms
01-14 18:19:31.171 D/dalvikvm( 2692): Debugger has detached; object registry had 1 entries
01-14 18:19:31.171 I/AndroidRuntime( 2692): NOTE: attach of thread 'Binder Thread #3' failed
01-14 18:19:31.261 D/dalvikvm( 1574): GC_EXPLICIT freed 58K, 12% free 15891K/17991K, paused 2ms+4ms
01-14 18:19:31.281 D/CombinedWidgetProvider( 1680): addFxWidget: WidgetSummary(Beam Clock/FX_WIDGET/[I@40ce3c10 x [I@40ce3c30/-2/ComponentInfo{com.htc.clock3dwidget/com.htc.clock3dwidget.ClockWidgetProvider}/[I@40cdd790)
01-14 18:19:31.281 D/FxWidgetProvider( 1680): row 1
01-14 18:19:31.281 D/CombinedWidgetProvider( 1680): addFxWidget: WidgetSummary(Ring Clock/FX_WIDGET/[I@40874c98 x [I@40874cb8/-2/ComponentInfo{com.htc.clock3dwidget/com.htc.clock3dwidget.ClockWidgetProvider}/[I@4088ee78)
01-14 18:19:31.291 D/FxWidgetProvider( 1680): row 1
01-14 18:19:31.301 D/CombinedWidgetProvider( 1680): addFxWidget: WidgetSummary(Spin Cycle Clock/FX_WIDGET/[I@40981888 x [I@409818a8/-2/ComponentInfo{com.htc.clock3dwidget/com.htc.clock3dwidget.ClockWidgetProvider}/[I@409818c8)
01-14 18:19:31.301 D/FxWidgetProvider( 1680): row 1
01-14 18:19:31.311 D/CombinedWidgetProvider( 1680): addFxWidget: WidgetSummary(Analog Clock/FX_WIDGET/[I@40780500 x [I@40780520/-2/ComponentInfo{com.htc.clock3dwidget/com.htc.clock3dwidget.ClockWidgetProvider}/[I@40780540)
01-14 18:19:31.311 D/FxWidgetProvider( 1680): row 1
01-14 18:19:31.321 D/CombinedWidgetProvider( 1680): addFxWidget: WidgetSummary(Calculator/FX_WIDGET/[I@407e3e28 x [I@40788660/-2/ComponentInfo{com.htc.android.fusion.calculator/com.htc.android.fusion.calculator.RosieIntentReceiver}/[I@40788680)
01-14 18:19:31.341 D/HtcWidgetScanner( 2709): count(onPackageUpdated) - 3
01-14 18:19:31.341 D/FxWidgetProvider( 1680): row 1
01-14 18:19:31.341 D/CombinedWidgetProvider( 1680): addFxWidget: WidgetSummary(Calculator/FX_WIDGET/[I@408578d8 x [I@408578f8/-2/ComponentInfo{com.htc.android.fusion.calculator/com.htc.android.fusion.calculator.RosieIntentReceiver}/[I@40857918)
01-14 18:19:31.341 D/FxWidgetProvider( 1680): row 1
01-14 18:19:31.351 D/CombinedWidgetProvider( 1680): addFxWidget: WidgetSummary(Calculator/FX_WIDGET/[I@4095ed90 x [I@4095edb0/-2/ComponentInfo{com.htc.android.fusion.calculator/com.htc.android.fusion.calculator.RosieIntentReceiver}/[I@4095edd0)
01-14 18:19:31.361 D/FxWidgetProvider( 1680): row 1
01-14 18:19:31.371 D/CombinedWidgetProvider( 1680): addFxWidget: WidgetSummary(Calculator/FX_WIDGET/[I@40a25e70 x [I@40a25e90/-2/ComponentInfo{com.htc.android.fusion.calculator/com.htc.android.fusion.calculator.RosieIntentReceiver}/[I@40a25eb0)
01-14 18:19:31.371 D/FxWidgetProvider( 1680): row 1
01-14 18:19:31.371 D/Socket_Alarm( 2779): registerHTCSocketMonitorCallBack
01-14 18:19:31.371 D/Socket_Alarm( 2779): set mSocketMonitor
01-14 18:19:31.371 D/Socket_Alarm( 2779): HTCSocketMonitorImpl::HTCSocketMonitorImpl
01-14 18:19:31.401 D/CombinedWidgetProvider( 1680): addFxWidget: WidgetSummary(Auto-sync/FX_WIDGET/[I@40afc380 x [I@40afc3a0/-2/ComponentInfo{com.htc.rosiewidgets.backgrounddata/com.htc.rosiewidgets.backgrounddata.BackgroundDataWidgetProvider}/[I@40afc3c0)
01-14 18:19:31.401 D/FxWidgetProvider( 1680): row 1
01-14 18:19:31.441 D/CombinedWidgetProvider( 1680): addFxWidget: WidgetSummary(Auto-rotate/FX_WIDGET/[I@40b8e428 x [I@40b8f6e0/-2/ComponentInfo{com.htc.autorotatewidget/com.htc.autorotatewidget.AutoRotateWidgetProvider}/[I@40b8f700)
01-14 18:19:31.441 D/FxWidgetProvider( 1680): row 1
01-14 18:19:31.451 D/CombinedWidgetProvider( 1680): addFxWidget: WidgetSummary(Stocks/FX_WIDGET/[I@40cda478 x [I@40cda498/-2/ComponentInfo{com.htc.android.fusion.StockWidget/com.htc.android.fusion.StockWidget.RosieWidgetReceiver}/[I@40cda4b8)
01-14 18:19:31.451 I/ActivityManager( 1574): No longer want com.htc.pen (pid 2112): hidden #16
01-14 18:19:31.461 D/FxWidgetProvider( 1680): row 1
01-14 18:19:31.461 I/ActivityManager( 1574): Start proc com.google.android.googlequicksearchbox for broadcast com.google.android.googlequicksearchbox/.SourceUpdateReceiver: pid=2795 uid=10080 gids={3003}
01-14 18:19:31.521 D/CombinedWidgetProvider( 1680): addFxWidget: WidgetSummary(Stocks/FX_WIDGET/[I@40871ed8 x [I@40871ef8/-2/ComponentInfo{com.htc.android.fusion.StockWidget/com.htc.android.fusion.StockWidget.RosieWidgetReceiver}/[I@40871f18)
01-14 18:19:31.521 D/FxWidgetProvider( 1680): row 1
01-14 18:19:31.531 D/CombinedWidgetProvider( 1680): addFxWidget: WidgetSummary(Stocks/FX_WIDGET/[I@408e1fb0 x [I@408e1fd0/-2/ComponentInfo{com.htc.android.fusion.StockWidget/com.htc.android.fusion.StockWidget.RosieWidgetReceiver}/[I@408e24e0)
01-14 18:19:31.531 D/CombinedWidgetProvider( 1680): -addFxWidgets diff: 2659
01-14 18:19:31.541 D/CombinedWidgetProvider( 1680): +addAppWidgetCategories
01-14 18:19:31.541 D/CombinedWidgetProvider( 1680): add AppWidget category: WidgetCategory(YouTube/APP_WIDGET/0)
01-14 18:19:31.541 D/CombinedWidgetProvider( 1680): add AppWidget category: WidgetCategory(Twitter (large)/APP_WIDGET/0)
01-14 18:19:31.541 D/CombinedWidgetProvider( 1680): add AppWidget category: WidgetCategory(Twitter (small)/APP_WIDGET/0)
01-14 18:19:31.541 D/CombinedWidgetProvider( 1680): add AppWidget category: WidgetCategory(Traffic/APP_WIDGET/0)
01-14 18:19:31.541 D/CombinedWidgetProvider( 1680): add AppWidget category: WidgetCategory(Latitude/APP_WIDGET/0)
01-14 18:19:31.541 D/CombinedWidgetProvider( 1680): add AppWidget category: WidgetCategory(Market/APP_WIDGET/0)
01-14 18:19:31.541 D/CombinedWidgetProvider( 1680): add AppWidget category: WidgetCategory(Google Search/APP_WIDGET/0)
01-14 18:19:31.541 D/CombinedWidgetProvider( 1680): add AppWidget category: WidgetCategory(Gmail/APP_WIDGET/0)
01-14 18:19:31.541 D/CombinedWidgetProvider( 1680): add AppWidget category: WidgetCategory(Bookmarks/APP_WIDGET/0)
01-14 18:19:31.541 D/CombinedWidgetProvider( 1680): -addAppWidgetCategories
01-14 18:19:31.541 D/CombinedWidgetProvider( 1680): +addHtcWidgetCategories
01-14 18:19:31.541 D/CombinedWidgetProvider( 1680):  uri: content://com.htc.launcher.widget.htcwidget/htcwidgets?category_only=true
01-14 18:19:31.551 D/HtcWidgetProvider( 1680): row 1
01-14 18:19:31.561 D/FxWidgetScanner( 2709): onPackageAdded: uk.ac.st_andrews.cs.host.mk74.energymeasurement.plain
01-14 18:19:31.571 D/CombinedWidgetProvider( 1680): addHtcWidget Category: WidgetCategory(Tips for Home/HTC_WIDGET/1101)
01-14 18:19:31.571 D/CombinedWidgetProvider( 1680): -addHtcWidgetCategories
01-14 18:19:31.571 D/CombinedWidgetProvider( 1680): +addFxWidgetCategories
01-14 18:19:31.571 D/FxWidgetProvider( 1680): row 94
01-14 18:19:31.591 I/ActivityThread( 2795): Pub com.google.android.googlequicksearchbox.shortcuts: com.google.android.googlequicksearchbox.WebHistoryProvider
01-14 18:19:31.591 I/ActivityThread( 2795): Pub com.google.android.googlequicksearchbox.google: com.google.android.googlequicksearchbox.google.GoogleSuggestionProvider
01-14 18:19:31.651 D/AndroidRuntime( 2794): 
01-14 18:19:31.651 D/AndroidRuntime( 2794): >>>>>> AndroidRuntime START com.android.internal.os.RuntimeInit <<<<<<
01-14 18:19:31.651 D/AndroidRuntime( 2794): CheckJNI is OFF
01-14 18:19:31.691 D/FxWidgetScanner( 2709): addWidgetList
01-14 18:19:31.741 D/FxWidgetScanner( 2709): ResolveInfo size 0
01-14 18:19:31.751 D/SqliteDatabaseCpp( 2795): dbopen(): path = /data/data/com.google.android.googlequicksearchbox/databases , key = iwf-`awtkvq, flag = 6, file size = 6144
01-14 18:19:31.751 D/SqliteDatabaseCpp( 2795): dbopen(): path = /data/data/com.google.android.googlequicksearchbox/databases , key = iwf-`awtkvq, mode: delete, disk free size: 7854 M, handle: 0x1938b8
01-14 18:19:31.811 D/CursorWindowStats( 2794): Get CursorWindow size from framework resource:4194304
01-14 18:19:31.852 D/WidgetScanner( 2709): upadted? false
01-14 18:19:31.892 I/ActivityManager( 1574): Start proc com.htc.pen for broadcast com.htc.pen/.plugin.PenReceiver: pid=2814 uid=10040 gids={}
01-14 18:19:31.892 I/ActivityManager( 1574): No longer want com.htc.bg (pid 1943): hidden #16
01-14 18:19:31.892 I/ActivityManager( 1574): No longer want com.android.settings (pid 2663): hidden #17
01-14 18:19:31.932 D/AndroidRuntime( 2794): Calling main entry com.android.commands.am.Am
01-14 18:19:31.942 D/dalvikvm( 1439): GC_EXPLICIT freed 11K, 5% free 6453K/6787K, paused 1ms+3ms
01-14 18:19:31.962 D/dalvikvm( 1439): GC_EXPLICIT freed <1K, 5% free 6453K/6787K, paused 1ms+1ms
01-14 18:19:31.982 D/dalvikvm( 1439): GC_EXPLICIT freed <1K, 5% free 6453K/6787K, paused 1ms+2ms
01-14 18:19:32.012 I/ActivityManager( 1574): Starting: Intent { act=android.intent.action.MAIN cat=[android.intent.category.LAUNCHER] flg=0x10000000 cmp=uk.ac.st_andrews.cs.host.mk74.energymeasurement.plain/.MainActivity } from pid 2794
01-14 18:19:32.042 I/ActivityThread( 2814): Pub com.htc.penmenu: com.htc.pen.provider.PenMenuProvider
01-14 18:19:32.042 D/AndroidRuntime( 2794): Shutting down VM
01-14 18:19:32.042 D/dalvikvm( 2794): GC_CONCURRENT freed 106K, 81% free 397K/2048K, paused 0ms+1ms
01-14 18:19:32.042 D/ActivityManager( 1574): isSketcherDisabledInCurrentTask():false, ActivityRecord{40fa8ec0 uk.ac.st_andrews.cs.host.mk74.energymeasurement.plain/.MainActivity}
01-14 18:19:32.052 D/HostWidgetManager( 1680): pauseWidgets: 2
01-14 18:19:32.062 I/ActivityManager( 1574): Start proc uk.ac.st_andrews.cs.host.mk74.energymeasurement.plain for activity uk.ac.st_andrews.cs.host.mk74.energymeasurement.plain/.MainActivity: pid=2824 uid=10112 gids={}
01-14 18:19:32.062 D/dalvikvm( 2794): Debugger has detached; object registry had 1 entries
01-14 18:19:32.102 I/ActivityThread( 2814): Pub com.htc.pen: com.htc.pen.provider.PenProvider
01-14 18:19:32.112 D/SurfaceFlinger( 1438): getTokenForSurface(0xab614) => 0 (client=0xa26f0, bitmap=00000003), pid=1574
01-14 18:19:32.122 D/msm7x30.gralloc( 1438): gpu_context_t::getGrallocInformationFromFormat  2 
01-14 18:19:32.142 D/Sensors ( 1574): Enable akm: en = 0
01-14 18:19:32.192 V/WindowManager( 1574): Starting animation in AppWindowToken{40a28448 token=ActivityRecord{4068e880 com.htc.launcher/.Launcher}} @ 1174516
01-14 18:19:32.192 V/WindowManager( 1574): Starting animation in AppWindowToken{41105fb8 token=ActivityRecord{40fa8ec0 uk.ac.st_andrews.cs.host.mk74.energymeasurement.plain/.MainActivity}} @ 1174516
01-14 18:19:32.202 V/WindowManager( 1574): Finished animation in AppWindowToken{40a28448 token=ActivityRecord{4068e880 com.htc.launcher/.Launcher}} @ 1174538
01-14 18:19:32.212 V/WindowManager( 1574): Finished animation in AppWindowToken{41105fb8 token=ActivityRecord{40fa8ec0 uk.ac.st_andrews.cs.host.mk74.energymeasurement.plain/.MainActivity}} @ 1174538
01-14 18:19:32.232 D/ActivityManager( 1574): isSketcherDisabledInCurrentTask():false, ActivityRecord{40fa8ec0 uk.ac.st_andrews.cs.host.mk74.energymeasurement.plain/.MainActivity}
01-14 18:19:32.252 D/PhoneWindow( 1680): couldn't save which view has focus because the focused view android.widget.RelativeLayout@407c12a0 has no id.
01-14 18:19:32.262 D/SurfaceFlinger( 1438): getTokenForSurface(0xbcb0c) => 0 (client=0xadc20, bitmap=00000001), pid=2824
01-14 18:19:32.272 D/msm7x30.gralloc( 1438): gpu_context_t::getGrallocInformationFromFormat  2 
01-14 18:19:32.302 I/ActivityManager( 1574): Displayed uk.ac.st_andrews.cs.host.mk74.energymeasurement.plain/.MainActivity: +244ms (total +18m34s508ms)
01-14 18:19:32.322 D/msm7x30.gralloc( 1438): gpu_context_t::getGrallocInformationFromFormat  2 
01-14 18:19:32.332 D/SurfaceFlinger( 1438): virtual void android::Layer::onRemoved(): lcblk (identity=62, status=0, token=0)
01-14 18:19:32.372 D/SqliteDatabaseCpp( 2814): dbopen(): path = /data/data/com.htc.pen/databases , key = hej, flag = 6, file size = 15360
01-14 18:19:32.382 D/SqliteDatabaseCpp( 2814): dbopen(): path = /data/data/com.htc.pen/databases , key = hej, mode: delete, disk free size: 7854 M, handle: 0x19bb90
01-14 18:19:32.392 D/AK8975  ( 1448): Compass CLOSE 
01-14 18:19:32.412 D/SurfaceFlinger( 1438): virtual void android::Layer::onRemoved(): lcblk (identity=8, status=0, token=2)
01-14 18:19:32.422 D/SurfaceFlinger( 1438): virtual void android::Layer::onRemoved(): lcblk (identity=7, status=0, token=1)
01-14 18:19:32.442 W/InputManagerService( 1574): Starting input on non-focused client com.android.internal.view.IInputMethodClient$Stub$Proxy@410811d8 (uid=9999 pid=1680)
01-14 18:19:32.462 D/PenUtils( 2814): getDefaultPen() start 14
01-14 18:19:32.642 D/PenUtils( 2814): getDefaultPen() end 45
01-14 18:19:32.642 D/PenUtils( 2393): getAllPen() start 108
01-14 18:19:32.642 I/MySketcher( 2393): onReceive: com.htc.pen.refreshed
01-14 18:19:32.662 I/MySketcher( 2393): [SketcherWorker] onStartCommand: com.htc.action.PREPARE_VARS
01-14 18:19:32.662 I/MySketcher( 2393): prepareContentVars entered
01-14 18:19:32.662 I/MySketcher( 2393):  getContentView  , in thread:2393
01-14 18:19:32.712 D/dalvikvm( 1670): GC_CONCURRENT freed 765K, 10% free 8017K/8903K, paused 2ms+19ms
01-14 18:19:32.832 D/dalvikvm( 2393): GC_CONCURRENT freed 514K, 9% free 8813K/9607K, paused 1ms+1ms
01-14 18:19:32.863 D/dalvikvm( 1680): GC_CONCURRENT freed 1422K, 19% free 12078K/14791K, paused 1ms+11ms
01-14 18:19:32.963 D/CombinedWidgetProvider( 1680): +addFxWidgetCategories: default
01-14 18:19:32.963 D/CombinedWidgetProvider( 1680): addFxWidget Category: WidgetCategory(Watch/FX_WIDGET/-2)
01-14 18:19:32.963 D/CombinedWidgetProvider( 1680): +addFxWidgetCategories: default
01-14 18:19:32.963 D/CombinedWidgetProvider( 1680): addFxWidget Category: WidgetCategory(Mail/FX_WIDGET/-2)
01-14 18:19:32.963 D/CombinedWidgetProvider( 1680): +addFxWidgetCategories: default
01-14 18:19:32.963 D/CombinedWidgetProvider( 1680): addFxWidget Category: WidgetCategory(People/FX_WIDGET/-2)
01-14 18:19:32.963 D/CombinedWidgetProvider( 1680): +addFxWidgetCategories: default
01-14 18:19:32.973 D/CombinedWidgetProvider( 1680): addFxWidget Category: WidgetCategory(Calendar/FX_WIDGET/-2)
01-14 18:19:32.973 D/CombinedWidgetProvider( 1680): +addFxWidgetCategories: default
01-14 18:19:32.973 D/CombinedWidgetProvider( 1680): addFxWidget Category: WidgetCategory(Bookmarks/FX_WIDGET/-2)
01-14 18:19:32.973 D/CombinedWidgetProvider( 1680): +addFxWidgetCategories: default
01-14 18:19:32.973 D/CombinedWidgetProvider( 1680): addFxWidget Category: WidgetCategory(Messages/FX_WIDGET/-2)
01-14 18:19:32.973 D/CombinedWidgetProvider( 1680): +addFxWidgetCategories: default
01-14 18:19:32.973 D/CombinedWidgetProvider( 1680): addFxWidget Category: WidgetCategory(Twitter/FX_WIDGET/-2)
01-14 18:19:32.973 D/CombinedWidgetProvider( 1680): +addFxWidgetCategories: default
01-14 18:19:32.973 D/CombinedWidgetProvider( 1680): addFxWidget Category: WidgetCategory(Trends/FX_WIDGET/-2)
01-14 18:19:32.973 D/CombinedWidgetProvider( 1680): +addFxWidgetCategories: default
01-14 18:19:32.973 D/CombinedWidgetProvider( 1680): addFxWidget Category: WidgetCategory(Sync All/FX_WIDGET/-2)
01-14 18:19:32.973 D/CombinedWidgetProvider( 1680): +addFxWidgetCategories: default
01-14 18:19:32.973 D/CombinedWidgetProvider( 1680): addFxWidget Category: WidgetCategory(Music/FX_WIDGET/-2)
01-14 18:19:32.973 D/CombinedWidgetProvider( 1680): +addFxWidgetCategories: default
01-14 18:19:32.973 D/CombinedWidgetProvider( 1680): addFxWidget Category: WidgetCategory(Friend Stream/FX_WIDGET/-2)
01-14 18:19:32.973 D/CombinedWidgetProvider( 1680): +addFxWidgetCategories: default
01-14 18:19:32.973 D/CombinedWidgetProvider( 1680): addFxWidget Category: WidgetCategory(My Shelf/FX_WIDGET/-2)
01-14 18:19:32.973 D/CombinedWidgetProvider( 1680): +addFxWidgetCategories: default
01-14 18:19:32.973 D/CombinedWidgetProvider( 1680): addFxWidget Category: WidgetCategory(Weather/FX_WIDGET/-2)
01-14 18:19:32.973 D/CombinedWidgetProvider( 1680): +addFxWidgetCategories: default
01-14 18:19:32.973 D/CombinedWidgetProvider( 1680): addFxWidget Category: WidgetCategory(Notes/FX_WIDGET/-2)
01-14 18:19:32.973 D/CombinedWidgetProvider( 1680): +addFxWidgetCategories: default
01-14 18:19:32.973 D/CombinedWidgetProvider( 1680): addFxWidget Category: WidgetCategory(HTC Likes/FX_WIDGET/-2)
01-14 18:19:32.973 D/CombinedWidgetProvider( 1680): +addFxWidgetCategories: default
01-14 18:19:32.973 D/CombinedWidgetProvider( 1680): addFxWidget Category: WidgetCategory(Photo Album/FX_WIDGET/-2)
01-14 18:19:32.973 D/CombinedWidgetProvider( 1680): +addFxWidgetCategories: default
01-14 18:19:32.973 D/CombinedWidgetProvider( 1680): addFxWidget Category: WidgetCategory(Photo Frame/FX_WIDGET/-2)
01-14 18:19:32.983 D/CombinedWidgetProvider( 1680): +addFxWidgetCategories: default
01-14 18:19:32.983 D/CombinedWidgetProvider( 1680): addFxWidget Category: WidgetCategory(Photo Grid/FX_WIDGET/-2)
01-14 18:19:32.983 D/CombinedWidgetProvider( 1680): +addFxWidgetCategories: default
01-14 18:19:32.983 D/CombinedWidgetProvider( 1680): addFxWidget Category: WidgetCategory(Navigate/FX_WIDGET/-2)
01-14 18:19:32.983 D/CombinedWidgetProvider( 1680): +addFxWidgetCategories: default
01-14 18:19:32.983 D/CombinedWidgetProvider( 1680): addFxWidget Category: WidgetCategory(Locations/FX_WIDGET/-2)
01-14 18:19:32.983 D/CombinedWidgetProvider( 1680): +addFxWidgetCategories: default
01-14 18:19:32.983 D/CombinedWidgetProvider( 1680): addFxWidget Category: WidgetCategory(News/FX_WIDGET/-2)
01-14 18:19:32.983 D/CombinedWidgetProvider( 1680): +addFxWidgetCategories: default
01-14 18:19:32.983 D/CombinedWidgetProvider( 1680): addFxWidget Category: WidgetCategory(Clock/FX_WIDGET/-2)
01-14 18:19:32.983 D/CombinedWidgetProvider( 1680): +addFxWidgetCategories: default
01-14 18:19:32.983 D/CombinedWidgetProvider( 1680): addFxWidget Category: WidgetCategory(Calculator/FX_WIDGET/-2)
01-14 18:19:32.983 D/CombinedWidgetProvider( 1680): +addFxWidgetCategories: default
01-14 18:19:32.983 D/CombinedWidgetProvider( 1680): addFxWidget Category: WidgetCategory(Stocks/FX_WIDGET/-2)
01-14 18:19:32.983 I/SimplePen( 2393): created render with defaul alpha: 180, color: -1275068161, width: 3.0
01-14 18:19:32.983 D/CombinedWidgetProvider( 1680): -addFxWidgetCategories
01-14 18:19:32.983 I/ActivityManager( 1574): No longer want com.htc.notes (pid 1977): hidden #16
01-14 18:19:32.993 D/PenUtils( 2393): getAllPen() end 200
01-14 18:19:32.993 D/PenMenu ( 2393): mPenTypeLoadingListener runnable - onFinish
01-14 18:19:33.113 D/dalvikvm( 2393): GC_CONCURRENT freed 1053K, 13% free 8557K/9735K, paused 2ms+1ms
01-14 18:19:33.173 D/dalvikvm( 2393): GC_CONCURRENT freed 483K, 10% free 8775K/9735K, paused 2ms+2ms
01-14 18:19:33.203 I/System.out( 2824): Empty value
01-14 18:19:33.313 D/dalvikvm( 2393): GC_FOR_ALLOC freed 896K, 14% free 8437K/9735K, paused 14ms
01-14 18:19:33.373 D/dalvikvm( 2393): GC_CONCURRENT freed 336K, 11% free 8746K/9735K, paused 1ms+1ms
01-14 18:19:34.204 I/System.out( 2824): Empty value
01-14 18:19:34.544 D/UsbnetService( 1574): BroadcastReceiver::onReceive+
01-14 18:19:34.544 D/UsbnetService( 1574): onReceive BATTERY_CHANGED
01-14 18:19:34.554 D/UsbnetService( 1574):  --> pluggedType = 2, mPluggedType = 0, mScreenOff = false
01-14 18:19:34.554 D/UsbnetService( 1574): BroadcastReceiver::onReceive-
01-14 18:19:34.554 D/BatteryService( 1574): SendIntentforPowersaver
01-14 18:19:34.554 D/NotificationService( 1574): mIntentReceiver() Intent.ACTION_BATTERY_CHANGED
01-14 18:19:34.564 D/BatteryService( 1574): Current powersaver status == NORMAL_STATUS1 2 2 false
01-14 18:19:34.584 D/PowerUI ( 1644): closing low battery warning: level=99
01-14 18:19:34.584 D/RemoveMe( 1666): DCT got intent android.intent.action.BATTERY_CHANGED
01-14 18:19:34.584 D/RemoveMe( 1666): DCT got intent android.intent.action.BATTERY_CHANGED
01-14 18:19:34.584 D/RemoveMe( 1666): DCT got intent android.intent.action.BATTERY_CHANGED
01-14 18:19:34.584 D/PowerUI ( 1644): plugged = true, health = 2, mBatteryLevel = 99, mPluggedBatteryLevel = 97, mLowBatteryWarningLevel2 = 25, mshowLowChargingWarning2 = true
01-14 18:19:34.604 W/Vold    ( 1434): Ignoring unknown switch 'usb_mass_storage'
01-14 18:19:34.614 D/dalvikvm( 2824): Debugger has detached; object registry had 1 entries
01-14 18:19:34.614 W/Vold    ( 1434): Ignoring unknown switch 'usb_connected'
01-14 18:19:34.614 D/UsbService( 1574): [USBNET] USB UEVENT: {SUBSYSTEM=switch, SWITCH_STATE=0, DEVPATH=/devices/virtual/switch/usb_connected, SEQNUM=1409, ACTION=change, SWITCH_NAME=usb_connected}
01-14 18:19:34.614 D/UsbService( 1574): [USBNET] USB UEVENT: {SUBSYSTEM=switch, SWITCH_STATE=0, DEVPATH=/devices/virtual/switch/usb_configuration, SEQNUM=1410, ACTION=change, SWITCH_NAME=usb_configuration}
01-14 18:19:34.614 D/Vold    ( 1434): USB disconnected
01-14 18:19:34.614 D/Vold    ( 1434): Share method ums now unavailable
01-14 18:19:34.614 D/VoldConnector( 1574): listenToSocket read--: (37,0)
01-14 18:19:34.614 D/VoldConnector( 1574): RCV <- {620 Share method ums now unavailable}
01-14 18:19:34.614 I/StorageNotification( 1644): UMS connection changed to false (media state mounted)
01-14 18:19:34.614 D/VoldConnector( 1574): listenToSocket read++
01-14 18:19:34.654 W/ProcessStats( 1574): Skipping unknown process pid 2844
01-14 18:19:34.654 W/ProcessStats( 1574): Skipping unknown process pid 2845
01-14 18:19:34.684 D/BatteryService_ULog( 1574): ULogForBatteryChargingStateChange(99,0) is called
01-14 18:19:34.684 D/BatteryService_ULog( 1574): charger=off,battery_power=99
01-14 18:19:34.684 D/BatteryService( 1574): SendIntentforPowersaver
01-14 18:19:34.684 D/BatteryService( 1574): Current powersaver status == NORMAL_STATUS1 4 2 false
01-14 18:19:34.694 D/UsbnetService( 1574): BroadcastReceiver::onReceive+
01-14 18:19:34.694 D/UsbnetService( 1574): onReceive BATTERY_CHANGED
01-14 18:19:34.694 D/UsbnetService( 1574):  --> pluggedType = 0, mPluggedType = 0, mScreenOff = false
01-14 18:19:34.694 D/UsbnetService( 1574): BroadcastReceiver::onReceive-
01-14 18:19:34.694 D/lights  ( 1574): [LedInfo] write attr ok name=/sys/class/leds/amber/brightness string=0,len=1
01-14 18:19:34.694 D/RemoveMe( 1666): DCT got intent android.intent.action.BATTERY_CHANGED
01-14 18:19:34.694 D/lights  ( 1574): [LedInfo] write attr ok name=/sys/class/leds/amber/blink string=0,len=1
01-14 18:19:34.694 D/NotificationService( 1574): mIntentReceiver() Intent.ACTION_BATTERY_CHANGED
01-14 18:19:34.694 V/NotificationService( 1574): dual Led off
01-14 18:19:34.704 D/lights  ( 1574): [LedInfo] write attr ok name=/sys/class/leds/amber/off_timer string=0 0,len=3
01-14 18:19:34.704 D/RemoveMe( 1666): DCT got intent android.intent.action.BATTERY_CHANGED
01-14 18:19:34.704 D/lights  ( 1574): [LedInfo] write attr ok name=/sys/class/leds/green/brightness string=0,len=1
01-14 18:19:34.704 D/RemoveMe( 1666): DCT got intent android.intent.action.BATTERY_CHANGED
01-14 18:19:34.704 D/lights  ( 1574): [LedInfo] write attr ok name=/sys/class/leds/green/blink string=0,len=1
01-14 18:19:34.704 D/lights  ( 1574): [LedInfo] write attr ok name=/sys/class/leds/green/off_timer string=0 0,len=3
01-14 18:19:34.714 I/ActivityManager( 1574): Start proc com.htc.syncagent for broadcast com.htc.syncagent/.svc.HTCSyncBroadcastReceiver: pid=2850 uid=10096 gids={3003}
01-14 18:19:34.724 D/PowerUI ( 1644): plugged = false, health = 2, mBatteryLevel = 99, mPluggedBatteryLevel = 97, mLowBatteryWarningLevel2 = 25, mshowLowChargingWarning2 = true
01-14 18:19:34.774 D/FDUI    ( 2850): [ HTCSyncBroadcastReceiver: 17 ] - onReceive > get broadcast.
01-14 18:19:34.774 D/FDUI    ( 2850): [ HTCUICommon: 106 ] - initialize > init preference.
01-14 18:19:34.774 D/FDUI    ( 2850): [ HTCUICommon: 113 ] - initialize > initialize
01-14 18:19:34.774 D/FDUI    ( 2850): [ HTCSyncBroadcastReceiver: 22 ] - onReceive > app ver = 1.9
01-14 18:19:34.784 D/FDUI    ( 2850): [ HTCSyncBroadcastReceiver: 23 ] - onReceive > action = android.intent.action.ACTION_POWER_DISCONNECTED
01-14 18:19:34.784 I/ActivityManager( 1574): No longer want com.android.defcontainer (pid 2700): hidden #16
01-14 18:19:35.205 I/System.out( 2824): Empty value
01-14 18:19:35.625 D/UsbService( 1574): [USBNET] handleMessage: 0; mConnected=0(1),mConfiguration=0(1)
01-14 18:19:35.635 D/NetdConnector( 1574): listenToSocket read--: (128,0)
01-14 18:19:35.635 D/NetdConnector( 1574): doCommand++ (Wait Response)
01-14 18:19:35.635 D/NetdConnector( 1574): RCV <- {110 lo}
01-14 18:19:35.645 D/NetdConnector( 1574): RSP <- {110 lo}
01-14 18:19:35.645 D/NetdConnector( 1574): RCV <- {110 dummy0}
01-14 18:19:35.645 V/NotificationService( 1574): dual Led off
01-14 18:19:35.645 D/NetdConnector( 1574): miNoRespCnt=0
01-14 18:19:35.665 D/lights  ( 1574): [LedInfo] write attr ok name=/sys/class/leds/amber/brightness string=0,len=1
01-14 18:19:35.665 D/lights  ( 1574): [LedInfo] write attr ok name=/sys/class/leds/amber/blink string=0,len=1
01-14 18:19:35.665 D/lights  ( 1574): [LedInfo] write attr ok name=/sys/class/leds/amber/off_timer string=0 0,len=3
01-14 18:19:35.665 D/NetdConnector( 1574): RSP <- {110 dummy0}
01-14 18:19:35.675 D/UsbReceiver( 1739): [MTP][UsbReceiver][onReceive]+
01-14 18:19:35.675 D/UsbConnectedReceiver( 1772): action = android.hardware.usb.action.USB_STATE
01-14 18:19:35.675 D/lights  ( 1574): [LedInfo] write attr ok name=/sys/class/leds/green/brightness string=0,len=1
01-14 18:19:35.675 D/NetdConnector( 1574): miNoRespCnt=0
01-14 18:19:35.675 D/NetdConnector( 1574): RCV <- {110 ifb0}
01-14 18:19:35.685 D/lights  ( 1574): [LedInfo] write attr ok name=/sys/class/leds/green/blink string=0,len=1
01-14 18:19:35.685 D/lights  ( 1574): [LedInfo] write attr ok name=/sys/class/leds/green/off_timer string=0 0,len=3
01-14 18:19:35.685 D/NetdConnector( 1574): RSP <- {110 ifb0}
01-14 18:19:35.685 D/NetdConnector( 1574): miNoRespCnt=0
01-14 18:19:35.685 D/NetdConnector( 1574): RCV <- {110 ifb1}
01-14 18:19:35.685 D/NetdConnector( 1574): RSP <- {110 ifb1}
01-14 18:19:35.685 D/NetdConnector( 1574): miNoRespCnt=0
01-14 18:19:35.685 D/NetdConnector( 1574): RCV <- {110 rmnet0}
01-14 18:19:35.685 D/NetdConnector( 1574): RSP <- {110 rmnet0}
01-14 18:19:35.685 D/NetdConnector( 1574): miNoRespCnt=0
01-14 18:19:35.685 D/NetdConnector( 1574): RCV <- {110 rmnet1}
01-14 18:19:35.685 D/NotificationService( 1574): cancelNotification, ACTION_NOTIFICATION_REMOVE,pkg=android,id=17040338
01-14 18:19:35.695 D/Tethering( 1574): InitialState.processMessage what=4
01-14 18:19:35.695 D/NetdConnector( 1574): RSP <- {110 rmnet1}
01-14 18:19:35.695 D/NetdConnector( 1574): miNoRespCnt=0
01-14 18:19:35.695 D/NetdConnector( 1574): RCV <- {110 rmnet2}
01-14 18:19:35.695 D/NetdConnector( 1574): RSP <- {110 rmnet2}
01-14 18:19:35.695 D/NetdConnector( 1574): miNoRespCnt=0
01-14 18:19:35.695 D/NetdConnector( 1574): RCV <- {110 usb0}
01-14 18:19:35.695 D/NetdConnector( 1574): RSP <- {110 usb0}
01-14 18:19:35.695 D/NetdConnector( 1574): miNoRespCnt=0
01-14 18:19:35.695 D/NetdConnector( 1574): RCV <- {110 sit0}
01-14 18:19:35.695 D/NetdConnector( 1574): RSP <- {110 sit0}
01-14 18:19:35.695 D/NetdConnector( 1574): miNoRespCnt=0
01-14 18:19:35.695 D/NetdConnector( 1574): RCV <- {110 ip6tnl0}
01-14 18:19:35.695 D/NetdConnector( 1574): RSP <- {110 ip6tnl0}
01-14 18:19:35.695 D/NetdConnector( 1574): miNoRespCnt=0
01-14 18:19:35.695 D/NetdConnector( 1574): RCV <- {200 Interface list completed}
01-14 18:19:35.695 D/NetdConnector( 1574): RSP <- {200 Interface list completed}
01-14 18:19:35.695 D/NetdConnector( 1574): miNoRespCnt=0
01-14 18:19:35.695 D/NetdConnector( 1574): doCommand-- (complete)
01-14 18:19:35.695 D/NetdConnector( 1574): List terminated with {200 Interface list completed}
01-14 18:19:35.695 D/NetdConnector( 1574): listenToSocket read++
01-14 18:19:35.705 D/WifiStateMachine( 1574): wifi hotspotSSID=HTC Portable Hotspot, hiddenSSID=false, secureType=wpa2-psk, enableMacFilter=0, maxConns=5, channel=0
01-14 18:19:35.705 D/WifiStateMachine( 1574): wifi hotspotdhcpEnable=1, maxDhcpClients=5, ipAddress=192.168.1.1, dhcpSubnetMask=255.255.255.0, startingIP=192.168.1.10, dhsIPAddr1=null, dnsIPAddr2=null, sleepPolicy=1
01-14 18:19:35.705 D/Tethering( 1574): sendTetherStateChangedBroadcast 0, 0, 0
01-14 18:19:35.705 D/WifiStateMachine( 1574): getWifiApConfiguration:mconfig.SSID=HTC Portable Hotspot
01-14 18:19:35.705 I/ActivityManager( 1574): Start proc com.android.settings for broadcast com.android.settings/.NSReceiver: pid=2860 uid=1000 gids={1015, 3002, 3001, 3003, 2001, 1007}
01-14 18:19:35.715 D/PSCommon( 1772): Content in /sys/devices/platform/msm_hsusb/usb_cable_connect = 0
01-14 18:19:35.745 D/UsbConnectedReceiver( 1772): USB Disconnected.
01-14 18:19:35.755 D/UsbConnectedReceiver( 1772): Catch USB Disconnect Event, USB cable does really not exist.
01-14 18:19:35.755 V/NotificationService( 1574): dual Led off
01-14 18:19:35.765 D/lights  ( 1574): [LedInfo] write attr ok name=/sys/class/leds/amber/brightness string=0,len=1
01-14 18:19:35.765 D/lights  ( 1574): [LedInfo] write attr ok name=/sys/class/leds/amber/blink string=0,len=1
01-14 18:19:35.765 D/lights  ( 1574): [LedInfo] write attr ok name=/sys/class/leds/amber/off_timer string=0 0,len=3
01-14 18:19:35.765 D/lights  ( 1574): [LedInfo] write attr ok name=/sys/class/leds/green/brightness string=0,len=1
01-14 18:19:35.775 D/lights  ( 1574): [LedInfo] write attr ok name=/sys/class/leds/green/blink string=0,len=1
01-14 18:19:35.775 D/lights  ( 1574): [LedInfo] write attr ok name=/sys/class/leds/green/off_timer string=0 0,len=3
01-14 18:19:35.775 D/NotificationService( 1574): cancelNotification, ACTION_NOTIFICATION_REMOVE,pkg=com.htc.android.psclient,id=2130837519
01-14 18:19:35.815 I/ActivityThread( 2860): Pub com.android.settings.provider.cdmasettings: com.android.settings.HtcCdmaSettingsProvider
01-14 18:19:35.825 D/HtcCdmaSettingsProvider( 2860): onCreate !
01-14 18:19:35.825 I/NetSharing_NSReceiver( 2860): customizedNS:true
01-14 18:19:35.825 D/NetSharing_NSReceiver( 2860): onReceive : android.net.conn.TETHER_STATE_CHANGED
01-14 18:19:35.835 D/NetSharing_NSReceiver( 2860): Tethered state change:false
01-14 18:19:35.895 D/dalvikvm( 2860): GC_CONCURRENT freed 119K, 3% free 6840K/7047K, paused 1ms+1ms
01-14 18:19:35.895 I/NetSharing_NSReceiver( 2860): customizedNS:true
01-14 18:19:35.905 D/NetSharing_NSReceiver( 2860): onReceive : com.htc.usb.change
01-14 18:19:35.905 D/NetSharing_NSReceiver( 2860): USB = false hasTethered = false
01-14 18:19:35.915 D/PSReceiver( 2860): onReceive : com.htc.usb.change
01-14 18:19:35.915 D/HtcHardwareService( 1574): [USBNET] MiscControl_IPT: 0
01-14 18:19:35.915 D/HtcHardwareService( 1574): [USBNET] MiscControl+: 1,usb_none
01-14 18:19:35.915 D/CommandListener( 1436): UsbCmd::runCommand@842: iptmode,3
01-14 18:19:35.915 D/UsbController( 1436): [USBNET] StartIptMode@211: 0
01-14 18:19:35.915 D/NetworkManagmentService( 1574): [USBNET] stopIptDhcp
01-14 18:19:35.915 D/NetdConnector( 1574): listenToSocket read--: (31,0)
01-14 18:19:35.915 D/NetdConnector( 1574): RCV <- {200 Tether operation succeeded}
01-14 18:19:35.915 D/NetdConnector( 1574): listenToSocket read++
01-14 18:19:35.915 D/NetdConnector( 1574): doCommand++ (Wait Response)
01-14 18:19:35.915 D/NetdConnector( 1574): RSP <- {200 Tether operation succeeded}
01-14 18:19:35.915 D/NetdConnector( 1574): miNoRespCnt=0
01-14 18:19:35.915 D/NetdConnector( 1574): doCommand-- (complete)
01-14 18:19:35.915 D/NetworkManagmentService( 1574): [USBNET] startIptMode
01-14 18:19:35.915 D/NetdConnector( 1574): doCommand++ (Wait Response)
01-14 18:19:35.926 D/FDUI    ( 2850): [ HTCSyncBroadcastReceiver: 17 ] - onReceive > get broadcast.
01-14 18:19:35.926 D/FDUI    ( 2850): [ HTCSyncBroadcastReceiver: 22 ] - onReceive > app ver = 1.9
01-14 18:19:35.926 D/FDUI    ( 2850): [ HTCSyncBroadcastReceiver: 23 ] - onReceive > action = action.stopPCTool
01-14 18:19:35.926 D/FDUI    ( 2850): [ HTCSyncBroadcastReceiver: 53 ] - onReceive > syncthread not alive
01-14 18:19:35.926 I/logwrapper( 2868): CMD:/system/bin/netsharing
01-14 18:19:35.926 D/NetSharing( 2868): [USBNET] main+: 3, /system/bin/netsharing net_pass off
01-14 18:19:35.926 D/FDUI    ( 2850): [ HTCUICommon: 151 ] - stopStatusThread > stop service
01-14 18:19:35.936 D/FDUI    ( 2850): [ HTCUICommon: 502 ] - revertADBState > saved adb value = -1
01-14 18:19:35.936 D/NetSharing( 2868): UsbAttrFile=/sys/devices/platform/msm_hsusb/usb_function_switch
01-14 18:19:35.936 D/NetSharing( 2868): [USBNET] iCheckUsbFunc@133: 0x0
01-14 18:19:35.936 D/NetSharing( 2868): [USBNET] main@1024: uUsbSts=0x0
01-14 18:19:35.936 D/NetSharing( 2868): [USBNET] main-
01-14 18:19:35.936 D/FDUI    ( 2850): [ HTCUICommon: 547 ] - updateADBFlag > update adb flag.
01-14 18:19:35.936 I/ActivityManager( 1574): No longer want com.htc.wdm (pid 2750): hidden #16
01-14 18:19:35.976 W/ContactAggregator( 1670): No more aggregation requests
01-14 18:19:35.986 D/dalvikvm( 2244): GC_CONCURRENT freed 271K, 7% free 6865K/7367K, paused 1ms+3ms
01-14 18:19:36.016 D/dalvikvm( 2860): GC_CONCURRENT freed 448K, 9% free 6833K/7431K, paused 2ms+1ms
01-14 18:19:36.126 D/NetdConnector( 1574): listenToSocket read--: (28,0)
01-14 18:19:36.126 D/NetdConnector( 1574): RCV <- {200 Usb operation succeeded}
01-14 18:19:36.126 D/NetdConnector( 1574): RSP <- {200 Usb operation succeeded}
01-14 18:19:36.126 D/NetdConnector( 1574): miNoRespCnt=0
01-14 18:19:36.126 D/NetdConnector( 1574): doCommand-- (complete)
01-14 18:19:36.126 D/CommandListener( 1436): UsbCmd::runCommand@842: funcswitch,3
01-14 18:19:36.126 D/NetworkManagmentService( 1574): [USBNET] SwitchUsbFunc
01-14 18:19:36.136 D/UsbController( 1436): [USBNET] iCheckUsbFunc@133: 0x0
01-14 18:19:36.136 D/UsbController( 1436): [USBNET] iSwitchUsbFunc@312: 0,0x0,0
01-14 18:19:36.136 D/UsbController( 1436): [USBNET] iSwitchUsbFunc-: -1
01-14 18:19:36.136 D/NetdConnector( 1574): doCommand++ (Wait Response)
01-14 18:19:36.136 D/NetdConnector( 1574): listenToSocket read++
01-14 18:19:36.136 D/NetdConnector( 1574): listenToSocket read--: (28,0)
01-14 18:19:36.136 D/NetdConnector( 1574): RCV <- {200 Usb operation succeeded}
01-14 18:19:36.136 D/NetdConnector( 1574): RSP <- {200 Usb operation succeeded}
01-14 18:19:36.136 D/NetdConnector( 1574): miNoRespCnt=0
01-14 18:19:36.136 D/NetdConnector( 1574): doCommand-- (complete)
01-14 18:19:36.146 D/UsbnetService( 1574): BroadcastReceiver::onReceive+
01-14 18:19:36.146 D/UsbnetService( 1574): NETWORK_STATE_CHANGED_NOTIFY: 0
01-14 18:19:36.146 I/UsbnetStateTracker( 1574): NetStateNotification +: 0
01-14 18:19:36.146 I/UsbnetStateTracker( 1574): notifyStateChange
01-14 18:19:36.146 I/UsbnetStateTracker( 1574): NetStateNotification -
01-14 18:19:36.146 D/UsbnetService( 1574): BroadcastReceiver::onReceive-
01-14 18:19:36.146 D/NetdConnector( 1574): listenToSocket read++
01-14 18:19:36.146 D/ConnectivityService( 1574): [embedded] ConnectivityChange for USBNET: DISCONNECTED/DISCONNECTED, default=-1
01-14 18:19:36.146 D/ConnectivityService( 1574): getMobileDataEnabled returning false
01-14 18:19:36.156 D/HtcHardwareService( 1574): [USBNET] MiscControl-: 1,usb_none
01-14 18:19:36.156 D/WifiService( 1574): WirelessSleep- get variables from db: enabled = true, start= 82800000, end= 21600000
01-14 18:19:36.156 D/WifiService( 1574): WirelessSleep- start->end = 25200000, end->start= 61200000
01-14 18:19:36.156 I/WifiService( 1574): DockWifi - mAutoEnableWifiApInDockMode =false mAutoEnableWifiInDockMode=false
01-14 18:19:36.166 D/DataConnectionTracker( 1666): enableApnType(default), isApnTypeActive=false, isApnIdEnabled=true and state= IDLE
01-14 18:19:36.186 D/LocationManagerService( 1574): CONNECTIVITY_ACTION: synchronized+
01-14 18:19:36.186 D/LocationManagerService( 1574): updateNetworkState unavailable info: NetworkInfo: type: USBNET[], state: DISCONNECTED/DISCONNECTED, reason: (unspecified), extra: 0, roaming: false, failover: false, isAvailable: false, isIpv4Connected: false, isIpv6Connected: false
01-14 18:19:36.186 D/LocationManagerService( 1574): CONNECTIVITY_ACTION: synchronized+ provider size: 3
01-14 18:19:36.186 D/GpsLocationProvider( 1574): + synchronized updateNetworkState  info: NetworkInfo: type: USBNET[], state: DISCONNECTED/DISCONNECTED, reason: (unspecified), extra: 0, roaming: false, failover: false, isAvailable: false, isIpv4Connected: false, isIpv6Connected: false
01-14 18:19:36.186 D/GpsLocationProvider( 1574): [shen] debug
01-14 18:19:36.186 D/LocationManagerService( 1574): CONNECTIVITY_ACTION: synchronized-
01-14 18:19:36.186 D/StatusBar.NetworkController( 1644): mSignalStrength.isGsm() == true
01-14 18:19:36.196 I/System.out( 2824): Empty value
01-14 18:19:36.196 D/GTalkService( 1710): lost connectivity, notify
01-14 18:19:36.196 D/GTalkService( 1710): [ReonnectMgr] ### report Inet condition: status=false, networkType=15
01-14 18:19:36.196 D/ConnectivityService( 1574): reportNetworkCondition(15, 0)
01-14 18:19:36.206 D/Tethering( 1574): Tethering got CONNECTIVITY_ACTION type: USBNET, subtype: , status: DISCONNECTED
01-14 18:19:36.206 D/Tethering( 1574): icon Type=15, subtype=0
01-14 18:19:36.206 D/Tethering( 1574): MasterInitialState.processMessage what=3
01-14 18:19:36.206 I/ActivityManager( 1574): Start proc com.htc.notes for broadcast com.htc.notes/.collection.NotesReceiver: pid=2870 uid=9996 gids={3003, 1015, 1006, 2001}
01-14 18:19:36.206 D/ConnectivityService( 1574): Inet connectivity change, net=15, condition=0,mActiveDefaultNetwork=-1
01-14 18:19:36.206 D/ConnectivityService( 1574): no active default network - aborting
01-14 18:19:36.296 D/GpsLocationProvider( 1574): [handleMessage] message :4
01-14 18:19:36.296 I/ActivityManager( 1574): Start proc com.sdgtl.watch.flyer for broadcast com.sdgtl.watch.flyer/com.sdgtl.watch.service.ModeChangeReceiver: pid=2877 uid=10016 gids={3003, 1015}
01-14 18:19:36.316 D/GpsLocationProvider( 1574): [handleMessage] UPDATE_NETWORK_STATE
01-14 18:19:36.316 D/GpsLocationProvider( 1574): updateNetworkState unavailable info: NetworkInfo: type: USBNET[], state: DISCONNECTED/DISCONNECTED, reason: (unspecified), extra: 0, roaming: false, failover: false, isAvailable: false, isIpv4Connected: false, isIpv6Connected: false
01-14 18:19:36.326 I/ActivityManager( 1574): No longer want com.htc.launcher.widgetscanner (pid 2709): hidden #16
01-14 18:19:36.366 D/PSReceiver( 2860): USB Unplugged, Set PSEnabled= false
01-14 18:19:36.376 I/ActivityThread( 2877): Pub com.sdgtl.watchapp.widget: com.sdgtl.watch.widget.WatchAppContentProvider
01-14 18:19:36.386 W/ContentService( 1574): binderDied() at ObserverNode name favorites
01-14 18:19:36.386 I/ActivityThread( 2877): Pub searchformovies: com.sdgtl.watch.search.CatalogSearchProvider
01-14 18:19:36.386 I/ActivityThread( 2877): Pub com.sdgtl.watch.WatchAppCarouselProvider: com.sdgtl.watch.WatchAppCarouselProvider
01-14 18:19:36.466 D/dalvikvm( 2877): GC_CONCURRENT freed 327K, 6% free 6631K/7047K, paused 1ms+1ms
01-14 18:19:36.506 I/ActivityManager( 1574): Start proc com.htc.bg for broadcast com.htc.providers.uploads/.UploadReceiver: pid=2885 uid=10013 gids={2001, 3003, 1006, 1015}
01-14 18:19:36.546 I/ActivityManager( 1574): No longer want com.svox.pico (pid 2760): hidden #16
01-14 18:19:36.556 I/ActivityThread( 2885): Pub com.htc.socialnetwork.flickr.provider.StreamProvider: com.htc.socialnetwork.flickr.provider.FlickrStreamProvider
01-14 18:19:36.566 I/ActivityThread( 2885): Pub com.htc.accounts: com.htc.CustomizationSetup.AccountsProvider
01-14 18:19:36.576 I/ActivityThread( 2885): Pub com.htc.htctwitter.Users: com.htc.htctwitter.FriendProvider
01-14 18:19:36.586 I/ActivityThread( 2885): Pub com.htc.opensense.snprovider: com.htc.opensense.snprovider.SocialNetworkProvider
01-14 18:19:36.596 D/SocialNetworkProvider( 2885): onCreate
01-14 18:19:36.596 I/ActivityThread( 2885): Pub com.htc.socialnetwork.flickr.provider.CacheImageProvider: com.htc.socialnetwork.flickr.provider.FlickrCacheImageProvider
01-14 18:19:36.596 I/ActivityThread( 2885): Pub com.htc.friendstream.provider.FriendStreamProvider: com.htc.friendstream.provider.FriendStreamProvider
01-14 18:19:36.606 I/ActivityThread( 2885): Pub com.htc.chirp.provider.Tweet;com.htc.htctwitter: com.htc.htctwitter.TwitterProvider
01-14 18:19:36.606 I/ActivityThread( 2885): Pub com.htc.provider.settings: com.htc.provider.settings.NotificationFlashLightProvider
01-14 18:19:36.616 I/ActivityThread( 2885): Pub com.htc.settings.accountsync.SYNC: com.htc.opensense.syncprovider.SyncProvider
01-14 18:19:36.616 D/SyncProvider( 2885): onCreate
01-14 18:19:36.616 I/ActivityThread( 2885): Pub com.htc.providers.uploads: com.htc.providers.uploads.UploadProvider
01-14 18:19:36.616 D/UploadProvider( 2885): UploadProvider is running
01-14 18:19:36.616 I/ActivityThread( 2885): Pub com.htc.cachemanager: com.htc.opensense.cachemanager.CacheProvider
01-14 18:19:36.616 I/ActivityThread( 2885): Pub com.htc.socialnetwork.facebook.provider.CacheImageProvider: com.htc.socialnetwork.facebook.provider.FacebookCacheImageProvider
01-14 18:19:36.626 I/ActivityThread( 2885): Pub com.htc.htctwitter.provider.CacheImageProvider: com.htc.htctwitter.provider.TwitterCacheImageProvider
01-14 18:19:36.626 I/ActivityThread( 2885): Pub com.htc.socialnetwork.facebook: com.htc.socialnetwork.facebook.FacebookDB
01-14 18:19:36.636 D/UploadReceiver( 2885): Action android.net.conn.CONNECTIVITY_CHANGE
01-14 18:19:36.636 I/ActivityManager( 1574): Start proc com.htc.reportagent for broadcast com.htc.reportagent/.receiver.ReportAgentReceiver: pid=2895 uid=10038 gids={3003, 1007}
01-14 18:19:36.646 V/UploadReceiver( 2885): Receiver onConnectivity
01-14 18:19:36.656 I/ActivityManager( 1574): No longer want com.htc.cs (pid 2723): hidden #16
01-14 18:19:36.676 I/MyReportAgent( 2895): ReportAgentReceiver [onReceive] android.net.conn.CONNECTIVITY_CHANGE
01-14 18:19:36.676 V/MyReportAgent( 2895): ReportAgentReceiver Recv Intent: Intent { act=android.net.conn.CONNECTIVITY_CHANGE flg=0x10000010 cmp=com.htc.reportagent/.receiver.ReportAgentReceiver (has extras) }
01-14 18:19:36.676 D/MyReportAgent( 2895): android.net.conn.CONNECTIVITY_CHANGE
01-14 18:19:36.676 D/MyHTC   ( 1856): PoweronReceiver.onReceive(): intent=android.net.conn.CONNECTIVITY_CHANGE
01-14 18:19:36.676 I/ActivityManager( 1574): No longer want com.android.vending (pid 2563): hidden #16
01-14 18:19:36.686 D/MyReportAgent( 2895): ReportService [##] onCreate(), this = com.htc.reportagent.ReportService@406813e8
01-14 18:19:36.696 D/CSUtil  ( 1856): serverTime = 1384018146779
01-14 18:19:36.696 D/MyReportAgent( 2895): ReportService [##] onStartCommand(), flags = 2, startId = 1, intent = Intent { act=android.net.conn.CONNECTIVITY_CHANGE flg=0x10000010 cmp=com.htc.reportagent/.ReportService (has extras) }, this = com.htc.reportagent.ReportService@406813e8
01-14 18:19:36.696 D/CSUtil  ( 1856): serverTime = 52056
01-14 18:19:36.696 D/CSUtil  ( 1856): curGMTTime = 65976710
01-14 18:19:36.696 I/ActivityManager( 1574): Start proc com.google.android.apps.uploader for broadcast com.google.android.apps.uploader/.ConnectivityBroadcastReceiver: pid=2905 uid=10043 gids={3003}
01-14 18:19:36.726 I/ActivityThread( 2905): Pub com.google.android.apps.uploader: com.google.android.apps.uploader.UploadsContentProvider
01-14 18:19:36.726 I/ActivityThread( 2905): Pub com.google.photos.provider.Album: com.google.android.apps.uploader.clients.picasa.AlbumProvider
01-14 18:19:36.726 D/MediaUploader( 2905): UploaderApplication.onCreate
01-14 18:19:36.736 D/MediaUploader( 2905): nonWifiLimit=20971520, default=20971520
01-14 18:19:36.736 I/MediaUploader( 2905): No need to wake up
