01-14 14:35:37.119 I/wpa_supplicant( 1790): AP:ssid[uos-connect],rssi[-76],BSSID=9c:4e:20:c8:cc:53
01-14 14:35:37.119 I/wpa_supplicant( 1790): AP:ssid[uos-visitor],rssi[-73],BSSID=9c:4e:20:c8:cc:54
01-14 14:35:37.119 I/wpa_supplicant( 1790): AP:ssid[eduroam],rssi[-77],BSSID=9c:4e:20:c8:cc:52
01-14 14:35:37.119 I/wpa_supplicant( 1790): AP:ssid[cs],rssi[-73],BSSID=9c:4e:20:c8:cc:51
01-14 14:35:37.119 I/wpa_supplicant( 1790): Received 2986 bytes of scan results (16 BSSes)
01-14 14:35:37.119 I/wpa_supplicant( 1790): wpa_driver_wext_get_scan_results---
01-14 14:35:37.129 I/wpa_supplicant( 1790): wpa_disabled_ssid_list_clear
01-14 14:35:37.129 V/WifiMonitor( 1588): Event [wpa_disabled_ssid_list_clear]
01-14 14:35:37.129 I/wpa_supplicant( 1790): No suitable AP found.
01-14 14:35:37.129 I/wpa_supplicant( 1790): CTRL-EVENT-STATE-CHANGE id=-1 state=1 BSSID=00:00:00:00:00:00
01-14 14:35:37.129 V/WifiMonitor( 1588): Event [CTRL-EVENT-STATE-CHANGE id=-1 state=1 BSSID=00:00:00:00:00:00]
01-14 14:35:37.159 D/WifiStateMachine( 1588): Changing supplicant state: SCANNING ==> INACTIVE
01-14 14:35:37.159 D/WifiStateMachine( 1588): setDetailed state, old =SCANNING and new state=IDLE
01-14 14:35:37.259 I/wpa_supplicant( 1790): CTRL-EVENT-STATE-CHANGE id=-1 state=2 BSSID=00:00:00:00:00:00
01-14 14:35:37.259 V/WifiMonitor( 1588): Event [CTRL-EVENT-STATE-CHANGE id=-1 state=2 BSSID=00:00:00:00:00:00]
01-14 14:35:37.269 D/WifiStateMachine( 1588): Changing supplicant state: INACTIVE ==> SCANNING
01-14 14:35:37.269 D/WifiStateMachine( 1588): setDetailed state, old =IDLE and new state=SCANNING
01-14 14:35:37.309 D/dalvikvm( 2747): GC_CONCURRENT freed 446K, 8% free 6816K/7367K, paused 1ms+1ms
01-14 14:35:37.859 I/System.out( 2737): 16
01-14 14:35:38.360 I/wpa_supplicant( 1790): got scan complete
01-14 14:35:38.360 I/wpa_supplicant( 1790): wpa_supplicant_get_scan_results:return scan results2
01-14 14:35:38.360 I/wpa_supplicant( 1790): AP:ssid[eduroam],rssi[-79],BSSID=9c:4e:20:c8:9e:72
01-14 14:35:38.360 I/wpa_supplicant( 1790): AP:ssid[uos-connect],rssi[-79],BSSID=9c:4e:20:c8:9e:73
01-14 14:35:38.370 I/wpa_supplicant( 1790): AP:ssid[BTOpenzone],rssi[-80],BSSID=9c:4e:20:c8:9e:70
01-14 14:35:38.370 I/wpa_supplicant( 1790): AP:ssid[uos-visitor],rssi[-81],BSSID=9c:4e:20:c8:9e:74
01-14 14:35:38.370 I/wpa_supplicant( 1790): AP:ssid[cs],rssi[-81],BSSID=9c:4e:20:c8:9e:71
01-14 14:35:38.370 I/wpa_supplicant( 1790): AP:ssid[hpsetup],rssi[-90],BSSID=c2:ce:46:d5:40:9c
01-14 14:35:38.370 I/wpa_supplicant( 1790): AP:ssid[uos-visitor],rssi[-57],BSSID=9c:4e:20:c8:b0:f4
01-14 14:35:38.370 I/wpa_supplicant( 1790): AP:ssid[eduroam],rssi[-58],BSSID=9c:4e:20:c8:b0:f2
01-14 14:35:38.370 I/wpa_supplicant( 1790): AP:ssid[uos-connect],rssi[-58],BSSID=9c:4e:20:c8:b0:f3
01-14 14:35:38.370 I/wpa_supplicant( 1790): AP:ssid[BTOpenzone],rssi[-58],BSSID=9c:4e:20:c8:b0:f0
01-14 14:35:38.370 I/wpa_supplicant( 1790): AP:ssid[cs],rssi[-57],BSSID=9c:4e:20:c8:b0:f1
01-14 14:35:38.370 I/wpa_supplicant( 1790): AP:ssid[cs],rssi[-74],BSSID=9c:4e:20:c8:cc:51
01-14 14:35:38.370 I/wpa_supplicant( 1790): AP:ssid[uos-connect],rssi[-74],BSSID=9c:4e:20:c8:cc:53
01-14 14:35:38.370 I/wpa_supplicant( 1790): AP:ssid[BTOpenzone],rssi[-74],BSSID=9c:4e:20:c8:cc:50
01-14 14:35:38.370 I/wpa_supplicant( 1790): AP:ssid[uos-visitor],rssi[-75],BSSID=9c:4e:20:c8:cc:54
01-14 14:35:38.370 I/wpa_supplicant( 1790): AP:ssid[eduroam],rssi[-74],BSSID=9c:4e:20:c8:cc:52
01-14 14:35:38.370 I/wpa_supplicant( 1790): Received 2960 bytes of scan results (16 BSSes)
01-14 14:35:38.370 I/wpa_supplicant( 1790): wpa_driver_wext_get_scan_results---
01-14 14:35:38.380 I/wpa_supplicant( 1790): wpa_disabled_ssid_list_clear
01-14 14:35:38.380 V/WifiMonitor( 1588): Event [wpa_disabled_ssid_list_clear]
01-14 14:35:38.390 I/wpa_supplicant( 1790): No suitable AP found.
01-14 14:35:38.390 I/wpa_supplicant( 1790): CTRL-EVENT-STATE-CHANGE id=-1 state=1 BSSID=00:00:00:00:00:00
01-14 14:35:38.390 V/WifiMonitor( 1588): Event [CTRL-EVENT-STATE-CHANGE id=-1 state=1 BSSID=00:00:00:00:00:00]
01-14 14:35:38.410 D/WifiStateMachine( 1588): Changing supplicant state: SCANNING ==> INACTIVE
01-14 14:35:38.410 D/WifiStateMachine( 1588): setDetailed state, old =SCANNING and new state=IDLE
01-14 14:35:38.520 I/wpa_supplicant( 1790): CTRL-EVENT-STATE-CHANGE id=-1 state=2 BSSID=00:00:00:00:00:00
01-14 14:35:38.520 V/WifiMonitor( 1588): Event [CTRL-EVENT-STATE-CHANGE id=-1 state=2 BSSID=00:00:00:00:00:00]
01-14 14:35:38.520 D/WifiStateMachine( 1588): Changing supplicant state: INACTIVE ==> SCANNING
01-14 14:35:38.520 D/WifiStateMachine( 1588): setDetailed state, old =IDLE and new state=SCANNING
01-14 14:35:38.860 I/System.out( 2737): 16
01-14 14:35:39.651 I/wpa_supplicant( 1790): got scan complete
01-14 14:35:39.651 I/wpa_supplicant( 1790): wpa_supplicant_get_scan_results:return scan results2
01-14 14:35:39.661 I/wpa_supplicant( 1790): AP:ssid[eduroam],rssi[-79],BSSID=9c:4e:20:c8:9e:72
01-14 14:35:39.661 I/wpa_supplicant( 1790): AP:ssid[cs],rssi[-80],BSSID=9c:4e:20:c8:9e:71
01-14 14:35:39.661 I/wpa_supplicant( 1790): AP:ssid[uos-connect],rssi[-79],BSSID=9c:4e:20:c8:9e:73
01-14 14:35:39.661 I/wpa_supplicant( 1790): AP:ssid[BTOpenzone],rssi[-80],BSSID=9c:4e:20:c8:9e:70
01-14 14:35:39.661 I/wpa_supplicant( 1790): AP:ssid[uos-visitor],rssi[-80],BSSID=9c:4e:20:c8:9e:74
01-14 14:35:39.661 I/wpa_supplicant( 1790): AP:ssid[Marine Instrumentation Limited],rssi[-96],BSSID=00:16:01:58:fe:4b
01-14 14:35:39.661 I/wpa_supplicant( 1790): AP:ssid[hpsetup],rssi[-93],BSSID=c2:ce:46:d5:40:9c
01-14 14:35:39.661 I/wpa_supplicant( 1790): AP:ssid[BTOpenzone],rssi[-57],BSSID=9c:4e:20:c8:b0:f0
01-14 14:35:39.661 I/wpa_supplicant( 1790): AP:ssid[LD-Net],rssi[-90],BSSID=00:14:6c:fd:72:38
01-14 14:35:39.661 I/wpa_supplicant( 1790): AP:ssid[uos-visitor],rssi[-54],BSSID=9c:4e:20:c8:b0:f4
01-14 14:35:39.661 I/wpa_supplicant( 1790): AP:ssid[eduroam],rssi[-57],BSSID=9c:4e:20:c8:b0:f2
01-14 14:35:39.661 I/wpa_supplicant( 1790): AP:ssid[cs],rssi[-56],BSSID=9c:4e:20:c8:b0:f1
01-14 14:35:39.661 I/wpa_supplicant( 1790): AP:ssid[uos-connect],rssi[-55],BSSID=9c:4e:20:c8:b0:f3
01-14 14:35:39.661 I/wpa_supplicant( 1790): AP:ssid[cs],rssi[-77],BSSID=9c:4e:20:c8:cc:51
01-14 14:35:39.661 I/wpa_supplicant( 1790): AP:ssid[BTOpenzone],rssi[-78],BSSID=9c:4e:20:c8:cc:50
01-14 14:35:39.661 I/wpa_supplicant( 1790): AP:ssid[uos-visitor],rssi[-74],BSSID=9c:4e:20:c8:cc:54
01-14 14:35:39.661 I/wpa_supplicant( 1790): AP:ssid[uos-connect],rssi[-77],BSSID=9c:4e:20:c8:cc:53
01-14 14:35:39.661 I/wpa_supplicant( 1790): Received 3187 bytes of scan results (17 BSSes)
01-14 14:35:39.661 I/wpa_supplicant( 1790): wpa_driver_wext_get_scan_results---
01-14 14:35:39.671 I/wpa_supplicant( 1790): wpa_disabled_ssid_list_clear
01-14 14:35:39.671 V/WifiMonitor( 1588): Event [wpa_disabled_ssid_list_clear]
01-14 14:35:39.671 I/wpa_supplicant( 1790): No suitable AP found.
01-14 14:35:39.671 I/wpa_supplicant( 1790): CTRL-EVENT-STATE-CHANGE id=-1 state=1 BSSID=00:00:00:00:00:00
01-14 14:35:39.671 V/WifiMonitor( 1588): Event [CTRL-EVENT-STATE-CHANGE id=-1 state=1 BSSID=00:00:00:00:00:00]
01-14 14:35:39.701 D/WifiStateMachine( 1588): Changing supplicant state: SCANNING ==> INACTIVE
01-14 14:35:39.701 D/WifiStateMachine( 1588): setDetailed state, old =SCANNING and new state=IDLE
01-14 14:35:39.751 D/dalvikvm( 2747): GC_CONCURRENT freed 447K, 8% free 6816K/7367K, paused 1ms+2ms
01-14 14:35:39.811 I/wpa_supplicant( 1790): CTRL-EVENT-STATE-CHANGE id=-1 state=2 BSSID=00:00:00:00:00:00
01-14 14:35:39.811 V/WifiMonitor( 1588): Event [CTRL-EVENT-STATE-CHANGE id=-1 state=2 BSSID=00:00:00:00:00:00]
01-14 14:35:39.811 D/WifiStateMachine( 1588): Changing supplicant state: INACTIVE ==> SCANNING
01-14 14:35:39.811 D/WifiStateMachine( 1588): setDetailed state, old =IDLE and new state=SCANNING
01-14 14:35:39.861 I/System.out( 2737): 17
01-14 14:35:40.862 I/System.out( 2737): 17
01-14 14:35:40.902 I/wpa_supplicant( 1790): got scan complete
01-14 14:35:40.902 I/wpa_supplicant( 1790): wpa_supplicant_get_scan_results:return scan results2
01-14 14:35:40.912 I/wpa_supplicant( 1790): AP:ssid[uos-connect],rssi[-83],BSSID=9c:4e:20:c8:9e:73
01-14 14:35:40.912 I/wpa_supplicant( 1790): AP:ssid[uos-visitor],rssi[-85],BSSID=9c:4e:20:c8:9e:74
01-14 14:35:40.912 I/wpa_supplicant( 1790): AP:ssid[eduroam],rssi[-82],BSSID=9c:4e:20:c8:9e:72
01-14 14:35:40.912 I/wpa_supplicant( 1790): AP:ssid[BTOpenzone],rssi[-81],BSSID=9c:4e:20:c8:9e:70
01-14 14:35:40.912 I/wpa_supplicant( 1790): AP:ssid[cs],rssi[-86],BSSID=9c:4e:20:c8:9e:71
01-14 14:35:40.912 I/wpa_supplicant( 1790): AP:ssid[cs],rssi[-59],BSSID=9c:4e:20:c8:b0:f1
01-14 14:35:40.912 I/wpa_supplicant( 1790): AP:ssid[uos-connect],rssi[-59],BSSID=9c:4e:20:c8:b0:f3
01-14 14:35:40.912 I/wpa_supplicant( 1790): AP:ssid[BTOpenzone],rssi[-60],BSSID=9c:4e:20:c8:b0:f0
01-14 14:35:40.912 I/wpa_supplicant( 1790): AP:ssid[uos-visitor],rssi[-57],BSSID=9c:4e:20:c8:b0:f4
01-14 14:35:40.912 I/wpa_supplicant( 1790): AP:ssid[eduroam],rssi[-58],BSSID=9c:4e:20:c8:b0:f2
01-14 14:35:40.912 I/wpa_supplicant( 1790): AP:ssid[eduroam],rssi[-73],BSSID=9c:4e:20:c8:cc:52
01-14 14:35:40.912 I/wpa_supplicant( 1790): AP:ssid[BTOpenzone],rssi[-74],BSSID=9c:4e:20:c8:cc:50
01-14 14:35:40.912 I/wpa_supplicant( 1790): AP:ssid[uos-visitor],rssi[-74],BSSID=9c:4e:20:c8:cc:54
01-14 14:35:40.912 I/wpa_supplicant( 1790): AP:ssid[cs],rssi[-74],BSSID=9c:4e:20:c8:cc:51
01-14 14:35:40.912 I/wpa_supplicant( 1790): AP:ssid[uos-connect],rssi[-75],BSSID=9c:4e:20:c8:cc:53
01-14 14:35:40.912 I/wpa_supplicant( 1790): Received 2853 bytes of scan results (15 BSSes)
01-14 14:35:40.912 I/wpa_supplicant( 1790): wpa_driver_wext_get_scan_results---
01-14 14:35:40.922 I/wpa_supplicant( 1790): wpa_disabled_ssid_list_clear
01-14 14:35:40.922 V/WifiMonitor( 1588): Event [wpa_disabled_ssid_list_clear]
01-14 14:35:40.922 I/wpa_supplicant( 1790): No suitable AP found.
01-14 14:35:40.922 I/wpa_supplicant( 1790): CTRL-EVENT-STATE-CHANGE id=-1 state=1 BSSID=00:00:00:00:00:00
01-14 14:35:40.922 V/WifiMonitor( 1588): Event [CTRL-EVENT-STATE-CHANGE id=-1 state=1 BSSID=00:00:00:00:00:00]
01-14 14:35:40.952 D/WifiStateMachine( 1588): Changing supplicant state: SCANNING ==> INACTIVE
01-14 14:35:40.952 D/WifiStateMachine( 1588): setDetailed state, old =SCANNING and new state=IDLE
01-14 14:35:41.062 I/wpa_supplicant( 1790): CTRL-EVENT-STATE-CHANGE id=-1 state=2 BSSID=00:00:00:00:00:00
01-14 14:35:41.062 V/WifiMonitor( 1588): Event [CTRL-EVENT-STATE-CHANGE id=-1 state=2 BSSID=00:00:00:00:00:00]
01-14 14:35:41.062 D/WifiStateMachine( 1588): Changing supplicant state: INACTIVE ==> SCANNING
01-14 14:35:41.062 D/WifiStateMachine( 1588): setDetailed state, old =IDLE and new state=SCANNING
01-14 14:35:41.143 D/dalvikvm( 2747): GC_CONCURRENT freed 446K, 8% free 6816K/7367K, paused 1ms+1ms
01-14 14:35:41.863 I/System.out( 2737): 15
01-14 14:35:42.194 I/wpa_supplicant( 1790): got scan complete
01-14 14:35:42.204 I/wpa_supplicant( 1790): wpa_supplicant_get_scan_results:return scan results2
01-14 14:35:42.204 I/wpa_supplicant( 1790): AP:ssid[uos-connect],rssi[-80],BSSID=9c:4e:20:c8:9e:73
01-14 14:35:42.204 I/wpa_supplicant( 1790): AP:ssid[eduroam],rssi[-81],BSSID=9c:4e:20:c8:9e:72
01-14 14:35:42.204 I/wpa_supplicant( 1790): AP:ssid[BTOpenzone],rssi[-82],BSSID=9c:4e:20:c8:9e:70
01-14 14:35:42.204 I/wpa_supplicant( 1790): AP:ssid[uos-visitor],rssi[-81],BSSID=9c:4e:20:c8:9e:74
01-14 14:35:42.204 I/wpa_supplicant( 1790): AP:ssid[cs],rssi[-82],BSSID=9c:4e:20:c8:9e:71
01-14 14:35:42.204 I/wpa_supplicant( 1790): AP:ssid[hpsetup],rssi[-92],BSSID=c2:ce:46:d5:40:9c
01-14 14:35:42.204 I/wpa_supplicant( 1790): AP:ssid[LD-Net],rssi[-93],BSSID=00:14:6c:fd:72:38
01-14 14:35:42.204 I/wpa_supplicant( 1790): AP:ssid[eduroam],rssi[-59],BSSID=9c:4e:20:c8:b0:f2
01-14 14:35:42.204 I/wpa_supplicant( 1790): AP:ssid[cs],rssi[-59],BSSID=9c:4e:20:c8:b0:f1
01-14 14:35:42.204 I/wpa_supplicant( 1790): AP:ssid[BTOpenzone],rssi[-59],BSSID=9c:4e:20:c8:b0:f0
01-14 14:35:42.204 I/wpa_supplicant( 1790): AP:ssid[uos-visitor],rssi[-58],BSSID=9c:4e:20:c8:b0:f4
01-14 14:35:42.204 I/wpa_supplicant( 1790): AP:ssid[uos-connect],rssi[-60],BSSID=9c:4e:20:c8:b0:f3
01-14 14:35:42.204 I/wpa_supplicant( 1790): AP:ssid[BTOpenzone],rssi[-75],BSSID=9c:4e:20:c8:cc:50
01-14 14:35:42.204 I/wpa_supplicant( 1790): AP:ssid[uos-visitor],rssi[-71],BSSID=9c:4e:20:c8:cc:54
01-14 14:35:42.204 I/wpa_supplicant( 1790): AP:ssid[eduroam],rssi[-74],BSSID=9c:4e:20:c8:cc:52
01-14 14:35:42.204 I/wpa_supplicant( 1790): AP:ssid[cs],rssi[-72],BSSID=9c:4e:20:c8:cc:51
01-14 14:35:42.204 I/wpa_supplicant( 1790): Received 2985 bytes of scan results (16 BSSes)
01-14 14:35:42.204 I/wpa_supplicant( 1790): wpa_driver_wext_get_scan_results---
01-14 14:35:42.214 I/wpa_supplicant( 1790): wpa_disabled_ssid_list_clear
01-14 14:35:42.214 V/WifiMonitor( 1588): Event [wpa_disabled_ssid_list_clear]
01-14 14:35:42.214 I/wpa_supplicant( 1790): No suitable AP found.
01-14 14:35:42.214 I/wpa_supplicant( 1790): CTRL-EVENT-STATE-CHANGE id=-1 state=1 BSSID=00:00:00:00:00:00
01-14 14:35:42.214 V/WifiMonitor( 1588): Event [CTRL-EVENT-STATE-CHANGE id=-1 state=1 BSSID=00:00:00:00:00:00]
01-14 14:35:42.244 D/WifiStateMachine( 1588): Changing supplicant state: SCANNING ==> INACTIVE
01-14 14:35:42.244 D/WifiStateMachine( 1588): setDetailed state, old =SCANNING and new state=IDLE
01-14 14:35:42.344 I/wpa_supplicant( 1790): CTRL-EVENT-STATE-CHANGE id=-1 state=2 BSSID=00:00:00:00:00:00
01-14 14:35:42.344 V/WifiMonitor( 1588): Event [CTRL-EVENT-STATE-CHANGE id=-1 state=2 BSSID=00:00:00:00:00:00]
01-14 14:35:42.354 D/WifiStateMachine( 1588): Changing supplicant state: INACTIVE ==> SCANNING
01-14 14:35:42.354 D/WifiStateMachine( 1588): setDetailed state, old =IDLE and new state=SCANNING
01-14 14:35:42.864 I/System.out( 2737): 16
01-14 14:35:43.435 I/wpa_supplicant( 1790): got scan complete
01-14 14:35:43.435 I/wpa_supplicant( 1790): wpa_supplicant_get_scan_results:return scan results2
01-14 14:35:43.435 I/wpa_supplicant( 1790): AP:ssid[BTOpenzone],rssi[-79],BSSID=9c:4e:20:c8:9e:70
01-14 14:35:43.445 I/wpa_supplicant( 1790): AP:ssid[uos-visitor],rssi[-79],BSSID=9c:4e:20:c8:9e:74
01-14 14:35:43.445 I/wpa_supplicant( 1790): AP:ssid[eduroam],rssi[-80],BSSID=9c:4e:20:c8:9e:72
01-14 14:35:43.445 I/wpa_supplicant( 1790): AP:ssid[cs],rssi[-79],BSSID=9c:4e:20:c8:9e:71
01-14 14:35:43.445 I/wpa_supplicant( 1790): AP:ssid[uos-connect],rssi[-79],BSSID=9c:4e:20:c8:9e:73
01-14 14:35:43.445 I/wpa_supplicant( 1790): AP:ssid[uos-connect],rssi[-60],BSSID=9c:4e:20:c8:b0:f3
01-14 14:35:43.445 I/wpa_supplicant( 1790): AP:ssid[BTOpenzone],rssi[-59],BSSID=9c:4e:20:c8:b0:f0
01-14 14:35:43.445 I/wpa_supplicant( 1790): AP:ssid[uos-visitor],rssi[-59],BSSID=9c:4e:20:c8:b0:f4
01-14 14:35:43.445 I/wpa_supplicant( 1790): AP:ssid[eduroam],rssi[-58],BSSID=9c:4e:20:c8:b0:f2
01-14 14:35:43.445 I/wpa_supplicant( 1790): AP:ssid[cs],rssi[-58],BSSID=9c:4e:20:c8:b0:f1
01-14 14:35:43.445 I/wpa_supplicant( 1790): AP:ssid[uos-connect],rssi[-74],BSSID=9c:4e:20:c8:cc:53
01-14 14:35:43.445 I/wpa_supplicant( 1790): AP:ssid[eduroam],rssi[-74],BSSID=9c:4e:20:c8:cc:52
01-14 14:35:43.445 I/wpa_supplicant( 1790): AP:ssid[cs],rssi[-75],BSSID=9c:4e:20:c8:cc:51
01-14 14:35:43.445 I/wpa_supplicant( 1790): AP:ssid[BTOpenzone],rssi[-74],BSSID=9c:4e:20:c8:cc:50
01-14 14:35:43.445 I/wpa_supplicant( 1790): AP:ssid[uos-visitor],rssi[-73],BSSID=9c:4e:20:c8:cc:54
01-14 14:35:43.445 I/wpa_supplicant( 1790): Received 2853 bytes of scan results (15 BSSes)
01-14 14:35:43.445 I/wpa_supplicant( 1790): wpa_driver_wext_get_scan_results---
01-14 14:35:43.455 I/wpa_supplicant( 1790): wpa_disabled_ssid_list_clear
01-14 14:35:43.455 V/WifiMonitor( 1588): Event [wpa_disabled_ssid_list_clear]
01-14 14:35:43.455 I/wpa_supplicant( 1790): No suitable AP found.
01-14 14:35:43.455 I/wpa_supplicant( 1790): CTRL-EVENT-STATE-CHANGE id=-1 state=1 BSSID=00:00:00:00:00:00
01-14 14:35:43.465 V/WifiMonitor( 1588): Event [CTRL-EVENT-STATE-CHANGE id=-1 state=1 BSSID=00:00:00:00:00:00]
01-14 14:35:43.485 D/WifiStateMachine( 1588): Changing supplicant state: SCANNING ==> INACTIVE
01-14 14:35:43.485 D/WifiStateMachine( 1588): setDetailed state, old =SCANNING and new state=IDLE
01-14 14:35:43.525 D/dalvikvm( 2747): GC_CONCURRENT freed 446K, 8% free 6816K/7367K, paused 1ms+1ms
01-14 14:35:43.595 I/wpa_supplicant( 1790): CTRL-EVENT-STATE-CHANGE id=-1 state=2 BSSID=00:00:00:00:00:00
01-14 14:35:43.595 V/WifiMonitor( 1588): Event [CTRL-EVENT-STATE-CHANGE id=-1 state=2 BSSID=00:00:00:00:00:00]
01-14 14:35:43.595 D/WifiStateMachine( 1588): Changing supplicant state: INACTIVE ==> SCANNING
01-14 14:35:43.595 D/WifiStateMachine( 1588): setDetailed state, old =IDLE and new state=SCANNING
01-14 14:35:43.865 I/System.out( 2737): 15
01-14 14:35:44.686 I/wpa_supplicant( 1790): got scan complete
01-14 14:35:44.686 I/wpa_supplicant( 1790): wpa_supplicant_get_scan_results:return scan results2
01-14 14:35:44.686 I/wpa_supplicant( 1790): AP:ssid[BTOpenzone],rssi[-81],BSSID=9c:4e:20:c8:9e:70
01-14 14:35:44.686 I/wpa_supplicant( 1790): AP:ssid[uos-visitor],rssi[-81],BSSID=9c:4e:20:c8:9e:74
01-14 14:35:44.686 I/wpa_supplicant( 1790): AP:ssid[eduroam],rssi[-81],BSSID=9c:4e:20:c8:9e:72
01-14 14:35:44.686 I/wpa_supplicant( 1790): AP:ssid[cs],rssi[-81],BSSID=9c:4e:20:c8:9e:71
01-14 14:35:44.686 I/wpa_supplicant( 1790): AP:ssid[uos-connect],rssi[-81],BSSID=9c:4e:20:c8:9e:73
01-14 14:35:44.696 I/wpa_supplicant( 1790): AP:ssid[Marine Instrumentation Limited],rssi[-94],BSSID=00:16:01:58:fe:4b
01-14 14:35:44.696 I/wpa_supplicant( 1790): AP:ssid[uos-connect],rssi[-57],BSSID=9c:4e:20:c8:b0:f3
01-14 14:35:44.696 I/wpa_supplicant( 1790): AP:ssid[BTOpenzone],rssi[-58],BSSID=9c:4e:20:c8:b0:f0
01-14 14:35:44.696 I/wpa_supplicant( 1790): AP:ssid[uos-visitor],rssi[-67],BSSID=9c:4e:20:c8:b0:f4
01-14 14:35:44.696 I/wpa_supplicant( 1790): AP:ssid[eduroam],rssi[-58],BSSID=9c:4e:20:c8:b0:f2
01-14 14:35:44.696 I/wpa_supplicant( 1790): AP:ssid[cs],rssi[-67],BSSID=9c:4e:20:c8:b0:f1
01-14 14:35:44.696 I/wpa_supplicant( 1790): AP:ssid[BTOpenzone],rssi[-73],BSSID=9c:4e:20:c8:cc:50
01-14 14:35:44.696 I/wpa_supplicant( 1790): AP:ssid[uos-visitor],rssi[-74],BSSID=9c:4e:20:c8:cc:54
01-14 14:35:44.696 I/wpa_supplicant( 1790): AP:ssid[eduroam],rssi[-75],BSSID=9c:4e:20:c8:cc:52
01-14 14:35:44.696 I/wpa_supplicant( 1790): AP:ssid[cs],rssi[-74],BSSID=9c:4e:20:c8:cc:51
01-14 14:35:44.696 I/wpa_supplicant( 1790): AP:ssid[uos-connect],rssi[-74],BSSID=9c:4e:20:c8:cc:53
01-14 14:35:44.696 I/wpa_supplicant( 1790): Received 3081 bytes of scan results (16 BSSes)
01-14 14:35:44.696 I/wpa_supplicant( 1790): wpa_driver_wext_get_scan_results---
01-14 14:35:44.696 I/wpa_supplicant( 1790): wpa_disabled_ssid_list_clear
01-14 14:35:44.696 V/WifiMonitor( 1588): Event [wpa_disabled_ssid_list_clear]
01-14 14:35:44.706 I/wpa_supplicant( 1790): No suitable AP found.
01-14 14:35:44.706 I/wpa_supplicant( 1790): CTRL-EVENT-STATE-CHANGE id=-1 state=1 BSSID=00:00:00:00:00:00
01-14 14:35:44.706 V/WifiMonitor( 1588): Event [CTRL-EVENT-STATE-CHANGE id=-1 state=1 BSSID=00:00:00:00:00:00]
01-14 14:35:44.736 D/WifiStateMachine( 1588): Changing supplicant state: SCANNING ==> INACTIVE
01-14 14:35:44.736 D/WifiStateMachine( 1588): setDetailed state, old =SCANNING and new state=IDLE
01-14 14:35:44.846 I/wpa_supplicant( 1790): CTRL-EVENT-STATE-CHANGE id=-1 state=2 BSSID=00:00:00:00:00:00
01-14 14:35:44.846 V/WifiMonitor( 1588): Event [CTRL-EVENT-STATE-CHANGE id=-1 state=2 BSSID=00:00:00:00:00:00]
01-14 14:35:44.846 D/WifiStateMachine( 1588): Changing supplicant state: INACTIVE ==> SCANNING
01-14 14:35:44.846 D/WifiStateMachine( 1588): setDetailed state, old =IDLE and new state=SCANNING
01-14 14:35:44.866 I/System.out( 2737): 16
01-14 14:35:44.916 D/dalvikvm( 2747): GC_CONCURRENT freed 446K, 8% free 6816K/7367K, paused 1ms+1ms
01-14 14:35:45.867 I/System.out( 2737): 16
01-14 14:35:45.957 I/wpa_supplicant( 1790): got scan complete
01-14 14:35:45.957 I/wpa_supplicant( 1790): wpa_supplicant_get_scan_results:return scan results2
01-14 14:35:45.957 I/wpa_supplicant( 1790): AP:ssid[BTOpenzone],rssi[-78],BSSID=9c:4e:20:c8:9e:70
01-14 14:35:45.967 I/wpa_supplicant( 1790): AP:ssid[uos-visitor],rssi[-78],BSSID=9c:4e:20:c8:9e:74
01-14 14:35:45.967 I/wpa_supplicant( 1790): AP:ssid[eduroam],rssi[-78],BSSID=9c:4e:20:c8:9e:72
01-14 14:35:45.967 I/wpa_supplicant( 1790): AP:ssid[cs],rssi[-80],BSSID=9c:4e:20:c8:9e:71
01-14 14:35:45.967 I/wpa_supplicant( 1790): AP:ssid[uos-connect],rssi[-78],BSSID=9c:4e:20:c8:9e:73
01-14 14:35:45.967 I/wpa_supplicant( 1790): AP:ssid[uos-connect],rssi[-59],BSSID=9c:4e:20:c8:b0:f3
01-14 14:35:45.967 I/wpa_supplicant( 1790): AP:ssid[hpsetup],rssi[-90],BSSID=c2:ce:46:d5:40:9c
01-14 14:35:45.967 I/wpa_supplicant( 1790): AP:ssid[BTOpenzone],rssi[-60],BSSID=9c:4e:20:c8:b0:f0
01-14 14:35:45.967 I/wpa_supplicant( 1790): AP:ssid[uos-visitor],rssi[-61],BSSID=9c:4e:20:c8:b0:f4
01-14 14:35:45.967 I/wpa_supplicant( 1790): AP:ssid[eduroam],rssi[-60],BSSID=9c:4e:20:c8:b0:f2
01-14 14:35:45.967 I/wpa_supplicant( 1790): AP:ssid[cs],rssi[-61],BSSID=9c:4e:20:c8:b0:f1
01-14 14:35:45.967 I/wpa_supplicant( 1790): AP:ssid[eduroam],rssi[-75],BSSID=9c:4e:20:c8:cc:52
01-14 14:35:45.967 I/wpa_supplicant( 1790): AP:ssid[uos-connect],rssi[-76],BSSID=9c:4e:20:c8:cc:53
01-14 14:35:45.967 I/wpa_supplicant( 1790): AP:ssid[uos-visitor],rssi[-75],BSSID=9c:4e:20:c8:cc:54
01-14 14:35:45.967 I/wpa_supplicant( 1790): AP:ssid[cs],rssi[-75],BSSID=9c:4e:20:c8:cc:51
01-14 14:35:45.967 I/wpa_supplicant( 1790): AP:ssid[BTOpenzone],rssi[-75],BSSID=9c:4e:20:c8:cc:50
01-14 14:35:45.967 I/wpa_supplicant( 1790): Received 3024 bytes of scan results (16 BSSes)
01-14 14:35:45.967 I/wpa_supplicant( 1790): wpa_driver_wext_get_scan_results---
01-14 14:35:45.977 I/wpa_supplicant( 1790): wpa_disabled_ssid_list_clear
01-14 14:35:45.977 V/WifiMonitor( 1588): Event [wpa_disabled_ssid_list_clear]
01-14 14:35:45.977 I/wpa_supplicant( 1790): No suitable AP found.
01-14 14:35:45.977 I/wpa_supplicant( 1790): CTRL-EVENT-STATE-CHANGE id=-1 state=1 BSSID=00:00:00:00:00:00
01-14 14:35:45.977 V/WifiMonitor( 1588): Event [CTRL-EVENT-STATE-CHANGE id=-1 state=1 BSSID=00:00:00:00:00:00]
01-14 14:35:46.007 D/WifiStateMachine( 1588): Changing supplicant state: SCANNING ==> INACTIVE
01-14 14:35:46.007 D/WifiStateMachine( 1588): setDetailed state, old =SCANNING and new state=IDLE
01-14 14:35:46.117 I/wpa_supplicant( 1790): CTRL-EVENT-STATE-CHANGE id=-1 state=2 BSSID=00:00:00:00:00:00
01-14 14:35:46.117 V/WifiMonitor( 1588): Event [CTRL-EVENT-STATE-CHANGE id=-1 state=2 BSSID=00:00:00:00:00:00]
01-14 14:35:46.117 D/WifiStateMachine( 1588): Changing supplicant state: INACTIVE ==> SCANNING
01-14 14:35:46.117 D/WifiStateMachine( 1588): setDetailed state, old =IDLE and new state=SCANNING
01-14 14:35:46.868 I/System.out( 2737): 16
01-14 14:35:46.908 D/UsbnetService( 1588): BroadcastReceiver::onReceive+
01-14 14:35:46.918 D/UsbnetService( 1588): onReceive BATTERY_CHANGED
01-14 14:35:46.918 D/UsbnetService( 1588):  --> pluggedType = 2, mPluggedType = 0, mScreenOff = false
01-14 14:35:46.918 D/UsbnetService( 1588): BroadcastReceiver::onReceive-
01-14 14:35:46.918 D/WifiService( 1588): ACTION_BATTERY_CHANGED pluggedType: 2
01-14 14:35:46.918 D/NotificationService( 1588): mIntentReceiver() Intent.ACTION_BATTERY_CHANGED
01-14 14:35:46.928 D/BatteryService( 1588): SendIntentforPowersaver
01-14 14:35:46.928 D/BatteryService( 1588): Current powersaver status == NORMAL_STATUS1 2 2 false
01-14 14:35:46.938 D/PowerUI ( 1663): closing low battery warning: level=98
01-14 14:35:46.948 D/RemoveMe( 1687): DCT got intent android.intent.action.BATTERY_CHANGED
01-14 14:35:46.948 D/PowerUI ( 1663): plugged = true, health = 2, mBatteryLevel = 98, mPluggedBatteryLevel = 97, mLowBatteryWarningLevel2 = 25, mshowLowChargingWarning2 = true
01-14 14:35:46.958 D/RemoveMe( 1687): DCT got intent android.intent.action.BATTERY_CHANGED
01-14 14:35:46.968 D/RemoveMe( 1687): DCT got intent android.intent.action.BATTERY_CHANGED
01-14 14:35:47.208 I/wpa_supplicant( 1790): got scan complete
01-14 14:35:47.208 I/wpa_supplicant( 1790): wpa_supplicant_get_scan_results:return scan results2
01-14 14:35:47.208 I/wpa_supplicant( 1790): AP:ssid[uos-visitor],rssi[-78],BSSID=9c:4e:20:c8:9e:74
01-14 14:35:47.208 I/wpa_supplicant( 1790): AP:ssid[cs],rssi[-78],BSSID=9c:4e:20:c8:9e:71
01-14 14:35:47.208 I/wpa_supplicant( 1790): AP:ssid[uos-connect],rssi[-79],BSSID=9c:4e:20:c8:9e:73
01-14 14:35:47.208 I/wpa_supplicant( 1790): AP:ssid[BTOpenzone],rssi[-79],BSSID=9c:4e:20:c8:9e:70
01-14 14:35:47.208 I/wpa_supplicant( 1790): AP:ssid[eduroam],rssi[-78],BSSID=9c:4e:20:c8:9e:72
01-14 14:35:47.208 I/wpa_supplicant( 1790): AP:ssid[hpsetup],rssi[-91],BSSID=c2:ce:46:d5:40:9c
01-14 14:35:47.218 I/wpa_supplicant( 1790): AP:ssid[uos-visitor],rssi[-60],BSSID=9c:4e:20:c8:b0:f4
01-14 14:35:47.218 I/wpa_supplicant( 1790): AP:ssid[eduroam],rssi[-58],BSSID=9c:4e:20:c8:b0:f2
01-14 14:35:47.218 I/wpa_supplicant( 1790): AP:ssid[cs],rssi[-60],BSSID=9c:4e:20:c8:b0:f1
01-14 14:35:47.218 I/wpa_supplicant( 1790): AP:ssid[BTOpenzone],rssi[-59],BSSID=9c:4e:20:c8:b0:f0
01-14 14:35:47.218 I/wpa_supplicant( 1790): AP:ssid[uos-connect],rssi[-60],BSSID=9c:4e:20:c8:b0:f3
01-14 14:35:47.218 I/wpa_supplicant( 1790): AP:ssid[BTOpenzone],rssi[-75],BSSID=9c:4e:20:c8:cc:50
01-14 14:35:47.218 I/wpa_supplicant( 1790): AP:ssid[uos-visitor],rssi[-75],BSSID=9c:4e:20:c8:cc:54
01-14 14:35:47.218 I/wpa_supplicant( 1790): AP:ssid[cs],rssi[-75],BSSID=9c:4e:20:c8:cc:51
01-14 14:35:47.218 I/wpa_supplicant( 1790): AP:ssid[uos-connect],rssi[-76],BSSID=9c:4e:20:c8:cc:53
01-14 14:35:47.218 I/wpa_supplicant( 1790): AP:ssid[eduroam],rssi[-75],BSSID=9c:4e:20:c8:cc:52
01-14 14:35:47.218 I/wpa_supplicant( 1790): Received 2960 bytes of scan results (16 BSSes)
01-14 14:35:47.218 I/wpa_supplicant( 1790): wpa_driver_wext_get_scan_results---
01-14 14:35:47.218 I/wpa_supplicant( 1790): wpa_disabled_ssid_list_clear
01-14 14:35:47.218 V/WifiMonitor( 1588): Event [wpa_disabled_ssid_list_clear]
01-14 14:35:47.218 I/wpa_supplicant( 1790): No suitable AP found.
01-14 14:35:47.218 I/wpa_supplicant( 1790): CTRL-EVENT-STATE-CHANGE id=-1 state=1 BSSID=00:00:00:00:00:00
01-14 14:35:47.218 V/WifiMonitor( 1588): Event [CTRL-EVENT-STATE-CHANGE id=-1 state=1 BSSID=00:00:00:00:00:00]
01-14 14:35:47.238 D/WifiStateMachine( 1588): Changing supplicant state: SCANNING ==> INACTIVE
01-14 14:35:47.238 D/WifiStateMachine( 1588): setDetailed state, old =SCANNING and new state=IDLE
01-14 14:35:47.279 D/dalvikvm( 2747): GC_CONCURRENT freed 446K, 8% free 6816K/7367K, paused 1ms+2ms
01-14 14:35:47.349 I/wpa_supplicant( 1790): CTRL-EVENT-STATE-CHANGE id=-1 state=2 BSSID=00:00:00:00:00:00
01-14 14:35:47.349 V/WifiMonitor( 1588): Event [CTRL-EVENT-STATE-CHANGE id=-1 state=2 BSSID=00:00:00:00:00:00]
01-14 14:35:47.349 D/WifiStateMachine( 1588): Changing supplicant state: INACTIVE ==> SCANNING
01-14 14:35:47.349 D/WifiStateMachine( 1588): setDetailed state, old =IDLE and new state=SCANNING
01-14 14:35:47.869 I/System.out( 2737): 16
01-14 14:35:47.879 I/System.out( 2737): Battery level start is reached
01-14 14:35:48.440 I/wpa_supplicant( 1790): got scan complete
01-14 14:35:48.440 I/wpa_supplicant( 1790): wpa_supplicant_get_scan_results:return scan results2
01-14 14:35:48.440 I/wpa_supplicant( 1790): AP:ssid[uos-connect],rssi[-79],BSSID=9c:4e:20:c8:9e:73
01-14 14:35:48.440 I/wpa_supplicant( 1790): AP:ssid[BTOpenzone],rssi[-79],BSSID=9c:4e:20:c8:9e:70
01-14 14:35:48.440 I/wpa_supplicant( 1790): AP:ssid[uos-visitor],rssi[-78],BSSID=9c:4e:20:c8:9e:74
01-14 14:35:48.440 I/wpa_supplicant( 1790): AP:ssid[eduroam],rssi[-80],BSSID=9c:4e:20:c8:9e:72
01-14 14:35:48.440 I/wpa_supplicant( 1790): AP:ssid[cs],rssi[-78],BSSID=9c:4e:20:c8:9e:71
01-14 14:35:48.440 I/wpa_supplicant( 1790): AP:ssid[cs],rssi[-57],BSSID=9c:4e:20:c8:b0:f1
01-14 14:35:48.440 I/wpa_supplicant( 1790): AP:ssid[uos-connect],rssi[-61],BSSID=9c:4e:20:c8:b0:f3
01-14 14:35:48.450 I/wpa_supplicant( 1790): AP:ssid[uos-visitor],rssi[-60],BSSID=9c:4e:20:c8:b0:f4
01-14 14:35:48.450 I/wpa_supplicant( 1790): AP:ssid[eduroam],rssi[-60],BSSID=9c:4e:20:c8:b0:f2
01-14 14:35:48.450 I/wpa_supplicant( 1790): AP:ssid[BTOpenzone],rssi[-61],BSSID=9c:4e:20:c8:b0:f0
01-14 14:35:48.450 I/wpa_supplicant( 1790): AP:ssid[BTOpenzone],rssi[-76],BSSID=9c:4e:20:c8:cc:50
01-14 14:35:48.450 I/wpa_supplicant( 1790): AP:ssid[uos-visitor],rssi[-76],BSSID=9c:4e:20:c8:cc:54
01-14 14:35:48.450 I/wpa_supplicant( 1790): AP:ssid[eduroam],rssi[-76],BSSID=9c:4e:20:c8:cc:52
01-14 14:35:48.450 I/wpa_supplicant( 1790): AP:ssid[cs],rssi[-75],BSSID=9c:4e:20:c8:cc:51
01-14 14:35:48.450 I/wpa_supplicant( 1790): AP:ssid[uos-connect],rssi[-75],BSSID=9c:4e:20:c8:cc:53
01-14 14:35:48.450 I/wpa_supplicant( 1790): Received 2853 bytes of scan results (15 BSSes)
01-14 14:35:48.450 I/wpa_supplicant( 1790): wpa_driver_wext_get_scan_results---
01-14 14:35:48.460 I/wpa_supplicant( 1790): wpa_disabled_ssid_list_clear
01-14 14:35:48.460 V/WifiMonitor( 1588): Event [wpa_disabled_ssid_list_clear]
01-14 14:35:48.460 I/wpa_supplicant( 1790): No suitable AP found.
01-14 14:35:48.470 I/wpa_supplicant( 1790): CTRL-EVENT-STATE-CHANGE id=-1 state=1 BSSID=00:00:00:00:00:00
01-14 14:35:48.470 V/WifiMonitor( 1588): Event [CTRL-EVENT-STATE-CHANGE id=-1 state=1 BSSID=00:00:00:00:00:00]
01-14 14:35:48.490 D/WifiStateMachine( 1588): Changing supplicant state: SCANNING ==> INACTIVE
01-14 14:35:48.490 D/WifiStateMachine( 1588): setDetailed state, old =SCANNING and new state=IDLE
01-14 14:35:48.590 I/wpa_supplicant( 1790): CTRL-EVENT-STATE-CHANGE id=-1 state=2 BSSID=00:00:00:00:00:00
01-14 14:35:48.590 V/WifiMonitor( 1588): Event [CTRL-EVENT-STATE-CHANGE id=-1 state=2 BSSID=00:00:00:00:00:00]
01-14 14:35:48.590 D/WifiStateMachine( 1588): Changing supplicant state: INACTIVE ==> SCANNING
01-14 14:35:48.590 D/WifiStateMachine( 1588): setDetailed state, old =IDLE and new state=SCANNING
01-14 14:35:48.660 D/dalvikvm( 2747): GC_CONCURRENT freed 447K, 8% free 6816K/7367K, paused 2ms+2ms
01-14 14:35:48.870 I/System.out( 2737): 15
01-14 14:35:49.691 I/wpa_supplicant( 1790): got scan complete
01-14 14:35:49.691 I/wpa_supplicant( 1790): wpa_supplicant_get_scan_results:return scan results2
01-14 14:35:49.691 I/wpa_supplicant( 1790): AP:ssid[uos-connect],rssi[-77],BSSID=9c:4e:20:c8:9e:73
01-14 14:35:49.691 I/wpa_supplicant( 1790): AP:ssid[BTOpenzone],rssi[-78],BSSID=9c:4e:20:c8:9e:70
01-14 14:35:49.691 I/wpa_supplicant( 1790): AP:ssid[uos-visitor],rssi[-79],BSSID=9c:4e:20:c8:9e:74
01-14 14:35:49.691 I/wpa_supplicant( 1790): AP:ssid[eduroam],rssi[-77],BSSID=9c:4e:20:c8:9e:72
01-14 14:35:49.691 I/wpa_supplicant( 1790): AP:ssid[cs],rssi[-78],BSSID=9c:4e:20:c8:9e:71
01-14 14:35:49.701 I/wpa_supplicant( 1790): AP:ssid[Marine Instrumentation Limited],rssi[-92],BSSID=00:16:01:58:fe:4b
01-14 14:35:49.701 I/wpa_supplicant( 1790): AP:ssid[cs],rssi[-59],BSSID=9c:4e:20:c8:b0:f1
01-14 14:35:49.701 I/wpa_supplicant( 1790): AP:ssid[BTOpenzone],rssi[-59],BSSID=9c:4e:20:c8:b0:f0
01-14 14:35:49.701 I/wpa_supplicant( 1790): AP:ssid[uos-visitor],rssi[-60],BSSID=9c:4e:20:c8:b0:f4
01-14 14:35:49.701 I/wpa_supplicant( 1790): AP:ssid[eduroam],rssi[-60],BSSID=9c:4e:20:c8:b0:f2
01-14 14:35:49.701 I/wpa_supplicant( 1790): AP:ssid[uos-connect],rssi[-59],BSSID=9c:4e:20:c8:b0:f3
01-14 14:35:49.701 I/wpa_supplicant( 1790): AP:ssid[BTOpenzone],rssi[-74],BSSID=9c:4e:20:c8:cc:50
01-14 14:35:49.701 I/wpa_supplicant( 1790): AP:ssid[uos-visitor],rssi[-74],BSSID=9c:4e:20:c8:cc:54
01-14 14:35:49.701 I/wpa_supplicant( 1790): AP:ssid[eduroam],rssi[-75],BSSID=9c:4e:20:c8:cc:52
01-14 14:35:49.701 I/wpa_supplicant( 1790): AP:ssid[cs],rssi[-74],BSSID=9c:4e:20:c8:cc:51
01-14 14:35:49.701 I/wpa_supplicant( 1790): AP:ssid[uos-connect],rssi[-74],BSSID=9c:4e:20:c8:cc:53
01-14 14:35:49.701 I/wpa_supplicant( 1790): Received 3081 bytes of scan results (16 BSSes)
01-14 14:35:49.701 I/wpa_supplicant( 1790): wpa_driver_wext_get_scan_results---
01-14 14:35:49.701 I/wpa_supplicant( 1790): wpa_disabled_ssid_list_clear
01-14 14:35:49.701 V/WifiMonitor( 1588): Event [wpa_disabled_ssid_list_clear]
01-14 14:35:49.701 I/wpa_supplicant( 1790): No suitable AP found.
01-14 14:35:49.701 I/wpa_supplicant( 1790): CTRL-EVENT-STATE-CHANGE id=-1 state=1 BSSID=00:00:00:00:00:00
01-14 14:35:49.711 V/WifiMonitor( 1588): Event [CTRL-EVENT-STATE-CHANGE id=-1 state=1 BSSID=00:00:00:00:00:00]
01-14 14:35:49.731 D/WifiStateMachine( 1588): Changing supplicant state: SCANNING ==> INACTIVE
01-14 14:35:49.731 D/WifiStateMachine( 1588): setDetailed state, old =SCANNING and new state=IDLE
01-14 14:35:49.841 I/wpa_supplicant( 1790): CTRL-EVENT-STATE-CHANGE id=-1 state=2 BSSID=00:00:00:00:00:00
01-14 14:35:49.841 V/WifiMonitor( 1588): Event [CTRL-EVENT-STATE-CHANGE id=-1 state=2 BSSID=00:00:00:00:00:00]
01-14 14:35:49.841 D/WifiStateMachine( 1588): Changing supplicant state: INACTIVE ==> SCANNING
01-14 14:35:49.841 D/WifiStateMachine( 1588): setDetailed state, old =IDLE and new state=SCANNING
01-14 14:35:49.871 I/System.out( 2737): 16
01-14 14:35:50.872 I/System.out( 2737): 16
01-14 14:35:50.932 I/wpa_supplicant( 1790): got scan complete
01-14 14:35:50.932 I/wpa_supplicant( 1790): wpa_supplicant_get_scan_results:return scan results2
01-14 14:35:50.932 I/wpa_supplicant( 1790): AP:ssid[uos-connect],rssi[-78],BSSID=9c:4e:20:c8:9e:73
01-14 14:35:50.932 I/wpa_supplicant( 1790): AP:ssid[BTOpenzone],rssi[-78],BSSID=9c:4e:20:c8:9e:70
01-14 14:35:50.932 I/wpa_supplicant( 1790): AP:ssid[uos-visitor],rssi[-79],BSSID=9c:4e:20:c8:9e:74
01-14 14:35:50.942 I/wpa_supplicant( 1790): AP:ssid[eduroam],rssi[-79],BSSID=9c:4e:20:c8:9e:72
01-14 14:35:50.942 I/wpa_supplicant( 1790): AP:ssid[cs],rssi[-79],BSSID=9c:4e:20:c8:9e:71
01-14 14:35:50.942 I/wpa_supplicant( 1790): AP:ssid[uos-connect],rssi[-58],BSSID=9c:4e:20:c8:b0:f3
01-14 14:35:50.942 I/wpa_supplicant( 1790): AP:ssid[cs],rssi[-60],BSSID=9c:4e:20:c8:b0:f1
01-14 14:35:50.942 I/wpa_supplicant( 1790): AP:ssid[BTOpenzone],rssi[-58],BSSID=9c:4e:20:c8:b0:f0
01-14 14:35:50.942 I/wpa_supplicant( 1790): AP:ssid[uos-visitor],rssi[-58],BSSID=9c:4e:20:c8:b0:f4
01-14 14:35:50.942 I/wpa_supplicant( 1790): AP:ssid[eduroam],rssi[-57],BSSID=9c:4e:20:c8:b0:f2
01-14 14:35:50.942 I/wpa_supplicant( 1790): AP:ssid[uos-connect],rssi[-74],BSSID=9c:4e:20:c8:cc:53
01-14 14:35:50.942 I/wpa_supplicant( 1790): AP:ssid[BTOpenzone],rssi[-74],BSSID=9c:4e:20:c8:cc:50
01-14 14:35:50.942 I/wpa_supplicant( 1790): AP:ssid[uos-visitor],rssi[-75],BSSID=9c:4e:20:c8:cc:54
01-14 14:35:50.942 I/wpa_supplicant( 1790): AP:ssid[cs],rssi[-74],BSSID=9c:4e:20:c8:cc:51
01-14 14:35:50.942 I/wpa_supplicant( 1790): AP:ssid[eduroam],rssi[-74],BSSID=9c:4e:20:c8:cc:52
01-14 14:35:50.942 I/wpa_supplicant( 1790): Received 2853 bytes of scan results (15 BSSes)
01-14 14:35:50.942 I/wpa_supplicant( 1790): wpa_driver_wext_get_scan_results---
01-14 14:35:50.952 I/wpa_supplicant( 1790): wpa_disabled_ssid_list_clear
01-14 14:35:50.952 V/WifiMonitor( 1588): Event [wpa_disabled_ssid_list_clear]
01-14 14:35:50.952 I/wpa_supplicant( 1790): No suitable AP found.
01-14 14:35:50.952 I/wpa_supplicant( 1790): CTRL-EVENT-STATE-CHANGE id=-1 state=1 BSSID=00:00:00:00:00:00
01-14 14:35:50.952 V/WifiMonitor( 1588): Event [CTRL-EVENT-STATE-CHANGE id=-1 state=1 BSSID=00:00:00:00:00:00]
01-14 14:35:50.972 D/WifiStateMachine( 1588): Changing supplicant state: SCANNING ==> INACTIVE
01-14 14:35:50.972 D/WifiStateMachine( 1588): setDetailed state, old =SCANNING and new state=IDLE
01-14 14:35:51.022 D/dalvikvm( 2747): GC_CONCURRENT freed 447K, 8% free 6816K/7367K, paused 1ms+2ms
01-14 14:35:51.072 I/wpa_supplicant( 1790): CTRL-EVENT-STATE-CHANGE id=-1 state=2 BSSID=00:00:00:00:00:00
01-14 14:35:51.072 V/WifiMonitor( 1588): Event [CTRL-EVENT-STATE-CHANGE id=-1 state=2 BSSID=00:00:00:00:00:00]
01-14 14:35:51.072 D/WifiStateMachine( 1588): Changing supplicant state: INACTIVE ==> SCANNING
01-14 14:35:51.072 D/WifiStateMachine( 1588): setDetailed state, old =IDLE and new state=SCANNING
01-14 14:35:51.873 I/System.out( 2737): 15
01-14 14:35:51.963 D/dalvikvm( 2737): GC_CONCURRENT freed 333K, 7% free 6559K/6983K, paused 5ms+5ms
01-14 14:35:52.223 I/wpa_supplicant( 1790): got scan complete
01-14 14:35:52.223 I/wpa_supplicant( 1790): wpa_supplicant_get_scan_results:return scan results2
01-14 14:35:52.223 I/wpa_supplicant( 1790): AP:ssid[uos-connect],rssi[-79],BSSID=9c:4e:20:c8:9e:73
01-14 14:35:52.223 I/wpa_supplicant( 1790): AP:ssid[BTOpenzone],rssi[-79],BSSID=9c:4e:20:c8:9e:70
01-14 14:35:52.233 I/wpa_supplicant( 1790): AP:ssid[uos-visitor],rssi[-79],BSSID=9c:4e:20:c8:9e:74
01-14 14:35:52.233 I/wpa_supplicant( 1790): AP:ssid[eduroam],rssi[-79],BSSID=9c:4e:20:c8:9e:72
01-14 14:35:52.233 I/wpa_supplicant( 1790): AP:ssid[cs],rssi[-79],BSSID=9c:4e:20:c8:9e:71
01-14 14:35:52.233 I/wpa_supplicant( 1790): AP:ssid[hpsetup],rssi[-93],BSSID=c2:ce:46:d5:40:9c
01-14 14:35:52.233 I/wpa_supplicant( 1790): AP:ssid[LD-Net],rssi[-92],BSSID=00:14:6c:fd:72:38
01-14 14:35:52.233 I/wpa_supplicant( 1790): AP:ssid[eduroam],rssi[-58],BSSID=9c:4e:20:c8:b0:f2
01-14 14:35:52.233 I/wpa_supplicant( 1790): AP:ssid[cs],rssi[-59],BSSID=9c:4e:20:c8:b0:f1
01-14 14:35:52.233 I/wpa_supplicant( 1790): AP:ssid[uos-connect],rssi[-58],BSSID=9c:4e:20:c8:b0:f3
01-14 14:35:52.233 I/wpa_supplicant( 1790): AP:ssid[BTOpenzone],rssi[-58],BSSID=9c:4e:20:c8:b0:f0
01-14 14:35:52.233 I/wpa_supplicant( 1790): AP:ssid[uos-visitor],rssi[-58],BSSID=9c:4e:20:c8:b0:f4
01-14 14:35:52.233 I/wpa_supplicant( 1790): AP:ssid[uos-connect],rssi[-75],BSSID=9c:4e:20:c8:cc:53
01-14 14:35:52.233 I/wpa_supplicant( 1790): AP:ssid[BTOpenzone],rssi[-76],BSSID=9c:4e:20:c8:cc:50
01-14 14:35:52.233 I/wpa_supplicant( 1790): AP:ssid[uos-visitor],rssi[-75],BSSID=9c:4e:20:c8:cc:54
01-14 14:35:52.233 I/wpa_supplicant( 1790): AP:ssid[eduroam],rssi[-76],BSSID=9c:4e:20:c8:cc:52
01-14 14:35:52.233 I/wpa_supplicant( 1790): Received 2964 bytes of scan results (16 BSSes)
01-14 14:35:52.233 I/wpa_supplicant( 1790): wpa_driver_wext_get_scan_results---
01-14 14:35:52.243 I/wpa_supplicant( 1790): wpa_disabled_ssid_list_clear
01-14 14:35:52.243 V/WifiMonitor( 1588): Event [wpa_disabled_ssid_list_clear]
01-14 14:35:52.243 I/wpa_supplicant( 1790): No suitable AP found.
01-14 14:35:52.243 I/wpa_supplicant( 1790): CTRL-EVENT-STATE-CHANGE id=-1 state=1 BSSID=00:00:00:00:00:00
01-14 14:35:52.243 V/WifiMonitor( 1588): Event [CTRL-EVENT-STATE-CHANGE id=-1 state=1 BSSID=00:00:00:00:00:00]
01-14 14:35:52.263 D/WifiStateMachine( 1588): Changing supplicant state: SCANNING ==> INACTIVE
01-14 14:35:52.263 D/WifiStateMachine( 1588): setDetailed state, old =SCANNING and new state=IDLE
01-14 14:35:52.363 I/wpa_supplicant( 1790): CTRL-EVENT-STATE-CHANGE id=-1 state=2 BSSID=00:00:00:00:00:00
01-14 14:35:52.363 V/WifiMonitor( 1588): Event [CTRL-EVENT-STATE-CHANGE id=-1 state=2 BSSID=00:00:00:00:00:00]
01-14 14:35:52.363 D/WifiStateMachine( 1588): Changing supplicant state: INACTIVE ==> SCANNING
01-14 14:35:52.363 D/WifiStateMachine( 1588): setDetailed state, old =IDLE and new state=SCANNING
01-14 14:35:52.454 D/dalvikvm( 2747): GC_CONCURRENT freed 446K, 8% free 6816K/7367K, paused 1ms+1ms
01-14 14:35:52.874 I/System.out( 2737): 16
01-14 14:35:53.465 I/wpa_supplicant( 1790): got scan complete
01-14 14:35:53.465 I/wpa_supplicant( 1790): wpa_supplicant_get_scan_results:return scan results2
01-14 14:35:53.465 I/wpa_supplicant( 1790): AP:ssid[BTOpenzone],rssi[-79],BSSID=9c:4e:20:c8:9e:70
01-14 14:35:53.465 I/wpa_supplicant( 1790): AP:ssid[uos-visitor],rssi[-79],BSSID=9c:4e:20:c8:9e:74
01-14 14:35:53.465 I/wpa_supplicant( 1790): AP:ssid[cs],rssi[-79],BSSID=9c:4e:20:c8:9e:71
01-14 14:35:53.465 I/wpa_supplicant( 1790): AP:ssid[eduroam],rssi[-78],BSSID=9c:4e:20:c8:9e:72
01-14 14:35:53.465 I/wpa_supplicant( 1790): AP:ssid[uos-connect],rssi[-79],BSSID=9c:4e:20:c8:9e:73
01-14 14:35:53.465 I/wpa_supplicant( 1790): AP:ssid[hpsetup],rssi[-90],BSSID=c2:ce:46:d5:40:9c
01-14 14:35:53.465 I/wpa_supplicant( 1790): AP:ssid[uos-connect],rssi[-58],BSSID=9c:4e:20:c8:b0:f3
01-14 14:35:53.465 I/wpa_supplicant( 1790): AP:ssid[BTOpenzone],rssi[-59],BSSID=9c:4e:20:c8:b0:f0
01-14 14:35:53.465 I/wpa_supplicant( 1790): AP:ssid[uos-visitor],rssi[-61],BSSID=9c:4e:20:c8:b0:f4
01-14 14:35:53.465 I/wpa_supplicant( 1790): AP:ssid[eduroam],rssi[-61],BSSID=9c:4e:20:c8:b0:f2
01-14 14:35:53.465 I/wpa_supplicant( 1790): AP:ssid[cs],rssi[-59],BSSID=9c:4e:20:c8:b0:f1
01-14 14:35:53.465 I/wpa_supplicant( 1790): AP:ssid[BTOpenzone],rssi[-75],BSSID=9c:4e:20:c8:cc:50
01-14 14:35:53.465 I/wpa_supplicant( 1790): AP:ssid[uos-visitor],rssi[-75],BSSID=9c:4e:20:c8:cc:54
01-14 14:35:53.465 I/wpa_supplicant( 1790): AP:ssid[eduroam],rssi[-76],BSSID=9c:4e:20:c8:cc:52
01-14 14:35:53.465 I/wpa_supplicant( 1790): AP:ssid[uos-connect],rssi[-75],BSSID=9c:4e:20:c8:cc:53
01-14 14:35:53.475 I/wpa_supplicant( 1790): AP:ssid[cs],rssi[-73],BSSID=9c:4e:20:c8:cc:51
01-14 14:35:53.475 I/wpa_supplicant( 1790): Received 2960 bytes of scan results (16 BSSes)
01-14 14:35:53.475 I/wpa_supplicant( 1790): wpa_driver_wext_get_scan_results---
01-14 14:35:53.485 I/wpa_supplicant( 1790): wpa_disabled_ssid_list_clear
01-14 14:35:53.485 V/WifiMonitor( 1588): Event [wpa_disabled_ssid_list_clear]
01-14 14:35:53.485 I/wpa_supplicant( 1790): No suitable AP found.
01-14 14:35:53.485 I/wpa_supplicant( 1790): CTRL-EVENT-STATE-CHANGE id=-1 state=1 BSSID=00:00:00:00:00:00
01-14 14:35:53.485 V/WifiMonitor( 1588): Event [CTRL-EVENT-STATE-CHANGE id=-1 state=1 BSSID=00:00:00:00:00:00]
01-14 14:35:53.515 D/WifiStateMachine( 1588): Changing supplicant state: SCANNING ==> INACTIVE
01-14 14:35:53.515 D/WifiStateMachine( 1588): setDetailed state, old =SCANNING and new state=IDLE
01-14 14:35:53.625 I/wpa_supplicant( 1790): CTRL-EVENT-STATE-CHANGE id=-1 state=2 BSSID=00:00:00:00:00:00
01-14 14:35:53.625 V/WifiMonitor( 1588): Event [CTRL-EVENT-STATE-CHANGE id=-1 state=2 BSSID=00:00:00:00:00:00]
01-14 14:35:53.625 D/WifiStateMachine( 1588): Changing supplicant state: INACTIVE ==> SCANNING
01-14 14:35:53.625 D/WifiStateMachine( 1588): setDetailed state, old =IDLE and new state=SCANNING
01-14 14:35:53.875 I/System.out( 2737): 16
01-14 14:35:54.756 I/wpa_supplicant( 1790): got scan complete
01-14 14:35:54.756 I/wpa_supplicant( 1790): wpa_supplicant_get_scan_results:return scan results2
01-14 14:35:54.756 I/wpa_supplicant( 1790): AP:ssid[BTOpenzone],rssi[-79],BSSID=9c:4e:20:c8:9e:70
01-14 14:35:54.756 I/wpa_supplicant( 1790): AP:ssid[uos-visitor],rssi[-79],BSSID=9c:4e:20:c8:9e:74
01-14 14:35:54.756 I/wpa_supplicant( 1790): AP:ssid[cs],rssi[-79],BSSID=9c:4e:20:c8:9e:71
01-14 14:35:54.756 I/wpa_supplicant( 1790): AP:ssid[uos-connect],rssi[-80],BSSID=9c:4e:20:c8:9e:73
01-14 14:35:54.756 I/wpa_supplicant( 1790): AP:ssid[eduroam],rssi[-79],BSSID=9c:4e:20:c8:9e:72
01-14 14:35:54.756 I/wpa_supplicant( 1790): AP:ssid[Marine Instrumentation Limited],rssi[-92],BSSID=00:16:01:58:fe:4b
01-14 14:35:54.756 I/wpa_supplicant( 1790): AP:ssid[LD-Net],rssi[-92],BSSID=00:14:6c:fd:72:38
01-14 14:35:54.756 I/wpa_supplicant( 1790): AP:ssid[hpsetup],rssi[-93],BSSID=c2:ce:46:d5:40:9c
01-14 14:35:54.756 I/wpa_supplicant( 1790): AP:ssid[uos-connect],rssi[-60],BSSID=9c:4e:20:c8:b0:f3
01-14 14:35:54.756 I/wpa_supplicant( 1790): AP:ssid[BTOpenzone],rssi[-57],BSSID=9c:4e:20:c8:b0:f0
01-14 14:35:54.756 I/wpa_supplicant( 1790): AP:ssid[uos-visitor],rssi[-59],BSSID=9c:4e:20:c8:b0:f4
01-14 14:35:54.756 I/wpa_supplicant( 1790): AP:ssid[eduroam],rssi[-58],BSSID=9c:4e:20:c8:b0:f2
01-14 14:35:54.756 I/wpa_supplicant( 1790): AP:ssid[cs],rssi[-57],BSSID=9c:4e:20:c8:b0:f1
01-14 14:35:54.756 I/wpa_supplicant( 1790): AP:ssid[uos-visitor],rssi[-73],BSSID=9c:4e:20:c8:cc:54
01-14 14:35:54.756 I/wpa_supplicant( 1790): AP:ssid[uos-connect],rssi[-75],BSSID=9c:4e:20:c8:cc:53
01-14 14:35:54.766 I/wpa_supplicant( 1790): AP:ssid[BTOpenzone],rssi[-75],BSSID=9c:4e:20:c8:cc:50
01-14 14:35:54.766 I/wpa_supplicant( 1790): AP:ssid[cs],rssi[-75],BSSID=9c:4e:20:c8:cc:51
01-14 14:35:54.766 I/wpa_supplicant( 1790): Received 3187 bytes of scan results (17 BSSes)
01-14 14:35:54.766 I/wpa_supplicant( 1790): wpa_driver_wext_get_scan_results---
01-14 14:35:54.766 I/wpa_supplicant( 1790): wpa_disabled_ssid_list_clear
01-14 14:35:54.766 V/WifiMonitor( 1588): Event [wpa_disabled_ssid_list_clear]
01-14 14:35:54.766 I/wpa_supplicant( 1790): No suitable AP found.
01-14 14:35:54.766 I/wpa_supplicant( 1790): CTRL-EVENT-STATE-CHANGE id=-1 state=1 BSSID=00:00:00:00:00:00
01-14 14:35:54.766 V/WifiMonitor( 1588): Event [CTRL-EVENT-STATE-CHANGE id=-1 state=1 BSSID=00:00:00:00:00:00]
01-14 14:35:54.786 D/WifiStateMachine( 1588): Changing supplicant state: SCANNING ==> INACTIVE
01-14 14:35:54.796 D/WifiStateMachine( 1588): setDetailed state, old =SCANNING and new state=IDLE
01-14 14:35:54.846 D/dalvikvm( 2747): GC_CONCURRENT freed 446K, 8% free 6816K/7367K, paused 1ms+1ms
01-14 14:35:54.876 I/System.out( 2737): 17
01-14 14:35:54.906 I/wpa_supplicant( 1790): CTRL-EVENT-STATE-CHANGE id=-1 state=2 BSSID=00:00:00:00:00:00
01-14 14:35:54.906 V/WifiMonitor( 1588): Event [CTRL-EVENT-STATE-CHANGE id=-1 state=2 BSSID=00:00:00:00:00:00]
01-14 14:35:54.906 D/WifiStateMachine( 1588): Changing supplicant state: INACTIVE ==> SCANNING
01-14 14:35:54.906 D/WifiStateMachine( 1588): setDetailed state, old =IDLE and new state=SCANNING
01-14 14:35:55.877 I/System.out( 2737): 17
01-14 14:35:56.037 I/wpa_supplicant( 1790): got scan complete
01-14 14:35:56.037 I/wpa_supplicant( 1790): wpa_supplicant_get_scan_results:return scan results2
01-14 14:35:56.037 I/wpa_supplicant( 1790): AP:ssid[uos-visitor],rssi[-79],BSSID=9c:4e:20:c8:9e:74
01-14 14:35:56.037 I/wpa_supplicant( 1790): AP:ssid[cs],rssi[-79],BSSID=9c:4e:20:c8:9e:71
01-14 14:35:56.037 I/wpa_supplicant( 1790): AP:ssid[BTOpenzone],rssi[-79],BSSID=9c:4e:20:c8:9e:70
01-14 14:35:56.037 I/wpa_supplicant( 1790): AP:ssid[eduroam],rssi[-81],BSSID=9c:4e:20:c8:9e:72
01-14 14:35:56.037 I/wpa_supplicant( 1790): AP:ssid[uos-connect],rssi[-80],BSSID=9c:4e:20:c8:9e:73
01-14 14:35:56.037 I/wpa_supplicant( 1790): AP:ssid[Marine Instrumentation Limited],rssi[-93],BSSID=00:16:01:58:fe:4b
01-14 14:35:56.037 I/wpa_supplicant( 1790): AP:ssid[hpsetup],rssi[-92],BSSID=c2:ce:46:d5:40:9c
01-14 14:35:56.037 I/wpa_supplicant( 1790): AP:ssid[BTOpenzone],rssi[-60],BSSID=9c:4e:20:c8:b0:f0
01-14 14:35:56.037 I/wpa_supplicant( 1790): AP:ssid[uos-visitor],rssi[-60],BSSID=9c:4e:20:c8:b0:f4
01-14 14:35:56.037 I/wpa_supplicant( 1790): AP:ssid[eduroam],rssi[-60],BSSID=9c:4e:20:c8:b0:f2
01-14 14:35:56.037 I/wpa_supplicant( 1790): AP:ssid[cs],rssi[-60],BSSID=9c:4e:20:c8:b0:f1
01-14 14:35:56.037 I/wpa_supplicant( 1790): AP:ssid[uos-connect],rssi[-61],BSSID=9c:4e:20:c8:b0:f3
01-14 14:35:56.037 I/wpa_supplicant( 1790): AP:ssid[eduroam],rssi[-79],BSSID=9c:4e:20:c8:cc:52
01-14 14:35:56.037 I/wpa_supplicant( 1790): AP:ssid[cs],rssi[-75],BSSID=9c:4e:20:c8:cc:51
01-14 14:35:56.037 I/wpa_supplicant( 1790): AP:ssid[uos-connect],rssi[-80],BSSID=9c:4e:20:c8:cc:53
01-14 14:35:56.037 I/wpa_supplicant( 1790): AP:ssid[BTOpenzone],rssi[-77],BSSID=9c:4e:20:c8:cc:50
01-14 14:35:56.037 I/wpa_supplicant( 1790): Received 2983 bytes of scan results (16 BSSes)
01-14 14:35:56.037 I/wpa_supplicant( 1790): wpa_driver_wext_get_scan_results---
01-14 14:35:56.047 I/wpa_supplicant( 1790): wpa_disabled_ssid_list_clear
01-14 14:35:56.047 V/WifiMonitor( 1588): Event [wpa_disabled_ssid_list_clear]
01-14 14:35:56.047 I/wpa_supplicant( 1790): No suitable AP found.
01-14 14:35:56.047 I/wpa_supplicant( 1790): CTRL-EVENT-STATE-CHANGE id=-1 state=1 BSSID=00:00:00:00:00:00
01-14 14:35:56.047 V/WifiMonitor( 1588): Event [CTRL-EVENT-STATE-CHANGE id=-1 state=1 BSSID=00:00:00:00:00:00]
01-14 14:35:56.067 D/WifiStateMachine( 1588): Changing supplicant state: SCANNING ==> INACTIVE
01-14 14:35:56.077 D/WifiStateMachine( 1588): setDetailed state, old =SCANNING and new state=IDLE
01-14 14:35:56.187 I/wpa_supplicant( 1790): CTRL-EVENT-STATE-CHANGE id=-1 state=2 BSSID=00:00:00:00:00:00
01-14 14:35:56.187 V/WifiMonitor( 1588): Event [CTRL-EVENT-STATE-CHANGE id=-1 state=2 BSSID=00:00:00:00:00:00]
01-14 14:35:56.187 D/WifiStateMachine( 1588): Changing supplicant state: INACTIVE ==> SCANNING
01-14 14:35:56.187 D/WifiStateMachine( 1588): setDetailed state, old =IDLE and new state=SCANNING
01-14 14:35:56.287 D/dalvikvm( 2747): GC_CONCURRENT freed 446K, 8% free 6816K/7367K, paused 4ms+4ms
01-14 14:35:56.878 I/System.out( 2737): 16
01-14 14:35:57.318 I/wpa_supplicant( 1790): got scan complete
01-14 14:35:57.318 I/wpa_supplicant( 1790): wpa_supplicant_get_scan_results:return scan results2
01-14 14:35:57.318 I/wpa_supplicant( 1790): AP:ssid[cs],rssi[-79],BSSID=9c:4e:20:c8:9e:71
01-14 14:35:57.318 I/wpa_supplicant( 1790): AP:ssid[uos-connect],rssi[-77],BSSID=9c:4e:20:c8:9e:73
01-14 14:35:57.318 I/wpa_supplicant( 1790): AP:ssid[BTOpenzone],rssi[-78],BSSID=9c:4e:20:c8:9e:70
01-14 14:35:57.318 I/wpa_supplicant( 1790): AP:ssid[uos-visitor],rssi[-78],BSSID=9c:4e:20:c8:9e:74
01-14 14:35:57.328 I/wpa_supplicant( 1790): AP:ssid[eduroam],rssi[-78],BSSID=9c:4e:20:c8:9e:72
01-14 14:35:57.328 I/wpa_supplicant( 1790): AP:ssid[Marine Instrumentation Limited],rssi[-94],BSSID=00:16:01:58:fe:4b
01-14 14:35:57.328 I/wpa_supplicant( 1790): AP:ssid[hpsetup],rssi[-91],BSSID=c2:ce:46:d5:40:9c
01-14 14:35:57.328 I/wpa_supplicant( 1790): AP:ssid[uos-visitor],rssi[-56],BSSID=9c:4e:20:c8:b0:f4
01-14 14:35:57.328 I/wpa_supplicant( 1790): AP:ssid[eduroam],rssi[-55],BSSID=9c:4e:20:c8:b0:f2
01-14 14:35:57.328 I/wpa_supplicant( 1790): AP:ssid[cs],rssi[-59],BSSID=9c:4e:20:c8:b0:f1
01-14 14:35:57.328 I/wpa_supplicant( 1790): AP:ssid[uos-connect],rssi[-57],BSSID=9c:4e:20:c8:b0:f3
01-14 14:35:57.328 I/wpa_supplicant( 1790): AP:ssid[BTOpenzone],rssi[-55],BSSID=9c:4e:20:c8:b0:f0
01-14 14:35:57.328 I/wpa_supplicant( 1790): AP:ssid[cs],rssi[-78],BSSID=9c:4e:20:c8:cc:51
01-14 14:35:57.328 I/wpa_supplicant( 1790): AP:ssid[uos-visitor],rssi[-79],BSSID=9c:4e:20:c8:cc:54
