01-10 15:20:00.550 I/wpa_supplicant( 1774): AP:ssid[uos-visitor],rssi[-61],BSSID=9c:4e:20:c8:b0:f4
01-10 15:20:00.550 I/wpa_supplicant( 1774): AP:ssid[uos-connect],rssi[-72],BSSID=9c:4e:20:c8:cc:53
01-10 15:20:00.550 I/wpa_supplicant( 1774): AP:ssid[BTOpenzone],rssi[-73],BSSID=9c:4e:20:c8:cc:50
01-10 15:20:00.550 I/wpa_supplicant( 1774): AP:ssid[eduroam],rssi[-87],BSSID=9c:4e:20:c8:cc:52
01-10 15:20:00.550 I/wpa_supplicant( 1774): AP:ssid[uos-visitor],rssi[-73],BSSID=9c:4e:20:c8:cc:54
01-10 15:20:00.550 I/wpa_supplicant( 1774): AP:ssid[cs],rssi[-72],BSSID=9c:4e:20:c8:cc:51
01-10 15:20:00.550 I/wpa_supplicant( 1774): Received 2853 bytes of scan results (15 BSSes)
01-10 15:20:00.550 I/wpa_supplicant( 1774): wpa_driver_wext_get_scan_results---
01-10 15:20:00.560 I/wpa_supplicant( 1774): wpa_disabled_ssid_list_clear
01-10 15:20:00.560 V/WifiMonitor( 1574): Event [wpa_disabled_ssid_list_clear]
01-10 15:20:00.560 I/wpa_supplicant( 1774): No suitable AP found.
01-10 15:20:00.560 I/wpa_supplicant( 1774): CTRL-EVENT-STATE-CHANGE id=-1 state=1 BSSID=00:00:00:00:00:00
01-10 15:20:00.560 V/WifiMonitor( 1574): Event [CTRL-EVENT-STATE-CHANGE id=-1 state=1 BSSID=00:00:00:00:00:00]
01-10 15:20:00.580 D/WifiStateMachine( 1574): Changing supplicant state: SCANNING ==> INACTIVE
01-10 15:20:00.580 D/WifiStateMachine( 1574): setDetailed state, old =SCANNING and new state=IDLE
01-10 15:20:00.630 D/dalvikvm( 2754): GC_CONCURRENT freed 446K, 10% free 6816K/7495K, paused 1ms+1ms
01-10 15:20:00.691 I/wpa_supplicant( 1774): CTRL-EVENT-STATE-CHANGE id=-1 state=2 BSSID=00:00:00:00:00:00
01-10 15:20:00.691 V/WifiMonitor( 1574): Event [CTRL-EVENT-STATE-CHANGE id=-1 state=2 BSSID=00:00:00:00:00:00]
01-10 15:20:00.691 D/WifiStateMachine( 1574): Changing supplicant state: INACTIVE ==> SCANNING
01-10 15:20:00.691 D/WifiStateMachine( 1574): setDetailed state, old =IDLE and new state=SCANNING
01-10 15:20:01.201 I/System.out( 2739): 15
01-10 15:20:01.792 I/wpa_supplicant( 1774): got scan complete
01-10 15:20:01.792 I/wpa_supplicant( 1774): wpa_supplicant_get_scan_results:return scan results2
01-10 15:20:01.792 I/wpa_supplicant( 1774): AP:ssid[uos-connect],rssi[-82],BSSID=9c:4e:20:c8:9e:73
01-10 15:20:01.792 I/wpa_supplicant( 1774): AP:ssid[BTOpenzone],rssi[-81],BSSID=9c:4e:20:c8:9e:70
01-10 15:20:01.792 I/wpa_supplicant( 1774): AP:ssid[eduroam],rssi[-82],BSSID=9c:4e:20:c8:9e:72
01-10 15:20:01.802 I/wpa_supplicant( 1774): AP:ssid[uos-visitor],rssi[-80],BSSID=9c:4e:20:c8:9e:74
01-10 15:20:01.802 I/wpa_supplicant( 1774): AP:ssid[cs],rssi[-81],BSSID=9c:4e:20:c8:9e:71
01-10 15:20:01.802 I/wpa_supplicant( 1774): AP:ssid[eduroam],rssi[-59],BSSID=9c:4e:20:c8:b0:f2
01-10 15:20:01.802 I/wpa_supplicant( 1774): AP:ssid[cs],rssi[-61],BSSID=9c:4e:20:c8:b0:f1
01-10 15:20:01.802 I/wpa_supplicant( 1774): AP:ssid[uos-connect],rssi[-61],BSSID=9c:4e:20:c8:b0:f3
01-10 15:20:01.802 I/wpa_supplicant( 1774): AP:ssid[BTOpenzone],rssi[-59],BSSID=9c:4e:20:c8:b0:f0
01-10 15:20:01.812 I/wpa_supplicant( 1774): AP:ssid[uos-visitor],rssi[-60],BSSID=9c:4e:20:c8:b0:f4
01-10 15:20:01.812 I/wpa_supplicant( 1774): AP:ssid[],rssi[-90],BSSID=00:80:48:68:08:99
01-10 15:20:01.812 I/wpa_supplicant( 1774): AP:ssid[uos-visitor],rssi[-72],BSSID=9c:4e:20:c8:cc:54
01-10 15:20:01.812 I/wpa_supplicant( 1774): AP:ssid[cs],rssi[-71],BSSID=9c:4e:20:c8:cc:51
01-10 15:20:01.812 I/wpa_supplicant( 1774): AP:ssid[uos-connect],rssi[-71],BSSID=9c:4e:20:c8:cc:53
01-10 15:20:01.812 I/wpa_supplicant( 1774): AP:ssid[BTOpenzone],rssi[-73],BSSID=9c:4e:20:c8:cc:50
01-10 15:20:01.812 I/wpa_supplicant( 1774): AP:ssid[eduroam],rssi[-72],BSSID=9c:4e:20:c8:cc:52
01-10 15:20:01.812 I/wpa_supplicant( 1774): Received 3017 bytes of scan results (16 BSSes)
01-10 15:20:01.812 I/wpa_supplicant( 1774): wpa_driver_wext_get_scan_results---
01-10 15:20:01.812 I/wpa_supplicant( 1774): wpa_disabled_ssid_list_clear
01-10 15:20:01.812 V/WifiMonitor( 1574): Event [wpa_disabled_ssid_list_clear]
01-10 15:20:01.812 I/wpa_supplicant( 1774): No suitable AP found.
01-10 15:20:01.812 I/wpa_supplicant( 1774): CTRL-EVENT-STATE-CHANGE id=-1 state=1 BSSID=00:00:00:00:00:00
01-10 15:20:01.812 V/WifiMonitor( 1574): Event [CTRL-EVENT-STATE-CHANGE id=-1 state=1 BSSID=00:00:00:00:00:00]
01-10 15:20:01.842 D/WifiStateMachine( 1574): Changing supplicant state: SCANNING ==> INACTIVE
01-10 15:20:01.842 D/WifiStateMachine( 1574): setDetailed state, old =SCANNING and new state=IDLE
01-10 15:20:01.952 I/wpa_supplicant( 1774): CTRL-EVENT-STATE-CHANGE id=-1 state=2 BSSID=00:00:00:00:00:00
01-10 15:20:01.952 V/WifiMonitor( 1574): Event [CTRL-EVENT-STATE-CHANGE id=-1 state=2 BSSID=00:00:00:00:00:00]
01-10 15:20:01.952 D/WifiStateMachine( 1574): Changing supplicant state: INACTIVE ==> SCANNING
01-10 15:20:01.952 D/WifiStateMachine( 1574): setDetailed state, old =IDLE and new state=SCANNING
01-10 15:20:02.012 D/dalvikvm( 2754): GC_CONCURRENT freed 446K, 10% free 6816K/7495K, paused 2ms+2ms
01-10 15:20:02.202 I/System.out( 2739): 15
01-10 15:20:03.043 I/wpa_supplicant( 1774): got scan complete
01-10 15:20:03.043 I/wpa_supplicant( 1774): wpa_supplicant_get_scan_results:return scan results2
01-10 15:20:03.043 I/wpa_supplicant( 1774): AP:ssid[uos-connect],rssi[-81],BSSID=9c:4e:20:c8:9e:73
01-10 15:20:03.053 I/wpa_supplicant( 1774): AP:ssid[BTOpenzone],rssi[-82],BSSID=9c:4e:20:c8:9e:70
01-10 15:20:03.053 I/wpa_supplicant( 1774): AP:ssid[eduroam],rssi[-80],BSSID=9c:4e:20:c8:9e:72
01-10 15:20:03.053 I/wpa_supplicant( 1774): AP:ssid[cs],rssi[-81],BSSID=9c:4e:20:c8:9e:71
01-10 15:20:03.053 I/wpa_supplicant( 1774): AP:ssid[uos-visitor],rssi[-80],BSSID=9c:4e:20:c8:9e:74
01-10 15:20:03.053 I/wpa_supplicant( 1774): AP:ssid[LD-Net],rssi[-91],BSSID=00:14:6c:fd:72:38
01-10 15:20:03.053 I/wpa_supplicant( 1774): AP:ssid[eduroam],rssi[-59],BSSID=9c:4e:20:c8:b0:f2
01-10 15:20:03.053 I/wpa_supplicant( 1774): AP:ssid[cs],rssi[-61],BSSID=9c:4e:20:c8:b0:f1
01-10 15:20:03.053 I/wpa_supplicant( 1774): AP:ssid[uos-connect],rssi[-60],BSSID=9c:4e:20:c8:b0:f3
01-10 15:20:03.053 I/wpa_supplicant( 1774): AP:ssid[BTOpenzone],rssi[-59],BSSID=9c:4e:20:c8:b0:f0
01-10 15:20:03.053 I/wpa_supplicant( 1774): AP:ssid[uos-visitor],rssi[-61],BSSID=9c:4e:20:c8:b0:f4
01-10 15:20:03.053 I/wpa_supplicant( 1774): AP:ssid[uos-connect],rssi[-73],BSSID=9c:4e:20:c8:cc:53
01-10 15:20:03.053 I/wpa_supplicant( 1774): AP:ssid[BTOpenzone],rssi[-71],BSSID=9c:4e:20:c8:cc:50
01-10 15:20:03.053 I/wpa_supplicant( 1774): AP:ssid[uos-visitor],rssi[-84],BSSID=9c:4e:20:c8:cc:54
01-10 15:20:03.063 I/wpa_supplicant( 1774): AP:ssid[eduroam],rssi[-72],BSSID=9c:4e:20:c8:cc:52
01-10 15:20:03.063 I/wpa_supplicant( 1774): AP:ssid[cs],rssi[-84],BSSID=9c:4e:20:c8:cc:51
01-10 15:20:03.063 I/wpa_supplicant( 1774): Received 3053 bytes of scan results (16 BSSes)
01-10 15:20:03.063 I/wpa_supplicant( 1774): wpa_driver_wext_get_scan_results---
01-10 15:20:03.063 I/wpa_supplicant( 1774): wpa_disabled_ssid_list_clear
01-10 15:20:03.063 V/WifiMonitor( 1574): Event [wpa_disabled_ssid_list_clear]
01-10 15:20:03.063 I/wpa_supplicant( 1774): No suitable AP found.
01-10 15:20:03.063 I/wpa_supplicant( 1774): CTRL-EVENT-STATE-CHANGE id=-1 state=1 BSSID=00:00:00:00:00:00
01-10 15:20:03.073 V/WifiMonitor( 1574): Event [CTRL-EVENT-STATE-CHANGE id=-1 state=1 BSSID=00:00:00:00:00:00]
01-10 15:20:03.093 D/WifiStateMachine( 1574): Changing supplicant state: SCANNING ==> INACTIVE
01-10 15:20:03.093 D/WifiStateMachine( 1574): setDetailed state, old =SCANNING and new state=IDLE
01-10 15:20:03.193 I/wpa_supplicant( 1774): CTRL-EVENT-STATE-CHANGE id=-1 state=2 BSSID=00:00:00:00:00:00
01-10 15:20:03.193 V/WifiMonitor( 1574): Event [CTRL-EVENT-STATE-CHANGE id=-1 state=2 BSSID=00:00:00:00:00:00]
01-10 15:20:03.193 D/WifiStateMachine( 1574): Changing supplicant state: INACTIVE ==> SCANNING
01-10 15:20:03.193 D/WifiStateMachine( 1574): setDetailed state, old =IDLE and new state=SCANNING
01-10 15:20:03.193 I/System.out( 2739): 16
01-10 15:20:04.204 I/System.out( 2739): 16
01-10 15:20:04.314 I/wpa_supplicant( 1774): got scan complete
01-10 15:20:04.314 I/wpa_supplicant( 1774): wpa_supplicant_get_scan_results:return scan results2
01-10 15:20:04.314 I/wpa_supplicant( 1774): AP:ssid[uos-connect],rssi[-82],BSSID=9c:4e:20:c8:9e:73
01-10 15:20:04.314 I/wpa_supplicant( 1774): AP:ssid[eduroam],rssi[-81],BSSID=9c:4e:20:c8:9e:72
01-10 15:20:04.314 I/wpa_supplicant( 1774): AP:ssid[BTOpenzone],rssi[-82],BSSID=9c:4e:20:c8:9e:70
01-10 15:20:04.314 I/wpa_supplicant( 1774): AP:ssid[uos-visitor],rssi[-79],BSSID=9c:4e:20:c8:9e:74
01-10 15:20:04.314 I/wpa_supplicant( 1774): AP:ssid[cs],rssi[-81],BSSID=9c:4e:20:c8:9e:71
01-10 15:20:04.324 I/wpa_supplicant( 1774): AP:ssid[eduroam],rssi[-61],BSSID=9c:4e:20:c8:b0:f2
01-10 15:20:04.324 I/wpa_supplicant( 1774): AP:ssid[cs],rssi[-60],BSSID=9c:4e:20:c8:b0:f1
01-10 15:20:04.324 I/wpa_supplicant( 1774): AP:ssid[uos-connect],rssi[-61],BSSID=9c:4e:20:c8:b0:f3
01-10 15:20:04.324 I/wpa_supplicant( 1774): AP:ssid[BTOpenzone],rssi[-60],BSSID=9c:4e:20:c8:b0:f0
01-10 15:20:04.324 I/wpa_supplicant( 1774): AP:ssid[uos-visitor],rssi[-59],BSSID=9c:4e:20:c8:b0:f4
01-10 15:20:04.324 I/wpa_supplicant( 1774): AP:ssid[uos-connect],rssi[-71],BSSID=9c:4e:20:c8:cc:53
01-10 15:20:04.334 I/wpa_supplicant( 1774): AP:ssid[BTOpenzone],rssi[-72],BSSID=9c:4e:20:c8:cc:50
01-10 15:20:04.334 I/wpa_supplicant( 1774): AP:ssid[uos-visitor],rssi[-72],BSSID=9c:4e:20:c8:cc:54
01-10 15:20:04.334 I/wpa_supplicant( 1774): AP:ssid[eduroam],rssi[-72],BSSID=9c:4e:20:c8:cc:52
01-10 15:20:04.334 I/wpa_supplicant( 1774): AP:ssid[cs],rssi[-72],BSSID=9c:4e:20:c8:cc:51
01-10 15:20:04.334 I/wpa_supplicant( 1774): Received 2853 bytes of scan results (15 BSSes)
01-10 15:20:04.334 I/wpa_supplicant( 1774): wpa_driver_wext_get_scan_results---
01-10 15:20:04.334 I/wpa_supplicant( 1774): wpa_disabled_ssid_list_clear
01-10 15:20:04.334 V/WifiMonitor( 1574): Event [wpa_disabled_ssid_list_clear]
01-10 15:20:04.334 I/wpa_supplicant( 1774): No suitable AP found.
01-10 15:20:04.334 I/wpa_supplicant( 1774): CTRL-EVENT-STATE-CHANGE id=-1 state=1 BSSID=00:00:00:00:00:00
01-10 15:20:04.334 V/WifiMonitor( 1574): Event [CTRL-EVENT-STATE-CHANGE id=-1 state=1 BSSID=00:00:00:00:00:00]
01-10 15:20:04.364 D/WifiStateMachine( 1574): Changing supplicant state: SCANNING ==> INACTIVE
01-10 15:20:04.364 D/WifiStateMachine( 1574): setDetailed state, old =SCANNING and new state=IDLE
01-10 15:20:04.404 D/dalvikvm( 2754): GC_CONCURRENT freed 446K, 10% free 6816K/7495K, paused 1ms+1ms
01-10 15:20:04.464 I/wpa_supplicant( 1774): CTRL-EVENT-STATE-CHANGE id=-1 state=2 BSSID=00:00:00:00:00:00
01-10 15:20:04.464 V/WifiMonitor( 1574): Event [CTRL-EVENT-STATE-CHANGE id=-1 state=2 BSSID=00:00:00:00:00:00]
01-10 15:20:04.464 D/WifiStateMachine( 1574): Changing supplicant state: INACTIVE ==> SCANNING
01-10 15:20:04.464 D/WifiStateMachine( 1574): setDetailed state, old =IDLE and new state=SCANNING
01-10 15:20:05.195 I/System.out( 2739): 15
01-10 15:20:05.555 I/wpa_supplicant( 1774): got scan complete
01-10 15:20:05.555 I/wpa_supplicant( 1774): wpa_supplicant_get_scan_results:return scan results2
01-10 15:20:05.555 I/wpa_supplicant( 1774): AP:ssid[BTOpenzone],rssi[-80],BSSID=9c:4e:20:c8:9e:70
01-10 15:20:05.555 I/wpa_supplicant( 1774): AP:ssid[eduroam],rssi[-80],BSSID=9c:4e:20:c8:9e:72
01-10 15:20:05.555 I/wpa_supplicant( 1774): AP:ssid[cs],rssi[-82],BSSID=9c:4e:20:c8:9e:71
01-10 15:20:05.555 I/wpa_supplicant( 1774): AP:ssid[uos-visitor],rssi[-80],BSSID=9c:4e:20:c8:9e:74
01-10 15:20:05.555 I/wpa_supplicant( 1774): AP:ssid[uos-connect],rssi[-81],BSSID=9c:4e:20:c8:9e:73
01-10 15:20:05.555 I/wpa_supplicant( 1774): AP:ssid[eduroam],rssi[-62],BSSID=9c:4e:20:c8:b0:f2
01-10 15:20:05.565 I/wpa_supplicant( 1774): AP:ssid[cs],rssi[-62],BSSID=9c:4e:20:c8:b0:f1
01-10 15:20:05.565 I/wpa_supplicant( 1774): AP:ssid[uos-connect],rssi[-61],BSSID=9c:4e:20:c8:b0:f3
01-10 15:20:05.565 I/wpa_supplicant( 1774): AP:ssid[BTOpenzone],rssi[-61],BSSID=9c:4e:20:c8:b0:f0
01-10 15:20:05.565 I/wpa_supplicant( 1774): AP:ssid[uos-visitor],rssi[-62],BSSID=9c:4e:20:c8:b0:f4
01-10 15:20:05.565 I/wpa_supplicant( 1774): AP:ssid[uos-visitor],rssi[-72],BSSID=9c:4e:20:c8:cc:54
01-10 15:20:05.565 I/wpa_supplicant( 1774): AP:ssid[cs],rssi[-72],BSSID=9c:4e:20:c8:cc:51
01-10 15:20:05.565 I/wpa_supplicant( 1774): AP:ssid[uos-connect],rssi[-71],BSSID=9c:4e:20:c8:cc:53
01-10 15:20:05.565 I/wpa_supplicant( 1774): AP:ssid[BTOpenzone],rssi[-71],BSSID=9c:4e:20:c8:cc:50
01-10 15:20:05.565 I/wpa_supplicant( 1774): AP:ssid[eduroam],rssi[-71],BSSID=9c:4e:20:c8:cc:52
01-10 15:20:05.565 I/wpa_supplicant( 1774): Received 2853 bytes of scan results (15 BSSes)
01-10 15:20:05.565 I/wpa_supplicant( 1774): wpa_driver_wext_get_scan_results---
01-10 15:20:05.575 I/wpa_supplicant( 1774): wpa_disabled_ssid_list_clear
01-10 15:20:05.575 V/WifiMonitor( 1574): Event [wpa_disabled_ssid_list_clear]
01-10 15:20:05.575 I/wpa_supplicant( 1774): No suitable AP found.
01-10 15:20:05.575 I/wpa_supplicant( 1774): CTRL-EVENT-STATE-CHANGE id=-1 state=1 BSSID=00:00:00:00:00:00
01-10 15:20:05.575 V/WifiMonitor( 1574): Event [CTRL-EVENT-STATE-CHANGE id=-1 state=1 BSSID=00:00:00:00:00:00]
01-10 15:20:05.595 D/WifiStateMachine( 1574): Changing supplicant state: SCANNING ==> INACTIVE
01-10 15:20:05.595 D/WifiStateMachine( 1574): setDetailed state, old =SCANNING and new state=IDLE
01-10 15:20:05.705 I/wpa_supplicant( 1774): CTRL-EVENT-STATE-CHANGE id=-1 state=2 BSSID=00:00:00:00:00:00
01-10 15:20:05.705 V/WifiMonitor( 1574): Event [CTRL-EVENT-STATE-CHANGE id=-1 state=2 BSSID=00:00:00:00:00:00]
01-10 15:20:05.705 D/WifiStateMachine( 1574): Changing supplicant state: INACTIVE ==> SCANNING
01-10 15:20:05.705 D/WifiStateMachine( 1574): setDetailed state, old =IDLE and new state=SCANNING
01-10 15:20:05.765 D/dalvikvm( 2754): GC_CONCURRENT freed 446K, 10% free 6816K/7495K, paused 2ms+3ms
01-10 15:20:06.196 I/System.out( 2739): 15
01-10 15:20:06.796 I/wpa_supplicant( 1774): got scan complete
01-10 15:20:06.796 I/wpa_supplicant( 1774): wpa_supplicant_get_scan_results:return scan results2
01-10 15:20:06.796 I/wpa_supplicant( 1774): AP:ssid[uos-connect],rssi[-81],BSSID=9c:4e:20:c8:9e:73
01-10 15:20:06.817 I/wpa_supplicant( 1774): AP:ssid[BTOpenzone],rssi[-82],BSSID=9c:4e:20:c8:9e:70
01-10 15:20:06.817 I/wpa_supplicant( 1774): AP:ssid[cs],rssi[-81],BSSID=9c:4e:20:c8:9e:71
01-10 15:20:06.817 I/wpa_supplicant( 1774): AP:ssid[uos-visitor],rssi[-80],BSSID=9c:4e:20:c8:9e:74
01-10 15:20:06.817 I/wpa_supplicant( 1774): AP:ssid[eduroam],rssi[-82],BSSID=9c:4e:20:c8:9e:72
01-10 15:20:06.817 I/wpa_supplicant( 1774): AP:ssid[eduroam],rssi[-61],BSSID=9c:4e:20:c8:b0:f2
01-10 15:20:06.817 I/wpa_supplicant( 1774): AP:ssid[cs],rssi[-61],BSSID=9c:4e:20:c8:b0:f1
01-10 15:20:06.817 I/wpa_supplicant( 1774): AP:ssid[uos-connect],rssi[-60],BSSID=9c:4e:20:c8:b0:f3
01-10 15:20:06.817 I/wpa_supplicant( 1774): AP:ssid[BTOpenzone],rssi[-59],BSSID=9c:4e:20:c8:b0:f0
01-10 15:20:06.817 I/wpa_supplicant( 1774): AP:ssid[uos-visitor],rssi[-60],BSSID=9c:4e:20:c8:b0:f4
01-10 15:20:06.817 I/wpa_supplicant( 1774): AP:ssid[],rssi[-91],BSSID=00:80:48:68:08:99
01-10 15:20:06.817 I/wpa_supplicant( 1774): AP:ssid[uos-connect],rssi[-85],BSSID=9c:4e:20:c8:cc:53
01-10 15:20:06.817 I/wpa_supplicant( 1774): AP:ssid[BTOpenzone],rssi[-85],BSSID=9c:4e:20:c8:cc:50
01-10 15:20:06.817 I/wpa_supplicant( 1774): AP:ssid[uos-visitor],rssi[-72],BSSID=9c:4e:20:c8:cc:54
01-10 15:20:06.817 I/wpa_supplicant( 1774): AP:ssid[eduroam],rssi[-85],BSSID=9c:4e:20:c8:cc:52
01-10 15:20:06.817 I/wpa_supplicant( 1774): AP:ssid[cs],rssi[-71],BSSID=9c:4e:20:c8:cc:51
01-10 15:20:06.817 I/wpa_supplicant( 1774): Received 3017 bytes of scan results (16 BSSes)
01-10 15:20:06.817 I/wpa_supplicant( 1774): wpa_driver_wext_get_scan_results---
01-10 15:20:06.827 I/wpa_supplicant( 1774): wpa_disabled_ssid_list_clear
01-10 15:20:06.827 V/WifiMonitor( 1574): Event [wpa_disabled_ssid_list_clear]
01-10 15:20:06.827 I/wpa_supplicant( 1774): No suitable AP found.
01-10 15:20:06.827 I/wpa_supplicant( 1774): CTRL-EVENT-STATE-CHANGE id=-1 state=1 BSSID=00:00:00:00:00:00
01-10 15:20:06.827 V/WifiMonitor( 1574): Event [CTRL-EVENT-STATE-CHANGE id=-1 state=1 BSSID=00:00:00:00:00:00]
01-10 15:20:06.857 D/WifiStateMachine( 1574): Changing supplicant state: SCANNING ==> INACTIVE
01-10 15:20:06.857 D/WifiStateMachine( 1574): setDetailed state, old =SCANNING and new state=IDLE
01-10 15:20:06.967 I/wpa_supplicant( 1774): CTRL-EVENT-STATE-CHANGE id=-1 state=2 BSSID=00:00:00:00:00:00
01-10 15:20:06.967 V/WifiMonitor( 1574): Event [CTRL-EVENT-STATE-CHANGE id=-1 state=2 BSSID=00:00:00:00:00:00]
01-10 15:20:06.967 D/WifiStateMachine( 1574): Changing supplicant state: INACTIVE ==> SCANNING
01-10 15:20:06.967 D/WifiStateMachine( 1574): setDetailed state, old =IDLE and new state=SCANNING
01-10 15:20:07.207 I/System.out( 2739): 15
01-10 15:20:08.058 I/wpa_supplicant( 1774): got scan complete
01-10 15:20:08.058 I/wpa_supplicant( 1774): wpa_supplicant_get_scan_results:return scan results2
01-10 15:20:08.058 I/wpa_supplicant( 1774): AP:ssid[uos-connect],rssi[-83],BSSID=9c:4e:20:c8:9e:73
01-10 15:20:08.058 I/wpa_supplicant( 1774): AP:ssid[BTOpenzone],rssi[-81],BSSID=9c:4e:20:c8:9e:70
01-10 15:20:08.058 I/wpa_supplicant( 1774): AP:ssid[uos-visitor],rssi[-81],BSSID=9c:4e:20:c8:9e:74
01-10 15:20:08.068 I/wpa_supplicant( 1774): AP:ssid[eduroam],rssi[-81],BSSID=9c:4e:20:c8:9e:72
01-10 15:20:08.068 I/wpa_supplicant( 1774): AP:ssid[cs],rssi[-81],BSSID=9c:4e:20:c8:9e:71
01-10 15:20:08.068 I/wpa_supplicant( 1774): AP:ssid[eduroam],rssi[-60],BSSID=9c:4e:20:c8:b0:f2
01-10 15:20:08.068 I/wpa_supplicant( 1774): AP:ssid[cs],rssi[-59],BSSID=9c:4e:20:c8:b0:f1
01-10 15:20:08.068 I/wpa_supplicant( 1774): AP:ssid[uos-connect],rssi[-58],BSSID=9c:4e:20:c8:b0:f3
01-10 15:20:08.068 I/wpa_supplicant( 1774): AP:ssid[BTOpenzone],rssi[-60],BSSID=9c:4e:20:c8:b0:f0
01-10 15:20:08.068 I/wpa_supplicant( 1774): AP:ssid[uos-visitor],rssi[-60],BSSID=9c:4e:20:c8:b0:f4
01-10 15:20:08.068 I/wpa_supplicant( 1774): AP:ssid[uos-connect],rssi[-73],BSSID=9c:4e:20:c8:cc:53
01-10 15:20:08.068 I/wpa_supplicant( 1774): AP:ssid[BTOpenzone],rssi[-72],BSSID=9c:4e:20:c8:cc:50
01-10 15:20:08.068 I/wpa_supplicant( 1774): AP:ssid[uos-visitor],rssi[-70],BSSID=9c:4e:20:c8:cc:54
01-10 15:20:08.068 I/wpa_supplicant( 1774): AP:ssid[eduroam],rssi[-71],BSSID=9c:4e:20:c8:cc:52
01-10 15:20:08.068 I/wpa_supplicant( 1774): AP:ssid[cs],rssi[-70],BSSID=9c:4e:20:c8:cc:51
01-10 15:20:08.068 I/wpa_supplicant( 1774): Received 2853 bytes of scan results (15 BSSes)
01-10 15:20:08.068 I/wpa_supplicant( 1774): wpa_driver_wext_get_scan_results---
01-10 15:20:08.078 I/wpa_supplicant( 1774): wpa_disabled_ssid_list_clear
01-10 15:20:08.078 V/WifiMonitor( 1574): Event [wpa_disabled_ssid_list_clear]
01-10 15:20:08.078 I/wpa_supplicant( 1774): No suitable AP found.
01-10 15:20:08.078 I/wpa_supplicant( 1774): CTRL-EVENT-STATE-CHANGE id=-1 state=1 BSSID=00:00:00:00:00:00
01-10 15:20:08.078 V/WifiMonitor( 1574): Event [CTRL-EVENT-STATE-CHANGE id=-1 state=1 BSSID=00:00:00:00:00:00]
01-10 15:20:08.098 D/WifiStateMachine( 1574): Changing supplicant state: SCANNING ==> INACTIVE
01-10 15:20:08.108 D/WifiStateMachine( 1574): setDetailed state, old =SCANNING and new state=IDLE
01-10 15:20:08.148 D/dalvikvm( 2754): GC_CONCURRENT freed 446K, 10% free 6816K/7495K, paused 2ms+1ms
01-10 15:20:08.208 I/System.out( 2739): 15
01-10 15:20:08.208 I/wpa_supplicant( 1774): CTRL-EVENT-STATE-CHANGE id=-1 state=2 BSSID=00:00:00:00:00:00
01-10 15:20:08.208 V/WifiMonitor( 1574): Event [CTRL-EVENT-STATE-CHANGE id=-1 state=2 BSSID=00:00:00:00:00:00]
01-10 15:20:08.208 D/WifiStateMachine( 1574): Changing supplicant state: INACTIVE ==> SCANNING
01-10 15:20:08.208 D/WifiStateMachine( 1574): setDetailed state, old =IDLE and new state=SCANNING
01-10 15:20:09.209 I/System.out( 2739): 15
01-10 15:20:09.299 I/wpa_supplicant( 1774): got scan complete
01-10 15:20:09.309 I/wpa_supplicant( 1774): wpa_supplicant_get_scan_results:return scan results2
01-10 15:20:09.309 I/wpa_supplicant( 1774): AP:ssid[uos-visitor],rssi[-82],BSSID=9c:4e:20:c8:9e:74
01-10 15:20:09.309 I/wpa_supplicant( 1774): AP:ssid[cs],rssi[-81],BSSID=9c:4e:20:c8:9e:71
01-10 15:20:09.309 I/wpa_supplicant( 1774): AP:ssid[BTOpenzone],rssi[-80],BSSID=9c:4e:20:c8:9e:70
01-10 15:20:09.309 I/wpa_supplicant( 1774): AP:ssid[uos-connect],rssi[-81],BSSID=9c:4e:20:c8:9e:73
01-10 15:20:09.309 I/wpa_supplicant( 1774): AP:ssid[eduroam],rssi[-83],BSSID=9c:4e:20:c8:9e:72
01-10 15:20:09.309 I/wpa_supplicant( 1774): AP:ssid[uos-visitor],rssi[-62],BSSID=9c:4e:20:c8:b0:f4
01-10 15:20:09.309 I/wpa_supplicant( 1774): AP:ssid[eduroam],rssi[-61],BSSID=9c:4e:20:c8:b0:f2
01-10 15:20:09.309 I/wpa_supplicant( 1774): AP:ssid[cs],rssi[-59],BSSID=9c:4e:20:c8:b0:f1
01-10 15:20:09.309 I/wpa_supplicant( 1774): AP:ssid[uos-connect],rssi[-60],BSSID=9c:4e:20:c8:b0:f3
01-10 15:20:09.309 I/wpa_supplicant( 1774): AP:ssid[BTOpenzone],rssi[-61],BSSID=9c:4e:20:c8:b0:f0
01-10 15:20:09.309 I/wpa_supplicant( 1774): AP:ssid[uos-connect],rssi[-72],BSSID=9c:4e:20:c8:cc:53
01-10 15:20:09.309 I/wpa_supplicant( 1774): AP:ssid[BTOpenzone],rssi[-73],BSSID=9c:4e:20:c8:cc:50
01-10 15:20:09.309 I/wpa_supplicant( 1774): AP:ssid[uos-visitor],rssi[-72],BSSID=9c:4e:20:c8:cc:54
01-10 15:20:09.309 I/wpa_supplicant( 1774): AP:ssid[cs],rssi[-73],BSSID=9c:4e:20:c8:cc:51
01-10 15:20:09.309 I/wpa_supplicant( 1774): AP:ssid[eduroam],rssi[-72],BSSID=9c:4e:20:c8:cc:52
01-10 15:20:09.309 I/wpa_supplicant( 1774): Received 2853 bytes of scan results (15 BSSes)
01-10 15:20:09.309 I/wpa_supplicant( 1774): wpa_driver_wext_get_scan_results---
01-10 15:20:09.319 I/wpa_supplicant( 1774): wpa_disabled_ssid_list_clear
01-10 15:20:09.319 V/WifiMonitor( 1574): Event [wpa_disabled_ssid_list_clear]
01-10 15:20:09.319 I/wpa_supplicant( 1774): No suitable AP found.
01-10 15:20:09.319 I/wpa_supplicant( 1774): CTRL-EVENT-STATE-CHANGE id=-1 state=1 BSSID=00:00:00:00:00:00
01-10 15:20:09.319 V/WifiMonitor( 1574): Event [CTRL-EVENT-STATE-CHANGE id=-1 state=1 BSSID=00:00:00:00:00:00]
01-10 15:20:09.349 D/WifiStateMachine( 1574): Changing supplicant state: SCANNING ==> INACTIVE
01-10 15:20:09.349 D/WifiStateMachine( 1574): setDetailed state, old =SCANNING and new state=IDLE
01-10 15:20:09.459 I/wpa_supplicant( 1774): CTRL-EVENT-STATE-CHANGE id=-1 state=2 BSSID=00:00:00:00:00:00
01-10 15:20:09.459 V/WifiMonitor( 1574): Event [CTRL-EVENT-STATE-CHANGE id=-1 state=2 BSSID=00:00:00:00:00:00]
01-10 15:20:09.459 D/WifiStateMachine( 1574): Changing supplicant state: INACTIVE ==> SCANNING
01-10 15:20:09.459 D/WifiStateMachine( 1574): setDetailed state, old =IDLE and new state=SCANNING
01-10 15:20:09.519 D/dalvikvm( 2754): GC_CONCURRENT freed 446K, 10% free 6816K/7495K, paused 2ms+2ms
01-10 15:20:10.210 I/System.out( 2739): 15
01-10 15:20:10.560 I/wpa_supplicant( 1774): got scan complete
01-10 15:20:10.560 I/wpa_supplicant( 1774): wpa_supplicant_get_scan_results:return scan results2
01-10 15:20:10.560 I/wpa_supplicant( 1774): AP:ssid[uos-connect],rssi[-82],BSSID=9c:4e:20:c8:9e:73
01-10 15:20:10.560 I/wpa_supplicant( 1774): AP:ssid[BTOpenzone],rssi[-81],BSSID=9c:4e:20:c8:9e:70
01-10 15:20:10.560 I/wpa_supplicant( 1774): AP:ssid[uos-visitor],rssi[-81],BSSID=9c:4e:20:c8:9e:74
01-10 15:20:10.570 I/wpa_supplicant( 1774): AP:ssid[eduroam],rssi[-82],BSSID=9c:4e:20:c8:9e:72
01-10 15:20:10.570 I/wpa_supplicant( 1774): AP:ssid[cs],rssi[-82],BSSID=9c:4e:20:c8:9e:71
01-10 15:20:10.570 I/wpa_supplicant( 1774): AP:ssid[LD-Net],rssi[-90],BSSID=00:14:6c:fd:72:38
01-10 15:20:10.570 I/wpa_supplicant( 1774): AP:ssid[uos-visitor],rssi[-63],BSSID=9c:4e:20:c8:b0:f4
01-10 15:20:10.570 I/wpa_supplicant( 1774): AP:ssid[eduroam],rssi[-59],BSSID=9c:4e:20:c8:b0:f2
01-10 15:20:10.570 I/wpa_supplicant( 1774): AP:ssid[cs],rssi[-62],BSSID=9c:4e:20:c8:b0:f1
01-10 15:20:10.570 I/wpa_supplicant( 1774): AP:ssid[uos-connect],rssi[-60],BSSID=9c:4e:20:c8:b0:f3
01-10 15:20:10.570 I/wpa_supplicant( 1774): AP:ssid[BTOpenzone],rssi[-59],BSSID=9c:4e:20:c8:b0:f0
01-10 15:20:10.570 I/wpa_supplicant( 1774): AP:ssid[uos-connect],rssi[-72],BSSID=9c:4e:20:c8:cc:53
01-10 15:20:10.570 I/wpa_supplicant( 1774): AP:ssid[BTOpenzone],rssi[-71],BSSID=9c:4e:20:c8:cc:50
01-10 15:20:10.570 I/wpa_supplicant( 1774): AP:ssid[uos-visitor],rssi[-71],BSSID=9c:4e:20:c8:cc:54
01-10 15:20:10.570 I/wpa_supplicant( 1774): AP:ssid[eduroam],rssi[-71],BSSID=9c:4e:20:c8:cc:52
01-10 15:20:10.570 I/wpa_supplicant( 1774): AP:ssid[cs],rssi[-72],BSSID=9c:4e:20:c8:cc:51
01-10 15:20:10.570 I/wpa_supplicant( 1774): Received 3053 bytes of scan results (16 BSSes)
01-10 15:20:10.570 I/wpa_supplicant( 1774): wpa_driver_wext_get_scan_results---
01-10 15:20:10.580 I/wpa_supplicant( 1774): wpa_disabled_ssid_list_clear
01-10 15:20:10.580 V/WifiMonitor( 1574): Event [wpa_disabled_ssid_list_clear]
01-10 15:20:10.580 I/wpa_supplicant( 1774): No suitable AP found.
01-10 15:20:10.580 I/wpa_supplicant( 1774): CTRL-EVENT-STATE-CHANGE id=-1 state=1 BSSID=00:00:00:00:00:00
01-10 15:20:10.580 V/WifiMonitor( 1574): Event [CTRL-EVENT-STATE-CHANGE id=-1 state=1 BSSID=00:00:00:00:00:00]
01-10 15:20:10.610 D/WifiStateMachine( 1574): Changing supplicant state: SCANNING ==> INACTIVE
01-10 15:20:10.610 D/WifiStateMachine( 1574): setDetailed state, old =SCANNING and new state=IDLE
01-10 15:20:10.710 I/wpa_supplicant( 1774): CTRL-EVENT-STATE-CHANGE id=-1 state=2 BSSID=00:00:00:00:00:00
01-10 15:20:10.710 V/WifiMonitor( 1574): Event [CTRL-EVENT-STATE-CHANGE id=-1 state=2 BSSID=00:00:00:00:00:00]
01-10 15:20:10.710 D/WifiStateMachine( 1574): Changing supplicant state: INACTIVE ==> SCANNING
01-10 15:20:10.710 D/WifiStateMachine( 1574): setDetailed state, old =IDLE and new state=SCANNING
01-10 15:20:11.211 I/System.out( 2739): 16
01-10 15:20:11.811 I/wpa_supplicant( 1774): got scan complete
01-10 15:20:11.811 I/wpa_supplicant( 1774): wpa_supplicant_get_scan_results:return scan results2
01-10 15:20:11.811 I/wpa_supplicant( 1774): AP:ssid[uos-visitor],rssi[-81],BSSID=9c:4e:20:c8:9e:74
01-10 15:20:11.811 I/wpa_supplicant( 1774): AP:ssid[eduroam],rssi[-80],BSSID=9c:4e:20:c8:9e:72
01-10 15:20:11.811 I/wpa_supplicant( 1774): AP:ssid[BTOpenzone],rssi[-79],BSSID=9c:4e:20:c8:9e:70
01-10 15:20:11.821 I/wpa_supplicant( 1774): AP:ssid[cs],rssi[-79],BSSID=9c:4e:20:c8:9e:71
01-10 15:20:11.831 I/wpa_supplicant( 1774): AP:ssid[uos-connect],rssi[-81],BSSID=9c:4e:20:c8:9e:73
01-10 15:20:11.831 I/wpa_supplicant( 1774): AP:ssid[uos-visitor],rssi[-61],BSSID=9c:4e:20:c8:b0:f4
01-10 15:20:11.831 I/wpa_supplicant( 1774): AP:ssid[eduroam],rssi[-60],BSSID=9c:4e:20:c8:b0:f2
01-10 15:20:11.831 I/wpa_supplicant( 1774): AP:ssid[cs],rssi[-62],BSSID=9c:4e:20:c8:b0:f1
01-10 15:20:11.831 I/wpa_supplicant( 1774): AP:ssid[uos-connect],rssi[-61],BSSID=9c:4e:20:c8:b0:f3
01-10 15:20:11.831 I/wpa_supplicant( 1774): AP:ssid[BTOpenzone],rssi[-61],BSSID=9c:4e:20:c8:b0:f0
01-10 15:20:11.831 I/wpa_supplicant( 1774): AP:ssid[],rssi[-88],BSSID=00:80:48:68:08:99
01-10 15:20:11.831 I/wpa_supplicant( 1774): AP:ssid[uos-connect],rssi[-72],BSSID=9c:4e:20:c8:cc:53
01-10 15:20:11.831 I/wpa_supplicant( 1774): AP:ssid[BTOpenzone],rssi[-72],BSSID=9c:4e:20:c8:cc:50
01-10 15:20:11.831 I/wpa_supplicant( 1774): AP:ssid[eduroam],rssi[-71],BSSID=9c:4e:20:c8:cc:52
01-10 15:20:11.831 I/wpa_supplicant( 1774): AP:ssid[cs],rssi[-70],BSSID=9c:4e:20:c8:cc:51
01-10 15:20:11.831 I/wpa_supplicant( 1774): AP:ssid[uos-visitor],rssi[-70],BSSID=9c:4e:20:c8:cc:54
01-10 15:20:11.831 I/wpa_supplicant( 1774): Received 3017 bytes of scan results (16 BSSes)
01-10 15:20:11.831 I/wpa_supplicant( 1774): wpa_driver_wext_get_scan_results---
01-10 15:20:11.841 I/wpa_supplicant( 1774): wpa_disabled_ssid_list_clear
01-10 15:20:11.841 V/WifiMonitor( 1574): Event [wpa_disabled_ssid_list_clear]
01-10 15:20:11.841 I/wpa_supplicant( 1774): No suitable AP found.
01-10 15:20:11.841 I/wpa_supplicant( 1774): CTRL-EVENT-STATE-CHANGE id=-1 state=1 BSSID=00:00:00:00:00:00
01-10 15:20:11.841 V/WifiMonitor( 1574): Event [CTRL-EVENT-STATE-CHANGE id=-1 state=1 BSSID=00:00:00:00:00:00]
01-10 15:20:11.861 D/WifiStateMachine( 1574): Changing supplicant state: SCANNING ==> INACTIVE
01-10 15:20:11.861 D/WifiStateMachine( 1574): setDetailed state, old =SCANNING and new state=IDLE
01-10 15:20:11.911 D/dalvikvm( 2754): GC_CONCURRENT freed 446K, 10% free 6816K/7495K, paused 1ms+1ms
01-10 15:20:11.972 I/wpa_supplicant( 1774): CTRL-EVENT-STATE-CHANGE id=-1 state=2 BSSID=00:00:00:00:00:00
01-10 15:20:11.972 V/WifiMonitor( 1574): Event [CTRL-EVENT-STATE-CHANGE id=-1 state=2 BSSID=00:00:00:00:00:00]
01-10 15:20:11.972 D/WifiStateMachine( 1574): Changing supplicant state: INACTIVE ==> SCANNING
01-10 15:20:11.972 D/WifiStateMachine( 1574): setDetailed state, old =IDLE and new state=SCANNING
01-10 15:20:12.212 I/System.out( 2739): 15
01-10 15:20:13.103 I/wpa_supplicant( 1774): got scan complete
01-10 15:20:13.103 I/wpa_supplicant( 1774): wpa_supplicant_get_scan_results:return scan results2
01-10 15:20:13.113 I/wpa_supplicant( 1774): AP:ssid[uos-connect],rssi[-82],BSSID=9c:4e:20:c8:9e:73
01-10 15:20:13.113 I/wpa_supplicant( 1774): AP:ssid[eduroam],rssi[-82],BSSID=9c:4e:20:c8:9e:72
01-10 15:20:13.113 I/wpa_supplicant( 1774): AP:ssid[uos-visitor],rssi[-81],BSSID=9c:4e:20:c8:9e:74
01-10 15:20:13.113 I/wpa_supplicant( 1774): AP:ssid[cs],rssi[-81],BSSID=9c:4e:20:c8:9e:71
01-10 15:20:13.113 I/wpa_supplicant( 1774): AP:ssid[BTOpenzone],rssi[-83],BSSID=9c:4e:20:c8:9e:70
01-10 15:20:13.113 I/wpa_supplicant( 1774): AP:ssid[LD-Net],rssi[-89],BSSID=00:14:6c:fd:72:38
01-10 15:20:13.113 I/wpa_supplicant( 1774): AP:ssid[uos-visitor],rssi[-60],BSSID=9c:4e:20:c8:b0:f4
01-10 15:20:13.113 I/wpa_supplicant( 1774): AP:ssid[eduroam],rssi[-58],BSSID=9c:4e:20:c8:b0:f2
01-10 15:20:13.123 I/wpa_supplicant( 1774): AP:ssid[cs],rssi[-59],BSSID=9c:4e:20:c8:b0:f1
01-10 15:20:13.123 I/wpa_supplicant( 1774): AP:ssid[uos-connect],rssi[-59],BSSID=9c:4e:20:c8:b0:f3
01-10 15:20:13.123 I/wpa_supplicant( 1774): AP:ssid[BTOpenzone],rssi[-59],BSSID=9c:4e:20:c8:b0:f0
01-10 15:20:13.123 I/wpa_supplicant( 1774): AP:ssid[],rssi[-90],BSSID=00:80:48:68:08:99
01-10 15:20:13.123 I/wpa_supplicant( 1774): AP:ssid[cs],rssi[-87],BSSID=9c:4e:20:c8:cc:51
01-10 15:20:13.123 I/wpa_supplicant( 1774): AP:ssid[uos-connect],rssi[-72],BSSID=9c:4e:20:c8:cc:53
01-10 15:20:13.123 I/wpa_supplicant( 1774): AP:ssid[BTOpenzone],rssi[-72],BSSID=9c:4e:20:c8:cc:50
01-10 15:20:13.123 I/wpa_supplicant( 1774): AP:ssid[uos-visitor],rssi[-82],BSSID=9c:4e:20:c8:cc:54
01-10 15:20:13.123 I/wpa_supplicant( 1774): Received 3016 bytes of scan results (16 BSSes)
01-10 15:20:13.123 I/wpa_supplicant( 1774): wpa_driver_wext_get_scan_results---
01-10 15:20:13.133 I/wpa_supplicant( 1774): wpa_disabled_ssid_list_clear
01-10 15:20:13.133 V/WifiMonitor( 1574): Event [wpa_disabled_ssid_list_clear]
01-10 15:20:13.133 I/wpa_supplicant( 1774): No suitable AP found.
01-10 15:20:13.133 I/wpa_supplicant( 1774): CTRL-EVENT-STATE-CHANGE id=-1 state=1 BSSID=00:00:00:00:00:00
01-10 15:20:13.133 V/WifiMonitor( 1574): Event [CTRL-EVENT-STATE-CHANGE id=-1 state=1 BSSID=00:00:00:00:00:00]
01-10 15:20:13.153 D/WifiStateMachine( 1574): Changing supplicant state: SCANNING ==> INACTIVE
01-10 15:20:13.153 D/WifiStateMachine( 1574): setDetailed state, old =SCANNING and new state=IDLE
01-10 15:20:13.203 I/System.out( 2739): 15
01-10 15:20:13.263 I/wpa_supplicant( 1774): CTRL-EVENT-STATE-CHANGE id=-1 state=2 BSSID=00:00:00:00:00:00
01-10 15:20:13.263 V/WifiMonitor( 1574): Event [CTRL-EVENT-STATE-CHANGE id=-1 state=2 BSSID=00:00:00:00:00:00]
01-10 15:20:13.263 D/WifiStateMachine( 1574): Changing supplicant state: INACTIVE ==> SCANNING
01-10 15:20:13.263 D/WifiStateMachine( 1574): setDetailed state, old =IDLE and new state=SCANNING
01-10 15:20:13.333 D/dalvikvm( 2754): GC_CONCURRENT freed 446K, 10% free 6816K/7495K, paused 2ms+2ms
01-10 15:20:14.214 I/System.out( 2739): 15
01-10 15:20:14.244 D/UsbnetService( 1574): BroadcastReceiver::onReceive+
01-10 15:20:14.244 D/UsbnetService( 1574): onReceive BATTERY_CHANGED
01-10 15:20:14.244 D/UsbnetService( 1574):  --> pluggedType = 2, mPluggedType = 0, mScreenOff = false
01-10 15:20:14.244 D/UsbnetService( 1574): BroadcastReceiver::onReceive-
01-10 15:20:14.254 D/BatteryService( 1574): SendIntentforPowersaver
01-10 15:20:14.254 D/WifiService( 1574): ACTION_BATTERY_CHANGED pluggedType: 2
01-10 15:20:14.254 D/NotificationService( 1574): mIntentReceiver() Intent.ACTION_BATTERY_CHANGED
01-10 15:20:14.264 D/BatteryService( 1574): Current powersaver status == NORMAL_STATUS1 2 2 false
01-10 15:20:14.274 D/PowerUI ( 1646): closing low battery warning: level=98
01-10 15:20:14.274 D/RemoveMe( 1668): DCT got intent android.intent.action.BATTERY_CHANGED
01-10 15:20:14.274 D/PowerUI ( 1646): plugged = true, health = 2, mBatteryLevel = 98, mPluggedBatteryLevel = 97, mLowBatteryWarningLevel2 = 25, mshowLowChargingWarning2 = true
01-10 15:20:14.284 D/RemoveMe( 1668): DCT got intent android.intent.action.BATTERY_CHANGED
01-10 15:20:14.284 D/RemoveMe( 1668): DCT got intent android.intent.action.BATTERY_CHANGED
01-10 15:20:14.354 I/wpa_supplicant( 1774): got scan complete
01-10 15:20:14.354 I/wpa_supplicant( 1774): wpa_supplicant_get_scan_results:return scan results2
01-10 15:20:14.354 I/wpa_supplicant( 1774): AP:ssid[BTOpenzone],rssi[-80],BSSID=9c:4e:20:c8:9e:70
01-10 15:20:14.354 I/wpa_supplicant( 1774): AP:ssid[uos-visitor],rssi[-82],BSSID=9c:4e:20:c8:9e:74
01-10 15:20:14.354 I/wpa_supplicant( 1774): AP:ssid[eduroam],rssi[-80],BSSID=9c:4e:20:c8:9e:72
01-10 15:20:14.354 I/wpa_supplicant( 1774): AP:ssid[cs],rssi[-83],BSSID=9c:4e:20:c8:9e:71
01-10 15:20:14.354 I/wpa_supplicant( 1774): AP:ssid[uos-connect],rssi[-81],BSSID=9c:4e:20:c8:9e:73
01-10 15:20:14.354 I/wpa_supplicant( 1774): AP:ssid[cs],rssi[-60],BSSID=9c:4e:20:c8:b0:f1
01-10 15:20:14.354 I/wpa_supplicant( 1774): AP:ssid[uos-connect],rssi[-58],BSSID=9c:4e:20:c8:b0:f3
01-10 15:20:14.354 I/wpa_supplicant( 1774): AP:ssid[BTOpenzone],rssi[-58],BSSID=9c:4e:20:c8:b0:f0
01-10 15:20:14.354 I/wpa_supplicant( 1774): AP:ssid[uos-visitor],rssi[-58],BSSID=9c:4e:20:c8:b0:f4
01-10 15:20:14.354 I/wpa_supplicant( 1774): AP:ssid[eduroam],rssi[-59],BSSID=9c:4e:20:c8:b0:f2
01-10 15:20:14.354 I/wpa_supplicant( 1774): AP:ssid[],rssi[-90],BSSID=00:80:48:68:08:99
01-10 15:20:14.354 I/wpa_supplicant( 1774): AP:ssid[BTOpenzone],rssi[-71],BSSID=9c:4e:20:c8:cc:50
01-10 15:20:14.354 I/wpa_supplicant( 1774): AP:ssid[uos-visitor],rssi[-71],BSSID=9c:4e:20:c8:cc:54
01-10 15:20:14.354 I/wpa_supplicant( 1774): AP:ssid[eduroam],rssi[-71],BSSID=9c:4e:20:c8:cc:52
01-10 15:20:14.354 I/wpa_supplicant( 1774): AP:ssid[cs],rssi[-72],BSSID=9c:4e:20:c8:cc:51
01-10 15:20:14.354 I/wpa_supplicant( 1774): AP:ssid[uos-connect],rssi[-71],BSSID=9c:4e:20:c8:cc:53
01-10 15:20:14.354 I/wpa_supplicant( 1774): Received 3017 bytes of scan results (16 BSSes)
01-10 15:20:14.354 I/wpa_supplicant( 1774): wpa_driver_wext_get_scan_results---
01-10 15:20:14.354 I/wpa_supplicant( 1774): wpa_disabled_ssid_list_clear
01-10 15:20:14.354 V/WifiMonitor( 1574): Event [wpa_disabled_ssid_list_clear]
01-10 15:20:14.354 I/wpa_supplicant( 1774): No suitable AP found.
01-10 15:20:14.354 I/wpa_supplicant( 1774): CTRL-EVENT-STATE-CHANGE id=-1 state=1 BSSID=00:00:00:00:00:00
01-10 15:20:14.354 V/WifiMonitor( 1574): Event [CTRL-EVENT-STATE-CHANGE id=-1 state=1 BSSID=00:00:00:00:00:00]
01-10 15:20:14.364 D/WifiStateMachine( 1574): Changing supplicant state: SCANNING ==> INACTIVE
01-10 15:20:14.364 D/WifiStateMachine( 1574): setDetailed state, old =SCANNING and new state=IDLE
01-10 15:20:14.464 I/wpa_supplicant( 1774): CTRL-EVENT-STATE-CHANGE id=-1 state=2 BSSID=00:00:00:00:00:00
01-10 15:20:14.464 V/WifiMonitor( 1574): Event [CTRL-EVENT-STATE-CHANGE id=-1 state=2 BSSID=00:00:00:00:00:00]
01-10 15:20:14.464 D/WifiStateMachine( 1574): Changing supplicant state: INACTIVE ==> SCANNING
01-10 15:20:14.464 D/WifiStateMachine( 1574): setDetailed state, old =IDLE and new state=SCANNING
01-10 15:20:15.215 I/System.out( 2739): 15
01-10 15:20:15.555 I/wpa_supplicant( 1774): got scan complete
01-10 15:20:15.555 I/wpa_supplicant( 1774): wpa_supplicant_get_scan_results:return scan results2
01-10 15:20:15.555 I/wpa_supplicant( 1774): AP:ssid[BTOpenzone],rssi[-82],BSSID=9c:4e:20:c8:9e:70
01-10 15:20:15.555 I/wpa_supplicant( 1774): AP:ssid[uos-visitor],rssi[-82],BSSID=9c:4e:20:c8:9e:74
01-10 15:20:15.565 I/wpa_supplicant( 1774): AP:ssid[eduroam],rssi[-81],BSSID=9c:4e:20:c8:9e:72
01-10 15:20:15.565 I/wpa_supplicant( 1774): AP:ssid[cs],rssi[-80],BSSID=9c:4e:20:c8:9e:71
01-10 15:20:15.565 I/wpa_supplicant( 1774): AP:ssid[uos-connect],rssi[-81],BSSID=9c:4e:20:c8:9e:73
01-10 15:20:15.565 I/wpa_supplicant( 1774): AP:ssid[LD-Net],rssi[-87],BSSID=00:14:6c:fd:72:38
01-10 15:20:15.565 I/wpa_supplicant( 1774): AP:ssid[uos-visitor],rssi[-58],BSSID=9c:4e:20:c8:b0:f4
01-10 15:20:15.565 I/wpa_supplicant( 1774): AP:ssid[eduroam],rssi[-60],BSSID=9c:4e:20:c8:b0:f2
01-10 15:20:15.565 I/wpa_supplicant( 1774): AP:ssid[cs],rssi[-59],BSSID=9c:4e:20:c8:b0:f1
01-10 15:20:15.565 I/wpa_supplicant( 1774): AP:ssid[uos-connect],rssi[-59],BSSID=9c:4e:20:c8:b0:f3
01-10 15:20:15.565 I/wpa_supplicant( 1774): AP:ssid[BTOpenzone],rssi[-58],BSSID=9c:4e:20:c8:b0:f0
01-10 15:20:15.565 I/wpa_supplicant( 1774): AP:ssid[uos-connect],rssi[-73],BSSID=9c:4e:20:c8:cc:53
01-10 15:20:15.565 I/wpa_supplicant( 1774): AP:ssid[BTOpenzone],rssi[-72],BSSID=9c:4e:20:c8:cc:50
01-10 15:20:15.565 I/wpa_supplicant( 1774): AP:ssid[uos-visitor],rssi[-71],BSSID=9c:4e:20:c8:cc:54
01-10 15:20:15.565 I/wpa_supplicant( 1774): AP:ssid[eduroam],rssi[-72],BSSID=9c:4e:20:c8:cc:52
01-10 15:20:15.565 I/wpa_supplicant( 1774): AP:ssid[cs],rssi[-71],BSSID=9c:4e:20:c8:cc:51
01-10 15:20:15.575 I/wpa_supplicant( 1774): Received 3053 bytes of scan results (16 BSSes)
01-10 15:20:15.575 I/wpa_supplicant( 1774): wpa_driver_wext_get_scan_results---
01-10 15:20:15.575 I/wpa_supplicant( 1774): wpa_disabled_ssid_list_clear
01-10 15:20:15.575 V/WifiMonitor( 1574): Event [wpa_disabled_ssid_list_clear]
01-10 15:20:15.575 I/wpa_supplicant( 1774): No suitable AP found.
01-10 15:20:15.575 I/wpa_supplicant( 1774): CTRL-EVENT-STATE-CHANGE id=-1 state=1 BSSID=00:00:00:00:00:00
01-10 15:20:15.575 V/WifiMonitor( 1574): Event [CTRL-EVENT-STATE-CHANGE id=-1 state=1 BSSID=00:00:00:00:00:00]
01-10 15:20:15.595 D/WifiStateMachine( 1574): Changing supplicant state: SCANNING ==> INACTIVE
01-10 15:20:15.595 D/WifiStateMachine( 1574): setDetailed state, old =SCANNING and new state=IDLE
01-10 15:20:15.645 D/dalvikvm( 2754): GC_CONCURRENT freed 446K, 10% free 6816K/7495K, paused 1ms+1ms
01-10 15:20:15.715 I/wpa_supplicant( 1774): CTRL-EVENT-STATE-CHANGE id=-1 state=2 BSSID=00:00:00:00:00:00
01-10 15:20:15.715 V/WifiMonitor( 1574): Event [CTRL-EVENT-STATE-CHANGE id=-1 state=2 BSSID=00:00:00:00:00:00]
01-10 15:20:15.715 D/WifiStateMachine( 1574): Changing supplicant state: INACTIVE ==> SCANNING
01-10 15:20:15.715 D/WifiStateMachine( 1574): setDetailed state, old =IDLE and new state=SCANNING
01-10 15:20:16.216 I/System.out( 2739): 16
01-10 15:20:16.806 I/wpa_supplicant( 1774): got scan complete
01-10 15:20:16.806 I/wpa_supplicant( 1774): wpa_supplicant_get_scan_results:return scan results2
01-10 15:20:16.806 I/wpa_supplicant( 1774): AP:ssid[uos-connect],rssi[-81],BSSID=9c:4e:20:c8:9e:73
01-10 15:20:16.806 I/wpa_supplicant( 1774): AP:ssid[BTOpenzone],rssi[-83],BSSID=9c:4e:20:c8:9e:70
01-10 15:20:16.816 I/wpa_supplicant( 1774): AP:ssid[uos-visitor],rssi[-83],BSSID=9c:4e:20:c8:9e:74
01-10 15:20:16.816 I/wpa_supplicant( 1774): AP:ssid[eduroam],rssi[-81],BSSID=9c:4e:20:c8:9e:72
01-10 15:20:16.816 I/wpa_supplicant( 1774): AP:ssid[cs],rssi[-83],BSSID=9c:4e:20:c8:9e:71
01-10 15:20:16.816 I/wpa_supplicant( 1774): AP:ssid[BTOpenzone],rssi[-59],BSSID=9c:4e:20:c8:b0:f0
01-10 15:20:16.816 I/wpa_supplicant( 1774): AP:ssid[uos-visitor],rssi[-59],BSSID=9c:4e:20:c8:b0:f4
01-10 15:20:16.816 I/wpa_supplicant( 1774): AP:ssid[eduroam],rssi[-58],BSSID=9c:4e:20:c8:b0:f2
01-10 15:20:16.826 I/wpa_supplicant( 1774): AP:ssid[cs],rssi[-59],BSSID=9c:4e:20:c8:b0:f1
01-10 15:20:16.826 I/wpa_supplicant( 1774): AP:ssid[uos-connect],rssi[-59],BSSID=9c:4e:20:c8:b0:f3
01-10 15:20:16.826 I/wpa_supplicant( 1774): AP:ssid[uos-connect],rssi[-71],BSSID=9c:4e:20:c8:cc:53
01-10 15:20:16.826 I/wpa_supplicant( 1774): AP:ssid[uos-visitor],rssi[-70],BSSID=9c:4e:20:c8:cc:54
01-10 15:20:16.826 I/wpa_supplicant( 1774): AP:ssid[eduroam],rssi[-71],BSSID=9c:4e:20:c8:cc:52
01-10 15:20:16.826 I/wpa_supplicant( 1774): AP:ssid[BTOpenzone],rssi[-71],BSSID=9c:4e:20:c8:cc:50
01-10 15:20:16.826 I/wpa_supplicant( 1774): AP:ssid[cs],rssi[-70],BSSID=9c:4e:20:c8:cc:51
01-10 15:20:16.826 I/wpa_supplicant( 1774): Received 2853 bytes of scan results (15 BSSes)
01-10 15:20:16.826 I/wpa_supplicant( 1774): wpa_driver_wext_get_scan_results---
01-10 15:20:16.826 I/wpa_supplicant( 1774): wpa_disabled_ssid_list_clear
01-10 15:20:16.826 V/WifiMonitor( 1574): Event [wpa_disabled_ssid_list_clear]
01-10 15:20:16.826 I/wpa_supplicant( 1774): No suitable AP found.
01-10 15:20:16.836 I/wpa_supplicant( 1774): CTRL-EVENT-STATE-CHANGE id=-1 state=1 BSSID=00:00:00:00:00:00
01-10 15:20:16.836 V/WifiMonitor( 1574): Event [CTRL-EVENT-STATE-CHANGE id=-1 state=1 BSSID=00:00:00:00:00:00]
01-10 15:20:16.856 D/WifiStateMachine( 1574): Changing supplicant state: SCANNING ==> INACTIVE
01-10 15:20:16.856 D/WifiStateMachine( 1574): setDetailed state, old =SCANNING and new state=IDLE
01-10 15:20:16.966 I/wpa_supplicant( 1774): CTRL-EVENT-STATE-CHANGE id=-1 state=2 BSSID=00:00:00:00:00:00
01-10 15:20:16.966 V/WifiMonitor( 1574): Event [CTRL-EVENT-STATE-CHANGE id=-1 state=2 BSSID=00:00:00:00:00:00]
01-10 15:20:16.966 D/WifiStateMachine( 1574): Changing supplicant state: INACTIVE ==> SCANNING
01-10 15:20:16.966 D/WifiStateMachine( 1574): setDetailed state, old =IDLE and new state=SCANNING
01-10 15:20:17.077 D/dalvikvm( 2754): GC_CONCURRENT freed 446K, 10% free 6816K/7495K, paused 4ms+4ms
01-10 15:20:17.217 I/System.out( 2739): 15
01-10 15:20:18.057 I/wpa_supplicant( 1774): got scan complete
01-10 15:20:18.057 I/wpa_supplicant( 1774): wpa_supplicant_get_scan_results:return scan results2
01-10 15:20:18.067 I/wpa_supplicant( 1774): AP:ssid[uos-connect],rssi[-81],BSSID=9c:4e:20:c8:9e:73
01-10 15:20:18.067 I/wpa_supplicant( 1774): AP:ssid[BTOpenzone],rssi[-82],BSSID=9c:4e:20:c8:9e:70
01-10 15:20:18.067 I/wpa_supplicant( 1774): AP:ssid[eduroam],rssi[-80],BSSID=9c:4e:20:c8:9e:72
01-10 15:20:18.067 I/wpa_supplicant( 1774): AP:ssid[uos-visitor],rssi[-82],BSSID=9c:4e:20:c8:9e:74
01-10 15:20:18.067 I/wpa_supplicant( 1774): AP:ssid[cs],rssi[-82],BSSID=9c:4e:20:c8:9e:71
01-10 15:20:18.067 I/wpa_supplicant( 1774): AP:ssid[BTOpenzone],rssi[-59],BSSID=9c:4e:20:c8:b0:f0
01-10 15:20:18.067 I/wpa_supplicant( 1774): AP:ssid[uos-visitor],rssi[-61],BSSID=9c:4e:20:c8:b0:f4
01-10 15:20:18.067 I/wpa_supplicant( 1774): AP:ssid[eduroam],rssi[-60],BSSID=9c:4e:20:c8:b0:f2
01-10 15:20:18.067 I/wpa_supplicant( 1774): AP:ssid[cs],rssi[-60],BSSID=9c:4e:20:c8:b0:f1
01-10 15:20:18.067 I/wpa_supplicant( 1774): AP:ssid[uos-connect],rssi[-59],BSSID=9c:4e:20:c8:b0:f3
01-10 15:20:18.067 I/wpa_supplicant( 1774): AP:ssid[],rssi[-90],BSSID=00:80:48:68:08:99
01-10 15:20:18.067 I/wpa_supplicant( 1774): AP:ssid[uos-connect],rssi[-70],BSSID=9c:4e:20:c8:cc:53
01-10 15:20:18.077 I/wpa_supplicant( 1774): AP:ssid[eduroam],rssi[-72],BSSID=9c:4e:20:c8:cc:52
01-10 15:20:18.077 I/wpa_supplicant( 1774): AP:ssid[BTOpenzone],rssi[-72],BSSID=9c:4e:20:c8:cc:50
01-10 15:20:18.077 I/wpa_supplicant( 1774): AP:ssid[uos-visitor],rssi[-72],BSSID=9c:4e:20:c8:cc:54
01-10 15:20:18.077 I/wpa_supplicant( 1774): AP:ssid[cs],rssi[-73],BSSID=9c:4e:20:c8:cc:51
01-10 15:20:18.077 I/wpa_supplicant( 1774): Received 3017 bytes of scan results (16 BSSes)
01-10 15:20:18.077 I/wpa_supplicant( 1774): wpa_driver_wext_get_scan_results---
01-10 15:20:18.077 I/wpa_supplicant( 1774): wpa_disabled_ssid_list_clear
01-10 15:20:18.077 V/WifiMonitor( 1574): Event [wpa_disabled_ssid_list_clear]
01-10 15:20:18.088 I/wpa_supplicant( 1774): No suitable AP found.
01-10 15:20:18.088 I/wpa_supplicant( 1774): CTRL-EVENT-STATE-CHANGE id=-1 state=1 BSSID=00:00:00:00:00:00
01-10 15:20:18.088 V/WifiMonitor( 1574): Event [CTRL-EVENT-STATE-CHANGE id=-1 state=1 BSSID=00:00:00:00:00:00]
01-10 15:20:18.108 D/WifiStateMachine( 1574): Changing supplicant state: SCANNING ==> INACTIVE
01-10 15:20:18.108 D/WifiStateMachine( 1574): setDetailed state, old =SCANNING and new state=IDLE
01-10 15:20:18.218 I/wpa_supplicant( 1774): CTRL-EVENT-STATE-CHANGE id=-1 state=2 BSSID=00:00:00:00:00:00
01-10 15:20:18.218 V/WifiMonitor( 1574): Event [CTRL-EVENT-STATE-CHANGE id=-1 state=2 BSSID=00:00:00:00:00:00]
01-10 15:20:18.218 D/WifiStateMachine( 1574): Changing supplicant state: INACTIVE ==> SCANNING
01-10 15:20:18.218 D/WifiStateMachine( 1574): setDetailed state, old =IDLE and new state=SCANNING
01-10 15:20:18.218 I/System.out( 2739): 15
01-10 15:20:19.219 I/System.out( 2739): 15
01-10 15:20:19.309 I/wpa_supplicant( 1774): got scan complete
01-10 15:20:19.309 I/wpa_supplicant( 1774): wpa_supplicant_get_scan_results:return scan results2
01-10 15:20:19.309 I/wpa_supplicant( 1774): AP:ssid[uos-connect],rssi[-82],BSSID=9c:4e:20:c8:9e:73
01-10 15:20:19.319 I/wpa_supplicant( 1774): AP:ssid[uos-visitor],rssi[-82],BSSID=9c:4e:20:c8:9e:74
01-10 15:20:19.319 I/wpa_supplicant( 1774): AP:ssid[cs],rssi[-82],BSSID=9c:4e:20:c8:9e:71
01-10 15:20:19.319 I/wpa_supplicant( 1774): AP:ssid[BTOpenzone],rssi[-79],BSSID=9c:4e:20:c8:9e:70
01-10 15:20:19.319 I/wpa_supplicant( 1774): AP:ssid[eduroam],rssi[-82],BSSID=9c:4e:20:c8:9e:72
01-10 15:20:19.319 I/wpa_supplicant( 1774): AP:ssid[BTOpenzone],rssi[-59],BSSID=9c:4e:20:c8:b0:f0
01-10 15:20:19.319 I/wpa_supplicant( 1774): AP:ssid[uos-visitor],rssi[-58],BSSID=9c:4e:20:c8:b0:f4
01-10 15:20:19.319 I/wpa_supplicant( 1774): AP:ssid[eduroam],rssi[-60],BSSID=9c:4e:20:c8:b0:f2
01-10 15:20:19.329 I/wpa_supplicant( 1774): AP:ssid[cs],rssi[-59],BSSID=9c:4e:20:c8:b0:f1
01-10 15:20:19.329 I/wpa_supplicant( 1774): AP:ssid[uos-connect],rssi[-60],BSSID=9c:4e:20:c8:b0:f3
01-10 15:20:19.329 I/wpa_supplicant( 1774): AP:ssid[],rssi[-89],BSSID=00:80:48:68:08:99
01-10 15:20:19.329 I/wpa_supplicant( 1774): AP:ssid[uos-visitor],rssi[-69],BSSID=9c:4e:20:c8:cc:54
01-10 15:20:19.329 I/wpa_supplicant( 1774): AP:ssid[cs],rssi[-70],BSSID=9c:4e:20:c8:cc:51
01-10 15:20:19.329 I/wpa_supplicant( 1774): AP:ssid[uos-connect],rssi[-72],BSSID=9c:4e:20:c8:cc:53
01-10 15:20:19.329 I/wpa_supplicant( 1774): AP:ssid[BTOpenzone],rssi[-70],BSSID=9c:4e:20:c8:cc:50
01-10 15:20:19.329 I/wpa_supplicant( 1774): AP:ssid[eduroam],rssi[-70],BSSID=9c:4e:20:c8:cc:52
01-10 15:20:19.329 I/wpa_supplicant( 1774): Received 3017 bytes of scan results (16 BSSes)
01-10 15:20:19.329 I/wpa_supplicant( 1774): wpa_driver_wext_get_scan_results---
01-10 15:20:19.339 I/wpa_supplicant( 1774): wpa_disabled_ssid_list_clear
01-10 15:20:19.339 V/WifiMonitor( 1574): Event [wpa_disabled_ssid_list_clear]
01-10 15:20:19.339 I/wpa_supplicant( 1774): No suitable AP found.
01-10 15:20:19.339 I/wpa_supplicant( 1774): CTRL-EVENT-STATE-CHANGE id=-1 state=1 BSSID=00:00:00:00:00:00
01-10 15:20:19.339 V/WifiMonitor( 1574): Event [CTRL-EVENT-STATE-CHANGE id=-1 state=1 BSSID=00:00:00:00:00:00]
01-10 15:20:19.349 D/WifiStateMachine( 1574): Changing supplicant state: SCANNING ==> INACTIVE
01-10 15:20:19.349 D/WifiStateMachine( 1574): setDetailed state, old =SCANNING and new state=IDLE
01-10 15:20:19.409 D/dalvikvm( 2754): GC_CONCURRENT freed 446K, 10% free 6816K/7495K, paused 2ms+1ms
01-10 15:20:19.459 I/wpa_supplicant( 1774): CTRL-EVENT-STATE-CHANGE id=-1 state=2 BSSID=00:00:00:00:00:00
01-10 15:20:19.459 V/WifiMonitor( 1574): Event [CTRL-EVENT-STATE-CHANGE id=-1 state=2 BSSID=00:00:00:00:00:00]
01-10 15:20:19.459 D/WifiStateMachine( 1574): Changing supplicant state: INACTIVE ==> SCANNING
01-10 15:20:19.459 D/WifiStateMachine( 1574): setDetailed state, old =IDLE and new state=SCANNING
01-10 15:20:20.220 I/System.out( 2739): 15
01-10 15:20:20.560 I/wpa_supplicant( 1774): got scan complete
01-10 15:20:20.560 I/wpa_supplicant( 1774): wpa_supplicant_get_scan_results:return scan results2
01-10 15:20:20.560 I/wpa_supplicant( 1774): AP:ssid[cs],rssi[-82],BSSID=9c:4e:20:c8:9e:71
01-10 15:20:20.560 I/wpa_supplicant( 1774): AP:ssid[uos-connect],rssi[-81],BSSID=9c:4e:20:c8:9e:73
01-10 15:20:20.560 I/wpa_supplicant( 1774): AP:ssid[BTOpenzone],rssi[-81],BSSID=9c:4e:20:c8:9e:70
01-10 15:20:20.560 I/wpa_supplicant( 1774): AP:ssid[uos-visitor],rssi[-81],BSSID=9c:4e:20:c8:9e:74
01-10 15:20:20.560 I/wpa_supplicant( 1774): AP:ssid[eduroam],rssi[-82],BSSID=9c:4e:20:c8:9e:72
01-10 15:20:20.570 I/wpa_supplicant( 1774): AP:ssid[BTOpenzone],rssi[-57],BSSID=9c:4e:20:c8:b0:f0
01-10 15:20:20.570 I/wpa_supplicant( 1774): AP:ssid[uos-visitor],rssi[-60],BSSID=9c:4e:20:c8:b0:f4
01-10 15:20:20.570 I/wpa_supplicant( 1774): AP:ssid[eduroam],rssi[-58],BSSID=9c:4e:20:c8:b0:f2
01-10 15:20:20.570 I/wpa_supplicant( 1774): AP:ssid[cs],rssi[-60],BSSID=9c:4e:20:c8:b0:f1
01-10 15:20:20.570 I/wpa_supplicant( 1774): AP:ssid[uos-connect],rssi[-59],BSSID=9c:4e:20:c8:b0:f3
01-10 15:20:20.570 I/wpa_supplicant( 1774): AP:ssid[uos-connect],rssi[-71],BSSID=9c:4e:20:c8:cc:53
01-10 15:20:20.570 I/wpa_supplicant( 1774): AP:ssid[BTOpenzone],rssi[-69],BSSID=9c:4e:20:c8:cc:50
01-10 15:20:20.570 I/wpa_supplicant( 1774): AP:ssid[eduroam],rssi[-70],BSSID=9c:4e:20:c8:cc:52
01-10 15:20:20.570 I/wpa_supplicant( 1774): AP:ssid[uos-visitor],rssi[-71],BSSID=9c:4e:20:c8:cc:54
01-10 15:20:20.570 I/wpa_supplicant( 1774): AP:ssid[cs],rssi[-71],BSSID=9c:4e:20:c8:cc:51
01-10 15:20:20.570 I/wpa_supplicant( 1774): Received 2853 bytes of scan results (15 BSSes)
01-10 15:20:20.570 I/wpa_supplicant( 1774): wpa_driver_wext_get_scan_results---
01-10 15:20:20.580 I/wpa_supplicant( 1774): wpa_disabled_ssid_list_clear
01-10 15:20:20.580 V/WifiMonitor( 1574): Event [wpa_disabled_ssid_list_clear]
01-10 15:20:20.580 I/wpa_supplicant( 1774): No suitable AP found.
