01-20 10:14:51.367 I/wpa_supplicant( 1775): AP:ssid[BTOpenzone],rssi[-67],BSSID=9c:4e:20:c8:cc:50
01-20 10:14:51.367 I/wpa_supplicant( 1775): AP:ssid[eduroam],rssi[-84],BSSID=9c:4e:20:c8:9e:72
01-20 10:14:51.367 I/wpa_supplicant( 1775): AP:ssid[uos-connect],rssi[-81],BSSID=9c:4e:20:c8:9e:73
01-20 10:14:51.367 I/wpa_supplicant( 1775): AP:ssid[uos-visitor],rssi[-80],BSSID=9c:4e:20:c8:9e:74
01-20 10:14:51.367 I/wpa_supplicant( 1775): AP:ssid[cs],rssi[-79],BSSID=9c:4e:20:c8:9e:71
01-20 10:14:51.367 I/wpa_supplicant( 1775): Received 3107 bytes of scan results (16 BSSes)
01-20 10:14:51.367 I/wpa_supplicant( 1775): wpa_driver_wext_get_scan_results---
01-20 10:14:51.367 I/wpa_supplicant( 1775): wpa_disabled_ssid_list_clear
01-20 10:14:51.367 V/WifiMonitor( 1592): Event [wpa_disabled_ssid_list_clear]
01-20 10:14:51.367 I/wpa_supplicant( 1775): No suitable AP found.
01-20 10:14:51.367 I/wpa_supplicant( 1775): CTRL-EVENT-STATE-CHANGE id=-1 state=1 BSSID=00:00:00:00:00:00
01-20 10:14:51.367 V/WifiMonitor( 1592): Event [CTRL-EVENT-STATE-CHANGE id=-1 state=1 BSSID=00:00:00:00:00:00]
01-20 10:14:51.397 I/System.out( 2578): 16
01-20 10:14:51.407 D/WifiStateMachine( 1592): Changing supplicant state: SCANNING ==> INACTIVE
01-20 10:14:51.407 D/WifiStateMachine( 1592): setDetailed state, old =SCANNING and new state=IDLE
01-20 10:14:51.477 D/dalvikvm( 1827): GC_CONCURRENT freed 447K, 10% free 6860K/7559K, paused 1ms+1ms
01-20 10:14:51.517 I/wpa_supplicant( 1775): CTRL-EVENT-STATE-CHANGE id=-1 state=2 BSSID=00:00:00:00:00:00
01-20 10:14:51.517 V/WifiMonitor( 1592): Event [CTRL-EVENT-STATE-CHANGE id=-1 state=2 BSSID=00:00:00:00:00:00]
01-20 10:14:51.517 D/WifiStateMachine( 1592): Changing supplicant state: INACTIVE ==> SCANNING
01-20 10:14:51.517 D/WifiStateMachine( 1592): setDetailed state, old =IDLE and new state=SCANNING
01-20 10:14:52.398 I/System.out( 2578): 16
01-20 10:14:52.608 I/wpa_supplicant( 1775): got scan complete
01-20 10:14:52.608 I/wpa_supplicant( 1775): wpa_supplicant_get_scan_results:return scan results2
01-20 10:14:52.618 I/wpa_supplicant( 1775): AP:ssid[cs],rssi[-50],BSSID=9c:4e:20:c8:b0:f1
01-20 10:14:52.618 I/wpa_supplicant( 1775): AP:ssid[hpsetup],rssi[-96],BSSID=c2:ce:46:d5:40:9c
01-20 10:14:52.618 I/wpa_supplicant( 1775): AP:ssid[uos-connect],rssi[-50],BSSID=9c:4e:20:c8:b0:f3
01-20 10:14:52.618 I/wpa_supplicant( 1775): AP:ssid[BTOpenzone],rssi[-51],BSSID=9c:4e:20:c8:b0:f0
01-20 10:14:52.618 I/wpa_supplicant( 1775): AP:ssid[uos-visitor],rssi[-51],BSSID=9c:4e:20:c8:b0:f4
01-20 10:14:52.618 I/wpa_supplicant( 1775): AP:ssid[eduroam],rssi[-50],BSSID=9c:4e:20:c8:b0:f2
01-20 10:14:52.618 I/wpa_supplicant( 1775): AP:ssid[cs],rssi[-73],BSSID=9c:4e:20:c8:cc:51
01-20 10:14:52.618 I/wpa_supplicant( 1775): AP:ssid[uos-connect],rssi[-73],BSSID=9c:4e:20:c8:cc:53
01-20 10:14:52.618 I/wpa_supplicant( 1775): AP:ssid[BTOpenzone],rssi[-68],BSSID=9c:4e:20:c8:cc:50
01-20 10:14:52.618 I/wpa_supplicant( 1775): AP:ssid[uos-visitor],rssi[-72],BSSID=9c:4e:20:c8:cc:54
01-20 10:14:52.618 I/wpa_supplicant( 1775): AP:ssid[eduroam],rssi[-73],BSSID=9c:4e:20:c8:cc:52
01-20 10:14:52.618 I/wpa_supplicant( 1775): AP:ssid[uos-visitor],rssi[-82],BSSID=9c:4e:20:c8:9e:74
01-20 10:14:52.618 I/wpa_supplicant( 1775): AP:ssid[eduroam],rssi[-80],BSSID=9c:4e:20:c8:9e:72
01-20 10:14:52.618 I/wpa_supplicant( 1775): AP:ssid[cs],rssi[-84],BSSID=9c:4e:20:c8:9e:71
01-20 10:14:52.618 I/wpa_supplicant( 1775): AP:ssid[BTOpenzone],rssi[-81],BSSID=9c:4e:20:c8:9e:70
01-20 10:14:52.618 I/wpa_supplicant( 1775): AP:ssid[uos-connect],rssi[-81],BSSID=9c:4e:20:c8:9e:73
01-20 10:14:52.618 I/wpa_supplicant( 1775): Received 2960 bytes of scan results (16 BSSes)
01-20 10:14:52.618 I/wpa_supplicant( 1775): wpa_driver_wext_get_scan_results---
01-20 10:14:52.628 I/wpa_supplicant( 1775): wpa_disabled_ssid_list_clear
01-20 10:14:52.628 V/WifiMonitor( 1592): Event [wpa_disabled_ssid_list_clear]
01-20 10:14:52.628 I/wpa_supplicant( 1775): No suitable AP found.
01-20 10:14:52.628 I/wpa_supplicant( 1775): CTRL-EVENT-STATE-CHANGE id=-1 state=1 BSSID=00:00:00:00:00:00
01-20 10:14:52.628 V/WifiMonitor( 1592): Event [CTRL-EVENT-STATE-CHANGE id=-1 state=1 BSSID=00:00:00:00:00:00]
01-20 10:14:52.648 D/WifiStateMachine( 1592): Changing supplicant state: SCANNING ==> INACTIVE
01-20 10:14:52.648 D/WifiStateMachine( 1592): setDetailed state, old =SCANNING and new state=IDLE
01-20 10:14:52.759 I/wpa_supplicant( 1775): CTRL-EVENT-STATE-CHANGE id=-1 state=2 BSSID=00:00:00:00:00:00
01-20 10:14:52.759 V/WifiMonitor( 1592): Event [CTRL-EVENT-STATE-CHANGE id=-1 state=2 BSSID=00:00:00:00:00:00]
01-20 10:14:52.759 D/WifiStateMachine( 1592): Changing supplicant state: INACTIVE ==> SCANNING
01-20 10:14:52.759 D/WifiStateMachine( 1592): setDetailed state, old =IDLE and new state=SCANNING
01-20 10:14:52.819 D/dalvikvm( 1827): GC_CONCURRENT freed 447K, 10% free 6860K/7559K, paused 2ms+2ms
01-20 10:14:53.399 I/System.out( 2578): 16
01-20 10:14:53.940 I/wpa_supplicant( 1775): got scan complete
01-20 10:14:53.940 I/wpa_supplicant( 1775): wpa_supplicant_get_scan_results:return scan results2
01-20 10:14:53.940 I/wpa_supplicant( 1775): AP:ssid[hpsetup],rssi[-93],BSSID=c2:ce:46:d5:40:9c
01-20 10:14:53.940 I/wpa_supplicant( 1775): AP:ssid[eduroam],rssi[-52],BSSID=9c:4e:20:c8:b0:f2
01-20 10:14:53.940 I/wpa_supplicant( 1775): AP:ssid[LD-Net],rssi[-90],BSSID=00:14:6c:fd:72:38
01-20 10:14:53.940 I/wpa_supplicant( 1775): AP:ssid[cs],rssi[-50],BSSID=9c:4e:20:c8:b0:f1
01-20 10:14:53.940 I/wpa_supplicant( 1775): AP:ssid[uos-connect],rssi[-49],BSSID=9c:4e:20:c8:b0:f3
01-20 10:14:53.940 I/wpa_supplicant( 1775): AP:ssid[BTOpenzone],rssi[-50],BSSID=9c:4e:20:c8:b0:f0
01-20 10:14:53.940 I/wpa_supplicant( 1775): AP:ssid[uos-visitor],rssi[-51],BSSID=9c:4e:20:c8:b0:f4
01-20 10:14:53.940 I/wpa_supplicant( 1775): AP:ssid[BTOpenzone],rssi[-71],BSSID=9c:4e:20:c8:cc:50
01-20 10:14:53.940 I/wpa_supplicant( 1775): AP:ssid[uos-visitor],rssi[-73],BSSID=9c:4e:20:c8:cc:54
01-20 10:14:53.940 I/wpa_supplicant( 1775): AP:ssid[eduroam],rssi[-72],BSSID=9c:4e:20:c8:cc:52
01-20 10:14:53.940 I/wpa_supplicant( 1775): AP:ssid[cs],rssi[-74],BSSID=9c:4e:20:c8:cc:51
01-20 10:14:53.940 I/wpa_supplicant( 1775): AP:ssid[uos-connect],rssi[-71],BSSID=9c:4e:20:c8:cc:53
01-20 10:14:53.940 I/wpa_supplicant( 1775): AP:ssid[BTOpenzone],rssi[-79],BSSID=9c:4e:20:c8:9e:70
01-20 10:14:53.940 I/wpa_supplicant( 1775): AP:ssid[uos-visitor],rssi[-80],BSSID=9c:4e:20:c8:9e:74
01-20 10:14:53.940 I/wpa_supplicant( 1775): AP:ssid[cs],rssi[-79],BSSID=9c:4e:20:c8:9e:71
01-20 10:14:53.940 I/wpa_supplicant( 1775): AP:ssid[eduroam],rssi[-80],BSSID=9c:4e:20:c8:9e:72
01-20 10:14:53.940 I/wpa_supplicant( 1775): Received 2985 bytes of scan results (16 BSSes)
01-20 10:14:53.940 I/wpa_supplicant( 1775): wpa_driver_wext_get_scan_results---
01-20 10:14:53.960 I/wpa_supplicant( 1775): wpa_disabled_ssid_list_clear
01-20 10:14:53.960 I/wpa_supplicant( 1775): No suitable AP found.
01-20 10:14:53.960 I/wpa_supplicant( 1775): CTRL-EVENT-STATE-CHANGE id=-1 state=1 BSSID=00:00:00:00:00:00
01-20 10:14:53.990 V/WifiMonitor( 1592): Event [wpa_disabled_ssid_list_clear]
01-20 10:14:53.990 V/WifiMonitor( 1592): Event [CTRL-EVENT-STATE-CHANGE id=-1 state=1 BSSID=00:00:00:00:00:00]
01-20 10:14:53.990 D/WifiStateMachine( 1592): Changing supplicant state: SCANNING ==> INACTIVE
01-20 10:14:54.000 D/WifiStateMachine( 1592): setDetailed state, old =SCANNING and new state=IDLE
01-20 10:14:54.100 I/wpa_supplicant( 1775): CTRL-EVENT-STATE-CHANGE id=-1 state=2 BSSID=00:00:00:00:00:00
01-20 10:14:54.100 V/WifiMonitor( 1592): Event [CTRL-EVENT-STATE-CHANGE id=-1 state=2 BSSID=00:00:00:00:00:00]
01-20 10:14:54.100 D/WifiStateMachine( 1592): Changing supplicant state: INACTIVE ==> SCANNING
01-20 10:14:54.100 D/WifiStateMachine( 1592): setDetailed state, old =IDLE and new state=SCANNING
01-20 10:14:54.400 I/System.out( 2578): 16
01-20 10:14:55.211 I/wpa_supplicant( 1775): got scan complete
01-20 10:14:55.211 I/wpa_supplicant( 1775): wpa_supplicant_get_scan_results:return scan results2
01-20 10:14:55.211 I/wpa_supplicant( 1775): AP:ssid[BTOpenzone],rssi[-51],BSSID=9c:4e:20:c8:b0:f0
01-20 10:14:55.211 I/wpa_supplicant( 1775): AP:ssid[uos-visitor],rssi[-52],BSSID=9c:4e:20:c8:b0:f4
01-20 10:14:55.211 I/wpa_supplicant( 1775): AP:ssid[eduroam],rssi[-50],BSSID=9c:4e:20:c8:b0:f2
01-20 10:14:55.211 I/wpa_supplicant( 1775): AP:ssid[cs],rssi[-50],BSSID=9c:4e:20:c8:b0:f1
01-20 10:14:55.221 I/wpa_supplicant( 1775): AP:ssid[uos-connect],rssi[-57],BSSID=9c:4e:20:c8:b0:f3
01-20 10:14:55.221 I/wpa_supplicant( 1775): AP:ssid[BTOpenzone],rssi[-70],BSSID=9c:4e:20:c8:cc:50
01-20 10:14:55.221 I/wpa_supplicant( 1775): AP:ssid[uos-connect],rssi[-74],BSSID=9c:4e:20:c8:cc:53
01-20 10:14:55.221 I/wpa_supplicant( 1775): AP:ssid[uos-visitor],rssi[-75],BSSID=9c:4e:20:c8:cc:54
01-20 10:14:55.221 I/wpa_supplicant( 1775): AP:ssid[cs],rssi[-74],BSSID=9c:4e:20:c8:cc:51
01-20 10:14:55.221 I/wpa_supplicant( 1775): AP:ssid[BTOpenzone],rssi[-79],BSSID=9c:4e:20:c8:9e:70
01-20 10:14:55.221 I/wpa_supplicant( 1775): AP:ssid[uos-visitor],rssi[-81],BSSID=9c:4e:20:c8:9e:74
01-20 10:14:55.221 I/wpa_supplicant( 1775): AP:ssid[eduroam],rssi[-81],BSSID=9c:4e:20:c8:9e:72
01-20 10:14:55.221 I/wpa_supplicant( 1775): AP:ssid[uos-connect],rssi[-80],BSSID=9c:4e:20:c8:9e:73
01-20 10:14:55.221 I/wpa_supplicant( 1775): AP:ssid[eduroam],rssi[-72],BSSID=9c:4e:20:c8:cc:52
01-20 10:14:55.221 I/wpa_supplicant( 1775): AP:ssid[cs],rssi[-79],BSSID=9c:4e:20:c8:9e:71
01-20 10:14:55.221 I/wpa_supplicant( 1775): Received 2853 bytes of scan results (15 BSSes)
01-20 10:14:55.221 I/wpa_supplicant( 1775): wpa_driver_wext_get_scan_results---
01-20 10:14:55.221 I/wpa_supplicant( 1775): wpa_disabled_ssid_list_clear
01-20 10:14:55.221 V/WifiMonitor( 1592): Event [wpa_disabled_ssid_list_clear]
01-20 10:14:55.221 I/wpa_supplicant( 1775): No suitable AP found.
01-20 10:14:55.221 I/wpa_supplicant( 1775): CTRL-EVENT-STATE-CHANGE id=-1 state=1 BSSID=00:00:00:00:00:00
01-20 10:14:55.231 V/WifiMonitor( 1592): Event [CTRL-EVENT-STATE-CHANGE id=-1 state=1 BSSID=00:00:00:00:00:00]
01-20 10:14:55.251 D/WifiStateMachine( 1592): Changing supplicant state: SCANNING ==> INACTIVE
01-20 10:14:55.251 D/WifiStateMachine( 1592): setDetailed state, old =SCANNING and new state=IDLE
01-20 10:14:55.301 D/dalvikvm( 1827): GC_CONCURRENT freed 447K, 10% free 6860K/7559K, paused 1ms+1ms
01-20 10:14:55.361 I/wpa_supplicant( 1775): CTRL-EVENT-STATE-CHANGE id=-1 state=2 BSSID=00:00:00:00:00:00
01-20 10:14:55.361 V/WifiMonitor( 1592): Event [CTRL-EVENT-STATE-CHANGE id=-1 state=2 BSSID=00:00:00:00:00:00]
01-20 10:14:55.361 D/WifiStateMachine( 1592): Changing supplicant state: INACTIVE ==> SCANNING
01-20 10:14:55.361 D/WifiStateMachine( 1592): setDetailed state, old =IDLE and new state=SCANNING
01-20 10:14:55.401 I/System.out( 2578): 15
01-20 10:14:56.402 I/System.out( 2578): 15
01-20 10:14:56.492 I/wpa_supplicant( 1775): got scan complete
01-20 10:14:56.492 I/wpa_supplicant( 1775): wpa_supplicant_get_scan_results:return scan results2
01-20 10:14:56.492 I/wpa_supplicant( 1775): AP:ssid[Marine Instrumentation Limited],rssi[-93],BSSID=00:16:01:58:fe:4b
01-20 10:14:56.492 I/wpa_supplicant( 1775): AP:ssid[BTOpenzone],rssi[-54],BSSID=9c:4e:20:c8:b0:f0
01-20 10:14:56.492 I/wpa_supplicant( 1775): AP:ssid[LD-Net],rssi[-89],BSSID=00:14:6c:fd:72:38
01-20 10:14:56.492 I/wpa_supplicant( 1775): AP:ssid[hpsetup],rssi[-93],BSSID=c2:ce:46:d5:40:9c
01-20 10:14:56.492 I/wpa_supplicant( 1775): AP:ssid[uos-visitor],rssi[-49],BSSID=9c:4e:20:c8:b0:f4
01-20 10:14:56.492 I/wpa_supplicant( 1775): AP:ssid[eduroam],rssi[-56],BSSID=9c:4e:20:c8:b0:f2
01-20 10:14:56.492 I/wpa_supplicant( 1775): AP:ssid[cs],rssi[-52],BSSID=9c:4e:20:c8:b0:f1
01-20 10:14:56.492 I/wpa_supplicant( 1775): AP:ssid[uos-connect],rssi[-56],BSSID=9c:4e:20:c8:b0:f3
01-20 10:14:56.492 I/wpa_supplicant( 1775): AP:ssid[BTOpenzone],rssi[-73],BSSID=9c:4e:20:c8:cc:50
01-20 10:14:56.492 I/wpa_supplicant( 1775): AP:ssid[eduroam],rssi[-74],BSSID=9c:4e:20:c8:cc:52
01-20 10:14:56.492 I/wpa_supplicant( 1775): AP:ssid[uos-visitor],rssi[-70],BSSID=9c:4e:20:c8:cc:54
01-20 10:14:56.492 I/wpa_supplicant( 1775): AP:ssid[cs],rssi[-73],BSSID=9c:4e:20:c8:cc:51
01-20 10:14:56.492 I/wpa_supplicant( 1775): AP:ssid[uos-connect],rssi[-74],BSSID=9c:4e:20:c8:cc:53
01-20 10:14:56.492 I/wpa_supplicant( 1775): AP:ssid[cs],rssi[-78],BSSID=9c:4e:20:c8:9e:71
01-20 10:14:56.492 I/wpa_supplicant( 1775): AP:ssid[uos-connect],rssi[-79],BSSID=9c:4e:20:c8:9e:73
01-20 10:14:56.492 I/wpa_supplicant( 1775): AP:ssid[uos-visitor],rssi[-81],BSSID=9c:4e:20:c8:9e:74
01-20 10:14:56.492 I/wpa_supplicant( 1775): AP:ssid[eduroam],rssi[-78],BSSID=9c:4e:20:c8:9e:72
01-20 10:14:56.492 I/wpa_supplicant( 1775): Received 3214 bytes of scan results (17 BSSes)
01-20 10:14:56.492 I/wpa_supplicant( 1775): wpa_driver_wext_get_scan_results---
01-20 10:14:56.502 I/wpa_supplicant( 1775): wpa_disabled_ssid_list_clear
01-20 10:14:56.502 V/WifiMonitor( 1592): Event [wpa_disabled_ssid_list_clear]
01-20 10:14:56.502 I/wpa_supplicant( 1775): No suitable AP found.
01-20 10:14:56.502 I/wpa_supplicant( 1775): CTRL-EVENT-STATE-CHANGE id=-1 state=1 BSSID=00:00:00:00:00:00
01-20 10:14:56.502 V/WifiMonitor( 1592): Event [CTRL-EVENT-STATE-CHANGE id=-1 state=1 BSSID=00:00:00:00:00:00]
01-20 10:14:56.522 D/WifiStateMachine( 1592): Changing supplicant state: SCANNING ==> INACTIVE
01-20 10:14:56.522 D/WifiStateMachine( 1592): setDetailed state, old =SCANNING and new state=IDLE
01-20 10:14:56.632 I/wpa_supplicant( 1775): CTRL-EVENT-STATE-CHANGE id=-1 state=2 BSSID=00:00:00:00:00:00
01-20 10:14:56.632 V/WifiMonitor( 1592): Event [CTRL-EVENT-STATE-CHANGE id=-1 state=2 BSSID=00:00:00:00:00:00]
01-20 10:14:56.632 D/WifiStateMachine( 1592): Changing supplicant state: INACTIVE ==> SCANNING
01-20 10:14:56.632 D/WifiStateMachine( 1592): setDetailed state, old =IDLE and new state=SCANNING
01-20 10:14:56.682 D/dalvikvm( 1827): GC_CONCURRENT freed 447K, 10% free 6860K/7559K, paused 2ms+2ms
01-20 10:14:57.403 I/System.out( 2578): 17
01-20 10:14:57.733 I/wpa_supplicant( 1775): got scan complete
01-20 10:14:57.733 I/wpa_supplicant( 1775): wpa_supplicant_get_scan_results:return scan results2
01-20 10:14:57.733 I/wpa_supplicant( 1775): AP:ssid[Marine Instrumentation Limited],rssi[-93],BSSID=00:16:01:58:fe:4b
01-20 10:14:57.733 I/wpa_supplicant( 1775): AP:ssid[uos-connect],rssi[-49],BSSID=9c:4e:20:c8:b0:f3
01-20 10:14:57.743 I/wpa_supplicant( 1775): AP:ssid[cs],rssi[-50],BSSID=9c:4e:20:c8:b0:f1
01-20 10:14:57.743 I/wpa_supplicant( 1775): AP:ssid[LD-Net],rssi[-89],BSSID=00:14:6c:fd:72:38
01-20 10:14:57.743 I/wpa_supplicant( 1775): AP:ssid[BTOpenzone],rssi[-50],BSSID=9c:4e:20:c8:b0:f0
01-20 10:14:57.743 I/wpa_supplicant( 1775): AP:ssid[uos-visitor],rssi[-51],BSSID=9c:4e:20:c8:b0:f4
01-20 10:14:57.743 I/wpa_supplicant( 1775): AP:ssid[eduroam],rssi[-51],BSSID=9c:4e:20:c8:b0:f2
01-20 10:14:57.743 I/wpa_supplicant( 1775): AP:ssid[uos-visitor],rssi[-72],BSSID=9c:4e:20:c8:cc:54
01-20 10:14:57.743 I/wpa_supplicant( 1775): AP:ssid[eduroam],rssi[-78],BSSID=9c:4e:20:c8:cc:52
01-20 10:14:57.743 I/wpa_supplicant( 1775): AP:ssid[BTOpenzone],rssi[-72],BSSID=9c:4e:20:c8:cc:50
01-20 10:14:57.743 I/wpa_supplicant( 1775): AP:ssid[cs],rssi[-69],BSSID=9c:4e:20:c8:cc:51
01-20 10:14:57.743 I/wpa_supplicant( 1775): AP:ssid[uos-connect],rssi[-73],BSSID=9c:4e:20:c8:cc:53
01-20 10:14:57.743 I/wpa_supplicant( 1775): AP:ssid[uos-visitor],rssi[-80],BSSID=9c:4e:20:c8:9e:74
01-20 10:14:57.743 I/wpa_supplicant( 1775): AP:ssid[cs],rssi[-78],BSSID=9c:4e:20:c8:9e:71
01-20 10:14:57.743 I/wpa_supplicant( 1775): AP:ssid[BTOpenzone],rssi[-80],BSSID=9c:4e:20:c8:9e:70
01-20 10:14:57.743 I/wpa_supplicant( 1775): AP:ssid[eduroam],rssi[-81],BSSID=9c:4e:20:c8:9e:72
01-20 10:14:57.743 I/wpa_supplicant( 1775): Received 3106 bytes of scan results (16 BSSes)
01-20 10:14:57.743 I/wpa_supplicant( 1775): wpa_driver_wext_get_scan_results---
01-20 10:14:57.753 I/wpa_supplicant( 1775): wpa_disabled_ssid_list_clear
01-20 10:14:57.753 V/WifiMonitor( 1592): Event [wpa_disabled_ssid_list_clear]
01-20 10:14:57.753 I/wpa_supplicant( 1775): No suitable AP found.
01-20 10:14:57.753 I/wpa_supplicant( 1775): CTRL-EVENT-STATE-CHANGE id=-1 state=1 BSSID=00:00:00:00:00:00
01-20 10:14:57.753 V/WifiMonitor( 1592): Event [CTRL-EVENT-STATE-CHANGE id=-1 state=1 BSSID=00:00:00:00:00:00]
01-20 10:14:57.773 D/WifiStateMachine( 1592): Changing supplicant state: SCANNING ==> INACTIVE
01-20 10:14:57.773 D/WifiStateMachine( 1592): setDetailed state, old =SCANNING and new state=IDLE
01-20 10:14:57.884 I/wpa_supplicant( 1775): CTRL-EVENT-STATE-CHANGE id=-1 state=2 BSSID=00:00:00:00:00:00
01-20 10:14:57.884 V/WifiMonitor( 1592): Event [CTRL-EVENT-STATE-CHANGE id=-1 state=2 BSSID=00:00:00:00:00:00]
01-20 10:14:57.884 D/WifiStateMachine( 1592): Changing supplicant state: INACTIVE ==> SCANNING
01-20 10:14:57.884 D/WifiStateMachine( 1592): setDetailed state, old =IDLE and new state=SCANNING
01-20 10:14:58.404 I/System.out( 2578): 16
01-20 10:14:58.975 I/wpa_supplicant( 1775): got scan complete
01-20 10:14:58.975 I/wpa_supplicant( 1775): wpa_supplicant_get_scan_results:return scan results2
01-20 10:14:58.975 I/wpa_supplicant( 1775): AP:ssid[eduroam],rssi[-53],BSSID=9c:4e:20:c8:b0:f2
01-20 10:14:58.975 I/wpa_supplicant( 1775): AP:ssid[cs],rssi[-50],BSSID=9c:4e:20:c8:b0:f1
01-20 10:14:58.975 I/wpa_supplicant( 1775): AP:ssid[uos-connect],rssi[-50],BSSID=9c:4e:20:c8:b0:f3
01-20 10:14:58.975 I/wpa_supplicant( 1775): AP:ssid[BTOpenzone],rssi[-49],BSSID=9c:4e:20:c8:b0:f0
01-20 10:14:58.985 I/wpa_supplicant( 1775): AP:ssid[uos-visitor],rssi[-53],BSSID=9c:4e:20:c8:b0:f4
01-20 10:14:58.985 I/wpa_supplicant( 1775): AP:ssid[cs],rssi[-74],BSSID=9c:4e:20:c8:cc:51
01-20 10:14:58.985 I/wpa_supplicant( 1775): AP:ssid[BTOpenzone],rssi[-70],BSSID=9c:4e:20:c8:cc:50
01-20 10:14:58.985 I/wpa_supplicant( 1775): AP:ssid[uos-visitor],rssi[-72],BSSID=9c:4e:20:c8:cc:54
01-20 10:14:58.985 I/wpa_supplicant( 1775): AP:ssid[eduroam],rssi[-73],BSSID=9c:4e:20:c8:cc:52
01-20 10:14:58.985 I/wpa_supplicant( 1775): AP:ssid[uos-connect],rssi[-74],BSSID=9c:4e:20:c8:cc:53
01-20 10:14:58.985 I/wpa_supplicant( 1775): AP:ssid[cs],rssi[-80],BSSID=9c:4e:20:c8:9e:71
01-20 10:14:58.985 I/wpa_supplicant( 1775): AP:ssid[BTOpenzone],rssi[-82],BSSID=9c:4e:20:c8:9e:70
01-20 10:14:58.985 I/wpa_supplicant( 1775): AP:ssid[uos-connect],rssi[-80],BSSID=9c:4e:20:c8:9e:73
01-20 10:14:58.985 I/wpa_supplicant( 1775): AP:ssid[eduroam],rssi[-81],BSSID=9c:4e:20:c8:9e:72
01-20 10:14:58.985 I/wpa_supplicant( 1775): AP:ssid[uos-visitor],rssi[-77],BSSID=9c:4e:20:c8:9e:74
01-20 10:14:58.985 I/wpa_supplicant( 1775): Received 2853 bytes of scan results (15 BSSes)
01-20 10:14:58.985 I/wpa_supplicant( 1775): wpa_driver_wext_get_scan_results---
01-20 10:14:58.995 I/wpa_supplicant( 1775): wpa_disabled_ssid_list_clear
01-20 10:14:58.995 V/WifiMonitor( 1592): Event [wpa_disabled_ssid_list_clear]
01-20 10:14:58.995 I/wpa_supplicant( 1775): No suitable AP found.
01-20 10:14:58.995 I/wpa_supplicant( 1775): CTRL-EVENT-STATE-CHANGE id=-1 state=1 BSSID=00:00:00:00:00:00
01-20 10:14:58.995 V/WifiMonitor( 1592): Event [CTRL-EVENT-STATE-CHANGE id=-1 state=1 BSSID=00:00:00:00:00:00]
01-20 10:14:59.015 D/WifiStateMachine( 1592): Changing supplicant state: SCANNING ==> INACTIVE
01-20 10:14:59.015 D/WifiStateMachine( 1592): setDetailed state, old =SCANNING and new state=IDLE
01-20 10:14:59.065 D/dalvikvm( 1827): GC_CONCURRENT freed 447K, 10% free 6860K/7559K, paused 1ms+1ms
01-20 10:14:59.125 I/wpa_supplicant( 1775): CTRL-EVENT-STATE-CHANGE id=-1 state=2 BSSID=00:00:00:00:00:00
01-20 10:14:59.125 V/WifiMonitor( 1592): Event [CTRL-EVENT-STATE-CHANGE id=-1 state=2 BSSID=00:00:00:00:00:00]
01-20 10:14:59.125 D/WifiStateMachine( 1592): Changing supplicant state: INACTIVE ==> SCANNING
01-20 10:14:59.125 D/WifiStateMachine( 1592): setDetailed state, old =IDLE and new state=SCANNING
01-20 10:14:59.405 I/System.out( 2578): 15
01-20 10:15:00.216 I/wpa_supplicant( 1775): got scan complete
01-20 10:15:00.216 I/wpa_supplicant( 1775): wpa_supplicant_get_scan_results:return scan results2
01-20 10:15:00.216 I/wpa_supplicant( 1775): AP:ssid[uos-visitor],rssi[-50],BSSID=9c:4e:20:c8:b0:f4
01-20 10:15:00.216 I/wpa_supplicant( 1775): AP:ssid[eduroam],rssi[-51],BSSID=9c:4e:20:c8:b0:f2
01-20 10:15:00.216 I/wpa_supplicant( 1775): AP:ssid[cs],rssi[-54],BSSID=9c:4e:20:c8:b0:f1
01-20 10:15:00.216 I/wpa_supplicant( 1775): AP:ssid[uos-connect],rssi[-50],BSSID=9c:4e:20:c8:b0:f3
01-20 10:15:00.216 I/wpa_supplicant( 1775): AP:ssid[BTOpenzone],rssi[-51],BSSID=9c:4e:20:c8:b0:f0
01-20 10:15:00.216 I/wpa_supplicant( 1775): AP:ssid[uos-visitor],rssi[-69],BSSID=9c:4e:20:c8:cc:54
01-20 10:15:00.216 I/wpa_supplicant( 1775): AP:ssid[BTOpenzone],rssi[-69],BSSID=9c:4e:20:c8:cc:50
01-20 10:15:00.216 I/wpa_supplicant( 1775): AP:ssid[uos-connect],rssi[-71],BSSID=9c:4e:20:c8:cc:53
01-20 10:15:00.216 I/wpa_supplicant( 1775): AP:ssid[eduroam],rssi[-71],BSSID=9c:4e:20:c8:cc:52
01-20 10:15:00.216 I/wpa_supplicant( 1775): AP:ssid[cs],rssi[-75],BSSID=9c:4e:20:c8:cc:51
01-20 10:15:00.216 I/wpa_supplicant( 1775): AP:ssid[cs],rssi[-80],BSSID=9c:4e:20:c8:9e:71
01-20 10:15:00.216 I/wpa_supplicant( 1775): AP:ssid[uos-visitor],rssi[-79],BSSID=9c:4e:20:c8:9e:74
01-20 10:15:00.216 I/wpa_supplicant( 1775): AP:ssid[eduroam],rssi[-80],BSSID=9c:4e:20:c8:9e:72
01-20 10:15:00.216 I/wpa_supplicant( 1775): AP:ssid[BTOpenzone],rssi[-82],BSSID=9c:4e:20:c8:9e:70
01-20 10:15:00.216 I/wpa_supplicant( 1775): AP:ssid[uos-connect],rssi[-78],BSSID=9c:4e:20:c8:9e:73
01-20 10:15:00.216 I/wpa_supplicant( 1775): Received 2853 bytes of scan results (15 BSSes)
01-20 10:15:00.216 I/wpa_supplicant( 1775): wpa_driver_wext_get_scan_results---
01-20 10:15:00.216 I/wpa_supplicant( 1775): wpa_disabled_ssid_list_clear
01-20 10:15:00.216 V/WifiMonitor( 1592): Event [wpa_disabled_ssid_list_clear]
01-20 10:15:00.216 I/wpa_supplicant( 1775): No suitable AP found.
01-20 10:15:00.216 I/wpa_supplicant( 1775): CTRL-EVENT-STATE-CHANGE id=-1 state=1 BSSID=00:00:00:00:00:00
01-20 10:15:00.216 V/WifiMonitor( 1592): Event [CTRL-EVENT-STATE-CHANGE id=-1 state=1 BSSID=00:00:00:00:00:00]
01-20 10:15:00.246 D/WifiStateMachine( 1592): Changing supplicant state: SCANNING ==> INACTIVE
01-20 10:15:00.246 D/WifiStateMachine( 1592): setDetailed state, old =SCANNING and new state=IDLE
01-20 10:15:00.356 I/wpa_supplicant( 1775): CTRL-EVENT-STATE-CHANGE id=-1 state=2 BSSID=00:00:00:00:00:00
01-20 10:15:00.356 V/WifiMonitor( 1592): Event [CTRL-EVENT-STATE-CHANGE id=-1 state=2 BSSID=00:00:00:00:00:00]
01-20 10:15:00.356 D/WifiStateMachine( 1592): Changing supplicant state: INACTIVE ==> SCANNING
01-20 10:15:00.356 D/WifiStateMachine( 1592): setDetailed state, old =IDLE and new state=SCANNING
01-20 10:15:00.406 I/System.out( 2578): 15
01-20 10:15:00.456 D/dalvikvm( 1827): GC_CONCURRENT freed 447K, 10% free 6860K/7559K, paused 4ms+2ms
01-20 10:15:01.407 I/System.out( 2578): 15
01-20 10:15:01.447 I/wpa_supplicant( 1775): got scan complete
01-20 10:15:01.447 I/wpa_supplicant( 1775): wpa_supplicant_get_scan_results:return scan results2
01-20 10:15:01.447 I/wpa_supplicant( 1775): AP:ssid[BTOpenzone],rssi[-49],BSSID=9c:4e:20:c8:b0:f0
01-20 10:15:01.447 I/wpa_supplicant( 1775): AP:ssid[uos-visitor],rssi[-50],BSSID=9c:4e:20:c8:b0:f4
01-20 10:15:01.447 I/wpa_supplicant( 1775): AP:ssid[eduroam],rssi[-50],BSSID=9c:4e:20:c8:b0:f2
01-20 10:15:01.447 I/wpa_supplicant( 1775): AP:ssid[cs],rssi[-51],BSSID=9c:4e:20:c8:b0:f1
01-20 10:15:01.447 I/wpa_supplicant( 1775): AP:ssid[uos-connect],rssi[-50],BSSID=9c:4e:20:c8:b0:f3
01-20 10:15:01.447 I/wpa_supplicant( 1775): AP:ssid[uos-visitor],rssi[-72],BSSID=9c:4e:20:c8:cc:54
01-20 10:15:01.447 I/wpa_supplicant( 1775): AP:ssid[eduroam],rssi[-69],BSSID=9c:4e:20:c8:cc:52
01-20 10:15:01.447 I/wpa_supplicant( 1775): AP:ssid[cs],rssi[-71],BSSID=9c:4e:20:c8:cc:51
01-20 10:15:01.447 I/wpa_supplicant( 1775): AP:ssid[BTOpenzone],rssi[-71],BSSID=9c:4e:20:c8:cc:50
01-20 10:15:01.447 I/wpa_supplicant( 1775): AP:ssid[uos-connect],rssi[-71],BSSID=9c:4e:20:c8:cc:53
01-20 10:15:01.447 I/wpa_supplicant( 1775): AP:ssid[BTOpenzone],rssi[-80],BSSID=9c:4e:20:c8:9e:70
01-20 10:15:01.447 I/wpa_supplicant( 1775): AP:ssid[uos-visitor],rssi[-80],BSSID=9c:4e:20:c8:9e:74
01-20 10:15:01.447 I/wpa_supplicant( 1775): AP:ssid[eduroam],rssi[-77],BSSID=9c:4e:20:c8:9e:72
01-20 10:15:01.447 I/wpa_supplicant( 1775): AP:ssid[cs],rssi[-81],BSSID=9c:4e:20:c8:9e:71
01-20 10:15:01.447 I/wpa_supplicant( 1775): AP:ssid[uos-connect],rssi[-80],BSSID=9c:4e:20:c8:9e:73
01-20 10:15:01.447 I/wpa_supplicant( 1775): Received 2853 bytes of scan results (15 BSSes)
01-20 10:15:01.447 I/wpa_supplicant( 1775): wpa_driver_wext_get_scan_results---
01-20 10:15:01.457 I/wpa_supplicant( 1775): wpa_disabled_ssid_list_clear
01-20 10:15:01.457 V/WifiMonitor( 1592): Event [wpa_disabled_ssid_list_clear]
01-20 10:15:01.457 I/wpa_supplicant( 1775): No suitable AP found.
01-20 10:15:01.457 I/wpa_supplicant( 1775): CTRL-EVENT-STATE-CHANGE id=-1 state=1 BSSID=00:00:00:00:00:00
01-20 10:15:01.457 V/WifiMonitor( 1592): Event [CTRL-EVENT-STATE-CHANGE id=-1 state=1 BSSID=00:00:00:00:00:00]
01-20 10:15:01.487 D/WifiStateMachine( 1592): Changing supplicant state: SCANNING ==> INACTIVE
01-20 10:15:01.487 D/WifiStateMachine( 1592): setDetailed state, old =SCANNING and new state=IDLE
01-20 10:15:01.587 I/wpa_supplicant( 1775): CTRL-EVENT-STATE-CHANGE id=-1 state=2 BSSID=00:00:00:00:00:00
01-20 10:15:01.587 V/WifiMonitor( 1592): Event [CTRL-EVENT-STATE-CHANGE id=-1 state=2 BSSID=00:00:00:00:00:00]
01-20 10:15:01.587 D/WifiStateMachine( 1592): Changing supplicant state: INACTIVE ==> SCANNING
01-20 10:15:01.587 D/WifiStateMachine( 1592): setDetailed state, old =IDLE and new state=SCANNING
01-20 10:15:02.408 I/System.out( 2578): 15
01-20 10:15:02.688 I/wpa_supplicant( 1775): got scan complete
01-20 10:15:02.688 I/wpa_supplicant( 1775): wpa_supplicant_get_scan_results:return scan results2
01-20 10:15:02.688 I/wpa_supplicant( 1775): AP:ssid[cs],rssi[-50],BSSID=9c:4e:20:c8:b0:f1
01-20 10:15:02.688 I/wpa_supplicant( 1775): AP:ssid[uos-connect],rssi[-55],BSSID=9c:4e:20:c8:b0:f3
01-20 10:15:02.698 I/wpa_supplicant( 1775): AP:ssid[BTOpenzone],rssi[-50],BSSID=9c:4e:20:c8:b0:f0
01-20 10:15:02.698 I/wpa_supplicant( 1775): AP:ssid[uos-visitor],rssi[-60],BSSID=9c:4e:20:c8:b0:f4
01-20 10:15:02.698 I/wpa_supplicant( 1775): AP:ssid[eduroam],rssi[-52],BSSID=9c:4e:20:c8:b0:f2
01-20 10:15:02.698 I/wpa_supplicant( 1775): AP:ssid[uos-visitor],rssi[-70],BSSID=9c:4e:20:c8:cc:54
01-20 10:15:02.698 I/wpa_supplicant( 1775): AP:ssid[eduroam],rssi[-74],BSSID=9c:4e:20:c8:cc:52
01-20 10:15:02.698 I/wpa_supplicant( 1775): AP:ssid[BTOpenzone],rssi[-68],BSSID=9c:4e:20:c8:cc:50
01-20 10:15:02.698 I/wpa_supplicant( 1775): AP:ssid[uos-connect],rssi[-71],BSSID=9c:4e:20:c8:cc:53
01-20 10:15:02.698 I/wpa_supplicant( 1775): AP:ssid[eduroam],rssi[-80],BSSID=9c:4e:20:c8:9e:72
01-20 10:15:02.698 I/wpa_supplicant( 1775): AP:ssid[cs],rssi[-81],BSSID=9c:4e:20:c8:9e:71
01-20 10:15:02.698 I/wpa_supplicant( 1775): AP:ssid[BTOpenzone],rssi[-80],BSSID=9c:4e:20:c8:9e:70
01-20 10:15:02.698 I/wpa_supplicant( 1775): AP:ssid[cs],rssi[-74],BSSID=9c:4e:20:c8:cc:51
01-20 10:15:02.698 I/wpa_supplicant( 1775): AP:ssid[uos-visitor],rssi[-80],BSSID=9c:4e:20:c8:9e:74
01-20 10:15:02.698 I/wpa_supplicant( 1775): AP:ssid[uos-connect],rssi[-79],BSSID=9c:4e:20:c8:9e:73
01-20 10:15:02.698 I/wpa_supplicant( 1775): Received 2853 bytes of scan results (15 BSSes)
01-20 10:15:02.698 I/wpa_supplicant( 1775): wpa_driver_wext_get_scan_results---
01-20 10:15:02.698 I/wpa_supplicant( 1775): wpa_disabled_ssid_list_clear
01-20 10:15:02.698 V/WifiMonitor( 1592): Event [wpa_disabled_ssid_list_clear]
01-20 10:15:02.708 I/wpa_supplicant( 1775): No suitable AP found.
01-20 10:15:02.708 I/wpa_supplicant( 1775): CTRL-EVENT-STATE-CHANGE id=-1 state=1 BSSID=00:00:00:00:00:00
01-20 10:15:02.708 V/WifiMonitor( 1592): Event [CTRL-EVENT-STATE-CHANGE id=-1 state=1 BSSID=00:00:00:00:00:00]
01-20 10:15:02.728 D/WifiStateMachine( 1592): Changing supplicant state: SCANNING ==> INACTIVE
01-20 10:15:02.728 D/WifiStateMachine( 1592): setDetailed state, old =SCANNING and new state=IDLE
01-20 10:15:02.778 D/dalvikvm( 1827): GC_CONCURRENT freed 447K, 10% free 6860K/7559K, paused 1ms+2ms
01-20 10:15:02.838 I/wpa_supplicant( 1775): CTRL-EVENT-STATE-CHANGE id=-1 state=2 BSSID=00:00:00:00:00:00
01-20 10:15:02.838 V/WifiMonitor( 1592): Event [CTRL-EVENT-STATE-CHANGE id=-1 state=2 BSSID=00:00:00:00:00:00]
01-20 10:15:02.838 D/WifiStateMachine( 1592): Changing supplicant state: INACTIVE ==> SCANNING
01-20 10:15:02.838 D/WifiStateMachine( 1592): setDetailed state, old =IDLE and new state=SCANNING
01-20 10:15:03.409 I/System.out( 2578): 15
01-20 10:15:03.939 I/wpa_supplicant( 1775): got scan complete
01-20 10:15:03.939 I/wpa_supplicant( 1775): wpa_supplicant_get_scan_results:return scan results2
01-20 10:15:03.939 I/wpa_supplicant( 1775): AP:ssid[uos-connect],rssi[-50],BSSID=9c:4e:20:c8:b0:f3
01-20 10:15:03.949 I/wpa_supplicant( 1775): AP:ssid[BTOpenzone],rssi[-51],BSSID=9c:4e:20:c8:b0:f0
01-20 10:15:03.949 I/wpa_supplicant( 1775): AP:ssid[uos-visitor],rssi[-54],BSSID=9c:4e:20:c8:b0:f4
01-20 10:15:03.949 I/wpa_supplicant( 1775): AP:ssid[eduroam],rssi[-52],BSSID=9c:4e:20:c8:b0:f2
01-20 10:15:03.949 I/wpa_supplicant( 1775): AP:ssid[cs],rssi[-51],BSSID=9c:4e:20:c8:b0:f1
01-20 10:15:03.949 I/wpa_supplicant( 1775): AP:ssid[BTOpenzone],rssi[-72],BSSID=9c:4e:20:c8:cc:50
01-20 10:15:03.949 I/wpa_supplicant( 1775): AP:ssid[eduroam],rssi[-72],BSSID=9c:4e:20:c8:cc:52
01-20 10:15:03.949 I/wpa_supplicant( 1775): AP:ssid[uos-connect],rssi[-72],BSSID=9c:4e:20:c8:cc:53
01-20 10:15:03.949 I/wpa_supplicant( 1775): AP:ssid[cs],rssi[-75],BSSID=9c:4e:20:c8:cc:51
01-20 10:15:03.949 I/wpa_supplicant( 1775): AP:ssid[uos-connect],rssi[-78],BSSID=9c:4e:20:c8:9e:73
01-20 10:15:03.949 I/wpa_supplicant( 1775): AP:ssid[BTOpenzone],rssi[-79],BSSID=9c:4e:20:c8:9e:70
01-20 10:15:03.949 I/wpa_supplicant( 1775): AP:ssid[uos-visitor],rssi[-79],BSSID=9c:4e:20:c8:9e:74
01-20 10:15:03.949 I/wpa_supplicant( 1775): AP:ssid[eduroam],rssi[-80],BSSID=9c:4e:20:c8:9e:72
01-20 10:15:03.949 I/wpa_supplicant( 1775): AP:ssid[cs],rssi[-77],BSSID=9c:4e:20:c8:9e:71
01-20 10:15:03.949 I/wpa_supplicant( 1775): AP:ssid[uos-visitor],rssi[-76],BSSID=9c:4e:20:c8:cc:54
01-20 10:15:03.949 I/wpa_supplicant( 1775): Received 2853 bytes of scan results (15 BSSes)
01-20 10:15:03.949 I/wpa_supplicant( 1775): wpa_driver_wext_get_scan_results---
01-20 10:15:03.949 I/wpa_supplicant( 1775): wpa_disabled_ssid_list_clear
01-20 10:15:03.949 V/WifiMonitor( 1592): Event [wpa_disabled_ssid_list_clear]
01-20 10:15:03.959 I/wpa_supplicant( 1775): No suitable AP found.
01-20 10:15:03.959 I/wpa_supplicant( 1775): CTRL-EVENT-STATE-CHANGE id=-1 state=1 BSSID=00:00:00:00:00:00
01-20 10:15:03.959 V/WifiMonitor( 1592): Event [CTRL-EVENT-STATE-CHANGE id=-1 state=1 BSSID=00:00:00:00:00:00]
01-20 10:15:03.979 D/WifiStateMachine( 1592): Changing supplicant state: SCANNING ==> INACTIVE
01-20 10:15:03.979 D/WifiStateMachine( 1592): setDetailed state, old =SCANNING and new state=IDLE
01-20 10:15:04.090 I/wpa_supplicant( 1775): CTRL-EVENT-STATE-CHANGE id=-1 state=2 BSSID=00:00:00:00:00:00
01-20 10:15:04.090 V/WifiMonitor( 1592): Event [CTRL-EVENT-STATE-CHANGE id=-1 state=2 BSSID=00:00:00:00:00:00]
01-20 10:15:04.090 D/WifiStateMachine( 1592): Changing supplicant state: INACTIVE ==> SCANNING
01-20 10:15:04.090 D/WifiStateMachine( 1592): setDetailed state, old =IDLE and new state=SCANNING
01-20 10:15:04.210 D/dalvikvm( 1827): GC_CONCURRENT freed 447K, 10% free 6860K/7559K, paused 3ms+4ms
01-20 10:15:04.410 I/System.out( 2578): 15
01-20 10:15:05.181 I/wpa_supplicant( 1775): got scan complete
01-20 10:15:05.181 I/wpa_supplicant( 1775): wpa_supplicant_get_scan_results:return scan results2
01-20 10:15:05.181 I/wpa_supplicant( 1775): AP:ssid[uos-connect],rssi[-51],BSSID=9c:4e:20:c8:b0:f3
01-20 10:15:05.181 I/wpa_supplicant( 1775): AP:ssid[hpsetup],rssi[-94],BSSID=c2:ce:46:d5:40:9c
01-20 10:15:05.191 I/wpa_supplicant( 1775): AP:ssid[BTOpenzone],rssi[-51],BSSID=9c:4e:20:c8:b0:f0
01-20 10:15:05.191 I/wpa_supplicant( 1775): AP:ssid[uos-visitor],rssi[-54],BSSID=9c:4e:20:c8:b0:f4
01-20 10:15:05.191 I/wpa_supplicant( 1775): AP:ssid[eduroam],rssi[-52],BSSID=9c:4e:20:c8:b0:f2
01-20 10:15:05.191 I/wpa_supplicant( 1775): AP:ssid[cs],rssi[-56],BSSID=9c:4e:20:c8:b0:f1
01-20 10:15:05.191 I/wpa_supplicant( 1775): AP:ssid[eduroam],rssi[-70],BSSID=9c:4e:20:c8:cc:52
01-20 10:15:05.191 I/wpa_supplicant( 1775): AP:ssid[cs],rssi[-74],BSSID=9c:4e:20:c8:cc:51
01-20 10:15:05.191 I/wpa_supplicant( 1775): AP:ssid[BTOpenzone],rssi[-75],BSSID=9c:4e:20:c8:cc:50
01-20 10:15:05.191 I/wpa_supplicant( 1775): AP:ssid[BTOpenzone],rssi[-79],BSSID=9c:4e:20:c8:9e:70
01-20 10:15:05.191 I/wpa_supplicant( 1775): AP:ssid[eduroam],rssi[-79],BSSID=9c:4e:20:c8:9e:72
01-20 10:15:05.191 I/wpa_supplicant( 1775): AP:ssid[uos-visitor],rssi[-81],BSSID=9c:4e:20:c8:9e:74
01-20 10:15:05.191 I/wpa_supplicant( 1775): AP:ssid[cs],rssi[-80],BSSID=9c:4e:20:c8:9e:71
01-20 10:15:05.191 I/wpa_supplicant( 1775): AP:ssid[uos-connect],rssi[-79],BSSID=9c:4e:20:c8:9e:73
01-20 10:15:05.191 I/wpa_supplicant( 1775): Received 2644 bytes of scan results (14 BSSes)
01-20 10:15:05.191 I/wpa_supplicant( 1775): wpa_driver_wext_get_scan_results---
01-20 10:15:05.201 I/wpa_supplicant( 1775): wpa_disabled_ssid_list_clear
01-20 10:15:05.201 V/WifiMonitor( 1592): Event [wpa_disabled_ssid_list_clear]
01-20 10:15:05.201 I/wpa_supplicant( 1775): No suitable AP found.
01-20 10:15:05.201 I/wpa_supplicant( 1775): CTRL-EVENT-STATE-CHANGE id=-1 state=1 BSSID=00:00:00:00:00:00
01-20 10:15:05.201 V/WifiMonitor( 1592): Event [CTRL-EVENT-STATE-CHANGE id=-1 state=1 BSSID=00:00:00:00:00:00]
01-20 10:15:05.221 D/WifiStateMachine( 1592): Changing supplicant state: SCANNING ==> INACTIVE
01-20 10:15:05.221 D/WifiStateMachine( 1592): setDetailed state, old =SCANNING and new state=IDLE
01-20 10:15:05.331 I/wpa_supplicant( 1775): CTRL-EVENT-STATE-CHANGE id=-1 state=2 BSSID=00:00:00:00:00:00
01-20 10:15:05.331 V/WifiMonitor( 1592): Event [CTRL-EVENT-STATE-CHANGE id=-1 state=2 BSSID=00:00:00:00:00:00]
01-20 10:15:05.331 D/WifiStateMachine( 1592): Changing supplicant state: INACTIVE ==> SCANNING
01-20 10:15:05.331 D/WifiStateMachine( 1592): setDetailed state, old =IDLE and new state=SCANNING
01-20 10:15:05.411 I/System.out( 2578): 14
01-20 10:15:06.412 I/System.out( 2578): 14
01-20 10:15:06.432 I/wpa_supplicant( 1775): got scan complete
01-20 10:15:06.432 I/wpa_supplicant( 1775): wpa_supplicant_get_scan_results:return scan results2
01-20 10:15:06.432 I/wpa_supplicant( 1775): AP:ssid[uos-connect],rssi[-52],BSSID=9c:4e:20:c8:b0:f3
01-20 10:15:06.432 I/wpa_supplicant( 1775): AP:ssid[BTOpenzone],rssi[-52],BSSID=9c:4e:20:c8:b0:f0
01-20 10:15:06.432 I/wpa_supplicant( 1775): AP:ssid[uos-visitor],rssi[-53],BSSID=9c:4e:20:c8:b0:f4
01-20 10:15:06.432 I/wpa_supplicant( 1775): AP:ssid[eduroam],rssi[-53],BSSID=9c:4e:20:c8:b0:f2
01-20 10:15:06.432 I/wpa_supplicant( 1775): AP:ssid[cs],rssi[-52],BSSID=9c:4e:20:c8:b0:f1
01-20 10:15:06.432 I/wpa_supplicant( 1775): AP:ssid[uos-visitor],rssi[-72],BSSID=9c:4e:20:c8:cc:54
01-20 10:15:06.432 I/wpa_supplicant( 1775): AP:ssid[cs],rssi[-72],BSSID=9c:4e:20:c8:cc:51
01-20 10:15:06.432 I/wpa_supplicant( 1775): AP:ssid[BTOpenzone],rssi[-75],BSSID=9c:4e:20:c8:cc:50
01-20 10:15:06.432 I/wpa_supplicant( 1775): AP:ssid[eduroam],rssi[-74],BSSID=9c:4e:20:c8:cc:52
01-20 10:15:06.432 I/wpa_supplicant( 1775): AP:ssid[uos-connect],rssi[-74],BSSID=9c:4e:20:c8:cc:53
01-20 10:15:06.432 I/wpa_supplicant( 1775): AP:ssid[BTOpenzone],rssi[-80],BSSID=9c:4e:20:c8:9e:70
01-20 10:15:06.432 I/wpa_supplicant( 1775): AP:ssid[uos-visitor],rssi[-80],BSSID=9c:4e:20:c8:9e:74
01-20 10:15:06.432 I/wpa_supplicant( 1775): AP:ssid[eduroam],rssi[-79],BSSID=9c:4e:20:c8:9e:72
01-20 10:15:06.432 I/wpa_supplicant( 1775): AP:ssid[cs],rssi[-81],BSSID=9c:4e:20:c8:9e:71
01-20 10:15:06.432 I/wpa_supplicant( 1775): AP:ssid[uos-connect],rssi[-79],BSSID=9c:4e:20:c8:9e:73
01-20 10:15:06.432 I/wpa_supplicant( 1775): Received 2853 bytes of scan results (15 BSSes)
01-20 10:15:06.432 I/wpa_supplicant( 1775): wpa_driver_wext_get_scan_results---
01-20 10:15:06.442 I/wpa_supplicant( 1775): wpa_disabled_ssid_list_clear
01-20 10:15:06.442 V/WifiMonitor( 1592): Event [wpa_disabled_ssid_list_clear]
01-20 10:15:06.452 I/wpa_supplicant( 1775): No suitable AP found.
01-20 10:15:06.452 I/wpa_supplicant( 1775): CTRL-EVENT-STATE-CHANGE id=-1 state=1 BSSID=00:00:00:00:00:00
01-20 10:15:06.452 V/WifiMonitor( 1592): Event [CTRL-EVENT-STATE-CHANGE id=-1 state=1 BSSID=00:00:00:00:00:00]
01-20 10:15:06.472 D/WifiStateMachine( 1592): Changing supplicant state: SCANNING ==> INACTIVE
01-20 10:15:06.472 D/WifiStateMachine( 1592): setDetailed state, old =SCANNING and new state=IDLE
01-20 10:15:06.572 I/wpa_supplicant( 1775): CTRL-EVENT-STATE-CHANGE id=-1 state=2 BSSID=00:00:00:00:00:00
01-20 10:15:06.572 V/WifiMonitor( 1592): Event [CTRL-EVENT-STATE-CHANGE id=-1 state=2 BSSID=00:00:00:00:00:00]
01-20 10:15:06.572 D/WifiStateMachine( 1592): Changing supplicant state: INACTIVE ==> SCANNING
01-20 10:15:06.572 D/WifiStateMachine( 1592): setDetailed state, old =IDLE and new state=SCANNING
01-20 10:15:06.592 D/dalvikvm( 1827): GC_CONCURRENT freed 447K, 8% free 7010K/7559K, paused 1ms+21ms
01-20 10:15:07.413 I/System.out( 2578): 15
01-20 10:15:07.663 I/wpa_supplicant( 1775): got scan complete
01-20 10:15:07.663 I/wpa_supplicant( 1775): wpa_supplicant_get_scan_results:return scan results2
01-20 10:15:07.663 I/wpa_supplicant( 1775): AP:ssid[uos-connect],rssi[-52],BSSID=9c:4e:20:c8:b0:f3
01-20 10:15:07.663 I/wpa_supplicant( 1775): AP:ssid[BTOpenzone],rssi[-53],BSSID=9c:4e:20:c8:b0:f0
01-20 10:15:07.663 I/wpa_supplicant( 1775): AP:ssid[uos-visitor],rssi[-55],BSSID=9c:4e:20:c8:b0:f4
01-20 10:15:07.663 I/wpa_supplicant( 1775): AP:ssid[cs],rssi[-52],BSSID=9c:4e:20:c8:b0:f1
01-20 10:15:07.673 I/wpa_supplicant( 1775): AP:ssid[eduroam],rssi[-52],BSSID=9c:4e:20:c8:b0:f2
01-20 10:15:07.673 I/wpa_supplicant( 1775): AP:ssid[uos-visitor],rssi[-74],BSSID=9c:4e:20:c8:cc:54
01-20 10:15:07.673 I/wpa_supplicant( 1775): AP:ssid[cs],rssi[-75],BSSID=9c:4e:20:c8:cc:51
01-20 10:15:07.673 I/wpa_supplicant( 1775): AP:ssid[BTOpenzone],rssi[-81],BSSID=9c:4e:20:c8:9e:70
01-20 10:15:07.673 I/wpa_supplicant( 1775): AP:ssid[BTOpenzone],rssi[-72],BSSID=9c:4e:20:c8:cc:50
01-20 10:15:07.673 I/wpa_supplicant( 1775): AP:ssid[uos-visitor],rssi[-79],BSSID=9c:4e:20:c8:9e:74
01-20 10:15:07.673 I/wpa_supplicant( 1775): AP:ssid[eduroam],rssi[-79],BSSID=9c:4e:20:c8:9e:72
01-20 10:15:07.673 I/wpa_supplicant( 1775): AP:ssid[cs],rssi[-78],BSSID=9c:4e:20:c8:9e:71
01-20 10:15:07.673 I/wpa_supplicant( 1775): AP:ssid[eduroam],rssi[-72],BSSID=9c:4e:20:c8:cc:52
01-20 10:15:07.673 I/wpa_supplicant( 1775): AP:ssid[uos-connect],rssi[-81],BSSID=9c:4e:20:c8:9e:73
01-20 10:15:07.673 I/wpa_supplicant( 1775): Received 2678 bytes of scan results (14 BSSes)
01-20 10:15:07.673 I/wpa_supplicant( 1775): wpa_driver_wext_get_scan_results---
01-20 10:15:07.683 I/wpa_supplicant( 1775): wpa_disabled_ssid_list_clear
01-20 10:15:07.683 V/WifiMonitor( 1592): Event [wpa_disabled_ssid_list_clear]
01-20 10:15:07.683 I/wpa_supplicant( 1775): No suitable AP found.
01-20 10:15:07.683 I/wpa_supplicant( 1775): CTRL-EVENT-STATE-CHANGE id=-1 state=1 BSSID=00:00:00:00:00:00
01-20 10:15:07.683 V/WifiMonitor( 1592): Event [CTRL-EVENT-STATE-CHANGE id=-1 state=1 BSSID=00:00:00:00:00:00]
01-20 10:15:07.703 D/WifiStateMachine( 1592): Changing supplicant state: SCANNING ==> INACTIVE
01-20 10:15:07.703 D/WifiStateMachine( 1592): setDetailed state, old =SCANNING and new state=IDLE
01-20 10:15:07.813 I/wpa_supplicant( 1775): CTRL-EVENT-STATE-CHANGE id=-1 state=2 BSSID=00:00:00:00:00:00
01-20 10:15:07.813 V/WifiMonitor( 1592): Event [CTRL-EVENT-STATE-CHANGE id=-1 state=2 BSSID=00:00:00:00:00:00]
01-20 10:15:07.813 D/WifiStateMachine( 1592): Changing supplicant state: INACTIVE ==> SCANNING
01-20 10:15:07.813 D/WifiStateMachine( 1592): setDetailed state, old =IDLE and new state=SCANNING
01-20 10:15:08.404 I/System.out( 2578): 14
01-20 10:15:08.954 I/wpa_supplicant( 1775): got scan complete
01-20 10:15:08.954 I/wpa_supplicant( 1775): wpa_supplicant_get_scan_results:return scan results2
01-20 10:15:08.954 I/wpa_supplicant( 1775): AP:ssid[cs],rssi[-57],BSSID=9c:4e:20:c8:b0:f1
01-20 10:15:08.954 I/wpa_supplicant( 1775): AP:ssid[uos-connect],rssi[-55],BSSID=9c:4e:20:c8:b0:f3
01-20 10:15:08.954 I/wpa_supplicant( 1775): AP:ssid[LD-Net],rssi[-89],BSSID=00:14:6c:fd:72:38
01-20 10:15:08.954 I/wpa_supplicant( 1775): AP:ssid[hpsetup],rssi[-93],BSSID=c2:ce:46:d5:40:9c
01-20 10:15:08.954 I/wpa_supplicant( 1775): AP:ssid[BTOpenzone],rssi[-52],BSSID=9c:4e:20:c8:b0:f0
01-20 10:15:08.954 I/wpa_supplicant( 1775): AP:ssid[uos-visitor],rssi[-57],BSSID=9c:4e:20:c8:b0:f4
01-20 10:15:08.954 I/wpa_supplicant( 1775): AP:ssid[eduroam],rssi[-52],BSSID=9c:4e:20:c8:b0:f2
01-20 10:15:08.954 I/wpa_supplicant( 1775): AP:ssid[BTOpenzone],rssi[-75],BSSID=9c:4e:20:c8:cc:50
01-20 10:15:08.954 I/wpa_supplicant( 1775): AP:ssid[eduroam],rssi[-74],BSSID=9c:4e:20:c8:cc:52
01-20 10:15:08.954 I/wpa_supplicant( 1775): AP:ssid[uos-connect],rssi[-73],BSSID=9c:4e:20:c8:cc:53
01-20 10:15:08.954 I/wpa_supplicant( 1775): AP:ssid[BTOpenzone],rssi[-78],BSSID=9c:4e:20:c8:9e:70
01-20 10:15:08.954 I/wpa_supplicant( 1775): AP:ssid[uos-visitor],rssi[-72],BSSID=9c:4e:20:c8:cc:54
01-20 10:15:08.954 I/wpa_supplicant( 1775): AP:ssid[uos-visitor],rssi[-80],BSSID=9c:4e:20:c8:9e:74
01-20 10:15:08.954 I/wpa_supplicant( 1775): AP:ssid[eduroam],rssi[-79],BSSID=9c:4e:20:c8:9e:72
01-20 10:15:08.954 I/wpa_supplicant( 1775): AP:ssid[cs],rssi[-81],BSSID=9c:4e:20:c8:9e:71
01-20 10:15:08.954 I/wpa_supplicant( 1775): AP:ssid[uos-connect],rssi[-77],BSSID=9c:4e:20:c8:9e:73
01-20 10:15:08.954 I/wpa_supplicant( 1775): Received 3028 bytes of scan results (16 BSSes)
01-20 10:15:08.954 I/wpa_supplicant( 1775): wpa_driver_wext_get_scan_results---
01-20 10:15:08.964 I/wpa_supplicant( 1775): wpa_disabled_ssid_list_clear
01-20 10:15:08.964 V/WifiMonitor( 1592): Event [wpa_disabled_ssid_list_clear]
01-20 10:15:08.974 I/wpa_supplicant( 1775): No suitable AP found.
01-20 10:15:08.974 I/wpa_supplicant( 1775): CTRL-EVENT-STATE-CHANGE id=-1 state=1 BSSID=00:00:00:00:00:00
01-20 10:15:08.974 V/WifiMonitor( 1592): Event [CTRL-EVENT-STATE-CHANGE id=-1 state=1 BSSID=00:00:00:00:00:00]
01-20 10:15:08.994 D/WifiStateMachine( 1592): Changing supplicant state: SCANNING ==> INACTIVE
01-20 10:15:08.994 D/WifiStateMachine( 1592): setDetailed state, old =SCANNING and new state=IDLE
01-20 10:15:09.044 D/dalvikvm( 1827): GC_CONCURRENT freed 595K, 10% free 6860K/7559K, paused 1ms+1ms
01-20 10:15:09.104 I/wpa_supplicant( 1775): CTRL-EVENT-STATE-CHANGE id=-1 state=2 BSSID=00:00:00:00:00:00
01-20 10:15:09.104 V/WifiMonitor( 1592): Event [CTRL-EVENT-STATE-CHANGE id=-1 state=2 BSSID=00:00:00:00:00:00]
01-20 10:15:09.104 D/WifiStateMachine( 1592): Changing supplicant state: INACTIVE ==> SCANNING
01-20 10:15:09.104 D/WifiStateMachine( 1592): setDetailed state, old =IDLE and new state=SCANNING
01-20 10:15:09.415 I/System.out( 2578): 16
01-20 10:15:09.795 D/UsbnetService( 1592): BroadcastReceiver::onReceive+
01-20 10:15:09.795 D/UsbnetService( 1592): onReceive BATTERY_CHANGED
01-20 10:15:09.795 D/UsbnetService( 1592):  --> pluggedType = 0, mPluggedType = 0, mScreenOff = false
01-20 10:15:09.795 D/UsbnetService( 1592): BroadcastReceiver::onReceive-
01-20 10:15:09.795 D/WifiService( 1592): ACTION_BATTERY_CHANGED pluggedType: 0
01-20 10:15:09.805 D/BatteryService( 1592): SendIntentforPowersaver
01-20 10:15:09.805 D/NotificationService( 1592): mIntentReceiver() Intent.ACTION_BATTERY_CHANGED
01-20 10:15:09.815 D/BatteryService( 1592): Current powersaver status == NORMAL_STATUS1 4 2 false
01-20 10:15:09.835 D/RemoveMe( 1687): DCT got intent android.intent.action.BATTERY_CHANGED
01-20 10:15:09.835 D/RemoveMe( 1687): DCT got intent android.intent.action.BATTERY_CHANGED
01-20 10:15:09.835 D/RemoveMe( 1687): DCT got intent android.intent.action.BATTERY_CHANGED
01-20 10:15:09.835 D/PowerUI ( 1666): plugged = false, health = 2, mBatteryLevel = 99, mPluggedBatteryLevel = 99, mLowBatteryWarningLevel2 = 25, mshowLowChargingWarning2 = true
01-20 10:15:10.196 I/wpa_supplicant( 1775): got scan complete
01-20 10:15:10.196 I/wpa_supplicant( 1775): wpa_supplicant_get_scan_results:return scan results2
01-20 10:15:10.206 I/wpa_supplicant( 1775): AP:ssid[uos-connect],rssi[-52],BSSID=9c:4e:20:c8:b0:f3
01-20 10:15:10.206 I/wpa_supplicant( 1775): AP:ssid[BTOpenzone],rssi[-51],BSSID=9c:4e:20:c8:b0:f0
01-20 10:15:10.206 I/wpa_supplicant( 1775): AP:ssid[uos-visitor],rssi[-52],BSSID=9c:4e:20:c8:b0:f4
01-20 10:15:10.206 I/wpa_supplicant( 1775): AP:ssid[eduroam],rssi[-52],BSSID=9c:4e:20:c8:b0:f2
01-20 10:15:10.206 I/wpa_supplicant( 1775): AP:ssid[cs],rssi[-51],BSSID=9c:4e:20:c8:b0:f1
01-20 10:15:10.206 I/wpa_supplicant( 1775): AP:ssid[cs],rssi[-75],BSSID=9c:4e:20:c8:cc:51
01-20 10:15:10.206 I/wpa_supplicant( 1775): AP:ssid[BTOpenzone],rssi[-76],BSSID=9c:4e:20:c8:cc:50
01-20 10:15:10.206 I/wpa_supplicant( 1775): AP:ssid[uos-visitor],rssi[-75],BSSID=9c:4e:20:c8:cc:54
01-20 10:15:10.206 I/wpa_supplicant( 1775): AP:ssid[eduroam],rssi[-76],BSSID=9c:4e:20:c8:cc:52
01-20 10:15:10.206 I/wpa_supplicant( 1775): AP:ssid[uos-connect],rssi[-73],BSSID=9c:4e:20:c8:cc:53
01-20 10:15:10.206 I/wpa_supplicant( 1775): AP:ssid[BTOpenzone],rssi[-80],BSSID=9c:4e:20:c8:9e:70
01-20 10:15:10.206 I/wpa_supplicant( 1775): AP:ssid[uos-visitor],rssi[-80],BSSID=9c:4e:20:c8:9e:74
01-20 10:15:10.206 I/wpa_supplicant( 1775): AP:ssid[eduroam],rssi[-79],BSSID=9c:4e:20:c8:9e:72
01-20 10:15:10.206 I/wpa_supplicant( 1775): AP:ssid[cs],rssi[-78],BSSID=9c:4e:20:c8:9e:71
01-20 10:15:10.206 I/wpa_supplicant( 1775): AP:ssid[uos-connect],rssi[-79],BSSID=9c:4e:20:c8:9e:73
01-20 10:15:10.206 I/wpa_supplicant( 1775): Received 2853 bytes of scan results (15 BSSes)
01-20 10:15:10.206 I/wpa_supplicant( 1775): wpa_driver_wext_get_scan_results---
01-20 10:15:10.206 I/wpa_supplicant( 1775): wpa_disabled_ssid_list_clear
01-20 10:15:10.216 V/WifiMonitor( 1592): Event [wpa_disabled_ssid_list_clear]
01-20 10:15:10.216 I/wpa_supplicant( 1775): No suitable AP found.
01-20 10:15:10.216 I/wpa_supplicant( 1775): CTRL-EVENT-STATE-CHANGE id=-1 state=1 BSSID=00:00:00:00:00:00
01-20 10:15:10.216 V/WifiMonitor( 1592): Event [CTRL-EVENT-STATE-CHANGE id=-1 state=1 BSSID=00:00:00:00:00:00]
01-20 10:15:10.236 D/WifiStateMachine( 1592): Changing supplicant state: SCANNING ==> INACTIVE
01-20 10:15:10.236 D/WifiStateMachine( 1592): setDetailed state, old =SCANNING and new state=IDLE
01-20 10:15:10.346 I/wpa_supplicant( 1775): CTRL-EVENT-STATE-CHANGE id=-1 state=2 BSSID=00:00:00:00:00:00
01-20 10:15:10.346 V/WifiMonitor( 1592): Event [CTRL-EVENT-STATE-CHANGE id=-1 state=2 BSSID=00:00:00:00:00:00]
01-20 10:15:10.346 D/WifiStateMachine( 1592): Changing supplicant state: INACTIVE ==> SCANNING
01-20 10:15:10.346 D/WifiStateMachine( 1592): setDetailed state, old =IDLE and new state=SCANNING
01-20 10:15:10.416 I/System.out( 2578): 15
01-20 10:15:10.456 D/dalvikvm( 1827): GC_CONCURRENT freed 446K, 10% free 6860K/7559K, paused 4ms+1ms
01-20 10:15:11.417 I/System.out( 2578): 15
01-20 10:15:11.437 I/wpa_supplicant( 1775): got scan complete
01-20 10:15:11.437 I/wpa_supplicant( 1775): wpa_supplicant_get_scan_results:return scan results2
01-20 10:15:11.437 I/wpa_supplicant( 1775): AP:ssid[uos-connect],rssi[-52],BSSID=9c:4e:20:c8:b0:f3
01-20 10:15:11.447 I/wpa_supplicant( 1775): AP:ssid[BTOpenzone],rssi[-51],BSSID=9c:4e:20:c8:b0:f0
01-20 10:15:11.447 I/wpa_supplicant( 1775): AP:ssid[uos-visitor],rssi[-52],BSSID=9c:4e:20:c8:b0:f4
01-20 10:15:11.447 I/wpa_supplicant( 1775): AP:ssid[eduroam],rssi[-56],BSSID=9c:4e:20:c8:b0:f2
01-20 10:15:11.447 I/wpa_supplicant( 1775): AP:ssid[cs],rssi[-53],BSSID=9c:4e:20:c8:b0:f1
01-20 10:15:11.447 I/wpa_supplicant( 1775): AP:ssid[BTOpenzone],rssi[-69],BSSID=9c:4e:20:c8:cc:50
01-20 10:15:11.447 I/wpa_supplicant( 1775): AP:ssid[uos-visitor],rssi[-74],BSSID=9c:4e:20:c8:cc:54
01-20 10:15:11.447 I/wpa_supplicant( 1775): AP:ssid[eduroam],rssi[-74],BSSID=9c:4e:20:c8:cc:52
01-20 10:15:11.447 I/wpa_supplicant( 1775): AP:ssid[uos-connect],rssi[-75],BSSID=9c:4e:20:c8:cc:53
01-20 10:15:11.447 I/wpa_supplicant( 1775): AP:ssid[cs],rssi[-74],BSSID=9c:4e:20:c8:cc:51
01-20 10:15:11.447 I/wpa_supplicant( 1775): AP:ssid[uos-connect],rssi[-82],BSSID=9c:4e:20:c8:9e:73
01-20 10:15:11.447 I/wpa_supplicant( 1775): AP:ssid[BTOpenzone],rssi[-82],BSSID=9c:4e:20:c8:9e:70
01-20 10:15:11.447 I/wpa_supplicant( 1775): AP:ssid[eduroam],rssi[-81],BSSID=9c:4e:20:c8:9e:72
01-20 10:15:11.447 I/wpa_supplicant( 1775): AP:ssid[uos-visitor],rssi[-81],BSSID=9c:4e:20:c8:9e:74
01-20 10:15:11.447 I/wpa_supplicant( 1775): AP:ssid[cs],rssi[-82],BSSID=9c:4e:20:c8:9e:71
01-20 10:15:11.447 I/wpa_supplicant( 1775): Received 2853 bytes of scan results (15 BSSes)
01-20 10:15:11.447 I/wpa_supplicant( 1775): wpa_driver_wext_get_scan_results---
01-20 10:15:11.447 I/wpa_supplicant( 1775): wpa_disabled_ssid_list_clear
01-20 10:15:11.457 V/WifiMonitor( 1592): Event [wpa_disabled_ssid_list_clear]
01-20 10:15:11.457 I/wpa_supplicant( 1775): No suitable AP found.
01-20 10:15:11.457 I/wpa_supplicant( 1775): CTRL-EVENT-STATE-CHANGE id=-1 state=1 BSSID=00:00:00:00:00:00
01-20 10:15:11.457 V/WifiMonitor( 1592): Event [CTRL-EVENT-STATE-CHANGE id=-1 state=1 BSSID=00:00:00:00:00:00]
01-20 10:15:11.477 D/WifiStateMachine( 1592): Changing supplicant state: SCANNING ==> INACTIVE
01-20 10:15:11.477 D/WifiStateMachine( 1592): setDetailed state, old =SCANNING and new state=IDLE
01-20 10:15:11.577 I/wpa_supplicant( 1775): CTRL-EVENT-STATE-CHANGE id=-1 state=2 BSSID=00:00:00:00:00:00
01-20 10:15:11.577 V/WifiMonitor( 1592): Event [CTRL-EVENT-STATE-CHANGE id=-1 state=2 BSSID=00:00:00:00:00:00]
