01-20 10:14:09.686 D/UsbnetService( 1592): BroadcastReceiver::onReceive-
01-20 10:14:09.686 D/WifiService( 1592): ACTION_BATTERY_CHANGED pluggedType: 0
01-20 10:14:09.686 D/NotificationService( 1592): mIntentReceiver() Intent.ACTION_BATTERY_CHANGED
01-20 10:14:09.696 D/BatteryService( 1592): SendIntentforPowersaver
01-20 10:14:09.696 D/BatteryService( 1592): Current powersaver status == NORMAL_STATUS1 4 2 false
01-20 10:14:09.707 D/PowerUI ( 1666): plugged = false, health = 2, mBatteryLevel = 99, mPluggedBatteryLevel = 99, mLowBatteryWarningLevel2 = 25, mshowLowChargingWarning2 = true
01-20 10:14:09.717 D/RemoveMe( 1687): DCT got intent android.intent.action.BATTERY_CHANGED
01-20 10:14:09.737 D/RemoveMe( 1687): DCT got intent android.intent.action.BATTERY_CHANGED
01-20 10:14:09.747 D/RemoveMe( 1687): DCT got intent android.intent.action.BATTERY_CHANGED
01-20 10:14:10.377 I/System.out( 2578): 15
01-20 10:14:10.507 I/wpa_supplicant( 1775): got scan complete
01-20 10:14:10.507 I/wpa_supplicant( 1775): wpa_supplicant_get_scan_results:return scan results2
01-20 10:14:10.507 I/wpa_supplicant( 1775): AP:ssid[eduroam],rssi[-50],BSSID=9c:4e:20:c8:b0:f2
01-20 10:14:10.507 I/wpa_supplicant( 1775): AP:ssid[cs],rssi[-51],BSSID=9c:4e:20:c8:b0:f1
01-20 10:14:10.507 I/wpa_supplicant( 1775): AP:ssid[hpsetup],rssi[-97],BSSID=c2:ce:46:d5:40:9c
01-20 10:14:10.507 I/wpa_supplicant( 1775): AP:ssid[uos-connect],rssi[-50],BSSID=9c:4e:20:c8:b0:f3
01-20 10:14:10.507 I/wpa_supplicant( 1775): AP:ssid[BTOpenzone],rssi[-51],BSSID=9c:4e:20:c8:b0:f0
01-20 10:14:10.507 I/wpa_supplicant( 1775): AP:ssid[uos-visitor],rssi[-49],BSSID=9c:4e:20:c8:b0:f4
01-20 10:14:10.517 I/wpa_supplicant( 1775): AP:ssid[BTOpenzone],rssi[-72],BSSID=9c:4e:20:c8:cc:50
01-20 10:14:10.517 I/wpa_supplicant( 1775): AP:ssid[eduroam],rssi[-72],BSSID=9c:4e:20:c8:cc:52
01-20 10:14:10.517 I/wpa_supplicant( 1775): AP:ssid[cs],rssi[-74],BSSID=9c:4e:20:c8:cc:51
01-20 10:14:10.517 I/wpa_supplicant( 1775): AP:ssid[uos-connect],rssi[-73],BSSID=9c:4e:20:c8:cc:53
01-20 10:14:10.527 I/wpa_supplicant( 1775): AP:ssid[uos-visitor],rssi[-73],BSSID=9c:4e:20:c8:cc:54
01-20 10:14:10.527 I/wpa_supplicant( 1775): AP:ssid[uos-visitor],rssi[-80],BSSID=9c:4e:20:c8:9e:74
01-20 10:14:10.527 I/wpa_supplicant( 1775): AP:ssid[cs],rssi[-80],BSSID=9c:4e:20:c8:9e:71
01-20 10:14:10.527 I/wpa_supplicant( 1775): AP:ssid[uos-connect],rssi[-82],BSSID=9c:4e:20:c8:9e:73
01-20 10:14:10.527 I/wpa_supplicant( 1775): AP:ssid[BTOpenzone],rssi[-83],BSSID=9c:4e:20:c8:9e:70
01-20 10:14:10.527 I/wpa_supplicant( 1775): AP:ssid[eduroam],rssi[-83],BSSID=9c:4e:20:c8:9e:72
01-20 10:14:10.527 I/wpa_supplicant( 1775): Received 2960 bytes of scan results (16 BSSes)
01-20 10:14:10.527 I/wpa_supplicant( 1775): wpa_driver_wext_get_scan_results---
01-20 10:14:10.527 I/wpa_supplicant( 1775): wpa_disabled_ssid_list_clear
01-20 10:14:10.527 V/WifiMonitor( 1592): Event [wpa_disabled_ssid_list_clear]
01-20 10:14:10.527 I/wpa_supplicant( 1775): No suitable AP found.
01-20 10:14:10.527 I/wpa_supplicant( 1775): CTRL-EVENT-STATE-CHANGE id=-1 state=1 BSSID=00:00:00:00:00:00
01-20 10:14:10.527 V/WifiMonitor( 1592): Event [CTRL-EVENT-STATE-CHANGE id=-1 state=1 BSSID=00:00:00:00:00:00]
01-20 10:14:10.557 D/WifiStateMachine( 1592): Changing supplicant state: SCANNING ==> INACTIVE
01-20 10:14:10.557 D/WifiStateMachine( 1592): setDetailed state, old =SCANNING and new state=IDLE
01-20 10:14:10.667 I/wpa_supplicant( 1775): CTRL-EVENT-STATE-CHANGE id=-1 state=2 BSSID=00:00:00:00:00:00
01-20 10:14:10.667 V/WifiMonitor( 1592): Event [CTRL-EVENT-STATE-CHANGE id=-1 state=2 BSSID=00:00:00:00:00:00]
01-20 10:14:10.667 D/WifiStateMachine( 1592): Changing supplicant state: INACTIVE ==> SCANNING
01-20 10:14:10.667 D/WifiStateMachine( 1592): setDetailed state, old =IDLE and new state=SCANNING
01-20 10:14:10.778 D/dalvikvm( 1827): GC_CONCURRENT freed 447K, 10% free 6860K/7559K, paused 4ms+4ms
01-20 10:14:11.378 I/System.out( 2578): 16
01-20 10:14:11.759 I/wpa_supplicant( 1775): got scan complete
01-20 10:14:11.759 I/wpa_supplicant( 1775): wpa_supplicant_get_scan_results:return scan results2
01-20 10:14:11.759 I/wpa_supplicant( 1775): AP:ssid[uos-visitor],rssi[-51],BSSID=9c:4e:20:c8:b0:f4
01-20 10:14:11.759 I/wpa_supplicant( 1775): AP:ssid[eduroam],rssi[-51],BSSID=9c:4e:20:c8:b0:f2
01-20 10:14:11.759 I/wpa_supplicant( 1775): AP:ssid[cs],rssi[-50],BSSID=9c:4e:20:c8:b0:f1
01-20 10:14:11.759 I/wpa_supplicant( 1775): AP:ssid[uos-connect],rssi[-50],BSSID=9c:4e:20:c8:b0:f3
01-20 10:14:11.759 I/wpa_supplicant( 1775): AP:ssid[BTOpenzone],rssi[-51],BSSID=9c:4e:20:c8:b0:f0
01-20 10:14:11.759 I/wpa_supplicant( 1775): AP:ssid[BTOpenzone],rssi[-71],BSSID=9c:4e:20:c8:cc:50
01-20 10:14:11.769 I/wpa_supplicant( 1775): AP:ssid[eduroam],rssi[-73],BSSID=9c:4e:20:c8:cc:52
01-20 10:14:11.769 I/wpa_supplicant( 1775): AP:ssid[cs],rssi[-73],BSSID=9c:4e:20:c8:cc:51
01-20 10:14:11.769 I/wpa_supplicant( 1775): AP:ssid[uos-visitor],rssi[-73],BSSID=9c:4e:20:c8:cc:54
01-20 10:14:11.769 I/wpa_supplicant( 1775): AP:ssid[uos-connect],rssi[-72],BSSID=9c:4e:20:c8:cc:53
01-20 10:14:11.769 I/wpa_supplicant( 1775): AP:ssid[cs],rssi[-82],BSSID=9c:4e:20:c8:9e:71
01-20 10:14:11.769 I/wpa_supplicant( 1775): AP:ssid[uos-connect],rssi[-83],BSSID=9c:4e:20:c8:9e:73
01-20 10:14:11.769 I/wpa_supplicant( 1775): AP:ssid[uos-visitor],rssi[-85],BSSID=9c:4e:20:c8:9e:74
01-20 10:14:11.769 I/wpa_supplicant( 1775): AP:ssid[eduroam],rssi[-85],BSSID=9c:4e:20:c8:9e:72
01-20 10:14:11.769 I/wpa_supplicant( 1775): AP:ssid[BTOpenzone],rssi[-80],BSSID=9c:4e:20:c8:9e:70
01-20 10:14:11.769 I/wpa_supplicant( 1775): Received 2853 bytes of scan results (15 BSSes)
01-20 10:14:11.769 I/wpa_supplicant( 1775): wpa_driver_wext_get_scan_results---
01-20 10:14:11.769 I/wpa_supplicant( 1775): wpa_disabled_ssid_list_clear
01-20 10:14:11.769 V/WifiMonitor( 1592): Event [wpa_disabled_ssid_list_clear]
01-20 10:14:11.769 I/wpa_supplicant( 1775): No suitable AP found.
01-20 10:14:11.769 I/wpa_supplicant( 1775): CTRL-EVENT-STATE-CHANGE id=-1 state=1 BSSID=00:00:00:00:00:00
01-20 10:14:11.769 V/WifiMonitor( 1592): Event [CTRL-EVENT-STATE-CHANGE id=-1 state=1 BSSID=00:00:00:00:00:00]
01-20 10:14:11.799 D/WifiStateMachine( 1592): Changing supplicant state: SCANNING ==> INACTIVE
01-20 10:14:11.799 D/WifiStateMachine( 1592): setDetailed state, old =SCANNING and new state=IDLE
01-20 10:14:11.899 I/wpa_supplicant( 1775): CTRL-EVENT-STATE-CHANGE id=-1 state=2 BSSID=00:00:00:00:00:00
01-20 10:14:11.899 V/WifiMonitor( 1592): Event [CTRL-EVENT-STATE-CHANGE id=-1 state=2 BSSID=00:00:00:00:00:00]
01-20 10:14:11.909 D/WifiStateMachine( 1592): Changing supplicant state: INACTIVE ==> SCANNING
01-20 10:14:11.909 D/WifiStateMachine( 1592): setDetailed state, old =IDLE and new state=SCANNING
01-20 10:14:12.379 I/System.out( 2578): 15
01-20 10:14:13.000 I/wpa_supplicant( 1775): got scan complete
01-20 10:14:13.000 I/wpa_supplicant( 1775): wpa_supplicant_get_scan_results:return scan results2
01-20 10:14:13.000 I/wpa_supplicant( 1775): AP:ssid[BTOpenzone],rssi[-50],BSSID=9c:4e:20:c8:b0:f0
01-20 10:14:13.000 I/wpa_supplicant( 1775): AP:ssid[uos-visitor],rssi[-49],BSSID=9c:4e:20:c8:b0:f4
01-20 10:14:13.000 I/wpa_supplicant( 1775): AP:ssid[eduroam],rssi[-50],BSSID=9c:4e:20:c8:b0:f2
01-20 10:14:13.000 I/wpa_supplicant( 1775): AP:ssid[cs],rssi[-50],BSSID=9c:4e:20:c8:b0:f1
01-20 10:14:13.000 I/wpa_supplicant( 1775): AP:ssid[uos-connect],rssi[-50],BSSID=9c:4e:20:c8:b0:f3
01-20 10:14:13.000 I/wpa_supplicant( 1775): AP:ssid[BTOpenzone],rssi[-74],BSSID=9c:4e:20:c8:cc:50
01-20 10:14:13.000 I/wpa_supplicant( 1775): AP:ssid[eduroam],rssi[-72],BSSID=9c:4e:20:c8:cc:52
01-20 10:14:13.000 I/wpa_supplicant( 1775): AP:ssid[cs],rssi[-73],BSSID=9c:4e:20:c8:cc:51
01-20 10:14:13.010 I/wpa_supplicant( 1775): AP:ssid[uos-connect],rssi[-72],BSSID=9c:4e:20:c8:cc:53
01-20 10:14:13.010 I/wpa_supplicant( 1775): AP:ssid[uos-visitor],rssi[-72],BSSID=9c:4e:20:c8:cc:54
01-20 10:14:13.010 I/wpa_supplicant( 1775): AP:ssid[eduroam],rssi[-80],BSSID=9c:4e:20:c8:9e:72
01-20 10:14:13.010 I/wpa_supplicant( 1775): AP:ssid[uos-connect],rssi[-80],BSSID=9c:4e:20:c8:9e:73
01-20 10:14:13.010 I/wpa_supplicant( 1775): AP:ssid[BTOpenzone],rssi[-80],BSSID=9c:4e:20:c8:9e:70
01-20 10:14:13.010 I/wpa_supplicant( 1775): AP:ssid[uos-visitor],rssi[-80],BSSID=9c:4e:20:c8:9e:74
01-20 10:14:13.010 I/wpa_supplicant( 1775): AP:ssid[cs],rssi[-80],BSSID=9c:4e:20:c8:9e:71
01-20 10:14:13.010 I/wpa_supplicant( 1775): Received 2853 bytes of scan results (15 BSSes)
01-20 10:14:13.010 I/wpa_supplicant( 1775): wpa_driver_wext_get_scan_results---
01-20 10:14:13.010 I/wpa_supplicant( 1775): wpa_disabled_ssid_list_clear
01-20 10:14:13.010 V/WifiMonitor( 1592): Event [wpa_disabled_ssid_list_clear]
01-20 10:14:13.010 I/wpa_supplicant( 1775): No suitable AP found.
01-20 10:14:13.010 I/wpa_supplicant( 1775): CTRL-EVENT-STATE-CHANGE id=-1 state=1 BSSID=00:00:00:00:00:00
01-20 10:14:13.010 V/WifiMonitor( 1592): Event [CTRL-EVENT-STATE-CHANGE id=-1 state=1 BSSID=00:00:00:00:00:00]
01-20 10:14:13.030 D/WifiStateMachine( 1592): Changing supplicant state: SCANNING ==> INACTIVE
01-20 10:14:13.030 D/WifiStateMachine( 1592): setDetailed state, old =SCANNING and new state=IDLE
01-20 10:14:13.090 D/dalvikvm( 1827): GC_CONCURRENT freed 447K, 10% free 6860K/7559K, paused 1ms+1ms
01-20 10:14:13.140 I/wpa_supplicant( 1775): CTRL-EVENT-STATE-CHANGE id=-1 state=2 BSSID=00:00:00:00:00:00
01-20 10:14:13.140 V/WifiMonitor( 1592): Event [CTRL-EVENT-STATE-CHANGE id=-1 state=2 BSSID=00:00:00:00:00:00]
01-20 10:14:13.140 D/WifiStateMachine( 1592): Changing supplicant state: INACTIVE ==> SCANNING
01-20 10:14:13.140 D/WifiStateMachine( 1592): setDetailed state, old =IDLE and new state=SCANNING
01-20 10:14:13.380 I/System.out( 2578): 15
01-20 10:14:14.231 I/wpa_supplicant( 1775): got scan complete
01-20 10:14:14.231 I/wpa_supplicant( 1775): wpa_supplicant_get_scan_results:return scan results2
01-20 10:14:14.241 I/wpa_supplicant( 1775): AP:ssid[hpsetup],rssi[-94],BSSID=c2:ce:46:d5:40:9c
01-20 10:14:14.241 I/wpa_supplicant( 1775): AP:ssid[BTOpenzone],rssi[-50],BSSID=9c:4e:20:c8:b0:f0
01-20 10:14:14.241 I/wpa_supplicant( 1775): AP:ssid[uos-visitor],rssi[-50],BSSID=9c:4e:20:c8:b0:f4
01-20 10:14:14.241 I/wpa_supplicant( 1775): AP:ssid[eduroam],rssi[-50],BSSID=9c:4e:20:c8:b0:f2
01-20 10:14:14.241 I/wpa_supplicant( 1775): AP:ssid[cs],rssi[-52],BSSID=9c:4e:20:c8:b0:f1
01-20 10:14:14.241 I/wpa_supplicant( 1775): AP:ssid[uos-connect],rssi[-50],BSSID=9c:4e:20:c8:b0:f3
01-20 10:14:14.241 I/wpa_supplicant( 1775): AP:ssid[uos-connect],rssi[-75],BSSID=9c:4e:20:c8:cc:53
01-20 10:14:14.241 I/wpa_supplicant( 1775): AP:ssid[BTOpenzone],rssi[-72],BSSID=9c:4e:20:c8:cc:50
01-20 10:14:14.241 I/wpa_supplicant( 1775): AP:ssid[eduroam],rssi[-72],BSSID=9c:4e:20:c8:cc:52
01-20 10:14:14.241 I/wpa_supplicant( 1775): AP:ssid[cs],rssi[-72],BSSID=9c:4e:20:c8:cc:51
01-20 10:14:14.241 I/wpa_supplicant( 1775): AP:ssid[uos-visitor],rssi[-72],BSSID=9c:4e:20:c8:cc:54
01-20 10:14:14.241 I/wpa_supplicant( 1775): AP:ssid[uos-visitor],rssi[-80],BSSID=9c:4e:20:c8:9e:74
01-20 10:14:14.241 I/wpa_supplicant( 1775): AP:ssid[cs],rssi[-80],BSSID=9c:4e:20:c8:9e:71
01-20 10:14:14.241 I/wpa_supplicant( 1775): AP:ssid[BTOpenzone],rssi[-80],BSSID=9c:4e:20:c8:9e:70
01-20 10:14:14.241 I/wpa_supplicant( 1775): AP:ssid[uos-connect],rssi[-81],BSSID=9c:4e:20:c8:9e:73
01-20 10:14:14.241 I/wpa_supplicant( 1775): AP:ssid[eduroam],rssi[-80],BSSID=9c:4e:20:c8:9e:72
01-20 10:14:14.241 I/wpa_supplicant( 1775): Received 2960 bytes of scan results (16 BSSes)
01-20 10:14:14.251 I/wpa_supplicant( 1775): wpa_driver_wext_get_scan_results---
01-20 10:14:14.251 I/wpa_supplicant( 1775): wpa_disabled_ssid_list_clear
01-20 10:14:14.251 V/WifiMonitor( 1592): Event [wpa_disabled_ssid_list_clear]
01-20 10:14:14.251 I/wpa_supplicant( 1775): No suitable AP found.
01-20 10:14:14.251 I/wpa_supplicant( 1775): CTRL-EVENT-STATE-CHANGE id=-1 state=1 BSSID=00:00:00:00:00:00
01-20 10:14:14.251 V/WifiMonitor( 1592): Event [CTRL-EVENT-STATE-CHANGE id=-1 state=1 BSSID=00:00:00:00:00:00]
01-20 10:14:14.271 D/WifiStateMachine( 1592): Changing supplicant state: SCANNING ==> INACTIVE
01-20 10:14:14.271 D/WifiStateMachine( 1592): setDetailed state, old =SCANNING and new state=IDLE
01-20 10:14:14.371 I/wpa_supplicant( 1775): CTRL-EVENT-STATE-CHANGE id=-1 state=2 BSSID=00:00:00:00:00:00
01-20 10:14:14.371 V/WifiMonitor( 1592): Event [CTRL-EVENT-STATE-CHANGE id=-1 state=2 BSSID=00:00:00:00:00:00]
01-20 10:14:14.371 D/WifiStateMachine( 1592): Changing supplicant state: INACTIVE ==> SCANNING
01-20 10:14:14.371 D/WifiStateMachine( 1592): setDetailed state, old =IDLE and new state=SCANNING
01-20 10:14:14.381 I/System.out( 2578): 16
01-20 10:14:14.491 D/dalvikvm( 1827): GC_CONCURRENT freed 447K, 10% free 6860K/7559K, paused 4ms+1ms
01-20 10:14:15.392 I/System.out( 2578): 16
01-20 10:14:15.552 I/wpa_supplicant( 1775): got scan complete
01-20 10:14:15.552 I/wpa_supplicant( 1775): wpa_supplicant_get_scan_results:return scan results2
01-20 10:14:15.552 I/wpa_supplicant( 1775): AP:ssid[LD-Net],rssi[-87],BSSID=00:14:6c:fd:72:38
01-20 10:14:15.552 I/wpa_supplicant( 1775): AP:ssid[uos-connect],rssi[-49],BSSID=9c:4e:20:c8:b0:f3
01-20 10:14:15.552 I/wpa_supplicant( 1775): AP:ssid[BTOpenzone],rssi[-49],BSSID=9c:4e:20:c8:b0:f0
01-20 10:14:15.552 I/wpa_supplicant( 1775): AP:ssid[uos-visitor],rssi[-51],BSSID=9c:4e:20:c8:b0:f4
01-20 10:14:15.552 I/wpa_supplicant( 1775): AP:ssid[hpsetup],rssi[-95],BSSID=c2:ce:46:d5:40:9c
01-20 10:14:15.552 I/wpa_supplicant( 1775): AP:ssid[eduroam],rssi[-51],BSSID=9c:4e:20:c8:b0:f2
01-20 10:14:15.552 I/wpa_supplicant( 1775): AP:ssid[cs],rssi[-50],BSSID=9c:4e:20:c8:b0:f1
01-20 10:14:15.552 I/wpa_supplicant( 1775): AP:ssid[cs],rssi[-73],BSSID=9c:4e:20:c8:cc:51
01-20 10:14:15.552 I/wpa_supplicant( 1775): AP:ssid[uos-connect],rssi[-74],BSSID=9c:4e:20:c8:cc:53
01-20 10:14:15.552 I/wpa_supplicant( 1775): AP:ssid[BTOpenzone],rssi[-69],BSSID=9c:4e:20:c8:cc:50
01-20 10:14:15.552 I/wpa_supplicant( 1775): AP:ssid[eduroam],rssi[-72],BSSID=9c:4e:20:c8:cc:52
01-20 10:14:15.552 I/wpa_supplicant( 1775): AP:ssid[uos-visitor],rssi[-72],BSSID=9c:4e:20:c8:cc:54
01-20 10:14:15.552 I/wpa_supplicant( 1775): AP:ssid[uos-visitor],rssi[-79],BSSID=9c:4e:20:c8:9e:74
01-20 10:14:15.552 I/wpa_supplicant( 1775): AP:ssid[eduroam],rssi[-81],BSSID=9c:4e:20:c8:9e:72
01-20 10:14:15.552 I/wpa_supplicant( 1775): AP:ssid[BTOpenzone],rssi[-84],BSSID=9c:4e:20:c8:9e:70
01-20 10:14:15.552 I/wpa_supplicant( 1775): AP:ssid[cs],rssi[-79],BSSID=9c:4e:20:c8:9e:71
01-20 10:14:15.552 I/wpa_supplicant( 1775): Received 3049 bytes of scan results (16 BSSes)
01-20 10:14:15.552 I/wpa_supplicant( 1775): wpa_driver_wext_get_scan_results---
01-20 10:14:15.562 I/wpa_supplicant( 1775): wpa_disabled_ssid_list_clear
01-20 10:14:15.562 V/WifiMonitor( 1592): Event [wpa_disabled_ssid_list_clear]
01-20 10:14:15.562 I/wpa_supplicant( 1775): No suitable AP found.
01-20 10:14:15.562 I/wpa_supplicant( 1775): CTRL-EVENT-STATE-CHANGE id=-1 state=1 BSSID=00:00:00:00:00:00
01-20 10:14:15.562 V/WifiMonitor( 1592): Event [CTRL-EVENT-STATE-CHANGE id=-1 state=1 BSSID=00:00:00:00:00:00]
01-20 10:14:15.582 D/WifiStateMachine( 1592): Changing supplicant state: SCANNING ==> INACTIVE
01-20 10:14:15.592 D/WifiStateMachine( 1592): setDetailed state, old =SCANNING and new state=IDLE
01-20 10:14:15.702 I/wpa_supplicant( 1775): CTRL-EVENT-STATE-CHANGE id=-1 state=2 BSSID=00:00:00:00:00:00
01-20 10:14:15.702 V/WifiMonitor( 1592): Event [CTRL-EVENT-STATE-CHANGE id=-1 state=2 BSSID=00:00:00:00:00:00]
01-20 10:14:15.702 D/WifiStateMachine( 1592): Changing supplicant state: INACTIVE ==> SCANNING
01-20 10:14:15.702 D/WifiStateMachine( 1592): setDetailed state, old =IDLE and new state=SCANNING
01-20 10:14:16.383 I/System.out( 2578): 16
01-20 10:14:16.793 I/wpa_supplicant( 1775): got scan complete
01-20 10:14:16.793 I/wpa_supplicant( 1775): wpa_supplicant_get_scan_results:return scan results2
01-20 10:14:16.793 I/wpa_supplicant( 1775): AP:ssid[LD-Net],rssi[-88],BSSID=00:14:6c:fd:72:38
01-20 10:14:16.793 I/wpa_supplicant( 1775): AP:ssid[BTOpenzone],rssi[-50],BSSID=9c:4e:20:c8:b0:f0
01-20 10:14:16.793 I/wpa_supplicant( 1775): AP:ssid[cs],rssi[-49],BSSID=9c:4e:20:c8:b0:f1
01-20 10:14:16.793 I/wpa_supplicant( 1775): AP:ssid[uos-connect],rssi[-52],BSSID=9c:4e:20:c8:b0:f3
01-20 10:14:16.793 I/wpa_supplicant( 1775): AP:ssid[uos-visitor],rssi[-51],BSSID=9c:4e:20:c8:b0:f4
01-20 10:14:16.793 I/wpa_supplicant( 1775): AP:ssid[eduroam],rssi[-50],BSSID=9c:4e:20:c8:b0:f2
01-20 10:14:16.793 I/wpa_supplicant( 1775): AP:ssid[eduroam],rssi[-74],BSSID=9c:4e:20:c8:cc:52
01-20 10:14:16.793 I/wpa_supplicant( 1775): AP:ssid[uos-connect],rssi[-74],BSSID=9c:4e:20:c8:cc:53
01-20 10:14:16.793 I/wpa_supplicant( 1775): AP:ssid[BTOpenzone],rssi[-73],BSSID=9c:4e:20:c8:cc:50
01-20 10:14:16.793 I/wpa_supplicant( 1775): AP:ssid[uos-visitor],rssi[-73],BSSID=9c:4e:20:c8:cc:54
01-20 10:14:16.793 I/wpa_supplicant( 1775): AP:ssid[cs],rssi[-73],BSSID=9c:4e:20:c8:cc:51
01-20 10:14:16.793 I/wpa_supplicant( 1775): AP:ssid[uos-visitor],rssi[-80],BSSID=9c:4e:20:c8:9e:74
01-20 10:14:16.793 I/wpa_supplicant( 1775): AP:ssid[eduroam],rssi[-82],BSSID=9c:4e:20:c8:9e:72
01-20 10:14:16.793 I/wpa_supplicant( 1775): AP:ssid[cs],rssi[-80],BSSID=9c:4e:20:c8:9e:71
01-20 10:14:16.793 I/wpa_supplicant( 1775): AP:ssid[BTOpenzone],rssi[-82],BSSID=9c:4e:20:c8:9e:70
01-20 10:14:16.793 I/wpa_supplicant( 1775): AP:ssid[uos-connect],rssi[-83],BSSID=9c:4e:20:c8:9e:73
01-20 10:14:16.803 I/wpa_supplicant( 1775): Received 3053 bytes of scan results (16 BSSes)
01-20 10:14:16.803 I/wpa_supplicant( 1775): wpa_driver_wext_get_scan_results---
01-20 10:14:16.803 I/wpa_supplicant( 1775): wpa_disabled_ssid_list_clear
01-20 10:14:16.803 V/WifiMonitor( 1592): Event [wpa_disabled_ssid_list_clear]
01-20 10:14:16.803 I/wpa_supplicant( 1775): No suitable AP found.
01-20 10:14:16.803 I/wpa_supplicant( 1775): CTRL-EVENT-STATE-CHANGE id=-1 state=1 BSSID=00:00:00:00:00:00
01-20 10:14:16.803 V/WifiMonitor( 1592): Event [CTRL-EVENT-STATE-CHANGE id=-1 state=1 BSSID=00:00:00:00:00:00]
01-20 10:14:16.823 D/WifiStateMachine( 1592): Changing supplicant state: SCANNING ==> INACTIVE
01-20 10:14:16.823 D/WifiStateMachine( 1592): setDetailed state, old =SCANNING and new state=IDLE
01-20 10:14:16.884 D/dalvikvm( 1827): GC_CONCURRENT freed 447K, 10% free 6860K/7559K, paused 1ms+2ms
01-20 10:14:16.944 I/wpa_supplicant( 1775): CTRL-EVENT-STATE-CHANGE id=-1 state=2 BSSID=00:00:00:00:00:00
01-20 10:14:16.944 V/WifiMonitor( 1592): Event [CTRL-EVENT-STATE-CHANGE id=-1 state=2 BSSID=00:00:00:00:00:00]
01-20 10:14:16.944 D/WifiStateMachine( 1592): Changing supplicant state: INACTIVE ==> SCANNING
01-20 10:14:16.944 D/WifiStateMachine( 1592): setDetailed state, old =IDLE and new state=SCANNING
01-20 10:14:17.384 I/System.out( 2578): 16
01-20 10:14:18.025 I/wpa_supplicant( 1775): got scan complete
01-20 10:14:18.025 I/wpa_supplicant( 1775): wpa_supplicant_get_scan_results:return scan results2
01-20 10:14:18.025 I/wpa_supplicant( 1775): AP:ssid[uos-visitor],rssi[-52],BSSID=9c:4e:20:c8:b0:f4
01-20 10:14:18.035 I/wpa_supplicant( 1775): AP:ssid[eduroam],rssi[-50],BSSID=9c:4e:20:c8:b0:f2
01-20 10:14:18.035 I/wpa_supplicant( 1775): AP:ssid[cs],rssi[-51],BSSID=9c:4e:20:c8:b0:f1
01-20 10:14:18.035 I/wpa_supplicant( 1775): AP:ssid[LD-Net],rssi[-92],BSSID=00:14:6c:fd:72:38
01-20 10:14:18.035 I/wpa_supplicant( 1775): AP:ssid[uos-connect],rssi[-51],BSSID=9c:4e:20:c8:b0:f3
01-20 10:14:18.035 I/wpa_supplicant( 1775): AP:ssid[BTOpenzone],rssi[-51],BSSID=9c:4e:20:c8:b0:f0
01-20 10:14:18.035 I/wpa_supplicant( 1775): AP:ssid[eduroam],rssi[-72],BSSID=9c:4e:20:c8:cc:52
01-20 10:14:18.035 I/wpa_supplicant( 1775): AP:ssid[cs],rssi[-74],BSSID=9c:4e:20:c8:cc:51
01-20 10:14:18.035 I/wpa_supplicant( 1775): AP:ssid[uos-connect],rssi[-74],BSSID=9c:4e:20:c8:cc:53
01-20 10:14:18.035 I/wpa_supplicant( 1775): AP:ssid[BTOpenzone],rssi[-72],BSSID=9c:4e:20:c8:cc:50
01-20 10:14:18.035 I/wpa_supplicant( 1775): AP:ssid[uos-visitor],rssi[-73],BSSID=9c:4e:20:c8:cc:54
01-20 10:14:18.035 I/wpa_supplicant( 1775): AP:ssid[BTOpenzone],rssi[-81],BSSID=9c:4e:20:c8:9e:70
01-20 10:14:18.035 I/wpa_supplicant( 1775): AP:ssid[uos-connect],rssi[-82],BSSID=9c:4e:20:c8:9e:73
01-20 10:14:18.035 I/wpa_supplicant( 1775): AP:ssid[uos-visitor],rssi[-81],BSSID=9c:4e:20:c8:9e:74
01-20 10:14:18.035 I/wpa_supplicant( 1775): AP:ssid[eduroam],rssi[-82],BSSID=9c:4e:20:c8:9e:72
01-20 10:14:18.035 I/wpa_supplicant( 1775): AP:ssid[cs],rssi[-80],BSSID=9c:4e:20:c8:9e:71
01-20 10:14:18.035 I/wpa_supplicant( 1775): Received 3053 bytes of scan results (16 BSSes)
01-20 10:14:18.035 I/wpa_supplicant( 1775): wpa_driver_wext_get_scan_results---
01-20 10:14:18.045 I/wpa_supplicant( 1775): wpa_disabled_ssid_list_clear
01-20 10:14:18.045 V/WifiMonitor( 1592): Event [wpa_disabled_ssid_list_clear]
01-20 10:14:18.045 I/wpa_supplicant( 1775): No suitable AP found.
01-20 10:14:18.045 I/wpa_supplicant( 1775): CTRL-EVENT-STATE-CHANGE id=-1 state=1 BSSID=00:00:00:00:00:00
01-20 10:14:18.045 V/WifiMonitor( 1592): Event [CTRL-EVENT-STATE-CHANGE id=-1 state=1 BSSID=00:00:00:00:00:00]
01-20 10:14:18.065 D/WifiStateMachine( 1592): Changing supplicant state: SCANNING ==> INACTIVE
01-20 10:14:18.065 D/WifiStateMachine( 1592): setDetailed state, old =SCANNING and new state=IDLE
01-20 10:14:18.175 I/wpa_supplicant( 1775): CTRL-EVENT-STATE-CHANGE id=-1 state=2 BSSID=00:00:00:00:00:00
01-20 10:14:18.175 V/WifiMonitor( 1592): Event [CTRL-EVENT-STATE-CHANGE id=-1 state=2 BSSID=00:00:00:00:00:00]
01-20 10:14:18.175 D/WifiStateMachine( 1592): Changing supplicant state: INACTIVE ==> SCANNING
01-20 10:14:18.175 D/WifiStateMachine( 1592): setDetailed state, old =IDLE and new state=SCANNING
01-20 10:14:18.275 D/dalvikvm( 1827): GC_CONCURRENT freed 447K, 10% free 6860K/7559K, paused 3ms+4ms
01-20 10:14:18.385 I/System.out( 2578): 16
01-20 10:14:19.356 I/wpa_supplicant( 1775): got scan complete
01-20 10:14:19.356 I/wpa_supplicant( 1775): wpa_supplicant_get_scan_results:return scan results2
01-20 10:14:19.356 I/wpa_supplicant( 1775): AP:ssid[hpsetup],rssi[-93],BSSID=c2:ce:46:d5:40:9c
01-20 10:14:19.356 I/wpa_supplicant( 1775): AP:ssid[uos-visitor],rssi[-50],BSSID=9c:4e:20:c8:b0:f4
01-20 10:14:19.356 I/wpa_supplicant( 1775): AP:ssid[eduroam],rssi[-51],BSSID=9c:4e:20:c8:b0:f2
01-20 10:14:19.356 I/wpa_supplicant( 1775): AP:ssid[LD-Net],rssi[-96],BSSID=00:14:6c:fd:72:38
01-20 10:14:19.356 I/wpa_supplicant( 1775): AP:ssid[cs],rssi[-51],BSSID=9c:4e:20:c8:b0:f1
01-20 10:14:19.356 I/wpa_supplicant( 1775): AP:ssid[uos-connect],rssi[-49],BSSID=9c:4e:20:c8:b0:f3
01-20 10:14:19.356 I/wpa_supplicant( 1775): AP:ssid[BTOpenzone],rssi[-50],BSSID=9c:4e:20:c8:b0:f0
01-20 10:14:19.356 I/wpa_supplicant( 1775): AP:ssid[cs],rssi[-74],BSSID=9c:4e:20:c8:cc:51
01-20 10:14:19.356 I/wpa_supplicant( 1775): AP:ssid[BTOpenzone],rssi[-72],BSSID=9c:4e:20:c8:cc:50
01-20 10:14:19.356 I/wpa_supplicant( 1775): AP:ssid[uos-visitor],rssi[-73],BSSID=9c:4e:20:c8:cc:54
01-20 10:14:19.356 I/wpa_supplicant( 1775): AP:ssid[uos-connect],rssi[-70],BSSID=9c:4e:20:c8:cc:53
01-20 10:14:19.356 I/wpa_supplicant( 1775): AP:ssid[eduroam],rssi[-73],BSSID=9c:4e:20:c8:cc:52
01-20 10:14:19.356 I/wpa_supplicant( 1775): AP:ssid[uos-visitor],rssi[-83],BSSID=9c:4e:20:c8:9e:74
01-20 10:14:19.356 I/wpa_supplicant( 1775): AP:ssid[cs],rssi[-83],BSSID=9c:4e:20:c8:9e:71
01-20 10:14:19.356 I/wpa_supplicant( 1775): AP:ssid[BTOpenzone],rssi[-80],BSSID=9c:4e:20:c8:9e:70
01-20 10:14:19.356 I/wpa_supplicant( 1775): AP:ssid[uos-connect],rssi[-82],BSSID=9c:4e:20:c8:9e:73
01-20 10:14:19.356 I/wpa_supplicant( 1775): Received 2959 bytes of scan results (16 BSSes)
01-20 10:14:19.356 I/wpa_supplicant( 1775): wpa_driver_wext_get_scan_results---
01-20 10:14:19.366 I/wpa_supplicant( 1775): wpa_disabled_ssid_list_clear
01-20 10:14:19.366 V/WifiMonitor( 1592): Event [wpa_disabled_ssid_list_clear]
01-20 10:14:19.366 I/wpa_supplicant( 1775): No suitable AP found.
01-20 10:14:19.366 I/wpa_supplicant( 1775): CTRL-EVENT-STATE-CHANGE id=-1 state=1 BSSID=00:00:00:00:00:00
01-20 10:14:19.366 V/WifiMonitor( 1592): Event [CTRL-EVENT-STATE-CHANGE id=-1 state=1 BSSID=00:00:00:00:00:00]
01-20 10:14:19.386 I/System.out( 2578): 16
01-20 10:14:19.386 D/WifiStateMachine( 1592): Changing supplicant state: SCANNING ==> INACTIVE
01-20 10:14:19.396 D/WifiStateMachine( 1592): setDetailed state, old =SCANNING and new state=IDLE
01-20 10:14:19.506 I/wpa_supplicant( 1775): CTRL-EVENT-STATE-CHANGE id=-1 state=2 BSSID=00:00:00:00:00:00
01-20 10:14:19.506 V/WifiMonitor( 1592): Event [CTRL-EVENT-STATE-CHANGE id=-1 state=2 BSSID=00:00:00:00:00:00]
01-20 10:14:19.506 D/WifiStateMachine( 1592): Changing supplicant state: INACTIVE ==> SCANNING
01-20 10:14:19.506 D/WifiStateMachine( 1592): setDetailed state, old =IDLE and new state=SCANNING
01-20 10:14:20.387 I/System.out( 2578): 16
01-20 10:14:20.597 I/wpa_supplicant( 1775): got scan complete
01-20 10:14:20.597 I/wpa_supplicant( 1775): wpa_supplicant_get_scan_results:return scan results2
01-20 10:14:20.597 I/wpa_supplicant( 1775): AP:ssid[uos-connect],rssi[-50],BSSID=9c:4e:20:c8:b0:f3
01-20 10:14:20.597 I/wpa_supplicant( 1775): AP:ssid[BTOpenzone],rssi[-51],BSSID=9c:4e:20:c8:b0:f0
01-20 10:14:20.597 I/wpa_supplicant( 1775): AP:ssid[uos-visitor],rssi[-50],BSSID=9c:4e:20:c8:b0:f4
01-20 10:14:20.597 I/wpa_supplicant( 1775): AP:ssid[eduroam],rssi[-49],BSSID=9c:4e:20:c8:b0:f2
01-20 10:14:20.597 I/wpa_supplicant( 1775): AP:ssid[cs],rssi[-49],BSSID=9c:4e:20:c8:b0:f1
01-20 10:14:20.597 I/wpa_supplicant( 1775): AP:ssid[LD-Net],rssi[-91],BSSID=00:14:6c:fd:72:38
01-20 10:14:20.597 I/wpa_supplicant( 1775): AP:ssid[eduroam],rssi[-73],BSSID=9c:4e:20:c8:cc:52
01-20 10:14:20.597 I/wpa_supplicant( 1775): AP:ssid[BTOpenzone],rssi[-73],BSSID=9c:4e:20:c8:cc:50
01-20 10:14:20.597 I/wpa_supplicant( 1775): AP:ssid[cs],rssi[-74],BSSID=9c:4e:20:c8:cc:51
01-20 10:14:20.597 I/wpa_supplicant( 1775): AP:ssid[uos-connect],rssi[-73],BSSID=9c:4e:20:c8:cc:53
01-20 10:14:20.597 I/wpa_supplicant( 1775): AP:ssid[uos-visitor],rssi[-68],BSSID=9c:4e:20:c8:cc:54
01-20 10:14:20.597 I/wpa_supplicant( 1775): AP:ssid[cs],rssi[-80],BSSID=9c:4e:20:c8:9e:71
01-20 10:14:20.597 I/wpa_supplicant( 1775): AP:ssid[uos-connect],rssi[-81],BSSID=9c:4e:20:c8:9e:73
01-20 10:14:20.597 I/wpa_supplicant( 1775): AP:ssid[BTOpenzone],rssi[-80],BSSID=9c:4e:20:c8:9e:70
01-20 10:14:20.597 I/wpa_supplicant( 1775): AP:ssid[uos-visitor],rssi[-80],BSSID=9c:4e:20:c8:9e:74
01-20 10:14:20.597 I/wpa_supplicant( 1775): AP:ssid[eduroam],rssi[-80],BSSID=9c:4e:20:c8:9e:72
01-20 10:14:20.597 I/wpa_supplicant( 1775): Received 3053 bytes of scan results (16 BSSes)
01-20 10:14:20.597 I/wpa_supplicant( 1775): wpa_driver_wext_get_scan_results---
01-20 10:14:20.617 I/wpa_supplicant( 1775): wpa_disabled_ssid_list_clear
01-20 10:14:20.617 V/WifiMonitor( 1592): Event [wpa_disabled_ssid_list_clear]
01-20 10:14:20.617 I/wpa_supplicant( 1775): No suitable AP found.
01-20 10:14:20.617 I/wpa_supplicant( 1775): CTRL-EVENT-STATE-CHANGE id=-1 state=1 BSSID=00:00:00:00:00:00
01-20 10:14:20.617 V/WifiMonitor( 1592): Event [CTRL-EVENT-STATE-CHANGE id=-1 state=1 BSSID=00:00:00:00:00:00]
01-20 10:14:20.637 D/WifiStateMachine( 1592): Changing supplicant state: SCANNING ==> INACTIVE
01-20 10:14:20.637 D/WifiStateMachine( 1592): setDetailed state, old =SCANNING and new state=IDLE
01-20 10:14:20.687 D/dalvikvm( 1827): GC_CONCURRENT freed 447K, 10% free 6860K/7559K, paused 1ms+2ms
01-20 10:14:20.747 I/wpa_supplicant( 1775): CTRL-EVENT-STATE-CHANGE id=-1 state=2 BSSID=00:00:00:00:00:00
01-20 10:14:20.747 V/WifiMonitor( 1592): Event [CTRL-EVENT-STATE-CHANGE id=-1 state=2 BSSID=00:00:00:00:00:00]
01-20 10:14:20.747 D/WifiStateMachine( 1592): Changing supplicant state: INACTIVE ==> SCANNING
01-20 10:14:20.747 D/WifiStateMachine( 1592): setDetailed state, old =IDLE and new state=SCANNING
01-20 10:14:21.388 I/System.out( 2578): 16
01-20 10:14:21.848 I/wpa_supplicant( 1775): got scan complete
01-20 10:14:21.848 I/wpa_supplicant( 1775): wpa_supplicant_get_scan_results:return scan results2
01-20 10:14:21.848 I/wpa_supplicant( 1775): AP:ssid[LD-Net],rssi[-90],BSSID=00:14:6c:fd:72:38
01-20 10:14:21.848 I/wpa_supplicant( 1775): AP:ssid[BTOpenzone],rssi[-49],BSSID=9c:4e:20:c8:b0:f0
01-20 10:14:21.848 I/wpa_supplicant( 1775): AP:ssid[uos-visitor],rssi[-49],BSSID=9c:4e:20:c8:b0:f4
01-20 10:14:21.848 I/wpa_supplicant( 1775): AP:ssid[eduroam],rssi[-52],BSSID=9c:4e:20:c8:b0:f2
01-20 10:14:21.848 I/wpa_supplicant( 1775): AP:ssid[cs],rssi[-51],BSSID=9c:4e:20:c8:b0:f1
01-20 10:14:21.858 I/wpa_supplicant( 1775): AP:ssid[uos-connect],rssi[-50],BSSID=9c:4e:20:c8:b0:f3
01-20 10:14:21.858 I/wpa_supplicant( 1775): AP:ssid[BTOpenzone],rssi[-72],BSSID=9c:4e:20:c8:cc:50
01-20 10:14:21.858 I/wpa_supplicant( 1775): AP:ssid[eduroam],rssi[-73],BSSID=9c:4e:20:c8:cc:52
01-20 10:14:21.858 I/wpa_supplicant( 1775): AP:ssid[uos-visitor],rssi[-73],BSSID=9c:4e:20:c8:cc:54
01-20 10:14:21.858 I/wpa_supplicant( 1775): AP:ssid[cs],rssi[-72],BSSID=9c:4e:20:c8:cc:51
01-20 10:14:21.858 I/wpa_supplicant( 1775): AP:ssid[uos-connect],rssi[-72],BSSID=9c:4e:20:c8:cc:53
01-20 10:14:21.858 I/wpa_supplicant( 1775): AP:ssid[cs],rssi[-80],BSSID=9c:4e:20:c8:9e:71
01-20 10:14:21.858 I/wpa_supplicant( 1775): AP:ssid[uos-connect],rssi[-80],BSSID=9c:4e:20:c8:9e:73
01-20 10:14:21.858 I/wpa_supplicant( 1775): AP:ssid[BTOpenzone],rssi[-83],BSSID=9c:4e:20:c8:9e:70
01-20 10:14:21.858 I/wpa_supplicant( 1775): AP:ssid[uos-visitor],rssi[-81],BSSID=9c:4e:20:c8:9e:74
01-20 10:14:21.858 I/wpa_supplicant( 1775): AP:ssid[eduroam],rssi[-84],BSSID=9c:4e:20:c8:9e:72
01-20 10:14:21.858 I/wpa_supplicant( 1775): Received 3053 bytes of scan results (16 BSSes)
01-20 10:14:21.858 I/wpa_supplicant( 1775): wpa_driver_wext_get_scan_results---
01-20 10:14:21.858 I/wpa_supplicant( 1775): wpa_disabled_ssid_list_clear
01-20 10:14:21.858 V/WifiMonitor( 1592): Event [wpa_disabled_ssid_list_clear]
01-20 10:14:21.858 I/wpa_supplicant( 1775): No suitable AP found.
01-20 10:14:21.858 I/wpa_supplicant( 1775): CTRL-EVENT-STATE-CHANGE id=-1 state=1 BSSID=00:00:00:00:00:00
01-20 10:14:21.858 V/WifiMonitor( 1592): Event [CTRL-EVENT-STATE-CHANGE id=-1 state=1 BSSID=00:00:00:00:00:00]
01-20 10:14:21.878 D/WifiStateMachine( 1592): Changing supplicant state: SCANNING ==> INACTIVE
01-20 10:14:21.878 D/WifiStateMachine( 1592): setDetailed state, old =SCANNING and new state=IDLE
01-20 10:14:21.988 I/wpa_supplicant( 1775): CTRL-EVENT-STATE-CHANGE id=-1 state=2 BSSID=00:00:00:00:00:00
01-20 10:14:21.988 V/WifiMonitor( 1592): Event [CTRL-EVENT-STATE-CHANGE id=-1 state=2 BSSID=00:00:00:00:00:00]
01-20 10:14:21.988 D/WifiStateMachine( 1592): Changing supplicant state: INACTIVE ==> SCANNING
01-20 10:14:21.988 D/WifiStateMachine( 1592): setDetailed state, old =IDLE and new state=SCANNING
01-20 10:14:22.099 D/dalvikvm( 1827): GC_CONCURRENT freed 447K, 10% free 6860K/7559K, paused 4ms+4ms
01-20 10:14:22.389 I/System.out( 2578): 16
01-20 10:14:23.120 I/wpa_supplicant( 1775): got scan complete
01-20 10:14:23.120 I/wpa_supplicant( 1775): wpa_supplicant_get_scan_results:return scan results2
01-20 10:14:23.120 I/wpa_supplicant( 1775): AP:ssid[LD-Net],rssi[-87],BSSID=00:14:6c:fd:72:38
01-20 10:14:23.120 I/wpa_supplicant( 1775): AP:ssid[hpsetup],rssi[-95],BSSID=c2:ce:46:d5:40:9c
01-20 10:14:23.130 I/wpa_supplicant( 1775): AP:ssid[uos-connect],rssi[-56],BSSID=9c:4e:20:c8:b0:f3
01-20 10:14:23.130 I/wpa_supplicant( 1775): AP:ssid[BTOpenzone],rssi[-53],BSSID=9c:4e:20:c8:b0:f0
01-20 10:14:23.130 I/wpa_supplicant( 1775): AP:ssid[uos-visitor],rssi[-52],BSSID=9c:4e:20:c8:b0:f4
01-20 10:14:23.130 I/wpa_supplicant( 1775): AP:ssid[eduroam],rssi[-52],BSSID=9c:4e:20:c8:b0:f2
01-20 10:14:23.130 I/wpa_supplicant( 1775): AP:ssid[cs],rssi[-53],BSSID=9c:4e:20:c8:b0:f1
01-20 10:14:23.130 I/wpa_supplicant( 1775): AP:ssid[BTOpenzone],rssi[-76],BSSID=9c:4e:20:c8:cc:50
01-20 10:14:23.130 I/wpa_supplicant( 1775): AP:ssid[eduroam],rssi[-75],BSSID=9c:4e:20:c8:cc:52
01-20 10:14:23.130 I/wpa_supplicant( 1775): AP:ssid[uos-visitor],rssi[-74],BSSID=9c:4e:20:c8:cc:54
01-20 10:14:23.130 I/wpa_supplicant( 1775): AP:ssid[cs],rssi[-70],BSSID=9c:4e:20:c8:cc:51
01-20 10:14:23.130 I/wpa_supplicant( 1775): AP:ssid[uos-connect],rssi[-76],BSSID=9c:4e:20:c8:cc:53
01-20 10:14:23.130 I/wpa_supplicant( 1775): AP:ssid[cs],rssi[-84],BSSID=9c:4e:20:c8:9e:71
01-20 10:14:23.130 I/wpa_supplicant( 1775): AP:ssid[uos-connect],rssi[-85],BSSID=9c:4e:20:c8:9e:73
01-20 10:14:23.130 I/wpa_supplicant( 1775): AP:ssid[BTOpenzone],rssi[-84],BSSID=9c:4e:20:c8:9e:70
01-20 10:14:23.130 I/wpa_supplicant( 1775): AP:ssid[uos-visitor],rssi[-78],BSSID=9c:4e:20:c8:9e:74
01-20 10:14:23.130 I/wpa_supplicant( 1775): Received 2959 bytes of scan results (16 BSSes)
01-20 10:14:23.130 I/wpa_supplicant( 1775): wpa_driver_wext_get_scan_results---
01-20 10:14:23.140 I/wpa_supplicant( 1775): wpa_disabled_ssid_list_clear
01-20 10:14:23.140 V/WifiMonitor( 1592): Event [wpa_disabled_ssid_list_clear]
01-20 10:14:23.140 I/wpa_supplicant( 1775): No suitable AP found.
01-20 10:14:23.140 I/wpa_supplicant( 1775): CTRL-EVENT-STATE-CHANGE id=-1 state=1 BSSID=00:00:00:00:00:00
01-20 10:14:23.140 V/WifiMonitor( 1592): Event [CTRL-EVENT-STATE-CHANGE id=-1 state=1 BSSID=00:00:00:00:00:00]
01-20 10:14:23.160 D/WifiStateMachine( 1592): Changing supplicant state: SCANNING ==> INACTIVE
01-20 10:14:23.160 D/WifiStateMachine( 1592): setDetailed state, old =SCANNING and new state=IDLE
01-20 10:14:23.260 I/wpa_supplicant( 1775): CTRL-EVENT-STATE-CHANGE id=-1 state=2 BSSID=00:00:00:00:00:00
01-20 10:14:23.260 V/WifiMonitor( 1592): Event [CTRL-EVENT-STATE-CHANGE id=-1 state=2 BSSID=00:00:00:00:00:00]
01-20 10:14:23.260 D/WifiStateMachine( 1592): Changing supplicant state: INACTIVE ==> SCANNING
01-20 10:14:23.260 D/WifiStateMachine( 1592): setDetailed state, old =IDLE and new state=SCANNING
01-20 10:14:23.390 I/System.out( 2578): 16
01-20 10:14:24.391 I/System.out( 2578): 16
01-20 10:14:24.401 I/wpa_supplicant( 1775): got scan complete
01-20 10:14:24.401 I/wpa_supplicant( 1775): wpa_supplicant_get_scan_results:return scan results2
01-20 10:14:24.401 I/wpa_supplicant( 1775): AP:ssid[uos-visitor],rssi[-52],BSSID=9c:4e:20:c8:b0:f4
01-20 10:14:24.401 I/wpa_supplicant( 1775): AP:ssid[LD-Net],rssi[-89],BSSID=00:14:6c:fd:72:38
01-20 10:14:24.401 I/wpa_supplicant( 1775): AP:ssid[BTOpenzone],rssi[-51],BSSID=9c:4e:20:c8:b0:f0
01-20 10:14:24.401 I/wpa_supplicant( 1775): AP:ssid[hpsetup],rssi[-93],BSSID=c2:ce:46:d5:40:9c
01-20 10:14:24.401 I/wpa_supplicant( 1775): AP:ssid[eduroam],rssi[-51],BSSID=9c:4e:20:c8:b0:f2
01-20 10:14:24.401 I/wpa_supplicant( 1775): AP:ssid[cs],rssi[-52],BSSID=9c:4e:20:c8:b0:f1
01-20 10:14:24.401 I/wpa_supplicant( 1775): AP:ssid[uos-connect],rssi[-53],BSSID=9c:4e:20:c8:b0:f3
01-20 10:14:24.401 I/wpa_supplicant( 1775): AP:ssid[uos-connect],rssi[-75],BSSID=9c:4e:20:c8:cc:53
01-20 10:14:24.401 I/wpa_supplicant( 1775): AP:ssid[BTOpenzone],rssi[-74],BSSID=9c:4e:20:c8:cc:50
01-20 10:14:24.401 I/wpa_supplicant( 1775): AP:ssid[eduroam],rssi[-74],BSSID=9c:4e:20:c8:cc:52
01-20 10:14:24.401 I/wpa_supplicant( 1775): AP:ssid[cs],rssi[-74],BSSID=9c:4e:20:c8:cc:51
01-20 10:14:24.401 I/wpa_supplicant( 1775): AP:ssid[uos-visitor],rssi[-73],BSSID=9c:4e:20:c8:cc:54
01-20 10:14:24.401 I/wpa_supplicant( 1775): AP:ssid[cs],rssi[-83],BSSID=9c:4e:20:c8:9e:71
01-20 10:14:24.401 I/wpa_supplicant( 1775): AP:ssid[uos-connect],rssi[-85],BSSID=9c:4e:20:c8:9e:73
01-20 10:14:24.401 I/wpa_supplicant( 1775): AP:ssid[BTOpenzone],rssi[-81],BSSID=9c:4e:20:c8:9e:70
01-20 10:14:24.401 I/wpa_supplicant( 1775): AP:ssid[uos-visitor],rssi[-81],BSSID=9c:4e:20:c8:9e:74
01-20 10:14:24.401 I/wpa_supplicant( 1775): Received 2959 bytes of scan results (16 BSSes)
01-20 10:14:24.401 I/wpa_supplicant( 1775): wpa_driver_wext_get_scan_results---
01-20 10:14:24.411 I/wpa_supplicant( 1775): wpa_disabled_ssid_list_clear
01-20 10:14:24.411 V/WifiMonitor( 1592): Event [wpa_disabled_ssid_list_clear]
01-20 10:14:24.411 I/wpa_supplicant( 1775): No suitable AP found.
01-20 10:14:24.411 I/wpa_supplicant( 1775): CTRL-EVENT-STATE-CHANGE id=-1 state=1 BSSID=00:00:00:00:00:00
01-20 10:14:24.411 V/WifiMonitor( 1592): Event [CTRL-EVENT-STATE-CHANGE id=-1 state=1 BSSID=00:00:00:00:00:00]
01-20 10:14:24.431 D/WifiStateMachine( 1592): Changing supplicant state: SCANNING ==> INACTIVE
01-20 10:14:24.431 D/WifiStateMachine( 1592): setDetailed state, old =SCANNING and new state=IDLE
01-20 10:14:24.521 D/dalvikvm( 1827): GC_CONCURRENT freed 447K, 10% free 6860K/7559K, paused 1ms+1ms
01-20 10:14:24.541 I/wpa_supplicant( 1775): CTRL-EVENT-STATE-CHANGE id=-1 state=2 BSSID=00:00:00:00:00:00
01-20 10:14:24.541 V/WifiMonitor( 1592): Event [CTRL-EVENT-STATE-CHANGE id=-1 state=2 BSSID=00:00:00:00:00:00]
01-20 10:14:24.541 D/WifiStateMachine( 1592): Changing supplicant state: INACTIVE ==> SCANNING
01-20 10:14:24.541 D/WifiStateMachine( 1592): setDetailed state, old =IDLE and new state=SCANNING
01-20 10:14:25.392 I/System.out( 2578): 16
01-20 10:14:25.672 I/wpa_supplicant( 1775): got scan complete
01-20 10:14:25.672 I/wpa_supplicant( 1775): wpa_supplicant_get_scan_results:return scan results2
01-20 10:14:25.672 I/wpa_supplicant( 1775): AP:ssid[BTOpenzone],rssi[-51],BSSID=9c:4e:20:c8:b0:f0
01-20 10:14:25.672 I/wpa_supplicant( 1775): AP:ssid[LD-Net],rssi[-91],BSSID=00:14:6c:fd:72:38
01-20 10:14:25.672 I/wpa_supplicant( 1775): AP:ssid[uos-visitor],rssi[-49],BSSID=9c:4e:20:c8:b0:f4
01-20 10:14:25.672 I/wpa_supplicant( 1775): AP:ssid[eduroam],rssi[-49],BSSID=9c:4e:20:c8:b0:f2
01-20 10:14:25.672 I/wpa_supplicant( 1775): AP:ssid[hpsetup],rssi[-93],BSSID=c2:ce:46:d5:40:9c
01-20 10:14:25.672 I/wpa_supplicant( 1775): AP:ssid[cs],rssi[-49],BSSID=9c:4e:20:c8:b0:f1
01-20 10:14:25.672 I/wpa_supplicant( 1775): AP:ssid[uos-connect],rssi[-52],BSSID=9c:4e:20:c8:b0:f3
01-20 10:14:25.672 I/wpa_supplicant( 1775): AP:ssid[BTOpenzone],rssi[-71],BSSID=9c:4e:20:c8:cc:50
01-20 10:14:25.672 I/wpa_supplicant( 1775): AP:ssid[uos-visitor],rssi[-73],BSSID=9c:4e:20:c8:cc:54
01-20 10:14:25.672 I/wpa_supplicant( 1775): AP:ssid[eduroam],rssi[-74],BSSID=9c:4e:20:c8:cc:52
01-20 10:14:25.672 I/wpa_supplicant( 1775): AP:ssid[cs],rssi[-70],BSSID=9c:4e:20:c8:cc:51
01-20 10:14:25.672 I/wpa_supplicant( 1775): AP:ssid[uos-connect],rssi[-73],BSSID=9c:4e:20:c8:cc:53
01-20 10:14:25.672 I/wpa_supplicant( 1775): AP:ssid[BTOpenzone],rssi[-82],BSSID=9c:4e:20:c8:9e:70
01-20 10:14:25.672 I/wpa_supplicant( 1775): AP:ssid[uos-visitor],rssi[-81],BSSID=9c:4e:20:c8:9e:74
01-20 10:14:25.672 I/wpa_supplicant( 1775): AP:ssid[uos-connect],rssi[-79],BSSID=9c:4e:20:c8:9e:73
01-20 10:14:25.672 I/wpa_supplicant( 1775): AP:ssid[eduroam],rssi[-81],BSSID=9c:4e:20:c8:9e:72
01-20 10:14:25.672 I/wpa_supplicant( 1775): Received 3028 bytes of scan results (16 BSSes)
01-20 10:14:25.672 I/wpa_supplicant( 1775): wpa_driver_wext_get_scan_results---
01-20 10:14:25.682 I/wpa_supplicant( 1775): wpa_disabled_ssid_list_clear
01-20 10:14:25.682 V/WifiMonitor( 1592): Event [wpa_disabled_ssid_list_clear]
01-20 10:14:25.682 I/wpa_supplicant( 1775): No suitable AP found.
01-20 10:14:25.682 I/wpa_supplicant( 1775): CTRL-EVENT-STATE-CHANGE id=-1 state=1 BSSID=00:00:00:00:00:00
01-20 10:14:25.682 V/WifiMonitor( 1592): Event [CTRL-EVENT-STATE-CHANGE id=-1 state=1 BSSID=00:00:00:00:00:00]
01-20 10:14:25.712 D/WifiStateMachine( 1592): Changing supplicant state: SCANNING ==> INACTIVE
01-20 10:14:25.712 D/WifiStateMachine( 1592): setDetailed state, old =SCANNING and new state=IDLE
01-20 10:14:25.822 I/wpa_supplicant( 1775): CTRL-EVENT-STATE-CHANGE id=-1 state=2 BSSID=00:00:00:00:00:00
01-20 10:14:25.822 V/WifiMonitor( 1592): Event [CTRL-EVENT-STATE-CHANGE id=-1 state=2 BSSID=00:00:00:00:00:00]
01-20 10:14:25.822 D/WifiStateMachine( 1592): Changing supplicant state: INACTIVE ==> SCANNING
01-20 10:14:25.822 D/WifiStateMachine( 1592): setDetailed state, old =IDLE and new state=SCANNING
01-20 10:14:25.902 D/dalvikvm( 1827): GC_CONCURRENT freed 447K, 10% free 6860K/7559K, paused 1ms+1ms
01-20 10:14:26.383 I/System.out( 2578): 16
01-20 10:14:26.963 I/wpa_supplicant( 1775): got scan complete
01-20 10:14:26.963 I/wpa_supplicant( 1775): wpa_supplicant_get_scan_results:return scan results2
01-20 10:14:26.963 I/wpa_supplicant( 1775): AP:ssid[hpsetup],rssi[-94],BSSID=c2:ce:46:d5:40:9c
01-20 10:14:26.963 I/wpa_supplicant( 1775): AP:ssid[cs],rssi[-50],BSSID=9c:4e:20:c8:b0:f1
01-20 10:14:26.963 I/wpa_supplicant( 1775): AP:ssid[uos-connect],rssi[-51],BSSID=9c:4e:20:c8:b0:f3
01-20 10:14:26.963 I/wpa_supplicant( 1775): AP:ssid[LD-Net],rssi[-89],BSSID=00:14:6c:fd:72:38
01-20 10:14:26.963 I/wpa_supplicant( 1775): AP:ssid[BTOpenzone],rssi[-51],BSSID=9c:4e:20:c8:b0:f0
01-20 10:14:26.963 I/wpa_supplicant( 1775): AP:ssid[uos-visitor],rssi[-52],BSSID=9c:4e:20:c8:b0:f4
01-20 10:14:26.963 I/wpa_supplicant( 1775): AP:ssid[eduroam],rssi[-51],BSSID=9c:4e:20:c8:b0:f2
01-20 10:14:26.973 I/wpa_supplicant( 1775): AP:ssid[eduroam],rssi[-76],BSSID=9c:4e:20:c8:cc:52
01-20 10:14:26.973 I/wpa_supplicant( 1775): AP:ssid[cs],rssi[-68],BSSID=9c:4e:20:c8:cc:51
01-20 10:14:26.973 I/wpa_supplicant( 1775): AP:ssid[uos-connect],rssi[-74],BSSID=9c:4e:20:c8:cc:53
01-20 10:14:26.973 I/wpa_supplicant( 1775): AP:ssid[BTOpenzone],rssi[-76],BSSID=9c:4e:20:c8:cc:50
01-20 10:14:26.973 I/wpa_supplicant( 1775): AP:ssid[uos-visitor],rssi[-74],BSSID=9c:4e:20:c8:cc:54
01-20 10:14:26.973 I/wpa_supplicant( 1775): AP:ssid[BTOpenzone],rssi[-81],BSSID=9c:4e:20:c8:9e:70
01-20 10:14:26.973 I/wpa_supplicant( 1775): AP:ssid[uos-visitor],rssi[-82],BSSID=9c:4e:20:c8:9e:74
01-20 10:14:26.973 I/wpa_supplicant( 1775): AP:ssid[eduroam],rssi[-81],BSSID=9c:4e:20:c8:9e:72
01-20 10:14:26.973 I/wpa_supplicant( 1775): AP:ssid[cs],rssi[-80],BSSID=9c:4e:20:c8:9e:71
01-20 10:14:26.973 I/wpa_supplicant( 1775): Received 2985 bytes of scan results (16 BSSes)
01-20 10:14:26.973 I/wpa_supplicant( 1775): wpa_driver_wext_get_scan_results---
01-20 10:14:26.973 I/wpa_supplicant( 1775): wpa_disabled_ssid_list_clear
01-20 10:14:26.973 V/WifiMonitor( 1592): Event [wpa_disabled_ssid_list_clear]
01-20 10:14:26.973 I/wpa_supplicant( 1775): No suitable AP found.
01-20 10:14:26.973 I/wpa_supplicant( 1775): CTRL-EVENT-STATE-CHANGE id=-1 state=1 BSSID=00:00:00:00:00:00
01-20 10:14:26.973 V/WifiMonitor( 1592): Event [CTRL-EVENT-STATE-CHANGE id=-1 state=1 BSSID=00:00:00:00:00:00]
01-20 10:14:26.993 D/WifiStateMachine( 1592): Changing supplicant state: SCANNING ==> INACTIVE
01-20 10:14:26.993 D/WifiStateMachine( 1592): setDetailed state, old =SCANNING and new state=IDLE
01-20 10:14:27.113 I/wpa_supplicant( 1775): CTRL-EVENT-STATE-CHANGE id=-1 state=2 BSSID=00:00:00:00:00:00
01-20 10:14:27.113 V/WifiMonitor( 1592): Event [CTRL-EVENT-STATE-CHANGE id=-1 state=2 BSSID=00:00:00:00:00:00]
01-20 10:14:27.113 D/WifiStateMachine( 1592): Changing supplicant state: INACTIVE ==> SCANNING
01-20 10:14:27.113 D/WifiStateMachine( 1592): setDetailed state, old =IDLE and new state=SCANNING
01-20 10:14:27.384 I/System.out( 2578): 16
01-20 10:14:28.245 I/wpa_supplicant( 1775): got scan complete
01-20 10:14:28.245 I/wpa_supplicant( 1775): wpa_supplicant_get_scan_results:return scan results2
01-20 10:14:28.245 I/wpa_supplicant( 1775): AP:ssid[LD-Net],rssi[-90],BSSID=00:14:6c:fd:72:38
01-20 10:14:28.245 I/wpa_supplicant( 1775): AP:ssid[uos-connect],rssi[-51],BSSID=9c:4e:20:c8:b0:f3
01-20 10:14:28.245 I/wpa_supplicant( 1775): AP:ssid[hpsetup],rssi[-95],BSSID=c2:ce:46:d5:40:9c
01-20 10:14:28.245 I/wpa_supplicant( 1775): AP:ssid[BTOpenzone],rssi[-51],BSSID=9c:4e:20:c8:b0:f0
01-20 10:14:28.245 I/wpa_supplicant( 1775): AP:ssid[uos-visitor],rssi[-51],BSSID=9c:4e:20:c8:b0:f4
01-20 10:14:28.245 I/wpa_supplicant( 1775): AP:ssid[eduroam],rssi[-50],BSSID=9c:4e:20:c8:b0:f2
01-20 10:14:28.245 I/wpa_supplicant( 1775): AP:ssid[cs],rssi[-49],BSSID=9c:4e:20:c8:b0:f1
01-20 10:14:28.245 I/wpa_supplicant( 1775): AP:ssid[cs],rssi[-74],BSSID=9c:4e:20:c8:cc:51
01-20 10:14:28.245 I/wpa_supplicant( 1775): AP:ssid[uos-connect],rssi[-74],BSSID=9c:4e:20:c8:cc:53
01-20 10:14:28.245 I/wpa_supplicant( 1775): AP:ssid[BTOpenzone],rssi[-74],BSSID=9c:4e:20:c8:cc:50
01-20 10:14:28.245 I/wpa_supplicant( 1775): AP:ssid[eduroam],rssi[-74],BSSID=9c:4e:20:c8:cc:52
01-20 10:14:28.245 I/wpa_supplicant( 1775): AP:ssid[uos-visitor],rssi[-74],BSSID=9c:4e:20:c8:cc:54
01-20 10:14:28.245 I/wpa_supplicant( 1775): AP:ssid[BTOpenzone],rssi[-82],BSSID=9c:4e:20:c8:9e:70
01-20 10:14:28.245 I/wpa_supplicant( 1775): AP:ssid[uos-visitor],rssi[-82],BSSID=9c:4e:20:c8:9e:74
01-20 10:14:28.245 I/wpa_supplicant( 1775): AP:ssid[eduroam],rssi[-82],BSSID=9c:4e:20:c8:9e:72
01-20 10:14:28.245 I/wpa_supplicant( 1775): AP:ssid[cs],rssi[-83],BSSID=9c:4e:20:c8:9e:71
01-20 10:14:28.245 I/wpa_supplicant( 1775): Received 2985 bytes of scan results (16 BSSes)
01-20 10:14:28.245 I/wpa_supplicant( 1775): wpa_driver_wext_get_scan_results---
01-20 10:14:28.255 I/wpa_supplicant( 1775): wpa_disabled_ssid_list_clear
01-20 10:14:28.255 V/WifiMonitor( 1592): Event [wpa_disabled_ssid_list_clear]
01-20 10:14:28.255 I/wpa_supplicant( 1775): No suitable AP found.
01-20 10:14:28.255 I/wpa_supplicant( 1775): CTRL-EVENT-STATE-CHANGE id=-1 state=1 BSSID=00:00:00:00:00:00
01-20 10:14:28.255 V/WifiMonitor( 1592): Event [CTRL-EVENT-STATE-CHANGE id=-1 state=1 BSSID=00:00:00:00:00:00]
01-20 10:14:28.275 D/WifiStateMachine( 1592): Changing supplicant state: SCANNING ==> INACTIVE
01-20 10:14:28.275 D/WifiStateMachine( 1592): setDetailed state, old =SCANNING and new state=IDLE
01-20 10:14:28.325 D/dalvikvm( 1827): GC_CONCURRENT freed 447K, 10% free 6860K/7559K, paused 1ms+1ms
01-20 10:14:28.385 I/wpa_supplicant( 1775): CTRL-EVENT-STATE-CHANGE id=-1 state=2 BSSID=00:00:00:00:00:00
01-20 10:14:28.385 V/WifiMonitor( 1592): Event [CTRL-EVENT-STATE-CHANGE id=-1 state=2 BSSID=00:00:00:00:00:00]
01-20 10:14:28.385 D/WifiStateMachine( 1592): Changing supplicant state: INACTIVE ==> SCANNING
01-20 10:14:28.385 D/WifiStateMachine( 1592): setDetailed state, old =IDLE and new state=SCANNING
01-20 10:14:28.385 I/System.out( 2578): 16
01-20 10:14:29.386 I/System.out( 2578): 16
01-20 10:14:29.566 I/wpa_supplicant( 1775): got scan complete
01-20 10:14:29.566 I/wpa_supplicant( 1775): wpa_supplicant_get_scan_results:return scan results2
01-20 10:14:29.566 I/wpa_supplicant( 1775): AP:ssid[BTOpenzone],rssi[-51],BSSID=9c:4e:20:c8:b0:f0
01-20 10:14:29.566 I/wpa_supplicant( 1775): AP:ssid[uos-visitor],rssi[-50],BSSID=9c:4e:20:c8:b0:f4
01-20 10:14:29.566 I/wpa_supplicant( 1775): AP:ssid[eduroam],rssi[-50],BSSID=9c:4e:20:c8:b0:f2
01-20 10:14:29.566 I/wpa_supplicant( 1775): AP:ssid[LD-Net],rssi[-92],BSSID=00:14:6c:fd:72:38
01-20 10:14:29.566 I/wpa_supplicant( 1775): AP:ssid[cs],rssi[-50],BSSID=9c:4e:20:c8:b0:f1
01-20 10:14:29.566 I/wpa_supplicant( 1775): AP:ssid[hpsetup],rssi[-94],BSSID=c2:ce:46:d5:40:9c
01-20 10:14:29.566 I/wpa_supplicant( 1775): AP:ssid[uos-connect],rssi[-51],BSSID=9c:4e:20:c8:b0:f3
01-20 10:14:29.566 I/wpa_supplicant( 1775): AP:ssid[uos-connect],rssi[-75],BSSID=9c:4e:20:c8:cc:53
01-20 10:14:29.566 I/wpa_supplicant( 1775): AP:ssid[BTOpenzone],rssi[-73],BSSID=9c:4e:20:c8:cc:50
01-20 10:14:29.566 I/wpa_supplicant( 1775): AP:ssid[eduroam],rssi[-74],BSSID=9c:4e:20:c8:cc:52
01-20 10:14:29.566 I/wpa_supplicant( 1775): AP:ssid[uos-visitor],rssi[-75],BSSID=9c:4e:20:c8:cc:54
01-20 10:14:29.566 I/wpa_supplicant( 1775): AP:ssid[cs],rssi[-74],BSSID=9c:4e:20:c8:cc:51
01-20 10:14:29.566 I/wpa_supplicant( 1775): AP:ssid[BTOpenzone],rssi[-81],BSSID=9c:4e:20:c8:9e:70
01-20 10:14:29.566 I/wpa_supplicant( 1775): AP:ssid[uos-visitor],rssi[-84],BSSID=9c:4e:20:c8:9e:74
01-20 10:14:29.566 I/wpa_supplicant( 1775): AP:ssid[cs],rssi[-81],BSSID=9c:4e:20:c8:9e:71
01-20 10:14:29.566 I/wpa_supplicant( 1775): AP:ssid[eduroam],rssi[-79],BSSID=9c:4e:20:c8:9e:72
01-20 10:14:29.566 I/wpa_supplicant( 1775): Received 3049 bytes of scan results (16 BSSes)
01-20 10:14:29.566 I/wpa_supplicant( 1775): wpa_driver_wext_get_scan_results---
01-20 10:14:29.576 I/wpa_supplicant( 1775): wpa_disabled_ssid_list_clear
01-20 10:14:29.576 V/WifiMonitor( 1592): Event [wpa_disabled_ssid_list_clear]
01-20 10:14:29.576 I/wpa_supplicant( 1775): No suitable AP found.
01-20 10:14:29.576 I/wpa_supplicant( 1775): CTRL-EVENT-STATE-CHANGE id=-1 state=1 BSSID=00:00:00:00:00:00
01-20 10:14:29.576 V/WifiMonitor( 1592): Event [CTRL-EVENT-STATE-CHANGE id=-1 state=1 BSSID=00:00:00:00:00:00]
01-20 10:14:29.606 D/WifiStateMachine( 1592): Changing supplicant state: SCANNING ==> INACTIVE
01-20 10:14:29.606 D/WifiStateMachine( 1592): setDetailed state, old =SCANNING and new state=IDLE
01-20 10:14:29.716 I/wpa_supplicant( 1775): CTRL-EVENT-STATE-CHANGE id=-1 state=2 BSSID=00:00:00:00:00:00
01-20 10:14:29.716 V/WifiMonitor( 1592): Event [CTRL-EVENT-STATE-CHANGE id=-1 state=2 BSSID=00:00:00:00:00:00]
01-20 10:14:29.716 D/WifiStateMachine( 1592): Changing supplicant state: INACTIVE ==> SCANNING
01-20 10:14:29.716 D/WifiStateMachine( 1592): setDetailed state, old =IDLE and new state=SCANNING
01-20 10:14:29.826 D/dalvikvm( 1827): GC_CONCURRENT freed 447K, 10% free 6860K/7559K, paused 3ms+4ms
01-20 10:14:30.387 I/System.out( 2578): 16
01-20 10:14:30.887 I/wpa_supplicant( 1775): got scan complete
01-20 10:14:30.887 I/wpa_supplicant( 1775): wpa_supplicant_get_scan_results:return scan results2
01-20 10:14:30.887 I/wpa_supplicant( 1775): AP:ssid[Marine Instrumentation Limited],rssi[-94],BSSID=00:16:01:58:fe:4b
01-20 10:14:30.887 I/wpa_supplicant( 1775): AP:ssid[cs],rssi[-51],BSSID=9c:4e:20:c8:b0:f1
01-20 10:14:30.887 I/wpa_supplicant( 1775): AP:ssid[hpsetup],rssi[-93],BSSID=c2:ce:46:d5:40:9c
01-20 10:14:30.887 I/wpa_supplicant( 1775): AP:ssid[LD-Net],rssi[-89],BSSID=00:14:6c:fd:72:38
01-20 10:14:30.887 I/wpa_supplicant( 1775): AP:ssid[uos-connect],rssi[-49],BSSID=9c:4e:20:c8:b0:f3
01-20 10:14:30.887 I/wpa_supplicant( 1775): AP:ssid[BTOpenzone],rssi[-51],BSSID=9c:4e:20:c8:b0:f0
01-20 10:14:30.887 I/wpa_supplicant( 1775): AP:ssid[uos-visitor],rssi[-50],BSSID=9c:4e:20:c8:b0:f4
