01-20 10:13:11.259 D/StatusBar.NetworkController( 1666): mSignalStrength == null
01-20 10:13:11.259 D/GpsLocationProvider( 1592): [handleMessage] UPDATE_NETWORK_STATE
01-20 10:13:11.269 D/GpsLocationProvider( 1592): updateNetworkState unavailable info: NetworkInfo: type: USBNET[], state: DISCONNECTED/DISCONNECTED, reason: (unspecified), extra: 0, roaming: false, failover: false, isAvailable: false, isIpv4Connected: false, isIpv6Connected: false
01-20 10:13:11.269 D/PSReceiver( 1827): USB Unplugged, Set PSEnabled= false
01-20 10:13:11.340 I/ActivityManager( 1592): Start proc com.sdgtl.watch.flyer for broadcast com.sdgtl.watch.flyer/com.sdgtl.watch.service.ModeChangeReceiver: pid=2632 uid=10016 gids={3003, 1015}
01-20 10:13:11.360 I/System.out( 2578): 17
01-20 10:13:11.380 I/ActivityManager( 1592): No longer want com.htc.wdm (pid 2212): hidden #16
01-20 10:13:11.410 I/wpa_supplicant( 1775): got scan complete
01-20 10:13:11.410 I/wpa_supplicant( 1775): wpa_supplicant_get_scan_results:return scan results2
01-20 10:13:11.410 I/wpa_supplicant( 1775): AP:ssid[hpsetup],rssi[-94],BSSID=c2:ce:46:d5:40:9c
01-20 10:13:11.410 I/wpa_supplicant( 1775): AP:ssid[BTOpenzone],rssi[-52],BSSID=9c:4e:20:c8:b0:f0
01-20 10:13:11.410 I/wpa_supplicant( 1775): AP:ssid[uos-visitor],rssi[-53],BSSID=9c:4e:20:c8:b0:f4
01-20 10:13:11.410 I/wpa_supplicant( 1775): AP:ssid[eduroam],rssi[-53],BSSID=9c:4e:20:c8:b0:f2
01-20 10:13:11.410 I/wpa_supplicant( 1775): AP:ssid[LD-Net],rssi[-89],BSSID=00:14:6c:fd:72:38
01-20 10:13:11.410 I/wpa_supplicant( 1775): AP:ssid[cs],rssi[-53],BSSID=9c:4e:20:c8:b0:f1
01-20 10:13:11.410 I/wpa_supplicant( 1775): AP:ssid[uos-connect],rssi[-54],BSSID=9c:4e:20:c8:b0:f3
01-20 10:13:11.410 I/wpa_supplicant( 1775): AP:ssid[BTOpenzone],rssi[-71],BSSID=9c:4e:20:c8:cc:50
01-20 10:13:11.410 I/wpa_supplicant( 1775): AP:ssid[uos-connect],rssi[-72],BSSID=9c:4e:20:c8:cc:53
01-20 10:13:11.410 I/wpa_supplicant( 1775): AP:ssid[cs],rssi[-71],BSSID=9c:4e:20:c8:cc:51
01-20 10:13:11.410 I/wpa_supplicant( 1775): AP:ssid[uos-visitor],rssi[-70],BSSID=9c:4e:20:c8:cc:54
01-20 10:13:11.410 I/wpa_supplicant( 1775): AP:ssid[eduroam],rssi[-71],BSSID=9c:4e:20:c8:cc:52
01-20 10:13:11.410 I/wpa_supplicant( 1775): AP:ssid[eduroam],rssi[-81],BSSID=9c:4e:20:c8:9e:72
01-20 10:13:11.410 I/wpa_supplicant( 1775): AP:ssid[uos-visitor],rssi[-83],BSSID=9c:4e:20:c8:9e:74
01-20 10:13:11.410 I/wpa_supplicant( 1775): AP:ssid[cs],rssi[-81],BSSID=9c:4e:20:c8:9e:71
01-20 10:13:11.410 I/wpa_supplicant( 1775): AP:ssid[BTOpenzone],rssi[-82],BSSID=9c:4e:20:c8:9e:70
01-20 10:13:11.410 I/wpa_supplicant( 1775): Received 2985 bytes of scan results (16 BSSes)
01-20 10:13:11.410 I/wpa_supplicant( 1775): wpa_driver_wext_get_scan_results---
01-20 10:13:11.410 I/wpa_supplicant( 1775): wpa_disabled_ssid_list_clear
01-20 10:13:11.410 V/WifiMonitor( 1592): Event [wpa_disabled_ssid_list_clear]
01-20 10:13:11.410 I/wpa_supplicant( 1775): No suitable AP found.
01-20 10:13:11.410 I/wpa_supplicant( 1775): CTRL-EVENT-STATE-CHANGE id=-1 state=1 BSSID=00:00:00:00:00:00
01-20 10:13:11.410 V/WifiMonitor( 1592): Event [CTRL-EVENT-STATE-CHANGE id=-1 state=1 BSSID=00:00:00:00:00:00]
01-20 10:13:11.410 D/WifiStateMachine( 1592): Changing supplicant state: SCANNING ==> INACTIVE
01-20 10:13:11.410 D/WifiStateMachine( 1592): setDetailed state, old =SCANNING and new state=IDLE
01-20 10:13:11.440 I/ActivityThread( 2632): Pub com.sdgtl.watchapp.widget: com.sdgtl.watch.widget.WatchAppContentProvider
01-20 10:13:11.440 I/ActivityThread( 2632): Pub searchformovies: com.sdgtl.watch.search.CatalogSearchProvider
01-20 10:13:11.440 I/ActivityThread( 2632): Pub com.sdgtl.watch.WatchAppCarouselProvider: com.sdgtl.watch.WatchAppCarouselProvider
01-20 10:13:11.490 D/dalvikvm( 2632): GC_CONCURRENT freed 328K, 6% free 6631K/7047K, paused 1ms+1ms
01-20 10:13:11.520 I/ActivityManager( 1592): Start proc com.htc.bg for broadcast com.htc.providers.uploads/.UploadReceiver: pid=2640 uid=10013 gids={2001, 3003, 1006, 1015}
01-20 10:13:11.530 I/wpa_supplicant( 1775): CTRL-EVENT-STATE-CHANGE id=-1 state=2 BSSID=00:00:00:00:00:00
01-20 10:13:11.530 V/WifiMonitor( 1592): Event [CTRL-EVENT-STATE-CHANGE id=-1 state=2 BSSID=00:00:00:00:00:00]
01-20 10:13:11.530 D/WifiStateMachine( 1592): Changing supplicant state: INACTIVE ==> SCANNING
01-20 10:13:11.530 D/WifiStateMachine( 1592): setDetailed state, old =IDLE and new state=SCANNING
01-20 10:13:11.570 I/ActivityManager( 1592): No longer want com.svox.pico (pid 2539): hidden #16
01-20 10:13:11.590 I/ActivityThread( 2640): Pub com.htc.socialnetwork.flickr.provider.StreamProvider: com.htc.socialnetwork.flickr.provider.FlickrStreamProvider
01-20 10:13:11.610 I/ActivityThread( 2640): Pub com.htc.accounts: com.htc.CustomizationSetup.AccountsProvider
01-20 10:13:11.610 I/ActivityThread( 2640): Pub com.htc.htctwitter.Users: com.htc.htctwitter.FriendProvider
01-20 10:13:11.640 I/ActivityThread( 2640): Pub com.htc.opensense.snprovider: com.htc.opensense.snprovider.SocialNetworkProvider
01-20 10:13:11.640 D/SocialNetworkProvider( 2640): onCreate
01-20 10:13:11.640 I/ActivityThread( 2640): Pub com.htc.socialnetwork.flickr.provider.CacheImageProvider: com.htc.socialnetwork.flickr.provider.FlickrCacheImageProvider
01-20 10:13:11.640 I/ActivityThread( 2640): Pub com.htc.friendstream.provider.FriendStreamProvider: com.htc.friendstream.provider.FriendStreamProvider
01-20 10:13:11.650 I/ActivityThread( 2640): Pub com.htc.chirp.provider.Tweet;com.htc.htctwitter: com.htc.htctwitter.TwitterProvider
01-20 10:13:11.660 I/ActivityThread( 2640): Pub com.htc.provider.settings: com.htc.provider.settings.NotificationFlashLightProvider
01-20 10:13:11.660 I/ActivityThread( 2640): Pub com.htc.settings.accountsync.SYNC: com.htc.opensense.syncprovider.SyncProvider
01-20 10:13:11.660 D/SyncProvider( 2640): onCreate
01-20 10:13:11.660 I/ActivityThread( 2640): Pub com.htc.providers.uploads: com.htc.providers.uploads.UploadProvider
01-20 10:13:11.660 D/UploadProvider( 2640): UploadProvider is running
01-20 10:13:11.660 I/ActivityThread( 2640): Pub com.htc.cachemanager: com.htc.opensense.cachemanager.CacheProvider
01-20 10:13:11.660 I/ActivityThread( 2640): Pub com.htc.socialnetwork.facebook.provider.CacheImageProvider: com.htc.socialnetwork.facebook.provider.FacebookCacheImageProvider
01-20 10:13:11.680 I/ActivityThread( 2640): Pub com.htc.htctwitter.provider.CacheImageProvider: com.htc.htctwitter.provider.TwitterCacheImageProvider
01-20 10:13:11.680 I/ActivityThread( 2640): Pub com.htc.socialnetwork.facebook: com.htc.socialnetwork.facebook.FacebookDB
01-20 10:13:11.680 D/UploadReceiver( 2640): Action android.net.conn.CONNECTIVITY_CHANGE
01-20 10:13:11.690 V/UploadReceiver( 2640): Receiver onConnectivity
01-20 10:13:11.690 I/ActivityManager( 1592): Start proc com.htc.reportagent for broadcast com.htc.reportagent/.receiver.ReportAgentReceiver: pid=2650 uid=10038 gids={3003, 1007}
01-20 10:13:11.720 I/ActivityManager( 1592): No longer want com.htc.cs (pid 2522): hidden #16
01-20 10:13:11.730 I/MyReportAgent( 2650): ReportAgentReceiver [onReceive] android.net.conn.CONNECTIVITY_CHANGE
01-20 10:13:11.740 D/MyHTC   ( 1890): PoweronReceiver.onReceive(): intent=android.net.conn.CONNECTIVITY_CHANGE
01-20 10:13:11.740 I/ActivityManager( 1592): No longer want com.android.vending (pid 2092): hidden #16
01-20 10:13:11.750 D/CSUtil  ( 1890): serverTime = 1383989966429
01-20 10:13:11.750 I/ActivityManager( 1592): Start proc com.google.android.apps.uploader for broadcast com.google.android.apps.uploader/.ConnectivityBroadcastReceiver: pid=2659 uid=10043 gids={3003}
01-20 10:13:11.750 D/CSUtil  ( 1890): serverTime = 48011
01-20 10:13:11.780 I/ActivityThread( 2659): Pub com.google.android.apps.uploader: com.google.android.apps.uploader.UploadsContentProvider
01-20 10:13:11.780 I/ActivityThread( 2659): Pub com.google.photos.provider.Album: com.google.android.apps.uploader.clients.picasa.AlbumProvider
01-20 10:13:11.780 D/MediaUploader( 2659): UploaderApplication.onCreate
01-20 10:13:11.790 D/MediaUploader( 2659): nonWifiLimit=20971520, default=20971520
01-20 10:13:11.800 I/MediaUploader( 2659): No need to wake up
01-20 10:13:11.800 I/ActivityManager( 1592): Start proc com.htc.notes:NotesService for broadcast com.htc.notes/.provider.notes.NotesReceiver: pid=2670 uid=9996 gids={3003, 1015, 1006, 2001}
01-20 10:13:11.800 I/ActivityManager( 1592): No longer want com.htc.recommend (pid 2388): hidden #16
01-20 10:13:11.840 V/MyReportAgent( 2650): ReportAgentReceiver Recv Intent: Intent { act=android.net.conn.CONNECTIVITY_CHANGE flg=0x10000010 cmp=com.htc.reportagent/.receiver.ReportAgentReceiver (has extras) }
01-20 10:13:11.840 D/CSUtil  ( 1890): curGMTTime = 36791762
01-20 10:13:11.850 D/MyReportAgent( 2650): android.net.conn.CONNECTIVITY_CHANGE
01-20 10:13:11.860 I/ActivityManager( 1592): Start proc com.htc.htcMessageUploader for broadcast com.htc.htcMessageUploader/.UploadMessageReceiver: pid=2677 uid=10060 gids={3003}
01-20 10:13:11.880 W/ContentService( 1592): binderDied() at ObserverNode name com.google.android.gsf.gservices
01-20 10:13:11.880 D/dalvikvm( 2640): GC_CONCURRENT freed 182K, 5% free 6715K/7047K, paused 1ms+120ms
01-20 10:13:11.880 D/MyReportAgent( 2650): ReportService [##] onCreate(), this = com.htc.reportagent.ReportService@40681028
01-20 10:13:11.890 D/MyReportAgent( 2650): ReportService [##] onStartCommand(), flags = 2, startId = 1, intent = Intent { act=android.net.conn.CONNECTIVITY_CHANGE flg=0x10000010 cmp=com.htc.reportagent/.ReportService (has extras) }, this = com.htc.reportagent.ReportService@40681028
01-20 10:13:11.900 V/htcMessageUploader( 2677): [UploadMessageReceiver] UploadMessageReceiver() constructor !!!
01-20 10:13:11.900 I/htcMessageUploader( 2677): Start thread to upload fota event message:com.htc.htcMessageUploader.UploadMessageReceiver
01-20 10:13:11.900 D/htcMessageUploader( 2677): Total time in main thread:0 milli-seconds
01-20 10:13:11.900 I/ActivityManager( 1592): No longer want com.google.android.partnersetup (pid 2245): hidden #16
01-20 10:13:11.950 D/AutoSetting( 1804): receiver - intent: android.net.conn.CONNECTIVITY_CHANGE
01-20 10:13:11.950 W/ContentService( 1592): binderDied() at ObserverNode name com.google.android.gsf.gservices
01-20 10:13:11.950 D/htcMessageUploader( 2677): Get CONNECTIVITY_ACTION intent 
01-20 10:13:11.950 I/htcMessageUploader( 2677): == UploadMessageReceiver finished ==
01-20 10:13:11.950 D/AutoSetting( 1804): receiver - NetworkInfo: type: USBNET[], state: DISCONNECTED/DISCONNECTED, reason: (unspecified), extra: 0, roaming: false, failover: false, isAvailable: false, isIpv4Connected: false, isIpv6Connected: false
01-20 10:13:11.950 D/AutoSetting( 1804): Util - no network available!
01-20 10:13:11.950 D/AutoSetting( 1804): service - onStartCommand() action: com.htc.app.autosetting.cancellocationupdate
01-20 10:13:11.950 D/Socket_Alarm( 2677): registerHTCSocketMonitorCallBack
01-20 10:13:11.950 D/Socket_Alarm( 2677): set mSocketMonitor
01-20 10:13:11.950 D/Socket_Alarm( 2677): HTCSocketMonitorImpl::HTCSocketMonitorImpl
01-20 10:13:11.960 D/AutoSetting( 1804): service - mHandler: cancel location update
01-20 10:13:11.960 D/AutoSetting( 1804): service -           changes count: 0
01-20 10:13:11.960 W/TelephonyManager( 1733): Hidden constructor called more than once per process!
01-20 10:13:11.960 W/TelephonyManager( 1733): Original: com.google.android.gsf, new: com.google.android.gsf
01-20 10:13:11.970 D/UPolicy ( 2650): IUserBehaviorLoggingService reference is gotten !
01-20 10:13:12.371 I/System.out( 2578): 16
01-20 10:13:12.661 I/wpa_supplicant( 1775): got scan complete
01-20 10:13:12.661 I/wpa_supplicant( 1775): wpa_supplicant_get_scan_results:return scan results2
01-20 10:13:12.671 I/wpa_supplicant( 1775): AP:ssid[hpsetup],rssi[-94],BSSID=c2:ce:46:d5:40:9c
01-20 10:13:12.671 I/wpa_supplicant( 1775): AP:ssid[BTOpenzone],rssi[-53],BSSID=9c:4e:20:c8:b0:f0
01-20 10:13:12.671 I/wpa_supplicant( 1775): AP:ssid[LD-Net],rssi[-90],BSSID=00:14:6c:fd:72:38
01-20 10:13:12.671 I/wpa_supplicant( 1775): AP:ssid[uos-visitor],rssi[-54],BSSID=9c:4e:20:c8:b0:f4
01-20 10:13:12.671 I/wpa_supplicant( 1775): AP:ssid[eduroam],rssi[-54],BSSID=9c:4e:20:c8:b0:f2
01-20 10:13:12.671 I/wpa_supplicant( 1775): AP:ssid[cs],rssi[-54],BSSID=9c:4e:20:c8:b0:f1
01-20 10:13:12.671 I/wpa_supplicant( 1775): AP:ssid[uos-connect],rssi[-55],BSSID=9c:4e:20:c8:b0:f3
01-20 10:13:12.671 I/wpa_supplicant( 1775): AP:ssid[BTOpenzone],rssi[-70],BSSID=9c:4e:20:c8:cc:50
01-20 10:13:12.671 I/wpa_supplicant( 1775): AP:ssid[eduroam],rssi[-70],BSSID=9c:4e:20:c8:cc:52
01-20 10:13:12.671 I/wpa_supplicant( 1775): AP:ssid[cs],rssi[-72],BSSID=9c:4e:20:c8:cc:51
01-20 10:13:12.671 I/wpa_supplicant( 1775): AP:ssid[uos-visitor],rssi[-70],BSSID=9c:4e:20:c8:cc:54
01-20 10:13:12.671 I/wpa_supplicant( 1775): AP:ssid[uos-connect],rssi[-69],BSSID=9c:4e:20:c8:cc:53
01-20 10:13:12.671 I/wpa_supplicant( 1775): AP:ssid[uos-connect],rssi[-81],BSSID=9c:4e:20:c8:9e:73
01-20 10:13:12.671 I/wpa_supplicant( 1775): AP:ssid[BTOpenzone],rssi[-84],BSSID=9c:4e:20:c8:9e:70
01-20 10:13:12.671 I/wpa_supplicant( 1775): AP:ssid[uos-visitor],rssi[-81],BSSID=9c:4e:20:c8:9e:74
01-20 10:13:12.671 I/wpa_supplicant( 1775): AP:ssid[cs],rssi[-81],BSSID=9c:4e:20:c8:9e:71
01-20 10:13:12.671 I/wpa_supplicant( 1775): Received 2959 bytes of scan results (16 BSSes)
01-20 10:13:12.671 I/wpa_supplicant( 1775): wpa_driver_wext_get_scan_results---
01-20 10:13:12.681 I/wpa_supplicant( 1775): wpa_disabled_ssid_list_clear
01-20 10:13:12.681 V/WifiMonitor( 1592): Event [wpa_disabled_ssid_list_clear]
01-20 10:13:12.681 I/wpa_supplicant( 1775): No suitable AP found.
01-20 10:13:12.681 I/wpa_supplicant( 1775): CTRL-EVENT-STATE-CHANGE id=-1 state=1 BSSID=00:00:00:00:00:00
01-20 10:13:12.681 V/WifiMonitor( 1592): Event [CTRL-EVENT-STATE-CHANGE id=-1 state=1 BSSID=00:00:00:00:00:00]
01-20 10:13:12.701 D/WifiStateMachine( 1592): Changing supplicant state: SCANNING ==> INACTIVE
01-20 10:13:12.701 D/WifiStateMachine( 1592): setDetailed state, old =SCANNING and new state=IDLE
01-20 10:13:12.811 I/wpa_supplicant( 1775): CTRL-EVENT-STATE-CHANGE id=-1 state=2 BSSID=00:00:00:00:00:00
01-20 10:13:12.811 V/WifiMonitor( 1592): Event [CTRL-EVENT-STATE-CHANGE id=-1 state=2 BSSID=00:00:00:00:00:00]
01-20 10:13:12.811 D/WifiStateMachine( 1592): Changing supplicant state: INACTIVE ==> SCANNING
01-20 10:13:12.811 D/WifiStateMachine( 1592): setDetailed state, old =IDLE and new state=SCANNING
01-20 10:13:12.911 D/dalvikvm( 1827): GC_CONCURRENT freed 447K, 10% free 6860K/7559K, paused 4ms+4ms
01-20 10:13:13.372 I/System.out( 2578): 16
01-20 10:13:13.982 I/wpa_supplicant( 1775): got scan complete
01-20 10:13:13.982 I/wpa_supplicant( 1775): wpa_supplicant_get_scan_results:return scan results2
01-20 10:13:13.982 I/wpa_supplicant( 1775): AP:ssid[LD-Net],rssi[-94],BSSID=00:14:6c:fd:72:38
01-20 10:13:13.982 I/wpa_supplicant( 1775): AP:ssid[uos-connect],rssi[-54],BSSID=9c:4e:20:c8:b0:f3
01-20 10:13:13.982 I/wpa_supplicant( 1775): AP:ssid[BTOpenzone],rssi[-52],BSSID=9c:4e:20:c8:b0:f0
01-20 10:13:13.982 I/wpa_supplicant( 1775): AP:ssid[uos-visitor],rssi[-56],BSSID=9c:4e:20:c8:b0:f4
01-20 10:13:13.982 I/wpa_supplicant( 1775): AP:ssid[eduroam],rssi[-53],BSSID=9c:4e:20:c8:b0:f2
01-20 10:13:13.992 I/wpa_supplicant( 1775): AP:ssid[cs],rssi[-53],BSSID=9c:4e:20:c8:b0:f1
01-20 10:13:13.992 I/wpa_supplicant( 1775): AP:ssid[hpsetup],rssi[-91],BSSID=c2:ce:46:d5:40:9c
01-20 10:13:13.992 I/wpa_supplicant( 1775): AP:ssid[BTOpenzone],rssi[-70],BSSID=9c:4e:20:c8:cc:50
01-20 10:13:13.992 I/wpa_supplicant( 1775): AP:ssid[cs],rssi[-72],BSSID=9c:4e:20:c8:cc:51
01-20 10:13:13.992 I/wpa_supplicant( 1775): AP:ssid[uos-visitor],rssi[-72],BSSID=9c:4e:20:c8:cc:54
01-20 10:13:13.992 I/wpa_supplicant( 1775): AP:ssid[uos-connect],rssi[-72],BSSID=9c:4e:20:c8:cc:53
01-20 10:13:13.992 I/wpa_supplicant( 1775): AP:ssid[eduroam],rssi[-71],BSSID=9c:4e:20:c8:cc:52
01-20 10:13:13.992 I/wpa_supplicant( 1775): AP:ssid[cs],rssi[-82],BSSID=9c:4e:20:c8:9e:71
01-20 10:13:13.992 I/wpa_supplicant( 1775): AP:ssid[uos-connect],rssi[-87],BSSID=9c:4e:20:c8:9e:73
01-20 10:13:13.992 I/wpa_supplicant( 1775): AP:ssid[BTOpenzone],rssi[-82],BSSID=9c:4e:20:c8:9e:70
01-20 10:13:13.992 I/wpa_supplicant( 1775): AP:ssid[eduroam],rssi[-82],BSSID=9c:4e:20:c8:9e:72
01-20 10:13:13.992 I/wpa_supplicant( 1775): Received 2955 bytes of scan results (16 BSSes)
01-20 10:13:13.992 I/wpa_supplicant( 1775): wpa_driver_wext_get_scan_results---
01-20 10:13:13.992 I/wpa_supplicant( 1775): wpa_disabled_ssid_list_clear
01-20 10:13:13.992 V/WifiMonitor( 1592): Event [wpa_disabled_ssid_list_clear]
01-20 10:13:13.992 I/wpa_supplicant( 1775): No suitable AP found.
01-20 10:13:13.992 I/wpa_supplicant( 1775): CTRL-EVENT-STATE-CHANGE id=-1 state=1 BSSID=00:00:00:00:00:00
01-20 10:13:14.002 V/WifiMonitor( 1592): Event [CTRL-EVENT-STATE-CHANGE id=-1 state=1 BSSID=00:00:00:00:00:00]
01-20 10:13:14.032 D/WifiStateMachine( 1592): Changing supplicant state: SCANNING ==> INACTIVE
01-20 10:13:14.032 D/WifiStateMachine( 1592): setDetailed state, old =SCANNING and new state=IDLE
01-20 10:13:14.142 I/wpa_supplicant( 1775): CTRL-EVENT-STATE-CHANGE id=-1 state=2 BSSID=00:00:00:00:00:00
01-20 10:13:14.142 V/WifiMonitor( 1592): Event [CTRL-EVENT-STATE-CHANGE id=-1 state=2 BSSID=00:00:00:00:00:00]
01-20 10:13:14.142 D/WifiStateMachine( 1592): Changing supplicant state: INACTIVE ==> SCANNING
01-20 10:13:14.142 D/WifiStateMachine( 1592): setDetailed state, old =IDLE and new state=SCANNING
01-20 10:13:14.373 I/System.out( 2578): 16
01-20 10:13:15.273 I/wpa_supplicant( 1775): got scan complete
01-20 10:13:15.273 I/wpa_supplicant( 1775): wpa_supplicant_get_scan_results:return scan results2
01-20 10:13:15.273 I/wpa_supplicant( 1775): AP:ssid[LD-Net],rssi[-86],BSSID=00:14:6c:fd:72:38
01-20 10:13:15.273 I/wpa_supplicant( 1775): AP:ssid[BTOpenzone],rssi[-53],BSSID=9c:4e:20:c8:b0:f0
01-20 10:13:15.273 I/wpa_supplicant( 1775): AP:ssid[uos-visitor],rssi[-52],BSSID=9c:4e:20:c8:b0:f4
01-20 10:13:15.273 I/wpa_supplicant( 1775): AP:ssid[eduroam],rssi[-53],BSSID=9c:4e:20:c8:b0:f2
01-20 10:13:15.273 I/wpa_supplicant( 1775): AP:ssid[hpsetup],rssi[-92],BSSID=c2:ce:46:d5:40:9c
01-20 10:13:15.273 I/wpa_supplicant( 1775): AP:ssid[cs],rssi[-52],BSSID=9c:4e:20:c8:b0:f1
01-20 10:13:15.273 I/wpa_supplicant( 1775): AP:ssid[uos-connect],rssi[-53],BSSID=9c:4e:20:c8:b0:f3
01-20 10:13:15.273 I/wpa_supplicant( 1775): AP:ssid[BTOpenzone],rssi[-71],BSSID=9c:4e:20:c8:cc:50
01-20 10:13:15.273 I/wpa_supplicant( 1775): AP:ssid[eduroam],rssi[-72],BSSID=9c:4e:20:c8:cc:52
01-20 10:13:15.273 I/wpa_supplicant( 1775): AP:ssid[cs],rssi[-68],BSSID=9c:4e:20:c8:cc:51
01-20 10:13:15.283 I/wpa_supplicant( 1775): AP:ssid[uos-connect],rssi[-72],BSSID=9c:4e:20:c8:cc:53
01-20 10:13:15.283 I/wpa_supplicant( 1775): AP:ssid[uos-visitor],rssi[-70],BSSID=9c:4e:20:c8:cc:54
01-20 10:13:15.283 I/wpa_supplicant( 1775): AP:ssid[eduroam],rssi[-84],BSSID=9c:4e:20:c8:9e:72
01-20 10:13:15.283 I/wpa_supplicant( 1775): AP:ssid[uos-visitor],rssi[-82],BSSID=9c:4e:20:c8:9e:74
01-20 10:13:15.283 I/wpa_supplicant( 1775): AP:ssid[cs],rssi[-80],BSSID=9c:4e:20:c8:9e:71
01-20 10:13:15.283 I/wpa_supplicant( 1775): AP:ssid[BTOpenzone],rssi[-83],BSSID=9c:4e:20:c8:9e:70
01-20 10:13:15.283 I/wpa_supplicant( 1775): Received 2985 bytes of scan results (16 BSSes)
01-20 10:13:15.283 I/wpa_supplicant( 1775): wpa_driver_wext_get_scan_results---
01-20 10:13:15.283 I/wpa_supplicant( 1775): wpa_disabled_ssid_list_clear
01-20 10:13:15.283 V/WifiMonitor( 1592): Event [wpa_disabled_ssid_list_clear]
01-20 10:13:15.283 I/wpa_supplicant( 1775): No suitable AP found.
01-20 10:13:15.283 I/wpa_supplicant( 1775): CTRL-EVENT-STATE-CHANGE id=-1 state=1 BSSID=00:00:00:00:00:00
01-20 10:13:15.283 V/WifiMonitor( 1592): Event [CTRL-EVENT-STATE-CHANGE id=-1 state=1 BSSID=00:00:00:00:00:00]
01-20 10:13:15.303 D/WifiStateMachine( 1592): Changing supplicant state: SCANNING ==> INACTIVE
01-20 10:13:15.313 D/WifiStateMachine( 1592): setDetailed state, old =SCANNING and new state=IDLE
01-20 10:13:15.363 I/System.out( 2578): 16
01-20 10:13:15.374 D/dalvikvm( 1827): GC_CONCURRENT freed 447K, 10% free 6860K/7559K, paused 1ms+1ms
01-20 10:13:15.424 I/wpa_supplicant( 1775): CTRL-EVENT-STATE-CHANGE id=-1 state=2 BSSID=00:00:00:00:00:00
01-20 10:13:15.424 V/WifiMonitor( 1592): Event [CTRL-EVENT-STATE-CHANGE id=-1 state=2 BSSID=00:00:00:00:00:00]
01-20 10:13:15.424 D/WifiStateMachine( 1592): Changing supplicant state: INACTIVE ==> SCANNING
01-20 10:13:15.424 D/WifiStateMachine( 1592): setDetailed state, old =IDLE and new state=SCANNING
01-20 10:13:16.364 I/System.out( 2578): 16
01-20 10:13:16.555 I/wpa_supplicant( 1775): got scan complete
01-20 10:13:16.555 I/wpa_supplicant( 1775): wpa_supplicant_get_scan_results:return scan results2
01-20 10:13:16.555 I/wpa_supplicant( 1775): AP:ssid[LD-Net],rssi[-88],BSSID=00:14:6c:fd:72:38
01-20 10:13:16.555 I/wpa_supplicant( 1775): AP:ssid[eduroam],rssi[-54],BSSID=9c:4e:20:c8:b0:f2
01-20 10:13:16.555 I/wpa_supplicant( 1775): AP:ssid[cs],rssi[-54],BSSID=9c:4e:20:c8:b0:f1
01-20 10:13:16.555 I/wpa_supplicant( 1775): AP:ssid[hpsetup],rssi[-93],BSSID=c2:ce:46:d5:40:9c
01-20 10:13:16.555 I/wpa_supplicant( 1775): AP:ssid[uos-connect],rssi[-54],BSSID=9c:4e:20:c8:b0:f3
01-20 10:13:16.555 I/wpa_supplicant( 1775): AP:ssid[uos-visitor],rssi[-52],BSSID=9c:4e:20:c8:b0:f4
01-20 10:13:16.555 I/wpa_supplicant( 1775): AP:ssid[BTOpenzone],rssi[-52],BSSID=9c:4e:20:c8:b0:f0
01-20 10:13:16.555 I/wpa_supplicant( 1775): AP:ssid[eduroam],rssi[-72],BSSID=9c:4e:20:c8:cc:52
01-20 10:13:16.555 I/wpa_supplicant( 1775): AP:ssid[uos-connect],rssi[-72],BSSID=9c:4e:20:c8:cc:53
01-20 10:13:16.555 I/wpa_supplicant( 1775): AP:ssid[uos-visitor],rssi[-71],BSSID=9c:4e:20:c8:cc:54
01-20 10:13:16.555 I/wpa_supplicant( 1775): AP:ssid[cs],rssi[-71],BSSID=9c:4e:20:c8:cc:51
01-20 10:13:16.555 I/wpa_supplicant( 1775): AP:ssid[BTOpenzone],rssi[-70],BSSID=9c:4e:20:c8:cc:50
01-20 10:13:16.555 I/wpa_supplicant( 1775): AP:ssid[BTOpenzone],rssi[-83],BSSID=9c:4e:20:c8:9e:70
01-20 10:13:16.565 I/wpa_supplicant( 1775): AP:ssid[eduroam],rssi[-81],BSSID=9c:4e:20:c8:9e:72
01-20 10:13:16.565 I/wpa_supplicant( 1775): AP:ssid[uos-connect],rssi[-83],BSSID=9c:4e:20:c8:9e:73
01-20 10:13:16.565 I/wpa_supplicant( 1775): AP:ssid[uos-visitor],rssi[-84],BSSID=9c:4e:20:c8:9e:74
01-20 10:13:16.565 I/wpa_supplicant( 1775): Received 2964 bytes of scan results (16 BSSes)
01-20 10:13:16.565 I/wpa_supplicant( 1775): wpa_driver_wext_get_scan_results---
01-20 10:13:16.565 I/wpa_supplicant( 1775): wpa_disabled_ssid_list_clear
01-20 10:13:16.565 V/WifiMonitor( 1592): Event [wpa_disabled_ssid_list_clear]
01-20 10:13:16.565 I/wpa_supplicant( 1775): No suitable AP found.
01-20 10:13:16.565 I/wpa_supplicant( 1775): CTRL-EVENT-STATE-CHANGE id=-1 state=1 BSSID=00:00:00:00:00:00
01-20 10:13:16.565 V/WifiMonitor( 1592): Event [CTRL-EVENT-STATE-CHANGE id=-1 state=1 BSSID=00:00:00:00:00:00]
01-20 10:13:16.605 D/WifiStateMachine( 1592): Changing supplicant state: SCANNING ==> INACTIVE
01-20 10:13:16.605 D/WifiStateMachine( 1592): setDetailed state, old =SCANNING and new state=IDLE
01-20 10:13:16.705 I/wpa_supplicant( 1775): CTRL-EVENT-STATE-CHANGE id=-1 state=2 BSSID=00:00:00:00:00:00
01-20 10:13:16.705 V/WifiMonitor( 1592): Event [CTRL-EVENT-STATE-CHANGE id=-1 state=2 BSSID=00:00:00:00:00:00]
01-20 10:13:16.705 D/WifiStateMachine( 1592): Changing supplicant state: INACTIVE ==> SCANNING
01-20 10:13:16.705 D/WifiStateMachine( 1592): setDetailed state, old =IDLE and new state=SCANNING
01-20 10:13:16.775 D/dalvikvm( 1827): GC_CONCURRENT freed 447K, 10% free 6860K/7559K, paused 2ms+3ms
01-20 10:13:16.995 D/MyReportAgent( 2650): ReportService [##] onDestroy(), this =com.htc.reportagent.ReportService@40681028
01-20 10:13:17.005 I/ActivityManager( 1592): No longer want com.google.android.googlequicksearchbox (pid 2547): hidden #16
01-20 10:13:17.005 D/MyReportAgent( 2650): ReportServiceHandler [##] call stopSelfResult() startId = 1, reurn true
01-20 10:13:17.035 W/ContentService( 1592): binderDied() at ObserverNode name use_location_for_services
01-20 10:13:17.365 I/System.out( 2578): 16
01-20 10:13:17.896 I/wpa_supplicant( 1775): got scan complete
01-20 10:13:17.896 I/wpa_supplicant( 1775): wpa_supplicant_get_scan_results:return scan results2
01-20 10:13:17.896 I/wpa_supplicant( 1775): AP:ssid[hpsetup],rssi[-94],BSSID=c2:ce:46:d5:40:9c
01-20 10:13:17.896 I/wpa_supplicant( 1775): AP:ssid[uos-connect],rssi[-55],BSSID=9c:4e:20:c8:b0:f3
01-20 10:13:17.896 I/wpa_supplicant( 1775): AP:ssid[BTOpenzone],rssi[-54],BSSID=9c:4e:20:c8:b0:f0
01-20 10:13:17.896 I/wpa_supplicant( 1775): AP:ssid[LD-Net],rssi[-94],BSSID=00:14:6c:fd:72:38
01-20 10:13:17.896 I/wpa_supplicant( 1775): AP:ssid[uos-visitor],rssi[-54],BSSID=9c:4e:20:c8:b0:f4
01-20 10:13:17.896 I/wpa_supplicant( 1775): AP:ssid[eduroam],rssi[-54],BSSID=9c:4e:20:c8:b0:f2
01-20 10:13:17.896 I/wpa_supplicant( 1775): AP:ssid[cs],rssi[-53],BSSID=9c:4e:20:c8:b0:f1
01-20 10:13:17.896 I/wpa_supplicant( 1775): AP:ssid[cs],rssi[-69],BSSID=9c:4e:20:c8:cc:51
01-20 10:13:17.896 I/wpa_supplicant( 1775): AP:ssid[uos-connect],rssi[-71],BSSID=9c:4e:20:c8:cc:53
01-20 10:13:17.896 I/wpa_supplicant( 1775): AP:ssid[BTOpenzone],rssi[-69],BSSID=9c:4e:20:c8:cc:50
01-20 10:13:17.896 I/wpa_supplicant( 1775): AP:ssid[eduroam],rssi[-71],BSSID=9c:4e:20:c8:cc:52
01-20 10:13:17.896 I/wpa_supplicant( 1775): AP:ssid[uos-visitor],rssi[-69],BSSID=9c:4e:20:c8:cc:54
01-20 10:13:17.896 I/wpa_supplicant( 1775): AP:ssid[cs],rssi[-82],BSSID=9c:4e:20:c8:9e:71
01-20 10:13:17.896 I/wpa_supplicant( 1775): AP:ssid[BTOpenzone],rssi[-81],BSSID=9c:4e:20:c8:9e:70
01-20 10:13:17.896 I/wpa_supplicant( 1775): AP:ssid[uos-visitor],rssi[-81],BSSID=9c:4e:20:c8:9e:74
01-20 10:13:17.896 I/wpa_supplicant( 1775): AP:ssid[eduroam],rssi[-80],BSSID=9c:4e:20:c8:9e:72
01-20 10:13:17.896 I/wpa_supplicant( 1775): Received 2985 bytes of scan results (16 BSSes)
01-20 10:13:17.896 I/wpa_supplicant( 1775): wpa_driver_wext_get_scan_results---
01-20 10:13:17.896 I/wpa_supplicant( 1775): wpa_disabled_ssid_list_clear
01-20 10:13:17.906 V/WifiMonitor( 1592): Event [wpa_disabled_ssid_list_clear]
01-20 10:13:17.906 I/wpa_supplicant( 1775): No suitable AP found.
01-20 10:13:17.906 I/wpa_supplicant( 1775): CTRL-EVENT-STATE-CHANGE id=-1 state=1 BSSID=00:00:00:00:00:00
01-20 10:13:17.906 V/WifiMonitor( 1592): Event [CTRL-EVENT-STATE-CHANGE id=-1 state=1 BSSID=00:00:00:00:00:00]
01-20 10:13:17.926 D/WifiStateMachine( 1592): Changing supplicant state: SCANNING ==> INACTIVE
01-20 10:13:17.926 D/WifiStateMachine( 1592): setDetailed state, old =SCANNING and new state=IDLE
01-20 10:13:18.036 I/wpa_supplicant( 1775): CTRL-EVENT-STATE-CHANGE id=-1 state=2 BSSID=00:00:00:00:00:00
01-20 10:13:18.036 V/WifiMonitor( 1592): Event [CTRL-EVENT-STATE-CHANGE id=-1 state=2 BSSID=00:00:00:00:00:00]
01-20 10:13:18.036 D/WifiStateMachine( 1592): Changing supplicant state: INACTIVE ==> SCANNING
01-20 10:13:18.036 D/WifiStateMachine( 1592): setDetailed state, old =IDLE and new state=SCANNING
01-20 10:13:18.366 I/System.out( 2578): 16
01-20 10:13:19.207 I/wpa_supplicant( 1775): got scan complete
01-20 10:13:19.207 I/wpa_supplicant( 1775): wpa_supplicant_get_scan_results:return scan results2
01-20 10:13:19.207 I/wpa_supplicant( 1775): AP:ssid[uos-visitor],rssi[-56],BSSID=9c:4e:20:c8:b0:f4
01-20 10:13:19.207 I/wpa_supplicant( 1775): AP:ssid[eduroam],rssi[-52],BSSID=9c:4e:20:c8:b0:f2
01-20 10:13:19.207 I/wpa_supplicant( 1775): AP:ssid[hpsetup],rssi[-93],BSSID=c2:ce:46:d5:40:9c
01-20 10:13:19.207 I/wpa_supplicant( 1775): AP:ssid[LD-Net],rssi[-87],BSSID=00:14:6c:fd:72:38
01-20 10:13:19.207 I/wpa_supplicant( 1775): AP:ssid[cs],rssi[-53],BSSID=9c:4e:20:c8:b0:f1
01-20 10:13:19.207 I/wpa_supplicant( 1775): AP:ssid[uos-connect],rssi[-54],BSSID=9c:4e:20:c8:b0:f3
01-20 10:13:19.207 I/wpa_supplicant( 1775): AP:ssid[BTOpenzone],rssi[-53],BSSID=9c:4e:20:c8:b0:f0
01-20 10:13:19.207 I/wpa_supplicant( 1775): AP:ssid[eduroam],rssi[-72],BSSID=9c:4e:20:c8:cc:52
01-20 10:13:19.217 I/wpa_supplicant( 1775): AP:ssid[uos-connect],rssi[-71],BSSID=9c:4e:20:c8:cc:53
01-20 10:13:19.217 I/wpa_supplicant( 1775): AP:ssid[BTOpenzone],rssi[-68],BSSID=9c:4e:20:c8:cc:50
01-20 10:13:19.217 I/wpa_supplicant( 1775): AP:ssid[uos-visitor],rssi[-71],BSSID=9c:4e:20:c8:cc:54
01-20 10:13:19.217 I/wpa_supplicant( 1775): AP:ssid[BTOpenzone],rssi[-83],BSSID=9c:4e:20:c8:9e:70
01-20 10:13:19.227 I/wpa_supplicant( 1775): AP:ssid[cs],rssi[-71],BSSID=9c:4e:20:c8:cc:51
01-20 10:13:19.227 I/wpa_supplicant( 1775): AP:ssid[uos-visitor],rssi[-83],BSSID=9c:4e:20:c8:9e:74
01-20 10:13:19.227 I/wpa_supplicant( 1775): AP:ssid[cs],rssi[-83],BSSID=9c:4e:20:c8:9e:71
01-20 10:13:19.227 I/wpa_supplicant( 1775): AP:ssid[eduroam],rssi[-83],BSSID=9c:4e:20:c8:9e:72
01-20 10:13:19.227 I/wpa_supplicant( 1775): Received 2985 bytes of scan results (16 BSSes)
01-20 10:13:19.227 I/wpa_supplicant( 1775): wpa_driver_wext_get_scan_results---
01-20 10:13:19.227 I/wpa_supplicant( 1775): wpa_disabled_ssid_list_clear
01-20 10:13:19.227 V/WifiMonitor( 1592): Event [wpa_disabled_ssid_list_clear]
01-20 10:13:19.227 I/wpa_supplicant( 1775): No suitable AP found.
01-20 10:13:19.227 I/wpa_supplicant( 1775): CTRL-EVENT-STATE-CHANGE id=-1 state=1 BSSID=00:00:00:00:00:00
01-20 10:13:19.227 V/WifiMonitor( 1592): Event [CTRL-EVENT-STATE-CHANGE id=-1 state=1 BSSID=00:00:00:00:00:00]
01-20 10:13:19.267 D/WifiStateMachine( 1592): Changing supplicant state: SCANNING ==> INACTIVE
01-20 10:13:19.267 D/WifiStateMachine( 1592): setDetailed state, old =SCANNING and new state=IDLE
01-20 10:13:19.307 D/dalvikvm( 1827): GC_CONCURRENT freed 447K, 10% free 6860K/7559K, paused 1ms+1ms
01-20 10:13:19.367 I/System.out( 2578): 16
01-20 10:13:19.367 I/wpa_supplicant( 1775): CTRL-EVENT-STATE-CHANGE id=-1 state=2 BSSID=00:00:00:00:00:00
01-20 10:13:19.367 V/WifiMonitor( 1592): Event [CTRL-EVENT-STATE-CHANGE id=-1 state=2 BSSID=00:00:00:00:00:00]
01-20 10:13:19.367 D/WifiStateMachine( 1592): Changing supplicant state: INACTIVE ==> SCANNING
01-20 10:13:19.367 D/WifiStateMachine( 1592): setDetailed state, old =IDLE and new state=SCANNING
01-20 10:13:20.368 I/System.out( 2578): 16
01-20 10:13:20.549 I/wpa_supplicant( 1775): got scan complete
01-20 10:13:20.549 I/wpa_supplicant( 1775): wpa_supplicant_get_scan_results:return scan results2
01-20 10:13:20.549 I/wpa_supplicant( 1775): AP:ssid[hpsetup],rssi[-92],BSSID=c2:ce:46:d5:40:9c
01-20 10:13:20.549 I/wpa_supplicant( 1775): AP:ssid[uos-visitor],rssi[-53],BSSID=9c:4e:20:c8:b0:f4
01-20 10:13:20.549 I/wpa_supplicant( 1775): AP:ssid[eduroam],rssi[-53],BSSID=9c:4e:20:c8:b0:f2
01-20 10:13:20.549 I/wpa_supplicant( 1775): AP:ssid[cs],rssi[-53],BSSID=9c:4e:20:c8:b0:f1
01-20 10:13:20.549 I/wpa_supplicant( 1775): AP:ssid[uos-connect],rssi[-54],BSSID=9c:4e:20:c8:b0:f3
01-20 10:13:20.549 I/wpa_supplicant( 1775): AP:ssid[BTOpenzone],rssi[-52],BSSID=9c:4e:20:c8:b0:f0
01-20 10:13:20.549 I/wpa_supplicant( 1775): AP:ssid[LD-Net],rssi[-90],BSSID=00:14:6c:fd:72:38
01-20 10:13:20.559 I/wpa_supplicant( 1775): AP:ssid[uos-connect],rssi[-71],BSSID=9c:4e:20:c8:cc:53
01-20 10:13:20.559 I/wpa_supplicant( 1775): AP:ssid[uos-visitor],rssi[-70],BSSID=9c:4e:20:c8:cc:54
01-20 10:13:20.559 I/wpa_supplicant( 1775): AP:ssid[eduroam],rssi[-71],BSSID=9c:4e:20:c8:cc:52
01-20 10:13:20.559 I/wpa_supplicant( 1775): AP:ssid[cs],rssi[-70],BSSID=9c:4e:20:c8:cc:51
01-20 10:13:20.559 I/wpa_supplicant( 1775): AP:ssid[BTOpenzone],rssi[-70],BSSID=9c:4e:20:c8:cc:50
01-20 10:13:20.559 I/wpa_supplicant( 1775): AP:ssid[BTOpenzone],rssi[-81],BSSID=9c:4e:20:c8:9e:70
01-20 10:13:20.559 I/wpa_supplicant( 1775): AP:ssid[uos-visitor],rssi[-81],BSSID=9c:4e:20:c8:9e:74
01-20 10:13:20.559 I/wpa_supplicant( 1775): AP:ssid[eduroam],rssi[-81],BSSID=9c:4e:20:c8:9e:72
01-20 10:13:20.559 I/wpa_supplicant( 1775): AP:ssid[uos-connect],rssi[-81],BSSID=9c:4e:20:c8:9e:73
01-20 10:13:20.559 I/wpa_supplicant( 1775): Received 2964 bytes of scan results (16 BSSes)
01-20 10:13:20.559 I/wpa_supplicant( 1775): wpa_driver_wext_get_scan_results---
01-20 10:13:20.559 I/wpa_supplicant( 1775): wpa_disabled_ssid_list_clear
01-20 10:13:20.559 V/WifiMonitor( 1592): Event [wpa_disabled_ssid_list_clear]
01-20 10:13:20.559 I/wpa_supplicant( 1775): No suitable AP found.
01-20 10:13:20.559 I/wpa_supplicant( 1775): CTRL-EVENT-STATE-CHANGE id=-1 state=1 BSSID=00:00:00:00:00:00
01-20 10:13:20.559 V/WifiMonitor( 1592): Event [CTRL-EVENT-STATE-CHANGE id=-1 state=1 BSSID=00:00:00:00:00:00]
01-20 10:13:20.589 D/WifiStateMachine( 1592): Changing supplicant state: SCANNING ==> INACTIVE
01-20 10:13:20.589 D/WifiStateMachine( 1592): setDetailed state, old =SCANNING and new state=IDLE
01-20 10:13:20.699 I/wpa_supplicant( 1775): CTRL-EVENT-STATE-CHANGE id=-1 state=2 BSSID=00:00:00:00:00:00
01-20 10:13:20.699 V/WifiMonitor( 1592): Event [CTRL-EVENT-STATE-CHANGE id=-1 state=2 BSSID=00:00:00:00:00:00]
01-20 10:13:20.699 D/WifiStateMachine( 1592): Changing supplicant state: INACTIVE ==> SCANNING
01-20 10:13:20.699 D/WifiStateMachine( 1592): setDetailed state, old =IDLE and new state=SCANNING
01-20 10:13:20.809 D/dalvikvm( 1827): GC_CONCURRENT freed 447K, 10% free 6860K/7559K, paused 4ms+1ms
01-20 10:13:21.369 I/System.out( 2578): 16
01-20 10:13:21.830 I/wpa_supplicant( 1775): got scan complete
01-20 10:13:21.830 I/wpa_supplicant( 1775): wpa_supplicant_get_scan_results:return scan results2
01-20 10:13:21.830 I/wpa_supplicant( 1775): AP:ssid[uos-connect],rssi[-54],BSSID=9c:4e:20:c8:b0:f3
01-20 10:13:21.830 I/wpa_supplicant( 1775): AP:ssid[hpsetup],rssi[-92],BSSID=c2:ce:46:d5:40:9c
01-20 10:13:21.830 I/wpa_supplicant( 1775): AP:ssid[BTOpenzone],rssi[-54],BSSID=9c:4e:20:c8:b0:f0
01-20 10:13:21.830 I/wpa_supplicant( 1775): AP:ssid[LD-Net],rssi[-91],BSSID=00:14:6c:fd:72:38
01-20 10:13:21.830 I/wpa_supplicant( 1775): AP:ssid[uos-visitor],rssi[-56],BSSID=9c:4e:20:c8:b0:f4
01-20 10:13:21.840 I/wpa_supplicant( 1775): AP:ssid[eduroam],rssi[-55],BSSID=9c:4e:20:c8:b0:f2
01-20 10:13:21.840 I/wpa_supplicant( 1775): AP:ssid[cs],rssi[-54],BSSID=9c:4e:20:c8:b0:f1
01-20 10:13:21.840 I/wpa_supplicant( 1775): AP:ssid[uos-connect],rssi[-70],BSSID=9c:4e:20:c8:cc:53
01-20 10:13:21.840 I/wpa_supplicant( 1775): AP:ssid[BTOpenzone],rssi[-68],BSSID=9c:4e:20:c8:cc:50
01-20 10:13:21.840 I/wpa_supplicant( 1775): AP:ssid[eduroam],rssi[-70],BSSID=9c:4e:20:c8:cc:52
01-20 10:13:21.840 I/wpa_supplicant( 1775): AP:ssid[cs],rssi[-70],BSSID=9c:4e:20:c8:cc:51
01-20 10:13:21.840 I/wpa_supplicant( 1775): AP:ssid[uos-visitor],rssi[-70],BSSID=9c:4e:20:c8:cc:54
01-20 10:13:21.840 I/wpa_supplicant( 1775): AP:ssid[uos-connect],rssi[-81],BSSID=9c:4e:20:c8:9e:73
01-20 10:13:21.840 I/wpa_supplicant( 1775): AP:ssid[BTOpenzone],rssi[-81],BSSID=9c:4e:20:c8:9e:70
01-20 10:13:21.840 I/wpa_supplicant( 1775): AP:ssid[eduroam],rssi[-81],BSSID=9c:4e:20:c8:9e:72
01-20 10:13:21.840 I/wpa_supplicant( 1775): AP:ssid[cs],rssi[-82],BSSID=9c:4e:20:c8:9e:71
01-20 10:13:21.840 I/wpa_supplicant( 1775): Received 2955 bytes of scan results (16 BSSes)
01-20 10:13:21.840 I/wpa_supplicant( 1775): wpa_driver_wext_get_scan_results---
01-20 10:13:21.840 I/wpa_supplicant( 1775): wpa_disabled_ssid_list_clear
01-20 10:13:21.840 V/WifiMonitor( 1592): Event [wpa_disabled_ssid_list_clear]
01-20 10:13:21.840 I/wpa_supplicant( 1775): No suitable AP found.
01-20 10:13:21.840 I/wpa_supplicant( 1775): CTRL-EVENT-STATE-CHANGE id=-1 state=1 BSSID=00:00:00:00:00:00
01-20 10:13:21.840 V/WifiMonitor( 1592): Event [CTRL-EVENT-STATE-CHANGE id=-1 state=1 BSSID=00:00:00:00:00:00]
01-20 10:13:21.870 D/WifiStateMachine( 1592): Changing supplicant state: SCANNING ==> INACTIVE
01-20 10:13:21.870 D/WifiStateMachine( 1592): setDetailed state, old =SCANNING and new state=IDLE
01-20 10:13:21.980 I/wpa_supplicant( 1775): CTRL-EVENT-STATE-CHANGE id=-1 state=2 BSSID=00:00:00:00:00:00
01-20 10:13:21.980 V/WifiMonitor( 1592): Event [CTRL-EVENT-STATE-CHANGE id=-1 state=2 BSSID=00:00:00:00:00:00]
01-20 10:13:21.980 D/WifiStateMachine( 1592): Changing supplicant state: INACTIVE ==> SCANNING
01-20 10:13:21.980 D/WifiStateMachine( 1592): setDetailed state, old =IDLE and new state=SCANNING
01-20 10:13:22.370 I/System.out( 2578): 16
01-20 10:13:23.151 I/wpa_supplicant( 1775): got scan complete
01-20 10:13:23.151 I/wpa_supplicant( 1775): wpa_supplicant_get_scan_results:return scan results2
01-20 10:13:23.151 I/wpa_supplicant( 1775): AP:ssid[hpsetup],rssi[-90],BSSID=c2:ce:46:d5:40:9c
01-20 10:13:23.151 I/wpa_supplicant( 1775): AP:ssid[LD-Net],rssi[-88],BSSID=00:14:6c:fd:72:38
01-20 10:13:23.151 I/wpa_supplicant( 1775): AP:ssid[BTOpenzone],rssi[-53],BSSID=9c:4e:20:c8:b0:f0
01-20 10:13:23.151 I/wpa_supplicant( 1775): AP:ssid[eduroam],rssi[-53],BSSID=9c:4e:20:c8:b0:f2
01-20 10:13:23.161 I/wpa_supplicant( 1775): AP:ssid[cs],rssi[-53],BSSID=9c:4e:20:c8:b0:f1
01-20 10:13:23.161 I/wpa_supplicant( 1775): AP:ssid[uos-connect],rssi[-52],BSSID=9c:4e:20:c8:b0:f3
01-20 10:13:23.161 I/wpa_supplicant( 1775): AP:ssid[uos-visitor],rssi[-53],BSSID=9c:4e:20:c8:b0:f4
01-20 10:13:23.161 I/wpa_supplicant( 1775): AP:ssid[BTOpenzone],rssi[-70],BSSID=9c:4e:20:c8:cc:50
01-20 10:13:23.161 I/wpa_supplicant( 1775): AP:ssid[cs],rssi[-70],BSSID=9c:4e:20:c8:cc:51
01-20 10:13:23.161 I/wpa_supplicant( 1775): AP:ssid[uos-visitor],rssi[-69],BSSID=9c:4e:20:c8:cc:54
01-20 10:13:23.161 I/wpa_supplicant( 1775): AP:ssid[eduroam],rssi[-70],BSSID=9c:4e:20:c8:cc:52
01-20 10:13:23.161 I/wpa_supplicant( 1775): AP:ssid[uos-connect],rssi[-69],BSSID=9c:4e:20:c8:cc:53
01-20 10:13:23.161 I/wpa_supplicant( 1775): AP:ssid[uos-connect],rssi[-80],BSSID=9c:4e:20:c8:9e:73
01-20 10:13:23.161 I/wpa_supplicant( 1775): AP:ssid[uos-visitor],rssi[-80],BSSID=9c:4e:20:c8:9e:74
01-20 10:13:23.161 I/wpa_supplicant( 1775): AP:ssid[eduroam],rssi[-84],BSSID=9c:4e:20:c8:9e:72
01-20 10:13:23.161 I/wpa_supplicant( 1775): AP:ssid[cs],rssi[-80],BSSID=9c:4e:20:c8:9e:71
01-20 10:13:23.161 I/wpa_supplicant( 1775): Received 2986 bytes of scan results (16 BSSes)
01-20 10:13:23.161 I/wpa_supplicant( 1775): wpa_driver_wext_get_scan_results---
01-20 10:13:23.161 I/wpa_supplicant( 1775): wpa_disabled_ssid_list_clear
01-20 10:13:23.161 V/WifiMonitor( 1592): Event [wpa_disabled_ssid_list_clear]
01-20 10:13:23.161 I/wpa_supplicant( 1775): No suitable AP found.
01-20 10:13:23.161 I/wpa_supplicant( 1775): CTRL-EVENT-STATE-CHANGE id=-1 state=1 BSSID=00:00:00:00:00:00
01-20 10:13:23.161 V/WifiMonitor( 1592): Event [CTRL-EVENT-STATE-CHANGE id=-1 state=1 BSSID=00:00:00:00:00:00]
01-20 10:13:23.191 D/WifiStateMachine( 1592): Changing supplicant state: SCANNING ==> INACTIVE
01-20 10:13:23.191 D/WifiStateMachine( 1592): setDetailed state, old =SCANNING and new state=IDLE
01-20 10:13:23.251 D/dalvikvm( 1827): GC_CONCURRENT freed 447K, 10% free 6860K/7559K, paused 1ms+1ms
01-20 10:13:23.301 I/wpa_supplicant( 1775): CTRL-EVENT-STATE-CHANGE id=-1 state=2 BSSID=00:00:00:00:00:00
01-20 10:13:23.301 V/WifiMonitor( 1592): Event [CTRL-EVENT-STATE-CHANGE id=-1 state=2 BSSID=00:00:00:00:00:00]
01-20 10:13:23.301 D/WifiStateMachine( 1592): Changing supplicant state: INACTIVE ==> SCANNING
01-20 10:13:23.301 D/WifiStateMachine( 1592): setDetailed state, old =IDLE and new state=SCANNING
01-20 10:13:23.371 I/System.out( 2578): 16
01-20 10:13:24.372 I/System.out( 2578): 16
01-20 10:13:24.472 I/wpa_supplicant( 1775): got scan complete
01-20 10:13:24.472 I/wpa_supplicant( 1775): wpa_supplicant_get_scan_results:return scan results2
01-20 10:13:24.482 I/wpa_supplicant( 1775): AP:ssid[hpsetup],rssi[-91],BSSID=c2:ce:46:d5:40:9c
01-20 10:13:24.482 I/wpa_supplicant( 1775): AP:ssid[uos-connect],rssi[-53],BSSID=9c:4e:20:c8:b0:f3
01-20 10:13:24.482 I/wpa_supplicant( 1775): AP:ssid[LD-Net],rssi[-87],BSSID=00:14:6c:fd:72:38
01-20 10:13:24.482 I/wpa_supplicant( 1775): AP:ssid[BTOpenzone],rssi[-52],BSSID=9c:4e:20:c8:b0:f0
01-20 10:13:24.482 I/wpa_supplicant( 1775): AP:ssid[uos-visitor],rssi[-53],BSSID=9c:4e:20:c8:b0:f4
01-20 10:13:24.482 I/wpa_supplicant( 1775): AP:ssid[eduroam],rssi[-53],BSSID=9c:4e:20:c8:b0:f2
01-20 10:13:24.482 I/wpa_supplicant( 1775): AP:ssid[cs],rssi[-54],BSSID=9c:4e:20:c8:b0:f1
01-20 10:13:24.482 I/wpa_supplicant( 1775): AP:ssid[cs],rssi[-70],BSSID=9c:4e:20:c8:cc:51
01-20 10:13:24.482 I/wpa_supplicant( 1775): AP:ssid[uos-connect],rssi[-71],BSSID=9c:4e:20:c8:cc:53
01-20 10:13:24.482 I/wpa_supplicant( 1775): AP:ssid[BTOpenzone],rssi[-68],BSSID=9c:4e:20:c8:cc:50
01-20 10:13:24.482 I/wpa_supplicant( 1775): AP:ssid[eduroam],rssi[-68],BSSID=9c:4e:20:c8:cc:52
01-20 10:13:24.482 I/wpa_supplicant( 1775): AP:ssid[uos-visitor],rssi[-69],BSSID=9c:4e:20:c8:cc:54
01-20 10:13:24.482 I/wpa_supplicant( 1775): AP:ssid[eduroam],rssi[-79],BSSID=9c:4e:20:c8:9e:72
01-20 10:13:24.482 I/wpa_supplicant( 1775): AP:ssid[cs],rssi[-85],BSSID=9c:4e:20:c8:9e:71
01-20 10:13:24.482 I/wpa_supplicant( 1775): AP:ssid[uos-connect],rssi[-81],BSSID=9c:4e:20:c8:9e:73
01-20 10:13:24.482 I/wpa_supplicant( 1775): AP:ssid[BTOpenzone],rssi[-79],BSSID=9c:4e:20:c8:9e:70
01-20 10:13:24.482 I/wpa_supplicant( 1775): Received 2955 bytes of scan results (16 BSSes)
01-20 10:13:24.482 I/wpa_supplicant( 1775): wpa_driver_wext_get_scan_results---
01-20 10:13:24.482 I/wpa_supplicant( 1775): wpa_disabled_ssid_list_clear
01-20 10:13:24.482 V/WifiMonitor( 1592): Event [wpa_disabled_ssid_list_clear]
01-20 10:13:24.482 I/wpa_supplicant( 1775): No suitable AP found.
01-20 10:13:24.482 I/wpa_supplicant( 1775): CTRL-EVENT-STATE-CHANGE id=-1 state=1 BSSID=00:00:00:00:00:00
01-20 10:13:24.482 V/WifiMonitor( 1592): Event [CTRL-EVENT-STATE-CHANGE id=-1 state=1 BSSID=00:00:00:00:00:00]
01-20 10:13:24.512 D/WifiStateMachine( 1592): Changing supplicant state: SCANNING ==> INACTIVE
01-20 10:13:24.512 D/WifiStateMachine( 1592): setDetailed state, old =SCANNING and new state=IDLE
01-20 10:13:24.623 I/wpa_supplicant( 1775): CTRL-EVENT-STATE-CHANGE id=-1 state=2 BSSID=00:00:00:00:00:00
01-20 10:13:24.623 V/WifiMonitor( 1592): Event [CTRL-EVENT-STATE-CHANGE id=-1 state=2 BSSID=00:00:00:00:00:00]
01-20 10:13:24.623 D/WifiStateMachine( 1592): Changing supplicant state: INACTIVE ==> SCANNING
01-20 10:13:24.623 D/WifiStateMachine( 1592): setDetailed state, old =IDLE and new state=SCANNING
01-20 10:13:24.723 D/dalvikvm( 1827): GC_CONCURRENT freed 447K, 10% free 6860K/7559K, paused 4ms+3ms
01-20 10:13:25.363 I/System.out( 2578): 16
01-20 10:13:25.714 I/wpa_supplicant( 1775): got scan complete
01-20 10:13:25.714 I/wpa_supplicant( 1775): wpa_supplicant_get_scan_results:return scan results2
01-20 10:13:25.714 I/wpa_supplicant( 1775): AP:ssid[cs],rssi[-53],BSSID=9c:4e:20:c8:b0:f1
01-20 10:13:25.714 I/wpa_supplicant( 1775): AP:ssid[LD-Net],rssi[-88],BSSID=00:14:6c:fd:72:38
01-20 10:13:25.714 I/wpa_supplicant( 1775): AP:ssid[uos-connect],rssi[-52],BSSID=9c:4e:20:c8:b0:f3
01-20 10:13:25.714 I/wpa_supplicant( 1775): AP:ssid[BTOpenzone],rssi[-52],BSSID=9c:4e:20:c8:b0:f0
01-20 10:13:25.714 I/wpa_supplicant( 1775): AP:ssid[uos-visitor],rssi[-54],BSSID=9c:4e:20:c8:b0:f4
01-20 10:13:25.714 I/wpa_supplicant( 1775): AP:ssid[eduroam],rssi[-51],BSSID=9c:4e:20:c8:b0:f2
01-20 10:13:25.714 I/wpa_supplicant( 1775): AP:ssid[cs],rssi[-69],BSSID=9c:4e:20:c8:cc:51
01-20 10:13:25.714 I/wpa_supplicant( 1775): AP:ssid[uos-connect],rssi[-70],BSSID=9c:4e:20:c8:cc:53
01-20 10:13:25.714 I/wpa_supplicant( 1775): AP:ssid[uos-visitor],rssi[-69],BSSID=9c:4e:20:c8:cc:54
01-20 10:13:25.714 I/wpa_supplicant( 1775): AP:ssid[eduroam],rssi[-70],BSSID=9c:4e:20:c8:cc:52
01-20 10:13:25.714 I/wpa_supplicant( 1775): AP:ssid[BTOpenzone],rssi[-70],BSSID=9c:4e:20:c8:cc:50
01-20 10:13:25.714 I/wpa_supplicant( 1775): AP:ssid[BTOpenzone],rssi[-81],BSSID=9c:4e:20:c8:9e:70
01-20 10:13:25.714 I/wpa_supplicant( 1775): AP:ssid[eduroam],rssi[-80],BSSID=9c:4e:20:c8:9e:72
01-20 10:13:25.714 I/wpa_supplicant( 1775): AP:ssid[uos-visitor],rssi[-83],BSSID=9c:4e:20:c8:9e:74
01-20 10:13:25.714 I/wpa_supplicant( 1775): AP:ssid[cs],rssi[-81],BSSID=9c:4e:20:c8:9e:71
01-20 10:13:25.714 I/wpa_supplicant( 1775): AP:ssid[uos-connect],rssi[-81],BSSID=9c:4e:20:c8:9e:73
01-20 10:13:25.714 I/wpa_supplicant( 1775): Received 3053 bytes of scan results (16 BSSes)
01-20 10:13:25.714 I/wpa_supplicant( 1775): wpa_driver_wext_get_scan_results---
01-20 10:13:25.724 I/wpa_supplicant( 1775): wpa_disabled_ssid_list_clear
01-20 10:13:25.724 V/WifiMonitor( 1592): Event [wpa_disabled_ssid_list_clear]
01-20 10:13:25.724 I/wpa_supplicant( 1775): No suitable AP found.
01-20 10:13:25.724 I/wpa_supplicant( 1775): CTRL-EVENT-STATE-CHANGE id=-1 state=1 BSSID=00:00:00:00:00:00
01-20 10:13:25.724 V/WifiMonitor( 1592): Event [CTRL-EVENT-STATE-CHANGE id=-1 state=1 BSSID=00:00:00:00:00:00]
01-20 10:13:25.744 D/WifiStateMachine( 1592): Changing supplicant state: SCANNING ==> INACTIVE
01-20 10:13:25.754 D/WifiStateMachine( 1592): setDetailed state, old =SCANNING and new state=IDLE
01-20 10:13:25.864 I/wpa_supplicant( 1775): CTRL-EVENT-STATE-CHANGE id=-1 state=2 BSSID=00:00:00:00:00:00
01-20 10:13:25.864 V/WifiMonitor( 1592): Event [CTRL-EVENT-STATE-CHANGE id=-1 state=2 BSSID=00:00:00:00:00:00]
01-20 10:13:25.864 D/WifiStateMachine( 1592): Changing supplicant state: INACTIVE ==> SCANNING
01-20 10:13:25.864 D/WifiStateMachine( 1592): setDetailed state, old =IDLE and new state=SCANNING
01-20 10:13:26.364 I/System.out( 2578): 16
01-20 10:13:26.995 I/wpa_supplicant( 1775): got scan complete
01-20 10:13:26.995 I/wpa_supplicant( 1775): wpa_supplicant_get_scan_results:return scan results2
01-20 10:13:26.995 I/wpa_supplicant( 1775): AP:ssid[eduroam],rssi[-54],BSSID=9c:4e:20:c8:b0:f2
01-20 10:13:26.995 I/wpa_supplicant( 1775): AP:ssid[LD-Net],rssi[-90],BSSID=00:14:6c:fd:72:38
01-20 10:13:26.995 I/wpa_supplicant( 1775): AP:ssid[cs],rssi[-54],BSSID=9c:4e:20:c8:b0:f1
01-20 10:13:26.995 I/wpa_supplicant( 1775): AP:ssid[hpsetup],rssi[-90],BSSID=c2:ce:46:d5:40:9c
01-20 10:13:26.995 I/wpa_supplicant( 1775): AP:ssid[uos-connect],rssi[-53],BSSID=9c:4e:20:c8:b0:f3
01-20 10:13:26.995 I/wpa_supplicant( 1775): AP:ssid[BTOpenzone],rssi[-56],BSSID=9c:4e:20:c8:b0:f0
01-20 10:13:26.995 I/wpa_supplicant( 1775): AP:ssid[uos-visitor],rssi[-55],BSSID=9c:4e:20:c8:b0:f4
01-20 10:13:26.995 I/wpa_supplicant( 1775): AP:ssid[BTOpenzone],rssi[-69],BSSID=9c:4e:20:c8:cc:50
01-20 10:13:26.995 I/wpa_supplicant( 1775): AP:ssid[eduroam],rssi[-69],BSSID=9c:4e:20:c8:cc:52
01-20 10:13:26.995 I/wpa_supplicant( 1775): AP:ssid[cs],rssi[-68],BSSID=9c:4e:20:c8:cc:51
01-20 10:13:26.995 I/wpa_supplicant( 1775): AP:ssid[uos-connect],rssi[-71],BSSID=9c:4e:20:c8:cc:53
01-20 10:13:26.995 I/wpa_supplicant( 1775): AP:ssid[uos-visitor],rssi[-71],BSSID=9c:4e:20:c8:cc:54
01-20 10:13:26.995 I/wpa_supplicant( 1775): AP:ssid[BTOpenzone],rssi[-79],BSSID=9c:4e:20:c8:9e:70
01-20 10:13:26.995 I/wpa_supplicant( 1775): AP:ssid[uos-visitor],rssi[-82],BSSID=9c:4e:20:c8:9e:74
01-20 10:13:26.995 I/wpa_supplicant( 1775): AP:ssid[eduroam],rssi[-81],BSSID=9c:4e:20:c8:9e:72
01-20 10:13:27.005 I/wpa_supplicant( 1775): AP:ssid[cs],rssi[-83],BSSID=9c:4e:20:c8:9e:71
01-20 10:13:27.005 I/wpa_supplicant( 1775): Received 3049 bytes of scan results (16 BSSes)
01-20 10:13:27.005 I/wpa_supplicant( 1775): wpa_driver_wext_get_scan_results---
01-20 10:13:27.005 I/wpa_supplicant( 1775): wpa_disabled_ssid_list_clear
01-20 10:13:27.005 V/WifiMonitor( 1592): Event [wpa_disabled_ssid_list_clear]
01-20 10:13:27.005 I/wpa_supplicant( 1775): No suitable AP found.
01-20 10:13:27.005 I/wpa_supplicant( 1775): CTRL-EVENT-STATE-CHANGE id=-1 state=1 BSSID=00:00:00:00:00:00
01-20 10:13:27.005 V/WifiMonitor( 1592): Event [CTRL-EVENT-STATE-CHANGE id=-1 state=1 BSSID=00:00:00:00:00:00]
01-20 10:13:27.025 D/WifiStateMachine( 1592): Changing supplicant state: SCANNING ==> INACTIVE
01-20 10:13:27.035 D/WifiStateMachine( 1592): setDetailed state, old =SCANNING and new state=IDLE
01-20 10:13:27.085 D/dalvikvm( 1827): GC_CONCURRENT freed 447K, 10% free 6860K/7559K, paused 1ms+1ms
01-20 10:13:27.145 I/wpa_supplicant( 1775): CTRL-EVENT-STATE-CHANGE id=-1 state=2 BSSID=00:00:00:00:00:00
01-20 10:13:27.145 V/WifiMonitor( 1592): Event [CTRL-EVENT-STATE-CHANGE id=-1 state=2 BSSID=00:00:00:00:00:00]
01-20 10:13:27.145 D/WifiStateMachine( 1592): Changing supplicant state: INACTIVE ==> SCANNING
01-20 10:13:27.145 D/WifiStateMachine( 1592): setDetailed state, old =IDLE and new state=SCANNING
01-20 10:13:27.365 I/System.out( 2578): 16
01-20 10:13:28.276 I/wpa_supplicant( 1775): got scan complete
01-20 10:13:28.276 I/wpa_supplicant( 1775): wpa_supplicant_get_scan_results:return scan results2
01-20 10:13:28.276 I/wpa_supplicant( 1775): AP:ssid[LD-Net],rssi[-90],BSSID=00:14:6c:fd:72:38
01-20 10:13:28.276 I/wpa_supplicant( 1775): AP:ssid[hpsetup],rssi[-92],BSSID=c2:ce:46:d5:40:9c
01-20 10:13:28.276 I/wpa_supplicant( 1775): AP:ssid[cs],rssi[-52],BSSID=9c:4e:20:c8:b0:f1
01-20 10:13:28.276 I/wpa_supplicant( 1775): AP:ssid[uos-connect],rssi[-53],BSSID=9c:4e:20:c8:b0:f3
01-20 10:13:28.276 I/wpa_supplicant( 1775): AP:ssid[BTOpenzone],rssi[-54],BSSID=9c:4e:20:c8:b0:f0
01-20 10:13:28.276 I/wpa_supplicant( 1775): AP:ssid[uos-visitor],rssi[-53],BSSID=9c:4e:20:c8:b0:f4
01-20 10:13:28.286 I/wpa_supplicant( 1775): AP:ssid[eduroam],rssi[-53],BSSID=9c:4e:20:c8:b0:f2
01-20 10:13:28.286 I/wpa_supplicant( 1775): AP:ssid[eduroam],rssi[-78],BSSID=9c:4e:20:c8:cc:52
01-20 10:13:28.286 I/wpa_supplicant( 1775): AP:ssid[cs],rssi[-70],BSSID=9c:4e:20:c8:cc:51
01-20 10:13:28.286 I/wpa_supplicant( 1775): AP:ssid[uos-connect],rssi[-78],BSSID=9c:4e:20:c8:cc:53
01-20 10:13:28.286 I/wpa_supplicant( 1775): AP:ssid[BTOpenzone],rssi[-78],BSSID=9c:4e:20:c8:cc:50
01-20 10:13:28.286 I/wpa_supplicant( 1775): AP:ssid[uos-visitor],rssi[-70],BSSID=9c:4e:20:c8:cc:54
01-20 10:13:28.286 I/wpa_supplicant( 1775): AP:ssid[eduroam],rssi[-84],BSSID=9c:4e:20:c8:9e:72
01-20 10:13:28.286 I/wpa_supplicant( 1775): AP:ssid[uos-connect],rssi[-81],BSSID=9c:4e:20:c8:9e:73
01-20 10:13:28.286 I/wpa_supplicant( 1775): AP:ssid[uos-visitor],rssi[-78],BSSID=9c:4e:20:c8:9e:74
