01-14 14:35:16.909 D/PowerUI ( 1663): closing low battery warning: level=99
01-14 14:35:16.909 D/PowerUI ( 1663): plugged = true, health = 2, mBatteryLevel = 99, mPluggedBatteryLevel = 97, mLowBatteryWarningLevel2 = 25, mshowLowChargingWarning2 = true
01-14 14:35:16.919 D/RemoveMe( 1687): DCT got intent android.intent.action.BATTERY_CHANGED
01-14 14:35:17.019 I/wpa_supplicant( 1790): got scan complete
01-14 14:35:17.019 I/wpa_supplicant( 1790): wpa_supplicant_get_scan_results:return scan results2
01-14 14:35:17.019 I/wpa_supplicant( 1790): AP:ssid[eduroam],rssi[-86],BSSID=9c:4e:20:c8:9e:72
01-14 14:35:17.019 I/wpa_supplicant( 1790): AP:ssid[uos-visitor],rssi[-86],BSSID=9c:4e:20:c8:9e:74
01-14 14:35:17.019 I/wpa_supplicant( 1790): AP:ssid[BTOpenzone],rssi[-85],BSSID=9c:4e:20:c8:9e:70
01-14 14:35:17.019 I/wpa_supplicant( 1790): AP:ssid[uos-connect],rssi[-87],BSSID=9c:4e:20:c8:9e:73
01-14 14:35:17.019 I/wpa_supplicant( 1790): AP:ssid[cs],rssi[-82],BSSID=9c:4e:20:c8:9e:71
01-14 14:35:17.019 I/wpa_supplicant( 1790): AP:ssid[LD-Net],rssi[-90],BSSID=00:14:6c:fd:72:38
01-14 14:35:17.019 I/wpa_supplicant( 1790): AP:ssid[hpsetup],rssi[-94],BSSID=c2:ce:46:d5:40:9c
01-14 14:35:17.019 I/wpa_supplicant( 1790): AP:ssid[BTOpenzone],rssi[-59],BSSID=9c:4e:20:c8:b0:f0
01-14 14:35:17.019 I/wpa_supplicant( 1790): AP:ssid[uos-visitor],rssi[-58],BSSID=9c:4e:20:c8:b0:f4
01-14 14:35:17.019 I/wpa_supplicant( 1790): AP:ssid[eduroam],rssi[-58],BSSID=9c:4e:20:c8:b0:f2
01-14 14:35:17.019 I/wpa_supplicant( 1790): AP:ssid[cs],rssi[-58],BSSID=9c:4e:20:c8:b0:f1
01-14 14:35:17.019 I/wpa_supplicant( 1790): AP:ssid[uos-connect],rssi[-58],BSSID=9c:4e:20:c8:b0:f3
01-14 14:35:17.019 I/wpa_supplicant( 1790): AP:ssid[eduroam],rssi[-73],BSSID=9c:4e:20:c8:cc:52
01-14 14:35:17.019 I/wpa_supplicant( 1790): AP:ssid[BTOpenzone],rssi[-74],BSSID=9c:4e:20:c8:cc:50
01-14 14:35:17.019 I/wpa_supplicant( 1790): AP:ssid[uos-visitor],rssi[-80],BSSID=9c:4e:20:c8:cc:54
01-14 14:35:17.019 I/wpa_supplicant( 1790): AP:ssid[uos-connect],rssi[-75],BSSID=9c:4e:20:c8:cc:53
01-14 14:35:17.019 I/wpa_supplicant( 1790): Received 3028 bytes of scan results (16 BSSes)
01-14 14:35:17.019 I/wpa_supplicant( 1790): wpa_driver_wext_get_scan_results---
01-14 14:35:17.019 I/wpa_supplicant( 1790): wpa_disabled_ssid_list_clear
01-14 14:35:17.019 V/WifiMonitor( 1588): Event [wpa_disabled_ssid_list_clear]
01-14 14:35:17.019 I/wpa_supplicant( 1790): No suitable AP found.
01-14 14:35:17.019 I/wpa_supplicant( 1790): CTRL-EVENT-STATE-CHANGE id=-1 state=1 BSSID=00:00:00:00:00:00
01-14 14:35:17.019 V/WifiMonitor( 1588): Event [CTRL-EVENT-STATE-CHANGE id=-1 state=1 BSSID=00:00:00:00:00:00]
01-14 14:35:17.029 D/WifiStateMachine( 1588): Changing supplicant state: SCANNING ==> INACTIVE
01-14 14:35:17.029 D/WifiStateMachine( 1588): setDetailed state, old =SCANNING and new state=IDLE
01-14 14:35:17.089 D/dalvikvm( 2747): GC_CONCURRENT freed 447K, 8% free 6816K/7367K, paused 2ms+2ms
01-14 14:35:17.129 I/wpa_supplicant( 1790): CTRL-EVENT-STATE-CHANGE id=-1 state=2 BSSID=00:00:00:00:00:00
01-14 14:35:17.129 V/WifiMonitor( 1588): Event [CTRL-EVENT-STATE-CHANGE id=-1 state=2 BSSID=00:00:00:00:00:00]
01-14 14:35:17.129 D/WifiStateMachine( 1588): Changing supplicant state: INACTIVE ==> SCANNING
01-14 14:35:17.129 D/WifiStateMachine( 1588): setDetailed state, old =IDLE and new state=SCANNING
01-14 14:35:17.860 I/System.out( 2737): 16
01-14 14:35:18.230 I/wpa_supplicant( 1790): got scan complete
01-14 14:35:18.230 I/wpa_supplicant( 1790): wpa_supplicant_get_scan_results:return scan results2
01-14 14:35:18.230 I/wpa_supplicant( 1790): AP:ssid[BTOpenzone],rssi[-85],BSSID=9c:4e:20:c8:9e:70
01-14 14:35:18.230 I/wpa_supplicant( 1790): AP:ssid[uos-visitor],rssi[-91],BSSID=9c:4e:20:c8:9e:74
01-14 14:35:18.230 I/wpa_supplicant( 1790): AP:ssid[eduroam],rssi[-86],BSSID=9c:4e:20:c8:9e:72
01-14 14:35:18.230 I/wpa_supplicant( 1790): AP:ssid[uos-connect],rssi[-85],BSSID=9c:4e:20:c8:9e:73
01-14 14:35:18.230 I/wpa_supplicant( 1790): AP:ssid[cs],rssi[-87],BSSID=9c:4e:20:c8:9e:71
01-14 14:35:18.230 I/wpa_supplicant( 1790): AP:ssid[LD-Net],rssi[-89],BSSID=00:14:6c:fd:72:38
01-14 14:35:18.240 I/wpa_supplicant( 1790): AP:ssid[eduroam],rssi[-58],BSSID=9c:4e:20:c8:b0:f2
01-14 14:35:18.240 I/wpa_supplicant( 1790): AP:ssid[cs],rssi[-59],BSSID=9c:4e:20:c8:b0:f1
01-14 14:35:18.240 I/wpa_supplicant( 1790): AP:ssid[uos-connect],rssi[-59],BSSID=9c:4e:20:c8:b0:f3
01-14 14:35:18.240 I/wpa_supplicant( 1790): AP:ssid[BTOpenzone],rssi[-57],BSSID=9c:4e:20:c8:b0:f0
01-14 14:35:18.240 I/wpa_supplicant( 1790): AP:ssid[uos-visitor],rssi[-57],BSSID=9c:4e:20:c8:b0:f4
01-14 14:35:18.240 I/wpa_supplicant( 1790): AP:ssid[uos-connect],rssi[-73],BSSID=9c:4e:20:c8:cc:53
01-14 14:35:18.240 I/wpa_supplicant( 1790): AP:ssid[BTOpenzone],rssi[-73],BSSID=9c:4e:20:c8:cc:50
01-14 14:35:18.240 I/wpa_supplicant( 1790): AP:ssid[uos-visitor],rssi[-73],BSSID=9c:4e:20:c8:cc:54
01-14 14:35:18.240 I/wpa_supplicant( 1790): AP:ssid[eduroam],rssi[-74],BSSID=9c:4e:20:c8:cc:52
01-14 14:35:18.240 I/wpa_supplicant( 1790): AP:ssid[cs],rssi[-74],BSSID=9c:4e:20:c8:cc:51
01-14 14:35:18.240 I/wpa_supplicant( 1790): Received 3053 bytes of scan results (16 BSSes)
01-14 14:35:18.240 I/wpa_supplicant( 1790): wpa_driver_wext_get_scan_results---
01-14 14:35:18.240 I/wpa_supplicant( 1790): wpa_disabled_ssid_list_clear
01-14 14:35:18.240 V/WifiMonitor( 1588): Event [wpa_disabled_ssid_list_clear]
01-14 14:35:18.240 I/wpa_supplicant( 1790): No suitable AP found.
01-14 14:35:18.240 I/wpa_supplicant( 1790): CTRL-EVENT-STATE-CHANGE id=-1 state=1 BSSID=00:00:00:00:00:00
01-14 14:35:18.240 V/WifiMonitor( 1588): Event [CTRL-EVENT-STATE-CHANGE id=-1 state=1 BSSID=00:00:00:00:00:00]
01-14 14:35:18.270 D/WifiStateMachine( 1588): Changing supplicant state: SCANNING ==> INACTIVE
01-14 14:35:18.280 D/WifiStateMachine( 1588): setDetailed state, old =SCANNING and new state=IDLE
01-14 14:35:18.380 I/wpa_supplicant( 1790): CTRL-EVENT-STATE-CHANGE id=-1 state=2 BSSID=00:00:00:00:00:00
01-14 14:35:18.380 V/WifiMonitor( 1588): Event [CTRL-EVENT-STATE-CHANGE id=-1 state=2 BSSID=00:00:00:00:00:00]
01-14 14:35:18.380 D/WifiStateMachine( 1588): Changing supplicant state: INACTIVE ==> SCANNING
01-14 14:35:18.380 D/WifiStateMachine( 1588): setDetailed state, old =IDLE and new state=SCANNING
01-14 14:35:18.500 D/dalvikvm( 2747): GC_CONCURRENT freed 446K, 8% free 6816K/7367K, paused 3ms+4ms
01-14 14:35:18.861 I/System.out( 2737): 16
01-14 14:35:19.481 I/wpa_supplicant( 1790): got scan complete
01-14 14:35:19.481 I/wpa_supplicant( 1790): wpa_supplicant_get_scan_results:return scan results2
01-14 14:35:19.481 I/wpa_supplicant( 1790): AP:ssid[cs],rssi[-86],BSSID=9c:4e:20:c8:9e:71
01-14 14:35:19.481 I/wpa_supplicant( 1790): AP:ssid[BTOpenzone],rssi[-86],BSSID=9c:4e:20:c8:9e:70
01-14 14:35:19.481 I/wpa_supplicant( 1790): AP:ssid[eduroam],rssi[-86],BSSID=9c:4e:20:c8:9e:72
01-14 14:35:19.481 I/wpa_supplicant( 1790): AP:ssid[uos-connect],rssi[-85],BSSID=9c:4e:20:c8:9e:73
01-14 14:35:19.481 I/wpa_supplicant( 1790): AP:ssid[uos-visitor],rssi[-86],BSSID=9c:4e:20:c8:9e:74
01-14 14:35:19.481 I/wpa_supplicant( 1790): AP:ssid[LD-Net],rssi[-89],BSSID=00:14:6c:fd:72:38
01-14 14:35:19.481 I/wpa_supplicant( 1790): AP:ssid[eduroam],rssi[-59],BSSID=9c:4e:20:c8:b0:f2
01-14 14:35:19.481 I/wpa_supplicant( 1790): AP:ssid[cs],rssi[-58],BSSID=9c:4e:20:c8:b0:f1
01-14 14:35:19.481 I/wpa_supplicant( 1790): AP:ssid[uos-connect],rssi[-59],BSSID=9c:4e:20:c8:b0:f3
01-14 14:35:19.481 I/wpa_supplicant( 1790): AP:ssid[BTOpenzone],rssi[-58],BSSID=9c:4e:20:c8:b0:f0
01-14 14:35:19.481 I/wpa_supplicant( 1790): AP:ssid[uos-visitor],rssi[-58],BSSID=9c:4e:20:c8:b0:f4
01-14 14:35:19.481 I/wpa_supplicant( 1790): AP:ssid[uos-connect],rssi[-74],BSSID=9c:4e:20:c8:cc:53
01-14 14:35:19.481 I/wpa_supplicant( 1790): AP:ssid[BTOpenzone],rssi[-74],BSSID=9c:4e:20:c8:cc:50
01-14 14:35:19.481 I/wpa_supplicant( 1790): AP:ssid[uos-visitor],rssi[-74],BSSID=9c:4e:20:c8:cc:54
01-14 14:35:19.481 I/wpa_supplicant( 1790): AP:ssid[eduroam],rssi[-74],BSSID=9c:4e:20:c8:cc:52
01-14 14:35:19.481 I/wpa_supplicant( 1790): AP:ssid[cs],rssi[-75],BSSID=9c:4e:20:c8:cc:51
01-14 14:35:19.481 I/wpa_supplicant( 1790): Received 3053 bytes of scan results (16 BSSes)
01-14 14:35:19.491 I/wpa_supplicant( 1790): wpa_driver_wext_get_scan_results---
01-14 14:35:19.491 I/wpa_supplicant( 1790): wpa_disabled_ssid_list_clear
01-14 14:35:19.491 V/WifiMonitor( 1588): Event [wpa_disabled_ssid_list_clear]
01-14 14:35:19.491 I/wpa_supplicant( 1790): No suitable AP found.
01-14 14:35:19.491 I/wpa_supplicant( 1790): CTRL-EVENT-STATE-CHANGE id=-1 state=1 BSSID=00:00:00:00:00:00
01-14 14:35:19.491 V/WifiMonitor( 1588): Event [CTRL-EVENT-STATE-CHANGE id=-1 state=1 BSSID=00:00:00:00:00:00]
01-14 14:35:19.521 D/WifiStateMachine( 1588): Changing supplicant state: SCANNING ==> INACTIVE
01-14 14:35:19.521 D/WifiStateMachine( 1588): setDetailed state, old =SCANNING and new state=IDLE
01-14 14:35:19.632 I/wpa_supplicant( 1790): CTRL-EVENT-STATE-CHANGE id=-1 state=2 BSSID=00:00:00:00:00:00
01-14 14:35:19.632 V/WifiMonitor( 1588): Event [CTRL-EVENT-STATE-CHANGE id=-1 state=2 BSSID=00:00:00:00:00:00]
01-14 14:35:19.632 D/WifiStateMachine( 1588): Changing supplicant state: INACTIVE ==> SCANNING
01-14 14:35:19.632 D/WifiStateMachine( 1588): setDetailed state, old =IDLE and new state=SCANNING
01-14 14:35:19.852 I/System.out( 2737): 16
01-14 14:35:20.723 I/wpa_supplicant( 1790): got scan complete
01-14 14:35:20.723 I/wpa_supplicant( 1790): wpa_supplicant_get_scan_results:return scan results2
01-14 14:35:20.733 I/wpa_supplicant( 1790): AP:ssid[uos-visitor],rssi[-85],BSSID=9c:4e:20:c8:9e:74
01-14 14:35:20.733 I/wpa_supplicant( 1790): AP:ssid[eduroam],rssi[-86],BSSID=9c:4e:20:c8:9e:72
01-14 14:35:20.733 I/wpa_supplicant( 1790): AP:ssid[cs],rssi[-85],BSSID=9c:4e:20:c8:9e:71
01-14 14:35:20.733 I/wpa_supplicant( 1790): AP:ssid[BTOpenzone],rssi[-82],BSSID=9c:4e:20:c8:9e:70
01-14 14:35:20.733 I/wpa_supplicant( 1790): AP:ssid[uos-connect],rssi[-84],BSSID=9c:4e:20:c8:9e:73
01-14 14:35:20.733 I/wpa_supplicant( 1790): AP:ssid[LD-Net],rssi[-94],BSSID=00:14:6c:fd:72:38
01-14 14:35:20.733 I/wpa_supplicant( 1790): AP:ssid[uos-visitor],rssi[-58],BSSID=9c:4e:20:c8:b0:f4
01-14 14:35:20.743 I/wpa_supplicant( 1790): AP:ssid[eduroam],rssi[-59],BSSID=9c:4e:20:c8:b0:f2
01-14 14:35:20.743 I/wpa_supplicant( 1790): AP:ssid[cs],rssi[-59],BSSID=9c:4e:20:c8:b0:f1
01-14 14:35:20.743 I/wpa_supplicant( 1790): AP:ssid[uos-connect],rssi[-60],BSSID=9c:4e:20:c8:b0:f3
01-14 14:35:20.743 I/wpa_supplicant( 1790): AP:ssid[BTOpenzone],rssi[-58],BSSID=9c:4e:20:c8:b0:f0
01-14 14:35:20.743 I/wpa_supplicant( 1790): AP:ssid[cs],rssi[-75],BSSID=9c:4e:20:c8:cc:51
01-14 14:35:20.743 I/wpa_supplicant( 1790): AP:ssid[uos-connect],rssi[-75],BSSID=9c:4e:20:c8:cc:53
01-14 14:35:20.743 I/wpa_supplicant( 1790): AP:ssid[BTOpenzone],rssi[-75],BSSID=9c:4e:20:c8:cc:50
01-14 14:35:20.743 I/wpa_supplicant( 1790): AP:ssid[uos-visitor],rssi[-74],BSSID=9c:4e:20:c8:cc:54
01-14 14:35:20.743 I/wpa_supplicant( 1790): AP:ssid[eduroam],rssi[-75],BSSID=9c:4e:20:c8:cc:52
01-14 14:35:20.743 I/wpa_supplicant( 1790): Received 3053 bytes of scan results (16 BSSes)
01-14 14:35:20.743 I/wpa_supplicant( 1790): wpa_driver_wext_get_scan_results---
01-14 14:35:20.743 I/wpa_supplicant( 1790): wpa_disabled_ssid_list_clear
01-14 14:35:20.743 V/WifiMonitor( 1588): Event [wpa_disabled_ssid_list_clear]
01-14 14:35:20.743 I/wpa_supplicant( 1790): No suitable AP found.
01-14 14:35:20.743 I/wpa_supplicant( 1790): CTRL-EVENT-STATE-CHANGE id=-1 state=1 BSSID=00:00:00:00:00:00
01-14 14:35:20.743 V/WifiMonitor( 1588): Event [CTRL-EVENT-STATE-CHANGE id=-1 state=1 BSSID=00:00:00:00:00:00]
01-14 14:35:20.743 D/WifiStateMachine( 1588): Changing supplicant state: SCANNING ==> INACTIVE
01-14 14:35:20.743 D/WifiStateMachine( 1588): setDetailed state, old =SCANNING and new state=IDLE
01-14 14:35:20.793 D/dalvikvm( 2747): GC_CONCURRENT freed 446K, 8% free 6816K/7367K, paused 1ms+2ms
01-14 14:35:20.853 I/wpa_supplicant( 1790): CTRL-EVENT-STATE-CHANGE id=-1 state=2 BSSID=00:00:00:00:00:00
01-14 14:35:20.853 V/WifiMonitor( 1588): Event [CTRL-EVENT-STATE-CHANGE id=-1 state=2 BSSID=00:00:00:00:00:00]
01-14 14:35:20.853 D/WifiStateMachine( 1588): Changing supplicant state: INACTIVE ==> SCANNING
01-14 14:35:20.853 D/WifiStateMachine( 1588): setDetailed state, old =IDLE and new state=SCANNING
01-14 14:35:20.853 I/System.out( 2737): 16
01-14 14:35:21.864 I/System.out( 2737): 16
01-14 14:35:21.944 I/wpa_supplicant( 1790): got scan complete
01-14 14:35:21.944 I/wpa_supplicant( 1790): wpa_supplicant_get_scan_results:return scan results2
01-14 14:35:21.944 I/wpa_supplicant( 1790): AP:ssid[uos-visitor],rssi[-83],BSSID=9c:4e:20:c8:9e:74
01-14 14:35:21.954 I/wpa_supplicant( 1790): AP:ssid[cs],rssi[-84],BSSID=9c:4e:20:c8:9e:71
01-14 14:35:21.954 I/wpa_supplicant( 1790): AP:ssid[BTOpenzone],rssi[-84],BSSID=9c:4e:20:c8:9e:70
01-14 14:35:21.954 I/wpa_supplicant( 1790): AP:ssid[eduroam],rssi[-85],BSSID=9c:4e:20:c8:9e:72
01-14 14:35:21.954 I/wpa_supplicant( 1790): AP:ssid[uos-connect],rssi[-85],BSSID=9c:4e:20:c8:9e:73
01-14 14:35:21.954 I/wpa_supplicant( 1790): AP:ssid[LD-Net],rssi[-90],BSSID=00:14:6c:fd:72:38
01-14 14:35:21.954 I/wpa_supplicant( 1790): AP:ssid[BTOpenzone],rssi[-60],BSSID=9c:4e:20:c8:b0:f0
01-14 14:35:21.954 I/wpa_supplicant( 1790): AP:ssid[uos-visitor],rssi[-59],BSSID=9c:4e:20:c8:b0:f4
01-14 14:35:21.954 I/wpa_supplicant( 1790): AP:ssid[eduroam],rssi[-60],BSSID=9c:4e:20:c8:b0:f2
01-14 14:35:21.954 I/wpa_supplicant( 1790): AP:ssid[cs],rssi[-59],BSSID=9c:4e:20:c8:b0:f1
01-14 14:35:21.954 I/wpa_supplicant( 1790): AP:ssid[uos-connect],rssi[-60],BSSID=9c:4e:20:c8:b0:f3
01-14 14:35:21.954 I/wpa_supplicant( 1790): AP:ssid[eduroam],rssi[-73],BSSID=9c:4e:20:c8:cc:52
01-14 14:35:21.964 I/wpa_supplicant( 1790): AP:ssid[cs],rssi[-73],BSSID=9c:4e:20:c8:cc:51
01-14 14:35:21.964 I/wpa_supplicant( 1790): AP:ssid[uos-connect],rssi[-73],BSSID=9c:4e:20:c8:cc:53
01-14 14:35:21.964 I/wpa_supplicant( 1790): AP:ssid[BTOpenzone],rssi[-72],BSSID=9c:4e:20:c8:cc:50
01-14 14:35:21.964 I/wpa_supplicant( 1790): AP:ssid[uos-visitor],rssi[-74],BSSID=9c:4e:20:c8:cc:54
01-14 14:35:21.964 I/wpa_supplicant( 1790): Received 3053 bytes of scan results (16 BSSes)
01-14 14:35:21.964 I/wpa_supplicant( 1790): wpa_driver_wext_get_scan_results---
01-14 14:35:21.974 I/wpa_supplicant( 1790): wpa_disabled_ssid_list_clear
01-14 14:35:21.974 V/WifiMonitor( 1588): Event [wpa_disabled_ssid_list_clear]
01-14 14:35:21.974 I/wpa_supplicant( 1790): No suitable AP found.
01-14 14:35:21.974 I/wpa_supplicant( 1790): CTRL-EVENT-STATE-CHANGE id=-1 state=1 BSSID=00:00:00:00:00:00
01-14 14:35:21.974 V/WifiMonitor( 1588): Event [CTRL-EVENT-STATE-CHANGE id=-1 state=1 BSSID=00:00:00:00:00:00]
01-14 14:35:22.004 D/WifiStateMachine( 1588): Changing supplicant state: SCANNING ==> INACTIVE
01-14 14:35:22.004 D/WifiStateMachine( 1588): setDetailed state, old =SCANNING and new state=IDLE
01-14 14:35:22.104 I/wpa_supplicant( 1790): CTRL-EVENT-STATE-CHANGE id=-1 state=2 BSSID=00:00:00:00:00:00
01-14 14:35:22.104 V/WifiMonitor( 1588): Event [CTRL-EVENT-STATE-CHANGE id=-1 state=2 BSSID=00:00:00:00:00:00]
01-14 14:35:22.104 D/WifiStateMachine( 1588): Changing supplicant state: INACTIVE ==> SCANNING
01-14 14:35:22.104 D/WifiStateMachine( 1588): setDetailed state, old =IDLE and new state=SCANNING
01-14 14:35:22.174 D/dalvikvm( 2747): GC_CONCURRENT freed 446K, 8% free 6816K/7367K, paused 2ms+2ms
01-14 14:35:22.855 I/System.out( 2737): 16
01-14 14:35:23.195 I/wpa_supplicant( 1790): got scan complete
01-14 14:35:23.195 I/wpa_supplicant( 1790): wpa_supplicant_get_scan_results:return scan results2
01-14 14:35:23.195 I/wpa_supplicant( 1790): AP:ssid[cs],rssi[-84],BSSID=9c:4e:20:c8:9e:71
01-14 14:35:23.195 I/wpa_supplicant( 1790): AP:ssid[uos-visitor],rssi[-85],BSSID=9c:4e:20:c8:9e:74
01-14 14:35:23.195 I/wpa_supplicant( 1790): AP:ssid[eduroam],rssi[-82],BSSID=9c:4e:20:c8:9e:72
01-14 14:35:23.195 I/wpa_supplicant( 1790): AP:ssid[BTOpenzone],rssi[-82],BSSID=9c:4e:20:c8:9e:70
01-14 14:35:23.195 I/wpa_supplicant( 1790): AP:ssid[uos-connect],rssi[-84],BSSID=9c:4e:20:c8:9e:73
01-14 14:35:23.195 I/wpa_supplicant( 1790): AP:ssid[eduroam],rssi[-58],BSSID=9c:4e:20:c8:b0:f2
01-14 14:35:23.195 I/wpa_supplicant( 1790): AP:ssid[BTOpenzone],rssi[-58],BSSID=9c:4e:20:c8:b0:f0
01-14 14:35:23.195 I/wpa_supplicant( 1790): AP:ssid[uos-visitor],rssi[-56],BSSID=9c:4e:20:c8:b0:f4
01-14 14:35:23.195 I/wpa_supplicant( 1790): AP:ssid[cs],rssi[-57],BSSID=9c:4e:20:c8:b0:f1
01-14 14:35:23.195 I/wpa_supplicant( 1790): AP:ssid[uos-connect],rssi[-59],BSSID=9c:4e:20:c8:b0:f3
01-14 14:35:23.195 I/wpa_supplicant( 1790): AP:ssid[uos-visitor],rssi[-72],BSSID=9c:4e:20:c8:cc:54
01-14 14:35:23.195 I/wpa_supplicant( 1790): AP:ssid[eduroam],rssi[-73],BSSID=9c:4e:20:c8:cc:52
01-14 14:35:23.195 I/wpa_supplicant( 1790): AP:ssid[uos-connect],rssi[-73],BSSID=9c:4e:20:c8:cc:53
01-14 14:35:23.195 I/wpa_supplicant( 1790): AP:ssid[BTOpenzone],rssi[-70],BSSID=9c:4e:20:c8:cc:50
01-14 14:35:23.195 I/wpa_supplicant( 1790): AP:ssid[cs],rssi[-73],BSSID=9c:4e:20:c8:cc:51
01-14 14:35:23.195 I/wpa_supplicant( 1790): Received 2853 bytes of scan results (15 BSSes)
01-14 14:35:23.195 I/wpa_supplicant( 1790): wpa_driver_wext_get_scan_results---
01-14 14:35:23.205 I/wpa_supplicant( 1790): wpa_disabled_ssid_list_clear
01-14 14:35:23.205 V/WifiMonitor( 1588): Event [wpa_disabled_ssid_list_clear]
01-14 14:35:23.205 I/wpa_supplicant( 1790): No suitable AP found.
01-14 14:35:23.205 I/wpa_supplicant( 1790): CTRL-EVENT-STATE-CHANGE id=-1 state=1 BSSID=00:00:00:00:00:00
01-14 14:35:23.205 V/WifiMonitor( 1588): Event [CTRL-EVENT-STATE-CHANGE id=-1 state=1 BSSID=00:00:00:00:00:00]
01-14 14:35:23.225 D/WifiStateMachine( 1588): Changing supplicant state: SCANNING ==> INACTIVE
01-14 14:35:23.225 D/WifiStateMachine( 1588): setDetailed state, old =SCANNING and new state=IDLE
01-14 14:35:23.325 I/wpa_supplicant( 1790): CTRL-EVENT-STATE-CHANGE id=-1 state=2 BSSID=00:00:00:00:00:00
01-14 14:35:23.325 V/WifiMonitor( 1588): Event [CTRL-EVENT-STATE-CHANGE id=-1 state=2 BSSID=00:00:00:00:00:00]
01-14 14:35:23.335 D/WifiStateMachine( 1588): Changing supplicant state: INACTIVE ==> SCANNING
01-14 14:35:23.335 D/WifiStateMachine( 1588): setDetailed state, old =IDLE and new state=SCANNING
01-14 14:35:23.856 I/System.out( 2737): 15
01-14 14:35:24.436 I/wpa_supplicant( 1790): got scan complete
01-14 14:35:24.436 I/wpa_supplicant( 1790): wpa_supplicant_get_scan_results:return scan results2
01-14 14:35:24.436 I/wpa_supplicant( 1790): AP:ssid[eduroam],rssi[-86],BSSID=9c:4e:20:c8:9e:72
01-14 14:35:24.436 I/wpa_supplicant( 1790): AP:ssid[BTOpenzone],rssi[-84],BSSID=9c:4e:20:c8:9e:70
01-14 14:35:24.436 I/wpa_supplicant( 1790): AP:ssid[uos-visitor],rssi[-83],BSSID=9c:4e:20:c8:9e:74
01-14 14:35:24.436 I/wpa_supplicant( 1790): AP:ssid[uos-connect],rssi[-86],BSSID=9c:4e:20:c8:9e:73
01-14 14:35:24.436 I/wpa_supplicant( 1790): AP:ssid[cs],rssi[-85],BSSID=9c:4e:20:c8:9e:71
01-14 14:35:24.446 I/wpa_supplicant( 1790): AP:ssid[uos-connect],rssi[-58],BSSID=9c:4e:20:c8:b0:f3
01-14 14:35:24.446 I/wpa_supplicant( 1790): AP:ssid[LD-Net],rssi[-89],BSSID=00:14:6c:fd:72:38
01-14 14:35:24.446 I/wpa_supplicant( 1790): AP:ssid[BTOpenzone],rssi[-59],BSSID=9c:4e:20:c8:b0:f0
01-14 14:35:24.446 I/wpa_supplicant( 1790): AP:ssid[uos-visitor],rssi[-58],BSSID=9c:4e:20:c8:b0:f4
01-14 14:35:24.446 I/wpa_supplicant( 1790): AP:ssid[eduroam],rssi[-57],BSSID=9c:4e:20:c8:b0:f2
01-14 14:35:24.446 I/wpa_supplicant( 1790): AP:ssid[cs],rssi[-57],BSSID=9c:4e:20:c8:b0:f1
01-14 14:35:24.446 I/wpa_supplicant( 1790): AP:ssid[uos-visitor],rssi[-73],BSSID=9c:4e:20:c8:cc:54
01-14 14:35:24.446 I/wpa_supplicant( 1790): AP:ssid[cs],rssi[-73],BSSID=9c:4e:20:c8:cc:51
01-14 14:35:24.446 I/wpa_supplicant( 1790): AP:ssid[uos-connect],rssi[-74],BSSID=9c:4e:20:c8:cc:53
01-14 14:35:24.446 I/wpa_supplicant( 1790): AP:ssid[BTOpenzone],rssi[-73],BSSID=9c:4e:20:c8:cc:50
01-14 14:35:24.446 I/wpa_supplicant( 1790): AP:ssid[eduroam],rssi[-73],BSSID=9c:4e:20:c8:cc:52
01-14 14:35:24.446 I/wpa_supplicant( 1790): Received 3053 bytes of scan results (16 BSSes)
01-14 14:35:24.446 I/wpa_supplicant( 1790): wpa_driver_wext_get_scan_results---
01-14 14:35:24.446 I/wpa_supplicant( 1790): wpa_disabled_ssid_list_clear
01-14 14:35:24.446 V/WifiMonitor( 1588): Event [wpa_disabled_ssid_list_clear]
01-14 14:35:24.446 I/wpa_supplicant( 1790): No suitable AP found.
01-14 14:35:24.446 I/wpa_supplicant( 1790): CTRL-EVENT-STATE-CHANGE id=-1 state=1 BSSID=00:00:00:00:00:00
01-14 14:35:24.456 V/WifiMonitor( 1588): Event [CTRL-EVENT-STATE-CHANGE id=-1 state=1 BSSID=00:00:00:00:00:00]
01-14 14:35:24.476 D/WifiStateMachine( 1588): Changing supplicant state: SCANNING ==> INACTIVE
01-14 14:35:24.476 D/WifiStateMachine( 1588): setDetailed state, old =SCANNING and new state=IDLE
01-14 14:35:24.526 D/dalvikvm( 2747): GC_CONCURRENT freed 446K, 8% free 6816K/7367K, paused 1ms+1ms
01-14 14:35:24.576 I/wpa_supplicant( 1790): CTRL-EVENT-STATE-CHANGE id=-1 state=2 BSSID=00:00:00:00:00:00
01-14 14:35:24.576 V/WifiMonitor( 1588): Event [CTRL-EVENT-STATE-CHANGE id=-1 state=2 BSSID=00:00:00:00:00:00]
01-14 14:35:24.576 D/WifiStateMachine( 1588): Changing supplicant state: INACTIVE ==> SCANNING
01-14 14:35:24.576 D/WifiStateMachine( 1588): setDetailed state, old =IDLE and new state=SCANNING
01-14 14:35:24.857 I/System.out( 2737): 16
01-14 14:35:25.677 I/wpa_supplicant( 1790): got scan complete
01-14 14:35:25.677 I/wpa_supplicant( 1790): wpa_supplicant_get_scan_results:return scan results2
01-14 14:35:25.677 I/wpa_supplicant( 1790): AP:ssid[BTOpenzone],rssi[-84],BSSID=9c:4e:20:c8:9e:70
01-14 14:35:25.687 I/wpa_supplicant( 1790): AP:ssid[uos-visitor],rssi[-84],BSSID=9c:4e:20:c8:9e:74
01-14 14:35:25.687 I/wpa_supplicant( 1790): AP:ssid[eduroam],rssi[-85],BSSID=9c:4e:20:c8:9e:72
01-14 14:35:25.687 I/wpa_supplicant( 1790): AP:ssid[cs],rssi[-84],BSSID=9c:4e:20:c8:9e:71
01-14 14:35:25.687 I/wpa_supplicant( 1790): AP:ssid[uos-connect],rssi[-85],BSSID=9c:4e:20:c8:9e:73
01-14 14:35:25.687 I/wpa_supplicant( 1790): AP:ssid[uos-connect],rssi[-57],BSSID=9c:4e:20:c8:b0:f3
01-14 14:35:25.687 I/wpa_supplicant( 1790): AP:ssid[BTOpenzone],rssi[-58],BSSID=9c:4e:20:c8:b0:f0
01-14 14:35:25.687 I/wpa_supplicant( 1790): AP:ssid[uos-visitor],rssi[-57],BSSID=9c:4e:20:c8:b0:f4
01-14 14:35:25.687 I/wpa_supplicant( 1790): AP:ssid[eduroam],rssi[-57],BSSID=9c:4e:20:c8:b0:f2
01-14 14:35:25.687 I/wpa_supplicant( 1790): AP:ssid[cs],rssi[-59],BSSID=9c:4e:20:c8:b0:f1
01-14 14:35:25.687 I/wpa_supplicant( 1790): AP:ssid[BTOpenzone],rssi[-71],BSSID=9c:4e:20:c8:cc:50
01-14 14:35:25.687 I/wpa_supplicant( 1790): AP:ssid[uos-visitor],rssi[-73],BSSID=9c:4e:20:c8:cc:54
01-14 14:35:25.687 I/wpa_supplicant( 1790): AP:ssid[eduroam],rssi[-73],BSSID=9c:4e:20:c8:cc:52
01-14 14:35:25.687 I/wpa_supplicant( 1790): AP:ssid[cs],rssi[-74],BSSID=9c:4e:20:c8:cc:51
01-14 14:35:25.687 I/wpa_supplicant( 1790): AP:ssid[uos-connect],rssi[-73],BSSID=9c:4e:20:c8:cc:53
01-14 14:35:25.687 I/wpa_supplicant( 1790): Received 2853 bytes of scan results (15 BSSes)
01-14 14:35:25.687 I/wpa_supplicant( 1790): wpa_driver_wext_get_scan_results---
01-14 14:35:25.687 I/wpa_supplicant( 1790): wpa_disabled_ssid_list_clear
01-14 14:35:25.687 V/WifiMonitor( 1588): Event [wpa_disabled_ssid_list_clear]
01-14 14:35:25.697 I/wpa_supplicant( 1790): No suitable AP found.
01-14 14:35:25.697 I/wpa_supplicant( 1790): CTRL-EVENT-STATE-CHANGE id=-1 state=1 BSSID=00:00:00:00:00:00
01-14 14:35:25.697 V/WifiMonitor( 1588): Event [CTRL-EVENT-STATE-CHANGE id=-1 state=1 BSSID=00:00:00:00:00:00]
01-14 14:35:25.717 D/WifiStateMachine( 1588): Changing supplicant state: SCANNING ==> INACTIVE
01-14 14:35:25.717 D/WifiStateMachine( 1588): setDetailed state, old =SCANNING and new state=IDLE
01-14 14:35:25.818 I/wpa_supplicant( 1790): CTRL-EVENT-STATE-CHANGE id=-1 state=2 BSSID=00:00:00:00:00:00
01-14 14:35:25.818 V/WifiMonitor( 1588): Event [CTRL-EVENT-STATE-CHANGE id=-1 state=2 BSSID=00:00:00:00:00:00]
01-14 14:35:25.818 D/WifiStateMachine( 1588): Changing supplicant state: INACTIVE ==> SCANNING
01-14 14:35:25.818 D/WifiStateMachine( 1588): setDetailed state, old =IDLE and new state=SCANNING
01-14 14:35:25.858 I/System.out( 2737): 15
01-14 14:35:25.908 D/dalvikvm( 2747): GC_CONCURRENT freed 446K, 8% free 6816K/7367K, paused 1ms+1ms
01-14 14:35:26.408 D/dalvikvm( 1726): GC_EXPLICIT freed 323K, 6% free 6815K/7239K, paused 7ms+2ms
01-14 14:35:26.418 I/EventLogService( 1726): Aggregate from 1389708326202 (log), 1389708326202 (data)
01-14 14:35:26.859 I/System.out( 2737): 15
01-14 14:35:26.989 I/wpa_supplicant( 1790): got scan complete
01-14 14:35:26.989 I/wpa_supplicant( 1790): wpa_supplicant_get_scan_results:return scan results2
01-14 14:35:26.989 I/wpa_supplicant( 1790): AP:ssid[uos-connect],rssi[-85],BSSID=9c:4e:20:c8:9e:73
01-14 14:35:26.989 I/wpa_supplicant( 1790): AP:ssid[BTOpenzone],rssi[-84],BSSID=9c:4e:20:c8:9e:70
01-14 14:35:26.999 I/wpa_supplicant( 1790): AP:ssid[uos-visitor],rssi[-85],BSSID=9c:4e:20:c8:9e:74
01-14 14:35:26.999 I/wpa_supplicant( 1790): AP:ssid[eduroam],rssi[-84],BSSID=9c:4e:20:c8:9e:72
01-14 14:35:26.999 I/wpa_supplicant( 1790): AP:ssid[cs],rssi[-83],BSSID=9c:4e:20:c8:9e:71
01-14 14:35:26.999 I/wpa_supplicant( 1790): AP:ssid[cs],rssi[-60],BSSID=9c:4e:20:c8:b0:f1
01-14 14:35:26.999 I/wpa_supplicant( 1790): AP:ssid[LD-Net],rssi[-91],BSSID=00:14:6c:fd:72:38
01-14 14:35:26.999 I/wpa_supplicant( 1790): AP:ssid[uos-connect],rssi[-56],BSSID=9c:4e:20:c8:b0:f3
01-14 14:35:26.999 I/wpa_supplicant( 1790): AP:ssid[BTOpenzone],rssi[-59],BSSID=9c:4e:20:c8:b0:f0
01-14 14:35:26.999 I/wpa_supplicant( 1790): AP:ssid[uos-visitor],rssi[-58],BSSID=9c:4e:20:c8:b0:f4
01-14 14:35:27.009 I/wpa_supplicant( 1790): AP:ssid[eduroam],rssi[-58],BSSID=9c:4e:20:c8:b0:f2
01-14 14:35:27.009 I/wpa_supplicant( 1790): AP:ssid[BTOpenzone],rssi[-72],BSSID=9c:4e:20:c8:cc:50
01-14 14:35:27.009 I/wpa_supplicant( 1790): AP:ssid[uos-visitor],rssi[-74],BSSID=9c:4e:20:c8:cc:54
01-14 14:35:27.009 I/wpa_supplicant( 1790): AP:ssid[eduroam],rssi[-73],BSSID=9c:4e:20:c8:cc:52
01-14 14:35:27.009 I/wpa_supplicant( 1790): AP:ssid[cs],rssi[-74],BSSID=9c:4e:20:c8:cc:51
01-14 14:35:27.009 I/wpa_supplicant( 1790): AP:ssid[uos-connect],rssi[-74],BSSID=9c:4e:20:c8:cc:53
01-14 14:35:27.009 I/wpa_supplicant( 1790): Received 3053 bytes of scan results (16 BSSes)
01-14 14:35:27.009 I/wpa_supplicant( 1790): wpa_driver_wext_get_scan_results---
01-14 14:35:27.009 I/wpa_supplicant( 1790): wpa_disabled_ssid_list_clear
01-14 14:35:27.009 V/WifiMonitor( 1588): Event [wpa_disabled_ssid_list_clear]
01-14 14:35:27.009 I/wpa_supplicant( 1790): No suitable AP found.
01-14 14:35:27.009 I/wpa_supplicant( 1790): CTRL-EVENT-STATE-CHANGE id=-1 state=1 BSSID=00:00:00:00:00:00
01-14 14:35:27.009 V/WifiMonitor( 1588): Event [CTRL-EVENT-STATE-CHANGE id=-1 state=1 BSSID=00:00:00:00:00:00]
01-14 14:35:27.049 D/WifiStateMachine( 1588): Changing supplicant state: SCANNING ==> INACTIVE
01-14 14:35:27.049 D/WifiStateMachine( 1588): setDetailed state, old =SCANNING and new state=IDLE
01-14 14:35:27.149 I/wpa_supplicant( 1790): CTRL-EVENT-STATE-CHANGE id=-1 state=2 BSSID=00:00:00:00:00:00
01-14 14:35:27.149 V/WifiMonitor( 1588): Event [CTRL-EVENT-STATE-CHANGE id=-1 state=2 BSSID=00:00:00:00:00:00]
01-14 14:35:27.149 D/WifiStateMachine( 1588): Changing supplicant state: INACTIVE ==> SCANNING
01-14 14:35:27.149 D/WifiStateMachine( 1588): setDetailed state, old =IDLE and new state=SCANNING
01-14 14:35:27.860 I/System.out( 2737): 16
01-14 14:35:28.240 I/wpa_supplicant( 1790): got scan complete
01-14 14:35:28.240 I/wpa_supplicant( 1790): wpa_supplicant_get_scan_results:return scan results2
01-14 14:35:28.240 I/wpa_supplicant( 1790): AP:ssid[uos-connect],rssi[-82],BSSID=9c:4e:20:c8:9e:73
01-14 14:35:28.240 I/wpa_supplicant( 1790): AP:ssid[BTOpenzone],rssi[-84],BSSID=9c:4e:20:c8:9e:70
01-14 14:35:28.240 I/wpa_supplicant( 1790): AP:ssid[eduroam],rssi[-84],BSSID=9c:4e:20:c8:9e:72
01-14 14:35:28.240 I/wpa_supplicant( 1790): AP:ssid[uos-visitor],rssi[-82],BSSID=9c:4e:20:c8:9e:74
01-14 14:35:28.240 I/wpa_supplicant( 1790): AP:ssid[cs],rssi[-84],BSSID=9c:4e:20:c8:9e:71
01-14 14:35:28.240 I/wpa_supplicant( 1790): AP:ssid[uos-visitor],rssi[-67],BSSID=9c:4e:20:c8:b0:f4
01-14 14:35:28.240 I/wpa_supplicant( 1790): AP:ssid[eduroam],rssi[-59],BSSID=9c:4e:20:c8:b0:f2
01-14 14:35:28.240 I/wpa_supplicant( 1790): AP:ssid[cs],rssi[-58],BSSID=9c:4e:20:c8:b0:f1
01-14 14:35:28.240 I/wpa_supplicant( 1790): AP:ssid[uos-connect],rssi[-58],BSSID=9c:4e:20:c8:b0:f3
01-14 14:35:28.240 I/wpa_supplicant( 1790): AP:ssid[BTOpenzone],rssi[-57],BSSID=9c:4e:20:c8:b0:f0
01-14 14:35:28.240 I/wpa_supplicant( 1790): AP:ssid[BTOpenzone],rssi[-74],BSSID=9c:4e:20:c8:cc:50
01-14 14:35:28.240 I/wpa_supplicant( 1790): AP:ssid[eduroam],rssi[-73],BSSID=9c:4e:20:c8:cc:52
01-14 14:35:28.240 I/wpa_supplicant( 1790): AP:ssid[cs],rssi[-73],BSSID=9c:4e:20:c8:cc:51
01-14 14:35:28.240 I/wpa_supplicant( 1790): AP:ssid[uos-connect],rssi[-72],BSSID=9c:4e:20:c8:cc:53
01-14 14:35:28.240 I/wpa_supplicant( 1790): AP:ssid[uos-visitor],rssi[-74],BSSID=9c:4e:20:c8:cc:54
01-14 14:35:28.240 I/wpa_supplicant( 1790): Received 2853 bytes of scan results (15 BSSes)
01-14 14:35:28.240 I/wpa_supplicant( 1790): wpa_driver_wext_get_scan_results---
01-14 14:35:28.250 I/wpa_supplicant( 1790): wpa_disabled_ssid_list_clear
01-14 14:35:28.250 V/WifiMonitor( 1588): Event [wpa_disabled_ssid_list_clear]
01-14 14:35:28.250 I/wpa_supplicant( 1790): No suitable AP found.
01-14 14:35:28.250 I/wpa_supplicant( 1790): CTRL-EVENT-STATE-CHANGE id=-1 state=1 BSSID=00:00:00:00:00:00
01-14 14:35:28.250 V/WifiMonitor( 1588): Event [CTRL-EVENT-STATE-CHANGE id=-1 state=1 BSSID=00:00:00:00:00:00]
01-14 14:35:28.260 D/WifiStateMachine( 1588): Changing supplicant state: SCANNING ==> INACTIVE
01-14 14:35:28.260 D/WifiStateMachine( 1588): setDetailed state, old =SCANNING and new state=IDLE
01-14 14:35:28.320 D/dalvikvm( 2747): GC_CONCURRENT freed 446K, 8% free 6816K/7367K, paused 2ms+1ms
01-14 14:35:28.360 I/wpa_supplicant( 1790): CTRL-EVENT-STATE-CHANGE id=-1 state=2 BSSID=00:00:00:00:00:00
01-14 14:35:28.360 V/WifiMonitor( 1588): Event [CTRL-EVENT-STATE-CHANGE id=-1 state=2 BSSID=00:00:00:00:00:00]
01-14 14:35:28.360 D/WifiStateMachine( 1588): Changing supplicant state: INACTIVE ==> SCANNING
01-14 14:35:28.360 D/WifiStateMachine( 1588): setDetailed state, old =IDLE and new state=SCANNING
01-14 14:35:28.861 I/System.out( 2737): 15
01-14 14:35:29.461 I/wpa_supplicant( 1790): got scan complete
01-14 14:35:29.461 I/wpa_supplicant( 1790): wpa_supplicant_get_scan_results:return scan results2
01-14 14:35:29.461 I/wpa_supplicant( 1790): AP:ssid[cs],rssi[-84],BSSID=9c:4e:20:c8:9e:71
01-14 14:35:29.461 I/wpa_supplicant( 1790): AP:ssid[BTOpenzone],rssi[-82],BSSID=9c:4e:20:c8:9e:70
01-14 14:35:29.461 I/wpa_supplicant( 1790): AP:ssid[eduroam],rssi[-82],BSSID=9c:4e:20:c8:9e:72
01-14 14:35:29.461 I/wpa_supplicant( 1790): AP:ssid[uos-visitor],rssi[-83],BSSID=9c:4e:20:c8:9e:74
01-14 14:35:29.461 I/wpa_supplicant( 1790): AP:ssid[uos-connect],rssi[-83],BSSID=9c:4e:20:c8:9e:73
01-14 14:35:29.461 I/wpa_supplicant( 1790): AP:ssid[uos-connect],rssi[-64],BSSID=9c:4e:20:c8:b0:f3
01-14 14:35:29.461 I/wpa_supplicant( 1790): AP:ssid[BTOpenzone],rssi[-62],BSSID=9c:4e:20:c8:b0:f0
01-14 14:35:29.461 I/wpa_supplicant( 1790): AP:ssid[uos-visitor],rssi[-60],BSSID=9c:4e:20:c8:b0:f4
01-14 14:35:29.471 I/wpa_supplicant( 1790): AP:ssid[eduroam],rssi[-66],BSSID=9c:4e:20:c8:b0:f2
01-14 14:35:29.471 I/wpa_supplicant( 1790): AP:ssid[cs],rssi[-62],BSSID=9c:4e:20:c8:b0:f1
01-14 14:35:29.471 I/wpa_supplicant( 1790): AP:ssid[eduroam],rssi[-75],BSSID=9c:4e:20:c8:cc:52
01-14 14:35:29.471 I/wpa_supplicant( 1790): AP:ssid[BTOpenzone],rssi[-74],BSSID=9c:4e:20:c8:cc:50
01-14 14:35:29.471 I/wpa_supplicant( 1790): AP:ssid[cs],rssi[-75],BSSID=9c:4e:20:c8:cc:51
01-14 14:35:29.471 I/wpa_supplicant( 1790): AP:ssid[uos-connect],rssi[-75],BSSID=9c:4e:20:c8:cc:53
01-14 14:35:29.471 I/wpa_supplicant( 1790): AP:ssid[uos-visitor],rssi[-74],BSSID=9c:4e:20:c8:cc:54
01-14 14:35:29.471 I/wpa_supplicant( 1790): Received 2853 bytes of scan results (15 BSSes)
01-14 14:35:29.471 I/wpa_supplicant( 1790): wpa_driver_wext_get_scan_results---
01-14 14:35:29.471 I/wpa_supplicant( 1790): wpa_disabled_ssid_list_clear
01-14 14:35:29.471 V/WifiMonitor( 1588): Event [wpa_disabled_ssid_list_clear]
01-14 14:35:29.471 I/wpa_supplicant( 1790): No suitable AP found.
01-14 14:35:29.471 I/wpa_supplicant( 1790): CTRL-EVENT-STATE-CHANGE id=-1 state=1 BSSID=00:00:00:00:00:00
01-14 14:35:29.471 V/WifiMonitor( 1588): Event [CTRL-EVENT-STATE-CHANGE id=-1 state=1 BSSID=00:00:00:00:00:00]
01-14 14:35:29.501 D/WifiStateMachine( 1588): Changing supplicant state: SCANNING ==> INACTIVE
01-14 14:35:29.501 D/WifiStateMachine( 1588): setDetailed state, old =SCANNING and new state=IDLE
01-14 14:35:29.601 I/wpa_supplicant( 1790): CTRL-EVENT-STATE-CHANGE id=-1 state=2 BSSID=00:00:00:00:00:00
01-14 14:35:29.601 V/WifiMonitor( 1588): Event [CTRL-EVENT-STATE-CHANGE id=-1 state=2 BSSID=00:00:00:00:00:00]
01-14 14:35:29.601 D/WifiStateMachine( 1588): Changing supplicant state: INACTIVE ==> SCANNING
01-14 14:35:29.601 D/WifiStateMachine( 1588): setDetailed state, old =IDLE and new state=SCANNING
01-14 14:35:29.721 D/dalvikvm( 2747): GC_CONCURRENT freed 446K, 8% free 6816K/7367K, paused 4ms+4ms
01-14 14:35:29.862 I/System.out( 2737): 15
01-14 14:35:30.692 I/wpa_supplicant( 1790): got scan complete
01-14 14:35:30.692 I/wpa_supplicant( 1790): wpa_supplicant_get_scan_results:return scan results2
01-14 14:35:30.702 I/wpa_supplicant( 1790): AP:ssid[eduroam],rssi[-83],BSSID=9c:4e:20:c8:9e:72
01-14 14:35:30.702 I/wpa_supplicant( 1790): AP:ssid[uos-visitor],rssi[-84],BSSID=9c:4e:20:c8:9e:74
01-14 14:35:30.702 I/wpa_supplicant( 1790): AP:ssid[uos-connect],rssi[-83],BSSID=9c:4e:20:c8:9e:73
01-14 14:35:30.702 I/wpa_supplicant( 1790): AP:ssid[cs],rssi[-85],BSSID=9c:4e:20:c8:9e:71
01-14 14:35:30.702 I/wpa_supplicant( 1790): AP:ssid[BTOpenzone],rssi[-84],BSSID=9c:4e:20:c8:9e:70
01-14 14:35:30.702 I/wpa_supplicant( 1790): AP:ssid[uos-connect],rssi[-61],BSSID=9c:4e:20:c8:b0:f3
01-14 14:35:30.702 I/wpa_supplicant( 1790): AP:ssid[BTOpenzone],rssi[-62],BSSID=9c:4e:20:c8:b0:f0
01-14 14:35:30.702 I/wpa_supplicant( 1790): AP:ssid[uos-visitor],rssi[-61],BSSID=9c:4e:20:c8:b0:f4
01-14 14:35:30.702 I/wpa_supplicant( 1790): AP:ssid[eduroam],rssi[-61],BSSID=9c:4e:20:c8:b0:f2
01-14 14:35:30.702 I/wpa_supplicant( 1790): AP:ssid[cs],rssi[-61],BSSID=9c:4e:20:c8:b0:f1
01-14 14:35:30.702 I/wpa_supplicant( 1790): AP:ssid[cs],rssi[-73],BSSID=9c:4e:20:c8:cc:51
01-14 14:35:30.702 I/wpa_supplicant( 1790): AP:ssid[uos-connect],rssi[-75],BSSID=9c:4e:20:c8:cc:53
01-14 14:35:30.702 I/wpa_supplicant( 1790): AP:ssid[BTOpenzone],rssi[-74],BSSID=9c:4e:20:c8:cc:50
01-14 14:35:30.702 I/wpa_supplicant( 1790): AP:ssid[uos-visitor],rssi[-73],BSSID=9c:4e:20:c8:cc:54
01-14 14:35:30.702 I/wpa_supplicant( 1790): AP:ssid[eduroam],rssi[-74],BSSID=9c:4e:20:c8:cc:52
01-14 14:35:30.702 I/wpa_supplicant( 1790): Received 2853 bytes of scan results (15 BSSes)
01-14 14:35:30.702 I/wpa_supplicant( 1790): wpa_driver_wext_get_scan_results---
01-14 14:35:30.712 I/wpa_supplicant( 1790): wpa_disabled_ssid_list_clear
01-14 14:35:30.712 V/WifiMonitor( 1588): Event [wpa_disabled_ssid_list_clear]
01-14 14:35:30.712 I/wpa_supplicant( 1790): No suitable AP found.
01-14 14:35:30.712 I/wpa_supplicant( 1790): CTRL-EVENT-STATE-CHANGE id=-1 state=1 BSSID=00:00:00:00:00:00
01-14 14:35:30.712 V/WifiMonitor( 1588): Event [CTRL-EVENT-STATE-CHANGE id=-1 state=1 BSSID=00:00:00:00:00:00]
01-14 14:35:30.742 D/WifiStateMachine( 1588): Changing supplicant state: SCANNING ==> INACTIVE
01-14 14:35:30.742 D/WifiStateMachine( 1588): setDetailed state, old =SCANNING and new state=IDLE
01-14 14:35:30.842 I/wpa_supplicant( 1790): CTRL-EVENT-STATE-CHANGE id=-1 state=2 BSSID=00:00:00:00:00:00
01-14 14:35:30.842 V/WifiMonitor( 1588): Event [CTRL-EVENT-STATE-CHANGE id=-1 state=2 BSSID=00:00:00:00:00:00]
01-14 14:35:30.842 D/WifiStateMachine( 1588): Changing supplicant state: INACTIVE ==> SCANNING
01-14 14:35:30.842 D/WifiStateMachine( 1588): setDetailed state, old =IDLE and new state=SCANNING
01-14 14:35:30.863 I/System.out( 2737): 15
01-14 14:35:31.863 I/System.out( 2737): 15
01-14 14:35:31.944 I/wpa_supplicant( 1790): got scan complete
01-14 14:35:31.944 I/wpa_supplicant( 1790): wpa_supplicant_get_scan_results:return scan results2
01-14 14:35:31.944 I/wpa_supplicant( 1790): AP:ssid[uos-connect],rssi[-84],BSSID=9c:4e:20:c8:9e:73
01-14 14:35:31.944 I/wpa_supplicant( 1790): AP:ssid[eduroam],rssi[-86],BSSID=9c:4e:20:c8:9e:72
01-14 14:35:31.944 I/wpa_supplicant( 1790): AP:ssid[BTOpenzone],rssi[-87],BSSID=9c:4e:20:c8:9e:70
01-14 14:35:31.944 I/wpa_supplicant( 1790): AP:ssid[uos-visitor],rssi[-86],BSSID=9c:4e:20:c8:9e:74
01-14 14:35:31.944 I/wpa_supplicant( 1790): AP:ssid[cs],rssi[-82],BSSID=9c:4e:20:c8:9e:71
01-14 14:35:31.944 I/wpa_supplicant( 1790): AP:ssid[hpsetup],rssi[-92],BSSID=c2:ce:46:d5:40:9c
01-14 14:35:31.944 I/wpa_supplicant( 1790): AP:ssid[cs],rssi[-56],BSSID=9c:4e:20:c8:b0:f1
01-14 14:35:31.944 I/wpa_supplicant( 1790): AP:ssid[uos-connect],rssi[-66],BSSID=9c:4e:20:c8:b0:f3
01-14 14:35:31.944 I/wpa_supplicant( 1790): AP:ssid[BTOpenzone],rssi[-57],BSSID=9c:4e:20:c8:b0:f0
01-14 14:35:31.944 I/wpa_supplicant( 1790): AP:ssid[uos-visitor],rssi[-58],BSSID=9c:4e:20:c8:b0:f4
01-14 14:35:31.944 I/wpa_supplicant( 1790): AP:ssid[eduroam],rssi[-58],BSSID=9c:4e:20:c8:b0:f2
01-14 14:35:31.944 I/wpa_supplicant( 1790): AP:ssid[cs],rssi[-72],BSSID=9c:4e:20:c8:cc:51
01-14 14:35:31.944 I/wpa_supplicant( 1790): AP:ssid[eduroam],rssi[-71],BSSID=9c:4e:20:c8:cc:52
01-14 14:35:31.944 I/wpa_supplicant( 1790): AP:ssid[BTOpenzone],rssi[-71],BSSID=9c:4e:20:c8:cc:50
01-14 14:35:31.944 I/wpa_supplicant( 1790): AP:ssid[uos-visitor],rssi[-72],BSSID=9c:4e:20:c8:cc:54
01-14 14:35:31.944 I/wpa_supplicant( 1790): AP:ssid[uos-connect],rssi[-71],BSSID=9c:4e:20:c8:cc:53
01-14 14:35:31.944 I/wpa_supplicant( 1790): Received 3024 bytes of scan results (16 BSSes)
01-14 14:35:31.944 I/wpa_supplicant( 1790): wpa_driver_wext_get_scan_results---
01-14 14:35:31.954 I/wpa_supplicant( 1790): wpa_disabled_ssid_list_clear
01-14 14:35:31.954 V/WifiMonitor( 1588): Event [wpa_disabled_ssid_list_clear]
01-14 14:35:31.954 I/wpa_supplicant( 1790): No suitable AP found.
01-14 14:35:31.954 I/wpa_supplicant( 1790): CTRL-EVENT-STATE-CHANGE id=-1 state=1 BSSID=00:00:00:00:00:00
01-14 14:35:31.954 V/WifiMonitor( 1588): Event [CTRL-EVENT-STATE-CHANGE id=-1 state=1 BSSID=00:00:00:00:00:00]
01-14 14:35:31.974 D/WifiStateMachine( 1588): Changing supplicant state: SCANNING ==> INACTIVE
01-14 14:35:31.974 D/WifiStateMachine( 1588): setDetailed state, old =SCANNING and new state=IDLE
01-14 14:35:32.034 D/dalvikvm( 2747): GC_CONCURRENT freed 446K, 8% free 6816K/7367K, paused 1ms+1ms
01-14 14:35:32.084 I/wpa_supplicant( 1790): CTRL-EVENT-STATE-CHANGE id=-1 state=2 BSSID=00:00:00:00:00:00
01-14 14:35:32.084 V/WifiMonitor( 1588): Event [CTRL-EVENT-STATE-CHANGE id=-1 state=2 BSSID=00:00:00:00:00:00]
01-14 14:35:32.084 D/WifiStateMachine( 1588): Changing supplicant state: INACTIVE ==> SCANNING
01-14 14:35:32.084 D/WifiStateMachine( 1588): setDetailed state, old =IDLE and new state=SCANNING
01-14 14:35:32.864 I/System.out( 2737): 16
01-14 14:35:33.255 I/wpa_supplicant( 1790): got scan complete
01-14 14:35:33.255 I/wpa_supplicant( 1790): wpa_supplicant_get_scan_results:return scan results2
01-14 14:35:33.255 I/wpa_supplicant( 1790): AP:ssid[uos-visitor],rssi[-86],BSSID=9c:4e:20:c8:9e:74
01-14 14:35:33.255 I/wpa_supplicant( 1790): AP:ssid[BTOpenzone],rssi[-87],BSSID=9c:4e:20:c8:9e:70
01-14 14:35:33.255 I/wpa_supplicant( 1790): AP:ssid[eduroam],rssi[-85],BSSID=9c:4e:20:c8:9e:72
01-14 14:35:33.255 I/wpa_supplicant( 1790): AP:ssid[cs],rssi[-85],BSSID=9c:4e:20:c8:9e:71
01-14 14:35:33.255 I/wpa_supplicant( 1790): AP:ssid[uos-connect],rssi[-84],BSSID=9c:4e:20:c8:9e:73
01-14 14:35:33.255 I/wpa_supplicant( 1790): AP:ssid[hpsetup],rssi[-93],BSSID=c2:ce:46:d5:40:9c
01-14 14:35:33.255 I/wpa_supplicant( 1790): AP:ssid[LD-Net],rssi[-91],BSSID=00:14:6c:fd:72:38
01-14 14:35:33.255 I/wpa_supplicant( 1790): AP:ssid[cs],rssi[-52],BSSID=9c:4e:20:c8:b0:f1
01-14 14:35:33.255 I/wpa_supplicant( 1790): AP:ssid[uos-connect],rssi[-53],BSSID=9c:4e:20:c8:b0:f3
01-14 14:35:33.255 I/wpa_supplicant( 1790): AP:ssid[BTOpenzone],rssi[-54],BSSID=9c:4e:20:c8:b0:f0
01-14 14:35:33.255 I/wpa_supplicant( 1790): AP:ssid[uos-visitor],rssi[-54],BSSID=9c:4e:20:c8:b0:f4
01-14 14:35:33.255 I/wpa_supplicant( 1790): AP:ssid[eduroam],rssi[-54],BSSID=9c:4e:20:c8:b0:f2
01-14 14:35:33.255 I/wpa_supplicant( 1790): AP:ssid[uos-connect],rssi[-74],BSSID=9c:4e:20:c8:cc:53
01-14 14:35:33.255 I/wpa_supplicant( 1790): AP:ssid[BTOpenzone],rssi[-75],BSSID=9c:4e:20:c8:cc:50
01-14 14:35:33.255 I/wpa_supplicant( 1790): AP:ssid[uos-visitor],rssi[-74],BSSID=9c:4e:20:c8:cc:54
01-14 14:35:33.255 I/wpa_supplicant( 1790): AP:ssid[eduroam],rssi[-74],BSSID=9c:4e:20:c8:cc:52
01-14 14:35:33.255 I/wpa_supplicant( 1790): Received 2964 bytes of scan results (16 BSSes)
01-14 14:35:33.255 I/wpa_supplicant( 1790): wpa_driver_wext_get_scan_results---
01-14 14:35:33.255 I/wpa_supplicant( 1790): wpa_disabled_ssid_list_clear
01-14 14:35:33.255 V/WifiMonitor( 1588): Event [wpa_disabled_ssid_list_clear]
01-14 14:35:33.255 I/wpa_supplicant( 1790): No suitable AP found.
01-14 14:35:33.255 I/wpa_supplicant( 1790): CTRL-EVENT-STATE-CHANGE id=-1 state=1 BSSID=00:00:00:00:00:00
01-14 14:35:33.265 V/WifiMonitor( 1588): Event [CTRL-EVENT-STATE-CHANGE id=-1 state=1 BSSID=00:00:00:00:00:00]
01-14 14:35:33.285 D/WifiStateMachine( 1588): Changing supplicant state: SCANNING ==> INACTIVE
01-14 14:35:33.285 D/WifiStateMachine( 1588): setDetailed state, old =SCANNING and new state=IDLE
01-14 14:35:33.395 I/wpa_supplicant( 1790): CTRL-EVENT-STATE-CHANGE id=-1 state=2 BSSID=00:00:00:00:00:00
01-14 14:35:33.395 V/WifiMonitor( 1588): Event [CTRL-EVENT-STATE-CHANGE id=-1 state=2 BSSID=00:00:00:00:00:00]
01-14 14:35:33.395 D/WifiStateMachine( 1588): Changing supplicant state: INACTIVE ==> SCANNING
01-14 14:35:33.395 D/WifiStateMachine( 1588): setDetailed state, old =IDLE and new state=SCANNING
01-14 14:35:33.475 D/dalvikvm( 2747): GC_CONCURRENT freed 446K, 8% free 6816K/7367K, paused 1ms+1ms
01-14 14:35:33.865 I/System.out( 2737): 16
01-14 14:35:34.536 I/wpa_supplicant( 1790): got scan complete
01-14 14:35:34.536 I/wpa_supplicant( 1790): wpa_supplicant_get_scan_results:return scan results2
01-14 14:35:34.536 I/wpa_supplicant( 1790): AP:ssid[eduroam],rssi[-83],BSSID=9c:4e:20:c8:9e:72
01-14 14:35:34.536 I/wpa_supplicant( 1790): AP:ssid[cs],rssi[-84],BSSID=9c:4e:20:c8:9e:71
01-14 14:35:34.536 I/wpa_supplicant( 1790): AP:ssid[BTOpenzone],rssi[-83],BSSID=9c:4e:20:c8:9e:70
01-14 14:35:34.536 I/wpa_supplicant( 1790): AP:ssid[uos-visitor],rssi[-84],BSSID=9c:4e:20:c8:9e:74
01-14 14:35:34.536 I/wpa_supplicant( 1790): AP:ssid[uos-connect],rssi[-82],BSSID=9c:4e:20:c8:9e:73
01-14 14:35:34.536 I/wpa_supplicant( 1790): AP:ssid[Marine Instrumentation Limited],rssi[-96],BSSID=00:16:01:58:fe:4b
01-14 14:35:34.536 I/wpa_supplicant( 1790): AP:ssid[LD-Net],rssi[-91],BSSID=00:14:6c:fd:72:38
01-14 14:35:34.536 I/wpa_supplicant( 1790): AP:ssid[hpsetup],rssi[-88],BSSID=c2:ce:46:d5:40:9c
01-14 14:35:34.536 I/wpa_supplicant( 1790): AP:ssid[BTOpenzone],rssi[-55],BSSID=9c:4e:20:c8:b0:f0
01-14 14:35:34.536 I/wpa_supplicant( 1790): AP:ssid[uos-visitor],rssi[-56],BSSID=9c:4e:20:c8:b0:f4
01-14 14:35:34.536 I/wpa_supplicant( 1790): AP:ssid[eduroam],rssi[-55],BSSID=9c:4e:20:c8:b0:f2
01-14 14:35:34.536 I/wpa_supplicant( 1790): AP:ssid[cs],rssi[-55],BSSID=9c:4e:20:c8:b0:f1
01-14 14:35:34.536 I/wpa_supplicant( 1790): AP:ssid[uos-connect],rssi[-55],BSSID=9c:4e:20:c8:b0:f3
01-14 14:35:34.536 I/wpa_supplicant( 1790): AP:ssid[cs],rssi[-79],BSSID=9c:4e:20:c8:cc:51
01-14 14:35:34.536 I/wpa_supplicant( 1790): AP:ssid[uos-connect],rssi[-75],BSSID=9c:4e:20:c8:cc:53
01-14 14:35:34.536 I/wpa_supplicant( 1790): AP:ssid[BTOpenzone],rssi[-73],BSSID=9c:4e:20:c8:cc:50
01-14 14:35:34.536 I/wpa_supplicant( 1790): AP:ssid[eduroam],rssi[-75],BSSID=9c:4e:20:c8:cc:52
01-14 14:35:34.536 I/wpa_supplicant( 1790): Received 3247 bytes of scan results (17 BSSes)
01-14 14:35:34.536 I/wpa_supplicant( 1790): wpa_driver_wext_get_scan_results---
01-14 14:35:34.546 I/wpa_supplicant( 1790): wpa_disabled_ssid_list_clear
01-14 14:35:34.546 V/WifiMonitor( 1588): Event [wpa_disabled_ssid_list_clear]
01-14 14:35:34.546 I/wpa_supplicant( 1790): No suitable AP found.
01-14 14:35:34.546 I/wpa_supplicant( 1790): CTRL-EVENT-STATE-CHANGE id=-1 state=1 BSSID=00:00:00:00:00:00
01-14 14:35:34.546 V/WifiMonitor( 1588): Event [CTRL-EVENT-STATE-CHANGE id=-1 state=1 BSSID=00:00:00:00:00:00]
01-14 14:35:34.576 D/WifiStateMachine( 1588): Changing supplicant state: SCANNING ==> INACTIVE
01-14 14:35:34.576 D/WifiStateMachine( 1588): setDetailed state, old =SCANNING and new state=IDLE
01-14 14:35:34.686 I/wpa_supplicant( 1790): CTRL-EVENT-STATE-CHANGE id=-1 state=2 BSSID=00:00:00:00:00:00
01-14 14:35:34.686 V/WifiMonitor( 1588): Event [CTRL-EVENT-STATE-CHANGE id=-1 state=2 BSSID=00:00:00:00:00:00]
01-14 14:35:34.686 D/WifiStateMachine( 1588): Changing supplicant state: INACTIVE ==> SCANNING
01-14 14:35:34.686 D/WifiStateMachine( 1588): setDetailed state, old =IDLE and new state=SCANNING
01-14 14:35:34.866 I/System.out( 2737): 17
01-14 14:35:35.787 I/wpa_supplicant( 1790): got scan complete
01-14 14:35:35.787 I/wpa_supplicant( 1790): wpa_supplicant_get_scan_results:return scan results2
01-14 14:35:35.787 I/wpa_supplicant( 1790): AP:ssid[uos-connect],rssi[-83],BSSID=9c:4e:20:c8:9e:73
01-14 14:35:35.787 I/wpa_supplicant( 1790): AP:ssid[BTOpenzone],rssi[-83],BSSID=9c:4e:20:c8:9e:70
01-14 14:35:35.787 I/wpa_supplicant( 1790): AP:ssid[uos-visitor],rssi[-83],BSSID=9c:4e:20:c8:9e:74
01-14 14:35:35.787 I/wpa_supplicant( 1790): AP:ssid[eduroam],rssi[-83],BSSID=9c:4e:20:c8:9e:72
01-14 14:35:35.787 I/wpa_supplicant( 1790): AP:ssid[cs],rssi[-82],BSSID=9c:4e:20:c8:9e:71
01-14 14:35:35.787 I/wpa_supplicant( 1790): AP:ssid[hpsetup],rssi[-90],BSSID=c2:ce:46:d5:40:9c
01-14 14:35:35.787 I/wpa_supplicant( 1790): AP:ssid[cs],rssi[-52],BSSID=9c:4e:20:c8:b0:f1
01-14 14:35:35.787 I/wpa_supplicant( 1790): AP:ssid[BTOpenzone],rssi[-55],BSSID=9c:4e:20:c8:b0:f0
01-14 14:35:35.787 I/wpa_supplicant( 1790): AP:ssid[uos-connect],rssi[-53],BSSID=9c:4e:20:c8:b0:f3
01-14 14:35:35.787 I/wpa_supplicant( 1790): AP:ssid[uos-visitor],rssi[-53],BSSID=9c:4e:20:c8:b0:f4
01-14 14:35:35.787 I/wpa_supplicant( 1790): AP:ssid[eduroam],rssi[-54],BSSID=9c:4e:20:c8:b0:f2
01-14 14:35:35.787 I/wpa_supplicant( 1790): AP:ssid[cs],rssi[-75],BSSID=9c:4e:20:c8:cc:51
01-14 14:35:35.787 I/wpa_supplicant( 1790): AP:ssid[uos-visitor],rssi[-75],BSSID=9c:4e:20:c8:cc:54
01-14 14:35:35.787 I/wpa_supplicant( 1790): AP:ssid[eduroam],rssi[-75],BSSID=9c:4e:20:c8:cc:52
01-14 14:35:35.787 I/wpa_supplicant( 1790): AP:ssid[uos-connect],rssi[-75],BSSID=9c:4e:20:c8:cc:53
01-14 14:35:35.787 I/wpa_supplicant( 1790): AP:ssid[BTOpenzone],rssi[-73],BSSID=9c:4e:20:c8:cc:50
01-14 14:35:35.787 I/wpa_supplicant( 1790): Received 2960 bytes of scan results (16 BSSes)
01-14 14:35:35.787 I/wpa_supplicant( 1790): wpa_driver_wext_get_scan_results---
01-14 14:35:35.797 I/wpa_supplicant( 1790): wpa_disabled_ssid_list_clear
01-14 14:35:35.797 V/WifiMonitor( 1588): Event [wpa_disabled_ssid_list_clear]
01-14 14:35:35.797 I/wpa_supplicant( 1790): No suitable AP found.
01-14 14:35:35.797 I/wpa_supplicant( 1790): CTRL-EVENT-STATE-CHANGE id=-1 state=1 BSSID=00:00:00:00:00:00
01-14 14:35:35.797 V/WifiMonitor( 1588): Event [CTRL-EVENT-STATE-CHANGE id=-1 state=1 BSSID=00:00:00:00:00:00]
01-14 14:35:35.827 D/WifiStateMachine( 1588): Changing supplicant state: SCANNING ==> INACTIVE
01-14 14:35:35.827 D/WifiStateMachine( 1588): setDetailed state, old =SCANNING and new state=IDLE
01-14 14:35:35.857 I/System.out( 2737): 16
01-14 14:35:35.877 D/dalvikvm( 2747): GC_CONCURRENT freed 446K, 8% free 6816K/7367K, paused 1ms+1ms
01-14 14:35:35.937 I/wpa_supplicant( 1790): CTRL-EVENT-STATE-CHANGE id=-1 state=2 BSSID=00:00:00:00:00:00
01-14 14:35:35.937 V/WifiMonitor( 1588): Event [CTRL-EVENT-STATE-CHANGE id=-1 state=2 BSSID=00:00:00:00:00:00]
01-14 14:35:35.937 D/WifiStateMachine( 1588): Changing supplicant state: INACTIVE ==> SCANNING
01-14 14:35:35.937 D/WifiStateMachine( 1588): setDetailed state, old =IDLE and new state=SCANNING
01-14 14:35:36.858 I/System.out( 2737): 16
01-14 14:35:37.119 I/wpa_supplicant( 1790): got scan complete
01-14 14:35:37.119 I/wpa_supplicant( 1790): wpa_supplicant_get_scan_results:return scan results2
01-14 14:35:37.119 I/wpa_supplicant( 1790): AP:ssid[uos-connect],rssi[-82],BSSID=9c:4e:20:c8:9e:73
01-14 14:35:37.119 I/wpa_supplicant( 1790): AP:ssid[uos-visitor],rssi[-82],BSSID=9c:4e:20:c8:9e:74
01-14 14:35:37.119 I/wpa_supplicant( 1790): AP:ssid[eduroam],rssi[-82],BSSID=9c:4e:20:c8:9e:72
01-14 14:35:37.119 I/wpa_supplicant( 1790): AP:ssid[BTOpenzone],rssi[-83],BSSID=9c:4e:20:c8:9e:70
01-14 14:35:37.119 I/wpa_supplicant( 1790): AP:ssid[cs],rssi[-81],BSSID=9c:4e:20:c8:9e:71
01-14 14:35:37.119 I/wpa_supplicant( 1790): AP:ssid[hpsetup],rssi[-95],BSSID=c2:ce:46:d5:40:9c
01-14 14:35:37.119 I/wpa_supplicant( 1790): AP:ssid[LD-Net],rssi[-92],BSSID=00:14:6c:fd:72:38
01-14 14:35:37.119 I/wpa_supplicant( 1790): AP:ssid[eduroam],rssi[-57],BSSID=9c:4e:20:c8:b0:f2
01-14 14:35:37.119 I/wpa_supplicant( 1790): AP:ssid[cs],rssi[-57],BSSID=9c:4e:20:c8:b0:f1
01-14 14:35:37.119 I/wpa_supplicant( 1790): AP:ssid[uos-connect],rssi[-58],BSSID=9c:4e:20:c8:b0:f3
01-14 14:35:37.119 I/wpa_supplicant( 1790): AP:ssid[uos-visitor],rssi[-56],BSSID=9c:4e:20:c8:b0:f4
01-14 14:35:37.119 I/wpa_supplicant( 1790): AP:ssid[BTOpenzone],rssi[-56],BSSID=9c:4e:20:c8:b0:f0
