--------- beginning of /dev/log/main
01-10 15:17:05.029 D/AutoSetting( 1790): service - mRequestRunnable: screen on delay 10s, request NLP now
01-10 15:17:05.069 D/AutoSetting( 1790): service - requestNLP() NetworkLocationProvider not enabled
01-10 15:17:13.978 D/UsbnetService( 1574): BroadcastReceiver::onReceive+
01-10 15:17:13.978 D/UsbnetService( 1574): onReceive BATTERY_CHANGED
01-10 15:17:13.978 D/UsbnetService( 1574):  --> pluggedType = 2, mPluggedType = 0, mScreenOff = false
01-10 15:17:13.988 D/UsbnetService( 1574): BroadcastReceiver::onReceive-
01-10 15:17:13.988 D/BatteryService( 1574): SendIntentforPowersaver
--------- beginning of /dev/log/system
01-10 15:17:13.988 D/WifiService( 1574): ACTION_BATTERY_CHANGED pluggedType: 2
01-10 15:17:13.988 D/NotificationService( 1574): mIntentReceiver() Intent.ACTION_BATTERY_CHANGED
01-10 15:17:13.998 D/BatteryService( 1574): Current powersaver status == NORMAL_STATUS1 2 2 false
01-10 15:17:14.008 D/PowerUI ( 1646): closing low battery warning: level=99
01-10 15:17:14.008 D/PowerUI ( 1646): plugged = true, health = 2, mBatteryLevel = 99, mPluggedBatteryLevel = 97, mLowBatteryWarningLevel2 = 25, mshowLowChargingWarning2 = true
01-10 15:17:14.018 D/RemoveMe( 1668): DCT got intent android.intent.action.BATTERY_CHANGED
01-10 15:17:14.018 D/RemoveMe( 1668): DCT got intent android.intent.action.BATTERY_CHANGED
01-10 15:17:14.018 D/RemoveMe( 1668): DCT got intent android.intent.action.BATTERY_CHANGED
01-10 15:17:15.820 D/AndroidRuntime( 2598): 
01-10 15:17:15.820 D/AndroidRuntime( 2598): >>>>>> AndroidRuntime START com.android.internal.os.RuntimeInit <<<<<<
01-10 15:17:15.820 D/AndroidRuntime( 2598): CheckJNI is OFF
01-10 15:17:15.910 D/CursorWindowStats( 2598): Get CursorWindow size from framework resource:4194304
01-10 15:17:15.950 D/AndroidRuntime( 2598): Calling main entry com.android.commands.pm.Pm
01-10 15:17:15.970 I/ActivityManager( 1574): Start proc com.android.defcontainer for service com.android.defcontainer/.DefaultContainerService: pid=2606 uid=10087 gids={1015, 2001}
01-10 15:17:16.000 D/dalvikvm( 1439): GC_EXPLICIT freed 12K, 5% free 6453K/6787K, paused 1ms+1ms
01-10 15:17:16.030 D/dalvikvm( 1439): GC_EXPLICIT freed <1K, 5% free 6453K/6787K, paused 1ms+1ms
01-10 15:17:16.070 D/dalvikvm( 1439): GC_EXPLICIT freed <1K, 5% free 6453K/6787K, paused 1ms+1ms
01-10 15:17:16.080 D/dalvikvm( 2606): GC_EXPLICIT freed 44K, 5% free 6458K/6787K, paused 1ms+2ms
01-10 15:17:16.370 W/ActivityManager( 1574): No content provider found for: 
01-10 15:17:16.380 W/ActivityManager( 1574): No content provider found for: 
01-10 15:17:16.390 D/PackageParser( 1574): Scanning package: /data/app/vmdl-1046930712.tmp
01-10 15:17:16.390 I/ActivityManager( 1574): No longer want com.android.smith (pid 2017): hidden #16
01-10 15:17:16.450 I/PackageManager( 1574): Removing non-system package:uk.ac.st_andrews.cs.host.mk74.energymeasurement.wifi80211
01-10 15:17:16.450 I/ActivityManager( 1574): Force stopping package uk.ac.st_andrews.cs.host.mk74.energymeasurement.wifi80211 uid=10103
01-10 15:17:16.711 D/PackageManager( 1574): Scanning package uk.ac.st_andrews.cs.host.mk74.energymeasurement.wifi80211
01-10 15:17:16.711 I/PackageManager( 1574): Package uk.ac.st_andrews.cs.host.mk74.energymeasurement.wifi80211 codePath changed from /data/app/uk.ac.st_andrews.cs.host.mk74.energymeasurement.wifi80211-2.apk to /data/app/uk.ac.st_andrews.cs.host.mk74.energymeasurement.wifi80211-1.apk; Retaining data and using new
01-10 15:17:16.711 I/PackageManager( 1574): Unpacking native libraries for /data/app/uk.ac.st_andrews.cs.host.mk74.energymeasurement.wifi80211-1.apk
01-10 15:17:16.961 D/dalvikvm( 2614): DexOpt: load 37ms, verify+opt 148ms
01-10 15:17:17.121 I/ActivityManager( 1574): Force stopping package uk.ac.st_andrews.cs.host.mk74.energymeasurement.wifi80211 uid=10103
01-10 15:17:17.121 W/PackageManager( 1574): Code path for pkg : uk.ac.st_andrews.cs.host.mk74.energymeasurement.wifi80211 changing from /data/app/uk.ac.st_andrews.cs.host.mk74.energymeasurement.wifi80211-2.apk to /data/app/uk.ac.st_andrews.cs.host.mk74.energymeasurement.wifi80211-1.apk
01-10 15:17:17.121 D/PackageManager( 1574):   Activities: uk.ac.st_andrews.cs.host.mk74.energymeasurement.wifi80211.MainActivity
01-10 15:17:17.121 W/PackageManager( 1574): Resource path for pkg : uk.ac.st_andrews.cs.host.mk74.energymeasurement.wifi80211 changing from /data/app/uk.ac.st_andrews.cs.host.mk74.energymeasurement.wifi80211-2.apk to /data/app/uk.ac.st_andrews.cs.host.mk74.energymeasurement.wifi80211-1.apk
01-10 15:17:17.311 D/PackageManager( 1574): [embedded] New package installed in /data/app/uk.ac.st_andrews.cs.host.mk74.energymeasurement.wifi80211-1.apk
01-10 15:17:17.591 I/ActivityManager( 1574): Force stopping package uk.ac.st_andrews.cs.host.mk74.energymeasurement.wifi80211 uid=10103
01-10 15:17:17.661 D/dalvikvm( 1681): GC_EXPLICIT freed 1368K, 20% free 11149K/13767K, paused 2ms+3ms
01-10 15:17:17.692 D/dalvikvm( 1669): GC_EXPLICIT freed 770K, 10% free 7788K/8647K, paused 2ms+2ms
01-10 15:17:17.692 D/Launcher.Model( 1681): onReceive intent=Intent { act=android.intent.action.PACKAGE_REMOVED dat=package:uk.ac.st_andrews.cs.host.mk74.energymeasurement.wifi80211 flg=0x10000010 (has extras) }
01-10 15:17:17.702 D/PhoneApp( 1668): -- PackageChangeBroadcastReceiver  action = android.intent.action.PACKAGE_REMOVED
01-10 15:17:17.702 I/ActivityManager( 1574): Start proc com.android.smith for broadcast com.android.smith/.PackageReceiver: pid=2615 uid=10009 gids={1007, 1015}
01-10 15:17:17.772 I/SM:lib  ( 2615): JNI_OnLoad(): library version = 5
01-10 15:17:17.772 I/SM:lib  ( 2615): JNI_OnLoad(): result = 0x10004
01-10 15:17:17.772 D/SM:HtcNative( 2615): system lib, 4.0.honeycomb.HTK75C-flyer-l5-s16
01-10 15:17:17.772 D/SM:PackageReceiver( 2615): package removed: package:uk.ac.st_andrews.cs.host.mk74.energymeasurement.wifi80211
01-10 15:17:17.772 D/WidgetScanner( 1681): onReceive: Intent { act=android.intent.action.PACKAGE_REMOVED dat=package:uk.ac.st_andrews.cs.host.mk74.energymeasurement.wifi80211 flg=0x10000010 cmp=com.htc.launcher/.widget.WidgetScannerTrigger (has extras) }
01-10 15:17:17.772 I/ActivityManager( 1574): No longer want com.google.android.apps.uploader (pid 2346): hidden #16
01-10 15:17:17.782 I/ActivityManager( 1574): Start proc com.htc.launcher.widgetscanner for service com.htc.launcher/.widget.WidgetScannerService: pid=2622 uid=9999 gids={3003, 3002, 3001, 2001, 1015}
01-10 15:17:17.782 I/ActivityManager( 1574): Start proc com.htc.opensense for broadcast com.htc.opensense/.pluginmanager.RegisterReceiver: pid=2624 uid=10013 gids={2001, 3003, 1006, 1015}
01-10 15:17:17.802 D/PackageManager( 1574): generateServicesMap(android.accounts.AccountAuthenticator): 13 services unchanged
01-10 15:17:17.852 D/PackageManager( 1574): generateServicesMap(android.content.SyncAdapter): 21 services unchanged
01-10 15:17:17.912 I/ActivityManager( 1574): Start proc com.htc.cs for broadcast com.htc.cs/.plugin.PluginRegisterReceiver: pid=2636 uid=10041 gids={3003, 1015}
01-10 15:17:17.962 I/ActivityThread( 2636): Pub com.htc.connectedservice.csprovider: com.htc.cs.provider.ConnectedServiceProvider
01-10 15:17:17.962 D/LauncherApplication( 2622): + LauncherApplication onCreate()
01-10 15:17:17.972 I/ActivityThread( 2636): Pub com.htc.cs.dashboard: com.htc.cs.sync.dashboard.DashboardProvider
01-10 15:17:17.972 D/vicky   ( 2636): vicky received: android.intent.action.PACKAGE_REMOVED
01-10 15:17:17.982 I/ActivityManager( 1574): Start proc com.google.android.apps.maps for broadcast com.google.android.apps.maps/com.google.android.location.internal.NlpPackageUpdateReceiver: pid=2645 uid=10046 gids={3003, 1015}
01-10 15:17:18.012 I/ActivityManager( 1574): No longer want com.htc.laputa.HtcLaputaInstaller (pid 2219): hidden #16
01-10 15:17:18.042 D/LauncherApplication( 2622): - LauncherApplication onCreate()
01-10 15:17:18.062 D/dalvikvm( 2622): GC_CONCURRENT freed 167K, 5% free 6765K/7047K, paused 1ms+8ms
01-10 15:17:18.092 D/WidgetScanner( 2622): onReceiveInternal: Intent { act=android.intent.action.PACKAGE_REMOVED dat=package:uk.ac.st_andrews.cs.host.mk74.energymeasurement.wifi80211 flg=0x10000010 cmp=com.htc.launcher/.widget.WidgetScannerService (has extras) }
01-10 15:17:18.122 D/HtcWidgetScanner( 2622): onPackageRemoved: uk.ac.st_andrews.cs.host.mk74.energymeasurement.wifi80211
01-10 15:17:18.132 D/dalvikvm( 2645): GC_CONCURRENT freed 151K, 4% free 6807K/7047K, paused 1ms+2ms
01-10 15:17:18.152 W/ContentService( 1574): binderDied() at ObserverNode name com.google.android.gsf.gservices
01-10 15:17:18.172 I/RegisterService( 2624): android.intent.action.PACKAGE_REMOVED package:uk.ac.st_andrews.cs.host.mk74.energymeasurement.wifi80211
01-10 15:17:18.182 D/PackageManager( 1574): generateServicesMap(android.accounts.AccountAuthenticator): 13 services unchanged
01-10 15:17:18.182 D/PackageManager( 1574): generateServicesMap(android.content.SyncAdapter): 21 services unchanged
01-10 15:17:18.212 D/Launcher.Model( 1681): onReceive intent=Intent { act=android.intent.action.PACKAGE_ADDED dat=package:uk.ac.st_andrews.cs.host.mk74.energymeasurement.wifi80211 flg=0x10000010 (has extras) }
01-10 15:17:18.212 D/Launcher.Model( 1681): mAllAppsList.updatePackage uk.ac.st_andrews.cs.host.mk74.energymeasurement.wifi80211
01-10 15:17:18.222 D/PhoneApp( 1668): -- PackageChangeBroadcastReceiver  action = android.intent.action.PACKAGE_ADDED
01-10 15:17:18.272 D/Launcher.Model( 2622): onReceive intent=Intent { act=android.intent.action.PACKAGE_ADDED dat=package:uk.ac.st_andrews.cs.host.mk74.energymeasurement.wifi80211 flg=0x10000010 (has extras) }
01-10 15:17:18.292 D/dalvikvm( 2645): GC_CONCURRENT freed 137K, 4% free 7149K/7431K, paused 1ms+2ms
01-10 15:17:18.312 I/ActivityThread( 2645): Pub com.google.android.maps.SearchHistoryProvider: com.google.googlenav.provider.SearchHistoryProvider
01-10 15:17:18.332 D/Launcher.Model( 2622): mAllAppsList.updatePackage uk.ac.st_andrews.cs.host.mk74.energymeasurement.wifi80211
01-10 15:17:18.332 I/ActivityThread( 2645): Pub com.google.android.maps.LayerInfoProvider: com.google.googlenav.layer.LayerInfoProvider
01-10 15:17:18.332 D/SqliteDatabaseCpp( 2645): dbopen(): path = /data/data/com.google.android.apps.maps/databases , key = LYqevA, flag = 6, file size = 5120
01-10 15:17:18.342 D/SqliteDatabaseCpp( 2645): dbopen(): path = /data/data/com.google.android.apps.maps/databases , key = LYqevA, mode: delete, disk free size: 7853 M, handle: 0x15d780
01-10 15:17:18.362 I/ActivityThread( 2645): Pub com.google.android.maps.TrafficAppWidgetProvider: com.google.googlenav.appwidget.traffic.TrafficAppWidgetProvider
01-10 15:17:18.372 I/ActivityThread( 2645): Pub com.google.android.maps.SuggestionProvider: com.google.googlenav.suggest.android.SuggestProvider
01-10 15:17:18.402 D/HtcWidgetProvider( 1681): update 0
01-10 15:17:18.402 D/FxWidgetScanner( 2622): onPackageRemoved: uk.ac.st_andrews.cs.host.mk74.energymeasurement.wifi80211
01-10 15:17:18.402 D/FxWidgetScanner( 2622): removeFxWidgetList
01-10 15:17:18.412 D/dalvikvm( 1574): GC_CONCURRENT freed 1908K, 12% free 16069K/18119K, paused 2ms+5ms
01-10 15:17:18.442 I/ActivityThread( 2645): Pub com.google.android.maps.LocalActivePlacesProvider: com.google.googlenav.provider.LocalActivePlacesProvider
01-10 15:17:18.442 I/ActivityThread( 2645): Pub com.google.android.maps.StarredItemProvider: com.google.googlenav.provider.StarredItemProvider
01-10 15:17:18.552 D/CombinedWidgetProvider( 1681): +addAppWidget
01-10 15:17:18.943 D/CombinedWidgetProvider( 1681): addAppWidget: WidgetSummary(YouTube/APP_WIDGET/[I@407502a8 x [I@407502c8/-1/ComponentInfo{com.google.android.youtube/com.google.android.youtube.app.honeycomb.widget.WidgetProvider}/[I@407502e8)
01-10 15:17:18.943 D/CombinedWidgetProvider( 1681): addAppWidget: WidgetSummary(Twitter (large)/APP_WIDGET/[I@40890378 x [I@40890398/-1/ComponentInfo{com.twitter.android/com.twitter.android.client.WidgetLargeProvider}/[I@40ac2168)
01-10 15:17:18.943 D/CombinedWidgetProvider( 1681): addAppWidget: WidgetSummary(Twitter (small)/APP_WIDGET/[I@40867098 x [I@40730288/-1/ComponentInfo{com.twitter.android/com.twitter.android.client.WidgetSmallProvider}/[I@407302a8)
01-10 15:17:18.943 D/CombinedWidgetProvider( 1681): addAppWidget: WidgetSummary(Traffic/APP_WIDGET/[I@407c8bc8 x [I@407c8be8/-1/ComponentInfo{com.google.android.apps.maps/com.google.googlenav.appwidget.traffic.TrafficAppWidget}/[I@40d56d38)
01-10 15:17:18.943 D/CombinedWidgetProvider( 1681): addAppWidget: WidgetSummary(Latitude/APP_WIDGET/[I@4073a648 x [I@4073a668/-1/ComponentInfo{com.google.android.apps.maps/com.google.googlenav.appwidget.friends.FriendsAppWidgetProvider}/[I@4073a688)
01-10 15:17:18.943 D/CombinedWidgetProvider( 1681): addAppWidget: WidgetSummary(Market/APP_WIDGET/[I@40855618 x [I@40855638/-1/ComponentInfo{com.android.vending/com.android.vending.MarketWidgetProvider}/[I@40a4f330)
01-10 15:17:18.943 D/CombinedWidgetProvider( 1681): addAppWidget: WidgetSummary(Google Search/APP_WIDGET/[I@4072e088 x [I@40735cc0/-1/ComponentInfo{com.google.android.googlequicksearchbox/com.google.android.googlequicksearchbox.SearchWidgetProvider}/[I@40735ce0)
01-10 15:17:18.943 D/CombinedWidgetProvider( 1681): addAppWidget: WidgetSummary(Gmail/APP_WIDGET/[I@4074dcd0 x [I@4074dcf0/-1/ComponentInfo{com.google.android.gm/com.google.android.gm.widget.GmailWidgetProvider}/[I@4074dd10)
01-10 15:17:18.943 D/CombinedWidgetProvider( 1681): addAppWidget: WidgetSummary(Bookmarks/APP_WIDGET/[I@4075b0b0 x [I@4075b0d0/-1/ComponentInfo{com.android.browser/com.android.browser.widget.BookmarkThumbnailWidgetProvider}/[I@4075b600)
01-10 15:17:18.943 D/CombinedWidgetProvider( 1681): -addAppWidget
01-10 15:17:18.943 D/CombinedWidgetProvider( 1681): +addHtcWidgets, cat: -1
01-10 15:17:18.943 D/CombinedWidgetProvider( 1681):  uri: content://com.htc.launcher.widget.htcwidget/htcwidgets?widget_only=true
01-10 15:17:18.953 D/HtcWidgetProvider( 1681): row 1
01-10 15:17:18.953 D/FxWidgetScanner( 2622): delete 0
01-10 15:17:18.953 D/CombinedWidgetProvider( 1681): addHtcWidget: WidgetSummary(Tips for Home/HTC_WIDGET/[I@40762548 x [I@40762568/1101/ComponentInfo{com.htc.rosiewidgets.tip/com.htc.rosiewidgets.tip.TipWidgetItem}/[I@40762588)
01-10 15:17:18.963 D/CombinedWidgetProvider( 1681): -addHtcWidgets
01-10 15:17:18.963 D/CombinedWidgetProvider( 1681): +addFxWidgets , provider: null
01-10 15:17:18.963 D/FxWidgetProviderInfoCollector( 1681): getAllStyles + [Ljava.lang.String;@406d1dc8 @ 
01-10 15:17:18.973 D/FxWidgetProvider( 1681): row 94
01-10 15:17:18.973 D/WidgetScanner( 2622): upadted? false
01-10 15:17:19.003 W/Launcher.Model( 2622): Nobody to tell about the new app.  Launcher is probably loading.
01-10 15:17:19.023 I/ActivityManager( 1574): No longer want com.htc.ereader.drmengine (pid 2296): hidden #16
01-10 15:17:19.193 I/ActivityThread( 2645): Pub com.google.android.maps.LocalSuggestionProvider: com.google.googlenav.provider.LocalSuggestionProvider
01-10 15:17:19.213 I/ActivityThread( 2645): Pub com.google.android.maps.NavigationAvailabilityProvider: com.google.googlenav.provider.NavigationAvailabilityProvider
01-10 15:17:19.213 D/dalvikvm( 2645): GC_CONCURRENT freed 155K, 4% free 7503K/7751K, paused 1ms+7ms
01-10 15:17:19.233 I/ActivityManager( 1574): Start proc com.htc.recommend for broadcast com.htc.recommend/.receiver.AppInstalledReceiver: pid=2655 uid=10056 gids={2001, 3003}
01-10 15:17:19.283 I/ActivityManager( 1574): No longer want com.htc.demoflopackageinstaller (pid 2429): hidden #16
01-10 15:17:19.343 I/ActivityThread( 2655): Pub com.htc.recommend.provider.HTCRecommendCarouselProvider: com.htc.recommend.provider.HTCRecommendCarouselProvider
01-10 15:17:19.353 I/ActivityThread( 2655): Pub com.htc.recommend.provider.HTCRecommendContentProvider: com.htc.recommend.provider.HTCRecommendContentProvider
01-10 15:17:19.363 D/HTC Recommends( 2655): /mnt/sdcard/.LHYGB/CKCL
01-10 15:17:19.373 D/HTC Recommends( 2655): no token file
01-10 15:17:19.373 D/HTC Recommends( 2655): no token file
01-10 15:17:19.373 D/HTC Recommends( 2655): Log settings are 
01-10 15:17:19.373 D/HTC Recommends( 2655): Enable General Log : false
01-10 15:17:19.373 D/HTC Recommends( 2655): Enable Analytic Log : false
01-10 15:17:19.373 D/HTC Recommends( 2655): Enable Normal Log Level (dependent on General Log) : false
01-10 15:17:19.373 D/HTC Recommends( 2655): Enable Critical Log Level (dependent on General Log) : false
01-10 15:17:19.373 D/SqliteDatabaseCpp( 2655): dbopen(): path = /data/data/com.htc.recommend/databases , key = `tgvegkmmejd, flag = 6, file size = 34816
01-10 15:17:19.373 D/SqliteDatabaseCpp( 2655): dbopen(): path = /data/data/com.htc.recommend/databases , key = `tgvegkmmejd, mode: delete, disk free size: 7853 M, handle: 0x15d800
01-10 15:17:19.413 I/ActivityManager( 1574): No longer want com.htc.ereader (pid 2423): hidden #16
01-10 15:17:19.483 D/FxWidgetProvider( 1681): row 1
01-10 15:17:19.483 D/CombinedWidgetProvider( 1681): addFxWidget: WidgetSummary(Watch/FX_WIDGET/[I@4083f618 x [I@4083f638/-2/ComponentInfo{com.htc.widget3d.watch/com.htc.widget3d.watch.WatchProvider}/[I@4083f658)
01-10 15:17:19.483 D/FxWidgetProvider( 1681): row 1
01-10 15:17:19.483 D/CombinedWidgetProvider( 1681): addFxWidget: WidgetSummary(Airplane Mode/FX_WIDGET/[I@4083e508 x [I@40d59310/-2/ComponentInfo{com.htc.htcsettingwidgets/com.htc.htcsettingwidgets.AirplaneWidget}/[I@40d59330)
01-10 15:17:19.493 D/FxWidgetProvider( 1681): row 1
01-10 15:17:19.503 D/CombinedWidgetProvider( 1681): addFxWidget: WidgetSummary(Bluetooth/FX_WIDGET/[I@40866e00 x [I@40a024e0/-2/ComponentInfo{com.htc.htcsettingwidgets/com.htc.htcsettingwidgets.BTWidget}/[I@40a02500)
01-10 15:17:19.503 D/FxWidgetProvider( 1681): row 1
01-10 15:17:19.503 D/CombinedWidgetProvider( 1681): addFxWidget: WidgetSummary(GPS/FX_WIDGET/[I@40824dc8 x [I@40824de8/-2/ComponentInfo{com.htc.htcsettingwidgets/com.htc.htcsettingwidgets.GPSWidget}/[I@40824e08)
01-10 15:17:19.513 D/FxWidgetProvider( 1681): row 1
01-10 15:17:19.513 D/CombinedWidgetProvider( 1681): addFxWidget: WidgetSummary(Wi-Fi Hotspot/FX_WIDGET/[I@40710270 x [I@40710290/-2/ComponentInfo{com.htc.htcsettingwidgets/com.htc.htcsettingwidgets.HotspotWidget}/[I@407102b0)
01-10 15:17:19.513 D/FxWidgetProvider( 1681): row 1
01-10 15:17:19.523 D/CombinedWidgetProvider( 1681): addFxWidget: WidgetSummary(Mobile Network/FX_WIDGET/[I@40acaec0 x [I@40acaee0/-2/ComponentInfo{com.htc.htcsettingwidgets/com.htc.htcsettingwidgets.MobileNetworkWidget}/[I@40acaf00)
01-10 15:17:19.523 D/FxWidgetProvider( 1681): row 1
01-10 15:17:19.533 D/CombinedWidgetProvider( 1681): addFxWidget: WidgetSummary(Wi-Fi/FX_WIDGET/[I@4079f6f0 x [I@4079f710/-2/ComponentInfo{com.htc.htcsettingwidgets/com.htc.htcsettingwidgets.WiFiWidget}/[I@4079f730)
01-10 15:17:19.533 D/FxWidgetProvider( 1681): row 1
01-10 15:17:19.533 D/CombinedWidgetProvider( 1681): addFxWidget: WidgetSummary(Mail/FX_WIDGET/[I@4078a968 x [I@409e68e8/-2/ComponentInfo{com.htc.htcmailwidgets/com.htc.htcmailwidgets.WidgetReceiver}/[I@409e6908)
01-10 15:17:19.533 D/FxWidgetProvider( 1681): row 3
01-10 15:17:19.543 D/FxWidgetProviderInfoCollector( 1681): more than one style shared the same component! Return the first one found.
01-10 15:17:19.543 D/CombinedWidgetProvider( 1681): addFxWidget: WidgetSummary(Mail/FX_WIDGET/[I@40acc410 x [I@40bc7240/-2/ComponentInfo{com.htc.htcmailwidgets/com.htc.htcmailwidgets.WidgetReceiver}/[I@40bc7260)
01-10 15:17:19.543 D/FxWidgetProvider( 1681): row 3
01-10 15:17:19.553 D/FxWidgetProviderInfoCollector( 1681): more than one style shared the same component! Return the first one found.
01-10 15:17:19.553 D/CombinedWidgetProvider( 1681): addFxWidget: WidgetSummary(Mail/FX_WIDGET/[I@40d117b8 x [I@407a0348/-2/ComponentInfo{com.htc.htcmailwidgets/com.htc.htcmailwidgets.WidgetReceiver}/[I@407a0368)
01-10 15:17:19.553 D/FxWidgetProvider( 1681): row 3
01-10 15:17:19.553 D/FxWidgetProviderInfoCollector( 1681): more than one style shared the same component! Return the first one found.
01-10 15:17:19.553 D/CombinedWidgetProvider( 1681): addFxWidget: WidgetSummary(Mail/FX_WIDGET/[I@40bf82d8 x [I@40bf82f8/-2/ComponentInfo{com.htc.htcmailwidgets/com.htc.htcmailwidgets.WidgetReceiver}/[I@40bf8318)
01-10 15:17:19.563 D/FxWidgetProvider( 1681): row 3
01-10 15:17:19.563 D/FxWidgetProviderInfoCollector( 1681): more than one style shared the same component! Return the first one found.
01-10 15:17:19.563 D/CombinedWidgetProvider( 1681): addFxWidget: WidgetSummary(Mail/FX_WIDGET/[I@40bd4808 x [I@40bd5810/-2/ComponentInfo{com.htc.htcmailwidgets/com.htc.htcmailwidgets.WidgetReceiver}/[I@40bd5830)
01-10 15:17:19.573 D/FxWidgetProvider( 1681): row 3
01-10 15:17:19.573 D/FxWidgetProviderInfoCollector( 1681): more than one style shared the same component! Return the first one found.
01-10 15:17:19.573 D/CombinedWidgetProvider( 1681): addFxWidget: WidgetSummary(Mail/FX_WIDGET/[I@40bc1840 x [I@40bc1860/-2/ComponentInfo{com.htc.htcmailwidgets/com.htc.htcmailwidgets.WidgetReceiver}/[I@40bc1880)
01-10 15:17:19.583 D/FxWidgetProvider( 1681): row 3
01-10 15:17:19.583 D/FxWidgetProviderInfoCollector( 1681): more than one style shared the same component! Return the first one found.
01-10 15:17:19.583 D/CombinedWidgetProvider( 1681): addFxWidget: WidgetSummary(Mail/FX_WIDGET/[I@40bdab48 x [I@40c7cf68/-2/ComponentInfo{com.htc.htcmailwidgets/com.htc.htcmailwidgets.WidgetReceiver}/[I@406cf980)
01-10 15:17:19.583 D/FxWidgetProvider( 1681): row 5
01-10 15:17:19.593 D/FxWidgetProviderInfoCollector( 1681): more than one style shared the same component! Return the first one found.
01-10 15:17:19.593 D/CombinedWidgetProvider( 1681): addFxWidget: WidgetSummary(People/FX_WIDGET/[I@40a01358 x [I@40a01378/-2/ComponentInfo{com.htc.htccontactwidgets_3d_fusion/com.htc.htccontactwidgets_3d_fusion.WidgetReceiver}/[I@407328a0)
01-10 15:17:19.593 D/FxWidgetProvider( 1681): row 5
01-10 15:17:19.603 D/FxWidgetProviderInfoCollector( 1681): more than one style shared the same component! Return the first one found.
01-10 15:17:19.603 D/CombinedWidgetProvider( 1681): addFxWidget: WidgetSummary(People/FX_WIDGET/[I@40742c80 x [I@40768200/-2/ComponentInfo{com.htc.htccontactwidgets_3d_fusion/com.htc.htccontactwidgets_3d_fusion.WidgetReceiver}/[I@40768220)
01-10 15:17:19.603 D/FxWidgetProvider( 1681): row 5
01-10 15:17:19.603 D/FxWidgetProviderInfoCollector( 1681): more than one style shared the same component! Return the first one found.
01-10 15:17:19.613 D/CombinedWidgetProvider( 1681): addFxWidget: WidgetSummary(People/FX_WIDGET/[I@40c1ed48 x [I@40c1ed68/-2/ComponentInfo{com.htc.htccontactwidgets_3d_fusion/com.htc.htccontactwidgets_3d_fusion.WidgetReceiver}/[I@40c1ed88)
01-10 15:17:19.613 D/FxWidgetProvider( 1681): row 5
01-10 15:17:19.613 D/FxWidgetProviderInfoCollector( 1681): more than one style shared the same component! Return the first one found.
01-10 15:17:19.613 D/CombinedWidgetProvider( 1681): addFxWidget: WidgetSummary(People/FX_WIDGET/[I@40bd4438 x [I@40bd4458/-2/ComponentInfo{com.htc.htccontactwidgets_3d_fusion/com.htc.htccontactwidgets_3d_fusion.WidgetReceiver}/[I@40bd4478)
01-10 15:17:19.613 D/FxWidgetProvider( 1681): row 5
01-10 15:17:19.623 D/FxWidgetProviderInfoCollector( 1681): more than one style shared the same component! Return the first one found.
01-10 15:17:19.623 D/CombinedWidgetProvider( 1681): addFxWidget: WidgetSummary(People/FX_WIDGET/[I@40bcbbc8 x [I@40bcbbe8/-2/ComponentInfo{com.htc.htccontactwidgets_3d_fusion/com.htc.htccontactwidgets_3d_fusion.WidgetReceiver}/[I@40bcbc08)
01-10 15:17:19.623 D/FxWidgetProvider( 1681): row 1
01-10 15:17:19.633 D/CombinedWidgetProvider( 1681): addFxWidget: WidgetSummary(Calendar/FX_WIDGET/[I@40ae08c8 x [I@40ae08e8/-2/ComponentInfo{com.htc.htccalendarwidgets/com.htc.htccalendarwidgets.WidgetReceiver}/[I@40ae0908)
01-10 15:17:19.633 D/FxWidgetProvider( 1681): row 3
01-10 15:17:19.633 D/FxWidgetProviderInfoCollector( 1681): more than one style shared the same component! Return the first one found.
01-10 15:17:19.633 D/CombinedWidgetProvider( 1681): addFxWidget: WidgetSummary(Calendar/FX_WIDGET/[I@40c4edf0 x [I@40754f50/-2/ComponentInfo{com.htc.htccalendarwidgets/com.htc.htccalendarwidgets.WidgetReceiver}/[I@40754f70)
01-10 15:17:19.643 D/FxWidgetProvider( 1681): row 3
01-10 15:17:19.643 D/FxWidgetProviderInfoCollector( 1681): more than one style shared the same component! Return the first one found.
01-10 15:17:19.643 D/CombinedWidgetProvider( 1681): addFxWidget: WidgetSummary(Calendar/FX_WIDGET/[I@4084f718 x [I@4084f738/-2/ComponentInfo{com.htc.htccalendarwidgets/com.htc.htccalendarwidgets.WidgetReceiver}/[I@4084f758)
01-10 15:17:19.653 D/FxWidgetProvider( 1681): row 3
01-10 15:17:19.653 D/FxWidgetProviderInfoCollector( 1681): more than one style shared the same component! Return the first one found.
01-10 15:17:19.653 D/CombinedWidgetProvider( 1681): addFxWidget: WidgetSummary(Calendar/FX_WIDGET/[I@408445f0 x [I@40844610/-2/ComponentInfo{com.htc.htccalendarwidgets/com.htc.htccalendarwidgets.WidgetReceiver}/[I@40844630)
01-10 15:17:19.653 D/FxWidgetProvider( 1681): row 1
01-10 15:17:19.663 D/CombinedWidgetProvider( 1681): addFxWidget: WidgetSummary(Calendar/FX_WIDGET/[I@409f5698 x [I@409f56b8/-2/ComponentInfo{com.htc.htccalendarwidgets/com.htc.htccalendarwidgets.WidgetReceiver}/[I@409f56d8)
01-10 15:17:19.663 D/FxWidgetProvider( 1681): row 1
01-10 15:17:19.663 D/CombinedWidgetProvider( 1681): addFxWidget: WidgetSummary(Bookmarks/FX_WIDGET/[I@40ade9a0 x [I@40ade9c0/-2/ComponentInfo{com.htc.fusion.htcbookmarkwidget/com.htc.fusion.htcbookmarkwidget.WidgetReceiver}/[I@40ade9e0)
01-10 15:17:19.673 D/FxWidgetProvider( 1681): row 1
01-10 15:17:19.673 D/CombinedWidgetProvider( 1681): addFxWidget: WidgetSummary(Bookmarks/FX_WIDGET/[I@407b5a00 x [I@407b5a20/-2/ComponentInfo{com.htc.fusion.htcbookmarkwidget/com.htc.fusion.htcbookmarkwidget.WidgetReceiver}/[I@407b5a40)
01-10 15:17:19.673 D/FxWidgetProvider( 1681): row 1
01-10 15:17:19.683 D/CombinedWidgetProvider( 1681): addFxWidget: WidgetSummary(Messages/FX_WIDGET/[I@40beeda8 x [I@40beedc8/-2/ComponentInfo{com.htc.htcmsgwidgets3d/com.htc.htcmsgwidgets.MsgWidgetProvider}/[I@40beede8)
01-10 15:17:19.683 D/FxWidgetProvider( 1681): row 1
01-10 15:17:19.693 D/CombinedWidgetProvider( 1681): addFxWidget: WidgetSummary(Messages/FX_WIDGET/[I@408701e8 x [I@40870208/-2/ComponentInfo{com.htc.htcmsgwidgets3d/com.htc.htcmsgwidgets.MsgWidgetProvider}/[I@40870228)
01-10 15:17:19.693 D/FxWidgetProvider( 1681): row 1
01-10 15:17:19.693 D/CombinedWidgetProvider( 1681): addFxWidget: WidgetSummary(Messages/FX_WIDGET/[I@40813a18 x [I@409e4448/-2/ComponentInfo{com.htc.htcmsgwidgets3d/com.htc.htcmsgwidgets.MsgWidgetProvider}/[I@409e4468)
01-10 15:17:19.703 D/FxWidgetProvider( 1681): row 1
01-10 15:17:19.703 D/CombinedWidgetProvider( 1681): addFxWidget: WidgetSummary(Messages/FX_WIDGET/[I@40784568 x [I@40784588/-2/ComponentInfo{com.htc.htcmsgwidgets3d/com.htc.htcmsgwidgets.MsgWidgetProvider}/[I@407845a8)
01-10 15:17:19.703 D/FxWidgetProvider( 1681): row 1
01-10 15:17:19.713 D/CombinedWidgetProvider( 1681): addFxWidget: WidgetSummary(Messages/FX_WIDGET/[I@40786d10 x [I@40786d30/-2/ComponentInfo{com.htc.htcmsgwidgets3d/com.htc.htcmsgwidgets.MsgWidgetProvider}/[I@40786d50)
01-10 15:17:19.713 D/FxWidgetProvider( 1681): row 1
01-10 15:17:19.834 D/CombinedWidgetProvider( 1681): addFxWidget: WidgetSummary(Messages/FX_WIDGET/[I@40788fa0 x [I@40788fc0/-2/ComponentInfo{com.htc.htcmsgwidgets3d/com.htc.htcmsgwidgets.MsgWidgetProvider}/[I@40788fe0)
01-10 15:17:19.844 D/FxWidgetProvider( 1681): row 1
01-10 15:17:19.854 D/CombinedWidgetProvider( 1681): addFxWidget: WidgetSummary(Messages/FX_WIDGET/[I@407e54d0 x [I@407e54f0/-2/ComponentInfo{com.htc.htcmsgwidgets3d/com.htc.htcmsgwidgets.MsgWidgetProvider}/[I@407e5510)
01-10 15:17:19.864 D/FxWidgetProvider( 1681): row 1
01-10 15:17:19.864 D/CombinedWidgetProvider( 1681): addFxWidget: WidgetSummary(Twitter/FX_WIDGET/[I@40c7db08 x [I@40c7db28/-2/ComponentInfo{com.htc.Twitter3DWidget/com.htc.Twitter3DWidget.TwitterWidgetProvider}/[I@40c7db48)
01-10 15:17:19.874 D/FxWidgetProvider( 1681): row 1
01-10 15:17:19.874 D/CombinedWidgetProvider( 1681): addFxWidget: WidgetSummary(Twitter/FX_WIDGET/[I@40c7fec0 x [I@40c7fee0/-2/ComponentInfo{com.htc.Twitter3DWidget/com.htc.Twitter3DWidget.TwitterWidgetProvider}/[I@40c7ff00)
01-10 15:17:19.884 D/FxWidgetProvider( 1681): row 1
01-10 15:17:19.894 D/CombinedWidgetProvider( 1681): addFxWidget: WidgetSummary(Twitter/FX_WIDGET/[I@40c98c60 x [I@40c98c80/-2/ComponentInfo{com.htc.Twitter3DWidget/com.htc.Twitter3DWidget.TwitterWidgetProvider}/[I@40c98ca0)
01-10 15:17:19.894 D/FxWidgetProvider( 1681): row 1
01-10 15:17:19.914 D/CombinedWidgetProvider( 1681): addFxWidget: WidgetSummary(Twitter/FX_WIDGET/[I@40c9b018 x [I@40c9b038/-2/ComponentInfo{com.htc.Twitter3DWidget/com.htc.Twitter3DWidget.TwitterWidgetProvider}/[I@40c9b058)
01-10 15:17:19.914 D/FxWidgetProvider( 1681): row 1
01-10 15:17:19.914 D/CombinedWidgetProvider( 1681): addFxWidget: WidgetSummary(Trends/FX_WIDGET/[I@40d0a9e0 x [I@40d0aa00/-2/ComponentInfo{com.htc.Trends3DWidget/com.htc.Trends3DWidget.TrendsWidgetProvider}/[I@40d0aa20)
01-10 15:17:19.924 D/FxWidgetProvider( 1681): row 1
01-10 15:17:19.924 D/dalvikvm( 2256): GC_CONCURRENT freed 485K, 9% free 6678K/7303K, paused 1ms+1ms
01-10 15:17:19.964 D/dalvikvm( 1681): GC_CONCURRENT freed 1038K, 16% free 11585K/13767K, paused 2ms+10ms
01-10 15:17:20.074 I/ActivityThread( 2655): Pub com.htc.recommend.provider.HTCRecommendSuggestionProvider: com.htc.recommend.provider.HTCRecommendSuggestionProvider
01-10 15:17:20.074 D/CombinedWidgetProvider( 1681): addFxWidget: WidgetSummary(Sync All/FX_WIDGET/[I@40d0cd40 x [I@40d0cd60/-2/ComponentInfo{com.htc.Sync3DWidget/com.htc.Sync3DWidget.SyncWidgetProvider}/[I@40d0cd80)
01-10 15:17:20.074 D/FxWidgetProvider( 1681): row 1
01-10 15:17:20.084 D/CombinedWidgetProvider( 1681): addFxWidget: WidgetSummary(Music/FX_WIDGET/[I@40cba668 x [I@40cb9cb0/-2/ComponentInfo{com.htc.MusicWidget3D/com.htc.MusicWidget3D.MusicWidget3DProvider}/[I@40cb92f8)
01-10 15:17:20.084 I/ActivityManager( 1574): Start proc com.htc.wdm for broadcast com.htc.wdm/.receiver.HTCDirectReceiver: pid=2663 uid=10070 gids={3003, 2001, 1015}
01-10 15:17:20.094 D/FxWidgetProvider( 1681): row 1
01-10 15:17:20.094 D/CombinedWidgetProvider( 1681): addFxWidget: WidgetSummary(Music/FX_WIDGET/[I@40c6a0c8 x [I@40c641c0/-2/ComponentInfo{com.htc.MusicWidget3D/com.htc.MusicWidget3D.MusicWidget3DProvider}/[I@40c5fa38)
01-10 15:17:20.104 D/FxWidgetProvider( 1681): row 1
01-10 15:17:20.104 D/CombinedWidgetProvider( 1681): addFxWidget: WidgetSummary(Music/FX_WIDGET/[I@40c392f0 x [I@40c38fc0/-2/ComponentInfo{com.htc.MusicWidget3D/com.htc.MusicWidget3D.MusicWidget3DProvider}/[I@40c38940)
01-10 15:17:20.104 D/FxWidgetProvider( 1681): row 1
01-10 15:17:20.114 D/CombinedWidgetProvider( 1681): addFxWidget: WidgetSummary(Friend Stream/FX_WIDGET/[I@40c224a8 x [I@40c21a18/-2/ComponentInfo{com.htc.FriendStream3DWidget/com.htc.FriendStream3DWidget.FriendStreamWidgetProvider}/[I@40c1ffd8)
01-10 15:17:20.114 D/FxWidgetProvider( 1681): row 1
01-10 15:17:20.124 D/CombinedWidgetProvider( 1681): addFxWidget: WidgetSummary(Friend Stream/FX_WIDGET/[I@40c0ce90 x [I@40c0cd60/-2/ComponentInfo{com.htc.FriendStream3DWidget/com.htc.FriendStream3DWidget.FriendStreamWidgetProvider}/[I@40c0cb00)
01-10 15:17:20.124 D/FxWidgetProvider( 1681): row 1
01-10 15:17:20.124 I/ActivityManager( 1574): No longer want com.htc.home.personalize (pid 1892): hidden #16
01-10 15:17:20.134 D/CombinedWidgetProvider( 1681): addFxWidget: WidgetSummary(Friend Stream/FX_WIDGET/[I@40bfc3d0 x [I@40bfbea8/-2/ComponentInfo{com.htc.FriendStream3DWidget/com.htc.FriendStream3DWidget.FriendStreamWidgetProvider}/[I@40bfbbb0)
01-10 15:17:20.134 D/FxWidgetProvider( 1681): row 1
01-10 15:17:20.134 D/CombinedWidgetProvider( 1681): addFxWidget: WidgetSummary(Friend Stream/FX_WIDGET/[I@40bd2220 x [I@40bd1258/-2/ComponentInfo{com.htc.FriendStream3DWidget/com.htc.FriendStream3DWidget.FriendStreamWidgetProvider}/[I@40bd1078)
01-10 15:17:20.144 D/FxWidgetProvider( 1681): row 1
01-10 15:17:20.144 I/ActivityThread( 2663): Pub com.htc.wdm.provider.HtcDirectCarouselProvider: com.htc.wdm.provider.HtcDirectCarouselProvider
01-10 15:17:20.144 D/CombinedWidgetProvider( 1681): addFxWidget: WidgetSummary(Friend Channel/FX_WIDGET/[I@409f9958 x [I@409f6fb0/-2/ComponentInfo{com.htc.FriendStream3DWidget/com.htc.FriendStream3DWidget.FriendStreamWidgetProvider}/[I@409f5bd8)
01-10 15:17:20.154 D/FxWidgetProvider( 1681): row 1
01-10 15:17:20.154 I/ActivityThread( 2663): Pub com.htc.wdm.status.HtcDirectProvider: com.htc.wdm.status.HtcDirectProvider
01-10 15:17:20.154 D/CombinedWidgetProvider( 1681): addFxWidget: WidgetSummary(My Shelf/FX_WIDGET/[I@40824a38 x [I@40824018/-2/ComponentInfo{com.htc.ereader.widget3d/com.htc.ereader.widget3d.ereaderwidget3d.SimpleWidgetProvider}/[I@40821648)
01-10 15:17:20.154 D/FxWidgetProvider( 1681): row 1
01-10 15:17:20.164 D/HTC Hub ( 2663): /mnt/sdcard/.LHYGB/CKCL
01-10 15:17:20.164 D/HTC Hub ( 2663): no token file
01-10 15:17:20.164 D/HTC Hub ( 2663): no token file
01-10 15:17:20.164 D/HTC Hub ( 2663): Log settings are 
01-10 15:17:20.164 D/HTC Hub ( 2663): Enable General Log : false
01-10 15:17:20.164 D/HTC Hub ( 2663): Enable Analytic Log : false
01-10 15:17:20.164 D/HTC Hub ( 2663): Enable Normal Log Level (dependent on General Log) : false
01-10 15:17:20.164 D/HTC Hub ( 2663): Enable Critical Log Level (dependent on General Log) : false
01-10 15:17:20.164 D/CombinedWidgetProvider( 1681): addFxWidget: WidgetSummary(Weather/FX_WIDGET/[I@40785b40 x [I@407758a0/-2/ComponentInfo{com.htc.widget3d.weather/com.htc.widget3d.weather.WeatherWidgetProvider}/[I@40772b18)
01-10 15:17:20.164 D/FxWidgetProvider( 1681): row 1
01-10 15:17:20.174 D/CombinedWidgetProvider( 1681): addFxWidget: WidgetSummary(Weather/FX_WIDGET/[I@4067a370 x [I@40674a98/-2/ComponentInfo{com.htc.widget3d.weather/com.htc.widget3d.weather.WeatherWidgetProvider}/[I@40674920)
01-10 15:17:20.174 I/ActivityManager( 1574): No longer want com.htc.sdm (pid 2180): hidden #16
01-10 15:17:20.184 D/SM:PackageReceiver( 2615): package added: package:uk.ac.st_andrews.cs.host.mk74.energymeasurement.wifi80211
01-10 15:17:20.184 D/FxWidgetProvider( 1681): row 1
01-10 15:17:20.184 D/WidgetScanner( 1681): onReceive: Intent { act=android.intent.action.PACKAGE_ADDED dat=package:uk.ac.st_andrews.cs.host.mk74.energymeasurement.wifi80211 flg=0x10000010 cmp=com.htc.launcher/.widget.WidgetScannerTrigger (has extras) }
01-10 15:17:20.194 D/CombinedWidgetProvider( 1681): addFxWidget: WidgetSummary(Weather/FX_WIDGET/[I@40c244c8 x [I@40c23a38/-2/ComponentInfo{com.htc.widget3d.weather/com.htc.widget3d.weather.WeatherWidgetProvider}/[I@40c22fa8)
01-10 15:17:20.194 D/WidgetScanner( 2622): onReceiveInternal: Intent { act=android.intent.action.PACKAGE_ADDED dat=package:uk.ac.st_andrews.cs.host.mk74.energymeasurement.wifi80211 flg=0x10000010 cmp=com.htc.launcher/.widget.WidgetScannerService (has extras) }
01-10 15:17:20.194 D/HtcWidgetScanner( 2622): onPackageAdded: uk.ac.st_andrews.cs.host.mk74.energymeasurement.wifi80211
01-10 15:17:20.204 D/FxWidgetProvider( 1681): row 1
01-10 15:17:20.204 I/RegisterService( 2624): android.intent.action.PACKAGE_ADDED package:uk.ac.st_andrews.cs.host.mk74.energymeasurement.wifi80211
01-10 15:17:20.204 I/ActivityManager( 1574): Start proc com.svox.pico for broadcast com.svox.pico/.VoiceDataInstallerReceiver: pid=2673 uid=10031 gids={}
01-10 15:17:20.214 D/CombinedWidgetProvider( 1681): addFxWidget: WidgetSummary(Screen Timeout/FX_WIDGET/[I@407ef5b0 x [I@407ee920/-2/ComponentInfo{com.htc.rosiewidgets.screentimeout/com.htc.rosiewidgets.screentimeout.ScreenTimeoutWidgetProvider}/[I@407e8648)
01-10 15:17:20.214 D/FxWidgetProvider( 1681): row 1
01-10 15:17:20.214 D/CombinedWidgetProvider( 1681): addFxWidget: WidgetSummary(Screen Brightness/FX_WIDGET/[I@407172d8 x [I@40716ef0/-2/ComponentInfo{com.htc.rosiewidgets.screenbrightness/com.htc.rosiewidgets.screenbrightness.ScreenBrightnessWidgetProvider}/[I@40715da8)
01-10 15:17:20.214 D/FxWidgetProvider( 1681): row 1
01-10 15:17:20.224 D/CombinedWidgetProvider( 1681): addFxWidget: WidgetSummary(Notes/FX_WIDGET/[I@40c6c7d0 x [I@40c6c7f0/-2/ComponentInfo{com.htc.htcrichnoteswidget3d/com.htc.htcrichnoteswidget3d.NotesWidgetProvider}/[I@40c6c810)
01-10 15:17:20.234 D/FxWidgetProvider( 1681): row 1
01-10 15:17:20.234 D/CombinedWidgetProvider( 1681): addFxWidget: WidgetSummary(Notes/FX_WIDGET/[I@40c6d3a0 x [I@40c6d3c0/-2/ComponentInfo{com.htc.htcrichnoteswidget3d/com.htc.htcrichnoteswidget3d.NotesWidgetProvider}/[I@40c6d3e0)
01-10 15:17:20.244 D/FxWidgetProvider( 1681): row 1
01-10 15:17:20.244 D/CombinedWidgetProvider( 1681): addFxWidget: WidgetSummary(HTC Likes/FX_WIDGET/[I@40c6df70 x [I@40c6df90/-2/ComponentInfo{com.htc.android.fusion.recommend/com.htc.android.fusion.recommend.RosieIntentReceiver}/[I@40c6dfb0)
01-10 15:17:20.244 D/FxWidgetProvider( 1681): row 1
01-10 15:17:20.254 I/ActivityThread( 2673): Pub com.svox.pico.providers.SettingsProvider: com.svox.pico.providers.SettingsProvider
01-10 15:17:20.254 D/CombinedWidgetProvider( 1681): addFxWidget: WidgetSummary(Profile/FX_WIDGET/[I@40c6eb40 x [I@40c6eb60/-2/ComponentInfo{com.htc.widget.profile/com.htc.widget.profile.HtcWidgetReceiver}/[I@40c6eb80)
01-10 15:17:20.254 D/FxWidgetProvider( 1681): row 1
01-10 15:17:20.264 D/CombinedWidgetProvider( 1681): addFxWidget: WidgetSummary(Power Dashboard/FX_WIDGET/[I@4068f348 x [I@4068ef58/-2/ComponentInfo{com.htc.rosiewidgets.powerstrip/com.htc.rosiewidgets.powerstrip.PowerStripWidgetProvider}/[I@4068ef78)
01-10 15:17:20.264 D/FxWidgetProvider( 1681): row 1
01-10 15:17:20.264 D/vicky   ( 2636): vicky received: android.intent.action.PACKAGE_ADDED
01-10 15:17:20.274 D/CombinedWidgetProvider( 1681): addFxWidget: WidgetSummary(Photo Album/FX_WIDGET/[I@409e1378 x [I@409e1398/-2/ComponentInfo{com.htc.photowidget3d/com.htc.photowidget3d.album.PhotoAlbumWidgetProvider}/[I@409293c8)
01-10 15:17:20.274 D/FxWidgetProvider( 1681): row 1
01-10 15:17:20.284 D/CombinedWidgetProvider( 1681): addFxWidget: WidgetSummary(Photo Frame/FX_WIDGET/[I@407d00f0 x [I@407d0110/-2/ComponentInfo{com.htc.photowidget3d/com.htc.photowidget3d.frame.PhotoFrameWidgetProvider}/[I@407cfd88)
01-10 15:17:20.294 D/FxWidgetProvider( 1681): row 1
01-10 15:17:20.294 D/GTalkService( 1713): [GTalkService.1] handlePackageInstalled: re-initialize providers
01-10 15:17:20.294 D/GTalkService( 1713): [RawStanzaProvidersMgr] ##### searchProvidersFromIntent
01-10 15:17:20.304 D/CombinedWidgetProvider( 1681): addFxWidget: WidgetSummary(Photo Grid/FX_WIDGET/[I@40711288 x [I@4070dd10/-2/ComponentInfo{com.htc.rosiewidgets.photogridwidget3d/com.htc.rosiewidgets.photogridwidget3d.PhotoGridWidget3DProvider}/[I@4070dd30)
01-10 15:17:20.304 D/FxWidgetProvider( 1681): row 1
01-10 15:17:20.304 D/CombinedWidgetProvider( 1681): addFxWidget: WidgetSummary(Navigate/FX_WIDGET/[I@40c38ee8 x [I@40c36f18/-2/ComponentInfo{com.htc.laputa.widget3d.navigate/com.htc.laputa.widget3d.navigate.NavigateWidgetProvider}/[I@40c36f38)
01-10 15:17:20.304 I/ActivityManager( 1574): Start proc com.google.android.partnersetup for broadcast com.google.android.partnersetup/.RlzPingBroadcastReceiver: pid=2680 uid=10081 gids={3003}
01-10 15:17:20.314 D/FxWidgetProvider( 1681): row 1
01-10 15:17:20.324 D/CombinedWidgetProvider( 1681): addFxWidget: WidgetSummary(Navigate/FX_WIDGET/[I@40742f20 x [I@406ecd10/-2/ComponentInfo{com.htc.laputa.widget3d.navigate/com.htc.laputa.widget3d.navigate.NavigateWidgetProvider}/[I@406ecd30)
01-10 15:17:20.324 D/FxWidgetProvider( 1681): row 1
01-10 15:17:20.334 D/CombinedWidgetProvider( 1681): addFxWidget: WidgetSummary(Locations/FX_WIDGET/[I@407c84e8 x [I@407aeec8/-2/ComponentInfo{com.htc.laputa.widget3d.locations/com.htc.laputa.widget3d.locations.LocationsWidgetProvider}/[I@407aeee8)
01-10 15:17:20.334 D/FxWidgetProvider( 1681): row 1
01-10 15:17:20.344 D/CombinedWidgetProvider( 1681): addFxWidget: WidgetSummary(News/FX_WIDGET/[I@407279e8 x [I@40727a08/-2/ComponentInfo{com.htc.googlereaderwidget/com.htc.googlereaderwidget.RosieWidgetReceiver}/[I@40727a28)
01-10 15:17:20.344 D/FxWidgetProvider( 1681): row 1
01-10 15:17:20.344 I/ActivityThread( 2680): Pub com.google.android.partnersetup.rlzprovider: com.google.android.partnersetup.RlzProvider
01-10 15:17:20.344 D/CombinedWidgetProvider( 1681): addFxWidget: WidgetSummary(News/FX_WIDGET/[I@40836878 x [I@4083c1d8/-2/ComponentInfo{com.htc.googlereaderwidget/com.htc.googlereaderwidget.RosieWidgetReceiver}/[I@40825a38)
01-10 15:17:20.354 I/ActivityThread( 2680): Pub com.google.android.partnersetup.rlzappprovider: com.google.android.partnersetup.RlzAppProvider
01-10 15:17:20.354 D/FxWidgetProvider( 1681): row 1
01-10 15:17:20.354 D/PhoneApp( 1668): EVENT_QUERY_MO_PACKAGES
01-10 15:17:20.364 D/PhoneApp( 1668): -- N1 =0
01-10 15:17:20.374 I/ActivityManager( 1574): Start proc com.htc.htchubsyncprovider for content provider com.htc.htchubsyncprovider/.provider.MyDownloadsProvider: pid=2687 uid=10069 gids={3003, 2001, 1015}
01-10 15:17:20.384 D/CombinedWidgetProvider( 1681): addFxWidget: WidgetSummary(Data Dashboard/FX_WIDGET/[I@409faeb0 x [I@40a00ab8/-2/ComponentInfo{com.htc.rosiewidgets.datastrip/com.htc.rosiewidgets.datastrip.DataStripWidgetProvider}/[I@40922f38)
01-10 15:17:20.394 D/FxWidgetProvider( 1681): row 1
01-10 15:17:20.404 D/CombinedWidgetProvider( 1681): addFxWidget: WidgetSummary(Data Roaming/FX_WIDGET/[I@40caf970 x [I@40cafe18/-2/ComponentInfo{com.htc.rosiewidgets.dataroaming/com.htc.rosiewidgets.dataroaming.WidgetProvider}/[I@40cafe38)
01-10 15:17:20.404 I/ActivityManager( 1574): No longer want com.htc.musicenhancer (pid 2449): hidden #16
01-10 15:17:20.414 D/FxWidgetProvider( 1681): row 1
01-10 15:17:20.414 I/ActivityManager( 1574): No longer want com.htc.pen (pid 2112): hidden #16
01-10 15:17:20.424 D/PhoneApp( 1668): -- N2 =0
01-10 15:17:20.424 D/HtcWidgetProvider( 1681): row 3
01-10 15:17:20.424 D/CombinedWidgetProvider( 1681): addFxWidget: WidgetSummary(Analog Clock/FX_WIDGET/[I@40ca4b10 x [I@40ca4db8/-2/ComponentInfo{com.htc.clock3dwidget/com.htc.clock3dwidget.ClockWidgetProvider}/[I@40ca4dd8)
01-10 15:17:20.424 D/FxWidgetProvider( 1681): row 1
01-10 15:17:20.444 I/ActivityThread( 2687): Pub com.htc.wdm.provider.WDMProvider: com.htc.htchubsyncprovider.provider.WDMProvider
01-10 15:17:20.444 I/ActivityThread( 2687): Pub com.htc.wotaproviders.MyDownloadsProvider: com.htc.htchubsyncprovider.provider.MyDownloadsProvider
01-10 15:17:20.444 D/HtcWidgetScanner( 2622): count(onPackageUpdated) - 3
01-10 15:17:20.454 D/FxWidgetScanner( 2622): onPackageAdded: uk.ac.st_andrews.cs.host.mk74.energymeasurement.wifi80211
01-10 15:17:20.454 D/FxWidgetScanner( 2622): addWidgetList
01-10 15:17:20.454 D/SM:PackageReceiver( 2615): package replaced: package:uk.ac.st_andrews.cs.host.mk74.energymeasurement.wifi80211
01-10 15:17:20.454 D/CombinedWidgetProvider( 1681): addFxWidget: WidgetSummary(Analog Clock/FX_WIDGET/[I@40c443e0 x [I@40c43e90/-2/ComponentInfo{com.htc.clock3dwidget/com.htc.clock3dwidget.ClockWidgetProvider}/[I@40c43eb0)
01-10 15:17:20.464 D/FxWidgetProvider( 1681): row 1
01-10 15:17:20.464 I/ActivityManager( 1574): Start proc com.google.android.apps.maps:FriendService for broadcast com.google.android.apps.maps/com.google.googlenav.friend.android.ServiceReceiver: pid=2694 uid=10046 gids={3003, 1015}
01-10 15:17:20.474 D/CombinedWidgetProvider( 1681): addFxWidget: WidgetSummary(Weather Clock/FX_WIDGET/[I@40c3a9a8 x [I@40c3abd0/-2/ComponentInfo{com.htc.clock3dwidget/com.htc.clock3dwidget.ClockWidgetProvider}/[I@40c3abf0)
01-10 15:17:20.474 D/FxWidgetProvider( 1681): row 1
01-10 15:17:20.474 I/RegisterService( 2624): android.intent.action.PACKAGE_REPLACED package:uk.ac.st_andrews.cs.host.mk74.energymeasurement.wifi80211
01-10 15:17:20.474 D/CombinedWidgetProvider( 1681): addFxWidget: WidgetSummary(Travel Clock/FX_WIDGET/[I@40c315c8 x [I@40c317f0/-2/ComponentInfo{com.htc.clock3dwidget/com.htc.clock3dwidget.ClockWidgetProvider}/[I@40c31810)
01-10 15:17:20.474 D/FxWidgetProvider( 1681): row 1
01-10 15:17:20.494 D/CombinedWidgetProvider( 1681): addFxWidget: WidgetSummary(Digital Clock/FX_WIDGET/[I@40c27568 x [I@40c27a68/-2/ComponentInfo{com.htc.clock3dwidget/com.htc.clock3dwidget.ClockWidgetProvider}/[I@40c27a88)
01-10 15:17:20.494 D/FxWidgetProvider( 1681): row 1
01-10 15:17:20.504 D/dalvikvm( 1439): GC_EXPLICIT freed 11K, 5% free 6453K/6787K, paused 1ms+1ms
01-10 15:17:20.524 D/FxWidgetScanner( 2622): ResolveInfo size 0
01-10 15:17:20.534 D/CombinedWidgetProvider( 1681): addFxWidget: WidgetSummary(Analog Clock/FX_WIDGET/[I@40ac5a28 x [I@40aceab0/-2/ComponentInfo{com.htc.clock3dwidget/com.htc.clock3dwidget.ClockWidgetProvider}/[I@40acead0)
01-10 15:17:20.534 D/FxWidgetProvider( 1681): row 1
01-10 15:17:20.554 D/dalvikvm( 1439): GC_EXPLICIT freed <1K, 5% free 6453K/6787K, paused 1ms+1ms
01-10 15:17:20.554 D/CombinedWidgetProvider( 1681): addFxWidget: WidgetSummary(Analog Clock/FX_WIDGET/[I@40674b38 x [I@40674b58/-2/ComponentInfo{com.htc.clock3dwidget/com.htc.clock3dwidget.ClockWidgetProvider}/[I@40674b78)
01-10 15:17:20.554 D/FxWidgetProvider( 1681): row 1
01-10 15:17:20.564 D/CombinedWidgetProvider( 1681): addFxWidget: WidgetSummary(Analog Clock/FX_WIDGET/[I@40ac21f0 x [I@40ac2210/-2/ComponentInfo{com.htc.clock3dwidget/com.htc.clock3dwidget.ClockWidgetProvider}/[I@40ac2230)
01-10 15:17:20.564 D/FxWidgetProvider( 1681): row 1
01-10 15:17:20.574 D/CombinedWidgetProvider( 1681): addFxWidget: WidgetSummary(Analog Clock/FX_WIDGET/[I@40839320 x [I@40839340/-2/ComponentInfo{com.htc.clock3dwidget/com.htc.clock3dwidget.ClockWidgetProvider}/[I@40839360)
01-10 15:17:20.574 D/FxWidgetProvider( 1681): row 1
01-10 15:17:20.574 D/SqliteDatabaseCpp( 2687): dbopen(): path = /data/data/com.htc.htchubsyncprovider/databases , key = mqdksjlkYdw, flag = 6, file size = 6144
01-10 15:17:20.584 D/SqliteDatabaseCpp( 2687): dbopen(): path = /data/data/com.htc.htchubsyncprovider/databases , key = mqdksjlkYdw, mode: delete, disk free size: 7853 M, handle: 0xdacd0
01-10 15:17:20.584 D/CombinedWidgetProvider( 1681): addFxWidget: WidgetSummary(Analog Clock/FX_WIDGET/[I@40758290 x [I@407582b0/-2/ComponentInfo{com.htc.clock3dwidget/com.htc.clock3dwidget.ClockWidgetProvider}/[I@407582d0)
01-10 15:17:20.584 D/FxWidgetProvider( 1681): row 1
01-10 15:17:20.634 D/dalvikvm( 1439): GC_EXPLICIT freed <1K, 5% free 6453K/6787K, paused 1ms+1ms
01-10 15:17:20.654 D/WidgetScanner( 2622): upadted? false
01-10 15:17:20.654 I/ActivityManager( 1574): No longer want android.process.media (pid 1738): hidden #16
01-10 15:17:20.694 D/dalvikvm( 2694): GC_CONCURRENT freed 160K, 4% free 6799K/7047K, paused 1ms+1ms
01-10 15:17:20.744 W/BinderNative( 2510): Uncaught exception from death notification
01-10 15:17:20.744 W/BinderNative( 2510): java.lang.NullPointerException
01-10 15:17:20.744 W/BinderNative( 2510): 	at android.app.ActivityThread.removeDeadProvider(ActivityThread.java:4405)
01-10 15:17:20.744 W/BinderNative( 2510): 	at android.app.ActivityThread$ProviderClientRecord.binderDied(ActivityThread.java:314)
01-10 15:17:20.744 W/BinderNative( 2510): 	at android.os.BinderProxy.sendDeathNotice(Binder.java:418)
01-10 15:17:20.744 W/BinderNative( 2510): 	at dalvik.system.NativeStart.run(Native Method)
01-10 15:17:20.754 D/PhoneApp( 1668): -- N3 =0
01-10 15:17:20.795 D/dalvikvm( 2694): GC_CONCURRENT freed 136K, 5% free 7133K/7431K, paused 1ms+1ms
01-10 15:17:20.925 D/dalvikvm( 1574): GC_EXPLICIT freed 1183K, 13% free 15899K/18119K, paused 2ms+6ms
01-10 15:17:20.975 D/AndroidRuntime( 2598): Shutting down VM
01-10 15:17:20.975 D/dalvikvm( 2598): GC_CONCURRENT freed 105K, 83% free 364K/2048K, paused 0ms+0ms
01-10 15:17:20.975 D/dalvikvm( 2598): Debugger has detached; object registry had 1 entries
01-10 15:17:20.985 I/AndroidRuntime( 2598): NOTE: attach of thread 'Binder Thread #3' failed
01-10 15:17:21.045 D/dalvikvm( 1574): GC_EXPLICIT freed 38K, 13% free 15869K/18119K, paused 2ms+3ms
01-10 15:17:21.045 D/CombinedWidgetProvider( 1681): addFxWidget: WidgetSummary(Analog Clock/FX_WIDGET/[I@40c2ccb8 x [I@40c1cfe8/-2/ComponentInfo{com.htc.clock3dwidget/com.htc.clock3dwidget.ClockWidgetProvider}/[I@40c1d008)
01-10 15:17:21.055 D/FxWidgetProvider( 1681): row 1
01-10 15:17:21.065 D/CombinedWidgetProvider( 1681): addFxWidget: WidgetSummary(Analog Clock/FX_WIDGET/[I@4072a170 x [I@4072a190/-2/ComponentInfo{com.htc.clock3dwidget/com.htc.clock3dwidget.ClockWidgetProvider}/[I@4072a1b0)
01-10 15:17:21.065 D/FxWidgetProvider( 1681): row 1
01-10 15:17:21.085 D/CombinedWidgetProvider( 1681): addFxWidget: WidgetSummary(Social Clock/FX_WIDGET/[I@407a0468 x [I@407b32c0/-2/ComponentInfo{com.htc.clock3dwidget/com.htc.clock3dwidget.ClockWidgetProvider}/[I@407b32e0)
01-10 15:17:21.095 D/FxWidgetProvider( 1681): row 1
01-10 15:17:21.105 D/CombinedWidgetProvider( 1681): addFxWidget: WidgetSummary(Beam Clock/FX_WIDGET/[I@40c293f8 x [I@40c29418/-2/ComponentInfo{com.htc.clock3dwidget/com.htc.clock3dwidget.ClockWidgetProvider}/[I@40c29438)
01-10 15:17:21.105 D/FxWidgetProvider( 1681): row 1
01-10 15:17:21.125 D/CombinedWidgetProvider( 1681): addFxWidget: WidgetSummary(Ring Clock/FX_WIDGET/[I@40c49ca0 x [I@40c49cc0/-2/ComponentInfo{com.htc.clock3dwidget/com.htc.clock3dwidget.ClockWidgetProvider}/[I@40c4a668)
01-10 15:17:21.125 D/FxWidgetProvider( 1681): row 1
01-10 15:17:21.135 D/CombinedWidgetProvider( 1681): addFxWidget: WidgetSummary(Spin Cycle Clock/FX_WIDGET/[I@40c31430 x [I@40c31450/-2/ComponentInfo{com.htc.clock3dwidget/com.htc.clock3dwidget.ClockWidgetProvider}/[I@40c31470)
01-10 15:17:21.135 D/FxWidgetProvider( 1681): row 1
